Java HotSpot(TM) 64-Bit Server VM (24.80-b11) for linux-amd64 JRE (1.7.0_80-b15), built on Apr 10 2015 19:53:14 by "java_re" with gcc 4.3.0 20080428 (Red Hat 4.3.0-8)
Memory: 4k page, physical 8000092k(5807160k free), swap 8218620k(8218620k free)
CommandLine flags: -XX:InitialHeapSize=128001472 -XX:MaxHeapSize=2048023552 -XX:+PrintGC -XX:+PrintGCApplicationConcurrentTime -XX:+PrintGCApplicationStoppedTime -XX:+PrintGCDetails -XX:+PrintGCTimeStamps -XX:+UseCMSInitiatingOccupancyOnly -XX:+UseCompressedOops -XX:+UseParallelGC 
1.008: Application time: 0.9853960 seconds
1.008: Total time for which application threads were stopped: 0.0000420 seconds, Stopping threads took: 0.0000100 seconds
4.027: Application time: 3.0189130 seconds
4.027: Total time for which application threads were stopped: 0.0000730 seconds, Stopping threads took: 0.0000180 seconds
14.747: Application time: 10.7200590 seconds
14.747: Total time for which application threads were stopped: 0.0000250 seconds, Stopping threads took: 0.0000090 seconds
14.747: Application time: 0.0000130 seconds
14.747: Total time for which application threads were stopped: 0.0000060 seconds, Stopping threads took: 0.0000020 seconds
14.748: Application time: 0.0013480 seconds
14.748: Total time for which application threads were stopped: 0.0000110 seconds, Stopping threads took: 0.0000050 seconds
14.766: Application time: 0.0176240 seconds
14.766: Total time for which application threads were stopped: 0.0000400 seconds, Stopping threads took: 0.0000100 seconds
14.778: Application time: 0.0121790 seconds
14.778: [GC [PSYoungGen: 11288K->3353K(36864K)] 11288K->3361K(119808K), 0.0022340 secs] [Times: user=0.00 sys=0.00, real=0.00 secs] 
14.780: [Full GC [PSYoungGen: 3353K->0K(36864K)] [ParOldGen: 8K->3145K(82944K)] 3361K->3145K(119808K) [PSPermGen: 5075K->5074K(21504K)], 0.0124650 secs] [Times: user=0.04 sys=0.01, real=0.01 secs] 
14.793: Total time for which application threads were stopped: 0.0148240 seconds, Stopping threads took: 0.0000170 seconds
14.793: Application time: 0.0000330 seconds
14.793: [GC [PSYoungGen: 0K->0K(36864K)] 3145K->3145K(119808K), 0.0002680 secs] [Times: user=0.00 sys=0.00, real=0.00 secs] 
14.793: [Full GC [PSYoungGen: 0K->0K(36864K)] [ParOldGen: 3145K->3145K(82944K)] 3145K->3145K(119808K) [PSPermGen: 5074K->5074K(21504K)], 0.0038510 secs] [Times: user=0.01 sys=0.00, real=0.01 secs] 
14.797: Total time for which application threads were stopped: 0.0042040 seconds, Stopping threads took: 0.0000060 seconds
14.797: Application time: 0.0000650 seconds
14.797: Total time for which application threads were stopped: 0.0000220 seconds, Stopping threads took: 0.0000140 seconds
14.797: Application time: 0.0000210 seconds
14.797: Total time for which application threads were stopped: 0.0000160 seconds, Stopping threads took: 0.0000130 seconds
14.797: Application time: 0.0000280 seconds
14.797: Total time for which application threads were stopped: 0.0000150 seconds, Stopping threads took: 0.0000120 seconds
14.797: Application time: 0.0000100 seconds
14.797: Total time for which application threads were stopped: 0.0000130 seconds, Stopping threads took: 0.0000100 seconds
14.797: Application time: 0.0000090 seconds
14.797: Total time for which application threads were stopped: 0.0000120 seconds, Stopping threads took: 0.0000090 seconds
14.797: Application time: 0.0000080 seconds
14.797: Total time for which application threads were stopped: 0.0000150 seconds, Stopping threads took: 0.0000120 seconds
14.797: Application time: 0.0000080 seconds
14.797: Total time for which application threads were stopped: 0.0000130 seconds, Stopping threads took: 0.0000100 seconds
14.797: Application time: 0.0000090 seconds
14.797: Total time for which application threads were stopped: 0.0000160 seconds, Stopping threads took: 0.0000120 seconds
14.797: Application time: 0.0000120 seconds
14.797: Total time for which application threads were stopped: 0.0000120 seconds, Stopping threads took: 0.0000090 seconds
14.797: Application time: 0.0000110 seconds
14.797: Total time for which application threads were stopped: 0.0000180 seconds, Stopping threads took: 0.0000150 seconds
14.797: Application time: 0.0000100 seconds
14.798: Total time for which application threads were stopped: 0.0000170 seconds, Stopping threads took: 0.0000130 seconds
14.798: Application time: 0.0000110 seconds
14.798: Total time for which application threads were stopped: 0.0000150 seconds, Stopping threads took: 0.0000120 seconds
14.798: Application time: 0.0000100 seconds
14.798: Total time for which application threads were stopped: 0.0000140 seconds, Stopping threads took: 0.0000110 seconds
14.798: Application time: 0.0000110 seconds
14.798: Total time for which application threads were stopped: 0.0000190 seconds, Stopping threads took: 0.0000160 seconds
14.798: Application time: 0.0000240 seconds
14.798: Total time for which application threads were stopped: 0.0000170 seconds, Stopping threads took: 0.0000140 seconds
14.798: Application time: 0.0000110 seconds
14.798: Total time for which application threads were stopped: 0.0000150 seconds, Stopping threads took: 0.0000120 seconds
14.798: Application time: 0.0000970 seconds
14.798: Total time for which application threads were stopped: 0.0000090 seconds, Stopping threads took: 0.0000060 seconds
14.798: Application time: 0.0000100 seconds
14.798: Total time for which application threads were stopped: 0.0000140 seconds, Stopping threads took: 0.0000110 seconds
14.798: Application time: 0.0000110 seconds
14.798: Total time for which application threads were stopped: 0.0000110 seconds, Stopping threads took: 0.0000080 seconds
14.798: Application time: 0.0000110 seconds
14.798: Total time for which application threads were stopped: 0.0000170 seconds, Stopping threads took: 0.0000080 seconds
14.798: Application time: 0.0004010 seconds
14.798: Total time for which application threads were stopped: 0.0000210 seconds, Stopping threads took: 0.0000140 seconds
14.873: Application time: 0.0745690 seconds
14.873: Total time for which application threads were stopped: 0.0000690 seconds, Stopping threads took: 0.0000430 seconds
14.873: Application time: 0.0001680 seconds
14.873: Total time for which application threads were stopped: 0.0000410 seconds, Stopping threads took: 0.0000310 seconds
14.873: Application time: 0.0000860 seconds
14.873: Total time for which application threads were stopped: 0.0000560 seconds, Stopping threads took: 0.0000450 seconds
14.873: Application time: 0.0000270 seconds
14.873: Total time for which application threads were stopped: 0.0000290 seconds, Stopping threads took: 0.0000180 seconds
14.874: Application time: 0.0003140 seconds
14.874: Total time for which application threads were stopped: 0.0000490 seconds, Stopping threads took: 0.0000150 seconds
14.874: Application time: 0.0006570 seconds
14.874: Total time for which application threads were stopped: 0.0000260 seconds, Stopping threads took: 0.0000150 seconds
14.874: Application time: 0.0000650 seconds
14.874: Total time for which application threads were stopped: 0.0000250 seconds, Stopping threads took: 0.0000170 seconds
14.874: Application time: 0.0000120 seconds
14.875: Total time for which application threads were stopped: 0.0000330 seconds, Stopping threads took: 0.0000260 seconds
14.884: Application time: 0.0093180 seconds
14.884: Total time for which application threads were stopped: 0.0000710 seconds, Stopping threads took: 0.0000480 seconds
14.959: Application time: 0.0746310 seconds
14.959: [GC [PSYoungGen: 30954K->4576K(36864K)] 34099K->10793K(119808K), 0.0020500 secs] [Times: user=0.02 sys=0.00, real=0.00 secs] 
14.961: Total time for which application threads were stopped: 0.0023850 seconds, Stopping threads took: 0.0002330 seconds
14.961: Application time: 0.0000720 seconds
14.961: Total time for which application threads were stopped: 0.0002710 seconds, Stopping threads took: 0.0002540 seconds
14.961: Application time: 0.0000230 seconds
14.961: Total time for which application threads were stopped: 0.0000440 seconds, Stopping threads took: 0.0000350 seconds
14.961: Application time: 0.0000150 seconds
14.961: Total time for which application threads were stopped: 0.0000270 seconds, Stopping threads took: 0.0000210 seconds
14.961: Application time: 0.0000130 seconds
14.961: Total time for which application threads were stopped: 0.0000330 seconds, Stopping threads took: 0.0000270 seconds
14.961: Application time: 0.0000130 seconds
14.961: Total time for which application threads were stopped: 0.0000240 seconds, Stopping threads took: 0.0000180 seconds
14.961: Application time: 0.0000140 seconds
14.962: Total time for which application threads were stopped: 0.0000290 seconds, Stopping threads took: 0.0000230 seconds
14.962: Application time: 0.0000110 seconds
14.962: Total time for which application threads were stopped: 0.0000240 seconds, Stopping threads took: 0.0000190 seconds
14.962: Application time: 0.0000110 seconds
14.962: Total time for which application threads were stopped: 0.0000270 seconds, Stopping threads took: 0.0000210 seconds
14.962: Application time: 0.0000120 seconds
14.962: Total time for which application threads were stopped: 0.0000240 seconds, Stopping threads took: 0.0000180 seconds
14.962: Application time: 0.0000120 seconds
14.962: Total time for which application threads were stopped: 0.0000280 seconds, Stopping threads took: 0.0000220 seconds
14.962: Application time: 0.0000100 seconds
14.962: Total time for which application threads were stopped: 0.0000240 seconds, Stopping threads took: 0.0000190 seconds
14.962: Application time: 0.0000110 seconds
14.962: Total time for which application threads were stopped: 0.0000260 seconds, Stopping threads took: 0.0000210 seconds
15.035: Application time: 0.0736990 seconds
15.036: [GC [PSYoungGen: 35690K->1504K(68608K)] 41908K->7729K(151552K), 0.0007000 secs] [Times: user=0.00 sys=0.00, real=0.01 secs] 
15.036: Total time for which application threads were stopped: 0.0007860 seconds, Stopping threads took: 0.0000290 seconds
15.163: Application time: 0.1266250 seconds
15.163: [GC [PSYoungGen: 64048K->3600K(68608K)] 70274K->9825K(151552K), 0.0009810 secs] [Times: user=0.00 sys=0.01, real=0.00 secs] 
15.164: Total time for which application threads were stopped: 0.0011520 seconds, Stopping threads took: 0.0000710 seconds
15.279: Application time: 0.1153410 seconds
15.279: [GC [PSYoungGen: 66225K->4624K(68608K)] 72451K->11873K(151552K), 0.0013280 secs] [Times: user=0.01 sys=0.00, real=0.00 secs] 
15.281: Total time for which application threads were stopped: 0.0014920 seconds, Stopping threads took: 0.0000790 seconds
15.399: Application time: 0.1177180 seconds
15.399: [GC [PSYoungGen: 67473K->4656K(68608K)] 74723K->14977K(151552K), 0.0021180 secs] [Times: user=0.02 sys=0.00, real=0.00 secs] 
15.401: Total time for which application threads were stopped: 0.0022610 seconds, Stopping threads took: 0.0000550 seconds
15.524: Application time: 0.1236410 seconds
15.525: [GC [PSYoungGen: 67264K->5648K(133632K)] 77586K->15969K(216576K), 0.0014220 secs] [Times: user=0.01 sys=0.00, real=0.00 secs] 
15.526: Total time for which application threads were stopped: 0.0015750 seconds, Stopping threads took: 0.0000760 seconds
15.627: Application time: 0.1005960 seconds
15.627: Total time for which application threads were stopped: 0.0001090 seconds, Stopping threads took: 0.0000640 seconds
15.639: Application time: 0.0123860 seconds
15.639: Total time for which application threads were stopped: 0.0000700 seconds, Stopping threads took: 0.0000460 seconds
15.771: Application time: 0.1318510 seconds
15.771: [GC [PSYoungGen: 131324K->6560K(134144K)] 141645K->17001K(217088K), 0.0016550 secs] [Times: user=0.01 sys=0.01, real=0.00 secs] 
15.773: Total time for which application threads were stopped: 0.0018020 seconds, Stopping threads took: 0.0000610 seconds
16.020: Application time: 0.2471710 seconds
16.020: [GC [PSYoungGen: 132555K->5600K(127488K)] 142997K->16065K(210432K), 0.0011930 secs] [Times: user=0.01 sys=0.00, real=0.00 secs] 
16.021: Total time for which application threads were stopped: 0.0013770 seconds, Stopping threads took: 0.0000830 seconds
16.251: Application time: 0.2300330 seconds
16.252: [GC [PSYoungGen: 127223K->6656K(124416K)] 137688K->17121K(207360K), 0.0016960 secs] [Times: user=0.00 sys=0.01, real=0.00 secs] 
16.253: Total time for which application threads were stopped: 0.0018430 seconds, Stopping threads took: 0.0000640 seconds
16.332: Application time: 0.0789000 seconds
16.332: Total time for which application threads were stopped: 0.0001070 seconds, Stopping threads took: 0.0000830 seconds
16.332: Application time: 0.0001210 seconds
16.332: Total time for which application threads were stopped: 0.0000430 seconds, Stopping threads took: 0.0000350 seconds
16.476: Application time: 0.1430400 seconds
16.476: [GC [PSYoungGen: 123533K->4560K(117248K)] 133999K->17089K(200192K), 0.0015870 secs] [Times: user=0.00 sys=0.01, real=0.01 secs] 
16.477: Total time for which application threads were stopped: 0.0017280 seconds, Stopping threads took: 0.0000600 seconds
16.696: Application time: 0.2182840 seconds
16.696: [GC [PSYoungGen: 116672K->3328K(112128K)] 129201K->16141K(195072K), 0.0010110 secs] [Times: user=0.01 sys=0.00, real=0.01 secs] 
16.697: Total time for which application threads were stopped: 0.0011350 seconds, Stopping threads took: 0.0000550 seconds
16.909: Application time: 0.2126660 seconds
16.909: [GC [PSYoungGen: 111872K->5376K(110080K)] 124685K->18214K(193024K), 0.0015830 secs] [Times: user=0.01 sys=0.01, real=0.00 secs] 
16.911: Total time for which application threads were stopped: 0.0017560 seconds, Stopping threads took: 0.0000910 seconds
17.105: Application time: 0.1934070 seconds
17.105: [GC [PSYoungGen: 109604K->4544K(105472K)] 122442K->17390K(188416K), 0.0012720 secs] [Times: user=0.01 sys=0.00, real=0.00 secs] 
17.106: Total time for which application threads were stopped: 0.0013980 seconds, Stopping threads took: 0.0000530 seconds
17.293: Application time: 0.1865880 seconds
17.293: [GC [PSYoungGen: 105093K->5408K(102912K)] 117939K->18490K(185856K), 0.0015170 secs] [Times: user=0.01 sys=0.00, real=0.00 secs] 
17.294: Total time for which application threads were stopped: 0.0016690 seconds, Stopping threads took: 0.0000680 seconds
17.476: Application time: 0.1821800 seconds
17.476: [GC [PSYoungGen: 102676K->6400K(100352K)] 115758K->19522K(183296K), 0.0016380 secs] [Times: user=0.01 sys=0.00, real=0.00 secs] 
17.478: Total time for which application threads were stopped: 0.0017780 seconds, Stopping threads took: 0.0000610 seconds
17.659: Application time: 0.1810770 seconds
17.659: [GC [PSYoungGen: 99272K->3296K(94208K)] 112394K->16434K(177152K), 0.0009230 secs] [Times: user=0.01 sys=0.00, real=0.00 secs] 
17.660: Total time for which application threads were stopped: 0.0010370 seconds, Stopping threads took: 0.0000520 seconds
17.820: Application time: 0.1601550 seconds
17.821: [GC [PSYoungGen: 92958K->6608K(94208K)] 106097K->19754K(177152K), 0.0015980 secs] [Times: user=0.01 sys=0.00, real=0.00 secs] 
17.822: Total time for which application threads were stopped: 0.0017500 seconds, Stopping threads took: 0.0000720 seconds
17.986: Application time: 0.1635540 seconds
17.986: [GC [PSYoungGen: 93354K->7392K(92160K)] 106500K->20806K(175104K), 0.0021590 secs] [Times: user=0.01 sys=0.00, real=0.00 secs] 
17.988: Total time for which application threads were stopped: 0.0023090 seconds, Stopping threads took: 0.0000600 seconds
18.151: Application time: 0.1630320 seconds
18.151: [GC [PSYoungGen: 91271K->5376K(87552K)] 104686K->18790K(170496K), 0.0015250 secs] [Times: user=0.00 sys=0.00, real=0.00 secs] 
18.153: Total time for which application threads were stopped: 0.0016730 seconds, Stopping threads took: 0.0000810 seconds
18.307: Application time: 0.1543830 seconds
18.307: [GC [PSYoungGen: 86642K->5344K(84992K)] 100057K->18766K(167936K), 0.0015940 secs] [Times: user=0.01 sys=0.00, real=0.00 secs] 
18.309: Total time for which application threads were stopped: 0.0017400 seconds, Stopping threads took: 0.0000670 seconds
18.453: Application time: 0.1439710 seconds
18.453: [GC [PSYoungGen: 83771K->5520K(82432K)] 97194K->18950K(165376K), 0.0015570 secs] [Times: user=0.01 sys=0.00, real=0.00 secs] 
18.455: Total time for which application threads were stopped: 0.0018520 seconds, Stopping threads took: 0.0000660 seconds
18.605: Application time: 0.1506520 seconds
18.605: [GC [PSYoungGen: 81578K->5392K(79872K)] 95009K->19058K(162816K), 0.0016430 secs] [Times: user=0.01 sys=0.00, real=0.00 secs] 
18.607: Total time for which application threads were stopped: 0.0017970 seconds, Stopping threads took: 0.0000670 seconds
18.742: Application time: 0.1348000 seconds
18.742: [GC [PSYoungGen: 78666K->6400K(78336K)] 92333K->20107K(161280K), 0.0017030 secs] [Times: user=0.01 sys=0.00, real=0.00 secs] 
18.744: Total time for which application threads were stopped: 0.0018660 seconds, Stopping threads took: 0.0000810 seconds
18.877: Application time: 0.1331530 seconds
18.877: [GC [PSYoungGen: 77574K->5376K(75264K)] 91281K->19082K(158208K), 0.0015320 secs] [Times: user=0.01 sys=0.00, real=0.00 secs] 
18.879: Total time for which application threads were stopped: 0.0016780 seconds, Stopping threads took: 0.0000650 seconds
19.010: Application time: 0.1316980 seconds
19.010: [GC [PSYoungGen: 74349K->4320K(72192K)] 88056K->18026K(155136K), 0.0012800 secs] [Times: user=0.01 sys=0.00, real=0.00 secs] 
19.012: Total time for which application threads were stopped: 0.0014410 seconds, Stopping threads took: 0.0000850 seconds
19.135: Application time: 0.1234760 seconds
19.135: [GC [PSYoungGen: 71138K->3472K(69120K)] 84845K->17179K(152064K), 0.0010760 secs] [Times: user=0.00 sys=0.00, real=0.01 secs] 
19.136: Total time for which application threads were stopped: 0.0011990 seconds, Stopping threads took: 0.0000630 seconds
19.252: Application time: 0.1159490 seconds
19.253: [GC [PSYoungGen: 68780K->4352K(68096K)] 82486K->18299K(151040K), 0.0011740 secs] [Times: user=0.00 sys=0.00, real=0.00 secs] 
19.254: Total time for which application threads were stopped: 0.0013000 seconds, Stopping threads took: 0.0000500 seconds
19.373: Application time: 0.1188810 seconds
19.376: [GC [PSYoungGen: 67840K->7424K(90624K)] 81787K->21411K(173568K), 0.0019590 secs] [Times: user=0.02 sys=0.00, real=0.00 secs] 
19.378: Total time for which application threads were stopped: 0.0055910 seconds, Stopping threads took: 0.0035510 seconds
19.530: Application time: 0.1513860 seconds
19.530: [GC [PSYoungGen: 89376K->5376K(86016K)] 103364K->19363K(168960K), 0.0014770 secs] [Times: user=0.00 sys=0.00, real=0.00 secs] 
19.531: Total time for which application threads were stopped: 0.0016330 seconds, Stopping threads took: 0.0000700 seconds
19.685: Application time: 0.1541010 seconds
19.685: [GC [PSYoungGen: 85760K->4352K(82432K)] 99747K->18339K(165376K), 0.0011990 secs] [Times: user=0.01 sys=0.00, real=0.00 secs] 
19.687: Total time for which application threads were stopped: 0.0013410 seconds, Stopping threads took: 0.0000700 seconds
19.834: Application time: 0.1476570 seconds
19.834: [GC [PSYoungGen: 82065K->5600K(80896K)] 96053K->19595K(163840K), 0.0014860 secs] [Times: user=0.01 sys=0.01, real=0.00 secs] 
19.836: Total time for which application threads were stopped: 0.0016500 seconds, Stopping threads took: 0.0000830 seconds
19.978: Application time: 0.1415840 seconds
19.978: [GC [PSYoungGen: 80446K->4384K(77312K)] 94441K->18583K(160256K), 0.0012900 secs] [Times: user=0.01 sys=0.00, real=0.00 secs] 
19.979: Total time for which application threads were stopped: 0.0014220 seconds, Stopping threads took: 0.0000600 seconds
20.114: Application time: 0.1349470 seconds
20.114: [GC [PSYoungGen: 76627K->3328K(74240K)] 90827K->17619K(157184K), 0.0009410 secs] [Times: user=0.00 sys=0.00, real=0.00 secs] 
20.115: Total time for which application threads were stopped: 0.0010770 seconds, Stopping threads took: 0.0000560 seconds
20.244: Application time: 0.1285020 seconds
20.244: [GC [PSYoungGen: 73105K->4352K(73216K)] 87396K->18643K(156160K), 0.0013050 secs] [Times: user=0.01 sys=0.00, real=0.01 secs] 
20.245: Total time for which application threads were stopped: 0.0014380 seconds, Stopping threads took: 0.0000640 seconds
20.373: Application time: 0.1279860 seconds
20.373: [GC [PSYoungGen: 72960K->5376K(72192K)] 87251K->19667K(155136K), 0.0013310 secs] [Times: user=0.00 sys=0.00, real=0.00 secs] 
20.374: Total time for which application threads were stopped: 0.0014510 seconds, Stopping threads took: 0.0000540 seconds
20.493: Application time: 0.1190070 seconds
20.494: [GC [PSYoungGen: 71177K->5504K(70144K)] 85469K->20819K(153088K), 0.0016870 secs] [Times: user=0.01 sys=0.00, real=0.00 secs] 
20.495: Total time for which application threads were stopped: 0.0018300 seconds, Stopping threads took: 0.0000710 seconds
20.610: Application time: 0.1151670 seconds
20.611: [GC [PSYoungGen: 69169K->7520K(88576K)] 84484K->22975K(171520K), 0.0021720 secs] [Times: user=0.02 sys=0.00, real=0.00 secs] 
20.613: Total time for which application threads were stopped: 0.0023200 seconds, Stopping threads took: 0.0000700 seconds
20.765: Application time: 0.1527340 seconds
20.766: [GC [PSYoungGen: 87671K->2304K(103936K)] 103126K->22003K(186880K), 0.0015580 secs] [Times: user=0.01 sys=0.00, real=0.00 secs] 
20.767: Total time for which application threads were stopped: 0.0017150 seconds, Stopping threads took: 0.0000660 seconds
20.950: Application time: 0.1828630 seconds
20.950: [GC [PSYoungGen: 102713K->7424K(134656K)] 122413K->27132K(217600K), 0.0017200 secs] [Times: user=0.01 sys=0.00, real=0.00 secs] 
20.952: Total time for which application threads were stopped: 0.0018570 seconds, Stopping threads took: 0.0000600 seconds
21.195: Application time: 0.2435340 seconds
21.196: [GC [PSYoungGen: 134032K->3504K(125952K)] 153740K->23212K(208896K), 0.0012070 secs] [Times: user=0.00 sys=0.00, real=0.01 secs] 
21.197: Total time for which application threads were stopped: 0.0013270 seconds, Stopping threads took: 0.0000550 seconds
21.415: Application time: 0.2180940 seconds
21.415: [GC [PSYoungGen: 125211K->7392K(125440K)] 144919K->27340K(208384K), 0.0019120 secs] [Times: user=0.00 sys=0.01, real=0.01 secs] 
21.417: Total time for which application threads were stopped: 0.0020690 seconds, Stopping threads took: 0.0000750 seconds
21.637: Application time: 0.2196760 seconds
21.637: [GC [PSYoungGen: 124257K->5376K(118784K)] 144205K->25364K(201728K), 0.0015240 secs] [Times: user=0.00 sys=0.01, real=0.00 secs] 
21.638: Total time for which application threads were stopped: 0.0016660 seconds, Stopping threads took: 0.0000760 seconds
21.847: Application time: 0.2089100 seconds
21.847: [GC [PSYoungGen: 118528K->6496K(115712K)] 138516K->26492K(198656K), 0.0017530 secs] [Times: user=0.00 sys=0.01, real=0.00 secs] 
21.849: Total time for which application threads were stopped: 0.0018950 seconds, Stopping threads took: 0.0000690 seconds
22.056: Application time: 0.2066770 seconds
22.056: [GC [PSYoungGen: 114575K->5440K(110592K)] 134572K->25572K(193536K), 0.0016220 secs] [Times: user=0.01 sys=0.00, real=0.01 secs] 
22.058: Total time for which application threads were stopped: 0.0017720 seconds, Stopping threads took: 0.0000630 seconds
22.252: Application time: 0.1947120 seconds
22.252: [GC [PSYoungGen: 109960K->7424K(109056K)] 130093K->27704K(192000K), 0.0019450 secs] [Times: user=0.01 sys=0.00, real=0.00 secs] 
22.254: Total time for which application threads were stopped: 0.0020950 seconds, Stopping threads took: 0.0000670 seconds
22.443: Application time: 0.1882660 seconds
22.444: [GC [PSYoungGen: 108281K->5376K(103424K)] 128561K->26688K(186368K), 0.0018860 secs] [Times: user=0.02 sys=0.01, real=0.00 secs] 
22.446: Total time for which application threads were stopped: 0.0035390 seconds, Stopping threads took: 0.0015720 seconds
22.631: Application time: 0.1843740 seconds
22.631: [GC [PSYoungGen: 103152K->4480K(98816K)] 124465K->25792K(181760K), 0.0014680 secs] [Times: user=0.01 sys=0.00, real=0.00 secs] 
22.632: Total time for which application threads were stopped: 0.0016080 seconds, Stopping threads took: 0.0000650 seconds
22.805: Application time: 0.1725240 seconds
22.805: [GC [PSYoungGen: 97826K->4352K(95744K)] 119138K->25941K(178688K), 0.0013520 secs] [Times: user=0.01 sys=0.00, real=0.00 secs] 
22.806: Total time for which application threads were stopped: 0.0014860 seconds, Stopping threads took: 0.0000600 seconds
22.977: Application time: 0.1711910 seconds
22.977: [GC [PSYoungGen: 95040K->4352K(92672K)] 116629K->25941K(175616K), 0.0013280 secs] [Times: user=0.00 sys=0.00, real=0.00 secs] 
22.979: Total time for which application threads were stopped: 0.0014640 seconds, Stopping threads took: 0.0000670 seconds
23.143: Application time: 0.1637760 seconds
23.143: [GC [PSYoungGen: 92136K->4336K(89600K)] 113725K->25925K(172544K), 0.0013390 secs] [Times: user=0.00 sys=0.00, real=0.00 secs] 
23.144: Total time for which application threads were stopped: 0.0014910 seconds, Stopping threads took: 0.0000730 seconds
23.297: Application time: 0.1525710 seconds
23.297: [GC [PSYoungGen: 88689K->7616K(89600K)] 110278K->29245K(172544K), 0.0023700 secs] [Times: user=0.01 sys=0.00, real=0.00 secs] 
23.299: Total time for which application threads were stopped: 0.0025200 seconds, Stopping threads took: 0.0000670 seconds
23.451: Application time: 0.1514840 seconds
23.451: [GC [PSYoungGen: 89536K->5376K(84992K)] 111165K->27249K(167936K), 0.0016410 secs] [Times: user=0.01 sys=0.00, real=0.00 secs] 
23.452: Total time for which application threads were stopped: 0.0018010 seconds, Stopping threads took: 0.0000680 seconds
23.600: Application time: 0.1473440 seconds
23.600: [GC [PSYoungGen: 84497K->6336K(102912K)] 106370K->28209K(185856K), 0.0022530 secs] [Times: user=0.01 sys=0.00, real=0.00 secs] 
23.602: Total time for which application threads were stopped: 0.0024320 seconds, Stopping threads took: 0.0000960 seconds
23.781: Application time: 0.1790320 seconds
23.781: [GC [PSYoungGen: 102158K->5376K(117760K)] 124032K->29297K(200704K), 0.0020080 secs] [Times: user=0.01 sys=0.00, real=0.00 secs] 
23.783: Total time for which application threads were stopped: 0.0021620 seconds, Stopping threads took: 0.0000650 seconds
23.996: Application time: 0.2124260 seconds
23.996: [GC [PSYoungGen: 116878K->5616K(113664K)] 140799K->29545K(196608K), 0.0016050 secs] [Times: user=0.01 sys=0.00, real=0.01 secs] 
23.998: Total time for which application threads were stopped: 0.0017770 seconds, Stopping threads took: 0.0001050 seconds
24.201: Application time: 0.2028970 seconds
24.201: [GC [PSYoungGen: 112915K->3296K(107520K)] 136844K->27489K(190464K), 0.0011520 secs] [Times: user=0.00 sys=0.00, real=0.00 secs] 
24.202: Total time for which application threads were stopped: 0.0012920 seconds, Stopping threads took: 0.0000770 seconds
24.391: Application time: 0.1895290 seconds
24.391: [GC [PSYoungGen: 107016K->7424K(108032K)] 131209K->31633K(190976K), 0.0022620 secs] [Times: user=0.02 sys=0.00, real=0.00 secs] 
24.394: Total time for which application threads were stopped: 0.0024160 seconds, Stopping threads took: 0.0000640 seconds
24.594: Application time: 0.2000540 seconds
24.594: [GC [PSYoungGen: 107327K->5472K(102400K)] 131536K->29681K(185344K), 0.0018140 secs] [Times: user=0.01 sys=0.00, real=0.00 secs] 
24.596: Total time for which application threads were stopped: 0.0020000 seconds, Stopping threads took: 0.0000980 seconds
24.784: Application time: 0.1885440 seconds
24.784: [GC [PSYoungGen: 101588K->6432K(99840K)] 125798K->30825K(182784K), 0.0021360 secs] [Times: user=0.01 sys=0.00, real=0.00 secs] 
24.787: Total time for which application threads were stopped: 0.0022820 seconds, Stopping threads took: 0.0000610 seconds
24.952: Application time: 0.1651070 seconds
24.952: [GC [PSYoungGen: 99616K->5376K(104960K)] 124009K->32970K(187904K), 0.0022990 secs] [Times: user=0.01 sys=0.01, real=0.00 secs] 
24.954: Total time for which application threads were stopped: 0.0024660 seconds, Stopping threads took: 0.0000770 seconds
25.144: Application time: 0.1899190 seconds
25.144: [GC [PSYoungGen: 104161K->5392K(101376K)] 131755K->32986K(184320K), 0.0016680 secs] [Times: user=0.01 sys=0.00, real=0.00 secs] 
25.146: Total time for which application threads were stopped: 0.0018410 seconds, Stopping threads took: 0.0000930 seconds
25.322: Application time: 0.1755520 seconds
25.322: [GC [PSYoungGen: 100517K->5504K(97792K)] 128111K->33098K(180736K), 0.0017340 secs] [Times: user=0.01 sys=0.00, real=0.00 secs] 
25.323: Total time for which application threads were stopped: 0.0018740 seconds, Stopping threads took: 0.0000660 seconds
25.490: Application time: 0.1660700 seconds
25.490: [GC [PSYoungGen: 97020K->6336K(95744K)] 124614K->34122K(178688K), 0.0021420 secs] [Times: user=0.01 sys=0.00, real=0.00 secs] 
25.492: Total time for which application threads were stopped: 0.0022920 seconds, Stopping threads took: 0.0000670 seconds
25.660: Application time: 0.1677420 seconds
25.660: [GC [PSYoungGen: 94439K->4352K(90624K)] 122225K->33242K(173568K), 0.0015320 secs] [Times: user=0.01 sys=0.00, real=0.00 secs] 
25.661: Total time for which application threads were stopped: 0.0016830 seconds, Stopping threads took: 0.0000750 seconds
25.819: Application time: 0.1577100 seconds
25.819: [GC [PSYoungGen: 90267K->5376K(88576K)] 119157K->34266K(171520K), 0.0016990 secs] [Times: user=0.01 sys=0.00, real=0.00 secs] 
25.821: Total time for which application threads were stopped: 0.0018400 seconds, Stopping threads took: 0.0000680 seconds
25.967: Application time: 0.1467150 seconds
25.968: [GC [PSYoungGen: 87669K->6528K(93184K)] 116559K->36442K(176128K), 0.0020950 secs] [Times: user=0.02 sys=0.00, real=0.00 secs] 
25.970: Total time for which application threads were stopped: 0.0022850 seconds, Stopping threads took: 0.0001150 seconds
26.138: Application time: 0.1680220 seconds
26.138: [GC [PSYoungGen: 92916K->4400K(88064K)] 122831K->34494K(171008K), 0.0014220 secs] [Times: user=0.01 sys=0.00, real=0.00 secs] 
26.139: Total time for which application threads were stopped: 0.0015700 seconds, Stopping threads took: 0.0000720 seconds
26.291: Application time: 0.1517500 seconds
26.291: [GC [PSYoungGen: 87006K->6400K(91648K)] 117100K->36606K(174592K), 0.0018410 secs] [Times: user=0.01 sys=0.01, real=0.00 secs] 
26.293: Total time for which application threads were stopped: 0.0019930 seconds, Stopping threads took: 0.0000770 seconds
26.443: Application time: 0.1497670 seconds
26.443: [GC [PSYoungGen: 89296K->6400K(91648K)] 119503K->36606K(174592K), 0.0016950 secs] [Times: user=0.01 sys=0.00, real=0.01 secs] 
26.445: Total time for which application threads were stopped: 0.0018400 seconds, Stopping threads took: 0.0000670 seconds
26.600: Application time: 0.1557550 seconds
26.601: [GC [PSYoungGen: 88980K->4400K(85504K)] 119186K->34606K(168448K), 0.0009370 secs] [Times: user=0.01 sys=0.00, real=0.00 secs] 
26.602: Total time for which application threads were stopped: 0.0010630 seconds, Stopping threads took: 0.0000580 seconds
26.750: Application time: 0.1489020 seconds
26.751: [GC [PSYoungGen: 85296K->5472K(83968K)] 115502K->35802K(166912K), 0.0016560 secs] [Times: user=0.01 sys=0.00, real=0.00 secs] 
26.752: Total time for which application threads were stopped: 0.0018290 seconds, Stopping threads took: 0.0000920 seconds
26.898: Application time: 0.1452540 seconds
26.898: [GC [PSYoungGen: 83606K->5376K(81408K)] 113936K->35879K(164352K), 0.0012350 secs] [Times: user=0.01 sys=0.01, real=0.00 secs] 
26.899: Total time for which application threads were stopped: 0.0013840 seconds, Stopping threads took: 0.0000800 seconds
27.039: Application time: 0.1405270 seconds
27.040: [GC [PSYoungGen: 80906K->5376K(78848K)] 111409K->35879K(161792K), 0.0016410 secs] [Times: user=0.01 sys=0.00, real=0.00 secs] 
27.041: Total time for which application threads were stopped: 0.0017820 seconds, Stopping threads took: 0.0000710 seconds
27.175: Application time: 0.1335270 seconds
27.175: [GC [PSYoungGen: 78489K->4320K(75776K)] 108992K->35847K(158720K), 0.0014210 secs] [Times: user=0.01 sys=0.00, real=0.01 secs] 
27.176: Total time for which application threads were stopped: 0.0015650 seconds, Stopping threads took: 0.0000730 seconds
27.306: Application time: 0.1295970 seconds
27.306: [GC [PSYoungGen: 75488K->7472K(93184K)] 107015K->38999K(176128K), 0.0022790 secs] [Times: user=0.01 sys=0.00, real=0.00 secs] 
27.308: Total time for which application threads were stopped: 0.0024470 seconds, Stopping threads took: 0.0000770 seconds
27.466: Application time: 0.1576390 seconds
27.466: [GC [PSYoungGen: 92317K->6480K(93696K)] 123844K->38151K(176640K), 0.0019230 secs] [Times: user=0.01 sys=0.00, real=0.00 secs] 
27.468: Total time for which application threads were stopped: 0.0020980 seconds, Stopping threads took: 0.0000870 seconds
27.631: Application time: 0.1627220 seconds
27.631: [GC [PSYoungGen: 92726K->4320K(95232K)] 124397K->36127K(178176K), 0.0012990 secs] [Times: user=0.00 sys=0.00, real=0.00 secs] 
27.632: Total time for which application threads were stopped: 0.0014530 seconds, Stopping threads took: 0.0000850 seconds
27.789: Application time: 0.1564000 seconds
27.789: [GC [PSYoungGen: 90823K->6400K(90624K)] 122630K->38207K(173568K), 0.0013920 secs] [Times: user=0.01 sys=0.00, real=0.00 secs] 
27.790: Total time for which application threads were stopped: 0.0015340 seconds, Stopping threads took: 0.0000710 seconds
27.944: Application time: 0.1534430 seconds
27.944: [GC [PSYoungGen: 89824K->5408K(87040K)] 121631K->37215K(169984K), 0.0015970 secs] [Times: user=0.00 sys=0.01, real=0.01 secs] 
27.945: Total time for which application threads were stopped: 0.0017590 seconds, Stopping threads took: 0.0000780 seconds
28.100: Application time: 0.1549440 seconds
28.101: [GC [PSYoungGen: 86629K->4496K(83456K)] 118436K->36391K(166400K), 0.0010470 secs] [Times: user=0.01 sys=0.00, real=0.00 secs] 
28.102: Total time for which application threads were stopped: 0.0011880 seconds, Stopping threads took: 0.0000660 seconds
28.243: Application time: 0.1414290 seconds
28.243: [GC [PSYoungGen: 82384K->6368K(82944K)] 114279K->38471K(165888K), 0.0021140 secs] [Times: user=0.01 sys=0.00, real=0.01 secs] 
28.245: Total time for which application threads were stopped: 0.0023020 seconds, Stopping threads took: 0.0001050 seconds
28.384: Application time: 0.1385380 seconds
28.384: [GC [PSYoungGen: 81792K->5376K(97280K)] 113896K->38503K(180224K), 0.0017690 secs] [Times: user=0.01 sys=0.00, real=0.01 secs] 
28.386: Total time for which application threads were stopped: 0.0019300 seconds, Stopping threads took: 0.0000790 seconds
28.556: Application time: 0.1703510 seconds
28.556: [GC [PSYoungGen: 96493K->5376K(100864K)] 129620K->38503K(183808K), 0.0016950 secs] [Times: user=0.01 sys=0.00, real=0.00 secs] 
28.558: Total time for which application threads were stopped: 0.0018690 seconds, Stopping threads took: 0.0000860 seconds
28.727: Application time: 0.1686440 seconds
28.727: [GC [PSYoungGen: 97546K->5440K(95232K)] 130673K->38599K(178176K), 0.0013590 secs] [Times: user=0.01 sys=0.00, real=0.00 secs] 
28.728: Total time for which application threads were stopped: 0.0015220 seconds, Stopping threads took: 0.0000860 seconds
28.892: Application time: 0.1633840 seconds
28.892: [GC [PSYoungGen: 94324K->5392K(92160K)] 127483K->38731K(175104K), 0.0015790 secs] [Times: user=0.00 sys=0.01, real=0.00 secs] 
28.893: Total time for which application threads were stopped: 0.0017120 seconds, Stopping threads took: 0.0000690 seconds
29.055: Application time: 0.1617060 seconds
29.055: [GC [PSYoungGen: 91535K->4352K(88064K)] 124875K->38799K(171008K), 0.0012160 secs] [Times: user=0.01 sys=0.00, real=0.01 secs] 
29.056: Total time for which application threads were stopped: 0.0013600 seconds, Stopping threads took: 0.0000720 seconds
29.210: Application time: 0.1534340 seconds
29.212: [GC [PSYoungGen: 87599K->4352K(85504K)] 122046K->38799K(168448K), 0.0014550 secs] [Times: user=0.01 sys=0.00, real=0.00 secs] 
29.214: Total time for which application threads were stopped: 0.0038700 seconds, Stopping threads took: 0.0023410 seconds
29.369: Application time: 0.1553590 seconds
29.369: [GC [PSYoungGen: 84680K->3392K(81920K)] 119128K->37839K(164864K), 0.0011140 secs] [Times: user=0.00 sys=0.00, real=0.00 secs] 
29.370: Total time for which application threads were stopped: 0.0012330 seconds, Stopping threads took: 0.0000540 seconds
29.517: Application time: 0.1472160 seconds
29.518: [GC [PSYoungGen: 81222K->4432K(80384K)] 115670K->39052K(163328K), 0.0014340 secs] [Times: user=0.01 sys=0.00, real=0.00 secs] 
29.519: Total time for which application threads were stopped: 0.0015720 seconds, Stopping threads took: 0.0000580 seconds
29.656: Application time: 0.1369090 seconds
29.656: [GC [PSYoungGen: 79810K->5376K(78848K)] 114430K->40104K(161792K), 0.0016220 secs] [Times: user=0.01 sys=0.01, real=0.01 secs] 
29.658: Total time for which application threads were stopped: 0.0017810 seconds, Stopping threads took: 0.0000850 seconds
29.792: Application time: 0.1346920 seconds
29.793: [GC [PSYoungGen: 77632K->5376K(76800K)] 112360K->40104K(159744K), 0.0017470 secs] [Times: user=0.01 sys=0.00, real=0.00 secs] 
29.794: Total time for which application threads were stopped: 0.0019050 seconds, Stopping threads took: 0.0000730 seconds
29.927: Application time: 0.1326660 seconds
29.927: [GC [PSYoungGen: 76544K->3344K(72704K)] 111272K->39096K(155648K), 0.0012960 secs] [Times: user=0.01 sys=0.00, real=0.00 secs] 
29.928: Total time for which application threads were stopped: 0.0014380 seconds, Stopping threads took: 0.0000710 seconds
30.055: Application time: 0.1270030 seconds
30.056: [GC [PSYoungGen: 71469K->4464K(71680K)] 107222K->40256K(154624K), 0.0013630 secs] [Times: user=0.01 sys=0.00, real=0.01 secs] 
30.057: Total time for which application threads were stopped: 0.0015060 seconds, Stopping threads took: 0.0000730 seconds
30.172: Application time: 0.1155280 seconds
30.173: [GC [PSYoungGen: 71536K->6400K(87552K)] 107328K->43384K(170496K), 0.0021450 secs] [Times: user=0.02 sys=0.01, real=0.00 secs] 
30.175: Total time for which application threads were stopped: 0.0023010 seconds, Stopping threads took: 0.0000750 seconds
30.329: Application time: 0.1539810 seconds
30.329: [GC [PSYoungGen: 87175K->5376K(90112K)] 124160K->42440K(173056K), 0.0016400 secs] [Times: user=0.01 sys=0.00, real=0.00 secs] 
30.331: Total time for which application threads were stopped: 0.0017870 seconds, Stopping threads took: 0.0000660 seconds
30.481: Application time: 0.1506480 seconds
30.481: [GC [PSYoungGen: 87808K->6416K(104960K)] 124872K->43480K(187904K), 0.0015330 secs] [Times: user=0.01 sys=0.00, real=0.00 secs] 
30.483: Total time for which application threads were stopped: 0.0016830 seconds, Stopping threads took: 0.0000760 seconds
30.666: Application time: 0.1827600 seconds
30.666: [GC [PSYoungGen: 103696K->5408K(99328K)] 140760K->42472K(182272K), 0.0014100 secs] [Times: user=0.01 sys=0.00, real=0.00 secs] 
30.667: Total time for which application threads were stopped: 0.0015460 seconds, Stopping threads took: 0.0000710 seconds
30.834: Application time: 0.1669080 seconds
30.834: [GC [PSYoungGen: 98940K->5504K(96256K)] 136005K->42676K(179200K), 0.0014670 secs] [Times: user=0.01 sys=0.00, real=0.00 secs] 
30.836: Total time for which application threads were stopped: 0.0016370 seconds, Stopping threads took: 0.0000900 seconds
31.006: Application time: 0.1697750 seconds
31.006: [GC [PSYoungGen: 95119K->6400K(94208K)] 132292K->43752K(177152K), 0.0020730 secs] [Times: user=0.01 sys=0.00, real=0.00 secs] 
31.008: Total time for which application threads were stopped: 0.0022160 seconds, Stopping threads took: 0.0000640 seconds
31.165: Application time: 0.1577380 seconds
31.166: [GC [PSYoungGen: 92992K->3328K(95744K)] 130345K->44776K(178688K), 0.0018070 secs] [Times: user=0.01 sys=0.00, real=0.00 secs] 
31.167: Total time for which application threads were stopped: 0.0019490 seconds, Stopping threads took: 0.0000670 seconds
31.342: Application time: 0.1744460 seconds
31.342: [GC [PSYoungGen: 95248K->4368K(93696K)] 136697K->45817K(176640K), 0.0012860 secs] [Times: user=0.00 sys=0.00, real=0.00 secs] 
31.343: Total time for which application threads were stopped: 0.0014490 seconds, Stopping threads took: 0.0000830 seconds
31.502: Application time: 0.1583820 seconds
31.502: [GC [PSYoungGen: 92701K->6560K(92672K)] 134150K->48125K(175616K), 0.0018590 secs] [Times: user=0.01 sys=0.00, real=0.00 secs] 
31.504: Total time for which application threads were stopped: 0.0020210 seconds, Stopping threads took: 0.0000880 seconds
31.667: Application time: 0.1634870 seconds
31.667: [GC [PSYoungGen: 92120K->5360K(88576K)] 133686K->47109K(171520K), 0.0017370 secs] [Times: user=0.01 sys=0.00, real=0.00 secs] 
31.669: Total time for which application threads were stopped: 0.0018680 seconds, Stopping threads took: 0.0000600 seconds
31.822: Application time: 0.1524570 seconds
31.822: [GC [PSYoungGen: 88040K->5344K(86016K)] 129789K->47093K(168960K), 0.0015500 secs] [Times: user=0.01 sys=0.00, real=0.00 secs] 
31.823: Total time for which application threads were stopped: 0.0017690 seconds, Stopping threads took: 0.0001450 seconds
31.969: Application time: 0.1453890 seconds
31.969: [GC [PSYoungGen: 85342K->5376K(83456K)] 127091K->47125K(166400K), 0.0017140 secs] [Times: user=0.01 sys=0.00, real=0.00 secs] 
31.971: Total time for which application threads were stopped: 0.0018680 seconds, Stopping threads took: 0.0000710 seconds
32.114: Application time: 0.1435410 seconds
32.114: [GC [PSYoungGen: 82576K->4480K(85504K)] 124326K->48317K(168448K), 0.0019040 secs] [Times: user=0.01 sys=0.00, real=0.01 secs] 
32.116: Total time for which application threads were stopped: 0.0020400 seconds, Stopping threads took: 0.0000620 seconds
32.266: Application time: 0.1495320 seconds
32.266: [GC [PSYoungGen: 84577K->4384K(82944K)] 128414K->48389K(165888K), 0.0012680 secs] [Times: user=0.00 sys=0.00, real=0.00 secs] 
32.267: Total time for which application threads were stopped: 0.0014080 seconds, Stopping threads took: 0.0000700 seconds
32.409: Application time: 0.1420160 seconds
32.409: [GC [PSYoungGen: 82147K->5376K(81408K)] 126152K->49457K(164352K), 0.0015780 secs] [Times: user=0.01 sys=0.00, real=0.00 secs] 
32.411: Total time for which application threads were stopped: 0.0017170 seconds, Stopping threads took: 0.0000660 seconds
32.552: Application time: 0.1407420 seconds
32.552: [GC [PSYoungGen: 80974K->5376K(83968K)] 125055K->49457K(166912K), 0.0016400 secs] [Times: user=0.01 sys=0.00, real=0.00 secs] 
32.553: Total time for which application threads were stopped: 0.0017950 seconds, Stopping threads took: 0.0000680 seconds
32.695: Application time: 0.1418130 seconds
32.695: [GC [PSYoungGen: 81242K->4416K(78848K)] 125323K->48497K(161792K), 0.0009690 secs] [Times: user=0.01 sys=0.00, real=0.01 secs] 
32.696: Total time for which application threads were stopped: 0.0011140 seconds, Stopping threads took: 0.0000720 seconds
32.832: Application time: 0.1357830 seconds
32.832: [GC [PSYoungGen: 78152K->4432K(76288K)] 122233K->48637K(159232K), 0.0013720 secs] [Times: user=0.01 sys=0.00, real=0.00 secs] 
32.834: Total time for which application threads were stopped: 0.0015080 seconds, Stopping threads took: 0.0000640 seconds
32.965: Application time: 0.1314650 seconds
32.965: [GC [PSYoungGen: 75497K->4368K(74240K)] 119703K->48713K(157184K), 0.0010110 secs] [Times: user=0.00 sys=0.00, real=0.00 secs] 
32.966: Total time for which application threads were stopped: 0.0011400 seconds, Stopping threads took: 0.0000650 seconds
33.092: Application time: 0.1259580 seconds
33.092: [GC [PSYoungGen: 73278K->6416K(74240K)] 117624K->50801K(157184K), 0.0019980 secs] [Times: user=0.01 sys=0.00, real=0.00 secs] 
33.094: Total time for which application threads were stopped: 0.0021560 seconds, Stopping threads took: 0.0000730 seconds
33.218: Application time: 0.1238350 seconds
33.218: [GC [PSYoungGen: 73036K->3296K(69120K)] 117422K->47681K(152064K), 0.0010980 secs] [Times: user=0.01 sys=0.00, real=0.00 secs] 
33.219: Total time for which application threads were stopped: 0.0012240 seconds, Stopping threads took: 0.0000650 seconds
33.339: Application time: 0.1199930 seconds
33.340: [GC [PSYoungGen: 68771K->6432K(86016K)] 113156K->50817K(168960K), 0.0017920 secs] [Times: user=0.01 sys=0.00, real=0.00 secs] 
33.341: Total time for which application threads were stopped: 0.0019290 seconds, Stopping threads took: 0.0000690 seconds
33.487: Application time: 0.1452500 seconds
33.487: [GC [PSYoungGen: 83764K->3376K(80384K)] 128149K->47841K(163328K), 0.0011290 secs] [Times: user=0.01 sys=0.00, real=0.00 secs] 
33.488: Total time for which application threads were stopped: 0.0012650 seconds, Stopping threads took: 0.0000620 seconds
33.627: Application time: 0.1388070 seconds
33.627: [GC [PSYoungGen: 78963K->4384K(77824K)] 123429K->48994K(160768K), 0.0014160 secs] [Times: user=0.00 sys=0.00, real=0.00 secs] 
33.628: Total time for which application threads were stopped: 0.0017420 seconds, Stopping threads took: 0.0000590 seconds
33.762: Application time: 0.1334270 seconds
33.762: [GC [PSYoungGen: 77570K->7424K(80384K)] 122180K->52110K(163328K), 0.0021660 secs] [Times: user=0.01 sys=0.00, real=0.01 secs] 
33.764: Total time for which application threads were stopped: 0.0023190 seconds, Stopping threads took: 0.0000760 seconds
33.898: Application time: 0.1334930 seconds
33.898: [GC [PSYoungGen: 79627K->7424K(80896K)] 124313K->52110K(163840K), 0.0021650 secs] [Times: user=0.02 sys=0.00, real=0.00 secs] 
33.900: Total time for which application threads were stopped: 0.0023440 seconds, Stopping threads took: 0.0001040 seconds
34.033: Application time: 0.1334530 seconds
34.034: [GC [PSYoungGen: 79813K->7424K(95744K)] 124499K->52110K(178688K), 0.0017410 secs] [Times: user=0.01 sys=0.00, real=0.00 secs] 
34.035: Total time for which application threads were stopped: 0.0019550 seconds, Stopping threads took: 0.0001390 seconds
34.203: Application time: 0.1675150 seconds
34.204: [GC [PSYoungGen: 94384K->4512K(96256K)] 139070K->49282K(179200K), 0.0012670 secs] [Times: user=0.01 sys=0.00, real=0.00 secs] 
34.206: Total time for which application threads were stopped: 0.0025790 seconds, Stopping threads took: 0.0012370 seconds
34.362: Application time: 0.1560140 seconds
34.362: [GC [PSYoungGen: 91059K->6400K(113664K)] 135829K->51386K(196608K), 0.0014300 secs] [Times: user=0.01 sys=0.00, real=0.00 secs] 
34.363: Total time for which application threads were stopped: 0.0015680 seconds, Stopping threads took: 0.0000680 seconds
34.555: Application time: 0.1922420 seconds
34.555: [GC [PSYoungGen: 110171K->6400K(107520K)] 155157K->51386K(190464K), 0.0015280 secs] [Times: user=0.00 sys=0.01, real=0.01 secs] 
34.557: Total time for which application threads were stopped: 0.0016740 seconds, Stopping threads took: 0.0000750 seconds
34.747: Application time: 0.1902470 seconds
34.747: [GC [PSYoungGen: 106465K->5424K(102912K)] 151452K->50410K(185856K), 0.0015010 secs] [Times: user=0.00 sys=0.01, real=0.00 secs] 
34.749: Total time for which application threads were stopped: 0.0016850 seconds, Stopping threads took: 0.0001090 seconds
34.920: Application time: 0.1708050 seconds
34.920: [GC [PSYoungGen: 101926K->5440K(99328K)] 146912K->50558K(182272K), 0.0018260 secs] [Times: user=0.01 sys=0.00, real=0.00 secs] 
34.922: Total time for which application threads were stopped: 0.0020540 seconds, Stopping threads took: 0.0001570 seconds
35.100: Application time: 0.1780910 seconds
35.100: [GC [PSYoungGen: 98572K->5376K(96256K)] 143691K->50646K(179200K), 0.0015890 secs] [Times: user=0.01 sys=0.00, real=0.00 secs] 
35.102: Total time for which application threads were stopped: 0.0017470 seconds, Stopping threads took: 0.0000830 seconds
35.266: Application time: 0.1647720 seconds
35.267: [GC [PSYoungGen: 96000K->7424K(95232K)] 141270K->52694K(178176K), 0.0022270 secs] [Times: user=0.01 sys=0.00, real=0.00 secs] 
35.269: Total time for which application threads were stopped: 0.0023780 seconds, Stopping threads took: 0.0000680 seconds
35.436: Application time: 0.1674840 seconds
35.436: [GC [PSYoungGen: 94393K->3408K(88064K)] 139664K->49702K(171008K), 0.0012930 secs] [Times: user=0.01 sys=0.00, real=0.00 secs] 
35.438: Total time for which application threads were stopped: 0.0014200 seconds, Stopping threads took: 0.0000580 seconds
35.586: Application time: 0.1481200 seconds
35.586: [GC [PSYoungGen: 86930K->6496K(88576K)] 133225K->52943K(171520K), 0.0020620 secs] [Times: user=0.02 sys=0.00, real=0.00 secs] 
35.588: Total time for which application threads were stopped: 0.0022090 seconds, Stopping threads took: 0.0000680 seconds
35.740: Application time: 0.1515920 seconds
35.740: [GC [PSYoungGen: 88416K->7424K(93184K)] 134863K->54019K(176128K), 0.0021400 secs] [Times: user=0.01 sys=0.00, real=0.00 secs] 
35.742: Total time for which application threads were stopped: 0.0023000 seconds, Stopping threads took: 0.0000790 seconds
35.905: Application time: 0.1625670 seconds
35.908: [GC [PSYoungGen: 92607K->6336K(94720K)] 139202K->52931K(177664K), 0.0019730 secs] [Times: user=0.01 sys=0.01, real=0.00 secs] 
35.910: Total time for which application threads were stopped: 0.0057110 seconds, Stopping threads took: 0.0036480 seconds
36.064: Application time: 0.1535980 seconds
36.064: [GC [PSYoungGen: 91040K->6464K(112128K)] 137635K->53059K(195072K), 0.0014730 secs] [Times: user=0.00 sys=0.00, real=0.01 secs] 
36.065: Total time for which application threads were stopped: 0.0016290 seconds, Stopping threads took: 0.0000760 seconds
36.255: Application time: 0.1891020 seconds
36.255: [GC [PSYoungGen: 108674K->4496K(103936K)] 155269K->51155K(186880K), 0.0010890 secs] [Times: user=0.01 sys=0.00, real=0.00 secs] 
36.256: Total time for which application threads were stopped: 0.0012260 seconds, Stopping threads took: 0.0000700 seconds
36.442: Application time: 0.1860920 seconds
36.442: [GC [PSYoungGen: 103715K->4352K(101376K)] 150374K->51207K(184320K), 0.0012580 secs] [Times: user=0.00 sys=0.00, real=0.00 secs] 
36.443: Total time for which application threads were stopped: 0.0014180 seconds, Stopping threads took: 0.0000870 seconds
36.612: Application time: 0.1682810 seconds
36.612: [GC [PSYoungGen: 99660K->6400K(98816K)] 146516K->53255K(181760K), 0.0019330 secs] [Times: user=0.01 sys=0.00, real=0.00 secs] 
36.614: Total time for which application threads were stopped: 0.0020730 seconds, Stopping threads took: 0.0000660 seconds
36.789: Application time: 0.1748280 seconds
36.789: [GC [PSYoungGen: 97732K->5440K(94720K)] 144587K->52295K(177664K), 0.0016820 secs] [Times: user=0.01 sys=0.00, real=0.00 secs] 
36.790: Total time for which application threads were stopped: 0.0018190 seconds, Stopping threads took: 0.0000620 seconds
36.948: Application time: 0.1572520 seconds
36.948: [GC [PSYoungGen: 94333K->6496K(92672K)] 141188K->53503K(175616K), 0.0020980 secs] [Times: user=0.01 sys=0.00, real=0.00 secs] 
36.950: Total time for which application threads were stopped: 0.0022730 seconds, Stopping threads took: 0.0000920 seconds
37.115: Application time: 0.1654770 seconds
37.115: [GC [PSYoungGen: 91520K->3328K(86528K)] 138527K->50487K(169472K), 0.0011650 secs] [Times: user=0.00 sys=0.00, real=0.01 secs] 
37.117: Total time for which application threads were stopped: 0.0012990 seconds, Stopping threads took: 0.0000630 seconds
37.268: Application time: 0.1516390 seconds
37.268: [GC [PSYoungGen: 85889K->5376K(86016K)] 133048K->52535K(168960K), 0.0016090 secs] [Times: user=0.01 sys=0.00, real=0.00 secs] 
37.270: Total time for which application threads were stopped: 0.0017520 seconds, Stopping threads took: 0.0000690 seconds
37.414: Application time: 0.1438180 seconds
37.414: [GC [PSYoungGen: 85344K->7424K(88576K)] 132504K->54583K(171520K), 0.0022080 secs] [Times: user=0.01 sys=0.00, real=0.01 secs] 
37.416: Total time for which application threads were stopped: 0.0023480 seconds, Stopping threads took: 0.0000580 seconds
37.558: Application time: 0.1419960 seconds
37.558: [GC [PSYoungGen: 86328K->7520K(89088K)] 133488K->54755K(172032K), 0.0022080 secs] [Times: user=0.02 sys=0.00, real=0.00 secs] 
37.561: Total time for which application threads were stopped: 0.0023640 seconds, Stopping threads took: 0.0000700 seconds
37.712: Application time: 0.1519080 seconds
37.713: [GC [PSYoungGen: 86820K->4384K(105472K)] 134056K->51759K(188416K), 0.0010140 secs] [Times: user=0.01 sys=0.00, real=0.00 secs] 
37.714: Total time for which application threads were stopped: 0.0011600 seconds, Stopping threads took: 0.0000750 seconds
37.887: Application time: 0.1738120 seconds
37.888: [GC [PSYoungGen: 100476K->7392K(105472K)] 147852K->54844K(188416K), 0.0018820 secs] [Times: user=0.00 sys=0.01, real=0.00 secs] 
37.889: Total time for which application threads were stopped: 0.0020380 seconds, Stopping threads took: 0.0000790 seconds
38.071: Application time: 0.1813690 seconds
38.071: [GC [PSYoungGen: 103648K->6432K(99328K)] 151100K->53884K(182272K), 0.0015820 secs] [Times: user=0.00 sys=0.01, real=0.00 secs] 
38.073: Total time for which application threads were stopped: 0.0017460 seconds, Stopping threads took: 0.0000860 seconds
38.240: Application time: 0.1672960 seconds
38.240: [GC [PSYoungGen: 98714K->6496K(96256K)] 146166K->54020K(179200K), 0.0017430 secs] [Times: user=0.00 sys=0.00, real=0.00 secs] 
38.242: Total time for which application threads were stopped: 0.0018780 seconds, Stopping threads took: 0.0000660 seconds
38.410: Application time: 0.1682540 seconds
38.410: [GC [PSYoungGen: 95295K->5408K(92160K)] 142819K->53076K(175104K), 0.0013710 secs] [Times: user=0.00 sys=0.00, real=0.00 secs] 
38.412: Total time for which application threads were stopped: 0.0015100 seconds, Stopping threads took: 0.0000690 seconds
38.570: Application time: 0.1582430 seconds
38.570: [GC [PSYoungGen: 90997K->5376K(89088K)] 138665K->53124K(172032K), 0.0015560 secs] [Times: user=0.01 sys=0.00, real=0.00 secs] 
38.571: Total time for which application threads were stopped: 0.0016890 seconds, Stopping threads took: 0.0000640 seconds
38.722: Application time: 0.1502820 seconds
38.722: [GC [PSYoungGen: 88392K->7424K(108032K)] 136140K->55172K(190976K), 0.0021280 secs] [Times: user=0.01 sys=0.00, real=0.00 secs] 
38.724: Total time for which application threads were stopped: 0.0023150 seconds, Stopping threads took: 0.0000930 seconds
38.910: Application time: 0.1857800 seconds
38.910: [GC [PSYoungGen: 107651K->5536K(102400K)] 155399K->53324K(185344K), 0.0017260 secs] [Times: user=0.01 sys=0.00, real=0.00 secs] 
38.912: Total time for which application threads were stopped: 0.0018750 seconds, Stopping threads took: 0.0000780 seconds
39.093: Application time: 0.1810930 seconds
39.093: [GC [PSYoungGen: 101898K->6384K(99840K)] 149686K->54352K(182784K), 0.0019100 secs] [Times: user=0.01 sys=0.00, real=0.00 secs] 
39.095: Total time for which application threads were stopped: 0.0020480 seconds, Stopping threads took: 0.0000660 seconds
39.266: Application time: 0.1712440 seconds
39.266: [GC [PSYoungGen: 99425K->5392K(95744K)] 147393K->53444K(178688K), 0.0017830 secs] [Times: user=0.01 sys=0.00, real=0.00 secs] 
39.268: Total time for which application threads were stopped: 0.0019390 seconds, Stopping threads took: 0.0000750 seconds
39.436: Application time: 0.1676830 seconds
39.436: [GC [PSYoungGen: 95235K->5440K(92672K)] 143288K->54516K(175616K), 0.0017240 secs] [Times: user=0.01 sys=0.00, real=0.01 secs] 
39.438: Total time for which application threads were stopped: 0.0018670 seconds, Stopping threads took: 0.0000760 seconds
39.591: Application time: 0.1535180 seconds
39.591: [GC [PSYoungGen: 92218K->7520K(99840K)] 141295K->56668K(182784K), 0.0022190 secs] [Times: user=0.01 sys=0.00, real=0.00 secs] 
39.594: Total time for which application threads were stopped: 0.0023910 seconds, Stopping threads took: 0.0000930 seconds
39.770: Application time: 0.1761100 seconds
39.770: [GC [PSYoungGen: 98637K->6432K(113152K)] 147786K->55724K(196096K), 0.0015870 secs] [Times: user=0.01 sys=0.00, real=0.00 secs] 
39.771: Total time for which application threads were stopped: 0.0017350 seconds, Stopping threads took: 0.0000700 seconds
39.964: Application time: 0.1924640 seconds
39.964: [GC [PSYoungGen: 110054K->3328K(104448K)] 159347K->52716K(187392K), 0.0010760 secs] [Times: user=0.01 sys=0.00, real=0.01 secs] 
39.965: Total time for which application threads were stopped: 0.0012320 seconds, Stopping threads took: 0.0000880 seconds
40.145: Application time: 0.1803150 seconds
40.146: [GC [PSYoungGen: 103245K->5376K(102912K)] 152634K->54764K(185856K), 0.0015170 secs] [Times: user=0.00 sys=0.00, real=0.00 secs] 
40.147: Total time for which application threads were stopped: 0.0016540 seconds, Stopping threads took: 0.0000620 seconds
40.325: Application time: 0.1781790 seconds
40.325: [GC [PSYoungGen: 102317K->5520K(99328K)] 151706K->54989K(182272K), 0.0017600 secs] [Times: user=0.01 sys=0.00, real=0.00 secs] 
40.327: Total time for which application threads were stopped: 0.0019150 seconds, Stopping threads took: 0.0000740 seconds
40.503: Application time: 0.1755540 seconds
40.503: [GC [PSYoungGen: 99216K->4256K(95232K)] 148685K->53917K(178176K), 0.0014540 secs] [Times: user=0.00 sys=0.00, real=0.01 secs] 
40.504: Total time for which application threads were stopped: 0.0015990 seconds, Stopping threads took: 0.0000710 seconds
40.667: Application time: 0.1629140 seconds
40.667: [GC [PSYoungGen: 94252K->6400K(94208K)] 143914K->56061K(177152K), 0.0019460 secs] [Times: user=0.02 sys=0.00, real=0.00 secs] 
40.669: Total time for which application threads were stopped: 0.0020920 seconds, Stopping threads took: 0.0000700 seconds
40.836: Application time: 0.1663730 seconds
40.836: [GC [PSYoungGen: 93841K->6496K(91136K)] 143502K->56157K(174080K), 0.0018090 secs] [Times: user=0.01 sys=0.00, real=0.01 secs] 
40.838: Total time for which application threads were stopped: 0.0019570 seconds, Stopping threads took: 0.0000670 seconds
40.991: Application time: 0.1533630 seconds
40.991: [GC [PSYoungGen: 90497K->5472K(87552K)] 140158K->55249K(170496K), 0.0018150 secs] [Times: user=0.01 sys=0.00, real=0.00 secs] 
40.993: Total time for which application threads were stopped: 0.0019480 seconds, Stopping threads took: 0.0000580 seconds
41.139: Application time: 0.1460700 seconds
41.139: [GC [PSYoungGen: 86453K->5376K(90112K)] 136230K->56369K(173056K), 0.0020260 secs] [Times: user=0.01 sys=0.00, real=0.00 secs] 
41.141: Total time for which application threads were stopped: 0.0021930 seconds, Stopping threads took: 0.0000860 seconds
41.300: Application time: 0.1583980 seconds
41.300: [GC [PSYoungGen: 88898K->3328K(85504K)] 139892K->54321K(168448K), 0.0009680 secs] [Times: user=0.00 sys=0.00, real=0.00 secs] 
41.301: Total time for which application threads were stopped: 0.0010980 seconds, Stopping threads took: 0.0000650 seconds
41.449: Application time: 0.1486290 seconds
41.449: [GC [PSYoungGen: 84640K->6352K(89600K)] 135633K->57345K(172544K), 0.0019860 secs] [Times: user=0.01 sys=0.00, real=0.00 secs] 
41.452: Total time for which application threads were stopped: 0.0021440 seconds, Stopping threads took: 0.0000690 seconds
41.602: Application time: 0.1503920 seconds
41.602: [GC [PSYoungGen: 87133K->5520K(90112K)] 138126K->56553K(173056K), 0.0015620 secs] [Times: user=0.01 sys=0.00, real=0.00 secs] 
41.604: Total time for which application threads were stopped: 0.0017370 seconds, Stopping threads took: 0.0000970 seconds
41.749: Application time: 0.1454380 seconds
41.749: [GC [PSYoungGen: 86669K->5392K(84480K)] 137703K->56605K(167424K), 0.0013020 secs] [Times: user=0.01 sys=0.00, real=0.00 secs] 
41.751: Total time for which application threads were stopped: 0.0014510 seconds, Stopping threads took: 0.0000760 seconds
41.896: Application time: 0.1459030 seconds
41.897: [GC [PSYoungGen: 83968K->7424K(102912K)] 135182K->58713K(185856K), 0.0018760 secs] [Times: user=0.01 sys=0.00, real=0.00 secs] 
41.898: Total time for which application threads were stopped: 0.0020260 seconds, Stopping threads took: 0.0000720 seconds
42.078: Application time: 0.1793160 seconds
42.078: [GC [PSYoungGen: 101839K->5376K(97280K)] 153129K->56665K(180224K), 0.0013900 secs] [Times: user=0.01 sys=0.00, real=0.00 secs] 
42.079: Total time for which application threads were stopped: 0.0015460 seconds, Stopping threads took: 0.0000750 seconds
42.248: Application time: 0.1690040 seconds
42.248: [GC [PSYoungGen: 96139K->2368K(91136K)] 147429K->53713K(174080K), 0.0009370 secs] [Times: user=0.01 sys=0.00, real=0.00 secs] 
42.249: Total time for which application threads were stopped: 0.0010610 seconds, Stopping threads took: 0.0000560 seconds
42.408: Application time: 0.1583760 seconds
42.408: [GC [PSYoungGen: 90217K->5408K(91136K)] 141563K->56926K(174080K), 0.0016980 secs] [Times: user=0.01 sys=0.00, real=0.00 secs] 
42.410: Total time for which application threads were stopped: 0.0018500 seconds, Stopping threads took: 0.0000720 seconds
42.563: Application time: 0.1530490 seconds
42.563: [GC [PSYoungGen: 90826K->7424K(90112K)] 142344K->59022K(173056K), 0.0023240 secs] [Times: user=0.02 sys=0.00, real=0.01 secs] 
42.565: Total time for which application threads were stopped: 0.0024890 seconds, Stopping threads took: 0.0000880 seconds
42.725: Application time: 0.1598520 seconds
42.725: [GC [PSYoungGen: 89236K->4352K(84480K)] 140834K->55950K(167424K), 0.0013200 secs] [Times: user=0.01 sys=0.00, real=0.00 secs] 
42.727: Total time for which application threads were stopped: 0.0014870 seconds, Stopping threads took: 0.0000800 seconds
42.867: Application time: 0.1406500 seconds
42.867: [GC [PSYoungGen: 83350K->6496K(90112K)] 134949K->58094K(173056K), 0.0019380 secs] [Times: user=0.01 sys=0.00, real=0.00 secs] 
42.869: Total time for which application threads were stopped: 0.0020930 seconds, Stopping threads took: 0.0000820 seconds
43.021: Application time: 0.1519450 seconds
43.024: [GC [PSYoungGen: 87140K->4400K(83456K)] 138738K->56138K(166400K), 0.0010280 secs] [Times: user=0.00 sys=0.00, real=0.00 secs] 
43.025: Total time for which application threads were stopped: 0.0040120 seconds, Stopping threads took: 0.0029150 seconds
43.166: Application time: 0.1410610 seconds
43.166: [GC [PSYoungGen: 82224K->6400K(100864K)] 133963K->58282K(183808K), 0.0019440 secs] [Times: user=0.01 sys=0.00, real=0.00 secs] 
43.168: Total time for which application threads were stopped: 0.0021000 seconds, Stopping threads took: 0.0000740 seconds
43.341: Application time: 0.1730600 seconds
43.342: [GC [PSYoungGen: 97784K->5376K(94720K)] 149666K->57258K(177664K), 0.0015610 secs] [Times: user=0.01 sys=0.00, real=0.00 secs] 
43.343: Total time for which application threads were stopped: 0.0017110 seconds, Stopping threads took: 0.0000730 seconds
43.505: Application time: 0.1617310 seconds
43.505: [GC [PSYoungGen: 93475K->5424K(91648K)] 145357K->57306K(174592K), 0.0017760 secs] [Times: user=0.01 sys=0.00, real=0.00 secs] 
43.507: Total time for which application threads were stopped: 0.0019330 seconds, Stopping threads took: 0.0000860 seconds
43.669: Application time: 0.1622800 seconds
43.669: [GC [PSYoungGen: 90715K->2384K(86016K)] 142598K->54362K(168960K), 0.0007840 secs] [Times: user=0.00 sys=0.00, real=0.00 secs] 
43.670: Total time for which application threads were stopped: 0.0009250 seconds, Stopping threads took: 0.0000750 seconds
43.817: Application time: 0.1467160 seconds
43.817: [GC [PSYoungGen: 84593K->6400K(87040K)] 136571K->58586K(169984K), 0.0020310 secs] [Times: user=0.01 sys=0.00, real=0.00 secs] 
43.819: Total time for which application threads were stopped: 0.0021870 seconds, Stopping threads took: 0.0000760 seconds
43.967: Application time: 0.1476770 seconds
43.967: [GC [PSYoungGen: 86342K->6400K(89088K)] 138529K->58586K(172032K), 0.0018980 secs] [Times: user=0.01 sys=0.00, real=0.00 secs] 
43.969: Total time for which application threads were stopped: 0.0020610 seconds, Stopping threads took: 0.0000750 seconds
44.119: Application time: 0.1503390 seconds
44.119: [GC [PSYoungGen: 86557K->5408K(89600K)] 138743K->57594K(172544K), 0.0015830 secs] [Times: user=0.01 sys=0.00, real=0.00 secs] 
44.121: Total time for which application threads were stopped: 0.0017200 seconds, Stopping threads took: 0.0000590 seconds
44.273: Application time: 0.1521440 seconds
44.273: [GC [PSYoungGen: 86260K->4464K(82944K)] 138447K->56698K(165888K), 0.0010980 secs] [Times: user=0.00 sys=0.00, real=0.00 secs] 
44.274: Total time for which application threads were stopped: 0.0012290 seconds, Stopping threads took: 0.0000630 seconds
44.417: Application time: 0.1430560 seconds
44.417: [GC [PSYoungGen: 82800K->6416K(82432K)] 135034K->58831K(165376K), 0.0018590 secs] [Times: user=0.01 sys=0.00, real=0.00 secs] 
44.419: Total time for which application threads were stopped: 0.0020300 seconds, Stopping threads took: 0.0000960 seconds
44.556: Application time: 0.1372220 seconds
44.557: [GC [PSYoungGen: 81769K->5344K(96768K)] 134184K->58859K(179712K), 0.0015450 secs] [Times: user=0.01 sys=0.00, real=0.00 secs] 
44.558: Total time for which application threads were stopped: 0.0017710 seconds, Stopping threads took: 0.0001440 seconds
44.728: Application time: 0.1701160 seconds
44.728: [GC [PSYoungGen: 96431K->4320K(92672K)] 149946K->57835K(175616K), 0.0014100 secs] [Times: user=0.01 sys=0.00, real=0.00 secs] 
44.730: Total time for which application threads were stopped: 0.0015370 seconds, Stopping threads took: 0.0000580 seconds
44.892: Application time: 0.1624960 seconds
44.892: [GC [PSYoungGen: 91888K->5472K(90624K)] 145403K->58987K(173568K), 0.0016180 secs] [Times: user=0.01 sys=0.00, real=0.00 secs] 
44.894: Total time for which application threads were stopped: 0.0017610 seconds, Stopping threads took: 0.0000710 seconds
45.044: Application time: 0.1502340 seconds
45.044: [GC [PSYoungGen: 90047K->6480K(93696K)] 143562K->60103K(176640K), 0.0019990 secs] [Times: user=0.01 sys=0.00, real=0.00 secs] 
45.047: Total time for which application threads were stopped: 0.0021480 seconds, Stopping threads took: 0.0000680 seconds
45.208: Application time: 0.1616630 seconds
45.208: [GC [PSYoungGen: 91247K->5376K(88064K)] 144870K->59183K(171008K), 0.0013420 secs] [Times: user=0.01 sys=0.00, real=0.00 secs] 
45.210: Total time for which application threads were stopped: 0.0014820 seconds, Stopping threads took: 0.0000620 seconds
45.361: Application time: 0.1511670 seconds
45.361: [GC [PSYoungGen: 86878K->6400K(86528K)] 140686K->60207K(169472K), 0.0016500 secs] [Times: user=0.01 sys=0.00, real=0.00 secs] 
45.363: Total time for which application threads were stopped: 0.0017970 seconds, Stopping threads took: 0.0000710 seconds
45.507: Application time: 0.1446680 seconds
45.507: [GC [PSYoungGen: 86272K->3312K(80896K)] 140079K->60191K(163840K), 0.0014480 secs] [Times: user=0.00 sys=0.01, real=0.00 secs] 
45.509: Total time for which application threads were stopped: 0.0015880 seconds, Stopping threads took: 0.0000630 seconds
45.648: Application time: 0.1392270 seconds
45.652: [GC [PSYoungGen: 80318K->6544K(99840K)] 137198K->63471K(182784K), 0.0019420 secs] [Times: user=0.02 sys=0.00, real=0.00 secs] 
45.654: Total time for which application threads were stopped: 0.0060640 seconds, Stopping threads took: 0.0040460 seconds
45.832: Application time: 0.1781760 seconds
45.833: [GC [PSYoungGen: 99660K->5408K(95744K)] 156587K->62515K(178688K), 0.0016220 secs] [Times: user=0.02 sys=0.00, real=0.00 secs] 
45.834: Total time for which application threads were stopped: 0.0018090 seconds, Stopping threads took: 0.0001070 seconds
45.997: Application time: 0.1630050 seconds
45.997: [GC [PSYoungGen: 95088K->6400K(93696K)] 152195K->63583K(176640K), 0.0019050 secs] [Times: user=0.01 sys=0.00, real=0.00 secs] 
45.999: Total time for which application threads were stopped: 0.0020630 seconds, Stopping threads took: 0.0000840 seconds
46.162: Application time: 0.1627120 seconds
46.162: [GC [PSYoungGen: 92778K->5376K(89600K)] 149962K->62559K(172544K), 0.0015660 secs] [Times: user=0.01 sys=0.00, real=0.00 secs] 
46.164: Total time for which application threads were stopped: 0.0017200 seconds, Stopping threads took: 0.0000800 seconds
46.313: Application time: 0.1494710 seconds
46.313: [GC [PSYoungGen: 88985K->5424K(87040K)] 146169K->62655K(169984K), 0.0018780 secs] [Times: user=0.01 sys=0.00, real=0.00 secs] 
46.315: Total time for which application threads were stopped: 0.0020300 seconds, Stopping threads took: 0.0000710 seconds
46.464: Application time: 0.1492200 seconds
46.465: [GC [PSYoungGen: 86676K->5408K(90112K)] 143908K->63844K(173056K), 0.0020250 secs] [Times: user=0.01 sys=0.00, real=0.00 secs] 
46.467: Total time for which application threads were stopped: 0.0021780 seconds, Stopping threads took: 0.0000630 seconds
46.627: Application time: 0.1606720 seconds
46.627: [GC [PSYoungGen: 89472K->5376K(92160K)] 147908K->63892K(175104K), 0.0016550 secs] [Times: user=0.01 sys=0.00, real=0.00 secs] 
46.629: Total time for which application threads were stopped: 0.0018270 seconds, Stopping threads took: 0.0000940 seconds
46.782: Application time: 0.1527600 seconds
46.782: [GC [PSYoungGen: 89602K->7392K(108544K)] 148118K->65908K(191488K), 0.0016870 secs] [Times: user=0.01 sys=0.00, real=0.00 secs] 
46.784: Total time for which application threads were stopped: 0.0018340 seconds, Stopping threads took: 0.0000780 seconds
46.971: Application time: 0.1868820 seconds
46.971: [GC [PSYoungGen: 107630K->5520K(102912K)] 166146K->64036K(185856K), 0.0014510 secs] [Times: user=0.01 sys=0.00, real=0.00 secs] 
46.972: Total time for which application threads were stopped: 0.0016010 seconds, Stopping threads took: 0.0000720 seconds
47.147: Application time: 0.1750440 seconds
47.147: [GC [PSYoungGen: 102010K->5440K(99328K)] 160526K->65160K(182272K), 0.0017820 secs] [Times: user=0.00 sys=0.02, real=0.00 secs] 
47.149: Total time for which application threads were stopped: 0.0019440 seconds, Stopping threads took: 0.0000900 seconds
47.321: Application time: 0.1722060 seconds
47.321: [GC [PSYoungGen: 98287K->7392K(104448K)] 158007K->67228K(187392K), 0.0020340 secs] [Times: user=0.01 sys=0.00, real=0.00 secs] 
47.324: Total time for which application threads were stopped: 0.0021910 seconds, Stopping threads took: 0.0000810 seconds
47.506: Application time: 0.1829220 seconds
47.507: [GC [PSYoungGen: 103857K->4320K(97792K)] 163693K->64156K(180736K), 0.0010200 secs] [Times: user=0.01 sys=0.00, real=0.00 secs] 
47.508: Total time for which application threads were stopped: 0.0011880 seconds, Stopping threads took: 0.0000890 seconds
47.675: Application time: 0.1670040 seconds
47.675: [GC [PSYoungGen: 96806K->5504K(95744K)] 156643K->65388K(178688K), 0.0016530 secs] [Times: user=0.01 sys=0.00, real=0.01 secs] 
47.676: Total time for which application threads were stopped: 0.0017990 seconds, Stopping threads took: 0.0000750 seconds
47.844: Application time: 0.1674580 seconds
47.844: [GC [PSYoungGen: 95157K->4368K(91648K)] 155041K->64436K(174592K), 0.0012110 secs] [Times: user=0.01 sys=0.00, real=0.01 secs] 
47.845: Total time for which application threads were stopped: 0.0013510 seconds, Stopping threads took: 0.0000690 seconds
48.004: Application time: 0.1584250 seconds
48.008: [GC [PSYoungGen: 90819K->5376K(89600K)] 150887K->65524K(172544K), 0.0017080 secs] [Times: user=0.01 sys=0.00, real=0.00 secs] 
48.010: Total time for which application threads were stopped: 0.0062130 seconds, Stopping threads took: 0.0044200 seconds
48.160: Application time: 0.1505070 seconds
48.161: [GC [PSYoungGen: 88500K->6400K(88064K)] 148649K->67572K(171008K), 0.0022190 secs] [Times: user=0.02 sys=0.00, real=0.00 secs] 
48.163: Total time for which application threads were stopped: 0.0023800 seconds, Stopping threads took: 0.0000770 seconds
48.319: Application time: 0.1562400 seconds
48.319: [GC [PSYoungGen: 87680K->4432K(83456K)] 148852K->65604K(166400K), 0.0015960 secs] [Times: user=0.00 sys=0.00, real=0.00 secs] 
48.321: Total time for which application threads were stopped: 0.0017710 seconds, Stopping threads took: 0.0000990 seconds
48.463: Application time: 0.1425240 seconds
48.463: [GC [PSYoungGen: 82722K->4432K(80896K)] 143895K->66816K(163840K), 0.0015590 secs] [Times: user=0.01 sys=0.00, real=0.01 secs] 
48.465: Total time for which application threads were stopped: 0.0017100 seconds, Stopping threads took: 0.0000770 seconds
48.601: Application time: 0.1362040 seconds
48.601: [GC [PSYoungGen: 79795K->7424K(99328K)] 142180K->69921K(182272K), 0.0022620 secs] [Times: user=0.01 sys=0.00, real=0.00 secs] 
48.604: Total time for which application threads were stopped: 0.0024820 seconds, Stopping threads took: 0.0001330 seconds
48.772: Application time: 0.1679980 seconds
48.772: [GC [PSYoungGen: 98253K->5376K(99840K)] 160750K->67873K(182784K), 0.0016090 secs] [Times: user=0.01 sys=0.00, real=0.00 secs] 
48.774: Total time for which application threads were stopped: 0.0017710 seconds, Stopping threads took: 0.0000910 seconds
48.947: Application time: 0.1729580 seconds
48.947: [GC [PSYoungGen: 98469K->7488K(101376K)] 160966K->69985K(184320K), 0.0037220 secs] [Times: user=0.02 sys=0.00, real=0.00 secs] 
48.950: Total time for which application threads were stopped: 0.0038680 seconds, Stopping threads took: 0.0000710 seconds
49.126: Application time: 0.1753930 seconds
49.126: [GC [PSYoungGen: 100661K->5504K(119808K)] 163158K->68081K(202752K), 0.0012990 secs] [Times: user=0.00 sys=0.00, real=0.00 secs] 
49.127: Total time for which application threads were stopped: 0.0014460 seconds, Stopping threads took: 0.0000660 seconds
49.332: Application time: 0.2049920 seconds
49.332: [GC [PSYoungGen: 117122K->5376K(113664K)] 179699K->68161K(196608K), 0.0014580 secs] [Times: user=0.01 sys=0.01, real=0.00 secs] 
49.334: Total time for which application threads were stopped: 0.0016010 seconds, Stopping threads took: 0.0000640 seconds
49.533: Application time: 0.1993690 seconds
49.533: [GC [PSYoungGen: 112594K->4352K(108544K)] 175379K->67137K(191488K), 0.0012470 secs] [Times: user=0.01 sys=0.00, real=0.00 secs] 
49.535: Total time for which application threads were stopped: 0.0013960 seconds, Stopping threads took: 0.0000830 seconds
49.723: Application time: 0.1888620 seconds
49.724: [GC [PSYoungGen: 107408K->4512K(104960K)] 170193K->67297K(187904K), 0.0015280 secs] [Times: user=0.01 sys=0.00, real=0.01 secs] 
49.725: Total time for which application threads were stopped: 0.0016820 seconds, Stopping threads took: 0.0000730 seconds
49.908: Application time: 0.1826930 seconds
49.908: [GC [PSYoungGen: 104864K->6432K(103424K)] 167649K->69425K(186368K), 0.0018610 secs] [Times: user=0.01 sys=0.00, real=0.00 secs] 
49.910: Total time for which application threads were stopped: 0.0020160 seconds, Stopping threads took: 0.0000800 seconds
50.088: Application time: 0.1779970 seconds
50.088: [GC [PSYoungGen: 102689K->6400K(99840K)] 165683K->69469K(182784K), 0.0020850 secs] [Times: user=0.01 sys=0.00, real=0.00 secs] 
50.090: Total time for which application threads were stopped: 0.0022380 seconds, Stopping threads took: 0.0000780 seconds
50.266: Application time: 0.1754790 seconds
50.266: [GC [PSYoungGen: 99261K->3376K(93696K)] 162330K->67469K(176640K), 0.0013140 secs] [Times: user=0.01 sys=0.00, real=0.00 secs] 
50.267: Total time for which application threads were stopped: 0.0014660 seconds, Stopping threads took: 0.0000770 seconds
50.427: Application time: 0.1601140 seconds
50.427: [GC [PSYoungGen: 92914K->6544K(93696K)] 157008K->70709K(176640K), 0.0020050 secs] [Times: user=0.02 sys=0.00, real=0.00 secs] 
50.429: Total time for which application threads were stopped: 0.0021580 seconds, Stopping threads took: 0.0000780 seconds
50.591: Application time: 0.1614790 seconds
50.591: [GC [PSYoungGen: 93055K->5376K(89600K)] 157220K->69750K(172544K), 0.0016860 secs] [Times: user=0.01 sys=0.00, real=0.00 secs] 
50.593: Total time for which application threads were stopped: 0.0018350 seconds, Stopping threads took: 0.0000770 seconds
50.750: Application time: 0.1570850 seconds
50.750: [GC [PSYoungGen: 89097K->4288K(86016K)] 153470K->68662K(168960K), 0.0015390 secs] [Times: user=0.00 sys=0.00, real=0.00 secs] 
50.751: Total time for which application threads were stopped: 0.0016800 seconds, Stopping threads took: 0.0000680 seconds
50.900: Application time: 0.1487240 seconds
50.900: [GC [PSYoungGen: 85682K->5392K(84480K)] 150056K->69766K(167424K), 0.0017800 secs] [Times: user=0.01 sys=0.00, real=0.00 secs] 
50.902: Total time for which application threads were stopped: 0.0019450 seconds, Stopping threads took: 0.0000810 seconds
51.046: Application time: 0.1437970 seconds
51.046: [GC [PSYoungGen: 83467K->5376K(91648K)] 147841K->69806K(174592K), 0.0017840 secs] [Times: user=0.01 sys=0.00, real=0.00 secs] 
51.048: Total time for which application threads were stopped: 0.0019610 seconds, Stopping threads took: 0.0001010 seconds
51.204: Application time: 0.1559000 seconds
51.208: [GC [PSYoungGen: 88232K->4368K(85504K)] 152662K->68930K(168448K), 0.0013660 secs] [Times: user=0.00 sys=0.00, real=0.00 secs] 
51.210: Total time for which application threads were stopped: 0.0058910 seconds, Stopping threads took: 0.0044410 seconds
51.354: Application time: 0.1447550 seconds
51.355: [GC [PSYoungGen: 84432K->6400K(99328K)] 148994K->71082K(182272K), 0.0020090 secs] [Times: user=0.01 sys=0.01, real=0.01 secs] 
51.357: Total time for which application threads were stopped: 0.0021690 seconds, Stopping threads took: 0.0000790 seconds
51.525: Application time: 0.1680900 seconds
51.525: [GC [PSYoungGen: 97481K->6400K(105472K)] 162164K->71082K(188416K), 0.0015680 secs] [Times: user=0.01 sys=0.00, real=0.00 secs] 
51.526: Total time for which application threads were stopped: 0.0017200 seconds, Stopping threads took: 0.0000730 seconds
51.703: Application time: 0.1770280 seconds
51.704: [GC [PSYoungGen: 102669K->7552K(105472K)] 167351K->72234K(188416K), 0.0019920 secs] [Times: user=0.02 sys=0.00, real=0.01 secs] 
51.706: Total time for which application threads were stopped: 0.0021390 seconds, Stopping threads took: 0.0000740 seconds
51.892: Application time: 0.1864910 seconds
51.892: [GC [PSYoungGen: 104502K->3360K(97280K)] 169185K->68222K(180224K), 0.0009370 secs] [Times: user=0.01 sys=0.00, real=0.00 secs] 
51.893: Total time for which application threads were stopped: 0.0010770 seconds, Stopping threads took: 0.0000710 seconds
52.063: Application time: 0.1697530 seconds
52.063: [GC [PSYoungGen: 96524K->4288K(95232K)] 161387K->69250K(178176K), 0.0013010 secs] [Times: user=0.01 sys=0.00, real=0.01 secs] 
52.064: Total time for which application threads were stopped: 0.0014400 seconds, Stopping threads took: 0.0000620 seconds
52.232: Application time: 0.1672920 seconds
52.232: [GC [PSYoungGen: 94719K->5392K(93184K)] 159681K->70354K(176128K), 0.0012670 secs] [Times: user=0.00 sys=0.00, real=0.00 secs] 
52.233: Total time for which application threads were stopped: 0.0014190 seconds, Stopping threads took: 0.0000820 seconds
52.404: Application time: 0.1706740 seconds
52.404: [GC [PSYoungGen: 92598K->5504K(90112K)] 157561K->70466K(173056K), 0.0019620 secs] [Times: user=0.01 sys=0.00, real=0.00 secs] 
52.406: Total time for which application threads were stopped: 0.0024870 seconds, Stopping threads took: 0.0004460 seconds
52.563: Application time: 0.1572270 seconds
52.564: [GC [PSYoungGen: 89504K->4416K(86528K)] 154467K->69554K(169472K), 0.0014350 secs] [Times: user=0.01 sys=0.00, real=0.01 secs] 
52.565: Total time for which application threads were stopped: 0.0015900 seconds, Stopping threads took: 0.0000740 seconds
52.711: Application time: 0.1462010 seconds
52.711: [GC [PSYoungGen: 86336K->7424K(105984K)] 151474K->72674K(188928K), 0.0022660 secs] [Times: user=0.01 sys=0.00, real=0.00 secs] 
52.714: Total time for which application threads were stopped: 0.0024220 seconds, Stopping threads took: 0.0000710 seconds
52.900: Application time: 0.1864350 seconds
52.904: [GC [PSYoungGen: 104775K->3264K(98816K)] 170026K->68514K(181760K), 0.0012930 secs] [Times: user=0.01 sys=0.00, real=0.00 secs] 
52.906: Total time for which application threads were stopped: 0.0054210 seconds, Stopping threads took: 0.0040610 seconds
53.080: Application time: 0.1746310 seconds
53.080: [GC [PSYoungGen: 97984K->4464K(96256K)] 163234K->69714K(179200K), 0.0014120 secs] [Times: user=0.01 sys=0.00, real=0.00 secs] 
53.082: Total time for which application threads were stopped: 0.0015720 seconds, Stopping threads took: 0.0000830 seconds
53.250: Application time: 0.1683150 seconds
53.250: [GC [PSYoungGen: 95751K->6416K(95232K)] 161002K->71843K(178176K), 0.0019800 secs] [Times: user=0.00 sys=0.01, real=0.00 secs] 
53.252: Total time for which application threads were stopped: 0.0021340 seconds, Stopping threads took: 0.0000790 seconds
53.412: Application time: 0.1599760 seconds
53.412: [GC [PSYoungGen: 94528K->5312K(91136K)] 159955K->70847K(174080K), 0.0017370 secs] [Times: user=0.00 sys=0.00, real=0.00 secs] 
53.414: Total time for which application threads were stopped: 0.0018600 seconds, Stopping threads took: 0.0000580 seconds
53.577: Application time: 0.1628040 seconds
53.577: [GC [PSYoungGen: 90816K->5376K(88064K)] 156351K->70911K(171008K), 0.0015960 secs] [Times: user=0.01 sys=0.00, real=0.00 secs] 
53.579: Total time for which application threads were stopped: 0.0017570 seconds, Stopping threads took: 0.0000780 seconds
53.724: Application time: 0.1454960 seconds
53.724: [GC [PSYoungGen: 86961K->6528K(92672K)] 152496K->72063K(175616K), 0.0019920 secs] [Times: user=0.01 sys=0.00, real=0.00 secs] 
53.726: Total time for which application threads were stopped: 0.0021630 seconds, Stopping threads took: 0.0000870 seconds
53.879: Application time: 0.1531790 seconds
53.880: [GC [PSYoungGen: 90623K->7488K(107008K)] 156158K->73207K(189952K), 0.0018050 secs] [Times: user=0.00 sys=0.01, real=0.00 secs] 
53.881: Total time for which application threads were stopped: 0.0019400 seconds, Stopping threads took: 0.0000640 seconds
54.065: Application time: 0.1834960 seconds
54.065: [GC [PSYoungGen: 106231K->7424K(107520K)] 171950K->73247K(190464K), 0.0018570 secs] [Times: user=0.01 sys=0.00, real=0.00 secs] 
54.067: Total time for which application threads were stopped: 0.0020190 seconds, Stopping threads took: 0.0000880 seconds
54.254: Application time: 0.1874340 seconds
54.254: [GC [PSYoungGen: 105952K->5392K(100864K)] 171776K->71215K(183808K), 0.0012420 secs] [Times: user=0.01 sys=0.00, real=0.00 secs] 
54.256: Total time for which application threads were stopped: 0.0013910 seconds, Stopping threads took: 0.0000720 seconds
54.426: Application time: 0.1706230 seconds
54.426: [GC [PSYoungGen: 100624K->6496K(98816K)] 166447K->72319K(181760K), 0.0016720 secs] [Times: user=0.01 sys=0.00, real=0.00 secs] 
54.428: Total time for which application threads were stopped: 0.0018130 seconds, Stopping threads took: 0.0000730 seconds
54.598: Application time: 0.1696960 seconds
54.598: [GC [PSYoungGen: 98036K->5424K(94720K)] 163859K->72447K(177664K), 0.0016550 secs] [Times: user=0.01 sys=0.00, real=0.00 secs] 
54.600: Total time for which application threads were stopped: 0.0017920 seconds, Stopping threads took: 0.0000680 seconds
54.759: Application time: 0.1596270 seconds
54.759: [GC [PSYoungGen: 94512K->7424K(114688K)] 161535K->74559K(197632K), 0.0022240 secs] [Times: user=0.01 sys=0.00, real=0.00 secs] 
54.762: Total time for which application threads were stopped: 0.0023860 seconds, Stopping threads took: 0.0000780 seconds
54.959: Application time: 0.1969830 seconds
54.959: [GC [PSYoungGen: 113525K->6400K(116736K)] 180661K->74559K(199680K), 0.0020910 secs] [Times: user=0.00 sys=0.01, real=0.00 secs] 
54.961: Total time for which application threads were stopped: 0.0022340 seconds, Stopping threads took: 0.0000640 seconds
55.163: Application time: 0.2019180 seconds
55.163: [GC [PSYoungGen: 116275K->7552K(118784K)] 184435K->75712K(201728K), 0.0021510 secs] [Times: user=0.01 sys=0.00, real=0.01 secs] 
55.165: Total time for which application threads were stopped: 0.0023030 seconds, Stopping threads took: 0.0000720 seconds
55.373: Application time: 0.2078930 seconds
55.373: [GC [PSYoungGen: 117389K->5408K(111616K)] 185549K->73736K(194560K), 0.0013740 secs] [Times: user=0.01 sys=0.00, real=0.00 secs] 
55.374: Total time for which application threads were stopped: 0.0015140 seconds, Stopping threads took: 0.0000560 seconds
55.564: Application time: 0.1898100 seconds
55.564: [GC [PSYoungGen: 111331K->7424K(110080K)] 179659K->75856K(193024K), 0.0019160 secs] [Times: user=0.02 sys=0.00, real=0.00 secs] 
55.566: Total time for which application threads were stopped: 0.0020580 seconds, Stopping threads took: 0.0000660 seconds
55.753: Application time: 0.1868490 seconds
55.753: [GC [PSYoungGen: 108850K->5504K(104448K)] 177282K->75984K(187392K), 0.0018140 secs] [Times: user=0.01 sys=0.00, real=0.00 secs] 
55.755: Total time for which application threads were stopped: 0.0019580 seconds, Stopping threads took: 0.0000720 seconds
55.943: Application time: 0.1877110 seconds
55.943: [GC [PSYoungGen: 103563K->6448K(101888K)] 174043K->77100K(184832K), 0.0020010 secs] [Times: user=0.02 sys=0.00, real=0.01 secs] 
55.945: Total time for which application threads were stopped: 0.0021700 seconds, Stopping threads took: 0.0000890 seconds
56.123: Application time: 0.1778240 seconds
56.123: [GC [PSYoungGen: 101318K->5376K(97792K)] 171971K->76128K(180736K), 0.0014980 secs] [Times: user=0.01 sys=0.00, real=0.01 secs] 
56.125: Total time for which application threads were stopped: 0.0016520 seconds, Stopping threads took: 0.0000820 seconds
56.290: Application time: 0.1655860 seconds
56.290: [GC [PSYoungGen: 97311K->7424K(96768K)] 168064K->78176K(179712K), 0.0022920 secs] [Times: user=0.01 sys=0.00, real=0.00 secs] 
56.293: Total time for which application threads were stopped: 0.0024340 seconds, Stopping threads took: 0.0000680 seconds
56.462: Application time: 0.1692440 seconds
56.462: [GC [PSYoungGen: 96503K->4448K(90624K)] 167256K->75200K(173568K), 0.0012790 secs] [Times: user=0.01 sys=0.00, real=0.00 secs] 
56.463: Total time for which application threads were stopped: 0.0014240 seconds, Stopping threads took: 0.0000670 seconds
56.618: Application time: 0.1552250 seconds
56.619: [GC [PSYoungGen: 90256K->6448K(89600K)] 161008K->77372K(172544K), 0.0020610 secs] [Times: user=0.01 sys=0.00, real=0.00 secs] 
56.621: Total time for which application threads were stopped: 0.0022170 seconds, Stopping threads took: 0.0000810 seconds
56.770: Application time: 0.1496620 seconds
56.770: [GC [PSYoungGen: 89171K->6400K(106496K)] 160095K->77436K(189440K), 0.0018860 secs] [Times: user=0.01 sys=0.00, real=0.00 secs] 
56.772: Total time for which application threads were stopped: 0.0020330 seconds, Stopping threads took: 0.0000670 seconds
56.960: Application time: 0.1877550 seconds
56.960: [GC [PSYoungGen: 105221K->6368K(116736K)] 176258K->77404K(199680K), 0.0018280 secs] [Times: user=0.01 sys=0.00, real=0.00 secs] 
56.962: Total time for which application threads were stopped: 0.0019760 seconds, Stopping threads took: 0.0000750 seconds
57.160: Application time: 0.1978610 seconds
57.160: [GC [PSYoungGen: 114008K->6528K(110592K)] 185045K->77564K(193536K), 0.0015720 secs] [Times: user=0.01 sys=0.00, real=0.00 secs] 
57.162: Total time for which application threads were stopped: 0.0017300 seconds, Stopping threads took: 0.0000740 seconds
57.355: Application time: 0.1928980 seconds
57.355: [GC [PSYoungGen: 109493K->3392K(103936K)] 180530K->74601K(186880K), 0.0013740 secs] [Times: user=0.01 sys=0.00, real=0.01 secs] 
57.356: Total time for which application threads were stopped: 0.0015350 seconds, Stopping threads took: 0.0000930 seconds
57.538: Application time: 0.1822820 seconds
57.539: [GC [PSYoungGen: 103744K->4352K(101376K)] 174953K->75665K(184320K), 0.0012880 secs] [Times: user=0.01 sys=0.00, real=0.00 secs] 
57.540: Total time for which application threads were stopped: 0.0014190 seconds, Stopping threads took: 0.0000590 seconds
57.714: Application time: 0.1738110 seconds
57.714: [GC [PSYoungGen: 100898K->7456K(100864K)] 172212K->78769K(183808K), 0.0022750 secs] [Times: user=0.02 sys=0.00, real=0.00 secs] 
57.716: Total time for which application threads were stopped: 0.0024250 seconds, Stopping threads took: 0.0000680 seconds
57.895: Application time: 0.1791400 seconds
57.895: [GC [PSYoungGen: 100258K->4480K(94720K)] 171571K->75873K(177664K), 0.0014260 secs] [Times: user=0.01 sys=0.00, real=0.01 secs] 
57.897: Total time for which application threads were stopped: 0.0015820 seconds, Stopping threads took: 0.0000830 seconds
58.052: Application time: 0.1553530 seconds
58.052: [GC [PSYoungGen: 93830K->7392K(94720K)] 165224K->78993K(177664K), 0.0024040 secs] [Times: user=0.01 sys=0.00, real=0.00 secs] 
58.055: Total time for which application threads were stopped: 0.0025420 seconds, Stopping threads took: 0.0000650 seconds
58.226: Application time: 0.1714710 seconds
58.226: [GC [PSYoungGen: 93778K->3344K(87552K)] 165379K->74945K(170496K), 0.0011420 secs] [Times: user=0.01 sys=0.00, real=0.00 secs] 
58.227: Total time for which application threads were stopped: 0.0012880 seconds, Stopping threads took: 0.0000700 seconds
58.378: Application time: 0.1504140 seconds
58.378: [GC [PSYoungGen: 87051K->5424K(87040K)] 158652K->77025K(169984K), 0.0016830 secs] [Times: user=0.01 sys=0.00, real=0.00 secs] 
58.380: Total time for which application threads were stopped: 0.0018400 seconds, Stopping threads took: 0.0000790 seconds
58.526: Application time: 0.1463170 seconds
58.526: [GC [PSYoungGen: 86428K->6384K(85504K)] 158030K->78057K(168448K), 0.0020220 secs] [Times: user=0.01 sys=0.00, real=0.00 secs] 
58.528: Total time for which application threads were stopped: 0.0021630 seconds, Stopping threads took: 0.0000650 seconds
58.671: Application time: 0.1422980 seconds
58.671: [GC [PSYoungGen: 85166K->6464K(98816K)] 156840K->78245K(181760K), 0.0018890 secs] [Times: user=0.01 sys=0.00, real=0.00 secs] 
58.673: Total time for which application threads were stopped: 0.0020300 seconds, Stopping threads took: 0.0000590 seconds
58.844: Application time: 0.1716940 seconds
58.844: [GC [PSYoungGen: 95558K->5312K(104448K)] 167340K->77205K(187392K), 0.0016680 secs] [Times: user=0.01 sys=0.00, real=0.00 secs] 
58.846: Total time for which application threads were stopped: 0.0018250 seconds, Stopping threads took: 0.0000720 seconds
59.012: Application time: 0.1657020 seconds
59.012: [GC [PSYoungGen: 99769K->7424K(103936K)] 171663K->79317K(186880K), 0.0058490 secs] [Times: user=0.04 sys=0.00, real=0.01 secs] 
59.018: Total time for which application threads were stopped: 0.0060010 seconds, Stopping threads took: 0.0000710 seconds
59.198: Application time: 0.1798910 seconds
59.198: [GC [PSYoungGen: 102566K->7456K(123392K)] 174459K->79349K(206336K), 0.0017930 secs] [Times: user=0.01 sys=0.00, real=0.00 secs] 
59.200: Total time for which application threads were stopped: 0.0019530 seconds, Stopping threads took: 0.0000920 seconds
59.407: Application time: 0.2073890 seconds
59.407: [GC [PSYoungGen: 121288K->6432K(123904K)] 193182K->78506K(206848K), 0.0015500 secs] [Times: user=0.01 sys=0.01, real=0.00 secs] 
59.409: Total time for which application threads were stopped: 0.0016980 seconds, Stopping threads took: 0.0000640 seconds
59.617: Application time: 0.2078080 seconds
59.617: [GC [PSYoungGen: 119915K->6400K(146432K)] 191989K->78582K(229376K), 0.0015050 secs] [Times: user=0.01 sys=0.00, real=0.00 secs] 
59.618: Total time for which application threads were stopped: 0.0016520 seconds, Stopping threads took: 0.0000670 seconds
59.873: Application time: 0.2543620 seconds
59.873: [GC [PSYoungGen: 142850K->6512K(138752K)] 215032K->78694K(221696K), 0.0016270 secs] [Times: user=0.01 sys=0.01, real=0.00 secs] 
59.874: Total time for which application threads were stopped: 0.0017700 seconds, Stopping threads took: 0.0000610 seconds
60.124: Application time: 0.2499780 seconds
60.124: [GC [PSYoungGen: 138031K->4368K(131584K)] 210213K->76718K(214528K), 0.0013530 secs] [Times: user=0.01 sys=0.00, real=0.00 secs] 
60.126: Total time for which application threads were stopped: 0.0015110 seconds, Stopping threads took: 0.0000740 seconds
60.352: Application time: 0.2265970 seconds
60.353: [GC [PSYoungGen: 131022K->7424K(130048K)] 203372K->79886K(212992K), 0.0021810 secs] [Times: user=0.01 sys=0.00, real=0.00 secs] 
60.355: Total time for which application threads were stopped: 0.0023340 seconds, Stopping threads took: 0.0000820 seconds
60.591: Application time: 0.2362550 seconds
60.591: [GC [PSYoungGen: 129792K->3552K(121344K)] 202254K->76014K(204288K), 0.0012070 secs] [Times: user=0.01 sys=0.00, real=0.00 secs] 
60.592: Total time for which application threads were stopped: 0.0013400 seconds, Stopping threads took: 0.0000620 seconds
60.805: Application time: 0.2126840 seconds
60.805: [GC [PSYoungGen: 120934K->5376K(118784K)] 193396K->78114K(201728K), 0.0017840 secs] [Times: user=0.01 sys=0.00, real=0.00 secs] 
60.807: Total time for which application threads were stopped: 0.0019290 seconds, Stopping threads took: 0.0000580 seconds
61.012: Application time: 0.2054920 seconds
61.014: [GC [PSYoungGen: 117934K->7392K(116736K)] 190673K->80130K(199680K), 0.0023970 secs] [Times: user=0.02 sys=0.00, real=0.01 secs] 
61.016: Total time for which application threads were stopped: 0.0037870 seconds, Stopping threads took: 0.0013040 seconds
61.216: Application time: 0.2000720 seconds
61.216: [GC [PSYoungGen: 116176K->6560K(111616K)] 188915K->79298K(194560K), 0.0021710 secs] [Times: user=0.01 sys=0.00, real=0.00 secs] 
61.219: Total time for which application threads were stopped: 0.0023460 seconds, Stopping threads took: 0.0000880 seconds
61.415: Application time: 0.1965820 seconds
61.415: [GC [PSYoungGen: 110916K->4416K(105984K)] 183655K->78358K(188928K), 0.0016200 secs] [Times: user=0.01 sys=0.00, real=0.01 secs] 
61.417: Total time for which application threads were stopped: 0.0017900 seconds, Stopping threads took: 0.0000780 seconds
61.606: Application time: 0.1892950 seconds
61.606: [GC [PSYoungGen: 105792K->4368K(102400K)] 179734K->78423K(185344K), 0.0015670 secs] [Times: user=0.01 sys=0.00, real=0.00 secs] 
61.608: Total time for which application threads were stopped: 0.0017150 seconds, Stopping threads took: 0.0000770 seconds
61.778: Application time: 0.1695240 seconds
61.778: [GC [PSYoungGen: 101585K->7408K(101888K)] 175640K->81463K(184832K), 0.0021380 secs] [Times: user=0.01 sys=0.00, real=0.00 secs] 
61.780: Total time for which application threads were stopped: 0.0022820 seconds, Stopping threads took: 0.0000680 seconds
61.957: Application time: 0.1769120 seconds
61.957: [GC [PSYoungGen: 101471K->6560K(97792K)] 175526K->80695K(180736K), 0.0022180 secs] [Times: user=0.01 sys=0.00, real=0.00 secs] 
61.959: Total time for which application threads were stopped: 0.0023710 seconds, Stopping threads took: 0.0000690 seconds
62.124: Application time: 0.1646510 seconds
62.124: [GC [PSYoungGen: 96695K->5376K(107520K)] 170830K->81783K(190464K), 0.0020140 secs] [Times: user=0.01 sys=0.01, real=0.01 secs] 
62.126: Total time for which application threads were stopped: 0.0021690 seconds, Stopping threads took: 0.0000820 seconds
62.335: Application time: 0.2088180 seconds
62.335: [GC [PSYoungGen: 107264K->5376K(103936K)] 183671K->81783K(186880K), 0.0015150 secs] [Times: user=0.01 sys=0.00, real=0.01 secs] 
62.336: Total time for which application threads were stopped: 0.0016600 seconds, Stopping threads took: 0.0000740 seconds
62.512: Application time: 0.1753430 seconds
62.512: [GC [PSYoungGen: 103109K->6528K(101376K)] 179516K->82935K(184320K), 0.0019200 secs] [Times: user=0.01 sys=0.00, real=0.00 secs] 
62.514: Total time for which application threads were stopped: 0.0020680 seconds, Stopping threads took: 0.0000630 seconds
62.690: Application time: 0.1766080 seconds
62.691: [GC [PSYoungGen: 100976K->6464K(98304K)] 177383K->83059K(181248K), 0.0022130 secs] [Times: user=0.01 sys=0.00, real=0.00 secs] 
62.693: Total time for which application threads were stopped: 0.0023760 seconds, Stopping threads took: 0.0000850 seconds
62.859: Application time: 0.1657830 seconds
62.859: [GC [PSYoungGen: 97993K->5344K(94208K)] 174589K->82047K(177152K), 0.0016620 secs] [Times: user=0.00 sys=0.00, real=0.00 secs] 
62.860: Total time for which application threads were stopped: 0.0018020 seconds, Stopping threads took: 0.0000680 seconds
63.028: Application time: 0.1673000 seconds
63.028: [GC [PSYoungGen: 93110K->5312K(91136K)] 169813K->82015K(174080K), 0.0019740 secs] [Times: user=0.01 sys=0.00, real=0.00 secs] 
63.030: Total time for which application threads were stopped: 0.0021370 seconds, Stopping threads took: 0.0000750 seconds
63.183: Application time: 0.1533520 seconds
63.183: [GC [PSYoungGen: 90080K->6528K(94208K)] 166783K->83231K(177152K), 0.0018540 secs] [Times: user=0.01 sys=0.00, real=0.01 secs] 
63.185: Total time for which application threads were stopped: 0.0020250 seconds, Stopping threads took: 0.0000990 seconds
63.352: Application time: 0.1667160 seconds
63.352: [GC [PSYoungGen: 93614K->1328K(86016K)] 170318K->78203K(168960K), 0.0006780 secs] [Times: user=0.00 sys=0.00, real=0.00 secs] 
63.353: Total time for which application threads were stopped: 0.0008100 seconds, Stopping threads took: 0.0000680 seconds
63.505: Application time: 0.1524520 seconds
63.505: [GC [PSYoungGen: 85262K->6400K(88576K)] 162138K->83388K(171520K), 0.0019930 secs] [Times: user=0.01 sys=0.00, real=0.00 secs] 
63.507: Total time for which application threads were stopped: 0.0021410 seconds, Stopping threads took: 0.0000630 seconds
63.655: Application time: 0.1476580 seconds
63.655: [GC [PSYoungGen: 88286K->6400K(91136K)] 165274K->83388K(174080K), 0.0018300 secs] [Times: user=0.02 sys=0.00, real=0.01 secs] 
63.657: Total time for which application threads were stopped: 0.0019900 seconds, Stopping threads took: 0.0000750 seconds
63.806: Application time: 0.1489530 seconds
63.806: [GC [PSYoungGen: 88303K->6400K(86016K)] 165291K->83388K(168960K), 0.0015390 secs] [Times: user=0.01 sys=0.00, real=0.00 secs] 
63.808: Total time for which application threads were stopped: 0.0016720 seconds, Stopping threads took: 0.0000540 seconds
63.962: Application time: 0.1547030 seconds
63.962: [GC [PSYoungGen: 85506K->2432K(79360K)] 162494K->79476K(162304K), 0.0010150 secs] [Times: user=0.01 sys=0.00, real=0.00 secs] 
63.964: Total time for which application threads were stopped: 0.0011300 seconds, Stopping threads took: 0.0000560 seconds
64.104: Application time: 0.1404380 seconds
64.104: [GC [PSYoungGen: 78601K->4400K(78848K)] 155645K->81620K(161792K), 0.0012750 secs] [Times: user=0.01 sys=0.00, real=0.01 secs] 
64.106: Total time for which application threads were stopped: 0.0016970 seconds, Stopping threads took: 0.0000660 seconds
64.239: Application time: 0.1334400 seconds
64.239: [GC [PSYoungGen: 78579K->6400K(94208K)] 155799K->83696K(177152K), 0.0019730 secs] [Times: user=0.02 sys=0.00, real=0.00 secs] 
64.241: Total time for which application threads were stopped: 0.0021460 seconds, Stopping threads took: 0.0000830 seconds
64.395: Application time: 0.1537000 seconds
64.395: [GC [PSYoungGen: 90612K->6400K(98304K)] 167908K->83696K(181248K), 0.0017920 secs] [Times: user=0.02 sys=0.00, real=0.01 secs] 
64.397: Total time for which application threads were stopped: 0.0019630 seconds, Stopping threads took: 0.0000950 seconds
64.566: Application time: 0.1694630 seconds
64.566: [GC [PSYoungGen: 95098K->2352K(88576K)] 172394K->79648K(171520K), 0.0008580 secs] [Times: user=0.01 sys=0.00, real=0.00 secs] 
64.567: Total time for which application threads were stopped: 0.0009900 seconds, Stopping threads took: 0.0000670 seconds
64.721: Application time: 0.1531980 seconds
64.721: [GC [PSYoungGen: 88368K->6464K(89600K)] 165664K->83940K(172544K), 0.0020260 secs] [Times: user=0.02 sys=0.00, real=0.00 secs] 
64.723: Total time for which application threads were stopped: 0.0021700 seconds, Stopping threads took: 0.0000720 seconds
64.872: Application time: 0.1489480 seconds
64.872: [GC [PSYoungGen: 88416K->6400K(92672K)] 165893K->83984K(175616K), 0.0018500 secs] [Times: user=0.01 sys=0.00, real=0.00 secs] 
64.874: Total time for which application threads were stopped: 0.0020190 seconds, Stopping threads took: 0.0000810 seconds
65.035: Application time: 0.1614710 seconds
65.035: [GC [PSYoungGen: 88856K->2272K(83456K)] 166441K->79856K(166400K), 0.0007500 secs] [Times: user=0.00 sys=0.00, real=0.00 secs] 
65.036: Total time for which application threads were stopped: 0.0008640 seconds, Stopping threads took: 0.0000560 seconds
65.182: Application time: 0.1463260 seconds
65.182: [GC [PSYoungGen: 82308K->4464K(82944K)] 159893K->82048K(165888K), 0.0013830 secs] [Times: user=0.01 sys=0.00, real=0.00 secs] 
65.184: Total time for which application threads were stopped: 0.0015120 seconds, Stopping threads took: 0.0000570 seconds
65.322: Application time: 0.1377250 seconds
65.322: [GC [PSYoungGen: 82110K->7424K(100352K)] 159694K->85144K(183296K), 0.0020360 secs] [Times: user=0.01 sys=0.00, real=0.00 secs] 
65.324: Total time for which application threads were stopped: 0.0022020 seconds, Stopping threads took: 0.0000710 seconds
65.489: Application time: 0.1652460 seconds
65.489: [GC [PSYoungGen: 98299K->6336K(100864K)] 176020K->84120K(183808K), 0.0019060 secs] [Times: user=0.01 sys=0.00, real=0.00 secs] 
65.491: Total time for which application threads were stopped: 0.0021350 seconds, Stopping threads took: 0.0001460 seconds
65.665: Application time: 0.1733160 seconds
65.665: [GC [PSYoungGen: 97244K->6400K(94720K)] 175028K->84252K(177664K), 0.0015480 secs] [Times: user=0.01 sys=0.00, real=0.00 secs] 
65.666: Total time for which application threads were stopped: 0.0016800 seconds, Stopping threads took: 0.0000640 seconds
65.823: Application time: 0.1565280 seconds
65.823: [GC [PSYoungGen: 93893K->7456K(115712K)] 171746K->85308K(198656K), 0.0018210 secs] [Times: user=0.01 sys=0.01, real=0.01 secs] 
65.825: Total time for which application threads were stopped: 0.0019660 seconds, Stopping threads took: 0.0000750 seconds
66.022: Application time: 0.1968310 seconds
66.022: [GC [PSYoungGen: 113086K->5536K(108032K)] 190939K->83436K(190976K), 0.0016270 secs] [Times: user=0.01 sys=0.00, real=0.00 secs] 
66.023: Total time for which application threads were stopped: 0.0017730 seconds, Stopping threads took: 0.0000690 seconds
66.212: Application time: 0.1889100 seconds
66.216: [GC [PSYoungGen: 107419K->6416K(105472K)] 185320K->84533K(188416K), 0.0020860 secs] [Times: user=0.02 sys=0.00, real=0.00 secs] 
66.218: Total time for which application threads were stopped: 0.0061090 seconds, Stopping threads took: 0.0039510 seconds
66.404: Application time: 0.1855300 seconds
66.404: [GC [PSYoungGen: 104896K->6368K(101888K)] 183014K->84525K(184832K), 0.0019200 secs] [Times: user=0.01 sys=0.00, real=0.01 secs] 
66.406: Total time for which application threads were stopped: 0.0021700 seconds, Stopping threads took: 0.0001740 seconds
66.574: Application time: 0.1678050 seconds
66.574: [GC [PSYoungGen: 100748K->7520K(106496K)] 178906K->85677K(189440K), 0.0021770 secs] [Times: user=0.01 sys=0.00, real=0.01 secs] 
66.576: Total time for which application threads were stopped: 0.0023690 seconds, Stopping threads took: 0.0001040 seconds
66.758: Application time: 0.1817400 seconds
66.758: [GC [PSYoungGen: 104209K->6464K(100352K)] 182366K->84809K(183296K), 0.0015350 secs] [Times: user=0.01 sys=0.00, real=0.00 secs] 
66.760: Total time for which application threads were stopped: 0.0016820 seconds, Stopping threads took: 0.0000780 seconds
66.938: Application time: 0.1782550 seconds
66.938: [GC [PSYoungGen: 100160K->4352K(95232K)] 178505K->82809K(178176K), 0.0015160 secs] [Times: user=0.01 sys=0.00, real=0.00 secs] 
66.940: Total time for which application threads were stopped: 0.0016650 seconds, Stopping threads took: 0.0000790 seconds
67.102: Application time: 0.1620280 seconds
67.102: [GC [PSYoungGen: 94264K->6368K(94208K)] 172721K->84825K(177152K), 0.0014990 secs] [Times: user=0.01 sys=0.00, real=0.00 secs] 
67.103: Total time for which application threads were stopped: 0.0016500 seconds, Stopping threads took: 0.0000770 seconds
67.271: Application time: 0.1678420 seconds
67.272: [GC [PSYoungGen: 93920K->1312K(86016K)] 172377K->79769K(168960K), 0.0008960 secs] [Times: user=0.00 sys=0.00, real=0.00 secs] 
67.273: Total time for which application threads were stopped: 0.0020320 seconds, Stopping threads took: 0.0010690 seconds
67.420: Application time: 0.1472800 seconds
67.421: [GC [PSYoungGen: 85221K->6432K(88576K)] 163678K->85069K(171520K), 0.0022050 secs] [Times: user=0.02 sys=0.00, real=0.00 secs] 
67.423: Total time for which application threads were stopped: 0.0023600 seconds, Stopping threads took: 0.0000750 seconds
67.575: Application time: 0.1524020 seconds
67.575: [GC [PSYoungGen: 87372K->7424K(103936K)] 166010K->86177K(186880K), 0.0021520 secs] [Times: user=0.02 sys=0.00, real=0.01 secs] 
67.577: Total time for which application threads were stopped: 0.0022950 seconds, Stopping threads took: 0.0000650 seconds
67.758: Application time: 0.1801470 seconds
67.758: [GC [PSYoungGen: 100655K->4352K(95744K)] 179408K->83105K(178688K), 0.0012510 secs] [Times: user=0.01 sys=0.00, real=0.00 secs] 
67.759: Total time for which application threads were stopped: 0.0014080 seconds, Stopping threads took: 0.0000740 seconds
67.916: Application time: 0.1570740 seconds
67.916: [GC [PSYoungGen: 95196K->6528K(94720K)] 173950K->85281K(177664K), 0.0020310 secs] [Times: user=0.02 sys=0.00, real=0.00 secs] 
67.918: Total time for which application threads were stopped: 0.0021870 seconds, Stopping threads took: 0.0000760 seconds
68.092: Application time: 0.1736600 seconds
68.092: [GC [PSYoungGen: 94510K->3408K(89088K)] 173264K->82338K(172032K), 0.0013180 secs] [Times: user=0.00 sys=0.00, real=0.00 secs] 
68.093: Total time for which application threads were stopped: 0.0014490 seconds, Stopping threads took: 0.0000640 seconds
68.242: Application time: 0.1482640 seconds
68.242: [GC [PSYoungGen: 87741K->6368K(88576K)] 166671K->85402K(171520K), 0.0020460 secs] [Times: user=0.02 sys=0.01, real=0.00 secs] 
68.244: Total time for which application threads were stopped: 0.0022120 seconds, Stopping threads took: 0.0000980 seconds
68.395: Application time: 0.1512250 seconds
68.395: [GC [PSYoungGen: 88186K->6400K(91648K)] 167221K->85434K(174592K), 0.0017790 secs] [Times: user=0.01 sys=0.00, real=0.01 secs] 
68.397: Total time for which application threads were stopped: 0.0019230 seconds, Stopping threads took: 0.0000650 seconds
68.547: Application time: 0.1501340 seconds
68.547: [GC [PSYoungGen: 87366K->7424K(91648K)] 166400K->86458K(174592K), 0.0020720 secs] [Times: user=0.01 sys=0.00, real=0.00 secs] 
68.549: Total time for which application threads were stopped: 0.0022110 seconds, Stopping threads took: 0.0000610 seconds
68.706: Application time: 0.1562960 seconds
68.706: [GC [PSYoungGen: 89344K->5424K(108032K)] 168378K->84498K(190976K), 0.0013530 secs] [Times: user=0.00 sys=0.00, real=0.00 secs] 
68.707: Total time for which application threads were stopped: 0.0014850 seconds, Stopping threads took: 0.0000620 seconds
68.880: Application time: 0.1731870 seconds
68.880: [GC [PSYoungGen: 103522K->7424K(108032K)] 182596K->86710K(190976K), 0.0019520 secs] [Times: user=0.01 sys=0.00, real=0.00 secs] 
68.882: Total time for which application threads were stopped: 0.0021130 seconds, Stopping threads took: 0.0000890 seconds
69.066: Application time: 0.1836910 seconds
69.066: [GC [PSYoungGen: 104932K->6400K(101376K)] 184219K->85726K(184320K), 0.0015010 secs] [Times: user=0.01 sys=0.00, real=0.00 secs] 
69.068: Total time for which application threads were stopped: 0.0016320 seconds, Stopping threads took: 0.0000520 seconds
69.249: Application time: 0.1808710 seconds
69.249: [GC [PSYoungGen: 100217K->4448K(96256K)] 179543K->83774K(179200K), 0.0013720 secs] [Times: user=0.00 sys=0.00, real=0.00 secs] 
69.250: Total time for which application threads were stopped: 0.0016990 seconds, Stopping threads took: 0.0000640 seconds
69.409: Application time: 0.1586200 seconds
69.409: [GC [PSYoungGen: 96065K->6464K(95232K)] 175391K->85938K(178176K), 0.0016040 secs] [Times: user=0.01 sys=0.00, real=0.00 secs] 
69.411: Total time for which application threads were stopped: 0.0017700 seconds, Stopping threads took: 0.0000980 seconds
69.585: Application time: 0.1741320 seconds
69.585: [GC [PSYoungGen: 94491K->3312K(89088K)] 173966K->82906K(172032K), 0.0013800 secs] [Times: user=0.00 sys=0.00, real=0.00 secs] 
69.587: Total time for which application threads were stopped: 0.0016100 seconds, Stopping threads took: 0.0001520 seconds
69.735: Application time: 0.1480780 seconds
69.735: [GC [PSYoungGen: 88356K->7424K(90112K)] 167951K->87058K(173056K), 0.0021400 secs] [Times: user=0.01 sys=0.00, real=0.01 secs] 
69.737: Total time for which application threads were stopped: 0.0023040 seconds, Stopping threads took: 0.0000900 seconds
69.893: Application time: 0.1557490 seconds
69.893: [GC [PSYoungGen: 89550K->6400K(108544K)] 169185K->86034K(191488K), 0.0019200 secs] [Times: user=0.01 sys=0.00, real=0.00 secs] 
69.895: Total time for which application threads were stopped: 0.0020600 seconds, Stopping threads took: 0.0000570 seconds
70.076: Application time: 0.1811890 seconds
70.076: [GC [PSYoungGen: 104446K->6528K(109056K)] 184081K->86202K(192000K), 0.0020650 secs] [Times: user=0.01 sys=0.00, real=0.01 secs] 
70.078: Total time for which application threads were stopped: 0.0022210 seconds, Stopping threads took: 0.0000800 seconds
70.270: Application time: 0.1921170 seconds
70.270: [GC [PSYoungGen: 105371K->4368K(100352K)] 185046K->84243K(183296K), 0.0015030 secs] [Times: user=0.01 sys=0.00, real=0.00 secs] 
70.272: Total time for which application threads were stopped: 0.0016570 seconds, Stopping threads took: 0.0000730 seconds
70.439: Application time: 0.1675940 seconds
70.440: [GC [PSYoungGen: 100096K->6400K(98816K)] 179971K->86315K(181760K), 0.0019630 secs] [Times: user=0.01 sys=0.01, real=0.00 secs] 
70.442: Total time for which application threads were stopped: 0.0021020 seconds, Stopping threads took: 0.0000660 seconds
70.614: Application time: 0.1722610 seconds
70.614: [GC [PSYoungGen: 97876K->7488K(102912K)] 177791K->87403K(185856K), 0.0022630 secs] [Times: user=0.01 sys=0.00, real=0.01 secs] 
70.616: Total time for which application threads were stopped: 0.0024220 seconds, Stopping threads took: 0.0000820 seconds
70.785: Application time: 0.1685670 seconds
70.785: [GC [PSYoungGen: 100494K->6464K(120320K)] 180409K->86515K(203264K), 0.0015950 secs] [Times: user=0.01 sys=0.00, real=0.00 secs] 
70.787: Total time for which application threads were stopped: 0.0018220 seconds, Stopping threads took: 0.0001460 seconds
70.992: Application time: 0.2048970 seconds
70.992: [GC [PSYoungGen: 116040K->7424K(114176K)] 196091K->87587K(197120K), 0.0018700 secs] [Times: user=0.01 sys=0.00, real=0.00 secs] 
70.994: Total time for which application threads were stopped: 0.0020080 seconds, Stopping threads took: 0.0000580 seconds
71.194: Application time: 0.1999310 seconds
71.194: [GC [PSYoungGen: 113625K->5376K(108032K)] 193788K->85587K(190976K), 0.0015660 secs] [Times: user=0.01 sys=0.00, real=0.00 secs] 
71.195: Total time for which application threads were stopped: 0.0017120 seconds, Stopping threads took: 0.0000690 seconds
71.382: Application time: 0.1872270 seconds
71.383: [GC [PSYoungGen: 107535K->6464K(105472K)] 187746K->86675K(188416K), 0.0020090 secs] [Times: user=0.01 sys=0.00, real=0.01 secs] 
71.385: Total time for which application threads were stopped: 0.0021630 seconds, Stopping threads took: 0.0000730 seconds
71.569: Application time: 0.1841170 seconds
71.569: [GC [PSYoungGen: 105280K->5440K(100864K)] 185491K->85823K(183808K), 0.0016850 secs] [Times: user=0.01 sys=0.00, real=0.00 secs] 
71.571: Total time for which application threads were stopped: 0.0018330 seconds, Stopping threads took: 0.0000770 seconds
71.749: Application time: 0.1779820 seconds
71.749: [GC [PSYoungGen: 99864K->4352K(96768K)] 180247K->84843K(179712K), 0.0014470 secs] [Times: user=0.01 sys=0.00, real=0.00 secs] 
71.750: Total time for which application threads were stopped: 0.0015950 seconds, Stopping threads took: 0.0000780 seconds
71.916: Application time: 0.1662610 seconds
71.917: [GC [PSYoungGen: 95959K->5376K(94720K)] 176451K->85867K(177664K), 0.0017290 secs] [Times: user=0.01 sys=0.00, real=0.00 secs] 
71.918: Total time for which application threads were stopped: 0.0018910 seconds, Stopping threads took: 0.0000850 seconds
72.084: Application time: 0.1653990 seconds
72.084: [GC [PSYoungGen: 94464K->4448K(90624K)] 174955K->84987K(173568K), 0.0015770 secs] [Times: user=0.01 sys=0.00, real=0.01 secs] 
72.085: Total time for which application threads were stopped: 0.0017310 seconds, Stopping threads took: 0.0000840 seconds
72.244: Application time: 0.1581720 seconds
72.244: [GC [PSYoungGen: 89868K->4400K(87552K)] 170407K->85083K(170496K), 0.0015640 secs] [Times: user=0.01 sys=0.00, real=0.01 secs] 
72.245: Total time for which application threads were stopped: 0.0017640 seconds, Stopping threads took: 0.0001330 seconds
72.393: Application time: 0.1476740 seconds
72.393: [GC [PSYoungGen: 86424K->7392K(91648K)] 167108K->88188K(174592K), 0.0022820 secs] [Times: user=0.02 sys=0.00, real=0.00 secs] 
72.396: Total time for which application threads were stopped: 0.0025010 seconds, Stopping threads took: 0.0001370 seconds
72.552: Application time: 0.1562520 seconds
72.552: [GC [PSYoungGen: 89610K->5376K(86016K)] 170406K->86172K(168960K), 0.0012190 secs] [Times: user=0.00 sys=0.01, real=0.00 secs] 
72.553: Total time for which application threads were stopped: 0.0013750 seconds, Stopping threads took: 0.0000650 seconds
72.700: Application time: 0.1469820 seconds
72.700: [GC [PSYoungGen: 84857K->5472K(83456K)] 165653K->86268K(166400K), 0.0017470 secs] [Times: user=0.01 sys=0.00, real=0.00 secs] 
72.702: Total time for which application threads were stopped: 0.0018810 seconds, Stopping threads took: 0.0000590 seconds
72.849: Application time: 0.1467870 seconds
72.849: [GC [PSYoungGen: 82959K->3408K(78848K)] 163755K->84388K(161792K), 0.0009670 secs] [Times: user=0.00 sys=0.00, real=0.00 secs] 
72.850: Total time for which application threads were stopped: 0.0010980 seconds, Stopping threads took: 0.0000700 seconds
72.987: Application time: 0.1371900 seconds
72.987: [GC [PSYoungGen: 77899K->4320K(77312K)] 158880K->85412K(160256K), 0.0014480 secs] [Times: user=0.01 sys=0.00, real=0.00 secs] 
72.989: Total time for which application threads were stopped: 0.0016620 seconds, Stopping threads took: 0.0001410 seconds
73.124: Application time: 0.1348390 seconds
73.124: [GC [PSYoungGen: 76543K->3328K(74240K)] 157635K->84420K(157184K), 0.0012680 secs] [Times: user=0.00 sys=0.00, real=0.01 secs] 
73.125: Total time for which application threads were stopped: 0.0014440 seconds, Stopping threads took: 0.0000970 seconds
73.255: Application time: 0.1295420 seconds
73.255: [GC [PSYoungGen: 73109K->3312K(72192K)] 154201K->84404K(155136K), 0.0012150 secs] [Times: user=0.01 sys=0.00, real=0.00 secs] 
73.256: Total time for which application threads were stopped: 0.0013620 seconds, Stopping threads took: 0.0000800 seconds
73.373: Application time: 0.1174070 seconds
73.374: [GC [PSYoungGen: 71920K->7520K(86016K)] 153012K->88652K(168960K), 0.0023140 secs] [Times: user=0.01 sys=0.00, real=0.00 secs] 
73.376: Total time for which application threads were stopped: 0.0024720 seconds, Stopping threads took: 0.0000760 seconds
73.526: Application time: 0.1499500 seconds
73.526: [GC [PSYoungGen: 84832K->4400K(86528K)] 165964K->85680K(169472K), 0.0013520 secs] [Times: user=0.01 sys=0.00, real=0.00 secs] 
73.527: Total time for which application threads were stopped: 0.0014840 seconds, Stopping threads took: 0.0000600 seconds
73.670: Application time: 0.1428820 seconds
73.670: [GC [PSYoungGen: 81639K->5344K(101376K)] 162920K->86732K(184320K), 0.0013550 secs] [Times: user=0.01 sys=0.00, real=0.00 secs] 
73.672: Total time for which application threads were stopped: 0.0015910 seconds, Stopping threads took: 0.0001530 seconds
73.841: Application time: 0.1689510 seconds
73.841: [GC [PSYoungGen: 98387K->5376K(95744K)] 179776K->86764K(178688K), 0.0014080 secs] [Times: user=0.01 sys=0.00, real=0.00 secs] 
73.842: Total time for which application threads were stopped: 0.0015680 seconds, Stopping threads took: 0.0000910 seconds
74.012: Application time: 0.1698330 seconds
74.012: [GC [PSYoungGen: 95488K->6496K(98816K)] 176876K->87884K(181760K), 0.0020840 secs] [Times: user=0.01 sys=0.00, real=0.00 secs] 
74.014: Total time for which application threads were stopped: 0.0023000 seconds, Stopping threads took: 0.0001230 seconds
74.179: Application time: 0.1641220 seconds
74.179: [GC [PSYoungGen: 96608K->6448K(98816K)] 177996K->88016K(181760K), 0.0018350 secs] [Times: user=0.01 sys=0.00, real=0.00 secs] 
74.181: Total time for which application threads were stopped: 0.0019840 seconds, Stopping threads took: 0.0000680 seconds
74.352: Application time: 0.1711130 seconds
74.352: [GC [PSYoungGen: 96115K->4320K(91648K)] 177683K->86004K(174592K), 0.0011420 secs] [Times: user=0.00 sys=0.01, real=0.00 secs] 
74.353: Total time for which application threads were stopped: 0.0017320 seconds, Stopping threads took: 0.0000870 seconds
74.508: Application time: 0.1546490 seconds
74.508: [GC [PSYoungGen: 90780K->6368K(90624K)] 172465K->88052K(173568K), 0.0019750 secs] [Times: user=0.01 sys=0.00, real=0.00 secs] 
74.510: Total time for which application threads were stopped: 0.0021490 seconds, Stopping threads took: 0.0000980 seconds
74.660: Application time: 0.1494800 seconds
74.660: [GC [PSYoungGen: 89676K->6464K(107520K)] 171361K->89172K(190464K), 0.0018220 secs] [Times: user=0.00 sys=0.01, real=0.00 secs] 
74.662: [Full GC [PSYoungGen: 6464K->0K(107520K)] [ParOldGen: 82708K->10671K(44032K)] 89172K->10671K(151552K) [PSPermGen: 5510K->5500K(21504K)], 0.0155630 secs] [Times: user=0.08 sys=0.00, real=0.02 secs] 
74.677: Total time for which application threads were stopped: 0.0175960 seconds, Stopping threads took: 0.0000770 seconds
74.864: Application time: 0.1869580 seconds
74.864: [GC [PSYoungGen: 100088K->5472K(102912K)] 110760K->16144K(146944K), 0.0016340 secs] [Times: user=0.01 sys=0.00, real=0.00 secs] 
74.866: Total time for which application threads were stopped: 0.0017960 seconds, Stopping threads took: 0.0000830 seconds
75.050: Application time: 0.1839390 seconds
75.050: [GC [PSYoungGen: 102752K->6400K(100352K)] 113424K->17256K(144384K), 0.0018370 secs] [Times: user=0.01 sys=0.00, real=0.00 secs] 
75.052: Total time for which application threads were stopped: 0.0020020 seconds, Stopping threads took: 0.0000880 seconds
75.218: Application time: 0.1662210 seconds
75.218: [GC [PSYoungGen: 99301K->7424K(104448K)] 110157K->18280K(148480K), 0.0020440 secs] [Times: user=0.02 sys=0.00, real=0.00 secs] 
75.220: Total time for which application threads were stopped: 0.0021920 seconds, Stopping threads took: 0.0000690 seconds
75.401: Application time: 0.1804480 seconds
75.401: [GC [PSYoungGen: 102291K->7504K(100352K)] 113147K->18360K(144384K), 0.0016380 secs] [Times: user=0.01 sys=0.00, real=0.00 secs] 
75.403: Total time for which application threads were stopped: 0.0017930 seconds, Stopping threads took: 0.0000780 seconds
75.575: Application time: 0.1726290 seconds
75.575: [GC [PSYoungGen: 99954K->4400K(94208K)] 110810K->15432K(138240K), 0.0015400 secs] [Times: user=0.00 sys=0.01, real=0.01 secs] 
75.577: Total time for which application threads were stopped: 0.0016990 seconds, Stopping threads took: 0.0000880 seconds
75.741: Application time: 0.1640330 seconds
75.741: [GC [PSYoungGen: 93765K->6400K(93184K)] 104798K->18568K(137216K), 0.0016290 secs] [Times: user=0.01 sys=0.00, real=0.00 secs] 
75.743: Total time for which application threads were stopped: 0.0017680 seconds, Stopping threads took: 0.0000660 seconds
75.900: Application time: 0.1567720 seconds
75.900: [GC [PSYoungGen: 92552K->6400K(90112K)] 104721K->18568K(134144K), 0.0020020 secs] [Times: user=0.01 sys=0.00, real=0.00 secs] 
75.902: Total time for which application threads were stopped: 0.0021410 seconds, Stopping threads took: 0.0000650 seconds
76.060: Application time: 0.1584560 seconds
76.060: [GC [PSYoungGen: 88943K->3440K(84480K)] 101111K->15608K(128512K), 0.0011090 secs] [Times: user=0.01 sys=0.00, real=0.00 secs] 
76.061: Total time for which application threads were stopped: 0.0012640 seconds, Stopping threads took: 0.0000810 seconds
76.207: Application time: 0.1458490 seconds
76.207: [GC [PSYoungGen: 83969K->5456K(83968K)] 96137K->17812K(128000K), 0.0017000 secs] [Times: user=0.01 sys=0.00, real=0.00 secs] 
76.209: Total time for which application threads were stopped: 0.0018420 seconds, Stopping threads took: 0.0000670 seconds
76.351: Application time: 0.1422800 seconds
76.352: [GC [PSYoungGen: 82954K->6400K(82432K)] 95311K->18868K(126464K), 0.0018020 secs] [Times: user=0.02 sys=0.00, real=0.00 secs] 
76.353: Total time for which application threads were stopped: 0.0019370 seconds, Stopping threads took: 0.0000640 seconds
76.489: Application time: 0.1358770 seconds
76.489: [GC [PSYoungGen: 81752K->6368K(97792K)] 94220K->18836K(141824K), 0.0017960 secs] [Times: user=0.01 sys=0.00, real=0.00 secs] 
76.491: Total time for which application threads were stopped: 0.0019500 seconds, Stopping threads took: 0.0000820 seconds
76.665: Application time: 0.1741560 seconds
76.666: [GC [PSYoungGen: 96981K->5376K(99840K)] 109450K->17844K(143872K), 0.0015580 secs] [Times: user=0.01 sys=0.00, real=0.00 secs] 
76.667: Total time for which application threads were stopped: 0.0017350 seconds, Stopping threads took: 0.0000910 seconds
76.830: Application time: 0.1624950 seconds
76.830: [GC [PSYoungGen: 95757K->4400K(92672K)] 108226K->16916K(136704K), 0.0014920 secs] [Times: user=0.00 sys=0.00, real=0.00 secs] 
76.831: Total time for which application threads were stopped: 0.0016640 seconds, Stopping threads took: 0.0001050 seconds
76.996: Application time: 0.1644790 seconds
76.996: [GC [PSYoungGen: 91648K->4432K(90624K)] 104165K->17085K(134656K), 0.0014520 secs] [Times: user=0.00 sys=0.00, real=0.01 secs] 
76.997: Total time for which application threads were stopped: 0.0016000 seconds, Stopping threads took: 0.0000760 seconds
77.153: Application time: 0.1560330 seconds
77.153: [GC [PSYoungGen: 89065K->5376K(88064K)] 101718K->18129K(132096K), 0.0016840 secs] [Times: user=0.01 sys=0.00, real=0.00 secs] 
77.155: Total time for which application threads were stopped: 0.0018390 seconds, Stopping threads took: 0.0000820 seconds
77.309: Application time: 0.1535090 seconds
77.309: [GC [PSYoungGen: 87691K->5376K(85504K)] 100444K->18129K(129536K), 0.0015820 secs] [Times: user=0.01 sys=0.00, real=0.00 secs] 
77.310: Total time for which application threads were stopped: 0.0017480 seconds, Stopping threads took: 0.0000840 seconds
77.458: Application time: 0.1480010 seconds
77.459: [GC [PSYoungGen: 84623K->4448K(81920K)] 97377K->17201K(125952K), 0.0013840 secs] [Times: user=0.01 sys=0.00, real=0.00 secs] 
77.460: Total time for which application threads were stopped: 0.0015330 seconds, Stopping threads took: 0.0000840 seconds
77.604: Application time: 0.1438790 seconds
77.604: [GC [PSYoungGen: 81673K->4432K(79360K)] 94426K->17349K(123392K), 0.0014420 secs] [Times: user=0.01 sys=0.00, real=0.01 secs] 
77.605: Total time for which application threads were stopped: 0.0015780 seconds, Stopping threads took: 0.0000680 seconds
77.745: Application time: 0.1392260 seconds
77.745: [GC [PSYoungGen: 79121K->4352K(76800K)] 92038K->17389K(120832K), 0.0013670 secs] [Times: user=0.00 sys=0.00, real=0.00 secs] 
77.746: Total time for which application threads were stopped: 0.0015060 seconds, Stopping threads took: 0.0000700 seconds
77.881: Application time: 0.1343140 seconds
77.881: [GC [PSYoungGen: 76543K->4352K(75776K)] 89580K->17389K(119808K), 0.0012950 secs] [Times: user=0.01 sys=0.00, real=0.00 secs] 
77.882: Total time for which application threads were stopped: 0.0014510 seconds, Stopping threads took: 0.0000770 seconds
78.009: Application time: 0.1275160 seconds
78.010: [GC [PSYoungGen: 74147K->4352K(72704K)] 87184K->17389K(116736K), 0.0012440 secs] [Times: user=0.00 sys=0.00, real=0.00 secs] 
78.011: Total time for which application threads were stopped: 0.0013810 seconds, Stopping threads took: 0.0000730 seconds
78.137: Application time: 0.1260000 seconds
78.137: [GC [PSYoungGen: 72278K->3328K(71680K)] 85315K->16413K(115712K), 0.0011230 secs] [Times: user=0.00 sys=0.00, real=0.00 secs] 
78.138: Total time for which application threads were stopped: 0.0012500 seconds, Stopping threads took: 0.0000590 seconds
78.258: Application time: 0.1198040 seconds
78.258: [GC [PSYoungGen: 69265K->6512K(73728K)] 82350K->19741K(117760K), 0.0018070 secs] [Times: user=0.01 sys=0.00, real=0.00 secs] 
78.260: Total time for which application threads were stopped: 0.0019510 seconds, Stopping threads took: 0.0000660 seconds
78.382: Application time: 0.1222610 seconds
78.382: [GC [PSYoungGen: 71854K->4352K(68608K)] 85083K->17697K(112640K), 0.0009340 secs] [Times: user=0.01 sys=0.00, real=0.00 secs] 
78.383: Total time for which application threads were stopped: 0.0011040 seconds, Stopping threads took: 0.0000900 seconds
78.497: Application time: 0.1132530 seconds
78.497: [GC [PSYoungGen: 67431K->5344K(84480K)] 80776K->18689K(128512K), 0.0015330 secs] [Times: user=0.01 sys=0.00, real=0.00 secs] 
78.498: Total time for which application threads were stopped: 0.0016770 seconds, Stopping threads took: 0.0000720 seconds
78.645: Application time: 0.1465370 seconds
78.645: [GC [PSYoungGen: 82091K->5376K(84480K)] 95437K->18721K(128512K), 0.0013090 secs] [Times: user=0.00 sys=0.00, real=0.00 secs] 
78.646: Total time for which application threads were stopped: 0.0014830 seconds, Stopping threads took: 0.0000990 seconds
78.787: Application time: 0.1408500 seconds
78.787: [GC [PSYoungGen: 81490K->3424K(77824K)] 94836K->16769K(121856K), 0.0011160 secs] [Times: user=0.01 sys=0.00, real=0.00 secs] 
78.788: Total time for which application threads were stopped: 0.0012500 seconds, Stopping threads took: 0.0000630 seconds
78.923: Application time: 0.1343820 seconds
78.923: [GC [PSYoungGen: 76998K->3376K(76800K)] 90344K->16897K(120832K), 0.0011110 secs] [Times: user=0.01 sys=0.00, real=0.00 secs] 
78.924: Total time for which application threads were stopped: 0.0012590 seconds, Stopping threads took: 0.0000700 seconds
79.057: Application time: 0.1335290 seconds
79.058: [GC [PSYoungGen: 74448K->4352K(74240K)] 87970K->17986K(118272K), 0.0013430 secs] [Times: user=0.01 sys=0.00, real=0.00 secs] 
79.059: Total time for which application threads were stopped: 0.0014820 seconds, Stopping threads took: 0.0000680 seconds
79.185: Application time: 0.1258890 seconds
79.185: [GC [PSYoungGen: 73176K->5312K(73216K)] 86810K->18946K(117248K), 0.0015190 secs] [Times: user=0.01 sys=0.00, real=0.00 secs] 
79.187: Total time for which application threads were stopped: 0.0016580 seconds, Stopping threads took: 0.0000670 seconds
79.309: Application time: 0.1224240 seconds
79.309: [GC [PSYoungGen: 71879K->6336K(75264K)] 85513K->19970K(119296K), 0.0019130 secs] [Times: user=0.01 sys=0.00, real=0.00 secs] 
79.311: Total time for which application threads were stopped: 0.0020830 seconds, Stopping threads took: 0.0000930 seconds
79.436: Application time: 0.1246830 seconds
79.436: [GC [PSYoungGen: 73384K->5456K(89088K)] 87018K->19090K(133120K), 0.0012690 secs] [Times: user=0.00 sys=0.01, real=0.01 secs] 
79.437: Total time for which application threads were stopped: 0.0016710 seconds, Stopping threads took: 0.0000640 seconds
79.586: Application time: 0.1485100 seconds
79.586: [GC [PSYoungGen: 86864K->7488K(89088K)] 100498K->21306K(133120K), 0.0018690 secs] [Times: user=0.01 sys=0.00, real=0.00 secs] 
79.588: Total time for which application threads were stopped: 0.0020490 seconds, Stopping threads took: 0.0001070 seconds
79.737: Application time: 0.1494440 seconds
79.738: [GC [PSYoungGen: 88583K->6432K(105472K)] 102401K->20318K(149504K), 0.0014250 secs] [Times: user=0.01 sys=0.00, real=0.00 secs] 
79.739: Total time for which application threads were stopped: 0.0015680 seconds, Stopping threads took: 0.0000700 seconds
79.922: Application time: 0.1826250 seconds
79.922: [GC [PSYoungGen: 103712K->6368K(100352K)] 117598K->20286K(144384K), 0.0015030 secs] [Times: user=0.01 sys=0.00, real=0.00 secs] 
79.923: Total time for which application threads were stopped: 0.0016620 seconds, Stopping threads took: 0.0000930 seconds
80.095: Application time: 0.1721960 seconds
80.096: [GC [PSYoungGen: 100026K->5456K(96256K)] 113945K->19374K(140288K), 0.0015060 secs] [Times: user=0.00 sys=0.01, real=0.01 secs] 
80.097: Total time for which application threads were stopped: 0.0016550 seconds, Stopping threads took: 0.0000710 seconds
80.264: Application time: 0.1664040 seconds
80.264: [GC [PSYoungGen: 95180K->5472K(93184K)] 109098K->19534K(137216K), 0.0018050 secs] [Times: user=0.01 sys=0.00, real=0.01 secs] 
80.265: Total time for which application threads were stopped: 0.0019510 seconds, Stopping threads took: 0.0000700 seconds
80.424: Application time: 0.1583170 seconds
80.424: [GC [PSYoungGen: 92029K->5376K(90112K)] 106092K->19554K(134144K), 0.0015170 secs] [Times: user=0.00 sys=0.00, real=0.01 secs] 
80.425: Total time for which application threads were stopped: 0.0016540 seconds, Stopping threads took: 0.0000670 seconds
80.582: Application time: 0.1569010 seconds
80.582: [GC [PSYoungGen: 89121K->5376K(87552K)] 103300K->19594K(131584K), 0.0017950 secs] [Times: user=0.00 sys=0.01, real=0.01 secs] 
80.584: Total time for which application threads were stopped: 0.0019580 seconds, Stopping threads took: 0.0000910 seconds
80.737: Application time: 0.1525350 seconds
80.737: [GC [PSYoungGen: 86871K->4352K(83968K)] 101089K->19594K(128000K), 0.0014860 secs] [Times: user=0.01 sys=0.00, real=0.00 secs] 
80.739: Total time for which application threads were stopped: 0.0017130 seconds, Stopping threads took: 0.0001490 seconds
80.886: Application time: 0.1477030 seconds
80.886: [GC [PSYoungGen: 83587K->3392K(80384K)] 98830K->18674K(124416K), 0.0010960 secs] [Times: user=0.01 sys=0.00, real=0.00 secs] 
80.888: Total time for which application threads were stopped: 0.0012190 seconds, Stopping threads took: 0.0000630 seconds
81.023: Application time: 0.1358280 seconds
81.024: [GC [PSYoungGen: 80001K->7456K(87040K)] 95284K->22878K(131072K), 0.0020870 secs] [Times: user=0.02 sys=0.00, real=0.01 secs] 
81.026: Total time for which application threads were stopped: 0.0023960 seconds, Stopping threads took: 0.0002320 seconds
81.176: Application time: 0.1501820 seconds
81.176: [GC [PSYoungGen: 86524K->6336K(87552K)] 101947K->21863K(131584K), 0.0018280 secs] [Times: user=0.00 sys=0.00, real=0.01 secs] 
81.178: Total time for which application threads were stopped: 0.0019860 seconds, Stopping threads took: 0.0000840 seconds
81.327: Application time: 0.1488450 seconds
81.327: [GC [PSYoungGen: 85481K->6400K(103936K)] 101008K->21927K(147968K), 0.0014390 secs] [Times: user=0.01 sys=0.00, real=0.00 secs] 
81.328: Total time for which application threads were stopped: 0.0016000 seconds, Stopping threads took: 0.0000840 seconds
81.502: Application time: 0.1735870 seconds
81.502: [GC [PSYoungGen: 101379K->5456K(97792K)] 116906K->20983K(141824K), 0.0012970 secs] [Times: user=0.01 sys=0.00, real=0.00 secs] 
81.503: Total time for which application threads were stopped: 0.0014110 seconds, Stopping threads took: 0.0000480 seconds
81.673: Application time: 0.1697840 seconds
81.673: [GC [PSYoungGen: 97274K->4416K(93696K)] 112801K->20123K(137728K), 0.0013350 secs] [Times: user=0.01 sys=0.00, real=0.00 secs] 
81.675: Total time for which application threads were stopped: 0.0014880 seconds, Stopping threads took: 0.0000850 seconds
81.839: Application time: 0.1641560 seconds
81.839: [GC [PSYoungGen: 93340K->7424K(93696K)] 109047K->23243K(137728K), 0.0021500 secs] [Times: user=0.02 sys=0.00, real=0.00 secs] 
81.841: Total time for which application threads were stopped: 0.0023000 seconds, Stopping threads took: 0.0000670 seconds
82.005: Application time: 0.1635160 seconds
82.005: [GC [PSYoungGen: 93440K->5312K(88576K)] 109259K->21131K(132608K), 0.0014930 secs] [Times: user=0.00 sys=0.00, real=0.00 secs] 
82.006: Total time for which application threads were stopped: 0.0016280 seconds, Stopping threads took: 0.0000620 seconds
82.161: Application time: 0.1542660 seconds
82.161: [GC [PSYoungGen: 87314K->3392K(83968K)] 103133K->19211K(128000K), 0.0011900 secs] [Times: user=0.01 sys=0.00, real=0.00 secs] 
82.162: Total time for which application threads were stopped: 0.0013330 seconds, Stopping threads took: 0.0000720 seconds
82.308: Application time: 0.1466550 seconds
82.309: [GC [PSYoungGen: 83503K->7392K(88576K)] 99322K->23379K(132608K), 0.0021240 secs] [Times: user=0.01 sys=0.00, real=0.00 secs] 
82.311: Total time for which application threads were stopped: 0.0022620 seconds, Stopping threads took: 0.0000620 seconds
82.457: Application time: 0.1464930 seconds
82.457: [GC [PSYoungGen: 86312K->5376K(82944K)] 102299K->21439K(126976K), 0.0015230 secs] [Times: user=0.01 sys=0.00, real=0.00 secs] 
82.459: Total time for which application threads were stopped: 0.0016650 seconds, Stopping threads took: 0.0000630 seconds
82.599: Application time: 0.1397150 seconds
82.599: [GC [PSYoungGen: 82013K->6400K(86016K)] 98077K->22503K(130048K), 0.0018310 secs] [Times: user=0.01 sys=0.00, real=0.00 secs] 
82.601: Total time for which application threads were stopped: 0.0019980 seconds, Stopping threads took: 0.0000940 seconds
82.746: Application time: 0.1449990 seconds
82.746: [GC [PSYoungGen: 83060K->5376K(86016K)] 99164K->21479K(130048K), 0.0014510 secs] [Times: user=0.01 sys=0.00, real=0.00 secs] 
82.747: Total time for which application threads were stopped: 0.0015960 seconds, Stopping threads took: 0.0000640 seconds
82.889: Application time: 0.1412820 seconds
82.889: [GC [PSYoungGen: 82688K->6432K(101888K)] 98791K->22535K(145920K), 0.0014330 secs] [Times: user=0.01 sys=0.00, real=0.00 secs] 
82.890: Total time for which application threads were stopped: 0.0015680 seconds, Stopping threads took: 0.0000630 seconds
83.063: Application time: 0.1733290 seconds
83.064: [GC [PSYoungGen: 99270K->3312K(93696K)] 115374K->19595K(137728K), 0.0010920 secs] [Times: user=0.01 sys=0.00, real=0.01 secs] 
83.065: Total time for which application threads were stopped: 0.0012410 seconds, Stopping threads took: 0.0000700 seconds
83.228: Application time: 0.1630860 seconds
83.228: [GC [PSYoungGen: 93424K->6400K(93696K)] 109707K->22788K(137728K), 0.0017600 secs] [Times: user=0.00 sys=0.00, real=0.00 secs] 
83.230: Total time for which application threads were stopped: 0.0019190 seconds, Stopping threads took: 0.0000850 seconds
83.395: Application time: 0.1649470 seconds
83.395: [GC [PSYoungGen: 93428K->4320K(88576K)] 109816K->20707K(132608K), 0.0014180 secs] [Times: user=0.01 sys=0.00, real=0.01 secs] 
83.396: Total time for which application threads were stopped: 0.0015550 seconds, Stopping threads took: 0.0000650 seconds
83.549: Application time: 0.1530190 seconds
83.549: [GC [PSYoungGen: 88220K->6544K(88064K)] 104608K->22932K(132096K), 0.0017830 secs] [Times: user=0.01 sys=0.00, real=0.00 secs] 
83.551: Total time for which application threads were stopped: 0.0019190 seconds, Stopping threads took: 0.0000660 seconds
83.700: Application time: 0.1484550 seconds
83.700: [GC [PSYoungGen: 87794K->5440K(84480K)] 104182K->22016K(128512K), 0.0016680 secs] [Times: user=0.01 sys=0.00, real=0.00 secs] 
83.701: Total time for which application threads were stopped: 0.0018330 seconds, Stopping threads took: 0.0000870 seconds
83.848: Application time: 0.1464370 seconds
83.848: [GC [PSYoungGen: 83377K->6400K(87552K)] 99954K->23088K(131584K), 0.0018200 secs] [Times: user=0.02 sys=0.00, real=0.00 secs] 
83.850: Total time for which application threads were stopped: 0.0019660 seconds, Stopping threads took: 0.0000740 seconds
83.999: Application time: 0.1487880 seconds
83.999: [GC [PSYoungGen: 84551K->4352K(80896K)] 101239K->21040K(124928K), 0.0013390 secs] [Times: user=0.00 sys=0.00, real=0.00 secs] 
84.000: Total time for which application threads were stopped: 0.0014910 seconds, Stopping threads took: 0.0000770 seconds
84.141: Application time: 0.1411700 seconds
84.141: [GC [PSYoungGen: 80466K->3360K(79872K)] 97154K->20048K(123904K), 0.0011500 secs] [Times: user=0.01 sys=0.00, real=0.00 secs] 
84.143: Total time for which application threads were stopped: 0.0012910 seconds, Stopping threads took: 0.0000720 seconds
84.278: Application time: 0.1352560 seconds
84.278: [GC [PSYoungGen: 76902K->4304K(76288K)] 93590K->21100K(120320K), 0.0014210 secs] [Times: user=0.00 sys=0.00, real=0.00 secs] 
84.279: Total time for which application threads were stopped: 0.0015670 seconds, Stopping threads took: 0.0000640 seconds
84.413: Application time: 0.1334270 seconds
84.416: [GC [PSYoungGen: 75789K->5456K(75264K)] 92585K->22336K(119296K), 0.0017130 secs] [Times: user=0.01 sys=0.00, real=0.00 secs] 
84.418: Total time for which application threads were stopped: 0.0051240 seconds, Stopping threads took: 0.0033380 seconds
84.546: Application time: 0.1276310 seconds
84.546: [GC [PSYoungGen: 75088K->4352K(72192K)] 91968K->21356K(116224K), 0.0012900 secs] [Times: user=0.00 sys=0.00, real=0.00 secs] 
84.547: Total time for which application threads were stopped: 0.0014660 seconds, Stopping threads took: 0.0001060 seconds
84.674: Application time: 0.1266270 seconds
84.674: [GC [PSYoungGen: 71854K->4320K(71680K)] 88859K->21324K(115712K), 0.0012580 secs] [Times: user=0.00 sys=0.00, real=0.00 secs] 
84.675: Total time for which application threads were stopped: 0.0013850 seconds, Stopping threads took: 0.0000560 seconds
84.789: Application time: 0.1135280 seconds
84.789: [GC [PSYoungGen: 69187K->5376K(73728K)] 86191K->22380K(117760K), 0.0014410 secs] [Times: user=0.01 sys=0.00, real=0.00 secs] 
84.790: Total time for which application threads were stopped: 0.0015910 seconds, Stopping threads took: 0.0000690 seconds
84.911: Application time: 0.1210670 seconds
84.911: [GC [PSYoungGen: 70620K->6528K(86016K)] 87625K->23532K(130048K), 0.0013620 secs] [Times: user=0.00 sys=0.01, real=0.00 secs] 
84.913: Total time for which application threads were stopped: 0.0015100 seconds, Stopping threads took: 0.0000820 seconds
85.053: Application time: 0.1402710 seconds
85.053: [GC [PSYoungGen: 84316K->7488K(86528K)] 101321K->24660K(130560K), 0.0018930 secs] [Times: user=0.02 sys=0.00, real=0.00 secs] 
85.055: Total time for which application threads were stopped: 0.0020450 seconds, Stopping threads took: 0.0000790 seconds
85.205: Application time: 0.1503040 seconds
85.205: [GC [PSYoungGen: 85477K->4288K(80384K)] 102650K->21564K(124416K), 0.0010270 secs] [Times: user=0.00 sys=0.00, real=0.00 secs] 
85.207: Total time for which application threads were stopped: 0.0011590 seconds, Stopping threads took: 0.0000660 seconds
85.349: Application time: 0.1423470 seconds
85.349: [GC [PSYoungGen: 80064K->6400K(98816K)] 97340K->23676K(142848K), 0.0014870 secs] [Times: user=0.01 sys=0.00, real=0.00 secs] 
85.351: Total time for which application threads were stopped: 0.0016250 seconds, Stopping threads took: 0.0000600 seconds
85.510: Application time: 0.1598750 seconds
85.511: [GC [PSYoungGen: 95984K->5456K(92672K)] 113261K->22732K(136704K), 0.0014460 secs] [Times: user=0.00 sys=0.00, real=0.00 secs] 
85.512: Total time for which application threads were stopped: 0.0015980 seconds, Stopping threads took: 0.0000860 seconds
85.673: Application time: 0.1613850 seconds
85.674: [GC [PSYoungGen: 92249K->5472K(89600K)] 109526K->22893K(133632K), 0.0017100 secs] [Times: user=0.01 sys=0.00, real=0.00 secs] 
85.675: Total time for which application threads were stopped: 0.0018570 seconds, Stopping threads took: 0.0000730 seconds
85.834: Application time: 0.1589430 seconds
85.834: [GC [PSYoungGen: 88700K->4320K(86016K)] 106121K->21849K(130048K), 0.0011760 secs] [Times: user=0.00 sys=0.00, real=0.00 secs] 
85.836: Total time for which application threads were stopped: 0.0013220 seconds, Stopping threads took: 0.0000790 seconds
85.981: Application time: 0.1453240 seconds
85.981: [GC [PSYoungGen: 85189K->6400K(85504K)] 102718K->23969K(129536K), 0.0019630 secs] [Times: user=0.01 sys=0.00, real=0.00 secs] 
85.983: Total time for which application threads were stopped: 0.0021240 seconds, Stopping threads took: 0.0000800 seconds
86.133: Application time: 0.1499040 seconds
86.133: [GC [PSYoungGen: 85074K->4352K(80896K)] 102643K->21921K(124928K), 0.0012210 secs] [Times: user=0.01 sys=0.00, real=0.00 secs] 
86.134: Total time for which application threads were stopped: 0.0013790 seconds, Stopping threads took: 0.0000880 seconds
86.274: Application time: 0.1397470 seconds
86.274: [GC [PSYoungGen: 80496K->5392K(79360K)] 98066K->22961K(123392K), 0.0017350 secs] [Times: user=0.00 sys=0.00, real=0.00 secs] 
86.276: Total time for which application threads were stopped: 0.0018730 seconds, Stopping threads took: 0.0000630 seconds
86.411: Application time: 0.1349730 seconds
86.411: [GC [PSYoungGen: 78984K->5472K(77312K)] 96553K->23221K(121344K), 0.0015720 secs] [Times: user=0.01 sys=0.00, real=0.00 secs] 
86.413: Total time for which application threads were stopped: 0.0017250 seconds, Stopping threads took: 0.0000790 seconds
86.546: Application time: 0.1335510 seconds
86.546: [GC [PSYoungGen: 76598K->4320K(74240K)] 94347K->22161K(118272K), 0.0014190 secs] [Times: user=0.01 sys=0.00, real=0.00 secs] 
86.548: Total time for which application threads were stopped: 0.0015630 seconds, Stopping threads took: 0.0000620 seconds
86.675: Application time: 0.1274840 seconds
86.675: [GC [PSYoungGen: 72996K->3328K(72192K)] 90837K->21169K(116224K), 0.0010690 secs] [Times: user=0.00 sys=0.00, real=0.01 secs] 
86.676: Total time for which application threads were stopped: 0.0012000 seconds, Stopping threads took: 0.0000590 seconds
86.797: Application time: 0.1204570 seconds
86.797: [GC [PSYoungGen: 70834K->7424K(75264K)] 88675K->25265K(119296K), 0.0020210 secs] [Times: user=0.02 sys=0.00, real=0.00 secs] 
86.799: Total time for which application threads were stopped: 0.0021700 seconds, Stopping threads took: 0.0000780 seconds
86.928: Application time: 0.1288380 seconds
86.932: [GC [PSYoungGen: 74659K->6384K(89088K)] 92501K->24225K(133120K), 0.0017120 secs] [Times: user=0.01 sys=0.00, real=0.00 secs] 
86.934: Total time for which application threads were stopped: 0.0061110 seconds, Stopping threads took: 0.0043310 seconds
87.090: Application time: 0.1558640 seconds
87.090: [GC [PSYoungGen: 87173K->4416K(89600K)] 105015K->22429K(133632K), 0.0011740 secs] [Times: user=0.01 sys=0.00, real=0.00 secs] 
87.091: Total time for which application threads were stopped: 0.0013370 seconds, Stopping threads took: 0.0000870 seconds
87.236: Application time: 0.1445270 seconds
87.236: [GC [PSYoungGen: 84472K->6400K(104960K)] 102485K->24517K(148992K), 0.0014130 secs] [Times: user=0.00 sys=0.01, real=0.01 secs] 
87.237: Total time for which application threads were stopped: 0.0015690 seconds, Stopping threads took: 0.0000840 seconds
87.421: Application time: 0.1832710 seconds
87.421: [GC [PSYoungGen: 103168K->4352K(97792K)] 121285K->22469K(141824K), 0.0010430 secs] [Times: user=0.01 sys=0.00, real=0.00 secs] 
87.422: Total time for which application threads were stopped: 0.0011690 seconds, Stopping threads took: 0.0000610 seconds
87.589: Application time: 0.1676160 seconds
87.589: [GC [PSYoungGen: 97005K->6400K(96768K)] 115123K->24517K(140800K), 0.0016250 secs] [Times: user=0.01 sys=0.00, real=0.00 secs] 
87.591: Total time for which application threads were stopped: 0.0017570 seconds, Stopping threads took: 0.0000670 seconds
87.761: Application time: 0.1695410 seconds
87.761: [GC [PSYoungGen: 96279K->3392K(90624K)] 114397K->21650K(134656K), 0.0011810 secs] [Times: user=0.00 sys=0.00, real=0.00 secs] 
87.762: Total time for which application threads were stopped: 0.0013360 seconds, Stopping threads took: 0.0000780 seconds
87.919: Application time: 0.1568830 seconds
87.919: [GC [PSYoungGen: 90061K->6400K(90624K)] 108319K->24802K(134656K), 0.0018370 secs] [Times: user=0.01 sys=0.00, real=0.00 secs] 
87.921: Total time for which application threads were stopped: 0.0019910 seconds, Stopping threads took: 0.0000800 seconds
88.074: Application time: 0.1533060 seconds
88.074: [GC [PSYoungGen: 89780K->5376K(87040K)] 108182K->23778K(131072K), 0.0016590 secs] [Times: user=0.01 sys=0.00, real=0.00 secs] 
88.076: Total time for which application threads were stopped: 0.0018030 seconds, Stopping threads took: 0.0000680 seconds
88.229: Application time: 0.1529410 seconds
88.229: [GC [PSYoungGen: 86784K->5456K(84480K)] 105186K->23858K(128512K), 0.0015430 secs] [Times: user=0.01 sys=0.00, real=0.00 secs] 
88.231: Total time for which application threads were stopped: 0.0016820 seconds, Stopping threads took: 0.0000700 seconds
88.376: Application time: 0.1453500 seconds
88.376: [GC [PSYoungGen: 84170K->5488K(81920K)] 102572K->24002K(125952K), 0.0017440 secs] [Times: user=0.01 sys=0.00, real=0.01 secs] 
88.378: Total time for which application threads were stopped: 0.0019060 seconds, Stopping threads took: 0.0000780 seconds
88.516: Application time: 0.1386040 seconds
88.517: [GC [PSYoungGen: 81146K->6432K(84480K)] 99661K->25086K(128512K), 0.0018210 secs] [Times: user=0.01 sys=0.00, real=0.00 secs] 
88.518: Total time for which application threads were stopped: 0.0019610 seconds, Stopping threads took: 0.0000670 seconds
88.659: Application time: 0.1403280 seconds
88.659: [GC [PSYoungGen: 82934K->7392K(85504K)] 101588K->26086K(129536K), 0.0020260 secs] [Times: user=0.02 sys=0.00, real=0.00 secs] 
88.661: Total time for which application threads were stopped: 0.0021770 seconds, Stopping threads took: 0.0000780 seconds
88.802: Application time: 0.1411420 seconds
88.802: [GC [PSYoungGen: 83806K->6368K(101888K)] 102501K->25062K(145920K), 0.0014650 secs] [Times: user=0.01 sys=0.00, real=0.00 secs] 
88.804: Total time for which application threads were stopped: 0.0016190 seconds, Stopping threads took: 0.0000790 seconds
88.980: Application time: 0.1767700 seconds
88.981: [GC [PSYoungGen: 99552K->4480K(94720K)] 118246K->23174K(138752K), 0.0010380 secs] [Times: user=0.01 sys=0.00, real=0.00 secs] 
88.982: Total time for which application threads were stopped: 0.0011730 seconds, Stopping threads took: 0.0000590 seconds
89.142: Application time: 0.1608220 seconds
89.143: [GC [PSYoungGen: 93798K->5440K(92672K)] 112492K->24306K(136704K), 0.0014960 secs] [Times: user=0.01 sys=0.00, real=0.00 secs] 
89.144: Total time for which application threads were stopped: 0.0016490 seconds, Stopping threads took: 0.0000740 seconds
89.304: Application time: 0.1600870 seconds
89.304: [GC [PSYoungGen: 91967K->7424K(96256K)] 110834K->26402K(140288K), 0.0020730 secs] [Times: user=0.02 sys=0.00, real=0.00 secs] 
89.306: Total time for which application threads were stopped: 0.0022120 seconds, Stopping threads took: 0.0000610 seconds
89.469: Application time: 0.1628020 seconds
89.469: [GC [PSYoungGen: 94752K->7424K(112640K)] 113731K->26402K(156672K), 0.0016250 secs] [Times: user=0.01 sys=0.00, real=0.00 secs] 
89.471: Total time for which application threads were stopped: 0.0017590 seconds, Stopping threads took: 0.0000650 seconds
89.661: Application time: 0.1901340 seconds
89.661: [GC [PSYoungGen: 110619K->5376K(105984K)] 129598K->24354K(150016K), 0.0014520 secs] [Times: user=0.01 sys=0.00, real=0.00 secs] 
89.663: Total time for which application threads were stopped: 0.0017040 seconds, Stopping threads took: 0.0000640 seconds
89.848: Application time: 0.1854420 seconds
89.848: [GC [PSYoungGen: 105587K->4384K(101376K)] 124565K->23523K(145408K), 0.0012280 secs] [Times: user=0.01 sys=0.00, real=0.00 secs] 
89.850: Total time for which application threads were stopped: 0.0013530 seconds, Stopping threads took: 0.0000560 seconds
90.027: Application time: 0.1770510 seconds
90.027: [GC [PSYoungGen: 100453K->6400K(99840K)] 119592K->25655K(143872K), 0.0019100 secs] [Times: user=0.01 sys=0.00, real=0.00 secs] 
90.029: Total time for which application threads were stopped: 0.0020580 seconds, Stopping threads took: 0.0000750 seconds
90.202: Application time: 0.1734610 seconds
90.202: [GC [PSYoungGen: 99193K->5376K(95744K)] 118448K->24631K(139776K), 0.0015170 secs] [Times: user=0.01 sys=0.00, real=0.00 secs] 
90.204: Total time for which application threads were stopped: 0.0016670 seconds, Stopping threads took: 0.0000650 seconds
90.366: Application time: 0.1620090 seconds
90.366: [GC [PSYoungGen: 94612K->5520K(92672K)] 113867K->24775K(136704K), 0.0017480 secs] [Times: user=0.01 sys=0.00, real=0.00 secs] 
90.368: Total time for which application threads were stopped: 0.0018890 seconds, Stopping threads took: 0.0000700 seconds
90.533: Application time: 0.1655480 seconds
90.533: [GC [PSYoungGen: 92049K->3360K(88064K)] 111304K->22791K(132096K), 0.0011410 secs] [Times: user=0.00 sys=0.00, real=0.00 secs] 
90.535: Total time for which application threads were stopped: 0.0012990 seconds, Stopping threads took: 0.0000900 seconds
90.684: Application time: 0.1492540 seconds
90.684: [GC [PSYoungGen: 86555K->7424K(89088K)] 105986K->26967K(133120K), 0.0020600 secs] [Times: user=0.02 sys=0.00, real=0.01 secs] 
90.686: Total time for which application threads were stopped: 0.0022030 seconds, Stopping threads took: 0.0000670 seconds
90.839: Application time: 0.1528270 seconds
90.839: [GC [PSYoungGen: 88531K->5344K(84480K)] 108074K->24887K(128512K), 0.0014950 secs] [Times: user=0.01 sys=0.00, real=0.00 secs] 
90.841: Total time for which application threads were stopped: 0.0016340 seconds, Stopping threads took: 0.0000610 seconds
90.980: Application time: 0.1393880 seconds
90.980: [GC [PSYoungGen: 83454K->6496K(88576K)] 102998K->26039K(132608K), 0.0018250 secs] [Times: user=0.01 sys=0.01, real=0.00 secs] 
90.982: Total time for which application threads were stopped: 0.0019710 seconds, Stopping threads took: 0.0000700 seconds
91.133: Application time: 0.1512630 seconds
91.133: [GC [PSYoungGen: 85742K->6352K(83968K)] 105286K->26075K(128000K), 0.0014880 secs] [Times: user=0.01 sys=0.00, real=0.00 secs] 
91.135: Total time for which application threads were stopped: 0.0016130 seconds, Stopping threads took: 0.0000620 seconds
91.281: Application time: 0.1461260 seconds
91.281: [GC [PSYoungGen: 83648K->4352K(79360K)] 103372K->24199K(123392K), 0.0014290 secs] [Times: user=0.01 sys=0.00, real=0.00 secs] 
91.282: Total time for which application threads were stopped: 0.0015760 seconds, Stopping threads took: 0.0000770 seconds
91.418: Application time: 0.1351890 seconds
91.418: [GC [PSYoungGen: 78725K->4352K(76800K)] 98573K->24199K(120832K), 0.0011020 secs] [Times: user=0.01 sys=0.00, real=0.00 secs] 
91.419: Total time for which application threads were stopped: 0.0012690 seconds, Stopping threads took: 0.0000900 seconds
91.553: Application time: 0.1336690 seconds
91.553: [GC [PSYoungGen: 76544K->4352K(74752K)] 96391K->24199K(118784K), 0.0014380 secs] [Times: user=0.01 sys=0.00, real=0.00 secs] 
91.554: Total time for which application threads were stopped: 0.0016070 seconds, Stopping threads took: 0.0000960 seconds
91.683: Application time: 0.1290190 seconds
91.683: [GC [PSYoungGen: 73686K->4496K(72704K)] 93534K->24343K(116736K), 0.0014140 secs] [Times: user=0.01 sys=0.00, real=0.01 secs] 
91.685: Total time for which application threads were stopped: 0.0015670 seconds, Stopping threads took: 0.0000820 seconds
91.808: Application time: 0.1228520 seconds
91.808: [GC [PSYoungGen: 72051K->5440K(71680K)] 91899K->25467K(115712K), 0.0017020 secs] [Times: user=0.01 sys=0.00, real=0.00 secs] 
91.810: Total time for which application threads were stopped: 0.0018400 seconds, Stopping threads took: 0.0000650 seconds
91.925: Application time: 0.1159100 seconds
91.926: [GC [PSYoungGen: 70771K->6400K(81408K)] 90799K->26540K(125440K), 0.0018070 secs] [Times: user=0.02 sys=0.00, real=0.00 secs] 
91.927: Total time for which application threads were stopped: 0.0019680 seconds, Stopping threads took: 0.0000750 seconds
92.067: Application time: 0.1399210 seconds
92.067: [GC [PSYoungGen: 80818K->6400K(82944K)] 100958K->26540K(126976K), 0.0018040 secs] [Times: user=0.01 sys=0.00, real=0.00 secs] 
92.069: Total time for which application threads were stopped: 0.0019520 seconds, Stopping threads took: 0.0000680 seconds
92.209: Application time: 0.1399740 seconds
92.209: [GC [PSYoungGen: 80860K->6400K(97792K)] 101000K->26540K(141824K), 0.0013720 secs] [Times: user=0.01 sys=0.00, real=0.00 secs] 
92.211: Total time for which application threads were stopped: 0.0015070 seconds, Stopping threads took: 0.0000680 seconds
92.375: Application time: 0.1645060 seconds
92.375: [GC [PSYoungGen: 95240K->5488K(98304K)] 115380K->25628K(142336K), 0.0013110 secs] [Times: user=0.00 sys=0.01, real=0.01 secs] 
92.377: Total time for which application threads were stopped: 0.0014520 seconds, Stopping threads took: 0.0000720 seconds
92.537: Application time: 0.1600340 seconds
92.537: [GC [PSYoungGen: 94542K->6352K(115712K)] 114682K->26668K(159744K), 0.0015640 secs] [Times: user=0.01 sys=0.00, real=0.00 secs] 
92.538: Total time for which application threads were stopped: 0.0017120 seconds, Stopping threads took: 0.0000690 seconds
92.739: Application time: 0.2000800 seconds
92.739: [GC [PSYoungGen: 113582K->5344K(109056K)] 133898K->25768K(153088K), 0.0013620 secs] [Times: user=0.01 sys=0.00, real=0.00 secs] 
92.740: Total time for which application threads were stopped: 0.0015050 seconds, Stopping threads took: 0.0000750 seconds
92.932: Application time: 0.1916250 seconds
92.932: [GC [PSYoungGen: 108196K->5408K(105472K)] 128620K->25832K(149504K), 0.0013930 secs] [Times: user=0.00 sys=0.01, real=0.00 secs] 
92.933: Total time for which application threads were stopped: 0.0015480 seconds, Stopping threads took: 0.0000860 seconds
93.119: Application time: 0.1858790 seconds
93.119: [GC [PSYoungGen: 104465K->6528K(102912K)] 124889K->26992K(146944K), 0.0019860 secs] [Times: user=0.00 sys=0.01, real=0.00 secs] 
93.121: Total time for which application threads were stopped: 0.0021520 seconds, Stopping threads took: 0.0000780 seconds
93.294: Application time: 0.1727620 seconds
93.294: [GC [PSYoungGen: 101893K->3264K(96256K)] 122358K->27008K(140288K), 0.0017640 secs] [Times: user=0.01 sys=0.00, real=0.00 secs] 
93.296: Total time for which application threads were stopped: 0.0019160 seconds, Stopping threads took: 0.0000770 seconds
93.467: Application time: 0.1714230 seconds
93.467: [GC [PSYoungGen: 94944K->5376K(95232K)] 118689K->29168K(139264K), 0.0016390 secs] [Times: user=0.01 sys=0.00, real=0.00 secs] 
93.469: Total time for which application threads were stopped: 0.0018030 seconds, Stopping threads took: 0.0000930 seconds
93.633: Application time: 0.1639230 seconds
93.633: [GC [PSYoungGen: 94549K->6464K(93184K)] 118341K->30256K(137216K), 0.0018230 secs] [Times: user=0.01 sys=0.00, real=0.00 secs] 
93.635: Total time for which application threads were stopped: 0.0019870 seconds, Stopping threads took: 0.0000840 seconds
93.796: Application time: 0.1606190 seconds
93.796: [GC [PSYoungGen: 92787K->5488K(89088K)] 116580K->29360K(133120K), 0.0018140 secs] [Times: user=0.01 sys=0.00, real=0.01 secs] 
93.798: Total time for which application threads were stopped: 0.0019660 seconds, Stopping threads took: 0.0000780 seconds
93.949: Application time: 0.1515690 seconds
93.949: [GC [PSYoungGen: 88066K->4304K(95232K)] 111939K->30389K(139264K), 0.0019350 secs] [Times: user=0.01 sys=0.00, real=0.00 secs] 
93.951: Total time for which application threads were stopped: 0.0020970 seconds, Stopping threads took: 0.0000890 seconds
94.119: Application time: 0.1678780 seconds
94.119: [GC [PSYoungGen: 94352K->5376K(93184K)] 120437K->31509K(137216K), 0.0014730 secs] [Times: user=0.01 sys=0.00, real=0.00 secs] 
94.121: Total time for which application threads were stopped: 0.0016280 seconds, Stopping threads took: 0.0000830 seconds
94.280: Application time: 0.1594590 seconds
94.280: [GC [PSYoungGen: 92346K->5392K(90112K)] 118479K->31525K(134144K), 0.0016350 secs] [Times: user=0.01 sys=0.00, real=0.00 secs] 
94.282: Total time for which application threads were stopped: 0.0017820 seconds, Stopping threads took: 0.0000700 seconds
94.437: Application time: 0.1552410 seconds
94.437: [GC [PSYoungGen: 89352K->5488K(87552K)] 115485K->31669K(131584K), 0.0017170 secs] [Times: user=0.01 sys=0.00, real=0.00 secs] 
94.439: Total time for which application threads were stopped: 0.0018830 seconds, Stopping threads took: 0.0000940 seconds
94.586: Application time: 0.1472490 seconds
94.587: [GC [PSYoungGen: 86698K->4400K(83968K)] 112880K->31741K(128000K), 0.0015690 secs] [Times: user=0.01 sys=0.00, real=0.00 secs] 
94.588: Total time for which application threads were stopped: 0.0017120 seconds, Stopping threads took: 0.0000700 seconds
94.736: Application time: 0.1476360 seconds
94.736: [GC [PSYoungGen: 83413K->5376K(89600K)] 110754K->32833K(133632K), 0.0016130 secs] [Times: user=0.01 sys=0.00, real=0.01 secs] 
94.738: Total time for which application threads were stopped: 0.0017550 seconds, Stopping threads took: 0.0000660 seconds
94.891: Application time: 0.1536310 seconds
94.891: [GC [PSYoungGen: 86946K->5376K(85504K)] 114404K->32833K(129536K), 0.0012270 secs] [Times: user=0.00 sys=0.00, real=0.00 secs] 
94.893: Total time for which application threads were stopped: 0.0013810 seconds, Stopping threads took: 0.0000790 seconds
95.037: Application time: 0.1449030 seconds
95.038: [GC [PSYoungGen: 84737K->5440K(82944K)] 112195K->32897K(126976K), 0.0016540 secs] [Times: user=0.01 sys=0.00, real=0.00 secs] 
95.039: Total time for which application threads were stopped: 0.0017970 seconds, Stopping threads took: 0.0000730 seconds
95.185: Application time: 0.1458960 seconds
95.185: [GC [PSYoungGen: 82614K->3360K(95744K)] 110071K->33029K(139776K), 0.0016870 secs] [Times: user=0.01 sys=0.00, real=0.00 secs] 
95.187: Total time for which application threads were stopped: 0.0018230 seconds, Stopping threads took: 0.0000590 seconds
95.360: Application time: 0.1733140 seconds
95.360: [GC [PSYoungGen: 95520K->4352K(93696K)] 125189K->34137K(137728K), 0.0013000 secs] [Times: user=0.01 sys=0.00, real=0.00 secs] 
95.362: Total time for which application threads were stopped: 0.0014300 seconds, Stopping threads took: 0.0000580 seconds
95.527: Application time: 0.1651140 seconds
95.527: [GC [PSYoungGen: 92724K->5376K(91648K)] 122510K->35161K(135680K), 0.0014270 secs] [Times: user=0.01 sys=0.00, real=0.00 secs] 
95.528: Total time for which application threads were stopped: 0.0015820 seconds, Stopping threads took: 0.0000730 seconds
95.679: Application time: 0.1505660 seconds
95.679: [GC [PSYoungGen: 90685K->6464K(95232K)] 120470K->37273K(139264K), 0.0021170 secs] [Times: user=0.01 sys=0.00, real=0.00 secs] 
95.681: Total time for which application threads were stopped: 0.0022780 seconds, Stopping threads took: 0.0000870 seconds
95.848: Application time: 0.1665720 seconds
95.848: [GC [PSYoungGen: 94160K->5504K(90624K)] 124970K->36421K(134656K), 0.0013360 secs] [Times: user=0.00 sys=0.00, real=0.00 secs] 
95.849: Total time for which application threads were stopped: 0.0014690 seconds, Stopping threads took: 0.0000640 seconds
96.004: Application time: 0.1550530 seconds
96.005: [GC [PSYoungGen: 90291K->6400K(89088K)] 121208K->37502K(133120K), 0.0017260 secs] [Times: user=0.01 sys=0.00, real=0.00 secs] 
96.006: Total time for which application threads were stopped: 0.0018820 seconds, Stopping threads took: 0.0000790 seconds
96.154: Application time: 0.1477930 seconds
96.154: [GC [PSYoungGen: 88068K->2304K(101888K)] 119170K->38526K(145920K), 0.0020920 secs] [Times: user=0.01 sys=0.00, real=0.01 secs] 
96.156: Total time for which application threads were stopped: 0.0022480 seconds, Stopping threads took: 0.0000720 seconds
96.344: Application time: 0.1877790 seconds
96.344: [GC [PSYoungGen: 101428K->5456K(107008K)] 137650K->41678K(151040K), 0.0015760 secs] [Times: user=0.01 sys=0.00, real=0.00 secs] 
96.346: Total time for which application threads were stopped: 0.0017160 seconds, Stopping threads took: 0.0000720 seconds
96.530: Application time: 0.1842390 seconds
96.532: [GC [PSYoungGen: 103939K->4432K(100352K)] 140161K->40766K(144384K), 0.0011220 secs] [Times: user=0.01 sys=0.00, real=0.00 secs] 
96.533: Total time for which application threads were stopped: 0.0032520 seconds, Stopping threads took: 0.0020660 seconds
96.712: Application time: 0.1784550 seconds
96.712: [GC [PSYoungGen: 100162K->4352K(97280K)] 136496K->40862K(141312K), 0.0011790 secs] [Times: user=0.00 sys=0.01, real=0.00 secs] 
96.713: Total time for which application threads were stopped: 0.0013130 seconds, Stopping threads took: 0.0000600 seconds
96.884: Application time: 0.1707810 seconds
96.884: [GC [PSYoungGen: 96175K->4352K(94208K)] 132686K->40862K(138240K), 0.0009960 secs] [Times: user=0.00 sys=0.01, real=0.01 secs] 
96.885: Total time for which application threads were stopped: 0.0011230 seconds, Stopping threads took: 0.0000600 seconds
97.049: Application time: 0.1643330 seconds
97.049: [GC [PSYoungGen: 93538K->4448K(91136K)] 130048K->40958K(135168K), 0.0011270 secs] [Times: user=0.00 sys=0.00, real=0.00 secs] 
97.051: Total time for which application threads were stopped: 0.0012830 seconds, Stopping threads took: 0.0000900 seconds
97.212: Application time: 0.1610280 seconds
97.212: [GC [PSYoungGen: 90513K->4368K(88064K)] 127023K->41054K(132096K), 0.0012250 secs] [Times: user=0.01 sys=0.00, real=0.00 secs] 
97.213: Total time for which application threads were stopped: 0.0013620 seconds, Stopping threads took: 0.0000700 seconds
97.364: Application time: 0.1509410 seconds
97.364: [GC [PSYoungGen: 87731K->6400K(87552K)] 124417K->43198K(131584K), 0.0020040 secs] [Times: user=0.01 sys=0.01, real=0.01 secs] 
97.366: Total time for which application threads were stopped: 0.0021630 seconds, Stopping threads took: 0.0000730 seconds
97.518: Application time: 0.1517780 seconds
97.518: [GC [PSYoungGen: 86473K->3296K(81920K)] 123272K->43166K(125952K), 0.0017260 secs] [Times: user=0.01 sys=0.00, real=0.00 secs] 
97.520: Total time for which application threads were stopped: 0.0018740 seconds, Stopping threads took: 0.0000660 seconds
97.665: Application time: 0.1452830 seconds
97.665: [GC [PSYoungGen: 81396K->5376K(81408K)] 121267K->45246K(125440K), 0.0016270 secs] [Times: user=0.01 sys=0.00, real=0.00 secs] 
97.667: Total time for which application threads were stopped: 0.0017770 seconds, Stopping threads took: 0.0000790 seconds
97.804: Application time: 0.1376130 seconds
97.805: [GC [PSYoungGen: 80388K->6528K(97792K)] 120259K->46398K(141824K), 0.0017650 secs] [Times: user=0.01 sys=0.00, real=0.00 secs] 
97.806: Total time for which application threads were stopped: 0.0019060 seconds, Stopping threads took: 0.0000640 seconds
97.974: Application time: 0.1673270 seconds
97.974: [GC [PSYoungGen: 96827K->4432K(92672K)] 136697K->44479K(136704K), 0.0015800 secs] [Times: user=0.01 sys=0.00, real=0.00 secs] 
97.975: Total time for which application threads were stopped: 0.0017400 seconds, Stopping threads took: 0.0000770 seconds
98.139: Application time: 0.1631900 seconds
98.139: [GC [PSYoungGen: 92488K->4352K(89600K)] 132534K->44507K(133632K), 0.0012410 secs] [Times: user=0.01 sys=0.00, real=0.00 secs] 
98.140: Total time for which application threads were stopped: 0.0013930 seconds, Stopping threads took: 0.0000800 seconds
98.295: Application time: 0.1549710 seconds
98.295: [GC [PSYoungGen: 88699K->5392K(88064K)] 128854K->45547K(132096K), 0.0016790 secs] [Times: user=0.01 sys=0.00, real=0.01 secs] 
98.297: Total time for which application threads were stopped: 0.0018370 seconds, Stopping threads took: 0.0000870 seconds
98.451: Application time: 0.1545780 seconds
98.452: [GC [PSYoungGen: 87436K->4512K(84480K)] 127591K->44667K(128512K), 0.0012710 secs] [Times: user=0.01 sys=0.00, real=0.00 secs] 
98.453: Total time for which application threads were stopped: 0.0014090 seconds, Stopping threads took: 0.0000690 seconds
98.598: Application time: 0.1449930 seconds
98.598: [GC [PSYoungGen: 83659K->6416K(83968K)] 123814K->46743K(128000K), 0.0021150 secs] [Times: user=0.01 sys=0.00, real=0.00 secs] 
98.600: Total time for which application threads were stopped: 0.0022590 seconds, Stopping threads took: 0.0000610 seconds
98.741: Application time: 0.1412020 seconds
98.741: [GC [PSYoungGen: 82966K->3296K(90112K)] 123293K->45779K(134144K), 0.0015170 secs] [Times: user=0.01 sys=0.00, real=0.00 secs] 
98.743: [Full GC [PSYoungGen: 3296K->0K(90112K)] [ParOldGen: 42483K->8652K(45568K)] 45779K->8652K(135680K) [PSPermGen: 5503K->5503K(21504K)], 0.0066030 secs] [Times: user=0.03 sys=0.00, real=0.01 secs] 
98.750: Total time for which application threads were stopped: 0.0083010 seconds, Stopping threads took: 0.0000620 seconds
98.907: Application time: 0.1578320 seconds
98.908: [GC [PSYoungGen: 85709K->5376K(89088K)] 94361K->14028K(134656K), 0.0015150 secs] [Times: user=0.01 sys=0.00, real=0.00 secs] 
98.909: Total time for which application threads were stopped: 0.0016500 seconds, Stopping threads took: 0.0000650 seconds
99.063: Application time: 0.1543570 seconds
99.064: [GC [PSYoungGen: 88211K->4416K(85504K)] 96863K->13076K(131072K), 0.0013470 secs] [Times: user=0.01 sys=0.00, real=0.01 secs] 
99.065: Total time for which application threads were stopped: 0.0014840 seconds, Stopping threads took: 0.0000650 seconds
99.212: Application time: 0.1472380 seconds
99.212: [GC [PSYoungGen: 84600K->7424K(89088K)] 93260K->16220K(134656K), 0.0020430 secs] [Times: user=0.01 sys=0.00, real=0.00 secs] 
99.214: Total time for which application threads were stopped: 0.0021930 seconds, Stopping threads took: 0.0000620 seconds
99.364: Application time: 0.1501360 seconds
99.365: [GC [PSYoungGen: 88832K->5440K(84480K)] 97628K->14276K(130048K), 0.0013240 secs] [Times: user=0.01 sys=0.00, real=0.00 secs] 
99.366: Total time for which application threads were stopped: 0.0014530 seconds, Stopping threads took: 0.0000630 seconds
99.512: Application time: 0.1457670 seconds
99.512: [GC [PSYoungGen: 83410K->5376K(81920K)] 92247K->14320K(127488K), 0.0015670 secs] [Times: user=0.00 sys=0.01, real=0.00 secs] 
99.513: Total time for which application threads were stopped: 0.0017220 seconds, Stopping threads took: 0.0000790 seconds
99.655: Application time: 0.1415860 seconds
99.655: [GC [PSYoungGen: 80994K->4320K(78336K)] 89939K->13264K(123904K), 0.0009870 secs] [Times: user=0.00 sys=0.00, real=0.01 secs] 
99.656: Total time for which application threads were stopped: 0.0011190 seconds, Stopping threads took: 0.0000640 seconds
99.790: Application time: 0.1341140 seconds
99.790: [GC [PSYoungGen: 78048K->4448K(76288K)] 86992K->13392K(121856K), 0.0014270 secs] [Times: user=0.01 sys=0.00, real=0.00 secs] 
99.792: Total time for which application threads were stopped: 0.0016530 seconds, Stopping threads took: 0.0000740 seconds
99.926: Application time: 0.1336070 seconds
99.926: [GC [PSYoungGen: 75919K->3360K(73216K)] 84864K->12476K(118784K), 0.0011570 secs] [Times: user=0.00 sys=0.00, real=0.00 secs] 
99.927: Total time for which application threads were stopped: 0.0012850 seconds, Stopping threads took: 0.0000580 seconds
100.053: Application time: 0.1261460 seconds
100.053: [GC [PSYoungGen: 72115K->6400K(74240K)] 81232K->15621K(119808K), 0.0019040 secs] [Times: user=0.02 sys=0.00, real=0.00 secs] 
100.055: Total time for which application threads were stopped: 0.0020470 seconds, Stopping threads took: 0.0000700 seconds
100.180: Application time: 0.1245650 seconds
100.180: [GC [PSYoungGen: 73984K->5376K(87040K)] 83205K->15621K(132608K), 0.0018140 secs] [Times: user=0.02 sys=0.00, real=0.00 secs] 
100.182: Total time for which application threads were stopped: 0.0019730 seconds, Stopping threads took: 0.0000820 seconds
100.333: Application time: 0.1511560 seconds
100.333: [GC [PSYoungGen: 86596K->5344K(89088K)] 96842K->15589K(134656K), 0.0015280 secs] [Times: user=0.01 sys=0.00, real=0.00 secs] 
100.334: Total time for which application threads were stopped: 0.0016840 seconds, Stopping threads took: 0.0000770 seconds
100.483: Application time: 0.1481960 seconds
100.483: [GC [PSYoungGen: 85957K->6528K(104960K)] 96202K->16773K(150528K), 0.0014880 secs] [Times: user=0.01 sys=0.00, real=0.01 secs] 
100.484: Total time for which application threads were stopped: 0.0016470 seconds, Stopping threads took: 0.0000890 seconds
100.663: Application time: 0.1787270 seconds
100.663: [GC [PSYoungGen: 103807K->7488K(105472K)] 114052K->17909K(151040K), 0.0038920 secs] [Times: user=0.01 sys=0.03, real=0.01 secs] 
100.667: Total time for which application threads were stopped: 0.0040360 seconds, Stopping threads took: 0.0000720 seconds
100.845: Application time: 0.1782690 seconds
100.845: [GC [PSYoungGen: 104256K->6368K(125440K)] 114677K->16893K(171008K), 0.0014540 secs] [Times: user=0.01 sys=0.00, real=0.00 secs] 
100.847: Total time for which application threads were stopped: 0.0016040 seconds, Stopping threads took: 0.0000750 seconds
101.065: Application time: 0.2183950 seconds
101.065: [GC [PSYoungGen: 122905K->4288K(125440K)] 133430K->14813K(171008K), 0.0010580 secs] [Times: user=0.00 sys=0.00, real=0.00 secs] 
101.067: Total time for which application threads were stopped: 0.0012180 seconds, Stopping threads took: 0.0000920 seconds
101.280: Application time: 0.2131240 seconds
101.280: [GC [PSYoungGen: 120950K->5520K(118272K)] 131476K->16085K(163840K), 0.0013050 secs] [Times: user=0.00 sys=0.01, real=0.00 secs] 
101.281: Total time for which application threads were stopped: 0.0014580 seconds, Stopping threads took: 0.0000850 seconds
101.492: Application time: 0.2112030 seconds
101.492: [GC [PSYoungGen: 117473K->5376K(114176K)] 128039K->16149K(159744K), 0.0013920 secs] [Times: user=0.01 sys=0.00, real=0.00 secs] 
101.494: Total time for which application threads were stopped: 0.0015260 seconds, Stopping threads took: 0.0000580 seconds
101.694: Application time: 0.2006010 seconds
101.695: [GC [PSYoungGen: 113669K->5376K(110080K)] 124443K->16197K(155648K), 0.0011190 secs] [Times: user=0.01 sys=0.00, real=0.00 secs] 
101.696: Total time for which application threads were stopped: 0.0012600 seconds, Stopping threads took: 0.0000730 seconds
101.885: Application time: 0.1894690 seconds
101.885: [GC [PSYoungGen: 109453K->6528K(107520K)] 120275K->17349K(153088K), 0.0017980 secs] [Times: user=0.02 sys=0.00, real=0.00 secs] 
101.887: Total time for which application threads were stopped: 0.0019320 seconds, Stopping threads took: 0.0000630 seconds
102.074: Application time: 0.1866890 seconds
102.074: [GC [PSYoungGen: 107122K->3344K(100864K)] 117944K->15373K(146432K), 0.0012430 secs] [Times: user=0.01 sys=0.00, real=0.00 secs] 
102.075: Total time for which application threads were stopped: 0.0013850 seconds, Stopping threads took: 0.0000650 seconds
102.252: Application time: 0.1766810 seconds
102.252: [GC [PSYoungGen: 100277K->6400K(100352K)] 112307K->18542K(145920K), 0.0019410 secs] [Times: user=0.01 sys=0.00, real=0.00 secs] 
102.254: Total time for which application threads were stopped: 0.0021030 seconds, Stopping threads took: 0.0000900 seconds
102.429: Application time: 0.1745720 seconds
102.429: [GC [PSYoungGen: 99227K->6432K(97280K)] 111369K->18574K(142848K), 0.0017330 secs] [Times: user=0.01 sys=0.00, real=0.00 secs] 
102.430: Total time for which application threads were stopped: 0.0018850 seconds, Stopping threads took: 0.0000810 seconds
102.594: Application time: 0.1640500 seconds
102.595: [GC [PSYoungGen: 96968K->6512K(94208K)] 109110K->18730K(139776K), 0.0020970 secs] [Times: user=0.01 sys=0.00, real=0.01 secs] 
102.597: Total time for which application threads were stopped: 0.0022510 seconds, Stopping threads took: 0.0000670 seconds
102.762: Application time: 0.1653020 seconds
102.762: [GC [PSYoungGen: 93785K->3360K(88064K)] 106003K->17770K(133632K), 0.0016040 secs] [Times: user=0.01 sys=0.00, real=0.00 secs] 
102.764: Total time for which application threads were stopped: 0.0017480 seconds, Stopping threads took: 0.0000700 seconds
102.918: Application time: 0.1539860 seconds
102.918: [GC [PSYoungGen: 87745K->5344K(87552K)] 102155K->19830K(133120K), 0.0015760 secs] [Times: user=0.01 sys=0.00, real=0.00 secs] 
102.919: Total time for which application threads were stopped: 0.0017170 seconds, Stopping threads took: 0.0000690 seconds
103.068: Application time: 0.1484050 seconds
103.068: [GC [PSYoungGen: 86432K->7392K(105984K)] 100918K->21878K(151552K), 0.0020980 secs] [Times: user=0.01 sys=0.00, real=0.00 secs] 
103.070: Total time for which application threads were stopped: 0.0023360 seconds, Stopping threads took: 0.0001600 seconds
103.255: Application time: 0.1849620 seconds
103.255: [GC [PSYoungGen: 105219K->5488K(100352K)] 119705K->19974K(145920K), 0.0018740 secs] [Times: user=0.01 sys=0.00, real=0.01 secs] 
103.257: Total time for which application threads were stopped: 0.0020320 seconds, Stopping threads took: 0.0000770 seconds
103.434: Application time: 0.1766260 seconds
103.434: [GC [PSYoungGen: 100208K->3344K(95232K)] 114694K->18002K(140800K), 0.0010760 secs] [Times: user=0.00 sys=0.00, real=0.00 secs] 
103.435: Total time for which application threads were stopped: 0.0012050 seconds, Stopping threads took: 0.0000630 seconds
103.602: Application time: 0.1667230 seconds
103.602: [GC [PSYoungGen: 94992K->6400K(95232K)] 109650K->21170K(140800K), 0.0019030 secs] [Times: user=0.01 sys=0.00, real=0.00 secs] 
103.604: Total time for which application threads were stopped: 0.0020470 seconds, Stopping threads took: 0.0000710 seconds
103.770: Application time: 0.1666600 seconds
103.771: [GC [PSYoungGen: 94292K->2320K(88064K)] 109062K->17090K(133632K), 0.0010000 secs] [Times: user=0.01 sys=0.00, real=0.00 secs] 
103.772: Total time for which application threads were stopped: 0.0011340 seconds, Stopping threads took: 0.0000630 seconds
103.926: Application time: 0.1548620 seconds
103.927: [GC [PSYoungGen: 87553K->5440K(88576K)] 102324K->20278K(134144K), 0.0016330 secs] [Times: user=0.01 sys=0.00, real=0.00 secs] 
103.928: Total time for which application threads were stopped: 0.0017820 seconds, Stopping threads took: 0.0000780 seconds
104.080: Application time: 0.1518030 seconds
104.080: [GC [PSYoungGen: 87982K->6432K(87040K)] 102821K->21370K(132608K), 0.0019320 secs] [Times: user=0.02 sys=0.00, real=0.00 secs] 
104.082: Total time for which application threads were stopped: 0.0020850 seconds, Stopping threads took: 0.0000700 seconds
104.225: Application time: 0.1432110 seconds
104.225: [GC [PSYoungGen: 86037K->6304K(101888K)] 100976K->21343K(147456K), 0.0018390 secs] [Times: user=0.01 sys=0.00, real=0.00 secs] 
104.227: Total time for which application threads were stopped: 0.0019810 seconds, Stopping threads took: 0.0000690 seconds
104.406: Application time: 0.1783120 seconds
104.406: [GC [PSYoungGen: 99350K->5344K(95744K)] 114389K->20383K(141312K), 0.0013640 secs] [Times: user=0.00 sys=0.00, real=0.00 secs] 
104.407: Total time for which application threads were stopped: 0.0015180 seconds, Stopping threads took: 0.0000770 seconds
104.569: Application time: 0.1622560 seconds
104.570: [GC [PSYoungGen: 94551K->6464K(93696K)] 109590K->21503K(139264K), 0.0019730 secs] [Times: user=0.01 sys=0.00, real=0.00 secs] 
104.572: Total time for which application threads were stopped: 0.0021300 seconds, Stopping threads took: 0.0000900 seconds
104.732: Application time: 0.1601340 seconds
104.732: [GC [PSYoungGen: 92942K->5440K(97792K)] 107981K->21695K(143360K), 0.0019210 secs] [Times: user=0.02 sys=0.00, real=0.00 secs] 
104.734: Total time for which application threads were stopped: 0.0020770 seconds, Stopping threads took: 0.0000820 seconds
104.900: Application time: 0.1661360 seconds
104.900: [GC [PSYoungGen: 97318K->6368K(100352K)] 113573K->22731K(145920K), 0.0019330 secs] [Times: user=0.01 sys=0.01, real=0.00 secs] 
104.902: Total time for which application threads were stopped: 0.0020830 seconds, Stopping threads took: 0.0000760 seconds
105.077: Application time: 0.1750180 seconds
105.080: [GC [PSYoungGen: 98274K->6400K(119296K)] 114637K->22763K(164864K), 0.0015570 secs] [Times: user=0.01 sys=0.00, real=0.00 secs] 
105.082: Total time for which application threads were stopped: 0.0047850 seconds, Stopping threads took: 0.0031530 seconds
105.283: Application time: 0.2010960 seconds
105.283: [GC [PSYoungGen: 116256K->7552K(114176K)] 132620K->23915K(159744K), 0.0018580 secs] [Times: user=0.01 sys=0.00, real=0.01 secs] 
105.285: Total time for which application threads were stopped: 0.0021290 seconds, Stopping threads took: 0.0001910 seconds
105.484: Application time: 0.1991310 seconds
105.484: [GC [PSYoungGen: 114048K->5344K(108544K)] 130411K->23931K(154112K), 0.0020940 secs] [Times: user=0.01 sys=0.00, real=0.00 secs] 
105.486: Total time for which application threads were stopped: 0.0022380 seconds, Stopping threads took: 0.0000700 seconds
105.680: Application time: 0.1939100 seconds
105.680: [GC [PSYoungGen: 108224K->5376K(104960K)] 126812K->24079K(150528K), 0.0016400 secs] [Times: user=0.01 sys=0.00, real=0.00 secs] 
105.682: Total time for which application threads were stopped: 0.0017860 seconds, Stopping threads took: 0.0000610 seconds
105.864: Application time: 0.1818660 seconds
105.864: [GC [PSYoungGen: 104375K->5360K(101376K)] 123079K->24063K(146944K), 0.0015010 secs] [Times: user=0.01 sys=0.00, real=0.00 secs] 
105.866: Total time for which application threads were stopped: 0.0016580 seconds, Stopping threads took: 0.0000810 seconds
106.038: Application time: 0.1725500 seconds
106.038: [GC [PSYoungGen: 100548K->5472K(98304K)] 119252K->24307K(143872K), 0.0016870 secs] [Times: user=0.00 sys=0.00, real=0.00 secs] 
106.040: Total time for which application threads were stopped: 0.0018220 seconds, Stopping threads took: 0.0000620 seconds
106.217: Application time: 0.1771370 seconds
106.217: [GC [PSYoungGen: 97572K->3296K(93184K)] 116407K->22275K(138752K), 0.0011210 secs] [Times: user=0.01 sys=0.00, real=0.00 secs] 
106.218: Total time for which application threads were stopped: 0.0013050 seconds, Stopping threads took: 0.0001100 seconds
106.376: Application time: 0.1579980 seconds
106.377: [GC [PSYoungGen: 92672K->5344K(92160K)] 111652K->24323K(137728K), 0.0015760 secs] [Times: user=0.01 sys=0.00, real=0.00 secs] 
106.378: Total time for which application threads were stopped: 0.0017120 seconds, Stopping threads took: 0.0000630 seconds
106.543: Application time: 0.1646080 seconds
106.543: [GC [PSYoungGen: 91659K->4512K(88064K)] 110639K->23491K(133632K), 0.0013900 secs] [Times: user=0.00 sys=0.00, real=0.01 secs] 
106.544: Total time for which application threads were stopped: 0.0015330 seconds, Stopping threads took: 0.0000740 seconds
106.695: Application time: 0.1510340 seconds
106.696: [GC [PSYoungGen: 87708K->6480K(87552K)] 106688K->25640K(133120K), 0.0020810 secs] [Times: user=0.01 sys=0.00, real=0.01 secs] 
106.698: Total time for which application threads were stopped: 0.0022910 seconds, Stopping threads took: 0.0001350 seconds
106.849: Application time: 0.1514750 seconds
106.849: [GC [PSYoungGen: 87348K->5344K(83968K)] 106508K->24616K(129536K), 0.0014360 secs] [Times: user=0.01 sys=0.00, real=0.00 secs] 
106.851: Total time for which application threads were stopped: 0.0015940 seconds, Stopping threads took: 0.0000800 seconds
106.994: Application time: 0.1427660 seconds
106.994: [GC [PSYoungGen: 83070K->6400K(82432K)] 102343K->25672K(128000K), 0.0019010 secs] [Times: user=0.01 sys=0.00, real=0.00 secs] 
106.996: Total time for which application threads were stopped: 0.0020290 seconds, Stopping threads took: 0.0000560 seconds
107.137: Application time: 0.1410630 seconds
107.137: [GC [PSYoungGen: 81843K->4352K(77824K)] 101116K->23624K(123392K), 0.0012780 secs] [Times: user=0.00 sys=0.00, real=0.00 secs] 
107.138: Total time for which application threads were stopped: 0.0014700 seconds, Stopping threads took: 0.0001220 seconds
107.272: Application time: 0.1340060 seconds
107.272: [GC [PSYoungGen: 77061K->6528K(87040K)] 96334K->25800K(132608K), 0.0018350 secs] [Times: user=0.01 sys=0.00, real=0.00 secs] 
107.274: Total time for which application threads were stopped: 0.0019810 seconds, Stopping threads took: 0.0000720 seconds
107.419: Application time: 0.1453320 seconds
107.420: [GC [PSYoungGen: 84531K->6448K(96256K)] 103803K->25900K(141824K), 0.0015130 secs] [Times: user=0.00 sys=0.01, real=0.00 secs] 
107.421: Total time for which application threads were stopped: 0.0016670 seconds, Stopping threads took: 0.0000790 seconds
107.584: Application time: 0.1629110 seconds
107.584: [GC [PSYoungGen: 93881K->7392K(96256K)] 113333K->26948K(141824K), 0.0021290 secs] [Times: user=0.01 sys=0.00, real=0.00 secs] 
107.586: Total time for which application threads were stopped: 0.0023400 seconds, Stopping threads took: 0.0001360 seconds
107.748: Application time: 0.1612110 seconds
107.748: [GC [PSYoungGen: 94876K->6400K(114688K)] 114433K->25956K(160256K), 0.0014460 secs] [Times: user=0.00 sys=0.01, real=0.00 secs] 
107.749: Total time for which application threads were stopped: 0.0016200 seconds, Stopping threads took: 0.0001040 seconds
107.943: Application time: 0.1942400 seconds
107.944: [GC [PSYoungGen: 111898K->6496K(109056K)] 131454K->26052K(154624K), 0.0015620 secs] [Times: user=0.00 sys=0.01, real=0.01 secs] 
107.945: Total time for which application threads were stopped: 0.0017090 seconds, Stopping threads took: 0.0000660 seconds
108.133: Application time: 0.1880670 seconds
108.133: [GC [PSYoungGen: 108436K->6464K(105472K)] 127993K->26200K(151040K), 0.0018680 secs] [Times: user=0.01 sys=0.00, real=0.00 secs] 
108.135: Total time for which application threads were stopped: 0.0020090 seconds, Stopping threads took: 0.0000670 seconds
108.326: Application time: 0.1911520 seconds
108.326: [GC [PSYoungGen: 105212K->4368K(99840K)] 124949K->24212K(145408K), 0.0015390 secs] [Times: user=0.01 sys=0.00, real=0.00 secs] 
108.328: Total time for which application threads were stopped: 0.0016860 seconds, Stopping threads took: 0.0000760 seconds
108.499: Application time: 0.1707400 seconds
108.499: [GC [PSYoungGen: 99517K->5312K(97792K)] 119361K->25156K(143360K), 0.0015690 secs] [Times: user=0.01 sys=0.00, real=0.00 secs] 
108.501: Total time for which application threads were stopped: 0.0017170 seconds, Stopping threads took: 0.0000660 seconds
108.671: Application time: 0.1703740 seconds
108.671: [GC [PSYoungGen: 97448K->6528K(95744K)] 117293K->26372K(141312K), 0.0021660 secs] [Times: user=0.02 sys=0.00, real=0.00 secs] 
108.673: Total time for which application threads were stopped: 0.0023140 seconds, Stopping threads took: 0.0000720 seconds
108.836: Application time: 0.1626370 seconds
108.836: [GC [PSYoungGen: 94602K->5424K(91648K)] 114446K->26485K(137216K), 0.0018220 secs] [Times: user=0.01 sys=0.00, real=0.01 secs] 
108.838: Total time for which application threads were stopped: 0.0019640 seconds, Stopping threads took: 0.0000680 seconds
109.002: Application time: 0.1640780 seconds
109.002: [GC [PSYoungGen: 91420K->4352K(87552K)] 112481K->25529K(133120K), 0.0014520 secs] [Times: user=0.01 sys=0.00, real=0.00 secs] 
109.003: Total time for which application threads were stopped: 0.0016000 seconds, Stopping threads took: 0.0000620 seconds
109.156: Application time: 0.1521370 seconds
109.156: [GC [PSYoungGen: 86706K->5376K(86016K)] 107883K->26553K(131584K), 0.0016460 secs] [Times: user=0.01 sys=0.00, real=0.01 secs] 
109.157: Total time for which application threads were stopped: 0.0017840 seconds, Stopping threads took: 0.0000640 seconds
109.304: Application time: 0.1464490 seconds
109.304: [GC [PSYoungGen: 85749K->4432K(82432K)] 106927K->25609K(128000K), 0.0015190 secs] [Times: user=0.00 sys=0.01, real=0.01 secs] 
109.306: Total time for which application threads were stopped: 0.0016670 seconds, Stopping threads took: 0.0000760 seconds
109.445: Application time: 0.1397850 seconds
109.448: [GC [PSYoungGen: 81393K->6480K(87552K)] 102570K->27837K(133120K), 0.0018610 secs] [Times: user=0.01 sys=0.00, real=0.00 secs] 
109.450: Total time for which application threads were stopped: 0.0047740 seconds, Stopping threads took: 0.0028370 seconds
109.603: Application time: 0.1527100 seconds
109.603: [GC [PSYoungGen: 86449K->4352K(82944K)] 107806K->25829K(128512K), 0.0012330 secs] [Times: user=0.00 sys=0.01, real=0.01 secs] 
109.604: Total time for which application threads were stopped: 0.0013640 seconds, Stopping threads took: 0.0000580 seconds
109.751: Application time: 0.1465790 seconds
109.751: [GC [PSYoungGen: 82394K->3328K(81408K)] 103871K->24805K(126976K), 0.0011260 secs] [Times: user=0.01 sys=0.00, real=0.00 secs] 
109.752: Total time for which application threads were stopped: 0.0012540 seconds, Stopping threads took: 0.0000590 seconds
109.890: Application time: 0.1379450 seconds
109.890: [GC [PSYoungGen: 79104K->4352K(77824K)] 100581K->25829K(123392K), 0.0013640 secs] [Times: user=0.01 sys=0.00, real=0.00 secs] 
109.891: Total time for which application threads were stopped: 0.0015170 seconds, Stopping threads took: 0.0000820 seconds
110.026: Application time: 0.1340330 seconds
110.026: [GC [PSYoungGen: 76883K->4400K(77312K)] 98361K->25961K(122880K), 0.0014050 secs] [Times: user=0.01 sys=0.00, real=0.00 secs] 
110.027: Total time for which application threads were stopped: 0.0016690 seconds, Stopping threads took: 0.0000730 seconds
110.159: Application time: 0.1315180 seconds
110.159: [GC [PSYoungGen: 74703K->3376K(72704K)] 96265K->25057K(118272K), 0.0011960 secs] [Times: user=0.01 sys=0.00, real=0.00 secs] 
110.160: Total time for which application threads were stopped: 0.0013420 seconds, Stopping threads took: 0.0000670 seconds
110.285: Application time: 0.1253720 seconds
110.286: [GC [PSYoungGen: 71869K->4320K(72192K)] 93551K->26109K(117760K), 0.0013920 secs] [Times: user=0.01 sys=0.00, real=0.00 secs] 
110.287: Total time for which application threads were stopped: 0.0015210 seconds, Stopping threads took: 0.0000590 seconds
110.404: Application time: 0.1167770 seconds
110.404: [GC [PSYoungGen: 70617K->6368K(74752K)] 92407K->28157K(120320K), 0.0018830 secs] [Times: user=0.01 sys=0.00, real=0.01 secs] 
110.406: Total time for which application threads were stopped: 0.0020470 seconds, Stopping threads took: 0.0000940 seconds
110.532: Application time: 0.1262040 seconds
110.532: [GC [PSYoungGen: 73262K->7392K(88576K)] 95052K->29181K(134144K), 0.0016840 secs] [Times: user=0.01 sys=0.00, real=0.00 secs] 
110.534: Total time for which application threads were stopped: 0.0018320 seconds, Stopping threads took: 0.0000730 seconds
110.684: Application time: 0.1497880 seconds
110.684: [GC [PSYoungGen: 87678K->5504K(89088K)] 109468K->27293K(134656K), 0.0013090 secs] [Times: user=0.00 sys=0.01, real=0.01 secs] 
110.685: Total time for which application threads were stopped: 0.0014420 seconds, Stopping threads took: 0.0000610 seconds
110.835: Application time: 0.1500670 seconds
110.835: [GC [PSYoungGen: 85087K->4416K(82432K)] 106877K->26394K(128000K), 0.0010760 secs] [Times: user=0.01 sys=0.00, real=0.01 secs] 
110.836: Total time for which application threads were stopped: 0.0012120 seconds, Stopping threads took: 0.0000720 seconds
110.980: Application time: 0.1439440 seconds
110.980: [GC [PSYoungGen: 82240K->5392K(80896K)] 104218K->27486K(126464K), 0.0015970 secs] [Times: user=0.01 sys=0.00, real=0.00 secs] 
110.982: Total time for which application threads were stopped: 0.0017310 seconds, Stopping threads took: 0.0000660 seconds
111.124: Application time: 0.1415060 seconds
111.124: [GC [PSYoungGen: 80036K->4336K(77312K)] 102130K->26430K(122880K), 0.0009930 secs] [Times: user=0.00 sys=0.01, real=0.01 secs] 
111.125: Total time for which application threads were stopped: 0.0011420 seconds, Stopping threads took: 0.0000810 seconds
111.258: Application time: 0.1337440 seconds
111.260: [GC [PSYoungGen: 76856K->3376K(74240K)] 98950K->25470K(119808K), 0.0012200 secs] [Times: user=0.01 sys=0.00, real=0.00 secs] 
111.261: Total time for which application threads were stopped: 0.0030730 seconds, Stopping threads took: 0.0017740 seconds
111.389: Application time: 0.1276690 seconds
111.389: [GC [PSYoungGen: 73365K->5440K(74240K)] 95459K->27634K(119808K), 0.0016500 secs] [Times: user=0.01 sys=0.00, real=0.00 secs] 
111.391: Total time for which application threads were stopped: 0.0017890 seconds, Stopping threads took: 0.0000650 seconds
111.514: Application time: 0.1226840 seconds
111.514: [GC [PSYoungGen: 74048K->6464K(89088K)] 96242K->28742K(134656K), 0.0017610 secs] [Times: user=0.01 sys=0.00, real=0.00 secs] 
111.516: Total time for which application threads were stopped: 0.0019160 seconds, Stopping threads took: 0.0000840 seconds
111.669: Application time: 0.1535410 seconds
111.669: [GC [PSYoungGen: 87106K->4288K(90624K)] 109384K->26674K(136192K), 0.0013380 secs] [Times: user=0.01 sys=0.00, real=0.00 secs] 
111.671: Total time for which application threads were stopped: 0.0014930 seconds, Stopping threads took: 0.0000850 seconds
111.818: Application time: 0.1476300 seconds
111.818: [GC [PSYoungGen: 86497K->7424K(90624K)] 108883K->29810K(136192K), 0.0021080 secs] [Times: user=0.01 sys=0.00, real=0.00 secs] 
111.820: Total time for which application threads were stopped: 0.0022730 seconds, Stopping threads took: 0.0000780 seconds
111.973: Application time: 0.1525430 seconds
111.973: [GC [PSYoungGen: 89000K->6512K(108032K)] 111387K->28898K(153600K), 0.0014590 secs] [Times: user=0.01 sys=0.00, real=0.00 secs] 
111.975: Total time for which application threads were stopped: 0.0016030 seconds, Stopping threads took: 0.0000770 seconds
112.158: Application time: 0.1831640 seconds
112.158: [GC [PSYoungGen: 105203K->7456K(108032K)] 127589K->30026K(153600K), 0.0018250 secs] [Times: user=0.01 sys=0.00, real=0.00 secs] 
112.160: Total time for which application threads were stopped: 0.0021160 seconds, Stopping threads took: 0.0002190 seconds
112.348: Application time: 0.1878060 seconds
112.348: [GC [PSYoungGen: 106784K->5376K(101376K)] 129354K->28054K(146944K), 0.0011890 secs] [Times: user=0.00 sys=0.00, real=0.00 secs] 
112.349: Total time for which application threads were stopped: 0.0013340 seconds, Stopping threads took: 0.0000660 seconds
112.521: Application time: 0.1718380 seconds
112.521: [GC [PSYoungGen: 100752K->6400K(99328K)] 123430K->29078K(144896K), 0.0016870 secs] [Times: user=0.01 sys=0.00, real=0.00 secs] 
112.523: Total time for which application threads were stopped: 0.0018250 seconds, Stopping threads took: 0.0000700 seconds
112.695: Application time: 0.1726120 seconds
112.695: [GC [PSYoungGen: 98772K->6544K(96256K)] 121450K->29222K(141824K), 0.0015110 secs] [Times: user=0.00 sys=0.01, real=0.01 secs] 
112.697: Total time for which application threads were stopped: 0.0016560 seconds, Stopping threads took: 0.0000750 seconds
112.859: Application time: 0.1618970 seconds
112.859: [GC [PSYoungGen: 95485K->7472K(94208K)] 118164K->30323K(139776K), 0.0022260 secs] [Times: user=0.01 sys=0.00, real=0.00 secs] 
112.861: Total time for which application threads were stopped: 0.0023850 seconds, Stopping threads took: 0.0000770 seconds
113.027: Application time: 0.1656180 seconds
113.027: [GC [PSYoungGen: 93761K->4352K(88064K)] 116612K->27311K(133632K), 0.0011670 secs] [Times: user=0.01 sys=0.00, real=0.00 secs] 
113.028: Total time for which application threads were stopped: 0.0013090 seconds, Stopping threads took: 0.0000730 seconds
113.178: Application time: 0.1494620 seconds
113.178: [GC [PSYoungGen: 87414K->6400K(87552K)] 110373K->29359K(133120K), 0.0019200 secs] [Times: user=0.01 sys=0.00, real=0.00 secs] 
113.180: Total time for which application threads were stopped: 0.0020570 seconds, Stopping threads took: 0.0000660 seconds
113.327: Application time: 0.1473560 seconds
113.327: [GC [PSYoungGen: 86928K->4448K(82944K)] 109887K->27407K(128512K), 0.0014890 secs] [Times: user=0.01 sys=0.00, real=0.00 secs] 
113.329: Total time for which application threads were stopped: 0.0016330 seconds, Stopping threads took: 0.0000720 seconds
113.473: Application time: 0.1446580 seconds
113.474: [GC [PSYoungGen: 82146K->6368K(100864K)] 105105K->29491K(146432K), 0.0019920 secs] [Times: user=0.01 sys=0.00, real=0.00 secs] 
113.476: Total time for which application threads were stopped: 0.0021530 seconds, Stopping threads took: 0.0000790 seconds
113.651: Application time: 0.1750430 seconds
113.651: [GC [PSYoungGen: 100556K->6432K(103424K)] 123679K->29595K(148992K), 0.0018290 secs] [Times: user=0.02 sys=0.00, real=0.00 secs] 
113.653: Total time for which application threads were stopped: 0.0019670 seconds, Stopping threads took: 0.0000650 seconds
113.831: Application time: 0.1788550 seconds
113.832: [GC [PSYoungGen: 100185K->3328K(95232K)] 123349K->26571K(140800K), 0.0011180 secs] [Times: user=0.01 sys=0.00, real=0.00 secs] 
113.833: Total time for which application threads were stopped: 0.0012710 seconds, Stopping threads took: 0.0000850 seconds
113.998: Application time: 0.1657600 seconds
113.999: [GC [PSYoungGen: 94976K->6544K(95232K)] 118219K->29787K(140800K), 0.0018000 secs] [Times: user=0.01 sys=0.00, real=0.00 secs] 
114.000: Total time for which application threads were stopped: 0.0019400 seconds, Stopping threads took: 0.0000600 seconds
114.169: Application time: 0.1685240 seconds
114.169: [GC [PSYoungGen: 95020K->3376K(89088K)] 118264K->26803K(134656K), 0.0011350 secs] [Times: user=0.01 sys=0.00, real=0.00 secs] 
114.170: Total time for which application threads were stopped: 0.0012740 seconds, Stopping threads took: 0.0000720 seconds
114.320: Application time: 0.1497860 seconds
114.320: [GC [PSYoungGen: 87924K->7424K(90624K)] 111351K->30963K(136192K), 0.0022450 secs] [Times: user=0.01 sys=0.00, real=0.00 secs] 
114.322: Total time for which application threads were stopped: 0.0023990 seconds, Stopping threads took: 0.0000780 seconds
114.475: Application time: 0.1523370 seconds
114.475: [GC [PSYoungGen: 89516K->5376K(86016K)] 113056K->28915K(131584K), 0.0016090 secs] [Times: user=0.01 sys=0.00, real=0.01 secs] 
114.476: Total time for which application threads were stopped: 0.0017550 seconds, Stopping threads took: 0.0000770 seconds
114.621: Application time: 0.1444810 seconds
114.621: [GC [PSYoungGen: 85194K->7424K(89088K)] 108733K->30963K(134656K), 0.0020780 secs] [Times: user=0.02 sys=0.00, real=0.00 secs] 
114.623: Total time for which application threads were stopped: 0.0022330 seconds, Stopping threads took: 0.0000680 seconds
114.778: Application time: 0.1545780 seconds
114.778: [GC [PSYoungGen: 87296K->3408K(80896K)] 110835K->26995K(126464K), 0.0011160 secs] [Times: user=0.00 sys=0.00, real=0.00 secs] 
114.779: Total time for which application threads were stopped: 0.0012650 seconds, Stopping threads took: 0.0000710 seconds
114.920: Application time: 0.1413370 seconds
114.920: [GC [PSYoungGen: 80720K->4432K(80896K)] 104307K->28163K(126464K), 0.0014970 secs] [Times: user=0.01 sys=0.00, real=0.00 secs] 
114.922: Total time for which application threads were stopped: 0.0016470 seconds, Stopping threads took: 0.0000790 seconds
115.060: Application time: 0.1379830 seconds
115.060: [GC [PSYoungGen: 78936K->5344K(77824K)] 102668K->29180K(123392K), 0.0017000 secs] [Times: user=0.01 sys=0.00, real=0.00 secs] 
115.062: Total time for which application threads were stopped: 0.0018750 seconds, Stopping threads took: 0.0001010 seconds
115.195: Application time: 0.1335350 seconds
115.196: [GC [PSYoungGen: 77513K->5344K(81920K)] 101349K->29180K(127488K), 0.0015640 secs] [Times: user=0.01 sys=0.00, real=0.01 secs] 
115.197: Total time for which application threads were stopped: 0.0017390 seconds, Stopping threads took: 0.0000930 seconds
115.331: Application time: 0.1343190 seconds
115.332: [GC [PSYoungGen: 77988K->6512K(81408K)] 101824K->30348K(126976K), 0.0018290 secs] [Times: user=0.01 sys=0.00, real=0.00 secs] 
115.334: Total time for which application threads were stopped: 0.0020370 seconds, Stopping threads took: 0.0001280 seconds
115.468: Application time: 0.1344310 seconds
115.468: [GC [PSYoungGen: 78918K->6432K(96256K)] 102754K->30412K(141824K), 0.0014460 secs] [Times: user=0.00 sys=0.01, real=0.00 secs] 
115.470: Total time for which application threads were stopped: 0.0015980 seconds, Stopping threads took: 0.0000810 seconds
115.625: Application time: 0.1558250 seconds
115.626: [GC [PSYoungGen: 93968K->6368K(96256K)] 117948K->30416K(141824K), 0.0016650 secs] [Times: user=0.01 sys=0.00, real=0.00 secs] 
115.627: Total time for which application threads were stopped: 0.0020010 seconds, Stopping threads took: 0.0002590 seconds
115.796: Application time: 0.1683640 seconds
115.796: [GC [PSYoungGen: 93271K->2304K(87040K)] 117320K->26448K(132608K), 0.0007450 secs] [Times: user=0.00 sys=0.01, real=0.01 secs] 
115.797: Total time for which application threads were stopped: 0.0008820 seconds, Stopping threads took: 0.0000600 seconds
115.951: Application time: 0.1542000 seconds
115.951: [GC [PSYoungGen: 86035K->5376K(87552K)] 110180K->29520K(133120K), 0.0015720 secs] [Times: user=0.01 sys=0.00, real=0.00 secs] 
115.953: Total time for which application threads were stopped: 0.0017080 seconds, Stopping threads took: 0.0000680 seconds
116.101: Application time: 0.1483190 seconds
116.101: [GC [PSYoungGen: 86912K->6528K(86016K)] 111057K->30672K(131584K), 0.0015440 secs] [Times: user=0.01 sys=0.00, real=0.00 secs] 
116.103: Total time for which application threads were stopped: 0.0016860 seconds, Stopping threads took: 0.0000750 seconds
116.249: Application time: 0.1459940 seconds
116.249: [GC [PSYoungGen: 85530K->5424K(82432K)] 109674K->29756K(128000K), 0.0016690 secs] [Times: user=0.01 sys=0.00, real=0.00 secs] 
116.250: Total time for which application threads were stopped: 0.0018060 seconds, Stopping threads took: 0.0000690 seconds
116.390: Application time: 0.1401000 seconds
116.391: [GC [PSYoungGen: 81949K->5376K(97792K)] 106281K->30836K(143360K), 0.0016620 secs] [Times: user=0.01 sys=0.00, real=0.00 secs] 
116.392: Total time for which application threads were stopped: 0.0018110 seconds, Stopping threads took: 0.0000650 seconds
116.564: Application time: 0.1715990 seconds
116.564: [GC [PSYoungGen: 97144K->6400K(100352K)] 122605K->31860K(145920K), 0.0017840 secs] [Times: user=0.01 sys=0.01, real=0.01 secs] 
116.566: Total time for which application threads were stopped: 0.0019390 seconds, Stopping threads took: 0.0000830 seconds
116.739: Application time: 0.1728630 seconds
116.739: [GC [PSYoungGen: 97857K->5440K(94720K)] 123318K->30900K(140288K), 0.0012190 secs] [Times: user=0.00 sys=0.00, real=0.00 secs] 
116.740: Total time for which application threads were stopped: 0.0013610 seconds, Stopping threads took: 0.0000780 seconds
116.902: Application time: 0.1622140 seconds
116.902: [GC [PSYoungGen: 94204K->6480K(92672K)] 119664K->32116K(138240K), 0.0017370 secs] [Times: user=0.01 sys=0.00, real=0.01 secs] 
116.904: Total time for which application threads were stopped: 0.0018980 seconds, Stopping threads took: 0.0000810 seconds
117.063: Application time: 0.1591830 seconds
117.063: [GC [PSYoungGen: 91840K->4352K(87552K)] 117477K->31113K(133120K), 0.0012750 secs] [Times: user=0.00 sys=0.01, real=0.01 secs] 
117.065: Total time for which application threads were stopped: 0.0014060 seconds, Stopping threads took: 0.0000630 seconds
117.225: Application time: 0.1602430 seconds
117.225: [GC [PSYoungGen: 87206K->3328K(83968K)] 113967K->30088K(129536K), 0.0010790 secs] [Times: user=0.01 sys=0.00, real=0.00 secs] 
117.226: Total time for which application threads were stopped: 0.0012330 seconds, Stopping threads took: 0.0000880 seconds
117.368: Application time: 0.1414920 seconds
117.368: [GC [PSYoungGen: 82770K->5504K(83456K)] 109531K->32265K(129024K), 0.0017080 secs] [Times: user=0.01 sys=0.00, real=0.00 secs] 
117.370: Total time for which application threads were stopped: 0.0018510 seconds, Stopping threads took: 0.0000700 seconds
117.511: Application time: 0.1410450 seconds
117.511: [GC [PSYoungGen: 82305K->5376K(80896K)] 109066K->32317K(126464K), 0.0017950 secs] [Times: user=0.00 sys=0.01, real=0.00 secs] 
117.513: Total time for which application threads were stopped: 0.0019630 seconds, Stopping threads took: 0.0000870 seconds
117.650: Application time: 0.1376450 seconds
117.650: [GC [PSYoungGen: 79949K->5376K(96256K)] 106890K->34405K(141824K), 0.0020540 secs] [Times: user=0.00 sys=0.01, real=0.00 secs] 
117.652: Total time for which application threads were stopped: 0.0022000 seconds, Stopping threads took: 0.0000680 seconds
117.815: Application time: 0.1629320 seconds
117.815: [GC [PSYoungGen: 94981K->7424K(99840K)] 124010K->36521K(145408K), 0.0020720 secs] [Times: user=0.02 sys=0.00, real=0.01 secs] 
117.818: Total time for which application threads were stopped: 0.0022400 seconds, Stopping threads took: 0.0000880 seconds
117.989: Application time: 0.1715140 seconds
117.989: [GC [PSYoungGen: 99290K->7392K(116736K)] 128387K->36489K(162304K), 0.0016700 secs] [Times: user=0.01 sys=0.00, real=0.00 secs] 
117.991: Total time for which application threads were stopped: 0.0018070 seconds, Stopping threads took: 0.0000690 seconds
118.191: Application time: 0.1996450 seconds
118.191: [GC [PSYoungGen: 115255K->6496K(117248K)] 144352K->35593K(162816K), 0.0016500 secs] [Times: user=0.01 sys=0.00, real=0.00 secs] 
118.192: Total time for which application threads were stopped: 0.0017980 seconds, Stopping threads took: 0.0000670 seconds
118.393: Application time: 0.2007290 seconds
118.393: [GC [PSYoungGen: 114942K->6416K(111104K)] 144040K->35725K(156672K), 0.0015580 secs] [Times: user=0.01 sys=0.00, real=0.00 secs] 
118.395: Total time for which application threads were stopped: 0.0018080 seconds, Stopping threads took: 0.0001760 seconds
118.590: Application time: 0.1951110 seconds
118.590: [GC [PSYoungGen: 110426K->6400K(107520K)] 139736K->35785K(153088K), 0.0016710 secs] [Times: user=0.01 sys=0.00, real=0.00 secs] 
118.592: Total time for which application threads were stopped: 0.0018270 seconds, Stopping threads took: 0.0000850 seconds
118.779: Application time: 0.1867650 seconds
118.779: [GC [PSYoungGen: 106744K->4432K(101888K)] 136130K->33817K(147456K), 0.0010090 secs] [Times: user=0.01 sys=0.00, real=0.00 secs] 
118.780: Total time for which application threads were stopped: 0.0011460 seconds, Stopping threads took: 0.0000600 seconds
118.956: Application time: 0.1765650 seconds
118.956: [GC [PSYoungGen: 100855K->4416K(98304K)] 130241K->33977K(143872K), 0.0014070 secs] [Times: user=0.01 sys=0.00, real=0.00 secs] 
118.958: Total time for which application threads were stopped: 0.0015450 seconds, Stopping threads took: 0.0000700 seconds
119.133: Application time: 0.1752500 seconds
119.133: [GC [PSYoungGen: 97146K->6400K(97280K)] 126708K->36074K(142848K), 0.0017630 secs] [Times: user=0.01 sys=0.00, real=0.00 secs] 
119.135: Total time for which application threads were stopped: 0.0019110 seconds, Stopping threads took: 0.0000770 seconds
119.297: Application time: 0.1617610 seconds
119.297: [GC [PSYoungGen: 96203K->6368K(94208K)] 125877K->36042K(139776K), 0.0019940 secs] [Times: user=0.01 sys=0.00, real=0.00 secs] 
119.299: Total time for which application threads were stopped: 0.0021460 seconds, Stopping threads took: 0.0000690 seconds
119.464: Application time: 0.1652600 seconds
119.464: [GC [PSYoungGen: 92971K->3440K(88064K)] 122645K->33114K(133632K), 0.0011040 secs] [Times: user=0.01 sys=0.00, real=0.00 secs] 
119.465: Total time for which application threads were stopped: 0.0012420 seconds, Stopping threads took: 0.0000670 seconds
119.617: Application time: 0.1511150 seconds
119.617: [GC [PSYoungGen: 87017K->6464K(88576K)] 116690K->36314K(134144K), 0.0019630 secs] [Times: user=0.01 sys=0.00, real=0.00 secs] 
119.619: Total time for which application threads were stopped: 0.0021310 seconds, Stopping threads took: 0.0000940 seconds
119.769: Application time: 0.1502480 seconds
119.769: [GC [PSYoungGen: 87674K->6368K(86016K)] 117525K->36330K(131584K), 0.0018160 secs] [Times: user=0.01 sys=0.00, real=0.00 secs] 
119.771: Total time for which application threads were stopped: 0.0019440 seconds, Stopping threads took: 0.0000540 seconds
119.913: Application time: 0.1418860 seconds
119.913: [GC [PSYoungGen: 84828K->5344K(82432K)] 114790K->35306K(128000K), 0.0017540 secs] [Times: user=0.01 sys=0.00, real=0.00 secs] 
119.915: Total time for which application threads were stopped: 0.0019490 seconds, Stopping threads took: 0.0001140 seconds
120.061: Application time: 0.1459700 seconds
120.061: [GC [PSYoungGen: 81140K->5376K(97792K)] 111102K->36362K(143360K), 0.0017240 secs] [Times: user=0.01 sys=0.00, real=0.00 secs] 
120.063: Total time for which application threads were stopped: 0.0018740 seconds, Stopping threads took: 0.0000780 seconds
120.232: Application time: 0.1697790 seconds
120.233: [GC [PSYoungGen: 96835K->5536K(94720K)] 127821K->36570K(140288K), 0.0017390 secs] [Times: user=0.01 sys=0.00, real=0.00 secs] 
120.234: Total time for which application threads were stopped: 0.0019070 seconds, Stopping threads took: 0.0000910 seconds
120.394: Application time: 0.1597640 seconds
120.394: [GC [PSYoungGen: 94060K->5344K(102400K)] 125095K->37594K(147968K), 0.0018050 secs] [Times: user=0.01 sys=0.00, real=0.00 secs] 
120.396: Total time for which application threads were stopped: 0.0019500 seconds, Stopping threads took: 0.0000730 seconds
120.575: Application time: 0.1792970 seconds
120.575: [GC [PSYoungGen: 101601K->5376K(98816K)] 133852K->37674K(144384K), 0.0016360 secs] [Times: user=0.01 sys=0.00, real=0.01 secs] 
120.577: Total time for which application threads were stopped: 0.0017910 seconds, Stopping threads took: 0.0000730 seconds
120.753: Application time: 0.1762700 seconds
120.754: [GC [PSYoungGen: 98560K->3456K(94208K)] 130858K->35754K(139776K), 0.0011400 secs] [Times: user=0.01 sys=0.00, real=0.00 secs] 
120.755: Total time for which application threads were stopped: 0.0012980 seconds, Stopping threads took: 0.0000900 seconds
120.914: Application time: 0.1591850 seconds
120.914: [GC [PSYoungGen: 93568K->6400K(93696K)] 125866K->38850K(139264K), 0.0019750 secs] [Times: user=0.01 sys=0.00, real=0.00 secs] 
120.916: Total time for which application threads were stopped: 0.0021260 seconds, Stopping threads took: 0.0000780 seconds
121.085: Application time: 0.1690050 seconds
121.085: [GC [PSYoungGen: 93379K->3344K(87552K)] 125830K->35906K(133120K), 0.0011250 secs] [Times: user=0.01 sys=0.00, real=0.00 secs] 
121.086: Total time for which application threads were stopped: 0.0012580 seconds, Stopping threads took: 0.0000590 seconds
121.239: Application time: 0.1527400 seconds
121.239: [GC [PSYoungGen: 87089K->6400K(88064K)] 119652K->39011K(133632K), 0.0019260 secs] [Times: user=0.01 sys=0.00, real=0.00 secs] 
121.241: Total time for which application threads were stopped: 0.0021120 seconds, Stopping threads took: 0.0001020 seconds
121.389: Application time: 0.1481130 seconds
121.389: [GC [PSYoungGen: 87554K->5376K(84480K)] 120165K->37987K(130048K), 0.0015540 secs] [Times: user=0.01 sys=0.00, real=0.00 secs] 
121.391: Total time for which application threads were stopped: 0.0017010 seconds, Stopping threads took: 0.0000760 seconds
121.533: Application time: 0.1417490 seconds
121.533: [GC [PSYoungGen: 83388K->7520K(88064K)] 115999K->40179K(133632K), 0.0020890 secs] [Times: user=0.02 sys=0.00, real=0.00 secs] 
121.535: Total time for which application threads were stopped: 0.0022330 seconds, Stopping threads took: 0.0000670 seconds
121.684: Application time: 0.1487910 seconds
121.684: [GC [PSYoungGen: 86609K->6464K(103424K)] 119268K->39275K(148992K), 0.0015220 secs] [Times: user=0.00 sys=0.01, real=0.01 secs] 
121.685: Total time for which application threads were stopped: 0.0016620 seconds, Stopping threads took: 0.0000580 seconds
121.857: Application time: 0.1718660 seconds
121.857: [GC [PSYoungGen: 100311K->5280K(97280K)] 133122K->38203K(142848K), 0.0014200 secs] [Times: user=0.01 sys=0.00, real=0.00 secs] 
121.859: Total time for which application threads were stopped: 0.0015710 seconds, Stopping threads took: 0.0000850 seconds
122.035: Application time: 0.1760030 seconds
122.035: [GC [PSYoungGen: 96798K->2304K(94208K)] 129721K->35227K(139776K), 0.0008800 secs] [Times: user=0.01 sys=0.00, real=0.00 secs] 
122.036: Total time for which application threads were stopped: 0.0010010 seconds, Stopping threads took: 0.0000560 seconds
122.193: Application time: 0.1573070 seconds
122.193: [GC [PSYoungGen: 90641K->6528K(92160K)] 123565K->39451K(137728K), 0.0018890 secs] [Times: user=0.02 sys=0.00, real=0.00 secs] 
122.195: Total time for which application threads were stopped: 0.0020370 seconds, Stopping threads took: 0.0000660 seconds
122.350: Application time: 0.1549010 seconds
122.350: [GC [PSYoungGen: 91180K->5392K(88576K)] 124104K->38495K(134144K), 0.0016260 secs] [Times: user=0.01 sys=0.00, real=0.00 secs] 
122.352: Total time for which application threads were stopped: 0.0017710 seconds, Stopping threads took: 0.0000740 seconds
122.511: Application time: 0.1594360 seconds
122.511: [GC [PSYoungGen: 88336K->4368K(84992K)] 121439K->37587K(130560K), 0.0013990 secs] [Times: user=0.01 sys=0.00, real=0.00 secs] 
122.513: Total time for which application threads were stopped: 0.0015360 seconds, Stopping threads took: 0.0000650 seconds
122.655: Application time: 0.1422920 seconds
122.655: [GC [PSYoungGen: 84309K->7424K(88576K)] 117529K->40643K(134144K), 0.0021280 secs] [Times: user=0.01 sys=0.00, real=0.01 secs] 
122.657: Total time for which application threads were stopped: 0.0023400 seconds, Stopping threads took: 0.0001390 seconds
122.804: Application time: 0.1464800 seconds
122.804: [GC [PSYoungGen: 86615K->5504K(89088K)] 119834K->38723K(134656K), 0.0015060 secs] [Times: user=0.01 sys=0.00, real=0.01 secs] 
122.806: Total time for which application threads were stopped: 0.0016680 seconds, Stopping threads took: 0.0000780 seconds
122.953: Application time: 0.1473680 seconds
122.953: [GC [PSYoungGen: 84661K->6432K(104960K)] 117881K->39831K(150528K), 0.0015100 secs] [Times: user=0.01 sys=0.00, real=0.00 secs] 
122.955: Total time for which application threads were stopped: 0.0016420 seconds, Stopping threads took: 0.0000660 seconds
123.135: Application time: 0.1803930 seconds
123.135: [GC [PSYoungGen: 102661K->6432K(99840K)] 136061K->39907K(145408K), 0.0015830 secs] [Times: user=0.01 sys=0.00, real=0.01 secs] 
123.137: Total time for which application threads were stopped: 0.0017310 seconds, Stopping threads took: 0.0000800 seconds
123.310: Application time: 0.1734190 seconds
123.310: [GC [PSYoungGen: 99616K->4352K(94720K)] 133091K->37875K(140288K), 0.0012150 secs] [Times: user=0.01 sys=0.00, real=0.00 secs] 
123.312: Total time for which application threads were stopped: 0.0013600 seconds, Stopping threads took: 0.0000690 seconds
123.477: Application time: 0.1652920 seconds
123.477: [GC [PSYoungGen: 94326K->6528K(93696K)] 127849K->40052K(139264K), 0.0020030 secs] [Times: user=0.01 sys=0.00, real=0.00 secs] 
123.479: Total time for which application threads were stopped: 0.0021400 seconds, Stopping threads took: 0.0000630 seconds
123.634: Application time: 0.1552040 seconds
123.634: [GC [PSYoungGen: 93043K->7424K(95232K)] 126567K->41112K(140800K), 0.0021150 secs] [Times: user=0.02 sys=0.00, real=0.01 secs] 
123.636: Total time for which application threads were stopped: 0.0022590 seconds, Stopping threads took: 0.0000660 seconds
123.804: Application time: 0.1672590 seconds
123.804: [GC [PSYoungGen: 94006K->6400K(96768K)] 127694K->40164K(142336K), 0.0017780 secs] [Times: user=0.02 sys=0.00, real=0.01 secs] 
123.806: Total time for which application threads were stopped: 0.0019240 seconds, Stopping threads took: 0.0000710 seconds
123.964: Application time: 0.1579180 seconds
123.964: [GC [PSYoungGen: 93952K->7424K(114688K)] 127716K->41228K(160256K), 0.0016620 secs] [Times: user=0.00 sys=0.00, real=0.01 secs] 
123.965: Total time for which application threads were stopped: 0.0018070 seconds, Stopping threads took: 0.0000680 seconds
124.160: Application time: 0.1942550 seconds
124.160: [GC [PSYoungGen: 112885K->5488K(107520K)] 146689K->39292K(153088K), 0.0013420 secs] [Times: user=0.00 sys=0.01, real=0.00 secs] 
124.161: Total time for which application threads were stopped: 0.0014960 seconds, Stopping threads took: 0.0000860 seconds
124.350: Application time: 0.1893760 seconds
124.351: [GC [PSYoungGen: 107376K->6416K(104960K)] 141180K->40392K(150528K), 0.0017870 secs] [Times: user=0.01 sys=0.00, real=0.00 secs] 
124.352: Total time for which application threads were stopped: 0.0019370 seconds, Stopping threads took: 0.0000780 seconds
124.539: Application time: 0.1864670 seconds
124.539: [GC [PSYoungGen: 104518K->4352K(99328K)] 138495K->38444K(144896K), 0.0014660 secs] [Times: user=0.01 sys=0.00, real=0.00 secs] 
124.541: Total time for which application threads were stopped: 0.0016220 seconds, Stopping threads took: 0.0000740 seconds
124.709: Application time: 0.1687180 seconds
124.709: [GC [PSYoungGen: 98862K->7424K(99328K)] 132955K->41516K(144896K), 0.0020770 secs] [Times: user=0.01 sys=0.00, real=0.00 secs] 
124.711: Total time for which application threads were stopped: 0.0022200 seconds, Stopping threads took: 0.0000660 seconds
124.888: Application time: 0.1760940 seconds
124.888: [GC [PSYoungGen: 98735K->5504K(94208K)] 132828K->39596K(139776K), 0.0017710 secs] [Times: user=0.01 sys=0.00, real=0.00 secs] 
124.889: Total time for which application threads were stopped: 0.0019310 seconds, Stopping threads took: 0.0000840 seconds
125.046: Application time: 0.1566490 seconds
125.046: [GC [PSYoungGen: 93412K->6464K(92160K)] 127504K->40732K(137728K), 0.0019530 secs] [Times: user=0.01 sys=0.00, real=0.00 secs] 
125.048: Total time for which application threads were stopped: 0.0021210 seconds, Stopping threads took: 0.0000790 seconds
125.213: Application time: 0.1647030 seconds
125.213: [GC [PSYoungGen: 91930K->4352K(87552K)] 126199K->38732K(133120K), 0.0014610 secs] [Times: user=0.01 sys=0.00, real=0.00 secs] 
125.215: Total time for which application threads were stopped: 0.0015930 seconds, Stopping threads took: 0.0000590 seconds
125.368: Application time: 0.1537130 seconds
125.368: [GC [PSYoungGen: 87237K->5344K(86016K)] 121618K->39724K(131584K), 0.0016960 secs] [Times: user=0.01 sys=0.00, real=0.00 secs] 
125.370: Total time for which application threads were stopped: 0.0019230 seconds, Stopping threads took: 0.0001530 seconds
125.514: Application time: 0.1436940 seconds
125.514: [GC [PSYoungGen: 84753K->6544K(89088K)] 119134K->40924K(134656K), 0.0018790 secs] [Times: user=0.01 sys=0.00, real=0.00 secs] 
125.516: Total time for which application threads were stopped: 0.0020460 seconds, Stopping threads took: 0.0000930 seconds
125.661: Application time: 0.1446050 seconds
125.661: [GC [PSYoungGen: 86362K->7456K(104960K)] 120743K->42021K(150528K), 0.0017490 secs] [Times: user=0.01 sys=0.00, real=0.00 secs] 
125.662: Total time for which application threads were stopped: 0.0019010 seconds, Stopping threads took: 0.0000660 seconds
125.847: Application time: 0.1840860 seconds
125.847: [GC [PSYoungGen: 102942K->4352K(97792K)] 137507K->39009K(143360K), 0.0011970 secs] [Times: user=0.01 sys=0.00, real=0.00 secs] 
125.848: Total time for which application threads were stopped: 0.0013380 seconds, Stopping threads took: 0.0000720 seconds
126.015: Application time: 0.1671300 seconds
126.015: [GC [PSYoungGen: 96842K->4352K(96256K)] 131500K->39057K(141824K), 0.0013310 secs] [Times: user=0.01 sys=0.00, real=0.01 secs] 
126.016: Total time for which application threads were stopped: 0.0014640 seconds, Stopping threads took: 0.0000640 seconds
126.186: Application time: 0.1693760 seconds
126.186: [GC [PSYoungGen: 93978K->5504K(92672K)] 128683K->40209K(138240K), 0.0017760 secs] [Times: user=0.00 sys=0.00, real=0.00 secs] 
126.188: Total time for which application threads were stopped: 0.0019520 seconds, Stopping threads took: 0.0000920 seconds
126.342: Application time: 0.1545210 seconds
126.342: [GC [PSYoungGen: 91748K->7488K(91648K)] 126453K->42373K(137216K), 0.0020690 secs] [Times: user=0.01 sys=0.00, real=0.01 secs] 
126.345: Total time for which application threads were stopped: 0.0022090 seconds, Stopping threads took: 0.0000650 seconds
126.510: Application time: 0.1652330 seconds
126.510: [GC [PSYoungGen: 91406K->3360K(84992K)] 126291K->38341K(130560K), 0.0011630 secs] [Times: user=0.01 sys=0.00, real=0.00 secs] 
126.511: Total time for which application threads were stopped: 0.0012960 seconds, Stopping threads took: 0.0000660 seconds
126.658: Application time: 0.1471790 seconds
126.658: [GC [PSYoungGen: 83916K->3296K(85504K)] 118897K->38317K(131072K), 0.0012110 secs] [Times: user=0.00 sys=0.00, real=0.00 secs] 
126.660: Total time for which application threads were stopped: 0.0013430 seconds, Stopping threads took: 0.0000610 seconds
126.802: Application time: 0.1421690 seconds
126.802: [GC [PSYoungGen: 81136K->5376K(81920K)] 116157K->40397K(127488K), 0.0016920 secs] [Times: user=0.01 sys=0.00, real=0.00 secs] 
126.804: Total time for which application threads were stopped: 0.0018690 seconds, Stopping threads took: 0.0000940 seconds
126.941: Application time: 0.1376840 seconds
126.941: [GC [PSYoungGen: 81078K->6512K(80384K)] 116100K->41573K(125952K), 0.0018660 secs] [Times: user=0.01 sys=0.00, real=0.00 secs] 
126.943: Total time for which application threads were stopped: 0.0020160 seconds, Stopping threads took: 0.0000740 seconds
127.078: Application time: 0.1347090 seconds
127.080: [GC [PSYoungGen: 80041K->6448K(82944K)] 115103K->41653K(128512K), 0.0018510 secs] [Times: user=0.02 sys=0.00, real=0.00 secs] 
127.082: Total time for which application threads were stopped: 0.0040710 seconds, Stopping threads took: 0.0021450 seconds
127.217: Application time: 0.1345500 seconds
127.217: [GC [PSYoungGen: 79687K->7424K(97792K)] 114892K->42733K(143360K), 0.0017030 secs] [Times: user=0.01 sys=0.00, real=0.00 secs] 
127.219: Total time for which application threads were stopped: 0.0018470 seconds, Stopping threads took: 0.0000720 seconds
127.387: Application time: 0.1689500 seconds
127.388: [GC [PSYoungGen: 96000K->5376K(97792K)] 131309K->40685K(143360K), 0.0014580 secs] [Times: user=0.00 sys=0.01, real=0.00 secs] 
127.389: Total time for which application threads were stopped: 0.0016040 seconds, Stopping threads took: 0.0000640 seconds
127.553: Application time: 0.1639210 seconds
127.553: [GC [PSYoungGen: 93611K->6480K(115712K)] 128921K->41789K(161280K), 0.0014410 secs] [Times: user=0.01 sys=0.00, real=0.00 secs] 
127.555: Total time for which application threads were stopped: 0.0016380 seconds, Stopping threads took: 0.0001220 seconds
127.752: Application time: 0.1976990 seconds
127.752: [GC [PSYoungGen: 112706K->5408K(108544K)] 148016K->40894K(154112K), 0.0013850 secs] [Times: user=0.01 sys=0.00, real=0.00 secs] 
127.754: Total time for which application threads were stopped: 0.0015350 seconds, Stopping threads took: 0.0000780 seconds
127.945: Application time: 0.1906670 seconds
127.945: [GC [PSYoungGen: 107940K->4320K(103936K)] 143426K->39922K(149504K), 0.0012920 secs] [Times: user=0.00 sys=0.00, real=0.00 secs] 
127.946: Total time for which application threads were stopped: 0.0014500 seconds, Stopping threads took: 0.0000790 seconds
128.127: Application time: 0.1805440 seconds
128.127: [GC [PSYoungGen: 102929K->4320K(100352K)] 138531K->39922K(145920K), 0.0013840 secs] [Times: user=0.01 sys=0.00, real=0.00 secs] 
128.128: Total time for which application threads were stopped: 0.0015450 seconds, Stopping threads took: 0.0000930 seconds
128.303: Application time: 0.1752090 seconds
128.303: [GC [PSYoungGen: 99044K->6560K(99328K)] 134646K->42162K(144896K), 0.0018150 secs] [Times: user=0.01 sys=0.00, real=0.01 secs] 
128.305: Total time for which application threads were stopped: 0.0019520 seconds, Stopping threads took: 0.0000610 seconds
128.477: Application time: 0.1722160 seconds
128.478: [GC [PSYoungGen: 98256K->4400K(94208K)] 133858K->40178K(139776K), 0.0015530 secs] [Times: user=0.01 sys=0.00, real=0.00 secs] 
128.479: Total time for which application threads were stopped: 0.0017180 seconds, Stopping threads took: 0.0000850 seconds
128.641: Application time: 0.1619250 seconds
128.641: [GC [PSYoungGen: 93440K->7392K(94208K)] 129218K->43282K(139776K), 0.0020390 secs] [Times: user=0.01 sys=0.00, real=0.00 secs] 
128.643: Total time for which application threads were stopped: 0.0021870 seconds, Stopping threads took: 0.0000770 seconds
128.803: Application time: 0.1599050 seconds
128.803: [GC [PSYoungGen: 93692K->4352K(88064K)] 129582K->40242K(133632K), 0.0013530 secs] [Times: user=0.01 sys=0.00, real=0.01 secs] 
128.805: Total time for which application threads were stopped: 0.0014970 seconds, Stopping threads took: 0.0000730 seconds
128.959: Application time: 0.1544250 seconds
128.959: [GC [PSYoungGen: 87788K->5520K(86528K)] 123679K->41410K(132096K), 0.0017680 secs] [Times: user=0.01 sys=0.00, real=0.00 secs] 
128.961: Total time for which application threads were stopped: 0.0019100 seconds, Stopping threads took: 0.0000690 seconds
129.107: Application time: 0.1463270 seconds
129.108: [GC [PSYoungGen: 85843K->5440K(83968K)] 121733K->41510K(129536K), 0.0017400 secs] [Times: user=0.01 sys=0.00, real=0.00 secs] 
129.109: Total time for which application threads were stopped: 0.0019160 seconds, Stopping threads took: 0.0000990 seconds
129.252: Application time: 0.1427720 seconds
129.252: [GC [PSYoungGen: 82983K->6336K(87040K)] 119054K->42514K(132608K), 0.0019620 secs] [Times: user=0.01 sys=0.00, real=0.00 secs] 
129.254: Total time for which application threads were stopped: 0.0021150 seconds, Stopping threads took: 0.0000810 seconds
129.399: Application time: 0.1453000 seconds
129.400: [GC [PSYoungGen: 84041K->5376K(87040K)] 120220K->41554K(132608K), 0.0014970 secs] [Times: user=0.01 sys=0.00, real=0.00 secs] 
129.401: Total time for which application threads were stopped: 0.0016680 seconds, Stopping threads took: 0.0000980 seconds
129.548: Application time: 0.1467560 seconds
129.548: [GC [PSYoungGen: 83476K->5424K(81408K)] 119654K->41602K(126976K), 0.0012270 secs] [Times: user=0.01 sys=0.00, real=0.00 secs] 
129.549: Total time for which application threads were stopped: 0.0013540 seconds, Stopping threads took: 0.0000590 seconds
129.686: Application time: 0.1367110 seconds
129.686: [GC [PSYoungGen: 81200K->5408K(96768K)] 117378K->41698K(142336K), 0.0016780 secs] [Times: user=0.01 sys=0.00, real=0.00 secs] 
129.688: Total time for which application threads were stopped: 0.0018390 seconds, Stopping threads took: 0.0000850 seconds
129.857: Application time: 0.1696140 seconds
129.858: [GC [PSYoungGen: 96121K->5392K(93696K)] 132411K->41799K(139264K), 0.0014280 secs] [Times: user=0.01 sys=0.00, real=0.00 secs] 
129.859: Total time for which application threads were stopped: 0.0015580 seconds, Stopping threads took: 0.0000610 seconds
130.025: Application time: 0.1664800 seconds
130.026: [GC [PSYoungGen: 93456K->5376K(90624K)] 129863K->41863K(136192K), 0.0016020 secs] [Times: user=0.01 sys=0.00, real=0.00 secs] 
130.027: Total time for which application threads were stopped: 0.0017360 seconds, Stopping threads took: 0.0000580 seconds
130.181: Application time: 0.1537340 seconds
130.181: [GC [PSYoungGen: 90020K->5408K(88064K)] 126507K->42919K(133632K), 0.0017710 secs] [Times: user=0.01 sys=0.00, real=0.00 secs] 
130.183: Total time for which application threads were stopped: 0.0019230 seconds, Stopping threads took: 0.0000810 seconds
130.334: Application time: 0.1512300 seconds
130.334: [GC [PSYoungGen: 87011K->5472K(85504K)] 124522K->43031K(131072K), 0.0017490 secs] [Times: user=0.01 sys=0.00, real=0.00 secs] 
130.336: Total time for which application threads were stopped: 0.0019030 seconds, Stopping threads took: 0.0000660 seconds
130.479: Application time: 0.1425740 seconds
130.480: [GC [PSYoungGen: 84406K->3376K(87552K)] 121965K->44151K(133120K), 0.0019060 secs] [Times: user=0.01 sys=0.00, real=0.00 secs] 
130.482: Total time for which application threads were stopped: 0.0035570 seconds, Stopping threads took: 0.0015800 seconds
130.643: Application time: 0.1611250 seconds
130.643: [GC [PSYoungGen: 87292K->4352K(86016K)] 128067K->45239K(131584K), 0.0013230 secs] [Times: user=0.01 sys=0.00, real=0.01 secs] 
130.645: Total time for which application threads were stopped: 0.0015050 seconds, Stopping threads took: 0.0001110 seconds
130.795: Application time: 0.1500840 seconds
130.795: [GC [PSYoungGen: 85566K->5376K(84480K)] 126454K->46263K(130048K), 0.0014840 secs] [Times: user=0.01 sys=0.00, real=0.01 secs] 
130.797: Total time for which application threads were stopped: 0.0016520 seconds, Stopping threads took: 0.0000960 seconds
130.939: Application time: 0.1424810 seconds
130.940: [GC [PSYoungGen: 83573K->5456K(87040K)] 124460K->46343K(132608K), 0.0016180 secs] [Times: user=0.01 sys=0.00, real=0.00 secs] 
130.942: Total time for which application threads were stopped: 0.0028580 seconds, Stopping threads took: 0.0011560 seconds
131.088: Application time: 0.1457060 seconds
131.088: [GC [PSYoungGen: 84544K->6416K(101376K)] 125432K->47483K(146944K), 0.0015240 secs] [Times: user=0.00 sys=0.01, real=0.00 secs] 
131.089: Total time for which application threads were stopped: 0.0016960 seconds, Stopping threads took: 0.0001000 seconds
131.266: Application time: 0.1769380 seconds
131.266: [GC [PSYoungGen: 100348K->5376K(96768K)] 141416K->46523K(142336K), 0.0014130 secs] [Times: user=0.01 sys=0.00, real=0.00 secs] 
131.268: Total time for which application threads were stopped: 0.0015470 seconds, Stopping threads took: 0.0000630 seconds
131.431: Application time: 0.1636640 seconds
131.432: [GC [PSYoungGen: 96222K->5376K(98304K)] 137369K->48603K(143872K), 0.0020490 secs] [Times: user=0.01 sys=0.00, real=0.00 secs] 
131.434: Total time for which application threads were stopped: 0.0021860 seconds, Stopping threads took: 0.0000610 seconds
131.606: Application time: 0.1719240 seconds
131.606: [GC [PSYoungGen: 97617K->5504K(95232K)] 140844K->48731K(140800K), 0.0016070 secs] [Times: user=0.01 sys=0.00, real=0.00 secs] 
131.607: Total time for which application threads were stopped: 0.0017570 seconds, Stopping threads took: 0.0000690 seconds
131.772: Application time: 0.1651720 seconds
131.773: [GC [PSYoungGen: 94542K->5392K(92160K)] 137769K->48799K(137728K), 0.0015520 secs] [Times: user=0.01 sys=0.00, real=0.00 secs] 
131.774: Total time for which application threads were stopped: 0.0017000 seconds, Stopping threads took: 0.0000810 seconds
131.934: Application time: 0.1597600 seconds
131.934: [GC [PSYoungGen: 91498K->6416K(90112K)] 134905K->49900K(135680K), 0.0019820 secs] [Times: user=0.01 sys=0.00, real=0.00 secs] 
131.936: Total time for which application threads were stopped: 0.0021240 seconds, Stopping threads took: 0.0000680 seconds
132.089: Application time: 0.1534180 seconds
132.090: [GC [PSYoungGen: 89855K->1280K(82432K)] 133339K->48908K(131072K), 0.0014050 secs] [Times: user=0.00 sys=0.00, real=0.00 secs] 
132.091: [Full GC [PSYoungGen: 1280K->0K(82432K)] [ParOldGen: 47628K->8679K(45568K)] 48908K->8679K(128000K) [PSPermGen: 5503K->5503K(21504K)], 0.0068090 secs] [Times: user=0.03 sys=0.00, real=0.01 secs] 
132.098: Total time for which application threads were stopped: 0.0084040 seconds, Stopping threads took: 0.0000710 seconds
132.244: Application time: 0.1458650 seconds
132.244: [GC [PSYoungGen: 79967K->6448K(91136K)] 88647K->15127K(136704K), 0.0018500 secs] [Times: user=0.01 sys=0.00, real=0.01 secs] 
132.246: Total time for which application threads were stopped: 0.0020120 seconds, Stopping threads took: 0.0000760 seconds
132.402: Application time: 0.1566620 seconds
132.403: [GC [PSYoungGen: 89553K->4496K(85504K)] 98232K->13223K(131072K), 0.0010900 secs] [Times: user=0.00 sys=0.00, real=0.00 secs] 
132.404: Total time for which application threads were stopped: 0.0012500 seconds, Stopping threads took: 0.0000950 seconds
132.551: Application time: 0.1470730 seconds
132.551: [GC [PSYoungGen: 84713K->6432K(102400K)] 93440K->15335K(147968K), 0.0018680 secs] [Times: user=0.01 sys=0.01, real=0.00 secs] 
132.553: Total time for which application threads were stopped: 0.0020320 seconds, Stopping threads took: 0.0000950 seconds
132.726: Application time: 0.1732240 seconds
132.726: [GC [PSYoungGen: 100839K->6400K(105472K)] 109743K->15379K(151040K), 0.0017520 secs] [Times: user=0.01 sys=0.00, real=0.00 secs] 
132.728: Total time for which application threads were stopped: 0.0018980 seconds, Stopping threads took: 0.0000750 seconds
132.908: Application time: 0.1797620 seconds
132.908: [GC [PSYoungGen: 102856K->5376K(99328K)] 111836K->14355K(144896K), 0.0015290 secs] [Times: user=0.01 sys=0.00, real=0.00 secs] 
132.909: Total time for which application threads were stopped: 0.0016970 seconds, Stopping threads took: 0.0000870 seconds
133.081: Application time: 0.1720350 seconds
133.082: [GC [PSYoungGen: 98183K->5504K(96256K)] 107162K->14531K(141824K), 0.0015490 secs] [Times: user=0.01 sys=0.00, real=0.00 secs] 
133.083: Total time for which application threads were stopped: 0.0016910 seconds, Stopping threads took: 0.0000690 seconds
133.250: Application time: 0.1672330 seconds
133.250: [GC [PSYoungGen: 96043K->6432K(94208K)] 105071K->15643K(139776K), 0.0020240 secs] [Times: user=0.02 sys=0.00, real=0.00 secs] 
133.253: Total time for which application threads were stopped: 0.0021830 seconds, Stopping threads took: 0.0000860 seconds
133.415: Application time: 0.1625570 seconds
133.415: [GC [PSYoungGen: 93177K->3328K(88064K)] 102388K->14664K(133632K), 0.0016080 secs] [Times: user=0.01 sys=0.00, real=0.01 secs] 
133.417: Total time for which application threads were stopped: 0.0017630 seconds, Stopping threads took: 0.0000740 seconds
133.574: Application time: 0.1573360 seconds
133.574: [GC [PSYoungGen: 87169K->4368K(86528K)] 98505K->15704K(132096K), 0.0013070 secs] [Times: user=0.01 sys=0.00, real=0.00 secs] 
133.576: Total time for which application threads were stopped: 0.0014520 seconds, Stopping threads took: 0.0000730 seconds
133.722: Application time: 0.1463060 seconds
133.722: [GC [PSYoungGen: 85846K->6432K(86016K)] 97182K->17808K(131584K), 0.0018470 secs] [Times: user=0.01 sys=0.00, real=0.00 secs] 
133.724: Total time for which application threads were stopped: 0.0019970 seconds, Stopping threads took: 0.0000780 seconds
133.871: Application time: 0.1469560 seconds
133.871: [GC [PSYoungGen: 85642K->5424K(82432K)] 97018K->16944K(128000K), 0.0017790 secs] [Times: user=0.01 sys=0.00, real=0.00 secs] 
133.873: Total time for which application threads were stopped: 0.0019130 seconds, Stopping threads took: 0.0000630 seconds
134.015: Application time: 0.1425750 seconds
134.016: [GC [PSYoungGen: 82034K->4352K(85504K)] 93554K->17012K(131072K), 0.0016290 secs] [Times: user=0.01 sys=0.00, real=0.01 secs] 
134.017: Total time for which application threads were stopped: 0.0017850 seconds, Stopping threads took: 0.0000800 seconds
134.164: Application time: 0.1468430 seconds
134.164: [GC [PSYoungGen: 84466K->5376K(88064K)] 97127K->18036K(133632K), 0.0015240 secs] [Times: user=0.01 sys=0.00, real=0.00 secs] 
134.166: Total time for which application threads were stopped: 0.0016910 seconds, Stopping threads took: 0.0000890 seconds
134.314: Application time: 0.1487000 seconds
134.315: [GC [PSYoungGen: 85760K->5504K(83456K)] 98420K->18164K(129024K), 0.0012100 secs] [Times: user=0.00 sys=0.00, real=0.00 secs] 
134.316: Total time for which application threads were stopped: 0.0013710 seconds, Stopping threads took: 0.0000940 seconds
134.463: Application time: 0.1467820 seconds
134.463: [GC [PSYoungGen: 82875K->5424K(80896K)] 95535K->18236K(126464K), 0.0013680 secs] [Times: user=0.01 sys=0.00, real=0.00 secs] 
134.464: Total time for which application threads were stopped: 0.0015270 seconds, Stopping threads took: 0.0000880 seconds
134.600: Application time: 0.1361520 seconds
134.600: [GC [PSYoungGen: 79949K->4384K(77312K)] 92762K->19312K(122880K), 0.0015600 secs] [Times: user=0.01 sys=0.00, real=0.00 secs] 
134.602: Total time for which application threads were stopped: 0.0017020 seconds, Stopping threads took: 0.0000610 seconds
134.735: Application time: 0.1334070 seconds
134.735: [GC [PSYoungGen: 76566K->6400K(94208K)] 91495K->21404K(139776K), 0.0018240 secs] [Times: user=0.01 sys=0.00, real=0.01 secs] 
134.737: Total time for which application threads were stopped: 0.0019760 seconds, Stopping threads took: 0.0000770 seconds
134.898: Application time: 0.1603200 seconds
134.898: [GC [PSYoungGen: 92938K->5312K(95232K)] 107943K->20316K(140800K), 0.0015380 secs] [Times: user=0.00 sys=0.00, real=0.00 secs] 
134.899: Total time for which application threads were stopped: 0.0016820 seconds, Stopping threads took: 0.0000750 seconds
135.066: Application time: 0.1664950 seconds
135.066: [GC [PSYoungGen: 94128K->4496K(91136K)] 109132K->19500K(136704K), 0.0012900 secs] [Times: user=0.01 sys=0.00, real=0.00 secs] 
135.067: Total time for which application threads were stopped: 0.0014410 seconds, Stopping threads took: 0.0000820 seconds
135.193: Application time: 0.1259890 seconds
135.193: Total time for which application threads were stopped: 0.0000990 seconds, Stopping threads took: 0.0000640 seconds
135.226: Application time: 0.0325780 seconds
135.226: [GC [PSYoungGen: 91024K->5392K(89088K)] 106028K->20576K(134656K), 0.0016340 secs] [Times: user=0.01 sys=0.00, real=0.00 secs] 
135.228: Total time for which application threads were stopped: 0.0017630 seconds, Stopping threads took: 0.0000550 seconds
135.388: Application time: 0.1605930 seconds
135.388: [GC [PSYoungGen: 88217K->6368K(87552K)] 103402K->21621K(133120K), 0.0020100 secs] [Times: user=0.01 sys=0.00, real=0.00 secs] 
135.390: Total time for which application threads were stopped: 0.0021570 seconds, Stopping threads took: 0.0000700 seconds
135.439: Application time: 0.0489610 seconds
135.440: Total time for which application threads were stopped: 0.0000900 seconds, Stopping threads took: 0.0000650 seconds
135.558: Application time: 0.1179950 seconds
135.558: [GC [PSYoungGen: 87087K->3328K(81920K)] 102340K->20629K(127488K), 0.0015080 secs] [Times: user=0.01 sys=0.00, real=0.00 secs] 
135.559: Total time for which application threads were stopped: 0.0016310 seconds, Stopping threads took: 0.0000500 seconds
135.630: Application time: 0.0707910 seconds
135.630: Total time for which application threads were stopped: 0.0000670 seconds, Stopping threads took: 0.0000410 seconds
135.635: Application time: 0.0047400 seconds
135.635: Total time for which application threads were stopped: 0.0000480 seconds, Stopping threads took: 0.0000300 seconds
135.643: Application time: 0.0082110 seconds
135.643: Total time for which application threads were stopped: 0.0000450 seconds, Stopping threads took: 0.0000280 seconds
135.686: Application time: 0.0426090 seconds
135.686: Total time for which application threads were stopped: 0.0000610 seconds, Stopping threads took: 0.0000350 seconds
135.733: Application time: 0.0476410 seconds
135.734: Total time for which application threads were stopped: 0.0001440 seconds, Stopping threads took: 0.0000980 seconds
135.786: Application time: 0.0520210 seconds
135.786: [GC [PSYoungGen: 81132K->352K(76288K)] 98433K->17660K(121856K), 0.0005680 secs] [Times: user=0.00 sys=0.00, real=0.00 secs] 
135.786: Total time for which application threads were stopped: 0.0006910 seconds, Stopping threads took: 0.0000580 seconds
135.930: Application time: 0.1439400 seconds
135.931: [GC [PSYoungGen: 75756K->3136K(78336K)] 93065K->20725K(123904K), 0.0012350 secs] [Times: user=0.00 sys=0.00, real=0.00 secs] 
135.932: Total time for which application threads were stopped: 0.0016500 seconds, Stopping threads took: 0.0003440 seconds
136.074: Application time: 0.1422720 seconds
136.074: [GC [PSYoungGen: 75417K->3264K(74752K)] 93006K->20853K(120320K), 0.0010340 secs] [Times: user=0.01 sys=0.00, real=0.00 secs] 
136.075: Total time for which application threads were stopped: 0.0011800 seconds, Stopping threads took: 0.0000750 seconds
136.211: Application time: 0.1354600 seconds
136.211: [GC [PSYoungGen: 73496K->7424K(76800K)] 91085K->25013K(122368K), 0.0019770 secs] [Times: user=0.01 sys=0.00, real=0.00 secs] 
136.213: Total time for which application threads were stopped: 0.0021310 seconds, Stopping threads took: 0.0000810 seconds
136.338: Application time: 0.1253000 seconds
136.338: [GC [PSYoungGen: 75525K->7424K(78336K)] 93114K->25013K(123904K), 0.0020990 secs] [Times: user=0.02 sys=0.00, real=0.00 secs] 
136.340: Total time for which application threads were stopped: 0.0022540 seconds, Stopping threads took: 0.0000730 seconds
136.470: Application time: 0.1290560 seconds
136.470: [GC [PSYoungGen: 76273K->7680K(91136K)] 93862K->25269K(136704K), 0.0017090 secs] [Times: user=0.01 sys=0.00, real=0.00 secs] 
136.471: Total time for which application threads were stopped: 0.0018400 seconds, Stopping threads took: 0.0000620 seconds
136.626: Application time: 0.1541630 seconds
136.626: [GC [PSYoungGen: 89467K->5376K(92160K)] 107057K->23245K(137728K), 0.0014810 secs] [Times: user=0.01 sys=0.00, real=0.00 secs] 
136.627: Total time for which application threads were stopped: 0.0016120 seconds, Stopping threads took: 0.0000590 seconds
136.790: Application time: 0.1624830 seconds
136.790: [GC [PSYoungGen: 87296K->2304K(81920K)] 105165K->20173K(127488K), 0.0007480 secs] [Times: user=0.01 sys=0.00, real=0.00 secs] 
136.790: Total time for which application threads were stopped: 0.0008710 seconds, Stopping threads took: 0.0000610 seconds
136.934: Application time: 0.1432140 seconds
136.934: [GC [PSYoungGen: 80750K->5280K(82432K)] 98619K->23149K(128000K), 0.0018020 secs] [Times: user=0.01 sys=0.00, real=0.00 secs] 
136.936: Total time for which application threads were stopped: 0.0021630 seconds, Stopping threads took: 0.0002810 seconds
137.077: Application time: 0.1414570 seconds
137.077: [GC [PSYoungGen: 81740K->7424K(98816K)] 99609K->25293K(144384K), 0.0016820 secs] [Times: user=0.01 sys=0.00, real=0.00 secs] 
137.079: Total time for which application threads were stopped: 0.0018280 seconds, Stopping threads took: 0.0000690 seconds
137.237: Application time: 0.1575130 seconds
137.237: [GC [PSYoungGen: 96233K->7632K(99328K)] 114103K->25501K(144896K), 0.0020850 secs] [Times: user=0.02 sys=0.00, real=0.00 secs] 
137.239: Total time for which application threads were stopped: 0.0022210 seconds, Stopping threads took: 0.0000620 seconds
137.416: Application time: 0.1768200 seconds
137.416: [GC [PSYoungGen: 96990K->7424K(117248K)] 114860K->25578K(162816K), 0.0018350 secs] [Times: user=0.00 sys=0.01, real=0.01 secs] 
137.418: Total time for which application threads were stopped: 0.0019740 seconds, Stopping threads took: 0.0000700 seconds
137.619: Application time: 0.2010360 seconds
137.619: [GC [PSYoungGen: 113539K->6368K(110080K)] 131693K->24522K(155648K), 0.0014010 secs] [Times: user=0.01 sys=0.00, real=0.00 secs] 
137.620: Total time for which application threads were stopped: 0.0015520 seconds, Stopping threads took: 0.0000700 seconds
137.819: Application time: 0.1983300 seconds
137.819: [GC [PSYoungGen: 108903K->464K(107520K)] 127057K->18618K(153088K), 0.0005500 secs] [Times: user=0.00 sys=0.00, real=0.00 secs] 
137.819: Total time for which application threads were stopped: 0.0007010 seconds, Stopping threads took: 0.0000820 seconds
137.991: Application time: 0.1713410 seconds
137.991: [GC [PSYoungGen: 100297K->4320K(100864K)] 118451K->22754K(146432K), 0.0014340 secs] [Times: user=0.00 sys=0.01, real=0.00 secs] 
137.992: Total time for which application threads were stopped: 0.0016330 seconds, Stopping threads took: 0.0001290 seconds
138.173: Application time: 0.1807790 seconds
138.173: [GC [PSYoungGen: 99870K->6400K(100352K)] 118304K->24834K(145920K), 0.0017690 secs] [Times: user=0.01 sys=0.00, real=0.00 secs] 
138.175: Total time for which application threads were stopped: 0.0019260 seconds, Stopping threads took: 0.0000810 seconds
138.358: Application time: 0.1833830 seconds
138.359: [GC [PSYoungGen: 98674K->256K(90624K)] 117108K->18690K(136192K), 0.0004870 secs] [Times: user=0.00 sys=0.00, real=0.00 secs] 
138.359: Total time for which application threads were stopped: 0.0006250 seconds, Stopping threads took: 0.0000760 seconds
138.514: Application time: 0.1545720 seconds
138.514: [GC [PSYoungGen: 90301K->7632K(95744K)] 108735K->26066K(141312K), 0.0022020 secs] [Times: user=0.02 sys=0.00, real=0.00 secs] 
138.516: Total time for which application threads were stopped: 0.0023770 seconds, Stopping threads took: 0.0001000 seconds
138.676: Application time: 0.1603970 seconds
138.677: [GC [PSYoungGen: 94627K->5376K(89600K)] 113061K->24090K(135168K), 0.0017910 secs] [Times: user=0.01 sys=0.00, real=0.00 secs] 
138.678: Total time for which application threads were stopped: 0.0020040 seconds, Stopping threads took: 0.0001350 seconds
138.848: Application time: 0.1694300 seconds
138.848: [GC [PSYoungGen: 88415K->4352K(88576K)] 107130K->23066K(134144K), 0.0013680 secs] [Times: user=0.00 sys=0.00, real=0.00 secs] 
138.849: Total time for which application threads were stopped: 0.0015070 seconds, Stopping threads took: 0.0000670 seconds
138.992: Application time: 0.1421740 seconds
138.992: [GC [PSYoungGen: 84936K->7424K(86528K)] 103651K->26138K(132096K), 0.0021400 secs] [Times: user=0.01 sys=0.00, real=0.00 secs] 
138.994: Total time for which application threads were stopped: 0.0022920 seconds, Stopping threads took: 0.0000770 seconds
139.139: Application time: 0.1450630 seconds
139.139: [GC [PSYoungGen: 85949K->7424K(89088K)] 104664K->26138K(134656K), 0.0019880 secs] [Times: user=0.01 sys=0.00, real=0.00 secs] 
139.141: Total time for which application threads were stopped: 0.0021370 seconds, Stopping threads took: 0.0000770 seconds
139.283: Application time: 0.1418620 seconds
139.283: [GC [PSYoungGen: 85665K->6592K(89600K)] 104380K->25306K(135168K), 0.0018010 secs] [Times: user=0.01 sys=0.00, real=0.01 secs] 
139.285: Total time for which application threads were stopped: 0.0019630 seconds, Stopping threads took: 0.0000810 seconds
139.431: Application time: 0.1463390 seconds
139.431: [GC [PSYoungGen: 84096K->6368K(104960K)] 102811K->25367K(150528K), 0.0014950 secs] [Times: user=0.00 sys=0.01, real=0.00 secs] 
139.433: Total time for which application threads were stopped: 0.0016710 seconds, Stopping threads took: 0.0001020 seconds
139.610: Application time: 0.1767140 seconds
139.610: [GC [PSYoungGen: 99827K->7392K(104960K)] 118826K->26391K(150528K), 0.0020140 secs] [Times: user=0.02 sys=0.00, real=0.00 secs] 
139.612: Total time for which application threads were stopped: 0.0022120 seconds, Stopping threads took: 0.0001220 seconds
139.793: Application time: 0.1807960 seconds
139.793: [GC [PSYoungGen: 101600K->4352K(95744K)] 120599K->23351K(141312K), 0.0010060 secs] [Times: user=0.01 sys=0.00, real=0.00 secs] 
139.794: Total time for which application threads were stopped: 0.0011500 seconds, Stopping threads took: 0.0000710 seconds
139.955: Application time: 0.1615310 seconds
139.955: [GC [PSYoungGen: 94578K->5536K(93696K)] 113577K->24535K(139264K), 0.0017590 secs] [Times: user=0.01 sys=0.00, real=0.01 secs] 
139.957: Total time for which application threads were stopped: 0.0019210 seconds, Stopping threads took: 0.0000900 seconds
140.121: Application time: 0.1641870 seconds
140.121: [GC [PSYoungGen: 92996K->5376K(90624K)] 111995K->24655K(136192K), 0.0012550 secs] [Times: user=0.01 sys=0.00, real=0.00 secs] 
140.123: Total time for which application threads were stopped: 0.0013960 seconds, Stopping threads took: 0.0000730 seconds
140.284: Application time: 0.1614900 seconds
140.288: [GC [PSYoungGen: 89849K->5360K(88064K)] 109128K->24639K(133632K), 0.0015280 secs] [Times: user=0.01 sys=0.00, real=0.00 secs] 
140.290: Total time for which application threads were stopped: 0.0054810 seconds, Stopping threads took: 0.0038850 seconds
140.435: Application time: 0.1451530 seconds
140.436: [GC [PSYoungGen: 87044K->6400K(86528K)] 106324K->25679K(132096K), 0.0018380 secs] [Times: user=0.01 sys=0.00, real=0.00 secs] 
140.438: Total time for which application threads were stopped: 0.0031440 seconds, Stopping threads took: 0.0012270 seconds
140.585: Application time: 0.1468300 seconds
140.585: [GC [PSYoungGen: 85794K->7616K(103424K)] 105073K->26895K(148992K), 0.0021010 secs] [Times: user=0.02 sys=0.00, real=0.00 secs] 
140.587: Total time for which application threads were stopped: 0.0022340 seconds, Stopping threads took: 0.0000630 seconds
140.767: Application time: 0.1801870 seconds
140.767: [GC [PSYoungGen: 101132K->6400K(105984K)] 120412K->25959K(151552K), 0.0018930 secs] [Times: user=0.01 sys=0.00, real=0.00 secs] 
140.769: Total time for which application threads were stopped: 0.0020370 seconds, Stopping threads took: 0.0000690 seconds
140.941: Application time: 0.1720330 seconds
140.942: [GC [PSYoungGen: 102393K->6336K(105984K)] 121953K->25895K(151552K), 0.0017560 secs] [Times: user=0.01 sys=0.00, real=0.00 secs] 
140.943: Total time for which application threads were stopped: 0.0019090 seconds, Stopping threads took: 0.0000700 seconds
141.120: Application time: 0.1769090 seconds
141.120: [GC [PSYoungGen: 102304K->7392K(124416K)] 121863K->26951K(169984K), 0.0016630 secs] [Times: user=0.01 sys=0.00, real=0.00 secs] 
141.122: Total time for which application threads were stopped: 0.0018050 seconds, Stopping threads took: 0.0000730 seconds
141.336: Application time: 0.2140690 seconds
141.336: [GC [PSYoungGen: 121984K->5568K(116736K)] 141544K->25127K(162304K), 0.0013020 secs] [Times: user=0.01 sys=0.00, real=0.00 secs] 
141.338: Total time for which application threads were stopped: 0.0014520 seconds, Stopping threads took: 0.0000780 seconds
141.547: Application time: 0.2095760 seconds
141.547: [GC [PSYoungGen: 116475K->2272K(112640K)] 136035K->22104K(158208K), 0.0009780 secs] [Times: user=0.00 sys=0.00, real=0.00 secs] 
141.548: Total time for which application threads were stopped: 0.0011330 seconds, Stopping threads took: 0.0000800 seconds
141.746: Application time: 0.1976190 seconds
141.746: [GC [PSYoungGen: 109222K->4352K(108032K)] 129054K->24184K(153600K), 0.0012010 secs] [Times: user=0.00 sys=0.00, real=0.00 secs] 
141.747: Total time for which application threads were stopped: 0.0013420 seconds, Stopping threads took: 0.0000730 seconds
141.936: Application time: 0.1884770 seconds
141.936: [GC [PSYoungGen: 107772K->7584K(107520K)] 127604K->27416K(153088K), 0.0020820 secs] [Times: user=0.01 sys=0.00, real=0.01 secs] 
141.938: Total time for which application threads were stopped: 0.0022340 seconds, Stopping threads took: 0.0000770 seconds
142.128: Application time: 0.1899600 seconds
142.128: [GC [PSYoungGen: 107297K->6368K(102912K)] 127129K->26480K(148480K), 0.0021860 secs] [Times: user=0.01 sys=0.00, real=0.00 secs] 
142.130: Total time for which application threads were stopped: 0.0024980 seconds, Stopping threads took: 0.0002290 seconds
142.308: Application time: 0.1775220 seconds
142.308: [GC [PSYoungGen: 101853K->6400K(99840K)] 121965K->26512K(145408K), 0.0018520 secs] [Times: user=0.01 sys=0.01, real=0.00 secs] 
142.310: Total time for which application threads were stopped: 0.0020110 seconds, Stopping threads took: 0.0000850 seconds
142.479: Application time: 0.1694580 seconds
142.480: [GC [PSYoungGen: 98825K->7392K(97792K)] 118938K->27504K(143360K), 0.0023690 secs] [Times: user=0.02 sys=0.00, real=0.00 secs] 
142.482: Total time for which application threads were stopped: 0.0025760 seconds, Stopping threads took: 0.0001330 seconds
142.653: Application time: 0.1708880 seconds
142.653: [GC [PSYoungGen: 97504K->6624K(93696K)] 117616K->26736K(139264K), 0.0017430 secs] [Times: user=0.02 sys=0.00, real=0.00 secs] 
142.655: Total time for which application threads were stopped: 0.0019030 seconds, Stopping threads took: 0.0000810 seconds
142.814: Application time: 0.1595270 seconds
142.814: [GC [PSYoungGen: 93620K->6336K(99840K)] 113732K->26720K(145408K), 0.0018490 secs] [Times: user=0.01 sys=0.00, real=0.01 secs] 
142.816: Total time for which application threads were stopped: 0.0020400 seconds, Stopping threads took: 0.0001130 seconds
142.986: Application time: 0.1693440 seconds
142.986: [GC [PSYoungGen: 96386K->4256K(91648K)] 116771K->24640K(137216K), 0.0012090 secs] [Times: user=0.01 sys=0.00, real=0.00 secs] 
142.987: Total time for which application threads were stopped: 0.0014150 seconds, Stopping threads took: 0.0001420 seconds
143.148: Application time: 0.1613440 seconds
143.149: [GC [PSYoungGen: 91191K->5376K(89600K)] 111576K->25760K(135168K), 0.0016580 secs] [Times: user=0.01 sys=0.00, real=0.00 secs] 
143.150: Total time for which application threads were stopped: 0.0018060 seconds, Stopping threads took: 0.0000730 seconds
143.302: Application time: 0.1516490 seconds
143.302: [GC [PSYoungGen: 89317K->5536K(87040K)] 109701K->25920K(132608K), 0.0016680 secs] [Times: user=0.01 sys=0.00, real=0.00 secs] 
143.304: Total time for which application threads were stopped: 0.0018980 seconds, Stopping threads took: 0.0001460 seconds
143.456: Application time: 0.1519660 seconds
143.456: [GC [PSYoungGen: 85996K->6400K(101888K)] 106381K->27065K(147456K), 0.0019750 secs] [Times: user=0.01 sys=0.00, real=0.01 secs] 
143.458: Total time for which application threads were stopped: 0.0021250 seconds, Stopping threads took: 0.0000670 seconds
143.626: Application time: 0.1683500 seconds
143.626: [GC [PSYoungGen: 98545K->5376K(106496K)] 119211K->26041K(152064K), 0.0015910 secs] [Times: user=0.01 sys=0.00, real=0.00 secs] 
143.628: Total time for which application threads were stopped: 0.0017410 seconds, Stopping threads took: 0.0000780 seconds
143.809: Application time: 0.1813070 seconds
143.809: [GC [PSYoungGen: 102469K->5376K(99840K)] 123134K->26041K(145408K), 0.0014620 secs] [Times: user=0.00 sys=0.00, real=0.00 secs] 
143.811: Total time for which application threads were stopped: 0.0016230 seconds, Stopping threads took: 0.0000780 seconds
143.988: Application time: 0.1766790 seconds
143.988: [GC [PSYoungGen: 99129K->4544K(96256K)] 119794K->25209K(141824K), 0.0014470 secs] [Times: user=0.01 sys=0.00, real=0.00 secs] 
143.989: Total time for which application threads were stopped: 0.0015910 seconds, Stopping threads took: 0.0000710 seconds
144.156: Application time: 0.1667390 seconds
144.160: [GC [PSYoungGen: 95577K->5376K(93696K)] 116242K->26321K(139264K), 0.0017600 secs] [Times: user=0.01 sys=0.00, real=0.00 secs] 
144.162: Total time for which application threads were stopped: 0.0060600 seconds, Stopping threads took: 0.0042270 seconds
144.325: Application time: 0.1627580 seconds
144.325: [GC [PSYoungGen: 93440K->5376K(90624K)] 114385K->26321K(136192K), 0.0015410 secs] [Times: user=0.00 sys=0.00, real=0.00 secs] 
144.326: Total time for which application threads were stopped: 0.0016830 seconds, Stopping threads took: 0.0000630 seconds
144.481: Application time: 0.1545930 seconds
144.481: [GC [PSYoungGen: 89853K->6400K(89088K)] 110798K->27345K(134656K), 0.0019680 secs] [Times: user=0.01 sys=0.00, real=0.00 secs] 
144.483: Total time for which application threads were stopped: 0.0021330 seconds, Stopping threads took: 0.0000940 seconds
144.636: Application time: 0.1529830 seconds
144.636: [GC [PSYoungGen: 88423K->4528K(84480K)] 109369K->25473K(130048K), 0.0013520 secs] [Times: user=0.01 sys=0.00, real=0.00 secs] 
144.638: Total time for which application threads were stopped: 0.0015040 seconds, Stopping threads took: 0.0000830 seconds
144.781: Application time: 0.1437150 seconds
144.784: [GC [PSYoungGen: 84400K->6400K(89088K)] 105345K->27597K(134656K), 0.0019790 secs] [Times: user=0.01 sys=0.00, real=0.00 secs] 
144.786: Total time for which application threads were stopped: 0.0048120 seconds, Stopping threads took: 0.0027590 seconds
144.939: Application time: 0.1531850 seconds
144.940: [GC [PSYoungGen: 86924K->5376K(83968K)] 108121K->26621K(129536K), 0.0012370 secs] [Times: user=0.00 sys=0.01, real=0.00 secs] 
144.941: Total time for which application threads were stopped: 0.0013930 seconds, Stopping threads took: 0.0000780 seconds
145.083: Application time: 0.1421090 seconds
145.083: [GC [PSYoungGen: 83117K->6400K(101888K)] 104363K->27645K(147456K), 0.0016640 secs] [Times: user=0.00 sys=0.01, real=0.01 secs] 
145.085: Total time for which application threads were stopped: 0.0018160 seconds, Stopping threads took: 0.0000760 seconds
145.258: Application time: 0.1737810 seconds
145.259: [GC [PSYoungGen: 99722K->5376K(96256K)] 120967K->26621K(141824K), 0.0015050 secs] [Times: user=0.00 sys=0.00, real=0.00 secs] 
145.260: Total time for which application threads were stopped: 0.0016980 seconds, Stopping threads took: 0.0001230 seconds
145.423: Application time: 0.1628770 seconds
145.423: [GC [PSYoungGen: 95481K->6608K(94208K)] 116727K->27853K(139776K), 0.0020190 secs] [Times: user=0.01 sys=0.00, real=0.01 secs] 
145.425: Total time for which application threads were stopped: 0.0021680 seconds, Stopping threads took: 0.0000740 seconds
145.590: Application time: 0.1646980 seconds
145.590: [GC [PSYoungGen: 93246K->4352K(89088K)] 114491K->25854K(134656K), 0.0012280 secs] [Times: user=0.00 sys=0.00, real=0.00 secs] 
145.592: Total time for which application threads were stopped: 0.0017350 seconds, Stopping threads took: 0.0000770 seconds
145.749: Application time: 0.1575490 seconds
145.749: [GC [PSYoungGen: 88283K->5376K(87552K)] 109785K->26878K(133120K), 0.0017780 secs] [Times: user=0.01 sys=0.00, real=0.00 secs] 
145.751: Total time for which application threads were stopped: 0.0019200 seconds, Stopping threads took: 0.0000650 seconds
145.901: Application time: 0.1495380 seconds
145.901: [GC [PSYoungGen: 86574K->4352K(83968K)] 108077K->25854K(129536K), 0.0013840 secs] [Times: user=0.00 sys=0.00, real=0.00 secs] 
145.902: Total time for which application threads were stopped: 0.0015130 seconds, Stopping threads took: 0.0000580 seconds
146.043: Application time: 0.1412340 seconds
146.044: [GC [PSYoungGen: 83712K->7664K(88576K)] 105214K->29166K(134144K), 0.0021050 secs] [Times: user=0.01 sys=0.00, real=0.01 secs] 
146.046: Total time for which application threads were stopped: 0.0022540 seconds, Stopping threads took: 0.0000730 seconds
146.198: Application time: 0.1524860 seconds
146.198: [GC [PSYoungGen: 87483K->4320K(82432K)] 108985K->26086K(128000K), 0.0010650 secs] [Times: user=0.01 sys=0.00, real=0.00 secs] 
146.199: Total time for which application threads were stopped: 0.0011910 seconds, Stopping threads took: 0.0000540 seconds
146.346: Application time: 0.1463620 seconds
146.346: [GC [PSYoungGen: 81688K->4352K(79872K)] 103454K->26118K(125440K), 0.0013660 secs] [Times: user=0.01 sys=0.00, real=0.00 secs] 
146.347: Total time for which application threads were stopped: 0.0015400 seconds, Stopping threads took: 0.0001020 seconds
146.484: Application time: 0.1371690 seconds
146.485: [GC [PSYoungGen: 78793K->5376K(78336K)] 100560K->27142K(123904K), 0.0012980 secs] [Times: user=0.01 sys=0.00, real=0.00 secs] 
146.486: Total time for which application threads were stopped: 0.0014280 seconds, Stopping threads took: 0.0000610 seconds
146.619: Application time: 0.1335980 seconds
146.620: [GC [PSYoungGen: 77601K->5408K(76288K)] 99368K->27174K(121856K), 0.0017580 secs] [Times: user=0.01 sys=0.00, real=0.00 secs] 
146.621: Total time for which application threads were stopped: 0.0019260 seconds, Stopping threads took: 0.0000920 seconds
146.753: Application time: 0.1318740 seconds
146.753: [GC [PSYoungGen: 76062K->4496K(73216K)] 97828K->26302K(118784K), 0.0013190 secs] [Times: user=0.01 sys=0.00, real=0.00 secs] 
146.755: Total time for which application threads were stopped: 0.0014670 seconds, Stopping threads took: 0.0000590 seconds
146.876: Application time: 0.1207550 seconds
146.876: [GC [PSYoungGen: 72614K->6400K(88064K)] 94420K->28450K(133632K), 0.0018450 secs] [Times: user=0.01 sys=0.00, real=0.01 secs] 
146.878: Total time for which application threads were stopped: 0.0019850 seconds, Stopping threads took: 0.0000640 seconds
147.031: Application time: 0.1531920 seconds
147.031: [GC [PSYoungGen: 86197K->4352K(90624K)] 108247K->26402K(136192K), 0.0012580 secs] [Times: user=0.00 sys=0.01, real=0.00 secs] 
147.032: Total time for which application threads were stopped: 0.0014110 seconds, Stopping threads took: 0.0000780 seconds
147.182: Application time: 0.1502270 seconds
147.182: [GC [PSYoungGen: 86784K->7424K(90624K)] 108834K->29474K(136192K), 0.0019960 secs] [Times: user=0.01 sys=0.00, real=0.01 secs] 
147.184: Total time for which application threads were stopped: 0.0021400 seconds, Stopping threads took: 0.0000650 seconds
147.334: Application time: 0.1496990 seconds
147.336: [GC [PSYoungGen: 89595K->5472K(107008K)] 111646K->27522K(152576K), 0.0014570 secs] [Times: user=0.01 sys=0.00, real=0.00 secs] 
147.338: Total time for which application threads were stopped: 0.0036430 seconds, Stopping threads took: 0.0020870 seconds
147.525: Application time: 0.1873540 seconds
147.525: [GC [PSYoungGen: 104569K->6480K(102400K)] 126620K->28667K(147968K), 0.0014970 secs] [Times: user=0.01 sys=0.00, real=0.00 secs] 
147.527: Total time for which application threads were stopped: 0.0016570 seconds, Stopping threads took: 0.0000910 seconds
147.707: Application time: 0.1806100 seconds
147.708: [GC [PSYoungGen: 102213K->2272K(96768K)] 124400K->24619K(142336K), 0.0009070 secs] [Times: user=0.00 sys=0.00, real=0.00 secs] 
147.709: Total time for which application threads were stopped: 0.0016790 seconds, Stopping threads took: 0.0007090 seconds
147.872: Application time: 0.1624140 seconds
147.872: [GC [PSYoungGen: 94273K->6400K(96256K)] 116620K->28747K(141824K), 0.0019710 secs] [Times: user=0.01 sys=0.00, real=0.00 secs] 
147.874: Total time for which application threads were stopped: 0.0021240 seconds, Stopping threads took: 0.0000680 seconds
148.046: Application time: 0.1725920 seconds
148.046: [GC [PSYoungGen: 95678K->2480K(92160K)] 118026K->24827K(137728K), 0.0009100 secs] [Times: user=0.00 sys=0.00, real=0.00 secs] 
148.047: Total time for which application threads were stopped: 0.0010460 seconds, Stopping threads took: 0.0000680 seconds
148.200: Application time: 0.1528240 seconds
148.200: [GC [PSYoungGen: 88045K->6368K(90112K)] 110392K->28987K(135680K), 0.0019870 secs] [Times: user=0.01 sys=0.00, real=0.00 secs] 
148.202: Total time for which application threads were stopped: 0.0021380 seconds, Stopping threads took: 0.0000770 seconds
148.352: Application time: 0.1498860 seconds
148.352: [GC [PSYoungGen: 89304K->7424K(92160K)] 111924K->30043K(137728K), 0.0020480 secs] [Times: user=0.02 sys=0.00, real=0.00 secs] 
148.354: Total time for which application threads were stopped: 0.0022010 seconds, Stopping threads took: 0.0000770 seconds
148.518: Application time: 0.1632000 seconds
148.518: [GC [PSYoungGen: 90345K->2304K(83456K)] 112965K->24923K(129024K), 0.0008170 secs] [Times: user=0.01 sys=0.00, real=0.00 secs] 
148.519: Total time for which application threads were stopped: 0.0009710 seconds, Stopping threads took: 0.0000820 seconds
148.664: Application time: 0.1454000 seconds
148.664: [GC [PSYoungGen: 82983K->6464K(85504K)] 105602K->29083K(131072K), 0.0020090 secs] [Times: user=0.01 sys=0.00, real=0.00 secs] 
148.666: Total time for which application threads were stopped: 0.0022080 seconds, Stopping threads took: 0.0001190 seconds
148.808: Application time: 0.1417170 seconds
148.808: [GC [PSYoungGen: 84533K->7536K(88064K)] 107152K->30275K(133632K), 0.0021010 secs] [Times: user=0.01 sys=0.00, real=0.00 secs] 
148.810: Total time for which application threads were stopped: 0.0022550 seconds, Stopping threads took: 0.0000690 seconds
148.950: Application time: 0.1401810 seconds
148.950: [GC [PSYoungGen: 85011K->6368K(104448K)] 107750K->29283K(150016K), 0.0014200 secs] [Times: user=0.01 sys=0.00, real=0.00 secs] 
148.952: Total time for which application threads were stopped: 0.0015790 seconds, Stopping threads took: 0.0000890 seconds
149.135: Application time: 0.1833430 seconds
149.135: [GC [PSYoungGen: 100569K->5376K(104448K)] 123485K->28291K(150016K), 0.0015560 secs] [Times: user=0.01 sys=0.00, real=0.01 secs] 
149.137: Total time for which application threads were stopped: 0.0017160 seconds, Stopping threads took: 0.0000760 seconds
149.305: Application time: 0.1684900 seconds
149.306: [GC [PSYoungGen: 98879K->7424K(98816K)] 121795K->30339K(144384K), 0.0015790 secs] [Times: user=0.01 sys=0.00, real=0.00 secs] 
149.307: Total time for which application threads were stopped: 0.0017130 seconds, Stopping threads took: 0.0000640 seconds
149.479: Application time: 0.1718100 seconds
149.479: [GC [PSYoungGen: 98560K->5584K(93696K)] 121475K->28499K(139264K), 0.0016400 secs] [Times: user=0.00 sys=0.00, real=0.00 secs] 
149.481: Total time for which application threads were stopped: 0.0018040 seconds, Stopping threads took: 0.0000900 seconds
149.639: Application time: 0.1586260 seconds
149.640: [GC [PSYoungGen: 93635K->6400K(91648K)] 116551K->30624K(137216K), 0.0018310 secs] [Times: user=0.00 sys=0.02, real=0.00 secs] 
149.641: Total time for which application threads were stopped: 0.0019780 seconds, Stopping threads took: 0.0000680 seconds
149.809: Application time: 0.1673100 seconds
149.809: [GC [PSYoungGen: 90879K->3296K(86016K)] 115103K->27520K(131584K), 0.0012630 secs] [Times: user=0.01 sys=0.00, real=0.00 secs] 
149.810: Total time for which application threads were stopped: 0.0014030 seconds, Stopping threads took: 0.0000700 seconds
149.961: Application time: 0.1505810 seconds
149.961: [GC [PSYoungGen: 85257K->7392K(107520K)] 109481K->31616K(153088K), 0.0021140 secs] [Times: user=0.01 sys=0.00, real=0.00 secs] 
149.963: Total time for which application threads were stopped: 0.0022640 seconds, Stopping threads took: 0.0000680 seconds
150.150: Application time: 0.1873500 seconds
150.150: [GC [PSYoungGen: 104699K->4528K(98816K)] 128923K->28752K(144384K), 0.0013410 secs] [Times: user=0.00 sys=0.00, real=0.00 secs] 
150.152: Total time for which application threads were stopped: 0.0015040 seconds, Stopping threads took: 0.0000840 seconds
150.317: Application time: 0.1648960 seconds
150.317: [GC [PSYoungGen: 98006K->6400K(97792K)] 122230K->30908K(143360K), 0.0019240 secs] [Times: user=0.02 sys=0.00, real=0.00 secs] 
150.319: Total time for which application threads were stopped: 0.0020670 seconds, Stopping threads took: 0.0000660 seconds
150.491: Application time: 0.1726810 seconds
150.492: [GC [PSYoungGen: 96561K->5376K(93696K)] 121069K->29884K(139264K), 0.0016980 secs] [Times: user=0.01 sys=0.00, real=0.00 secs] 
150.493: Total time for which application threads were stopped: 0.0018580 seconds, Stopping threads took: 0.0000860 seconds
150.649: Application time: 0.1553950 seconds
150.649: [GC [PSYoungGen: 93440K->8448K(96768K)] 117948K->32956K(142336K), 0.0022780 secs] [Times: user=0.02 sys=0.00, real=0.00 secs] 
150.651: Total time for which application threads were stopped: 0.0024160 seconds, Stopping threads took: 0.0000630 seconds
150.822: Application time: 0.1709250 seconds
150.822: [GC [PSYoungGen: 95991K->4576K(89088K)] 120499K->29084K(134656K), 0.0015530 secs] [Times: user=0.01 sys=0.00, real=0.00 secs] 
150.824: Total time for which application threads were stopped: 0.0017000 seconds, Stopping threads took: 0.0000660 seconds
150.974: Application time: 0.1498290 seconds
150.974: [GC [PSYoungGen: 88893K->7392K(93696K)] 113402K->32168K(139264K), 0.0021380 secs] [Times: user=0.01 sys=0.00, real=0.00 secs] 
150.976: Total time for which application threads were stopped: 0.0022920 seconds, Stopping threads took: 0.0000840 seconds
151.130: Application time: 0.1541050 seconds
151.130: [GC [PSYoungGen: 91200K->5312K(94208K)] 115976K->30088K(139776K), 0.0016170 secs] [Times: user=0.01 sys=0.00, real=0.00 secs] 
151.132: Total time for which application threads were stopped: 0.0017530 seconds, Stopping threads took: 0.0000690 seconds
151.297: Application time: 0.1656100 seconds
151.297: [GC [PSYoungGen: 88864K->3312K(84992K)] 113641K->28088K(130560K), 0.0008510 secs] [Times: user=0.00 sys=0.00, real=0.00 secs] 
151.298: Total time for which application threads were stopped: 0.0009900 seconds, Stopping threads took: 0.0000730 seconds
151.440: Application time: 0.1413750 seconds
151.440: [GC [PSYoungGen: 83849K->6592K(104448K)] 108626K->31368K(150016K), 0.0019470 secs] [Times: user=0.01 sys=0.00, real=0.00 secs] 
151.442: Total time for which application threads were stopped: 0.0021180 seconds, Stopping threads took: 0.0000880 seconds
151.619: Application time: 0.1767380 seconds
151.619: [GC [PSYoungGen: 100664K->4352K(96256K)] 125441K->29369K(141824K), 0.0011470 secs] [Times: user=0.00 sys=0.00, real=0.00 secs] 
151.620: Total time for which application threads were stopped: 0.0012720 seconds, Stopping threads took: 0.0000580 seconds
151.784: Application time: 0.1639640 seconds
151.784: [GC [PSYoungGen: 95999K->7392K(102400K)] 121016K->32449K(147968K), 0.0021640 secs] [Times: user=0.01 sys=0.00, real=0.01 secs] 
151.786: Total time for which application threads were stopped: 0.0023190 seconds, Stopping threads took: 0.0000770 seconds
151.966: Application time: 0.1796150 seconds
151.966: [GC [PSYoungGen: 99758K->2304K(92160K)] 124815K->27361K(137728K), 0.0007370 secs] [Times: user=0.00 sys=0.00, real=0.00 secs] 
151.967: Total time for which application threads were stopped: 0.0008820 seconds, Stopping threads took: 0.0000710 seconds
152.126: Application time: 0.1597390 seconds
152.127: [GC [PSYoungGen: 91340K->6560K(93184K)] 116397K->31617K(138752K), 0.0017260 secs] [Times: user=0.01 sys=0.00, real=0.00 secs] 
152.128: Total time for which application threads were stopped: 0.0018790 seconds, Stopping threads took: 0.0000810 seconds
152.285: Application time: 0.1565310 seconds
152.285: [GC [PSYoungGen: 92640K->6400K(90112K)] 117697K->31709K(135680K), 0.0016300 secs] [Times: user=0.01 sys=0.00, real=0.00 secs] 
152.287: Total time for which application threads were stopped: 0.0017690 seconds, Stopping threads took: 0.0000710 seconds
152.449: Application time: 0.1628440 seconds
152.450: [GC [PSYoungGen: 89856K->5376K(86528K)] 115165K->30733K(132096K), 0.0017440 secs] [Times: user=0.01 sys=0.00, real=0.00 secs] 
152.451: Total time for which application threads were stopped: 0.0018900 seconds, Stopping threads took: 0.0000730 seconds
152.595: Application time: 0.1435330 seconds
152.595: [GC [PSYoungGen: 86272K->6400K(100864K)] 111629K->31757K(146432K), 0.0018270 secs] [Times: user=0.01 sys=0.01, real=0.01 secs] 
152.597: Total time for which application threads were stopped: 0.0020090 seconds, Stopping threads took: 0.0000960 seconds
152.768: Application time: 0.1710520 seconds
152.768: [GC [PSYoungGen: 97764K->5504K(94720K)] 123121K->30861K(140288K), 0.0016520 secs] [Times: user=0.01 sys=0.00, real=0.00 secs] 
152.770: Total time for which application threads were stopped: 0.0017920 seconds, Stopping threads took: 0.0000720 seconds
152.933: Application time: 0.1635520 seconds
152.933: [GC [PSYoungGen: 94409K->5440K(91648K)] 119766K->30977K(137216K), 0.0017680 secs] [Times: user=0.01 sys=0.00, real=0.00 secs] 
152.935: Total time for which application threads were stopped: 0.0019230 seconds, Stopping threads took: 0.0000840 seconds
153.090: Application time: 0.1547360 seconds
153.090: [GC [PSYoungGen: 90443K->7424K(95232K)] 115981K->33073K(140800K), 0.0020580 secs] [Times: user=0.01 sys=0.00, real=0.00 secs] 
153.092: Total time for which application threads were stopped: 0.0022170 seconds, Stopping threads took: 0.0000840 seconds
153.259: Application time: 0.1668740 seconds
153.259: [GC [PSYoungGen: 93869K->4352K(88064K)] 119519K->30001K(133632K), 0.0010340 secs] [Times: user=0.01 sys=0.00, real=0.00 secs] 
153.260: Total time for which application threads were stopped: 0.0011890 seconds, Stopping threads took: 0.0000700 seconds
153.407: Application time: 0.1472570 seconds
153.408: [GC [PSYoungGen: 86914K->6496K(108032K)] 112564K->32145K(153600K), 0.0018280 secs] [Times: user=0.01 sys=0.00, real=0.00 secs] 
153.409: Total time for which application threads were stopped: 0.0019860 seconds, Stopping threads took: 0.0000880 seconds
153.596: Application time: 0.1864420 seconds
153.596: [GC [PSYoungGen: 105132K->4480K(99840K)] 130782K->30233K(145408K), 0.0012790 secs] [Times: user=0.00 sys=0.00, real=0.01 secs] 
153.597: Total time for which application threads were stopped: 0.0014400 seconds, Stopping threads took: 0.0000920 seconds
153.765: Application time: 0.1679910 seconds
153.768: [GC [PSYoungGen: 99568K->7424K(99840K)] 125322K->33358K(145408K), 0.0022310 secs] [Times: user=0.01 sys=0.00, real=0.00 secs] 
153.770: Total time for which application threads were stopped: 0.0051190 seconds, Stopping threads took: 0.0028040 seconds
153.945: Application time: 0.1743530 seconds
153.945: [GC [PSYoungGen: 99403K->5376K(94720K)] 125337K->31310K(140288K), 0.0014240 secs] [Times: user=0.01 sys=0.00, real=0.00 secs] 
153.946: Total time for which application threads were stopped: 0.0015810 seconds, Stopping threads took: 0.0000860 seconds
154.114: Application time: 0.1671460 seconds
154.114: [GC [PSYoungGen: 94338K->5440K(91648K)] 120273K->31374K(137216K), 0.0016470 secs] [Times: user=0.01 sys=0.00, real=0.00 secs] 
154.115: Total time for which application threads were stopped: 0.0017910 seconds, Stopping threads took: 0.0000730 seconds
154.274: Application time: 0.1583870 seconds
154.274: [GC [PSYoungGen: 90975K->5472K(88576K)] 116909K->31506K(134144K), 0.0017430 secs] [Times: user=0.01 sys=0.00, real=0.00 secs] 
154.276: Total time for which application threads were stopped: 0.0018950 seconds, Stopping threads took: 0.0000660 seconds
154.427: Application time: 0.1516590 seconds
154.427: [GC [PSYoungGen: 87741K->4352K(84992K)] 113775K->30562K(130560K), 0.0014980 secs] [Times: user=0.01 sys=0.00, real=0.00 secs] 
154.429: Total time for which application threads were stopped: 0.0016380 seconds, Stopping threads took: 0.0000660 seconds
154.574: Application time: 0.1454500 seconds
154.575: [GC [PSYoungGen: 84291K->7424K(88576K)] 110502K->33634K(134144K), 0.0021140 secs] [Times: user=0.02 sys=0.00, real=0.01 secs] 
154.577: Total time for which application threads were stopped: 0.0022670 seconds, Stopping threads took: 0.0000770 seconds
154.728: Application time: 0.1513190 seconds
154.728: [GC [PSYoungGen: 87289K->6368K(89088K)] 113500K->32578K(134656K), 0.0018750 secs] [Times: user=0.02 sys=0.00, real=0.00 secs] 
154.730: Total time for which application threads were stopped: 0.0020160 seconds, Stopping threads took: 0.0000680 seconds
154.880: Application time: 0.1498930 seconds
154.880: [GC [PSYoungGen: 85538K->2448K(79872K)] 111748K->28658K(125440K), 0.0007760 secs] [Times: user=0.00 sys=0.00, real=0.00 secs] 
154.881: Total time for which application threads were stopped: 0.0009310 seconds, Stopping threads took: 0.0000800 seconds
155.020: Application time: 0.1392350 seconds
155.020: [GC [PSYoungGen: 79068K->5344K(80384K)] 105279K->31826K(125952K), 0.0016140 secs] [Times: user=0.01 sys=0.00, real=0.00 secs] 
155.022: Total time for which application threads were stopped: 0.0017670 seconds, Stopping threads took: 0.0000820 seconds
155.159: Application time: 0.1376690 seconds
155.160: [GC [PSYoungGen: 79778K->5376K(77824K)] 106261K->31858K(123392K), 0.0013360 secs] [Times: user=0.00 sys=0.01, real=0.00 secs] 
155.161: Total time for which application threads were stopped: 0.0015030 seconds, Stopping threads took: 0.0000920 seconds
155.295: Application time: 0.1338920 seconds
155.295: [GC [PSYoungGen: 77568K->6400K(93696K)] 104050K->32882K(139264K), 0.0018580 secs] [Times: user=0.01 sys=0.00, real=0.01 secs] 
155.297: Total time for which application threads were stopped: 0.0020010 seconds, Stopping threads took: 0.0000650 seconds
155.454: Application time: 0.1571240 seconds
155.454: [GC [PSYoungGen: 91264K->6464K(95744K)] 117746K->32946K(141312K), 0.0018090 secs] [Times: user=0.01 sys=0.00, real=0.00 secs] 
155.456: Total time for which application threads were stopped: 0.0019500 seconds, Stopping threads took: 0.0000610 seconds
155.613: Application time: 0.1571680 seconds
155.613: [GC [PSYoungGen: 93239K->5504K(95744K)] 119722K->32090K(141312K), 0.0016610 secs] [Times: user=0.01 sys=0.00, real=0.00 secs] 
155.615: Total time for which application threads were stopped: 0.0018000 seconds, Stopping threads took: 0.0000640 seconds
155.777: Application time: 0.1620990 seconds
155.777: [GC [PSYoungGen: 91765K->5344K(89600K)] 118352K->32115K(135168K), 0.0013090 secs] [Times: user=0.01 sys=0.00, real=0.00 secs] 
155.779: Total time for which application threads were stopped: 0.0018080 seconds, Stopping threads took: 0.0000750 seconds
155.932: Application time: 0.1527260 seconds
155.932: [GC [PSYoungGen: 88704K->6368K(88064K)] 115475K->33139K(133632K), 0.0016950 secs] [Times: user=0.00 sys=0.01, real=0.00 secs] 
155.933: Total time for which application threads were stopped: 0.0018780 seconds, Stopping threads took: 0.0001130 seconds
156.085: Application time: 0.1514640 seconds
156.085: [GC [PSYoungGen: 87241K->4352K(102400K)] 114012K->34195K(147968K), 0.0018640 secs] [Times: user=0.01 sys=0.00, real=0.00 secs] 
156.087: Total time for which application threads were stopped: 0.0020100 seconds, Stopping threads took: 0.0000690 seconds
156.269: Application time: 0.1821910 seconds
156.269: [GC [PSYoungGen: 101586K->4512K(98816K)] 131429K->34355K(144384K), 0.0013630 secs] [Times: user=0.01 sys=0.00, real=0.00 secs] 
156.271: Total time for which application threads were stopped: 0.0015040 seconds, Stopping threads took: 0.0000720 seconds
156.445: Application time: 0.1746190 seconds
156.445: [GC [PSYoungGen: 98256K->4352K(96256K)] 128099K->34471K(141824K), 0.0013850 secs] [Times: user=0.01 sys=0.00, real=0.00 secs] 
156.447: Total time for which application threads were stopped: 0.0015460 seconds, Stopping threads took: 0.0000880 seconds
156.612: Application time: 0.1656380 seconds
156.613: [GC [PSYoungGen: 95317K->5376K(93696K)] 125436K->35495K(139264K), 0.0016640 secs] [Times: user=0.01 sys=0.00, real=0.00 secs] 
156.614: Total time for which application threads were stopped: 0.0018230 seconds, Stopping threads took: 0.0000780 seconds
156.780: Application time: 0.1653390 seconds
156.780: [GC [PSYoungGen: 92757K->4384K(89600K)] 122876K->34503K(135168K), 0.0013420 secs] [Times: user=0.00 sys=0.00, real=0.00 secs] 
156.781: Total time for which application threads were stopped: 0.0014850 seconds, Stopping threads took: 0.0000730 seconds
156.933: Application time: 0.1515390 seconds
156.933: [GC [PSYoungGen: 89139K->7584K(90112K)] 119259K->37779K(135680K), 0.0021460 secs] [Times: user=0.01 sys=0.00, real=0.00 secs] 
156.935: Total time for which application threads were stopped: 0.0022880 seconds, Stopping threads took: 0.0000680 seconds
157.087: Application time: 0.1521670 seconds
157.087: [GC [PSYoungGen: 89778K->5376K(85504K)] 119974K->35779K(131072K), 0.0016420 secs] [Times: user=0.02 sys=0.00, real=0.00 secs] 
157.089: Total time for which application threads were stopped: 0.0017890 seconds, Stopping threads took: 0.0000730 seconds
157.237: Application time: 0.1482600 seconds
157.237: [GC [PSYoungGen: 84254K->7424K(91136K)] 114657K->37827K(136704K), 0.0020420 secs] [Times: user=0.02 sys=0.00, real=0.00 secs] 
157.239: Total time for which application threads were stopped: 0.0021790 seconds, Stopping threads took: 0.0000560 seconds
157.399: Application time: 0.1592050 seconds
157.399: [GC [PSYoungGen: 89580K->4352K(84992K)] 119983K->34755K(130560K), 0.0010330 secs] [Times: user=0.01 sys=0.00, real=0.00 secs] 
157.400: Total time for which application threads were stopped: 0.0011760 seconds, Stopping threads took: 0.0000760 seconds
157.543: Application time: 0.1432580 seconds
157.543: [GC [PSYoungGen: 84724K->6592K(100864K)] 115128K->36995K(146432K), 0.0017950 secs] [Times: user=0.02 sys=0.00, real=0.01 secs] 
157.545: Total time for which application threads were stopped: 0.0019610 seconds, Stopping threads took: 0.0000820 seconds
157.715: Application time: 0.1698300 seconds
157.715: [GC [PSYoungGen: 98684K->6416K(105472K)] 129088K->37064K(151040K), 0.0018470 secs] [Times: user=0.01 sys=0.01, real=0.01 secs] 
157.717: Total time for which application threads were stopped: 0.0019800 seconds, Stopping threads took: 0.0000640 seconds
157.897: Application time: 0.1797660 seconds
157.897: [GC [PSYoungGen: 102584K->3328K(96768K)] 133233K->34024K(142336K), 0.0010440 secs] [Times: user=0.00 sys=0.00, real=0.00 secs] 
157.898: Total time for which application threads were stopped: 0.0011870 seconds, Stopping threads took: 0.0000630 seconds
158.073: Application time: 0.1756720 seconds
158.074: [GC [PSYoungGen: 96219K->4368K(95744K)] 126915K->35064K(141312K), 0.0012910 secs] [Times: user=0.00 sys=0.00, real=0.00 secs] 
158.075: Total time for which application threads were stopped: 0.0014430 seconds, Stopping threads took: 0.0000840 seconds
158.235: Application time: 0.1602710 seconds
158.235: [GC [PSYoungGen: 93838K->5584K(92672K)] 124534K->36280K(138240K), 0.0017370 secs] [Times: user=0.01 sys=0.01, real=0.01 secs] 
158.237: Total time for which application threads were stopped: 0.0018950 seconds, Stopping threads took: 0.0000870 seconds
158.402: Application time: 0.1652320 seconds
158.402: [GC [PSYoungGen: 92624K->4368K(88576K)] 123320K->35340K(134144K), 0.0014280 secs] [Times: user=0.01 sys=0.00, real=0.00 secs] 
158.404: Total time for which application threads were stopped: 0.0015810 seconds, Stopping threads took: 0.0000760 seconds
158.554: Application time: 0.1504680 seconds
158.554: [GC [PSYoungGen: 87812K->7392K(89088K)] 118784K->38364K(134656K), 0.0021540 secs] [Times: user=0.02 sys=0.00, real=0.01 secs] 
158.557: Total time for which application threads were stopped: 0.0023160 seconds, Stopping threads took: 0.0000860 seconds
158.708: Application time: 0.1518460 seconds
158.709: [GC [PSYoungGen: 88510K->4352K(83456K)] 119483K->35324K(129024K), 0.0012920 secs] [Times: user=0.01 sys=0.00, real=0.00 secs] 
158.710: Total time for which application threads were stopped: 0.0014210 seconds, Stopping threads took: 0.0000600 seconds
158.854: Application time: 0.1438060 seconds
158.854: [GC [PSYoungGen: 82488K->6496K(82944K)] 113461K->37468K(128512K), 0.0018370 secs] [Times: user=0.01 sys=0.00, real=0.00 secs] 
158.856: Total time for which application threads were stopped: 0.0019880 seconds, Stopping threads took: 0.0000790 seconds
158.995: Application time: 0.1393330 seconds
158.995: [GC [PSYoungGen: 82443K->6528K(84992K)] 113416K->37608K(130560K), 0.0019020 secs] [Times: user=0.01 sys=0.00, real=0.01 secs] 
158.997: Total time for which application threads were stopped: 0.0020760 seconds, Stopping threads took: 0.0000900 seconds
159.143: Application time: 0.1458230 seconds
159.143: [GC [PSYoungGen: 83328K->4288K(85504K)] 114408K->35540K(131072K), 0.0013380 secs] [Times: user=0.01 sys=0.00, real=0.01 secs] 
159.144: Total time for which application threads were stopped: 0.0014770 seconds, Stopping threads took: 0.0000710 seconds
159.286: Application time: 0.1421070 seconds
159.287: [GC [PSYoungGen: 81088K->4320K(78848K)] 112340K->35572K(124416K), 0.0010490 secs] [Times: user=0.01 sys=0.00, real=0.00 secs] 
159.288: Total time for which application threads were stopped: 0.0011830 seconds, Stopping threads took: 0.0000660 seconds
159.425: Application time: 0.1368680 seconds
159.425: [GC [PSYoungGen: 77792K->5376K(77824K)] 109045K->36628K(123392K), 0.0016280 secs] [Times: user=0.01 sys=0.00, real=0.00 secs] 
159.426: Total time for which application threads were stopped: 0.0017700 seconds, Stopping threads took: 0.0000720 seconds
159.559: Application time: 0.1327300 seconds
159.559: [GC [PSYoungGen: 77209K->5568K(75776K)] 108461K->36820K(121344K), 0.0013230 secs] [Times: user=0.00 sys=0.00, real=0.00 secs] 
159.561: Total time for which application threads were stopped: 0.0014770 seconds, Stopping threads took: 0.0000680 seconds
159.688: Application time: 0.1272690 seconds
159.688: [GC [PSYoungGen: 75407K->4384K(72704K)] 106659K->35833K(118272K), 0.0015030 secs] [Times: user=0.01 sys=0.01, real=0.00 secs] 
159.689: Total time for which application threads were stopped: 0.0016420 seconds, Stopping threads took: 0.0000650 seconds
159.814: Application time: 0.1248870 seconds
159.814: [GC [PSYoungGen: 71838K->5376K(86528K)] 103287K->36909K(132096K), 0.0015630 secs] [Times: user=0.01 sys=0.00, real=0.00 secs] 
159.816: Total time for which application threads were stopped: 0.0016950 seconds, Stopping threads took: 0.0000580 seconds
159.964: Application time: 0.1480350 seconds
159.964: [GC [PSYoungGen: 84785K->5376K(87552K)] 116318K->36909K(133120K), 0.0014730 secs] [Times: user=0.01 sys=0.00, real=0.00 secs] 
159.966: Total time for which application threads were stopped: 0.0016300 seconds, Stopping threads took: 0.0000810 seconds
160.110: Application time: 0.1446130 seconds
160.110: [GC [PSYoungGen: 85086K->5376K(82944K)] 116619K->36909K(128512K), 0.0012170 secs] [Times: user=0.00 sys=0.00, real=0.00 secs] 
160.112: Total time for which application threads were stopped: 0.0013600 seconds, Stopping threads took: 0.0000660 seconds
160.254: Application time: 0.1427820 seconds
160.255: [GC [PSYoungGen: 81880K->5616K(80384K)] 113414K->37149K(125952K), 0.0014300 secs] [Times: user=0.00 sys=0.00, real=0.00 secs] 
160.256: Total time for which application threads were stopped: 0.0015730 seconds, Stopping threads took: 0.0000750 seconds
160.394: Application time: 0.1377850 seconds
160.394: [GC [PSYoungGen: 80173K->4368K(76800K)] 111706K->37161K(122368K), 0.0013760 secs] [Times: user=0.00 sys=0.00, real=0.00 secs] 
160.395: Total time for which application threads were stopped: 0.0015150 seconds, Stopping threads took: 0.0000720 seconds
160.529: Application time: 0.1333460 seconds
160.529: [GC [PSYoungGen: 76539K->5344K(92672K)] 109333K->38177K(138240K), 0.0018260 secs] [Times: user=0.01 sys=0.00, real=0.00 secs] 
160.531: Total time for which application threads were stopped: 0.0019780 seconds, Stopping threads took: 0.0000790 seconds
160.690: Application time: 0.1593390 seconds
160.690: [GC [PSYoungGen: 91957K->6400K(93696K)] 124790K->39233K(139264K), 0.0017850 secs] [Times: user=0.02 sys=0.00, real=0.00 secs] 
160.692: Total time for which application threads were stopped: 0.0019340 seconds, Stopping threads took: 0.0000630 seconds
160.853: Application time: 0.1614020 seconds
160.853: [GC [PSYoungGen: 93424K->7392K(94720K)] 126257K->40225K(140288K), 0.0021270 secs] [Times: user=0.01 sys=0.00, real=0.00 secs] 
160.856: Total time for which application threads were stopped: 0.0022950 seconds, Stopping threads took: 0.0000920 seconds
161.016: Application time: 0.1606800 seconds
161.016: [GC [PSYoungGen: 93885K->4480K(112640K)] 126719K->37361K(158208K), 0.0011840 secs] [Times: user=0.01 sys=0.00, real=0.00 secs] 
161.018: Total time for which application threads were stopped: 0.0013180 seconds, Stopping threads took: 0.0000670 seconds
161.211: Application time: 0.1935620 seconds
161.211: [GC [PSYoungGen: 108298K->4352K(105472K)] 141179K->37469K(151040K), 0.0010910 secs] [Times: user=0.01 sys=0.00, real=0.00 secs] 
161.212: Total time for which application threads were stopped: 0.0012270 seconds, Stopping threads took: 0.0000590 seconds
161.394: Application time: 0.1818740 seconds
161.394: [GC [PSYoungGen: 104493K->7392K(104960K)] 137611K->40509K(150528K), 0.0019390 secs] [Times: user=0.01 sys=0.00, real=0.01 secs] 
161.396: Total time for which application threads were stopped: 0.0020910 seconds, Stopping threads took: 0.0000790 seconds
161.578: Application time: 0.1818780 seconds
161.578: [GC [PSYoungGen: 104146K->4512K(98304K)] 137263K->37629K(143872K), 0.0016180 secs] [Times: user=0.01 sys=0.00, real=0.00 secs] 
161.580: Total time for which application threads were stopped: 0.0017620 seconds, Stopping threads took: 0.0000750 seconds
161.753: Application time: 0.1730050 seconds
161.753: [GC [PSYoungGen: 98208K->5408K(96256K)] 131325K->39758K(141824K), 0.0018960 secs] [Times: user=0.01 sys=0.00, real=0.00 secs] 
161.755: Total time for which application threads were stopped: 0.0020450 seconds, Stopping threads took: 0.0000680 seconds
161.924: Application time: 0.1690410 seconds
161.924: [GC [PSYoungGen: 95952K->5344K(93184K)] 130302K->39770K(138752K), 0.0017350 secs] [Times: user=0.01 sys=0.00, real=0.00 secs] 
161.926: Total time for which application threads were stopped: 0.0018720 seconds, Stopping threads took: 0.0000620 seconds
162.087: Application time: 0.1608700 seconds
162.087: [GC [PSYoungGen: 92896K->5376K(90112K)] 127322K->39802K(135680K), 0.0014200 secs] [Times: user=0.01 sys=0.00, real=0.00 secs] 
162.088: Total time for which application threads were stopped: 0.0015590 seconds, Stopping threads took: 0.0000640 seconds
162.243: Application time: 0.1544580 seconds
162.243: [GC [PSYoungGen: 89116K->7488K(96768K)] 123542K->41914K(142336K), 0.0021650 secs] [Times: user=0.01 sys=0.00, real=0.01 secs] 
162.245: Total time for which application threads were stopped: 0.0023100 seconds, Stopping threads took: 0.0000660 seconds
162.407: Application time: 0.1622030 seconds
162.408: [GC [PSYoungGen: 96095K->7552K(109056K)] 130521K->42082K(154624K), 0.0017850 secs] [Times: user=0.00 sys=0.02, real=0.00 secs] 
162.409: Total time for which application threads were stopped: 0.0019540 seconds, Stopping threads took: 0.0000900 seconds
162.600: Application time: 0.1910300 seconds
162.601: [GC [PSYoungGen: 108269K->3296K(100864K)] 142799K->38006K(146432K), 0.0011670 secs] [Times: user=0.01 sys=0.00, real=0.00 secs] 
162.602: Total time for which application threads were stopped: 0.0013090 seconds, Stopping threads took: 0.0000730 seconds
162.777: Application time: 0.1752620 seconds
162.777: [GC [PSYoungGen: 99857K->5344K(99328K)] 134567K->40054K(144896K), 0.0014470 secs] [Times: user=0.01 sys=0.00, real=0.00 secs] 
162.779: Total time for which application threads were stopped: 0.0015970 seconds, Stopping threads took: 0.0000770 seconds
162.950: Application time: 0.1709880 seconds
162.950: [GC [PSYoungGen: 98483K->5488K(96256K)] 133193K->40198K(141824K), 0.0018340 secs] [Times: user=0.01 sys=0.00, real=0.00 secs] 
162.952: Total time for which application threads were stopped: 0.0020000 seconds, Stopping threads took: 0.0000850 seconds
163.119: Application time: 0.1679100 seconds
163.120: [GC [PSYoungGen: 95845K->6432K(94208K)] 130555K->42382K(139776K), 0.0021420 secs] [Times: user=0.01 sys=0.01, real=0.00 secs] 
163.122: Total time for which application threads were stopped: 0.0022830 seconds, Stopping threads took: 0.0000670 seconds
163.283: Application time: 0.1610460 seconds
163.283: [GC [PSYoungGen: 93522K->6400K(98304K)] 129473K->42426K(143872K), 0.0018200 secs] [Times: user=0.02 sys=0.00, real=0.01 secs] 
163.285: Total time for which application threads were stopped: 0.0019620 seconds, Stopping threads took: 0.0000710 seconds
163.452: Application time: 0.1672430 seconds
163.452: [GC [PSYoungGen: 96512K->5376K(92672K)] 132538K->41402K(138240K), 0.0012720 secs] [Times: user=0.01 sys=0.00, real=0.00 secs] 
163.453: Total time for which application threads were stopped: 0.0014270 seconds, Stopping threads took: 0.0000720 seconds
163.614: Application time: 0.1610540 seconds
163.615: [GC [PSYoungGen: 91910K->4496K(88576K)] 127937K->40522K(134144K), 0.0014550 secs] [Times: user=0.00 sys=0.00, real=0.00 secs] 
163.616: Total time for which application threads were stopped: 0.0016070 seconds, Stopping threads took: 0.0000720 seconds
163.764: Application time: 0.1474890 seconds
163.764: [GC [PSYoungGen: 87640K->6432K(88064K)] 123667K->42675K(133632K), 0.0016230 secs] [Times: user=0.00 sys=0.01, real=0.01 secs] 
163.765: Total time for which application threads were stopped: 0.0017760 seconds, Stopping threads took: 0.0000820 seconds
163.920: Application time: 0.1547510 seconds
163.920: [GC [PSYoungGen: 86831K->4288K(83456K)] 123074K->40607K(129024K), 0.0014920 secs] [Times: user=0.00 sys=0.00, real=0.00 secs] 
163.922: Total time for which application threads were stopped: 0.0016540 seconds, Stopping threads took: 0.0000800 seconds
164.066: Application time: 0.1442700 seconds
164.066: [GC [PSYoungGen: 83134K->5376K(81920K)] 119453K->42719K(127488K), 0.0018030 secs] [Times: user=0.01 sys=0.00, real=0.00 secs] 
164.068: Total time for which application threads were stopped: 0.0019620 seconds, Stopping threads took: 0.0000630 seconds
164.209: Application time: 0.1410990 seconds
164.209: [GC [PSYoungGen: 80940K->5376K(97280K)] 118283K->42719K(142848K), 0.0016270 secs] [Times: user=0.01 sys=0.00, real=0.00 secs] 
164.211: Total time for which application threads were stopped: 0.0017630 seconds, Stopping threads took: 0.0000660 seconds
164.378: Application time: 0.1675210 seconds
164.379: [GC [PSYoungGen: 96563K->7520K(98816K)] 133906K->44863K(144384K), 0.0021000 secs] [Times: user=0.01 sys=0.00, real=0.00 secs] 
164.381: Total time for which application threads were stopped: 0.0022580 seconds, Stopping threads took: 0.0000810 seconds
164.548: Application time: 0.1673910 seconds
164.548: [GC [PSYoungGen: 97657K->5376K(99328K)] 135001K->42991K(144896K), 0.0016470 secs] [Times: user=0.01 sys=0.00, real=0.00 secs] 
164.550: Total time for which application threads were stopped: 0.0018070 seconds, Stopping threads took: 0.0000890 seconds
164.716: Application time: 0.1660950 seconds
164.716: [GC [PSYoungGen: 95680K->7424K(117248K)] 133296K->45039K(162816K), 0.0016130 secs] [Times: user=0.01 sys=0.00, real=0.00 secs] 
164.718: Total time for which application threads were stopped: 0.0017800 seconds, Stopping threads took: 0.0000840 seconds
164.918: Application time: 0.2002570 seconds
164.918: [GC [PSYoungGen: 115638K->6352K(111616K)] 153254K->43967K(157184K), 0.0016410 secs] [Times: user=0.00 sys=0.00, real=0.00 secs] 
164.920: Total time for which application threads were stopped: 0.0018320 seconds, Stopping threads took: 0.0001230 seconds
165.114: Application time: 0.1943460 seconds
165.114: [GC [PSYoungGen: 110974K->5552K(107008K)] 148589K->43215K(152576K), 0.0014870 secs] [Times: user=0.01 sys=0.00, real=0.00 secs] 
165.116: Total time for which application threads were stopped: 0.0016280 seconds, Stopping threads took: 0.0000730 seconds
165.302: Application time: 0.1862930 seconds
165.302: [GC [PSYoungGen: 106028K->6400K(104448K)] 143692K->44319K(150016K), 0.0019910 secs] [Times: user=0.00 sys=0.00, real=0.01 secs] 
165.304: Total time for which application threads were stopped: 0.0021630 seconds, Stopping threads took: 0.0000850 seconds
165.482: Application time: 0.1773620 seconds
165.482: [GC [PSYoungGen: 103277K->4352K(98816K)] 141197K->44319K(144384K), 0.0018610 secs] [Times: user=0.01 sys=0.00, real=0.00 secs] 
165.484: Total time for which application threads were stopped: 0.0020040 seconds, Stopping threads took: 0.0000720 seconds
165.657: Application time: 0.1732300 seconds
165.657: [GC [PSYoungGen: 97617K->5536K(96768K)] 137585K->45503K(142336K), 0.0017580 secs] [Times: user=0.01 sys=0.00, real=0.00 secs] 
165.659: Total time for which application threads were stopped: 0.0019160 seconds, Stopping threads took: 0.0000860 seconds
165.828: Application time: 0.1688110 seconds
165.828: [GC [PSYoungGen: 95940K->4368K(92672K)] 135907K->44584K(138240K), 0.0014270 secs] [Times: user=0.01 sys=0.00, real=0.00 secs] 
165.829: Total time for which application threads were stopped: 0.0015690 seconds, Stopping threads took: 0.0000600 seconds
165.988: Application time: 0.1592360 seconds
165.989: [GC [PSYoungGen: 92125K->6400K(91648K)] 132341K->46656K(137216K), 0.0020550 secs] [Times: user=0.01 sys=0.00, real=0.00 secs] 
165.991: Total time for which application threads were stopped: 0.0021940 seconds, Stopping threads took: 0.0000640 seconds
166.149: Application time: 0.1586430 seconds
166.149: [GC [PSYoungGen: 91104K->5376K(88064K)] 131360K->45632K(133632K), 0.0014830 secs] [Times: user=0.01 sys=0.00, real=0.00 secs] 
166.151: Total time for which application threads were stopped: 0.0016280 seconds, Stopping threads took: 0.0000740 seconds
166.301: Application time: 0.1504320 seconds
166.301: [GC [PSYoungGen: 86957K->5472K(85504K)] 127213K->45728K(131072K), 0.0018350 secs] [Times: user=0.01 sys=0.00, real=0.00 secs] 
166.303: Total time for which application threads were stopped: 0.0019910 seconds, Stopping threads took: 0.0000800 seconds
166.448: Application time: 0.1451760 seconds
166.449: [GC [PSYoungGen: 84817K->5440K(93184K)] 125074K->46872K(138752K), 0.0019820 secs] [Times: user=0.01 sys=0.00, real=0.00 secs] 
166.451: Total time for which application threads were stopped: 0.0021360 seconds, Stopping threads took: 0.0000740 seconds
166.613: Application time: 0.1627640 seconds
166.614: [GC [PSYoungGen: 92452K->6400K(95232K)] 133885K->47976K(140800K), 0.0018280 secs] [Times: user=0.01 sys=0.00, real=0.00 secs] 
166.615: Total time for which application threads were stopped: 0.0019830 seconds, Stopping threads took: 0.0000810 seconds
166.776: Application time: 0.1602190 seconds
166.776: [GC [PSYoungGen: 93160K->5376K(90112K)] 134736K->46952K(135680K), 0.0012580 secs] [Times: user=0.00 sys=0.00, real=0.01 secs] 
166.777: Total time for which application threads were stopped: 0.0013910 seconds, Stopping threads took: 0.0000670 seconds
166.934: Application time: 0.1573950 seconds
166.935: [GC [PSYoungGen: 89060K->5376K(87552K)] 130636K->46952K(133120K), 0.0014800 secs] [Times: user=0.01 sys=0.00, real=0.00 secs] 
166.936: Total time for which application threads were stopped: 0.0016410 seconds, Stopping threads took: 0.0000960 seconds
167.084: Application time: 0.1475760 seconds
167.084: [GC [PSYoungGen: 86280K->4544K(83968K)] 127856K->47184K(129536K), 0.0013810 secs] [Times: user=0.00 sys=0.01, real=0.01 secs] 
167.085: Total time for which application threads were stopped: 0.0015290 seconds, Stopping threads took: 0.0000650 seconds
167.228: Application time: 0.1426420 seconds
167.228: [GC [PSYoungGen: 83218K->5360K(82432K)] 125859K->48244K(128000K), 0.0016960 secs] [Times: user=0.00 sys=0.01, real=0.00 secs] 
167.230: Total time for which application threads were stopped: 0.0018390 seconds, Stopping threads took: 0.0000690 seconds
167.372: Application time: 0.1427070 seconds
167.372: [GC [PSYoungGen: 82007K->5376K(97792K)] 124892K->49284K(143360K), 0.0017970 secs] [Times: user=0.01 sys=0.00, real=0.00 secs] 
167.374: Total time for which application threads were stopped: 0.0019430 seconds, Stopping threads took: 0.0000720 seconds
167.546: Application time: 0.1720780 seconds
167.546: [GC [PSYoungGen: 96974K->5392K(94720K)] 140883K->49300K(140288K), 0.0017430 secs] [Times: user=0.01 sys=0.00, real=0.00 secs] 
167.548: Total time for which application threads were stopped: 0.0018960 seconds, Stopping threads took: 0.0000800 seconds
167.708: Application time: 0.1597880 seconds
167.708: [GC [PSYoungGen: 93702K->3552K(97280K)] 137611K->51556K(147456K), 0.0020940 secs] [Times: user=0.01 sys=0.00, real=0.00 secs] 
167.710: [Full GC [PSYoungGen: 3552K->0K(97280K)] [ParOldGen: 48004K->11025K(48640K)] 51556K->11025K(145920K) [PSPermGen: 5528K->5528K(21504K)], 0.0071360 secs] [Times: user=0.04 sys=0.00, real=0.01 secs] 
167.718: Total time for which application threads were stopped: 0.0094530 seconds, Stopping threads took: 0.0000910 seconds
167.891: Application time: 0.1736570 seconds
167.892: [GC [PSYoungGen: 92979K->5376K(100864K)] 104005K->16401K(149504K), 0.0015810 secs] [Times: user=0.01 sys=0.00, real=0.00 secs] 
167.894: Total time for which application threads were stopped: 0.0026300 seconds, Stopping threads took: 0.0009740 seconds
168.069: Application time: 0.1751130 seconds
168.069: [GC [PSYoungGen: 98607K->4352K(95232K)] 109633K->15425K(143872K), 0.0010130 secs] [Times: user=0.01 sys=0.00, real=0.00 secs] 
168.070: Total time for which application threads were stopped: 0.0011860 seconds, Stopping threads took: 0.0001050 seconds
168.238: Application time: 0.1678240 seconds
168.238: [GC [PSYoungGen: 94036K->5376K(93184K)] 105109K->16449K(141824K), 0.0012980 secs] [Times: user=0.01 sys=0.00, real=0.00 secs] 
168.239: Total time for which application threads were stopped: 0.0014790 seconds, Stopping threads took: 0.0000930 seconds
168.394: Application time: 0.1543210 seconds
168.394: [GC [PSYoungGen: 92183K->4544K(89088K)] 103257K->18689K(137728K), 0.0018700 secs] [Times: user=0.01 sys=0.00, real=0.00 secs] 
168.396: Total time for which application threads were stopped: 0.0020370 seconds, Stopping threads took: 0.0000960 seconds
168.555: Application time: 0.1591840 seconds
168.555: [GC [PSYoungGen: 88420K->4368K(86528K)] 102565K->18749K(135168K), 0.0013530 secs] [Times: user=0.01 sys=0.00, real=0.01 secs] 
168.556: Total time for which application threads were stopped: 0.0014950 seconds, Stopping threads took: 0.0000730 seconds
168.706: Application time: 0.1492670 seconds
168.706: [GC [PSYoungGen: 85828K->5344K(84992K)] 100210K->20789K(133632K), 0.0017140 secs] [Times: user=0.01 sys=0.00, real=0.00 secs] 
168.708: Total time for which application threads were stopped: 0.0018610 seconds, Stopping threads took: 0.0000700 seconds
168.852: Application time: 0.1445080 seconds
168.852: [GC [PSYoungGen: 84110K->5344K(82432K)] 99556K->20789K(131072K), 0.0016210 secs] [Times: user=0.00 sys=0.00, real=0.00 secs] 
168.854: Total time for which application threads were stopped: 0.0017720 seconds, Stopping threads took: 0.0000690 seconds
168.996: Application time: 0.1417590 seconds
168.996: [GC [PSYoungGen: 82075K->3360K(95744K)] 97521K->22901K(144384K), 0.0020080 secs] [Times: user=0.01 sys=0.00, real=0.01 secs] 
168.998: Total time for which application threads were stopped: 0.0021550 seconds, Stopping threads took: 0.0000700 seconds
169.176: Application time: 0.1779550 seconds
169.176: [GC [PSYoungGen: 94940K->3456K(92672K)] 114482K->23085K(141312K), 0.0012240 secs] [Times: user=0.00 sys=0.00, real=0.01 secs] 
169.177: Total time for which application threads were stopped: 0.0013560 seconds, Stopping threads took: 0.0000610 seconds
169.335: Application time: 0.1580020 seconds
169.335: [GC [PSYoungGen: 91963K->6336K(92672K)] 111592K->26174K(141312K), 0.0018050 secs] [Times: user=0.01 sys=0.00, real=0.01 secs] 
169.337: Total time for which application threads were stopped: 0.0019670 seconds, Stopping threads took: 0.0000920 seconds
169.501: Application time: 0.1634480 seconds
169.501: [GC [PSYoungGen: 91767K->4352K(87552K)] 111606K->24190K(136192K), 0.0014400 secs] [Times: user=0.00 sys=0.00, real=0.00 secs] 
169.502: Total time for which application threads were stopped: 0.0015840 seconds, Stopping threads took: 0.0000660 seconds
169.656: Application time: 0.1534750 seconds
169.656: [GC [PSYoungGen: 86600K->3344K(83968K)] 106438K->23182K(132608K), 0.0010970 secs] [Times: user=0.00 sys=0.00, real=0.01 secs] 
169.657: Total time for which application threads were stopped: 0.0012290 seconds, Stopping threads took: 0.0000590 seconds
169.800: Application time: 0.1434740 seconds
169.800: [GC [PSYoungGen: 82767K->6544K(84480K)] 102605K->26450K(133120K), 0.0019570 secs] [Times: user=0.01 sys=0.00, real=0.00 secs] 
169.802: Total time for which application threads were stopped: 0.0021210 seconds, Stopping threads took: 0.0000860 seconds
169.943: Application time: 0.1410740 seconds
169.944: [GC [PSYoungGen: 83998K->4352K(89600K)] 103904K->26514K(138240K), 0.0017780 secs] [Times: user=0.01 sys=0.00, real=0.00 secs] 
169.946: Total time for which application threads were stopped: 0.0025210 seconds, Stopping threads took: 0.0006690 seconds
170.099: Application time: 0.1532860 seconds
170.099: [GC [PSYoungGen: 88323K->6400K(92672K)] 110485K->28562K(141312K), 0.0018550 secs] [Times: user=0.02 sys=0.00, real=0.00 secs] 
170.101: Total time for which application threads were stopped: 0.0020270 seconds, Stopping threads took: 0.0000850 seconds
170.268: Application time: 0.1668330 seconds
170.268: [GC [PSYoungGen: 91109K->5376K(88064K)] 113272K->27538K(136704K), 0.0011520 secs] [Times: user=0.01 sys=0.00, real=0.00 secs] 
170.269: Total time for which application threads were stopped: 0.0012860 seconds, Stopping threads took: 0.0000650 seconds
170.412: Application time: 0.1421890 seconds
170.412: [GC [PSYoungGen: 86817K->6592K(105984K)] 108980K->28754K(154624K), 0.0016480 secs] [Times: user=0.00 sys=0.01, real=0.00 secs] 
170.413: Total time for which application threads were stopped: 0.0018190 seconds, Stopping threads took: 0.0001000 seconds
170.602: Application time: 0.1887790 seconds
170.602: [GC [PSYoungGen: 105171K->4384K(100352K)] 127333K->26790K(148992K), 0.0012970 secs] [Times: user=0.01 sys=0.00, real=0.00 secs] 
170.604: Total time for which application threads were stopped: 0.0014770 seconds, Stopping threads took: 0.0000990 seconds
170.771: Application time: 0.1675980 seconds
170.771: [GC [PSYoungGen: 99174K->6400K(99328K)] 121580K->28846K(147968K), 0.0018100 secs] [Times: user=0.00 sys=0.00, real=0.00 secs] 
170.773: Total time for which application threads were stopped: 0.0019800 seconds, Stopping threads took: 0.0000980 seconds
170.949: Application time: 0.1755450 seconds
170.949: [GC [PSYoungGen: 98637K->6400K(96256K)] 121083K->28846K(144896K), 0.0018110 secs] [Times: user=0.01 sys=0.00, real=0.00 secs] 
170.951: Total time for which application threads were stopped: 0.0019550 seconds, Stopping threads took: 0.0000720 seconds
171.112: Application time: 0.1615810 seconds
171.113: [GC [PSYoungGen: 95540K->6624K(93184K)] 117987K->29070K(141824K), 0.0020910 secs] [Times: user=0.01 sys=0.00, real=0.00 secs] 
171.115: Total time for which application threads were stopped: 0.0022540 seconds, Stopping threads took: 0.0000820 seconds
171.283: Application time: 0.1687280 seconds
171.283: [GC [PSYoungGen: 92369K->3296K(87040K)] 114816K->26015K(135680K), 0.0010750 secs] [Times: user=0.00 sys=0.00, real=0.01 secs] 
171.285: Total time for which application threads were stopped: 0.0012020 seconds, Stopping threads took: 0.0000550 seconds
171.431: Application time: 0.1466640 seconds
171.431: [GC [PSYoungGen: 86231K->6400K(87552K)] 108950K->29119K(136192K), 0.0020210 secs] [Times: user=0.01 sys=0.00, real=0.00 secs] 
171.433: Total time for which application threads were stopped: 0.0021830 seconds, Stopping threads took: 0.0000920 seconds
171.581: Application time: 0.1478810 seconds
171.581: [GC [PSYoungGen: 87126K->6400K(91136K)] 109845K->29119K(139776K), 0.0017030 secs] [Times: user=0.01 sys=0.00, real=0.00 secs] 
171.583: Total time for which application threads were stopped: 0.0018400 seconds, Stopping threads took: 0.0000610 seconds
171.742: Application time: 0.1586780 seconds
171.742: [GC [PSYoungGen: 89407K->4448K(85504K)] 112126K->27167K(134144K), 0.0013360 secs] [Times: user=0.01 sys=0.00, real=0.00 secs] 
171.743: Total time for which application threads were stopped: 0.0014910 seconds, Stopping threads took: 0.0000770 seconds
171.893: Application time: 0.1493430 seconds
171.893: [GC [PSYoungGen: 84383K->3376K(84480K)] 107102K->26271K(133120K), 0.0012080 secs] [Times: user=0.01 sys=0.00, real=0.00 secs] 
171.894: Total time for which application threads were stopped: 0.0013690 seconds, Stopping threads took: 0.0000890 seconds
172.035: Application time: 0.1411490 seconds
172.035: [GC [PSYoungGen: 81197K->5376K(81408K)] 104093K->28379K(130048K), 0.0016540 secs] [Times: user=0.01 sys=0.00, real=0.01 secs] 
172.037: Total time for which application threads were stopped: 0.0018240 seconds, Stopping threads took: 0.0000950 seconds
172.172: Application time: 0.1354670 seconds
172.173: [GC [PSYoungGen: 80658K->7424K(83968K)] 103662K->30427K(132608K), 0.0021110 secs] [Times: user=0.01 sys=0.00, real=0.00 secs] 
172.175: Total time for which application threads were stopped: 0.0022570 seconds, Stopping threads took: 0.0000730 seconds
172.314: Application time: 0.1395970 seconds
172.314: [GC [PSYoungGen: 81765K->7424K(84480K)] 104769K->30427K(133120K), 0.0020590 secs] [Times: user=0.01 sys=0.00, real=0.01 secs] 
172.317: Total time for which application threads were stopped: 0.0022310 seconds, Stopping threads took: 0.0000910 seconds
172.452: Application time: 0.1354730 seconds
172.452: [GC [PSYoungGen: 82430K->7616K(99328K)] 105433K->30619K(147968K), 0.0017540 secs] [Times: user=0.02 sys=0.00, real=0.00 secs] 
172.454: Total time for which application threads were stopped: 0.0019320 seconds, Stopping threads took: 0.0001010 seconds
172.628: Application time: 0.1743820 seconds
172.628: [GC [PSYoungGen: 97095K->3312K(99840K)] 120098K->26547K(148480K), 0.0010360 secs] [Times: user=0.01 sys=0.00, real=0.00 secs] 
172.630: Total time for which application threads were stopped: 0.0011660 seconds, Stopping threads took: 0.0000650 seconds
172.789: Application time: 0.1596190 seconds
172.789: [GC [PSYoungGen: 93348K->6400K(118272K)] 116584K->29675K(166912K), 0.0014420 secs] [Times: user=0.01 sys=0.00, real=0.00 secs] 
172.791: Total time for which application threads were stopped: 0.0015900 seconds, Stopping threads took: 0.0000790 seconds
172.992: Application time: 0.2007720 seconds
172.992: [GC [PSYoungGen: 114667K->7424K(112128K)] 137943K->30699K(160768K), 0.0016030 secs] [Times: user=0.00 sys=0.01, real=0.00 secs] 
172.993: Total time for which application threads were stopped: 0.0017530 seconds, Stopping threads took: 0.0000740 seconds
173.185: Application time: 0.1916920 seconds
173.185: [GC [PSYoungGen: 111164K->5616K(106496K)] 134440K->28891K(155136K), 0.0016420 secs] [Times: user=0.01 sys=0.00, real=0.00 secs] 
173.187: Total time for which application threads were stopped: 0.0017840 seconds, Stopping threads took: 0.0000670 seconds
173.378: Application time: 0.1910040 seconds
173.378: [GC [PSYoungGen: 106116K->4352K(101888K)] 129392K->27904K(150528K), 0.0014990 secs] [Times: user=0.01 sys=0.00, real=0.00 secs] 
173.379: Total time for which application threads were stopped: 0.0016380 seconds, Stopping threads took: 0.0000690 seconds
173.553: Application time: 0.1734340 seconds
173.553: [GC [PSYoungGen: 101556K->6400K(100352K)] 125109K->29952K(148992K), 0.0018390 secs] [Times: user=0.01 sys=0.00, real=0.00 secs] 
173.555: Total time for which application threads were stopped: 0.0019870 seconds, Stopping threads took: 0.0000670 seconds
173.729: Application time: 0.1739590 seconds
173.729: [GC [PSYoungGen: 99763K->6432K(97280K)] 123315K->29984K(145920K), 0.0020020 secs] [Times: user=0.02 sys=0.00, real=0.00 secs] 
173.731: Total time for which application threads were stopped: 0.0021440 seconds, Stopping threads took: 0.0000660 seconds
173.899: Application time: 0.1680420 seconds
173.899: [GC [PSYoungGen: 96733K->4496K(92160K)] 120285K->28128K(140800K), 0.0015150 secs] [Times: user=0.01 sys=0.00, real=0.00 secs] 
173.901: Total time for which application threads were stopped: 0.0016480 seconds, Stopping threads took: 0.0000630 seconds
174.064: Application time: 0.1629470 seconds
174.064: [GC [PSYoungGen: 92025K->5376K(90112K)] 115657K->29232K(138752K), 0.0017250 secs] [Times: user=0.01 sys=0.00, real=0.01 secs] 
174.065: Total time for which application threads were stopped: 0.0018970 seconds, Stopping threads took: 0.0000910 seconds
174.215: Application time: 0.1497980 seconds
174.215: [GC [PSYoungGen: 89235K->6400K(88576K)] 113091K->30256K(137216K), 0.0018640 secs] [Times: user=0.01 sys=0.00, real=0.01 secs] 
174.217: Total time for which application threads were stopped: 0.0020080 seconds, Stopping threads took: 0.0000690 seconds
174.372: Application time: 0.1544960 seconds
174.372: [GC [PSYoungGen: 87658K->4352K(83968K)] 111514K->28208K(132608K), 0.0014340 secs] [Times: user=0.00 sys=0.00, real=0.00 secs] 
174.373: Total time for which application threads were stopped: 0.0015860 seconds, Stopping threads took: 0.0000810 seconds
174.520: Application time: 0.1462950 seconds
174.520: [GC [PSYoungGen: 83273K->4528K(82944K)] 107130K->28384K(131584K), 0.0014670 secs] [Times: user=0.00 sys=0.00, real=0.00 secs] 
174.521: Total time for which application threads were stopped: 0.0016220 seconds, Stopping threads took: 0.0000850 seconds
174.664: Application time: 0.1425390 seconds
174.664: [GC [PSYoungGen: 80553K->4352K(78848K)] 104410K->28484K(127488K), 0.0014290 secs] [Times: user=0.01 sys=0.00, real=0.01 secs] 
174.665: Total time for which application threads were stopped: 0.0015780 seconds, Stopping threads took: 0.0000680 seconds
174.801: Application time: 0.1355100 seconds
174.804: [GC [PSYoungGen: 77614K->5376K(77824K)] 101747K->29508K(126464K), 0.0015280 secs] [Times: user=0.01 sys=0.00, real=0.00 secs] 
174.806: Total time for which application threads were stopped: 0.0048490 seconds, Stopping threads took: 0.0032540 seconds
174.938: Application time: 0.1323970 seconds
174.938: [GC [PSYoungGen: 77464K->6400K(80384K)] 101597K->30532K(129024K), 0.0017910 secs] [Times: user=0.00 sys=0.01, real=0.00 secs] 
174.940: Total time for which application threads were stopped: 0.0019970 seconds, Stopping threads took: 0.0001280 seconds
175.074: Application time: 0.1333420 seconds
175.074: [GC [PSYoungGen: 78592K->6416K(95744K)] 102724K->30548K(144384K), 0.0013750 secs] [Times: user=0.01 sys=0.00, real=0.00 secs] 
175.075: Total time for which application threads were stopped: 0.0015330 seconds, Stopping threads took: 0.0000830 seconds
175.230: Application time: 0.1554140 seconds
175.231: [GC [PSYoungGen: 92460K->5536K(89600K)] 116593K->29716K(138240K), 0.0015430 secs] [Times: user=0.00 sys=0.00, real=0.00 secs] 
175.232: Total time for which application threads were stopped: 0.0017100 seconds, Stopping threads took: 0.0000890 seconds
175.390: Application time: 0.1580780 seconds
175.390: [GC [PSYoungGen: 88880K->5376K(87040K)] 113061K->29793K(135680K), 0.0015150 secs] [Times: user=0.01 sys=0.00, real=0.00 secs] 
175.392: Total time for which application threads were stopped: 0.0016470 seconds, Stopping threads took: 0.0000630 seconds
175.543: Application time: 0.1515960 seconds
175.544: [GC [PSYoungGen: 86125K->4352K(83456K)] 110542K->28769K(132096K), 0.0014320 secs] [Times: user=0.01 sys=0.00, real=0.01 secs] 
175.545: Total time for which application threads were stopped: 0.0015670 seconds, Stopping threads took: 0.0000620 seconds
175.688: Application time: 0.1424950 seconds
175.688: [GC [PSYoungGen: 83111K->6400K(87040K)] 107528K->30817K(135680K), 0.0018560 secs] [Times: user=0.01 sys=0.00, real=0.00 secs] 
175.690: Total time for which application threads were stopped: 0.0020160 seconds, Stopping threads took: 0.0000870 seconds
175.835: Application time: 0.1451460 seconds
175.835: [GC [PSYoungGen: 84813K->6576K(87040K)] 109230K->30993K(135680K), 0.0017360 secs] [Times: user=0.01 sys=0.00, real=0.01 secs] 
175.837: Total time for which application threads were stopped: 0.0018830 seconds, Stopping threads took: 0.0000660 seconds
175.980: Application time: 0.1432680 seconds
175.980: [GC [PSYoungGen: 85371K->6416K(102912K)] 109788K->31085K(151552K), 0.0014520 secs] [Times: user=0.00 sys=0.01, real=0.00 secs] 
175.981: Total time for which application threads were stopped: 0.0015980 seconds, Stopping threads took: 0.0000700 seconds
176.159: Application time: 0.1778620 seconds
176.159: [GC [PSYoungGen: 100501K->5376K(97280K)] 125170K->30085K(145920K), 0.0013510 secs] [Times: user=0.00 sys=0.00, real=0.00 secs] 
176.161: Total time for which application threads were stopped: 0.0017440 seconds, Stopping threads took: 0.0000860 seconds
176.325: Application time: 0.1641740 seconds
176.325: [GC [PSYoungGen: 96107K->6368K(95232K)] 120817K->31077K(143872K), 0.0018180 secs] [Times: user=0.01 sys=0.00, real=0.00 secs] 
176.327: Total time for which application threads were stopped: 0.0019580 seconds, Stopping threads took: 0.0000680 seconds
176.495: Application time: 0.1677870 seconds
176.495: [GC [PSYoungGen: 94595K->5568K(91136K)] 119304K->30277K(139776K), 0.0017350 secs] [Times: user=0.01 sys=0.00, real=0.01 secs] 
176.497: Total time for which application threads were stopped: 0.0018840 seconds, Stopping threads took: 0.0000680 seconds
176.652: Application time: 0.1552700 seconds
176.652: [GC [PSYoungGen: 91000K->4320K(87552K)] 115709K->29261K(136192K), 0.0013440 secs] [Times: user=0.01 sys=0.00, real=0.00 secs] 
176.654: Total time for which application threads were stopped: 0.0014770 seconds, Stopping threads took: 0.0000650 seconds
176.802: Application time: 0.1486300 seconds
176.802: [GC [PSYoungGen: 86287K->7424K(92672K)] 111229K->32397K(141312K), 0.0020920 secs] [Times: user=0.01 sys=0.00, real=0.01 secs] 
176.805: Total time for which application threads were stopped: 0.0022810 seconds, Stopping threads took: 0.0001060 seconds
176.966: Application time: 0.1617710 seconds
176.966: [GC [PSYoungGen: 91550K->4320K(86528K)] 116524K->29293K(135168K), 0.0010650 secs] [Times: user=0.00 sys=0.00, real=0.00 secs] 
176.968: Total time for which application threads were stopped: 0.0012210 seconds, Stopping threads took: 0.0000850 seconds
177.113: Application time: 0.1454730 seconds
177.113: [GC [PSYoungGen: 85371K->7392K(104448K)] 110345K->32365K(153088K), 0.0020330 secs] [Times: user=0.01 sys=0.00, real=0.00 secs] 
177.115: Total time for which application threads were stopped: 0.0021840 seconds, Stopping threads took: 0.0000700 seconds
177.296: Application time: 0.1807950 seconds
177.296: [GC [PSYoungGen: 102882K->5584K(98304K)] 127855K->30605K(146944K), 0.0015490 secs] [Times: user=0.01 sys=0.00, real=0.00 secs] 
177.298: Total time for which application threads were stopped: 0.0017070 seconds, Stopping threads took: 0.0000890 seconds
177.464: Application time: 0.1657950 seconds
177.464: [GC [PSYoungGen: 97757K->5376K(95232K)] 122778K->30638K(143872K), 0.0017610 secs] [Times: user=0.01 sys=0.00, real=0.01 secs] 
177.465: Total time for which application threads were stopped: 0.0019190 seconds, Stopping threads took: 0.0000850 seconds
177.638: Application time: 0.1727680 seconds
177.640: [GC [PSYoungGen: 94970K->5376K(92160K)] 120232K->30638K(140800K), 0.0012940 secs] [Times: user=0.00 sys=0.00, real=0.00 secs] 
177.642: Total time for which application threads were stopped: 0.0033010 seconds, Stopping threads took: 0.0019310 seconds
177.794: Application time: 0.1520080 seconds
177.794: [GC [PSYoungGen: 90944K->7456K(98304K)] 116206K->32718K(146944K), 0.0020720 secs] [Times: user=0.01 sys=0.00, real=0.00 secs] 
177.796: Total time for which application threads were stopped: 0.0022470 seconds, Stopping threads took: 0.0000980 seconds
177.961: Application time: 0.1649600 seconds
177.961: [GC [PSYoungGen: 96926K->5568K(92672K)] 122188K->30878K(141312K), 0.0013420 secs] [Times: user=0.01 sys=0.00, real=0.00 secs] 
177.962: Total time for which application threads were stopped: 0.0014860 seconds, Stopping threads took: 0.0000770 seconds
178.126: Application time: 0.1633150 seconds
178.126: [GC [PSYoungGen: 92003K->6336K(90624K)] 117313K->31878K(139264K), 0.0020390 secs] [Times: user=0.01 sys=0.00, real=0.00 secs] 
178.128: Total time for which application threads were stopped: 0.0022080 seconds, Stopping threads took: 0.0000960 seconds
178.279: Application time: 0.1508030 seconds
178.279: [GC [PSYoungGen: 90304K->5344K(87040K)] 115846K->31910K(135680K), 0.0015000 secs] [Times: user=0.01 sys=0.00, real=0.00 secs] 
178.280: Total time for which application threads were stopped: 0.0016550 seconds, Stopping threads took: 0.0000740 seconds
178.432: Application time: 0.1522810 seconds
178.433: [GC [PSYoungGen: 86440K->4352K(83456K)] 113007K->30918K(132096K), 0.0014640 secs] [Times: user=0.01 sys=0.00, real=0.00 secs] 
178.434: Total time for which application threads were stopped: 0.0015930 seconds, Stopping threads took: 0.0000600 seconds
178.581: Application time: 0.1470910 seconds
178.581: [GC [PSYoungGen: 82320K->4560K(80896K)] 108887K->31126K(129536K), 0.0013960 secs] [Times: user=0.01 sys=0.00, real=0.00 secs] 
178.583: Total time for which application threads were stopped: 0.0015380 seconds, Stopping threads took: 0.0000720 seconds
178.725: Application time: 0.1418630 seconds
178.725: [GC [PSYoungGen: 80347K->3328K(77312K)] 106914K->30166K(125952K), 0.0012760 secs] [Times: user=0.01 sys=0.00, real=0.00 secs] 
178.726: Total time for which application threads were stopped: 0.0014050 seconds, Stopping threads took: 0.0000600 seconds
178.864: Application time: 0.1380690 seconds
178.864: [GC [PSYoungGen: 76928K->2304K(74240K)] 103766K->29142K(122880K), 0.0010520 secs] [Times: user=0.01 sys=0.00, real=0.00 secs] 
178.865: Total time for which application threads were stopped: 0.0012050 seconds, Stopping threads took: 0.0000760 seconds
178.997: Application time: 0.1320850 seconds
178.997: [GC [PSYoungGen: 73313K->2304K(72192K)] 100152K->29142K(120832K), 0.0008740 secs] [Times: user=0.00 sys=0.00, real=0.00 secs] 
178.998: Total time for which application threads were stopped: 0.0010230 seconds, Stopping threads took: 0.0000790 seconds
179.125: Application time: 0.1264900 seconds
179.125: [GC [PSYoungGen: 71776K->4320K(72192K)] 98614K->31158K(120832K), 0.0014220 secs] [Times: user=0.01 sys=0.00, real=0.00 secs] 
179.126: Total time for which application threads were stopped: 0.0015750 seconds, Stopping threads took: 0.0000850 seconds
179.244: Application time: 0.1171750 seconds
179.244: [GC [PSYoungGen: 71204K->7632K(81408K)] 98043K->34470K(130048K), 0.0021830 secs] [Times: user=0.02 sys=0.00, real=0.01 secs] 
179.246: Total time for which application threads were stopped: 0.0023420 seconds, Stopping threads took: 0.0000810 seconds
179.380: Application time: 0.1339240 seconds
179.380: [GC [PSYoungGen: 79817K->7424K(90112K)] 106655K->34547K(138752K), 0.0017840 secs] [Times: user=0.02 sys=0.00, real=0.00 secs] 
179.382: Total time for which application threads were stopped: 0.0019440 seconds, Stopping threads took: 0.0000770 seconds
179.540: Application time: 0.1577200 seconds
179.540: [GC [PSYoungGen: 87383K->4352K(90624K)] 114506K->31475K(139264K), 0.0012000 secs] [Times: user=0.01 sys=0.00, real=0.00 secs] 
179.541: Total time for which application threads were stopped: 0.0013340 seconds, Stopping threads took: 0.0000620 seconds
179.684: Application time: 0.1428300 seconds
179.684: [GC [PSYoungGen: 85248K->7424K(105984K)] 112371K->34547K(154624K), 0.0017180 secs] [Times: user=0.00 sys=0.01, real=0.01 secs] 
179.686: Total time for which application threads were stopped: 0.0018680 seconds, Stopping threads took: 0.0000810 seconds
179.869: Application time: 0.1830950 seconds
179.869: [GC [PSYoungGen: 103653K->3456K(97280K)] 130776K->30579K(145920K), 0.0009890 secs] [Times: user=0.00 sys=0.00, real=0.00 secs] 
179.870: Total time for which application threads were stopped: 0.0011280 seconds, Stopping threads took: 0.0000760 seconds
180.036: Application time: 0.1660230 seconds
180.036: [GC [PSYoungGen: 96137K->6448K(97280K)] 123259K->33787K(145920K), 0.0018730 secs] [Times: user=0.01 sys=0.00, real=0.01 secs] 
180.038: Total time for which application threads were stopped: 0.0020290 seconds, Stopping threads took: 0.0000720 seconds
180.212: Application time: 0.1738050 seconds
180.212: [GC [PSYoungGen: 96928K->3328K(91136K)] 124267K->30763K(139776K), 0.0011390 secs] [Times: user=0.01 sys=0.00, real=0.00 secs] 
180.213: Total time for which application threads were stopped: 0.0012670 seconds, Stopping threads took: 0.0000600 seconds
180.368: Application time: 0.1550680 seconds
180.368: [GC [PSYoungGen: 89997K->6400K(91136K)] 117432K->33835K(139776K), 0.0017390 secs] [Times: user=0.01 sys=0.00, real=0.00 secs] 
180.370: Total time for which application threads were stopped: 0.0018990 seconds, Stopping threads took: 0.0000890 seconds
180.524: Application time: 0.1539030 seconds
180.524: [GC [PSYoungGen: 90752K->6464K(88576K)] 118187K->33899K(137216K), 0.0019100 secs] [Times: user=0.01 sys=0.00, real=0.01 secs] 
180.526: Total time for which application threads were stopped: 0.0020990 seconds, Stopping threads took: 0.0001150 seconds
180.685: Application time: 0.1590400 seconds
180.685: [GC [PSYoungGen: 87841K->3504K(86528K)] 115276K->31023K(135168K), 0.0012380 secs] [Times: user=0.01 sys=0.00, real=0.00 secs] 
180.686: Total time for which application threads were stopped: 0.0014070 seconds, Stopping threads took: 0.0000970 seconds
180.830: Application time: 0.1437820 seconds
180.830: [GC [PSYoungGen: 82655K->5376K(82432K)] 110175K->33111K(131072K), 0.0017320 secs] [Times: user=0.01 sys=0.00, real=0.00 secs] 
180.832: Total time for which application threads were stopped: 0.0018860 seconds, Stopping threads took: 0.0000700 seconds
180.972: Application time: 0.1395890 seconds
180.976: [GC [PSYoungGen: 81900K->6400K(86016K)] 109636K->34135K(134656K), 0.0018340 secs] [Times: user=0.01 sys=0.00, real=0.00 secs] 
180.978: Total time for which application threads were stopped: 0.0063830 seconds, Stopping threads took: 0.0044790 seconds
181.120: Application time: 0.1418810 seconds
181.120: [GC [PSYoungGen: 82870K->6400K(86016K)] 110606K->34135K(134656K), 0.0017270 secs] [Times: user=0.00 sys=0.00, real=0.00 secs] 
181.122: Total time for which application threads were stopped: 0.0018860 seconds, Stopping threads took: 0.0000840 seconds
181.260: Application time: 0.1380920 seconds
181.260: [GC [PSYoungGen: 82582K->6592K(101376K)] 110318K->34327K(150016K), 0.0015540 secs] [Times: user=0.01 sys=0.00, real=0.00 secs] 
181.262: Total time for which application threads were stopped: 0.0017080 seconds, Stopping threads took: 0.0000690 seconds
181.437: Application time: 0.1753910 seconds
181.437: [GC [PSYoungGen: 98364K->3328K(92672K)] 126100K->31299K(141312K), 0.0011070 secs] [Times: user=0.01 sys=0.00, real=0.00 secs] 
181.438: Total time for which application threads were stopped: 0.0012960 seconds, Stopping threads took: 0.0001180 seconds
181.597: Application time: 0.1591900 seconds
181.598: [GC [PSYoungGen: 92158K->6400K(92672K)] 120130K->34411K(141312K), 0.0017480 secs] [Times: user=0.02 sys=0.00, real=0.00 secs] 
181.599: Total time for which application threads were stopped: 0.0018940 seconds, Stopping threads took: 0.0000700 seconds
181.756: Application time: 0.1568390 seconds
181.756: [GC [PSYoungGen: 91568K->7424K(95744K)] 119580K->35435K(144384K), 0.0021310 secs] [Times: user=0.01 sys=0.00, real=0.00 secs] 
181.759: Total time for which application threads were stopped: 0.0022690 seconds, Stopping threads took: 0.0000630 seconds
181.922: Application time: 0.1639000 seconds
181.923: [GC [PSYoungGen: 92620K->5568K(88576K)] 120632K->33579K(137216K), 0.0012700 secs] [Times: user=0.01 sys=0.00, real=0.00 secs] 
181.924: Total time for which application threads were stopped: 0.0014300 seconds, Stopping threads took: 0.0000810 seconds
182.070: Application time: 0.1465080 seconds
182.071: [GC [PSYoungGen: 87661K->6432K(106496K)] 115673K->34688K(155136K), 0.0019330 secs] [Times: user=0.01 sys=0.01, real=0.00 secs] 
182.073: Total time for which application threads were stopped: 0.0021510 seconds, Stopping threads took: 0.0001430 seconds
182.261: Application time: 0.1884310 seconds
182.261: [GC [PSYoungGen: 105949K->5376K(101888K)] 134205K->33680K(150528K), 0.0014770 secs] [Times: user=0.01 sys=0.00, real=0.00 secs] 
182.263: Total time for which application threads were stopped: 0.0016140 seconds, Stopping threads took: 0.0000660 seconds
182.438: Application time: 0.1752010 seconds
182.438: [GC [PSYoungGen: 101527K->5344K(98816K)] 129831K->33648K(147456K), 0.0017800 secs] [Times: user=0.01 sys=0.00, real=0.00 secs] 
182.440: Total time for which application threads were stopped: 0.0019230 seconds, Stopping threads took: 0.0000620 seconds
182.611: Application time: 0.1710550 seconds
182.611: [GC [PSYoungGen: 98069K->6560K(96768K)] 126373K->34864K(145408K), 0.0018160 secs] [Times: user=0.01 sys=0.00, real=0.00 secs] 
182.613: Total time for which application threads were stopped: 0.0019590 seconds, Stopping threads took: 0.0000710 seconds
182.783: Application time: 0.1699080 seconds
182.783: [GC [PSYoungGen: 96602K->4352K(91648K)] 124907K->32900K(140288K), 0.0014650 secs] [Times: user=0.01 sys=0.01, real=0.01 secs] 
182.784: Total time for which application threads were stopped: 0.0016230 seconds, Stopping threads took: 0.0000870 seconds
182.940: Application time: 0.1559810 seconds
182.940: [GC [PSYoungGen: 90410K->5376K(89600K)] 118958K->33972K(138240K), 0.0017060 secs] [Times: user=0.01 sys=0.00, real=0.00 secs] 
182.942: Total time for which application threads were stopped: 0.0018510 seconds, Stopping threads took: 0.0000610 seconds
183.094: Application time: 0.1521970 seconds
183.094: [GC [PSYoungGen: 88394K->5344K(87040K)] 116990K->33940K(135680K), 0.0016670 secs] [Times: user=0.01 sys=0.00, real=0.00 secs] 
183.096: Total time for which application threads were stopped: 0.0018100 seconds, Stopping threads took: 0.0000640 seconds
183.249: Application time: 0.1525860 seconds
183.249: [GC [PSYoungGen: 86715K->5472K(84480K)] 115311K->34068K(133120K), 0.0016190 secs] [Times: user=0.01 sys=0.00, real=0.00 secs] 
183.250: Total time for which application threads were stopped: 0.0017530 seconds, Stopping threads took: 0.0000620 seconds
183.398: Application time: 0.1478730 seconds
183.398: [GC [PSYoungGen: 84320K->4464K(80896K)] 112916K->33176K(129536K), 0.0015320 secs] [Times: user=0.01 sys=0.00, real=0.00 secs] 
183.400: Total time for which application threads were stopped: 0.0016710 seconds, Stopping threads took: 0.0000660 seconds
183.541: Application time: 0.1412590 seconds
183.541: [GC [PSYoungGen: 80270K->5376K(79360K)] 108983K->34260K(128000K), 0.0015870 secs] [Times: user=0.01 sys=0.00, real=0.00 secs] 
183.543: Total time for which application threads were stopped: 0.0017480 seconds, Stopping threads took: 0.0000790 seconds
183.678: Application time: 0.1347540 seconds
183.680: [GC [PSYoungGen: 78629K->5376K(82432K)] 107514K->34260K(131072K), 0.0015790 secs] [Times: user=0.01 sys=0.00, real=0.00 secs] 
183.682: Total time for which application threads were stopped: 0.0040870 seconds, Stopping threads took: 0.0024330 seconds
183.819: Application time: 0.1367310 seconds
183.819: [GC [PSYoungGen: 79695K->4352K(76800K)] 108580K->33236K(125440K), 0.0009830 secs] [Times: user=0.01 sys=0.00, real=0.00 secs] 
183.820: Total time for which application threads were stopped: 0.0011600 seconds, Stopping threads took: 0.0001070 seconds
183.951: Application time: 0.1313080 seconds
183.952: [GC [PSYoungGen: 76134K->6576K(93184K)] 105019K->35460K(141824K), 0.0018860 secs] [Times: user=0.02 sys=0.00, real=0.00 secs] 
183.954: Total time for which application threads were stopped: 0.0031320 seconds, Stopping threads took: 0.0011740 seconds
184.109: Application time: 0.1543770 seconds
184.109: [GC [PSYoungGen: 92064K->7392K(94208K)] 120949K->36525K(142848K), 0.0020100 secs] [Times: user=0.01 sys=0.00, real=0.00 secs] 
184.111: Total time for which application threads were stopped: 0.0022100 seconds, Stopping threads took: 0.0001200 seconds
184.272: Application time: 0.1616070 seconds
184.272: [GC [PSYoungGen: 92922K->4352K(94720K)] 122055K->33533K(143360K), 0.0012690 secs] [Times: user=0.01 sys=0.00, real=0.00 secs] 
184.274: Total time for which application threads were stopped: 0.0014040 seconds, Stopping threads took: 0.0000660 seconds
184.434: Application time: 0.1597520 seconds
184.434: [GC [PSYoungGen: 90499K->5376K(89088K)] 119680K->34557K(137728K), 0.0012470 secs] [Times: user=0.01 sys=0.00, real=0.00 secs] 
184.435: Total time for which application threads were stopped: 0.0014370 seconds, Stopping threads took: 0.0001200 seconds
184.587: Application time: 0.1516510 seconds
184.587: [GC [PSYoungGen: 88677K->5392K(86528K)] 117858K->34573K(135168K), 0.0014390 secs] [Times: user=0.00 sys=0.01, real=0.00 secs] 
184.588: Total time for which application threads were stopped: 0.0015880 seconds, Stopping threads took: 0.0000790 seconds
184.735: Application time: 0.1469140 seconds
184.735: [GC [PSYoungGen: 85844K->5520K(83968K)] 115025K->35801K(132608K), 0.0015910 secs] [Times: user=0.00 sys=0.01, real=0.01 secs] 
184.737: Total time for which application threads were stopped: 0.0017480 seconds, Stopping threads took: 0.0000780 seconds
184.889: Application time: 0.1523480 seconds
184.889: [GC [PSYoungGen: 83635K->5376K(81408K)] 113916K->35857K(130048K), 0.0017430 secs] [Times: user=0.01 sys=0.00, real=0.00 secs] 
184.891: Total time for which application threads were stopped: 0.0018860 seconds, Stopping threads took: 0.0000720 seconds
185.032: Application time: 0.1409130 seconds
185.032: [GC [PSYoungGen: 81143K->4352K(77824K)] 111625K->35857K(126464K), 0.0014500 secs] [Times: user=0.01 sys=0.00, real=0.00 secs] 
185.034: Total time for which application threads were stopped: 0.0016170 seconds, Stopping threads took: 0.0000930 seconds
185.170: Application time: 0.1366710 seconds
185.170: [GC [PSYoungGen: 76838K->3328K(74752K)] 108343K->34833K(123392K), 0.0010530 secs] [Times: user=0.01 sys=0.00, real=0.00 secs] 
185.172: Total time for which application threads were stopped: 0.0011950 seconds, Stopping threads took: 0.0000740 seconds
185.298: Application time: 0.1261730 seconds
185.298: [GC [PSYoungGen: 73592K->4496K(73728K)] 105098K->36001K(122368K), 0.0014470 secs] [Times: user=0.01 sys=0.00, real=0.00 secs] 
185.299: Total time for which application threads were stopped: 0.0015890 seconds, Stopping threads took: 0.0000660 seconds
185.426: Application time: 0.1268860 seconds
185.426: [GC [PSYoungGen: 73268K->5392K(72704K)] 104773K->37133K(121344K), 0.0017210 secs] [Times: user=0.01 sys=0.00, real=0.00 secs] 
185.428: Total time for which application threads were stopped: 0.0018510 seconds, Stopping threads took: 0.0000620 seconds
185.547: Application time: 0.1194610 seconds
185.548: [GC [PSYoungGen: 71840K->5392K(86528K)] 103582K->38197K(135168K), 0.0017590 secs] [Times: user=0.01 sys=0.00, real=0.00 secs] 
185.549: Total time for which application threads were stopped: 0.0019010 seconds, Stopping threads took: 0.0000650 seconds
185.704: Application time: 0.1545240 seconds
185.704: [GC [PSYoungGen: 85810K->3296K(81920K)] 118616K->36101K(130560K), 0.0010740 secs] [Times: user=0.01 sys=0.00, real=0.01 secs] 
185.705: Total time for which application threads were stopped: 0.0012310 seconds, Stopping threads took: 0.0000890 seconds
185.849: Application time: 0.1437660 seconds
185.849: [GC [PSYoungGen: 81420K->5344K(81408K)] 114226K->38149K(130048K), 0.0016260 secs] [Times: user=0.01 sys=0.00, real=0.00 secs] 
185.851: Total time for which application threads were stopped: 0.0018000 seconds, Stopping threads took: 0.0000940 seconds
185.988: Application time: 0.1374300 seconds
185.988: [GC [PSYoungGen: 80552K->5536K(84480K)] 113358K->38341K(133120K), 0.0015460 secs] [Times: user=0.01 sys=0.00, real=0.00 secs] 
185.990: Total time for which application threads were stopped: 0.0017650 seconds, Stopping threads took: 0.0001460 seconds
186.131: Application time: 0.1411710 seconds
186.131: [GC [PSYoungGen: 82240K->5376K(80384K)] 115046K->38426K(129024K), 0.0012890 secs] [Times: user=0.00 sys=0.00, real=0.00 secs] 
186.133: Total time for which application threads were stopped: 0.0014390 seconds, Stopping threads took: 0.0000810 seconds
186.270: Application time: 0.1373690 seconds
186.270: [GC [PSYoungGen: 79785K->5376K(77824K)] 112835K->38474K(126464K), 0.0016510 secs] [Times: user=0.01 sys=0.00, real=0.00 secs] 
186.272: Total time for which application threads were stopped: 0.0017940 seconds, Stopping threads took: 0.0000700 seconds
186.405: Application time: 0.1336960 seconds
186.406: [GC [PSYoungGen: 77556K->3296K(90624K)] 110654K->38442K(139264K), 0.0014140 secs] [Times: user=0.01 sys=0.00, real=0.00 secs] 
186.407: Total time for which application threads were stopped: 0.0015630 seconds, Stopping threads took: 0.0000680 seconds
186.564: Application time: 0.1573430 seconds
186.564: [GC [PSYoungGen: 89550K->6400K(94208K)] 124696K->41546K(142848K), 0.0017510 secs] [Times: user=0.01 sys=0.00, real=0.00 secs] 
186.566: Total time for which application threads were stopped: 0.0019020 seconds, Stopping threads took: 0.0000780 seconds
186.730: Application time: 0.1642410 seconds
186.731: [GC [PSYoungGen: 93440K->4544K(88576K)] 128586K->39690K(137216K), 0.0010860 secs] [Times: user=0.01 sys=0.00, real=0.00 secs] 
186.732: Total time for which application threads were stopped: 0.0012240 seconds, Stopping threads took: 0.0000690 seconds
186.880: Application time: 0.1483930 seconds
186.880: [GC [PSYoungGen: 87824K->7424K(89088K)] 122970K->42854K(137728K), 0.0019880 secs] [Times: user=0.02 sys=0.00, real=0.00 secs] 
186.882: Total time for which application threads were stopped: 0.0021490 seconds, Stopping threads took: 0.0000900 seconds
187.036: Application time: 0.1537880 seconds
187.036: [GC [PSYoungGen: 88405K->3328K(82432K)] 123836K->39782K(131072K), 0.0010710 secs] [Times: user=0.01 sys=0.00, real=0.00 secs] 
187.037: Total time for which application threads were stopped: 0.0012410 seconds, Stopping threads took: 0.0000830 seconds
187.183: Application time: 0.1454050 seconds
187.183: [GC [PSYoungGen: 81248K->5376K(81920K)] 117702K->41830K(130560K), 0.0015570 secs] [Times: user=0.01 sys=0.00, real=0.01 secs] 
187.184: Total time for which application threads were stopped: 0.0016980 seconds, Stopping threads took: 0.0000710 seconds
187.322: Application time: 0.1380320 seconds
187.323: [GC [PSYoungGen: 81357K->6544K(98304K)] 117811K->42998K(146944K), 0.0018870 secs] [Times: user=0.01 sys=0.01, real=0.01 secs] 
187.324: Total time for which application threads were stopped: 0.0020630 seconds, Stopping threads took: 0.0000970 seconds
187.491: Application time: 0.1660520 seconds
187.491: [GC [PSYoungGen: 97294K->7520K(100352K)] 133749K->44150K(148992K), 0.0021190 secs] [Times: user=0.02 sys=0.00, real=0.00 secs] 
187.493: Total time for which application threads were stopped: 0.0022660 seconds, Stopping threads took: 0.0000710 seconds
187.666: Application time: 0.1730450 seconds
187.666: [GC [PSYoungGen: 98726K->5376K(94720K)] 135357K->42115K(143360K), 0.0012280 secs] [Times: user=0.01 sys=0.00, real=0.00 secs] 
187.667: Total time for which application threads were stopped: 0.0013670 seconds, Stopping threads took: 0.0000610 seconds
187.827: Application time: 0.1598140 seconds
187.827: [GC [PSYoungGen: 93550K->6368K(92672K)] 130289K->43107K(141312K), 0.0017280 secs] [Times: user=0.00 sys=0.00, real=0.00 secs] 
187.829: Total time for which application threads were stopped: 0.0018740 seconds, Stopping threads took: 0.0000740 seconds
187.990: Application time: 0.1606370 seconds
187.990: [GC [PSYoungGen: 92237K->5472K(88576K)] 128976K->42211K(137216K), 0.0011920 secs] [Times: user=0.01 sys=0.00, real=0.00 secs] 
187.991: Total time for which application threads were stopped: 0.0013340 seconds, Stopping threads took: 0.0000750 seconds
188.146: Application time: 0.1551240 seconds
188.146: [GC [PSYoungGen: 88416K->4416K(84992K)] 125155K->41303K(133632K), 0.0014970 secs] [Times: user=0.00 sys=0.00, real=0.00 secs] 
188.148: Total time for which application threads were stopped: 0.0016470 seconds, Stopping threads took: 0.0000800 seconds
188.295: Application time: 0.1474770 seconds
188.295: [GC [PSYoungGen: 84800K->6400K(84480K)] 121687K->43439K(133120K), 0.0017900 secs] [Times: user=0.01 sys=0.00, real=0.01 secs] 
188.297: Total time for which application threads were stopped: 0.0019700 seconds, Stopping threads took: 0.0000820 seconds
188.437: Application time: 0.1402660 seconds
188.437: [GC [PSYoungGen: 83926K->7424K(101376K)] 120965K->44463K(150016K), 0.0022490 secs] [Times: user=0.01 sys=0.00, real=0.00 secs] 
188.440: Total time for which application threads were stopped: 0.0024110 seconds, Stopping threads took: 0.0000850 seconds
188.619: Application time: 0.1788580 seconds
188.619: [GC [PSYoungGen: 100847K->4352K(95232K)] 137887K->41391K(143872K), 0.0012780 secs] [Times: user=0.00 sys=0.00, real=0.00 secs] 
188.620: Total time for which application threads were stopped: 0.0014260 seconds, Stopping threads took: 0.0000800 seconds
188.779: Application time: 0.1585550 seconds
188.779: [GC [PSYoungGen: 94312K->7616K(101376K)] 131351K->44655K(150016K), 0.0021540 secs] [Times: user=0.02 sys=0.00, real=0.00 secs] 
188.781: Total time for which application threads were stopped: 0.0023040 seconds, Stopping threads took: 0.0000710 seconds
188.959: Application time: 0.1785730 seconds
188.960: [GC [PSYoungGen: 100196K->5376K(95232K)] 137236K->42695K(143872K), 0.0012560 secs] [Times: user=0.00 sys=0.00, real=0.00 secs] 
188.961: Total time for which application threads were stopped: 0.0014040 seconds, Stopping threads took: 0.0000670 seconds
189.121: Application time: 0.1597730 seconds
189.121: [GC [PSYoungGen: 94313K->7392K(114688K)] 131633K->44711K(163328K), 0.0019800 secs] [Times: user=0.01 sys=0.00, real=0.00 secs] 
189.123: Total time for which application threads were stopped: 0.0021910 seconds, Stopping threads took: 0.0001380 seconds
189.318: Application time: 0.1953130 seconds
189.318: [GC [PSYoungGen: 112681K->6400K(116736K)] 150001K->43719K(165376K), 0.0019140 secs] [Times: user=0.01 sys=0.00, real=0.00 secs] 
189.320: Total time for which application threads were stopped: 0.0020750 seconds, Stopping threads took: 0.0000870 seconds
189.523: Application time: 0.2023670 seconds
189.523: [GC [PSYoungGen: 113262K->4480K(108544K)] 150582K->41871K(157184K), 0.0014140 secs] [Times: user=0.01 sys=0.01, real=0.01 secs] 
189.524: Total time for which application threads were stopped: 0.0015680 seconds, Stopping threads took: 0.0000760 seconds
189.719: Application time: 0.1947460 seconds
189.719: [GC [PSYoungGen: 108153K->4352K(105984K)] 145545K->41952K(154624K), 0.0012560 secs] [Times: user=0.00 sys=0.00, real=0.00 secs] 
189.720: Total time for which application threads were stopped: 0.0014070 seconds, Stopping threads took: 0.0000850 seconds
189.900: Application time: 0.1800940 seconds
189.901: [GC [PSYoungGen: 104336K->6400K(103424K)] 141936K->44000K(152064K), 0.0020010 secs] [Times: user=0.01 sys=0.00, real=0.00 secs] 
189.903: Total time for which application threads were stopped: 0.0021450 seconds, Stopping threads took: 0.0000670 seconds
190.083: Application time: 0.1802540 seconds
190.083: [GC [PSYoungGen: 103168K->6608K(100352K)] 140768K->44208K(148992K), 0.0018150 secs] [Times: user=0.01 sys=0.00, real=0.01 secs] 
190.085: Total time for which application threads were stopped: 0.0019660 seconds, Stopping threads took: 0.0000670 seconds
190.260: Application time: 0.1756230 seconds
190.261: [GC [PSYoungGen: 99412K->5344K(96256K)] 137012K->43224K(144896K), 0.0018340 secs] [Times: user=0.01 sys=0.00, real=0.00 secs] 
190.262: Total time for which application threads were stopped: 0.0019970 seconds, Stopping threads took: 0.0000890 seconds
190.427: Application time: 0.1643550 seconds
190.427: [GC [PSYoungGen: 95319K->5376K(93184K)] 133199K->43256K(141824K), 0.0015690 secs] [Times: user=0.01 sys=0.00, real=0.00 secs] 
190.429: Total time for which application threads were stopped: 0.0017070 seconds, Stopping threads took: 0.0000650 seconds
190.591: Application time: 0.1624280 seconds
190.591: [GC [PSYoungGen: 92268K->4368K(89088K)] 130148K->42248K(137728K), 0.0014630 secs] [Times: user=0.00 sys=0.00, real=0.00 secs] 
190.593: Total time for which application threads were stopped: 0.0016340 seconds, Stopping threads took: 0.0000940 seconds
190.747: Application time: 0.1545420 seconds
190.747: [GC [PSYoungGen: 88833K->5520K(87552K)] 126713K->43400K(136192K), 0.0017070 secs] [Times: user=0.01 sys=0.00, real=0.00 secs] 
190.749: Total time for which application threads were stopped: 0.0018600 seconds, Stopping threads took: 0.0000810 seconds
190.899: Application time: 0.1499230 seconds
190.899: [GC [PSYoungGen: 87440K->5376K(84992K)] 125320K->43536K(133632K), 0.0017050 secs] [Times: user=0.02 sys=0.00, real=0.00 secs] 
190.901: Total time for which application threads were stopped: 0.0018440 seconds, Stopping threads took: 0.0000700 seconds
191.047: Application time: 0.1459060 seconds
191.047: [GC [PSYoungGen: 84356K->6368K(87552K)] 122516K->44528K(136192K), 0.0018290 secs] [Times: user=0.01 sys=0.00, real=0.00 secs] 
191.049: Total time for which application threads were stopped: 0.0019870 seconds, Stopping threads took: 0.0000830 seconds
191.203: Application time: 0.1543900 seconds
191.203: [GC [PSYoungGen: 85838K->5376K(83456K)] 123999K->43536K(132096K), 0.0014970 secs] [Times: user=0.00 sys=0.00, real=0.01 secs] 
191.205: Total time for which application threads were stopped: 0.0016400 seconds, Stopping threads took: 0.0000610 seconds
191.345: Application time: 0.1401870 seconds
191.345: [GC [PSYoungGen: 82214K->5392K(80896K)] 120375K->43552K(129536K), 0.0016280 secs] [Times: user=0.01 sys=0.00, real=0.00 secs] 
191.347: Total time for which application threads were stopped: 0.0017790 seconds, Stopping threads took: 0.0000820 seconds
191.482: Application time: 0.1356330 seconds
191.482: [GC [PSYoungGen: 80347K->6528K(83968K)] 118507K->44764K(132608K), 0.0019230 secs] [Times: user=0.01 sys=0.00, real=0.01 secs] 
191.484: Total time for which application threads were stopped: 0.0020820 seconds, Stopping threads took: 0.0000830 seconds
191.626: Application time: 0.1411350 seconds
191.626: [GC [PSYoungGen: 82159K->5376K(99328K)] 120396K->43837K(147968K), 0.0012910 secs] [Times: user=0.00 sys=0.00, real=0.00 secs] 
191.627: Total time for which application threads were stopped: 0.0014250 seconds, Stopping threads took: 0.0000640 seconds
191.799: Application time: 0.1717030 seconds
191.799: [GC [PSYoungGen: 95562K->3328K(91648K)] 134023K->41789K(140288K), 0.0008810 secs] [Times: user=0.00 sys=0.00, real=0.00 secs] 
191.800: Total time for which application threads were stopped: 0.0010140 seconds, Stopping threads took: 0.0000620 seconds
191.960: Application time: 0.1601160 seconds
191.960: [GC [PSYoungGen: 91392K->5376K(90624K)] 129853K->43837K(139264K), 0.0014700 secs] [Times: user=0.01 sys=0.00, real=0.00 secs] 
191.961: Total time for which application threads were stopped: 0.0016130 seconds, Stopping threads took: 0.0000750 seconds
192.112: Application time: 0.1509580 seconds
192.112: [GC [PSYoungGen: 90347K->6608K(89088K)] 128808K->45069K(137728K), 0.0019650 secs] [Times: user=0.02 sys=0.00, real=0.00 secs] 
192.114: Total time for which application threads were stopped: 0.0021090 seconds, Stopping threads took: 0.0000710 seconds
192.274: Application time: 0.1593120 seconds
192.274: [GC [PSYoungGen: 88235K->3328K(83456K)] 126696K->42061K(132096K), 0.0011340 secs] [Times: user=0.01 sys=0.00, real=0.00 secs] 
192.275: Total time for which application threads were stopped: 0.0012740 seconds, Stopping threads took: 0.0000740 seconds
192.418: Application time: 0.1431980 seconds
192.418: [GC [PSYoungGen: 83200K->6400K(83968K)] 121933K->45133K(132608K), 0.0019640 secs] [Times: user=0.02 sys=0.00, real=0.00 secs] 
192.420: Total time for which application threads were stopped: 0.0021220 seconds, Stopping threads took: 0.0000720 seconds
192.564: Application time: 0.1440030 seconds
192.565: [GC [PSYoungGen: 83261K->6368K(85504K)] 121994K->45101K(134144K), 0.0018690 secs] [Times: user=0.01 sys=0.00, real=0.00 secs] 
192.566: Total time for which application threads were stopped: 0.0020250 seconds, Stopping threads took: 0.0000850 seconds
192.709: Application time: 0.1423460 seconds
192.709: [GC [PSYoungGen: 84298K->5392K(87040K)] 123031K->44125K(135680K), 0.0015230 secs] [Times: user=0.01 sys=0.00, real=0.00 secs] 
192.710: Total time for which application threads were stopped: 0.0017300 seconds, Stopping threads took: 0.0001360 seconds
192.854: Application time: 0.1436350 seconds
192.854: [GC [PSYoungGen: 83806K->7584K(102400K)] 122539K->46393K(151040K), 0.0017430 secs] [Times: user=0.02 sys=0.00, real=0.00 secs] 
192.856: Total time for which application threads were stopped: 0.0018880 seconds, Stopping threads took: 0.0000710 seconds
193.034: Application time: 0.1779220 seconds
193.034: [GC [PSYoungGen: 101515K->5392K(96768K)] 140325K->44417K(145408K), 0.0014230 secs] [Times: user=0.01 sys=0.00, real=0.00 secs] 
193.036: Total time for which application threads were stopped: 0.0015660 seconds, Stopping threads took: 0.0000650 seconds
193.196: Application time: 0.1605120 seconds
193.196: [GC [PSYoungGen: 96082K->7392K(99840K)] 135107K->46417K(148480K), 0.0020150 secs] [Times: user=0.01 sys=0.00, real=0.00 secs] 
193.198: Total time for which application threads were stopped: 0.0021880 seconds, Stopping threads took: 0.0000990 seconds
193.375: Application time: 0.1768600 seconds
193.375: [GC [PSYoungGen: 98389K->5392K(99840K)] 137415K->44417K(148480K), 0.0015180 secs] [Times: user=0.01 sys=0.00, real=0.01 secs] 
193.377: Total time for which application threads were stopped: 0.0016560 seconds, Stopping threads took: 0.0000650 seconds
193.534: Application time: 0.1576060 seconds
193.534: [GC [PSYoungGen: 95704K->7616K(117760K)] 134729K->46681K(166400K), 0.0019110 secs] [Times: user=0.01 sys=0.00, real=0.01 secs] 
193.536: Total time for which application threads were stopped: 0.0020810 seconds, Stopping threads took: 0.0000830 seconds
193.739: Application time: 0.2020960 seconds
193.739: [GC [PSYoungGen: 115899K->7424K(118272K)] 154964K->46738K(166912K), 0.0019140 secs] [Times: user=0.01 sys=0.01, real=0.00 secs] 
193.741: Total time for which application threads were stopped: 0.0020740 seconds, Stopping threads took: 0.0000880 seconds
193.943: Application time: 0.2026650 seconds
193.943: [GC [PSYoungGen: 115737K->7392K(112640K)] 155051K->46706K(161280K), 0.0017300 secs] [Times: user=0.00 sys=0.01, real=0.01 secs] 
193.945: Total time for which application threads were stopped: 0.0018870 seconds, Stopping threads took: 0.0000850 seconds
194.143: Application time: 0.1981290 seconds
194.143: [GC [PSYoungGen: 112352K->6608K(108032K)] 151666K->45922K(156672K), 0.0018210 secs] [Times: user=0.00 sys=0.01, real=0.01 secs] 
194.145: Total time for which application threads were stopped: 0.0020080 seconds, Stopping threads took: 0.0001080 seconds
194.335: Application time: 0.1893030 seconds
194.335: [GC [PSYoungGen: 107292K->4352K(102400K)] 146606K->43942K(151040K), 0.0010800 secs] [Times: user=0.01 sys=0.00, real=0.00 secs] 
194.336: Total time for which application threads were stopped: 0.0012190 seconds, Stopping threads took: 0.0000670 seconds
194.516: Application time: 0.1798160 seconds
194.516: [GC [PSYoungGen: 102144K->4352K(98816K)] 141734K->43942K(147456K), 0.0014310 secs] [Times: user=0.01 sys=0.00, real=0.01 secs] 
194.517: Total time for which application threads were stopped: 0.0015970 seconds, Stopping threads took: 0.0000940 seconds
194.686: Application time: 0.1685510 seconds
194.686: [GC [PSYoungGen: 97681K->6400K(97792K)] 137272K->45990K(146432K), 0.0017780 secs] [Times: user=0.01 sys=0.00, real=0.00 secs] 
194.688: Total time for which application threads were stopped: 0.0019280 seconds, Stopping threads took: 0.0000680 seconds
194.858: Application time: 0.1703170 seconds
194.858: [GC [PSYoungGen: 96644K->5584K(93696K)] 136234K->45174K(142336K), 0.0017400 secs] [Times: user=0.01 sys=0.00, real=0.00 secs] 
194.860: Total time for which application threads were stopped: 0.0019160 seconds, Stopping threads took: 0.0001010 seconds
195.019: Application time: 0.1593970 seconds
195.019: [GC [PSYoungGen: 93434K->6400K(91648K)] 133024K->46258K(140288K), 0.0018330 secs] [Times: user=0.01 sys=0.00, real=0.00 secs] 
195.021: Total time for which application threads were stopped: 0.0019720 seconds, Stopping threads took: 0.0000690 seconds
195.181: Application time: 0.1595890 seconds
195.181: [GC [PSYoungGen: 91005K->4352K(87040K)] 130863K->44210K(135680K), 0.0015250 secs] [Times: user=0.01 sys=0.00, real=0.00 secs] 
195.183: Total time for which application threads were stopped: 0.0016870 seconds, Stopping threads took: 0.0000900 seconds
195.333: Application time: 0.1504850 seconds
195.333: [GC [PSYoungGen: 86784K->6368K(86528K)] 126642K->46226K(135168K), 0.0018080 secs] [Times: user=0.01 sys=0.00, real=0.00 secs] 
195.335: Total time for which application threads were stopped: 0.0019650 seconds, Stopping threads took: 0.0000700 seconds
195.482: Application time: 0.1469230 seconds
195.482: [GC [PSYoungGen: 86230K->6528K(102912K)] 126088K->46386K(151552K), 0.0022210 secs] [Times: user=0.01 sys=0.00, real=0.01 secs] 
195.484: Total time for which application threads were stopped: 0.0023790 seconds, Stopping threads took: 0.0000850 seconds
195.665: Application time: 0.1801920 seconds
195.665: [GC [PSYoungGen: 102409K->4352K(105984K)] 142268K->46543K(154624K), 0.0017980 secs] [Times: user=0.01 sys=0.00, real=0.00 secs] 
195.666: Total time for which application threads were stopped: 0.0019300 seconds, Stopping threads took: 0.0000600 seconds
195.854: Application time: 0.1874400 seconds
195.854: [GC [PSYoungGen: 105640K->4352K(102400K)] 147831K->46543K(151040K), 0.0012080 secs] [Times: user=0.01 sys=0.00, real=0.00 secs] 
195.855: Total time for which application threads were stopped: 0.0013610 seconds, Stopping threads took: 0.0000780 seconds
196.033: Application time: 0.1780460 seconds
196.033: [GC [PSYoungGen: 101399K->5376K(99840K)] 143590K->47567K(148480K), 0.0016730 secs] [Times: user=0.01 sys=0.00, real=0.00 secs] 
196.035: Total time for which application threads were stopped: 0.0018120 seconds, Stopping threads took: 0.0000710 seconds
196.207: Application time: 0.1715340 seconds
196.207: [GC [PSYoungGen: 98694K->6624K(97792K)] 140885K->48815K(146432K), 0.0021050 secs] [Times: user=0.01 sys=0.00, real=0.00 secs] 
196.209: Total time for which application threads were stopped: 0.0023430 seconds, Stopping threads took: 0.0001630 seconds
196.376: Application time: 0.1666240 seconds
196.376: [GC [PSYoungGen: 96761K->6400K(94720K)] 138952K->48871K(143360K), 0.0018970 secs] [Times: user=0.02 sys=0.00, real=0.01 secs] 
196.378: Total time for which application threads were stopped: 0.0020550 seconds, Stopping threads took: 0.0000740 seconds
196.544: Application time: 0.1663900 seconds
196.544: [GC [PSYoungGen: 93561K->4256K(89600K)] 136032K->46727K(138240K), 0.0015880 secs] [Times: user=0.00 sys=0.00, real=0.00 secs] 
196.546: Total time for which application threads were stopped: 0.0017280 seconds, Stopping threads took: 0.0000730 seconds
196.698: Application time: 0.1524100 seconds
196.698: [GC [PSYoungGen: 88769K->5376K(88064K)] 131241K->47847K(136704K), 0.0016210 secs] [Times: user=0.01 sys=0.00, real=0.00 secs] 
196.700: Total time for which application threads were stopped: 0.0017610 seconds, Stopping threads took: 0.0000690 seconds
196.848: Application time: 0.1477950 seconds
196.848: [GC [PSYoungGen: 87175K->7632K(92672K)] 129646K->50103K(141312K), 0.0021430 secs] [Times: user=0.02 sys=0.00, real=0.00 secs] 
196.850: Total time for which application threads were stopped: 0.0022970 seconds, Stopping threads took: 0.0000750 seconds
197.008: Application time: 0.1581480 seconds
197.008: [GC [PSYoungGen: 92078K->4352K(86528K)] 134550K->47099K(135168K), 0.0011280 secs] [Times: user=0.01 sys=0.00, real=0.00 secs] 
197.010: Total time for which application threads were stopped: 0.0012790 seconds, Stopping threads took: 0.0000720 seconds
197.163: Application time: 0.1539080 seconds
197.164: [GC [PSYoungGen: 85998K->4352K(83968K)] 128746K->47099K(132608K), 0.0014840 secs] [Times: user=0.01 sys=0.00, real=0.01 secs] 
197.165: Total time for which application threads were stopped: 0.0016210 seconds, Stopping threads took: 0.0000670 seconds
197.310: Application time: 0.1449470 seconds
197.310: [GC [PSYoungGen: 83317K->6400K(83456K)] 126065K->49147K(132096K), 0.0015050 secs] [Times: user=0.01 sys=0.00, real=0.00 secs] 
197.312: Total time for which application threads were stopped: 0.0016450 seconds, Stopping threads took: 0.0000670 seconds
197.451: Application time: 0.1388870 seconds
197.451: [GC [PSYoungGen: 83130K->6432K(97792K)] 125878K->49179K(146432K), 0.0018090 secs] [Times: user=0.01 sys=0.00, real=0.00 secs] 
197.453: Total time for which application threads were stopped: 0.0019730 seconds, Stopping threads took: 0.0000880 seconds
197.616: Application time: 0.1630240 seconds
197.616: [GC [PSYoungGen: 94627K->4528K(90624K)] 137375K->47363K(139264K), 0.0013930 secs] [Times: user=0.01 sys=0.00, real=0.01 secs] 
197.617: Total time for which application threads were stopped: 0.0015430 seconds, Stopping threads took: 0.0000680 seconds
197.776: Application time: 0.1593350 seconds
197.777: [GC [PSYoungGen: 89622K->5376K(88576K)] 132458K->48420K(137216K), 0.0017400 secs] [Times: user=0.01 sys=0.00, real=0.00 secs] 
197.778: Total time for which application threads were stopped: 0.0018920 seconds, Stopping threads took: 0.0000780 seconds
197.928: Application time: 0.1498020 seconds
197.928: [GC [PSYoungGen: 87403K->6400K(92672K)] 130447K->49444K(141312K), 0.0017710 secs] [Times: user=0.01 sys=0.00, real=0.00 secs] 
197.930: Total time for which application threads were stopped: 0.0019280 seconds, Stopping threads took: 0.0000850 seconds
198.087: Application time: 0.1568770 seconds
198.087: [GC [PSYoungGen: 90751K->5376K(93696K)] 133795K->48420K(142336K), 0.0015780 secs] [Times: user=0.01 sys=0.00, real=0.00 secs] 
198.089: Total time for which application threads were stopped: 0.0017670 seconds, Stopping threads took: 0.0001110 seconds
198.247: Application time: 0.1580970 seconds
198.247: [GC [PSYoungGen: 90159K->5600K(88064K)] 133203K->48644K(136704K), 0.0013940 secs] [Times: user=0.01 sys=0.00, real=0.00 secs] 
198.248: Total time for which application threads were stopped: 0.0015470 seconds, Stopping threads took: 0.0000710 seconds
198.399: Application time: 0.1501440 seconds
198.399: [GC [PSYoungGen: 87726K->5344K(85504K)] 130770K->48660K(134144K), 0.0016640 secs] [Times: user=0.00 sys=0.00, real=0.00 secs] 
198.400: Total time for which application threads were stopped: 0.0017960 seconds, Stopping threads took: 0.0000630 seconds
198.548: Application time: 0.1480140 seconds
198.548: [GC [PSYoungGen: 85188K->5344K(82944K)] 128504K->48660K(131584K), 0.0012760 secs] [Times: user=0.00 sys=0.00, real=0.00 secs] 
198.550: Total time for which application threads were stopped: 0.0014690 seconds, Stopping threads took: 0.0001210 seconds
198.697: Application time: 0.1469850 seconds
198.697: [GC [PSYoungGen: 82229K->5376K(80384K)] 125545K->48692K(129024K), 0.0016610 secs] [Times: user=0.01 sys=0.00, real=0.00 secs] 
198.699: Total time for which application threads were stopped: 0.0017910 seconds, Stopping threads took: 0.0000580 seconds
198.833: Application time: 0.1348120 seconds
198.833: [GC [PSYoungGen: 79174K->4480K(76800K)] 122491K->48820K(125440K), 0.0016070 secs] [Times: user=0.01 sys=0.00, real=0.00 secs] 
198.835: Total time for which application threads were stopped: 0.0017580 seconds, Stopping threads took: 0.0000740 seconds
198.968: Application time: 0.1329750 seconds
198.968: [GC [PSYoungGen: 75971K->5456K(92672K)] 120311K->49968K(141312K), 0.0016850 secs] [Times: user=0.01 sys=0.00, real=0.00 secs] 
198.970: Total time for which application threads were stopped: 0.0018120 seconds, Stopping threads took: 0.0000540 seconds
199.129: Application time: 0.1590910 seconds
199.129: [GC [PSYoungGen: 92189K->4352K(88576K)] 136701K->48980K(137216K), 0.0013420 secs] [Times: user=0.01 sys=0.00, real=0.00 secs] 
199.131: Total time for which application threads were stopped: 0.0014920 seconds, Stopping threads took: 0.0000780 seconds
199.285: Application time: 0.1543180 seconds
199.285: [GC [PSYoungGen: 87927K->5344K(87040K)] 132556K->49972K(135680K), 0.0017720 secs] [Times: user=0.01 sys=0.00, real=0.00 secs] 
199.287: Total time for which application threads were stopped: 0.0019240 seconds, Stopping threads took: 0.0000800 seconds
199.434: Application time: 0.1475920 seconds
199.434: [GC [PSYoungGen: 86287K->4352K(89600K)] 130916K->51028K(138240K), 0.0018440 secs] [Times: user=0.01 sys=0.00, real=0.01 secs] 
199.436: Total time for which application threads were stopped: 0.0020110 seconds, Stopping threads took: 0.0000830 seconds
199.597: Application time: 0.1602070 seconds
199.597: [GC [PSYoungGen: 89018K->6608K(92160K)] 135695K->53284K(140800K), 0.0018310 secs] [Times: user=0.01 sys=0.00, real=0.00 secs] 
199.599: Total time for which application threads were stopped: 0.0019660 seconds, Stopping threads took: 0.0000620 seconds
199.753: Application time: 0.1544530 seconds
199.753: [GC [PSYoungGen: 91081K->6368K(110080K)] 137758K->53321K(158720K), 0.0016230 secs] [Times: user=0.01 sys=0.00, real=0.00 secs] 
199.755: Total time for which application threads were stopped: 0.0017630 seconds, Stopping threads took: 0.0000690 seconds
199.944: Application time: 0.1890060 seconds
199.944: [GC [PSYoungGen: 108768K->5344K(104448K)] 155721K->52297K(153088K), 0.0014160 secs] [Times: user=0.00 sys=0.01, real=0.01 secs] 
199.945: Total time for which application threads were stopped: 0.0016140 seconds, Stopping threads took: 0.0001180 seconds
200.132: Application time: 0.1869830 seconds
200.132: [GC [PSYoungGen: 103690K->4352K(99840K)] 150643K->51305K(148480K), 0.0011860 secs] [Times: user=0.00 sys=0.00, real=0.00 secs] 
200.134: Total time for which application threads were stopped: 0.0013190 seconds, Stopping threads took: 0.0000670 seconds
200.302: Application time: 0.1684220 seconds
200.302: [GC [PSYoungGen: 98607K->6624K(98816K)] 145560K->53577K(147456K), 0.0020740 secs] [Times: user=0.01 sys=0.00, real=0.01 secs] 
200.304: Total time for which application threads were stopped: 0.0022200 seconds, Stopping threads took: 0.0000680 seconds
200.477: Application time: 0.1730600 seconds
200.478: [GC [PSYoungGen: 98175K->4352K(93696K)] 145128K->53633K(143872K), 0.0018150 secs] [Times: user=0.01 sys=0.00, real=0.00 secs] 
200.479: [Full GC [PSYoungGen: 4352K->0K(93696K)] [ParOldGen: 49281K->10044K(46592K)] 53633K->10044K(140288K) [PSPermGen: 5528K->5528K(21504K)], 0.0068540 secs] [Times: user=0.03 sys=0.00, real=0.01 secs] 
200.486: Total time for which application threads were stopped: 0.0088660 seconds, Stopping threads took: 0.0000690 seconds
200.650: Application time: 0.1636850 seconds
200.650: [GC [PSYoungGen: 88952K->6400K(92672K)] 98997K->16444K(139264K), 0.0018630 secs] [Times: user=0.02 sys=0.00, real=0.00 secs] 
200.652: Total time for which application threads were stopped: 0.0020500 seconds, Stopping threads took: 0.0001160 seconds
200.808: Application time: 0.1563780 seconds
200.808: [GC [PSYoungGen: 91871K->4320K(87552K)] 101915K->16420K(134144K), 0.0017740 secs] [Times: user=0.01 sys=0.00, real=0.00 secs] 
200.810: Total time for which application threads were stopped: 0.0019170 seconds, Stopping threads took: 0.0000720 seconds
200.965: Application time: 0.1547050 seconds
200.965: [GC [PSYoungGen: 86643K->5616K(86016K)] 98744K->17717K(132608K), 0.0017300 secs] [Times: user=0.01 sys=0.00, real=0.00 secs] 
200.967: Total time for which application threads were stopped: 0.0018950 seconds, Stopping threads took: 0.0000930 seconds
201.119: Application time: 0.1522140 seconds
201.119: [GC [PSYoungGen: 85858K->5376K(92672K)] 97959K->17749K(139264K), 0.0016290 secs] [Times: user=0.01 sys=0.00, real=0.00 secs] 
201.121: Total time for which application threads were stopped: 0.0017710 seconds, Stopping threads took: 0.0000570 seconds
201.274: Application time: 0.1527130 seconds
201.274: [GC [PSYoungGen: 90813K->6400K(93696K)] 103186K->18773K(140288K), 0.0018310 secs] [Times: user=0.01 sys=0.00, real=0.00 secs] 
201.276: Total time for which application threads were stopped: 0.0019760 seconds, Stopping threads took: 0.0000720 seconds
201.443: Application time: 0.1673790 seconds
201.443: [GC [PSYoungGen: 92416K->3296K(86528K)] 104789K->15669K(133120K), 0.0008290 secs] [Times: user=0.00 sys=0.00, real=0.01 secs] 
201.445: Total time for which application threads were stopped: 0.0016210 seconds, Stopping threads took: 0.0000580 seconds
201.592: Application time: 0.1474010 seconds
201.592: [GC [PSYoungGen: 85247K->6624K(87040K)] 97621K->18997K(133632K), 0.0017770 secs] [Times: user=0.01 sys=0.00, real=0.00 secs] 
201.594: Total time for which application threads were stopped: 0.0019260 seconds, Stopping threads took: 0.0000710 seconds
201.743: Application time: 0.1491900 seconds
201.743: [GC [PSYoungGen: 86700K->6400K(84480K)] 99073K->19053K(131072K), 0.0014370 secs] [Times: user=0.00 sys=0.01, real=0.01 secs] 
201.745: Total time for which application threads were stopped: 0.0015820 seconds, Stopping threads took: 0.0000700 seconds
201.887: Application time: 0.1424350 seconds
201.887: [GC [PSYoungGen: 84166K->5376K(80896K)] 96820K->18029K(127488K), 0.0018220 secs] [Times: user=0.01 sys=0.00, real=0.00 secs] 
201.889: Total time for which application threads were stopped: 0.0019730 seconds, Stopping threads took: 0.0000760 seconds
202.026: Application time: 0.1373280 seconds
202.027: [GC [PSYoungGen: 79764K->4368K(95232K)] 92417K->19069K(141824K), 0.0016970 secs] [Times: user=0.01 sys=0.00, real=0.00 secs] 
202.028: Total time for which application threads were stopped: 0.0018600 seconds, Stopping threads took: 0.0000820 seconds
202.199: Application time: 0.1708770 seconds
202.199: [GC [PSYoungGen: 94055K->5360K(98816K)] 108756K->20061K(145408K), 0.0015870 secs] [Times: user=0.01 sys=0.00, real=0.00 secs] 
202.201: Total time for which application threads were stopped: 0.0017690 seconds, Stopping threads took: 0.0001020 seconds
202.362: Application time: 0.1610670 seconds
202.362: [GC [PSYoungGen: 95833K->6560K(94208K)] 110535K->21337K(140800K), 0.0016160 secs] [Times: user=0.01 sys=0.00, real=0.00 secs] 
202.364: Total time for which application threads were stopped: 0.0017840 seconds, Stopping threads took: 0.0000900 seconds
202.531: Application time: 0.1671290 seconds
202.531: [GC [PSYoungGen: 93527K->3296K(88064K)] 108304K->18289K(134656K), 0.0010940 secs] [Times: user=0.00 sys=0.01, real=0.00 secs] 
202.532: Total time for which application threads were stopped: 0.0012260 seconds, Stopping threads took: 0.0000600 seconds
202.686: Application time: 0.1542380 seconds
202.687: [GC [PSYoungGen: 86864K->5376K(87552K)] 101857K->20370K(134144K), 0.0012230 secs] [Times: user=0.01 sys=0.00, real=0.00 secs] 
202.688: Total time for which application threads were stopped: 0.0013680 seconds, Stopping threads took: 0.0000770 seconds
202.835: Application time: 0.1475140 seconds
202.835: [GC [PSYoungGen: 86477K->5344K(84992K)] 101471K->20338K(131584K), 0.0016410 secs] [Times: user=0.01 sys=0.00, real=0.01 secs] 
202.837: Total time for which application threads were stopped: 0.0017980 seconds, Stopping threads took: 0.0000840 seconds
202.978: Application time: 0.1411780 seconds
202.978: [GC [PSYoungGen: 83710K->5600K(82432K)] 98703K->21618K(129024K), 0.0017100 secs] [Times: user=0.01 sys=0.00, real=0.00 secs] 
202.980: Total time for which application threads were stopped: 0.0018800 seconds, Stopping threads took: 0.0000790 seconds
203.123: Application time: 0.1432310 seconds
203.123: [GC [PSYoungGen: 82030K->6400K(98816K)] 98048K->22694K(145408K), 0.0019160 secs] [Times: user=0.01 sys=0.00, real=0.01 secs] 
203.125: Total time for which application threads were stopped: 0.0020470 seconds, Stopping threads took: 0.0000590 seconds
203.301: Application time: 0.1759400 seconds
203.302: [GC [PSYoungGen: 98491K->4304K(93696K)] 114785K->20598K(140288K), 0.0012510 secs] [Times: user=0.00 sys=0.00, real=0.00 secs] 
203.303: Total time for which application threads were stopped: 0.0014120 seconds, Stopping threads took: 0.0000920 seconds
203.462: Application time: 0.1589640 seconds
203.462: [GC [PSYoungGen: 92692K->7424K(93696K)] 108987K->23718K(140288K), 0.0021310 secs] [Times: user=0.01 sys=0.00, real=0.00 secs] 
203.464: Total time for which application threads were stopped: 0.0022760 seconds, Stopping threads took: 0.0000740 seconds
203.625: Application time: 0.1610420 seconds
203.625: [GC [PSYoungGen: 92468K->3552K(94720K)] 108762K->22918K(141312K), 0.0019010 secs] [Times: user=0.02 sys=0.00, real=0.00 secs] 
203.627: Total time for which application threads were stopped: 0.0020530 seconds, Stopping threads took: 0.0000660 seconds
203.791: Application time: 0.1640240 seconds
203.791: [GC [PSYoungGen: 94500K->6400K(99328K)] 113866K->26042K(145920K), 0.0018070 secs] [Times: user=0.01 sys=0.00, real=0.00 secs] 
203.793: Total time for which application threads were stopped: 0.0019500 seconds, Stopping threads took: 0.0000730 seconds
203.965: Application time: 0.1717550 seconds
203.965: [GC [PSYoungGen: 96916K->7424K(117760K)] 116558K->27066K(164352K), 0.0016870 secs] [Times: user=0.01 sys=0.00, real=0.00 secs] 
203.967: Total time for which application threads were stopped: 0.0018480 seconds, Stopping threads took: 0.0000870 seconds
204.169: Application time: 0.2018010 seconds
204.172: [GC [PSYoungGen: 115701K->6400K(111616K)] 135344K->26042K(158208K), 0.0016120 secs] [Times: user=0.01 sys=0.00, real=0.00 secs] 
204.174: Total time for which application threads were stopped: 0.0053250 seconds, Stopping threads took: 0.0036330 seconds
204.367: Application time: 0.1929150 seconds
204.367: [GC [PSYoungGen: 110776K->4544K(105984K)] 130418K->24186K(152576K), 0.0012740 secs] [Times: user=0.00 sys=0.01, real=0.00 secs] 
204.368: Total time for which application threads were stopped: 0.0014160 seconds, Stopping threads took: 0.0000720 seconds
204.549: Application time: 0.1812500 seconds
204.550: [GC [PSYoungGen: 105564K->7424K(105472K)] 125207K->27351K(152064K), 0.0022690 secs] [Times: user=0.01 sys=0.00, real=0.00 secs] 
204.552: Total time for which application threads were stopped: 0.0024100 seconds, Stopping threads took: 0.0000680 seconds
204.735: Application time: 0.1827890 seconds
204.736: [GC [PSYoungGen: 105131K->5376K(99840K)] 125058K->26327K(146432K), 0.0017790 secs] [Times: user=0.01 sys=0.00, real=0.00 secs] 
204.738: Total time for which application threads were stopped: 0.0034120 seconds, Stopping threads took: 0.0015470 seconds
204.918: Application time: 0.1802240 seconds
204.918: [GC [PSYoungGen: 99328K->5408K(96768K)] 120279K->26359K(143360K), 0.0017990 secs] [Times: user=0.01 sys=0.00, real=0.00 secs] 
204.920: Total time for which application threads were stopped: 0.0019660 seconds, Stopping threads took: 0.0000930 seconds
205.084: Application time: 0.1636780 seconds
205.084: [GC [PSYoungGen: 95948K->7568K(95744K)] 116899K->28595K(142336K), 0.0020500 secs] [Times: user=0.02 sys=0.00, real=0.01 secs] 
205.086: Total time for which application threads were stopped: 0.0021900 seconds, Stopping threads took: 0.0000640 seconds
205.254: Application time: 0.1677780 seconds
205.254: [GC [PSYoungGen: 95632K->5376K(90624K)] 116659K->26619K(137216K), 0.0018170 secs] [Times: user=0.01 sys=0.00, real=0.00 secs] 
205.256: Total time for which application threads were stopped: 0.0019670 seconds, Stopping threads took: 0.0000610 seconds
205.414: Application time: 0.1579440 seconds
205.414: [GC [PSYoungGen: 90103K->5344K(88064K)] 111346K->26587K(134656K), 0.0014400 secs] [Times: user=0.01 sys=0.00, real=0.00 secs] 
205.415: Total time for which application threads were stopped: 0.0015800 seconds, Stopping threads took: 0.0000660 seconds
205.565: Application time: 0.1498920 seconds
205.565: [GC [PSYoungGen: 87266K->6400K(86528K)] 108510K->27643K(133120K), 0.0019530 secs] [Times: user=0.01 sys=0.00, real=0.00 secs] 
205.567: Total time for which application threads were stopped: 0.0021060 seconds, Stopping threads took: 0.0000820 seconds
205.716: Application time: 0.1486380 seconds
205.716: [GC [PSYoungGen: 85818K->5552K(90112K)] 107062K->26795K(136704K), 0.0015790 secs] [Times: user=0.01 sys=0.00, real=0.00 secs] 
205.718: Total time for which application threads were stopped: 0.0017700 seconds, Stopping threads took: 0.0001230 seconds
205.877: Application time: 0.1587870 seconds
205.877: [GC [PSYoungGen: 89785K->5376K(93184K)] 111028K->26899K(139776K), 0.0016310 secs] [Times: user=0.01 sys=0.00, real=0.00 secs] 
205.878: Total time for which application threads were stopped: 0.0017760 seconds, Stopping threads took: 0.0000610 seconds
206.035: Application time: 0.1566480 seconds
206.035: [GC [PSYoungGen: 89822K->5376K(87552K)] 111346K->26899K(134144K), 0.0011830 secs] [Times: user=0.01 sys=0.00, real=0.01 secs] 
206.036: Total time for which application threads were stopped: 0.0013240 seconds, Stopping threads took: 0.0000710 seconds
206.182: Application time: 0.1460350 seconds
206.182: [GC [PSYoungGen: 87082K->7424K(87040K)] 108606K->28947K(133632K), 0.0019340 secs] [Times: user=0.02 sys=0.00, real=0.01 secs] 
206.184: Total time for which application threads were stopped: 0.0020860 seconds, Stopping threads took: 0.0000800 seconds
206.340: Application time: 0.1553880 seconds
206.340: [GC [PSYoungGen: 86546K->3520K(80384K)] 108069K->25043K(126976K), 0.0008430 secs] [Times: user=0.00 sys=0.01, real=0.00 secs] 
206.341: Total time for which application threads were stopped: 0.0009700 seconds, Stopping threads took: 0.0000660 seconds
206.483: Application time: 0.1421400 seconds
206.483: [GC [PSYoungGen: 79487K->3280K(77824K)] 101010K->25076K(124416K), 0.0013300 secs] [Times: user=0.00 sys=0.00, real=0.01 secs] 
206.485: Total time for which application threads were stopped: 0.0016850 seconds, Stopping threads took: 0.0000770 seconds
206.620: Application time: 0.1356780 seconds
206.621: [GC [PSYoungGen: 76609K->4288K(76800K)] 98405K->26084K(123392K), 0.0014260 secs] [Times: user=0.01 sys=0.00, real=0.00 secs] 
206.622: Total time for which application threads were stopped: 0.0016520 seconds, Stopping threads took: 0.0001450 seconds
206.756: Application time: 0.1345020 seconds
206.757: [GC [PSYoungGen: 76480K->4352K(74752K)] 98276K->26148K(121344K), 0.0015030 secs] [Times: user=0.01 sys=0.00, real=0.00 secs] 
206.758: Total time for which application threads were stopped: 0.0016410 seconds, Stopping threads took: 0.0000660 seconds
206.888: Application time: 0.1300560 seconds
206.888: [GC [PSYoungGen: 74032K->2272K(70656K)] 95828K->24068K(117248K), 0.0010300 secs] [Times: user=0.00 sys=0.00, real=0.00 secs] 
206.889: Total time for which application threads were stopped: 0.0011760 seconds, Stopping threads took: 0.0000780 seconds
207.009: Application time: 0.1195840 seconds
207.009: [GC [PSYoungGen: 69823K->6560K(72704K)] 91619K->28356K(119296K), 0.0018230 secs] [Times: user=0.01 sys=0.00, real=0.00 secs] 
207.011: Total time for which application threads were stopped: 0.0019690 seconds, Stopping threads took: 0.0000650 seconds
207.134: Application time: 0.1227590 seconds
207.134: [GC [PSYoungGen: 72547K->7456K(80896K)] 94343K->29424K(127488K), 0.0020200 secs] [Times: user=0.02 sys=0.00, real=0.00 secs] 
207.136: Total time for which application threads were stopped: 0.0021560 seconds, Stopping threads took: 0.0000620 seconds
207.270: Application time: 0.1339340 seconds
207.270: [GC [PSYoungGen: 79616K->7392K(81920K)] 101584K->29476K(128512K), 0.0019920 secs] [Times: user=0.01 sys=0.00, real=0.00 secs] 
207.272: Total time for which application threads were stopped: 0.0021250 seconds, Stopping threads took: 0.0000620 seconds
207.406: Application time: 0.1340940 seconds
207.406: [GC [PSYoungGen: 79582K->6400K(96768K)] 101666K->28484K(143360K), 0.0013150 secs] [Times: user=0.01 sys=0.00, real=0.00 secs] 
207.407: Total time for which application threads were stopped: 0.0014420 seconds, Stopping threads took: 0.0000590 seconds
207.575: Application time: 0.1677770 seconds
207.575: [GC [PSYoungGen: 92875K->3296K(96768K)] 114959K->25380K(143360K), 0.0010220 secs] [Times: user=0.01 sys=0.01, real=0.01 secs] 
207.576: Total time for which application threads were stopped: 0.0011600 seconds, Stopping threads took: 0.0000590 seconds
207.727: Application time: 0.1504000 seconds
207.727: [GC [PSYoungGen: 89478K->6608K(114176K)] 111562K->28692K(160768K), 0.0015260 secs] [Times: user=0.00 sys=0.00, real=0.00 secs] 
207.728: Total time for which application threads were stopped: 0.0016680 seconds, Stopping threads took: 0.0000710 seconds
207.925: Application time: 0.1963310 seconds
207.925: [GC [PSYoungGen: 110555K->6400K(107520K)] 132639K->28764K(154112K), 0.0014850 secs] [Times: user=0.01 sys=0.00, real=0.00 secs] 
207.926: Total time for which application threads were stopped: 0.0016310 seconds, Stopping threads took: 0.0000710 seconds
208.115: Application time: 0.1884090 seconds
208.115: [GC [PSYoungGen: 106628K->4352K(102912K)] 128992K->26716K(149504K), 0.0011660 secs] [Times: user=0.00 sys=0.01, real=0.01 secs] 
208.116: Total time for which application threads were stopped: 0.0013210 seconds, Stopping threads took: 0.0000790 seconds
208.286: Application time: 0.1696130 seconds
208.286: [GC [PSYoungGen: 101631K->7424K(101376K)] 123995K->29788K(147968K), 0.0021640 secs] [Times: user=0.02 sys=0.00, real=0.00 secs] 
208.288: Total time for which application threads were stopped: 0.0023380 seconds, Stopping threads took: 0.0000870 seconds
208.470: Application time: 0.1815460 seconds
208.470: [GC [PSYoungGen: 100579K->6608K(97280K)] 122943K->28980K(143872K), 0.0018720 secs] [Times: user=0.01 sys=0.00, real=0.00 secs] 
208.472: Total time for which application threads were stopped: 0.0020250 seconds, Stopping threads took: 0.0000790 seconds
208.639: Application time: 0.1673160 seconds
208.639: [GC [PSYoungGen: 97232K->4352K(92160K)] 119604K->27001K(138752K), 0.0015320 secs] [Times: user=0.01 sys=0.00, real=0.00 secs] 
208.641: Total time for which application threads were stopped: 0.0016860 seconds, Stopping threads took: 0.0000770 seconds
208.807: Application time: 0.1667380 seconds
208.808: [GC [PSYoungGen: 90993K->3328K(91136K)] 113642K->25977K(137728K), 0.0010740 secs] [Times: user=0.01 sys=0.00, real=0.00 secs] 
208.809: Total time for which application threads were stopped: 0.0018640 seconds, Stopping threads took: 0.0007190 seconds
208.958: Application time: 0.1489100 seconds
208.958: [GC [PSYoungGen: 87319K->7360K(89600K)] 109968K->30009K(136192K), 0.0021150 secs] [Times: user=0.01 sys=0.00, real=0.00 secs] 
208.961: Total time for which application threads were stopped: 0.0023060 seconds, Stopping threads took: 0.0001180 seconds
209.113: Application time: 0.1525730 seconds
209.113: [GC [PSYoungGen: 89109K->6640K(87040K)] 111758K->29289K(133632K), 0.0019400 secs] [Times: user=0.01 sys=0.00, real=0.00 secs] 
209.115: Total time for which application threads were stopped: 0.0020730 seconds, Stopping threads took: 0.0000610 seconds
209.264: Application time: 0.1490280 seconds
209.264: [GC [PSYoungGen: 85885K->5344K(89600K)] 108534K->28265K(136192K), 0.0015820 secs] [Times: user=0.01 sys=0.00, real=0.00 secs] 
209.266: Total time for which application threads were stopped: 0.0017240 seconds, Stopping threads took: 0.0000610 seconds
209.411: Application time: 0.1455200 seconds
209.412: [GC [PSYoungGen: 84151K->6400K(104960K)] 107072K->29321K(151552K), 0.0015010 secs] [Times: user=0.00 sys=0.01, real=0.00 secs] 
209.413: Total time for which application threads were stopped: 0.0016450 seconds, Stopping threads took: 0.0000750 seconds
209.587: Application time: 0.1740230 seconds
209.587: [GC [PSYoungGen: 100998K->6400K(104960K)] 123920K->29321K(151552K), 0.0017720 secs] [Times: user=0.01 sys=0.01, real=0.00 secs] 
209.589: Total time for which application threads were stopped: 0.0019380 seconds, Stopping threads took: 0.0000940 seconds
209.766: Application time: 0.1767520 seconds
209.766: [GC [PSYoungGen: 101376K->5584K(97792K)] 124298K->28505K(144384K), 0.0013430 secs] [Times: user=0.01 sys=0.00, real=0.00 secs] 
209.767: Total time for which application threads were stopped: 0.0014990 seconds, Stopping threads took: 0.0000800 seconds
209.940: Application time: 0.1728230 seconds
209.940: [GC [PSYoungGen: 96939K->3264K(92672K)] 119860K->26445K(139264K), 0.0011880 secs] [Times: user=0.01 sys=0.00, real=0.00 secs] 
209.941: Total time for which application threads were stopped: 0.0013260 seconds, Stopping threads took: 0.0000680 seconds
210.102: Application time: 0.1607370 seconds
210.102: [GC [PSYoungGen: 92073K->5344K(91648K)] 115255K->28525K(138240K), 0.0012180 secs] [Times: user=0.01 sys=0.00, real=0.00 secs] 
210.104: Total time for which application threads were stopped: 0.0013590 seconds, Stopping threads took: 0.0000700 seconds
210.264: Application time: 0.1606340 seconds
210.264: [GC [PSYoungGen: 90945K->7424K(90624K)] 114127K->30605K(137216K), 0.0021510 secs] [Times: user=0.01 sys=0.00, real=0.00 secs] 
210.266: Total time for which application threads were stopped: 0.0022950 seconds, Stopping threads took: 0.0000700 seconds
210.418: Application time: 0.1514780 seconds
210.418: [GC [PSYoungGen: 89636K->4560K(84992K)] 112817K->28765K(131584K), 0.0015890 secs] [Times: user=0.01 sys=0.00, real=0.00 secs] 
210.420: Total time for which application threads were stopped: 0.0017390 seconds, Stopping threads took: 0.0000700 seconds
210.569: Application time: 0.1490000 seconds
210.569: [GC [PSYoungGen: 84709K->6432K(84480K)] 108914K->30882K(131072K), 0.0019570 secs] [Times: user=0.02 sys=0.00, real=0.00 secs] 
210.571: Total time for which application threads were stopped: 0.0021120 seconds, Stopping threads took: 0.0000830 seconds
210.713: Application time: 0.1421460 seconds
210.713: [GC [PSYoungGen: 84171K->5312K(100864K)] 108621K->29802K(147456K), 0.0015470 secs] [Times: user=0.01 sys=0.00, real=0.00 secs] 
210.715: Total time for which application threads were stopped: 0.0017030 seconds, Stopping threads took: 0.0000780 seconds
210.892: Application time: 0.1775970 seconds
210.892: [GC [PSYoungGen: 98049K->3296K(94208K)] 122539K->27786K(140800K), 0.0010530 secs] [Times: user=0.01 sys=0.00, real=0.00 secs] 
210.893: Total time for which application threads were stopped: 0.0012010 seconds, Stopping threads took: 0.0000690 seconds
211.055: Application time: 0.1620070 seconds
211.056: [GC [PSYoungGen: 93832K->6512K(94208K)] 118322K->31002K(140800K), 0.0019400 secs] [Times: user=0.01 sys=0.00, real=0.01 secs] 
211.058: Total time for which application threads were stopped: 0.0020970 seconds, Stopping threads took: 0.0000760 seconds
211.219: Application time: 0.1611390 seconds
211.219: [GC [PSYoungGen: 93299K->5392K(90112K)] 117789K->30070K(136704K), 0.0017640 secs] [Times: user=0.01 sys=0.00, real=0.00 secs] 
211.221: Total time for which application threads were stopped: 0.0019140 seconds, Stopping threads took: 0.0000770 seconds
211.377: Application time: 0.1565580 seconds
211.377: [GC [PSYoungGen: 89142K->5376K(87552K)] 113820K->30170K(134144K), 0.0016520 secs] [Times: user=0.01 sys=0.00, real=0.00 secs] 
211.379: Total time for which application threads were stopped: 0.0017900 seconds, Stopping threads took: 0.0000660 seconds
211.528: Application time: 0.1489440 seconds
211.528: [GC [PSYoungGen: 86694K->6368K(90624K)] 111488K->31162K(137216K), 0.0018320 secs] [Times: user=0.01 sys=0.00, real=0.00 secs] 
211.530: Total time for which application threads were stopped: 0.0019980 seconds, Stopping threads took: 0.0000900 seconds
211.677: Application time: 0.1466720 seconds
211.677: [GC [PSYoungGen: 87367K->6416K(86016K)] 112162K->31210K(132608K), 0.0014140 secs] [Times: user=0.01 sys=0.00, real=0.00 secs] 
211.678: Total time for which application threads were stopped: 0.0015580 seconds, Stopping threads took: 0.0000650 seconds
211.825: Application time: 0.1471990 seconds
211.826: [GC [PSYoungGen: 84968K->6592K(101888K)] 109763K->31426K(148480K), 0.0017270 secs] [Times: user=0.01 sys=0.00, real=0.00 secs] 
211.827: Total time for which application threads were stopped: 0.0019140 seconds, Stopping threads took: 0.0001170 seconds
212.002: Application time: 0.1748150 seconds
212.002: [GC [PSYoungGen: 101570K->6368K(103936K)] 126404K->31434K(150528K), 0.0017400 secs] [Times: user=0.01 sys=0.00, real=0.00 secs] 
212.004: Total time for which application threads were stopped: 0.0018870 seconds, Stopping threads took: 0.0000710 seconds
212.183: Application time: 0.1793530 seconds
212.183: [GC [PSYoungGen: 101073K->5376K(97792K)] 126140K->30442K(144384K), 0.0016690 secs] [Times: user=0.01 sys=0.00, real=0.01 secs] 
212.185: Total time for which application threads were stopped: 0.0018260 seconds, Stopping threads took: 0.0000770 seconds
212.357: Application time: 0.1717470 seconds
212.357: [GC [PSYoungGen: 96983K->6400K(95744K)] 122050K->31466K(142336K), 0.0017160 secs] [Times: user=0.01 sys=0.00, real=0.00 secs] 
212.359: Total time for which application threads were stopped: 0.0018840 seconds, Stopping threads took: 0.0000960 seconds
212.520: Application time: 0.1611540 seconds
212.520: [GC [PSYoungGen: 95000K->6560K(99328K)] 120066K->31666K(145920K), 0.0018750 secs] [Times: user=0.02 sys=0.00, real=0.00 secs] 
212.522: Total time for which application threads were stopped: 0.0020280 seconds, Stopping threads took: 0.0000800 seconds
212.690: Application time: 0.1678900 seconds
212.690: [GC [PSYoungGen: 96718K->5344K(93696K)] 121825K->30695K(140288K), 0.0013390 secs] [Times: user=0.00 sys=0.00, real=0.00 secs] 
212.691: Total time for which application threads were stopped: 0.0015010 seconds, Stopping threads took: 0.0000850 seconds
212.855: Application time: 0.1640870 seconds
212.856: [GC [PSYoungGen: 92459K->6368K(91648K)] 117810K->31719K(138240K), 0.0017510 secs] [Times: user=0.00 sys=0.01, real=0.01 secs] 
212.857: Total time for which application threads were stopped: 0.0018850 seconds, Stopping threads took: 0.0000640 seconds
213.016: Application time: 0.1590830 seconds
213.017: [GC [PSYoungGen: 90765K->4288K(87040K)] 116116K->31687K(133632K), 0.0016010 secs] [Times: user=0.01 sys=0.00, real=0.00 secs] 
213.018: Total time for which application threads were stopped: 0.0017430 seconds, Stopping threads took: 0.0000780 seconds
213.166: Application time: 0.1480400 seconds
213.166: [GC [PSYoungGen: 86227K->6624K(107520K)] 113626K->34023K(154112K), 0.0018810 secs] [Times: user=0.01 sys=0.00, real=0.00 secs] 
213.168: Total time for which application threads were stopped: 0.0020720 seconds, Stopping threads took: 0.0001130 seconds
213.354: Application time: 0.1853150 seconds
213.356: [GC [PSYoungGen: 104949K->6400K(108544K)] 132348K->34079K(155136K), 0.0019370 secs] [Times: user=0.01 sys=0.00, real=0.00 secs] 
213.358: Total time for which application threads were stopped: 0.0045810 seconds, Stopping threads took: 0.0025590 seconds
213.542: Application time: 0.1837850 seconds
213.542: [GC [PSYoungGen: 105409K->5376K(101888K)] 133088K->33055K(148480K), 0.0017220 secs] [Times: user=0.01 sys=0.00, real=0.00 secs] 
213.544: Total time for which application threads were stopped: 0.0018700 seconds, Stopping threads took: 0.0000690 seconds
213.719: Application time: 0.1752510 seconds
213.719: [GC [PSYoungGen: 101198K->6416K(99840K)] 128877K->34095K(146432K), 0.0019050 secs] [Times: user=0.00 sys=0.00, real=0.00 secs] 
213.721: Total time for which application threads were stopped: 0.0020740 seconds, Stopping threads took: 0.0000960 seconds
213.895: Application time: 0.1741610 seconds
213.896: [GC [PSYoungGen: 98988K->5568K(95744K)] 126667K->33295K(142336K), 0.0018160 secs] [Times: user=0.01 sys=0.00, real=0.00 secs] 
213.898: Total time for which application threads were stopped: 0.0026790 seconds, Stopping threads took: 0.0007820 seconds
214.061: Application time: 0.1628480 seconds
214.061: [GC [PSYoungGen: 95286K->4352K(91648K)] 123014K->33347K(138240K), 0.0016050 secs] [Times: user=0.01 sys=0.00, real=0.00 secs] 
214.063: Total time for which application threads were stopped: 0.0017550 seconds, Stopping threads took: 0.0000810 seconds
214.225: Application time: 0.1628160 seconds
214.226: [GC [PSYoungGen: 91392K->5376K(89600K)] 120387K->34371K(136192K), 0.0017830 secs] [Times: user=0.01 sys=0.00, real=0.00 secs] 
214.227: Total time for which application threads were stopped: 0.0019480 seconds, Stopping threads took: 0.0000910 seconds
214.381: Application time: 0.1536180 seconds
214.381: [GC [PSYoungGen: 88939K->5392K(87040K)] 117934K->34387K(133632K), 0.0015820 secs] [Times: user=0.01 sys=0.00, real=0.00 secs] 
214.383: Total time for which application threads were stopped: 0.0017280 seconds, Stopping threads took: 0.0000770 seconds
214.533: Application time: 0.1499280 seconds
214.533: [GC [PSYoungGen: 86188K->5568K(84480K)] 115184K->34611K(131072K), 0.0017560 secs] [Times: user=0.01 sys=0.00, real=0.00 secs] 
214.535: Total time for which application threads were stopped: 0.0019050 seconds, Stopping threads took: 0.0000670 seconds
214.681: Application time: 0.1459450 seconds
214.681: [GC [PSYoungGen: 83541K->4368K(80896K)] 112585K->34672K(127488K), 0.0015030 secs] [Times: user=0.01 sys=0.00, real=0.00 secs] 
214.682: Total time for which application threads were stopped: 0.0016520 seconds, Stopping threads took: 0.0000740 seconds
214.820: Application time: 0.1380230 seconds
214.820: [GC [PSYoungGen: 79846K->6400K(88064K)] 110150K->36704K(134656K), 0.0017980 secs] [Times: user=0.01 sys=0.00, real=0.00 secs] 
214.822: Total time for which application threads were stopped: 0.0019400 seconds, Stopping threads took: 0.0000710 seconds
214.971: Application time: 0.1488150 seconds
214.971: [GC [PSYoungGen: 86521K->4352K(82432K)] 116825K->34656K(129024K), 0.0009910 secs] [Times: user=0.01 sys=0.00, real=0.00 secs] 
214.972: Total time for which application threads were stopped: 0.0011330 seconds, Stopping threads took: 0.0000680 seconds
215.117: Application time: 0.1453000 seconds
215.118: [GC [PSYoungGen: 81713K->6512K(96256K)] 112017K->36816K(142848K), 0.0018160 secs] [Times: user=0.01 sys=0.00, real=0.00 secs] 
215.119: Total time for which application threads were stopped: 0.0019790 seconds, Stopping threads took: 0.0000760 seconds
215.280: Application time: 0.1602230 seconds
215.280: [GC [PSYoungGen: 94525K->5440K(91136K)] 124829K->35896K(137728K), 0.0013630 secs] [Times: user=0.00 sys=0.01, real=0.00 secs] 
215.281: Total time for which application threads were stopped: 0.0015090 seconds, Stopping threads took: 0.0000780 seconds
215.436: Application time: 0.1552860 seconds
215.437: [GC [PSYoungGen: 89981K->7424K(99840K)] 120437K->38028K(146432K), 0.0019520 secs] [Times: user=0.01 sys=0.00, real=0.00 secs] 
215.439: Total time for which application threads were stopped: 0.0020900 seconds, Stopping threads took: 0.0000650 seconds
215.611: Application time: 0.1725140 seconds
215.611: [GC [PSYoungGen: 99030K->7424K(110592K)] 129634K->38028K(157184K), 0.0016640 secs] [Times: user=0.00 sys=0.01, real=0.00 secs] 
215.613: Total time for which application threads were stopped: 0.0018230 seconds, Stopping threads took: 0.0000880 seconds
215.803: Application time: 0.1899940 seconds
215.803: [GC [PSYoungGen: 109402K->5472K(104448K)] 140006K->36076K(151040K), 0.0016370 secs] [Times: user=0.01 sys=0.00, real=0.01 secs] 
215.805: Total time for which application threads were stopped: 0.0018040 seconds, Stopping threads took: 0.0000890 seconds
215.983: Application time: 0.1784650 seconds
215.983: [GC [PSYoungGen: 103584K->6480K(101888K)] 134188K->37224K(148480K), 0.0017720 secs] [Times: user=0.01 sys=0.00, real=0.01 secs] 
215.985: Total time for which application threads were stopped: 0.0019360 seconds, Stopping threads took: 0.0000910 seconds
216.166: Application time: 0.1813210 seconds
216.167: [GC [PSYoungGen: 101712K->4320K(96768K)] 132456K->35192K(143360K), 0.0014840 secs] [Times: user=0.01 sys=0.00, real=0.00 secs] 
216.168: Total time for which application threads were stopped: 0.0016300 seconds, Stopping threads took: 0.0000750 seconds
216.337: Application time: 0.1688950 seconds
216.337: [GC [PSYoungGen: 96475K->5376K(94720K)] 127348K->36248K(141312K), 0.0015750 secs] [Times: user=0.01 sys=0.00, real=0.00 secs] 
216.339: Total time for which application threads were stopped: 0.0017420 seconds, Stopping threads took: 0.0000830 seconds
216.504: Application time: 0.1653530 seconds
216.504: [GC [PSYoungGen: 94295K->4528K(90624K)] 125168K->35400K(137216K), 0.0014810 secs] [Times: user=0.01 sys=0.00, real=0.00 secs] 
216.506: Total time for which application threads were stopped: 0.0016320 seconds, Stopping threads took: 0.0000800 seconds
216.661: Application time: 0.1549890 seconds
216.661: [GC [PSYoungGen: 90012K->5392K(88576K)] 120885K->36473K(135168K), 0.0016250 secs] [Times: user=0.01 sys=0.00, real=0.00 secs] 
216.662: Total time for which application threads were stopped: 0.0017730 seconds, Stopping threads took: 0.0000740 seconds
216.817: Application time: 0.1544120 seconds
216.817: [GC [PSYoungGen: 87997K->5376K(86016K)] 119077K->36537K(132608K), 0.0017990 secs] [Times: user=0.01 sys=0.00, real=0.00 secs] 
216.819: Total time for which application threads were stopped: 0.0019440 seconds, Stopping threads took: 0.0000710 seconds
216.968: Application time: 0.1490090 seconds
216.968: [GC [PSYoungGen: 85505K->5376K(83456K)] 116666K->37561K(130048K), 0.0017760 secs] [Times: user=0.01 sys=0.00, real=0.00 secs] 
216.970: Total time for which application threads were stopped: 0.0019310 seconds, Stopping threads took: 0.0000650 seconds
217.112: Application time: 0.1421200 seconds
217.112: [GC [PSYoungGen: 82280K->4336K(79872K)] 114465K->36521K(126464K), 0.0014800 secs] [Times: user=0.01 sys=0.00, real=0.00 secs] 
217.113: Total time for which application threads were stopped: 0.0016330 seconds, Stopping threads took: 0.0000820 seconds
217.251: Application time: 0.1375120 seconds
217.251: [GC [PSYoungGen: 79405K->5552K(78336K)] 111590K->37809K(124928K), 0.0015890 secs] [Times: user=0.00 sys=0.00, real=0.00 secs] 
217.253: Total time for which application threads were stopped: 0.0017330 seconds, Stopping threads took: 0.0000680 seconds
217.387: Application time: 0.1339450 seconds
217.387: [GC [PSYoungGen: 77777K->5392K(83456K)] 110034K->37865K(130048K), 0.0016290 secs] [Times: user=0.01 sys=0.00, real=0.00 secs] 
217.388: Total time for which application threads were stopped: 0.0017750 seconds, Stopping threads took: 0.0000670 seconds
217.528: Application time: 0.1395370 seconds
217.528: [GC [PSYoungGen: 81021K->6400K(95232K)] 113494K->38873K(141824K), 0.0014060 secs] [Times: user=0.01 sys=0.00, real=0.00 secs] 
217.530: Total time for which application threads were stopped: 0.0015850 seconds, Stopping threads took: 0.0000920 seconds
217.693: Application time: 0.1638520 seconds
217.694: [GC [PSYoungGen: 93326K->5376K(90112K)] 125800K->37849K(136704K), 0.0015740 secs] [Times: user=0.01 sys=0.00, real=0.00 secs] 
217.695: Total time for which application threads were stopped: 0.0017100 seconds, Stopping threads took: 0.0000630 seconds
217.848: Application time: 0.1531460 seconds
217.848: [GC [PSYoungGen: 89228K->6512K(92160K)] 121701K->38985K(138752K), 0.0017530 secs] [Times: user=0.01 sys=0.00, real=0.00 secs] 
217.850: Total time for which application threads were stopped: 0.0018990 seconds, Stopping threads took: 0.0000760 seconds
218.002: Application time: 0.1521120 seconds
218.002: [GC [PSYoungGen: 91291K->6464K(93184K)] 123764K->39105K(139776K), 0.0019630 secs] [Times: user=0.01 sys=0.01, real=0.01 secs] 
218.004: Total time for which application threads were stopped: 0.0021230 seconds, Stopping threads took: 0.0000830 seconds
218.171: Application time: 0.1664290 seconds
218.171: [GC [PSYoungGen: 91348K->3296K(86528K)] 123990K->36049K(133120K), 0.0009170 secs] [Times: user=0.00 sys=0.00, real=0.00 secs] 
218.172: Total time for which application threads were stopped: 0.0010900 seconds, Stopping threads took: 0.0000940 seconds
218.321: Application time: 0.1487290 seconds
218.321: [GC [PSYoungGen: 85408K->5376K(86016K)] 118162K->38129K(132608K), 0.0014910 secs] [Times: user=0.01 sys=0.00, real=0.00 secs] 
218.322: Total time for which application threads were stopped: 0.0016490 seconds, Stopping threads took: 0.0000880 seconds
218.470: Application time: 0.1476740 seconds
218.472: [GC [PSYoungGen: 85736K->5408K(83456K)] 118490K->38161K(130048K), 0.0012600 secs] [Times: user=0.01 sys=0.00, real=0.00 secs] 
218.474: Total time for which application threads were stopped: 0.0034940 seconds, Stopping threads took: 0.0021660 seconds
218.615: Application time: 0.1413890 seconds
218.615: [GC [PSYoungGen: 82631K->7584K(101376K)] 115385K->40413K(147968K), 0.0021730 secs] [Times: user=0.01 sys=0.00, real=0.01 secs] 
218.617: Total time for which application threads were stopped: 0.0023370 seconds, Stopping threads took: 0.0000850 seconds
218.795: Application time: 0.1775940 seconds
218.795: [GC [PSYoungGen: 101280K->7424K(101376K)] 134109K->40466K(147968K), 0.0021620 secs] [Times: user=0.01 sys=0.01, real=0.01 secs] 
218.797: Total time for which application threads were stopped: 0.0023100 seconds, Stopping threads took: 0.0000630 seconds
218.966: Application time: 0.1687980 seconds
218.966: [GC [PSYoungGen: 100561K->5312K(101888K)] 133603K->38354K(148480K), 0.0014700 secs] [Times: user=0.01 sys=0.00, real=0.00 secs] 
218.968: Total time for which application threads were stopped: 0.0016380 seconds, Stopping threads took: 0.0000950 seconds
219.144: Application time: 0.1760140 seconds
219.144: [GC [PSYoungGen: 98496K->4400K(94720K)] 131538K->37442K(141312K), 0.0010650 secs] [Times: user=0.00 sys=0.01, real=0.01 secs] 
219.145: Total time for which application threads were stopped: 0.0012300 seconds, Stopping threads took: 0.0001000 seconds
219.304: Application time: 0.1593480 seconds
219.304: [GC [PSYoungGen: 93519K->7552K(94720K)] 126561K->40670K(141312K), 0.0020150 secs] [Times: user=0.01 sys=0.00, real=0.00 secs] 
219.306: Total time for which application threads were stopped: 0.0021590 seconds, Stopping threads took: 0.0000620 seconds
219.473: Application time: 0.1669550 seconds
219.473: [GC [PSYoungGen: 93935K->5376K(89600K)] 127053K->39734K(136192K), 0.0014850 secs] [Times: user=0.01 sys=0.00, real=0.00 secs] 
219.475: Total time for which application threads were stopped: 0.0016190 seconds, Stopping threads took: 0.0000650 seconds
219.625: Application time: 0.1504950 seconds
219.626: [GC [PSYoungGen: 88857K->6368K(107520K)] 123215K->40726K(154112K), 0.0020730 secs] [Times: user=0.01 sys=0.00, real=0.00 secs] 
219.628: Total time for which application threads were stopped: 0.0022290 seconds, Stopping threads took: 0.0000810 seconds
219.816: Application time: 0.1888460 seconds
219.819: [GC [PSYoungGen: 106921K->4368K(101888K)] 141280K->38726K(148480K), 0.0014510 secs] [Times: user=0.01 sys=0.00, real=0.00 secs] 
219.820: Total time for which application threads were stopped: 0.0038830 seconds, Stopping threads took: 0.0023550 seconds
220.000: Application time: 0.1792500 seconds
220.000: [GC [PSYoungGen: 101552K->3456K(97280K)] 135910K->37898K(143872K), 0.0012660 secs] [Times: user=0.01 sys=0.00, real=0.00 secs] 
220.001: Total time for which application threads were stopped: 0.0014030 seconds, Stopping threads took: 0.0000710 seconds
220.169: Application time: 0.1682710 seconds
220.169: [GC [PSYoungGen: 96337K->7424K(98304K)] 130779K->42078K(144896K), 0.0022360 secs] [Times: user=0.02 sys=0.00, real=0.00 secs] 
220.172: Total time for which application threads were stopped: 0.0023810 seconds, Stopping threads took: 0.0000710 seconds
220.345: Application time: 0.1729250 seconds
220.345: [GC [PSYoungGen: 97592K->4320K(92160K)] 132247K->38974K(138752K), 0.0014410 secs] [Times: user=0.01 sys=0.00, real=0.00 secs] 
220.346: Total time for which application threads were stopped: 0.0016030 seconds, Stopping threads took: 0.0000800 seconds
220.505: Application time: 0.1592680 seconds
220.508: [GC [PSYoungGen: 91673K->6432K(91136K)] 126327K->41086K(137728K), 0.0018740 secs] [Times: user=0.01 sys=0.00, real=0.00 secs] 
220.510: Total time for which application threads were stopped: 0.0046170 seconds, Stopping threads took: 0.0026690 seconds
220.660: Application time: 0.1499050 seconds
220.660: [GC [PSYoungGen: 90871K->7584K(94208K)] 125526K->42314K(140800K), 0.0022190 secs] [Times: user=0.01 sys=0.00, real=0.00 secs] 
220.662: Total time for which application threads were stopped: 0.0023720 seconds, Stopping threads took: 0.0000710 seconds
220.827: Application time: 0.1641820 seconds
220.827: [GC [PSYoungGen: 91806K->5376K(111616K)] 126536K->40323K(158208K), 0.0013580 secs] [Times: user=0.01 sys=0.00, real=0.00 secs] 
220.828: Total time for which application threads were stopped: 0.0015070 seconds, Stopping threads took: 0.0000800 seconds
221.015: Application time: 0.1873920 seconds
221.016: [GC [PSYoungGen: 107264K->3296K(101888K)] 142211K->38243K(148480K), 0.0010180 secs] [Times: user=0.00 sys=0.01, real=0.01 secs] 
221.017: Total time for which application threads were stopped: 0.0011700 seconds, Stopping threads took: 0.0000760 seconds
221.192: Application time: 0.1754700 seconds
221.192: [GC [PSYoungGen: 100810K->7488K(102400K)] 135757K->42435K(148992K), 0.0019300 secs] [Times: user=0.01 sys=0.00, real=0.00 secs] 
221.194: Total time for which application threads were stopped: 0.0020800 seconds, Stopping threads took: 0.0000770 seconds
221.374: Application time: 0.1794630 seconds
221.374: [GC [PSYoungGen: 102032K->5488K(97280K)] 136979K->40511K(143872K), 0.0018190 secs] [Times: user=0.01 sys=0.00, real=0.00 secs] 
221.376: Total time for which application threads were stopped: 0.0019750 seconds, Stopping threads took: 0.0000790 seconds
221.535: Application time: 0.1597100 seconds
221.535: [GC [PSYoungGen: 96232K->7424K(96256K)] 131255K->42659K(142848K), 0.0020690 secs] [Times: user=0.02 sys=0.00, real=0.01 secs] 
221.538: Total time for which application threads were stopped: 0.0022220 seconds, Stopping threads took: 0.0000720 seconds
221.710: Application time: 0.1725270 seconds
221.710: [GC [PSYoungGen: 95992K->5344K(91136K)] 131228K->40579K(137728K), 0.0017630 secs] [Times: user=0.01 sys=0.00, real=0.00 secs] 
221.712: Total time for which application threads were stopped: 0.0019060 seconds, Stopping threads took: 0.0000660 seconds
221.865: Application time: 0.1525250 seconds
221.865: [GC [PSYoungGen: 90046K->6432K(94720K)] 125282K->41667K(141312K), 0.0018160 secs] [Times: user=0.01 sys=0.00, real=0.00 secs] 
221.867: Total time for which application threads were stopped: 0.0019820 seconds, Stopping threads took: 0.0000870 seconds
222.027: Application time: 0.1600700 seconds
222.027: [GC [PSYoungGen: 92075K->4464K(87552K)] 127310K->39783K(134144K), 0.0014070 secs] [Times: user=0.01 sys=0.00, real=0.00 secs] 
222.028: Total time for which application threads were stopped: 0.0015420 seconds, Stopping threads took: 0.0000680 seconds
222.182: Application time: 0.1535470 seconds
222.182: [GC [PSYoungGen: 86450K->5376K(86016K)] 121769K->40895K(132608K), 0.0017650 secs] [Times: user=0.01 sys=0.00, real=0.00 secs] 
222.184: Total time for which application threads were stopped: 0.0019530 seconds, Stopping threads took: 0.0001020 seconds
222.331: Application time: 0.1477340 seconds
222.331: [GC [PSYoungGen: 85584K->5376K(83456K)] 121103K->40895K(130048K), 0.0016250 secs] [Times: user=0.01 sys=0.01, real=0.00 secs] 
222.333: Total time for which application threads were stopped: 0.0017770 seconds, Stopping threads took: 0.0000800 seconds
222.474: Application time: 0.1408190 seconds
222.474: [GC [PSYoungGen: 82983K->6400K(86528K)] 118502K->41919K(133120K), 0.0017830 secs] [Times: user=0.01 sys=0.00, real=0.00 secs] 
222.476: Total time for which application threads were stopped: 0.0019260 seconds, Stopping threads took: 0.0000670 seconds
222.614: Application time: 0.1385440 seconds
222.615: [GC [PSYoungGen: 83428K->7584K(86528K)] 118948K->43103K(133120K), 0.0021940 secs] [Times: user=0.02 sys=0.00, real=0.01 secs] 
222.617: Total time for which application threads were stopped: 0.0023450 seconds, Stopping threads took: 0.0000730 seconds
222.759: Application time: 0.1421040 seconds
222.759: [GC [PSYoungGen: 85230K->7456K(102912K)] 120750K->43196K(149504K), 0.0017710 secs] [Times: user=0.00 sys=0.01, real=0.00 secs] 
222.761: Total time for which application threads were stopped: 0.0019350 seconds, Stopping threads took: 0.0000820 seconds
222.942: Application time: 0.1810200 seconds
222.942: [GC [PSYoungGen: 100607K->4320K(102912K)] 136347K->40148K(149504K), 0.0011220 secs] [Times: user=0.00 sys=0.00, real=0.00 secs] 
222.943: Total time for which application threads were stopped: 0.0012530 seconds, Stopping threads took: 0.0000600 seconds
223.119: Application time: 0.1754030 seconds
223.119: [GC [PSYoungGen: 97834K->3328K(94208K)] 133662K->39156K(140800K), 0.0008470 secs] [Times: user=0.00 sys=0.00, real=0.00 secs] 
223.120: Total time for which application threads were stopped: 0.0009930 seconds, Stopping threads took: 0.0000810 seconds
223.284: Application time: 0.1643470 seconds
223.284: [GC [PSYoungGen: 93202K->5536K(93184K)] 129030K->41364K(139776K), 0.0016570 secs] [Times: user=0.01 sys=0.00, real=0.01 secs] 
223.286: Total time for which application threads were stopped: 0.0018030 seconds, Stopping threads took: 0.0000640 seconds
223.446: Application time: 0.1600800 seconds
223.446: [GC [PSYoungGen: 93024K->4368K(89088K)] 128852K->40408K(135680K), 0.0011210 secs] [Times: user=0.01 sys=0.00, real=0.00 secs] 
223.447: Total time for which application threads were stopped: 0.0012590 seconds, Stopping threads took: 0.0000710 seconds
223.602: Application time: 0.1553940 seconds
223.603: [GC [PSYoungGen: 88384K->7424K(89600K)] 124424K->43532K(136192K), 0.0021010 secs] [Times: user=0.01 sys=0.00, real=0.01 secs] 
223.605: Total time for which application threads were stopped: 0.0022430 seconds, Stopping threads took: 0.0000680 seconds
223.759: Application time: 0.1541950 seconds
223.759: [GC [PSYoungGen: 88815K->4368K(83968K)] 124923K->40476K(130560K), 0.0011950 secs] [Times: user=0.00 sys=0.01, real=0.00 secs] 
223.760: Total time for which application threads were stopped: 0.0013280 seconds, Stopping threads took: 0.0000600 seconds
223.901: Application time: 0.1404040 seconds
223.901: [GC [PSYoungGen: 83191K->6432K(83456K)] 119299K->42540K(130048K), 0.0019200 secs] [Times: user=0.01 sys=0.00, real=0.00 secs] 
223.903: Total time for which application threads were stopped: 0.0020790 seconds, Stopping threads took: 0.0000750 seconds
224.043: Application time: 0.1399110 seconds
224.043: [GC [PSYoungGen: 82365K->7568K(97792K)] 118473K->43760K(144384K), 0.0021310 secs] [Times: user=0.01 sys=0.00, real=0.01 secs] 
224.045: Total time for which application threads were stopped: 0.0023080 seconds, Stopping threads took: 0.0001020 seconds
224.216: Application time: 0.1712440 seconds
224.216: [GC [PSYoungGen: 97122K->7392K(99840K)] 133315K->43788K(146432K), 0.0022180 secs] [Times: user=0.01 sys=0.00, real=0.00 secs] 
224.218: Total time for which application threads were stopped: 0.0023600 seconds, Stopping threads took: 0.0000660 seconds
224.381: Application time: 0.1627010 seconds
224.381: [GC [PSYoungGen: 97258K->7424K(117760K)] 133654K->43820K(164352K), 0.0016850 secs] [Times: user=0.02 sys=0.00, real=0.00 secs] 
224.383: Total time for which application threads were stopped: 0.0018740 seconds, Stopping threads took: 0.0001160 seconds
224.585: Application time: 0.2018300 seconds
224.585: [GC [PSYoungGen: 114847K->5376K(109568K)] 151243K->41772K(156160K), 0.0013610 secs] [Times: user=0.01 sys=0.00, real=0.00 secs] 
224.586: Total time for which application threads were stopped: 0.0015040 seconds, Stopping threads took: 0.0000640 seconds
224.779: Application time: 0.1930180 seconds
224.780: [GC [PSYoungGen: 108993K->6592K(107008K)] 145390K->43072K(153600K), 0.0017400 secs] [Times: user=0.00 sys=0.01, real=0.00 secs] 
224.781: Total time for which application threads were stopped: 0.0019150 seconds, Stopping threads took: 0.0001050 seconds
224.970: Application time: 0.1883940 seconds
224.970: [GC [PSYoungGen: 106927K->4320K(101376K)] 143408K->41009K(147968K), 0.0014420 secs] [Times: user=0.00 sys=0.00, real=0.00 secs] 
224.971: Total time for which application threads were stopped: 0.0015800 seconds, Stopping threads took: 0.0000680 seconds
225.151: Application time: 0.1801710 seconds
225.152: [GC [PSYoungGen: 100102K->1296K(101376K)] 136791K->37985K(147968K), 0.0006610 secs] [Times: user=0.00 sys=0.00, real=0.00 secs] 
225.152: Total time for which application threads were stopped: 0.0008090 seconds, Stopping threads took: 0.0000710 seconds
225.320: Application time: 0.1678210 seconds
225.320: [GC [PSYoungGen: 94557K->5440K(96256K)] 131246K->42129K(142848K), 0.0017640 secs] [Times: user=0.01 sys=0.00, real=0.00 secs] 
225.322: Total time for which application threads were stopped: 0.0019000 seconds, Stopping threads took: 0.0000650 seconds
225.491: Application time: 0.1688610 seconds
225.491: [GC [PSYoungGen: 95692K->3312K(94208K)] 132381K->40201K(140800K), 0.0012330 secs] [Times: user=0.00 sys=0.01, real=0.00 secs] 
225.492: Total time for which application threads were stopped: 0.0013830 seconds, Stopping threads took: 0.0000810 seconds
225.652: Application time: 0.1595120 seconds
225.652: [GC [PSYoungGen: 90316K->5376K(90112K)] 127205K->42345K(136704K), 0.0017040 secs] [Times: user=0.01 sys=0.00, real=0.00 secs] 
225.654: Total time for which application threads were stopped: 0.0018450 seconds, Stopping threads took: 0.0000670 seconds
225.804: Application time: 0.1501590 seconds
225.804: [GC [PSYoungGen: 89349K->7424K(89600K)] 126318K->44393K(136192K), 0.0021620 secs] [Times: user=0.01 sys=0.00, real=0.01 secs] 
225.806: Total time for which application threads were stopped: 0.0023400 seconds, Stopping threads took: 0.0000940 seconds
225.965: Application time: 0.1588390 seconds
225.965: [GC [PSYoungGen: 88607K->5472K(84992K)] 125576K->42441K(131584K), 0.0016820 secs] [Times: user=0.01 sys=0.00, real=0.00 secs] 
225.967: Total time for which application threads were stopped: 0.0018420 seconds, Stopping threads took: 0.0000810 seconds
226.106: Application time: 0.1391110 seconds
226.106: [GC [PSYoungGen: 84383K->7424K(88064K)] 121352K->44529K(134656K), 0.0022320 secs] [Times: user=0.01 sys=0.00, real=0.00 secs] 
226.108: Total time for which application threads were stopped: 0.0023920 seconds, Stopping threads took: 0.0000870 seconds
226.258: Application time: 0.1492580 seconds
226.258: [GC [PSYoungGen: 86272K->5376K(88576K)] 123377K->42625K(135168K), 0.0015720 secs] [Times: user=0.01 sys=0.00, real=0.00 secs] 
226.259: Total time for which application threads were stopped: 0.0017020 seconds, Stopping threads took: 0.0000590 seconds
226.405: Application time: 0.1455090 seconds
226.405: [GC [PSYoungGen: 83554K->4336K(80896K)] 120804K->41585K(127488K), 0.0011390 secs] [Times: user=0.01 sys=0.00, real=0.00 secs] 
226.406: Total time for which application threads were stopped: 0.0013280 seconds, Stopping threads took: 0.0001140 seconds
226.544: Application time: 0.1379280 seconds
226.544: [GC [PSYoungGen: 79785K->6368K(99328K)] 117035K->43617K(145920K), 0.0018640 secs] [Times: user=0.01 sys=0.00, real=0.00 secs] 
226.546: Total time for which application threads were stopped: 0.0020270 seconds, Stopping threads took: 0.0000880 seconds
226.714: Application time: 0.1677110 seconds
226.714: [GC [PSYoungGen: 96366K->6464K(100864K)] 133615K->43713K(147456K), 0.0018130 secs] [Times: user=0.01 sys=0.00, real=0.00 secs] 
226.716: Total time for which application threads were stopped: 0.0019590 seconds, Stopping threads took: 0.0000680 seconds
226.884: Application time: 0.1683710 seconds
226.884: [GC [PSYoungGen: 97761K->6400K(100864K)] 135011K->43893K(147456K), 0.0018020 secs] [Times: user=0.01 sys=0.00, real=0.00 secs] 
226.886: Total time for which application threads were stopped: 0.0019680 seconds, Stopping threads took: 0.0000910 seconds
227.055: Application time: 0.1687780 seconds
227.055: [GC [PSYoungGen: 97670K->7424K(119296K)] 135164K->44958K(165888K), 0.0017690 secs] [Times: user=0.00 sys=0.01, real=0.01 secs] 
227.057: Total time for which application threads were stopped: 0.0019300 seconds, Stopping threads took: 0.0000780 seconds
227.258: Application time: 0.2011550 seconds
227.258: [GC [PSYoungGen: 116842K->7424K(119296K)] 154375K->44958K(165888K), 0.0019130 secs] [Times: user=0.01 sys=0.00, real=0.00 secs] 
227.260: Total time for which application threads were stopped: 0.0020550 seconds, Stopping threads took: 0.0000700 seconds
227.464: Application time: 0.2043560 seconds
227.465: [GC [PSYoungGen: 117485K->7488K(113664K)] 155019K->45070K(160256K), 0.0017100 secs] [Times: user=0.01 sys=0.00, real=0.00 secs] 
227.466: Total time for which application threads were stopped: 0.0018570 seconds, Stopping threads took: 0.0000790 seconds
227.662: Application time: 0.1961450 seconds
227.663: [GC [PSYoungGen: 112629K->5376K(108032K)] 150211K->43210K(154624K), 0.0016290 secs] [Times: user=0.00 sys=0.01, real=0.01 secs] 
227.664: Total time for which application threads were stopped: 0.0017720 seconds, Stopping threads took: 0.0000660 seconds
227.856: Application time: 0.1918250 seconds
227.856: [GC [PSYoungGen: 107054K->4352K(103424K)] 144888K->42186K(150016K), 0.0010000 secs] [Times: user=0.00 sys=0.00, real=0.00 secs] 
227.857: Total time for which application threads were stopped: 0.0011500 seconds, Stopping threads took: 0.0000740 seconds
228.037: Application time: 0.1799190 seconds
228.037: [GC [PSYoungGen: 102849K->6560K(101888K)] 140683K->44394K(148480K), 0.0019670 secs] [Times: user=0.01 sys=0.00, real=0.00 secs] 
228.039: Total time for which application threads were stopped: 0.0021140 seconds, Stopping threads took: 0.0000710 seconds
228.212: Application time: 0.1727360 seconds
228.212: [GC [PSYoungGen: 101205K->7392K(99840K)] 139039K->45422K(146432K), 0.0020620 secs] [Times: user=0.01 sys=0.00, real=0.00 secs] 
228.214: Total time for which application threads were stopped: 0.0022190 seconds, Stopping threads took: 0.0000710 seconds
228.388: Application time: 0.1739130 seconds
228.388: [GC [PSYoungGen: 99011K->5376K(94720K)] 137042K->43470K(141312K), 0.0017270 secs] [Times: user=0.01 sys=0.00, real=0.00 secs] 
228.390: Total time for which application threads were stopped: 0.0018930 seconds, Stopping threads took: 0.0000970 seconds
228.550: Application time: 0.1599660 seconds
228.550: [GC [PSYoungGen: 94177K->6400K(92672K)] 132272K->45518K(139264K), 0.0020360 secs] [Times: user=0.01 sys=0.00, real=0.00 secs] 
228.552: Total time for which application threads were stopped: 0.0022100 seconds, Stopping threads took: 0.0000790 seconds
228.713: Application time: 0.1605770 seconds
228.713: [GC [PSYoungGen: 91949K->6480K(110080K)] 131068K->45598K(156672K), 0.0021700 secs] [Times: user=0.01 sys=0.00, real=0.00 secs] 
228.715: Total time for which application threads were stopped: 0.0023270 seconds, Stopping threads took: 0.0000760 seconds
228.905: Application time: 0.1903400 seconds
228.906: [GC [PSYoungGen: 109201K->4400K(104448K)] 148319K->43730K(151040K), 0.0013500 secs] [Times: user=0.01 sys=0.00, real=0.00 secs] 
228.907: Total time for which application threads were stopped: 0.0015080 seconds, Stopping threads took: 0.0000870 seconds
229.088: Application time: 0.1809800 seconds
229.088: [GC [PSYoungGen: 103557K->6400K(102912K)] 142888K->45806K(149504K), 0.0020510 secs] [Times: user=0.01 sys=0.00, real=0.00 secs] 
229.090: Total time for which application threads were stopped: 0.0021950 seconds, Stopping threads took: 0.0000700 seconds
229.273: Application time: 0.1831560 seconds
229.273: [GC [PSYoungGen: 102656K->4352K(97792K)] 142062K->43758K(144384K), 0.0013270 secs] [Times: user=0.01 sys=0.00, real=0.00 secs] 
229.275: Total time for which application threads were stopped: 0.0014860 seconds, Stopping threads took: 0.0000770 seconds
229.446: Application time: 0.1715930 seconds
229.446: [GC [PSYoungGen: 97424K->4528K(94720K)] 136831K->43983K(141312K), 0.0013890 secs] [Times: user=0.01 sys=0.00, real=0.00 secs] 
229.448: Total time for which application threads were stopped: 0.0015230 seconds, Stopping threads took: 0.0000620 seconds
229.614: Application time: 0.1659220 seconds
229.614: [GC [PSYoungGen: 93892K->4288K(91648K)] 133346K->43983K(138240K), 0.0015930 secs] [Times: user=0.01 sys=0.00, real=0.00 secs] 
229.615: Total time for which application threads were stopped: 0.0017310 seconds, Stopping threads took: 0.0000630 seconds
229.774: Application time: 0.1587410 seconds
229.774: [GC [PSYoungGen: 90643K->4352K(88576K)] 130338K->44047K(135168K), 0.0013310 secs] [Times: user=0.01 sys=0.00, real=0.00 secs] 
229.776: Total time for which application threads were stopped: 0.0014860 seconds, Stopping threads took: 0.0000830 seconds
229.929: Application time: 0.1534630 seconds
229.929: [GC [PSYoungGen: 87954K->5344K(87552K)] 127650K->45039K(134144K), 0.0016580 secs] [Times: user=0.01 sys=0.00, real=0.00 secs] 
229.931: Total time for which application threads were stopped: 0.0017980 seconds, Stopping threads took: 0.0000650 seconds
230.080: Application time: 0.1488680 seconds
230.080: [GC [PSYoungGen: 86113K->6592K(85504K)] 125809K->46287K(132096K), 0.0019760 secs] [Times: user=0.02 sys=0.00, real=0.00 secs] 
230.082: Total time for which application threads were stopped: 0.0021430 seconds, Stopping threads took: 0.0000930 seconds
230.228: Application time: 0.1464720 seconds
230.229: [GC [PSYoungGen: 84809K->4368K(81920K)] 124504K->44311K(128512K), 0.0014290 secs] [Times: user=0.00 sys=0.00, real=0.00 secs] 
230.230: Total time for which application threads were stopped: 0.0015760 seconds, Stopping threads took: 0.0000760 seconds
230.370: Application time: 0.1398000 seconds
230.370: [GC [PSYoungGen: 79906K->6400K(84992K)] 119850K->46383K(131584K), 0.0017980 secs] [Times: user=0.02 sys=0.00, real=0.00 secs] 
230.372: Total time for which application threads were stopped: 0.0020100 seconds, Stopping threads took: 0.0001250 seconds
230.508: Application time: 0.1360960 seconds
230.508: [GC [PSYoungGen: 81679K->6400K(100352K)] 121662K->46383K(146944K), 0.0015520 secs] [Times: user=0.01 sys=0.00, real=0.00 secs] 
230.510: Total time for which application threads were stopped: 0.0017230 seconds, Stopping threads took: 0.0000960 seconds
230.683: Application time: 0.1730020 seconds
230.683: [GC [PSYoungGen: 98048K->6432K(100352K)] 138031K->46415K(146944K), 0.0016160 secs] [Times: user=0.00 sys=0.00, real=0.01 secs] 
230.684: Total time for which application threads were stopped: 0.0017680 seconds, Stopping threads took: 0.0000800 seconds
230.850: Application time: 0.1656870 seconds
230.850: [GC [PSYoungGen: 97138K->7584K(118272K)] 137122K->47643K(164864K), 0.0018760 secs] [Times: user=0.01 sys=0.00, real=0.00 secs] 
230.852: Total time for which application threads were stopped: 0.0020740 seconds, Stopping threads took: 0.0001230 seconds
231.062: Application time: 0.2096070 seconds
231.062: [GC [PSYoungGen: 117110K->4352K(110080K)] 157170K->44627K(156672K), 0.0010770 secs] [Times: user=0.01 sys=0.00, real=0.00 secs] 
231.063: Total time for which application threads were stopped: 0.0012200 seconds, Stopping threads took: 0.0000600 seconds
231.252: Application time: 0.1889330 seconds
231.252: [GC [PSYoungGen: 109824K->6336K(108544K)] 150099K->46611K(155136K), 0.0016740 secs] [Times: user=0.01 sys=0.00, real=0.00 secs] 
231.254: Total time for which application threads were stopped: 0.0018280 seconds, Stopping threads took: 0.0000810 seconds
231.440: Application time: 0.1859990 seconds
231.440: [GC [PSYoungGen: 107846K->6592K(104960K)] 148122K->46867K(151552K), 0.0020820 secs] [Times: user=0.01 sys=0.00, real=0.00 secs] 
231.442: Total time for which application threads were stopped: 0.0022480 seconds, Stopping threads took: 0.0000930 seconds
231.628: Application time: 0.1854440 seconds
231.628: [GC [PSYoungGen: 104039K->5392K(100352K)] 144315K->45912K(146944K), 0.0017180 secs] [Times: user=0.00 sys=0.01, real=0.00 secs] 
231.629: Total time for which application threads were stopped: 0.0018700 seconds, Stopping threads took: 0.0000720 seconds
231.807: Application time: 0.1773880 seconds
231.807: [GC [PSYoungGen: 99825K->5376K(97280K)] 140345K->45936K(143872K), 0.0017710 secs] [Times: user=0.01 sys=0.00, real=0.00 secs] 
231.809: Total time for which application threads were stopped: 0.0019190 seconds, Stopping threads took: 0.0000690 seconds
231.976: Application time: 0.1669370 seconds
231.980: [GC [PSYoungGen: 97024K->6432K(95232K)] 137584K->46992K(141824K), 0.0018410 secs] [Times: user=0.01 sys=0.00, real=0.00 secs] 
231.982: Total time for which application threads were stopped: 0.0064500 seconds, Stopping threads took: 0.0045380 seconds
232.150: Application time: 0.1674750 seconds
232.150: [GC [PSYoungGen: 94900K->4496K(90112K)] 135460K->45112K(136704K), 0.0015490 secs] [Times: user=0.00 sys=0.00, real=0.00 secs] 
232.151: Total time for which application threads were stopped: 0.0016920 seconds, Stopping threads took: 0.0000580 seconds
232.307: Application time: 0.1557050 seconds
232.307: [GC [PSYoungGen: 89411K->4384K(87552K)] 130027K->45212K(134144K), 0.0014590 secs] [Times: user=0.01 sys=0.00, real=0.00 secs] 
232.309: Total time for which application threads were stopped: 0.0015990 seconds, Stopping threads took: 0.0000670 seconds
232.457: Application time: 0.1482450 seconds
232.457: [GC [PSYoungGen: 86489K->6400K(87040K)] 127317K->47268K(133632K), 0.0019490 secs] [Times: user=0.01 sys=0.00, real=0.00 secs] 
232.459: Total time for which application threads were stopped: 0.0021080 seconds, Stopping threads took: 0.0000870 seconds
232.605: Application time: 0.1461580 seconds
232.605: [GC [PSYoungGen: 86040K->6336K(89088K)] 126908K->47204K(135680K), 0.0018160 secs] [Times: user=0.01 sys=0.00, real=0.00 secs] 
232.607: Total time for which application threads were stopped: 0.0019810 seconds, Stopping threads took: 0.0000930 seconds
232.763: Application time: 0.1556970 seconds
232.763: [GC [PSYoungGen: 88596K->4512K(84480K)] 129464K->45380K(131072K), 0.0014670 secs] [Times: user=0.01 sys=0.00, real=0.01 secs] 
232.764: Total time for which application threads were stopped: 0.0016200 seconds, Stopping threads took: 0.0000720 seconds
232.909: Application time: 0.1449600 seconds
232.909: [GC [PSYoungGen: 83763K->6432K(88576K)] 124632K->47520K(135168K), 0.0019020 secs] [Times: user=0.01 sys=0.00, real=0.00 secs] 
232.911: Total time for which application threads were stopped: 0.0020540 seconds, Stopping threads took: 0.0000750 seconds
233.058: Application time: 0.1463480 seconds
233.058: [GC [PSYoungGen: 85434K->5376K(88576K)] 126523K->46536K(135168K), 0.0015360 secs] [Times: user=0.01 sys=0.00, real=0.00 secs] 
233.059: Total time for which application threads were stopped: 0.0017140 seconds, Stopping threads took: 0.0000990 seconds
233.204: Application time: 0.1447070 seconds
233.204: [GC [PSYoungGen: 85158K->7424K(103936K)] 126319K->48584K(150528K), 0.0017170 secs] [Times: user=0.01 sys=0.00, real=0.00 secs] 
233.206: Total time for which application threads were stopped: 0.0018730 seconds, Stopping threads took: 0.0000890 seconds
233.387: Application time: 0.1807310 seconds
233.387: [GC [PSYoungGen: 102685K->5408K(98304K)] 143846K->46568K(144896K), 0.0014500 secs] [Times: user=0.01 sys=0.00, real=0.00 secs] 
233.388: Total time for which application threads were stopped: 0.0016170 seconds, Stopping threads took: 0.0000850 seconds
233.553: Application time: 0.1645790 seconds
233.553: [GC [PSYoungGen: 97834K->6576K(101376K)] 138995K->47813K(147968K), 0.0017320 secs] [Times: user=0.01 sys=0.00, real=0.00 secs] 
233.555: Total time for which application threads were stopped: 0.0018810 seconds, Stopping threads took: 0.0000780 seconds
233.729: Application time: 0.1743400 seconds
233.729: [GC [PSYoungGen: 98368K->5376K(95232K)] 139605K->46821K(141824K), 0.0017750 secs] [Times: user=0.01 sys=0.00, real=0.00 secs] 
233.731: Total time for which application threads were stopped: 0.0019750 seconds, Stopping threads took: 0.0001260 seconds
233.895: Application time: 0.1640350 seconds
233.895: [GC [PSYoungGen: 94239K->5376K(92160K)] 135684K->46821K(138752K), 0.0016150 secs] [Times: user=0.01 sys=0.01, real=0.01 secs] 
233.897: Total time for which application threads were stopped: 0.0017580 seconds, Stopping threads took: 0.0000620 seconds
234.059: Application time: 0.1625130 seconds
234.060: [GC [PSYoungGen: 91679K->6464K(90112K)] 133124K->47909K(136704K), 0.0019270 secs] [Times: user=0.02 sys=0.00, real=0.00 secs] 
234.062: Total time for which application threads were stopped: 0.0020670 seconds, Stopping threads took: 0.0000670 seconds
234.213: Application time: 0.1517540 seconds
234.213: [GC [PSYoungGen: 89457K->5520K(86528K)] 130902K->47049K(133120K), 0.0015940 secs] [Times: user=0.01 sys=0.00, real=0.00 secs] 
234.215: Total time for which application threads were stopped: 0.0017410 seconds, Stopping threads took: 0.0000730 seconds
234.363: Application time: 0.1482690 seconds
234.363: [GC [PSYoungGen: 85488K->5376K(83968K)] 127017K->47113K(130560K), 0.0017490 secs] [Times: user=0.01 sys=0.00, real=0.01 secs] 
234.365: Total time for which application threads were stopped: 0.0019050 seconds, Stopping threads took: 0.0000830 seconds
234.507: Application time: 0.1421150 seconds
234.507: [GC [PSYoungGen: 82909K->5376K(87040K)] 124647K->48137K(133632K), 0.0017710 secs] [Times: user=0.01 sys=0.00, real=0.00 secs] 
234.509: Total time for which application threads were stopped: 0.0019210 seconds, Stopping threads took: 0.0000650 seconds
234.662: Application time: 0.1529880 seconds
234.662: [GC [PSYoungGen: 85905K->4336K(83456K)] 128667K->47097K(130048K), 0.0013240 secs] [Times: user=0.01 sys=0.00, real=0.00 secs] 
234.664: Total time for which application threads were stopped: 0.0014590 seconds, Stopping threads took: 0.0000610 seconds
234.806: Application time: 0.1420020 seconds
234.806: [GC [PSYoungGen: 82712K->5568K(86528K)] 125473K->48329K(133120K), 0.0016020 secs] [Times: user=0.01 sys=0.00, real=0.00 secs] 
234.807: Total time for which application threads were stopped: 0.0017440 seconds, Stopping threads took: 0.0000690 seconds
234.953: Application time: 0.1451770 seconds
234.953: [GC [PSYoungGen: 83594K->6432K(86528K)] 126355K->49445K(133120K), 0.0017570 secs] [Times: user=0.01 sys=0.00, real=0.00 secs] 
234.955: Total time for which application threads were stopped: 0.0019460 seconds, Stopping threads took: 0.0001170 seconds
235.096: Application time: 0.1416360 seconds
235.096: [GC [PSYoungGen: 84980K->5344K(102400K)] 127994K->48405K(148992K), 0.0012040 secs] [Times: user=0.00 sys=0.00, real=0.00 secs] 
235.098: Total time for which application threads were stopped: 0.0013530 seconds, Stopping threads took: 0.0000650 seconds
235.275: Application time: 0.1776260 seconds
235.275: [GC [PSYoungGen: 99309K->6368K(98304K)] 142371K->49429K(144896K), 0.0015520 secs] [Times: user=0.00 sys=0.01, real=0.01 secs] 
235.277: Total time for which application threads were stopped: 0.0017760 seconds, Stopping threads took: 0.0001520 seconds
235.446: Application time: 0.1691730 seconds
235.446: [GC [PSYoungGen: 97965K->4384K(93184K)] 141027K->47445K(139776K), 0.0013590 secs] [Times: user=0.01 sys=0.00, real=0.00 secs] 
235.448: Total time for which application threads were stopped: 0.0015070 seconds, Stopping threads took: 0.0000780 seconds
235.614: Application time: 0.1664130 seconds
235.614: [GC [PSYoungGen: 92960K->4448K(90112K)] 136021K->47626K(136704K), 0.0014850 secs] [Times: user=0.00 sys=0.00, real=0.00 secs] 
235.616: Total time for which application threads were stopped: 0.0016430 seconds, Stopping threads took: 0.0000810 seconds
235.770: Application time: 0.1542770 seconds
235.770: [GC [PSYoungGen: 88940K->6368K(89600K)] 132118K->49726K(136192K), 0.0018280 secs] [Times: user=0.01 sys=0.00, real=0.00 secs] 
235.772: Total time for which application threads were stopped: 0.0019670 seconds, Stopping threads took: 0.0000630 seconds
235.923: Application time: 0.1509750 seconds
235.923: [GC [PSYoungGen: 88541K->7424K(93696K)] 131899K->50782K(140288K), 0.0021110 secs] [Times: user=0.01 sys=0.00, real=0.01 secs] 
235.925: Total time for which application threads were stopped: 0.0022620 seconds, Stopping threads took: 0.0000770 seconds
236.084: Application time: 0.1589750 seconds
236.084: [GC [PSYoungGen: 92115K->5408K(88576K)] 135473K->48766K(135168K), 0.0013140 secs] [Times: user=0.01 sys=0.00, real=0.00 secs] 
236.086: Total time for which application threads were stopped: 0.0014410 seconds, Stopping threads took: 0.0000580 seconds
236.239: Application time: 0.1536020 seconds
236.239: [GC [PSYoungGen: 87793K->5536K(105472K)] 131151K->48974K(152064K), 0.0016140 secs] [Times: user=0.01 sys=0.00, real=0.00 secs] 
236.241: Total time for which application threads were stopped: 0.0017820 seconds, Stopping threads took: 0.0000860 seconds
236.418: Application time: 0.1769050 seconds
236.418: [GC [PSYoungGen: 101989K->6400K(108032K)] 145427K->50054K(154624K), 0.0018300 secs] [Times: user=0.01 sys=0.00, real=0.00 secs] 
236.420: Total time for which application threads were stopped: 0.0020000 seconds, Stopping threads took: 0.0000970 seconds
236.603: Application time: 0.1829740 seconds
236.603: [GC [PSYoungGen: 105675K->5344K(101888K)] 149329K->48998K(148480K), 0.0015190 secs] [Times: user=0.01 sys=0.01, real=0.01 secs] 
236.605: Total time for which application threads were stopped: 0.0017280 seconds, Stopping threads took: 0.0001370 seconds
236.785: Application time: 0.1807200 seconds
236.786: [GC [PSYoungGen: 100743K->4400K(97792K)] 144398K->48054K(144384K), 0.0012970 secs] [Times: user=0.00 sys=0.00, real=0.00 secs] 
236.787: Total time for which application threads were stopped: 0.0014690 seconds, Stopping threads took: 0.0000950 seconds
236.959: Application time: 0.1716980 seconds
236.959: [GC [PSYoungGen: 97231K->5488K(95744K)] 140886K->49258K(142336K), 0.0017490 secs] [Times: user=0.01 sys=0.00, real=0.00 secs] 
236.960: Total time for which application threads were stopped: 0.0019000 seconds, Stopping threads took: 0.0000780 seconds
237.127: Application time: 0.1660660 seconds
237.127: [GC [PSYoungGen: 95600K->6400K(93696K)] 139370K->50354K(140288K), 0.0018850 secs] [Times: user=0.01 sys=0.00, real=0.00 secs] 
237.129: Total time for which application threads were stopped: 0.0020440 seconds, Stopping threads took: 0.0000840 seconds
237.288: Application time: 0.1590040 seconds
237.288: [GC [PSYoungGen: 93194K->5360K(89600K)] 137149K->49314K(136192K), 0.0018170 secs] [Times: user=0.01 sys=0.00, real=0.00 secs] 
237.290: Total time for which application threads were stopped: 0.0020120 seconds, Stopping threads took: 0.0001080 seconds
237.447: Application time: 0.1576720 seconds
237.447: [GC [PSYoungGen: 88954K->3376K(84992K)] 132909K->48354K(131584K), 0.0012730 secs] [Times: user=0.01 sys=0.00, real=0.00 secs] 
237.449: Total time for which application threads were stopped: 0.0014040 seconds, Stopping threads took: 0.0000590 seconds
237.598: Application time: 0.1489450 seconds
237.598: [GC [PSYoungGen: 84281K->6528K(85504K)] 129260K->51619K(132096K), 0.0020080 secs] [Times: user=0.02 sys=0.00, real=0.00 secs] 
237.600: Total time for which application threads were stopped: 0.0021580 seconds, Stopping threads took: 0.0000740 seconds
237.746: Application time: 0.1461840 seconds
237.746: [GC [PSYoungGen: 84480K->5376K(81920K)] 129571K->50655K(128512K), 0.0015510 secs] [Times: user=0.00 sys=0.00, real=0.00 secs] 
237.748: Total time for which application threads were stopped: 0.0016820 seconds, Stopping threads took: 0.0000620 seconds
237.884: Application time: 0.1364030 seconds
237.884: [GC [PSYoungGen: 80786K->6400K(88064K)] 126065K->51679K(134656K), 0.0018750 secs] [Times: user=0.01 sys=0.00, real=0.00 secs] 
237.886: Total time for which application threads were stopped: 0.0020360 seconds, Stopping threads took: 0.0000750 seconds
238.033: Application time: 0.1467670 seconds
238.033: [GC [PSYoungGen: 86365K->5376K(100352K)] 131644K->50655K(146944K), 0.0012640 secs] [Times: user=0.01 sys=0.00, real=0.00 secs] 
238.034: Total time for which application threads were stopped: 0.0014560 seconds, Stopping threads took: 0.0001210 seconds
238.209: Application time: 0.1742770 seconds
238.209: [GC [PSYoungGen: 97536K->6544K(99840K)] 142815K->51823K(146432K), 0.0016940 secs] [Times: user=0.01 sys=0.00, real=0.00 secs] 
238.210: Total time for which application threads were stopped: 0.0018290 seconds, Stopping threads took: 0.0000620 seconds
238.375: Application time: 0.1650090 seconds
238.376: [GC [PSYoungGen: 97895K->6464K(95744K)] 143174K->51951K(142336K), 0.0015320 secs] [Times: user=0.00 sys=0.01, real=0.01 secs] 
238.377: Total time for which application threads were stopped: 0.0016670 seconds, Stopping threads took: 0.0000680 seconds
238.547: Application time: 0.1703310 seconds
238.548: [GC [PSYoungGen: 94652K->5376K(91648K)] 140139K->50935K(138240K), 0.0014520 secs] [Times: user=0.00 sys=0.01, real=0.00 secs] 
238.549: Total time for which application threads were stopped: 0.0016250 seconds, Stopping threads took: 0.0000940 seconds
238.703: Application time: 0.1543650 seconds
238.704: [GC [PSYoungGen: 91017K->4352K(87552K)] 136576K->51959K(135680K), 0.0016150 secs] [Times: user=0.00 sys=0.01, real=0.01 secs] 
238.705: [Full GC [PSYoungGen: 4352K->0K(87552K)] [ParOldGen: 47607K->10076K(46080K)] 51959K->10076K(133632K) [PSPermGen: 5528K->5528K(21504K)], 0.0067280 secs] [Times: user=0.02 sys=0.01, real=0.00 secs] 
238.712: Total time for which application threads were stopped: 0.0085370 seconds, Stopping threads took: 0.0000720 seconds
238.861: Application time: 0.1485500 seconds
238.861: [GC [PSYoungGen: 82523K->6528K(87040K)] 92600K->16604K(133120K), 0.0018260 secs] [Times: user=0.01 sys=0.00, real=0.00 secs] 
238.863: Total time for which application threads were stopped: 0.0019830 seconds, Stopping threads took: 0.0000840 seconds
239.017: Application time: 0.1546790 seconds
239.017: [GC [PSYoungGen: 86784K->4368K(82432K)] 96861K->14621K(128512K), 0.0013600 secs] [Times: user=0.00 sys=0.00, real=0.00 secs] 
239.019: Total time for which application threads were stopped: 0.0014890 seconds, Stopping threads took: 0.0000620 seconds
239.164: Application time: 0.1450800 seconds
239.164: [GC [PSYoungGen: 81406K->4352K(79872K)] 91659K->14721K(125952K), 0.0013950 secs] [Times: user=0.01 sys=0.00, real=0.01 secs] 
239.165: Total time for which application threads were stopped: 0.0015530 seconds, Stopping threads took: 0.0000820 seconds
239.302: Application time: 0.1366650 seconds
239.302: [GC [PSYoungGen: 78727K->5376K(78336K)] 89096K->15745K(124416K), 0.0015930 secs] [Times: user=0.01 sys=0.00, real=0.00 secs] 
239.304: Total time for which application threads were stopped: 0.0017400 seconds, Stopping threads took: 0.0000740 seconds
239.437: Application time: 0.1336510 seconds
239.438: [GC [PSYoungGen: 77546K->5376K(76288K)] 87915K->15745K(122368K), 0.0017800 secs] [Times: user=0.01 sys=0.00, real=0.00 secs] 
239.439: Total time for which application threads were stopped: 0.0019560 seconds, Stopping threads took: 0.0001000 seconds
239.571: Application time: 0.1319750 seconds
239.572: [GC [PSYoungGen: 75084K->3472K(72192K)] 85453K->13841K(118272K), 0.0010670 secs] [Times: user=0.00 sys=0.00, real=0.00 secs] 
239.573: Total time for which application threads were stopped: 0.0019880 seconds, Stopping threads took: 0.0008520 seconds
239.695: Application time: 0.1214490 seconds
239.695: [GC [PSYoungGen: 71848K->3360K(70144K)] 82217K->13973K(116224K), 0.0011290 secs] [Times: user=0.01 sys=0.00, real=0.00 secs] 
239.696: Total time for which application threads were stopped: 0.0012940 seconds, Stopping threads took: 0.0000860 seconds
239.818: Application time: 0.1219230 seconds
239.818: [GC [PSYoungGen: 69027K->6400K(86528K)] 79640K->17053K(132608K), 0.0018230 secs] [Times: user=0.01 sys=0.00, real=0.00 secs] 
239.820: Total time for which application threads were stopped: 0.0019780 seconds, Stopping threads took: 0.0000830 seconds
239.966: Application time: 0.1464030 seconds
239.966: [GC [PSYoungGen: 85335K->5344K(89600K)] 95989K->15997K(135680K), 0.0014960 secs] [Times: user=0.01 sys=0.00, real=0.00 secs] 
239.968: Total time for which application threads were stopped: 0.0016350 seconds, Stopping threads took: 0.0000680 seconds
240.121: Application time: 0.1530500 seconds
240.121: [GC [PSYoungGen: 86640K->5376K(84480K)] 97294K->16029K(130560K), 0.0011310 secs] [Times: user=0.01 sys=0.00, real=0.00 secs] 
240.122: Total time for which application threads were stopped: 0.0012630 seconds, Stopping threads took: 0.0000620 seconds
240.269: Application time: 0.1470140 seconds
240.269: [GC [PSYoungGen: 84145K->4560K(80896K)] 94799K->15213K(126976K), 0.0014220 secs] [Times: user=0.00 sys=0.00, real=0.00 secs] 
240.271: Total time for which application threads were stopped: 0.0015710 seconds, Stopping threads took: 0.0000690 seconds
240.408: Application time: 0.1371120 seconds
240.408: [GC [PSYoungGen: 80151K->3296K(77312K)] 90804K->14189K(123392K), 0.0009490 secs] [Times: user=0.01 sys=0.00, real=0.00 secs] 
240.409: Total time for which application threads were stopped: 0.0010840 seconds, Stopping threads took: 0.0000640 seconds
240.546: Application time: 0.1369810 seconds
240.546: [GC [PSYoungGen: 76838K->4352K(76288K)] 87732K->15301K(122368K), 0.0013560 secs] [Times: user=0.01 sys=0.00, real=0.00 secs] 
240.548: Total time for which application threads were stopped: 0.0015270 seconds, Stopping threads took: 0.0000950 seconds
240.677: Application time: 0.1295810 seconds
240.677: [GC [PSYoungGen: 75183K->4320K(74240K)] 86133K->15269K(120320K), 0.0013990 secs] [Times: user=0.01 sys=0.00, real=0.00 secs] 
240.679: Total time for which application threads were stopped: 0.0015320 seconds, Stopping threads took: 0.0000640 seconds
240.807: Application time: 0.1287140 seconds
240.808: [GC [PSYoungGen: 73217K->4352K(72192K)] 84167K->15301K(118272K), 0.0013690 secs] [Times: user=0.01 sys=0.00, real=0.00 secs] 
240.809: Total time for which application threads were stopped: 0.0015260 seconds, Stopping threads took: 0.0000760 seconds
240.932: Application time: 0.1232120 seconds
240.932: [GC [PSYoungGen: 71526K->5424K(71168K)] 82476K->16413K(117248K), 0.0015870 secs] [Times: user=0.01 sys=0.00, real=0.00 secs] 
240.934: Total time for which application threads were stopped: 0.0017260 seconds, Stopping threads took: 0.0000650 seconds
241.053: Application time: 0.1195840 seconds
241.054: [GC [PSYoungGen: 70753K->6400K(84992K)] 81742K->17598K(131072K), 0.0017740 secs] [Times: user=0.01 sys=0.00, real=0.00 secs] 
241.055: Total time for which application threads were stopped: 0.0019110 seconds, Stopping threads took: 0.0000620 seconds
241.198: Application time: 0.1430100 seconds
241.199: [GC [PSYoungGen: 84196K->6336K(86528K)] 95394K->17582K(132608K), 0.0017960 secs] [Times: user=0.01 sys=0.00, real=0.00 secs] 
241.200: Total time for which application threads were stopped: 0.0019510 seconds, Stopping threads took: 0.0000730 seconds
241.348: Application time: 0.1475560 seconds
241.348: [GC [PSYoungGen: 84360K->4352K(86528K)] 95606K->15598K(132608K), 0.0012030 secs] [Times: user=0.01 sys=0.00, real=0.00 secs] 
241.349: Total time for which application threads were stopped: 0.0013500 seconds, Stopping threads took: 0.0000720 seconds
241.492: Application time: 0.1425570 seconds
241.492: [GC [PSYoungGen: 82373K->5424K(81920K)] 93619K->16670K(128000K), 0.0012330 secs] [Times: user=0.00 sys=0.01, real=0.00 secs] 
241.493: Total time for which application threads were stopped: 0.0013850 seconds, Stopping threads took: 0.0000810 seconds
241.634: Application time: 0.1404800 seconds
241.634: [GC [PSYoungGen: 81658K->6560K(98304K)] 92904K->17854K(144384K), 0.0015310 secs] [Times: user=0.01 sys=0.00, real=0.00 secs] 
241.635: Total time for which application threads were stopped: 0.0016760 seconds, Stopping threads took: 0.0000730 seconds
241.803: Application time: 0.1680620 seconds
241.804: [GC [PSYoungGen: 97800K->5408K(94208K)] 109094K->16910K(140288K), 0.0015560 secs] [Times: user=0.00 sys=0.00, real=0.01 secs] 
241.805: Total time for which application threads were stopped: 0.0017070 seconds, Stopping threads took: 0.0000810 seconds
241.969: Application time: 0.1641890 seconds
241.969: [GC [PSYoungGen: 93613K->6400K(92160K)] 105115K->17942K(138240K), 0.0018960 secs] [Times: user=0.01 sys=0.00, real=0.00 secs] 
241.971: Total time for which application threads were stopped: 0.0020610 seconds, Stopping threads took: 0.0000840 seconds
242.128: Application time: 0.1569310 seconds
242.128: [GC [PSYoungGen: 91677K->4352K(94208K)] 103219K->17942K(140288K), 0.0018150 secs] [Times: user=0.01 sys=0.00, real=0.00 secs] 
242.130: Total time for which application threads were stopped: 0.0019620 seconds, Stopping threads took: 0.0000730 seconds
242.298: Application time: 0.1674400 seconds
242.298: [GC [PSYoungGen: 93382K->3504K(89600K)] 106972K->17094K(135680K), 0.0009610 secs] [Times: user=0.01 sys=0.00, real=0.00 secs] 
242.299: Total time for which application threads were stopped: 0.0010900 seconds, Stopping threads took: 0.0000620 seconds
242.453: Application time: 0.1540680 seconds
242.453: [GC [PSYoungGen: 89141K->6400K(89600K)] 102731K->20234K(135680K), 0.0018550 secs] [Times: user=0.01 sys=0.00, real=0.00 secs] 
242.455: Total time for which application threads were stopped: 0.0020210 seconds, Stopping threads took: 0.0000930 seconds
242.609: Application time: 0.1537300 seconds
242.609: [GC [PSYoungGen: 88746K->4352K(84992K)] 102580K->18242K(131072K), 0.0014080 secs] [Times: user=0.01 sys=0.00, real=0.00 secs] 
242.610: Total time for which application threads were stopped: 0.0015630 seconds, Stopping threads took: 0.0000780 seconds
242.758: Application time: 0.1473990 seconds
242.758: [GC [PSYoungGen: 84331K->7424K(88064K)] 98222K->21314K(134144K), 0.0020200 secs] [Times: user=0.02 sys=0.00, real=0.00 secs] 
242.760: Total time for which application threads were stopped: 0.0021670 seconds, Stopping threads took: 0.0000710 seconds
242.909: Application time: 0.1494750 seconds
242.909: [GC [PSYoungGen: 87247K->4432K(82432K)] 101137K->18322K(128512K), 0.0012870 secs] [Times: user=0.01 sys=0.00, real=0.00 secs] 
242.911: Total time for which application threads were stopped: 0.0014740 seconds, Stopping threads took: 0.0001140 seconds
243.051: Application time: 0.1397470 seconds
243.051: [GC [PSYoungGen: 81417K->5456K(87040K)] 95308K->19518K(133120K), 0.0016350 secs] [Times: user=0.01 sys=0.00, real=0.00 secs] 
243.052: Total time for which application threads were stopped: 0.0017860 seconds, Stopping threads took: 0.0000790 seconds
243.194: Application time: 0.1414940 seconds
243.194: [GC [PSYoungGen: 83051K->7424K(86528K)] 97114K->21599K(132608K), 0.0021110 secs] [Times: user=0.01 sys=0.00, real=0.00 secs] 
243.196: Total time for which application threads were stopped: 0.0022630 seconds, Stopping threads took: 0.0000690 seconds
243.345: Application time: 0.1491160 seconds
243.345: [GC [PSYoungGen: 85197K->5376K(102912K)] 99372K->19551K(148992K), 0.0011090 secs] [Times: user=0.01 sys=0.00, real=0.00 secs] 
243.346: Total time for which application threads were stopped: 0.0012370 seconds, Stopping threads took: 0.0000580 seconds
243.519: Application time: 0.1726280 seconds
243.519: [GC [PSYoungGen: 99331K->4320K(95744K)] 113506K->18495K(141824K), 0.0010750 secs] [Times: user=0.01 sys=0.00, real=0.00 secs] 
243.520: Total time for which application threads were stopped: 0.0012970 seconds, Stopping threads took: 0.0001500 seconds
243.688: Application time: 0.1673090 seconds
243.688: [GC [PSYoungGen: 95050K->3456K(94208K)] 109225K->17679K(140288K), 0.0010060 secs] [Times: user=0.00 sys=0.00, real=0.00 secs] 
243.689: Total time for which application threads were stopped: 0.0011430 seconds, Stopping threads took: 0.0000640 seconds
243.853: Application time: 0.1641310 seconds
243.853: [GC [PSYoungGen: 90693K->3360K(88576K)] 104916K->17791K(134656K), 0.0010870 secs] [Times: user=0.01 sys=0.00, real=0.00 secs] 
243.855: Total time for which application threads were stopped: 0.0017310 seconds, Stopping threads took: 0.0000700 seconds
244.007: Application time: 0.1519240 seconds
244.007: [GC [PSYoungGen: 87664K->7424K(90112K)] 102095K->21895K(136192K), 0.0020110 secs] [Times: user=0.01 sys=0.01, real=0.00 secs] 
244.009: Total time for which application threads were stopped: 0.0021500 seconds, Stopping threads took: 0.0000630 seconds
244.162: Application time: 0.1532530 seconds
244.162: [GC [PSYoungGen: 89715K->4352K(84480K)] 104187K->18823K(130560K), 0.0014190 secs] [Times: user=0.01 sys=0.00, real=0.00 secs] 
244.164: Total time for which application threads were stopped: 0.0015690 seconds, Stopping threads took: 0.0000790 seconds
244.308: Application time: 0.1446020 seconds
244.308: [GC [PSYoungGen: 83990K->6608K(84480K)] 98461K->21079K(130560K), 0.0019130 secs] [Times: user=0.01 sys=0.00, real=0.00 secs] 
244.310: Total time for which application threads were stopped: 0.0020560 seconds, Stopping threads took: 0.0000660 seconds
244.454: Application time: 0.1440510 seconds
244.454: [GC [PSYoungGen: 83373K->5376K(80384K)] 97845K->20099K(126464K), 0.0016990 secs] [Times: user=0.00 sys=0.01, real=0.01 secs] 
244.456: Total time for which application threads were stopped: 0.0018540 seconds, Stopping threads took: 0.0000680 seconds
244.597: Application time: 0.1411030 seconds
244.597: [GC [PSYoungGen: 80058K->4352K(78336K)] 94782K->19123K(124416K), 0.0012980 secs] [Times: user=0.01 sys=0.00, real=0.00 secs] 
244.599: Total time for which application threads were stopped: 0.0014430 seconds, Stopping threads took: 0.0000760 seconds
244.732: Application time: 0.1335870 seconds
244.732: [GC [PSYoungGen: 76544K->2304K(72704K)] 91315K->17075K(118784K), 0.0008510 secs] [Times: user=0.00 sys=0.00, real=0.00 secs] 
244.733: Total time for which application threads were stopped: 0.0009780 seconds, Stopping threads took: 0.0000600 seconds
244.860: Application time: 0.1265540 seconds
244.860: [GC [PSYoungGen: 71939K->5376K(74752K)] 86711K->20147K(120832K), 0.0015040 secs] [Times: user=0.01 sys=0.00, real=0.00 secs] 
244.861: Total time for which application threads were stopped: 0.0016410 seconds, Stopping threads took: 0.0000650 seconds
244.983: Application time: 0.1213810 seconds
244.983: [GC [PSYoungGen: 72713K->5552K(71680K)] 87485K->20323K(117760K), 0.0016850 secs] [Times: user=0.01 sys=0.00, real=0.01 secs] 
244.985: Total time for which application threads were stopped: 0.0018540 seconds, Stopping threads took: 0.0000880 seconds
245.108: Application time: 0.1233920 seconds
245.108: [GC [PSYoungGen: 71216K->5376K(75264K)] 85987K->20391K(121344K), 0.0016420 secs] [Times: user=0.01 sys=0.00, real=0.00 secs] 
245.110: Total time for which application threads were stopped: 0.0018140 seconds, Stopping threads took: 0.0000990 seconds
245.232: Application time: 0.1221390 seconds
245.232: [GC [PSYoungGen: 71738K->5376K(74752K)] 86754K->20440K(120832K), 0.0014750 secs] [Times: user=0.01 sys=0.00, real=0.00 secs] 
245.234: Total time for which application threads were stopped: 0.0016260 seconds, Stopping threads took: 0.0000730 seconds
245.356: Application time: 0.1222430 seconds
245.356: [GC [PSYoungGen: 71075K->6400K(88064K)] 86139K->21464K(134144K), 0.0014760 secs] [Times: user=0.00 sys=0.01, real=0.01 secs] 
245.358: Total time for which application threads were stopped: 0.0016290 seconds, Stopping threads took: 0.0000860 seconds
245.504: Application time: 0.1461680 seconds
245.504: [GC [PSYoungGen: 86250K->5376K(88064K)] 101314K->20440K(134144K), 0.0015210 secs] [Times: user=0.01 sys=0.00, real=0.01 secs] 
245.505: Total time for which application threads were stopped: 0.0016680 seconds, Stopping threads took: 0.0000680 seconds
245.652: Application time: 0.1469880 seconds
245.652: [GC [PSYoungGen: 85025K->6496K(104448K)] 100089K->21560K(150528K), 0.0013920 secs] [Times: user=0.01 sys=0.00, real=0.00 secs] 
245.654: Total time for which application threads were stopped: 0.0015270 seconds, Stopping threads took: 0.0000710 seconds
245.832: Application time: 0.1781260 seconds
245.832: [GC [PSYoungGen: 102609K->6416K(99840K)] 117673K->21728K(145920K), 0.0015810 secs] [Times: user=0.01 sys=0.00, real=0.00 secs] 
245.834: Total time for which application threads were stopped: 0.0017350 seconds, Stopping threads took: 0.0000760 seconds
246.005: Application time: 0.1712230 seconds
246.005: [GC [PSYoungGen: 99590K->6368K(100864K)] 114902K->22760K(146944K), 0.0020620 secs] [Times: user=0.01 sys=0.00, real=0.00 secs] 
246.007: Total time for which application threads were stopped: 0.0022210 seconds, Stopping threads took: 0.0000760 seconds
246.182: Application time: 0.1745260 seconds
246.182: [GC [PSYoungGen: 100420K->6400K(102912K)] 116812K->22792K(148992K), 0.0018200 secs] [Times: user=0.02 sys=0.00, real=0.00 secs] 
246.184: Total time for which application threads were stopped: 0.0019960 seconds, Stopping threads took: 0.0001020 seconds
246.361: Application time: 0.1776370 seconds
246.361: [GC [PSYoungGen: 99893K->3520K(94720K)] 116286K->19912K(140800K), 0.0008890 secs] [Times: user=0.00 sys=0.00, real=0.00 secs] 
246.362: Total time for which application threads were stopped: 0.0010360 seconds, Stopping threads took: 0.0000790 seconds
246.523: Application time: 0.1605270 seconds
246.523: [GC [PSYoungGen: 94493K->7424K(95744K)] 110885K->24072K(141824K), 0.0019410 secs] [Times: user=0.00 sys=0.01, real=0.01 secs] 
246.525: Total time for which application threads were stopped: 0.0021300 seconds, Stopping threads took: 0.0001070 seconds
246.694: Application time: 0.1693780 seconds
246.695: [GC [PSYoungGen: 95488K->4352K(89600K)] 112136K->21048K(135680K), 0.0009630 secs] [Times: user=0.00 sys=0.00, real=0.00 secs] 
246.696: Total time for which application threads were stopped: 0.0011130 seconds, Stopping threads took: 0.0000760 seconds
246.850: Application time: 0.1541860 seconds
246.850: [GC [PSYoungGen: 89091K->5344K(88064K)] 105788K->22040K(134144K), 0.0017030 secs] [Times: user=0.01 sys=0.00, real=0.00 secs] 
246.852: Total time for which application threads were stopped: 0.0018710 seconds, Stopping threads took: 0.0000960 seconds
246.999: Application time: 0.1476490 seconds
246.999: [GC [PSYoungGen: 86859K->6544K(86528K)] 103555K->23240K(132608K), 0.0018370 secs] [Times: user=0.01 sys=0.00, real=0.00 secs] 
247.001: Total time for which application threads were stopped: 0.0020180 seconds, Stopping threads took: 0.0001030 seconds
247.150: Application time: 0.1485670 seconds
247.150: [GC [PSYoungGen: 85595K->4384K(81920K)] 102292K->21288K(128000K), 0.0015610 secs] [Times: user=0.01 sys=0.00, real=0.00 secs] 
247.152: Total time for which application threads were stopped: 0.0017250 seconds, Stopping threads took: 0.0000930 seconds
247.295: Application time: 0.1431990 seconds
247.295: [GC [PSYoungGen: 81054K->5344K(80384K)] 97959K->22329K(126464K), 0.0015880 secs] [Times: user=0.01 sys=0.00, real=0.01 secs] 
247.297: Total time for which application threads were stopped: 0.0017260 seconds, Stopping threads took: 0.0000660 seconds
247.434: Application time: 0.1377790 seconds
247.434: [GC [PSYoungGen: 79859K->5376K(77824K)] 96844K->22361K(123904K), 0.0017230 secs] [Times: user=0.01 sys=0.00, real=0.01 secs] 
247.436: Total time for which application threads were stopped: 0.0018780 seconds, Stopping threads took: 0.0000810 seconds
247.570: Application time: 0.1339900 seconds
247.572: [GC [PSYoungGen: 77501K->5344K(92672K)] 94486K->22329K(138752K), 0.0015040 secs] [Times: user=0.01 sys=0.00, real=0.00 secs] 
247.574: Total time for which application threads were stopped: 0.0035460 seconds, Stopping threads took: 0.0019680 seconds
247.736: Application time: 0.1619780 seconds
247.736: [GC [PSYoungGen: 92384K->6624K(95232K)] 109369K->23609K(141312K), 0.0018670 secs] [Times: user=0.02 sys=0.00, real=0.01 secs] 
247.738: Total time for which application threads were stopped: 0.0020240 seconds, Stopping threads took: 0.0000720 seconds
247.897: Application time: 0.1597530 seconds
247.898: [GC [PSYoungGen: 94085K->6400K(112640K)] 111070K->23629K(158720K), 0.0014790 secs] [Times: user=0.01 sys=0.00, real=0.00 secs] 
247.899: Total time for which application threads were stopped: 0.0016160 seconds, Stopping threads took: 0.0000660 seconds
248.091: Application time: 0.1918870 seconds
248.091: [GC [PSYoungGen: 110175K->5344K(106496K)] 127404K->22613K(152576K), 0.0013150 secs] [Times: user=0.00 sys=0.00, real=0.00 secs] 
248.092: Total time for which application threads were stopped: 0.0014610 seconds, Stopping threads took: 0.0000770 seconds
248.279: Application time: 0.1870300 seconds
248.280: [GC [PSYoungGen: 105303K->6464K(103936K)] 122572K->24757K(150016K), 0.0019730 secs] [Times: user=0.01 sys=0.01, real=0.00 secs] 
248.282: Total time for which application threads were stopped: 0.0021350 seconds, Stopping threads took: 0.0000710 seconds
248.465: Application time: 0.1829630 seconds
248.465: [GC [PSYoungGen: 103744K->3456K(97280K)] 122037K->21841K(143360K), 0.0012960 secs] [Times: user=0.00 sys=0.00, real=0.00 secs] 
248.466: Total time for which application threads were stopped: 0.0014390 seconds, Stopping threads took: 0.0000760 seconds
248.633: Application time: 0.1666590 seconds
248.633: [GC [PSYoungGen: 96875K->6400K(97280K)] 115261K->24993K(143360K), 0.0017620 secs] [Times: user=0.01 sys=0.00, real=0.00 secs] 
248.635: Total time for which application threads were stopped: 0.0018990 seconds, Stopping threads took: 0.0000640 seconds
248.811: Application time: 0.1761510 seconds
248.811: [GC [PSYoungGen: 96283K->2272K(90112K)] 114877K->20865K(136192K), 0.0010190 secs] [Times: user=0.00 sys=0.00, real=0.00 secs] 
248.812: Total time for which application threads were stopped: 0.0011600 seconds, Stopping threads took: 0.0000630 seconds
248.964: Application time: 0.1516440 seconds
248.964: [GC [PSYoungGen: 89753K->7456K(92160K)] 108347K->26049K(138240K), 0.0022280 secs] [Times: user=0.01 sys=0.00, real=0.01 secs] 
248.966: Total time for which application threads were stopped: 0.0023880 seconds, Stopping threads took: 0.0000770 seconds
249.124: Application time: 0.1585440 seconds
249.125: [GC [PSYoungGen: 91374K->5488K(87552K)] 109968K->24161K(133632K), 0.0017650 secs] [Times: user=0.01 sys=0.00, real=0.00 secs] 
249.126: Total time for which application threads were stopped: 0.0019070 seconds, Stopping threads took: 0.0000680 seconds
249.283: Application time: 0.1562920 seconds
249.283: [GC [PSYoungGen: 87408K->4336K(84480K)] 106081K->23197K(130560K), 0.0013950 secs] [Times: user=0.00 sys=0.00, real=0.01 secs] 
249.284: Total time for which application threads were stopped: 0.0015480 seconds, Stopping threads took: 0.0000800 seconds
249.426: Application time: 0.1419230 seconds
249.426: [GC [PSYoungGen: 83249K->6400K(83456K)] 102111K->25302K(129536K), 0.0019360 secs] [Times: user=0.01 sys=0.01, real=0.00 secs] 
249.428: Total time for which application threads were stopped: 0.0020940 seconds, Stopping threads took: 0.0000730 seconds
249.569: Application time: 0.1402680 seconds
249.569: [GC [PSYoungGen: 82863K->7328K(84992K)] 101765K->26230K(131072K), 0.0020590 secs] [Times: user=0.01 sys=0.00, real=0.00 secs] 
249.571: Total time for which application threads were stopped: 0.0022010 seconds, Stopping threads took: 0.0000630 seconds
249.710: Application time: 0.1391100 seconds
249.710: [GC [PSYoungGen: 83301K->7536K(86016K)] 102203K->26438K(132096K), 0.0020670 secs] [Times: user=0.01 sys=0.00, real=0.00 secs] 
249.712: Total time for which application threads were stopped: 0.0022290 seconds, Stopping threads took: 0.0000890 seconds
249.853: Application time: 0.1410400 seconds
249.853: [GC [PSYoungGen: 84229K->6336K(100864K)] 103131K->25438K(146944K), 0.0014520 secs] [Times: user=0.00 sys=0.00, real=0.00 secs] 
249.855: Total time for which application threads were stopped: 0.0015830 seconds, Stopping threads took: 0.0000630 seconds
250.030: Application time: 0.1754550 seconds
250.030: [GC [PSYoungGen: 98360K->5344K(101376K)] 117462K->24522K(147456K), 0.0013900 secs] [Times: user=0.00 sys=0.00, real=0.00 secs] 
250.032: Total time for which application threads were stopped: 0.0015380 seconds, Stopping threads took: 0.0000650 seconds
250.198: Application time: 0.1666060 seconds
250.198: [GC [PSYoungGen: 97053K->4352K(93696K)] 116231K->23530K(139776K), 0.0009840 secs] [Times: user=0.00 sys=0.00, real=0.00 secs] 
250.199: Total time for which application threads were stopped: 0.0011200 seconds, Stopping threads took: 0.0000670 seconds
250.367: Application time: 0.1680400 seconds
250.368: [GC [PSYoungGen: 92764K->5488K(91648K)] 111942K->24666K(137728K), 0.0015630 secs] [Times: user=0.01 sys=0.00, real=0.00 secs] 
250.370: Total time for which application threads were stopped: 0.0023190 seconds, Stopping threads took: 0.0006850 seconds
250.521: Application time: 0.1511120 seconds
250.521: [GC [PSYoungGen: 90764K->7392K(90624K)] 109942K->26766K(136704K), 0.0017760 secs] [Times: user=0.01 sys=0.00, real=0.00 secs] 
250.523: Total time for which application threads were stopped: 0.0019120 seconds, Stopping threads took: 0.0000640 seconds
250.677: Application time: 0.1545760 seconds
250.678: [GC [PSYoungGen: 89494K->4352K(84992K)] 108868K->23806K(131072K), 0.0014760 secs] [Times: user=0.01 sys=0.00, real=0.00 secs] 
250.679: Total time for which application threads were stopped: 0.0016240 seconds, Stopping threads took: 0.0000650 seconds
250.833: Application time: 0.1535590 seconds
250.833: [GC [PSYoungGen: 84631K->3296K(81408K)] 104086K->22750K(127488K), 0.0011130 secs] [Times: user=0.00 sys=0.00, real=0.00 secs] 
250.834: Total time for which application threads were stopped: 0.0012500 seconds, Stopping threads took: 0.0000710 seconds
250.978: Application time: 0.1439620 seconds
250.978: [GC [PSYoungGen: 80816K->4320K(79872K)] 100271K->23774K(125952K), 0.0014410 secs] [Times: user=0.01 sys=0.00, real=0.00 secs] 
250.979: Total time for which application threads were stopped: 0.0016100 seconds, Stopping threads took: 0.0000940 seconds
251.115: Application time: 0.1359260 seconds
251.115: [GC [PSYoungGen: 79278K->5520K(78336K)] 98732K->25054K(124416K), 0.0015840 secs] [Times: user=0.00 sys=0.01, real=0.01 secs] 
251.117: Total time for which application threads were stopped: 0.0017430 seconds, Stopping threads took: 0.0000870 seconds
251.252: Application time: 0.1353350 seconds
251.253: [GC [PSYoungGen: 77875K->5408K(76288K)] 97410K->25114K(122368K), 0.0017070 secs] [Times: user=0.01 sys=0.00, real=0.00 secs] 
251.254: Total time for which application threads were stopped: 0.0018640 seconds, Stopping threads took: 0.0000720 seconds
251.384: Application time: 0.1293950 seconds
251.384: [GC [PSYoungGen: 75200K->4352K(73216K)] 94907K->24114K(119296K), 0.0013460 secs] [Times: user=0.00 sys=0.00, real=0.01 secs] 
251.385: Total time for which application threads were stopped: 0.0015040 seconds, Stopping threads took: 0.0000880 seconds
251.514: Application time: 0.1288460 seconds
251.514: [GC [PSYoungGen: 72960K->3328K(70144K)] 92722K->23090K(116224K), 0.0011150 secs] [Times: user=0.01 sys=0.00, real=0.00 secs] 
251.515: Total time for which application threads were stopped: 0.0012630 seconds, Stopping threads took: 0.0000720 seconds
251.633: Application time: 0.1176300 seconds
251.633: [GC [PSYoungGen: 69377K->6400K(82432K)] 89140K->26162K(128512K), 0.0018110 secs] [Times: user=0.01 sys=0.00, real=0.00 secs] 
251.635: Total time for which application threads were stopped: 0.0019520 seconds, Stopping threads took: 0.0000640 seconds
251.773: Application time: 0.1378710 seconds
251.773: [GC [PSYoungGen: 80524K->7552K(82944K)] 100287K->27315K(129024K), 0.0021210 secs] [Times: user=0.01 sys=0.00, real=0.00 secs] 
251.775: Total time for which application threads were stopped: 0.0022830 seconds, Stopping threads took: 0.0000750 seconds
251.911: Application time: 0.1355850 seconds
251.911: [GC [PSYoungGen: 80893K->6416K(98304K)] 100656K->26427K(144384K), 0.0015220 secs] [Times: user=0.01 sys=0.00, real=0.00 secs] 
251.912: Total time for which application threads were stopped: 0.0016580 seconds, Stopping threads took: 0.0000670 seconds
252.073: Application time: 0.1605730 seconds
252.073: [GC [PSYoungGen: 94742K->6400K(98304K)] 114753K->26451K(144384K), 0.0015240 secs] [Times: user=0.01 sys=0.00, real=0.00 secs] 
252.075: Total time for which application threads were stopped: 0.0016580 seconds, Stopping threads took: 0.0000630 seconds
252.243: Application time: 0.1688230 seconds
252.243: [GC [PSYoungGen: 95223K->5376K(91648K)] 115274K->25427K(137728K), 0.0011390 secs] [Times: user=0.00 sys=0.01, real=0.01 secs] 
252.245: Total time for which application threads were stopped: 0.0012830 seconds, Stopping threads took: 0.0000760 seconds
252.402: Application time: 0.1578280 seconds
252.403: [GC [PSYoungGen: 91268K->6544K(89600K)] 111319K->26595K(135680K), 0.0017100 secs] [Times: user=0.00 sys=0.01, real=0.01 secs] 
252.404: Total time for which application threads were stopped: 0.0018790 seconds, Stopping threads took: 0.0000870 seconds
252.552: Application time: 0.1472240 seconds
252.552: [GC [PSYoungGen: 89466K->5408K(105472K)] 109517K->27719K(151552K), 0.0018600 secs] [Times: user=0.00 sys=0.01, real=0.00 secs] 
252.554: Total time for which application threads were stopped: 0.0020080 seconds, Stopping threads took: 0.0000760 seconds
252.742: Application time: 0.1884560 seconds
252.742: [GC [PSYoungGen: 105210K->7424K(108544K)] 127522K->29803K(154624K), 0.0021550 secs] [Times: user=0.02 sys=0.00, real=0.01 secs] 
252.744: Total time for which application threads were stopped: 0.0024080 seconds, Stopping threads took: 0.0001740 seconds
252.935: Application time: 0.1905190 seconds
252.936: [GC [PSYoungGen: 106590K->2272K(98816K)] 128969K->24651K(144896K), 0.0008700 secs] [Times: user=0.00 sys=0.00, real=0.00 secs] 
252.937: Total time for which application threads were stopped: 0.0021370 seconds, Stopping threads took: 0.0011910 seconds
253.101: Application time: 0.1638800 seconds
253.101: [GC [PSYoungGen: 97813K->7488K(100864K)] 120193K->29867K(146944K), 0.0020610 secs] [Times: user=0.01 sys=0.00, real=0.00 secs] 
253.103: Total time for which application threads were stopped: 0.0022030 seconds, Stopping threads took: 0.0000690 seconds
253.284: Application time: 0.1811550 seconds
253.284: [GC [PSYoungGen: 100258K->7456K(97792K)] 122638K->30047K(143872K), 0.0018800 secs] [Times: user=0.01 sys=0.00, real=0.00 secs] 
253.286: Total time for which application threads were stopped: 0.0020240 seconds, Stopping threads took: 0.0000690 seconds
253.448: Application time: 0.1615190 seconds
253.448: [GC [PSYoungGen: 97549K->7392K(118272K)] 120141K->30052K(164352K), 0.0020260 secs] [Times: user=0.01 sys=0.00, real=0.00 secs] 
253.450: Total time for which application threads were stopped: 0.0021740 seconds, Stopping threads took: 0.0000630 seconds
253.648: Application time: 0.1979880 seconds
253.648: [GC [PSYoungGen: 114553K->7424K(118784K)] 137213K->30084K(164864K), 0.0019950 secs] [Times: user=0.02 sys=0.00, real=0.00 secs] 
253.650: Total time for which application threads were stopped: 0.0021480 seconds, Stopping threads took: 0.0000740 seconds
253.846: Application time: 0.1958430 seconds
253.846: [GC [PSYoungGen: 115345K->7584K(118784K)] 138005K->30244K(164864K), 0.0022110 secs] [Times: user=0.02 sys=0.00, real=0.00 secs] 
253.848: Total time for which application threads were stopped: 0.0023600 seconds, Stopping threads took: 0.0000730 seconds
254.050: Application time: 0.2012680 seconds
254.050: [GC [PSYoungGen: 115935K->7360K(112128K)] 138594K->30248K(158208K), 0.0017300 secs] [Times: user=0.01 sys=0.00, real=0.00 secs] 
254.052: Total time for which application threads were stopped: 0.0019310 seconds, Stopping threads took: 0.0001170 seconds
254.247: Application time: 0.1957810 seconds
254.248: [GC [PSYoungGen: 111437K->7424K(108544K)] 134325K->30344K(154624K), 0.0019560 secs] [Times: user=0.00 sys=0.01, real=0.00 secs] 
254.250: Total time for which application threads were stopped: 0.0021120 seconds, Stopping threads took: 0.0000780 seconds
254.438: Application time: 0.1881330 seconds
254.438: [GC [PSYoungGen: 107840K->5536K(102912K)] 130760K->30504K(148992K), 0.0019190 secs] [Times: user=0.01 sys=0.00, real=0.00 secs] 
254.440: Total time for which application threads were stopped: 0.0020700 seconds, Stopping threads took: 0.0000720 seconds
254.630: Application time: 0.1904020 seconds
254.630: [GC [PSYoungGen: 102189K->2384K(96256K)] 127157K->27568K(142336K), 0.0010340 secs] [Times: user=0.01 sys=0.00, real=0.00 secs] 
254.631: Total time for which application threads were stopped: 0.0011810 seconds, Stopping threads took: 0.0000680 seconds
254.791: Application time: 0.1594740 seconds
254.791: [GC [PSYoungGen: 95856K->7424K(98304K)] 121041K->32684K(144384K), 0.0021360 secs] [Times: user=0.02 sys=0.00, real=0.00 secs] 
254.793: Total time for which application threads were stopped: 0.0022840 seconds, Stopping threads took: 0.0000700 seconds
254.973: Application time: 0.1795670 seconds
254.973: [GC [PSYoungGen: 97821K->4320K(92160K)] 123081K->29580K(138240K), 0.0016030 secs] [Times: user=0.00 sys=0.00, real=0.00 secs] 
254.974: Total time for which application threads were stopped: 0.0017530 seconds, Stopping threads took: 0.0000780 seconds
255.129: Application time: 0.1544460 seconds
255.129: [GC [PSYoungGen: 90906K->6560K(91136K)] 116167K->31820K(137216K), 0.0018710 secs] [Times: user=0.01 sys=0.00, real=0.00 secs] 
255.131: Total time for which application threads were stopped: 0.0020120 seconds, Stopping threads took: 0.0000690 seconds
255.282: Application time: 0.1515650 seconds
255.283: [GC [PSYoungGen: 90480K->6416K(88576K)] 115740K->31896K(134656K), 0.0021000 secs] [Times: user=0.01 sys=0.00, real=0.01 secs] 
255.285: Total time for which application threads were stopped: 0.0022470 seconds, Stopping threads took: 0.0000660 seconds
255.448: Application time: 0.1629740 seconds
255.448: [GC [PSYoungGen: 88152K->3328K(82944K)] 113633K->28896K(129024K), 0.0011990 secs] [Times: user=0.01 sys=0.00, real=0.00 secs] 
255.449: Total time for which application threads were stopped: 0.0013450 seconds, Stopping threads took: 0.0000720 seconds
255.589: Application time: 0.1404570 seconds
255.590: [GC [PSYoungGen: 82041K->7424K(102400K)] 107609K->32993K(148480K), 0.0020340 secs] [Times: user=0.02 sys=0.00, real=0.00 secs] 
255.592: Total time for which application threads were stopped: 0.0021910 seconds, Stopping threads took: 0.0000830 seconds
255.757: Application time: 0.1654980 seconds
255.757: [GC [PSYoungGen: 98809K->4352K(93696K)] 124378K->29920K(139776K), 0.0013840 secs] [Times: user=0.01 sys=0.00, real=0.00 secs] 
255.759: Total time for which application threads were stopped: 0.0015290 seconds, Stopping threads took: 0.0000780 seconds
255.928: Application time: 0.1692420 seconds
255.928: [GC [PSYoungGen: 93221K->6560K(92672K)] 118790K->32201K(138752K), 0.0020300 secs] [Times: user=0.01 sys=0.00, real=0.00 secs] 
255.930: Total time for which application threads were stopped: 0.0021860 seconds, Stopping threads took: 0.0000720 seconds
256.083: Application time: 0.1527200 seconds
256.083: [GC [PSYoungGen: 92398K->7424K(96256K)] 118039K->33285K(142336K), 0.0020970 secs] [Times: user=0.02 sys=0.00, real=0.01 secs] 
256.085: Total time for which application threads were stopped: 0.0022580 seconds, Stopping threads took: 0.0000800 seconds
256.255: Application time: 0.1702030 seconds
256.255: [GC [PSYoungGen: 92577K->4288K(87552K)] 118438K->30149K(133632K), 0.0013660 secs] [Times: user=0.00 sys=0.00, real=0.01 secs] 
256.257: Total time for which application threads were stopped: 0.0015230 seconds, Stopping threads took: 0.0000830 seconds
256.405: Application time: 0.1481330 seconds
256.405: [GC [PSYoungGen: 87082K->5392K(87040K)] 112943K->31253K(133120K), 0.0017500 secs] [Times: user=0.01 sys=0.00, real=0.00 secs] 
256.407: Total time for which application threads were stopped: 0.0019130 seconds, Stopping threads took: 0.0000900 seconds
256.551: Application time: 0.1438370 seconds
256.551: [GC [PSYoungGen: 85563K->7472K(90112K)] 111424K->33409K(136192K), 0.0021590 secs] [Times: user=0.01 sys=0.00, real=0.00 secs] 
256.553: Total time for which application threads were stopped: 0.0023270 seconds, Stopping threads took: 0.0000850 seconds
256.699: Application time: 0.1455550 seconds
256.699: [GC [PSYoungGen: 87119K->7424K(107008K)] 113056K->33533K(153088K), 0.0016680 secs] [Times: user=0.01 sys=0.00, real=0.00 secs] 
256.700: Total time for which application threads were stopped: 0.0018320 seconds, Stopping threads took: 0.0000950 seconds
256.883: Application time: 0.1830390 seconds
256.884: [GC [PSYoungGen: 104086K->7424K(107008K)] 130195K->33573K(153088K), 0.0018290 secs] [Times: user=0.00 sys=0.02, real=0.01 secs] 
256.885: Total time for which application threads were stopped: 0.0019850 seconds, Stopping threads took: 0.0000780 seconds
257.071: Application time: 0.1850750 seconds
257.071: [GC [PSYoungGen: 103668K->2320K(96256K)] 129818K->28469K(142336K), 0.0007420 secs] [Times: user=0.00 sys=0.00, real=0.00 secs] 
257.071: Total time for which application threads were stopped: 0.0008980 seconds, Stopping threads took: 0.0000830 seconds
257.235: Application time: 0.1635630 seconds
257.235: [GC [PSYoungGen: 95742K->5440K(96256K)] 121892K->31669K(142336K), 0.0015740 secs] [Times: user=0.01 sys=0.00, real=0.01 secs] 
257.237: Total time for which application threads were stopped: 0.0017180 seconds, Stopping threads took: 0.0000740 seconds
257.410: Application time: 0.1731570 seconds
257.410: [GC [PSYoungGen: 95357K->4336K(92160K)] 121586K->30745K(138240K), 0.0011130 secs] [Times: user=0.00 sys=0.00, real=0.00 secs] 
257.411: Total time for which application threads were stopped: 0.0012640 seconds, Stopping threads took: 0.0000830 seconds
257.563: Application time: 0.1523030 seconds
257.564: [GC [PSYoungGen: 91734K->7424K(92160K)] 118144K->33873K(138240K), 0.0020870 secs] [Times: user=0.01 sys=0.00, real=0.01 secs] 
257.566: Total time for which application threads were stopped: 0.0022460 seconds, Stopping threads took: 0.0000830 seconds
257.723: Application time: 0.1578030 seconds
257.724: [GC [PSYoungGen: 91286K->5376K(87552K)] 117736K->31825K(133632K), 0.0015460 secs] [Times: user=0.01 sys=0.00, real=0.01 secs] 
257.725: Total time for which application threads were stopped: 0.0016910 seconds, Stopping threads took: 0.0000650 seconds
257.882: Application time: 0.1563580 seconds
257.882: [GC [PSYoungGen: 86273K->3488K(82944K)] 112723K->29937K(129024K), 0.0013660 secs] [Times: user=0.01 sys=0.00, real=0.00 secs] 
257.883: Total time for which application threads were stopped: 0.0015210 seconds, Stopping threads took: 0.0000850 seconds
258.027: Application time: 0.1437730 seconds
258.027: [GC [PSYoungGen: 82628K->5360K(82432K)] 109078K->32062K(128512K), 0.0018470 secs] [Times: user=0.01 sys=0.01, real=0.00 secs] 
258.029: Total time for which application threads were stopped: 0.0019970 seconds, Stopping threads took: 0.0000770 seconds
258.170: Application time: 0.1413630 seconds
258.170: [GC [PSYoungGen: 81920K->7424K(95232K)] 108622K->34166K(141312K), 0.0020470 secs] [Times: user=0.01 sys=0.00, real=0.00 secs] 
258.172: Total time for which application threads were stopped: 0.0022210 seconds, Stopping threads took: 0.0000990 seconds
258.323: Application time: 0.1508620 seconds
258.323: [GC [PSYoungGen: 92163K->7424K(101376K)] 118905K->34166K(147456K), 0.0018910 secs] [Times: user=0.00 sys=0.00, real=0.01 secs] 
258.325: Total time for which application threads were stopped: 0.0020560 seconds, Stopping threads took: 0.0000830 seconds
258.502: Application time: 0.1764180 seconds
258.502: [GC [PSYoungGen: 98262K->4496K(101888K)] 125004K->31238K(147968K), 0.0013100 secs] [Times: user=0.01 sys=0.00, real=0.00 secs] 
258.503: Total time for which application threads were stopped: 0.0014530 seconds, Stopping threads took: 0.0000720 seconds
258.663: Application time: 0.1595910 seconds
258.663: [GC [PSYoungGen: 95997K->7456K(119296K)] 122739K->34418K(165376K), 0.0017430 secs] [Times: user=0.01 sys=0.01, real=0.01 secs] 
258.665: Total time for which application threads were stopped: 0.0018960 seconds, Stopping threads took: 0.0000840 seconds
258.867: Application time: 0.2022680 seconds
258.867: [GC [PSYoungGen: 116748K->7424K(113152K)] 143710K->34454K(159232K), 0.0017520 secs] [Times: user=0.00 sys=0.01, real=0.00 secs] 
258.869: Total time for which application threads were stopped: 0.0019350 seconds, Stopping threads took: 0.0001000 seconds
259.066: Application time: 0.1971920 seconds
259.066: [GC [PSYoungGen: 112603K->6400K(108544K)] 139634K->33430K(154624K), 0.0017210 secs] [Times: user=0.01 sys=0.00, real=0.00 secs] 
259.068: Total time for which application threads were stopped: 0.0018670 seconds, Stopping threads took: 0.0000700 seconds
259.257: Application time: 0.1887720 seconds
259.257: [GC [PSYoungGen: 107996K->6544K(104960K)] 135026K->33574K(151040K), 0.0021180 secs] [Times: user=0.01 sys=0.00, real=0.00 secs] 
259.259: Total time for which application threads were stopped: 0.0022600 seconds, Stopping threads took: 0.0000670 seconds
259.447: Application time: 0.1884360 seconds
259.448: [GC [PSYoungGen: 104155K->4320K(99328K)] 131186K->31590K(145408K), 0.0014020 secs] [Times: user=0.01 sys=0.00, real=0.00 secs] 
259.449: Total time for which application threads were stopped: 0.0015660 seconds, Stopping threads took: 0.0000820 seconds
259.616: Application time: 0.1674270 seconds
259.617: [GC [PSYoungGen: 98877K->7424K(99328K)] 126148K->34734K(145408K), 0.0021410 secs] [Times: user=0.01 sys=0.00, real=0.00 secs] 
259.619: Total time for which application threads were stopped: 0.0022860 seconds, Stopping threads took: 0.0000730 seconds
259.793: Application time: 0.1746670 seconds
259.794: [GC [PSYoungGen: 99040K->6368K(95232K)] 126350K->33678K(141312K), 0.0019290 secs] [Times: user=0.01 sys=0.00, real=0.00 secs] 
259.795: Total time for which application threads were stopped: 0.0020750 seconds, Stopping threads took: 0.0000710 seconds
259.954: Application time: 0.1584180 seconds
259.954: [GC [PSYoungGen: 94920K->7488K(99840K)] 122231K->34870K(145920K), 0.0021150 secs] [Times: user=0.02 sys=0.00, real=0.01 secs] 
259.956: Total time for which application threads were stopped: 0.0023150 seconds, Stopping threads took: 0.0001190 seconds
260.132: Application time: 0.1754430 seconds
260.132: [GC [PSYoungGen: 96887K->6400K(116224K)] 124270K->33963K(162304K), 0.0015330 secs] [Times: user=0.00 sys=0.01, real=0.00 secs] 
260.133: Total time for which application threads were stopped: 0.0016800 seconds, Stopping threads took: 0.0000700 seconds
260.330: Application time: 0.1970310 seconds
260.332: [GC [PSYoungGen: 112388K->5344K(108544K)] 139951K->32955K(154624K), 0.0014680 secs] [Times: user=0.01 sys=0.00, real=0.00 secs] 
260.334: Total time for which application threads were stopped: 0.0033270 seconds, Stopping threads took: 0.0017850 seconds
260.526: Application time: 0.1919170 seconds
260.526: [GC [PSYoungGen: 108208K->2416K(105984K)] 135820K->30027K(152064K), 0.0008460 secs] [Times: user=0.00 sys=0.00, real=0.00 secs] 
260.527: Total time for which application threads were stopped: 0.0010130 seconds, Stopping threads took: 0.0000920 seconds
260.699: Application time: 0.1720560 seconds
260.699: [GC [PSYoungGen: 101049K->7456K(103424K)] 128660K->35275K(149504K), 0.0022140 secs] [Times: user=0.01 sys=0.00, real=0.00 secs] 
260.701: Total time for which application threads were stopped: 0.0023530 seconds, Stopping threads took: 0.0000640 seconds
260.881: Application time: 0.1799180 seconds
260.881: [GC [PSYoungGen: 102994K->7424K(100352K)] 130813K->35319K(146432K), 0.0020240 secs] [Times: user=0.01 sys=0.00, real=0.00 secs] 
260.883: Total time for which application threads were stopped: 0.0021670 seconds, Stopping threads took: 0.0000690 seconds
261.060: Application time: 0.1766590 seconds
261.060: [GC [PSYoungGen: 99558K->5376K(95232K)] 127453K->33271K(141312K), 0.0016410 secs] [Times: user=0.01 sys=0.00, real=0.00 secs] 
261.062: Total time for which application threads were stopped: 0.0017870 seconds, Stopping threads took: 0.0000650 seconds
261.219: Application time: 0.1577530 seconds
261.219: [GC [PSYoungGen: 94294K->7520K(98816K)] 122190K->35415K(144896K), 0.0021260 secs] [Times: user=0.01 sys=0.00, real=0.00 secs] 
261.222: Total time for which application threads were stopped: 0.0022740 seconds, Stopping threads took: 0.0000710 seconds
261.385: Application time: 0.1634480 seconds
261.385: [GC [PSYoungGen: 96877K->5440K(92160K)] 124772K->33551K(138240K), 0.0017400 secs] [Times: user=0.01 sys=0.00, real=0.00 secs] 
261.387: Total time for which application threads were stopped: 0.0018920 seconds, Stopping threads took: 0.0000730 seconds
261.552: Application time: 0.1649830 seconds
261.552: [GC [PSYoungGen: 91466K->5264K(90112K)] 119578K->33443K(136192K), 0.0018150 secs] [Times: user=0.00 sys=0.00, real=0.00 secs] 
261.554: Total time for which application threads were stopped: 0.0019810 seconds, Stopping threads took: 0.0000870 seconds
261.700: Application time: 0.1460190 seconds
261.700: [GC [PSYoungGen: 87967K->7392K(93184K)] 116147K->35571K(139264K), 0.0021370 secs] [Times: user=0.01 sys=0.00, real=0.00 secs] 
261.702: Total time for which application threads were stopped: 0.0022990 seconds, Stopping threads took: 0.0000740 seconds
261.858: Application time: 0.1556290 seconds
261.858: [GC [PSYoungGen: 90422K->6400K(110080K)] 118601K->34579K(156160K), 0.0014310 secs] [Times: user=0.01 sys=0.00, real=0.00 secs] 
261.859: Total time for which application threads were stopped: 0.0015720 seconds, Stopping threads took: 0.0000720 seconds
262.042: Application time: 0.1830230 seconds
262.043: [GC [PSYoungGen: 105776K->7616K(110080K)] 133955K->35875K(156160K), 0.0018480 secs] [Times: user=0.00 sys=0.00, real=0.01 secs] 
262.044: Total time for which application threads were stopped: 0.0019960 seconds, Stopping threads took: 0.0000760 seconds
262.232: Application time: 0.1873810 seconds
262.232: [GC [PSYoungGen: 107429K->7360K(130560K)] 135688K->35816K(176640K), 0.0017870 secs] [Times: user=0.00 sys=0.01, real=0.00 secs] 
262.234: Total time for which application threads were stopped: 0.0019500 seconds, Stopping threads took: 0.0000780 seconds
262.454: Application time: 0.2201920 seconds
262.454: [GC [PSYoungGen: 127270K->7424K(123904K)] 155726K->35880K(169984K), 0.0016980 secs] [Times: user=0.01 sys=0.00, real=0.00 secs] 
262.456: Total time for which application threads were stopped: 0.0018300 seconds, Stopping threads took: 0.0000540 seconds
262.671: Application time: 0.2148680 seconds
262.671: [GC [PSYoungGen: 122962K->3488K(116224K)] 151418K->31944K(162304K), 0.0010640 secs] [Times: user=0.01 sys=0.00, real=0.00 secs] 
262.672: Total time for which application threads were stopped: 0.0011910 seconds, Stopping threads took: 0.0000570 seconds
262.883: Application time: 0.2106680 seconds
262.884: [GC [PSYoungGen: 115601K->5392K(113664K)] 144057K->34092K(159744K), 0.0017020 secs] [Times: user=0.02 sys=0.00, real=0.00 secs] 
262.886: Total time for which application threads were stopped: 0.0033530 seconds, Stopping threads took: 0.0015610 seconds
263.085: Application time: 0.1985820 seconds
263.085: [GC [PSYoungGen: 113412K->5376K(109568K)] 142113K->34124K(155648K), 0.0016530 secs] [Times: user=0.01 sys=0.00, real=0.00 secs] 
263.086: Total time for which application threads were stopped: 0.0017940 seconds, Stopping threads took: 0.0000610 seconds
263.272: Application time: 0.1856910 seconds
263.272: [GC [PSYoungGen: 108589K->6592K(107008K)] 137337K->35340K(153088K), 0.0020070 secs] [Times: user=0.01 sys=0.00, real=0.00 secs] 
263.274: Total time for which application threads were stopped: 0.0021670 seconds, Stopping threads took: 0.0000800 seconds
263.461: Application time: 0.1868460 seconds
263.461: [GC [PSYoungGen: 106461K->6400K(103424K)] 135210K->35400K(149504K), 0.0018450 secs] [Times: user=0.01 sys=0.00, real=0.00 secs] 
263.463: Total time for which application threads were stopped: 0.0019780 seconds, Stopping threads took: 0.0000530 seconds
263.645: Application time: 0.1817840 seconds
263.645: [GC [PSYoungGen: 102773K->5344K(99328K)] 131774K->34384K(145408K), 0.0017890 secs] [Times: user=0.01 sys=0.00, real=0.00 secs] 
263.647: Total time for which application threads were stopped: 0.0019460 seconds, Stopping threads took: 0.0000840 seconds
263.814: Application time: 0.1672130 seconds
263.814: [GC [PSYoungGen: 98961K->6400K(97280K)] 128002K->35440K(143360K), 0.0017470 secs] [Times: user=0.01 sys=0.00, real=0.00 secs] 
263.816: Total time for which application threads were stopped: 0.0018920 seconds, Stopping threads took: 0.0000690 seconds
263.989: Application time: 0.1728520 seconds
263.989: [GC [PSYoungGen: 96360K->6592K(94208K)] 125400K->35632K(140288K), 0.0020290 secs] [Times: user=0.01 sys=0.00, real=0.00 secs] 
263.991: Total time for which application threads were stopped: 0.0021880 seconds, Stopping threads took: 0.0000740 seconds
264.144: Application time: 0.1534320 seconds
264.144: [GC [PSYoungGen: 93616K->5408K(97792K)] 122657K->36753K(143872K), 0.0021410 secs] [Times: user=0.02 sys=0.00, real=0.00 secs] 
264.147: Total time for which application threads were stopped: 0.0022850 seconds, Stopping threads took: 0.0000680 seconds
264.323: Application time: 0.1760360 seconds
264.323: [GC [PSYoungGen: 96576K->5376K(94720K)] 127921K->36769K(140800K), 0.0015570 secs] [Times: user=0.01 sys=0.00, real=0.01 secs] 
264.324: Total time for which application threads were stopped: 0.0017070 seconds, Stopping threads took: 0.0000700 seconds
264.479: Application time: 0.1549230 seconds
264.479: [GC [PSYoungGen: 93558K->7424K(97792K)] 124951K->38817K(143872K), 0.0021130 secs] [Times: user=0.01 sys=0.00, real=0.00 secs] 
264.482: Total time for which application threads were stopped: 0.0022630 seconds, Stopping threads took: 0.0000760 seconds
264.655: Application time: 0.1731090 seconds
264.655: [GC [PSYoungGen: 95907K->4528K(90624K)] 127300K->35921K(136704K), 0.0014250 secs] [Times: user=0.00 sys=0.01, real=0.01 secs] 
264.656: Total time for which application threads were stopped: 0.0015740 seconds, Stopping threads took: 0.0000730 seconds
264.809: Application time: 0.1529940 seconds
264.809: [GC [PSYoungGen: 90049K->7424K(95232K)] 121442K->39069K(141312K), 0.0020720 secs] [Times: user=0.02 sys=0.00, real=0.00 secs] 
264.811: Total time for which application threads were stopped: 0.0022200 seconds, Stopping threads took: 0.0000750 seconds
264.972: Application time: 0.1600860 seconds
264.972: [GC [PSYoungGen: 93364K->4320K(95232K)] 125010K->35997K(141312K), 0.0012910 secs] [Times: user=0.00 sys=0.00, real=0.00 secs] 
264.973: Total time for which application threads were stopped: 0.0014260 seconds, Stopping threads took: 0.0000670 seconds
265.137: Application time: 0.1640810 seconds
265.140: [GC [PSYoungGen: 90292K->4352K(87552K)] 121969K->36029K(133632K), 0.0010670 secs] [Times: user=0.01 sys=0.00, real=0.00 secs] 
265.141: Total time for which application threads were stopped: 0.0042260 seconds, Stopping threads took: 0.0030900 seconds
265.287: Application time: 0.1455700 seconds
265.287: [GC [PSYoungGen: 86731K->7552K(108032K)] 118409K->39229K(154112K), 0.0020700 secs] [Times: user=0.01 sys=0.01, real=0.00 secs] 
265.289: Total time for which application threads were stopped: 0.0022260 seconds, Stopping threads took: 0.0000710 seconds
265.478: Application time: 0.1891260 seconds
265.478: [GC [PSYoungGen: 106368K->5408K(100864K)] 138045K->37293K(146944K), 0.0014770 secs] [Times: user=0.01 sys=0.00, real=0.00 secs] 
265.480: Total time for which application threads were stopped: 0.0016230 seconds, Stopping threads took: 0.0000740 seconds
265.652: Application time: 0.1717710 seconds
265.652: [GC [PSYoungGen: 100100K->5344K(97792K)] 131985K->37297K(143872K), 0.0017080 secs] [Times: user=0.00 sys=0.00, real=0.00 secs] 
265.653: Total time for which application threads were stopped: 0.0018430 seconds, Stopping threads took: 0.0000630 seconds
265.822: Application time: 0.1686840 seconds
265.822: [GC [PSYoungGen: 96518K->7424K(96768K)] 128472K->39377K(142848K), 0.0018990 secs] [Times: user=0.01 sys=0.01, real=0.01 secs] 
265.824: Total time for which application threads were stopped: 0.0020540 seconds, Stopping threads took: 0.0000740 seconds
265.986: Application time: 0.1614200 seconds
265.986: [GC [PSYoungGen: 96160K->5600K(91648K)] 128113K->37553K(137728K), 0.0017120 secs] [Times: user=0.01 sys=0.00, real=0.00 secs] 
265.987: Total time for which application threads were stopped: 0.0018470 seconds, Stopping threads took: 0.0000700 seconds
266.152: Application time: 0.1646510 seconds
266.152: [GC [PSYoungGen: 91459K->4368K(87552K)] 123413K->36526K(133632K), 0.0014630 secs] [Times: user=0.01 sys=0.00, real=0.00 secs] 
266.154: Total time for which application threads were stopped: 0.0016220 seconds, Stopping threads took: 0.0000900 seconds
266.301: Application time: 0.1469920 seconds
266.301: [GC [PSYoungGen: 86383K->6400K(87040K)] 118541K->38634K(133120K), 0.0019190 secs] [Times: user=0.01 sys=0.00, real=0.00 secs] 
266.303: Total time for which application threads were stopped: 0.0020680 seconds, Stopping threads took: 0.0000710 seconds
266.446: Application time: 0.1436200 seconds
266.447: [GC [PSYoungGen: 85891K->7424K(89600K)] 118125K->39658K(135680K), 0.0021190 secs] [Times: user=0.02 sys=0.00, real=0.00 secs] 
266.449: Total time for which application threads were stopped: 0.0022890 seconds, Stopping threads took: 0.0000850 seconds
266.604: Application time: 0.1551080 seconds
266.604: [GC [PSYoungGen: 87734K->3392K(81920K)] 119968K->35626K(128000K), 0.0011430 secs] [Times: user=0.01 sys=0.00, real=0.01 secs] 
266.606: Total time for which application threads were stopped: 0.0016870 seconds, Stopping threads took: 0.0000830 seconds
266.754: Application time: 0.1480130 seconds
266.754: [GC [PSYoungGen: 81273K->5408K(87552K)] 113507K->37830K(133632K), 0.0016230 secs] [Times: user=0.02 sys=0.00, real=0.00 secs] 
266.755: Total time for which application threads were stopped: 0.0018110 seconds, Stopping threads took: 0.0001130 seconds
266.898: Application time: 0.1430060 seconds
266.899: [GC [PSYoungGen: 83340K->4320K(80384K)] 115762K->36830K(126464K), 0.0014130 secs] [Times: user=0.01 sys=0.00, real=0.00 secs] 
266.900: Total time for which application threads were stopped: 0.0016570 seconds, Stopping threads took: 0.0001750 seconds
267.042: Application time: 0.1423260 seconds
267.042: [GC [PSYoungGen: 79979K->5392K(78848K)] 112489K->37942K(124928K), 0.0016300 secs] [Times: user=0.01 sys=0.00, real=0.00 secs] 
267.044: Total time for which application threads were stopped: 0.0017850 seconds, Stopping threads took: 0.0000680 seconds
267.178: Application time: 0.1342680 seconds
267.179: [GC [PSYoungGen: 78608K->6416K(81920K)] 111158K->38966K(128000K), 0.0019230 secs] [Times: user=0.01 sys=0.00, real=0.00 secs] 
267.180: Total time for which application threads were stopped: 0.0020860 seconds, Stopping threads took: 0.0000840 seconds
267.315: Application time: 0.1347860 seconds
267.315: [GC [PSYoungGen: 79311K->5552K(96768K)] 111862K->38102K(142848K), 0.0013190 secs] [Times: user=0.00 sys=0.01, real=0.01 secs] 
267.317: Total time for which application threads were stopped: 0.0014740 seconds, Stopping threads took: 0.0000810 seconds
267.470: Application time: 0.1529620 seconds
267.470: [GC [PSYoungGen: 92710K->7456K(96768K)] 125260K->40214K(142848K), 0.0018810 secs] [Times: user=0.01 sys=0.00, real=0.00 secs] 
267.472: Total time for which application threads were stopped: 0.0020600 seconds, Stopping threads took: 0.0001010 seconds
267.643: Application time: 0.1711340 seconds
267.643: [GC [PSYoungGen: 95211K->7392K(114176K)] 127970K->40226K(160256K), 0.0017990 secs] [Times: user=0.00 sys=0.01, real=0.01 secs] 
267.645: Total time for which application threads were stopped: 0.0020040 seconds, Stopping threads took: 0.0001170 seconds
267.842: Application time: 0.1975170 seconds
267.843: [GC [PSYoungGen: 112481K->6400K(108544K)] 145316K->39234K(154624K), 0.0014880 secs] [Times: user=0.01 sys=0.00, real=0.00 secs] 
267.844: Total time for which application threads were stopped: 0.0016370 seconds, Stopping threads took: 0.0000790 seconds
268.035: Application time: 0.1913450 seconds
268.036: [GC [PSYoungGen: 108275K->1376K(103936K)] 141109K->34210K(150016K), 0.0007970 secs] [Times: user=0.00 sys=0.00, real=0.01 secs] 
268.036: Total time for which application threads were stopped: 0.0009320 seconds, Stopping threads took: 0.0000700 seconds
268.209: Application time: 0.1727220 seconds
268.209: [GC [PSYoungGen: 99313K->6400K(101376K)] 132148K->39479K(147456K), 0.0020190 secs] [Times: user=0.02 sys=0.00, real=0.00 secs] 
268.211: Total time for which application threads were stopped: 0.0021730 seconds, Stopping threads took: 0.0000680 seconds
268.388: Application time: 0.1766350 seconds
268.388: [GC [PSYoungGen: 100415K->7424K(99328K)] 133494K->40543K(145408K), 0.0021430 secs] [Times: user=0.01 sys=0.00, real=0.00 secs] 
268.390: Total time for which application threads were stopped: 0.0023620 seconds, Stopping threads took: 0.0001450 seconds
268.554: Application time: 0.1636880 seconds
268.554: [GC [PSYoungGen: 98048K->7424K(102912K)] 131167K->40543K(148992K), 0.0021190 secs] [Times: user=0.02 sys=0.00, real=0.01 secs] 
268.556: Total time for which application threads were stopped: 0.0022680 seconds, Stopping threads took: 0.0000690 seconds
268.731: Application time: 0.1752250 seconds
268.732: [GC [PSYoungGen: 100123K->7536K(120320K)] 133242K->40655K(166400K), 0.0018570 secs] [Times: user=0.00 sys=0.00, real=0.00 secs] 
268.733: Total time for which application threads were stopped: 0.0020090 seconds, Stopping threads took: 0.0000710 seconds
268.937: Application time: 0.2037740 seconds
268.937: [GC [PSYoungGen: 116975K->7392K(120320K)] 150094K->40743K(166400K), 0.0019070 secs] [Times: user=0.02 sys=0.00, real=0.00 secs] 
268.939: Total time for which application threads were stopped: 0.0020460 seconds, Stopping threads took: 0.0000690 seconds
269.141: Application time: 0.2015620 seconds
269.141: [GC [PSYoungGen: 116708K->7360K(113664K)] 150060K->40751K(159744K), 0.0016280 secs] [Times: user=0.00 sys=0.00, real=0.00 secs] 
269.143: Total time for which application threads were stopped: 0.0017680 seconds, Stopping threads took: 0.0000710 seconds
269.338: Application time: 0.1954600 seconds
269.338: [GC [PSYoungGen: 113120K->7616K(110080K)] 146511K->41007K(156160K), 0.0020720 secs] [Times: user=0.01 sys=0.00, real=0.00 secs] 
269.340: Total time for which application threads were stopped: 0.0022290 seconds, Stopping threads took: 0.0000720 seconds
269.534: Application time: 0.1935490 seconds
269.534: [GC [PSYoungGen: 109715K->5424K(104448K)] 143106K->39023K(150528K), 0.0012560 secs] [Times: user=0.00 sys=0.00, real=0.00 secs] 
269.535: Total time for which application threads were stopped: 0.0014240 seconds, Stopping threads took: 0.0000970 seconds
269.709: Application time: 0.1734460 seconds
269.709: [GC [PSYoungGen: 103547K->7392K(102912K)] 137146K->41059K(148992K), 0.0022850 secs] [Times: user=0.01 sys=0.00, real=0.00 secs] 
269.711: Total time for which application threads were stopped: 0.0024380 seconds, Stopping threads took: 0.0000790 seconds
269.892: Application time: 0.1805500 seconds
269.892: [GC [PSYoungGen: 102624K->5376K(97792K)] 136291K->39043K(143872K), 0.0015300 secs] [Times: user=0.01 sys=0.00, real=0.00 secs] 
269.893: Total time for which application threads were stopped: 0.0016760 seconds, Stopping threads took: 0.0000650 seconds
270.069: Application time: 0.1761150 seconds
270.070: [GC [PSYoungGen: 96969K->3536K(92672K)] 130636K->37203K(138752K), 0.0013290 secs] [Times: user=0.01 sys=0.00, real=0.00 secs] 
270.071: Total time for which application threads were stopped: 0.0014560 seconds, Stopping threads took: 0.0000600 seconds
270.229: Application time: 0.1578430 seconds
270.229: [GC [PSYoungGen: 92128K->6416K(92672K)] 125796K->40336K(138752K), 0.0019410 secs] [Times: user=0.01 sys=0.00, real=0.00 secs] 
270.231: Total time for which application threads were stopped: 0.0020720 seconds, Stopping threads took: 0.0000570 seconds
270.383: Application time: 0.1524610 seconds
270.383: [GC [PSYoungGen: 91655K->7424K(111104K)] 125575K->41384K(157184K), 0.0022770 secs] [Times: user=0.02 sys=0.00, real=0.01 secs] 
270.386: Total time for which application threads were stopped: 0.0024360 seconds, Stopping threads took: 0.0000790 seconds
270.579: Application time: 0.1928090 seconds
270.579: [GC [PSYoungGen: 110274K->6400K(106496K)] 144234K->40360K(152576K), 0.0017780 secs] [Times: user=0.01 sys=0.00, real=0.00 secs] 
270.581: Total time for which application threads were stopped: 0.0019370 seconds, Stopping threads took: 0.0000760 seconds
270.765: Application time: 0.1842360 seconds
270.765: [GC [PSYoungGen: 105502K->7520K(112128K)] 139462K->41480K(158208K), 0.0021490 secs] [Times: user=0.02 sys=0.00, real=0.00 secs] 
270.767: Total time for which application threads were stopped: 0.0023080 seconds, Stopping threads took: 0.0000850 seconds
270.957: Application time: 0.1903730 seconds
270.958: [GC [PSYoungGen: 109517K->5376K(104448K)] 143477K->39588K(150528K), 0.0013360 secs] [Times: user=0.01 sys=0.00, real=0.00 secs] 
270.959: Total time for which application threads were stopped: 0.0014910 seconds, Stopping threads took: 0.0000860 seconds
271.147: Application time: 0.1879550 seconds
271.147: [GC [PSYoungGen: 103406K->1248K(96768K)] 137618K->35524K(142848K), 0.0007430 secs] [Times: user=0.00 sys=0.00, real=0.00 secs] 
271.148: Total time for which application threads were stopped: 0.0008890 seconds, Stopping threads took: 0.0000710 seconds
271.315: Application time: 0.1673330 seconds
271.315: [GC [PSYoungGen: 95626K->5408K(97792K)] 129903K->39684K(143872K), 0.0013200 secs] [Times: user=0.00 sys=0.01, real=0.01 secs] 
271.317: Total time for which application threads were stopped: 0.0014680 seconds, Stopping threads took: 0.0000810 seconds
271.491: Application time: 0.1748620 seconds
271.492: [GC [PSYoungGen: 97146K->4448K(93696K)] 131423K->38796K(139776K), 0.0014990 secs] [Times: user=0.00 sys=0.00, real=0.00 secs] 
271.493: Total time for which application threads were stopped: 0.0016630 seconds, Stopping threads took: 0.0000940 seconds
271.650: Application time: 0.1567240 seconds
271.650: [GC [PSYoungGen: 92742K->6432K(92672K)] 127090K->40972K(138752K), 0.0019330 secs] [Times: user=0.01 sys=0.00, real=0.00 secs] 
271.652: Total time for which application threads were stopped: 0.0020950 seconds, Stopping threads took: 0.0000820 seconds
271.817: Application time: 0.1645760 seconds
271.817: [GC [PSYoungGen: 92159K->3328K(86528K)] 126700K->37924K(132608K), 0.0012370 secs] [Times: user=0.01 sys=0.00, real=0.00 secs] 
271.818: Total time for which application threads were stopped: 0.0013670 seconds, Stopping threads took: 0.0000650 seconds
271.968: Application time: 0.1500380 seconds
271.968: [GC [PSYoungGen: 85319K->6432K(87040K)] 119916K->41028K(133120K), 0.0018760 secs] [Times: user=0.01 sys=0.00, real=0.00 secs] 
271.970: Total time for which application threads were stopped: 0.0020350 seconds, Stopping threads took: 0.0000820 seconds
272.114: Application time: 0.1439450 seconds
272.114: [GC [PSYoungGen: 86677K->6560K(84480K)] 121273K->41204K(130560K), 0.0020670 secs] [Times: user=0.01 sys=0.00, real=0.01 secs] 
272.116: Total time for which application threads were stopped: 0.0022340 seconds, Stopping threads took: 0.0000920 seconds
272.261: Application time: 0.1449590 seconds
272.261: [GC [PSYoungGen: 84192K->6368K(92160K)] 118837K->41212K(138240K), 0.0019430 secs] [Times: user=0.01 sys=0.00, real=0.00 secs] 
272.263: Total time for which application threads were stopped: 0.0021510 seconds, Stopping threads took: 0.0001240 seconds
272.425: Application time: 0.1612850 seconds
272.425: [GC [PSYoungGen: 91872K->7424K(95232K)] 126716K->42309K(141312K), 0.0020590 secs] [Times: user=0.01 sys=0.00, real=0.00 secs] 
272.427: Total time for which application threads were stopped: 0.0021980 seconds, Stopping threads took: 0.0000620 seconds
272.583: Application time: 0.1567310 seconds
272.584: [GC [PSYoungGen: 92701K->7424K(112128K)] 127585K->42309K(158208K), 0.0017400 secs] [Times: user=0.00 sys=0.01, real=0.01 secs] 
272.585: Total time for which application threads were stopped: 0.0019130 seconds, Stopping threads took: 0.0001030 seconds
272.781: Application time: 0.1952370 seconds
272.781: [GC [PSYoungGen: 109824K->4560K(103424K)] 144709K->39445K(149504K), 0.0011200 secs] [Times: user=0.01 sys=0.00, real=0.00 secs] 
272.782: Total time for which application threads were stopped: 0.0012620 seconds, Stopping threads took: 0.0000600 seconds
272.956: Application time: 0.1739070 seconds
272.956: [GC [PSYoungGen: 103006K->7392K(102912K)] 137890K->42521K(148992K), 0.0020740 secs] [Times: user=0.00 sys=0.01, real=0.01 secs] 
272.958: Total time for which application threads were stopped: 0.0022720 seconds, Stopping threads took: 0.0001240 seconds
273.137: Application time: 0.1784630 seconds
273.137: [GC [PSYoungGen: 102469K->7424K(105984K)] 137599K->42593K(152064K), 0.0020150 secs] [Times: user=0.01 sys=0.00, real=0.00 secs] 
273.139: Total time for which application threads were stopped: 0.0021650 seconds, Stopping threads took: 0.0000760 seconds
273.324: Application time: 0.1852530 seconds
273.324: [GC [PSYoungGen: 102893K->3312K(96256K)] 138062K->38481K(142336K), 0.0008120 secs] [Times: user=0.01 sys=0.00, real=0.00 secs] 
273.325: Total time for which application threads were stopped: 0.0009700 seconds, Stopping threads took: 0.0000760 seconds
273.491: Application time: 0.1658420 seconds
273.491: [GC [PSYoungGen: 95657K->5536K(95232K)] 130826K->40753K(141312K), 0.0015960 secs] [Times: user=0.00 sys=0.01, real=0.00 secs] 
273.493: Total time for which application threads were stopped: 0.0017300 seconds, Stopping threads took: 0.0000600 seconds
273.662: Application time: 0.1696720 seconds
273.662: [GC [PSYoungGen: 95136K->2288K(89088K)] 130353K->37713K(135168K), 0.0009110 secs] [Times: user=0.00 sys=0.00, real=0.00 secs] 
273.663: Total time for which application threads were stopped: 0.0010670 seconds, Stopping threads took: 0.0000920 seconds
273.820: Application time: 0.1566790 seconds
273.820: [GC [PSYoungGen: 88816K->5376K(89088K)] 124241K->40841K(135168K), 0.0015420 secs] [Times: user=0.00 sys=0.00, real=0.00 secs] 
273.822: Total time for which application threads were stopped: 0.0016810 seconds, Stopping threads took: 0.0000650 seconds
273.975: Application time: 0.1533040 seconds
273.975: [GC [PSYoungGen: 88571K->5376K(86528K)] 124036K->40841K(132608K), 0.0016990 secs] [Times: user=0.01 sys=0.00, real=0.01 secs] 
273.977: Total time for which application threads were stopped: 0.0018460 seconds, Stopping threads took: 0.0000670 seconds
274.129: Application time: 0.1519550 seconds
274.129: [GC [PSYoungGen: 85429K->5552K(83968K)] 120894K->41017K(130048K), 0.0017870 secs] [Times: user=0.01 sys=0.00, real=0.00 secs] 
274.131: Total time for which application threads were stopped: 0.0019400 seconds, Stopping threads took: 0.0000810 seconds
274.275: Application time: 0.1443620 seconds
274.275: [GC [PSYoungGen: 83845K->4368K(80384K)] 119311K->40069K(126464K), 0.0015460 secs] [Times: user=0.01 sys=0.00, real=0.01 secs] 
274.277: Total time for which application threads were stopped: 0.0016940 seconds, Stopping threads took: 0.0000760 seconds
274.415: Application time: 0.1386690 seconds
274.416: [GC [PSYoungGen: 79885K->6400K(79872K)] 115586K->42141K(125952K), 0.0019600 secs] [Times: user=0.01 sys=0.00, real=0.01 secs] 
274.418: Total time for which application threads were stopped: 0.0021550 seconds, Stopping threads took: 0.0001100 seconds
274.552: Application time: 0.1344460 seconds
274.552: [GC [PSYoungGen: 79616K->6400K(90624K)] 115357K->43165K(136704K), 0.0022660 secs] [Times: user=0.01 sys=0.00, real=0.00 secs] 
274.554: Total time for which application threads were stopped: 0.0024320 seconds, Stopping threads took: 0.0000690 seconds
274.707: Application time: 0.1525700 seconds
274.707: [GC [PSYoungGen: 89685K->5408K(93184K)] 126451K->42173K(139264K), 0.0015090 secs] [Times: user=0.01 sys=0.00, real=0.00 secs] 
274.709: Total time for which application threads were stopped: 0.0016560 seconds, Stopping threads took: 0.0000750 seconds
274.867: Application time: 0.1579660 seconds
274.867: [GC [PSYoungGen: 89275K->5472K(108544K)] 126041K->42318K(154624K), 0.0012500 secs] [Times: user=0.01 sys=0.00, real=0.00 secs] 
274.868: Total time for which application threads were stopped: 0.0013890 seconds, Stopping threads took: 0.0000690 seconds
275.053: Application time: 0.1845670 seconds
275.053: [GC [PSYoungGen: 106116K->5376K(102912K)] 142962K->42410K(148992K), 0.0013070 secs] [Times: user=0.01 sys=0.00, real=0.00 secs] 
275.054: Total time for which application threads were stopped: 0.0014630 seconds, Stopping threads took: 0.0000750 seconds
275.239: Application time: 0.1848290 seconds
275.239: [GC [PSYoungGen: 102466K->5376K(99328K)] 139500K->42450K(145408K), 0.0013590 secs] [Times: user=0.00 sys=0.00, real=0.00 secs] 
275.240: Total time for which application threads were stopped: 0.0014850 seconds, Stopping threads took: 0.0000580 seconds
275.412: Application time: 0.1718660 seconds
275.412: [GC [PSYoungGen: 98318K->4416K(95232K)] 135392K->41490K(141312K), 0.0014640 secs] [Times: user=0.01 sys=0.00, real=0.00 secs] 
275.414: Total time for which application threads were stopped: 0.0016050 seconds, Stopping threads took: 0.0000710 seconds
275.578: Application time: 0.1640140 seconds
275.578: [GC [PSYoungGen: 94772K->5456K(93184K)] 131846K->42674K(139264K), 0.0015830 secs] [Times: user=0.02 sys=0.00, real=0.00 secs] 
275.580: Total time for which application threads were stopped: 0.0017280 seconds, Stopping threads took: 0.0000620 seconds
275.744: Application time: 0.1646750 seconds
275.744: [GC [PSYoungGen: 92598K->4352K(89088K)] 129816K->41714K(135168K), 0.0014970 secs] [Times: user=0.01 sys=0.00, real=0.00 secs] 
275.746: Total time for which application threads were stopped: 0.0016220 seconds, Stopping threads took: 0.0000570 seconds
275.900: Application time: 0.1537620 seconds
275.900: [GC [PSYoungGen: 88828K->5376K(87552K)] 126191K->42738K(133632K), 0.0015270 secs] [Times: user=0.01 sys=0.00, real=0.00 secs] 
275.901: Total time for which application threads were stopped: 0.0016750 seconds, Stopping threads took: 0.0000690 seconds
276.061: Application time: 0.1600060 seconds
276.061: [GC [PSYoungGen: 86989K->5408K(84992K)] 124352K->42770K(131072K), 0.0018330 secs] [Times: user=0.01 sys=0.00, real=0.00 secs] 
276.063: Total time for which application threads were stopped: 0.0019900 seconds, Stopping threads took: 0.0000860 seconds
276.209: Application time: 0.1457490 seconds
276.209: [GC [PSYoungGen: 84593K->4480K(88576K)] 121956K->44982K(134656K), 0.0021420 secs] [Times: user=0.01 sys=0.00, real=0.00 secs] 
276.211: Total time for which application threads were stopped: 0.0023070 seconds, Stopping threads took: 0.0000820 seconds
276.367: Application time: 0.1555480 seconds
276.367: [GC [PSYoungGen: 88200K->6432K(91136K)] 128702K->47110K(137216K), 0.0019050 secs] [Times: user=0.01 sys=0.00, real=0.00 secs] 
276.369: Total time for which application threads were stopped: 0.0020630 seconds, Stopping threads took: 0.0000820 seconds
276.528: Application time: 0.1592760 seconds
276.528: [GC [PSYoungGen: 90157K->4352K(86016K)] 130836K->45086K(132096K), 0.0010730 secs] [Times: user=0.00 sys=0.00, real=0.00 secs] 
276.530: Total time for which application threads were stopped: 0.0012070 seconds, Stopping threads took: 0.0000670 seconds
276.674: Application time: 0.1444990 seconds
276.674: [GC [PSYoungGen: 85273K->6384K(85504K)] 126008K->47118K(131584K), 0.0016120 secs] [Times: user=0.01 sys=0.00, real=0.00 secs] 
276.676: Total time for which application threads were stopped: 0.0017470 seconds, Stopping threads took: 0.0000670 seconds
276.819: Application time: 0.1435440 seconds
276.819: [GC [PSYoungGen: 84565K->4464K(99328K)] 125300K->48271K(145408K), 0.0019890 secs] [Times: user=0.00 sys=0.02, real=0.00 secs] 
276.821: [Full GC [PSYoungGen: 4464K->0K(99328K)] [ParOldGen: 43806K->11116K(48640K)] 48271K->11116K(147968K) [PSPermGen: 5528K->5528K(21504K)], 0.0070700 secs] [Times: user=0.03 sys=0.00, real=0.01 secs] 
276.829: Total time for which application threads were stopped: 0.0092760 seconds, Stopping threads took: 0.0000880 seconds
277.011: Application time: 0.1819350 seconds
277.011: [GC [PSYoungGen: 94378K->3376K(95232K)] 105494K->14492K(143872K), 0.0010160 secs] [Times: user=0.00 sys=0.00, real=0.00 secs] 
277.012: Total time for which application threads were stopped: 0.0011420 seconds, Stopping threads took: 0.0000590 seconds
277.176: Application time: 0.1647870 seconds
277.177: [GC [PSYoungGen: 94327K->5376K(94208K)] 105443K->16576K(142848K), 0.0015550 secs] [Times: user=0.01 sys=0.00, real=0.00 secs] 
277.178: Total time for which application threads were stopped: 0.0016970 seconds, Stopping threads took: 0.0000690 seconds
277.343: Application time: 0.1644550 seconds
277.343: [GC [PSYoungGen: 93199K->3328K(89088K)] 104399K->14528K(137728K), 0.0011490 secs] [Times: user=0.00 sys=0.00, real=0.00 secs] 
277.344: Total time for which application threads were stopped: 0.0012820 seconds, Stopping threads took: 0.0000630 seconds
277.499: Application time: 0.1549810 seconds
277.499: [GC [PSYoungGen: 88743K->6544K(89600K)] 99943K->17744K(138240K), 0.0018880 secs] [Times: user=0.02 sys=0.00, real=0.00 secs] 
277.501: Total time for which application threads were stopped: 0.0020290 seconds, Stopping threads took: 0.0000690 seconds
277.656: Application time: 0.1546250 seconds
277.656: [GC [PSYoungGen: 89031K->4320K(84992K)] 100231K->15732K(133632K), 0.0014520 secs] [Times: user=0.01 sys=0.00, real=0.01 secs] 
277.657: Total time for which application threads were stopped: 0.0016100 seconds, Stopping threads took: 0.0000890 seconds
277.803: Application time: 0.1462210 seconds
277.803: [GC [PSYoungGen: 84348K->6400K(84480K)] 95760K->17852K(133120K), 0.0018780 secs] [Times: user=0.01 sys=0.00, real=0.01 secs] 
277.805: Total time for which application threads were stopped: 0.0020310 seconds, Stopping threads took: 0.0000780 seconds
277.952: Application time: 0.1470340 seconds
277.953: [GC [PSYoungGen: 84224K->4320K(79872K)] 95676K->15820K(128512K), 0.0013670 secs] [Times: user=0.01 sys=0.00, real=0.00 secs] 
277.954: Total time for which application threads were stopped: 0.0015120 seconds, Stopping threads took: 0.0000650 seconds
278.095: Application time: 0.1410920 seconds
278.095: [GC [PSYoungGen: 79239K->3360K(78336K)] 90739K->14860K(126976K), 0.0010710 secs] [Times: user=0.00 sys=0.00, real=0.01 secs] 
278.096: Total time for which application threads were stopped: 0.0012010 seconds, Stopping threads took: 0.0000610 seconds
278.230: Application time: 0.1340070 seconds
278.230: [GC [PSYoungGen: 76064K->3408K(74240K)] 87564K->14996K(122880K), 0.0011010 secs] [Times: user=0.01 sys=0.00, real=0.00 secs] 
278.231: Total time for which application threads were stopped: 0.0012340 seconds, Stopping threads took: 0.0000650 seconds
278.359: Application time: 0.1276880 seconds
278.359: [GC [PSYoungGen: 74064K->5376K(74752K)] 85652K->17144K(123392K), 0.0016260 secs] [Times: user=0.01 sys=0.00, real=0.00 secs] 
278.361: Total time for which application threads were stopped: 0.0017610 seconds, Stopping threads took: 0.0000620 seconds
278.484: Application time: 0.1226850 seconds
278.484: [GC [PSYoungGen: 73111K->7424K(76800K)] 84879K->19192K(125440K), 0.0021570 secs] [Times: user=0.01 sys=0.00, real=0.01 secs] 
278.486: Total time for which application threads were stopped: 0.0023380 seconds, Stopping threads took: 0.0000950 seconds
278.613: Application time: 0.1266740 seconds
278.613: [GC [PSYoungGen: 75312K->6400K(91136K)] 87081K->18208K(139776K), 0.0014770 secs] [Times: user=0.01 sys=0.00, real=0.00 secs] 
278.614: Total time for which application threads were stopped: 0.0016150 seconds, Stopping threads took: 0.0000680 seconds
278.769: Application time: 0.1544910 seconds
278.769: [GC [PSYoungGen: 88822K->5424K(91136K)] 100630K->17232K(139776K), 0.0014080 secs] [Times: user=0.01 sys=0.00, real=0.00 secs] 
278.770: Total time for which application threads were stopped: 0.0015410 seconds, Stopping threads took: 0.0000650 seconds
278.919: Application time: 0.1488480 seconds
278.919: [GC [PSYoungGen: 87299K->6512K(108032K)] 99108K->18396K(156672K), 0.0015300 secs] [Times: user=0.00 sys=0.01, real=0.00 secs] 
278.921: Total time for which application threads were stopped: 0.0016810 seconds, Stopping threads took: 0.0000800 seconds
279.108: Application time: 0.1874690 seconds
279.108: [GC [PSYoungGen: 105830K->3344K(99328K)] 117715K->15401K(147968K), 0.0009070 secs] [Times: user=0.00 sys=0.00, real=0.00 secs] 
279.109: Total time for which application threads were stopped: 0.0010470 seconds, Stopping threads took: 0.0000690 seconds
279.282: Application time: 0.1728390 seconds
279.282: [GC [PSYoungGen: 98076K->5376K(98304K)] 110133K->17481K(146944K), 0.0014250 secs] [Times: user=0.01 sys=0.00, real=0.00 secs] 
279.284: Total time for which application threads were stopped: 0.0015660 seconds, Stopping threads took: 0.0000690 seconds
279.456: Application time: 0.1721840 seconds
279.456: [GC [PSYoungGen: 97066K->6432K(96256K)] 109171K->18537K(144896K), 0.0018280 secs] [Times: user=0.01 sys=0.01, real=0.01 secs] 
279.458: Total time for which application threads were stopped: 0.0019730 seconds, Stopping threads took: 0.0000690 seconds
279.621: Application time: 0.1630200 seconds
279.621: [GC [PSYoungGen: 95996K->4480K(91136K)] 108101K->16665K(139776K), 0.0014720 secs] [Times: user=0.01 sys=0.00, real=0.00 secs] 
279.623: Total time for which application threads were stopped: 0.0016180 seconds, Stopping threads took: 0.0000680 seconds
279.783: Application time: 0.1606460 seconds
279.784: [GC [PSYoungGen: 90142K->3344K(87040K)] 102328K->15709K(135680K), 0.0012510 secs] [Times: user=0.01 sys=0.00, real=0.00 secs] 
279.785: Total time for which application threads were stopped: 0.0022920 seconds, Stopping threads took: 0.0009720 seconds
279.935: Application time: 0.1498890 seconds
279.936: [GC [PSYoungGen: 86671K->7424K(88576K)] 99036K->19821K(137216K), 0.0021570 secs] [Times: user=0.02 sys=0.00, real=0.01 secs] 
279.938: Total time for which application threads were stopped: 0.0023210 seconds, Stopping threads took: 0.0000880 seconds
280.093: Application time: 0.1548900 seconds
280.093: [GC [PSYoungGen: 88029K->3328K(81920K)] 100426K->15725K(130560K), 0.0010780 secs] [Times: user=0.01 sys=0.00, real=0.00 secs] 
280.094: Total time for which application threads were stopped: 0.0012030 seconds, Stopping threads took: 0.0000610 seconds
280.234: Application time: 0.1399670 seconds
280.234: [GC [PSYoungGen: 81607K->6528K(82432K)] 94005K->18965K(131072K), 0.0019790 secs] [Times: user=0.01 sys=0.00, real=0.00 secs] 
280.236: Total time for which application threads were stopped: 0.0021570 seconds, Stopping threads took: 0.0000940 seconds
280.374: Application time: 0.1380020 seconds
280.374: [GC [PSYoungGen: 81885K->7424K(84992K)] 94322K->20077K(133632K), 0.0020840 secs] [Times: user=0.01 sys=0.00, real=0.01 secs] 
280.376: Total time for which application threads were stopped: 0.0022640 seconds, Stopping threads took: 0.0001010 seconds
280.518: Application time: 0.1417340 seconds
280.518: [GC [PSYoungGen: 82953K->7424K(100352K)] 95606K->20077K(148992K), 0.0016870 secs] [Times: user=0.01 sys=0.00, real=0.00 secs] 
280.520: Total time for which application threads were stopped: 0.0018350 seconds, Stopping threads took: 0.0000660 seconds
280.690: Application time: 0.1705620 seconds
280.690: [GC [PSYoungGen: 97872K->5376K(100864K)] 110525K->18077K(149504K), 0.0014330 secs] [Times: user=0.01 sys=0.00, real=0.00 secs] 
280.692: Total time for which application threads were stopped: 0.0015760 seconds, Stopping threads took: 0.0000730 seconds
280.855: Application time: 0.1628640 seconds
280.855: [GC [PSYoungGen: 95771K->7520K(118784K)] 108473K->20221K(167424K), 0.0017420 secs] [Times: user=0.00 sys=0.01, real=0.01 secs] 
280.857: Total time for which application threads were stopped: 0.0019010 seconds, Stopping threads took: 0.0000790 seconds
281.057: Application time: 0.2005380 seconds
281.057: [GC [PSYoungGen: 116089K->7456K(118784K)] 128791K->20305K(167424K), 0.0018430 secs] [Times: user=0.01 sys=0.00, real=0.00 secs] 
281.059: Total time for which application threads were stopped: 0.0019760 seconds, Stopping threads took: 0.0000610 seconds
281.259: Application time: 0.2000870 seconds
281.259: [GC [PSYoungGen: 115817K->7424K(112640K)] 128667K->20393K(161280K), 0.0017560 secs] [Times: user=0.00 sys=0.01, real=0.00 secs] 
281.261: Total time for which application threads were stopped: 0.0018930 seconds, Stopping threads took: 0.0000660 seconds
281.453: Application time: 0.1920200 seconds
281.453: [GC [PSYoungGen: 111506K->6416K(108032K)] 124476K->19418K(156672K), 0.0017960 secs] [Times: user=0.01 sys=0.00, real=0.00 secs] 
281.455: Total time for which application threads were stopped: 0.0019760 seconds, Stopping threads took: 0.0000980 seconds
281.648: Application time: 0.1924140 seconds
281.648: [GC [PSYoungGen: 107780K->5568K(103424K)] 120782K->18618K(152064K), 0.0011940 secs] [Times: user=0.00 sys=0.00, real=0.00 secs] 
281.649: Total time for which application threads were stopped: 0.0013530 seconds, Stopping threads took: 0.0000870 seconds
281.825: Application time: 0.1762380 seconds
281.825: [GC [PSYoungGen: 102435K->7456K(101888K)] 115485K->20726K(150528K), 0.0022040 secs] [Times: user=0.02 sys=0.00, real=0.00 secs] 
281.828: Total time for which application threads were stopped: 0.0023510 seconds, Stopping threads took: 0.0000680 seconds
281.997: Application time: 0.1690960 seconds
281.997: [GC [PSYoungGen: 100812K->6400K(97792K)] 114083K->20734K(146432K), 0.0020970 secs] [Times: user=0.01 sys=0.00, real=0.00 secs] 
281.999: Total time for which application threads were stopped: 0.0022840 seconds, Stopping threads took: 0.0001050 seconds
282.170: Application time: 0.1707840 seconds
282.170: [GC [PSYoungGen: 96959K->6432K(94720K)] 111294K->20766K(143360K), 0.0019380 secs] [Times: user=0.01 sys=0.00, real=0.00 secs] 
282.172: Total time for which application threads were stopped: 0.0020860 seconds, Stopping threads took: 0.0000760 seconds
282.332: Application time: 0.1602320 seconds
282.332: [GC [PSYoungGen: 93908K->5440K(90624K)] 108242K->19846K(139264K), 0.0016470 secs] [Times: user=0.01 sys=0.00, real=0.00 secs] 
282.334: Total time for which application threads were stopped: 0.0018180 seconds, Stopping threads took: 0.0001010 seconds
282.495: Application time: 0.1609880 seconds
282.495: [GC [PSYoungGen: 90178K->3328K(86016K)] 104584K->17906K(134656K), 0.0012630 secs] [Times: user=0.00 sys=0.00, real=0.01 secs] 
282.496: Total time for which application threads were stopped: 0.0014050 seconds, Stopping threads took: 0.0000720 seconds
282.646: Application time: 0.1500220 seconds
282.646: [GC [PSYoungGen: 85541K->5376K(85504K)] 100120K->19986K(134144K), 0.0016860 secs] [Times: user=0.00 sys=0.01, real=0.00 secs] 
282.648: Total time for which application threads were stopped: 0.0018520 seconds, Stopping threads took: 0.0000730 seconds
282.795: Application time: 0.1463850 seconds
282.795: [GC [PSYoungGen: 84537K->5376K(82944K)] 99148K->19986K(131584K), 0.0017060 secs] [Times: user=0.00 sys=0.00, real=0.01 secs] 
282.796: Total time for which application threads were stopped: 0.0018630 seconds, Stopping threads took: 0.0000840 seconds
282.937: Application time: 0.1402100 seconds
282.937: [GC [PSYoungGen: 81688K->5536K(80384K)] 96298K->20194K(129024K), 0.0016050 secs] [Times: user=0.01 sys=0.00, real=0.00 secs] 
282.938: Total time for which application threads were stopped: 0.0017450 seconds, Stopping threads took: 0.0000600 seconds
283.073: Application time: 0.1343740 seconds
283.073: [GC [PSYoungGen: 79728K->6400K(96768K)] 94387K->21278K(145408K), 0.0020920 secs] [Times: user=0.01 sys=0.00, real=0.00 secs] 
283.075: Total time for which application threads were stopped: 0.0022510 seconds, Stopping threads took: 0.0000840 seconds
283.245: Application time: 0.1705290 seconds
283.246: [GC [PSYoungGen: 95798K->5392K(98816K)] 110677K->20270K(147456K), 0.0015270 secs] [Times: user=0.01 sys=0.00, real=0.00 secs] 
283.247: Total time for which application threads were stopped: 0.0016740 seconds, Stopping threads took: 0.0000620 seconds
283.417: Application time: 0.1700990 seconds
283.417: [GC [PSYoungGen: 97846K->6368K(101888K)] 112724K->21286K(150528K), 0.0017330 secs] [Times: user=0.01 sys=0.00, real=0.00 secs] 
283.419: Total time for which application threads were stopped: 0.0018650 seconds, Stopping threads took: 0.0000580 seconds
283.590: Application time: 0.1706650 seconds
283.590: [GC [PSYoungGen: 98528K->5584K(95744K)] 113446K->20502K(144384K), 0.0013400 secs] [Times: user=0.01 sys=0.00, real=0.00 secs] 
283.591: Total time for which application threads were stopped: 0.0014710 seconds, Stopping threads took: 0.0000660 seconds
283.755: Application time: 0.1635310 seconds
283.755: [GC [PSYoungGen: 95666K->6368K(93696K)] 110585K->21535K(142336K), 0.0017010 secs] [Times: user=0.00 sys=0.00, real=0.01 secs] 
283.757: Total time for which application threads were stopped: 0.0018640 seconds, Stopping threads took: 0.0000870 seconds
283.920: Application time: 0.1633260 seconds
283.920: [GC [PSYoungGen: 93282K->4352K(88576K)] 108449K->20543K(137216K), 0.0013080 secs] [Times: user=0.01 sys=0.00, real=0.00 secs] 
283.921: Total time for which application threads were stopped: 0.0014690 seconds, Stopping threads took: 0.0000910 seconds
284.076: Application time: 0.1545280 seconds
284.080: [GC [PSYoungGen: 88068K->6400K(88064K)] 104259K->22631K(136704K), 0.0019250 secs] [Times: user=0.02 sys=0.00, real=0.00 secs] 
284.082: Total time for which application threads were stopped: 0.0061850 seconds, Stopping threads took: 0.0041880 seconds
284.230: Application time: 0.1474750 seconds
284.230: [GC [PSYoungGen: 87808K->5472K(103424K)] 104039K->23751K(152064K), 0.0020270 secs] [Times: user=0.01 sys=0.00, real=0.00 secs] 
284.232: Total time for which application threads were stopped: 0.0021750 seconds, Stopping threads took: 0.0000700 seconds
284.418: Application time: 0.1863710 seconds
284.418: [GC [PSYoungGen: 103144K->4384K(98816K)] 121423K->22795K(147456K), 0.0015690 secs] [Times: user=0.01 sys=0.00, real=0.00 secs] 
284.420: Total time for which application threads were stopped: 0.0017320 seconds, Stopping threads took: 0.0000830 seconds
284.590: Application time: 0.1703340 seconds
284.590: [GC [PSYoungGen: 98536K->5392K(96768K)] 116947K->23911K(145408K), 0.0015300 secs] [Times: user=0.01 sys=0.00, real=0.00 secs] 
284.592: Total time for which application threads were stopped: 0.0016710 seconds, Stopping threads took: 0.0000690 seconds
284.762: Application time: 0.1698280 seconds
284.762: [GC [PSYoungGen: 96195K->5376K(93696K)] 114715K->23935K(142336K), 0.0017270 secs] [Times: user=0.01 sys=0.00, real=0.00 secs] 
284.764: Total time for which application threads were stopped: 0.0018920 seconds, Stopping threads took: 0.0000940 seconds
284.923: Application time: 0.1594950 seconds
284.923: [GC [PSYoungGen: 93255K->5488K(90624K)] 111815K->25071K(139264K), 0.0017470 secs] [Times: user=0.01 sys=0.00, real=0.01 secs] 
284.925: Total time for which application threads were stopped: 0.0019050 seconds, Stopping threads took: 0.0000780 seconds
285.085: Application time: 0.1596440 seconds
285.085: [GC [PSYoungGen: 89554K->4368K(87040K)] 109138K->24131K(135680K), 0.0015260 secs] [Times: user=0.01 sys=0.00, real=0.00 secs] 
285.086: Total time for which application threads were stopped: 0.0016570 seconds, Stopping threads took: 0.0000610 seconds
285.235: Application time: 0.1485680 seconds
285.235: [GC [PSYoungGen: 85856K->5392K(85504K)] 105620K->25231K(134144K), 0.0015120 secs] [Times: user=0.01 sys=0.00, real=0.01 secs] 
285.237: Total time for which application threads were stopped: 0.0016690 seconds, Stopping threads took: 0.0000760 seconds
285.382: Application time: 0.1453700 seconds
285.382: [GC [PSYoungGen: 85197K->6400K(93184K)] 105037K->26279K(141824K), 0.0017950 secs] [Times: user=0.02 sys=0.00, real=0.00 secs] 
285.384: Total time for which application threads were stopped: 0.0019610 seconds, Stopping threads took: 0.0000940 seconds
285.545: Application time: 0.1611830 seconds
285.545: [GC [PSYoungGen: 91904K->6416K(89600K)] 111783K->26295K(138240K), 0.0014590 secs] [Times: user=0.01 sys=0.00, real=0.00 secs] 
285.547: Total time for which application threads were stopped: 0.0016020 seconds, Stopping threads took: 0.0000650 seconds
285.703: Application time: 0.1559090 seconds
285.703: [GC [PSYoungGen: 88936K->4544K(84992K)] 108816K->24471K(133632K), 0.0016180 secs] [Times: user=0.01 sys=0.00, real=0.01 secs] 
285.704: Total time for which application threads were stopped: 0.0017870 seconds, Stopping threads took: 0.0000980 seconds
285.848: Application time: 0.1440330 seconds
285.849: [GC [PSYoungGen: 84648K->4352K(96768K)] 104575K->26548K(145408K), 0.0018050 secs] [Times: user=0.02 sys=0.00, real=0.00 secs] 
285.850: Total time for which application threads were stopped: 0.0019400 seconds, Stopping threads took: 0.0000630 seconds
286.021: Application time: 0.1709580 seconds
286.021: [GC [PSYoungGen: 96329K->4320K(93696K)] 118525K->26556K(142336K), 0.0011960 secs] [Times: user=0.01 sys=0.00, real=0.00 secs] 
286.023: Total time for which application threads were stopped: 0.0013320 seconds, Stopping threads took: 0.0000680 seconds
286.187: Application time: 0.1646270 seconds
286.187: [GC [PSYoungGen: 92903K->6416K(92672K)] 115139K->28652K(141312K), 0.0018740 secs] [Times: user=0.02 sys=0.00, real=0.00 secs] 
286.189: Total time for which application threads were stopped: 0.0020390 seconds, Stopping threads took: 0.0000770 seconds
286.347: Application time: 0.1574110 seconds
286.347: [GC [PSYoungGen: 92345K->5520K(89088K)] 114581K->27804K(137728K), 0.0016970 secs] [Times: user=0.01 sys=0.00, real=0.00 secs] 
286.349: Total time for which application threads were stopped: 0.0018410 seconds, Stopping threads took: 0.0000720 seconds
286.504: Application time: 0.1555260 seconds
286.504: [GC [PSYoungGen: 88159K->3328K(84480K)] 110444K->25820K(133120K), 0.0011170 secs] [Times: user=0.00 sys=0.00, real=0.00 secs] 
286.505: Total time for which application threads were stopped: 0.0012830 seconds, Stopping threads took: 0.0000990 seconds
286.652: Application time: 0.1466930 seconds
286.656: [GC [PSYoungGen: 83493K->5376K(83968K)] 105986K->27916K(132608K), 0.0016380 secs] [Times: user=0.01 sys=0.00, real=0.00 secs] 
286.658: Total time for which application threads were stopped: 0.0057010 seconds, Stopping threads took: 0.0039920 seconds
286.800: Application time: 0.1420170 seconds
286.800: [GC [PSYoungGen: 83170K->6400K(82432K)] 105711K->28940K(131072K), 0.0018500 secs] [Times: user=0.01 sys=0.00, real=0.00 secs] 
286.802: Total time for which application threads were stopped: 0.0020130 seconds, Stopping threads took: 0.0000750 seconds
286.938: Application time: 0.1365380 seconds
286.939: [GC [PSYoungGen: 82176K->7552K(85504K)] 104716K->30092K(134144K), 0.0021710 secs] [Times: user=0.01 sys=0.00, real=0.00 secs] 
286.941: Total time for which application threads were stopped: 0.0023260 seconds, Stopping threads took: 0.0000760 seconds
287.085: Application time: 0.1440210 seconds
287.085: [GC [PSYoungGen: 84498K->6464K(99840K)] 107039K->29152K(148480K), 0.0014730 secs] [Times: user=0.01 sys=0.00, real=0.00 secs] 
287.086: Total time for which application threads were stopped: 0.0016160 seconds, Stopping threads took: 0.0000710 seconds
287.260: Application time: 0.1732430 seconds
287.260: [GC [PSYoungGen: 97155K->4368K(92672K)] 119844K->27164K(141312K), 0.0011900 secs] [Times: user=0.01 sys=0.01, real=0.00 secs] 
287.261: Total time for which application threads were stopped: 0.0013310 seconds, Stopping threads took: 0.0000670 seconds
287.419: Application time: 0.1579340 seconds
287.419: [GC [PSYoungGen: 92040K->5376K(90624K)] 114836K->28212K(139264K), 0.0015610 secs] [Times: user=0.00 sys=0.00, real=0.00 secs] 
287.421: Total time for which application threads were stopped: 0.0017220 seconds, Stopping threads took: 0.0000820 seconds
287.577: Application time: 0.1568080 seconds
287.578: [GC [PSYoungGen: 90010K->4368K(87040K)] 112847K->27204K(135680K), 0.0014070 secs] [Times: user=0.01 sys=0.00, real=0.00 secs] 
287.579: Total time for which application threads were stopped: 0.0015410 seconds, Stopping threads took: 0.0000620 seconds
287.734: Application time: 0.1546280 seconds
287.734: [GC [PSYoungGen: 86522K->4480K(85504K)] 109359K->27396K(134144K), 0.0014170 secs] [Times: user=0.01 sys=0.00, real=0.00 secs] 
287.735: Total time for which application threads were stopped: 0.0015590 seconds, Stopping threads took: 0.0000750 seconds
287.880: Application time: 0.1452890 seconds
287.881: [GC [PSYoungGen: 83597K->5376K(82944K)] 106514K->28473K(131584K), 0.0017160 secs] [Times: user=0.01 sys=0.00, real=0.00 secs] 
287.882: Total time for which application threads were stopped: 0.0018530 seconds, Stopping threads took: 0.0000600 seconds
288.021: Application time: 0.1384390 seconds
288.021: [GC [PSYoungGen: 81810K->6400K(84480K)] 104907K->29537K(133120K), 0.0017450 secs] [Times: user=0.01 sys=0.00, real=0.00 secs] 
288.023: Total time for which application threads were stopped: 0.0018930 seconds, Stopping threads took: 0.0000650 seconds
288.165: Application time: 0.1425520 seconds
288.165: [GC [PSYoungGen: 82982K->5312K(85504K)] 106119K->28449K(134144K), 0.0015220 secs] [Times: user=0.00 sys=0.00, real=0.00 secs] 
288.167: Total time for which application threads were stopped: 0.0016670 seconds, Stopping threads took: 0.0000750 seconds
288.309: Application time: 0.1424640 seconds
288.309: [GC [PSYoungGen: 82541K->5536K(80384K)] 105678K->28673K(129024K), 0.0012630 secs] [Times: user=0.01 sys=0.00, real=0.00 secs] 
288.311: Total time for which application threads were stopped: 0.0013980 seconds, Stopping threads took: 0.0000710 seconds
288.451: Application time: 0.1406370 seconds
288.451: [GC [PSYoungGen: 80202K->5360K(78336K)] 103340K->28713K(126976K), 0.0017160 secs] [Times: user=0.00 sys=0.00, real=0.00 secs] 
288.453: Total time for which application threads were stopped: 0.0018510 seconds, Stopping threads took: 0.0000650 seconds
288.587: Application time: 0.1340640 seconds
288.587: [GC [PSYoungGen: 77681K->4384K(75264K)] 101034K->28793K(123904K), 0.0013150 secs] [Times: user=0.00 sys=0.00, real=0.00 secs] 
288.589: Total time for which application threads were stopped: 0.0014840 seconds, Stopping threads took: 0.0000920 seconds
288.715: Application time: 0.1260870 seconds
288.715: [GC [PSYoungGen: 74113K->5376K(90624K)] 98523K->29825K(139264K), 0.0016330 secs] [Times: user=0.01 sys=0.00, real=0.01 secs] 
288.717: Total time for which application threads were stopped: 0.0017940 seconds, Stopping threads took: 0.0000860 seconds
288.877: Application time: 0.1598530 seconds
288.877: [GC [PSYoungGen: 90155K->6336K(91648K)] 114605K->31809K(140288K), 0.0020680 secs] [Times: user=0.01 sys=0.00, real=0.00 secs] 
288.879: Total time for which application threads were stopped: 0.0022040 seconds, Stopping threads took: 0.0000610 seconds
289.032: Application time: 0.1535810 seconds
289.032: [GC [PSYoungGen: 90699K->5552K(92160K)] 116173K->31025K(140800K), 0.0015710 secs] [Times: user=0.01 sys=0.00, real=0.00 secs] 
289.034: Total time for which application threads were stopped: 0.0017220 seconds, Stopping threads took: 0.0000800 seconds
289.188: Application time: 0.1540720 seconds
289.188: [GC [PSYoungGen: 89743K->5344K(108544K)] 115216K->31061K(157184K), 0.0013730 secs] [Times: user=0.01 sys=0.00, real=0.00 secs] 
289.190: Total time for which application threads were stopped: 0.0015260 seconds, Stopping threads took: 0.0000740 seconds
289.378: Application time: 0.1880170 seconds
289.378: [GC [PSYoungGen: 106123K->6416K(104448K)] 131841K->32133K(153088K), 0.0015320 secs] [Times: user=0.01 sys=0.00, real=0.00 secs] 
289.379: Total time for which application threads were stopped: 0.0016660 seconds, Stopping threads took: 0.0000620 seconds
289.560: Application time: 0.1809830 seconds
289.560: [GC [PSYoungGen: 103207K->4320K(98816K)] 128925K->30077K(147456K), 0.0012500 secs] [Times: user=0.01 sys=0.00, real=0.00 secs] 
289.562: Total time for which application threads were stopped: 0.0013920 seconds, Stopping threads took: 0.0000770 seconds
289.735: Application time: 0.1729680 seconds
289.735: [GC [PSYoungGen: 97643K->5568K(96768K)] 123401K->31325K(145408K), 0.0016210 secs] [Times: user=0.01 sys=0.00, real=0.01 secs] 
289.736: Total time for which application threads were stopped: 0.0017720 seconds, Stopping threads took: 0.0000740 seconds
289.904: Application time: 0.1671740 seconds
289.904: [GC [PSYoungGen: 96014K->3296K(91648K)] 121772K->29290K(140288K), 0.0011280 secs] [Times: user=0.00 sys=0.00, real=0.01 secs] 
289.905: Total time for which application threads were stopped: 0.0012800 seconds, Stopping threads took: 0.0000830 seconds
290.064: Application time: 0.1588600 seconds
290.064: [GC [PSYoungGen: 90920K->6400K(91648K)] 116914K->32434K(140288K), 0.0019130 secs] [Times: user=0.01 sys=0.00, real=0.01 secs] 
290.066: Total time for which application threads were stopped: 0.0020560 seconds, Stopping threads took: 0.0000690 seconds
290.224: Application time: 0.1584250 seconds
290.224: [GC [PSYoungGen: 91210K->5344K(88064K)] 117244K->32402K(136704K), 0.0018340 secs] [Times: user=0.01 sys=0.00, real=0.00 secs] 
290.226: Total time for which application threads were stopped: 0.0019720 seconds, Stopping threads took: 0.0000640 seconds
290.382: Application time: 0.1554770 seconds
290.382: [GC [PSYoungGen: 87651K->4544K(84480K)] 114709K->31602K(133120K), 0.0014660 secs] [Times: user=0.01 sys=0.00, real=0.00 secs] 
290.383: Total time for which application threads were stopped: 0.0016240 seconds, Stopping threads took: 0.0000800 seconds
290.525: Application time: 0.1415340 seconds
290.525: [GC [PSYoungGen: 84330K->5376K(91136K)] 111388K->34730K(139776K), 0.0021860 secs] [Times: user=0.01 sys=0.00, real=0.00 secs] 
290.527: Total time for which application threads were stopped: 0.0023560 seconds, Stopping threads took: 0.0000930 seconds
290.689: Application time: 0.1617330 seconds
290.689: [GC [PSYoungGen: 90133K->4368K(87552K)] 119488K->33722K(136192K), 0.0013080 secs] [Times: user=0.01 sys=0.00, real=0.00 secs] 
290.690: Total time for which application threads were stopped: 0.0014480 seconds, Stopping threads took: 0.0000670 seconds
290.839: Application time: 0.1483970 seconds
290.839: [GC [PSYoungGen: 86345K->6400K(89600K)] 115699K->36818K(138240K), 0.0020770 secs] [Times: user=0.02 sys=0.00, real=0.00 secs] 
290.841: Total time for which application threads were stopped: 0.0022230 seconds, Stopping threads took: 0.0000710 seconds
290.997: Application time: 0.1558140 seconds
290.997: [GC [PSYoungGen: 88579K->4448K(90112K)] 118998K->34866K(138752K), 0.0012490 secs] [Times: user=0.01 sys=0.00, real=0.00 secs] 
290.998: Total time for which application threads were stopped: 0.0013990 seconds, Stopping threads took: 0.0000700 seconds
291.146: Application time: 0.1480990 seconds
291.146: [GC [PSYoungGen: 86589K->6464K(86528K)] 117007K->37034K(135168K), 0.0014830 secs] [Times: user=0.01 sys=0.00, real=0.00 secs] 
291.148: Total time for which application threads were stopped: 0.0016250 seconds, Stopping threads took: 0.0000720 seconds
291.298: Application time: 0.1504900 seconds
291.299: [GC [PSYoungGen: 85834K->4336K(81920K)] 116405K->35014K(130560K), 0.0012310 secs] [Times: user=0.00 sys=0.00, real=0.00 secs] 
291.300: Total time for which application threads were stopped: 0.0014000 seconds, Stopping threads took: 0.0001010 seconds
291.438: Application time: 0.1386290 seconds
291.439: [GC [PSYoungGen: 80883K->4320K(79360K)] 111562K->36054K(128000K), 0.0012690 secs] [Times: user=0.01 sys=0.00, real=0.00 secs] 
291.440: Total time for which application threads were stopped: 0.0014410 seconds, Stopping threads took: 0.0000950 seconds
291.577: Application time: 0.1374540 seconds
291.578: [GC [PSYoungGen: 78716K->6400K(79360K)] 110451K->38134K(128000K), 0.0019280 secs] [Times: user=0.01 sys=0.00, real=0.00 secs] 
291.579: Total time for which application threads were stopped: 0.0020780 seconds, Stopping threads took: 0.0000640 seconds
291.711: Application time: 0.1310510 seconds
291.711: [GC [PSYoungGen: 78119K->4464K(92160K)] 109854K->38246K(140800K), 0.0019980 secs] [Times: user=0.01 sys=0.00, real=0.00 secs] 
291.713: Total time for which application threads were stopped: 0.0021700 seconds, Stopping threads took: 0.0000940 seconds
291.878: Application time: 0.1655800 seconds
291.878: [GC [PSYoungGen: 91770K->5344K(95744K)] 125553K->39343K(144384K), 0.0016560 secs] [Times: user=0.01 sys=0.00, real=0.00 secs] 
291.880: Total time for which application threads were stopped: 0.0018000 seconds, Stopping threads took: 0.0000740 seconds
292.042: Application time: 0.1619890 seconds
292.042: [GC [PSYoungGen: 93122K->4352K(89600K)] 127121K->38391K(138240K), 0.0010240 secs] [Times: user=0.00 sys=0.00, real=0.00 secs] 
292.043: Total time for which application threads were stopped: 0.0011590 seconds, Stopping threads took: 0.0000660 seconds
292.199: Application time: 0.1556690 seconds
292.199: [GC [PSYoungGen: 88694K->5344K(88064K)] 122733K->39423K(136704K), 0.0014880 secs] [Times: user=0.00 sys=0.00, real=0.00 secs] 
292.201: Total time for which application threads were stopped: 0.0016420 seconds, Stopping threads took: 0.0000790 seconds
292.352: Application time: 0.1510940 seconds
292.352: [GC [PSYoungGen: 87382K->5472K(104960K)] 121462K->41599K(153600K), 0.0018630 secs] [Times: user=0.00 sys=0.01, real=0.00 secs] 
292.354: Total time for which application threads were stopped: 0.0020220 seconds, Stopping threads took: 0.0000890 seconds
292.539: Application time: 0.1853800 seconds
292.539: [GC [PSYoungGen: 104641K->4384K(100352K)] 140769K->40659K(148992K), 0.0014000 secs] [Times: user=0.01 sys=0.00, real=0.00 secs] 
292.541: Total time for which application threads were stopped: 0.0015450 seconds, Stopping threads took: 0.0000720 seconds
292.716: Application time: 0.1756250 seconds
292.716: [GC [PSYoungGen: 99301K->4352K(97280K)] 135576K->40743K(145920K), 0.0012700 secs] [Times: user=0.01 sys=0.00, real=0.00 secs] 
292.718: Total time for which application threads were stopped: 0.0014400 seconds, Stopping threads took: 0.0000890 seconds
292.888: Application time: 0.1703250 seconds
292.888: [GC [PSYoungGen: 96016K->4288K(94208K)] 132407K->40719K(142848K), 0.0015620 secs] [Times: user=0.01 sys=0.00, real=0.00 secs] 
292.890: Total time for which application threads were stopped: 0.0018290 seconds, Stopping threads took: 0.0001940 seconds
293.053: Application time: 0.1629720 seconds
293.053: [GC [PSYoungGen: 93648K->4448K(91136K)] 130080K->40879K(139776K), 0.0013680 secs] [Times: user=0.01 sys=0.00, real=0.00 secs] 
293.054: Total time for which application threads were stopped: 0.0015060 seconds, Stopping threads took: 0.0000700 seconds
293.213: Application time: 0.1589940 seconds
293.213: [GC [PSYoungGen: 90030K->5376K(89088K)] 126462K->42023K(137728K), 0.0018050 secs] [Times: user=0.01 sys=0.00, real=0.00 secs] 
293.215: Total time for which application threads were stopped: 0.0019360 seconds, Stopping threads took: 0.0000600 seconds
293.369: Application time: 0.1538120 seconds
293.369: [GC [PSYoungGen: 88248K->4400K(85504K)] 124895K->42119K(134144K), 0.0015340 secs] [Times: user=0.01 sys=0.00, real=0.00 secs] 
293.371: Total time for which application threads were stopped: 0.0016990 seconds, Stopping threads took: 0.0000880 seconds
293.520: Application time: 0.1489820 seconds
293.520: [GC [PSYoungGen: 84388K->6400K(84992K)] 122108K->44159K(133632K), 0.0018880 secs] [Times: user=0.01 sys=0.00, real=0.00 secs] 
293.522: Total time for which application threads were stopped: 0.0020260 seconds, Stopping threads took: 0.0000630 seconds
293.664: Application time: 0.1427200 seconds
293.665: [GC [PSYoungGen: 84428K->3360K(79360K)] 122187K->42143K(128000K), 0.0012790 secs] [Times: user=0.01 sys=0.00, real=0.00 secs] 
293.666: Total time for which application threads were stopped: 0.0014150 seconds, Stopping threads took: 0.0000640 seconds
293.807: Application time: 0.1408130 seconds
293.807: [GC [PSYoungGen: 78539K->4448K(77824K)] 117322K->43315K(126464K), 0.0013610 secs] [Times: user=0.00 sys=0.01, real=0.00 secs] 
293.808: Total time for which application threads were stopped: 0.0015150 seconds, Stopping threads took: 0.0000810 seconds
293.942: Application time: 0.1335210 seconds
293.942: [GC [PSYoungGen: 76725K->4288K(75776K)] 115593K->43328K(124416K), 0.0013910 secs] [Times: user=0.01 sys=0.00, real=0.00 secs] 
293.943: Total time for which application threads were stopped: 0.0015270 seconds, Stopping threads took: 0.0000600 seconds
294.070: Application time: 0.1272090 seconds
294.071: [GC [PSYoungGen: 75069K->5376K(74752K)] 114109K->44464K(123392K), 0.0017320 secs] [Times: user=0.01 sys=0.00, real=0.00 secs] 
294.072: Total time for which application threads were stopped: 0.0018890 seconds, Stopping threads took: 0.0000850 seconds
294.202: Application time: 0.1298680 seconds
294.202: [GC [PSYoungGen: 74274K->4352K(78848K)] 113362K->44464K(127488K), 0.0015920 secs] [Times: user=0.01 sys=0.00, real=0.00 secs] 
294.204: Total time for which application threads were stopped: 0.0017530 seconds, Stopping threads took: 0.0000850 seconds
294.340: Application time: 0.1361280 seconds
294.340: [GC [PSYoungGen: 77897K->5440K(81408K)] 118009K->45552K(130048K), 0.0015150 secs] [Times: user=0.01 sys=0.00, real=0.00 secs] 
294.342: Total time for which application threads were stopped: 0.0016520 seconds, Stopping threads took: 0.0000660 seconds
294.479: Application time: 0.1373390 seconds
294.479: [GC [PSYoungGen: 79359K->5504K(77824K)] 119471K->45692K(126464K), 0.0011950 secs] [Times: user=0.00 sys=0.01, real=0.00 secs] 
294.480: Total time for which application threads were stopped: 0.0013450 seconds, Stopping threads took: 0.0000690 seconds
294.613: Application time: 0.1320560 seconds
294.616: [GC [PSYoungGen: 77696K->5392K(75776K)] 117884K->45752K(124416K), 0.0014410 secs] [Times: user=0.01 sys=0.00, real=0.00 secs] 
294.618: Total time for which application threads were stopped: 0.0051000 seconds, Stopping threads took: 0.0035870 seconds
294.748: Application time: 0.1298560 seconds
294.748: [GC [PSYoungGen: 75283K->3328K(71680K)] 115643K->45784K(120320K), 0.0013880 secs] [Times: user=0.01 sys=0.00, real=0.00 secs] 
294.749: Total time for which application threads were stopped: 0.0015260 seconds, Stopping threads took: 0.0000670 seconds
294.874: Application time: 0.1249680 seconds
294.874: [GC [PSYoungGen: 71047K->6368K(89088K)] 113503K->48824K(137728K), 0.0017430 secs] [Times: user=0.01 sys=0.00, real=0.00 secs] 
294.876: Total time for which application threads were stopped: 0.0018850 seconds, Stopping threads took: 0.0000660 seconds
295.026: Application time: 0.1499550 seconds
295.026: [GC [PSYoungGen: 87769K->5424K(89600K)] 130225K->47880K(138240K), 0.0015400 secs] [Times: user=0.01 sys=0.00, real=0.00 secs] 
295.028: Total time for which application threads were stopped: 0.0017080 seconds, Stopping threads took: 0.0000880 seconds
295.174: Application time: 0.1463910 seconds
295.174: [GC [PSYoungGen: 86750K->7520K(89600K)] 129207K->50044K(138240K), 0.0021880 secs] [Times: user=0.01 sys=0.00, real=0.01 secs] 
295.176: Total time for which application threads were stopped: 0.0023330 seconds, Stopping threads took: 0.0000650 seconds
295.333: Application time: 0.1564130 seconds
295.333: [GC [PSYoungGen: 89015K->5328K(106496K)] 131539K->48028K(155136K), 0.0012870 secs] [Times: user=0.00 sys=0.00, real=0.00 secs] 
295.334: Total time for which application threads were stopped: 0.0014440 seconds, Stopping threads took: 0.0000880 seconds
295.512: Application time: 0.1781010 seconds
295.512: [GC [PSYoungGen: 103344K->6336K(106496K)] 146045K->49084K(155136K), 0.0016390 secs] [Times: user=0.01 sys=0.00, real=0.00 secs] 
295.514: Total time for which application threads were stopped: 0.0017990 seconds, Stopping threads took: 0.0000910 seconds
295.699: Application time: 0.1850440 seconds
295.699: [GC [PSYoungGen: 104091K->6432K(101376K)] 146839K->49180K(150016K), 0.0014180 secs] [Times: user=0.00 sys=0.01, real=0.00 secs] 
295.701: Total time for which application threads were stopped: 0.0015690 seconds, Stopping threads took: 0.0000680 seconds
295.875: Application time: 0.1742290 seconds
295.875: [GC [PSYoungGen: 101152K->6512K(98304K)] 143900K->49337K(146944K), 0.0016900 secs] [Times: user=0.00 sys=0.00, real=0.01 secs] 
295.877: Total time for which application threads were stopped: 0.0018240 seconds, Stopping threads took: 0.0000620 seconds
296.040: Application time: 0.1637740 seconds
296.041: [GC [PSYoungGen: 98029K->3344K(92160K)] 140854K->49425K(140800K), 0.0017000 secs] [Times: user=0.01 sys=0.00, real=0.00 secs] 
296.042: [Full GC [PSYoungGen: 3344K->0K(92160K)] [ParOldGen: 46081K->10107K(47616K)] 49425K->10107K(139776K) [PSPermGen: 5530K->5530K(21504K)], 0.0068760 secs] [Times: user=0.03 sys=0.00, real=0.01 secs] 
296.049: Total time for which application threads were stopped: 0.0088060 seconds, Stopping threads took: 0.0001070 seconds
296.216: Application time: 0.1670460 seconds
296.216: [GC [PSYoungGen: 87822K->5376K(91136K)] 97930K->15483K(138752K), 0.0013960 secs] [Times: user=0.01 sys=0.00, real=0.00 secs] 
296.218: Total time for which application threads were stopped: 0.0015310 seconds, Stopping threads took: 0.0000600 seconds
296.374: Application time: 0.1562000 seconds
296.374: [GC [PSYoungGen: 90623K->6432K(89600K)] 100731K->16539K(137216K), 0.0019390 secs] [Times: user=0.01 sys=0.01, real=0.01 secs] 
296.376: Total time for which application threads were stopped: 0.0020960 seconds, Stopping threads took: 0.0000830 seconds
296.529: Application time: 0.1525410 seconds
296.529: [GC [PSYoungGen: 89067K->6528K(87040K)] 99175K->16707K(134656K), 0.0019680 secs] [Times: user=0.01 sys=0.00, real=0.00 secs] 
296.531: Total time for which application threads were stopped: 0.0021230 seconds, Stopping threads took: 0.0000830 seconds
296.678: Application time: 0.1468540 seconds
296.678: [GC [PSYoungGen: 86297K->3344K(81408K)] 96476K->14724K(129024K), 0.0011460 secs] [Times: user=0.00 sys=0.00, real=0.00 secs] 
296.679: Total time for which application threads were stopped: 0.0012720 seconds, Stopping threads took: 0.0000630 seconds
296.823: Application time: 0.1443990 seconds
296.823: [GC [PSYoungGen: 80238K->5344K(80896K)] 91618K->16764K(128512K), 0.0016310 secs] [Times: user=0.01 sys=0.00, real=0.01 secs] 
296.825: Total time for which application threads were stopped: 0.0017740 seconds, Stopping threads took: 0.0000600 seconds
296.967: Application time: 0.1415510 seconds
296.967: [GC [PSYoungGen: 80026K->5344K(78336K)] 91446K->16764K(125952K), 0.0015190 secs] [Times: user=0.00 sys=0.00, real=0.00 secs] 
296.968: Total time for which application threads were stopped: 0.0016570 seconds, Stopping threads took: 0.0000680 seconds
297.102: Application time: 0.1339190 seconds
297.102: [GC [PSYoungGen: 77943K->5440K(76288K)] 89363K->16860K(123904K), 0.0017130 secs] [Times: user=0.01 sys=0.00, real=0.01 secs] 
297.104: Total time for which application threads were stopped: 0.0018670 seconds, Stopping threads took: 0.0000800 seconds
297.231: Application time: 0.1263650 seconds
297.231: [GC [PSYoungGen: 75476K->5440K(90624K)] 86896K->16996K(138240K), 0.0015060 secs] [Times: user=0.01 sys=0.00, real=0.00 secs] 
297.232: Total time for which application threads were stopped: 0.0016490 seconds, Stopping threads took: 0.0000670 seconds
297.389: Application time: 0.1567080 seconds
297.389: [GC [PSYoungGen: 89679K->5376K(97792K)] 101235K->17032K(145408K), 0.0016500 secs] [Times: user=0.01 sys=0.00, real=0.00 secs] 
297.391: Total time for which application threads were stopped: 0.0018000 seconds, Stopping threads took: 0.0000700 seconds
297.551: Application time: 0.1603500 seconds
297.551: [GC [PSYoungGen: 94690K->7424K(109568K)] 106346K->19120K(157184K), 0.0015970 secs] [Times: user=0.00 sys=0.01, real=0.00 secs] 
297.553: Total time for which application threads were stopped: 0.0017450 seconds, Stopping threads took: 0.0000790 seconds
297.740: Application time: 0.1871460 seconds
297.740: [GC [PSYoungGen: 108320K->6400K(104960K)] 120016K->18096K(152576K), 0.0018560 secs] [Times: user=0.01 sys=0.00, real=0.00 secs] 
297.742: Total time for which application threads were stopped: 0.0020210 seconds, Stopping threads took: 0.0000900 seconds
297.929: Application time: 0.1874090 seconds
297.930: [GC [PSYoungGen: 104541K->5472K(100352K)] 116237K->17252K(147968K), 0.0015610 secs] [Times: user=0.01 sys=0.00, real=0.00 secs] 
297.931: Total time for which application threads were stopped: 0.0017330 seconds, Stopping threads took: 0.0000900 seconds
298.099: Application time: 0.1681070 seconds
298.099: [GC [PSYoungGen: 99236K->4352K(96256K)] 111017K->16300K(143872K), 0.0014950 secs] [Times: user=0.01 sys=0.00, real=0.00 secs] 
298.101: Total time for which application threads were stopped: 0.0016410 seconds, Stopping threads took: 0.0000760 seconds
298.269: Application time: 0.1681910 seconds
298.269: [GC [PSYoungGen: 95304K->5312K(94208K)] 107253K->19348K(141824K), 0.0022000 secs] [Times: user=0.01 sys=0.00, real=0.00 secs] 
298.272: Total time for which application threads were stopped: 0.0024470 seconds, Stopping threads took: 0.0001690 seconds
298.434: Application time: 0.1628080 seconds
298.434: [GC [PSYoungGen: 92904K->6400K(101376K)] 106941K->20436K(148992K), 0.0019280 secs] [Times: user=0.01 sys=0.00, real=0.01 secs] 
298.436: Total time for which application threads were stopped: 0.0020740 seconds, Stopping threads took: 0.0000690 seconds
298.610: Application time: 0.1737230 seconds
298.610: [GC [PSYoungGen: 99978K->7392K(113664K)] 114014K->21560K(161280K), 0.0018900 secs] [Times: user=0.01 sys=0.00, real=0.00 secs] 
298.612: Total time for which application threads were stopped: 0.0020420 seconds, Stopping threads took: 0.0000800 seconds
298.812: Application time: 0.2001220 seconds
298.812: [GC [PSYoungGen: 112642K->4336K(107008K)] 126811K->18652K(154624K), 0.0014380 secs] [Times: user=0.00 sys=0.00, real=0.00 secs] 
298.814: Total time for which application threads were stopped: 0.0015950 seconds, Stopping threads took: 0.0000870 seconds
299.004: Application time: 0.1896350 seconds
299.004: [GC [PSYoungGen: 106575K->3328K(104448K)] 120892K->17700K(152064K), 0.0009860 secs] [Times: user=0.00 sys=0.01, real=0.01 secs] 
299.005: Total time for which application threads were stopped: 0.0011580 seconds, Stopping threads took: 0.0000960 seconds
299.183: Application time: 0.1788230 seconds
299.184: [GC [PSYoungGen: 101659K->5552K(100864K)] 116032K->19925K(148480K), 0.0017010 secs] [Times: user=0.01 sys=0.00, real=0.01 secs] 
299.185: Total time for which application threads were stopped: 0.0018560 seconds, Stopping threads took: 0.0000810 seconds
299.360: Application time: 0.1748320 seconds
299.360: [GC [PSYoungGen: 100728K->6368K(98816K)] 115101K->21965K(146432K), 0.0021150 secs] [Times: user=0.01 sys=0.00, real=0.00 secs] 
299.362: Total time for which application threads were stopped: 0.0022520 seconds, Stopping threads took: 0.0000630 seconds
299.536: Application time: 0.1731760 seconds
299.536: [GC [PSYoungGen: 97704K->5376K(94720K)] 113301K->21021K(142336K), 0.0016990 secs] [Times: user=0.01 sys=0.00, real=0.01 secs] 
299.537: Total time for which application threads were stopped: 0.0018550 seconds, Stopping threads took: 0.0000730 seconds
299.698: Application time: 0.1601570 seconds
299.698: [GC [PSYoungGen: 93533K->4320K(90624K)] 109178K->23077K(138240K), 0.0021410 secs] [Times: user=0.02 sys=0.00, real=0.00 secs] 
299.700: Total time for which application threads were stopped: 0.0023100 seconds, Stopping threads took: 0.0000940 seconds
299.858: Application time: 0.1578540 seconds
299.858: [GC [PSYoungGen: 90185K->5520K(89088K)] 108942K->24277K(136704K), 0.0017300 secs] [Times: user=0.01 sys=0.00, real=0.00 secs] 
299.860: Total time for which application threads were stopped: 0.0018860 seconds, Stopping threads took: 0.0000790 seconds
300.018: Application time: 0.1585000 seconds
300.018: [GC [PSYoungGen: 88580K->4320K(85504K)] 107337K->23285K(133120K), 0.0014500 secs] [Times: user=0.01 sys=0.00, real=0.00 secs] 
300.020: Total time for which application threads were stopped: 0.0015780 seconds, Stopping threads took: 0.0000590 seconds
300.164: Application time: 0.1445340 seconds
300.164: [GC [PSYoungGen: 84429K->6384K(91136K)] 103395K->25389K(138752K), 0.0019250 secs] [Times: user=0.01 sys=0.00, real=0.00 secs] 
300.166: Total time for which application threads were stopped: 0.0020750 seconds, Stopping threads took: 0.0000660 seconds
300.319: Application time: 0.1526990 seconds
300.319: [GC [PSYoungGen: 89453K->5376K(86528K)] 108459K->24413K(134144K), 0.0012490 secs] [Times: user=0.00 sys=0.01, real=0.00 secs] 
300.320: Total time for which application threads were stopped: 0.0013880 seconds, Stopping threads took: 0.0000690 seconds
300.469: Application time: 0.1481130 seconds
300.469: [GC [PSYoungGen: 85605K->6496K(103424K)] 104642K->25533K(151040K), 0.0016530 secs] [Times: user=0.01 sys=0.00, real=0.00 secs] 
300.470: Total time for which application threads were stopped: 0.0017950 seconds, Stopping threads took: 0.0000700 seconds
300.645: Application time: 0.1749970 seconds
300.646: [GC [PSYoungGen: 101992K->6480K(105472K)] 121029K->25629K(153088K), 0.0018790 secs] [Times: user=0.01 sys=0.00, real=0.00 secs] 
300.647: Total time for which application threads were stopped: 0.0020300 seconds, Stopping threads took: 0.0000730 seconds
300.832: Application time: 0.1842930 seconds
300.832: [GC [PSYoungGen: 103760K->6368K(105472K)] 122909K->25665K(153088K), 0.0018140 secs] [Times: user=0.01 sys=0.00, real=0.00 secs] 
300.834: Total time for which application threads were stopped: 0.0019700 seconds, Stopping threads took: 0.0000750 seconds
301.010: Application time: 0.1758950 seconds
301.010: [GC [PSYoungGen: 102804K->5344K(99840K)] 122102K->24681K(147456K), 0.0012440 secs] [Times: user=0.00 sys=0.00, real=0.00 secs] 
301.011: Total time for which application threads were stopped: 0.0013830 seconds, Stopping threads took: 0.0000700 seconds
301.183: Application time: 0.1722430 seconds
301.183: [GC [PSYoungGen: 98800K->6576K(97792K)] 118138K->25914K(145408K), 0.0017090 secs] [Times: user=0.00 sys=0.01, real=0.01 secs] 
301.185: Total time for which application threads were stopped: 0.0018520 seconds, Stopping threads took: 0.0000710 seconds
301.354: Application time: 0.1686180 seconds
301.354: [GC [PSYoungGen: 97712K->4336K(92672K)] 117050K->25942K(140288K), 0.0016370 secs] [Times: user=0.01 sys=0.00, real=0.00 secs] 
301.355: Total time for which application threads were stopped: 0.0018100 seconds, Stopping threads took: 0.0000940 seconds
301.517: Application time: 0.1618420 seconds
301.517: [GC [PSYoungGen: 91668K->6336K(91648K)] 113274K->27982K(139264K), 0.0019240 secs] [Times: user=0.01 sys=0.00, real=0.00 secs] 
301.519: Total time for which application threads were stopped: 0.0020940 seconds, Stopping threads took: 0.0000960 seconds
301.675: Application time: 0.1555900 seconds
301.675: [GC [PSYoungGen: 90543K->5344K(88064K)] 112189K->28046K(135680K), 0.0017210 secs] [Times: user=0.00 sys=0.01, real=0.01 secs] 
301.677: Total time for which application threads were stopped: 0.0018550 seconds, Stopping threads took: 0.0000620 seconds
301.835: Application time: 0.1581120 seconds
301.835: [GC [PSYoungGen: 87659K->4416K(84480K)] 110361K->27118K(132096K), 0.0014470 secs] [Times: user=0.00 sys=0.00, real=0.01 secs] 
301.837: Total time for which application threads were stopped: 0.0015870 seconds, Stopping threads took: 0.0000690 seconds
301.980: Application time: 0.1429220 seconds
301.980: [GC [PSYoungGen: 83586K->5424K(82944K)] 106288K->28298K(130560K), 0.0016240 secs] [Times: user=0.01 sys=0.00, real=0.00 secs] 
301.981: Total time for which application threads were stopped: 0.0017810 seconds, Stopping threads took: 0.0000690 seconds
302.123: Application time: 0.1414430 seconds
302.123: [GC [PSYoungGen: 82199K->5344K(80384K)] 105073K->28298K(128000K), 0.0017220 secs] [Times: user=0.00 sys=0.00, real=0.01 secs] 
302.125: Total time for which application threads were stopped: 0.0018870 seconds, Stopping threads took: 0.0000910 seconds
302.260: Application time: 0.1351490 seconds
302.260: [GC [PSYoungGen: 79608K->4352K(94720K)] 102563K->30418K(142336K), 0.0020710 secs] [Times: user=0.01 sys=0.00, real=0.00 secs] 
302.262: Total time for which application threads were stopped: 0.0022220 seconds, Stopping threads took: 0.0000740 seconds
302.429: Application time: 0.1674180 seconds
302.430: [GC [PSYoungGen: 94134K->6400K(102400K)] 120200K->32466K(150016K), 0.0017850 secs] [Times: user=0.01 sys=0.00, real=0.00 secs] 
302.431: Total time for which application threads were stopped: 0.0019320 seconds, Stopping threads took: 0.0000770 seconds
302.607: Application time: 0.1754180 seconds
302.607: [GC [PSYoungGen: 101120K->5504K(97280K)] 127186K->31570K(144896K), 0.0012080 secs] [Times: user=0.01 sys=0.00, real=0.00 secs] 
302.608: Total time for which application threads were stopped: 0.0014290 seconds, Stopping threads took: 0.0001470 seconds
302.784: Application time: 0.1754470 seconds
302.784: [GC [PSYoungGen: 97043K->2320K(91136K)] 123109K->28618K(138752K), 0.0010330 secs] [Times: user=0.01 sys=0.00, real=0.01 secs] 
302.785: Total time for which application threads were stopped: 0.0011920 seconds, Stopping threads took: 0.0000940 seconds
302.945: Application time: 0.1596920 seconds
302.945: [GC [PSYoungGen: 90282K->5344K(91136K)] 116581K->31682K(138752K), 0.0013860 secs] [Times: user=0.00 sys=0.00, real=0.00 secs] 
302.946: Total time for which application threads were stopped: 0.0015170 seconds, Stopping threads took: 0.0000630 seconds
303.100: Application time: 0.1534580 seconds
303.100: [GC [PSYoungGen: 90416K->5376K(88576K)] 116755K->31714K(136192K), 0.0018040 secs] [Times: user=0.01 sys=0.00, real=0.00 secs] 
303.101: Total time for which application threads were stopped: 0.0019570 seconds, Stopping threads took: 0.0000730 seconds
303.263: Application time: 0.1611090 seconds
303.263: [GC [PSYoungGen: 88086K->2480K(82944K)] 114425K->28818K(130560K), 0.0008910 secs] [Times: user=0.00 sys=0.00, real=0.00 secs] 
303.264: Total time for which application threads were stopped: 0.0010430 seconds, Stopping threads took: 0.0000760 seconds
303.411: Application time: 0.1476230 seconds
303.411: [GC [PSYoungGen: 82675K->5376K(83456K)] 109014K->31967K(131072K), 0.0015520 secs] [Times: user=0.01 sys=0.00, real=0.00 secs] 
303.413: Total time for which application threads were stopped: 0.0017080 seconds, Stopping threads took: 0.0000810 seconds
303.553: Application time: 0.1404170 seconds
303.553: [GC [PSYoungGen: 83006K->6416K(81920K)] 109598K->33007K(129536K), 0.0017480 secs] [Times: user=0.01 sys=0.00, real=0.00 secs] 
303.555: Total time for which application threads were stopped: 0.0018890 seconds, Stopping threads took: 0.0000650 seconds
303.693: Application time: 0.1380670 seconds
303.693: [GC [PSYoungGen: 80900K->6304K(96256K)] 107491K->32935K(143872K), 0.0017640 secs] [Times: user=0.00 sys=0.00, real=0.00 secs] 
303.695: Total time for which application threads were stopped: 0.0019090 seconds, Stopping threads took: 0.0000710 seconds
303.857: Application time: 0.1615860 seconds
303.857: [GC [PSYoungGen: 94072K->6496K(98816K)] 120703K->33127K(146432K), 0.0018140 secs] [Times: user=0.01 sys=0.00, real=0.00 secs] 
303.859: Total time for which application threads were stopped: 0.0019560 seconds, Stopping threads took: 0.0000600 seconds
304.026: Application time: 0.1673220 seconds
304.026: [GC [PSYoungGen: 96581K->6496K(98816K)] 123212K->33235K(146432K), 0.0019240 secs] [Times: user=0.01 sys=0.00, real=0.00 secs] 
304.028: Total time for which application threads were stopped: 0.0020710 seconds, Stopping threads took: 0.0000720 seconds
304.193: Application time: 0.1645650 seconds
304.193: [GC [PSYoungGen: 96248K->6448K(117760K)] 122987K->33331K(165376K), 0.0014680 secs] [Times: user=0.01 sys=0.00, real=0.00 secs] 
304.194: Total time for which application threads were stopped: 0.0016120 seconds, Stopping threads took: 0.0000780 seconds
304.394: Application time: 0.2000960 seconds
304.395: [GC [PSYoungGen: 114708K->6368K(111616K)] 141591K->33291K(159232K), 0.0015070 secs] [Times: user=0.01 sys=0.00, real=0.01 secs] 
304.396: Total time for which application threads were stopped: 0.0016660 seconds, Stopping threads took: 0.0000800 seconds
304.591: Application time: 0.1947870 seconds
304.591: [GC [PSYoungGen: 110958K->6576K(108032K)] 137881K->33499K(155648K), 0.0016560 secs] [Times: user=0.00 sys=0.00, real=0.00 secs] 
304.593: Total time for which application threads were stopped: 0.0018150 seconds, Stopping threads took: 0.0000890 seconds
304.777: Application time: 0.1841570 seconds
304.777: [GC [PSYoungGen: 107164K->7424K(105472K)] 134088K->34559K(153088K), 0.0024110 secs] [Times: user=0.02 sys=0.00, real=0.00 secs] 
304.779: Total time for which application threads were stopped: 0.0025580 seconds, Stopping threads took: 0.0000680 seconds
304.967: Application time: 0.1872180 seconds
304.967: [GC [PSYoungGen: 104951K->3344K(97792K)] 132087K->30527K(145408K), 0.0010340 secs] [Times: user=0.00 sys=0.00, real=0.00 secs] 
304.968: Total time for which application threads were stopped: 0.0012080 seconds, Stopping threads took: 0.0000930 seconds
305.137: Application time: 0.1693350 seconds
305.137: [GC [PSYoungGen: 97540K->5424K(96768K)] 124724K->32647K(144384K), 0.0016650 secs] [Times: user=0.01 sys=0.00, real=0.00 secs] 
305.139: Total time for which application threads were stopped: 0.0018120 seconds, Stopping threads took: 0.0000760 seconds
305.308: Application time: 0.1690850 seconds
305.308: [GC [PSYoungGen: 95691K->5584K(93696K)] 122915K->32855K(141312K), 0.0017110 secs] [Times: user=0.01 sys=0.00, real=0.00 secs] 
305.310: Total time for which application threads were stopped: 0.0018710 seconds, Stopping threads took: 0.0000860 seconds
305.467: Application time: 0.1574580 seconds
305.468: [GC [PSYoungGen: 93123K->6432K(91648K)] 120394K->33920K(139264K), 0.0021100 secs] [Times: user=0.01 sys=0.00, real=0.00 secs] 
305.470: Total time for which application threads were stopped: 0.0022640 seconds, Stopping threads took: 0.0000670 seconds
305.632: Application time: 0.1623920 seconds
305.632: [GC [PSYoungGen: 91133K->4352K(87040K)] 118621K->31888K(134656K), 0.0012770 secs] [Times: user=0.00 sys=0.00, real=0.00 secs] 
305.634: Total time for which application threads were stopped: 0.0014170 seconds, Stopping threads took: 0.0000700 seconds
305.785: Application time: 0.1515590 seconds
305.785: [GC [PSYoungGen: 86025K->4352K(84480K)] 113561K->31888K(132096K), 0.0014080 secs] [Times: user=0.01 sys=0.00, real=0.00 secs] 
305.787: Total time for which application threads were stopped: 0.0015710 seconds, Stopping threads took: 0.0000940 seconds
305.928: Application time: 0.1411920 seconds
305.928: [GC [PSYoungGen: 83607K->6528K(83968K)] 111143K->34064K(131584K), 0.0019300 secs] [Times: user=0.01 sys=0.00, real=0.00 secs] 
305.930: Total time for which application threads were stopped: 0.0020800 seconds, Stopping threads took: 0.0000700 seconds
306.073: Application time: 0.1432530 seconds
306.073: [GC [PSYoungGen: 83233K->6416K(89088K)] 110770K->34168K(136704K), 0.0018100 secs] [Times: user=0.01 sys=0.00, real=0.00 secs] 
306.075: Total time for which application threads were stopped: 0.0019570 seconds, Stopping threads took: 0.0000610 seconds
306.222: Application time: 0.1470600 seconds
306.222: [GC [PSYoungGen: 86437K->5392K(83456K)] 114190K->33192K(131072K), 0.0011750 secs] [Times: user=0.01 sys=0.00, real=0.00 secs] 
306.224: Total time for which application threads were stopped: 0.0013270 seconds, Stopping threads took: 0.0000810 seconds
306.367: Application time: 0.1439120 seconds
306.368: [GC [PSYoungGen: 83167K->6400K(98816K)] 110967K->34240K(146432K), 0.0018260 secs] [Times: user=0.01 sys=0.00, real=0.00 secs] 
306.369: Total time for which application threads were stopped: 0.0019840 seconds, Stopping threads took: 0.0000710 seconds
306.535: Application time: 0.1659700 seconds
306.536: [GC [PSYoungGen: 96049K->5408K(102912K)] 123889K->33248K(150528K), 0.0015730 secs] [Times: user=0.01 sys=0.00, real=0.01 secs] 
306.537: Total time for which application threads were stopped: 0.0017450 seconds, Stopping threads took: 0.0000720 seconds
306.713: Application time: 0.1759930 seconds
306.713: [GC [PSYoungGen: 99362K->5488K(96768K)] 127203K->33404K(144384K), 0.0014520 secs] [Times: user=0.01 sys=0.00, real=0.00 secs] 
306.715: Total time for which application threads were stopped: 0.0015870 seconds, Stopping threads took: 0.0000580 seconds
306.879: Application time: 0.1640490 seconds
306.879: [GC [PSYoungGen: 95930K->6400K(94720K)] 123846K->34492K(142336K), 0.0017810 secs] [Times: user=0.01 sys=0.01, real=0.00 secs] 
306.881: Total time for which application threads were stopped: 0.0019500 seconds, Stopping threads took: 0.0000960 seconds
307.043: Application time: 0.1626180 seconds
307.043: [GC [PSYoungGen: 94097K->6400K(98304K)] 122190K->34532K(145920K), 0.0017910 secs] [Times: user=0.01 sys=0.00, real=0.01 secs] 
307.045: Total time for which application threads were stopped: 0.0019460 seconds, Stopping threads took: 0.0000800 seconds
307.211: Application time: 0.1661520 seconds
307.212: [GC [PSYoungGen: 96085K->5408K(92672K)] 124218K->33540K(140288K), 0.0013400 secs] [Times: user=0.00 sys=0.00, real=0.00 secs] 
307.213: Total time for which application threads were stopped: 0.0014820 seconds, Stopping threads took: 0.0000710 seconds
307.373: Application time: 0.1602400 seconds
307.373: [GC [PSYoungGen: 91461K->5504K(89600K)] 119594K->33720K(137216K), 0.0015880 secs] [Times: user=0.01 sys=0.00, real=0.00 secs] 
307.375: Total time for which application threads were stopped: 0.0017460 seconds, Stopping threads took: 0.0000800 seconds
307.529: Application time: 0.1539580 seconds
307.529: [GC [PSYoungGen: 89020K->5376K(87040K)] 117237K->33765K(134656K), 0.0012970 secs] [Times: user=0.01 sys=0.00, real=0.00 secs] 
307.530: Total time for which application threads were stopped: 0.0014400 seconds, Stopping threads took: 0.0000720 seconds
307.682: Application time: 0.1513300 seconds
307.682: [GC [PSYoungGen: 85872K->5376K(84480K)] 114262K->33805K(132096K), 0.0016660 secs] [Times: user=0.01 sys=0.00, real=0.00 secs] 
307.684: Total time for which application threads were stopped: 0.0018270 seconds, Stopping threads took: 0.0000880 seconds
307.825: Application time: 0.1414490 seconds
307.825: [GC [PSYoungGen: 84071K->4320K(99328K)] 112500K->34797K(146944K), 0.0018420 secs] [Times: user=0.01 sys=0.00, real=0.00 secs] 
307.827: Total time for which application threads were stopped: 0.0020110 seconds, Stopping threads took: 0.0000960 seconds
308.002: Application time: 0.1750900 seconds
308.002: [GC [PSYoungGen: 98495K->6576K(102400K)] 128972K->37053K(150016K), 0.0018940 secs] [Times: user=0.01 sys=0.00, real=0.01 secs] 
308.004: Total time for which application threads were stopped: 0.0020580 seconds, Stopping threads took: 0.0000680 seconds
308.179: Application time: 0.1744640 seconds
308.179: [GC [PSYoungGen: 100339K->5392K(97280K)] 130816K->36113K(144896K), 0.0012680 secs] [Times: user=0.01 sys=0.00, real=0.00 secs] 
308.180: Total time for which application threads were stopped: 0.0014130 seconds, Stopping threads took: 0.0000760 seconds
308.350: Application time: 0.1703110 seconds
308.350: [GC [PSYoungGen: 96667K->4288K(93184K)] 127389K->35057K(140800K), 0.0012990 secs] [Times: user=0.01 sys=0.00, real=0.00 secs] 
308.352: Total time for which application threads were stopped: 0.0014510 seconds, Stopping threads took: 0.0000830 seconds
308.512: Application time: 0.1601760 seconds
308.512: [GC [PSYoungGen: 92268K->5376K(91136K)] 123037K->37169K(138752K), 0.0015170 secs] [Times: user=0.00 sys=0.01, real=0.00 secs] 
308.514: Total time for which application threads were stopped: 0.0016740 seconds, Stopping threads took: 0.0000780 seconds
308.673: Application time: 0.1591170 seconds
308.673: [GC [PSYoungGen: 90746K->5616K(88576K)] 122539K->37409K(136192K), 0.0016840 secs] [Times: user=0.01 sys=0.00, real=0.00 secs] 
308.675: Total time for which application threads were stopped: 0.0018110 seconds, Stopping threads took: 0.0000580 seconds
308.829: Application time: 0.1546420 seconds
308.829: [GC [PSYoungGen: 88144K->3344K(83968K)] 119938K->35385K(131584K), 0.0010350 secs] [Times: user=0.00 sys=0.00, real=0.00 secs] 
308.830: Total time for which application threads were stopped: 0.0011780 seconds, Stopping threads took: 0.0000770 seconds
308.977: Application time: 0.1461940 seconds
308.977: [GC [PSYoungGen: 83562K->6400K(84480K)] 115604K->38481K(132096K), 0.0019330 secs] [Times: user=0.01 sys=0.00, real=0.00 secs] 
308.979: Total time for which application threads were stopped: 0.0021120 seconds, Stopping threads took: 0.0001020 seconds
309.123: Application time: 0.1439540 seconds
309.123: [GC [PSYoungGen: 83992K->5344K(80896K)] 116074K->37425K(128512K), 0.0015860 secs] [Times: user=0.01 sys=0.00, real=0.01 secs] 
309.124: Total time for which application threads were stopped: 0.0017400 seconds, Stopping threads took: 0.0000750 seconds
309.262: Application time: 0.1375390 seconds
309.262: [GC [PSYoungGen: 80043K->5376K(78336K)] 112125K->37457K(125952K), 0.0017340 secs] [Times: user=0.01 sys=0.00, real=0.00 secs] 
309.264: Total time for which application threads were stopped: 0.0018880 seconds, Stopping threads took: 0.0000850 seconds
309.398: Application time: 0.1339380 seconds
309.398: [GC [PSYoungGen: 77947K->4448K(92160K)] 110029K->37658K(139776K), 0.0015400 secs] [Times: user=0.01 sys=0.00, real=0.00 secs] 
309.399: Total time for which application threads were stopped: 0.0016780 seconds, Stopping threads took: 0.0000660 seconds
309.560: Application time: 0.1606010 seconds
309.560: [GC [PSYoungGen: 91411K->6432K(100352K)] 124621K->40806K(147968K), 0.0021440 secs] [Times: user=0.01 sys=0.00, real=0.00 secs] 
309.562: Total time for which application threads were stopped: 0.0022970 seconds, Stopping threads took: 0.0000760 seconds
309.733: Application time: 0.1705490 seconds
309.733: [GC [PSYoungGen: 98862K->6368K(113152K)] 133236K->40782K(160768K), 0.0015600 secs] [Times: user=0.01 sys=0.00, real=0.00 secs] 
309.735: Total time for which application threads were stopped: 0.0017130 seconds, Stopping threads took: 0.0000730 seconds
309.930: Application time: 0.1949180 seconds
309.930: [GC [PSYoungGen: 111588K->6432K(108544K)] 146002K->40846K(156160K), 0.0016830 secs] [Times: user=0.01 sys=0.00, real=0.00 secs] 
309.931: Total time for which application threads were stopped: 0.0018160 seconds, Stopping threads took: 0.0000640 seconds
310.120: Application time: 0.1882430 seconds
310.120: [GC [PSYoungGen: 107569K->5520K(103936K)] 141984K->40010K(151552K), 0.0016240 secs] [Times: user=0.01 sys=0.00, real=0.00 secs] 
310.121: Total time for which application threads were stopped: 0.0017740 seconds, Stopping threads took: 0.0000770 seconds
310.303: Application time: 0.1813060 seconds
310.303: [GC [PSYoungGen: 103533K->6416K(101376K)] 138023K->41078K(148992K), 0.0020720 secs] [Times: user=0.01 sys=0.00, real=0.01 secs] 
310.305: Total time for which application threads were stopped: 0.0022450 seconds, Stopping threads took: 0.0000840 seconds
310.477: Application time: 0.1724950 seconds
310.478: [GC [PSYoungGen: 100947K->3328K(95232K)] 135609K->41102K(142848K), 0.0017880 secs] [Times: user=0.01 sys=0.00, real=0.00 secs] 
310.479: Total time for which application threads were stopped: 0.0019520 seconds, Stopping threads took: 0.0000940 seconds
310.650: Application time: 0.1708960 seconds
310.650: [GC [PSYoungGen: 94433K->4464K(93184K)] 132208K->42238K(140800K), 0.0014610 secs] [Times: user=0.01 sys=0.00, real=0.00 secs] 
310.652: Total time for which application threads were stopped: 0.0016130 seconds, Stopping threads took: 0.0000830 seconds
310.812: Application time: 0.1600280 seconds
310.812: [GC [PSYoungGen: 92390K->6432K(92160K)] 130165K->44418K(139776K), 0.0018870 secs] [Times: user=0.01 sys=0.00, real=0.00 secs] 
310.814: Total time for which application threads were stopped: 0.0020480 seconds, Stopping threads took: 0.0000690 seconds
310.971: Application time: 0.1570790 seconds
310.971: [GC [PSYoungGen: 91271K->6432K(99840K)] 129258K->44458K(147456K), 0.0018520 secs] [Times: user=0.01 sys=0.00, real=0.00 secs] 
310.973: Total time for which application threads were stopped: 0.0020290 seconds, Stopping threads took: 0.0001020 seconds
311.140: Application time: 0.1672310 seconds
311.140: [GC [PSYoungGen: 97702K->6416K(95232K)] 135729K->44482K(142848K), 0.0014930 secs] [Times: user=0.01 sys=0.00, real=0.00 secs] 
311.142: Total time for which application threads were stopped: 0.0016680 seconds, Stopping threads took: 0.0001020 seconds
311.308: Application time: 0.1663430 seconds
311.308: [GC [PSYoungGen: 94985K->5440K(91136K)] 133052K->43506K(138752K), 0.0018810 secs] [Times: user=0.01 sys=0.00, real=0.00 secs] 
311.310: Total time for which application threads were stopped: 0.0020270 seconds, Stopping threads took: 0.0000710 seconds
311.468: Application time: 0.1580320 seconds
311.469: [GC [PSYoungGen: 90343K->4384K(87552K)] 128409K->43615K(135168K), 0.0014440 secs] [Times: user=0.01 sys=0.00, real=0.00 secs] 
311.470: Total time for which application threads were stopped: 0.0016170 seconds, Stopping threads took: 0.0000990 seconds
311.620: Application time: 0.1497700 seconds
311.620: [GC [PSYoungGen: 86638K->7392K(103424K)] 125869K->46743K(151040K), 0.0021730 secs] [Times: user=0.02 sys=0.00, real=0.00 secs] 
311.622: Total time for which application threads were stopped: 0.0023830 seconds, Stopping threads took: 0.0001340 seconds
311.802: Application time: 0.1795330 seconds
311.802: [GC [PSYoungGen: 102217K->5376K(97792K)] 141568K->44775K(145408K), 0.0013810 secs] [Times: user=0.01 sys=0.00, real=0.00 secs] 
311.803: Total time for which application threads were stopped: 0.0015250 seconds, Stopping threads took: 0.0000750 seconds
311.974: Application time: 0.1704670 seconds
311.974: [GC [PSYoungGen: 97091K->3392K(92672K)] 136490K->42791K(140288K), 0.0011650 secs] [Times: user=0.00 sys=0.00, real=0.00 secs] 
311.975: Total time for which application threads were stopped: 0.0013070 seconds, Stopping threads took: 0.0000660 seconds
312.134: Application time: 0.1591330 seconds
312.134: [GC [PSYoungGen: 92480K->7456K(99840K)] 131879K->46995K(147456K), 0.0022450 secs] [Times: user=0.01 sys=0.01, real=0.01 secs] 
312.137: Total time for which application threads were stopped: 0.0024210 seconds, Stopping threads took: 0.0000920 seconds
312.312: Application time: 0.1758910 seconds
312.313: [GC [PSYoungGen: 99208K->4368K(93696K)] 138748K->44023K(141312K), 0.0013870 secs] [Times: user=0.00 sys=0.00, real=0.00 secs] 
312.314: Total time for which application threads were stopped: 0.0015220 seconds, Stopping threads took: 0.0000600 seconds
312.476: Application time: 0.1620760 seconds
312.476: [GC [PSYoungGen: 93303K->6400K(92672K)] 132959K->46095K(140288K), 0.0018160 secs] [Times: user=0.01 sys=0.00, real=0.00 secs] 
312.478: Total time for which application threads were stopped: 0.0019730 seconds, Stopping threads took: 0.0000720 seconds
312.636: Application time: 0.1579350 seconds
312.636: [GC [PSYoungGen: 92390K->7456K(95744K)] 132086K->47151K(143360K), 0.0021560 secs] [Times: user=0.01 sys=0.00, real=0.01 secs] 
312.638: Total time for which application threads were stopped: 0.0023030 seconds, Stopping threads took: 0.0000710 seconds
312.801: Application time: 0.1623660 seconds
312.801: [GC [PSYoungGen: 94002K->5504K(89600K)] 133697K->45279K(137216K), 0.0012800 secs] [Times: user=0.01 sys=0.00, real=0.00 secs] 
312.802: Total time for which application threads were stopped: 0.0014130 seconds, Stopping threads took: 0.0000640 seconds
312.958: Application time: 0.1555240 seconds
312.958: [GC [PSYoungGen: 88853K->5344K(87040K)] 128629K->45291K(134656K), 0.0017440 secs] [Times: user=0.01 sys=0.00, real=0.00 secs] 
312.959: Total time for which application threads were stopped: 0.0018780 seconds, Stopping threads took: 0.0000630 seconds
313.111: Application time: 0.1512540 seconds
313.111: [GC [PSYoungGen: 86649K->5376K(84480K)] 126597K->45371K(132096K), 0.0013060 secs] [Times: user=0.01 sys=0.00, real=0.00 secs] 
313.112: Total time for which application threads were stopped: 0.0014460 seconds, Stopping threads took: 0.0000620 seconds
313.255: Application time: 0.1426100 seconds
313.255: [GC [PSYoungGen: 83989K->5376K(81920K)] 123985K->45371K(129536K), 0.0017100 secs] [Times: user=0.01 sys=0.00, real=0.01 secs] 
313.257: Total time for which application threads were stopped: 0.0018600 seconds, Stopping threads took: 0.0000760 seconds
313.398: Application time: 0.1409700 seconds
313.398: [GC [PSYoungGen: 81655K->6560K(97792K)] 121651K->47579K(145408K), 0.0020800 secs] [Times: user=0.02 sys=0.00, real=0.00 secs] 
313.400: Total time for which application threads were stopped: 0.0022290 seconds, Stopping threads took: 0.0000740 seconds
313.571: Application time: 0.1707770 seconds
313.571: [GC [PSYoungGen: 97251K->5376K(99328K)] 138271K->46592K(146944K), 0.0015870 secs] [Times: user=0.01 sys=0.00, real=0.00 secs] 
313.572: Total time for which application threads were stopped: 0.0017420 seconds, Stopping threads took: 0.0000820 seconds
313.740: Application time: 0.1672680 seconds
313.740: [GC [PSYoungGen: 96471K->6368K(117760K)] 137687K->47652K(165376K), 0.0015460 secs] [Times: user=0.00 sys=0.01, real=0.00 secs] 
313.741: Total time for which application threads were stopped: 0.0017060 seconds, Stopping threads took: 0.0000830 seconds
313.945: Application time: 0.2032590 seconds
313.945: [GC [PSYoungGen: 115702K->6400K(112128K)] 156986K->47684K(159744K), 0.0016260 secs] [Times: user=0.02 sys=0.00, real=0.00 secs] 
313.946: Total time for which application threads were stopped: 0.0017660 seconds, Stopping threads took: 0.0000640 seconds
314.138: Application time: 0.1911970 seconds
314.138: [GC [PSYoungGen: 110874K->5552K(107520K)] 152158K->46836K(155136K), 0.0015170 secs] [Times: user=0.01 sys=0.00, real=0.00 secs] 
314.139: Total time for which application threads were stopped: 0.0016830 seconds, Stopping threads took: 0.0000950 seconds
314.331: Application time: 0.1914940 seconds
314.331: [GC [PSYoungGen: 107366K->6400K(104960K)] 148650K->47928K(152576K), 0.0021470 secs] [Times: user=0.02 sys=0.00, real=0.00 secs] 
314.333: Total time for which application threads were stopped: 0.0023050 seconds, Stopping threads took: 0.0000760 seconds
314.520: Application time: 0.1872520 seconds
314.520: [GC [PSYoungGen: 104704K->3328K(98304K)] 146232K->44904K(145920K), 0.0010510 secs] [Times: user=0.01 sys=0.00, real=0.00 secs] 
314.521: Total time for which application threads were stopped: 0.0011960 seconds, Stopping threads took: 0.0000750 seconds
314.690: Application time: 0.1682690 seconds
314.690: [GC [PSYoungGen: 98010K->7520K(99328K)] 139586K->49096K(146944K), 0.0022610 secs] [Times: user=0.01 sys=0.01, real=0.00 secs] 
314.692: Total time for which application threads were stopped: 0.0024190 seconds, Stopping threads took: 0.0000840 seconds
314.867: Application time: 0.1746390 seconds
314.868: [GC [PSYoungGen: 98621K->5456K(94208K)] 140197K->48200K(141824K), 0.0017820 secs] [Times: user=0.02 sys=0.00, real=0.00 secs] 
314.870: Total time for which application threads were stopped: 0.0031580 seconds, Stopping threads took: 0.0012970 seconds
315.028: Application time: 0.1581930 seconds
315.028: [GC [PSYoungGen: 93088K->6432K(103936K)] 135833K->49280K(151552K), 0.0019080 secs] [Times: user=0.01 sys=0.00, real=0.00 secs] 
315.030: Total time for which application threads were stopped: 0.0020730 seconds, Stopping threads took: 0.0000920 seconds
315.210: Application time: 0.1800140 seconds
315.210: [GC [PSYoungGen: 101544K->5392K(97792K)] 144393K->48288K(145408K), 0.0012340 secs] [Times: user=0.01 sys=0.00, real=0.00 secs] 
315.212: Total time for which application threads were stopped: 0.0013800 seconds, Stopping threads took: 0.0000740 seconds
315.377: Application time: 0.1657340 seconds
315.378: [GC [PSYoungGen: 96663K->5472K(94720K)] 139560K->48368K(142336K), 0.0017390 secs] [Times: user=0.00 sys=0.00, real=0.00 secs] 
315.379: Total time for which application threads were stopped: 0.0019030 seconds, Stopping threads took: 0.0000870 seconds
315.546: Application time: 0.1671920 seconds
315.547: [GC [PSYoungGen: 94262K->4384K(90624K)] 137159K->47424K(138240K), 0.0012900 secs] [Times: user=0.01 sys=0.00, real=0.00 secs] 
315.548: Total time for which application threads were stopped: 0.0014290 seconds, Stopping threads took: 0.0000680 seconds
315.703: Application time: 0.1554880 seconds
315.704: [GC [PSYoungGen: 89881K->6448K(90112K)] 132922K->49593K(137728K), 0.0020260 secs] [Times: user=0.02 sys=0.00, real=0.01 secs] 
315.706: Total time for which application threads were stopped: 0.0021680 seconds, Stopping threads took: 0.0000680 seconds
315.860: Application time: 0.1539680 seconds
315.860: [GC [PSYoungGen: 89652K->5376K(86528K)] 132797K->49585K(134144K), 0.0017590 secs] [Times: user=0.01 sys=0.00, real=0.00 secs] 
315.861: Total time for which application threads were stopped: 0.0019130 seconds, Stopping threads took: 0.0000800 seconds
316.012: Application time: 0.1503730 seconds
316.012: [GC [PSYoungGen: 85688K->4368K(102400K)] 129897K->48577K(150016K), 0.0036150 secs] [Times: user=0.02 sys=0.00, real=0.00 secs] 
316.016: Total time for which application threads were stopped: 0.0037740 seconds, Stopping threads took: 0.0000760 seconds
316.187: Application time: 0.1716490 seconds
316.187: [GC [PSYoungGen: 98501K->5504K(105984K)] 142710K->49793K(153600K), 0.0015620 secs] [Times: user=0.01 sys=0.00, real=0.00 secs] 
316.189: Total time for which application threads were stopped: 0.0017120 seconds, Stopping threads took: 0.0000780 seconds
316.371: Application time: 0.1819570 seconds
316.371: [GC [PSYoungGen: 102939K->5408K(105472K)] 147229K->49869K(153088K), 0.0016270 secs] [Times: user=0.02 sys=0.00, real=0.00 secs] 
316.373: Total time for which application threads were stopped: 0.0017660 seconds, Stopping threads took: 0.0000660 seconds
316.555: Application time: 0.1822870 seconds
316.555: [GC [PSYoungGen: 103173K->5376K(125440K)] 147635K->49885K(173056K), 0.0013000 secs] [Times: user=0.00 sys=0.00, real=0.01 secs] 
316.556: Total time for which application threads were stopped: 0.0014560 seconds, Stopping threads took: 0.0000800 seconds
316.775: Application time: 0.2187250 seconds
316.775: [GC [PSYoungGen: 122737K->4448K(118272K)] 167247K->48957K(165888K), 0.0011560 secs] [Times: user=0.00 sys=0.00, real=0.01 secs] 
316.776: Total time for which application threads were stopped: 0.0013030 seconds, Stopping threads took: 0.0000680 seconds
316.980: Application time: 0.2032500 seconds
316.980: [GC [PSYoungGen: 117088K->6400K(116224K)] 161598K->51125K(163840K), 0.0018390 secs] [Times: user=0.00 sys=0.01, real=0.00 secs] 
316.982: Total time for which application threads were stopped: 0.0020500 seconds, Stopping threads took: 0.0001320 seconds
317.190: Application time: 0.2080080 seconds
317.190: [GC [PSYoungGen: 115968K->7424K(113152K)] 160693K->52225K(160768K), 0.0023090 secs] [Times: user=0.01 sys=0.00, real=0.00 secs] 
317.192: Total time for which application threads were stopped: 0.0024640 seconds, Stopping threads took: 0.0000700 seconds
317.385: Application time: 0.1930960 seconds
317.386: [GC [PSYoungGen: 112513K->1360K(103424K)] 157315K->49233K(152576K), 0.0012410 secs] [Times: user=0.01 sys=0.00, real=0.00 secs] 
317.387: [Full GC [PSYoungGen: 1360K->0K(103424K)] [ParOldGen: 47873K->8115K(45056K)] 49233K->8115K(148480K) [PSPermGen: 5530K->5530K(21504K)], 0.0064610 secs] [Times: user=0.03 sys=0.00, real=0.00 secs] 
317.393: Total time for which application threads were stopped: 0.0079190 seconds, Stopping threads took: 0.0000950 seconds
317.583: Application time: 0.1892970 seconds
317.583: [GC [PSYoungGen: 101738K->6512K(104960K)] 109854K->14627K(150016K), 0.0018420 secs] [Times: user=0.01 sys=0.00, real=0.01 secs] 
317.585: Total time for which application threads were stopped: 0.0019880 seconds, Stopping threads took: 0.0000690 seconds
317.763: Application time: 0.1788470 seconds
317.764: [GC [PSYoungGen: 104584K->6368K(101376K)] 112700K->14591K(146432K), 0.0019380 secs] [Times: user=0.01 sys=0.00, real=0.01 secs] 
317.766: Total time for which application threads were stopped: 0.0020940 seconds, Stopping threads took: 0.0000730 seconds
317.943: Application time: 0.1778840 seconds
317.944: [GC [PSYoungGen: 100299K->5376K(97280K)] 108523K->13631K(142336K), 0.0017650 secs] [Times: user=0.01 sys=0.00, real=0.01 secs] 
317.945: Total time for which application threads were stopped: 0.0019120 seconds, Stopping threads took: 0.0000730 seconds
318.112: Application time: 0.1668440 seconds
318.112: [GC [PSYoungGen: 96991K->5504K(94208K)] 105247K->14783K(139264K), 0.0017730 secs] [Times: user=0.01 sys=0.00, real=0.00 secs] 
318.114: Total time for which application threads were stopped: 0.0019220 seconds, Stopping threads took: 0.0000790 seconds
318.280: Application time: 0.1660520 seconds
318.280: [GC [PSYoungGen: 93866K->5408K(91136K)] 103146K->14868K(136192K), 0.0017720 secs] [Times: user=0.01 sys=0.00, real=0.00 secs] 
318.282: Total time for which application threads were stopped: 0.0019210 seconds, Stopping threads took: 0.0000610 seconds
318.437: Application time: 0.1549850 seconds
318.437: [GC [PSYoungGen: 90112K->5392K(88576K)] 99572K->15952K(133632K), 0.0017550 secs] [Times: user=0.01 sys=0.00, real=0.00 secs] 
318.439: Total time for which application threads were stopped: 0.0018960 seconds, Stopping threads took: 0.0000660 seconds
318.591: Application time: 0.1523850 seconds
318.591: [GC [PSYoungGen: 87556K->5376K(86016K)] 98117K->15976K(131072K), 0.0016860 secs] [Times: user=0.01 sys=0.00, real=0.00 secs] 
318.593: Total time for which application threads were stopped: 0.0018220 seconds, Stopping threads took: 0.0000620 seconds
318.740: Application time: 0.1472500 seconds
318.741: [GC [PSYoungGen: 85635K->4416K(95744K)] 96235K->17064K(140800K), 0.0018060 secs] [Times: user=0.01 sys=0.00, real=0.00 secs] 
318.742: Total time for which application threads were stopped: 0.0019460 seconds, Stopping threads took: 0.0000630 seconds
318.909: Application time: 0.1670510 seconds
318.910: [GC [PSYoungGen: 95363K->6528K(98816K)] 108011K->19256K(143872K), 0.0017920 secs] [Times: user=0.01 sys=0.00, real=0.00 secs] 
318.911: Total time for which application threads were stopped: 0.0019600 seconds, Stopping threads took: 0.0000870 seconds
319.080: Application time: 0.1686110 seconds
319.080: [GC [PSYoungGen: 96655K->6432K(94720K)] 109384K->19344K(139776K), 0.0014390 secs] [Times: user=0.01 sys=0.00, real=0.00 secs] 
319.082: Total time for which application threads were stopped: 0.0015940 seconds, Stopping threads took: 0.0000810 seconds
319.243: Application time: 0.1615980 seconds
319.243: [GC [PSYoungGen: 93519K->5376K(90624K)] 106431K->18336K(135680K), 0.0014350 secs] [Times: user=0.00 sys=0.01, real=0.01 secs] 
319.245: Total time for which application threads were stopped: 0.0015970 seconds, Stopping threads took: 0.0000900 seconds
319.398: Application time: 0.1528050 seconds
319.398: [GC [PSYoungGen: 89595K->4320K(87040K)] 102555K->20352K(132096K), 0.0018500 secs] [Times: user=0.01 sys=0.00, real=0.00 secs] 
319.400: Total time for which application threads were stopped: 0.0020050 seconds, Stopping threads took: 0.0000830 seconds
319.553: Application time: 0.1532570 seconds
319.553: [GC [PSYoungGen: 86235K->6576K(105984K)] 102268K->22656K(151040K), 0.0017750 secs] [Times: user=0.01 sys=0.00, real=0.00 secs] 
319.555: Total time for which application threads were stopped: 0.0019230 seconds, Stopping threads took: 0.0000690 seconds
319.735: Application time: 0.1803540 seconds
319.735: [GC [PSYoungGen: 105839K->6400K(107520K)] 121919K->23728K(152576K), 0.0021610 secs] [Times: user=0.01 sys=0.00, real=0.01 secs] 
319.737: Total time for which application threads were stopped: 0.0023150 seconds, Stopping threads took: 0.0000770 seconds
319.928: Application time: 0.1910450 seconds
319.929: [GC [PSYoungGen: 107264K->5376K(102912K)] 124592K->22744K(147968K), 0.0015080 secs] [Times: user=0.01 sys=0.00, real=0.00 secs] 
319.930: Total time for which application threads were stopped: 0.0016630 seconds, Stopping threads took: 0.0000800 seconds
320.113: Application time: 0.1827350 seconds
320.113: [GC [PSYoungGen: 102656K->5488K(99840K)] 120024K->22856K(144896K), 0.0016360 secs] [Times: user=0.00 sys=0.00, real=0.00 secs] 
320.115: Total time for which application threads were stopped: 0.0017990 seconds, Stopping threads took: 0.0000820 seconds
320.283: Application time: 0.1685800 seconds
320.283: [GC [PSYoungGen: 98901K->7488K(104448K)] 116269K->25005K(149504K), 0.0020610 secs] [Times: user=0.02 sys=0.00, real=0.01 secs] 
320.286: Total time for which application threads were stopped: 0.0022150 seconds, Stopping threads took: 0.0000750 seconds
320.470: Application time: 0.1845070 seconds
320.470: [GC [PSYoungGen: 104233K->4352K(98304K)] 121750K->21993K(143360K), 0.0010710 secs] [Times: user=0.01 sys=0.00, real=0.00 secs] 
320.471: Total time for which application threads were stopped: 0.0012110 seconds, Stopping threads took: 0.0000670 seconds
320.646: Application time: 0.1749980 seconds
320.646: [GC [PSYoungGen: 97705K->5392K(96256K)] 115346K->23073K(141312K), 0.0015220 secs] [Times: user=0.01 sys=0.00, real=0.00 secs] 
320.648: Total time for which application threads were stopped: 0.0016700 seconds, Stopping threads took: 0.0000670 seconds
320.808: Application time: 0.1599640 seconds
320.808: [GC [PSYoungGen: 95010K->6496K(94208K)] 112691K->24177K(139264K), 0.0015200 secs] [Times: user=0.00 sys=0.01, real=0.00 secs] 
320.810: Total time for which application threads were stopped: 0.0016740 seconds, Stopping threads took: 0.0000770 seconds
320.971: Application time: 0.1616730 seconds
320.971: [GC [PSYoungGen: 93078K->5456K(90112K)] 110759K->23281K(135168K), 0.0018740 secs] [Times: user=0.01 sys=0.00, real=0.00 secs] 
320.973: Total time for which application threads were stopped: 0.0020150 seconds, Stopping threads took: 0.0000640 seconds
321.131: Application time: 0.1580110 seconds
321.131: [GC [PSYoungGen: 89501K->4336K(86528K)] 107326K->22273K(131584K), 0.0013390 secs] [Times: user=0.01 sys=0.00, real=0.00 secs] 
321.133: Total time for which application threads were stopped: 0.0015100 seconds, Stopping threads took: 0.0000920 seconds
321.280: Application time: 0.1469950 seconds
321.280: [GC [PSYoungGen: 85655K->6400K(86016K)] 103593K->24369K(131072K), 0.0020490 secs] [Times: user=0.01 sys=0.00, real=0.00 secs] 
321.282: Total time for which application threads were stopped: 0.0022140 seconds, Stopping threads took: 0.0000740 seconds
321.426: Application time: 0.1439150 seconds
321.426: [GC [PSYoungGen: 85066K->5344K(100864K)] 103035K->25361K(145920K), 0.0020210 secs] [Times: user=0.01 sys=0.00, real=0.00 secs] 
321.428: Total time for which application threads were stopped: 0.0021640 seconds, Stopping threads took: 0.0000660 seconds
321.608: Application time: 0.1803270 seconds
321.608: [GC [PSYoungGen: 99789K->3424K(95744K)] 119807K->23481K(140800K), 0.0011650 secs] [Times: user=0.01 sys=0.00, real=0.00 secs] 
321.610: Total time for which application threads were stopped: 0.0013070 seconds, Stopping threads took: 0.0000710 seconds
321.774: Application time: 0.1642780 seconds
321.774: [GC [PSYoungGen: 95507K->6400K(95744K)] 115564K->26673K(140800K), 0.0019740 secs] [Times: user=0.02 sys=0.00, real=0.00 secs] 
321.776: Total time for which application threads were stopped: 0.0021290 seconds, Stopping threads took: 0.0000760 seconds
321.945: Application time: 0.1692070 seconds
321.945: [GC [PSYoungGen: 94819K->4352K(90624K)] 115093K->24673K(135680K), 0.0014370 secs] [Times: user=0.01 sys=0.00, real=0.00 secs] 
321.947: Total time for which application threads were stopped: 0.0015860 seconds, Stopping threads took: 0.0000620 seconds
322.098: Application time: 0.1515830 seconds
322.099: [GC [PSYoungGen: 90006K->6400K(94208K)] 110328K->27745K(139264K), 0.0021070 secs] [Times: user=0.02 sys=0.00, real=0.00 secs] 
322.101: Total time for which application threads were stopped: 0.0022770 seconds, Stopping threads took: 0.0000900 seconds
322.268: Application time: 0.1676440 seconds
322.269: [GC [PSYoungGen: 93091K->5440K(95232K)] 114437K->26825K(140288K), 0.0016340 secs] [Times: user=0.01 sys=0.00, real=0.00 secs] 
322.270: Total time for which application threads were stopped: 0.0018000 seconds, Stopping threads took: 0.0000900 seconds
322.429: Application time: 0.1589740 seconds
322.429: [GC [PSYoungGen: 92424K->5360K(89600K)] 113810K->26954K(134656K), 0.0013250 secs] [Times: user=0.01 sys=0.00, real=0.00 secs] 
322.431: Total time for which application threads were stopped: 0.0014700 seconds, Stopping threads took: 0.0000690 seconds
322.582: Application time: 0.1517380 seconds
322.583: [GC [PSYoungGen: 88316K->7424K(108544K)] 109910K->29050K(153600K), 0.0017410 secs] [Times: user=0.01 sys=0.00, real=0.01 secs] 
322.584: Total time for which application threads were stopped: 0.0019250 seconds, Stopping threads took: 0.0001050 seconds
322.772: Application time: 0.1878280 seconds
322.772: [GC [PSYoungGen: 108288K->6432K(103936K)] 129914K->28058K(148992K), 0.0016710 secs] [Times: user=0.01 sys=0.00, real=0.00 secs] 
322.774: Total time for which application threads were stopped: 0.0018410 seconds, Stopping threads took: 0.0000920 seconds
322.956: Application time: 0.1820540 seconds
322.956: [GC [PSYoungGen: 102954K->3440K(97792K)] 124580K->25114K(142848K), 0.0012250 secs] [Times: user=0.01 sys=0.00, real=0.00 secs] 
322.957: Total time for which application threads were stopped: 0.0013770 seconds, Stopping threads took: 0.0000760 seconds
323.125: Application time: 0.1679450 seconds
323.125: [GC [PSYoungGen: 96634K->6416K(97792K)] 118308K->28298K(142848K), 0.0018090 secs] [Times: user=0.01 sys=0.00, real=0.00 secs] 
323.127: Total time for which application threads were stopped: 0.0019630 seconds, Stopping threads took: 0.0000680 seconds
323.301: Application time: 0.1734020 seconds
323.301: [GC [PSYoungGen: 97408K->4368K(92672K)] 119291K->26298K(137728K), 0.0014710 secs] [Times: user=0.01 sys=0.00, real=0.00 secs] 
323.302: Total time for which application threads were stopped: 0.0016140 seconds, Stopping threads took: 0.0000600 seconds
323.460: Application time: 0.1575050 seconds
323.460: [GC [PSYoungGen: 91800K->6432K(91648K)] 113730K->28362K(136704K), 0.0017760 secs] [Times: user=0.01 sys=0.00, real=0.00 secs] 
323.462: Total time for which application threads were stopped: 0.0019370 seconds, Stopping threads took: 0.0000860 seconds
323.620: Application time: 0.1583980 seconds
323.620: [GC [PSYoungGen: 90999K->6496K(89088K)] 112930K->28474K(134144K), 0.0022010 secs] [Times: user=0.01 sys=0.00, real=0.00 secs] 
323.623: Total time for which application threads were stopped: 0.0023480 seconds, Stopping threads took: 0.0000680 seconds
323.775: Application time: 0.1527410 seconds
323.775: [GC [PSYoungGen: 88021K->4336K(84480K)] 109999K->26522K(129536K), 0.0012930 secs] [Times: user=0.01 sys=0.00, real=0.01 secs] 
323.777: Total time for which application threads were stopped: 0.0014370 seconds, Stopping threads took: 0.0000630 seconds
323.920: Application time: 0.1437210 seconds
323.921: [GC [PSYoungGen: 84011K->7424K(90112K)] 106198K->29642K(135168K), 0.0020480 secs] [Times: user=0.01 sys=0.00, real=0.00 secs] 
323.923: Total time for which application threads were stopped: 0.0021950 seconds, Stopping threads took: 0.0000660 seconds
324.071: Application time: 0.1480900 seconds
324.071: [GC [PSYoungGen: 88138K->5376K(84480K)] 110357K->27594K(129536K), 0.0012480 secs] [Times: user=0.01 sys=0.00, real=0.00 secs] 
324.072: Total time for which application threads were stopped: 0.0014070 seconds, Stopping threads took: 0.0000840 seconds
324.221: Application time: 0.1485250 seconds
324.221: [GC [PSYoungGen: 84120K->4464K(80896K)] 106339K->26682K(125952K), 0.0014910 secs] [Times: user=0.00 sys=0.00, real=0.00 secs] 
324.222: Total time for which application threads were stopped: 0.0016340 seconds, Stopping threads took: 0.0000710 seconds
324.366: Application time: 0.1432560 seconds
324.366: [GC [PSYoungGen: 80549K->5376K(79360K)] 102768K->27803K(124416K), 0.0013620 secs] [Times: user=0.01 sys=0.00, real=0.00 secs] 
324.367: Total time for which application threads were stopped: 0.0015200 seconds, Stopping threads took: 0.0000710 seconds
324.502: Application time: 0.1347370 seconds
324.502: [GC [PSYoungGen: 78780K->5440K(77312K)] 101207K->27915K(122368K), 0.0017140 secs] [Times: user=0.01 sys=0.00, real=0.00 secs] 
324.504: Total time for which application threads were stopped: 0.0018550 seconds, Stopping threads took: 0.0000670 seconds
324.637: Application time: 0.1329530 seconds
324.640: [GC [PSYoungGen: 76525K->5376K(90624K)] 99000K->27899K(135680K), 0.0015280 secs] [Times: user=0.01 sys=0.00, real=0.00 secs] 
324.642: Total time for which application threads were stopped: 0.0051230 seconds, Stopping threads took: 0.0035160 seconds
324.796: Application time: 0.1539880 seconds
324.796: [GC [PSYoungGen: 89107K->5376K(92160K)] 111630K->27899K(137216K), 0.0015110 secs] [Times: user=0.01 sys=0.00, real=0.01 secs] 
324.797: Total time for which application threads were stopped: 0.0016760 seconds, Stopping threads took: 0.0000850 seconds
324.948: Application time: 0.1506240 seconds
324.948: [GC [PSYoungGen: 88864K->6576K(108032K)] 111387K->29139K(153088K), 0.0015670 secs] [Times: user=0.01 sys=0.00, real=0.00 secs] 
324.950: Total time for which application threads were stopped: 0.0017290 seconds, Stopping threads took: 0.0000790 seconds
325.139: Application time: 0.1891820 seconds
325.139: [GC [PSYoungGen: 106431K->5408K(102400K)] 128994K->28187K(147456K), 0.0013720 secs] [Times: user=0.00 sys=0.01, real=0.00 secs] 
325.140: Total time for which application threads were stopped: 0.0015170 seconds, Stopping threads took: 0.0000740 seconds
325.321: Application time: 0.1801480 seconds
325.321: [GC [PSYoungGen: 102176K->5376K(99328K)] 124955K->29219K(144384K), 0.0017380 secs] [Times: user=0.01 sys=0.00, real=0.00 secs] 
325.323: Total time for which application threads were stopped: 0.0018760 seconds, Stopping threads took: 0.0000650 seconds
325.491: Application time: 0.1688440 seconds
325.491: [GC [PSYoungGen: 98715K->6448K(97280K)] 122558K->30291K(142336K), 0.0019480 secs] [Times: user=0.01 sys=0.00, real=0.00 secs] 
325.493: Total time for which application threads were stopped: 0.0021040 seconds, Stopping threads took: 0.0000680 seconds
325.664: Application time: 0.1706190 seconds
325.664: [GC [PSYoungGen: 96525K->3456K(91136K)] 120368K->29387K(136192K), 0.0015020 secs] [Times: user=0.01 sys=0.01, real=0.00 secs] 
325.666: Total time for which application threads were stopped: 0.0016530 seconds, Stopping threads took: 0.0000740 seconds
325.819: Application time: 0.1532390 seconds
325.819: [GC [PSYoungGen: 90108K->7424K(98304K)] 116040K->33571K(143360K), 0.0022650 secs] [Times: user=0.01 sys=0.00, real=0.00 secs] 
325.821: Total time for which application threads were stopped: 0.0024300 seconds, Stopping threads took: 0.0000840 seconds
325.993: Application time: 0.1717120 seconds
325.993: [GC [PSYoungGen: 96601K->4352K(91648K)] 122749K->30555K(136704K), 0.0010550 secs] [Times: user=0.00 sys=0.00, real=0.00 secs] 
325.994: Total time for which application threads were stopped: 0.0012180 seconds, Stopping threads took: 0.0000860 seconds
326.154: Application time: 0.1594400 seconds
326.154: [GC [PSYoungGen: 90486K->6432K(90624K)] 116689K->32635K(135680K), 0.0018410 secs] [Times: user=0.02 sys=0.00, real=0.00 secs] 
326.156: Total time for which application threads were stopped: 0.0020080 seconds, Stopping threads took: 0.0000940 seconds
326.305: Application time: 0.1496130 seconds
326.306: [GC [PSYoungGen: 89969K->5536K(87040K)] 116173K->32811K(132096K), 0.0015650 secs] [Times: user=0.01 sys=0.00, real=0.00 secs] 
326.307: Total time for which application threads were stopped: 0.0017110 seconds, Stopping threads took: 0.0000700 seconds
326.462: Application time: 0.1548330 seconds
326.462: [GC [PSYoungGen: 86936K->4352K(83456K)] 114212K->31840K(128512K), 0.0014770 secs] [Times: user=0.01 sys=0.00, real=0.00 secs] 
326.464: Total time for which application threads were stopped: 0.0016260 seconds, Stopping threads took: 0.0000710 seconds
326.610: Application time: 0.1466680 seconds
326.610: [GC [PSYoungGen: 82539K->5344K(81920K)] 110027K->32872K(126976K), 0.0015380 secs] [Times: user=0.01 sys=0.00, real=0.00 secs] 
326.612: Total time for which application threads were stopped: 0.0017080 seconds, Stopping threads took: 0.0000850 seconds
326.749: Application time: 0.1373850 seconds
326.749: [GC [PSYoungGen: 80735K->5376K(79360K)] 108263K->32904K(124416K), 0.0018130 secs] [Times: user=0.01 sys=0.00, real=0.00 secs] 
326.751: Total time for which application threads were stopped: 0.0019660 seconds, Stopping threads took: 0.0000790 seconds
326.887: Application time: 0.1354240 seconds
326.887: [GC [PSYoungGen: 78972K->5440K(94208K)] 106500K->32968K(139264K), 0.0016800 secs] [Times: user=0.01 sys=0.00, real=0.00 secs] 
326.889: Total time for which application threads were stopped: 0.0018230 seconds, Stopping threads took: 0.0000640 seconds
327.048: Application time: 0.1598570 seconds
327.049: [GC [PSYoungGen: 93619K->6528K(96256K)] 121147K->34168K(141312K), 0.0018680 secs] [Times: user=0.01 sys=0.00, real=0.00 secs] 
327.050: Total time for which application threads were stopped: 0.0020330 seconds, Stopping threads took: 0.0000880 seconds
327.220: Application time: 0.1693750 seconds
327.220: [GC [PSYoungGen: 94942K->5408K(91136K)] 122582K->33192K(136192K), 0.0012610 secs] [Times: user=0.00 sys=0.01, real=0.00 secs] 
327.221: Total time for which application threads were stopped: 0.0014240 seconds, Stopping threads took: 0.0000820 seconds
327.375: Application time: 0.1536030 seconds
327.375: [GC [PSYoungGen: 89983K->5392K(88576K)] 117767K->33224K(133632K), 0.0014390 secs] [Times: user=0.01 sys=0.00, real=0.01 secs] 
327.376: Total time for which application threads were stopped: 0.0015860 seconds, Stopping threads took: 0.0000730 seconds
327.525: Application time: 0.1487220 seconds
327.525: [GC [PSYoungGen: 87412K->4368K(84992K)] 115245K->33224K(130048K), 0.0012550 secs] [Times: user=0.01 sys=0.01, real=0.00 secs] 
327.527: Total time for which application threads were stopped: 0.0014090 seconds, Stopping threads took: 0.0000800 seconds
327.675: Application time: 0.1485920 seconds
327.675: [GC [PSYoungGen: 83840K->7584K(104448K)] 112696K->36480K(149504K), 0.0021350 secs] [Times: user=0.02 sys=0.00, real=0.01 secs] 
327.677: Total time for which application threads were stopped: 0.0022960 seconds, Stopping threads took: 0.0000820 seconds
327.854: Application time: 0.1765830 seconds
327.854: [GC [PSYoungGen: 103807K->5392K(105472K)] 132703K->35532K(150528K), 0.0018520 secs] [Times: user=0.01 sys=0.00, real=0.00 secs] 
327.856: Total time for which application threads were stopped: 0.0020250 seconds, Stopping threads took: 0.0000880 seconds
328.044: Application time: 0.1875840 seconds
328.044: [GC [PSYoungGen: 103947K->5344K(101376K)] 134088K->35532K(146432K), 0.0016410 secs] [Times: user=0.01 sys=0.00, real=0.01 secs] 
328.046: Total time for which application threads were stopped: 0.0018680 seconds, Stopping threads took: 0.0001480 seconds
328.219: Application time: 0.1730430 seconds
328.219: [GC [PSYoungGen: 100584K->5440K(103424K)] 130772K->37676K(148480K), 0.0021120 secs] [Times: user=0.02 sys=0.00, real=0.00 secs] 
328.221: Total time for which application threads were stopped: 0.0022690 seconds, Stopping threads took: 0.0000790 seconds
328.427: Application time: 0.2063900 seconds
328.427: [GC [PSYoungGen: 102539K->6528K(100864K)] 134776K->38836K(145920K), 0.0019050 secs] [Times: user=0.01 sys=0.00, real=0.00 secs] 
328.429: Total time for which application threads were stopped: 0.0020700 seconds, Stopping threads took: 0.0000790 seconds
328.607: Application time: 0.1776520 seconds
328.607: [GC [PSYoungGen: 100535K->4400K(95744K)] 132844K->36893K(140800K), 0.0014340 secs] [Times: user=0.01 sys=0.00, real=0.00 secs] 
328.609: Total time for which application threads were stopped: 0.0015880 seconds, Stopping threads took: 0.0000750 seconds
328.765: Application time: 0.1568620 seconds
328.766: [GC [PSYoungGen: 95181K->7392K(100864K)] 127674K->39933K(145920K), 0.0021030 secs] [Times: user=0.01 sys=0.00, real=0.00 secs] 
328.768: Total time for which application threads were stopped: 0.0022550 seconds, Stopping threads took: 0.0000690 seconds
328.945: Application time: 0.1776670 seconds
328.946: [GC [PSYoungGen: 99860K->5440K(95744K)] 132401K->37981K(140800K), 0.0012710 secs] [Times: user=0.00 sys=0.00, real=0.00 secs] 
328.947: Total time for which application threads were stopped: 0.0015120 seconds, Stopping threads took: 0.0001570 seconds
329.101: Application time: 0.1544880 seconds
329.102: [GC [PSYoungGen: 95276K->7456K(94720K)] 127817K->40145K(139776K), 0.0019880 secs] [Times: user=0.01 sys=0.00, real=0.00 secs] 
329.104: Total time for which application threads were stopped: 0.0021670 seconds, Stopping threads took: 0.0001050 seconds
329.274: Application time: 0.1702450 seconds
329.274: [GC [PSYoungGen: 94480K->2304K(86528K)] 127169K->35105K(131584K), 0.0008050 secs] [Times: user=0.00 sys=0.00, real=0.00 secs] 
329.275: Total time for which application threads were stopped: 0.0009360 seconds, Stopping threads took: 0.0000630 seconds
329.423: Application time: 0.1482500 seconds
329.423: [GC [PSYoungGen: 86272K->7424K(89088K)] 119073K->40265K(134144K), 0.0021720 secs] [Times: user=0.01 sys=0.00, real=0.01 secs] 
329.425: Total time for which application threads were stopped: 0.0023300 seconds, Stopping threads took: 0.0000770 seconds
329.570: Application time: 0.1448400 seconds
329.570: [GC [PSYoungGen: 88364K->6432K(105472K)] 121206K->39273K(150528K), 0.0018280 secs] [Times: user=0.02 sys=0.00, real=0.00 secs] 
329.572: Total time for which application threads were stopped: 0.0019870 seconds, Stopping threads took: 0.0000750 seconds
329.752: Application time: 0.1798710 seconds
329.752: [GC [PSYoungGen: 104224K->6528K(107008K)] 137065K->39433K(152064K), 0.0018950 secs] [Times: user=0.01 sys=0.00, real=0.00 secs] 
329.754: Total time for which application threads were stopped: 0.0020780 seconds, Stopping threads took: 0.0001020 seconds
329.935: Application time: 0.1812450 seconds
329.935: [GC [PSYoungGen: 104225K->3360K(97792K)] 137131K->36437K(142848K), 0.0008860 secs] [Times: user=0.01 sys=0.00, real=0.01 secs] 
329.936: Total time for which application threads were stopped: 0.0010160 seconds, Stopping threads took: 0.0000580 seconds
330.101: Application time: 0.1645280 seconds
330.101: [GC [PSYoungGen: 97188K->6400K(97792K)] 130266K->39517K(142848K), 0.0017210 secs] [Times: user=0.01 sys=0.00, real=0.00 secs] 
330.103: Total time for which application threads were stopped: 0.0018840 seconds, Stopping threads took: 0.0000820 seconds
330.275: Application time: 0.1723110 seconds
330.275: [GC [PSYoungGen: 97399K->4432K(92672K)] 130517K->37549K(137728K), 0.0010960 secs] [Times: user=0.01 sys=0.00, real=0.01 secs] 
330.276: Total time for which application threads were stopped: 0.0012230 seconds, Stopping threads took: 0.0000590 seconds
330.428: Application time: 0.1521680 seconds
330.429: [GC [PSYoungGen: 92496K->7408K(92672K)] 125613K->40673K(137728K), 0.0023330 secs] [Times: user=0.01 sys=0.00, real=0.00 secs] 
330.431: Total time for which application threads were stopped: 0.0024790 seconds, Stopping threads took: 0.0000690 seconds
330.585: Application time: 0.1537660 seconds
330.585: [GC [PSYoungGen: 92400K->6416K(109056K)] 125665K->40818K(154112K), 0.0020410 secs] [Times: user=0.02 sys=0.00, real=0.00 secs] 
330.587: Total time for which application threads were stopped: 0.0021890 seconds, Stopping threads took: 0.0000700 seconds
330.775: Application time: 0.1876050 seconds
330.775: [GC [PSYoungGen: 108283K->7424K(111616K)] 142685K->41866K(156672K), 0.0021390 secs] [Times: user=0.01 sys=0.00, real=0.01 secs] 
330.777: Total time for which application threads were stopped: 0.0022990 seconds, Stopping threads took: 0.0000720 seconds
330.967: Application time: 0.1897080 seconds
330.967: [GC [PSYoungGen: 109809K->6496K(105472K)] 144251K->40938K(150528K), 0.0014590 secs] [Times: user=0.01 sys=0.00, real=0.00 secs] 
330.968: Total time for which application threads were stopped: 0.0016050 seconds, Stopping threads took: 0.0000640 seconds
331.150: Application time: 0.1823190 seconds
331.151: [GC [PSYoungGen: 104306K->5376K(100864K)] 138748K->39950K(145920K), 0.0016280 secs] [Times: user=0.00 sys=0.01, real=0.00 secs] 
331.152: Total time for which application threads were stopped: 0.0017820 seconds, Stopping threads took: 0.0000790 seconds
331.318: Application time: 0.1661060 seconds
331.318: [GC [PSYoungGen: 100078K->5344K(97792K)] 134652K->40066K(142848K), 0.0013570 secs] [Times: user=0.00 sys=0.00, real=0.00 secs] 
331.320: Total time for which application threads were stopped: 0.0015030 seconds, Stopping threads took: 0.0000670 seconds
331.491: Application time: 0.1706860 seconds
331.491: [GC [PSYoungGen: 97504K->7424K(96768K)] 132226K->42146K(141824K), 0.0022480 secs] [Times: user=0.01 sys=0.00, real=0.00 secs] 
331.493: Total time for which application threads were stopped: 0.0023970 seconds, Stopping threads took: 0.0000690 seconds
331.654: Application time: 0.1607710 seconds
331.654: [GC [PSYoungGen: 96161K->4432K(90624K)] 130883K->39154K(135680K), 0.0013430 secs] [Times: user=0.01 sys=0.00, real=0.00 secs] 
331.655: Total time for which application threads were stopped: 0.0014980 seconds, Stopping threads took: 0.0000820 seconds
331.817: Application time: 0.1615410 seconds
331.817: [GC [PSYoungGen: 90267K->3408K(87040K)] 124989K->38270K(132096K), 0.0012870 secs] [Times: user=0.01 sys=0.00, real=0.00 secs] 
331.818: Total time for which application threads were stopped: 0.0014250 seconds, Stopping threads took: 0.0000700 seconds
331.963: Application time: 0.1450780 seconds
331.963: [GC [PSYoungGen: 86653K->6400K(87552K)] 121515K->41406K(132608K), 0.0020750 secs] [Times: user=0.01 sys=0.00, real=0.01 secs] 
331.966: Total time for which application threads were stopped: 0.0022470 seconds, Stopping threads took: 0.0000840 seconds
332.110: Application time: 0.1448080 seconds
332.110: [GC [PSYoungGen: 87002K->7424K(104960K)] 122009K->42430K(150016K), 0.0021360 secs] [Times: user=0.02 sys=0.00, real=0.00 secs] 
332.113: Total time for which application threads were stopped: 0.0022970 seconds, Stopping threads took: 0.0000770 seconds
332.295: Application time: 0.1819080 seconds
332.295: [GC [PSYoungGen: 104478K->6496K(107008K)] 139484K->41502K(152064K), 0.0018730 secs] [Times: user=0.01 sys=0.00, real=0.01 secs] 
332.297: Total time for which application threads were stopped: 0.0020250 seconds, Stopping threads took: 0.0000730 seconds
332.474: Application time: 0.1775800 seconds
332.475: [GC [PSYoungGen: 103351K->5440K(107520K)] 138357K->40590K(152576K), 0.0016990 secs] [Times: user=0.01 sys=0.00, real=0.01 secs] 
332.477: Total time for which application threads were stopped: 0.0023850 seconds, Stopping threads took: 0.0006060 seconds
332.649: Application time: 0.1723480 seconds
332.649: [GC [PSYoungGen: 102226K->6416K(100864K)] 137377K->41678K(145920K), 0.0013970 secs] [Times: user=0.01 sys=0.00, real=0.00 secs] 
332.650: Total time for which application threads were stopped: 0.0015540 seconds, Stopping threads took: 0.0000830 seconds
332.823: Application time: 0.1724380 seconds
332.823: [GC [PSYoungGen: 99643K->6368K(97792K)] 134906K->41662K(142848K), 0.0018420 secs] [Times: user=0.01 sys=0.00, real=0.01 secs] 
332.825: Total time for which application threads were stopped: 0.0019940 seconds, Stopping threads took: 0.0000780 seconds
332.987: Application time: 0.1622880 seconds
332.987: [GC [PSYoungGen: 96517K->5504K(93696K)] 131812K->40798K(138752K), 0.0012740 secs] [Times: user=0.00 sys=0.01, real=0.00 secs] 
332.989: Total time for which application threads were stopped: 0.0014230 seconds, Stopping threads took: 0.0000660 seconds
333.154: Application time: 0.1650940 seconds
333.154: [GC [PSYoungGen: 93459K->4416K(89600K)] 128753K->39891K(134656K), 0.0015740 secs] [Times: user=0.01 sys=0.00, real=0.00 secs] 
333.155: Total time for which application threads were stopped: 0.0017210 seconds, Stopping threads took: 0.0000740 seconds
333.305: Application time: 0.1498140 seconds
333.305: [GC [PSYoungGen: 88515K->7424K(110080K)] 123990K->43011K(155136K), 0.0020410 secs] [Times: user=0.01 sys=0.00, real=0.00 secs] 
333.307: Total time for which application threads were stopped: 0.0021790 seconds, Stopping threads took: 0.0000600 seconds
333.494: Application time: 0.1870720 seconds
333.495: [GC [PSYoungGen: 109276K->6400K(105472K)] 144863K->41987K(150528K), 0.0020210 secs] [Times: user=0.01 sys=0.00, real=0.01 secs] 
333.497: Total time for which application threads were stopped: 0.0021960 seconds, Stopping threads took: 0.0000920 seconds
333.676: Application time: 0.1789620 seconds
333.676: [GC [PSYoungGen: 104595K->4512K(99840K)] 140182K->40099K(144896K), 0.0015280 secs] [Times: user=0.01 sys=0.00, real=0.01 secs] 
333.677: Total time for which application threads were stopped: 0.0016870 seconds, Stopping threads took: 0.0000820 seconds
333.845: Application time: 0.1672920 seconds
333.845: [GC [PSYoungGen: 99300K->6400K(98816K)] 134887K->42239K(143872K), 0.0020340 secs] [Times: user=0.01 sys=0.00, real=0.00 secs] 
333.847: Total time for which application threads were stopped: 0.0022070 seconds, Stopping threads took: 0.0000970 seconds
334.024: Application time: 0.1773240 seconds
334.024: [GC [PSYoungGen: 97662K->3312K(93184K)] 133502K->39207K(138240K), 0.0011350 secs] [Times: user=0.00 sys=0.00, real=0.00 secs] 
334.025: Total time for which application threads were stopped: 0.0012720 seconds, Stopping threads took: 0.0000560 seconds
334.178: Application time: 0.1528390 seconds
334.178: [GC [PSYoungGen: 91431K->6368K(92672K)] 127326K->42263K(137728K), 0.0019200 secs] [Times: user=0.01 sys=0.00, real=0.00 secs] 
334.180: Total time for which application threads were stopped: 0.0021030 seconds, Stopping threads took: 0.0001050 seconds
334.336: Application time: 0.1555150 seconds
334.336: [GC [PSYoungGen: 91495K->6560K(90112K)] 127390K->42455K(135168K), 0.0019730 secs] [Times: user=0.01 sys=0.00, real=0.01 secs] 
334.338: Total time for which application threads were stopped: 0.0021210 seconds, Stopping threads took: 0.0000690 seconds
334.493: Application time: 0.1553970 seconds
334.494: [GC [PSYoungGen: 89852K->3344K(84480K)] 125747K->39439K(129536K), 0.0012600 secs] [Times: user=0.01 sys=0.00, real=0.00 secs] 
334.495: Total time for which application threads were stopped: 0.0014080 seconds, Stopping threads took: 0.0000740 seconds
334.638: Application time: 0.1427540 seconds
334.638: [GC [PSYoungGen: 84134K->7424K(89600K)] 120229K->43587K(134656K), 0.0021270 secs] [Times: user=0.02 sys=0.00, real=0.00 secs] 
334.640: Total time for which application threads were stopped: 0.0022860 seconds, Stopping threads took: 0.0000750 seconds
334.785: Application time: 0.1450360 seconds
334.785: [GC [PSYoungGen: 87343K->5376K(90112K)] 123507K->41539K(135168K), 0.0015560 secs] [Times: user=0.01 sys=0.00, real=0.00 secs] 
334.787: Total time for which application threads were stopped: 0.0017190 seconds, Stopping threads took: 0.0000890 seconds
334.931: Application time: 0.1444780 seconds
334.931: [GC [PSYoungGen: 85613K->6464K(105984K)] 121777K->42627K(151040K), 0.0015170 secs] [Times: user=0.00 sys=0.01, real=0.00 secs] 
334.933: Total time for which application threads were stopped: 0.0016750 seconds, Stopping threads took: 0.0000880 seconds
335.111: Application time: 0.1782670 seconds
335.111: [GC [PSYoungGen: 102958K->5392K(99328K)] 139122K->41664K(144384K), 0.0015030 secs] [Times: user=0.00 sys=0.01, real=0.00 secs] 
335.113: Total time for which application threads were stopped: 0.0016460 seconds, Stopping threads took: 0.0000730 seconds
335.286: Application time: 0.1734480 seconds
335.286: [GC [PSYoungGen: 98260K->3328K(97280K)] 134532K->39748K(142336K), 0.0009750 secs] [Times: user=0.01 sys=0.00, real=0.00 secs] 
335.287: Total time for which application threads were stopped: 0.0011370 seconds, Stopping threads took: 0.0000830 seconds
335.447: Application time: 0.1597230 seconds
335.447: [GC [PSYoungGen: 93182K->5376K(93184K)] 129602K->41844K(138240K), 0.0016330 secs] [Times: user=0.01 sys=0.00, real=0.00 secs] 
335.449: Total time for which application threads were stopped: 0.0017870 seconds, Stopping threads took: 0.0000790 seconds
335.609: Application time: 0.1597130 seconds
335.609: [GC [PSYoungGen: 92591K->6496K(91136K)] 129059K->42964K(136192K), 0.0019350 secs] [Times: user=0.01 sys=0.00, real=0.00 secs] 
335.611: Total time for which application threads were stopped: 0.0020950 seconds, Stopping threads took: 0.0000850 seconds
335.765: Application time: 0.1539330 seconds
335.765: [GC [PSYoungGen: 90796K->6512K(94208K)] 127264K->43096K(139264K), 0.0019110 secs] [Times: user=0.02 sys=0.00, real=0.00 secs] 
335.767: Total time for which application threads were stopped: 0.0021340 seconds, Stopping threads took: 0.0001410 seconds
335.919: Application time: 0.1527720 seconds
335.920: [GC [PSYoungGen: 91976K->6416K(89600K)] 128560K->43140K(134656K), 0.0015060 secs] [Times: user=0.00 sys=0.01, real=0.00 secs] 
335.921: Total time for which application threads were stopped: 0.0016590 seconds, Stopping threads took: 0.0000700 seconds
336.072: Application time: 0.1513660 seconds
336.076: [GC [PSYoungGen: 88410K->5392K(86016K)] 125134K->42156K(131072K), 0.0017190 secs] [Times: user=0.01 sys=0.00, real=0.00 secs] 
336.078: Total time for which application threads were stopped: 0.0054650 seconds, Stopping threads took: 0.0036750 seconds
336.225: Application time: 0.1473480 seconds
336.225: [GC [PSYoungGen: 84941K->3328K(81408K)] 121706K->40092K(126464K), 0.0009380 secs] [Times: user=0.00 sys=0.00, real=0.00 secs] 
336.226: Total time for which application threads were stopped: 0.0010940 seconds, Stopping threads took: 0.0000840 seconds
336.369: Application time: 0.1422420 seconds
336.369: [GC [PSYoungGen: 80943K->7520K(99840K)] 117708K->44360K(144896K), 0.0021150 secs] [Times: user=0.01 sys=0.00, real=0.00 secs] 
336.371: Total time for which application threads were stopped: 0.0022690 seconds, Stopping threads took: 0.0000740 seconds
336.531: Application time: 0.1602790 seconds
336.531: [GC [PSYoungGen: 98265K->6400K(102912K)] 135105K->43424K(147968K), 0.0018020 secs] [Times: user=0.00 sys=0.01, real=0.00 secs] 
336.533: Total time for which application threads were stopped: 0.0019720 seconds, Stopping threads took: 0.0000850 seconds
336.705: Application time: 0.1719560 seconds
336.705: [GC [PSYoungGen: 99347K->6336K(102912K)] 136372K->43392K(147968K), 0.0019090 secs] [Times: user=0.02 sys=0.00, real=0.00 secs] 
336.707: Total time for which application threads were stopped: 0.0021190 seconds, Stopping threads took: 0.0001310 seconds
336.874: Application time: 0.1672380 seconds
336.875: [GC [PSYoungGen: 99257K->5344K(96256K)] 136314K->42400K(141312K), 0.0012690 secs] [Times: user=0.01 sys=0.00, real=0.00 secs] 
336.876: Total time for which application threads were stopped: 0.0014210 seconds, Stopping threads took: 0.0000870 seconds
337.044: Application time: 0.1678720 seconds
337.044: [GC [PSYoungGen: 95902K->4496K(92160K)] 132959K->41552K(137216K), 0.0013230 secs] [Times: user=0.00 sys=0.00, real=0.01 secs] 
337.046: Total time for which application threads were stopped: 0.0017970 seconds, Stopping threads took: 0.0000880 seconds
337.202: Application time: 0.1563150 seconds
337.202: [GC [PSYoungGen: 91928K->6400K(91136K)] 128985K->43701K(136192K), 0.0015020 secs] [Times: user=0.01 sys=0.00, real=0.00 secs] 
337.204: Total time for which application threads were stopped: 0.0016390 seconds, Stopping threads took: 0.0000620 seconds
337.360: Application time: 0.1567590 seconds
337.360: [GC [PSYoungGen: 90403K->4352K(86528K)] 127704K->41701K(131584K), 0.0015610 secs] [Times: user=0.01 sys=0.00, real=0.00 secs] 
337.362: Total time for which application threads were stopped: 0.0016960 seconds, Stopping threads took: 0.0000610 seconds
337.509: Application time: 0.1467890 seconds
337.509: [GC [PSYoungGen: 85623K->5376K(84992K)] 122972K->42725K(130048K), 0.0014730 secs] [Times: user=0.01 sys=0.00, real=0.00 secs] 
337.510: Total time for which application threads were stopped: 0.0016230 seconds, Stopping threads took: 0.0000700 seconds
337.651: Application time: 0.1404500 seconds
337.651: [GC [PSYoungGen: 84736K->6560K(101888K)] 122085K->43909K(146944K), 0.0019350 secs] [Times: user=0.01 sys=0.00, real=0.00 secs] 
337.653: Total time for which application threads were stopped: 0.0021260 seconds, Stopping threads took: 0.0001050 seconds
337.831: Application time: 0.1777400 seconds
337.831: [GC [PSYoungGen: 101792K->6464K(103936K)] 139141K->43985K(148992K), 0.0018900 secs] [Times: user=0.01 sys=0.00, real=0.00 secs] 
337.833: Total time for which application threads were stopped: 0.0020620 seconds, Stopping threads took: 0.0000930 seconds
338.003: Application time: 0.1700080 seconds
338.003: [GC [PSYoungGen: 101610K->5376K(97792K)] 139132K->43001K(142848K), 0.0017600 secs] [Times: user=0.01 sys=0.00, real=0.01 secs] 
338.005: Total time for which application threads were stopped: 0.0019220 seconds, Stopping threads took: 0.0000870 seconds
338.178: Application time: 0.1737320 seconds
338.179: [GC [PSYoungGen: 97354K->4352K(93696K)] 134979K->41977K(138752K), 0.0013400 secs] [Times: user=0.00 sys=0.00, real=0.00 secs] 
338.180: Total time for which application threads were stopped: 0.0014970 seconds, Stopping threads took: 0.0000740 seconds
338.337: Application time: 0.1569090 seconds
338.337: [GC [PSYoungGen: 92573K->5600K(91648K)] 130199K->43225K(136704K), 0.0017030 secs] [Times: user=0.01 sys=0.00, real=0.00 secs] 
338.339: Total time for which application threads were stopped: 0.0018360 seconds, Stopping threads took: 0.0000570 seconds
338.498: Application time: 0.1589650 seconds
338.498: [GC [PSYoungGen: 90830K->5392K(89088K)] 128455K->43261K(134144K), 0.0017280 secs] [Times: user=0.01 sys=0.00, real=0.00 secs] 
338.500: Total time for which application threads were stopped: 0.0018670 seconds, Stopping threads took: 0.0000600 seconds
338.649: Application time: 0.1498430 seconds
338.650: [GC [PSYoungGen: 88760K->5376K(86528K)] 126630K->43293K(131584K), 0.0017070 secs] [Times: user=0.01 sys=0.00, real=0.00 secs] 
338.651: Total time for which application threads were stopped: 0.0018520 seconds, Stopping threads took: 0.0000700 seconds
338.797: Application time: 0.1459020 seconds
338.797: [GC [PSYoungGen: 86184K->6400K(88576K)] 124102K->44317K(133632K), 0.0017960 secs] [Times: user=0.01 sys=0.00, real=0.00 secs] 
338.799: Total time for which application threads were stopped: 0.0019590 seconds, Stopping threads took: 0.0000810 seconds
338.953: Application time: 0.1534940 seconds
338.953: [GC [PSYoungGen: 88270K->5408K(89600K)] 126187K->43325K(134656K), 0.0017580 secs] [Times: user=0.01 sys=0.00, real=0.00 secs] 
338.955: Total time for which application threads were stopped: 0.0023400 seconds, Stopping threads took: 0.0004960 seconds
339.104: Application time: 0.1486780 seconds
339.104: [GC [PSYoungGen: 86867K->5456K(84992K)] 124784K->43473K(130048K), 0.0012670 secs] [Times: user=0.00 sys=0.00, real=0.01 secs] 
339.105: Total time for which application threads were stopped: 0.0014190 seconds, Stopping threads took: 0.0000810 seconds
339.248: Application time: 0.1434050 seconds
339.249: [GC [PSYoungGen: 84507K->6400K(101888K)] 122525K->44558K(146944K), 0.0016150 secs] [Times: user=0.01 sys=0.00, real=0.00 secs] 
339.250: Total time for which application threads were stopped: 0.0017540 seconds, Stopping threads took: 0.0000660 seconds
339.423: Application time: 0.1728920 seconds
339.423: [GC [PSYoungGen: 101298K->6400K(102912K)] 139456K->44598K(147968K), 0.0017410 secs] [Times: user=0.00 sys=0.01, real=0.01 secs] 
339.425: Total time for which application threads were stopped: 0.0019050 seconds, Stopping threads took: 0.0000820 seconds
339.600: Application time: 0.1748510 seconds
339.600: [GC [PSYoungGen: 101194K->6464K(102912K)] 139392K->44662K(147968K), 0.0018230 secs] [Times: user=0.02 sys=0.00, real=0.00 secs] 
339.602: Total time for which application threads were stopped: 0.0019760 seconds, Stopping threads took: 0.0000740 seconds
339.770: Application time: 0.1685450 seconds
339.771: [GC [PSYoungGen: 101580K->5456K(97792K)] 139778K->43754K(142848K), 0.0013360 secs] [Times: user=0.00 sys=0.00, real=0.00 secs] 
339.772: Total time for which application threads were stopped: 0.0015050 seconds, Stopping threads took: 0.0000970 seconds
339.946: Application time: 0.1740620 seconds
339.946: [GC [PSYoungGen: 97488K->3328K(92672K)] 135786K->41770K(137728K), 0.0011410 secs] [Times: user=0.00 sys=0.00, real=0.00 secs] 
339.947: Total time for which application threads were stopped: 0.0012900 seconds, Stopping threads took: 0.0000660 seconds
340.103: Application time: 0.1553230 seconds
340.103: [GC [PSYoungGen: 91799K->5376K(91648K)] 130241K->43866K(136704K), 0.0012450 secs] [Times: user=0.01 sys=0.00, real=0.00 secs] 
340.104: Total time for which application threads were stopped: 0.0014290 seconds, Stopping threads took: 0.0001110 seconds
340.262: Application time: 0.1581970 seconds
340.262: [GC [PSYoungGen: 90370K->6448K(90112K)] 128861K->44938K(135168K), 0.0019420 secs] [Times: user=0.00 sys=0.01, real=0.01 secs] 
340.264: Total time for which application threads were stopped: 0.0020770 seconds, Stopping threads took: 0.0000610 seconds
340.415: Application time: 0.1508690 seconds
340.415: [GC [PSYoungGen: 89485K->3472K(84480K)] 127975K->43094K(129536K), 0.0013660 secs] [Times: user=0.01 sys=0.00, real=0.01 secs] 
340.417: Total time for which application threads were stopped: 0.0015230 seconds, Stopping threads took: 0.0000840 seconds
340.561: Application time: 0.1447830 seconds
340.562: [GC [PSYoungGen: 83503K->6400K(84992K)] 123125K->46170K(130048K), 0.0020160 secs] [Times: user=0.01 sys=0.00, real=0.00 secs] 
340.564: Total time for which application threads were stopped: 0.0021660 seconds, Stopping threads took: 0.0000660 seconds
340.710: Application time: 0.1459270 seconds
340.710: [GC [PSYoungGen: 84356K->4352K(80384K)] 124127K->44178K(125440K), 0.0012910 secs] [Times: user=0.00 sys=0.00, real=0.00 secs] 
340.711: Total time for which application threads were stopped: 0.0014400 seconds, Stopping threads took: 0.0000780 seconds
340.845: Application time: 0.1338580 seconds
340.845: [GC [PSYoungGen: 79721K->5344K(96768K)] 119548K->45170K(141824K), 0.0017840 secs] [Times: user=0.02 sys=0.00, real=0.00 secs] 
340.847: Total time for which application threads were stopped: 0.0019340 seconds, Stopping threads took: 0.0000710 seconds
341.013: Application time: 0.1664320 seconds
341.014: [GC [PSYoungGen: 96184K->3424K(91648K)] 136010K->43250K(136704K), 0.0014640 secs] [Times: user=0.00 sys=0.00, real=0.00 secs] 
341.015: Total time for which application threads were stopped: 0.0021910 seconds, Stopping threads took: 0.0006520 seconds
341.177: Application time: 0.1614420 seconds
341.177: [GC [PSYoungGen: 90757K->4352K(89600K)] 130584K->44398K(134656K), 0.0014250 secs] [Times: user=0.01 sys=0.00, real=0.00 secs] 
341.178: Total time for which application threads were stopped: 0.0015940 seconds, Stopping threads took: 0.0000910 seconds
341.328: Application time: 0.1496470 seconds
341.328: [GC [PSYoungGen: 88511K->6400K(89088K)] 128558K->46511K(134144K), 0.0018620 secs] [Times: user=0.01 sys=0.00, real=0.00 secs] 
341.330: Total time for which application threads were stopped: 0.0020170 seconds, Stopping threads took: 0.0000790 seconds
341.481: Application time: 0.1511020 seconds
341.481: [GC [PSYoungGen: 88803K->4352K(84480K)] 128914K->44462K(129536K), 0.0014550 secs] [Times: user=0.00 sys=0.00, real=0.00 secs] 
341.483: Total time for which application threads were stopped: 0.0016080 seconds, Stopping threads took: 0.0000810 seconds
341.629: Application time: 0.1464400 seconds
341.629: [GC [PSYoungGen: 83755K->6480K(88064K)] 123865K->46591K(133120K), 0.0017890 secs] [Times: user=0.01 sys=0.00, real=0.00 secs] 
341.631: Total time for which application threads were stopped: 0.0019310 seconds, Stopping threads took: 0.0000650 seconds
341.776: Application time: 0.1444130 seconds
341.776: [GC [PSYoungGen: 86063K->4400K(82432K)] 126173K->44615K(127488K), 0.0014570 secs] [Times: user=0.01 sys=0.00, real=0.01 secs] 
341.777: Total time for which application threads were stopped: 0.0016400 seconds, Stopping threads took: 0.0000850 seconds
341.918: Application time: 0.1407140 seconds
341.918: [GC [PSYoungGen: 82224K->7456K(85504K)] 122439K->47811K(130560K), 0.0020470 secs] [Times: user=0.02 sys=0.00, real=0.00 secs] 
341.920: Total time for which application threads were stopped: 0.0022010 seconds, Stopping threads took: 0.0000770 seconds
342.058: Application time: 0.1380290 seconds
342.058: [GC [PSYoungGen: 83870K->5312K(86016K)] 124225K->45707K(131072K), 0.0014900 secs] [Times: user=0.01 sys=0.00, real=0.00 secs] 
342.060: Total time for which application threads were stopped: 0.0016990 seconds, Stopping threads took: 0.0000630 seconds
342.198: Application time: 0.1385520 seconds
342.199: [GC [PSYoungGen: 81877K->5344K(101376K)] 122272K->45739K(146432K), 0.0012050 secs] [Times: user=0.00 sys=0.00, real=0.00 secs] 
342.200: Total time for which application threads were stopped: 0.0013690 seconds, Stopping threads took: 0.0000940 seconds
342.371: Application time: 0.1711270 seconds
342.372: [GC [PSYoungGen: 97863K->4576K(94720K)] 138258K->44971K(139776K), 0.0011120 secs] [Times: user=0.01 sys=0.00, real=0.00 secs] 
342.373: Total time for which application threads were stopped: 0.0023570 seconds, Stopping threads took: 0.0011670 seconds
342.533: Application time: 0.1597960 seconds
342.533: [GC [PSYoungGen: 94460K->5408K(92672K)] 134856K->46055K(137728K), 0.0015690 secs] [Times: user=0.01 sys=0.00, real=0.00 secs] 
342.535: Total time for which application threads were stopped: 0.0017340 seconds, Stopping threads took: 0.0000930 seconds
342.696: Application time: 0.1613220 seconds
342.696: [GC [PSYoungGen: 91470K->5376K(89600K)] 132118K->46063K(134656K), 0.0016330 secs] [Times: user=0.01 sys=0.00, real=0.00 secs] 
342.698: Total time for which application threads were stopped: 0.0017870 seconds, Stopping threads took: 0.0000790 seconds
342.844: Application time: 0.1455990 seconds
342.844: [GC [PSYoungGen: 88720K->4352K(86016K)] 129407K->47087K(131072K), 0.0018910 secs] [Times: user=0.02 sys=0.00, real=0.01 secs] 
342.846: Total time for which application threads were stopped: 0.0020620 seconds, Stopping threads took: 0.0000910 seconds
342.994: Application time: 0.1479430 seconds
342.994: [GC [PSYoungGen: 85760K->7488K(91136K)] 128495K->50223K(136192K), 0.0021460 secs] [Times: user=0.01 sys=0.00, real=0.00 secs] 
342.996: Total time for which application threads were stopped: 0.0023120 seconds, Stopping threads took: 0.0000780 seconds
343.150: Application time: 0.1538430 seconds
343.150: [GC [PSYoungGen: 90200K->4384K(105984K)] 132935K->47295K(151040K), 0.0011450 secs] [Times: user=0.01 sys=0.00, real=0.00 secs] 
343.151: Total time for which application threads were stopped: 0.0012880 seconds, Stopping threads took: 0.0000730 seconds
343.325: Application time: 0.1740450 seconds
343.325: [GC [PSYoungGen: 101390K->6368K(100864K)] 144301K->49355K(145920K), 0.0016160 secs] [Times: user=0.01 sys=0.00, real=0.00 secs] 
343.327: Total time for which application threads were stopped: 0.0017760 seconds, Stopping threads took: 0.0000860 seconds
343.504: Application time: 0.1767050 seconds
343.504: [GC [PSYoungGen: 100519K->4352K(95744K)] 143507K->47395K(140800K), 0.0012000 secs] [Times: user=0.00 sys=0.00, real=0.01 secs] 
343.505: Total time for which application threads were stopped: 0.0013700 seconds, Stopping threads took: 0.0000880 seconds
343.663: Application time: 0.1581420 seconds
343.663: [GC [PSYoungGen: 94565K->5568K(93696K)] 137609K->48611K(138752K), 0.0017770 secs] [Times: user=0.01 sys=0.00, real=0.01 secs] 
343.665: Total time for which application threads were stopped: 0.0019470 seconds, Stopping threads took: 0.0000950 seconds
343.826: Application time: 0.1609890 seconds
343.826: [GC [PSYoungGen: 92749K->5344K(90624K)] 135793K->48592K(135680K), 0.0016560 secs] [Times: user=0.01 sys=0.00, real=0.00 secs] 
343.828: Total time for which application threads were stopped: 0.0018240 seconds, Stopping threads took: 0.0000920 seconds
343.979: Application time: 0.1509230 seconds
343.979: [GC [PSYoungGen: 89968K->6400K(96256K)] 133216K->49724K(141312K), 0.0019630 secs] [Times: user=0.01 sys=0.00, real=0.00 secs] 
343.981: Total time for which application threads were stopped: 0.0021110 seconds, Stopping threads took: 0.0000690 seconds
344.143: Application time: 0.1618590 seconds
344.143: [GC [PSYoungGen: 94422K->5344K(91136K)] 137746K->48668K(136192K), 0.0013510 secs] [Times: user=0.01 sys=0.00, real=0.01 secs] 
344.144: Total time for which application threads were stopped: 0.0015150 seconds, Stopping threads took: 0.0000840 seconds
344.302: Application time: 0.1574300 seconds
344.302: [GC [PSYoungGen: 90454K->5440K(88576K)] 133778K->48764K(133632K), 0.0016390 secs] [Times: user=0.01 sys=0.00, real=0.00 secs] 
344.304: Total time for which application threads were stopped: 0.0018100 seconds, Stopping threads took: 0.0000960 seconds
344.453: Application time: 0.1496950 seconds
344.453: [GC [PSYoungGen: 88085K->4448K(103424K)] 131409K->50956K(151552K), 0.0018520 secs] [Times: user=0.01 sys=0.00, real=0.00 secs] 
344.455: [Full GC [PSYoungGen: 4448K->0K(103424K)] [ParOldGen: 46508K->11170K(48640K)] 50956K->11170K(152064K) [PSPermGen: 5530K->5530K(21504K)], 0.0070210 secs] [Times: user=0.03 sys=0.00, real=0.01 secs] 
344.462: Total time for which application threads were stopped: 0.0090600 seconds, Stopping threads took: 0.0000660 seconds
344.643: Application time: 0.1811150 seconds
344.644: [GC [PSYoungGen: 98458K->4352K(99840K)] 109629K->15522K(148480K), 0.0013300 secs] [Times: user=0.01 sys=0.00, real=0.01 secs] 
344.645: Total time for which application threads were stopped: 0.0014940 seconds, Stopping threads took: 0.0000780 seconds
344.814: Application time: 0.1691120 seconds
344.814: [GC [PSYoungGen: 98907K->5376K(97792K)] 110078K->16586K(146432K), 0.0015020 secs] [Times: user=0.01 sys=0.00, real=0.00 secs] 
344.816: Total time for which application threads were stopped: 0.0016870 seconds, Stopping threads took: 0.0001080 seconds
344.981: Application time: 0.1655730 seconds
344.981: [GC [PSYoungGen: 97077K->6448K(95744K)] 108288K->17658K(144384K), 0.0020180 secs] [Times: user=0.01 sys=0.00, real=0.00 secs] 
344.983: Total time for which application threads were stopped: 0.0021700 seconds, Stopping threads took: 0.0000740 seconds
345.145: Application time: 0.1618040 seconds
345.145: [GC [PSYoungGen: 94862K->2336K(96768K)] 106073K->18807K(145408K), 0.0021480 secs] [Times: user=0.02 sys=0.00, real=0.00 secs] 
345.148: Total time for which application threads were stopped: 0.0023190 seconds, Stopping threads took: 0.0000820 seconds
345.316: Application time: 0.1683840 seconds
345.316: [GC [PSYoungGen: 95856K->6432K(101376K)] 112327K->23015K(150016K), 0.0018770 secs] [Times: user=0.02 sys=0.00, real=0.01 secs] 
345.318: Total time for which application threads were stopped: 0.0020450 seconds, Stopping threads took: 0.0000900 seconds
345.493: Application time: 0.1748260 seconds
345.493: [GC [PSYoungGen: 100128K->6400K(97280K)] 116711K->23023K(145920K), 0.0014240 secs] [Times: user=0.01 sys=0.00, real=0.00 secs] 
345.494: Total time for which application threads were stopped: 0.0015710 seconds, Stopping threads took: 0.0000760 seconds
345.656: Application time: 0.1620120 seconds
345.657: [GC [PSYoungGen: 96789K->6496K(94208K)] 113412K->23119K(142848K), 0.0018120 secs] [Times: user=0.01 sys=0.00, real=0.00 secs] 
345.658: Total time for which application threads were stopped: 0.0019600 seconds, Stopping threads took: 0.0000620 seconds
345.815: Application time: 0.1570770 seconds
345.816: [GC [PSYoungGen: 93765K->3424K(109056K)] 110388K->23267K(157696K), 0.0017580 secs] [Times: user=0.00 sys=0.01, real=0.01 secs] 
345.817: Total time for which application threads were stopped: 0.0019040 seconds, Stopping threads took: 0.0000720 seconds
346.012: Application time: 0.1948500 seconds
346.012: [GC [PSYoungGen: 108664K->7360K(114176K)] 128507K->27319K(162816K), 0.0020190 secs] [Times: user=0.01 sys=0.00, real=0.00 secs] 
346.015: Total time for which application threads were stopped: 0.0023170 seconds, Stopping threads took: 0.0001950 seconds
346.205: Application time: 0.1907030 seconds
346.205: [GC [PSYoungGen: 112311K->5344K(107520K)] 132271K->25351K(156160K), 0.0012650 secs] [Times: user=0.01 sys=0.00, real=0.00 secs] 
346.207: Total time for which application threads were stopped: 0.0014200 seconds, Stopping threads took: 0.0000770 seconds
346.391: Application time: 0.1843780 seconds
346.391: [GC [PSYoungGen: 106244K->4544K(102912K)] 126251K->24551K(151552K), 0.0012850 secs] [Times: user=0.01 sys=0.00, real=0.00 secs] 
346.392: Total time for which application threads were stopped: 0.0014210 seconds, Stopping threads took: 0.0000630 seconds
346.567: Application time: 0.1748640 seconds
346.567: [GC [PSYoungGen: 102611K->6400K(101376K)] 122619K->26659K(150016K), 0.0015530 secs] [Times: user=0.01 sys=0.00, real=0.00 secs] 
346.569: Total time for which application threads were stopped: 0.0017070 seconds, Stopping threads took: 0.0000800 seconds
346.741: Application time: 0.1717540 seconds
346.741: [GC [PSYoungGen: 100266K->7392K(99328K)] 120526K->27692K(147968K), 0.0021640 secs] [Times: user=0.01 sys=0.00, real=0.00 secs] 
346.743: Total time for which application threads were stopped: 0.0023340 seconds, Stopping threads took: 0.0000860 seconds
346.909: Application time: 0.1659520 seconds
346.909: [GC [PSYoungGen: 98821K->3392K(92160K)] 119121K->26763K(140800K), 0.0018210 secs] [Times: user=0.01 sys=0.00, real=0.00 secs] 
346.911: Total time for which application threads were stopped: 0.0019640 seconds, Stopping threads took: 0.0000670 seconds
347.073: Application time: 0.1615440 seconds
347.073: [GC [PSYoungGen: 91067K->7520K(114176K)] 114438K->31008K(162816K), 0.0022680 secs] [Times: user=0.01 sys=0.00, real=0.00 secs] 
347.075: Total time for which application threads were stopped: 0.0024410 seconds, Stopping threads took: 0.0000940 seconds
347.270: Application time: 0.1944910 seconds
347.270: [GC [PSYoungGen: 113703K->5376K(108544K)] 137191K->29000K(157184K), 0.0016700 secs] [Times: user=0.01 sys=0.00, real=0.00 secs] 
347.271: Total time for which application threads were stopped: 0.0018470 seconds, Stopping threads took: 0.0000900 seconds
347.460: Application time: 0.1881580 seconds
347.460: [GC [PSYoungGen: 107740K->3328K(102912K)] 131364K->26992K(151552K), 0.0011990 secs] [Times: user=0.00 sys=0.00, real=0.00 secs] 
347.461: Total time for which application threads were stopped: 0.0013340 seconds, Stopping threads took: 0.0000620 seconds
347.638: Application time: 0.1772900 seconds
347.638: [GC [PSYoungGen: 101716K->5408K(101376K)] 125380K->29072K(150016K), 0.0016200 secs] [Times: user=0.01 sys=0.00, real=0.00 secs] 
347.640: Total time for which application threads were stopped: 0.0017770 seconds, Stopping threads took: 0.0000840 seconds
347.812: Application time: 0.1719760 seconds
347.812: [GC [PSYoungGen: 100628K->6432K(99328K)] 124292K->30216K(147968K), 0.0020230 secs] [Times: user=0.01 sys=0.00, real=0.00 secs] 
347.814: Total time for which application threads were stopped: 0.0021890 seconds, Stopping threads took: 0.0000840 seconds
347.985: Application time: 0.1708630 seconds
347.985: [GC [PSYoungGen: 98949K->5376K(95232K)] 122733K->29312K(143872K), 0.0015330 secs] [Times: user=0.01 sys=0.00, real=0.00 secs] 
347.987: Total time for which application threads were stopped: 0.0016760 seconds, Stopping threads took: 0.0000730 seconds
348.149: Application time: 0.1623680 seconds
348.149: [GC [PSYoungGen: 94587K->5376K(92160K)] 118523K->29360K(140800K), 0.0017410 secs] [Times: user=0.01 sys=0.00, real=0.00 secs] 
348.151: Total time for which application threads were stopped: 0.0018820 seconds, Stopping threads took: 0.0000660 seconds
348.305: Application time: 0.1537090 seconds
348.305: [GC [PSYoungGen: 91183K->6464K(96256K)] 115167K->31472K(144896K), 0.0021010 secs] [Times: user=0.01 sys=0.00, real=0.00 secs] 
348.307: Total time for which application threads were stopped: 0.0022580 seconds, Stopping threads took: 0.0000810 seconds
348.472: Application time: 0.1650090 seconds
348.472: [GC [PSYoungGen: 96064K->6528K(98304K)] 121072K->31648K(146944K), 0.0018140 secs] [Times: user=0.02 sys=0.00, real=0.00 secs] 
348.474: Total time for which application threads were stopped: 0.0019670 seconds, Stopping threads took: 0.0000680 seconds
348.635: Application time: 0.1606940 seconds
348.635: [GC [PSYoungGen: 95785K->6368K(93184K)] 120906K->31628K(141824K), 0.0014940 secs] [Times: user=0.01 sys=0.00, real=0.01 secs] 
348.636: Total time for which application threads were stopped: 0.0016860 seconds, Stopping threads took: 0.0001180 seconds
348.794: Application time: 0.1582370 seconds
348.795: [GC [PSYoungGen: 92025K->6368K(90112K)] 117286K->31668K(138752K), 0.0016750 secs] [Times: user=0.01 sys=0.00, real=0.01 secs] 
348.796: Total time for which application threads were stopped: 0.0018250 seconds, Stopping threads took: 0.0000820 seconds
348.951: Application time: 0.1544900 seconds
348.951: [GC [PSYoungGen: 89368K->4384K(85504K)] 114669K->30708K(134144K), 0.0012550 secs] [Times: user=0.01 sys=0.00, real=0.00 secs] 
348.952: Total time for which application threads were stopped: 0.0014190 seconds, Stopping threads took: 0.0000910 seconds
349.093: Application time: 0.1412990 seconds
349.094: [GC [PSYoungGen: 84757K->6512K(103936K)] 111082K->32953K(152576K), 0.0019980 secs] [Times: user=0.02 sys=0.00, real=0.00 secs] 
349.096: Total time for which application threads were stopped: 0.0022420 seconds, Stopping threads took: 0.0001620 seconds
349.276: Application time: 0.1806190 seconds
349.276: [GC [PSYoungGen: 103220K->4352K(99840K)] 129661K->30925K(148480K), 0.0013750 secs] [Times: user=0.01 sys=0.00, real=0.00 secs] 
349.278: Total time for which application threads were stopped: 0.0015170 seconds, Stopping threads took: 0.0000680 seconds
349.445: Application time: 0.1674370 seconds
349.448: [GC [PSYoungGen: 97900K->5376K(96768K)] 124473K->31997K(145408K), 0.0016200 secs] [Times: user=0.01 sys=0.00, real=0.00 secs] 
349.450: Total time for which application threads were stopped: 0.0044900 seconds, Stopping threads took: 0.0027960 seconds
349.626: Application time: 0.1763640 seconds
349.626: [GC [PSYoungGen: 95833K->1328K(93696K)] 122454K->27949K(142336K), 0.0007010 secs] [Times: user=0.01 sys=0.00, real=0.00 secs] 
349.627: Total time for which application threads were stopped: 0.0008530 seconds, Stopping threads took: 0.0000740 seconds
349.780: Application time: 0.1530250 seconds
349.780: [GC [PSYoungGen: 88931K->5472K(90624K)] 115552K->32193K(139264K), 0.0016360 secs] [Times: user=0.01 sys=0.00, real=0.00 secs] 
349.782: Total time for which application threads were stopped: 0.0017720 seconds, Stopping threads took: 0.0000650 seconds
349.932: Application time: 0.1502120 seconds
349.932: [GC [PSYoungGen: 89944K->5408K(88064K)] 116666K->32273K(136704K), 0.0017050 secs] [Times: user=0.01 sys=0.00, real=0.00 secs] 
349.934: Total time for which application threads were stopped: 0.0018720 seconds, Stopping threads took: 0.0000910 seconds
350.093: Application time: 0.1588920 seconds
350.093: [GC [PSYoungGen: 87368K->3328K(83456K)] 114234K->30249K(132096K), 0.0010560 secs] [Times: user=0.01 sys=0.00, real=0.00 secs] 
350.094: Total time for which application threads were stopped: 0.0011970 seconds, Stopping threads took: 0.0000690 seconds
350.233: Application time: 0.1390820 seconds
350.233: [GC [PSYoungGen: 82348K->7392K(84992K)] 109269K->34313K(133632K), 0.0020320 secs] [Times: user=0.01 sys=0.00, real=0.00 secs] 
350.235: Total time for which application threads were stopped: 0.0021910 seconds, Stopping threads took: 0.0000730 seconds
350.372: Application time: 0.1365170 seconds
350.372: [GC [PSYoungGen: 84316K->7504K(86528K)] 111238K->34501K(135168K), 0.0022780 secs] [Times: user=0.02 sys=0.00, real=0.00 secs] 
350.374: Total time for which application threads were stopped: 0.0024370 seconds, Stopping threads took: 0.0000800 seconds
350.516: Application time: 0.1420930 seconds
350.516: [GC [PSYoungGen: 84264K->5376K(102400K)] 111262K->32553K(151040K), 0.0012390 secs] [Times: user=0.01 sys=0.00, real=0.00 secs] 
350.518: Total time for which application threads were stopped: 0.0013760 seconds, Stopping threads took: 0.0000600 seconds
350.692: Application time: 0.1737740 seconds
350.692: [GC [PSYoungGen: 98286K->3312K(93696K)] 125464K->30537K(142336K), 0.0009530 secs] [Times: user=0.01 sys=0.00, real=0.00 secs] 
350.693: Total time for which application threads were stopped: 0.0010870 seconds, Stopping threads took: 0.0000620 seconds
350.851: Application time: 0.1585910 seconds
350.851: [GC [PSYoungGen: 93050K->5376K(92672K)] 120275K->32601K(141312K), 0.0014390 secs] [Times: user=0.00 sys=0.00, real=0.00 secs] 
350.853: Total time for which application threads were stopped: 0.0016310 seconds, Stopping threads took: 0.0001120 seconds
351.012: Application time: 0.1587470 seconds
351.012: [GC [PSYoungGen: 92416K->6528K(96256K)] 119641K->33753K(144896K), 0.0036600 secs] [Times: user=0.02 sys=0.00, real=0.00 secs] 
351.015: Total time for which application threads were stopped: 0.0038130 seconds, Stopping threads took: 0.0000740 seconds
351.173: Application time: 0.1575070 seconds
351.173: [GC [PSYoungGen: 94080K->7520K(112640K)] 121305K->34922K(161280K), 0.0017280 secs] [Times: user=0.01 sys=0.00, real=0.00 secs] 
351.175: Total time for which application threads were stopped: 0.0018850 seconds, Stopping threads took: 0.0000850 seconds
351.367: Application time: 0.1917210 seconds
351.367: [GC [PSYoungGen: 110523K->5344K(113152K)] 137925K->32850K(161792K), 0.0013890 secs] [Times: user=0.01 sys=0.00, real=0.00 secs] 
351.368: Total time for which application threads were stopped: 0.0015450 seconds, Stopping threads took: 0.0000690 seconds
351.558: Application time: 0.1900140 seconds
351.558: [GC [PSYoungGen: 109153K->4384K(104960K)] 136659K->31890K(153600K), 0.0009750 secs] [Times: user=0.01 sys=0.00, real=0.00 secs] 
351.559: Total time for which application threads were stopped: 0.0011210 seconds, Stopping threads took: 0.0000760 seconds
351.733: Application time: 0.1738800 seconds
351.733: [GC [PSYoungGen: 104515K->6544K(103424K)] 132021K->34126K(152064K), 0.0016590 secs] [Times: user=0.00 sys=0.00, real=0.00 secs] 
351.735: Total time for which application threads were stopped: 0.0018150 seconds, Stopping threads took: 0.0000810 seconds
351.914: Application time: 0.1792610 seconds
351.914: [GC [PSYoungGen: 103119K->6400K(100352K)] 130701K->34162K(148992K), 0.0015020 secs] [Times: user=0.01 sys=0.00, real=0.00 secs] 
351.916: Total time for which application threads were stopped: 0.0016660 seconds, Stopping threads took: 0.0000850 seconds
352.094: Application time: 0.1783110 seconds
352.094: [GC [PSYoungGen: 99475K->3344K(94208K)] 127237K->31154K(142848K), 0.0012590 secs] [Times: user=0.01 sys=0.00, real=0.00 secs] 
352.096: Total time for which application threads were stopped: 0.0017280 seconds, Stopping threads took: 0.0000800 seconds
352.250: Application time: 0.1542990 seconds
352.250: [GC [PSYoungGen: 93168K->6448K(94208K)] 120979K->34258K(142848K), 0.0019040 secs] [Times: user=0.01 sys=0.00, real=0.00 secs] 
352.252: Total time for which application threads were stopped: 0.0020930 seconds, Stopping threads took: 0.0001090 seconds
352.414: Application time: 0.1613030 seconds
352.414: [GC [PSYoungGen: 93285K->5440K(90112K)] 121095K->33366K(138752K), 0.0016590 secs] [Times: user=0.01 sys=0.00, real=0.00 secs] 
352.415: Total time for which application threads were stopped: 0.0017960 seconds, Stopping threads took: 0.0000610 seconds
352.567: Application time: 0.1519050 seconds
352.567: [GC [PSYoungGen: 89646K->6432K(88576K)] 117572K->34506K(137216K), 0.0018320 secs] [Times: user=0.01 sys=0.01, real=0.00 secs] 
352.569: Total time for which application threads were stopped: 0.0019890 seconds, Stopping threads took: 0.0000710 seconds
352.714: Application time: 0.1448410 seconds
352.714: [GC [PSYoungGen: 87441K->6400K(104960K)] 115516K->34514K(153600K), 0.0019650 secs] [Times: user=0.01 sys=0.00, real=0.01 secs] 
352.716: Total time for which application threads were stopped: 0.0021160 seconds, Stopping threads took: 0.0000740 seconds
352.898: Application time: 0.1818630 seconds
352.898: [GC [PSYoungGen: 103898K->6464K(107008K)] 132013K->35602K(155648K), 0.0021110 secs] [Times: user=0.02 sys=0.00, real=0.00 secs] 
352.900: Total time for which application threads were stopped: 0.0022820 seconds, Stopping threads took: 0.0000870 seconds
353.082: Application time: 0.1811870 seconds
353.082: [GC [PSYoungGen: 105595K->3440K(99840K)] 134734K->32650K(148480K), 0.0010710 secs] [Times: user=0.01 sys=0.00, real=0.00 secs] 
353.083: Total time for which application threads were stopped: 0.0012150 seconds, Stopping threads took: 0.0000630 seconds
353.252: Application time: 0.1689070 seconds
353.252: [GC [PSYoungGen: 99623K->7424K(100864K)] 128834K->36811K(149504K), 0.0021330 secs] [Times: user=0.01 sys=0.00, real=0.00 secs] 
353.254: Total time for which application threads were stopped: 0.0023080 seconds, Stopping threads took: 0.0000980 seconds
353.430: Application time: 0.1762250 seconds
353.430: [GC [PSYoungGen: 100440K->7424K(103936K)] 129827K->36843K(152576K), 0.0020530 secs] [Times: user=0.01 sys=0.00, real=0.00 secs] 
353.432: Total time for which application threads were stopped: 0.0022040 seconds, Stopping threads took: 0.0000680 seconds
353.594: Application time: 0.1619530 seconds
353.595: [GC [PSYoungGen: 101489K->7488K(121856K)] 130908K->36907K(170496K), 0.0017350 secs] [Times: user=0.01 sys=0.00, real=0.01 secs] 
353.596: Total time for which application threads were stopped: 0.0018870 seconds, Stopping threads took: 0.0000680 seconds
353.803: Application time: 0.2065030 seconds
353.803: [GC [PSYoungGen: 119386K->6432K(114688K)] 148805K->35951K(163328K), 0.0016380 secs] [Times: user=0.00 sys=0.01, real=0.01 secs] 
353.805: Total time for which application threads were stopped: 0.0017940 seconds, Stopping threads took: 0.0000750 seconds
354.001: Application time: 0.1962740 seconds
354.001: [GC [PSYoungGen: 113740K->6432K(111104K)] 143259K->36091K(159744K), 0.0017750 secs] [Times: user=0.01 sys=0.00, real=0.00 secs] 
354.003: Total time for which application threads were stopped: 0.0019180 seconds, Stopping threads took: 0.0000640 seconds
354.195: Application time: 0.1919780 seconds
354.195: [GC [PSYoungGen: 110488K->6400K(107520K)] 140147K->36091K(156160K), 0.0020530 secs] [Times: user=0.01 sys=0.00, real=0.01 secs] 
354.197: Total time for which application threads were stopped: 0.0022090 seconds, Stopping threads took: 0.0000700 seconds
354.381: Application time: 0.1836430 seconds
354.381: [GC [PSYoungGen: 106910K->5568K(102912K)] 136601K->37307K(151552K), 0.0020700 secs] [Times: user=0.02 sys=0.00, real=0.00 secs] 
354.383: Total time for which application threads were stopped: 0.0022280 seconds, Stopping threads took: 0.0000790 seconds
354.564: Application time: 0.1815550 seconds
354.565: [GC [PSYoungGen: 102736K->5408K(99840K)] 134475K->37391K(148480K), 0.0018380 secs] [Times: user=0.01 sys=0.00, real=0.00 secs] 
354.566: Total time for which application threads were stopped: 0.0019990 seconds, Stopping threads took: 0.0000840 seconds
354.731: Application time: 0.1647600 seconds
354.731: [GC [PSYoungGen: 99381K->6400K(97792K)] 131365K->38423K(146432K), 0.0019010 secs] [Times: user=0.01 sys=0.00, real=0.00 secs] 
354.733: Total time for which application threads were stopped: 0.0020540 seconds, Stopping threads took: 0.0000650 seconds
354.903: Application time: 0.1698300 seconds
354.903: [GC [PSYoungGen: 96670K->4384K(92672K)] 128694K->36407K(141312K), 0.0015660 secs] [Times: user=0.01 sys=0.00, real=0.01 secs] 
354.905: Total time for which application threads were stopped: 0.0017150 seconds, Stopping threads took: 0.0000770 seconds
355.059: Application time: 0.1543790 seconds
355.059: [GC [PSYoungGen: 92153K->6496K(98304K)] 124176K->39651K(146944K), 0.0021200 secs] [Times: user=0.01 sys=0.00, real=0.00 secs] 
355.061: Total time for which application threads were stopped: 0.0022850 seconds, Stopping threads took: 0.0000870 seconds
355.233: Application time: 0.1715880 seconds
355.233: [GC [PSYoungGen: 97266K->3328K(92160K)] 130422K->36640K(140800K), 0.0010550 secs] [Times: user=0.01 sys=0.00, real=0.00 secs] 
355.234: Total time for which application threads were stopped: 0.0012170 seconds, Stopping threads took: 0.0000830 seconds
355.388: Application time: 0.1532710 seconds
355.388: [GC [PSYoungGen: 90917K->7424K(97792K)] 124229K->40776K(146432K), 0.0020610 secs] [Times: user=0.02 sys=0.00, real=0.00 secs] 
355.390: Total time for which application threads were stopped: 0.0022430 seconds, Stopping threads took: 0.0001030 seconds
355.557: Application time: 0.1668790 seconds
355.557: [GC [PSYoungGen: 95683K->5376K(91136K)] 129035K->38728K(139776K), 0.0016600 secs] [Times: user=0.01 sys=0.00, real=0.00 secs] 
355.558: Total time for which application threads were stopped: 0.0018240 seconds, Stopping threads took: 0.0000880 seconds
355.713: Application time: 0.1548030 seconds
355.713: [GC [PSYoungGen: 90880K->6544K(94720K)] 124232K->39936K(143360K), 0.0018720 secs] [Times: user=0.02 sys=0.00, real=0.00 secs] 
355.715: Total time for which application threads were stopped: 0.0020050 seconds, Stopping threads took: 0.0000530 seconds
355.869: Application time: 0.1539110 seconds
355.869: [GC [PSYoungGen: 91635K->6400K(94720K)] 125027K->40008K(143360K), 0.0018240 secs] [Times: user=0.01 sys=0.00, real=0.00 secs] 
355.871: Total time for which application threads were stopped: 0.0019780 seconds, Stopping threads took: 0.0000680 seconds
356.027: Application time: 0.1557250 seconds
356.027: [GC [PSYoungGen: 91406K->6400K(111616K)] 125015K->40048K(160256K), 0.0014590 secs] [Times: user=0.00 sys=0.01, real=0.00 secs] 
356.029: Total time for which application threads were stopped: 0.0016190 seconds, Stopping threads took: 0.0000820 seconds
356.218: Application time: 0.1895490 seconds
356.218: [GC [PSYoungGen: 109143K->5392K(104960K)] 142791K->39040K(153600K), 0.0013770 secs] [Times: user=0.00 sys=0.00, real=0.00 secs] 
356.220: Total time for which application threads were stopped: 0.0015290 seconds, Stopping threads took: 0.0000790 seconds
356.391: Application time: 0.1718440 seconds
356.392: [GC [PSYoungGen: 103811K->7616K(103424K)] 137459K->41264K(152064K), 0.0020170 secs] [Times: user=0.01 sys=0.00, real=0.00 secs] 
356.394: Total time for which application threads were stopped: 0.0021940 seconds, Stopping threads took: 0.0000840 seconds
356.575: Application time: 0.1812420 seconds
356.575: [GC [PSYoungGen: 102859K->4368K(97280K)] 136507K->38264K(145920K), 0.0014390 secs] [Times: user=0.01 sys=0.00, real=0.01 secs] 
356.576: Total time for which application threads were stopped: 0.0015860 seconds, Stopping threads took: 0.0000710 seconds
356.746: Application time: 0.1696380 seconds
356.748: [GC [PSYoungGen: 96667K->2304K(95232K)] 130563K->36264K(143872K), 0.0009170 secs] [Times: user=0.01 sys=0.00, real=0.00 secs] 
356.749: Total time for which application threads were stopped: 0.0030330 seconds, Stopping threads took: 0.0020500 seconds
356.910: Application time: 0.1603780 seconds
356.910: [GC [PSYoungGen: 91904K->5472K(92160K)] 125864K->39432K(140800K), 0.0016570 secs] [Times: user=0.01 sys=0.00, real=0.00 secs] 
356.911: Total time for which application threads were stopped: 0.0018280 seconds, Stopping threads took: 0.0000860 seconds
357.065: Application time: 0.1539920 seconds
357.065: [GC [PSYoungGen: 91182K->7424K(91136K)] 125143K->41484K(139776K), 0.0021730 secs] [Times: user=0.01 sys=0.00, real=0.00 secs] 
357.068: Total time for which application threads were stopped: 0.0023120 seconds, Stopping threads took: 0.0000620 seconds
357.223: Application time: 0.1555960 seconds
357.223: [GC [PSYoungGen: 90499K->5408K(86528K)] 124560K->39624K(135168K), 0.0017710 secs] [Times: user=0.01 sys=0.00, real=0.01 secs] 
357.225: Total time for which application threads were stopped: 0.0019460 seconds, Stopping threads took: 0.0000940 seconds
357.369: Application time: 0.1435750 seconds
357.369: [GC [PSYoungGen: 86304K->6368K(90112K)] 120520K->40625K(138752K), 0.0018080 secs] [Times: user=0.01 sys=0.00, real=0.00 secs] 
357.371: Total time for which application threads were stopped: 0.0019860 seconds, Stopping threads took: 0.0000940 seconds
357.519: Application time: 0.1486800 seconds
357.520: [GC [PSYoungGen: 87680K->6400K(90624K)] 121937K->40657K(139264K), 0.0017200 secs] [Times: user=0.01 sys=0.00, real=0.00 secs] 
357.521: Total time for which application threads were stopped: 0.0018810 seconds, Stopping threads took: 0.0000730 seconds
357.666: Application time: 0.1442540 seconds
357.666: [GC [PSYoungGen: 87499K->7440K(107008K)] 121756K->41697K(155648K), 0.0017570 secs] [Times: user=0.01 sys=0.00, real=0.00 secs] 
357.667: Total time for which application threads were stopped: 0.0018940 seconds, Stopping threads took: 0.0000640 seconds
357.846: Application time: 0.1783410 seconds
357.846: [GC [PSYoungGen: 104304K->5440K(107008K)] 138561K->39833K(155648K), 0.0013750 secs] [Times: user=0.01 sys=0.00, real=0.00 secs] 
357.847: Total time for which application threads were stopped: 0.0015300 seconds, Stopping threads took: 0.0000820 seconds
358.025: Application time: 0.1777250 seconds
358.025: [GC [PSYoungGen: 102482K->6368K(100864K)] 136875K->40909K(149504K), 0.0014970 secs] [Times: user=0.01 sys=0.00, real=0.00 secs] 
358.027: Total time for which application threads were stopped: 0.0016520 seconds, Stopping threads took: 0.0000740 seconds
358.193: Application time: 0.1665110 seconds
358.193: [GC [PSYoungGen: 100492K->7392K(98816K)] 135034K->41933K(147456K), 0.0019520 secs] [Times: user=0.01 sys=0.00, real=0.00 secs] 
358.195: Total time for which application threads were stopped: 0.0020980 seconds, Stopping threads took: 0.0000690 seconds
358.362: Application time: 0.1670270 seconds
358.363: [GC [PSYoungGen: 97662K->3472K(91648K)] 132203K->41085K(140288K), 0.0017370 secs] [Times: user=0.01 sys=0.00, real=0.01 secs] 
358.364: Total time for which application threads were stopped: 0.0018980 seconds, Stopping threads took: 0.0000850 seconds
358.521: Application time: 0.1571930 seconds
358.522: [GC [PSYoungGen: 91315K->6416K(112640K)] 128929K->44273K(161280K), 0.0019550 secs] [Times: user=0.01 sys=0.00, real=0.00 secs] 
358.524: Total time for which application threads were stopped: 0.0021120 seconds, Stopping threads took: 0.0000780 seconds
358.718: Application time: 0.1940300 seconds
358.718: [GC [PSYoungGen: 111466K->5344K(108032K)] 149324K->43241K(156672K), 0.0016990 secs] [Times: user=0.01 sys=0.00, real=0.00 secs] 
358.719: Total time for which application threads were stopped: 0.0018460 seconds, Stopping threads took: 0.0000640 seconds
358.909: Application time: 0.1891470 seconds
358.909: [GC [PSYoungGen: 107382K->4368K(103424K)] 145279K->42265K(152064K), 0.0012850 secs] [Times: user=0.01 sys=0.00, real=0.00 secs] 
358.910: Total time for which application threads were stopped: 0.0014310 seconds, Stopping threads took: 0.0000740 seconds
359.090: Application time: 0.1801450 seconds
359.090: [GC [PSYoungGen: 103016K->6512K(101888K)] 140914K->44485K(150528K), 0.0020650 secs] [Times: user=0.02 sys=0.00, real=0.00 secs] 
359.093: Total time for which application threads were stopped: 0.0023020 seconds, Stopping threads took: 0.0001600 seconds
359.259: Application time: 0.1668480 seconds
359.260: [GC [PSYoungGen: 100781K->5376K(97792K)] 138754K->43522K(146432K), 0.0017590 secs] [Times: user=0.01 sys=0.00, real=0.00 secs] 
359.261: Total time for which application threads were stopped: 0.0019600 seconds, Stopping threads took: 0.0001190 seconds
359.436: Application time: 0.1746580 seconds
359.436: [GC [PSYoungGen: 97475K->4352K(93696K)] 135621K->42554K(142336K), 0.0015140 secs] [Times: user=0.01 sys=0.00, real=0.00 secs] 
359.438: Total time for which application threads were stopped: 0.0016810 seconds, Stopping threads took: 0.0000890 seconds
359.594: Application time: 0.1560090 seconds
359.594: [GC [PSYoungGen: 93024K->6400K(92672K)] 131226K->44602K(141312K), 0.0019480 secs] [Times: user=0.01 sys=0.00, real=0.00 secs] 
359.596: Total time for which application threads were stopped: 0.0021230 seconds, Stopping threads took: 0.0000980 seconds
359.759: Application time: 0.1630290 seconds
359.759: [GC [PSYoungGen: 91907K->3408K(88576K)] 130109K->41734K(137216K), 0.0012130 secs] [Times: user=0.00 sys=0.00, real=0.00 secs] 
359.760: Total time for which application threads were stopped: 0.0013660 seconds, Stopping threads took: 0.0000800 seconds
359.907: Application time: 0.1469210 seconds
359.907: [GC [PSYoungGen: 85986K->7456K(92160K)] 124312K->45926K(140800K), 0.0021170 secs] [Times: user=0.01 sys=0.00, real=0.00 secs] 
359.909: Total time for which application threads were stopped: 0.0022960 seconds, Stopping threads took: 0.0000900 seconds
360.057: Application time: 0.1477570 seconds
360.057: [GC [PSYoungGen: 90428K->6368K(109568K)] 128898K->44878K(158208K), 0.0014730 secs] [Times: user=0.01 sys=0.00, real=0.00 secs] 
360.059: Total time for which application threads were stopped: 0.0017640 seconds, Stopping threads took: 0.0002170 seconds
360.246: Application time: 0.1869180 seconds
360.246: [GC [PSYoungGen: 106328K->6432K(103424K)] 144839K->44942K(152064K), 0.0014780 secs] [Times: user=0.01 sys=0.00, real=0.00 secs] 
360.248: Total time for which application threads were stopped: 0.0016380 seconds, Stopping threads took: 0.0000870 seconds
360.424: Application time: 0.1769800 seconds
360.425: [GC [PSYoungGen: 102401K->4416K(98816K)] 140912K->43046K(147456K), 0.0013360 secs] [Times: user=0.00 sys=0.00, real=0.00 secs] 
360.426: Total time for which application threads were stopped: 0.0014800 seconds, Stopping threads took: 0.0000650 seconds
360.589: Application time: 0.1633660 seconds
360.589: [GC [PSYoungGen: 97981K->7456K(98304K)] 136612K->46234K(146944K), 0.0022240 secs] [Times: user=0.02 sys=0.00, real=0.00 secs] 
360.592: Total time for which application threads were stopped: 0.0023970 seconds, Stopping threads took: 0.0000950 seconds
360.766: Application time: 0.1738480 seconds
360.766: [GC [PSYoungGen: 98080K->4352K(92160K)] 136858K->43178K(140800K), 0.0012910 secs] [Times: user=0.00 sys=0.00, real=0.00 secs] 
360.767: Total time for which application threads were stopped: 0.0014490 seconds, Stopping threads took: 0.0000820 seconds
360.921: Application time: 0.1542250 seconds
360.921: [GC [PSYoungGen: 91346K->5440K(90112K)] 130173K->44266K(138752K), 0.0016870 secs] [Times: user=0.01 sys=0.00, real=0.00 secs] 
360.923: Total time for which application threads were stopped: 0.0018210 seconds, Stopping threads took: 0.0000550 seconds
361.080: Application time: 0.1573450 seconds
361.081: [GC [PSYoungGen: 89920K->3360K(88576K)] 128746K->42302K(137216K), 0.0012090 secs] [Times: user=0.01 sys=0.00, real=0.00 secs] 
361.082: Total time for which application threads were stopped: 0.0013650 seconds, Stopping threads took: 0.0000790 seconds
361.233: Application time: 0.1509510 seconds
361.233: [GC [PSYoungGen: 84308K->4352K(83968K)] 123251K->43446K(132608K), 0.0014520 secs] [Times: user=0.01 sys=0.00, real=0.00 secs] 
361.234: Total time for which application threads were stopped: 0.0015870 seconds, Stopping threads took: 0.0000630 seconds
361.377: Application time: 0.1428980 seconds
361.377: [GC [PSYoungGen: 83354K->5376K(82432K)] 122449K->44518K(131072K), 0.0016210 secs] [Times: user=0.01 sys=0.00, real=0.00 secs] 
361.379: Total time for which application threads were stopped: 0.0017680 seconds, Stopping threads took: 0.0000700 seconds
361.516: Application time: 0.1368580 seconds
361.516: [GC [PSYoungGen: 81921K->6368K(80896K)] 121064K->45510K(129536K), 0.0019250 secs] [Times: user=0.01 sys=0.00, real=0.01 secs] 
361.518: Total time for which application threads were stopped: 0.0021570 seconds, Stopping threads took: 0.0001560 seconds
361.651: Application time: 0.1333540 seconds
361.652: [GC [PSYoungGen: 80043K->6496K(82944K)] 119186K->45638K(131584K), 0.0019360 secs] [Times: user=0.01 sys=0.00, real=0.00 secs] 
361.653: Total time for which application threads were stopped: 0.0021050 seconds, Stopping threads took: 0.0000820 seconds
361.788: Application time: 0.1349570 seconds
361.789: [GC [PSYoungGen: 81135K->6448K(83456K)] 120278K->45727K(132096K), 0.0018000 secs] [Times: user=0.01 sys=0.00, real=0.00 secs] 
361.790: Total time for which application threads were stopped: 0.0019530 seconds, Stopping threads took: 0.0000660 seconds
361.925: Application time: 0.1344240 seconds
361.925: [GC [PSYoungGen: 80845K->6400K(98816K)] 120124K->45791K(147456K), 0.0014640 secs] [Times: user=0.01 sys=0.00, real=0.00 secs] 
361.926: Total time for which application threads were stopped: 0.0015970 seconds, Stopping threads took: 0.0000630 seconds
362.100: Application time: 0.1735450 seconds
362.100: [GC [PSYoungGen: 95917K->3328K(90624K)] 135308K->42775K(139264K), 0.0010090 secs] [Times: user=0.00 sys=0.00, real=0.00 secs] 
362.101: Total time for which application threads were stopped: 0.0011670 seconds, Stopping threads took: 0.0000830 seconds
362.253: Application time: 0.1519760 seconds
362.253: [GC [PSYoungGen: 90345K->6496K(95232K)] 129792K->45943K(143872K), 0.0017300 secs] [Times: user=0.01 sys=0.00, real=0.00 secs] 
362.255: Total time for which application threads were stopped: 0.0018950 seconds, Stopping threads took: 0.0000830 seconds
362.408: Application time: 0.1526870 seconds
362.408: [GC [PSYoungGen: 92769K->6496K(95744K)] 132216K->46055K(144384K), 0.0018790 secs] [Times: user=0.01 sys=0.00, real=0.00 secs] 
362.410: Total time for which application threads were stopped: 0.0020380 seconds, Stopping threads took: 0.0000820 seconds
362.575: Application time: 0.1652990 seconds
362.575: [GC [PSYoungGen: 92290K->4336K(88064K)] 131849K->44047K(136704K), 0.0011770 secs] [Times: user=0.00 sys=0.00, real=0.01 secs] 
362.576: Total time for which application threads were stopped: 0.0013170 seconds, Stopping threads took: 0.0000690 seconds
362.723: Application time: 0.1469330 seconds
362.723: [GC [PSYoungGen: 87472K->7392K(109056K)] 127183K->47151K(157696K), 0.0019220 secs] [Times: user=0.00 sys=0.01, real=0.01 secs] 
362.725: Total time for which application threads were stopped: 0.0020790 seconds, Stopping threads took: 0.0000780 seconds
362.912: Application time: 0.1864870 seconds
362.912: [GC [PSYoungGen: 107262K->5440K(102400K)] 147022K->45199K(151040K), 0.0013960 secs] [Times: user=0.01 sys=0.00, real=0.00 secs] 
362.913: Total time for which application threads were stopped: 0.0015620 seconds, Stopping threads took: 0.0000840 seconds
363.086: Application time: 0.1726730 seconds
363.086: [GC [PSYoungGen: 102001K->4432K(98304K)] 141760K->44307K(146944K), 0.0014680 secs] [Times: user=0.01 sys=0.00, real=0.00 secs] 
363.088: Total time for which application threads were stopped: 0.0016810 seconds, Stopping threads took: 0.0001410 seconds
363.258: Application time: 0.1701820 seconds
363.258: [GC [PSYoungGen: 97620K->6400K(97280K)] 137495K->46423K(145920K), 0.0017890 secs] [Times: user=0.01 sys=0.00, real=0.00 secs] 
363.260: Total time for which application threads were stopped: 0.0019430 seconds, Stopping threads took: 0.0000800 seconds
363.425: Application time: 0.1654840 seconds
363.426: [GC [PSYoungGen: 96199K->6400K(94208K)] 136223K->46463K(142848K), 0.0020130 secs] [Times: user=0.01 sys=0.00, real=0.00 secs] 
363.428: Total time for which application threads were stopped: 0.0021720 seconds, Stopping threads took: 0.0000710 seconds
363.584: Application time: 0.1567950 seconds
363.584: [GC [PSYoungGen: 93030K->6464K(96256K)] 133094K->46527K(144896K), 0.0018600 secs] [Times: user=0.02 sys=0.00, real=0.00 secs] 
363.586: Total time for which application threads were stopped: 0.0020200 seconds, Stopping threads took: 0.0000830 seconds
363.747: Application time: 0.1601220 seconds
363.747: [GC [PSYoungGen: 95064K->4400K(91136K)] 135128K->44580K(139776K), 0.0012920 secs] [Times: user=0.01 sys=0.00, real=0.00 secs] 
363.748: Total time for which application threads were stopped: 0.0014310 seconds, Stopping threads took: 0.0000630 seconds
363.909: Application time: 0.1609650 seconds
363.909: [GC [PSYoungGen: 90065K->3328K(89088K)] 130245K->43648K(137728K), 0.0011720 secs] [Times: user=0.01 sys=0.00, real=0.00 secs] 
363.910: Total time for which application threads were stopped: 0.0013300 seconds, Stopping threads took: 0.0000840 seconds
364.056: Application time: 0.1461850 seconds
364.057: [GC [PSYoungGen: 86515K->7424K(92160K)] 126835K->47792K(140800K), 0.0021680 secs] [Times: user=0.02 sys=0.00, real=0.00 secs] 
364.059: Total time for which application threads were stopped: 0.0023360 seconds, Stopping threads took: 0.0000820 seconds
364.209: Application time: 0.1505410 seconds
364.209: [GC [PSYoungGen: 90301K->6368K(109568K)] 130669K->46736K(158208K), 0.0014830 secs] [Times: user=0.01 sys=0.00, real=0.00 secs] 
364.211: Total time for which application threads were stopped: 0.0016340 seconds, Stopping threads took: 0.0000800 seconds
364.391: Application time: 0.1799340 seconds
364.391: [GC [PSYoungGen: 106720K->7584K(104448K)] 147088K->47992K(153088K), 0.0017900 secs] [Times: user=0.00 sys=0.00, real=0.00 secs] 
364.393: Total time for which application threads were stopped: 0.0019420 seconds, Stopping threads took: 0.0000770 seconds
364.578: Application time: 0.1847830 seconds
364.578: [GC [PSYoungGen: 103896K->4304K(98816K)] 144304K->44904K(147456K), 0.0014290 secs] [Times: user=0.00 sys=0.00, real=0.00 secs] 
364.579: Total time for which application threads were stopped: 0.0015910 seconds, Stopping threads took: 0.0000830 seconds
364.742: Application time: 0.1630430 seconds
364.742: [GC [PSYoungGen: 97072K->6400K(97280K)] 137672K->47040K(145920K), 0.0019700 secs] [Times: user=0.01 sys=0.00, real=0.01 secs] 
364.744: Total time for which application threads were stopped: 0.0021540 seconds, Stopping threads took: 0.0000990 seconds
364.915: Application time: 0.1702100 seconds
364.915: [GC [PSYoungGen: 96494K->4400K(93184K)] 137135K->45040K(141824K), 0.0013600 secs] [Times: user=0.01 sys=0.00, real=0.01 secs] 
364.916: Total time for which application threads were stopped: 0.0015200 seconds, Stopping threads took: 0.0000850 seconds
365.069: Application time: 0.1524790 seconds
365.069: [GC [PSYoungGen: 91186K->7520K(96768K)] 131826K->48268K(145408K), 0.0021070 secs] [Times: user=0.02 sys=0.00, real=0.00 secs] 
365.071: Total time for which application threads were stopped: 0.0022480 seconds, Stopping threads took: 0.0000660 seconds
365.235: Application time: 0.1636550 seconds
365.235: [GC [PSYoungGen: 94786K->5408K(90112K)] 135535K->46304K(138752K), 0.0012350 secs] [Times: user=0.01 sys=0.00, real=0.00 secs] 
365.236: Total time for which application threads were stopped: 0.0013840 seconds, Stopping threads took: 0.0000680 seconds
365.387: Application time: 0.1512240 seconds
365.387: [GC [PSYoungGen: 89007K->5376K(87552K)] 129904K->46320K(136192K), 0.0017000 secs] [Times: user=0.00 sys=0.01, real=0.00 secs] 
365.389: Total time for which application threads were stopped: 0.0018890 seconds, Stopping threads took: 0.0001150 seconds
365.535: Application time: 0.1456920 seconds
365.535: [GC [PSYoungGen: 87190K->7424K(105984K)] 128135K->48368K(154624K), 0.0017110 secs] [Times: user=0.00 sys=0.01, real=0.01 secs] 
365.537: Total time for which application threads were stopped: 0.0018590 seconds, Stopping threads took: 0.0000750 seconds
365.719: Application time: 0.1825900 seconds
365.719: [GC [PSYoungGen: 105653K->4544K(99328K)] 146598K->45488K(147968K), 0.0014050 secs] [Times: user=0.00 sys=0.00, real=0.00 secs] 
365.721: Total time for which application threads were stopped: 0.0015610 seconds, Stopping threads took: 0.0000820 seconds
365.893: Application time: 0.1724690 seconds
365.893: [GC [PSYoungGen: 99125K->3296K(97792K)] 140070K->44477K(146432K), 0.0012490 secs] [Times: user=0.01 sys=0.00, real=0.00 secs] 
365.895: Total time for which application threads were stopped: 0.0014050 seconds, Stopping threads took: 0.0000800 seconds
366.060: Application time: 0.1652700 seconds
366.060: [GC [PSYoungGen: 94803K->6400K(95232K)] 135984K->47621K(143872K), 0.0019070 secs] [Times: user=0.01 sys=0.00, real=0.00 secs] 
366.062: Total time for which application threads were stopped: 0.0020440 seconds, Stopping threads took: 0.0000610 seconds
366.227: Application time: 0.1647680 seconds
366.227: [GC [PSYoungGen: 94570K->3344K(91136K)] 135791K->44565K(139776K), 0.0011480 secs] [Times: user=0.00 sys=0.00, real=0.00 secs] 
366.228: Total time for which application threads were stopped: 0.0012910 seconds, Stopping threads took: 0.0000710 seconds
366.381: Application time: 0.1529590 seconds
366.381: [GC [PSYoungGen: 88700K->4512K(87552K)] 129921K->45809K(136192K), 0.0014190 secs] [Times: user=0.00 sys=0.00, real=0.00 secs] 
366.383: Total time for which application threads were stopped: 0.0015780 seconds, Stopping threads took: 0.0000870 seconds
366.527: Application time: 0.1442370 seconds
366.527: [GC [PSYoungGen: 86576K->6400K(87040K)] 127873K->47881K(135680K), 0.0019900 secs] [Times: user=0.01 sys=0.00, real=0.00 secs] 
366.529: Total time for which application threads were stopped: 0.0022340 seconds, Stopping threads took: 0.0001530 seconds
366.674: Application time: 0.1452420 seconds
366.674: [GC [PSYoungGen: 86061K->6400K(89600K)] 127542K->47921K(138240K), 0.0017630 secs] [Times: user=0.01 sys=0.00, real=0.01 secs] 
366.676: Total time for which application threads were stopped: 0.0019200 seconds, Stopping threads took: 0.0000810 seconds
366.826: Application time: 0.1500010 seconds
366.826: [GC [PSYoungGen: 86776K->6400K(84480K)] 128297K->47921K(133120K), 0.0015060 secs] [Times: user=0.00 sys=0.00, real=0.00 secs] 
366.828: Total time for which application threads were stopped: 0.0016770 seconds, Stopping threads took: 0.0001010 seconds
366.970: Application time: 0.1421020 seconds
366.970: [GC [PSYoungGen: 83729K->4432K(79872K)] 125250K->45953K(128512K), 0.0015480 secs] [Times: user=0.01 sys=0.00, real=0.00 secs] 
366.972: Total time for which application threads were stopped: 0.0016960 seconds, Stopping threads took: 0.0000750 seconds
367.108: Application time: 0.1368040 seconds
367.109: [GC [PSYoungGen: 79392K->4368K(77312K)] 120913K->46025K(125952K), 0.0011410 secs] [Times: user=0.01 sys=0.00, real=0.00 secs] 
367.110: Total time for which application threads were stopped: 0.0013070 seconds, Stopping threads took: 0.0000870 seconds
367.243: Application time: 0.1332170 seconds
367.243: [GC [PSYoungGen: 76822K->3280K(74240K)] 118479K->45037K(122880K), 0.0012810 secs] [Times: user=0.01 sys=0.00, real=0.01 secs] 
367.244: Total time for which application threads were stopped: 0.0014220 seconds, Stopping threads took: 0.0000730 seconds
367.372: Application time: 0.1274460 seconds
367.372: [GC [PSYoungGen: 73936K->3312K(72192K)] 115693K->45117K(120832K), 0.0012350 secs] [Times: user=0.01 sys=0.00, real=0.00 secs] 
367.373: Total time for which application threads were stopped: 0.0013870 seconds, Stopping threads took: 0.0000790 seconds
367.494: Application time: 0.1202770 seconds
367.494: [GC [PSYoungGen: 71801K->7392K(84992K)] 113606K->49197K(133632K), 0.0021770 secs] [Times: user=0.01 sys=0.00, real=0.00 secs] 
367.496: Total time for which application threads were stopped: 0.0023430 seconds, Stopping threads took: 0.0000880 seconds
367.638: Application time: 0.1423900 seconds
367.638: [GC [PSYoungGen: 83680K->3376K(77312K)] 125485K->45181K(125952K), 0.0009810 secs] [Times: user=0.00 sys=0.00, real=0.00 secs] 
367.639: Total time for which application threads were stopped: 0.0011250 seconds, Stopping threads took: 0.0000660 seconds
367.774: Application time: 0.1341320 seconds
367.774: [GC [PSYoungGen: 77104K->3344K(75264K)] 118909K->45297K(123904K), 0.0011320 secs] [Times: user=0.00 sys=0.00, real=0.00 secs] 
367.775: Total time for which application threads were stopped: 0.0012880 seconds, Stopping threads took: 0.0000830 seconds
367.905: Application time: 0.1303170 seconds
367.905: [GC [PSYoungGen: 74503K->2272K(74752K)] 116456K->44341K(123392K), 0.0009220 secs] [Times: user=0.01 sys=0.00, real=0.00 secs] 
367.906: Total time for which application threads were stopped: 0.0010620 seconds, Stopping threads took: 0.0000710 seconds
368.031: Application time: 0.1248650 seconds
368.031: [GC [PSYoungGen: 71841K->6400K(74240K)] 113911K->48502K(122880K), 0.0018220 secs] [Times: user=0.02 sys=0.00, real=0.00 secs] 
368.033: Total time for which application threads were stopped: 0.0019590 seconds, Stopping threads took: 0.0000550 seconds
368.150: Application time: 0.1168570 seconds
368.150: [GC [PSYoungGen: 73016K->5392K(77824K)] 115118K->47494K(126464K), 0.0015700 secs] [Times: user=0.01 sys=0.00, real=0.00 secs] 
368.152: Total time for which application threads were stopped: 0.0017300 seconds, Stopping threads took: 0.0000740 seconds
368.278: Application time: 0.1266280 seconds
368.278: [GC [PSYoungGen: 73488K->5376K(77312K)] 115590K->47478K(125952K), 0.0015540 secs] [Times: user=0.01 sys=0.00, real=0.00 secs] 
368.280: Total time for which application threads were stopped: 0.0016890 seconds, Stopping threads took: 0.0000610 seconds
368.403: Application time: 0.1226650 seconds
368.403: [GC [PSYoungGen: 73362K->5440K(90112K)] 115464K->47650K(138752K), 0.0012970 secs] [Times: user=0.01 sys=0.00, real=0.00 secs] 
368.404: Total time for which application threads were stopped: 0.0014610 seconds, Stopping threads took: 0.0000920 seconds
368.550: Application time: 0.1458100 seconds
368.550: [GC [PSYoungGen: 86746K->5296K(90624K)] 128956K->47642K(139264K), 0.0016980 secs] [Times: user=0.00 sys=0.00, real=0.00 secs] 
368.552: Total time for which application threads were stopped: 0.0018480 seconds, Stopping threads took: 0.0000730 seconds
368.709: Application time: 0.1571620 seconds
368.709: [GC [PSYoungGen: 87065K->2272K(81920K)] 129411K->44674K(130560K), 0.0007740 secs] [Times: user=0.00 sys=0.00, real=0.00 secs] 
368.710: Total time for which application threads were stopped: 0.0009190 seconds, Stopping threads took: 0.0000690 seconds
368.850: Application time: 0.1397100 seconds
368.850: [GC [PSYoungGen: 81249K->6368K(100864K)] 123652K->48770K(149504K), 0.0017360 secs] [Times: user=0.01 sys=0.00, real=0.00 secs] 
368.851: Total time for which application threads were stopped: 0.0019130 seconds, Stopping threads took: 0.0000980 seconds
369.017: Application time: 0.1653450 seconds
369.017: [GC [PSYoungGen: 97740K->4464K(93696K)] 140142K->46866K(142336K), 0.0012310 secs] [Times: user=0.01 sys=0.00, real=0.00 secs] 
369.018: Total time for which application threads were stopped: 0.0013650 seconds, Stopping threads took: 0.0000630 seconds
369.183: Application time: 0.1645870 seconds
369.183: [GC [PSYoungGen: 93346K->5408K(91648K)] 135748K->47998K(140288K), 0.0017190 secs] [Times: user=0.00 sys=0.00, real=0.01 secs] 
369.185: Total time for which application threads were stopped: 0.0018950 seconds, Stopping threads took: 0.0000980 seconds
369.337: Application time: 0.1524500 seconds
369.337: [GC [PSYoungGen: 91418K->6400K(90112K)] 134008K->49102K(138752K), 0.0015280 secs] [Times: user=0.01 sys=0.00, real=0.00 secs] 
369.339: Total time for which application threads were stopped: 0.0016970 seconds, Stopping threads took: 0.0000870 seconds
369.491: Application time: 0.1526090 seconds
369.492: [GC [PSYoungGen: 89822K->7424K(95232K)] 132524K->50126K(143872K), 0.0021180 secs] [Times: user=0.02 sys=0.00, real=0.00 secs] 
369.494: Total time for which application threads were stopped: 0.0022790 seconds, Stopping threads took: 0.0000850 seconds
369.651: Application time: 0.1575740 seconds
369.651: [GC [PSYoungGen: 93077K->7520K(109056K)] 135780K->50222K(157696K), 0.0017800 secs] [Times: user=0.00 sys=0.01, real=0.00 secs] 
369.653: Total time for which application threads were stopped: 0.0019850 seconds, Stopping threads took: 0.0001310 seconds
369.838: Application time: 0.1843330 seconds
369.838: [GC [PSYoungGen: 106659K->3344K(99840K)] 149362K->46182K(148480K), 0.0010680 secs] [Times: user=0.01 sys=0.00, real=0.00 secs] 
369.839: Total time for which application threads were stopped: 0.0012070 seconds, Stopping threads took: 0.0000730 seconds
370.008: Application time: 0.1695650 seconds
370.009: [GC [PSYoungGen: 99271K->5376K(98816K)] 142110K->48354K(147456K), 0.0015500 secs] [Times: user=0.00 sys=0.00, real=0.00 secs] 
370.010: Total time for which application threads were stopped: 0.0017240 seconds, Stopping threads took: 0.0000920 seconds
370.186: Application time: 0.1761070 seconds
370.186: [GC [PSYoungGen: 98402K->4352K(94720K)] 141381K->47330K(143360K), 0.0013900 secs] [Times: user=0.01 sys=0.00, real=0.00 secs] 
370.188: Total time for which application threads were stopped: 0.0015350 seconds, Stopping threads took: 0.0000700 seconds
370.348: Application time: 0.1602990 seconds
370.348: [GC [PSYoungGen: 93684K->4432K(92160K)] 136663K->47410K(140800K), 0.0013890 secs] [Times: user=0.01 sys=0.00, real=0.00 secs] 
370.350: Total time for which application threads were stopped: 0.0015350 seconds, Stopping threads took: 0.0000680 seconds
370.507: Application time: 0.1570380 seconds
370.507: [GC [PSYoungGen: 91260K->5408K(89600K)] 134239K->48547K(138240K), 0.0017660 secs] [Times: user=0.01 sys=0.01, real=0.00 secs] 
370.509: Total time for which application threads were stopped: 0.0019280 seconds, Stopping threads took: 0.0000850 seconds
370.659: Application time: 0.1502770 seconds
370.659: [GC [PSYoungGen: 89050K->6400K(88064K)] 132189K->49651K(136704K), 0.0019390 secs] [Times: user=0.01 sys=0.00, real=0.00 secs] 
370.661: Total time for which application threads were stopped: 0.0020970 seconds, Stopping threads took: 0.0000740 seconds
370.811: Application time: 0.1496090 seconds
370.811: [GC [PSYoungGen: 87680K->5376K(84480K)] 130931K->48627K(133120K), 0.0016540 secs] [Times: user=0.01 sys=0.00, real=0.00 secs] 
370.812: Total time for which application threads were stopped: 0.0018040 seconds, Stopping threads took: 0.0000740 seconds
370.956: Application time: 0.1440940 seconds
370.957: [GC [PSYoungGen: 83521K->5472K(88064K)] 126772K->48723K(136704K), 0.0016860 secs] [Times: user=0.01 sys=0.00, real=0.00 secs] 
370.958: Total time for which application threads were stopped: 0.0018490 seconds, Stopping threads took: 0.0000880 seconds
371.104: Application time: 0.1462090 seconds
371.105: [GC [PSYoungGen: 84051K->4416K(81408K)] 127302K->47807K(130048K), 0.0014560 secs] [Times: user=0.01 sys=0.00, real=0.00 secs] 
371.106: Total time for which application threads were stopped: 0.0016140 seconds, Stopping threads took: 0.0000840 seconds
371.242: Application time: 0.1363100 seconds
371.243: [GC [PSYoungGen: 80978K->7424K(84480K)] 124369K->50927K(133120K), 0.0020790 secs] [Times: user=0.02 sys=0.00, real=0.01 secs] 
371.245: Total time for which application threads were stopped: 0.0022370 seconds, Stopping threads took: 0.0000690 seconds
371.381: Application time: 0.1359700 seconds
371.381: [GC [PSYoungGen: 82811K->6400K(84992K)] 126314K->49943K(133632K), 0.0018590 secs] [Times: user=0.02 sys=0.00, real=0.00 secs] 
371.383: Total time for which application threads were stopped: 0.0020210 seconds, Stopping threads took: 0.0000850 seconds
371.519: Application time: 0.1364560 seconds
371.519: [GC [PSYoungGen: 81917K->5344K(100352K)] 125460K->48887K(148992K), 0.0012800 secs] [Times: user=0.00 sys=0.01, real=0.00 secs] 
371.521: Total time for which application threads were stopped: 0.0014380 seconds, Stopping threads took: 0.0000830 seconds
371.688: Application time: 0.1673770 seconds
371.688: [GC [PSYoungGen: 96062K->5488K(100352K)] 139605K->49031K(148992K), 0.0014330 secs] [Times: user=0.01 sys=0.00, real=0.00 secs] 
371.690: Total time for which application threads were stopped: 0.0015830 seconds, Stopping threads took: 0.0000750 seconds
371.852: Application time: 0.1620680 seconds
371.852: [GC [PSYoungGen: 97136K->6384K(118272K)] 140679K->50107K(166912K), 0.0016030 secs] [Times: user=0.00 sys=0.01, real=0.00 secs] 
371.853: Total time for which application threads were stopped: 0.0017600 seconds, Stopping threads took: 0.0000740 seconds
372.059: Application time: 0.2055830 seconds
372.059: [GC [PSYoungGen: 116053K->5376K(111616K)] 159776K->49207K(160256K), 0.0012940 secs] [Times: user=0.01 sys=0.00, real=0.00 secs] 
372.060: Total time for which application threads were stopped: 0.0014470 seconds, Stopping threads took: 0.0000740 seconds
372.251: Application time: 0.1903140 seconds
372.251: [GC [PSYoungGen: 111340K->5440K(108032K)] 155172K->49271K(156672K), 0.0015440 secs] [Times: user=0.01 sys=0.00, real=0.00 secs] 
372.252: Total time for which application threads were stopped: 0.0016940 seconds, Stopping threads took: 0.0000700 seconds
372.438: Application time: 0.1855320 seconds
372.438: [GC [PSYoungGen: 107646K->7520K(106496K)] 151478K->51468K(155136K), 0.0023820 secs] [Times: user=0.01 sys=0.00, real=0.00 secs] 
372.440: Total time for which application threads were stopped: 0.0025550 seconds, Stopping threads took: 0.0000800 seconds
372.623: Application time: 0.1828160 seconds
372.623: [GC [PSYoungGen: 105631K->2304K(97792K)] 149579K->48440K(146432K), 0.0012850 secs] [Times: user=0.00 sys=0.00, real=0.01 secs] 
372.625: Total time for which application threads were stopped: 0.0014300 seconds, Stopping threads took: 0.0000570 seconds
372.793: Application time: 0.1684230 seconds
372.793: [GC [PSYoungGen: 96875K->5376K(97792K)] 143011K->51552K(146432K), 0.0015580 secs] [Times: user=0.01 sys=0.00, real=0.00 secs] 
372.795: Total time for which application threads were stopped: 0.0017380 seconds, Stopping threads took: 0.0001040 seconds
372.964: Application time: 0.1694040 seconds
372.964: [GC [PSYoungGen: 96568K->4416K(93696K)] 142744K->50592K(142336K), 0.0014420 secs] [Times: user=0.00 sys=0.00, real=0.00 secs] 
372.966: Total time for which application threads were stopped: 0.0015900 seconds, Stopping threads took: 0.0000690 seconds
373.125: Application time: 0.1588130 seconds
373.125: [GC [PSYoungGen: 93314K->4336K(90624K)] 139490K->50652K(139264K), 0.0016010 secs] [Times: user=0.01 sys=0.00, real=0.00 secs] 
373.126: Total time for which application threads were stopped: 0.0017400 seconds, Stopping threads took: 0.0000620 seconds
373.284: Application time: 0.1572130 seconds
373.284: [GC [PSYoungGen: 90133K->6432K(90112K)] 136449K->52860K(138752K), 0.0018430 secs] [Times: user=0.01 sys=0.00, real=0.01 secs] 
373.286: Total time for which application threads were stopped: 0.0020030 seconds, Stopping threads took: 0.0000840 seconds
373.433: Application time: 0.1473220 seconds
373.433: [GC [PSYoungGen: 88986K->6416K(96768K)] 135414K->52884K(145408K), 0.0019210 secs] [Times: user=0.01 sys=0.00, real=0.00 secs] 
373.435: Total time for which application threads were stopped: 0.0020760 seconds, Stopping threads took: 0.0000750 seconds
373.597: Application time: 0.1623940 seconds
373.598: [GC [PSYoungGen: 94498K->5440K(91136K)] 140967K->51908K(139776K), 0.0012410 secs] [Times: user=0.01 sys=0.00, real=0.00 secs] 
373.599: Total time for which application threads were stopped: 0.0014010 seconds, Stopping threads took: 0.0000810 seconds
373.754: Application time: 0.1546550 seconds
373.754: [GC [PSYoungGen: 90398K->4400K(87552K)] 136866K->50984K(136192K), 0.0015830 secs] [Times: user=0.01 sys=0.00, real=0.00 secs] 
373.755: Total time for which application threads were stopped: 0.0017300 seconds, Stopping threads took: 0.0000730 seconds
373.905: Application time: 0.1493310 seconds
373.905: [GC [PSYoungGen: 86997K->6368K(87040K)] 133582K->54112K(135680K), 0.0018200 secs] [Times: user=0.01 sys=0.00, real=0.00 secs] 
373.907: [Full GC [PSYoungGen: 6368K->0K(87040K)] [ParOldGen: 47744K->11521K(47616K)] 54112K->11521K(134656K) [PSPermGen: 5530K->5530K(21504K)], 0.0069350 secs] [Times: user=0.03 sys=0.00, real=0.00 secs] 
373.914: Total time for which application threads were stopped: 0.0089570 seconds, Stopping threads took: 0.0000770 seconds
374.060: Application time: 0.1461370 seconds
374.060: [GC [PSYoungGen: 79932K->5376K(83456K)] 91453K->16897K(131072K), 0.0017350 secs] [Times: user=0.01 sys=0.00, real=0.00 secs] 
374.062: Total time for which application threads were stopped: 0.0018890 seconds, Stopping threads took: 0.0000800 seconds
374.205: Application time: 0.1430490 seconds
374.205: [GC [PSYoungGen: 83200K->4352K(79872K)] 94721K->16897K(127488K), 0.0014730 secs] [Times: user=0.01 sys=0.00, real=0.00 secs] 
374.206: Total time for which application threads were stopped: 0.0016610 seconds, Stopping threads took: 0.0001030 seconds
374.340: Application time: 0.1336200 seconds
374.340: [GC [PSYoungGen: 79257K->5520K(95232K)] 91803K->18065K(142848K), 0.0015360 secs] [Times: user=0.01 sys=0.00, real=0.00 secs] 
374.342: Total time for which application threads were stopped: 0.0016840 seconds, Stopping threads took: 0.0000730 seconds
374.504: Application time: 0.1625840 seconds
374.504: [GC [PSYoungGen: 92019K->5424K(89600K)] 104564K->18149K(137216K), 0.0014940 secs] [Times: user=0.01 sys=0.00, real=0.00 secs] 
374.506: Total time for which application threads were stopped: 0.0016590 seconds, Stopping threads took: 0.0000890 seconds
374.654: Application time: 0.1482990 seconds
374.654: [GC [PSYoungGen: 89392K->7424K(96256K)] 102117K->20261K(143872K), 0.0021070 secs] [Times: user=0.01 sys=0.00, real=0.01 secs] 
374.656: Total time for which application threads were stopped: 0.0022600 seconds, Stopping threads took: 0.0000690 seconds
374.821: Application time: 0.1642610 seconds
374.821: [GC [PSYoungGen: 95593K->5344K(109056K)] 108431K->18181K(156672K), 0.0013050 secs] [Times: user=0.00 sys=0.00, real=0.00 secs] 
374.822: Total time for which application threads were stopped: 0.0014530 seconds, Stopping threads took: 0.0000650 seconds
375.004: Application time: 0.1816560 seconds
375.004: [GC [PSYoungGen: 106092K->6448K(103936K)] 118930K->19285K(151552K), 0.0017080 secs] [Times: user=0.00 sys=0.01, real=0.01 secs] 
375.006: Total time for which application threads were stopped: 0.0018560 seconds, Stopping threads took: 0.0000720 seconds
375.180: Application time: 0.1740140 seconds
375.180: [GC [PSYoungGen: 103728K->5488K(105984K)] 116565K->20517K(153600K), 0.0020870 secs] [Times: user=0.02 sys=0.00, real=0.00 secs] 
375.182: Total time for which application threads were stopped: 0.0022610 seconds, Stopping threads took: 0.0000980 seconds
375.367: Application time: 0.1851280 seconds
375.367: [GC [PSYoungGen: 105162K->6368K(107520K)] 120192K->21538K(155136K), 0.0018610 secs] [Times: user=0.01 sys=0.00, real=0.00 secs] 
375.369: Total time for which application threads were stopped: 0.0020260 seconds, Stopping threads took: 0.0000760 seconds
375.550: Application time: 0.1806910 seconds
375.550: [GC [PSYoungGen: 105358K->7424K(103936K)] 120528K->22594K(151552K), 0.0016990 secs] [Times: user=0.01 sys=0.00, real=0.00 secs] 
375.552: Total time for which application threads were stopped: 0.0018380 seconds, Stopping threads took: 0.0000670 seconds
375.720: Application time: 0.1684400 seconds
375.720: [GC [PSYoungGen: 102715K->5536K(98816K)] 117885K->20706K(146432K), 0.0015830 secs] [Times: user=0.01 sys=0.00, real=0.00 secs] 
375.722: Total time for which application threads were stopped: 0.0017560 seconds, Stopping threads took: 0.0000990 seconds
375.896: Application time: 0.1739720 seconds
375.896: [GC [PSYoungGen: 98653K->3360K(93696K)] 113823K->19794K(141312K), 0.0011390 secs] [Times: user=0.00 sys=0.01, real=0.01 secs] 
375.897: Total time for which application threads were stopped: 0.0012900 seconds, Stopping threads took: 0.0000690 seconds
376.060: Application time: 0.1630910 seconds
376.060: [GC [PSYoungGen: 93255K->6384K(93696K)] 109689K->22858K(141312K), 0.0016480 secs] [Times: user=0.00 sys=0.00, real=0.00 secs] 
376.062: Total time for which application threads were stopped: 0.0017730 seconds, Stopping threads took: 0.0000560 seconds
376.219: Application time: 0.1570530 seconds
376.219: [GC [PSYoungGen: 93266K->4352K(88576K)] 109740K->20826K(136192K), 0.0013020 secs] [Times: user=0.01 sys=0.00, real=0.00 secs] 
376.220: Total time for which application threads were stopped: 0.0014440 seconds, Stopping threads took: 0.0000710 seconds
376.370: Application time: 0.1492760 seconds
376.370: Total time for which application threads were stopped: 0.0001020 seconds, Stopping threads took: 0.0000730 seconds
376.371: Application time: 0.0008860 seconds
376.371: [GC [PSYoungGen: 88320K->7456K(89088K)] 104794K->23978K(136704K), 0.0023000 secs] [Times: user=0.01 sys=0.01, real=0.00 secs] 
376.373: Total time for which application threads were stopped: 0.0024100 seconds, Stopping threads took: 0.0000430 seconds
376.533: Application time: 0.1600620 seconds
376.533: [GC [PSYoungGen: 88760K->5344K(84480K)] 105283K->22054K(132096K), 0.0015540 secs] [Times: user=0.01 sys=0.00, real=0.00 secs] 
376.535: Total time for which application threads were stopped: 0.0017040 seconds, Stopping threads took: 0.0000660 seconds
376.682: Application time: 0.1472690 seconds
376.682: Total time for which application threads were stopped: 0.0000780 seconds, Stopping threads took: 0.0000470 seconds
376.695: Application time: 0.0128740 seconds
376.695: [GC [PSYoungGen: 84165K->3296K(79872K)] 100875K->20014K(127488K), 0.0012820 secs] [Times: user=0.01 sys=0.00, real=0.01 secs] 
376.697: Total time for which application threads were stopped: 0.0014790 seconds, Stopping threads took: 0.0001240 seconds
376.755: Application time: 0.0587790 seconds
376.755: Total time for which application threads were stopped: 0.0000720 seconds, Stopping threads took: 0.0000420 seconds
376.857: Application time: 0.1015980 seconds
376.857: Total time for which application threads were stopped: 0.0000650 seconds, Stopping threads took: 0.0000340 seconds
376.901: Application time: 0.0437700 seconds
376.901: [GC [PSYoungGen: 78789K->96K(74240K)] 95507K->16822K(121856K), 0.0009500 secs] [Times: user=0.00 sys=0.00, real=0.00 secs] 
376.902: Total time for which application threads were stopped: 0.0010270 seconds, Stopping threads took: 0.0000120 seconds
376.953: Application time: 0.0510550 seconds
376.953: Total time for which application threads were stopped: 0.0000850 seconds, Stopping threads took: 0.0000420 seconds
376.980: Application time: 0.0272710 seconds
376.980: Total time for which application threads were stopped: 0.0000810 seconds, Stopping threads took: 0.0000200 seconds
377.750: Application time: 0.7700740 seconds
377.751: Total time for which application threads were stopped: 0.0000890 seconds, Stopping threads took: 0.0000120 seconds
377.752: Application time: 0.0017580 seconds
377.752: Total time for which application threads were stopped: 0.0000220 seconds, Stopping threads took: 0.0000090 seconds
Heap
 PSYoungGen      total 74240K, used 58532K [0x00000000d7480000, 0x00000000ddb00000, 0x0000000100000000)
  eden space 73728K, 79% used [0x00000000d7480000,0x00000000dad913f0,0x00000000dbc80000)
  from space 512K, 18% used [0x00000000dda80000,0x00000000dda98000,0x00000000ddb00000)
  to   space 9216K, 0% used [0x00000000dc900000,0x00000000dc900000,0x00000000dd200000)
 ParOldGen       total 47616K, used 16726K [0x0000000085e00000, 0x0000000088c80000, 0x00000000d7480000)
  object space 47616K, 35% used [0x0000000085e00000,0x0000000086e55a30,0x0000000088c80000)
 PSPermGen       total 21504K, used 13250K [0x0000000080c00000, 0x0000000082100000, 0x0000000085e00000)
  object space 21504K, 61% used [0x0000000080c00000,0x00000000818f09b0,0x0000000082100000)
377.753: Application time: 0.0001540 seconds
