Java HotSpot(TM) 64-Bit Server VM (24.80-b11) for linux-amd64 JRE (1.7.0_80-b15), built on Apr 10 2015 19:53:14 by "java_re" with gcc 4.3.0 20080428 (Red Hat 4.3.0-8)
Memory: 4k page, physical 8000092k(5809652k free), swap 8218620k(8218620k free)
CommandLine flags: -XX:InitialHeapSize=128001472 -XX:MaxHeapSize=2048023552 -XX:+PrintGC -XX:+PrintGCApplicationConcurrentTime -XX:+PrintGCApplicationStoppedTime -XX:+PrintGCDetails -XX:+PrintGCTimeStamps -XX:+UseCMSInitiatingOccupancyOnly -XX:+UseCompressedOops -XX:+UseParallelGC 
1.007: Application time: 0.9870850 seconds
1.007: Total time for which application threads were stopped: 0.0000430 seconds, Stopping threads took: 0.0000100 seconds
4.024: Application time: 3.0172540 seconds
4.024: Total time for which application threads were stopped: 0.0000670 seconds, Stopping threads took: 0.0000100 seconds
14.721: Application time: 10.6971370 seconds
14.721: Total time for which application threads were stopped: 0.0000340 seconds, Stopping threads took: 0.0000180 seconds
14.722: Application time: 0.0000630 seconds
14.722: Total time for which application threads were stopped: 0.0000240 seconds, Stopping threads took: 0.0000080 seconds
14.723: Application time: 0.0014440 seconds
14.723: Total time for which application threads were stopped: 0.0000120 seconds, Stopping threads took: 0.0000050 seconds
14.741: Application time: 0.0183370 seconds
14.741: Total time for which application threads were stopped: 0.0000400 seconds, Stopping threads took: 0.0000100 seconds
14.755: Application time: 0.0138940 seconds
14.755: [GC [PSYoungGen: 11288K->3311K(36864K)] 11288K->3319K(119808K), 0.0023970 secs] [Times: user=0.01 sys=0.00, real=0.01 secs] 
14.758: [Full GC [PSYoungGen: 3311K->0K(36864K)] [ParOldGen: 8K->3145K(82944K)] 3319K->3145K(119808K) [PSPermGen: 5076K->5074K(21504K)], 0.0112110 secs] [Times: user=0.05 sys=0.00, real=0.01 secs] 
14.769: Total time for which application threads were stopped: 0.0137320 seconds, Stopping threads took: 0.0000180 seconds
14.769: Application time: 0.0000500 seconds
14.769: [GC [PSYoungGen: 0K->0K(36864K)] 3145K->3145K(119808K), 0.0002960 secs] [Times: user=0.00 sys=0.00, real=0.00 secs] 
14.769: [Full GC [PSYoungGen: 0K->0K(36864K)] [ParOldGen: 3145K->3145K(82944K)] 3145K->3145K(119808K) [PSPermGen: 5074K->5074K(21504K)], 0.0038910 secs] [Times: user=0.01 sys=0.00, real=0.00 secs] 
14.773: Total time for which application threads were stopped: 0.0042930 seconds, Stopping threads took: 0.0000190 seconds
14.773: Application time: 0.0000450 seconds
14.773: Total time for which application threads were stopped: 0.0000230 seconds, Stopping threads took: 0.0000150 seconds
14.773: Application time: 0.0000270 seconds
14.774: Total time for which application threads were stopped: 0.0000080 seconds, Stopping threads took: 0.0000050 seconds
14.774: Application time: 0.0000130 seconds
14.774: Total time for which application threads were stopped: 0.0000160 seconds, Stopping threads took: 0.0000130 seconds
14.774: Application time: 0.0000110 seconds
14.774: Total time for which application threads were stopped: 0.0000140 seconds, Stopping threads took: 0.0000110 seconds
14.774: Application time: 0.0000130 seconds
14.774: Total time for which application threads were stopped: 0.0000140 seconds, Stopping threads took: 0.0000110 seconds
14.774: Application time: 0.0000340 seconds
14.774: Total time for which application threads were stopped: 0.0000130 seconds, Stopping threads took: 0.0000100 seconds
14.774: Application time: 0.0000150 seconds
14.774: Total time for which application threads were stopped: 0.0000110 seconds, Stopping threads took: 0.0000080 seconds
14.774: Application time: 0.0000160 seconds
14.774: Total time for which application threads were stopped: 0.0000130 seconds, Stopping threads took: 0.0000100 seconds
14.774: Application time: 0.0000150 seconds
14.774: Total time for which application threads were stopped: 0.0000140 seconds, Stopping threads took: 0.0000110 seconds
14.774: Application time: 0.0001970 seconds
14.774: Total time for which application threads were stopped: 0.0000120 seconds, Stopping threads took: 0.0000090 seconds
14.774: Application time: 0.0001130 seconds
14.774: Total time for which application threads were stopped: 0.0000110 seconds, Stopping threads took: 0.0000080 seconds
14.774: Application time: 0.0000140 seconds
14.774: Total time for which application threads were stopped: 0.0000120 seconds, Stopping threads took: 0.0000090 seconds
14.774: Application time: 0.0000160 seconds
14.774: Total time for which application threads were stopped: 0.0000230 seconds, Stopping threads took: 0.0000180 seconds
14.774: Application time: 0.0000150 seconds
14.774: Total time for which application threads were stopped: 0.0000290 seconds, Stopping threads took: 0.0000120 seconds
14.774: Application time: 0.0000180 seconds
14.774: Total time for which application threads were stopped: 0.0000160 seconds, Stopping threads took: 0.0000110 seconds
14.774: Application time: 0.0000120 seconds
14.774: Total time for which application threads were stopped: 0.0000180 seconds, Stopping threads took: 0.0000130 seconds
14.774: Application time: 0.0000120 seconds
14.774: Total time for which application threads were stopped: 0.0000100 seconds, Stopping threads took: 0.0000050 seconds
14.774: Application time: 0.0000130 seconds
14.774: Total time for which application threads were stopped: 0.0000100 seconds, Stopping threads took: 0.0000060 seconds
14.774: Application time: 0.0000120 seconds
14.774: Total time for which application threads were stopped: 0.0000090 seconds, Stopping threads took: 0.0000060 seconds
14.774: Application time: 0.0000950 seconds
14.774: Total time for which application threads were stopped: 0.0000180 seconds, Stopping threads took: 0.0000060 seconds
14.775: Application time: 0.0002340 seconds
14.775: Total time for which application threads were stopped: 0.0000140 seconds, Stopping threads took: 0.0000060 seconds
14.777: Application time: 0.0019570 seconds
14.777: Total time for which application threads were stopped: 0.0000170 seconds, Stopping threads took: 0.0000130 seconds
14.777: Application time: 0.0003710 seconds
14.777: Total time for which application threads were stopped: 0.0000060 seconds, Stopping threads took: 0.0000030 seconds
14.889: Application time: 0.1118700 seconds
14.889: [GC [PSYoungGen: 31744K->5104K(36864K)] 34889K->9555K(119808K), 0.0033300 secs] [Times: user=0.01 sys=0.00, real=0.00 secs] 
14.892: Total time for which application threads were stopped: 0.0034140 seconds, Stopping threads took: 0.0000100 seconds
14.892: Application time: 0.0000760 seconds
14.892: Total time for which application threads were stopped: 0.0000850 seconds, Stopping threads took: 0.0000730 seconds
14.893: Application time: 0.0000240 seconds
14.893: Total time for which application threads were stopped: 0.0000130 seconds, Stopping threads took: 0.0000070 seconds
14.893: Application time: 0.0000300 seconds
14.893: Total time for which application threads were stopped: 0.0000140 seconds, Stopping threads took: 0.0000050 seconds
14.893: Application time: 0.0000160 seconds
14.893: Total time for which application threads were stopped: 0.0000150 seconds, Stopping threads took: 0.0000100 seconds
14.893: Application time: 0.0000270 seconds
14.893: Total time for which application threads were stopped: 0.0000160 seconds, Stopping threads took: 0.0000110 seconds
14.893: Application time: 0.0000110 seconds
14.893: Total time for which application threads were stopped: 0.0000160 seconds, Stopping threads took: 0.0000120 seconds
14.893: Application time: 0.0000110 seconds
14.893: Total time for which application threads were stopped: 0.0000180 seconds, Stopping threads took: 0.0000110 seconds
14.893: Application time: 0.0000110 seconds
14.893: Total time for which application threads were stopped: 0.0000150 seconds, Stopping threads took: 0.0000100 seconds
14.893: Application time: 0.0000100 seconds
14.893: Total time for which application threads were stopped: 0.0000150 seconds, Stopping threads took: 0.0000100 seconds
14.893: Application time: 0.0000100 seconds
14.893: Total time for which application threads were stopped: 0.0000130 seconds, Stopping threads took: 0.0000080 seconds
14.893: Application time: 0.0000110 seconds
14.893: Total time for which application threads were stopped: 0.0000160 seconds, Stopping threads took: 0.0000090 seconds
14.893: Application time: 0.0000120 seconds
14.893: Total time for which application threads were stopped: 0.0000150 seconds, Stopping threads took: 0.0000110 seconds
14.893: Application time: 0.0000110 seconds
14.893: Total time for which application threads were stopped: 0.0000200 seconds, Stopping threads took: 0.0000110 seconds
14.893: Application time: 0.0000120 seconds
14.893: Total time for which application threads were stopped: 0.0000160 seconds, Stopping threads took: 0.0000100 seconds
14.893: Application time: 0.0000110 seconds
14.893: Total time for which application threads were stopped: 0.0000140 seconds, Stopping threads took: 0.0000100 seconds
14.893: Application time: 0.0000100 seconds
14.893: Total time for which application threads were stopped: 0.0000160 seconds, Stopping threads took: 0.0000100 seconds
14.893: Application time: 0.0000110 seconds
14.893: Total time for which application threads were stopped: 0.0000080 seconds, Stopping threads took: 0.0000050 seconds
14.893: Application time: 0.0000120 seconds
14.893: Total time for which application threads were stopped: 0.0000160 seconds, Stopping threads took: 0.0000120 seconds
14.893: Application time: 0.0000100 seconds
14.893: Total time for which application threads were stopped: 0.0000150 seconds, Stopping threads took: 0.0000110 seconds
14.893: Application time: 0.0000110 seconds
14.893: Total time for which application threads were stopped: 0.0000150 seconds, Stopping threads took: 0.0000110 seconds
14.893: Application time: 0.0000280 seconds
14.893: Total time for which application threads were stopped: 0.0000220 seconds, Stopping threads took: 0.0000180 seconds
14.893: Application time: 0.0000110 seconds
14.893: Total time for which application threads were stopped: 0.0000080 seconds, Stopping threads took: 0.0000030 seconds
14.893: Application time: 0.0000110 seconds
14.893: Total time for which application threads were stopped: 0.0000220 seconds, Stopping threads took: 0.0000170 seconds
14.893: Application time: 0.0000330 seconds
14.893: Total time for which application threads were stopped: 0.0000150 seconds, Stopping threads took: 0.0000100 seconds
14.893: Application time: 0.0000260 seconds
14.893: Total time for which application threads were stopped: 0.0000220 seconds, Stopping threads took: 0.0000170 seconds
14.893: Application time: 0.0000100 seconds
14.893: Total time for which application threads were stopped: 0.0000190 seconds, Stopping threads took: 0.0000090 seconds
14.893: Application time: 0.0000110 seconds
14.893: Total time for which application threads were stopped: 0.0000180 seconds, Stopping threads took: 0.0000100 seconds
14.893: Application time: 0.0000120 seconds
14.893: Total time for which application threads were stopped: 0.0000180 seconds, Stopping threads took: 0.0000110 seconds
14.893: Application time: 0.0000140 seconds
14.893: Total time for which application threads were stopped: 0.0000170 seconds, Stopping threads took: 0.0000110 seconds
14.893: Application time: 0.0000130 seconds
14.893: Total time for which application threads were stopped: 0.0000170 seconds, Stopping threads took: 0.0000110 seconds
14.893: Application time: 0.0000140 seconds
14.893: Total time for which application threads were stopped: 0.0000160 seconds, Stopping threads took: 0.0000100 seconds
14.893: Application time: 0.0000130 seconds
14.893: Total time for which application threads were stopped: 0.0000170 seconds, Stopping threads took: 0.0000110 seconds
14.893: Application time: 0.0000130 seconds
14.894: Total time for which application threads were stopped: 0.0000200 seconds, Stopping threads took: 0.0000130 seconds
14.894: Application time: 0.0000130 seconds
14.894: Total time for which application threads were stopped: 0.0000160 seconds, Stopping threads took: 0.0000100 seconds
14.894: Application time: 0.0000170 seconds
14.894: Total time for which application threads were stopped: 0.0000170 seconds, Stopping threads took: 0.0000110 seconds
14.894: Application time: 0.0000130 seconds
14.894: Total time for which application threads were stopped: 0.0000180 seconds, Stopping threads took: 0.0000110 seconds
14.894: Application time: 0.0000160 seconds
14.894: Total time for which application threads were stopped: 0.0000190 seconds, Stopping threads took: 0.0000130 seconds
14.894: Application time: 0.0000130 seconds
14.894: Total time for which application threads were stopped: 0.0000170 seconds, Stopping threads took: 0.0000090 seconds
14.894: Application time: 0.0000120 seconds
14.894: Total time for which application threads were stopped: 0.0000190 seconds, Stopping threads took: 0.0000090 seconds
15.003: Application time: 0.1089300 seconds
15.003: [GC [PSYoungGen: 36848K->5117K(68608K)] 41299K->10806K(151552K), 0.0046770 secs] [Times: user=0.02 sys=0.00, real=0.00 secs] 
15.007: Total time for which application threads were stopped: 0.0047610 seconds, Stopping threads took: 0.0000140 seconds
15.007: Application time: 0.0000660 seconds
15.008: Total time for which application threads were stopped: 0.0000350 seconds, Stopping threads took: 0.0000180 seconds
15.008: Application time: 0.0000160 seconds
15.008: Total time for which application threads were stopped: 0.0000240 seconds, Stopping threads took: 0.0000160 seconds
15.008: Application time: 0.0000110 seconds
15.008: Total time for which application threads were stopped: 0.0000180 seconds, Stopping threads took: 0.0000110 seconds
15.008: Application time: 0.0000130 seconds
15.008: Total time for which application threads were stopped: 0.0000310 seconds, Stopping threads took: 0.0000230 seconds
15.008: Application time: 0.0000130 seconds
15.008: Total time for which application threads were stopped: 0.0000130 seconds, Stopping threads took: 0.0000070 seconds
15.008: Application time: 0.0000220 seconds
15.008: Total time for which application threads were stopped: 0.0000220 seconds, Stopping threads took: 0.0000150 seconds
15.008: Application time: 0.0000120 seconds
15.008: Total time for which application threads were stopped: 0.0000140 seconds, Stopping threads took: 0.0000080 seconds
15.008: Application time: 0.0000130 seconds
15.008: Total time for which application threads were stopped: 0.0000200 seconds, Stopping threads took: 0.0000130 seconds
15.008: Application time: 0.0000160 seconds
15.008: Total time for which application threads were stopped: 0.0000230 seconds, Stopping threads took: 0.0000170 seconds
15.008: Application time: 0.0000130 seconds
15.008: Total time for which application threads were stopped: 0.0000210 seconds, Stopping threads took: 0.0000140 seconds
15.008: Application time: 0.0000130 seconds
15.008: Total time for which application threads were stopped: 0.0000160 seconds, Stopping threads took: 0.0000090 seconds
15.008: Application time: 0.0000190 seconds
15.008: Total time for which application threads were stopped: 0.0000170 seconds, Stopping threads took: 0.0000100 seconds
15.008: Application time: 0.0000130 seconds
15.008: Total time for which application threads were stopped: 0.0000180 seconds, Stopping threads took: 0.0000110 seconds
15.008: Application time: 0.0000130 seconds
15.008: Total time for which application threads were stopped: 0.0000180 seconds, Stopping threads took: 0.0000100 seconds
15.008: Application time: 0.0000130 seconds
15.008: Total time for which application threads were stopped: 0.0000180 seconds, Stopping threads took: 0.0000110 seconds
15.008: Application time: 0.0000120 seconds
15.008: Total time for which application threads were stopped: 0.0000120 seconds, Stopping threads took: 0.0000060 seconds
15.008: Application time: 0.0000170 seconds
15.008: Total time for which application threads were stopped: 0.0000340 seconds, Stopping threads took: 0.0000110 seconds
15.008: Application time: 0.0000140 seconds
15.008: Total time for which application threads were stopped: 0.0000330 seconds, Stopping threads took: 0.0000260 seconds
15.008: Application time: 0.0000110 seconds
15.008: Total time for which application threads were stopped: 0.0000280 seconds, Stopping threads took: 0.0000150 seconds
15.008: Application time: 0.0000130 seconds
15.008: Total time for which application threads were stopped: 0.0000300 seconds, Stopping threads took: 0.0000060 seconds
15.184: Application time: 0.1757510 seconds
15.184: Total time for which application threads were stopped: 0.0000620 seconds, Stopping threads took: 0.0000100 seconds
15.567: Application time: 0.3833890 seconds
15.568: [GC [PSYoungGen: 68605K->5112K(68608K)] 74294K->26330K(151552K), 0.0106970 secs] [Times: user=0.07 sys=0.00, real=0.02 secs] 
15.578: Total time for which application threads were stopped: 0.0108610 seconds, Stopping threads took: 0.0000140 seconds
15.963: Application time: 0.3843390 seconds
15.963: [GC [PSYoungGen: 68600K->5106K(132096K)] 89818K->47811K(215040K), 0.0112710 secs] [Times: user=0.07 sys=0.02, real=0.01 secs] 
15.974: Total time for which application threads were stopped: 0.0114240 seconds, Stopping threads took: 0.0000200 seconds
16.190: Application time: 0.2159080 seconds
16.190: Total time for which application threads were stopped: 0.0001170 seconds, Stopping threads took: 0.0000480 seconds
16.584: Application time: 0.3940820 seconds
16.584: Total time for which application threads were stopped: 0.0001240 seconds, Stopping threads took: 0.0000470 seconds
17.080: Application time: 0.4956430 seconds
17.080: Total time for which application threads were stopped: 0.0001270 seconds, Stopping threads took: 0.0000200 seconds
17.489: Application time: 0.4085740 seconds
17.489: Total time for which application threads were stopped: 0.0001480 seconds, Stopping threads took: 0.0000270 seconds
17.496: Application time: 0.0073840 seconds
17.496: Total time for which application threads were stopped: 0.0000640 seconds, Stopping threads took: 0.0000450 seconds
17.535: Application time: 0.0386870 seconds
17.535: [GC [PSYoungGen: 132082K->5117K(132096K)] 174787K->71812K(215040K), 0.0149020 secs] [Times: user=0.10 sys=0.01, real=0.02 secs] 
17.550: [Full GC [PSYoungGen: 5117K->0K(132096K)] [ParOldGen: 66695K->46546K(120832K)] 71812K->46546K(252928K) [PSPermGen: 8565K->8556K(21504K)], 0.0587020 secs] [Times: user=0.34 sys=0.01, real=0.06 secs] 
17.609: Total time for which application threads were stopped: 0.0738590 seconds, Stopping threads took: 0.0001150 seconds
17.610: Application time: 0.0014950 seconds
17.610: Total time for which application threads were stopped: 0.0000640 seconds, Stopping threads took: 0.0000360 seconds
17.610: Application time: 0.0000190 seconds
17.610: Total time for which application threads were stopped: 0.0000300 seconds, Stopping threads took: 0.0000220 seconds
17.610: Application time: 0.0000140 seconds
17.610: Total time for which application threads were stopped: 0.0000280 seconds, Stopping threads took: 0.0000220 seconds
17.610: Application time: 0.0000130 seconds
17.610: Total time for which application threads were stopped: 0.0000250 seconds, Stopping threads took: 0.0000200 seconds
17.610: Application time: 0.0000120 seconds
17.611: Total time for which application threads were stopped: 0.0000240 seconds, Stopping threads took: 0.0000190 seconds
17.611: Application time: 0.0000150 seconds
17.611: Total time for which application threads were stopped: 0.0000320 seconds, Stopping threads took: 0.0000260 seconds
17.611: Application time: 0.0000120 seconds
17.611: Total time for which application threads were stopped: 0.0000270 seconds, Stopping threads took: 0.0000220 seconds
17.611: Application time: 0.0000130 seconds
17.611: Total time for which application threads were stopped: 0.0000230 seconds, Stopping threads took: 0.0000180 seconds
17.611: Application time: 0.0000100 seconds
17.611: Total time for which application threads were stopped: 0.0000250 seconds, Stopping threads took: 0.0000190 seconds
17.611: Application time: 0.0000130 seconds
17.611: Total time for which application threads were stopped: 0.0000270 seconds, Stopping threads took: 0.0000210 seconds
17.611: Application time: 0.0000120 seconds
17.611: Total time for which application threads were stopped: 0.0000260 seconds, Stopping threads took: 0.0000190 seconds
17.611: Application time: 0.0000100 seconds
17.611: Total time for which application threads were stopped: 0.0000220 seconds, Stopping threads took: 0.0000160 seconds
17.751: Application time: 0.1405210 seconds
17.751: [GC [PSYoungGen: 126775K->35826K(249856K)] 173322K->90981K(370688K), 0.0243660 secs] [Times: user=0.18 sys=0.00, real=0.02 secs] 
17.776: Total time for which application threads were stopped: 0.0245390 seconds, Stopping threads took: 0.0000610 seconds
18.151: Application time: 0.3752660 seconds
18.151: [GC [PSYoungGen: 249842K->46560K(279040K)] 304997K->168879K(403456K), 0.0746770 secs] [Times: user=0.56 sys=0.03, real=0.07 secs] 
18.226: [Full GC [PSYoungGen: 46560K->36382K(279040K)] [ParOldGen: 122319K->123926K(249344K)] 168879K->160309K(528384K) [PSPermGen: 8629K->8628K(21504K)], 0.2471920 secs] [Times: user=1.86 sys=0.01, real=0.25 secs] 
18.473: Total time for which application threads were stopped: 0.3222280 seconds, Stopping threads took: 0.0000870 seconds
19.356: Application time: 0.8830190 seconds
19.357: [GC [PSYoungGen: 268830K->56496K(358400K)] 392757K->180422K(607744K), 0.0400580 secs] [Times: user=0.30 sys=0.02, real=0.04 secs] 
19.397: Total time for which application threads were stopped: 0.0403700 seconds, Stopping threads took: 0.0001080 seconds
20.229: Application time: 0.8325400 seconds
20.230: [GC [PSYoungGen: 358064K->82944K(433664K)] 481990K->206871K(683008K), 0.0626780 secs] [Times: user=0.47 sys=0.02, real=0.06 secs] 
20.292: Total time for which application threads were stopped: 0.0630590 seconds, Stopping threads took: 0.0001320 seconds
20.663: Application time: 0.3704710 seconds
20.663: [GC [PSYoungGen: 429056K->101362K(417792K)] 552983K->285435K(667136K), 0.1175420 secs] [Times: user=0.92 sys=0.02, real=0.12 secs] 
20.781: Total time for which application threads were stopped: 0.1177910 seconds, Stopping threads took: 0.0000730 seconds
21.442: Application time: 0.6615380 seconds
21.442: Total time for which application threads were stopped: 0.0001680 seconds, Stopping threads took: 0.0000690 seconds
21.457: Application time: 0.0147990 seconds
21.457: [GC [PSYoungGen: 417778K->130672K(457728K)] 601851K->315815K(707072K), 0.0887220 secs] [Times: user=0.68 sys=0.01, real=0.08 secs] 
21.546: Total time for which application threads were stopped: 0.0890530 seconds, Stopping threads took: 0.0001190 seconds
22.095: Application time: 0.5492980 seconds
22.096: [GC [PSYoungGen: 447088K->135288K(467456K)] 632231K->320431K(716800K), 0.0826560 secs] [Times: user=0.65 sys=0.01, real=0.09 secs] 
22.178: Total time for which application threads were stopped: 0.0829410 seconds, Stopping threads took: 0.0000670 seconds
22.362: Application time: 0.1831350 seconds
22.362: [GC [PSYoungGen: 439928K->177554K(482304K)] 625071K->362697K(731648K), 0.1039730 secs] [Times: user=0.82 sys=0.00, real=0.10 secs] 
22.466: Total time for which application threads were stopped: 0.1041960 seconds, Stopping threads took: 0.0001140 seconds
22.862: Application time: 0.3967130 seconds
22.863: [GC [PSYoungGen: 482194K->162593K(407552K)] 667337K->375824K(656896K), 0.1218410 secs] [Times: user=0.97 sys=0.01, real=0.12 secs] 
22.985: [Full GC [PSYoungGen: 162593K->0K(407552K)] [ParOldGen: 213231K->145819K(297984K)] 375824K->145819K(705536K) [PSPermGen: 8982K->8979K(21504K)], 0.1951630 secs] [Times: user=1.48 sys=0.01, real=0.20 secs] 
23.181: Total time for which application threads were stopped: 0.3181500 seconds, Stopping threads took: 0.0008710 seconds
23.332: Application time: 0.1518580 seconds
23.335: [GC [PSYoungGen: 222720K->19930K(444928K)] 368539K->165749K(742912K), 0.0170860 secs] [Times: user=0.13 sys=0.00, real=0.02 secs] 
23.352: Total time for which application threads were stopped: 0.0197350 seconds, Stopping threads took: 0.0025550 seconds
23.457: Application time: 0.1050340 seconds
23.460: [GC [PSYoungGen: 242650K->72011K(425472K)] 388469K->217831K(723456K), 0.0422230 secs] [Times: user=0.33 sys=0.00, real=0.04 secs] 
23.502: Total time for which application threads were stopped: 0.0451860 seconds, Stopping threads took: 0.0028640 seconds
23.602: Application time: 0.1000340 seconds
23.603: [GC [PSYoungGen: 294731K->133840K(435200K)] 440551K->279660K(733184K), 0.0653510 secs] [Times: user=0.51 sys=0.00, real=0.06 secs] 
23.668: Total time for which application threads were stopped: 0.0655420 seconds, Stopping threads took: 0.0001040 seconds
23.814: Application time: 0.1463010 seconds
23.815: [GC [PSYoungGen: 356560K->75344K(437760K)] 502380K->271390K(735744K), 0.0612700 secs] [Times: user=0.48 sys=0.00, real=0.06 secs] 
23.876: Total time for which application threads were stopped: 0.0615610 seconds, Stopping threads took: 0.0002000 seconds
24.028: Application time: 0.1519170 seconds
24.028: [GC [PSYoungGen: 309840K->25360K(442368K)] 505886K->281728K(740352K), 0.0423580 secs] [Times: user=0.31 sys=0.02, real=0.05 secs] 
24.070: [Full GC [PSYoungGen: 25360K->0K(442368K)] [ParOldGen: 256368K->126559K(317952K)] 281728K->126559K(760320K) [PSPermGen: 9005K->9005K(21504K)], 0.1529320 secs] [Times: user=1.15 sys=0.00, real=0.15 secs] 
24.223: Total time for which application threads were stopped: 0.1956310 seconds, Stopping threads took: 0.0001180 seconds
24.358: Application time: 0.1341920 seconds
24.360: [GC [PSYoungGen: 234496K->46342K(442368K)] 361055K->172901K(760320K), 0.0323950 secs] [Times: user=0.26 sys=0.00, real=0.03 secs] 
24.393: Total time for which application threads were stopped: 0.0350470 seconds, Stopping threads took: 0.0024930 seconds
24.507: Application time: 0.1139390 seconds
24.507: [GC [PSYoungGen: 300806K->70048K(451584K)] 427365K->239959K(769536K), 0.0574060 secs] [Times: user=0.45 sys=0.00, real=0.06 secs] 
24.564: Total time for which application threads were stopped: 0.0576140 seconds, Stopping threads took: 0.0001150 seconds
24.732: Application time: 0.1678720 seconds
24.732: [GC [PSYoungGen: 324512K->37088K(462336K)] 494423K->261365K(780288K), 0.0592380 secs] [Times: user=0.46 sys=0.00, real=0.06 secs] 
24.792: Total time for which application threads were stopped: 0.0594590 seconds, Stopping threads took: 0.0000880 seconds
24.966: Application time: 0.1746660 seconds
24.966: [GC [PSYoungGen: 321760K->38912K(464896K)] 546037K->292974K(782848K), 0.0405110 secs] [Times: user=0.32 sys=0.00, real=0.04 secs] 
25.007: [Full GC [PSYoungGen: 38912K->0K(464896K)] [ParOldGen: 254062K->115773K(329728K)] 292974K->115773K(794624K) [PSPermGen: 9015K->9014K(21504K)], 0.1270970 secs] [Times: user=0.95 sys=0.00, real=0.13 secs] 
25.134: Total time for which application threads were stopped: 0.1678500 seconds, Stopping threads took: 0.0000340 seconds
25.282: Application time: 0.1481920 seconds
25.282: [GC [PSYoungGen: 284672K->72517K(472576K)] 400445K->188291K(802304K), 0.0380800 secs] [Times: user=0.30 sys=0.00, real=0.04 secs] 
25.321: Total time for which application threads were stopped: 0.0383010 seconds, Stopping threads took: 0.0000980 seconds
25.495: Application time: 0.1747010 seconds
25.496: [GC [PSYoungGen: 384837K->49586K(478208K)] 500611K->223562K(807936K), 0.0561780 secs] [Times: user=0.44 sys=0.00, real=0.06 secs] 
25.552: Total time for which application threads were stopped: 0.0564420 seconds, Stopping threads took: 0.0000980 seconds
25.742: Application time: 0.1905920 seconds
25.743: [GC [PSYoungGen: 361906K->41302K(491008K)] 535882K->253279K(820736K), 0.0432500 secs] [Times: user=0.34 sys=0.00, real=0.04 secs] 
25.786: Total time for which application threads were stopped: 0.0434880 seconds, Stopping threads took: 0.0000960 seconds
25.960: Application time: 0.1742700 seconds
25.960: [GC [PSYoungGen: 383318K->80464K(495616K)] 595295K->329147K(825344K), 0.0591670 secs] [Times: user=0.46 sys=0.00, real=0.06 secs] 
26.020: [Full GC [PSYoungGen: 80464K->0K(495616K)] [ParOldGen: 248683K->150936K(388096K)] 329147K->150936K(883712K) [PSPermGen: 9017K->9017K(21504K)], 0.1806480 secs] [Times: user=1.37 sys=0.00, real=0.18 secs] 
26.200: Total time for which application threads were stopped: 0.2401390 seconds, Stopping threads took: 0.0000630 seconds
26.396: Application time: 0.1958510 seconds
26.396: [GC [PSYoungGen: 342016K->53088K(498176K)] 492952K->204025K(886272K), 0.0346700 secs] [Times: user=0.27 sys=0.00, real=0.03 secs] 
26.431: Total time for which application threads were stopped: 0.0348700 seconds, Stopping threads took: 0.0001000 seconds
26.622: Application time: 0.1906110 seconds
26.622: [GC [PSYoungGen: 415584K->63685K(506880K)] 566521K->256480K(894976K), 0.0574590 secs] [Times: user=0.45 sys=0.00, real=0.06 secs] 
26.679: Total time for which application threads were stopped: 0.0576800 seconds, Stopping threads took: 0.0001120 seconds
26.875: Application time: 0.1953090 seconds
26.875: [GC [PSYoungGen: 426181K->61840K(507392K)] 618976K->299001K(895488K), 0.0571950 secs] [Times: user=0.45 sys=0.00, real=0.06 secs] 
26.932: Total time for which application threads were stopped: 0.0574690 seconds, Stopping threads took: 0.0001090 seconds
27.113: Application time: 0.1810640 seconds
27.113: [GC [PSYoungGen: 447888K->58296K(515584K)] 685049K->340506K(903680K), 0.0506960 secs] [Times: user=0.40 sys=0.00, real=0.05 secs] 
27.164: Total time for which application threads were stopped: 0.0508810 seconds, Stopping threads took: 0.0000920 seconds
27.346: Application time: 0.1824400 seconds
27.347: [GC [PSYoungGen: 444344K->66624K(525824K)] 726554K->390344K(913920K), 0.0513590 secs] [Times: user=0.39 sys=0.01, real=0.06 secs] 
27.398: [Full GC [PSYoungGen: 66624K->0K(525824K)] [ParOldGen: 323720K->141258K(395776K)] 390344K->141258K(921600K) [PSPermGen: 9024K->9024K(21504K)], 0.1690240 secs] [Times: user=1.27 sys=0.01, real=0.16 secs] 
27.567: Total time for which application threads were stopped: 0.2206130 seconds, Stopping threads took: 0.0000670 seconds
27.752: Application time: 0.1848850 seconds
27.752: [GC [PSYoungGen: 413696K->71520K(532992K)] 554954K->212779K(928768K), 0.0427410 secs] [Times: user=0.33 sys=0.00, real=0.04 secs] 
27.795: Total time for which application threads were stopped: 0.0429420 seconds, Stopping threads took: 0.0001000 seconds
27.976: Application time: 0.1816040 seconds
27.977: [GC [PSYoungGen: 485216K->77258K(544256K)] 626475K->271079K(940032K), 0.0669220 secs] [Times: user=0.53 sys=0.00, real=0.06 secs] 
28.044: Total time for which application threads were stopped: 0.0671270 seconds, Stopping threads took: 0.0001040 seconds
28.234: Application time: 0.1901270 seconds
28.234: [GC [PSYoungGen: 508362K->66608K(547328K)] 702183K->309012K(943104K), 0.0571900 secs] [Times: user=0.45 sys=0.00, real=0.06 secs] 
28.291: Total time for which application threads were stopped: 0.0573680 seconds, Stopping threads took: 0.0000890 seconds
28.484: Application time: 0.1924450 seconds
28.484: [GC [PSYoungGen: 497712K->81328K(547840K)] 740116K->367272K(943616K), 0.0623240 secs] [Times: user=0.49 sys=0.00, real=0.06 secs] 
28.546: Total time for which application threads were stopped: 0.0625110 seconds, Stopping threads took: 0.0000850 seconds
28.756: Application time: 0.2102250 seconds
28.756: [GC [PSYoungGen: 517552K->57760K(549376K)] 803496K->395176K(945152K), 0.0555250 secs] [Times: user=0.43 sys=0.00, real=0.05 secs] 
28.812: [Full GC [PSYoungGen: 57760K->0K(549376K)] [ParOldGen: 337415K->135255K(413184K)] 395176K->135255K(962560K) [PSPermGen: 9034K->9034K(21504K)], 0.1621770 secs] [Times: user=1.21 sys=0.01, real=0.16 secs] 
28.974: Total time for which application threads were stopped: 0.2179490 seconds, Stopping threads took: 0.0001040 seconds
29.151: Application time: 0.1765350 seconds
29.151: [GC [PSYoungGen: 436224K->94444K(544768K)] 571479K->229700K(957952K), 0.0504390 secs] [Times: user=0.40 sys=0.00, real=0.05 secs] 
29.201: Total time for which application threads were stopped: 0.0506710 seconds, Stopping threads took: 0.0001340 seconds
29.401: Application time: 0.1993300 seconds
29.401: [GC [PSYoungGen: 529132K->53781K(550912K)] 664388K->250836K(964096K), 0.0587520 secs] [Times: user=0.46 sys=0.01, real=0.06 secs] 
29.460: Total time for which application threads were stopped: 0.0589290 seconds, Stopping threads took: 0.0000790 seconds
29.635: Application time: 0.1753510 seconds
29.635: [GC [PSYoungGen: 488469K->87698K(547840K)] 685524K->326141K(961024K), 0.0648560 secs] [Times: user=0.51 sys=0.00, real=0.07 secs] 
29.700: Total time for which application threads were stopped: 0.0650560 seconds, Stopping threads took: 0.0001090 seconds
29.906: Application time: 0.2063310 seconds
29.908: [GC [PSYoungGen: 521226K->52167K(550400K)] 759669K->343907K(963584K), 0.0551340 secs] [Times: user=0.43 sys=0.00, real=0.05 secs] 
29.963: Total time for which application threads were stopped: 0.0568530 seconds, Stopping threads took: 0.0016190 seconds
30.136: Application time: 0.1729050 seconds
30.136: [GC [PSYoungGen: 485831K->84347K(548864K)] 777571K->416073K(962048K), 0.0622730 secs] [Times: user=0.49 sys=0.00, real=0.06 secs] 
30.199: [Full GC [PSYoungGen: 84347K->0K(548864K)] [ParOldGen: 331725K->127732K(419840K)] 416073K->127732K(968704K) [PSPermGen: 9050K->9050K(21504K)], 0.1372170 secs] [Times: user=1.02 sys=0.00, real=0.13 secs] 
30.336: Total time for which application threads were stopped: 0.1998620 seconds, Stopping threads took: 0.0001170 seconds
30.537: Application time: 0.2004890 seconds
30.540: [GC [PSYoungGen: 433664K->76640K(510464K)] 561396K->204372K(930304K), 0.0472080 secs] [Times: user=0.37 sys=0.00, real=0.04 secs] 
30.587: Total time for which application threads were stopped: 0.0508170 seconds, Stopping threads took: 0.0035130 seconds
30.770: Application time: 0.1829810 seconds
30.771: [GC [PSYoungGen: 510271K->69449K(554496K)] 638003K->255899K(974336K), 0.0679600 secs] [Times: user=0.53 sys=0.00, real=0.07 secs] 
30.839: Total time for which application threads were stopped: 0.0681670 seconds, Stopping threads took: 0.0001180 seconds
31.028: Application time: 0.1896150 seconds
31.032: [GC [PSYoungGen: 509257K->67904K(507904K)] 695707K->297574K(927744K), 0.0550870 secs] [Times: user=0.44 sys=0.00, real=0.05 secs] 
31.087: Total time for which application threads were stopped: 0.0591060 seconds, Stopping threads took: 0.0039350 seconds
31.285: Application time: 0.1981260 seconds
31.286: [GC [PSYoungGen: 507712K->63929K(551424K)] 737382K->328827K(971264K), 0.0482730 secs] [Times: user=0.39 sys=0.00, real=0.05 secs] 
31.334: Total time for which application threads were stopped: 0.0484600 seconds, Stopping threads took: 0.0000970 seconds
31.522: Application time: 0.1877650 seconds
31.524: [GC [PSYoungGen: 508857K->71875K(548864K)] 773755K->380326K(968704K), 0.0580390 secs] [Times: user=0.45 sys=0.00, real=0.06 secs] 
31.582: Total time for which application threads were stopped: 0.0606060 seconds, Stopping threads took: 0.0024760 seconds
31.779: Application time: 0.1962540 seconds
31.779: [GC [PSYoungGen: 516803K->63363K(560128K)] 825254K->408538K(979968K), 0.0494190 secs] [Times: user=0.39 sys=0.01, real=0.05 secs] 
31.828: Total time for which application threads were stopped: 0.0496080 seconds, Stopping threads took: 0.0000880 seconds
32.021: Application time: 0.1929450 seconds
32.021: [GC [PSYoungGen: 522115K->75152K(558080K)] 867290K->460717K(977920K), 0.0540610 secs] [Times: user=0.41 sys=0.02, real=0.05 secs] 
32.075: [Full GC [PSYoungGen: 75152K->0K(558080K)] [ParOldGen: 385564K->137725K(435712K)] 460717K->137725K(993792K) [PSPermGen: 9060K->9060K(21504K)], 0.1666090 secs] [Times: user=1.26 sys=0.00, real=0.17 secs] 
32.242: Total time for which application threads were stopped: 0.2209030 seconds, Stopping threads took: 0.0000800 seconds
32.445: Application time: 0.2028140 seconds
32.445: [GC [PSYoungGen: 458752K->73929K(566272K)] 596477K->211655K(1001984K), 0.0438590 secs] [Times: user=0.34 sys=0.00, real=0.05 secs] 
32.489: Total time for which application threads were stopped: 0.0440670 seconds, Stopping threads took: 0.0001230 seconds
32.686: Application time: 0.1966530 seconds
32.686: [GC [PSYoungGen: 541897K->77242K(565248K)] 679623K->265358K(1000960K), 0.0644520 secs] [Times: user=0.51 sys=0.00, real=0.07 secs] 
32.750: Total time for which application threads were stopped: 0.0646280 seconds, Stopping threads took: 0.0000690 seconds
32.957: Application time: 0.2066210 seconds
32.960: [GC [PSYoungGen: 545210K->63164K(567808K)] 733326K->285884K(1003520K), 0.0469400 secs] [Times: user=0.37 sys=0.00, real=0.04 secs] 
33.007: Total time for which application threads were stopped: 0.0503840 seconds, Stopping threads took: 0.0033570 seconds
33.207: Application time: 0.1995570 seconds
33.208: [GC [PSYoungGen: 535740K->73584K(568320K)] 758460K->331823K(1004032K), 0.0536390 secs] [Times: user=0.43 sys=0.00, real=0.05 secs] 
33.262: Total time for which application threads were stopped: 0.0551620 seconds, Stopping threads took: 0.0014270 seconds
33.470: Application time: 0.2079770 seconds
33.472: [GC [PSYoungGen: 546160K->63390K(569856K)] 804399K->351105K(1005568K), 0.0458450 secs] [Times: user=0.36 sys=0.00, real=0.05 secs] 
33.518: Total time for which application threads were stopped: 0.0482320 seconds, Stopping threads took: 0.0023000 seconds
33.728: Application time: 0.2102380 seconds
33.728: [GC [PSYoungGen: 540062K->73546K(570368K)] 827777K->396150K(1006080K), 0.0529590 secs] [Times: user=0.41 sys=0.00, real=0.05 secs] 
33.781: Total time for which application threads were stopped: 0.0531620 seconds, Stopping threads took: 0.0001000 seconds
33.993: Application time: 0.2111800 seconds
33.993: [GC [PSYoungGen: 550218K->65265K(570880K)] 872822K->420655K(1006592K), 0.0483220 secs] [Times: user=0.38 sys=0.00, real=0.05 secs] 
34.041: Total time for which application threads were stopped: 0.0485040 seconds, Stopping threads took: 0.0000970 seconds
34.245: Application time: 0.2036230 seconds
34.245: [GC [PSYoungGen: 546033K->71320K(571904K)] 901423K->462192K(1007616K), 0.0509340 secs] [Times: user=0.40 sys=0.00, real=0.05 secs] 
34.296: [Full GC [PSYoungGen: 71320K->0K(571904K)] [ParOldGen: 390871K->131973K(432640K)] 462192K->131973K(1004544K) [PSPermGen: 9069K->9069K(21504K)], 0.1786640 secs] [Times: user=1.31 sys=0.00, real=0.17 secs] 
34.475: Total time for which application threads were stopped: 0.2300020 seconds, Stopping threads took: 0.0002390 seconds
34.690: Application time: 0.2154670 seconds
34.690: [GC [PSYoungGen: 480768K->76501K(574976K)] 612741K->208475K(1007616K), 0.0438080 secs] [Times: user=0.34 sys=0.00, real=0.04 secs] 
34.734: Total time for which application threads were stopped: 0.0439770 seconds, Stopping threads took: 0.0000820 seconds
34.946: Application time: 0.2121320 seconds
34.947: [GC [PSYoungGen: 561877K->73655K(575488K)] 693851K->251271K(1008128K), 0.0611120 secs] [Times: user=0.48 sys=0.00, real=0.06 secs] 
35.008: Total time for which application threads were stopped: 0.0613220 seconds, Stopping threads took: 0.0001100 seconds
35.215: Application time: 0.2071540 seconds
35.215: [GC [PSYoungGen: 559031K->69714K(573952K)] 736647K->284644K(1006592K), 0.0502930 secs] [Times: user=0.40 sys=0.00, real=0.05 secs] 
35.265: Total time for which application threads were stopped: 0.0504710 seconds, Stopping threads took: 0.0000910 seconds
35.473: Application time: 0.2077630 seconds
35.473: [GC [PSYoungGen: 557138K->71616K(575488K)] 772068K->318131K(1008128K), 0.0506330 secs] [Times: user=0.39 sys=0.00, real=0.05 secs] 
35.524: Total time for which application threads were stopped: 0.0508310 seconds, Stopping threads took: 0.0000960 seconds
35.736: Application time: 0.2118730 seconds
35.736: [GC [PSYoungGen: 559040K->75024K(579072K)] 805555K->359196K(1011712K), 0.0545910 secs] [Times: user=0.43 sys=0.00, real=0.06 secs] 
35.791: Total time for which application threads were stopped: 0.0547600 seconds, Stopping threads took: 0.0000810 seconds
36.001: Application time: 0.2106450 seconds
36.001: [GC [PSYoungGen: 567568K->76265K(579072K)] 851740K->400086K(1011712K), 0.0569720 secs] [Times: user=0.45 sys=0.00, real=0.06 secs] 
36.058: Total time for which application threads were stopped: 0.0571570 seconds, Stopping threads took: 0.0000840 seconds
36.271: Application time: 0.2129420 seconds
36.271: [GC [PSYoungGen: 568809K->73400K(579072K)] 892630K->437389K(1011712K), 0.0570300 secs] [Times: user=0.45 sys=0.00, real=0.06 secs] 
36.329: Total time for which application threads were stopped: 0.0572090 seconds, Stopping threads took: 0.0000900 seconds
36.542: Application time: 0.2132550 seconds
36.542: [GC [PSYoungGen: 566968K->74034K(579584K)] 930957K->475859K(1012224K), 0.0551460 secs] [Times: user=0.43 sys=0.00, real=0.06 secs] 
36.597: [Full GC [PSYoungGen: 74034K->0K(579584K)] [ParOldGen: 401824K->134838K(451072K)] 475859K->134838K(1030656K) [PSPermGen: 9076K->9076K(21504K)], 0.1612560 secs] [Times: user=1.22 sys=0.00, real=0.16 secs] 
36.758: Total time for which application threads were stopped: 0.2166620 seconds, Stopping threads took: 0.0001060 seconds
36.974: Application time: 0.2156750 seconds
36.974: [GC [PSYoungGen: 493568K->85493K(570368K)] 628406K->225107K(1021440K), 0.0511160 secs] [Times: user=0.40 sys=0.01, real=0.05 secs] 
37.025: Total time for which application threads were stopped: 0.0513030 seconds, Stopping threads took: 0.0000990 seconds
37.234: Application time: 0.2084410 seconds
37.234: [GC [PSYoungGen: 570357K->76038K(576000K)] 709971K->273644K(1027072K), 0.0679120 secs] [Times: user=0.54 sys=0.00, real=0.07 secs] 
37.302: Total time for which application threads were stopped: 0.0680930 seconds, Stopping threads took: 0.0000830 seconds
37.512: Application time: 0.2098740 seconds
37.512: [GC [PSYoungGen: 560902K->74656K(571904K)] 758508K->310976K(1022976K), 0.0557530 secs] [Times: user=0.42 sys=0.00, real=0.05 secs] 
37.568: Total time for which application threads were stopped: 0.0559210 seconds, Stopping threads took: 0.0000830 seconds
37.779: Application time: 0.2116120 seconds
37.780: [GC [PSYoungGen: 560544K->72080K(574464K)] 796864K->353059K(1025536K), 0.0578550 secs] [Times: user=0.46 sys=0.00, real=0.06 secs] 
37.837: Total time for which application threads were stopped: 0.0580460 seconds, Stopping threads took: 0.0000950 seconds
38.054: Application time: 0.2166490 seconds
38.056: [GC [PSYoungGen: 557968K->74161K(575488K)] 838947K->386371K(1026560K), 0.0520300 secs] [Times: user=0.41 sys=0.00, real=0.05 secs] 
38.108: Total time for which application threads were stopped: 0.0541110 seconds, Stopping threads took: 0.0019980 seconds
38.323: Application time: 0.2149450 seconds
38.323: [GC [PSYoungGen: 565169K->70400K(577536K)] 877379K->425937K(1028608K), 0.0569010 secs] [Times: user=0.44 sys=0.00, real=0.06 secs] 
38.380: Total time for which application threads were stopped: 0.0571130 seconds, Stopping threads took: 0.0001140 seconds
38.585: Application time: 0.2049920 seconds
38.585: [GC [PSYoungGen: 561408K->80121K(578560K)] 916945K->471801K(1029632K), 0.0561390 secs] [Times: user=0.45 sys=0.00, real=0.06 secs] 
38.642: Total time for which application threads were stopped: 0.0562990 seconds, Stopping threads took: 0.0000690 seconds
38.866: Application time: 0.2248420 seconds
38.868: [GC [PSYoungGen: 573177K->59056K(552448K)] 964857K->486797K(1003520K), 0.0478840 secs] [Times: user=0.37 sys=0.01, real=0.05 secs] 
38.916: [Full GC [PSYoungGen: 59056K->0K(552448K)] [ParOldGen: 427741K->124182K(461824K)] 486797K->124182K(1014272K) [PSPermGen: 9085K->9085K(21504K)], 0.1493500 secs] [Times: user=1.10 sys=0.00, real=0.14 secs] 
39.066: Total time for which application threads were stopped: 0.1991000 seconds, Stopping threads took: 0.0017010 seconds
39.266: Application time: 0.2000010 seconds
39.266: [GC [PSYoungGen: 493056K->88054K(563712K)] 617238K->220866K(1025536K), 0.0512850 secs] [Times: user=0.40 sys=0.01, real=0.06 secs] 
39.317: Total time for which application threads were stopped: 0.0514750 seconds, Stopping threads took: 0.0001020 seconds
39.537: Application time: 0.2198890 seconds
39.537: [GC [PSYoungGen: 563702K->57877K(534016K)] 696514K->244989K(995840K), 0.0580740 secs] [Times: user=0.46 sys=0.00, real=0.05 secs] 
39.595: Total time for which application threads were stopped: 0.0582500 seconds, Stopping threads took: 0.0000760 seconds
39.787: Application time: 0.1916050 seconds
39.787: [GC [PSYoungGen: 533525K->87382K(565248K)] 720637K->309382K(1027072K), 0.0597750 secs] [Times: user=0.47 sys=0.00, real=0.06 secs] 
39.847: Total time for which application threads were stopped: 0.0599670 seconds, Stopping threads took: 0.0001050 seconds
40.065: Application time: 0.2182940 seconds
40.065: [GC [PSYoungGen: 555862K->53846K(522752K)] 777862K->322632K(984576K), 0.0514570 secs] [Times: user=0.40 sys=0.00, real=0.06 secs] 
40.117: Total time for which application threads were stopped: 0.0516400 seconds, Stopping threads took: 0.0000790 seconds
40.304: Application time: 0.1872630 seconds
40.304: [GC [PSYoungGen: 522235K->87569K(560640K)] 791021K->389390K(1022464K), 0.0583010 secs] [Times: user=0.46 sys=0.01, real=0.06 secs] 
40.362: Total time for which application threads were stopped: 0.0584790 seconds, Stopping threads took: 0.0000910 seconds
40.580: Application time: 0.2180290 seconds
40.581: [GC [PSYoungGen: 547631K->52231K(513024K)] 849452K->400078K(974848K), 0.0503660 secs] [Times: user=0.39 sys=0.00, real=0.05 secs] 
40.631: Total time for which application threads were stopped: 0.0506160 seconds, Stopping threads took: 0.0000940 seconds
40.815: Application time: 0.1838400 seconds
40.815: [GC [PSYoungGen: 512519K->84955K(559104K)] 860366K->465570K(1020928K), 0.0569440 secs] [Times: user=0.45 sys=0.00, real=0.06 secs] 
40.872: Total time for which application threads were stopped: 0.0571300 seconds, Stopping threads took: 0.0000980 seconds
41.083: Application time: 0.2106390 seconds
41.083: [GC [PSYoungGen: 540123K->54209K(561152K)] 920738K->478959K(1022976K), 0.0495170 secs] [Times: user=0.40 sys=0.00, real=0.05 secs] 
41.132: [Full GC [PSYoungGen: 54209K->0K(561152K)] [ParOldGen: 424750K->123509K(482816K)] 478959K->123509K(1043968K) [PSPermGen: 9090K->9090K(21504K)], 0.1451290 secs] [Times: user=1.08 sys=0.00, real=0.15 secs] 
41.278: Total time for which application threads were stopped: 0.1948960 seconds, Stopping threads took: 0.0000860 seconds
41.465: Application time: 0.1875580 seconds
41.465: [GC [PSYoungGen: 455168K->88351K(556032K)] 578677K->211860K(1038848K), 0.0467560 secs] [Times: user=0.37 sys=0.01, real=0.05 secs] 
41.512: Total time for which application threads were stopped: 0.0469800 seconds, Stopping threads took: 0.0001250 seconds
41.718: Application time: 0.2057010 seconds
41.718: [GC [PSYoungGen: 538399K->54080K(558592K)] 661908K->229181K(1041408K), 0.0530680 secs] [Times: user=0.42 sys=0.00, real=0.05 secs] 
41.771: Total time for which application threads were stopped: 0.0532450 seconds, Stopping threads took: 0.0000780 seconds
41.960: Application time: 0.1891470 seconds
41.960: [GC [PSYoungGen: 504128K->79090K(556544K)] 679229K->286904K(1039360K), 0.0539620 secs] [Times: user=0.42 sys=0.00, real=0.05 secs] 
42.014: Total time for which application threads were stopped: 0.0541400 seconds, Stopping threads took: 0.0000870 seconds
42.224: Application time: 0.2098470 seconds
42.224: [GC [PSYoungGen: 529138K->57200K(557568K)] 736952K->309977K(1040384K), 0.0504250 secs] [Times: user=0.40 sys=0.00, real=0.05 secs] 
42.275: Total time for which application threads were stopped: 0.0506310 seconds, Stopping threads took: 0.0001060 seconds
42.459: Application time: 0.1843820 seconds
42.459: [GC [PSYoungGen: 507248K->82378K(558592K)] 760025K->368323K(1041408K), 0.0563000 secs] [Times: user=0.44 sys=0.00, real=0.05 secs] 
42.516: Total time for which application threads were stopped: 0.0564860 seconds, Stopping threads took: 0.0000980 seconds
42.718: Application time: 0.2026880 seconds
42.719: [GC [PSYoungGen: 534474K->60512K(513024K)] 820419K->394683K(995840K), 0.0544670 secs] [Times: user=0.43 sys=0.00, real=0.05 secs] 
42.773: Total time for which application threads were stopped: 0.0546550 seconds, Stopping threads took: 0.0000980 seconds
42.961: Application time: 0.1882740 seconds
42.961: [GC [PSYoungGen: 512608K->80118K(558080K)] 846779K->449083K(1040896K), 0.0562180 secs] [Times: user=0.44 sys=0.00, real=0.06 secs] 
43.018: Total time for which application threads were stopped: 0.0564290 seconds, Stopping threads took: 0.0001030 seconds
43.215: Application time: 0.1967690 seconds
43.215: [GC [PSYoungGen: 532726K->68544K(558592K)] 901691K->485358K(1041408K), 0.0574110 secs] [Times: user=0.45 sys=0.01, real=0.06 secs] 
43.272: Total time for which application threads were stopped: 0.0576370 seconds, Stopping threads took: 0.0000840 seconds
43.462: Application time: 0.1899180 seconds
43.462: [GC [PSYoungGen: 521152K->78880K(559104K)] 937966K->535989K(1041920K), 0.0568050 secs] [Times: user=0.44 sys=0.02, real=0.06 secs] 
43.519: [Full GC [PSYoungGen: 78880K->0K(559104K)] [ParOldGen: 457109K->136253K(509952K)] 535989K->136253K(1069056K) [PSPermGen: 9094K->9094K(21504K)], 0.1602360 secs] [Times: user=1.19 sys=0.00, real=0.16 secs] 
43.679: Total time for which application threads were stopped: 0.2172960 seconds, Stopping threads took: 0.0000940 seconds
43.877: Application time: 0.1973730 seconds
43.877: [GC [PSYoungGen: 456192K->80873K(558592K)] 592445K->217126K(1068544K), 0.0472060 secs] [Times: user=0.37 sys=0.01, real=0.04 secs] 
43.924: Total time for which application threads were stopped: 0.0473980 seconds, Stopping threads took: 0.0000950 seconds
44.119: Application time: 0.1946550 seconds
44.120: [GC [PSYoungGen: 537065K->76624K(562176K)] 673318K->266689K(1072128K), 0.0676400 secs] [Times: user=0.54 sys=0.00, real=0.06 secs] 
44.188: Total time for which application threads were stopped: 0.0690110 seconds, Stopping threads took: 0.0012770 seconds
44.391: Application time: 0.2026850 seconds
44.392: [GC [PSYoungGen: 538448K->70314K(563200K)] 728513K->308277K(1073152K), 0.0591270 secs] [Times: user=0.46 sys=0.00, real=0.06 secs] 
44.451: Total time for which application threads were stopped: 0.0608220 seconds, Stopping threads took: 0.0016100 seconds
44.646: Application time: 0.1942410 seconds
44.646: [GC [PSYoungGen: 532138K->79440K(564224K)] 770101K->361280K(1074176K), 0.0612320 secs] [Times: user=0.49 sys=0.00, real=0.06 secs] 
44.707: Total time for which application threads were stopped: 0.0614060 seconds, Stopping threads took: 0.0000730 seconds
44.913: Application time: 0.2056290 seconds
44.913: [GC [PSYoungGen: 544848K->64795K(564224K)] 826688K->393288K(1074176K), 0.0555520 secs] [Times: user=0.44 sys=0.00, real=0.06 secs] 
44.968: Total time for which application threads were stopped: 0.0557300 seconds, Stopping threads took: 0.0000940 seconds
45.164: Application time: 0.1959000 seconds
45.168: [GC [PSYoungGen: 530203K->79680K(567296K)] 858696K->448261K(1077248K), 0.0599370 secs] [Times: user=0.47 sys=0.01, real=0.06 secs] 
45.228: Total time for which application threads were stopped: 0.0638710 seconds, Stopping threads took: 0.0038340 seconds
45.434: Application time: 0.2054160 seconds
45.434: [GC [PSYoungGen: 549184K->63947K(567296K)] 917765K->476803K(1077248K), 0.0529620 secs] [Times: user=0.42 sys=0.00, real=0.05 secs] 
45.487: Total time for which application threads were stopped: 0.0531280 seconds, Stopping threads took: 0.0000800 seconds
45.680: Application time: 0.1930070 seconds
45.680: [GC [PSYoungGen: 533451K->80528K(568320K)] 946307K->531920K(1078272K), 0.0597140 secs] [Times: user=0.48 sys=0.00, real=0.06 secs] 
45.740: [Full GC [PSYoungGen: 80528K->0K(568320K)] [ParOldGen: 451392K->141474K(531968K)] 531920K->141474K(1100288K) [PSPermGen: 9095K->9095K(21504K)], 0.1706870 secs] [Times: user=1.27 sys=0.00, real=0.17 secs] 
45.910: Total time for which application threads were stopped: 0.2306580 seconds, Stopping threads took: 0.0000910 seconds
46.125: Application time: 0.2146170 seconds
46.128: [GC [PSYoungGen: 471040K->68525K(539648K)] 612514K->210000K(1071616K), 0.0423260 secs] [Times: user=0.34 sys=0.00, real=0.04 secs] 
46.171: Total time for which application threads were stopped: 0.0455490 seconds, Stopping threads took: 0.0031330 seconds
46.363: Application time: 0.1929360 seconds
46.364: [GC [PSYoungGen: 539565K->86960K(565760K)] 681040K->273069K(1097728K), 0.0682640 secs] [Times: user=0.54 sys=0.00, real=0.07 secs] 
46.432: Total time for which application threads were stopped: 0.0684710 seconds, Stopping threads took: 0.0000980 seconds
46.648: Application time: 0.2158360 seconds
46.648: [GC [PSYoungGen: 556464K->52848K(522752K)] 742573K->277437K(1054720K), 0.0499360 secs] [Times: user=0.37 sys=0.00, real=0.06 secs] 
46.698: Total time for which application threads were stopped: 0.0501170 seconds, Stopping threads took: 0.0000930 seconds
46.888: Application time: 0.1901900 seconds
46.888: [GC [PSYoungGen: 522352K->83792K(563712K)] 746941K->337483K(1095680K), 0.0555700 secs] [Times: user=0.44 sys=0.00, real=0.05 secs] 
46.944: Total time for which application threads were stopped: 0.0558180 seconds, Stopping threads took: 0.0000920 seconds
47.153: Application time: 0.2091760 seconds
47.153: [GC [PSYoungGen: 547152K->55280K(565248K)] 800843K->350554K(1097216K), 0.0474350 secs] [Times: user=0.38 sys=0.00, real=0.05 secs] 
47.201: Total time for which application threads were stopped: 0.0476220 seconds, Stopping threads took: 0.0001000 seconds
47.387: Application time: 0.1864870 seconds
47.387: [GC [PSYoungGen: 518640K->83648K(562176K)] 813914K->409896K(1094144K), 0.0549180 secs] [Times: user=0.44 sys=0.00, real=0.06 secs] 
47.442: Total time for which application threads were stopped: 0.0551220 seconds, Stopping threads took: 0.0001170 seconds
47.651: Application time: 0.2083030 seconds
47.651: [GC [PSYoungGen: 543936K->58519K(563712K)] 870184K->430328K(1095680K), 0.0522770 secs] [Times: user=0.40 sys=0.00, real=0.05 secs] 
47.703: Total time for which application threads were stopped: 0.0524620 seconds, Stopping threads took: 0.0000890 seconds
47.893: Application time: 0.1902580 seconds
47.894: [GC [PSYoungGen: 518807K->83792K(561152K)] 890616K->491734K(1093120K), 0.0596430 secs] [Times: user=0.47 sys=0.00, real=0.06 secs] 
47.953: Total time for which application threads were stopped: 0.0598600 seconds, Stopping threads took: 0.0001250 seconds
48.157: Application time: 0.2033400 seconds
48.157: [GC [PSYoungGen: 542032K->60216K(562688K)] 949974K->516365K(1094656K), 0.0531990 secs] [Times: user=0.42 sys=0.00, real=0.05 secs] 
48.210: Total time for which application threads were stopped: 0.0533960 seconds, Stopping threads took: 0.0000950 seconds
48.397: Application time: 0.1875230 seconds
48.398: [GC [PSYoungGen: 518456K->82560K(561664K)] 974605K->576457K(1093632K), 0.0580830 secs] [Times: user=0.45 sys=0.01, real=0.05 secs] 
48.456: [Full GC [PSYoungGen: 82560K->0K(561664K)] [ParOldGen: 493897K->146011K(549376K)] 576457K->146011K(1111040K) [PSPermGen: 9099K->9099K(21504K)], 0.1770160 secs] [Times: user=1.32 sys=0.00, real=0.18 secs] 
48.633: Total time for which application threads were stopped: 0.2353330 seconds, Stopping threads took: 0.0000890 seconds
48.834: Application time: 0.2014610 seconds
48.834: [GC [PSYoungGen: 458240K->75645K(534016K)] 604251K->221657K(1083392K), 0.0452360 secs] [Times: user=0.36 sys=0.00, real=0.05 secs] 
48.880: Total time for which application threads were stopped: 0.0454400 seconds, Stopping threads took: 0.0001050 seconds
49.068: Application time: 0.1885580 seconds
49.068: [GC [PSYoungGen: 533885K->78960K(562176K)] 679897K->278302K(1111552K), 0.0671470 secs] [Times: user=0.54 sys=0.01, real=0.06 secs] 
49.136: Total time for which application threads were stopped: 0.0672920 seconds, Stopping threads took: 0.0000570 seconds
49.344: Application time: 0.2086130 seconds
49.344: [GC [PSYoungGen: 538736K->66267K(561664K)] 738078K->310227K(1111040K), 0.0565490 secs] [Times: user=0.44 sys=0.00, real=0.06 secs] 
49.401: Total time for which application threads were stopped: 0.0567390 seconds, Stopping threads took: 0.0000900 seconds
49.590: Application time: 0.1889620 seconds
49.592: [GC [PSYoungGen: 526043K->81410K(562176K)] 770003K->369510K(1111552K), 0.0623240 secs] [Times: user=0.49 sys=0.00, real=0.06 secs] 
49.655: Total time for which application threads were stopped: 0.0646560 seconds, Stopping threads took: 0.0022430 seconds
49.859: Application time: 0.2047150 seconds
49.859: [GC [PSYoungGen: 543746K->67120K(562688K)] 831846K->400301K(1112064K), 0.0557270 secs] [Times: user=0.44 sys=0.00, real=0.05 secs] 
49.915: Total time for which application threads were stopped: 0.0558900 seconds, Stopping threads took: 0.0000670 seconds
50.105: Application time: 0.1901510 seconds
50.105: [GC [PSYoungGen: 529456K->80810K(565248K)] 862637K->457715K(1114624K), 0.0621670 secs] [Times: user=0.49 sys=0.00, real=0.06 secs] 
50.168: Total time for which application threads were stopped: 0.0623340 seconds, Stopping threads took: 0.0000780 seconds
50.375: Application time: 0.2071020 seconds
50.375: [GC [PSYoungGen: 547242K->67339K(565760K)] 924147K->489424K(1115136K), 0.0579610 secs] [Times: user=0.46 sys=0.00, real=0.06 secs] 
50.433: Total time for which application threads were stopped: 0.0581450 seconds, Stopping threads took: 0.0000880 seconds
50.624: Application time: 0.1911320 seconds
50.624: [GC [PSYoungGen: 533771K->81696K(565760K)] 955856K->548030K(1115136K), 0.0629560 secs] [Times: user=0.49 sys=0.00, real=0.06 secs] 
50.687: Total time for which application threads were stopped: 0.0631530 seconds, Stopping threads took: 0.0001110 seconds
50.898: Application time: 0.2108280 seconds
50.898: [GC [PSYoungGen: 549664K->67098K(566784K)] 1015998K->577105K(1116160K), 0.0558120 secs] [Times: user=0.42 sys=0.01, real=0.05 secs] 
50.954: [Full GC [PSYoungGen: 67098K->0K(566784K)] [ParOldGen: 510007K->131609K(556032K)] 577105K->131609K(1122816K) [PSPermGen: 9102K->9102K(21504K)], 0.1559030 secs] [Times: user=1.17 sys=0.00, real=0.16 secs] 
51.110: Total time for which application threads were stopped: 0.2119690 seconds, Stopping threads took: 0.0000990 seconds
51.302: Application time: 0.1920910 seconds
51.302: [GC [PSYoungGen: 467968K->87898K(563712K)] 599577K->219507K(1119744K), 0.0481000 secs] [Times: user=0.38 sys=0.00, real=0.05 secs] 
51.350: Total time for which application threads were stopped: 0.0482770 seconds, Stopping threads took: 0.0000890 seconds
51.555: Application time: 0.2043880 seconds
51.555: [GC [PSYoungGen: 554330K->68976K(566784K)] 685939K->253605K(1122816K), 0.0609090 secs] [Times: user=0.48 sys=0.00, real=0.06 secs] 
51.616: Total time for which application threads were stopped: 0.0611090 seconds, Stopping threads took: 0.0000980 seconds
51.806: Application time: 0.1904100 seconds
51.806: [GC [PSYoungGen: 535396K->79886K(564224K)] 720025K->309665K(1120256K), 0.0605270 secs] [Times: user=0.48 sys=0.00, real=0.06 secs] 
51.867: Total time for which application threads were stopped: 0.0606970 seconds, Stopping threads took: 0.0000850 seconds
52.072: Application time: 0.2048230 seconds
52.072: [GC [PSYoungGen: 547854K->66896K(566272K)] 777633K->338918K(1122304K), 0.0542270 secs] [Times: user=0.43 sys=0.00, real=0.05 secs] 
52.126: Total time for which application threads were stopped: 0.0543990 seconds, Stopping threads took: 0.0000760 seconds
52.320: Application time: 0.1938650 seconds
52.320: [GC [PSYoungGen: 534864K->80459K(568832K)] 806886K->397433K(1124864K), 0.0627300 secs] [Times: user=0.47 sys=0.01, real=0.06 secs] 
52.383: Total time for which application threads were stopped: 0.0629200 seconds, Stopping threads took: 0.0001010 seconds
52.593: Application time: 0.2100700 seconds
52.596: [GC [PSYoungGen: 552011K->66208K(538112K)] 868985K->424443K(1094144K), 0.0538520 secs] [Times: user=0.42 sys=0.00, real=0.05 secs] 
52.650: Total time for which application threads were stopped: 0.0570100 seconds, Stopping threads took: 0.0030590 seconds
52.844: Application time: 0.1934900 seconds
52.844: [GC [PSYoungGen: 537760K->80492K(568832K)] 895995K->481956K(1124864K), 0.0607730 secs] [Times: user=0.48 sys=0.00, real=0.06 secs] 
52.905: Total time for which application threads were stopped: 0.0609580 seconds, Stopping threads took: 0.0000990 seconds
53.119: Application time: 0.2144150 seconds
53.119: [GC [PSYoungGen: 552556K->64960K(568832K)] 954020K->506688K(1124864K), 0.0541480 secs] [Times: user=0.42 sys=0.00, real=0.05 secs] 
53.173: Total time for which application threads were stopped: 0.0543220 seconds, Stopping threads took: 0.0000770 seconds
53.363: Application time: 0.1896040 seconds
53.363: [GC [PSYoungGen: 537024K->83088K(567808K)] 978752K->567924K(1123840K), 0.0616370 secs] [Times: user=0.49 sys=0.00, real=0.06 secs] 
53.425: Total time for which application threads were stopped: 0.0618080 seconds, Stopping threads took: 0.0000860 seconds
53.636: Application time: 0.2114110 seconds
53.636: [GC [PSYoungGen: 554640K->62014K(569344K)] 1039476K->588230K(1125376K), 0.0516330 secs] [Times: user=0.41 sys=0.00, real=0.04 secs] 
53.688: [Full GC [PSYoungGen: 62014K->0K(569344K)] [ParOldGen: 526216K->126679K(564736K)] 588230K->126679K(1134080K) [PSPermGen: 9105K->9105K(21504K)], 0.1499720 secs] [Times: user=1.11 sys=0.00, real=0.16 secs] 
53.838: Total time for which application threads were stopped: 0.2018330 seconds, Stopping threads took: 0.0000670 seconds
54.030: Application time: 0.1924920 seconds
54.031: [GC [PSYoungGen: 471552K->92800K(559616K)] 598231K->219479K(1124352K), 0.0492230 secs] [Times: user=0.39 sys=0.00, real=0.05 secs] 
54.080: Total time for which application threads were stopped: 0.0494460 seconds, Stopping threads took: 0.0000810 seconds
54.287: Application time: 0.2075810 seconds
54.288: [GC [PSYoungGen: 555136K->59312K(564736K)] 681815K->238773K(1129472K), 0.0572890 secs] [Times: user=0.45 sys=0.00, real=0.06 secs] 
54.345: Total time for which application threads were stopped: 0.0574710 seconds, Stopping threads took: 0.0000850 seconds
54.531: Application time: 0.1863070 seconds
54.531: [GC [PSYoungGen: 521648K->84544K(562688K)] 701109K->302162K(1127424K), 0.0606730 secs] [Times: user=0.48 sys=0.00, real=0.06 secs] 
54.592: Total time for which application threads were stopped: 0.0608650 seconds, Stopping threads took: 0.0000890 seconds
54.800: Application time: 0.2079250 seconds
54.800: [GC [PSYoungGen: 544832K->60336K(563712K)] 762450K->321021K(1128448K), 0.0513450 secs] [Times: user=0.40 sys=0.00, real=0.05 secs] 
54.852: Total time for which application threads were stopped: 0.0515270 seconds, Stopping threads took: 0.0000810 seconds
55.036: Application time: 0.1842250 seconds
55.036: [GC [PSYoungGen: 520624K->82704K(563200K)] 781309K->382908K(1127936K), 0.0601220 secs] [Times: user=0.47 sys=0.00, real=0.07 secs] 
55.096: Total time for which application threads were stopped: 0.0603130 seconds, Stopping threads took: 0.0000930 seconds
55.305: Application time: 0.2091140 seconds
55.305: [GC [PSYoungGen: 542992K->61744K(563712K)] 843196K->406399K(1128448K), 0.0537300 secs] [Times: user=0.43 sys=0.00, real=0.06 secs] 
55.359: Total time for which application threads were stopped: 0.0538920 seconds, Stopping threads took: 0.0000570 seconds
55.549: Application time: 0.1900020 seconds
55.549: [GC [PSYoungGen: 522032K->83872K(562176K)] 866687K->469793K(1126912K), 0.0618830 secs] [Times: user=0.49 sys=0.00, real=0.06 secs] 
55.611: Total time for which application threads were stopped: 0.0620530 seconds, Stopping threads took: 0.0000820 seconds
55.819: Application time: 0.2080020 seconds
55.820: [GC [PSYoungGen: 543136K->63424K(563200K)] 929057K->495044K(1127936K), 0.0556360 secs] [Times: user=0.44 sys=0.00, real=0.05 secs] 
55.876: Total time for which application threads were stopped: 0.0566750 seconds, Stopping threads took: 0.0009370 seconds
56.062: Application time: 0.1860470 seconds
56.062: [GC [PSYoungGen: 522688K->80880K(563200K)] 954308K->554986K(1127936K), 0.0604410 secs] [Times: user=0.48 sys=0.00, real=0.06 secs] 
56.123: Total time for which application threads were stopped: 0.0606610 seconds, Stopping threads took: 0.0001280 seconds
56.327: Application time: 0.2048140 seconds
56.328: [GC [PSYoungGen: 541168K->67712K(528384K)] 1015274K->588030K(1093120K), 0.0569640 secs] [Times: user=0.46 sys=0.00, real=0.06 secs] 
56.385: [Full GC [PSYoungGen: 67712K->0K(528384K)] [ParOldGen: 520317K->140555K(596480K)] 588030K->140555K(1124864K) [PSPermGen: 9107K->9107K(21504K)], 0.1731500 secs] [Times: user=1.30 sys=0.00, real=0.18 secs] 
56.558: Total time for which application threads were stopped: 0.2303710 seconds, Stopping threads took: 0.0000950 seconds
56.751: Application time: 0.1927740 seconds
56.751: [GC [PSYoungGen: 460288K->86829K(559616K)] 600843K->227384K(1156096K), 0.0477500 secs] [Times: user=0.38 sys=0.00, real=0.05 secs] 
56.799: Total time for which application threads were stopped: 0.0479750 seconds, Stopping threads took: 0.0001360 seconds
57.002: Application time: 0.2030040 seconds
57.002: [GC [PSYoungGen: 545581K->65088K(562176K)] 686136K->260969K(1158656K), 0.0614030 secs] [Times: user=0.48 sys=0.01, real=0.06 secs] 
57.063: Total time for which application threads were stopped: 0.0616150 seconds, Stopping threads took: 0.0001160 seconds
57.252: Application time: 0.1890420 seconds
57.252: [GC [PSYoungGen: 523840K->79831K(561664K)] 719721K->318922K(1158144K), 0.0605180 secs] [Times: user=0.47 sys=0.00, real=0.06 secs] 
57.313: Total time for which application threads were stopped: 0.0606770 seconds, Stopping threads took: 0.0000730 seconds
57.513: Application time: 0.2005340 seconds
57.514: [GC [PSYoungGen: 541655K->68160K(563200K)] 780746K->357183K(1159680K), 0.0602720 secs] [Times: user=0.47 sys=0.00, real=0.06 secs] 
57.574: Total time for which application threads were stopped: 0.0604600 seconds, Stopping threads took: 0.0000890 seconds
57.769: Application time: 0.1950430 seconds
57.769: [GC [PSYoungGen: 529984K->79589K(564736K)] 819007K->411897K(1161216K), 0.0619070 secs] [Times: user=0.48 sys=0.00, real=0.06 secs] 
57.831: Total time for which application threads were stopped: 0.0620830 seconds, Stopping threads took: 0.0000890 seconds
58.034: Application time: 0.2031530 seconds
58.034: [GC [PSYoungGen: 545509K->69120K(565248K)] 877817K->451180K(1161728K), 0.0603860 secs] [Times: user=0.48 sys=0.00, real=0.06 secs] 
58.095: Total time for which application threads were stopped: 0.0605730 seconds, Stopping threads took: 0.0000900 seconds
58.291: Application time: 0.1965030 seconds
58.291: [GC [PSYoungGen: 535040K->78379K(567296K)] 917100K->503564K(1163776K), 0.0605780 secs] [Times: user=0.48 sys=0.00, real=0.06 secs] 
58.352: Total time for which application threads were stopped: 0.0607510 seconds, Stopping threads took: 0.0000830 seconds
58.557: Application time: 0.2048690 seconds
58.557: [GC [PSYoungGen: 547883K->70496K(566784K)] 973068K->543765K(1163264K), 0.0606430 secs] [Times: user=0.48 sys=0.00, real=0.06 secs] 
58.618: Total time for which application threads were stopped: 0.0608410 seconds, Stopping threads took: 0.0000980 seconds
58.818: Application time: 0.2005070 seconds
58.818: [GC [PSYoungGen: 540000K->77083K(567808K)] 1013269K->592848K(1164288K), 0.0602300 secs] [Times: user=0.47 sys=0.00, real=0.06 secs] 
58.879: Total time for which application threads were stopped: 0.0604320 seconds, Stopping threads took: 0.0001130 seconds
59.086: Application time: 0.2075330 seconds
59.086: [GC [PSYoungGen: 549659K->68768K(567296K)] 1065424K->630990K(1163776K), 0.0562380 secs] [Times: user=0.44 sys=0.01, real=0.06 secs] 
59.143: [Full GC [PSYoungGen: 68768K->0K(567296K)] [ParOldGen: 562222K->140703K(618496K)] 630990K->140703K(1185792K) [PSPermGen: 9111K->9111K(21504K)], 0.1742380 secs] [Times: user=1.31 sys=0.00, real=0.18 secs] 
59.317: Total time for which application threads were stopped: 0.2307210 seconds, Stopping threads took: 0.0000880 seconds
59.515: Application time: 0.1977620 seconds
59.515: [GC [PSYoungGen: 472576K->83760K(569344K)] 613279K->224464K(1187840K), 0.0471550 secs] [Times: user=0.37 sys=0.00, real=0.05 secs] 
59.562: Total time for which application threads were stopped: 0.0473350 seconds, Stopping threads took: 0.0000960 seconds
59.769: Application time: 0.2072420 seconds
59.769: [GC [PSYoungGen: 559408K->68288K(570880K)] 700112K->261922K(1189376K), 0.0628070 secs] [Times: user=0.50 sys=0.00, real=0.06 secs] 
59.832: Total time for which application threads were stopped: 0.0629940 seconds, Stopping threads took: 0.0000790 seconds
60.032: Application time: 0.1996930 seconds
60.032: [GC [PSYoungGen: 543936K->74437K(568320K)] 737570K->305908K(1186816K), 0.0541840 secs] [Times: user=0.42 sys=0.00, real=0.05 secs] 
60.086: Total time for which application threads were stopped: 0.0543500 seconds, Stopping threads took: 0.0000740 seconds
60.299: Application time: 0.2125840 seconds
60.299: [GC [PSYoungGen: 552133K->64704K(570368K)] 783604K->339281K(1188864K), 0.0546810 secs] [Times: user=0.43 sys=0.00, real=0.05 secs] 
60.354: Total time for which application threads were stopped: 0.0548680 seconds, Stopping threads took: 0.0000880 seconds
60.556: Application time: 0.2023510 seconds
60.556: [GC [PSYoungGen: 542400K->73429K(570880K)] 816977K->380089K(1189376K), 0.0527570 secs] [Times: user=0.41 sys=0.00, real=0.05 secs] 
60.609: Total time for which application threads were stopped: 0.0529210 seconds, Stopping threads took: 0.0000790 seconds
60.824: Application time: 0.2145810 seconds
60.824: [GC [PSYoungGen: 555733K->61984K(572928K)] 862393K->407587K(1191424K), 0.0498020 secs] [Times: user=0.39 sys=0.00, real=0.05 secs] 
60.874: Total time for which application threads were stopped: 0.0499740 seconds, Stopping threads took: 0.0000700 seconds
61.070: Application time: 0.1962330 seconds
61.070: [GC [PSYoungGen: 544288K->78594K(575488K)] 889891K->448732K(1193984K), 0.0500370 secs] [Times: user=0.39 sys=0.01, real=0.05 secs] 
61.120: Total time for which application threads were stopped: 0.0502360 seconds, Stopping threads took: 0.0001130 seconds
61.337: Application time: 0.2170760 seconds
61.337: [GC [PSYoungGen: 563458K->52816K(538112K)] 933596K->455899K(1156608K), 0.0419090 secs] [Times: user=0.34 sys=0.00, real=0.04 secs] 
61.379: Total time for which application threads were stopped: 0.0420890 seconds, Stopping threads took: 0.0000780 seconds
61.571: Application time: 0.1919440 seconds
61.571: [GC [PSYoungGen: 537680K->84818K(568320K)] 940763K->508721K(1186816K), 0.0507090 secs] [Times: user=0.41 sys=0.00, real=0.05 secs] 
61.622: Total time for which application threads were stopped: 0.0509090 seconds, Stopping threads took: 0.0001150 seconds
61.839: Application time: 0.2169190 seconds
61.839: [GC [PSYoungGen: 560466K->50633K(526336K)] 984369K->513734K(1144832K), 0.0437610 secs] [Times: user=0.35 sys=0.00, real=0.04 secs] 
61.883: Total time for which application threads were stopped: 0.0439410 seconds, Stopping threads took: 0.0000850 seconds
62.071: Application time: 0.1877010 seconds
62.071: [GC [PSYoungGen: 526281K->90406K(560640K)] 989382K->575914K(1179136K), 0.0553040 secs] [Times: user=0.44 sys=0.00, real=0.05 secs] 
62.126: Total time for which application threads were stopped: 0.0555000 seconds, Stopping threads took: 0.0000930 seconds
62.348: Application time: 0.2219740 seconds
62.348: [GC [PSYoungGen: 553766K->42864K(506368K)] 1039274K->570922K(1124864K), 0.0428010 secs] [Times: user=0.33 sys=0.00, real=0.04 secs] 
62.391: Total time for which application threads were stopped: 0.0429810 seconds, Stopping threads took: 0.0000770 seconds
62.567: Application time: 0.1759150 seconds
62.567: [GC [PSYoungGen: 506224K->92108K(552960K)] 1034282K->645544K(1171456K), 0.0562380 secs] [Times: user=0.45 sys=0.00, real=0.06 secs] 
62.623: Total time for which application threads were stopped: 0.0564210 seconds, Stopping threads took: 0.0000950 seconds
62.839: Application time: 0.2154470 seconds
62.839: [GC [PSYoungGen: 541132K->43552K(493056K)] 1094568K->641090K(1111552K), 0.0427200 secs] [Times: user=0.33 sys=0.01, real=0.04 secs] 
62.882: [Full GC [PSYoungGen: 43552K->0K(493056K)] [ParOldGen: 597538K->120795K(617984K)] 641090K->120795K(1111040K) [PSPermGen: 9117K->9117K(21504K)], 0.1490280 secs] [Times: user=1.10 sys=0.00, real=0.15 secs] 
63.031: Total time for which application threads were stopped: 0.1919920 seconds, Stopping threads took: 0.0000820 seconds
63.205: Application time: 0.1739070 seconds
63.205: [GC [PSYoungGen: 449024K->90411K(548864K)] 569819K->211207K(1166848K), 0.0459240 secs] [Times: user=0.37 sys=0.00, real=0.05 secs] 
63.251: Total time for which application threads were stopped: 0.0461220 seconds, Stopping threads took: 0.0000970 seconds
63.453: Application time: 0.2023850 seconds
63.453: [GC [PSYoungGen: 529195K->50912K(552960K)] 649991K->222867K(1170944K), 0.0515270 secs] [Times: user=0.41 sys=0.00, real=0.05 secs] 
63.505: Total time for which application threads were stopped: 0.0517250 seconds, Stopping threads took: 0.0001080 seconds
63.689: Application time: 0.1841180 seconds
63.689: [GC [PSYoungGen: 489696K->75335K(547840K)] 661651K->275596K(1165824K), 0.0506860 secs] [Times: user=0.40 sys=0.00, real=0.05 secs] 
63.740: Total time for which application threads were stopped: 0.0509050 seconds, Stopping threads took: 0.0001190 seconds
63.928: Application time: 0.1883050 seconds
63.929: [GC [PSYoungGen: 515143K->62144K(550912K)] 715404K->309277K(1168896K), 0.0542030 secs] [Times: user=0.43 sys=0.00, real=0.05 secs] 
63.983: Total time for which application threads were stopped: 0.0543910 seconds, Stopping threads took: 0.0000840 seconds
64.174: Application time: 0.1916610 seconds
64.175: [GC [PSYoungGen: 501952K->64601K(549888K)] 749085K->340898K(1167872K), 0.0465740 secs] [Times: user=0.37 sys=0.01, real=0.05 secs] 
64.221: Total time for which application threads were stopped: 0.0467450 seconds, Stopping threads took: 0.0000850 seconds
64.403: Application time: 0.1817330 seconds
64.404: [GC [PSYoungGen: 512601K->74144K(552960K)] 788898K->393865K(1170944K), 0.0564130 secs] [Times: user=0.45 sys=0.00, real=0.06 secs] 
64.461: Total time for which application threads were stopped: 0.0576910 seconds, Stopping threads took: 0.0011900 seconds
64.660: Application time: 0.1994790 seconds
64.660: [GC [PSYoungGen: 522144K->61713K(556544K)] 841865K->415251K(1174528K), 0.0476540 secs] [Times: user=0.38 sys=0.00, real=0.04 secs] 
64.708: Total time for which application threads were stopped: 0.0478390 seconds, Stopping threads took: 0.0000860 seconds
64.893: Application time: 0.1855620 seconds
64.896: [GC [PSYoungGen: 520465K->81472K(560128K)] 874003K->476526K(1178112K), 0.0611950 secs] [Times: user=0.49 sys=0.00, real=0.06 secs] 
64.957: Total time for which application threads were stopped: 0.0639130 seconds, Stopping threads took: 0.0026330 seconds
65.162: Application time: 0.2042780 seconds
65.162: [GC [PSYoungGen: 540224K->62336K(563200K)] 935278K->495447K(1181184K), 0.0492320 secs] [Times: user=0.39 sys=0.00, real=0.05 secs] 
65.211: Total time for which application threads were stopped: 0.0494220 seconds, Stopping threads took: 0.0000860 seconds
65.397: Application time: 0.1861570 seconds
65.400: [GC [PSYoungGen: 525184K->82544K(563712K)] 958295K->557983K(1181696K), 0.0623980 secs] [Times: user=0.49 sys=0.00, real=0.06 secs] 
65.463: Total time for which application threads were stopped: 0.0653640 seconds, Stopping threads took: 0.0028710 seconds
65.673: Application time: 0.2100650 seconds
65.673: [GC [PSYoungGen: 545392K->63904K(563200K)] 1020831K->580382K(1181184K), 0.0530010 secs] [Times: user=0.42 sys=0.00, real=0.05 secs] 
65.726: Total time for which application threads were stopped: 0.0532140 seconds, Stopping threads took: 0.0001090 seconds
65.913: Application time: 0.1871890 seconds
65.913: [GC [PSYoungGen: 527264K->83424K(563712K)] 1043742K->643341K(1181696K), 0.0633460 secs] [Times: user=0.50 sys=0.00, real=0.07 secs] 
65.977: Total time for which application threads were stopped: 0.0635140 seconds, Stopping threads took: 0.0000780 seconds
66.182: Application time: 0.2056910 seconds
66.182: [GC [PSYoungGen: 546784K->63520K(565248K)] 1106701K->667022K(1183232K), 0.0539300 secs] [Times: user=0.43 sys=0.00, real=0.06 secs] 
66.236: [Full GC [PSYoungGen: 63520K->0K(565248K)] [ParOldGen: 603502K->135141K(650752K)] 667022K->135141K(1216000K) [PSPermGen: 9117K->9117K(21504K)], 0.1682920 secs] [Times: user=1.24 sys=0.01, real=0.16 secs] 
66.405: Total time for which application threads were stopped: 0.2224950 seconds, Stopping threads took: 0.0000880 seconds
66.592: Application time: 0.1867750 seconds
66.592: [GC [PSYoungGen: 463872K->89808K(553984K)] 599013K->224950K(1204736K), 0.0488330 secs] [Times: user=0.38 sys=0.01, real=0.05 secs] 
66.641: Total time for which application threads were stopped: 0.0490260 seconds, Stopping threads took: 0.0001000 seconds
66.851: Application time: 0.2107300 seconds
66.852: [GC [PSYoungGen: 553680K->63024K(563712K)] 688822K->248649K(1214464K), 0.0585250 secs] [Times: user=0.47 sys=0.00, real=0.06 secs] 
66.911: Total time for which application threads were stopped: 0.0593830 seconds, Stopping threads took: 0.0007550 seconds
67.099: Application time: 0.1882710 seconds
67.099: [GC [PSYoungGen: 521776K->86096K(545280K)] 707401K->315744K(1196032K), 0.0650490 secs] [Times: user=0.51 sys=0.00, real=0.06 secs] 
67.164: Total time for which application threads were stopped: 0.0652410 seconds, Stopping threads took: 0.0000950 seconds
67.368: Application time: 0.2039080 seconds
67.368: [GC [PSYoungGen: 544848K->64016K(563200K)] 774496K->342773K(1213952K), 0.0568660 secs] [Times: user=0.45 sys=0.00, real=0.05 secs] 
67.425: Total time for which application threads were stopped: 0.0570580 seconds, Stopping threads took: 0.0000850 seconds
67.609: Application time: 0.1835340 seconds
67.609: [GC [PSYoungGen: 521744K->88896K(546816K)] 800501K->411310K(1197568K), 0.0652590 secs] [Times: user=0.52 sys=0.00, real=0.06 secs] 
67.674: Total time for which application threads were stopped: 0.0654260 seconds, Stopping threads took: 0.0000770 seconds
67.878: Application time: 0.2043040 seconds
67.880: [GC [PSYoungGen: 546624K->61376K(561664K)] 869038K->434581K(1212416K), 0.0565260 secs] [Times: user=0.44 sys=0.00, real=0.06 secs] 
67.937: Total time for which application threads were stopped: 0.0582430 seconds, Stopping threads took: 0.0016190 seconds
68.113: Application time: 0.1758480 seconds
68.113: [GC [PSYoungGen: 516032K->93968K(548864K)] 889237K->508221K(1199616K), 0.0661920 secs] [Times: user=0.52 sys=0.00, real=0.07 secs] 
68.179: Total time for which application threads were stopped: 0.0663620 seconds, Stopping threads took: 0.0000810 seconds
68.383: Application time: 0.2036890 seconds
68.383: [GC [PSYoungGen: 548624K->56592K(557056K)] 962877K->526674K(1207808K), 0.0553160 secs] [Times: user=0.44 sys=0.00, real=0.06 secs] 
68.438: Total time for which application threads were stopped: 0.0554950 seconds, Stopping threads took: 0.0000770 seconds
68.614: Application time: 0.1762660 seconds
68.616: [GC [PSYoungGen: 503056K->101568K(548352K)] 973138K->608982K(1199104K), 0.0707020 secs] [Times: user=0.56 sys=0.01, real=0.06 secs] 
68.687: Total time for which application threads were stopped: 0.0725000 seconds, Stopping threads took: 0.0017080 seconds
68.891: Application time: 0.2036470 seconds
68.891: [GC [PSYoungGen: 548032K->52299K(550400K)] 1055446K->623316K(1201152K), 0.0576280 secs] [Times: user=0.45 sys=0.00, real=0.06 secs] 
68.948: Total time for which application threads were stopped: 0.0578180 seconds, Stopping threads took: 0.0000890 seconds
69.115: Application time: 0.1664820 seconds
69.115: [GC [PSYoungGen: 485963K->97984K(531968K)] 1056980K->706982K(1182720K), 0.0686820 secs] [Times: user=0.55 sys=0.00, real=0.07 secs] 
69.184: [Full GC [PSYoungGen: 97984K->0K(531968K)] [ParOldGen: 608998K->152959K(696832K)] 706982K->152959K(1228800K) [PSPermGen: 9120K->9120K(21504K)], 0.1771920 secs] [Times: user=1.33 sys=0.00, real=0.18 secs] 
69.361: Total time for which application threads were stopped: 0.2461130 seconds, Stopping threads took: 0.0000870 seconds
69.567: Application time: 0.2057860 seconds
69.567: [GC [PSYoungGen: 433664K->60203K(547328K)] 586623K->213163K(1244160K), 0.0419600 secs] [Times: user=0.33 sys=0.00, real=0.05 secs] 
69.609: Total time for which application threads were stopped: 0.0421500 seconds, Stopping threads took: 0.0000840 seconds
69.774: Application time: 0.1647250 seconds
69.774: [GC [PSYoungGen: 486187K->91858K(518144K)] 639147K->297149K(1214976K), 0.0765960 secs] [Times: user=0.61 sys=0.00, real=0.08 secs] 
69.850: Total time for which application threads were stopped: 0.0767840 seconds, Stopping threads took: 0.0000950 seconds
70.050: Application time: 0.1998070 seconds
70.050: [GC [PSYoungGen: 517842K->48635K(545280K)] 723133K->310703K(1242112K), 0.0541800 secs] [Times: user=0.43 sys=0.00, real=0.05 secs] 
70.105: Total time for which application threads were stopped: 0.0543710 seconds, Stopping threads took: 0.0000910 seconds
70.271: Application time: 0.1661420 seconds
70.271: [GC [PSYoungGen: 472059K->85111K(508928K)] 734127K->384245K(1205760K), 0.0622860 secs] [Times: user=0.50 sys=0.00, real=0.06 secs] 
70.333: Total time for which application threads were stopped: 0.0624810 seconds, Stopping threads took: 0.0000950 seconds
70.530: Application time: 0.1966490 seconds
70.530: [GC [PSYoungGen: 508535K->54469K(546304K)] 807669K->406239K(1243136K), 0.0536620 secs] [Times: user=0.43 sys=0.00, real=0.05 secs] 
70.584: Total time for which application threads were stopped: 0.0538530 seconds, Stopping threads took: 0.0001020 seconds
70.755: Application time: 0.1717260 seconds
70.756: [GC [PSYoungGen: 479429K->77810K(502784K)] 831199K->468536K(1199616K), 0.0582960 secs] [Times: user=0.46 sys=0.00, real=0.06 secs] 
70.814: Total time for which application threads were stopped: 0.0585790 seconds, Stopping threads took: 0.0001950 seconds
70.996: Application time: 0.1817030 seconds
70.996: [GC [PSYoungGen: 502770K->67568K(546816K)] 893496K->507030K(1243648K), 0.0573220 secs] [Times: user=0.45 sys=0.00, real=0.06 secs] 
71.053: Total time for which application threads were stopped: 0.0575020 seconds, Stopping threads took: 0.0000820 seconds
71.241: Application time: 0.1877110 seconds
71.241: [GC [PSYoungGen: 497136K->60122K(543232K)] 936598K->541472K(1240064K), 0.0514560 secs] [Times: user=0.38 sys=0.03, real=0.05 secs] 
71.293: Total time for which application threads were stopped: 0.0516330 seconds, Stopping threads took: 0.0000900 seconds
71.465: Application time: 0.1720220 seconds
71.465: [GC [PSYoungGen: 489690K->84096K(546816K)] 971040K->606933K(1243648K), 0.0637340 secs] [Times: user=0.49 sys=0.00, real=0.07 secs] 
71.529: Total time for which application threads were stopped: 0.0638930 seconds, Stopping threads took: 0.0000710 seconds
71.729: Application time: 0.2000760 seconds
71.729: [GC [PSYoungGen: 519296K->50877K(547840K)] 1042133K->617599K(1244672K), 0.0481700 secs] [Times: user=0.38 sys=0.00, real=0.05 secs] 
71.777: Total time for which application threads were stopped: 0.0483670 seconds, Stopping threads took: 0.0000930 seconds
71.948: Application time: 0.1706880 seconds
71.948: [GC [PSYoungGen: 486077K->89258K(548864K)] 1052799K->693322K(1245696K), 0.0635440 secs] [Times: user=0.50 sys=0.00, real=0.07 secs] 
72.011: Total time for which application threads were stopped: 0.0637270 seconds, Stopping threads took: 0.0000930 seconds
72.218: Application time: 0.2062480 seconds
72.218: [GC [PSYoungGen: 525994K->45065K(551936K)] 1130058K->692061K(1248768K), 0.0430170 secs] [Times: user=0.33 sys=0.01, real=0.04 secs] 
72.261: [Full GC [PSYoungGen: 45065K->0K(551936K)] [ParOldGen: 646995K->102387K(655872K)] 692061K->102387K(1207808K) [PSPermGen: 9121K->9121K(21504K)], 0.1139970 secs] [Times: user=0.83 sys=0.00, real=0.11 secs] 
72.375: Total time for which application threads were stopped: 0.1572540 seconds, Stopping threads took: 0.0000910 seconds
72.539: Application time: 0.1638130 seconds
72.539: [GC [PSYoungGen: 436736K->97936K(539648K)] 539123K->200323K(1195520K), 0.0502780 secs] [Times: user=0.40 sys=0.00, real=0.05 secs] 
72.589: Total time for which application threads were stopped: 0.0504590 seconds, Stopping threads took: 0.0000810 seconds
72.790: Application time: 0.2009500 seconds
72.790: [GC [PSYoungGen: 522384K->42896K(545792K)] 624771K->204504K(1201664K), 0.0516070 secs] [Times: user=0.41 sys=0.00, real=0.05 secs] 
72.842: Total time for which application threads were stopped: 0.0517900 seconds, Stopping threads took: 0.0000900 seconds
73.004: Application time: 0.1615970 seconds
73.004: [GC [PSYoungGen: 467344K->91163K(539648K)] 628952K->284739K(1195520K), 0.0602710 secs] [Times: user=0.48 sys=0.00, real=0.06 secs] 
73.064: Total time for which application threads were stopped: 0.0604420 seconds, Stopping threads took: 0.0000810 seconds
73.259: Application time: 0.1949260 seconds
73.260: [GC [PSYoungGen: 509467K->44423K(542720K)] 703043K->293803K(1198592K), 0.0491660 secs] [Times: user=0.39 sys=0.00, real=0.05 secs] 
73.309: Total time for which application threads were stopped: 0.0504850 seconds, Stopping threads took: 0.0012190 seconds
73.474: Application time: 0.1641490 seconds
73.476: [GC [PSYoungGen: 462727K->89360K(539136K)] 712107K->369074K(1195008K), 0.0601120 secs] [Times: user=0.47 sys=0.00, real=0.06 secs] 
73.536: Total time for which application threads were stopped: 0.0627560 seconds, Stopping threads took: 0.0025570 seconds
73.721: Application time: 0.1845100 seconds
73.721: [GC [PSYoungGen: 504592K->54704K(470016K)] 784306K->390790K(1125888K), 0.0550460 secs] [Times: user=0.43 sys=0.00, real=0.05 secs] 
73.776: Total time for which application threads were stopped: 0.0552320 seconds, Stopping threads took: 0.0000970 seconds
73.943: Application time: 0.1665480 seconds
73.943: [GC [PSYoungGen: 469936K->73366K(544768K)] 806022K->445263K(1200640K), 0.0539610 secs] [Times: user=0.42 sys=0.00, real=0.06 secs] 
73.997: Total time for which application threads were stopped: 0.0541630 seconds, Stopping threads took: 0.0001000 seconds
74.180: Application time: 0.1832710 seconds
74.180: [GC [PSYoungGen: 494742K->73872K(495616K)] 866639K->493225K(1151488K), 0.0623370 secs] [Times: user=0.49 sys=0.00, real=0.06 secs] 
74.243: Total time for which application threads were stopped: 0.0625250 seconds, Stopping threads took: 0.0001000 seconds
74.429: Application time: 0.1863000 seconds
74.429: [GC [PSYoungGen: 495248K->60140K(542720K)] 914601K->527943K(1198592K), 0.0565640 secs] [Times: user=0.45 sys=0.00, real=0.05 secs] 
74.486: Total time for which application threads were stopped: 0.0567480 seconds, Stopping threads took: 0.0000970 seconds
74.659: Application time: 0.1736630 seconds
74.659: [GC [PSYoungGen: 487148K->85638K(540160K)] 954951K->598282K(1196032K), 0.0665890 secs] [Times: user=0.52 sys=0.00, real=0.06 secs] 
74.726: Total time for which application threads were stopped: 0.0667830 seconds, Stopping threads took: 0.0000880 seconds
74.926: Application time: 0.1997470 seconds
74.926: [GC [PSYoungGen: 512646K->47067K(552448K)] 1025290K->609265K(1208320K), 0.0491900 secs] [Times: user=0.39 sys=0.00, real=0.05 secs] 
74.975: Total time for which application threads were stopped: 0.0493740 seconds, Stopping threads took: 0.0000900 seconds
75.144: Application time: 0.1683370 seconds
75.144: [GC [PSYoungGen: 484827K->90336K(528384K)] 1047025K->686142K(1184256K), 0.0629200 secs] [Times: user=0.50 sys=0.00, real=0.06 secs] 
75.207: [Full GC [PSYoungGen: 90336K->0K(528384K)] [ParOldGen: 595806K->145425K(722944K)] 686142K->145425K(1251328K) [PSPermGen: 9123K->9123K(21504K)], 0.1702810 secs] [Times: user=1.27 sys=0.00, real=0.18 secs] 
75.377: Total time for which application threads were stopped: 0.2334420 seconds, Stopping threads took: 0.0000930 seconds
75.587: Application time: 0.2103700 seconds
75.587: [GC [PSYoungGen: 437760K->59028K(551936K)] 583185K->204454K(1274880K), 0.0395010 secs] [Times: user=0.31 sys=0.00, real=0.04 secs] 
75.627: Total time for which application threads were stopped: 0.0396940 seconds, Stopping threads took: 0.0000880 seconds
75.794: Application time: 0.1671790 seconds
75.796: [GC [PSYoungGen: 493204K->89521K(523776K)] 638630K->282768K(1246720K), 0.0715980 secs] [Times: user=0.57 sys=0.00, real=0.06 secs] 
75.868: Total time for which application threads were stopped: 0.0735880 seconds, Stopping threads took: 0.0018970 seconds
76.072: Application time: 0.2039840 seconds
76.072: [GC [PSYoungGen: 523697K->48310K(549888K)] 716944K->290549K(1272832K), 0.0484280 secs] [Times: user=0.38 sys=0.00, real=0.05 secs] 
76.120: Total time for which application threads were stopped: 0.0486240 seconds, Stopping threads took: 0.0001050 seconds
76.285: Application time: 0.1645140 seconds
76.285: [GC [PSYoungGen: 479926K->90988K(522752K)] 722165K->366992K(1245696K), 0.0601340 secs] [Times: user=0.47 sys=0.00, real=0.06 secs] 
76.345: Total time for which application threads were stopped: 0.0603490 seconds, Stopping threads took: 0.0001050 seconds
76.549: Application time: 0.2041860 seconds
76.550: [GC [PSYoungGen: 522604K->46080K(546816K)] 798608K->373295K(1269760K), 0.0489670 secs] [Times: user=0.39 sys=0.00, real=0.05 secs] 
76.599: Total time for which application threads were stopped: 0.0491390 seconds, Stopping threads took: 0.0000800 seconds
76.764: Application time: 0.1651030 seconds
76.764: [GC [PSYoungGen: 472064K->90434K(516608K)] 799279K->450736K(1239552K), 0.0613220 secs] [Times: user=0.49 sys=0.00, real=0.06 secs] 
76.825: Total time for which application threads were stopped: 0.0615130 seconds, Stopping threads took: 0.0001010 seconds
77.021: Application time: 0.1960270 seconds
77.021: [GC [PSYoungGen: 516418K->53315K(546304K)] 876720K->465108K(1269248K), 0.0519000 secs] [Times: user=0.41 sys=0.00, real=0.05 secs] 
77.073: Total time for which application threads were stopped: 0.0521030 seconds, Stopping threads took: 0.0001030 seconds
77.241: Application time: 0.1676660 seconds
77.241: [GC [PSYoungGen: 476739K->84427K(544256K)] 888532K->532646K(1267200K), 0.0605460 secs] [Times: user=0.48 sys=0.00, real=0.06 secs] 
77.302: Total time for which application threads were stopped: 0.0607950 seconds, Stopping threads took: 0.0001000 seconds
77.495: Application time: 0.1934820 seconds
77.496: [GC [PSYoungGen: 507851K->53888K(543744K)] 956070K->555617K(1266688K), 0.0559660 secs] [Times: user=0.43 sys=0.00, real=0.05 secs] 
77.552: Total time for which application threads were stopped: 0.0569080 seconds, Stopping threads took: 0.0008500 seconds
77.722: Application time: 0.1702060 seconds
77.723: [GC [PSYoungGen: 478848K->79701K(544256K)] 980577K->616424K(1267200K), 0.0568200 secs] [Times: user=0.45 sys=0.00, real=0.06 secs] 
77.779: Total time for which application threads were stopped: 0.0570080 seconds, Stopping threads took: 0.0000880 seconds
77.968: Application time: 0.1884630 seconds
77.968: [GC [PSYoungGen: 504661K->59995K(542208K)] 1041384K->646281K(1265152K), 0.0565190 secs] [Times: user=0.44 sys=0.00, real=0.05 secs] 
78.025: Total time for which application threads were stopped: 0.0567250 seconds, Stopping threads took: 0.0001040 seconds
78.206: Application time: 0.1816040 seconds
78.208: [GC [PSYoungGen: 489563K->68714K(544768K)] 1075849K->695204K(1267712K), 0.0556940 secs] [Times: user=0.43 sys=0.00, real=0.05 secs] 
78.264: Total time for which application threads were stopped: 0.0576080 seconds, Stopping threads took: 0.0018250 seconds
78.446: Application time: 0.1823990 seconds
78.446: [GC [PSYoungGen: 498282K->69536K(545792K)] 1124772K->740524K(1268736K), 0.0559180 secs] [Times: user=0.44 sys=0.01, real=0.06 secs] 
78.502: [Full GC [PSYoungGen: 69536K->0K(545792K)] [ParOldGen: 670987K->140792K(735744K)] 740524K->140792K(1281536K) [PSPermGen: 9124K->9124K(21504K)], 0.1742960 secs] [Times: user=1.30 sys=0.00, real=0.18 secs] 
78.677: Total time for which application threads were stopped: 0.2304710 seconds, Stopping threads took: 0.0000950 seconds
78.869: Application time: 0.1919380 seconds
78.869: [GC [PSYoungGen: 441344K->68960K(547840K)] 582136K->209752K(1283584K), 0.0404590 secs] [Times: user=0.32 sys=0.00, real=0.04 secs] 
78.909: Total time for which application threads were stopped: 0.0406640 seconds, Stopping threads took: 0.0001160 seconds
79.089: Application time: 0.1800180 seconds
79.090: [GC [PSYoungGen: 510304K->81888K(557568K)] 651096K->272650K(1293312K), 0.0681330 secs] [Times: user=0.54 sys=0.00, real=0.07 secs] 
79.158: Total time for which application threads were stopped: 0.0683260 seconds, Stopping threads took: 0.0000910 seconds
79.365: Application time: 0.2072530 seconds
79.365: [GC [PSYoungGen: 536544K->55653K(559104K)] 727306K->290808K(1294848K), 0.0506460 secs] [Times: user=0.41 sys=0.00, real=0.05 secs] 
79.416: Total time for which application threads were stopped: 0.0508540 seconds, Stopping threads took: 0.0001140 seconds
79.598: Application time: 0.1823200 seconds
79.598: [GC [PSYoungGen: 510309K->90256K(554496K)] 745464K->364439K(1290240K), 0.0637180 secs] [Times: user=0.50 sys=0.00, real=0.06 secs] 
79.662: Total time for which application threads were stopped: 0.0639220 seconds, Stopping threads took: 0.0000940 seconds
79.872: Application time: 0.2095700 seconds
79.872: [GC [PSYoungGen: 541328K->53983K(559104K)] 815511K->373778K(1294848K), 0.0496150 secs] [Times: user=0.39 sys=0.00, real=0.05 secs] 
79.921: Total time for which application threads were stopped: 0.0498140 seconds, Stopping threads took: 0.0001060 seconds
80.096: Application time: 0.1743590 seconds
80.096: [GC [PSYoungGen: 505055K->93568K(549888K)] 824850K->452191K(1285632K), 0.0655150 secs] [Times: user=0.52 sys=0.00, real=0.07 secs] 
80.162: Total time for which application threads were stopped: 0.0656900 seconds, Stopping threads took: 0.0000860 seconds
80.366: Application time: 0.2043570 seconds
80.366: [GC [PSYoungGen: 536448K->52265K(555008K)] 895071K->462335K(1290752K), 0.0524650 secs] [Times: user=0.41 sys=0.00, real=0.06 secs] 
80.419: Total time for which application threads were stopped: 0.0526660 seconds, Stopping threads took: 0.0000870 seconds
80.587: Application time: 0.1684330 seconds
80.587: [GC [PSYoungGen: 495145K->98496K(542208K)] 905215K->545799K(1277952K), 0.0666470 secs] [Times: user=0.52 sys=0.00, real=0.07 secs] 
80.654: Total time for which application threads were stopped: 0.0668380 seconds, Stopping threads took: 0.0001010 seconds
80.855: Application time: 0.2010570 seconds
80.856: [GC [PSYoungGen: 529088K->46144K(548864K)] 976391K->548392K(1284608K), 0.0505680 secs] [Times: user=0.40 sys=0.00, real=0.04 secs] 
80.907: Total time for which application threads were stopped: 0.0518830 seconds, Stopping threads took: 0.0012240 seconds
81.071: Application time: 0.1644090 seconds
81.071: [GC [PSYoungGen: 476736K->95178K(540672K)] 978984K->630543K(1276416K), 0.0634760 secs] [Times: user=0.50 sys=0.00, real=0.06 secs] 
81.135: Total time for which application threads were stopped: 0.0636710 seconds, Stopping threads took: 0.0000930 seconds
81.330: Application time: 0.1956700 seconds
81.331: [GC [PSYoungGen: 517578K->48507K(544768K)] 1052943K->641439K(1280512K), 0.0539770 secs] [Times: user=0.42 sys=0.00, real=0.05 secs] 
81.385: Total time for which application threads were stopped: 0.0541380 seconds, Stopping threads took: 0.0000700 seconds
81.563: Application time: 0.1778950 seconds
81.563: [GC [PSYoungGen: 470907K->84028K(544256K)] 1063839K->710343K(1280000K), 0.0609920 secs] [Times: user=0.49 sys=0.00, real=0.06 secs] 
81.625: Total time for which application threads were stopped: 0.0626480 seconds, Stopping threads took: 0.0000770 seconds
81.816: Application time: 0.1908180 seconds
81.820: [GC [PSYoungGen: 506940K->55147K(478208K)] 1133255K->735481K(1213952K), 0.0554810 secs] [Times: user=0.43 sys=0.00, real=0.05 secs] 
81.876: [Full GC [PSYoungGen: 55147K->0K(478208K)] [ParOldGen: 680333K->131101K(750080K)] 735481K->131101K(1228288K) [PSPermGen: 9126K->9126K(21504K)], 0.1603710 secs] [Times: user=1.20 sys=0.00, real=0.17 secs] 
82.036: Total time for which application threads were stopped: 0.2201300 seconds, Stopping threads took: 0.0041150 seconds
82.216: Application time: 0.1799300 seconds
82.216: [GC [PSYoungGen: 422912K->79750K(544256K)] 554013K->210852K(1294336K), 0.0447040 secs] [Times: user=0.35 sys=0.00, real=0.04 secs] 
82.261: Total time for which application threads were stopped: 0.0448820 seconds, Stopping threads took: 0.0000880 seconds
82.442: Application time: 0.1808550 seconds
82.442: [GC [PSYoungGen: 504710K->64240K(543232K)] 635812K->250307K(1293312K), 0.0605850 secs] [Times: user=0.48 sys=0.00, real=0.06 secs] 
82.503: Total time for which application threads were stopped: 0.0607880 seconds, Stopping threads took: 0.0000940 seconds
82.690: Application time: 0.1872080 seconds
82.690: [GC [PSYoungGen: 489200K->64887K(545280K)] 675267K->289544K(1295360K), 0.0523470 secs] [Times: user=0.41 sys=0.00, real=0.05 secs] 
82.742: Total time for which application threads were stopped: 0.0525360 seconds, Stopping threads took: 0.0001010 seconds
82.920: Application time: 0.1779440 seconds
82.920: [GC [PSYoungGen: 498039K->78928K(544256K)] 722696K->346189K(1294336K), 0.0591410 secs] [Times: user=0.47 sys=0.00, real=0.06 secs] 
82.980: Total time for which application threads were stopped: 0.0593210 seconds, Stopping threads took: 0.0000880 seconds
83.175: Application time: 0.1956860 seconds
83.175: [GC [PSYoungGen: 512080K->58056K(553472K)] 779341K->373089K(1303552K), 0.0524680 secs] [Times: user=0.42 sys=0.00, real=0.05 secs] 
83.228: Total time for which application threads were stopped: 0.0526980 seconds, Stopping threads took: 0.0001240 seconds
83.407: Application time: 0.1785330 seconds
83.407: [GC [PSYoungGen: 503496K->92960K(538624K)] 818529K->447201K(1288704K), 0.0659150 secs] [Times: user=0.52 sys=0.00, real=0.07 secs] 
83.473: Total time for which application threads were stopped: 0.0660890 seconds, Stopping threads took: 0.0000850 seconds
83.686: Application time: 0.2135130 seconds
83.686: [GC [PSYoungGen: 538400K->52032K(554496K)] 892641K->458393K(1304576K), 0.0548190 secs] [Times: user=0.43 sys=0.00, real=0.06 secs] 
83.741: Total time for which application threads were stopped: 0.0550340 seconds, Stopping threads took: 0.0001100 seconds
83.905: Application time: 0.1643110 seconds
83.906: [GC [PSYoungGen: 492864K->95904K(537088K)] 899225K->540009K(1287168K), 0.0650830 secs] [Times: user=0.52 sys=0.00, real=0.07 secs] 
83.971: Total time for which application threads were stopped: 0.0652480 seconds, Stopping threads took: 0.0000750 seconds
84.179: Application time: 0.2085780 seconds
84.179: [GC [PSYoungGen: 536736K->51232K(549888K)] 980841K->546477K(1299968K), 0.0526620 secs] [Times: user=0.42 sys=0.00, real=0.05 secs] 
84.232: Total time for which application threads were stopped: 0.0528720 seconds, Stopping threads took: 0.0001160 seconds
84.394: Application time: 0.1615150 seconds
84.394: [GC [PSYoungGen: 482848K->95530K(527360K)] 978093K->629204K(1277440K), 0.0655940 secs] [Times: user=0.52 sys=0.00, real=0.07 secs] 
84.460: Total time for which application threads were stopped: 0.0657910 seconds, Stopping threads took: 0.0000920 seconds
84.661: Application time: 0.2011770 seconds
84.661: [GC [PSYoungGen: 527146K->47094K(545792K)] 1060820K->635482K(1295872K), 0.0517600 secs] [Times: user=0.41 sys=0.00, real=0.05 secs] 
84.713: Total time for which application threads were stopped: 0.0519440 seconds, Stopping threads took: 0.0000900 seconds
84.876: Application time: 0.1635830 seconds
84.880: [GC [PSYoungGen: 471030K->88895K(513024K)] 1059418K->716312K(1263104K), 0.0636500 secs] [Times: user=0.51 sys=0.00, real=0.06 secs] 
84.944: Total time for which application threads were stopped: 0.0676380 seconds, Stopping threads took: 0.0038960 seconds
85.148: Application time: 0.2045890 seconds
85.149: [GC [PSYoungGen: 512831K->47467K(544768K)] 1140248K->729090K(1294848K), 0.0558700 secs] [Times: user=0.44 sys=0.00, real=0.05 secs] 
85.205: Total time for which application threads were stopped: 0.0560620 seconds, Stopping threads took: 0.0000870 seconds
85.374: Application time: 0.1690270 seconds
85.376: [GC [PSYoungGen: 469355K->79604K(501760K)] 1150978K->795448K(1251840K), 0.0565050 secs] [Times: user=0.44 sys=0.01, real=0.05 secs] 
85.433: [Full GC [PSYoungGen: 79604K->0K(501760K)] [ParOldGen: 715843K->121870K(757760K)] 795448K->121870K(1259520K) [PSPermGen: 9127K->9127K(21504K)], 0.1321120 secs] [Times: user=0.97 sys=0.00, real=0.13 secs] 
85.565: Total time for which application threads were stopped: 0.1913220 seconds, Stopping threads took: 0.0025580 seconds
85.754: Application time: 0.1894980 seconds
85.755: [GC [PSYoungGen: 421888K->72411K(547328K)] 543758K->194281K(1305088K), 0.0446330 secs] [Times: user=0.35 sys=0.00, real=0.05 secs] 
85.799: Total time for which application threads were stopped: 0.0448240 seconds, Stopping threads took: 0.0000910 seconds
85.982: Application time: 0.1823740 seconds
85.982: [GC [PSYoungGen: 498907K->69040K(495616K)] 620777K->243623K(1253376K), 0.0628180 secs] [Times: user=0.50 sys=0.00, real=0.06 secs] 
86.045: Total time for which application threads were stopped: 0.0630180 seconds, Stopping threads took: 0.0001000 seconds
86.219: Application time: 0.1747970 seconds
86.220: [GC [PSYoungGen: 495536K->72128K(545792K)] 670119K->293119K(1303552K), 0.0575120 secs] [Times: user=0.46 sys=0.00, real=0.06 secs] 
86.277: Total time for which application threads were stopped: 0.0577080 seconds, Stopping threads took: 0.0001020 seconds
86.472: Application time: 0.1944770 seconds
86.472: [GC [PSYoungGen: 505792K->62928K(542208K)] 726783K->321238K(1299968K), 0.0509540 secs] [Times: user=0.40 sys=0.00, real=0.05 secs] 
86.523: Total time for which application threads were stopped: 0.0511150 seconds, Stopping threads took: 0.0000630 seconds
86.692: Application time: 0.1696210 seconds
86.692: [GC [PSYoungGen: 496592K->86192K(549888K)] 754902K->387699K(1307648K), 0.0636080 secs] [Times: user=0.51 sys=0.00, real=0.07 secs] 
86.756: Total time for which application threads were stopped: 0.0637910 seconds, Stopping threads took: 0.0000940 seconds
86.954: Application time: 0.1976460 seconds
86.956: [GC [PSYoungGen: 530096K->56960K(552448K)] 831603K->404397K(1310208K), 0.0511790 secs] [Times: user=0.40 sys=0.00, real=0.04 secs] 
87.007: Total time for which application threads were stopped: 0.0536280 seconds, Stopping threads took: 0.0023620 seconds
87.184: Application time: 0.1762700 seconds
87.184: [GC [PSYoungGen: 500864K->92736K(550400K)] 848301K->478512K(1308160K), 0.0667820 secs] [Times: user=0.52 sys=0.00, real=0.07 secs] 
87.251: Total time for which application threads were stopped: 0.0673380 seconds, Stopping threads took: 0.0004520 seconds
87.458: Application time: 0.2065290 seconds
87.458: [GC [PSYoungGen: 535616K->49277K(555008K)] 921392K->488422K(1312768K), 0.0521650 secs] [Times: user=0.41 sys=0.00, real=0.05 secs] 
87.510: Total time for which application threads were stopped: 0.0523640 seconds, Stopping threads took: 0.0001070 seconds
87.683: Application time: 0.1729470 seconds
87.683: [GC [PSYoungGen: 492157K->98826K(542720K)] 931302K->575102K(1300480K), 0.0673610 secs] [Times: user=0.53 sys=0.00, real=0.07 secs] 
87.750: Total time for which application threads were stopped: 0.0675360 seconds, Stopping threads took: 0.0000850 seconds
87.954: Application time: 0.2038800 seconds
87.954: [GC [PSYoungGen: 529418K->41109K(472064K)] 1005694K->573703K(1229824K), 0.0499590 secs] [Times: user=0.39 sys=0.00, real=0.05 secs] 
88.004: Total time for which application threads were stopped: 0.0501490 seconds, Stopping threads took: 0.0000920 seconds
88.167: Application time: 0.1629350 seconds
88.168: [GC [PSYoungGen: 471701K->95424K(538624K)] 1004295K->659427K(1296384K), 0.0625460 secs] [Times: user=0.50 sys=0.00, real=0.07 secs] 
88.230: Total time for which application threads were stopped: 0.0627340 seconds, Stopping threads took: 0.0000980 seconds
88.437: Application time: 0.2065390 seconds
88.440: [GC [PSYoungGen: 514752K->36288K(455680K)] 1078755K->655193K(1213440K), 0.0476680 secs] [Times: user=0.38 sys=0.00, real=0.04 secs] 
88.488: Total time for which application threads were stopped: 0.0512120 seconds, Stopping threads took: 0.0034520 seconds
88.645: Application time: 0.1567400 seconds
88.645: [GC [PSYoungGen: 455616K->93552K(535040K)] 1074521K->740421K(1292800K), 0.0608560 secs] [Times: user=0.48 sys=0.00, real=0.06 secs] 
88.706: Total time for which application threads were stopped: 0.0610510 seconds, Stopping threads took: 0.0000900 seconds
88.894: Application time: 0.1883570 seconds
88.894: [GC [PSYoungGen: 503664K->44928K(538624K)] 1150533K->747238K(1296384K), 0.0498090 secs] [Times: user=0.40 sys=0.00, real=0.05 secs] 
88.944: [Full GC [PSYoungGen: 44928K->0K(538624K)] [ParOldGen: 702310K->132351K(793088K)] 747238K->132351K(1331712K) [PSPermGen: 9128K->9128K(21504K)], 0.1658140 secs] [Times: user=1.21 sys=0.00, real=0.17 secs] 
89.110: Total time for which application threads were stopped: 0.2158630 seconds, Stopping threads took: 0.0000880 seconds
89.277: Application time: 0.1672060 seconds
89.277: [GC [PSYoungGen: 410112K->81073K(534528K)] 542463K->213424K(1327616K), 0.0443510 secs] [Times: user=0.35 sys=0.00, real=0.04 secs] 
89.322: Total time for which application threads were stopped: 0.0445290 seconds, Stopping threads took: 0.0000780 seconds
89.494: Application time: 0.1728270 seconds
89.496: [GC [PSYoungGen: 492209K->70096K(537088K)] 624560K->256797K(1330176K), 0.0631570 secs] [Times: user=0.50 sys=0.01, real=0.06 secs] 
89.559: Total time for which application threads were stopped: 0.0649380 seconds, Stopping threads took: 0.0016910 seconds
89.742: Application time: 0.1829120 seconds
89.742: [GC [PSYoungGen: 481232K->57234K(538624K)] 667933K->287006K(1331712K), 0.0501380 secs] [Times: user=0.39 sys=0.00, real=0.05 secs] 
89.793: Total time for which application threads were stopped: 0.0503210 seconds, Stopping threads took: 0.0000940 seconds
89.956: Application time: 0.1636970 seconds
89.956: [GC [PSYoungGen: 477586K->87097K(538112K)] 707358K->358124K(1331200K), 0.0629970 secs] [Times: user=0.49 sys=0.00, real=0.06 secs] 
90.020: Total time for which application threads were stopped: 0.0631830 seconds, Stopping threads took: 0.0000850 seconds
90.223: Application time: 0.2036600 seconds
90.223: [GC [PSYoungGen: 507449K->40787K(547328K)] 778476K->363554K(1340416K), 0.0490260 secs] [Times: user=0.39 sys=0.00, real=0.05 secs] 
90.272: Total time for which application threads were stopped: 0.0492350 seconds, Stopping threads took: 0.0001190 seconds
90.435: Application time: 0.1621950 seconds
90.435: [GC [PSYoungGen: 468307K->100736K(528384K)] 791074K->455299K(1321472K), 0.0669650 secs] [Times: user=0.53 sys=0.00, real=0.07 secs] 
90.502: Total time for which application threads were stopped: 0.0671360 seconds, Stopping threads took: 0.0000790 seconds
90.708: Application time: 0.2062730 seconds
90.708: [GC [PSYoungGen: 528256K->35717K(539136K)] 882819K->444089K(1332224K), 0.0452560 secs] [Times: user=0.36 sys=0.00, real=0.04 secs] 
90.753: Total time for which application threads were stopped: 0.0454410 seconds, Stopping threads took: 0.0000870 seconds
90.902: Application time: 0.1483850 seconds
90.902: [GC [PSYoungGen: 447877K->96420K(508928K)] 856249K->532866K(1302016K), 0.0610070 secs] [Times: user=0.48 sys=0.00, real=0.06 secs] 
90.963: Total time for which application threads were stopped: 0.0611800 seconds, Stopping threads took: 0.0000800 seconds
91.161: Application time: 0.1982510 seconds
91.161: [GC [PSYoungGen: 508580K->40720K(536064K)] 945026K->532825K(1329152K), 0.0489880 secs] [Times: user=0.39 sys=0.00, real=0.05 secs] 
91.210: Total time for which application threads were stopped: 0.0491720 seconds, Stopping threads took: 0.0000930 seconds
91.367: Application time: 0.1568460 seconds
91.367: [GC [PSYoungGen: 444688K->84715K(535040K)] 936793K->608687K(1328128K), 0.0593190 secs] [Times: user=0.46 sys=0.00, real=0.06 secs] 
91.427: Total time for which application threads were stopped: 0.0595130 seconds, Stopping threads took: 0.0000900 seconds
91.605: Application time: 0.1777010 seconds
91.605: [GC [PSYoungGen: 488683K->60912K(527872K)] 1012655K->638958K(1320960K), 0.0577750 secs] [Times: user=0.46 sys=0.00, real=0.06 secs] 
91.662: Total time for which application threads were stopped: 0.0579470 seconds, Stopping threads took: 0.0000860 seconds
91.840: Application time: 0.1780160 seconds
91.841: [GC [PSYoungGen: 465904K->62903K(531456K)] 1043950K->679517K(1324544K), 0.0529210 secs] [Times: user=0.42 sys=0.00, real=0.05 secs] 
91.894: Total time for which application threads were stopped: 0.0531050 seconds, Stopping threads took: 0.0000920 seconds
92.058: Application time: 0.1647910 seconds
92.059: [GC [PSYoungGen: 467895K->78205K(539136K)] 1084509K->739858K(1332224K), 0.0616000 secs] [Times: user=0.49 sys=0.00, real=0.06 secs] 
92.120: Total time for which application threads were stopped: 0.0617840 seconds, Stopping threads took: 0.0000840 seconds
92.314: Application time: 0.1941950 seconds
92.315: [GC [PSYoungGen: 497533K->47401K(539136K)] 1159186K->751803K(1332224K), 0.0474590 secs] [Times: user=0.37 sys=0.00, real=0.05 secs] 
92.362: Total time for which application threads were stopped: 0.0476540 seconds, Stopping threads took: 0.0001000 seconds
92.522: Application time: 0.1602470 seconds
92.522: [GC [PSYoungGen: 466729K->91274K(540672K)] 1171131K->830032K(1333760K), 0.0626660 secs] [Times: user=0.49 sys=0.01, real=0.06 secs] 
92.585: [Full GC [PSYoungGen: 91274K->0K(540672K)] [ParOldGen: 738758K->150760K(825856K)] 830032K->150760K(1366528K) [PSPermGen: 9129K->9129K(21504K)], 0.1822320 secs] [Times: user=1.35 sys=0.00, real=0.18 secs] 
92.767: Total time for which application threads were stopped: 0.2451260 seconds, Stopping threads took: 0.0000820 seconds
92.967: Application time: 0.1997810 seconds
92.967: [GC [PSYoungGen: 422400K->54736K(544768K)] 573160K->205496K(1370624K), 0.0375630 secs] [Times: user=0.29 sys=0.00, real=0.04 secs] 
93.005: Total time for which application threads were stopped: 0.0377400 seconds, Stopping threads took: 0.0000770 seconds
93.164: Application time: 0.1595510 seconds
93.165: [GC [PSYoungGen: 477136K->93712K(538624K)] 627896K->290463K(1364480K), 0.0726300 secs] [Times: user=0.58 sys=0.00, real=0.08 secs] 
93.237: Total time for which application threads were stopped: 0.0728020 seconds, Stopping threads took: 0.0000810 seconds
93.434: Application time: 0.1965340 seconds
93.436: [GC [PSYoungGen: 513040K->44224K(543232K)] 709791K->295540K(1369088K), 0.0499630 secs] [Times: user=0.39 sys=0.00, real=0.04 secs] 
93.486: Total time for which application threads were stopped: 0.0523410 seconds, Stopping threads took: 0.0022850 seconds
93.646: Application time: 0.1600530 seconds
93.646: [GC [PSYoungGen: 463552K->89349K(539136K)] 714868K->372859K(1364992K), 0.0589820 secs] [Times: user=0.47 sys=0.00, real=0.06 secs] 
93.705: Total time for which application threads were stopped: 0.0591710 seconds, Stopping threads took: 0.0000840 seconds
93.893: Application time: 0.1871240 seconds
93.893: [GC [PSYoungGen: 505605K->55984K(472576K)] 789115K->392844K(1298432K), 0.0542390 secs] [Times: user=0.40 sys=0.00, real=0.05 secs] 
93.947: Total time for which application threads were stopped: 0.0544180 seconds, Stopping threads took: 0.0000920 seconds
94.120: Application time: 0.1735380 seconds
94.121: [GC [PSYoungGen: 472240K->75991K(543744K)] 809100K->452593K(1369600K), 0.0579730 secs] [Times: user=0.45 sys=0.00, real=0.06 secs] 
94.179: Total time for which application threads were stopped: 0.0581600 seconds, Stopping threads took: 0.0000950 seconds
94.366: Application time: 0.1870700 seconds
94.366: [GC [PSYoungGen: 497367K->66720K(488448K)] 873969K->496219K(1314304K), 0.0619900 secs] [Times: user=0.49 sys=0.00, real=0.06 secs] 
94.428: Total time for which application threads were stopped: 0.0621980 seconds, Stopping threads took: 0.0001050 seconds
94.613: Application time: 0.1848580 seconds
94.613: [GC [PSYoungGen: 488096K->63156K(543744K)] 917595K->536839K(1369600K), 0.0551220 secs] [Times: user=0.43 sys=0.00, real=0.06 secs] 
94.668: Total time for which application threads were stopped: 0.0553270 seconds, Stopping threads took: 0.0001060 seconds
94.844: Application time: 0.1756140 seconds
94.844: [GC [PSYoungGen: 491700K->77328K(540160K)] 965383K->591891K(1366016K), 0.0609940 secs] [Times: user=0.48 sys=0.00, real=0.06 secs] 
94.905: Total time for which application threads were stopped: 0.0611930 seconds, Stopping threads took: 0.0001060 seconds
95.097: Application time: 0.1925110 seconds
95.098: [GC [PSYoungGen: 505872K->51858K(551936K)] 1020435K->610245K(1377792K), 0.0481160 secs] [Times: user=0.38 sys=0.00, real=0.04 secs] 
95.146: Total time for which application threads were stopped: 0.0483150 seconds, Stopping threads took: 0.0000950 seconds
95.324: Application time: 0.1784880 seconds
95.328: [GC [PSYoungGen: 493202K->83184K(550912K)] 1051589K->677140K(1376768K), 0.0605830 secs] [Times: user=0.48 sys=0.00, real=0.06 secs] 
95.389: Total time for which application threads were stopped: 0.0645280 seconds, Stopping threads took: 0.0038610 seconds
95.589: Application time: 0.1998310 seconds
95.589: [GC [PSYoungGen: 524528K->47969K(556544K)] 1118484K->687190K(1382400K), 0.0475200 secs] [Times: user=0.37 sys=0.00, real=0.05 secs] 
95.636: Total time for which application threads were stopped: 0.0477060 seconds, Stopping threads took: 0.0000940 seconds
95.811: Application time: 0.1749500 seconds
95.811: [GC [PSYoungGen: 493409K->91824K(537600K)] 1132630K->761924K(1363456K), 0.0615520 secs] [Times: user=0.49 sys=0.00, real=0.06 secs] 
95.873: Total time for which application threads were stopped: 0.0617320 seconds, Stopping threads took: 0.0000780 seconds
96.082: Application time: 0.2093020 seconds
96.082: [GC [PSYoungGen: 537264K->43506K(551936K)] 1207364K->759106K(1377792K), 0.0449410 secs] [Times: user=0.35 sys=0.00, real=0.04 secs] 
96.127: Total time for which application threads were stopped: 0.0451370 seconds, Stopping threads took: 0.0001050 seconds
96.292: Application time: 0.1647550 seconds
96.292: [GC [PSYoungGen: 480242K->94560K(531456K)] 1195842K->840349K(1357312K), 0.0612370 secs] [Times: user=0.49 sys=0.00, real=0.06 secs] 
96.354: Total time for which application threads were stopped: 0.0614160 seconds, Stopping threads took: 0.0000900 seconds
96.562: Application time: 0.2083710 seconds
96.562: [GC [PSYoungGen: 531296K->48448K(547840K)] 1277085K->843447K(1373696K), 0.0476340 secs] [Times: user=0.36 sys=0.02, real=0.05 secs] 
96.610: [Full GC [PSYoungGen: 48448K->0K(547840K)] [ParOldGen: 794998K->129465K(823296K)] 843447K->129465K(1371136K) [PSPermGen: 9130K->9130K(21504K)], 0.1632020 secs] [Times: user=1.18 sys=0.00, real=0.16 secs] 
96.773: Total time for which application threads were stopped: 0.2110830 seconds, Stopping threads took: 0.0000880 seconds
96.936: Application time: 0.1626730 seconds
96.936: [GC [PSYoungGen: 426880K->94998K(522240K)] 556345K->224463K(1345536K), 0.0493430 secs] [Times: user=0.39 sys=0.00, real=0.05 secs] 
96.985: Total time for which application threads were stopped: 0.0495350 seconds, Stopping threads took: 0.0000970 seconds
97.184: Application time: 0.1983220 seconds
97.186: [GC [PSYoungGen: 522006K->50512K(544768K)] 651471K->237482K(1368064K), 0.0556780 secs] [Times: user=0.44 sys=0.01, real=0.06 secs] 
97.242: Total time for which application threads were stopped: 0.0582220 seconds, Stopping threads took: 0.0024450 seconds
97.411: Application time: 0.1695150 seconds
97.412: [GC [PSYoungGen: 470864K->89770K(510464K)] 657834K->312431K(1333760K), 0.0649200 secs] [Times: user=0.47 sys=0.00, real=0.07 secs] 
97.477: Total time for which application threads were stopped: 0.0659540 seconds, Stopping threads took: 0.0009450 seconds
97.661: Application time: 0.1840390 seconds
97.661: [GC [PSYoungGen: 510122K->57289K(545280K)] 732783K->337392K(1368576K), 0.0566010 secs] [Times: user=0.44 sys=0.00, real=0.06 secs] 
97.718: Total time for which application threads were stopped: 0.0567820 seconds, Stopping threads took: 0.0000930 seconds
97.889: Application time: 0.1705550 seconds
97.889: [GC [PSYoungGen: 477641K->72906K(493568K)] 757744K->391842K(1316864K), 0.0566180 secs] [Times: user=0.44 sys=0.00, real=0.05 secs] 
97.946: Total time for which application threads were stopped: 0.0568110 seconds, Stopping threads took: 0.0000880 seconds
98.127: Application time: 0.1819230 seconds
98.128: [GC [PSYoungGen: 493258K->70162K(542720K)] 812194K->435672K(1366016K), 0.0593220 secs] [Times: user=0.48 sys=0.00, real=0.06 secs] 
98.187: Total time for which application threads were stopped: 0.0595030 seconds, Stopping threads took: 0.0000920 seconds
98.372: Application time: 0.1849140 seconds
98.380: [GC [PSYoungGen: 495122K->59393K(538112K)] 860632K->475355K(1361408K), 0.0552540 secs] [Times: user=0.44 sys=0.00, real=0.05 secs] 
98.435: Total time for which application threads were stopped: 0.0633510 seconds, Stopping threads took: 0.0080090 seconds
98.609: Application time: 0.1734560 seconds
98.609: [GC [PSYoungGen: 484353K->82538K(545792K)] 900315K->541518K(1369088K), 0.0623960 secs] [Times: user=0.50 sys=0.00, real=0.06 secs] 
98.671: Total time for which application threads were stopped: 0.0626070 seconds, Stopping threads took: 0.0001160 seconds
98.867: Application time: 0.1958950 seconds
98.867: [GC [PSYoungGen: 517738K->54839K(546816K)] 976718K->563439K(1370112K), 0.0533770 secs] [Times: user=0.42 sys=0.00, real=0.06 secs] 
98.921: Total time for which application threads were stopped: 0.0535530 seconds, Stopping threads took: 0.0000880 seconds
99.092: Application time: 0.1714460 seconds
99.096: [GC [PSYoungGen: 490039K->82544K(553984K)] 998639K->628728K(1377280K), 0.0605640 secs] [Times: user=0.48 sys=0.00, real=0.06 secs] 
99.157: Total time for which application threads were stopped: 0.0645980 seconds, Stopping threads took: 0.0039430 seconds
99.359: Application time: 0.2024150 seconds
99.360: [GC [PSYoungGen: 526448K->54909K(555008K)] 1072632K->647345K(1378304K), 0.0516790 secs] [Times: user=0.40 sys=0.00, real=0.05 secs] 
99.412: Total time for which application threads were stopped: 0.0527570 seconds, Stopping threads took: 0.0009730 seconds
99.585: Application time: 0.1731040 seconds
99.585: [GC [PSYoungGen: 498813K->88226K(551424K)] 1091249K->720299K(1374720K), 0.0628400 secs] [Times: user=0.48 sys=0.01, real=0.06 secs] 
99.648: Total time for which application threads were stopped: 0.0630090 seconds, Stopping threads took: 0.0000740 seconds
99.858: Application time: 0.2102830 seconds
99.860: [GC [PSYoungGen: 530082K->49664K(554496K)] 1162155K->727649K(1377792K), 0.0495770 secs] [Times: user=0.40 sys=0.00, real=0.05 secs] 
99.910: Total time for which application threads were stopped: 0.0514680 seconds, Stopping threads took: 0.0018020 seconds
100.083: Application time: 0.1731990 seconds
100.084: [GC [PSYoungGen: 491520K->90440K(547840K)] 1169505K->804019K(1371136K), 0.0631500 secs] [Times: user=0.50 sys=0.00, real=0.06 secs] 
100.147: Total time for which application threads were stopped: 0.0643220 seconds, Stopping threads took: 0.0010650 seconds
100.347: Application time: 0.2000310 seconds
100.348: [GC [PSYoungGen: 526152K->50016K(551424K)] 1239731K->812808K(1374720K), 0.0499330 secs] [Times: user=0.39 sys=0.00, real=0.06 secs] 
100.398: Total time for which application threads were stopped: 0.0501310 seconds, Stopping threads took: 0.0001100 seconds
100.570: Application time: 0.1728750 seconds
100.572: [GC [PSYoungGen: 485728K->82395K(550400K)] 1248520K->879859K(1373696K), 0.0576560 secs] [Times: user=0.46 sys=0.00, real=0.06 secs] 
100.630: [Full GC [PSYoungGen: 82395K->0K(550400K)] [ParOldGen: 797463K->130803K(843776K)] 879859K->130803K(1394176K) [PSPermGen: 9131K->9131K(21504K)], 0.1468530 secs] [Times: user=1.08 sys=0.00, real=0.15 secs] 
100.777: Total time for which application threads were stopped: 0.2063720 seconds, Stopping threads took: 0.0017140 seconds
100.976: Application time: 0.1991500 seconds
100.976: [GC [PSYoungGen: 435712K->70365K(506368K)] 566515K->201169K(1350144K), 0.0444820 secs] [Times: user=0.34 sys=0.01, real=0.04 secs] 
101.021: Total time for which application threads were stopped: 0.0446820 seconds, Stopping threads took: 0.0000880 seconds
101.198: Application time: 0.1777130 seconds
101.198: [GC [PSYoungGen: 506077K->77241K(549376K)] 636881K->263069K(1393152K), 0.0678640 secs] [Times: user=0.54 sys=0.00, real=0.06 secs] 
101.266: Total time for which application threads were stopped: 0.0680600 seconds, Stopping threads took: 0.0001070 seconds
101.457: Application time: 0.1908270 seconds
101.457: [GC [PSYoungGen: 515513K->60416K(547840K)] 701341K->292149K(1391616K), 0.0532850 secs] [Times: user=0.42 sys=0.00, real=0.05 secs] 
101.511: Total time for which application threads were stopped: 0.0534690 seconds, Stopping threads took: 0.0000920 seconds
101.698: Application time: 0.1877390 seconds
101.699: [GC [PSYoungGen: 498688K->67851K(553984K)] 730421K->334482K(1397760K), 0.0519600 secs] [Times: user=0.41 sys=0.00, real=0.05 secs] 
101.751: Total time for which application threads were stopped: 0.0521490 seconds, Stopping threads took: 0.0000900 seconds
101.945: Application time: 0.1947660 seconds
101.945: [GC [PSYoungGen: 517899K->67406K(553984K)] 784530K->377212K(1397760K), 0.0548500 secs] [Times: user=0.43 sys=0.00, real=0.06 secs] 
102.000: Total time for which application threads were stopped: 0.0550190 seconds, Stopping threads took: 0.0000710 seconds
102.195: Application time: 0.1943620 seconds
102.196: [GC [PSYoungGen: 517454K->68151K(560128K)] 827260K->413967K(1403904K), 0.0513320 secs] [Times: user=0.41 sys=0.00, real=0.04 secs] 
102.248: Total time for which application threads were stopped: 0.0527880 seconds, Stopping threads took: 0.0013680 seconds
102.442: Application time: 0.1944390 seconds
102.442: [GC [PSYoungGen: 530487K->67382K(560128K)] 876303K->455418K(1403904K), 0.0546020 secs] [Times: user=0.44 sys=0.00, real=0.06 secs] 
102.497: Total time for which application threads were stopped: 0.0548100 seconds, Stopping threads took: 0.0001050 seconds
102.696: Application time: 0.1994580 seconds
102.696: [GC [PSYoungGen: 529718K->70311K(567296K)] 917754K->493016K(1411072K), 0.0533550 secs] [Times: user=0.39 sys=0.00, real=0.05 secs] 
102.750: Total time for which application threads were stopped: 0.0535520 seconds, Stopping threads took: 0.0001110 seconds
102.949: Application time: 0.1996080 seconds
102.950: [GC [PSYoungGen: 543911K->66357K(566784K)] 966616K->529900K(1410560K), 0.0533120 secs] [Times: user=0.43 sys=0.00, real=0.05 secs] 
103.003: Total time for which application threads were stopped: 0.0534740 seconds, Stopping threads took: 0.0000580 seconds
103.204: Application time: 0.2006370 seconds
103.204: [GC [PSYoungGen: 539957K->71254K(572416K)] 1003500K->567705K(1416192K), 0.0512040 secs] [Times: user=0.39 sys=0.00, real=0.05 secs] 
103.255: Total time for which application threads were stopped: 0.0513850 seconds, Stopping threads took: 0.0000920 seconds
103.464: Application time: 0.2089770 seconds
103.464: [GC [PSYoungGen: 553046K->63448K(571904K)] 1049497K->596670K(1415680K), 0.0503850 secs] [Times: user=0.39 sys=0.01, real=0.05 secs] 
103.514: Total time for which application threads were stopped: 0.0505860 seconds, Stopping threads took: 0.0000980 seconds
103.717: Application time: 0.2022620 seconds
103.720: [GC [PSYoungGen: 545240K->76754K(574464K)] 1078462K->637206K(1418240K), 0.0509230 secs] [Times: user=0.40 sys=0.00, real=0.05 secs] 
103.771: Total time for which application threads were stopped: 0.0543670 seconds, Stopping threads took: 0.0033570 seconds
103.987: Application time: 0.2163900 seconds
103.988: [GC [PSYoungGen: 562130K->60089K(575488K)] 1122582K->655102K(1419264K), 0.0469770 secs] [Times: user=0.37 sys=0.00, real=0.05 secs] 
104.035: Total time for which application threads were stopped: 0.0471740 seconds, Stopping threads took: 0.0000940 seconds
104.236: Application time: 0.2016850 seconds
104.240: [GC [PSYoungGen: 545465K->78630K(574464K)] 1140478K->704801K(1418240K), 0.0532520 secs] [Times: user=0.42 sys=0.00, real=0.05 secs] 
104.293: Total time for which application threads were stopped: 0.0571050 seconds, Stopping threads took: 0.0037610 seconds
104.505: Application time: 0.2117670 seconds
104.505: [GC [PSYoungGen: 563494K->62180K(576000K)] 1189665K->720033K(1419776K), 0.0459870 secs] [Times: user=0.36 sys=0.00, real=0.05 secs] 
104.551: Total time for which application threads were stopped: 0.0461910 seconds, Stopping threads took: 0.0001020 seconds
104.757: Application time: 0.2057500 seconds
104.757: [GC [PSYoungGen: 547044K->76264K(574976K)] 1204897K->762066K(1418752K), 0.0511090 secs] [Times: user=0.41 sys=0.00, real=0.05 secs] 
104.808: Total time for which application threads were stopped: 0.0513030 seconds, Stopping threads took: 0.0001050 seconds
105.015: Application time: 0.2068650 seconds
105.015: [GC [PSYoungGen: 561128K->63980K(548864K)] 1246930K->782264K(1392640K), 0.0475760 secs] [Times: user=0.38 sys=0.00, real=0.05 secs] 
105.063: Total time for which application threads were stopped: 0.0477440 seconds, Stopping threads took: 0.0000660 seconds
105.269: Application time: 0.2057400 seconds
105.269: [GC [PSYoungGen: 548844K->77057K(574464K)] 1267128K->829171K(1418240K), 0.0555090 secs] [Times: user=0.44 sys=0.00, real=0.05 secs] 
105.325: Total time for which application threads were stopped: 0.0557090 seconds, Stopping threads took: 0.0001020 seconds
105.527: Application time: 0.2027040 seconds
105.527: [GC [PSYoungGen: 561921K->71716K(575488K)] 1314035K->865441K(1419264K), 0.0558220 secs] [Times: user=0.42 sys=0.00, real=0.06 secs] 
105.583: Total time for which application threads were stopped: 0.0561180 seconds, Stopping threads took: 0.0001910 seconds
105.796: Application time: 0.2126180 seconds
105.796: [GC [PSYoungGen: 556580K->71355K(573440K)] 1350305K->902154K(1417216K), 0.0534730 secs] [Times: user=0.42 sys=0.00, real=0.05 secs] 
105.850: [Full GC [PSYoungGen: 71355K->0K(573440K)] [ParOldGen: 830799K->128607K(852480K)] 902154K->128607K(1425920K) [PSPermGen: 9131K->9131K(21504K)], 0.1530500 secs] [Times: user=1.13 sys=0.00, real=0.15 secs] 
106.003: Total time for which application threads were stopped: 0.2067680 seconds, Stopping threads took: 0.0000890 seconds
106.204: Application time: 0.2007600 seconds
106.204: [GC [PSYoungGen: 486912K->87129K(574464K)] 615519K->215737K(1426944K), 0.0473640 secs] [Times: user=0.37 sys=0.00, real=0.05 secs] 
106.251: Total time for which application threads were stopped: 0.0475990 seconds, Stopping threads took: 0.0001300 seconds
106.473: Application time: 0.2218940 seconds
106.473: [GC [PSYoungGen: 574041K->69362K(576000K)] 702649K->244334K(1428480K), 0.0596840 secs] [Times: user=0.47 sys=0.00, real=0.06 secs] 
106.533: Total time for which application threads were stopped: 0.0599860 seconds, Stopping threads took: 0.0002130 seconds
106.731: Application time: 0.1982120 seconds
106.731: [GC [PSYoungGen: 552690K->85975K(569344K)] 727662K->306293K(1421824K), 0.0641860 secs] [Times: user=0.51 sys=0.00, real=0.06 secs] 
106.796: Total time for which application threads were stopped: 0.0643850 seconds, Stopping threads took: 0.0000970 seconds
107.009: Application time: 0.2130610 seconds
107.009: [GC [PSYoungGen: 569303K->67644K(573952K)] 789621K->334591K(1426432K), 0.0559220 secs] [Times: user=0.44 sys=0.00, real=0.05 secs] 
107.065: Total time for which application threads were stopped: 0.0561210 seconds, Stopping threads took: 0.0001100 seconds
107.262: Application time: 0.1970710 seconds
107.262: [GC [PSYoungGen: 547388K->89968K(569856K)] 814335K->401570K(1422336K), 0.0680720 secs] [Times: user=0.54 sys=0.00, real=0.07 secs] 
107.330: Total time for which application threads were stopped: 0.0682780 seconds, Stopping threads took: 0.0001040 seconds
107.540: Application time: 0.2102530 seconds
107.541: [GC [PSYoungGen: 569712K->61351K(569856K)] 881314K->424465K(1422336K), 0.0560340 secs] [Times: user=0.44 sys=0.00, real=0.06 secs] 
107.597: Total time for which application threads were stopped: 0.0562970 seconds, Stopping threads took: 0.0001750 seconds
107.792: Application time: 0.1950010 seconds
107.792: [GC [PSYoungGen: 533927K->85547K(558592K)] 897041K->485562K(1411072K), 0.0614770 secs] [Times: user=0.49 sys=0.00, real=0.06 secs] 
107.853: Total time for which application threads were stopped: 0.0616880 seconds, Stopping threads took: 0.0000890 seconds
108.060: Application time: 0.2067410 seconds
108.064: [GC [PSYoungGen: 558123K->60487K(567808K)] 958138K->512105K(1420288K), 0.0550160 secs] [Times: user=0.44 sys=0.00, real=0.06 secs] 
108.119: Total time for which application threads were stopped: 0.0590720 seconds, Stopping threads took: 0.0039630 seconds
108.315: Application time: 0.1958090 seconds
108.315: [GC [PSYoungGen: 528455K->82032K(550400K)] 980073K->569544K(1402880K), 0.0589230 secs] [Times: user=0.47 sys=0.00, real=0.06 secs] 
108.374: Total time for which application threads were stopped: 0.0591150 seconds, Stopping threads took: 0.0000880 seconds
108.582: Application time: 0.2079020 seconds
108.582: [GC [PSYoungGen: 550000K->62554K(567808K)] 1037512K->599471K(1420288K), 0.0566140 secs] [Times: user=0.44 sys=0.00, real=0.06 secs] 
108.639: Total time for which application threads were stopped: 0.0568140 seconds, Stopping threads took: 0.0001060 seconds
108.833: Application time: 0.1943350 seconds
108.833: [GC [PSYoungGen: 530010K->80312K(566784K)] 1066927K->652282K(1419264K), 0.0578080 secs] [Times: user=0.46 sys=0.00, real=0.06 secs] 
108.891: Total time for which application threads were stopped: 0.0580190 seconds, Stopping threads took: 0.0001100 seconds
109.098: Application time: 0.2070000 seconds
109.098: [GC [PSYoungGen: 547768K->61056K(567296K)] 1119738K->677563K(1419776K), 0.0533020 secs] [Times: user=0.42 sys=0.00, real=0.05 secs] 
109.152: Total time for which application threads were stopped: 0.0534800 seconds, Stopping threads took: 0.0000910 seconds
109.348: Application time: 0.1965620 seconds
109.352: [GC [PSYoungGen: 529024K->76615K(544768K)] 1145531K->726832K(1397248K), 0.0554650 secs] [Times: user=0.44 sys=0.00, real=0.05 secs] 
109.408: Total time for which application threads were stopped: 0.0594160 seconds, Stopping threads took: 0.0038500 seconds
109.617: Application time: 0.2096650 seconds
109.617: [GC [PSYoungGen: 544583K->61296K(567296K)] 1194800K->752402K(1419776K), 0.0523600 secs] [Times: user=0.42 sys=0.00, real=0.05 secs] 
109.670: Total time for which application threads were stopped: 0.0525290 seconds, Stopping threads took: 0.0000800 seconds
109.860: Application time: 0.1904070 seconds
109.860: [GC [PSYoungGen: 530288K->78618K(566784K)] 1221394K->801927K(1419264K), 0.0544290 secs] [Times: user=0.43 sys=0.00, real=0.05 secs] 
109.915: Total time for which application threads were stopped: 0.0546090 seconds, Stopping threads took: 0.0000780 seconds
110.124: Application time: 0.2086210 seconds
110.124: [GC [PSYoungGen: 547610K->59392K(568832K)] 1270919K->823433K(1421312K), 0.0504530 secs] [Times: user=0.40 sys=0.00, real=0.05 secs] 
110.174: Total time for which application threads were stopped: 0.0506270 seconds, Stopping threads took: 0.0000890 seconds
110.371: Application time: 0.1970590 seconds
110.371: [GC [PSYoungGen: 530944K->75509K(568832K)] 1294985K->871860K(1421312K), 0.0538730 secs] [Times: user=0.42 sys=0.00, real=0.05 secs] 
110.425: Total time for which application threads were stopped: 0.0540650 seconds, Stopping threads took: 0.0000910 seconds
110.635: Application time: 0.2099710 seconds
110.635: [GC [PSYoungGen: 547061K->62624K(568832K)] 1343412K->891053K(1421312K), 0.0490820 secs] [Times: user=0.38 sys=0.00, real=0.05 secs] 
110.685: [Full GC [PSYoungGen: 62624K->0K(568832K)] [ParOldGen: 828428K->122474K(873472K)] 891053K->122474K(1442304K) [PSPermGen: 9131K->9131K(21504K)], 0.1458830 secs] [Times: user=1.07 sys=0.00, real=0.15 secs] 
110.830: Total time for which application threads were stopped: 0.1952100 seconds, Stopping threads took: 0.0000890 seconds
111.029: Application time: 0.1983870 seconds
111.029: [GC [PSYoungGen: 473600K->80743K(568832K)] 596074K->203217K(1442304K), 0.0436550 secs] [Times: user=0.34 sys=0.00, real=0.04 secs] 
111.073: Total time for which application threads were stopped: 0.0438300 seconds, Stopping threads took: 0.0000770 seconds
111.279: Application time: 0.2063440 seconds
111.279: [GC [PSYoungGen: 554343K->63104K(570880K)] 676817K->228288K(1444352K), 0.0540980 secs] [Times: user=0.43 sys=0.00, real=0.05 secs] 
111.333: Total time for which application threads were stopped: 0.0542780 seconds, Stopping threads took: 0.0000910 seconds
111.531: Application time: 0.1975920 seconds
111.531: [GC [PSYoungGen: 537728K->71730K(546816K)] 702912K->271559K(1420288K), 0.0509620 secs] [Times: user=0.41 sys=0.00, real=0.05 secs] 
111.582: Total time for which application threads were stopped: 0.0511490 seconds, Stopping threads took: 0.0000840 seconds
111.790: Application time: 0.2074500 seconds
111.790: [GC [PSYoungGen: 546354K->61755K(569856K)] 746183K->286215K(1443328K), 0.0421700 secs] [Times: user=0.33 sys=0.00, real=0.04 secs] 
111.832: Total time for which application threads were stopped: 0.0423410 seconds, Stopping threads took: 0.0000810 seconds
112.033: Application time: 0.2010800 seconds
112.033: [GC [PSYoungGen: 537915K->68411K(568832K)] 762375K->325226K(1442304K), 0.0486380 secs] [Times: user=0.38 sys=0.00, real=0.05 secs] 
112.082: Total time for which application threads were stopped: 0.0488390 seconds, Stopping threads took: 0.0000900 seconds
112.289: Application time: 0.2069740 seconds
112.289: [GC [PSYoungGen: 544571K->66376K(572928K)] 801386K->350838K(1446400K), 0.0448590 secs] [Times: user=0.36 sys=0.00, real=0.04 secs] 
112.334: Total time for which application threads were stopped: 0.0450890 seconds, Stopping threads took: 0.0000830 seconds
112.538: Application time: 0.2045100 seconds
112.539: [GC [PSYoungGen: 548680K->67520K(571392K)] 833142K->386983K(1444864K), 0.0480950 secs] [Times: user=0.38 sys=0.00, real=0.04 secs] 
112.588: Total time for which application threads were stopped: 0.0497990 seconds, Stopping threads took: 0.0000960 seconds
112.792: Application time: 0.2036490 seconds
112.796: [GC [PSYoungGen: 549824K->71160K(576000K)] 869287K->419747K(1449472K), 0.0472540 secs] [Times: user=0.37 sys=0.00, real=0.04 secs] 
112.844: Total time for which application threads were stopped: 0.0516930 seconds, Stopping threads took: 0.0043510 seconds
113.059: Application time: 0.2155630 seconds
113.059: [GC [PSYoungGen: 559608K->64848K(574976K)] 908195K->448406K(1448448K), 0.0495170 secs] [Times: user=0.39 sys=0.00, real=0.05 secs] 
113.109: Total time for which application threads were stopped: 0.0497140 seconds, Stopping threads took: 0.0000930 seconds
113.305: Application time: 0.1957420 seconds
113.305: [GC [PSYoungGen: 553296K->78609K(576512K)] 936854K->494310K(1449984K), 0.0526350 secs] [Times: user=0.41 sys=0.00, real=0.06 secs] 
113.357: Total time for which application threads were stopped: 0.0528100 seconds, Stopping threads took: 0.0000840 seconds
113.576: Application time: 0.2185830 seconds
113.580: [GC [PSYoungGen: 569617K->61995K(578560K)] 985318K->514193K(1452032K), 0.0472960 secs] [Times: user=0.37 sys=0.00, real=0.04 secs] 
113.628: Total time for which application threads were stopped: 0.0515930 seconds, Stopping threads took: 0.0041910 seconds
113.822: Application time: 0.1940640 seconds
113.822: [GC [PSYoungGen: 553003K->86159K(570880K)] 1005201K->570383K(1444352K), 0.0557030 secs] [Times: user=0.43 sys=0.00, real=0.06 secs] 
113.877: Total time for which application threads were stopped: 0.0558920 seconds, Stopping threads took: 0.0000960 seconds
114.093: Application time: 0.2159660 seconds
114.094: [GC [PSYoungGen: 569999K->65330K(575488K)] 1054223K->588243K(1448960K), 0.0500830 secs] [Times: user=0.40 sys=0.00, real=0.05 secs] 
114.144: Total time for which application threads were stopped: 0.0502760 seconds, Stopping threads took: 0.0000870 seconds
114.343: Application time: 0.1991710 seconds
114.343: [GC [PSYoungGen: 549170K->84192K(570368K)] 1072083K->648057K(1443840K), 0.0622510 secs] [Times: user=0.49 sys=0.00, real=0.06 secs] 
114.405: Total time for which application threads were stopped: 0.0624370 seconds, Stopping threads took: 0.0000960 seconds
114.615: Application time: 0.2100740 seconds
114.616: [GC [PSYoungGen: 563936K->71138K(573440K)] 1127801K->683734K(1446912K), 0.0595250 secs] [Times: user=0.46 sys=0.00, real=0.05 secs] 
114.676: Total time for which application threads were stopped: 0.0603180 seconds, Stopping threads took: 0.0006860 seconds
114.881: Application time: 0.2052870 seconds
114.881: [GC [PSYoungGen: 550882K->79520K(573440K)] 1163478K->734502K(1446912K), 0.0630180 secs] [Times: user=0.50 sys=0.00, real=0.06 secs] 
114.944: Total time for which application threads were stopped: 0.0631960 seconds, Stopping threads took: 0.0000860 seconds
115.152: Application time: 0.2081410 seconds
115.153: [GC [PSYoungGen: 561312K->75024K(574464K)] 1216294K->778633K(1447936K), 0.0622110 secs] [Times: user=0.49 sys=0.00, real=0.06 secs] 
115.215: Total time for which application threads were stopped: 0.0623890 seconds, Stopping threads took: 0.0000800 seconds
115.418: Application time: 0.2034400 seconds
115.418: [GC [PSYoungGen: 556816K->76944K(573440K)] 1260425K->825248K(1446912K), 0.0602040 secs] [Times: user=0.48 sys=0.00, real=0.06 secs] 
115.479: Total time for which application threads were stopped: 0.0603910 seconds, Stopping threads took: 0.0000960 seconds
115.694: Application time: 0.2151240 seconds
115.694: [GC [PSYoungGen: 559760K->70208K(573952K)] 1308064K->859423K(1447424K), 0.0573770 secs] [Times: user=0.46 sys=0.00, real=0.06 secs] 
115.751: Total time for which application threads were stopped: 0.0575650 seconds, Stopping threads took: 0.0000840 seconds
115.957: Application time: 0.2055360 seconds
115.957: [GC [PSYoungGen: 553024K->81398K(573952K)] 1342239K->914301K(1447424K), 0.0625190 secs] [Times: user=0.49 sys=0.01, real=0.06 secs] 
116.020: [Full GC [PSYoungGen: 81398K->0K(573952K)] [ParOldGen: 832902K->142216K(913920K)] 914301K->142216K(1487872K) [PSPermGen: 9132K->9131K(21504K)], 0.1723050 secs] [Times: user=1.28 sys=0.00, real=0.17 secs] 
116.192: Total time for which application threads were stopped: 0.2350760 seconds, Stopping threads took: 0.0001000 seconds
116.404: Application time: 0.2118490 seconds
116.404: [GC [PSYoungGen: 483840K->82123K(566272K)] 626056K->224340K(1480192K), 0.0477490 secs] [Times: user=0.38 sys=0.00, real=0.05 secs] 
116.452: Total time for which application threads were stopped: 0.0479260 seconds, Stopping threads took: 0.0000760 seconds
116.653: Application time: 0.2015790 seconds
116.653: [GC [PSYoungGen: 565963K->80464K(573440K)] 708180K->278781K(1487360K), 0.0703570 secs] [Times: user=0.56 sys=0.00, real=0.07 secs] 
116.724: Total time for which application threads were stopped: 0.0705540 seconds, Stopping threads took: 0.0001060 seconds
116.933: Application time: 0.2089140 seconds
116.936: [GC [PSYoungGen: 561232K->67655K(573952K)] 759549K->307305K(1487872K), 0.0537940 secs] [Times: user=0.43 sys=0.00, real=0.05 secs] 
116.990: Total time for which application threads were stopped: 0.0572710 seconds, Stopping threads took: 0.0033750 seconds
117.190: Application time: 0.1995360 seconds
117.190: [GC [PSYoungGen: 548423K->81152K(573440K)] 788073K->361221K(1487360K), 0.0605000 secs] [Times: user=0.48 sys=0.00, real=0.06 secs] 
117.250: Total time for which application threads were stopped: 0.0607150 seconds, Stopping threads took: 0.0001260 seconds
117.460: Application time: 0.2092750 seconds
117.460: [GC [PSYoungGen: 561920K->65920K(573952K)] 841989K->389913K(1487872K), 0.0557000 secs] [Times: user=0.44 sys=0.00, real=0.05 secs] 
117.516: Total time for which application threads were stopped: 0.0559770 seconds, Stopping threads took: 0.0001710 seconds
117.721: Application time: 0.2051800 seconds
117.721: [GC [PSYoungGen: 546688K->74768K(570880K)] 870681K->430010K(1484800K), 0.0522960 secs] [Times: user=0.41 sys=0.00, real=0.05 secs] 
117.773: Total time for which application threads were stopped: 0.0524700 seconds, Stopping threads took: 0.0000850 seconds
117.979: Application time: 0.2059020 seconds
117.979: [GC [PSYoungGen: 555536K->66573K(572416K)] 910778K->460217K(1486336K), 0.0524490 secs] [Times: user=0.41 sys=0.00, real=0.05 secs] 
118.032: Total time for which application threads were stopped: 0.0526290 seconds, Stopping threads took: 0.0000730 seconds
118.238: Application time: 0.2059730 seconds
118.238: [GC [PSYoungGen: 547341K->73680K(571904K)] 940985K->501328K(1485824K), 0.0544560 secs] [Times: user=0.43 sys=0.01, real=0.05 secs] 
118.292: Total time for which application threads were stopped: 0.0546130 seconds, Stopping threads took: 0.0000660 seconds
118.497: Application time: 0.2049300 seconds
118.497: [GC [PSYoungGen: 558032K->65802K(573952K)] 985680K->532344K(1487872K), 0.0519530 secs] [Times: user=0.40 sys=0.00, real=0.05 secs] 
118.549: Total time for which application threads were stopped: 0.0521350 seconds, Stopping threads took: 0.0000800 seconds
118.759: Application time: 0.2091940 seconds
118.759: [GC [PSYoungGen: 550154K->71544K(573952K)] 1016696K->569203K(1487872K), 0.0505820 secs] [Times: user=0.40 sys=0.00, real=0.05 secs] 
118.809: Total time for which application threads were stopped: 0.0507480 seconds, Stopping threads took: 0.0000780 seconds
119.021: Application time: 0.2114670 seconds
119.021: [GC [PSYoungGen: 559992K->68950K(576000K)] 1057651K->600877K(1489920K), 0.0517890 secs] [Times: user=0.41 sys=0.00, real=0.05 secs] 
119.073: Total time for which application threads were stopped: 0.0519640 seconds, Stopping threads took: 0.0000680 seconds
119.280: Application time: 0.2069510 seconds
119.280: [GC [PSYoungGen: 557398K->70715K(576000K)] 1089325K->631215K(1489920K), 0.0483660 secs] [Times: user=0.39 sys=0.00, real=0.05 secs] 
119.328: Total time for which application threads were stopped: 0.0485430 seconds, Stopping threads took: 0.0000870 seconds
119.537: Application time: 0.2091490 seconds
119.538: [GC [PSYoungGen: 563259K->69460K(578048K)] 1123759K->652889K(1491968K), 0.0448640 secs] [Times: user=0.35 sys=0.00, real=0.04 secs] 
119.582: Total time for which application threads were stopped: 0.0450550 seconds, Stopping threads took: 0.0000870 seconds
119.789: Application time: 0.2062260 seconds
119.789: [GC [PSYoungGen: 562004K->71755K(578048K)] 1145433K->690820K(1491968K), 0.0507540 secs] [Times: user=0.40 sys=0.00, real=0.05 secs] 
119.840: Total time for which application threads were stopped: 0.0509350 seconds, Stopping threads took: 0.0000930 seconds
120.048: Application time: 0.2079180 seconds
120.052: [GC [PSYoungGen: 568395K->74095K(580096K)] 1187460K->723049K(1494016K), 0.0505910 secs] [Times: user=0.40 sys=0.00, real=0.05 secs] 
120.103: Total time for which application threads were stopped: 0.0552660 seconds, Stopping threads took: 0.0045740 seconds
120.314: Application time: 0.2114220 seconds
120.314: [GC [PSYoungGen: 570735K->74768K(582656K)] 1219689K->761220K(1496576K), 0.0552890 secs] [Times: user=0.44 sys=0.00, real=0.06 secs] 
120.370: Total time for which application threads were stopped: 0.0554900 seconds, Stopping threads took: 0.0001110 seconds
120.577: Application time: 0.2076500 seconds
120.578: [GC [PSYoungGen: 574992K->82930K(583168K)] 1261444K->812034K(1497088K), 0.0616070 secs] [Times: user=0.49 sys=0.00, real=0.06 secs] 
120.639: Total time for which application threads were stopped: 0.0618120 seconds, Stopping threads took: 0.0000980 seconds
120.861: Application time: 0.2221230 seconds
120.861: [GC [PSYoungGen: 583154K->68457K(549376K)] 1312258K->842785K(1463296K), 0.0570990 secs] [Times: user=0.45 sys=0.00, real=0.06 secs] 
120.919: Total time for which application threads were stopped: 0.0572680 seconds, Stopping threads took: 0.0000790 seconds
121.104: Application time: 0.1852480 seconds
121.104: [GC [PSYoungGen: 533865K->88489K(553984K)] 1308193K->907851K(1467904K), 0.0664850 secs] [Times: user=0.53 sys=0.00, real=0.07 secs] 
121.171: Total time for which application threads were stopped: 0.0666680 seconds, Stopping threads took: 0.0000790 seconds
121.383: Application time: 0.2125920 seconds
121.383: [GC [PSYoungGen: 553897K->57856K(562176K)] 1373259K->924658K(1476096K), 0.0522040 secs] [Times: user=0.41 sys=0.01, real=0.05 secs] 
121.435: [Full GC [PSYoungGen: 57856K->0K(562176K)] [ParOldGen: 866802K->127227K(920064K)] 924658K->127227K(1482240K) [PSPermGen: 9132K->9132K(21504K)], 0.1576470 secs] [Times: user=1.16 sys=0.00, real=0.16 secs] 
121.593: Total time for which application threads were stopped: 0.2100730 seconds, Stopping threads took: 0.0000690 seconds
121.774: Application time: 0.1808530 seconds
121.774: [GC [PSYoungGen: 459264K->95136K(554496K)] 586491K->222364K(1474560K), 0.0514470 secs] [Times: user=0.41 sys=0.00, real=0.05 secs] 
121.826: Total time for which application threads were stopped: 0.0516530 seconds, Stopping threads took: 0.0001040 seconds
122.034: Application time: 0.2079480 seconds
122.034: [GC [PSYoungGen: 554400K->57024K(558080K)] 681628K->242517K(1478144K), 0.0584550 secs] [Times: user=0.46 sys=0.00, real=0.06 secs] 
122.092: Total time for which application threads were stopped: 0.0586410 seconds, Stopping threads took: 0.0000950 seconds
122.269: Application time: 0.1762380 seconds
122.269: [GC [PSYoungGen: 507072K->86128K(536576K)] 692565K->307736K(1456640K), 0.0592900 secs] [Times: user=0.47 sys=0.01, real=0.05 secs] 
122.328: Total time for which application threads were stopped: 0.0594540 seconds, Stopping threads took: 0.0000740 seconds
122.532: Application time: 0.2038480 seconds
122.532: [GC [PSYoungGen: 536176K->61296K(558592K)] 757784K->333642K(1478656K), 0.0578470 secs] [Times: user=0.45 sys=0.00, real=0.06 secs] 
122.590: Total time for which application threads were stopped: 0.0580480 seconds, Stopping threads took: 0.0000980 seconds
122.773: Application time: 0.1828740 seconds
122.773: [GC [PSYoungGen: 510832K->81650K(531456K)] 783178K->393487K(1451520K), 0.0596070 secs] [Times: user=0.47 sys=0.00, real=0.06 secs] 
122.833: Total time for which application threads were stopped: 0.0597830 seconds, Stopping threads took: 0.0000850 seconds
123.030: Application time: 0.1972720 seconds
123.030: [GC [PSYoungGen: 531186K->66288K(558592K)] 843023K->428802K(1478656K), 0.0587420 secs] [Times: user=0.47 sys=0.00, real=0.06 secs] 
123.089: Total time for which application threads were stopped: 0.0589020 seconds, Stopping threads took: 0.0000720 seconds
123.279: Application time: 0.1904470 seconds
123.279: [GC [PSYoungGen: 517360K->73015K(557056K)] 879874K->478355K(1477120K), 0.0584920 secs] [Times: user=0.46 sys=0.00, real=0.06 secs] 
123.338: Total time for which application threads were stopped: 0.0586980 seconds, Stopping threads took: 0.0001070 seconds
123.533: Application time: 0.1947080 seconds
123.533: [GC [PSYoungGen: 524087K->75408K(558592K)] 929427K->528663K(1478656K), 0.0626670 secs] [Times: user=0.49 sys=0.00, real=0.06 secs] 
123.595: Total time for which application threads were stopped: 0.0628870 seconds, Stopping threads took: 0.0001270 seconds
123.793: Application time: 0.1970850 seconds
123.793: [GC [PSYoungGen: 531600K->65074K(557056K)] 984855K->563518K(1477120K), 0.0563350 secs] [Times: user=0.43 sys=0.00, real=0.06 secs] 
123.849: Total time for which application threads were stopped: 0.0565100 seconds, Stopping threads took: 0.0000720 seconds
124.035: Application time: 0.1864010 seconds
124.036: [GC [PSYoungGen: 521266K->83216K(562688K)] 1019710K->624652K(1482752K), 0.0636820 secs] [Times: user=0.50 sys=0.00, real=0.06 secs] 
124.100: Total time for which application threads were stopped: 0.0643940 seconds, Stopping threads took: 0.0006250 seconds
124.302: Application time: 0.2025100 seconds
124.303: [GC [PSYoungGen: 546064K->59095K(563712K)] 1087500K->646638K(1483776K), 0.0529970 secs] [Times: user=0.42 sys=0.00, real=0.05 secs] 
124.356: Total time for which application threads were stopped: 0.0531860 seconds, Stopping threads took: 0.0000830 seconds
124.542: Application time: 0.1864010 seconds
124.542: [GC [PSYoungGen: 521943K->87712K(561152K)] 1109486K->714581K(1481216K), 0.0643180 secs] [Times: user=0.51 sys=0.00, real=0.06 secs] 
124.606: Total time for which application threads were stopped: 0.0644890 seconds, Stopping threads took: 0.0000800 seconds
124.811: Application time: 0.2049040 seconds
124.812: [GC [PSYoungGen: 548000K->56614K(517120K)] 1174869K->732272K(1437184K), 0.0533930 secs] [Times: user=0.41 sys=0.00, real=0.05 secs] 
124.865: Total time for which application threads were stopped: 0.0535850 seconds, Stopping threads took: 0.0000930 seconds
125.048: Application time: 0.1834630 seconds
125.049: [GC [PSYoungGen: 516902K->89744K(557056K)] 1192560K->803356K(1477120K), 0.0638590 secs] [Times: user=0.50 sys=0.00, real=0.06 secs] 
125.112: Total time for which application threads were stopped: 0.0640190 seconds, Stopping threads took: 0.0000700 seconds
125.315: Application time: 0.2029160 seconds
125.315: [GC [PSYoungGen: 542864K->54298K(560128K)] 1256476K->816692K(1480192K), 0.0509950 secs] [Times: user=0.40 sys=0.00, real=0.05 secs] 
125.367: Total time for which application threads were stopped: 0.0511680 seconds, Stopping threads took: 0.0000740 seconds
125.548: Application time: 0.1815240 seconds
125.549: [GC [PSYoungGen: 507418K->92000K(551936K)] 1269812K->892863K(1472000K), 0.0651660 secs] [Times: user=0.52 sys=0.00, real=0.06 secs] 
125.614: Total time for which application threads were stopped: 0.0662170 seconds, Stopping threads took: 0.0009610 seconds
125.816: Application time: 0.2019060 seconds
125.816: [GC [PSYoungGen: 536928K->51430K(556032K)] 1337791K->903654K(1476096K), 0.0524300 secs] [Times: user=0.41 sys=0.00, real=0.05 secs] 
125.869: Total time for which application threads were stopped: 0.0526100 seconds, Stopping threads took: 0.0000810 seconds
126.043: Application time: 0.1738440 seconds
126.043: [GC [PSYoungGen: 496358K->93672K(547840K)] 1348582K->984238K(1467904K), 0.0660420 secs] [Times: user=0.53 sys=0.00, real=0.07 secs] 
126.109: [Full GC [PSYoungGen: 93672K->0K(547840K)] [ParOldGen: 890566K->150404K(965632K)] 984238K->150404K(1513472K) [PSPermGen: 9133K->9133K(21504K)], 0.1836830 secs] [Times: user=1.36 sys=0.00, real=0.18 secs] 
126.293: Total time for which application threads were stopped: 0.2499570 seconds, Stopping threads took: 0.0000810 seconds
126.500: Application time: 0.2078340 seconds
126.501: [GC [PSYoungGen: 436736K->61142K(551936K)] 587140K->211546K(1517568K), 0.0412870 secs] [Times: user=0.32 sys=0.00, real=0.04 secs] 
126.542: Total time for which application threads were stopped: 0.0414860 seconds, Stopping threads took: 0.0000930 seconds
126.714: Application time: 0.1718730 seconds
126.714: [GC [PSYoungGen: 497878K->89712K(549376K)] 648282K->288191K(1515008K), 0.0719850 secs] [Times: user=0.57 sys=0.00, real=0.07 secs] 
126.786: Total time for which application threads were stopped: 0.0721900 seconds, Stopping threads took: 0.0001150 seconds
126.989: Application time: 0.2028590 seconds
126.989: [GC [PSYoungGen: 525424K->50768K(551424K)] 723903K->299618K(1517056K), 0.0513220 secs] [Times: user=0.41 sys=0.00, real=0.05 secs] 
127.040: Total time for which application threads were stopped: 0.0515650 seconds, Stopping threads took: 0.0001500 seconds
127.209: Application time: 0.1680980 seconds
127.209: [GC [PSYoungGen: 486480K->87925K(548352K)] 735330K->373100K(1513984K), 0.0600570 secs] [Times: user=0.48 sys=0.00, real=0.06 secs] 
127.269: Total time for which application threads were stopped: 0.0602280 seconds, Stopping threads took: 0.0000700 seconds
127.462: Application time: 0.1933250 seconds
127.462: [GC [PSYoungGen: 520565K->56016K(549888K)] 805740K->391397K(1515520K), 0.0521520 secs] [Times: user=0.41 sys=0.00, real=0.05 secs] 
127.514: Total time for which application threads were stopped: 0.0523200 seconds, Stopping threads took: 0.0000820 seconds
127.686: Application time: 0.1714520 seconds
127.686: [GC [PSYoungGen: 488656K->81323K(547840K)] 824037K->453785K(1513472K), 0.0583060 secs] [Times: user=0.46 sys=0.00, real=0.06 secs] 
127.744: Total time for which application threads were stopped: 0.0584690 seconds, Stopping threads took: 0.0000750 seconds
127.936: Application time: 0.1912640 seconds
127.936: [GC [PSYoungGen: 515499K->63392K(548864K)] 887961K->486981K(1514496K), 0.0574500 secs] [Times: user=0.46 sys=0.00, real=0.06 secs] 
127.993: Total time for which application threads were stopped: 0.0576330 seconds, Stopping threads took: 0.0000790 seconds
128.174: Application time: 0.1806060 seconds
128.174: [GC [PSYoungGen: 497568K->75302K(548864K)] 921157K->540800K(1514496K), 0.0584940 secs] [Times: user=0.45 sys=0.00, real=0.06 secs] 
128.233: Total time for which application threads were stopped: 0.0586800 seconds, Stopping threads took: 0.0000980 seconds
128.419: Application time: 0.1860180 seconds
128.419: [GC [PSYoungGen: 515622K->70908K(549888K)] 981120K->585495K(1515520K), 0.0594010 secs] [Times: user=0.47 sys=0.00, real=0.06 secs] 
128.478: Total time for which application threads were stopped: 0.0595730 seconds, Stopping threads took: 0.0000840 seconds
128.666: Application time: 0.1879120 seconds
128.666: [GC [PSYoungGen: 511228K->69282K(555008K)] 1025815K->626916K(1520640K), 0.0564750 secs] [Times: user=0.44 sys=0.00, real=0.06 secs] 
128.723: Total time for which application threads were stopped: 0.0566610 seconds, Stopping threads took: 0.0000830 seconds
128.913: Application time: 0.1904870 seconds
128.913: [GC [PSYoungGen: 520866K->72808K(555008K)] 1078500K->676149K(1520640K), 0.0605410 secs] [Times: user=0.47 sys=0.00, real=0.06 secs] 
128.974: Total time for which application threads were stopped: 0.0607190 seconds, Stopping threads took: 0.0000790 seconds
129.171: Application time: 0.1966790 seconds
129.171: [GC [PSYoungGen: 524392K->66778K(561664K)] 1127733K->713062K(1527296K), 0.0562180 secs] [Times: user=0.45 sys=0.00, real=0.05 secs] 
129.227: Total time for which application threads were stopped: 0.0564160 seconds, Stopping threads took: 0.0000920 seconds
129.423: Application time: 0.1961380 seconds
129.423: [GC [PSYoungGen: 529114K->75601K(560640K)] 1175398K->763980K(1526272K), 0.0595660 secs] [Times: user=0.47 sys=0.00, real=0.06 secs] 
129.483: Total time for which application threads were stopped: 0.0597570 seconds, Stopping threads took: 0.0000970 seconds
129.687: Application time: 0.2043500 seconds
129.687: [GC [PSYoungGen: 537937K->65399K(567296K)] 1226316K->795988K(1532928K), 0.0534320 secs] [Times: user=0.43 sys=0.00, real=0.06 secs] 
129.741: Total time for which application threads were stopped: 0.0536280 seconds, Stopping threads took: 0.0000940 seconds
129.933: Application time: 0.1922260 seconds
129.933: [GC [PSYoungGen: 536439K->78393K(566784K)] 1267028K->849859K(1532416K), 0.0603580 secs] [Times: user=0.48 sys=0.00, real=0.06 secs] 
129.994: Total time for which application threads were stopped: 0.0605430 seconds, Stopping threads took: 0.0000950 seconds
130.203: Application time: 0.2096610 seconds
130.203: [GC [PSYoungGen: 549433K->64272K(569856K)] 1320899K->877501K(1535488K), 0.0527890 secs] [Times: user=0.42 sys=0.00, real=0.06 secs] 
130.256: Total time for which application threads were stopped: 0.0529900 seconds, Stopping threads took: 0.0001050 seconds
130.452: Application time: 0.1955290 seconds
130.452: [GC [PSYoungGen: 539408K->80237K(570368K)] 1352637K->933226K(1536000K), 0.0592530 secs] [Times: user=0.47 sys=0.01, real=0.06 secs] 
130.511: Total time for which application threads were stopped: 0.0594410 seconds, Stopping threads took: 0.0000980 seconds
130.720: Application time: 0.2088360 seconds
130.720: [GC [PSYoungGen: 555373K->66864K(569856K)] 1408362K->962049K(1535488K), 0.0552490 secs] [Times: user=0.44 sys=0.00, real=0.05 secs] 
130.776: Total time for which application threads were stopped: 0.0554400 seconds, Stopping threads took: 0.0000890 seconds
130.973: Application time: 0.1979280 seconds
130.974: [GC [PSYoungGen: 542512K->77794K(570368K)] 1437697K->1015734K(1536000K), 0.0596630 secs] [Times: user=0.44 sys=0.03, real=0.06 secs] 
131.033: [Full GC [PSYoungGen: 77794K->0K(570368K)] [ParOldGen: 937940K->136746K(964096K)] 1015734K->136746K(1534464K) [PSPermGen: 9133K->9133K(21504K)], 0.1622010 secs] [Times: user=1.19 sys=0.00, real=0.16 secs] 
131.196: Total time for which application threads were stopped: 0.2221080 seconds, Stopping threads took: 0.0000900 seconds
131.405: Application time: 0.2098490 seconds
131.408: [GC [PSYoungGen: 475648K->84560K(568320K)] 612394K->221306K(1532416K), 0.0499910 secs] [Times: user=0.39 sys=0.00, real=0.05 secs] 
131.458: Total time for which application threads were stopped: 0.0527580 seconds, Stopping threads took: 0.0026650 seconds
131.654: Application time: 0.1958430 seconds
131.654: [GC [PSYoungGen: 558160K->75271K(570368K)] 694906K->273300K(1534464K), 0.0715010 secs] [Times: user=0.57 sys=0.00, real=0.07 secs] 
131.726: Total time for which application threads were stopped: 0.0717290 seconds, Stopping threads took: 0.0001350 seconds
131.935: Application time: 0.2089860 seconds
131.935: [GC [PSYoungGen: 548871K->69760K(566784K)] 746900K->301574K(1530880K), 0.0520350 secs] [Times: user=0.42 sys=0.00, real=0.05 secs] 
131.987: Total time for which application threads were stopped: 0.0522400 seconds, Stopping threads took: 0.0000980 seconds
132.184: Application time: 0.1970190 seconds
132.184: [GC [PSYoungGen: 544896K->75063K(568832K)] 776710K->354325K(1532928K), 0.0620860 secs] [Times: user=0.48 sys=0.00, real=0.06 secs] 
132.246: Total time for which application threads were stopped: 0.0622650 seconds, Stopping threads took: 0.0000850 seconds
132.457: Application time: 0.2103640 seconds
132.460: [GC [PSYoungGen: 550083K->70576K(569344K)] 829345K->386313K(1533440K), 0.0539150 secs] [Times: user=0.43 sys=0.00, real=0.05 secs] 
132.514: Total time for which application threads were stopped: 0.0574570 seconds, Stopping threads took: 0.0034390 seconds
132.717: Application time: 0.2030040 seconds
132.717: [GC [PSYoungGen: 551344K->76160K(571904K)] 867081K->438136K(1536000K), 0.0604980 secs] [Times: user=0.48 sys=0.00, real=0.06 secs] 
132.778: Total time for which application threads were stopped: 0.0607110 seconds, Stopping threads took: 0.0001250 seconds
132.990: Application time: 0.2121350 seconds
132.990: [GC [PSYoungGen: 556928K->69564K(573440K)] 918904K->462161K(1537536K), 0.0502620 secs] [Times: user=0.40 sys=0.00, real=0.05 secs] 
133.042: Total time for which application threads were stopped: 0.0520700 seconds, Stopping threads took: 0.0000760 seconds
133.244: Application time: 0.2016440 seconds
133.244: [GC [PSYoungGen: 554940K->74144K(574976K)] 947537K->509724K(1539072K), 0.0568170 secs] [Times: user=0.45 sys=0.00, real=0.06 secs] 
133.301: Total time for which application threads were stopped: 0.0569880 seconds, Stopping threads took: 0.0000850 seconds
133.507: Application time: 0.2065710 seconds
133.507: [GC [PSYoungGen: 559520K->70695K(575488K)] 995100K->538416K(1539584K), 0.0512340 secs] [Times: user=0.39 sys=0.00, real=0.06 secs] 
133.559: Total time for which application threads were stopped: 0.0514200 seconds, Stopping threads took: 0.0000880 seconds
133.772: Application time: 0.2134560 seconds
133.772: [GC [PSYoungGen: 560167K->70208K(576512K)] 1027888K->576165K(1540608K), 0.0555840 secs] [Times: user=0.43 sys=0.00, real=0.05 secs] 
133.828: Total time for which application threads were stopped: 0.0557610 seconds, Stopping threads took: 0.0000870 seconds
134.029: Application time: 0.2011280 seconds
134.029: [GC [PSYoungGen: 559680K->79200K(578048K)] 1065637K->622678K(1542144K), 0.0564250 secs] [Times: user=0.45 sys=0.00, real=0.05 secs] 
134.086: Total time for which application threads were stopped: 0.0566300 seconds, Stopping threads took: 0.0000970 seconds
134.308: Application time: 0.2221660 seconds
134.308: [GC [PSYoungGen: 571232K->62624K(579584K)] 1114710K->642649K(1543680K), 0.0503850 secs] [Times: user=0.40 sys=0.00, real=0.06 secs] 
134.358: Total time for which application threads were stopped: 0.0505700 seconds, Stopping threads took: 0.0000940 seconds
134.554: Application time: 0.1955050 seconds
134.554: [GC [PSYoungGen: 554656K->84018K(573440K)] 1134681K->703212K(1537536K), 0.0599530 secs] [Times: user=0.48 sys=0.00, real=0.06 secs] 
134.614: Total time for which application threads were stopped: 0.0601760 seconds, Stopping threads took: 0.0001190 seconds
134.833: Application time: 0.2190700 seconds
134.833: [GC [PSYoungGen: 569906K->58788K(544768K)] 1189100K->701935K(1508864K), 0.0421770 secs] [Times: user=0.34 sys=0.00, real=0.04 secs] 
134.876: Total time for which application threads were stopped: 0.0423470 seconds, Stopping threads took: 0.0000800 seconds
135.071: Application time: 0.1955650 seconds
135.071: [GC [PSYoungGen: 544676K->84123K(569856K)] 1187823K->761164K(1533952K), 0.0578090 secs] [Times: user=0.45 sys=0.00, real=0.06 secs] 
135.129: Total time for which application threads were stopped: 0.0580520 seconds, Stopping threads took: 0.0001380 seconds
135.342: Application time: 0.2132840 seconds
135.343: [GC [PSYoungGen: 562843K->61060K(572928K)] 1239884K->778627K(1537024K), 0.0501180 secs] [Times: user=0.39 sys=0.00, real=0.05 secs] 
135.393: Total time for which application threads were stopped: 0.0503140 seconds, Stopping threads took: 0.0001060 seconds
135.586: Application time: 0.1933440 seconds
135.586: [GC [PSYoungGen: 539780K->84406K(568832K)] 1257347K->833016K(1532928K), 0.0573880 secs] [Times: user=0.45 sys=0.00, real=0.06 secs] 
135.644: Total time for which application threads were stopped: 0.0575820 seconds, Stopping threads took: 0.0000920 seconds
135.857: Application time: 0.2131290 seconds
135.857: [GC [PSYoungGen: 559030K->61129K(570880K)] 1307640K->852834K(1534976K), 0.0528290 secs] [Times: user=0.41 sys=0.00, real=0.05 secs] 
135.910: Total time for which application threads were stopped: 0.0530040 seconds, Stopping threads took: 0.0000820 seconds
136.106: Application time: 0.1959470 seconds
136.106: [GC [PSYoungGen: 535753K->84282K(566784K)] 1327458K->913191K(1530880K), 0.0602960 secs] [Times: user=0.47 sys=0.00, real=0.06 secs] 
136.166: Total time for which application threads were stopped: 0.0604770 seconds, Stopping threads took: 0.0000820 seconds
136.376: Application time: 0.2097720 seconds
136.376: [GC [PSYoungGen: 554810K->62095K(568832K)] 1383719K->936857K(1532928K), 0.0549710 secs] [Times: user=0.43 sys=0.00, real=0.05 secs] 
136.431: Total time for which application threads were stopped: 0.0551620 seconds, Stopping threads took: 0.0000980 seconds
136.621: Application time: 0.1901070 seconds
136.624: [GC [PSYoungGen: 532623K->85701K(564224K)] 1407385K->1000144K(1528320K), 0.0644440 secs] [Times: user=0.48 sys=0.00, real=0.07 secs] 
136.689: [Full GC [PSYoungGen: 85701K->0K(564224K)] [ParOldGen: 914442K->141649K(990720K)] 1000144K->141649K(1554944K) [PSPermGen: 9133K->9133K(21504K)], 0.1673350 secs] [Times: user=1.24 sys=0.00, real=0.16 secs] 
136.856: Total time for which application threads were stopped: 0.2347580 seconds, Stopping threads took: 0.0028090 seconds
137.063: Application time: 0.2072480 seconds
137.063: [GC [PSYoungGen: 466432K->73745K(566784K)] 608081K->215394K(1557504K), 0.0448380 secs] [Times: user=0.36 sys=0.00, real=0.05 secs] 
137.108: Total time for which application threads were stopped: 0.0450080 seconds, Stopping threads took: 0.0000820 seconds
137.301: Application time: 0.1924670 seconds
137.301: [GC [PSYoungGen: 540177K->86556K(564224K)] 681826K->282578K(1554944K), 0.0741170 secs] [Times: user=0.58 sys=0.00, real=0.07 secs] 
137.375: Total time for which application threads were stopped: 0.0743270 seconds, Stopping threads took: 0.0001050 seconds
137.583: Application time: 0.2075710 seconds
137.583: [GC [PSYoungGen: 552988K->62016K(566784K)] 749010K->303290K(1557504K), 0.0528130 secs] [Times: user=0.41 sys=0.00, real=0.05 secs] 
137.636: Total time for which application threads were stopped: 0.0529920 seconds, Stopping threads took: 0.0000870 seconds
137.822: Application time: 0.1866220 seconds
137.822: [GC [PSYoungGen: 528448K->87670K(562176K)] 769722K->369502K(1552896K), 0.0635980 secs] [Times: user=0.50 sys=0.00, real=0.06 secs] 
137.886: Total time for which application threads were stopped: 0.0638080 seconds, Stopping threads took: 0.0001090 seconds
137.988: Application time: 0.1018030 seconds
137.988: Total time for which application threads were stopped: 0.0001310 seconds, Stopping threads took: 0.0001030 seconds
138.016: Application time: 0.0282600 seconds
138.016: Total time for which application threads were stopped: 0.0001080 seconds, Stopping threads took: 0.0000830 seconds
138.109: Application time: 0.0924830 seconds
138.109: Total time for which application threads were stopped: 0.0000680 seconds, Stopping threads took: 0.0000430 seconds
138.121: Application time: 0.0120900 seconds
138.121: Total time for which application threads were stopped: 0.0000630 seconds, Stopping threads took: 0.0000390 seconds
138.200: Application time: 0.0786160 seconds
138.200: Total time for which application threads were stopped: 0.0000960 seconds, Stopping threads took: 0.0000610 seconds
138.200: Application time: 0.0000180 seconds
138.200: [GC [PSYoungGen: 550006K->21312K(483840K)] 831838K->332899K(1474560K), 0.0293900 secs] [Times: user=0.24 sys=0.00, real=0.03 secs] 
138.229: Total time for which application threads were stopped: 0.0294780 seconds, Stopping threads took: 0.0000140 seconds
138.380: Application time: 0.1504420 seconds
138.380: [GC [PSYoungGen: 483648K->109040K(512000K)] 795235K->455322K(1502720K), 0.0685420 secs] [Times: user=0.54 sys=0.00, real=0.07 secs] 
138.449: Total time for which application threads were stopped: 0.0687370 seconds, Stopping threads took: 0.0000910 seconds
138.658: Application time: 0.2093810 seconds
138.660: [GC [PSYoungGen: 511984K->15936K(419328K)] 858266K->422620K(1410048K), 0.0393160 secs] [Times: user=0.31 sys=0.00, real=0.04 secs] 
138.700: Total time for which application threads were stopped: 0.0416120 seconds, Stopping threads took: 0.0022080 seconds
138.725: Application time: 0.0249990 seconds
138.725: Total time for which application threads were stopped: 0.0001070 seconds, Stopping threads took: 0.0000790 seconds
138.820: Application time: 0.0956220 seconds
138.824: [GC [PSYoungGen: 418880K->119408K(507392K)] 825564K->540629K(1498112K), 0.0650540 secs] [Times: user=0.52 sys=0.00, real=0.07 secs] 
138.889: Total time for which application threads were stopped: 0.0689950 seconds, Stopping threads took: 0.0038480 seconds
139.078: Application time: 0.1890420 seconds
139.078: [GC [PSYoungGen: 489584K->30256K(400896K)] 910805K->517741K(1391616K), 0.0466240 secs] [Times: user=0.37 sys=0.00, real=0.04 secs] 
139.125: Total time for which application threads were stopped: 0.0468080 seconds, Stopping threads took: 0.0000830 seconds
139.273: Application time: 0.1482360 seconds
139.273: [GC [PSYoungGen: 400432K->68548K(525312K)] 887917K->584942K(1516032K), 0.0507290 secs] [Times: user=0.40 sys=0.00, real=0.05 secs] 
139.324: Total time for which application threads were stopped: 0.0509250 seconds, Stopping threads took: 0.0001050 seconds
139.472: Application time: 0.1476470 seconds
139.472: [GC [PSYoungGen: 444868K->82224K(458752K)] 961262K->653501K(1449472K), 0.0701410 secs] [Times: user=0.55 sys=0.00, real=0.07 secs] 
139.542: Total time for which application threads were stopped: 0.0703240 seconds, Stopping threads took: 0.0000950 seconds
139.738: Application time: 0.1961350 seconds
139.739: [GC [PSYoungGen: 458544K->20112K(513024K)] 1029821K->638663K(1503744K), 0.0399840 secs] [Times: user=0.32 sys=0.00, real=0.04 secs] 
139.779: Total time for which application threads were stopped: 0.0401930 seconds, Stopping threads took: 0.0001130 seconds
139.884: Application time: 0.1051660 seconds
139.888: [GC [PSYoungGen: 394384K->118992K(493568K)] 1012935K->756955K(1484288K), 0.0679120 secs] [Times: user=0.54 sys=0.00, real=0.07 secs] 
139.956: Total time for which application threads were stopped: 0.0723740 seconds, Stopping threads took: 0.0043580 seconds
140.148: Application time: 0.1919890 seconds
140.152: [GC [PSYoungGen: 493264K->28000K(514560K)] 1131227K->730658K(1505280K), 0.0441820 secs] [Times: user=0.35 sys=0.00, real=0.05 secs] 
140.196: Total time for which application threads were stopped: 0.0482780 seconds, Stopping threads took: 0.0040100 seconds
140.343: Application time: 0.1463190 seconds
140.344: [GC [PSYoungGen: 389472K->66113K(428032K)] 1092130K->795447K(1418752K), 0.0503490 secs] [Times: user=0.39 sys=0.00, real=0.05 secs] 
140.395: Total time for which application threads were stopped: 0.0518560 seconds, Stopping threads took: 0.0014070 seconds
140.535: Application time: 0.1402370 seconds
140.536: [GC [PSYoungGen: 427585K->82352K(508416K)] 1156919K->865996K(1499136K), 0.0693200 secs] [Times: user=0.55 sys=0.01, real=0.06 secs] 
140.606: Total time for which application threads were stopped: 0.0707470 seconds, Stopping threads took: 0.0013360 seconds
140.796: Application time: 0.1901630 seconds
140.800: [GC [PSYoungGen: 446384K->20144K(505856K)] 1230028K->854811K(1496576K), 0.0416860 secs] [Times: user=0.32 sys=0.00, real=0.04 secs] 
140.842: Total time for which application threads were stopped: 0.0461740 seconds, Stopping threads took: 0.0043990 seconds
140.947: Application time: 0.1051040 seconds
140.947: [GC [PSYoungGen: 384176K->106415K(507904K)] 1218843K->959799K(1498624K), 0.0626040 secs] [Times: user=0.50 sys=0.00, real=0.07 secs] 
141.010: Total time for which application threads were stopped: 0.0628200 seconds, Stopping threads took: 0.0001130 seconds
141.193: Application time: 0.1827070 seconds
141.193: [GC [PSYoungGen: 471471K->37264K(516096K)] 1324855K->951725K(1506816K), 0.0494320 secs] [Times: user=0.39 sys=0.00, real=0.05 secs] 
141.242: [Full GC [PSYoungGen: 37264K->0K(516096K)] [ParOldGen: 914461K->135103K(1034752K)] 951725K->135103K(1550848K) [PSPermGen: 9157K->9157K(21504K)], 0.1655550 secs] [Times: user=1.23 sys=0.00, real=0.16 secs] 
141.408: Total time for which application threads were stopped: 0.2152330 seconds, Stopping threads took: 0.0000850 seconds
141.569: Application time: 0.1611900 seconds
141.569: [GC [PSYoungGen: 365056K->55468K(499712K)] 500159K->190572K(1534464K), 0.0320740 secs] [Times: user=0.25 sys=0.00, real=0.03 secs] 
141.601: Total time for which application threads were stopped: 0.0322720 seconds, Stopping threads took: 0.0000980 seconds
141.730: Application time: 0.1287990 seconds
141.730: [GC [PSYoungGen: 423596K->96608K(509440K)] 558700K->280206K(1544192K), 0.0728780 secs] [Times: user=0.58 sys=0.00, real=0.07 secs] 
141.803: Total time for which application threads were stopped: 0.0730540 seconds, Stopping threads took: 0.0000860 seconds
141.994: Application time: 0.1907090 seconds
141.994: [GC [PSYoungGen: 464736K->17424K(519680K)] 648334K->258783K(1554432K), 0.0398650 secs] [Times: user=0.31 sys=0.00, real=0.04 secs] 
142.034: Total time for which application threads were stopped: 0.0400300 seconds, Stopping threads took: 0.0000760 seconds
142.150: Application time: 0.1164820 seconds
142.150: [GC [PSYoungGen: 391696K->99266K(473600K)] 633055K->356639K(1508352K), 0.0576880 secs] [Times: user=0.45 sys=0.00, real=0.06 secs] 
142.208: Total time for which application threads were stopped: 0.0578860 seconds, Stopping threads took: 0.0000910 seconds
142.391: Application time: 0.1824690 seconds
142.391: [GC [PSYoungGen: 473538K->44736K(520192K)] 730911K->360016K(1554944K), 0.0501210 secs] [Times: user=0.40 sys=0.00, real=0.05 secs] 
142.441: Total time for which application threads were stopped: 0.0503130 seconds, Stopping threads took: 0.0001030 seconds
142.607: Application time: 0.1663710 seconds
142.607: [GC [PSYoungGen: 413376K->51993K(420864K)] 728656K->404476K(1455616K), 0.0487050 secs] [Times: user=0.38 sys=0.00, real=0.06 secs] 
142.656: Total time for which application threads were stopped: 0.0488840 seconds, Stopping threads took: 0.0000870 seconds
142.785: Application time: 0.1290910 seconds
142.785: [GC [PSYoungGen: 420633K->99040K(503296K)] 773116K->497692K(1538048K), 0.0723230 secs] [Times: user=0.58 sys=0.00, real=0.08 secs] 
142.858: Total time for which application threads were stopped: 0.0725110 seconds, Stopping threads took: 0.0000890 seconds
143.047: Application time: 0.1895750 seconds
143.048: [GC [PSYoungGen: 462048K->17392K(508928K)] 860700K->476898K(1543680K), 0.0427200 secs] [Times: user=0.34 sys=0.00, real=0.05 secs] 
143.090: Total time for which application threads were stopped: 0.0429050 seconds, Stopping threads took: 0.0000940 seconds
143.209: Application time: 0.1188280 seconds
143.209: [GC [PSYoungGen: 380400K->92051K(514560K)] 839906K->567434K(1549312K), 0.0554850 secs] [Times: user=0.43 sys=0.00, real=0.05 secs] 
143.265: Total time for which application threads were stopped: 0.0556740 seconds, Stopping threads took: 0.0000920 seconds
143.439: Application time: 0.1738580 seconds
143.439: [GC [PSYoungGen: 460179K->51984K(420352K)] 935562K->584472K(1455104K), 0.0535780 secs] [Times: user=0.42 sys=0.00, real=0.05 secs] 
143.492: Total time for which application threads were stopped: 0.0537580 seconds, Stopping threads took: 0.0000820 seconds
143.663: Application time: 0.1709670 seconds
143.664: [GC [PSYoungGen: 420035K->43431K(518144K)] 952523K->615225K(1552896K), 0.0470820 secs] [Times: user=0.37 sys=0.00, real=0.05 secs] 
143.711: Total time for which application threads were stopped: 0.0472710 seconds, Stopping threads took: 0.0000960 seconds
143.835: Application time: 0.1239830 seconds
143.835: [GC [PSYoungGen: 418727K->109072K(514048K)] 990521K->718252K(1548800K), 0.0737160 secs] [Times: user=0.55 sys=0.03, real=0.08 secs] 
143.909: Total time for which application threads were stopped: 0.0739120 seconds, Stopping threads took: 0.0001060 seconds
144.102: Application time: 0.1934710 seconds
144.102: [GC [PSYoungGen: 484368K->17024K(518656K)] 1093548K->689829K(1553408K), 0.0413790 secs] [Times: user=0.33 sys=0.01, real=0.04 secs] 
144.144: Total time for which application threads were stopped: 0.0415560 seconds, Stopping threads took: 0.0000750 seconds
144.266: Application time: 0.1224490 seconds
144.266: [GC [PSYoungGen: 387200K->90686K(461312K)] 1060005K->779028K(1496064K), 0.0549840 secs] [Times: user=0.44 sys=0.00, real=0.06 secs] 
144.321: Total time for which application threads were stopped: 0.0551930 seconds, Stopping threads took: 0.0001170 seconds
144.494: Application time: 0.1728190 seconds
144.494: [GC [PSYoungGen: 460862K->53680K(523264K)] 1149204K->799335K(1558016K), 0.0556520 secs] [Times: user=0.44 sys=0.00, real=0.06 secs] 
144.550: Total time for which application threads were stopped: 0.0558250 seconds, Stopping threads took: 0.0000820 seconds
144.720: Application time: 0.1702460 seconds
144.720: [GC [PSYoungGen: 425904K->44253K(416768K)] 1171559K->830832K(1451520K), 0.0473850 secs] [Times: user=0.38 sys=0.00, real=0.04 secs] 
144.768: Total time for which application threads were stopped: 0.0475800 seconds, Stopping threads took: 0.0000950 seconds
144.893: Application time: 0.1254820 seconds
144.896: [GC [PSYoungGen: 416477K->103056K(503808K)] 1203056K->928597K(1538560K), 0.0723910 secs] [Times: user=0.57 sys=0.00, real=0.07 secs] 
144.969: Total time for which application threads were stopped: 0.0753340 seconds, Stopping threads took: 0.0028530 seconds
145.156: Application time: 0.1876860 seconds
145.160: [GC [PSYoungGen: 467600K->19040K(511488K)] 1293141K->906926K(1546240K), 0.0430860 secs] [Times: user=0.34 sys=0.01, real=0.04 secs] 
145.203: Total time for which application threads were stopped: 0.0470370 seconds, Stopping threads took: 0.0038620 seconds
145.331: Application time: 0.1281670 seconds
145.332: [GC [PSYoungGen: 383584K->86987K(517632K)] 1271470K->992381K(1552384K), 0.0552720 secs] [Times: user=0.44 sys=0.00, real=0.05 secs] 
145.387: Total time for which application threads were stopped: 0.0554590 seconds, Stopping threads took: 0.0000840 seconds
145.559: Application time: 0.1718460 seconds
145.559: [GC [PSYoungGen: 458187K->59296K(430592K)] 1363581K->1021117K(1465344K), 0.0589740 secs] [Times: user=0.45 sys=0.01, real=0.06 secs] 
145.618: [Full GC [PSYoungGen: 59296K->0K(430592K)] [ParOldGen: 961821K->145486K(1066496K)] 1021117K->145486K(1497088K) [PSPermGen: 9157K->9157K(21504K)], 0.1816140 secs] [Times: user=1.35 sys=0.00, real=0.18 secs] 
145.800: Total time for which application threads were stopped: 0.2408370 seconds, Stopping threads took: 0.0000930 seconds
145.976: Application time: 0.1765040 seconds
145.976: [GC [PSYoungGen: 371200K->43865K(516608K)] 516686K->189352K(1583104K), 0.0301060 secs] [Times: user=0.23 sys=0.00, real=0.02 secs] 
146.006: Total time for which application threads were stopped: 0.0302620 seconds, Stopping threads took: 0.0000560 seconds
146.131: Application time: 0.1248550 seconds
146.131: [GC [PSYoungGen: 420697K->108786K(512512K)] 566184K->294735K(1579008K), 0.0752110 secs] [Times: user=0.59 sys=0.00, real=0.07 secs] 
146.207: Total time for which application threads were stopped: 0.0754220 seconds, Stopping threads took: 0.0001190 seconds
146.404: Application time: 0.1971970 seconds
146.404: [GC [PSYoungGen: 485618K->19376K(521216K)] 671567K->269617K(1587712K), 0.0436620 secs] [Times: user=0.33 sys=0.00, real=0.04 secs] 
146.448: Total time for which application threads were stopped: 0.0438270 seconds, Stopping threads took: 0.0000730 seconds
146.580: Application time: 0.1319360 seconds
146.580: [GC [PSYoungGen: 394672K->90419K(465920K)] 644913K->358004K(1532416K), 0.0551720 secs] [Times: user=0.44 sys=0.00, real=0.05 secs] 
146.635: Total time for which application threads were stopped: 0.0553550 seconds, Stopping threads took: 0.0000830 seconds
146.808: Application time: 0.1730390 seconds
146.812: [GC [PSYoungGen: 465715K->57200K(526336K)] 733300K->383492K(1592832K), 0.0580460 secs] [Times: user=0.46 sys=0.00, real=0.06 secs] 
146.870: Total time for which application threads were stopped: 0.0621920 seconds, Stopping threads took: 0.0040460 seconds
147.046: Application time: 0.1757560 seconds
147.046: [GC [PSYoungGen: 435568K->44383K(422912K)] 761860K->409985K(1489408K), 0.0453360 secs] [Times: user=0.36 sys=0.00, real=0.05 secs] 
147.092: Total time for which application threads were stopped: 0.0455180 seconds, Stopping threads took: 0.0000930 seconds
147.221: Application time: 0.1289670 seconds
147.221: [GC [PSYoungGen: 422751K->103008K(506368K)] 788353K->507227K(1572864K), 0.0710050 secs] [Times: user=0.56 sys=0.00, real=0.07 secs] 
147.292: Total time for which application threads were stopped: 0.0711830 seconds, Stopping threads took: 0.0000720 seconds
147.485: Application time: 0.1931820 seconds
147.488: [GC [PSYoungGen: 473184K->19232K(514560K)] 877403K->484048K(1581056K), 0.0418480 secs] [Times: user=0.33 sys=0.00, real=0.04 secs] 
147.530: Total time for which application threads were stopped: 0.0451560 seconds, Stopping threads took: 0.0032220 seconds
147.656: Application time: 0.1263870 seconds
147.657: [GC [PSYoungGen: 389408K->94260K(514560K)] 854224K->576773K(1581056K), 0.0571040 secs] [Times: user=0.45 sys=0.00, real=0.05 secs] 
147.714: Total time for which application threads were stopped: 0.0573010 seconds, Stopping threads took: 0.0001070 seconds
147.887: Application time: 0.1737220 seconds
147.888: [GC [PSYoungGen: 464436K->54880K(425472K)] 946949K->596662K(1491968K), 0.0568500 secs] [Times: user=0.45 sys=0.00, real=0.06 secs] 
147.945: Total time for which application threads were stopped: 0.0570410 seconds, Stopping threads took: 0.0000850 seconds
148.112: Application time: 0.1670760 seconds
148.112: [GC [PSYoungGen: 425056K->47582K(521216K)] 966838K->629083K(1587712K), 0.0470180 secs] [Times: user=0.37 sys=0.00, real=0.05 secs] 
148.159: Total time for which application threads were stopped: 0.0471980 seconds, Stopping threads took: 0.0000880 seconds
148.300: Application time: 0.1416420 seconds
148.304: [GC [PSYoungGen: 426974K->88486K(516096K)] 1008475K->709758K(1582592K), 0.0651320 secs] [Times: user=0.51 sys=0.00, real=0.07 secs] 
148.369: Total time for which application threads were stopped: 0.0689250 seconds, Stopping threads took: 0.0037050 seconds
148.556: Application time: 0.1866970 seconds
148.556: [GC [PSYoungGen: 467878K->27920K(528384K)] 1089150K->704069K(1594880K), 0.0437500 secs] [Times: user=0.35 sys=0.00, real=0.04 secs] 
148.600: Total time for which application threads were stopped: 0.0439320 seconds, Stopping threads took: 0.0000820 seconds
148.733: Application time: 0.1326160 seconds
148.736: [GC [PSYoungGen: 417552K->104010K(494080K)] 1093701K->802279K(1560576K), 0.0638950 secs] [Times: user=0.50 sys=0.01, real=0.06 secs] 
148.800: Total time for which application threads were stopped: 0.0675070 seconds, Stopping threads took: 0.0035120 seconds
148.982: Application time: 0.1819020 seconds
148.982: [GC [PSYoungGen: 493642K->44704K(525824K)] 1191911K->805052K(1592320K), 0.0528590 secs] [Times: user=0.42 sys=0.00, real=0.05 secs] 
149.035: Total time for which application threads were stopped: 0.0530640 seconds, Stopping threads took: 0.0001150 seconds
149.192: Application time: 0.1566520 seconds
149.192: [GC [PSYoungGen: 424608K->62325K(442368K)] 1184956K->855586K(1508864K), 0.0507150 secs] [Times: user=0.40 sys=0.00, real=0.05 secs] 
149.243: Total time for which application threads were stopped: 0.0509000 seconds, Stopping threads took: 0.0000840 seconds
149.403: Application time: 0.1599520 seconds
149.403: [GC [PSYoungGen: 442041K->72400K(517120K)] 1235302K->912452K(1583616K), 0.0617840 secs] [Times: user=0.49 sys=0.00, real=0.06 secs] 
149.465: Total time for which application threads were stopped: 0.0619730 seconds, Stopping threads took: 0.0001000 seconds
149.649: Application time: 0.1844510 seconds
149.649: [GC [PSYoungGen: 455888K->36930K(513536K)] 1295940K->925733K(1580032K), 0.0467880 secs] [Times: user=0.37 sys=0.00, real=0.04 secs] 
149.696: Total time for which application threads were stopped: 0.0469750 seconds, Stopping threads took: 0.0000900 seconds
149.827: Application time: 0.1308400 seconds
149.827: [GC [PSYoungGen: 420418K->98546K(524288K)] 1309221K->1017813K(1590784K), 0.0653820 secs] [Times: user=0.52 sys=0.00, real=0.07 secs] 
149.892: Total time for which application threads were stopped: 0.0655660 seconds, Stopping threads took: 0.0000850 seconds
150.084: Application time: 0.1915590 seconds
150.084: [GC [PSYoungGen: 494834K->40048K(531456K)] 1414101K->1015356K(1597952K), 0.0478350 secs] [Times: user=0.38 sys=0.00, real=0.05 secs] 
150.132: Total time for which application threads were stopped: 0.0480350 seconds, Stopping threads took: 0.0001060 seconds
150.286: Application time: 0.1535350 seconds
150.286: [GC [PSYoungGen: 436336K->85378K(531456K)] 1411644K->1091541K(1597952K), 0.0595430 secs] [Times: user=0.46 sys=0.02, real=0.06 secs] 
150.345: [Full GC [PSYoungGen: 85378K->0K(531456K)] [ParOldGen: 1006162K->133461K(1067008K)] 1091541K->133461K(1598464K) [PSPermGen: 9157K->9157K(21504K)], 0.1504370 secs] [Times: user=1.08 sys=0.01, real=0.15 secs] 
150.496: Total time for which application threads were stopped: 0.2102140 seconds, Stopping threads took: 0.0000850 seconds
150.674: Application time: 0.1786270 seconds
150.675: [GC [PSYoungGen: 398848K->68038K(466944K)] 532309K->201499K(1533952K), 0.0425520 secs] [Times: user=0.34 sys=0.00, real=0.05 secs] 
150.717: Total time for which application threads were stopped: 0.0427480 seconds, Stopping threads took: 0.0000970 seconds
150.882: Application time: 0.1648800 seconds
150.882: [GC [PSYoungGen: 466886K->64649K(535040K)] 600347K->251331K(1602048K), 0.0615150 secs] [Times: user=0.49 sys=0.00, real=0.06 secs] 
150.944: Total time for which application threads were stopped: 0.0617050 seconds, Stopping threads took: 0.0001010 seconds
151.114: Application time: 0.1698840 seconds
151.114: [GC [PSYoungGen: 471177K->79968K(528896K)] 657859K->310547K(1595904K), 0.0620440 secs] [Times: user=0.49 sys=0.00, real=0.06 secs] 
151.176: Total time for which application threads were stopped: 0.0622130 seconds, Stopping threads took: 0.0000820 seconds
151.361: Application time: 0.1850800 seconds
151.361: [GC [PSYoungGen: 486448K->47952K(540160K)] 717027K->330300K(1607168K), 0.0502480 secs] [Times: user=0.40 sys=0.00, real=0.05 secs] 
151.411: Total time for which application threads were stopped: 0.0504470 seconds, Stopping threads took: 0.0000980 seconds
151.573: Application time: 0.1612990 seconds
151.573: [GC [PSYoungGen: 466256K->88770K(538112K)] 748604K->407975K(1605120K), 0.0650240 secs] [Times: user=0.51 sys=0.00, real=0.07 secs] 
151.638: Total time for which application threads were stopped: 0.0652160 seconds, Stopping threads took: 0.0001020 seconds
151.845: Application time: 0.2067380 seconds
151.845: [GC [PSYoungGen: 507074K->44794K(545792K)] 826279K->411977K(1612800K), 0.0492750 secs] [Times: user=0.39 sys=0.00, real=0.05 secs] 
151.894: Total time for which application threads were stopped: 0.0494640 seconds, Stopping threads took: 0.0000950 seconds
152.061: Application time: 0.1669110 seconds
152.061: [GC [PSYoungGen: 467706K->84465K(544256K)] 834889K->485200K(1611264K), 0.0591870 secs] [Times: user=0.47 sys=0.00, real=0.06 secs] 
152.120: Total time for which application threads were stopped: 0.0593820 seconds, Stopping threads took: 0.0000910 seconds
152.314: Application time: 0.1939120 seconds
152.314: [GC [PSYoungGen: 507377K->50272K(542208K)] 908112K->499605K(1609216K), 0.0508520 secs] [Times: user=0.41 sys=0.00, real=0.05 secs] 
152.365: Total time for which application threads were stopped: 0.0510310 seconds, Stopping threads took: 0.0000860 seconds
152.539: Application time: 0.1738100 seconds
152.539: [GC [PSYoungGen: 473184K->79408K(543232K)] 922517K->561498K(1610240K), 0.0558730 secs] [Times: user=0.44 sys=0.00, real=0.05 secs] 
152.595: Total time for which application threads were stopped: 0.0560470 seconds, Stopping threads took: 0.0000890 seconds
152.780: Application time: 0.1851840 seconds
152.781: [GC [PSYoungGen: 502320K->55674K(540160K)] 984410K->589327K(1607168K), 0.0537260 secs] [Times: user=0.43 sys=0.00, real=0.05 secs] 
152.834: Total time for which application threads were stopped: 0.0539040 seconds, Stopping threads took: 0.0000780 seconds
153.005: Application time: 0.1705050 seconds
153.005: [GC [PSYoungGen: 482682K->82874K(543744K)] 1016335K->651401K(1610752K), 0.0598380 secs] [Times: user=0.48 sys=0.00, real=0.06 secs] 
153.065: Total time for which application threads were stopped: 0.0600200 seconds, Stopping threads took: 0.0000900 seconds
153.251: Application time: 0.1858020 seconds
153.251: [GC [PSYoungGen: 509882K->64224K(542208K)] 1078409K->684210K(1609216K), 0.0575850 secs] [Times: user=0.46 sys=0.00, real=0.06 secs] 
153.308: Total time for which application threads were stopped: 0.0577750 seconds, Stopping threads took: 0.0001040 seconds
153.490: Application time: 0.1811250 seconds
153.490: [GC [PSYoungGen: 496864K->73424K(545792K)] 1116850K->737285K(1612800K), 0.0609690 secs] [Times: user=0.48 sys=0.00, real=0.06 secs] 
153.551: Total time for which application threads were stopped: 0.0611770 seconds, Stopping threads took: 0.0001020 seconds
153.729: Application time: 0.1779870 seconds
153.729: [GC [PSYoungGen: 506064K->79984K(553472K)] 1169925K->791064K(1620480K), 0.0634180 secs] [Times: user=0.50 sys=0.00, real=0.06 secs] 
153.792: Total time for which application threads were stopped: 0.0635820 seconds, Stopping threads took: 0.0000750 seconds
153.984: Application time: 0.1913980 seconds
153.984: [GC [PSYoungGen: 522864K->68018K(510976K)] 1233944K->828960K(1577984K), 0.0596070 secs] [Times: user=0.48 sys=0.00, real=0.06 secs] 
154.043: Total time for which application threads were stopped: 0.0597970 seconds, Stopping threads took: 0.0000990 seconds
154.224: Application time: 0.1806680 seconds
154.228: [GC [PSYoungGen: 510898K->81952K(551424K)] 1271840K->889968K(1618432K), 0.0659750 secs] [Times: user=0.52 sys=0.00, real=0.06 secs] 
154.294: Total time for which application threads were stopped: 0.0701850 seconds, Stopping threads took: 0.0040810 seconds
154.489: Application time: 0.1950000 seconds
154.489: [GC [PSYoungGen: 525856K->63267K(552448K)] 1333872K->922122K(1619456K), 0.0585150 secs] [Times: user=0.46 sys=0.00, real=0.05 secs] 
154.548: Total time for which application threads were stopped: 0.0587020 seconds, Stopping threads took: 0.0000980 seconds
154.723: Application time: 0.1754510 seconds
154.724: [GC [PSYoungGen: 507171K->86994K(553472K)] 1366026K->992743K(1620480K), 0.0682510 secs] [Times: user=0.54 sys=0.00, real=0.07 secs] 
154.792: Total time for which application threads were stopped: 0.0684420 seconds, Stopping threads took: 0.0001010 seconds
154.998: Application time: 0.2057420 seconds
154.998: [GC [PSYoungGen: 534994K->55012K(556544K)] 1440743K->1012607K(1623552K), 0.0557130 secs] [Times: user=0.44 sys=0.00, real=0.05 secs] 
155.054: Total time for which application threads were stopped: 0.0559350 seconds, Stopping threads took: 0.0001170 seconds
155.235: Application time: 0.1817320 seconds
155.236: [GC [PSYoungGen: 503012K->88530K(552448K)] 1460607K->1089510K(1619456K), 0.0690460 secs] [Times: user=0.55 sys=0.00, real=0.06 secs] 
155.305: Total time for which application threads were stopped: 0.0698980 seconds, Stopping threads took: 0.0007560 seconds
155.511: Application time: 0.2054970 seconds
155.511: [GC [PSYoungGen: 533458K->50774K(556032K)] 1534438K->1103248K(1623040K), 0.0548330 secs] [Times: user=0.42 sys=0.02, real=0.05 secs] 
155.566: [Full GC [PSYoungGen: 50774K->0K(556032K)] [ParOldGen: 1052473K->113892K(1055744K)] 1103248K->113892K(1611776K) [PSPermGen: 9157K->9157K(21504K)], 0.1282440 secs] [Times: user=0.91 sys=0.00, real=0.13 secs] 
155.694: Total time for which application threads were stopped: 0.1833480 seconds, Stopping threads took: 0.0001000 seconds
155.875: Application time: 0.1807570 seconds
155.876: [GC [PSYoungGen: 444928K->95030K(546304K)] 558820K->208922K(1602048K), 0.0502300 secs] [Times: user=0.40 sys=0.00, real=0.04 secs] 
155.926: Total time for which application threads were stopped: 0.0515720 seconds, Stopping threads took: 0.0012470 seconds
156.126: Application time: 0.1996480 seconds
156.126: [GC [PSYoungGen: 530659K->49146K(551424K)] 644551K->223522K(1607168K), 0.0552340 secs] [Times: user=0.44 sys=0.00, real=0.06 secs] 
156.182: Total time for which application threads were stopped: 0.0554330 seconds, Stopping threads took: 0.0000980 seconds
156.361: Application time: 0.1794390 seconds
156.361: [GC [PSYoungGen: 484858K->77762K(547840K)] 659234K->281748K(1603584K), 0.0542240 secs] [Times: user=0.43 sys=0.00, real=0.05 secs] 
156.415: Total time for which application threads were stopped: 0.0544110 seconds, Stopping threads took: 0.0000960 seconds
156.616: Application time: 0.2011090 seconds
156.617: [GC [PSYoungGen: 513986K->50527K(549888K)] 717972K->293822K(1605632K), 0.0453040 secs] [Times: user=0.35 sys=0.00, real=0.04 secs] 
156.662: Total time for which application threads were stopped: 0.0454910 seconds, Stopping threads took: 0.0000980 seconds
156.834: Application time: 0.1725160 seconds
156.835: [GC [PSYoungGen: 486751K->78640K(550912K)] 730046K->350411K(1606656K), 0.0517060 secs] [Times: user=0.41 sys=0.00, real=0.05 secs] 
156.886: Total time for which application threads were stopped: 0.0519060 seconds, Stopping threads took: 0.0000960 seconds
157.082: Application time: 0.1960850 seconds
157.083: [GC [PSYoungGen: 518960K->55952K(552448K)] 790731K->369975K(1608192K), 0.0476920 secs] [Times: user=0.38 sys=0.00, real=0.05 secs] 
157.130: Total time for which application threads were stopped: 0.0478780 seconds, Stopping threads took: 0.0000970 seconds
157.309: Application time: 0.1790120 seconds
157.310: [GC [PSYoungGen: 496272K->77286K(554496K)] 810295K->426782K(1610240K), 0.0572700 secs] [Times: user=0.45 sys=0.00, real=0.05 secs] 
157.367: Total time for which application threads were stopped: 0.0574920 seconds, Stopping threads took: 0.0001310 seconds
157.563: Application time: 0.1957830 seconds
157.563: [GC [PSYoungGen: 522214K->65392K(510464K)] 871710K->460215K(1566208K), 0.0552440 secs] [Times: user=0.44 sys=0.00, real=0.06 secs] 
157.618: Total time for which application threads were stopped: 0.0554480 seconds, Stopping threads took: 0.0000990 seconds
157.807: Application time: 0.1893540 seconds
157.808: [GC [PSYoungGen: 510320K->73168K(556032K)] 905143K->507190K(1611776K), 0.0577250 secs] [Times: user=0.46 sys=0.00, real=0.06 secs] 
157.865: Total time for which application threads were stopped: 0.0579040 seconds, Stopping threads took: 0.0000870 seconds
158.056: Application time: 0.1909950 seconds
158.057: [GC [PSYoungGen: 523216K->71568K(553984K)] 957238K->551062K(1609728K), 0.0586080 secs] [Times: user=0.47 sys=0.00, real=0.05 secs] 
158.115: Total time for which application threads were stopped: 0.0587880 seconds, Stopping threads took: 0.0000900 seconds
158.304: Application time: 0.1891500 seconds
158.304: [GC [PSYoungGen: 521616K->76080K(559104K)] 1001110K->598570K(1614848K), 0.0591770 secs] [Times: user=0.47 sys=0.00, real=0.06 secs] 
158.364: Total time for which application threads were stopped: 0.0593560 seconds, Stopping threads took: 0.0000800 seconds
158.559: Application time: 0.1955620 seconds
158.559: [GC [PSYoungGen: 533808K->72816K(558592K)] 1056298K->642553K(1614336K), 0.0611870 secs] [Times: user=0.48 sys=0.00, real=0.06 secs] 
158.621: Total time for which application threads were stopped: 0.0613780 seconds, Stopping threads took: 0.0001000 seconds
158.811: Application time: 0.1906850 seconds
158.811: [GC [PSYoungGen: 530544K->77536K(563712K)] 1100281K->692185K(1619456K), 0.0622550 secs] [Times: user=0.49 sys=0.00, real=0.06 secs] 
158.874: Total time for which application threads were stopped: 0.0624310 seconds, Stopping threads took: 0.0000750 seconds
159.074: Application time: 0.2005190 seconds
159.074: [GC [PSYoungGen: 542432K->74256K(563712K)] 1157081K->737031K(1619456K), 0.0626420 secs] [Times: user=0.49 sys=0.00, real=0.07 secs] 
159.137: Total time for which application threads were stopped: 0.0628050 seconds, Stopping threads took: 0.0000720 seconds
159.336: Application time: 0.1987150 seconds
159.336: [GC [PSYoungGen: 539152K->78976K(566784K)] 1201927K->788619K(1622528K), 0.0661700 secs] [Times: user=0.52 sys=0.00, real=0.07 secs] 
159.402: Total time for which application threads were stopped: 0.0663580 seconds, Stopping threads took: 0.0000820 seconds
159.610: Application time: 0.2077130 seconds
159.612: [GC [PSYoungGen: 548480K->71056K(566784K)] 1258123K->829049K(1622528K), 0.0610030 secs] [Times: user=0.48 sys=0.00, real=0.06 secs] 
159.673: Total time for which application threads were stopped: 0.0633540 seconds, Stopping threads took: 0.0022630 seconds
159.871: Application time: 0.1975910 seconds
159.871: [GC [PSYoungGen: 540560K->79856K(567296K)] 1298553K->883282K(1623040K), 0.0646090 secs] [Times: user=0.51 sys=0.00, real=0.06 secs] 
159.936: Total time for which application threads were stopped: 0.0648010 seconds, Stopping threads took: 0.0000920 seconds
160.142: Application time: 0.2065070 seconds
160.142: [GC [PSYoungGen: 551920K->68234K(567808K)] 1355346K->916294K(1623552K), 0.0582630 secs] [Times: user=0.47 sys=0.00, real=0.06 secs] 
160.201: Total time for which application threads were stopped: 0.0584420 seconds, Stopping threads took: 0.0000880 seconds
160.397: Application time: 0.1965410 seconds
160.400: [GC [PSYoungGen: 540298K->78768K(570368K)] 1388358K->970479K(1626112K), 0.0652140 secs] [Times: user=0.47 sys=0.00, real=0.06 secs] 
160.465: Total time for which application threads were stopped: 0.0683220 seconds, Stopping threads took: 0.0030070 seconds
160.683: Application time: 0.2176530 seconds
160.683: [GC [PSYoungGen: 554928K->63895K(570368K)] 1446639K->997417K(1626112K), 0.0546320 secs] [Times: user=0.44 sys=0.00, real=0.06 secs] 
160.738: Total time for which application threads were stopped: 0.0548000 seconds, Stopping threads took: 0.0000780 seconds
160.940: Application time: 0.2017370 seconds
160.940: [GC [PSYoungGen: 540055K->79504K(571904K)] 1473577K->1052232K(1627648K), 0.0626900 secs] [Times: user=0.49 sys=0.00, real=0.06 secs] 
161.003: Total time for which application threads were stopped: 0.0629070 seconds, Stopping threads took: 0.0001110 seconds
161.211: Application time: 0.2085930 seconds
161.211: [GC [PSYoungGen: 557712K->61845K(572416K)] 1530440K->1069482K(1628160K), 0.0486500 secs] [Times: user=0.38 sys=0.00, real=0.05 secs] 
161.260: [Full GC [PSYoungGen: 61845K->0K(572416K)] [ParOldGen: 1007636K->121831K(1075712K)] 1069482K->121831K(1648128K) [PSPermGen: 9157K->9157K(21504K)], 0.1419860 secs] [Times: user=1.03 sys=0.01, real=0.14 secs] 
161.402: Total time for which application threads were stopped: 0.1908760 seconds, Stopping threads took: 0.0000900 seconds
161.602: Application time: 0.2001100 seconds
161.602: [GC [PSYoungGen: 478208K->85648K(566784K)] 600039K->207479K(1642496K), 0.0467000 secs] [Times: user=0.37 sys=0.00, real=0.05 secs] 
161.649: Total time for which application threads were stopped: 0.0468940 seconds, Stopping threads took: 0.0000950 seconds
161.848: Application time: 0.1989560 seconds
161.848: [GC [PSYoungGen: 558224K->68050K(569856K)] 680055K->242202K(1645568K), 0.0595410 secs] [Times: user=0.48 sys=0.00, real=0.05 secs] 
161.908: Total time for which application threads were stopped: 0.0597340 seconds, Stopping threads took: 0.0001000 seconds
162.112: Application time: 0.2039940 seconds
162.112: [GC [PSYoungGen: 540626K->70032K(564224K)] 714778K->281454K(1639936K), 0.0526220 secs] [Times: user=0.42 sys=0.00, real=0.05 secs] 
162.165: Total time for which application threads were stopped: 0.0528090 seconds, Stopping threads took: 0.0000890 seconds
162.366: Application time: 0.2015860 seconds
162.368: [GC [PSYoungGen: 544144K->69957K(567808K)] 755566K->318725K(1643520K), 0.0523440 secs] [Times: user=0.42 sys=0.00, real=0.05 secs] 
162.421: Total time for which application threads were stopped: 0.0544760 seconds, Stopping threads took: 0.0020390 seconds
162.626: Application time: 0.2052160 seconds
162.626: [GC [PSYoungGen: 544069K->66688K(569856K)] 792837K->351549K(1645568K), 0.0506140 secs] [Times: user=0.40 sys=0.00, real=0.06 secs] 
162.677: Total time for which application threads were stopped: 0.0508240 seconds, Stopping threads took: 0.0000990 seconds
162.877: Application time: 0.2007460 seconds
162.878: [GC [PSYoungGen: 547968K->74320K(572416K)] 832829K->393686K(1648128K), 0.0527040 secs] [Times: user=0.41 sys=0.00, real=0.05 secs] 
162.930: Total time for which application threads were stopped: 0.0528870 seconds, Stopping threads took: 0.0000940 seconds
163.146: Application time: 0.2155420 seconds
163.148: [GC [PSYoungGen: 555600K->62498K(574976K)] 874966K->415200K(1650688K), 0.0466790 secs] [Times: user=0.37 sys=0.00, real=0.04 secs] 
163.195: Total time for which application threads were stopped: 0.0490850 seconds, Stopping threads took: 0.0023040 seconds
163.393: Application time: 0.1982700 seconds
163.393: [GC [PSYoungGen: 548386K->76921K(576000K)] 901088K->456848K(1651712K), 0.0506510 secs] [Times: user=0.40 sys=0.00, real=0.05 secs] 
163.444: Total time for which application threads were stopped: 0.0508400 seconds, Stopping threads took: 0.0000980 seconds
163.658: Application time: 0.2141650 seconds
163.658: [GC [PSYoungGen: 562809K->65592K(576000K)] 942736K->480130K(1651712K), 0.0490970 secs] [Times: user=0.39 sys=0.00, real=0.04 secs] 
163.708: Total time for which application threads were stopped: 0.0493080 seconds, Stopping threads took: 0.0001050 seconds
163.908: Application time: 0.2009370 seconds
163.909: [GC [PSYoungGen: 552504K->81609K(568832K)] 967042K->527816K(1644544K), 0.0542990 secs] [Times: user=0.43 sys=0.00, real=0.05 secs] 
163.963: Total time for which application threads were stopped: 0.0544660 seconds, Stopping threads took: 0.0000800 seconds
164.174: Application time: 0.2112150 seconds
164.174: [GC [PSYoungGen: 568521K->69552K(577024K)] 1014728K->560335K(1652736K), 0.0559480 secs] [Times: user=0.45 sys=0.00, real=0.06 secs] 
164.230: Total time for which application threads were stopped: 0.0561770 seconds, Stopping threads took: 0.0001220 seconds
164.429: Application time: 0.1990800 seconds
164.429: [GC [PSYoungGen: 554928K->87209K(572928K)] 1045711K->620067K(1648640K), 0.0634670 secs] [Times: user=0.50 sys=0.00, real=0.06 secs] 
164.493: Total time for which application threads were stopped: 0.0636260 seconds, Stopping threads took: 0.0000680 seconds
164.706: Application time: 0.2127380 seconds
164.706: [GC [PSYoungGen: 572585K->68192K(574464K)] 1105443K->655377K(1650176K), 0.0610290 secs] [Times: user=0.49 sys=0.00, real=0.06 secs] 
164.767: Total time for which application threads were stopped: 0.0612290 seconds, Stopping threads took: 0.0000950 seconds
164.961: Application time: 0.1937460 seconds
164.961: [GC [PSYoungGen: 548960K->91104K(571904K)] 1136145K->721829K(1647616K), 0.0664760 secs] [Times: user=0.53 sys=0.00, real=0.06 secs] 
165.027: Total time for which application threads were stopped: 0.0666510 seconds, Stopping threads took: 0.0000860 seconds
165.241: Application time: 0.2139400 seconds
165.241: [GC [PSYoungGen: 571872K->71424K(570880K)] 1202597K->758858K(1646592K), 0.0666390 secs] [Times: user=0.53 sys=0.00, real=0.07 secs] 
165.308: Total time for which application threads were stopped: 0.0668220 seconds, Stopping threads took: 0.0000780 seconds
165.495: Application time: 0.1873190 seconds
165.496: [GC [PSYoungGen: 547072K->89824K(565760K)] 1234506K->825664K(1641472K), 0.0692770 secs] [Times: user=0.55 sys=0.00, real=0.07 secs] 
165.565: Total time for which application threads were stopped: 0.0694460 seconds, Stopping threads took: 0.0000790 seconds
165.780: Application time: 0.2150730 seconds
165.780: [GC [PSYoungGen: 565472K->67760K(568832K)] 1301312K->855076K(1644544K), 0.0624050 secs] [Times: user=0.49 sys=0.00, real=0.06 secs] 
165.843: Total time for which application threads were stopped: 0.0626150 seconds, Stopping threads took: 0.0001070 seconds
166.031: Application time: 0.1881180 seconds
166.031: [GC [PSYoungGen: 537264K->89104K(559104K)] 1324580K->923281K(1634816K), 0.0676240 secs] [Times: user=0.53 sys=0.00, real=0.07 secs] 
166.099: Total time for which application threads were stopped: 0.0678080 seconds, Stopping threads took: 0.0000820 seconds
166.304: Application time: 0.2052370 seconds
166.304: [GC [PSYoungGen: 558608K->64672K(566272K)] 1392785K->949243K(1641984K), 0.0583680 secs] [Times: user=0.46 sys=0.00, real=0.06 secs] 
166.362: Total time for which application threads were stopped: 0.0585570 seconds, Stopping threads took: 0.0000830 seconds
166.548: Application time: 0.1852260 seconds
166.548: [GC [PSYoungGen: 529568K->87472K(552448K)] 1414139K->1016621K(1628160K), 0.0664360 secs] [Times: user=0.53 sys=0.00, real=0.07 secs] 
166.614: Total time for which application threads were stopped: 0.0666210 seconds, Stopping threads took: 0.0000950 seconds
166.821: Application time: 0.2069190 seconds
166.821: [GC [PSYoungGen: 552368K->64240K(564736K)] 1481517K->1043583K(1640448K), 0.0586490 secs] [Times: user=0.46 sys=0.00, real=0.06 secs] 
166.880: Total time for which application threads were stopped: 0.0588240 seconds, Stopping threads took: 0.0000720 seconds
167.061: Application time: 0.1809680 seconds
167.061: [GC [PSYoungGen: 526064K->89296K(551424K)] 1505407K->1113020K(1627136K), 0.0665360 secs] [Times: user=0.53 sys=0.00, real=0.06 secs] 
167.128: [Full GC [PSYoungGen: 89296K->0K(551424K)] [ParOldGen: 1023723K->151550K(1132032K)] 1113020K->151550K(1683456K) [PSPermGen: 9157K->9157K(21504K)], 0.1860390 secs] [Times: user=1.38 sys=0.00, real=0.19 secs] 
167.314: Total time for which application threads were stopped: 0.2527960 seconds, Stopping threads took: 0.0000730 seconds
167.521: Application time: 0.2070260 seconds
167.521: [GC [PSYoungGen: 461824K->75360K(564736K)] 613374K->226911K(1696768K), 0.0476590 secs] [Times: user=0.37 sys=0.00, real=0.05 secs] 
167.569: Total time for which application threads were stopped: 0.0478440 seconds, Stopping threads took: 0.0000800 seconds
167.751: Application time: 0.1823000 seconds
167.751: [GC [PSYoungGen: 535136K->85424K(562176K)] 686687K->292198K(1694208K), 0.0726230 secs] [Times: user=0.58 sys=0.00, real=0.07 secs] 
167.824: Total time for which application threads were stopped: 0.0727960 seconds, Stopping threads took: 0.0000840 seconds
168.026: Application time: 0.2027500 seconds
168.027: [GC [PSYoungGen: 545200K->67248K(563200K)] 751974K->323869K(1695232K), 0.0590360 secs] [Times: user=0.47 sys=0.00, real=0.06 secs] 
168.086: Total time for which application threads were stopped: 0.0592240 seconds, Stopping threads took: 0.0000880 seconds
168.270: Application time: 0.1841130 seconds
168.270: [GC [PSYoungGen: 527536K->85792K(562688K)] 784157K->389308K(1694720K), 0.0647300 secs] [Times: user=0.52 sys=0.00, real=0.06 secs] 
168.335: Total time for which application threads were stopped: 0.0649090 seconds, Stopping threads took: 0.0000890 seconds
168.541: Application time: 0.2062130 seconds
168.544: [GC [PSYoungGen: 546080K->68480K(563200K)] 849596K->423102K(1695232K), 0.0624260 secs] [Times: user=0.49 sys=0.00, real=0.06 secs] 
168.607: Total time for which application threads were stopped: 0.0657320 seconds, Stopping threads took: 0.0031980 seconds
168.791: Application time: 0.1846610 seconds
168.791: [GC [PSYoungGen: 530304K->87972K(549888K)] 884926K->490351K(1681920K), 0.0677110 secs] [Times: user=0.54 sys=0.00, real=0.07 secs] 
168.859: Total time for which application threads were stopped: 0.0679160 seconds, Stopping threads took: 0.0001100 seconds
169.062: Application time: 0.2026270 seconds
169.064: [GC [PSYoungGen: 549796K->68224K(564224K)] 952175K->523952K(1696256K), 0.0610590 secs] [Times: user=0.48 sys=0.00, real=0.06 secs] 
169.125: Total time for which application threads were stopped: 0.0634130 seconds, Stopping threads took: 0.0022550 seconds
169.311: Application time: 0.1856200 seconds
169.311: [GC [PSYoungGen: 528512K->86662K(563200K)] 984240K->590305K(1695232K), 0.0674870 secs] [Times: user=0.54 sys=0.00, real=0.07 secs] 
169.379: Total time for which application threads were stopped: 0.0676540 seconds, Stopping threads took: 0.0000780 seconds
169.585: Application time: 0.2060720 seconds
169.585: [GC [PSYoungGen: 546950K->69328K(563200K)] 1050593K->627156K(1695232K), 0.0644190 secs] [Times: user=0.51 sys=0.00, real=0.07 secs] 
169.649: Total time for which application threads were stopped: 0.0646200 seconds, Stopping threads took: 0.0000990 seconds
169.836: Application time: 0.1867490 seconds
169.836: [GC [PSYoungGen: 529616K->83584K(563200K)] 1087444K->689496K(1695232K), 0.0664530 secs] [Times: user=0.52 sys=0.00, real=0.06 secs] 
169.903: Total time for which application threads were stopped: 0.0666420 seconds, Stopping threads took: 0.0001020 seconds
170.102: Application time: 0.1995320 seconds
170.102: [GC [PSYoungGen: 543872K->70080K(561152K)] 1149784K->727687K(1693184K), 0.0622830 secs] [Times: user=0.50 sys=0.00, real=0.06 secs] 
170.165: Total time for which application threads were stopped: 0.0625030 seconds, Stopping threads took: 0.0001200 seconds
170.353: Application time: 0.1881890 seconds
170.353: [GC [PSYoungGen: 531392K->84333K(562688K)] 1188999K->789400K(1694720K), 0.0664370 secs] [Times: user=0.52 sys=0.00, real=0.07 secs] 
170.419: Total time for which application threads were stopped: 0.0666160 seconds, Stopping threads took: 0.0000900 seconds
170.620: Application time: 0.2009080 seconds
170.624: [GC [PSYoungGen: 545645K->68944K(564224K)] 1250712K->827130K(1696256K), 0.0631290 secs] [Times: user=0.51 sys=0.00, real=0.06 secs] 
170.687: Total time for which application threads were stopped: 0.0669380 seconds, Stopping threads took: 0.0037070 seconds
170.878: Application time: 0.1904990 seconds
170.878: [GC [PSYoungGen: 532816K->83911K(564736K)] 1291002K->888950K(1696768K), 0.0668570 secs] [Times: user=0.53 sys=0.00, real=0.06 secs] 
170.945: Total time for which application threads were stopped: 0.0670660 seconds, Stopping threads took: 0.0001180 seconds
171.147: Application time: 0.2025000 seconds
171.148: [GC [PSYoungGen: 547783K->68880K(564736K)] 1352822K->927504K(1696768K), 0.0632750 secs] [Times: user=0.50 sys=0.00, real=0.07 secs] 
171.211: Total time for which application threads were stopped: 0.0634540 seconds, Stopping threads took: 0.0000800 seconds
171.403: Application time: 0.1923520 seconds
171.403: [GC [PSYoungGen: 533776K->82782K(565248K)] 1392400K->987863K(1697280K), 0.0666540 secs] [Times: user=0.53 sys=0.00, real=0.07 secs] 
171.470: Total time for which application threads were stopped: 0.0668210 seconds, Stopping threads took: 0.0000760 seconds
171.675: Application time: 0.2046530 seconds
171.675: [GC [PSYoungGen: 547678K->68651K(564736K)] 1452759K->1026143K(1696768K), 0.0618200 secs] [Times: user=0.49 sys=0.00, real=0.07 secs] 
171.737: Total time for which application threads were stopped: 0.0620000 seconds, Stopping threads took: 0.0000820 seconds
171.928: Application time: 0.1909990 seconds
171.928: [GC [PSYoungGen: 535083K->83525K(565760K)] 1492575K->1086341K(1697792K), 0.0662920 secs] [Times: user=0.53 sys=0.00, real=0.07 secs] 
171.994: Total time for which application threads were stopped: 0.0664820 seconds, Stopping threads took: 0.0001000 seconds
172.200: Application time: 0.2055280 seconds
172.200: [GC [PSYoungGen: 549957K->65034K(567296K)] 1552773K->1119278K(1699328K), 0.0611960 secs] [Times: user=0.49 sys=0.00, real=0.06 secs] 
172.261: Total time for which application threads were stopped: 0.0614010 seconds, Stopping threads took: 0.0001020 seconds
172.454: Application time: 0.1929960 seconds
172.454: [GC [PSYoungGen: 533002K->87221K(555520K)] 1587246K->1184594K(1687552K), 0.0652650 secs] [Times: user=0.49 sys=0.02, real=0.07 secs] 
172.520: [Full GC [PSYoungGen: 87221K->0K(555520K)] [ParOldGen: 1097373K->141319K(1142272K)] 1184594K->141319K(1697792K) [PSPermGen: 9157K->9157K(21504K)], 0.1709650 secs] [Times: user=1.25 sys=0.01, real=0.17 secs] 
172.691: Total time for which application threads were stopped: 0.2364480 seconds, Stopping threads took: 0.0000700 seconds
172.898: Application time: 0.2078320 seconds
172.899: [GC [PSYoungGen: 467968K->75013K(567808K)] 609287K->216333K(1710080K), 0.0465930 secs] [Times: user=0.37 sys=0.00, real=0.04 secs] 
172.945: Total time for which application threads were stopped: 0.0468170 seconds, Stopping threads took: 0.0001100 seconds
173.134: Application time: 0.1891080 seconds
173.134: [GC [PSYoungGen: 541445K->85602K(565760K)] 682765K->284517K(1708032K), 0.0747310 secs] [Times: user=0.59 sys=0.00, real=0.08 secs] 
173.209: Total time for which application threads were stopped: 0.0749180 seconds, Stopping threads took: 0.0000970 seconds
173.421: Application time: 0.2120380 seconds
173.421: [GC [PSYoungGen: 552034K->60613K(565760K)] 750949K->306490K(1708032K), 0.0545360 secs] [Times: user=0.43 sys=0.00, real=0.05 secs] 
173.476: Total time for which application threads were stopped: 0.0547340 seconds, Stopping threads took: 0.0000920 seconds
173.669: Application time: 0.1926440 seconds
173.669: [GC [PSYoungGen: 526021K->83308K(548864K)] 771898K->368150K(1691136K), 0.0605320 secs] [Times: user=0.48 sys=0.00, real=0.06 secs] 
173.729: Total time for which application threads were stopped: 0.0607100 seconds, Stopping threads took: 0.0000880 seconds
173.937: Application time: 0.2072840 seconds
173.937: [GC [PSYoungGen: 548716K->57821K(564736K)] 833558K->386057K(1707008K), 0.0508030 secs] [Times: user=0.40 sys=0.00, real=0.04 secs] 
173.988: Total time for which application threads were stopped: 0.0509890 seconds, Stopping threads took: 0.0000820 seconds
174.179: Application time: 0.1908560 seconds
174.179: [GC [PSYoungGen: 521181K->79282K(542720K)] 849417K->443770K(1684992K), 0.0576840 secs] [Times: user=0.45 sys=0.00, real=0.06 secs] 
174.236: Total time for which application threads were stopped: 0.0578650 seconds, Stopping threads took: 0.0000890 seconds
174.443: Application time: 0.2070080 seconds
174.444: [GC [PSYoungGen: 542642K->58656K(564224K)] 907130K->459367K(1706496K), 0.0477450 secs] [Times: user=0.37 sys=0.00, real=0.05 secs] 
174.491: Total time for which application threads were stopped: 0.0479460 seconds, Stopping threads took: 0.0000970 seconds
174.685: Application time: 0.1932880 seconds
174.685: [GC [PSYoungGen: 522016K->75613K(539136K)] 922727K->511288K(1681408K), 0.0539800 secs] [Times: user=0.42 sys=0.00, real=0.06 secs] 
174.739: Total time for which application threads were stopped: 0.0541620 seconds, Stopping threads took: 0.0000940 seconds
174.942: Application time: 0.2031680 seconds
174.944: [GC [PSYoungGen: 538973K->61832K(564736K)] 974648K->536265K(1707008K), 0.0508250 secs] [Times: user=0.40 sys=0.00, real=0.05 secs] 
174.995: Total time for which application threads were stopped: 0.0530830 seconds, Stopping threads took: 0.0021610 seconds
175.190: Application time: 0.1946530 seconds
175.190: [GC [PSYoungGen: 527240K->75544K(564224K)] 1001673K->585751K(1706496K), 0.0552680 secs] [Times: user=0.44 sys=0.00, real=0.05 secs] 
175.245: Total time for which application threads were stopped: 0.0554600 seconds, Stopping threads took: 0.0001020 seconds
175.452: Application time: 0.2066430 seconds
175.452: [GC [PSYoungGen: 540952K->61849K(566784K)] 1051159K->609335K(1709056K), 0.0497170 secs] [Times: user=0.40 sys=0.00, real=0.05 secs] 
175.502: Total time for which application threads were stopped: 0.0499030 seconds, Stopping threads took: 0.0000840 seconds
175.699: Application time: 0.1973370 seconds
175.699: [GC [PSYoungGen: 531353K->72640K(566272K)] 1078839K->656095K(1708544K), 0.0539960 secs] [Times: user=0.43 sys=0.00, real=0.05 secs] 
175.753: Total time for which application threads were stopped: 0.0541760 seconds, Stopping threads took: 0.0000880 seconds
175.959: Application time: 0.2057200 seconds
175.959: [GC [PSYoungGen: 542006K->63307K(568832K)] 1125460K->680176K(1711104K), 0.0485070 secs] [Times: user=0.39 sys=0.00, real=0.04 secs] 
176.008: Total time for which application threads were stopped: 0.0486980 seconds, Stopping threads took: 0.0000890 seconds
176.206: Application time: 0.1979650 seconds
176.206: [GC [PSYoungGen: 537419K->73718K(567808K)] 1154288K->726713K(1710080K), 0.0537830 secs] [Times: user=0.42 sys=0.00, real=0.06 secs] 
176.260: Total time for which application threads were stopped: 0.0539610 seconds, Stopping threads took: 0.0000800 seconds
176.471: Application time: 0.2114260 seconds
176.471: [GC [PSYoungGen: 547830K->64663K(572416K)] 1200825K->745453K(1714688K), 0.0468450 secs] [Times: user=0.37 sys=0.00, real=0.05 secs] 
176.518: Total time for which application threads were stopped: 0.0470400 seconds, Stopping threads took: 0.0000910 seconds
176.721: Application time: 0.2031480 seconds
176.721: [GC [PSYoungGen: 544407K->71548K(571392K)] 1225197K->789713K(1713664K), 0.0540890 secs] [Times: user=0.43 sys=0.00, real=0.05 secs] 
176.775: Total time for which application threads were stopped: 0.0542830 seconds, Stopping threads took: 0.0001060 seconds
176.984: Application time: 0.2085450 seconds
176.984: [GC [PSYoungGen: 551170K->69442K(573952K)] 1269335K->822195K(1716224K), 0.0521620 secs] [Times: user=0.41 sys=0.00, real=0.06 secs] 
177.036: Total time for which application threads were stopped: 0.0523630 seconds, Stopping threads took: 0.0000990 seconds
177.243: Application time: 0.2069000 seconds
177.243: [GC [PSYoungGen: 553794K->70784K(572416K)] 1306547K->863258K(1714688K), 0.0559730 secs] [Times: user=0.45 sys=0.00, real=0.06 secs] 
177.299: Total time for which application threads were stopped: 0.0561370 seconds, Stopping threads took: 0.0000730 seconds
177.508: Application time: 0.2089680 seconds
177.509: [GC [PSYoungGen: 555136K->74368K(576000K)] 1347610K->902214K(1718272K), 0.0549130 secs] [Times: user=0.43 sys=0.00, real=0.05 secs] 
177.564: Total time for which application threads were stopped: 0.0550960 seconds, Stopping threads took: 0.0000800 seconds
177.771: Application time: 0.2070830 seconds
177.771: [GC [PSYoungGen: 563840K->71671K(576000K)] 1391686K->938117K(1718272K), 0.0546500 secs] [Times: user=0.44 sys=0.00, real=0.05 secs] 
177.825: Total time for which application threads were stopped: 0.0548340 seconds, Stopping threads took: 0.0000940 seconds
178.033: Application time: 0.2070890 seconds
178.033: [GC [PSYoungGen: 561143K->77379K(578048K)] 1427589K->974388K(1720320K), 0.0542740 secs] [Times: user=0.42 sys=0.00, real=0.05 secs] 
178.087: Total time for which application threads were stopped: 0.0544530 seconds, Stopping threads took: 0.0000770 seconds
178.300: Application time: 0.2131340 seconds
178.300: [GC [PSYoungGen: 570435K->72714K(579072K)] 1467444K->1013411K(1721344K), 0.0592380 secs] [Times: user=0.47 sys=0.00, real=0.06 secs] 
178.360: Total time for which application threads were stopped: 0.0594270 seconds, Stopping threads took: 0.0000990 seconds
178.570: Application time: 0.2104290 seconds
178.572: [GC [PSYoungGen: 565770K->78854K(579072K)] 1506467K->1051553K(1721344K), 0.0558130 secs] [Times: user=0.45 sys=0.00, real=0.05 secs] 
178.628: Total time for which application threads were stopped: 0.0581050 seconds, Stopping threads took: 0.0021830 seconds
178.847: Application time: 0.2186180 seconds
178.847: [GC [PSYoungGen: 572934K->70384K(580608K)] 1545633K->1085663K(1722880K), 0.0584060 secs] [Times: user=0.46 sys=0.00, real=0.06 secs] 
178.905: Total time for which application threads were stopped: 0.0585970 seconds, Stopping threads took: 0.0001000 seconds
179.108: Application time: 0.2025540 seconds
179.108: [GC [PSYoungGen: 564464K->82791K(576512K)] 1579743K->1138733K(1718784K), 0.0618850 secs] [Times: user=0.47 sys=0.01, real=0.07 secs] 
179.170: Total time for which application threads were stopped: 0.0620820 seconds, Stopping threads took: 0.0000900 seconds
179.392: Application time: 0.2216750 seconds
179.392: [GC [PSYoungGen: 573799K->60576K(551936K)] 1629741K->1156316K(1694208K), 0.0522820 secs] [Times: user=0.41 sys=0.00, real=0.05 secs] 
179.444: [Full GC [PSYoungGen: 60576K->0K(551936K)] [ParOldGen: 1095739K->128150K(1141760K)] 1156316K->128150K(1693696K) [PSPermGen: 9157K->9157K(21504K)], 0.1557740 secs] [Times: user=1.14 sys=0.00, real=0.16 secs] 
179.600: Total time for which application threads were stopped: 0.2082920 seconds, Stopping threads took: 0.0000760 seconds
179.797: Application time: 0.1972570 seconds
179.800: [GC [PSYoungGen: 491008K->88550K(569344K)] 619158K->217477K(1711104K), 0.0482770 secs] [Times: user=0.38 sys=0.00, real=0.05 secs] 
179.849: Total time for which application threads were stopped: 0.0513430 seconds, Stopping threads took: 0.0029650 seconds
180.066: Application time: 0.2171480 seconds
180.066: [GC [PSYoungGen: 569318K->61381K(542208K)] 698245K->235818K(1683968K), 0.0549580 secs] [Times: user=0.44 sys=0.00, real=0.06 secs] 
180.121: Total time for which application threads were stopped: 0.0551530 seconds, Stopping threads took: 0.0001030 seconds
180.318: Application time: 0.1970480 seconds
180.318: [GC [PSYoungGen: 542149K->83378K(569344K)] 716586K->298412K(1711104K), 0.0619020 secs] [Times: user=0.49 sys=0.00, real=0.06 secs] 
180.380: Total time for which application threads were stopped: 0.0621160 seconds, Stopping threads took: 0.0001100 seconds
180.593: Application time: 0.2128710 seconds
180.593: [GC [PSYoungGen: 559026K->62897K(571392K)] 774060K->316688K(1713152K), 0.0504830 secs] [Times: user=0.40 sys=0.00, real=0.05 secs] 
180.644: Total time for which application threads were stopped: 0.0506670 seconds, Stopping threads took: 0.0000890 seconds
180.843: Application time: 0.1998700 seconds
180.844: [GC [PSYoungGen: 538545K->79642K(570880K)] 792336K->373270K(1712640K), 0.0599300 secs] [Times: user=0.48 sys=0.00, real=0.06 secs] 
180.904: Total time for which application threads were stopped: 0.0601220 seconds, Stopping threads took: 0.0000880 seconds
181.115: Application time: 0.2114240 seconds
181.115: [GC [PSYoungGen: 555290K->67545K(543232K)] 848918K->405501K(1684992K), 0.0556180 secs] [Times: user=0.44 sys=0.00, real=0.06 secs] 
181.171: Total time for which application threads were stopped: 0.0558020 seconds, Stopping threads took: 0.0000930 seconds
181.371: Application time: 0.2004020 seconds
181.371: [GC [PSYoungGen: 543193K->76950K(570880K)] 881149K->454439K(1712640K), 0.0589160 secs] [Times: user=0.46 sys=0.00, real=0.06 secs] 
181.430: Total time for which application threads were stopped: 0.0591330 seconds, Stopping threads took: 0.0001080 seconds
181.638: Application time: 0.2072130 seconds
181.638: [GC [PSYoungGen: 553622K->71856K(570368K)] 931111K->493409K(1712128K), 0.0573810 secs] [Times: user=0.45 sys=0.00, real=0.05 secs] 
181.695: Total time for which application threads were stopped: 0.0575590 seconds, Stopping threads took: 0.0000880 seconds
181.898: Application time: 0.2034160 seconds
181.899: [GC [PSYoungGen: 548528K->76803K(571904K)] 970081K->535709K(1713664K), 0.0573120 secs] [Times: user=0.45 sys=0.00, real=0.05 secs] 
181.956: Total time for which application threads were stopped: 0.0575110 seconds, Stopping threads took: 0.0000950 seconds
182.168: Application time: 0.2118740 seconds
182.168: [GC [PSYoungGen: 556547K->69054K(571392K)] 1015453K->571611K(1713152K), 0.0579000 secs] [Times: user=0.45 sys=0.00, real=0.06 secs] 
182.226: Total time for which application threads were stopped: 0.0580810 seconds, Stopping threads took: 0.0000870 seconds
182.426: Application time: 0.2000230 seconds
182.426: [GC [PSYoungGen: 548798K->79392K(573440K)] 1051355K->620490K(1715200K), 0.0585550 secs] [Times: user=0.45 sys=0.00, real=0.06 secs] 
182.485: Total time for which application threads were stopped: 0.0587580 seconds, Stopping threads took: 0.0001050 seconds
182.696: Application time: 0.2114720 seconds
182.696: [GC [PSYoungGen: 562208K->68528K(573952K)] 1103306K->654870K(1715712K), 0.0572950 secs] [Times: user=0.45 sys=0.00, real=0.05 secs] 
182.754: Total time for which application threads were stopped: 0.0574970 seconds, Stopping threads took: 0.0001060 seconds
182.959: Application time: 0.2057060 seconds
182.960: [GC [PSYoungGen: 551344K->84158K(571904K)] 1137686K->708089K(1713664K), 0.0614560 secs] [Times: user=0.49 sys=0.00, real=0.06 secs] 
183.022: Total time for which application threads were stopped: 0.0622640 seconds, Stopping threads took: 0.0006950 seconds
183.235: Application time: 0.2128160 seconds
183.235: [GC [PSYoungGen: 565950K->64816K(574464K)] 1189881K->736233K(1716224K), 0.0564040 secs] [Times: user=0.45 sys=0.00, real=0.06 secs] 
183.291: Total time for which application threads were stopped: 0.0565860 seconds, Stopping threads took: 0.0000850 seconds
183.486: Application time: 0.1944530 seconds
183.486: [GC [PSYoungGen: 546608K->84919K(570368K)] 1218025K->793728K(1712128K), 0.0620330 secs] [Times: user=0.48 sys=0.00, real=0.06 secs] 
183.548: Total time for which application threads were stopped: 0.0622400 seconds, Stopping threads took: 0.0001020 seconds
183.766: Application time: 0.2186110 seconds
183.767: [GC [PSYoungGen: 562615K->58704K(536576K)] 1271424K->814189K(1678336K), 0.0548270 secs] [Times: user=0.43 sys=0.00, real=0.06 secs] 
183.821: Total time for which application threads were stopped: 0.0550130 seconds, Stopping threads took: 0.0000960 seconds
184.011: Application time: 0.1894040 seconds
184.012: [GC [PSYoungGen: 536400K->88694K(564224K)] 1291885K->880556K(1705984K), 0.0617890 secs] [Times: user=0.49 sys=0.00, real=0.06 secs] 
184.074: Total time for which application threads were stopped: 0.0631470 seconds, Stopping threads took: 0.0012560 seconds
184.291: Application time: 0.2169490 seconds
184.291: [GC [PSYoungGen: 557174K->54944K(523776K)] 1349036K->893546K(1665536K), 0.0527100 secs] [Times: user=0.41 sys=0.00, real=0.05 secs] 
184.344: Total time for which application threads were stopped: 0.0528700 seconds, Stopping threads took: 0.0000660 seconds
184.528: Application time: 0.1846250 seconds
184.532: [GC [PSYoungGen: 523424K->87324K(561152K)] 1362026K->960161K(1702912K), 0.0605830 secs] [Times: user=0.48 sys=0.00, real=0.06 secs] 
184.593: Total time for which application threads were stopped: 0.0643480 seconds, Stopping threads took: 0.0036620 seconds
184.802: Application time: 0.2094000 seconds
184.802: [GC [PSYoungGen: 548636K->53968K(515584K)] 1421473K->974569K(1657344K), 0.0516630 secs] [Times: user=0.41 sys=0.00, real=0.05 secs] 
184.854: Total time for which application threads were stopped: 0.0518330 seconds, Stopping threads took: 0.0000820 seconds
185.033: Application time: 0.1789510 seconds
185.033: [GC [PSYoungGen: 515280K->88434K(557568K)] 1435881K->1045249K(1699328K), 0.0625020 secs] [Times: user=0.50 sys=0.00, real=0.06 secs] 
185.096: Total time for which application threads were stopped: 0.0627010 seconds, Stopping threads took: 0.0000880 seconds
185.302: Application time: 0.2062050 seconds
185.302: [GC [PSYoungGen: 542578K->56016K(560640K)] 1499393K->1062774K(1702400K), 0.0544420 secs] [Times: user=0.43 sys=0.00, real=0.06 secs] 
185.357: Total time for which application threads were stopped: 0.0546210 seconds, Stopping threads took: 0.0000890 seconds
185.540: Application time: 0.1834190 seconds
185.540: [GC [PSYoungGen: 510160K->87872K(556032K)] 1516918K->1133066K(1697792K), 0.0642250 secs] [Times: user=0.51 sys=0.00, real=0.06 secs] 
185.604: Total time for which application threads were stopped: 0.0644470 seconds, Stopping threads took: 0.0001080 seconds
185.806: Application time: 0.2014940 seconds
185.806: [GC [PSYoungGen: 537920K->59280K(558592K)] 1583114K->1156159K(1700352K), 0.0595670 secs] [Times: user=0.46 sys=0.00, real=0.06 secs] 
185.866: [Full GC [PSYoungGen: 59280K->0K(558592K)] [ParOldGen: 1096879K->137955K(1182208K)] 1156159K->137955K(1740800K) [PSPermGen: 9162K->9162K(21504K)], 0.1736770 secs] [Times: user=1.28 sys=0.00, real=0.18 secs] 
186.039: Total time for which application threads were stopped: 0.2334870 seconds, Stopping threads took: 0.0000870 seconds
186.221: Application time: 0.1814980 seconds
186.221: [GC [PSYoungGen: 450048K->88262K(554496K)] 588003K->226218K(1736704K), 0.0477810 secs] [Times: user=0.37 sys=0.00, real=0.05 secs] 
186.269: Total time for which application threads were stopped: 0.0480090 seconds, Stopping threads took: 0.0001210 seconds
186.469: Application time: 0.2000330 seconds
186.469: [GC [PSYoungGen: 535238K->61376K(557056K)] 673194K->255139K(1739264K), 0.0601240 secs] [Times: user=0.47 sys=0.00, real=0.06 secs] 
186.529: Total time for which application threads were stopped: 0.0603040 seconds, Stopping threads took: 0.0000950 seconds
186.717: Application time: 0.1881660 seconds
186.718: [GC [PSYoungGen: 508352K->77419K(551936K)] 702115K->308713K(1734144K), 0.0565230 secs] [Times: user=0.45 sys=0.00, real=0.05 secs] 
186.774: Total time for which application threads were stopped: 0.0567860 seconds, Stopping threads took: 0.0001720 seconds
186.968: Application time: 0.1935430 seconds
186.968: [GC [PSYoungGen: 525931K->68201K(555008K)] 757225K->350399K(1737216K), 0.0604680 secs] [Times: user=0.48 sys=0.00, real=0.07 secs] 
187.028: Total time for which application threads were stopped: 0.0606650 seconds, Stopping threads took: 0.0000960 seconds
187.222: Application time: 0.1939100 seconds
187.224: [GC [PSYoungGen: 516713K->69751K(555008K)] 798911K->389165K(1737216K), 0.0540930 secs] [Times: user=0.42 sys=0.00, real=0.06 secs] 
187.278: Total time for which application threads were stopped: 0.0559520 seconds, Stopping threads took: 0.0017680 seconds
187.475: Application time: 0.1966910 seconds
187.475: [GC [PSYoungGen: 526455K->68359K(558080K)] 845869K->434325K(1740288K), 0.0575470 secs] [Times: user=0.44 sys=0.01, real=0.06 secs] 
187.533: Total time for which application threads were stopped: 0.0577630 seconds, Stopping threads took: 0.0001110 seconds
187.729: Application time: 0.1960880 seconds
187.732: [GC [PSYoungGen: 525063K->70012K(559616K)] 891029K->471567K(1741824K), 0.0530710 secs] [Times: user=0.42 sys=0.00, real=0.05 secs] 
187.785: Total time for which application threads were stopped: 0.0564490 seconds, Stopping threads took: 0.0032910 seconds
187.988: Application time: 0.2029380 seconds
187.988: [GC [PSYoungGen: 536444K->67321K(563200K)] 937999K->510556K(1745408K), 0.0548350 secs] [Times: user=0.43 sys=0.00, real=0.05 secs] 
188.043: Total time for which application threads were stopped: 0.0550540 seconds, Stopping threads took: 0.0001130 seconds
188.246: Application time: 0.2023420 seconds
188.248: [GC [PSYoungGen: 533753K->71703K(563712K)] 976988K->549047K(1745920K), 0.0535370 secs] [Times: user=0.42 sys=0.00, real=0.05 secs] 
188.302: Total time for which application threads were stopped: 0.0561880 seconds, Stopping threads took: 0.0025590 seconds
188.507: Application time: 0.2053640 seconds
188.507: [GC [PSYoungGen: 546839K->65776K(567808K)] 1024183K->582723K(1750016K), 0.0535050 secs] [Times: user=0.42 sys=0.00, real=0.06 secs] 
188.561: Total time for which application threads were stopped: 0.0537150 seconds, Stopping threads took: 0.0001090 seconds
188.761: Application time: 0.2006150 seconds
188.762: [GC [PSYoungGen: 540912K->71191K(569344K)] 1057859K->621640K(1751552K), 0.0523170 secs] [Times: user=0.39 sys=0.00, real=0.05 secs] 
188.814: Total time for which application threads were stopped: 0.0524880 seconds, Stopping threads took: 0.0000820 seconds
189.026: Application time: 0.2121440 seconds
189.026: [GC [PSYoungGen: 554007K->66800K(572416K)] 1104456K->653974K(1754624K), 0.0519430 secs] [Times: user=0.41 sys=0.00, real=0.06 secs] 
189.078: Total time for which application threads were stopped: 0.0521390 seconds, Stopping threads took: 0.0000900 seconds
189.283: Application time: 0.2045310 seconds
189.283: [GC [PSYoungGen: 549616K->74681K(576512K)] 1136790K->693854K(1758720K), 0.0525970 secs] [Times: user=0.42 sys=0.00, real=0.05 secs] 
189.336: Total time for which application threads were stopped: 0.0527780 seconds, Stopping threads took: 0.0000900 seconds
189.549: Application time: 0.2138280 seconds
189.552: [GC [PSYoungGen: 563641K->64584K(577536K)] 1182814K->720085K(1759744K), 0.0503140 secs] [Times: user=0.39 sys=0.00, real=0.05 secs] 
189.603: Total time for which application threads were stopped: 0.0531590 seconds, Stopping threads took: 0.0027180 seconds
189.808: Application time: 0.2050840 seconds
189.808: [GC [PSYoungGen: 553544K->77079K(577536K)] 1209045K->759832K(1759744K), 0.0502490 secs] [Times: user=0.39 sys=0.00, real=0.06 secs] 
189.858: Total time for which application threads were stopped: 0.0504680 seconds, Stopping threads took: 0.0001300 seconds
190.072: Application time: 0.2134310 seconds
190.072: [GC [PSYoungGen: 567063K->66103K(578560K)] 1249816K->783123K(1760768K), 0.0502630 secs] [Times: user=0.39 sys=0.00, real=0.05 secs] 
190.122: Total time for which application threads were stopped: 0.0504500 seconds, Stopping threads took: 0.0000850 seconds
190.331: Application time: 0.2088150 seconds
190.331: [GC [PSYoungGen: 556087K->78088K(577536K)] 1273107K->826823K(1759744K), 0.0543470 secs] [Times: user=0.43 sys=0.00, real=0.05 secs] 
190.385: Total time for which application threads were stopped: 0.0545330 seconds, Stopping threads took: 0.0000940 seconds
190.594: Application time: 0.2089350 seconds
190.594: [GC [PSYoungGen: 568072K->73664K(578560K)] 1316807K->866023K(1760768K), 0.0576320 secs] [Times: user=0.46 sys=0.00, real=0.06 secs] 
190.652: Total time for which application threads were stopped: 0.0578280 seconds, Stopping threads took: 0.0000970 seconds
190.862: Application time: 0.2094960 seconds
190.864: [GC [PSYoungGen: 563648K->74920K(577024K)] 1356007K->904664K(1759232K), 0.0561910 secs] [Times: user=0.45 sys=0.00, real=0.06 secs] 
190.920: Total time for which application threads were stopped: 0.0587260 seconds, Stopping threads took: 0.0024430 seconds
191.135: Application time: 0.2144790 seconds
191.135: [GC [PSYoungGen: 565416K->71744K(578048K)] 1395160K->943895K(1760256K), 0.0584400 secs] [Times: user=0.46 sys=0.00, real=0.06 secs] 
191.193: Total time for which application threads were stopped: 0.0586190 seconds, Stopping threads took: 0.0000810 seconds
191.396: Application time: 0.2027410 seconds
191.400: [GC [PSYoungGen: 562240K->74321K(579072K)] 1434391K->982067K(1761280K), 0.0552400 secs] [Times: user=0.44 sys=0.00, real=0.05 secs] 
191.455: Total time for which application threads were stopped: 0.0592340 seconds, Stopping threads took: 0.0039060 seconds
191.674: Application time: 0.2183060 seconds
191.674: [GC [PSYoungGen: 567889K->64154K(579072K)] 1475635K->1002370K(1761280K), 0.0479080 secs] [Times: user=0.38 sys=0.00, real=0.05 secs] 
191.722: Total time for which application threads were stopped: 0.0480930 seconds, Stopping threads took: 0.0000880 seconds
191.922: Application time: 0.1999630 seconds
191.922: [GC [PSYoungGen: 557722K->83499K(575488K)] 1495938K->1059995K(1757696K), 0.0601580 secs] [Times: user=0.47 sys=0.00, real=0.06 secs] 
191.982: Total time for which application threads were stopped: 0.0603430 seconds, Stopping threads took: 0.0000940 seconds
192.205: Application time: 0.2223410 seconds
192.205: [GC [PSYoungGen: 573483K->63012K(578560K)] 1549979K->1072604K(1760768K), 0.0490650 secs] [Times: user=0.39 sys=0.00, real=0.05 secs] 
192.254: Total time for which application threads were stopped: 0.0492480 seconds, Stopping threads took: 0.0000780 seconds
192.454: Application time: 0.2002630 seconds
192.454: [GC [PSYoungGen: 552996K->82400K(573440K)] 1562588K->1127937K(1755648K), 0.0586370 secs] [Times: user=0.46 sys=0.00, real=0.06 secs] 
192.513: Total time for which application threads were stopped: 0.0588070 seconds, Stopping threads took: 0.0000810 seconds
192.724: Application time: 0.2110700 seconds
192.724: [GC [PSYoungGen: 567264K->64619K(576000K)] 1612801K->1148404K(1758208K), 0.0519630 secs] [Times: user=0.41 sys=0.00, real=0.05 secs] 
192.776: Total time for which application threads were stopped: 0.0521810 seconds, Stopping threads took: 0.0000970 seconds
192.981: Application time: 0.2044820 seconds
192.981: [GC [PSYoungGen: 549483K->78400K(575488K)] 1633268K->1196658K(1757696K), 0.0551370 secs] [Times: user=0.43 sys=0.01, real=0.05 secs] 
193.036: Total time for which application threads were stopped: 0.0553220 seconds, Stopping threads took: 0.0000940 seconds
193.244: Application time: 0.2080860 seconds
193.248: [GC [PSYoungGen: 563264K->71589K(556544K)] 1681522K->1234690K(1738752K), 0.0568130 secs] [Times: user=0.45 sys=0.01, real=0.05 secs] 
193.305: [Full GC [PSYoungGen: 71589K->0K(556544K)] [ParOldGen: 1163100K->129844K(1186304K)] 1234690K->129844K(1742848K) [PSPermGen: 9165K->9165K(21504K)], 0.1538950 secs] [Times: user=1.11 sys=0.00, real=0.16 secs] 
193.459: Total time for which application threads were stopped: 0.2149850 seconds, Stopping threads took: 0.0041050 seconds
193.666: Application time: 0.2074770 seconds
193.667: [GC [PSYoungGen: 484864K->87495K(570368K)] 614708K->217340K(1756672K), 0.0503260 secs] [Times: user=0.40 sys=0.00, real=0.06 secs] 
193.717: Total time for which application threads were stopped: 0.0505040 seconds, Stopping threads took: 0.0000820 seconds
193.923: Application time: 0.2061760 seconds
193.923: [GC [PSYoungGen: 568263K->75161K(573952K)] 698108K->263164K(1760256K), 0.0674820 secs] [Times: user=0.54 sys=0.00, real=0.07 secs] 
193.991: Total time for which application threads were stopped: 0.0676640 seconds, Stopping threads took: 0.0000800 seconds
194.191: Application time: 0.2000100 seconds
194.191: [GC [PSYoungGen: 555929K->73824K(568832K)] 743932K->305211K(1755136K), 0.0558610 secs] [Times: user=0.44 sys=0.00, real=0.05 secs] 
194.247: Total time for which application threads were stopped: 0.0560130 seconds, Stopping threads took: 0.0000650 seconds
194.461: Application time: 0.2142880 seconds
194.461: [GC [PSYoungGen: 555616K->74565K(571904K)] 787003K->348001K(1758208K), 0.0599750 secs] [Times: user=0.47 sys=0.00, real=0.06 secs] 
194.521: Total time for which application threads were stopped: 0.0601720 seconds, Stopping threads took: 0.0000940 seconds
194.721: Application time: 0.1998450 seconds
194.721: [GC [PSYoungGen: 556357K->77680K(575488K)] 829793K->393272K(1761792K), 0.0601160 secs] [Times: user=0.48 sys=0.00, real=0.06 secs] 
194.781: Total time for which application threads were stopped: 0.0602800 seconds, Stopping threads took: 0.0000760 seconds
194.996: Application time: 0.2141110 seconds
194.996: [GC [PSYoungGen: 566128K->68986K(577024K)] 881720K->420660K(1763328K), 0.0524090 secs] [Times: user=0.41 sys=0.00, real=0.06 secs] 
195.048: Total time for which application threads were stopped: 0.0526070 seconds, Stopping threads took: 0.0000970 seconds
195.248: Application time: 0.2001230 seconds
195.248: [GC [PSYoungGen: 557434K->83694K(573952K)] 909108K->478201K(1760256K), 0.0623880 secs] [Times: user=0.50 sys=0.00, real=0.06 secs] 
195.311: Total time for which application threads were stopped: 0.0625640 seconds, Stopping threads took: 0.0000840 seconds
195.522: Application time: 0.2113030 seconds
195.522: [GC [PSYoungGen: 569582K->66511K(576512K)] 964089K->505747K(1762816K), 0.0561360 secs] [Times: user=0.43 sys=0.00, real=0.06 secs] 
195.578: Total time for which application threads were stopped: 0.0563320 seconds, Stopping threads took: 0.0000930 seconds
195.782: Application time: 0.2035780 seconds
195.784: [GC [PSYoungGen: 552399K->81461K(573952K)] 991635K->558908K(1760256K), 0.0606330 secs] [Times: user=0.48 sys=0.00, real=0.06 secs] 
195.845: Total time for which application threads were stopped: 0.0627980 seconds, Stopping threads took: 0.0020730 seconds
196.050: Application time: 0.2056090 seconds
196.051: [GC [PSYoungGen: 565301K->68726K(575488K)] 1042748K->592819K(1761792K), 0.0565970 secs] [Times: user=0.45 sys=0.00, real=0.05 secs] 
196.107: Total time for which application threads were stopped: 0.0568320 seconds, Stopping threads took: 0.0001310 seconds
196.312: Application time: 0.2043090 seconds
196.312: [GC [PSYoungGen: 552566K->76448K(573952K)] 1076659K->638292K(1760256K), 0.0565600 secs] [Times: user=0.45 sys=0.00, real=0.06 secs] 
196.368: Total time for which application threads were stopped: 0.0567430 seconds, Stopping threads took: 0.0000960 seconds
196.575: Application time: 0.2062220 seconds
196.575: [GC [PSYoungGen: 561312K->73802K(574976K)] 1123156K->680015K(1761280K), 0.0582770 secs] [Times: user=0.46 sys=0.00, real=0.06 secs] 
196.633: Total time for which application threads were stopped: 0.0584790 seconds, Stopping threads took: 0.0000970 seconds
196.840: Application time: 0.2068260 seconds
196.840: [GC [PSYoungGen: 558666K->73050K(575488K)] 1164879K->718274K(1761792K), 0.0564000 secs] [Times: user=0.44 sys=0.01, real=0.06 secs] 
196.896: Total time for which application threads were stopped: 0.0565760 seconds, Stopping threads took: 0.0000750 seconds
197.107: Application time: 0.2103250 seconds
197.107: [GC [PSYoungGen: 561498K->75760K(576000K)] 1206722K->761851K(1762304K), 0.0587530 secs] [Times: user=0.47 sys=0.00, real=0.06 secs] 
197.166: Total time for which application threads were stopped: 0.0589380 seconds, Stopping threads took: 0.0000780 seconds
197.374: Application time: 0.2083780 seconds
197.374: [GC [PSYoungGen: 564208K->68079K(579072K)] 1250299K->789796K(1765376K), 0.0517260 secs] [Times: user=0.41 sys=0.00, real=0.05 secs] 
197.426: Total time for which application threads were stopped: 0.0519110 seconds, Stopping threads took: 0.0000930 seconds
197.637: Application time: 0.2113060 seconds
197.637: [GC [PSYoungGen: 560623K->76311K(579072K)] 1282340K->827836K(1765376K), 0.0542680 secs] [Times: user=0.43 sys=0.00, real=0.05 secs] 
197.692: Total time for which application threads were stopped: 0.0544670 seconds, Stopping threads took: 0.0000990 seconds
197.902: Application time: 0.2106410 seconds
197.903: [GC [PSYoungGen: 568855K->72836K(578560K)] 1320380K->859728K(1764864K), 0.0544520 secs] [Times: user=0.43 sys=0.00, real=0.06 secs] 
197.957: Total time for which application threads were stopped: 0.0546250 seconds, Stopping threads took: 0.0000800 seconds
198.167: Application time: 0.2104090 seconds
198.168: [GC [PSYoungGen: 566916K->71146K(579584K)] 1353808K->888673K(1765888K), 0.0513290 secs] [Times: user=0.41 sys=0.00, real=0.06 secs] 
198.219: Total time for which application threads were stopped: 0.0515460 seconds, Stopping threads took: 0.0001120 seconds
198.428: Application time: 0.2087500 seconds
198.428: [GC [PSYoungGen: 565226K->77726K(581120K)] 1382753K->935205K(1767424K), 0.0595510 secs] [Times: user=0.48 sys=0.00, real=0.06 secs] 
198.488: Total time for which application threads were stopped: 0.0597400 seconds, Stopping threads took: 0.0001000 seconds
198.700: Application time: 0.2124340 seconds
198.700: [GC [PSYoungGen: 574366K->71354K(581632K)] 1431845K->969499K(1767936K), 0.0551780 secs] [Times: user=0.44 sys=0.00, real=0.05 secs] 
198.755: Total time for which application threads were stopped: 0.0553860 seconds, Stopping threads took: 0.0001080 seconds
198.964: Application time: 0.2091010 seconds
198.965: [GC [PSYoungGen: 567994K->81632K(578560K)] 1466139K->1020905K(1764864K), 0.0624990 secs] [Times: user=0.49 sys=0.00, real=0.06 secs] 
199.027: Total time for which application threads were stopped: 0.0626740 seconds, Stopping threads took: 0.0000860 seconds
199.245: Application time: 0.2176680 seconds
199.245: [GC [PSYoungGen: 575712K->67826K(580608K)] 1514985K->1043953K(1766912K), 0.0529580 secs] [Times: user=0.42 sys=0.00, real=0.06 secs] 
199.298: Total time for which application threads were stopped: 0.0531480 seconds, Stopping threads took: 0.0000780 seconds
199.509: Application time: 0.2114010 seconds
199.509: [GC [PSYoungGen: 561906K->76778K(579584K)] 1538033K->1085326K(1765888K), 0.0575620 secs] [Times: user=0.45 sys=0.00, real=0.05 secs] 
199.567: Total time for which application threads were stopped: 0.0577250 seconds, Stopping threads took: 0.0000740 seconds
199.780: Application time: 0.2133730 seconds
199.781: [GC [PSYoungGen: 570858K->68512K(580096K)] 1579406K->1117141K(1766400K), 0.0565190 secs] [Times: user=0.44 sys=0.00, real=0.06 secs] 
199.837: Total time for which application threads were stopped: 0.0566910 seconds, Stopping threads took: 0.0000680 seconds
200.048: Application time: 0.2111020 seconds
200.048: [GC [PSYoungGen: 562592K->77628K(581120K)] 1611221K->1159104K(1767424K), 0.0565790 secs] [Times: user=0.45 sys=0.00, real=0.05 secs] 
200.105: Total time for which application threads were stopped: 0.0567450 seconds, Stopping threads took: 0.0000750 seconds
200.322: Application time: 0.2174710 seconds
200.323: [GC [PSYoungGen: 572732K->66763K(581120K)] 1654208K->1187993K(1767424K), 0.0542850 secs] [Times: user=0.43 sys=0.00, real=0.06 secs] 
200.377: Total time for which application threads were stopped: 0.0544950 seconds, Stopping threads took: 0.0000980 seconds
200.584: Application time: 0.2069040 seconds
200.584: [GC [PSYoungGen: 561867K->78133K(579072K)] 1683097K->1234857K(1765376K), 0.0576430 secs] [Times: user=0.45 sys=0.00, real=0.06 secs] 
200.642: [Full GC [PSYoungGen: 78133K->0K(579072K)] [ParOldGen: 1156724K->133336K(1210880K)] 1234857K->133336K(1789952K) [PSPermGen: 9165K->9165K(21504K)], 0.1576660 secs] [Times: user=1.15 sys=0.00, real=0.16 secs] 
200.799: Total time for which application threads were stopped: 0.2155620 seconds, Stopping threads took: 0.0000940 seconds
201.019: Application time: 0.2193630 seconds
201.019: [GC [PSYoungGen: 493056K->77328K(580096K)] 626392K->210664K(1790976K), 0.0472200 secs] [Times: user=0.37 sys=0.00, real=0.04 secs] 
201.066: Total time for which application threads were stopped: 0.0474500 seconds, Stopping threads took: 0.0001240 seconds
201.269: Application time: 0.2023290 seconds
201.269: [GC [PSYoungGen: 570384K->82879K(577024K)] 703720K->264793K(1787904K), 0.0678260 secs] [Times: user=0.54 sys=0.00, real=0.07 secs] 
201.337: Total time for which application threads were stopped: 0.0680220 seconds, Stopping threads took: 0.0001020 seconds
201.553: Application time: 0.2160750 seconds
201.553: [GC [PSYoungGen: 572863K->63819K(553984K)] 754777K->282942K(1764864K), 0.0484450 secs] [Times: user=0.38 sys=0.00, real=0.05 secs] 
201.601: Total time for which application threads were stopped: 0.0486360 seconds, Stopping threads took: 0.0000850 seconds
201.802: Application time: 0.2006960 seconds
201.802: [GC [PSYoungGen: 553803K->85392K(572416K)] 772926K->344081K(1783296K), 0.0609130 secs] [Times: user=0.47 sys=0.00, real=0.06 secs] 
201.863: Total time for which application threads were stopped: 0.0610940 seconds, Stopping threads took: 0.0000910 seconds
202.077: Application time: 0.2143290 seconds
202.078: [GC [PSYoungGen: 568208K->67248K(574976K)] 826897K->371722K(1785856K), 0.0558230 secs] [Times: user=0.44 sys=0.00, real=0.05 secs] 
202.133: Total time for which application threads were stopped: 0.0560220 seconds, Stopping threads took: 0.0000940 seconds
202.330: Application time: 0.1965880 seconds
202.330: [GC [PSYoungGen: 550064K->89632K(567296K)] 854538K->439822K(1778176K), 0.0662650 secs] [Times: user=0.52 sys=0.00, real=0.07 secs] 
202.397: Total time for which application threads were stopped: 0.0664490 seconds, Stopping threads took: 0.0000940 seconds
202.605: Application time: 0.2084030 seconds
202.605: [GC [PSYoungGen: 565280K->68908K(571392K)] 915470K->470936K(1782272K), 0.0606660 secs] [Times: user=0.47 sys=0.00, real=0.06 secs] 
202.666: Total time for which application threads were stopped: 0.0608700 seconds, Stopping threads took: 0.0001020 seconds
202.867: Application time: 0.2007790 seconds
202.867: [GC [PSYoungGen: 544556K->85744K(568320K)] 946584K->529490K(1779200K), 0.0643970 secs] [Times: user=0.51 sys=0.00, real=0.07 secs] 
202.931: Total time for which application threads were stopped: 0.0645800 seconds, Stopping threads took: 0.0000940 seconds
203.134: Application time: 0.2031880 seconds
203.135: [GC [PSYoungGen: 559344K->70192K(570368K)] 1003090K->567731K(1781248K), 0.0617850 secs] [Times: user=0.49 sys=0.00, real=0.07 secs] 
203.196: Total time for which application threads were stopped: 0.0619680 seconds, Stopping threads took: 0.0000810 seconds
203.396: Application time: 0.1996600 seconds
203.396: [GC [PSYoungGen: 543792K->82496K(570368K)] 1041331K->621494K(1781248K), 0.0629580 secs] [Times: user=0.50 sys=0.00, real=0.06 secs] 
203.459: Total time for which application threads were stopped: 0.0631360 seconds, Stopping threads took: 0.0000870 seconds
203.662: Application time: 0.2026280 seconds
203.664: [GC [PSYoungGen: 557120K->71888K(546816K)] 1096118K->662769K(1757696K), 0.0615890 secs] [Times: user=0.49 sys=0.00, real=0.06 secs] 
203.726: Total time for which application threads were stopped: 0.0640590 seconds, Stopping threads took: 0.0023700 seconds
203.926: Application time: 0.2001100 seconds
203.926: [GC [PSYoungGen: 546512K->78624K(571392K)] 1137393K->706904K(1782272K), 0.0587210 secs] [Times: user=0.46 sys=0.00, real=0.06 secs] 
203.985: Total time for which application threads were stopped: 0.0588940 seconds, Stopping threads took: 0.0000850 seconds
204.186: Application time: 0.2015130 seconds
204.187: [GC [PSYoungGen: 554784K->75376K(570368K)] 1183064K->750940K(1781248K), 0.0610880 secs] [Times: user=0.49 sys=0.00, real=0.06 secs] 
204.248: Total time for which application threads were stopped: 0.0612890 seconds, Stopping threads took: 0.0000980 seconds
204.447: Application time: 0.1997450 seconds
204.448: [GC [PSYoungGen: 551536K->78231K(571392K)] 1227100K->797707K(1782272K), 0.0609420 secs] [Times: user=0.48 sys=0.00, real=0.07 secs] 
204.509: Total time for which application threads were stopped: 0.0612050 seconds, Stopping threads took: 0.0001740 seconds
204.716: Application time: 0.2075110 seconds
204.716: [GC [PSYoungGen: 556951K->73072K(570368K)] 1276427K->835972K(1781248K), 0.0598410 secs] [Times: user=0.48 sys=0.00, real=0.06 secs] 
204.776: Total time for which application threads were stopped: 0.0600200 seconds, Stopping threads took: 0.0000740 seconds
204.975: Application time: 0.1993220 seconds
204.976: [GC [PSYoungGen: 551792K->80727K(572928K)] 1314692K->888993K(1783808K), 0.0631390 secs] [Times: user=0.49 sys=0.00, real=0.06 secs] 
205.039: Total time for which application threads were stopped: 0.0638990 seconds, Stopping threads took: 0.0006680 seconds
205.252: Application time: 0.2131320 seconds
205.253: [GC [PSYoungGen: 563031K->65328K(573440K)] 1371297K->915856K(1784320K), 0.0550950 secs] [Times: user=0.43 sys=0.00, real=0.05 secs] 
205.308: Total time for which application threads were stopped: 0.0552710 seconds, Stopping threads took: 0.0000680 seconds
205.508: Application time: 0.1999330 seconds
205.508: [GC [PSYoungGen: 547632K->79254K(575488K)] 1398160K->970355K(1786368K), 0.0625900 secs] [Times: user=0.49 sys=0.00, real=0.07 secs] 
205.570: Total time for which application threads were stopped: 0.0627940 seconds, Stopping threads took: 0.0001120 seconds
205.783: Application time: 0.2126190 seconds
205.783: [GC [PSYoungGen: 563094K->62795K(546816K)] 1454195K->988812K(1757696K), 0.0495220 secs] [Times: user=0.39 sys=0.00, real=0.05 secs] 
205.833: Total time for which application threads were stopped: 0.0497040 seconds, Stopping threads took: 0.0000810 seconds
206.031: Application time: 0.1985590 seconds
206.032: [GC [PSYoungGen: 546635K->78807K(574976K)] 1472652K->1041906K(1785856K), 0.0588460 secs] [Times: user=0.46 sys=0.00, real=0.06 secs] 
206.090: Total time for which application threads were stopped: 0.0590140 seconds, Stopping threads took: 0.0000760 seconds
206.301: Application time: 0.2110880 seconds
206.302: [GC [PSYoungGen: 561623K->64833K(574976K)] 1524722K->1067523K(1785856K), 0.0539870 secs] [Times: user=0.43 sys=0.00, real=0.05 secs] 
206.356: Total time for which application threads were stopped: 0.0541890 seconds, Stopping threads took: 0.0000980 seconds
206.561: Application time: 0.2052160 seconds
206.561: [GC [PSYoungGen: 547649K->76736K(572928K)] 1550339K->1116104K(1783808K), 0.0589170 secs] [Times: user=0.47 sys=0.00, real=0.06 secs] 
206.620: Total time for which application threads were stopped: 0.0590870 seconds, Stopping threads took: 0.0000810 seconds
206.833: Application time: 0.2130090 seconds
206.833: [GC [PSYoungGen: 559552K->65258K(573952K)] 1598920K->1144351K(1784832K), 0.0538470 secs] [Times: user=0.42 sys=0.00, real=0.05 secs] 
206.887: Total time for which application threads were stopped: 0.0540360 seconds, Stopping threads took: 0.0000870 seconds
207.091: Application time: 0.2041660 seconds
207.092: [GC [PSYoungGen: 548074K->74112K(572928K)] 1627167K->1185841K(1783808K), 0.0546700 secs] [Times: user=0.44 sys=0.00, real=0.05 secs] 
207.147: Total time for which application threads were stopped: 0.0557160 seconds, Stopping threads took: 0.0009570 seconds
207.349: Application time: 0.2025450 seconds
207.352: [GC [PSYoungGen: 558976K->66113K(574464K)] 1670705K->1215559K(1785344K), 0.0512140 secs] [Times: user=0.40 sys=0.00, real=0.05 secs] 
207.403: Total time for which application threads were stopped: 0.0539910 seconds, Stopping threads took: 0.0026690 seconds
207.615: Application time: 0.2110570 seconds
207.616: [GC [PSYoungGen: 550977K->71233K(574976K)] 1700423K->1251168K(1785856K), 0.0521580 secs] [Times: user=0.41 sys=0.01, real=0.05 secs] 
207.668: [Full GC [PSYoungGen: 71233K->0K(574976K)] [ParOldGen: 1179935K->127775K(1230848K)] 1251168K->127775K(1805824K) [PSPermGen: 9165K->9165K(21504K)], 0.1536570 secs] [Times: user=1.10 sys=0.00, real=0.15 secs] 
207.822: Total time for which application threads were stopped: 0.2075910 seconds, Stopping threads took: 0.0016270 seconds
208.021: Application time: 0.1993410 seconds
208.022: [GC [PSYoungGen: 488448K->88051K(576512K)] 616223K->216987K(1807360K), 0.0486850 secs] [Times: user=0.39 sys=0.00, real=0.05 secs] 
208.070: Total time for which application threads were stopped: 0.0488890 seconds, Stopping threads took: 0.0001000 seconds
208.283: Application time: 0.2122990 seconds
208.283: [GC [PSYoungGen: 576499K->66650K(573440K)] 705435K->242832K(1804288K), 0.0576550 secs] [Times: user=0.45 sys=0.00, real=0.06 secs] 
208.340: Total time for which application threads were stopped: 0.0578420 seconds, Stopping threads took: 0.0000980 seconds
208.536: Application time: 0.1956770 seconds
208.536: [GC [PSYoungGen: 549466K->82314K(565248K)] 725648K->299427K(1796096K), 0.0604860 secs] [Times: user=0.45 sys=0.00, real=0.06 secs] 
208.597: Total time for which application threads were stopped: 0.0606610 seconds, Stopping threads took: 0.0000710 seconds
208.809: Application time: 0.2122460 seconds
208.809: [GC [PSYoungGen: 565130K->66074K(573952K)] 782243K->327052K(1804800K), 0.0544910 secs] [Times: user=0.43 sys=0.00, real=0.05 secs] 
208.864: Total time for which application threads were stopped: 0.0547120 seconds, Stopping threads took: 0.0001300 seconds
209.065: Application time: 0.2011460 seconds
209.065: [GC [PSYoungGen: 546330K->84112K(564736K)] 807308K->387682K(1795584K), 0.0616290 secs] [Times: user=0.48 sys=0.00, real=0.06 secs] 
209.127: Total time for which application threads were stopped: 0.0618140 seconds, Stopping threads took: 0.0000810 seconds
209.341: Application time: 0.2140150 seconds
209.341: [GC [PSYoungGen: 564368K->67328K(572928K)] 867938K->415640K(1803776K), 0.0564360 secs] [Times: user=0.45 sys=0.00, real=0.06 secs] 
209.397: Total time for which application threads were stopped: 0.0566250 seconds, Stopping threads took: 0.0000960 seconds
209.595: Application time: 0.1977350 seconds
209.595: [GC [PSYoungGen: 545024K->84592K(562688K)] 893336K->475235K(1793536K), 0.0628520 secs] [Times: user=0.50 sys=0.00, real=0.07 secs] 
209.658: Total time for which application threads were stopped: 0.0630700 seconds, Stopping threads took: 0.0001180 seconds
209.872: Application time: 0.2142430 seconds
209.873: [GC [PSYoungGen: 562288K->65191K(571392K)] 952931K->498209K(1802240K), 0.0541820 secs] [Times: user=0.43 sys=0.00, real=0.05 secs] 
209.927: Total time for which application threads were stopped: 0.0543490 seconds, Stopping threads took: 0.0000750 seconds
210.123: Application time: 0.1964120 seconds
210.124: [GC [PSYoungGen: 540327K->80544K(570880K)] 973345K->552887K(1801728K), 0.0595020 secs] [Times: user=0.47 sys=0.00, real=0.06 secs] 
210.184: Total time for which application threads were stopped: 0.0604960 seconds, Stopping threads took: 0.0008970 seconds
210.392: Application time: 0.2083170 seconds
210.396: [GC [PSYoungGen: 555564K->62726K(570880K)] 1027907K->575772K(1801728K), 0.0505530 secs] [Times: user=0.40 sys=0.00, real=0.04 secs] 
210.447: Total time for which application threads were stopped: 0.0547900 seconds, Stopping threads took: 0.0041270 seconds
210.645: Application time: 0.1979200 seconds
210.645: [GC [PSYoungGen: 537862K->77264K(570880K)] 1050908K->626156K(1801728K), 0.0566590 secs] [Times: user=0.45 sys=0.00, real=0.06 secs] 
210.702: Total time for which application threads were stopped: 0.0568700 seconds, Stopping threads took: 0.0001100 seconds
210.911: Application time: 0.2095470 seconds
210.911: [GC [PSYoungGen: 552363K->61766K(570880K)] 1101255K->648027K(1801728K), 0.0503010 secs] [Times: user=0.40 sys=0.00, real=0.05 secs] 
210.962: Total time for which application threads were stopped: 0.0504800 seconds, Stopping threads took: 0.0000850 seconds
211.162: Application time: 0.1998840 seconds
211.162: [GC [PSYoungGen: 537414K->75200K(550912K)] 1123675K->696693K(1781760K), 0.0549030 secs] [Times: user=0.44 sys=0.00, real=0.06 secs] 
211.217: Total time for which application threads were stopped: 0.0550920 seconds, Stopping threads took: 0.0000860 seconds
211.426: Application time: 0.2089410 seconds
211.426: [GC [PSYoungGen: 550848K->62522K(570368K)] 1172341K->715095K(1801216K), 0.0464430 secs] [Times: user=0.36 sys=0.01, real=0.05 secs] 
211.472: Total time for which application threads were stopped: 0.0466210 seconds, Stopping threads took: 0.0000860 seconds
211.676: Application time: 0.2033810 seconds
211.684: [GC [PSYoungGen: 539194K->73579K(570368K)] 1191767K->755223K(1801216K), 0.0513070 secs] [Times: user=0.40 sys=0.00, real=0.05 secs] 
211.735: Total time for which application threads were stopped: 0.0594450 seconds, Stopping threads took: 0.0080360 seconds
211.941: Application time: 0.2059040 seconds
211.941: [GC [PSYoungGen: 550251K->64752K(572416K)] 1231895K->775272K(1803264K), 0.0463170 secs] [Times: user=0.36 sys=0.00, real=0.04 secs] 
211.987: Total time for which application threads were stopped: 0.0464930 seconds, Stopping threads took: 0.0000810 seconds
212.190: Application time: 0.2027580 seconds
212.190: [GC [PSYoungGen: 545520K->71509K(571904K)] 1256040K->817482K(1802752K), 0.0526190 secs] [Times: user=0.42 sys=0.00, real=0.05 secs] 
212.243: Total time for which application threads were stopped: 0.0527970 seconds, Stopping threads took: 0.0000780 seconds
212.448: Application time: 0.2048920 seconds
212.448: [GC [PSYoungGen: 552277K->70539K(573952K)] 1298250K->850382K(1804800K), 0.0513710 secs] [Times: user=0.40 sys=0.00, real=0.06 secs] 
212.499: Total time for which application threads were stopped: 0.0515450 seconds, Stopping threads took: 0.0000840 seconds
212.711: Application time: 0.2112440 seconds
212.711: [GC [PSYoungGen: 556856K->70266K(573952K)] 1336699K->890131K(1804800K), 0.0551720 secs] [Times: user=0.43 sys=0.00, real=0.05 secs] 
212.766: Total time for which application threads were stopped: 0.0553640 seconds, Stopping threads took: 0.0000920 seconds
212.968: Application time: 0.2018490 seconds
212.972: [GC [PSYoungGen: 556666K->75114K(578048K)] 1376531K->930290K(1808896K), 0.0536930 secs] [Times: user=0.42 sys=0.00, real=0.05 secs] 
213.026: Total time for which application threads were stopped: 0.0580030 seconds, Stopping threads took: 0.0042170 seconds
213.240: Application time: 0.2143920 seconds
213.240: [GC [PSYoungGen: 567146K->68512K(578048K)] 1422322K->966046K(1808896K), 0.0559440 secs] [Times: user=0.44 sys=0.00, real=0.06 secs] 
213.296: Total time for which application threads were stopped: 0.0561190 seconds, Stopping threads took: 0.0000670 seconds
213.495: Application time: 0.1988030 seconds
213.496: [GC [PSYoungGen: 560544K->83755K(575488K)] 1458078K->1013583K(1806336K), 0.0578000 secs] [Times: user=0.45 sys=0.00, real=0.05 secs] 
213.554: Total time for which application threads were stopped: 0.0587880 seconds, Stopping threads took: 0.0009010 seconds
213.777: Application time: 0.2229910 seconds
213.780: [GC [PSYoungGen: 573739K->60448K(550912K)] 1503567K->1032082K(1781760K), 0.0528520 secs] [Times: user=0.42 sys=0.00, real=0.05 secs] 
213.833: Total time for which application threads were stopped: 0.0561160 seconds, Stopping threads took: 0.0031350 seconds
214.029: Application time: 0.1962800 seconds
214.030: [GC [PSYoungGen: 550432K->89072K(540160K)] 1522066K->1098889K(1771008K), 0.0639600 secs] [Times: user=0.50 sys=0.00, real=0.06 secs] 
214.094: Total time for which application threads were stopped: 0.0641430 seconds, Stopping threads took: 0.0000960 seconds
214.302: Application time: 0.2088880 seconds
214.303: [GC [PSYoungGen: 540144K->53655K(504832K)] 1549961K->1111561K(1735680K), 0.0537260 secs] [Times: user=0.42 sys=0.00, real=0.06 secs] 
214.356: Total time for which application threads were stopped: 0.0539270 seconds, Stopping threads took: 0.0000950 seconds
214.537: Application time: 0.1803230 seconds
214.537: [GC [PSYoungGen: 504727K->86781K(556032K)] 1562633K->1177918K(1786880K), 0.0607090 secs] [Times: user=0.48 sys=0.00, real=0.06 secs] 
214.598: Total time for which application threads were stopped: 0.0608900 seconds, Stopping threads took: 0.0000900 seconds
214.801: Application time: 0.2035280 seconds
214.804: [GC [PSYoungGen: 533757K->56832K(557056K)] 1624894K->1194090K(1787904K), 0.0529740 secs] [Times: user=0.42 sys=0.00, real=0.06 secs] 
214.857: Total time for which application threads were stopped: 0.0560580 seconds, Stopping threads took: 0.0029830 seconds
215.038: Application time: 0.1810130 seconds
215.038: [GC [PSYoungGen: 503808K->83296K(556544K)] 1641066K->1255829K(1787392K), 0.0602210 secs] [Times: user=0.48 sys=0.00, real=0.06 secs] 
215.099: Total time for which application threads were stopped: 0.0604030 seconds, Stopping threads took: 0.0000890 seconds
215.296: Application time: 0.1977730 seconds
215.300: [GC [PSYoungGen: 530784K->59216K(557056K)] 1703317K->1279344K(1787904K), 0.0532100 secs] [Times: user=0.42 sys=0.00, real=0.05 secs] 
215.353: [Full GC [PSYoungGen: 59216K->0K(557056K)] [ParOldGen: 1220128K->133399K(1260032K)] 1279344K->133399K(1817088K) [PSPermGen: 9165K->9165K(21504K)], 0.1635330 secs] [Times: user=1.19 sys=0.01, real=0.17 secs] 
215.517: Total time for which application threads were stopped: 0.2206190 seconds, Stopping threads took: 0.0037270 seconds
215.702: Application time: 0.1854780 seconds
215.703: [GC [PSYoungGen: 447488K->85312K(557056K)] 580887K->218711K(1817088K), 0.0474100 secs] [Times: user=0.38 sys=0.00, real=0.05 secs] 
215.750: Total time for which application threads were stopped: 0.0476270 seconds, Stopping threads took: 0.0001150 seconds
215.947: Application time: 0.1967630 seconds
215.947: [GC [PSYoungGen: 533312K->64466K(512512K)] 666711K->250902K(1772544K), 0.0607290 secs] [Times: user=0.48 sys=0.00, real=0.06 secs] 
216.008: Total time for which application threads were stopped: 0.0609010 seconds, Stopping threads took: 0.0000820 seconds
216.200: Application time: 0.1927060 seconds
216.201: [GC [PSYoungGen: 512466K->75700K(559104K)] 698902K->302215K(1819136K), 0.0569500 secs] [Times: user=0.44 sys=0.00, real=0.06 secs] 
216.258: Total time for which application threads were stopped: 0.0571400 seconds, Stopping threads took: 0.0001030 seconds
216.455: Application time: 0.1970100 seconds
216.455: [GC [PSYoungGen: 526772K->64736K(556544K)] 753287K->336826K(1816576K), 0.0554820 secs] [Times: user=0.44 sys=0.00, real=0.06 secs] 
216.510: Total time for which application threads were stopped: 0.0556880 seconds, Stopping threads took: 0.0001030 seconds
216.703: Application time: 0.1930690 seconds
216.704: [GC [PSYoungGen: 515808K->73125K(558592K)] 787898K->385265K(1818624K), 0.0566940 secs] [Times: user=0.45 sys=0.00, real=0.06 secs] 
216.760: Total time for which application threads were stopped: 0.0568760 seconds, Stopping threads took: 0.0000950 seconds
216.957: Application time: 0.1966790 seconds
216.957: [GC [PSYoungGen: 529829K->69003K(557568K)] 841969K->423638K(1817600K), 0.0554180 secs] [Times: user=0.43 sys=0.01, real=0.05 secs] 
217.013: Total time for which application threads were stopped: 0.0556040 seconds, Stopping threads took: 0.0000820 seconds
217.207: Application time: 0.1946440 seconds
217.207: [GC [PSYoungGen: 525707K->73593K(564224K)] 880342K->469439K(1824256K), 0.0571000 secs] [Times: user=0.45 sys=0.00, real=0.06 secs] 
217.264: Total time for which application threads were stopped: 0.0572780 seconds, Stopping threads took: 0.0000880 seconds
217.465: Application time: 0.2009900 seconds
217.468: [GC [PSYoungGen: 540025K->71184K(563200K)] 935871K->507043K(1823232K), 0.0557280 secs] [Times: user=0.44 sys=0.00, real=0.05 secs] 
217.524: Total time for which application threads were stopped: 0.0584540 seconds, Stopping threads took: 0.0026150 seconds
217.718: Application time: 0.1944870 seconds
217.719: [GC [PSYoungGen: 537616K->74361K(567808K)] 973475K->551646K(1827840K), 0.0563820 secs] [Times: user=0.44 sys=0.00, real=0.05 secs] 
217.775: Total time for which application threads were stopped: 0.0565820 seconds, Stopping threads took: 0.0001110 seconds
217.981: Application time: 0.2061370 seconds
217.981: [GC [PSYoungGen: 547961K->69520K(566784K)] 1025246K->585594K(1826816K), 0.0551170 secs] [Times: user=0.43 sys=0.00, real=0.06 secs] 
218.036: Total time for which application threads were stopped: 0.0553210 seconds, Stopping threads took: 0.0001030 seconds
218.236: Application time: 0.1996530 seconds
218.240: [GC [PSYoungGen: 543120K->76934K(571904K)] 1059194K->633816K(1831936K), 0.0588650 secs] [Times: user=0.46 sys=0.00, real=0.06 secs] 
218.299: Total time for which application threads were stopped: 0.0629540 seconds, Stopping threads took: 0.0040010 seconds
218.512: Application time: 0.2130670 seconds
218.512: [GC [PSYoungGen: 557190K->65024K(571392K)] 1114072K->660605K(1831424K), 0.0530220 secs] [Times: user=0.41 sys=0.00, real=0.05 secs] 
218.565: Total time for which application threads were stopped: 0.0532010 seconds, Stopping threads took: 0.0000770 seconds
218.767: Application time: 0.2016150 seconds
218.767: [GC [PSYoungGen: 545280K->76752K(574976K)] 1140861K->711023K(1835008K), 0.0576310 secs] [Times: user=0.46 sys=0.00, real=0.06 secs] 
218.825: Total time for which application threads were stopped: 0.0578210 seconds, Stopping threads took: 0.0001000 seconds
219.037: Application time: 0.2122840 seconds
219.037: [GC [PSYoungGen: 561104K->61306K(574976K)] 1195375K->726994K(1835008K), 0.0472840 secs] [Times: user=0.33 sys=0.03, real=0.04 secs] 
219.085: Total time for which application threads were stopped: 0.0474680 seconds, Stopping threads took: 0.0000780 seconds
219.285: Application time: 0.2006420 seconds
219.285: [GC [PSYoungGen: 545658K->77520K(575488K)] 1211346K->778374K(1835520K), 0.0548590 secs] [Times: user=0.43 sys=0.00, real=0.06 secs] 
219.340: Total time for which application threads were stopped: 0.0550470 seconds, Stopping threads took: 0.0000970 seconds
219.550: Application time: 0.2100110 seconds
219.550: [GC [PSYoungGen: 562384K->60414K(576000K)] 1263238K->788259K(1836032K), 0.0431870 secs] [Times: user=0.35 sys=0.00, real=0.04 secs] 
219.594: Total time for which application threads were stopped: 0.0433880 seconds, Stopping threads took: 0.0000930 seconds
219.795: Application time: 0.2010130 seconds
219.795: [GC [PSYoungGen: 545278K->75814K(576000K)] 1273123K->829462K(1836032K), 0.0504190 secs] [Times: user=0.39 sys=0.00, real=0.05 secs] 
219.845: Total time for which application threads were stopped: 0.0505910 seconds, Stopping threads took: 0.0000860 seconds
220.055: Application time: 0.2097820 seconds
220.055: [GC [PSYoungGen: 560678K->64649K(549888K)] 1314326K->852489K(1809920K), 0.0484250 secs] [Times: user=0.38 sys=0.00, real=0.05 secs] 
220.104: Total time for which application threads were stopped: 0.0486430 seconds, Stopping threads took: 0.0001090 seconds
220.310: Application time: 0.2065060 seconds
220.310: [GC [PSYoungGen: 549513K->74985K(574976K)] 1337353K->892950K(1835008K), 0.0520520 secs] [Times: user=0.42 sys=0.00, real=0.05 secs] 
220.362: Total time for which application threads were stopped: 0.0522240 seconds, Stopping threads took: 0.0000850 seconds
220.567: Application time: 0.2047700 seconds
220.567: [GC [PSYoungGen: 559849K->68766K(574976K)] 1377814K->925000K(1835008K), 0.0521530 secs] [Times: user=0.41 sys=0.00, real=0.06 secs] 
220.620: Total time for which application threads were stopped: 0.0523270 seconds, Stopping threads took: 0.0000730 seconds
220.826: Application time: 0.2065380 seconds
220.828: [GC [PSYoungGen: 553630K->71140K(575488K)] 1409864K->955194K(1835520K), 0.0494560 secs] [Times: user=0.39 sys=0.00, real=0.05 secs] 
220.878: Total time for which application threads were stopped: 0.0515760 seconds, Stopping threads took: 0.0020310 seconds
221.080: Application time: 0.2025640 seconds
221.080: [GC [PSYoungGen: 559588K->76298K(575488K)] 1443642K->1000763K(1835520K), 0.0569680 secs] [Times: user=0.46 sys=0.00, real=0.06 secs] 
221.137: Total time for which application threads were stopped: 0.0571630 seconds, Stopping threads took: 0.0000930 seconds
221.347: Application time: 0.2099370 seconds
221.347: [GC [PSYoungGen: 564746K->72246K(578048K)] 1489211K->1036083K(1838080K), 0.0551180 secs] [Times: user=0.44 sys=0.00, real=0.06 secs] 
221.403: Total time for which application threads were stopped: 0.0553090 seconds, Stopping threads took: 0.0001060 seconds
221.609: Application time: 0.2067660 seconds
221.612: [GC [PSYoungGen: 565302K->84288K(577536K)] 1529139K->1094065K(1837568K), 0.0666390 secs] [Times: user=0.53 sys=0.00, real=0.07 secs] 
221.679: Total time for which application threads were stopped: 0.0694440 seconds, Stopping threads took: 0.0027050 seconds
221.892: Application time: 0.2134820 seconds
221.896: [GC [PSYoungGen: 577344K->72272K(579584K)] 1587121K->1124601K(1839616K), 0.0589350 secs] [Times: user=0.46 sys=0.00, real=0.05 secs] 
221.955: Total time for which application threads were stopped: 0.0628300 seconds, Stopping threads took: 0.0038030 seconds
222.165: Application time: 0.2095340 seconds
222.165: [GC [PSYoungGen: 562768K->79440K(578048K)] 1615097K->1173175K(1838080K), 0.0632590 secs] [Times: user=0.50 sys=0.00, real=0.07 secs] 
222.228: Total time for which application threads were stopped: 0.0634290 seconds, Stopping threads took: 0.0000690 seconds
222.435: Application time: 0.2069040 seconds
222.435: [GC [PSYoungGen: 569936K->74267K(578560K)] 1663671K->1216570K(1838592K), 0.0624300 secs] [Times: user=0.49 sys=0.00, real=0.07 secs] 
222.498: Total time for which application threads were stopped: 0.0625990 seconds, Stopping threads took: 0.0000800 seconds
222.719: Application time: 0.2214710 seconds
222.719: [GC [PSYoungGen: 565275K->69248K(578560K)] 1707578K->1247911K(1838592K), 0.0553540 secs] [Times: user=0.44 sys=0.00, real=0.05 secs] 
222.775: Total time for which application threads were stopped: 0.0555420 seconds, Stopping threads took: 0.0000880 seconds
222.978: Application time: 0.2033950 seconds
222.978: [GC [PSYoungGen: 560256K->77888K(578560K)] 1738919K->1301173K(1838592K), 0.0633870 secs] [Times: user=0.50 sys=0.00, real=0.06 secs] 
223.042: [Full GC [PSYoungGen: 77888K->0K(578560K)] [ParOldGen: 1223285K->139639K(1287168K)] 1301173K->139639K(1865728K) [PSPermGen: 9165K->9165K(21504K)], 0.1684780 secs] [Times: user=1.23 sys=0.00, real=0.17 secs] 
223.210: Total time for which application threads were stopped: 0.2321070 seconds, Stopping threads took: 0.0000930 seconds
223.429: Application time: 0.2184890 seconds
223.429: [GC [PSYoungGen: 491520K->79808K(579072K)] 631159K->219447K(1866240K), 0.0475210 secs] [Times: user=0.38 sys=0.00, real=0.05 secs] 
223.476: Total time for which application threads were stopped: 0.0477040 seconds, Stopping threads took: 0.0000820 seconds
223.686: Application time: 0.2099730 seconds
223.686: [GC [PSYoungGen: 571328K->78784K(578048K)] 710967K->269196K(1865216K), 0.0692020 secs] [Times: user=0.52 sys=0.00, real=0.07 secs] 
223.756: Total time for which application threads were stopped: 0.0693780 seconds, Stopping threads took: 0.0000860 seconds
223.965: Application time: 0.2095740 seconds
223.965: [GC [PSYoungGen: 568768K->67149K(578560K)] 759180K->294754K(1865728K), 0.0512910 secs] [Times: user=0.40 sys=0.00, real=0.06 secs] 
224.017: Total time for which application threads were stopped: 0.0514850 seconds, Stopping threads took: 0.0000930 seconds
224.230: Application time: 0.2131500 seconds
224.230: [GC [PSYoungGen: 557133K->70832K(576512K)] 784738K->320748K(1863680K), 0.0465870 secs] [Times: user=0.37 sys=0.00, real=0.05 secs] 
224.277: Total time for which application threads were stopped: 0.0467770 seconds, Stopping threads took: 0.0000990 seconds
224.486: Application time: 0.2097460 seconds
224.488: [GC [PSYoungGen: 560816K->68757K(577536K)] 810732K->357496K(1864704K), 0.0530170 secs] [Times: user=0.40 sys=0.00, real=0.05 secs] 
224.541: Total time for which application threads were stopped: 0.0547660 seconds, Stopping threads took: 0.0016480 seconds
224.747: Application time: 0.2054520 seconds
224.747: [GC [PSYoungGen: 558741K->75409K(578048K)] 847480K->396325K(1865216K), 0.0534810 secs] [Times: user=0.42 sys=0.00, real=0.06 secs] 
224.800: Total time for which application threads were stopped: 0.0536950 seconds, Stopping threads took: 0.0001210 seconds
225.013: Application time: 0.2121870 seconds
225.013: [GC [PSYoungGen: 567953K->69130K(579072K)] 888869K->424420K(1866240K), 0.0510570 secs] [Times: user=0.40 sys=0.00, real=0.05 secs] 
225.064: Total time for which application threads were stopped: 0.0512580 seconds, Stopping threads took: 0.0001020 seconds
225.271: Application time: 0.2072010 seconds
225.271: [GC [PSYoungGen: 561665K->76980K(580096K)] 916955K->467536K(1867264K), 0.0556920 secs] [Times: user=0.44 sys=0.00, real=0.05 secs] 
225.327: Total time for which application threads were stopped: 0.0558960 seconds, Stopping threads took: 0.0001140 seconds
225.546: Application time: 0.2189670 seconds
225.546: [GC [PSYoungGen: 571572K->65760K(580608K)] 962128K->495787K(1867776K), 0.0522550 secs] [Times: user=0.41 sys=0.00, real=0.06 secs] 
225.598: Total time for which application threads were stopped: 0.0524560 seconds, Stopping threads took: 0.0000960 seconds
225.801: Application time: 0.2026870 seconds
225.801: [GC [PSYoungGen: 560352K->82471K(576000K)] 990379K->547969K(1863168K), 0.0576530 secs] [Times: user=0.45 sys=0.00, real=0.06 secs] 
225.859: Total time for which application threads were stopped: 0.0578310 seconds, Stopping threads took: 0.0000890 seconds
226.072: Application time: 0.2135520 seconds
226.073: [GC [PSYoungGen: 572455K->67856K(578560K)] 1037953K->574654K(1865728K), 0.0529260 secs] [Times: user=0.42 sys=0.00, real=0.05 secs] 
226.126: Total time for which application threads were stopped: 0.0531310 seconds, Stopping threads took: 0.0001070 seconds
226.328: Application time: 0.2026660 seconds
226.328: [GC [PSYoungGen: 557840K->84896K(572928K)] 1064638K->633223K(1860096K), 0.0619990 secs] [Times: user=0.49 sys=0.00, real=0.06 secs] 
226.390: Total time for which application threads were stopped: 0.0621690 seconds, Stopping threads took: 0.0000800 seconds
226.598: Application time: 0.2077430 seconds
226.600: [GC [PSYoungGen: 569760K->68565K(576000K)] 1118087K->654082K(1863168K), 0.0525790 secs] [Times: user=0.42 sys=0.00, real=0.05 secs] 
226.653: Total time for which application threads were stopped: 0.0546550 seconds, Stopping threads took: 0.0019730 seconds
226.859: Application time: 0.2064130 seconds
226.860: [GC [PSYoungGen: 553429K->77872K(574976K)] 1138946K->702550K(1862144K), 0.0596380 secs] [Times: user=0.47 sys=0.00, real=0.06 secs] 
226.920: Total time for which application threads were stopped: 0.0606350 seconds, Stopping threads took: 0.0009070 seconds
227.126: Application time: 0.2058760 seconds
227.126: [GC [PSYoungGen: 563760K->76115K(576000K)] 1188438K->745300K(1863168K), 0.0596470 secs] [Times: user=0.47 sys=0.00, real=0.06 secs] 
227.186: Total time for which application threads were stopped: 0.0598400 seconds, Stopping threads took: 0.0000900 seconds
227.394: Application time: 0.2082840 seconds
227.394: [GC [PSYoungGen: 562003K->71760K(573440K)] 1231188K->786561K(1860608K), 0.0596110 secs] [Times: user=0.47 sys=0.00, real=0.06 secs] 
227.454: Total time for which application threads were stopped: 0.0598190 seconds, Stopping threads took: 0.0001220 seconds
227.657: Application time: 0.2035620 seconds
227.660: [GC [PSYoungGen: 559184K->82606K(575488K)] 1273985K->837007K(1862656K), 0.0617950 secs] [Times: user=0.49 sys=0.00, real=0.06 secs] 
227.722: Total time for which application threads were stopped: 0.0648000 seconds, Stopping threads took: 0.0029030 seconds
227.939: Application time: 0.2165900 seconds
227.939: [GC [PSYoungGen: 570030K->67184K(577024K)] 1324431K->869375K(1864192K), 0.0583540 secs] [Times: user=0.46 sys=0.00, real=0.06 secs] 
227.997: Total time for which application threads were stopped: 0.0585270 seconds, Stopping threads took: 0.0000760 seconds
228.198: Application time: 0.2012420 seconds
228.200: [GC [PSYoungGen: 554058K->83560K(570880K)] 1356250K->924949K(1858048K), 0.0636180 secs] [Times: user=0.50 sys=0.00, real=0.06 secs] 
228.264: Total time for which application threads were stopped: 0.0654140 seconds, Stopping threads took: 0.0016860 seconds
228.487: Application time: 0.2227260 seconds
228.487: [GC [PSYoungGen: 570472K->60896K(573440K)] 1411861K->947037K(1860608K), 0.0553720 secs] [Times: user=0.43 sys=0.00, real=0.06 secs] 
228.542: Total time for which application threads were stopped: 0.0555450 seconds, Stopping threads took: 0.0000810 seconds
228.738: Application time: 0.1959830 seconds
228.740: [GC [PSYoungGen: 542688K->85824K(567808K)] 1428829K->1002899K(1854976K), 0.0602160 secs] [Times: user=0.48 sys=0.00, real=0.06 secs] 
228.800: Total time for which application threads were stopped: 0.0623120 seconds, Stopping threads took: 0.0019940 seconds
229.021: Application time: 0.2202200 seconds
229.021: [GC [PSYoungGen: 567616K->55786K(569856K)] 1484691K->1013055K(1857024K), 0.0490240 secs] [Times: user=0.39 sys=0.00, real=0.05 secs] 
229.070: Total time for which application threads were stopped: 0.0492070 seconds, Stopping threads took: 0.0000930 seconds
229.264: Application time: 0.1946600 seconds
229.265: [GC [PSYoungGen: 530410K->86634K(561664K)] 1487679K->1073112K(1848832K), 0.0589210 secs] [Times: user=0.47 sys=0.00, real=0.06 secs] 
229.325: Total time for which application threads were stopped: 0.0606140 seconds, Stopping threads took: 0.0000700 seconds
229.541: Application time: 0.2156760 seconds
229.541: [GC [PSYoungGen: 561258K->53579K(565760K)] 1547736K->1083820K(1852928K), 0.0506760 secs] [Times: user=0.40 sys=0.00, real=0.05 secs] 
229.592: Total time for which application threads were stopped: 0.0508680 seconds, Stopping threads took: 0.0000980 seconds
229.779: Application time: 0.1869430 seconds
229.779: [GC [PSYoungGen: 520011K->90848K(557568K)] 1550252K->1151130K(1844736K), 0.0610260 secs] [Times: user=0.49 sys=0.00, real=0.06 secs] 
229.840: Total time for which application threads were stopped: 0.0612140 seconds, Stopping threads took: 0.0000890 seconds
230.054: Application time: 0.2138710 seconds
230.054: [GC [PSYoungGen: 557280K->48320K(559616K)] 1617562K->1153575K(1846784K), 0.0480860 secs] [Times: user=0.38 sys=0.00, real=0.05 secs] 
230.102: Total time for which application threads were stopped: 0.0482590 seconds, Stopping threads took: 0.0000810 seconds
230.277: Application time: 0.1746780 seconds
230.277: [GC [PSYoungGen: 503488K->91512K(546816K)] 1608743K->1225304K(1833984K), 0.0611450 secs] [Times: user=0.46 sys=0.00, real=0.06 secs] 
230.338: Total time for which application threads were stopped: 0.0613310 seconds, Stopping threads took: 0.0000940 seconds
230.550: Application time: 0.2123010 seconds
230.550: [GC [PSYoungGen: 546680K->48496K(555520K)] 1680472K->1231728K(1842688K), 0.0514290 secs] [Times: user=0.41 sys=0.00, real=0.05 secs] 
230.602: Total time for which application threads were stopped: 0.0516230 seconds, Stopping threads took: 0.0000880 seconds
230.773: Application time: 0.1706900 seconds
230.773: [GC [PSYoungGen: 494448K->91087K(537088K)] 1677680K->1303860K(1824256K), 0.0604470 secs] [Times: user=0.48 sys=0.00, real=0.06 secs] 
230.833: Total time for which application threads were stopped: 0.0606210 seconds, Stopping threads took: 0.0000850 seconds
231.038: Application time: 0.2047210 seconds
231.038: [GC [PSYoungGen: 537039K->53952K(553984K)] 1749812K->1320556K(1841152K), 0.0530770 secs] [Times: user=0.40 sys=0.02, real=0.05 secs] 
231.091: [Full GC [PSYoungGen: 53952K->0K(553984K)] [ParOldGen: 1266604K->138190K(1312256K)] 1320556K->138190K(1866240K) [PSPermGen: 9165K->9165K(21504K)], 0.1746820 secs] [Times: user=1.28 sys=0.00, real=0.17 secs] 
231.266: Total time for which application threads were stopped: 0.2279880 seconds, Stopping threads took: 0.0000790 seconds
231.440: Application time: 0.1737410 seconds
231.440: [GC [PSYoungGen: 439808K->93088K(532992K)] 577998K->231279K(1845248K), 0.0499840 secs] [Times: user=0.39 sys=0.00, real=0.05 secs] 
231.490: Total time for which application threads were stopped: 0.0501990 seconds, Stopping threads took: 0.0001130 seconds
231.684: Application time: 0.1944960 seconds
231.684: [GC [PSYoungGen: 532896K->62912K(552448K)] 671087K->259415K(1864704K), 0.0602860 secs] [Times: user=0.48 sys=0.00, real=0.06 secs] 
231.745: Total time for which application threads were stopped: 0.0604480 seconds, Stopping threads took: 0.0000760 seconds
231.921: Application time: 0.1763270 seconds
231.921: [GC [PSYoungGen: 498112K->81289K(516608K)] 694615K->321897K(1828864K), 0.0620530 secs] [Times: user=0.49 sys=0.00, real=0.06 secs] 
231.983: Total time for which application threads were stopped: 0.0622140 seconds, Stopping threads took: 0.0000730 seconds
232.169: Application time: 0.1854720 seconds
232.169: [GC [PSYoungGen: 516489K->72144K(552960K)] 757097K->364366K(1865216K), 0.0609720 secs] [Times: user=0.49 sys=0.00, real=0.06 secs] 
232.230: Total time for which application threads were stopped: 0.0611450 seconds, Stopping threads took: 0.0000730 seconds
232.416: Application time: 0.1861180 seconds
232.416: [GC [PSYoungGen: 511440K->68395K(548864K)] 803662K->407496K(1861120K), 0.0581930 secs] [Times: user=0.46 sys=0.00, real=0.05 secs] 
232.474: Total time for which application threads were stopped: 0.0583530 seconds, Stopping threads took: 0.0000730 seconds
232.659: Application time: 0.1849310 seconds
232.660: [GC [PSYoungGen: 507691K->79803K(551936K)] 846792K->464657K(1864192K), 0.0635690 secs] [Times: user=0.50 sys=0.00, real=0.06 secs] 
232.723: Total time for which application threads were stopped: 0.0637310 seconds, Stopping threads took: 0.0000750 seconds
232.919: Application time: 0.1960370 seconds
232.919: [GC [PSYoungGen: 524731K->62856K(550912K)] 909585K->499168K(1863168K), 0.0581010 secs] [Times: user=0.46 sys=0.00, real=0.06 secs] 
232.977: Total time for which application threads were stopped: 0.0583150 seconds, Stopping threads took: 0.0001140 seconds
233.163: Application time: 0.1857110 seconds
233.163: [GC [PSYoungGen: 507784K->81312K(558080K)] 944096K->560655K(1870336K), 0.0634080 secs] [Times: user=0.51 sys=0.00, real=0.06 secs] 
233.227: Total time for which application threads were stopped: 0.0636090 seconds, Stopping threads took: 0.0001110 seconds
233.427: Application time: 0.2002580 seconds
233.427: [GC [PSYoungGen: 534944K->61958K(558592K)] 1014287K->591925K(1870848K), 0.0567870 secs] [Times: user=0.45 sys=0.00, real=0.06 secs] 
233.484: Total time for which application threads were stopped: 0.0569750 seconds, Stopping threads took: 0.0000790 seconds
233.670: Application time: 0.1856590 seconds
233.670: [GC [PSYoungGen: 515590K->84000K(559616K)] 1045557K->652715K(1871872K), 0.0610060 secs] [Times: user=0.48 sys=0.00, real=0.06 secs] 
233.731: Total time for which application threads were stopped: 0.0611750 seconds, Stopping threads took: 0.0000810 seconds
233.934: Application time: 0.2029240 seconds
233.934: [GC [PSYoungGen: 540192K->61792K(561152K)] 1108907K->680797K(1873408K), 0.0556520 secs] [Times: user=0.44 sys=0.00, real=0.06 secs] 
233.990: Total time for which application threads were stopped: 0.0558380 seconds, Stopping threads took: 0.0000860 seconds
234.178: Application time: 0.1879480 seconds
234.180: [GC [PSYoungGen: 517984K->85616K(560128K)] 1136989K->744982K(1872384K), 0.0653480 secs] [Times: user=0.51 sys=0.00, real=0.06 secs] 
234.246: Total time for which application threads were stopped: 0.0679230 seconds, Stopping threads took: 0.0024880 seconds
234.454: Application time: 0.2080570 seconds
234.454: [GC [PSYoungGen: 541808K->58997K(561664K)] 1201174K->768460K(1873920K), 0.0565410 secs] [Times: user=0.45 sys=0.00, real=0.06 secs] 
234.510: Total time for which application threads were stopped: 0.0567290 seconds, Stopping threads took: 0.0000780 seconds
234.695: Application time: 0.1850260 seconds
234.696: [GC [PSYoungGen: 515189K->88160K(557056K)] 1224652K->837862K(1869312K), 0.0655130 secs] [Times: user=0.52 sys=0.00, real=0.06 secs] 
234.762: Total time for which application threads were stopped: 0.0664070 seconds, Stopping threads took: 0.0008020 seconds
234.968: Application time: 0.2059870 seconds
234.968: [GC [PSYoungGen: 540256K->54139K(559616K)] 1289958K->854792K(1871872K), 0.0544330 secs] [Times: user=0.44 sys=0.00, real=0.06 secs] 
235.022: Total time for which application threads were stopped: 0.0546900 seconds, Stopping threads took: 0.0001540 seconds
235.205: Application time: 0.1828590 seconds
235.205: [GC [PSYoungGen: 506235K->89888K(553472K)] 1306888K->926611K(1865728K), 0.0662450 secs] [Times: user=0.52 sys=0.00, real=0.07 secs] 
235.272: Total time for which application threads were stopped: 0.0664130 seconds, Stopping threads took: 0.0000790 seconds
235.478: Application time: 0.2058660 seconds
235.480: [GC [PSYoungGen: 535840K->51840K(556544K)] 1372563K->936685K(1868800K), 0.0544520 secs] [Times: user=0.42 sys=0.00, real=0.05 secs] 
235.535: Total time for which application threads were stopped: 0.0570780 seconds, Stopping threads took: 0.0025220 seconds
235.712: Application time: 0.1774430 seconds
235.712: [GC [PSYoungGen: 497792K->90440K(550400K)] 1382637K->1007010K(1862656K), 0.0617940 secs] [Times: user=0.49 sys=0.00, real=0.06 secs] 
235.774: Total time for which application threads were stopped: 0.0619790 seconds, Stopping threads took: 0.0000980 seconds
235.970: Application time: 0.1960620 seconds
235.970: [GC [PSYoungGen: 530248K->55248K(553472K)] 1446818K->1024008K(1865728K), 0.0532450 secs] [Times: user=0.42 sys=0.00, real=0.05 secs] 
236.024: Total time for which application threads were stopped: 0.0534300 seconds, Stopping threads took: 0.0000950 seconds
236.197: Application time: 0.1738820 seconds
236.198: [GC [PSYoungGen: 495056K->86880K(550400K)] 1463816K->1091642K(1862656K), 0.0636000 secs] [Times: user=0.51 sys=0.00, real=0.06 secs] 
236.261: Total time for which application threads were stopped: 0.0637790 seconds, Stopping threads took: 0.0000750 seconds
236.456: Application time: 0.1948380 seconds
236.460: [GC [PSYoungGen: 524640K->62352K(500224K)] 1529402K->1120130K(1812480K), 0.0607220 secs] [Times: user=0.48 sys=0.00, real=0.06 secs] 
236.521: Total time for which application threads were stopped: 0.0648370 seconds, Stopping threads took: 0.0040260 seconds
236.700: Application time: 0.1791880 seconds
236.700: [GC [PSYoungGen: 500112K->84719K(551424K)] 1557890K->1186924K(1863680K), 0.0655310 secs] [Times: user=0.52 sys=0.00, real=0.06 secs] 
236.766: Total time for which application threads were stopped: 0.0657020 seconds, Stopping threads took: 0.0000690 seconds
236.962: Application time: 0.1956860 seconds
236.962: [GC [PSYoungGen: 524015K->66313K(551936K)] 1626220K->1223064K(1864192K), 0.0634890 secs] [Times: user=0.50 sys=0.00, real=0.06 secs] 
237.025: Total time for which application threads were stopped: 0.0636650 seconds, Stopping threads took: 0.0000880 seconds
237.208: Application time: 0.1829320 seconds
237.208: [GC [PSYoungGen: 505609K->75901K(551424K)] 1662360K->1279075K(1863680K), 0.0638340 secs] [Times: user=0.50 sys=0.00, real=0.06 secs] 
237.272: Total time for which application threads were stopped: 0.0640230 seconds, Stopping threads took: 0.0000890 seconds
237.460: Application time: 0.1880620 seconds
237.460: [GC [PSYoungGen: 520317K->72893K(551936K)] 1723491K->1324864K(1864192K), 0.0679650 secs] [Times: user=0.52 sys=0.01, real=0.07 secs] 
237.528: [Full GC [PSYoungGen: 72893K->0K(551936K)] [ParOldGen: 1251970K->139670K(1333760K)] 1324864K->139670K(1885696K) [PSPermGen: 9165K->9165K(21504K)], 0.1707250 secs] [Times: user=1.25 sys=0.00, real=0.17 secs] 
237.699: Total time for which application threads were stopped: 0.2389340 seconds, Stopping threads took: 0.0000910 seconds
237.889: Application time: 0.1902650 seconds
237.890: [GC [PSYoungGen: 444416K->77271K(557568K)] 584086K->216942K(1891328K), 0.0449360 secs] [Times: user=0.36 sys=0.00, real=0.04 secs] 
237.935: Total time for which application threads were stopped: 0.0451380 seconds, Stopping threads took: 0.0000920 seconds
238.124: Application time: 0.1892000 seconds
238.124: [GC [PSYoungGen: 530903K->75295K(556544K)] 670574K->266536K(1890304K), 0.0652780 secs] [Times: user=0.52 sys=0.00, real=0.07 secs] 
238.189: Total time for which application threads were stopped: 0.0654660 seconds, Stopping threads took: 0.0000980 seconds
238.392: Application time: 0.2025860 seconds
238.392: [GC [PSYoungGen: 528927K->64806K(561664K)] 720168K->295464K(1895424K), 0.0523480 secs] [Times: user=0.41 sys=0.00, real=0.05 secs] 
238.444: Total time for which application threads were stopped: 0.0525300 seconds, Stopping threads took: 0.0000790 seconds
238.639: Application time: 0.1942490 seconds
238.639: [GC [PSYoungGen: 526118K->77476K(560640K)] 756776K->350160K(1894400K), 0.0587050 secs] [Times: user=0.47 sys=0.00, real=0.06 secs] 
238.697: Total time for which application threads were stopped: 0.0588730 seconds, Stopping threads took: 0.0000810 seconds
238.900: Application time: 0.2026390 seconds
238.900: [GC [PSYoungGen: 538788K->67541K(566272K)] 811472K->383878K(1900032K), 0.0549270 secs] [Times: user=0.43 sys=0.00, real=0.05 secs] 
238.955: Total time for which application threads were stopped: 0.0551180 seconds, Stopping threads took: 0.0000900 seconds
239.148: Application time: 0.1932670 seconds
239.149: [GC [PSYoungGen: 536193K->75250K(565760K)] 852530K->435619K(1899520K), 0.0591230 secs] [Times: user=0.47 sys=0.00, real=0.05 secs] 
239.208: Total time for which application threads were stopped: 0.0593000 seconds, Stopping threads took: 0.0000870 seconds
239.412: Application time: 0.2037330 seconds
239.412: [GC [PSYoungGen: 544242K->69581K(567808K)] 904611K->467817K(1901568K), 0.0543070 secs] [Times: user=0.43 sys=0.00, real=0.05 secs] 
239.466: Total time for which application threads were stopped: 0.0544980 seconds, Stopping threads took: 0.0000900 seconds
239.667: Application time: 0.2006710 seconds
239.667: [GC [PSYoungGen: 544205K->74314K(568320K)] 942441K->514695K(1902080K), 0.0569190 secs] [Times: user=0.45 sys=0.00, real=0.06 secs] 
239.724: Total time for which application threads were stopped: 0.0571050 seconds, Stopping threads took: 0.0000880 seconds
239.927: Application time: 0.2027180 seconds
239.927: [GC [PSYoungGen: 548938K->72742K(571392K)] 989319K->554021K(1905152K), 0.0558590 secs] [Times: user=0.45 sys=0.00, real=0.06 secs] 
239.983: Total time for which application threads were stopped: 0.0560480 seconds, Stopping threads took: 0.0000890 seconds
240.187: Application time: 0.2047780 seconds
240.187: [GC [PSYoungGen: 554022K->73696K(571904K)] 1035301K->597362K(1905664K), 0.0578690 secs] [Times: user=0.46 sys=0.00, real=0.06 secs] 
240.245: Total time for which application threads were stopped: 0.0580540 seconds, Stopping threads took: 0.0000940 seconds
240.447: Application time: 0.2017910 seconds
240.447: [GC [PSYoungGen: 554976K->81154K(573952K)] 1078642K->646263K(1907712K), 0.0603140 secs] [Times: user=0.47 sys=0.00, real=0.06 secs] 
240.508: Total time for which application threads were stopped: 0.0605000 seconds, Stopping threads took: 0.0000850 seconds
240.714: Application time: 0.2064410 seconds
240.716: [GC [PSYoungGen: 566018K->68970K(575488K)] 1131127K->681097K(1909248K), 0.0574620 secs] [Times: user=0.45 sys=0.00, real=0.05 secs] 
240.774: Total time for which application threads were stopped: 0.0595340 seconds, Stopping threads took: 0.0019830 seconds
240.972: Application time: 0.1987320 seconds
240.973: [GC [PSYoungGen: 553834K->87584K(570368K)] 1165961K->743739K(1904128K), 0.0644090 secs] [Times: user=0.51 sys=0.00, real=0.07 secs] 
241.037: Total time for which application threads were stopped: 0.0645790 seconds, Stopping threads took: 0.0000700 seconds
241.250: Application time: 0.2134830 seconds
241.251: [GC [PSYoungGen: 568352K->68426K(573952K)] 1224507K->773211K(1907712K), 0.0599270 secs] [Times: user=0.48 sys=0.00, real=0.06 secs] 
241.311: Total time for which application threads were stopped: 0.0601260 seconds, Stopping threads took: 0.0000970 seconds
241.504: Application time: 0.1931620 seconds
241.504: [GC [PSYoungGen: 549194K->88944K(567296K)] 1253979K->839230K(1901056K), 0.0670810 secs] [Times: user=0.52 sys=0.00, real=0.07 secs] 
241.571: Total time for which application threads were stopped: 0.0672700 seconds, Stopping threads took: 0.0000860 seconds
241.783: Application time: 0.2119950 seconds
241.783: [GC [PSYoungGen: 563568K->58496K(533504K)] 1313854K->856100K(1867264K), 0.0532000 secs] [Times: user=0.42 sys=0.00, real=0.06 secs] 
241.836: Total time for which application threads were stopped: 0.0533790 seconds, Stopping threads took: 0.0000880 seconds
242.030: Application time: 0.1933560 seconds
242.030: [GC [PSYoungGen: 533120K->86208K(565760K)] 1330724K->921498K(1899520K), 0.0632000 secs] [Times: user=0.50 sys=0.00, real=0.06 secs] 
242.093: Total time for which application threads were stopped: 0.0633890 seconds, Stopping threads took: 0.0000850 seconds
242.304: Application time: 0.2109750 seconds
242.304: [GC [PSYoungGen: 554688K->57920K(526848K)] 1389978K->938234K(1860608K), 0.0534770 secs] [Times: user=0.42 sys=0.00, real=0.06 secs] 
242.358: Total time for which application threads were stopped: 0.0536590 seconds, Stopping threads took: 0.0000920 seconds
242.550: Application time: 0.1923490 seconds
242.552: [GC [PSYoungGen: 526400K->84400K(564224K)] 1406714K->1002412K(1897984K), 0.0627290 secs] [Times: user=0.50 sys=0.00, real=0.06 secs] 
242.615: Total time for which application threads were stopped: 0.0647660 seconds, Stopping threads took: 0.0019350 seconds
242.824: Application time: 0.2089110 seconds
242.824: [GC [PSYoungGen: 548784K->57808K(565760K)] 1466796K->1019075K(1899520K), 0.0518890 secs] [Times: user=0.41 sys=0.00, real=0.05 secs] 
242.876: Total time for which application threads were stopped: 0.0520650 seconds, Stopping threads took: 0.0000840 seconds
243.061: Application time: 0.1846470 seconds
243.061: [GC [PSYoungGen: 522192K->83648K(562688K)] 1483459K->1083137K(1896448K), 0.0602590 secs] [Times: user=0.48 sys=0.00, real=0.06 secs] 
243.121: Total time for which application threads were stopped: 0.0604260 seconds, Stopping threads took: 0.0000690 seconds
243.326: Application time: 0.2048590 seconds
243.326: [GC [PSYoungGen: 544960K->59920K(564224K)] 1544449K->1102768K(1897984K), 0.0525640 secs] [Times: user=0.42 sys=0.00, real=0.06 secs] 
243.379: Total time for which application threads were stopped: 0.0527410 seconds, Stopping threads took: 0.0000830 seconds
243.564: Application time: 0.1849310 seconds
243.564: [GC [PSYoungGen: 521232K->84896K(561664K)] 1564080K->1167510K(1895424K), 0.0637130 secs] [Times: user=0.51 sys=0.00, real=0.06 secs] 
243.627: Total time for which application threads were stopped: 0.0639230 seconds, Stopping threads took: 0.0001060 seconds
243.830: Application time: 0.2027300 seconds
243.830: [GC [PSYoungGen: 544160K->60416K(563200K)] 1626774K->1188571K(1896960K), 0.0535020 secs] [Times: user=0.43 sys=0.00, real=0.05 secs] 
243.884: Total time for which application threads were stopped: 0.0536590 seconds, Stopping threads took: 0.0000680 seconds
244.068: Application time: 0.1846430 seconds
244.069: [GC [PSYoungGen: 519680K->85760K(560128K)] 1647835K->1255292K(1893888K), 0.0670400 secs] [Times: user=0.53 sys=0.00, real=0.06 secs] 
244.136: Total time for which application threads were stopped: 0.0672430 seconds, Stopping threads took: 0.0000990 seconds
244.336: Application time: 0.2003710 seconds
244.340: [GC [PSYoungGen: 542976K->62448K(562176K)] 1712508K->1279882K(1895936K), 0.0568630 secs] [Times: user=0.45 sys=0.00, real=0.06 secs] 
244.397: Total time for which application threads were stopped: 0.0609420 seconds, Stopping threads took: 0.0039900 seconds
244.584: Application time: 0.1871380 seconds
244.584: [GC [PSYoungGen: 519664K->87232K(559104K)] 1737098K->1347624K(1892864K), 0.0679280 secs] [Times: user=0.54 sys=0.00, real=0.07 secs] 
244.652: Total time for which application threads were stopped: 0.0681380 seconds, Stopping threads took: 0.0001080 seconds
244.854: Application time: 0.2014790 seconds
244.854: [GC [PSYoungGen: 542400K->62832K(561152K)] 1802792K->1373166K(1894912K), 0.0569270 secs] [Times: user=0.45 sys=0.01, real=0.06 secs] 
244.911: [Full GC [PSYoungGen: 62832K->0K(561152K)] [ParOldGen: 1310334K->140310K(1333760K)] 1373166K->140310K(1894912K) [PSPermGen: 9167K->9167K(21504K)], 0.1789400 secs] [Times: user=1.31 sys=0.00, real=0.18 secs] 
245.090: Total time for which application threads were stopped: 0.2361330 seconds, Stopping threads took: 0.0000870 seconds
245.271: Application time: 0.1811640 seconds
245.271: [GC [PSYoungGen: 455168K->97584K(550912K)] 595478K->237894K(1884672K), 0.0525510 secs] [Times: user=0.42 sys=0.00, real=0.05 secs] 
245.324: Total time for which application threads were stopped: 0.0527320 seconds, Stopping threads took: 0.0000780 seconds
245.522: Application time: 0.1983240 seconds
245.522: [GC [PSYoungGen: 543536K->58880K(556544K)] 683846K->260610K(1890304K), 0.0619200 secs] [Times: user=0.48 sys=0.00, real=0.06 secs] 
245.584: Total time for which application threads were stopped: 0.0621130 seconds, Stopping threads took: 0.0000990 seconds
245.761: Application time: 0.1765810 seconds
245.761: [GC [PSYoungGen: 504832K->98240K(545792K)] 706562K->338200K(1879552K), 0.0687900 secs] [Times: user=0.54 sys=0.00, real=0.07 secs] 
245.830: Total time for which application threads were stopped: 0.0689810 seconds, Stopping threads took: 0.0001030 seconds
246.031: Application time: 0.2016200 seconds
246.032: [GC [PSYoungGen: 533952K->52649K(551424K)] 773912K->352812K(1885184K), 0.0566460 secs] [Times: user=0.45 sys=0.00, real=0.06 secs] 
246.088: Total time for which application threads were stopped: 0.0568560 seconds, Stopping threads took: 0.0001060 seconds
246.254: Application time: 0.1656210 seconds
246.254: [GC [PSYoungGen: 488361K->92224K(546304K)] 788524K->433250K(1880064K), 0.0677940 secs] [Times: user=0.53 sys=0.00, real=0.07 secs] 
246.322: Total time for which application threads were stopped: 0.0679770 seconds, Stopping threads took: 0.0000920 seconds
246.531: Application time: 0.2086900 seconds
246.531: [GC [PSYoungGen: 522816K->50842K(548864K)] 863842K->447273K(1882624K), 0.0544460 secs] [Times: user=0.43 sys=0.00, real=0.05 secs] 
246.585: Total time for which application threads were stopped: 0.0546620 seconds, Stopping threads took: 0.0001260 seconds
246.749: Application time: 0.1635110 seconds
246.749: [GC [PSYoungGen: 481434K->85483K(548864K)] 877865K->521088K(1882624K), 0.0637360 secs] [Times: user=0.50 sys=0.00, real=0.06 secs] 
246.813: Total time for which application threads were stopped: 0.0639260 seconds, Stopping threads took: 0.0000810 seconds
247.012: Application time: 0.1991340 seconds
247.012: [GC [PSYoungGen: 516075K->53744K(484352K)] 951680K->539238K(1818112K), 0.0528390 secs] [Times: user=0.41 sys=0.00, real=0.05 secs] 
247.065: Total time for which application threads were stopped: 0.0530050 seconds, Stopping threads took: 0.0000770 seconds
247.240: Application time: 0.1752850 seconds
247.240: [GC [PSYoungGen: 484336K->80563K(549888K)] 969830K->604723K(1883648K), 0.0586380 secs] [Times: user=0.46 sys=0.00, real=0.06 secs] 
247.299: Total time for which application threads were stopped: 0.0588420 seconds, Stopping threads took: 0.0001160 seconds
247.488: Application time: 0.1891000 seconds
247.488: [GC [PSYoungGen: 512691K->58706K(491008K)] 1036851K->635884K(1824768K), 0.0579660 secs] [Times: user=0.45 sys=0.00, real=0.05 secs] 
247.546: Total time for which application threads were stopped: 0.0581650 seconds, Stopping threads took: 0.0000940 seconds
247.730: Application time: 0.1837480 seconds
247.730: [GC [PSYoungGen: 490834K->71874K(551424K)] 1068012K->686733K(1885184K), 0.0567760 secs] [Times: user=0.44 sys=0.00, real=0.05 secs] 
247.787: Total time for which application threads were stopped: 0.0569560 seconds, Stopping threads took: 0.0000880 seconds
247.973: Application time: 0.1858980 seconds
247.973: [GC [PSYoungGen: 509122K->65792K(547328K)] 1123981K->728542K(1881088K), 0.0575760 secs] [Times: user=0.46 sys=0.00, real=0.06 secs] 
248.031: Total time for which application threads were stopped: 0.0577490 seconds, Stopping threads took: 0.0000770 seconds
248.226: Application time: 0.1953280 seconds
248.226: [GC [PSYoungGen: 503040K->63155K(552960K)] 1165790K->759910K(1886720K), 0.0506090 secs] [Times: user=0.40 sys=0.00, real=0.06 secs] 
248.277: Total time for which application threads were stopped: 0.0507870 seconds, Stopping threads took: 0.0000770 seconds
248.458: Application time: 0.1814210 seconds
248.458: [GC [PSYoungGen: 508595K->79024K(550400K)] 1205350K->816489K(1884160K), 0.0597620 secs] [Times: user=0.48 sys=0.00, real=0.06 secs] 
248.518: Total time for which application threads were stopped: 0.0599620 seconds, Stopping threads took: 0.0001090 seconds
248.718: Application time: 0.1999520 seconds
248.718: [GC [PSYoungGen: 524464K->56656K(560640K)] 1261929K->831798K(1894400K), 0.0472250 secs] [Times: user=0.37 sys=0.00, real=0.04 secs] 
248.766: Total time for which application threads were stopped: 0.0473840 seconds, Stopping threads took: 0.0000710 seconds
248.948: Application time: 0.1821120 seconds
248.952: [GC [PSYoungGen: 512336K->86800K(559616K)] 1287478K->898625K(1893376K), 0.0623910 secs] [Times: user=0.49 sys=0.00, real=0.06 secs] 
249.015: Total time for which application threads were stopped: 0.0669880 seconds, Stopping threads took: 0.0044980 seconds
249.219: Application time: 0.2044840 seconds
249.219: [GC [PSYoungGen: 542480K->55831K(561152K)] 1354305K->912982K(1894912K), 0.0521550 secs] [Times: user=0.41 sys=0.00, real=0.05 secs] 
249.271: Total time for which application threads were stopped: 0.0523210 seconds, Stopping threads took: 0.0000730 seconds
249.452: Application time: 0.1809170 seconds
249.452: [GC [PSYoungGen: 509975K->91856K(546304K)] 1367126K->986687K(1880064K), 0.0665300 secs] [Times: user=0.53 sys=0.00, real=0.07 secs] 
249.519: Total time for which application threads were stopped: 0.0667020 seconds, Stopping threads took: 0.0000800 seconds
249.726: Application time: 0.2072670 seconds
249.726: [GC [PSYoungGen: 546000K->52507K(557056K)] 1440831K->996813K(1890816K), 0.0525630 secs] [Times: user=0.42 sys=0.00, real=0.06 secs] 
249.779: Total time for which application threads were stopped: 0.0527510 seconds, Stopping threads took: 0.0000870 seconds
249.949: Application time: 0.1698960 seconds
249.949: [GC [PSYoungGen: 498971K->97296K(544256K)] 1443277K->1078788K(1878016K), 0.0674010 secs] [Times: user=0.54 sys=0.00, real=0.07 secs] 
250.017: Total time for which application threads were stopped: 0.0675690 seconds, Stopping threads took: 0.0000700 seconds
250.225: Application time: 0.2085610 seconds
250.225: [GC [PSYoungGen: 543760K->46610K(550912K)] 1525252K->1079818K(1884672K), 0.0509370 secs] [Times: user=0.40 sys=0.00, real=0.06 secs] 
250.276: Total time for which application threads were stopped: 0.0511050 seconds, Stopping threads took: 0.0000780 seconds
250.437: Application time: 0.1612840 seconds
250.438: [GC [PSYoungGen: 481298K->98384K(533504K)] 1514506K->1166836K(1867264K), 0.0674270 secs] [Times: user=0.53 sys=0.00, real=0.06 secs] 
250.505: Total time for which application threads were stopped: 0.0676170 seconds, Stopping threads took: 0.0000900 seconds
250.720: Application time: 0.2146620 seconds
250.720: [GC [PSYoungGen: 533072K->42290K(544768K)] 1601524K->1164523K(1878528K), 0.0512660 secs] [Times: user=0.41 sys=0.00, real=0.05 secs] 
250.771: Total time for which application threads were stopped: 0.0514460 seconds, Stopping threads took: 0.0000880 seconds
250.924: Application time: 0.1528200 seconds
250.924: [GC [PSYoungGen: 464690K->101845K(524288K)] 1586923K->1257914K(1858048K), 0.0697660 secs] [Times: user=0.55 sys=0.00, real=0.07 secs] 
250.994: Total time for which application threads were stopped: 0.0699460 seconds, Stopping threads took: 0.0000880 seconds
251.197: Application time: 0.2026090 seconds
251.197: [GC [PSYoungGen: 524245K->37978K(537088K)] 1680314K->1250130K(1870848K), 0.0494480 secs] [Times: user=0.40 sys=0.00, real=0.04 secs] 
251.246: Total time for which application threads were stopped: 0.0496430 seconds, Stopping threads took: 0.0000810 seconds
251.400: Application time: 0.1541690 seconds
251.401: [GC [PSYoungGen: 446042K->89226K(497664K)] 1658194K->1330236K(1831424K), 0.0614420 secs] [Times: user=0.48 sys=0.00, real=0.06 secs] 
251.462: Total time for which application threads were stopped: 0.0616230 seconds, Stopping threads took: 0.0000910 seconds
251.658: Application time: 0.1960540 seconds
251.658: [GC [PSYoungGen: 497290K->47888K(538112K)] 1738300K->1343979K(1871872K), 0.0547090 secs] [Times: user=0.44 sys=0.00, real=0.05 secs] 
251.713: [Full GC [PSYoungGen: 47888K->0K(538112K)] [ParOldGen: 1296091K->132733K(1333760K)] 1343979K->132733K(1871872K) [PSPermGen: 9167K->9167K(21504K)], 0.1675270 secs] [Times: user=1.22 sys=0.00, real=0.17 secs] 
251.881: Total time for which application threads were stopped: 0.2224790 seconds, Stopping threads took: 0.0000870 seconds
252.048: Application time: 0.1670690 seconds
252.048: [GC [PSYoungGen: 407552K->76727K(484352K)] 540285K->209460K(1818112K), 0.0417830 secs] [Times: user=0.33 sys=0.00, real=0.05 secs] 
252.090: Total time for which application threads were stopped: 0.0420140 seconds, Stopping threads took: 0.0001280 seconds
252.258: Application time: 0.1682420 seconds
252.258: [GC [PSYoungGen: 484279K->72304K(538624K)] 617012K->258539K(1872384K), 0.0622570 secs] [Times: user=0.50 sys=0.00, real=0.06 secs] 
252.320: Total time for which application threads were stopped: 0.0624280 seconds, Stopping threads took: 0.0000850 seconds
252.511: Application time: 0.1904660 seconds
252.511: [GC [PSYoungGen: 484976K->47523K(533504K)] 671211K->274790K(1867264K), 0.0460140 secs] [Times: user=0.36 sys=0.00, real=0.05 secs] 
252.557: Total time for which application threads were stopped: 0.0461730 seconds, Stopping threads took: 0.0000690 seconds
252.706: Application time: 0.1487560 seconds
252.706: [GC [PSYoungGen: 460195K->100368K(533504K)] 687462K->365721K(1867264K), 0.0670620 secs] [Times: user=0.53 sys=0.00, real=0.07 secs] 
252.773: Total time for which application threads were stopped: 0.0672610 seconds, Stopping threads took: 0.0000980 seconds
252.978: Application time: 0.2051470 seconds
252.978: [GC [PSYoungGen: 514064K->31568K(445440K)] 779417K->351144K(1779200K), 0.0440910 secs] [Times: user=0.35 sys=0.00, real=0.04 secs] 
253.022: Total time for which application threads were stopped: 0.0442760 seconds, Stopping threads took: 0.0000930 seconds
253.168: Application time: 0.1454410 seconds
253.168: [GC [PSYoungGen: 445264K->105566K(522752K)] 764840K->450974K(1856512K), 0.0655030 secs] [Times: user=0.51 sys=0.00, real=0.07 secs] 
253.234: Total time for which application threads were stopped: 0.0656930 seconds, Stopping threads took: 0.0001000 seconds
253.430: Application time: 0.1961430 seconds
253.430: [GC [PSYoungGen: 500318K->33009K(530944K)] 845726K->440817K(1864704K), 0.0482270 secs] [Times: user=0.38 sys=0.00, real=0.05 secs] 
253.478: Total time for which application threads were stopped: 0.0484230 seconds, Stopping threads took: 0.0000930 seconds
253.631: Application time: 0.1532990 seconds
253.632: [GC [PSYoungGen: 427761K->82683K(527872K)] 835569K->517125K(1861632K), 0.0559880 secs] [Times: user=0.44 sys=0.00, real=0.06 secs] 
253.688: Total time for which application threads were stopped: 0.0567440 seconds, Stopping threads took: 0.0006690 seconds
253.860: Application time: 0.1718520 seconds
253.860: [GC [PSYoungGen: 477435K->59152K(529408K)] 911877K->550414K(1863168K), 0.0573570 secs] [Times: user=0.45 sys=0.00, real=0.06 secs] 
253.918: Total time for which application threads were stopped: 0.0575470 seconds, Stopping threads took: 0.0001030 seconds
254.091: Application time: 0.1730170 seconds
254.091: [GC [PSYoungGen: 453904K->58416K(526336K)] 945166K->586831K(1860096K), 0.0502790 secs] [Times: user=0.40 sys=0.00, real=0.05 secs] 
254.141: Total time for which application threads were stopped: 0.0504620 seconds, Stopping threads took: 0.0000840 seconds
254.294: Application time: 0.1532140 seconds
254.294: [GC [PSYoungGen: 460848K->90144K(527872K)] 989263K->661107K(1861632K), 0.0660410 secs] [Times: user=0.52 sys=0.00, real=0.07 secs] 
254.361: Total time for which application threads were stopped: 0.0662320 seconds, Stopping threads took: 0.0001020 seconds
254.553: Application time: 0.1922090 seconds
254.556: [GC [PSYoungGen: 492576K->38017K(539648K)] 1063539K->665574K(1873408K), 0.0475020 secs] [Times: user=0.38 sys=0.00, real=0.04 secs] 
254.604: Total time for which application threads were stopped: 0.0509800 seconds, Stopping threads took: 0.0033900 seconds
254.757: Application time: 0.1528050 seconds
254.757: [GC [PSYoungGen: 449665K->93488K(505344K)] 1077222K->752399K(1839104K), 0.0624640 secs] [Times: user=0.50 sys=0.00, real=0.06 secs] 
254.819: Total time for which application threads were stopped: 0.0626640 seconds, Stopping threads took: 0.0000950 seconds
255.022: Application time: 0.2030560 seconds
255.022: [GC [PSYoungGen: 505136K->39567K(536576K)] 1164047K->752070K(1870336K), 0.0491410 secs] [Times: user=0.38 sys=0.00, real=0.05 secs] 
255.072: Total time for which application threads were stopped: 0.0493320 seconds, Stopping threads took: 0.0000960 seconds
255.224: Application time: 0.1525490 seconds
255.224: [GC [PSYoungGen: 444559K->84687K(535552K)] 1157062K->829523K(1869312K), 0.0585640 secs] [Times: user=0.47 sys=0.00, real=0.06 secs] 
255.283: Total time for which application threads were stopped: 0.0587510 seconds, Stopping threads took: 0.0000950 seconds
255.467: Application time: 0.1841790 seconds
255.467: [GC [PSYoungGen: 489679K->55856K(527872K)] 1234515K->854578K(1861632K), 0.0560880 secs] [Times: user=0.44 sys=0.00, real=0.06 secs] 
255.523: Total time for which application threads were stopped: 0.0563120 seconds, Stopping threads took: 0.0001170 seconds
255.700: Application time: 0.1762990 seconds
255.700: [GC [PSYoungGen: 461360K->65904K(531968K)] 1260082K->897968K(1865728K), 0.0514800 secs] [Times: user=0.41 sys=0.00, real=0.05 secs] 
255.751: Total time for which application threads were stopped: 0.0516590 seconds, Stopping threads took: 0.0000900 seconds
255.906: Application time: 0.1547700 seconds
255.906: [GC [PSYoungGen: 471408K->78784K(539648K)] 1303472K->956959K(1873408K), 0.0618200 secs] [Times: user=0.49 sys=0.00, real=0.07 secs] 
255.968: Total time for which application threads were stopped: 0.0620060 seconds, Stopping threads took: 0.0000950 seconds
256.160: Application time: 0.1923400 seconds
256.161: [GC [PSYoungGen: 498112K->50698K(539136K)] 1376287K->973148K(1872896K), 0.0482390 secs] [Times: user=0.38 sys=0.00, real=0.05 secs] 
256.209: Total time for which application threads were stopped: 0.0484180 seconds, Stopping threads took: 0.0000780 seconds
256.372: Application time: 0.1626320 seconds
256.372: [GC [PSYoungGen: 470026K->94821K(539136K)] 1392476K->1057022K(1872896K), 0.0690800 secs] [Times: user=0.55 sys=0.00, real=0.07 secs] 
256.441: Total time for which application threads were stopped: 0.0692550 seconds, Stopping threads took: 0.0000870 seconds
256.640: Application time: 0.1995920 seconds
256.641: [GC [PSYoungGen: 516197K->38139K(544256K)] 1478398K->1060868K(1878016K), 0.0521530 secs] [Times: user=0.41 sys=0.00, real=0.05 secs] 
256.693: Total time for which application threads were stopped: 0.0524040 seconds, Stopping threads took: 0.0001610 seconds
256.844: Application time: 0.1516140 seconds
256.845: [GC [PSYoungGen: 459515K->94544K(534016K)] 1482244K->1146056K(1867776K), 0.0644660 secs] [Times: user=0.50 sys=0.00, real=0.07 secs] 
256.909: Total time for which application threads were stopped: 0.0646580 seconds, Stopping threads took: 0.0000880 seconds
257.113: Application time: 0.2044370 seconds
257.116: [GC [PSYoungGen: 505680K->40064K(539136K)] 1557192K->1143641K(1872896K), 0.0489760 secs] [Times: user=0.39 sys=0.00, real=0.04 secs] 
257.165: Total time for which application threads were stopped: 0.0516990 seconds, Stopping threads took: 0.0026320 seconds
257.325: Application time: 0.1593490 seconds
257.325: [GC [PSYoungGen: 451200K->84545K(539136K)] 1554777K->1221218K(1872896K), 0.0608270 secs] [Times: user=0.48 sys=0.00, real=0.06 secs] 
257.386: Total time for which application threads were stopped: 0.0610250 seconds, Stopping threads took: 0.0001060 seconds
257.569: Application time: 0.1835900 seconds
257.569: [GC [PSYoungGen: 496705K->56512K(468992K)] 1633378K->1247759K(1802752K), 0.0562010 secs] [Times: user=0.44 sys=0.00, real=0.05 secs] 
257.626: Total time for which application threads were stopped: 0.0563750 seconds, Stopping threads took: 0.0000760 seconds
257.801: Application time: 0.1757300 seconds
257.801: [GC [PSYoungGen: 468672K->64720K(541184K)] 1659919K->1289230K(1874944K), 0.0519060 secs] [Times: user=0.41 sys=0.00, real=0.05 secs] 
257.853: Total time for which application threads were stopped: 0.0520790 seconds, Stopping threads took: 0.0000850 seconds
258.015: Application time: 0.1617730 seconds
258.015: [GC [PSYoungGen: 482512K->78352K(536064K)] 1707022K->1349400K(1869824K), 0.0634180 secs] [Times: user=0.51 sys=0.00, real=0.07 secs] 
258.079: [Full GC [PSYoungGen: 78352K->0K(536064K)] [ParOldGen: 1271048K->150580K(1333760K)] 1349400K->150580K(1869824K) [PSPermGen: 9167K->9167K(21504K)], 0.1834430 secs] [Times: user=1.35 sys=0.00, real=0.18 secs] 
258.262: Total time for which application threads were stopped: 0.2471130 seconds, Stopping threads took: 0.0000950 seconds
258.449: Application time: 0.1867290 seconds
258.449: [GC [PSYoungGen: 417792K->63904K(544256K)] 568372K->214485K(1878016K), 0.0398690 secs] [Times: user=0.32 sys=0.00, real=0.04 secs] 
258.489: Total time for which application threads were stopped: 0.0400540 seconds, Stopping threads took: 0.0000830 seconds
258.659: Application time: 0.1700400 seconds
258.659: [GC [PSYoungGen: 493984K->95474K(543232K)] 644565K->295250K(1876992K), 0.0747760 secs] [Times: user=0.60 sys=0.00, real=0.07 secs] 
258.734: Total time for which application threads were stopped: 0.0749620 seconds, Stopping threads took: 0.0000960 seconds
258.939: Application time: 0.2045120 seconds
258.939: [GC [PSYoungGen: 525554K->42122K(548352K)] 725330K->301592K(1882112K), 0.0519650 secs] [Times: user=0.40 sys=0.00, real=0.05 secs] 
258.991: Total time for which application threads were stopped: 0.0521410 seconds, Stopping threads took: 0.0000810 seconds
259.152: Application time: 0.1613540 seconds
259.156: [GC [PSYoungGen: 471178K->99594K(528896K)] 730648K->392942K(1862656K), 0.0675340 secs] [Times: user=0.53 sys=0.00, real=0.06 secs] 
259.224: Total time for which application threads were stopped: 0.0717650 seconds, Stopping threads took: 0.0040730 seconds
259.432: Application time: 0.2079950 seconds
259.432: [GC [PSYoungGen: 528650K->38704K(541696K)] 821998K->387204K(1875456K), 0.0479230 secs] [Times: user=0.37 sys=0.01, real=0.05 secs] 
259.480: Total time for which application threads were stopped: 0.0481050 seconds, Stopping threads took: 0.0000910 seconds
259.640: Application time: 0.1595940 seconds
259.640: [GC [PSYoungGen: 454389K->92811K(508928K)] 802890K->470262K(1842688K), 0.0612690 secs] [Times: user=0.48 sys=0.00, real=0.06 secs] 
259.701: Total time for which application threads were stopped: 0.0614470 seconds, Stopping threads took: 0.0000860 seconds
259.894: Application time: 0.1932570 seconds
259.896: [GC [PSYoungGen: 508555K->44864K(539648K)] 886006K->475960K(1873408K), 0.0488660 secs] [Times: user=0.38 sys=0.00, real=0.04 secs] 
259.945: Total time for which application threads were stopped: 0.0508360 seconds, Stopping threads took: 0.0018640 seconds
260.105: Application time: 0.1594380 seconds
260.105: [GC [PSYoungGen: 454976K->80578K(491008K)] 886072K->542128K(1824768K), 0.0570870 secs] [Times: user=0.42 sys=0.00, real=0.06 secs] 
260.162: Total time for which application threads were stopped: 0.0572810 seconds, Stopping threads took: 0.0001040 seconds
260.337: Application time: 0.1748880 seconds
260.337: [GC [PSYoungGen: 490690K->63584K(541184K)] 952240K->578983K(1874944K), 0.0591550 secs] [Times: user=0.46 sys=0.00, real=0.05 secs] 
260.396: Total time for which application threads were stopped: 0.0593340 seconds, Stopping threads took: 0.0000830 seconds
260.576: Application time: 0.1800970 seconds
260.576: [GC [PSYoungGen: 478298K->59678K(536576K)] 993696K->615538K(1870336K), 0.0506140 secs] [Times: user=0.41 sys=0.00, real=0.04 secs] 
260.627: Total time for which application threads were stopped: 0.0508030 seconds, Stopping threads took: 0.0000920 seconds
260.787: Application time: 0.1599560 seconds
260.788: [GC [PSYoungGen: 474398K->91616K(532480K)] 1030258K->690590K(1866240K), 0.0666660 secs] [Times: user=0.53 sys=0.00, real=0.06 secs] 
260.855: Total time for which application threads were stopped: 0.0679620 seconds, Stopping threads took: 0.0012080 seconds
261.051: Application time: 0.1959180 seconds
261.051: [GC [PSYoungGen: 506336K->42449K(536576K)] 1105310K->694888K(1870336K), 0.0501600 secs] [Times: user=0.39 sys=0.00, real=0.05 secs] 
261.101: Total time for which application threads were stopped: 0.0503650 seconds, Stopping threads took: 0.0001110 seconds
261.255: Application time: 0.1539150 seconds
261.256: [GC [PSYoungGen: 457169K->94833K(536576K)] 1109608K->780328K(1870336K), 0.0634010 secs] [Times: user=0.51 sys=0.00, real=0.06 secs] 
261.320: Total time for which application threads were stopped: 0.0645700 seconds, Stopping threads took: 0.0010620 seconds
261.523: Application time: 0.2029560 seconds
261.523: [GC [PSYoungGen: 510065K->34487K(450048K)] 1195560K->774581K(1783808K), 0.0470010 secs] [Times: user=0.36 sys=0.00, real=0.05 secs] 
261.570: Total time for which application threads were stopped: 0.0471790 seconds, Stopping threads took: 0.0000900 seconds
261.725: Application time: 0.1555320 seconds
261.725: [GC [PSYoungGen: 449719K->92014K(533504K)] 1189813K->860139K(1867264K), 0.0616840 secs] [Times: user=0.48 sys=0.00, real=0.06 secs] 
261.787: Total time for which application threads were stopped: 0.0618660 seconds, Stopping threads took: 0.0000870 seconds
261.978: Application time: 0.1908640 seconds
261.978: [GC [PSYoungGen: 499054K->45184K(537088K)] 1267179K->868921K(1870848K), 0.0515750 secs] [Times: user=0.41 sys=0.00, real=0.05 secs] 
262.030: Total time for which application threads were stopped: 0.0517430 seconds, Stopping threads took: 0.0000690 seconds
262.196: Application time: 0.1658750 seconds
262.196: [GC [PSYoungGen: 452113K->74953K(529408K)] 1275850K->928589K(1863168K), 0.0539170 secs] [Times: user=0.43 sys=0.00, real=0.06 secs] 
262.250: Total time for which application threads were stopped: 0.0540850 seconds, Stopping threads took: 0.0000780 seconds
262.423: Application time: 0.1733570 seconds
262.423: [GC [PSYoungGen: 484041K->70560K(534016K)] 1337677K->974473K(1867776K), 0.0607490 secs] [Times: user=0.48 sys=0.00, real=0.06 secs] 
262.484: Total time for which application threads were stopped: 0.0609190 seconds, Stopping threads took: 0.0000770 seconds
262.667: Application time: 0.1831900 seconds
262.667: [GC [PSYoungGen: 479648K->55773K(536064K)] 1383561K->1001964K(1869824K), 0.0519360 secs] [Times: user=0.41 sys=0.00, real=0.06 secs] 
262.719: Total time for which application threads were stopped: 0.0521020 seconds, Stopping threads took: 0.0000600 seconds
262.877: Application time: 0.1578110 seconds
262.880: [GC [PSYoungGen: 477661K->93328K(539136K)] 1423852K->1080224K(1872896K), 0.0666140 secs] [Times: user=0.53 sys=0.00, real=0.06 secs] 
262.947: Total time for which application threads were stopped: 0.0696910 seconds, Stopping threads took: 0.0029860 seconds
263.145: Application time: 0.1981230 seconds
263.145: [GC [PSYoungGen: 515216K->44774K(546304K)] 1502112K->1084233K(1880064K), 0.0503480 secs] [Times: user=0.40 sys=0.00, real=0.05 secs] 
263.195: Total time for which application threads were stopped: 0.0505280 seconds, Stopping threads took: 0.0000890 seconds
263.358: Application time: 0.1628920 seconds
263.359: [GC [PSYoungGen: 469222K->94433K(519168K)] 1508681K->1168394K(1852928K), 0.0665880 secs] [Times: user=0.53 sys=0.00, real=0.06 secs] 
263.425: Total time for which application threads were stopped: 0.0667850 seconds, Stopping threads took: 0.0000950 seconds
263.628: Application time: 0.2025410 seconds
263.628: [GC [PSYoungGen: 518881K->44410K(542720K)] 1592842K->1173419K(1876480K), 0.0537070 secs] [Times: user=0.41 sys=0.01, real=0.06 secs] 
263.682: Total time for which application threads were stopped: 0.0538860 seconds, Stopping threads took: 0.0000890 seconds
263.845: Application time: 0.1635540 seconds
263.845: [GC [PSYoungGen: 461178K->85632K(541184K)] 1590187K->1248245K(1874944K), 0.0627270 secs] [Times: user=0.50 sys=0.00, real=0.06 secs] 
263.908: Total time for which application threads were stopped: 0.0629120 seconds, Stopping threads took: 0.0000870 seconds
264.102: Application time: 0.1936790 seconds
264.102: [GC [PSYoungGen: 502400K->46080K(540672K)] 1665013K->1259355K(1874432K), 0.0531700 secs] [Times: user=0.41 sys=0.00, real=0.05 secs] 
264.155: Total time for which application threads were stopped: 0.0533570 seconds, Stopping threads took: 0.0000860 seconds
264.320: Application time: 0.1652800 seconds
264.321: [GC [PSYoungGen: 463360K->79797K(541184K)] 1676635K->1326040K(1874944K), 0.0582280 secs] [Times: user=0.46 sys=0.00, real=0.06 secs] 
264.379: Total time for which application threads were stopped: 0.0584090 seconds, Stopping threads took: 0.0000910 seconds
264.563: Application time: 0.1838160 seconds
264.563: [GC [PSYoungGen: 497077K->63152K(534528K)] 1743320K->1360832K(1868288K), 0.0607380 secs] [Times: user=0.47 sys=0.00, real=0.06 secs] 
264.624: [Full GC [PSYoungGen: 63152K->0K(534528K)] [ParOldGen: 1297680K->143914K(1333760K)] 1360832K->143914K(1868288K) [PSPermGen: 9167K->9167K(21504K)], 0.1841450 secs] [Times: user=1.35 sys=0.00, real=0.18 secs] 
264.808: Total time for which application threads were stopped: 0.2451110 seconds, Stopping threads took: 0.0000790 seconds
264.988: Application time: 0.1799350 seconds
264.988: [GC [PSYoungGen: 420352K->68400K(538624K)] 564266K->212314K(1872384K), 0.0404950 secs] [Times: user=0.32 sys=0.00, real=0.05 secs] 
265.028: Total time for which application threads were stopped: 0.0407020 seconds, Stopping threads took: 0.0001010 seconds
265.195: Application time: 0.1662950 seconds
265.195: [GC [PSYoungGen: 488752K->84960K(546304K)] 632666K->278964K(1880064K), 0.0676450 secs] [Times: user=0.53 sys=0.00, real=0.07 secs] 
265.263: Total time for which application threads were stopped: 0.0678250 seconds, Stopping threads took: 0.0000880 seconds
265.460: Application time: 0.1972670 seconds
265.460: [GC [PSYoungGen: 517600K->54304K(548352K)] 711604K->295581K(1882112K), 0.0513520 secs] [Times: user=0.41 sys=0.00, real=0.05 secs] 
265.511: Total time for which application threads were stopped: 0.0515380 seconds, Stopping threads took: 0.0000950 seconds
265.678: Application time: 0.1670990 seconds
265.679: [GC [PSYoungGen: 486944K->88976K(547328K)] 728221K->370581K(1881088K), 0.0648580 secs] [Times: user=0.52 sys=0.00, real=0.06 secs] 
265.743: Total time for which application threads were stopped: 0.0650730 seconds, Stopping threads took: 0.0001140 seconds
265.946: Application time: 0.2027650 seconds
265.946: [GC [PSYoungGen: 522640K->53184K(550400K)] 804245K->384809K(1884160K), 0.0524900 secs] [Times: user=0.41 sys=0.00, real=0.06 secs] 
265.999: Total time for which application threads were stopped: 0.0526800 seconds, Stopping threads took: 0.0000970 seconds
266.168: Application time: 0.1688460 seconds
266.168: [GC [PSYoungGen: 486848K->91178K(544768K)] 818473K->460728K(1878528K), 0.0641550 secs] [Times: user=0.51 sys=0.00, real=0.07 secs] 
266.232: Total time for which application threads were stopped: 0.0643430 seconds, Stopping threads took: 0.0000960 seconds
266.425: Application time: 0.1933020 seconds
266.426: [GC [PSYoungGen: 520746K->52048K(548352K)] 890296K->479484K(1882112K), 0.0549610 secs] [Times: user=0.43 sys=0.00, real=0.06 secs] 
266.481: Total time for which application threads were stopped: 0.0551820 seconds, Stopping threads took: 0.0001100 seconds
266.659: Application time: 0.1784790 seconds
266.659: [GC [PSYoungGen: 481616K->83312K(547840K)] 909052K->543787K(1881600K), 0.0597040 secs] [Times: user=0.47 sys=0.00, real=0.06 secs] 
266.719: Total time for which application threads were stopped: 0.0598980 seconds, Stopping threads took: 0.0001050 seconds
266.911: Application time: 0.1921520 seconds
266.911: [GC [PSYoungGen: 514416K->55528K(486912K)] 974891K->570748K(1820672K), 0.0552850 secs] [Times: user=0.44 sys=0.00, real=0.05 secs] 
266.967: Total time for which application threads were stopped: 0.0554570 seconds, Stopping threads took: 0.0000830 seconds
267.142: Application time: 0.1756140 seconds
267.142: [GC [PSYoungGen: 486632K->78491K(549376K)] 1001852K->629813K(1883136K), 0.0605270 secs] [Times: user=0.46 sys=0.00, real=0.06 secs] 
267.203: Total time for which application threads were stopped: 0.0607250 seconds, Stopping threads took: 0.0000900 seconds
267.396: Application time: 0.1928600 seconds
267.396: [GC [PSYoungGen: 512155K->59354K(548352K)] 1063477K->656699K(1882112K), 0.0529730 secs] [Times: user=0.42 sys=0.00, real=0.06 secs] 
267.449: Total time for which application threads were stopped: 0.0531420 seconds, Stopping threads took: 0.0000820 seconds
267.629: Application time: 0.1802780 seconds
267.629: [GC [PSYoungGen: 493018K->71084K(549376K)] 1090363K->708096K(1883136K), 0.0560080 secs] [Times: user=0.45 sys=0.00, real=0.05 secs] 
267.685: Total time for which application threads were stopped: 0.0561840 seconds, Stopping threads took: 0.0000830 seconds
267.876: Application time: 0.1904280 seconds
267.876: [GC [PSYoungGen: 510892K->68976K(548352K)] 1147904K->748196K(1882112K), 0.0566560 secs] [Times: user=0.45 sys=0.00, real=0.06 secs] 
267.933: Total time for which application threads were stopped: 0.0568480 seconds, Stopping threads took: 0.0000890 seconds
268.124: Application time: 0.1915840 seconds
268.124: [GC [PSYoungGen: 508784K->64202K(556032K)] 1188004K->786800K(1889792K), 0.0560980 secs] [Times: user=0.42 sys=0.03, real=0.06 secs] 
268.181: Total time for which application threads were stopped: 0.0562960 seconds, Stopping threads took: 0.0001070 seconds
268.371: Application time: 0.1907460 seconds
268.371: [GC [PSYoungGen: 515786K->80672K(553472K)] 1238384K->843570K(1887232K), 0.0624960 secs] [Times: user=0.49 sys=0.00, real=0.06 secs] 
268.434: Total time for which application threads were stopped: 0.0626760 seconds, Stopping threads took: 0.0000920 seconds
268.634: Application time: 0.1996050 seconds
268.634: [GC [PSYoungGen: 532256K->59667K(563712K)] 1295154K->868608K(1897472K), 0.0554540 secs] [Times: user=0.43 sys=0.00, real=0.06 secs] 
268.689: Total time for which application threads were stopped: 0.0556370 seconds, Stopping threads took: 0.0000800 seconds
268.878: Application time: 0.1883260 seconds
268.878: [GC [PSYoungGen: 522003K->84528K(547328K)] 1330944K->932600K(1881088K), 0.0644790 secs] [Times: user=0.51 sys=0.00, real=0.06 secs] 
268.942: Total time for which application threads were stopped: 0.0646600 seconds, Stopping threads took: 0.0000880 seconds
269.145: Application time: 0.2029760 seconds
269.145: [GC [PSYoungGen: 546864K->63697K(565248K)] 1394936K->957833K(1899008K), 0.0554230 secs] [Times: user=0.44 sys=0.00, real=0.06 secs] 
269.201: Total time for which application threads were stopped: 0.0556030 seconds, Stopping threads took: 0.0000770 seconds
269.390: Application time: 0.1889810 seconds
269.390: [GC [PSYoungGen: 525009K->81760K(563200K)] 1419145K->1018029K(1896960K), 0.0640360 secs] [Times: user=0.50 sys=0.00, real=0.06 secs] 
269.454: Total time for which application threads were stopped: 0.0642140 seconds, Stopping threads took: 0.0000860 seconds
269.657: Application time: 0.2029620 seconds
269.657: [GC [PSYoungGen: 543072K->65966K(562176K)] 1479341K->1048865K(1895936K), 0.0577740 secs] [Times: user=0.46 sys=0.00, real=0.05 secs] 
269.715: Total time for which application threads were stopped: 0.0579800 seconds, Stopping threads took: 0.0001070 seconds
269.908: Application time: 0.1933650 seconds
269.908: [GC [PSYoungGen: 528302K->78256K(563200K)] 1511201K->1104396K(1896960K), 0.0615980 secs] [Times: user=0.49 sys=0.00, real=0.06 secs] 
269.970: Total time for which application threads were stopped: 0.0617620 seconds, Stopping threads took: 0.0000720 seconds
270.168: Application time: 0.1983710 seconds
270.169: [GC [PSYoungGen: 540592K->68400K(561152K)] 1566732K->1141027K(1894912K), 0.0581370 secs] [Times: user=0.46 sys=0.00, real=0.05 secs] 
270.227: Total time for which application threads were stopped: 0.0583200 seconds, Stopping threads took: 0.0000810 seconds
270.423: Application time: 0.1960810 seconds
270.423: [GC [PSYoungGen: 533806K->77345K(563712K)] 1606433K->1194754K(1897472K), 0.0629240 secs] [Times: user=0.50 sys=0.00, real=0.06 secs] 
270.486: Total time for which application threads were stopped: 0.0631160 seconds, Stopping threads took: 0.0001010 seconds
270.692: Application time: 0.2058460 seconds
270.692: [GC [PSYoungGen: 542753K->67776K(564224K)] 1660161K->1232936K(1897984K), 0.0594750 secs] [Times: user=0.47 sys=0.00, real=0.06 secs] 
270.752: Total time for which application threads were stopped: 0.0596600 seconds, Stopping threads took: 0.0000850 seconds
270.950: Application time: 0.1985320 seconds
270.950: [GC [PSYoungGen: 538816K->78928K(566784K)] 1703976K->1288695K(1900544K), 0.0642780 secs] [Times: user=0.49 sys=0.00, real=0.06 secs] 
271.015: Total time for which application threads were stopped: 0.0644700 seconds, Stopping threads took: 0.0001040 seconds
271.219: Application time: 0.2039870 seconds
271.219: [GC [PSYoungGen: 549968K->75165K(569856K)] 1759735K->1335679K(1903616K), 0.0642370 secs] [Times: user=0.51 sys=0.00, real=0.06 secs] 
271.283: Total time for which application threads were stopped: 0.0644530 seconds, Stopping threads took: 0.0001080 seconds
271.484: Application time: 0.2014610 seconds
271.485: [GC [PSYoungGen: 550301K->73376K(570368K)] 1810815K->1379871K(1904128K), 0.0628030 secs] [Times: user=0.49 sys=0.00, real=0.06 secs] 
271.547: [Full GC [PSYoungGen: 73376K->0K(570368K)] [ParOldGen: 1306495K->134495K(1333760K)] 1379871K->134495K(1904128K) [PSPermGen: 9168K->9168K(21504K)], 0.1589810 secs] [Times: user=1.15 sys=0.00, real=0.16 secs] 
271.706: Total time for which application threads were stopped: 0.2220150 seconds, Stopping threads took: 0.0000750 seconds
271.911: Application time: 0.2050360 seconds
271.912: [GC [PSYoungGen: 475136K->90090K(564736K)] 609631K->224585K(1898496K), 0.0511900 secs] [Times: user=0.40 sys=0.00, real=0.05 secs] 
271.963: Total time for which application threads were stopped: 0.0513870 seconds, Stopping threads took: 0.0000970 seconds
272.165: Application time: 0.2018240 seconds
272.165: [GC [PSYoungGen: 561642K->70218K(569344K)] 696137K->263517K(1903104K), 0.0651860 secs] [Times: user=0.51 sys=0.00, real=0.07 secs] 
272.230: Total time for which application threads were stopped: 0.0653450 seconds, Stopping threads took: 0.0000670 seconds
272.428: Application time: 0.1977740 seconds
272.428: [GC [PSYoungGen: 541770K->79200K(566784K)] 735069K->316960K(1900544K), 0.0616580 secs] [Times: user=0.49 sys=0.00, real=0.07 secs] 
272.490: Total time for which application threads were stopped: 0.0618680 seconds, Stopping threads took: 0.0001060 seconds
272.694: Application time: 0.2044810 seconds
272.694: [GC [PSYoungGen: 552288K->69728K(568832K)] 790048K->354467K(1902592K), 0.0577090 secs] [Times: user=0.46 sys=0.00, real=0.06 secs] 
272.752: Total time for which application threads were stopped: 0.0579110 seconds, Stopping threads took: 0.0001040 seconds
272.958: Application time: 0.2055310 seconds
272.958: [GC [PSYoungGen: 542816K->78800K(569344K)] 827555K->406776K(1903104K), 0.0623790 secs] [Times: user=0.49 sys=0.00, real=0.06 secs] 
273.020: Total time for which application threads were stopped: 0.0625860 seconds, Stopping threads took: 0.0001070 seconds
273.222: Application time: 0.2022820 seconds
273.223: [GC [PSYoungGen: 555472K->74078K(570880K)] 883448K->444934K(1904640K), 0.0580760 secs] [Times: user=0.46 sys=0.00, real=0.06 secs] 
273.281: Total time for which application threads were stopped: 0.0582870 seconds, Stopping threads took: 0.0001200 seconds
273.487: Application time: 0.2060740 seconds
273.487: [GC [PSYoungGen: 550750K->76544K(572416K)] 921606K->489789K(1906176K), 0.0604730 secs] [Times: user=0.47 sys=0.00, real=0.06 secs] 
273.548: Total time for which application threads were stopped: 0.0606690 seconds, Stopping threads took: 0.0000930 seconds
273.747: Application time: 0.1992900 seconds
273.747: [GC [PSYoungGen: 557312K->80160K(572416K)] 970557K->539413K(1906176K), 0.0620940 secs] [Times: user=0.50 sys=0.00, real=0.07 secs] 
273.809: Total time for which application threads were stopped: 0.0622810 seconds, Stopping threads took: 0.0001000 seconds
274.019: Application time: 0.2101830 seconds
274.019: [GC [PSYoungGen: 560928K->68720K(574464K)] 1020181K->572961K(1908224K), 0.0579120 secs] [Times: user=0.46 sys=0.00, real=0.06 secs] 
274.077: Total time for which application threads were stopped: 0.0581050 seconds, Stopping threads took: 0.0000900 seconds
274.276: Application time: 0.1987170 seconds
274.276: [GC [PSYoungGen: 552560K->85840K(569856K)] 1056801K->631480K(1903616K), 0.0636990 secs] [Times: user=0.49 sys=0.00, real=0.06 secs] 
274.340: Total time for which application threads were stopped: 0.0638680 seconds, Stopping threads took: 0.0000770 seconds
274.556: Application time: 0.2163120 seconds
274.560: [GC [PSYoungGen: 569680K->61136K(571392K)] 1115320K->654097K(1905152K), 0.0554950 secs] [Times: user=0.44 sys=0.00, real=0.05 secs] 
274.616: Total time for which application threads were stopped: 0.0596120 seconds, Stopping threads took: 0.0039920 seconds
274.808: Application time: 0.1925720 seconds
274.809: [GC [PSYoungGen: 538832K->85373K(563200K)] 1131793K->710614K(1896960K), 0.0585450 secs] [Times: user=0.46 sys=0.00, real=0.05 secs] 
274.867: Total time for which application threads were stopped: 0.0587290 seconds, Stopping threads took: 0.0000940 seconds
275.084: Application time: 0.2166000 seconds
275.084: [GC [PSYoungGen: 563069K->56448K(568320K)] 1188310K->726243K(1902080K), 0.0514140 secs] [Times: user=0.41 sys=0.00, real=0.05 secs] 
275.135: Total time for which application threads were stopped: 0.0516130 seconds, Stopping threads took: 0.0000980 seconds
275.325: Application time: 0.1890770 seconds
275.325: [GC [PSYoungGen: 528000K->87833K(559616K)] 1197795K->791427K(1893376K), 0.0612360 secs] [Times: user=0.47 sys=0.00, real=0.06 secs] 
275.386: Total time for which application threads were stopped: 0.0613980 seconds, Stopping threads took: 0.0000740 seconds
275.603: Application time: 0.2168740 seconds
275.603: [GC [PSYoungGen: 559385K->53664K(564224K)] 1262979K->801129K(1897984K), 0.0490500 secs] [Times: user=0.39 sys=0.00, real=0.05 secs] 
275.652: Total time for which application threads were stopped: 0.0492990 seconds, Stopping threads took: 0.0001350 seconds
275.836: Application time: 0.1837830 seconds
275.836: [GC [PSYoungGen: 517024K->87191K(550912K)] 1264489K->867939K(1884672K), 0.0593670 secs] [Times: user=0.46 sys=0.00, real=0.06 secs] 
275.895: Total time for which application threads were stopped: 0.0595380 seconds, Stopping threads took: 0.0000830 seconds
276.107: Application time: 0.2118960 seconds
276.107: [GC [PSYoungGen: 550551K->52688K(561664K)] 1331299K->877446K(1895424K), 0.0491280 secs] [Times: user=0.39 sys=0.00, real=0.06 secs] 
276.157: Total time for which application threads were stopped: 0.0493340 seconds, Stopping threads took: 0.0001040 seconds
276.340: Application time: 0.1834790 seconds
276.340: [GC [PSYoungGen: 509904K->84599K(542208K)] 1334662K->942769K(1875968K), 0.0606450 secs] [Times: user=0.47 sys=0.00, real=0.06 secs] 
276.401: Total time for which application threads were stopped: 0.0608460 seconds, Stopping threads took: 0.0001070 seconds
276.609: Application time: 0.2077560 seconds
276.609: [GC [PSYoungGen: 541815K->57152K(561152K)] 1399985K->959591K(1894912K), 0.0509450 secs] [Times: user=0.41 sys=0.00, real=0.05 secs] 
276.660: Total time for which application threads were stopped: 0.0511230 seconds, Stopping threads took: 0.0000760 seconds
276.843: Application time: 0.1826590 seconds
276.843: [GC [PSYoungGen: 511808K->81585K(560640K)] 1414247K->1019109K(1894400K), 0.0588050 secs] [Times: user=0.47 sys=0.00, real=0.06 secs] 
276.902: Total time for which application threads were stopped: 0.0590160 seconds, Stopping threads took: 0.0001200 seconds
277.103: Application time: 0.2018980 seconds
277.104: [GC [PSYoungGen: 536241K->62560K(558592K)] 1473765K->1044206K(1892352K), 0.0556670 secs] [Times: user=0.42 sys=0.00, real=0.06 secs] 
277.160: Total time for which application threads were stopped: 0.0564150 seconds, Stopping threads took: 0.0006480 seconds
277.344: Application time: 0.1841690 seconds
277.344: [GC [PSYoungGen: 517728K->78890K(559616K)] 1499374K->1098736K(1893376K), 0.0591520 secs] [Times: user=0.47 sys=0.00, real=0.06 secs] 
277.403: Total time for which application threads were stopped: 0.0593800 seconds, Stopping threads took: 0.0001260 seconds
277.606: Application time: 0.2028320 seconds
277.606: [GC [PSYoungGen: 534058K->64224K(558080K)] 1553904K->1129338K(1891840K), 0.0578740 secs] [Times: user=0.46 sys=0.00, real=0.06 secs] 
277.664: Total time for which application threads were stopped: 0.0580740 seconds, Stopping threads took: 0.0001100 seconds
277.857: Application time: 0.1929490 seconds
277.857: [GC [PSYoungGen: 522976K->79938K(560640K)] 1588090K->1186232K(1894400K), 0.0627060 secs] [Times: user=0.48 sys=0.00, real=0.06 secs] 
277.920: Total time for which application threads were stopped: 0.0628910 seconds, Stopping threads took: 0.0000810 seconds
278.120: Application time: 0.2000170 seconds
278.120: [GC [PSYoungGen: 538690K->65792K(561664K)] 1644984K->1220121K(1895424K), 0.0596300 secs] [Times: user=0.47 sys=0.00, real=0.06 secs] 
278.180: Total time for which application threads were stopped: 0.0598010 seconds, Stopping threads took: 0.0000840 seconds
278.373: Application time: 0.1934630 seconds
278.376: [GC [PSYoungGen: 528640K->82384K(563200K)] 1682969K->1278070K(1896960K), 0.0652740 secs] [Times: user=0.51 sys=0.00, real=0.06 secs] 
278.441: Total time for which application threads were stopped: 0.0680020 seconds, Stopping threads took: 0.0026230 seconds
278.647: Application time: 0.2060170 seconds
278.648: [GC [PSYoungGen: 545232K->63392K(565760K)] 1740918K->1309176K(1899520K), 0.0592160 secs] [Times: user=0.46 sys=0.00, real=0.05 secs] 
278.707: Total time for which application threads were stopped: 0.0599260 seconds, Stopping threads took: 0.0006200 seconds
278.892: Application time: 0.1850800 seconds
278.893: [GC [PSYoungGen: 528800K->88306K(553984K)] 1774584K->1375402K(1887744K), 0.0665080 secs] [Times: user=0.53 sys=0.00, real=0.07 secs] 
278.959: [Full GC [PSYoungGen: 88306K->0K(553984K)] [ParOldGen: 1287095K->146119K(1333760K)] 1375402K->146119K(1887744K) [PSPermGen: 9168K->9168K(21504K)], 0.1733870 secs] [Times: user=1.27 sys=0.00, real=0.17 secs] 
279.133: Total time for which application threads were stopped: 0.2401340 seconds, Stopping threads took: 0.0000790 seconds
279.338: Application time: 0.2055080 seconds
279.338: [GC [PSYoungGen: 465408K->77472K(565248K)] 611527K->223591K(1899008K), 0.0479540 secs] [Times: user=0.38 sys=0.00, real=0.04 secs] 
279.386: Total time for which application threads were stopped: 0.0481490 seconds, Stopping threads took: 0.0001000 seconds
279.573: Application time: 0.1865100 seconds
279.573: [GC [PSYoungGen: 539296K->89648K(551936K)] 685415K->292510K(1885696K), 0.0756990 secs] [Times: user=0.60 sys=0.00, real=0.08 secs] 
279.649: Total time for which application threads were stopped: 0.0758900 seconds, Stopping threads took: 0.0000900 seconds
279.855: Application time: 0.2059800 seconds
279.856: [GC [PSYoungGen: 551472K->64048K(563200K)] 754334K->320414K(1896960K), 0.0585480 secs] [Times: user=0.47 sys=0.00, real=0.05 secs] 
279.915: Total time for which application threads were stopped: 0.0600440 seconds, Stopping threads took: 0.0014080 seconds
280.099: Application time: 0.1837900 seconds
280.099: [GC [PSYoungGen: 522288K->91184K(549888K)] 778654K->394039K(1883648K), 0.0703650 secs] [Times: user=0.56 sys=0.00, real=0.07 secs] 
280.169: Total time for which application threads were stopped: 0.0705790 seconds, Stopping threads took: 0.0000970 seconds
280.377: Application time: 0.2075330 seconds
280.377: [GC [PSYoungGen: 549424K->63216K(560640K)] 852279K->420082K(1894400K), 0.0600260 secs] [Times: user=0.47 sys=0.00, real=0.06 secs] 
280.437: Total time for which application threads were stopped: 0.0602160 seconds, Stopping threads took: 0.0000990 seconds
280.618: Application time: 0.1810410 seconds
280.618: [GC [PSYoungGen: 516336K->86380K(559616K)] 873202K->490372K(1893376K), 0.0667490 secs] [Times: user=0.53 sys=0.00, real=0.06 secs] 
280.686: Total time for which application threads were stopped: 0.0685410 seconds, Stopping threads took: 0.0001210 seconds
280.891: Application time: 0.2045880 seconds
280.891: [GC [PSYoungGen: 539500K->66155K(558592K)] 943492K->522145K(1892352K), 0.0605420 secs] [Times: user=0.48 sys=0.00, real=0.06 secs] 
280.952: Total time for which application threads were stopped: 0.0607370 seconds, Stopping threads took: 0.0001050 seconds
281.139: Application time: 0.1867410 seconds
281.140: [GC [PSYoungGen: 519275K->80166K(559104K)] 975265K->584932K(1892864K), 0.0671680 secs] [Times: user=0.53 sys=0.00, real=0.06 secs] 
281.207: Total time for which application threads were stopped: 0.0689030 seconds, Stopping threads took: 0.0016330 seconds
281.409: Application time: 0.2018640 seconds
281.409: [GC [PSYoungGen: 533286K->69197K(557568K)] 1038052K->622639K(1891328K), 0.0606630 secs] [Times: user=0.48 sys=0.00, real=0.06 secs] 
281.470: Total time for which application threads were stopped: 0.0608350 seconds, Stopping threads took: 0.0000850 seconds
281.657: Application time: 0.1873350 seconds
281.658: [GC [PSYoungGen: 525389K->75777K(559104K)] 1078831K->677361K(1892864K), 0.0612190 secs] [Times: user=0.49 sys=0.00, real=0.06 secs] 
281.719: Total time for which application threads were stopped: 0.0614540 seconds, Stopping threads took: 0.0001350 seconds
281.916: Application time: 0.1973590 seconds
281.916: [GC [PSYoungGen: 531969K->71258K(560640K)] 1133553K->718625K(1894400K), 0.0599480 secs] [Times: user=0.47 sys=0.00, real=0.06 secs] 
281.976: Total time for which application threads were stopped: 0.0601260 seconds, Stopping threads took: 0.0000910 seconds
282.173: Application time: 0.1968890 seconds
282.173: [GC [PSYoungGen: 534618K->74972K(562176K)] 1181985K->769350K(1895936K), 0.0635110 secs] [Times: user=0.51 sys=0.00, real=0.07 secs] 
282.237: Total time for which application threads were stopped: 0.0637310 seconds, Stopping threads took: 0.0001120 seconds
282.440: Application time: 0.2029400 seconds
282.440: [GC [PSYoungGen: 538332K->71040K(566272K)] 1232710K->807742K(1900032K), 0.0581390 secs] [Times: user=0.45 sys=0.00, real=0.06 secs] 
282.498: Total time for which application threads were stopped: 0.0582950 seconds, Stopping threads took: 0.0000580 seconds
282.693: Application time: 0.1951750 seconds
282.694: [GC [PSYoungGen: 543104K->75067K(566784K)] 1279806K->857734K(1900544K), 0.0605600 secs] [Times: user=0.48 sys=0.00, real=0.06 secs] 
282.754: Total time for which application threads were stopped: 0.0607680 seconds, Stopping threads took: 0.0001070 seconds
282.959: Application time: 0.2045910 seconds
282.959: [GC [PSYoungGen: 547131K->68832K(571392K)] 1329798K->892040K(1905152K), 0.0561880 secs] [Times: user=0.44 sys=0.00, real=0.05 secs] 
283.015: Total time for which application threads were stopped: 0.0563780 seconds, Stopping threads took: 0.0000990 seconds
283.209: Application time: 0.1940390 seconds
283.212: [GC [PSYoungGen: 548064K->80544K(571392K)] 1371272K->949401K(1905152K), 0.0639800 secs] [Times: user=0.51 sys=0.00, real=0.07 secs] 
283.276: Total time for which application threads were stopped: 0.0669520 seconds, Stopping threads took: 0.0028700 seconds
283.492: Application time: 0.2153180 seconds
283.492: [GC [PSYoungGen: 559776K->64784K(574464K)] 1428633K->974441K(1908224K), 0.0551820 secs] [Times: user=0.42 sys=0.00, real=0.05 secs] 
283.547: Total time for which application threads were stopped: 0.0553510 seconds, Stopping threads took: 0.0000780 seconds
283.737: Application time: 0.1900810 seconds
283.740: [GC [PSYoungGen: 546064K->87157K(568832K)] 1455721K->1042530K(1902592K), 0.0660630 secs] [Times: user=0.52 sys=0.00, real=0.06 secs] 
283.806: Total time for which application threads were stopped: 0.0693510 seconds, Stopping threads took: 0.0031840 seconds
284.025: Application time: 0.2184340 seconds
284.028: [GC [PSYoungGen: 568437K->61554K(570368K)] 1523810K->1059442K(1904128K), 0.0541820 secs] [Times: user=0.43 sys=0.00, real=0.05 secs] 
284.082: Total time for which application threads were stopped: 0.0576980 seconds, Stopping threads took: 0.0034260 seconds
284.266: Application time: 0.1838440 seconds
284.266: [GC [PSYoungGen: 536178K->92146K(566784K)] 1534066K->1132336K(1900544K), 0.0680700 secs] [Times: user=0.54 sys=0.00, real=0.07 secs] 
284.335: Total time for which application threads were stopped: 0.0682880 seconds, Stopping threads took: 0.0001100 seconds
284.554: Application time: 0.2194770 seconds
284.554: [GC [PSYoungGen: 566770K->57745K(564736K)] 1606960K->1143316K(1898496K), 0.0525620 secs] [Times: user=0.42 sys=0.00, real=0.05 secs] 
284.607: Total time for which application threads were stopped: 0.0527490 seconds, Stopping threads took: 0.0000990 seconds
284.786: Application time: 0.1794490 seconds
284.786: [GC [PSYoungGen: 522129K->93488K(558080K)] 1607700K->1220975K(1891840K), 0.0697810 secs] [Times: user=0.54 sys=0.00, real=0.08 secs] 
284.856: Total time for which application threads were stopped: 0.0699930 seconds, Stopping threads took: 0.0001040 seconds
285.070: Application time: 0.2137600 seconds
285.070: [GC [PSYoungGen: 557872K->54799K(560128K)] 1685359K->1229769K(1893888K), 0.0528230 secs] [Times: user=0.42 sys=0.00, real=0.05 secs] 
285.123: Total time for which application threads were stopped: 0.0530460 seconds, Stopping threads took: 0.0001320 seconds
285.294: Application time: 0.1707440 seconds
285.294: [GC [PSYoungGen: 508943K->90590K(544768K)] 1683913K->1305428K(1878528K), 0.0669830 secs] [Times: user=0.53 sys=0.00, real=0.07 secs] 
285.361: Total time for which application threads were stopped: 0.0671750 seconds, Stopping threads took: 0.0000850 seconds
285.573: Application time: 0.2117860 seconds
285.573: [GC [PSYoungGen: 544734K->54896K(557568K)] 1759572K->1317391K(1891328K), 0.0555270 secs] [Times: user=0.42 sys=0.00, real=0.06 secs] 
285.628: Total time for which application threads were stopped: 0.0556990 seconds, Stopping threads took: 0.0000810 seconds
285.802: Application time: 0.1731820 seconds
285.802: [GC [PSYoungGen: 502896K->86299K(534528K)] 1765391K->1388913K(1868288K), 0.0657000 secs] [Times: user=0.51 sys=0.00, real=0.06 secs] 
285.868: [Full GC [PSYoungGen: 86299K->0K(534528K)] [ParOldGen: 1302613K->137484K(1333760K)] 1388913K->137484K(1868288K) [PSPermGen: 9168K->9168K(21504K)], 0.1561580 secs] [Times: user=1.13 sys=0.00, real=0.16 secs] 
286.024: Total time for which application threads were stopped: 0.2221310 seconds, Stopping threads took: 0.0001050 seconds
286.227: Application time: 0.2028930 seconds
286.227: [GC [PSYoungGen: 448000K->76157K(559616K)] 585484K->213641K(1893376K), 0.0468670 secs] [Times: user=0.37 sys=0.00, real=0.05 secs] 
286.274: Total time for which application threads were stopped: 0.0470320 seconds, Stopping threads took: 0.0000740 seconds
286.458: Application time: 0.1838560 seconds
286.460: [GC [PSYoungGen: 525181K->82253K(556544K)] 662665K->279832K(1890304K), 0.0802860 secs] [Times: user=0.58 sys=0.01, real=0.08 secs] 
286.541: Total time for which application threads were stopped: 0.0829870 seconds, Stopping threads took: 0.0025950 seconds
286.739: Application time: 0.1988960 seconds
286.740: [GC [PSYoungGen: 531277K->67648K(557568K)] 728856K->314704K(1891328K), 0.0595030 secs] [Times: user=0.47 sys=0.00, real=0.06 secs] 
286.799: Total time for which application threads were stopped: 0.0596920 seconds, Stopping threads took: 0.0000980 seconds
286.992: Application time: 0.1928100 seconds
286.992: [GC [PSYoungGen: 518720K->73072K(556544K)] 765776K->363619K(1890304K), 0.0586330 secs] [Times: user=0.46 sys=0.00, real=0.06 secs] 
287.051: Total time for which application threads were stopped: 0.0588300 seconds, Stopping threads took: 0.0000990 seconds
287.241: Application time: 0.1899890 seconds
287.241: [GC [PSYoungGen: 524144K->73952K(558592K)] 814691K->410220K(1892352K), 0.0599990 secs] [Times: user=0.48 sys=0.00, real=0.06 secs] 
287.301: Total time for which application threads were stopped: 0.0601750 seconds, Stopping threads took: 0.0000870 seconds
287.502: Application time: 0.2007700 seconds
287.502: [GC [PSYoungGen: 532192K->67482K(558080K)] 868460K->442313K(1891840K), 0.0548250 secs] [Times: user=0.42 sys=0.00, real=0.06 secs] 
287.557: Total time for which application threads were stopped: 0.0550150 seconds, Stopping threads took: 0.0000880 seconds
287.750: Application time: 0.1931810 seconds
287.750: [GC [PSYoungGen: 525722K->79264K(566272K)] 900553K->498916K(1900032K), 0.0637430 secs] [Times: user=0.51 sys=0.00, real=0.06 secs] 
287.814: Total time for which application threads were stopped: 0.0639320 seconds, Stopping threads took: 0.0000970 seconds
288.018: Application time: 0.2041470 seconds
288.018: [GC [PSYoungGen: 546720K->68821K(565760K)] 966372K->528882K(1899520K), 0.0536010 secs] [Times: user=0.42 sys=0.00, real=0.05 secs] 
288.072: Total time for which application threads were stopped: 0.0537850 seconds, Stopping threads took: 0.0000830 seconds
288.264: Application time: 0.1922670 seconds
288.264: [GC [PSYoungGen: 536277K->80352K(566784K)] 996338K->585160K(1900544K), 0.0626100 secs] [Times: user=0.50 sys=0.00, real=0.06 secs] 
288.327: Total time for which application threads were stopped: 0.0627810 seconds, Stopping threads took: 0.0000830 seconds
288.530: Application time: 0.2031380 seconds
288.530: [GC [PSYoungGen: 550368K->68101K(566784K)] 1055176K->614359K(1900544K), 0.0544980 secs] [Times: user=0.43 sys=0.00, real=0.05 secs] 
288.585: Total time for which application threads were stopped: 0.0547740 seconds, Stopping threads took: 0.0001720 seconds
288.781: Application time: 0.1961530 seconds
288.781: [GC [PSYoungGen: 538117K->78528K(569856K)] 1084375K->667302K(1903616K), 0.0603160 secs] [Times: user=0.47 sys=0.00, real=0.06 secs] 
288.841: Total time for which application threads were stopped: 0.0605050 seconds, Stopping threads took: 0.0001000 seconds
289.050: Application time: 0.2082910 seconds
289.050: [GC [PSYoungGen: 552640K->65175K(569344K)] 1141414K->693624K(1903104K), 0.0520810 secs] [Times: user=0.41 sys=0.00, real=0.05 secs] 
289.102: Total time for which application threads were stopped: 0.0522570 seconds, Stopping threads took: 0.0000760 seconds
289.298: Application time: 0.1964200 seconds
289.299: [GC [PSYoungGen: 539287K->77232K(571392K)] 1167736K->747651K(1905152K), 0.0591110 secs] [Times: user=0.47 sys=0.00, real=0.06 secs] 
289.358: Total time for which application threads were stopped: 0.0593040 seconds, Stopping threads took: 0.0001010 seconds
289.567: Application time: 0.2095500 seconds
289.567: [GC [PSYoungGen: 553904K->66283K(570880K)] 1224323K->774093K(1904640K), 0.0524920 secs] [Times: user=0.42 sys=0.00, real=0.06 secs] 
289.620: Total time for which application threads were stopped: 0.0526650 seconds, Stopping threads took: 0.0000740 seconds
289.822: Application time: 0.2018420 seconds
289.822: [GC [PSYoungGen: 542955K->74192K(571392K)] 1250765K->823444K(1905152K), 0.0590320 secs] [Times: user=0.45 sys=0.00, real=0.06 secs] 
289.881: Total time for which application threads were stopped: 0.0592040 seconds, Stopping threads took: 0.0000870 seconds
290.087: Application time: 0.2062350 seconds
290.087: [GC [PSYoungGen: 553936K->69092K(571392K)] 1303188K->855040K(1905152K), 0.0536840 secs] [Times: user=0.41 sys=0.00, real=0.06 secs] 
290.141: Total time for which application threads were stopped: 0.0538750 seconds, Stopping threads took: 0.0000870 seconds
290.346: Application time: 0.2048700 seconds
290.346: [GC [PSYoungGen: 548836K->70432K(573440K)] 1334784K->895365K(1907200K), 0.0557940 secs] [Times: user=0.44 sys=0.00, real=0.06 secs] 
290.402: Total time for which application threads were stopped: 0.0560190 seconds, Stopping threads took: 0.0001260 seconds
290.612: Application time: 0.2099710 seconds
290.612: [GC [PSYoungGen: 555296K->71077K(573952K)] 1380229K->926097K(1907712K), 0.0511660 secs] [Times: user=0.40 sys=0.00, real=0.05 secs] 
290.663: Total time for which application threads were stopped: 0.0513720 seconds, Stopping threads took: 0.0001010 seconds
290.877: Application time: 0.2139550 seconds
290.877: [GC [PSYoungGen: 555941K->63168K(577536K)] 1410961K->953401K(1911296K), 0.0502650 secs] [Times: user=0.40 sys=0.00, real=0.04 secs] 
290.928: Total time for which application threads were stopped: 0.0504310 seconds, Stopping threads took: 0.0000700 seconds
291.125: Application time: 0.1974380 seconds
291.125: [GC [PSYoungGen: 552608K->80176K(577536K)] 1442841K->1002247K(1911296K), 0.0548760 secs] [Times: user=0.44 sys=0.00, real=0.06 secs] 
291.180: Total time for which application threads were stopped: 0.0550730 seconds, Stopping threads took: 0.0000950 seconds
291.405: Application time: 0.2249220 seconds
291.405: [GC [PSYoungGen: 569648K->55346K(575488K)] 1491719K->1006402K(1909248K), 0.0435670 secs] [Times: user=0.34 sys=0.00, real=0.05 secs] 
291.449: Total time for which application threads were stopped: 0.0437400 seconds, Stopping threads took: 0.0000850 seconds
291.644: Application time: 0.1951830 seconds
291.644: [GC [PSYoungGen: 541234K->87852K(573952K)] 1492290K->1068465K(1907712K), 0.0587220 secs] [Times: user=0.46 sys=0.00, real=0.06 secs] 
291.703: Total time for which application threads were stopped: 0.0589010 seconds, Stopping threads took: 0.0000750 seconds
291.918: Application time: 0.2154890 seconds
291.919: [GC [PSYoungGen: 573740K->58322K(569856K)] 1554353K->1080834K(1903616K), 0.0499950 secs] [Times: user=0.39 sys=0.00, real=0.05 secs] 
291.969: Total time for which application threads were stopped: 0.0501840 seconds, Stopping threads took: 0.0001000 seconds
292.165: Application time: 0.1964450 seconds
292.165: [GC [PSYoungGen: 534929K->85666K(562688K)] 1557440K->1139468K(1896448K), 0.0596330 secs] [Times: user=0.45 sys=0.00, real=0.06 secs] 
292.225: Total time for which application threads were stopped: 0.0598630 seconds, Stopping threads took: 0.0001270 seconds
292.435: Application time: 0.2103950 seconds
292.436: [GC [PSYoungGen: 562305K->58225K(568832K)] 1616108K->1159784K(1902592K), 0.0527470 secs] [Times: user=0.42 sys=0.00, real=0.06 secs] 
292.488: Total time for which application threads were stopped: 0.0529240 seconds, Stopping threads took: 0.0000830 seconds
292.683: Application time: 0.1950270 seconds
292.683: [GC [PSYoungGen: 528753K->81345K(551936K)] 1630312K->1204640K(1885696K), 0.0519480 secs] [Times: user=0.41 sys=0.00, real=0.05 secs] 
292.735: Total time for which application threads were stopped: 0.0521300 seconds, Stopping threads took: 0.0000800 seconds
292.940: Application time: 0.2047920 seconds
292.940: [GC [PSYoungGen: 551873K->58034K(568320K)] 1675168K->1227959K(1902080K), 0.0528990 secs] [Times: user=0.42 sys=0.00, real=0.05 secs] 
292.993: Total time for which application threads were stopped: 0.0530810 seconds, Stopping threads took: 0.0000930 seconds
293.190: Application time: 0.1967910 seconds
293.190: [GC [PSYoungGen: 527026K->81718K(550912K)] 1696951K->1283822K(1884672K), 0.0583850 secs] [Times: user=0.47 sys=0.00, real=0.06 secs] 
293.249: Total time for which application threads were stopped: 0.0585850 seconds, Stopping threads took: 0.0001010 seconds
293.455: Application time: 0.2063530 seconds
293.455: [GC [PSYoungGen: 550710K->58880K(567296K)] 1752814K->1309454K(1901056K), 0.0557560 secs] [Times: user=0.43 sys=0.00, real=0.06 secs] 
293.511: Total time for which application threads were stopped: 0.0559390 seconds, Stopping threads took: 0.0000920 seconds
293.703: Application time: 0.1917900 seconds
293.703: [GC [PSYoungGen: 525824K->81245K(548352K)] 1776398K->1364788K(1882112K), 0.0581110 secs] [Times: user=0.46 sys=0.00, real=0.06 secs] 
293.761: [Full GC [PSYoungGen: 81245K->0K(548352K)] [ParOldGen: 1283543K->132211K(1333760K)] 1364788K->132211K(1882112K) [PSPermGen: 9168K->9168K(21504K)], 0.1540190 secs] [Times: user=1.12 sys=0.00, real=0.15 secs] 
293.915: Total time for which application threads were stopped: 0.2123920 seconds, Stopping threads took: 0.0000880 seconds
294.121: Application time: 0.2061020 seconds
294.121: [GC [PSYoungGen: 466944K->71675K(569344K)] 599155K->203887K(1903104K), 0.0429350 secs] [Times: user=0.33 sys=0.00, real=0.04 secs] 
294.164: Total time for which application threads were stopped: 0.0431170 seconds, Stopping threads took: 0.0000900 seconds
294.354: Application time: 0.1896090 seconds
294.354: [GC [PSYoungGen: 540155K->83743K(566272K)] 672367K->265474K(1900032K), 0.0677730 secs] [Times: user=0.53 sys=0.00, real=0.07 secs] 
294.422: Total time for which application threads were stopped: 0.0679610 seconds, Stopping threads took: 0.0000870 seconds
294.630: Application time: 0.2075950 seconds
294.630: [GC [PSYoungGen: 552223K->59521K(567808K)] 733954K->289506K(1901568K), 0.0525930 secs] [Times: user=0.42 sys=0.00, real=0.05 secs] 
294.682: Total time for which application threads were stopped: 0.0527590 seconds, Stopping threads took: 0.0000770 seconds
294.873: Application time: 0.1909710 seconds
294.874: [GC [PSYoungGen: 527489K->84013K(552448K)] 757474K->350250K(1886208K), 0.0595620 secs] [Times: user=0.48 sys=0.00, real=0.06 secs] 
294.933: Total time for which application threads were stopped: 0.0597690 seconds, Stopping threads took: 0.0000990 seconds
295.144: Application time: 0.2107450 seconds
295.144: [GC [PSYoungGen: 551981K->58347K(566272K)] 818218K->374929K(1900032K), 0.0545080 secs] [Times: user=0.43 sys=0.00, real=0.06 secs] 
295.199: Total time for which application threads were stopped: 0.0546830 seconds, Stopping threads took: 0.0000860 seconds
295.386: Application time: 0.1870840 seconds
295.386: [GC [PSYoungGen: 523243K->90960K(556032K)] 839825K->442614K(1889792K), 0.0633220 secs] [Times: user=0.50 sys=0.00, real=0.07 secs] 
295.449: Total time for which application threads were stopped: 0.0635280 seconds, Stopping threads took: 0.0001020 seconds
295.663: Application time: 0.2138900 seconds
295.663: [GC [PSYoungGen: 555856K->54752K(562176K)] 907510K->457629K(1895936K), 0.0527620 secs] [Times: user=0.42 sys=0.00, real=0.05 secs] 
295.716: Total time for which application threads were stopped: 0.0529500 seconds, Stopping threads took: 0.0000990 seconds
295.896: Application time: 0.1794960 seconds
295.896: [GC [PSYoungGen: 511968K->94229K(551936K)] 914845K->532017K(1885696K), 0.0629300 secs] [Times: user=0.50 sys=0.00, real=0.07 secs] 
295.959: Total time for which application threads were stopped: 0.0631260 seconds, Stopping threads took: 0.0000960 seconds
296.171: Application time: 0.2118710 seconds
296.171: [GC [PSYoungGen: 551445K->51744K(556032K)] 989233K->541969K(1889792K), 0.0541280 secs] [Times: user=0.43 sys=0.00, real=0.05 secs] 
296.225: Total time for which application threads were stopped: 0.0543390 seconds, Stopping threads took: 0.0001200 seconds
296.400: Application time: 0.1751290 seconds
296.400: [GC [PSYoungGen: 497692K->94219K(540672K)] 987917K->617951K(1874432K), 0.0642940 secs] [Times: user=0.51 sys=0.00, real=0.06 secs] 
296.464: Total time for which application threads were stopped: 0.0644850 seconds, Stopping threads took: 0.0000910 seconds
296.668: Application time: 0.2032020 seconds
296.668: [GC [PSYoungGen: 540171K->52560K(552960K)] 1063903K->631706K(1886720K), 0.0543290 secs] [Times: user=0.43 sys=0.00, real=0.06 secs] 
296.722: Total time for which application threads were stopped: 0.0545130 seconds, Stopping threads took: 0.0000920 seconds
296.893: Application time: 0.1703530 seconds
296.893: [GC [PSYoungGen: 490832K->88352K(526848K)] 1069978K->702022K(1860608K), 0.0624760 secs] [Times: user=0.49 sys=0.00, real=0.06 secs] 
296.955: Total time for which application threads were stopped: 0.0626520 seconds, Stopping threads took: 0.0000830 seconds
297.155: Application time: 0.1999640 seconds
297.155: [GC [PSYoungGen: 526624K->58053K(552448K)] 1140294K->725290K(1886208K), 0.0569980 secs] [Times: user=0.45 sys=0.00, real=0.06 secs] 
297.212: Total time for which application threads were stopped: 0.0572050 seconds, Stopping threads took: 0.0001040 seconds
297.385: Application time: 0.1723030 seconds
297.388: [GC [PSYoungGen: 494277K->82585K(519168K)] 1161514K->793040K(1852928K), 0.0626740 secs] [Times: user=0.50 sys=0.00, real=0.06 secs] 
297.451: Total time for which application threads were stopped: 0.0661680 seconds, Stopping threads took: 0.0034090 seconds
297.648: Application time: 0.1972600 seconds
297.648: [GC [PSYoungGen: 518809K->61888K(552448K)] 1229264K->821163K(1886208K), 0.0565000 secs] [Times: user=0.45 sys=0.00, real=0.05 secs] 
297.705: Total time for which application threads were stopped: 0.0567000 seconds, Stopping threads took: 0.0001120 seconds
297.888: Application time: 0.1831700 seconds
297.892: [GC [PSYoungGen: 500160K->75522K(550400K)] 1259435K->878367K(1884160K), 0.0603140 secs] [Times: user=0.47 sys=0.00, real=0.06 secs] 
297.953: Total time for which application threads were stopped: 0.0645320 seconds, Stopping threads took: 0.0041180 seconds
298.141: Application time: 0.1879750 seconds
298.141: [GC [PSYoungGen: 513794K->69952K(551424K)] 1316639K->921154K(1885184K), 0.0611170 secs] [Times: user=0.48 sys=0.00, real=0.06 secs] 
298.202: Total time for which application threads were stopped: 0.0612870 seconds, Stopping threads took: 0.0000820 seconds
298.394: Application time: 0.1921880 seconds
298.396: [GC [PSYoungGen: 514368K->65907K(550400K)] 1365570K->958616K(1884160K), 0.0549260 secs] [Times: user=0.43 sys=0.00, real=0.05 secs] 
298.451: Total time for which application threads were stopped: 0.0571700 seconds, Stopping threads took: 0.0021410 seconds
298.639: Application time: 0.1881720 seconds
298.639: [GC [PSYoungGen: 510323K->78416K(558592K)] 1403032K->1016656K(1892352K), 0.0652670 secs] [Times: user=0.52 sys=0.00, real=0.06 secs] 
298.705: Total time for which application threads were stopped: 0.0654400 seconds, Stopping threads took: 0.0000850 seconds
298.904: Application time: 0.1990100 seconds
298.904: [GC [PSYoungGen: 533072K->61131K(558080K)] 1471312K->1041832K(1891840K), 0.0529840 secs] [Times: user=0.41 sys=0.00, real=0.06 secs] 
298.957: Total time for which application threads were stopped: 0.0531640 seconds, Stopping threads took: 0.0000740 seconds
299.144: Application time: 0.1873190 seconds
299.144: [GC [PSYoungGen: 515787K->81851K(560640K)] 1496488K->1104656K(1894400K), 0.0626440 secs] [Times: user=0.50 sys=0.00, real=0.06 secs] 
299.207: Total time for which application threads were stopped: 0.0627950 seconds, Stopping threads took: 0.0000640 seconds
299.404: Application time: 0.1970800 seconds
299.404: [GC [PSYoungGen: 540603K->66459K(561664K)] 1563408K->1134256K(1895424K), 0.0562140 secs] [Times: user=0.44 sys=0.00, real=0.06 secs] 
299.461: Total time for which application threads were stopped: 0.0564090 seconds, Stopping threads took: 0.0000930 seconds
299.656: Application time: 0.1950140 seconds
299.656: [GC [PSYoungGen: 525211K->77001K(563200K)] 1593008K->1187047K(1896960K), 0.0604290 secs] [Times: user=0.48 sys=0.00, real=0.07 secs] 
299.716: Total time for which application threads were stopped: 0.0606020 seconds, Stopping threads took: 0.0000830 seconds
299.912: Application time: 0.1961870 seconds
299.913: [GC [PSYoungGen: 540361K->70532K(563200K)] 1650407K->1224423K(1896960K), 0.0580880 secs] [Times: user=0.45 sys=0.00, real=0.06 secs] 
299.971: Total time for which application threads were stopped: 0.0583600 seconds, Stopping threads took: 0.0001640 seconds
300.172: Application time: 0.2009770 seconds
300.172: [GC [PSYoungGen: 533892K->72976K(565248K)] 1687783K->1268603K(1899008K), 0.0600010 secs] [Times: user=0.47 sys=0.00, real=0.06 secs] 
300.232: Total time for which application threads were stopped: 0.0601670 seconds, Stopping threads took: 0.0000770 seconds
300.425: Application time: 0.1932090 seconds
300.425: [GC [PSYoungGen: 542480K->74520K(564736K)] 1738107K->1314605K(1898496K), 0.0613910 secs] [Times: user=0.46 sys=0.00, real=0.06 secs] 
300.487: Total time for which application threads were stopped: 0.0615760 seconds, Stopping threads took: 0.0000840 seconds
300.697: Application time: 0.2103660 seconds
300.700: [GC [PSYoungGen: 544024K->72272K(569856K)] 1784109K->1355445K(1903616K), 0.0600440 secs] [Times: user=0.48 sys=0.00, real=0.06 secs] 
300.760: [Full GC [PSYoungGen: 72272K->0K(569856K)] [ParOldGen: 1283173K->140612K(1333760K)] 1355445K->140612K(1903616K) [PSPermGen: 9168K->9168K(21504K)], 0.1756750 secs] [Times: user=1.28 sys=0.00, real=0.17 secs] 
300.936: Total time for which application threads were stopped: 0.2389890 seconds, Stopping threads took: 0.0031160 seconds
301.132: Application time: 0.1959130 seconds
301.132: [GC [PSYoungGen: 478208K->86233K(569856K)] 618820K->226845K(1903616K), 0.0472750 secs] [Times: user=0.37 sys=0.00, real=0.05 secs] 
301.179: Total time for which application threads were stopped: 0.0474900 seconds, Stopping threads took: 0.0001020 seconds
301.396: Application time: 0.2162320 seconds
301.396: [GC [PSYoungGen: 564441K->69168K(573440K)] 705053K->259782K(1907200K), 0.0623400 secs] [Times: user=0.49 sys=0.00, real=0.07 secs] 
301.458: Total time for which application threads were stopped: 0.0625160 seconds, Stopping threads took: 0.0000820 seconds
301.652: Application time: 0.1938130 seconds
301.652: [GC [PSYoungGen: 547279K->87754K(566272K)] 737893K->324094K(1900032K), 0.0658020 secs] [Times: user=0.52 sys=0.00, real=0.07 secs] 
301.718: Total time for which application threads were stopped: 0.0660030 seconds, Stopping threads took: 0.0000980 seconds
301.936: Application time: 0.2181080 seconds
301.936: [GC [PSYoungGen: 565962K->61504K(569856K)] 802302K->343599K(1903616K), 0.0548490 secs] [Times: user=0.43 sys=0.00, real=0.05 secs] 
301.991: Total time for which application threads were stopped: 0.0550120 seconds, Stopping threads took: 0.0000670 seconds
302.177: Application time: 0.1859150 seconds
302.177: [GC [PSYoungGen: 534080K->91305K(564224K)] 816175K->415732K(1897984K), 0.0654090 secs] [Times: user=0.51 sys=0.00, real=0.06 secs] 
302.243: Total time for which application threads were stopped: 0.0656130 seconds, Stopping threads took: 0.0000980 seconds
302.458: Application time: 0.2149430 seconds
302.458: [GC [PSYoungGen: 563881K->58368K(564736K)] 888308K->430403K(1898496K), 0.0531750 secs] [Times: user=0.42 sys=0.00, real=0.05 secs] 
302.511: Total time for which application threads were stopped: 0.0533890 seconds, Stopping threads took: 0.0001220 seconds
302.690: Application time: 0.1793580 seconds
302.691: [GC [PSYoungGen: 521728K->92347K(556032K)] 893762K->505828K(1889792K), 0.0641460 secs] [Times: user=0.51 sys=0.00, real=0.06 secs] 
302.755: Total time for which application threads were stopped: 0.0643280 seconds, Stopping threads took: 0.0000820 seconds
302.967: Application time: 0.2118820 seconds
302.967: [GC [PSYoungGen: 555707K->57344K(561152K)] 969188K->519830K(1894912K), 0.0546030 secs] [Times: user=0.42 sys=0.00, real=0.06 secs] 
303.021: Total time for which application threads were stopped: 0.0547830 seconds, Stopping threads took: 0.0000910 seconds
303.200: Application time: 0.1784610 seconds
303.200: [GC [PSYoungGen: 512512K->92085K(547328K)] 974998K->596331K(1881088K), 0.0665060 secs] [Times: user=0.53 sys=0.00, real=0.06 secs] 
303.267: Total time for which application threads were stopped: 0.0667130 seconds, Stopping threads took: 0.0001010 seconds
303.476: Application time: 0.2096510 seconds
303.477: [GC [PSYoungGen: 547253K->59008K(558080K)] 1051499K->615064K(1891840K), 0.0594610 secs] [Times: user=0.46 sys=0.00, real=0.06 secs] 
303.537: Total time for which application threads were stopped: 0.0604030 seconds, Stopping threads took: 0.0008510 seconds
303.715: Application time: 0.1780880 seconds
303.715: [GC [PSYoungGen: 507520K->88124K(537088K)] 1063576K->683915K(1870848K), 0.0627670 secs] [Times: user=0.50 sys=0.00, real=0.07 secs] 
303.778: Total time for which application threads were stopped: 0.0629850 seconds, Stopping threads took: 0.0001040 seconds
303.977: Application time: 0.1994350 seconds
303.977: [GC [PSYoungGen: 536636K->58480K(557056K)] 1132427K->706892K(1890816K), 0.0558470 secs] [Times: user=0.44 sys=0.00, real=0.05 secs] 
304.033: Total time for which application threads were stopped: 0.0560520 seconds, Stopping threads took: 0.0001140 seconds
304.214: Application time: 0.1803700 seconds
304.216: [GC [PSYoungGen: 504944K->88951K(535552K)] 1153356K->774809K(1869312K), 0.0643640 secs] [Times: user=0.52 sys=0.00, real=0.06 secs] 
304.281: Total time for which application threads were stopped: 0.0670500 seconds, Stopping threads took: 0.0025810 seconds
304.484: Application time: 0.2029390 seconds
304.484: [GC [PSYoungGen: 535415K->56592K(555520K)] 1221273K->799245K(1889280K), 0.0594270 secs] [Times: user=0.47 sys=0.00, real=0.06 secs] 
304.543: Total time for which application threads were stopped: 0.0596230 seconds, Stopping threads took: 0.0001030 seconds
304.725: Application time: 0.1818830 seconds
304.725: [GC [PSYoungGen: 499984K->85515K(555008K)] 1242637K->866010K(1888768K), 0.0620300 secs] [Times: user=0.49 sys=0.00, real=0.06 secs] 
304.787: Total time for which application threads were stopped: 0.0622300 seconds, Stopping threads took: 0.0000920 seconds
304.986: Application time: 0.1986790 seconds
304.986: [GC [PSYoungGen: 528907K->57575K(555008K)] 1309402K->893703K(1888768K), 0.0592040 secs] [Times: user=0.47 sys=0.00, real=0.06 secs] 
305.045: Total time for which application threads were stopped: 0.0593820 seconds, Stopping threads took: 0.0000890 seconds
305.227: Application time: 0.1819560 seconds
305.227: [GC [PSYoungGen: 500967K->83811K(555008K)] 1337095K->956789K(1888768K), 0.0618050 secs] [Times: user=0.49 sys=0.00, real=0.07 secs] 
305.289: Total time for which application threads were stopped: 0.0620030 seconds, Stopping threads took: 0.0000980 seconds
305.491: Application time: 0.2021300 seconds
305.492: [GC [PSYoungGen: 527203K->53630K(555520K)] 1400181K->976241K(1889280K), 0.0541100 secs] [Times: user=0.43 sys=0.00, real=0.05 secs] 
305.546: Total time for which application threads were stopped: 0.0548890 seconds, Stopping threads took: 0.0006890 seconds
305.724: Application time: 0.1772370 seconds
305.724: [GC [PSYoungGen: 497534K->86138K(530432K)] 1420145K->1041677K(1864192K), 0.0617110 secs] [Times: user=0.49 sys=0.00, real=0.06 secs] 
305.786: Total time for which application threads were stopped: 0.0619160 seconds, Stopping threads took: 0.0001120 seconds
305.986: Application time: 0.2003220 seconds
305.986: [GC [PSYoungGen: 530042K->55536K(555520K)] 1485581K->1058312K(1889280K), 0.0515640 secs] [Times: user=0.41 sys=0.00, real=0.06 secs] 
306.038: Total time for which application threads were stopped: 0.0517550 seconds, Stopping threads took: 0.0000900 seconds
306.212: Application time: 0.1739810 seconds
306.212: [GC [PSYoungGen: 498416K->81488K(554496K)] 1501192K->1119196K(1888256K), 0.0592910 secs] [Times: user=0.47 sys=0.00, real=0.06 secs] 
306.271: Total time for which application threads were stopped: 0.0594970 seconds, Stopping threads took: 0.0001160 seconds
306.468: Application time: 0.1972770 seconds
306.468: [GC [PSYoungGen: 524368K->64736K(551424K)] 1562076K->1150679K(1885184K), 0.0603100 secs] [Times: user=0.46 sys=0.00, real=0.06 secs] 
306.529: Total time for which application threads were stopped: 0.0604670 seconds, Stopping threads took: 0.0000670 seconds
306.712: Application time: 0.1834320 seconds
306.712: [GC [PSYoungGen: 508635K->78384K(552960K)] 1594578K->1207949K(1886720K), 0.0632960 secs] [Times: user=0.50 sys=0.00, real=0.06 secs] 
306.776: Total time for which application threads were stopped: 0.0635130 seconds, Stopping threads took: 0.0001170 seconds
306.967: Application time: 0.1908750 seconds
306.967: [GC [PSYoungGen: 522288K->72224K(551936K)] 1651853K->1251292K(1885696K), 0.0622390 secs] [Times: user=0.49 sys=0.00, real=0.07 secs] 
307.029: Total time for which application threads were stopped: 0.0624100 seconds, Stopping threads took: 0.0000740 seconds
307.219: Application time: 0.1895240 seconds
307.219: [GC [PSYoungGen: 522784K->74273K(555008K)] 1701852K->1299736K(1888768K), 0.0619220 secs] [Times: user=0.49 sys=0.00, real=0.06 secs] 
307.281: Total time for which application threads were stopped: 0.0621070 seconds, Stopping threads took: 0.0000850 seconds
307.468: Application time: 0.1872200 seconds
307.468: [GC [PSYoungGen: 524833K->78864K(561152K)] 1750296K->1352560K(1894912K), 0.0678030 secs] [Times: user=0.53 sys=0.00, real=0.07 secs] 
307.536: Total time for which application threads were stopped: 0.0679830 seconds, Stopping threads took: 0.0000910 seconds
307.737: Application time: 0.2009170 seconds
307.737: [GC [PSYoungGen: 539664K->71103K(562176K)] 1813360K->1390555K(1895936K), 0.0611120 secs] [Times: user=0.47 sys=0.00, real=0.06 secs] 
307.798: [Full GC [PSYoungGen: 71103K->0K(562176K)] [ParOldGen: 1319451K->129854K(1333760K)] 1390555K->129854K(1895936K) [PSPermGen: 9168K->9168K(21504K)], 0.1532580 secs] [Times: user=1.11 sys=0.01, real=0.15 secs] 
307.951: Total time for which application threads were stopped: 0.2146330 seconds, Stopping threads took: 0.0000950 seconds
308.142: Application time: 0.1909500 seconds
308.143: [GC [PSYoungGen: 460800K->89680K(560640K)] 590654K->219534K(1894400K), 0.0508310 secs] [Times: user=0.40 sys=0.00, real=0.05 secs] 
308.193: Total time for which application threads were stopped: 0.0510220 seconds, Stopping threads took: 0.0000980 seconds
308.393: Application time: 0.1996750 seconds
308.393: [GC [PSYoungGen: 551504K->72492K(564224K)] 681358K->260419K(1897984K), 0.0679290 secs] [Times: user=0.54 sys=0.00, real=0.07 secs] 
308.461: Total time for which application threads were stopped: 0.0681250 seconds, Stopping threads took: 0.0000940 seconds
308.655: Application time: 0.1937750 seconds
308.655: [GC [PSYoungGen: 534316K->80624K(563712K)] 722243K->317208K(1897472K), 0.0643720 secs] [Times: user=0.51 sys=0.00, real=0.07 secs] 
308.720: Total time for which application threads were stopped: 0.0645540 seconds, Stopping threads took: 0.0000920 seconds
308.919: Application time: 0.1998210 seconds
308.920: [GC [PSYoungGen: 545520K->71946K(564736K)] 782104K->355031K(1898496K), 0.0579360 secs] [Times: user=0.46 sys=0.00, real=0.06 secs] 
308.977: Total time for which application threads were stopped: 0.0581070 seconds, Stopping threads took: 0.0000720 seconds
309.171: Application time: 0.1937630 seconds
309.171: [GC [PSYoungGen: 536842K->79936K(566784K)] 819927K->410929K(1900544K), 0.0637980 secs] [Times: user=0.50 sys=0.00, real=0.06 secs] 
309.235: Total time for which application threads were stopped: 0.0639600 seconds, Stopping threads took: 0.0000720 seconds
309.436: Application time: 0.2003060 seconds
309.436: [GC [PSYoungGen: 548928K->74528K(566272K)] 879921K->451449K(1900032K), 0.0597310 secs] [Times: user=0.48 sys=0.00, real=0.06 secs] 
309.495: Total time for which application threads were stopped: 0.0599140 seconds, Stopping threads took: 0.0000810 seconds
309.692: Application time: 0.1965690 seconds
309.692: [GC [PSYoungGen: 543520K->75040K(568320K)] 920441K->501442K(1902080K), 0.0621330 secs] [Times: user=0.48 sys=0.00, real=0.06 secs] 
309.754: Total time for which application threads were stopped: 0.0623220 seconds, Stopping threads took: 0.0001000 seconds
309.956: Application time: 0.2017930 seconds
309.956: [GC [PSYoungGen: 548640K->77136K(567296K)] 975042K->548765K(1901056K), 0.0620570 secs] [Times: user=0.49 sys=0.00, real=0.06 secs] 
310.018: Total time for which application threads were stopped: 0.0622480 seconds, Stopping threads took: 0.0000900 seconds
310.218: Application time: 0.1995170 seconds
310.218: [GC [PSYoungGen: 550736K->74384K(571904K)] 1022365K->597636K(1905664K), 0.0640960 secs] [Times: user=0.51 sys=0.00, real=0.06 secs] 
310.282: Total time for which application threads were stopped: 0.0642880 seconds, Stopping threads took: 0.0000980 seconds
310.488: Application time: 0.2053660 seconds
310.488: [GC [PSYoungGen: 554640K->78256K(570880K)] 1077892K->644624K(1904640K), 0.0624410 secs] [Times: user=0.49 sys=0.00, real=0.07 secs] 
310.550: Total time for which application threads were stopped: 0.0626330 seconds, Stopping threads took: 0.0000880 seconds
310.757: Application time: 0.2069260 seconds
310.757: [GC [PSYoungGen: 558512K->72352K(575488K)] 1124880K->689388K(1909248K), 0.0638420 secs] [Times: user=0.51 sys=0.00, real=0.06 secs] 
310.821: Total time for which application threads were stopped: 0.0640440 seconds, Stopping threads took: 0.0001080 seconds
311.035: Application time: 0.2138500 seconds
311.035: [GC [PSYoungGen: 558240K->75218K(575488K)] 1175276K->731938K(1909248K), 0.0606800 secs] [Times: user=0.48 sys=0.00, real=0.06 secs] 
311.096: Total time for which application threads were stopped: 0.0608740 seconds, Stopping threads took: 0.0000930 seconds
311.303: Application time: 0.2072330 seconds
311.303: [GC [PSYoungGen: 561106K->73616K(576512K)] 1217826K->774594K(1910272K), 0.0595450 secs] [Times: user=0.48 sys=0.00, real=0.06 secs] 
311.363: Total time for which application threads were stopped: 0.0597140 seconds, Stopping threads took: 0.0000800 seconds
311.573: Application time: 0.2097110 seconds
311.573: [GC [PSYoungGen: 562576K->73303K(576000K)] 1263554K->809308K(1909760K), 0.0549890 secs] [Times: user=0.43 sys=0.00, real=0.05 secs] 
311.628: Total time for which application threads were stopped: 0.0551970 seconds, Stopping threads took: 0.0001050 seconds
311.839: Application time: 0.2114920 seconds
311.840: [GC [PSYoungGen: 562263K->70528K(578560K)] 1298268K->839283K(1912320K), 0.0539430 secs] [Times: user=0.40 sys=0.00, real=0.05 secs] 
311.894: Total time for which application threads were stopped: 0.0549150 seconds, Stopping threads took: 0.0008840 seconds
312.101: Application time: 0.2072580 seconds
312.102: [GC [PSYoungGen: 563072K->74256K(578560K)] 1331827K->876775K(1912320K), 0.0530500 secs] [Times: user=0.42 sys=0.00, real=0.05 secs] 
312.155: Total time for which application threads were stopped: 0.0532420 seconds, Stopping threads took: 0.0000900 seconds
312.368: Application time: 0.2128650 seconds
312.368: [GC [PSYoungGen: 566800K->66017K(580096K)] 1369319K->898975K(1913856K), 0.0495780 secs] [Times: user=0.39 sys=0.00, real=0.06 secs] 
312.417: Total time for which application threads were stopped: 0.0497720 seconds, Stopping threads took: 0.0001020 seconds
312.626: Application time: 0.2081950 seconds
312.626: [GC [PSYoungGen: 561121K->77371K(580096K)] 1394079K->944971K(1913856K), 0.0558850 secs] [Times: user=0.44 sys=0.00, real=0.06 secs] 
312.682: Total time for which application threads were stopped: 0.0560660 seconds, Stopping threads took: 0.0000790 seconds
312.890: Application time: 0.2086580 seconds
312.890: [GC [PSYoungGen: 572475K->70821K(581632K)] 1440075K->977054K(1915392K), 0.0557310 secs] [Times: user=0.44 sys=0.00, real=0.05 secs] 
312.946: Total time for which application threads were stopped: 0.0559180 seconds, Stopping threads took: 0.0000960 seconds
313.157: Application time: 0.2110570 seconds
313.157: [GC [PSYoungGen: 567461K->74954K(581632K)] 1473694K->1017206K(1915392K), 0.0565060 secs] [Times: user=0.45 sys=0.00, real=0.05 secs] 
313.214: Total time for which application threads were stopped: 0.0566920 seconds, Stopping threads took: 0.0000900 seconds
313.425: Application time: 0.2114210 seconds
313.425: [GC [PSYoungGen: 571594K->71632K(580608K)] 1513846K->1052126K(1914368K), 0.0555980 secs] [Times: user=0.43 sys=0.00, real=0.06 secs] 
313.481: Total time for which application threads were stopped: 0.0557690 seconds, Stopping threads took: 0.0000840 seconds
313.694: Application time: 0.2128490 seconds
313.694: [GC [PSYoungGen: 569296K->73182K(581120K)] 1549790K->1079911K(1914880K), 0.0508690 secs] [Times: user=0.39 sys=0.00, real=0.05 secs] 
313.745: Total time for which application threads were stopped: 0.0510400 seconds, Stopping threads took: 0.0000730 seconds
313.959: Application time: 0.2143180 seconds
313.959: [GC [PSYoungGen: 570846K->73929K(581632K)] 1577575K->1119331K(1915392K), 0.0571050 secs] [Times: user=0.44 sys=0.02, real=0.06 secs] 
314.017: Total time for which application threads were stopped: 0.0572940 seconds, Stopping threads took: 0.0000930 seconds
314.216: Application time: 0.1997570 seconds
314.217: [GC [PSYoungGen: 574665K->81552K(582656K)] 1620067K->1169483K(1916416K), 0.0615040 secs] [Times: user=0.48 sys=0.00, real=0.06 secs] 
314.278: Total time for which application threads were stopped: 0.0616960 seconds, Stopping threads took: 0.0000890 seconds
314.504: Application time: 0.2256380 seconds
314.508: [GC [PSYoungGen: 582288K->66890K(582144K)] 1670219K->1189624K(1915904K), 0.0543890 secs] [Times: user=0.42 sys=0.00, real=0.05 secs] 
314.563: Total time for which application threads were stopped: 0.0588700 seconds, Stopping threads took: 0.0043890 seconds
314.766: Application time: 0.2032260 seconds
314.766: [GC [PSYoungGen: 565066K->84464K(582656K)] 1687800K->1258050K(1916416K), 0.0686360 secs] [Times: user=0.54 sys=0.00, real=0.07 secs] 
314.835: Total time for which application threads were stopped: 0.0688350 seconds, Stopping threads took: 0.0000980 seconds
315.052: Application time: 0.2174970 seconds
315.052: [GC [PSYoungGen: 582640K->66938K(539648K)] 1756226K->1282637K(1873408K), 0.0575990 secs] [Times: user=0.44 sys=0.00, real=0.06 secs] 
315.110: Total time for which application threads were stopped: 0.0577690 seconds, Stopping threads took: 0.0000800 seconds
315.296: Application time: 0.1865510 seconds
315.300: [GC [PSYoungGen: 522106K->81680K(561152K)] 1737805K->1341550K(1894912K), 0.0636590 secs] [Times: user=0.51 sys=0.00, real=0.06 secs] 
315.364: Total time for which application threads were stopped: 0.0674080 seconds, Stopping threads took: 0.0036440 seconds
315.562: Application time: 0.1979500 seconds
315.562: [GC [PSYoungGen: 536848K->63961K(559616K)] 1796718K->1371469K(1893376K), 0.0583810 secs] [Times: user=0.46 sys=0.00, real=0.06 secs] 
315.620: [Full GC [PSYoungGen: 63961K->0K(559616K)] [ParOldGen: 1307508K->129475K(1333760K)] 1371469K->129475K(1893376K) [PSPermGen: 9168K->9168K(21504K)], 0.1523700 secs] [Times: user=1.10 sys=0.00, real=0.15 secs] 
315.773: Total time for which application threads were stopped: 0.2109910 seconds, Stopping threads took: 0.0000840 seconds
315.962: Application time: 0.1894690 seconds
315.962: [GC [PSYoungGen: 456704K->88560K(561152K)] 586179K->218035K(1894912K), 0.0492400 secs] [Times: user=0.39 sys=0.00, real=0.05 secs] 
316.012: Total time for which application threads were stopped: 0.0494450 seconds, Stopping threads took: 0.0001060 seconds
316.217: Application time: 0.2049510 seconds
316.217: [GC [PSYoungGen: 545264K->62082K(561152K)] 674739K->249398K(1894912K), 0.0615970 secs] [Times: user=0.49 sys=0.00, real=0.06 secs] 
316.278: Total time for which application threads were stopped: 0.0617800 seconds, Stopping threads took: 0.0000880 seconds
316.464: Application time: 0.1854820 seconds
316.464: [GC [PSYoungGen: 517250K->81686K(537088K)] 704566K->310002K(1870848K), 0.0635490 secs] [Times: user=0.51 sys=0.00, real=0.06 secs] 
316.528: Total time for which application threads were stopped: 0.0637320 seconds, Stopping threads took: 0.0000660 seconds
316.729: Application time: 0.2009660 seconds
316.729: [GC [PSYoungGen: 536854K->60070K(560128K)] 765170K->333193K(1893888K), 0.0533920 secs] [Times: user=0.42 sys=0.00, real=0.05 secs] 
316.782: Total time for which application threads were stopped: 0.0535720 seconds, Stopping threads took: 0.0000880 seconds
316.975: Application time: 0.1932300 seconds
316.976: [GC [PSYoungGen: 515238K->75360K(530944K)] 788361K->386920K(1864704K), 0.0572850 secs] [Times: user=0.45 sys=0.00, real=0.06 secs] 
317.033: Total time for which application threads were stopped: 0.0574530 seconds, Stopping threads took: 0.0000680 seconds
317.232: Application time: 0.1986680 seconds
317.232: [GC [PSYoungGen: 530528K->64866K(559616K)] 842088K->418321K(1893376K), 0.0528480 secs] [Times: user=0.42 sys=0.00, real=0.05 secs] 
317.285: Total time for which application threads were stopped: 0.0530380 seconds, Stopping threads took: 0.0001010 seconds
317.472: Application time: 0.1875720 seconds
317.472: [GC [PSYoungGen: 522594K->77136K(559104K)] 876049K->468761K(1892864K), 0.0583510 secs] [Times: user=0.45 sys=0.00, real=0.06 secs] 
317.531: Total time for which application threads were stopped: 0.0585190 seconds, Stopping threads took: 0.0000790 seconds
317.735: Application time: 0.2040140 seconds
317.735: [GC [PSYoungGen: 534864K->62263K(564224K)] 926489K->496720K(1897984K), 0.0531120 secs] [Times: user=0.42 sys=0.00, real=0.06 secs] 
317.788: Total time for which application threads were stopped: 0.0533570 seconds, Stopping threads took: 0.0001370 seconds
317.979: Application time: 0.1904600 seconds
317.979: [GC [PSYoungGen: 526647K->81344K(563712K)] 961104K->553700K(1897472K), 0.0595970 secs] [Times: user=0.46 sys=0.00, real=0.06 secs] 
318.038: Total time for which application threads were stopped: 0.0597930 seconds, Stopping threads took: 0.0001060 seconds
318.244: Application time: 0.2052800 seconds
318.244: [GC [PSYoungGen: 545728K->60314K(567296K)] 1018084K->574804K(1901056K), 0.0509230 secs] [Times: user=0.41 sys=0.00, real=0.05 secs] 
318.295: Total time for which application threads were stopped: 0.0511180 seconds, Stopping threads took: 0.0000920 seconds
318.486: Application time: 0.1909810 seconds
318.486: [GC [PSYoungGen: 528282K->83904K(551936K)] 1042772K->635208K(1885696K), 0.0597330 secs] [Times: user=0.47 sys=0.00, real=0.06 secs] 
318.546: Total time for which application threads were stopped: 0.0598960 seconds, Stopping threads took: 0.0000760 seconds
318.752: Application time: 0.2063790 seconds
318.752: [GC [PSYoungGen: 551872K->59963K(566272K)] 1103176K->655292K(1900032K), 0.0510750 secs] [Times: user=0.40 sys=0.00, real=0.05 secs] 
318.803: Total time for which application threads were stopped: 0.0514470 seconds, Stopping threads took: 0.0002740 seconds
318.992: Application time: 0.1889340 seconds
318.996: [GC [PSYoungGen: 525371K->83200K(548864K)] 1120700K->715126K(1882624K), 0.0609280 secs] [Times: user=0.49 sys=0.00, real=0.06 secs] 
319.057: Total time for which application threads were stopped: 0.0647150 seconds, Stopping threads took: 0.0036900 seconds
319.267: Application time: 0.2094950 seconds
319.267: [GC [PSYoungGen: 548608K->57080K(565248K)] 1180534K->731436K(1899008K), 0.0496630 secs] [Times: user=0.39 sys=0.01, real=0.06 secs] 
319.317: Total time for which application threads were stopped: 0.0498890 seconds, Stopping threads took: 0.0001250 seconds
319.507: Application time: 0.1909460 seconds
319.508: [GC [PSYoungGen: 520440K->85296K(548864K)] 1194796K->795780K(1882624K), 0.0619560 secs] [Times: user=0.49 sys=0.00, real=0.07 secs] 
319.570: Total time for which application threads were stopped: 0.0621630 seconds, Stopping threads took: 0.0001170 seconds
319.775: Application time: 0.2053970 seconds
319.775: [GC [PSYoungGen: 548656K->56256K(563712K)] 1259140K->809702K(1897472K), 0.0498720 secs] [Times: user=0.40 sys=0.00, real=0.05 secs] 
319.825: Total time for which application threads were stopped: 0.0500710 seconds, Stopping threads took: 0.0000960 seconds
320.011: Application time: 0.1860030 seconds
320.011: [GC [PSYoungGen: 516032K->84960K(544768K)] 1269478K->873765K(1878528K), 0.0597820 secs] [Times: user=0.47 sys=0.00, real=0.06 secs] 
320.071: Total time for which application threads were stopped: 0.0599660 seconds, Stopping threads took: 0.0000900 seconds
320.278: Application time: 0.2066890 seconds
320.280: [GC [PSYoungGen: 544736K->58208K(562176K)] 1333541K->891105K(1895936K), 0.0514980 secs] [Times: user=0.41 sys=0.00, real=0.05 secs] 
320.332: Total time for which application threads were stopped: 0.0539180 seconds, Stopping threads took: 0.0023180 seconds
320.513: Application time: 0.1808980 seconds
320.513: [GC [PSYoungGen: 514912K->84720K(541696K)] 1347809K->955458K(1875456K), 0.0623980 secs] [Times: user=0.49 sys=0.00, real=0.06 secs] 
320.575: Total time for which application threads were stopped: 0.0625910 seconds, Stopping threads took: 0.0001050 seconds
320.780: Application time: 0.2051910 seconds
320.781: [GC [PSYoungGen: 541424K->59904K(562176K)] 1412162K->976442K(1895936K), 0.0541140 secs] [Times: user=0.43 sys=0.00, real=0.05 secs] 
320.835: Total time for which application threads were stopped: 0.0542930 seconds, Stopping threads took: 0.0000900 seconds
321.018: Application time: 0.1833880 seconds
321.018: [GC [PSYoungGen: 515584K->83728K(560640K)] 1432122K->1040561K(1894400K), 0.0625870 secs] [Times: user=0.50 sys=0.00, real=0.06 secs] 
321.081: Total time for which application threads were stopped: 0.0627660 seconds, Stopping threads took: 0.0000780 seconds
321.287: Application time: 0.2060810 seconds
321.287: [GC [PSYoungGen: 539408K->63104K(559616K)] 1496241K->1066598K(1893376K), 0.0557240 secs] [Times: user=0.45 sys=0.00, real=0.06 secs] 
321.343: Total time for which application threads were stopped: 0.0559050 seconds, Stopping threads took: 0.0000910 seconds
321.531: Application time: 0.1885590 seconds
321.532: [GC [PSYoungGen: 518784K->81106K(560128K)] 1522278K->1128018K(1893888K), 0.0634480 secs] [Times: user=0.51 sys=0.00, real=0.06 secs] 
321.595: Total time for which application threads were stopped: 0.0636270 seconds, Stopping threads took: 0.0000750 seconds
321.796: Application time: 0.2010160 seconds
321.800: [GC [PSYoungGen: 536786K->68128K(558080K)] 1583698K->1162421K(1891840K), 0.0609760 secs] [Times: user=0.47 sys=0.00, real=0.06 secs] 
321.861: Total time for which application threads were stopped: 0.0648750 seconds, Stopping threads took: 0.0038100 seconds
322.047: Application time: 0.1865200 seconds
322.048: [GC [PSYoungGen: 525856K->77688K(560128K)] 1620149K->1216293K(1893888K), 0.0616700 secs] [Times: user=0.48 sys=0.00, real=0.07 secs] 
322.109: Total time for which application threads were stopped: 0.0618710 seconds, Stopping threads took: 0.0001000 seconds
322.309: Application time: 0.2000240 seconds
322.312: [GC [PSYoungGen: 535416K->71280K(558592K)] 1674021K->1255909K(1892352K), 0.0609730 secs] [Times: user=0.48 sys=0.00, real=0.06 secs] 
322.373: Total time for which application threads were stopped: 0.0638400 seconds, Stopping threads took: 0.0027790 seconds
322.567: Application time: 0.1937610 seconds
322.567: [GC [PSYoungGen: 534640K->77504K(562176K)] 1719269K->1304755K(1895936K), 0.0610090 secs] [Times: user=0.48 sys=0.01, real=0.07 secs] 
322.628: Total time for which application threads were stopped: 0.0611940 seconds, Stopping threads took: 0.0000830 seconds
322.829: Application time: 0.2004140 seconds
322.831: [GC [PSYoungGen: 540864K->70560K(563712K)] 1768115K->1343745K(1897472K), 0.0607220 secs] [Times: user=0.48 sys=0.00, real=0.06 secs] 
322.891: Total time for which application threads were stopped: 0.0627650 seconds, Stopping threads took: 0.0019570 seconds
323.084: Application time: 0.1926630 seconds
323.084: [GC [PSYoungGen: 540576K->83797K(566272K)] 1813761K->1398431K(1900032K), 0.0650340 secs] [Times: user=0.52 sys=0.00, real=0.07 secs] 
323.149: [Full GC [PSYoungGen: 83797K->0K(566272K)] [ParOldGen: 1314633K->146279K(1333760K)] 1398431K->146279K(1900032K) [PSPermGen: 9168K->9168K(21504K)], 0.1800600 secs] [Times: user=1.32 sys=0.00, real=0.18 secs] 
323.329: Total time for which application threads were stopped: 0.2453560 seconds, Stopping threads took: 0.0000890 seconds
323.537: Application time: 0.2075990 seconds
323.540: [GC [PSYoungGen: 470016K->81728K(568320K)] 616295K->228008K(1902080K), 0.0505860 secs] [Times: user=0.40 sys=0.00, real=0.05 secs] 
323.591: Total time for which application threads were stopped: 0.0538360 seconds, Stopping threads took: 0.0031570 seconds
323.786: Application time: 0.1955180 seconds
323.786: [GC [PSYoungGen: 552256K->82282K(552960K)] 698536K->285426K(1886720K), 0.0722960 secs] [Times: user=0.57 sys=0.00, real=0.08 secs] 
323.859: Total time for which application threads were stopped: 0.0725390 seconds, Stopping threads took: 0.0001350 seconds
324.069: Application time: 0.2098960 seconds
324.069: [GC [PSYoungGen: 552810K->70272K(569856K)] 755954K->320552K(1903616K), 0.0613070 secs] [Times: user=0.49 sys=0.00, real=0.06 secs] 
324.130: Total time for which application threads were stopped: 0.0614730 seconds, Stopping threads took: 0.0000620 seconds
324.325: Application time: 0.1952150 seconds
324.328: [GC [PSYoungGen: 541312K->80240K(568320K)] 791592K->374892K(1902080K), 0.0616310 secs] [Times: user=0.49 sys=0.00, real=0.06 secs] 
324.390: Total time for which application threads were stopped: 0.0643950 seconds, Stopping threads took: 0.0026600 seconds
324.597: Application time: 0.2068420 seconds
324.597: [GC [PSYoungGen: 551280K->70800K(568320K)] 845932K->409246K(1902080K), 0.0579060 secs] [Times: user=0.46 sys=0.00, real=0.05 secs] 
324.655: Total time for which application threads were stopped: 0.0580930 seconds, Stopping threads took: 0.0001010 seconds
324.849: Application time: 0.1947250 seconds
324.850: [GC [PSYoungGen: 543376K->80096K(568320K)] 881822K->463507K(1902080K), 0.0626160 secs] [Times: user=0.50 sys=0.00, real=0.06 secs] 
324.912: Total time for which application threads were stopped: 0.0628150 seconds, Stopping threads took: 0.0000990 seconds
325.120: Application time: 0.2080900 seconds
325.121: [GC [PSYoungGen: 552672K->67952K(569344K)] 936083K->493437K(1903104K), 0.0548600 secs] [Times: user=0.44 sys=0.00, real=0.05 secs] 
325.175: Total time for which application threads were stopped: 0.0550160 seconds, Stopping threads took: 0.0000690 seconds
325.376: Application time: 0.2005750 seconds
325.376: [GC [PSYoungGen: 543600K->72855K(570368K)] 969085K->543728K(1904128K), 0.0597880 secs] [Times: user=0.47 sys=0.00, real=0.05 secs] 
325.436: Total time for which application threads were stopped: 0.0600130 seconds, Stopping threads took: 0.0001190 seconds
325.644: Application time: 0.2074860 seconds
325.644: [GC [PSYoungGen: 548503K->69312K(570880K)] 1019376K->575536K(1904640K), 0.0533400 secs] [Times: user=0.43 sys=0.00, real=0.06 secs] 
325.697: Total time for which application threads were stopped: 0.0535300 seconds, Stopping threads took: 0.0001000 seconds
325.897: Application time: 0.1997960 seconds
325.897: [GC [PSYoungGen: 548544K->71833K(571392K)] 1054768K->620661K(1905152K), 0.0552830 secs] [Times: user=0.44 sys=0.00, real=0.05 secs] 
325.952: Total time for which application threads were stopped: 0.0554580 seconds, Stopping threads took: 0.0000750 seconds
326.160: Application time: 0.2075250 seconds
326.160: [GC [PSYoungGen: 551065K->67370K(574464K)] 1099893K->638227K(1908224K), 0.0447950 secs] [Times: user=0.35 sys=0.00, real=0.04 secs] 
326.205: Total time for which application threads were stopped: 0.0449890 seconds, Stopping threads took: 0.0001040 seconds
326.410: Application time: 0.2056030 seconds
326.411: [GC [PSYoungGen: 551210K->70016K(573952K)] 1122067K->680179K(1907712K), 0.0554860 secs] [Times: user=0.44 sys=0.00, real=0.05 secs] 
326.466: Total time for which application threads were stopped: 0.0556900 seconds, Stopping threads took: 0.0000990 seconds
326.674: Application time: 0.2083420 seconds
326.676: [GC [PSYoungGen: 553856K->71180K(576000K)] 1164019K->710773K(1909760K), 0.0489870 secs] [Times: user=0.39 sys=0.00, real=0.04 secs] 
326.725: Total time for which application threads were stopped: 0.0507040 seconds, Stopping threads took: 0.0016280 seconds
326.932: Application time: 0.2065000 seconds
326.936: [GC [PSYoungGen: 558604K->69040K(575488K)] 1198197K->748922K(1909248K), 0.0533490 secs] [Times: user=0.42 sys=0.00, real=0.05 secs] 
326.990: Total time for which application threads were stopped: 0.0578900 seconds, Stopping threads took: 0.0044430 seconds
327.195: Application time: 0.2055110 seconds
327.196: [GC [PSYoungGen: 556464K->72219K(577536K)] 1236346K->774073K(1911296K), 0.0467860 secs] [Times: user=0.37 sys=0.00, real=0.04 secs] 
327.243: Total time for which application threads were stopped: 0.0479360 seconds, Stopping threads took: 0.0010610 seconds
327.458: Application time: 0.2154890 seconds
327.459: [GC [PSYoungGen: 564251K->63184K(577536K)] 1266105K->801971K(1911296K), 0.0518100 secs] [Times: user=0.41 sys=0.00, real=0.05 secs] 
327.510: Total time for which application threads were stopped: 0.0519940 seconds, Stopping threads took: 0.0000770 seconds
327.711: Application time: 0.2003840 seconds
327.711: [GC [PSYoungGen: 555216K->82796K(576000K)] 1294003K->855439K(1909760K), 0.0572670 secs] [Times: user=0.44 sys=0.00, real=0.06 secs] 
327.768: Total time for which application threads were stopped: 0.0574850 seconds, Stopping threads took: 0.0001230 seconds
327.985: Application time: 0.2162840 seconds
327.988: [GC [PSYoungGen: 572780K->59953K(550400K)] 1345423K->863602K(1884160K), 0.0464060 secs] [Times: user=0.36 sys=0.00, real=0.04 secs] 
328.035: Total time for which application threads were stopped: 0.0499900 seconds, Stopping threads took: 0.0034850 seconds
328.231: Application time: 0.1961920 seconds
328.231: [GC [PSYoungGen: 549937K->89076K(539136K)] 1353586K->932082K(1872896K), 0.0623680 secs] [Times: user=0.49 sys=0.00, real=0.06 secs] 
328.293: Total time for which application threads were stopped: 0.0625350 seconds, Stopping threads took: 0.0000760 seconds
328.499: Application time: 0.2056720 seconds
328.499: [GC [PSYoungGen: 539124K->55008K(505344K)] 1382130K->946932K(1839104K), 0.0539930 secs] [Times: user=0.43 sys=0.00, real=0.05 secs] 
328.553: Total time for which application threads were stopped: 0.0541720 seconds, Stopping threads took: 0.0000770 seconds
328.734: Application time: 0.1807770 seconds
328.734: [GC [PSYoungGen: 505056K->84775K(557056K)] 1396980K->1016494K(1890816K), 0.0632080 secs] [Times: user=0.50 sys=0.00, real=0.07 secs] 
328.797: Total time for which application threads were stopped: 0.0634210 seconds, Stopping threads took: 0.0001230 seconds
328.997: Application time: 0.1994760 seconds
328.997: [GC [PSYoungGen: 532775K->54630K(557568K)] 1464494K->1034799K(1891328K), 0.0521990 secs] [Times: user=0.41 sys=0.00, real=0.05 secs] 
329.049: Total time for which application threads were stopped: 0.0523890 seconds, Stopping threads took: 0.0001010 seconds
329.234: Application time: 0.1850070 seconds
329.234: [GC [PSYoungGen: 502217K->81619K(556544K)] 1482386K->1095467K(1890304K), 0.0597810 secs] [Times: user=0.47 sys=0.00, real=0.06 secs] 
329.294: Total time for which application threads were stopped: 0.0599860 seconds, Stopping threads took: 0.0001030 seconds
329.499: Application time: 0.2046890 seconds
329.499: [GC [PSYoungGen: 529619K->55925K(557056K)] 1543467K->1117268K(1890816K), 0.0553960 secs] [Times: user=0.43 sys=0.00, real=0.05 secs] 
329.555: Total time for which application threads were stopped: 0.0555660 seconds, Stopping threads took: 0.0000790 seconds
329.742: Application time: 0.1878590 seconds
329.743: [GC [PSYoungGen: 503925K->75904K(553984K)] 1565268K->1167435K(1887744K), 0.0545630 secs] [Times: user=0.43 sys=0.00, real=0.06 secs] 
329.797: Total time for which application threads were stopped: 0.0547390 seconds, Stopping threads took: 0.0000730 seconds
329.993: Application time: 0.1956710 seconds
329.993: [GC [PSYoungGen: 525440K->56453K(556032K)] 1616971K->1191066K(1889792K), 0.0508000 secs] [Times: user=0.40 sys=0.00, real=0.05 secs] 
330.044: Total time for which application threads were stopped: 0.0509800 seconds, Stopping threads took: 0.0000910 seconds
330.229: Application time: 0.1854150 seconds
330.229: [GC [PSYoungGen: 505989K->79200K(559104K)] 1640602K->1243360K(1892864K), 0.0567390 secs] [Times: user=0.44 sys=0.00, real=0.05 secs] 
330.286: Total time for which application threads were stopped: 0.0569080 seconds, Stopping threads took: 0.0000780 seconds
330.492: Application time: 0.2057560 seconds
330.492: [GC [PSYoungGen: 533856K->52959K(560128K)] 1698016K->1259340K(1893888K), 0.0487880 secs] [Times: user=0.38 sys=0.00, real=0.05 secs] 
330.541: Total time for which application threads were stopped: 0.0489770 seconds, Stopping threads took: 0.0000870 seconds
330.726: Application time: 0.1849900 seconds
330.726: [GC [PSYoungGen: 507615K->84960K(557568K)] 1713996K->1321063K(1891328K), 0.0587670 secs] [Times: user=0.47 sys=0.00, real=0.06 secs] 
330.785: Total time for which application threads were stopped: 0.0589490 seconds, Stopping threads took: 0.0000890 seconds
330.985: Application time: 0.2004170 seconds
330.985: [GC [PSYoungGen: 537056K->52656K(559616K)] 1773159K->1333371K(1893376K), 0.0500180 secs] [Times: user=0.39 sys=0.00, real=0.05 secs] 
331.035: [Full GC [PSYoungGen: 52656K->0K(559616K)] [ParOldGen: 1280715K->130602K(1333760K)] 1333371K->130602K(1893376K) [PSPermGen: 9168K->9168K(21504K)], 0.1600460 secs] [Times: user=1.16 sys=0.00, real=0.16 secs] 
331.196: Total time for which application threads were stopped: 0.2103120 seconds, Stopping threads took: 0.0000910 seconds
331.374: Application time: 0.1781100 seconds
331.374: [GC [PSYoungGen: 452096K->93024K(549888K)] 582698K->223627K(1883648K), 0.0484430 secs] [Times: user=0.38 sys=0.00, real=0.05 secs] 
331.422: Total time for which application threads were stopped: 0.0486420 seconds, Stopping threads took: 0.0000940 seconds
331.620: Application time: 0.1980250 seconds
331.620: [GC [PSYoungGen: 535904K->57680K(555008K)] 666507K->243228K(1888768K), 0.0569030 secs] [Times: user=0.45 sys=0.00, real=0.06 secs] 
331.677: Total time for which application threads were stopped: 0.0570800 seconds, Stopping threads took: 0.0000840 seconds
331.852: Application time: 0.1749620 seconds
331.853: [GC [PSYoungGen: 500560K->85936K(553472K)] 686108K->309677K(1887232K), 0.0596060 secs] [Times: user=0.47 sys=0.00, real=0.06 secs] 
331.912: Total time for which application threads were stopped: 0.0597820 seconds, Stopping threads took: 0.0000830 seconds
332.106: Application time: 0.1934120 seconds
332.106: [GC [PSYoungGen: 528816K->65072K(508416K)] 752557K->339330K(1842176K), 0.0563460 secs] [Times: user=0.45 sys=0.00, real=0.06 secs] 
332.162: Total time for which application threads were stopped: 0.0565370 seconds, Stopping threads took: 0.0000880 seconds
332.346: Application time: 0.1836760 seconds
332.346: [GC [PSYoungGen: 507952K->80695K(554496K)] 782210K->401327K(1888256K), 0.0620100 secs] [Times: user=0.50 sys=0.00, real=0.06 secs] 
332.408: Total time for which application threads were stopped: 0.0621790 seconds, Stopping threads took: 0.0000810 seconds
332.602: Application time: 0.1936030 seconds
332.602: [GC [PSYoungGen: 525623K->74080K(553984K)] 846255K->444717K(1887744K), 0.0626890 secs] [Times: user=0.49 sys=0.00, real=0.06 secs] 
332.664: Total time for which application threads were stopped: 0.0628490 seconds, Stopping threads took: 0.0000700 seconds
332.851: Application time: 0.1860810 seconds
332.851: [GC [PSYoungGen: 519008K->72897K(555008K)] 889645K->494152K(1888768K), 0.0625510 secs] [Times: user=0.50 sys=0.00, real=0.06 secs] 
332.913: Total time for which application threads were stopped: 0.0627370 seconds, Stopping threads took: 0.0000800 seconds
333.106: Application time: 0.1929900 seconds
333.106: [GC [PSYoungGen: 524481K->77088K(554496K)] 945736K->544749K(1888256K), 0.0636220 secs] [Times: user=0.51 sys=0.00, real=0.07 secs] 
333.170: Total time for which application threads were stopped: 0.0638140 seconds, Stopping threads took: 0.0001020 seconds
333.363: Application time: 0.1927880 seconds
333.363: [GC [PSYoungGen: 528672K->69085K(562176K)] 996333K->585774K(1895936K), 0.0592820 secs] [Times: user=0.47 sys=0.00, real=0.06 secs] 
333.422: Total time for which application threads were stopped: 0.0594640 seconds, Stopping threads took: 0.0000820 seconds
333.617: Application time: 0.1949240 seconds
333.620: [GC [PSYoungGen: 531933K->81376K(562176K)] 1048622K->644784K(1895936K), 0.0656440 secs] [Times: user=0.52 sys=0.00, real=0.06 secs] 
333.686: Total time for which application threads were stopped: 0.0686040 seconds, Stopping threads took: 0.0028640 seconds
333.897: Application time: 0.2109650 seconds
333.897: [GC [PSYoungGen: 544224K->69536K(564224K)] 1107632K->679848K(1897984K), 0.0599920 secs] [Times: user=0.48 sys=0.00, real=0.06 secs] 
333.957: Total time for which application threads were stopped: 0.0602050 seconds, Stopping threads took: 0.0001120 seconds
334.147: Application time: 0.1902590 seconds
334.147: [GC [PSYoungGen: 537504K->79454K(565760K)] 1147816K->736657K(1899520K), 0.0622080 secs] [Times: user=0.50 sys=0.00, real=0.07 secs] 
334.210: Total time for which application threads were stopped: 0.0624680 seconds, Stopping threads took: 0.0001650 seconds
334.416: Application time: 0.2064940 seconds
334.416: [GC [PSYoungGen: 547422K->69728K(566272K)] 1204625K->767963K(1900032K), 0.0563000 secs] [Times: user=0.44 sys=0.00, real=0.05 secs] 
334.473: Total time for which application threads were stopped: 0.0564650 seconds, Stopping threads took: 0.0000650 seconds
334.664: Application time: 0.1915450 seconds
334.664: [GC [PSYoungGen: 541280K->81820K(567808K)] 1239515K->826417K(1901568K), 0.0664010 secs] [Times: user=0.51 sys=0.00, real=0.07 secs] 
334.731: Total time for which application threads were stopped: 0.0665800 seconds, Stopping threads took: 0.0000850 seconds
334.938: Application time: 0.2070480 seconds
334.938: [GC [PSYoungGen: 553372K->68944K(568832K)] 1297969K->855408K(1902592K), 0.0560030 secs] [Times: user=0.45 sys=0.00, real=0.05 secs] 
334.994: Total time for which application threads were stopped: 0.0561760 seconds, Stopping threads took: 0.0000760 seconds
335.190: Application time: 0.1956740 seconds
335.190: [GC [PSYoungGen: 542544K->80048K(569344K)] 1329008K->912672K(1903104K), 0.0653910 secs] [Times: user=0.52 sys=0.00, real=0.06 secs] 
335.255: Total time for which application threads were stopped: 0.0655820 seconds, Stopping threads took: 0.0000950 seconds
335.459: Application time: 0.2039020 seconds
335.459: [GC [PSYoungGen: 553648K->69200K(569344K)] 1386272K->944042K(1903104K), 0.0567250 secs] [Times: user=0.45 sys=0.00, real=0.06 secs] 
335.516: Total time for which application threads were stopped: 0.0569260 seconds, Stopping threads took: 0.0000990 seconds
335.717: Application time: 0.2010560 seconds
335.717: [GC [PSYoungGen: 544848K->77447K(570368K)] 1419690K->996200K(1904128K), 0.0621050 secs] [Times: user=0.49 sys=0.00, real=0.06 secs] 
335.780: Total time for which application threads were stopped: 0.0623100 seconds, Stopping threads took: 0.0001140 seconds
335.985: Application time: 0.2057820 seconds
335.985: [GC [PSYoungGen: 553095K->69735K(570368K)] 1471848K->1029968K(1904128K), 0.0572840 secs] [Times: user=0.46 sys=0.00, real=0.06 secs] 
336.043: Total time for which application threads were stopped: 0.0574790 seconds, Stopping threads took: 0.0000910 seconds
336.246: Application time: 0.2030080 seconds
336.246: [GC [PSYoungGen: 548455K->75131K(571392K)] 1508688K->1078119K(1905152K), 0.0605390 secs] [Times: user=0.48 sys=0.00, real=0.06 secs] 
336.307: Total time for which application threads were stopped: 0.0607090 seconds, Stopping threads took: 0.0000760 seconds
336.514: Application time: 0.2073720 seconds
336.514: [GC [PSYoungGen: 553851K->68768K(573952K)] 1556839K->1112608K(1907712K), 0.0571780 secs] [Times: user=0.45 sys=0.00, real=0.06 secs] 
336.571: Total time for which application threads were stopped: 0.0573670 seconds, Stopping threads took: 0.0000850 seconds
336.777: Application time: 0.2054520 seconds
336.777: [GC [PSYoungGen: 552096K->74208K(573952K)] 1595936K->1158985K(1907712K), 0.0593100 secs] [Times: user=0.47 sys=0.00, real=0.06 secs] 
336.836: Total time for which application threads were stopped: 0.0594820 seconds, Stopping threads took: 0.0000800 seconds
337.043: Application time: 0.2069390 seconds
337.043: [GC [PSYoungGen: 557536K->71458K(575488K)] 1642313K->1191237K(1909248K), 0.0544140 secs] [Times: user=0.43 sys=0.00, real=0.06 secs] 
337.098: Total time for which application threads were stopped: 0.0546370 seconds, Stopping threads took: 0.0001140 seconds
337.309: Application time: 0.2107900 seconds
337.309: [GC [PSYoungGen: 558370K->68400K(574976K)] 1678149K->1226291K(1908736K), 0.0553340 secs] [Times: user=0.43 sys=0.01, real=0.05 secs] 
337.364: Total time for which application threads were stopped: 0.0555220 seconds, Stopping threads took: 0.0000890 seconds
337.565: Application time: 0.2004180 seconds
337.565: [GC [PSYoungGen: 555312K->74843K(578048K)] 1713203K->1269367K(1911808K), 0.0560500 secs] [Times: user=0.44 sys=0.00, real=0.06 secs] 
337.621: Total time for which application threads were stopped: 0.0562570 seconds, Stopping threads took: 0.0000960 seconds
337.834: Application time: 0.2132710 seconds
337.834: [GC [PSYoungGen: 565851K->66993K(577536K)] 1760375K->1293646K(1911296K), 0.0509410 secs] [Times: user=0.40 sys=0.00, real=0.05 secs] 
337.885: Total time for which application threads were stopped: 0.0511190 seconds, Stopping threads took: 0.0000870 seconds
338.084: Application time: 0.1991150 seconds
338.084: [GC [PSYoungGen: 558001K->77472K(579584K)] 1784654K->1336061K(1913344K), 0.0541490 secs] [Times: user=0.43 sys=0.00, real=0.06 secs] 
338.139: Total time for which application threads were stopped: 0.0543360 seconds, Stopping threads took: 0.0000840 seconds
338.359: Application time: 0.2199900 seconds
338.360: [GC [PSYoungGen: 570528K->71163K(564224K)] 1829117K->1362148K(1897984K), 0.0535530 secs] [Times: user=0.42 sys=0.00, real=0.05 secs] 
338.414: [Full GC [PSYoungGen: 71163K->0K(564224K)] [ParOldGen: 1290985K->128010K(1333760K)] 1362148K->128010K(1897984K) [PSPermGen: 9168K->9168K(21504K)], 0.1518340 secs] [Times: user=1.09 sys=0.00, real=0.15 secs] 
338.566: Total time for which application threads were stopped: 0.2070500 seconds, Stopping threads took: 0.0015150 seconds
338.770: Application time: 0.2040920 seconds
338.770: [GC [PSYoungGen: 493056K->85487K(567296K)] 621066K->223000K(1901056K), 0.0522960 secs] [Times: user=0.41 sys=0.00, real=0.05 secs] 
338.822: Total time for which application threads were stopped: 0.0524970 seconds, Stopping threads took: 0.0000970 seconds
339.026: Application time: 0.2040940 seconds
339.027: [GC [PSYoungGen: 567279K->75370K(574464K)] 704792K->272385K(1908224K), 0.0681590 secs] [Times: user=0.55 sys=0.00, real=0.07 secs] 
339.095: Total time for which application threads were stopped: 0.0683460 seconds, Stopping threads took: 0.0000950 seconds
339.299: Application time: 0.2044950 seconds
339.299: [GC [PSYoungGen: 557162K->84432K(571904K)] 754177K->330080K(1905664K), 0.0669440 secs] [Times: user=0.53 sys=0.00, real=0.06 secs] 
339.366: Total time for which application threads were stopped: 0.0671510 seconds, Stopping threads took: 0.0001020 seconds
339.571: Application time: 0.2043250 seconds
339.571: [GC [PSYoungGen: 565200K->78848K(573952K)] 810848K->376332K(1907712K), 0.0645360 secs] [Times: user=0.51 sys=0.00, real=0.06 secs] 
339.635: Total time for which application threads were stopped: 0.0647230 seconds, Stopping threads took: 0.0000990 seconds
339.838: Application time: 0.2028000 seconds
339.838: [GC [PSYoungGen: 559616K->78576K(571392K)] 857100K->423939K(1905152K), 0.0637180 secs] [Times: user=0.51 sys=0.00, real=0.06 secs] 
339.902: Total time for which application threads were stopped: 0.0638910 seconds, Stopping threads took: 0.0000770 seconds
340.107: Application time: 0.2053380 seconds
340.108: [GC [PSYoungGen: 559856K->74752K(572928K)] 905219K->466770K(1906688K), 0.0619250 secs] [Times: user=0.49 sys=0.00, real=0.07 secs] 
340.170: Total time for which application threads were stopped: 0.0621170 seconds, Stopping threads took: 0.0000990 seconds
340.378: Application time: 0.2084970 seconds
340.378: [GC [PSYoungGen: 556032K->72432K(572928K)] 948050K->508495K(1906688K), 0.0588770 secs] [Times: user=0.47 sys=0.00, real=0.06 secs] 
340.437: Total time for which application threads were stopped: 0.0590580 seconds, Stopping threads took: 0.0000810 seconds
340.642: Application time: 0.2050890 seconds
340.642: [GC [PSYoungGen: 557296K->74139K(574464K)] 993359K->545911K(1908224K), 0.0549800 secs] [Times: user=0.43 sys=0.00, real=0.06 secs] 
340.697: Total time for which application threads were stopped: 0.0551640 seconds, Stopping threads took: 0.0000960 seconds
340.911: Application time: 0.2135590 seconds
340.911: [GC [PSYoungGen: 559003K->67312K(577536K)] 1030775K->580571K(1911296K), 0.0550740 secs] [Times: user=0.43 sys=0.00, real=0.05 secs] 
340.966: Total time for which application threads were stopped: 0.0552550 seconds, Stopping threads took: 0.0000790 seconds
341.172: Application time: 0.2054400 seconds
341.172: [GC [PSYoungGen: 556272K->76256K(565248K)] 1069531K->625093K(1899008K), 0.0558220 secs] [Times: user=0.45 sys=0.00, real=0.05 secs] 
341.228: Total time for which application threads were stopped: 0.0560180 seconds, Stopping threads took: 0.0001060 seconds
341.446: Application time: 0.2181660 seconds
341.448: [GC [PSYoungGen: 565216K->60800K(576512K)] 1114053K->645801K(1910272K), 0.0498890 secs] [Times: user=0.40 sys=0.00, real=0.05 secs] 
341.498: Total time for which application threads were stopped: 0.0522560 seconds, Stopping threads took: 0.0022600 seconds
341.696: Application time: 0.1982800 seconds
341.697: [GC [PSYoungGen: 549248K->77376K(577536K)] 1134249K->694133K(1911296K), 0.0531740 secs] [Times: user=0.41 sys=0.00, real=0.05 secs] 
341.750: Total time for which application threads were stopped: 0.0533500 seconds, Stopping threads took: 0.0000880 seconds
341.969: Application time: 0.2193180 seconds
341.969: [GC [PSYoungGen: 565824K->55673K(574976K)] 1182581K->696764K(1908736K), 0.0406660 secs] [Times: user=0.33 sys=0.00, real=0.04 secs] 
342.010: Total time for which application threads were stopped: 0.0408520 seconds, Stopping threads took: 0.0000870 seconds
342.210: Application time: 0.2000940 seconds
342.210: [GC [PSYoungGen: 541561K->77632K(576512K)] 1182652K->746167K(1910272K), 0.0519180 secs] [Times: user=0.41 sys=0.00, real=0.05 secs] 
342.262: Total time for which application threads were stopped: 0.0520950 seconds, Stopping threads took: 0.0000850 seconds
342.473: Application time: 0.2110070 seconds
342.476: [GC [PSYoungGen: 563520K->61204K(575488K)] 1232055K->762979K(1909248K), 0.0453520 secs] [Times: user=0.36 sys=0.00, real=0.04 secs] 
342.522: Total time for which application threads were stopped: 0.0484650 seconds, Stopping threads took: 0.0030110 seconds
342.728: Application time: 0.2067150 seconds
342.729: [GC [PSYoungGen: 546068K->76842K(576000K)] 1247843K->803324K(1909760K), 0.0500290 secs] [Times: user=0.40 sys=0.00, real=0.05 secs] 
342.779: Total time for which application threads were stopped: 0.0511470 seconds, Stopping threads took: 0.0010300 seconds
342.989: Application time: 0.2095760 seconds
342.989: [GC [PSYoungGen: 561706K->63165K(574976K)] 1288188K->820505K(1908736K), 0.0451600 secs] [Times: user=0.36 sys=0.00, real=0.04 secs] 
343.034: Total time for which application threads were stopped: 0.0453980 seconds, Stopping threads took: 0.0001380 seconds
343.237: Application time: 0.2023050 seconds
343.237: [GC [PSYoungGen: 548029K->78457K(575488K)] 1305369K->866137K(1909248K), 0.0527870 secs] [Times: user=0.42 sys=0.00, real=0.05 secs] 
343.290: Total time for which application threads were stopped: 0.0529700 seconds, Stopping threads took: 0.0000910 seconds
343.502: Application time: 0.2119720 seconds
343.502: [GC [PSYoungGen: 563321K->66891K(575488K)] 1351001K->895655K(1909248K), 0.0534830 secs] [Times: user=0.42 sys=0.00, real=0.05 secs] 
343.555: Total time for which application threads were stopped: 0.0536810 seconds, Stopping threads took: 0.0000980 seconds
343.758: Application time: 0.2027160 seconds
343.758: [GC [PSYoungGen: 551755K->78933K(575488K)] 1380519K->939613K(1909248K), 0.0547030 secs] [Times: user=0.43 sys=0.00, real=0.05 secs] 
343.813: Total time for which application threads were stopped: 0.0549250 seconds, Stopping threads took: 0.0001330 seconds
344.015: Application time: 0.2021300 seconds
344.016: [GC [PSYoungGen: 563797K->73406K(574976K)] 1424477K->979350K(1908736K), 0.0582700 secs] [Times: user=0.46 sys=0.00, real=0.05 secs] 
344.074: Total time for which application threads were stopped: 0.0593360 seconds, Stopping threads took: 0.0009620 seconds
344.281: Application time: 0.2064320 seconds
344.281: [GC [PSYoungGen: 558782K->78512K(575488K)] 1464726K->1025770K(1909248K), 0.0600690 secs] [Times: user=0.48 sys=0.00, real=0.06 secs] 
344.341: Total time for which application threads were stopped: 0.0602430 seconds, Stopping threads took: 0.0000880 seconds
344.543: Application time: 0.2018280 seconds
344.543: [GC [PSYoungGen: 563888K->79488K(575488K)] 1511146K->1078350K(1909248K), 0.0660990 secs] [Times: user=0.53 sys=0.00, real=0.07 secs] 
344.609: Total time for which application threads were stopped: 0.0663210 seconds, Stopping threads took: 0.0001180 seconds
344.824: Application time: 0.2149810 seconds
344.824: [GC [PSYoungGen: 564352K->77417K(576000K)] 1563214K->1122981K(1909760K), 0.0635010 secs] [Times: user=0.50 sys=0.00, real=0.06 secs] 
344.888: Total time for which application threads were stopped: 0.0636880 seconds, Stopping threads took: 0.0000970 seconds
345.090: Application time: 0.2023890 seconds
345.091: [GC [PSYoungGen: 562281K->86736K(570368K)] 1607845K->1184861K(1904128K), 0.0705900 secs] [Times: user=0.56 sys=0.00, real=0.07 secs] 
345.161: Total time for which application threads were stopped: 0.0707880 seconds, Stopping threads took: 0.0000980 seconds
345.368: Application time: 0.2071700 seconds
345.368: [GC [PSYoungGen: 566480K->75563K(573440K)] 1664605K->1225566K(1907200K), 0.0653920 secs] [Times: user=0.52 sys=0.00, real=0.06 secs] 
345.434: Total time for which application threads were stopped: 0.0655650 seconds, Stopping threads took: 0.0000830 seconds
345.632: Application time: 0.1983900 seconds
345.632: [GC [PSYoungGen: 555307K->86704K(569856K)] 1705310K->1286543K(1903616K), 0.0697450 secs] [Times: user=0.55 sys=0.00, real=0.07 secs] 
345.702: Total time for which application threads were stopped: 0.0699650 seconds, Stopping threads took: 0.0001190 seconds
345.913: Application time: 0.2104560 seconds
345.913: [GC [PSYoungGen: 564400K->70914K(572416K)] 1764239K->1323988K(1906176K), 0.0654900 secs] [Times: user=0.52 sys=0.00, real=0.07 secs] 
345.978: Total time for which application threads were stopped: 0.0656620 seconds, Stopping threads took: 0.0000780 seconds
346.180: Application time: 0.2012190 seconds
346.180: [GC [PSYoungGen: 548610K->84544K(570368K)] 1801684K->1382512K(1904128K), 0.0681490 secs] [Times: user=0.54 sys=0.00, real=0.06 secs] 
346.248: [Full GC [PSYoungGen: 84544K->0K(570368K)] [ParOldGen: 1297968K->149328K(1333760K)] 1382512K->149328K(1904128K) [PSPermGen: 9168K->9168K(21504K)], 0.1855010 secs] [Times: user=1.37 sys=0.00, real=0.19 secs] 
346.434: Total time for which application threads were stopped: 0.2538970 seconds, Stopping threads took: 0.0000860 seconds
346.639: Application time: 0.2052180 seconds
346.639: [GC [PSYoungGen: 476672K->78585K(571904K)] 626000K->227914K(1905664K), 0.0462510 secs] [Times: user=0.36 sys=0.00, real=0.04 secs] 
346.685: Total time for which application threads were stopped: 0.0464530 seconds, Stopping threads took: 0.0001110 seconds
346.885: Application time: 0.1995940 seconds
346.888: [GC [PSYoungGen: 555257K->81824K(571392K)] 704586K->281872K(1905152K), 0.0680330 secs] [Times: user=0.54 sys=0.00, real=0.07 secs] 
346.956: Total time for which application threads were stopped: 0.0716440 seconds, Stopping threads took: 0.0034920 seconds
347.158: Application time: 0.2019810 seconds
347.159: [GC [PSYoungGen: 559520K->71152K(571904K)] 759568K->322196K(1905664K), 0.0610280 secs] [Times: user=0.48 sys=0.00, real=0.06 secs] 
347.220: Total time for which application threads were stopped: 0.0612310 seconds, Stopping threads took: 0.0001120 seconds
347.427: Application time: 0.2070190 seconds
347.428: [GC [PSYoungGen: 548848K->78640K(570880K)] 799892K->370154K(1904640K), 0.0597530 secs] [Times: user=0.48 sys=0.00, real=0.05 secs] 
347.488: Total time for which application threads were stopped: 0.0613300 seconds, Stopping threads took: 0.0014740 seconds
347.693: Application time: 0.2050700 seconds
347.693: [GC [PSYoungGen: 557872K->69776K(571904K)] 849386K->409502K(1905664K), 0.0582750 secs] [Times: user=0.46 sys=0.00, real=0.06 secs] 
347.752: Total time for which application threads were stopped: 0.0584630 seconds, Stopping threads took: 0.0000990 seconds
347.953: Application time: 0.2011320 seconds
347.953: [GC [PSYoungGen: 549008K->74848K(571904K)] 888734K->452582K(1905664K), 0.0570290 secs] [Times: user=0.45 sys=0.00, real=0.06 secs] 
348.010: Total time for which application threads were stopped: 0.0572370 seconds, Stopping threads took: 0.0000960 seconds
348.218: Application time: 0.2076830 seconds
348.220: [GC [PSYoungGen: 557152K->69792K(573440K)] 934886K->489156K(1907200K), 0.0559930 secs] [Times: user=0.44 sys=0.00, real=0.06 secs] 
348.278: Total time for which application threads were stopped: 0.0601430 seconds, Stopping threads took: 0.0025320 seconds
348.482: Application time: 0.2045760 seconds
348.484: [GC [PSYoungGen: 552096K->68224K(575488K)] 971460K->519169K(1909248K), 0.0509980 secs] [Times: user=0.40 sys=0.00, real=0.05 secs] 
348.535: Total time for which application threads were stopped: 0.0529800 seconds, Stopping threads took: 0.0018630 seconds
348.746: Application time: 0.2108830 seconds
348.746: [GC [PSYoungGen: 553600K->68624K(576000K)] 1004545K->551107K(1909760K), 0.0498900 secs] [Times: user=0.40 sys=0.00, real=0.06 secs] 
348.796: Total time for which application threads were stopped: 0.0500600 seconds, Stopping threads took: 0.0000790 seconds
349.001: Application time: 0.2046780 seconds
349.001: [GC [PSYoungGen: 554000K->72343K(573440K)] 1036483K->590977K(1907200K), 0.0514840 secs] [Times: user=0.41 sys=0.00, real=0.05 secs] 
349.053: Total time for which application threads were stopped: 0.0516780 seconds, Stopping threads took: 0.0000950 seconds
349.270: Application time: 0.2172020 seconds
349.272: [GC [PSYoungGen: 558743K->61792K(574976K)] 1077377K->602465K(1908736K), 0.0426690 secs] [Times: user=0.34 sys=0.00, real=0.04 secs] 
349.315: Total time for which application threads were stopped: 0.0450500 seconds, Stopping threads took: 0.0022900 seconds
349.525: Application time: 0.2105000 seconds
349.527: [GC [PSYoungGen: 548192K->74075K(577024K)] 1088865K->643420K(1910784K), 0.0514310 secs] [Times: user=0.41 sys=0.00, real=0.06 secs] 
349.578: Total time for which application threads were stopped: 0.0530150 seconds, Stopping threads took: 0.0014580 seconds
349.788: Application time: 0.2097680 seconds
349.788: [GC [PSYoungGen: 563547K->69537K(577536K)] 1132892K->667033K(1911296K), 0.0468140 secs] [Times: user=0.37 sys=0.00, real=0.04 secs] 
349.835: Total time for which application threads were stopped: 0.0469810 seconds, Stopping threads took: 0.0000770 seconds
350.045: Application time: 0.2095050 seconds
350.045: [GC [PSYoungGen: 559009K->73127K(577536K)] 1156505K->706627K(1911296K), 0.0534800 secs] [Times: user=0.42 sys=0.00, real=0.06 secs] 
350.098: Total time for which application threads were stopped: 0.0536670 seconds, Stopping threads took: 0.0000830 seconds
350.305: Application time: 0.2067640 seconds
350.305: [GC [PSYoungGen: 565159K->76534K(578048K)] 1198659K->747464K(1911808K), 0.0561290 secs] [Times: user=0.45 sys=0.00, real=0.06 secs] 
350.361: Total time for which application threads were stopped: 0.0562820 seconds, Stopping threads took: 0.0000630 seconds
350.576: Application time: 0.2150950 seconds
350.577: [GC [PSYoungGen: 568566K->71120K(579072K)] 1239496K->783021K(1912832K), 0.0569580 secs] [Times: user=0.45 sys=0.00, real=0.05 secs] 
350.634: Total time for which application threads were stopped: 0.0571580 seconds, Stopping threads took: 0.0000970 seconds
350.838: Application time: 0.2041910 seconds
350.838: [GC [PSYoungGen: 566224K->82176K(577536K)] 1278125K->837210K(1911296K), 0.0623040 secs] [Times: user=0.49 sys=0.00, real=0.06 secs] 
350.900: Total time for which application threads were stopped: 0.0624990 seconds, Stopping threads took: 0.0001030 seconds
351.123: Application time: 0.2228840 seconds
351.123: [GC [PSYoungGen: 577280K->66955K(580096K)] 1332314K->860255K(1913856K), 0.0541350 secs] [Times: user=0.43 sys=0.00, real=0.06 secs] 
351.178: Total time for which application threads were stopped: 0.0543450 seconds, Stopping threads took: 0.0001040 seconds
351.379: Application time: 0.2015590 seconds
351.379: [GC [PSYoungGen: 559499K->87024K(579584K)] 1352799K->923812K(1913344K), 0.0658300 secs] [Times: user=0.53 sys=0.00, real=0.06 secs] 
351.445: Total time for which application threads were stopped: 0.0660100 seconds, Stopping threads took: 0.0000900 seconds
351.659: Application time: 0.2141090 seconds
351.659: [GC [PSYoungGen: 579568K->66073K(541696K)] 1416356K->951311K(1875456K), 0.0578900 secs] [Times: user=0.46 sys=0.00, real=0.06 secs] 
351.717: Total time for which application threads were stopped: 0.0580670 seconds, Stopping threads took: 0.0000750 seconds
351.910: Application time: 0.1926720 seconds
351.910: [GC [PSYoungGen: 520217K->78432K(560640K)] 1405455K->1003769K(1894400K), 0.0595420 secs] [Times: user=0.47 sys=0.00, real=0.06 secs] 
351.970: Total time for which application threads were stopped: 0.0597210 seconds, Stopping threads took: 0.0000900 seconds
352.168: Application time: 0.1980070 seconds
352.168: [GC [PSYoungGen: 532540K->62912K(558080K)] 1457877K->1030980K(1891840K), 0.0532610 secs] [Times: user=0.42 sys=0.00, real=0.06 secs] 
352.221: Total time for which application threads were stopped: 0.0534500 seconds, Stopping threads took: 0.0000900 seconds
352.404: Application time: 0.1831810 seconds
352.404: [GC [PSYoungGen: 519616K->82368K(560640K)] 1487684K->1089168K(1894400K), 0.0606160 secs] [Times: user=0.48 sys=0.00, real=0.06 secs] 
352.465: Total time for which application threads were stopped: 0.0607970 seconds, Stopping threads took: 0.0000920 seconds
352.675: Application time: 0.2097320 seconds
352.675: [GC [PSYoungGen: 539072K->59616K(562688K)] 1545872K->1109197K(1896448K), 0.0535790 secs] [Times: user=0.43 sys=0.00, real=0.06 secs] 
352.729: Total time for which application threads were stopped: 0.0537650 seconds, Stopping threads took: 0.0000860 seconds
352.911: Application time: 0.1821940 seconds
352.911: [GC [PSYoungGen: 519392K->86144K(546304K)] 1568973K->1174581K(1880064K), 0.0635540 secs] [Times: user=0.49 sys=0.00, real=0.06 secs] 
352.975: Total time for which application threads were stopped: 0.0637350 seconds, Stopping threads took: 0.0000940 seconds
353.183: Application time: 0.2088860 seconds
353.184: [GC [PSYoungGen: 545920K->62176K(562688K)] 1634357K->1196499K(1896448K), 0.0554800 secs] [Times: user=0.44 sys=0.00, real=0.06 secs] 
353.239: Total time for which application threads were stopped: 0.0557020 seconds, Stopping threads took: 0.0001190 seconds
353.420: Application time: 0.1808920 seconds
353.424: [GC [PSYoungGen: 519904K->87280K(545280K)] 1654227K->1262698K(1879040K), 0.0644510 secs] [Times: user=0.51 sys=0.00, real=0.07 secs] 
353.489: Total time for which application threads were stopped: 0.0685610 seconds, Stopping threads took: 0.0040220 seconds
353.694: Application time: 0.2051020 seconds
353.696: [GC [PSYoungGen: 545008K->62720K(561664K)] 1720426K->1286396K(1895424K), 0.0580870 secs] [Times: user=0.46 sys=0.00, real=0.06 secs] 
353.754: Total time for which application threads were stopped: 0.0602880 seconds, Stopping threads took: 0.0020950 seconds
353.944: Application time: 0.1902930 seconds
353.944: [GC [PSYoungGen: 518400K->86127K(542208K)] 1742076K->1352064K(1875968K), 0.0677790 secs] [Times: user=0.54 sys=0.00, real=0.07 secs] 
354.012: Total time for which application threads were stopped: 0.0679730 seconds, Stopping threads took: 0.0000990 seconds
354.216: Application time: 0.2033320 seconds
354.216: [GC [PSYoungGen: 541807K->65728K(561664K)] 1807744K->1381471K(1895424K), 0.0618890 secs] [Times: user=0.49 sys=0.00, real=0.07 secs] 
354.278: [Full GC [PSYoungGen: 65728K->0K(561664K)] [ParOldGen: 1315743K->141035K(1333760K)] 1381471K->141035K(1895424K) [PSPermGen: 9168K->9168K(21504K)], 0.1788430 secs] [Times: user=1.31 sys=0.00, real=0.18 secs] 
354.457: Total time for which application threads were stopped: 0.2409720 seconds, Stopping threads took: 0.0000780 seconds
354.641: Application time: 0.1844870 seconds
354.641: [GC [PSYoungGen: 455168K->88955K(544256K)] 596203K->229991K(1878016K), 0.0487710 secs] [Times: user=0.38 sys=0.00, real=0.05 secs] 
354.690: Total time for which application threads were stopped: 0.0489700 seconds, Stopping threads took: 0.0001050 seconds
354.888: Application time: 0.1980670 seconds
354.888: [GC [PSYoungGen: 544123K->71936K(562176K)] 685159K->268152K(1895936K), 0.0655900 secs] [Times: user=0.52 sys=0.00, real=0.06 secs] 
354.954: Total time for which application threads were stopped: 0.0657810 seconds, Stopping threads took: 0.0000900 seconds
355.143: Application time: 0.1888400 seconds
355.143: [GC [PSYoungGen: 526592K->78392K(533504K)] 722808K->323262K(1867264K), 0.0627690 secs] [Times: user=0.50 sys=0.00, real=0.06 secs] 
355.206: Total time for which application threads were stopped: 0.0629480 seconds, Stopping threads took: 0.0000920 seconds
355.406: Application time: 0.2001710 seconds
355.406: [GC [PSYoungGen: 533048K->74640K(559616K)] 777918K->367547K(1893376K), 0.0635790 secs] [Times: user=0.50 sys=0.00, real=0.07 secs] 
355.470: Total time for which application threads were stopped: 0.0637550 seconds, Stopping threads took: 0.0000690 seconds
355.658: Application time: 0.1883910 seconds
355.658: [GC [PSYoungGen: 531344K->77253K(557568K)] 824251K->419524K(1891328K), 0.0618390 secs] [Times: user=0.49 sys=0.00, real=0.06 secs] 
355.720: Total time for which application threads were stopped: 0.0620300 seconds, Stopping threads took: 0.0000940 seconds
355.916: Application time: 0.1958010 seconds
355.916: [GC [PSYoungGen: 533957K->76336K(564224K)] 876228K->467056K(1897984K), 0.0637920 secs] [Times: user=0.50 sys=0.00, real=0.07 secs] 
355.980: Total time for which application threads were stopped: 0.0639870 seconds, Stopping threads took: 0.0000880 seconds
356.174: Application time: 0.1941360 seconds
356.174: [GC [PSYoungGen: 541744K->78582K(562176K)] 932464K->517852K(1895936K), 0.0638010 secs] [Times: user=0.50 sys=0.00, real=0.07 secs] 
356.238: Total time for which application threads were stopped: 0.0639720 seconds, Stopping threads took: 0.0000830 seconds
356.435: Application time: 0.1975310 seconds
356.436: [GC [PSYoungGen: 543990K->78160K(568832K)] 983260K->568514K(1902592K), 0.0660570 secs] [Times: user=0.52 sys=0.00, real=0.07 secs] 
356.502: Total time for which application threads were stopped: 0.0662390 seconds, Stopping threads took: 0.0000810 seconds
356.699: Application time: 0.1974770 seconds
356.699: [GC [PSYoungGen: 551248K->82032K(567296K)] 1041602K->621922K(1901056K), 0.0663960 secs] [Times: user=0.53 sys=0.00, real=0.06 secs] 
356.766: Total time for which application threads were stopped: 0.0665800 seconds, Stopping threads took: 0.0000960 seconds
356.969: Application time: 0.2027200 seconds
356.969: [GC [PSYoungGen: 555120K->75392K(570880K)] 1095010K->667432K(1904640K), 0.0654440 secs] [Times: user=0.50 sys=0.00, real=0.06 secs] 
357.034: Total time for which application threads were stopped: 0.0656440 seconds, Stopping threads took: 0.0000960 seconds
357.229: Application time: 0.1948280 seconds
357.229: [GC [PSYoungGen: 553600K->83802K(571392K)] 1145640K->724015K(1905152K), 0.0664570 secs] [Times: user=0.53 sys=0.00, real=0.06 secs] 
357.296: Total time for which application threads were stopped: 0.0666380 seconds, Stopping threads took: 0.0000930 seconds
357.501: Application time: 0.2058140 seconds
357.504: [GC [PSYoungGen: 562010K->73600K(572928K)] 1202223K->765972K(1906688K), 0.0651720 secs] [Times: user=0.51 sys=0.00, real=0.07 secs] 
357.569: Total time for which application threads were stopped: 0.0679530 seconds, Stopping threads took: 0.0026790 seconds
357.768: Application time: 0.1984220 seconds
357.768: [GC [PSYoungGen: 553344K->81211K(572928K)] 1245716K->822575K(1906688K), 0.0652230 secs] [Times: user=0.52 sys=0.00, real=0.07 secs] 
357.833: Total time for which application threads were stopped: 0.0653990 seconds, Stopping threads took: 0.0000850 seconds
358.046: Application time: 0.2127830 seconds
358.046: [GC [PSYoungGen: 560955K->69712K(572928K)] 1302319K->859062K(1906688K), 0.0621280 secs] [Times: user=0.49 sys=0.00, real=0.07 secs] 
358.108: Total time for which application threads were stopped: 0.0623500 seconds, Stopping threads took: 0.0001180 seconds
358.308: Application time: 0.1992230 seconds
358.308: [GC [PSYoungGen: 550480K->83458K(573440K)] 1339830K->919258K(1907200K), 0.0662580 secs] [Times: user=0.52 sys=0.00, real=0.07 secs] 
358.374: Total time for which application threads were stopped: 0.0664740 seconds, Stopping threads took: 0.0001150 seconds
358.586: Application time: 0.2115970 seconds
358.586: [GC [PSYoungGen: 564226K->66432K(572416K)] 1400026K->948629K(1906176K), 0.0579180 secs] [Times: user=0.45 sys=0.00, real=0.06 secs] 
358.644: Total time for which application threads were stopped: 0.0581040 seconds, Stopping threads took: 0.0000840 seconds
358.836: Application time: 0.1919350 seconds
358.836: [GC [PSYoungGen: 545152K->84352K(563200K)] 1427349K->1010909K(1896960K), 0.0650850 secs] [Times: user=0.52 sys=0.00, real=0.07 secs] 
358.901: Total time for which application threads were stopped: 0.0652470 seconds, Stopping threads took: 0.0000700 seconds
359.116: Application time: 0.2154240 seconds
359.120: [GC [PSYoungGen: 563072K->61280K(569856K)] 1489629K->1031756K(1903616K), 0.0550930 secs] [Times: user=0.44 sys=0.00, real=0.05 secs] 
359.175: Total time for which application threads were stopped: 0.0588840 seconds, Stopping threads took: 0.0036870 seconds
359.367: Application time: 0.1918230 seconds
359.367: [GC [PSYoungGen: 535904K->81479K(570880K)] 1506380K->1090623K(1904640K), 0.0613500 secs] [Times: user=0.48 sys=0.00, real=0.07 secs] 
359.429: Total time for which application threads were stopped: 0.0615570 seconds, Stopping threads took: 0.0001190 seconds
359.639: Application time: 0.2106190 seconds
359.639: [GC [PSYoungGen: 556103K->61370K(569856K)] 1565247K->1107731K(1903616K), 0.0511990 secs] [Times: user=0.41 sys=0.00, real=0.05 secs] 
359.691: Total time for which application threads were stopped: 0.0513810 seconds, Stopping threads took: 0.0000810 seconds
359.889: Application time: 0.1986350 seconds
359.889: [GC [PSYoungGen: 534970K->77088K(550912K)] 1581331K->1156325K(1884672K), 0.0562980 secs] [Times: user=0.44 sys=0.00, real=0.05 secs] 
359.946: Total time for which application threads were stopped: 0.0564860 seconds, Stopping threads took: 0.0001000 seconds
360.152: Application time: 0.2058240 seconds
360.152: [GC [PSYoungGen: 550688K->63831K(570368K)] 1629925K->1182649K(1904128K), 0.0517330 secs] [Times: user=0.41 sys=0.00, real=0.05 secs] 
360.204: Total time for which application threads were stopped: 0.0519200 seconds, Stopping threads took: 0.0000830 seconds
360.405: Application time: 0.2014630 seconds
360.405: [GC [PSYoungGen: 538455K->75466K(569856K)] 1657273K->1222475K(1903616K), 0.0528650 secs] [Times: user=0.42 sys=0.00, real=0.06 secs] 
360.458: Total time for which application threads were stopped: 0.0530270 seconds, Stopping threads took: 0.0000740 seconds
360.667: Application time: 0.2094360 seconds
360.668: [GC [PSYoungGen: 550090K->62658K(569856K)] 1697099K->1250355K(1903616K), 0.0530890 secs] [Times: user=0.42 sys=0.00, real=0.05 secs] 
360.721: Total time for which application threads were stopped: 0.0538380 seconds, Stopping threads took: 0.0006490 seconds
360.925: Application time: 0.2038740 seconds
360.925: [GC [PSYoungGen: 538818K->75407K(569856K)] 1726515K->1295932K(1903616K), 0.0552080 secs] [Times: user=0.43 sys=0.00, real=0.06 secs] 
360.981: Total time for which application threads were stopped: 0.0554020 seconds, Stopping threads took: 0.0001000 seconds
361.187: Application time: 0.2063730 seconds
361.187: [GC [PSYoungGen: 551567K->62986K(572416K)] 1772092K->1324585K(1906176K), 0.0544460 secs] [Times: user=0.43 sys=0.00, real=0.06 secs] 
361.242: Total time for which application threads were stopped: 0.0546320 seconds, Stopping threads took: 0.0000850 seconds
361.444: Application time: 0.2022380 seconds
361.444: [GC [PSYoungGen: 542730K->73354K(572416K)] 1804329K->1363420K(1906176K), 0.0523230 secs] [Times: user=0.42 sys=0.01, real=0.06 secs] 
361.496: [Full GC [PSYoungGen: 73354K->0K(572416K)] [ParOldGen: 1290066K->122865K(1333760K)] 1363420K->122865K(1906176K) [PSPermGen: 9168K->9168K(21504K)], 0.1414810 secs] [Times: user=1.00 sys=0.00, real=0.14 secs] 
361.638: Total time for which application threads were stopped: 0.1940780 seconds, Stopping threads took: 0.0001110 seconds
361.843: Application time: 0.2051270 seconds
361.843: [GC [PSYoungGen: 479744K->85513K(569856K)] 602609K->208379K(1903616K), 0.0483880 secs] [Times: user=0.39 sys=0.00, real=0.05 secs] 
361.892: Total time for which application threads were stopped: 0.0485940 seconds, Stopping threads took: 0.0001030 seconds
362.100: Application time: 0.2079930 seconds
362.100: [GC [PSYoungGen: 564233K->72328K(572928K)] 687099K->249397K(1906688K), 0.0650920 secs] [Times: user=0.52 sys=0.00, real=0.06 secs] 
362.165: Total time for which application threads were stopped: 0.0652730 seconds, Stopping threads took: 0.0000920 seconds
362.365: Application time: 0.1996860 seconds
362.365: [GC [PSYoungGen: 551048K->72741K(568832K)] 728117K->290893K(1902592K), 0.0557300 secs] [Times: user=0.45 sys=0.00, real=0.06 secs] 
362.421: Total time for which application threads were stopped: 0.0559290 seconds, Stopping threads took: 0.0000930 seconds
362.629: Application time: 0.2081970 seconds
362.629: [GC [PSYoungGen: 553509K->66068K(571392K)] 771661K->318801K(1905152K), 0.0487830 secs] [Times: user=0.38 sys=0.00, real=0.05 secs] 
362.678: Total time for which application threads were stopped: 0.0489570 seconds, Stopping threads took: 0.0000850 seconds
362.880: Application time: 0.2021380 seconds
362.880: [GC [PSYoungGen: 546836K->71099K(572928K)] 799569K->359826K(1906688K), 0.0533070 secs] [Times: user=0.42 sys=0.00, real=0.05 secs] 
362.933: Total time for which application threads were stopped: 0.0535110 seconds, Stopping threads took: 0.0001040 seconds
363.145: Application time: 0.2111840 seconds
363.145: [GC [PSYoungGen: 557499K->67778K(574976K)] 846226K->390310K(1908736K), 0.0497370 secs] [Times: user=0.39 sys=0.00, real=0.05 secs] 
363.194: Total time for which application threads were stopped: 0.0499340 seconds, Stopping threads took: 0.0001080 seconds
363.397: Application time: 0.2023680 seconds
363.400: [GC [PSYoungGen: 554178K->73473K(575488K)] 876710K->426095K(1909248K), 0.0499120 secs] [Times: user=0.39 sys=0.00, real=0.05 secs] 
363.450: Total time for which application threads were stopped: 0.0533040 seconds, Stopping threads took: 0.0032900 seconds
363.666: Application time: 0.2158130 seconds
363.666: [GC [PSYoungGen: 564481K->67350K(577536K)] 917103K->455627K(1911296K), 0.0490480 secs] [Times: user=0.39 sys=0.00, real=0.05 secs] 
363.715: Total time for which application threads were stopped: 0.0492860 seconds, Stopping threads took: 0.0001470 seconds
363.916: Application time: 0.2003410 seconds
363.916: [GC [PSYoungGen: 558197K->76706K(580096K)] 946474K->500452K(1913856K), 0.0538540 secs] [Times: user=0.43 sys=0.00, real=0.06 secs] 
363.970: Total time for which application threads were stopped: 0.0540570 seconds, Stopping threads took: 0.0000960 seconds
364.184: Application time: 0.2144600 seconds
364.184: [GC [PSYoungGen: 570786K->65483K(580608K)] 994532K->523832K(1914368K), 0.0492310 secs] [Times: user=0.38 sys=0.00, real=0.05 secs] 
364.234: Total time for which application threads were stopped: 0.0494140 seconds, Stopping threads took: 0.0000920 seconds
364.438: Application time: 0.2044570 seconds
364.438: [GC [PSYoungGen: 559563K->78218K(578560K)] 1017912K->561899K(1912320K), 0.0506000 secs] [Times: user=0.40 sys=0.00, real=0.05 secs] 
364.489: Total time for which application threads were stopped: 0.0508100 seconds, Stopping threads took: 0.0001030 seconds
364.701: Application time: 0.2118400 seconds
364.701: [GC [PSYoungGen: 570250K->71029K(563200K)] 1053931K->595220K(1896960K), 0.0535270 secs] [Times: user=0.42 sys=0.00, real=0.05 secs] 
364.754: Total time for which application threads were stopped: 0.0536920 seconds, Stopping threads took: 0.0000760 seconds
364.960: Application time: 0.2053640 seconds
364.960: [GC [PSYoungGen: 563061K->82999K(576000K)] 1087252K->646702K(1909760K), 0.0620500 secs] [Times: user=0.49 sys=0.00, real=0.06 secs] 
365.022: Total time for which application threads were stopped: 0.0622690 seconds, Stopping threads took: 0.0001130 seconds
365.235: Application time: 0.2130340 seconds
365.235: [GC [PSYoungGen: 572983K->70814K(578560K)] 1136686K->675581K(1912320K), 0.0550180 secs] [Times: user=0.44 sys=0.00, real=0.06 secs] 
365.290: Total time for which application threads were stopped: 0.0552000 seconds, Stopping threads took: 0.0000900 seconds
365.491: Application time: 0.2009550 seconds
365.491: [GC [PSYoungGen: 560798K->83232K(574464K)] 1165565K->731775K(1908224K), 0.0625450 secs] [Times: user=0.49 sys=0.00, real=0.06 secs] 
365.554: Total time for which application threads were stopped: 0.0627390 seconds, Stopping threads took: 0.0000940 seconds
365.764: Application time: 0.2104830 seconds
365.765: [GC [PSYoungGen: 570144K->68544K(577024K)] 1218687K->761946K(1910784K), 0.0560650 secs] [Times: user=0.44 sys=0.00, real=0.06 secs] 
365.821: Total time for which application threads were stopped: 0.0562500 seconds, Stopping threads took: 0.0000940 seconds
366.016: Application time: 0.1953920 seconds
366.016: [GC [PSYoungGen: 555456K->88144K(569856K)] 1248858K->827876K(1903616K), 0.0659390 secs] [Times: user=0.52 sys=0.00, real=0.06 secs] 
366.082: Total time for which application threads were stopped: 0.0661560 seconds, Stopping threads took: 0.0001170 seconds
366.296: Application time: 0.2139950 seconds
366.296: [GC [PSYoungGen: 568912K->62267K(543232K)] 1308644K->849971K(1876992K), 0.0563040 secs] [Times: user=0.44 sys=0.00, real=0.05 secs] 
366.353: Total time for which application threads were stopped: 0.0564850 seconds, Stopping threads took: 0.0000900 seconds
366.549: Application time: 0.1967250 seconds
366.550: [GC [PSYoungGen: 543035K->85664K(568320K)] 1330739K->912777K(1902080K), 0.0626960 secs] [Times: user=0.50 sys=0.00, real=0.06 secs] 
366.612: Total time for which application threads were stopped: 0.0628830 seconds, Stopping threads took: 0.0000870 seconds
366.818: Application time: 0.2059800 seconds
366.818: [GC [PSYoungGen: 560288K->61675K(570880K)] 1387401K->937003K(1904640K), 0.0545470 secs] [Times: user=0.43 sys=0.00, real=0.05 secs] 
366.873: Total time for which application threads were stopped: 0.0547200 seconds, Stopping threads took: 0.0000830 seconds
367.067: Application time: 0.1939580 seconds
367.067: [GC [PSYoungGen: 536299K->82256K(568832K)] 1411627K->994174K(1902592K), 0.0597330 secs] [Times: user=0.47 sys=0.00, real=0.06 secs] 
367.127: Total time for which application threads were stopped: 0.0599080 seconds, Stopping threads took: 0.0000720 seconds
367.330: Application time: 0.2030970 seconds
367.330: [GC [PSYoungGen: 554832K->64512K(569856K)] 1466750K->1023845K(1903616K), 0.0553600 secs] [Times: user=0.43 sys=0.00, real=0.05 secs] 
367.385: Total time for which application threads were stopped: 0.0555190 seconds, Stopping threads took: 0.0000710 seconds
367.588: Application time: 0.2025060 seconds
367.588: [GC [PSYoungGen: 537088K->76272K(566272K)] 1496421K->1073444K(1900032K), 0.0587250 secs] [Times: user=0.45 sys=0.00, real=0.05 secs] 
367.647: Total time for which application threads were stopped: 0.0589210 seconds, Stopping threads took: 0.0000960 seconds
367.847: Application time: 0.1995920 seconds
367.847: [GC [PSYoungGen: 549360K->67920K(568320K)] 1546532K->1111309K(1902080K), 0.0579520 secs] [Times: user=0.45 sys=0.00, real=0.06 secs] 
367.905: Total time for which application threads were stopped: 0.0581210 seconds, Stopping threads took: 0.0000780 seconds
368.108: Application time: 0.2036300 seconds
368.108: [GC [PSYoungGen: 541008K->75584K(568832K)] 1584397K->1157851K(1902592K), 0.0584610 secs] [Times: user=0.47 sys=0.00, real=0.05 secs] 
368.167: Total time for which application threads were stopped: 0.0586550 seconds, Stopping threads took: 0.0000910 seconds
368.371: Application time: 0.2043560 seconds
368.371: [GC [PSYoungGen: 553280K->71600K(570880K)] 1635547K->1198854K(1904640K), 0.0602840 secs] [Times: user=0.47 sys=0.00, real=0.06 secs] 
368.432: Total time for which application threads were stopped: 0.0604910 seconds, Stopping threads took: 0.0001170 seconds
368.638: Application time: 0.2065960 seconds
368.640: [GC [PSYoungGen: 549296K->75216K(571904K)] 1676550K->1240364K(1905664K), 0.0583020 secs] [Times: user=0.46 sys=0.00, real=0.06 secs] 
368.699: Total time for which application threads were stopped: 0.0601560 seconds, Stopping threads took: 0.0017500 seconds
368.906: Application time: 0.2071750 seconds
368.906: [GC [PSYoungGen: 558032K->72119K(572928K)] 1723180K->1274259K(1906688K), 0.0552480 secs] [Times: user=0.43 sys=0.01, real=0.06 secs] 
368.961: Total time for which application threads were stopped: 0.0554310 seconds, Stopping threads took: 0.0000910 seconds
369.166: Application time: 0.2049460 seconds
369.166: [GC [PSYoungGen: 554935K->67484K(576000K)] 1757075K->1297875K(1909760K), 0.0493780 secs] [Times: user=0.39 sys=0.00, real=0.05 secs] 
369.216: Total time for which application threads were stopped: 0.0495660 seconds, Stopping threads took: 0.0000840 seconds
369.423: Application time: 0.2077990 seconds
369.424: [GC [PSYoungGen: 555420K->70144K(576512K)] 1785811K->1332648K(1910272K), 0.0516840 secs] [Times: user=0.41 sys=0.00, real=0.05 secs] 
369.475: Total time for which application threads were stopped: 0.0518980 seconds, Stopping threads took: 0.0001230 seconds
369.684: Application time: 0.2089270 seconds
369.684: [GC [PSYoungGen: 558080K->69995K(577536K)] 1820584K->1367970K(1911296K), 0.0540570 secs] [Times: user=0.43 sys=0.00, real=0.06 secs] 
369.739: [Full GC [PSYoungGen: 69995K->0K(577536K)] [ParOldGen: 1297975K->126945K(1333760K)] 1367970K->126945K(1911296K) [PSPermGen: 9168K->9168K(21504K)], 0.1502630 secs] [Times: user=1.08 sys=0.00, real=0.15 secs] 
369.889: Total time for which application threads were stopped: 0.2045920 seconds, Stopping threads took: 0.0001090 seconds
370.097: Application time: 0.2078230 seconds
370.097: [GC [PSYoungGen: 491520K->85482K(577536K)] 618465K->212427K(1911296K), 0.0476850 secs] [Times: user=0.38 sys=0.00, real=0.04 secs] 
370.145: Total time for which application threads were stopped: 0.0478810 seconds, Stopping threads took: 0.0001040 seconds
370.355: Application time: 0.2100900 seconds
370.356: [GC [PSYoungGen: 577002K->72486K(579072K)] 703947K->252557K(1912832K), 0.0647510 secs] [Times: user=0.52 sys=0.00, real=0.06 secs] 
370.421: Total time for which application threads were stopped: 0.0662790 seconds, Stopping threads took: 0.0014210 seconds
370.634: Application time: 0.2125730 seconds
370.634: [GC [PSYoungGen: 561958K->72507K(562176K)] 742029K->288868K(1895936K), 0.0538080 secs] [Times: user=0.43 sys=0.00, real=0.05 secs] 
370.688: Total time for which application threads were stopped: 0.0540040 seconds, Stopping threads took: 0.0001020 seconds
370.897: Application time: 0.2092840 seconds
370.897: [GC [PSYoungGen: 561979K->72528K(577536K)] 778340K->329647K(1911296K), 0.0562350 secs] [Times: user=0.45 sys=0.00, real=0.05 secs] 
370.953: Total time for which application threads were stopped: 0.0564410 seconds, Stopping threads took: 0.0001020 seconds
371.160: Application time: 0.2071120 seconds
371.161: [GC [PSYoungGen: 563024K->73200K(576512K)] 820143K->365181K(1910272K), 0.0527140 secs] [Times: user=0.42 sys=0.00, real=0.05 secs] 
371.213: Total time for which application threads were stopped: 0.0528910 seconds, Stopping threads took: 0.0000890 seconds
371.422: Application time: 0.2085310 seconds
371.422: [GC [PSYoungGen: 563696K->75328K(578560K)] 855677K->410562K(1912320K), 0.0579630 secs] [Times: user=0.46 sys=0.00, real=0.06 secs] 
371.480: Total time for which application threads were stopped: 0.0581510 seconds, Stopping threads took: 0.0000880 seconds
371.687: Application time: 0.2070650 seconds
371.687: [GC [PSYoungGen: 569408K->79361K(578560K)] 904642K->452469K(1912320K), 0.0576850 secs] [Times: user=0.46 sys=0.00, real=0.06 secs] 
371.745: Total time for which application threads were stopped: 0.0578720 seconds, Stopping threads took: 0.0000970 seconds
371.961: Application time: 0.2165770 seconds
371.962: [GC [PSYoungGen: 573441K->66877K(581632K)] 946549K->475102K(1915392K), 0.0516830 secs] [Times: user=0.41 sys=0.00, real=0.05 secs] 
372.013: Total time for which application threads were stopped: 0.0518880 seconds, Stopping threads took: 0.0001030 seconds
372.218: Application time: 0.2044590 seconds
372.218: [GC [PSYoungGen: 563005K->82221K(578560K)] 971230K->527614K(1912320K), 0.0585770 secs] [Times: user=0.45 sys=0.00, real=0.06 secs] 
372.277: Total time for which application threads were stopped: 0.0587710 seconds, Stopping threads took: 0.0000990 seconds
372.491: Application time: 0.2148280 seconds
372.492: [GC [PSYoungGen: 578349K->64010K(578560K)] 1023742K->544653K(1912320K), 0.0488160 secs] [Times: user=0.38 sys=0.00, real=0.05 secs] 
372.540: Total time for which application threads were stopped: 0.0489990 seconds, Stopping threads took: 0.0000790 seconds
372.740: Application time: 0.1995560 seconds
372.740: [GC [PSYoungGen: 555018K->80923K(572416K)] 1035661K->598215K(1906176K), 0.0573860 secs] [Times: user=0.45 sys=0.00, real=0.06 secs] 
372.798: Total time for which application threads were stopped: 0.0575860 seconds, Stopping threads took: 0.0001060 seconds
373.014: Application time: 0.2168480 seconds
373.016: [GC [PSYoungGen: 571931K->65367K(577536K)] 1089223K->624069K(1911296K), 0.0529070 secs] [Times: user=0.42 sys=0.00, real=0.05 secs] 
373.069: Total time for which application threads were stopped: 0.0546610 seconds, Stopping threads took: 0.0016480 seconds
373.272: Application time: 0.2025780 seconds
373.272: [GC [PSYoungGen: 553303K->81674K(569856K)] 1112005K->674585K(1903616K), 0.0577690 secs] [Times: user=0.46 sys=0.00, real=0.06 secs] 
373.330: Total time for which application threads were stopped: 0.0579930 seconds, Stopping threads took: 0.0001340 seconds
373.546: Application time: 0.2164900 seconds
373.546: [GC [PSYoungGen: 569610K->61384K(576000K)] 1162521K->692422K(1909760K), 0.0501440 secs] [Times: user=0.39 sys=0.00, real=0.06 secs] 
373.597: Total time for which application threads were stopped: 0.0503380 seconds, Stopping threads took: 0.0000950 seconds
373.794: Application time: 0.1977880 seconds
373.794: [GC [PSYoungGen: 546248K->85440K(570368K)] 1177286K->750938K(1904128K), 0.0593030 secs] [Times: user=0.47 sys=0.00, real=0.06 secs] 
373.854: Total time for which application threads were stopped: 0.0594830 seconds, Stopping threads took: 0.0000900 seconds
374.071: Application time: 0.2169560 seconds
374.071: [GC [PSYoungGen: 570304K->64537K(573440K)] 1235802K->774543K(1907200K), 0.0541350 secs] [Times: user=0.42 sys=0.00, real=0.05 secs] 
374.125: Total time for which application threads were stopped: 0.0543930 seconds, Stopping threads took: 0.0001520 seconds
374.326: Application time: 0.2010520 seconds
374.326: [GC [PSYoungGen: 543769K->83607K(563200K)] 1253775K->831523K(1896960K), 0.0608070 secs] [Times: user=0.48 sys=0.00, real=0.06 secs] 
374.387: Total time for which application threads were stopped: 0.0610060 seconds, Stopping threads took: 0.0001030 seconds
374.598: Application time: 0.2105260 seconds
374.598: [GC [PSYoungGen: 562839K->65750K(571904K)] 1310755K->860860K(1905664K), 0.0565690 secs] [Times: user=0.45 sys=0.00, real=0.05 secs] 
374.654: Total time for which application threads were stopped: 0.0567510 seconds, Stopping threads took: 0.0000830 seconds
374.851: Application time: 0.1969890 seconds
374.852: [GC [PSYoungGen: 541896K->79390K(571392K)] 1337006K->908718K(1905152K), 0.0568990 secs] [Times: user=0.45 sys=0.01, real=0.06 secs] 
374.909: Total time for which application threads were stopped: 0.0570820 seconds, Stopping threads took: 0.0000930 seconds
375.116: Application time: 0.2075460 seconds
375.116: [GC [PSYoungGen: 555550K->66539K(570368K)] 1384878K->939954K(1904128K), 0.0568130 secs] [Times: user=0.44 sys=0.00, real=0.05 secs] 
375.173: Total time for which application threads were stopped: 0.0570100 seconds, Stopping threads took: 0.0000950 seconds
375.371: Application time: 0.1981250 seconds
375.371: [GC [PSYoungGen: 543211K->81018K(570880K)] 1416626K->994160K(1904640K), 0.0606610 secs] [Times: user=0.49 sys=0.00, real=0.06 secs] 
375.432: Total time for which application threads were stopped: 0.0608600 seconds, Stopping threads took: 0.0001060 seconds
375.639: Application time: 0.2072470 seconds
375.640: [GC [PSYoungGen: 557690K->67872K(571904K)] 1470832K->1027564K(1905664K), 0.0582050 secs] [Times: user=0.46 sys=0.00, real=0.06 secs] 
375.698: Total time for which application threads were stopped: 0.0583930 seconds, Stopping threads took: 0.0000880 seconds
375.900: Application time: 0.2022590 seconds
375.900: [GC [PSYoungGen: 545554K->80232K(571904K)] 1505245K->1080005K(1905664K), 0.0614210 secs] [Times: user=0.49 sys=0.00, real=0.06 secs] 
375.962: Total time for which application threads were stopped: 0.0616380 seconds, Stopping threads took: 0.0001240 seconds
376.171: Application time: 0.2089110 seconds
376.171: [GC [PSYoungGen: 557928K->70320K(570368K)] 1557701K->1116532K(1904128K), 0.0599490 secs] [Times: user=0.47 sys=0.00, real=0.06 secs] 
376.231: Total time for which application threads were stopped: 0.0601220 seconds, Stopping threads took: 0.0000720 seconds
376.435: Application time: 0.2041950 seconds
376.435: [GC [PSYoungGen: 548528K->77554K(571392K)] 1594740K->1166738K(1905152K), 0.0610990 secs] [Times: user=0.49 sys=0.00, real=0.07 secs] 
376.496: Total time for which application threads were stopped: 0.0612960 seconds, Stopping threads took: 0.0001070 seconds
376.710: Application time: 0.2136420 seconds
376.710: [GC [PSYoungGen: 555762K->72104K(570368K)] 1644946K->1199180K(1904128K), 0.0572250 secs] [Times: user=0.46 sys=0.00, real=0.05 secs] 
376.767: Total time for which application threads were stopped: 0.0574220 seconds, Stopping threads took: 0.0000960 seconds
376.967: Application time: 0.1996330 seconds
376.967: [GC [PSYoungGen: 553384K->78738K(572416K)] 1680460K->1249146K(1906176K), 0.0618000 secs] [Times: user=0.49 sys=0.00, real=0.07 secs] 
377.029: Total time for which application threads were stopped: 0.0619750 seconds, Stopping threads took: 0.0000860 seconds
377.238: Application time: 0.2093540 seconds
377.238: [GC [PSYoungGen: 560018K->68619K(574976K)] 1730426K->1275182K(1908736K), 0.0537230 secs] [Times: user=0.43 sys=0.00, real=0.05 secs] 
377.292: Total time for which application threads were stopped: 0.0539080 seconds, Stopping threads took: 0.0000830 seconds
377.491: Application time: 0.1988870 seconds
377.491: [GC [PSYoungGen: 553483K->79552K(575488K)] 1760046K->1327601K(1909248K), 0.0627160 secs] [Times: user=0.50 sys=0.00, real=0.06 secs] 
377.554: Total time for which application threads were stopped: 0.0628950 seconds, Stopping threads took: 0.0000890 seconds
377.764: Application time: 0.2102410 seconds
377.764: [GC [PSYoungGen: 564416K->69799K(574976K)] 1812465K->1358370K(1908736K), 0.0568030 secs] [Times: user=0.45 sys=0.01, real=0.06 secs] 
377.821: [Full GC [PSYoungGen: 69799K->0K(574976K)] [ParOldGen: 1288571K->128723K(1333760K)] 1358370K->128723K(1908736K) [PSPermGen: 9168K->9168K(21504K)], 0.1517540 secs] [Times: user=1.09 sys=0.00, real=0.15 secs] 
377.973: Total time for which application threads were stopped: 0.2088170 seconds, Stopping threads took: 0.0000930 seconds
378.174: Application time: 0.2013960 seconds
378.175: [GC [PSYoungGen: 485376K->90095K(575488K)] 614099K->221590K(1909248K), 0.0507650 secs] [Times: user=0.40 sys=0.00, real=0.05 secs] 
378.225: Total time for which application threads were stopped: 0.0509520 seconds, Stopping threads took: 0.0000990 seconds
378.438: Application time: 0.2122780 seconds
378.438: [GC [PSYoungGen: 575471K->67254K(568320K)] 706966K->256047K(1902080K), 0.0630390 secs] [Times: user=0.50 sys=0.00, real=0.06 secs] 
378.501: Total time for which application threads were stopped: 0.0632080 seconds, Stopping threads took: 0.0000670 seconds
378.648: Application time: 0.1476450 seconds
378.649: Total time for which application threads were stopped: 0.0001060 seconds, Stopping threads took: 0.0000830 seconds
378.708: Application time: 0.0597840 seconds
378.709: [GC [PSYoungGen: 543926K->70704K(571904K)] 732719K->299000K(1905664K), 0.0561490 secs] [Times: user=0.44 sys=0.00, real=0.05 secs] 
378.765: Total time for which application threads were stopped: 0.0563130 seconds, Stopping threads took: 0.0000740 seconds
378.780: Application time: 0.0148940 seconds
378.784: Total time for which application threads were stopped: 0.0040930 seconds, Stopping threads took: 0.0040690 seconds
378.832: Application time: 0.0486450 seconds
378.832: Total time for which application threads were stopped: 0.0001050 seconds, Stopping threads took: 0.0000790 seconds
378.858: Application time: 0.0253130 seconds
378.858: Total time for which application threads were stopped: 0.0001050 seconds, Stopping threads took: 0.0000800 seconds
378.906: Application time: 0.0484670 seconds
378.906: Total time for which application threads were stopped: 0.0000780 seconds, Stopping threads took: 0.0000530 seconds
378.922: Application time: 0.0156890 seconds
378.922: Total time for which application threads were stopped: 0.0000650 seconds, Stopping threads took: 0.0000390 seconds
378.956: Application time: 0.0336940 seconds
378.956: Total time for which application threads were stopped: 0.0000750 seconds, Stopping threads took: 0.0000370 seconds
379.209: Application time: 0.2526060 seconds
379.209: Total time for which application threads were stopped: 0.0000490 seconds, Stopping threads took: 0.0000150 seconds
379.272: Application time: 0.0632830 seconds
379.272: Total time for which application threads were stopped: 0.0000460 seconds, Stopping threads took: 0.0000170 seconds
379.285: Application time: 0.0128500 seconds
379.285: Total time for which application threads were stopped: 0.0001870 seconds, Stopping threads took: 0.0000080 seconds
379.928: Application time: 0.6431030 seconds
379.928: Total time for which application threads were stopped: 0.0000900 seconds, Stopping threads took: 0.0000140 seconds
Heap
 PSYoungGen      total 571904K, used 431753K [0x00000000d7480000, 0x0000000100000000, 0x0000000100000000)
  eden space 476672K, 75% used [0x00000000d7480000,0x00000000ed5163f0,0x00000000f4600000)
  from space 95232K, 74% used [0x00000000f4600000,0x00000000f8b0c1d0,0x00000000fa300000)
  to   space 93696K, 0% used [0x00000000fa480000,0x00000000fa480000,0x0000000100000000)
 ParOldGen       total 1333760K, used 228296K [0x0000000085e00000, 0x00000000d7480000, 0x00000000d7480000)
  object space 1333760K, 17% used [0x0000000085e00000,0x0000000093cf20a8,0x00000000d7480000)
 PSPermGen       total 21504K, used 16751K [0x0000000080c00000, 0x0000000082100000, 0x0000000085e00000)
  object space 21504K, 77% used [0x0000000080c00000,0x0000000081c5bfc8,0x0000000082100000)
379.928: Application time: 0.0001730 seconds
