Java HotSpot(TM) 64-Bit Server VM (24.80-b11) for linux-amd64 JRE (1.7.0_80-b15), built on Apr 10 2015 19:53:14 by "java_re" with gcc 4.3.0 20080428 (Red Hat 4.3.0-8)
Memory: 4k page, physical 8000092k(5810504k free), swap 8218620k(8218620k free)
CommandLine flags: -XX:InitialHeapSize=128001472 -XX:MaxHeapSize=2048023552 -XX:+PrintGC -XX:+PrintGCApplicationConcurrentTime -XX:+PrintGCApplicationStoppedTime -XX:+PrintGCDetails -XX:+PrintGCTimeStamps -XX:+UseCMSInitiatingOccupancyOnly -XX:+UseCompressedOops -XX:+UseParallelGC 
1.007: Application time: 0.9849200 seconds
1.007: Total time for which application threads were stopped: 0.0000440 seconds, Stopping threads took: 0.0000100 seconds
4.027: Application time: 3.0204970 seconds
4.027: Total time for which application threads were stopped: 0.0000640 seconds, Stopping threads took: 0.0000110 seconds
14.683: Application time: 10.6559770 seconds
14.683: Total time for which application threads were stopped: 0.0000210 seconds, Stopping threads took: 0.0000070 seconds
14.683: Application time: 0.0000630 seconds
14.683: Total time for which application threads were stopped: 0.0000330 seconds, Stopping threads took: 0.0000170 seconds
14.685: Application time: 0.0015160 seconds
14.685: Total time for which application threads were stopped: 0.0000330 seconds, Stopping threads took: 0.0000170 seconds
14.702: Application time: 0.0176520 seconds
14.703: Total time for which application threads were stopped: 0.0000380 seconds, Stopping threads took: 0.0000100 seconds
14.715: Application time: 0.0122040 seconds
14.715: [GC [PSYoungGen: 11418K->3347K(36864K)] 11418K->3355K(119808K), 0.0023570 secs] [Times: user=0.00 sys=0.00, real=0.00 secs] 
14.717: [Full GC [PSYoungGen: 3347K->0K(36864K)] [ParOldGen: 8K->3145K(82944K)] 3355K->3145K(119808K) [PSPermGen: 5076K->5074K(21504K)], 0.0109450 secs] [Times: user=0.04 sys=0.00, real=0.02 secs] 
14.728: Total time for which application threads were stopped: 0.0134300 seconds, Stopping threads took: 0.0000190 seconds
14.728: Application time: 0.0000820 seconds
14.728: [GC [PSYoungGen: 0K->0K(36864K)] 3145K->3145K(119808K), 0.0003050 secs] [Times: user=0.00 sys=0.00, real=0.00 secs] 
14.729: [Full GC [PSYoungGen: 0K->0K(36864K)] [ParOldGen: 3145K->3145K(82944K)] 3145K->3145K(119808K) [PSPermGen: 5074K->5074K(21504K)], 0.0039760 secs] [Times: user=0.02 sys=0.00, real=0.00 secs] 
14.733: Total time for which application threads were stopped: 0.0043710 seconds, Stopping threads took: 0.0000060 seconds
14.733: Application time: 0.0000660 seconds
14.733: Total time for which application threads were stopped: 0.0000310 seconds, Stopping threads took: 0.0000210 seconds
14.733: Application time: 0.0000220 seconds
14.733: Total time for which application threads were stopped: 0.0000170 seconds, Stopping threads took: 0.0000130 seconds
14.733: Application time: 0.0000540 seconds
14.733: Total time for which application threads were stopped: 0.0000170 seconds, Stopping threads took: 0.0000130 seconds
14.733: Application time: 0.0000130 seconds
14.733: Total time for which application threads were stopped: 0.0000140 seconds, Stopping threads took: 0.0000100 seconds
14.733: Application time: 0.0000120 seconds
14.733: Total time for which application threads were stopped: 0.0000130 seconds, Stopping threads took: 0.0000090 seconds
14.733: Application time: 0.0000130 seconds
14.733: Total time for which application threads were stopped: 0.0000160 seconds, Stopping threads took: 0.0000130 seconds
14.733: Application time: 0.0000110 seconds
14.733: Total time for which application threads were stopped: 0.0000150 seconds, Stopping threads took: 0.0000110 seconds
14.733: Application time: 0.0000110 seconds
14.733: Total time for which application threads were stopped: 0.0000230 seconds, Stopping threads took: 0.0000190 seconds
14.733: Application time: 0.0000110 seconds
14.733: Total time for which application threads were stopped: 0.0000190 seconds, Stopping threads took: 0.0000150 seconds
14.733: Application time: 0.0000310 seconds
14.733: Total time for which application threads were stopped: 0.0000200 seconds, Stopping threads took: 0.0000160 seconds
14.733: Application time: 0.0000090 seconds
14.733: Total time for which application threads were stopped: 0.0000150 seconds, Stopping threads took: 0.0000110 seconds
14.733: Application time: 0.0000100 seconds
14.733: Total time for which application threads were stopped: 0.0000160 seconds, Stopping threads took: 0.0000120 seconds
14.733: Application time: 0.0000100 seconds
14.733: Total time for which application threads were stopped: 0.0000140 seconds, Stopping threads took: 0.0000110 seconds
14.733: Application time: 0.0000470 seconds
14.733: Total time for which application threads were stopped: 0.0000130 seconds, Stopping threads took: 0.0000090 seconds
14.733: Application time: 0.0000090 seconds
14.733: Total time for which application threads were stopped: 0.0000160 seconds, Stopping threads took: 0.0000120 seconds
14.733: Application time: 0.0000090 seconds
14.733: Total time for which application threads were stopped: 0.0000120 seconds, Stopping threads took: 0.0000080 seconds
14.733: Application time: 0.0000090 seconds
14.733: Total time for which application threads were stopped: 0.0000110 seconds, Stopping threads took: 0.0000080 seconds
14.733: Application time: 0.0000080 seconds
14.733: Total time for which application threads were stopped: 0.0000120 seconds, Stopping threads took: 0.0000090 seconds
14.733: Application time: 0.0000090 seconds
14.733: Total time for which application threads were stopped: 0.0000130 seconds, Stopping threads took: 0.0000090 seconds
14.733: Application time: 0.0000090 seconds
14.733: Total time for which application threads were stopped: 0.0000210 seconds, Stopping threads took: 0.0000120 seconds
14.734: Application time: 0.0004490 seconds
14.734: Total time for which application threads were stopped: 0.0000160 seconds, Stopping threads took: 0.0000110 seconds
14.813: Application time: 0.0791060 seconds
14.813: Total time for which application threads were stopped: 0.0000530 seconds, Stopping threads took: 0.0000270 seconds
14.814: Application time: 0.0007420 seconds
14.814: Total time for which application threads were stopped: 0.0000390 seconds, Stopping threads took: 0.0000280 seconds
14.820: Application time: 0.0063570 seconds
14.820: Total time for which application threads were stopped: 0.0000360 seconds, Stopping threads took: 0.0000230 seconds
14.821: Application time: 0.0013220 seconds
14.822: Total time for which application threads were stopped: 0.0000620 seconds, Stopping threads took: 0.0000480 seconds
14.825: Application time: 0.0038130 seconds
14.825: Total time for which application threads were stopped: 0.0000230 seconds, Stopping threads took: 0.0000110 seconds
14.827: Application time: 0.0021110 seconds
14.828: Total time for which application threads were stopped: 0.0000370 seconds, Stopping threads took: 0.0000210 seconds
14.835: Application time: 0.0077350 seconds
14.835: Total time for which application threads were stopped: 0.0000250 seconds, Stopping threads took: 0.0000110 seconds
14.835: Application time: 0.0000570 seconds
14.835: Total time for which application threads were stopped: 0.0000110 seconds, Stopping threads took: 0.0000050 seconds
14.835: Application time: 0.0000630 seconds
14.835: Total time for which application threads were stopped: 0.0000110 seconds, Stopping threads took: 0.0000050 seconds
14.840: Application time: 0.0042740 seconds
14.840: Total time for which application threads were stopped: 0.0000480 seconds, Stopping threads took: 0.0000110 seconds
14.843: Application time: 0.0034380 seconds
14.843: Total time for which application threads were stopped: 0.0000390 seconds, Stopping threads took: 0.0000180 seconds
14.862: Application time: 0.0183490 seconds
14.862: Total time for which application threads were stopped: 0.0000350 seconds, Stopping threads took: 0.0000090 seconds
14.862: Application time: 0.0000970 seconds
14.862: Total time for which application threads were stopped: 0.0000180 seconds, Stopping threads took: 0.0000060 seconds
14.862: Application time: 0.0000980 seconds
14.862: Total time for which application threads were stopped: 0.0000440 seconds, Stopping threads took: 0.0000360 seconds
14.862: Application time: 0.0000290 seconds
14.862: Total time for which application threads were stopped: 0.0000170 seconds, Stopping threads took: 0.0000120 seconds
14.862: Application time: 0.0000360 seconds
14.862: Total time for which application threads were stopped: 0.0000170 seconds, Stopping threads took: 0.0000120 seconds
14.862: Application time: 0.0000310 seconds
14.862: Total time for which application threads were stopped: 0.0000240 seconds, Stopping threads took: 0.0000170 seconds
14.862: Application time: 0.0001670 seconds
14.862: Total time for which application threads were stopped: 0.0000070 seconds, Stopping threads took: 0.0000030 seconds
14.863: Application time: 0.0006830 seconds
14.863: Total time for which application threads were stopped: 0.0000080 seconds, Stopping threads took: 0.0000040 seconds
14.863: Application time: 0.0005190 seconds
14.863: Total time for which application threads were stopped: 0.0000230 seconds, Stopping threads took: 0.0000140 seconds
14.863: Application time: 0.0000410 seconds
14.864: Total time for which application threads were stopped: 0.0000430 seconds, Stopping threads took: 0.0000340 seconds
14.891: Application time: 0.0269830 seconds
14.891: Total time for which application threads were stopped: 0.0000240 seconds, Stopping threads took: 0.0000100 seconds
14.891: Application time: 0.0001260 seconds
14.891: Total time for which application threads were stopped: 0.0001140 seconds, Stopping threads took: 0.0000850 seconds
14.891: Application time: 0.0000390 seconds
14.891: Total time for which application threads were stopped: 0.0000660 seconds, Stopping threads took: 0.0000580 seconds
14.891: Application time: 0.0000290 seconds
14.891: Total time for which application threads were stopped: 0.0000220 seconds, Stopping threads took: 0.0000150 seconds
14.891: Application time: 0.0000410 seconds
14.891: Total time for which application threads were stopped: 0.0000370 seconds, Stopping threads took: 0.0000300 seconds
14.891: Application time: 0.0000230 seconds
14.891: Total time for which application threads were stopped: 0.0000280 seconds, Stopping threads took: 0.0000220 seconds
14.891: Application time: 0.0000840 seconds
14.891: Total time for which application threads were stopped: 0.0000200 seconds, Stopping threads took: 0.0000110 seconds
14.892: Application time: 0.0003270 seconds
14.892: Total time for which application threads were stopped: 0.0000540 seconds, Stopping threads took: 0.0000420 seconds
14.892: Application time: 0.0000300 seconds
14.892: Total time for which application threads were stopped: 0.0000260 seconds, Stopping threads took: 0.0000200 seconds
14.896: Application time: 0.0048100 seconds
14.896: Total time for which application threads were stopped: 0.0000400 seconds, Stopping threads took: 0.0000320 seconds
14.897: Application time: 0.0008340 seconds
14.897: Total time for which application threads were stopped: 0.0000520 seconds, Stopping threads took: 0.0000420 seconds
15.010: Application time: 0.1130860 seconds
15.011: [GC [PSYoungGen: 31744K->2574K(36864K)] 34889K->5727K(119808K), 0.0016800 secs] [Times: user=0.00 sys=0.00, real=0.00 secs] 
15.012: Total time for which application threads were stopped: 0.0018240 seconds, Stopping threads took: 0.0000600 seconds
15.013: Application time: 0.0006150 seconds
15.013: Total time for which application threads were stopped: 0.0000540 seconds, Stopping threads took: 0.0000430 seconds
15.013: Application time: 0.0000170 seconds
15.013: Total time for which application threads were stopped: 0.0000350 seconds, Stopping threads took: 0.0000290 seconds
15.013: Application time: 0.0000170 seconds
15.013: Total time for which application threads were stopped: 0.0000330 seconds, Stopping threads took: 0.0000260 seconds
15.013: Application time: 0.0000120 seconds
15.013: Total time for which application threads were stopped: 0.0000160 seconds, Stopping threads took: 0.0000120 seconds
15.013: Application time: 0.0000090 seconds
15.013: Total time for which application threads were stopped: 0.0000270 seconds, Stopping threads took: 0.0000220 seconds
15.013: Application time: 0.0000140 seconds
15.013: Total time for which application threads were stopped: 0.0000270 seconds, Stopping threads took: 0.0000210 seconds
15.013: Application time: 0.0000110 seconds
15.013: Total time for which application threads were stopped: 0.0000190 seconds, Stopping threads took: 0.0000150 seconds
15.013: Application time: 0.0000100 seconds
15.013: Total time for which application threads were stopped: 0.0000250 seconds, Stopping threads took: 0.0000190 seconds
15.013: Application time: 0.0000160 seconds
15.013: Total time for which application threads were stopped: 0.0000300 seconds, Stopping threads took: 0.0000240 seconds
15.013: Application time: 0.0000130 seconds
15.013: Total time for which application threads were stopped: 0.0000240 seconds, Stopping threads took: 0.0000190 seconds
15.013: Application time: 0.0000140 seconds
15.013: Total time for which application threads were stopped: 0.0000240 seconds, Stopping threads took: 0.0000180 seconds
15.013: Application time: 0.0000160 seconds
15.013: Total time for which application threads were stopped: 0.0000330 seconds, Stopping threads took: 0.0000260 seconds
15.013: Application time: 0.0000110 seconds
15.013: Total time for which application threads were stopped: 0.0000220 seconds, Stopping threads took: 0.0000160 seconds
15.013: Application time: 0.0000110 seconds
15.014: Total time for which application threads were stopped: 0.0000260 seconds, Stopping threads took: 0.0000200 seconds
15.014: Application time: 0.0000110 seconds
15.014: Total time for which application threads were stopped: 0.0000270 seconds, Stopping threads took: 0.0000220 seconds
15.014: Application time: 0.0000140 seconds
15.014: Total time for which application threads were stopped: 0.0000350 seconds, Stopping threads took: 0.0000270 seconds
15.014: Application time: 0.0000130 seconds
15.014: Total time for which application threads were stopped: 0.0000240 seconds, Stopping threads took: 0.0000190 seconds
15.014: Application time: 0.0000120 seconds
15.014: Total time for which application threads were stopped: 0.0000290 seconds, Stopping threads took: 0.0000220 seconds
15.014: Application time: 0.0000090 seconds
15.014: Total time for which application threads were stopped: 0.0000280 seconds, Stopping threads took: 0.0000230 seconds
15.014: Application time: 0.0000110 seconds
15.014: Total time for which application threads were stopped: 0.0000690 seconds, Stopping threads took: 0.0000170 seconds
15.014: Application time: 0.0003340 seconds
15.014: Total time for which application threads were stopped: 0.0000540 seconds, Stopping threads took: 0.0000410 seconds
15.015: Application time: 0.0003230 seconds
15.015: Total time for which application threads were stopped: 0.0000740 seconds, Stopping threads took: 0.0000300 seconds
15.015: Application time: 0.0000510 seconds
15.015: Total time for which application threads were stopped: 0.0000370 seconds, Stopping threads took: 0.0000280 seconds
15.015: Application time: 0.0000260 seconds
15.015: Total time for which application threads were stopped: 0.0000410 seconds, Stopping threads took: 0.0000310 seconds
15.015: Application time: 0.0000300 seconds
15.015: Total time for which application threads were stopped: 0.0000450 seconds, Stopping threads took: 0.0000350 seconds
15.217: Application time: 0.2020080 seconds
15.217: [GC [PSYoungGen: 34318K->896K(36864K)] 37471K->4057K(119808K), 0.0009100 secs] [Times: user=0.01 sys=0.00, real=0.01 secs] 
15.218: Total time for which application threads were stopped: 0.0010710 seconds, Stopping threads took: 0.0000530 seconds
15.407: Application time: 0.1894540 seconds
15.407: [GC [PSYoungGen: 32640K->880K(36864K)] 35801K->4049K(119808K), 0.0008100 secs] [Times: user=0.00 sys=0.00, real=0.00 secs] 
15.408: Total time for which application threads were stopped: 0.0009350 seconds, Stopping threads took: 0.0000500 seconds
15.591: Application time: 0.1825810 seconds
15.591: [GC [PSYoungGen: 32624K->992K(36864K)] 35793K->4169K(119808K), 0.0008440 secs] [Times: user=0.00 sys=0.00, real=0.00 secs] 
15.592: Total time for which application threads were stopped: 0.0009840 seconds, Stopping threads took: 0.0000730 seconds
15.754: Application time: 0.1618420 seconds
15.754: Total time for which application threads were stopped: 0.0001160 seconds, Stopping threads took: 0.0000610 seconds
15.770: Application time: 0.0164900 seconds
15.770: [GC [PSYoungGen: 32736K->864K(32256K)] 35913K->4041K(115200K), 0.0008660 secs] [Times: user=0.01 sys=0.00, real=0.00 secs] 
15.771: Total time for which application threads were stopped: 0.0009570 seconds, Stopping threads took: 0.0000440 seconds
15.951: Application time: 0.1801030 seconds
15.951: [GC [PSYoungGen: 32096K->928K(33792K)] 35273K->4105K(116736K), 0.0007940 secs] [Times: user=0.00 sys=0.00, real=0.00 secs] 
15.952: Total time for which application threads were stopped: 0.0009250 seconds, Stopping threads took: 0.0000530 seconds
16.152: Application time: 0.2000960 seconds
16.153: [GC [PSYoungGen: 31648K->512K(31232K)] 34825K->4089K(114176K), 0.0009070 secs] [Times: user=0.00 sys=0.00, real=0.00 secs] 
16.153: Total time for which application threads were stopped: 0.0010600 seconds, Stopping threads took: 0.0000800 seconds
16.349: Application time: 0.1960200 seconds
16.354: [GC [PSYoungGen: 30720K->496K(32768K)] 34297K->4129K(115712K), 0.0008480 secs] [Times: user=0.00 sys=0.00, real=0.00 secs] 
16.355: Total time for which application threads were stopped: 0.0052620 seconds, Stopping threads took: 0.0043520 seconds
16.519: Application time: 0.1639690 seconds
16.519: [GC [PSYoungGen: 30192K->272K(29696K)] 33825K->4169K(112640K), 0.0006630 secs] [Times: user=0.00 sys=0.00, real=0.00 secs] 
16.520: Total time for which application threads were stopped: 0.0008020 seconds, Stopping threads took: 0.0000840 seconds
16.678: Application time: 0.1583280 seconds
16.678: [GC [PSYoungGen: 29456K->464K(31232K)] 33353K->4409K(114176K), 0.0005170 secs] [Times: user=0.00 sys=0.00, real=0.00 secs] 
16.679: Total time for which application threads were stopped: 0.0007000 seconds, Stopping threads took: 0.0001240 seconds
16.838: Application time: 0.1591840 seconds
16.838: [GC [PSYoungGen: 29136K->288K(28672K)] 33081K->4582K(111616K), 0.0005460 secs] [Times: user=0.00 sys=0.00, real=0.00 secs] 
16.838: Total time for which application threads were stopped: 0.0007090 seconds, Stopping threads took: 0.0000990 seconds
16.996: Application time: 0.1573140 seconds
16.996: [GC [PSYoungGen: 28448K->256K(30208K)] 32742K->4622K(113152K), 0.0004330 secs] [Times: user=0.00 sys=0.00, real=0.00 secs] 
16.996: Total time for which application threads were stopped: 0.0005940 seconds, Stopping threads took: 0.0000940 seconds
17.152: Application time: 0.1559660 seconds
17.152: [GC [PSYoungGen: 27904K->256K(27648K)] 32270K->4678K(110592K), 0.0004730 secs] [Times: user=0.00 sys=0.00, real=0.00 secs] 
17.153: Total time for which application threads were stopped: 0.0005950 seconds, Stopping threads took: 0.0000620 seconds
17.303: Application time: 0.1499480 seconds
17.303: [GC [PSYoungGen: 27392K->256K(29184K)] 31814K->4870K(112128K), 0.0004740 secs] [Times: user=0.00 sys=0.00, real=0.00 secs] 
17.303: Total time for which application threads were stopped: 0.0005970 seconds, Stopping threads took: 0.0000590 seconds
17.447: Application time: 0.1435810 seconds
17.447: [GC [PSYoungGen: 26880K->432K(26624K)] 31494K->5046K(109568K), 0.0005630 secs] [Times: user=0.00 sys=0.00, real=0.00 secs] 
17.448: Total time for which application threads were stopped: 0.0006730 seconds, Stopping threads took: 0.0000560 seconds
17.591: Application time: 0.1436210 seconds
17.591: [GC [PSYoungGen: 26544K->272K(27648K)] 31158K->5218K(110592K), 0.0005130 secs] [Times: user=0.00 sys=0.00, real=0.00 secs] 
17.592: Total time for which application threads were stopped: 0.0006440 seconds, Stopping threads took: 0.0000630 seconds
17.733: Application time: 0.1413750 seconds
17.733: [GC [PSYoungGen: 25872K->256K(25600K)] 30818K->5306K(108544K), 0.0004640 secs] [Times: user=0.00 sys=0.00, real=0.00 secs] 
17.734: Total time for which application threads were stopped: 0.0006010 seconds, Stopping threads took: 0.0000740 seconds
17.873: Application time: 0.1385520 seconds
17.873: [GC [PSYoungGen: 25344K->256K(26624K)] 30394K->5306K(109568K), 0.0004540 secs] [Times: user=0.00 sys=0.00, real=0.00 secs] 
17.873: Total time for which application threads were stopped: 0.0005730 seconds, Stopping threads took: 0.0000610 seconds
18.009: Application time: 0.1360310 seconds
18.014: [GC [PSYoungGen: 24832K->256K(24576K)] 29882K->5474K(107520K), 0.0005350 secs] [Times: user=0.00 sys=0.00, real=0.00 secs] 
18.014: Total time for which application threads were stopped: 0.0051280 seconds, Stopping threads took: 0.0045300 seconds
18.147: Application time: 0.1325540 seconds
18.147: [GC [PSYoungGen: 24320K->256K(24576K)] 29538K->5498K(107520K), 0.0004900 secs] [Times: user=0.00 sys=0.00, real=0.00 secs] 
18.147: Total time for which application threads were stopped: 0.0006280 seconds, Stopping threads took: 0.0000690 seconds
18.273: Application time: 0.1254590 seconds
18.273: [GC [PSYoungGen: 23808K->432K(25600K)] 29050K->5674K(108544K), 0.0004800 secs] [Times: user=0.00 sys=0.00, real=0.00 secs] 
18.274: Total time for which application threads were stopped: 0.0005900 seconds, Stopping threads took: 0.0000560 seconds
18.403: Application time: 0.1295520 seconds
18.403: [GC [PSYoungGen: 23984K->224K(25600K)] 29226K->5811K(108544K), 0.0005170 secs] [Times: user=0.00 sys=0.00, real=0.00 secs] 
18.404: Total time for which application threads were stopped: 0.0006420 seconds, Stopping threads took: 0.0000600 seconds
18.534: Application time: 0.1302790 seconds
18.534: [GC [PSYoungGen: 23776K->256K(25600K)] 29363K->5931K(108544K), 0.0004390 secs] [Times: user=0.00 sys=0.00, real=0.00 secs] 
18.535: Total time for which application threads were stopped: 0.0005500 seconds, Stopping threads took: 0.0000570 seconds
18.664: Application time: 0.1296440 seconds
18.664: [GC [PSYoungGen: 23808K->256K(25600K)] 29483K->5931K(108544K), 0.0004310 secs] [Times: user=0.00 sys=0.00, real=0.00 secs] 
18.665: Total time for which application threads were stopped: 0.0005700 seconds, Stopping threads took: 0.0000660 seconds
18.795: Application time: 0.1302360 seconds
18.795: [GC [PSYoungGen: 23808K->256K(24064K)] 29483K->6099K(107008K), 0.0004950 secs] [Times: user=0.00 sys=0.00, real=0.00 secs] 
18.796: Total time for which application threads were stopped: 0.0006070 seconds, Stopping threads took: 0.0000490 seconds
18.926: Application time: 0.1303810 seconds
18.926: [GC [PSYoungGen: 23808K->256K(25088K)] 29651K->6123K(108032K), 0.0003930 secs] [Times: user=0.00 sys=0.00, real=0.00 secs] 
18.926: Total time for which application threads were stopped: 0.0005060 seconds, Stopping threads took: 0.0000500 seconds
19.053: Application time: 0.1260750 seconds
19.053: [GC [PSYoungGen: 23808K->432K(25088K)] 29675K->6299K(108032K), 0.0004950 secs] [Times: user=0.01 sys=0.00, real=0.00 secs] 
19.053: Total time for which application threads were stopped: 0.0006450 seconds, Stopping threads took: 0.0000850 seconds
19.183: Application time: 0.1297220 seconds
19.183: [GC [PSYoungGen: 23984K->256K(25088K)] 29851K->6479K(108032K), 0.0005540 secs] [Times: user=0.00 sys=0.00, real=0.00 secs] 
19.185: Total time for which application threads were stopped: 0.0017720 seconds, Stopping threads took: 0.0000560 seconds
19.315: Application time: 0.1299320 seconds
19.315: [GC [PSYoungGen: 23808K->256K(25088K)] 30031K->6559K(108032K), 0.0004210 secs] [Times: user=0.01 sys=0.00, real=0.00 secs] 
19.315: Total time for which application threads were stopped: 0.0005370 seconds, Stopping threads took: 0.0000550 seconds
19.445: Application time: 0.1294890 seconds
19.445: [GC [PSYoungGen: 23808K->256K(25088K)] 30111K->6559K(108032K), 0.0004770 secs] [Times: user=0.00 sys=0.00, real=0.00 secs] 
19.445: Total time for which application threads were stopped: 0.0005880 seconds, Stopping threads took: 0.0000530 seconds
19.576: Application time: 0.1306420 seconds
19.576: [GC [PSYoungGen: 23808K->256K(25088K)] 30111K->6727K(108032K), 0.0004390 secs] [Times: user=0.00 sys=0.00, real=0.00 secs] 
19.576: Total time for which application threads were stopped: 0.0005610 seconds, Stopping threads took: 0.0000570 seconds
19.707: Application time: 0.1302010 seconds
19.707: [GC [PSYoungGen: 23808K->256K(25088K)] 30279K->6751K(108032K), 0.0004370 secs] [Times: user=0.00 sys=0.00, real=0.00 secs] 
19.707: Total time for which application threads were stopped: 0.0005810 seconds, Stopping threads took: 0.0000650 seconds
19.834: Application time: 0.1264170 seconds
19.834: [GC [PSYoungGen: 23808K->448K(24064K)] 30303K->6943K(107008K), 0.0005330 secs] [Times: user=0.00 sys=0.00, real=0.00 secs] 
19.834: Total time for which application threads were stopped: 0.0006510 seconds, Stopping threads took: 0.0000560 seconds
19.964: Application time: 0.1291960 seconds
19.964: [GC [PSYoungGen: 24000K->256K(24576K)] 30495K->7100K(107520K), 0.0005150 secs] [Times: user=0.00 sys=0.00, real=0.00 secs] 
19.964: Total time for which application threads were stopped: 0.0006390 seconds, Stopping threads took: 0.0000590 seconds
20.094: Application time: 0.1299520 seconds
20.094: [GC [PSYoungGen: 23808K->256K(24576K)] 30652K->7188K(107520K), 0.0004500 secs] [Times: user=0.00 sys=0.00, real=0.00 secs] 
20.095: Total time for which application threads were stopped: 0.0005730 seconds, Stopping threads took: 0.0000610 seconds
20.224: Application time: 0.1297050 seconds
20.225: [GC [PSYoungGen: 23808K->224K(24576K)] 30740K->7156K(107520K), 0.0004550 secs] [Times: user=0.01 sys=0.00, real=0.00 secs] 
20.225: Total time for which application threads were stopped: 0.0005760 seconds, Stopping threads took: 0.0000550 seconds
20.355: Application time: 0.1303000 seconds
20.355: [GC [PSYoungGen: 23776K->224K(24576K)] 30708K->7324K(107520K), 0.0004640 secs] [Times: user=0.00 sys=0.00, real=0.00 secs] 
20.356: Total time for which application threads were stopped: 0.0005960 seconds, Stopping threads took: 0.0000680 seconds
20.485: Application time: 0.1291930 seconds
20.485: [GC [PSYoungGen: 23776K->256K(24576K)] 30876K->7380K(107520K), 0.0003960 secs] [Times: user=0.00 sys=0.00, real=0.01 secs] 
20.486: Total time for which application threads were stopped: 0.0005200 seconds, Stopping threads took: 0.0000640 seconds
20.613: Application time: 0.1271740 seconds
20.613: [GC [PSYoungGen: 23808K->400K(24576K)] 30932K->7596K(107520K), 0.0005410 secs] [Times: user=0.00 sys=0.00, real=0.00 secs] 
20.613: Total time for which application threads were stopped: 0.0006590 seconds, Stopping threads took: 0.0000580 seconds
20.743: Application time: 0.1292750 seconds
20.743: [GC [PSYoungGen: 23952K->224K(24576K)] 31148K->7716K(107520K), 0.0005520 secs] [Times: user=0.00 sys=0.00, real=0.00 secs] 
20.743: Total time for which application threads were stopped: 0.0006810 seconds, Stopping threads took: 0.0000570 seconds
20.874: Application time: 0.1305360 seconds
20.874: [GC [PSYoungGen: 23776K->256K(24576K)] 31268K->7812K(107520K), 0.0004610 secs] [Times: user=0.00 sys=0.00, real=0.00 secs] 
20.875: Total time for which application threads were stopped: 0.0005910 seconds, Stopping threads took: 0.0000640 seconds
21.004: Application time: 0.1293930 seconds
21.004: [GC [PSYoungGen: 23808K->256K(24576K)] 31364K->7836K(107520K), 0.0004620 secs] [Times: user=0.00 sys=0.00, real=0.00 secs] 
21.005: Total time for which application threads were stopped: 0.0005820 seconds, Stopping threads took: 0.0000560 seconds
21.134: Application time: 0.1297260 seconds
21.134: [GC [PSYoungGen: 23808K->256K(24576K)] 31388K->7980K(107520K), 0.0004150 secs] [Times: user=0.00 sys=0.00, real=0.00 secs] 
21.135: Total time for which application threads were stopped: 0.0005220 seconds, Stopping threads took: 0.0000500 seconds
21.264: Application time: 0.1294970 seconds
21.264: [GC [PSYoungGen: 23808K->272K(24576K)] 31532K->8020K(107520K), 0.0004180 secs] [Times: user=0.00 sys=0.00, real=0.00 secs] 
21.265: Total time for which application threads were stopped: 0.0005720 seconds, Stopping threads took: 0.0000700 seconds
21.392: Application time: 0.1269600 seconds
21.392: [GC [PSYoungGen: 23824K->464K(24576K)] 31572K->8276K(107520K), 0.0006230 secs] [Times: user=0.00 sys=0.00, real=0.00 secs] 
21.393: Total time for which application threads were stopped: 0.0007340 seconds, Stopping threads took: 0.0000500 seconds
21.522: Application time: 0.1292810 seconds
21.522: [GC [PSYoungGen: 24016K->256K(24576K)] 31828K->8365K(107520K), 0.0004650 secs] [Times: user=0.00 sys=0.00, real=0.00 secs] 
21.522: Total time for which application threads were stopped: 0.0005860 seconds, Stopping threads took: 0.0000630 seconds
21.653: Application time: 0.1304410 seconds
21.653: [GC [PSYoungGen: 23808K->256K(24576K)] 31917K->8445K(107520K), 0.0003930 secs] [Times: user=0.01 sys=0.00, real=0.00 secs] 
21.653: Total time for which application threads were stopped: 0.0005100 seconds, Stopping threads took: 0.0000590 seconds
21.783: Application time: 0.1300550 seconds
21.784: [GC [PSYoungGen: 23808K->256K(24576K)] 31997K->8469K(107520K), 0.0004100 secs] [Times: user=0.01 sys=0.00, real=0.00 secs] 
21.784: Total time for which application threads were stopped: 0.0005350 seconds, Stopping threads took: 0.0000550 seconds
21.914: Application time: 0.1297640 seconds
21.914: [GC [PSYoungGen: 23808K->256K(24576K)] 32021K->8613K(107520K), 0.0004330 secs] [Times: user=0.00 sys=0.00, real=0.00 secs] 
21.914: Total time for which application threads were stopped: 0.0005620 seconds, Stopping threads took: 0.0000630 seconds
22.044: Application time: 0.1293030 seconds
22.044: [GC [PSYoungGen: 23808K->288K(24576K)] 32165K->8669K(107520K), 0.0004110 secs] [Times: user=0.00 sys=0.00, real=0.00 secs] 
22.044: Total time for which application threads were stopped: 0.0005370 seconds, Stopping threads took: 0.0000630 seconds
22.171: Application time: 0.1267950 seconds
22.171: [GC [PSYoungGen: 23840K->432K(24576K)] 32221K->8885K(107520K), 0.0004870 secs] [Times: user=0.00 sys=0.00, real=0.00 secs] 
22.172: Total time for which application threads were stopped: 0.0006130 seconds, Stopping threads took: 0.0000610 seconds
22.301: Application time: 0.1294720 seconds
22.302: [GC [PSYoungGen: 23984K->256K(24576K)] 32437K->9005K(107520K), 0.0005270 secs] [Times: user=0.00 sys=0.00, real=0.00 secs] 
22.302: Total time for which application threads were stopped: 0.0012140 seconds, Stopping threads took: 0.0006140 seconds
22.432: Application time: 0.1298510 seconds
22.432: [GC [PSYoungGen: 23808K->256K(24576K)] 32557K->9077K(107520K), 0.0004460 secs] [Times: user=0.00 sys=0.00, real=0.00 secs] 
22.433: Total time for which application threads were stopped: 0.0005760 seconds, Stopping threads took: 0.0000650 seconds
22.562: Application time: 0.1297600 seconds
22.562: [GC [PSYoungGen: 23808K->256K(24064K)] 32629K->9101K(107008K), 0.0004460 secs] [Times: user=0.01 sys=0.00, real=0.00 secs] 
22.563: Total time for which application threads were stopped: 0.0005610 seconds, Stopping threads took: 0.0000540 seconds
22.693: Application time: 0.1300800 seconds
22.693: [GC [PSYoungGen: 23808K->256K(24064K)] 32653K->9245K(107008K), 0.0004490 secs] [Times: user=0.00 sys=0.00, real=0.00 secs] 
22.694: Total time for which application threads were stopped: 0.0005840 seconds, Stopping threads took: 0.0000690 seconds
22.823: Application time: 0.1298450 seconds
22.826: [GC [PSYoungGen: 23808K->256K(24064K)] 32797K->9269K(107008K), 0.0004110 secs] [Times: user=0.00 sys=0.00, real=0.00 secs] 
22.826: Total time for which application threads were stopped: 0.0026140 seconds, Stopping threads took: 0.0021370 seconds
22.956: Application time: 0.1294750 seconds
22.956: [GC [PSYoungGen: 23808K->400K(24064K)] 32821K->9485K(107008K), 0.0004950 secs] [Times: user=0.00 sys=0.00, real=0.00 secs] 
22.956: Total time for which application threads were stopped: 0.0006310 seconds, Stopping threads took: 0.0000740 seconds
23.086: Application time: 0.1295230 seconds
23.086: [GC [PSYoungGen: 23952K->256K(24064K)] 33037K->9642K(107008K), 0.0005240 secs] [Times: user=0.00 sys=0.00, real=0.00 secs] 
23.086: Total time for which application threads were stopped: 0.0006390 seconds, Stopping threads took: 0.0000550 seconds
23.216: Application time: 0.1295520 seconds
23.216: [GC [PSYoungGen: 23808K->256K(24064K)] 33194K->9722K(107008K), 0.0004050 secs] [Times: user=0.00 sys=0.00, real=0.00 secs] 
23.216: Total time for which application threads were stopped: 0.0005200 seconds, Stopping threads took: 0.0000570 seconds
23.346: Application time: 0.1293310 seconds
23.346: [GC [PSYoungGen: 23808K->256K(24064K)] 33274K->9746K(107008K), 0.0004300 secs] [Times: user=0.00 sys=0.00, real=0.00 secs] 
23.346: Total time for which application threads were stopped: 0.0005690 seconds, Stopping threads took: 0.0000650 seconds
23.476: Application time: 0.1297410 seconds
23.476: [GC [PSYoungGen: 23808K->256K(24064K)] 33298K->9890K(107008K), 0.0004240 secs] [Times: user=0.00 sys=0.00, real=0.00 secs] 
23.477: Total time for which application threads were stopped: 0.0005520 seconds, Stopping threads took: 0.0000610 seconds
23.606: Application time: 0.1297320 seconds
23.606: [GC [PSYoungGen: 23808K->256K(24064K)] 33442K->9914K(107008K), 0.0003910 secs] [Times: user=0.01 sys=0.00, real=0.00 secs] 
23.607: Total time for which application threads were stopped: 0.0005180 seconds, Stopping threads took: 0.0000620 seconds
23.741: Application time: 0.1341420 seconds
23.741: [GC [PSYoungGen: 23808K->432K(24064K)] 33466K->10170K(107008K), 0.0005620 secs] [Times: user=0.00 sys=0.00, real=0.00 secs] 
23.742: Total time for which application threads were stopped: 0.0007070 seconds, Stopping threads took: 0.0000740 seconds
23.872: Application time: 0.1306850 seconds
23.873: [GC [PSYoungGen: 23984K->224K(24064K)] 33722K->10266K(107008K), 0.0005070 secs] [Times: user=0.00 sys=0.00, real=0.00 secs] 
23.873: Total time for which application threads were stopped: 0.0006460 seconds, Stopping threads took: 0.0000640 seconds
24.003: Application time: 0.1298220 seconds
24.003: [GC [PSYoungGen: 23776K->256K(24064K)] 33818K->10378K(107008K), 0.0004210 secs] [Times: user=0.00 sys=0.00, real=0.00 secs] 
24.003: Total time for which application threads were stopped: 0.0005430 seconds, Stopping threads took: 0.0000570 seconds
24.133: Application time: 0.1293220 seconds
24.133: [GC [PSYoungGen: 23808K->256K(24064K)] 33930K->10402K(107008K), 0.0004270 secs] [Times: user=0.00 sys=0.00, real=0.00 secs] 
24.133: Total time for which application threads were stopped: 0.0005420 seconds, Stopping threads took: 0.0000540 seconds
24.264: Application time: 0.1304500 seconds
24.264: [GC [PSYoungGen: 23808K->256K(24064K)] 33954K->10546K(107008K), 0.0004310 secs] [Times: user=0.00 sys=0.00, real=0.00 secs] 
24.264: Total time for which application threads were stopped: 0.0005420 seconds, Stopping threads took: 0.0000550 seconds
24.393: Application time: 0.1290280 seconds
24.393: [GC [PSYoungGen: 23808K->288K(24064K)] 34098K->10602K(107008K), 0.0004380 secs] [Times: user=0.00 sys=0.00, real=0.00 secs] 
24.394: Total time for which application threads were stopped: 0.0005690 seconds, Stopping threads took: 0.0000600 seconds
24.521: Application time: 0.1271800 seconds
24.521: [GC [PSYoungGen: 23840K->336K(24064K)] 34154K->10771K(107008K), 0.0005050 secs] [Times: user=0.00 sys=0.00, real=0.00 secs] 
24.522: Total time for which application threads were stopped: 0.0006360 seconds, Stopping threads took: 0.0000660 seconds
24.651: Application time: 0.1295070 seconds
24.651: [GC [PSYoungGen: 23888K->256K(24064K)] 34323K->10955K(107008K), 0.0004580 secs] [Times: user=0.00 sys=0.00, real=0.00 secs] 
24.652: Total time for which application threads were stopped: 0.0005730 seconds, Stopping threads took: 0.0000560 seconds
24.783: Application time: 0.1307530 seconds
24.783: [GC [PSYoungGen: 23808K->256K(24064K)] 34507K->11019K(107008K), 0.0003950 secs] [Times: user=0.00 sys=0.00, real=0.00 secs] 
24.783: Total time for which application threads were stopped: 0.0005090 seconds, Stopping threads took: 0.0000580 seconds
24.912: Application time: 0.1290590 seconds
24.912: [GC [PSYoungGen: 23808K->256K(24064K)] 34571K->11067K(107008K), 0.0004200 secs] [Times: user=0.00 sys=0.00, real=0.00 secs] 
24.913: Total time for which application threads were stopped: 0.0005430 seconds, Stopping threads took: 0.0000580 seconds
25.043: Application time: 0.1299010 seconds
25.043: [GC [PSYoungGen: 23808K->256K(24064K)] 34619K->11187K(107008K), 0.0004110 secs] [Times: user=0.01 sys=0.00, real=0.00 secs] 
25.043: Total time for which application threads were stopped: 0.0005240 seconds, Stopping threads took: 0.0000570 seconds
25.172: Application time: 0.1289800 seconds
25.172: [GC [PSYoungGen: 23808K->288K(24064K)] 34739K->11243K(107008K), 0.0004240 secs] [Times: user=0.00 sys=0.00, real=0.00 secs] 
25.173: Total time for which application threads were stopped: 0.0005570 seconds, Stopping threads took: 0.0000700 seconds
25.300: Application time: 0.1273460 seconds
25.300: [GC [PSYoungGen: 23840K->336K(24064K)] 34795K->11411K(107008K), 0.0004870 secs] [Times: user=0.00 sys=0.00, real=0.00 secs] 
25.301: Total time for which application threads were stopped: 0.0005980 seconds, Stopping threads took: 0.0000530 seconds
25.430: Application time: 0.1293430 seconds
25.430: [GC [PSYoungGen: 23888K->256K(24064K)] 34963K->11591K(107008K), 0.0004790 secs] [Times: user=0.00 sys=0.00, real=0.00 secs] 
25.431: Total time for which application threads were stopped: 0.0006170 seconds, Stopping threads took: 0.0000650 seconds
25.561: Application time: 0.1303680 seconds
25.561: [GC [PSYoungGen: 23808K->256K(24064K)] 35143K->11671K(107008K), 0.0004170 secs] [Times: user=0.00 sys=0.00, real=0.00 secs] 
25.561: Total time for which application threads were stopped: 0.0005350 seconds, Stopping threads took: 0.0000580 seconds
25.692: Application time: 0.1301180 seconds
25.692: [GC [PSYoungGen: 23808K->256K(24064K)] 35223K->11719K(107008K), 0.0004870 secs] [Times: user=0.00 sys=0.00, real=0.00 secs] 
25.692: Total time for which application threads were stopped: 0.0006130 seconds, Stopping threads took: 0.0000650 seconds
25.822: Application time: 0.1302380 seconds
25.823: [GC [PSYoungGen: 23808K->256K(24064K)] 35271K->11839K(107008K), 0.0004260 secs] [Times: user=0.00 sys=0.00, real=0.00 secs] 
25.823: Total time for which application threads were stopped: 0.0005340 seconds, Stopping threads took: 0.0000500 seconds
25.952: Application time: 0.1287220 seconds
25.952: [GC [PSYoungGen: 23808K->256K(24064K)] 35391K->11863K(107008K), 0.0004340 secs] [Times: user=0.00 sys=0.00, real=0.00 secs] 
25.952: Total time for which application threads were stopped: 0.0005670 seconds, Stopping threads took: 0.0000610 seconds
26.080: Application time: 0.1277080 seconds
26.080: [GC [PSYoungGen: 23808K->352K(24064K)] 35415K->12076K(107008K), 0.0004920 secs] [Times: user=0.01 sys=0.00, real=0.00 secs] 
26.081: Total time for which application threads were stopped: 0.0006040 seconds, Stopping threads took: 0.0000550 seconds
26.210: Application time: 0.1297280 seconds
26.210: [GC [PSYoungGen: 23904K->288K(24064K)] 35628K->12268K(107008K), 0.0004830 secs] [Times: user=0.00 sys=0.00, real=0.00 secs] 
26.211: Total time for which application threads were stopped: 0.0006140 seconds, Stopping threads took: 0.0000680 seconds
26.341: Application time: 0.1299340 seconds
26.341: [GC [PSYoungGen: 23840K->256K(24064K)] 35820K->12308K(107008K), 0.0004370 secs] [Times: user=0.00 sys=0.01, real=0.00 secs] 
26.341: Total time for which application threads were stopped: 0.0005660 seconds, Stopping threads took: 0.0000650 seconds
26.471: Application time: 0.1296000 seconds
26.474: [GC [PSYoungGen: 23808K->256K(24064K)] 35860K->12380K(107008K), 0.0004230 secs] [Times: user=0.01 sys=0.00, real=0.00 secs] 
26.474: Total time for which application threads were stopped: 0.0030620 seconds, Stopping threads took: 0.0025600 seconds
26.604: Application time: 0.1295130 seconds
26.604: [GC [PSYoungGen: 23808K->256K(24064K)] 35932K->12476K(107008K), 0.0004540 secs] [Times: user=0.00 sys=0.00, real=0.00 secs] 
26.604: Total time for which application threads were stopped: 0.0005870 seconds, Stopping threads took: 0.0000650 seconds
26.732: Application time: 0.1282660 seconds
26.733: [GC [PSYoungGen: 23808K->304K(24064K)] 36028K->12548K(107008K), 0.0004840 secs] [Times: user=0.00 sys=0.00, real=0.00 secs] 
26.733: Total time for which application threads were stopped: 0.0006080 seconds, Stopping threads took: 0.0000600 seconds
26.861: Application time: 0.1275880 seconds
26.861: [GC [PSYoungGen: 23856K->304K(24064K)] 36100K->12716K(107008K), 0.0004780 secs] [Times: user=0.00 sys=0.00, real=0.00 secs] 
26.861: Total time for which application threads were stopped: 0.0006000 seconds, Stopping threads took: 0.0000630 seconds
26.991: Application time: 0.1294830 seconds
26.991: [GC [PSYoungGen: 23856K->256K(24064K)] 36268K->12884K(107008K), 0.0005170 secs] [Times: user=0.00 sys=0.00, real=0.00 secs] 
26.991: Total time for which application threads were stopped: 0.0006610 seconds, Stopping threads took: 0.0000750 seconds
27.121: Application time: 0.1298650 seconds
27.121: [GC [PSYoungGen: 23808K->256K(24064K)] 36436K->12964K(107008K), 0.0004310 secs] [Times: user=0.00 sys=0.00, real=0.00 secs] 
27.122: Total time for which application threads were stopped: 0.0005410 seconds, Stopping threads took: 0.0000520 seconds
27.253: Application time: 0.1313890 seconds
27.253: [GC [PSYoungGen: 23808K->256K(24064K)] 36516K->13084K(107008K), 0.0004740 secs] [Times: user=0.00 sys=0.01, real=0.00 secs] 
27.254: Total time for which application threads were stopped: 0.0006090 seconds, Stopping threads took: 0.0000700 seconds
27.384: Application time: 0.1297370 seconds
27.384: [GC [PSYoungGen: 23808K->224K(24064K)] 36636K->13100K(107008K), 0.0004460 secs] [Times: user=0.00 sys=0.00, real=0.00 secs] 
27.384: Total time for which application threads were stopped: 0.0005540 seconds, Stopping threads took: 0.0000530 seconds
27.512: Application time: 0.1275660 seconds
27.512: [GC [PSYoungGen: 23776K->352K(24064K)] 36652K->13252K(107008K), 0.0004650 secs] [Times: user=0.00 sys=0.00, real=0.00 secs] 
27.512: Total time for which application threads were stopped: 0.0005920 seconds, Stopping threads took: 0.0000550 seconds
27.641: Application time: 0.1290970 seconds
27.641: [GC [PSYoungGen: 23904K->256K(24064K)] 36804K->13409K(107008K), 0.0005540 secs] [Times: user=0.00 sys=0.00, real=0.00 secs] 
27.642: Total time for which application threads were stopped: 0.0006900 seconds, Stopping threads took: 0.0000700 seconds
27.772: Application time: 0.1297150 seconds
27.772: [GC [PSYoungGen: 23808K->256K(24064K)] 36961K->13537K(107008K), 0.0004590 secs] [Times: user=0.00 sys=0.00, real=0.00 secs] 
27.772: Total time for which application threads were stopped: 0.0005950 seconds, Stopping threads took: 0.0000670 seconds
27.902: Application time: 0.1300820 seconds
27.903: [GC [PSYoungGen: 23808K->256K(24064K)] 37089K->13625K(107008K), 0.0004490 secs] [Times: user=0.00 sys=0.00, real=0.00 secs] 
27.903: Total time for which application threads were stopped: 0.0005860 seconds, Stopping threads took: 0.0000730 seconds
28.033: Application time: 0.1301230 seconds
28.033: [GC [PSYoungGen: 23808K->256K(24064K)] 37177K->13745K(107008K), 0.0004260 secs] [Times: user=0.00 sys=0.00, real=0.00 secs] 
28.034: Total time for which application threads were stopped: 0.0005540 seconds, Stopping threads took: 0.0000570 seconds
28.164: Application time: 0.1298270 seconds
28.164: [GC [PSYoungGen: 23808K->256K(24064K)] 37297K->13793K(107008K), 0.0004440 secs] [Times: user=0.00 sys=0.00, real=0.00 secs] 
28.164: Total time for which application threads were stopped: 0.0005670 seconds, Stopping threads took: 0.0000610 seconds
28.292: Application time: 0.1280040 seconds
28.292: [GC [PSYoungGen: 23808K->384K(24064K)] 37345K->13945K(107008K), 0.0004440 secs] [Times: user=0.00 sys=0.00, real=0.00 secs] 
28.293: Total time for which application threads were stopped: 0.0005670 seconds, Stopping threads took: 0.0000600 seconds
28.422: Application time: 0.1288760 seconds
28.422: [GC [PSYoungGen: 23936K->288K(24064K)] 37497K->14117K(107008K), 0.0004940 secs] [Times: user=0.01 sys=0.00, real=0.00 secs] 
28.422: Total time for which application threads were stopped: 0.0006290 seconds, Stopping threads took: 0.0000690 seconds
28.551: Application time: 0.1292540 seconds
28.552: [GC [PSYoungGen: 23840K->256K(24064K)] 37669K->14213K(107008K), 0.0004430 secs] [Times: user=0.00 sys=0.00, real=0.00 secs] 
28.552: Total time for which application threads were stopped: 0.0005910 seconds, Stopping threads took: 0.0000670 seconds
28.682: Application time: 0.1298230 seconds
28.682: [GC [PSYoungGen: 23808K->256K(24064K)] 37765K->14309K(107008K), 0.0004180 secs] [Times: user=0.00 sys=0.00, real=0.00 secs] 
28.682: Total time for which application threads were stopped: 0.0005400 seconds, Stopping threads took: 0.0000650 seconds
28.813: Application time: 0.1304210 seconds
28.813: [GC [PSYoungGen: 23808K->256K(24064K)] 37861K->14429K(107008K), 0.0004960 secs] [Times: user=0.01 sys=0.00, real=0.00 secs] 
28.815: Total time for which application threads were stopped: 0.0016440 seconds, Stopping threads took: 0.0000620 seconds
28.945: Application time: 0.1305730 seconds
28.945: [GC [PSYoungGen: 23808K->256K(24064K)] 37981K->14501K(107008K), 0.0004230 secs] [Times: user=0.00 sys=0.00, real=0.01 secs] 
28.946: Total time for which application threads were stopped: 0.0005400 seconds, Stopping threads took: 0.0000580 seconds
29.074: Application time: 0.1279010 seconds
29.074: [GC [PSYoungGen: 23808K->352K(24064K)] 38053K->14598K(107008K), 0.0004580 secs] [Times: user=0.00 sys=0.00, real=0.00 secs] 
29.074: Total time for which application threads were stopped: 0.0005900 seconds, Stopping threads took: 0.0000560 seconds
29.203: Application time: 0.1285030 seconds
29.206: [GC [PSYoungGen: 23904K->320K(24064K)] 38150K->14822K(107008K), 0.0004920 secs] [Times: user=0.00 sys=0.00, real=0.00 secs] 
29.206: Total time for which application threads were stopped: 0.0035560 seconds, Stopping threads took: 0.0030030 seconds
29.336: Application time: 0.1302290 seconds
29.337: [GC [PSYoungGen: 23872K->256K(24064K)] 38374K->14942K(107008K), 0.0004780 secs] [Times: user=0.01 sys=0.00, real=0.00 secs] 
29.337: Total time for which application threads were stopped: 0.0006040 seconds, Stopping threads took: 0.0000620 seconds
29.467: Application time: 0.1294950 seconds
29.467: [GC [PSYoungGen: 23808K->256K(24064K)] 38494K->14942K(107008K), 0.0004160 secs] [Times: user=0.00 sys=0.00, real=0.00 secs] 
29.467: Total time for which application threads were stopped: 0.0005380 seconds, Stopping threads took: 0.0000600 seconds
29.597: Application time: 0.1301580 seconds
29.597: [GC [PSYoungGen: 23808K->256K(24064K)] 38494K->15086K(107008K), 0.0004410 secs] [Times: user=0.01 sys=0.00, real=0.01 secs] 
29.598: Total time for which application threads were stopped: 0.0005680 seconds, Stopping threads took: 0.0000600 seconds
29.729: Application time: 0.1310870 seconds
29.729: [GC [PSYoungGen: 23808K->256K(24064K)] 38638K->15134K(107008K), 0.0004220 secs] [Times: user=0.00 sys=0.00, real=0.00 secs] 
29.729: Total time for which application threads were stopped: 0.0005610 seconds, Stopping threads took: 0.0000750 seconds
29.856: Application time: 0.1270450 seconds
29.857: [GC [PSYoungGen: 23808K->448K(24064K)] 38686K->15326K(107008K), 0.0004470 secs] [Times: user=0.00 sys=0.00, real=0.00 secs] 
29.857: Total time for which application threads were stopped: 0.0005640 seconds, Stopping threads took: 0.0000600 seconds
29.986: Application time: 0.1292820 seconds
29.986: [GC [PSYoungGen: 24000K->288K(24064K)] 38878K->15474K(107008K), 0.0005050 secs] [Times: user=0.01 sys=0.00, real=0.00 secs] 
29.987: Total time for which application threads were stopped: 0.0006260 seconds, Stopping threads took: 0.0000580 seconds
30.118: Application time: 0.1308520 seconds
30.118: [GC [PSYoungGen: 23840K->224K(24064K)] 39026K->15538K(107008K), 0.0004620 secs] [Times: user=0.00 sys=0.00, real=0.00 secs] 
30.118: Total time for which application threads were stopped: 0.0005970 seconds, Stopping threads took: 0.0000600 seconds
30.248: Application time: 0.1297700 seconds
30.248: [GC [PSYoungGen: 23776K->256K(24064K)] 39090K->15570K(107008K), 0.0004170 secs] [Times: user=0.00 sys=0.00, real=0.00 secs] 
30.249: Total time for which application threads were stopped: 0.0005270 seconds, Stopping threads took: 0.0000510 seconds
30.379: Application time: 0.1298320 seconds
30.379: [GC [PSYoungGen: 23808K->256K(24064K)] 39122K->15714K(107008K), 0.0004490 secs] [Times: user=0.00 sys=0.00, real=0.00 secs] 
30.379: Total time for which application threads were stopped: 0.0005710 seconds, Stopping threads took: 0.0000610 seconds
30.510: Application time: 0.1308840 seconds
30.510: [GC [PSYoungGen: 23808K->256K(24064K)] 39266K->15763K(107008K), 0.0004260 secs] [Times: user=0.00 sys=0.00, real=0.00 secs] 
30.511: Total time for which application threads were stopped: 0.0005590 seconds, Stopping threads took: 0.0000670 seconds
30.637: Application time: 0.1267770 seconds
30.637: [GC [PSYoungGen: 23808K->432K(24064K)] 39315K->15939K(107008K), 0.0004800 secs] [Times: user=0.00 sys=0.00, real=0.01 secs] 
30.638: Total time for which application threads were stopped: 0.0006070 seconds, Stopping threads took: 0.0000560 seconds
30.767: Application time: 0.1291410 seconds
30.767: [GC [PSYoungGen: 23984K->256K(24064K)] 39491K->16071K(107008K), 0.0004960 secs] [Times: user=0.01 sys=0.00, real=0.00 secs] 
30.768: Total time for which application threads were stopped: 0.0006030 seconds, Stopping threads took: 0.0000500 seconds
30.898: Application time: 0.1305560 seconds
30.898: [GC [PSYoungGen: 23808K->224K(24064K)] 39623K->16167K(107008K), 0.0004850 secs] [Times: user=0.00 sys=0.00, real=0.00 secs] 
30.899: Total time for which application threads were stopped: 0.0006110 seconds, Stopping threads took: 0.0000610 seconds
31.028: Application time: 0.1291950 seconds
31.028: [GC [PSYoungGen: 23776K->256K(24064K)] 39719K->16199K(107008K), 0.0004410 secs] [Times: user=0.00 sys=0.00, real=0.00 secs] 
31.029: Total time for which application threads were stopped: 0.0005650 seconds, Stopping threads took: 0.0000610 seconds
31.159: Application time: 0.1302380 seconds
31.159: [GC [PSYoungGen: 23808K->256K(24064K)] 39751K->16343K(107008K), 0.0004360 secs] [Times: user=0.00 sys=0.00, real=0.00 secs] 
31.159: Total time for which application threads were stopped: 0.0005650 seconds, Stopping threads took: 0.0000600 seconds
31.289: Application time: 0.1300040 seconds
31.290: [GC [PSYoungGen: 23808K->256K(24064K)] 39895K->16391K(107008K), 0.0004300 secs] [Times: user=0.01 sys=0.00, real=0.00 secs] 
31.290: Total time for which application threads were stopped: 0.0005410 seconds, Stopping threads took: 0.0000530 seconds
31.417: Application time: 0.1270710 seconds
31.417: [GC [PSYoungGen: 23808K->400K(24064K)] 39943K->16535K(107008K), 0.0005050 secs] [Times: user=0.00 sys=0.00, real=0.01 secs] 
31.418: Total time for which application threads were stopped: 0.0006290 seconds, Stopping threads took: 0.0000600 seconds
31.546: Application time: 0.1286940 seconds
31.546: [GC [PSYoungGen: 23952K->288K(24064K)] 40087K->16723K(107008K), 0.0005080 secs] [Times: user=0.01 sys=0.00, real=0.00 secs] 
31.547: Total time for which application threads were stopped: 0.0006180 seconds, Stopping threads took: 0.0000490 seconds
31.677: Application time: 0.1298460 seconds
31.677: [GC [PSYoungGen: 23840K->256K(24064K)] 40275K->16827K(107008K), 0.0004190 secs] [Times: user=0.00 sys=0.00, real=0.00 secs] 
31.677: Total time for which application threads were stopped: 0.0005430 seconds, Stopping threads took: 0.0000560 seconds
31.808: Application time: 0.1305990 seconds
31.808: [GC [PSYoungGen: 23808K->240K(24064K)] 40379K->16811K(107008K), 0.0004860 secs] [Times: user=0.00 sys=0.00, real=0.00 secs] 
31.809: Total time for which application threads were stopped: 0.0005980 seconds, Stopping threads took: 0.0000490 seconds
31.939: Application time: 0.1301150 seconds
31.939: [GC [PSYoungGen: 23792K->256K(24064K)] 40363K->16972K(107008K), 0.0004720 secs] [Times: user=0.00 sys=0.00, real=0.00 secs] 
31.939: Total time for which application threads were stopped: 0.0005910 seconds, Stopping threads took: 0.0000550 seconds
32.070: Application time: 0.1304220 seconds
32.070: [GC [PSYoungGen: 23808K->224K(24064K)] 40524K->16988K(107008K), 0.0004580 secs] [Times: user=0.00 sys=0.00, real=0.00 secs] 
32.070: Total time for which application threads were stopped: 0.0005930 seconds, Stopping threads took: 0.0000680 seconds
32.197: Application time: 0.1266180 seconds
32.197: [GC [PSYoungGen: 23776K->384K(24064K)] 40540K->17148K(107008K), 0.0004710 secs] [Times: user=0.00 sys=0.00, real=0.00 secs] 
32.198: Total time for which application threads were stopped: 0.0005980 seconds, Stopping threads took: 0.0000560 seconds
32.326: Application time: 0.1289420 seconds
32.327: [GC [PSYoungGen: 23936K->256K(24064K)] 40700K->17316K(107008K), 0.0005150 secs] [Times: user=0.00 sys=0.00, real=0.00 secs] 
32.327: Total time for which application threads were stopped: 0.0006380 seconds, Stopping threads took: 0.0000580 seconds
32.457: Application time: 0.1303310 seconds
32.458: [GC [PSYoungGen: 23808K->256K(24064K)] 40868K->17452K(107008K), 0.0004190 secs] [Times: user=0.00 sys=0.00, real=0.01 secs] 
32.458: Total time for which application threads were stopped: 0.0005380 seconds, Stopping threads took: 0.0000610 seconds
32.588: Application time: 0.1298350 seconds
32.588: [GC [PSYoungGen: 23808K->192K(24064K)] 41004K->17388K(107008K), 0.0004720 secs] [Times: user=0.00 sys=0.00, real=0.00 secs] 
32.588: Total time for which application threads were stopped: 0.0006040 seconds, Stopping threads took: 0.0000660 seconds
32.719: Application time: 0.1305670 seconds
32.719: [GC [PSYoungGen: 23744K->256K(24064K)] 40940K->17596K(107008K), 0.0004550 secs] [Times: user=0.00 sys=0.00, real=0.00 secs] 
32.720: Total time for which application threads were stopped: 0.0005890 seconds, Stopping threads took: 0.0000640 seconds
32.850: Application time: 0.1304850 seconds
32.850: [GC [PSYoungGen: 23808K->256K(24064K)] 41148K->17644K(107008K), 0.0003900 secs] [Times: user=0.00 sys=0.00, real=0.00 secs] 
32.851: Total time for which application threads were stopped: 0.0005090 seconds, Stopping threads took: 0.0000580 seconds
32.978: Application time: 0.1273260 seconds
32.978: [GC [PSYoungGen: 23808K->384K(24064K)] 41196K->17772K(107008K), 0.0004990 secs] [Times: user=0.00 sys=0.00, real=0.00 secs] 
32.979: Total time for which application threads were stopped: 0.0006350 seconds, Stopping threads took: 0.0000700 seconds
33.108: Application time: 0.1291810 seconds
33.108: [GC [PSYoungGen: 23936K->256K(24064K)] 41324K->17948K(107008K), 0.0005890 secs] [Times: user=0.00 sys=0.00, real=0.00 secs] 
33.108: Total time for which application threads were stopped: 0.0007190 seconds, Stopping threads took: 0.0000640 seconds
33.238: Application time: 0.1296100 seconds
33.238: [GC [PSYoungGen: 23808K->256K(24064K)] 41500K->18068K(107008K), 0.0004370 secs] [Times: user=0.00 sys=0.00, real=0.00 secs] 
33.239: Total time for which application threads were stopped: 0.0005740 seconds, Stopping threads took: 0.0000620 seconds
33.368: Application time: 0.1293870 seconds
33.368: [GC [PSYoungGen: 23808K->256K(24064K)] 41620K->18068K(107008K), 0.0004900 secs] [Times: user=0.00 sys=0.00, real=0.00 secs] 
33.369: Total time for which application threads were stopped: 0.0006490 seconds, Stopping threads took: 0.0000930 seconds
33.498: Application time: 0.1297930 seconds
33.499: [GC [PSYoungGen: 23808K->192K(24064K)] 41620K->18141K(107008K), 0.0005120 secs] [Times: user=0.00 sys=0.00, real=0.00 secs] 
33.499: Total time for which application threads were stopped: 0.0006440 seconds, Stopping threads took: 0.0000630 seconds
33.629: Application time: 0.1298170 seconds
33.629: [GC [PSYoungGen: 23744K->256K(24064K)] 41693K->18253K(107008K), 0.0004060 secs] [Times: user=0.00 sys=0.00, real=0.00 secs] 
33.629: Total time for which application threads were stopped: 0.0005220 seconds, Stopping threads took: 0.0000570 seconds
33.756: Application time: 0.1269220 seconds
33.757: [GC [PSYoungGen: 23808K->400K(24064K)] 41805K->18397K(107008K), 0.0004610 secs] [Times: user=0.00 sys=0.00, real=0.00 secs] 
33.757: Total time for which application threads were stopped: 0.0005850 seconds, Stopping threads took: 0.0000590 seconds
33.886: Application time: 0.1291900 seconds
33.886: [GC [PSYoungGen: 23952K->256K(24064K)] 41949K->18549K(107008K), 0.0006130 secs] [Times: user=0.00 sys=0.00, real=0.00 secs] 
33.888: Total time for which application threads were stopped: 0.0017510 seconds, Stopping threads took: 0.0000530 seconds
34.018: Application time: 0.1302750 seconds
34.018: [GC [PSYoungGen: 23808K->256K(24064K)] 42101K->18685K(107008K), 0.0004500 secs] [Times: user=0.00 sys=0.00, real=0.00 secs] 
34.019: Total time for which application threads were stopped: 0.0005680 seconds, Stopping threads took: 0.0000580 seconds
34.149: Application time: 0.1300300 seconds
34.149: [GC [PSYoungGen: 23808K->256K(24064K)] 42237K->18685K(107008K), 0.0004350 secs] [Times: user=0.00 sys=0.00, real=0.00 secs] 
34.149: Total time for which application threads were stopped: 0.0005480 seconds, Stopping threads took: 0.0000560 seconds
34.279: Application time: 0.1296890 seconds
34.279: [GC [PSYoungGen: 23808K->256K(24064K)] 42237K->18829K(107008K), 0.0004650 secs] [Times: user=0.00 sys=0.00, real=0.00 secs] 
34.280: Total time for which application threads were stopped: 0.0006100 seconds, Stopping threads took: 0.0000680 seconds
34.410: Application time: 0.1302420 seconds
34.410: [GC [PSYoungGen: 23808K->256K(24064K)] 42381K->18877K(107008K), 0.0004570 secs] [Times: user=0.01 sys=0.00, real=0.00 secs] 
34.410: Total time for which application threads were stopped: 0.0005680 seconds, Stopping threads took: 0.0000530 seconds
34.537: Application time: 0.1267680 seconds
34.537: [GC [PSYoungGen: 23808K->432K(24064K)] 42429K->19053K(107008K), 0.0004620 secs] [Times: user=0.00 sys=0.00, real=0.01 secs] 
34.538: Total time for which application threads were stopped: 0.0005810 seconds, Stopping threads took: 0.0000600 seconds
34.667: Application time: 0.1292830 seconds
34.667: [GC [PSYoungGen: 23984K->256K(24064K)] 42605K->19165K(107008K), 0.0005510 secs] [Times: user=0.00 sys=0.00, real=0.00 secs] 
34.668: Total time for which application threads were stopped: 0.0006740 seconds, Stopping threads took: 0.0000570 seconds
34.798: Application time: 0.1301810 seconds
34.798: [GC [PSYoungGen: 23808K->256K(24064K)] 42717K->19293K(107008K), 0.0004250 secs] [Times: user=0.00 sys=0.00, real=0.00 secs] 
34.799: Total time for which application threads were stopped: 0.0005540 seconds, Stopping threads took: 0.0000540 seconds
34.928: Application time: 0.1296570 seconds
34.928: [GC [PSYoungGen: 23808K->240K(24064K)] 42845K->19277K(107008K), 0.0004940 secs] [Times: user=0.00 sys=0.00, real=0.00 secs] 
34.929: Total time for which application threads were stopped: 0.0006230 seconds, Stopping threads took: 0.0000660 seconds
35.059: Application time: 0.1298240 seconds
35.059: [GC [PSYoungGen: 23792K->256K(24064K)] 42829K->19438K(107008K), 0.0004560 secs] [Times: user=0.00 sys=0.00, real=0.00 secs] 
35.059: Total time for which application threads were stopped: 0.0005900 seconds, Stopping threads took: 0.0000660 seconds
35.190: Application time: 0.1307960 seconds
35.190: [GC [PSYoungGen: 23808K->256K(24064K)] 42990K->19486K(107008K), 0.0004170 secs] [Times: user=0.00 sys=0.00, real=0.00 secs] 
35.191: Total time for which application threads were stopped: 0.0005330 seconds, Stopping threads took: 0.0000570 seconds
35.318: Application time: 0.1272090 seconds
35.318: [GC [PSYoungGen: 23808K->416K(24064K)] 43038K->19646K(107008K), 0.0005090 secs] [Times: user=0.00 sys=0.00, real=0.00 secs] 
35.318: Total time for which application threads were stopped: 0.0006250 seconds, Stopping threads took: 0.0000480 seconds
35.447: Application time: 0.1291060 seconds
35.448: [GC [PSYoungGen: 23968K->256K(24064K)] 43198K->19794K(107008K), 0.0005150 secs] [Times: user=0.00 sys=0.00, real=0.00 secs] 
35.448: Total time for which application threads were stopped: 0.0006350 seconds, Stopping threads took: 0.0000570 seconds
35.578: Application time: 0.1302650 seconds
35.578: [GC [PSYoungGen: 23808K->224K(24064K)] 43346K->19882K(107008K), 0.0004520 secs] [Times: user=0.00 sys=0.00, real=0.00 secs] 
35.579: Total time for which application threads were stopped: 0.0005680 seconds, Stopping threads took: 0.0000570 seconds
35.709: Application time: 0.1296650 seconds
35.709: [GC [PSYoungGen: 23776K->256K(24064K)] 43434K->19914K(107008K), 0.0004410 secs] [Times: user=0.00 sys=0.00, real=0.00 secs] 
35.709: Total time for which application threads were stopped: 0.0005810 seconds, Stopping threads took: 0.0000770 seconds
35.840: Application time: 0.1303560 seconds
35.840: [GC [PSYoungGen: 23808K->256K(24064K)] 43466K->20058K(107008K), 0.0004630 secs] [Times: user=0.00 sys=0.00, real=0.00 secs] 
35.840: Total time for which application threads were stopped: 0.0006010 seconds, Stopping threads took: 0.0000640 seconds
35.970: Application time: 0.1300470 seconds
35.970: [GC [PSYoungGen: 23808K->224K(24064K)] 43610K->20074K(107008K), 0.0004460 secs] [Times: user=0.00 sys=0.00, real=0.00 secs] 
35.971: Total time for which application threads were stopped: 0.0005700 seconds, Stopping threads took: 0.0000580 seconds
36.098: Application time: 0.1273530 seconds
36.098: [GC [PSYoungGen: 23776K->384K(24064K)] 43626K->20234K(107008K), 0.0005030 secs] [Times: user=0.01 sys=0.00, real=0.00 secs] 
36.099: Total time for which application threads were stopped: 0.0006220 seconds, Stopping threads took: 0.0000590 seconds
36.227: Application time: 0.1286700 seconds
36.228: [GC [PSYoungGen: 23936K->256K(24064K)] 43786K->20398K(107008K), 0.0005460 secs] [Times: user=0.00 sys=0.00, real=0.00 secs] 
36.228: Total time for which application threads were stopped: 0.0006640 seconds, Stopping threads took: 0.0000580 seconds
36.358: Application time: 0.1299620 seconds
36.358: [GC [PSYoungGen: 23808K->224K(24064K)] 43950K->20495K(107008K), 0.0004910 secs] [Times: user=0.00 sys=0.00, real=0.00 secs] 
36.359: Total time for which application threads were stopped: 0.0006330 seconds, Stopping threads took: 0.0000690 seconds
36.488: Application time: 0.1294070 seconds
36.488: [GC [PSYoungGen: 23776K->224K(24064K)] 44047K->20495K(107008K), 0.0004590 secs] [Times: user=0.00 sys=0.00, real=0.00 secs] 
36.489: Total time for which application threads were stopped: 0.0005800 seconds, Stopping threads took: 0.0000590 seconds
36.619: Application time: 0.1300220 seconds
36.619: [GC [PSYoungGen: 23776K->256K(24064K)] 44047K->20671K(107008K), 0.0004660 secs] [Times: user=0.00 sys=0.00, real=0.00 secs] 
36.619: Total time for which application threads were stopped: 0.0005900 seconds, Stopping threads took: 0.0000600 seconds
36.750: Application time: 0.1305700 seconds
36.750: [GC [PSYoungGen: 23808K->256K(24064K)] 44223K->20719K(107008K), 0.0004150 secs] [Times: user=0.00 sys=0.00, real=0.00 secs] 
36.750: Total time for which application threads were stopped: 0.0005380 seconds, Stopping threads took: 0.0000590 seconds
36.877: Application time: 0.1266800 seconds
36.877: [GC [PSYoungGen: 23808K->384K(24064K)] 44271K->20847K(107008K), 0.0005930 secs] [Times: user=0.00 sys=0.01, real=0.01 secs] 
36.878: Total time for which application threads were stopped: 0.0007260 seconds, Stopping threads took: 0.0000620 seconds
37.007: Application time: 0.1289490 seconds
37.007: [GC [PSYoungGen: 23936K->256K(24064K)] 44399K->21027K(107008K), 0.0005120 secs] [Times: user=0.00 sys=0.00, real=0.00 secs] 
37.007: Total time for which application threads were stopped: 0.0006320 seconds, Stopping threads took: 0.0000540 seconds
37.138: Application time: 0.1306800 seconds
37.138: [GC [PSYoungGen: 23808K->224K(24064K)] 44579K->21123K(107008K), 0.0004780 secs] [Times: user=0.00 sys=0.00, real=0.00 secs] 
37.139: Total time for which application threads were stopped: 0.0005870 seconds, Stopping threads took: 0.0000490 seconds
37.268: Application time: 0.1295050 seconds
37.268: [GC [PSYoungGen: 23776K->224K(24064K)] 44675K->21123K(107008K), 0.0005120 secs] [Times: user=0.00 sys=0.00, real=0.00 secs] 
37.269: Total time for which application threads were stopped: 0.0006400 seconds, Stopping threads took: 0.0000560 seconds
37.399: Application time: 0.1303520 seconds
37.399: [GC [PSYoungGen: 23776K->256K(24064K)] 44675K->21299K(107008K), 0.0004450 secs] [Times: user=0.00 sys=0.00, real=0.00 secs] 
37.400: Total time for which application threads were stopped: 0.0005840 seconds, Stopping threads took: 0.0000640 seconds
37.530: Application time: 0.1299180 seconds
37.530: [GC [PSYoungGen: 23808K->256K(24064K)] 44851K->21347K(107008K), 0.0003880 secs] [Times: user=0.01 sys=0.00, real=0.00 secs] 
37.530: Total time for which application threads were stopped: 0.0005070 seconds, Stopping threads took: 0.0000610 seconds
37.658: Application time: 0.1279000 seconds
37.658: [GC [PSYoungGen: 23808K->400K(24064K)] 44899K->21491K(107008K), 0.0005030 secs] [Times: user=0.00 sys=0.00, real=0.00 secs] 
37.659: Total time for which application threads were stopped: 0.0006220 seconds, Stopping threads took: 0.0000520 seconds
37.788: Application time: 0.1287790 seconds
37.788: [GC [PSYoungGen: 23952K->288K(24064K)] 45043K->21687K(107008K), 0.0005140 secs] [Times: user=0.00 sys=0.00, real=0.00 secs] 
37.788: Total time for which application threads were stopped: 0.0006330 seconds, Stopping threads took: 0.0000530 seconds
37.919: Application time: 0.1303700 seconds
37.919: [GC [PSYoungGen: 23840K->256K(24064K)] 45239K->21784K(107008K), 0.0005240 secs] [Times: user=0.00 sys=0.00, real=0.00 secs] 
37.919: Total time for which application threads were stopped: 0.0006460 seconds, Stopping threads took: 0.0000540 seconds
38.049: Application time: 0.1297020 seconds
38.049: [GC [PSYoungGen: 23808K->256K(24064K)] 45336K->21784K(107008K), 0.0004190 secs] [Times: user=0.00 sys=0.00, real=0.00 secs] 
38.049: Total time for which application threads were stopped: 0.0005300 seconds, Stopping threads took: 0.0000520 seconds
38.179: Application time: 0.1296440 seconds
38.179: [GC [PSYoungGen: 23808K->256K(24064K)] 45336K->21928K(107008K), 0.0004970 secs] [Times: user=0.01 sys=0.00, real=0.00 secs] 
38.180: Total time for which application threads were stopped: 0.0006160 seconds, Stopping threads took: 0.0000540 seconds
38.310: Application time: 0.1299800 seconds
38.310: [GC [PSYoungGen: 23808K->256K(24064K)] 45480K->21976K(107008K), 0.0004060 secs] [Times: user=0.00 sys=0.00, real=0.00 secs] 
38.310: Total time for which application threads were stopped: 0.0005250 seconds, Stopping threads took: 0.0000590 seconds
38.438: Application time: 0.1273790 seconds
38.438: [GC [PSYoungGen: 23808K->400K(24064K)] 45528K->22120K(107008K), 0.0005440 secs] [Times: user=0.00 sys=0.00, real=0.00 secs] 
38.438: Total time for which application threads were stopped: 0.0006650 seconds, Stopping threads took: 0.0000510 seconds
38.567: Application time: 0.1286300 seconds
38.567: [GC [PSYoungGen: 23952K->256K(24064K)] 45672K->22280K(107008K), 0.0005190 secs] [Times: user=0.00 sys=0.00, real=0.00 secs] 
38.568: Total time for which application threads were stopped: 0.0006480 seconds, Stopping threads took: 0.0000670 seconds
38.698: Application time: 0.1305510 seconds
38.698: [GC [PSYoungGen: 23808K->256K(24064K)] 45832K->22416K(107008K), 0.0004650 secs] [Times: user=0.00 sys=0.00, real=0.00 secs] 
38.699: Total time for which application threads were stopped: 0.0005940 seconds, Stopping threads took: 0.0000660 seconds
38.829: Application time: 0.1300630 seconds
38.829: [GC [PSYoungGen: 23808K->256K(24064K)] 45968K->22416K(107008K), 0.0004400 secs] [Times: user=0.00 sys=0.00, real=0.00 secs] 
38.829: Total time for which application threads were stopped: 0.0005550 seconds, Stopping threads took: 0.0000560 seconds
38.960: Application time: 0.1302490 seconds
38.960: [GC [PSYoungGen: 23808K->256K(24064K)] 45968K->22560K(107008K), 0.0004840 secs] [Times: user=0.00 sys=0.00, real=0.00 secs] 
38.961: Total time for which application threads were stopped: 0.0016440 seconds, Stopping threads took: 0.0000620 seconds
39.091: Application time: 0.1296260 seconds
39.091: [GC [PSYoungGen: 23808K->256K(24064K)] 46112K->22608K(107008K), 0.0004960 secs] [Times: user=0.00 sys=0.00, real=0.00 secs] 
39.091: Total time for which application threads were stopped: 0.0006060 seconds, Stopping threads took: 0.0000510 seconds
39.219: Application time: 0.1272680 seconds
39.219: [GC [PSYoungGen: 23808K->384K(24064K)] 46160K->22736K(107008K), 0.0004770 secs] [Times: user=0.00 sys=0.00, real=0.00 secs] 
39.219: Total time for which application threads were stopped: 0.0005980 seconds, Stopping threads took: 0.0000550 seconds
39.348: Application time: 0.1288060 seconds
39.348: [GC [PSYoungGen: 23936K->288K(24064K)] 46288K->22948K(107008K), 0.0005340 secs] [Times: user=0.00 sys=0.00, real=0.00 secs] 
39.349: Total time for which application threads were stopped: 0.0006530 seconds, Stopping threads took: 0.0000540 seconds
39.478: Application time: 0.1296750 seconds
39.479: [GC [PSYoungGen: 23840K->224K(24064K)] 46500K->23005K(107008K), 0.0004650 secs] [Times: user=0.00 sys=0.00, real=0.00 secs] 
39.479: Total time for which application threads were stopped: 0.0006060 seconds, Stopping threads took: 0.0000670 seconds
39.609: Application time: 0.1296250 seconds
39.609: [GC [PSYoungGen: 23776K->256K(24064K)] 46557K->23037K(107008K), 0.0004380 secs] [Times: user=0.00 sys=0.00, real=0.00 secs] 
39.609: Total time for which application threads were stopped: 0.0005580 seconds, Stopping threads took: 0.0000570 seconds
39.739: Application time: 0.1297640 seconds
39.739: [GC [PSYoungGen: 23808K->256K(24064K)] 46589K->23181K(107008K), 0.0004870 secs] [Times: user=0.00 sys=0.00, real=0.00 secs] 
39.740: Total time for which application threads were stopped: 0.0006000 seconds, Stopping threads took: 0.0000560 seconds
39.870: Application time: 0.1308750 seconds
39.874: [GC [PSYoungGen: 23808K->256K(24064K)] 46733K->23229K(107008K), 0.0004660 secs] [Times: user=0.00 sys=0.00, real=0.00 secs] 
39.874: Total time for which application threads were stopped: 0.0036800 seconds, Stopping threads took: 0.0031530 seconds
40.001: Application time: 0.1272340 seconds
40.001: [GC [PSYoungGen: 23808K->384K(24064K)] 46781K->23357K(107008K), 0.0005050 secs] [Times: user=0.00 sys=0.00, real=0.00 secs] 
40.002: Total time for which application threads were stopped: 0.0006290 seconds, Stopping threads took: 0.0000590 seconds
40.131: Application time: 0.1290630 seconds
40.131: [GC [PSYoungGen: 23936K->256K(24064K)] 46909K->23533K(107008K), 0.0005060 secs] [Times: user=0.00 sys=0.00, real=0.00 secs] 
40.132: Total time for which application threads were stopped: 0.0006260 seconds, Stopping threads took: 0.0000620 seconds
40.262: Application time: 0.1299730 seconds
40.262: [GC [PSYoungGen: 23808K->224K(24064K)] 47085K->23629K(107008K), 0.0004810 secs] [Times: user=0.00 sys=0.00, real=0.00 secs] 
40.262: Total time for which application threads were stopped: 0.0005900 seconds, Stopping threads took: 0.0000480 seconds
40.392: Application time: 0.1298080 seconds
40.392: [GC [PSYoungGen: 23776K->256K(24064K)] 47181K->23661K(107008K), 0.0004390 secs] [Times: user=0.00 sys=0.00, real=0.00 secs] 
40.393: Total time for which application threads were stopped: 0.0005590 seconds, Stopping threads took: 0.0000630 seconds
40.525: Application time: 0.1323610 seconds
40.525: [GC [PSYoungGen: 23808K->256K(24064K)] 47213K->23805K(107008K), 0.0005100 secs] [Times: user=0.00 sys=0.00, real=0.01 secs] 
40.526: Total time for which application threads were stopped: 0.0006480 seconds, Stopping threads took: 0.0000680 seconds
40.656: Application time: 0.1302530 seconds
40.656: [GC [PSYoungGen: 23808K->192K(24064K)] 47357K->23789K(107008K), 0.0005130 secs] [Times: user=0.00 sys=0.00, real=0.00 secs] 
40.657: Total time for which application threads were stopped: 0.0006390 seconds, Stopping threads took: 0.0000670 seconds
40.783: Application time: 0.1265620 seconds
40.783: [GC [PSYoungGen: 23744K->400K(24064K)] 47341K->23997K(107008K), 0.0004990 secs] [Times: user=0.00 sys=0.00, real=0.00 secs] 
40.784: Total time for which application threads were stopped: 0.0006230 seconds, Stopping threads took: 0.0000610 seconds
40.913: Application time: 0.1288000 seconds
40.913: [GC [PSYoungGen: 23952K->256K(24064K)] 47549K->24149K(107008K), 0.0005440 secs] [Times: user=0.00 sys=0.00, real=0.00 secs] 
40.913: Total time for which application threads were stopped: 0.0006780 seconds, Stopping threads took: 0.0000650 seconds
41.044: Application time: 0.1303270 seconds
41.044: [GC [PSYoungGen: 23808K->256K(24064K)] 47701K->24286K(107008K), 0.0004630 secs] [Times: user=0.00 sys=0.00, real=0.00 secs] 
41.044: Total time for which application threads were stopped: 0.0005960 seconds, Stopping threads took: 0.0000610 seconds
41.174: Application time: 0.1293840 seconds
41.176: [GC [PSYoungGen: 23808K->256K(24064K)] 47838K->24286K(107008K), 0.0005230 secs] [Times: user=0.01 sys=0.00, real=0.00 secs] 
41.177: Total time for which application threads were stopped: 0.0033750 seconds, Stopping threads took: 0.0027920 seconds
41.306: Application time: 0.1295420 seconds
41.307: [GC [PSYoungGen: 23808K->256K(24064K)] 47838K->24430K(107008K), 0.0004480 secs] [Times: user=0.00 sys=0.00, real=0.00 secs] 
41.307: Total time for which application threads were stopped: 0.0005600 seconds, Stopping threads took: 0.0000510 seconds
41.437: Application time: 0.1295260 seconds
41.437: [GC [PSYoungGen: 23808K->256K(24064K)] 47982K->24478K(107008K), 0.0004290 secs] [Times: user=0.00 sys=0.00, real=0.00 secs] 
41.437: Total time for which application threads were stopped: 0.0005610 seconds, Stopping threads took: 0.0000700 seconds
41.563: Application time: 0.1263990 seconds
41.564: [GC [PSYoungGen: 23808K->400K(24064K)] 48030K->24622K(107008K), 0.0004830 secs] [Times: user=0.01 sys=0.00, real=0.00 secs] 
41.564: Total time for which application threads were stopped: 0.0006200 seconds, Stopping threads took: 0.0000660 seconds
41.693: Application time: 0.1291320 seconds
41.693: [GC [PSYoungGen: 23952K->256K(24064K)] 48174K->24774K(107008K), 0.0005520 secs] [Times: user=0.00 sys=0.01, real=0.00 secs] 
41.694: Total time for which application threads were stopped: 0.0006920 seconds, Stopping threads took: 0.0000750 seconds
41.825: Application time: 0.1306520 seconds
41.825: [GC [PSYoungGen: 23808K->256K(24064K)] 48326K->24910K(107008K), 0.0004730 secs] [Times: user=0.00 sys=0.00, real=0.00 secs] 
41.825: Total time for which application threads were stopped: 0.0005940 seconds, Stopping threads took: 0.0000560 seconds
41.955: Application time: 0.1296480 seconds
41.955: [GC [PSYoungGen: 23808K->256K(24064K)] 48462K->24910K(107008K), 0.0004370 secs] [Times: user=0.00 sys=0.00, real=0.00 secs] 
41.955: Total time for which application threads were stopped: 0.0005550 seconds, Stopping threads took: 0.0000540 seconds
42.085: Application time: 0.1296090 seconds
42.085: [GC [PSYoungGen: 23808K->224K(24064K)] 48462K->25022K(107008K), 0.0004950 secs] [Times: user=0.00 sys=0.00, real=0.01 secs] 
42.086: Total time for which application threads were stopped: 0.0006280 seconds, Stopping threads took: 0.0000610 seconds
42.216: Application time: 0.1307530 seconds
42.216: [GC [PSYoungGen: 23776K->256K(24064K)] 48574K->25102K(107008K), 0.0004220 secs] [Times: user=0.00 sys=0.00, real=0.00 secs] 
42.217: Total time for which application threads were stopped: 0.0005410 seconds, Stopping threads took: 0.0000620 seconds
42.344: Application time: 0.1267650 seconds
42.344: [GC [PSYoungGen: 23808K->400K(24064K)] 48654K->25246K(107008K), 0.0005040 secs] [Times: user=0.00 sys=0.00, real=0.00 secs] 
42.344: Total time for which application threads were stopped: 0.0006300 seconds, Stopping threads took: 0.0000640 seconds
42.474: Application time: 0.1292490 seconds
42.474: [GC [PSYoungGen: 23952K->256K(24064K)] 48798K->25398K(107008K), 0.0005150 secs] [Times: user=0.00 sys=0.00, real=0.00 secs] 
42.474: Total time for which application threads were stopped: 0.0006260 seconds, Stopping threads took: 0.0000520 seconds
42.604: Application time: 0.1302770 seconds
42.605: [GC [PSYoungGen: 23808K->256K(24064K)] 48950K->25519K(107008K), 0.0004730 secs] [Times: user=0.00 sys=0.00, real=0.00 secs] 
42.605: Total time for which application threads were stopped: 0.0006070 seconds, Stopping threads took: 0.0000600 seconds
42.735: Application time: 0.1296950 seconds
42.735: [GC [PSYoungGen: 23808K->256K(24064K)] 49071K->25519K(107008K), 0.0004630 secs] [Times: user=0.00 sys=0.00, real=0.00 secs] 
42.735: Total time for which application threads were stopped: 0.0005910 seconds, Stopping threads took: 0.0000630 seconds
42.866: Application time: 0.1302860 seconds
42.870: [GC [PSYoungGen: 23808K->256K(24064K)] 49071K->25663K(107008K), 0.0004990 secs] [Times: user=0.00 sys=0.00, real=0.00 secs] 
42.870: Total time for which application threads were stopped: 0.0044910 seconds, Stopping threads took: 0.0039330 seconds
43.000: Application time: 0.1303200 seconds
43.001: [GC [PSYoungGen: 23808K->256K(24064K)] 49215K->25711K(107008K), 0.0004280 secs] [Times: user=0.00 sys=0.00, real=0.00 secs] 
43.001: Total time for which application threads were stopped: 0.0005510 seconds, Stopping threads took: 0.0000630 seconds
43.128: Application time: 0.1266160 seconds
43.128: [GC [PSYoungGen: 23808K->416K(24064K)] 49263K->25871K(107008K), 0.0004990 secs] [Times: user=0.00 sys=0.00, real=0.00 secs] 
43.128: Total time for which application threads were stopped: 0.0006270 seconds, Stopping threads took: 0.0000570 seconds
43.257: Application time: 0.1291010 seconds
43.257: [GC [PSYoungGen: 23968K->288K(24064K)] 49423K->26031K(107008K), 0.0005430 secs] [Times: user=0.01 sys=0.00, real=0.01 secs] 
43.258: Total time for which application threads were stopped: 0.0006650 seconds, Stopping threads took: 0.0000600 seconds
43.388: Application time: 0.1300610 seconds
43.388: [GC [PSYoungGen: 23840K->224K(24064K)] 49583K->26095K(107008K), 0.0004820 secs] [Times: user=0.00 sys=0.00, real=0.00 secs] 
43.389: Total time for which application threads were stopped: 0.0006040 seconds, Stopping threads took: 0.0000580 seconds
43.517: Application time: 0.1285910 seconds
43.517: [GC [PSYoungGen: 23776K->240K(24064K)] 49647K->26111K(107008K), 0.0004360 secs] [Times: user=0.00 sys=0.00, real=0.01 secs] 
43.518: Total time for which application threads were stopped: 0.0005490 seconds, Stopping threads took: 0.0000520 seconds
43.648: Application time: 0.1302610 seconds
43.648: [GC [PSYoungGen: 23792K->256K(24064K)] 49663K->26271K(107008K), 0.0004710 secs] [Times: user=0.00 sys=0.00, real=0.00 secs] 
43.649: Total time for which application threads were stopped: 0.0006080 seconds, Stopping threads took: 0.0000600 seconds
43.779: Application time: 0.1301060 seconds
43.779: [GC [PSYoungGen: 23808K->224K(24064K)] 49823K->26287K(107008K), 0.0004650 secs] [Times: user=0.00 sys=0.00, real=0.00 secs] 
43.779: Total time for which application threads were stopped: 0.0005910 seconds, Stopping threads took: 0.0000600 seconds
43.906: Application time: 0.1267460 seconds
43.906: [GC [PSYoungGen: 23776K->432K(24064K)] 49839K->26495K(107008K), 0.0005140 secs] [Times: user=0.00 sys=0.00, real=0.00 secs] 
43.907: Total time for which application threads were stopped: 0.0006440 seconds, Stopping threads took: 0.0000570 seconds
44.036: Application time: 0.1289290 seconds
44.036: [GC [PSYoungGen: 23984K->288K(24064K)] 50047K->26660K(107008K), 0.0005580 secs] [Times: user=0.00 sys=0.00, real=0.00 secs] 
44.038: Total time for which application threads were stopped: 0.0017630 seconds, Stopping threads took: 0.0000720 seconds
44.168: Application time: 0.1301840 seconds
44.168: [GC [PSYoungGen: 23840K->256K(24064K)] 50212K->26764K(107008K), 0.0005030 secs] [Times: user=0.01 sys=0.00, real=0.00 secs] 
44.168: Total time for which application threads were stopped: 0.0006640 seconds, Stopping threads took: 0.0000800 seconds
44.298: Application time: 0.1293650 seconds
44.298: [GC [PSYoungGen: 23808K->256K(24064K)] 50316K->26764K(107008K), 0.0004670 secs] [Times: user=0.00 sys=0.00, real=0.00 secs] 
44.298: Total time for which application threads were stopped: 0.0005940 seconds, Stopping threads took: 0.0000600 seconds
44.428: Application time: 0.1295300 seconds
44.428: [GC [PSYoungGen: 23808K->256K(24064K)] 50316K->26908K(107008K), 0.0004630 secs] [Times: user=0.00 sys=0.00, real=0.00 secs] 
44.428: Total time for which application threads were stopped: 0.0005830 seconds, Stopping threads took: 0.0000540 seconds
44.558: Application time: 0.1296270 seconds
44.558: [GC [PSYoungGen: 23808K->256K(24064K)] 50460K->26956K(107008K), 0.0004220 secs] [Times: user=0.00 sys=0.00, real=0.00 secs] 
44.559: Total time for which application threads were stopped: 0.0005460 seconds, Stopping threads took: 0.0000600 seconds
44.686: Application time: 0.1270520 seconds
44.686: [GC [PSYoungGen: 23808K->400K(24064K)] 50508K->27100K(107008K), 0.0005280 secs] [Times: user=0.01 sys=0.00, real=0.00 secs] 
44.686: Total time for which application threads were stopped: 0.0006590 seconds, Stopping threads took: 0.0000530 seconds
44.815: Application time: 0.1290760 seconds
44.816: [GC [PSYoungGen: 23952K->256K(24064K)] 50652K->27264K(107008K), 0.0005270 secs] [Times: user=0.01 sys=0.00, real=0.00 secs] 
44.816: Total time for which application threads were stopped: 0.0006600 seconds, Stopping threads took: 0.0000670 seconds
44.946: Application time: 0.1295170 seconds
44.946: [GC [PSYoungGen: 23808K->256K(24064K)] 50816K->27392K(107008K), 0.0004310 secs] [Times: user=0.00 sys=0.00, real=0.00 secs] 
44.946: Total time for which application threads were stopped: 0.0005610 seconds, Stopping threads took: 0.0000660 seconds
45.076: Application time: 0.1296390 seconds
45.076: [GC [PSYoungGen: 23808K->256K(24064K)] 50944K->27392K(107008K), 0.0004500 secs] [Times: user=0.00 sys=0.00, real=0.00 secs] 
45.076: Total time for which application threads were stopped: 0.0005770 seconds, Stopping threads took: 0.0000630 seconds
45.206: Application time: 0.1296190 seconds
45.206: [GC [PSYoungGen: 23808K->256K(24064K)] 50944K->27536K(107008K), 0.0004750 secs] [Times: user=0.01 sys=0.00, real=0.00 secs] 
45.207: Total time for which application threads were stopped: 0.0006110 seconds, Stopping threads took: 0.0000560 seconds
45.337: Application time: 0.1301110 seconds
45.337: [GC [PSYoungGen: 23808K->256K(24064K)] 51088K->27584K(107008K), 0.0004230 secs] [Times: user=0.00 sys=0.00, real=0.00 secs] 
45.337: Total time for which application threads were stopped: 0.0005430 seconds, Stopping threads took: 0.0000570 seconds
45.465: Application time: 0.1273540 seconds
45.465: [GC [PSYoungGen: 23808K->400K(24064K)] 51136K->27728K(107008K), 0.0005090 secs] [Times: user=0.01 sys=0.00, real=0.00 secs] 
45.465: Total time for which application threads were stopped: 0.0006290 seconds, Stopping threads took: 0.0000570 seconds
45.594: Application time: 0.1285300 seconds
45.594: [GC [PSYoungGen: 23952K->288K(24064K)] 51280K->27921K(107008K), 0.0005330 secs] [Times: user=0.00 sys=0.00, real=0.00 secs] 
45.594: Total time for which application threads were stopped: 0.0006750 seconds, Stopping threads took: 0.0000770 seconds
45.724: Application time: 0.1297120 seconds
45.724: [GC [PSYoungGen: 23840K->256K(24064K)] 51473K->28009K(107008K), 0.0004670 secs] [Times: user=0.00 sys=0.00, real=0.00 secs] 
45.725: Total time for which application threads were stopped: 0.0005920 seconds, Stopping threads took: 0.0000550 seconds
45.854: Application time: 0.1296510 seconds
45.855: [GC [PSYoungGen: 23808K->256K(24064K)] 51561K->28009K(107008K), 0.0004640 secs] [Times: user=0.00 sys=0.00, real=0.00 secs] 
45.855: Total time for which application threads were stopped: 0.0005800 seconds, Stopping threads took: 0.0000500 seconds
45.985: Application time: 0.1296790 seconds
45.985: [GC [PSYoungGen: 23808K->256K(24064K)] 51561K->28153K(107008K), 0.0004710 secs] [Times: user=0.00 sys=0.00, real=0.00 secs] 
45.985: Total time for which application threads were stopped: 0.0006030 seconds, Stopping threads took: 0.0000620 seconds
46.115: Application time: 0.1293830 seconds
46.115: [GC [PSYoungGen: 23808K->256K(24064K)] 51705K->28201K(107008K), 0.0004380 secs] [Times: user=0.00 sys=0.00, real=0.00 secs] 
46.115: Total time for which application threads were stopped: 0.0005630 seconds, Stopping threads took: 0.0000570 seconds
46.243: Application time: 0.1275560 seconds
46.243: [GC [PSYoungGen: 23808K->368K(24064K)] 51753K->28377K(107008K), 0.0005620 secs] [Times: user=0.00 sys=0.00, real=0.00 secs] 
46.243: Total time for which application threads were stopped: 0.0006830 seconds, Stopping threads took: 0.0000500 seconds
46.373: Application time: 0.1290400 seconds
46.373: [GC [PSYoungGen: 23920K->256K(24064K)] 51929K->28521K(107008K), 0.0005060 secs] [Times: user=0.00 sys=0.00, real=0.00 secs] 
46.373: Total time for which application threads were stopped: 0.0006240 seconds, Stopping threads took: 0.0000550 seconds
46.503: Application time: 0.1302210 seconds
46.503: [GC [PSYoungGen: 23808K->224K(24064K)] 52073K->28617K(107008K), 0.0005020 secs] [Times: user=0.00 sys=0.00, real=0.00 secs] 
46.504: Total time for which application threads were stopped: 0.0006360 seconds, Stopping threads took: 0.0000660 seconds
46.634: Application time: 0.1297510 seconds
46.634: [GC [PSYoungGen: 23776K->240K(24064K)] 52169K->28657K(107008K), 0.0004730 secs] [Times: user=0.00 sys=0.00, real=0.00 secs] 
46.634: Total time for which application threads were stopped: 0.0005890 seconds, Stopping threads took: 0.0000510 seconds
46.765: Application time: 0.1303220 seconds
46.765: [GC [PSYoungGen: 23792K->224K(24064K)] 52209K->28761K(107008K), 0.0004710 secs] [Times: user=0.00 sys=0.00, real=0.00 secs] 
46.765: Total time for which application threads were stopped: 0.0006230 seconds, Stopping threads took: 0.0000770 seconds
46.896: Application time: 0.1303180 seconds
46.896: [GC [PSYoungGen: 23776K->224K(24064K)] 52313K->28809K(107008K), 0.0004970 secs] [Times: user=0.00 sys=0.00, real=0.00 secs] 
46.896: Total time for which application threads were stopped: 0.0006100 seconds, Stopping threads took: 0.0000500 seconds
47.024: Application time: 0.1275660 seconds
47.024: [GC [PSYoungGen: 23776K->336K(24064K)] 52361K->28993K(107008K), 0.0005060 secs] [Times: user=0.00 sys=0.00, real=0.00 secs] 
47.024: Total time for which application threads were stopped: 0.0006270 seconds, Stopping threads took: 0.0000580 seconds
47.153: Application time: 0.1288410 seconds
47.153: [GC [PSYoungGen: 23888K->320K(24064K)] 52545K->29238K(107008K), 0.0005610 secs] [Times: user=0.00 sys=0.00, real=0.00 secs] 
47.154: Total time for which application threads were stopped: 0.0006820 seconds, Stopping threads took: 0.0000580 seconds
47.284: Application time: 0.1302660 seconds
47.284: [GC [PSYoungGen: 23872K->224K(24064K)] 52790K->29278K(107008K), 0.0004490 secs] [Times: user=0.01 sys=0.00, real=0.00 secs] 
47.285: Total time for which application threads were stopped: 0.0005870 seconds, Stopping threads took: 0.0000660 seconds
47.414: Application time: 0.1293330 seconds
47.414: [GC [PSYoungGen: 23776K->256K(24064K)] 52830K->29334K(107008K), 0.0004640 secs] [Times: user=0.00 sys=0.00, real=0.00 secs] 
47.415: Total time for which application threads were stopped: 0.0005860 seconds, Stopping threads took: 0.0000560 seconds
47.545: Application time: 0.1307270 seconds
47.546: [GC [PSYoungGen: 23808K->224K(24064K)] 52886K->29422K(107008K), 0.0004990 secs] [Times: user=0.00 sys=0.00, real=0.01 secs] 
47.546: Total time for which application threads were stopped: 0.0006150 seconds, Stopping threads took: 0.0000540 seconds
47.676: Application time: 0.1297550 seconds
47.676: [GC [PSYoungGen: 23776K->256K(24064K)] 52974K->29502K(107008K), 0.0004630 secs] [Times: user=0.00 sys=0.00, real=0.00 secs] 
47.676: Total time for which application threads were stopped: 0.0006100 seconds, Stopping threads took: 0.0000770 seconds
47.804: Application time: 0.1273800 seconds
47.804: [GC [PSYoungGen: 23808K->384K(24064K)] 53054K->29710K(107008K), 0.0004800 secs] [Times: user=0.00 sys=0.00, real=0.00 secs] 
47.804: Total time for which application threads were stopped: 0.0006100 seconds, Stopping threads took: 0.0000530 seconds
47.934: Application time: 0.1294550 seconds
47.934: [GC [PSYoungGen: 23936K->272K(24064K)] 53262K->29854K(107008K), 0.0005330 secs] [Times: user=0.00 sys=0.00, real=0.00 secs] 
47.935: Total time for which application threads were stopped: 0.0006770 seconds, Stopping threads took: 0.0000660 seconds
48.065: Application time: 0.1305470 seconds
48.065: [GC [PSYoungGen: 23824K->256K(24064K)] 53406K->29966K(107008K), 0.0004770 secs] [Times: user=0.00 sys=0.00, real=0.01 secs] 
48.066: Total time for which application threads were stopped: 0.0006100 seconds, Stopping threads took: 0.0000630 seconds
48.195: Application time: 0.1296100 seconds
48.195: [GC [PSYoungGen: 23808K->256K(24064K)] 53518K->29990K(107008K), 0.0004850 secs] [Times: user=0.00 sys=0.00, real=0.00 secs] 
48.196: Total time for which application threads were stopped: 0.0006220 seconds, Stopping threads took: 0.0000670 seconds
48.326: Application time: 0.1299890 seconds
48.326: [GC [PSYoungGen: 23808K->256K(24064K)] 53542K->30110K(107008K), 0.0004540 secs] [Times: user=0.00 sys=0.00, real=0.00 secs] 
48.327: Total time for which application threads were stopped: 0.0006040 seconds, Stopping threads took: 0.0000770 seconds
48.456: Application time: 0.1298110 seconds
48.456: [GC [PSYoungGen: 23808K->256K(24064K)] 53662K->30158K(107008K), 0.0004380 secs] [Times: user=0.00 sys=0.00, real=0.00 secs] 
48.457: Total time for which application threads were stopped: 0.0005630 seconds, Stopping threads took: 0.0000590 seconds
48.584: Application time: 0.1272820 seconds
48.584: [GC [PSYoungGen: 23808K->336K(24064K)] 53710K->30310K(107008K), 0.0005260 secs] [Times: user=0.00 sys=0.00, real=0.00 secs] 
48.585: Total time for which application threads were stopped: 0.0006800 seconds, Stopping threads took: 0.0000830 seconds
48.713: Application time: 0.1284400 seconds
48.713: [GC [PSYoungGen: 23888K->256K(24064K)] 53862K->30491K(107008K), 0.0005170 secs] [Times: user=0.00 sys=0.00, real=0.00 secs] 
48.714: Total time for which application threads were stopped: 0.0006370 seconds, Stopping threads took: 0.0000570 seconds
48.845: Application time: 0.1307910 seconds
48.845: [GC [PSYoungGen: 23808K->256K(24064K)] 54043K->30627K(107008K), 0.0004630 secs] [Times: user=0.00 sys=0.00, real=0.00 secs] 
48.845: Total time for which application threads were stopped: 0.0005940 seconds, Stopping threads took: 0.0000580 seconds
48.975: Application time: 0.1295130 seconds
48.975: [GC [PSYoungGen: 23808K->256K(24064K)] 54179K->30651K(107008K), 0.0004420 secs] [Times: user=0.00 sys=0.00, real=0.00 secs] 
48.975: Total time for which application threads were stopped: 0.0006010 seconds, Stopping threads took: 0.0000880 seconds
49.105: Application time: 0.1295800 seconds
49.105: [GC [PSYoungGen: 23808K->192K(24064K)] 54203K->30707K(107008K), 0.0005340 secs] [Times: user=0.01 sys=0.00, real=0.01 secs] 
49.107: Total time for which application threads were stopped: 0.0017230 seconds, Stopping threads took: 0.0000530 seconds
49.237: Application time: 0.1300280 seconds
49.237: [GC [PSYoungGen: 23744K->256K(24064K)] 54259K->30819K(107008K), 0.0004810 secs] [Times: user=0.00 sys=0.00, real=0.00 secs] 
49.237: Total time for which application threads were stopped: 0.0006140 seconds, Stopping threads took: 0.0000640 seconds
49.364: Application time: 0.1267940 seconds
49.364: [GC [PSYoungGen: 23808K->368K(24064K)] 54371K->30987K(107008K), 0.0005400 secs] [Times: user=0.00 sys=0.00, real=0.00 secs] 
49.365: Total time for which application threads were stopped: 0.0006820 seconds, Stopping threads took: 0.0000640 seconds
49.495: Application time: 0.1295750 seconds
49.495: [GC [PSYoungGen: 23920K->224K(24064K)] 54539K->31139K(107008K), 0.0006010 secs] [Times: user=0.00 sys=0.00, real=0.00 secs] 
49.495: Total time for which application threads were stopped: 0.0007280 seconds, Stopping threads took: 0.0000610 seconds
49.626: Application time: 0.1304120 seconds
49.626: [GC [PSYoungGen: 23776K->256K(24064K)] 54691K->31259K(107008K), 0.0004820 secs] [Times: user=0.01 sys=0.00, real=0.00 secs] 
49.626: Total time for which application threads were stopped: 0.0006370 seconds, Stopping threads took: 0.0000820 seconds
49.756: Application time: 0.1292250 seconds
49.756: [GC [PSYoungGen: 23808K->240K(24064K)] 54811K->31267K(107008K), 0.0005100 secs] [Times: user=0.00 sys=0.00, real=0.00 secs] 
49.756: Total time for which application threads were stopped: 0.0006290 seconds, Stopping threads took: 0.0000550 seconds
49.887: Application time: 0.1309090 seconds
49.887: [GC [PSYoungGen: 23792K->256K(24064K)] 54819K->31451K(107008K), 0.0004910 secs] [Times: user=0.00 sys=0.00, real=0.00 secs] 
49.888: Total time for which application threads were stopped: 0.0006370 seconds, Stopping threads took: 0.0000600 seconds
50.017: Application time: 0.1293450 seconds
50.017: [GC [PSYoungGen: 23808K->256K(24064K)] 55003K->31451K(107008K), 0.0004250 secs] [Times: user=0.00 sys=0.00, real=0.01 secs] 
50.018: Total time for which application threads were stopped: 0.0005570 seconds, Stopping threads took: 0.0000670 seconds
50.144: Application time: 0.1261490 seconds
50.144: [GC [PSYoungGen: 23808K->448K(24064K)] 55003K->31707K(107008K), 0.0005450 secs] [Times: user=0.00 sys=0.00, real=0.00 secs] 
50.144: Total time for which application threads were stopped: 0.0006660 seconds, Stopping threads took: 0.0000560 seconds
50.274: Application time: 0.1296820 seconds
50.274: [GC [PSYoungGen: 24000K->224K(24064K)] 55259K->31828K(107008K), 0.0005360 secs] [Times: user=0.00 sys=0.00, real=0.00 secs] 
50.275: Total time for which application threads were stopped: 0.0006820 seconds, Stopping threads took: 0.0000770 seconds
50.405: Application time: 0.1305390 seconds
50.405: [GC [PSYoungGen: 23776K->224K(24064K)] 55380K->31828K(107008K), 0.0004860 secs] [Times: user=0.00 sys=0.00, real=0.01 secs] 
50.406: Total time for which application threads were stopped: 0.0006320 seconds, Stopping threads took: 0.0000660 seconds
50.536: Application time: 0.1298500 seconds
50.536: [GC [PSYoungGen: 23776K->256K(24064K)] 55380K->31884K(107008K), 0.0005030 secs] [Times: user=0.00 sys=0.00, real=0.00 secs] 
50.536: Total time for which application threads were stopped: 0.0006320 seconds, Stopping threads took: 0.0000590 seconds
50.666: Application time: 0.1298020 seconds
50.666: [GC [PSYoungGen: 23808K->256K(24064K)] 55436K->32052K(107008K), 0.0004440 secs] [Times: user=0.00 sys=0.00, real=0.00 secs] 
50.667: Total time for which application threads were stopped: 0.0005730 seconds, Stopping threads took: 0.0000640 seconds
50.797: Application time: 0.1299160 seconds
50.797: [GC [PSYoungGen: 23808K->256K(24064K)] 55604K->32052K(107008K), 0.0004030 secs] [Times: user=0.00 sys=0.00, real=0.00 secs] 
50.797: Total time for which application threads were stopped: 0.0005210 seconds, Stopping threads took: 0.0000570 seconds
50.924: Application time: 0.1263770 seconds
50.924: [GC [PSYoungGen: 23808K->448K(24064K)] 55604K->32324K(107008K), 0.0005960 secs] [Times: user=0.00 sys=0.00, real=0.00 secs] 
50.924: Total time for which application threads were stopped: 0.0007380 seconds, Stopping threads took: 0.0000680 seconds
51.054: Application time: 0.1299720 seconds
51.054: [GC [PSYoungGen: 24000K->256K(24064K)] 55876K->32480K(107008K), 0.0005000 secs] [Times: user=0.01 sys=0.00, real=0.00 secs] 
51.055: Total time for which application threads were stopped: 0.0006150 seconds, Stopping threads took: 0.0000510 seconds
51.185: Application time: 0.1303400 seconds
51.185: [GC [PSYoungGen: 23808K->224K(24064K)] 56032K->32448K(107008K), 0.0004330 secs] [Times: user=0.01 sys=0.00, real=0.01 secs] 
51.186: Total time for which application threads were stopped: 0.0005410 seconds, Stopping threads took: 0.0000470 seconds
51.316: Application time: 0.1296630 seconds
51.316: [GC [PSYoungGen: 23776K->256K(24064K)] 56000K->32504K(107008K), 0.0004740 secs] [Times: user=0.01 sys=0.00, real=0.00 secs] 
51.316: Total time for which application threads were stopped: 0.0006040 seconds, Stopping threads took: 0.0000620 seconds
51.446: Application time: 0.1296710 seconds
51.446: [GC [PSYoungGen: 23808K->256K(24064K)] 56056K->32672K(107008K), 0.0004960 secs] [Times: user=0.01 sys=0.00, real=0.00 secs] 
51.446: Total time for which application threads were stopped: 0.0006650 seconds, Stopping threads took: 0.0000800 seconds
51.576: Application time: 0.1296220 seconds
51.576: [GC [PSYoungGen: 23808K->272K(24064K)] 56224K->32688K(107008K), 0.0004530 secs] [Times: user=0.00 sys=0.00, real=0.00 secs] 
51.577: Total time for which application threads were stopped: 0.0005730 seconds, Stopping threads took: 0.0000550 seconds
51.703: Application time: 0.1267290 seconds
51.703: [GC [PSYoungGen: 23824K->480K(24064K)] 56240K->32976K(107008K), 0.0005360 secs] [Times: user=0.01 sys=0.00, real=0.00 secs] 
51.704: Total time for which application threads were stopped: 0.0006530 seconds, Stopping threads took: 0.0000480 seconds
51.835: Application time: 0.1305880 seconds
51.835: [GC [PSYoungGen: 24032K->256K(24064K)] 56528K->33101K(107008K), 0.0005160 secs] [Times: user=0.00 sys=0.00, real=0.00 secs] 
51.835: Total time for which application threads were stopped: 0.0006380 seconds, Stopping threads took: 0.0000600 seconds
51.965: Application time: 0.1299360 seconds
51.965: [GC [PSYoungGen: 23808K->256K(24064K)] 56653K->33101K(107008K), 0.0004440 secs] [Times: user=0.00 sys=0.00, real=0.01 secs] 
51.966: Total time for which application threads were stopped: 0.0005780 seconds, Stopping threads took: 0.0000580 seconds
52.096: Application time: 0.1297640 seconds
52.096: [GC [PSYoungGen: 23808K->272K(24064K)] 56653K->33165K(107008K), 0.0004770 secs] [Times: user=0.00 sys=0.00, real=0.00 secs] 
52.096: Total time for which application threads were stopped: 0.0006070 seconds, Stopping threads took: 0.0000630 seconds
52.226: Application time: 0.1299600 seconds
52.226: [GC [PSYoungGen: 23824K->160K(24064K)] 56717K->33189K(107008K), 0.0005000 secs] [Times: user=0.00 sys=0.00, real=0.00 secs] 
52.227: Total time for which application threads were stopped: 0.0006170 seconds, Stopping threads took: 0.0000550 seconds
52.355: Application time: 0.1285910 seconds
52.355: [GC [PSYoungGen: 23712K->272K(24064K)] 56741K->33301K(107008K), 0.0004850 secs] [Times: user=0.00 sys=0.00, real=0.00 secs] 
52.356: Total time for which application threads were stopped: 0.0006150 seconds, Stopping threads took: 0.0000620 seconds
52.483: Application time: 0.1270200 seconds
52.483: [GC [PSYoungGen: 23824K->400K(24064K)] 56853K->33525K(107008K), 0.0005750 secs] [Times: user=0.00 sys=0.00, real=0.00 secs] 
52.484: Total time for which application threads were stopped: 0.0006980 seconds, Stopping threads took: 0.0000500 seconds
52.614: Application time: 0.1300540 seconds
52.614: [GC [PSYoungGen: 23952K->224K(24064K)] 57077K->33641K(107008K), 0.0005430 secs] [Times: user=0.00 sys=0.00, real=0.00 secs] 
52.614: Total time for which application threads were stopped: 0.0006700 seconds, Stopping threads took: 0.0000580 seconds
52.744: Application time: 0.1300640 seconds
52.745: [GC [PSYoungGen: 23776K->256K(24064K)] 57193K->33673K(107008K), 0.0004600 secs] [Times: user=0.00 sys=0.00, real=0.00 secs] 
52.745: Total time for which application threads were stopped: 0.0005750 seconds, Stopping threads took: 0.0000510 seconds
52.876: Application time: 0.1304940 seconds
52.876: [GC [PSYoungGen: 23808K->256K(24064K)] 57225K->33721K(107008K), 0.0004760 secs] [Times: user=0.00 sys=0.00, real=0.00 secs] 
52.876: Total time for which application threads were stopped: 0.0005920 seconds, Stopping threads took: 0.0000540 seconds
53.006: Application time: 0.1299450 seconds
53.006: [GC [PSYoungGen: 23808K->256K(24064K)] 57273K->33865K(107008K), 0.0004700 secs] [Times: user=0.00 sys=0.00, real=0.00 secs] 
53.007: Total time for which application threads were stopped: 0.0006040 seconds, Stopping threads took: 0.0000630 seconds
53.136: Application time: 0.1290060 seconds
53.136: [GC [PSYoungGen: 23808K->224K(24064K)] 57417K->33833K(107008K), 0.0004700 secs] [Times: user=0.00 sys=0.00, real=0.00 secs] 
53.136: Total time for which application threads were stopped: 0.0005980 seconds, Stopping threads took: 0.0000640 seconds
53.264: Application time: 0.1273000 seconds
53.264: [GC [PSYoungGen: 23776K->384K(24064K)] 57385K->34098K(107008K), 0.0006170 secs] [Times: user=0.00 sys=0.00, real=0.00 secs] 
53.264: Total time for which application threads were stopped: 0.0007300 seconds, Stopping threads took: 0.0000460 seconds
53.394: Application time: 0.1297640 seconds
53.394: [GC [PSYoungGen: 23936K->128K(24064K)] 57650K->34118K(107008K), 0.0006080 secs] [Times: user=0.00 sys=0.00, real=0.00 secs] 
53.395: Total time for which application threads were stopped: 0.0007340 seconds, Stopping threads took: 0.0000580 seconds
53.525: Application time: 0.1297440 seconds
53.525: [GC [PSYoungGen: 23680K->256K(24064K)] 57670K->34246K(107008K), 0.0004790 secs] [Times: user=0.00 sys=0.00, real=0.00 secs] 
53.525: Total time for which application threads were stopped: 0.0006270 seconds, Stopping threads took: 0.0000670 seconds
53.655: Application time: 0.1294400 seconds
53.655: [GC [PSYoungGen: 23808K->256K(24064K)] 57798K->34294K(107008K), 0.0004680 secs] [Times: user=0.00 sys=0.00, real=0.00 secs] 
53.655: Total time for which application threads were stopped: 0.0005900 seconds, Stopping threads took: 0.0000590 seconds
53.786: Application time: 0.1304460 seconds
53.790: [GC [PSYoungGen: 23808K->256K(24064K)] 57846K->34438K(107008K), 0.0005090 secs] [Times: user=0.00 sys=0.00, real=0.00 secs] 
53.790: Total time for which application threads were stopped: 0.0044810 seconds, Stopping threads took: 0.0039070 seconds
53.919: Application time: 0.1289330 seconds
53.919: [GC [PSYoungGen: 23807K->256K(24064K)] 57990K->34438K(107008K), 0.0004450 secs] [Times: user=0.00 sys=0.00, real=0.00 secs] 
53.920: Total time for which application threads were stopped: 0.0005630 seconds, Stopping threads took: 0.0000550 seconds
54.046: Application time: 0.1266670 seconds
54.046: [GC [PSYoungGen: 23808K->368K(24064K)] 57990K->34670K(107008K), 0.0005950 secs] [Times: user=0.00 sys=0.00, real=0.00 secs] 
54.047: Total time for which application threads were stopped: 0.0007280 seconds, Stopping threads took: 0.0000630 seconds
54.177: Application time: 0.1299810 seconds
54.177: [GC [PSYoungGen: 23920K->192K(24064K)] 58222K->34794K(107008K), 0.0005940 secs] [Times: user=0.00 sys=0.00, real=0.01 secs] 
54.179: Total time for which application threads were stopped: 0.0017280 seconds, Stopping threads took: 0.0000600 seconds
54.309: Application time: 0.1306840 seconds
54.310: [GC [PSYoungGen: 23744K->240K(24064K)] 58346K->34842K(107008K), 0.0004920 secs] [Times: user=0.00 sys=0.00, real=0.00 secs] 
54.310: Total time for which application threads were stopped: 0.0006750 seconds, Stopping threads took: 0.0001130 seconds
54.440: Application time: 0.1299440 seconds
54.440: [GC [PSYoungGen: 23792K->256K(24064K)] 58394K->34906K(107008K), 0.0004510 secs] [Times: user=0.00 sys=0.00, real=0.00 secs] 
54.441: Total time for which application threads were stopped: 0.0005760 seconds, Stopping threads took: 0.0000630 seconds
54.571: Application time: 0.1304140 seconds
54.571: [GC [PSYoungGen: 23808K->256K(24064K)] 58458K->35050K(107008K), 0.0004740 secs] [Times: user=0.00 sys=0.00, real=0.00 secs] 
54.572: Total time for which application threads were stopped: 0.0006050 seconds, Stopping threads took: 0.0000540 seconds
54.701: Application time: 0.1294030 seconds
54.701: [GC [PSYoungGen: 23808K->256K(24064K)] 58602K->35050K(107008K), 0.0004610 secs] [Times: user=0.00 sys=0.00, real=0.00 secs] 
54.702: Total time for which application threads were stopped: 0.0005730 seconds, Stopping threads took: 0.0000440 seconds
54.829: Application time: 0.1274880 seconds
54.829: [GC [PSYoungGen: 23808K->368K(24064K)] 58602K->35283K(107008K), 0.0005410 secs] [Times: user=0.00 sys=0.00, real=0.00 secs] 
54.830: Total time for which application threads were stopped: 0.0006590 seconds, Stopping threads took: 0.0000550 seconds
54.960: Application time: 0.1299550 seconds
54.960: [GC [PSYoungGen: 23920K->256K(24064K)] 58835K->35475K(107008K), 0.0005250 secs] [Times: user=0.00 sys=0.00, real=0.00 secs] 
54.960: Total time for which application threads were stopped: 0.0006510 seconds, Stopping threads took: 0.0000540 seconds
55.090: Application time: 0.1297990 seconds
55.090: [GC [PSYoungGen: 23808K->256K(24064K)] 59027K->35475K(107008K), 0.0004560 secs] [Times: user=0.00 sys=0.00, real=0.00 secs] 
55.091: Total time for which application threads were stopped: 0.0005950 seconds, Stopping threads took: 0.0000610 seconds
55.221: Application time: 0.1305190 seconds
55.221: [GC [PSYoungGen: 23808K->272K(24064K)] 59027K->35539K(107008K), 0.0004910 secs] [Times: user=0.00 sys=0.01, real=0.00 secs] 
55.222: Total time for which application threads were stopped: 0.0006240 seconds, Stopping threads took: 0.0000640 seconds
55.353: Application time: 0.1306430 seconds
55.353: [GC [PSYoungGen: 23824K->256K(24064K)] 59091K->35667K(107008K), 0.0004820 secs] [Times: user=0.01 sys=0.00, real=0.00 secs] 
55.353: Total time for which application threads were stopped: 0.0006170 seconds, Stopping threads took: 0.0000660 seconds
55.482: Application time: 0.1287690 seconds
55.482: [GC [PSYoungGen: 23808K->288K(24064K)] 59219K->35699K(107008K), 0.0004790 secs] [Times: user=0.00 sys=0.00, real=0.00 secs] 
55.483: Total time for which application threads were stopped: 0.0006240 seconds, Stopping threads took: 0.0000740 seconds
55.610: Application time: 0.1269030 seconds
55.610: [GC [PSYoungGen: 23840K->384K(24064K)] 59251K->35923K(107008K), 0.0005540 secs] [Times: user=0.00 sys=0.00, real=0.00 secs] 
55.610: Total time for which application threads were stopped: 0.0007060 seconds, Stopping threads took: 0.0000770 seconds
55.741: Application time: 0.1303970 seconds
55.741: [GC [PSYoungGen: 23936K->160K(24064K)] 59475K->35987K(107008K), 0.0005550 secs] [Times: user=0.00 sys=0.00, real=0.00 secs] 
55.741: Total time for which application threads were stopped: 0.0006820 seconds, Stopping threads took: 0.0000600 seconds
55.872: Application time: 0.1307210 seconds
55.872: [GC [PSYoungGen: 23712K->128K(24064K)] 59539K->35955K(107008K), 0.0005000 secs] [Times: user=0.00 sys=0.00, real=0.00 secs] 
55.873: Total time for which application threads were stopped: 0.0006140 seconds, Stopping threads took: 0.0000480 seconds
56.002: Application time: 0.1293000 seconds
56.002: [GC [PSYoungGen: 23680K->256K(24064K)] 59507K->36131K(107008K), 0.0004680 secs] [Times: user=0.00 sys=0.00, real=0.00 secs] 
56.003: Total time for which application threads were stopped: 0.0005870 seconds, Stopping threads took: 0.0000580 seconds
56.133: Application time: 0.1304170 seconds
56.133: [GC [PSYoungGen: 23808K->224K(24064K)] 59683K->36227K(107008K), 0.0005120 secs] [Times: user=0.00 sys=0.00, real=0.00 secs] 
56.134: Total time for which application threads were stopped: 0.0006630 seconds, Stopping threads took: 0.0000650 seconds
56.262: Application time: 0.1281550 seconds
56.262: [GC [PSYoungGen: 23776K->288K(24064K)] 59779K->36292K(107008K), 0.0004920 secs] [Times: user=0.00 sys=0.00, real=0.00 secs] 
56.262: Total time for which application threads were stopped: 0.0006130 seconds, Stopping threads took: 0.0000500 seconds
56.390: Application time: 0.1280160 seconds
56.391: [GC [PSYoungGen: 23840K->368K(24064K)] 59844K->36556K(107008K), 0.0005670 secs] [Times: user=0.00 sys=0.00, real=0.00 secs] 
56.391: Total time for which application threads were stopped: 0.0007020 seconds, Stopping threads took: 0.0000680 seconds
56.522: Application time: 0.1305650 seconds
56.522: [GC [PSYoungGen: 23920K->256K(24064K)] 60108K->36680K(107008K), 0.0004960 secs] [Times: user=0.00 sys=0.00, real=0.00 secs] 
56.522: Total time for which application threads were stopped: 0.0006230 seconds, Stopping threads took: 0.0000550 seconds
56.652: Application time: 0.1298380 seconds
56.652: [GC [PSYoungGen: 23808K->256K(24064K)] 60232K->36680K(107008K), 0.0004560 secs] [Times: user=0.00 sys=0.00, real=0.00 secs] 
56.653: Total time for which application threads were stopped: 0.0006000 seconds, Stopping threads took: 0.0000640 seconds
56.783: Application time: 0.1300700 seconds
56.783: [GC [PSYoungGen: 23808K->256K(24064K)] 60232K->36776K(107008K), 0.0004880 secs] [Times: user=0.00 sys=0.00, real=0.00 secs] 
56.783: Total time for which application threads were stopped: 0.0006110 seconds, Stopping threads took: 0.0000510 seconds
56.914: Application time: 0.1305950 seconds
56.914: [GC [PSYoungGen: 23808K->256K(24064K)] 60328K->36872K(107008K), 0.0004500 secs] [Times: user=0.00 sys=0.00, real=0.00 secs] 
56.915: Total time for which application threads were stopped: 0.0005790 seconds, Stopping threads took: 0.0000610 seconds
57.043: Application time: 0.1284190 seconds
57.043: [GC [PSYoungGen: 23808K->288K(24064K)] 60424K->36904K(107008K), 0.0004840 secs] [Times: user=0.00 sys=0.00, real=0.00 secs] 
57.044: Total time for which application threads were stopped: 0.0006130 seconds, Stopping threads took: 0.0000630 seconds
57.172: Application time: 0.1280030 seconds
57.172: [GC [PSYoungGen: 23840K->320K(24064K)] 60456K->37144K(107008K), 0.0006130 secs] [Times: user=0.00 sys=0.00, real=0.00 secs] 
57.172: Total time for which application threads were stopped: 0.0007480 seconds, Stopping threads took: 0.0000590 seconds
57.303: Application time: 0.1303450 seconds
57.303: [GC [PSYoungGen: 23872K->224K(24064K)] 60696K->37268K(107008K), 0.0005060 secs] [Times: user=0.00 sys=0.00, real=0.00 secs] 
57.303: Total time for which application threads were stopped: 0.0006300 seconds, Stopping threads took: 0.0000570 seconds
57.433: Application time: 0.1299880 seconds
57.433: [GC [PSYoungGen: 23776K->224K(24064K)] 60820K->37268K(107008K), 0.0004950 secs] [Times: user=0.00 sys=0.00, real=0.00 secs] 
57.434: Total time for which application threads were stopped: 0.0006290 seconds, Stopping threads took: 0.0000630 seconds
57.564: Application time: 0.1299420 seconds
57.564: [GC [PSYoungGen: 23776K->256K(24064K)] 60820K->37396K(107008K), 0.0004980 secs] [Times: user=0.00 sys=0.00, real=0.00 secs] 
57.565: Total time for which application threads were stopped: 0.0006390 seconds, Stopping threads took: 0.0000650 seconds
57.695: Application time: 0.1305590 seconds
57.695: [GC [PSYoungGen: 23808K->256K(24064K)] 60948K->37493K(107008K), 0.0004520 secs] [Times: user=0.01 sys=0.00, real=0.00 secs] 
57.696: Total time for which application threads were stopped: 0.0005820 seconds, Stopping threads took: 0.0000550 seconds
57.824: Application time: 0.1282270 seconds
57.824: [GC [PSYoungGen: 23808K->336K(24064K)] 61045K->37573K(107008K), 0.0004800 secs] [Times: user=0.00 sys=0.00, real=0.00 secs] 
57.825: Total time for which application threads were stopped: 0.0005930 seconds, Stopping threads took: 0.0000470 seconds
57.953: Application time: 0.1281890 seconds
57.953: [GC [PSYoungGen: 23888K->352K(24064K)] 61125K->37797K(107008K), 0.0005640 secs] [Times: user=0.01 sys=0.00, real=0.00 secs] 
57.953: Total time for which application threads were stopped: 0.0006980 seconds, Stopping threads took: 0.0000610 seconds
58.084: Application time: 0.1300700 seconds
58.084: [GC [PSYoungGen: 23904K->192K(24064K)] 61349K->37845K(107008K), 0.0005210 secs] [Times: user=0.01 sys=0.00, real=0.00 secs] 
58.084: Total time for which application threads were stopped: 0.0006570 seconds, Stopping threads took: 0.0000670 seconds
58.214: Application time: 0.1303020 seconds
58.215: [GC [PSYoungGen: 23744K->256K(24064K)] 61397K->37909K(107008K), 0.0004800 secs] [Times: user=0.00 sys=0.00, real=0.00 secs] 
58.215: Total time for which application threads were stopped: 0.0006180 seconds, Stopping threads took: 0.0000530 seconds
58.344: Application time: 0.1292660 seconds
58.344: [GC [PSYoungGen: 23808K->192K(24064K)] 61461K->37941K(107008K), 0.0005270 secs] [Times: user=0.00 sys=0.00, real=0.00 secs] 
58.345: Total time for which application threads were stopped: 0.0006660 seconds, Stopping threads took: 0.0000640 seconds
58.475: Application time: 0.1298410 seconds
58.475: [GC [PSYoungGen: 23744K->256K(24064K)] 61493K->38101K(107008K), 0.0004470 secs] [Times: user=0.00 sys=0.00, real=0.00 secs] 
58.475: Total time for which application threads were stopped: 0.0005840 seconds, Stopping threads took: 0.0000680 seconds
58.603: Application time: 0.1271650 seconds
58.603: [GC [PSYoungGen: 23808K->336K(24064K)] 61653K->38181K(107008K), 0.0005250 secs] [Times: user=0.00 sys=0.00, real=0.00 secs] 
58.603: Total time for which application threads were stopped: 0.0006560 seconds, Stopping threads took: 0.0000600 seconds
58.731: Application time: 0.1281630 seconds
58.732: [GC [PSYoungGen: 23888K->304K(24064K)] 61733K->38413K(107008K), 0.0005790 secs] [Times: user=0.00 sys=0.00, real=0.00 secs] 
58.732: Total time for which application threads were stopped: 0.0007230 seconds, Stopping threads took: 0.0000570 seconds
58.862: Application time: 0.1303020 seconds
58.863: [GC [PSYoungGen: 23856K->192K(24064K)] 61965K->38465K(107008K), 0.0005460 secs] [Times: user=0.01 sys=0.00, real=0.00 secs] 
58.863: Total time for which application threads were stopped: 0.0006820 seconds, Stopping threads took: 0.0000590 seconds
58.993: Application time: 0.1297940 seconds
58.993: [GC [PSYoungGen: 23744K->256K(24064K)] 62017K->38529K(107008K), 0.0004630 secs] [Times: user=0.00 sys=0.00, real=0.00 secs] 
58.994: Total time for which application threads were stopped: 0.0005950 seconds, Stopping threads took: 0.0000620 seconds
59.123: Application time: 0.1296310 seconds
59.123: [GC [PSYoungGen: 23808K->256K(24064K)] 62081K->38649K(107008K), 0.0004880 secs] [Times: user=0.00 sys=0.00, real=0.00 secs] 
59.124: Total time for which application threads were stopped: 0.0006130 seconds, Stopping threads took: 0.0000550 seconds
59.254: Application time: 0.1298190 seconds
59.254: [GC [PSYoungGen: 23808K->192K(24064K)] 62201K->38658K(107008K), 0.0005230 secs] [Times: user=0.00 sys=0.00, real=0.00 secs] 
59.255: Total time for which application threads were stopped: 0.0017240 seconds, Stopping threads took: 0.0000640 seconds
59.383: Application time: 0.1277740 seconds
59.383: [GC [PSYoungGen: 23744K->368K(24064K)] 62210K->38834K(107008K), 0.0005390 secs] [Times: user=0.00 sys=0.00, real=0.00 secs] 
59.384: Total time for which application threads were stopped: 0.0006570 seconds, Stopping threads took: 0.0000510 seconds
59.512: Application time: 0.1282920 seconds
59.512: [GC [PSYoungGen: 23920K->272K(24064K)] 62386K->39006K(107008K), 0.0005480 secs] [Times: user=0.00 sys=0.00, real=0.00 secs] 
59.513: Total time for which application threads were stopped: 0.0007060 seconds, Stopping threads took: 0.0000900 seconds
59.644: Application time: 0.1308780 seconds
59.644: [GC [PSYoungGen: 23824K->256K(24064K)] 62558K->39166K(107008K), 0.0004620 secs] [Times: user=0.01 sys=0.00, real=0.00 secs] 
59.644: Total time for which application threads were stopped: 0.0006020 seconds, Stopping threads took: 0.0000740 seconds
59.774: Application time: 0.1294910 seconds
59.774: [GC [PSYoungGen: 23808K->224K(24064K)] 62718K->39134K(107008K), 0.0005750 secs] [Times: user=0.00 sys=0.00, real=0.00 secs] 
59.775: Total time for which application threads were stopped: 0.0008090 seconds, Stopping threads took: 0.0001440 seconds
59.904: Application time: 0.1296980 seconds
59.904: [GC [PSYoungGen: 23776K->160K(24064K)] 62686K->39182K(107008K), 0.0005810 secs] [Times: user=0.00 sys=0.00, real=0.00 secs] 
59.905: Total time for which application threads were stopped: 0.0007080 seconds, Stopping threads took: 0.0000600 seconds
60.035: Application time: 0.1298170 seconds
60.035: [GC [PSYoungGen: 23712K->224K(24064K)] 62734K->39318K(107008K), 0.0004740 secs] [Times: user=0.00 sys=0.00, real=0.00 secs] 
60.035: Total time for which application threads were stopped: 0.0006090 seconds, Stopping threads took: 0.0000620 seconds
60.163: Application time: 0.1275590 seconds
60.163: [GC [PSYoungGen: 23776K->304K(24064K)] 62870K->39398K(107008K), 0.0005310 secs] [Times: user=0.00 sys=0.00, real=0.00 secs] 
60.164: Total time for which application threads were stopped: 0.0006760 seconds, Stopping threads took: 0.0000750 seconds
60.293: Application time: 0.1289490 seconds
60.293: [GC [PSYoungGen: 23856K->320K(24064K)] 62950K->39674K(107008K), 0.0005810 secs] [Times: user=0.00 sys=0.00, real=0.00 secs] 
60.293: Total time for which application threads were stopped: 0.0007250 seconds, Stopping threads took: 0.0000640 seconds
60.423: Application time: 0.1298640 seconds
60.423: [GC [PSYoungGen: 23872K->256K(24064K)] 63226K->39786K(107008K), 0.0005080 secs] [Times: user=0.00 sys=0.00, real=0.00 secs] 
60.424: Total time for which application threads were stopped: 0.0006470 seconds, Stopping threads took: 0.0000710 seconds
60.554: Application time: 0.1302130 seconds
60.554: [GC [PSYoungGen: 23808K->256K(24064K)] 63338K->39786K(107008K), 0.0004620 secs] [Times: user=0.01 sys=0.00, real=0.00 secs] 
60.555: Total time for which application threads were stopped: 0.0006010 seconds, Stopping threads took: 0.0000650 seconds
60.685: Application time: 0.1300900 seconds
60.685: [GC [PSYoungGen: 23808K->256K(24064K)] 63338K->39907K(107008K), 0.0004950 secs] [Times: user=0.00 sys=0.00, real=0.00 secs] 
60.685: Total time for which application threads were stopped: 0.0006300 seconds, Stopping threads took: 0.0000630 seconds
60.816: Application time: 0.1308560 seconds
60.816: [GC [PSYoungGen: 23808K->256K(24064K)] 63459K->39979K(107008K), 0.0004610 secs] [Times: user=0.00 sys=0.00, real=0.00 secs] 
60.817: Total time for which application threads were stopped: 0.0006010 seconds, Stopping threads took: 0.0000600 seconds
60.945: Application time: 0.1277120 seconds
60.945: [GC [PSYoungGen: 23808K->400K(24064K)] 63531K->40123K(107008K), 0.0004870 secs] [Times: user=0.00 sys=0.00, real=0.00 secs] 
60.945: Total time for which application threads were stopped: 0.0006090 seconds, Stopping threads took: 0.0000550 seconds
61.074: Application time: 0.1285290 seconds
61.074: [GC [PSYoungGen: 23952K->320K(24064K)] 63675K->40303K(107008K), 0.0005670 secs] [Times: user=0.00 sys=0.00, real=0.00 secs] 
61.074: Total time for which application threads were stopped: 0.0006890 seconds, Stopping threads took: 0.0000530 seconds
61.204: Application time: 0.1300570 seconds
61.205: [GC [PSYoungGen: 23872K->256K(24064K)] 63855K->40419K(107008K), 0.0004800 secs] [Times: user=0.00 sys=0.00, real=0.00 secs] 
61.205: Total time for which application threads were stopped: 0.0006130 seconds, Stopping threads took: 0.0000610 seconds
61.335: Application time: 0.1299660 seconds
61.335: [GC [PSYoungGen: 23808K->208K(24064K)] 63971K->40371K(107008K), 0.0004900 secs] [Times: user=0.00 sys=0.00, real=0.00 secs] 
61.336: Total time for which application threads were stopped: 0.0006290 seconds, Stopping threads took: 0.0000600 seconds
61.466: Application time: 0.1299650 seconds
61.466: [GC [PSYoungGen: 23760K->256K(24064K)] 63923K->40539K(107008K), 0.0005070 secs] [Times: user=0.01 sys=0.00, real=0.00 secs] 
61.466: Total time for which application threads were stopped: 0.0006470 seconds, Stopping threads took: 0.0000660 seconds
61.598: Application time: 0.1314980 seconds
61.598: [GC [PSYoungGen: 23808K->256K(24064K)] 64091K->40611K(107008K), 0.0004650 secs] [Times: user=0.00 sys=0.00, real=0.00 secs] 
61.598: Total time for which application threads were stopped: 0.0005840 seconds, Stopping threads took: 0.0000490 seconds
61.726: Application time: 0.1277410 seconds
61.726: [GC [PSYoungGen: 23808K->336K(24064K)] 64163K->40691K(107008K), 0.0005410 secs] [Times: user=0.00 sys=0.00, real=0.00 secs] 
61.727: Total time for which application threads were stopped: 0.0006570 seconds, Stopping threads took: 0.0000470 seconds
61.855: Application time: 0.1283420 seconds
61.855: [GC [PSYoungGen: 23888K->288K(24064K)] 64243K->40899K(107008K), 0.0005530 secs] [Times: user=0.00 sys=0.00, real=0.00 secs] 
61.856: Total time for which application threads were stopped: 0.0006940 seconds, Stopping threads took: 0.0000590 seconds
61.986: Application time: 0.1299740 seconds
61.986: [GC [PSYoungGen: 23840K->256K(24064K)] 64451K->41043K(107008K), 0.0004900 secs] [Times: user=0.00 sys=0.00, real=0.00 secs] 
61.986: Total time for which application threads were stopped: 0.0006200 seconds, Stopping threads took: 0.0000570 seconds
62.116: Application time: 0.1298180 seconds
62.116: [GC [PSYoungGen: 23808K->256K(24064K)] 64595K->41043K(107008K), 0.0004490 secs] [Times: user=0.00 sys=0.00, real=0.00 secs] 
62.117: Total time for which application threads were stopped: 0.0005810 seconds, Stopping threads took: 0.0000610 seconds
62.246: Application time: 0.1294240 seconds
62.246: [GC [PSYoungGen: 23808K->256K(24064K)] 64595K->41164K(107008K), 0.0005060 secs] [Times: user=0.01 sys=0.00, real=0.00 secs] 
62.247: Total time for which application threads were stopped: 0.0006370 seconds, Stopping threads took: 0.0000620 seconds
62.377: Application time: 0.1301720 seconds
62.377: [GC [PSYoungGen: 23808K->256K(24064K)] 64716K->41236K(107008K), 0.0004530 secs] [Times: user=0.00 sys=0.00, real=0.01 secs] 
62.378: Total time for which application threads were stopped: 0.0005950 seconds, Stopping threads took: 0.0000630 seconds
62.505: Application time: 0.1273600 seconds
62.505: [GC [PSYoungGen: 23808K->304K(24064K)] 64788K->41284K(107008K), 0.0005030 secs] [Times: user=0.00 sys=0.00, real=0.01 secs] 
62.506: Total time for which application threads were stopped: 0.0006340 seconds, Stopping threads took: 0.0000610 seconds
62.634: Application time: 0.1280780 seconds
62.634: [GC [PSYoungGen: 23856K->256K(24064K)] 64836K->41492K(107008K), 0.0005690 secs] [Times: user=0.00 sys=0.00, real=0.00 secs] 
62.634: Total time for which application threads were stopped: 0.0006990 seconds, Stopping threads took: 0.0000590 seconds
62.765: Application time: 0.1305470 seconds
62.765: [GC [PSYoungGen: 23808K->256K(24064K)] 65044K->41660K(107008K), 0.0004380 secs] [Times: user=0.00 sys=0.00, real=0.00 secs] 
62.766: Total time for which application threads were stopped: 0.0005600 seconds, Stopping threads took: 0.0000600 seconds
62.895: Application time: 0.1299140 seconds
62.896: [GC [PSYoungGen: 23808K->256K(24064K)] 65212K->41660K(107008K), 0.0004690 secs] [Times: user=0.00 sys=0.00, real=0.00 secs] 
62.896: Total time for which application threads were stopped: 0.0005990 seconds, Stopping threads took: 0.0000560 seconds
63.026: Application time: 0.1298560 seconds
63.026: [GC [PSYoungGen: 23808K->256K(24064K)] 65212K->41780K(107008K), 0.0004700 secs] [Times: user=0.00 sys=0.00, real=0.00 secs] 
63.026: Total time for which application threads were stopped: 0.0005950 seconds, Stopping threads took: 0.0000550 seconds
63.157: Application time: 0.1306400 seconds
63.157: [GC [PSYoungGen: 23808K->192K(24064K)] 65332K->41788K(107008K), 0.0004870 secs] [Times: user=0.00 sys=0.00, real=0.01 secs] 
63.158: Total time for which application threads were stopped: 0.0006280 seconds, Stopping threads took: 0.0000640 seconds
63.286: Application time: 0.1279190 seconds
63.290: [GC [PSYoungGen: 23744K->336K(24064K)] 65340K->41932K(107008K), 0.0004950 secs] [Times: user=0.00 sys=0.00, real=0.00 secs] 
63.290: Total time for which application threads were stopped: 0.0044580 seconds, Stopping threads took: 0.0038950 seconds
63.419: Application time: 0.1284350 seconds
63.419: [GC [PSYoungGen: 23888K->288K(24064K)] 65484K->42140K(107008K), 0.0005490 secs] [Times: user=0.00 sys=0.00, real=0.00 secs] 
63.419: Total time for which application threads were stopped: 0.0007090 seconds, Stopping threads took: 0.0000770 seconds
63.550: Application time: 0.1307950 seconds
63.550: [GC [PSYoungGen: 23840K->256K(24064K)] 65692K->42284K(107008K), 0.0004960 secs] [Times: user=0.00 sys=0.00, real=0.00 secs] 
63.551: Total time for which application threads were stopped: 0.0006310 seconds, Stopping threads took: 0.0000600 seconds
63.680: Application time: 0.1297100 seconds
63.681: [GC [PSYoungGen: 23808K->240K(24064K)] 65836K->42268K(107008K), 0.0004830 secs] [Times: user=0.00 sys=0.00, real=0.00 secs] 
63.681: Total time for which application threads were stopped: 0.0006250 seconds, Stopping threads took: 0.0000710 seconds
63.811: Application time: 0.1298970 seconds
63.811: [GC [PSYoungGen: 23792K->256K(24064K)] 65820K->42405K(107008K), 0.0004600 secs] [Times: user=0.00 sys=0.00, real=0.00 secs] 
63.812: Total time for which application threads were stopped: 0.0005890 seconds, Stopping threads took: 0.0000640 seconds
63.942: Application time: 0.1300300 seconds
63.942: [GC [PSYoungGen: 23808K->256K(24064K)] 65957K->42477K(107008K), 0.0004660 secs] [Times: user=0.00 sys=0.00, real=0.00 secs] 
63.942: Total time for which application threads were stopped: 0.0006160 seconds, Stopping threads took: 0.0000770 seconds
64.069: Application time: 0.1271070 seconds
64.069: [GC [PSYoungGen: 23808K->336K(24064K)] 66029K->42557K(107008K), 0.0005220 secs] [Times: user=0.00 sys=0.00, real=0.00 secs] 
64.070: Total time for which application threads were stopped: 0.0006540 seconds, Stopping threads took: 0.0000640 seconds
64.199: Application time: 0.1286010 seconds
64.199: [GC [PSYoungGen: 23888K->304K(24064K)] 66109K->42793K(107008K), 0.0005570 secs] [Times: user=0.00 sys=0.00, real=0.00 secs] 
64.199: Total time for which application threads were stopped: 0.0006840 seconds, Stopping threads took: 0.0000560 seconds
64.329: Application time: 0.1295010 seconds
64.329: [GC [PSYoungGen: 23856K->256K(24064K)] 66345K->42913K(107008K), 0.0005230 secs] [Times: user=0.00 sys=0.00, real=0.00 secs] 
64.330: Total time for which application threads were stopped: 0.0016420 seconds, Stopping threads took: 0.0000540 seconds
64.460: Application time: 0.1299640 seconds
64.460: [GC [PSYoungGen: 23808K->256K(24064K)] 66465K->42913K(107008K), 0.0005060 secs] [Times: user=0.01 sys=0.00, real=0.00 secs] 
64.461: Total time for which application threads were stopped: 0.0006310 seconds, Stopping threads took: 0.0000470 seconds
64.591: Application time: 0.1302140 seconds
64.591: [GC [PSYoungGen: 23808K->256K(24064K)] 66465K->43033K(107008K), 0.0004980 secs] [Times: user=0.00 sys=0.00, real=0.00 secs] 
64.592: Total time for which application threads were stopped: 0.0006560 seconds, Stopping threads took: 0.0000880 seconds
64.722: Application time: 0.1302130 seconds
64.722: [GC [PSYoungGen: 23808K->256K(24064K)] 66585K->43105K(107008K), 0.0004590 secs] [Times: user=0.00 sys=0.00, real=0.00 secs] 
64.723: Total time for which application threads were stopped: 0.0006050 seconds, Stopping threads took: 0.0000780 seconds
64.852: Application time: 0.1288370 seconds
64.852: [GC [PSYoungGen: 23808K->352K(24064K)] 66657K->43201K(107008K), 0.0005320 secs] [Times: user=0.00 sys=0.00, real=0.00 secs] 
64.852: Total time for which application threads were stopped: 0.0006680 seconds, Stopping threads took: 0.0000660 seconds
64.981: Application time: 0.1285180 seconds
64.981: [GC [PSYoungGen: 23904K->288K(24064K)] 66753K->43393K(107008K), 0.0005760 secs] [Times: user=0.00 sys=0.00, real=0.00 secs] 
64.981: Total time for which application threads were stopped: 0.0007190 seconds, Stopping threads took: 0.0000660 seconds
65.111: Application time: 0.1296670 seconds
65.111: [GC [PSYoungGen: 23840K->256K(24064K)] 66945K->43538K(107008K), 0.0005290 secs] [Times: user=0.00 sys=0.00, real=0.00 secs] 
65.112: Total time for which application threads were stopped: 0.0006650 seconds, Stopping threads took: 0.0000650 seconds
65.241: Application time: 0.1295760 seconds
65.241: [GC [PSYoungGen: 23808K->256K(24064K)] 67090K->43538K(107008K), 0.0004820 secs] [Times: user=0.00 sys=0.00, real=0.00 secs] 
65.242: Total time for which application threads were stopped: 0.0006120 seconds, Stopping threads took: 0.0000560 seconds
65.372: Application time: 0.1297510 seconds
65.372: [GC [PSYoungGen: 23808K->256K(24064K)] 67090K->43658K(107008K), 0.0004870 secs] [Times: user=0.00 sys=0.00, real=0.00 secs] 
65.372: Total time for which application threads were stopped: 0.0006180 seconds, Stopping threads took: 0.0000620 seconds
65.503: Application time: 0.1302160 seconds
65.503: [GC [PSYoungGen: 23808K->256K(24064K)] 67210K->43730K(107008K), 0.0004490 secs] [Times: user=0.00 sys=0.00, real=0.00 secs] 
65.503: Total time for which application threads were stopped: 0.0005840 seconds, Stopping threads took: 0.0000580 seconds
65.630: Application time: 0.1272710 seconds
65.631: [GC [PSYoungGen: 23808K->384K(24064K)] 67282K->43858K(107008K), 0.0005770 secs] [Times: user=0.00 sys=0.00, real=0.00 secs] 
65.631: Total time for which application threads were stopped: 0.0006920 seconds, Stopping threads took: 0.0000500 seconds
65.760: Application time: 0.1291150 seconds
65.760: [GC [PSYoungGen: 23936K->304K(24064K)] 67410K->44046K(107008K), 0.0005650 secs] [Times: user=0.00 sys=0.00, real=0.00 secs] 
65.761: Total time for which application threads were stopped: 0.0006830 seconds, Stopping threads took: 0.0000510 seconds
65.891: Application time: 0.1301660 seconds
65.891: [GC [PSYoungGen: 23856K->256K(24064K)] 67598K->44174K(107008K), 0.0005090 secs] [Times: user=0.00 sys=0.00, real=0.00 secs] 
65.892: Total time for which application threads were stopped: 0.0006360 seconds, Stopping threads took: 0.0000560 seconds
66.021: Application time: 0.1295330 seconds
66.021: [GC [PSYoungGen: 23808K->208K(24064K)] 67726K->44126K(107008K), 0.0004520 secs] [Times: user=0.00 sys=0.00, real=0.00 secs] 
66.022: Total time for which application threads were stopped: 0.0005880 seconds, Stopping threads took: 0.0000570 seconds
66.152: Application time: 0.1302870 seconds
66.154: [GC [PSYoungGen: 23760K->256K(24064K)] 67678K->44318K(107008K), 0.0005040 secs] [Times: user=0.00 sys=0.00, real=0.00 secs] 
66.154: Total time for which application threads were stopped: 0.0020930 seconds, Stopping threads took: 0.0015210 seconds
66.284: Application time: 0.1302380 seconds
66.285: [GC [PSYoungGen: 23808K->256K(24064K)] 67870K->44366K(107008K), 0.0004740 secs] [Times: user=0.00 sys=0.00, real=0.00 secs] 
66.285: Total time for which application threads were stopped: 0.0006050 seconds, Stopping threads took: 0.0000630 seconds
66.413: Application time: 0.1279660 seconds
66.413: [GC [PSYoungGen: 23808K->416K(24064K)] 67918K->44526K(107008K), 0.0005100 secs] [Times: user=0.00 sys=0.00, real=0.00 secs] 
66.414: Total time for which application threads were stopped: 0.0006310 seconds, Stopping threads took: 0.0000530 seconds
66.542: Application time: 0.1286320 seconds
66.542: [GC [PSYoungGen: 23968K->320K(24064K)] 68078K->44742K(107008K), 0.0005450 secs] [Times: user=0.00 sys=0.00, real=0.00 secs] 
66.543: Total time for which application threads were stopped: 0.0006860 seconds, Stopping threads took: 0.0000660 seconds
66.673: Application time: 0.1299330 seconds
66.673: [GC [PSYoungGen: 23872K->256K(24064K)] 68294K->44807K(107008K), 0.0004700 secs] [Times: user=0.00 sys=0.00, real=0.00 secs] 
66.674: Total time for which application threads were stopped: 0.0005930 seconds, Stopping threads took: 0.0000550 seconds
66.803: Application time: 0.1295430 seconds
66.803: [GC [PSYoungGen: 23808K->256K(24064K)] 68359K->44807K(107008K), 0.0004680 secs] [Times: user=0.00 sys=0.00, real=0.00 secs] 
66.804: Total time for which application threads were stopped: 0.0005850 seconds, Stopping threads took: 0.0000530 seconds
66.933: Application time: 0.1298100 seconds
66.934: [GC [PSYoungGen: 23808K->256K(24064K)] 68359K->44943K(107008K), 0.0005180 secs] [Times: user=0.00 sys=0.00, real=0.00 secs] 
66.934: Total time for which application threads were stopped: 0.0006470 seconds, Stopping threads took: 0.0000620 seconds
67.064: Application time: 0.1301540 seconds
67.064: [GC [PSYoungGen: 23808K->256K(24064K)] 68495K->44991K(107008K), 0.0004660 secs] [Times: user=0.00 sys=0.00, real=0.00 secs] 
67.065: Total time for which application threads were stopped: 0.0005890 seconds, Stopping threads took: 0.0000500 seconds
67.192: Application time: 0.1269480 seconds
67.192: [GC [PSYoungGen: 23808K->400K(24064K)] 68543K->45135K(107008K), 0.0005510 secs] [Times: user=0.00 sys=0.00, real=0.00 secs] 
67.192: Total time for which application threads were stopped: 0.0006760 seconds, Stopping threads took: 0.0000530 seconds
67.322: Application time: 0.1291270 seconds
67.322: [GC [PSYoungGen: 23952K->240K(24064K)] 68687K->45283K(107008K), 0.0006150 secs] [Times: user=0.01 sys=0.00, real=0.00 secs] 
67.322: Total time for which application threads were stopped: 0.0007320 seconds, Stopping threads took: 0.0000480 seconds
67.452: Application time: 0.1300970 seconds
67.453: [GC [PSYoungGen: 23792K->256K(24064K)] 68835K->45435K(107008K), 0.0005280 secs] [Times: user=0.01 sys=0.00, real=0.00 secs] 
67.453: Total time for which application threads were stopped: 0.0006890 seconds, Stopping threads took: 0.0000800 seconds
67.583: Application time: 0.1296070 seconds
67.583: [GC [PSYoungGen: 23808K->240K(24064K)] 68987K->45419K(107008K), 0.0004920 secs] [Times: user=0.00 sys=0.00, real=0.00 secs] 
67.583: Total time for which application threads were stopped: 0.0006320 seconds, Stopping threads took: 0.0000650 seconds
67.713: Application time: 0.1301150 seconds
67.714: [GC [PSYoungGen: 23792K->256K(24064K)] 68971K->45579K(107008K), 0.0005240 secs] [Times: user=0.00 sys=0.00, real=0.00 secs] 
67.714: Total time for which application threads were stopped: 0.0006570 seconds, Stopping threads took: 0.0000560 seconds
67.844: Application time: 0.1301510 seconds
67.846: [GC [PSYoungGen: 23808K->256K(24064K)] 69131K->45627K(107008K), 0.0005080 secs] [Times: user=0.00 sys=0.00, real=0.00 secs] 
67.846: Total time for which application threads were stopped: 0.0018900 seconds, Stopping threads took: 0.0013110 seconds
67.973: Application time: 0.1267500 seconds
67.974: [GC [PSYoungGen: 23808K->384K(24064K)] 69179K->45755K(107008K), 0.0005490 secs] [Times: user=0.00 sys=0.00, real=0.00 secs] 
67.974: Total time for which application threads were stopped: 0.0012990 seconds, Stopping threads took: 0.0006810 seconds
68.103: Application time: 0.1289290 seconds
68.103: [GC [PSYoungGen: 23936K->288K(24064K)] 69307K->45968K(107008K), 0.0005680 secs] [Times: user=0.00 sys=0.00, real=0.00 secs] 
68.104: Total time for which application threads were stopped: 0.0007020 seconds, Stopping threads took: 0.0000580 seconds
68.234: Application time: 0.1297680 seconds
68.234: [GC [PSYoungGen: 23840K->256K(24064K)] 69520K->46064K(107008K), 0.0005090 secs] [Times: user=0.01 sys=0.00, real=0.00 secs] 
68.234: Total time for which application threads were stopped: 0.0006310 seconds, Stopping threads took: 0.0000570 seconds
68.364: Application time: 0.1297340 seconds
68.364: [GC [PSYoungGen: 23808K->256K(24064K)] 69616K->46064K(107008K), 0.0004870 secs] [Times: user=0.00 sys=0.00, real=0.00 secs] 
68.365: Total time for which application threads were stopped: 0.0006200 seconds, Stopping threads took: 0.0000620 seconds
68.495: Application time: 0.1303110 seconds
68.495: [GC [PSYoungGen: 23808K->256K(24064K)] 69616K->46208K(107008K), 0.0004870 secs] [Times: user=0.00 sys=0.00, real=0.00 secs] 
68.496: Total time for which application threads were stopped: 0.0006230 seconds, Stopping threads took: 0.0000700 seconds
68.626: Application time: 0.1302990 seconds
68.626: [GC [PSYoungGen: 23808K->256K(24064K)] 69760K->46256K(107008K), 0.0004540 secs] [Times: user=0.00 sys=0.00, real=0.00 secs] 
68.626: Total time for which application threads were stopped: 0.0005880 seconds, Stopping threads took: 0.0000570 seconds
68.753: Application time: 0.1261950 seconds
68.753: [GC [PSYoungGen: 23808K->384K(24064K)] 69808K->46384K(107008K), 0.0005280 secs] [Times: user=0.00 sys=0.00, real=0.00 secs] 
68.753: Total time for which application threads were stopped: 0.0006470 seconds, Stopping threads took: 0.0000530 seconds
68.883: Application time: 0.1293610 seconds
68.883: [GC [PSYoungGen: 23936K->288K(24064K)] 69936K->46596K(107008K), 0.0005820 secs] [Times: user=0.00 sys=0.00, real=0.00 secs] 
68.883: Total time for which application threads were stopped: 0.0007200 seconds, Stopping threads took: 0.0000650 seconds
69.014: Application time: 0.1302720 seconds
69.014: [GC [PSYoungGen: 23840K->256K(24064K)] 70148K->46684K(107008K), 0.0004840 secs] [Times: user=0.00 sys=0.00, real=0.00 secs] 
69.014: Total time for which application threads were stopped: 0.0006120 seconds, Stopping threads took: 0.0000550 seconds
69.144: Application time: 0.1301910 seconds
69.145: [GC [PSYoungGen: 23808K->256K(24064K)] 70236K->46684K(107008K), 0.0004860 secs] [Times: user=0.00 sys=0.00, real=0.00 secs] 
69.145: Total time for which application threads were stopped: 0.0006190 seconds, Stopping threads took: 0.0000560 seconds
69.275: Application time: 0.1303620 seconds
69.276: [GC [PSYoungGen: 23808K->256K(24064K)] 70236K->46828K(107008K), 0.0004890 secs] [Times: user=0.01 sys=0.00, real=0.00 secs] 
69.276: Total time for which application threads were stopped: 0.0006280 seconds, Stopping threads took: 0.0000680 seconds
69.407: Application time: 0.1305340 seconds
69.407: [GC [PSYoungGen: 23808K->128K(24064K)] 70380K->46748K(107008K), 0.0005690 secs] [Times: user=0.00 sys=0.00, real=0.00 secs] 
69.408: Total time for which application threads were stopped: 0.0017100 seconds, Stopping threads took: 0.0000660 seconds
69.536: Application time: 0.1273410 seconds
69.536: [GC [PSYoungGen: 23680K->400K(24064K)] 70300K->47020K(107008K), 0.0005410 secs] [Times: user=0.00 sys=0.00, real=0.00 secs] 
69.536: Total time for which application threads were stopped: 0.0006720 seconds, Stopping threads took: 0.0000620 seconds
69.665: Application time: 0.1290010 seconds
69.665: [GC [PSYoungGen: 23952K->272K(24064K)] 70572K->47189K(107008K), 0.0005690 secs] [Times: user=0.01 sys=0.00, real=0.01 secs] 
69.666: Total time for which application threads were stopped: 0.0007030 seconds, Stopping threads took: 0.0000540 seconds
69.796: Application time: 0.1302880 seconds
69.796: [GC [PSYoungGen: 23824K->256K(24064K)] 70741K->47301K(107008K), 0.0004810 secs] [Times: user=0.00 sys=0.00, real=0.00 secs] 
69.797: Total time for which application threads were stopped: 0.0006080 seconds, Stopping threads took: 0.0000560 seconds
69.926: Application time: 0.1294930 seconds
69.927: [GC [PSYoungGen: 23808K->256K(24064K)] 70853K->47301K(107008K), 0.0004820 secs] [Times: user=0.00 sys=0.00, real=0.00 secs] 
69.927: Total time for which application threads were stopped: 0.0006050 seconds, Stopping threads took: 0.0000530 seconds
70.057: Application time: 0.1300210 seconds
70.057: [GC [PSYoungGen: 23808K->256K(24064K)] 70853K->47445K(107008K), 0.0005180 secs] [Times: user=0.01 sys=0.00, real=0.01 secs] 
70.058: Total time for which application threads were stopped: 0.0006580 seconds, Stopping threads took: 0.0000670 seconds
70.188: Application time: 0.1305910 seconds
70.188: [GC [PSYoungGen: 23808K->256K(24064K)] 70997K->47493K(107008K), 0.0004810 secs] [Times: user=0.00 sys=0.00, real=0.00 secs] 
70.189: Total time for which application threads were stopped: 0.0006130 seconds, Stopping threads took: 0.0000490 seconds
70.317: Application time: 0.1276380 seconds
70.317: [GC [PSYoungGen: 23808K->416K(24064K)] 71045K->47653K(107008K), 0.0005440 secs] [Times: user=0.00 sys=0.00, real=0.00 secs] 
70.317: Total time for which application threads were stopped: 0.0006770 seconds, Stopping threads took: 0.0000610 seconds
70.447: Application time: 0.1293520 seconds
70.447: [GC [PSYoungGen: 23968K->288K(24064K)] 71205K->47821K(107008K), 0.0005850 secs] [Times: user=0.01 sys=0.00, real=0.00 secs] 
70.447: Total time for which application threads were stopped: 0.0007180 seconds, Stopping threads took: 0.0000610 seconds
70.577: Application time: 0.1297770 seconds
70.577: [GC [PSYoungGen: 23840K->256K(24064K)] 71373K->47925K(107008K), 0.0005030 secs] [Times: user=0.00 sys=0.00, real=0.01 secs] 
70.578: Total time for which application threads were stopped: 0.0006210 seconds, Stopping threads took: 0.0000530 seconds
70.707: Application time: 0.1295340 seconds
70.707: [GC [PSYoungGen: 23808K->208K(24064K)] 71477K->47877K(107008K), 0.0005210 secs] [Times: user=0.00 sys=0.00, real=0.00 secs] 
70.708: Total time for which application threads were stopped: 0.0006550 seconds, Stopping threads took: 0.0000580 seconds
70.838: Application time: 0.1305400 seconds
70.839: [GC [PSYoungGen: 23760K->256K(24064K)] 71429K->48069K(107008K), 0.0004980 secs] [Times: user=0.00 sys=0.00, real=0.00 secs] 
70.839: Total time for which application threads were stopped: 0.0006250 seconds, Stopping threads took: 0.0000610 seconds
70.969: Application time: 0.1298190 seconds
70.969: [GC [PSYoungGen: 23808K->256K(24064K)] 71621K->48117K(107008K), 0.0004700 secs] [Times: user=0.01 sys=0.00, real=0.00 secs] 
70.970: Total time for which application threads were stopped: 0.0006010 seconds, Stopping threads took: 0.0000600 seconds
71.096: Application time: 0.1267780 seconds
71.096: [GC [PSYoungGen: 23808K->416K(24064K)] 71669K->48277K(107008K), 0.0005690 secs] [Times: user=0.00 sys=0.00, real=0.00 secs] 
71.097: Total time for which application threads were stopped: 0.0007080 seconds, Stopping threads took: 0.0000710 seconds
71.226: Application time: 0.1294670 seconds
71.227: [GC [PSYoungGen: 23968K->256K(24064K)] 71829K->48426K(107008K), 0.0005660 secs] [Times: user=0.00 sys=0.00, real=0.00 secs] 
71.227: Total time for which application threads were stopped: 0.0007020 seconds, Stopping threads took: 0.0000560 seconds
71.357: Application time: 0.1303040 seconds
71.358: [GC [PSYoungGen: 23808K->224K(24064K)] 71978K->48522K(107008K), 0.0005070 secs] [Times: user=0.00 sys=0.00, real=0.00 secs] 
71.358: Total time for which application threads were stopped: 0.0006320 seconds, Stopping threads took: 0.0000570 seconds
71.488: Application time: 0.1298930 seconds
71.488: [GC [PSYoungGen: 23776K->256K(24064K)] 72074K->48554K(107008K), 0.0004900 secs] [Times: user=0.00 sys=0.00, real=0.00 secs] 
71.489: Total time for which application threads were stopped: 0.0006340 seconds, Stopping threads took: 0.0000700 seconds
71.618: Application time: 0.1296570 seconds
71.618: [GC [PSYoungGen: 23808K->256K(24064K)] 72106K->48698K(107008K), 0.0004900 secs] [Times: user=0.00 sys=0.00, real=0.00 secs] 
71.619: Total time for which application threads were stopped: 0.0006050 seconds, Stopping threads took: 0.0000500 seconds
71.749: Application time: 0.1299890 seconds
71.749: [GC [PSYoungGen: 23808K->256K(24064K)] 72250K->48746K(107008K), 0.0004910 secs] [Times: user=0.00 sys=0.00, real=0.00 secs] 
71.750: Total time for which application threads were stopped: 0.0006320 seconds, Stopping threads took: 0.0000610 seconds
71.877: Application time: 0.1274390 seconds
71.878: [GC [PSYoungGen: 23808K->368K(24064K)] 72298K->48930K(107008K), 0.0005840 secs] [Times: user=0.00 sys=0.00, real=0.00 secs] 
71.878: Total time for which application threads were stopped: 0.0012970 seconds, Stopping threads took: 0.0006410 seconds
72.007: Application time: 0.1290850 seconds
72.007: [GC [PSYoungGen: 23920K->256K(24064K)] 72482K->49074K(107008K), 0.0005370 secs] [Times: user=0.00 sys=0.00, real=0.00 secs] 
72.008: Total time for which application threads were stopped: 0.0006690 seconds, Stopping threads took: 0.0000640 seconds
72.138: Application time: 0.1296340 seconds
72.138: [GC [PSYoungGen: 23808K->192K(24064K)] 72626K->49122K(107008K), 0.0005600 secs] [Times: user=0.00 sys=0.00, real=0.00 secs] 
72.138: Total time for which application threads were stopped: 0.0006930 seconds, Stopping threads took: 0.0000600 seconds
72.268: Application time: 0.1294680 seconds
72.268: [GC [PSYoungGen: 23744K->176K(24064K)] 72674K->49130K(107008K), 0.0004970 secs] [Times: user=0.00 sys=0.00, real=0.00 secs] 
72.268: Total time for which application threads were stopped: 0.0006320 seconds, Stopping threads took: 0.0000610 seconds
72.399: Application time: 0.1302410 seconds
72.399: [GC [PSYoungGen: 23728K->192K(24064K)] 72682K->49266K(107008K), 0.0005180 secs] [Times: user=0.00 sys=0.00, real=0.00 secs] 
72.399: Total time for which application threads were stopped: 0.0006390 seconds, Stopping threads took: 0.0000560 seconds
72.528: Application time: 0.1289970 seconds
72.528: [GC [PSYoungGen: 23744K->192K(24064K)] 72818K->49314K(107008K), 0.0004990 secs] [Times: user=0.00 sys=0.00, real=0.00 secs] 
72.529: Total time for which application threads were stopped: 0.0006310 seconds, Stopping threads took: 0.0000610 seconds
72.657: Application time: 0.1275610 seconds
72.657: [GC [PSYoungGen: 23744K->432K(24064K)] 72866K->49626K(107008K), 0.0005490 secs] [Times: user=0.00 sys=0.00, real=0.00 secs] 
72.657: Total time for which application threads were stopped: 0.0006790 seconds, Stopping threads took: 0.0000570 seconds
72.787: Application time: 0.1295360 seconds
72.787: [GC [PSYoungGen: 23984K->288K(24064K)] 73178K->49755K(107008K), 0.0005300 secs] [Times: user=0.00 sys=0.00, real=0.00 secs] 
72.787: Total time for which application threads were stopped: 0.0006890 seconds, Stopping threads took: 0.0000670 seconds
72.917: Application time: 0.1299070 seconds
72.917: [GC [PSYoungGen: 23840K->256K(24064K)] 73307K->49847K(107008K), 0.0004850 secs] [Times: user=0.00 sys=0.00, real=0.01 secs] 
72.918: Total time for which application threads were stopped: 0.0006050 seconds, Stopping threads took: 0.0000510 seconds
73.047: Application time: 0.1293720 seconds
73.047: [GC [PSYoungGen: 23808K->256K(24064K)] 73399K->49871K(107008K), 0.0005090 secs] [Times: user=0.00 sys=0.00, real=0.00 secs] 
73.048: Total time for which application threads were stopped: 0.0006310 seconds, Stopping threads took: 0.0000590 seconds
73.179: Application time: 0.1307510 seconds
73.182: [GC [PSYoungGen: 23808K->256K(24064K)] 73423K->50015K(107008K), 0.0006270 secs] [Times: user=0.00 sys=0.00, real=0.00 secs] 
73.182: Total time for which application threads were stopped: 0.0035840 seconds, Stopping threads took: 0.0028840 seconds
73.311: Application time: 0.1291250 seconds
73.312: [GC [PSYoungGen: 23808K->272K(24064K)] 73567K->50055K(107008K), 0.0004750 secs] [Times: user=0.01 sys=0.00, real=0.00 secs] 
73.312: Total time for which application threads were stopped: 0.0006000 seconds, Stopping threads took: 0.0000500 seconds
73.439: Application time: 0.1269960 seconds
73.439: [GC [PSYoungGen: 23824K->416K(24064K)] 73607K->50255K(107008K), 0.0005640 secs] [Times: user=0.00 sys=0.00, real=0.00 secs] 
73.440: Total time for which application threads were stopped: 0.0006980 seconds, Stopping threads took: 0.0000630 seconds
73.569: Application time: 0.1288710 seconds
73.569: [GC [PSYoungGen: 23968K->256K(24064K)] 73807K->50403K(107008K), 0.0005950 secs] [Times: user=0.00 sys=0.00, real=0.00 secs] 
73.569: Total time for which application threads were stopped: 0.0007160 seconds, Stopping threads took: 0.0000540 seconds
73.699: Application time: 0.1295500 seconds
73.699: [GC [PSYoungGen: 23808K->256K(24064K)] 73955K->50499K(107008K), 0.0004830 secs] [Times: user=0.01 sys=0.00, real=0.00 secs] 
73.700: Total time for which application threads were stopped: 0.0006130 seconds, Stopping threads took: 0.0000590 seconds
73.830: Application time: 0.1307390 seconds
73.830: [GC [PSYoungGen: 23808K->256K(24064K)] 74051K->50523K(107008K), 0.0005280 secs] [Times: user=0.01 sys=0.00, real=0.00 secs] 
73.831: Total time for which application threads were stopped: 0.0006610 seconds, Stopping threads took: 0.0000530 seconds
73.961: Application time: 0.1298440 seconds
73.961: [GC [PSYoungGen: 23808K->224K(24064K)] 74075K->50635K(107008K), 0.0005120 secs] [Times: user=0.00 sys=0.00, real=0.00 secs] 
73.961: Total time for which application threads were stopped: 0.0006460 seconds, Stopping threads took: 0.0000580 seconds
74.090: Application time: 0.1290770 seconds
74.091: [GC [PSYoungGen: 23776K->256K(24064K)] 74187K->50691K(107008K), 0.0004800 secs] [Times: user=0.00 sys=0.00, real=0.00 secs] 
74.091: Total time for which application threads were stopped: 0.0006130 seconds, Stopping threads took: 0.0000610 seconds
74.218: Application time: 0.1267120 seconds
74.218: [GC [PSYoungGen: 23808K->416K(24064K)] 74243K->50923K(107008K), 0.0005860 secs] [Times: user=0.00 sys=0.00, real=0.00 secs] 
74.219: Total time for which application threads were stopped: 0.0007160 seconds, Stopping threads took: 0.0000590 seconds
74.348: Application time: 0.1294100 seconds
74.348: [GC [PSYoungGen: 23968K->256K(24064K)] 74475K->51068K(107008K), 0.0005480 secs] [Times: user=0.00 sys=0.00, real=0.00 secs] 
74.349: Total time for which application threads were stopped: 0.0006840 seconds, Stopping threads took: 0.0000520 seconds
74.480: Application time: 0.1317650 seconds
74.480: [GC [PSYoungGen: 23808K->256K(24064K)] 74620K->51140K(107008K), 0.0004820 secs] [Times: user=0.00 sys=0.00, real=0.00 secs] 
74.482: Total time for which application threads were stopped: 0.0015710 seconds, Stopping threads took: 0.0000480 seconds
74.612: Application time: 0.1296420 seconds
74.612: [GC [PSYoungGen: 23808K->256K(24064K)] 74692K->51164K(107008K), 0.0005130 secs] [Times: user=0.00 sys=0.00, real=0.00 secs] 
74.612: Total time for which application threads were stopped: 0.0006660 seconds, Stopping threads took: 0.0000780 seconds
74.742: Application time: 0.1298220 seconds
74.742: [GC [PSYoungGen: 23808K->256K(24064K)] 74716K->51308K(107008K), 0.0005530 secs] [Times: user=0.01 sys=0.00, real=0.00 secs] 
74.743: Total time for which application threads were stopped: 0.0006910 seconds, Stopping threads took: 0.0000620 seconds
74.872: Application time: 0.1291440 seconds
74.872: [GC [PSYoungGen: 23808K->224K(24064K)] 74860K->51300K(107008K), 0.0005150 secs] [Times: user=0.00 sys=0.00, real=0.00 secs] 
74.873: Total time for which application threads were stopped: 0.0006630 seconds, Stopping threads took: 0.0000670 seconds
74.999: Application time: 0.1268900 seconds
75.000: [GC [PSYoungGen: 23776K->464K(24064K)] 74852K->51620K(107008K), 0.0005400 secs] [Times: user=0.00 sys=0.00, real=0.00 secs] 
75.000: Total time for which application threads were stopped: 0.0006650 seconds, Stopping threads took: 0.0000600 seconds
75.130: Application time: 0.1301340 seconds
75.130: [GC [PSYoungGen: 24016K->256K(24064K)] 75172K->51720K(107008K), 0.0005540 secs] [Times: user=0.00 sys=0.00, real=0.00 secs] 
75.131: Total time for which application threads were stopped: 0.0006820 seconds, Stopping threads took: 0.0000630 seconds
75.261: Application time: 0.1299390 seconds
75.261: [GC [PSYoungGen: 23808K->256K(24064K)] 75272K->51800K(107008K), 0.0004930 secs] [Times: user=0.00 sys=0.00, real=0.00 secs] 
75.262: Total time for which application threads were stopped: 0.0006430 seconds, Stopping threads took: 0.0000800 seconds
75.391: Application time: 0.1297660 seconds
75.391: [GC [PSYoungGen: 23808K->256K(24064K)] 75352K->51824K(107008K), 0.0005390 secs] [Times: user=0.00 sys=0.00, real=0.00 secs] 
75.392: Total time for which application threads were stopped: 0.0006710 seconds, Stopping threads took: 0.0000500 seconds
75.522: Application time: 0.1303220 seconds
75.522: [GC [PSYoungGen: 23808K->256K(24064K)] 75376K->51968K(107008K), 0.0005010 secs] [Times: user=0.00 sys=0.00, real=0.00 secs] 
75.523: Total time for which application threads were stopped: 0.0006370 seconds, Stopping threads took: 0.0000640 seconds
75.653: Application time: 0.1295540 seconds
75.653: [GC [PSYoungGen: 23808K->192K(24064K)] 75520K->51928K(107008K), 0.0005060 secs] [Times: user=0.00 sys=0.00, real=0.00 secs] 
75.653: Total time for which application threads were stopped: 0.0006470 seconds, Stopping threads took: 0.0000680 seconds
75.780: Application time: 0.1268650 seconds
75.780: [GC [PSYoungGen: 23744K->400K(24064K)] 75480K->52216K(107008K), 0.0006020 secs] [Times: user=0.00 sys=0.00, real=0.00 secs] 
75.781: Total time for which application threads were stopped: 0.0007280 seconds, Stopping threads took: 0.0000550 seconds
75.911: Application time: 0.1302000 seconds
75.911: [GC [PSYoungGen: 23952K->256K(24064K)] 75768K->52385K(107008K), 0.0006330 secs] [Times: user=0.00 sys=0.00, real=0.00 secs] 
75.912: Total time for which application threads were stopped: 0.0007740 seconds, Stopping threads took: 0.0000620 seconds
76.042: Application time: 0.1297990 seconds
76.042: [GC [PSYoungGen: 23808K->224K(24064K)] 75937K->52425K(107008K), 0.0004850 secs] [Times: user=0.00 sys=0.00, real=0.00 secs] 
76.042: Total time for which application threads were stopped: 0.0006320 seconds, Stopping threads took: 0.0000760 seconds
76.171: Application time: 0.1293000 seconds
76.172: [GC [PSYoungGen: 23776K->224K(24064K)] 75977K->52449K(107008K), 0.0005240 secs] [Times: user=0.01 sys=0.00, real=0.00 secs] 
76.172: Total time for which application threads were stopped: 0.0006560 seconds, Stopping threads took: 0.0000650 seconds
76.302: Application time: 0.1298880 seconds
76.302: [GC [PSYoungGen: 23776K->256K(24064K)] 76001K->52625K(107008K), 0.0005090 secs] [Times: user=0.00 sys=0.00, real=0.00 secs] 
76.303: Total time for which application threads were stopped: 0.0006440 seconds, Stopping threads took: 0.0000640 seconds
76.432: Application time: 0.1295640 seconds
76.432: [GC [PSYoungGen: 23808K->272K(24064K)] 76177K->52665K(107008K), 0.0004920 secs] [Times: user=0.00 sys=0.00, real=0.00 secs] 
76.433: Total time for which application threads were stopped: 0.0006250 seconds, Stopping threads took: 0.0000580 seconds
76.560: Application time: 0.1267990 seconds
76.560: [GC [PSYoungGen: 23824K->432K(24064K)] 76217K->52897K(107008K), 0.0005850 secs] [Times: user=0.00 sys=0.00, real=0.00 secs] 
76.560: Total time for which application threads were stopped: 0.0007390 seconds, Stopping threads took: 0.0000810 seconds
76.690: Application time: 0.1298320 seconds
76.690: [GC [PSYoungGen: 23984K->256K(24064K)] 76449K->53029K(107008K), 0.0005480 secs] [Times: user=0.00 sys=0.00, real=0.00 secs] 
76.691: Total time for which application threads were stopped: 0.0006840 seconds, Stopping threads took: 0.0000630 seconds
76.822: Application time: 0.1309840 seconds
76.822: [GC [PSYoungGen: 23808K->256K(24064K)] 76581K->53109K(107008K), 0.0004710 secs] [Times: user=0.00 sys=0.00, real=0.00 secs] 
76.823: Total time for which application threads were stopped: 0.0005980 seconds, Stopping threads took: 0.0000590 seconds
76.952: Application time: 0.1295040 seconds
76.952: [GC [PSYoungGen: 23808K->256K(24064K)] 76661K->53133K(107008K), 0.0004850 secs] [Times: user=0.00 sys=0.00, real=0.00 secs] 
76.953: Total time for which application threads were stopped: 0.0006290 seconds, Stopping threads took: 0.0000620 seconds
77.083: Application time: 0.1304840 seconds
77.083: [GC [PSYoungGen: 23808K->256K(24064K)] 76685K->53277K(107008K), 0.0005030 secs] [Times: user=0.00 sys=0.00, real=0.00 secs] 
77.084: Total time for which application threads were stopped: 0.0006720 seconds, Stopping threads took: 0.0000960 seconds
77.213: Application time: 0.1289530 seconds
77.213: [GC [PSYoungGen: 23808K->240K(24064K)] 76829K->53285K(107008K), 0.0005220 secs] [Times: user=0.00 sys=0.00, real=0.00 secs] 
77.213: Total time for which application threads were stopped: 0.0006560 seconds, Stopping threads took: 0.0000620 seconds
77.342: Application time: 0.1281720 seconds
77.342: [GC [PSYoungGen: 23792K->416K(24064K)] 76837K->53590K(107008K), 0.0005640 secs] [Times: user=0.00 sys=0.00, real=0.00 secs] 
77.342: Total time for which application threads were stopped: 0.0006990 seconds, Stopping threads took: 0.0000610 seconds
77.472: Application time: 0.1294490 seconds
77.472: [GC [PSYoungGen: 23968K->288K(24064K)] 77142K->53722K(107008K), 0.0005600 secs] [Times: user=0.00 sys=0.00, real=0.00 secs] 
77.473: Total time for which application threads were stopped: 0.0007730 seconds, Stopping threads took: 0.0001270 seconds
77.602: Application time: 0.1297750 seconds
77.602: [GC [PSYoungGen: 23840K->128K(24064K)] 77274K->53626K(107008K), 0.0005830 secs] [Times: user=0.00 sys=0.00, real=0.00 secs] 
77.603: Total time for which application threads were stopped: 0.0007080 seconds, Stopping threads took: 0.0000600 seconds
77.733: Application time: 0.1296140 seconds
77.733: [GC [PSYoungGen: 23680K->240K(24064K)] 77178K->53786K(107008K), 0.0005140 secs] [Times: user=0.00 sys=0.00, real=0.00 secs] 
77.733: Total time for which application threads were stopped: 0.0006410 seconds, Stopping threads took: 0.0000630 seconds
77.864: Application time: 0.1306070 seconds
77.864: [GC [PSYoungGen: 23792K->256K(24064K)] 77338K->53922K(107008K), 0.0005150 secs] [Times: user=0.01 sys=0.00, real=0.00 secs] 
77.865: Total time for which application threads were stopped: 0.0006540 seconds, Stopping threads took: 0.0000620 seconds
77.994: Application time: 0.1292840 seconds
77.994: [GC [PSYoungGen: 23808K->256K(24064K)] 77474K->53946K(107008K), 0.0004990 secs] [Times: user=0.00 sys=0.00, real=0.00 secs] 
77.994: Total time for which application threads were stopped: 0.0006370 seconds, Stopping threads took: 0.0000520 seconds
78.122: Application time: 0.1278170 seconds
78.122: [GC [PSYoungGen: 23808K->368K(24064K)] 77498K->54178K(107008K), 0.0005540 secs] [Times: user=0.00 sys=0.00, real=0.00 secs] 
78.123: Total time for which application threads were stopped: 0.0006760 seconds, Stopping threads took: 0.0000490 seconds
78.252: Application time: 0.1294740 seconds
78.253: [GC [PSYoungGen: 23920K->256K(24064K)] 77730K->54322K(107008K), 0.0005390 secs] [Times: user=0.00 sys=0.00, real=0.00 secs] 
78.253: Total time for which application threads were stopped: 0.0006760 seconds, Stopping threads took: 0.0000650 seconds
78.383: Application time: 0.1301460 seconds
78.383: [GC [PSYoungGen: 23808K->256K(24064K)] 77874K->54394K(107008K), 0.0004680 secs] [Times: user=0.01 sys=0.00, real=0.00 secs] 
78.384: Total time for which application threads were stopped: 0.0005990 seconds, Stopping threads took: 0.0000680 seconds
78.514: Application time: 0.1301330 seconds
78.514: [GC [PSYoungGen: 23808K->256K(24064K)] 77946K->54442K(107008K), 0.0005200 secs] [Times: user=0.00 sys=0.00, real=0.00 secs] 
78.515: Total time for which application threads were stopped: 0.0006620 seconds, Stopping threads took: 0.0000610 seconds
78.644: Application time: 0.1297110 seconds
78.644: [GC [PSYoungGen: 23808K->192K(24064K)] 77994K->54490K(107008K), 0.0005260 secs] [Times: user=0.00 sys=0.00, real=0.00 secs] 
78.645: Total time for which application threads were stopped: 0.0006570 seconds, Stopping threads took: 0.0000580 seconds
78.774: Application time: 0.1294030 seconds
78.776: [GC [PSYoungGen: 23744K->256K(24064K)] 78042K->54578K(107008K), 0.0005040 secs] [Times: user=0.00 sys=0.00, real=0.00 secs] 
78.776: Total time for which application threads were stopped: 0.0016350 seconds, Stopping threads took: 0.0010520 seconds
78.903: Application time: 0.1272890 seconds
78.903: [GC [PSYoungGen: 23808K->368K(24064K)] 78130K->54823K(107008K), 0.0005700 secs] [Times: user=0.00 sys=0.00, real=0.00 secs] 
78.904: Total time for which application threads were stopped: 0.0007200 seconds, Stopping threads took: 0.0000750 seconds
79.034: Application time: 0.1297210 seconds
79.034: [GC [PSYoungGen: 23920K->256K(24064K)] 78375K->54967K(107008K), 0.0005600 secs] [Times: user=0.00 sys=0.00, real=0.00 secs] 
79.035: Total time for which application threads were stopped: 0.0007140 seconds, Stopping threads took: 0.0000720 seconds
79.164: Application time: 0.1295610 seconds
79.164: [GC [PSYoungGen: 23808K->256K(24064K)] 78519K->55043K(107008K), 0.0004870 secs] [Times: user=0.00 sys=0.00, real=0.00 secs] 
79.165: Total time for which application threads were stopped: 0.0006170 seconds, Stopping threads took: 0.0000610 seconds
79.294: Application time: 0.1296580 seconds
79.294: [GC [PSYoungGen: 23808K->256K(24064K)] 78595K->55091K(107008K), 0.0005130 secs] [Times: user=0.00 sys=0.00, real=0.00 secs] 
79.295: Total time for which application threads were stopped: 0.0006460 seconds, Stopping threads took: 0.0000610 seconds
79.425: Application time: 0.1300800 seconds
79.430: [GC [PSYoungGen: 23808K->256K(24064K)] 78643K->55211K(107008K), 0.0005790 secs] [Times: user=0.00 sys=0.00, real=0.00 secs] 
79.430: Total time for which application threads were stopped: 0.0052540 seconds, Stopping threads took: 0.0045860 seconds
79.560: Application time: 0.1296140 seconds
79.560: [GC [PSYoungGen: 23808K->272K(24064K)] 78763K->55251K(107008K), 0.0004970 secs] [Times: user=0.00 sys=0.00, real=0.00 secs] 
79.561: Total time for which application threads were stopped: 0.0006590 seconds, Stopping threads took: 0.0000730 seconds
79.688: Application time: 0.1275990 seconds
79.688: [GC [PSYoungGen: 23824K->352K(24064K)] 78803K->55443K(107008K), 0.0005620 secs] [Times: user=0.01 sys=0.00, real=0.00 secs] 
79.689: Total time for which application threads were stopped: 0.0006990 seconds, Stopping threads took: 0.0000640 seconds
79.819: Application time: 0.1298630 seconds
79.819: [GC [PSYoungGen: 23904K->224K(24064K)] 78995K->55563K(107008K), 0.0006040 secs] [Times: user=0.01 sys=0.00, real=0.00 secs] 
79.820: Total time for which application threads were stopped: 0.0007270 seconds, Stopping threads took: 0.0000500 seconds
79.949: Application time: 0.1298330 seconds
79.949: [GC [PSYoungGen: 23776K->256K(24064K)] 79115K->55667K(107008K), 0.0005190 secs] [Times: user=0.01 sys=0.00, real=0.00 secs] 
79.950: Total time for which application threads were stopped: 0.0006470 seconds, Stopping threads took: 0.0000620 seconds
80.080: Application time: 0.1298340 seconds
80.080: [GC [PSYoungGen: 23808K->256K(24064K)] 79219K->55715K(107008K), 0.0005180 secs] [Times: user=0.00 sys=0.00, real=0.00 secs] 
80.080: Total time for which application threads were stopped: 0.0006650 seconds, Stopping threads took: 0.0000670 seconds
80.210: Application time: 0.1297700 seconds
80.210: [GC [PSYoungGen: 23808K->256K(24064K)] 79267K->55859K(107008K), 0.0005900 secs] [Times: user=0.00 sys=0.00, real=0.00 secs] 
80.211: Total time for which application threads were stopped: 0.0007200 seconds, Stopping threads took: 0.0000580 seconds
80.340: Application time: 0.1291270 seconds
80.340: [GC [PSYoungGen: 23808K->272K(24064K)] 79411K->55875K(107008K), 0.0004910 secs] [Times: user=0.00 sys=0.00, real=0.00 secs] 
80.341: Total time for which application threads were stopped: 0.0006080 seconds, Stopping threads took: 0.0000480 seconds
80.468: Application time: 0.1269630 seconds
80.468: [GC [PSYoungGen: 23824K->432K(24064K)] 79427K->56156K(107008K), 0.0006140 secs] [Times: user=0.00 sys=0.00, real=0.00 secs] 
80.468: Total time for which application threads were stopped: 0.0007510 seconds, Stopping threads took: 0.0000530 seconds
80.599: Application time: 0.1301940 seconds
80.599: [GC [PSYoungGen: 23984K->256K(24064K)] 79708K->56292K(107008K), 0.0005400 secs] [Times: user=0.00 sys=0.00, real=0.00 secs] 
80.599: Total time for which application threads were stopped: 0.0006930 seconds, Stopping threads took: 0.0000640 seconds
80.729: Application time: 0.1297210 seconds
80.729: [GC [PSYoungGen: 23808K->256K(24064K)] 79844K->56292K(107008K), 0.0004820 secs] [Times: user=0.00 sys=0.00, real=0.00 secs] 
80.730: Total time for which application threads were stopped: 0.0006140 seconds, Stopping threads took: 0.0000580 seconds
80.860: Application time: 0.1304010 seconds
80.860: [GC [PSYoungGen: 23808K->256K(24064K)] 79844K->56340K(107008K), 0.0005230 secs] [Times: user=0.01 sys=0.00, real=0.00 secs] 
80.861: Total time for which application threads were stopped: 0.0006530 seconds, Stopping threads took: 0.0000570 seconds
80.991: Application time: 0.1298580 seconds
80.991: [GC [PSYoungGen: 23808K->256K(24064K)] 79892K->56484K(107008K), 0.0005440 secs] [Times: user=0.00 sys=0.00, real=0.00 secs] 
80.991: Total time for which application threads were stopped: 0.0006840 seconds, Stopping threads took: 0.0000680 seconds
81.120: Application time: 0.1290240 seconds
81.120: [GC [PSYoungGen: 23808K->288K(24064K)] 80036K->56516K(107008K), 0.0004890 secs] [Times: user=0.00 sys=0.00, real=0.00 secs] 
81.121: Total time for which application threads were stopped: 0.0006330 seconds, Stopping threads took: 0.0000630 seconds
81.247: Application time: 0.1262270 seconds
81.247: [GC [PSYoungGen: 23840K->400K(24064K)] 80068K->56740K(107008K), 0.0005750 secs] [Times: user=0.00 sys=0.00, real=0.00 secs] 
81.248: Total time for which application threads were stopped: 0.0007060 seconds, Stopping threads took: 0.0000580 seconds
81.378: Application time: 0.1302040 seconds
81.378: [GC [PSYoungGen: 23952K->256K(24064K)] 80292K->56904K(107008K), 0.0005500 secs] [Times: user=0.00 sys=0.00, real=0.00 secs] 
81.379: Total time for which application threads were stopped: 0.0006840 seconds, Stopping threads took: 0.0000610 seconds
81.508: Application time: 0.1291210 seconds
81.508: [GC [PSYoungGen: 23808K->160K(24064K)] 80456K->56808K(107008K), 0.0005190 secs] [Times: user=0.00 sys=0.00, real=0.00 secs] 
81.509: Total time for which application threads were stopped: 0.0006520 seconds, Stopping threads took: 0.0000630 seconds
81.639: Application time: 0.1299930 seconds
81.639: [GC [PSYoungGen: 23712K->208K(24064K)] 80360K->56904K(107008K), 0.0006050 secs] [Times: user=0.00 sys=0.00, real=0.00 secs] 
81.639: Total time for which application threads were stopped: 0.0007470 seconds, Stopping threads took: 0.0000630 seconds
81.769: Application time: 0.1299660 seconds
81.769: [GC [PSYoungGen: 23760K->256K(24064K)] 80456K->57097K(107008K), 0.0005140 secs] [Times: user=0.00 sys=0.00, real=0.00 secs] 
81.770: Total time for which application threads were stopped: 0.0006450 seconds, Stopping threads took: 0.0000580 seconds
81.899: Application time: 0.1289690 seconds
81.899: [GC [PSYoungGen: 23808K->240K(24064K)] 80649K->57081K(107008K), 0.0005800 secs] [Times: user=0.01 sys=0.00, real=0.00 secs] 
81.900: Total time for which application threads were stopped: 0.0007020 seconds, Stopping threads took: 0.0000500 seconds
82.027: Application time: 0.1274520 seconds
82.027: [GC [PSYoungGen: 23792K->384K(24064K)] 80633K->57373K(107008K), 0.0006500 secs] [Times: user=0.01 sys=0.00, real=0.00 secs] 
82.028: Total time for which application threads were stopped: 0.0007860 seconds, Stopping threads took: 0.0000610 seconds
82.158: Application time: 0.1305780 seconds
82.158: [GC [PSYoungGen: 23936K->256K(24064K)] 80925K->57517K(107008K), 0.0005480 secs] [Times: user=0.00 sys=0.00, real=0.00 secs] 
82.159: Total time for which application threads were stopped: 0.0006870 seconds, Stopping threads took: 0.0000530 seconds
82.290: Application time: 0.1304520 seconds
82.290: [GC [PSYoungGen: 23808K->192K(24064K)] 81069K->57453K(107008K), 0.0005580 secs] [Times: user=0.00 sys=0.00, real=0.00 secs] 
82.290: Total time for which application threads were stopped: 0.0007070 seconds, Stopping threads took: 0.0000730 seconds
82.420: Application time: 0.1298200 seconds
82.420: [GC [PSYoungGen: 23744K->256K(24064K)] 81005K->57589K(107008K), 0.0005500 secs] [Times: user=0.00 sys=0.00, real=0.00 secs] 
82.421: Total time for which application threads were stopped: 0.0006770 seconds, Stopping threads took: 0.0000550 seconds
82.551: Application time: 0.1304260 seconds
82.551: [GC [PSYoungGen: 23808K->192K(24064K)] 81141K->57637K(107008K), 0.0005260 secs] [Times: user=0.00 sys=0.00, real=0.00 secs] 
82.552: Total time for which application threads were stopped: 0.0006630 seconds, Stopping threads took: 0.0000620 seconds
82.680: Application time: 0.1279730 seconds
82.680: [GC [PSYoungGen: 23744K->256K(24064K)] 81189K->57701K(107008K), 0.0005140 secs] [Times: user=0.01 sys=0.00, real=0.00 secs] 
82.680: Total time for which application threads were stopped: 0.0006640 seconds, Stopping threads took: 0.0000660 seconds
82.808: Application time: 0.1280320 seconds
82.809: [GC [PSYoungGen: 23808K->384K(24064K)] 81253K->57997K(107008K), 0.0005980 secs] [Times: user=0.00 sys=0.00, real=0.00 secs] 
82.809: Total time for which application threads were stopped: 0.0007440 seconds, Stopping threads took: 0.0000770 seconds
82.939: Application time: 0.1299940 seconds
82.939: [GC [PSYoungGen: 23936K->192K(24064K)] 81549K->58057K(107008K), 0.0006240 secs] [Times: user=0.01 sys=0.00, real=0.00 secs] 
82.940: Total time for which application threads were stopped: 0.0007710 seconds, Stopping threads took: 0.0000720 seconds
83.070: Application time: 0.1302930 seconds
83.070: [GC [PSYoungGen: 23744K->256K(24064K)] 81609K->58121K(107008K), 0.0004830 secs] [Times: user=0.00 sys=0.00, real=0.00 secs] 
83.071: Total time for which application threads were stopped: 0.0006260 seconds, Stopping threads took: 0.0000710 seconds
83.200: Application time: 0.1295500 seconds
83.201: [GC [PSYoungGen: 23808K->240K(24064K)] 81673K->58177K(107008K), 0.0005510 secs] [Times: user=0.00 sys=0.00, real=0.00 secs] 
83.201: Total time for which application threads were stopped: 0.0006890 seconds, Stopping threads took: 0.0000610 seconds
83.332: Application time: 0.1309460 seconds
83.332: [GC [PSYoungGen: 23792K->256K(24064K)] 81729K->58314K(107008K), 0.0004910 secs] [Times: user=0.00 sys=0.00, real=0.00 secs] 
83.333: Total time for which application threads were stopped: 0.0006270 seconds, Stopping threads took: 0.0000650 seconds
83.461: Application time: 0.1284690 seconds
83.461: [GC [PSYoungGen: 23808K->304K(24064K)] 81866K->58362K(107008K), 0.0005550 secs] [Times: user=0.00 sys=0.00, real=0.00 secs] 
83.462: Total time for which application threads were stopped: 0.0006990 seconds, Stopping threads took: 0.0000630 seconds
83.590: Application time: 0.1282300 seconds
83.590: [GC [PSYoungGen: 23856K->416K(24064K)] 81914K->58642K(107008K), 0.0005910 secs] [Times: user=0.01 sys=0.00, real=0.00 secs] 
83.591: Total time for which application threads were stopped: 0.0007270 seconds, Stopping threads took: 0.0000650 seconds
83.721: Application time: 0.1304660 seconds
83.721: [GC [PSYoungGen: 23968K->256K(24064K)] 82194K->58738K(107008K), 0.0005520 secs] [Times: user=0.00 sys=0.00, real=0.00 secs] 
83.722: Total time for which application threads were stopped: 0.0006910 seconds, Stopping threads took: 0.0000560 seconds
83.852: Application time: 0.1300310 seconds
83.852: [GC [PSYoungGen: 23808K->256K(24064K)] 82290K->58738K(107008K), 0.0005040 secs] [Times: user=0.00 sys=0.00, real=0.00 secs] 
83.853: Total time for which application threads were stopped: 0.0006360 seconds, Stopping threads took: 0.0000620 seconds
83.982: Application time: 0.1293390 seconds
83.982: [GC [PSYoungGen: 23808K->256K(24064K)] 82290K->58834K(107008K), 0.0005310 secs] [Times: user=0.00 sys=0.00, real=0.00 secs] 
83.983: Total time for which application threads were stopped: 0.0006610 seconds, Stopping threads took: 0.0000570 seconds
84.113: Application time: 0.1299720 seconds
84.113: [GC [PSYoungGen: 23808K->192K(24064K)] 82386K->58866K(107008K), 0.0005200 secs] [Times: user=0.01 sys=0.00, real=0.00 secs] 
84.113: Total time for which application threads were stopped: 0.0006540 seconds, Stopping threads took: 0.0000600 seconds
84.242: Application time: 0.1281630 seconds
84.242: [GC [PSYoungGen: 23744K->304K(24064K)] 82418K->58978K(107008K), 0.0005300 secs] [Times: user=0.00 sys=0.00, real=0.00 secs] 
84.242: Total time for which application threads were stopped: 0.0006790 seconds, Stopping threads took: 0.0000660 seconds
84.369: Application time: 0.1272800 seconds
84.370: [GC [PSYoungGen: 23856K->320K(24064K)] 82530K->59202K(107008K), 0.0005720 secs] [Times: user=0.00 sys=0.00, real=0.00 secs] 
84.370: Total time for which application threads were stopped: 0.0007150 seconds, Stopping threads took: 0.0000630 seconds
84.501: Application time: 0.1303120 seconds
84.501: [GC [PSYoungGen: 23872K->192K(24064K)] 82754K->59274K(107008K), 0.0005700 secs] [Times: user=0.00 sys=0.00, real=0.00 secs] 
84.501: Total time for which application threads were stopped: 0.0007090 seconds, Stopping threads took: 0.0000660 seconds
84.631: Application time: 0.1294980 seconds
84.631: [GC [PSYoungGen: 23744K->144K(24064K)] 82826K->59226K(107008K), 0.0005350 secs] [Times: user=0.00 sys=0.00, real=0.00 secs] 
84.632: Total time for which application threads were stopped: 0.0016530 seconds, Stopping threads took: 0.0000720 seconds
84.762: Application time: 0.1296730 seconds
84.762: [GC [PSYoungGen: 23696K->256K(24064K)] 82778K->59434K(107008K), 0.0005770 secs] [Times: user=0.00 sys=0.00, real=0.00 secs] 
84.763: Total time for which application threads were stopped: 0.0007220 seconds, Stopping threads took: 0.0000580 seconds
84.894: Application time: 0.1308150 seconds
84.894: [GC [PSYoungGen: 23808K->256K(24064K)] 82986K->59531K(107008K), 0.0005170 secs] [Times: user=0.00 sys=0.00, real=0.00 secs] 
84.894: Total time for which application threads were stopped: 0.0006540 seconds, Stopping threads took: 0.0000650 seconds
85.022: Application time: 0.1277660 seconds
85.022: [GC [PSYoungGen: 23808K->368K(24064K)] 83083K->59643K(107008K), 0.0005410 secs] [Times: user=0.00 sys=0.00, real=0.00 secs] 
85.023: Total time for which application threads were stopped: 0.0006660 seconds, Stopping threads took: 0.0000560 seconds
85.151: Application time: 0.1281710 seconds
85.151: [GC [PSYoungGen: 23920K->272K(24064K)] 83195K->59787K(107008K), 0.0006200 secs] [Times: user=0.01 sys=0.00, real=0.00 secs] 
85.152: Total time for which application threads were stopped: 0.0007530 seconds, Stopping threads took: 0.0000590 seconds
85.282: Application time: 0.1302690 seconds
85.282: [GC [PSYoungGen: 23824K->256K(24064K)] 83339K->59963K(107008K), 0.0005430 secs] [Times: user=0.00 sys=0.00, real=0.00 secs] 
85.283: Total time for which application threads were stopped: 0.0006880 seconds, Stopping threads took: 0.0000590 seconds
85.413: Application time: 0.1300320 seconds
85.413: [GC [PSYoungGen: 23808K->256K(24064K)] 83515K->59963K(107008K), 0.0004940 secs] [Times: user=0.00 sys=0.00, real=0.00 secs] 
85.413: Total time for which application threads were stopped: 0.0006150 seconds, Stopping threads took: 0.0000510 seconds
85.543: Application time: 0.1297830 seconds
85.543: [GC [PSYoungGen: 23808K->256K(24064K)] 83515K->60067K(107008K), 0.0005310 secs] [Times: user=0.00 sys=0.00, real=0.00 secs] 
85.544: Total time for which application threads were stopped: 0.0006580 seconds, Stopping threads took: 0.0000530 seconds
85.674: Application time: 0.1303370 seconds
85.674: [GC [PSYoungGen: 23808K->256K(24064K)] 83619K->60139K(107008K), 0.0004950 secs] [Times: user=0.00 sys=0.00, real=0.00 secs] 
85.675: Total time for which application threads were stopped: 0.0006340 seconds, Stopping threads took: 0.0000690 seconds
85.803: Application time: 0.1278850 seconds
85.803: [GC [PSYoungGen: 23808K->352K(24064K)] 83691K->60235K(107008K), 0.0005260 secs] [Times: user=0.00 sys=0.00, real=0.00 secs] 
85.803: Total time for which application threads were stopped: 0.0006660 seconds, Stopping threads took: 0.0000620 seconds
85.934: Application time: 0.1311700 seconds
85.934: [GC [PSYoungGen: 23904K->256K(24064K)] 83787K->60403K(107008K), 0.0005740 secs] [Times: user=0.00 sys=0.00, real=0.00 secs] 
85.935: Total time for which application threads were stopped: 0.0007020 seconds, Stopping threads took: 0.0000520 seconds
86.066: Application time: 0.1313690 seconds
86.067: [GC [PSYoungGen: 23808K->256K(24064K)] 83955K->60555K(107008K), 0.0005360 secs] [Times: user=0.00 sys=0.00, real=0.00 secs] 
86.067: Total time for which application threads were stopped: 0.0006670 seconds, Stopping threads took: 0.0000570 seconds
86.197: Application time: 0.1296920 seconds
86.197: [GC [PSYoungGen: 23808K->256K(24064K)] 84107K->60555K(107008K), 0.0004960 secs] [Times: user=0.00 sys=0.00, real=0.00 secs] 
86.197: Total time for which application threads were stopped: 0.0006320 seconds, Stopping threads took: 0.0000600 seconds
86.327: Application time: 0.1296220 seconds
86.327: [GC [PSYoungGen: 23808K->256K(24064K)] 84107K->60676K(107008K), 0.0005250 secs] [Times: user=0.01 sys=0.00, real=0.00 secs] 
86.328: Total time for which application threads were stopped: 0.0006600 seconds, Stopping threads took: 0.0000530 seconds
86.458: Application time: 0.1306550 seconds
86.462: [GC [PSYoungGen: 23808K->256K(24064K)] 84228K->60748K(107008K), 0.0005050 secs] [Times: user=0.00 sys=0.00, real=0.00 secs] 
86.462: Total time for which application threads were stopped: 0.0038160 seconds, Stopping threads took: 0.0032390 seconds
86.589: Application time: 0.1272290 seconds
86.590: [GC [PSYoungGen: 23808K->336K(24064K)] 84300K->60828K(107008K), 0.0005900 secs] [Times: user=0.00 sys=0.00, real=0.00 secs] 
86.590: Total time for which application threads were stopped: 0.0007280 seconds, Stopping threads took: 0.0000640 seconds
86.724: Application time: 0.1341210 seconds
86.724: [GC [PSYoungGen: 23888K->128K(24064K)] 84380K->60860K(107008K), 0.0007130 secs] [Times: user=0.00 sys=0.00, real=0.00 secs] 
86.725: Total time for which application threads were stopped: 0.0008480 seconds, Stopping threads took: 0.0000640 seconds
86.857: Application time: 0.1320870 seconds
86.857: [GC [PSYoungGen: 23680K->256K(24064K)] 84412K->61116K(107008K), 0.0005400 secs] [Times: user=0.00 sys=0.00, real=0.01 secs] 
86.858: Total time for which application threads were stopped: 0.0007060 seconds, Stopping threads took: 0.0000760 seconds
86.988: Application time: 0.1296020 seconds
86.988: [GC [PSYoungGen: 23808K->256K(24064K)] 84668K->61172K(107008K), 0.0005080 secs] [Times: user=0.00 sys=0.00, real=0.00 secs] 
86.988: Total time for which application threads were stopped: 0.0006520 seconds, Stopping threads took: 0.0000620 seconds
87.118: Application time: 0.1299480 seconds
87.118: [GC [PSYoungGen: 23808K->256K(24064K)] 84724K->61292K(107008K), 0.0005390 secs] [Times: user=0.00 sys=0.00, real=0.00 secs] 
87.119: Total time for which application threads were stopped: 0.0006680 seconds, Stopping threads took: 0.0000570 seconds
87.249: Application time: 0.1301410 seconds
87.249: [GC [PSYoungGen: 23808K->256K(24064K)] 84844K->61340K(107008K), 0.0004960 secs] [Times: user=0.00 sys=0.00, real=0.00 secs] 
87.250: Total time for which application threads were stopped: 0.0006240 seconds, Stopping threads took: 0.0000540 seconds
87.378: Application time: 0.1286310 seconds
87.382: [GC [PSYoungGen: 23808K->352K(24064K)] 84892K->61460K(107008K), 0.0005310 secs] [Times: user=0.01 sys=0.00, real=0.00 secs] 
87.382: Total time for which application threads were stopped: 0.0040230 seconds, Stopping threads took: 0.0034150 seconds
87.511: Application time: 0.1287130 seconds
87.511: [GC [PSYoungGen: 23904K->288K(24064K)] 85012K->61660K(107008K), 0.0005740 secs] [Times: user=0.01 sys=0.00, real=0.00 secs] 
87.512: Total time for which application threads were stopped: 0.0007050 seconds, Stopping threads took: 0.0000540 seconds
87.641: Application time: 0.1294340 seconds
87.641: [GC [PSYoungGen: 23840K->288K(24064K)] 85212K->61788K(107008K), 0.0005280 secs] [Times: user=0.00 sys=0.00, real=0.00 secs] 
87.642: Total time for which application threads were stopped: 0.0006680 seconds, Stopping threads took: 0.0000660 seconds
87.771: Application time: 0.1292050 seconds
87.771: [GC [PSYoungGen: 23840K->256K(24064K)] 85340K->61836K(107008K), 0.0005120 secs] [Times: user=0.00 sys=0.00, real=0.00 secs] 
87.772: Total time for which application threads were stopped: 0.0006470 seconds, Stopping threads took: 0.0000610 seconds
87.902: Application time: 0.1305100 seconds
87.902: [GC [PSYoungGen: 23808K->256K(24064K)] 85388K->61957K(107008K), 0.0005410 secs] [Times: user=0.00 sys=0.00, real=0.00 secs] 
87.903: Total time for which application threads were stopped: 0.0006900 seconds, Stopping threads took: 0.0000700 seconds
88.033: Application time: 0.1303250 seconds
88.033: [GC [PSYoungGen: 23808K->256K(24064K)] 85509K->62029K(107008K), 0.0005060 secs] [Times: user=0.00 sys=0.00, real=0.00 secs] 
88.034: Total time for which application threads were stopped: 0.0006490 seconds, Stopping threads took: 0.0000710 seconds
88.162: Application time: 0.1278090 seconds
88.162: [GC [PSYoungGen: 23808K->320K(24064K)] 85581K->62093K(107008K), 0.0005480 secs] [Times: user=0.00 sys=0.00, real=0.00 secs] 
88.162: Total time for which application threads were stopped: 0.0006800 seconds, Stopping threads took: 0.0000620 seconds
88.291: Application time: 0.1285970 seconds
88.291: [GC [PSYoungGen: 23872K->272K(24064K)] 85645K->62301K(107008K), 0.0005890 secs] [Times: user=0.00 sys=0.00, real=0.00 secs] 
88.292: Total time for which application threads were stopped: 0.0007190 seconds, Stopping threads took: 0.0000590 seconds
88.422: Application time: 0.1303960 seconds
88.422: [GC [PSYoungGen: 23824K->192K(24064K)] 85853K->62393K(107008K), 0.0005910 secs] [Times: user=0.00 sys=0.00, real=0.00 secs] 
88.423: Total time for which application threads were stopped: 0.0007290 seconds, Stopping threads took: 0.0000520 seconds
88.552: Application time: 0.1295840 seconds
88.552: [GC [PSYoungGen: 23744K->256K(24064K)] 85945K->62457K(107008K), 0.0005200 secs] [Times: user=0.00 sys=0.00, real=0.00 secs] 
88.553: Total time for which application threads were stopped: 0.0006610 seconds, Stopping threads took: 0.0000670 seconds
88.682: Application time: 0.1295040 seconds
88.683: [GC [PSYoungGen: 23808K->160K(24064K)] 86009K->62465K(107008K), 0.0005720 secs] [Times: user=0.00 sys=0.00, real=0.00 secs] 
88.683: Total time for which application threads were stopped: 0.0007000 seconds, Stopping threads took: 0.0000550 seconds
88.814: Application time: 0.1306640 seconds
88.814: [GC [PSYoungGen: 23712K->256K(24064K)] 86017K->62633K(107008K), 0.0004940 secs] [Times: user=0.01 sys=0.00, real=0.00 secs] 
88.814: Total time for which application threads were stopped: 0.0006410 seconds, Stopping threads took: 0.0000670 seconds
88.942: Application time: 0.1279540 seconds
88.943: [GC [PSYoungGen: 23808K->352K(24064K)] 86185K->62729K(107008K), 0.0005370 secs] [Times: user=0.01 sys=0.00, real=0.00 secs] 
88.943: Total time for which application threads were stopped: 0.0006690 seconds, Stopping threads took: 0.0000490 seconds
89.071: Application time: 0.1283720 seconds
89.072: [GC [PSYoungGen: 23904K->320K(24064K)] 86281K->62957K(107008K), 0.0006030 secs] [Times: user=0.01 sys=0.00, real=0.00 secs] 
89.072: Total time for which application threads were stopped: 0.0007310 seconds, Stopping threads took: 0.0000540 seconds
89.202: Application time: 0.1297470 seconds
89.202: [GC [PSYoungGen: 23872K->256K(24064K)] 86509K->63066K(107008K), 0.0005220 secs] [Times: user=0.01 sys=0.00, real=0.00 secs] 
89.203: Total time for which application threads were stopped: 0.0007310 seconds, Stopping threads took: 0.0001340 seconds
89.332: Application time: 0.1296550 seconds
89.332: [GC [PSYoungGen: 23808K->256K(24064K)] 86618K->63066K(107008K), 0.0005340 secs] [Times: user=0.01 sys=0.00, real=0.00 secs] 
89.333: Total time for which application threads were stopped: 0.0006880 seconds, Stopping threads took: 0.0000800 seconds
89.463: Application time: 0.1297410 seconds
89.463: [GC [PSYoungGen: 23808K->256K(24064K)] 86618K->63186K(107008K), 0.0005330 secs] [Times: user=0.00 sys=0.00, real=0.00 secs] 
89.463: Total time for which application threads were stopped: 0.0006740 seconds, Stopping threads took: 0.0000590 seconds
89.594: Application time: 0.1304110 seconds
89.594: [GC [PSYoungGen: 23808K->128K(24064K)] 86738K->63130K(107008K), 0.0005920 secs] [Times: user=0.00 sys=0.00, real=0.00 secs] 
89.595: Total time for which application threads were stopped: 0.0007180 seconds, Stopping threads took: 0.0000540 seconds
89.722: Application time: 0.1275120 seconds
89.722: [GC [PSYoungGen: 23680K->304K(24064K)] 86682K->63306K(107008K), 0.0006310 secs] [Times: user=0.00 sys=0.00, real=0.00 secs] 
89.724: Total time for which application threads were stopped: 0.0018270 seconds, Stopping threads took: 0.0000680 seconds
89.852: Application time: 0.1284330 seconds
89.853: [GC [PSYoungGen: 23856K->256K(24064K)] 86858K->63522K(107008K), 0.0006170 secs] [Times: user=0.01 sys=0.00, real=0.00 secs] 
89.853: Total time for which application threads were stopped: 0.0007960 seconds, Stopping threads took: 0.0001010 seconds
89.984: Application time: 0.1305850 seconds
89.984: [GC [PSYoungGen: 23808K->256K(24064K)] 87074K->63702K(107008K), 0.0005370 secs] [Times: user=0.00 sys=0.00, real=0.00 secs] 
89.984: Total time for which application threads were stopped: 0.0006870 seconds, Stopping threads took: 0.0000650 seconds
90.114: Application time: 0.1296700 seconds
90.114: [GC [PSYoungGen: 23808K->256K(24064K)] 87254K->63702K(107008K), 0.0005800 secs] [Times: user=0.00 sys=0.00, real=0.00 secs] 
90.115: Total time for which application threads were stopped: 0.0007130 seconds, Stopping threads took: 0.0000610 seconds
90.245: Application time: 0.1303310 seconds
90.245: [GC [PSYoungGen: 23808K->272K(24064K)] 87254K->63830K(107008K), 0.0005430 secs] [Times: user=0.00 sys=0.00, real=0.01 secs] 
90.246: Total time for which application threads were stopped: 0.0006750 seconds, Stopping threads took: 0.0000610 seconds
90.376: Application time: 0.1299020 seconds
90.376: [GC [PSYoungGen: 23824K->256K(24064K)] 87382K->63886K(107008K), 0.0005100 secs] [Times: user=0.00 sys=0.00, real=0.00 secs] 
90.376: Total time for which application threads were stopped: 0.0006410 seconds, Stopping threads took: 0.0000570 seconds
90.504: Application time: 0.1279090 seconds
90.504: [GC [PSYoungGen: 23808K->400K(24064K)] 87438K->64030K(107008K), 0.0005390 secs] [Times: user=0.00 sys=0.00, real=0.00 secs] 
90.505: Total time for which application threads were stopped: 0.0006780 seconds, Stopping threads took: 0.0000580 seconds
90.633: Application time: 0.1282700 seconds
90.633: [GC [PSYoungGen: 23952K->240K(24064K)] 87582K->64126K(107008K), 0.0006100 secs] [Times: user=0.00 sys=0.01, real=0.00 secs] 
90.634: Total time for which application threads were stopped: 0.0007600 seconds, Stopping threads took: 0.0000780 seconds
90.764: Application time: 0.1299130 seconds
90.764: [GC [PSYoungGen: 23792K->256K(24064K)] 87678K->64319K(107008K), 0.0005870 secs] [Times: user=0.00 sys=0.00, real=0.00 secs] 
90.765: Total time for which application threads were stopped: 0.0007270 seconds, Stopping threads took: 0.0000660 seconds
90.894: Application time: 0.1298480 seconds
90.895: [GC [PSYoungGen: 23808K->256K(24064K)] 87871K->64319K(107008K), 0.0005550 secs] [Times: user=0.00 sys=0.00, real=0.00 secs] 
90.895: Total time for which application threads were stopped: 0.0006750 seconds, Stopping threads took: 0.0000490 seconds
91.025: Application time: 0.1297120 seconds
91.025: [GC [PSYoungGen: 23808K->256K(24064K)] 87871K->64439K(107008K), 0.0005370 secs] [Times: user=0.00 sys=0.00, real=0.00 secs] 
91.026: Total time for which application threads were stopped: 0.0006810 seconds, Stopping threads took: 0.0000560 seconds
91.156: Application time: 0.1303650 seconds
91.156: [GC [PSYoungGen: 23808K->256K(24064K)] 87991K->64511K(107008K), 0.0005440 secs] [Times: user=0.01 sys=0.00, real=0.00 secs] 
91.157: Total time for which application threads were stopped: 0.0006800 seconds, Stopping threads took: 0.0000640 seconds
91.285: Application time: 0.1279300 seconds
91.285: [GC [PSYoungGen: 23808K->368K(24064K)] 88063K->64623K(107008K), 0.0005910 secs] [Times: user=0.00 sys=0.00, real=0.00 secs] 
91.285: Total time for which application threads were stopped: 0.0007270 seconds, Stopping threads took: 0.0000640 seconds
91.414: Application time: 0.1288870 seconds
91.414: [GC [PSYoungGen: 23920K->256K(24064K)] 88175K->64763K(107008K), 0.0006450 secs] [Times: user=0.00 sys=0.00, real=0.00 secs] 
91.415: Total time for which application threads were stopped: 0.0007720 seconds, Stopping threads took: 0.0000540 seconds
91.545: Application time: 0.1302860 seconds
91.545: [GC [PSYoungGen: 23808K->256K(24064K)] 88315K->64939K(107008K), 0.0005150 secs] [Times: user=0.00 sys=0.00, real=0.01 secs] 
91.546: Total time for which application threads were stopped: 0.0006560 seconds, Stopping threads took: 0.0000570 seconds
91.676: Application time: 0.1300070 seconds
91.676: [GC [PSYoungGen: 23808K->256K(24064K)] 88491K->64939K(107008K), 0.0005570 secs] [Times: user=0.00 sys=0.00, real=0.00 secs] 
91.677: Total time for which application threads were stopped: 0.0006850 seconds, Stopping threads took: 0.0000530 seconds
91.806: Application time: 0.1298930 seconds
91.807: [GC [PSYoungGen: 23808K->160K(24064K)] 88491K->64947K(107008K), 0.0005580 secs] [Times: user=0.00 sys=0.00, real=0.00 secs] 
91.807: Total time for which application threads were stopped: 0.0006940 seconds, Stopping threads took: 0.0000660 seconds
91.938: Application time: 0.1305100 seconds
91.942: [GC [PSYoungGen: 23712K->256K(24064K)] 88499K->65115K(107008K), 0.0005570 secs] [Times: user=0.00 sys=0.00, real=0.00 secs] 
91.942: Total time for which application threads were stopped: 0.0045550 seconds, Stopping threads took: 0.0039270 seconds
92.069: Application time: 0.1266980 seconds
92.069: [GC [PSYoungGen: 23808K->352K(24064K)] 88667K->65211K(107008K), 0.0005500 secs] [Times: user=0.00 sys=0.00, real=0.00 secs] 
92.070: Total time for which application threads were stopped: 0.0006920 seconds, Stopping threads took: 0.0000630 seconds
92.198: Application time: 0.1285690 seconds
92.198: [GC [PSYoungGen: 23904K->240K(24064K)] 88763K->65339K(107008K), 0.0006270 secs] [Times: user=0.01 sys=0.00, real=0.00 secs] 
92.199: Total time for which application threads were stopped: 0.0007720 seconds, Stopping threads took: 0.0000720 seconds
92.329: Application time: 0.1302760 seconds
92.329: [GC [PSYoungGen: 23792K->224K(24064K)] 88891K->65484K(107008K), 0.0005060 secs] [Times: user=0.00 sys=0.00, real=0.00 secs] 
92.330: Total time for which application threads were stopped: 0.0006490 seconds, Stopping threads took: 0.0000650 seconds
92.459: Application time: 0.1291860 seconds
92.459: [GC [PSYoungGen: 23776K->256K(24064K)] 89036K->65516K(107008K), 0.0005390 secs] [Times: user=0.01 sys=0.00, real=0.00 secs] 
92.460: Total time for which application threads were stopped: 0.0006750 seconds, Stopping threads took: 0.0000630 seconds
92.590: Application time: 0.1303290 seconds
92.590: [GC [PSYoungGen: 23808K->256K(24064K)] 89068K->65636K(107008K), 0.0005280 secs] [Times: user=0.00 sys=0.00, real=0.00 secs] 
92.591: Total time for which application threads were stopped: 0.0006660 seconds, Stopping threads took: 0.0000570 seconds
92.720: Application time: 0.1296830 seconds
92.721: [GC [PSYoungGen: 23808K->256K(24064K)] 89188K->65708K(107008K), 0.0005140 secs] [Times: user=0.00 sys=0.00, real=0.00 secs] 
92.721: Total time for which application threads were stopped: 0.0006480 seconds, Stopping threads took: 0.0000630 seconds
92.848: Application time: 0.1265540 seconds
92.848: [GC [PSYoungGen: 23808K->400K(24064K)] 89260K->65852K(107008K), 0.0005710 secs] [Times: user=0.00 sys=0.00, real=0.00 secs] 
92.848: Total time for which application threads were stopped: 0.0007020 seconds, Stopping threads took: 0.0000610 seconds
92.978: Application time: 0.1293610 seconds
92.978: [GC [PSYoungGen: 23952K->288K(24064K)] 89404K->66036K(107008K), 0.0005950 secs] [Times: user=0.00 sys=0.00, real=0.00 secs] 
92.978: Total time for which application threads were stopped: 0.0007450 seconds, Stopping threads took: 0.0000790 seconds
93.108: Application time: 0.1296120 seconds
93.108: [GC [PSYoungGen: 23840K->256K(24064K)] 89588K->66144K(107008K), 0.0005090 secs] [Times: user=0.00 sys=0.00, real=0.00 secs] 
93.109: Total time for which application threads were stopped: 0.0006580 seconds, Stopping threads took: 0.0000680 seconds
93.238: Application time: 0.1295020 seconds
93.238: [GC [PSYoungGen: 23808K->208K(24064K)] 89696K->66096K(107008K), 0.0005590 secs] [Times: user=0.01 sys=0.00, real=0.00 secs] 
93.239: Total time for which application threads were stopped: 0.0006840 seconds, Stopping threads took: 0.0000550 seconds
93.369: Application time: 0.1299140 seconds
93.370: [GC [PSYoungGen: 23760K->256K(24064K)] 89648K->66288K(107008K), 0.0005600 secs] [Times: user=0.00 sys=0.00, real=0.00 secs] 
93.370: Total time for which application threads were stopped: 0.0013900 seconds, Stopping threads took: 0.0007620 seconds
93.501: Application time: 0.1305110 seconds
93.501: [GC [PSYoungGen: 23808K->160K(24064K)] 89840K->66240K(107008K), 0.0005180 secs] [Times: user=0.00 sys=0.00, real=0.00 secs] 
93.501: Total time for which application threads were stopped: 0.0006460 seconds, Stopping threads took: 0.0000540 seconds
93.628: Application time: 0.1262570 seconds
93.628: [GC [PSYoungGen: 23712K->416K(24064K)] 89792K->66496K(107008K), 0.0005500 secs] [Times: user=0.01 sys=0.00, real=0.00 secs] 
93.628: Total time for which application threads were stopped: 0.0006890 seconds, Stopping threads took: 0.0000560 seconds
93.758: Application time: 0.1293860 seconds
93.758: [GC [PSYoungGen: 23968K->256K(24064K)] 90048K->66645K(107008K), 0.0006030 secs] [Times: user=0.00 sys=0.00, real=0.00 secs] 
93.758: Total time for which application threads were stopped: 0.0007410 seconds, Stopping threads took: 0.0000630 seconds
93.890: Application time: 0.1313370 seconds
93.890: [GC [PSYoungGen: 23808K->256K(24064K)] 90197K->66781K(107008K), 0.0005230 secs] [Times: user=0.01 sys=0.00, real=0.00 secs] 
93.890: Total time for which application threads were stopped: 0.0006620 seconds, Stopping threads took: 0.0000590 seconds
94.020: Application time: 0.1295490 seconds
94.020: [GC [PSYoungGen: 23808K->256K(24064K)] 90333K->66781K(107008K), 0.0005320 secs] [Times: user=0.00 sys=0.00, real=0.00 secs] 
94.021: Total time for which application threads were stopped: 0.0006710 seconds, Stopping threads took: 0.0000650 seconds
94.151: Application time: 0.1300470 seconds
94.151: [GC [PSYoungGen: 23808K->192K(24064K)] 90333K->66845K(107008K), 0.0005690 secs] [Times: user=0.00 sys=0.00, real=0.00 secs] 
94.151: Total time for which application threads were stopped: 0.0007240 seconds, Stopping threads took: 0.0000630 seconds
94.281: Application time: 0.1292360 seconds
94.281: [GC [PSYoungGen: 23744K->256K(24064K)] 90397K->66957K(107008K), 0.0005820 secs] [Times: user=0.00 sys=0.00, real=0.00 secs] 
94.281: Total time for which application threads were stopped: 0.0007210 seconds, Stopping threads took: 0.0000650 seconds
94.408: Application time: 0.1266610 seconds
94.408: [GC [PSYoungGen: 23808K->384K(24064K)] 90509K->67085K(107008K), 0.0005860 secs] [Times: user=0.00 sys=0.00, real=0.00 secs] 
94.409: Total time for which application threads were stopped: 0.0007210 seconds, Stopping threads took: 0.0000580 seconds
94.538: Application time: 0.1293360 seconds
94.538: [GC [PSYoungGen: 23936K->288K(24064K)] 90637K->67301K(107008K), 0.0005840 secs] [Times: user=0.00 sys=0.00, real=0.00 secs] 
94.539: Total time for which application threads were stopped: 0.0007370 seconds, Stopping threads took: 0.0000720 seconds
94.669: Application time: 0.1302900 seconds
94.674: [GC [PSYoungGen: 23840K->256K(24064K)] 90853K->67397K(107008K), 0.0005080 secs] [Times: user=0.00 sys=0.00, real=0.00 secs] 
94.674: Total time for which application threads were stopped: 0.0050200 seconds, Stopping threads took: 0.0044220 seconds
94.804: Application time: 0.1302070 seconds
94.805: [GC [PSYoungGen: 23808K->256K(24064K)] 90949K->67397K(107008K), 0.0005850 secs] [Times: user=0.00 sys=0.00, real=0.01 secs] 
94.806: Total time for which application threads were stopped: 0.0017150 seconds, Stopping threads took: 0.0000540 seconds
94.936: Application time: 0.1298210 seconds
94.936: [GC [PSYoungGen: 23808K->256K(24064K)] 90949K->67541K(107008K), 0.0005400 secs] [Times: user=0.00 sys=0.00, real=0.00 secs] 
94.937: Total time for which application threads were stopped: 0.0006820 seconds, Stopping threads took: 0.0000580 seconds
95.066: Application time: 0.1297560 seconds
95.067: [GC [PSYoungGen: 23808K->256K(24064K)] 91093K->67589K(107008K), 0.0005120 secs] [Times: user=0.00 sys=0.00, real=0.00 secs] 
95.067: Total time for which application threads were stopped: 0.0006560 seconds, Stopping threads took: 0.0000680 seconds
95.194: Application time: 0.1270190 seconds
95.194: [GC [PSYoungGen: 23808K->384K(24064K)] 91141K->67717K(107008K), 0.0006720 secs] [Times: user=0.00 sys=0.00, real=0.00 secs] 
95.195: Total time for which application threads were stopped: 0.0008350 seconds, Stopping threads took: 0.0000790 seconds
95.324: Application time: 0.1286680 seconds
95.324: [GC [PSYoungGen: 23936K->288K(24064K)] 91269K->67922K(107008K), 0.0006020 secs] [Times: user=0.00 sys=0.00, real=0.00 secs] 
95.324: Total time for which application threads were stopped: 0.0007310 seconds, Stopping threads took: 0.0000540 seconds
95.455: Application time: 0.1302030 seconds
95.455: [GC [PSYoungGen: 23840K->256K(24064K)] 91474K->68002K(107008K), 0.0005200 secs] [Times: user=0.01 sys=0.00, real=0.00 secs] 
95.455: Total time for which application threads were stopped: 0.0006610 seconds, Stopping threads took: 0.0000660 seconds
95.586: Application time: 0.1303170 seconds
95.586: [GC [PSYoungGen: 23808K->192K(24064K)] 91554K->67938K(107008K), 0.0005540 secs] [Times: user=0.00 sys=0.00, real=0.00 secs] 
95.586: Total time for which application threads were stopped: 0.0006950 seconds, Stopping threads took: 0.0000650 seconds
95.716: Application time: 0.1301340 seconds
95.716: [GC [PSYoungGen: 23744K->192K(24064K)] 91490K->68082K(107008K), 0.0005240 secs] [Times: user=0.01 sys=0.00, real=0.00 secs] 
95.717: Total time for which application threads were stopped: 0.0006710 seconds, Stopping threads took: 0.0000580 seconds
95.848: Application time: 0.1310140 seconds
95.848: [GC [PSYoungGen: 23744K->256K(24064K)] 91634K->68194K(107008K), 0.0005190 secs] [Times: user=0.00 sys=0.00, real=0.00 secs] 
95.849: Total time for which application threads were stopped: 0.0006490 seconds, Stopping threads took: 0.0000570 seconds
95.976: Application time: 0.1268610 seconds
95.978: [GC [PSYoungGen: 23808K->400K(24064K)] 91746K->68338K(107008K), 0.0006150 secs] [Times: user=0.00 sys=0.00, real=0.00 secs] 
95.978: Total time for which application threads were stopped: 0.0027570 seconds, Stopping threads took: 0.0020650 seconds
96.108: Application time: 0.1294370 seconds
96.108: [GC [PSYoungGen: 23952K->256K(24064K)] 91890K->68498K(107008K), 0.0006330 secs] [Times: user=0.00 sys=0.00, real=0.00 secs] 
96.109: Total time for which application threads were stopped: 0.0007860 seconds, Stopping threads took: 0.0000770 seconds
96.239: Application time: 0.1300840 seconds
96.239: [GC [PSYoungGen: 23808K->256K(24064K)] 92050K->68634K(107008K), 0.0005180 secs] [Times: user=0.01 sys=0.00, real=0.00 secs] 
96.239: Total time for which application threads were stopped: 0.0006720 seconds, Stopping threads took: 0.0000660 seconds
96.370: Application time: 0.1305220 seconds
96.370: [GC [PSYoungGen: 23808K->144K(24064K)] 92186K->68522K(107008K), 0.0005620 secs] [Times: user=0.01 sys=0.00, real=0.00 secs] 
96.371: Total time for which application threads were stopped: 0.0007400 seconds, Stopping threads took: 0.0001020 seconds
96.501: Application time: 0.1306470 seconds
96.501: [GC [PSYoungGen: 23696K->224K(24064K)] 92074K->68738K(107008K), 0.0005690 secs] [Times: user=0.00 sys=0.00, real=0.00 secs] 
96.502: Total time for which application threads were stopped: 0.0007170 seconds, Stopping threads took: 0.0000710 seconds
96.632: Application time: 0.1304280 seconds
96.632: [GC [PSYoungGen: 23776K->256K(24064K)] 92290K->68818K(107008K), 0.0005040 secs] [Times: user=0.01 sys=0.00, real=0.00 secs] 
96.633: Total time for which application threads were stopped: 0.0006440 seconds, Stopping threads took: 0.0000650 seconds
96.760: Application time: 0.1267890 seconds
96.760: [GC [PSYoungGen: 23808K->448K(24064K)] 92370K->69010K(107008K), 0.0006340 secs] [Times: user=0.00 sys=0.00, real=0.00 secs] 
96.761: Total time for which application threads were stopped: 0.0007770 seconds, Stopping threads took: 0.0000580 seconds
96.890: Application time: 0.1294960 seconds
96.890: [GC [PSYoungGen: 24000K->192K(24064K)] 92562K->69043K(107008K), 0.0006390 secs] [Times: user=0.00 sys=0.00, real=0.00 secs] 
96.891: Total time for which application threads were stopped: 0.0007970 seconds, Stopping threads took: 0.0000800 seconds
97.022: Application time: 0.1310040 seconds
97.022: [GC [PSYoungGen: 23744K->192K(24064K)] 92595K->69155K(107008K), 0.0005760 secs] [Times: user=0.01 sys=0.00, real=0.00 secs] 
97.023: Total time for which application threads were stopped: 0.0007280 seconds, Stopping threads took: 0.0000730 seconds
97.152: Application time: 0.1298620 seconds
97.153: [GC [PSYoungGen: 23744K->208K(24064K)] 92707K->69171K(107008K), 0.0005610 secs] [Times: user=0.01 sys=0.00, real=0.00 secs] 
97.153: Total time for which application threads were stopped: 0.0007040 seconds, Stopping threads took: 0.0000660 seconds
97.283: Application time: 0.1301510 seconds
97.283: [GC [PSYoungGen: 23760K->256K(24064K)] 92723K->69363K(107008K), 0.0005430 secs] [Times: user=0.00 sys=0.00, real=0.00 secs] 
97.284: Total time for which application threads were stopped: 0.0006940 seconds, Stopping threads took: 0.0000660 seconds
97.415: Application time: 0.1306850 seconds
97.415: [GC [PSYoungGen: 23808K->256K(24064K)] 92915K->69411K(107008K), 0.0005300 secs] [Times: user=0.01 sys=0.00, real=0.00 secs] 
97.415: Total time for which application threads were stopped: 0.0006710 seconds, Stopping threads took: 0.0000680 seconds
97.543: Application time: 0.1273220 seconds
97.543: [GC [PSYoungGen: 23808K->432K(24064K)] 92963K->69587K(107008K), 0.0005620 secs] [Times: user=0.00 sys=0.00, real=0.00 secs] 
97.543: Total time for which application threads were stopped: 0.0007160 seconds, Stopping threads took: 0.0000770 seconds
97.672: Application time: 0.1286930 seconds
97.672: [GC [PSYoungGen: 23984K->240K(24064K)] 93139K->69691K(107008K), 0.0006390 secs] [Times: user=0.00 sys=0.00, real=0.00 secs] 
97.673: Total time for which application threads were stopped: 0.0007840 seconds, Stopping threads took: 0.0000630 seconds
97.803: Application time: 0.1301300 seconds
97.803: [GC [PSYoungGen: 23792K->224K(24064K)] 93243K->69803K(107008K), 0.0005420 secs] [Times: user=0.00 sys=0.00, real=0.00 secs] 
97.804: Total time for which application threads were stopped: 0.0006890 seconds, Stopping threads took: 0.0000640 seconds
97.933: Application time: 0.1296410 seconds
97.933: [GC [PSYoungGen: 23776K->256K(24064K)] 93355K->69835K(107008K), 0.0005300 secs] [Times: user=0.00 sys=0.00, real=0.00 secs] 
97.934: Total time for which application threads were stopped: 0.0006670 seconds, Stopping threads took: 0.0000590 seconds
98.065: Application time: 0.1308460 seconds
98.065: [GC [PSYoungGen: 23808K->256K(24064K)] 93387K->69979K(107008K), 0.0005280 secs] [Times: user=0.00 sys=0.00, real=0.00 secs] 
98.066: Total time for which application threads were stopped: 0.0006810 seconds, Stopping threads took: 0.0000790 seconds
98.197: Application time: 0.1315960 seconds
98.198: [GC [PSYoungGen: 23808K->256K(24064K)] 93531K->70027K(107008K), 0.0005270 secs] [Times: user=0.00 sys=0.00, real=0.00 secs] 
98.198: Total time for which application threads were stopped: 0.0010490 seconds, Stopping threads took: 0.0004460 seconds
98.325: Application time: 0.1272610 seconds
98.326: [GC [PSYoungGen: 23808K->384K(24064K)] 93579K->70155K(107008K), 0.0006150 secs] [Times: user=0.00 sys=0.00, real=0.00 secs] 
98.326: Total time for which application threads were stopped: 0.0007860 seconds, Stopping threads took: 0.0000830 seconds
98.456: Application time: 0.1293400 seconds
98.456: [GC [PSYoungGen: 23936K->288K(24064K)] 93707K->70360K(107008K), 0.0005990 secs] [Times: user=0.01 sys=0.00, real=0.00 secs] 
98.456: Total time for which application threads were stopped: 0.0007270 seconds, Stopping threads took: 0.0000530 seconds
98.586: Application time: 0.1301310 seconds
98.590: [GC [PSYoungGen: 23840K->256K(24064K)] 93912K->70456K(107008K), 0.0005280 secs] [Times: user=0.00 sys=0.00, real=0.00 secs] 
98.590: Total time for which application threads were stopped: 0.0037750 seconds, Stopping threads took: 0.0031680 seconds
98.720: Application time: 0.1293430 seconds
98.720: [GC [PSYoungGen: 23808K->256K(24064K)] 94008K->70456K(107008K), 0.0005850 secs] [Times: user=0.01 sys=0.00, real=0.00 secs] 
98.720: Total time for which application threads were stopped: 0.0007230 seconds, Stopping threads took: 0.0000600 seconds
98.851: Application time: 0.1309470 seconds
98.851: [GC [PSYoungGen: 23808K->224K(24064K)] 94008K->70560K(107008K), 0.0005520 secs] [Times: user=0.01 sys=0.00, real=0.00 secs] 
98.852: Total time for which application threads were stopped: 0.0007000 seconds, Stopping threads took: 0.0000630 seconds
98.983: Application time: 0.1306680 seconds
98.983: [GC [PSYoungGen: 23776K->256K(24064K)] 94112K->70640K(107008K), 0.0005110 secs] [Times: user=0.00 sys=0.00, real=0.00 secs] 
98.983: Total time for which application threads were stopped: 0.0006680 seconds, Stopping threads took: 0.0000800 seconds
99.111: Application time: 0.1276030 seconds
99.111: [GC [PSYoungGen: 23808K->400K(24064K)] 94192K->70784K(107008K), 0.0005870 secs] [Times: user=0.00 sys=0.00, real=0.00 secs] 
99.112: Total time for which application threads were stopped: 0.0007370 seconds, Stopping threads took: 0.0000700 seconds
99.241: Application time: 0.1291600 seconds
99.241: [GC [PSYoungGen: 23952K->224K(24064K)] 94336K->70900K(107008K), 0.0006510 secs] [Times: user=0.00 sys=0.00, real=0.00 secs] 
99.242: Total time for which application threads were stopped: 0.0008040 seconds, Stopping threads took: 0.0000760 seconds
99.372: Application time: 0.1300920 seconds
99.372: [GC [PSYoungGen: 23776K->256K(24064K)] 94452K->71068K(107008K), 0.0005200 secs] [Times: user=0.00 sys=0.00, real=0.00 secs] 
99.372: Total time for which application threads were stopped: 0.0006600 seconds, Stopping threads took: 0.0000520 seconds
99.502: Application time: 0.1299530 seconds
99.502: [GC [PSYoungGen: 23808K->160K(24064K)] 94620K->70972K(107008K), 0.0005650 secs] [Times: user=0.00 sys=0.00, real=0.00 secs] 
99.503: Total time for which application threads were stopped: 0.0007040 seconds, Stopping threads took: 0.0000590 seconds
99.633: Application time: 0.1303590 seconds
99.634: [GC [PSYoungGen: 23712K->224K(24064K)] 94524K->71180K(107008K), 0.0005570 secs] [Times: user=0.01 sys=0.00, real=0.00 secs] 
99.634: Total time for which application threads were stopped: 0.0006960 seconds, Stopping threads took: 0.0000640 seconds
99.764: Application time: 0.1300340 seconds
99.764: [GC [PSYoungGen: 23776K->256K(24064K)] 94732K->71260K(107008K), 0.0005270 secs] [Times: user=0.00 sys=0.00, real=0.00 secs] 
99.765: Total time for which application threads were stopped: 0.0006700 seconds, Stopping threads took: 0.0000660 seconds
99.892: Application time: 0.1273190 seconds
99.892: [GC [PSYoungGen: 23808K->416K(24064K)] 94812K->71420K(107008K), 0.0006370 secs] [Times: user=0.01 sys=0.00, real=0.00 secs] 
99.894: Total time for which application threads were stopped: 0.0016940 seconds, Stopping threads took: 0.0000640 seconds
100.023: Application time: 0.1290370 seconds
100.023: [GC [PSYoungGen: 23968K->256K(24064K)] 94972K->71569K(107008K), 0.0006230 secs] [Times: user=0.00 sys=0.00, real=0.00 secs] 
100.024: Total time for which application threads were stopped: 0.0007550 seconds, Stopping threads took: 0.0000560 seconds
100.153: Application time: 0.1296070 seconds
100.153: [GC [PSYoungGen: 23808K->256K(24064K)] 95121K->71689K(107008K), 0.0005530 secs] [Times: user=0.00 sys=0.00, real=0.00 secs] 
100.154: Total time for which application threads were stopped: 0.0006930 seconds, Stopping threads took: 0.0000660 seconds
100.284: Application time: 0.1295980 seconds
100.284: [GC [PSYoungGen: 23808K->160K(24064K)] 95241K->71593K(107008K), 0.0005610 secs] [Times: user=0.00 sys=0.00, real=0.00 secs] 
100.284: Total time for which application threads were stopped: 0.0006990 seconds, Stopping threads took: 0.0000630 seconds
100.415: Application time: 0.1308160 seconds
100.415: [GC [PSYoungGen: 23712K->256K(24064K)] 95145K->71833K(107008K), 0.0006150 secs] [Times: user=0.00 sys=0.00, real=0.00 secs] 
100.416: Total time for which application threads were stopped: 0.0007450 seconds, Stopping threads took: 0.0000490 seconds
100.545: Application time: 0.1295130 seconds
100.545: [GC [PSYoungGen: 23808K->224K(24064K)] 95385K->71849K(107008K), 0.0005480 secs] [Times: user=0.01 sys=0.00, real=0.01 secs] 
100.546: Total time for which application threads were stopped: 0.0006900 seconds, Stopping threads took: 0.0000650 seconds
100.673: Application time: 0.1273030 seconds
100.673: [GC [PSYoungGen: 23776K->416K(24064K)] 95401K->72089K(107008K), 0.0005950 secs] [Times: user=0.00 sys=0.00, real=0.00 secs] 
100.674: Total time for which application threads were stopped: 0.0007290 seconds, Stopping threads took: 0.0000550 seconds
100.803: Application time: 0.1289700 seconds
100.803: [GC [PSYoungGen: 23968K->272K(24064K)] 95641K->72229K(107008K), 0.0005660 secs] [Times: user=0.00 sys=0.00, real=0.00 secs] 
100.804: Total time for which application threads were stopped: 0.0006950 seconds, Stopping threads took: 0.0000570 seconds
100.934: Application time: 0.1299610 seconds
100.934: [GC [PSYoungGen: 23824K->256K(24064K)] 95781K->72333K(107008K), 0.0005230 secs] [Times: user=0.00 sys=0.00, real=0.00 secs] 
100.934: Total time for which application threads were stopped: 0.0006620 seconds, Stopping threads took: 0.0000540 seconds
101.064: Application time: 0.1295800 seconds
101.064: [GC [PSYoungGen: 23808K->224K(24064K)] 95885K->72301K(107008K), 0.0005630 secs] [Times: user=0.00 sys=0.00, real=0.00 secs] 
101.065: Total time for which application threads were stopped: 0.0006930 seconds, Stopping threads took: 0.0000530 seconds
101.194: Application time: 0.1297420 seconds
101.194: [GC [PSYoungGen: 23776K->256K(24064K)] 95853K->72477K(107008K), 0.0005710 secs] [Times: user=0.00 sys=0.00, real=0.00 secs] 
101.195: Total time for which application threads were stopped: 0.0006980 seconds, Stopping threads took: 0.0000540 seconds
101.325: Application time: 0.1300680 seconds
101.333: [GC [PSYoungGen: 23808K->256K(24064K)] 96029K->72525K(107008K), 0.0005590 secs] [Times: user=0.00 sys=0.00, real=0.00 secs] 
101.334: Total time for which application threads were stopped: 0.0086540 seconds, Stopping threads took: 0.0080220 seconds
101.461: Application time: 0.1268490 seconds
101.461: [GC [PSYoungGen: 23808K->448K(24064K)] 96077K->72773K(107008K), 0.0005950 secs] [Times: user=0.00 sys=0.00, real=0.00 secs] 
101.461: Total time for which application threads were stopped: 0.0007510 seconds, Stopping threads took: 0.0000700 seconds
101.590: Application time: 0.1291200 seconds
101.591: [GC [PSYoungGen: 24000K->304K(24064K)] 96325K->72914K(107008K), 0.0006120 secs] [Times: user=0.00 sys=0.00, real=0.00 secs] 
101.591: Total time for which application threads were stopped: 0.0007430 seconds, Stopping threads took: 0.0000540 seconds
101.721: Application time: 0.1296570 seconds
101.721: [GC [PSYoungGen: 23856K->224K(24064K)] 96466K->72962K(107008K), 0.0005680 secs] [Times: user=0.00 sys=0.00, real=0.00 secs] 
101.722: Total time for which application threads were stopped: 0.0007020 seconds, Stopping threads took: 0.0000540 seconds
101.851: Application time: 0.1296800 seconds
101.851: [GC [PSYoungGen: 23776K->256K(24064K)] 96514K->72994K(107008K), 0.0005360 secs] [Times: user=0.00 sys=0.00, real=0.00 secs] 
101.852: Total time for which application threads were stopped: 0.0006730 seconds, Stopping threads took: 0.0000560 seconds
101.982: Application time: 0.1297240 seconds
101.982: [GC [PSYoungGen: 23808K->128K(24064K)] 96546K->72994K(107008K), 0.0005970 secs] [Times: user=0.00 sys=0.00, real=0.00 secs] 
101.982: Total time for which application threads were stopped: 0.0007460 seconds, Stopping threads took: 0.0000620 seconds
102.113: Application time: 0.1301050 seconds
102.113: [GC [PSYoungGen: 23680K->256K(24064K)] 96546K->73170K(107008K), 0.0006140 secs] [Times: user=0.00 sys=0.00, real=0.00 secs] 
102.113: Total time for which application threads were stopped: 0.0007510 seconds, Stopping threads took: 0.0000650 seconds
102.241: Application time: 0.1273440 seconds
102.241: [GC [PSYoungGen: 23808K->320K(24064K)] 96722K->73290K(107008K), 0.0006520 secs] [Times: user=0.00 sys=0.00, real=0.00 secs] 
102.241: Total time for which application threads were stopped: 0.0007870 seconds, Stopping threads took: 0.0000570 seconds
102.371: Application time: 0.1293590 seconds
102.371: [GC [PSYoungGen: 23872K->288K(24064K)] 96842K->73538K(107008K), 0.0006020 secs] [Times: user=0.00 sys=0.00, real=0.00 secs] 
102.372: Total time for which application threads were stopped: 0.0007330 seconds, Stopping threads took: 0.0000540 seconds
102.502: Application time: 0.1301680 seconds
102.502: [GC [PSYoungGen: 23840K->256K(24064K)] 97090K->73626K(107008K), 0.0005320 secs] [Times: user=0.00 sys=0.00, real=0.00 secs] 
102.502: Total time for which application threads were stopped: 0.0006680 seconds, Stopping threads took: 0.0000520 seconds
102.632: Application time: 0.1295680 seconds
102.632: [GC [PSYoungGen: 23808K->256K(24064K)] 97178K->73626K(107008K), 0.0005420 secs] [Times: user=0.01 sys=0.00, real=0.00 secs] 
102.633: Total time for which application threads were stopped: 0.0006850 seconds, Stopping threads took: 0.0000650 seconds
102.762: Application time: 0.1297260 seconds
102.762: [GC [PSYoungGen: 23808K->128K(24064K)] 97178K->73626K(107008K), 0.0006140 secs] [Times: user=0.00 sys=0.00, real=0.00 secs] 
102.763: Total time for which application threads were stopped: 0.0007490 seconds, Stopping threads took: 0.0000620 seconds
102.894: Application time: 0.1305440 seconds
102.894: [GC [PSYoungGen: 23680K->256K(24064K)] 97178K->73802K(107008K), 0.0005160 secs] [Times: user=0.00 sys=0.00, real=0.00 secs] 
102.894: Total time for which application threads were stopped: 0.0006490 seconds, Stopping threads took: 0.0000600 seconds
103.022: Application time: 0.1276640 seconds
103.022: [GC [PSYoungGen: 23808K->432K(24064K)] 97354K->74027K(107008K), 0.0005990 secs] [Times: user=0.00 sys=0.00, real=0.00 secs] 
103.023: Total time for which application threads were stopped: 0.0007490 seconds, Stopping threads took: 0.0000550 seconds
103.152: Application time: 0.1290570 seconds
103.152: [GC [PSYoungGen: 23984K->256K(24064K)] 97579K->74139K(107008K), 0.0006080 secs] [Times: user=0.01 sys=0.00, real=0.00 secs] 
103.152: Total time for which application threads were stopped: 0.0007400 seconds, Stopping threads took: 0.0000550 seconds
103.283: Application time: 0.1305630 seconds
103.283: [GC [PSYoungGen: 23808K->192K(24064K)] 97691K->74203K(107008K), 0.0005690 secs] [Times: user=0.00 sys=0.00, real=0.00 secs] 
103.284: Total time for which application threads were stopped: 0.0007150 seconds, Stopping threads took: 0.0000700 seconds
103.414: Application time: 0.1297440 seconds
103.414: [GC [PSYoungGen: 23744K->192K(24064K)] 97755K->74203K(107008K), 0.0006100 secs] [Times: user=0.00 sys=0.00, real=0.00 secs] 
103.414: Total time for which application threads were stopped: 0.0007410 seconds, Stopping threads took: 0.0000580 seconds
103.547: Application time: 0.1325720 seconds
103.547: [GC [PSYoungGen: 23744K->256K(24064K)] 97755K->74411K(107008K), 0.0005800 secs] [Times: user=0.00 sys=0.00, real=0.00 secs] 
103.548: Total time for which application threads were stopped: 0.0007300 seconds, Stopping threads took: 0.0000600 seconds
103.678: Application time: 0.1300750 seconds
103.678: [GC [PSYoungGen: 23808K->160K(24064K)] 97963K->74363K(107008K), 0.0005600 secs] [Times: user=0.00 sys=0.00, real=0.00 secs] 
103.678: Total time for which application threads were stopped: 0.0006890 seconds, Stopping threads took: 0.0000530 seconds
103.806: Application time: 0.1274650 seconds
103.806: [GC [PSYoungGen: 23712K->288K(24064K)] 97915K->74563K(107008K), 0.0006930 secs] [Times: user=0.00 sys=0.00, real=0.00 secs] 
103.807: Total time for which application threads were stopped: 0.0008310 seconds, Stopping threads took: 0.0000650 seconds
103.935: Application time: 0.1287940 seconds
103.936: [GC [PSYoungGen: 23840K->272K(24064K)] 98115K->74819K(107008K), 0.0005990 secs] [Times: user=0.00 sys=0.00, real=0.00 secs] 
103.936: Total time for which application threads were stopped: 0.0007400 seconds, Stopping threads took: 0.0000640 seconds
104.066: Application time: 0.1294680 seconds
104.066: [GC [PSYoungGen: 23824K->256K(24064K)] 98371K->74931K(107008K), 0.0005540 secs] [Times: user=0.00 sys=0.00, real=0.00 secs] 
104.066: Total time for which application threads were stopped: 0.0007150 seconds, Stopping threads took: 0.0000730 seconds
104.196: Application time: 0.1294030 seconds
104.196: [GC [PSYoungGen: 23808K->256K(24064K)] 98483K->74955K(107008K), 0.0005460 secs] [Times: user=0.01 sys=0.00, real=0.00 secs] 
104.196: Total time for which application threads were stopped: 0.0006930 seconds, Stopping threads took: 0.0000730 seconds
104.326: Application time: 0.1296600 seconds
104.326: [GC [PSYoungGen: 23808K->256K(24064K)] 98507K->75075K(107008K), 0.0005510 secs] [Times: user=0.01 sys=0.00, real=0.00 secs] 
104.327: Total time for which application threads were stopped: 0.0006910 seconds, Stopping threads took: 0.0000630 seconds
104.456: Application time: 0.1292580 seconds
104.456: [GC [PSYoungGen: 23808K->288K(24064K)] 98627K->75156K(107008K), 0.0005380 secs] [Times: user=0.01 sys=0.00, real=0.00 secs] 
104.457: Total time for which application threads were stopped: 0.0006820 seconds, Stopping threads took: 0.0000660 seconds
104.584: Application time: 0.1273180 seconds
104.584: [GC [PSYoungGen: 23840K->352K(24064K)] 98708K->75284K(107008K), 0.0005790 secs] [Times: user=0.00 sys=0.00, real=0.00 secs] 
104.585: Total time for which application threads were stopped: 0.0007430 seconds, Stopping threads took: 0.0000720 seconds
104.714: Application time: 0.1290960 seconds
104.714: [GC [PSYoungGen: 23904K->288K(24064K)] 98836K->75480K(107008K), 0.0006150 secs] [Times: user=0.01 sys=0.00, real=0.00 secs] 
104.715: Total time for which application threads were stopped: 0.0007680 seconds, Stopping threads took: 0.0000780 seconds
104.846: Application time: 0.1310610 seconds
104.846: [GC [PSYoungGen: 23840K->256K(24064K)] 99032K->75584K(107008K), 0.0005460 secs] [Times: user=0.01 sys=0.00, real=0.00 secs] 
104.846: Total time for which application threads were stopped: 0.0006800 seconds, Stopping threads took: 0.0000560 seconds
104.975: Application time: 0.1289170 seconds
104.975: [GC [PSYoungGen: 23808K->256K(24064K)] 99136K->75608K(107008K), 0.0005230 secs] [Times: user=0.00 sys=0.00, real=0.00 secs] 
104.976: Total time for which application threads were stopped: 0.0006780 seconds, Stopping threads took: 0.0000800 seconds
105.106: Application time: 0.1302840 seconds
105.106: [GC [PSYoungGen: 23808K->256K(24064K)] 99160K->75728K(107008K), 0.0005450 secs] [Times: user=0.01 sys=0.00, real=0.00 secs] 
105.107: Total time for which application threads were stopped: 0.0007000 seconds, Stopping threads took: 0.0000650 seconds
105.236: Application time: 0.1290820 seconds
105.236: [GC [PSYoungGen: 23808K->256K(24064K)] 99280K->75776K(107008K), 0.0005440 secs] [Times: user=0.01 sys=0.00, real=0.00 secs] 
105.237: Total time for which application threads were stopped: 0.0006800 seconds, Stopping threads took: 0.0000600 seconds
105.364: Application time: 0.1275800 seconds
105.364: [GC [PSYoungGen: 23808K->400K(24064K)] 99328K->75984K(107008K), 0.0006390 secs] [Times: user=0.00 sys=0.00, real=0.00 secs] 
105.365: Total time for which application threads were stopped: 0.0007780 seconds, Stopping threads took: 0.0000650 seconds
105.494: Application time: 0.1291930 seconds
105.494: [GC [PSYoungGen: 23952K->288K(24064K)] 99536K->76140K(107008K), 0.0006180 secs] [Times: user=0.01 sys=0.00, real=0.00 secs] 
105.495: Total time for which application threads were stopped: 0.0007650 seconds, Stopping threads took: 0.0000690 seconds
105.625: Application time: 0.1301940 seconds
105.625: [GC [PSYoungGen: 23840K->224K(24064K)] 99692K->76204K(107008K), 0.0005330 secs] [Times: user=0.00 sys=0.00, real=0.01 secs] 
105.626: Total time for which application threads were stopped: 0.0006690 seconds, Stopping threads took: 0.0000530 seconds
105.755: Application time: 0.1292960 seconds
105.755: [GC [PSYoungGen: 23776K->256K(24064K)] 99756K->76260K(107008K), 0.0005650 secs] [Times: user=0.00 sys=0.00, real=0.00 secs] 
105.756: Total time for which application threads were stopped: 0.0007110 seconds, Stopping threads took: 0.0000690 seconds
105.886: Application time: 0.1305160 seconds
105.887: [GC [PSYoungGen: 23808K->256K(24064K)] 99812K->76381K(107008K), 0.0005550 secs] [Times: user=0.00 sys=0.00, real=0.00 secs] 
105.887: Total time for which application threads were stopped: 0.0006930 seconds, Stopping threads took: 0.0000620 seconds
106.016: Application time: 0.1290400 seconds
106.018: [GC [PSYoungGen: 23808K->288K(24064K)] 99933K->76461K(107008K), 0.0005890 secs] [Times: user=0.00 sys=0.00, real=0.00 secs] 
106.018: Total time for which application threads were stopped: 0.0020680 seconds, Stopping threads took: 0.0014000 seconds
106.147: Application time: 0.1284240 seconds
106.147: [GC [PSYoungGen: 23840K->352K(24064K)] 100013K->76645K(107008K), 0.0006070 secs] [Times: user=0.00 sys=0.00, real=0.00 secs] 
106.147: Total time for which application threads were stopped: 0.0007560 seconds, Stopping threads took: 0.0000620 seconds
106.276: Application time: 0.1289690 seconds
106.277: [GC [PSYoungGen: 23904K->272K(24064K)] 100197K->76781K(107008K), 0.0006110 secs] [Times: user=0.00 sys=0.00, real=0.00 secs] 
106.277: Total time for which application threads were stopped: 0.0007690 seconds, Stopping threads took: 0.0000800 seconds
106.407: Application time: 0.1301370 seconds
106.407: [GC [PSYoungGen: 23824K->256K(24064K)] 100333K->76893K(107008K), 0.0005490 secs] [Times: user=0.01 sys=0.00, real=0.00 secs] 
106.408: Total time for which application threads were stopped: 0.0006870 seconds, Stopping threads took: 0.0000590 seconds
106.538: Application time: 0.1299590 seconds
106.538: [GC [PSYoungGen: 23808K->256K(24064K)] 100445K->76941K(107008K), 0.0005400 secs] [Times: user=0.01 sys=0.00, real=0.00 secs] 
106.539: Total time for which application threads were stopped: 0.0006790 seconds, Stopping threads took: 0.0000530 seconds
106.668: Application time: 0.1294230 seconds
106.669: [GC [PSYoungGen: 23808K->256K(24064K)] 100493K->77037K(107008K), 0.0005280 secs] [Times: user=0.00 sys=0.00, real=0.00 secs] 
106.669: Total time for which application threads were stopped: 0.0013650 seconds, Stopping threads took: 0.0007540 seconds
106.798: Application time: 0.1286950 seconds
106.798: [GC [PSYoungGen: 23808K->304K(24064K)] 100589K->77133K(107008K), 0.0005250 secs] [Times: user=0.00 sys=0.00, real=0.00 secs] 
106.799: Total time for which application threads were stopped: 0.0006490 seconds, Stopping threads took: 0.0000510 seconds
106.927: Application time: 0.1284430 seconds
106.927: [GC [PSYoungGen: 23856K->304K(24064K)] 100685K->77277K(107008K), 0.0005810 secs] [Times: user=0.00 sys=0.00, real=0.00 secs] 
106.928: Total time for which application threads were stopped: 0.0007270 seconds, Stopping threads took: 0.0000680 seconds
107.057: Application time: 0.1290240 seconds
107.057: [GC [PSYoungGen: 23856K->288K(24064K)] 100829K->77445K(107008K), 0.0005900 secs] [Times: user=0.00 sys=0.00, real=0.01 secs] 
107.058: Total time for which application threads were stopped: 0.0007200 seconds, Stopping threads took: 0.0000540 seconds
107.188: Application time: 0.1299520 seconds
107.188: [GC [PSYoungGen: 23840K->256K(24064K)] 100997K->77541K(107008K), 0.0005540 secs] [Times: user=0.00 sys=0.00, real=0.00 secs] 
107.188: Total time for which application threads were stopped: 0.0007010 seconds, Stopping threads took: 0.0000630 seconds
107.318: Application time: 0.1297320 seconds
107.318: [GC [PSYoungGen: 23808K->256K(24064K)] 101093K->77589K(107008K), 0.0005490 secs] [Times: user=0.00 sys=0.00, real=0.00 secs] 
107.319: Total time for which application threads were stopped: 0.0006870 seconds, Stopping threads took: 0.0000620 seconds
107.449: Application time: 0.1304950 seconds
107.449: [GC [PSYoungGen: 23808K->256K(24064K)] 101141K->77686K(107008K), 0.0005360 secs] [Times: user=0.00 sys=0.00, real=0.00 secs] 
107.450: Total time for which application threads were stopped: 0.0006760 seconds, Stopping threads took: 0.0000640 seconds
107.578: Application time: 0.1284250 seconds
107.579: [GC [PSYoungGen: 23808K->272K(24064K)] 101238K->77750K(107008K), 0.0005210 secs] [Times: user=0.00 sys=0.00, real=0.00 secs] 
107.579: Total time for which application threads were stopped: 0.0006620 seconds, Stopping threads took: 0.0000670 seconds
107.707: Application time: 0.1281530 seconds
107.707: [GC [PSYoungGen: 23824K->336K(24064K)] 101302K->77926K(107008K), 0.0005820 secs] [Times: user=0.00 sys=0.00, real=0.00 secs] 
107.708: Total time for which application threads were stopped: 0.0007350 seconds, Stopping threads took: 0.0000630 seconds
107.838: Application time: 0.1295170 seconds
107.838: [GC [PSYoungGen: 23888K->320K(24064K)] 101478K->78126K(107008K), 0.0006040 secs] [Times: user=0.00 sys=0.00, real=0.00 secs] 
107.838: Total time for which application threads were stopped: 0.0007620 seconds, Stopping threads took: 0.0000810 seconds
107.968: Application time: 0.1298360 seconds
107.968: [GC [PSYoungGen: 23872K->256K(24064K)] 101678K->78182K(107008K), 0.0005480 secs] [Times: user=0.00 sys=0.00, real=0.00 secs] 
107.969: Total time for which application threads were stopped: 0.0006870 seconds, Stopping threads took: 0.0000630 seconds
108.098: Application time: 0.1296060 seconds
108.099: [GC [PSYoungGen: 23808K->256K(24064K)] 101734K->78254K(107008K), 0.0005250 secs] [Times: user=0.00 sys=0.00, real=0.00 secs] 
108.099: Total time for which application threads were stopped: 0.0006650 seconds, Stopping threads took: 0.0000630 seconds
108.229: Application time: 0.1301530 seconds
108.229: [GC [PSYoungGen: 23808K->224K(24064K)] 101806K->78294K(107008K), 0.0005590 secs] [Times: user=0.00 sys=0.01, real=0.00 secs] 
108.230: Total time for which application threads were stopped: 0.0007150 seconds, Stopping threads took: 0.0000690 seconds
108.359: Application time: 0.1289930 seconds
108.359: [GC [PSYoungGen: 23776K->256K(24064K)] 101846K->78374K(107008K), 0.0007120 secs] [Times: user=0.00 sys=0.00, real=0.00 secs] 
108.360: Total time for which application threads were stopped: 0.0008770 seconds, Stopping threads took: 0.0000700 seconds
108.489: Application time: 0.1296500 seconds
108.490: [GC [PSYoungGen: 23808K->304K(24064K)] 101926K->78598K(107008K), 0.0006080 secs] [Times: user=0.01 sys=0.00, real=0.00 secs] 
108.490: Total time for which application threads were stopped: 0.0007520 seconds, Stopping threads took: 0.0000660 seconds
108.620: Application time: 0.1294770 seconds
108.620: [GC [PSYoungGen: 23856K->256K(24064K)] 102150K->78726K(107008K), 0.0005740 secs] [Times: user=0.00 sys=0.00, real=0.00 secs] 
108.620: Total time for which application threads were stopped: 0.0007210 seconds, Stopping threads took: 0.0000700 seconds
108.750: Application time: 0.1296940 seconds
108.750: [GC [PSYoungGen: 23808K->112K(24064K)] 102278K->78690K(107008K), 0.0006750 secs] [Times: user=0.00 sys=0.00, real=0.00 secs] 
108.751: Total time for which application threads were stopped: 0.0008200 seconds, Stopping threads took: 0.0000520 seconds
108.882: Application time: 0.1310730 seconds
108.882: [GC [PSYoungGen: 23664K->256K(24064K)] 102242K->78930K(107008K), 0.0005270 secs] [Times: user=0.00 sys=0.00, real=0.00 secs] 
108.883: Total time for which application threads were stopped: 0.0006970 seconds, Stopping threads took: 0.0000910 seconds
109.013: Application time: 0.1303930 seconds
109.013: [GC [PSYoungGen: 23808K->256K(24064K)] 102482K->78979K(107008K), 0.0005430 secs] [Times: user=0.00 sys=0.00, real=0.00 secs] 
109.014: Total time for which application threads were stopped: 0.0006910 seconds, Stopping threads took: 0.0000690 seconds
109.141: Application time: 0.1273570 seconds
109.141: [GC [PSYoungGen: 23808K->368K(24064K)] 102531K->79139K(107008K), 0.0005700 secs] [Times: user=0.01 sys=0.00, real=0.00 secs] 
109.142: Total time for which application threads were stopped: 0.0007110 seconds, Stopping threads took: 0.0000620 seconds
109.272: Application time: 0.1302530 seconds
109.272: [GC [PSYoungGen: 23920K->256K(24064K)] 102691K->79275K(107008K), 0.0006880 secs] [Times: user=0.00 sys=0.00, real=0.00 secs] 
109.273: Total time for which application threads were stopped: 0.0008350 seconds, Stopping threads took: 0.0000600 seconds
109.402: Application time: 0.1292560 seconds
109.402: [GC [PSYoungGen: 23808K->176K(24064K)] 102827K->79283K(107008K), 0.0005990 secs] [Times: user=0.00 sys=0.00, real=0.00 secs] 
109.403: Total time for which application threads were stopped: 0.0007310 seconds, Stopping threads took: 0.0000530 seconds
109.533: Application time: 0.1296460 seconds
109.533: [GC [PSYoungGen: 23728K->256K(24064K)] 102835K->79499K(107008K), 0.0005840 secs] [Times: user=0.00 sys=0.00, real=0.00 secs] 
109.533: Total time for which application threads were stopped: 0.0007180 seconds, Stopping threads took: 0.0000570 seconds
109.664: Application time: 0.1306440 seconds
109.664: [GC [PSYoungGen: 23808K->256K(24064K)] 103051K->79619K(107008K), 0.0005470 secs] [Times: user=0.01 sys=0.00, real=0.00 secs] 
109.665: Total time for which application threads were stopped: 0.0006930 seconds, Stopping threads took: 0.0000670 seconds
109.794: Application time: 0.1298250 seconds
109.795: [GC [PSYoungGen: 23808K->224K(24064K)] 103171K->79611K(107008K), 0.0005610 secs] [Times: user=0.00 sys=0.00, real=0.00 secs] 
109.795: Total time for which application threads were stopped: 0.0007200 seconds, Stopping threads took: 0.0000660 seconds
109.923: Application time: 0.1273520 seconds
109.923: [GC [PSYoungGen: 23776K->384K(24064K)] 103163K->79819K(107008K), 0.0005910 secs] [Times: user=0.00 sys=0.00, real=0.00 secs] 
109.923: Total time for which application threads were stopped: 0.0007390 seconds, Stopping threads took: 0.0000700 seconds
110.053: Application time: 0.1296760 seconds
110.053: [GC [PSYoungGen: 23936K->160K(24064K)] 103371K->79843K(107008K), 0.0006830 secs] [Times: user=0.00 sys=0.00, real=0.00 secs] 
110.055: Total time for which application threads were stopped: 0.0017260 seconds, Stopping threads took: 0.0000610 seconds
110.184: Application time: 0.1288620 seconds
110.184: [GC [PSYoungGen: 23712K->256K(24064K)] 103395K->80019K(107008K), 0.0005610 secs] [Times: user=0.00 sys=0.00, real=0.00 secs] 
110.184: Total time for which application threads were stopped: 0.0007080 seconds, Stopping threads took: 0.0000660 seconds
110.314: Application time: 0.1295160 seconds
110.314: [GC [PSYoungGen: 23808K->256K(24064K)] 103571K->80155K(107008K), 0.0005870 secs] [Times: user=0.00 sys=0.00, real=0.00 secs] 
110.315: Total time for which application threads were stopped: 0.0007540 seconds, Stopping threads took: 0.0000770 seconds
110.445: Application time: 0.1300300 seconds
110.445: [GC [PSYoungGen: 23808K->256K(24064K)] 103707K->80276K(107008K), 0.0005440 secs] [Times: user=0.00 sys=0.00, real=0.00 secs] 
110.445: Total time for which application threads were stopped: 0.0006860 seconds, Stopping threads took: 0.0000620 seconds
110.575: Application time: 0.1297760 seconds
110.575: [GC [PSYoungGen: 23808K->256K(24064K)] 103828K->80300K(107008K), 0.0005420 secs] [Times: user=0.00 sys=0.00, real=0.00 secs] 
110.576: Total time for which application threads were stopped: 0.0006750 seconds, Stopping threads took: 0.0000560 seconds
110.704: Application time: 0.1280250 seconds
110.704: [GC [PSYoungGen: 23801K->320K(24064K)] 103845K->80412K(107008K), 0.0005980 secs] [Times: user=0.00 sys=0.00, real=0.00 secs] 
110.704: Total time for which application threads were stopped: 0.0007410 seconds, Stopping threads took: 0.0000620 seconds
110.834: Application time: 0.1296790 seconds
110.834: [GC [PSYoungGen: 23872K->272K(24064K)] 103964K->80604K(107008K), 0.0005840 secs] [Times: user=0.01 sys=0.00, real=0.00 secs] 
110.835: Total time for which application threads were stopped: 0.0007440 seconds, Stopping threads took: 0.0000680 seconds
110.964: Application time: 0.1291770 seconds
110.964: [GC [PSYoungGen: 23824K->272K(24064K)] 104156K->80716K(107008K), 0.0005810 secs] [Times: user=0.00 sys=0.00, real=0.00 secs] 
110.965: Total time for which application threads were stopped: 0.0007240 seconds, Stopping threads took: 0.0000640 seconds
111.094: Application time: 0.1294450 seconds
111.094: [GC [PSYoungGen: 23824K->256K(24064K)] 104268K->80820K(107008K), 0.0005790 secs] [Times: user=0.01 sys=0.00, real=0.00 secs] 
111.095: Total time for which application threads were stopped: 0.0007140 seconds, Stopping threads took: 0.0000580 seconds
111.225: Application time: 0.1301410 seconds
111.225: [GC [PSYoungGen: 23808K->256K(24064K)] 104372K->80940K(107008K), 0.0005550 secs] [Times: user=0.01 sys=0.00, real=0.01 secs] 
111.226: Total time for which application threads were stopped: 0.0007000 seconds, Stopping threads took: 0.0000660 seconds
111.356: Application time: 0.1302320 seconds
111.356: [GC [PSYoungGen: 23808K->128K(24064K)] 104492K->80836K(107008K), 0.0006120 secs] [Times: user=0.00 sys=0.00, real=0.00 secs] 
111.357: Total time for which application threads were stopped: 0.0007710 seconds, Stopping threads took: 0.0000690 seconds
111.484: Application time: 0.1268780 seconds
111.484: [GC [PSYoungGen: 23680K->352K(24064K)] 104388K->81108K(107008K), 0.0005910 secs] [Times: user=0.01 sys=0.00, real=0.00 secs] 
111.484: Total time for which application threads were stopped: 0.0007190 seconds, Stopping threads took: 0.0000510 seconds
111.614: Application time: 0.1297360 seconds
111.614: [GC [PSYoungGen: 23904K->288K(24064K)] 104660K->81304K(107008K), 0.0005840 secs] [Times: user=0.01 sys=0.00, real=0.00 secs] 
111.615: Total time for which application threads were stopped: 0.0007220 seconds, Stopping threads took: 0.0000550 seconds
111.743: Application time: 0.1284720 seconds
111.743: [GC [PSYoungGen: 23840K->272K(24064K)] 104856K->81360K(107008K), 0.0005690 secs] [Times: user=0.00 sys=0.00, real=0.00 secs] 
111.744: Total time for which application threads were stopped: 0.0007170 seconds, Stopping threads took: 0.0000690 seconds
111.874: Application time: 0.1298750 seconds
111.874: [GC [PSYoungGen: 23824K->256K(24064K)] 104912K->81473K(107008K), 0.0005600 secs] [Times: user=0.00 sys=0.00, real=0.00 secs] 
111.875: Total time for which application threads were stopped: 0.0007200 seconds, Stopping threads took: 0.0000630 seconds
112.005: Application time: 0.1302480 seconds
112.005: [GC [PSYoungGen: 23808K->256K(24064K)] 105025K->81569K(107008K), 0.0005590 secs] [Times: user=0.00 sys=0.00, real=0.01 secs] 
112.006: Total time for which application threads were stopped: 0.0006990 seconds, Stopping threads took: 0.0000610 seconds
112.135: Application time: 0.1295640 seconds
112.135: [GC [PSYoungGen: 23808K->256K(24064K)] 105121K->81617K(107008K), 0.0005330 secs] [Times: user=0.00 sys=0.00, real=0.00 secs] 
112.136: Total time for which application threads were stopped: 0.0006670 seconds, Stopping threads took: 0.0000540 seconds
112.264: Application time: 0.1281610 seconds
112.264: [GC [PSYoungGen: 23808K->384K(24064K)] 105169K->81793K(107008K), 0.0006030 secs] [Times: user=0.00 sys=0.00, real=0.00 secs] 
112.265: Total time for which application threads were stopped: 0.0007390 seconds, Stopping threads took: 0.0000540 seconds
112.395: Application time: 0.1298980 seconds
112.395: [GC [PSYoungGen: 23936K->288K(24064K)] 105345K->81917K(107008K), 0.0005980 secs] [Times: user=0.01 sys=0.00, real=0.00 secs] 
112.395: Total time for which application threads were stopped: 0.0007570 seconds, Stopping threads took: 0.0000620 seconds
112.525: Application time: 0.1291050 seconds
112.525: [GC [PSYoungGen: 23840K->272K(24064K)] 105469K->82021K(107008K), 0.0005900 secs] [Times: user=0.00 sys=0.00, real=0.00 secs] 
112.525: Total time for which application threads were stopped: 0.0007350 seconds, Stopping threads took: 0.0000620 seconds
112.655: Application time: 0.1296120 seconds
112.655: [GC [PSYoungGen: 23824K->256K(24064K)] 105573K->82133K(107008K), 0.0005950 secs] [Times: user=0.00 sys=0.00, real=0.00 secs] 
112.656: Total time for which application threads were stopped: 0.0007400 seconds, Stopping threads took: 0.0000650 seconds
112.786: Application time: 0.1308680 seconds
112.787: [GC [PSYoungGen: 23808K->192K(24064K)] 105685K->82181K(107008K), 0.0005800 secs] [Times: user=0.00 sys=0.00, real=0.00 secs] 
112.787: Total time for which application threads were stopped: 0.0007170 seconds, Stopping threads took: 0.0000550 seconds
112.917: Application time: 0.1299040 seconds
112.917: [GC [PSYoungGen: 23744K->256K(24064K)] 105733K->82269K(107008K), 0.0005400 secs] [Times: user=0.01 sys=0.00, real=0.01 secs] 
112.918: Total time for which application threads were stopped: 0.0006950 seconds, Stopping threads took: 0.0000550 seconds
113.046: Application time: 0.1276930 seconds
113.046: [GC [PSYoungGen: 23808K->320K(24064K)] 105821K->82381K(107008K), 0.0006000 secs] [Times: user=0.00 sys=0.00, real=0.00 secs] 
113.046: Total time for which application threads were stopped: 0.0007420 seconds, Stopping threads took: 0.0000630 seconds
113.176: Application time: 0.1294500 seconds
113.176: [GC [PSYoungGen: 23872K->256K(24064K)] 105933K->82557K(107008K), 0.0006090 secs] [Times: user=0.00 sys=0.00, real=0.00 secs] 
113.176: Total time for which application threads were stopped: 0.0007470 seconds, Stopping threads took: 0.0000570 seconds
113.306: Application time: 0.1291550 seconds
113.306: [GC [PSYoungGen: 23808K->256K(24064K)] 106109K->82653K(107008K), 0.0005560 secs] [Times: user=0.01 sys=0.00, real=0.00 secs] 
113.306: Total time for which application threads were stopped: 0.0007040 seconds, Stopping threads took: 0.0000670 seconds
113.436: Application time: 0.1299160 seconds
113.436: [GC [PSYoungGen: 23808K->256K(24064K)] 106205K->82782K(107008K), 0.0005770 secs] [Times: user=0.00 sys=0.00, real=0.00 secs] 
113.437: Total time for which application threads were stopped: 0.0007220 seconds, Stopping threads took: 0.0000550 seconds
113.567: Application time: 0.1300600 seconds
113.567: [GC [PSYoungGen: 23808K->256K(24064K)] 106334K->82902K(107008K), 0.0005610 secs] [Times: user=0.00 sys=0.00, real=0.00 secs] 
113.568: Total time for which application threads were stopped: 0.0007120 seconds, Stopping threads took: 0.0000660 seconds
113.697: Application time: 0.1296560 seconds
113.698: [GC [PSYoungGen: 23808K->256K(24064K)] 106454K->82926K(107008K), 0.0005420 secs] [Times: user=0.00 sys=0.00, real=0.01 secs] 
113.698: Total time for which application threads were stopped: 0.0006890 seconds, Stopping threads took: 0.0000650 seconds
113.826: Application time: 0.1279960 seconds
113.826: [GC [PSYoungGen: 23808K->368K(24064K)] 106478K->83086K(107008K), 0.0005830 secs] [Times: user=0.00 sys=0.00, real=0.00 secs] 
113.827: [Full GC [PSYoungGen: 368K->0K(24064K)] [ParOldGen: 82718K->2893K(34816K)] 83086K->2893K(58880K) [PSPermGen: 6073K->6054K(21504K)], 0.0187420 secs] [Times: user=0.09 sys=0.01, real=0.02 secs] 
113.846: Total time for which application threads were stopped: 0.0195150 seconds, Stopping threads took: 0.0000590 seconds
113.975: Application time: 0.1294110 seconds
113.975: [GC [PSYoungGen: 23552K->256K(24064K)] 26445K->3149K(58880K), 0.0004040 secs] [Times: user=0.01 sys=0.00, real=0.00 secs] 
113.976: Total time for which application threads were stopped: 0.0005540 seconds, Stopping threads took: 0.0000590 seconds
114.105: Application time: 0.1290930 seconds
114.105: [GC [PSYoungGen: 23808K->288K(24064K)] 26701K->3277K(58880K), 0.0004500 secs] [Times: user=0.00 sys=0.00, real=0.00 secs] 
114.105: Total time for which application threads were stopped: 0.0006090 seconds, Stopping threads took: 0.0000780 seconds
114.235: Application time: 0.1298270 seconds
114.238: [GC [PSYoungGen: 23840K->272K(24064K)] 26829K->3389K(58880K), 0.0004680 secs] [Times: user=0.00 sys=0.00, real=0.00 secs] 
114.238: Total time for which application threads were stopped: 0.0030400 seconds, Stopping threads took: 0.0024940 seconds
114.368: Application time: 0.1301580 seconds
114.368: [GC [PSYoungGen: 23824K->256K(24064K)] 26941K->3494K(58880K), 0.0004770 secs] [Times: user=0.00 sys=0.00, real=0.00 secs] 
114.369: Total time for which application threads were stopped: 0.0006410 seconds, Stopping threads took: 0.0000800 seconds
114.499: Application time: 0.1301810 seconds
114.499: [GC [PSYoungGen: 23808K->224K(24064K)] 27046K->3486K(58880K), 0.0004790 secs] [Times: user=0.00 sys=0.00, real=0.00 secs] 
114.500: Total time for which application threads were stopped: 0.0006300 seconds, Stopping threads took: 0.0000590 seconds
114.627: Application time: 0.1269620 seconds
114.627: [GC [PSYoungGen: 23776K->384K(24064K)] 27038K->3694K(58880K), 0.0005000 secs] [Times: user=0.00 sys=0.00, real=0.00 secs] 
114.627: Total time for which application threads were stopped: 0.0006400 seconds, Stopping threads took: 0.0000570 seconds
114.757: Application time: 0.1291310 seconds
114.757: [GC [PSYoungGen: 23936K->256K(24064K)] 27246K->3822K(58880K), 0.0004780 secs] [Times: user=0.01 sys=0.00, real=0.00 secs] 
114.757: Total time for which application threads were stopped: 0.0006230 seconds, Stopping threads took: 0.0000640 seconds
114.887: Application time: 0.1294650 seconds
114.887: [GC [PSYoungGen: 23808K->272K(24064K)] 27374K->3902K(58880K), 0.0004600 secs] [Times: user=0.00 sys=0.00, real=0.00 secs] 
114.887: Total time for which application threads were stopped: 0.0006050 seconds, Stopping threads took: 0.0000660 seconds
115.017: Application time: 0.1295220 seconds
115.017: [GC [PSYoungGen: 23824K->256K(24064K)] 27454K->4010K(58880K), 0.0004870 secs] [Times: user=0.00 sys=0.00, real=0.00 secs] 
115.017: Total time for which application threads were stopped: 0.0006250 seconds, Stopping threads took: 0.0000510 seconds
115.147: Application time: 0.1293000 seconds
115.147: [GC [PSYoungGen: 23808K->224K(24064K)] 27562K->4098K(58880K), 0.0004900 secs] [Times: user=0.00 sys=0.00, real=0.00 secs] 
115.148: Total time for which application threads were stopped: 0.0016780 seconds, Stopping threads took: 0.0000540 seconds
115.279: Application time: 0.1302180 seconds
115.279: [GC [PSYoungGen: 23776K->256K(24064K)] 27650K->4178K(58880K), 0.0004860 secs] [Times: user=0.00 sys=0.00, real=0.00 secs] 
115.279: Total time for which application threads were stopped: 0.0006520 seconds, Stopping threads took: 0.0000840 seconds
115.407: Application time: 0.1273940 seconds
115.407: [GC [PSYoungGen: 23808K->384K(24064K)] 27730K->4330K(58880K), 0.0004740 secs] [Times: user=0.00 sys=0.00, real=0.00 secs] 
115.407: Total time for which application threads were stopped: 0.0006260 seconds, Stopping threads took: 0.0000720 seconds
115.536: Application time: 0.1288180 seconds
115.536: [GC [PSYoungGen: 23936K->256K(24064K)] 27882K->4466K(58880K), 0.0005020 secs] [Times: user=0.00 sys=0.00, real=0.00 secs] 
115.537: Total time for which application threads were stopped: 0.0006480 seconds, Stopping threads took: 0.0000560 seconds
115.667: Application time: 0.1298270 seconds
115.667: [GC [PSYoungGen: 23808K->288K(24064K)] 28018K->4626K(58880K), 0.0004990 secs] [Times: user=0.00 sys=0.00, real=0.00 secs] 
115.667: Total time for which application threads were stopped: 0.0006520 seconds, Stopping threads took: 0.0000740 seconds
115.797: Application time: 0.1299430 seconds
115.797: [GC [PSYoungGen: 23840K->256K(24064K)] 28178K->4666K(58880K), 0.0004100 secs] [Times: user=0.00 sys=0.00, real=0.01 secs] 
115.798: Total time for which application threads were stopped: 0.0005550 seconds, Stopping threads took: 0.0000710 seconds
115.927: Application time: 0.1297280 seconds
115.928: [GC [PSYoungGen: 23808K->256K(24064K)] 28218K->4787K(58880K), 0.0004770 secs] [Times: user=0.00 sys=0.00, real=0.00 secs] 
115.928: Total time for which application threads were stopped: 0.0006180 seconds, Stopping threads took: 0.0000650 seconds
116.058: Application time: 0.1302170 seconds
116.058: [GC [PSYoungGen: 23808K->256K(24064K)] 28339K->4859K(58880K), 0.0004570 secs] [Times: user=0.00 sys=0.00, real=0.00 secs] 
116.059: Total time for which application threads were stopped: 0.0006120 seconds, Stopping threads took: 0.0000650 seconds
116.186: Application time: 0.1273450 seconds
116.186: [GC [PSYoungGen: 23794K->416K(24064K)] 28397K->5019K(58880K), 0.0004540 secs] [Times: user=0.00 sys=0.00, real=0.00 secs] 
116.187: Total time for which application threads were stopped: 0.0005860 seconds, Stopping threads took: 0.0000510 seconds
116.315: Application time: 0.1284360 seconds
116.315: [GC [PSYoungGen: 23968K->304K(24064K)] 28571K->5155K(58880K), 0.0004790 secs] [Times: user=0.00 sys=0.00, real=0.00 secs] 
116.316: Total time for which application threads were stopped: 0.0006140 seconds, Stopping threads took: 0.0000570 seconds
116.446: Application time: 0.1299040 seconds
116.446: [GC [PSYoungGen: 23856K->256K(24064K)] 28707K->5283K(58880K), 0.0004380 secs] [Times: user=0.00 sys=0.00, real=0.00 secs] 
116.446: Total time for which application threads were stopped: 0.0005790 seconds, Stopping threads took: 0.0000650 seconds
116.576: Application time: 0.1292160 seconds
116.576: [GC [PSYoungGen: 23808K->256K(24064K)] 28835K->5283K(58880K), 0.0004240 secs] [Times: user=0.00 sys=0.00, real=0.00 secs] 
116.576: Total time for which application threads were stopped: 0.0005700 seconds, Stopping threads took: 0.0000610 seconds
116.707: Application time: 0.1304430 seconds
116.707: [GC [PSYoungGen: 23808K->256K(24064K)] 28835K->5427K(58880K), 0.0004140 secs] [Times: user=0.00 sys=0.00, real=0.00 secs] 
116.707: Total time for which application threads were stopped: 0.0005430 seconds, Stopping threads took: 0.0000510 seconds
116.838: Application time: 0.1304100 seconds
116.838: [GC [PSYoungGen: 23808K->224K(24064K)] 28979K->5443K(58880K), 0.0004670 secs] [Times: user=0.00 sys=0.00, real=0.00 secs] 
116.838: Total time for which application threads were stopped: 0.0006030 seconds, Stopping threads took: 0.0000630 seconds
116.965: Application time: 0.1270960 seconds
116.965: [GC [PSYoungGen: 23776K->416K(24064K)] 28995K->5635K(58880K), 0.0004820 secs] [Times: user=0.00 sys=0.00, real=0.01 secs] 
116.966: Total time for which application threads were stopped: 0.0006110 seconds, Stopping threads took: 0.0000560 seconds
117.095: Application time: 0.1289570 seconds
117.095: [GC [PSYoungGen: 23968K->224K(24064K)] 29187K->5739K(58880K), 0.0005450 secs] [Times: user=0.00 sys=0.00, real=0.00 secs] 
117.095: Total time for which application threads were stopped: 0.0006940 seconds, Stopping threads took: 0.0000610 seconds
117.226: Application time: 0.1303330 seconds
117.226: [GC [PSYoungGen: 23776K->256K(24064K)] 29291K->5892K(58880K), 0.0004470 secs] [Times: user=0.00 sys=0.00, real=0.00 secs] 
117.226: Total time for which application threads were stopped: 0.0005860 seconds, Stopping threads took: 0.0000620 seconds
117.356: Application time: 0.1296370 seconds
117.356: [GC [PSYoungGen: 23808K->256K(24064K)] 29444K->5892K(58880K), 0.0004190 secs] [Times: user=0.00 sys=0.00, real=0.00 secs] 
117.357: Total time for which application threads were stopped: 0.0005530 seconds, Stopping threads took: 0.0000540 seconds
117.487: Application time: 0.1302480 seconds
117.487: [GC [PSYoungGen: 23808K->224K(24064K)] 29444K->5996K(58880K), 0.0004590 secs] [Times: user=0.00 sys=0.00, real=0.00 secs] 
117.487: Total time for which application threads were stopped: 0.0006020 seconds, Stopping threads took: 0.0000640 seconds
117.618: Application time: 0.1302300 seconds
117.618: [GC [PSYoungGen: 23776K->256K(24064K)] 29548K->6076K(58880K), 0.0004050 secs] [Times: user=0.00 sys=0.00, real=0.00 secs] 
117.618: Total time for which application threads were stopped: 0.0005530 seconds, Stopping threads took: 0.0000560 seconds
117.745: Application time: 0.1268580 seconds
117.745: [GC [PSYoungGen: 23808K->400K(24064K)] 29628K->6220K(58880K), 0.0004480 secs] [Times: user=0.00 sys=0.00, real=0.01 secs] 
117.746: Total time for which application threads were stopped: 0.0005720 seconds, Stopping threads took: 0.0000480 seconds
117.875: Application time: 0.1292470 seconds
117.875: [GC [PSYoungGen: 23952K->288K(24064K)] 29772K->6412K(58880K), 0.0005520 secs] [Times: user=0.00 sys=0.00, real=0.00 secs] 
117.876: Total time for which application threads were stopped: 0.0006870 seconds, Stopping threads took: 0.0000610 seconds
118.006: Application time: 0.1307140 seconds
118.006: [GC [PSYoungGen: 23840K->256K(24064K)] 29964K->6508K(58880K), 0.0004660 secs] [Times: user=0.00 sys=0.00, real=0.00 secs] 
118.007: Total time for which application threads were stopped: 0.0006040 seconds, Stopping threads took: 0.0000590 seconds
118.137: Application time: 0.1296780 seconds
118.137: [GC [PSYoungGen: 23808K->256K(24064K)] 30060K->6508K(58880K), 0.0003990 secs] [Times: user=0.00 sys=0.00, real=0.00 secs] 
118.137: Total time for which application threads were stopped: 0.0005410 seconds, Stopping threads took: 0.0000630 seconds
118.267: Application time: 0.1300450 seconds
118.267: [GC [PSYoungGen: 23808K->256K(24064K)] 30060K->6652K(58880K), 0.0004520 secs] [Times: user=0.00 sys=0.00, real=0.00 secs] 
118.268: Total time for which application threads were stopped: 0.0005850 seconds, Stopping threads took: 0.0000560 seconds
118.398: Application time: 0.1299850 seconds
118.398: [GC [PSYoungGen: 23808K->256K(24064K)] 30204K->6700K(58880K), 0.0004620 secs] [Times: user=0.00 sys=0.00, real=0.00 secs] 
118.398: Total time for which application threads were stopped: 0.0006250 seconds, Stopping threads took: 0.0000860 seconds
118.525: Application time: 0.1264190 seconds
118.525: [GC [PSYoungGen: 23808K->400K(24064K)] 30252K->6844K(58880K), 0.0004720 secs] [Times: user=0.00 sys=0.00, real=0.00 secs] 
118.525: Total time for which application threads were stopped: 0.0006080 seconds, Stopping threads took: 0.0000590 seconds
118.654: Application time: 0.1286560 seconds
118.654: [GC [PSYoungGen: 23952K->256K(24064K)] 30396K->6996K(58880K), 0.0005520 secs] [Times: user=0.00 sys=0.00, real=0.00 secs] 
118.655: Total time for which application threads were stopped: 0.0006930 seconds, Stopping threads took: 0.0000570 seconds
118.785: Application time: 0.1305680 seconds
118.785: [GC [PSYoungGen: 23808K->256K(24064K)] 30548K->7125K(58880K), 0.0004510 secs] [Times: user=0.00 sys=0.00, real=0.01 secs] 
118.786: Total time for which application threads were stopped: 0.0005930 seconds, Stopping threads took: 0.0000540 seconds
118.916: Application time: 0.1296810 seconds
118.916: [GC [PSYoungGen: 23808K->256K(24064K)] 30677K->7125K(58880K), 0.0004290 secs] [Times: user=0.00 sys=0.00, real=0.00 secs] 
118.916: Total time for which application threads were stopped: 0.0005590 seconds, Stopping threads took: 0.0000530 seconds
119.047: Application time: 0.1306660 seconds
119.047: [GC [PSYoungGen: 23808K->256K(24064K)] 30677K->7269K(58880K), 0.0004480 secs] [Times: user=0.01 sys=0.00, real=0.00 secs] 
119.047: Total time for which application threads were stopped: 0.0005880 seconds, Stopping threads took: 0.0000580 seconds
119.178: Application time: 0.1303640 seconds
119.178: [GC [PSYoungGen: 23808K->256K(24064K)] 30821K->7317K(58880K), 0.0004260 secs] [Times: user=0.00 sys=0.00, real=0.00 secs] 
119.178: Total time for which application threads were stopped: 0.0005660 seconds, Stopping threads took: 0.0000500 seconds
119.305: Application time: 0.1270810 seconds
119.306: [GC [PSYoungGen: 23808K->352K(24064K)] 30869K->7413K(58880K), 0.0004610 secs] [Times: user=0.00 sys=0.00, real=0.00 secs] 
119.306: Total time for which application threads were stopped: 0.0005990 seconds, Stopping threads took: 0.0000550 seconds
119.435: Application time: 0.1287090 seconds
119.435: [GC [PSYoungGen: 23904K->288K(24064K)] 30965K->7637K(58880K), 0.0006730 secs] [Times: user=0.00 sys=0.00, real=0.00 secs] 
119.436: Total time for which application threads were stopped: 0.0007960 seconds, Stopping threads took: 0.0000520 seconds
119.566: Application time: 0.1300480 seconds
119.566: [GC [PSYoungGen: 23840K->256K(24064K)] 31189K->7725K(58880K), 0.0004310 secs] [Times: user=0.00 sys=0.00, real=0.00 secs] 
119.566: Total time for which application threads were stopped: 0.0005770 seconds, Stopping threads took: 0.0000670 seconds
119.696: Application time: 0.1298040 seconds
119.696: [GC [PSYoungGen: 23808K->256K(24064K)] 31277K->7725K(58880K), 0.0004310 secs] [Times: user=0.00 sys=0.00, real=0.00 secs] 
119.697: Total time for which application threads were stopped: 0.0005750 seconds, Stopping threads took: 0.0000530 seconds
119.826: Application time: 0.1297960 seconds
119.827: [GC [PSYoungGen: 23808K->256K(24064K)] 31277K->7869K(58880K), 0.0004310 secs] [Times: user=0.00 sys=0.00, real=0.00 secs] 
119.827: Total time for which application threads were stopped: 0.0005670 seconds, Stopping threads took: 0.0000600 seconds
119.957: Application time: 0.1303420 seconds
119.957: [GC [PSYoungGen: 23808K->256K(24064K)] 31421K->7917K(58880K), 0.0004170 secs] [Times: user=0.00 sys=0.00, real=0.01 secs] 
119.958: Total time for which application threads were stopped: 0.0005550 seconds, Stopping threads took: 0.0000590 seconds
120.084: Application time: 0.1266390 seconds
120.085: [GC [PSYoungGen: 23808K->384K(24064K)] 31469K->8045K(58880K), 0.0004580 secs] [Times: user=0.00 sys=0.00, real=0.00 secs] 
120.085: Total time for which application threads were stopped: 0.0005940 seconds, Stopping threads took: 0.0000630 seconds
120.213: Application time: 0.1283530 seconds
120.214: [GC [PSYoungGen: 23936K->256K(24064K)] 31597K->8225K(58880K), 0.0005040 secs] [Times: user=0.00 sys=0.00, real=0.00 secs] 
120.214: Total time for which application threads were stopped: 0.0006450 seconds, Stopping threads took: 0.0000570 seconds
120.344: Application time: 0.1300910 seconds
120.344: [GC [PSYoungGen: 23808K->256K(24064K)] 31777K->8354K(58880K), 0.0004100 secs] [Times: user=0.00 sys=0.00, real=0.00 secs] 
120.345: Total time for which application threads were stopped: 0.0005420 seconds, Stopping threads took: 0.0000560 seconds
120.475: Application time: 0.1298610 seconds
120.475: [GC [PSYoungGen: 23808K->256K(24064K)] 31906K->8354K(58880K), 0.0004670 secs] [Times: user=0.00 sys=0.00, real=0.00 secs] 
120.475: Total time for which application threads were stopped: 0.0006120 seconds, Stopping threads took: 0.0000500 seconds
120.605: Application time: 0.1298280 seconds
120.605: [GC [PSYoungGen: 23808K->256K(24064K)] 31906K->8498K(58880K), 0.0004170 secs] [Times: user=0.00 sys=0.01, real=0.01 secs] 
120.606: Total time for which application threads were stopped: 0.0005520 seconds, Stopping threads took: 0.0000600 seconds
120.736: Application time: 0.1301590 seconds
120.736: [GC [PSYoungGen: 23808K->256K(24064K)] 32050K->8546K(58880K), 0.0004020 secs] [Times: user=0.00 sys=0.00, real=0.00 secs] 
120.736: Total time for which application threads were stopped: 0.0005430 seconds, Stopping threads took: 0.0000560 seconds
120.863: Application time: 0.1271150 seconds
120.864: [GC [PSYoungGen: 23808K->352K(24064K)] 32098K->8642K(58880K), 0.0004550 secs] [Times: user=0.00 sys=0.00, real=0.00 secs] 
120.864: Total time for which application threads were stopped: 0.0005760 seconds, Stopping threads took: 0.0000500 seconds
120.993: Application time: 0.1289340 seconds
120.993: [GC [PSYoungGen: 23904K->272K(24064K)] 32194K->8874K(58880K), 0.0004970 secs] [Times: user=0.00 sys=0.00, real=0.00 secs] 
120.994: Total time for which application threads were stopped: 0.0006380 seconds, Stopping threads took: 0.0000630 seconds
121.123: Application time: 0.1298480 seconds
121.124: [GC [PSYoungGen: 23824K->256K(24064K)] 32426K->8986K(58880K), 0.0004280 secs] [Times: user=0.00 sys=0.00, real=0.00 secs] 
121.124: Total time for which application threads were stopped: 0.0005680 seconds, Stopping threads took: 0.0000640 seconds
121.254: Application time: 0.1300490 seconds
121.258: [GC [PSYoungGen: 23808K->256K(24064K)] 32538K->8986K(58880K), 0.0004090 secs] [Times: user=0.00 sys=0.00, real=0.00 secs] 
121.258: Total time for which application threads were stopped: 0.0040730 seconds, Stopping threads took: 0.0035780 seconds
121.388: Application time: 0.1295720 seconds
121.388: [GC [PSYoungGen: 23808K->256K(24064K)] 32538K->9130K(58880K), 0.0004770 secs] [Times: user=0.00 sys=0.00, real=0.00 secs] 
121.388: Total time for which application threads were stopped: 0.0006160 seconds, Stopping threads took: 0.0000640 seconds
121.518: Application time: 0.1300010 seconds
121.518: [GC [PSYoungGen: 23808K->256K(24064K)] 32682K->9178K(58880K), 0.0004120 secs] [Times: user=0.00 sys=0.00, real=0.00 secs] 
121.519: Total time for which application threads were stopped: 0.0005660 seconds, Stopping threads took: 0.0000760 seconds
121.646: Application time: 0.1269420 seconds
121.646: [GC [PSYoungGen: 23808K->384K(24064K)] 32730K->9306K(58880K), 0.0004710 secs] [Times: user=0.01 sys=0.00, real=0.00 secs] 
121.646: Total time for which application threads were stopped: 0.0005990 seconds, Stopping threads took: 0.0000510 seconds
121.775: Application time: 0.1289060 seconds
121.776: [GC [PSYoungGen: 23936K->256K(24064K)] 32858K->9478K(58880K), 0.0005200 secs] [Times: user=0.00 sys=0.00, real=0.00 secs] 
121.776: Total time for which application threads were stopped: 0.0010800 seconds, Stopping threads took: 0.0004610 seconds
121.907: Application time: 0.1301260 seconds
121.907: [GC [PSYoungGen: 23808K->256K(24064K)] 33030K->9611K(58880K), 0.0004170 secs] [Times: user=0.00 sys=0.00, real=0.00 secs] 
121.907: Total time for which application threads were stopped: 0.0005440 seconds, Stopping threads took: 0.0000530 seconds
122.037: Application time: 0.1296420 seconds
122.037: [GC [PSYoungGen: 23808K->256K(24064K)] 33163K->9611K(58880K), 0.0004150 secs] [Times: user=0.00 sys=0.00, real=0.00 secs] 
122.037: Total time for which application threads were stopped: 0.0005390 seconds, Stopping threads took: 0.0000490 seconds
122.167: Application time: 0.1299560 seconds
122.167: [GC [PSYoungGen: 23808K->256K(24064K)] 33163K->9755K(58880K), 0.0004690 secs] [Times: user=0.00 sys=0.00, real=0.00 secs] 
122.168: Total time for which application threads were stopped: 0.0006070 seconds, Stopping threads took: 0.0000600 seconds
122.298: Application time: 0.1303350 seconds
122.298: [GC [PSYoungGen: 23808K->256K(24064K)] 33307K->9803K(58880K), 0.0004040 secs] [Times: user=0.00 sys=0.00, real=0.00 secs] 
122.299: Total time for which application threads were stopped: 0.0005620 seconds, Stopping threads took: 0.0000640 seconds
122.425: Application time: 0.1261280 seconds
122.425: [GC [PSYoungGen: 23808K->400K(24064K)] 33355K->9947K(58880K), 0.0004710 secs] [Times: user=0.00 sys=0.00, real=0.00 secs] 
122.425: Total time for which application threads were stopped: 0.0006050 seconds, Stopping threads took: 0.0000570 seconds
122.555: Application time: 0.1290620 seconds
122.555: [GC [PSYoungGen: 23952K->256K(24064K)] 33499K->10103K(58880K), 0.0005150 secs] [Times: user=0.00 sys=0.00, real=0.00 secs] 
122.555: Total time for which application threads were stopped: 0.0006380 seconds, Stopping threads took: 0.0000480 seconds
122.685: Application time: 0.1301030 seconds
122.685: [GC [PSYoungGen: 23808K->256K(24064K)] 33655K->10215K(58880K), 0.0004420 secs] [Times: user=0.01 sys=0.00, real=0.01 secs] 
122.686: Total time for which application threads were stopped: 0.0005720 seconds, Stopping threads took: 0.0000520 seconds
122.816: Application time: 0.1305650 seconds
122.817: [GC [PSYoungGen: 23808K->192K(24064K)] 33767K->10151K(58880K), 0.0004720 secs] [Times: user=0.00 sys=0.00, real=0.00 secs] 
122.817: Total time for which application threads were stopped: 0.0006210 seconds, Stopping threads took: 0.0000600 seconds
122.947: Application time: 0.1301450 seconds
122.947: [GC [PSYoungGen: 23744K->256K(24064K)] 33703K->10359K(58880K), 0.0004540 secs] [Times: user=0.00 sys=0.00, real=0.00 secs] 
122.948: Total time for which application threads were stopped: 0.0005940 seconds, Stopping threads took: 0.0000620 seconds
123.078: Application time: 0.1303730 seconds
123.078: [GC [PSYoungGen: 23808K->256K(24064K)] 33911K->10407K(58880K), 0.0003960 secs] [Times: user=0.00 sys=0.00, real=0.00 secs] 
123.079: Total time for which application threads were stopped: 0.0005200 seconds, Stopping threads took: 0.0000480 seconds
123.206: Application time: 0.1269480 seconds
123.206: [GC [PSYoungGen: 23808K->416K(24064K)] 33959K->10567K(58880K), 0.0004810 secs] [Times: user=0.00 sys=0.00, real=0.00 secs] 
123.206: Total time for which application threads were stopped: 0.0006110 seconds, Stopping threads took: 0.0000540 seconds
123.335: Application time: 0.1292240 seconds
123.336: [GC [PSYoungGen: 23968K->288K(24064K)] 34119K->10748K(58880K), 0.0004980 secs] [Times: user=0.01 sys=0.00, real=0.00 secs] 
123.336: Total time for which application threads were stopped: 0.0006370 seconds, Stopping threads took: 0.0000570 seconds
123.466: Application time: 0.1302030 seconds
123.466: [GC [PSYoungGen: 23840K->256K(24064K)] 34300K->10844K(58880K), 0.0004310 secs] [Times: user=0.00 sys=0.00, real=0.00 secs] 
123.467: Total time for which application threads were stopped: 0.0005690 seconds, Stopping threads took: 0.0000570 seconds
123.597: Application time: 0.1296260 seconds
123.597: [GC [PSYoungGen: 23808K->256K(24064K)] 34396K->10844K(58880K), 0.0004280 secs] [Times: user=0.00 sys=0.00, real=0.00 secs] 
123.597: Total time for which application threads were stopped: 0.0005630 seconds, Stopping threads took: 0.0000600 seconds
123.727: Application time: 0.1302820 seconds
123.727: [GC [PSYoungGen: 23808K->256K(24064K)] 34396K->10988K(58880K), 0.0004480 secs] [Times: user=0.00 sys=0.00, real=0.00 secs] 
123.728: Total time for which application threads were stopped: 0.0005880 seconds, Stopping threads took: 0.0000630 seconds
123.859: Application time: 0.1305630 seconds
123.859: [GC [PSYoungGen: 23808K->256K(24064K)] 34540K->11036K(58880K), 0.0004360 secs] [Times: user=0.00 sys=0.00, real=0.00 secs] 
123.859: Total time for which application threads were stopped: 0.0005980 seconds, Stopping threads took: 0.0000670 seconds
123.986: Application time: 0.1268360 seconds
123.986: [GC [PSYoungGen: 23808K->400K(24064K)] 34588K->11180K(58880K), 0.0004840 secs] [Times: user=0.00 sys=0.00, real=0.00 secs] 
123.987: Total time for which application threads were stopped: 0.0006150 seconds, Stopping threads took: 0.0000540 seconds
124.115: Application time: 0.1288340 seconds
124.116: [GC [PSYoungGen: 23952K->288K(24064K)] 34732K->11364K(58880K), 0.0005530 secs] [Times: user=0.00 sys=0.00, real=0.00 secs] 
124.116: Total time for which application threads were stopped: 0.0006810 seconds, Stopping threads took: 0.0000510 seconds
124.247: Application time: 0.1307780 seconds
124.247: [GC [PSYoungGen: 23840K->256K(24064K)] 34916K->11468K(58880K), 0.0004510 secs] [Times: user=0.00 sys=0.00, real=0.00 secs] 
124.247: Total time for which application threads were stopped: 0.0005810 seconds, Stopping threads took: 0.0000530 seconds
124.377: Application time: 0.1297280 seconds
124.377: [GC [PSYoungGen: 23808K->256K(24064K)] 35020K->11468K(58880K), 0.0004430 secs] [Times: user=0.00 sys=0.00, real=0.01 secs] 
124.378: Total time for which application threads were stopped: 0.0005960 seconds, Stopping threads took: 0.0000640 seconds
124.508: Application time: 0.1303120 seconds
124.508: [GC [PSYoungGen: 23808K->256K(24064K)] 35020K->11612K(58880K), 0.0004260 secs] [Times: user=0.00 sys=0.00, real=0.00 secs] 
124.509: Total time for which application threads were stopped: 0.0005570 seconds, Stopping threads took: 0.0000550 seconds
124.639: Application time: 0.1300270 seconds
124.639: [GC [PSYoungGen: 23808K->256K(24064K)] 35164K->11660K(58880K), 0.0004220 secs] [Times: user=0.00 sys=0.00, real=0.00 secs] 
124.639: Total time for which application threads were stopped: 0.0005720 seconds, Stopping threads took: 0.0000690 seconds
124.766: Application time: 0.1265660 seconds
124.766: [GC [PSYoungGen: 23808K->384K(24064K)] 35212K->11788K(58880K), 0.0005560 secs] [Times: user=0.01 sys=0.00, real=0.00 secs] 
124.767: Total time for which application threads were stopped: 0.0006930 seconds, Stopping threads took: 0.0000610 seconds
124.896: Application time: 0.1293870 seconds
124.896: [GC [PSYoungGen: 23936K->288K(24064K)] 35340K->11989K(58880K), 0.0005250 secs] [Times: user=0.01 sys=0.00, real=0.00 secs] 
124.897: Total time for which application threads were stopped: 0.0006740 seconds, Stopping threads took: 0.0000600 seconds
125.026: Application time: 0.1299060 seconds
125.027: [GC [PSYoungGen: 23840K->256K(24064K)] 35541K->12077K(58880K), 0.0004080 secs] [Times: user=0.00 sys=0.00, real=0.00 secs] 
125.027: Total time for which application threads were stopped: 0.0005550 seconds, Stopping threads took: 0.0000720 seconds
125.156: Application time: 0.1294600 seconds
125.157: [GC [PSYoungGen: 23808K->256K(24064K)] 35629K->12077K(58880K), 0.0004350 secs] [Times: user=0.00 sys=0.00, real=0.00 secs] 
125.157: Total time for which application threads were stopped: 0.0005630 seconds, Stopping threads took: 0.0000530 seconds
125.287: Application time: 0.1303250 seconds
125.287: [GC [PSYoungGen: 23808K->256K(24064K)] 35629K->12221K(58880K), 0.0005020 secs] [Times: user=0.00 sys=0.00, real=0.00 secs] 
125.288: Total time for which application threads were stopped: 0.0006400 seconds, Stopping threads took: 0.0000610 seconds
125.418: Application time: 0.1298930 seconds
125.418: [GC [PSYoungGen: 23808K->256K(24064K)] 35773K->12269K(58880K), 0.0004350 secs] [Times: user=0.00 sys=0.00, real=0.00 secs] 
125.419: Total time for which application threads were stopped: 0.0005950 seconds, Stopping threads took: 0.0000690 seconds
125.545: Application time: 0.1267520 seconds
125.545: [GC [PSYoungGen: 23808K->384K(24064K)] 35821K->12397K(58880K), 0.0004750 secs] [Times: user=0.00 sys=0.00, real=0.01 secs] 
125.546: Total time for which application threads were stopped: 0.0006090 seconds, Stopping threads took: 0.0000570 seconds
125.675: Application time: 0.1291550 seconds
125.675: [GC [PSYoungGen: 23936K->288K(24064K)] 35949K->12597K(58880K), 0.0005460 secs] [Times: user=0.00 sys=0.00, real=0.00 secs] 
125.676: Total time for which application threads were stopped: 0.0007100 seconds, Stopping threads took: 0.0000850 seconds
125.806: Application time: 0.1301480 seconds
125.806: [GC [PSYoungGen: 23840K->256K(24064K)] 36149K->12685K(58880K), 0.0003850 secs] [Times: user=0.01 sys=0.00, real=0.00 secs] 
125.806: Total time for which application threads were stopped: 0.0005080 seconds, Stopping threads took: 0.0000540 seconds
125.936: Application time: 0.1296310 seconds
125.936: [GC [PSYoungGen: 23808K->256K(24064K)] 36237K->12685K(58880K), 0.0004990 secs] [Times: user=0.00 sys=0.00, real=0.00 secs] 
125.937: Total time for which application threads were stopped: 0.0006710 seconds, Stopping threads took: 0.0000790 seconds
126.068: Application time: 0.1309220 seconds
126.068: [GC [PSYoungGen: 23808K->256K(24064K)] 36237K->12829K(58880K), 0.0004870 secs] [Times: user=0.01 sys=0.00, real=0.00 secs] 
126.068: Total time for which application threads were stopped: 0.0006250 seconds, Stopping threads took: 0.0000550 seconds
126.198: Application time: 0.1296610 seconds
126.198: [GC [PSYoungGen: 23808K->256K(24064K)] 36381K->12877K(58880K), 0.0004380 secs] [Times: user=0.00 sys=0.00, real=0.00 secs] 
126.198: Total time for which application threads were stopped: 0.0005660 seconds, Stopping threads took: 0.0000540 seconds
126.326: Application time: 0.1273340 seconds
126.326: [GC [PSYoungGen: 23808K->384K(24064K)] 36429K->13005K(58880K), 0.0004600 secs] [Times: user=0.00 sys=0.00, real=0.00 secs] 
126.326: Total time for which application threads were stopped: 0.0005860 seconds, Stopping threads took: 0.0000510 seconds
126.455: Application time: 0.1285600 seconds
126.455: [GC [PSYoungGen: 23936K->272K(24064K)] 36557K->13202K(58880K), 0.0004860 secs] [Times: user=0.01 sys=0.00, real=0.00 secs] 
126.456: Total time for which application threads were stopped: 0.0006300 seconds, Stopping threads took: 0.0000630 seconds
126.586: Application time: 0.1301800 seconds
126.586: [GC [PSYoungGen: 23824K->256K(24064K)] 36754K->13322K(58880K), 0.0004090 secs] [Times: user=0.00 sys=0.00, real=0.00 secs] 
126.586: Total time for which application threads were stopped: 0.0005340 seconds, Stopping threads took: 0.0000500 seconds
126.716: Application time: 0.1301070 seconds
126.717: [GC [PSYoungGen: 23808K->256K(24064K)] 36874K->13322K(58880K), 0.0004320 secs] [Times: user=0.00 sys=0.00, real=0.00 secs] 
126.717: Total time for which application threads were stopped: 0.0005720 seconds, Stopping threads took: 0.0000610 seconds
126.847: Application time: 0.1302540 seconds
126.847: [GC [PSYoungGen: 23808K->256K(24064K)] 36874K->13466K(58880K), 0.0004420 secs] [Times: user=0.00 sys=0.00, real=0.00 secs] 
126.848: Total time for which application threads were stopped: 0.0005690 seconds, Stopping threads took: 0.0000530 seconds
126.977: Application time: 0.1295450 seconds
126.978: [GC [PSYoungGen: 23808K->256K(24064K)] 37018K->13514K(58880K), 0.0004490 secs] [Times: user=0.00 sys=0.00, real=0.01 secs] 
126.978: Total time for which application threads were stopped: 0.0005980 seconds, Stopping threads took: 0.0000520 seconds
127.106: Application time: 0.1275330 seconds
127.106: [GC [PSYoungGen: 23808K->496K(24064K)] 37066K->13754K(58880K), 0.0005240 secs] [Times: user=0.00 sys=0.00, real=0.00 secs] 
127.106: Total time for which application threads were stopped: 0.0006500 seconds, Stopping threads took: 0.0000510 seconds
127.235: Application time: 0.1286600 seconds
127.235: [GC [PSYoungGen: 24048K->272K(24064K)] 37306K->13838K(58880K), 0.0005020 secs] [Times: user=0.00 sys=0.00, real=0.00 secs] 
127.235: Total time for which application threads were stopped: 0.0006380 seconds, Stopping threads took: 0.0000590 seconds
127.366: Application time: 0.1304830 seconds
127.366: [GC [PSYoungGen: 23824K->224K(24064K)] 37390K->13910K(58880K), 0.0004400 secs] [Times: user=0.00 sys=0.00, real=0.00 secs] 
127.367: Total time for which application threads were stopped: 0.0005840 seconds, Stopping threads took: 0.0000670 seconds
127.497: Application time: 0.1299970 seconds
127.497: [GC [PSYoungGen: 23776K->256K(24064K)] 37462K->13942K(58880K), 0.0004250 secs] [Times: user=0.00 sys=0.00, real=0.00 secs] 
127.497: Total time for which application threads were stopped: 0.0005700 seconds, Stopping threads took: 0.0000580 seconds
127.627: Application time: 0.1302960 seconds
127.628: [GC [PSYoungGen: 23808K->256K(24064K)] 37494K->14086K(58880K), 0.0004670 secs] [Times: user=0.00 sys=0.00, real=0.00 secs] 
127.628: Total time for which application threads were stopped: 0.0006030 seconds, Stopping threads took: 0.0000590 seconds
127.759: Application time: 0.1305530 seconds
127.759: [GC [PSYoungGen: 23808K->256K(24064K)] 37638K->14134K(58880K), 0.0004090 secs] [Times: user=0.00 sys=0.00, real=0.00 secs] 
127.759: Total time for which application threads were stopped: 0.0005520 seconds, Stopping threads took: 0.0000660 seconds
127.886: Application time: 0.1266950 seconds
127.886: [GC [PSYoungGen: 23808K->416K(24064K)] 37686K->14294K(58880K), 0.0005500 secs] [Times: user=0.00 sys=0.00, real=0.00 secs] 
127.887: Total time for which application threads were stopped: 0.0006990 seconds, Stopping threads took: 0.0000730 seconds
128.016: Application time: 0.1292360 seconds
128.016: [GC [PSYoungGen: 23968K->256K(24064K)] 37846K->14435K(58880K), 0.0005510 secs] [Times: user=0.00 sys=0.00, real=0.00 secs] 
128.016: Total time for which application threads were stopped: 0.0006880 seconds, Stopping threads took: 0.0000490 seconds
128.146: Application time: 0.1299480 seconds
128.147: [GC [PSYoungGen: 23808K->256K(24064K)] 37987K->14563K(58880K), 0.0004210 secs] [Times: user=0.00 sys=0.00, real=0.00 secs] 
128.147: Total time for which application threads were stopped: 0.0005550 seconds, Stopping threads took: 0.0000600 seconds
128.276: Application time: 0.1294760 seconds
128.277: [GC [PSYoungGen: 23808K->256K(24064K)] 38115K->14563K(58880K), 0.0004230 secs] [Times: user=0.00 sys=0.00, real=0.00 secs] 
128.277: Total time for which application threads were stopped: 0.0005510 seconds, Stopping threads took: 0.0000530 seconds
128.407: Application time: 0.1299580 seconds
128.407: [GC [PSYoungGen: 23808K->192K(24064K)] 38115K->14627K(58880K), 0.0004590 secs] [Times: user=0.00 sys=0.00, real=0.00 secs] 
128.408: Total time for which application threads were stopped: 0.0005850 seconds, Stopping threads took: 0.0000520 seconds
128.537: Application time: 0.1297330 seconds
128.537: [GC [PSYoungGen: 23744K->256K(24064K)] 38179K->14739K(58880K), 0.0004190 secs] [Times: user=0.00 sys=0.00, real=0.01 secs] 
128.538: Total time for which application threads were stopped: 0.0005740 seconds, Stopping threads took: 0.0000660 seconds
128.664: Application time: 0.1264840 seconds
128.664: [GC [PSYoungGen: 23808K->384K(24064K)] 38291K->14867K(58880K), 0.0005480 secs] [Times: user=0.00 sys=0.00, real=0.00 secs] 
128.665: Total time for which application threads were stopped: 0.0006860 seconds, Stopping threads took: 0.0000610 seconds
128.796: Application time: 0.1312280 seconds
128.796: [GC [PSYoungGen: 23936K->288K(24064K)] 38419K->15071K(58880K), 0.0004890 secs] [Times: user=0.00 sys=0.00, real=0.00 secs] 
128.797: Total time for which application threads were stopped: 0.0006260 seconds, Stopping threads took: 0.0000620 seconds
128.927: Application time: 0.1306020 seconds
128.928: [GC [PSYoungGen: 23840K->256K(24064K)] 38623K->15167K(58880K), 0.0004470 secs] [Times: user=0.00 sys=0.00, real=0.00 secs] 
128.928: Total time for which application threads were stopped: 0.0005750 seconds, Stopping threads took: 0.0000520 seconds
129.057: Application time: 0.1292690 seconds
129.057: [GC [PSYoungGen: 23808K->256K(24064K)] 38719K->15191K(58880K), 0.0004290 secs] [Times: user=0.00 sys=0.00, real=0.01 secs] 
129.058: Total time for which application threads were stopped: 0.0005770 seconds, Stopping threads took: 0.0000680 seconds
129.187: Application time: 0.1295020 seconds
129.188: [GC [PSYoungGen: 23808K->256K(24064K)] 38743K->15311K(58880K), 0.0004120 secs] [Times: user=0.00 sys=0.00, real=0.00 secs] 
129.188: Total time for which application threads were stopped: 0.0005500 seconds, Stopping threads took: 0.0000640 seconds
129.318: Application time: 0.1295980 seconds
129.318: [GC [PSYoungGen: 23808K->256K(24064K)] 38863K->15359K(58880K), 0.0004200 secs] [Times: user=0.00 sys=0.00, real=0.00 secs] 
129.318: Total time for which application threads were stopped: 0.0005460 seconds, Stopping threads took: 0.0000540 seconds
129.446: Application time: 0.1274140 seconds
129.446: [GC [PSYoungGen: 23808K->352K(24064K)] 38911K->15511K(58880K), 0.0005860 secs] [Times: user=0.00 sys=0.00, real=0.00 secs] 
129.446: Total time for which application threads were stopped: 0.0007190 seconds, Stopping threads took: 0.0000600 seconds
129.575: Application time: 0.1289960 seconds
129.575: [GC [PSYoungGen: 23904K->288K(24064K)] 39063K->15696K(58880K), 0.0005150 secs] [Times: user=0.00 sys=0.00, real=0.00 secs] 
129.576: Total time for which application threads were stopped: 0.0006620 seconds, Stopping threads took: 0.0000570 seconds
129.706: Application time: 0.1301160 seconds
129.706: [GC [PSYoungGen: 23840K->192K(24064K)] 39248K->15728K(58880K), 0.0005060 secs] [Times: user=0.00 sys=0.00, real=0.00 secs] 
129.707: Total time for which application threads were stopped: 0.0006520 seconds, Stopping threads took: 0.0000640 seconds
129.837: Application time: 0.1302890 seconds
129.837: [GC [PSYoungGen: 23744K->256K(24064K)] 39280K->15816K(58880K), 0.0005100 secs] [Times: user=0.00 sys=0.00, real=0.01 secs] 
129.838: Total time for which application threads were stopped: 0.0006470 seconds, Stopping threads took: 0.0000590 seconds
129.967: Application time: 0.1296270 seconds
129.967: [GC [PSYoungGen: 23808K->256K(24064K)] 39368K->15936K(58880K), 0.0004150 secs] [Times: user=0.00 sys=0.00, real=0.00 secs] 
129.968: Total time for which application threads were stopped: 0.0005400 seconds, Stopping threads took: 0.0000540 seconds
130.097: Application time: 0.1294000 seconds
130.102: [GC [PSYoungGen: 23808K->256K(24064K)] 39488K->15984K(58880K), 0.0005340 secs] [Times: user=0.00 sys=0.00, real=0.00 secs] 
130.102: Total time for which application threads were stopped: 0.0050640 seconds, Stopping threads took: 0.0044460 seconds
130.230: Application time: 0.1273370 seconds
130.230: [GC [PSYoungGen: 23808K->384K(24064K)] 39536K->16184K(58880K), 0.0004880 secs] [Times: user=0.01 sys=0.00, real=0.00 secs] 
130.230: Total time for which application threads were stopped: 0.0006170 seconds, Stopping threads took: 0.0000530 seconds
130.359: Application time: 0.1288450 seconds
130.359: [GC [PSYoungGen: 23936K->224K(24064K)] 39736K->16272K(58880K), 0.0005490 secs] [Times: user=0.00 sys=0.00, real=0.00 secs] 
130.361: Total time for which application threads were stopped: 0.0016940 seconds, Stopping threads took: 0.0000610 seconds
130.491: Application time: 0.1299300 seconds
130.491: [GC [PSYoungGen: 23776K->256K(24064K)] 39824K->16424K(58880K), 0.0004630 secs] [Times: user=0.00 sys=0.00, real=0.00 secs] 
130.491: Total time for which application threads were stopped: 0.0006180 seconds, Stopping threads took: 0.0000760 seconds
130.621: Application time: 0.1293250 seconds
130.621: [GC [PSYoungGen: 23808K->256K(24064K)] 39976K->16448K(58880K), 0.0004380 secs] [Times: user=0.00 sys=0.00, real=0.00 secs] 
130.621: Total time for which application threads were stopped: 0.0005860 seconds, Stopping threads took: 0.0000600 seconds
130.752: Application time: 0.1307940 seconds
130.752: [GC [PSYoungGen: 23808K->256K(24064K)] 40000K->16568K(58880K), 0.0004390 secs] [Times: user=0.00 sys=0.00, real=0.00 secs] 
130.753: Total time for which application threads were stopped: 0.0005680 seconds, Stopping threads took: 0.0000530 seconds
130.882: Application time: 0.1298720 seconds
130.883: [GC [PSYoungGen: 23808K->256K(24064K)] 40120K->16616K(58880K), 0.0004140 secs] [Times: user=0.00 sys=0.00, real=0.00 secs] 
130.883: Total time for which application threads were stopped: 0.0005530 seconds, Stopping threads took: 0.0000630 seconds
131.011: Application time: 0.1276220 seconds
131.011: [GC [PSYoungGen: 23808K->320K(24064K)] 40168K->16752K(58880K), 0.0005340 secs] [Times: user=0.00 sys=0.00, real=0.00 secs] 
131.011: Total time for which application threads were stopped: 0.0006700 seconds, Stopping threads took: 0.0000570 seconds
131.141: Application time: 0.1293890 seconds
131.141: [GC [PSYoungGen: 23872K->304K(24064K)] 40304K->16993K(58880K), 0.0005550 secs] [Times: user=0.00 sys=0.00, real=0.00 secs] 
131.141: Total time for which application threads were stopped: 0.0006980 seconds, Stopping threads took: 0.0000490 seconds
131.271: Application time: 0.1296040 seconds
131.271: [GC [PSYoungGen: 23856K->256K(24064K)] 40545K->17069K(58880K), 0.0004480 secs] [Times: user=0.00 sys=0.00, real=0.00 secs] 
131.272: Total time for which application threads were stopped: 0.0005980 seconds, Stopping threads took: 0.0000670 seconds
131.401: Application time: 0.1296950 seconds
131.401: [GC [PSYoungGen: 23808K->256K(24064K)] 40621K->17093K(58880K), 0.0004640 secs] [Times: user=0.00 sys=0.00, real=0.00 secs] 
131.402: Total time for which application threads were stopped: 0.0006020 seconds, Stopping threads took: 0.0000580 seconds
131.532: Application time: 0.1303250 seconds
131.532: [GC [PSYoungGen: 23808K->256K(24064K)] 40645K->17213K(58880K), 0.0004750 secs] [Times: user=0.00 sys=0.00, real=0.00 secs] 
131.533: Total time for which application threads were stopped: 0.0006090 seconds, Stopping threads took: 0.0000550 seconds
131.662: Application time: 0.1289850 seconds
131.662: [GC [PSYoungGen: 23808K->256K(24064K)] 40765K->17261K(58880K), 0.0004240 secs] [Times: user=0.00 sys=0.00, real=0.00 secs] 
131.662: Total time for which application threads were stopped: 0.0005600 seconds, Stopping threads took: 0.0000530 seconds
131.791: Application time: 0.1284460 seconds
131.791: [GC [PSYoungGen: 23808K->336K(24064K)] 40813K->17453K(58880K), 0.0004840 secs] [Times: user=0.00 sys=0.00, real=0.00 secs] 
131.791: Total time for which application threads were stopped: 0.0006210 seconds, Stopping threads took: 0.0000600 seconds
131.921: Application time: 0.1291790 seconds
131.921: [GC [PSYoungGen: 23888K->256K(24064K)] 41005K->17597K(58880K), 0.0004910 secs] [Times: user=0.00 sys=0.01, real=0.00 secs] 
131.921: Total time for which application threads were stopped: 0.0006400 seconds, Stopping threads took: 0.0000700 seconds
132.051: Application time: 0.1299050 seconds
132.051: [GC [PSYoungGen: 23808K->256K(24064K)] 41149K->17717K(58880K), 0.0004640 secs] [Times: user=0.00 sys=0.00, real=0.00 secs] 
132.052: Total time for which application threads were stopped: 0.0006070 seconds, Stopping threads took: 0.0000630 seconds
132.182: Application time: 0.1298900 seconds
132.182: [GC [PSYoungGen: 23808K->256K(24064K)] 41269K->17765K(58880K), 0.0004370 secs] [Times: user=0.01 sys=0.00, real=0.00 secs] 
132.182: Total time for which application threads were stopped: 0.0005960 seconds, Stopping threads took: 0.0000680 seconds
132.312: Application time: 0.1296000 seconds
132.312: [GC [PSYoungGen: 23808K->256K(24064K)] 41317K->17861K(58880K), 0.0004350 secs] [Times: user=0.00 sys=0.00, real=0.00 secs] 
132.312: Total time for which application threads were stopped: 0.0005780 seconds, Stopping threads took: 0.0000710 seconds
132.442: Application time: 0.1295130 seconds
132.442: [GC [PSYoungGen: 23808K->272K(24064K)] 41413K->17925K(58880K), 0.0004410 secs] [Times: user=0.00 sys=0.00, real=0.00 secs] 
132.443: Total time for which application threads were stopped: 0.0005750 seconds, Stopping threads took: 0.0000560 seconds
132.570: Application time: 0.1279090 seconds
132.571: [GC [PSYoungGen: 23824K->320K(24064K)] 41477K->18102K(58880K), 0.0005260 secs] [Times: user=0.00 sys=0.00, real=0.00 secs] 
132.571: Total time for which application threads were stopped: 0.0006520 seconds, Stopping threads took: 0.0000530 seconds
132.700: Application time: 0.1291290 seconds
132.700: [GC [PSYoungGen: 23872K->288K(24064K)] 41654K->18290K(58880K), 0.0005270 secs] [Times: user=0.00 sys=0.00, real=0.00 secs] 
132.701: Total time for which application threads were stopped: 0.0006690 seconds, Stopping threads took: 0.0000540 seconds
132.831: Application time: 0.1301760 seconds
132.831: [GC [PSYoungGen: 23840K->256K(24064K)] 41842K->18378K(58880K), 0.0004360 secs] [Times: user=0.00 sys=0.00, real=0.00 secs] 
132.832: Total time for which application threads were stopped: 0.0005670 seconds, Stopping threads took: 0.0000550 seconds
132.962: Application time: 0.1299780 seconds
132.962: [GC [PSYoungGen: 23808K->256K(24064K)] 41930K->18426K(58880K), 0.0004370 secs] [Times: user=0.00 sys=0.00, real=0.00 secs] 
132.962: Total time for which application threads were stopped: 0.0005640 seconds, Stopping threads took: 0.0000540 seconds
133.092: Application time: 0.1299210 seconds
133.092: [GC [PSYoungGen: 23808K->224K(24064K)] 41978K->18490K(58880K), 0.0004920 secs] [Times: user=0.00 sys=0.00, real=0.00 secs] 
133.093: Total time for which application threads were stopped: 0.0006390 seconds, Stopping threads took: 0.0000640 seconds
133.222: Application time: 0.1289330 seconds
133.222: [GC [PSYoungGen: 23776K->256K(24064K)] 42042K->18570K(58880K), 0.0004500 secs] [Times: user=0.00 sys=0.00, real=0.00 secs] 
133.222: Total time for which application threads were stopped: 0.0005910 seconds, Stopping threads took: 0.0000530 seconds
133.350: Application time: 0.1281080 seconds
133.351: [GC [PSYoungGen: 23808K->304K(24064K)] 42122K->18738K(58880K), 0.0005050 secs] [Times: user=0.00 sys=0.00, real=0.00 secs] 
133.351: Total time for which application threads were stopped: 0.0006500 seconds, Stopping threads took: 0.0000670 seconds
133.480: Application time: 0.1285970 seconds
133.480: [GC [PSYoungGen: 23856K->288K(24064K)] 42290K->18926K(58880K), 0.0005420 secs] [Times: user=0.00 sys=0.00, real=0.00 secs] 
133.480: Total time for which application threads were stopped: 0.0006810 seconds, Stopping threads took: 0.0000580 seconds
133.611: Application time: 0.1303780 seconds
133.611: [GC [PSYoungGen: 23840K->256K(24064K)] 42478K->19006K(58880K), 0.0004480 secs] [Times: user=0.00 sys=0.00, real=0.00 secs] 
133.611: Total time for which application threads were stopped: 0.0005900 seconds, Stopping threads took: 0.0000670 seconds
133.740: Application time: 0.1290540 seconds
133.740: [GC [PSYoungGen: 23808K->256K(24064K)] 42558K->19054K(58880K), 0.0004270 secs] [Times: user=0.00 sys=0.00, real=0.00 secs] 
133.741: Total time for which application threads were stopped: 0.0005670 seconds, Stopping threads took: 0.0000580 seconds
133.872: Application time: 0.1309890 seconds
133.872: [GC [PSYoungGen: 23808K->256K(24064K)] 42606K->19150K(58880K), 0.0004920 secs] [Times: user=0.00 sys=0.00, real=0.00 secs] 
133.873: Total time for which application threads were stopped: 0.0006330 seconds, Stopping threads took: 0.0000620 seconds
134.001: Application time: 0.1285530 seconds
134.001: [GC [PSYoungGen: 23808K->272K(24064K)] 42702K->19214K(58880K), 0.0004460 secs] [Times: user=0.00 sys=0.00, real=0.00 secs] 
134.002: Total time for which application threads were stopped: 0.0005810 seconds, Stopping threads took: 0.0000600 seconds
134.130: Application time: 0.1287440 seconds
134.131: [GC [PSYoungGen: 23824K->288K(24064K)] 42766K->19351K(58880K), 0.0005070 secs] [Times: user=0.00 sys=0.00, real=0.00 secs] 
134.131: Total time for which application threads were stopped: 0.0006420 seconds, Stopping threads took: 0.0000560 seconds
134.260: Application time: 0.1284610 seconds
134.260: [GC [PSYoungGen: 23840K->256K(24064K)] 42903K->19531K(58880K), 0.0005180 secs] [Times: user=0.00 sys=0.00, real=0.00 secs] 
134.260: Total time for which application threads were stopped: 0.0006650 seconds, Stopping threads took: 0.0000530 seconds
134.391: Application time: 0.1304400 seconds
134.391: [GC [PSYoungGen: 23808K->256K(24064K)] 43083K->19659K(58880K), 0.0004580 secs] [Times: user=0.00 sys=0.00, real=0.00 secs] 
134.391: Total time for which application threads were stopped: 0.0006040 seconds, Stopping threads took: 0.0000640 seconds
134.521: Application time: 0.1295750 seconds
134.521: [GC [PSYoungGen: 23808K->256K(24064K)] 43211K->19707K(58880K), 0.0005000 secs] [Times: user=0.00 sys=0.00, real=0.00 secs] 
134.521: Total time for which application threads were stopped: 0.0006420 seconds, Stopping threads took: 0.0000590 seconds
134.651: Application time: 0.1294440 seconds
134.651: [GC [PSYoungGen: 23808K->256K(24064K)] 43259K->19803K(58880K), 0.0004430 secs] [Times: user=0.00 sys=0.00, real=0.00 secs] 
134.652: Total time for which application threads were stopped: 0.0006000 seconds, Stopping threads took: 0.0000660 seconds
134.780: Application time: 0.1283890 seconds
134.780: [GC [PSYoungGen: 23808K->272K(24064K)] 43355K->19867K(58880K), 0.0004390 secs] [Times: user=0.00 sys=0.00, real=0.00 secs] 
134.781: Total time for which application threads were stopped: 0.0005870 seconds, Stopping threads took: 0.0000630 seconds
134.909: Application time: 0.1286160 seconds
134.909: [GC [PSYoungGen: 23824K->320K(24064K)] 43419K->20071K(58880K), 0.0005050 secs] [Times: user=0.00 sys=0.00, real=0.00 secs] 
134.910: Total time for which application threads were stopped: 0.0006380 seconds, Stopping threads took: 0.0000560 seconds
135.039: Application time: 0.1287540 seconds
135.039: [GC [PSYoungGen: 23872K->256K(24064K)] 43623K->20191K(58880K), 0.0005080 secs] [Times: user=0.01 sys=0.00, real=0.00 secs] 
135.039: Total time for which application threads were stopped: 0.0006420 seconds, Stopping threads took: 0.0000600 seconds
135.169: Application time: 0.1302810 seconds
135.170: [GC [PSYoungGen: 23808K->256K(24064K)] 43743K->20319K(58880K), 0.0004690 secs] [Times: user=0.00 sys=0.00, real=0.00 secs] 
135.170: Total time for which application threads were stopped: 0.0006180 seconds, Stopping threads took: 0.0000650 seconds
135.300: Application time: 0.1298070 seconds
135.300: [GC [PSYoungGen: 23808K->256K(24064K)] 43871K->20391K(58880K), 0.0004250 secs] [Times: user=0.00 sys=0.00, real=0.00 secs] 
135.300: Total time for which application threads were stopped: 0.0005650 seconds, Stopping threads took: 0.0000570 seconds
135.430: Application time: 0.1294600 seconds
135.430: [GC [PSYoungGen: 23808K->256K(24064K)] 43943K->20463K(58880K), 0.0004890 secs] [Times: user=0.00 sys=0.00, real=0.00 secs] 
135.432: Total time for which application threads were stopped: 0.0016530 seconds, Stopping threads took: 0.0000590 seconds
135.556: Application time: 0.1246540 seconds
135.556: Total time for which application threads were stopped: 0.0001010 seconds, Stopping threads took: 0.0000610 seconds
135.561: Application time: 0.0042780 seconds
135.561: [GC [PSYoungGen: 23808K->272K(24064K)] 44015K->20527K(58880K), 0.0004710 secs] [Times: user=0.00 sys=0.00, real=0.00 secs] 
135.561: Total time for which application threads were stopped: 0.0005710 seconds, Stopping threads took: 0.0000380 seconds
135.599: Application time: 0.0373420 seconds
135.599: Total time for which application threads were stopped: 0.0000640 seconds, Stopping threads took: 0.0000370 seconds
135.603: Application time: 0.0039850 seconds
135.603: Total time for which application threads were stopped: 0.0000460 seconds, Stopping threads took: 0.0000300 seconds
135.610: Application time: 0.0072890 seconds
135.610: Total time for which application threads were stopped: 0.0000460 seconds, Stopping threads took: 0.0000310 seconds
135.654: Application time: 0.0439870 seconds
135.654: Total time for which application threads were stopped: 0.0000590 seconds, Stopping threads took: 0.0000270 seconds
135.668: Application time: 0.0143870 seconds
135.668: Total time for which application threads were stopped: 0.0000460 seconds, Stopping threads took: 0.0000270 seconds
135.731: Application time: 0.0628810 seconds
135.731: [GC [PSYoungGen: 23824K->192K(24064K)] 44079K->20584K(58880K), 0.0004590 secs] [Times: user=0.00 sys=0.00, real=0.00 secs] 
135.732: Total time for which application threads were stopped: 0.0005350 seconds, Stopping threads took: 0.0000170 seconds
135.968: Application time: 0.2366010 seconds
135.969: Total time for which application threads were stopped: 0.0000780 seconds, Stopping threads took: 0.0000320 seconds
135.999: Application time: 0.0304780 seconds
135.999: Total time for which application threads were stopped: 0.0000600 seconds, Stopping threads took: 0.0000150 seconds
135.999: Application time: 0.0000640 seconds
135.999: [GC [PSYoungGen: 23744K->272K(24064K)] 44136K->20688K(58880K), 0.0004430 secs] [Times: user=0.00 sys=0.00, real=0.00 secs] 
136.000: Total time for which application threads were stopped: 0.0005410 seconds, Stopping threads took: 0.0000420 seconds
136.128: Application time: 0.1285380 seconds
136.128: [GC [PSYoungGen: 23824K->400K(24064K)] 44240K->20964K(58880K), 0.0005510 secs] [Times: user=0.00 sys=0.00, real=0.00 secs] 
136.129: Total time for which application threads were stopped: 0.0006960 seconds, Stopping threads took: 0.0000630 seconds
136.259: Application time: 0.1305150 seconds
136.260: [GC [PSYoungGen: 23952K->256K(24064K)] 44516K->21128K(58880K), 0.0004800 secs] [Times: user=0.00 sys=0.00, real=0.00 secs] 
136.260: Total time for which application threads were stopped: 0.0006090 seconds, Stopping threads took: 0.0000580 seconds
136.390: Application time: 0.1295420 seconds
136.390: [GC [PSYoungGen: 23808K->256K(24064K)] 44680K->21128K(58880K), 0.0004250 secs] [Times: user=0.00 sys=0.00, real=0.00 secs] 
136.390: Total time for which application threads were stopped: 0.0005520 seconds, Stopping threads took: 0.0000550 seconds
136.520: Application time: 0.1300430 seconds
136.520: [GC [PSYoungGen: 23808K->256K(24064K)] 44680K->21272K(58880K), 0.0004560 secs] [Times: user=0.00 sys=0.00, real=0.00 secs] 
136.521: Total time for which application threads were stopped: 0.0006110 seconds, Stopping threads took: 0.0000620 seconds
136.651: Application time: 0.1299480 seconds
136.651: [GC [PSYoungGen: 23808K->256K(24064K)] 44824K->21320K(58880K), 0.0004490 secs] [Times: user=0.00 sys=0.00, real=0.00 secs] 
136.651: Total time for which application threads were stopped: 0.0005830 seconds, Stopping threads took: 0.0000580 seconds
136.779: Application time: 0.1273900 seconds
136.779: [GC [PSYoungGen: 23808K->448K(24064K)] 44872K->21512K(58880K), 0.0004930 secs] [Times: user=0.00 sys=0.00, real=0.00 secs] 
136.779: Total time for which application threads were stopped: 0.0006120 seconds, Stopping threads took: 0.0000460 seconds
136.909: Application time: 0.1301370 seconds
136.910: [GC [PSYoungGen: 24000K->256K(24064K)] 45064K->21636K(58880K), 0.0005600 secs] [Times: user=0.01 sys=0.00, real=0.00 secs] 
136.910: Total time for which application threads were stopped: 0.0007000 seconds, Stopping threads took: 0.0000550 seconds
137.040: Application time: 0.1302640 seconds
137.041: [GC [PSYoungGen: 23808K->192K(24064K)] 45188K->21677K(58880K), 0.0004530 secs] [Times: user=0.00 sys=0.00, real=0.00 secs] 
137.041: Total time for which application threads were stopped: 0.0005920 seconds, Stopping threads took: 0.0000530 seconds
137.170: Application time: 0.1286770 seconds
137.170: [GC [PSYoungGen: 23744K->256K(24064K)] 45229K->21741K(58880K), 0.0004880 secs] [Times: user=0.00 sys=0.00, real=0.00 secs] 
137.170: Total time for which application threads were stopped: 0.0006580 seconds, Stopping threads took: 0.0000860 seconds
137.300: Application time: 0.1296780 seconds
137.300: [GC [PSYoungGen: 23808K->256K(24064K)] 45293K->21909K(58880K), 0.0005110 secs] [Times: user=0.00 sys=0.00, real=0.00 secs] 
137.301: Total time for which application threads were stopped: 0.0006560 seconds, Stopping threads took: 0.0000640 seconds
137.431: Application time: 0.1302900 seconds
137.431: [GC [PSYoungGen: 23808K->224K(24064K)] 45461K->21901K(58880K), 0.0004350 secs] [Times: user=0.00 sys=0.00, real=0.00 secs] 
137.432: Total time for which application threads were stopped: 0.0005840 seconds, Stopping threads took: 0.0000650 seconds
137.557: Application time: 0.1258830 seconds
137.558: [GC [PSYoungGen: 23776K->416K(24064K)] 45453K->22093K(58880K), 0.0005330 secs] [Times: user=0.00 sys=0.00, real=0.00 secs] 
137.558: Total time for which application threads were stopped: 0.0006730 seconds, Stopping threads took: 0.0000550 seconds
137.687: Application time: 0.1289750 seconds
137.687: [GC [PSYoungGen: 23968K->256K(24064K)] 45645K->22249K(58880K), 0.0005460 secs] [Times: user=0.00 sys=0.00, real=0.00 secs] 
137.688: Total time for which application threads were stopped: 0.0006770 seconds, Stopping threads took: 0.0000530 seconds
137.818: Application time: 0.1303070 seconds
137.818: [GC [PSYoungGen: 23808K->256K(24064K)] 45801K->22369K(58880K), 0.0004680 secs] [Times: user=0.00 sys=0.00, real=0.00 secs] 
137.819: Total time for which application threads were stopped: 0.0005940 seconds, Stopping threads took: 0.0000560 seconds
137.949: Application time: 0.1299680 seconds
137.949: [GC [PSYoungGen: 23808K->224K(24064K)] 45921K->22337K(58880K), 0.0004860 secs] [Times: user=0.00 sys=0.00, real=0.00 secs] 
137.949: Total time for which application threads were stopped: 0.0006180 seconds, Stopping threads took: 0.0000570 seconds
138.079: Application time: 0.1300670 seconds
138.080: [GC [PSYoungGen: 23776K->224K(24064K)] 45889K->22497K(58880K), 0.0004960 secs] [Times: user=0.01 sys=0.00, real=0.00 secs] 
138.080: Total time for which application threads were stopped: 0.0006460 seconds, Stopping threads took: 0.0000650 seconds
138.210: Application time: 0.1303840 seconds
138.211: [GC [PSYoungGen: 23776K->224K(24064K)] 46049K->22521K(58880K), 0.0004600 secs] [Times: user=0.00 sys=0.00, real=0.00 secs] 
138.211: Total time for which application threads were stopped: 0.0006020 seconds, Stopping threads took: 0.0000620 seconds
138.338: Application time: 0.1265980 seconds
138.338: [GC [PSYoungGen: 23776K->432K(24064K)] 46073K->22729K(58880K), 0.0005260 secs] [Times: user=0.01 sys=0.00, real=0.00 secs] 
138.338: Total time for which application threads were stopped: 0.0006690 seconds, Stopping threads took: 0.0000680 seconds
138.468: Application time: 0.1294050 seconds
138.470: [GC [PSYoungGen: 23984K->288K(24064K)] 46281K->22933K(58880K), 0.0005570 secs] [Times: user=0.01 sys=0.00, real=0.00 secs] 
138.470: Total time for which application threads were stopped: 0.0025490 seconds, Stopping threads took: 0.0019200 seconds
138.600: Application time: 0.1297160 seconds
138.600: [GC [PSYoungGen: 23840K->256K(24064K)] 46485K->22974K(58880K), 0.0004160 secs] [Times: user=0.00 sys=0.00, real=0.00 secs] 
138.601: Total time for which application threads were stopped: 0.0005580 seconds, Stopping threads took: 0.0000540 seconds
138.730: Application time: 0.1294650 seconds
138.730: [GC [PSYoungGen: 23808K->256K(24064K)] 46526K->22974K(58880K), 0.0004240 secs] [Times: user=0.00 sys=0.00, real=0.00 secs] 
138.731: Total time for which application threads were stopped: 0.0005650 seconds, Stopping threads took: 0.0000650 seconds
138.861: Application time: 0.1303320 seconds
138.861: [GC [PSYoungGen: 23808K->256K(24064K)] 46526K->23134K(58880K), 0.0004900 secs] [Times: user=0.00 sys=0.00, real=0.00 secs] 
138.862: Total time for which application threads were stopped: 0.0006260 seconds, Stopping threads took: 0.0000590 seconds
138.991: Application time: 0.1298250 seconds
138.991: [GC [PSYoungGen: 23808K->224K(24064K)] 46686K->23126K(58880K), 0.0004740 secs] [Times: user=0.00 sys=0.00, real=0.00 secs] 
138.992: Total time for which application threads were stopped: 0.0006080 seconds, Stopping threads took: 0.0000630 seconds
139.119: Application time: 0.1267930 seconds
139.119: [GC [PSYoungGen: 23776K->416K(24064K)] 46678K->23318K(58880K), 0.0004760 secs] [Times: user=0.00 sys=0.00, real=0.00 secs] 
139.119: Total time for which application threads were stopped: 0.0006380 seconds, Stopping threads took: 0.0000730 seconds
139.249: Application time: 0.1294430 seconds
139.249: [GC [PSYoungGen: 23968K->272K(24064K)] 46870K->23522K(58880K), 0.0005130 secs] [Times: user=0.01 sys=0.00, real=0.00 secs] 
139.249: Total time for which application threads were stopped: 0.0006460 seconds, Stopping threads took: 0.0000580 seconds
139.380: Application time: 0.1300970 seconds
139.380: [GC [PSYoungGen: 23824K->256K(24064K)] 47074K->23578K(58880K), 0.0004270 secs] [Times: user=0.00 sys=0.00, real=0.00 secs] 
139.380: Total time for which application threads were stopped: 0.0005560 seconds, Stopping threads took: 0.0000510 seconds
139.509: Application time: 0.1293280 seconds
139.510: [GC [PSYoungGen: 23808K->256K(24064K)] 47130K->23578K(58880K), 0.0004580 secs] [Times: user=0.01 sys=0.00, real=0.00 secs] 
139.510: Total time for which application threads were stopped: 0.0006050 seconds, Stopping threads took: 0.0000610 seconds
139.640: Application time: 0.1304090 seconds
139.641: [GC [PSYoungGen: 23808K->256K(24064K)] 47130K->23746K(58880K), 0.0004520 secs] [Times: user=0.00 sys=0.00, real=0.00 secs] 
139.641: Total time for which application threads were stopped: 0.0005960 seconds, Stopping threads took: 0.0000580 seconds
139.771: Application time: 0.1303800 seconds
139.772: [GC [PSYoungGen: 23808K->256K(24064K)] 47298K->23770K(58880K), 0.0004310 secs] [Times: user=0.00 sys=0.00, real=0.00 secs] 
139.772: Total time for which application threads were stopped: 0.0005580 seconds, Stopping threads took: 0.0000520 seconds
139.898: Application time: 0.1262180 seconds
139.898: [GC [PSYoungGen: 23808K->496K(24064K)] 47322K->24010K(58880K), 0.0004820 secs] [Times: user=0.01 sys=0.00, real=0.00 secs] 
139.899: Total time for which application threads were stopped: 0.0006340 seconds, Stopping threads took: 0.0000720 seconds
140.029: Application time: 0.1297070 seconds
140.029: [GC [PSYoungGen: 24048K->256K(24064K)] 47562K->24143K(58880K), 0.0005330 secs] [Times: user=0.00 sys=0.00, real=0.00 secs] 
140.029: Total time for which application threads were stopped: 0.0006760 seconds, Stopping threads took: 0.0000610 seconds
140.160: Application time: 0.1303940 seconds
140.160: [GC [PSYoungGen: 23808K->256K(24064K)] 47695K->24167K(58880K), 0.0004580 secs] [Times: user=0.00 sys=0.00, real=0.00 secs] 
140.160: Total time for which application threads were stopped: 0.0006090 seconds, Stopping threads took: 0.0000650 seconds
140.289: Application time: 0.1290020 seconds
140.289: [GC [PSYoungGen: 23808K->256K(24064K)] 47719K->24167K(58880K), 0.0004460 secs] [Times: user=0.00 sys=0.00, real=0.00 secs] 
140.290: Total time for which application threads were stopped: 0.0005780 seconds, Stopping threads took: 0.0000570 seconds
140.420: Application time: 0.1306450 seconds
140.421: [GC [PSYoungGen: 23808K->256K(24064K)] 47719K->24359K(58880K), 0.0004530 secs] [Times: user=0.00 sys=0.00, real=0.00 secs] 
140.421: Total time for which application threads were stopped: 0.0005880 seconds, Stopping threads took: 0.0000600 seconds
140.550: Application time: 0.1292030 seconds
140.550: [GC [PSYoungGen: 23808K->256K(24064K)] 47911K->24359K(58880K), 0.0004420 secs] [Times: user=0.01 sys=0.00, real=0.00 secs] 
140.551: Total time for which application threads were stopped: 0.0005680 seconds, Stopping threads took: 0.0000490 seconds
140.676: Application time: 0.1255770 seconds
140.677: [GC [PSYoungGen: 23808K->496K(24064K)] 47911K->24599K(58880K), 0.0004840 secs] [Times: user=0.00 sys=0.00, real=0.00 secs] 
140.677: Total time for which application threads were stopped: 0.0006300 seconds, Stopping threads took: 0.0000600 seconds
140.807: Application time: 0.1302590 seconds
140.810: [GC [PSYoungGen: 24048K->256K(24064K)] 48151K->24747K(58880K), 0.0005850 secs] [Times: user=0.00 sys=0.00, real=0.00 secs] 
140.810: Total time for which application threads were stopped: 0.0029730 seconds, Stopping threads took: 0.0023140 seconds
140.941: Application time: 0.1302260 seconds
140.941: [GC [PSYoungGen: 23808K->256K(24064K)] 48299K->24747K(58880K), 0.0004170 secs] [Times: user=0.00 sys=0.00, real=0.00 secs] 
140.941: Total time for which application threads were stopped: 0.0005800 seconds, Stopping threads took: 0.0000820 seconds
141.071: Application time: 0.1300540 seconds
141.071: [GC [PSYoungGen: 23808K->256K(24064K)] 48299K->24747K(58880K), 0.0004710 secs] [Times: user=0.00 sys=0.00, real=0.00 secs] 
141.072: Total time for which application threads were stopped: 0.0006110 seconds, Stopping threads took: 0.0000630 seconds
141.202: Application time: 0.1302400 seconds
141.202: [GC [PSYoungGen: 23808K->256K(24064K)] 48299K->24939K(58880K), 0.0004550 secs] [Times: user=0.01 sys=0.00, real=0.00 secs] 
141.203: Total time for which application threads were stopped: 0.0006110 seconds, Stopping threads took: 0.0000610 seconds
141.334: Application time: 0.1311830 seconds
141.334: [GC [PSYoungGen: 23808K->256K(24064K)] 48491K->24939K(58880K), 0.0004210 secs] [Times: user=0.01 sys=0.00, real=0.00 secs] 
141.334: Total time for which application threads were stopped: 0.0005580 seconds, Stopping threads took: 0.0000530 seconds
141.460: Application time: 0.1259840 seconds
141.460: [GC [PSYoungGen: 23808K->496K(24064K)] 48491K->25195K(58880K), 0.0005440 secs] [Times: user=0.00 sys=0.00, real=0.00 secs] 
141.461: Total time for which application threads were stopped: 0.0006860 seconds, Stopping threads took: 0.0000650 seconds
141.591: Application time: 0.1303460 seconds
141.592: [GC [PSYoungGen: 24048K->256K(24064K)] 48747K->25328K(58880K), 0.0005970 secs] [Times: user=0.00 sys=0.00, real=0.00 secs] 
141.592: Total time for which application threads were stopped: 0.0007310 seconds, Stopping threads took: 0.0000540 seconds
141.722: Application time: 0.1301800 seconds
141.722: [GC [PSYoungGen: 23808K->256K(24064K)] 48880K->25328K(58880K), 0.0004050 secs] [Times: user=0.00 sys=0.00, real=0.00 secs] 
141.723: Total time for which application threads were stopped: 0.0005540 seconds, Stopping threads took: 0.0000640 seconds
141.853: Application time: 0.1296470 seconds
141.853: [GC [PSYoungGen: 23808K->240K(24064K)] 48880K->25312K(58880K), 0.0004700 secs] [Times: user=0.00 sys=0.00, real=0.00 secs] 
141.853: Total time for which application threads were stopped: 0.0006150 seconds, Stopping threads took: 0.0000640 seconds
141.984: Application time: 0.1304160 seconds
141.984: [GC [PSYoungGen: 23792K->160K(24064K)] 48864K->25400K(58880K), 0.0005250 secs] [Times: user=0.00 sys=0.00, real=0.00 secs] 
141.984: Total time for which application threads were stopped: 0.0006580 seconds, Stopping threads took: 0.0000540 seconds
142.114: Application time: 0.1301160 seconds
142.114: [GC [PSYoungGen: 23712K->224K(24064K)] 48952K->25464K(58880K), 0.0004650 secs] [Times: user=0.01 sys=0.00, real=0.00 secs] 
142.115: Total time for which application threads were stopped: 0.0006010 seconds, Stopping threads took: 0.0000570 seconds
142.241: Application time: 0.1259680 seconds
142.241: [GC [PSYoungGen: 23776K->448K(24064K)] 49016K->25688K(58880K), 0.0005640 secs] [Times: user=0.00 sys=0.00, real=0.00 secs] 
142.242: Total time for which application threads were stopped: 0.0007070 seconds, Stopping threads took: 0.0000510 seconds
142.372: Application time: 0.1299220 seconds
142.372: [GC [PSYoungGen: 24000K->256K(24064K)] 49240K->25884K(58880K), 0.0005890 secs] [Times: user=0.00 sys=0.00, real=0.00 secs] 
142.372: Total time for which application threads were stopped: 0.0007160 seconds, Stopping threads took: 0.0000520 seconds
142.502: Application time: 0.1300940 seconds
142.502: [GC [PSYoungGen: 23808K->224K(24064K)] 49436K->25852K(58880K), 0.0004720 secs] [Times: user=0.00 sys=0.00, real=0.00 secs] 
142.503: Total time for which application threads were stopped: 0.0005990 seconds, Stopping threads took: 0.0000520 seconds
142.633: Application time: 0.1299580 seconds
142.633: [GC [PSYoungGen: 23776K->256K(24064K)] 49404K->25884K(58880K), 0.0004400 secs] [Times: user=0.01 sys=0.00, real=0.00 secs] 
142.633: Total time for which application threads were stopped: 0.0005700 seconds, Stopping threads took: 0.0000560 seconds
142.764: Application time: 0.1303760 seconds
142.764: [GC [PSYoungGen: 23808K->256K(24064K)] 49436K->26076K(58880K), 0.0004540 secs] [Times: user=0.00 sys=0.00, real=0.00 secs] 
142.764: Total time for which application threads were stopped: 0.0006050 seconds, Stopping threads took: 0.0000640 seconds
142.895: Application time: 0.1303820 seconds
142.895: [GC [PSYoungGen: 23808K->256K(24064K)] 49628K->26076K(58880K), 0.0004160 secs] [Times: user=0.00 sys=0.00, real=0.00 secs] 
142.895: Total time for which application threads were stopped: 0.0005430 seconds, Stopping threads took: 0.0000530 seconds
143.022: Application time: 0.1262630 seconds
143.022: [GC [PSYoungGen: 23808K->496K(24064K)] 49628K->26316K(58880K), 0.0005890 secs] [Times: user=0.00 sys=0.00, real=0.00 secs] 
143.022: Total time for which application threads were stopped: 0.0007180 seconds, Stopping threads took: 0.0000550 seconds
143.152: Application time: 0.1297530 seconds
143.152: [GC [PSYoungGen: 24048K->256K(24064K)] 49868K->26465K(58880K), 0.0005320 secs] [Times: user=0.00 sys=0.00, real=0.00 secs] 
143.153: Total time for which application threads were stopped: 0.0006820 seconds, Stopping threads took: 0.0000680 seconds
143.284: Application time: 0.1308080 seconds
143.284: [GC [PSYoungGen: 23808K->256K(24064K)] 50017K->26465K(58880K), 0.0004230 secs] [Times: user=0.00 sys=0.00, real=0.00 secs] 
143.284: Total time for which application threads were stopped: 0.0005750 seconds, Stopping threads took: 0.0000650 seconds
143.414: Application time: 0.1294130 seconds
143.414: [GC [PSYoungGen: 23808K->256K(24064K)] 50017K->26465K(58880K), 0.0004700 secs] [Times: user=0.00 sys=0.00, real=0.00 secs] 
143.414: Total time for which application threads were stopped: 0.0006170 seconds, Stopping threads took: 0.0000670 seconds
143.544: Application time: 0.1299180 seconds
143.544: [GC [PSYoungGen: 23808K->256K(24064K)] 50017K->26657K(58880K), 0.0005000 secs] [Times: user=0.01 sys=0.00, real=0.00 secs] 
143.545: Total time for which application threads were stopped: 0.0006320 seconds, Stopping threads took: 0.0000520 seconds
143.675: Application time: 0.1303010 seconds
143.675: [GC [PSYoungGen: 23808K->256K(24064K)] 50209K->26657K(58880K), 0.0004340 secs] [Times: user=0.00 sys=0.00, real=0.00 secs] 
143.676: Total time for which application threads were stopped: 0.0005750 seconds, Stopping threads took: 0.0000630 seconds
143.802: Application time: 0.1259340 seconds
143.802: [GC [PSYoungGen: 23808K->496K(24064K)] 50209K->26897K(58880K), 0.0004930 secs] [Times: user=0.01 sys=0.00, real=0.00 secs] 
143.802: Total time for which application threads were stopped: 0.0006390 seconds, Stopping threads took: 0.0000640 seconds
143.932: Application time: 0.1301360 seconds
143.933: [GC [PSYoungGen: 24048K->256K(24064K)] 50449K->27049K(58880K), 0.0005450 secs] [Times: user=0.00 sys=0.00, real=0.00 secs] 
143.933: Total time for which application threads were stopped: 0.0006940 seconds, Stopping threads took: 0.0000690 seconds
144.063: Application time: 0.1303370 seconds
144.064: [GC [PSYoungGen: 23808K->256K(24064K)] 50601K->27049K(58880K), 0.0004200 secs] [Times: user=0.00 sys=0.00, real=0.00 secs] 
144.064: Total time for which application threads were stopped: 0.0005600 seconds, Stopping threads took: 0.0000620 seconds
144.193: Application time: 0.1294790 seconds
144.194: [GC [PSYoungGen: 23808K->256K(24064K)] 50601K->27049K(58880K), 0.0004490 secs] [Times: user=0.00 sys=0.00, real=0.00 secs] 
144.194: Total time for which application threads were stopped: 0.0005840 seconds, Stopping threads took: 0.0000580 seconds
144.324: Application time: 0.1297670 seconds
144.324: [GC [PSYoungGen: 23808K->256K(24064K)] 50601K->27241K(58880K), 0.0004730 secs] [Times: user=0.00 sys=0.00, real=0.00 secs] 
144.324: Total time for which application threads were stopped: 0.0006240 seconds, Stopping threads took: 0.0000620 seconds
144.454: Application time: 0.1297400 seconds
144.457: [GC [PSYoungGen: 23808K->224K(24064K)] 50793K->27209K(58880K), 0.0004830 secs] [Times: user=0.00 sys=0.00, real=0.00 secs] 
144.457: Total time for which application threads were stopped: 0.0032160 seconds, Stopping threads took: 0.0026490 seconds
144.583: Application time: 0.1259270 seconds
144.583: [GC [PSYoungGen: 23776K->496K(24064K)] 50761K->27497K(58880K), 0.0005280 secs] [Times: user=0.00 sys=0.00, real=0.00 secs] 
144.584: Total time for which application threads were stopped: 0.0006570 seconds, Stopping threads took: 0.0000530 seconds
144.714: Application time: 0.1300760 seconds
144.714: [GC [PSYoungGen: 24048K->256K(24064K)] 51049K->27630K(58880K), 0.0005280 secs] [Times: user=0.00 sys=0.00, real=0.00 secs] 
144.715: Total time for which application threads were stopped: 0.0006770 seconds, Stopping threads took: 0.0000670 seconds
144.845: Application time: 0.1302910 seconds
144.845: [GC [PSYoungGen: 23808K->256K(24064K)] 51182K->27630K(58880K), 0.0004170 secs] [Times: user=0.00 sys=0.00, real=0.01 secs] 
144.846: Total time for which application threads were stopped: 0.0005660 seconds, Stopping threads took: 0.0000570 seconds
144.975: Application time: 0.1295790 seconds
144.975: [GC [PSYoungGen: 23808K->256K(24064K)] 51182K->27630K(58880K), 0.0004680 secs] [Times: user=0.00 sys=0.00, real=0.00 secs] 
144.976: Total time for which application threads were stopped: 0.0005980 seconds, Stopping threads took: 0.0000560 seconds
145.106: Application time: 0.1301350 seconds
145.106: [GC [PSYoungGen: 23808K->256K(24064K)] 51182K->27822K(58880K), 0.0004720 secs] [Times: user=0.00 sys=0.00, real=0.00 secs] 
145.107: Total time for which application threads were stopped: 0.0006410 seconds, Stopping threads took: 0.0000880 seconds
145.237: Application time: 0.1300610 seconds
145.237: [GC [PSYoungGen: 23808K->256K(24064K)] 51374K->27822K(58880K), 0.0004270 secs] [Times: user=0.00 sys=0.00, real=0.00 secs] 
145.237: Total time for which application threads were stopped: 0.0005710 seconds, Stopping threads took: 0.0000580 seconds
145.363: Application time: 0.1262320 seconds
145.364: [GC [PSYoungGen: 23808K->480K(24064K)] 51374K->28050K(58880K), 0.0005230 secs] [Times: user=0.00 sys=0.00, real=0.00 secs] 
145.364: Total time for which application threads were stopped: 0.0006790 seconds, Stopping threads took: 0.0000640 seconds
145.494: Application time: 0.1303510 seconds
145.495: [GC [PSYoungGen: 24032K->256K(24064K)] 51602K->28214K(58880K), 0.0005760 secs] [Times: user=0.00 sys=0.00, real=0.00 secs] 
145.495: Total time for which application threads were stopped: 0.0007100 seconds, Stopping threads took: 0.0000520 seconds
145.625: Application time: 0.1298390 seconds
145.625: [GC [PSYoungGen: 23808K->256K(24064K)] 51766K->28214K(58880K), 0.0004550 secs] [Times: user=0.00 sys=0.00, real=0.01 secs] 
145.627: Total time for which application threads were stopped: 0.0017380 seconds, Stopping threads took: 0.0000560 seconds
145.756: Application time: 0.1296680 seconds
145.757: [GC [PSYoungGen: 23808K->256K(24064K)] 51766K->28214K(58880K), 0.0004740 secs] [Times: user=0.00 sys=0.00, real=0.00 secs] 
145.757: Total time for which application threads were stopped: 0.0006100 seconds, Stopping threads took: 0.0000570 seconds
145.888: Application time: 0.1305960 seconds
145.888: [GC [PSYoungGen: 23808K->256K(24064K)] 51766K->28406K(58880K), 0.0005130 secs] [Times: user=0.00 sys=0.00, real=0.00 secs] 
145.888: Total time for which application threads were stopped: 0.0006910 seconds, Stopping threads took: 0.0000840 seconds
146.018: Application time: 0.1301010 seconds
146.019: [GC [PSYoungGen: 23808K->224K(24064K)] 51958K->28374K(58880K), 0.0004290 secs] [Times: user=0.01 sys=0.00, real=0.00 secs] 
146.019: Total time for which application threads were stopped: 0.0005970 seconds, Stopping threads took: 0.0000870 seconds
146.145: Application time: 0.1263230 seconds
146.145: [GC [PSYoungGen: 23776K->480K(24064K)] 51926K->28638K(58880K), 0.0005620 secs] [Times: user=0.00 sys=0.00, real=0.01 secs] 
146.146: Total time for which application threads were stopped: 0.0006960 seconds, Stopping threads took: 0.0000550 seconds
146.276: Application time: 0.1300790 seconds
146.276: [GC [PSYoungGen: 24032K->256K(24064K)] 52190K->28803K(58880K), 0.0006190 secs] [Times: user=0.00 sys=0.00, real=0.00 secs] 
146.277: Total time for which application threads were stopped: 0.0007500 seconds, Stopping threads took: 0.0000530 seconds
146.407: Application time: 0.1298790 seconds
146.407: [GC [PSYoungGen: 23808K->256K(24064K)] 52355K->28803K(58880K), 0.0004510 secs] [Times: user=0.00 sys=0.00, real=0.00 secs] 
146.407: Total time for which application threads were stopped: 0.0006120 seconds, Stopping threads took: 0.0000700 seconds
146.537: Application time: 0.1295460 seconds
146.537: [GC [PSYoungGen: 23808K->208K(24064K)] 52355K->28755K(58880K), 0.0004810 secs] [Times: user=0.00 sys=0.00, real=0.00 secs] 
146.538: Total time for which application threads were stopped: 0.0006150 seconds, Stopping threads took: 0.0000580 seconds
146.668: Application time: 0.1305230 seconds
146.668: [GC [PSYoungGen: 23760K->256K(24064K)] 52307K->28995K(58880K), 0.0005090 secs] [Times: user=0.00 sys=0.00, real=0.00 secs] 
146.669: Total time for which application threads were stopped: 0.0006510 seconds, Stopping threads took: 0.0000650 seconds
146.800: Application time: 0.1310040 seconds
146.800: [GC [PSYoungGen: 23808K->224K(24064K)] 52547K->28963K(58880K), 0.0004510 secs] [Times: user=0.00 sys=0.00, real=0.00 secs] 
146.800: Total time for which application threads were stopped: 0.0005890 seconds, Stopping threads took: 0.0000590 seconds
146.926: Application time: 0.1254990 seconds
146.926: [GC [PSYoungGen: 23776K->480K(24064K)] 52515K->29219K(58880K), 0.0005590 secs] [Times: user=0.00 sys=0.00, real=0.00 secs] 
146.927: Total time for which application threads were stopped: 0.0007080 seconds, Stopping threads took: 0.0000630 seconds
147.057: Application time: 0.1303340 seconds
147.057: [GC [PSYoungGen: 24032K->224K(24576K)] 52771K->29347K(59392K), 0.0006360 secs] [Times: user=0.01 sys=0.00, real=0.01 secs] 
147.058: Total time for which application threads were stopped: 0.0007680 seconds, Stopping threads took: 0.0000560 seconds
147.188: Application time: 0.1308150 seconds
147.189: [GC [PSYoungGen: 23776K->256K(24064K)] 52899K->29379K(58880K), 0.0004330 secs] [Times: user=0.00 sys=0.00, real=0.00 secs] 
147.189: Total time for which application threads were stopped: 0.0005720 seconds, Stopping threads took: 0.0000640 seconds
147.318: Application time: 0.1291950 seconds
147.318: [GC [PSYoungGen: 23808K->256K(24064K)] 52931K->29379K(58880K), 0.0004620 secs] [Times: user=0.00 sys=0.00, real=0.00 secs] 
147.319: Total time for which application threads were stopped: 0.0005880 seconds, Stopping threads took: 0.0000500 seconds
147.450: Application time: 0.1309080 seconds
147.450: [GC [PSYoungGen: 23808K->256K(24064K)] 52931K->29571K(58880K), 0.0004920 secs] [Times: user=0.00 sys=0.00, real=0.00 secs] 
147.450: Total time for which application threads were stopped: 0.0006280 seconds, Stopping threads took: 0.0000470 seconds
147.581: Application time: 0.1302130 seconds
147.581: [GC [PSYoungGen: 23808K->224K(24064K)] 53123K->29539K(58880K), 0.0004510 secs] [Times: user=0.00 sys=0.00, real=0.00 secs] 
147.581: Total time for which application threads were stopped: 0.0005930 seconds, Stopping threads took: 0.0000640 seconds
147.708: Application time: 0.1264100 seconds
147.708: [GC [PSYoungGen: 23776K->480K(24064K)] 53091K->29795K(58880K), 0.0005700 secs] [Times: user=0.00 sys=0.00, real=0.00 secs] 
147.708: Total time for which application threads were stopped: 0.0007030 seconds, Stopping threads took: 0.0000530 seconds
147.838: Application time: 0.1301640 seconds
147.839: [GC [PSYoungGen: 24032K->256K(24064K)] 53347K->29960K(58880K), 0.0005520 secs] [Times: user=0.00 sys=0.00, real=0.00 secs] 
147.839: Total time for which application threads were stopped: 0.0006930 seconds, Stopping threads took: 0.0000610 seconds
147.970: Application time: 0.1304140 seconds
147.970: [GC [PSYoungGen: 23808K->224K(24064K)] 53512K->29928K(58880K), 0.0004850 secs] [Times: user=0.00 sys=0.00, real=0.00 secs] 
147.970: Total time for which application threads were stopped: 0.0006530 seconds, Stopping threads took: 0.0000770 seconds
148.099: Application time: 0.1286620 seconds
148.099: [GC [PSYoungGen: 23776K->256K(24064K)] 53480K->29960K(58880K), 0.0004500 secs] [Times: user=0.00 sys=0.00, real=0.00 secs] 
148.099: Total time for which application threads were stopped: 0.0005860 seconds, Stopping threads took: 0.0000620 seconds
148.230: Application time: 0.1305590 seconds
148.230: [GC [PSYoungGen: 23808K->256K(24064K)] 53512K->30152K(58880K), 0.0004770 secs] [Times: user=0.00 sys=0.00, real=0.00 secs] 
148.231: Total time for which application threads were stopped: 0.0006150 seconds, Stopping threads took: 0.0000590 seconds
148.361: Application time: 0.1304810 seconds
148.361: [GC [PSYoungGen: 23808K->256K(24064K)] 53704K->30152K(58880K), 0.0004610 secs] [Times: user=0.00 sys=0.00, real=0.00 secs] 
148.362: Total time for which application threads were stopped: 0.0006210 seconds, Stopping threads took: 0.0000670 seconds
148.487: Application time: 0.1256860 seconds
148.488: [GC [PSYoungGen: 23808K->496K(24064K)] 53704K->30392K(58880K), 0.0005390 secs] [Times: user=0.01 sys=0.00, real=0.00 secs] 
148.488: Total time for which application threads were stopped: 0.0006840 seconds, Stopping threads took: 0.0000640 seconds
148.619: Application time: 0.1308910 seconds
148.619: [GC [PSYoungGen: 24048K->256K(24064K)] 53944K->30544K(58880K), 0.0005400 secs] [Times: user=0.00 sys=0.00, real=0.00 secs] 
148.620: Total time for which application threads were stopped: 0.0006770 seconds, Stopping threads took: 0.0000620 seconds
148.750: Application time: 0.1300200 seconds
148.750: [GC [PSYoungGen: 23808K->256K(24064K)] 54096K->30544K(58880K), 0.0004200 secs] [Times: user=0.00 sys=0.00, real=0.00 secs] 
148.750: Total time for which application threads were stopped: 0.0005480 seconds, Stopping threads took: 0.0000530 seconds
148.882: Application time: 0.1321340 seconds
148.883: [GC [PSYoungGen: 23808K->256K(24064K)] 54096K->30544K(58880K), 0.0005010 secs] [Times: user=0.00 sys=0.00, real=0.00 secs] 
148.883: Total time for which application threads were stopped: 0.0006580 seconds, Stopping threads took: 0.0000760 seconds
149.013: Application time: 0.1301510 seconds
149.013: [GC [PSYoungGen: 23808K->256K(24064K)] 54096K->30736K(58880K), 0.0004930 secs] [Times: user=0.00 sys=0.00, real=0.00 secs] 
149.014: Total time for which application threads were stopped: 0.0006370 seconds, Stopping threads took: 0.0000570 seconds
149.144: Application time: 0.1302390 seconds
149.144: [GC [PSYoungGen: 23807K->256K(24064K)] 54288K->30736K(58880K), 0.0004150 secs] [Times: user=0.00 sys=0.00, real=0.00 secs] 
149.145: Total time for which application threads were stopped: 0.0005550 seconds, Stopping threads took: 0.0000630 seconds
149.271: Application time: 0.1265920 seconds
149.271: [GC [PSYoungGen: 23808K->464K(24064K)] 54288K->30945K(58880K), 0.0005860 secs] [Times: user=0.00 sys=0.00, real=0.00 secs] 
149.272: Total time for which application threads were stopped: 0.0007260 seconds, Stopping threads took: 0.0000600 seconds
149.403: Application time: 0.1307320 seconds
149.403: [GC [PSYoungGen: 24016K->256K(24064K)] 54497K->31125K(58880K), 0.0005330 secs] [Times: user=0.01 sys=0.00, real=0.00 secs] 
149.403: Total time for which application threads were stopped: 0.0006690 seconds, Stopping threads took: 0.0000630 seconds
149.534: Application time: 0.1306130 seconds
149.534: [GC [PSYoungGen: 23808K->256K(24064K)] 54677K->31125K(58880K), 0.0004190 secs] [Times: user=0.00 sys=0.00, real=0.00 secs] 
149.535: Total time for which application threads were stopped: 0.0005780 seconds, Stopping threads took: 0.0000790 seconds
149.669: Application time: 0.1343540 seconds
149.670: [GC [PSYoungGen: 23808K->192K(24064K)] 54677K->31061K(58880K), 0.0006870 secs] [Times: user=0.01 sys=0.00, real=0.00 secs] 
149.670: Total time for which application threads were stopped: 0.0014860 seconds, Stopping threads took: 0.0007240 seconds
149.804: Application time: 0.1332350 seconds
149.804: [GC [PSYoungGen: 23744K->256K(24064K)] 54613K->31317K(58880K), 0.0004650 secs] [Times: user=0.00 sys=0.00, real=0.00 secs] 
149.804: Total time for which application threads were stopped: 0.0005990 seconds, Stopping threads took: 0.0000610 seconds
149.935: Application time: 0.1311160 seconds
149.935: [GC [PSYoungGen: 23808K->256K(24064K)] 54869K->31317K(58880K), 0.0004450 secs] [Times: user=0.00 sys=0.00, real=0.00 secs] 
149.936: Total time for which application threads were stopped: 0.0005710 seconds, Stopping threads took: 0.0000500 seconds
150.062: Application time: 0.1261020 seconds
150.062: [GC [PSYoungGen: 23808K->464K(24064K)] 54869K->31525K(58880K), 0.0005250 secs] [Times: user=0.00 sys=0.00, real=0.00 secs] 
150.063: Total time for which application threads were stopped: 0.0006780 seconds, Stopping threads took: 0.0000640 seconds
150.193: Application time: 0.1302140 seconds
150.193: [GC [PSYoungGen: 24016K->256K(24064K)] 55077K->31709K(58880K), 0.0005600 secs] [Times: user=0.00 sys=0.00, real=0.00 secs] 
150.194: Total time for which application threads were stopped: 0.0006990 seconds, Stopping threads took: 0.0000610 seconds
150.324: Application time: 0.1302320 seconds
150.324: [GC [PSYoungGen: 23808K->224K(24064K)] 55261K->31677K(58880K), 0.0004530 secs] [Times: user=0.00 sys=0.00, real=0.00 secs] 
150.324: Total time for which application threads were stopped: 0.0005920 seconds, Stopping threads took: 0.0000600 seconds
150.454: Application time: 0.1298330 seconds
150.454: [GC [PSYoungGen: 23776K->256K(24064K)] 55229K->31709K(58880K), 0.0005640 secs] [Times: user=0.00 sys=0.00, real=0.00 secs] 
150.455: Total time for which application threads were stopped: 0.0006960 seconds, Stopping threads took: 0.0000530 seconds
150.586: Application time: 0.1307410 seconds
150.586: [GC [PSYoungGen: 23808K->256K(24064K)] 55261K->31901K(58880K), 0.0004900 secs] [Times: user=0.00 sys=0.00, real=0.00 secs] 
150.586: Total time for which application threads were stopped: 0.0006310 seconds, Stopping threads took: 0.0000540 seconds
150.716: Application time: 0.1297770 seconds
150.716: [GC [PSYoungGen: 23808K->128K(24064K)] 55453K->31773K(58880K), 0.0005680 secs] [Times: user=0.00 sys=0.00, real=0.01 secs] 
150.718: Total time for which application threads were stopped: 0.0018030 seconds, Stopping threads took: 0.0000630 seconds
150.844: Application time: 0.1261000 seconds
150.844: [GC [PSYoungGen: 23680K->480K(24064K)] 55325K->32134K(58880K), 0.0005630 secs] [Times: user=0.01 sys=0.00, real=0.00 secs] 
150.845: Total time for which application threads were stopped: 0.0006930 seconds, Stopping threads took: 0.0000530 seconds
150.975: Application time: 0.1300050 seconds
150.978: [GC [PSYoungGen: 24032K->256K(24576K)] 55686K->32290K(59392K), 0.0005570 secs] [Times: user=0.00 sys=0.00, real=0.00 secs] 
150.978: Total time for which application threads were stopped: 0.0035270 seconds, Stopping threads took: 0.0028960 seconds
151.108: Application time: 0.1295680 seconds
151.108: [GC [PSYoungGen: 23808K->224K(24064K)] 55842K->32258K(58880K), 0.0004560 secs] [Times: user=0.01 sys=0.00, real=0.00 secs] 
151.108: Total time for which application threads were stopped: 0.0006030 seconds, Stopping threads took: 0.0000540 seconds
151.238: Application time: 0.1296450 seconds
151.238: [GC [PSYoungGen: 23776K->224K(24064K)] 55810K->32258K(58880K), 0.0005600 secs] [Times: user=0.00 sys=0.00, real=0.00 secs] 
151.239: Total time for which application threads were stopped: 0.0007290 seconds, Stopping threads took: 0.0000880 seconds
151.369: Application time: 0.1303250 seconds
151.369: [GC [PSYoungGen: 23776K->256K(24064K)] 55810K->32482K(58880K), 0.0004920 secs] [Times: user=0.00 sys=0.00, real=0.00 secs] 
151.370: Total time for which application threads were stopped: 0.0006340 seconds, Stopping threads took: 0.0000590 seconds
151.500: Application time: 0.1303710 seconds
151.500: [GC [PSYoungGen: 23808K->256K(24064K)] 56034K->32482K(58880K), 0.0004310 secs] [Times: user=0.00 sys=0.00, real=0.00 secs] 
151.501: Total time for which application threads were stopped: 0.0005820 seconds, Stopping threads took: 0.0000720 seconds
151.627: Application time: 0.1262930 seconds
151.627: [GC [PSYoungGen: 23808K->432K(24064K)] 56034K->32658K(58880K), 0.0005420 secs] [Times: user=0.00 sys=0.00, real=0.00 secs] 
151.628: Total time for which application threads were stopped: 0.0007020 seconds, Stopping threads took: 0.0000730 seconds
151.757: Application time: 0.1295650 seconds
151.757: [GC [PSYoungGen: 23984K->240K(24064K)] 56210K->32806K(58880K), 0.0005840 secs] [Times: user=0.01 sys=0.00, real=0.01 secs] 
151.758: Total time for which application threads were stopped: 0.0007190 seconds, Stopping threads took: 0.0000580 seconds
151.889: Application time: 0.1307530 seconds
151.889: [GC [PSYoungGen: 23792K->256K(24064K)] 56358K->32894K(58880K), 0.0004650 secs] [Times: user=0.00 sys=0.00, real=0.00 secs] 
151.889: Total time for which application threads were stopped: 0.0006160 seconds, Stopping threads took: 0.0000710 seconds
152.019: Application time: 0.1292710 seconds
152.019: [GC [PSYoungGen: 23808K->256K(24064K)] 56446K->32894K(58880K), 0.0004510 secs] [Times: user=0.00 sys=0.00, real=0.00 secs] 
152.019: Total time for which application threads were stopped: 0.0005860 seconds, Stopping threads took: 0.0000600 seconds
152.149: Application time: 0.1299940 seconds
152.149: [GC [PSYoungGen: 23808K->256K(24064K)] 56446K->33087K(58880K), 0.0005090 secs] [Times: user=0.00 sys=0.00, real=0.00 secs] 
152.150: Total time for which application threads were stopped: 0.0006510 seconds, Stopping threads took: 0.0000530 seconds
152.281: Application time: 0.1308470 seconds
152.281: [GC [PSYoungGen: 23808K->192K(24064K)] 56639K->33023K(58880K), 0.0004540 secs] [Times: user=0.00 sys=0.00, real=0.00 secs] 
152.281: Total time for which application threads were stopped: 0.0005860 seconds, Stopping threads took: 0.0000560 seconds
152.408: Application time: 0.1265780 seconds
152.408: [GC [PSYoungGen: 23744K->448K(24064K)] 56575K->33279K(58880K), 0.0005280 secs] [Times: user=0.01 sys=0.00, real=0.00 secs] 
152.409: Total time for which application threads were stopped: 0.0006830 seconds, Stopping threads took: 0.0000780 seconds
152.538: Application time: 0.1294460 seconds
152.538: [GC [PSYoungGen: 24000K->256K(24064K)] 56831K->33439K(58880K), 0.0005850 secs] [Times: user=0.00 sys=0.00, real=0.00 secs] 
152.539: Total time for which application threads were stopped: 0.0007290 seconds, Stopping threads took: 0.0000620 seconds
152.669: Application time: 0.1306360 seconds
152.670: [GC [PSYoungGen: 23808K->256K(24064K)] 56991K->33503K(58880K), 0.0004340 secs] [Times: user=0.00 sys=0.00, real=0.00 secs] 
152.670: Total time for which application threads were stopped: 0.0005880 seconds, Stopping threads took: 0.0000670 seconds
152.800: Application time: 0.1301480 seconds
152.800: [GC [PSYoungGen: 23808K->224K(24064K)] 57055K->33471K(58880K), 0.0004730 secs] [Times: user=0.00 sys=0.00, real=0.00 secs] 
152.801: Total time for which application threads were stopped: 0.0005950 seconds, Stopping threads took: 0.0000530 seconds
152.931: Application time: 0.1302680 seconds
152.931: [GC [PSYoungGen: 23776K->224K(24064K)] 57023K->33623K(58880K), 0.0004990 secs] [Times: user=0.01 sys=0.00, real=0.00 secs] 
152.932: Total time for which application threads were stopped: 0.0006350 seconds, Stopping threads took: 0.0000550 seconds
153.062: Application time: 0.1300690 seconds
153.062: [GC [PSYoungGen: 23776K->256K(24064K)] 57175K->33679K(58880K), 0.0004080 secs] [Times: user=0.00 sys=0.00, real=0.00 secs] 
153.062: Total time for which application threads were stopped: 0.0005440 seconds, Stopping threads took: 0.0000560 seconds
153.188: Application time: 0.1258620 seconds
153.188: [GC [PSYoungGen: 23808K->432K(24064K)] 57231K->33855K(58880K), 0.0005090 secs] [Times: user=0.00 sys=0.00, real=0.00 secs] 
153.189: Total time for which application threads were stopped: 0.0006580 seconds, Stopping threads took: 0.0000630 seconds
153.319: Application time: 0.1297640 seconds
153.319: [GC [PSYoungGen: 23984K->256K(24064K)] 57407K->34027K(58880K), 0.0005490 secs] [Times: user=0.00 sys=0.00, real=0.00 secs] 
153.319: Total time for which application threads were stopped: 0.0006770 seconds, Stopping threads took: 0.0000540 seconds
153.450: Application time: 0.1307830 seconds
153.450: [GC [PSYoungGen: 23808K->256K(24064K)] 57579K->34099K(58880K), 0.0004650 secs] [Times: user=0.00 sys=0.00, real=0.00 secs] 
153.451: Total time for which application threads were stopped: 0.0006130 seconds, Stopping threads took: 0.0000660 seconds
153.580: Application time: 0.1295600 seconds
153.580: [GC [PSYoungGen: 23808K->256K(24064K)] 57651K->34099K(58880K), 0.0004630 secs] [Times: user=0.00 sys=0.00, real=0.00 secs] 
153.581: Total time for which application threads were stopped: 0.0005950 seconds, Stopping threads took: 0.0000580 seconds
153.711: Application time: 0.1301430 seconds
153.711: [GC [PSYoungGen: 23808K->256K(24064K)] 57651K->34268K(58880K), 0.0004930 secs] [Times: user=0.00 sys=0.00, real=0.00 secs] 
153.712: Total time for which application threads were stopped: 0.0006610 seconds, Stopping threads took: 0.0000780 seconds
153.842: Application time: 0.1301750 seconds
153.842: [GC [PSYoungGen: 23808K->256K(24064K)] 57820K->34292K(58880K), 0.0005130 secs] [Times: user=0.00 sys=0.00, real=0.00 secs] 
153.842: Total time for which application threads were stopped: 0.0006560 seconds, Stopping threads took: 0.0000630 seconds
153.969: Application time: 0.1263850 seconds
153.969: [GC [PSYoungGen: 23808K->480K(24064K)] 57844K->34516K(58880K), 0.0005430 secs] [Times: user=0.01 sys=0.00, real=0.00 secs] 
153.970: Total time for which application threads were stopped: 0.0006650 seconds, Stopping threads took: 0.0000420 seconds
154.099: Application time: 0.1296230 seconds
154.099: [GC [PSYoungGen: 24032K->256K(24064K)] 58068K->34628K(58880K), 0.0005730 secs] [Times: user=0.01 sys=0.00, real=0.00 secs] 
154.100: [Full GC [PSYoungGen: 256K->0K(24064K)] [ParOldGen: 34372K->2980K(34304K)] 34628K->2980K(58368K) [PSPermGen: 6082K->6082K(21504K)], 0.0056320 secs] [Times: user=0.02 sys=0.00, real=0.00 secs] 
154.106: Total time for which application threads were stopped: 0.0064300 seconds, Stopping threads took: 0.0000940 seconds
154.235: Application time: 0.1298760 seconds
154.236: [GC [PSYoungGen: 23552K->256K(24064K)] 26532K->3236K(58368K), 0.0004160 secs] [Times: user=0.00 sys=0.00, real=0.00 secs] 
154.236: Total time for which application threads were stopped: 0.0005580 seconds, Stopping threads took: 0.0000540 seconds
154.365: Application time: 0.1294350 seconds
154.366: [GC [PSYoungGen: 23808K->256K(24064K)] 26788K->3236K(58368K), 0.0004840 secs] [Times: user=0.00 sys=0.00, real=0.01 secs] 
154.366: Total time for which application threads were stopped: 0.0006280 seconds, Stopping threads took: 0.0000620 seconds
154.497: Application time: 0.1308860 seconds
154.497: [GC [PSYoungGen: 23808K->224K(24064K)] 26788K->3364K(58368K), 0.0003900 secs] [Times: user=0.00 sys=0.00, real=0.00 secs] 
154.497: Total time for which application threads were stopped: 0.0005170 seconds, Stopping threads took: 0.0000510 seconds
154.627: Application time: 0.1294980 seconds
154.627: [GC [PSYoungGen: 23776K->256K(24064K)] 26916K->3420K(58368K), 0.0004150 secs] [Times: user=0.01 sys=0.00, real=0.00 secs] 
154.628: Total time for which application threads were stopped: 0.0005400 seconds, Stopping threads took: 0.0000470 seconds
154.754: Application time: 0.1261030 seconds
154.754: [GC [PSYoungGen: 23808K->448K(24064K)] 26972K->3668K(58368K), 0.0004840 secs] [Times: user=0.00 sys=0.00, real=0.00 secs] 
154.754: Total time for which application threads were stopped: 0.0006230 seconds, Stopping threads took: 0.0000490 seconds
154.885: Application time: 0.1304690 seconds
154.885: [GC [PSYoungGen: 24000K->224K(24064K)] 27220K->3777K(58368K), 0.0005500 secs] [Times: user=0.00 sys=0.00, real=0.00 secs] 
154.885: Total time for which application threads were stopped: 0.0006970 seconds, Stopping threads took: 0.0000630 seconds
155.015: Application time: 0.1296040 seconds
155.015: [GC [PSYoungGen: 23776K->256K(24064K)] 27329K->3833K(58368K), 0.0004280 secs] [Times: user=0.00 sys=0.00, real=0.00 secs] 
155.016: Total time for which application threads were stopped: 0.0005580 seconds, Stopping threads took: 0.0000510 seconds
155.146: Application time: 0.1300420 seconds
155.146: [GC [PSYoungGen: 23808K->256K(24064K)] 27385K->3857K(58368K), 0.0004300 secs] [Times: user=0.00 sys=0.00, real=0.00 secs] 
155.146: Total time for which application threads were stopped: 0.0005780 seconds, Stopping threads took: 0.0000640 seconds
155.276: Application time: 0.1301440 seconds
155.276: [GC [PSYoungGen: 23808K->256K(24064K)] 27409K->4025K(58368K), 0.0004180 secs] [Times: user=0.00 sys=0.00, real=0.00 secs] 
155.277: Total time for which application threads were stopped: 0.0005600 seconds, Stopping threads took: 0.0000580 seconds
155.407: Application time: 0.1298650 seconds
155.407: [GC [PSYoungGen: 23808K->256K(24064K)] 27577K->4025K(58368K), 0.0004000 secs] [Times: user=0.00 sys=0.00, real=0.00 secs] 
155.407: Total time for which application threads were stopped: 0.0005330 seconds, Stopping threads took: 0.0000560 seconds
155.533: Application time: 0.1261110 seconds
155.534: [GC [PSYoungGen: 23808K->448K(24064K)] 27577K->4289K(58368K), 0.0005090 secs] [Times: user=0.00 sys=0.00, real=0.00 secs] 
155.534: Total time for which application threads were stopped: 0.0006500 seconds, Stopping threads took: 0.0000620 seconds
155.664: Application time: 0.1300920 seconds
155.664: [GC [PSYoungGen: 24000K->256K(24064K)] 27841K->4445K(58368K), 0.0004890 secs] [Times: user=0.00 sys=0.00, real=0.00 secs] 
155.665: Total time for which application threads were stopped: 0.0006200 seconds, Stopping threads took: 0.0000550 seconds
155.795: Application time: 0.1302110 seconds
155.795: [GC [PSYoungGen: 23808K->192K(24064K)] 27997K->4381K(58368K), 0.0004220 secs] [Times: user=0.00 sys=0.00, real=0.00 secs] 
155.797: Total time for which application threads were stopped: 0.0017850 seconds, Stopping threads took: 0.0000640 seconds
155.926: Application time: 0.1292160 seconds
155.926: [GC [PSYoungGen: 23744K->256K(24064K)] 27933K->4469K(58368K), 0.0004390 secs] [Times: user=0.00 sys=0.00, real=0.00 secs] 
155.927: Total time for which application threads were stopped: 0.0005660 seconds, Stopping threads took: 0.0000510 seconds
156.057: Application time: 0.1305910 seconds
156.057: [GC [PSYoungGen: 23808K->256K(24064K)] 28021K->4637K(58368K), 0.0004340 secs] [Times: user=0.00 sys=0.00, real=0.01 secs] 
156.058: Total time for which application threads were stopped: 0.0005830 seconds, Stopping threads took: 0.0000700 seconds
156.187: Application time: 0.1295110 seconds
156.187: [GC [PSYoungGen: 23808K->224K(24064K)] 28189K->4605K(58368K), 0.0004450 secs] [Times: user=0.00 sys=0.00, real=0.00 secs] 
156.188: Total time for which application threads were stopped: 0.0005720 seconds, Stopping threads took: 0.0000500 seconds
156.314: Application time: 0.1266550 seconds
156.315: [GC [PSYoungGen: 23776K->464K(24064K)] 28157K->4917K(58368K), 0.0005530 secs] [Times: user=0.00 sys=0.00, real=0.00 secs] 
156.315: Total time for which application threads were stopped: 0.0006870 seconds, Stopping threads took: 0.0000500 seconds
156.446: Application time: 0.1304240 seconds
156.446: [GC [PSYoungGen: 24016K->256K(24064K)] 28469K->5054K(58368K), 0.0004760 secs] [Times: user=0.00 sys=0.00, real=0.00 secs] 
156.446: Total time for which application threads were stopped: 0.0006190 seconds, Stopping threads took: 0.0000570 seconds
156.577: Application time: 0.1312020 seconds
156.578: [GC [PSYoungGen: 23808K->256K(24064K)] 28606K->5054K(58368K), 0.0004250 secs] [Times: user=0.00 sys=0.00, real=0.01 secs] 
156.578: Total time for which application threads were stopped: 0.0005810 seconds, Stopping threads took: 0.0000790 seconds
156.708: Application time: 0.1297500 seconds
156.708: [GC [PSYoungGen: 23808K->256K(24064K)] 28606K->5078K(58368K), 0.0004140 secs] [Times: user=0.00 sys=0.00, real=0.00 secs] 
156.708: Total time for which application threads were stopped: 0.0005500 seconds, Stopping threads took: 0.0000620 seconds
156.839: Application time: 0.1306340 seconds
156.839: [GC [PSYoungGen: 23808K->256K(24064K)] 28630K->5246K(58368K), 0.0004350 secs] [Times: user=0.00 sys=0.00, real=0.00 secs] 
156.840: Total time for which application threads were stopped: 0.0005900 seconds, Stopping threads took: 0.0000620 seconds
156.969: Application time: 0.1293130 seconds
156.969: [GC [PSYoungGen: 23808K->256K(24064K)] 28798K->5246K(58368K), 0.0004240 secs] [Times: user=0.00 sys=0.00, real=0.00 secs] 
156.969: Total time for which application threads were stopped: 0.0005730 seconds, Stopping threads took: 0.0000680 seconds
157.096: Application time: 0.1266850 seconds
157.096: [GC [PSYoungGen: 23808K->480K(24064K)] 28798K->5526K(58368K), 0.0004830 secs] [Times: user=0.01 sys=0.00, real=0.00 secs] 
157.097: Total time for which application threads were stopped: 0.0006110 seconds, Stopping threads took: 0.0000530 seconds
157.227: Application time: 0.1303430 seconds
157.227: [GC [PSYoungGen: 24032K->256K(24064K)] 29078K->5646K(58368K), 0.0005070 secs] [Times: user=0.00 sys=0.00, real=0.00 secs] 
157.228: Total time for which application threads were stopped: 0.0006530 seconds, Stopping threads took: 0.0000660 seconds
157.358: Application time: 0.1299500 seconds
157.358: [GC [PSYoungGen: 23808K->256K(24064K)] 29198K->5646K(58368K), 0.0004450 secs] [Times: user=0.00 sys=0.00, real=0.00 secs] 
157.358: Total time for which application threads were stopped: 0.0005930 seconds, Stopping threads took: 0.0000550 seconds
157.488: Application time: 0.1299850 seconds
157.488: [GC [PSYoungGen: 23808K->256K(24064K)] 29198K->5670K(58368K), 0.0003930 secs] [Times: user=0.00 sys=0.00, real=0.00 secs] 
157.489: Total time for which application threads were stopped: 0.0005660 seconds, Stopping threads took: 0.0000970 seconds
157.619: Application time: 0.1300320 seconds
157.619: [GC [PSYoungGen: 23808K->256K(24064K)] 29222K->5838K(58368K), 0.0004410 secs] [Times: user=0.00 sys=0.00, real=0.00 secs] 
157.619: Total time for which application threads were stopped: 0.0005720 seconds, Stopping threads took: 0.0000590 seconds
157.749: Application time: 0.1297950 seconds
157.749: [GC [PSYoungGen: 23808K->224K(24064K)] 29390K->5806K(58368K), 0.0004130 secs] [Times: user=0.00 sys=0.00, real=0.00 secs] 
157.750: Total time for which application threads were stopped: 0.0005510 seconds, Stopping threads took: 0.0000620 seconds
157.877: Application time: 0.1271270 seconds
157.877: [GC [PSYoungGen: 23776K->432K(24064K)] 29358K->6086K(58368K), 0.0005130 secs] [Times: user=0.00 sys=0.00, real=0.01 secs] 
157.878: Total time for which application threads were stopped: 0.0006750 seconds, Stopping threads took: 0.0000640 seconds
158.008: Application time: 0.1302400 seconds
158.008: [GC [PSYoungGen: 23984K->256K(24064K)] 29638K->6263K(58368K), 0.0005260 secs] [Times: user=0.00 sys=0.00, real=0.00 secs] 
158.009: Total time for which application threads were stopped: 0.0006770 seconds, Stopping threads took: 0.0000760 seconds
158.139: Application time: 0.1304970 seconds
158.139: [GC [PSYoungGen: 23808K->224K(24064K)] 29815K->6231K(58368K), 0.0004290 secs] [Times: user=0.00 sys=0.00, real=0.00 secs] 
158.140: Total time for which application threads were stopped: 0.0005710 seconds, Stopping threads took: 0.0000660 seconds
158.268: Application time: 0.1288910 seconds
158.269: [GC [PSYoungGen: 23776K->256K(24064K)] 29783K->6311K(58368K), 0.0004150 secs] [Times: user=0.00 sys=0.00, real=0.00 secs] 
158.269: Total time for which application threads were stopped: 0.0005410 seconds, Stopping threads took: 0.0000510 seconds
158.399: Application time: 0.1300340 seconds
158.399: [GC [PSYoungGen: 23808K->256K(24064K)] 29863K->6455K(58368K), 0.0004390 secs] [Times: user=0.00 sys=0.00, real=0.00 secs] 
158.400: Total time for which application threads were stopped: 0.0005830 seconds, Stopping threads took: 0.0000550 seconds
158.529: Application time: 0.1291690 seconds
158.529: [GC [PSYoungGen: 23808K->288K(24064K)] 30007K->6487K(58368K), 0.0004310 secs] [Times: user=0.00 sys=0.00, real=0.00 secs] 
158.529: Total time for which application threads were stopped: 0.0005620 seconds, Stopping threads took: 0.0000540 seconds
158.656: Application time: 0.1268910 seconds
158.658: [GC [PSYoungGen: 23840K->368K(24064K)] 30039K->6687K(58368K), 0.0005200 secs] [Times: user=0.00 sys=0.00, real=0.00 secs] 
158.658: Total time for which application threads were stopped: 0.0019410 seconds, Stopping threads took: 0.0013430 seconds
158.789: Application time: 0.1308960 seconds
158.789: [GC [PSYoungGen: 23920K->256K(24064K)] 30239K->6871K(58368K), 0.0004740 secs] [Times: user=0.00 sys=0.00, real=0.00 secs] 
158.790: Total time for which application threads were stopped: 0.0006160 seconds, Stopping threads took: 0.0000620 seconds
158.919: Application time: 0.1297370 seconds
158.920: [GC [PSYoungGen: 23808K->224K(24064K)] 30423K->6839K(58368K), 0.0004320 secs] [Times: user=0.00 sys=0.00, real=0.00 secs] 
158.920: Total time for which application threads were stopped: 0.0006240 seconds, Stopping threads took: 0.0000940 seconds
159.050: Application time: 0.1297210 seconds
159.050: [GC [PSYoungGen: 23776K->256K(24064K)] 30391K->6919K(58368K), 0.0005050 secs] [Times: user=0.00 sys=0.00, real=0.00 secs] 
159.050: Total time for which application threads were stopped: 0.0006500 seconds, Stopping threads took: 0.0000660 seconds
159.181: Application time: 0.1301100 seconds
159.181: [GC [PSYoungGen: 23808K->256K(24064K)] 30471K->7063K(58368K), 0.0004360 secs] [Times: user=0.00 sys=0.00, real=0.00 secs] 
159.181: Total time for which application threads were stopped: 0.0005750 seconds, Stopping threads took: 0.0000590 seconds
159.310: Application time: 0.1287620 seconds
159.310: [GC [PSYoungGen: 23808K->272K(24064K)] 30615K->7079K(58368K), 0.0004480 secs] [Times: user=0.00 sys=0.00, real=0.00 secs] 
159.311: Total time for which application threads were stopped: 0.0005990 seconds, Stopping threads took: 0.0000740 seconds
159.438: Application time: 0.1275520 seconds
159.438: [GC [PSYoungGen: 23824K->336K(24064K)] 30631K->7296K(58368K), 0.0005430 secs] [Times: user=0.00 sys=0.00, real=0.00 secs] 
159.439: Total time for which application threads were stopped: 0.0006940 seconds, Stopping threads took: 0.0000630 seconds
159.570: Application time: 0.1307920 seconds
159.570: [GC [PSYoungGen: 23888K->256K(24064K)] 30848K->7500K(58368K), 0.0004850 secs] [Times: user=0.00 sys=0.00, real=0.00 secs] 
159.570: Total time for which application threads were stopped: 0.0006190 seconds, Stopping threads took: 0.0000580 seconds
159.700: Application time: 0.1294660 seconds
159.700: [GC [PSYoungGen: 23808K->256K(24064K)] 31052K->7500K(58368K), 0.0003850 secs] [Times: user=0.00 sys=0.00, real=0.00 secs] 
159.700: Total time for which application threads were stopped: 0.0005170 seconds, Stopping threads took: 0.0000570 seconds
159.830: Application time: 0.1297680 seconds
159.830: [GC [PSYoungGen: 23808K->256K(24064K)] 31052K->7572K(58368K), 0.0004380 secs] [Times: user=0.00 sys=0.00, real=0.00 secs] 
159.831: Total time for which application threads were stopped: 0.0005760 seconds, Stopping threads took: 0.0000610 seconds
159.961: Application time: 0.1308530 seconds
159.961: [GC [PSYoungGen: 23808K->224K(24064K)] 31124K->7660K(58368K), 0.0004700 secs] [Times: user=0.00 sys=0.00, real=0.00 secs] 
159.962: Total time for which application threads were stopped: 0.0006110 seconds, Stopping threads took: 0.0000520 seconds
160.091: Application time: 0.1286670 seconds
160.091: [GC [PSYoungGen: 23776K->272K(24064K)] 31212K->7708K(58368K), 0.0004520 secs] [Times: user=0.00 sys=0.00, real=0.00 secs] 
160.091: Total time for which application threads were stopped: 0.0005850 seconds, Stopping threads took: 0.0000530 seconds
160.219: Application time: 0.1277880 seconds
160.219: [GC [PSYoungGen: 23824K->368K(24064K)] 31260K->7972K(58368K), 0.0004970 secs] [Times: user=0.00 sys=0.00, real=0.00 secs] 
160.220: Total time for which application threads were stopped: 0.0006270 seconds, Stopping threads took: 0.0000490 seconds
160.351: Application time: 0.1308930 seconds
160.351: [GC [PSYoungGen: 23920K->256K(24064K)] 31524K->8116K(58368K), 0.0004600 secs] [Times: user=0.01 sys=0.00, real=0.00 secs] 
160.351: Total time for which application threads were stopped: 0.0005980 seconds, Stopping threads took: 0.0000620 seconds
160.481: Application time: 0.1294360 seconds
160.481: [GC [PSYoungGen: 23808K->256K(24064K)] 31668K->8116K(58368K), 0.0004090 secs] [Times: user=0.00 sys=0.00, real=0.00 secs] 
160.481: Total time for which application threads were stopped: 0.0005650 seconds, Stopping threads took: 0.0000690 seconds
160.611: Application time: 0.1302440 seconds
160.612: [GC [PSYoungGen: 23808K->272K(24064K)] 31668K->8204K(58368K), 0.0004570 secs] [Times: user=0.00 sys=0.00, real=0.00 secs] 
160.612: Total time for which application threads were stopped: 0.0006010 seconds, Stopping threads took: 0.0000650 seconds
160.742: Application time: 0.1295760 seconds
160.742: [GC [PSYoungGen: 23824K->224K(24064K)] 31756K->8276K(58368K), 0.0004450 secs] [Times: user=0.00 sys=0.00, real=0.00 secs] 
160.742: Total time for which application threads were stopped: 0.0005860 seconds, Stopping threads took: 0.0000620 seconds
160.871: Application time: 0.1284290 seconds
160.871: [GC [PSYoungGen: 23776K->272K(24064K)] 31828K->8324K(58368K), 0.0004750 secs] [Times: user=0.01 sys=0.00, real=0.00 secs] 
160.871: Total time for which application threads were stopped: 0.0006210 seconds, Stopping threads took: 0.0000660 seconds
160.998: Application time: 0.1271040 seconds
160.998: [GC [PSYoungGen: 23824K->432K(24064K)] 31876K->8641K(58368K), 0.0005290 secs] [Times: user=0.00 sys=0.00, real=0.00 secs] 
160.999: Total time for which application threads were stopped: 0.0006710 seconds, Stopping threads took: 0.0000550 seconds
161.129: Application time: 0.1304200 seconds
161.130: [GC [PSYoungGen: 23984K->256K(24064K)] 32193K->8733K(58368K), 0.0005260 secs] [Times: user=0.00 sys=0.00, real=0.00 secs] 
161.130: Total time for which application threads were stopped: 0.0006600 seconds, Stopping threads took: 0.0000540 seconds
161.260: Application time: 0.1296640 seconds
161.260: [GC [PSYoungGen: 23808K->256K(24064K)] 32285K->8733K(58368K), 0.0004110 secs] [Times: user=0.00 sys=0.00, real=0.00 secs] 
161.260: Total time for which application threads were stopped: 0.0005450 seconds, Stopping threads took: 0.0000550 seconds
161.390: Application time: 0.1296210 seconds
161.390: [GC [PSYoungGen: 23808K->256K(24064K)] 32285K->8805K(58368K), 0.0004350 secs] [Times: user=0.00 sys=0.00, real=0.00 secs] 
161.390: Total time for which application threads were stopped: 0.0005660 seconds, Stopping threads took: 0.0000530 seconds
161.521: Application time: 0.1308270 seconds
161.521: [GC [PSYoungGen: 23808K->224K(24064K)] 32357K->8893K(58368K), 0.0004230 secs] [Times: user=0.00 sys=0.00, real=0.00 secs] 
161.522: Total time for which application threads were stopped: 0.0005630 seconds, Stopping threads took: 0.0000560 seconds
161.650: Application time: 0.1281480 seconds
161.650: [GC [PSYoungGen: 23776K->272K(24064K)] 32445K->8941K(58368K), 0.0004310 secs] [Times: user=0.00 sys=0.00, real=0.00 secs] 
161.651: Total time for which application threads were stopped: 0.0005710 seconds, Stopping threads took: 0.0000630 seconds
161.778: Application time: 0.1277710 seconds
161.778: [GC [PSYoungGen: 23824K->368K(24064K)] 32493K->9213K(58368K), 0.0005220 secs] [Times: user=0.00 sys=0.00, real=0.00 secs] 
161.779: Total time for which application threads were stopped: 0.0006460 seconds, Stopping threads took: 0.0000460 seconds
161.909: Application time: 0.1302560 seconds
161.909: [GC [PSYoungGen: 23920K->192K(24064K)] 32765K->9285K(58368K), 0.0004390 secs] [Times: user=0.00 sys=0.00, real=0.00 secs] 
161.910: Total time for which application threads were stopped: 0.0005870 seconds, Stopping threads took: 0.0000640 seconds
162.040: Application time: 0.1297000 seconds
162.040: [GC [PSYoungGen: 23744K->256K(24064K)] 32837K->9349K(58368K), 0.0004310 secs] [Times: user=0.00 sys=0.00, real=0.00 secs] 
162.040: Total time for which application threads were stopped: 0.0005770 seconds, Stopping threads took: 0.0000620 seconds
162.170: Application time: 0.1303260 seconds
162.174: [GC [PSYoungGen: 23808K->256K(24064K)] 32901K->9421K(58368K), 0.0004700 secs] [Times: user=0.01 sys=0.00, real=0.00 secs] 
162.174: Total time for which application threads were stopped: 0.0036910 seconds, Stopping threads took: 0.0031390 seconds
162.305: Application time: 0.1303540 seconds
162.305: [GC [PSYoungGen: 23808K->256K(24064K)] 32973K->9541K(58368K), 0.0003990 secs] [Times: user=0.00 sys=0.00, real=0.00 secs] 
162.305: Total time for which application threads were stopped: 0.0005270 seconds, Stopping threads took: 0.0000530 seconds
162.433: Application time: 0.1282350 seconds
162.433: [GC [PSYoungGen: 23808K->304K(24064K)] 33093K->9589K(58368K), 0.0004440 secs] [Times: user=0.01 sys=0.00, real=0.00 secs] 
162.434: Total time for which application threads were stopped: 0.0005850 seconds, Stopping threads took: 0.0000530 seconds
162.561: Application time: 0.1272360 seconds
162.561: [GC [PSYoungGen: 23856K->336K(24064K)] 33141K->9794K(58368K), 0.0005590 secs] [Times: user=0.01 sys=0.00, real=0.00 secs] 
162.562: Total time for which application threads were stopped: 0.0007050 seconds, Stopping threads took: 0.0000540 seconds
162.692: Application time: 0.1304690 seconds
162.692: [GC [PSYoungGen: 23888K->256K(24064K)] 33346K->9974K(58368K), 0.0004540 secs] [Times: user=0.00 sys=0.00, real=0.00 secs] 
162.693: Total time for which application threads were stopped: 0.0006000 seconds, Stopping threads took: 0.0000610 seconds
162.823: Application time: 0.1299390 seconds
162.823: [GC [PSYoungGen: 23808K->256K(24064K)] 33526K->9974K(58368K), 0.0003800 secs] [Times: user=0.00 sys=0.00, real=0.00 secs] 
162.823: Total time for which application threads were stopped: 0.0005030 seconds, Stopping threads took: 0.0000510 seconds
162.953: Application time: 0.1295110 seconds
162.953: [GC [PSYoungGen: 23808K->256K(24064K)] 33526K->10070K(58368K), 0.0004320 secs] [Times: user=0.00 sys=0.00, real=0.00 secs] 
162.953: Total time for which application threads were stopped: 0.0005630 seconds, Stopping threads took: 0.0000570 seconds
163.084: Application time: 0.1304110 seconds
163.084: [GC [PSYoungGen: 23808K->256K(24064K)] 33622K->10166K(58368K), 0.0004330 secs] [Times: user=0.00 sys=0.00, real=0.00 secs] 
163.084: Total time for which application threads were stopped: 0.0005880 seconds, Stopping threads took: 0.0000670 seconds
163.212: Application time: 0.1271480 seconds
163.212: [GC [PSYoungGen: 23808K->336K(24064K)] 33718K->10246K(58368K), 0.0004690 secs] [Times: user=0.00 sys=0.00, real=0.00 secs] 
163.212: Total time for which application threads were stopped: 0.0005970 seconds, Stopping threads took: 0.0000550 seconds
163.341: Application time: 0.1291630 seconds
163.341: [GC [PSYoungGen: 23888K->352K(24064K)] 33798K->10502K(58368K), 0.0005220 secs] [Times: user=0.00 sys=0.00, real=0.00 secs] 
163.342: Total time for which application threads were stopped: 0.0006530 seconds, Stopping threads took: 0.0000540 seconds
163.472: Application time: 0.1296160 seconds
163.472: [GC [PSYoungGen: 23904K->256K(24064K)] 34054K->10590K(58368K), 0.0004250 secs] [Times: user=0.00 sys=0.00, real=0.00 secs] 
163.472: Total time for which application threads were stopped: 0.0005550 seconds, Stopping threads took: 0.0000540 seconds
163.602: Application time: 0.1296020 seconds
163.602: [GC [PSYoungGen: 23808K->256K(24064K)] 34142K->10590K(58368K), 0.0004100 secs] [Times: user=0.01 sys=0.00, real=0.00 secs] 
163.602: Total time for which application threads were stopped: 0.0005710 seconds, Stopping threads took: 0.0000770 seconds
163.732: Application time: 0.1295720 seconds
163.732: [GC [PSYoungGen: 23808K->256K(24064K)] 34142K->10710K(58368K), 0.0004850 secs] [Times: user=0.00 sys=0.00, real=0.00 secs] 
163.733: Total time for which application threads were stopped: 0.0006210 seconds, Stopping threads took: 0.0000530 seconds
163.863: Application time: 0.1305740 seconds
163.863: [GC [PSYoungGen: 23808K->224K(24064K)] 34262K->10750K(58368K), 0.0004080 secs] [Times: user=0.00 sys=0.00, real=0.00 secs] 
163.864: Total time for which application threads were stopped: 0.0005430 seconds, Stopping threads took: 0.0000580 seconds
163.991: Application time: 0.1278480 seconds
163.994: [GC [PSYoungGen: 23776K->304K(24064K)] 34302K->10830K(58368K), 0.0004620 secs] [Times: user=0.00 sys=0.00, real=0.00 secs] 
163.994: Total time for which application threads were stopped: 0.0026510 seconds, Stopping threads took: 0.0021120 seconds
164.122: Application time: 0.1279010 seconds
164.122: [GC [PSYoungGen: 23856K->336K(24064K)] 34382K->11063K(58368K), 0.0005380 secs] [Times: user=0.01 sys=0.00, real=0.00 secs] 
164.123: Total time for which application threads were stopped: 0.0006910 seconds, Stopping threads took: 0.0000640 seconds
164.253: Application time: 0.1303580 seconds
164.253: [GC [PSYoungGen: 23888K->256K(24064K)] 34615K->11203K(58368K), 0.0004800 secs] [Times: user=0.00 sys=0.00, real=0.00 secs] 
164.254: Total time for which application threads were stopped: 0.0006190 seconds, Stopping threads took: 0.0000600 seconds
164.383: Application time: 0.1291750 seconds
164.383: [GC [PSYoungGen: 23808K->256K(24064K)] 34755K->11203K(58368K), 0.0004260 secs] [Times: user=0.00 sys=0.00, real=0.00 secs] 
164.383: Total time for which application threads were stopped: 0.0005740 seconds, Stopping threads took: 0.0000670 seconds
164.514: Application time: 0.1302040 seconds
164.514: [GC [PSYoungGen: 23808K->256K(24064K)] 34755K->11323K(58368K), 0.0004540 secs] [Times: user=0.00 sys=0.00, real=0.00 secs] 
164.514: Total time for which application threads were stopped: 0.0005930 seconds, Stopping threads took: 0.0000570 seconds
164.644: Application time: 0.1294440 seconds
164.644: [GC [PSYoungGen: 23808K->256K(24064K)] 34875K->11395K(58368K), 0.0004100 secs] [Times: user=0.00 sys=0.00, real=0.00 secs] 
164.644: Total time for which application threads were stopped: 0.0005690 seconds, Stopping threads took: 0.0000710 seconds
164.771: Application time: 0.1270400 seconds
164.771: [GC [PSYoungGen: 23808K->384K(24064K)] 34947K->11523K(58368K), 0.0004370 secs] [Times: user=0.00 sys=0.00, real=0.00 secs] 
164.772: Total time for which application threads were stopped: 0.0005690 seconds, Stopping threads took: 0.0000570 seconds
164.900: Application time: 0.1284230 seconds
164.900: [GC [PSYoungGen: 23936K->288K(24064K)] 35075K->11683K(58368K), 0.0005670 secs] [Times: user=0.00 sys=0.00, real=0.00 secs] 
164.901: Total time for which application threads were stopped: 0.0006900 seconds, Stopping threads took: 0.0000500 seconds
165.031: Application time: 0.1302890 seconds
165.031: [GC [PSYoungGen: 23840K->224K(24064K)] 35235K->11783K(58368K), 0.0004830 secs] [Times: user=0.00 sys=0.00, real=0.00 secs] 
165.032: Total time for which application threads were stopped: 0.0006220 seconds, Stopping threads took: 0.0000590 seconds
165.162: Application time: 0.1302320 seconds
165.162: [GC [PSYoungGen: 23776K->256K(24064K)] 35335K->11815K(58368K), 0.0004060 secs] [Times: user=0.00 sys=0.00, real=0.00 secs] 
165.163: Total time for which application threads were stopped: 0.0005700 seconds, Stopping threads took: 0.0000770 seconds
165.293: Application time: 0.1305560 seconds
165.293: [GC [PSYoungGen: 23808K->256K(24064K)] 35367K->11935K(58368K), 0.0004780 secs] [Times: user=0.00 sys=0.00, real=0.00 secs] 
165.294: Total time for which application threads were stopped: 0.0006060 seconds, Stopping threads took: 0.0000520 seconds
165.424: Application time: 0.1302440 seconds
165.424: [GC [PSYoungGen: 23808K->256K(24064K)] 35487K->12008K(58368K), 0.0004080 secs] [Times: user=0.01 sys=0.00, real=0.00 secs] 
165.425: Total time for which application threads were stopped: 0.0005500 seconds, Stopping threads took: 0.0000640 seconds
165.552: Application time: 0.1277460 seconds
165.553: [GC [PSYoungGen: 23808K->368K(24064K)] 35560K->12120K(58368K), 0.0004730 secs] [Times: user=0.00 sys=0.00, real=0.00 secs] 
165.553: Total time for which application threads were stopped: 0.0006160 seconds, Stopping threads took: 0.0000640 seconds
165.681: Application time: 0.1279320 seconds
165.681: [GC [PSYoungGen: 23920K->304K(24064K)] 35672K->12324K(58368K), 0.0005420 secs] [Times: user=0.00 sys=0.00, real=0.00 secs] 
165.682: Total time for which application threads were stopped: 0.0007100 seconds, Stopping threads took: 0.0000770 seconds
165.812: Application time: 0.1304830 seconds
165.812: [GC [PSYoungGen: 23856K->256K(24064K)] 35876K->12444K(58368K), 0.0004200 secs] [Times: user=0.00 sys=0.00, real=0.00 secs] 
165.813: Total time for which application threads were stopped: 0.0005620 seconds, Stopping threads took: 0.0000620 seconds
165.943: Application time: 0.1297670 seconds
165.943: [GC [PSYoungGen: 23808K->256K(24064K)] 35996K->12444K(58368K), 0.0005110 secs] [Times: user=0.00 sys=0.00, real=0.00 secs] 
165.944: Total time for which application threads were stopped: 0.0016460 seconds, Stopping threads took: 0.0000620 seconds
166.074: Application time: 0.1294360 seconds
166.074: [GC [PSYoungGen: 23808K->256K(24064K)] 35996K->12564K(58368K), 0.0004470 secs] [Times: user=0.00 sys=0.00, real=0.00 secs] 
166.074: Total time for which application threads were stopped: 0.0005870 seconds, Stopping threads took: 0.0000610 seconds
166.205: Application time: 0.1303870 seconds
166.205: [GC [PSYoungGen: 23808K->256K(24064K)] 36116K->12636K(58368K), 0.0004230 secs] [Times: user=0.00 sys=0.00, real=0.00 secs] 
166.205: Total time for which application threads were stopped: 0.0005680 seconds, Stopping threads took: 0.0000550 seconds
166.333: Application time: 0.1274840 seconds
166.333: [GC [PSYoungGen: 23808K->320K(24064K)] 36188K->12700K(58368K), 0.0004420 secs] [Times: user=0.00 sys=0.00, real=0.00 secs] 
166.333: Total time for which application threads were stopped: 0.0005780 seconds, Stopping threads took: 0.0000610 seconds
166.462: Application time: 0.1286510 seconds
166.462: [GC [PSYoungGen: 23872K->304K(24064K)] 36252K->12948K(58368K), 0.0005100 secs] [Times: user=0.00 sys=0.00, real=0.00 secs] 
166.463: Total time for which application threads were stopped: 0.0006510 seconds, Stopping threads took: 0.0000660 seconds
166.593: Application time: 0.1300950 seconds
166.593: [GC [PSYoungGen: 23856K->224K(24064K)] 36500K->13028K(58368K), 0.0004580 secs] [Times: user=0.01 sys=0.00, real=0.00 secs] 
166.593: Total time for which application threads were stopped: 0.0005950 seconds, Stopping threads took: 0.0000610 seconds
166.723: Application time: 0.1294500 seconds
166.723: [GC [PSYoungGen: 23776K->256K(24064K)] 36580K->13060K(58368K), 0.0004210 secs] [Times: user=0.00 sys=0.00, real=0.00 secs] 
166.723: Total time for which application threads were stopped: 0.0005640 seconds, Stopping threads took: 0.0000560 seconds
166.854: Application time: 0.1303960 seconds
166.854: [GC [PSYoungGen: 23808K->256K(24064K)] 36612K->13180K(58368K), 0.0004340 secs] [Times: user=0.01 sys=0.00, real=0.00 secs] 
166.854: Total time for which application threads were stopped: 0.0005980 seconds, Stopping threads took: 0.0000830 seconds
166.985: Application time: 0.1304370 seconds
166.985: [GC [PSYoungGen: 23808K->256K(24064K)] 36732K->13253K(58368K), 0.0004260 secs] [Times: user=0.00 sys=0.00, real=0.00 secs] 
166.985: Total time for which application threads were stopped: 0.0005730 seconds, Stopping threads took: 0.0000700 seconds
167.112: Application time: 0.1270920 seconds
167.112: [GC [PSYoungGen: 23808K->416K(24064K)] 36805K->13413K(58368K), 0.0004740 secs] [Times: user=0.00 sys=0.00, real=0.00 secs] 
167.113: Total time for which application threads were stopped: 0.0006050 seconds, Stopping threads took: 0.0000520 seconds
167.242: Application time: 0.1294390 seconds
167.243: [GC [PSYoungGen: 23968K->272K(24064K)] 36965K->13577K(58368K), 0.0005010 secs] [Times: user=0.00 sys=0.00, real=0.00 secs] 
167.243: Total time for which application threads were stopped: 0.0006650 seconds, Stopping threads took: 0.0000760 seconds
167.373: Application time: 0.1302820 seconds
167.373: [GC [PSYoungGen: 23824K->256K(24064K)] 37129K->13681K(58368K), 0.0004450 secs] [Times: user=0.00 sys=0.00, real=0.00 secs] 
167.374: Total time for which application threads were stopped: 0.0005870 seconds, Stopping threads took: 0.0000640 seconds
167.504: Application time: 0.1296500 seconds
167.504: [GC [PSYoungGen: 23808K->256K(24064K)] 37233K->13681K(58368K), 0.0005100 secs] [Times: user=0.00 sys=0.00, real=0.00 secs] 
167.504: Total time for which application threads were stopped: 0.0006600 seconds, Stopping threads took: 0.0000620 seconds
167.634: Application time: 0.1294310 seconds
167.634: [GC [PSYoungGen: 23808K->224K(24064K)] 37233K->13785K(58368K), 0.0004460 secs] [Times: user=0.01 sys=0.00, real=0.00 secs] 
167.634: Total time for which application threads were stopped: 0.0005800 seconds, Stopping threads took: 0.0000590 seconds
167.764: Application time: 0.1301380 seconds
167.765: [GC [PSYoungGen: 23776K->256K(24064K)] 37337K->13865K(58368K), 0.0003820 secs] [Times: user=0.00 sys=0.00, real=0.00 secs] 
167.765: Total time for which application threads were stopped: 0.0005310 seconds, Stopping threads took: 0.0000590 seconds
167.892: Application time: 0.1267880 seconds
167.892: [GC [PSYoungGen: 23808K->432K(24064K)] 37417K->14041K(58368K), 0.0004670 secs] [Times: user=0.00 sys=0.00, real=0.00 secs] 
167.892: Total time for which application threads were stopped: 0.0005980 seconds, Stopping threads took: 0.0000520 seconds
168.022: Application time: 0.1294770 seconds
168.022: [GC [PSYoungGen: 23984K->304K(24064K)] 37593K->14221K(58368K), 0.0005340 secs] [Times: user=0.00 sys=0.00, real=0.00 secs] 
168.022: Total time for which application threads were stopped: 0.0006910 seconds, Stopping threads took: 0.0000760 seconds
168.153: Application time: 0.1305980 seconds
168.153: [GC [PSYoungGen: 23856K->256K(24064K)] 37773K->14301K(58368K), 0.0004140 secs] [Times: user=0.00 sys=0.00, real=0.00 secs] 
168.154: Total time for which application threads were stopped: 0.0005480 seconds, Stopping threads took: 0.0000600 seconds
168.283: Application time: 0.1293580 seconds
168.283: [GC [PSYoungGen: 23808K->256K(24064K)] 37853K->14301K(58368K), 0.0004540 secs] [Times: user=0.00 sys=0.00, real=0.00 secs] 
168.284: Total time for which application threads were stopped: 0.0005950 seconds, Stopping threads took: 0.0000540 seconds
168.414: Application time: 0.1301930 seconds
168.414: [GC [PSYoungGen: 23808K->256K(24064K)] 37853K->14446K(58368K), 0.0004310 secs] [Times: user=0.00 sys=0.00, real=0.00 secs] 
168.414: Total time for which application threads were stopped: 0.0005550 seconds, Stopping threads took: 0.0000480 seconds
168.544: Application time: 0.1301320 seconds
168.545: [GC [PSYoungGen: 23808K->256K(24064K)] 37998K->14494K(58368K), 0.0004080 secs] [Times: user=0.00 sys=0.00, real=0.00 secs] 
168.545: Total time for which application threads were stopped: 0.0005410 seconds, Stopping threads took: 0.0000530 seconds
168.671: Application time: 0.1261320 seconds
168.671: [GC [PSYoungGen: 23808K->416K(24064K)] 38046K->14654K(58368K), 0.0004960 secs] [Times: user=0.00 sys=0.00, real=0.00 secs] 
168.672: Total time for which application threads were stopped: 0.0006290 seconds, Stopping threads took: 0.0000550 seconds
168.802: Application time: 0.1304010 seconds
168.802: [GC [PSYoungGen: 23968K->256K(24064K)] 38206K->14826K(58368K), 0.0004940 secs] [Times: user=0.00 sys=0.00, real=0.00 secs] 
168.803: Total time for which application threads were stopped: 0.0006470 seconds, Stopping threads took: 0.0000690 seconds
168.933: Application time: 0.1300760 seconds
168.933: [GC [PSYoungGen: 23808K->256K(24064K)] 38378K->14922K(58368K), 0.0004200 secs] [Times: user=0.00 sys=0.00, real=0.00 secs] 
168.933: Total time for which application threads were stopped: 0.0005620 seconds, Stopping threads took: 0.0000640 seconds
169.063: Application time: 0.1299150 seconds
169.064: [GC [PSYoungGen: 23808K->256K(24064K)] 38474K->14922K(58368K), 0.0004350 secs] [Times: user=0.01 sys=0.00, real=0.00 secs] 
169.064: Total time for which application threads were stopped: 0.0005700 seconds, Stopping threads took: 0.0000590 seconds
169.195: Application time: 0.1312310 seconds
169.195: [GC [PSYoungGen: 23808K->256K(24064K)] 38474K->15090K(58368K), 0.0004390 secs] [Times: user=0.01 sys=0.00, real=0.00 secs] 
169.196: Total time for which application threads were stopped: 0.0005810 seconds, Stopping threads took: 0.0000690 seconds
169.326: Application time: 0.1298880 seconds
169.326: [GC [PSYoungGen: 23808K->256K(24064K)] 38642K->15114K(58368K), 0.0004270 secs] [Times: user=0.00 sys=0.00, real=0.00 secs] 
169.326: Total time for which application threads were stopped: 0.0005770 seconds, Stopping threads took: 0.0000640 seconds
169.453: Application time: 0.1266040 seconds
169.453: [GC [PSYoungGen: 23808K->400K(24064K)] 38666K->15258K(58368K), 0.0005000 secs] [Times: user=0.00 sys=0.00, real=0.00 secs] 
169.453: Total time for which application threads were stopped: 0.0006220 seconds, Stopping threads took: 0.0000500 seconds
169.583: Application time: 0.1290980 seconds
169.583: [GC [PSYoungGen: 23952K->256K(24064K)] 38810K->15450K(58368K), 0.0005350 secs] [Times: user=0.00 sys=0.00, real=0.00 secs] 
169.583: Total time for which application threads were stopped: 0.0006780 seconds, Stopping threads took: 0.0000610 seconds
169.713: Application time: 0.1297790 seconds
169.713: [GC [PSYoungGen: 23808K->256K(24064K)] 39002K->15554K(58368K), 0.0004030 secs] [Times: user=0.00 sys=0.00, real=0.00 secs] 
169.714: Total time for which application threads were stopped: 0.0005420 seconds, Stopping threads took: 0.0000580 seconds
169.844: Application time: 0.1300790 seconds
169.844: [GC [PSYoungGen: 23808K->256K(24064K)] 39106K->15554K(58368K), 0.0004200 secs] [Times: user=0.00 sys=0.00, real=0.00 secs] 
169.844: Total time for which application threads were stopped: 0.0005590 seconds, Stopping threads took: 0.0000510 seconds
169.974: Application time: 0.1298660 seconds
169.974: [GC [PSYoungGen: 23808K->256K(24064K)] 39106K->15723K(58368K), 0.0004270 secs] [Times: user=0.00 sys=0.00, real=0.00 secs] 
169.975: Total time for which application threads were stopped: 0.0005640 seconds, Stopping threads took: 0.0000630 seconds
170.104: Application time: 0.1297610 seconds
170.105: [GC [PSYoungGen: 23808K->224K(24064K)] 39275K->15715K(58368K), 0.0004500 secs] [Times: user=0.00 sys=0.00, real=0.00 secs] 
170.105: Total time for which application threads were stopped: 0.0005840 seconds, Stopping threads took: 0.0000590 seconds
170.232: Application time: 0.1266430 seconds
170.232: [GC [PSYoungGen: 23776K->432K(24064K)] 39267K->15923K(58368K), 0.0004770 secs] [Times: user=0.00 sys=0.00, real=0.00 secs] 
170.232: Total time for which application threads were stopped: 0.0006010 seconds, Stopping threads took: 0.0000480 seconds
170.362: Application time: 0.1297340 seconds
170.362: [GC [PSYoungGen: 23984K->256K(24064K)] 39475K->16095K(58368K), 0.0005240 secs] [Times: user=0.00 sys=0.00, real=0.00 secs] 
170.363: Total time for which application threads were stopped: 0.0006840 seconds, Stopping threads took: 0.0000610 seconds
170.494: Application time: 0.1310100 seconds
170.494: [GC [PSYoungGen: 23808K->256K(24064K)] 39647K->16167K(58368K), 0.0004020 secs] [Times: user=0.00 sys=0.00, real=0.00 secs] 
170.494: Total time for which application threads were stopped: 0.0005260 seconds, Stopping threads took: 0.0000520 seconds
170.623: Application time: 0.1292250 seconds
170.624: [GC [PSYoungGen: 23808K->256K(24064K)] 39719K->16167K(58368K), 0.0004400 secs] [Times: user=0.01 sys=0.00, real=0.00 secs] 
170.624: Total time for which application threads were stopped: 0.0005850 seconds, Stopping threads took: 0.0000670 seconds
170.754: Application time: 0.1303000 seconds
170.754: [GC [PSYoungGen: 23808K->256K(24064K)] 39719K->16335K(58368K), 0.0004820 secs] [Times: user=0.00 sys=0.00, real=0.00 secs] 
170.755: Total time for which application threads were stopped: 0.0006360 seconds, Stopping threads took: 0.0000750 seconds
170.886: Application time: 0.1306340 seconds
170.886: [GC [PSYoungGen: 23808K->256K(24064K)] 39887K->16359K(58368K), 0.0004150 secs] [Times: user=0.00 sys=0.00, real=0.00 secs] 
170.886: Total time for which application threads were stopped: 0.0005730 seconds, Stopping threads took: 0.0000730 seconds
171.013: Application time: 0.1265200 seconds
171.013: [GC [PSYoungGen: 23808K->432K(24064K)] 39911K->16535K(58368K), 0.0005420 secs] [Times: user=0.00 sys=0.00, real=0.00 secs] 
171.013: Total time for which application threads were stopped: 0.0006840 seconds, Stopping threads took: 0.0000630 seconds
171.143: Application time: 0.1299850 seconds
171.144: [GC [PSYoungGen: 23984K->256K(24064K)] 40087K->16695K(58368K), 0.0005430 secs] [Times: user=0.01 sys=0.00, real=0.00 secs] 
171.144: Total time for which application threads were stopped: 0.0006950 seconds, Stopping threads took: 0.0000740 seconds
171.274: Application time: 0.1297180 seconds
171.274: [GC [PSYoungGen: 23808K->256K(24064K)] 40247K->16759K(58368K), 0.0004450 secs] [Times: user=0.01 sys=0.00, real=0.00 secs] 
171.274: Total time for which application threads were stopped: 0.0005920 seconds, Stopping threads took: 0.0000600 seconds
171.404: Application time: 0.1295100 seconds
171.404: [GC [PSYoungGen: 23808K->256K(24064K)] 40311K->16759K(58368K), 0.0004370 secs] [Times: user=0.00 sys=0.00, real=0.00 secs] 
171.404: Total time for which application threads were stopped: 0.0005970 seconds, Stopping threads took: 0.0000770 seconds
171.535: Application time: 0.1301640 seconds
171.535: [GC [PSYoungGen: 23808K->224K(24064K)] 40311K->16888K(58368K), 0.0004770 secs] [Times: user=0.00 sys=0.00, real=0.00 secs] 
171.535: Total time for which application threads were stopped: 0.0006400 seconds, Stopping threads took: 0.0000850 seconds
171.665: Application time: 0.1298270 seconds
171.665: [GC [PSYoungGen: 23776K->256K(24064K)] 40440K->16944K(58368K), 0.0004150 secs] [Times: user=0.00 sys=0.00, real=0.01 secs] 
171.666: Total time for which application threads were stopped: 0.0005740 seconds, Stopping threads took: 0.0000760 seconds
171.793: Application time: 0.1270410 seconds
171.793: [GC [PSYoungGen: 23808K->448K(24064K)] 40496K->17136K(58368K), 0.0004630 secs] [Times: user=0.00 sys=0.00, real=0.00 secs] 
171.793: Total time for which application threads were stopped: 0.0005860 seconds, Stopping threads took: 0.0000520 seconds
171.922: Application time: 0.1288120 seconds
171.922: [GC [PSYoungGen: 24000K->256K(24064K)] 40688K->17296K(58368K), 0.0005650 secs] [Times: user=0.00 sys=0.00, real=0.00 secs] 
171.923: Total time for which application threads were stopped: 0.0007160 seconds, Stopping threads took: 0.0000550 seconds
172.053: Application time: 0.1302020 seconds
172.053: [GC [PSYoungGen: 23808K->256K(24064K)] 40848K->17368K(58368K), 0.0004210 secs] [Times: user=0.00 sys=0.00, real=0.00 secs] 
172.054: Total time for which application threads were stopped: 0.0005570 seconds, Stopping threads took: 0.0000650 seconds
172.183: Application time: 0.1289970 seconds
172.183: [GC [PSYoungGen: 23808K->256K(24064K)] 40920K->17368K(58368K), 0.0004250 secs] [Times: user=0.00 sys=0.00, real=0.00 secs] 
172.183: Total time for which application threads were stopped: 0.0005640 seconds, Stopping threads took: 0.0000640 seconds
172.313: Application time: 0.1299360 seconds
172.313: [GC [PSYoungGen: 23808K->256K(24064K)] 40920K->17536K(58368K), 0.0005260 secs] [Times: user=0.00 sys=0.00, real=0.00 secs] 
172.314: Total time for which application threads were stopped: 0.0006750 seconds, Stopping threads took: 0.0000690 seconds
172.443: Application time: 0.1295730 seconds
172.444: [GC [PSYoungGen: 23808K->256K(24064K)] 41088K->17560K(58368K), 0.0003930 secs] [Times: user=0.00 sys=0.00, real=0.00 secs] 
172.444: Total time for which application threads were stopped: 0.0005460 seconds, Stopping threads took: 0.0000650 seconds
172.570: Application time: 0.1264610 seconds
172.571: [GC [PSYoungGen: 23808K->448K(24064K)] 41112K->17752K(58368K), 0.0004860 secs] [Times: user=0.00 sys=0.00, real=0.00 secs] 
172.571: Total time for which application threads were stopped: 0.0006400 seconds, Stopping threads took: 0.0000770 seconds
172.701: Application time: 0.1296660 seconds
172.701: [GC [PSYoungGen: 24000K->272K(24064K)] 41304K->17925K(58368K), 0.0005400 secs] [Times: user=0.00 sys=0.00, real=0.00 secs] 
172.701: Total time for which application threads were stopped: 0.0006870 seconds, Stopping threads took: 0.0000670 seconds
172.832: Application time: 0.1303610 seconds
172.832: [GC [PSYoungGen: 23824K->224K(24064K)] 41477K->17949K(58368K), 0.0004390 secs] [Times: user=0.01 sys=0.00, real=0.00 secs] 
172.832: Total time for which application threads were stopped: 0.0005760 seconds, Stopping threads took: 0.0000560 seconds
172.962: Application time: 0.1299300 seconds
172.962: [GC [PSYoungGen: 23776K->256K(24064K)] 41501K->17981K(58368K), 0.0004480 secs] [Times: user=0.01 sys=0.00, real=0.00 secs] 
172.963: Total time for which application threads were stopped: 0.0006100 seconds, Stopping threads took: 0.0000790 seconds
173.093: Application time: 0.1296690 seconds
173.093: [GC [PSYoungGen: 23808K->256K(24064K)] 41533K->18149K(58368K), 0.0004640 secs] [Times: user=0.00 sys=0.00, real=0.00 secs] 
173.093: Total time for which application threads were stopped: 0.0006090 seconds, Stopping threads took: 0.0000640 seconds
173.224: Application time: 0.1304810 seconds
173.224: [GC [PSYoungGen: 23808K->256K(24064K)] 41701K->18173K(58368K), 0.0003880 secs] [Times: user=0.00 sys=0.00, real=0.00 secs] 
173.224: Total time for which application threads were stopped: 0.0005260 seconds, Stopping threads took: 0.0000630 seconds
173.350: Application time: 0.1263250 seconds
173.351: [GC [PSYoungGen: 23808K->400K(24064K)] 41725K->18317K(58368K), 0.0005130 secs] [Times: user=0.01 sys=0.00, real=0.00 secs] 
173.351: Total time for which application threads were stopped: 0.0006420 seconds, Stopping threads took: 0.0000500 seconds
173.481: Application time: 0.1294540 seconds
173.481: [GC [PSYoungGen: 23952K->256K(24064K)] 41869K->18521K(58368K), 0.0005190 secs] [Times: user=0.00 sys=0.00, real=0.00 secs] 
173.481: Total time for which application threads were stopped: 0.0006710 seconds, Stopping threads took: 0.0000640 seconds
173.612: Application time: 0.1303810 seconds
173.612: [GC [PSYoungGen: 23808K->256K(24064K)] 42073K->18601K(58368K), 0.0004320 secs] [Times: user=0.00 sys=0.00, real=0.00 secs] 
173.612: Total time for which application threads were stopped: 0.0005660 seconds, Stopping threads took: 0.0000600 seconds
173.742: Application time: 0.1300810 seconds
173.742: [GC [PSYoungGen: 23808K->256K(24064K)] 42153K->18601K(58368K), 0.0004530 secs] [Times: user=0.00 sys=0.00, real=0.00 secs] 
173.743: Total time for which application threads were stopped: 0.0005810 seconds, Stopping threads took: 0.0000520 seconds
173.873: Application time: 0.1302280 seconds
173.873: [GC [PSYoungGen: 23808K->224K(24064K)] 42153K->18729K(58368K), 0.0004890 secs] [Times: user=0.00 sys=0.00, real=0.00 secs] 
173.874: Total time for which application threads were stopped: 0.0006460 seconds, Stopping threads took: 0.0000720 seconds
174.004: Application time: 0.1304550 seconds
174.006: [GC [PSYoungGen: 23776K->256K(24064K)] 42281K->18785K(58368K), 0.0004400 secs] [Times: user=0.00 sys=0.00, real=0.00 secs] 
174.006: Total time for which application threads were stopped: 0.0019170 seconds, Stopping threads took: 0.0013880 seconds
174.132: Application time: 0.1261640 seconds
174.132: [GC [PSYoungGen: 23808K->432K(24064K)] 42337K->18961K(58368K), 0.0004830 secs] [Times: user=0.00 sys=0.00, real=0.00 secs] 
174.133: Total time for which application threads were stopped: 0.0006280 seconds, Stopping threads took: 0.0000720 seconds
174.263: Application time: 0.1297390 seconds
174.263: [GC [PSYoungGen: 23984K->256K(24064K)] 42513K->19134K(58368K), 0.0005280 secs] [Times: user=0.00 sys=0.00, real=0.00 secs] 
174.263: Total time for which application threads were stopped: 0.0006850 seconds, Stopping threads took: 0.0000730 seconds
174.393: Application time: 0.1293680 seconds
174.393: [GC [PSYoungGen: 23808K->256K(24064K)] 42686K->19206K(58368K), 0.0004340 secs] [Times: user=0.00 sys=0.00, real=0.00 secs] 
174.393: Total time for which application threads were stopped: 0.0005710 seconds, Stopping threads took: 0.0000570 seconds
174.523: Application time: 0.1294610 seconds
174.523: [GC [PSYoungGen: 23808K->256K(24064K)] 42758K->19206K(58368K), 0.0004410 secs] [Times: user=0.00 sys=0.00, real=0.00 secs] 
174.523: Total time for which application threads were stopped: 0.0005860 seconds, Stopping threads took: 0.0000560 seconds
174.654: Application time: 0.1304510 seconds
174.654: [GC [PSYoungGen: 23808K->224K(24064K)] 42758K->19342K(58368K), 0.0005130 secs] [Times: user=0.00 sys=0.00, real=0.00 secs] 
174.654: Total time for which application threads were stopped: 0.0006460 seconds, Stopping threads took: 0.0000520 seconds
174.785: Application time: 0.1301560 seconds
174.785: [GC [PSYoungGen: 23776K->224K(24064K)] 42894K->19366K(58368K), 0.0004050 secs] [Times: user=0.00 sys=0.00, real=0.00 secs] 
174.785: Total time for which application threads were stopped: 0.0005450 seconds, Stopping threads took: 0.0000580 seconds
174.912: Application time: 0.1266580 seconds
174.912: [GC [PSYoungGen: 23776K->448K(24064K)] 42918K->19590K(58368K), 0.0005270 secs] [Times: user=0.00 sys=0.00, real=0.00 secs] 
174.913: Total time for which application threads were stopped: 0.0006860 seconds, Stopping threads took: 0.0000750 seconds
175.042: Application time: 0.1295850 seconds
175.042: [GC [PSYoungGen: 24000K->256K(24064K)] 43142K->19746K(58368K), 0.0005730 secs] [Times: user=0.01 sys=0.00, real=0.00 secs] 
175.043: Total time for which application threads were stopped: 0.0007250 seconds, Stopping threads took: 0.0000640 seconds
175.173: Application time: 0.1300700 seconds
175.173: [GC [PSYoungGen: 23808K->256K(24064K)] 43298K->19818K(58368K), 0.0004060 secs] [Times: user=0.00 sys=0.00, real=0.00 secs] 
175.173: Total time for which application threads were stopped: 0.0005360 seconds, Stopping threads took: 0.0000530 seconds
175.302: Application time: 0.1289380 seconds
175.302: [GC [PSYoungGen: 23808K->256K(24064K)] 43370K->19818K(58368K), 0.0004630 secs] [Times: user=0.00 sys=0.00, real=0.00 secs] 
175.303: Total time for which application threads were stopped: 0.0006040 seconds, Stopping threads took: 0.0000620 seconds
175.433: Application time: 0.1297590 seconds
175.433: [GC [PSYoungGen: 23808K->256K(24064K)] 43370K->19986K(58368K), 0.0004660 secs] [Times: user=0.00 sys=0.00, real=0.00 secs] 
175.433: Total time for which application threads were stopped: 0.0006160 seconds, Stopping threads took: 0.0000690 seconds
175.564: Application time: 0.1305330 seconds
175.564: [GC [PSYoungGen: 23808K->256K(24064K)] 43538K->20010K(58368K), 0.0004160 secs] [Times: user=0.01 sys=0.00, real=0.00 secs] 
175.564: Total time for which application threads were stopped: 0.0005740 seconds, Stopping threads took: 0.0000670 seconds
175.691: Application time: 0.1267490 seconds
175.691: [GC [PSYoungGen: 23808K->432K(24064K)] 43562K->20186K(58368K), 0.0005180 secs] [Times: user=0.00 sys=0.00, real=0.00 secs] 
175.692: Total time for which application threads were stopped: 0.0006750 seconds, Stopping threads took: 0.0000770 seconds
175.822: Application time: 0.1297760 seconds
175.822: [GC [PSYoungGen: 23984K->256K(24064K)] 43738K->20363K(58368K), 0.0004880 secs] [Times: user=0.00 sys=0.00, real=0.00 secs] 
175.822: Total time for which application threads were stopped: 0.0006140 seconds, Stopping threads took: 0.0000540 seconds
175.952: Application time: 0.1297140 seconds
175.952: [GC [PSYoungGen: 23808K->256K(24064K)] 43915K->20459K(58368K), 0.0004290 secs] [Times: user=0.00 sys=0.00, real=0.00 secs] 
175.953: Total time for which application threads were stopped: 0.0005460 seconds, Stopping threads took: 0.0000440 seconds
176.082: Application time: 0.1292340 seconds
176.082: [GC [PSYoungGen: 23808K->256K(24064K)] 44011K->20459K(58368K), 0.0004710 secs] [Times: user=0.01 sys=0.00, real=0.00 secs] 
176.082: Total time for which application threads were stopped: 0.0006190 seconds, Stopping threads took: 0.0000560 seconds
176.213: Application time: 0.1307330 seconds
176.213: [GC [PSYoungGen: 23808K->256K(24064K)] 44011K->20627K(58368K), 0.0004670 secs] [Times: user=0.00 sys=0.00, real=0.00 secs] 
176.214: Total time for which application threads were stopped: 0.0006050 seconds, Stopping threads took: 0.0000580 seconds
176.344: Application time: 0.1302400 seconds
176.344: [GC [PSYoungGen: 23808K->224K(24064K)] 44179K->20619K(58368K), 0.0005120 secs] [Times: user=0.00 sys=0.00, real=0.00 secs] 
176.345: Total time for which application threads were stopped: 0.0006430 seconds, Stopping threads took: 0.0000610 seconds
176.472: Application time: 0.1271330 seconds
176.472: [GC [PSYoungGen: 23776K->352K(24064K)] 44171K->20811K(58368K), 0.0005440 secs] [Times: user=0.00 sys=0.00, real=0.00 secs] 
176.472: Total time for which application threads were stopped: 0.0006830 seconds, Stopping threads took: 0.0000620 seconds
176.602: Application time: 0.1293590 seconds
176.602: [GC [PSYoungGen: 23904K->240K(24064K)] 44363K->20987K(58368K), 0.0005440 secs] [Times: user=0.01 sys=0.00, real=0.00 secs] 
176.602: Total time for which application threads were stopped: 0.0006830 seconds, Stopping threads took: 0.0000520 seconds
176.733: Application time: 0.1302660 seconds
176.733: [GC [PSYoungGen: 23792K->256K(24064K)] 44539K->21083K(58368K), 0.0004230 secs] [Times: user=0.00 sys=0.00, real=0.00 secs] 
176.733: Total time for which application threads were stopped: 0.0005450 seconds, Stopping threads took: 0.0000490 seconds
176.863: Application time: 0.1300760 seconds
176.866: [GC [PSYoungGen: 23808K->256K(24064K)] 44635K->21107K(58368K), 0.0004320 secs] [Times: user=0.01 sys=0.00, real=0.00 secs] 
176.866: Total time for which application threads were stopped: 0.0027860 seconds, Stopping threads took: 0.0022750 seconds
176.996: Application time: 0.1301220 seconds
176.996: [GC [PSYoungGen: 23808K->256K(24064K)] 44659K->21251K(58368K), 0.0004390 secs] [Times: user=0.01 sys=0.00, real=0.00 secs] 
176.997: Total time for which application threads were stopped: 0.0005710 seconds, Stopping threads took: 0.0000570 seconds
177.127: Application time: 0.1299620 seconds
177.127: [GC [PSYoungGen: 23808K->256K(24064K)] 44803K->21275K(58368K), 0.0004320 secs] [Times: user=0.00 sys=0.00, real=0.00 secs] 
177.127: Total time for which application threads were stopped: 0.0005850 seconds, Stopping threads took: 0.0000630 seconds
177.254: Application time: 0.1265930 seconds
177.254: [GC [PSYoungGen: 23808K->384K(24064K)] 44827K->21475K(58368K), 0.0005100 secs] [Times: user=0.00 sys=0.00, real=0.00 secs] 
177.255: Total time for which application threads were stopped: 0.0006550 seconds, Stopping threads took: 0.0000640 seconds
177.384: Application time: 0.1295760 seconds
177.384: [GC [PSYoungGen: 23936K->256K(24064K)] 45027K->21636K(58368K), 0.0005250 secs] [Times: user=0.00 sys=0.00, real=0.00 secs] 
177.385: Total time for which application threads were stopped: 0.0006730 seconds, Stopping threads took: 0.0000660 seconds
177.515: Application time: 0.1300660 seconds
177.515: [GC [PSYoungGen: 23808K->256K(24064K)] 45188K->21716K(58368K), 0.0004270 secs] [Times: user=0.00 sys=0.00, real=0.00 secs] 
177.516: Total time for which application threads were stopped: 0.0005670 seconds, Stopping threads took: 0.0000610 seconds
177.646: Application time: 0.1304820 seconds
177.646: [GC [PSYoungGen: 23808K->256K(24064K)] 45268K->21740K(58368K), 0.0004560 secs] [Times: user=0.00 sys=0.00, real=0.00 secs] 
177.647: Total time for which application threads were stopped: 0.0005960 seconds, Stopping threads took: 0.0000570 seconds
177.777: Application time: 0.1308160 seconds
177.778: [GC [PSYoungGen: 23808K->256K(24064K)] 45292K->21884K(58368K), 0.0004730 secs] [Times: user=0.00 sys=0.00, real=0.01 secs] 
177.778: Total time for which application threads were stopped: 0.0006010 seconds, Stopping threads took: 0.0000500 seconds
177.908: Application time: 0.1298420 seconds
177.908: [GC [PSYoungGen: 23808K->256K(24064K)] 45436K->21908K(58368K), 0.0004310 secs] [Times: user=0.00 sys=0.00, real=0.00 secs] 
177.908: Total time for which application threads were stopped: 0.0005780 seconds, Stopping threads took: 0.0000740 seconds
178.036: Application time: 0.1272040 seconds
178.036: [GC [PSYoungGen: 23808K->384K(24064K)] 45460K->22100K(58368K), 0.0005290 secs] [Times: user=0.00 sys=0.00, real=0.00 secs] 
178.036: Total time for which application threads were stopped: 0.0006580 seconds, Stopping threads took: 0.0000520 seconds
178.166: Application time: 0.1293050 seconds
178.166: [GC [PSYoungGen: 23936K->256K(24064K)] 45652K->22280K(58368K), 0.0005250 secs] [Times: user=0.00 sys=0.00, real=0.00 secs] 
178.166: Total time for which application threads were stopped: 0.0006710 seconds, Stopping threads took: 0.0000530 seconds
178.296: Application time: 0.1299920 seconds
178.298: [GC [PSYoungGen: 23808K->256K(24064K)] 45832K->22352K(58368K), 0.0004270 secs] [Times: user=0.00 sys=0.00, real=0.00 secs] 
178.298: Total time for which application threads were stopped: 0.0017990 seconds, Stopping threads took: 0.0012870 seconds
178.428: Application time: 0.1296860 seconds
178.428: [GC [PSYoungGen: 23808K->224K(24064K)] 45904K->22344K(58368K), 0.0004980 secs] [Times: user=0.00 sys=0.00, real=0.00 secs] 
178.428: Total time for which application threads were stopped: 0.0006640 seconds, Stopping threads took: 0.0000850 seconds
178.559: Application time: 0.1304990 seconds
178.559: [GC [PSYoungGen: 23776K->256K(24064K)] 45896K->22520K(58368K), 0.0004960 secs] [Times: user=0.00 sys=0.00, real=0.00 secs] 
178.560: Total time for which application threads were stopped: 0.0006300 seconds, Stopping threads took: 0.0000530 seconds
178.689: Application time: 0.1294540 seconds
178.689: [GC [PSYoungGen: 23808K->272K(24064K)] 46072K->22560K(58368K), 0.0004280 secs] [Times: user=0.00 sys=0.00, real=0.00 secs] 
178.690: Total time for which application threads were stopped: 0.0005700 seconds, Stopping threads took: 0.0000520 seconds
178.816: Application time: 0.1267630 seconds
178.817: [GC [PSYoungGen: 23824K->416K(24064K)] 46112K->22776K(58368K), 0.0004850 secs] [Times: user=0.01 sys=0.00, real=0.00 secs] 
178.817: Total time for which application threads were stopped: 0.0006140 seconds, Stopping threads took: 0.0000580 seconds
178.947: Application time: 0.1295090 seconds
178.947: [GC [PSYoungGen: 23968K->256K(24064K)] 46328K->22925K(58368K), 0.0005290 secs] [Times: user=0.00 sys=0.00, real=0.00 secs] 
178.947: Total time for which application threads were stopped: 0.0006560 seconds, Stopping threads took: 0.0000530 seconds
179.077: Application time: 0.1296750 seconds
179.077: [GC [PSYoungGen: 23808K->256K(24064K)] 46477K->22989K(58368K), 0.0004420 secs] [Times: user=0.00 sys=0.00, real=0.00 secs] 
179.077: Total time for which application threads were stopped: 0.0005760 seconds, Stopping threads took: 0.0000590 seconds
179.207: Application time: 0.1294430 seconds
179.207: [GC [PSYoungGen: 23808K->256K(24064K)] 46541K->23013K(58368K), 0.0004370 secs] [Times: user=0.00 sys=0.00, real=0.00 secs] 
179.207: Total time for which application threads were stopped: 0.0005820 seconds, Stopping threads took: 0.0000620 seconds
179.338: Application time: 0.1302130 seconds
179.338: [GC [PSYoungGen: 23808K->256K(24064K)] 46565K->23157K(58368K), 0.0004320 secs] [Times: user=0.00 sys=0.00, real=0.00 secs] 
179.338: Total time for which application threads were stopped: 0.0005610 seconds, Stopping threads took: 0.0000530 seconds
179.468: Application time: 0.1294580 seconds
179.468: [GC [PSYoungGen: 23808K->256K(24064K)] 46709K->23181K(58368K), 0.0004060 secs] [Times: user=0.00 sys=0.00, real=0.00 secs] 
179.468: Total time for which application threads were stopped: 0.0005510 seconds, Stopping threads took: 0.0000640 seconds
179.595: Application time: 0.1266250 seconds
179.595: [GC [PSYoungGen: 23808K->384K(24064K)] 46733K->23365K(58368K), 0.0005720 secs] [Times: user=0.00 sys=0.00, real=0.00 secs] 
179.596: Total time for which application threads were stopped: 0.0007080 seconds, Stopping threads took: 0.0000610 seconds
179.725: Application time: 0.1296560 seconds
179.725: [GC [PSYoungGen: 23936K->256K(24064K)] 46917K->23533K(58368K), 0.0005240 secs] [Times: user=0.00 sys=0.00, real=0.01 secs] 
179.726: Total time for which application threads were stopped: 0.0006720 seconds, Stopping threads took: 0.0000600 seconds
179.857: Application time: 0.1309160 seconds
179.857: [GC [PSYoungGen: 23808K->256K(24064K)] 47085K->23605K(58368K), 0.0004300 secs] [Times: user=0.00 sys=0.00, real=0.00 secs] 
179.857: Total time for which application threads were stopped: 0.0005570 seconds, Stopping threads took: 0.0000520 seconds
179.987: Application time: 0.1292170 seconds
179.987: [GC [PSYoungGen: 23808K->240K(24064K)] 47157K->23613K(58368K), 0.0004830 secs] [Times: user=0.00 sys=0.00, real=0.00 secs] 
179.987: Total time for which application threads were stopped: 0.0006260 seconds, Stopping threads took: 0.0000650 seconds
180.118: Application time: 0.1303230 seconds
180.118: [GC [PSYoungGen: 23792K->256K(24064K)] 47165K->23773K(58368K), 0.0004900 secs] [Times: user=0.00 sys=0.00, real=0.00 secs] 
180.118: Total time for which application threads were stopped: 0.0006290 seconds, Stopping threads took: 0.0000570 seconds
180.248: Application time: 0.1294300 seconds
180.248: [GC [PSYoungGen: 23808K->256K(24064K)] 47325K->23797K(58368K), 0.0004390 secs] [Times: user=0.00 sys=0.00, real=0.00 secs] 
180.248: Total time for which application threads were stopped: 0.0005770 seconds, Stopping threads took: 0.0000520 seconds
180.375: Application time: 0.1266880 seconds
180.375: [GC [PSYoungGen: 23808K->368K(24064K)] 47349K->23981K(58368K), 0.0005120 secs] [Times: user=0.01 sys=0.00, real=0.00 secs] 
180.376: Total time for which application threads were stopped: 0.0006390 seconds, Stopping threads took: 0.0000520 seconds
180.505: Application time: 0.1299580 seconds
180.506: [GC [PSYoungGen: 23920K->256K(24064K)] 47533K->24170K(58368K), 0.0005770 secs] [Times: user=0.00 sys=0.00, real=0.00 secs] 
180.506: Total time for which application threads were stopped: 0.0007440 seconds, Stopping threads took: 0.0000590 seconds
180.636: Application time: 0.1297660 seconds
180.636: [GC [PSYoungGen: 23808K->224K(24064K)] 47722K->24210K(58368K), 0.0004820 secs] [Times: user=0.00 sys=0.00, real=0.00 secs] 
180.637: Total time for which application threads were stopped: 0.0006260 seconds, Stopping threads took: 0.0000640 seconds
180.766: Application time: 0.1297020 seconds
180.766: [GC [PSYoungGen: 23776K->256K(24064K)] 47762K->24266K(58368K), 0.0004240 secs] [Times: user=0.01 sys=0.00, real=0.00 secs] 
180.767: Total time for which application threads were stopped: 0.0005730 seconds, Stopping threads took: 0.0000600 seconds
180.897: Application time: 0.1302040 seconds
180.897: [GC [PSYoungGen: 23808K->256K(24064K)] 47818K->24410K(58368K), 0.0005150 secs] [Times: user=0.00 sys=0.00, real=0.01 secs] 
180.898: Total time for which application threads were stopped: 0.0006920 seconds, Stopping threads took: 0.0000930 seconds
181.027: Application time: 0.1295050 seconds
181.027: [GC [PSYoungGen: 23808K->256K(24064K)] 47962K->24434K(58368K), 0.0004210 secs] [Times: user=0.00 sys=0.00, real=0.00 secs] 
181.028: Total time for which application threads were stopped: 0.0005530 seconds, Stopping threads took: 0.0000600 seconds
181.155: Application time: 0.1272810 seconds
181.155: [GC [PSYoungGen: 23808K->400K(24064K)] 47986K->24650K(58368K), 0.0005460 secs] [Times: user=0.00 sys=0.00, real=0.00 secs] 
181.157: Total time for which application threads were stopped: 0.0017360 seconds, Stopping threads took: 0.0000510 seconds
181.286: Application time: 0.1296020 seconds
181.287: [GC [PSYoungGen: 23952K->288K(24064K)] 48202K->24846K(58368K), 0.0005180 secs] [Times: user=0.00 sys=0.00, real=0.00 secs] 
181.287: Total time for which application threads were stopped: 0.0006640 seconds, Stopping threads took: 0.0000620 seconds
181.417: Application time: 0.1303040 seconds
181.418: [GC [PSYoungGen: 23840K->256K(24064K)] 48398K->24886K(58368K), 0.0004240 secs] [Times: user=0.00 sys=0.00, real=0.00 secs] 
181.418: Total time for which application threads were stopped: 0.0005670 seconds, Stopping threads took: 0.0000590 seconds
181.548: Application time: 0.1295520 seconds
181.548: [GC [PSYoungGen: 23808K->256K(24064K)] 48438K->24910K(58368K), 0.0004680 secs] [Times: user=0.00 sys=0.00, real=0.00 secs] 
181.548: Total time for which application threads were stopped: 0.0005960 seconds, Stopping threads took: 0.0000510 seconds
181.678: Application time: 0.1301620 seconds
181.678: [GC [PSYoungGen: 23808K->256K(24064K)] 48462K->25054K(58368K), 0.0004690 secs] [Times: user=0.00 sys=0.00, real=0.00 secs] 
181.679: Total time for which application threads were stopped: 0.0006120 seconds, Stopping threads took: 0.0000610 seconds
181.808: Application time: 0.1292430 seconds
181.808: [GC [PSYoungGen: 23808K->224K(24064K)] 48606K->25046K(58368K), 0.0004380 secs] [Times: user=0.01 sys=0.00, real=0.00 secs] 
181.809: Total time for which application threads were stopped: 0.0005610 seconds, Stopping threads took: 0.0000480 seconds
181.936: Application time: 0.1269680 seconds
181.936: [GC [PSYoungGen: 23776K->400K(24064K)] 48598K->25318K(58368K), 0.0005240 secs] [Times: user=0.00 sys=0.00, real=0.00 secs] 
181.936: Total time for which application threads were stopped: 0.0006700 seconds, Stopping threads took: 0.0000670 seconds
182.066: Application time: 0.1294330 seconds
182.066: [GC [PSYoungGen: 23952K->256K(24064K)] 48870K->25443K(58368K), 0.0005180 secs] [Times: user=0.00 sys=0.00, real=0.00 secs] 
182.067: Total time for which application threads were stopped: 0.0006590 seconds, Stopping threads took: 0.0000660 seconds
182.197: Application time: 0.1307030 seconds
182.197: [GC [PSYoungGen: 23808K->256K(24064K)] 48995K->25499K(58368K), 0.0004310 secs] [Times: user=0.00 sys=0.00, real=0.01 secs] 
182.198: Total time for which application threads were stopped: 0.0005660 seconds, Stopping threads took: 0.0000590 seconds
182.327: Application time: 0.1297060 seconds
182.328: [GC [PSYoungGen: 23808K->256K(24064K)] 49051K->25547K(58368K), 0.0004520 secs] [Times: user=0.00 sys=0.00, real=0.00 secs] 
182.328: Total time for which application threads were stopped: 0.0006030 seconds, Stopping threads took: 0.0000680 seconds
182.458: Application time: 0.1300500 seconds
182.458: [GC [PSYoungGen: 23808K->256K(24064K)] 49099K->25691K(58368K), 0.0004710 secs] [Times: user=0.00 sys=0.00, real=0.00 secs] 
182.459: Total time for which application threads were stopped: 0.0006100 seconds, Stopping threads took: 0.0000580 seconds
182.588: Application time: 0.1290140 seconds
182.588: [GC [PSYoungGen: 23808K->256K(24064K)] 49243K->25691K(58368K), 0.0004400 secs] [Times: user=0.00 sys=0.00, real=0.00 secs] 
182.588: Total time for which application threads were stopped: 0.0005730 seconds, Stopping threads took: 0.0000600 seconds
182.715: Application time: 0.1268650 seconds
182.715: [GC [PSYoungGen: 23808K->416K(24064K)] 49243K->25963K(58368K), 0.0005260 secs] [Times: user=0.00 sys=0.00, real=0.00 secs] 
182.716: Total time for which application threads were stopped: 0.0006650 seconds, Stopping threads took: 0.0000600 seconds
182.847: Application time: 0.1307480 seconds
182.850: [GC [PSYoungGen: 23968K->256K(24064K)] 49515K->26099K(58368K), 0.0005290 secs] [Times: user=0.01 sys=0.00, real=0.00 secs] 
182.850: Total time for which application threads were stopped: 0.0035990 seconds, Stopping threads took: 0.0029810 seconds
182.980: Application time: 0.1298230 seconds
182.980: [GC [PSYoungGen: 23808K->256K(24064K)] 49651K->26099K(58368K), 0.0004220 secs] [Times: user=0.00 sys=0.00, real=0.00 secs] 
182.981: Total time for which application threads were stopped: 0.0005600 seconds, Stopping threads took: 0.0000590 seconds
183.110: Application time: 0.1292760 seconds
183.110: [GC [PSYoungGen: 23808K->224K(24064K)] 49651K->26115K(58368K), 0.0004740 secs] [Times: user=0.00 sys=0.00, real=0.00 secs] 
183.111: Total time for which application threads were stopped: 0.0006200 seconds, Stopping threads took: 0.0000630 seconds
183.241: Application time: 0.1302700 seconds
183.241: [GC [PSYoungGen: 23776K->256K(24064K)] 49667K->26291K(58368K), 0.0004400 secs] [Times: user=0.01 sys=0.00, real=0.00 secs] 
183.241: Total time for which application threads were stopped: 0.0005700 seconds, Stopping threads took: 0.0000560 seconds
183.370: Application time: 0.1287520 seconds
183.370: [GC [PSYoungGen: 23808K->256K(24064K)] 49843K->26291K(58368K), 0.0004470 secs] [Times: user=0.00 sys=0.00, real=0.00 secs] 
183.371: Total time for which application threads were stopped: 0.0005990 seconds, Stopping threads took: 0.0000630 seconds
183.497: Application time: 0.1266560 seconds
183.497: [GC [PSYoungGen: 23808K->400K(24064K)] 49843K->26556K(58368K), 0.0005320 secs] [Times: user=0.00 sys=0.00, real=0.01 secs] 
183.498: Total time for which application threads were stopped: 0.0006700 seconds, Stopping threads took: 0.0000580 seconds
183.629: Application time: 0.1306370 seconds
183.629: [GC [PSYoungGen: 23952K->256K(24064K)] 50108K->26712K(58368K), 0.0004880 secs] [Times: user=0.00 sys=0.00, real=0.00 secs] 
183.629: Total time for which application threads were stopped: 0.0006340 seconds, Stopping threads took: 0.0000610 seconds
183.759: Application time: 0.1297510 seconds
183.759: [GC [PSYoungGen: 23808K->256K(24064K)] 50264K->26712K(58368K), 0.0003930 secs] [Times: user=0.00 sys=0.00, real=0.00 secs] 
183.760: Total time for which application threads were stopped: 0.0005250 seconds, Stopping threads took: 0.0000540 seconds
183.889: Application time: 0.1295350 seconds
183.889: [GC [PSYoungGen: 23808K->240K(24064K)] 50264K->26744K(58368K), 0.0005000 secs] [Times: user=0.00 sys=0.00, real=0.00 secs] 
183.890: Total time for which application threads were stopped: 0.0006460 seconds, Stopping threads took: 0.0000550 seconds
184.020: Application time: 0.1305670 seconds
184.020: [GC [PSYoungGen: 23792K->224K(24064K)] 50296K->26864K(58368K), 0.0004970 secs] [Times: user=0.00 sys=0.00, real=0.00 secs] 
184.021: Total time for which application threads were stopped: 0.0006300 seconds, Stopping threads took: 0.0000610 seconds
184.150: Application time: 0.1294880 seconds
184.151: [GC [PSYoungGen: 23776K->192K(24064K)] 50416K->26832K(58368K), 0.0005080 secs] [Times: user=0.01 sys=0.00, real=0.00 secs] 
184.151: Total time for which application threads were stopped: 0.0006480 seconds, Stopping threads took: 0.0000640 seconds
184.277: Application time: 0.1261940 seconds
184.277: [GC [PSYoungGen: 23744K->416K(24064K)] 50384K->27136K(58368K), 0.0005490 secs] [Times: user=0.00 sys=0.00, real=0.01 secs] 
184.278: Total time for which application threads were stopped: 0.0006860 seconds, Stopping threads took: 0.0000590 seconds
184.408: Application time: 0.1303360 seconds
184.408: [GC [PSYoungGen: 23968K->256K(24064K)] 50688K->27324K(58368K), 0.0005470 secs] [Times: user=0.00 sys=0.00, real=0.00 secs] 
184.409: Total time for which application threads were stopped: 0.0006950 seconds, Stopping threads took: 0.0000650 seconds
184.539: Application time: 0.1294860 seconds
184.542: [GC [PSYoungGen: 23808K->256K(24064K)] 50876K->27324K(58368K), 0.0004450 secs] [Times: user=0.00 sys=0.00, real=0.00 secs] 
184.542: Total time for which application threads were stopped: 0.0036160 seconds, Stopping threads took: 0.0030890 seconds
184.672: Application time: 0.1296460 seconds
184.672: [GC [PSYoungGen: 23808K->256K(24064K)] 50876K->27348K(58368K), 0.0004480 secs] [Times: user=0.00 sys=0.00, real=0.00 secs] 
184.672: Total time for which application threads were stopped: 0.0005860 seconds, Stopping threads took: 0.0000640 seconds
184.822: Application time: 0.1497250 seconds
184.822: [GC [PSYoungGen: 23808K->160K(24064K)] 50900K->27404K(58368K), 0.0005040 secs] [Times: user=0.00 sys=0.00, real=0.00 secs] 
184.823: Total time for which application threads were stopped: 0.0006540 seconds, Stopping threads took: 0.0000700 seconds
184.943: Application time: 0.1204190 seconds
184.943: [GC [PSYoungGen: 23712K->256K(24064K)] 50956K->27500K(58368K), 0.0004030 secs] [Times: user=0.00 sys=0.00, real=0.00 secs] 
184.944: Total time for which application threads were stopped: 0.0005450 seconds, Stopping threads took: 0.0000590 seconds
185.063: Application time: 0.1189700 seconds
185.063: [GC [PSYoungGen: 23808K->384K(24064K)] 51052K->27741K(58368K), 0.0005160 secs] [Times: user=0.01 sys=0.00, real=0.00 secs] 
185.063: Total time for which application threads were stopped: 0.0006590 seconds, Stopping threads took: 0.0000670 seconds
185.185: Application time: 0.1217140 seconds
185.185: [GC [PSYoungGen: 23936K->192K(24064K)] 51293K->27849K(58368K), 0.0005460 secs] [Times: user=0.00 sys=0.00, real=0.01 secs] 
185.186: Total time for which application threads were stopped: 0.0006950 seconds, Stopping threads took: 0.0000720 seconds
185.307: Application time: 0.1216850 seconds
185.310: [GC [PSYoungGen: 23744K->256K(24064K)] 51401K->27913K(58368K), 0.0005330 secs] [Times: user=0.00 sys=0.00, real=0.00 secs] 
185.310: Total time for which application threads were stopped: 0.0027490 seconds, Stopping threads took: 0.0021440 seconds
185.431: Application time: 0.1211120 seconds
185.431: [GC [PSYoungGen: 23808K->256K(24064K)] 51465K->27961K(58368K), 0.0004780 secs] [Times: user=0.00 sys=0.00, real=0.00 secs] 
185.432: Total time for which application threads were stopped: 0.0006260 seconds, Stopping threads took: 0.0000690 seconds
185.554: Application time: 0.1222030 seconds
185.554: [GC [PSYoungGen: 23808K->224K(24064K)] 51513K->28073K(58368K), 0.0004830 secs] [Times: user=0.00 sys=0.00, real=0.00 secs] 
185.555: Total time for which application threads were stopped: 0.0006270 seconds, Stopping threads took: 0.0000620 seconds
185.675: Application time: 0.1200350 seconds
185.675: [GC [PSYoungGen: 23776K->224K(24064K)] 51625K->28073K(58368K), 0.0004640 secs] [Times: user=0.00 sys=0.00, real=0.00 secs] 
185.675: Total time for which application threads were stopped: 0.0006110 seconds, Stopping threads took: 0.0000660 seconds
185.794: Application time: 0.1187420 seconds
185.798: [GC [PSYoungGen: 23776K->448K(24064K)] 51625K->28425K(58368K), 0.0005170 secs] [Times: user=0.00 sys=0.00, real=0.00 secs] 
185.798: Total time for which application threads were stopped: 0.0040130 seconds, Stopping threads took: 0.0034220 seconds
185.920: Application time: 0.1214540 seconds
185.920: [GC [PSYoungGen: 24000K->256K(24064K)] 51977K->28533K(58368K), 0.0004930 secs] [Times: user=0.00 sys=0.00, real=0.00 secs] 
185.920: Total time for which application threads were stopped: 0.0006490 seconds, Stopping threads took: 0.0000810 seconds
186.042: Application time: 0.1218350 seconds
186.042: [GC [PSYoungGen: 23808K->224K(24064K)] 52085K->28501K(58368K), 0.0005330 secs] [Times: user=0.01 sys=0.00, real=0.00 secs] 
186.043: Total time for which application threads were stopped: 0.0006690 seconds, Stopping threads took: 0.0000600 seconds
186.165: Application time: 0.1219250 seconds
186.165: [GC [PSYoungGen: 23776K->240K(24064K)] 52053K->28565K(58368K), 0.0005370 secs] [Times: user=0.00 sys=0.00, real=0.00 secs] 
186.165: Total time for which application threads were stopped: 0.0006910 seconds, Stopping threads took: 0.0000730 seconds
186.288: Application time: 0.1223500 seconds
186.288: [GC [PSYoungGen: 23792K->224K(24064K)] 52117K->28693K(58368K), 0.0004760 secs] [Times: user=0.00 sys=0.00, real=0.00 secs] 
186.288: Total time for which application threads were stopped: 0.0006090 seconds, Stopping threads took: 0.0000570 seconds
186.409: Application time: 0.1205560 seconds
186.409: [GC [PSYoungGen: 23776K->240K(24064K)] 52245K->28709K(58368K), 0.0005140 secs] [Times: user=0.00 sys=0.00, real=0.00 secs] 
186.410: Total time for which application threads were stopped: 0.0006570 seconds, Stopping threads took: 0.0000650 seconds
186.528: Application time: 0.1182930 seconds
186.528: [GC [PSYoungGen: 23792K->384K(24064K)] 52261K->28974K(58368K), 0.0005220 secs] [Times: user=0.01 sys=0.00, real=0.00 secs] 
186.529: Total time for which application threads were stopped: 0.0006540 seconds, Stopping threads took: 0.0000510 seconds
186.650: Application time: 0.1215690 seconds
186.650: [GC [PSYoungGen: 23936K->256K(24064K)] 52526K->29150K(58368K), 0.0005080 secs] [Times: user=0.00 sys=0.00, real=0.00 secs] 
186.651: Total time for which application threads were stopped: 0.0006590 seconds, Stopping threads took: 0.0000730 seconds
186.773: Application time: 0.1217940 seconds
186.773: [GC [PSYoungGen: 23808K->256K(24064K)] 52702K->29150K(58368K), 0.0004430 secs] [Times: user=0.00 sys=0.00, real=0.00 secs] 
186.773: Total time for which application threads were stopped: 0.0005870 seconds, Stopping threads took: 0.0000550 seconds
186.894: Application time: 0.1211010 seconds
186.894: [GC [PSYoungGen: 23808K->256K(24064K)] 52702K->29198K(58368K), 0.0004810 secs] [Times: user=0.00 sys=0.00, real=0.00 secs] 
186.895: Total time for which application threads were stopped: 0.0006400 seconds, Stopping threads took: 0.0000750 seconds
187.017: Application time: 0.1219530 seconds
187.017: [GC [PSYoungGen: 23808K->256K(24064K)] 52750K->29342K(58368K), 0.0004840 secs] [Times: user=0.00 sys=0.00, real=0.00 secs] 
187.017: Total time for which application threads were stopped: 0.0006180 seconds, Stopping threads took: 0.0000510 seconds
187.138: Application time: 0.1205410 seconds
187.138: [GC [PSYoungGen: 23808K->288K(24064K)] 52894K->29374K(58368K), 0.0004330 secs] [Times: user=0.00 sys=0.00, real=0.00 secs] 
187.139: Total time for which application threads were stopped: 0.0005670 seconds, Stopping threads took: 0.0000550 seconds
187.258: Application time: 0.1189150 seconds
187.258: [GC [PSYoungGen: 23840K->416K(24064K)] 52926K->29614K(58368K), 0.0006020 secs] [Times: user=0.00 sys=0.00, real=0.00 secs] 
187.258: Total time for which application threads were stopped: 0.0007460 seconds, Stopping threads took: 0.0000660 seconds
187.380: Application time: 0.1220030 seconds
187.380: [GC [PSYoungGen: 23968K->256K(24064K)] 53166K->29754K(58368K), 0.0005040 secs] [Times: user=0.01 sys=0.00, real=0.00 secs] 
187.381: Total time for which application threads were stopped: 0.0006480 seconds, Stopping threads took: 0.0000590 seconds
187.503: Application time: 0.1218620 seconds
187.503: [GC [PSYoungGen: 23808K->256K(24064K)] 53306K->29754K(58368K), 0.0004580 secs] [Times: user=0.00 sys=0.00, real=0.00 secs] 
187.503: Total time for which application threads were stopped: 0.0006000 seconds, Stopping threads took: 0.0000590 seconds
187.624: Application time: 0.1207970 seconds
187.624: [GC [PSYoungGen: 23808K->256K(24064K)] 53306K->29802K(58368K), 0.0004780 secs] [Times: user=0.00 sys=0.00, real=0.00 secs] 
187.625: Total time for which application threads were stopped: 0.0006170 seconds, Stopping threads took: 0.0000600 seconds
187.747: Application time: 0.1218940 seconds
187.747: [GC [PSYoungGen: 23808K->256K(24064K)] 53354K->29947K(58368K), 0.0004450 secs] [Times: user=0.00 sys=0.00, real=0.00 secs] 
187.747: Total time for which application threads were stopped: 0.0005920 seconds, Stopping threads took: 0.0000710 seconds
187.868: Application time: 0.1206520 seconds
187.868: [GC [PSYoungGen: 23808K->288K(24064K)] 53499K->29979K(58368K), 0.0004730 secs] [Times: user=0.00 sys=0.00, real=0.00 secs] 
187.869: Total time for which application threads were stopped: 0.0006100 seconds, Stopping threads took: 0.0000580 seconds
187.987: Application time: 0.1188030 seconds
187.987: [GC [PSYoungGen: 23840K->400K(24064K)] 53531K->30243K(58368K), 0.0005700 secs] [Times: user=0.00 sys=0.00, real=0.00 secs] 
187.988: Total time for which application threads were stopped: 0.0007100 seconds, Stopping threads took: 0.0000560 seconds
188.109: Application time: 0.1212690 seconds
188.109: [GC [PSYoungGen: 23952K->256K(24064K)] 53795K->30383K(58368K), 0.0004820 secs] [Times: user=0.00 sys=0.00, real=0.00 secs] 
188.110: Total time for which application threads were stopped: 0.0006220 seconds, Stopping threads took: 0.0000660 seconds
188.232: Application time: 0.1217470 seconds
188.232: [GC [PSYoungGen: 23808K->176K(24064K)] 53935K->30303K(58368K), 0.0004860 secs] [Times: user=0.00 sys=0.00, real=0.00 secs] 
188.232: Total time for which application threads were stopped: 0.0006310 seconds, Stopping threads took: 0.0000630 seconds
188.353: Application time: 0.1210410 seconds
188.354: [GC [PSYoungGen: 23728K->256K(24064K)] 53855K->30455K(58368K), 0.0004400 secs] [Times: user=0.00 sys=0.01, real=0.00 secs] 
188.354: Total time for which application threads were stopped: 0.0005830 seconds, Stopping threads took: 0.0000680 seconds
188.476: Application time: 0.1218660 seconds
188.476: [GC [PSYoungGen: 23808K->256K(24064K)] 54007K->30575K(58368K), 0.0004840 secs] [Times: user=0.00 sys=0.00, real=0.00 secs] 
188.476: Total time for which application threads were stopped: 0.0006300 seconds, Stopping threads took: 0.0000660 seconds
188.596: Application time: 0.1199070 seconds
188.597: [GC [PSYoungGen: 23808K->320K(24064K)] 54127K->30639K(58368K), 0.0004590 secs] [Times: user=0.00 sys=0.00, real=0.00 secs] 
188.597: Total time for which application threads were stopped: 0.0006040 seconds, Stopping threads took: 0.0000540 seconds
188.717: Application time: 0.1202560 seconds
188.717: [GC [PSYoungGen: 23872K->320K(24064K)] 54191K->30839K(58368K), 0.0005880 secs] [Times: user=0.00 sys=0.00, real=0.01 secs] 
188.718: Total time for which application threads were stopped: 0.0007260 seconds, Stopping threads took: 0.0000590 seconds
188.840: Application time: 0.1217180 seconds
188.840: [GC [PSYoungGen: 23872K->256K(24064K)] 54391K->31003K(58368K), 0.0004990 secs] [Times: user=0.01 sys=0.00, real=0.00 secs] 
188.840: Total time for which application threads were stopped: 0.0006350 seconds, Stopping threads took: 0.0000550 seconds
188.962: Application time: 0.1215000 seconds
188.962: [GC [PSYoungGen: 23808K->240K(24064K)] 54555K->30987K(58368K), 0.0005220 secs] [Times: user=0.00 sys=0.00, real=0.00 secs] 
188.962: Total time for which application threads were stopped: 0.0006570 seconds, Stopping threads took: 0.0000630 seconds
189.083: Application time: 0.1209170 seconds
189.084: [GC [PSYoungGen: 23792K->256K(24064K)] 54539K->31099K(58368K), 0.0004760 secs] [Times: user=0.00 sys=0.00, real=0.00 secs] 
189.084: Total time for which application threads were stopped: 0.0006080 seconds, Stopping threads took: 0.0000570 seconds
189.206: Application time: 0.1214930 seconds
189.206: [GC [PSYoungGen: 23808K->256K(24064K)] 54651K->31196K(58368K), 0.0004620 secs] [Times: user=0.00 sys=0.00, real=0.00 secs] 
189.206: Total time for which application threads were stopped: 0.0006150 seconds, Stopping threads took: 0.0000650 seconds
189.326: Application time: 0.1198080 seconds
189.326: [GC [PSYoungGen: 23808K->304K(24064K)] 54748K->31244K(58368K), 0.0004830 secs] [Times: user=0.00 sys=0.00, real=0.00 secs] 
189.327: Total time for which application threads were stopped: 0.0006270 seconds, Stopping threads took: 0.0000660 seconds
189.446: Application time: 0.1196800 seconds
189.446: [GC [PSYoungGen: 23856K->320K(24064K)] 54796K->31488K(58368K), 0.0005490 secs] [Times: user=0.00 sys=0.00, real=0.00 secs] 
189.447: Total time for which application threads were stopped: 0.0006980 seconds, Stopping threads took: 0.0000690 seconds
189.569: Application time: 0.1215570 seconds
189.569: [GC [PSYoungGen: 23872K->256K(24064K)] 55040K->31640K(58368K), 0.0005460 secs] [Times: user=0.00 sys=0.00, real=0.00 secs] 
189.569: Total time for which application threads were stopped: 0.0006740 seconds, Stopping threads took: 0.0000490 seconds
189.690: Application time: 0.1212190 seconds
189.691: [GC [PSYoungGen: 23808K->256K(24064K)] 55192K->31640K(58368K), 0.0004820 secs] [Times: user=0.00 sys=0.00, real=0.00 secs] 
189.691: Total time for which application threads were stopped: 0.0006200 seconds, Stopping threads took: 0.0000620 seconds
189.812: Application time: 0.1213610 seconds
189.813: [GC [PSYoungGen: 23808K->256K(24064K)] 55192K->31736K(58368K), 0.0004560 secs] [Times: user=0.00 sys=0.00, real=0.00 secs] 
189.813: Total time for which application threads were stopped: 0.0006000 seconds, Stopping threads took: 0.0000570 seconds
189.935: Application time: 0.1223540 seconds
189.935: [GC [PSYoungGen: 23808K->256K(24064K)] 55288K->31832K(58368K), 0.0004540 secs] [Times: user=0.00 sys=0.00, real=0.00 secs] 
189.936: Total time for which application threads were stopped: 0.0005790 seconds, Stopping threads took: 0.0000490 seconds
190.056: Application time: 0.1197370 seconds
190.056: [GC [PSYoungGen: 23808K->304K(24064K)] 55384K->31880K(58368K), 0.0005160 secs] [Times: user=0.00 sys=0.00, real=0.00 secs] 
190.056: Total time for which application threads were stopped: 0.0006570 seconds, Stopping threads took: 0.0000620 seconds
190.176: Application time: 0.1197390 seconds
190.176: [GC [PSYoungGen: 23856K->320K(24064K)] 55432K->32104K(58368K), 0.0005330 secs] [Times: user=0.01 sys=0.00, real=0.00 secs] 
190.177: Total time for which application threads were stopped: 0.0006690 seconds, Stopping threads took: 0.0000610 seconds
190.299: Application time: 0.1222980 seconds
190.299: [GC [PSYoungGen: 23872K->256K(24064K)] 55656K->32268K(58368K), 0.0004940 secs] [Times: user=0.00 sys=0.00, real=0.00 secs] 
190.300: Total time for which application threads were stopped: 0.0006400 seconds, Stopping threads took: 0.0000580 seconds
190.421: Application time: 0.1208720 seconds
190.421: [GC [PSYoungGen: 23808K->256K(24064K)] 55820K->32268K(58368K), 0.0004370 secs] [Times: user=0.00 sys=0.00, real=0.00 secs] 
190.421: Total time for which application threads were stopped: 0.0005810 seconds, Stopping threads took: 0.0000590 seconds
190.542: Application time: 0.1212030 seconds
190.542: [GC [PSYoungGen: 23808K->256K(24064K)] 55820K->32365K(58368K), 0.0004820 secs] [Times: user=0.00 sys=0.00, real=0.00 secs] 
190.543: Total time for which application threads were stopped: 0.0006580 seconds, Stopping threads took: 0.0000960 seconds
190.664: Application time: 0.1213320 seconds
190.664: [GC [PSYoungGen: 23808K->256K(24064K)] 55917K->32461K(58368K), 0.0004520 secs] [Times: user=0.00 sys=0.00, real=0.00 secs] 
190.665: Total time for which application threads were stopped: 0.0005970 seconds, Stopping threads took: 0.0000620 seconds
190.785: Application time: 0.1201720 seconds
190.785: [GC [PSYoungGen: 23808K->304K(24064K)] 56013K->32509K(58368K), 0.0004690 secs] [Times: user=0.01 sys=0.00, real=0.01 secs] 
190.786: Total time for which application threads were stopped: 0.0005910 seconds, Stopping threads took: 0.0000470 seconds
190.905: Application time: 0.1196830 seconds
190.905: [GC [PSYoungGen: 23856K->320K(24064K)] 56061K->32741K(58368K), 0.0005420 secs] [Times: user=0.00 sys=0.00, real=0.01 secs] 
190.906: Total time for which application threads were stopped: 0.0006900 seconds, Stopping threads took: 0.0000700 seconds
191.028: Application time: 0.1222920 seconds
191.028: [GC [PSYoungGen: 23872K->224K(24064K)] 56293K->32861K(58368K), 0.0005480 secs] [Times: user=0.00 sys=0.00, real=0.00 secs] 
191.029: Total time for which application threads were stopped: 0.0006950 seconds, Stopping threads took: 0.0000610 seconds
191.150: Application time: 0.1211550 seconds
191.150: [GC [PSYoungGen: 23776K->256K(24064K)] 56413K->32893K(58368K), 0.0004570 secs] [Times: user=0.00 sys=0.00, real=0.00 secs] 
191.151: Total time for which application threads were stopped: 0.0005890 seconds, Stopping threads took: 0.0000550 seconds
191.272: Application time: 0.1214780 seconds
191.272: [GC [PSYoungGen: 23808K->256K(24064K)] 56445K->32989K(58368K), 0.0004930 secs] [Times: user=0.00 sys=0.00, real=0.00 secs] 
191.274: Total time for which application threads were stopped: 0.0017170 seconds, Stopping threads took: 0.0000690 seconds
191.397: Application time: 0.1226260 seconds
191.397: [GC [PSYoungGen: 23808K->256K(24064K)] 56541K->33085K(58368K), 0.0004920 secs] [Times: user=0.00 sys=0.00, real=0.00 secs] 
191.397: Total time for which application threads were stopped: 0.0006500 seconds, Stopping threads took: 0.0000870 seconds
191.517: Application time: 0.1197890 seconds
191.517: [GC [PSYoungGen: 23808K->320K(24064K)] 56637K->33149K(58368K), 0.0004680 secs] [Times: user=0.00 sys=0.00, real=0.01 secs] 
191.518: Total time for which application threads were stopped: 0.0006060 seconds, Stopping threads took: 0.0000600 seconds
191.638: Application time: 0.1198690 seconds
191.638: [GC [PSYoungGen: 23872K->272K(24064K)] 56701K->33297K(58368K), 0.0006720 secs] [Times: user=0.00 sys=0.00, real=0.00 secs] 
191.638: Total time for which application threads were stopped: 0.0008360 seconds, Stopping threads took: 0.0000710 seconds
191.760: Application time: 0.1215620 seconds
191.760: [GC [PSYoungGen: 23824K->256K(24064K)] 56849K->33501K(58368K), 0.0005080 secs] [Times: user=0.00 sys=0.00, real=0.00 secs] 
191.761: Total time for which application threads were stopped: 0.0006590 seconds, Stopping threads took: 0.0000800 seconds
191.882: Application time: 0.1218040 seconds
191.883: [GC [PSYoungGen: 23808K->256K(24064K)] 57053K->33501K(58368K), 0.0004540 secs] [Times: user=0.01 sys=0.00, real=0.00 secs] 
191.883: Total time for which application threads were stopped: 0.0005850 seconds, Stopping threads took: 0.0000560 seconds
192.004: Application time: 0.1214670 seconds
192.005: [GC [PSYoungGen: 23808K->256K(24064K)] 57053K->33622K(58368K), 0.0004880 secs] [Times: user=0.00 sys=0.00, real=0.00 secs] 
192.005: Total time for which application threads were stopped: 0.0006360 seconds, Stopping threads took: 0.0000680 seconds
192.127: Application time: 0.1222970 seconds
192.128: [GC [PSYoungGen: 23808K->256K(24064K)] 57174K->33694K(58368K), 0.0004180 secs] [Times: user=0.00 sys=0.00, real=0.00 secs] 
192.128: Total time for which application threads were stopped: 0.0005670 seconds, Stopping threads took: 0.0000750 seconds
192.248: Application time: 0.1199400 seconds
192.248: [GC [PSYoungGen: 23808K->368K(24064K)] 57246K->33806K(58368K), 0.0004860 secs] [Times: user=0.00 sys=0.00, real=0.00 secs] 
192.249: Total time for which application threads were stopped: 0.0006150 seconds, Stopping threads took: 0.0000500 seconds
192.368: Application time: 0.1198140 seconds
192.368: [GC [PSYoungGen: 23920K->256K(24064K)] 57358K->33950K(58368K), 0.0005470 secs] [Times: user=0.00 sys=0.00, real=0.00 secs] 
192.369: Total time for which application threads were stopped: 0.0007110 seconds, Stopping threads took: 0.0000810 seconds
192.491: Application time: 0.1215980 seconds
192.491: [GC [PSYoungGen: 23808K->256K(24064K)] 57502K->34126K(58368K), 0.0004680 secs] [Times: user=0.00 sys=0.00, real=0.00 secs] 
192.491: Total time for which application threads were stopped: 0.0006150 seconds, Stopping threads took: 0.0000710 seconds
192.612: Application time: 0.1211310 seconds
192.613: [GC [PSYoungGen: 23808K->256K(24064K)] 57678K->34126K(58368K), 0.0004460 secs] [Times: user=0.00 sys=0.00, real=0.00 secs] 
192.613: Total time for which application threads were stopped: 0.0005840 seconds, Stopping threads took: 0.0000630 seconds
192.735: Application time: 0.1221890 seconds
192.735: [GC [PSYoungGen: 23808K->256K(24064K)] 57678K->34246K(58368K), 0.0004910 secs] [Times: user=0.00 sys=0.00, real=0.00 secs] 
192.736: Total time for which application threads were stopped: 0.0006280 seconds, Stopping threads took: 0.0000640 seconds
192.858: Application time: 0.1225620 seconds
192.859: [GC [PSYoungGen: 23808K->256K(24064K)] 57798K->34318K(58368K), 0.0004700 secs] [Times: user=0.00 sys=0.00, real=0.00 secs] 
192.859: [Full GC [PSYoungGen: 256K->0K(24064K)] [ParOldGen: 34062K->3009K(33792K)] 34318K->3009K(57856K) [PSPermGen: 6082K->6082K(21504K)], 0.0059920 secs] [Times: user=0.02 sys=0.00, real=0.00 secs] 
192.865: Total time for which application threads were stopped: 0.0066700 seconds, Stopping threads took: 0.0000690 seconds
192.984: Application time: 0.1191090 seconds
192.984: [GC [PSYoungGen: 23552K->352K(23552K)] 26561K->3361K(57344K), 0.0004420 secs] [Times: user=0.00 sys=0.00, real=0.00 secs] 
192.985: Total time for which application threads were stopped: 0.0005900 seconds, Stopping threads took: 0.0000680 seconds
193.102: Application time: 0.1174340 seconds
193.102: [GC [PSYoungGen: 23392K->320K(23552K)] 26401K->3601K(57344K), 0.0005160 secs] [Times: user=0.00 sys=0.00, real=0.00 secs] 
193.103: Total time for which application threads were stopped: 0.0006970 seconds, Stopping threads took: 0.0001030 seconds
193.222: Application time: 0.1190870 seconds
193.222: [GC [PSYoungGen: 23360K->256K(23552K)] 26641K->3721K(57344K), 0.0004280 secs] [Times: user=0.00 sys=0.00, real=0.00 secs] 
193.223: Total time for which application threads were stopped: 0.0005810 seconds, Stopping threads took: 0.0000740 seconds
193.341: Application time: 0.1184900 seconds
193.341: [GC [PSYoungGen: 23296K->224K(23552K)] 26761K->3689K(57344K), 0.0004110 secs] [Times: user=0.00 sys=0.00, real=0.00 secs] 
193.342: Total time for which application threads were stopped: 0.0005460 seconds, Stopping threads took: 0.0000610 seconds
193.460: Application time: 0.1184570 seconds
193.460: [GC [PSYoungGen: 23264K->256K(23552K)] 26729K->3841K(57344K), 0.0004100 secs] [Times: user=0.00 sys=0.00, real=0.00 secs] 
193.461: Total time for which application threads were stopped: 0.0005610 seconds, Stopping threads took: 0.0000690 seconds
193.580: Application time: 0.1197760 seconds
193.581: [GC [PSYoungGen: 23296K->256K(23552K)] 26881K->3913K(57344K), 0.0003940 secs] [Times: user=0.00 sys=0.00, real=0.00 secs] 
193.581: Total time for which application threads were stopped: 0.0005270 seconds, Stopping threads took: 0.0000570 seconds
193.699: Application time: 0.1176270 seconds
193.699: [GC [PSYoungGen: 23296K->304K(23552K)] 26953K->3961K(57344K), 0.0004270 secs] [Times: user=0.00 sys=0.00, real=0.00 secs] 
193.699: Total time for which application threads were stopped: 0.0005680 seconds, Stopping threads took: 0.0000680 seconds
193.816: Application time: 0.1167870 seconds
193.816: [GC [PSYoungGen: 23344K->352K(23552K)] 27001K->4177K(57344K), 0.0005010 secs] [Times: user=0.00 sys=0.00, real=0.00 secs] 
193.817: Total time for which application threads were stopped: 0.0006340 seconds, Stopping threads took: 0.0000550 seconds
193.935: Application time: 0.1187520 seconds
193.935: [GC [PSYoungGen: 23392K->256K(23552K)] 27217K->4337K(57344K), 0.0004510 secs] [Times: user=0.00 sys=0.00, real=0.00 secs] 
193.936: Total time for which application threads were stopped: 0.0006140 seconds, Stopping threads took: 0.0000840 seconds
194.055: Application time: 0.1187540 seconds
194.055: [GC [PSYoungGen: 23296K->256K(23552K)] 27377K->4337K(57344K), 0.0004050 secs] [Times: user=0.00 sys=0.00, real=0.00 secs] 
194.055: Total time for which application threads were stopped: 0.0005420 seconds, Stopping threads took: 0.0000570 seconds
194.174: Application time: 0.1183750 seconds
194.174: [GC [PSYoungGen: 23296K->256K(23552K)] 27377K->4410K(57344K), 0.0004600 secs] [Times: user=0.00 sys=0.00, real=0.00 secs] 
194.174: Total time for which application threads were stopped: 0.0006140 seconds, Stopping threads took: 0.0000790 seconds
194.293: Application time: 0.1189050 seconds
194.293: [GC [PSYoungGen: 23296K->256K(23552K)] 27450K->4530K(57344K), 0.0004110 secs] [Times: user=0.00 sys=0.00, real=0.00 secs] 
194.294: Total time for which application threads were stopped: 0.0005410 seconds, Stopping threads took: 0.0000550 seconds
194.411: Application time: 0.1174460 seconds
194.411: [GC [PSYoungGen: 23296K->272K(23552K)] 27570K->4546K(57344K), 0.0004010 secs] [Times: user=0.00 sys=0.00, real=0.00 secs] 
194.412: Total time for which application threads were stopped: 0.0005580 seconds, Stopping threads took: 0.0000770 seconds
194.528: Application time: 0.1164070 seconds
194.528: [GC [PSYoungGen: 23312K->368K(23552K)] 27586K->4810K(57344K), 0.0005160 secs] [Times: user=0.01 sys=0.00, real=0.00 secs] 
194.529: Total time for which application threads were stopped: 0.0006460 seconds, Stopping threads took: 0.0000510 seconds
194.648: Application time: 0.1194450 seconds
194.648: [GC [PSYoungGen: 23408K->256K(23552K)] 27850K->4958K(57344K), 0.0004750 secs] [Times: user=0.00 sys=0.00, real=0.00 secs] 
194.649: Total time for which application threads were stopped: 0.0006370 seconds, Stopping threads took: 0.0000750 seconds
194.768: Application time: 0.1193970 seconds
194.768: [GC [PSYoungGen: 23296K->256K(23552K)] 27998K->4958K(57344K), 0.0003730 secs] [Times: user=0.00 sys=0.00, real=0.00 secs] 
194.769: Total time for which application threads were stopped: 0.0005040 seconds, Stopping threads took: 0.0000550 seconds
194.887: Application time: 0.1185430 seconds
194.887: [GC [PSYoungGen: 23296K->256K(23552K)] 27998K->5030K(57344K), 0.0004490 secs] [Times: user=0.00 sys=0.00, real=0.00 secs] 
194.888: Total time for which application threads were stopped: 0.0005990 seconds, Stopping threads took: 0.0000710 seconds
195.007: Application time: 0.1188370 seconds
195.007: [GC [PSYoungGen: 23296K->224K(23552K)] 28070K->5110K(57344K), 0.0004300 secs] [Times: user=0.01 sys=0.00, real=0.00 secs] 
195.007: Total time for which application threads were stopped: 0.0005750 seconds, Stopping threads took: 0.0000650 seconds
195.125: Application time: 0.1176030 seconds
195.125: [GC [PSYoungGen: 23264K->256K(23552K)] 28150K->5142K(57344K), 0.0004310 secs] [Times: user=0.00 sys=0.00, real=0.00 secs] 
195.125: Total time for which application threads were stopped: 0.0005740 seconds, Stopping threads took: 0.0000630 seconds
195.241: Application time: 0.1153310 seconds
195.241: [GC [PSYoungGen: 23296K->432K(23552K)] 28182K->5390K(57344K), 0.0005120 secs] [Times: user=0.00 sys=0.00, real=0.00 secs] 
195.241: Total time for which application threads were stopped: 0.0006650 seconds, Stopping threads took: 0.0000630 seconds
195.361: Application time: 0.1194060 seconds
195.361: [GC [PSYoungGen: 23472K->256K(23552K)] 28430K->5563K(57344K), 0.0005030 secs] [Times: user=0.00 sys=0.00, real=0.00 secs] 
195.362: Total time for which application threads were stopped: 0.0006480 seconds, Stopping threads took: 0.0000650 seconds
195.481: Application time: 0.1191660 seconds
195.481: [GC [PSYoungGen: 23296K->224K(23552K)] 28603K->5531K(57344K), 0.0004160 secs] [Times: user=0.01 sys=0.00, real=0.00 secs] 
195.481: Total time for which application threads were stopped: 0.0005550 seconds, Stopping threads took: 0.0000630 seconds
195.600: Application time: 0.1187870 seconds
195.600: [GC [PSYoungGen: 23264K->256K(23552K)] 28571K->5587K(57344K), 0.0004350 secs] [Times: user=0.00 sys=0.00, real=0.00 secs] 
195.601: Total time for which application threads were stopped: 0.0005810 seconds, Stopping threads took: 0.0000650 seconds
195.720: Application time: 0.1190800 seconds
195.720: [GC [PSYoungGen: 23296K->256K(23552K)] 28627K->5731K(57344K), 0.0004160 secs] [Times: user=0.00 sys=0.00, real=0.00 secs] 
195.720: Total time for which application threads were stopped: 0.0005480 seconds, Stopping threads took: 0.0000580 seconds
195.839: Application time: 0.1191600 seconds
195.840: [GC [PSYoungGen: 23296K->256K(23552K)] 28771K->5755K(57344K), 0.0004020 secs] [Times: user=0.01 sys=0.00, real=0.00 secs] 
195.840: Total time for which application threads were stopped: 0.0005400 seconds, Stopping threads took: 0.0000540 seconds
195.956: Application time: 0.1161690 seconds
195.956: [GC [PSYoungGen: 23296K->368K(23552K)] 28795K->5939K(57344K), 0.0005000 secs] [Times: user=0.00 sys=0.00, real=0.00 secs] 
195.957: Total time for which application threads were stopped: 0.0006550 seconds, Stopping threads took: 0.0000770 seconds
196.076: Application time: 0.1191100 seconds
196.076: [GC [PSYoungGen: 23408K->256K(23552K)] 28979K->6131K(57344K), 0.0004830 secs] [Times: user=0.00 sys=0.00, real=0.00 secs] 
196.077: Total time for which application threads were stopped: 0.0006160 seconds, Stopping threads took: 0.0000600 seconds
196.196: Application time: 0.1192240 seconds
196.196: [GC [PSYoungGen: 23296K->256K(23552K)] 29171K->6211K(57344K), 0.0003810 secs] [Times: user=0.01 sys=0.00, real=0.00 secs] 
196.196: Total time for which application threads were stopped: 0.0005210 seconds, Stopping threads took: 0.0000650 seconds
196.315: Application time: 0.1182510 seconds
196.315: [GC [PSYoungGen: 23296K->256K(23552K)] 29251K->6235K(57344K), 0.0004970 secs] [Times: user=0.00 sys=0.00, real=0.00 secs] 
196.316: Total time for which application threads were stopped: 0.0016890 seconds, Stopping threads took: 0.0000610 seconds
196.436: Application time: 0.1196210 seconds
196.436: [GC [PSYoungGen: 23296K->256K(23552K)] 29275K->6379K(57344K), 0.0004310 secs] [Times: user=0.00 sys=0.00, real=0.00 secs] 
196.436: Total time for which application threads were stopped: 0.0006000 seconds, Stopping threads took: 0.0000820 seconds
196.555: Application time: 0.1182840 seconds
196.555: [GC [PSYoungGen: 23296K->256K(23552K)] 29419K->6403K(57344K), 0.0003880 secs] [Times: user=0.00 sys=0.00, real=0.00 secs] 
196.555: Total time for which application threads were stopped: 0.0005200 seconds, Stopping threads took: 0.0000590 seconds
196.671: Application time: 0.1158480 seconds
196.671: [GC [PSYoungGen: 23296K->416K(23552K)] 29443K->6571K(57344K), 0.0005200 secs] [Times: user=0.00 sys=0.00, real=0.00 secs] 
196.672: Total time for which application threads were stopped: 0.0006720 seconds, Stopping threads took: 0.0000740 seconds
196.791: Application time: 0.1191120 seconds
196.794: [GC [PSYoungGen: 23456K->256K(23552K)] 29611K->6747K(57344K), 0.0004700 secs] [Times: user=0.00 sys=0.00, real=0.00 secs] 
196.794: Total time for which application threads were stopped: 0.0032980 seconds, Stopping threads took: 0.0027500 seconds
196.913: Application time: 0.1190700 seconds
196.913: [GC [PSYoungGen: 23296K->256K(23552K)] 29787K->6812K(57344K), 0.0003970 secs] [Times: user=0.00 sys=0.00, real=0.00 secs] 
196.914: Total time for which application threads were stopped: 0.0005410 seconds, Stopping threads took: 0.0000660 seconds
197.032: Application time: 0.1183530 seconds
197.032: [GC [PSYoungGen: 23296K->256K(23552K)] 29852K->6812K(57344K), 0.0004210 secs] [Times: user=0.00 sys=0.00, real=0.00 secs] 
197.033: Total time for which application threads were stopped: 0.0005590 seconds, Stopping threads took: 0.0000500 seconds
197.152: Application time: 0.1190530 seconds
197.152: [GC [PSYoungGen: 23296K->224K(23552K)] 29852K->6940K(57344K), 0.0004960 secs] [Times: user=0.00 sys=0.00, real=0.00 secs] 
197.152: Total time for which application threads were stopped: 0.0006530 seconds, Stopping threads took: 0.0000800 seconds
197.271: Application time: 0.1186780 seconds
197.271: [GC [PSYoungGen: 23264K->192K(23552K)] 29980K->6932K(57344K), 0.0004250 secs] [Times: user=0.00 sys=0.00, real=0.00 secs] 
197.272: Total time for which application threads were stopped: 0.0005820 seconds, Stopping threads took: 0.0000750 seconds
197.387: Application time: 0.1153540 seconds
197.387: [GC [PSYoungGen: 23232K->432K(23552K)] 29972K->7172K(57344K), 0.0005000 secs] [Times: user=0.00 sys=0.00, real=0.00 secs] 
197.388: Total time for which application threads were stopped: 0.0006340 seconds, Stopping threads took: 0.0000540 seconds
197.506: Application time: 0.1185610 seconds
197.506: [GC [PSYoungGen: 23472K->256K(23552K)] 30212K->7348K(57344K), 0.0005070 secs] [Times: user=0.00 sys=0.00, real=0.00 secs] 
197.507: Total time for which application threads were stopped: 0.0006390 seconds, Stopping threads took: 0.0000490 seconds
197.626: Application time: 0.1193810 seconds
197.626: [GC [PSYoungGen: 23296K->256K(23552K)] 30388K->7412K(57344K), 0.0004140 secs] [Times: user=0.01 sys=0.00, real=0.00 secs] 
197.627: Total time for which application threads were stopped: 0.0005710 seconds, Stopping threads took: 0.0000660 seconds
197.745: Application time: 0.1185660 seconds
197.745: [GC [PSYoungGen: 23296K->256K(23552K)] 30452K->7412K(57344K), 0.0004140 secs] [Times: user=0.00 sys=0.00, real=0.01 secs] 
197.746: Total time for which application threads were stopped: 0.0005460 seconds, Stopping threads took: 0.0000560 seconds
197.865: Application time: 0.1195000 seconds
197.866: [GC [PSYoungGen: 23296K->256K(23552K)] 30452K->7580K(57344K), 0.0004460 secs] [Times: user=0.00 sys=0.00, real=0.01 secs] 
197.866: Total time for which application threads were stopped: 0.0005880 seconds, Stopping threads took: 0.0000630 seconds
197.985: Application time: 0.1187550 seconds
197.985: [GC [PSYoungGen: 23296K->224K(23552K)] 30620K->7572K(57344K), 0.0004220 secs] [Times: user=0.00 sys=0.00, real=0.00 secs] 
197.985: Total time for which application threads were stopped: 0.0005690 seconds, Stopping threads took: 0.0000670 seconds
198.101: Application time: 0.1158650 seconds
198.101: [GC [PSYoungGen: 23264K->448K(23552K)] 30612K->7796K(57344K), 0.0005160 secs] [Times: user=0.00 sys=0.00, real=0.00 secs] 
198.102: Total time for which application threads were stopped: 0.0006540 seconds, Stopping threads took: 0.0000630 seconds
198.221: Application time: 0.1186440 seconds
198.221: [GC [PSYoungGen: 23488K->256K(23552K)] 30836K->7953K(57344K), 0.0005990 secs] [Times: user=0.01 sys=0.00, real=0.00 secs] 
198.221: Total time for which application threads were stopped: 0.0007620 seconds, Stopping threads took: 0.0000730 seconds
198.341: Application time: 0.1194740 seconds
198.341: [GC [PSYoungGen: 23296K->256K(23552K)] 30993K->8017K(57344K), 0.0003960 secs] [Times: user=0.00 sys=0.00, real=0.00 secs] 
198.341: Total time for which application threads were stopped: 0.0005240 seconds, Stopping threads took: 0.0000550 seconds
198.459: Application time: 0.1181190 seconds
198.460: [GC [PSYoungGen: 23296K->192K(23552K)] 31057K->7953K(57344K), 0.0004450 secs] [Times: user=0.00 sys=0.00, real=0.00 secs] 
198.460: Total time for which application threads were stopped: 0.0005710 seconds, Stopping threads took: 0.0000540 seconds
198.579: Application time: 0.1186300 seconds
198.579: [GC [PSYoungGen: 23232K->256K(23552K)] 30993K->8185K(57344K), 0.0004780 secs] [Times: user=0.00 sys=0.00, real=0.00 secs] 
198.579: Total time for which application threads were stopped: 0.0006130 seconds, Stopping threads took: 0.0000570 seconds
198.698: Application time: 0.1190180 seconds
198.698: [GC [PSYoungGen: 23296K->256K(23552K)] 31225K->8209K(57344K), 0.0004250 secs] [Times: user=0.00 sys=0.00, real=0.00 secs] 
198.699: Total time for which application threads were stopped: 0.0005610 seconds, Stopping threads took: 0.0000620 seconds
198.815: Application time: 0.1158960 seconds
198.815: [GC [PSYoungGen: 23296K->400K(23552K)] 31249K->8353K(57344K), 0.0004700 secs] [Times: user=0.00 sys=0.00, real=0.00 secs] 
198.815: Total time for which application threads were stopped: 0.0006190 seconds, Stopping threads took: 0.0000630 seconds
198.933: Application time: 0.1179580 seconds
198.933: [GC [PSYoungGen: 23440K->288K(23552K)] 31393K->8549K(57344K), 0.0005060 secs] [Times: user=0.00 sys=0.00, real=0.00 secs] 
198.934: Total time for which application threads were stopped: 0.0006350 seconds, Stopping threads took: 0.0000560 seconds
199.053: Application time: 0.1192310 seconds
199.053: [GC [PSYoungGen: 23328K->256K(23552K)] 31589K->8645K(57344K), 0.0004260 secs] [Times: user=0.00 sys=0.00, real=0.00 secs] 
199.054: Total time for which application threads were stopped: 0.0005570 seconds, Stopping threads took: 0.0000550 seconds
199.172: Application time: 0.1186660 seconds
199.172: [GC [PSYoungGen: 23296K->272K(23552K)] 31685K->8661K(57344K), 0.0004250 secs] [Times: user=0.00 sys=0.00, real=0.00 secs] 
199.173: Total time for which application threads were stopped: 0.0005610 seconds, Stopping threads took: 0.0000610 seconds
199.292: Application time: 0.1189190 seconds
199.292: [GC [PSYoungGen: 23312K->256K(23552K)] 31701K->8789K(57344K), 0.0004330 secs] [Times: user=0.01 sys=0.00, real=0.00 secs] 
199.292: Total time for which application threads were stopped: 0.0005760 seconds, Stopping threads took: 0.0000660 seconds
199.412: Application time: 0.1194020 seconds
199.412: [GC [PSYoungGen: 23296K->256K(23552K)] 31829K->8837K(57344K), 0.0004050 secs] [Times: user=0.00 sys=0.00, real=0.00 secs] 
199.412: Total time for which application threads were stopped: 0.0005610 seconds, Stopping threads took: 0.0000650 seconds
199.528: Application time: 0.1157700 seconds
199.528: [GC [PSYoungGen: 23296K->400K(23552K)] 31877K->8981K(57344K), 0.0004930 secs] [Times: user=0.00 sys=0.00, real=0.00 secs] 
199.529: Total time for which application threads were stopped: 0.0006310 seconds, Stopping threads took: 0.0000600 seconds
199.647: Application time: 0.1181700 seconds
199.647: [GC [PSYoungGen: 23440K->224K(23552K)] 32021K->9094K(57344K), 0.0005810 secs] [Times: user=0.00 sys=0.00, real=0.00 secs] 
199.648: Total time for which application threads were stopped: 0.0007200 seconds, Stopping threads took: 0.0000610 seconds
199.767: Application time: 0.1193850 seconds
199.767: [GC [PSYoungGen: 23264K->256K(23552K)] 32134K->9254K(57344K), 0.0004070 secs] [Times: user=0.00 sys=0.00, real=0.00 secs] 
199.768: Total time for which application threads were stopped: 0.0005450 seconds, Stopping threads took: 0.0000660 seconds
199.886: Application time: 0.1183110 seconds
199.886: [GC [PSYoungGen: 23296K->256K(23552K)] 32294K->9254K(57344K), 0.0004020 secs] [Times: user=0.00 sys=0.00, real=0.00 secs] 
199.886: Total time for which application threads were stopped: 0.0005420 seconds, Stopping threads took: 0.0000630 seconds
200.006: Application time: 0.1190150 seconds
200.006: [GC [PSYoungGen: 23296K->256K(23552K)] 32294K->9366K(57344K), 0.0004820 secs] [Times: user=0.00 sys=0.00, real=0.00 secs] 
200.006: Total time for which application threads were stopped: 0.0006360 seconds, Stopping threads took: 0.0000550 seconds
200.126: Application time: 0.1194940 seconds
200.126: [GC [PSYoungGen: 23296K->256K(23552K)] 32406K->9438K(57344K), 0.0004220 secs] [Times: user=0.00 sys=0.00, real=0.00 secs] 
200.126: Total time for which application threads were stopped: 0.0005500 seconds, Stopping threads took: 0.0000500 seconds
200.242: Application time: 0.1154760 seconds
200.242: [GC [PSYoungGen: 23296K->320K(23552K)] 32478K->9502K(57344K), 0.0004560 secs] [Times: user=0.00 sys=0.00, real=0.00 secs] 
200.242: Total time for which application threads were stopped: 0.0005970 seconds, Stopping threads took: 0.0000620 seconds
200.360: Application time: 0.1177700 seconds
200.360: [GC [PSYoungGen: 23360K->336K(23552K)] 32542K->9782K(57344K), 0.0005000 secs] [Times: user=0.00 sys=0.00, real=0.00 secs] 
200.361: Total time for which application threads were stopped: 0.0006270 seconds, Stopping threads took: 0.0000540 seconds
200.479: Application time: 0.1185000 seconds
200.479: [GC [PSYoungGen: 23376K->256K(23552K)] 32822K->9886K(57344K), 0.0004250 secs] [Times: user=0.01 sys=0.00, real=0.00 secs] 
200.480: Total time for which application threads were stopped: 0.0005680 seconds, Stopping threads took: 0.0000650 seconds
200.599: Application time: 0.1189030 seconds
200.602: [GC [PSYoungGen: 23296K->256K(23552K)] 32926K->9886K(57344K), 0.0004530 secs] [Times: user=0.00 sys=0.00, real=0.00 secs] 
200.602: Total time for which application threads were stopped: 0.0035260 seconds, Stopping threads took: 0.0029770 seconds
200.721: Application time: 0.1190010 seconds
200.721: [GC [PSYoungGen: 23296K->256K(23552K)] 32926K->10006K(57344K), 0.0004350 secs] [Times: user=0.00 sys=0.00, real=0.00 secs] 
200.722: Total time for which application threads were stopped: 0.0005730 seconds, Stopping threads took: 0.0000610 seconds
200.842: Application time: 0.1199070 seconds
200.842: [GC [PSYoungGen: 23296K->256K(23552K)] 33046K->10078K(57344K), 0.0004350 secs] [Times: user=0.01 sys=0.00, real=0.00 secs] 
200.842: Total time for which application threads were stopped: 0.0005930 seconds, Stopping threads took: 0.0000780 seconds
200.959: Application time: 0.1171600 seconds
200.960: [GC [PSYoungGen: 23296K->320K(23552K)] 33118K->10142K(57344K), 0.0004760 secs] [Times: user=0.00 sys=0.00, real=0.00 secs] 
200.960: Total time for which application threads were stopped: 0.0006100 seconds, Stopping threads took: 0.0000600 seconds
201.077: Application time: 0.1171790 seconds
201.077: [GC [PSYoungGen: 23360K->336K(23552K)] 33182K->10371K(57344K), 0.0005130 secs] [Times: user=0.00 sys=0.00, real=0.01 secs] 
201.078: Total time for which application threads were stopped: 0.0006480 seconds, Stopping threads took: 0.0000530 seconds
201.197: Application time: 0.1189190 seconds
201.197: [GC [PSYoungGen: 23376K->224K(23552K)] 33411K->10467K(57344K), 0.0004820 secs] [Times: user=0.01 sys=0.00, real=0.00 secs] 
201.197: Total time for which application threads were stopped: 0.0006340 seconds, Stopping threads took: 0.0000690 seconds
201.316: Application time: 0.1190110 seconds
201.317: [GC [PSYoungGen: 23264K->224K(23552K)] 33507K->10467K(57344K), 0.0004710 secs] [Times: user=0.00 sys=0.00, real=0.01 secs] 
201.318: Total time for which application threads were stopped: 0.0016630 seconds, Stopping threads took: 0.0000610 seconds
201.437: Application time: 0.1184980 seconds
201.437: [GC [PSYoungGen: 23264K->256K(23552K)] 33507K->10595K(57344K), 0.0004290 secs] [Times: user=0.01 sys=0.00, real=0.00 secs] 
201.437: Total time for which application threads were stopped: 0.0005880 seconds, Stopping threads took: 0.0000830 seconds
201.556: Application time: 0.1193220 seconds
201.557: [GC [PSYoungGen: 23296K->256K(23552K)] 33635K->10667K(57344K), 0.0004660 secs] [Times: user=0.00 sys=0.00, real=0.00 secs] 
201.557: Total time for which application threads were stopped: 0.0006140 seconds, Stopping threads took: 0.0000640 seconds
201.674: Application time: 0.1172350 seconds
201.674: [GC [PSYoungGen: 23296K->288K(23552K)] 33707K->10723K(57344K), 0.0004600 secs] [Times: user=0.00 sys=0.00, real=0.00 secs] 
201.675: Total time for which application threads were stopped: 0.0005920 seconds, Stopping threads took: 0.0000530 seconds
201.792: Application time: 0.1168420 seconds
201.792: [GC [PSYoungGen: 23328K->304K(23552K)] 33763K->10907K(57344K), 0.0004850 secs] [Times: user=0.00 sys=0.00, real=0.00 secs] 
201.792: Total time for which application threads were stopped: 0.0006270 seconds, Stopping threads took: 0.0000560 seconds
201.911: Application time: 0.1181530 seconds
201.911: [GC [PSYoungGen: 23344K->256K(23552K)] 33947K->11083K(57344K), 0.0005110 secs] [Times: user=0.01 sys=0.00, real=0.00 secs] 
201.911: Total time for which application threads were stopped: 0.0006520 seconds, Stopping threads took: 0.0000600 seconds
202.030: Application time: 0.1187680 seconds
202.030: [GC [PSYoungGen: 23296K->256K(23552K)] 34123K->11163K(57344K), 0.0004170 secs] [Times: user=0.00 sys=0.00, real=0.00 secs] 
202.031: Total time for which application threads were stopped: 0.0005530 seconds, Stopping threads took: 0.0000590 seconds
202.149: Application time: 0.1184050 seconds
202.149: [GC [PSYoungGen: 23296K->256K(23552K)] 34203K->11187K(57344K), 0.0004130 secs] [Times: user=0.01 sys=0.00, real=0.00 secs] 
202.150: Total time for which application threads were stopped: 0.0005550 seconds, Stopping threads took: 0.0000680 seconds
202.268: Application time: 0.1187550 seconds
202.268: [GC [PSYoungGen: 23296K->192K(23552K)] 34227K->11259K(57344K), 0.0004830 secs] [Times: user=0.00 sys=0.00, real=0.00 secs] 
202.269: Total time for which application threads were stopped: 0.0006100 seconds, Stopping threads took: 0.0000520 seconds
202.387: Application time: 0.1181850 seconds
202.387: [GC [PSYoungGen: 23232K->256K(23552K)] 34299K->11347K(57344K), 0.0003950 secs] [Times: user=0.00 sys=0.00, real=0.00 secs] 
202.388: Total time for which application threads were stopped: 0.0005480 seconds, Stopping threads took: 0.0000710 seconds
202.504: Application time: 0.1161150 seconds
202.504: [GC [PSYoungGen: 23296K->432K(23552K)] 34387K->11587K(57344K), 0.0005130 secs] [Times: user=0.01 sys=0.00, real=0.00 secs] 
202.504: Total time for which application threads were stopped: 0.0006540 seconds, Stopping threads took: 0.0000620 seconds
202.623: Application time: 0.1188040 seconds
202.623: [GC [PSYoungGen: 23472K->256K(23552K)] 34627K->11720K(57344K), 0.0005030 secs] [Times: user=0.00 sys=0.00, real=0.00 secs] 
202.624: Total time for which application threads were stopped: 0.0006400 seconds, Stopping threads took: 0.0000640 seconds
202.743: Application time: 0.1196300 seconds
202.744: [GC [PSYoungGen: 23296K->256K(23552K)] 34760K->11808K(57344K), 0.0004110 secs] [Times: user=0.00 sys=0.00, real=0.00 secs] 
202.744: Total time for which application threads were stopped: 0.0005280 seconds, Stopping threads took: 0.0000440 seconds
202.862: Application time: 0.1183880 seconds
202.863: [GC [PSYoungGen: 23296K->240K(23552K)] 34848K->11816K(57344K), 0.0004920 secs] [Times: user=0.01 sys=0.00, real=0.00 secs] 
202.863: Total time for which application threads were stopped: 0.0006280 seconds, Stopping threads took: 0.0000590 seconds
202.982: Application time: 0.1190730 seconds
202.982: [GC [PSYoungGen: 23280K->256K(23552K)] 34856K->11976K(57344K), 0.0004200 secs] [Times: user=0.00 sys=0.00, real=0.00 secs] 
202.983: Total time for which application threads were stopped: 0.0005610 seconds, Stopping threads took: 0.0000570 seconds
203.101: Application time: 0.1182580 seconds
203.101: [GC [PSYoungGen: 23296K->256K(23552K)] 35016K->12000K(57344K), 0.0004240 secs] [Times: user=0.00 sys=0.00, real=0.00 secs] 
203.101: Total time for which application threads were stopped: 0.0005660 seconds, Stopping threads took: 0.0000610 seconds
203.218: Application time: 0.1160980 seconds
203.218: [GC [PSYoungGen: 23296K->384K(23552K)] 35040K->12200K(57344K), 0.0004980 secs] [Times: user=0.00 sys=0.00, real=0.00 secs] 
203.218: Total time for which application threads were stopped: 0.0006380 seconds, Stopping threads took: 0.0000590 seconds
203.337: Application time: 0.1183980 seconds
203.337: [GC [PSYoungGen: 23424K->256K(23552K)] 35240K->12364K(57344K), 0.0004960 secs] [Times: user=0.00 sys=0.00, real=0.00 secs] 
203.337: Total time for which application threads were stopped: 0.0006260 seconds, Stopping threads took: 0.0000550 seconds
203.456: Application time: 0.1191430 seconds
203.457: [GC [PSYoungGen: 23296K->256K(23552K)] 35404K->12428K(57344K), 0.0003950 secs] [Times: user=0.00 sys=0.00, real=0.00 secs] 
203.457: Total time for which application threads were stopped: 0.0005240 seconds, Stopping threads took: 0.0000550 seconds
203.576: Application time: 0.1190810 seconds
203.576: [GC [PSYoungGen: 23296K->256K(23552K)] 35468K->12452K(57344K), 0.0004440 secs] [Times: user=0.00 sys=0.00, real=0.00 secs] 
203.577: Total time for which application threads were stopped: 0.0005840 seconds, Stopping threads took: 0.0000550 seconds
203.696: Application time: 0.1192030 seconds
203.696: [GC [PSYoungGen: 23296K->256K(23552K)] 35492K->12596K(57344K), 0.0004380 secs] [Times: user=0.00 sys=0.00, real=0.00 secs] 
203.696: Total time for which application threads were stopped: 0.0005710 seconds, Stopping threads took: 0.0000550 seconds
203.816: Application time: 0.1196030 seconds
203.816: [GC [PSYoungGen: 23296K->224K(23552K)] 35636K->12588K(57344K), 0.0004680 secs] [Times: user=0.00 sys=0.00, real=0.00 secs] 
203.817: Total time for which application threads were stopped: 0.0006010 seconds, Stopping threads took: 0.0000550 seconds
203.932: Application time: 0.1150040 seconds
203.932: [GC [PSYoungGen: 23264K->480K(23552K)] 35628K->12844K(57344K), 0.0004920 secs] [Times: user=0.01 sys=0.00, real=0.00 secs] 
203.932: Total time for which application threads were stopped: 0.0006440 seconds, Stopping threads took: 0.0000730 seconds
204.051: Application time: 0.1184970 seconds
204.051: [GC [PSYoungGen: 23520K->224K(23552K)] 35884K->12941K(57344K), 0.0005670 secs] [Times: user=0.01 sys=0.00, real=0.00 secs] 
204.051: Total time for which application threads were stopped: 0.0007110 seconds, Stopping threads took: 0.0000630 seconds
204.171: Application time: 0.1194540 seconds
204.171: [GC [PSYoungGen: 23264K->256K(23552K)] 35981K->13045K(57344K), 0.0004430 secs] [Times: user=0.00 sys=0.00, real=0.00 secs] 
204.171: Total time for which application threads were stopped: 0.0005930 seconds, Stopping threads took: 0.0000620 seconds
204.290: Application time: 0.1187310 seconds
204.290: [GC [PSYoungGen: 23296K->256K(23552K)] 36085K->13045K(57344K), 0.0004420 secs] [Times: user=0.00 sys=0.00, real=0.00 secs] 
204.291: Total time for which application threads were stopped: 0.0005930 seconds, Stopping threads took: 0.0000780 seconds
204.410: Application time: 0.1188840 seconds
204.410: [GC [PSYoungGen: 23296K->256K(23552K)] 36085K->13213K(57344K), 0.0004520 secs] [Times: user=0.00 sys=0.00, real=0.00 secs] 
204.410: Total time for which application threads were stopped: 0.0005850 seconds, Stopping threads took: 0.0000530 seconds
204.530: Application time: 0.1194810 seconds
204.530: [GC [PSYoungGen: 23296K->256K(23552K)] 36253K->13237K(57344K), 0.0004190 secs] [Times: user=0.00 sys=0.00, real=0.00 secs] 
204.530: Total time for which application threads were stopped: 0.0005620 seconds, Stopping threads took: 0.0000620 seconds
204.646: Application time: 0.1156290 seconds
204.646: [GC [PSYoungGen: 23296K->464K(23552K)] 36277K->13445K(57344K), 0.0004930 secs] [Times: user=0.00 sys=0.00, real=0.00 secs] 
204.647: Total time for which application threads were stopped: 0.0006280 seconds, Stopping threads took: 0.0000580 seconds
204.765: Application time: 0.1185050 seconds
204.765: [GC [PSYoungGen: 23504K->256K(23552K)] 36485K->13589K(57344K), 0.0005300 secs] [Times: user=0.01 sys=0.00, real=0.01 secs] 
204.766: Total time for which application threads were stopped: 0.0006730 seconds, Stopping threads took: 0.0000500 seconds
204.885: Application time: 0.1190560 seconds
204.885: [GC [PSYoungGen: 23296K->256K(23552K)] 36629K->13661K(57344K), 0.0004110 secs] [Times: user=0.00 sys=0.00, real=0.00 secs] 
204.885: Total time for which application threads were stopped: 0.0005470 seconds, Stopping threads took: 0.0000600 seconds
205.004: Application time: 0.1187190 seconds
205.004: [GC [PSYoungGen: 23296K->256K(23552K)] 36701K->13661K(57344K), 0.0004480 secs] [Times: user=0.00 sys=0.00, real=0.00 secs] 
205.005: Total time for which application threads were stopped: 0.0005830 seconds, Stopping threads took: 0.0000620 seconds
205.123: Application time: 0.1187010 seconds
205.124: [GC [PSYoungGen: 23296K->256K(23552K)] 36701K->13829K(57344K), 0.0004440 secs] [Times: user=0.00 sys=0.00, real=0.00 secs] 
205.124: Total time for which application threads were stopped: 0.0005840 seconds, Stopping threads took: 0.0000640 seconds
205.243: Application time: 0.1191490 seconds
205.243: [GC [PSYoungGen: 23296K->192K(23552K)] 36869K->13789K(57344K), 0.0004260 secs] [Times: user=0.00 sys=0.00, real=0.00 secs] 
205.244: Total time for which application threads were stopped: 0.0005560 seconds, Stopping threads took: 0.0000560 seconds
205.359: Application time: 0.1155840 seconds
205.359: [GC [PSYoungGen: 23232K->448K(23552K)] 36829K->14045K(57344K), 0.0004920 secs] [Times: user=0.00 sys=0.00, real=0.00 secs] 
205.360: Total time for which application threads were stopped: 0.0006540 seconds, Stopping threads took: 0.0000710 seconds
205.478: Application time: 0.1182770 seconds
205.478: [GC [PSYoungGen: 23488K->256K(23552K)] 37085K->14202K(57344K), 0.0005090 secs] [Times: user=0.00 sys=0.00, real=0.00 secs] 
205.479: Total time for which application threads were stopped: 0.0006410 seconds, Stopping threads took: 0.0000560 seconds
205.598: Application time: 0.1195340 seconds
205.602: [GC [PSYoungGen: 23296K->256K(23552K)] 37242K->14282K(57344K), 0.0004610 secs] [Times: user=0.00 sys=0.00, real=0.00 secs] 
205.602: Total time for which application threads were stopped: 0.0037970 seconds, Stopping threads took: 0.0032580 seconds
205.721: Application time: 0.1188000 seconds
205.721: [GC [PSYoungGen: 23296K->256K(23552K)] 37322K->14282K(57344K), 0.0004380 secs] [Times: user=0.00 sys=0.00, real=0.00 secs] 
205.722: Total time for which application threads were stopped: 0.0005960 seconds, Stopping threads took: 0.0000760 seconds
205.841: Application time: 0.1192350 seconds
205.841: [GC [PSYoungGen: 23296K->256K(23552K)] 37322K->14450K(57344K), 0.0004570 secs] [Times: user=0.00 sys=0.00, real=0.00 secs] 
205.841: Total time for which application threads were stopped: 0.0006030 seconds, Stopping threads took: 0.0000680 seconds
205.960: Application time: 0.1188900 seconds
205.960: [GC [PSYoungGen: 23296K->256K(23552K)] 37490K->14474K(57344K), 0.0003840 secs] [Times: user=0.00 sys=0.00, real=0.00 secs] 
205.961: Total time for which application threads were stopped: 0.0005300 seconds, Stopping threads took: 0.0000640 seconds
206.077: Application time: 0.1161530 seconds
206.077: [GC [PSYoungGen: 23296K->400K(23552K)] 37514K->14618K(57344K), 0.0004890 secs] [Times: user=0.00 sys=0.00, real=0.01 secs] 
206.078: Total time for which application threads were stopped: 0.0006240 seconds, Stopping threads took: 0.0000640 seconds
206.196: Application time: 0.1178830 seconds
206.196: [GC [PSYoungGen: 23440K->256K(23552K)] 37658K->14770K(57344K), 0.0005090 secs] [Times: user=0.00 sys=0.00, real=0.00 secs] 
206.196: Total time for which application threads were stopped: 0.0006500 seconds, Stopping threads took: 0.0000640 seconds
206.315: Application time: 0.1189710 seconds
206.315: [GC [PSYoungGen: 23296K->160K(23552K)] 37810K->14778K(57344K), 0.0005030 secs] [Times: user=0.00 sys=0.00, real=0.00 secs] 
206.317: Total time for which application threads were stopped: 0.0017560 seconds, Stopping threads took: 0.0000720 seconds
206.435: Application time: 0.1182360 seconds
206.435: [GC [PSYoungGen: 23200K->256K(23552K)] 37818K->14874K(57344K), 0.0004520 secs] [Times: user=0.00 sys=0.00, real=0.00 secs] 
206.436: Total time for which application threads were stopped: 0.0005980 seconds, Stopping threads took: 0.0000720 seconds
206.555: Application time: 0.1189590 seconds
206.558: [GC [PSYoungGen: 23296K->256K(23552K)] 37914K->15018K(57344K), 0.0004930 secs] [Times: user=0.00 sys=0.00, real=0.00 secs] 
206.558: Total time for which application threads were stopped: 0.0034950 seconds, Stopping threads took: 0.0029150 seconds
206.678: Application time: 0.1196230 seconds
206.678: [GC [PSYoungGen: 23296K->256K(23552K)] 38058K->15066K(57344K), 0.0004300 secs] [Times: user=0.00 sys=0.00, real=0.00 secs] 
206.678: Total time for which application threads were stopped: 0.0006030 seconds, Stopping threads took: 0.0000940 seconds
206.794: Application time: 0.1157910 seconds
206.794: [GC [PSYoungGen: 23296K->400K(23552K)] 38106K->15210K(57344K), 0.0005440 secs] [Times: user=0.00 sys=0.00, real=0.00 secs] 
206.795: Total time for which application threads were stopped: 0.0006690 seconds, Stopping threads took: 0.0000520 seconds
206.913: Application time: 0.1181840 seconds
206.913: [GC [PSYoungGen: 23440K->272K(23552K)] 38250K->15387K(57344K), 0.0005080 secs] [Times: user=0.00 sys=0.00, real=0.00 secs] 
206.914: Total time for which application threads were stopped: 0.0006380 seconds, Stopping threads took: 0.0000560 seconds
207.032: Application time: 0.1187310 seconds
207.033: [GC [PSYoungGen: 23312K->256K(23552K)] 38427K->15507K(57344K), 0.0004030 secs] [Times: user=0.00 sys=0.00, real=0.00 secs] 
207.033: Total time for which application threads were stopped: 0.0005520 seconds, Stopping threads took: 0.0000730 seconds
207.152: Application time: 0.1185700 seconds
207.152: [GC [PSYoungGen: 23296K->256K(23552K)] 38547K->15507K(57344K), 0.0004010 secs] [Times: user=0.00 sys=0.00, real=0.00 secs] 
207.152: Total time for which application threads were stopped: 0.0005440 seconds, Stopping threads took: 0.0000510 seconds
207.271: Application time: 0.1187540 seconds
207.271: [GC [PSYoungGen: 23296K->256K(23552K)] 38547K->15651K(57344K), 0.0004470 secs] [Times: user=0.00 sys=0.01, real=0.00 secs] 
207.271: Total time for which application threads were stopped: 0.0005920 seconds, Stopping threads took: 0.0000630 seconds
207.390: Application time: 0.1185260 seconds
207.390: [GC [PSYoungGen: 23296K->256K(23552K)] 38691K->15699K(57344K), 0.0004230 secs] [Times: user=0.00 sys=0.00, real=0.00 secs] 
207.391: Total time for which application threads were stopped: 0.0005570 seconds, Stopping threads took: 0.0000530 seconds
207.507: Application time: 0.1164110 seconds
207.507: [GC [PSYoungGen: 23296K->304K(23552K)] 38739K->15747K(57344K), 0.0004770 secs] [Times: user=0.01 sys=0.00, real=0.00 secs] 
207.508: Total time for which application threads were stopped: 0.0006130 seconds, Stopping threads took: 0.0000620 seconds
207.625: Application time: 0.1176370 seconds
207.625: [GC [PSYoungGen: 23344K->336K(23552K)] 38787K->16003K(57344K), 0.0005420 secs] [Times: user=0.01 sys=0.00, real=0.01 secs] 
207.626: Total time for which application threads were stopped: 0.0006950 seconds, Stopping threads took: 0.0000720 seconds
207.745: Application time: 0.1191170 seconds
207.745: [GC [PSYoungGen: 23376K->256K(23552K)] 39043K->16139K(57344K), 0.0004880 secs] [Times: user=0.00 sys=0.00, real=0.01 secs] 
207.746: Total time for which application threads were stopped: 0.0006450 seconds, Stopping threads took: 0.0000690 seconds
207.865: Application time: 0.1189990 seconds
207.865: [GC [PSYoungGen: 23296K->256K(23552K)] 39179K->16139K(57344K), 0.0004790 secs] [Times: user=0.00 sys=0.00, real=0.00 secs] 
207.865: Total time for which application threads were stopped: 0.0006290 seconds, Stopping threads took: 0.0000700 seconds
207.985: Application time: 0.1192370 seconds
207.985: [GC [PSYoungGen: 23296K->256K(23552K)] 39179K->16211K(57344K), 0.0004560 secs] [Times: user=0.00 sys=0.00, real=0.00 secs] 
207.985: Total time for which application threads were stopped: 0.0005920 seconds, Stopping threads took: 0.0000620 seconds
208.105: Application time: 0.1194140 seconds
208.105: [GC [PSYoungGen: 23296K->256K(23552K)] 39251K->16331K(57344K), 0.0004170 secs] [Times: user=0.01 sys=0.00, real=0.00 secs] 
208.105: Total time for which application threads were stopped: 0.0005680 seconds, Stopping threads took: 0.0000670 seconds
208.222: Application time: 0.1171220 seconds
208.222: [GC [PSYoungGen: 23296K->288K(23552K)] 39371K->16363K(57344K), 0.0004580 secs] [Times: user=0.00 sys=0.00, real=0.00 secs] 
208.223: Total time for which application threads were stopped: 0.0005990 seconds, Stopping threads took: 0.0000650 seconds
208.340: Application time: 0.1167650 seconds
208.340: [GC [PSYoungGen: 23328K->336K(23552K)] 39403K->16580K(57344K), 0.0004900 secs] [Times: user=0.00 sys=0.00, real=0.00 secs] 
208.340: Total time for which application threads were stopped: 0.0006330 seconds, Stopping threads took: 0.0000590 seconds
208.459: Application time: 0.1183440 seconds
208.459: [GC [PSYoungGen: 23376K->224K(23552K)] 39620K->16672K(57344K), 0.0005130 secs] [Times: user=0.01 sys=0.00, real=0.00 secs] 
208.459: Total time for which application threads were stopped: 0.0006470 seconds, Stopping threads took: 0.0000520 seconds
208.578: Application time: 0.1186500 seconds
208.578: [GC [PSYoungGen: 23264K->256K(23552K)] 39712K->16792K(57344K), 0.0004080 secs] [Times: user=0.00 sys=0.00, real=0.00 secs] 
208.578: Total time for which application threads were stopped: 0.0005350 seconds, Stopping threads took: 0.0000520 seconds
208.697: Application time: 0.1182950 seconds
208.697: [GC [PSYoungGen: 23296K->256K(23552K)] 39832K->16864K(57344K), 0.0004460 secs] [Times: user=0.00 sys=0.00, real=0.00 secs] 
208.697: Total time for which application threads were stopped: 0.0005750 seconds, Stopping threads took: 0.0000530 seconds
208.817: Application time: 0.1196370 seconds
208.817: [GC [PSYoungGen: 23296K->224K(23552K)] 39904K->16928K(57344K), 0.0004340 secs] [Times: user=0.00 sys=0.00, real=0.00 secs] 
208.818: Total time for which application threads were stopped: 0.0005650 seconds, Stopping threads took: 0.0000570 seconds
208.935: Application time: 0.1179680 seconds
208.936: [GC [PSYoungGen: 23264K->272K(23552K)] 39968K->17000K(57344K), 0.0004740 secs] [Times: user=0.00 sys=0.00, real=0.00 secs] 
208.936: Total time for which application threads were stopped: 0.0006130 seconds, Stopping threads took: 0.0000560 seconds
209.053: Application time: 0.1164940 seconds
209.053: [GC [PSYoungGen: 23312K->336K(23552K)] 40040K->17184K(57344K), 0.0005050 secs] [Times: user=0.00 sys=0.00, real=0.00 secs] 
209.053: Total time for which application threads were stopped: 0.0006490 seconds, Stopping threads took: 0.0000660 seconds
209.171: Application time: 0.1182460 seconds
209.172: [GC [PSYoungGen: 23376K->256K(23552K)] 40224K->17372K(57344K), 0.0004920 secs] [Times: user=0.01 sys=0.00, real=0.00 secs] 
209.172: Total time for which application threads were stopped: 0.0006420 seconds, Stopping threads took: 0.0000700 seconds
209.291: Application time: 0.1188640 seconds
209.291: [GC [PSYoungGen: 23296K->256K(23552K)] 40412K->17436K(57344K), 0.0004270 secs] [Times: user=0.00 sys=0.00, real=0.00 secs] 
209.292: Total time for which application threads were stopped: 0.0005700 seconds, Stopping threads took: 0.0000650 seconds
209.410: Application time: 0.1188970 seconds
209.411: [GC [PSYoungGen: 23296K->256K(23552K)] 40476K->17484K(57344K), 0.0004330 secs] [Times: user=0.00 sys=0.00, real=0.00 secs] 
209.411: Total time for which application threads were stopped: 0.0005600 seconds, Stopping threads took: 0.0000520 seconds
209.530: Application time: 0.1190710 seconds
209.530: [GC [PSYoungGen: 23296K->256K(23552K)] 40524K->17604K(57344K), 0.0004420 secs] [Times: user=0.00 sys=0.00, real=0.00 secs] 
209.531: Total time for which application threads were stopped: 0.0005940 seconds, Stopping threads took: 0.0000630 seconds
209.649: Application time: 0.1179360 seconds
209.649: [GC [PSYoungGen: 23296K->224K(23552K)] 40644K->17596K(57344K), 0.0004610 secs] [Times: user=0.01 sys=0.00, real=0.00 secs] 
209.649: Total time for which application threads were stopped: 0.0006050 seconds, Stopping threads took: 0.0000630 seconds
209.765: Application time: 0.1160890 seconds
209.765: [GC [PSYoungGen: 23264K->400K(23552K)] 40636K->17845K(57344K), 0.0005300 secs] [Times: user=0.00 sys=0.00, real=0.01 secs] 
209.766: Total time for which application threads were stopped: 0.0006690 seconds, Stopping threads took: 0.0000600 seconds
209.885: Application time: 0.1185840 seconds
209.885: [GC [PSYoungGen: 23440K->256K(23552K)] 40885K->18001K(57344K), 0.0005050 secs] [Times: user=0.00 sys=0.00, real=0.00 secs] 
209.885: Total time for which application threads were stopped: 0.0006400 seconds, Stopping threads took: 0.0000620 seconds
210.004: Application time: 0.1188260 seconds
210.004: [GC [PSYoungGen: 23296K->256K(23552K)] 41041K->18057K(57344K), 0.0004030 secs] [Times: user=0.00 sys=0.00, real=0.00 secs] 
210.005: Total time for which application threads were stopped: 0.0005320 seconds, Stopping threads took: 0.0000580 seconds
210.124: Application time: 0.1190770 seconds
210.124: [GC [PSYoungGen: 23296K->224K(23552K)] 41097K->18049K(57344K), 0.0004550 secs] [Times: user=0.00 sys=0.00, real=0.00 secs] 
210.124: Total time for which application threads were stopped: 0.0006220 seconds, Stopping threads took: 0.0000760 seconds
210.244: Application time: 0.1195660 seconds
210.244: [GC [PSYoungGen: 23264K->256K(23552K)] 41089K->18225K(57344K), 0.0004320 secs] [Times: user=0.01 sys=0.00, real=0.00 secs] 
210.244: Total time for which application threads were stopped: 0.0005700 seconds, Stopping threads took: 0.0000630 seconds
210.363: Application time: 0.1190310 seconds
210.364: [GC [PSYoungGen: 23296K->256K(23552K)] 41265K->18249K(57344K), 0.0004170 secs] [Times: user=0.00 sys=0.00, real=0.00 secs] 
210.364: Total time for which application threads were stopped: 0.0005600 seconds, Stopping threads took: 0.0000640 seconds
210.479: Application time: 0.1152070 seconds
210.479: [GC [PSYoungGen: 23296K->480K(23552K)] 41289K->18481K(57344K), 0.0005140 secs] [Times: user=0.00 sys=0.00, real=0.00 secs] 
210.480: Total time for which application threads were stopped: 0.0006720 seconds, Stopping threads took: 0.0000760 seconds
210.599: Application time: 0.1194670 seconds
210.599: [GC [PSYoungGen: 23520K->256K(23552K)] 41521K->18609K(57344K), 0.0005310 secs] [Times: user=0.00 sys=0.00, real=0.00 secs] 
210.600: Total time for which application threads were stopped: 0.0006710 seconds, Stopping threads took: 0.0000600 seconds
210.719: Application time: 0.1186950 seconds
210.719: [GC [PSYoungGen: 23296K->256K(23552K)] 41649K->18689K(57344K), 0.0004190 secs] [Times: user=0.00 sys=0.00, real=0.00 secs] 
210.719: Total time for which application threads were stopped: 0.0005720 seconds, Stopping threads took: 0.0000630 seconds
210.839: Application time: 0.1192130 seconds
210.839: [GC [PSYoungGen: 23296K->256K(23552K)] 41729K->18689K(57344K), 0.0004400 secs] [Times: user=0.01 sys=0.00, real=0.00 secs] 
210.839: Total time for which application threads were stopped: 0.0005900 seconds, Stopping threads took: 0.0000710 seconds
210.958: Application time: 0.1192700 seconds
210.959: [GC [PSYoungGen: 23296K->256K(23552K)] 41729K->18858K(57344K), 0.0005610 secs] [Times: user=0.00 sys=0.00, real=0.00 secs] 
210.959: Total time for which application threads were stopped: 0.0007070 seconds, Stopping threads took: 0.0000730 seconds
211.078: Application time: 0.1187490 seconds
211.078: [GC [PSYoungGen: 23296K->256K(23552K)] 41898K->18882K(57344K), 0.0004260 secs] [Times: user=0.00 sys=0.00, real=0.00 secs] 
211.078: Total time for which application threads were stopped: 0.0005580 seconds, Stopping threads took: 0.0000560 seconds
211.194: Application time: 0.1153590 seconds
211.194: [GC [PSYoungGen: 23296K->432K(23552K)] 41922K->19058K(57344K), 0.0004770 secs] [Times: user=0.00 sys=0.00, real=0.00 secs] 
211.194: Total time for which application threads were stopped: 0.0006010 seconds, Stopping threads took: 0.0000530 seconds
211.313: Application time: 0.1182700 seconds
211.313: [GC [PSYoungGen: 23472K->256K(23552K)] 42098K->19230K(57344K), 0.0005080 secs] [Times: user=0.00 sys=0.00, real=0.00 secs] 
211.313: Total time for which application threads were stopped: 0.0006690 seconds, Stopping threads took: 0.0000700 seconds
211.433: Application time: 0.1197440 seconds
211.433: [GC [PSYoungGen: 23296K->224K(23552K)] 42270K->19270K(57344K), 0.0005000 secs] [Times: user=0.00 sys=0.00, real=0.00 secs] 
211.435: Total time for which application threads were stopped: 0.0017450 seconds, Stopping threads took: 0.0000600 seconds
211.553: Application time: 0.1184570 seconds
211.553: [GC [PSYoungGen: 23264K->256K(23552K)] 42310K->19302K(57344K), 0.0004600 secs] [Times: user=0.00 sys=0.00, real=0.00 secs] 
211.554: Total time for which application threads were stopped: 0.0006260 seconds, Stopping threads took: 0.0000850 seconds
211.673: Application time: 0.1193570 seconds
211.673: [GC [PSYoungGen: 23296K->256K(23552K)] 42342K->19470K(57344K), 0.0004440 secs] [Times: user=0.00 sys=0.00, real=0.00 secs] 
211.674: Total time for which application threads were stopped: 0.0005830 seconds, Stopping threads took: 0.0000630 seconds
211.794: Application time: 0.1196680 seconds
211.794: [GC [PSYoungGen: 23296K->256K(23552K)] 42510K->19494K(57344K), 0.0004180 secs] [Times: user=0.00 sys=0.00, real=0.00 secs] 
211.794: Total time for which application threads were stopped: 0.0005590 seconds, Stopping threads took: 0.0000660 seconds
211.912: Application time: 0.1182280 seconds
211.912: [GC [PSYoungGen: 23296K->448K(23552K)] 42534K->19686K(57344K), 0.0005170 secs] [Times: user=0.00 sys=0.00, real=0.00 secs] 
211.913: Total time for which application threads were stopped: 0.0006750 seconds, Stopping threads took: 0.0000700 seconds
212.032: Application time: 0.1188490 seconds
212.032: [GC [PSYoungGen: 23488K->256K(23552K)] 42726K->19842K(57344K), 0.0005180 secs] [Times: user=0.00 sys=0.00, real=0.00 secs] 
212.032: Total time for which application threads were stopped: 0.0006570 seconds, Stopping threads took: 0.0000640 seconds
212.152: Application time: 0.1195690 seconds
212.152: [GC [PSYoungGen: 23296K->256K(23552K)] 42882K->19930K(57344K), 0.0004050 secs] [Times: user=0.01 sys=0.00, real=0.00 secs] 
212.153: Total time for which application threads were stopped: 0.0005400 seconds, Stopping threads took: 0.0000590 seconds
212.271: Application time: 0.1184380 seconds
212.274: [GC [PSYoungGen: 23296K->256K(23552K)] 42970K->19930K(57344K), 0.0004140 secs] [Times: user=0.00 sys=0.00, real=0.00 secs] 
212.274: Total time for which application threads were stopped: 0.0030610 seconds, Stopping threads took: 0.0025750 seconds
212.393: Application time: 0.1188660 seconds
212.393: [GC [PSYoungGen: 23296K->256K(23552K)] 42970K->20099K(57344K), 0.0004820 secs] [Times: user=0.00 sys=0.00, real=0.00 secs] 
212.394: Total time for which application threads were stopped: 0.0006520 seconds, Stopping threads took: 0.0000930 seconds
212.513: Application time: 0.1195350 seconds
212.513: [GC [PSYoungGen: 23296K->256K(23552K)] 43139K->20123K(57344K), 0.0004370 secs] [Times: user=0.00 sys=0.00, real=0.00 secs] 
212.514: Total time for which application threads were stopped: 0.0006050 seconds, Stopping threads took: 0.0000730 seconds
212.630: Application time: 0.1158210 seconds
212.631: [GC [PSYoungGen: 23296K->448K(23552K)] 43163K->20315K(57344K), 0.0007630 secs] [Times: user=0.00 sys=0.00, real=0.00 secs] 
212.631: Total time for which application threads were stopped: 0.0018060 seconds, Stopping threads took: 0.0009640 seconds
212.755: Application time: 0.1239750 seconds
212.755: [GC [PSYoungGen: 23488K->256K(23552K)] 43355K->20471K(57344K), 0.0004880 secs] [Times: user=0.00 sys=0.00, real=0.00 secs] 
212.756: Total time for which application threads were stopped: 0.0006350 seconds, Stopping threads took: 0.0000660 seconds
212.876: Application time: 0.1195820 seconds
212.876: [GC [PSYoungGen: 23296K->256K(23552K)] 43511K->20543K(57344K), 0.0004470 secs] [Times: user=0.00 sys=0.00, real=0.00 secs] 
212.876: Total time for which application threads were stopped: 0.0005800 seconds, Stopping threads took: 0.0000610 seconds
212.995: Application time: 0.1186760 seconds
212.995: [GC [PSYoungGen: 23296K->256K(23552K)] 43583K->20543K(57344K), 0.0004500 secs] [Times: user=0.00 sys=0.00, real=0.00 secs] 
212.995: Total time for which application threads were stopped: 0.0005810 seconds, Stopping threads took: 0.0000570 seconds
213.114: Application time: 0.1189530 seconds
213.115: [GC [PSYoungGen: 23296K->224K(23552K)] 43583K->20671K(57344K), 0.0005160 secs] [Times: user=0.00 sys=0.00, real=0.00 secs] 
213.115: Total time for which application threads were stopped: 0.0006840 seconds, Stopping threads took: 0.0000760 seconds
213.234: Application time: 0.1188840 seconds
213.234: [GC [PSYoungGen: 23264K->256K(23552K)] 43711K->20727K(57344K), 0.0004000 secs] [Times: user=0.00 sys=0.00, real=0.00 secs] 
213.235: Total time for which application threads were stopped: 0.0005350 seconds, Stopping threads took: 0.0000600 seconds
213.351: Application time: 0.1160610 seconds
213.351: [GC [PSYoungGen: 23296K->416K(23552K)] 43767K->20887K(57344K), 0.0004690 secs] [Times: user=0.00 sys=0.00, real=0.00 secs] 
213.351: Total time for which application threads were stopped: 0.0006120 seconds, Stopping threads took: 0.0000690 seconds
213.469: Application time: 0.1182360 seconds
213.470: [GC [PSYoungGen: 23456K->256K(23552K)] 43927K->21031K(57344K), 0.0005120 secs] [Times: user=0.00 sys=0.00, real=0.00 secs] 
213.470: Total time for which application threads were stopped: 0.0006670 seconds, Stopping threads took: 0.0000800 seconds
213.589: Application time: 0.1193390 seconds
213.590: [GC [PSYoungGen: 23296K->256K(23552K)] 44071K->21151K(57344K), 0.0004400 secs] [Times: user=0.00 sys=0.00, real=0.00 secs] 
213.590: Total time for which application threads were stopped: 0.0005720 seconds, Stopping threads took: 0.0000530 seconds
213.708: Application time: 0.1184900 seconds
213.709: [GC [PSYoungGen: 23296K->256K(23552K)] 44191K->21151K(57344K), 0.0004250 secs] [Times: user=0.00 sys=0.00, real=0.00 secs] 
213.709: Total time for which application threads were stopped: 0.0005920 seconds, Stopping threads took: 0.0000860 seconds
213.828: Application time: 0.1190620 seconds
213.828: [GC [PSYoungGen: 23296K->256K(23552K)] 44191K->21272K(57344K), 0.0004670 secs] [Times: user=0.00 sys=0.00, real=0.00 secs] 
213.829: Total time for which application threads were stopped: 0.0005980 seconds, Stopping threads took: 0.0000530 seconds
213.948: Application time: 0.1190960 seconds
213.948: [GC [PSYoungGen: 23296K->256K(23552K)] 44312K->21344K(57344K), 0.0004290 secs] [Times: user=0.00 sys=0.00, real=0.00 secs] 
213.948: Total time for which application threads were stopped: 0.0005760 seconds, Stopping threads took: 0.0000670 seconds
214.065: Application time: 0.1162640 seconds
214.065: [GC [PSYoungGen: 23296K->352K(23552K)] 44384K->21440K(57344K), 0.0004770 secs] [Times: user=0.01 sys=0.00, real=0.00 secs] 
214.065: Total time for which application threads were stopped: 0.0006250 seconds, Stopping threads took: 0.0000700 seconds
214.182: Application time: 0.1170260 seconds
214.182: [GC [PSYoungGen: 23392K->304K(23552K)] 44480K->21644K(57344K), 0.0005280 secs] [Times: user=0.00 sys=0.00, real=0.00 secs] 
214.183: Total time for which application threads were stopped: 0.0006680 seconds, Stopping threads took: 0.0000660 seconds
214.302: Application time: 0.1193420 seconds
214.302: [GC [PSYoungGen: 23344K->224K(23552K)] 44684K->21732K(57344K), 0.0004740 secs] [Times: user=0.01 sys=0.00, real=0.00 secs] 
214.303: Total time for which application threads were stopped: 0.0006270 seconds, Stopping threads took: 0.0000670 seconds
214.423: Application time: 0.1197070 seconds
214.423: [GC [PSYoungGen: 23264K->256K(23552K)] 44772K->21764K(57344K), 0.0004230 secs] [Times: user=0.00 sys=0.00, real=0.00 secs] 
214.423: Total time for which application threads were stopped: 0.0005550 seconds, Stopping threads took: 0.0000580 seconds
214.541: Application time: 0.1181380 seconds
214.546: [GC [PSYoungGen: 23296K->256K(23552K)] 44804K->21884K(57344K), 0.0005370 secs] [Times: user=0.00 sys=0.00, real=0.00 secs] 
214.546: Total time for which application threads were stopped: 0.0048350 seconds, Stopping threads took: 0.0042120 seconds
214.665: Application time: 0.1189710 seconds
214.665: [GC [PSYoungGen: 23296K->256K(23552K)] 44924K->21956K(57344K), 0.0004250 secs] [Times: user=0.00 sys=0.00, real=0.01 secs] 
214.666: Total time for which application threads were stopped: 0.0005700 seconds, Stopping threads took: 0.0000670 seconds
214.784: Application time: 0.1177750 seconds
214.784: [GC [PSYoungGen: 23296K->272K(23552K)] 44996K->21972K(57344K), 0.0004480 secs] [Times: user=0.01 sys=0.00, real=0.00 secs] 
214.784: Total time for which application threads were stopped: 0.0005820 seconds, Stopping threads took: 0.0000530 seconds
214.901: Application time: 0.1168280 seconds
214.901: [GC [PSYoungGen: 23312K->320K(23552K)] 45012K->22228K(57344K), 0.0005300 secs] [Times: user=0.00 sys=0.00, real=0.00 secs] 
214.902: Total time for which application threads were stopped: 0.0006830 seconds, Stopping threads took: 0.0000630 seconds
215.021: Application time: 0.1191690 seconds
215.021: [GC [PSYoungGen: 23360K->256K(23552K)] 45268K->22380K(57344K), 0.0005240 secs] [Times: user=0.00 sys=0.00, real=0.00 secs] 
215.021: Total time for which application threads were stopped: 0.0006700 seconds, Stopping threads took: 0.0000690 seconds
215.140: Application time: 0.1187050 seconds
215.140: [GC [PSYoungGen: 23296K->256K(23552K)] 45420K->22380K(57344K), 0.0004190 secs] [Times: user=0.00 sys=0.00, real=0.00 secs] 
215.141: Total time for which application threads were stopped: 0.0005500 seconds, Stopping threads took: 0.0000540 seconds
215.259: Application time: 0.1185390 seconds
215.259: [GC [PSYoungGen: 23296K->256K(23552K)] 45420K->22453K(57344K), 0.0004490 secs] [Times: user=0.00 sys=0.00, real=0.00 secs] 
215.260: Total time for which application threads were stopped: 0.0005980 seconds, Stopping threads took: 0.0000700 seconds
215.379: Application time: 0.1192850 seconds
215.379: [GC [PSYoungGen: 23296K->256K(23552K)] 45493K->22573K(57344K), 0.0004510 secs] [Times: user=0.00 sys=0.00, real=0.00 secs] 
215.380: Total time for which application threads were stopped: 0.0006080 seconds, Stopping threads took: 0.0000760 seconds
215.498: Application time: 0.1182470 seconds
215.502: [GC [PSYoungGen: 23296K->272K(23552K)] 45613K->22589K(57344K), 0.0004740 secs] [Times: user=0.00 sys=0.00, real=0.00 secs] 
215.502: Total time for which application threads were stopped: 0.0041460 seconds, Stopping threads took: 0.0035770 seconds
215.619: Application time: 0.1163980 seconds
215.619: [GC [PSYoungGen: 23312K->336K(23552K)] 45629K->22757K(57344K), 0.0005220 secs] [Times: user=0.00 sys=0.00, real=0.00 secs] 
215.619: Total time for which application threads were stopped: 0.0006960 seconds, Stopping threads took: 0.0000940 seconds
215.738: Application time: 0.1188640 seconds
215.738: [GC [PSYoungGen: 23376K->256K(23552K)] 45797K->22945K(57344K), 0.0004950 secs] [Times: user=0.00 sys=0.00, real=0.00 secs] 
215.739: Total time for which application threads were stopped: 0.0006250 seconds, Stopping threads took: 0.0000570 seconds
215.858: Application time: 0.1192640 seconds
215.858: [GC [PSYoungGen: 23296K->256K(23552K)] 45985K->23017K(57344K), 0.0004380 secs] [Times: user=0.00 sys=0.00, real=0.00 secs] 
215.859: Total time for which application threads were stopped: 0.0005690 seconds, Stopping threads took: 0.0000560 seconds
215.977: Application time: 0.1184240 seconds
215.977: [GC [PSYoungGen: 23296K->256K(23552K)] 46057K->23065K(57344K), 0.0004640 secs] [Times: user=0.00 sys=0.00, real=0.01 secs] 
215.978: Total time for which application threads were stopped: 0.0006050 seconds, Stopping threads took: 0.0000620 seconds
216.097: Application time: 0.1198270 seconds
216.098: [GC [PSYoungGen: 23296K->256K(23552K)] 46105K->23185K(57344K), 0.0005160 secs] [Times: user=0.00 sys=0.00, real=0.00 secs] 
216.098: Total time for which application threads were stopped: 0.0006780 seconds, Stopping threads took: 0.0000680 seconds
216.217: Application time: 0.1184780 seconds
216.217: [GC [PSYoungGen: 23296K->256K(23552K)] 46225K->23209K(57344K), 0.0004410 secs] [Times: user=0.00 sys=0.00, real=0.00 secs] 
216.217: Total time for which application threads were stopped: 0.0005900 seconds, Stopping threads took: 0.0000770 seconds
216.334: Application time: 0.1167710 seconds
216.334: [GC [PSYoungGen: 23296K->352K(23552K)] 46249K->23417K(57344K), 0.0005680 secs] [Times: user=0.00 sys=0.00, real=0.00 secs] 
216.335: Total time for which application threads were stopped: 0.0007150 seconds, Stopping threads took: 0.0000680 seconds
216.453: Application time: 0.1180380 seconds
216.453: [GC [PSYoungGen: 23392K->160K(23552K)] 46457K->23465K(57344K), 0.0005890 secs] [Times: user=0.00 sys=0.00, real=0.00 secs] 
216.454: Total time for which application threads were stopped: 0.0017190 seconds, Stopping threads took: 0.0000560 seconds
216.573: Application time: 0.1185600 seconds
216.573: [GC [PSYoungGen: 23200K->224K(23552K)] 46505K->23594K(57344K), 0.0005130 secs] [Times: user=0.01 sys=0.00, real=0.00 secs] 
216.574: Total time for which application threads were stopped: 0.0006760 seconds, Stopping threads took: 0.0000860 seconds
216.692: Application time: 0.1186150 seconds
216.692: [GC [PSYoungGen: 23264K->256K(23552K)] 46634K->23650K(57344K), 0.0004570 secs] [Times: user=0.01 sys=0.00, real=0.00 secs] 
216.693: Total time for which application threads were stopped: 0.0006230 seconds, Stopping threads took: 0.0000860 seconds
216.812: Application time: 0.1192320 seconds
216.812: [GC [PSYoungGen: 23296K->256K(23552K)] 46690K->23794K(57344K), 0.0004430 secs] [Times: user=0.01 sys=0.00, real=0.00 secs] 
216.813: Total time for which application threads were stopped: 0.0005680 seconds, Stopping threads took: 0.0000510 seconds
216.931: Application time: 0.1181010 seconds
216.931: [GC [PSYoungGen: 23296K->256K(23552K)] 46834K->23818K(57344K), 0.0004280 secs] [Times: user=0.00 sys=0.00, real=0.00 secs] 
216.931: Total time for which application threads were stopped: 0.0005870 seconds, Stopping threads took: 0.0000790 seconds
217.048: Application time: 0.1161200 seconds
217.048: [GC [PSYoungGen: 23296K->336K(23552K)] 46858K->23962K(57344K), 0.0005150 secs] [Times: user=0.00 sys=0.00, real=0.00 secs] 
217.048: Total time for which application threads were stopped: 0.0006350 seconds, Stopping threads took: 0.0000480 seconds
217.167: Application time: 0.1184310 seconds
217.167: [GC [PSYoungGen: 23376K->288K(23552K)] 47002K->24222K(57344K), 0.0005070 secs] [Times: user=0.01 sys=0.00, real=0.00 secs] 
217.167: Total time for which application threads were stopped: 0.0006360 seconds, Stopping threads took: 0.0000550 seconds
217.287: Application time: 0.1192990 seconds
217.287: [GC [PSYoungGen: 23328K->256K(23552K)] 47262K->24262K(57344K), 0.0004380 secs] [Times: user=0.00 sys=0.00, real=0.00 secs] 
217.287: Total time for which application threads were stopped: 0.0005900 seconds, Stopping threads took: 0.0000580 seconds
217.405: Application time: 0.1182800 seconds
217.406: [GC [PSYoungGen: 23296K->256K(23552K)] 47302K->24286K(57344K), 0.0006210 secs] [Times: user=0.00 sys=0.00, real=0.01 secs] 
217.406: Total time for which application threads were stopped: 0.0007610 seconds, Stopping threads took: 0.0000610 seconds
217.525: Application time: 0.1187360 seconds
217.525: [GC [PSYoungGen: 23296K->256K(23552K)] 47326K->24430K(57344K), 0.0004420 secs] [Times: user=0.00 sys=0.00, real=0.00 secs] 
217.526: Total time for which application threads were stopped: 0.0005780 seconds, Stopping threads took: 0.0000630 seconds
217.645: Application time: 0.1193370 seconds
217.645: [GC [PSYoungGen: 23296K->256K(23552K)] 47470K->24454K(57344K), 0.0004430 secs] [Times: user=0.00 sys=0.00, real=0.00 secs] 
217.645: Total time for which application threads were stopped: 0.0005840 seconds, Stopping threads took: 0.0000630 seconds
217.761: Application time: 0.1157570 seconds
217.761: [GC [PSYoungGen: 23296K->448K(23552K)] 47494K->24646K(57344K), 0.0005230 secs] [Times: user=0.00 sys=0.00, real=0.00 secs] 
217.762: Total time for which application threads were stopped: 0.0006760 seconds, Stopping threads took: 0.0000640 seconds
217.880: Application time: 0.1183950 seconds
217.880: [GC [PSYoungGen: 23488K->256K(23552K)] 47686K->24807K(57344K), 0.0005660 secs] [Times: user=0.00 sys=0.00, real=0.00 secs] 
217.881: Total time for which application threads were stopped: 0.0007250 seconds, Stopping threads took: 0.0000700 seconds
218.000: Application time: 0.1188760 seconds
218.000: [GC [PSYoungGen: 23296K->256K(23552K)] 47847K->24879K(57344K), 0.0004380 secs] [Times: user=0.00 sys=0.00, real=0.00 secs] 
218.000: Total time for which application threads were stopped: 0.0005740 seconds, Stopping threads took: 0.0000620 seconds
218.119: Application time: 0.1183900 seconds
218.119: [GC [PSYoungGen: 23296K->256K(23552K)] 47919K->24879K(57344K), 0.0004780 secs] [Times: user=0.00 sys=0.00, real=0.00 secs] 
218.119: Total time for which application threads were stopped: 0.0006080 seconds, Stopping threads took: 0.0000550 seconds
218.239: Application time: 0.1192800 seconds
218.239: [GC [PSYoungGen: 23296K->256K(23552K)] 47919K->25047K(57344K), 0.0004440 secs] [Times: user=0.00 sys=0.00, real=0.00 secs] 
218.239: Total time for which application threads were stopped: 0.0005730 seconds, Stopping threads took: 0.0000540 seconds
218.359: Application time: 0.1194970 seconds
218.359: [GC [PSYoungGen: 23296K->192K(23552K)] 48087K->25007K(57344K), 0.0004600 secs] [Times: user=0.00 sys=0.00, real=0.00 secs] 
218.359: Total time for which application threads were stopped: 0.0005870 seconds, Stopping threads took: 0.0000490 seconds
218.475: Application time: 0.1153430 seconds
218.475: [GC [PSYoungGen: 23232K->400K(23552K)] 48047K->25215K(57344K), 0.0004950 secs] [Times: user=0.00 sys=0.00, real=0.00 secs] 
218.475: Total time for which application threads were stopped: 0.0006450 seconds, Stopping threads took: 0.0000580 seconds
218.594: Application time: 0.1189040 seconds
218.594: [GC [PSYoungGen: 23440K->224K(23552K)] 48255K->25383K(57344K), 0.0005490 secs] [Times: user=0.00 sys=0.00, real=0.00 secs] 
218.595: Total time for which application threads were stopped: 0.0006720 seconds, Stopping threads took: 0.0000480 seconds
218.714: Application time: 0.1190740 seconds
218.714: [GC [PSYoungGen: 23264K->224K(23552K)] 48423K->25455K(57344K), 0.0005120 secs] [Times: user=0.00 sys=0.00, real=0.00 secs] 
218.715: Total time for which application threads were stopped: 0.0006550 seconds, Stopping threads took: 0.0000630 seconds
218.834: Application time: 0.1190580 seconds
218.834: [GC [PSYoungGen: 23264K->256K(23552K)] 48495K->25487K(57344K), 0.0004700 secs] [Times: user=0.00 sys=0.00, real=0.00 secs] 
218.834: Total time for which application threads were stopped: 0.0006060 seconds, Stopping threads took: 0.0000570 seconds
218.953: Application time: 0.1190700 seconds
218.954: [GC [PSYoungGen: 23296K->256K(23552K)] 48527K->25655K(57344K), 0.0004740 secs] [Times: user=0.00 sys=0.00, real=0.00 secs] 
218.954: Total time for which application threads were stopped: 0.0006210 seconds, Stopping threads took: 0.0000680 seconds
219.072: Application time: 0.1180940 seconds
219.072: [GC [PSYoungGen: 23296K->256K(23552K)] 48695K->25679K(57344K), 0.0004440 secs] [Times: user=0.00 sys=0.00, real=0.00 secs] 
219.073: Total time for which application threads were stopped: 0.0005980 seconds, Stopping threads took: 0.0000650 seconds
219.188: Application time: 0.1152070 seconds
219.188: [GC [PSYoungGen: 23296K->480K(23552K)] 48719K->25903K(57344K), 0.0005250 secs] [Times: user=0.00 sys=0.00, real=0.00 secs] 
219.189: Total time for which application threads were stopped: 0.0006790 seconds, Stopping threads took: 0.0000770 seconds
219.307: Application time: 0.1187820 seconds
219.308: [GC [PSYoungGen: 23520K->256K(23552K)] 48943K->26024K(57344K), 0.0005380 secs] [Times: user=0.00 sys=0.00, real=0.00 secs] 
219.308: Total time for which application threads were stopped: 0.0006830 seconds, Stopping threads took: 0.0000650 seconds
219.427: Application time: 0.1192940 seconds
219.428: [GC [PSYoungGen: 23296K->256K(23552K)] 49064K->26088K(57344K), 0.0004140 secs] [Times: user=0.00 sys=0.00, real=0.00 secs] 
219.428: Total time for which application threads were stopped: 0.0005640 seconds, Stopping threads took: 0.0000660 seconds
219.547: Application time: 0.1185530 seconds
219.547: [GC [PSYoungGen: 23296K->240K(23552K)] 49128K->26072K(57344K), 0.0005130 secs] [Times: user=0.00 sys=0.00, real=0.00 secs] 
219.547: Total time for which application threads were stopped: 0.0006470 seconds, Stopping threads took: 0.0000590 seconds
219.667: Application time: 0.1194150 seconds
219.667: [GC [PSYoungGen: 23280K->256K(23552K)] 49112K->26256K(57344K), 0.0004560 secs] [Times: user=0.01 sys=0.00, real=0.00 secs] 
219.667: Total time for which application threads were stopped: 0.0006060 seconds, Stopping threads took: 0.0000650 seconds
219.787: Application time: 0.1194780 seconds
219.787: [GC [PSYoungGen: 23296K->256K(23552K)] 49296K->26280K(57344K), 0.0004230 secs] [Times: user=0.00 sys=0.00, real=0.00 secs] 
219.787: Total time for which application threads were stopped: 0.0005460 seconds, Stopping threads took: 0.0000520 seconds
219.903: Application time: 0.1154490 seconds
219.903: [GC [PSYoungGen: 23296K->432K(23552K)] 49320K->26456K(57344K), 0.0004830 secs] [Times: user=0.00 sys=0.00, real=0.00 secs] 
219.903: Total time for which application threads were stopped: 0.0006260 seconds, Stopping threads took: 0.0000690 seconds
220.022: Application time: 0.1185360 seconds
220.022: [GC [PSYoungGen: 23472K->288K(23552K)] 49496K->26648K(57344K), 0.0005380 secs] [Times: user=0.00 sys=0.00, real=0.00 secs] 
220.023: Total time for which application threads were stopped: 0.0007060 seconds, Stopping threads took: 0.0000840 seconds
220.141: Application time: 0.1188310 seconds
220.142: [GC [PSYoungGen: 23328K->256K(23552K)] 49688K->26712K(57344K), 0.0004210 secs] [Times: user=0.00 sys=0.00, real=0.00 secs] 
220.142: Total time for which application threads were stopped: 0.0005570 seconds, Stopping threads took: 0.0000590 seconds
220.260: Application time: 0.1185200 seconds
220.261: [GC [PSYoungGen: 23296K->240K(23552K)] 49752K->26696K(57344K), 0.0004970 secs] [Times: user=0.00 sys=0.00, real=0.00 secs] 
220.261: Total time for which application threads were stopped: 0.0006390 seconds, Stopping threads took: 0.0000580 seconds
220.380: Application time: 0.1188790 seconds
220.380: [GC [PSYoungGen: 23280K->256K(23552K)] 49736K->26856K(57344K), 0.0004700 secs] [Times: user=0.01 sys=0.00, real=0.00 secs] 
220.381: Total time for which application threads were stopped: 0.0006110 seconds, Stopping threads took: 0.0000610 seconds
220.499: Application time: 0.1186760 seconds
220.499: [GC [PSYoungGen: 23296K->256K(23552K)] 49896K->26904K(57344K), 0.0004740 secs] [Times: user=0.00 sys=0.00, real=0.00 secs] 
220.500: Total time for which application threads were stopped: 0.0006140 seconds, Stopping threads took: 0.0000650 seconds
220.616: Application time: 0.1162450 seconds
220.616: [GC [PSYoungGen: 23296K->368K(23552K)] 49944K->27016K(57344K), 0.0004840 secs] [Times: user=0.00 sys=0.00, real=0.00 secs] 
220.617: Total time for which application threads were stopped: 0.0006310 seconds, Stopping threads took: 0.0000760 seconds
220.735: Application time: 0.1179980 seconds
220.735: [GC [PSYoungGen: 23408K->256K(23552K)] 50056K->27205K(57344K), 0.0005660 secs] [Times: user=0.00 sys=0.00, real=0.00 secs] 
220.735: Total time for which application threads were stopped: 0.0007170 seconds, Stopping threads took: 0.0000730 seconds
220.855: Application time: 0.1196430 seconds
220.855: [GC [PSYoungGen: 23296K->256K(23552K)] 50245K->27341K(57344K), 0.0004330 secs] [Times: user=0.00 sys=0.00, real=0.00 secs] 
220.856: Total time for which application threads were stopped: 0.0005780 seconds, Stopping threads took: 0.0000620 seconds
220.975: Application time: 0.1190890 seconds
220.978: [GC [PSYoungGen: 23296K->240K(23552K)] 50381K->27325K(57344K), 0.0005070 secs] [Times: user=0.00 sys=0.00, real=0.00 secs] 
220.978: Total time for which application threads were stopped: 0.0033630 seconds, Stopping threads took: 0.0027840 seconds
221.097: Application time: 0.1185020 seconds
221.097: [GC [PSYoungGen: 23280K->256K(23552K)] 50365K->27461K(57344K), 0.0004730 secs] [Times: user=0.00 sys=0.00, real=0.00 secs] 
221.097: Total time for which application threads were stopped: 0.0006160 seconds, Stopping threads took: 0.0000680 seconds
221.216: Application time: 0.1190600 seconds
221.216: [GC [PSYoungGen: 23296K->256K(23552K)] 50501K->27533K(57344K), 0.0004320 secs] [Times: user=0.00 sys=0.00, real=0.00 secs] 
221.217: Total time for which application threads were stopped: 0.0005770 seconds, Stopping threads took: 0.0000680 seconds
221.334: Application time: 0.1171460 seconds
221.334: [GC [PSYoungGen: 23296K->272K(23552K)] 50573K->27549K(57344K), 0.0004890 secs] [Times: user=0.00 sys=0.00, real=0.00 secs] 
221.335: Total time for which application threads were stopped: 0.0006230 seconds, Stopping threads took: 0.0000540 seconds
221.451: Application time: 0.1163350 seconds
221.451: [GC [PSYoungGen: 23312K->304K(23552K)] 50589K->27777K(57344K), 0.0006140 secs] [Times: user=0.00 sys=0.00, real=0.00 secs] 
221.453: Total time for which application threads were stopped: 0.0017760 seconds, Stopping threads took: 0.0000790 seconds
221.572: Application time: 0.1191950 seconds
221.572: [GC [PSYoungGen: 23344K->256K(23552K)] 50817K->27937K(57344K), 0.0005140 secs] [Times: user=0.01 sys=0.00, real=0.00 secs] 
221.573: Total time for which application threads were stopped: 0.0007060 seconds, Stopping threads took: 0.0001140 seconds
221.692: Application time: 0.1188320 seconds
221.692: [GC [PSYoungGen: 23296K->256K(23552K)] 50977K->27937K(57344K), 0.0004900 secs] [Times: user=0.00 sys=0.00, real=0.00 secs] 
221.692: Total time for which application threads were stopped: 0.0006460 seconds, Stopping threads took: 0.0000810 seconds
221.811: Application time: 0.1189020 seconds
221.811: [GC [PSYoungGen: 23296K->256K(23552K)] 50977K->28033K(57344K), 0.0004430 secs] [Times: user=0.00 sys=0.00, real=0.00 secs] 
221.812: Total time for which application threads were stopped: 0.0005750 seconds, Stopping threads took: 0.0000590 seconds
221.931: Application time: 0.1192010 seconds
221.931: [GC [PSYoungGen: 23296K->256K(23552K)] 51073K->28129K(57344K), 0.0004520 secs] [Times: user=0.00 sys=0.00, real=0.00 secs] 
221.932: Total time for which application threads were stopped: 0.0006140 seconds, Stopping threads took: 0.0000810 seconds
222.049: Application time: 0.1173480 seconds
222.049: [GC [PSYoungGen: 23296K->320K(23552K)] 51169K->28193K(57344K), 0.0005050 secs] [Times: user=0.00 sys=0.00, real=0.00 secs] 
222.050: Total time for which application threads were stopped: 0.0006480 seconds, Stopping threads took: 0.0000570 seconds
222.166: Application time: 0.1169820 seconds
222.167: [GC [PSYoungGen: 23360K->304K(23552K)] 51233K->28389K(57344K), 0.0005470 secs] [Times: user=0.00 sys=0.00, real=0.00 secs] 
222.167: Total time for which application threads were stopped: 0.0006720 seconds, Stopping threads took: 0.0000510 seconds
222.286: Application time: 0.1192860 seconds
222.287: [GC [PSYoungGen: 23344K->160K(23552K)] 51429K->28450K(57344K), 0.0005610 secs] [Times: user=0.00 sys=0.00, real=0.00 secs] 
222.287: Total time for which application threads were stopped: 0.0007070 seconds, Stopping threads took: 0.0000720 seconds
222.406: Application time: 0.1191590 seconds
222.406: [GC [PSYoungGen: 23200K->256K(23552K)] 51490K->28546K(57344K), 0.0004410 secs] [Times: user=0.00 sys=0.00, real=0.00 secs] 
222.407: Total time for which application threads were stopped: 0.0005880 seconds, Stopping threads took: 0.0000720 seconds
222.525: Application time: 0.1180700 seconds
222.525: [GC [PSYoungGen: 23296K->256K(23552K)] 51586K->28618K(57344K), 0.0004570 secs] [Times: user=0.01 sys=0.00, real=0.00 secs] 
222.526: Total time for which application threads were stopped: 0.0005900 seconds, Stopping threads took: 0.0000560 seconds
222.647: Application time: 0.1215980 seconds
222.647: [GC [PSYoungGen: 23296K->256K(23552K)] 51658K->28738K(57344K), 0.0004470 secs] [Times: user=0.00 sys=0.00, real=0.00 secs] 
222.648: Total time for which application threads were stopped: 0.0006230 seconds, Stopping threads took: 0.0000790 seconds
222.766: Application time: 0.1180780 seconds
222.766: [GC [PSYoungGen: 23296K->272K(23552K)] 51778K->28754K(57344K), 0.0004290 secs] [Times: user=0.00 sys=0.00, real=0.00 secs] 
222.766: Total time for which application threads were stopped: 0.0005630 seconds, Stopping threads took: 0.0000570 seconds
222.882: Application time: 0.1159440 seconds
222.883: [GC [PSYoungGen: 23312K->400K(23552K)] 51794K->29010K(57344K), 0.0005290 secs] [Times: user=0.01 sys=0.00, real=0.00 secs] 
222.883: Total time for which application threads were stopped: 0.0006840 seconds, Stopping threads took: 0.0000800 seconds
223.003: Application time: 0.1194490 seconds
223.003: [GC [PSYoungGen: 23440K->256K(23552K)] 52050K->29146K(57344K), 0.0005450 secs] [Times: user=0.00 sys=0.00, real=0.00 secs] 
223.003: Total time for which application threads were stopped: 0.0007100 seconds, Stopping threads took: 0.0000860 seconds
223.122: Application time: 0.1187290 seconds
223.122: [GC [PSYoungGen: 23296K->256K(23552K)] 52186K->29170K(57344K), 0.0004510 secs] [Times: user=0.00 sys=0.00, real=0.00 secs] 
223.123: Total time for which application threads were stopped: 0.0005870 seconds, Stopping threads took: 0.0000610 seconds
223.241: Application time: 0.1189350 seconds
223.242: [GC [PSYoungGen: 23296K->208K(23552K)] 52210K->29146K(57344K), 0.0004700 secs] [Times: user=0.00 sys=0.00, real=0.00 secs] 
223.242: Total time for which application threads were stopped: 0.0006160 seconds, Stopping threads took: 0.0000530 seconds
223.361: Application time: 0.1184180 seconds
223.361: [GC [PSYoungGen: 23248K->224K(23552K)] 52186K->29306K(57344K), 0.0004880 secs] [Times: user=0.00 sys=0.00, real=0.00 secs] 
223.361: Total time for which application threads were stopped: 0.0006340 seconds, Stopping threads took: 0.0000650 seconds
223.480: Application time: 0.1185900 seconds
223.480: [GC [PSYoungGen: 23264K->192K(23552K)] 52346K->29298K(57344K), 0.0005650 secs] [Times: user=0.00 sys=0.00, real=0.00 secs] 
223.480: Total time for which application threads were stopped: 0.0007220 seconds, Stopping threads took: 0.0000790 seconds
223.596: Application time: 0.1158380 seconds
223.596: [GC [PSYoungGen: 23232K->432K(23552K)] 52338K->29602K(57344K), 0.0005330 secs] [Times: user=0.01 sys=0.00, real=0.00 secs] 
223.597: Total time for which application threads were stopped: 0.0006890 seconds, Stopping threads took: 0.0000820 seconds
223.715: Application time: 0.1182600 seconds
223.715: [GC [PSYoungGen: 23472K->224K(23552K)] 52642K->29687K(57344K), 0.0005630 secs] [Times: user=0.00 sys=0.00, real=0.00 secs] 
223.716: Total time for which application threads were stopped: 0.0007260 seconds, Stopping threads took: 0.0000820 seconds
223.835: Application time: 0.1193340 seconds
223.835: [GC [PSYoungGen: 23264K->256K(23552K)] 52727K->29791K(57344K), 0.0004660 secs] [Times: user=0.00 sys=0.00, real=0.00 secs] 
223.836: Total time for which application threads were stopped: 0.0006210 seconds, Stopping threads took: 0.0000650 seconds
223.954: Application time: 0.1183700 seconds
223.954: [GC [PSYoungGen: 23296K->272K(23552K)] 52831K->29831K(57344K), 0.0004890 secs] [Times: user=0.00 sys=0.00, real=0.00 secs] 
223.955: Total time for which application threads were stopped: 0.0006440 seconds, Stopping threads took: 0.0000760 seconds
224.074: Application time: 0.1187750 seconds
224.074: [GC [PSYoungGen: 23312K->224K(23552K)] 52871K->29919K(57344K), 0.0004970 secs] [Times: user=0.00 sys=0.00, real=0.00 secs] 
224.074: Total time for which application threads were stopped: 0.0006450 seconds, Stopping threads took: 0.0000650 seconds
224.192: Application time: 0.1180540 seconds
224.193: [GC [PSYoungGen: 23264K->256K(23552K)] 52959K->29975K(57344K), 0.0004400 secs] [Times: user=0.00 sys=0.00, real=0.00 secs] 
224.193: Total time for which application threads were stopped: 0.0005810 seconds, Stopping threads took: 0.0000640 seconds
224.309: Application time: 0.1154850 seconds
224.309: [GC [PSYoungGen: 23296K->432K(23552K)] 53015K->30215K(57344K), 0.0005330 secs] [Times: user=0.01 sys=0.00, real=0.00 secs] 
224.309: Total time for which application threads were stopped: 0.0006680 seconds, Stopping threads took: 0.0000620 seconds
224.428: Application time: 0.1184080 seconds
224.428: [GC [PSYoungGen: 23472K->256K(23552K)] 53255K->30347K(57344K), 0.0005670 secs] [Times: user=0.01 sys=0.00, real=0.00 secs] 
224.428: Total time for which application threads were stopped: 0.0007210 seconds, Stopping threads took: 0.0000610 seconds
224.548: Application time: 0.1193780 seconds
224.548: [GC [PSYoungGen: 23296K->256K(23552K)] 53387K->30411K(57344K), 0.0004280 secs] [Times: user=0.00 sys=0.00, real=0.00 secs] 
224.548: Total time for which application threads were stopped: 0.0005900 seconds, Stopping threads took: 0.0000890 seconds
224.667: Application time: 0.1185850 seconds
224.667: [GC [PSYoungGen: 23296K->256K(23552K)] 53451K->30435K(57344K), 0.0004420 secs] [Times: user=0.00 sys=0.00, real=0.00 secs] 
224.667: Total time for which application threads were stopped: 0.0005830 seconds, Stopping threads took: 0.0000670 seconds
224.787: Application time: 0.1192300 seconds
224.787: [GC [PSYoungGen: 23296K->256K(23552K)] 53475K->30579K(57344K), 0.0004530 secs] [Times: user=0.00 sys=0.00, real=0.00 secs] 
224.787: Total time for which application threads were stopped: 0.0005900 seconds, Stopping threads took: 0.0000590 seconds
224.905: Application time: 0.1181400 seconds
224.906: [GC [PSYoungGen: 23296K->256K(23552K)] 53619K->30603K(57344K), 0.0004470 secs] [Times: user=0.00 sys=0.00, real=0.01 secs] 
224.906: Total time for which application threads were stopped: 0.0005860 seconds, Stopping threads took: 0.0000610 seconds
225.022: Application time: 0.1155730 seconds
225.022: [GC [PSYoungGen: 23296K->432K(23552K)] 53643K->30843K(57344K), 0.0005860 secs] [Times: user=0.00 sys=0.00, real=0.00 secs] 
225.022: Total time for which application threads were stopped: 0.0007420 seconds, Stopping threads took: 0.0000670 seconds
225.141: Application time: 0.1183610 seconds
225.141: [GC [PSYoungGen: 23472K->256K(23552K)] 53883K->30980K(57344K), 0.0005910 secs] [Times: user=0.00 sys=0.00, real=0.00 secs] 
225.141: Total time for which application threads were stopped: 0.0007240 seconds, Stopping threads took: 0.0000540 seconds
225.260: Application time: 0.1190700 seconds
225.261: [GC [PSYoungGen: 23296K->256K(23552K)] 54020K->31052K(57344K), 0.0004460 secs] [Times: user=0.00 sys=0.00, real=0.00 secs] 
225.261: Total time for which application threads were stopped: 0.0005720 seconds, Stopping threads took: 0.0000520 seconds
225.379: Application time: 0.1183870 seconds
225.380: [GC [PSYoungGen: 23296K->256K(23552K)] 54092K->31052K(57344K), 0.0004750 secs] [Times: user=0.00 sys=0.00, real=0.00 secs] 
225.380: Total time for which application threads were stopped: 0.0006210 seconds, Stopping threads took: 0.0000660 seconds
225.499: Application time: 0.1192110 seconds
225.499: [GC [PSYoungGen: 23296K->256K(23552K)] 54092K->31220K(57344K), 0.0004870 secs] [Times: user=0.00 sys=0.00, real=0.00 secs] 
225.500: Total time for which application threads were stopped: 0.0006420 seconds, Stopping threads took: 0.0000780 seconds
225.619: Application time: 0.1192290 seconds
225.619: [GC [PSYoungGen: 23296K->224K(23552K)] 54260K->31212K(57344K), 0.0005190 secs] [Times: user=0.00 sys=0.00, real=0.00 secs] 
225.620: Total time for which application threads were stopped: 0.0006630 seconds, Stopping threads took: 0.0000500 seconds
225.735: Application time: 0.1153930 seconds
225.735: [GC [PSYoungGen: 23264K->464K(23552K)] 54252K->31452K(57344K), 0.0005180 secs] [Times: user=0.01 sys=0.00, real=0.00 secs] 
225.736: Total time for which application threads were stopped: 0.0006580 seconds, Stopping threads took: 0.0000630 seconds
225.855: Application time: 0.1188710 seconds
225.855: [GC [PSYoungGen: 23504K->256K(23552K)] 54492K->31592K(57344K), 0.0005410 secs] [Times: user=0.01 sys=0.00, real=0.00 secs] 
225.855: Total time for which application threads were stopped: 0.0006770 seconds, Stopping threads took: 0.0000520 seconds
225.974: Application time: 0.1187690 seconds
225.974: [GC [PSYoungGen: 23296K->256K(23552K)] 54632K->31664K(57344K), 0.0004310 secs] [Times: user=0.00 sys=0.00, real=0.00 secs] 
225.975: Total time for which application threads were stopped: 0.0005710 seconds, Stopping threads took: 0.0000640 seconds
226.093: Application time: 0.1182500 seconds
226.093: [GC [PSYoungGen: 23296K->256K(23552K)] 54704K->31664K(57344K), 0.0004960 secs] [Times: user=0.00 sys=0.00, real=0.00 secs] 
226.094: Total time for which application threads were stopped: 0.0006350 seconds, Stopping threads took: 0.0000620 seconds
226.213: Application time: 0.1197160 seconds
226.214: [GC [PSYoungGen: 23296K->256K(23552K)] 54704K->31808K(57344K), 0.0005050 secs] [Times: user=0.00 sys=0.00, real=0.00 secs] 
226.214: Total time for which application threads were stopped: 0.0006560 seconds, Stopping threads took: 0.0000590 seconds
226.333: Application time: 0.1189520 seconds
226.333: [GC [PSYoungGen: 23296K->256K(23552K)] 54848K->31856K(57344K), 0.0004580 secs] [Times: user=0.01 sys=0.00, real=0.00 secs] 
226.334: Total time for which application threads were stopped: 0.0006130 seconds, Stopping threads took: 0.0000720 seconds
226.449: Application time: 0.1157480 seconds
226.449: [GC [PSYoungGen: 23296K->352K(23552K)] 54896K->31952K(57344K), 0.0005170 secs] [Times: user=0.00 sys=0.00, real=0.00 secs] 
226.450: Total time for which application threads were stopped: 0.0006660 seconds, Stopping threads took: 0.0000560 seconds
226.568: Application time: 0.1175160 seconds
226.568: [GC [PSYoungGen: 23392K->304K(23552K)] 54992K->32201K(57344K), 0.0006000 secs] [Times: user=0.01 sys=0.00, real=0.00 secs] 
226.568: Total time for which application threads were stopped: 0.0007330 seconds, Stopping threads took: 0.0000530 seconds
226.687: Application time: 0.1190920 seconds
226.690: [GC [PSYoungGen: 23344K->256K(23552K)] 55241K->32269K(57344K), 0.0004750 secs] [Times: user=0.00 sys=0.00, real=0.00 secs] 
226.690: Total time for which application threads were stopped: 0.0027970 seconds, Stopping threads took: 0.0022440 seconds
226.809: Application time: 0.1189290 seconds
226.809: [GC [PSYoungGen: 23296K->272K(23552K)] 55309K->32285K(57344K), 0.0004690 secs] [Times: user=0.00 sys=0.00, real=0.00 secs] 
226.810: Total time for which application threads were stopped: 0.0006120 seconds, Stopping threads took: 0.0000570 seconds
226.929: Application time: 0.1188280 seconds
226.929: [GC [PSYoungGen: 23312K->256K(23552K)] 55325K->32413K(57344K), 0.0004860 secs] [Times: user=0.00 sys=0.00, real=0.00 secs] 
226.929: Total time for which application threads were stopped: 0.0006110 seconds, Stopping threads took: 0.0000520 seconds
227.049: Application time: 0.1196110 seconds
227.049: [GC [PSYoungGen: 23296K->256K(23552K)] 55453K->32461K(57344K), 0.0004550 secs] [Times: user=0.00 sys=0.00, real=0.00 secs] 
227.049: Total time for which application threads were stopped: 0.0006030 seconds, Stopping threads took: 0.0000690 seconds
227.165: Application time: 0.1158700 seconds
227.165: [GC [PSYoungGen: 23296K->400K(23552K)] 55501K->32605K(57344K), 0.0005170 secs] [Times: user=0.00 sys=0.00, real=0.01 secs] 
227.166: Total time for which application threads were stopped: 0.0006640 seconds, Stopping threads took: 0.0000660 seconds
227.284: Application time: 0.1179300 seconds
227.284: [GC [PSYoungGen: 23440K->288K(23552K)] 55645K->32801K(57344K), 0.0005480 secs] [Times: user=0.00 sys=0.00, real=0.00 secs] 
227.285: Total time for which application threads were stopped: 0.0007350 seconds, Stopping threads took: 0.0001100 seconds
227.404: Application time: 0.1193920 seconds
227.404: [GC [PSYoungGen: 23328K->256K(23552K)] 55841K->32881K(57344K), 0.0004490 secs] [Times: user=0.00 sys=0.00, real=0.00 secs] 
227.405: Total time for which application threads were stopped: 0.0005960 seconds, Stopping threads took: 0.0000670 seconds
227.523: Application time: 0.1184200 seconds
227.523: [GC [PSYoungGen: 23296K->272K(23552K)] 55921K->32897K(57344K), 0.0005260 secs] [Times: user=0.00 sys=0.00, real=0.00 secs] 
227.524: Total time for which application threads were stopped: 0.0007000 seconds, Stopping threads took: 0.0000920 seconds
227.642: Application time: 0.1182510 seconds
227.642: [GC [PSYoungGen: 23312K->224K(23552K)] 55937K->32969K(57344K), 0.0005310 secs] [Times: user=0.00 sys=0.00, real=0.00 secs] 
227.643: Total time for which application threads were stopped: 0.0006630 seconds, Stopping threads took: 0.0000540 seconds
227.762: Application time: 0.1195260 seconds
227.762: [GC [PSYoungGen: 23264K->256K(23552K)] 56009K->33073K(57344K), 0.0004300 secs] [Times: user=0.00 sys=0.00, real=0.00 secs] 
227.763: Total time for which application threads were stopped: 0.0005710 seconds, Stopping threads took: 0.0000650 seconds
227.880: Application time: 0.1170890 seconds
227.880: [GC [PSYoungGen: 23296K->320K(23552K)] 56113K->33137K(57344K), 0.0005120 secs] [Times: user=0.00 sys=0.00, real=0.00 secs] 
227.880: Total time for which application threads were stopped: 0.0006580 seconds, Stopping threads took: 0.0000660 seconds
227.998: Application time: 0.1173730 seconds
228.002: [GC [PSYoungGen: 23360K->304K(23552K)] 56177K->33382K(57344K), 0.0005450 secs] [Times: user=0.00 sys=0.00, real=0.00 secs] 
228.002: Total time for which application threads were stopped: 0.0043890 seconds, Stopping threads took: 0.0037560 seconds
228.121: Application time: 0.1190180 seconds
228.121: [GC [PSYoungGen: 23344K->256K(23552K)] 56422K->33502K(57344K), 0.0005160 secs] [Times: user=0.01 sys=0.00, real=0.00 secs] 
228.122: Total time for which application threads were stopped: 0.0006560 seconds, Stopping threads took: 0.0000550 seconds
228.241: Application time: 0.1188860 seconds
228.241: [GC [PSYoungGen: 23296K->256K(23552K)] 56542K->33502K(57344K), 0.0004530 secs] [Times: user=0.00 sys=0.00, real=0.00 secs] 
228.241: Total time for which application threads were stopped: 0.0006020 seconds, Stopping threads took: 0.0000690 seconds
228.360: Application time: 0.1190800 seconds
228.361: [GC [PSYoungGen: 23296K->256K(23552K)] 56542K->33598K(57344K), 0.0004990 secs] [Times: user=0.00 sys=0.00, real=0.00 secs] 
228.361: Total time for which application threads were stopped: 0.0006410 seconds, Stopping threads took: 0.0000620 seconds
228.480: Application time: 0.1192020 seconds
228.480: [GC [PSYoungGen: 23296K->256K(23552K)] 56638K->33694K(57344K), 0.0004390 secs] [Times: user=0.00 sys=0.00, real=0.00 secs] 
228.481: Total time for which application threads were stopped: 0.0005850 seconds, Stopping threads took: 0.0000710 seconds
228.598: Application time: 0.1169670 seconds
228.598: [GC [PSYoungGen: 23296K->272K(23552K)] 56734K->33710K(57344K), 0.0005220 secs] [Times: user=0.00 sys=0.00, real=0.00 secs] 
228.599: Total time for which application threads were stopped: 0.0006610 seconds, Stopping threads took: 0.0000540 seconds
228.716: Application time: 0.1171680 seconds
228.716: [GC [PSYoungGen: 23312K->368K(23552K)] 56750K->34022K(57344K), 0.0005470 secs] [Times: user=0.00 sys=0.00, real=0.00 secs] 
228.716: [Full GC [PSYoungGen: 368K->0K(23552K)] [ParOldGen: 33654K->3036K(33280K)] 34022K->3036K(56832K) [PSPermGen: 6083K->6083K(21504K)], 0.0059590 secs] [Times: user=0.02 sys=0.00, real=0.01 secs] 
228.722: Total time for which application threads were stopped: 0.0067120 seconds, Stopping threads took: 0.0000770 seconds
228.842: Application time: 0.1191910 seconds
228.842: [GC [PSYoungGen: 23040K->256K(23552K)] 26076K->3292K(56832K), 0.0004010 secs] [Times: user=0.01 sys=0.00, real=0.00 secs] 
228.842: Total time for which application threads were stopped: 0.0005340 seconds, Stopping threads took: 0.0000550 seconds
228.961: Application time: 0.1183470 seconds
228.961: [GC [PSYoungGen: 23296K->256K(23552K)] 26332K->3308K(56832K), 0.0003930 secs] [Times: user=0.00 sys=0.00, real=0.00 secs] 
228.961: Total time for which application threads were stopped: 0.0005230 seconds, Stopping threads took: 0.0000570 seconds
229.080: Application time: 0.1185620 seconds
229.080: [GC [PSYoungGen: 23296K->256K(23552K)] 26348K->3381K(56832K), 0.0004320 secs] [Times: user=0.00 sys=0.00, real=0.00 secs] 
229.080: Total time for which application threads were stopped: 0.0005630 seconds, Stopping threads took: 0.0000530 seconds
229.199: Application time: 0.1188890 seconds
229.199: [GC [PSYoungGen: 23296K->256K(23552K)] 26421K->3501K(56832K), 0.0004780 secs] [Times: user=0.00 sys=0.00, real=0.00 secs] 
229.200: Total time for which application threads were stopped: 0.0006390 seconds, Stopping threads took: 0.0000710 seconds
229.318: Application time: 0.1179980 seconds
229.318: [GC [PSYoungGen: 23296K->256K(23552K)] 26541K->3501K(56832K), 0.0004670 secs] [Times: user=0.00 sys=0.00, real=0.00 secs] 
229.318: Total time for which application threads were stopped: 0.0006080 seconds, Stopping threads took: 0.0000590 seconds
229.435: Application time: 0.1162330 seconds
229.435: [GC [PSYoungGen: 23296K->416K(23552K)] 26541K->3781K(56832K), 0.0004850 secs] [Times: user=0.00 sys=0.00, real=0.00 secs] 
229.435: Total time for which application threads were stopped: 0.0006280 seconds, Stopping threads took: 0.0000660 seconds
229.555: Application time: 0.1193440 seconds
229.555: [GC [PSYoungGen: 23456K->256K(23552K)] 26821K->3929K(56832K), 0.0004700 secs] [Times: user=0.00 sys=0.00, real=0.00 secs] 
229.555: Total time for which application threads were stopped: 0.0005980 seconds, Stopping threads took: 0.0000520 seconds
229.674: Application time: 0.1186460 seconds
229.674: [GC [PSYoungGen: 23296K->224K(23552K)] 26969K->3897K(56832K), 0.0004090 secs] [Times: user=0.00 sys=0.00, real=0.00 secs] 
229.674: Total time for which application threads were stopped: 0.0005540 seconds, Stopping threads took: 0.0000630 seconds
229.794: Application time: 0.1192000 seconds
229.794: [GC [PSYoungGen: 23264K->256K(23552K)] 26937K->3953K(56832K), 0.0004340 secs] [Times: user=0.01 sys=0.00, real=0.00 secs] 
229.794: Total time for which application threads were stopped: 0.0005850 seconds, Stopping threads took: 0.0000670 seconds
229.914: Application time: 0.1194840 seconds
229.914: [GC [PSYoungGen: 23296K->224K(23552K)] 26993K->4057K(56832K), 0.0004860 secs] [Times: user=0.00 sys=0.00, real=0.00 secs] 
229.914: Total time for which application threads were stopped: 0.0006070 seconds, Stopping threads took: 0.0000490 seconds
230.033: Application time: 0.1186000 seconds
230.033: [GC [PSYoungGen: 23264K->224K(23552K)] 27097K->4081K(56832K), 0.0004320 secs] [Times: user=0.00 sys=0.00, real=0.00 secs] 
230.033: Total time for which application threads were stopped: 0.0005570 seconds, Stopping threads took: 0.0000530 seconds
230.150: Application time: 0.1162260 seconds
230.150: [GC [PSYoungGen: 23264K->336K(23552K)] 27121K->4321K(56832K), 0.0005150 secs] [Times: user=0.00 sys=0.00, real=0.00 secs] 
230.150: Total time for which application threads were stopped: 0.0006490 seconds, Stopping threads took: 0.0000590 seconds
230.268: Application time: 0.1178410 seconds
230.268: [GC [PSYoungGen: 23376K->256K(23552K)] 27361K->4505K(56832K), 0.0004660 secs] [Times: user=0.00 sys=0.00, real=0.00 secs] 
230.269: Total time for which application threads were stopped: 0.0006070 seconds, Stopping threads took: 0.0000670 seconds
230.388: Application time: 0.1189820 seconds
230.388: [GC [PSYoungGen: 23296K->256K(23552K)] 27545K->4569K(56832K), 0.0004180 secs] [Times: user=0.00 sys=0.00, real=0.00 secs] 
230.388: Total time for which application threads were stopped: 0.0005780 seconds, Stopping threads took: 0.0000750 seconds
230.507: Application time: 0.1184780 seconds
230.507: [GC [PSYoungGen: 23296K->256K(23552K)] 27609K->4593K(56832K), 0.0004130 secs] [Times: user=0.01 sys=0.00, real=0.00 secs] 
230.507: Total time for which application threads were stopped: 0.0005400 seconds, Stopping threads took: 0.0000530 seconds
230.627: Application time: 0.1193490 seconds
230.627: [GC [PSYoungGen: 23296K->256K(23552K)] 27633K->4722K(56832K), 0.0004340 secs] [Times: user=0.00 sys=0.00, real=0.00 secs] 
230.627: Total time for which application threads were stopped: 0.0005680 seconds, Stopping threads took: 0.0000500 seconds
230.746: Application time: 0.1184270 seconds
230.746: [GC [PSYoungGen: 23296K->256K(23552K)] 27762K->4746K(56832K), 0.0004050 secs] [Times: user=0.00 sys=0.00, real=0.00 secs] 
230.746: Total time for which application threads were stopped: 0.0005370 seconds, Stopping threads took: 0.0000600 seconds
230.863: Application time: 0.1169470 seconds
230.866: [GC [PSYoungGen: 23296K->384K(23552K)] 27786K->4930K(56832K), 0.0004790 secs] [Times: user=0.01 sys=0.00, real=0.00 secs] 
230.866: Total time for which application threads were stopped: 0.0030630 seconds, Stopping threads took: 0.0025100 seconds
230.984: Application time: 0.1179280 seconds
230.984: [GC [PSYoungGen: 23424K->256K(23552K)] 27970K->5110K(56832K), 0.0005460 secs] [Times: user=0.00 sys=0.00, real=0.00 secs] 
230.985: Total time for which application threads were stopped: 0.0006910 seconds, Stopping threads took: 0.0000530 seconds
231.104: Application time: 0.1189370 seconds
231.104: [GC [PSYoungGen: 23296K->256K(23552K)] 28150K->5182K(56832K), 0.0003840 secs] [Times: user=0.00 sys=0.00, real=0.00 secs] 
231.104: Total time for which application threads were stopped: 0.0005120 seconds, Stopping threads took: 0.0000540 seconds
231.223: Application time: 0.1184430 seconds
231.223: [GC [PSYoungGen: 23296K->256K(23552K)] 28222K->5206K(56832K), 0.0004000 secs] [Times: user=0.00 sys=0.00, real=0.00 secs] 
231.223: Total time for which application threads were stopped: 0.0005300 seconds, Stopping threads took: 0.0000570 seconds
231.343: Application time: 0.1198440 seconds
231.343: [GC [PSYoungGen: 23296K->256K(23552K)] 28246K->5350K(56832K), 0.0004140 secs] [Times: user=0.00 sys=0.00, real=0.00 secs] 
231.344: Total time for which application threads were stopped: 0.0005660 seconds, Stopping threads took: 0.0000800 seconds
231.462: Application time: 0.1182110 seconds
231.462: [GC [PSYoungGen: 23296K->224K(23552K)] 28390K->5342K(56832K), 0.0004470 secs] [Times: user=0.00 sys=0.00, real=0.00 secs] 
231.462: Total time for which application threads were stopped: 0.0005800 seconds, Stopping threads took: 0.0000580 seconds
231.579: Application time: 0.1162390 seconds
231.579: [GC [PSYoungGen: 23264K->352K(23552K)] 28382K->5534K(56832K), 0.0005080 secs] [Times: user=0.00 sys=0.00, real=0.00 secs] 
231.579: Total time for which application threads were stopped: 0.0006600 seconds, Stopping threads took: 0.0000660 seconds
231.697: Application time: 0.1180340 seconds
231.697: [GC [PSYoungGen: 23392K->304K(23552K)] 28574K->5742K(56832K), 0.0004930 secs] [Times: user=0.00 sys=0.00, real=0.01 secs] 
231.698: Total time for which application threads were stopped: 0.0006180 seconds, Stopping threads took: 0.0000540 seconds
231.817: Application time: 0.1188780 seconds
231.817: [GC [PSYoungGen: 23344K->256K(23552K)] 28782K->5814K(56832K), 0.0004300 secs] [Times: user=0.00 sys=0.00, real=0.00 secs] 
231.817: Total time for which application threads were stopped: 0.0005800 seconds, Stopping threads took: 0.0000680 seconds
231.936: Application time: 0.1183790 seconds
231.936: [GC [PSYoungGen: 23296K->224K(23552K)] 28854K->5807K(56832K), 0.0004510 secs] [Times: user=0.00 sys=0.00, real=0.00 secs] 
231.936: Total time for which application threads were stopped: 0.0005970 seconds, Stopping threads took: 0.0000640 seconds
232.055: Application time: 0.1184570 seconds
232.055: [GC [PSYoungGen: 23264K->256K(23552K)] 28847K->5951K(56832K), 0.0004610 secs] [Times: user=0.00 sys=0.00, real=0.00 secs] 
232.056: Total time for which application threads were stopped: 0.0006210 seconds, Stopping threads took: 0.0000800 seconds
232.175: Application time: 0.1191070 seconds
232.175: [GC [PSYoungGen: 23296K->256K(23552K)] 28991K->5999K(56832K), 0.0003860 secs] [Times: user=0.00 sys=0.00, real=0.00 secs] 
232.175: Total time for which application threads were stopped: 0.0005470 seconds, Stopping threads took: 0.0000740 seconds
232.291: Application time: 0.1161200 seconds
232.291: [GC [PSYoungGen: 23296K->384K(23552K)] 29039K->6127K(56832K), 0.0004800 secs] [Times: user=0.00 sys=0.00, real=0.00 secs] 
232.292: Total time for which application threads were stopped: 0.0006190 seconds, Stopping threads took: 0.0000620 seconds
232.409: Application time: 0.1174650 seconds
232.409: [GC [PSYoungGen: 23424K->288K(23552K)] 29167K->6327K(56832K), 0.0004830 secs] [Times: user=0.00 sys=0.00, real=0.00 secs] 
232.410: Total time for which application threads were stopped: 0.0006120 seconds, Stopping threads took: 0.0000550 seconds
232.529: Application time: 0.1193040 seconds
232.534: [GC [PSYoungGen: 23328K->224K(23552K)] 29367K->6391K(56832K), 0.0004150 secs] [Times: user=0.00 sys=0.00, real=0.00 secs] 
232.534: Total time for which application threads were stopped: 0.0048120 seconds, Stopping threads took: 0.0043250 seconds
232.652: Application time: 0.1182920 seconds
232.654: [GC [PSYoungGen: 23264K->256K(23552K)] 29431K->6423K(56832K), 0.0005480 secs] [Times: user=0.00 sys=0.00, real=0.00 secs] 
232.654: Total time for which application threads were stopped: 0.0018800 seconds, Stopping threads took: 0.0012510 seconds
232.773: Application time: 0.1185030 seconds
232.773: [GC [PSYoungGen: 23296K->256K(23552K)] 29463K->6567K(56832K), 0.0004260 secs] [Times: user=0.00 sys=0.00, real=0.00 secs] 
232.773: Total time for which application threads were stopped: 0.0006050 seconds, Stopping threads took: 0.0000950 seconds
232.893: Application time: 0.1193480 seconds
232.893: [GC [PSYoungGen: 23296K->256K(23552K)] 29607K->6615K(56832K), 0.0004370 secs] [Times: user=0.00 sys=0.00, real=0.00 secs] 
232.893: Total time for which application threads were stopped: 0.0005950 seconds, Stopping threads took: 0.0000790 seconds
233.010: Application time: 0.1162530 seconds
233.010: [GC [PSYoungGen: 23296K->384K(23552K)] 29655K->6743K(56832K), 0.0004770 secs] [Times: user=0.01 sys=0.00, real=0.00 secs] 
233.010: Total time for which application threads were stopped: 0.0006080 seconds, Stopping threads took: 0.0000580 seconds
233.128: Application time: 0.1178630 seconds
233.128: [GC [PSYoungGen: 23424K->256K(23552K)] 29783K->6923K(56832K), 0.0005050 secs] [Times: user=0.00 sys=0.00, real=0.00 secs] 
233.129: Total time for which application threads were stopped: 0.0006500 seconds, Stopping threads took: 0.0000660 seconds
233.248: Application time: 0.1191970 seconds
233.248: [GC [PSYoungGen: 23296K->256K(23552K)] 29963K->7044K(56832K), 0.0004240 secs] [Times: user=0.00 sys=0.00, real=0.00 secs] 
233.248: Total time for which application threads were stopped: 0.0005630 seconds, Stopping threads took: 0.0000590 seconds
233.367: Application time: 0.1185040 seconds
233.367: [GC [PSYoungGen: 23296K->240K(23552K)] 30084K->7028K(56832K), 0.0004540 secs] [Times: user=0.00 sys=0.00, real=0.00 secs] 
233.368: Total time for which application threads were stopped: 0.0005990 seconds, Stopping threads took: 0.0000520 seconds
233.487: Application time: 0.1189980 seconds
233.487: [GC [PSYoungGen: 23280K->256K(23552K)] 30068K->7188K(56832K), 0.0004280 secs] [Times: user=0.00 sys=0.00, real=0.00 secs] 
233.487: Total time for which application threads were stopped: 0.0005680 seconds, Stopping threads took: 0.0000630 seconds
233.606: Application time: 0.1190320 seconds
233.606: [GC [PSYoungGen: 23296K->256K(23552K)] 30228K->7236K(56832K), 0.0004150 secs] [Times: user=0.00 sys=0.00, real=0.00 secs] 
233.607: Total time for which application threads were stopped: 0.0005450 seconds, Stopping threads took: 0.0000570 seconds
233.723: Application time: 0.1162740 seconds
233.723: [GC [PSYoungGen: 23296K->416K(23552K)] 30276K->7396K(56832K), 0.0005020 secs] [Times: user=0.00 sys=0.00, real=0.00 secs] 
233.724: Total time for which application threads were stopped: 0.0006470 seconds, Stopping threads took: 0.0000670 seconds
233.842: Application time: 0.1181080 seconds
233.842: [GC [PSYoungGen: 23456K->256K(23552K)] 30436K->7532K(56832K), 0.0005530 secs] [Times: user=0.00 sys=0.00, real=0.00 secs] 
233.842: Total time for which application threads were stopped: 0.0006870 seconds, Stopping threads took: 0.0000580 seconds
233.962: Application time: 0.1195300 seconds
233.962: [GC [PSYoungGen: 23296K->256K(23552K)] 30572K->7668K(56832K), 0.0004400 secs] [Times: user=0.01 sys=0.00, real=0.00 secs] 
233.963: Total time for which application threads were stopped: 0.0005950 seconds, Stopping threads took: 0.0000690 seconds
234.081: Application time: 0.1183810 seconds
234.081: [GC [PSYoungGen: 23296K->256K(23552K)] 30708K->7668K(56832K), 0.0004270 secs] [Times: user=0.00 sys=0.00, real=0.00 secs] 
234.082: Total time for which application threads were stopped: 0.0005640 seconds, Stopping threads took: 0.0000620 seconds
234.200: Application time: 0.1183660 seconds
234.200: [GC [PSYoungGen: 23296K->256K(23552K)] 30708K->7788K(56832K), 0.0004380 secs] [Times: user=0.00 sys=0.00, real=0.00 secs] 
234.200: Total time for which application threads were stopped: 0.0005670 seconds, Stopping threads took: 0.0000520 seconds
234.319: Application time: 0.1188250 seconds
234.319: [GC [PSYoungGen: 23296K->256K(23552K)] 30828K->7860K(56832K), 0.0004050 secs] [Times: user=0.00 sys=0.00, real=0.00 secs] 
234.320: Total time for which application threads were stopped: 0.0005400 seconds, Stopping threads took: 0.0000610 seconds
234.436: Application time: 0.1164100 seconds
234.436: [GC [PSYoungGen: 23296K->320K(23552K)] 30900K->7924K(56832K), 0.0004610 secs] [Times: user=0.00 sys=0.00, real=0.00 secs] 
234.437: Total time for which application threads were stopped: 0.0005980 seconds, Stopping threads took: 0.0000590 seconds
234.554: Application time: 0.1174580 seconds
234.554: [GC [PSYoungGen: 23360K->224K(23552K)] 30964K->8080K(56832K), 0.0005280 secs] [Times: user=0.00 sys=0.00, real=0.00 secs] 
234.555: Total time for which application threads were stopped: 0.0006800 seconds, Stopping threads took: 0.0000600 seconds
234.674: Application time: 0.1186660 seconds
234.674: [GC [PSYoungGen: 23264K->256K(23552K)] 31120K->8285K(56832K), 0.0004800 secs] [Times: user=0.00 sys=0.00, real=0.00 secs] 
234.674: Total time for which application threads were stopped: 0.0006190 seconds, Stopping threads took: 0.0000640 seconds
234.793: Application time: 0.1187970 seconds
234.793: [GC [PSYoungGen: 23296K->256K(23552K)] 31325K->8285K(56832K), 0.0004200 secs] [Times: user=0.00 sys=0.00, real=0.00 secs] 
234.794: Total time for which application threads were stopped: 0.0005570 seconds, Stopping threads took: 0.0000620 seconds
234.912: Application time: 0.1188540 seconds
234.913: [GC [PSYoungGen: 23296K->256K(23552K)] 31325K->8405K(56832K), 0.0004430 secs] [Times: user=0.00 sys=0.00, real=0.00 secs] 
234.913: Total time for which application threads were stopped: 0.0005920 seconds, Stopping threads took: 0.0000690 seconds
235.032: Application time: 0.1191120 seconds
235.032: [GC [PSYoungGen: 23296K->256K(23552K)] 31445K->8477K(56832K), 0.0004100 secs] [Times: user=0.00 sys=0.00, real=0.00 secs] 
235.033: Total time for which application threads were stopped: 0.0005410 seconds, Stopping threads took: 0.0000550 seconds
235.150: Application time: 0.1167850 seconds
235.150: [GC [PSYoungGen: 23296K->368K(23552K)] 31517K->8589K(56832K), 0.0005540 secs] [Times: user=0.00 sys=0.00, real=0.00 secs] 
235.150: Total time for which application threads were stopped: 0.0007250 seconds, Stopping threads took: 0.0000810 seconds
235.268: Application time: 0.1177460 seconds
235.268: [GC [PSYoungGen: 23408K->320K(23552K)] 31629K->8801K(56832K), 0.0005030 secs] [Times: user=0.00 sys=0.00, real=0.00 secs] 
235.269: Total time for which application threads were stopped: 0.0006530 seconds, Stopping threads took: 0.0000730 seconds
235.388: Application time: 0.1191780 seconds
235.388: [GC [PSYoungGen: 23360K->256K(23552K)] 31841K->8901K(56832K), 0.0004230 secs] [Times: user=0.01 sys=0.00, real=0.00 secs] 
235.388: Total time for which application threads were stopped: 0.0005530 seconds, Stopping threads took: 0.0000540 seconds
235.507: Application time: 0.1184720 seconds
235.507: [GC [PSYoungGen: 23296K->256K(23552K)] 31941K->8901K(56832K), 0.0003960 secs] [Times: user=0.00 sys=0.00, real=0.00 secs] 
235.507: Total time for which application threads were stopped: 0.0005380 seconds, Stopping threads took: 0.0000590 seconds
235.626: Application time: 0.1189320 seconds
235.626: [GC [PSYoungGen: 23296K->256K(23552K)] 31941K->9021K(56832K), 0.0004210 secs] [Times: user=0.00 sys=0.00, real=0.00 secs] 
235.627: Total time for which application threads were stopped: 0.0005600 seconds, Stopping threads took: 0.0000600 seconds
235.746: Application time: 0.1192910 seconds
235.746: [GC [PSYoungGen: 23296K->256K(23552K)] 32061K->9093K(56832K), 0.0004120 secs] [Times: user=0.00 sys=0.00, real=0.00 secs] 
235.747: Total time for which application threads were stopped: 0.0005630 seconds, Stopping threads took: 0.0000630 seconds
235.863: Application time: 0.1166030 seconds
235.863: [GC [PSYoungGen: 23296K->368K(23552K)] 32133K->9205K(56832K), 0.0004380 secs] [Times: user=0.01 sys=0.00, real=0.00 secs] 
235.864: Total time for which application threads were stopped: 0.0005820 seconds, Stopping threads took: 0.0000660 seconds
235.981: Application time: 0.1175190 seconds
235.982: [GC [PSYoungGen: 23408K->256K(23552K)] 32245K->9341K(56832K), 0.0005110 secs] [Times: user=0.00 sys=0.00, real=0.00 secs] 
235.982: Total time for which application threads were stopped: 0.0006570 seconds, Stopping threads took: 0.0000590 seconds
236.102: Application time: 0.1194850 seconds
236.102: [GC [PSYoungGen: 23296K->256K(23552K)] 32381K->9514K(56832K), 0.0004390 secs] [Times: user=0.00 sys=0.00, real=0.00 secs] 
236.102: Total time for which application threads were stopped: 0.0005720 seconds, Stopping threads took: 0.0000510 seconds
236.221: Application time: 0.1188920 seconds
236.221: [GC [PSYoungGen: 23296K->256K(23552K)] 32554K->9514K(56832K), 0.0004220 secs] [Times: user=0.01 sys=0.00, real=0.00 secs] 
236.222: Total time for which application threads were stopped: 0.0005660 seconds, Stopping threads took: 0.0000630 seconds
236.341: Application time: 0.1197590 seconds
236.342: [GC [PSYoungGen: 23296K->256K(23552K)] 32554K->9586K(56832K), 0.0004440 secs] [Times: user=0.00 sys=0.00, real=0.00 secs] 
236.342: Total time for which application threads were stopped: 0.0005970 seconds, Stopping threads took: 0.0000640 seconds
236.461: Application time: 0.1187440 seconds
236.461: [GC [PSYoungGen: 23296K->256K(23552K)] 32626K->9682K(56832K), 0.0004070 secs] [Times: user=0.00 sys=0.00, real=0.00 secs] 
236.461: Total time for which application threads were stopped: 0.0005460 seconds, Stopping threads took: 0.0000650 seconds
236.579: Application time: 0.1174500 seconds
236.579: [GC [PSYoungGen: 23296K->336K(23552K)] 32722K->9786K(56832K), 0.0005430 secs] [Times: user=0.01 sys=0.00, real=0.00 secs] 
236.582: Total time for which application threads were stopped: 0.0030050 seconds, Stopping threads took: 0.0000610 seconds
236.699: Application time: 0.1170910 seconds
236.699: [GC [PSYoungGen: 23376K->304K(23552K)] 32826K->9914K(56832K), 0.0005250 secs] [Times: user=0.00 sys=0.00, real=0.00 secs] 
236.700: Total time for which application threads were stopped: 0.0006910 seconds, Stopping threads took: 0.0000830 seconds
236.818: Application time: 0.1186620 seconds
236.818: [GC [PSYoungGen: 23344K->256K(23552K)] 32954K->10082K(56832K), 0.0004940 secs] [Times: user=0.00 sys=0.00, real=0.00 secs] 
236.819: Total time for which application threads were stopped: 0.0006360 seconds, Stopping threads took: 0.0000630 seconds
236.938: Application time: 0.1191100 seconds
236.938: [GC [PSYoungGen: 23296K->256K(23552K)] 33122K->10146K(56832K), 0.0004030 secs] [Times: user=0.00 sys=0.00, real=0.00 secs] 
236.939: Total time for which application threads were stopped: 0.0005560 seconds, Stopping threads took: 0.0000660 seconds
237.057: Application time: 0.1189800 seconds
237.058: [GC [PSYoungGen: 23296K->256K(23552K)] 33186K->10218K(56832K), 0.0004310 secs] [Times: user=0.00 sys=0.00, real=0.00 secs] 
237.058: Total time for which application threads were stopped: 0.0005670 seconds, Stopping threads took: 0.0000570 seconds
237.177: Application time: 0.1186680 seconds
237.177: [GC [PSYoungGen: 23296K->256K(23552K)] 33258K->10290K(56832K), 0.0004360 secs] [Times: user=0.00 sys=0.00, real=0.00 secs] 
237.177: Total time for which application threads were stopped: 0.0005640 seconds, Stopping threads took: 0.0000530 seconds
237.295: Application time: 0.1173420 seconds
237.295: [GC [PSYoungGen: 23296K->272K(23552K)] 33330K->10354K(56832K), 0.0004330 secs] [Times: user=0.00 sys=0.00, real=0.00 secs] 
237.295: Total time for which application threads were stopped: 0.0005680 seconds, Stopping threads took: 0.0000570 seconds
237.413: Application time: 0.1176040 seconds
237.413: [GC [PSYoungGen: 23312K->272K(23552K)] 33394K->10474K(56832K), 0.0004880 secs] [Times: user=0.00 sys=0.00, real=0.00 secs] 
237.413: Total time for which application threads were stopped: 0.0006280 seconds, Stopping threads took: 0.0000640 seconds
237.531: Application time: 0.1180370 seconds
237.532: [GC [PSYoungGen: 23312K->224K(23552K)] 33514K->10627K(56832K), 0.0005320 secs] [Times: user=0.00 sys=0.00, real=0.00 secs] 
237.532: Total time for which application threads were stopped: 0.0006810 seconds, Stopping threads took: 0.0000650 seconds
237.651: Application time: 0.1190480 seconds
237.651: [GC [PSYoungGen: 23264K->256K(23552K)] 33667K->10779K(56832K), 0.0004320 secs] [Times: user=0.00 sys=0.00, real=0.00 secs] 
237.652: Total time for which application threads were stopped: 0.0005680 seconds, Stopping threads took: 0.0000580 seconds
237.771: Application time: 0.1189510 seconds
237.771: [GC [PSYoungGen: 23296K->256K(23552K)] 33819K->10827K(56832K), 0.0004280 secs] [Times: user=0.01 sys=0.00, real=0.00 secs] 
237.771: Total time for which application threads were stopped: 0.0005980 seconds, Stopping threads took: 0.0000890 seconds
237.891: Application time: 0.1194030 seconds
237.891: [GC [PSYoungGen: 23296K->256K(23552K)] 33867K->10923K(56832K), 0.0004300 secs] [Times: user=0.00 sys=0.00, real=0.00 secs] 
237.891: Total time for which application threads were stopped: 0.0005640 seconds, Stopping threads took: 0.0000560 seconds
238.010: Application time: 0.1185570 seconds
238.010: [GC [PSYoungGen: 23296K->272K(23552K)] 33963K->10987K(56832K), 0.0004190 secs] [Times: user=0.00 sys=0.00, real=0.00 secs] 
238.010: Total time for which application threads were stopped: 0.0005500 seconds, Stopping threads took: 0.0000580 seconds
238.127: Application time: 0.1168640 seconds
238.127: [GC [PSYoungGen: 23312K->336K(23552K)] 34027K->11163K(56832K), 0.0004750 secs] [Times: user=0.00 sys=0.00, real=0.00 secs] 
238.128: Total time for which application threads were stopped: 0.0006270 seconds, Stopping threads took: 0.0000610 seconds
238.246: Application time: 0.1181400 seconds
238.246: [GC [PSYoungGen: 23376K->288K(23552K)] 34203K->11323K(56832K), 0.0004940 secs] [Times: user=0.00 sys=0.00, real=0.00 secs] 
238.247: Total time for which application threads were stopped: 0.0006400 seconds, Stopping threads took: 0.0000590 seconds
238.365: Application time: 0.1184650 seconds
238.365: [GC [PSYoungGen: 23328K->256K(23552K)] 34363K->11403K(56832K), 0.0004380 secs] [Times: user=0.00 sys=0.00, real=0.01 secs] 
238.366: Total time for which application threads were stopped: 0.0005870 seconds, Stopping threads took: 0.0000700 seconds
238.485: Application time: 0.1190250 seconds
238.485: [GC [PSYoungGen: 23296K->256K(23552K)] 34443K->11451K(56832K), 0.0004060 secs] [Times: user=0.00 sys=0.00, real=0.00 secs] 
238.485: Total time for which application threads were stopped: 0.0005490 seconds, Stopping threads took: 0.0000660 seconds
238.605: Application time: 0.1194680 seconds
238.605: [GC [PSYoungGen: 23296K->256K(23552K)] 34491K->11547K(56832K), 0.0004060 secs] [Times: user=0.00 sys=0.00, real=0.00 secs] 
238.605: Total time for which application threads were stopped: 0.0005390 seconds, Stopping threads took: 0.0000570 seconds
238.724: Application time: 0.1185350 seconds
238.724: [GC [PSYoungGen: 23296K->224K(23552K)] 34587K->11563K(56832K), 0.0004210 secs] [Times: user=0.00 sys=0.00, real=0.00 secs] 
238.724: Total time for which application threads were stopped: 0.0005750 seconds, Stopping threads took: 0.0000580 seconds
238.841: Application time: 0.1167730 seconds
238.841: [GC [PSYoungGen: 23264K->368K(23552K)] 34603K->11755K(56832K), 0.0005110 secs] [Times: user=0.01 sys=0.00, real=0.00 secs] 
238.842: Total time for which application threads were stopped: 0.0006570 seconds, Stopping threads took: 0.0000670 seconds
238.960: Application time: 0.1181730 seconds
238.960: [GC [PSYoungGen: 23408K->256K(23552K)] 34795K->11924K(56832K), 0.0005060 secs] [Times: user=0.00 sys=0.00, real=0.00 secs] 
238.961: Total time for which application threads were stopped: 0.0006460 seconds, Stopping threads took: 0.0000620 seconds
239.080: Application time: 0.1188940 seconds
239.080: [GC [PSYoungGen: 23296K->256K(23552K)] 34964K->12044K(56832K), 0.0004320 secs] [Times: user=0.01 sys=0.00, real=0.00 secs] 
239.080: Total time for which application threads were stopped: 0.0005820 seconds, Stopping threads took: 0.0000710 seconds
239.199: Application time: 0.1187040 seconds
239.199: [GC [PSYoungGen: 23296K->256K(23552K)] 35084K->12044K(56832K), 0.0004240 secs] [Times: user=0.00 sys=0.00, real=0.00 secs] 
239.199: Total time for which application threads were stopped: 0.0005550 seconds, Stopping threads took: 0.0000550 seconds
239.318: Application time: 0.1184300 seconds
239.318: [GC [PSYoungGen: 23296K->256K(23552K)] 35084K->12188K(56832K), 0.0004110 secs] [Times: user=0.01 sys=0.00, real=0.00 secs] 
239.318: Total time for which application threads were stopped: 0.0005550 seconds, Stopping threads took: 0.0000560 seconds
239.438: Application time: 0.1195660 seconds
239.438: [GC [PSYoungGen: 23296K->256K(23552K)] 35228K->12236K(56832K), 0.0003930 secs] [Times: user=0.00 sys=0.00, real=0.00 secs] 
239.439: Total time for which application threads were stopped: 0.0005220 seconds, Stopping threads took: 0.0000550 seconds
239.554: Application time: 0.1158400 seconds
239.554: [GC [PSYoungGen: 23296K->384K(23552K)] 35276K->12364K(56832K), 0.0004740 secs] [Times: user=0.00 sys=0.00, real=0.00 secs] 
239.555: Total time for which application threads were stopped: 0.0006110 seconds, Stopping threads took: 0.0000630 seconds
239.673: Application time: 0.1177160 seconds
239.673: [GC [PSYoungGen: 23424K->256K(23552K)] 35404K->12548K(56832K), 0.0005250 secs] [Times: user=0.00 sys=0.00, real=0.00 secs] 
239.673: Total time for which application threads were stopped: 0.0006640 seconds, Stopping threads took: 0.0000600 seconds
239.793: Application time: 0.1195770 seconds
239.793: [GC [PSYoungGen: 23296K->256K(23552K)] 35588K->12676K(56832K), 0.0003880 secs] [Times: user=0.00 sys=0.00, real=0.00 secs] 
239.793: Total time for which application threads were stopped: 0.0005200 seconds, Stopping threads took: 0.0000600 seconds
239.912: Application time: 0.1186330 seconds
239.912: [GC [PSYoungGen: 23296K->256K(23552K)] 35716K->12676K(56832K), 0.0004290 secs] [Times: user=0.00 sys=0.00, real=0.00 secs] 
239.913: Total time for which application threads were stopped: 0.0005920 seconds, Stopping threads took: 0.0000690 seconds
240.032: Application time: 0.1188830 seconds
240.032: [GC [PSYoungGen: 23296K->256K(23552K)] 35716K->12820K(56832K), 0.0004560 secs] [Times: user=0.00 sys=0.00, real=0.00 secs] 
240.032: Total time for which application threads were stopped: 0.0005990 seconds, Stopping threads took: 0.0000620 seconds
240.151: Application time: 0.1186340 seconds
240.151: [GC [PSYoungGen: 23296K->256K(23552K)] 35860K->12868K(56832K), 0.0004060 secs] [Times: user=0.00 sys=0.00, real=0.00 secs] 
240.151: Total time for which application threads were stopped: 0.0005460 seconds, Stopping threads took: 0.0000650 seconds
240.268: Application time: 0.1164900 seconds
240.268: [GC [PSYoungGen: 23296K->368K(23552K)] 35908K->12980K(56832K), 0.0005050 secs] [Times: user=0.00 sys=0.00, real=0.00 secs] 
240.269: Total time for which application threads were stopped: 0.0006460 seconds, Stopping threads took: 0.0000620 seconds
240.387: Application time: 0.1185520 seconds
240.390: [GC [PSYoungGen: 23408K->256K(23552K)] 36020K->13177K(56832K), 0.0005810 secs] [Times: user=0.00 sys=0.00, real=0.00 secs] 
240.390: Total time for which application threads were stopped: 0.0032180 seconds, Stopping threads took: 0.0025600 seconds
240.510: Application time: 0.1197070 seconds
240.510: [GC [PSYoungGen: 23296K->256K(23552K)] 36217K->13313K(56832K), 0.0004610 secs] [Times: user=0.00 sys=0.00, real=0.00 secs] 
240.511: Total time for which application threads were stopped: 0.0006170 seconds, Stopping threads took: 0.0000700 seconds
240.629: Application time: 0.1183880 seconds
240.629: [GC [PSYoungGen: 23296K->256K(23552K)] 36353K->13313K(56832K), 0.0004250 secs] [Times: user=0.00 sys=0.00, real=0.00 secs] 
240.630: Total time for which application threads were stopped: 0.0005810 seconds, Stopping threads took: 0.0000740 seconds
240.748: Application time: 0.1185600 seconds
240.748: [GC [PSYoungGen: 23296K->256K(23552K)] 36353K->13457K(56832K), 0.0004520 secs] [Times: user=0.01 sys=0.00, real=0.00 secs] 
240.749: Total time for which application threads were stopped: 0.0005930 seconds, Stopping threads took: 0.0000600 seconds
240.868: Application time: 0.1196500 seconds
240.869: [GC [PSYoungGen: 23296K->256K(23552K)] 36497K->13505K(56832K), 0.0004250 secs] [Times: user=0.00 sys=0.00, real=0.00 secs] 
240.869: Total time for which application threads were stopped: 0.0005700 seconds, Stopping threads took: 0.0000640 seconds
240.985: Application time: 0.1160800 seconds
240.985: [GC [PSYoungGen: 23296K->400K(23552K)] 36545K->13649K(56832K), 0.0004800 secs] [Times: user=0.00 sys=0.00, real=0.01 secs] 
240.986: Total time for which application threads were stopped: 0.0006200 seconds, Stopping threads took: 0.0000580 seconds
241.103: Application time: 0.1174810 seconds
241.103: [GC [PSYoungGen: 23440K->272K(23552K)] 36689K->13821K(56832K), 0.0005150 secs] [Times: user=0.00 sys=0.00, real=0.00 secs] 
241.104: Total time for which application threads were stopped: 0.0006730 seconds, Stopping threads took: 0.0000690 seconds
241.223: Application time: 0.1193700 seconds
241.223: [GC [PSYoungGen: 23312K->256K(23552K)] 36861K->13933K(56832K), 0.0004150 secs] [Times: user=0.00 sys=0.00, real=0.00 secs] 
241.224: Total time for which application threads were stopped: 0.0005680 seconds, Stopping threads took: 0.0000700 seconds
241.342: Application time: 0.1185610 seconds
241.342: [GC [PSYoungGen: 23296K->256K(23552K)] 36973K->13933K(56832K), 0.0004080 secs] [Times: user=0.01 sys=0.00, real=0.00 secs] 
241.343: Total time for which application threads were stopped: 0.0005400 seconds, Stopping threads took: 0.0000580 seconds
241.462: Application time: 0.1192060 seconds
241.462: [GC [PSYoungGen: 23296K->256K(23552K)] 36973K->14053K(56832K), 0.0004280 secs] [Times: user=0.00 sys=0.00, real=0.00 secs] 
241.463: Total time for which application threads were stopped: 0.0005540 seconds, Stopping threads took: 0.0000510 seconds
241.581: Application time: 0.1187550 seconds
241.581: [GC [PSYoungGen: 23296K->256K(23552K)] 37093K->14125K(56832K), 0.0004400 secs] [Times: user=0.00 sys=0.00, real=0.00 secs] 
241.582: Total time for which application threads were stopped: 0.0005750 seconds, Stopping threads took: 0.0000600 seconds
241.699: Application time: 0.1171710 seconds
241.699: [GC [PSYoungGen: 23296K->336K(23552K)] 37165K->14205K(56832K), 0.0004640 secs] [Times: user=0.00 sys=0.00, real=0.00 secs] 
241.700: Total time for which application threads were stopped: 0.0006240 seconds, Stopping threads took: 0.0000700 seconds
241.817: Application time: 0.1172010 seconds
241.817: [GC [PSYoungGen: 23376K->336K(23552K)] 37245K->14426K(56832K), 0.0005490 secs] [Times: user=0.01 sys=0.00, real=0.01 secs] 
241.818: Total time for which application threads were stopped: 0.0006890 seconds, Stopping threads took: 0.0000590 seconds
241.937: Application time: 0.1190450 seconds
241.937: [GC [PSYoungGen: 23376K->224K(23552K)] 37466K->14514K(56832K), 0.0004880 secs] [Times: user=0.00 sys=0.00, real=0.00 secs] 
241.937: Total time for which application threads were stopped: 0.0006330 seconds, Stopping threads took: 0.0000670 seconds
242.056: Application time: 0.1187710 seconds
242.058: [GC [PSYoungGen: 23264K->256K(23552K)] 37554K->14546K(56832K), 0.0004280 secs] [Times: user=0.00 sys=0.00, real=0.00 secs] 
242.058: Total time for which application threads were stopped: 0.0020200 seconds, Stopping threads took: 0.0015160 seconds
242.177: Application time: 0.1190330 seconds
242.177: [GC [PSYoungGen: 23296K->224K(23552K)] 37586K->14602K(56832K), 0.0004850 secs] [Times: user=0.00 sys=0.00, real=0.01 secs] 
242.178: Total time for which application threads were stopped: 0.0006260 seconds, Stopping threads took: 0.0000600 seconds
242.297: Application time: 0.1194550 seconds
242.297: [GC [PSYoungGen: 23264K->256K(23552K)] 37642K->14730K(56832K), 0.0004390 secs] [Times: user=0.00 sys=0.00, real=0.01 secs] 
242.298: Total time for which application threads were stopped: 0.0006000 seconds, Stopping threads took: 0.0000660 seconds
242.415: Application time: 0.1172130 seconds
242.415: [GC [PSYoungGen: 23296K->288K(23552K)] 37770K->14762K(56832K), 0.0004630 secs] [Times: user=0.00 sys=0.00, real=0.00 secs] 
242.416: Total time for which application threads were stopped: 0.0006220 seconds, Stopping threads took: 0.0000840 seconds
242.532: Application time: 0.1160610 seconds
242.532: [GC [PSYoungGen: 23328K->384K(23552K)] 37802K->15026K(56832K), 0.0005110 secs] [Times: user=0.00 sys=0.00, real=0.00 secs] 
242.532: Total time for which application threads were stopped: 0.0006600 seconds, Stopping threads took: 0.0000680 seconds
242.652: Application time: 0.1191430 seconds
242.652: [GC [PSYoungGen: 23424K->256K(23552K)] 38066K->15146K(56832K), 0.0004530 secs] [Times: user=0.01 sys=0.00, real=0.00 secs] 
242.652: Total time for which application threads were stopped: 0.0005860 seconds, Stopping threads took: 0.0000570 seconds
242.771: Application time: 0.1190680 seconds
242.771: [GC [PSYoungGen: 23296K->256K(23552K)] 38186K->15146K(56832K), 0.0004380 secs] [Times: user=0.00 sys=0.00, real=0.00 secs] 
242.772: Total time for which application threads were stopped: 0.0005720 seconds, Stopping threads took: 0.0000600 seconds
242.891: Application time: 0.1189060 seconds
242.891: [GC [PSYoungGen: 23296K->256K(23552K)] 38186K->15218K(56832K), 0.0004650 secs] [Times: user=0.01 sys=0.00, real=0.00 secs] 
242.891: Total time for which application threads were stopped: 0.0006200 seconds, Stopping threads took: 0.0000710 seconds
243.011: Application time: 0.1194590 seconds
243.011: [GC [PSYoungGen: 23296K->256K(23552K)] 38258K->15338K(56832K), 0.0003840 secs] [Times: user=0.00 sys=0.00, real=0.00 secs] 
243.011: Total time for which application threads were stopped: 0.0005050 seconds, Stopping threads took: 0.0000480 seconds
243.129: Application time: 0.1179720 seconds
243.129: [GC [PSYoungGen: 23296K->304K(23552K)] 38378K->15386K(56832K), 0.0004740 secs] [Times: user=0.00 sys=0.00, real=0.00 secs] 
243.130: Total time for which application threads were stopped: 0.0006150 seconds, Stopping threads took: 0.0000610 seconds
243.246: Application time: 0.1165900 seconds
243.247: [GC [PSYoungGen: 23344K->400K(23552K)] 38426K->15659K(56832K), 0.0005130 secs] [Times: user=0.00 sys=0.00, real=0.00 secs] 
243.247: Total time for which application threads were stopped: 0.0006600 seconds, Stopping threads took: 0.0000710 seconds
243.366: Application time: 0.1190600 seconds
243.366: [GC [PSYoungGen: 23440K->224K(23552K)] 38699K->15735K(56832K), 0.0005020 secs] [Times: user=0.01 sys=0.00, real=0.00 secs] 
243.367: Total time for which application threads were stopped: 0.0006260 seconds, Stopping threads took: 0.0000510 seconds
243.485: Application time: 0.1181490 seconds
243.485: [GC [PSYoungGen: 23264K->256K(23552K)] 38775K->15767K(56832K), 0.0004730 secs] [Times: user=0.00 sys=0.00, real=0.00 secs] 
243.486: Total time for which application threads were stopped: 0.0006270 seconds, Stopping threads took: 0.0000610 seconds
243.604: Application time: 0.1184020 seconds
243.604: [GC [PSYoungGen: 23296K->256K(23552K)] 38807K->15839K(56832K), 0.0004330 secs] [Times: user=0.01 sys=0.00, real=0.00 secs] 
243.605: Total time for which application threads were stopped: 0.0005890 seconds, Stopping threads took: 0.0000720 seconds
243.724: Application time: 0.1195160 seconds
243.724: [GC [PSYoungGen: 23296K->256K(23552K)] 38879K->15959K(56832K), 0.0004060 secs] [Times: user=0.00 sys=0.00, real=0.00 secs] 
243.725: Total time for which application threads were stopped: 0.0005350 seconds, Stopping threads took: 0.0000550 seconds
243.842: Application time: 0.1176880 seconds
243.842: [GC [PSYoungGen: 23296K->320K(23552K)] 38999K->16023K(56832K), 0.0004320 secs] [Times: user=0.01 sys=0.00, real=0.00 secs] 
243.843: Total time for which application threads were stopped: 0.0005630 seconds, Stopping threads took: 0.0000530 seconds
243.960: Application time: 0.1171400 seconds
243.962: [GC [PSYoungGen: 23360K->336K(23552K)] 39063K->16211K(56832K), 0.0005480 secs] [Times: user=0.01 sys=0.00, real=0.00 secs] 
243.962: Total time for which application threads were stopped: 0.0022300 seconds, Stopping threads took: 0.0016060 seconds
244.081: Application time: 0.1184180 seconds
244.081: [GC [PSYoungGen: 23376K->256K(23552K)] 39251K->16399K(56832K), 0.0004750 secs] [Times: user=0.01 sys=0.00, real=0.00 secs] 
244.081: Total time for which application threads were stopped: 0.0006230 seconds, Stopping threads took: 0.0000590 seconds
244.200: Application time: 0.1191690 seconds
244.201: [GC [PSYoungGen: 23296K->256K(23552K)] 39439K->16399K(56832K), 0.0004190 secs] [Times: user=0.00 sys=0.00, real=0.00 secs] 
244.201: Total time for which application threads were stopped: 0.0005640 seconds, Stopping threads took: 0.0000660 seconds
244.320: Application time: 0.1186220 seconds
244.320: [GC [PSYoungGen: 23296K->224K(23552K)] 39439K->16415K(56832K), 0.0004410 secs] [Times: user=0.00 sys=0.00, real=0.00 secs] 
244.320: Total time for which application threads were stopped: 0.0005930 seconds, Stopping threads took: 0.0000750 seconds
244.439: Application time: 0.1187140 seconds
244.439: [GC [PSYoungGen: 23264K->256K(23552K)] 39455K->16567K(56832K), 0.0004400 secs] [Times: user=0.00 sys=0.00, real=0.00 secs] 
244.440: Total time for which application threads were stopped: 0.0005790 seconds, Stopping threads took: 0.0000630 seconds
244.558: Application time: 0.1182240 seconds
244.558: [GC [PSYoungGen: 23296K->272K(23552K)] 39607K->16607K(56832K), 0.0004550 secs] [Times: user=0.00 sys=0.00, real=0.00 secs] 
244.558: Total time for which application threads were stopped: 0.0005920 seconds, Stopping threads took: 0.0000570 seconds
244.676: Application time: 0.1171600 seconds
244.676: [GC [PSYoungGen: 23312K->304K(23552K)] 39647K->16751K(56832K), 0.0004870 secs] [Times: user=0.00 sys=0.00, real=0.00 secs] 
244.676: Total time for which application threads were stopped: 0.0006390 seconds, Stopping threads took: 0.0000660 seconds
244.794: Application time: 0.1182470 seconds
244.795: [GC [PSYoungGen: 23344K->272K(23552K)] 39791K->16920K(56832K), 0.0004710 secs] [Times: user=0.00 sys=0.00, real=0.00 secs] 
244.795: Total time for which application threads were stopped: 0.0006030 seconds, Stopping threads took: 0.0000630 seconds
244.914: Application time: 0.1192610 seconds
244.914: [GC [PSYoungGen: 23312K->192K(23552K)] 39960K->16952K(56832K), 0.0004230 secs] [Times: user=0.00 sys=0.00, real=0.00 secs] 
244.915: Total time for which application threads were stopped: 0.0005670 seconds, Stopping threads took: 0.0000690 seconds
245.034: Application time: 0.1188840 seconds
245.034: [GC [PSYoungGen: 23232K->256K(23552K)] 39992K->17064K(56832K), 0.0004200 secs] [Times: user=0.01 sys=0.00, real=0.00 secs] 
245.034: Total time for which application threads were stopped: 0.0005560 seconds, Stopping threads took: 0.0000620 seconds
245.153: Application time: 0.1186930 seconds
245.153: [GC [PSYoungGen: 23296K->224K(23552K)] 40104K->17128K(56832K), 0.0004860 secs] [Times: user=0.00 sys=0.00, real=0.00 secs] 
245.154: Total time for which application threads were stopped: 0.0006410 seconds, Stopping threads took: 0.0000740 seconds
245.272: Application time: 0.1185600 seconds
245.274: [GC [PSYoungGen: 23264K->272K(23552K)] 40168K->17224K(56832K), 0.0004140 secs] [Times: user=0.00 sys=0.00, real=0.00 secs] 
245.274: Total time for which application threads were stopped: 0.0018970 seconds, Stopping threads took: 0.0013960 seconds
245.391: Application time: 0.1168710 seconds
245.391: [GC [PSYoungGen: 23312K->320K(23552K)] 40264K->17344K(56832K), 0.0004860 secs] [Times: user=0.00 sys=0.00, real=0.00 secs] 
245.392: Total time for which application threads were stopped: 0.0006380 seconds, Stopping threads took: 0.0000740 seconds
245.510: Application time: 0.1180860 seconds
245.510: [GC [PSYoungGen: 23360K->256K(23552K)] 40384K->17536K(56832K), 0.0005170 secs] [Times: user=0.01 sys=0.00, real=0.00 secs] 
245.510: Total time for which application threads were stopped: 0.0006860 seconds, Stopping threads took: 0.0000880 seconds
245.629: Application time: 0.1188960 seconds
245.629: [GC [PSYoungGen: 23296K->256K(23552K)] 40576K->17672K(56832K), 0.0004300 secs] [Times: user=0.00 sys=0.00, real=0.00 secs] 
245.630: Total time for which application threads were stopped: 0.0005630 seconds, Stopping threads took: 0.0000580 seconds
245.749: Application time: 0.1191760 seconds
245.749: [GC [PSYoungGen: 23296K->256K(23552K)] 40712K->17696K(56832K), 0.0004910 secs] [Times: user=0.00 sys=0.00, real=0.00 secs] 
245.750: Total time for which application threads were stopped: 0.0006240 seconds, Stopping threads took: 0.0000570 seconds
245.869: Application time: 0.1189110 seconds
245.869: [GC [PSYoungGen: 23296K->256K(23552K)] 40736K->17816K(56832K), 0.0004370 secs] [Times: user=0.00 sys=0.00, real=0.00 secs] 
245.869: Total time for which application threads were stopped: 0.0005830 seconds, Stopping threads took: 0.0000620 seconds
245.988: Application time: 0.1185900 seconds
245.988: [GC [PSYoungGen: 23296K->256K(23552K)] 40856K->17864K(56832K), 0.0004120 secs] [Times: user=0.00 sys=0.00, real=0.00 secs] 
245.988: Total time for which application threads were stopped: 0.0005360 seconds, Stopping threads took: 0.0000520 seconds
246.105: Application time: 0.1171110 seconds
246.106: [GC [PSYoungGen: 23296K->384K(23552K)] 40904K->17992K(56832K), 0.0005010 secs] [Times: user=0.00 sys=0.01, real=0.01 secs] 
246.106: Total time for which application threads were stopped: 0.0006420 seconds, Stopping threads took: 0.0000630 seconds
246.224: Application time: 0.1178470 seconds
246.224: [GC [PSYoungGen: 23424K->320K(23552K)] 41032K->18233K(56832K), 0.0005370 secs] [Times: user=0.00 sys=0.00, real=0.00 secs] 
246.225: Total time for which application threads were stopped: 0.0006690 seconds, Stopping threads took: 0.0000540 seconds
246.344: Application time: 0.1193650 seconds
246.344: [GC [PSYoungGen: 23360K->256K(23552K)] 41273K->18297K(56832K), 0.0004480 secs] [Times: user=0.01 sys=0.00, real=0.00 secs] 
246.345: Total time for which application threads were stopped: 0.0005950 seconds, Stopping threads took: 0.0000670 seconds
246.463: Application time: 0.1182580 seconds
246.463: [GC [PSYoungGen: 23296K->256K(23552K)] 41337K->18297K(56832K), 0.0004160 secs] [Times: user=0.00 sys=0.00, real=0.00 secs] 
246.463: Total time for which application threads were stopped: 0.0005570 seconds, Stopping threads took: 0.0000580 seconds
246.583: Application time: 0.1193360 seconds
246.583: [GC [PSYoungGen: 23296K->224K(23552K)] 41337K->18401K(56832K), 0.0005140 secs] [Times: user=0.00 sys=0.00, real=0.00 secs] 
246.586: Total time for which application threads were stopped: 0.0028520 seconds, Stopping threads took: 0.0000690 seconds
246.705: Application time: 0.1192490 seconds
246.705: [GC [PSYoungGen: 23264K->256K(23552K)] 41441K->18481K(56832K), 0.0004700 secs] [Times: user=0.00 sys=0.00, real=0.00 secs] 
246.705: Total time for which application threads were stopped: 0.0006490 seconds, Stopping threads took: 0.0000960 seconds
246.822: Application time: 0.1163750 seconds
246.822: [GC [PSYoungGen: 23296K->368K(23552K)] 41521K->18593K(56832K), 0.0005030 secs] [Times: user=0.00 sys=0.00, real=0.00 secs] 
246.822: Total time for which application threads were stopped: 0.0006460 seconds, Stopping threads took: 0.0000620 seconds
246.940: Application time: 0.1174700 seconds
246.940: [GC [PSYoungGen: 23408K->256K(23552K)] 41633K->18789K(56832K), 0.0005710 secs] [Times: user=0.00 sys=0.00, real=0.00 secs] 
246.941: Total time for which application threads were stopped: 0.0007210 seconds, Stopping threads took: 0.0000680 seconds
247.060: Application time: 0.1190730 seconds
247.060: [GC [PSYoungGen: 23296K->256K(23552K)] 41829K->18917K(56832K), 0.0004410 secs] [Times: user=0.00 sys=0.00, real=0.00 secs] 
247.060: Total time for which application threads were stopped: 0.0006240 seconds, Stopping threads took: 0.0000850 seconds
247.179: Application time: 0.1186140 seconds
247.179: [GC [PSYoungGen: 23296K->224K(23552K)] 41957K->18885K(56832K), 0.0004660 secs] [Times: user=0.00 sys=0.00, real=0.00 secs] 
247.180: Total time for which application threads were stopped: 0.0006110 seconds, Stopping threads took: 0.0000610 seconds
247.299: Application time: 0.1192590 seconds
247.299: [GC [PSYoungGen: 23264K->256K(23552K)] 41925K->19061K(56832K), 0.0004380 secs] [Times: user=0.00 sys=0.00, real=0.00 secs] 
247.299: Total time for which application threads were stopped: 0.0005800 seconds, Stopping threads took: 0.0000700 seconds
247.419: Application time: 0.1198380 seconds
247.419: [GC [PSYoungGen: 23296K->224K(23552K)] 42101K->19077K(56832K), 0.0004690 secs] [Times: user=0.00 sys=0.00, real=0.00 secs] 
247.420: Total time for which application threads were stopped: 0.0006020 seconds, Stopping threads took: 0.0000610 seconds
247.536: Application time: 0.1158430 seconds
247.536: [GC [PSYoungGen: 23264K->384K(23552K)] 42117K->19237K(56832K), 0.0004710 secs] [Times: user=0.00 sys=0.00, real=0.00 secs] 
247.536: Total time for which application threads were stopped: 0.0006090 seconds, Stopping threads took: 0.0000620 seconds
247.654: Application time: 0.1178870 seconds
247.654: [GC [PSYoungGen: 23424K->256K(23552K)] 42277K->19414K(56832K), 0.0005420 secs] [Times: user=0.01 sys=0.00, real=0.00 secs] 
247.655: Total time for which application threads were stopped: 0.0006950 seconds, Stopping threads took: 0.0000600 seconds
247.774: Application time: 0.1188400 seconds
247.774: [GC [PSYoungGen: 23296K->224K(23552K)] 42454K->19510K(56832K), 0.0006740 secs] [Times: user=0.00 sys=0.00, real=0.00 secs] 
247.775: Total time for which application threads were stopped: 0.0009430 seconds, Stopping threads took: 0.0001680 seconds
247.894: Application time: 0.1192610 seconds
247.894: [GC [PSYoungGen: 23264K->256K(23552K)] 42550K->19542K(56832K), 0.0004370 secs] [Times: user=0.00 sys=0.00, real=0.00 secs] 
247.895: Total time for which application threads were stopped: 0.0005650 seconds, Stopping threads took: 0.0000540 seconds
248.013: Application time: 0.1181440 seconds
248.013: [GC [PSYoungGen: 23296K->256K(23552K)] 42582K->19662K(56832K), 0.0004410 secs] [Times: user=0.00 sys=0.00, real=0.00 secs] 
248.013: Total time for which application threads were stopped: 0.0005770 seconds, Stopping threads took: 0.0000630 seconds
248.132: Application time: 0.1183920 seconds
248.132: [GC [PSYoungGen: 23296K->256K(23552K)] 42702K->19734K(56832K), 0.0004390 secs] [Times: user=0.00 sys=0.00, real=0.00 secs] 
248.132: Total time for which application threads were stopped: 0.0005820 seconds, Stopping threads took: 0.0000620 seconds
248.248: Application time: 0.1161580 seconds
248.249: [GC [PSYoungGen: 23296K->336K(23552K)] 42774K->19814K(56832K), 0.0005020 secs] [Times: user=0.00 sys=0.00, real=0.00 secs] 
248.249: Total time for which application threads were stopped: 0.0006410 seconds, Stopping threads took: 0.0000570 seconds
248.366: Application time: 0.1172930 seconds
248.366: [GC [PSYoungGen: 23376K->272K(23552K)] 42854K->20010K(56832K), 0.0006110 secs] [Times: user=0.00 sys=0.00, real=0.00 secs] 
248.367: Total time for which application threads were stopped: 0.0007570 seconds, Stopping threads took: 0.0000630 seconds
248.486: Application time: 0.1188560 seconds
248.486: [GC [PSYoungGen: 23312K->256K(23552K)] 43050K->20162K(56832K), 0.0004910 secs] [Times: user=0.00 sys=0.00, real=0.00 secs] 
248.487: Total time for which application threads were stopped: 0.0006460 seconds, Stopping threads took: 0.0000720 seconds
248.605: Application time: 0.1184820 seconds
248.610: [GC [PSYoungGen: 23296K->256K(23552K)] 43202K->20162K(56832K), 0.0005070 secs] [Times: user=0.00 sys=0.00, real=0.00 secs] 
248.610: Total time for which application threads were stopped: 0.0051190 seconds, Stopping threads took: 0.0045300 seconds
248.730: Application time: 0.1193320 seconds
248.730: [GC [PSYoungGen: 23296K->224K(23552K)] 43202K->20218K(56832K), 0.0005250 secs] [Times: user=0.00 sys=0.00, real=0.00 secs] 
248.730: Total time for which application threads were stopped: 0.0006910 seconds, Stopping threads took: 0.0000910 seconds
248.850: Application time: 0.1194950 seconds
248.854: [GC [PSYoungGen: 23264K->256K(23552K)] 43258K->20346K(56832K), 0.0004410 secs] [Times: user=0.00 sys=0.00, real=0.00 secs] 
248.854: Total time for which application threads were stopped: 0.0044280 seconds, Stopping threads took: 0.0039010 seconds
248.972: Application time: 0.1174510 seconds
248.972: [GC [PSYoungGen: 23296K->256K(23552K)] 43386K->20346K(56832K), 0.0004500 secs] [Times: user=0.00 sys=0.00, real=0.00 secs] 
248.972: Total time for which application threads were stopped: 0.0006010 seconds, Stopping threads took: 0.0000750 seconds
249.089: Application time: 0.1163560 seconds
249.089: [GC [PSYoungGen: 23296K->368K(23552K)] 43386K->20635K(56832K), 0.0005230 secs] [Times: user=0.01 sys=0.00, real=0.00 secs] 
249.089: Total time for which application threads were stopped: 0.0006720 seconds, Stopping threads took: 0.0000680 seconds
249.209: Application time: 0.1194030 seconds
249.209: [GC [PSYoungGen: 23408K->224K(23552K)] 43675K->20751K(56832K), 0.0005390 secs] [Times: user=0.00 sys=0.00, real=0.00 secs] 
249.209: Total time for which application threads were stopped: 0.0006850 seconds, Stopping threads took: 0.0000650 seconds
249.328: Application time: 0.1190340 seconds
249.328: [GC [PSYoungGen: 23264K->224K(23552K)] 43791K->20751K(56832K), 0.0004300 secs] [Times: user=0.00 sys=0.00, real=0.00 secs] 
249.329: Total time for which application threads were stopped: 0.0005570 seconds, Stopping threads took: 0.0000510 seconds
249.448: Application time: 0.1190600 seconds
249.448: [GC [PSYoungGen: 23264K->224K(23552K)] 43791K->20815K(56832K), 0.0004800 secs] [Times: user=0.00 sys=0.00, real=0.00 secs] 
249.449: Total time for which application threads were stopped: 0.0006610 seconds, Stopping threads took: 0.0000940 seconds
249.568: Application time: 0.1191100 seconds
249.568: [GC [PSYoungGen: 23264K->256K(23552K)] 43855K->20967K(56832K), 0.0004420 secs] [Times: user=0.00 sys=0.00, real=0.00 secs] 
249.568: Total time for which application threads were stopped: 0.0005690 seconds, Stopping threads took: 0.0000540 seconds
249.686: Application time: 0.1175450 seconds
249.686: [GC [PSYoungGen: 23296K->304K(23552K)] 44007K->21015K(56832K), 0.0004550 secs] [Times: user=0.00 sys=0.00, real=0.00 secs] 
249.686: Total time for which application threads were stopped: 0.0005920 seconds, Stopping threads took: 0.0000590 seconds
249.803: Application time: 0.1164680 seconds
249.803: [GC [PSYoungGen: 23344K->336K(23552K)] 44055K->21199K(56832K), 0.0005980 secs] [Times: user=0.00 sys=0.00, real=0.00 secs] 
249.804: Total time for which application threads were stopped: 0.0007240 seconds, Stopping threads took: 0.0000500 seconds
249.923: Application time: 0.1191600 seconds
249.923: [GC [PSYoungGen: 23376K->256K(23552K)] 44239K->21387K(56832K), 0.0004690 secs] [Times: user=0.00 sys=0.00, real=0.00 secs] 
249.923: Total time for which application threads were stopped: 0.0006030 seconds, Stopping threads took: 0.0000590 seconds
250.043: Application time: 0.1195750 seconds
250.043: [GC [PSYoungGen: 23296K->240K(23552K)] 44427K->21371K(56832K), 0.0004550 secs] [Times: user=0.00 sys=0.00, real=0.00 secs] 
250.044: Total time for which application threads were stopped: 0.0006060 seconds, Stopping threads took: 0.0000500 seconds
250.163: Application time: 0.1189390 seconds
250.163: [GC [PSYoungGen: 23280K->224K(23552K)] 44411K->21427K(56832K), 0.0004800 secs] [Times: user=0.01 sys=0.00, real=0.00 secs] 
250.163: Total time for which application threads were stopped: 0.0006180 seconds, Stopping threads took: 0.0000630 seconds
250.282: Application time: 0.1193280 seconds
250.283: [GC [PSYoungGen: 23264K->256K(23552K)] 44467K->21579K(56832K), 0.0004370 secs] [Times: user=0.00 sys=0.00, real=0.00 secs] 
250.283: Total time for which application threads were stopped: 0.0005650 seconds, Stopping threads took: 0.0000550 seconds
250.401: Application time: 0.1175740 seconds
250.401: [GC [PSYoungGen: 23296K->256K(23552K)] 44619K->21579K(56832K), 0.0004900 secs] [Times: user=0.00 sys=0.00, real=0.00 secs] 
250.401: Total time for which application threads were stopped: 0.0006330 seconds, Stopping threads took: 0.0000640 seconds
250.518: Application time: 0.1166810 seconds
250.518: [GC [PSYoungGen: 23296K->368K(23552K)] 44619K->21860K(56832K), 0.0005080 secs] [Times: user=0.00 sys=0.00, real=0.00 secs] 
250.519: Total time for which application threads were stopped: 0.0006370 seconds, Stopping threads took: 0.0000530 seconds
250.638: Application time: 0.1191430 seconds
250.638: [GC [PSYoungGen: 23408K->256K(23552K)] 44900K->22012K(56832K), 0.0004900 secs] [Times: user=0.00 sys=0.00, real=0.00 secs] 
250.638: Total time for which application threads were stopped: 0.0006420 seconds, Stopping threads took: 0.0000660 seconds
250.757: Application time: 0.1187310 seconds
250.757: [GC [PSYoungGen: 23296K->256K(23552K)] 45052K->22012K(56832K), 0.0004310 secs] [Times: user=0.01 sys=0.00, real=0.01 secs] 
250.758: Total time for which application threads were stopped: 0.0005720 seconds, Stopping threads took: 0.0000590 seconds
250.876: Application time: 0.1184550 seconds
250.878: [GC [PSYoungGen: 23296K->256K(23552K)] 45052K->22060K(56832K), 0.0005000 secs] [Times: user=0.00 sys=0.00, real=0.00 secs] 
250.878: Total time for which application threads were stopped: 0.0020490 seconds, Stopping threads took: 0.0014680 seconds
250.997: Application time: 0.1186470 seconds
250.997: [GC [PSYoungGen: 23296K->256K(23552K)] 45100K->22204K(56832K), 0.0004500 secs] [Times: user=0.00 sys=0.00, real=0.00 secs] 
250.997: Total time for which application threads were stopped: 0.0005970 seconds, Stopping threads took: 0.0000700 seconds
251.116: Application time: 0.1180580 seconds
251.116: [GC [PSYoungGen: 23296K->256K(23552K)] 45244K->22204K(56832K), 0.0004270 secs] [Times: user=0.00 sys=0.00, real=0.00 secs] 
251.116: Total time for which application threads were stopped: 0.0005540 seconds, Stopping threads took: 0.0000540 seconds
251.232: Application time: 0.1157010 seconds
251.232: [GC [PSYoungGen: 23296K->400K(23552K)] 45244K->22476K(56832K), 0.0005070 secs] [Times: user=0.01 sys=0.00, real=0.00 secs] 
251.232: Total time for which application threads were stopped: 0.0006410 seconds, Stopping threads took: 0.0000540 seconds
251.352: Application time: 0.1192710 seconds
251.352: [GC [PSYoungGen: 23440K->256K(23552K)] 45516K->22628K(56832K), 0.0005020 secs] [Times: user=0.00 sys=0.00, real=0.00 secs] 
251.352: Total time for which application threads were stopped: 0.0006640 seconds, Stopping threads took: 0.0000830 seconds
251.472: Application time: 0.1193800 seconds
251.472: [GC [PSYoungGen: 23296K->256K(23552K)] 45668K->22628K(56832K), 0.0004150 secs] [Times: user=0.00 sys=0.00, real=0.00 secs] 
251.472: Total time for which application threads were stopped: 0.0005530 seconds, Stopping threads took: 0.0000610 seconds
251.591: Application time: 0.1185290 seconds
251.591: [GC [PSYoungGen: 23296K->256K(23552K)] 45668K->22676K(56832K), 0.0004860 secs] [Times: user=0.00 sys=0.00, real=0.00 secs] 
251.593: Total time for which application threads were stopped: 0.0017280 seconds, Stopping threads took: 0.0000590 seconds
251.712: Application time: 0.1190540 seconds
251.712: [GC [PSYoungGen: 23296K->256K(23552K)] 45716K->22820K(56832K), 0.0004460 secs] [Times: user=0.00 sys=0.00, real=0.00 secs] 
251.712: Total time for which application threads were stopped: 0.0005840 seconds, Stopping threads took: 0.0000590 seconds
251.831: Application time: 0.1188350 seconds
251.831: [GC [PSYoungGen: 23296K->288K(23552K)] 45860K->22852K(56832K), 0.0004310 secs] [Times: user=0.00 sys=0.00, real=0.00 secs] 
251.832: Total time for which application threads were stopped: 0.0005700 seconds, Stopping threads took: 0.0000550 seconds
251.948: Application time: 0.1164880 seconds
251.950: [GC [PSYoungGen: 23328K->384K(23552K)] 45892K->23045K(56832K), 0.0005450 secs] [Times: user=0.00 sys=0.00, real=0.00 secs] 
251.950: Total time for which application threads were stopped: 0.0021460 seconds, Stopping threads took: 0.0015230 seconds
252.068: Application time: 0.1178490 seconds
252.068: [GC [PSYoungGen: 23424K->256K(23552K)] 46085K->23197K(56832K), 0.0005280 secs] [Times: user=0.01 sys=0.00, real=0.00 secs] 
252.069: Total time for which application threads were stopped: 0.0006670 seconds, Stopping threads took: 0.0000600 seconds
252.188: Application time: 0.1193090 seconds
252.188: [GC [PSYoungGen: 23296K->256K(23552K)] 46237K->23277K(56832K), 0.0004310 secs] [Times: user=0.00 sys=0.00, real=0.00 secs] 
252.189: Total time for which application threads were stopped: 0.0005760 seconds, Stopping threads took: 0.0000670 seconds
252.308: Application time: 0.1189860 seconds
252.308: [GC [PSYoungGen: 23296K->256K(23552K)] 46317K->23301K(56832K), 0.0004380 secs] [Times: user=0.01 sys=0.00, real=0.00 secs] 
252.308: Total time for which application threads were stopped: 0.0005870 seconds, Stopping threads took: 0.0000750 seconds
252.427: Application time: 0.1192460 seconds
252.428: [GC [PSYoungGen: 23296K->224K(23552K)] 46341K->23405K(56832K), 0.0004830 secs] [Times: user=0.00 sys=0.00, real=0.00 secs] 
252.428: Total time for which application threads were stopped: 0.0006340 seconds, Stopping threads took: 0.0000620 seconds
252.547: Application time: 0.1186150 seconds
252.547: [GC [PSYoungGen: 23264K->192K(23552K)] 46445K->23397K(56832K), 0.0004530 secs] [Times: user=0.00 sys=0.00, real=0.00 secs] 
252.547: Total time for which application threads were stopped: 0.0005810 seconds, Stopping threads took: 0.0000530 seconds
252.663: Application time: 0.1161620 seconds
252.664: [GC [PSYoungGen: 23232K->352K(23552K)] 46437K->23621K(56832K), 0.0005170 secs] [Times: user=0.00 sys=0.00, real=0.00 secs] 
252.664: Total time for which application threads were stopped: 0.0006510 seconds, Stopping threads took: 0.0000600 seconds
252.782: Application time: 0.1182310 seconds
252.786: [GC [PSYoungGen: 23392K->256K(23552K)] 46661K->23785K(56832K), 0.0005560 secs] [Times: user=0.00 sys=0.00, real=0.00 secs] 
252.786: Total time for which application threads were stopped: 0.0038990 seconds, Stopping threads took: 0.0032700 seconds
252.906: Application time: 0.1192890 seconds
252.906: [GC [PSYoungGen: 23296K->224K(23552K)] 46825K->23865K(56832K), 0.0004860 secs] [Times: user=0.01 sys=0.00, real=0.00 secs] 
252.906: Total time for which application threads were stopped: 0.0006410 seconds, Stopping threads took: 0.0000740 seconds
253.025: Application time: 0.1186040 seconds
253.025: [GC [PSYoungGen: 23264K->256K(23552K)] 46905K->23921K(56832K), 0.0004870 secs] [Times: user=0.00 sys=0.00, real=0.00 secs] 
253.025: Total time for which application threads were stopped: 0.0006490 seconds, Stopping threads took: 0.0000710 seconds
253.144: Application time: 0.1189900 seconds
253.145: [GC [PSYoungGen: 23296K->256K(23552K)] 46961K->24033K(56832K), 0.0004690 secs] [Times: user=0.01 sys=0.00, real=0.00 secs] 
253.145: Total time for which application threads were stopped: 0.0005990 seconds, Stopping threads took: 0.0000530 seconds
253.265: Application time: 0.1196880 seconds
253.265: [GC [PSYoungGen: 23296K->256K(23552K)] 47073K->24081K(56832K), 0.0004050 secs] [Times: user=0.00 sys=0.00, real=0.00 secs] 
253.265: Total time for which application threads were stopped: 0.0005500 seconds, Stopping threads took: 0.0000640 seconds
253.381: Application time: 0.1158810 seconds
253.381: [GC [PSYoungGen: 23296K->352K(23552K)] 47121K->24178K(56832K), 0.0004960 secs] [Times: user=0.01 sys=0.00, real=0.00 secs] 
253.382: Total time for which application threads were stopped: 0.0006320 seconds, Stopping threads took: 0.0000570 seconds
253.499: Application time: 0.1176310 seconds
253.500: [GC [PSYoungGen: 23392K->320K(23552K)] 47218K->24458K(56832K), 0.0005660 secs] [Times: user=0.01 sys=0.00, real=0.00 secs] 
253.500: Total time for which application threads were stopped: 0.0007020 seconds, Stopping threads took: 0.0000620 seconds
253.619: Application time: 0.1191610 seconds
253.619: [GC [PSYoungGen: 23360K->256K(23552K)] 47498K->24522K(56832K), 0.0004450 secs] [Times: user=0.00 sys=0.00, real=0.00 secs] 
253.620: Total time for which application threads were stopped: 0.0005990 seconds, Stopping threads took: 0.0000630 seconds
253.738: Application time: 0.1183290 seconds
253.738: [GC [PSYoungGen: 23296K->256K(23552K)] 47562K->24522K(56832K), 0.0004460 secs] [Times: user=0.00 sys=0.00, real=0.00 secs] 
253.739: Total time for which application threads were stopped: 0.0005710 seconds, Stopping threads took: 0.0000520 seconds
253.859: Application time: 0.1197480 seconds
253.859: [GC [PSYoungGen: 23296K->256K(23552K)] 47562K->24666K(56832K), 0.0004440 secs] [Times: user=0.01 sys=0.00, real=0.00 secs] 
253.859: Total time for which application threads were stopped: 0.0005760 seconds, Stopping threads took: 0.0000560 seconds
253.978: Application time: 0.1190090 seconds
253.978: [GC [PSYoungGen: 23296K->192K(23552K)] 47706K->24650K(56832K), 0.0004990 secs] [Times: user=0.00 sys=0.00, real=0.00 secs] 
253.979: Total time for which application threads were stopped: 0.0006360 seconds, Stopping threads took: 0.0000600 seconds
254.094: Application time: 0.1157300 seconds
254.095: [GC [PSYoungGen: 23232K->416K(23552K)] 47690K->24874K(56832K), 0.0004980 secs] [Times: user=0.00 sys=0.00, real=0.00 secs] 
254.095: Total time for which application threads were stopped: 0.0006330 seconds, Stopping threads took: 0.0000530 seconds
254.213: Application time: 0.1175420 seconds
254.213: [GC [PSYoungGen: 23456K->320K(23552K)] 47914K->25078K(56832K), 0.0005310 secs] [Times: user=0.00 sys=0.00, real=0.00 secs] 
254.213: Total time for which application threads were stopped: 0.0006670 seconds, Stopping threads took: 0.0000550 seconds
254.332: Application time: 0.1191450 seconds
254.333: [GC [PSYoungGen: 23360K->256K(23552K)] 48118K->25142K(56832K), 0.0004340 secs] [Times: user=0.00 sys=0.00, real=0.00 secs] 
254.333: Total time for which application threads were stopped: 0.0005690 seconds, Stopping threads took: 0.0000610 seconds
254.451: Application time: 0.1183640 seconds
254.452: [GC [PSYoungGen: 23296K->256K(23552K)] 48182K->25142K(56832K), 0.0004550 secs] [Times: user=0.00 sys=0.00, real=0.00 secs] 
254.452: Total time for which application threads were stopped: 0.0006050 seconds, Stopping threads took: 0.0000670 seconds
254.571: Application time: 0.1194420 seconds
254.572: [GC [PSYoungGen: 23296K->256K(23552K)] 48182K->25286K(56832K), 0.0004810 secs] [Times: user=0.00 sys=0.00, real=0.00 secs] 
254.572: Total time for which application threads were stopped: 0.0006140 seconds, Stopping threads took: 0.0000560 seconds
254.691: Application time: 0.1189760 seconds
254.691: [GC [PSYoungGen: 23296K->256K(23552K)] 48326K->25335K(56832K), 0.0004080 secs] [Times: user=0.00 sys=0.00, real=0.00 secs] 
254.692: Total time for which application threads were stopped: 0.0005650 seconds, Stopping threads took: 0.0000790 seconds
254.808: Application time: 0.1165550 seconds
254.808: [GC [PSYoungGen: 23296K->336K(23552K)] 48375K->25415K(56832K), 0.0004700 secs] [Times: user=0.00 sys=0.00, real=0.00 secs] 
254.809: Total time for which application threads were stopped: 0.0006170 seconds, Stopping threads took: 0.0000610 seconds
254.926: Application time: 0.1167010 seconds
254.926: [GC [PSYoungGen: 23376K->288K(23552K)] 48455K->25619K(56832K), 0.0005430 secs] [Times: user=0.00 sys=0.00, real=0.00 secs] 
254.926: Total time for which application threads were stopped: 0.0006950 seconds, Stopping threads took: 0.0000740 seconds
255.045: Application time: 0.1192190 seconds
255.046: [GC [PSYoungGen: 23328K->256K(23552K)] 48659K->25779K(56832K), 0.0004930 secs] [Times: user=0.00 sys=0.00, real=0.01 secs] 
255.046: Total time for which application threads were stopped: 0.0006360 seconds, Stopping threads took: 0.0000660 seconds
255.165: Application time: 0.1185540 seconds
255.165: [GC [PSYoungGen: 23296K->256K(23552K)] 48819K->25779K(56832K), 0.0004220 secs] [Times: user=0.00 sys=0.00, real=0.00 secs] 
255.165: Total time for which application threads were stopped: 0.0005480 seconds, Stopping threads took: 0.0000520 seconds
255.284: Application time: 0.1187780 seconds
255.284: [GC [PSYoungGen: 23296K->256K(23552K)] 48819K->25875K(56832K), 0.0004560 secs] [Times: user=0.00 sys=0.00, real=0.00 secs] 
255.285: Total time for which application threads were stopped: 0.0005870 seconds, Stopping threads took: 0.0000570 seconds
255.404: Application time: 0.1193700 seconds
255.404: [GC [PSYoungGen: 23296K->256K(23552K)] 48915K->25971K(56832K), 0.0004490 secs] [Times: user=0.00 sys=0.00, real=0.00 secs] 
255.405: Total time for which application threads were stopped: 0.0006020 seconds, Stopping threads took: 0.0000620 seconds
255.521: Application time: 0.1163450 seconds
255.521: [GC [PSYoungGen: 23296K->304K(23552K)] 49011K->26019K(56832K), 0.0004610 secs] [Times: user=0.01 sys=0.00, real=0.00 secs] 
255.521: Total time for which application threads were stopped: 0.0006010 seconds, Stopping threads took: 0.0000650 seconds
255.639: Application time: 0.1170640 seconds
255.639: [GC [PSYoungGen: 23344K->288K(23552K)] 49059K->26211K(56832K), 0.0005190 secs] [Times: user=0.00 sys=0.00, real=0.00 secs] 
255.639: Total time for which application threads were stopped: 0.0006480 seconds, Stopping threads took: 0.0000550 seconds
255.759: Application time: 0.1195750 seconds
255.759: [GC [PSYoungGen: 23328K->256K(23552K)] 49251K->26395K(56832K), 0.0004740 secs] [Times: user=0.00 sys=0.00, real=0.00 secs] 
255.759: Total time for which application threads were stopped: 0.0006220 seconds, Stopping threads took: 0.0000700 seconds
255.878: Application time: 0.1189030 seconds
255.882: [GC [PSYoungGen: 23296K->256K(23552K)] 49435K->26395K(56832K), 0.0004530 secs] [Times: user=0.00 sys=0.00, real=0.00 secs] 
255.882: Total time for which application threads were stopped: 0.0038430 seconds, Stopping threads took: 0.0033150 seconds
256.001: Application time: 0.1190100 seconds
256.001: [GC [PSYoungGen: 23296K->256K(23552K)] 49435K->26492K(56832K), 0.0004690 secs] [Times: user=0.01 sys=0.00, real=0.00 secs] 
256.002: Total time for which application threads were stopped: 0.0006170 seconds, Stopping threads took: 0.0000600 seconds
256.121: Application time: 0.1196250 seconds
256.126: [GC [PSYoungGen: 23296K->256K(23552K)] 49532K->26588K(56832K), 0.0004310 secs] [Times: user=0.00 sys=0.00, real=0.00 secs] 
256.126: Total time for which application threads were stopped: 0.0047310 seconds, Stopping threads took: 0.0042260 seconds
256.244: Application time: 0.1176480 seconds
256.244: [GC [PSYoungGen: 23296K->288K(23552K)] 49628K->26620K(56832K), 0.0004530 secs] [Times: user=0.00 sys=0.00, real=0.00 secs] 
256.244: Total time for which application threads were stopped: 0.0005930 seconds, Stopping threads took: 0.0000620 seconds
256.361: Application time: 0.1161980 seconds
256.361: [GC [PSYoungGen: 23328K->336K(23552K)] 49660K->26828K(56832K), 0.0005350 secs] [Times: user=0.00 sys=0.00, real=0.00 secs] 
256.361: Total time for which application threads were stopped: 0.0006770 seconds, Stopping threads took: 0.0000640 seconds
256.481: Application time: 0.1193560 seconds
256.481: [GC [PSYoungGen: 23376K->256K(23552K)] 49868K->27012K(56832K), 0.0004970 secs] [Times: user=0.00 sys=0.00, real=0.00 secs] 
256.481: Total time for which application threads were stopped: 0.0006380 seconds, Stopping threads took: 0.0000640 seconds
256.600: Application time: 0.1191240 seconds
256.601: [GC [PSYoungGen: 23296K->256K(23552K)] 50052K->27012K(56832K), 0.0004720 secs] [Times: user=0.00 sys=0.00, real=0.00 secs] 
256.601: Total time for which application threads were stopped: 0.0006290 seconds, Stopping threads took: 0.0000670 seconds
256.720: Application time: 0.1186630 seconds
256.720: [GC [PSYoungGen: 23296K->256K(23552K)] 50052K->27084K(56832K), 0.0004530 secs] [Times: user=0.00 sys=0.00, real=0.00 secs] 
256.720: Total time for which application threads were stopped: 0.0005870 seconds, Stopping threads took: 0.0000580 seconds
256.840: Application time: 0.1193590 seconds
256.840: [GC [PSYoungGen: 23296K->256K(23552K)] 50124K->27204K(56832K), 0.0004500 secs] [Times: user=0.00 sys=0.00, real=0.00 secs] 
256.840: Total time for which application threads were stopped: 0.0005840 seconds, Stopping threads took: 0.0000610 seconds
256.958: Application time: 0.1174610 seconds
256.958: [GC [PSYoungGen: 23296K->304K(23552K)] 50244K->27252K(56832K), 0.0004810 secs] [Times: user=0.00 sys=0.00, real=0.00 secs] 
256.958: Total time for which application threads were stopped: 0.0006090 seconds, Stopping threads took: 0.0000560 seconds
257.075: Application time: 0.1168110 seconds
257.075: [GC [PSYoungGen: 23344K->352K(23552K)] 50292K->27452K(56832K), 0.0005340 secs] [Times: user=0.00 sys=0.00, real=0.00 secs] 
257.076: Total time for which application threads were stopped: 0.0006770 seconds, Stopping threads took: 0.0000620 seconds
257.195: Application time: 0.1191590 seconds
257.195: [GC [PSYoungGen: 23392K->256K(23552K)] 50492K->27612K(56832K), 0.0004690 secs] [Times: user=0.00 sys=0.00, real=0.00 secs] 
257.196: Total time for which application threads were stopped: 0.0006240 seconds, Stopping threads took: 0.0000640 seconds
257.314: Application time: 0.1188520 seconds
257.315: [GC [PSYoungGen: 23296K->256K(23552K)] 50652K->27612K(56832K), 0.0004240 secs] [Times: user=0.00 sys=0.00, real=0.00 secs] 
257.315: Total time for which application threads were stopped: 0.0005660 seconds, Stopping threads took: 0.0000650 seconds
257.433: Application time: 0.1184930 seconds
257.434: [GC [PSYoungGen: 23296K->224K(23552K)] 50652K->27653K(56832K), 0.0004760 secs] [Times: user=0.00 sys=0.00, real=0.00 secs] 
257.434: Total time for which application threads were stopped: 0.0006240 seconds, Stopping threads took: 0.0000710 seconds
257.553: Application time: 0.1193880 seconds
257.554: [GC [PSYoungGen: 23264K->256K(23552K)] 50693K->27805K(56832K), 0.0004450 secs] [Times: user=0.00 sys=0.00, real=0.00 secs] 
257.554: Total time for which application threads were stopped: 0.0005910 seconds, Stopping threads took: 0.0000630 seconds
257.671: Application time: 0.1174220 seconds
257.672: [GC [PSYoungGen: 23296K->256K(23552K)] 50845K->27805K(56832K), 0.0004440 secs] [Times: user=0.00 sys=0.00, real=0.00 secs] 
257.672: Total time for which application threads were stopped: 0.0005840 seconds, Stopping threads took: 0.0000650 seconds
257.789: Application time: 0.1172020 seconds
257.789: [GC [PSYoungGen: 23296K->416K(23552K)] 50845K->28085K(56832K), 0.0005280 secs] [Times: user=0.00 sys=0.00, real=0.00 secs] 
257.790: Total time for which application threads were stopped: 0.0006570 seconds, Stopping threads took: 0.0000450 seconds
257.909: Application time: 0.1190730 seconds
257.909: [GC [PSYoungGen: 23456K->256K(23552K)] 51125K->28221K(56832K), 0.0005130 secs] [Times: user=0.00 sys=0.00, real=0.00 secs] 
257.910: Total time for which application threads were stopped: 0.0006510 seconds, Stopping threads took: 0.0000570 seconds
258.028: Application time: 0.1187330 seconds
258.030: [GC [PSYoungGen: 23296K->256K(23552K)] 51261K->28221K(56832K), 0.0004680 secs] [Times: user=0.00 sys=0.00, real=0.00 secs] 
258.030: Total time for which application threads were stopped: 0.0017430 seconds, Stopping threads took: 0.0011960 seconds
258.149: Application time: 0.1183770 seconds
258.149: [GC [PSYoungGen: 23296K->256K(23552K)] 51261K->28269K(56832K), 0.0004510 secs] [Times: user=0.00 sys=0.00, real=0.00 secs] 
258.149: Total time for which application threads were stopped: 0.0006110 seconds, Stopping threads took: 0.0000770 seconds
258.268: Application time: 0.1188820 seconds
258.268: [GC [PSYoungGen: 23296K->256K(23552K)] 51309K->28413K(56832K), 0.0004560 secs] [Times: user=0.00 sys=0.00, real=0.00 secs] 
258.269: Total time for which application threads were stopped: 0.0005950 seconds, Stopping threads took: 0.0000580 seconds
258.387: Application time: 0.1182440 seconds
258.387: [GC [PSYoungGen: 23296K->240K(23552K)] 51453K->28397K(56832K), 0.0004750 secs] [Times: user=0.00 sys=0.00, real=0.00 secs] 
258.387: Total time for which application threads were stopped: 0.0006220 seconds, Stopping threads took: 0.0000570 seconds
258.503: Application time: 0.1157720 seconds
258.503: [GC [PSYoungGen: 23280K->416K(23552K)] 51437K->28685K(56832K), 0.0005440 secs] [Times: user=0.00 sys=0.00, real=0.00 secs] 
258.504: Total time for which application threads were stopped: 0.0006670 seconds, Stopping threads took: 0.0000490 seconds
258.623: Application time: 0.1191930 seconds
258.623: [GC [PSYoungGen: 23456K->224K(23552K)] 51725K->28785K(56832K), 0.0005270 secs] [Times: user=0.00 sys=0.00, real=0.00 secs] 
258.624: Total time for which application threads were stopped: 0.0006660 seconds, Stopping threads took: 0.0000570 seconds
258.743: Application time: 0.1190180 seconds
258.743: [GC [PSYoungGen: 23264K->256K(23552K)] 51825K->28817K(56832K), 0.0004550 secs] [Times: user=0.00 sys=0.00, real=0.00 secs] 
258.743: Total time for which application threads were stopped: 0.0005820 seconds, Stopping threads took: 0.0000510 seconds
258.862: Application time: 0.1184150 seconds
258.862: [GC [PSYoungGen: 23296K->256K(23552K)] 51857K->28866K(56832K), 0.0004720 secs] [Times: user=0.00 sys=0.00, real=0.00 secs] 
258.862: Total time for which application threads were stopped: 0.0006140 seconds, Stopping threads took: 0.0000670 seconds
258.981: Application time: 0.1186980 seconds
258.981: [GC [PSYoungGen: 23296K->256K(23552K)] 51906K->28994K(56832K), 0.0004640 secs] [Times: user=0.00 sys=0.00, real=0.00 secs] 
258.982: Total time for which application threads were stopped: 0.0006080 seconds, Stopping threads took: 0.0000570 seconds
259.100: Application time: 0.1180990 seconds
259.100: [GC [PSYoungGen: 23296K->176K(23552K)] 52034K->28914K(56832K), 0.0005030 secs] [Times: user=0.00 sys=0.00, real=0.00 secs] 
259.100: Total time for which application threads were stopped: 0.0006330 seconds, Stopping threads took: 0.0000570 seconds
259.217: Application time: 0.1169410 seconds
259.218: [GC [PSYoungGen: 23216K->368K(23552K)] 51954K->29170K(56832K), 0.0005070 secs] [Times: user=0.00 sys=0.00, real=0.01 secs] 
259.218: Total time for which application threads were stopped: 0.0006450 seconds, Stopping threads took: 0.0000590 seconds
259.337: Application time: 0.1188600 seconds
259.337: [GC [PSYoungGen: 23408K->272K(23552K)] 52210K->29322K(56832K), 0.0005400 secs] [Times: user=0.00 sys=0.00, real=0.01 secs] 
259.338: Total time for which application threads were stopped: 0.0006800 seconds, Stopping threads took: 0.0000620 seconds
259.457: Application time: 0.1191140 seconds
259.457: [GC [PSYoungGen: 23312K->192K(23552K)] 52362K->29354K(56832K), 0.0005800 secs] [Times: user=0.00 sys=0.00, real=0.00 secs] 
259.457: Total time for which application threads were stopped: 0.0007240 seconds, Stopping threads took: 0.0000680 seconds
259.576: Application time: 0.1182240 seconds
259.576: [GC [PSYoungGen: 23232K->256K(23552K)] 52394K->29442K(56832K), 0.0004400 secs] [Times: user=0.01 sys=0.00, real=0.00 secs] 
259.576: Total time for which application threads were stopped: 0.0006020 seconds, Stopping threads took: 0.0000750 seconds
259.695: Application time: 0.1190300 seconds
259.695: [GC [PSYoungGen: 23296K->224K(23552K)] 52482K->29530K(56832K), 0.0005290 secs] [Times: user=0.00 sys=0.00, real=0.00 secs] 
259.696: Total time for which application threads were stopped: 0.0006780 seconds, Stopping threads took: 0.0000670 seconds
259.815: Application time: 0.1186600 seconds
259.815: [GC [PSYoungGen: 23264K->256K(23552K)] 52570K->29610K(56832K), 0.0004240 secs] [Times: user=0.00 sys=0.00, real=0.00 secs] 
259.815: Total time for which application threads were stopped: 0.0005520 seconds, Stopping threads took: 0.0000530 seconds
259.932: Application time: 0.1169770 seconds
259.932: [GC [PSYoungGen: 23296K->320K(23552K)] 52650K->29738K(56832K), 0.0005130 secs] [Times: user=0.00 sys=0.00, real=0.00 secs] 
259.933: Total time for which application threads were stopped: 0.0006400 seconds, Stopping threads took: 0.0000530 seconds
260.051: Application time: 0.1179740 seconds
260.051: [GC [PSYoungGen: 23360K->288K(23552K)] 52778K->29962K(56832K), 0.0005260 secs] [Times: user=0.00 sys=0.00, real=0.00 secs] 
260.051: Total time for which application threads were stopped: 0.0006770 seconds, Stopping threads took: 0.0000680 seconds
260.171: Application time: 0.1194290 seconds
260.171: [GC [PSYoungGen: 23328K->256K(23552K)] 53002K->30058K(56832K), 0.0004570 secs] [Times: user=0.00 sys=0.00, real=0.00 secs] 
260.172: Total time for which application threads were stopped: 0.0005920 seconds, Stopping threads took: 0.0000510 seconds
260.290: Application time: 0.1181040 seconds
260.290: [GC [PSYoungGen: 23296K->240K(23552K)] 53098K->30043K(56832K), 0.0005110 secs] [Times: user=0.00 sys=0.00, real=0.00 secs] 
260.290: Total time for which application threads were stopped: 0.0006580 seconds, Stopping threads took: 0.0000660 seconds
260.409: Application time: 0.1185280 seconds
260.409: [GC [PSYoungGen: 23280K->256K(23552K)] 53083K->30203K(56832K), 0.0004800 secs] [Times: user=0.00 sys=0.00, real=0.00 secs] 
260.409: Total time for which application threads were stopped: 0.0006170 seconds, Stopping threads took: 0.0000600 seconds
260.529: Application time: 0.1192240 seconds
260.529: [GC [PSYoungGen: 23296K->256K(23552K)] 53243K->30251K(56832K), 0.0004300 secs] [Times: user=0.00 sys=0.00, real=0.00 secs] 
260.529: Total time for which application threads were stopped: 0.0005600 seconds, Stopping threads took: 0.0000550 seconds
260.645: Application time: 0.1161220 seconds
260.645: [GC [PSYoungGen: 23296K->416K(23552K)] 53291K->30411K(56832K), 0.0005330 secs] [Times: user=0.01 sys=0.00, real=0.01 secs] 
260.646: Total time for which application threads were stopped: 0.0006780 seconds, Stopping threads took: 0.0000670 seconds
260.764: Application time: 0.1178090 seconds
260.764: [GC [PSYoungGen: 23456K->288K(23552K)] 53451K->30579K(56832K), 0.0005520 secs] [Times: user=0.00 sys=0.00, real=0.00 secs] 
260.765: Total time for which application threads were stopped: 0.0006990 seconds, Stopping threads took: 0.0000590 seconds
260.884: Application time: 0.1195230 seconds
260.884: [GC [PSYoungGen: 23328K->256K(23552K)] 53619K->30667K(56832K), 0.0004680 secs] [Times: user=0.00 sys=0.00, real=0.00 secs] 
260.885: Total time for which application threads were stopped: 0.0006340 seconds, Stopping threads took: 0.0000880 seconds
261.004: Application time: 0.1188340 seconds
261.004: [GC [PSYoungGen: 23296K->256K(23552K)] 53707K->30667K(56832K), 0.0004350 secs] [Times: user=0.00 sys=0.00, real=0.00 secs] 
261.004: Total time for which application threads were stopped: 0.0005750 seconds, Stopping threads took: 0.0000650 seconds
261.123: Application time: 0.1188820 seconds
261.123: [GC [PSYoungGen: 23296K->256K(23552K)] 53707K->30811K(56832K), 0.0004500 secs] [Times: user=0.00 sys=0.00, real=0.00 secs] 
261.124: Total time for which application threads were stopped: 0.0005880 seconds, Stopping threads took: 0.0000580 seconds
261.243: Application time: 0.1189570 seconds
261.243: [GC [PSYoungGen: 23296K->224K(23552K)] 53851K->30827K(56832K), 0.0004400 secs] [Times: user=0.00 sys=0.00, real=0.00 secs] 
261.243: Total time for which application threads were stopped: 0.0005770 seconds, Stopping threads took: 0.0000610 seconds
261.359: Application time: 0.1158060 seconds
261.359: [GC [PSYoungGen: 23264K->368K(23552K)] 53867K->30971K(56832K), 0.0004980 secs] [Times: user=0.00 sys=0.00, real=0.00 secs] 
261.360: Total time for which application threads were stopped: 0.0006500 seconds, Stopping threads took: 0.0000590 seconds
261.478: Application time: 0.1179840 seconds
261.478: [GC [PSYoungGen: 23408K->272K(23552K)] 54011K->31179K(56832K), 0.0005600 secs] [Times: user=0.00 sys=0.00, real=0.00 secs] 
261.478: Total time for which application threads were stopped: 0.0006900 seconds, Stopping threads took: 0.0000560 seconds
261.598: Application time: 0.1199910 seconds
261.598: [GC [PSYoungGen: 23312K->192K(23552K)] 54219K->31204K(56832K), 0.0005060 secs] [Times: user=0.00 sys=0.00, real=0.00 secs] 
261.600: Total time for which application threads were stopped: 0.0016370 seconds, Stopping threads took: 0.0000570 seconds
261.719: Application time: 0.1187650 seconds
261.719: [GC [PSYoungGen: 23232K->256K(23552K)] 54244K->31268K(56832K), 0.0004640 secs] [Times: user=0.00 sys=0.00, real=0.00 secs] 
261.719: Total time for which application threads were stopped: 0.0006190 seconds, Stopping threads took: 0.0000790 seconds
261.838: Application time: 0.1191730 seconds
261.839: [GC [PSYoungGen: 23296K->160K(23552K)] 54308K->31284K(56832K), 0.0005170 secs] [Times: user=0.00 sys=0.00, real=0.00 secs] 
261.839: Total time for which application threads were stopped: 0.0006560 seconds, Stopping threads took: 0.0000590 seconds
261.959: Application time: 0.1195480 seconds
261.959: [GC [PSYoungGen: 23200K->256K(23552K)] 54324K->31452K(56832K), 0.0004300 secs] [Times: user=0.00 sys=0.00, real=0.00 secs] 
261.959: Total time for which application threads were stopped: 0.0005730 seconds, Stopping threads took: 0.0000590 seconds
262.076: Application time: 0.1170730 seconds
262.076: [GC [PSYoungGen: 23296K->304K(23552K)] 54492K->31500K(56832K), 0.0004670 secs] [Times: user=0.00 sys=0.00, real=0.00 secs] 
262.077: Total time for which application threads were stopped: 0.0006100 seconds, Stopping threads took: 0.0000670 seconds
262.194: Application time: 0.1169600 seconds
262.194: [GC [PSYoungGen: 23344K->352K(23552K)] 54540K->31764K(56832K), 0.0005280 secs] [Times: user=0.00 sys=0.00, real=0.00 secs] 
262.195: Total time for which application threads were stopped: 0.0006650 seconds, Stopping threads took: 0.0000600 seconds
262.314: Application time: 0.1196530 seconds
262.314: [GC [PSYoungGen: 23392K->224K(23552K)] 54804K->31844K(56832K), 0.0004980 secs] [Times: user=0.00 sys=0.00, real=0.00 secs] 
262.315: Total time for which application threads were stopped: 0.0006220 seconds, Stopping threads took: 0.0000450 seconds
262.433: Application time: 0.1184290 seconds
262.433: [GC [PSYoungGen: 23264K->256K(23552K)] 54884K->31876K(56832K), 0.0004570 secs] [Times: user=0.00 sys=0.00, real=0.00 secs] 
262.434: Total time for which application threads were stopped: 0.0006030 seconds, Stopping threads took: 0.0000680 seconds
262.553: Application time: 0.1193850 seconds
262.553: [GC [PSYoungGen: 23296K->256K(23552K)] 54916K->31972K(56832K), 0.0004820 secs] [Times: user=0.00 sys=0.00, real=0.00 secs] 
262.554: Total time for which application threads were stopped: 0.0006330 seconds, Stopping threads took: 0.0000640 seconds
262.673: Application time: 0.1190020 seconds
262.673: [GC [PSYoungGen: 23296K->224K(23552K)] 55012K->32036K(56832K), 0.0004760 secs] [Times: user=0.00 sys=0.00, real=0.00 secs] 
262.673: Total time for which application threads were stopped: 0.0006290 seconds, Stopping threads took: 0.0000720 seconds
262.792: Application time: 0.1180840 seconds
262.792: [GC [PSYoungGen: 23264K->288K(23552K)] 55076K->32100K(56832K), 0.0006120 secs] [Times: user=0.01 sys=0.00, real=0.00 secs] 
262.793: Total time for which application threads were stopped: 0.0010380 seconds, Stopping threads took: 0.0003510 seconds
262.910: Application time: 0.1169940 seconds
262.910: [GC [PSYoungGen: 23328K->336K(23552K)] 55140K->32368K(56832K), 0.0006010 secs] [Times: user=0.00 sys=0.00, real=0.00 secs] 
262.910: Total time for which application threads were stopped: 0.0007410 seconds, Stopping threads took: 0.0000650 seconds
263.030: Application time: 0.1192310 seconds
263.030: [GC [PSYoungGen: 23376K->192K(23552K)] 55408K->32429K(56832K), 0.0005430 secs] [Times: user=0.00 sys=0.00, real=0.00 secs] 
263.030: Total time for which application threads were stopped: 0.0006800 seconds, Stopping threads took: 0.0000590 seconds
263.149: Application time: 0.1185430 seconds
263.149: [GC [PSYoungGen: 23232K->256K(23552K)] 55469K->32493K(56832K), 0.0004520 secs] [Times: user=0.00 sys=0.00, real=0.00 secs] 
263.149: Total time for which application threads were stopped: 0.0006020 seconds, Stopping threads took: 0.0000600 seconds
263.268: Application time: 0.1186260 seconds
263.268: [GC [PSYoungGen: 23296K->224K(23552K)] 55533K->32549K(56832K), 0.0004980 secs] [Times: user=0.01 sys=0.00, real=0.00 secs] 
263.269: Total time for which application threads were stopped: 0.0006270 seconds, Stopping threads took: 0.0000560 seconds
263.388: Application time: 0.1197890 seconds
263.390: [GC [PSYoungGen: 23264K->256K(23552K)] 55589K->32677K(56832K), 0.0004620 secs] [Times: user=0.00 sys=0.00, real=0.00 secs] 
263.390: Total time for which application threads were stopped: 0.0017040 seconds, Stopping threads took: 0.0011650 seconds
263.507: Application time: 0.1170870 seconds
263.507: [GC [PSYoungGen: 23296K->304K(23552K)] 55717K->32725K(56832K), 0.0005030 secs] [Times: user=0.00 sys=0.00, real=0.00 secs] 
263.508: Total time for which application threads were stopped: 0.0006360 seconds, Stopping threads took: 0.0000570 seconds
263.625: Application time: 0.1172140 seconds
263.625: [GC [PSYoungGen: 23344K->304K(23552K)] 55765K->32933K(56832K), 0.0005600 secs] [Times: user=0.00 sys=0.00, real=0.01 secs] 
263.626: Total time for which application threads were stopped: 0.0007030 seconds, Stopping threads took: 0.0000620 seconds
263.745: Application time: 0.1190810 seconds
263.745: [GC [PSYoungGen: 23344K->256K(23552K)] 55973K->33113K(56832K), 0.0004880 secs] [Times: user=0.01 sys=0.00, real=0.00 secs] 
263.746: Total time for which application threads were stopped: 0.0006270 seconds, Stopping threads took: 0.0000570 seconds
263.865: Application time: 0.1191230 seconds
263.865: [GC [PSYoungGen: 23296K->256K(23552K)] 56153K->33113K(56832K), 0.0004550 secs] [Times: user=0.00 sys=0.00, real=0.00 secs] 
263.865: Total time for which application threads were stopped: 0.0005820 seconds, Stopping threads took: 0.0000540 seconds
263.985: Application time: 0.1193610 seconds
263.985: [GC [PSYoungGen: 23296K->256K(23552K)] 56153K->33209K(56832K), 0.0004830 secs] [Times: user=0.01 sys=0.00, real=0.00 secs] 
263.985: Total time for which application threads were stopped: 0.0006220 seconds, Stopping threads took: 0.0000610 seconds
264.104: Application time: 0.1190310 seconds
264.104: [GC [PSYoungGen: 23296K->256K(23552K)] 56249K->33305K(56832K), 0.0004730 secs] [Times: user=0.00 sys=0.00, real=0.00 secs] 
264.105: [Full GC [PSYoungGen: 256K->0K(23552K)] [ParOldGen: 33049K->3065K(32768K)] 33305K->3065K(56320K) [PSPermGen: 6083K->6083K(21504K)], 0.0062810 secs] [Times: user=0.03 sys=0.00, real=0.01 secs] 
264.111: Total time for which application threads were stopped: 0.0069480 seconds, Stopping threads took: 0.0000670 seconds
264.228: Application time: 0.1170480 seconds
264.228: [GC [PSYoungGen: 23040K->304K(23552K)] 26105K->3369K(56320K), 0.0004470 secs] [Times: user=0.00 sys=0.00, real=0.00 secs] 
264.229: Total time for which application threads were stopped: 0.0005930 seconds, Stopping threads took: 0.0000680 seconds
264.345: Application time: 0.1162360 seconds
264.345: [GC [PSYoungGen: 23344K->384K(23552K)] 26409K->3617K(56320K), 0.0004940 secs] [Times: user=0.01 sys=0.00, real=0.01 secs] 
264.346: Total time for which application threads were stopped: 0.0006520 seconds, Stopping threads took: 0.0000700 seconds
264.465: Application time: 0.1191280 seconds
264.465: [GC [PSYoungGen: 23424K->256K(23552K)] 26657K->3753K(56320K), 0.0004610 secs] [Times: user=0.00 sys=0.00, real=0.00 secs] 
264.465: Total time for which application threads were stopped: 0.0006080 seconds, Stopping threads took: 0.0000650 seconds
264.584: Application time: 0.1189850 seconds
264.585: [GC [PSYoungGen: 23296K->224K(23552K)] 26793K->3721K(56320K), 0.0004350 secs] [Times: user=0.00 sys=0.00, real=0.00 secs] 
264.585: Total time for which application threads were stopped: 0.0005730 seconds, Stopping threads took: 0.0000630 seconds
264.704: Application time: 0.1192600 seconds
264.704: [GC [PSYoungGen: 23264K->256K(23552K)] 26761K->3825K(56320K), 0.0004470 secs] [Times: user=0.00 sys=0.00, real=0.00 secs] 
264.705: Total time for which application threads were stopped: 0.0005800 seconds, Stopping threads took: 0.0000600 seconds
264.824: Application time: 0.1189000 seconds
264.824: [GC [PSYoungGen: 23296K->224K(23552K)] 26865K->3913K(56320K), 0.0004370 secs] [Times: user=0.00 sys=0.00, real=0.00 secs] 
264.824: Total time for which application threads were stopped: 0.0005840 seconds, Stopping threads took: 0.0000710 seconds
264.942: Application time: 0.1176470 seconds
264.942: [GC [PSYoungGen: 23264K->288K(23552K)] 26953K->3977K(56320K), 0.0004270 secs] [Times: user=0.00 sys=0.00, real=0.00 secs] 
264.943: Total time for which application threads were stopped: 0.0005810 seconds, Stopping threads took: 0.0000680 seconds
265.058: Application time: 0.1156600 seconds
265.058: [GC [PSYoungGen: 23328K->400K(23552K)] 27017K->4217K(56320K), 0.0005360 secs] [Times: user=0.01 sys=0.00, real=0.00 secs] 
265.059: Total time for which application threads were stopped: 0.0006790 seconds, Stopping threads took: 0.0000630 seconds
265.178: Application time: 0.1190110 seconds
265.178: [GC [PSYoungGen: 23440K->256K(23552K)] 27257K->4381K(56320K), 0.0004600 secs] [Times: user=0.00 sys=0.00, real=0.00 secs] 
265.179: Total time for which application threads were stopped: 0.0006050 seconds, Stopping threads took: 0.0000630 seconds
265.298: Application time: 0.1191040 seconds
265.298: [GC [PSYoungGen: 23296K->256K(23552K)] 27421K->4381K(56320K), 0.0004430 secs] [Times: user=0.00 sys=0.00, real=0.00 secs] 
265.298: Total time for which application threads were stopped: 0.0005810 seconds, Stopping threads took: 0.0000600 seconds
265.417: Application time: 0.1182950 seconds
265.417: [GC [PSYoungGen: 23296K->256K(23552K)] 27421K->4429K(56320K), 0.0004190 secs] [Times: user=0.00 sys=0.00, real=0.00 secs] 
265.417: Total time for which application threads were stopped: 0.0005570 seconds, Stopping threads took: 0.0000660 seconds
265.537: Application time: 0.1193870 seconds
265.537: [GC [PSYoungGen: 23296K->256K(23552K)] 27469K->4574K(56320K), 0.0004080 secs] [Times: user=0.00 sys=0.00, real=0.00 secs] 
265.537: Total time for which application threads were stopped: 0.0005470 seconds, Stopping threads took: 0.0000590 seconds
265.656: Application time: 0.1191490 seconds
265.656: [GC [PSYoungGen: 23296K->256K(23552K)] 27614K->4574K(56320K), 0.0003930 secs] [Times: user=0.01 sys=0.00, real=0.00 secs] 
265.657: Total time for which application threads were stopped: 0.0005420 seconds, Stopping threads took: 0.0000710 seconds
265.772: Application time: 0.1151320 seconds
265.772: [GC [PSYoungGen: 23296K->448K(23552K)] 27614K->4830K(56320K), 0.0005270 secs] [Times: user=0.00 sys=0.00, real=0.00 secs] 
265.773: Total time for which application threads were stopped: 0.0006670 seconds, Stopping threads took: 0.0000600 seconds
265.891: Application time: 0.1188660 seconds
265.892: [GC [PSYoungGen: 23488K->256K(23552K)] 27870K->4970K(56320K), 0.0005190 secs] [Times: user=0.00 sys=0.00, real=0.00 secs] 
265.892: Total time for which application threads were stopped: 0.0006500 seconds, Stopping threads took: 0.0000560 seconds
266.012: Application time: 0.1195430 seconds
266.012: [GC [PSYoungGen: 23296K->256K(23552K)] 28010K->4994K(56320K), 0.0003840 secs] [Times: user=0.00 sys=0.00, real=0.00 secs] 
266.012: Total time for which application threads were stopped: 0.0005150 seconds, Stopping threads took: 0.0000590 seconds
266.130: Application time: 0.1183510 seconds
266.134: [GC [PSYoungGen: 23296K->256K(23552K)] 28034K->5018K(56320K), 0.0004520 secs] [Times: user=0.00 sys=0.00, real=0.00 secs] 
266.134: Total time for which application threads were stopped: 0.0036640 seconds, Stopping threads took: 0.0031180 seconds
266.253: Application time: 0.1193410 seconds
266.254: [GC [PSYoungGen: 23296K->256K(23552K)] 28058K->5162K(56320K), 0.0004590 secs] [Times: user=0.00 sys=0.00, real=0.00 secs] 
266.254: Total time for which application threads were stopped: 0.0006220 seconds, Stopping threads took: 0.0000840 seconds
266.372: Application time: 0.1182240 seconds
266.372: [GC [PSYoungGen: 23296K->272K(23552K)] 28202K->5202K(56320K), 0.0004480 secs] [Times: user=0.00 sys=0.00, real=0.00 secs] 
266.373: Total time for which application threads were stopped: 0.0006020 seconds, Stopping threads took: 0.0000760 seconds
266.490: Application time: 0.1166800 seconds
266.494: [GC [PSYoungGen: 23312K->368K(23552K)] 28242K->5362K(56320K), 0.0004700 secs] [Times: user=0.00 sys=0.00, real=0.00 secs] 
266.494: Total time for which application threads were stopped: 0.0045350 seconds, Stopping threads took: 0.0039860 seconds
266.612: Application time: 0.1176770 seconds
266.612: [GC [PSYoungGen: 23408K->272K(23552K)] 28402K->5518K(56320K), 0.0005550 secs] [Times: user=0.00 sys=0.00, real=0.00 secs] 
266.614: Total time for which application threads were stopped: 0.0018010 seconds, Stopping threads took: 0.0000950 seconds
266.733: Application time: 0.1193250 seconds
266.733: [GC [PSYoungGen: 23312K->256K(23552K)] 28558K->5614K(56320K), 0.0004640 secs] [Times: user=0.00 sys=0.00, real=0.00 secs] 
266.734: Total time for which application threads were stopped: 0.0006290 seconds, Stopping threads took: 0.0000780 seconds
266.852: Application time: 0.1182380 seconds
266.852: [GC [PSYoungGen: 23296K->256K(23552K)] 28654K->5638K(56320K), 0.0004290 secs] [Times: user=0.00 sys=0.00, real=0.00 secs] 
266.852: Total time for which application threads were stopped: 0.0005790 seconds, Stopping threads took: 0.0000690 seconds
266.972: Application time: 0.1192940 seconds
266.972: [GC [PSYoungGen: 23296K->256K(23552K)] 28678K->5759K(56320K), 0.0004110 secs] [Times: user=0.00 sys=0.00, real=0.00 secs] 
266.972: Total time for which application threads were stopped: 0.0005520 seconds, Stopping threads took: 0.0000650 seconds
267.091: Application time: 0.1187690 seconds
267.091: [GC [PSYoungGen: 23296K->224K(23552K)] 28799K->5775K(56320K), 0.0004830 secs] [Times: user=0.00 sys=0.00, real=0.00 secs] 
267.092: Total time for which application threads were stopped: 0.0006210 seconds, Stopping threads took: 0.0000590 seconds
267.208: Application time: 0.1166190 seconds
267.208: [GC [PSYoungGen: 23264K->320K(23552K)] 28815K->5935K(56320K), 0.0004870 secs] [Times: user=0.01 sys=0.00, real=0.00 secs] 
267.209: Total time for which application threads were stopped: 0.0006130 seconds, Stopping threads took: 0.0000530 seconds
267.327: Application time: 0.1178560 seconds
267.327: [GC [PSYoungGen: 23360K->224K(23552K)] 28975K->6095K(56320K), 0.0005070 secs] [Times: user=0.00 sys=0.00, real=0.00 secs] 
267.327: Total time for which application threads were stopped: 0.0006580 seconds, Stopping threads took: 0.0000640 seconds
267.446: Application time: 0.1188840 seconds
267.446: [GC [PSYoungGen: 23264K->224K(23552K)] 29135K->6215K(56320K), 0.0004390 secs] [Times: user=0.00 sys=0.00, real=0.00 secs] 
267.447: Total time for which application threads were stopped: 0.0005750 seconds, Stopping threads took: 0.0000620 seconds
267.566: Application time: 0.1187400 seconds
267.566: [GC [PSYoungGen: 23264K->256K(23552K)] 29255K->6247K(56320K), 0.0004530 secs] [Times: user=0.00 sys=0.00, real=0.00 secs] 
267.566: Total time for which application threads were stopped: 0.0005840 seconds, Stopping threads took: 0.0000530 seconds
267.685: Application time: 0.1192970 seconds
267.686: [GC [PSYoungGen: 23296K->256K(23552K)] 29287K->6391K(56320K), 0.0003990 secs] [Times: user=0.00 sys=0.00, real=0.00 secs] 
267.686: Total time for which application threads were stopped: 0.0005350 seconds, Stopping threads took: 0.0000570 seconds
267.805: Application time: 0.1190990 seconds
267.805: [GC [PSYoungGen: 23296K->256K(23552K)] 29431K->6439K(56320K), 0.0004040 secs] [Times: user=0.00 sys=0.00, real=0.01 secs] 
267.806: Total time for which application threads were stopped: 0.0005450 seconds, Stopping threads took: 0.0000620 seconds
267.922: Application time: 0.1159790 seconds
267.922: [GC [PSYoungGen: 23296K->400K(23552K)] 29479K->6583K(56320K), 0.0004650 secs] [Times: user=0.00 sys=0.00, real=0.00 secs] 
267.922: Total time for which application threads were stopped: 0.0006300 seconds, Stopping threads took: 0.0000750 seconds
268.041: Application time: 0.1185090 seconds
268.041: [GC [PSYoungGen: 23440K->288K(23552K)] 29623K->6775K(56320K), 0.0005220 secs] [Times: user=0.00 sys=0.00, real=0.00 secs] 
268.041: Total time for which application threads were stopped: 0.0006720 seconds, Stopping threads took: 0.0000710 seconds
268.160: Application time: 0.1182460 seconds
268.160: [GC [PSYoungGen: 23328K->256K(23552K)] 29815K->6871K(56320K), 0.0004300 secs] [Times: user=0.01 sys=0.00, real=0.00 secs] 
268.160: Total time for which application threads were stopped: 0.0005650 seconds, Stopping threads took: 0.0000590 seconds
268.279: Application time: 0.1189360 seconds
268.279: [GC [PSYoungGen: 23296K->256K(23552K)] 29911K->6871K(56320K), 0.0003980 secs] [Times: user=0.00 sys=0.00, real=0.00 secs] 
268.280: Total time for which application threads were stopped: 0.0005290 seconds, Stopping threads took: 0.0000560 seconds
268.398: Application time: 0.1186860 seconds
268.399: [GC [PSYoungGen: 23296K->256K(23552K)] 29911K->7016K(56320K), 0.0004350 secs] [Times: user=0.00 sys=0.00, real=0.00 secs] 
268.399: Total time for which application threads were stopped: 0.0005820 seconds, Stopping threads took: 0.0000720 seconds
268.517: Application time: 0.1180870 seconds
268.517: [GC [PSYoungGen: 23296K->256K(23552K)] 30056K->7064K(56320K), 0.0004080 secs] [Times: user=0.00 sys=0.00, real=0.01 secs] 
268.518: Total time for which application threads were stopped: 0.0005700 seconds, Stopping threads took: 0.0000710 seconds
268.634: Application time: 0.1165600 seconds
268.638: [GC [PSYoungGen: 23296K->352K(23552K)] 30104K->7160K(56320K), 0.0004980 secs] [Times: user=0.00 sys=0.00, real=0.00 secs] 
268.638: Total time for which application threads were stopped: 0.0039120 seconds, Stopping threads took: 0.0033410 seconds
268.756: Application time: 0.1180500 seconds
268.756: [GC [PSYoungGen: 23392K->256K(23552K)] 30200K->7372K(56320K), 0.0005040 secs] [Times: user=0.00 sys=0.00, real=0.00 secs] 
268.757: Total time for which application threads were stopped: 0.0006340 seconds, Stopping threads took: 0.0000560 seconds
268.877: Application time: 0.1196550 seconds
268.877: [GC [PSYoungGen: 23296K->256K(23552K)] 30412K->7492K(56320K), 0.0004160 secs] [Times: user=0.00 sys=0.00, real=0.00 secs] 
268.877: Total time for which application threads were stopped: 0.0005550 seconds, Stopping threads took: 0.0000610 seconds
268.996: Application time: 0.1189070 seconds
268.996: [GC [PSYoungGen: 23296K->256K(23552K)] 30532K->7492K(56320K), 0.0003980 secs] [Times: user=0.00 sys=0.00, real=0.00 secs] 
268.997: Total time for which application threads were stopped: 0.0005400 seconds, Stopping threads took: 0.0000690 seconds
269.115: Application time: 0.1184660 seconds
269.115: [GC [PSYoungGen: 23296K->256K(23552K)] 30532K->7636K(56320K), 0.0004370 secs] [Times: user=0.00 sys=0.00, real=0.00 secs] 
269.116: Total time for which application threads were stopped: 0.0006010 seconds, Stopping threads took: 0.0000730 seconds
269.235: Application time: 0.1191310 seconds
269.235: [GC [PSYoungGen: 23296K->256K(23552K)] 30676K->7684K(56320K), 0.0004260 secs] [Times: user=0.00 sys=0.00, real=0.00 secs] 
269.235: Total time for which application threads were stopped: 0.0005610 seconds, Stopping threads took: 0.0000610 seconds
269.351: Application time: 0.1161220 seconds
269.358: [GC [PSYoungGen: 23296K->352K(23552K)] 30724K->7780K(56320K), 0.0004780 secs] [Times: user=0.00 sys=0.00, real=0.00 secs] 
269.358: Total time for which application threads were stopped: 0.0067510 seconds, Stopping threads took: 0.0061960 seconds
269.476: Application time: 0.1176340 seconds
269.476: [GC [PSYoungGen: 23392K->288K(23552K)] 30820K->8008K(56320K), 0.0005340 secs] [Times: user=0.00 sys=0.00, real=0.00 secs] 
269.476: Total time for which application threads were stopped: 0.0006870 seconds, Stopping threads took: 0.0000790 seconds
269.596: Application time: 0.1193640 seconds
269.596: [GC [PSYoungGen: 23328K->256K(23552K)] 31048K->8128K(56320K), 0.0004310 secs] [Times: user=0.00 sys=0.00, real=0.00 secs] 
269.596: Total time for which application threads were stopped: 0.0005600 seconds, Stopping threads took: 0.0000550 seconds
269.715: Application time: 0.1183060 seconds
269.715: [GC [PSYoungGen: 23296K->256K(23552K)] 31168K->8128K(56320K), 0.0004180 secs] [Times: user=0.00 sys=0.00, real=0.00 secs] 
269.715: Total time for which application threads were stopped: 0.0005580 seconds, Stopping threads took: 0.0000530 seconds
269.835: Application time: 0.1193330 seconds
269.835: [GC [PSYoungGen: 23296K->256K(23552K)] 31168K->8225K(56320K), 0.0004170 secs] [Times: user=0.00 sys=0.00, real=0.00 secs] 
269.835: Total time for which application threads were stopped: 0.0005600 seconds, Stopping threads took: 0.0000620 seconds
269.955: Application time: 0.1197860 seconds
269.955: [GC [PSYoungGen: 23296K->224K(23552K)] 31265K->8289K(56320K), 0.0004900 secs] [Times: user=0.00 sys=0.00, real=0.00 secs] 
269.956: Total time for which application threads were stopped: 0.0006360 seconds, Stopping threads took: 0.0000660 seconds
270.072: Application time: 0.1168150 seconds
270.073: [GC [PSYoungGen: 23264K->320K(23552K)] 31329K->8385K(56320K), 0.0004330 secs] [Times: user=0.00 sys=0.00, real=0.00 secs] 
270.073: Total time for which application threads were stopped: 0.0005700 seconds, Stopping threads took: 0.0000600 seconds
270.190: Application time: 0.1171890 seconds
270.190: [GC [PSYoungGen: 23360K->352K(23552K)] 31425K->8645K(56320K), 0.0004950 secs] [Times: user=0.01 sys=0.00, real=0.00 secs] 
270.191: Total time for which application threads were stopped: 0.0006210 seconds, Stopping threads took: 0.0000540 seconds
270.310: Application time: 0.1189740 seconds
270.310: [GC [PSYoungGen: 23392K->256K(23552K)] 31685K->8769K(56320K), 0.0004470 secs] [Times: user=0.00 sys=0.00, real=0.00 secs] 
270.310: Total time for which application threads were stopped: 0.0006050 seconds, Stopping threads took: 0.0000680 seconds
270.429: Application time: 0.1184310 seconds
270.429: [GC [PSYoungGen: 23296K->256K(23552K)] 31809K->8769K(56320K), 0.0004050 secs] [Times: user=0.00 sys=0.00, real=0.00 secs] 
270.429: Total time for which application threads were stopped: 0.0005440 seconds, Stopping threads took: 0.0000630 seconds
270.548: Application time: 0.1183240 seconds
270.548: [GC [PSYoungGen: 23296K->256K(23552K)] 31809K->8841K(56320K), 0.0004200 secs] [Times: user=0.00 sys=0.00, real=0.00 secs] 
270.548: Total time for which application threads were stopped: 0.0005620 seconds, Stopping threads took: 0.0000670 seconds
270.668: Application time: 0.1196380 seconds
270.668: [GC [PSYoungGen: 23296K->224K(23552K)] 31881K->8929K(56320K), 0.0004160 secs] [Times: user=0.00 sys=0.00, real=0.00 secs] 
270.668: Total time for which application threads were stopped: 0.0005490 seconds, Stopping threads took: 0.0000640 seconds
270.786: Application time: 0.1172970 seconds
270.786: [GC [PSYoungGen: 23264K->272K(23552K)] 31969K->8977K(56320K), 0.0004620 secs] [Times: user=0.00 sys=0.00, real=0.00 secs] 
270.786: Total time for which application threads were stopped: 0.0005980 seconds, Stopping threads took: 0.0000550 seconds
270.903: Application time: 0.1162610 seconds
270.903: [GC [PSYoungGen: 23312K->368K(23552K)] 32017K->9245K(56320K), 0.0005300 secs] [Times: user=0.00 sys=0.00, real=0.00 secs] 
270.903: Total time for which application threads were stopped: 0.0006680 seconds, Stopping threads took: 0.0000510 seconds
271.023: Application time: 0.1198450 seconds
271.023: [GC [PSYoungGen: 23408K->256K(23552K)] 32285K->9402K(56320K), 0.0004620 secs] [Times: user=0.00 sys=0.00, real=0.00 secs] 
271.024: Total time for which application threads were stopped: 0.0006020 seconds, Stopping threads took: 0.0000570 seconds
271.142: Application time: 0.1186120 seconds
271.142: [GC [PSYoungGen: 23296K->224K(23552K)] 32442K->9370K(56320K), 0.0004700 secs] [Times: user=0.00 sys=0.00, real=0.00 secs] 
271.143: Total time for which application threads were stopped: 0.0005930 seconds, Stopping threads took: 0.0000490 seconds
271.262: Application time: 0.1185800 seconds
271.262: [GC [PSYoungGen: 23264K->192K(23552K)] 32410K->9410K(56320K), 0.0004460 secs] [Times: user=0.00 sys=0.00, real=0.00 secs] 
271.262: Total time for which application threads were stopped: 0.0005860 seconds, Stopping threads took: 0.0000680 seconds
271.383: Application time: 0.1204550 seconds
271.383: [GC [PSYoungGen: 23232K->256K(23552K)] 32450K->9594K(56320K), 0.0004140 secs] [Times: user=0.00 sys=0.00, real=0.00 secs] 
271.383: Total time for which application threads were stopped: 0.0005620 seconds, Stopping threads took: 0.0000660 seconds
271.501: Application time: 0.1175670 seconds
271.501: [GC [PSYoungGen: 23296K->272K(23552K)] 32634K->9610K(56320K), 0.0004680 secs] [Times: user=0.00 sys=0.00, real=0.00 secs] 
271.501: Total time for which application threads were stopped: 0.0006190 seconds, Stopping threads took: 0.0000660 seconds
271.618: Application time: 0.1164530 seconds
271.618: [GC [PSYoungGen: 23312K->352K(23552K)] 32650K->9858K(56320K), 0.0005510 secs] [Times: user=0.01 sys=0.00, real=0.00 secs] 
271.619: Total time for which application threads were stopped: 0.0016600 seconds, Stopping threads took: 0.0000650 seconds
271.738: Application time: 0.1188290 seconds
271.738: [GC [PSYoungGen: 23392K->256K(23552K)] 32898K->10030K(56320K), 0.0004990 secs] [Times: user=0.00 sys=0.00, real=0.00 secs] 
271.739: Total time for which application threads were stopped: 0.0006270 seconds, Stopping threads took: 0.0000560 seconds
271.858: Application time: 0.1195940 seconds
271.859: [GC [PSYoungGen: 23296K->256K(23552K)] 33070K->10030K(56320K), 0.0004170 secs] [Times: user=0.00 sys=0.00, real=0.00 secs] 
271.859: Total time for which application threads were stopped: 0.0005570 seconds, Stopping threads took: 0.0000650 seconds
271.977: Application time: 0.1182220 seconds
271.977: [GC [PSYoungGen: 23296K->256K(23552K)] 33070K->10078K(56320K), 0.0004400 secs] [Times: user=0.00 sys=0.00, real=0.01 secs] 
271.978: Total time for which application threads were stopped: 0.0005870 seconds, Stopping threads took: 0.0000680 seconds
272.097: Application time: 0.1190810 seconds
272.097: [GC [PSYoungGen: 23296K->256K(23552K)] 33118K->10222K(56320K), 0.0004540 secs] [Times: user=0.00 sys=0.00, real=0.00 secs] 
272.098: Total time for which application threads were stopped: 0.0005950 seconds, Stopping threads took: 0.0000530 seconds
272.216: Application time: 0.1184340 seconds
272.216: [GC [PSYoungGen: 23296K->256K(23552K)] 33262K->10222K(56320K), 0.0004180 secs] [Times: user=0.00 sys=0.00, real=0.00 secs] 
272.217: Total time for which application threads were stopped: 0.0005820 seconds, Stopping threads took: 0.0000840 seconds
272.332: Application time: 0.1158120 seconds
272.332: [GC [PSYoungGen: 23296K->400K(23552K)] 33262K->10486K(56320K), 0.0005680 secs] [Times: user=0.00 sys=0.00, real=0.00 secs] 
272.333: Total time for which application threads were stopped: 0.0007060 seconds, Stopping threads took: 0.0000580 seconds
272.452: Application time: 0.1191370 seconds
272.452: [GC [PSYoungGen: 23440K->192K(23552K)] 33526K->10579K(56320K), 0.0005110 secs] [Times: user=0.00 sys=0.00, real=0.00 secs] 
272.453: Total time for which application threads were stopped: 0.0006570 seconds, Stopping threads took: 0.0000660 seconds
272.572: Application time: 0.1187020 seconds
272.572: [GC [PSYoungGen: 23232K->256K(23552K)] 33619K->10643K(56320K), 0.0004030 secs] [Times: user=0.01 sys=0.00, real=0.00 secs] 
272.572: Total time for which application threads were stopped: 0.0005510 seconds, Stopping threads took: 0.0000670 seconds
272.691: Application time: 0.1184780 seconds
272.691: [GC [PSYoungGen: 23296K->272K(23552K)] 33683K->10707K(56320K), 0.0004790 secs] [Times: user=0.00 sys=0.00, real=0.00 secs] 
272.691: Total time for which application threads were stopped: 0.0006440 seconds, Stopping threads took: 0.0000710 seconds
272.811: Application time: 0.1195290 seconds
272.811: [GC [PSYoungGen: 23312K->256K(23552K)] 33747K->10835K(56320K), 0.0003960 secs] [Times: user=0.00 sys=0.00, real=0.00 secs] 
272.811: Total time for which application threads were stopped: 0.0005310 seconds, Stopping threads took: 0.0000640 seconds
272.929: Application time: 0.1175120 seconds
272.929: [GC [PSYoungGen: 23296K->256K(23552K)] 33875K->10835K(56320K), 0.0004140 secs] [Times: user=0.00 sys=0.00, real=0.00 secs] 
272.929: Total time for which application threads were stopped: 0.0005430 seconds, Stopping threads took: 0.0000520 seconds
273.046: Application time: 0.1165140 seconds
273.046: [GC [PSYoungGen: 23296K->368K(23552K)] 33875K->11011K(56320K), 0.0005180 secs] [Times: user=0.00 sys=0.00, real=0.00 secs] 
273.047: Total time for which application threads were stopped: 0.0006530 seconds, Stopping threads took: 0.0000550 seconds
273.165: Application time: 0.1179880 seconds
273.165: [GC [PSYoungGen: 23408K->256K(23552K)] 34051K->11155K(56320K), 0.0005280 secs] [Times: user=0.00 sys=0.00, real=0.00 secs] 
273.165: Total time for which application threads were stopped: 0.0006730 seconds, Stopping threads took: 0.0000670 seconds
273.284: Application time: 0.1185690 seconds
273.284: [GC [PSYoungGen: 23296K->256K(23552K)] 34195K->11291K(56320K), 0.0004340 secs] [Times: user=0.00 sys=0.00, real=0.00 secs] 
273.284: Total time for which application threads were stopped: 0.0005840 seconds, Stopping threads took: 0.0000600 seconds
273.403: Application time: 0.1182760 seconds
273.403: [GC [PSYoungGen: 23296K->256K(23552K)] 34331K->11315K(56320K), 0.0004220 secs] [Times: user=0.00 sys=0.00, real=0.00 secs] 
273.403: Total time for which application threads were stopped: 0.0005650 seconds, Stopping threads took: 0.0000630 seconds
273.522: Application time: 0.1190070 seconds
273.522: [GC [PSYoungGen: 23296K->256K(23552K)] 34355K->11435K(56320K), 0.0004530 secs] [Times: user=0.00 sys=0.00, real=0.00 secs] 
273.523: Total time for which application threads were stopped: 0.0005870 seconds, Stopping threads took: 0.0000550 seconds
273.641: Application time: 0.1181380 seconds
273.641: [GC [PSYoungGen: 23296K->256K(23552K)] 34475K->11483K(56320K), 0.0004860 secs] [Times: user=0.00 sys=0.00, real=0.00 secs] 
273.642: Total time for which application threads were stopped: 0.0006270 seconds, Stopping threads took: 0.0000610 seconds
273.759: Application time: 0.1171440 seconds
273.759: [GC [PSYoungGen: 23296K->352K(23552K)] 34523K->11643K(56320K), 0.0004600 secs] [Times: user=0.01 sys=0.00, real=0.00 secs] 
273.759: Total time for which application threads were stopped: 0.0006090 seconds, Stopping threads took: 0.0000750 seconds
273.877: Application time: 0.1180280 seconds
273.878: [GC [PSYoungGen: 23392K->272K(23552K)] 34683K->11804K(56320K), 0.0005020 secs] [Times: user=0.00 sys=0.00, real=0.01 secs] 
273.878: Total time for which application threads were stopped: 0.0006680 seconds, Stopping threads took: 0.0000720 seconds
273.997: Application time: 0.1192380 seconds
273.997: [GC [PSYoungGen: 23312K->256K(23552K)] 34844K->11916K(56320K), 0.0004120 secs] [Times: user=0.00 sys=0.00, real=0.01 secs] 
273.998: Total time for which application threads were stopped: 0.0005660 seconds, Stopping threads took: 0.0000720 seconds
274.117: Application time: 0.1188300 seconds
274.117: [GC [PSYoungGen: 23296K->256K(23552K)] 34956K->11940K(56320K), 0.0004420 secs] [Times: user=0.00 sys=0.00, real=0.00 secs] 
274.117: Total time for which application threads were stopped: 0.0005770 seconds, Stopping threads took: 0.0000630 seconds
274.236: Application time: 0.1188120 seconds
274.236: [GC [PSYoungGen: 23296K->256K(23552K)] 34980K->12060K(56320K), 0.0004280 secs] [Times: user=0.00 sys=0.00, real=0.00 secs] 
274.237: Total time for which application threads were stopped: 0.0005720 seconds, Stopping threads took: 0.0000620 seconds
274.355: Application time: 0.1179620 seconds
274.355: [GC [PSYoungGen: 23296K->256K(23552K)] 35100K->12108K(56320K), 0.0004260 secs] [Times: user=0.00 sys=0.00, real=0.00 secs] 
274.355: Total time for which application threads were stopped: 0.0005600 seconds, Stopping threads took: 0.0000560 seconds
274.472: Application time: 0.1172210 seconds
274.473: [GC [PSYoungGen: 23296K->400K(23552K)] 35148K->12308K(56320K), 0.0004700 secs] [Times: user=0.00 sys=0.00, real=0.00 secs] 
274.473: Total time for which application threads were stopped: 0.0006440 seconds, Stopping threads took: 0.0000840 seconds
274.591: Application time: 0.1179790 seconds
274.591: [GC [PSYoungGen: 23440K->240K(23552K)] 35348K->12408K(56320K), 0.0005400 secs] [Times: user=0.00 sys=0.00, real=0.00 secs] 
274.592: Total time for which application threads were stopped: 0.0006770 seconds, Stopping threads took: 0.0000630 seconds
274.710: Application time: 0.1185960 seconds
274.710: [GC [PSYoungGen: 23280K->256K(23552K)] 35448K->12552K(56320K), 0.0004810 secs] [Times: user=0.01 sys=0.00, real=0.00 secs] 
274.711: Total time for which application threads were stopped: 0.0006190 seconds, Stopping threads took: 0.0000600 seconds
274.830: Application time: 0.1190440 seconds
274.830: [GC [PSYoungGen: 23296K->256K(23552K)] 35592K->12576K(56320K), 0.0004230 secs] [Times: user=0.00 sys=0.00, real=0.00 secs] 
274.831: Total time for which application threads were stopped: 0.0005650 seconds, Stopping threads took: 0.0000640 seconds
274.952: Application time: 0.1216420 seconds
274.952: [GC [PSYoungGen: 23296K->256K(23552K)] 35616K->12696K(56320K), 0.0004480 secs] [Times: user=0.00 sys=0.00, real=0.00 secs] 
274.953: Total time for which application threads were stopped: 0.0005970 seconds, Stopping threads took: 0.0000680 seconds
275.071: Application time: 0.1185190 seconds
275.071: [GC [PSYoungGen: 23296K->224K(23552K)] 35736K->12712K(56320K), 0.0004710 secs] [Times: user=0.00 sys=0.00, real=0.00 secs] 
275.072: Total time for which application threads were stopped: 0.0006230 seconds, Stopping threads took: 0.0000610 seconds
275.188: Application time: 0.1165810 seconds
275.189: [GC [PSYoungGen: 23264K->368K(23552K)] 35752K->12928K(56320K), 0.0004470 secs] [Times: user=0.00 sys=0.00, real=0.00 secs] 
275.189: Total time for which application threads were stopped: 0.0005880 seconds, Stopping threads took: 0.0000660 seconds
275.307: Application time: 0.1177790 seconds
275.307: [GC [PSYoungGen: 23408K->288K(23552K)] 35968K->13113K(56320K), 0.0005110 secs] [Times: user=0.00 sys=0.00, real=0.00 secs] 
275.308: Total time for which application threads were stopped: 0.0006430 seconds, Stopping threads took: 0.0000590 seconds
275.427: Application time: 0.1196890 seconds
275.427: [GC [PSYoungGen: 23328K->224K(23552K)] 36153K->13169K(56320K), 0.0004130 secs] [Times: user=0.01 sys=0.00, real=0.00 secs] 
275.428: Total time for which application threads were stopped: 0.0005550 seconds, Stopping threads took: 0.0000660 seconds
275.546: Application time: 0.1187230 seconds
275.547: [GC [PSYoungGen: 23264K->256K(23552K)] 36209K->13201K(56320K), 0.0004320 secs] [Times: user=0.00 sys=0.00, real=0.00 secs] 
275.547: Total time for which application threads were stopped: 0.0005760 seconds, Stopping threads took: 0.0000660 seconds
275.667: Application time: 0.1200580 seconds
275.667: [GC [PSYoungGen: 23296K->256K(23552K)] 36241K->13321K(56320K), 0.0004450 secs] [Times: user=0.00 sys=0.00, real=0.00 secs] 
275.668: Total time for which application threads were stopped: 0.0005840 seconds, Stopping threads took: 0.0000550 seconds
275.794: Application time: 0.1259720 seconds
275.794: [GC [PSYoungGen: 23296K->256K(23552K)] 36361K->13393K(56320K), 0.0003800 secs] [Times: user=0.00 sys=0.00, real=0.00 secs] 
275.794: Total time for which application threads were stopped: 0.0005060 seconds, Stopping threads took: 0.0000550 seconds
275.911: Application time: 0.1172430 seconds
275.912: [GC [PSYoungGen: 23296K->304K(23552K)] 36433K->13505K(56320K), 0.0004460 secs] [Times: user=0.00 sys=0.00, real=0.00 secs] 
275.912: Total time for which application threads were stopped: 0.0006020 seconds, Stopping threads took: 0.0000810 seconds
276.030: Application time: 0.1177290 seconds
276.030: [GC [PSYoungGen: 23344K->336K(23552K)] 36545K->13705K(56320K), 0.0004950 secs] [Times: user=0.00 sys=0.00, real=0.00 secs] 
276.030: Total time for which application threads were stopped: 0.0006360 seconds, Stopping threads took: 0.0000660 seconds
276.149: Application time: 0.1187280 seconds
276.149: [GC [PSYoungGen: 23376K->256K(23552K)] 36745K->13833K(56320K), 0.0004650 secs] [Times: user=0.00 sys=0.00, real=0.00 secs] 
276.150: Total time for which application threads were stopped: 0.0006130 seconds, Stopping threads took: 0.0000690 seconds
276.269: Application time: 0.1190260 seconds
276.269: [GC [PSYoungGen: 23296K->256K(23552K)] 36873K->13833K(56320K), 0.0004220 secs] [Times: user=0.00 sys=0.00, real=0.00 secs] 
276.269: Total time for which application threads were stopped: 0.0005710 seconds, Stopping threads took: 0.0000620 seconds
276.388: Application time: 0.1188880 seconds
276.388: [GC [PSYoungGen: 23296K->256K(23552K)] 36873K->13929K(56320K), 0.0004230 secs] [Times: user=0.00 sys=0.00, real=0.00 secs] 
276.389: Total time for which application threads were stopped: 0.0005700 seconds, Stopping threads took: 0.0000660 seconds
276.507: Application time: 0.1185620 seconds
276.507: [GC [PSYoungGen: 23296K->256K(23552K)] 36969K->14025K(56320K), 0.0004660 secs] [Times: user=0.00 sys=0.00, real=0.00 secs] 
276.508: Total time for which application threads were stopped: 0.0006040 seconds, Stopping threads took: 0.0000580 seconds
276.625: Application time: 0.1172000 seconds
276.625: [GC [PSYoungGen: 23296K->304K(23552K)] 37065K->14073K(56320K), 0.0004590 secs] [Times: user=0.01 sys=0.00, real=0.01 secs] 
276.626: Total time for which application threads were stopped: 0.0005970 seconds, Stopping threads took: 0.0000630 seconds
276.743: Application time: 0.1169580 seconds
276.743: [GC [PSYoungGen: 23344K->320K(23552K)] 37113K->14297K(56320K), 0.0005370 secs] [Times: user=0.00 sys=0.00, real=0.00 secs] 
276.743: Total time for which application threads were stopped: 0.0006670 seconds, Stopping threads took: 0.0000550 seconds
276.862: Application time: 0.1186180 seconds
276.866: [GC [PSYoungGen: 23360K->192K(23552K)] 37337K->14378K(56320K), 0.0005980 secs] [Times: user=0.00 sys=0.00, real=0.00 secs] 
276.866: Total time for which application threads were stopped: 0.0042560 seconds, Stopping threads took: 0.0035730 seconds
276.985: Application time: 0.1191880 seconds
276.986: [GC [PSYoungGen: 23232K->256K(23552K)] 37418K->14442K(56320K), 0.0003980 secs] [Times: user=0.00 sys=0.00, real=0.00 secs] 
276.986: Total time for which application threads were stopped: 0.0005330 seconds, Stopping threads took: 0.0000530 seconds
277.105: Application time: 0.1185390 seconds
277.105: [GC [PSYoungGen: 23296K->256K(23552K)] 37482K->14514K(56320K), 0.0004370 secs] [Times: user=0.00 sys=0.00, real=0.00 secs] 
277.105: Total time for which application threads were stopped: 0.0005830 seconds, Stopping threads took: 0.0000670 seconds
277.224: Application time: 0.1189110 seconds
277.224: [GC [PSYoungGen: 23296K->256K(23552K)] 37554K->14634K(56320K), 0.0004720 secs] [Times: user=0.00 sys=0.00, real=0.00 secs] 
277.225: Total time for which application threads were stopped: 0.0006240 seconds, Stopping threads took: 0.0000740 seconds
277.343: Application time: 0.1179660 seconds
277.343: [GC [PSYoungGen: 23296K->256K(23552K)] 37674K->14634K(56320K), 0.0005230 secs] [Times: user=0.00 sys=0.00, real=0.00 secs] 
277.343: Total time for which application threads were stopped: 0.0006560 seconds, Stopping threads took: 0.0000570 seconds
277.459: Application time: 0.1158560 seconds
277.459: [GC [PSYoungGen: 23296K->352K(23552K)] 37674K->14906K(56320K), 0.0005180 secs] [Times: user=0.00 sys=0.00, real=0.00 secs] 
277.460: Total time for which application threads were stopped: 0.0006840 seconds, Stopping threads took: 0.0000690 seconds
277.579: Application time: 0.1187180 seconds
277.579: [GC [PSYoungGen: 23392K->256K(23552K)] 37946K->15066K(56320K), 0.0004820 secs] [Times: user=0.00 sys=0.00, real=0.00 secs] 
277.579: Total time for which application threads were stopped: 0.0006130 seconds, Stopping threads took: 0.0000550 seconds
277.698: Application time: 0.1185230 seconds
277.698: [GC [PSYoungGen: 23296K->256K(23552K)] 38106K->15066K(56320K), 0.0004530 secs] [Times: user=0.00 sys=0.00, real=0.00 secs] 
277.698: Total time for which application threads were stopped: 0.0006010 seconds, Stopping threads took: 0.0000690 seconds
277.817: Application time: 0.1188840 seconds
277.817: [GC [PSYoungGen: 23296K->256K(23552K)] 38106K->15138K(56320K), 0.0004490 secs] [Times: user=0.00 sys=0.00, real=0.01 secs] 
277.818: Total time for which application threads were stopped: 0.0005910 seconds, Stopping threads took: 0.0000650 seconds
277.937: Application time: 0.1193180 seconds
277.937: [GC [PSYoungGen: 23296K->256K(23552K)] 38178K->15258K(56320K), 0.0004390 secs] [Times: user=0.00 sys=0.00, real=0.01 secs] 
277.938: Total time for which application threads were stopped: 0.0006000 seconds, Stopping threads took: 0.0000810 seconds
278.055: Application time: 0.1170980 seconds
278.055: [GC [PSYoungGen: 23296K->224K(23552K)] 38298K->15226K(56320K), 0.0005090 secs] [Times: user=0.00 sys=0.00, real=0.00 secs] 
278.055: Total time for which application threads were stopped: 0.0006510 seconds, Stopping threads took: 0.0000560 seconds
278.172: Application time: 0.1166800 seconds
278.172: [GC [PSYoungGen: 23264K->304K(23552K)] 38266K->15474K(56320K), 0.0005090 secs] [Times: user=0.00 sys=0.00, real=0.00 secs] 
278.173: Total time for which application threads were stopped: 0.0006500 seconds, Stopping threads took: 0.0000670 seconds
278.292: Application time: 0.1190320 seconds
278.292: [GC [PSYoungGen: 23344K->192K(23552K)] 38514K->15607K(56320K), 0.0005200 secs] [Times: user=0.00 sys=0.00, real=0.00 secs] 
278.292: Total time for which application threads were stopped: 0.0006670 seconds, Stopping threads took: 0.0000660 seconds
278.411: Application time: 0.1184110 seconds
278.411: [GC [PSYoungGen: 23232K->256K(23552K)] 38647K->15671K(56320K), 0.0004160 secs] [Times: user=0.00 sys=0.00, real=0.00 secs] 
278.411: Total time for which application threads were stopped: 0.0005490 seconds, Stopping threads took: 0.0000620 seconds
278.530: Application time: 0.1180560 seconds
278.530: [GC [PSYoungGen: 23296K->256K(23552K)] 38711K->15719K(56320K), 0.0004550 secs] [Times: user=0.00 sys=0.00, real=0.00 secs] 
278.530: Total time for which application threads were stopped: 0.0005880 seconds, Stopping threads took: 0.0000550 seconds
278.649: Application time: 0.1188980 seconds
278.649: [GC [PSYoungGen: 23296K->256K(23552K)] 38759K->15863K(56320K), 0.0004690 secs] [Times: user=0.00 sys=0.00, real=0.00 secs] 
278.650: Total time for which application threads were stopped: 0.0006070 seconds, Stopping threads took: 0.0000510 seconds
278.767: Application time: 0.1176840 seconds
278.767: [GC [PSYoungGen: 23296K->272K(23552K)] 38903K->15879K(56320K), 0.0004290 secs] [Times: user=0.00 sys=0.00, real=0.00 secs] 
278.768: Total time for which application threads were stopped: 0.0005550 seconds, Stopping threads took: 0.0000530 seconds
278.885: Application time: 0.1168230 seconds
278.885: [GC [PSYoungGen: 23312K->432K(23552K)] 38919K->16167K(56320K), 0.0004870 secs] [Times: user=0.00 sys=0.00, real=0.00 secs] 
278.885: Total time for which application threads were stopped: 0.0006190 seconds, Stopping threads took: 0.0000560 seconds
279.004: Application time: 0.1190740 seconds
279.004: [GC [PSYoungGen: 23472K->256K(23552K)] 39207K->16299K(56320K), 0.0004870 secs] [Times: user=0.00 sys=0.00, real=0.00 secs] 
279.005: Total time for which application threads were stopped: 0.0006340 seconds, Stopping threads took: 0.0000660 seconds
279.123: Application time: 0.1179010 seconds
279.123: [GC [PSYoungGen: 23296K->192K(23552K)] 39339K->16235K(56320K), 0.0004760 secs] [Times: user=0.00 sys=0.00, real=0.00 secs] 
279.124: Total time for which application threads were stopped: 0.0006240 seconds, Stopping threads took: 0.0000710 seconds
279.242: Application time: 0.1184240 seconds
279.242: [GC [PSYoungGen: 23232K->224K(23552K)] 39275K->16315K(56320K), 0.0004440 secs] [Times: user=0.00 sys=0.00, real=0.00 secs] 
279.243: Total time for which application threads were stopped: 0.0005970 seconds, Stopping threads took: 0.0000630 seconds
279.362: Application time: 0.1193830 seconds
279.362: [GC [PSYoungGen: 23264K->256K(23552K)] 39355K->16491K(56320K), 0.0004670 secs] [Times: user=0.00 sys=0.00, real=0.00 secs] 
279.363: Total time for which application threads were stopped: 0.0006090 seconds, Stopping threads took: 0.0000650 seconds
279.481: Application time: 0.1181330 seconds
279.481: [GC [PSYoungGen: 23296K->256K(23552K)] 39531K->16491K(56320K), 0.0004420 secs] [Times: user=0.00 sys=0.00, real=0.00 secs] 
279.481: Total time for which application threads were stopped: 0.0005780 seconds, Stopping threads took: 0.0000560 seconds
279.597: Application time: 0.1157320 seconds
279.597: [GC [PSYoungGen: 23296K->400K(23552K)] 39531K->16755K(56320K), 0.0005090 secs] [Times: user=0.00 sys=0.00, real=0.01 secs] 
279.598: Total time for which application threads were stopped: 0.0006650 seconds, Stopping threads took: 0.0000760 seconds
279.717: Application time: 0.1192500 seconds
279.717: [GC [PSYoungGen: 23440K->224K(23552K)] 39795K->16876K(56320K), 0.0005410 secs] [Times: user=0.00 sys=0.00, real=0.01 secs] 
279.718: Total time for which application threads were stopped: 0.0006940 seconds, Stopping threads took: 0.0000700 seconds
279.837: Application time: 0.1192060 seconds
279.837: [GC [PSYoungGen: 23264K->256K(23552K)] 39916K->16908K(56320K), 0.0004450 secs] [Times: user=0.00 sys=0.00, real=0.00 secs] 
279.837: Total time for which application threads were stopped: 0.0006440 seconds, Stopping threads took: 0.0001060 seconds
279.956: Application time: 0.1185330 seconds
279.956: [GC [PSYoungGen: 23296K->256K(23552K)] 39948K->16956K(56320K), 0.0004250 secs] [Times: user=0.00 sys=0.00, real=0.00 secs] 
279.957: Total time for which application threads were stopped: 0.0005720 seconds, Stopping threads took: 0.0000690 seconds
280.076: Application time: 0.1194250 seconds
280.076: [GC [PSYoungGen: 23296K->256K(23552K)] 39996K->17100K(56320K), 0.0004330 secs] [Times: user=0.00 sys=0.00, real=0.00 secs] 
280.077: Total time for which application threads were stopped: 0.0005640 seconds, Stopping threads took: 0.0000560 seconds
280.195: Application time: 0.1182820 seconds
280.195: [GC [PSYoungGen: 23296K->192K(23552K)] 40140K->17036K(56320K), 0.0004350 secs] [Times: user=0.00 sys=0.00, real=0.00 secs] 
280.195: Total time for which application threads were stopped: 0.0005720 seconds, Stopping threads took: 0.0000650 seconds
280.312: Application time: 0.1167380 seconds
280.314: [GC [PSYoungGen: 23232K->352K(23552K)] 40076K->17260K(56320K), 0.0005480 secs] [Times: user=0.00 sys=0.00, real=0.00 secs] 
280.314: Total time for which application threads were stopped: 0.0021130 seconds, Stopping threads took: 0.0014920 seconds
280.432: Application time: 0.1177560 seconds
280.432: [GC [PSYoungGen: 23392K->256K(23552K)] 40300K->17420K(56320K), 0.0005060 secs] [Times: user=0.00 sys=0.00, real=0.00 secs] 
280.433: Total time for which application threads were stopped: 0.0006650 seconds, Stopping threads took: 0.0000670 seconds
280.552: Application time: 0.1189690 seconds
280.552: [GC [PSYoungGen: 23296K->224K(23552K)] 40460K->17492K(56320K), 0.0004500 secs] [Times: user=0.00 sys=0.00, real=0.00 secs] 
280.552: Total time for which application threads were stopped: 0.0005890 seconds, Stopping threads took: 0.0000570 seconds
280.671: Application time: 0.1187170 seconds
280.671: [GC [PSYoungGen: 23264K->240K(23552K)] 40532K->17532K(56320K), 0.0004660 secs] [Times: user=0.00 sys=0.00, real=0.00 secs] 
280.672: Total time for which application threads were stopped: 0.0006210 seconds, Stopping threads took: 0.0000730 seconds
280.791: Application time: 0.1191530 seconds
280.791: [GC [PSYoungGen: 23280K->224K(23552K)] 40572K->17636K(56320K), 0.0004580 secs] [Times: user=0.00 sys=0.00, real=0.00 secs] 
280.791: Total time for which application threads were stopped: 0.0005900 seconds, Stopping threads took: 0.0000560 seconds
280.910: Application time: 0.1182120 seconds
280.910: [GC [PSYoungGen: 23264K->256K(23552K)] 40676K->17716K(56320K), 0.0004360 secs] [Times: user=0.00 sys=0.00, real=0.00 secs] 
280.910: Total time for which application threads were stopped: 0.0005710 seconds, Stopping threads took: 0.0000610 seconds
281.027: Application time: 0.1169200 seconds
281.027: [GC [PSYoungGen: 23296K->304K(23552K)] 40756K->17828K(56320K), 0.0004660 secs] [Times: user=0.00 sys=0.00, real=0.00 secs] 
281.028: Total time for which application threads were stopped: 0.0006150 seconds, Stopping threads took: 0.0000600 seconds
281.145: Application time: 0.1170260 seconds
281.145: [GC [PSYoungGen: 23344K->272K(23552K)] 40868K->18009K(56320K), 0.0005640 secs] [Times: user=0.01 sys=0.00, real=0.00 secs] 
281.145: Total time for which application threads were stopped: 0.0007170 seconds, Stopping threads took: 0.0000720 seconds
281.265: Application time: 0.1191900 seconds
281.265: [GC [PSYoungGen: 23312K->256K(23552K)] 41049K->18153K(56320K), 0.0004410 secs] [Times: user=0.00 sys=0.00, real=0.00 secs] 
281.265: Total time for which application threads were stopped: 0.0005910 seconds, Stopping threads took: 0.0000690 seconds
281.384: Application time: 0.1184180 seconds
281.384: [GC [PSYoungGen: 23296K->224K(23552K)] 41193K->18145K(56320K), 0.0004560 secs] [Times: user=0.00 sys=0.00, real=0.00 secs] 
281.384: Total time for which application threads were stopped: 0.0005930 seconds, Stopping threads took: 0.0000580 seconds
281.504: Application time: 0.1193990 seconds
281.504: [GC [PSYoungGen: 23264K->256K(23552K)] 41185K->18273K(56320K), 0.0004870 secs] [Times: user=0.01 sys=0.00, real=0.00 secs] 
281.504: Total time for which application threads were stopped: 0.0006350 seconds, Stopping threads took: 0.0000690 seconds
281.622: Application time: 0.1179400 seconds
281.622: [GC [PSYoungGen: 23296K->256K(23552K)] 41313K->18345K(56320K), 0.0004690 secs] [Times: user=0.00 sys=0.00, real=0.00 secs] 
281.624: Total time for which application threads were stopped: 0.0017940 seconds, Stopping threads took: 0.0000520 seconds
281.741: Application time: 0.1171030 seconds
281.741: [GC [PSYoungGen: 23296K->320K(23552K)] 41385K->18473K(56320K), 0.0004930 secs] [Times: user=0.00 sys=0.00, real=0.00 secs] 
281.742: Total time for which application threads were stopped: 0.0006330 seconds, Stopping threads took: 0.0000570 seconds
281.859: Application time: 0.1176900 seconds
281.860: [GC [PSYoungGen: 23360K->304K(23552K)] 41513K->18665K(56320K), 0.0005120 secs] [Times: user=0.01 sys=0.00, real=0.00 secs] 
281.860: Total time for which application threads were stopped: 0.0006510 seconds, Stopping threads took: 0.0000600 seconds
281.979: Application time: 0.1186030 seconds
281.979: [GC [PSYoungGen: 23344K->256K(23552K)] 41705K->18785K(56320K), 0.0004420 secs] [Times: user=0.00 sys=0.00, real=0.00 secs] 
281.979: Total time for which application threads were stopped: 0.0005880 seconds, Stopping threads took: 0.0000660 seconds
282.098: Application time: 0.1190790 seconds
282.098: [GC [PSYoungGen: 23296K->256K(23552K)] 41825K->18809K(56320K), 0.0004790 secs] [Times: user=0.00 sys=0.00, real=0.00 secs] 
282.099: Total time for which application threads were stopped: 0.0006120 seconds, Stopping threads took: 0.0000590 seconds
282.218: Application time: 0.1186850 seconds
282.218: [GC [PSYoungGen: 23296K->192K(23552K)] 41849K->18841K(56320K), 0.0004570 secs] [Times: user=0.00 sys=0.00, real=0.00 secs] 
282.218: Total time for which application threads were stopped: 0.0006120 seconds, Stopping threads took: 0.0000660 seconds
282.337: Application time: 0.1184850 seconds
282.337: [GC [PSYoungGen: 23232K->256K(23552K)] 41881K->18977K(56320K), 0.0004790 secs] [Times: user=0.00 sys=0.00, real=0.00 secs] 
282.337: Total time for which application threads were stopped: 0.0006230 seconds, Stopping threads took: 0.0000590 seconds
282.455: Application time: 0.1173330 seconds
282.455: [GC [PSYoungGen: 23296K->288K(23552K)] 42017K->19073K(56320K), 0.0004770 secs] [Times: user=0.00 sys=0.00, real=0.00 secs] 
282.455: Total time for which application threads were stopped: 0.0006060 seconds, Stopping threads took: 0.0000580 seconds
282.572: Application time: 0.1170350 seconds
282.572: [GC [PSYoungGen: 23328K->256K(23552K)] 42113K->19242K(56320K), 0.0004880 secs] [Times: user=0.00 sys=0.00, real=0.00 secs] 
282.573: Total time for which application threads were stopped: 0.0006290 seconds, Stopping threads took: 0.0000600 seconds
282.692: Application time: 0.1189370 seconds
282.692: [GC [PSYoungGen: 23296K->256K(23552K)] 42282K->19442K(56320K), 0.0004440 secs] [Times: user=0.00 sys=0.00, real=0.00 secs] 
282.693: Total time for which application threads were stopped: 0.0005720 seconds, Stopping threads took: 0.0000530 seconds
282.812: Application time: 0.1189970 seconds
282.812: [GC [PSYoungGen: 23296K->256K(23552K)] 42482K->19466K(56320K), 0.0004340 secs] [Times: user=0.01 sys=0.00, real=0.00 secs] 
282.812: Total time for which application threads were stopped: 0.0005890 seconds, Stopping threads took: 0.0000690 seconds
282.930: Application time: 0.1182250 seconds
282.930: [GC [PSYoungGen: 23296K->208K(23552K)] 42506K->19482K(56320K), 0.0004730 secs] [Times: user=0.00 sys=0.00, real=0.00 secs] 
282.931: Total time for which application threads were stopped: 0.0006050 seconds, Stopping threads took: 0.0000570 seconds
283.049: Application time: 0.1178970 seconds
283.049: [GC [PSYoungGen: 23248K->256K(23552K)] 42522K->19626K(56320K), 0.0004190 secs] [Times: user=0.00 sys=0.00, real=0.00 secs] 
283.049: Total time for which application threads were stopped: 0.0005620 seconds, Stopping threads took: 0.0000660 seconds
283.167: Application time: 0.1177340 seconds
283.167: [GC [PSYoungGen: 23296K->272K(23552K)] 42666K->19714K(56320K), 0.0004750 secs] [Times: user=0.00 sys=0.00, real=0.00 secs] 
283.168: Total time for which application threads were stopped: 0.0005970 seconds, Stopping threads took: 0.0000470 seconds
283.284: Application time: 0.1162130 seconds
283.284: [GC [PSYoungGen: 23312K->352K(23552K)] 42754K->19966K(56320K), 0.0005060 secs] [Times: user=0.01 sys=0.00, real=0.00 secs] 
283.285: Total time for which application threads were stopped: 0.0006580 seconds, Stopping threads took: 0.0000730 seconds
283.403: Application time: 0.1187870 seconds
283.404: [GC [PSYoungGen: 23392K->224K(23552K)] 43006K->20034K(56320K), 0.0005020 secs] [Times: user=0.00 sys=0.00, real=0.00 secs] 
283.404: Total time for which application threads were stopped: 0.0006440 seconds, Stopping threads took: 0.0000570 seconds
283.523: Application time: 0.1186180 seconds
283.523: [GC [PSYoungGen: 23264K->256K(23552K)] 43074K->20066K(56320K), 0.0004350 secs] [Times: user=0.00 sys=0.00, real=0.00 secs] 
283.523: Total time for which application threads were stopped: 0.0005810 seconds, Stopping threads took: 0.0000650 seconds
283.642: Application time: 0.1188750 seconds
283.642: [GC [PSYoungGen: 23296K->256K(23552K)] 43106K->20138K(56320K), 0.0004390 secs] [Times: user=0.00 sys=0.00, real=0.00 secs] 
283.643: Total time for which application threads were stopped: 0.0005710 seconds, Stopping threads took: 0.0000600 seconds
283.762: Application time: 0.1191990 seconds
283.762: [GC [PSYoungGen: 23296K->256K(23552K)] 43178K->20258K(56320K), 0.0004490 secs] [Times: user=0.01 sys=0.00, real=0.00 secs] 
283.762: Total time for which application threads were stopped: 0.0005920 seconds, Stopping threads took: 0.0000640 seconds
283.880: Application time: 0.1175070 seconds
283.880: [GC [PSYoungGen: 23296K->288K(23552K)] 43298K->20290K(56320K), 0.0004650 secs] [Times: user=0.00 sys=0.00, real=0.00 secs] 
283.881: Total time for which application threads were stopped: 0.0006240 seconds, Stopping threads took: 0.0000810 seconds
283.997: Application time: 0.1168190 seconds
283.998: [GC [PSYoungGen: 23328K->384K(23552K)] 43330K->20547K(56320K), 0.0005370 secs] [Times: user=0.00 sys=0.00, real=0.01 secs] 
283.998: Total time for which application threads were stopped: 0.0006910 seconds, Stopping threads took: 0.0000670 seconds
284.117: Application time: 0.1187190 seconds
284.117: [GC [PSYoungGen: 23424K->256K(23552K)] 43587K->20679K(56320K), 0.0004870 secs] [Times: user=0.00 sys=0.00, real=0.00 secs] 
284.117: Total time for which application threads were stopped: 0.0006260 seconds, Stopping threads took: 0.0000630 seconds
284.236: Application time: 0.1187860 seconds
284.236: [GC [PSYoungGen: 23296K->256K(23552K)] 43719K->20679K(56320K), 0.0004740 secs] [Times: user=0.01 sys=0.00, real=0.00 secs] 
284.237: Total time for which application threads were stopped: 0.0006290 seconds, Stopping threads took: 0.0000770 seconds
284.356: Application time: 0.1189100 seconds
284.356: [GC [PSYoungGen: 23296K->256K(23552K)] 43719K->20751K(56320K), 0.0004380 secs] [Times: user=0.00 sys=0.00, real=0.00 secs] 
284.356: Total time for which application threads were stopped: 0.0005820 seconds, Stopping threads took: 0.0000690 seconds
284.475: Application time: 0.1189920 seconds
284.476: [GC [PSYoungGen: 23296K->224K(23552K)] 43791K->20831K(56320K), 0.0004690 secs] [Times: user=0.00 sys=0.00, real=0.00 secs] 
284.476: Total time for which application threads were stopped: 0.0006150 seconds, Stopping threads took: 0.0000680 seconds
284.594: Application time: 0.1176200 seconds
284.594: [GC [PSYoungGen: 23264K->288K(23552K)] 43871K->20895K(56320K), 0.0004490 secs] [Times: user=0.00 sys=0.00, real=0.00 secs] 
284.594: Total time for which application threads were stopped: 0.0005900 seconds, Stopping threads took: 0.0000540 seconds
284.710: Application time: 0.1159320 seconds
284.710: [GC [PSYoungGen: 23328K->368K(23552K)] 43935K->21127K(56320K), 0.0005430 secs] [Times: user=0.00 sys=0.00, real=0.00 secs] 
284.711: Total time for which application threads were stopped: 0.0006890 seconds, Stopping threads took: 0.0000660 seconds
284.830: Application time: 0.1193550 seconds
284.830: [GC [PSYoungGen: 23408K->256K(23552K)] 44167K->21271K(56320K), 0.0004800 secs] [Times: user=0.00 sys=0.00, real=0.00 secs] 
284.831: Total time for which application threads were stopped: 0.0006100 seconds, Stopping threads took: 0.0000550 seconds
284.949: Application time: 0.1183770 seconds
284.949: [GC [PSYoungGen: 23296K->192K(23552K)] 44311K->21207K(56320K), 0.0004410 secs] [Times: user=0.00 sys=0.00, real=0.00 secs] 
284.950: Total time for which application threads were stopped: 0.0005810 seconds, Stopping threads took: 0.0000590 seconds
285.069: Application time: 0.1188050 seconds
285.069: [GC [PSYoungGen: 23232K->256K(23552K)] 44247K->21319K(56320K), 0.0004360 secs] [Times: user=0.01 sys=0.00, real=0.00 secs] 
285.069: Total time for which application threads were stopped: 0.0005750 seconds, Stopping threads took: 0.0000640 seconds
285.188: Application time: 0.1190070 seconds
285.188: [GC [PSYoungGen: 23296K->256K(23552K)] 44359K->21463K(56320K), 0.0004510 secs] [Times: user=0.01 sys=0.00, real=0.00 secs] 
285.189: Total time for which application threads were stopped: 0.0006140 seconds, Stopping threads took: 0.0000760 seconds
285.307: Application time: 0.1179860 seconds
285.307: [GC [PSYoungGen: 23296K->272K(23552K)] 44503K->21479K(56320K), 0.0004960 secs] [Times: user=0.00 sys=0.00, real=0.00 secs] 
285.307: Total time for which application threads were stopped: 0.0006450 seconds, Stopping threads took: 0.0000750 seconds
285.423: Application time: 0.1159540 seconds
285.423: [GC [PSYoungGen: 23312K->384K(23552K)] 44519K->21695K(56320K), 0.0005520 secs] [Times: user=0.00 sys=0.00, real=0.00 secs] 
285.424: Total time for which application threads were stopped: 0.0006880 seconds, Stopping threads took: 0.0000570 seconds
285.543: Application time: 0.1193210 seconds
285.543: [GC [PSYoungGen: 23424K->256K(23552K)] 44735K->21876K(56320K), 0.0004950 secs] [Times: user=0.01 sys=0.00, real=0.00 secs] 
285.544: Total time for which application threads were stopped: 0.0006420 seconds, Stopping threads took: 0.0000640 seconds
285.663: Application time: 0.1187090 seconds
285.663: [GC [PSYoungGen: 23296K->256K(23552K)] 44916K->21876K(56320K), 0.0004370 secs] [Times: user=0.00 sys=0.00, real=0.00 secs] 
285.663: Total time for which application threads were stopped: 0.0005850 seconds, Stopping threads took: 0.0000650 seconds
285.782: Application time: 0.1184000 seconds
285.782: [GC [PSYoungGen: 23296K->256K(23552K)] 44916K->21924K(56320K), 0.0004750 secs] [Times: user=0.00 sys=0.00, real=0.00 secs] 
285.782: Total time for which application threads were stopped: 0.0006280 seconds, Stopping threads took: 0.0000620 seconds
285.902: Application time: 0.1195580 seconds
285.902: [GC [PSYoungGen: 23296K->256K(23552K)] 44964K->22068K(56320K), 0.0004540 secs] [Times: user=0.00 sys=0.00, real=0.00 secs] 
285.903: Total time for which application threads were stopped: 0.0006020 seconds, Stopping threads took: 0.0000670 seconds
286.020: Application time: 0.1176640 seconds
286.020: [GC [PSYoungGen: 23296K->272K(23552K)] 45108K->22084K(56320K), 0.0004460 secs] [Times: user=0.01 sys=0.00, real=0.00 secs] 
286.021: Total time for which application threads were stopped: 0.0005880 seconds, Stopping threads took: 0.0000630 seconds
286.136: Application time: 0.1154510 seconds
286.136: [GC [PSYoungGen: 23312K->464K(23552K)] 45124K->22400K(56320K), 0.0005230 secs] [Times: user=0.00 sys=0.00, real=0.00 secs] 
286.137: Total time for which application threads were stopped: 0.0006630 seconds, Stopping threads took: 0.0000630 seconds
286.256: Application time: 0.1188110 seconds
286.256: [GC [PSYoungGen: 23504K->224K(23552K)] 45440K->22440K(56320K), 0.0005610 secs] [Times: user=0.00 sys=0.00, real=0.00 secs] 
286.256: Total time for which application threads were stopped: 0.0007050 seconds, Stopping threads took: 0.0000620 seconds
286.375: Application time: 0.1187090 seconds
286.375: [GC [PSYoungGen: 23264K->192K(23552K)] 45480K->22432K(56320K), 0.0004990 secs] [Times: user=0.00 sys=0.00, real=0.00 secs] 
286.376: Total time for which application threads were stopped: 0.0006490 seconds, Stopping threads took: 0.0000670 seconds
286.495: Application time: 0.1191620 seconds
286.495: [GC [PSYoungGen: 23232K->256K(23552K)] 45472K->22544K(56320K), 0.0004370 secs] [Times: user=0.00 sys=0.00, real=0.00 secs] 
286.495: Total time for which application threads were stopped: 0.0005750 seconds, Stopping threads took: 0.0000560 seconds
286.615: Application time: 0.1194770 seconds
286.615: [GC [PSYoungGen: 23296K->256K(23552K)] 45584K->22664K(56320K), 0.0004330 secs] [Times: user=0.00 sys=0.00, real=0.00 secs] 
286.616: Total time for which application threads were stopped: 0.0005590 seconds, Stopping threads took: 0.0000520 seconds
286.733: Application time: 0.1178280 seconds
286.733: [GC [PSYoungGen: 23296K->256K(23552K)] 45704K->22688K(56320K), 0.0004150 secs] [Times: user=0.00 sys=0.00, real=0.00 secs] 
286.734: Total time for which application threads were stopped: 0.0005440 seconds, Stopping threads took: 0.0000540 seconds
286.849: Application time: 0.1155740 seconds
286.850: [GC [PSYoungGen: 23296K->368K(23552K)] 45728K->22873K(56320K), 0.0004820 secs] [Times: user=0.00 sys=0.00, real=0.00 secs] 
286.850: Total time for which application threads were stopped: 0.0006260 seconds, Stopping threads took: 0.0000610 seconds
286.968: Application time: 0.1182930 seconds
286.969: [GC [PSYoungGen: 23408K->224K(23552K)] 45913K->23025K(56320K), 0.0005520 secs] [Times: user=0.00 sys=0.00, real=0.00 secs] 
286.969: Total time for which application threads were stopped: 0.0006930 seconds, Stopping threads took: 0.0000580 seconds
287.089: Application time: 0.1194190 seconds
287.089: [GC [PSYoungGen: 23264K->256K(23552K)] 46065K->23145K(56320K), 0.0004140 secs] [Times: user=0.00 sys=0.00, real=0.00 secs] 
287.089: Total time for which application threads were stopped: 0.0005530 seconds, Stopping threads took: 0.0000630 seconds
287.207: Application time: 0.1180630 seconds
287.207: [GC [PSYoungGen: 23296K->240K(23552K)] 46185K->23153K(56320K), 0.0004640 secs] [Times: user=0.00 sys=0.00, real=0.00 secs] 
287.208: Total time for which application threads were stopped: 0.0006010 seconds, Stopping threads took: 0.0000640 seconds
287.327: Application time: 0.1195990 seconds
287.327: [GC [PSYoungGen: 23280K->256K(23552K)] 46193K->23313K(56320K), 0.0004520 secs] [Times: user=0.00 sys=0.00, real=0.00 secs] 
287.328: Total time for which application threads were stopped: 0.0006030 seconds, Stopping threads took: 0.0000680 seconds
287.446: Application time: 0.1178090 seconds
287.446: [GC [PSYoungGen: 23296K->224K(23552K)] 46353K->23305K(56320K), 0.0004800 secs] [Times: user=0.00 sys=0.00, real=0.00 secs] 
287.446: Total time for which application threads were stopped: 0.0006100 seconds, Stopping threads took: 0.0000560 seconds
287.563: Application time: 0.1168090 seconds
287.563: [GC [PSYoungGen: 23264K->384K(23552K)] 46345K->23529K(56320K), 0.0005540 secs] [Times: user=0.00 sys=0.00, real=0.00 secs] 
287.564: Total time for which application threads were stopped: 0.0006970 seconds, Stopping threads took: 0.0000560 seconds
287.683: Application time: 0.1188080 seconds
287.683: [GC [PSYoungGen: 23424K->272K(23552K)] 46569K->23665K(56320K), 0.0005010 secs] [Times: user=0.00 sys=0.00, real=0.00 secs] 
287.683: Total time for which application threads were stopped: 0.0006460 seconds, Stopping threads took: 0.0000620 seconds
287.803: Application time: 0.1193960 seconds
287.803: [GC [PSYoungGen: 23312K->256K(23552K)] 46705K->23773K(56320K), 0.0004180 secs] [Times: user=0.00 sys=0.00, real=0.00 secs] 
287.803: Total time for which application threads were stopped: 0.0005490 seconds, Stopping threads took: 0.0000600 seconds
287.922: Application time: 0.1190480 seconds
287.922: [GC [PSYoungGen: 23296K->256K(23552K)] 46813K->23797K(56320K), 0.0004620 secs] [Times: user=0.01 sys=0.00, real=0.00 secs] 
287.923: Total time for which application threads were stopped: 0.0006050 seconds, Stopping threads took: 0.0000640 seconds
288.042: Application time: 0.1189610 seconds
288.042: [GC [PSYoungGen: 23296K->256K(23552K)] 46837K->23917K(56320K), 0.0004670 secs] [Times: user=0.00 sys=0.00, real=0.00 secs] 
288.043: Total time for which application threads were stopped: 0.0006020 seconds, Stopping threads took: 0.0000560 seconds
288.161: Application time: 0.1184770 seconds
288.161: [GC [PSYoungGen: 23296K->224K(23552K)] 46957K->23933K(56320K), 0.0004970 secs] [Times: user=0.01 sys=0.00, real=0.00 secs] 
288.162: Total time for which application threads were stopped: 0.0006570 seconds, Stopping threads took: 0.0000690 seconds
288.279: Application time: 0.1169070 seconds
288.279: [GC [PSYoungGen: 23264K->272K(23552K)] 46973K->24038K(56320K), 0.0004750 secs] [Times: user=0.01 sys=0.00, real=0.00 secs] 
288.279: Total time for which application threads were stopped: 0.0006080 seconds, Stopping threads took: 0.0000600 seconds
288.396: Application time: 0.1172470 seconds
288.397: [GC [PSYoungGen: 23312K->288K(23552K)] 47078K->24266K(56320K), 0.0005100 secs] [Times: user=0.01 sys=0.00, real=0.00 secs] 
288.397: Total time for which application threads were stopped: 0.0006410 seconds, Stopping threads took: 0.0000570 seconds
288.516: Application time: 0.1186030 seconds
288.516: [GC [PSYoungGen: 23328K->256K(23552K)] 47306K->24402K(56320K), 0.0004830 secs] [Times: user=0.01 sys=0.00, real=0.00 secs] 
288.516: Total time for which application threads were stopped: 0.0006140 seconds, Stopping threads took: 0.0000520 seconds
288.635: Application time: 0.1184490 seconds
288.635: [GC [PSYoungGen: 23296K->256K(23552K)] 47442K->24426K(56320K), 0.0004370 secs] [Times: user=0.01 sys=0.00, real=0.00 secs] 
288.635: Total time for which application threads were stopped: 0.0005640 seconds, Stopping threads took: 0.0000510 seconds
288.754: Application time: 0.1187270 seconds
288.754: [GC [PSYoungGen: 23296K->256K(23552K)] 47466K->24522K(56320K), 0.0004560 secs] [Times: user=0.00 sys=0.00, real=0.00 secs] 
288.755: Total time for which application threads were stopped: 0.0006190 seconds, Stopping threads took: 0.0000680 seconds
288.874: Application time: 0.1190600 seconds
288.874: [GC [PSYoungGen: 23296K->256K(23552K)] 47562K->24594K(56320K), 0.0004310 secs] [Times: user=0.00 sys=0.00, real=0.00 secs] 
288.874: Total time for which application threads were stopped: 0.0005590 seconds, Stopping threads took: 0.0000520 seconds
288.992: Application time: 0.1174090 seconds
288.992: [GC [PSYoungGen: 23296K->304K(23552K)] 47634K->24698K(56320K), 0.0004680 secs] [Times: user=0.01 sys=0.00, real=0.00 secs] 
288.992: Total time for which application threads were stopped: 0.0006000 seconds, Stopping threads took: 0.0000540 seconds
289.109: Application time: 0.1169110 seconds
289.109: [GC [PSYoungGen: 23344K->304K(23552K)] 47738K->24902K(56320K), 0.0005780 secs] [Times: user=0.00 sys=0.00, real=0.00 secs] 
289.110: Total time for which application threads were stopped: 0.0007210 seconds, Stopping threads took: 0.0000610 seconds
289.228: Application time: 0.1183450 seconds
289.228: [GC [PSYoungGen: 23344K->224K(23552K)] 47942K->25010K(56320K), 0.0005260 secs] [Times: user=0.00 sys=0.00, real=0.00 secs] 
289.229: Total time for which application threads were stopped: 0.0006560 seconds, Stopping threads took: 0.0000570 seconds
289.348: Application time: 0.1189990 seconds
289.348: [GC [PSYoungGen: 23264K->256K(23552K)] 48050K->25066K(56320K), 0.0004330 secs] [Times: user=0.00 sys=0.00, real=0.00 secs] 
289.348: Total time for which application threads were stopped: 0.0005750 seconds, Stopping threads took: 0.0000550 seconds
289.467: Application time: 0.1183250 seconds
289.467: [GC [PSYoungGen: 23296K->224K(23552K)] 48106K->25106K(56320K), 0.0005030 secs] [Times: user=0.00 sys=0.00, real=0.00 secs] 
289.467: Total time for which application threads were stopped: 0.0006470 seconds, Stopping threads took: 0.0000620 seconds
289.586: Application time: 0.1182010 seconds
289.586: [GC [PSYoungGen: 23264K->256K(23552K)] 48146K->25235K(56320K), 0.0004980 secs] [Times: user=0.00 sys=0.00, real=0.00 secs] 
289.586: Total time for which application threads were stopped: 0.0006330 seconds, Stopping threads took: 0.0000620 seconds
289.704: Application time: 0.1177410 seconds
289.704: [GC [PSYoungGen: 23296K->320K(23552K)] 48275K->25347K(56320K), 0.0004620 secs] [Times: user=0.00 sys=0.00, real=0.00 secs] 
289.705: Total time for which application threads were stopped: 0.0005990 seconds, Stopping threads took: 0.0000640 seconds
289.822: Application time: 0.1171450 seconds
289.822: [GC [PSYoungGen: 23360K->368K(23552K)] 48387K->25547K(56320K), 0.0005290 secs] [Times: user=0.00 sys=0.00, real=0.00 secs] 
289.822: Total time for which application threads were stopped: 0.0006700 seconds, Stopping threads took: 0.0000610 seconds
289.941: Application time: 0.1186810 seconds
289.941: [GC [PSYoungGen: 23408K->224K(23552K)] 48587K->25623K(56320K), 0.0005220 secs] [Times: user=0.00 sys=0.00, real=0.00 secs] 
289.942: Total time for which application threads were stopped: 0.0006690 seconds, Stopping threads took: 0.0000590 seconds
290.061: Application time: 0.1191540 seconds
290.061: [GC [PSYoungGen: 23264K->256K(23552K)] 48663K->25679K(56320K), 0.0004230 secs] [Times: user=0.01 sys=0.00, real=0.00 secs] 
290.062: Total time for which application threads were stopped: 0.0006020 seconds, Stopping threads took: 0.0000940 seconds
290.180: Application time: 0.1186330 seconds
290.180: [GC [PSYoungGen: 23296K->240K(23552K)] 48719K->25711K(56320K), 0.0004490 secs] [Times: user=0.00 sys=0.00, real=0.00 secs] 
290.181: Total time for which application threads were stopped: 0.0005850 seconds, Stopping threads took: 0.0000630 seconds
290.300: Application time: 0.1188420 seconds
290.300: [GC [PSYoungGen: 23280K->224K(23552K)] 48751K->25807K(56320K), 0.0004770 secs] [Times: user=0.00 sys=0.00, real=0.00 secs] 
290.300: Total time for which application threads were stopped: 0.0006140 seconds, Stopping threads took: 0.0000550 seconds
290.418: Application time: 0.1178470 seconds
290.418: [GC [PSYoungGen: 23264K->256K(23552K)] 48847K->25903K(56320K), 0.0004670 secs] [Times: user=0.00 sys=0.00, real=0.00 secs] 
290.419: Total time for which application threads were stopped: 0.0006080 seconds, Stopping threads took: 0.0000600 seconds
290.535: Application time: 0.1161820 seconds
290.535: [GC [PSYoungGen: 23296K->336K(23552K)] 48943K->26095K(56320K), 0.0005550 secs] [Times: user=0.00 sys=0.00, real=0.00 secs] 
290.536: Total time for which application threads were stopped: 0.0007060 seconds, Stopping threads took: 0.0000630 seconds
290.655: Application time: 0.1189280 seconds
290.655: [GC [PSYoungGen: 23376K->256K(23552K)] 49135K->26283K(56320K), 0.0004980 secs] [Times: user=0.01 sys=0.00, real=0.00 secs] 
290.655: Total time for which application threads were stopped: 0.0006390 seconds, Stopping threads took: 0.0000640 seconds
290.774: Application time: 0.1184550 seconds
290.774: [GC [PSYoungGen: 23296K->128K(23552K)] 49323K->26179K(56320K), 0.0006910 secs] [Times: user=0.01 sys=0.00, real=0.00 secs] 
290.775: Total time for which application threads were stopped: 0.0009050 seconds, Stopping threads took: 0.0001080 seconds
290.893: Application time: 0.1186230 seconds
290.893: [GC [PSYoungGen: 23168K->256K(23552K)] 49219K->26331K(56320K), 0.0004460 secs] [Times: user=0.00 sys=0.00, real=0.00 secs] 
290.894: Total time for which application threads were stopped: 0.0005930 seconds, Stopping threads took: 0.0000730 seconds
291.013: Application time: 0.1189920 seconds
291.013: [GC [PSYoungGen: 23296K->256K(23552K)] 49371K->26476K(56320K), 0.0004430 secs] [Times: user=0.00 sys=0.00, real=0.00 secs] 
291.013: Total time for which application threads were stopped: 0.0005730 seconds, Stopping threads took: 0.0000570 seconds
291.131: Application time: 0.1178800 seconds
291.131: [GC [PSYoungGen: 23296K->256K(23552K)] 49516K->26532K(56320K), 0.0004640 secs] [Times: user=0.00 sys=0.00, real=0.00 secs] 
291.132: Total time for which application threads were stopped: 0.0006260 seconds, Stopping threads took: 0.0000740 seconds
291.248: Application time: 0.1158870 seconds
291.248: [GC [PSYoungGen: 23296K->368K(23552K)] 49572K->26724K(56320K), 0.0005790 secs] [Times: user=0.00 sys=0.00, real=0.00 secs] 
291.248: Total time for which application threads were stopped: 0.0007230 seconds, Stopping threads took: 0.0000700 seconds
291.368: Application time: 0.1192740 seconds
291.368: [GC [PSYoungGen: 23408K->256K(23552K)] 49764K->26912K(56320K), 0.0004930 secs] [Times: user=0.00 sys=0.00, real=0.00 secs] 
291.368: Total time for which application threads were stopped: 0.0006580 seconds, Stopping threads took: 0.0000810 seconds
291.487: Application time: 0.1183650 seconds
291.487: [GC [PSYoungGen: 23296K->256K(23552K)] 49952K->26912K(56320K), 0.0004310 secs] [Times: user=0.01 sys=0.00, real=0.00 secs] 
291.487: Total time for which application threads were stopped: 0.0005630 seconds, Stopping threads took: 0.0000540 seconds
291.606: Application time: 0.1184420 seconds
291.606: [GC [PSYoungGen: 23296K->256K(23552K)] 49952K->26960K(56320K), 0.0004820 secs] [Times: user=0.01 sys=0.00, real=0.00 secs] 
291.606: Total time for which application threads were stopped: 0.0006120 seconds, Stopping threads took: 0.0000520 seconds
291.725: Application time: 0.1190790 seconds
291.726: [GC [PSYoungGen: 23296K->256K(23552K)] 50000K->27096K(56320K), 0.0004710 secs] [Times: user=0.00 sys=0.00, real=0.00 secs] 
291.726: Total time for which application threads were stopped: 0.0006350 seconds, Stopping threads took: 0.0000660 seconds
291.845: Application time: 0.1186890 seconds
291.845: [GC [PSYoungGen: 23296K->256K(23552K)] 50136K->27096K(56320K), 0.0004680 secs] [Times: user=0.00 sys=0.00, real=0.00 secs] 
291.845: Total time for which application threads were stopped: 0.0006100 seconds, Stopping threads took: 0.0000680 seconds
291.961: Application time: 0.1157090 seconds
291.961: [GC [PSYoungGen: 23296K->400K(23552K)] 50136K->27352K(56320K), 0.0005200 secs] [Times: user=0.00 sys=0.00, real=0.00 secs] 
291.962: Total time for which application threads were stopped: 0.0006550 seconds, Stopping threads took: 0.0000590 seconds
292.081: Application time: 0.1196400 seconds
292.082: [GC [PSYoungGen: 23440K->256K(23552K)] 50392K->27516K(56320K), 0.0005200 secs] [Times: user=0.00 sys=0.01, real=0.00 secs] 
292.082: Total time for which application threads were stopped: 0.0006660 seconds, Stopping threads took: 0.0000660 seconds
292.201: Application time: 0.1192200 seconds
292.201: [GC [PSYoungGen: 23296K->224K(23552K)] 50556K->27484K(56320K), 0.0004390 secs] [Times: user=0.00 sys=0.00, real=0.00 secs] 
292.202: Total time for which application threads were stopped: 0.0005690 seconds, Stopping threads took: 0.0000520 seconds
292.320: Application time: 0.1185870 seconds
292.321: [GC [PSYoungGen: 23264K->256K(23552K)] 50524K->27565K(56320K), 0.0004720 secs] [Times: user=0.00 sys=0.00, real=0.00 secs] 
292.321: Total time for which application threads were stopped: 0.0006380 seconds, Stopping threads took: 0.0000750 seconds
292.441: Application time: 0.1194760 seconds
292.441: [GC [PSYoungGen: 23296K->256K(23552K)] 50605K->27685K(56320K), 0.0004540 secs] [Times: user=0.00 sys=0.00, real=0.00 secs] 
292.441: Total time for which application threads were stopped: 0.0005970 seconds, Stopping threads took: 0.0000630 seconds
292.559: Application time: 0.1174950 seconds
292.559: [GC [PSYoungGen: 23296K->240K(23552K)] 50725K->27693K(56320K), 0.0005110 secs] [Times: user=0.00 sys=0.00, real=0.00 secs] 
292.559: Total time for which application threads were stopped: 0.0006570 seconds, Stopping threads took: 0.0000670 seconds
292.676: Application time: 0.1163050 seconds
292.676: [GC [PSYoungGen: 23280K->352K(23552K)] 50733K->27925K(56320K), 0.0005530 secs] [Times: user=0.00 sys=0.00, real=0.00 secs] 
292.676: Total time for which application threads were stopped: 0.0006980 seconds, Stopping threads took: 0.0000660 seconds
292.795: Application time: 0.1191480 seconds
292.796: [GC [PSYoungGen: 23392K->160K(23552K)] 50965K->27973K(56320K), 0.0005480 secs] [Times: user=0.01 sys=0.00, real=0.00 secs] 
292.796: Total time for which application threads were stopped: 0.0006920 seconds, Stopping threads took: 0.0000650 seconds
292.915: Application time: 0.1192190 seconds
292.916: [GC [PSYoungGen: 23200K->256K(23552K)] 51013K->28133K(56320K), 0.0004460 secs] [Times: user=0.00 sys=0.00, real=0.00 secs] 
292.916: Total time for which application threads were stopped: 0.0005970 seconds, Stopping threads took: 0.0000600 seconds
293.035: Application time: 0.1188900 seconds
293.035: [GC [PSYoungGen: 23296K->256K(23552K)] 51173K->28181K(56320K), 0.0004770 secs] [Times: user=0.00 sys=0.00, real=0.00 secs] 
293.036: Total time for which application threads were stopped: 0.0006090 seconds, Stopping threads took: 0.0000520 seconds
293.155: Application time: 0.1192740 seconds
293.155: [GC [PSYoungGen: 23296K->256K(23552K)] 51221K->28301K(56320K), 0.0004660 secs] [Times: user=0.00 sys=0.00, real=0.00 secs] 
293.155: Total time for which application threads were stopped: 0.0006110 seconds, Stopping threads took: 0.0000660 seconds
293.273: Application time: 0.1174570 seconds
293.273: [GC [PSYoungGen: 23296K->256K(23552K)] 51341K->28325K(56320K), 0.0004500 secs] [Times: user=0.01 sys=0.00, real=0.00 secs] 
293.273: Total time for which application threads were stopped: 0.0005910 seconds, Stopping threads took: 0.0000620 seconds
293.390: Application time: 0.1168670 seconds
293.390: [GC [PSYoungGen: 23296K->416K(23552K)] 51365K->28613K(56320K), 0.0005070 secs] [Times: user=0.00 sys=0.00, real=0.00 secs] 
293.391: Total time for which application threads were stopped: 0.0006350 seconds, Stopping threads took: 0.0000550 seconds
293.509: Application time: 0.1182050 seconds
293.514: [GC [PSYoungGen: 23456K->224K(23552K)] 51653K->28677K(56320K), 0.0005860 secs] [Times: user=0.01 sys=0.00, real=0.00 secs] 
293.514: Total time for which application threads were stopped: 0.0051390 seconds, Stopping threads took: 0.0044660 seconds
293.633: Application time: 0.1191510 seconds
293.634: [GC [PSYoungGen: 23264K->256K(23552K)] 51717K->28782K(56320K), 0.0004790 secs] [Times: user=0.00 sys=0.00, real=0.00 secs] 
293.634: Total time for which application threads were stopped: 0.0006420 seconds, Stopping threads took: 0.0000740 seconds
293.753: Application time: 0.1186100 seconds
293.753: [GC [PSYoungGen: 23295K->256K(23552K)] 51821K->28806K(56320K), 0.0004540 secs] [Times: user=0.00 sys=0.00, real=0.00 secs] 
293.753: Total time for which application threads were stopped: 0.0005940 seconds, Stopping threads took: 0.0000610 seconds
293.872: Application time: 0.1190410 seconds
293.872: [GC [PSYoungGen: 23296K->256K(23552K)] 51846K->28950K(56320K), 0.0004940 secs] [Times: user=0.00 sys=0.00, real=0.00 secs] 
293.873: Total time for which application threads were stopped: 0.0006490 seconds, Stopping threads took: 0.0000750 seconds
293.991: Application time: 0.1179410 seconds
293.991: [GC [PSYoungGen: 23296K->256K(23552K)] 51990K->28974K(56320K), 0.0004640 secs] [Times: user=0.00 sys=0.00, real=0.00 secs] 
293.992: Total time for which application threads were stopped: 0.0005970 seconds, Stopping threads took: 0.0000530 seconds
294.108: Application time: 0.1164940 seconds
294.108: [GC [PSYoungGen: 23296K->368K(23552K)] 52014K->29150K(56320K), 0.0005060 secs] [Times: user=0.01 sys=0.00, real=0.00 secs] 
294.109: Total time for which application threads were stopped: 0.0006560 seconds, Stopping threads took: 0.0000610 seconds
294.226: Application time: 0.1177120 seconds
294.227: [GC [PSYoungGen: 23408K->288K(23552K)] 52190K->29338K(56320K), 0.0005770 secs] [Times: user=0.00 sys=0.00, real=0.00 secs] 
294.227: Total time for which application threads were stopped: 0.0007280 seconds, Stopping threads took: 0.0000770 seconds
294.346: Application time: 0.1187870 seconds
294.346: [GC [PSYoungGen: 23328K->256K(23552K)] 52378K->29434K(56320K), 0.0004620 secs] [Times: user=0.00 sys=0.00, real=0.00 secs] 
294.347: Total time for which application threads were stopped: 0.0006040 seconds, Stopping threads took: 0.0000630 seconds
294.466: Application time: 0.1191960 seconds
294.466: [GC [PSYoungGen: 23296K->256K(23552K)] 52474K->29458K(56320K), 0.0004400 secs] [Times: user=0.00 sys=0.00, real=0.00 secs] 
294.466: Total time for which application threads were stopped: 0.0005690 seconds, Stopping threads took: 0.0000560 seconds
294.586: Application time: 0.1196170 seconds
294.586: [GC [PSYoungGen: 23296K->224K(23552K)] 52498K->29538K(56320K), 0.0005100 secs] [Times: user=0.01 sys=0.00, real=0.00 secs] 
294.587: Total time for which application threads were stopped: 0.0006440 seconds, Stopping threads took: 0.0000590 seconds
294.705: Application time: 0.1185290 seconds
294.705: [GC [PSYoungGen: 23264K->224K(23552K)] 52578K->29578K(56320K), 0.0004750 secs] [Times: user=0.01 sys=0.00, real=0.01 secs] 
294.706: Total time for which application threads were stopped: 0.0006310 seconds, Stopping threads took: 0.0000690 seconds
294.823: Application time: 0.1169890 seconds
294.823: [GC [PSYoungGen: 23264K->368K(23552K)] 52618K->29786K(56320K), 0.0004960 secs] [Times: user=0.00 sys=0.00, real=0.00 secs] 
294.823: Total time for which application threads were stopped: 0.0006230 seconds, Stopping threads took: 0.0000530 seconds
294.942: Application time: 0.1188900 seconds
294.942: [GC [PSYoungGen: 23408K->272K(23552K)] 52826K->29954K(56320K), 0.0005180 secs] [Times: user=0.00 sys=0.00, real=0.00 secs] 
294.943: Total time for which application threads were stopped: 0.0006480 seconds, Stopping threads took: 0.0000560 seconds
295.062: Application time: 0.1189360 seconds
295.062: [GC [PSYoungGen: 23312K->192K(23552K)] 52994K->29987K(56320K), 0.0004980 secs] [Times: user=0.01 sys=0.00, real=0.00 secs] 
295.062: Total time for which application threads were stopped: 0.0006370 seconds, Stopping threads took: 0.0000630 seconds
295.181: Application time: 0.1184050 seconds
295.181: [GC [PSYoungGen: 23232K->256K(23552K)] 53027K->30075K(56320K), 0.0004430 secs] [Times: user=0.00 sys=0.00, real=0.00 secs] 
295.181: Total time for which application threads were stopped: 0.0005680 seconds, Stopping threads took: 0.0000510 seconds
295.300: Application time: 0.1185840 seconds
295.300: [GC [PSYoungGen: 23296K->256K(23552K)] 53115K->30195K(56320K), 0.0004490 secs] [Times: user=0.00 sys=0.00, real=0.00 secs] 
295.301: Total time for which application threads were stopped: 0.0005930 seconds, Stopping threads took: 0.0000590 seconds
295.419: Application time: 0.1180300 seconds
295.419: [GC [PSYoungGen: 23296K->256K(23552K)] 53235K->30243K(56320K), 0.0004600 secs] [Times: user=0.00 sys=0.00, real=0.00 secs] 
295.419: Total time for which application threads were stopped: 0.0006030 seconds, Stopping threads took: 0.0000650 seconds
295.537: Application time: 0.1176870 seconds
295.537: [GC [PSYoungGen: 23296K->320K(23552K)] 53283K->30371K(56320K), 0.0005050 secs] [Times: user=0.01 sys=0.00, real=0.00 secs] 
295.538: Total time for which application threads were stopped: 0.0006470 seconds, Stopping threads took: 0.0000620 seconds
295.655: Application time: 0.1177950 seconds
295.655: [GC [PSYoungGen: 23360K->272K(23552K)] 53411K->30547K(56320K), 0.0005100 secs] [Times: user=0.01 sys=0.00, real=0.00 secs] 
295.656: Total time for which application threads were stopped: 0.0006450 seconds, Stopping threads took: 0.0000570 seconds
295.775: Application time: 0.1187690 seconds
295.776: [GC [PSYoungGen: 23312K->160K(23552K)] 53587K->30599K(56320K), 0.0005500 secs] [Times: user=0.00 sys=0.00, real=0.00 secs] 
295.776: Total time for which application threads were stopped: 0.0014790 seconds, Stopping threads took: 0.0008400 seconds
295.894: Application time: 0.1181800 seconds
295.895: [GC [PSYoungGen: 23200K->256K(23552K)] 53639K->30719K(56320K), 0.0004540 secs] [Times: user=0.01 sys=0.00, real=0.00 secs] 
295.895: Total time for which application threads were stopped: 0.0006100 seconds, Stopping threads took: 0.0000650 seconds
296.013: Application time: 0.1181640 seconds
296.013: [GC [PSYoungGen: 23296K->256K(23552K)] 53759K->30815K(56320K), 0.0004610 secs] [Times: user=0.00 sys=0.00, real=0.00 secs] 
296.014: Total time for which application threads were stopped: 0.0005880 seconds, Stopping threads took: 0.0000510 seconds
296.132: Application time: 0.1183130 seconds
296.132: [GC [PSYoungGen: 23296K->256K(23552K)] 53855K->30887K(56320K), 0.0004850 secs] [Times: user=0.00 sys=0.00, real=0.00 secs] 
296.133: Total time for which application threads were stopped: 0.0006120 seconds, Stopping threads took: 0.0000510 seconds
296.249: Application time: 0.1165010 seconds
296.249: [GC [PSYoungGen: 23296K->352K(23552K)] 53927K->31039K(56320K), 0.0004730 secs] [Times: user=0.00 sys=0.00, real=0.00 secs] 
296.250: Total time for which application threads were stopped: 0.0006020 seconds, Stopping threads took: 0.0000550 seconds
296.368: Application time: 0.1180870 seconds
296.368: [GC [PSYoungGen: 23392K->304K(23552K)] 54079K->31207K(56320K), 0.0004990 secs] [Times: user=0.00 sys=0.00, real=0.00 secs] 
296.369: Total time for which application threads were stopped: 0.0006340 seconds, Stopping threads took: 0.0000610 seconds
296.488: Application time: 0.1190000 seconds
296.488: [GC [PSYoungGen: 23344K->256K(23552K)] 54247K->31328K(56320K), 0.0004740 secs] [Times: user=0.01 sys=0.00, real=0.00 secs] 
296.488: Total time for which application threads were stopped: 0.0006100 seconds, Stopping threads took: 0.0000540 seconds
296.607: Application time: 0.1186550 seconds
296.610: [GC [PSYoungGen: 23296K->256K(23552K)] 54368K->31352K(56320K), 0.0004730 secs] [Times: user=0.00 sys=0.00, real=0.00 secs] 
296.610: Total time for which application threads were stopped: 0.0033270 seconds, Stopping threads took: 0.0027820 seconds
296.729: Application time: 0.1186630 seconds
296.729: [GC [PSYoungGen: 23296K->256K(23552K)] 54392K->31424K(56320K), 0.0004740 secs] [Times: user=0.00 sys=0.00, real=0.00 secs] 
296.729: Total time for which application threads were stopped: 0.0006160 seconds, Stopping threads took: 0.0000630 seconds
296.848: Application time: 0.1190130 seconds
296.849: [GC [PSYoungGen: 23296K->160K(23552K)] 54464K->31416K(56320K), 0.0005260 secs] [Times: user=0.00 sys=0.00, real=0.00 secs] 
296.849: Total time for which application threads were stopped: 0.0006790 seconds, Stopping threads took: 0.0000690 seconds
296.967: Application time: 0.1179270 seconds
296.967: [GC [PSYoungGen: 23200K->272K(23552K)] 54456K->31584K(56320K), 0.0004660 secs] [Times: user=0.00 sys=0.00, real=0.00 secs] 
296.968: Total time for which application threads were stopped: 0.0005970 seconds, Stopping threads took: 0.0000540 seconds
297.084: Application time: 0.1161100 seconds
297.084: [GC [PSYoungGen: 23312K->384K(23552K)] 54624K->31808K(56320K), 0.0005080 secs] [Times: user=0.00 sys=0.00, real=0.00 secs] 
297.084: Total time for which application threads were stopped: 0.0006500 seconds, Stopping threads took: 0.0000570 seconds
297.204: Application time: 0.1191650 seconds
297.204: [GC [PSYoungGen: 23424K->256K(23552K)] 54848K->31960K(56320K), 0.0004990 secs] [Times: user=0.00 sys=0.00, real=0.00 secs] 
297.204: Total time for which application threads were stopped: 0.0006350 seconds, Stopping threads took: 0.0000600 seconds
297.323: Application time: 0.1186770 seconds
297.323: [GC [PSYoungGen: 23296K->256K(23552K)] 55000K->31984K(56320K), 0.0004450 secs] [Times: user=0.01 sys=0.00, real=0.00 secs] 
297.324: Total time for which application threads were stopped: 0.0005870 seconds, Stopping threads took: 0.0000630 seconds
297.442: Application time: 0.1182280 seconds
297.442: [GC [PSYoungGen: 23296K->224K(23552K)] 55024K->31976K(56320K), 0.0004910 secs] [Times: user=0.00 sys=0.00, real=0.00 secs] 
297.442: Total time for which application threads were stopped: 0.0006400 seconds, Stopping threads took: 0.0000720 seconds
297.561: Application time: 0.1182800 seconds
297.561: [GC [PSYoungGen: 23264K->256K(23552K)] 55016K->32152K(56320K), 0.0004600 secs] [Times: user=0.00 sys=0.00, real=0.00 secs] 
297.561: Total time for which application threads were stopped: 0.0005990 seconds, Stopping threads took: 0.0000620 seconds
297.679: Application time: 0.1181360 seconds
297.680: [GC [PSYoungGen: 23296K->224K(23552K)] 55192K->32176K(56320K), 0.0005090 secs] [Times: user=0.00 sys=0.00, real=0.00 secs] 
297.680: Total time for which application threads were stopped: 0.0006660 seconds, Stopping threads took: 0.0000690 seconds
297.796: Application time: 0.1158260 seconds
297.796: [GC [PSYoungGen: 23264K->384K(23552K)] 55216K->32408K(56320K), 0.0005160 secs] [Times: user=0.01 sys=0.00, real=0.00 secs] 
297.797: Total time for which application threads were stopped: 0.0006560 seconds, Stopping threads took: 0.0000660 seconds
297.916: Application time: 0.1190550 seconds
297.916: [GC [PSYoungGen: 23424K->256K(23552K)] 55448K->32585K(56320K), 0.0005260 secs] [Times: user=0.00 sys=0.00, real=0.00 secs] 
297.916: Total time for which application threads were stopped: 0.0006720 seconds, Stopping threads took: 0.0000660 seconds
298.035: Application time: 0.1189700 seconds
298.035: [GC [PSYoungGen: 23296K->256K(23552K)] 55625K->32585K(56320K), 0.0004840 secs] [Times: user=0.00 sys=0.00, real=0.00 secs] 
298.036: Total time for which application threads were stopped: 0.0006250 seconds, Stopping threads took: 0.0000660 seconds
298.154: Application time: 0.1182460 seconds
298.154: [GC [PSYoungGen: 23296K->256K(23552K)] 55625K->32633K(56320K), 0.0005080 secs] [Times: user=0.00 sys=0.00, real=0.00 secs] 
298.155: Total time for which application threads were stopped: 0.0006350 seconds, Stopping threads took: 0.0000550 seconds
298.274: Application time: 0.1190760 seconds
298.274: [GC [PSYoungGen: 23296K->256K(23552K)] 55673K->32777K(56320K), 0.0004810 secs] [Times: user=0.00 sys=0.00, real=0.00 secs] 
298.274: [Full GC [PSYoungGen: 256K->0K(23552K)] [ParOldGen: 32521K->3090K(32256K)] 32777K->3090K(55808K) [PSPermGen: 6083K->6083K(21504K)], 0.0061820 secs] [Times: user=0.03 sys=0.00, real=0.01 secs] 
298.281: Total time for which application threads were stopped: 0.0068550 seconds, Stopping threads took: 0.0000530 seconds
298.398: Application time: 0.1176540 seconds
298.398: [GC [PSYoungGen: 23040K->256K(23040K)] 26130K->3346K(55296K), 0.0005080 secs] [Times: user=0.00 sys=0.00, real=0.00 secs] 
298.399: Total time for which application threads were stopped: 0.0006470 seconds, Stopping threads took: 0.0000530 seconds
298.512: Application time: 0.1127660 seconds
298.512: [GC [PSYoungGen: 22784K->432K(23040K)] 25874K->3642K(55296K), 0.0004800 secs] [Times: user=0.00 sys=0.00, real=0.00 secs] 
298.512: Total time for which application threads were stopped: 0.0006180 seconds, Stopping threads took: 0.0000580 seconds
298.629: Application time: 0.1161630 seconds
298.629: [GC [PSYoungGen: 22960K->256K(23040K)] 26170K->3766K(55296K), 0.0004640 secs] [Times: user=0.00 sys=0.00, real=0.00 secs] 
298.629: Total time for which application threads were stopped: 0.0006240 seconds, Stopping threads took: 0.0000850 seconds
298.745: Application time: 0.1162940 seconds
298.746: [GC [PSYoungGen: 22784K->256K(23040K)] 26294K->3766K(55296K), 0.0003900 secs] [Times: user=0.00 sys=0.00, real=0.00 secs] 
298.746: Total time for which application threads were stopped: 0.0005300 seconds, Stopping threads took: 0.0000590 seconds
298.862: Application time: 0.1164010 seconds
298.863: [GC [PSYoungGen: 22784K->256K(23040K)] 26294K->3814K(55296K), 0.0004260 secs] [Times: user=0.01 sys=0.00, real=0.00 secs] 
298.863: Total time for which application threads were stopped: 0.0005740 seconds, Stopping threads took: 0.0000580 seconds
298.979: Application time: 0.1162210 seconds
298.979: [GC [PSYoungGen: 22784K->256K(23040K)] 26342K->3934K(55296K), 0.0004500 secs] [Times: user=0.01 sys=0.00, real=0.00 secs] 
298.980: Total time for which application threads were stopped: 0.0005870 seconds, Stopping threads took: 0.0000560 seconds
299.095: Application time: 0.1156120 seconds
299.096: [GC [PSYoungGen: 22784K->288K(23040K)] 26462K->3990K(55296K), 0.0004110 secs] [Times: user=0.00 sys=0.00, real=0.00 secs] 
299.096: Total time for which application threads were stopped: 0.0005480 seconds, Stopping threads took: 0.0000580 seconds
299.211: Application time: 0.1145710 seconds
299.211: [GC [PSYoungGen: 22816K->336K(23040K)] 26518K->4159K(55296K), 0.0005000 secs] [Times: user=0.00 sys=0.00, real=0.00 secs] 
299.211: Total time for which application threads were stopped: 0.0006240 seconds, Stopping threads took: 0.0000460 seconds
299.326: Application time: 0.1150770 seconds
299.326: [GC [PSYoungGen: 22864K->256K(23040K)] 26687K->4291K(55296K), 0.0004850 secs] [Times: user=0.00 sys=0.00, real=0.00 secs] 
299.327: Total time for which application threads were stopped: 0.0006330 seconds, Stopping threads took: 0.0000660 seconds
299.443: Application time: 0.1165830 seconds
299.444: [GC [PSYoungGen: 22784K->256K(23040K)] 26819K->4419K(55296K), 0.0004420 secs] [Times: user=0.01 sys=0.00, real=0.00 secs] 
299.444: Total time for which application threads were stopped: 0.0006180 seconds, Stopping threads took: 0.0000820 seconds
299.560: Application time: 0.1162720 seconds
299.560: [GC [PSYoungGen: 22784K->256K(23040K)] 26947K->4443K(55296K), 0.0004010 secs] [Times: user=0.00 sys=0.00, real=0.00 secs] 
299.561: Total time for which application threads were stopped: 0.0005500 seconds, Stopping threads took: 0.0000660 seconds
299.677: Application time: 0.1159720 seconds
299.677: [GC [PSYoungGen: 22784K->256K(23040K)] 26971K->4563K(55296K), 0.0004150 secs] [Times: user=0.00 sys=0.00, real=0.00 secs] 
299.677: Total time for which application threads were stopped: 0.0005590 seconds, Stopping threads took: 0.0000690 seconds
299.794: Application time: 0.1163460 seconds
299.794: [GC [PSYoungGen: 22784K->256K(23040K)] 27091K->4611K(55296K), 0.0004050 secs] [Times: user=0.00 sys=0.00, real=0.00 secs] 
299.794: Total time for which application threads were stopped: 0.0005270 seconds, Stopping threads took: 0.0000550 seconds
299.909: Application time: 0.1147330 seconds
299.909: [GC [PSYoungGen: 22784K->320K(23040K)] 27139K->4739K(55296K), 0.0004980 secs] [Times: user=0.01 sys=0.00, real=0.00 secs] 
299.910: Total time for which application threads were stopped: 0.0006540 seconds, Stopping threads took: 0.0000790 seconds
300.025: Application time: 0.1150810 seconds
300.025: [GC [PSYoungGen: 22848K->304K(23040K)] 27267K->4931K(55296K), 0.0004860 secs] [Times: user=0.00 sys=0.00, real=0.00 secs] 
300.025: Total time for which application threads were stopped: 0.0006240 seconds, Stopping threads took: 0.0000540 seconds
300.142: Application time: 0.1164340 seconds
300.142: [GC [PSYoungGen: 22832K->256K(23040K)] 27459K->5055K(55296K), 0.0004460 secs] [Times: user=0.00 sys=0.00, real=0.00 secs] 
300.142: Total time for which application threads were stopped: 0.0005910 seconds, Stopping threads took: 0.0000690 seconds
300.258: Application time: 0.1157230 seconds
300.258: [GC [PSYoungGen: 22784K->272K(23040K)] 27583K->5095K(55296K), 0.0004150 secs] [Times: user=0.00 sys=0.00, real=0.00 secs] 
300.259: Total time for which application threads were stopped: 0.0005530 seconds, Stopping threads took: 0.0000600 seconds
300.375: Application time: 0.1159750 seconds
300.375: [GC [PSYoungGen: 22800K->192K(23040K)] 27623K->5103K(55296K), 0.0004250 secs] [Times: user=0.01 sys=0.00, real=0.00 secs] 
300.375: Total time for which application threads were stopped: 0.0005620 seconds, Stopping threads took: 0.0000660 seconds
300.491: Application time: 0.1152900 seconds
300.491: [GC [PSYoungGen: 22720K->256K(23040K)] 27631K->5239K(55296K), 0.0004320 secs] [Times: user=0.00 sys=0.00, real=0.00 secs] 
300.491: Total time for which application threads were stopped: 0.0005770 seconds, Stopping threads took: 0.0000650 seconds
300.606: Application time: 0.1151300 seconds
300.606: [GC [PSYoungGen: 22784K->304K(23040K)] 27767K->5351K(55296K), 0.0004180 secs] [Times: user=0.00 sys=0.00, real=0.00 secs] 
300.607: Total time for which application threads were stopped: 0.0005820 seconds, Stopping threads took: 0.0000770 seconds
300.720: Application time: 0.1134680 seconds
300.720: [GC [PSYoungGen: 22832K->336K(23040K)] 27879K->5488K(55296K), 0.0004820 secs] [Times: user=0.00 sys=0.00, real=0.00 secs] 
300.721: Total time for which application threads were stopped: 0.0006170 seconds, Stopping threads took: 0.0000650 seconds
300.838: Application time: 0.1168230 seconds
300.838: [GC [PSYoungGen: 22864K->256K(23040K)] 28016K->5680K(55296K), 0.0004600 secs] [Times: user=0.00 sys=0.00, real=0.00 secs] 
300.838: Total time for which application threads were stopped: 0.0006040 seconds, Stopping threads took: 0.0000680 seconds
300.955: Application time: 0.1164020 seconds
300.955: [GC [PSYoungGen: 22784K->224K(23040K)] 28208K->5672K(55296K), 0.0003970 secs] [Times: user=0.00 sys=0.00, real=0.00 secs] 
300.955: Total time for which application threads were stopped: 0.0005300 seconds, Stopping threads took: 0.0000590 seconds
301.071: Application time: 0.1160300 seconds
301.071: [GC [PSYoungGen: 22752K->256K(23040K)] 28200K->5728K(55296K), 0.0004230 secs] [Times: user=0.00 sys=0.00, real=0.00 secs] 
301.072: Total time for which application threads were stopped: 0.0005680 seconds, Stopping threads took: 0.0000670 seconds
301.188: Application time: 0.1160870 seconds
301.188: [GC [PSYoungGen: 22784K->224K(23040K)] 28256K->5840K(55296K), 0.0004770 secs] [Times: user=0.00 sys=0.00, real=0.00 secs] 
301.189: Total time for which application threads were stopped: 0.0006200 seconds, Stopping threads took: 0.0000610 seconds
301.304: Application time: 0.1157790 seconds
301.305: [GC [PSYoungGen: 22752K->288K(23040K)] 28368K->5984K(55296K), 0.0004260 secs] [Times: user=0.00 sys=0.00, real=0.00 secs] 
301.305: Total time for which application threads were stopped: 0.0005600 seconds, Stopping threads took: 0.0000550 seconds
301.418: Application time: 0.1130940 seconds
301.418: [GC [PSYoungGen: 22816K->384K(23040K)] 28512K->6152K(55296K), 0.0005170 secs] [Times: user=0.00 sys=0.00, real=0.00 secs] 
301.419: Total time for which application threads were stopped: 0.0006510 seconds, Stopping threads took: 0.0000610 seconds
301.535: Application time: 0.1164030 seconds
301.535: [GC [PSYoungGen: 22912K->256K(23040K)] 28680K->6328K(55296K), 0.0004680 secs] [Times: user=0.00 sys=0.00, real=0.00 secs] 
301.536: Total time for which application threads were stopped: 0.0006110 seconds, Stopping threads took: 0.0000590 seconds
301.652: Application time: 0.1164350 seconds
301.652: [GC [PSYoungGen: 22784K->256K(23040K)] 28856K->6328K(55296K), 0.0003860 secs] [Times: user=0.00 sys=0.00, real=0.00 secs] 
301.653: Total time for which application threads were stopped: 0.0005170 seconds, Stopping threads took: 0.0000580 seconds
301.768: Application time: 0.1157140 seconds
301.769: [GC [PSYoungGen: 22784K->256K(23040K)] 28856K->6376K(55296K), 0.0004280 secs] [Times: user=0.00 sys=0.00, real=0.00 secs] 
301.769: Total time for which application threads were stopped: 0.0005800 seconds, Stopping threads took: 0.0000630 seconds
301.885: Application time: 0.1164160 seconds
301.886: [GC [PSYoungGen: 22784K->224K(23040K)] 28904K->6456K(55296K), 0.0004840 secs] [Times: user=0.00 sys=0.00, real=0.01 secs] 
301.886: Total time for which application threads were stopped: 0.0006180 seconds, Stopping threads took: 0.0000570 seconds
302.001: Application time: 0.1153700 seconds
302.002: [GC [PSYoungGen: 22752K->272K(23040K)] 28984K->6528K(55296K), 0.0004230 secs] [Times: user=0.00 sys=0.00, real=0.00 secs] 
302.002: Total time for which application threads were stopped: 0.0005710 seconds, Stopping threads took: 0.0000690 seconds
302.116: Application time: 0.1143680 seconds
302.116: [GC [PSYoungGen: 22800K->320K(23040K)] 29056K->6689K(55296K), 0.0004810 secs] [Times: user=0.00 sys=0.00, real=0.00 secs] 
302.117: Total time for which application threads were stopped: 0.0006170 seconds, Stopping threads took: 0.0000570 seconds
302.233: Application time: 0.1156160 seconds
302.233: [GC [PSYoungGen: 22848K->272K(23040K)] 29217K->6857K(55296K), 0.0004800 secs] [Times: user=0.00 sys=0.00, real=0.00 secs] 
302.233: Total time for which application threads were stopped: 0.0006350 seconds, Stopping threads took: 0.0000760 seconds
302.350: Application time: 0.1167740 seconds
302.350: [GC [PSYoungGen: 22800K->256K(23040K)] 29385K->6969K(55296K), 0.0004160 secs] [Times: user=0.00 sys=0.00, real=0.00 secs] 
302.351: Total time for which application threads were stopped: 0.0005600 seconds, Stopping threads took: 0.0000520 seconds
302.467: Application time: 0.1166720 seconds
302.467: [GC [PSYoungGen: 22784K->224K(23040K)] 29497K->6961K(55296K), 0.0004660 secs] [Times: user=0.00 sys=0.00, real=0.00 secs] 
302.468: Total time for which application threads were stopped: 0.0006020 seconds, Stopping threads took: 0.0000540 seconds
302.584: Application time: 0.1158730 seconds
302.584: [GC [PSYoungGen: 22752K->256K(23040K)] 29489K->7113K(55296K), 0.0004230 secs] [Times: user=0.00 sys=0.00, real=0.00 secs] 
302.584: Total time for which application threads were stopped: 0.0005590 seconds, Stopping threads took: 0.0000580 seconds
302.700: Application time: 0.1160390 seconds
302.700: [GC [PSYoungGen: 22784K->256K(23040K)] 29641K->7161K(55296K), 0.0004040 secs] [Times: user=0.00 sys=0.00, real=0.00 secs] 
302.701: Total time for which application threads were stopped: 0.0005520 seconds, Stopping threads took: 0.0000660 seconds
302.815: Application time: 0.1143110 seconds
302.815: [GC [PSYoungGen: 22784K->320K(23040K)] 29689K->7297K(55296K), 0.0004390 secs] [Times: user=0.00 sys=0.00, real=0.00 secs] 
302.816: Total time for which application threads were stopped: 0.0005630 seconds, Stopping threads took: 0.0000510 seconds
302.931: Application time: 0.1153200 seconds
302.931: [GC [PSYoungGen: 22848K->272K(23040K)] 29825K->7457K(55296K), 0.0004890 secs] [Times: user=0.00 sys=0.00, real=0.00 secs] 
302.932: Total time for which application threads were stopped: 0.0006260 seconds, Stopping threads took: 0.0000500 seconds
303.048: Application time: 0.1162720 seconds
303.048: [GC [PSYoungGen: 22800K->256K(23040K)] 29985K->7609K(55296K), 0.0004470 secs] [Times: user=0.00 sys=0.00, real=0.00 secs] 
303.049: Total time for which application threads were stopped: 0.0005800 seconds, Stopping threads took: 0.0000560 seconds
303.165: Application time: 0.1161520 seconds
303.165: [GC [PSYoungGen: 22784K->256K(23040K)] 30137K->7633K(55296K), 0.0004190 secs] [Times: user=0.00 sys=0.00, real=0.00 secs] 
303.165: Total time for which application threads were stopped: 0.0005660 seconds, Stopping threads took: 0.0000630 seconds
303.281: Application time: 0.1158710 seconds
303.281: [GC [PSYoungGen: 22784K->256K(23040K)] 30161K->7729K(55296K), 0.0004190 secs] [Times: user=0.00 sys=0.00, real=0.00 secs] 
303.282: Total time for which application threads were stopped: 0.0005550 seconds, Stopping threads took: 0.0000600 seconds
303.398: Application time: 0.1162280 seconds
303.398: [GC [PSYoungGen: 22784K->256K(23040K)] 30257K->7801K(55296K), 0.0004260 secs] [Times: user=0.00 sys=0.00, real=0.00 secs] 
303.398: Total time for which application threads were stopped: 0.0005720 seconds, Stopping threads took: 0.0000710 seconds
303.513: Application time: 0.1142370 seconds
303.514: [GC [PSYoungGen: 22784K->320K(23040K)] 30329K->7930K(55296K), 0.0004720 secs] [Times: user=0.00 sys=0.00, real=0.00 secs] 
303.514: Total time for which application threads were stopped: 0.0014720 seconds, Stopping threads took: 0.0009160 seconds
303.629: Application time: 0.1149160 seconds
303.629: [GC [PSYoungGen: 22848K->352K(23040K)] 30458K->8130K(55296K), 0.0004890 secs] [Times: user=0.00 sys=0.00, real=0.00 secs] 
303.630: Total time for which application threads were stopped: 0.0006380 seconds, Stopping threads took: 0.0000720 seconds
303.746: Application time: 0.1163790 seconds
303.746: [GC [PSYoungGen: 22880K->256K(23040K)] 30658K->8242K(55296K), 0.0004760 secs] [Times: user=0.00 sys=0.00, real=0.00 secs] 
303.747: Total time for which application threads were stopped: 0.0006370 seconds, Stopping threads took: 0.0000820 seconds
303.863: Application time: 0.1166250 seconds
303.864: [GC [PSYoungGen: 22784K->256K(23040K)] 30770K->8266K(55296K), 0.0004070 secs] [Times: user=0.00 sys=0.00, real=0.00 secs] 
303.864: Total time for which application threads were stopped: 0.0005500 seconds, Stopping threads took: 0.0000710 seconds
303.980: Application time: 0.1158170 seconds
303.980: [GC [PSYoungGen: 22784K->256K(23040K)] 30794K->8290K(55296K), 0.0004120 secs] [Times: user=0.00 sys=0.00, real=0.00 secs] 
303.980: Total time for which application threads were stopped: 0.0005490 seconds, Stopping threads took: 0.0000610 seconds
304.096: Application time: 0.1156410 seconds
304.096: [GC [PSYoungGen: 22784K->256K(23040K)] 30818K->8434K(55296K), 0.0004190 secs] [Times: user=0.00 sys=0.00, real=0.00 secs] 
304.097: Total time for which application threads were stopped: 0.0005680 seconds, Stopping threads took: 0.0000630 seconds
304.212: Application time: 0.1155040 seconds
304.212: [GC [PSYoungGen: 22784K->256K(23040K)] 30962K->8498K(55296K), 0.0004060 secs] [Times: user=0.00 sys=0.00, real=0.00 secs] 
304.213: Total time for which application threads were stopped: 0.0005450 seconds, Stopping threads took: 0.0000640 seconds
304.326: Application time: 0.1135880 seconds
304.326: [GC [PSYoungGen: 22784K->416K(23040K)] 31026K->8714K(55296K), 0.0004930 secs] [Times: user=0.00 sys=0.00, real=0.00 secs] 
304.327: Total time for which application threads were stopped: 0.0006300 seconds, Stopping threads took: 0.0000590 seconds
304.443: Application time: 0.1163800 seconds
304.443: [GC [PSYoungGen: 22944K->256K(23040K)] 31242K->8862K(55296K), 0.0004720 secs] [Times: user=0.00 sys=0.00, real=0.00 secs] 
304.444: Total time for which application threads were stopped: 0.0006240 seconds, Stopping threads took: 0.0000730 seconds
304.560: Application time: 0.1165500 seconds
304.560: [GC [PSYoungGen: 22784K->256K(23040K)] 31390K->8886K(55296K), 0.0004410 secs] [Times: user=0.00 sys=0.00, real=0.00 secs] 
304.561: Total time for which application threads were stopped: 0.0005900 seconds, Stopping threads took: 0.0000700 seconds
304.677: Application time: 0.1163240 seconds
304.677: [GC [PSYoungGen: 22784K->256K(23040K)] 31414K->8910K(55296K), 0.0004290 secs] [Times: user=0.00 sys=0.00, real=0.01 secs] 
304.678: Total time for which application threads were stopped: 0.0005750 seconds, Stopping threads took: 0.0000550 seconds
304.795: Application time: 0.1168940 seconds
304.795: [GC [PSYoungGen: 22784K->256K(23040K)] 31438K->9054K(55296K), 0.0004230 secs] [Times: user=0.00 sys=0.00, real=0.00 secs] 
304.795: Total time for which application threads were stopped: 0.0005520 seconds, Stopping threads took: 0.0000560 seconds
304.910: Application time: 0.1148240 seconds
304.910: [GC [PSYoungGen: 22784K->224K(23040K)] 31582K->9022K(55296K), 0.0004210 secs] [Times: user=0.00 sys=0.00, real=0.00 secs] 
304.911: Total time for which application threads were stopped: 0.0005530 seconds, Stopping threads took: 0.0000570 seconds
305.025: Application time: 0.1140060 seconds
305.025: [GC [PSYoungGen: 22752K->288K(23040K)] 31550K->9207K(55296K), 0.0004830 secs] [Times: user=0.00 sys=0.00, real=0.00 secs] 
305.025: Total time for which application threads were stopped: 0.0006190 seconds, Stopping threads took: 0.0000590 seconds
305.140: Application time: 0.1150420 seconds
305.140: [GC [PSYoungGen: 22816K->256K(23040K)] 31735K->9391K(55296K), 0.0004860 secs] [Times: user=0.00 sys=0.00, real=0.00 secs] 
305.141: Total time for which application threads were stopped: 0.0006270 seconds, Stopping threads took: 0.0000630 seconds
305.257: Application time: 0.1162860 seconds
305.257: [GC [PSYoungGen: 22784K->256K(23040K)] 31919K->9511K(55296K), 0.0004340 secs] [Times: user=0.00 sys=0.00, real=0.01 secs] 
305.258: Total time for which application threads were stopped: 0.0005900 seconds, Stopping threads took: 0.0000660 seconds
305.374: Application time: 0.1160760 seconds
305.374: [GC [PSYoungGen: 22784K->256K(23040K)] 32039K->9535K(55296K), 0.0004140 secs] [Times: user=0.00 sys=0.00, real=0.00 secs] 
305.374: Total time for which application threads were stopped: 0.0005450 seconds, Stopping threads took: 0.0000560 seconds
305.490: Application time: 0.1158750 seconds
305.490: [GC [PSYoungGen: 22784K->256K(23040K)] 32063K->9655K(55296K), 0.0004240 secs] [Times: user=0.00 sys=0.00, real=0.00 secs] 
305.491: Total time for which application threads were stopped: 0.0005580 seconds, Stopping threads took: 0.0000600 seconds
305.607: Application time: 0.1157270 seconds
305.607: [GC [PSYoungGen: 22784K->256K(23040K)] 32183K->9703K(55296K), 0.0003800 secs] [Times: user=0.00 sys=0.00, real=0.00 secs] 
305.607: Total time for which application threads were stopped: 0.0005180 seconds, Stopping threads took: 0.0000650 seconds
305.721: Application time: 0.1134970 seconds
305.721: [GC [PSYoungGen: 22784K->368K(23040K)] 32231K->9887K(55296K), 0.0005570 secs] [Times: user=0.00 sys=0.00, real=0.00 secs] 
305.721: Total time for which application threads were stopped: 0.0006890 seconds, Stopping threads took: 0.0000580 seconds
305.837: Application time: 0.1154010 seconds
305.837: [GC [PSYoungGen: 22896K->304K(23040K)] 32415K->10083K(55296K), 0.0004930 secs] [Times: user=0.00 sys=0.00, real=0.00 secs] 
305.837: Total time for which application threads were stopped: 0.0006380 seconds, Stopping threads took: 0.0000590 seconds
305.953: Application time: 0.1157260 seconds
305.953: [GC [PSYoungGen: 22832K->256K(23040K)] 32611K->10147K(55296K), 0.0004430 secs] [Times: user=0.00 sys=0.00, real=0.00 secs] 
305.954: Total time for which application threads were stopped: 0.0005940 seconds, Stopping threads took: 0.0000730 seconds
306.070: Application time: 0.1162290 seconds
306.070: [GC [PSYoungGen: 22784K->256K(23040K)] 32675K->10171K(55296K), 0.0004450 secs] [Times: user=0.01 sys=0.00, real=0.00 secs] 
306.071: Total time for which application threads were stopped: 0.0005690 seconds, Stopping threads took: 0.0000500 seconds
306.186: Application time: 0.1157620 seconds
306.186: [GC [PSYoungGen: 22784K->256K(23040K)] 32699K->10267K(55296K), 0.0004150 secs] [Times: user=0.00 sys=0.00, real=0.00 secs] 
306.187: Total time for which application threads were stopped: 0.0005450 seconds, Stopping threads took: 0.0000550 seconds
306.302: Application time: 0.1154410 seconds
306.302: [GC [PSYoungGen: 22784K->224K(23040K)] 32795K->10299K(55296K), 0.0004500 secs] [Times: user=0.00 sys=0.00, real=0.00 secs] 
306.303: Total time for which application threads were stopped: 0.0006130 seconds, Stopping threads took: 0.0000730 seconds
306.418: Application time: 0.1147500 seconds
306.418: [GC [PSYoungGen: 22752K->288K(23040K)] 32827K->10436K(55296K), 0.0004350 secs] [Times: user=0.00 sys=0.00, real=0.00 secs] 
306.418: Total time for which application threads were stopped: 0.0005980 seconds, Stopping threads took: 0.0000770 seconds
306.532: Application time: 0.1141540 seconds
306.532: [GC [PSYoungGen: 22816K->352K(23040K)] 32964K->10636K(55296K), 0.0005110 secs] [Times: user=0.00 sys=0.00, real=0.00 secs] 
306.533: Total time for which application threads were stopped: 0.0006400 seconds, Stopping threads took: 0.0000510 seconds
306.649: Application time: 0.1160240 seconds
306.654: [GC [PSYoungGen: 22880K->256K(23040K)] 33164K->10808K(55296K), 0.0005200 secs] [Times: user=0.00 sys=0.00, real=0.00 secs] 
306.654: Total time for which application threads were stopped: 0.0051340 seconds, Stopping threads took: 0.0045390 seconds
306.771: Application time: 0.1163640 seconds
306.771: [GC [PSYoungGen: 22784K->256K(23040K)] 33336K->10832K(55296K), 0.0004300 secs] [Times: user=0.00 sys=0.00, real=0.00 secs] 
306.771: Total time for which application threads were stopped: 0.0005820 seconds, Stopping threads took: 0.0000700 seconds
306.887: Application time: 0.1161660 seconds
306.887: [GC [PSYoungGen: 22784K->256K(23040K)] 33360K->10856K(55296K), 0.0004370 secs] [Times: user=0.00 sys=0.00, real=0.00 secs] 
306.889: Total time for which application threads were stopped: 0.0016870 seconds, Stopping threads took: 0.0000580 seconds
307.005: Application time: 0.1162130 seconds
307.005: [GC [PSYoungGen: 22784K->256K(23040K)] 33384K->11000K(55296K), 0.0004350 secs] [Times: user=0.00 sys=0.00, real=0.01 secs] 
307.006: Total time for which application threads were stopped: 0.0005870 seconds, Stopping threads took: 0.0000580 seconds
307.122: Application time: 0.1158060 seconds
307.122: [GC [PSYoungGen: 22784K->256K(23040K)] 33528K->11072K(55296K), 0.0004410 secs] [Times: user=0.00 sys=0.00, real=0.00 secs] 
307.122: Total time for which application threads were stopped: 0.0005940 seconds, Stopping threads took: 0.0000790 seconds
307.236: Application time: 0.1136950 seconds
307.236: [GC [PSYoungGen: 22784K->400K(23040K)] 33600K->11280K(55296K), 0.0005150 secs] [Times: user=0.00 sys=0.00, real=0.00 secs] 
307.237: Total time for which application threads were stopped: 0.0006630 seconds, Stopping threads took: 0.0000640 seconds
307.352: Application time: 0.1157020 seconds
307.352: [GC [PSYoungGen: 22928K->256K(23040K)] 33808K->11440K(55296K), 0.0004850 secs] [Times: user=0.01 sys=0.00, real=0.00 secs] 
307.353: Total time for which application threads were stopped: 0.0006190 seconds, Stopping threads took: 0.0000590 seconds
307.469: Application time: 0.1162880 seconds
307.469: [GC [PSYoungGen: 22784K->256K(23040K)] 33968K->11464K(55296K), 0.0003830 secs] [Times: user=0.00 sys=0.00, real=0.00 secs] 
307.470: Total time for which application threads were stopped: 0.0005100 seconds, Stopping threads took: 0.0000550 seconds
307.586: Application time: 0.1163260 seconds
307.586: [GC [PSYoungGen: 22784K->256K(23040K)] 33992K->11488K(55296K), 0.0004230 secs] [Times: user=0.00 sys=0.00, real=0.00 secs] 
307.587: Total time for which application threads were stopped: 0.0005640 seconds, Stopping threads took: 0.0000540 seconds
307.703: Application time: 0.1161100 seconds
307.703: [GC [PSYoungGen: 22784K->256K(23040K)] 34016K->11608K(55296K), 0.0004260 secs] [Times: user=0.00 sys=0.00, real=0.00 secs] 
307.703: Total time for which application threads were stopped: 0.0005690 seconds, Stopping threads took: 0.0000650 seconds
307.819: Application time: 0.1156440 seconds
307.819: [GC [PSYoungGen: 22784K->288K(23040K)] 34136K->11664K(55296K), 0.0004230 secs] [Times: user=0.00 sys=0.00, real=0.00 secs] 
307.819: Total time for which application threads were stopped: 0.0005610 seconds, Stopping threads took: 0.0000590 seconds
307.934: Application time: 0.1145890 seconds
307.934: [GC [PSYoungGen: 22816K->352K(23040K)] 34192K->11833K(55296K), 0.0005180 secs] [Times: user=0.00 sys=0.00, real=0.00 secs] 
307.935: Total time for which application threads were stopped: 0.0006590 seconds, Stopping threads took: 0.0000610 seconds
308.050: Application time: 0.1153920 seconds
308.050: [GC [PSYoungGen: 22880K->256K(23040K)] 34361K->11957K(55296K), 0.0005170 secs] [Times: user=0.01 sys=0.00, real=0.00 secs] 
308.051: Total time for which application threads were stopped: 0.0006550 seconds, Stopping threads took: 0.0000600 seconds
308.167: Application time: 0.1164900 seconds
308.167: [GC [PSYoungGen: 22784K->256K(23040K)] 34485K->12085K(55296K), 0.0004380 secs] [Times: user=0.00 sys=0.00, real=0.00 secs] 
308.168: Total time for which application threads were stopped: 0.0006000 seconds, Stopping threads took: 0.0000690 seconds
308.284: Application time: 0.1159350 seconds
308.284: [GC [PSYoungGen: 22784K->256K(23040K)] 34613K->12109K(55296K), 0.0004070 secs] [Times: user=0.00 sys=0.00, real=0.00 secs] 
308.284: Total time for which application threads were stopped: 0.0005620 seconds, Stopping threads took: 0.0000810 seconds
308.401: Application time: 0.1162880 seconds
308.401: [GC [PSYoungGen: 22784K->224K(23040K)] 34637K->12197K(55296K), 0.0005140 secs] [Times: user=0.00 sys=0.00, real=0.00 secs] 
308.401: Total time for which application threads were stopped: 0.0006880 seconds, Stopping threads took: 0.0000940 seconds
308.517: Application time: 0.1152980 seconds
308.518: [GC [PSYoungGen: 22752K->256K(23040K)] 34725K->12277K(55296K), 0.0004580 secs] [Times: user=0.00 sys=0.00, real=0.00 secs] 
308.518: Total time for which application threads were stopped: 0.0014870 seconds, Stopping threads took: 0.0009490 seconds
308.632: Application time: 0.1141800 seconds
308.632: [GC [PSYoungGen: 22784K->336K(23040K)] 34805K->12413K(55296K), 0.0005380 secs] [Times: user=0.00 sys=0.00, real=0.00 secs] 
308.633: Total time for which application threads were stopped: 0.0006840 seconds, Stopping threads took: 0.0000650 seconds
308.747: Application time: 0.1142570 seconds
308.747: [GC [PSYoungGen: 22864K->304K(23040K)] 34941K->12589K(55296K), 0.0004820 secs] [Times: user=0.00 sys=0.00, real=0.00 secs] 
308.748: Total time for which application threads were stopped: 0.0006280 seconds, Stopping threads took: 0.0000620 seconds
308.865: Application time: 0.1167700 seconds
308.865: [GC [PSYoungGen: 22832K->256K(23040K)] 35117K->12717K(55296K), 0.0004580 secs] [Times: user=0.00 sys=0.00, real=0.00 secs] 
308.865: Total time for which application threads were stopped: 0.0006120 seconds, Stopping threads took: 0.0000700 seconds
308.981: Application time: 0.1157690 seconds
308.981: [GC [PSYoungGen: 22784K->256K(23040K)] 35245K->12741K(55296K), 0.0004130 secs] [Times: user=0.00 sys=0.00, real=0.00 secs] 
308.982: Total time for which application threads were stopped: 0.0005460 seconds, Stopping threads took: 0.0000600 seconds
309.098: Application time: 0.1160410 seconds
309.098: [GC [PSYoungGen: 22784K->256K(23040K)] 35269K->12837K(55296K), 0.0004240 secs] [Times: user=0.01 sys=0.00, real=0.00 secs] 
309.098: Total time for which application threads were stopped: 0.0005720 seconds, Stopping threads took: 0.0000630 seconds
309.214: Application time: 0.1155880 seconds
309.214: [GC [PSYoungGen: 22784K->256K(23040K)] 35365K->12909K(55296K), 0.0004560 secs] [Times: user=0.00 sys=0.00, real=0.00 secs] 
309.214: Total time for which application threads were stopped: 0.0005930 seconds, Stopping threads took: 0.0000580 seconds
309.329: Application time: 0.1143590 seconds
309.329: [GC [PSYoungGen: 22784K->304K(23040K)] 35437K->13030K(55296K), 0.0004510 secs] [Times: user=0.00 sys=0.00, real=0.00 secs] 
309.329: Total time for which application threads were stopped: 0.0005900 seconds, Stopping threads took: 0.0000500 seconds
309.443: Application time: 0.1140420 seconds
309.444: [GC [PSYoungGen: 22832K->304K(23040K)] 35558K->13210K(55296K), 0.0005620 secs] [Times: user=0.00 sys=0.00, real=0.00 secs] 
309.444: Total time for which application threads were stopped: 0.0007160 seconds, Stopping threads took: 0.0000670 seconds
309.561: Application time: 0.1167420 seconds
309.561: [GC [PSYoungGen: 22832K->256K(23040K)] 35738K->13362K(55296K), 0.0004550 secs] [Times: user=0.00 sys=0.00, real=0.00 secs] 
309.561: Total time for which application threads were stopped: 0.0005950 seconds, Stopping threads took: 0.0000590 seconds
309.677: Application time: 0.1158440 seconds
309.677: [GC [PSYoungGen: 22784K->256K(23040K)] 35890K->13386K(55296K), 0.0003960 secs] [Times: user=0.00 sys=0.00, real=0.01 secs] 
309.678: Total time for which application threads were stopped: 0.0005410 seconds, Stopping threads took: 0.0000690 seconds
309.794: Application time: 0.1163770 seconds
309.798: [GC [PSYoungGen: 22784K->256K(23040K)] 35914K->13410K(55296K), 0.0004770 secs] [Times: user=0.00 sys=0.00, real=0.00 secs] 
309.798: Total time for which application threads were stopped: 0.0039630 seconds, Stopping threads took: 0.0034110 seconds
309.914: Application time: 0.1154250 seconds
309.914: [GC [PSYoungGen: 22784K->256K(23040K)] 35938K->13554K(55296K), 0.0004280 secs] [Times: user=0.00 sys=0.00, real=0.00 secs] 
309.914: Total time for which application threads were stopped: 0.0005820 seconds, Stopping threads took: 0.0000720 seconds
310.031: Application time: 0.1166550 seconds
310.031: [GC [PSYoungGen: 22784K->256K(23040K)] 36082K->13626K(55296K), 0.0004270 secs] [Times: user=0.00 sys=0.00, real=0.00 secs] 
310.031: Total time for which application threads were stopped: 0.0005660 seconds, Stopping threads took: 0.0000630 seconds
310.144: Application time: 0.1129370 seconds
310.144: [GC [PSYoungGen: 22784K->368K(23040K)] 36154K->13794K(55296K), 0.0005350 secs] [Times: user=0.00 sys=0.00, real=0.00 secs] 
310.145: Total time for which application threads were stopped: 0.0006680 seconds, Stopping threads took: 0.0000580 seconds
310.262: Application time: 0.1168570 seconds
310.262: [GC [PSYoungGen: 22896K->256K(23040K)] 36322K->13978K(55296K), 0.0005280 secs] [Times: user=0.00 sys=0.00, real=0.00 secs] 
310.263: Total time for which application threads were stopped: 0.0006530 seconds, Stopping threads took: 0.0000530 seconds
310.379: Application time: 0.1168590 seconds
310.380: [GC [PSYoungGen: 22784K->224K(23040K)] 36506K->13970K(55296K), 0.0004350 secs] [Times: user=0.00 sys=0.00, real=0.00 secs] 
310.380: Total time for which application threads were stopped: 0.0005770 seconds, Stopping threads took: 0.0000630 seconds
310.496: Application time: 0.1158320 seconds
310.496: [GC [PSYoungGen: 22752K->256K(23040K)] 36498K->14026K(55296K), 0.0004440 secs] [Times: user=0.01 sys=0.00, real=0.00 secs] 
310.496: Total time for which application threads were stopped: 0.0005940 seconds, Stopping threads took: 0.0000620 seconds
310.613: Application time: 0.1169020 seconds
310.613: [GC [PSYoungGen: 22784K->256K(23040K)] 36554K->14171K(55296K), 0.0004180 secs] [Times: user=0.00 sys=0.00, real=0.00 secs] 
310.614: Total time for which application threads were stopped: 0.0005450 seconds, Stopping threads took: 0.0000510 seconds
310.729: Application time: 0.1154780 seconds
310.729: [GC [PSYoungGen: 22784K->256K(23040K)] 36699K->14171K(55296K), 0.0004260 secs] [Times: user=0.00 sys=0.00, real=0.00 secs] 
310.730: Total time for which application threads were stopped: 0.0005560 seconds, Stopping threads took: 0.0000540 seconds
310.845: Application time: 0.1149030 seconds
310.845: [GC [PSYoungGen: 22784K->336K(23040K)] 36699K->14379K(55296K), 0.0005190 secs] [Times: user=0.00 sys=0.00, real=0.00 secs] 
310.845: Total time for which application threads were stopped: 0.0006590 seconds, Stopping threads took: 0.0000650 seconds
310.961: Application time: 0.1155160 seconds
310.961: [GC [PSYoungGen: 22864K->256K(23040K)] 36907K->14555K(55296K), 0.0004850 secs] [Times: user=0.00 sys=0.00, real=0.00 secs] 
310.962: Total time for which application threads were stopped: 0.0006170 seconds, Stopping threads took: 0.0000580 seconds
311.078: Application time: 0.1168880 seconds
311.079: [GC [PSYoungGen: 22784K->256K(23040K)] 37083K->14627K(55296K), 0.0004260 secs] [Times: user=0.00 sys=0.00, real=0.00 secs] 
311.079: Total time for which application threads were stopped: 0.0005780 seconds, Stopping threads took: 0.0000610 seconds
311.195: Application time: 0.1156290 seconds
311.195: [GC [PSYoungGen: 22784K->256K(23040K)] 37155K->14651K(55296K), 0.0004230 secs] [Times: user=0.00 sys=0.00, real=0.00 secs] 
311.195: Total time for which application threads were stopped: 0.0005480 seconds, Stopping threads took: 0.0000540 seconds
311.311: Application time: 0.1160550 seconds
311.311: [GC [PSYoungGen: 22784K->256K(23040K)] 37179K->14771K(55296K), 0.0004490 secs] [Times: user=0.00 sys=0.00, real=0.00 secs] 
311.312: Total time for which application threads were stopped: 0.0006030 seconds, Stopping threads took: 0.0000740 seconds
311.428: Application time: 0.1159160 seconds
311.428: [GC [PSYoungGen: 22784K->224K(23040K)] 37299K->14787K(55296K), 0.0004620 secs] [Times: user=0.00 sys=0.00, real=0.00 secs] 
311.428: Total time for which application threads were stopped: 0.0006110 seconds, Stopping threads took: 0.0000690 seconds
311.542: Application time: 0.1139580 seconds
311.543: [GC [PSYoungGen: 22752K->368K(23040K)] 37315K->14995K(55296K), 0.0004750 secs] [Times: user=0.00 sys=0.00, real=0.00 secs] 
311.543: Total time for which application threads were stopped: 0.0006090 seconds, Stopping threads took: 0.0000620 seconds
311.658: Application time: 0.1150420 seconds
311.658: [GC [PSYoungGen: 22896K->256K(23040K)] 37523K->15143K(55296K), 0.0005440 secs] [Times: user=0.00 sys=0.00, real=0.00 secs] 
311.659: Total time for which application threads were stopped: 0.0006950 seconds, Stopping threads took: 0.0000590 seconds
311.775: Application time: 0.1165460 seconds
311.776: [GC [PSYoungGen: 22784K->256K(23040K)] 37671K->15255K(55296K), 0.0004920 secs] [Times: user=0.00 sys=0.00, real=0.00 secs] 
311.776: Total time for which application threads were stopped: 0.0007240 seconds, Stopping threads took: 0.0001440 seconds
311.892: Application time: 0.1162210 seconds
311.892: [GC [PSYoungGen: 22784K->256K(23040K)] 37783K->15279K(55296K), 0.0004270 secs] [Times: user=0.00 sys=0.00, real=0.00 secs] 
311.893: Total time for which application threads were stopped: 0.0005750 seconds, Stopping threads took: 0.0000710 seconds
312.009: Application time: 0.1160070 seconds
312.009: [GC [PSYoungGen: 22784K->256K(23040K)] 37807K->15375K(55296K), 0.0004360 secs] [Times: user=0.00 sys=0.00, real=0.00 secs] 
312.009: Total time for which application threads were stopped: 0.0005840 seconds, Stopping threads took: 0.0000700 seconds
312.125: Application time: 0.1158190 seconds
312.125: [GC [PSYoungGen: 22784K->256K(23040K)] 37903K->15448K(55296K), 0.0004090 secs] [Times: user=0.01 sys=0.00, real=0.01 secs] 
312.126: Total time for which application threads were stopped: 0.0005400 seconds, Stopping threads took: 0.0000550 seconds
312.241: Application time: 0.1148980 seconds
312.241: [GC [PSYoungGen: 22784K->336K(23040K)] 37976K->15584K(55296K), 0.0004980 secs] [Times: user=0.01 sys=0.00, real=0.00 secs] 
312.241: Total time for which application threads were stopped: 0.0006390 seconds, Stopping threads took: 0.0000560 seconds
312.356: Application time: 0.1143590 seconds
312.358: [GC [PSYoungGen: 22864K->256K(23040K)] 38112K->15732K(55296K), 0.0005100 secs] [Times: user=0.00 sys=0.00, real=0.00 secs] 
312.358: Total time for which application threads were stopped: 0.0025060 seconds, Stopping threads took: 0.0019200 seconds
312.474: Application time: 0.1158200 seconds
312.474: [GC [PSYoungGen: 22784K->256K(23040K)] 38260K->15892K(55296K), 0.0004420 secs] [Times: user=0.00 sys=0.00, real=0.00 secs] 
312.475: Total time for which application threads were stopped: 0.0005850 seconds, Stopping threads took: 0.0000610 seconds
312.591: Application time: 0.1167280 seconds
312.591: [GC [PSYoungGen: 22784K->256K(23040K)] 38420K->15916K(55296K), 0.0004070 secs] [Times: user=0.00 sys=0.00, real=0.00 secs] 
312.592: Total time for which application threads were stopped: 0.0005420 seconds, Stopping threads took: 0.0000500 seconds
312.708: Application time: 0.1160410 seconds
312.708: [GC [PSYoungGen: 22784K->256K(23040K)] 38444K->15940K(55296K), 0.0004170 secs] [Times: user=0.00 sys=0.00, real=0.00 secs] 
312.708: Total time for which application threads were stopped: 0.0005520 seconds, Stopping threads took: 0.0000560 seconds
312.825: Application time: 0.1160950 seconds
312.825: [GC [PSYoungGen: 22784K->256K(23040K)] 38468K->16084K(55296K), 0.0004370 secs] [Times: user=0.01 sys=0.00, real=0.00 secs] 
312.825: Total time for which application threads were stopped: 0.0005800 seconds, Stopping threads took: 0.0000580 seconds
312.941: Application time: 0.1162760 seconds
312.942: [GC [PSYoungGen: 22784K->256K(23040K)] 38612K->16148K(55296K), 0.0004270 secs] [Times: user=0.00 sys=0.00, real=0.00 secs] 
312.942: Total time for which application threads were stopped: 0.0005770 seconds, Stopping threads took: 0.0000760 seconds
313.055: Application time: 0.1134200 seconds
313.056: [GC [PSYoungGen: 22784K->384K(23040K)] 38676K->16348K(55296K), 0.0004940 secs] [Times: user=0.00 sys=0.00, real=0.00 secs] 
313.056: Total time for which application threads were stopped: 0.0006330 seconds, Stopping threads took: 0.0000610 seconds
313.173: Application time: 0.1164680 seconds
313.173: [GC [PSYoungGen: 22912K->256K(23040K)] 38876K->16524K(55296K), 0.0004830 secs] [Times: user=0.00 sys=0.00, real=0.00 secs] 
313.173: Total time for which application threads were stopped: 0.0006160 seconds, Stopping threads took: 0.0000590 seconds
313.290: Application time: 0.1166990 seconds
313.290: [GC [PSYoungGen: 22784K->224K(23040K)] 39052K->16492K(55296K), 0.0004390 secs] [Times: user=0.00 sys=0.00, real=0.00 secs] 
313.290: Total time for which application threads were stopped: 0.0005710 seconds, Stopping threads took: 0.0000560 seconds
313.406: Application time: 0.1158970 seconds
313.406: [GC [PSYoungGen: 22752K->256K(23040K)] 39020K->16572K(55296K), 0.0004300 secs] [Times: user=0.01 sys=0.00, real=0.00 secs] 
313.407: Total time for which application threads were stopped: 0.0005770 seconds, Stopping threads took: 0.0000600 seconds
313.523: Application time: 0.1160650 seconds
313.523: [GC [PSYoungGen: 22784K->256K(23040K)] 39100K->16693K(55296K), 0.0004220 secs] [Times: user=0.00 sys=0.00, real=0.00 secs] 
313.524: Total time for which application threads were stopped: 0.0005600 seconds, Stopping threads took: 0.0000640 seconds
313.639: Application time: 0.1150750 seconds
313.639: [GC [PSYoungGen: 22784K->256K(23040K)] 39221K->16717K(55296K), 0.0004530 secs] [Times: user=0.00 sys=0.00, real=0.00 secs] 
313.639: Total time for which application threads were stopped: 0.0005860 seconds, Stopping threads took: 0.0000530 seconds
313.753: Application time: 0.1141240 seconds
313.753: [GC [PSYoungGen: 22784K->384K(23040K)] 39245K->16981K(55296K), 0.0004820 secs] [Times: user=0.00 sys=0.00, real=0.00 secs] 
313.754: Total time for which application threads were stopped: 0.0006210 seconds, Stopping threads took: 0.0000640 seconds
313.871: Application time: 0.1166360 seconds
313.871: [GC [PSYoungGen: 22912K->256K(23040K)] 39509K->17101K(55296K), 0.0005060 secs] [Times: user=0.00 sys=0.00, real=0.00 secs] 
313.871: Total time for which application threads were stopped: 0.0006550 seconds, Stopping threads took: 0.0000710 seconds
313.987: Application time: 0.1161590 seconds
313.988: [GC [PSYoungGen: 22784K->224K(23040K)] 39629K->17149K(55296K), 0.0004310 secs] [Times: user=0.00 sys=0.00, real=0.00 secs] 
313.988: Total time for which application threads were stopped: 0.0005700 seconds, Stopping threads took: 0.0000520 seconds
314.104: Application time: 0.1157670 seconds
314.104: [GC [PSYoungGen: 22752K->256K(23040K)] 39677K->17229K(55296K), 0.0004370 secs] [Times: user=0.01 sys=0.00, real=0.00 secs] 
314.104: Total time for which application threads were stopped: 0.0005820 seconds, Stopping threads took: 0.0000710 seconds
314.221: Application time: 0.1166510 seconds
314.221: [GC [PSYoungGen: 22784K->256K(23040K)] 39757K->17325K(55296K), 0.0004600 secs] [Times: user=0.01 sys=0.00, real=0.00 secs] 
314.222: Total time for which application threads were stopped: 0.0006090 seconds, Stopping threads took: 0.0000700 seconds
314.338: Application time: 0.1161410 seconds
314.338: [GC [PSYoungGen: 22784K->272K(23040K)] 39853K->17389K(55296K), 0.0004410 secs] [Times: user=0.00 sys=0.00, real=0.00 secs] 
314.338: Total time for which application threads were stopped: 0.0005820 seconds, Stopping threads took: 0.0000680 seconds
314.452: Application time: 0.1134500 seconds
314.452: [GC [PSYoungGen: 22800K->336K(23040K)] 39917K->17517K(55296K), 0.0004900 secs] [Times: user=0.00 sys=0.00, real=0.00 secs] 
314.452: Total time for which application threads were stopped: 0.0006190 seconds, Stopping threads took: 0.0000520 seconds
314.568: Application time: 0.1153190 seconds
314.568: [GC [PSYoungGen: 22864K->288K(23040K)] 40045K->17729K(55296K), 0.0005140 secs] [Times: user=0.00 sys=0.00, real=0.00 secs] 
314.568: Total time for which application threads were stopped: 0.0006640 seconds, Stopping threads took: 0.0000580 seconds
314.685: Application time: 0.1162830 seconds
314.685: [GC [PSYoungGen: 22816K->224K(23040K)] 40257K->17777K(55296K), 0.0004590 secs] [Times: user=0.00 sys=0.00, real=0.00 secs] 
314.685: Total time for which application threads were stopped: 0.0005930 seconds, Stopping threads took: 0.0000580 seconds
314.801: Application time: 0.1162020 seconds
314.802: [GC [PSYoungGen: 22752K->256K(23040K)] 40305K->17833K(55296K), 0.0004440 secs] [Times: user=0.00 sys=0.00, real=0.00 secs] 
314.802: Total time for which application threads were stopped: 0.0005790 seconds, Stopping threads took: 0.0000580 seconds
314.918: Application time: 0.1164290 seconds
314.919: [GC [PSYoungGen: 22784K->256K(23040K)] 40361K->17930K(55296K), 0.0004130 secs] [Times: user=0.01 sys=0.00, real=0.00 secs] 
314.919: Total time for which application threads were stopped: 0.0005470 seconds, Stopping threads took: 0.0000620 seconds
315.035: Application time: 0.1162860 seconds
315.035: [GC [PSYoungGen: 22784K->256K(23040K)] 40458K->18002K(55296K), 0.0004210 secs] [Times: user=0.00 sys=0.00, real=0.00 secs] 
315.036: Total time for which application threads were stopped: 0.0005510 seconds, Stopping threads took: 0.0000600 seconds
315.150: Application time: 0.1144900 seconds
315.150: [GC [PSYoungGen: 22784K->320K(23040K)] 40530K->18130K(55296K), 0.0004920 secs] [Times: user=0.00 sys=0.00, real=0.00 secs] 
315.151: Total time for which application threads were stopped: 0.0006350 seconds, Stopping threads took: 0.0000600 seconds
315.265: Application time: 0.1143450 seconds
315.265: [GC [PSYoungGen: 22848K->288K(23040K)] 40658K->18306K(55296K), 0.0004970 secs] [Times: user=0.00 sys=0.00, real=0.01 secs] 
315.266: Total time for which application threads were stopped: 0.0006300 seconds, Stopping threads took: 0.0000590 seconds
315.383: Application time: 0.1166830 seconds
315.383: [GC [PSYoungGen: 22816K->256K(23040K)] 40834K->18450K(55296K), 0.0004380 secs] [Times: user=0.00 sys=0.00, real=0.00 secs] 
315.383: Total time for which application threads were stopped: 0.0005750 seconds, Stopping threads took: 0.0000620 seconds
315.500: Application time: 0.1168660 seconds
315.500: [GC [PSYoungGen: 22784K->256K(23040K)] 40978K->18474K(55296K), 0.0004030 secs] [Times: user=0.00 sys=0.00, real=0.00 secs] 
315.501: Total time for which application threads were stopped: 0.0005470 seconds, Stopping threads took: 0.0000700 seconds
315.616: Application time: 0.1156900 seconds
315.616: [GC [PSYoungGen: 22784K->256K(23040K)] 41002K->18522K(55296K), 0.0004240 secs] [Times: user=0.00 sys=0.00, real=0.00 secs] 
315.617: Total time for which application threads were stopped: 0.0005600 seconds, Stopping threads took: 0.0000640 seconds
315.732: Application time: 0.1155650 seconds
315.734: [GC [PSYoungGen: 22784K->256K(23040K)] 41050K->18642K(55296K), 0.0004750 secs] [Times: user=0.00 sys=0.00, real=0.00 secs] 
315.734: Total time for which application threads were stopped: 0.0017120 seconds, Stopping threads took: 0.0011540 seconds
315.851: Application time: 0.1167160 seconds
315.851: [GC [PSYoungGen: 22784K->256K(23040K)] 41170K->18698K(55296K), 0.0004420 secs] [Times: user=0.00 sys=0.00, real=0.00 secs] 
315.851: Total time for which application threads were stopped: 0.0006020 seconds, Stopping threads took: 0.0000790 seconds
315.965: Application time: 0.1132180 seconds
315.965: [GC [PSYoungGen: 22784K->400K(23040K)] 41226K->18898K(55296K), 0.0005330 secs] [Times: user=0.00 sys=0.00, real=0.00 secs] 
315.965: Total time for which application threads were stopped: 0.0006650 seconds, Stopping threads took: 0.0000590 seconds
316.082: Application time: 0.1167710 seconds
316.082: [GC [PSYoungGen: 22928K->256K(23040K)] 41426K->19054K(55296K), 0.0005350 secs] [Times: user=0.00 sys=0.00, real=0.00 secs] 
316.083: Total time for which application threads were stopped: 0.0006620 seconds, Stopping threads took: 0.0000490 seconds
316.200: Application time: 0.1168260 seconds
316.200: [GC [PSYoungGen: 22784K->256K(23040K)] 41582K->19054K(55296K), 0.0004860 secs] [Times: user=0.01 sys=0.00, real=0.00 secs] 
316.200: Total time for which application threads were stopped: 0.0006190 seconds, Stopping threads took: 0.0000520 seconds
316.315: Application time: 0.1150360 seconds
316.315: [GC [PSYoungGen: 22784K->256K(23040K)] 41582K->19102K(55296K), 0.0004400 secs] [Times: user=0.00 sys=0.00, real=0.00 secs] 
316.316: Total time for which application threads were stopped: 0.0005820 seconds, Stopping threads took: 0.0000570 seconds
316.432: Application time: 0.1164740 seconds
316.432: [GC [PSYoungGen: 22784K->256K(23040K)] 41630K->19223K(55296K), 0.0004180 secs] [Times: user=0.00 sys=0.00, real=0.00 secs] 
316.433: Total time for which application threads were stopped: 0.0005600 seconds, Stopping threads took: 0.0000690 seconds
316.548: Application time: 0.1148740 seconds
316.550: [GC [PSYoungGen: 22784K->256K(23040K)] 41751K->19247K(55296K), 0.0004400 secs] [Times: user=0.00 sys=0.00, real=0.00 secs] 
316.550: Total time for which application threads were stopped: 0.0023640 seconds, Stopping threads took: 0.0018460 seconds
316.664: Application time: 0.1136870 seconds
316.664: [GC [PSYoungGen: 22784K->368K(23040K)] 41775K->19487K(55296K), 0.0005280 secs] [Times: user=0.00 sys=0.00, real=0.00 secs] 
316.665: Total time for which application threads were stopped: 0.0006600 seconds, Stopping threads took: 0.0000600 seconds
316.781: Application time: 0.1166620 seconds
316.781: [GC [PSYoungGen: 22896K->256K(23040K)] 42015K->19631K(55296K), 0.0005210 secs] [Times: user=0.00 sys=0.00, real=0.00 secs] 
316.782: Total time for which application threads were stopped: 0.0006480 seconds, Stopping threads took: 0.0000550 seconds
316.898: Application time: 0.1160650 seconds
316.898: [GC [PSYoungGen: 22784K->256K(23040K)] 42159K->19703K(55296K), 0.0004040 secs] [Times: user=0.00 sys=0.00, real=0.00 secs] 
316.898: Total time for which application threads were stopped: 0.0005440 seconds, Stopping threads took: 0.0000510 seconds
317.015: Application time: 0.1165500 seconds
317.015: [GC [PSYoungGen: 22784K->256K(23040K)] 42231K->19751K(55296K), 0.0004780 secs] [Times: user=0.00 sys=0.00, real=0.00 secs] 
317.016: Total time for which application threads were stopped: 0.0006030 seconds, Stopping threads took: 0.0000510 seconds
317.132: Application time: 0.1165650 seconds
317.132: [GC [PSYoungGen: 22784K->256K(23040K)] 42279K->19871K(55296K), 0.0004360 secs] [Times: user=0.00 sys=0.00, real=0.00 secs] 
317.133: Total time for which application threads were stopped: 0.0005910 seconds, Stopping threads took: 0.0000790 seconds
317.248: Application time: 0.1148710 seconds
317.248: [GC [PSYoungGen: 22784K->272K(23040K)] 42399K->19911K(55296K), 0.0004230 secs] [Times: user=0.01 sys=0.00, real=0.00 secs] 
317.248: Total time for which application threads were stopped: 0.0005520 seconds, Stopping threads took: 0.0000540 seconds
317.362: Application time: 0.1138150 seconds
317.362: [GC [PSYoungGen: 22800K->336K(23040K)] 42439K->20087K(55296K), 0.0004890 secs] [Times: user=0.00 sys=0.00, real=0.00 secs] 
317.363: Total time for which application threads were stopped: 0.0006310 seconds, Stopping threads took: 0.0000650 seconds
317.478: Application time: 0.1155400 seconds
317.478: [GC [PSYoungGen: 22864K->256K(23040K)] 42615K->20207K(55296K), 0.0005300 secs] [Times: user=0.00 sys=0.00, real=0.00 secs] 
317.479: Total time for which application threads were stopped: 0.0006810 seconds, Stopping threads took: 0.0000620 seconds
317.595: Application time: 0.1157320 seconds
317.595: [GC [PSYoungGen: 22784K->256K(23040K)] 42735K->20327K(55296K), 0.0004280 secs] [Times: user=0.00 sys=0.00, real=0.00 secs] 
317.595: Total time for which application threads were stopped: 0.0005760 seconds, Stopping threads took: 0.0000650 seconds
317.712: Application time: 0.1166840 seconds
317.712: [GC [PSYoungGen: 22784K->256K(23040K)] 42855K->20351K(55296K), 0.0004120 secs] [Times: user=0.00 sys=0.00, real=0.00 secs] 
317.712: Total time for which application threads were stopped: 0.0005630 seconds, Stopping threads took: 0.0000690 seconds
317.829: Application time: 0.1170120 seconds
317.830: [GC [PSYoungGen: 22784K->224K(23040K)] 42879K->20416K(55296K), 0.0004580 secs] [Times: user=0.00 sys=0.00, real=0.00 secs] 
317.830: Total time for which application threads were stopped: 0.0005900 seconds, Stopping threads took: 0.0000540 seconds
317.946: Application time: 0.1155020 seconds
317.946: [GC [PSYoungGen: 22752K->256K(23040K)] 42944K->20520K(55296K), 0.0004310 secs] [Times: user=0.00 sys=0.00, real=0.00 secs] 
317.946: Total time for which application threads were stopped: 0.0005730 seconds, Stopping threads took: 0.0000660 seconds
318.060: Application time: 0.1142150 seconds
318.060: [GC [PSYoungGen: 22784K->336K(23040K)] 43048K->20664K(55296K), 0.0004710 secs] [Times: user=0.01 sys=0.00, real=0.00 secs] 
318.061: Total time for which application threads were stopped: 0.0006110 seconds, Stopping threads took: 0.0000560 seconds
318.176: Application time: 0.1147310 seconds
318.176: [GC [PSYoungGen: 22864K->320K(23040K)] 43192K->20864K(55296K), 0.0004960 secs] [Times: user=0.01 sys=0.00, real=0.00 secs] 
318.176: Total time for which application threads were stopped: 0.0006260 seconds, Stopping threads took: 0.0000520 seconds
318.293: Application time: 0.1167470 seconds
318.293: [GC [PSYoungGen: 22848K->224K(23040K)] 43392K->20944K(55296K), 0.0004890 secs] [Times: user=0.00 sys=0.00, real=0.00 secs] 
318.294: Total time for which application threads were stopped: 0.0006280 seconds, Stopping threads took: 0.0000630 seconds
318.410: Application time: 0.1161070 seconds
318.410: [GC [PSYoungGen: 22752K->256K(23040K)] 43472K->21000K(55296K), 0.0004370 secs] [Times: user=0.00 sys=0.00, real=0.00 secs] 
318.410: Total time for which application threads were stopped: 0.0005840 seconds, Stopping threads took: 0.0000670 seconds
318.526: Application time: 0.1160710 seconds
318.527: [GC [PSYoungGen: 22784K->256K(23040K)] 43528K->21048K(55296K), 0.0004250 secs] [Times: user=0.00 sys=0.00, real=0.00 secs] 
318.527: Total time for which application threads were stopped: 0.0005590 seconds, Stopping threads took: 0.0000580 seconds
318.644: Application time: 0.1165910 seconds
318.644: [GC [PSYoungGen: 22784K->224K(23040K)] 43576K->21128K(55296K), 0.0004300 secs] [Times: user=0.01 sys=0.00, real=0.00 secs] 
318.644: Total time for which application threads were stopped: 0.0005640 seconds, Stopping threads took: 0.0000520 seconds
318.760: Application time: 0.1154880 seconds
318.762: [GC [PSYoungGen: 22752K->256K(23040K)] 43656K->21224K(55296K), 0.0004420 secs] [Times: user=0.00 sys=0.00, real=0.00 secs] 
318.762: Total time for which application threads were stopped: 0.0025290 seconds, Stopping threads took: 0.0020080 seconds
318.876: Application time: 0.1136390 seconds
318.876: [GC [PSYoungGen: 22784K->416K(23040K)] 43752K->21456K(55296K), 0.0005070 secs] [Times: user=0.00 sys=0.00, real=0.00 secs] 
318.876: Total time for which application threads were stopped: 0.0006530 seconds, Stopping threads took: 0.0000700 seconds
318.993: Application time: 0.1165760 seconds
318.993: [GC [PSYoungGen: 22944K->256K(23040K)] 43984K->21604K(55296K), 0.0005300 secs] [Times: user=0.00 sys=0.00, real=0.00 secs] 
318.994: Total time for which application threads were stopped: 0.0006830 seconds, Stopping threads took: 0.0000800 seconds
319.111: Application time: 0.1168750 seconds
319.111: [GC [PSYoungGen: 22784K->256K(23040K)] 44132K->21629K(55296K), 0.0004400 secs] [Times: user=0.00 sys=0.00, real=0.00 secs] 
319.111: Total time for which application threads were stopped: 0.0005760 seconds, Stopping threads took: 0.0000620 seconds
319.227: Application time: 0.1160270 seconds
319.227: [GC [PSYoungGen: 22784K->256K(23040K)] 44157K->21653K(55296K), 0.0004330 secs] [Times: user=0.00 sys=0.00, real=0.00 secs] 
319.228: Total time for which application threads were stopped: 0.0005900 seconds, Stopping threads took: 0.0000650 seconds
319.344: Application time: 0.1161890 seconds
319.344: [GC [PSYoungGen: 22784K->224K(23040K)] 44181K->21741K(55296K), 0.0004940 secs] [Times: user=0.00 sys=0.00, real=0.00 secs] 
319.345: Total time for which application threads were stopped: 0.0006480 seconds, Stopping threads took: 0.0000740 seconds
319.460: Application time: 0.1155530 seconds
319.460: [GC [PSYoungGen: 22752K->256K(23040K)] 44269K->21797K(55296K), 0.0004430 secs] [Times: user=0.00 sys=0.00, real=0.00 secs] 
319.461: Total time for which application threads were stopped: 0.0005790 seconds, Stopping threads took: 0.0000630 seconds
319.575: Application time: 0.1140460 seconds
319.575: [GC [PSYoungGen: 22784K->336K(23040K)] 44325K->21997K(55296K), 0.0004880 secs] [Times: user=0.00 sys=0.00, real=0.00 secs] 
319.575: Total time for which application threads were stopped: 0.0006160 seconds, Stopping threads took: 0.0000560 seconds
319.692: Application time: 0.1166710 seconds
319.692: [GC [PSYoungGen: 22864K->272K(23040K)] 44525K->22189K(55296K), 0.0005030 secs] [Times: user=0.01 sys=0.00, real=0.00 secs] 
319.693: Total time for which application threads were stopped: 0.0006410 seconds, Stopping threads took: 0.0000570 seconds
319.809: Application time: 0.1159650 seconds
319.809: [GC [PSYoungGen: 22800K->256K(23040K)] 44717K->22245K(55296K), 0.0004090 secs] [Times: user=0.00 sys=0.00, real=0.00 secs] 
319.809: Total time for which application threads were stopped: 0.0005510 seconds, Stopping threads took: 0.0000600 seconds
319.926: Application time: 0.1163860 seconds
319.926: [GC [PSYoungGen: 22784K->256K(23040K)] 44773K->22293K(55296K), 0.0004760 secs] [Times: user=0.01 sys=0.00, real=0.00 secs] 
319.926: Total time for which application threads were stopped: 0.0006340 seconds, Stopping threads took: 0.0000790 seconds
320.043: Application time: 0.1163020 seconds
320.043: [GC [PSYoungGen: 22784K->256K(23040K)] 44821K->22413K(55296K), 0.0004370 secs] [Times: user=0.00 sys=0.00, real=0.00 secs] 
320.043: Total time for which application threads were stopped: 0.0005690 seconds, Stopping threads took: 0.0000550 seconds
320.160: Application time: 0.1165640 seconds
320.160: [GC [PSYoungGen: 22784K->288K(23040K)] 44941K->22469K(55296K), 0.0004450 secs] [Times: user=0.00 sys=0.00, real=0.00 secs] 
320.160: Total time for which application threads were stopped: 0.0005890 seconds, Stopping threads took: 0.0000710 seconds
320.275: Application time: 0.1143960 seconds
320.275: [GC [PSYoungGen: 22816K->368K(23040K)] 44997K->22677K(55296K), 0.0005090 secs] [Times: user=0.01 sys=0.00, real=0.00 secs] 
320.275: Total time for which application threads were stopped: 0.0006570 seconds, Stopping threads took: 0.0000690 seconds
320.390: Application time: 0.1147740 seconds
320.390: [GC [PSYoungGen: 22896K->288K(23040K)] 45205K->22813K(55296K), 0.0004920 secs] [Times: user=0.01 sys=0.00, real=0.00 secs] 
320.391: Total time for which application threads were stopped: 0.0006390 seconds, Stopping threads took: 0.0000580 seconds
320.507: Application time: 0.1166210 seconds
320.510: [GC [PSYoungGen: 22816K->256K(23040K)] 45341K->22917K(55296K), 0.0004360 secs] [Times: user=0.01 sys=0.00, real=0.00 secs] 
320.510: Total time for which application threads were stopped: 0.0026990 seconds, Stopping threads took: 0.0021790 seconds
320.626: Application time: 0.1158080 seconds
320.626: [GC [PSYoungGen: 22784K->256K(23040K)] 45445K->22942K(55296K), 0.0004900 secs] [Times: user=0.00 sys=0.00, real=0.00 secs] 
320.627: Total time for which application threads were stopped: 0.0006290 seconds, Stopping threads took: 0.0000610 seconds
320.742: Application time: 0.1158830 seconds
320.743: [GC [PSYoungGen: 22784K->256K(23040K)] 45470K->23062K(55296K), 0.0004370 secs] [Times: user=0.01 sys=0.00, real=0.00 secs] 
320.743: Total time for which application threads were stopped: 0.0005770 seconds, Stopping threads took: 0.0000660 seconds
320.860: Application time: 0.1165800 seconds
320.860: [GC [PSYoungGen: 22784K->256K(23040K)] 45590K->23110K(55296K), 0.0004420 secs] [Times: user=0.00 sys=0.00, real=0.00 secs] 
320.860: Total time for which application threads were stopped: 0.0005940 seconds, Stopping threads took: 0.0000730 seconds
320.975: Application time: 0.1143620 seconds
320.975: [GC [PSYoungGen: 22784K->304K(23040K)] 45638K->23238K(55296K), 0.0004600 secs] [Times: user=0.00 sys=0.00, real=0.00 secs] 
320.975: Total time for which application threads were stopped: 0.0006000 seconds, Stopping threads took: 0.0000570 seconds
321.090: Application time: 0.1145440 seconds
321.090: [GC [PSYoungGen: 22832K->288K(23040K)] 45766K->23426K(55296K), 0.0005370 secs] [Times: user=0.00 sys=0.00, real=0.00 secs] 
321.091: Total time for which application threads were stopped: 0.0017110 seconds, Stopping threads took: 0.0000540 seconds
321.208: Application time: 0.1162780 seconds
321.208: [GC [PSYoungGen: 22816K->256K(23040K)] 45954K->23554K(55296K), 0.0005440 secs] [Times: user=0.00 sys=0.00, real=0.00 secs] 
321.208: Total time for which application threads were stopped: 0.0007010 seconds, Stopping threads took: 0.0000810 seconds
321.325: Application time: 0.1162380 seconds
321.325: [GC [PSYoungGen: 22784K->224K(23040K)] 46082K->23546K(55296K), 0.0004640 secs] [Times: user=0.00 sys=0.00, real=0.00 secs] 
321.325: Total time for which application threads were stopped: 0.0006090 seconds, Stopping threads took: 0.0000670 seconds
321.441: Application time: 0.1156630 seconds
321.441: [GC [PSYoungGen: 22752K->256K(23040K)] 46074K->23650K(55296K), 0.0004540 secs] [Times: user=0.00 sys=0.00, real=0.00 secs] 
321.442: Total time for which application threads were stopped: 0.0005980 seconds, Stopping threads took: 0.0000610 seconds
321.557: Application time: 0.1155090 seconds
321.557: [GC [PSYoungGen: 22784K->256K(23040K)] 46178K->23746K(55296K), 0.0004540 secs] [Times: user=0.00 sys=0.00, real=0.01 secs] 
321.558: Total time for which application threads were stopped: 0.0006130 seconds, Stopping threads took: 0.0000700 seconds
321.673: Application time: 0.1154860 seconds
321.673: [GC [PSYoungGen: 22784K->256K(23040K)] 46274K->23826K(55296K), 0.0004310 secs] [Times: user=0.01 sys=0.00, real=0.00 secs] 
321.674: Total time for which application threads were stopped: 0.0005760 seconds, Stopping threads took: 0.0000690 seconds
321.787: Application time: 0.1137860 seconds
321.788: [GC [PSYoungGen: 22784K->400K(23040K)] 46354K->24042K(55296K), 0.0005410 secs] [Times: user=0.01 sys=0.00, real=0.00 secs] 
321.788: Total time for which application threads were stopped: 0.0006850 seconds, Stopping threads took: 0.0000680 seconds
321.905: Application time: 0.1165620 seconds
321.905: [GC [PSYoungGen: 22928K->256K(23040K)] 46570K->24195K(55296K), 0.0004960 secs] [Times: user=0.00 sys=0.00, real=0.00 secs] 
321.905: Total time for which application threads were stopped: 0.0006500 seconds, Stopping threads took: 0.0000790 seconds
322.022: Application time: 0.1169320 seconds
322.022: [GC [PSYoungGen: 22784K->256K(23040K)] 46723K->24219K(55296K), 0.0004370 secs] [Times: user=0.00 sys=0.00, real=0.00 secs] 
322.023: Total time for which application threads were stopped: 0.0005740 seconds, Stopping threads took: 0.0000600 seconds
322.139: Application time: 0.1158080 seconds
322.139: [GC [PSYoungGen: 22784K->256K(23040K)] 46747K->24243K(55296K), 0.0005030 secs] [Times: user=0.00 sys=0.00, real=0.00 secs] 
322.139: Total time for which application threads were stopped: 0.0006550 seconds, Stopping threads took: 0.0000630 seconds
322.256: Application time: 0.1168640 seconds
322.256: [GC [PSYoungGen: 22784K->256K(23040K)] 46771K->24387K(55296K), 0.0004390 secs] [Times: user=0.01 sys=0.00, real=0.00 secs] 
322.257: Total time for which application threads were stopped: 0.0005670 seconds, Stopping threads took: 0.0000540 seconds
322.372: Application time: 0.1154610 seconds
322.372: [GC [PSYoungGen: 22784K->256K(23040K)] 46915K->24387K(55296K), 0.0004460 secs] [Times: user=0.01 sys=0.00, real=0.00 secs] 
322.373: Total time for which application threads were stopped: 0.0005890 seconds, Stopping threads took: 0.0000670 seconds
322.487: Application time: 0.1138360 seconds
322.487: [GC [PSYoungGen: 22784K->352K(23040K)] 46915K->24595K(55296K), 0.0005320 secs] [Times: user=0.00 sys=0.00, real=0.00 secs] 
322.487: Total time for which application threads were stopped: 0.0006700 seconds, Stopping threads took: 0.0000630 seconds
322.604: Application time: 0.1170440 seconds
322.605: [GC [PSYoungGen: 22880K->256K(23040K)] 47123K->24759K(55296K), 0.0004900 secs] [Times: user=0.00 sys=0.00, real=0.00 secs] 
322.605: Total time for which application threads were stopped: 0.0006320 seconds, Stopping threads took: 0.0000700 seconds
322.721: Application time: 0.1159340 seconds
322.721: [GC [PSYoungGen: 22784K->256K(23040K)] 47287K->24831K(55296K), 0.0004160 secs] [Times: user=0.00 sys=0.00, real=0.00 secs] 
322.722: Total time for which application threads were stopped: 0.0005580 seconds, Stopping threads took: 0.0000600 seconds
322.838: Application time: 0.1163500 seconds
322.838: [GC [PSYoungGen: 22784K->256K(23040K)] 47359K->24879K(55296K), 0.0004520 secs] [Times: user=0.00 sys=0.00, real=0.00 secs] 
322.839: Total time for which application threads were stopped: 0.0006100 seconds, Stopping threads took: 0.0000750 seconds
322.955: Application time: 0.1160230 seconds
322.958: [GC [PSYoungGen: 22784K->256K(23040K)] 47407K->24999K(55296K), 0.0004780 secs] [Times: user=0.00 sys=0.00, real=0.00 secs] 
322.958: Total time for which application threads were stopped: 0.0036210 seconds, Stopping threads took: 0.0030650 seconds
323.073: Application time: 0.1151710 seconds
323.073: [GC [PSYoungGen: 22784K->272K(23040K)] 47527K->25039K(55296K), 0.0004430 secs] [Times: user=0.00 sys=0.00, real=0.00 secs] 
323.074: Total time for which application threads were stopped: 0.0005770 seconds, Stopping threads took: 0.0000610 seconds
323.188: Application time: 0.1142040 seconds
323.188: [GC [PSYoungGen: 22800K->272K(23040K)] 47567K->25167K(55296K), 0.0004780 secs] [Times: user=0.00 sys=0.00, real=0.00 secs] 
323.189: Total time for which application threads were stopped: 0.0006180 seconds, Stopping threads took: 0.0000670 seconds
323.304: Application time: 0.1153900 seconds
323.304: [GC [PSYoungGen: 22800K->240K(23040K)] 47695K->25351K(55296K), 0.0005240 secs] [Times: user=0.00 sys=0.00, real=0.00 secs] 
323.305: Total time for which application threads were stopped: 0.0006650 seconds, Stopping threads took: 0.0000610 seconds
323.422: Application time: 0.1169380 seconds
323.422: [GC [PSYoungGen: 22768K->256K(23040K)] 47879K->25488K(55296K), 0.0004760 secs] [Times: user=0.00 sys=0.00, real=0.00 secs] 
323.422: Total time for which application threads were stopped: 0.0006080 seconds, Stopping threads took: 0.0000580 seconds
323.538: Application time: 0.1156800 seconds
323.538: [GC [PSYoungGen: 22784K->224K(23040K)] 48016K->25480K(55296K), 0.0004680 secs] [Times: user=0.00 sys=0.00, real=0.00 secs] 
323.539: Total time for which application threads were stopped: 0.0005980 seconds, Stopping threads took: 0.0000560 seconds
323.655: Application time: 0.1164620 seconds
323.655: [GC [PSYoungGen: 22752K->256K(23040K)] 48008K->25632K(55296K), 0.0004690 secs] [Times: user=0.00 sys=0.00, real=0.00 secs] 
323.656: Total time for which application threads were stopped: 0.0006060 seconds, Stopping threads took: 0.0000550 seconds
323.772: Application time: 0.1158150 seconds
323.772: [GC [PSYoungGen: 22784K->256K(23040K)] 48160K->25680K(55296K), 0.0004410 secs] [Times: user=0.00 sys=0.00, real=0.00 secs] 
323.772: Total time for which application threads were stopped: 0.0005740 seconds, Stopping threads took: 0.0000570 seconds
323.887: Application time: 0.1149550 seconds
323.887: [GC [PSYoungGen: 22784K->320K(23040K)] 48208K->25800K(55296K), 0.0005070 secs] [Times: user=0.00 sys=0.00, real=0.00 secs] 
323.888: Total time for which application threads were stopped: 0.0006470 seconds, Stopping threads took: 0.0000590 seconds
324.002: Application time: 0.1147160 seconds
324.003: [GC [PSYoungGen: 22848K->272K(23040K)] 48328K->25968K(55296K), 0.0005240 secs] [Times: user=0.01 sys=0.00, real=0.00 secs] 
324.003: Total time for which application threads were stopped: 0.0006860 seconds, Stopping threads took: 0.0000810 seconds
324.120: Application time: 0.1166680 seconds
324.120: [GC [PSYoungGen: 22800K->256K(23040K)] 48496K->26140K(55296K), 0.0004810 secs] [Times: user=0.00 sys=0.00, real=0.00 secs] 
324.120: Total time for which application threads were stopped: 0.0006280 seconds, Stopping threads took: 0.0000640 seconds
324.236: Application time: 0.1157180 seconds
324.236: [GC [PSYoungGen: 22784K->256K(23040K)] 48668K->26164K(55296K), 0.0004380 secs] [Times: user=0.00 sys=0.00, real=0.00 secs] 
324.237: Total time for which application threads were stopped: 0.0005830 seconds, Stopping threads took: 0.0000620 seconds
324.353: Application time: 0.1166760 seconds
324.353: [GC [PSYoungGen: 22784K->256K(23040K)] 48692K->26260K(55296K), 0.0004630 secs] [Times: user=0.00 sys=0.00, real=0.00 secs] 
324.354: Total time for which application threads were stopped: 0.0006110 seconds, Stopping threads took: 0.0000680 seconds
324.470: Application time: 0.1155610 seconds
324.470: [GC [PSYoungGen: 22784K->256K(23040K)] 48788K->26332K(55296K), 0.0004270 secs] [Times: user=0.00 sys=0.00, real=0.00 secs] 
324.470: Total time for which application threads were stopped: 0.0005880 seconds, Stopping threads took: 0.0000770 seconds
324.586: Application time: 0.1163490 seconds
324.587: [GC [PSYoungGen: 22784K->256K(23040K)] 48860K->26412K(55296K), 0.0004450 secs] [Times: user=0.00 sys=0.00, real=0.00 secs] 
324.587: Total time for which application threads were stopped: 0.0005870 seconds, Stopping threads took: 0.0000660 seconds
324.700: Application time: 0.1132150 seconds
324.700: [GC [PSYoungGen: 22784K->368K(23040K)] 48940K->26588K(55296K), 0.0005670 secs] [Times: user=0.00 sys=0.00, real=0.00 secs] 
324.701: Total time for which application threads were stopped: 0.0007090 seconds, Stopping threads took: 0.0000660 seconds
324.818: Application time: 0.1168950 seconds
324.818: [GC [PSYoungGen: 22896K->256K(23040K)] 49116K->26789K(55296K), 0.0004930 secs] [Times: user=0.00 sys=0.00, real=0.00 secs] 
324.819: Total time for which application threads were stopped: 0.0006190 seconds, Stopping threads took: 0.0000540 seconds
324.934: Application time: 0.1158420 seconds
324.934: [GC [PSYoungGen: 22784K->160K(23040K)] 49317K->26717K(55296K), 0.0004740 secs] [Times: user=0.00 sys=0.00, real=0.00 secs] 
324.935: Total time for which application threads were stopped: 0.0006220 seconds, Stopping threads took: 0.0000670 seconds
325.051: Application time: 0.1157620 seconds
325.051: [GC [PSYoungGen: 22688K->208K(23040K)] 49245K->26789K(55296K), 0.0005720 secs] [Times: user=0.00 sys=0.00, real=0.00 secs] 
325.052: Total time for which application threads were stopped: 0.0007480 seconds, Stopping threads took: 0.0000870 seconds
325.168: Application time: 0.1164860 seconds
325.168: [GC [PSYoungGen: 22736K->256K(23040K)] 49317K->26957K(55296K), 0.0004640 secs] [Times: user=0.00 sys=0.00, real=0.00 secs] 
325.169: Total time for which application threads were stopped: 0.0005920 seconds, Stopping threads took: 0.0000530 seconds
325.284: Application time: 0.1152820 seconds
325.284: [GC [PSYoungGen: 22784K->272K(23040K)] 49485K->26997K(55296K), 0.0004520 secs] [Times: user=0.00 sys=0.00, real=0.00 secs] 
325.284: Total time for which application threads were stopped: 0.0005870 seconds, Stopping threads took: 0.0000620 seconds
325.399: Application time: 0.1140720 seconds
325.399: [GC [PSYoungGen: 22800K->368K(23040K)] 49525K->27213K(55296K), 0.0004900 secs] [Times: user=0.00 sys=0.00, real=0.00 secs] 
325.399: Total time for which application threads were stopped: 0.0006210 seconds, Stopping threads took: 0.0000580 seconds
325.515: Application time: 0.1156230 seconds
325.515: [GC [PSYoungGen: 22896K->256K(23040K)] 49741K->27353K(55296K), 0.0005100 secs] [Times: user=0.01 sys=0.00, real=0.00 secs] 
325.515: Total time for which application threads were stopped: 0.0006610 seconds, Stopping threads took: 0.0000720 seconds
325.632: Application time: 0.1164890 seconds
325.632: [GC [PSYoungGen: 22784K->192K(23040K)] 49881K->27369K(55296K), 0.0004670 secs] [Times: user=0.00 sys=0.00, real=0.00 secs] 
325.633: Total time for which application threads were stopped: 0.0006300 seconds, Stopping threads took: 0.0000710 seconds
325.749: Application time: 0.1168270 seconds
325.750: [GC [PSYoungGen: 22720K->256K(23040K)] 49897K->27481K(55296K), 0.0004810 secs] [Times: user=0.00 sys=0.00, real=0.00 secs] 
325.750: Total time for which application threads were stopped: 0.0006240 seconds, Stopping threads took: 0.0000660 seconds
325.867: Application time: 0.1166150 seconds
325.867: [GC [PSYoungGen: 22784K->224K(23040K)] 50009K->27569K(55296K), 0.0004670 secs] [Times: user=0.00 sys=0.00, real=0.00 secs] 
325.867: Total time for which application threads were stopped: 0.0006190 seconds, Stopping threads took: 0.0000750 seconds
325.983: Application time: 0.1153650 seconds
325.983: [GC [PSYoungGen: 22752K->224K(23040K)] 50097K->27593K(55296K), 0.0004850 secs] [Times: user=0.00 sys=0.00, real=0.00 secs] 
325.983: Total time for which application threads were stopped: 0.0006270 seconds, Stopping threads took: 0.0000620 seconds
326.097: Application time: 0.1140300 seconds
326.097: [GC [PSYoungGen: 22752K->352K(23040K)] 50121K->27865K(55296K), 0.0005240 secs] [Times: user=0.01 sys=0.00, real=0.01 secs] 
326.099: Total time for which application threads were stopped: 0.0016440 seconds, Stopping threads took: 0.0000510 seconds
326.215: Application time: 0.1164460 seconds
326.216: [GC [PSYoungGen: 22880K->256K(23040K)] 50393K->28030K(55296K), 0.0005470 secs] [Times: user=0.00 sys=0.00, real=0.00 secs] 
326.216: Total time for which application threads were stopped: 0.0007190 seconds, Stopping threads took: 0.0000820 seconds
326.333: Application time: 0.1169430 seconds
326.333: [GC [PSYoungGen: 22784K->224K(23040K)] 50558K->28062K(55296K), 0.0004550 secs] [Times: user=0.00 sys=0.00, real=0.00 secs] 
326.334: Total time for which application threads were stopped: 0.0006030 seconds, Stopping threads took: 0.0000620 seconds
326.450: Application time: 0.1163190 seconds
326.450: [GC [PSYoungGen: 22752K->192K(23040K)] 50590K->28054K(55296K), 0.0005440 secs] [Times: user=0.00 sys=0.00, real=0.00 secs] 
326.451: Total time for which application threads were stopped: 0.0006800 seconds, Stopping threads took: 0.0000610 seconds
326.567: Application time: 0.1160280 seconds
326.567: [GC [PSYoungGen: 22720K->256K(23040K)] 50582K->28238K(55296K), 0.0004550 secs] [Times: user=0.00 sys=0.00, real=0.00 secs] 
326.567: Total time for which application threads were stopped: 0.0005860 seconds, Stopping threads took: 0.0000560 seconds
326.683: Application time: 0.1154680 seconds
326.683: [GC [PSYoungGen: 22784K->256K(23040K)] 50766K->28286K(55296K), 0.0004600 secs] [Times: user=0.00 sys=0.00, real=0.00 secs] 
326.683: Total time for which application threads were stopped: 0.0006140 seconds, Stopping threads took: 0.0000740 seconds
326.797: Application time: 0.1140600 seconds
326.798: [GC [PSYoungGen: 22784K->368K(23040K)] 50814K->28470K(55296K), 0.0005320 secs] [Times: user=0.00 sys=0.00, real=0.01 secs] 
326.798: Total time for which application threads were stopped: 0.0006790 seconds, Stopping threads took: 0.0000580 seconds
326.913: Application time: 0.1154020 seconds
326.914: [GC [PSYoungGen: 22896K->272K(23040K)] 50998K->28638K(55296K), 0.0006090 secs] [Times: user=0.00 sys=0.00, real=0.00 secs] 
326.914: Total time for which application threads were stopped: 0.0007570 seconds, Stopping threads took: 0.0000640 seconds
327.031: Application time: 0.1167410 seconds
327.031: [GC [PSYoungGen: 22800K->256K(23040K)] 51166K->28766K(55296K), 0.0004640 secs] [Times: user=0.00 sys=0.00, real=0.00 secs] 
327.032: Total time for which application threads were stopped: 0.0006090 seconds, Stopping threads took: 0.0000660 seconds
327.148: Application time: 0.1159580 seconds
327.148: [GC [PSYoungGen: 22784K->256K(23040K)] 51294K->28790K(55296K), 0.0004430 secs] [Times: user=0.00 sys=0.00, real=0.00 secs] 
327.148: Total time for which application threads were stopped: 0.0005750 seconds, Stopping threads took: 0.0000570 seconds
327.265: Application time: 0.1165310 seconds
327.265: [GC [PSYoungGen: 22784K->256K(23040K)] 51318K->28886K(55296K), 0.0004700 secs] [Times: user=0.00 sys=0.00, real=0.00 secs] 
327.265: Total time for which application threads were stopped: 0.0006060 seconds, Stopping threads took: 0.0000570 seconds
327.380: Application time: 0.1151810 seconds
327.381: [GC [PSYoungGen: 22784K->224K(23040K)] 51414K->28926K(55296K), 0.0004530 secs] [Times: user=0.00 sys=0.00, real=0.00 secs] 
327.381: Total time for which application threads were stopped: 0.0005960 seconds, Stopping threads took: 0.0000570 seconds
327.495: Application time: 0.1141540 seconds
327.495: [GC [PSYoungGen: 22752K->304K(23040K)] 51454K->29062K(55296K), 0.0004840 secs] [Times: user=0.00 sys=0.00, real=0.00 secs] 
327.496: Total time for which application threads were stopped: 0.0006310 seconds, Stopping threads took: 0.0000670 seconds
327.611: Application time: 0.1147240 seconds
327.611: [GC [PSYoungGen: 22832K->288K(23040K)] 51590K->29262K(55296K), 0.0005070 secs] [Times: user=0.00 sys=0.00, real=0.00 secs] 
327.611: Total time for which application threads were stopped: 0.0006410 seconds, Stopping threads took: 0.0000540 seconds
327.728: Application time: 0.1162880 seconds
327.728: [GC [PSYoungGen: 22816K->256K(23040K)] 51790K->29407K(55296K), 0.0004540 secs] [Times: user=0.00 sys=0.00, real=0.00 secs] 
327.728: Total time for which application threads were stopped: 0.0005910 seconds, Stopping threads took: 0.0000600 seconds
327.845: Application time: 0.1169410 seconds
327.845: [GC [PSYoungGen: 22784K->256K(23040K)] 51935K->29431K(55296K), 0.0004250 secs] [Times: user=0.01 sys=0.00, real=0.01 secs] 
327.846: Total time for which application threads were stopped: 0.0005690 seconds, Stopping threads took: 0.0000660 seconds
327.962: Application time: 0.1162080 seconds
327.962: [GC [PSYoungGen: 22784K->256K(23040K)] 51959K->29455K(55296K), 0.0004620 secs] [Times: user=0.00 sys=0.00, real=0.00 secs] 
327.962: Total time for which application threads were stopped: 0.0006090 seconds, Stopping threads took: 0.0000640 seconds
328.079: Application time: 0.1165510 seconds
328.079: [GC [PSYoungGen: 22784K->256K(23040K)] 51983K->29599K(55296K), 0.0004600 secs] [Times: user=0.00 sys=0.00, real=0.00 secs] 
328.080: Total time for which application threads were stopped: 0.0005990 seconds, Stopping threads took: 0.0000580 seconds
328.195: Application time: 0.1151300 seconds
328.195: [GC [PSYoungGen: 22784K->256K(23040K)] 52127K->29599K(55296K), 0.0004560 secs] [Times: user=0.00 sys=0.00, real=0.00 secs] 
328.195: Total time for which application threads were stopped: 0.0006010 seconds, Stopping threads took: 0.0000670 seconds
328.309: Application time: 0.1137910 seconds
328.309: [GC [PSYoungGen: 22784K->384K(23040K)] 52127K->29847K(55296K), 0.0005670 secs] [Times: user=0.00 sys=0.00, real=0.00 secs] 
328.310: Total time for which application threads were stopped: 0.0006930 seconds, Stopping threads took: 0.0000520 seconds
328.425: Application time: 0.1153520 seconds
328.425: [GC [PSYoungGen: 22912K->224K(23040K)] 52375K->29939K(55296K), 0.0005200 secs] [Times: user=0.01 sys=0.00, real=0.01 secs] 
328.426: Total time for which application threads were stopped: 0.0006590 seconds, Stopping threads took: 0.0000640 seconds
328.542: Application time: 0.1165450 seconds
328.542: [GC [PSYoungGen: 22752K->256K(23040K)] 52467K->30043K(55296K), 0.0004360 secs] [Times: user=0.00 sys=0.00, real=0.00 secs] 
328.543: Total time for which application threads were stopped: 0.0005770 seconds, Stopping threads took: 0.0000590 seconds
328.659: Application time: 0.1156200 seconds
328.659: [GC [PSYoungGen: 22784K->256K(23040K)] 52571K->30091K(55296K), 0.0005000 secs] [Times: user=0.00 sys=0.00, real=0.00 secs] 
328.659: Total time for which application threads were stopped: 0.0006410 seconds, Stopping threads took: 0.0000610 seconds
328.775: Application time: 0.1156720 seconds
328.775: [GC [PSYoungGen: 22784K->256K(23040K)] 52619K->30211K(55296K), 0.0004940 secs] [Times: user=0.00 sys=0.00, real=0.00 secs] 
328.776: Total time for which application threads were stopped: 0.0010250 seconds, Stopping threads took: 0.0004430 seconds
328.891: Application time: 0.1153370 seconds
328.891: [GC [PSYoungGen: 22784K->256K(23040K)] 52739K->30235K(55296K), 0.0004610 secs] [Times: user=0.00 sys=0.00, real=0.00 secs] 
328.892: Total time for which application threads were stopped: 0.0006020 seconds, Stopping threads took: 0.0000610 seconds
329.006: Application time: 0.1141640 seconds
329.006: [GC [PSYoungGen: 22783K->384K(23040K)] 52763K->30479K(55296K), 0.0005210 secs] [Times: user=0.00 sys=0.00, real=0.00 secs] 
329.007: Total time for which application threads were stopped: 0.0006670 seconds, Stopping threads took: 0.0000670 seconds
329.123: Application time: 0.1158130 seconds
329.123: [GC [PSYoungGen: 22912K->240K(23040K)] 53007K->30540K(55296K), 0.0005550 secs] [Times: user=0.00 sys=0.00, real=0.00 secs] 
329.123: Total time for which application threads were stopped: 0.0007110 seconds, Stopping threads took: 0.0000620 seconds
329.240: Application time: 0.1163310 seconds
329.240: [GC [PSYoungGen: 22768K->256K(23040K)] 53068K->30676K(55296K), 0.0004470 secs] [Times: user=0.01 sys=0.00, real=0.00 secs] 
329.240: Total time for which application threads were stopped: 0.0005910 seconds, Stopping threads took: 0.0000690 seconds
329.356: Application time: 0.1161820 seconds
329.356: [GC [PSYoungGen: 22784K->256K(23040K)] 53204K->30700K(55296K), 0.0004710 secs] [Times: user=0.00 sys=0.00, real=0.00 secs] 
329.357: Total time for which application threads were stopped: 0.0006010 seconds, Stopping threads took: 0.0000590 seconds
329.474: Application time: 0.1167780 seconds
329.474: [GC [PSYoungGen: 22784K->256K(23040K)] 53228K->30820K(55296K), 0.0004540 secs] [Times: user=0.00 sys=0.00, real=0.00 secs] 
329.474: Total time for which application threads were stopped: 0.0005920 seconds, Stopping threads took: 0.0000580 seconds
329.590: Application time: 0.1155730 seconds
329.590: [GC [PSYoungGen: 22784K->256K(23040K)] 53348K->30868K(55296K), 0.0004740 secs] [Times: user=0.00 sys=0.00, real=0.00 secs] 
329.590: Total time for which application threads were stopped: 0.0006100 seconds, Stopping threads took: 0.0000560 seconds
329.704: Application time: 0.1138810 seconds
329.704: [GC [PSYoungGen: 22784K->368K(23040K)] 53396K->31044K(55296K), 0.0005150 secs] [Times: user=0.00 sys=0.00, real=0.00 secs] 
329.705: Total time for which application threads were stopped: 0.0006560 seconds, Stopping threads took: 0.0000560 seconds
329.820: Application time: 0.1153390 seconds
329.820: [GC [PSYoungGen: 22896K->256K(23040K)] 53572K->31176K(55296K), 0.0005410 secs] [Times: user=0.00 sys=0.00, real=0.00 secs] 
329.821: Total time for which application threads were stopped: 0.0006850 seconds, Stopping threads took: 0.0000650 seconds
329.937: Application time: 0.1159510 seconds
329.937: [GC [PSYoungGen: 22784K->256K(23040K)] 53704K->31312K(55296K), 0.0004450 secs] [Times: user=0.00 sys=0.00, real=0.01 secs] 
329.938: Total time for which application threads were stopped: 0.0005810 seconds, Stopping threads took: 0.0000590 seconds
330.053: Application time: 0.1157700 seconds
330.053: [GC [PSYoungGen: 22784K->256K(23040K)] 53840K->31336K(55296K), 0.0004780 secs] [Times: user=0.00 sys=0.00, real=0.00 secs] 
330.054: Total time for which application threads were stopped: 0.0006370 seconds, Stopping threads took: 0.0000750 seconds
330.170: Application time: 0.1163020 seconds
330.174: [GC [PSYoungGen: 22784K->256K(23040K)] 53864K->31432K(55296K), 0.0004850 secs] [Times: user=0.00 sys=0.00, real=0.00 secs] 
330.174: Total time for which application threads were stopped: 0.0038800 seconds, Stopping threads took: 0.0033160 seconds
330.290: Application time: 0.1154830 seconds
330.290: [GC [PSYoungGen: 22784K->256K(23040K)] 53960K->31504K(55296K), 0.0004840 secs] [Times: user=0.00 sys=0.00, real=0.00 secs] 
330.290: Total time for which application threads were stopped: 0.0006290 seconds, Stopping threads took: 0.0000590 seconds
330.404: Application time: 0.1140450 seconds
330.404: [GC [PSYoungGen: 22784K->288K(23040K)] 54032K->31608K(55296K), 0.0004820 secs] [Times: user=0.00 sys=0.00, real=0.00 secs] 
330.405: Total time for which application threads were stopped: 0.0006240 seconds, Stopping threads took: 0.0000650 seconds
330.520: Application time: 0.1150120 seconds
330.520: [GC [PSYoungGen: 22816K->272K(23040K)] 54136K->31793K(55296K), 0.0005130 secs] [Times: user=0.00 sys=0.00, real=0.00 secs] 
330.521: Total time for which application threads were stopped: 0.0006480 seconds, Stopping threads took: 0.0000600 seconds
330.637: Application time: 0.1165790 seconds
330.637: [GC [PSYoungGen: 22800K->256K(23040K)] 54321K->31949K(55296K), 0.0004630 secs] [Times: user=0.00 sys=0.00, real=0.01 secs] 
330.638: Total time for which application threads were stopped: 0.0005980 seconds, Stopping threads took: 0.0000580 seconds
330.754: Application time: 0.1166580 seconds
330.755: [GC [PSYoungGen: 22784K->256K(23040K)] 54477K->31973K(55296K), 0.0004340 secs] [Times: user=0.00 sys=0.00, real=0.00 secs] 
330.755: Total time for which application threads were stopped: 0.0005700 seconds, Stopping threads took: 0.0000610 seconds
330.871: Application time: 0.1163720 seconds
330.872: [GC [PSYoungGen: 22784K->256K(23040K)] 54501K->31997K(55296K), 0.0004690 secs] [Times: user=0.00 sys=0.00, real=0.00 secs] 
330.872: Total time for which application threads were stopped: 0.0006100 seconds, Stopping threads took: 0.0000550 seconds
330.989: Application time: 0.1164920 seconds
330.989: [GC [PSYoungGen: 22784K->256K(23040K)] 54525K->32141K(55296K), 0.0004600 secs] [Times: user=0.00 sys=0.00, real=0.00 secs] 
330.989: Total time for which application threads were stopped: 0.0006010 seconds, Stopping threads took: 0.0000680 seconds
331.104: Application time: 0.1153120 seconds
331.105: [GC [PSYoungGen: 22784K->208K(23040K)] 54669K->32093K(55296K), 0.0005110 secs] [Times: user=0.00 sys=0.00, real=0.01 secs] 
331.106: Total time for which application threads were stopped: 0.0017340 seconds, Stopping threads took: 0.0000710 seconds
331.219: Application time: 0.1131050 seconds
331.219: [GC [PSYoungGen: 22736K->336K(23040K)] 54621K->32325K(55296K), 0.0005560 secs] [Times: user=0.00 sys=0.00, real=0.00 secs] 
331.220: Total time for which application threads were stopped: 0.0007020 seconds, Stopping threads took: 0.0000670 seconds
331.336: Application time: 0.1160810 seconds
331.336: [GC [PSYoungGen: 22864K->256K(23040K)] 54853K->32493K(55296K), 0.0005370 secs] [Times: user=0.00 sys=0.00, real=0.00 secs] 
331.337: [Full GC [PSYoungGen: 256K->0K(23040K)] [ParOldGen: 32237K->3115K(31744K)] 32493K->3115K(54784K) [PSPermGen: 6085K->6085K(21504K)], 0.0061840 secs] [Times: user=0.03 sys=0.00, real=0.01 secs] 
331.343: Total time for which application threads were stopped: 0.0069130 seconds, Stopping threads took: 0.0000650 seconds
331.459: Application time: 0.1163260 seconds
331.459: [GC [PSYoungGen: 22528K->256K(23040K)] 25643K->3371K(54784K), 0.0004250 secs] [Times: user=0.00 sys=0.00, real=0.00 secs] 
331.460: Total time for which application threads were stopped: 0.0005860 seconds, Stopping threads took: 0.0000650 seconds
331.575: Application time: 0.1154910 seconds
331.576: [GC [PSYoungGen: 22784K->256K(23040K)] 25899K->3451K(54784K), 0.0004160 secs] [Times: user=0.00 sys=0.00, real=0.00 secs] 
331.576: Total time for which application threads were stopped: 0.0005580 seconds, Stopping threads took: 0.0000680 seconds
331.692: Application time: 0.1156440 seconds
331.694: [GC [PSYoungGen: 22784K->256K(23040K)] 25979K->3563K(54784K), 0.0004430 secs] [Times: user=0.01 sys=0.00, real=0.00 secs] 
331.694: Total time for which application threads were stopped: 0.0025110 seconds, Stopping threads took: 0.0019970 seconds
331.810: Application time: 0.1158170 seconds
331.814: [GC [PSYoungGen: 22784K->256K(23040K)] 26091K->3587K(54784K), 0.0005090 secs] [Times: user=0.00 sys=0.00, real=0.00 secs] 
331.814: Total time for which application threads were stopped: 0.0042840 seconds, Stopping threads took: 0.0037010 seconds
331.927: Application time: 0.1131440 seconds
331.928: [GC [PSYoungGen: 22784K->384K(23040K)] 26115K->3835K(54784K), 0.0004840 secs] [Times: user=0.00 sys=0.00, real=0.00 secs] 
331.928: Total time for which application threads were stopped: 0.0006480 seconds, Stopping threads took: 0.0000830 seconds
332.043: Application time: 0.1153040 seconds
332.043: [GC [PSYoungGen: 22912K->256K(23040K)] 26363K->3979K(54784K), 0.0004670 secs] [Times: user=0.00 sys=0.00, real=0.00 secs] 
332.044: Total time for which application threads were stopped: 0.0006180 seconds, Stopping threads took: 0.0000610 seconds
332.161: Application time: 0.1168410 seconds
332.161: [GC [PSYoungGen: 22784K->256K(23040K)] 26507K->4067K(54784K), 0.0004290 secs] [Times: user=0.00 sys=0.00, real=0.00 secs] 
332.161: Total time for which application threads were stopped: 0.0005680 seconds, Stopping threads took: 0.0000620 seconds
332.277: Application time: 0.1151590 seconds
332.277: [GC [PSYoungGen: 22784K->256K(23040K)] 26595K->4115K(54784K), 0.0004080 secs] [Times: user=0.00 sys=0.00, real=0.00 secs] 
332.277: Total time for which application threads were stopped: 0.0005400 seconds, Stopping threads took: 0.0000560 seconds
332.393: Application time: 0.1154830 seconds
332.393: [GC [PSYoungGen: 22784K->256K(23040K)] 26643K->4212K(54784K), 0.0004120 secs] [Times: user=0.00 sys=0.00, real=0.00 secs] 
332.393: Total time for which application threads were stopped: 0.0005480 seconds, Stopping threads took: 0.0000620 seconds
332.509: Application time: 0.1162890 seconds
332.510: [GC [PSYoungGen: 22784K->256K(23040K)] 26740K->4260K(54784K), 0.0004440 secs] [Times: user=0.00 sys=0.00, real=0.00 secs] 
332.510: Total time for which application threads were stopped: 0.0005880 seconds, Stopping threads took: 0.0000640 seconds
332.623: Application time: 0.1134730 seconds
332.624: [GC [PSYoungGen: 22784K->320K(23040K)] 26788K->4396K(54784K), 0.0004730 secs] [Times: user=0.00 sys=0.00, real=0.00 secs] 
332.624: Total time for which application threads were stopped: 0.0006190 seconds, Stopping threads took: 0.0000640 seconds
332.739: Application time: 0.1151300 seconds
332.739: [GC [PSYoungGen: 22848K->272K(23040K)] 26924K->4604K(54784K), 0.0005290 secs] [Times: user=0.01 sys=0.00, real=0.00 secs] 
332.740: Total time for which application threads were stopped: 0.0006640 seconds, Stopping threads took: 0.0000620 seconds
332.857: Application time: 0.1166730 seconds
332.857: [GC [PSYoungGen: 22800K->256K(23040K)] 27132K->4724K(54784K), 0.0004250 secs] [Times: user=0.00 sys=0.00, real=0.00 secs] 
332.857: Total time for which application threads were stopped: 0.0005710 seconds, Stopping threads took: 0.0000640 seconds
332.974: Application time: 0.1166110 seconds
332.974: [GC [PSYoungGen: 22784K->256K(23040K)] 27252K->4748K(54784K), 0.0004360 secs] [Times: user=0.00 sys=0.00, real=0.00 secs] 
332.974: Total time for which application threads were stopped: 0.0005670 seconds, Stopping threads took: 0.0000510 seconds
333.090: Application time: 0.1157690 seconds
333.090: [GC [PSYoungGen: 22784K->256K(23040K)] 27276K->4844K(54784K), 0.0004220 secs] [Times: user=0.00 sys=0.00, real=0.00 secs] 
333.091: Total time for which application threads were stopped: 0.0005630 seconds, Stopping threads took: 0.0000630 seconds
333.206: Application time: 0.1153550 seconds
333.206: [GC [PSYoungGen: 22784K->224K(23040K)] 27372K->4884K(54784K), 0.0004470 secs] [Times: user=0.00 sys=0.00, real=0.00 secs] 
333.207: Total time for which application threads were stopped: 0.0005920 seconds, Stopping threads took: 0.0000570 seconds
333.321: Application time: 0.1145890 seconds
333.321: [GC [PSYoungGen: 22752K->288K(23040K)] 27412K->5020K(54784K), 0.0004440 secs] [Times: user=0.00 sys=0.00, real=0.00 secs] 
333.322: Total time for which application threads were stopped: 0.0005950 seconds, Stopping threads took: 0.0000720 seconds
333.437: Application time: 0.1150110 seconds
333.437: [GC [PSYoungGen: 22816K->320K(23040K)] 27548K->5252K(54784K), 0.0004710 secs] [Times: user=0.00 sys=0.00, real=0.00 secs] 
333.437: Total time for which application threads were stopped: 0.0006330 seconds, Stopping threads took: 0.0000810 seconds
333.554: Application time: 0.1167210 seconds
333.554: [GC [PSYoungGen: 22848K->256K(23040K)] 27780K->5356K(54784K), 0.0004210 secs] [Times: user=0.00 sys=0.00, real=0.00 secs] 
333.555: Total time for which application threads were stopped: 0.0005640 seconds, Stopping threads took: 0.0000630 seconds
333.671: Application time: 0.1164640 seconds
333.674: [GC [PSYoungGen: 22784K->192K(23040K)] 27884K->5316K(54784K), 0.0004820 secs] [Times: user=0.00 sys=0.00, real=0.00 secs] 
333.674: Total time for which application threads were stopped: 0.0030420 seconds, Stopping threads took: 0.0024910 seconds
333.790: Application time: 0.1162650 seconds
333.791: [GC [PSYoungGen: 22720K->256K(23040K)] 27844K->5428K(54784K), 0.0004030 secs] [Times: user=0.00 sys=0.00, real=0.00 secs] 
333.791: Total time for which application threads were stopped: 0.0005490 seconds, Stopping threads took: 0.0000640 seconds
333.908: Application time: 0.1168170 seconds
333.908: [GC [PSYoungGen: 22784K->256K(23040K)] 27956K->5549K(54784K), 0.0003920 secs] [Times: user=0.00 sys=0.00, real=0.00 secs] 
333.908: Total time for which application threads were stopped: 0.0005390 seconds, Stopping threads took: 0.0000700 seconds
334.023: Application time: 0.1148810 seconds
334.023: [GC [PSYoungGen: 22784K->224K(23040K)] 28077K->5517K(54784K), 0.0004390 secs] [Times: user=0.00 sys=0.00, real=0.00 secs] 
334.024: Total time for which application threads were stopped: 0.0005870 seconds, Stopping threads took: 0.0000720 seconds
334.138: Application time: 0.1141850 seconds
334.138: [GC [PSYoungGen: 22752K->368K(23040K)] 28045K->5789K(54784K), 0.0004890 secs] [Times: user=0.01 sys=0.00, real=0.00 secs] 
334.139: Total time for which application threads were stopped: 0.0006260 seconds, Stopping threads took: 0.0000560 seconds
334.255: Application time: 0.1160530 seconds
334.255: [GC [PSYoungGen: 22896K->272K(23040K)] 28317K->5949K(54784K), 0.0004840 secs] [Times: user=0.01 sys=0.00, real=0.00 secs] 
334.255: Total time for which application threads were stopped: 0.0006250 seconds, Stopping threads took: 0.0000600 seconds
334.372: Application time: 0.1164020 seconds
334.372: [GC [PSYoungGen: 22800K->256K(23040K)] 28477K->6005K(54784K), 0.0004160 secs] [Times: user=0.00 sys=0.00, real=0.00 secs] 
334.372: Total time for which application threads were stopped: 0.0005700 seconds, Stopping threads took: 0.0000700 seconds
334.488: Application time: 0.1161350 seconds
334.489: [GC [PSYoungGen: 22784K->256K(23040K)] 28533K->6053K(54784K), 0.0004040 secs] [Times: user=0.00 sys=0.00, real=0.00 secs] 
334.489: Total time for which application threads were stopped: 0.0005360 seconds, Stopping threads took: 0.0000590 seconds
334.606: Application time: 0.1167920 seconds
334.606: [GC [PSYoungGen: 22784K->256K(23040K)] 28581K->6173K(54784K), 0.0004070 secs] [Times: user=0.00 sys=0.00, real=0.00 secs] 
334.606: Total time for which application threads were stopped: 0.0005350 seconds, Stopping threads took: 0.0000520 seconds
334.722: Application time: 0.1152930 seconds
334.722: [GC [PSYoungGen: 22784K->192K(23040K)] 28701K->6133K(54784K), 0.0004480 secs] [Times: user=0.00 sys=0.00, real=0.00 secs] 
334.722: Total time for which application threads were stopped: 0.0005850 seconds, Stopping threads took: 0.0000580 seconds
334.837: Application time: 0.1150760 seconds
334.837: [GC [PSYoungGen: 22720K->368K(23040K)] 28661K->6433K(54784K), 0.0004740 secs] [Times: user=0.00 sys=0.00, real=0.01 secs] 
334.838: Total time for which application threads were stopped: 0.0006090 seconds, Stopping threads took: 0.0000560 seconds
334.953: Application time: 0.1155360 seconds
334.954: [GC [PSYoungGen: 22896K->256K(23040K)] 28961K->6577K(54784K), 0.0005310 secs] [Times: user=0.00 sys=0.00, real=0.00 secs] 
334.954: Total time for which application threads were stopped: 0.0006780 seconds, Stopping threads took: 0.0000560 seconds
335.070: Application time: 0.1160520 seconds
335.070: [GC [PSYoungGen: 22784K->256K(23040K)] 29105K->6649K(54784K), 0.0004070 secs] [Times: user=0.00 sys=0.00, real=0.00 secs] 
335.071: Total time for which application threads were stopped: 0.0005450 seconds, Stopping threads took: 0.0000600 seconds
335.187: Application time: 0.1166120 seconds
335.187: [GC [PSYoungGen: 22784K->256K(23040K)] 29177K->6697K(54784K), 0.0004050 secs] [Times: user=0.00 sys=0.00, real=0.00 secs] 
335.188: Total time for which application threads were stopped: 0.0005440 seconds, Stopping threads took: 0.0000620 seconds
335.304: Application time: 0.1164680 seconds
335.304: [GC [PSYoungGen: 22784K->256K(23040K)] 29225K->6794K(54784K), 0.0004190 secs] [Times: user=0.00 sys=0.00, real=0.00 secs] 
335.305: Total time for which application threads were stopped: 0.0005710 seconds, Stopping threads took: 0.0000760 seconds
335.420: Application time: 0.1155570 seconds
335.421: [GC [PSYoungGen: 22784K->256K(23040K)] 29322K->6842K(54784K), 0.0005090 secs] [Times: user=0.00 sys=0.00, real=0.00 secs] 
335.421: Total time for which application threads were stopped: 0.0006670 seconds, Stopping threads took: 0.0000770 seconds
335.535: Application time: 0.1142040 seconds
335.538: [GC [PSYoungGen: 22784K->368K(23040K)] 29370K->7018K(54784K), 0.0004550 secs] [Times: user=0.01 sys=0.00, real=0.00 secs] 
335.538: Total time for which application threads were stopped: 0.0027920 seconds, Stopping threads took: 0.0022510 seconds
335.653: Application time: 0.1149140 seconds
335.653: [GC [PSYoungGen: 22896K->256K(23040K)] 29546K->7150K(54784K), 0.0005300 secs] [Times: user=0.00 sys=0.00, real=0.00 secs] 
335.654: Total time for which application threads were stopped: 0.0006610 seconds, Stopping threads took: 0.0000580 seconds
335.770: Application time: 0.1163190 seconds
335.770: [GC [PSYoungGen: 22784K->224K(23040K)] 29678K->7238K(54784K), 0.0004350 secs] [Times: user=0.01 sys=0.00, real=0.00 secs] 
335.771: Total time for which application threads were stopped: 0.0005820 seconds, Stopping threads took: 0.0000680 seconds
335.887: Application time: 0.1165890 seconds
335.887: [GC [PSYoungGen: 22752K->256K(23040K)] 29766K->7294K(54784K), 0.0004530 secs] [Times: user=0.00 sys=0.00, real=0.00 secs] 
335.888: Total time for which application threads were stopped: 0.0006070 seconds, Stopping threads took: 0.0000720 seconds
336.004: Application time: 0.1161160 seconds
336.004: [GC [PSYoungGen: 22784K->256K(23040K)] 29822K->7390K(54784K), 0.0004350 secs] [Times: user=0.00 sys=0.00, real=0.00 secs] 
336.005: Total time for which application threads were stopped: 0.0005850 seconds, Stopping threads took: 0.0000680 seconds
336.120: Application time: 0.1155460 seconds
336.120: [GC [PSYoungGen: 22784K->272K(23040K)] 29918K->7478K(54784K), 0.0004330 secs] [Times: user=0.00 sys=0.00, real=0.00 secs] 
336.122: Total time for which application threads were stopped: 0.0016710 seconds, Stopping threads took: 0.0000540 seconds
336.236: Application time: 0.1147450 seconds
336.237: [GC [PSYoungGen: 22800K->368K(23040K)] 30006K->7630K(54784K), 0.0004290 secs] [Times: user=0.01 sys=0.00, real=0.00 secs] 
336.237: Total time for which application threads were stopped: 0.0005930 seconds, Stopping threads took: 0.0000790 seconds
336.352: Application time: 0.1147820 seconds
336.352: [GC [PSYoungGen: 22896K->304K(23040K)] 30158K->7782K(54784K), 0.0005180 secs] [Times: user=0.00 sys=0.00, real=0.00 secs] 
336.353: Total time for which application threads were stopped: 0.0006600 seconds, Stopping threads took: 0.0000610 seconds
336.469: Application time: 0.1162430 seconds
336.469: [GC [PSYoungGen: 22832K->256K(23040K)] 30310K->7910K(54784K), 0.0004440 secs] [Times: user=0.00 sys=0.00, real=0.00 secs] 
336.469: Total time for which application threads were stopped: 0.0005820 seconds, Stopping threads took: 0.0000620 seconds
336.586: Application time: 0.1165270 seconds
336.586: [GC [PSYoungGen: 22784K->256K(23040K)] 30438K->7934K(54784K), 0.0003920 secs] [Times: user=0.00 sys=0.00, real=0.00 secs] 
336.586: Total time for which application threads were stopped: 0.0005250 seconds, Stopping threads took: 0.0000590 seconds
336.702: Application time: 0.1160090 seconds
336.703: [GC [PSYoungGen: 22784K->256K(23040K)] 30462K->7959K(54784K), 0.0003960 secs] [Times: user=0.00 sys=0.00, real=0.00 secs] 
336.703: Total time for which application threads were stopped: 0.0005560 seconds, Stopping threads took: 0.0000680 seconds
336.819: Application time: 0.1161800 seconds
336.819: [GC [PSYoungGen: 22784K->224K(23040K)] 30487K->8063K(54784K), 0.0004570 secs] [Times: user=0.00 sys=0.00, real=0.00 secs] 
336.820: Total time for which application threads were stopped: 0.0006000 seconds, Stopping threads took: 0.0000670 seconds
336.935: Application time: 0.1151170 seconds
336.935: [GC [PSYoungGen: 22752K->240K(23040K)] 30591K->8159K(54784K), 0.0004630 secs] [Times: user=0.00 sys=0.00, real=0.00 secs] 
336.936: Total time for which application threads were stopped: 0.0006070 seconds, Stopping threads took: 0.0000710 seconds
337.049: Application time: 0.1137200 seconds
337.049: [GC [PSYoungGen: 22768K->384K(23040K)] 30687K->8359K(54784K), 0.0004830 secs] [Times: user=0.00 sys=0.00, real=0.00 secs] 
337.050: Total time for which application threads were stopped: 0.0006120 seconds, Stopping threads took: 0.0000550 seconds
337.166: Application time: 0.1160520 seconds
337.166: [GC [PSYoungGen: 22912K->256K(23040K)] 30887K->8527K(54784K), 0.0004790 secs] [Times: user=0.00 sys=0.00, real=0.00 secs] 
337.167: Total time for which application threads were stopped: 0.0006180 seconds, Stopping threads took: 0.0000640 seconds
337.283: Application time: 0.1162550 seconds
337.283: [GC [PSYoungGen: 22784K->256K(23040K)] 31055K->8527K(54784K), 0.0004200 secs] [Times: user=0.00 sys=0.00, real=0.00 secs] 
337.283: Total time for which application threads were stopped: 0.0005590 seconds, Stopping threads took: 0.0000530 seconds
337.399: Application time: 0.1158870 seconds
337.399: [GC [PSYoungGen: 22784K->256K(23040K)] 31055K->8575K(54784K), 0.0004220 secs] [Times: user=0.00 sys=0.00, real=0.00 secs] 
337.400: Total time for which application threads were stopped: 0.0005510 seconds, Stopping threads took: 0.0000520 seconds
337.516: Application time: 0.1164000 seconds
337.516: [GC [PSYoungGen: 22784K->256K(23040K)] 31103K->8695K(54784K), 0.0004470 secs] [Times: user=0.00 sys=0.00, real=0.00 secs] 
337.517: Total time for which application threads were stopped: 0.0005810 seconds, Stopping threads took: 0.0000560 seconds
337.632: Application time: 0.1152120 seconds
337.632: [GC [PSYoungGen: 22784K->272K(23040K)] 31223K->8735K(54784K), 0.0004250 secs] [Times: user=0.00 sys=0.00, real=0.00 secs] 
337.633: Total time for which application threads were stopped: 0.0005600 seconds, Stopping threads took: 0.0000570 seconds
337.746: Application time: 0.1136550 seconds
337.746: [GC [PSYoungGen: 22800K->368K(23040K)] 31263K->8951K(54784K), 0.0004660 secs] [Times: user=0.01 sys=0.00, real=0.00 secs] 
337.747: Total time for which application threads were stopped: 0.0006070 seconds, Stopping threads took: 0.0000660 seconds
337.869: Application time: 0.1217250 seconds
337.869: [GC [PSYoungGen: 22896K->256K(23040K)] 31479K->9107K(54784K), 0.0005520 secs] [Times: user=0.00 sys=0.00, real=0.00 secs] 
337.869: Total time for which application threads were stopped: 0.0007480 seconds, Stopping threads took: 0.0001050 seconds
337.986: Application time: 0.1163290 seconds
337.986: [GC [PSYoungGen: 22784K->256K(23040K)] 31635K->9171K(54784K), 0.0004100 secs] [Times: user=0.00 sys=0.00, real=0.00 secs] 
337.986: Total time for which application threads were stopped: 0.0005610 seconds, Stopping threads took: 0.0000720 seconds
338.102: Application time: 0.1156250 seconds
338.102: [GC [PSYoungGen: 22784K->256K(23040K)] 31699K->9220K(54784K), 0.0004280 secs] [Times: user=0.00 sys=0.00, real=0.00 secs] 
338.102: Total time for which application threads were stopped: 0.0005810 seconds, Stopping threads took: 0.0000740 seconds
338.219: Application time: 0.1163580 seconds
338.219: [GC [PSYoungGen: 22784K->256K(23040K)] 31748K->9340K(54784K), 0.0004540 secs] [Times: user=0.00 sys=0.00, real=0.00 secs] 
338.219: Total time for which application threads were stopped: 0.0005960 seconds, Stopping threads took: 0.0000640 seconds
338.336: Application time: 0.1165000 seconds
338.336: [GC [PSYoungGen: 22784K->208K(23040K)] 31868K->9316K(54784K), 0.0004420 secs] [Times: user=0.00 sys=0.00, real=0.00 secs] 
338.336: Total time for which application threads were stopped: 0.0005770 seconds, Stopping threads took: 0.0000540 seconds
338.451: Application time: 0.1142150 seconds
338.451: [GC [PSYoungGen: 22736K->352K(23040K)] 31844K->9524K(54784K), 0.0004900 secs] [Times: user=0.00 sys=0.00, real=0.00 secs] 
338.451: Total time for which application threads were stopped: 0.0006300 seconds, Stopping threads took: 0.0000530 seconds
338.567: Application time: 0.1157250 seconds
338.570: [GC [PSYoungGen: 22880K->272K(23040K)] 32052K->9704K(54784K), 0.0005730 secs] [Times: user=0.00 sys=0.00, real=0.00 secs] 
338.570: Total time for which application threads were stopped: 0.0032870 seconds, Stopping threads took: 0.0026370 seconds
338.687: Application time: 0.1164760 seconds
338.687: [GC [PSYoungGen: 22800K->256K(23040K)] 32232K->9812K(54784K), 0.0004320 secs] [Times: user=0.00 sys=0.00, real=0.00 secs] 
338.687: Total time for which application threads were stopped: 0.0005680 seconds, Stopping threads took: 0.0000610 seconds
338.811: Application time: 0.1231950 seconds
338.811: [GC [PSYoungGen: 22784K->224K(23040K)] 32340K->9804K(54784K), 0.0004540 secs] [Times: user=0.00 sys=0.00, real=0.00 secs] 
338.811: Total time for which application threads were stopped: 0.0005940 seconds, Stopping threads took: 0.0000660 seconds
338.927: Application time: 0.1163870 seconds
338.928: [GC [PSYoungGen: 22752K->256K(23040K)] 32332K->9956K(54784K), 0.0004470 secs] [Times: user=0.00 sys=0.00, real=0.00 secs] 
338.928: Total time for which application threads were stopped: 0.0005830 seconds, Stopping threads took: 0.0000540 seconds
339.044: Application time: 0.1160890 seconds
339.044: [GC [PSYoungGen: 22784K->224K(23040K)] 32484K->9972K(54784K), 0.0004190 secs] [Times: user=0.00 sys=0.00, real=0.00 secs] 
339.045: Total time for which application threads were stopped: 0.0005790 seconds, Stopping threads took: 0.0000760 seconds
339.159: Application time: 0.1142500 seconds
339.159: [GC [PSYoungGen: 22752K->368K(23040K)] 32500K->10116K(54784K), 0.0004620 secs] [Times: user=0.00 sys=0.00, real=0.00 secs] 
339.160: Total time for which application threads were stopped: 0.0005920 seconds, Stopping threads took: 0.0000570 seconds
339.275: Application time: 0.1152330 seconds
339.275: [GC [PSYoungGen: 22896K->272K(23040K)] 32644K->10280K(54784K), 0.0005130 secs] [Times: user=0.00 sys=0.00, real=0.00 secs] 
339.275: Total time for which application threads were stopped: 0.0006540 seconds, Stopping threads took: 0.0000650 seconds
339.391: Application time: 0.1159920 seconds
339.392: [GC [PSYoungGen: 22800K->256K(23040K)] 32808K->10425K(54784K), 0.0004160 secs] [Times: user=0.00 sys=0.00, real=0.00 secs] 
339.392: Total time for which application threads were stopped: 0.0005600 seconds, Stopping threads took: 0.0000650 seconds
339.508: Application time: 0.1162330 seconds
339.508: [GC [PSYoungGen: 22784K->256K(23040K)] 32953K->10425K(54784K), 0.0004260 secs] [Times: user=0.00 sys=0.00, real=0.00 secs] 
339.509: Total time for which application threads were stopped: 0.0005570 seconds, Stopping threads took: 0.0000580 seconds
339.624: Application time: 0.1156410 seconds
339.625: [GC [PSYoungGen: 22784K->256K(23040K)] 32953K->10497K(54784K), 0.0004690 secs] [Times: user=0.00 sys=0.00, real=0.00 secs] 
339.625: Total time for which application threads were stopped: 0.0006230 seconds, Stopping threads took: 0.0000650 seconds
339.742: Application time: 0.1168550 seconds
339.742: [GC [PSYoungGen: 22784K->256K(23040K)] 33025K->10617K(54784K), 0.0004170 secs] [Times: user=0.00 sys=0.00, real=0.00 secs] 
339.743: Total time for which application threads were stopped: 0.0005770 seconds, Stopping threads took: 0.0000790 seconds
339.857: Application time: 0.1147280 seconds
339.857: [GC [PSYoungGen: 22784K->272K(23040K)] 33145K->10633K(54784K), 0.0004280 secs] [Times: user=0.00 sys=0.00, real=0.01 secs] 
339.858: Total time for which application threads were stopped: 0.0005610 seconds, Stopping threads took: 0.0000580 seconds
339.971: Application time: 0.1134730 seconds
339.971: [GC [PSYoungGen: 22800K->416K(23040K)] 33161K->10897K(54784K), 0.0005010 secs] [Times: user=0.00 sys=0.00, real=0.00 secs] 
339.972: Total time for which application threads were stopped: 0.0006450 seconds, Stopping threads took: 0.0000620 seconds
340.089: Application time: 0.1166430 seconds
340.089: [GC [PSYoungGen: 22944K->256K(23040K)] 33425K->11045K(54784K), 0.0004770 secs] [Times: user=0.00 sys=0.00, real=0.00 secs] 
340.089: Total time for which application threads were stopped: 0.0006010 seconds, Stopping threads took: 0.0000510 seconds
340.206: Application time: 0.1168560 seconds
340.206: [GC [PSYoungGen: 22784K->256K(23040K)] 33573K->11045K(54784K), 0.0004080 secs] [Times: user=0.00 sys=0.00, real=0.00 secs] 
340.207: Total time for which application threads were stopped: 0.0005550 seconds, Stopping threads took: 0.0000580 seconds
340.322: Application time: 0.1154770 seconds
340.322: [GC [PSYoungGen: 22784K->256K(23040K)] 33573K->11093K(54784K), 0.0004660 secs] [Times: user=0.00 sys=0.00, real=0.00 secs] 
340.323: Total time for which application threads were stopped: 0.0006170 seconds, Stopping threads took: 0.0000720 seconds
340.439: Application time: 0.1166520 seconds
340.439: [GC [PSYoungGen: 22784K->224K(23040K)] 33621K->11189K(54784K), 0.0004350 secs] [Times: user=0.00 sys=0.00, real=0.00 secs] 
340.440: Total time for which application threads were stopped: 0.0005690 seconds, Stopping threads took: 0.0000610 seconds
340.555: Application time: 0.1152320 seconds
340.555: [GC [PSYoungGen: 22752K->256K(23040K)] 33717K->11221K(54784K), 0.0004480 secs] [Times: user=0.00 sys=0.00, real=0.00 secs] 
340.556: Total time for which application threads were stopped: 0.0005930 seconds, Stopping threads took: 0.0000670 seconds
340.670: Application time: 0.1140920 seconds
340.670: [GC [PSYoungGen: 22784K->368K(23040K)] 33749K->11469K(54784K), 0.0004790 secs] [Times: user=0.01 sys=0.00, real=0.00 secs] 
340.670: Total time for which application threads were stopped: 0.0006390 seconds, Stopping threads took: 0.0000770 seconds
340.787: Application time: 0.1161660 seconds
340.787: [GC [PSYoungGen: 22896K->288K(23040K)] 33997K->11642K(54784K), 0.0004570 secs] [Times: user=0.00 sys=0.00, real=0.00 secs] 
340.787: Total time for which application threads were stopped: 0.0005890 seconds, Stopping threads took: 0.0000500 seconds
340.903: Application time: 0.1160140 seconds
340.903: [GC [PSYoungGen: 22816K->224K(23040K)] 34170K->11642K(54784K), 0.0004730 secs] [Times: user=0.00 sys=0.00, real=0.00 secs] 
340.904: Total time for which application threads were stopped: 0.0006130 seconds, Stopping threads took: 0.0000580 seconds
341.020: Application time: 0.1164700 seconds
341.020: [GC [PSYoungGen: 22752K->256K(23040K)] 34170K->11722K(54784K), 0.0004680 secs] [Times: user=0.00 sys=0.00, real=0.00 secs] 
341.021: Total time for which application threads were stopped: 0.0006000 seconds, Stopping threads took: 0.0000540 seconds
341.138: Application time: 0.1169620 seconds
341.138: [GC [PSYoungGen: 22784K->256K(23040K)] 34250K->11842K(54784K), 0.0004290 secs] [Times: user=0.00 sys=0.00, real=0.00 secs] 
341.138: Total time for which application threads were stopped: 0.0005550 seconds, Stopping threads took: 0.0000500 seconds
341.254: Application time: 0.1154960 seconds
341.254: [GC [PSYoungGen: 22784K->256K(23040K)] 34370K->11866K(54784K), 0.0004430 secs] [Times: user=0.00 sys=0.00, real=0.00 secs] 
341.255: Total time for which application threads were stopped: 0.0005900 seconds, Stopping threads took: 0.0000710 seconds
341.369: Application time: 0.1142980 seconds
341.369: [GC [PSYoungGen: 22784K->352K(23040K)] 34394K->12066K(54784K), 0.0004720 secs] [Times: user=0.00 sys=0.00, real=0.00 secs] 
341.369: Total time for which application threads were stopped: 0.0006130 seconds, Stopping threads took: 0.0000560 seconds
341.485: Application time: 0.1156740 seconds
341.485: [GC [PSYoungGen: 22880K->288K(23040K)] 34594K->12226K(54784K), 0.0005160 secs] [Times: user=0.00 sys=0.00, real=0.01 secs] 
341.486: Total time for which application threads were stopped: 0.0006490 seconds, Stopping threads took: 0.0000520 seconds
341.602: Application time: 0.1158190 seconds
341.602: [GC [PSYoungGen: 22816K->224K(23040K)] 34754K->12290K(54784K), 0.0004590 secs] [Times: user=0.00 sys=0.00, real=0.00 secs] 
341.602: Total time for which application threads were stopped: 0.0005980 seconds, Stopping threads took: 0.0000640 seconds
341.719: Application time: 0.1168560 seconds
341.719: [GC [PSYoungGen: 22752K->256K(23040K)] 34818K->12346K(54784K), 0.0004240 secs] [Times: user=0.01 sys=0.00, real=0.00 secs] 
341.720: Total time for which application threads were stopped: 0.0005700 seconds, Stopping threads took: 0.0000680 seconds
341.837: Application time: 0.1169310 seconds
341.837: [GC [PSYoungGen: 22784K->256K(23040K)] 34874K->12466K(54784K), 0.0004520 secs] [Times: user=0.00 sys=0.00, real=0.00 secs] 
341.837: Total time for which application threads were stopped: 0.0006040 seconds, Stopping threads took: 0.0000720 seconds
341.954: Application time: 0.1166360 seconds
341.954: [GC [PSYoungGen: 22784K->256K(23040K)] 34994K->12514K(54784K), 0.0003850 secs] [Times: user=0.00 sys=0.00, real=0.00 secs] 
341.954: Total time for which application threads were stopped: 0.0005300 seconds, Stopping threads took: 0.0000620 seconds
342.068: Application time: 0.1141290 seconds
342.070: [GC [PSYoungGen: 22784K->336K(23040K)] 35042K->12594K(54784K), 0.0004620 secs] [Times: user=0.00 sys=0.00, real=0.00 secs] 
342.070: Total time for which application threads were stopped: 0.0016670 seconds, Stopping threads took: 0.0011300 seconds
342.185: Application time: 0.1149240 seconds
342.185: [GC [PSYoungGen: 22864K->304K(23040K)] 35122K->12794K(54784K), 0.0005170 secs] [Times: user=0.00 sys=0.00, real=0.01 secs] 
342.186: Total time for which application threads were stopped: 0.0006560 seconds, Stopping threads took: 0.0000600 seconds
342.303: Application time: 0.1167630 seconds
342.303: [GC [PSYoungGen: 22832K->256K(23040K)] 35322K->12931K(54784K), 0.0004520 secs] [Times: user=0.01 sys=0.00, real=0.00 secs] 
342.303: Total time for which application threads were stopped: 0.0005830 seconds, Stopping threads took: 0.0000530 seconds
342.419: Application time: 0.1163330 seconds
342.420: [GC [PSYoungGen: 22784K->256K(23040K)] 35459K->12931K(54784K), 0.0004010 secs] [Times: user=0.00 sys=0.00, real=0.00 secs] 
342.420: Total time for which application threads were stopped: 0.0005480 seconds, Stopping threads took: 0.0000660 seconds
342.536: Application time: 0.1156330 seconds
342.536: [GC [PSYoungGen: 22784K->256K(23040K)] 35459K->13003K(54784K), 0.0004390 secs] [Times: user=0.00 sys=0.00, real=0.00 secs] 
342.536: Total time for which application threads were stopped: 0.0005940 seconds, Stopping threads took: 0.0000680 seconds
342.653: Application time: 0.1168510 seconds
342.653: [GC [PSYoungGen: 22784K->256K(23040K)] 35531K->13123K(54784K), 0.0004480 secs] [Times: user=0.00 sys=0.00, real=0.00 secs] 
342.654: Total time for which application threads were stopped: 0.0005860 seconds, Stopping threads took: 0.0000600 seconds
342.768: Application time: 0.1145640 seconds
342.768: [GC [PSYoungGen: 22784K->272K(23040K)] 35651K->13139K(54784K), 0.0004210 secs] [Times: user=0.00 sys=0.00, real=0.00 secs] 
342.769: Total time for which application threads were stopped: 0.0005510 seconds, Stopping threads took: 0.0000560 seconds
342.883: Application time: 0.1145870 seconds
342.883: [GC [PSYoungGen: 22800K->384K(23040K)] 35667K->13387K(54784K), 0.0005040 secs] [Times: user=0.00 sys=0.00, real=0.00 secs] 
342.884: Total time for which application threads were stopped: 0.0006450 seconds, Stopping threads took: 0.0000660 seconds
343.000: Application time: 0.1161060 seconds
343.000: [GC [PSYoungGen: 22912K->256K(23040K)] 35915K->13531K(54784K), 0.0004820 secs] [Times: user=0.01 sys=0.00, real=0.00 secs] 
343.001: Total time for which application threads were stopped: 0.0006300 seconds, Stopping threads took: 0.0000680 seconds
343.117: Application time: 0.1158560 seconds
343.117: [GC [PSYoungGen: 22784K->256K(23040K)] 36059K->13531K(54784K), 0.0003870 secs] [Times: user=0.00 sys=0.00, real=0.00 secs] 
343.117: Total time for which application threads were stopped: 0.0005410 seconds, Stopping threads took: 0.0000710 seconds
343.233: Application time: 0.1156730 seconds
343.233: [GC [PSYoungGen: 22784K->256K(23040K)] 36059K->13579K(54784K), 0.0005050 secs] [Times: user=0.00 sys=0.00, real=0.00 secs] 
343.233: Total time for which application threads were stopped: 0.0006430 seconds, Stopping threads took: 0.0000570 seconds
343.350: Application time: 0.1161020 seconds
343.350: [GC [PSYoungGen: 22784K->256K(23040K)] 36107K->13723K(54784K), 0.0004690 secs] [Times: user=0.00 sys=0.00, real=0.00 secs] 
343.350: Total time for which application threads were stopped: 0.0006130 seconds, Stopping threads took: 0.0000670 seconds
343.466: Application time: 0.1154080 seconds
343.466: [GC [PSYoungGen: 22784K->256K(23040K)] 36251K->13723K(54784K), 0.0004060 secs] [Times: user=0.00 sys=0.00, real=0.00 secs] 
343.466: Total time for which application threads were stopped: 0.0005420 seconds, Stopping threads took: 0.0000610 seconds
343.580: Application time: 0.1134910 seconds
343.580: [GC [PSYoungGen: 22784K->384K(23040K)] 36251K->13955K(54784K), 0.0005290 secs] [Times: user=0.01 sys=0.00, real=0.00 secs] 
343.580: Total time for which application threads were stopped: 0.0006720 seconds, Stopping threads took: 0.0000660 seconds
343.697: Application time: 0.1162520 seconds
343.697: [GC [PSYoungGen: 22912K->256K(23040K)] 36483K->14136K(54784K), 0.0004850 secs] [Times: user=0.00 sys=0.00, real=0.00 secs] 
343.697: Total time for which application threads were stopped: 0.0006460 seconds, Stopping threads took: 0.0000680 seconds
343.814: Application time: 0.1166890 seconds
343.814: [GC [PSYoungGen: 22784K->256K(23040K)] 36664K->14136K(54784K), 0.0004320 secs] [Times: user=0.00 sys=0.00, real=0.00 secs] 
343.816: Total time for which application threads were stopped: 0.0017550 seconds, Stopping threads took: 0.0000560 seconds
343.931: Application time: 0.1153560 seconds
343.931: [GC [PSYoungGen: 22784K->256K(23040K)] 36664K->14184K(54784K), 0.0004300 secs] [Times: user=0.00 sys=0.00, real=0.00 secs] 
343.932: Total time for which application threads were stopped: 0.0005700 seconds, Stopping threads took: 0.0000670 seconds
344.048: Application time: 0.1166540 seconds
344.048: [GC [PSYoungGen: 22784K->256K(23040K)] 36712K->14304K(54784K), 0.0004700 secs] [Times: user=0.00 sys=0.00, real=0.00 secs] 
344.049: Total time for which application threads were stopped: 0.0006310 seconds, Stopping threads took: 0.0000850 seconds
344.164: Application time: 0.1154690 seconds
344.164: [GC [PSYoungGen: 22784K->256K(23040K)] 36832K->14328K(54784K), 0.0004270 secs] [Times: user=0.00 sys=0.00, real=0.00 secs] 
344.165: Total time for which application threads were stopped: 0.0005980 seconds, Stopping threads took: 0.0000830 seconds
344.279: Application time: 0.1139270 seconds
344.279: [GC [PSYoungGen: 22784K->368K(23040K)] 36856K->14560K(54784K), 0.0004920 secs] [Times: user=0.00 sys=0.00, real=0.00 secs] 
344.280: Total time for which application threads were stopped: 0.0006410 seconds, Stopping threads took: 0.0000660 seconds
344.395: Application time: 0.1154540 seconds
344.395: [GC [PSYoungGen: 22896K->272K(23040K)] 37088K->14732K(54784K), 0.0004840 secs] [Times: user=0.00 sys=0.00, real=0.00 secs] 
344.396: Total time for which application threads were stopped: 0.0006170 seconds, Stopping threads took: 0.0000580 seconds
344.512: Application time: 0.1168580 seconds
344.513: [GC [PSYoungGen: 22800K->256K(23040K)] 37260K->14796K(54784K), 0.0004040 secs] [Times: user=0.00 sys=0.00, real=0.00 secs] 
344.513: Total time for which application threads were stopped: 0.0005320 seconds, Stopping threads took: 0.0000520 seconds
344.628: Application time: 0.1154010 seconds
344.628: [GC [PSYoungGen: 22784K->256K(23040K)] 37324K->14820K(54784K), 0.0004410 secs] [Times: user=0.00 sys=0.00, real=0.00 secs] 
344.629: Total time for which application threads were stopped: 0.0005780 seconds, Stopping threads took: 0.0000590 seconds
344.746: Application time: 0.1170130 seconds
344.746: [GC [PSYoungGen: 22784K->256K(23040K)] 37348K->14940K(54784K), 0.0004190 secs] [Times: user=0.00 sys=0.00, real=0.00 secs] 
344.747: Total time for which application threads were stopped: 0.0005630 seconds, Stopping threads took: 0.0000710 seconds
344.864: Application time: 0.1174770 seconds
344.864: [GC [PSYoungGen: 22784K->256K(23040K)] 37468K->14988K(54784K), 0.0004390 secs] [Times: user=0.00 sys=0.00, real=0.00 secs] 
344.865: Total time for which application threads were stopped: 0.0006030 seconds, Stopping threads took: 0.0000700 seconds
344.979: Application time: 0.1140000 seconds
344.979: [GC [PSYoungGen: 22784K->320K(23040K)] 37516K->15052K(54784K), 0.0005030 secs] [Times: user=0.00 sys=0.00, real=0.00 secs] 
344.979: Total time for which application threads were stopped: 0.0006470 seconds, Stopping threads took: 0.0000690 seconds
345.093: Application time: 0.1136230 seconds
345.093: [GC [PSYoungGen: 22848K->352K(23040K)] 37580K->15300K(54784K), 0.0005340 secs] [Times: user=0.00 sys=0.00, real=0.00 secs] 
345.094: Total time for which application threads were stopped: 0.0006820 seconds, Stopping threads took: 0.0000610 seconds
345.210: Application time: 0.1165540 seconds
345.210: [GC [PSYoungGen: 22880K->256K(23040K)] 37828K->15417K(54784K), 0.0004820 secs] [Times: user=0.00 sys=0.00, real=0.00 secs] 
345.211: Total time for which application threads were stopped: 0.0006510 seconds, Stopping threads took: 0.0000840 seconds
345.327: Application time: 0.1161100 seconds
345.327: [GC [PSYoungGen: 22784K->256K(23040K)] 37945K->15417K(54784K), 0.0004140 secs] [Times: user=0.00 sys=0.00, real=0.00 secs] 
345.327: Total time for which application threads were stopped: 0.0005550 seconds, Stopping threads took: 0.0000650 seconds
345.443: Application time: 0.1157210 seconds
345.443: [GC [PSYoungGen: 22784K->256K(23040K)] 37945K->15489K(54784K), 0.0004480 secs] [Times: user=0.00 sys=0.00, real=0.00 secs] 
345.444: Total time for which application threads were stopped: 0.0006030 seconds, Stopping threads took: 0.0000640 seconds
345.560: Application time: 0.1166430 seconds
345.561: [GC [PSYoungGen: 22784K->256K(23040K)] 38017K->15609K(54784K), 0.0004220 secs] [Times: user=0.00 sys=0.00, real=0.00 secs] 
345.561: Total time for which application threads were stopped: 0.0005500 seconds, Stopping threads took: 0.0000510 seconds
345.676: Application time: 0.1150260 seconds
345.676: [GC [PSYoungGen: 22784K->288K(23040K)] 38137K->15641K(54784K), 0.0004260 secs] [Times: user=0.00 sys=0.00, real=0.00 secs] 
345.677: Total time for which application threads were stopped: 0.0005590 seconds, Stopping threads took: 0.0000570 seconds
345.790: Application time: 0.1137820 seconds
345.790: [GC [PSYoungGen: 22816K->432K(23040K)] 38169K->15897K(54784K), 0.0005700 secs] [Times: user=0.01 sys=0.00, real=0.00 secs] 
345.791: Total time for which application threads were stopped: 0.0007070 seconds, Stopping threads took: 0.0000620 seconds
345.907: Application time: 0.1164170 seconds
345.908: [GC [PSYoungGen: 22960K->256K(23040K)] 38425K->16021K(54784K), 0.0004970 secs] [Times: user=0.00 sys=0.00, real=0.00 secs] 
345.908: Total time for which application threads were stopped: 0.0006460 seconds, Stopping threads took: 0.0000660 seconds
346.024: Application time: 0.1162440 seconds
346.025: [GC [PSYoungGen: 22784K->224K(23040K)] 38549K->15989K(54784K), 0.0004250 secs] [Times: user=0.00 sys=0.00, real=0.00 secs] 
346.025: Total time for which application threads were stopped: 0.0005840 seconds, Stopping threads took: 0.0000700 seconds
346.141: Application time: 0.1155550 seconds
346.141: [GC [PSYoungGen: 22752K->256K(23040K)] 38517K->16069K(54784K), 0.0004820 secs] [Times: user=0.00 sys=0.00, real=0.00 secs] 
346.141: Total time for which application threads were stopped: 0.0006430 seconds, Stopping threads took: 0.0000800 seconds
346.258: Application time: 0.1166250 seconds
346.258: [GC [PSYoungGen: 22784K->256K(23040K)] 38597K->16213K(54784K), 0.0004190 secs] [Times: user=0.00 sys=0.00, real=0.00 secs] 
346.258: Total time for which application threads were stopped: 0.0005690 seconds, Stopping threads took: 0.0000710 seconds
346.373: Application time: 0.1151140 seconds
346.374: [GC [PSYoungGen: 22784K->256K(23040K)] 38741K->16213K(54784K), 0.0004380 secs] [Times: user=0.00 sys=0.00, real=0.00 secs] 
346.374: Total time for which application threads were stopped: 0.0005810 seconds, Stopping threads took: 0.0000610 seconds
346.487: Application time: 0.1133120 seconds
346.487: [GC [PSYoungGen: 22784K->400K(23040K)] 38741K->16477K(54784K), 0.0004930 secs] [Times: user=0.00 sys=0.00, real=0.00 secs] 
346.488: Total time for which application threads were stopped: 0.0006290 seconds, Stopping threads took: 0.0000630 seconds
346.605: Application time: 0.1166330 seconds
346.605: [GC [PSYoungGen: 22928K->256K(23040K)] 39005K->16646K(54784K), 0.0005300 secs] [Times: user=0.00 sys=0.00, real=0.00 secs] 
346.605: Total time for which application threads were stopped: 0.0006800 seconds, Stopping threads took: 0.0000630 seconds
346.722: Application time: 0.1166710 seconds
346.722: [GC [PSYoungGen: 22784K->256K(23040K)] 39174K->16646K(54784K), 0.0004060 secs] [Times: user=0.00 sys=0.00, real=0.00 secs] 
346.723: Total time for which application threads were stopped: 0.0005480 seconds, Stopping threads took: 0.0000660 seconds
346.839: Application time: 0.1161730 seconds
346.839: [GC [PSYoungGen: 22784K->256K(23040K)] 39174K->16694K(54784K), 0.0004560 secs] [Times: user=0.00 sys=0.00, real=0.00 secs] 
346.839: Total time for which application threads were stopped: 0.0006070 seconds, Stopping threads took: 0.0000690 seconds
346.956: Application time: 0.1166450 seconds
346.956: [GC [PSYoungGen: 22784K->192K(23040K)] 39222K->16766K(54784K), 0.0005080 secs] [Times: user=0.00 sys=0.00, real=0.00 secs] 
346.957: Total time for which application threads were stopped: 0.0006570 seconds, Stopping threads took: 0.0000710 seconds
347.071: Application time: 0.1147400 seconds
347.071: [GC [PSYoungGen: 22720K->256K(23040K)] 39294K->16830K(54784K), 0.0004200 secs] [Times: user=0.00 sys=0.00, real=0.00 secs] 
347.072: Total time for which application threads were stopped: 0.0005510 seconds, Stopping threads took: 0.0000590 seconds
347.186: Application time: 0.1139790 seconds
347.186: [GC [PSYoungGen: 22784K->368K(23040K)] 39358K->17062K(54784K), 0.0005230 secs] [Times: user=0.00 sys=0.00, real=0.00 secs] 
347.187: Total time for which application threads were stopped: 0.0006670 seconds, Stopping threads took: 0.0000600 seconds
347.303: Application time: 0.1162030 seconds
347.303: [GC [PSYoungGen: 22896K->272K(23040K)] 39590K->17214K(54784K), 0.0005190 secs] [Times: user=0.00 sys=0.00, real=0.00 secs] 
347.303: Total time for which application threads were stopped: 0.0006630 seconds, Stopping threads took: 0.0000530 seconds
347.419: Application time: 0.1158700 seconds
347.419: [GC [PSYoungGen: 22800K->256K(23040K)] 39742K->17278K(54784K), 0.0003900 secs] [Times: user=0.00 sys=0.00, real=0.00 secs] 
347.420: Total time for which application threads were stopped: 0.0005310 seconds, Stopping threads took: 0.0000670 seconds
347.536: Application time: 0.1163880 seconds
347.536: [GC [PSYoungGen: 22784K->256K(23040K)] 39806K->17326K(54784K), 0.0004490 secs] [Times: user=0.00 sys=0.00, real=0.00 secs] 
347.537: Total time for which application threads were stopped: 0.0005930 seconds, Stopping threads took: 0.0000610 seconds
347.653: Application time: 0.1164170 seconds
347.653: [GC [PSYoungGen: 22784K->256K(23040K)] 39854K->17422K(54784K), 0.0004860 secs] [Times: user=0.00 sys=0.00, real=0.00 secs] 
347.654: Total time for which application threads were stopped: 0.0006300 seconds, Stopping threads took: 0.0000630 seconds
347.770: Application time: 0.1157980 seconds
347.770: [GC [PSYoungGen: 22784K->256K(23040K)] 39950K->17470K(54784K), 0.0004300 secs] [Times: user=0.00 sys=0.00, real=0.00 secs] 
347.770: Total time for which application threads were stopped: 0.0005790 seconds, Stopping threads took: 0.0000600 seconds
347.885: Application time: 0.1148500 seconds
347.885: [GC [PSYoungGen: 22784K->288K(23040K)] 39998K->17566K(54784K), 0.0004780 secs] [Times: user=0.00 sys=0.00, real=0.01 secs] 
347.886: Total time for which application threads were stopped: 0.0006170 seconds, Stopping threads took: 0.0000620 seconds
348.000: Application time: 0.1141870 seconds
348.000: [GC [PSYoungGen: 22816K->288K(23040K)] 40094K->17735K(54784K), 0.0005170 secs] [Times: user=0.00 sys=0.00, real=0.00 secs] 
348.001: Total time for which application threads were stopped: 0.0006550 seconds, Stopping threads took: 0.0000590 seconds
348.118: Application time: 0.1170560 seconds
348.118: [GC [PSYoungGen: 22816K->256K(23040K)] 40263K->17915K(54784K), 0.0004800 secs] [Times: user=0.00 sys=0.00, real=0.00 secs] 
348.118: Total time for which application threads were stopped: 0.0006070 seconds, Stopping threads took: 0.0000560 seconds
348.234: Application time: 0.1157400 seconds
348.234: [GC [PSYoungGen: 22784K->256K(23040K)] 40443K->17915K(54784K), 0.0004270 secs] [Times: user=0.01 sys=0.00, real=0.00 secs] 
348.235: Total time for which application threads were stopped: 0.0005650 seconds, Stopping threads took: 0.0000600 seconds
348.350: Application time: 0.1158150 seconds
348.350: [GC [PSYoungGen: 22784K->240K(23040K)] 40443K->17971K(54784K), 0.0004630 secs] [Times: user=0.00 sys=0.00, real=0.00 secs] 
348.351: Total time for which application threads were stopped: 0.0006080 seconds, Stopping threads took: 0.0000600 seconds
348.468: Application time: 0.1169280 seconds
348.468: [GC [PSYoungGen: 22768K->224K(23040K)] 40499K->18067K(54784K), 0.0004950 secs] [Times: user=0.00 sys=0.00, real=0.00 secs] 
348.469: Total time for which application threads were stopped: 0.0006200 seconds, Stopping threads took: 0.0000490 seconds
348.584: Application time: 0.1150160 seconds
348.584: [GC [PSYoungGen: 22752K->288K(23040K)] 40595K->18131K(54784K), 0.0004720 secs] [Times: user=0.00 sys=0.00, real=0.00 secs] 
348.584: Total time for which application threads were stopped: 0.0006130 seconds, Stopping threads took: 0.0000620 seconds
348.698: Application time: 0.1135070 seconds
348.698: [GC [PSYoungGen: 22816K->400K(23040K)] 40659K->18395K(54784K), 0.0005340 secs] [Times: user=0.00 sys=0.00, real=0.00 secs] 
348.698: Total time for which application threads were stopped: 0.0006730 seconds, Stopping threads took: 0.0000650 seconds
348.815: Application time: 0.1163270 seconds
348.815: [GC [PSYoungGen: 22928K->256K(23040K)] 40923K->18507K(54784K), 0.0005370 secs] [Times: user=0.00 sys=0.00, real=0.00 secs] 
348.816: Total time for which application threads were stopped: 0.0017590 seconds, Stopping threads took: 0.0000590 seconds
348.933: Application time: 0.1164370 seconds
348.933: [GC [PSYoungGen: 22784K->256K(23040K)] 41035K->18507K(54784K), 0.0004330 secs] [Times: user=0.00 sys=0.00, real=0.00 secs] 
348.933: Total time for which application threads were stopped: 0.0005910 seconds, Stopping threads took: 0.0000700 seconds
349.049: Application time: 0.1158730 seconds
349.049: [GC [PSYoungGen: 22784K->256K(23040K)] 41035K->18555K(54784K), 0.0004370 secs] [Times: user=0.00 sys=0.00, real=0.00 secs] 
349.050: Total time for which application threads were stopped: 0.0005920 seconds, Stopping threads took: 0.0000800 seconds
349.167: Application time: 0.1166150 seconds
349.167: [GC [PSYoungGen: 22784K->256K(23040K)] 41083K->18699K(54784K), 0.0004430 secs] [Times: user=0.00 sys=0.00, real=0.00 secs] 
349.167: Total time for which application threads were stopped: 0.0005760 seconds, Stopping threads took: 0.0000580 seconds
349.282: Application time: 0.1150440 seconds
349.282: [GC [PSYoungGen: 22784K->224K(23040K)] 41227K->18667K(54784K), 0.0004620 secs] [Times: user=0.00 sys=0.00, real=0.00 secs] 
349.283: Total time for which application threads were stopped: 0.0006030 seconds, Stopping threads took: 0.0000640 seconds
349.396: Application time: 0.1130670 seconds
349.396: [GC [PSYoungGen: 22752K->432K(23040K)] 41195K->19011K(54784K), 0.0005110 secs] [Times: user=0.00 sys=0.00, real=0.00 secs] 
349.396: Total time for which application threads were stopped: 0.0006390 seconds, Stopping threads took: 0.0000530 seconds
349.513: Application time: 0.1161080 seconds
349.513: [GC [PSYoungGen: 22960K->256K(23040K)] 41539K->19144K(54784K), 0.0004880 secs] [Times: user=0.00 sys=0.00, real=0.00 secs] 
349.513: Total time for which application threads were stopped: 0.0006280 seconds, Stopping threads took: 0.0000570 seconds
349.630: Application time: 0.1162870 seconds
349.630: [GC [PSYoungGen: 22784K->256K(23040K)] 41672K->19144K(54784K), 0.0004300 secs] [Times: user=0.00 sys=0.00, real=0.00 secs] 
349.630: Total time for which application threads were stopped: 0.0005810 seconds, Stopping threads took: 0.0000740 seconds
349.746: Application time: 0.1158630 seconds
349.746: [GC [PSYoungGen: 22784K->256K(23040K)] 41672K->19192K(54784K), 0.0004360 secs] [Times: user=0.01 sys=0.00, real=0.00 secs] 
349.747: Total time for which application threads were stopped: 0.0005680 seconds, Stopping threads took: 0.0000550 seconds
349.864: Application time: 0.1173530 seconds
349.864: [GC [PSYoungGen: 22784K->256K(23040K)] 41720K->19336K(54784K), 0.0004270 secs] [Times: user=0.00 sys=0.00, real=0.00 secs] 
349.864: Total time for which application threads were stopped: 0.0005760 seconds, Stopping threads took: 0.0000670 seconds
349.980: Application time: 0.1152540 seconds
349.980: [GC [PSYoungGen: 22784K->256K(23040K)] 41864K->19336K(54784K), 0.0004310 secs] [Times: user=0.00 sys=0.00, real=0.00 secs] 
349.980: Total time for which application threads were stopped: 0.0005880 seconds, Stopping threads took: 0.0000800 seconds
350.095: Application time: 0.1142070 seconds
350.095: [GC [PSYoungGen: 22784K->352K(23040K)] 41864K->19552K(54784K), 0.0005150 secs] [Times: user=0.00 sys=0.00, real=0.00 secs] 
350.095: Total time for which application threads were stopped: 0.0006560 seconds, Stopping threads took: 0.0000520 seconds
350.211: Application time: 0.1158990 seconds
350.211: [GC [PSYoungGen: 22880K->256K(23040K)] 42080K->19712K(54784K), 0.0005290 secs] [Times: user=0.00 sys=0.00, real=0.00 secs] 
350.212: Total time for which application threads were stopped: 0.0006810 seconds, Stopping threads took: 0.0000710 seconds
350.328: Application time: 0.1158590 seconds
350.328: [GC [PSYoungGen: 22784K->256K(23040K)] 42240K->19776K(54784K), 0.0004250 secs] [Times: user=0.00 sys=0.00, real=0.00 secs] 
350.328: Total time for which application threads were stopped: 0.0005650 seconds, Stopping threads took: 0.0000650 seconds
350.445: Application time: 0.1164950 seconds
350.445: [GC [PSYoungGen: 22784K->256K(23040K)] 42304K->19824K(54784K), 0.0005320 secs] [Times: user=0.00 sys=0.00, real=0.00 secs] 
350.445: Total time for which application threads were stopped: 0.0006860 seconds, Stopping threads took: 0.0000660 seconds
350.562: Application time: 0.1170510 seconds
350.563: [GC [PSYoungGen: 22784K->256K(23040K)] 42352K->19920K(54784K), 0.0004200 secs] [Times: user=0.00 sys=0.00, real=0.00 secs] 
350.563: Total time for which application threads were stopped: 0.0005570 seconds, Stopping threads took: 0.0000610 seconds
350.679: Application time: 0.1156290 seconds
350.679: [GC [PSYoungGen: 22784K->256K(23040K)] 42448K->19968K(54784K), 0.0004290 secs] [Times: user=0.00 sys=0.00, real=0.00 secs] 
350.679: Total time for which application threads were stopped: 0.0005660 seconds, Stopping threads took: 0.0000500 seconds
350.795: Application time: 0.1153380 seconds
350.795: [GC [PSYoungGen: 22784K->288K(23040K)] 42496K->20080K(54784K), 0.0004310 secs] [Times: user=0.01 sys=0.00, real=0.00 secs] 
350.795: Total time for which application threads were stopped: 0.0005630 seconds, Stopping threads took: 0.0000600 seconds
350.909: Application time: 0.1139910 seconds
350.909: [GC [PSYoungGen: 22816K->320K(23040K)] 42608K->20281K(54784K), 0.0005160 secs] [Times: user=0.01 sys=0.00, real=0.00 secs] 
350.910: Total time for which application threads were stopped: 0.0006670 seconds, Stopping threads took: 0.0000710 seconds
351.026: Application time: 0.1166970 seconds
351.030: [GC [PSYoungGen: 22848K->256K(23040K)] 42809K->20437K(54784K), 0.0004680 secs] [Times: user=0.01 sys=0.00, real=0.00 secs] 
351.030: Total time for which application threads were stopped: 0.0037300 seconds, Stopping threads took: 0.0031860 seconds
351.146: Application time: 0.1157600 seconds
351.146: [GC [PSYoungGen: 22784K->256K(23040K)] 42965K->20437K(54784K), 0.0004360 secs] [Times: user=0.00 sys=0.00, real=0.00 secs] 
351.147: Total time for which application threads were stopped: 0.0006060 seconds, Stopping threads took: 0.0000890 seconds
351.262: Application time: 0.1156570 seconds
351.262: [GC [PSYoungGen: 22784K->256K(23040K)] 42965K->20533K(54784K), 0.0004470 secs] [Times: user=0.00 sys=0.00, real=0.00 secs] 
351.263: Total time for which application threads were stopped: 0.0006000 seconds, Stopping threads took: 0.0000640 seconds
351.380: Application time: 0.1169890 seconds
351.380: [GC [PSYoungGen: 22784K->256K(23040K)] 43061K->20629K(54784K), 0.0004210 secs] [Times: user=0.00 sys=0.00, real=0.00 secs] 
351.380: Total time for which application threads were stopped: 0.0005880 seconds, Stopping threads took: 0.0000850 seconds
351.495: Application time: 0.1150740 seconds
351.496: [GC [PSYoungGen: 22784K->288K(23040K)] 43157K->20661K(54784K), 0.0004390 secs] [Times: user=0.00 sys=0.00, real=0.00 secs] 
351.496: Total time for which application threads were stopped: 0.0005750 seconds, Stopping threads took: 0.0000630 seconds
351.610: Application time: 0.1139810 seconds
351.610: [GC [PSYoungGen: 22816K->368K(23040K)] 43189K->20913K(54784K), 0.0005880 secs] [Times: user=0.00 sys=0.00, real=0.00 secs] 
351.611: Total time for which application threads were stopped: 0.0007150 seconds, Stopping threads took: 0.0000510 seconds
351.727: Application time: 0.1161690 seconds
351.727: [GC [PSYoungGen: 22896K->256K(23040K)] 43441K->21057K(54784K), 0.0004690 secs] [Times: user=0.00 sys=0.00, real=0.00 secs] 
351.728: Total time for which application threads were stopped: 0.0006050 seconds, Stopping threads took: 0.0000630 seconds
351.844: Application time: 0.1168490 seconds
351.844: [GC [PSYoungGen: 22784K->224K(23040K)] 43585K->21025K(54784K), 0.0004480 secs] [Times: user=0.00 sys=0.00, real=0.00 secs] 
351.845: Total time for which application threads were stopped: 0.0006000 seconds, Stopping threads took: 0.0000690 seconds
351.961: Application time: 0.1159720 seconds
351.961: [GC [PSYoungGen: 22752K->256K(23040K)] 43553K->21105K(54784K), 0.0004530 secs] [Times: user=0.00 sys=0.00, real=0.00 secs] 
351.962: Total time for which application threads were stopped: 0.0005920 seconds, Stopping threads took: 0.0000670 seconds
352.078: Application time: 0.1166280 seconds
352.078: [GC [PSYoungGen: 22784K->256K(23040K)] 43633K->21249K(54784K), 0.0004500 secs] [Times: user=0.00 sys=0.00, real=0.00 secs] 
352.079: Total time for which application threads were stopped: 0.0005860 seconds, Stopping threads took: 0.0000630 seconds
352.194: Application time: 0.1150070 seconds
352.194: [GC [PSYoungGen: 22784K->256K(23040K)] 43777K->21249K(54784K), 0.0004980 secs] [Times: user=0.00 sys=0.00, real=0.00 secs] 
352.194: Total time for which application threads were stopped: 0.0006190 seconds, Stopping threads took: 0.0000500 seconds
352.308: Application time: 0.1132250 seconds
352.308: [GC [PSYoungGen: 22784K->368K(23040K)] 43777K->21478K(54784K), 0.0005560 secs] [Times: user=0.00 sys=0.00, real=0.00 secs] 
352.308: Total time for which application threads were stopped: 0.0007150 seconds, Stopping threads took: 0.0000740 seconds
352.425: Application time: 0.1163360 seconds
352.425: [GC [PSYoungGen: 22896K->256K(23040K)] 44006K->21678K(54784K), 0.0005010 secs] [Times: user=0.00 sys=0.00, real=0.00 secs] 
352.425: Total time for which application threads were stopped: 0.0006560 seconds, Stopping threads took: 0.0000650 seconds
352.541: Application time: 0.1159920 seconds
352.541: [GC [PSYoungGen: 22784K->192K(23040K)] 44206K->21614K(54784K), 0.0004450 secs] [Times: user=0.00 sys=0.00, real=0.00 secs] 
352.542: Total time for which application threads were stopped: 0.0005850 seconds, Stopping threads took: 0.0000620 seconds
352.659: Application time: 0.1166430 seconds
352.659: [GC [PSYoungGen: 22720K->256K(23040K)] 44142K->21726K(54784K), 0.0004360 secs] [Times: user=0.01 sys=0.00, real=0.00 secs] 
352.659: Total time for which application threads were stopped: 0.0005560 seconds, Stopping threads took: 0.0000460 seconds
352.776: Application time: 0.1167850 seconds
352.776: [GC [PSYoungGen: 22784K->256K(23040K)] 44254K->21870K(54784K), 0.0004680 secs] [Times: user=0.00 sys=0.00, real=0.00 secs] 
352.777: Total time for which application threads were stopped: 0.0006170 seconds, Stopping threads took: 0.0000670 seconds
352.891: Application time: 0.1148880 seconds
352.892: [GC [PSYoungGen: 22784K->256K(23040K)] 44398K->21870K(54784K), 0.0004520 secs] [Times: user=0.00 sys=0.00, real=0.00 secs] 
352.892: Total time for which application threads were stopped: 0.0005940 seconds, Stopping threads took: 0.0000660 seconds
353.005: Application time: 0.1132880 seconds
353.005: [GC [PSYoungGen: 22784K->400K(23040K)] 44398K->22118K(54784K), 0.0005020 secs] [Times: user=0.00 sys=0.00, real=0.01 secs] 
353.006: Total time for which application threads were stopped: 0.0006540 seconds, Stopping threads took: 0.0000620 seconds
353.123: Application time: 0.1170010 seconds
353.123: [GC [PSYoungGen: 22928K->256K(23040K)] 44646K->22270K(54784K), 0.0005000 secs] [Times: user=0.00 sys=0.00, real=0.00 secs] 
353.124: Total time for which application threads were stopped: 0.0006390 seconds, Stopping threads took: 0.0000590 seconds
353.239: Application time: 0.1157810 seconds
353.239: [GC [PSYoungGen: 22784K->256K(23040K)] 44798K->22270K(54784K), 0.0004210 secs] [Times: user=0.00 sys=0.00, real=0.00 secs] 
353.240: Total time for which application threads were stopped: 0.0005750 seconds, Stopping threads took: 0.0000790 seconds
353.356: Application time: 0.1156250 seconds
353.356: [GC [PSYoungGen: 22784K->208K(23040K)] 44798K->22270K(54784K), 0.0004620 secs] [Times: user=0.01 sys=0.00, real=0.00 secs] 
353.356: Total time for which application threads were stopped: 0.0005980 seconds, Stopping threads took: 0.0000570 seconds
353.472: Application time: 0.1163010 seconds
353.473: [GC [PSYoungGen: 22736K->256K(23040K)] 44798K->22438K(54784K), 0.0004490 secs] [Times: user=0.00 sys=0.00, real=0.00 secs] 
353.473: Total time for which application threads were stopped: 0.0006010 seconds, Stopping threads took: 0.0000780 seconds
353.589: Application time: 0.1160190 seconds
353.589: [GC [PSYoungGen: 22784K->272K(23040K)] 44966K->22478K(54784K), 0.0004200 secs] [Times: user=0.00 sys=0.00, real=0.00 secs] 
353.590: Total time for which application threads were stopped: 0.0005630 seconds, Stopping threads took: 0.0000600 seconds
353.704: Application time: 0.1146300 seconds
353.704: [GC [PSYoungGen: 22800K->288K(23040K)] 45006K->22566K(54784K), 0.0004790 secs] [Times: user=0.00 sys=0.00, real=0.00 secs] 
353.705: Total time for which application threads were stopped: 0.0006280 seconds, Stopping threads took: 0.0000710 seconds
353.819: Application time: 0.1144100 seconds
353.819: [GC [PSYoungGen: 22816K->384K(23040K)] 45094K->22839K(54784K), 0.0005260 secs] [Times: user=0.00 sys=0.00, real=0.00 secs] 
353.820: Total time for which application threads were stopped: 0.0006590 seconds, Stopping threads took: 0.0000560 seconds
353.936: Application time: 0.1163740 seconds
353.936: [GC [PSYoungGen: 22912K->256K(23040K)] 45367K->22927K(54784K), 0.0004880 secs] [Times: user=0.00 sys=0.00, real=0.00 secs] 
353.937: Total time for which application threads were stopped: 0.0006280 seconds, Stopping threads took: 0.0000610 seconds
354.053: Application time: 0.1162820 seconds
354.058: [GC [PSYoungGen: 22784K->256K(23040K)] 45455K->22927K(54784K), 0.0004950 secs] [Times: user=0.00 sys=0.00, real=0.00 secs] 
354.058: Total time for which application threads were stopped: 0.0048920 seconds, Stopping threads took: 0.0043230 seconds
354.174: Application time: 0.1159020 seconds
354.174: [GC [PSYoungGen: 22784K->256K(23040K)] 45455K->23023K(54784K), 0.0005030 secs] [Times: user=0.00 sys=0.00, real=0.00 secs] 
354.175: Total time for which application threads were stopped: 0.0006550 seconds, Stopping threads took: 0.0000600 seconds
354.291: Application time: 0.1165800 seconds
354.294: [GC [PSYoungGen: 22784K->256K(23040K)] 45551K->23119K(54784K), 0.0004620 secs] [Times: user=0.01 sys=0.00, real=0.00 secs] 
354.294: Total time for which application threads were stopped: 0.0028640 seconds, Stopping threads took: 0.0023220 seconds
354.409: Application time: 0.1153100 seconds
354.410: [GC [PSYoungGen: 22784K->272K(23040K)] 45647K->23135K(54784K), 0.0004690 secs] [Times: user=0.00 sys=0.00, real=0.00 secs] 
354.410: Total time for which application threads were stopped: 0.0006270 seconds, Stopping threads took: 0.0000770 seconds
354.524: Application time: 0.1138430 seconds
354.524: [GC [PSYoungGen: 22800K->320K(23040K)] 45663K->23359K(54784K), 0.0005190 secs] [Times: user=0.00 sys=0.00, real=0.00 secs] 
354.525: Total time for which application threads were stopped: 0.0006550 seconds, Stopping threads took: 0.0000600 seconds
354.642: Application time: 0.1169260 seconds
354.642: [GC [PSYoungGen: 22848K->256K(23040K)] 45887K->23551K(54784K), 0.0005030 secs] [Times: user=0.00 sys=0.00, real=0.00 secs] 
354.642: Total time for which application threads were stopped: 0.0006470 seconds, Stopping threads took: 0.0000720 seconds
354.759: Application time: 0.1169550 seconds
354.759: [GC [PSYoungGen: 22784K->256K(23040K)] 46079K->23551K(54784K), 0.0004080 secs] [Times: user=0.00 sys=0.00, real=0.00 secs] 
354.760: Total time for which application threads were stopped: 0.0005450 seconds, Stopping threads took: 0.0000550 seconds
354.876: Application time: 0.1158280 seconds
354.876: [GC [PSYoungGen: 22784K->256K(23040K)] 46079K->23599K(54784K), 0.0004700 secs] [Times: user=0.00 sys=0.00, real=0.00 secs] 
354.876: Total time for which application threads were stopped: 0.0006260 seconds, Stopping threads took: 0.0000800 seconds
354.993: Application time: 0.1169960 seconds
354.993: [GC [PSYoungGen: 22784K->224K(23040K)] 46127K->23711K(54784K), 0.0004570 secs] [Times: user=0.00 sys=0.00, real=0.00 secs] 
354.994: Total time for which application threads were stopped: 0.0005870 seconds, Stopping threads took: 0.0000570 seconds
355.109: Application time: 0.1151550 seconds
355.109: [GC [PSYoungGen: 22752K->256K(23040K)] 46239K->23743K(54784K), 0.0004400 secs] [Times: user=0.00 sys=0.00, real=0.00 secs] 
355.110: Total time for which application threads were stopped: 0.0006000 seconds, Stopping threads took: 0.0000780 seconds
355.223: Application time: 0.1133390 seconds
355.223: [GC [PSYoungGen: 22784K->400K(23040K)] 46271K->24016K(54784K), 0.0005250 secs] [Times: user=0.01 sys=0.00, real=0.00 secs] 
355.224: Total time for which application threads were stopped: 0.0006630 seconds, Stopping threads took: 0.0000550 seconds
355.340: Application time: 0.1166390 seconds
355.342: [GC [PSYoungGen: 22928K->256K(23040K)] 46544K->24168K(54784K), 0.0005240 secs] [Times: user=0.00 sys=0.00, real=0.00 secs] 
355.342: Total time for which application threads were stopped: 0.0020890 seconds, Stopping threads took: 0.0014850 seconds
355.458: Application time: 0.1162090 seconds
355.459: [GC [PSYoungGen: 22784K->256K(23040K)] 46696K->24168K(54784K), 0.0004300 secs] [Times: user=0.00 sys=0.00, real=0.00 secs] 
355.459: Total time for which application threads were stopped: 0.0005960 seconds, Stopping threads took: 0.0000890 seconds
355.575: Application time: 0.1155730 seconds
355.575: [GC [PSYoungGen: 22784K->240K(23040K)] 46696K->24200K(54784K), 0.0004520 secs] [Times: user=0.00 sys=0.00, real=0.00 secs] 
355.575: Total time for which application threads were stopped: 0.0005880 seconds, Stopping threads took: 0.0000620 seconds
355.692: Application time: 0.1165150 seconds
355.692: [GC [PSYoungGen: 22768K->256K(23040K)] 46728K->24360K(54784K), 0.0004460 secs] [Times: user=0.00 sys=0.00, real=0.00 secs] 
355.692: Total time for which application threads were stopped: 0.0005830 seconds, Stopping threads took: 0.0000610 seconds
355.808: Application time: 0.1153500 seconds
355.808: [GC [PSYoungGen: 22784K->256K(23040K)] 46888K->24360K(54784K), 0.0004260 secs] [Times: user=0.00 sys=0.00, real=0.00 secs] 
355.808: Total time for which application threads were stopped: 0.0005520 seconds, Stopping threads took: 0.0000510 seconds
355.923: Application time: 0.1147510 seconds
355.923: [GC [PSYoungGen: 22784K->416K(23040K)] 46888K->24640K(54784K), 0.0004960 secs] [Times: user=0.00 sys=0.00, real=0.00 secs] 
355.924: Total time for which application threads were stopped: 0.0006350 seconds, Stopping threads took: 0.0000560 seconds
356.040: Application time: 0.1167720 seconds
356.040: [GC [PSYoungGen: 22944K->256K(23040K)] 47168K->24776K(54784K), 0.0004970 secs] [Times: user=0.00 sys=0.00, real=0.00 secs] 
356.041: Total time for which application threads were stopped: 0.0006190 seconds, Stopping threads took: 0.0000480 seconds
356.157: Application time: 0.1158420 seconds
356.157: [GC [PSYoungGen: 22784K->256K(23040K)] 47304K->24776K(54784K), 0.0004450 secs] [Times: user=0.00 sys=0.00, real=0.00 secs] 
356.157: Total time for which application threads were stopped: 0.0005870 seconds, Stopping threads took: 0.0000660 seconds
356.274: Application time: 0.1165730 seconds
356.274: [GC [PSYoungGen: 22784K->208K(23040K)] 47304K->24776K(54784K), 0.0004880 secs] [Times: user=0.01 sys=0.00, real=0.00 secs] 
356.275: Total time for which application threads were stopped: 0.0006430 seconds, Stopping threads took: 0.0000790 seconds
356.392: Application time: 0.1168620 seconds
356.392: [GC [PSYoungGen: 22736K->256K(23040K)] 47304K->24968K(54784K), 0.0004560 secs] [Times: user=0.00 sys=0.00, real=0.00 secs] 
356.392: Total time for which application threads were stopped: 0.0005950 seconds, Stopping threads took: 0.0000550 seconds
356.507: Application time: 0.1149450 seconds
356.507: [GC [PSYoungGen: 22784K->272K(23040K)] 47496K->24984K(54784K), 0.0004690 secs] [Times: user=0.00 sys=0.00, real=0.00 secs] 
356.508: Total time for which application threads were stopped: 0.0006140 seconds, Stopping threads took: 0.0000600 seconds
356.623: Application time: 0.1148680 seconds
356.623: [GC [PSYoungGen: 22800K->288K(23040K)] 47512K->25117K(54784K), 0.0004630 secs] [Times: user=0.00 sys=0.00, real=0.00 secs] 
356.623: Total time for which application threads were stopped: 0.0006010 seconds, Stopping threads took: 0.0000630 seconds
356.738: Application time: 0.1146030 seconds
356.738: [GC [PSYoungGen: 22816K->288K(23040K)] 47645K->25289K(54784K), 0.0005050 secs] [Times: user=0.00 sys=0.00, real=0.00 secs] 
356.738: Total time for which application threads were stopped: 0.0006460 seconds, Stopping threads took: 0.0000670 seconds
356.855: Application time: 0.1166020 seconds
356.855: [GC [PSYoungGen: 22816K->256K(23040K)] 47817K->25429K(54784K), 0.0004790 secs] [Times: user=0.00 sys=0.00, real=0.00 secs] 
356.856: Total time for which application threads were stopped: 0.0006280 seconds, Stopping threads took: 0.0000680 seconds
356.971: Application time: 0.1153230 seconds
356.971: [GC [PSYoungGen: 22784K->256K(23040K)] 47957K->25429K(54784K), 0.0004510 secs] [Times: user=0.00 sys=0.00, real=0.00 secs] 
356.972: Total time for which application threads were stopped: 0.0005870 seconds, Stopping threads took: 0.0000570 seconds
357.088: Application time: 0.1160010 seconds
357.088: [GC [PSYoungGen: 22784K->192K(23040K)] 47957K->25461K(54784K), 0.0004910 secs] [Times: user=0.01 sys=0.00, real=0.00 secs] 
357.088: Total time for which application threads were stopped: 0.0006350 seconds, Stopping threads took: 0.0000560 seconds
357.205: Application time: 0.1167960 seconds
357.205: [GC [PSYoungGen: 22720K->192K(23040K)] 47989K->25549K(54784K), 0.0005390 secs] [Times: user=0.00 sys=0.00, real=0.01 secs] 
357.206: Total time for which application threads were stopped: 0.0006750 seconds, Stopping threads took: 0.0000620 seconds
357.320: Application time: 0.1143540 seconds
357.320: [GC [PSYoungGen: 22720K->272K(23040K)] 48077K->25629K(54784K), 0.0004760 secs] [Times: user=0.00 sys=0.00, real=0.00 secs] 
357.321: Total time for which application threads were stopped: 0.0006120 seconds, Stopping threads took: 0.0000580 seconds
357.435: Application time: 0.1142540 seconds
357.435: [GC [PSYoungGen: 22800K->320K(23040K)] 48157K->25881K(54784K), 0.0005390 secs] [Times: user=0.00 sys=0.00, real=0.00 secs] 
357.436: Total time for which application threads were stopped: 0.0006800 seconds, Stopping threads took: 0.0000610 seconds
357.552: Application time: 0.1167210 seconds
357.552: [GC [PSYoungGen: 22848K->224K(23040K)] 48409K->26017K(54784K), 0.0005190 secs] [Times: user=0.00 sys=0.00, real=0.00 secs] 
357.553: Total time for which application threads were stopped: 0.0006490 seconds, Stopping threads took: 0.0000560 seconds
357.669: Application time: 0.1160850 seconds
357.669: [GC [PSYoungGen: 22752K->256K(23040K)] 48545K->26049K(54784K), 0.0004500 secs] [Times: user=0.00 sys=0.00, real=0.00 secs] 
357.670: Total time for which application threads were stopped: 0.0006030 seconds, Stopping threads took: 0.0000680 seconds
357.786: Application time: 0.1162210 seconds
357.786: [GC [PSYoungGen: 22784K->256K(23040K)] 48577K->26097K(54784K), 0.0004780 secs] [Times: user=0.00 sys=0.00, real=0.00 secs] 
357.786: Total time for which application threads were stopped: 0.0006170 seconds, Stopping threads took: 0.0000580 seconds
357.902: Application time: 0.1156710 seconds
357.902: [GC [PSYoungGen: 22784K->224K(23040K)] 48625K->26201K(54784K), 0.0004580 secs] [Times: user=0.00 sys=0.00, real=0.00 secs] 
357.903: Total time for which application threads were stopped: 0.0005940 seconds, Stopping threads took: 0.0000620 seconds
358.018: Application time: 0.1153910 seconds
358.018: [GC [PSYoungGen: 22752K->208K(23040K)] 48729K->26185K(54784K), 0.0004720 secs] [Times: user=0.00 sys=0.00, real=0.00 secs] 
358.019: Total time for which application threads were stopped: 0.0006070 seconds, Stopping threads took: 0.0000610 seconds
358.132: Application time: 0.1130930 seconds
358.134: [GC [PSYoungGen: 22736K->368K(23040K)] 48713K->26458K(54784K), 0.0005360 secs] [Times: user=0.00 sys=0.00, real=0.00 secs] 
358.134: Total time for which application threads were stopped: 0.0023840 seconds, Stopping threads took: 0.0017720 seconds
358.251: Application time: 0.1167080 seconds
358.251: [GC [PSYoungGen: 22896K->256K(23040K)] 48986K->26654K(54784K), 0.0004980 secs] [Times: user=0.00 sys=0.00, real=0.00 secs] 
358.252: Total time for which application threads were stopped: 0.0006520 seconds, Stopping threads took: 0.0000660 seconds
358.368: Application time: 0.1161670 seconds
358.368: [GC [PSYoungGen: 22784K->256K(23040K)] 49182K->26654K(54784K), 0.0004360 secs] [Times: user=0.00 sys=0.00, real=0.00 secs] 
358.368: Total time for which application threads were stopped: 0.0005740 seconds, Stopping threads took: 0.0000570 seconds
358.484: Application time: 0.1160280 seconds
358.484: [GC [PSYoungGen: 22784K->272K(23040K)] 49182K->26718K(54784K), 0.0004360 secs] [Times: user=0.00 sys=0.00, real=0.00 secs] 
358.485: Total time for which application threads were stopped: 0.0005710 seconds, Stopping threads took: 0.0000600 seconds
358.602: Application time: 0.1167870 seconds
358.602: [GC [PSYoungGen: 22800K->224K(23040K)] 49246K->26814K(54784K), 0.0004810 secs] [Times: user=0.01 sys=0.00, real=0.00 secs] 
358.602: Total time for which application threads were stopped: 0.0006270 seconds, Stopping threads took: 0.0000660 seconds
358.717: Application time: 0.1149140 seconds
358.717: [GC [PSYoungGen: 22752K->288K(23040K)] 49342K->26878K(54784K), 0.0004260 secs] [Times: user=0.00 sys=0.00, real=0.01 secs] 
358.718: Total time for which application threads were stopped: 0.0005680 seconds, Stopping threads took: 0.0000680 seconds
358.832: Application time: 0.1140340 seconds
358.832: [GC [PSYoungGen: 22816K->368K(23040K)] 49406K->27062K(54784K), 0.0005770 secs] [Times: user=0.00 sys=0.00, real=0.00 secs] 
358.834: Total time for which application threads were stopped: 0.0017690 seconds, Stopping threads took: 0.0000560 seconds
358.950: Application time: 0.1163910 seconds
358.950: [GC [PSYoungGen: 22896K->256K(23040K)] 49590K->27254K(54784K), 0.0004990 secs] [Times: user=0.01 sys=0.00, real=0.00 secs] 
358.951: Total time for which application threads were stopped: 0.0006270 seconds, Stopping threads took: 0.0000530 seconds
359.067: Application time: 0.1163400 seconds
359.067: [GC [PSYoungGen: 22784K->256K(23040K)] 49782K->27254K(54784K), 0.0004190 secs] [Times: user=0.00 sys=0.00, real=0.00 secs] 
359.068: Total time for which application threads were stopped: 0.0005450 seconds, Stopping threads took: 0.0000530 seconds
359.183: Application time: 0.1154250 seconds
359.183: [GC [PSYoungGen: 22784K->256K(23040K)] 49782K->27302K(54784K), 0.0004640 secs] [Times: user=0.00 sys=0.00, real=0.00 secs] 
359.184: Total time for which application threads were stopped: 0.0005980 seconds, Stopping threads took: 0.0000590 seconds
359.300: Application time: 0.1162980 seconds
359.300: [GC [PSYoungGen: 22784K->256K(23040K)] 49830K->27446K(54784K), 0.0004150 secs] [Times: user=0.00 sys=0.00, real=0.00 secs] 
359.300: Total time for which application threads were stopped: 0.0005560 seconds, Stopping threads took: 0.0000670 seconds
359.417: Application time: 0.1162830 seconds
359.417: [GC [PSYoungGen: 22784K->256K(23040K)] 49974K->27446K(54784K), 0.0004410 secs] [Times: user=0.00 sys=0.00, real=0.00 secs] 
359.417: Total time for which application threads were stopped: 0.0005970 seconds, Stopping threads took: 0.0000680 seconds
359.531: Application time: 0.1141790 seconds
359.532: [GC [PSYoungGen: 22784K->320K(23040K)] 49974K->27575K(54784K), 0.0005150 secs] [Times: user=0.00 sys=0.00, real=0.00 secs] 
359.532: Total time for which application threads were stopped: 0.0006380 seconds, Stopping threads took: 0.0000470 seconds
359.648: Application time: 0.1154200 seconds
359.648: [GC [PSYoungGen: 22848K->288K(23040K)] 50103K->27751K(54784K), 0.0005360 secs] [Times: user=0.00 sys=0.00, real=0.00 secs] 
359.648: Total time for which application threads were stopped: 0.0006730 seconds, Stopping threads took: 0.0000600 seconds
359.765: Application time: 0.1163510 seconds
359.765: [GC [PSYoungGen: 22816K->256K(23040K)] 50279K->27879K(54784K), 0.0004980 secs] [Times: user=0.00 sys=0.00, real=0.00 secs] 
359.765: Total time for which application threads were stopped: 0.0006350 seconds, Stopping threads took: 0.0000580 seconds
359.881: Application time: 0.1161090 seconds
359.881: [GC [PSYoungGen: 22784K->256K(23040K)] 50407K->27879K(54784K), 0.0004700 secs] [Times: user=0.00 sys=0.00, real=0.00 secs] 
359.882: Total time for which application threads were stopped: 0.0006190 seconds, Stopping threads took: 0.0000680 seconds
359.999: Application time: 0.1166210 seconds
359.999: [GC [PSYoungGen: 22784K->256K(23040K)] 50407K->27975K(54784K), 0.0004690 secs] [Times: user=0.00 sys=0.00, real=0.00 secs] 
359.999: Total time for which application threads were stopped: 0.0006110 seconds, Stopping threads took: 0.0000530 seconds
360.116: Application time: 0.1167230 seconds
360.116: [GC [PSYoungGen: 22784K->224K(23040K)] 50503K->28039K(54784K), 0.0004740 secs] [Times: user=0.00 sys=0.00, real=0.00 secs] 
360.117: Total time for which application threads were stopped: 0.0006260 seconds, Stopping threads took: 0.0000690 seconds
360.231: Application time: 0.1145250 seconds
360.231: [GC [PSYoungGen: 22752K->336K(23040K)] 50567K->28151K(54784K), 0.0004580 secs] [Times: user=0.00 sys=0.00, real=0.00 secs] 
360.232: Total time for which application threads were stopped: 0.0005990 seconds, Stopping threads took: 0.0000660 seconds
360.345: Application time: 0.1135710 seconds
360.345: [GC [PSYoungGen: 22864K->368K(23040K)] 50679K->28383K(54784K), 0.0005780 secs] [Times: user=0.00 sys=0.00, real=0.01 secs] 
360.346: Total time for which application threads were stopped: 0.0007230 seconds, Stopping threads took: 0.0000700 seconds
360.462: Application time: 0.1163400 seconds
360.462: [GC [PSYoungGen: 22896K->256K(23040K)] 50911K->28487K(54784K), 0.0004530 secs] [Times: user=0.00 sys=0.00, real=0.00 secs] 
360.463: Total time for which application threads were stopped: 0.0005880 seconds, Stopping threads took: 0.0000620 seconds
360.579: Application time: 0.1165780 seconds
360.580: [GC [PSYoungGen: 22784K->256K(23040K)] 51015K->28487K(54784K), 0.0004310 secs] [Times: user=0.01 sys=0.00, real=0.00 secs] 
360.580: Total time for which application threads were stopped: 0.0005780 seconds, Stopping threads took: 0.0000590 seconds
360.696: Application time: 0.1155120 seconds
360.698: [GC [PSYoungGen: 22784K->256K(23040K)] 51015K->28535K(54784K), 0.0004920 secs] [Times: user=0.00 sys=0.00, real=0.00 secs] 
360.698: Total time for which application threads were stopped: 0.0026090 seconds, Stopping threads took: 0.0020400 seconds
360.815: Application time: 0.1171310 seconds
360.815: [GC [PSYoungGen: 22784K->224K(23040K)] 51063K->28647K(54784K), 0.0004760 secs] [Times: user=0.01 sys=0.00, real=0.00 secs] 
360.816: Total time for which application threads were stopped: 0.0006070 seconds, Stopping threads took: 0.0000580 seconds
360.931: Application time: 0.1149450 seconds
360.931: [GC [PSYoungGen: 22752K->272K(23040K)] 51175K->28695K(54784K), 0.0004390 secs] [Times: user=0.00 sys=0.00, real=0.00 secs] 
360.931: Total time for which application threads were stopped: 0.0005760 seconds, Stopping threads took: 0.0000620 seconds
361.045: Application time: 0.1131770 seconds
361.045: [GC [PSYoungGen: 22800K->384K(23040K)] 51223K->28928K(54784K), 0.0005770 secs] [Times: user=0.00 sys=0.00, real=0.00 secs] 
361.045: Total time for which application threads were stopped: 0.0007300 seconds, Stopping threads took: 0.0000710 seconds
361.162: Application time: 0.1164750 seconds
361.162: [GC [PSYoungGen: 22912K->192K(23040K)] 51456K->29028K(54784K), 0.0005230 secs] [Times: user=0.01 sys=0.00, real=0.00 secs] 
361.163: Total time for which application threads were stopped: 0.0006800 seconds, Stopping threads took: 0.0000690 seconds
361.279: Application time: 0.1165880 seconds
361.279: [GC [PSYoungGen: 22720K->256K(23040K)] 51556K->29092K(54784K), 0.0004320 secs] [Times: user=0.00 sys=0.00, real=0.00 secs] 
361.280: Total time for which application threads were stopped: 0.0005920 seconds, Stopping threads took: 0.0000800 seconds
361.395: Application time: 0.1154260 seconds
361.395: [GC [PSYoungGen: 22784K->256K(23040K)] 51620K->29140K(54784K), 0.0005020 secs] [Times: user=0.01 sys=0.00, real=0.00 secs] 
361.396: Total time for which application threads were stopped: 0.0006460 seconds, Stopping threads took: 0.0000640 seconds
361.512: Application time: 0.1165730 seconds
361.512: [GC [PSYoungGen: 22784K->256K(23040K)] 51668K->29284K(54784K), 0.0004340 secs] [Times: user=0.00 sys=0.00, real=0.00 secs] 
361.513: Total time for which application threads were stopped: 0.0005730 seconds, Stopping threads took: 0.0000570 seconds
361.628: Application time: 0.1151660 seconds
361.628: [GC [PSYoungGen: 22784K->272K(23040K)] 51812K->29300K(54784K), 0.0004470 secs] [Times: user=0.00 sys=0.00, real=0.00 secs] 
361.629: Total time for which application threads were stopped: 0.0005880 seconds, Stopping threads took: 0.0000660 seconds
361.742: Application time: 0.1133280 seconds
361.742: [GC [PSYoungGen: 22800K->400K(23040K)] 51828K->29556K(54784K), 0.0005170 secs] [Times: user=0.00 sys=0.00, real=0.00 secs] 
361.743: Total time for which application threads were stopped: 0.0006620 seconds, Stopping threads took: 0.0000580 seconds
361.859: Application time: 0.1160920 seconds
361.862: [GC [PSYoungGen: 22928K->256K(23040K)] 52084K->29712K(54784K), 0.0005640 secs] [Times: user=0.00 sys=0.00, real=0.00 secs] 
361.862: Total time for which application threads were stopped: 0.0034990 seconds, Stopping threads took: 0.0028570 seconds
361.979: Application time: 0.1165470 seconds
361.979: [GC [PSYoungGen: 22784K->256K(23040K)] 52240K->29712K(54784K), 0.0004210 secs] [Times: user=0.00 sys=0.00, real=0.00 secs] 
361.979: Total time for which application threads were stopped: 0.0005630 seconds, Stopping threads took: 0.0000660 seconds
362.096: Application time: 0.1168230 seconds
362.096: [GC [PSYoungGen: 22784K->256K(23040K)] 52240K->29760K(54784K), 0.0004940 secs] [Times: user=0.00 sys=0.00, real=0.00 secs] 
362.097: Total time for which application threads were stopped: 0.0006330 seconds, Stopping threads took: 0.0000610 seconds
362.213: Application time: 0.1162190 seconds
362.213: [GC [PSYoungGen: 22784K->224K(23040K)] 52288K->29865K(54784K), 0.0004720 secs] [Times: user=0.00 sys=0.00, real=0.00 secs] 
362.214: Total time for which application threads were stopped: 0.0006100 seconds, Stopping threads took: 0.0000670 seconds
362.329: Application time: 0.1148820 seconds
362.329: [GC [PSYoungGen: 22752K->256K(23040K)] 52393K->29897K(54784K), 0.0004110 secs] [Times: user=0.00 sys=0.00, real=0.00 secs] 
362.329: Total time for which application threads were stopped: 0.0005460 seconds, Stopping threads took: 0.0000550 seconds
362.443: Application time: 0.1136360 seconds
362.443: [GC [PSYoungGen: 22784K->400K(23040K)] 52425K->30161K(54784K), 0.0005410 secs] [Times: user=0.00 sys=0.00, real=0.00 secs] 
362.443: Total time for which application threads were stopped: 0.0006830 seconds, Stopping threads took: 0.0000630 seconds
362.559: Application time: 0.1155780 seconds
362.559: [GC [PSYoungGen: 22928K->256K(23040K)] 52689K->30265K(54784K), 0.0005270 secs] [Times: user=0.00 sys=0.00, real=0.00 secs] 
362.560: Total time for which application threads were stopped: 0.0006580 seconds, Stopping threads took: 0.0000530 seconds
362.676: Application time: 0.1161640 seconds
362.676: [GC [PSYoungGen: 22783K->256K(23040K)] 52793K->30353K(54784K), 0.0004280 secs] [Times: user=0.00 sys=0.00, real=0.00 secs] 
362.676: Total time for which application threads were stopped: 0.0005690 seconds, Stopping threads took: 0.0000650 seconds
362.793: Application time: 0.1163710 seconds
362.793: [GC [PSYoungGen: 22784K->256K(23040K)] 52881K->30377K(54784K), 0.0004430 secs] [Times: user=0.00 sys=0.00, real=0.00 secs] 
362.793: Total time for which application threads were stopped: 0.0005640 seconds, Stopping threads took: 0.0000460 seconds
362.909: Application time: 0.1159940 seconds
362.909: [GC [PSYoungGen: 22784K->256K(23040K)] 52905K->30449K(54784K), 0.0004780 secs] [Times: user=0.00 sys=0.00, real=0.00 secs] 
362.910: Total time for which application threads were stopped: 0.0006290 seconds, Stopping threads took: 0.0000670 seconds
363.026: Application time: 0.1162200 seconds
363.026: [GC [PSYoungGen: 22784K->224K(23040K)] 52977K->30505K(54784K), 0.0004980 secs] [Times: user=0.01 sys=0.00, real=0.00 secs] 
363.027: Total time for which application threads were stopped: 0.0006450 seconds, Stopping threads took: 0.0000700 seconds
363.142: Application time: 0.1152310 seconds
363.142: [GC [PSYoungGen: 22752K->320K(23040K)] 53033K->30601K(54784K), 0.0004790 secs] [Times: user=0.01 sys=0.00, real=0.00 secs] 
363.143: Total time for which application threads were stopped: 0.0006290 seconds, Stopping threads took: 0.0000670 seconds
363.257: Application time: 0.1143270 seconds
363.257: [GC [PSYoungGen: 22848K->336K(23040K)] 53129K->30825K(54784K), 0.0005380 secs] [Times: user=0.00 sys=0.00, real=0.01 secs] 
363.258: Total time for which application threads were stopped: 0.0006780 seconds, Stopping threads took: 0.0000650 seconds
363.374: Application time: 0.1166150 seconds
363.374: [GC [PSYoungGen: 22864K->256K(23040K)] 53353K->30973K(54784K), 0.0004800 secs] [Times: user=0.00 sys=0.00, real=0.00 secs] 
363.375: Total time for which application threads were stopped: 0.0006260 seconds, Stopping threads took: 0.0000670 seconds
363.491: Application time: 0.1156620 seconds
363.494: [GC [PSYoungGen: 22784K->224K(23040K)] 53501K->30941K(54784K), 0.0004970 secs] [Times: user=0.00 sys=0.00, real=0.00 secs] 
363.494: Total time for which application threads were stopped: 0.0036050 seconds, Stopping threads took: 0.0030220 seconds
363.610: Application time: 0.1162800 seconds
363.611: [GC [PSYoungGen: 22752K->256K(23040K)] 53469K->31045K(54784K), 0.0004920 secs] [Times: user=0.01 sys=0.00, real=0.00 secs] 
363.611: Total time for which application threads were stopped: 0.0006300 seconds, Stopping threads took: 0.0000610 seconds
363.728: Application time: 0.1164630 seconds
363.728: [GC [PSYoungGen: 22784K->256K(23040K)] 53573K->31166K(54784K), 0.0004540 secs] [Times: user=0.00 sys=0.00, real=0.00 secs] 
363.728: Total time for which application threads were stopped: 0.0005910 seconds, Stopping threads took: 0.0000550 seconds
363.844: Application time: 0.1153530 seconds
363.844: [GC [PSYoungGen: 22784K->224K(23040K)] 53694K->31134K(54784K), 0.0004910 secs] [Times: user=0.01 sys=0.00, real=0.00 secs] 
363.845: Total time for which application threads were stopped: 0.0017170 seconds, Stopping threads took: 0.0000510 seconds
363.959: Application time: 0.1137260 seconds
363.959: [GC [PSYoungGen: 22752K->416K(23040K)] 53662K->31454K(54784K), 0.0005450 secs] [Times: user=0.00 sys=0.00, real=0.00 secs] 
363.960: Total time for which application threads were stopped: 0.0007040 seconds, Stopping threads took: 0.0000820 seconds
364.076: Application time: 0.1161920 seconds
364.076: [GC [PSYoungGen: 22944K->256K(23040K)] 53982K->31594K(54784K), 0.0005210 secs] [Times: user=0.00 sys=0.00, real=0.00 secs] 
364.077: Total time for which application threads were stopped: 0.0006710 seconds, Stopping threads took: 0.0000620 seconds
364.193: Application time: 0.1162070 seconds
364.193: [GC [PSYoungGen: 22784K->256K(23040K)] 54122K->31594K(54784K), 0.0004700 secs] [Times: user=0.00 sys=0.00, real=0.00 secs] 
364.193: Total time for which application threads were stopped: 0.0006170 seconds, Stopping threads took: 0.0000640 seconds
364.310: Application time: 0.1162130 seconds
364.310: [GC [PSYoungGen: 22784K->256K(23040K)] 54122K->31642K(54784K), 0.0004470 secs] [Times: user=0.00 sys=0.00, real=0.00 secs] 
364.310: Total time for which application threads were stopped: 0.0005970 seconds, Stopping threads took: 0.0000710 seconds
364.427: Application time: 0.1169600 seconds
364.427: [GC [PSYoungGen: 22784K->192K(23040K)] 54170K->31722K(54784K), 0.0004920 secs] [Times: user=0.00 sys=0.00, real=0.00 secs] 
364.428: [Full GC [PSYoungGen: 192K->0K(23040K)] [ParOldGen: 31530K->3480K(31744K)] 31722K->3480K(54784K) [PSPermGen: 6085K->6085K(21504K)], 0.0058700 secs] [Times: user=0.02 sys=0.00, real=0.00 secs] 
364.434: Total time for which application threads were stopped: 0.0065570 seconds, Stopping threads took: 0.0000680 seconds
364.549: Application time: 0.1148270 seconds
364.549: [GC [PSYoungGen: 22528K->256K(23040K)] 26008K->3736K(54784K), 0.0004640 secs] [Times: user=0.00 sys=0.00, real=0.00 secs] 
364.549: Total time for which application threads were stopped: 0.0006220 seconds, Stopping threads took: 0.0000780 seconds
364.662: Application time: 0.1132290 seconds
364.663: [GC [PSYoungGen: 22784K->448K(23040K)] 26264K->4048K(54784K), 0.0004990 secs] [Times: user=0.00 sys=0.00, real=0.00 secs] 
364.663: Total time for which application threads were stopped: 0.0006400 seconds, Stopping threads took: 0.0000560 seconds
364.780: Application time: 0.1166890 seconds
364.780: [GC [PSYoungGen: 22976K->256K(23040K)] 26576K->4156K(54784K), 0.0004750 secs] [Times: user=0.01 sys=0.00, real=0.00 secs] 
364.780: Total time for which application threads were stopped: 0.0006250 seconds, Stopping threads took: 0.0000750 seconds
364.897: Application time: 0.1161510 seconds
364.897: [GC [PSYoungGen: 22784K->224K(23040K)] 26684K->4124K(54784K), 0.0004270 secs] [Times: user=0.00 sys=0.00, real=0.00 secs] 
364.897: Total time for which application threads were stopped: 0.0005680 seconds, Stopping threads took: 0.0000620 seconds
365.013: Application time: 0.1155160 seconds
365.013: [GC [PSYoungGen: 22752K->224K(23040K)] 26652K->4172K(54784K), 0.0004900 secs] [Times: user=0.00 sys=0.00, real=0.00 secs] 
365.013: Total time for which application threads were stopped: 0.0006330 seconds, Stopping threads took: 0.0000640 seconds
365.130: Application time: 0.1163870 seconds
365.130: [GC [PSYoungGen: 22752K->256K(23040K)] 26700K->4348K(54784K), 0.0004230 secs] [Times: user=0.00 sys=0.00, real=0.00 secs] 
365.130: Total time for which application threads were stopped: 0.0005610 seconds, Stopping threads took: 0.0000550 seconds
365.246: Application time: 0.1154840 seconds
365.246: [GC [PSYoungGen: 22784K->256K(23040K)] 26876K->4348K(54784K), 0.0004700 secs] [Times: user=0.01 sys=0.00, real=0.00 secs] 
365.246: Total time for which application threads were stopped: 0.0006170 seconds, Stopping threads took: 0.0000630 seconds
365.360: Application time: 0.1141520 seconds
365.361: [GC [PSYoungGen: 22784K->304K(23040K)] 26876K->4500K(54784K), 0.0004770 secs] [Times: user=0.00 sys=0.00, real=0.00 secs] 
365.361: Total time for which application threads were stopped: 0.0006180 seconds, Stopping threads took: 0.0000610 seconds
365.477: Application time: 0.1161890 seconds
365.477: [GC [PSYoungGen: 22832K->256K(23040K)] 27028K->4716K(54784K), 0.0005100 secs] [Times: user=0.01 sys=0.00, real=0.01 secs] 
365.478: Total time for which application threads were stopped: 0.0006650 seconds, Stopping threads took: 0.0000730 seconds
365.594: Application time: 0.1161670 seconds
365.594: [GC [PSYoungGen: 22784K->256K(23040K)] 27244K->4812K(54784K), 0.0004040 secs] [Times: user=0.00 sys=0.00, real=0.00 secs] 
365.595: Total time for which application threads were stopped: 0.0005360 seconds, Stopping threads took: 0.0000530 seconds
365.711: Application time: 0.1165110 seconds
365.711: [GC [PSYoungGen: 22784K->256K(23040K)] 27340K->4836K(54784K), 0.0004240 secs] [Times: user=0.00 sys=0.00, real=0.00 secs] 
365.712: Total time for which application threads were stopped: 0.0005680 seconds, Stopping threads took: 0.0000660 seconds
365.828: Application time: 0.1161310 seconds
365.828: [GC [PSYoungGen: 22784K->256K(23040K)] 27364K->4932K(54784K), 0.0004390 secs] [Times: user=0.00 sys=0.00, real=0.00 secs] 
365.828: Total time for which application threads were stopped: 0.0005990 seconds, Stopping threads took: 0.0000710 seconds
365.945: Application time: 0.1160660 seconds
365.945: [GC [PSYoungGen: 22784K->256K(23040K)] 27460K->5005K(54784K), 0.0003910 secs] [Times: user=0.00 sys=0.00, real=0.00 secs] 
365.945: Total time for which application threads were stopped: 0.0005330 seconds, Stopping threads took: 0.0000670 seconds
366.059: Application time: 0.1142460 seconds
366.059: [GC [PSYoungGen: 22784K->336K(23040K)] 27533K->5085K(54784K), 0.0004390 secs] [Times: user=0.00 sys=0.00, real=0.00 secs] 
366.060: Total time for which application threads were stopped: 0.0005850 seconds, Stopping threads took: 0.0000630 seconds
366.174: Application time: 0.1144590 seconds
366.174: [GC [PSYoungGen: 22864K->304K(23040K)] 27613K->5269K(54784K), 0.0005080 secs] [Times: user=0.00 sys=0.00, real=0.00 secs] 
366.175: Total time for which application threads were stopped: 0.0006640 seconds, Stopping threads took: 0.0000670 seconds
366.292: Application time: 0.1165960 seconds
366.292: [GC [PSYoungGen: 22832K->256K(23040K)] 27797K->5437K(54784K), 0.0004280 secs] [Times: user=0.00 sys=0.00, real=0.00 secs] 
366.292: Total time for which application threads were stopped: 0.0005770 seconds, Stopping threads took: 0.0000670 seconds
366.408: Application time: 0.1159000 seconds
366.408: [GC [PSYoungGen: 22784K->256K(23040K)] 27965K->5437K(54784K), 0.0004020 secs] [Times: user=0.00 sys=0.00, real=0.00 secs] 
366.409: Total time for which application threads were stopped: 0.0005470 seconds, Stopping threads took: 0.0000580 seconds
366.525: Application time: 0.1159580 seconds
366.525: [GC [PSYoungGen: 22784K->256K(23040K)] 27965K->5509K(54784K), 0.0004280 secs] [Times: user=0.00 sys=0.00, real=0.00 secs] 
366.525: Total time for which application threads were stopped: 0.0005720 seconds, Stopping threads took: 0.0000670 seconds
366.641: Application time: 0.1159860 seconds
366.641: [GC [PSYoungGen: 22784K->192K(23040K)] 28037K->5557K(54784K), 0.0004430 secs] [Times: user=0.00 sys=0.00, real=0.00 secs] 
366.642: Total time for which application threads were stopped: 0.0005840 seconds, Stopping threads took: 0.0000610 seconds
366.757: Application time: 0.1151520 seconds
366.757: [GC [PSYoungGen: 22720K->256K(23040K)] 28085K->5621K(54784K), 0.0004190 secs] [Times: user=0.00 sys=0.00, real=0.00 secs] 
366.757: Total time for which application threads were stopped: 0.0005570 seconds, Stopping threads took: 0.0000600 seconds
366.871: Application time: 0.1134140 seconds
366.871: [GC [PSYoungGen: 22784K->432K(23040K)] 28149K->5917K(54784K), 0.0005260 secs] [Times: user=0.00 sys=0.00, real=0.00 secs] 
366.872: Total time for which application threads were stopped: 0.0006690 seconds, Stopping threads took: 0.0000650 seconds
366.988: Application time: 0.1162710 seconds
366.988: [GC [PSYoungGen: 22960K->256K(23040K)] 28445K->6037K(54784K), 0.0004640 secs] [Times: user=0.00 sys=0.00, real=0.00 secs] 
366.988: Total time for which application threads were stopped: 0.0006050 seconds, Stopping threads took: 0.0000580 seconds
367.104: Application time: 0.1159250 seconds
367.104: [GC [PSYoungGen: 22784K->256K(23040K)] 28565K->6037K(54784K), 0.0004280 secs] [Times: user=0.01 sys=0.00, real=0.00 secs] 
367.105: Total time for which application threads were stopped: 0.0005880 seconds, Stopping threads took: 0.0000830 seconds
367.221: Application time: 0.1157930 seconds
367.221: [GC [PSYoungGen: 22784K->256K(23040K)] 28565K->6085K(54784K), 0.0004460 secs] [Times: user=0.00 sys=0.00, real=0.00 secs] 
367.221: Total time for which application threads were stopped: 0.0005830 seconds, Stopping threads took: 0.0000630 seconds
367.338: Application time: 0.1164240 seconds
367.338: [GC [PSYoungGen: 22784K->256K(23040K)] 28613K->6230K(54784K), 0.0004290 secs] [Times: user=0.00 sys=0.00, real=0.00 secs] 
367.338: Total time for which application threads were stopped: 0.0005670 seconds, Stopping threads took: 0.0000600 seconds
367.453: Application time: 0.1149620 seconds
367.453: [GC [PSYoungGen: 22784K->256K(23040K)] 28758K->6230K(54784K), 0.0004300 secs] [Times: user=0.00 sys=0.00, real=0.00 secs] 
367.454: Total time for which application threads were stopped: 0.0005610 seconds, Stopping threads took: 0.0000560 seconds
367.567: Application time: 0.1133110 seconds
367.567: [GC [PSYoungGen: 22784K->400K(23040K)] 28758K->6502K(54784K), 0.0004930 secs] [Times: user=0.00 sys=0.00, real=0.00 secs] 
367.568: Total time for which application threads were stopped: 0.0006390 seconds, Stopping threads took: 0.0000580 seconds
367.684: Application time: 0.1163390 seconds
367.684: [GC [PSYoungGen: 22928K->256K(23040K)] 29030K->6662K(54784K), 0.0005090 secs] [Times: user=0.00 sys=0.00, real=0.00 secs] 
367.685: Total time for which application threads were stopped: 0.0006510 seconds, Stopping threads took: 0.0000620 seconds
367.801: Application time: 0.1160690 seconds
367.801: [GC [PSYoungGen: 22784K->256K(23040K)] 29190K->6662K(54784K), 0.0003910 secs] [Times: user=0.00 sys=0.00, real=0.00 secs] 
367.801: Total time for which application threads were stopped: 0.0005310 seconds, Stopping threads took: 0.0000620 seconds
367.917: Application time: 0.1153460 seconds
367.917: [GC [PSYoungGen: 22784K->256K(23040K)] 29190K->6710K(54784K), 0.0003900 secs] [Times: user=0.00 sys=0.00, real=0.00 secs] 
367.917: Total time for which application threads were stopped: 0.0005240 seconds, Stopping threads took: 0.0000590 seconds
368.034: Application time: 0.1168070 seconds
368.034: [GC [PSYoungGen: 22784K->224K(23040K)] 29238K->6814K(54784K), 0.0004660 secs] [Times: user=0.01 sys=0.00, real=0.00 secs] 
368.035: Total time for which application threads were stopped: 0.0006000 seconds, Stopping threads took: 0.0000560 seconds
368.150: Application time: 0.1150460 seconds
368.150: [GC [PSYoungGen: 22752K->240K(23040K)] 29342K->6830K(54784K), 0.0004760 secs] [Times: user=0.00 sys=0.00, real=0.00 secs] 
368.150: Total time for which application threads were stopped: 0.0006210 seconds, Stopping threads took: 0.0000550 seconds
368.265: Application time: 0.1142140 seconds
368.265: [GC [PSYoungGen: 22768K->368K(23040K)] 29358K->7062K(54784K), 0.0005270 secs] [Times: user=0.00 sys=0.00, real=0.00 secs] 
368.265: Total time for which application threads were stopped: 0.0006660 seconds, Stopping threads took: 0.0000630 seconds
368.381: Application time: 0.1155920 seconds
368.381: [GC [PSYoungGen: 22896K->256K(23040K)] 29590K->7206K(54784K), 0.0004910 secs] [Times: user=0.01 sys=0.00, real=0.00 secs] 
368.381: Total time for which application threads were stopped: 0.0006390 seconds, Stopping threads took: 0.0000650 seconds
368.498: Application time: 0.1165190 seconds
368.498: [GC [PSYoungGen: 22784K->256K(23040K)] 29734K->7278K(54784K), 0.0004450 secs] [Times: user=0.00 sys=0.00, real=0.00 secs] 
368.499: Total time for which application threads were stopped: 0.0005890 seconds, Stopping threads took: 0.0000660 seconds
368.614: Application time: 0.1158720 seconds
368.618: [GC [PSYoungGen: 22784K->256K(23040K)] 29806K->7302K(54784K), 0.0004630 secs] [Times: user=0.00 sys=0.00, real=0.00 secs] 
368.618: Total time for which application threads were stopped: 0.0036990 seconds, Stopping threads took: 0.0031560 seconds
368.734: Application time: 0.1163430 seconds
368.735: [GC [PSYoungGen: 22784K->256K(23040K)] 29830K->7374K(54784K), 0.0004240 secs] [Times: user=0.00 sys=0.00, real=0.00 secs] 
368.735: Total time for which application threads were stopped: 0.0005880 seconds, Stopping threads took: 0.0000800 seconds
368.852: Application time: 0.1168750 seconds
368.852: [GC [PSYoungGen: 22784K->224K(23040K)] 29902K->7439K(54784K), 0.0005070 secs] [Times: user=0.00 sys=0.00, real=0.00 secs] 
368.853: Total time for which application threads were stopped: 0.0006590 seconds, Stopping threads took: 0.0000730 seconds
368.967: Application time: 0.1144020 seconds
368.967: [GC [PSYoungGen: 22752K->320K(23040K)] 29967K->7535K(54784K), 0.0004700 secs] [Times: user=0.00 sys=0.00, real=0.00 secs] 
368.968: Total time for which application threads were stopped: 0.0005950 seconds, Stopping threads took: 0.0000520 seconds
369.082: Application time: 0.1140960 seconds
369.082: [GC [PSYoungGen: 22848K->304K(23040K)] 30063K->7735K(54784K), 0.0005160 secs] [Times: user=0.01 sys=0.00, real=0.00 secs] 
369.082: Total time for which application threads were stopped: 0.0006710 seconds, Stopping threads took: 0.0000770 seconds
369.199: Application time: 0.1168420 seconds
369.199: [GC [PSYoungGen: 22832K->224K(23040K)] 30263K->7871K(54784K), 0.0004870 secs] [Times: user=0.00 sys=0.00, real=0.00 secs] 
369.200: Total time for which application threads were stopped: 0.0006340 seconds, Stopping threads took: 0.0000750 seconds
369.316: Application time: 0.1159620 seconds
369.316: [GC [PSYoungGen: 22752K->256K(23040K)] 30399K->7903K(54784K), 0.0004560 secs] [Times: user=0.00 sys=0.00, real=0.00 secs] 
369.316: Total time for which application threads were stopped: 0.0005960 seconds, Stopping threads took: 0.0000540 seconds
369.432: Application time: 0.1160290 seconds
369.433: [GC [PSYoungGen: 22784K->240K(23040K)] 30431K->7959K(54784K), 0.0004580 secs] [Times: user=0.00 sys=0.00, real=0.00 secs] 
369.433: Total time for which application threads were stopped: 0.0005930 seconds, Stopping threads took: 0.0000620 seconds
369.550: Application time: 0.1168410 seconds
369.550: [GC [PSYoungGen: 22768K->256K(23040K)] 30487K->8095K(54784K), 0.0004140 secs] [Times: user=0.00 sys=0.00, real=0.00 secs] 
369.550: Total time for which application threads were stopped: 0.0005420 seconds, Stopping threads took: 0.0000540 seconds
369.665: Application time: 0.1148810 seconds
369.665: [GC [PSYoungGen: 22784K->224K(23040K)] 30623K->8063K(54784K), 0.0004370 secs] [Times: user=0.00 sys=0.00, real=0.01 secs] 
369.666: Total time for which application threads were stopped: 0.0005780 seconds, Stopping threads took: 0.0000600 seconds
369.780: Application time: 0.1140500 seconds
369.780: [GC [PSYoungGen: 22752K->384K(23040K)] 30591K->8351K(54784K), 0.0005000 secs] [Times: user=0.01 sys=0.00, real=0.00 secs] 
369.781: Total time for which application threads were stopped: 0.0006260 seconds, Stopping threads took: 0.0000510 seconds
369.897: Application time: 0.1162130 seconds
369.897: [GC [PSYoungGen: 22912K->256K(23040K)] 30879K->8535K(54784K), 0.0005040 secs] [Times: user=0.00 sys=0.00, real=0.00 secs] 
369.897: Total time for which application threads were stopped: 0.0006460 seconds, Stopping threads took: 0.0000550 seconds
370.014: Application time: 0.1163630 seconds
370.014: [GC [PSYoungGen: 22784K->224K(23040K)] 31063K->8503K(54784K), 0.0004220 secs] [Times: user=0.00 sys=0.00, real=0.00 secs] 
370.014: Total time for which application threads were stopped: 0.0005570 seconds, Stopping threads took: 0.0000620 seconds
370.130: Application time: 0.1157270 seconds
370.130: [GC [PSYoungGen: 22752K->256K(23040K)] 31031K->8584K(54784K), 0.0004450 secs] [Times: user=0.00 sys=0.00, real=0.00 secs] 
370.131: Total time for which application threads were stopped: 0.0005900 seconds, Stopping threads took: 0.0000640 seconds
370.247: Application time: 0.1163810 seconds
370.247: [GC [PSYoungGen: 22784K->256K(23040K)] 31112K->8728K(54784K), 0.0004270 secs] [Times: user=0.00 sys=0.00, real=0.00 secs] 
370.248: Total time for which application threads were stopped: 0.0005660 seconds, Stopping threads took: 0.0000650 seconds
370.363: Application time: 0.1152680 seconds
370.363: [GC [PSYoungGen: 22784K->256K(23040K)] 31256K->8728K(54784K), 0.0004260 secs] [Times: user=0.01 sys=0.00, real=0.00 secs] 
370.363: Total time for which application threads were stopped: 0.0005820 seconds, Stopping threads took: 0.0000780 seconds
370.477: Application time: 0.1133690 seconds
370.477: [GC [PSYoungGen: 22784K->448K(23040K)] 31256K->9040K(54784K), 0.0005100 secs] [Times: user=0.00 sys=0.00, real=0.00 secs] 
370.478: Total time for which application threads were stopped: 0.0006840 seconds, Stopping threads took: 0.0000850 seconds
370.593: Application time: 0.1158700 seconds
370.594: [GC [PSYoungGen: 22976K->256K(23040K)] 31568K->9148K(54784K), 0.0004990 secs] [Times: user=0.00 sys=0.00, real=0.00 secs] 
370.594: Total time for which application threads were stopped: 0.0006380 seconds, Stopping threads took: 0.0000600 seconds
370.711: Application time: 0.1167140 seconds
370.711: [GC [PSYoungGen: 22784K->256K(23040K)] 31676K->9148K(54784K), 0.0004050 secs] [Times: user=0.00 sys=0.00, real=0.00 secs] 
370.711: Total time for which application threads were stopped: 0.0005550 seconds, Stopping threads took: 0.0000710 seconds
370.827: Application time: 0.1157810 seconds
370.827: [GC [PSYoungGen: 22784K->256K(23040K)] 31676K->9196K(54784K), 0.0004270 secs] [Times: user=0.00 sys=0.00, real=0.00 secs] 
370.828: Total time for which application threads were stopped: 0.0005570 seconds, Stopping threads took: 0.0000560 seconds
370.944: Application time: 0.1165310 seconds
370.944: [GC [PSYoungGen: 22784K->256K(23040K)] 31724K->9340K(54784K), 0.0004350 secs] [Times: user=0.00 sys=0.00, real=0.00 secs] 
370.945: Total time for which application threads were stopped: 0.0005830 seconds, Stopping threads took: 0.0000630 seconds
371.060: Application time: 0.1152190 seconds
371.060: [GC [PSYoungGen: 22784K->256K(23040K)] 31868K->9340K(54784K), 0.0004460 secs] [Times: user=0.00 sys=0.00, real=0.00 secs] 
371.061: Total time for which application threads were stopped: 0.0006030 seconds, Stopping threads took: 0.0000680 seconds
371.175: Application time: 0.1140810 seconds
371.175: [GC [PSYoungGen: 22784K->320K(23040K)] 31868K->9532K(54784K), 0.0004720 secs] [Times: user=0.00 sys=0.00, real=0.00 secs] 
371.175: Total time for which application threads were stopped: 0.0006120 seconds, Stopping threads took: 0.0000660 seconds
371.291: Application time: 0.1158980 seconds
371.291: [GC [PSYoungGen: 22848K->256K(23040K)] 32060K->9732K(54784K), 0.0004710 secs] [Times: user=0.01 sys=0.00, real=0.00 secs] 
371.292: Total time for which application threads were stopped: 0.0006090 seconds, Stopping threads took: 0.0000630 seconds
371.408: Application time: 0.1159590 seconds
371.408: [GC [PSYoungGen: 22784K->256K(23040K)] 32260K->9796K(54784K), 0.0004230 secs] [Times: user=0.00 sys=0.00, real=0.00 secs] 
371.408: Total time for which application threads were stopped: 0.0005780 seconds, Stopping threads took: 0.0000680 seconds
371.524: Application time: 0.1154900 seconds
371.524: [GC [PSYoungGen: 22784K->256K(23040K)] 32324K->9821K(54784K), 0.0004770 secs] [Times: user=0.01 sys=0.00, real=0.00 secs] 
371.525: Total time for which application threads were stopped: 0.0006510 seconds, Stopping threads took: 0.0000960 seconds
371.641: Application time: 0.1160140 seconds
371.641: [GC [PSYoungGen: 22784K->256K(23040K)] 32349K->9917K(54784K), 0.0004230 secs] [Times: user=0.00 sys=0.00, real=0.00 secs] 
371.641: Total time for which application threads were stopped: 0.0005700 seconds, Stopping threads took: 0.0000640 seconds
371.758: Application time: 0.1164560 seconds
371.758: [GC [PSYoungGen: 22784K->256K(23040K)] 32445K->9989K(54784K), 0.0004130 secs] [Times: user=0.00 sys=0.00, real=0.00 secs] 
371.758: Total time for which application threads were stopped: 0.0005560 seconds, Stopping threads took: 0.0000670 seconds
371.873: Application time: 0.1146730 seconds
371.873: [GC [PSYoungGen: 22784K->320K(23040K)] 32517K->10053K(54784K), 0.0004320 secs] [Times: user=0.00 sys=0.00, real=0.00 secs] 
371.873: Total time for which application threads were stopped: 0.0005910 seconds, Stopping threads took: 0.0000840 seconds
371.988: Application time: 0.1143440 seconds
371.988: [GC [PSYoungGen: 22848K->320K(23040K)] 32581K->10269K(54784K), 0.0005020 secs] [Times: user=0.01 sys=0.00, real=0.00 secs] 
371.988: Total time for which application threads were stopped: 0.0006510 seconds, Stopping threads took: 0.0000700 seconds
372.105: Application time: 0.1168090 seconds
372.105: [GC [PSYoungGen: 22848K->256K(23040K)] 32797K->10421K(54784K), 0.0004730 secs] [Times: user=0.00 sys=0.00, real=0.01 secs] 
372.106: Total time for which application threads were stopped: 0.0006150 seconds, Stopping threads took: 0.0000630 seconds
372.222: Application time: 0.1165420 seconds
372.222: [GC [PSYoungGen: 22784K->256K(23040K)] 32949K->10421K(54784K), 0.0004140 secs] [Times: user=0.01 sys=0.00, real=0.00 secs] 
372.223: Total time for which application threads were stopped: 0.0005790 seconds, Stopping threads took: 0.0000730 seconds
372.339: Application time: 0.1157330 seconds
372.339: [GC [PSYoungGen: 22784K->256K(23040K)] 32949K->10493K(54784K), 0.0004440 secs] [Times: user=0.00 sys=0.00, real=0.00 secs] 
372.339: Total time for which application threads were stopped: 0.0005890 seconds, Stopping threads took: 0.0000650 seconds
372.456: Application time: 0.1169750 seconds
372.456: [GC [PSYoungGen: 22784K->224K(23040K)] 33021K->10573K(54784K), 0.0004960 secs] [Times: user=0.00 sys=0.00, real=0.00 secs] 
372.457: Total time for which application threads were stopped: 0.0006290 seconds, Stopping threads took: 0.0000540 seconds
372.572: Application time: 0.1154120 seconds
372.572: [GC [PSYoungGen: 22752K->272K(23040K)] 33101K->10621K(54784K), 0.0004550 secs] [Times: user=0.00 sys=0.00, real=0.00 secs] 
372.573: Total time for which application threads were stopped: 0.0005880 seconds, Stopping threads took: 0.0000590 seconds
372.686: Application time: 0.1128510 seconds
372.686: [GC [PSYoungGen: 22800K->384K(23040K)] 33149K->10853K(54784K), 0.0005010 secs] [Times: user=0.00 sys=0.00, real=0.00 secs] 
372.686: Total time for which application threads were stopped: 0.0006390 seconds, Stopping threads took: 0.0000620 seconds
372.803: Application time: 0.1168710 seconds
372.803: [GC [PSYoungGen: 22912K->256K(23040K)] 33381K->11038K(54784K), 0.0004400 secs] [Times: user=0.00 sys=0.00, real=0.00 secs] 
372.804: Total time for which application threads were stopped: 0.0005760 seconds, Stopping threads took: 0.0000480 seconds
372.920: Application time: 0.1161090 seconds
372.920: [GC [PSYoungGen: 22784K->256K(23040K)] 33566K->11038K(54784K), 0.0004410 secs] [Times: user=0.01 sys=0.00, real=0.00 secs] 
372.920: Total time for which application threads were stopped: 0.0005790 seconds, Stopping threads took: 0.0000590 seconds
373.036: Application time: 0.1158870 seconds
373.037: [GC [PSYoungGen: 22784K->256K(23040K)] 33566K->11086K(54784K), 0.0004400 secs] [Times: user=0.00 sys=0.00, real=0.00 secs] 
373.037: Total time for which application threads were stopped: 0.0005860 seconds, Stopping threads took: 0.0000680 seconds
373.154: Application time: 0.1168900 seconds
373.154: [GC [PSYoungGen: 22784K->256K(23040K)] 33614K->11230K(54784K), 0.0004200 secs] [Times: user=0.01 sys=0.00, real=0.00 secs] 
373.154: Total time for which application threads were stopped: 0.0005520 seconds, Stopping threads took: 0.0000570 seconds
373.269: Application time: 0.1150380 seconds
373.270: [GC [PSYoungGen: 22784K->272K(23040K)] 33758K->11246K(54784K), 0.0004180 secs] [Times: user=0.00 sys=0.00, real=0.00 secs] 
373.270: Total time for which application threads were stopped: 0.0005590 seconds, Stopping threads took: 0.0000620 seconds
373.383: Application time: 0.1132620 seconds
373.383: [GC [PSYoungGen: 22800K->416K(23040K)] 33774K->11510K(54784K), 0.0005040 secs] [Times: user=0.00 sys=0.00, real=0.00 secs] 
373.384: Total time for which application threads were stopped: 0.0006360 seconds, Stopping threads took: 0.0000500 seconds
373.500: Application time: 0.1165400 seconds
373.501: [GC [PSYoungGen: 22944K->256K(23040K)] 34038K->11650K(54784K), 0.0004950 secs] [Times: user=0.00 sys=0.00, real=0.00 secs] 
373.501: Total time for which application threads were stopped: 0.0006300 seconds, Stopping threads took: 0.0000600 seconds
373.618: Application time: 0.1165780 seconds
373.618: [GC [PSYoungGen: 22784K->256K(23040K)] 34178K->11650K(54784K), 0.0003690 secs] [Times: user=0.01 sys=0.00, real=0.00 secs] 
373.618: Total time for which application threads were stopped: 0.0005110 seconds, Stopping threads took: 0.0000640 seconds
373.734: Application time: 0.1158880 seconds
373.734: [GC [PSYoungGen: 22784K->256K(23040K)] 34178K->11698K(54784K), 0.0004590 secs] [Times: user=0.00 sys=0.00, real=0.00 secs] 
373.735: Total time for which application threads were stopped: 0.0006080 seconds, Stopping threads took: 0.0000670 seconds
373.851: Application time: 0.1168120 seconds
373.852: [GC [PSYoungGen: 22783K->256K(23040K)] 34226K->11842K(54784K), 0.0004750 secs] [Times: user=0.00 sys=0.00, real=0.00 secs] 
373.852: Total time for which application threads were stopped: 0.0006330 seconds, Stopping threads took: 0.0000770 seconds
373.967: Application time: 0.1150640 seconds
373.967: [GC [PSYoungGen: 22784K->256K(23040K)] 34370K->11842K(54784K), 0.0004210 secs] [Times: user=0.00 sys=0.00, real=0.00 secs] 
373.968: Total time for which application threads were stopped: 0.0005650 seconds, Stopping threads took: 0.0000540 seconds
374.081: Application time: 0.1134850 seconds
374.081: [GC [PSYoungGen: 22784K->416K(23040K)] 34370K->12122K(54784K), 0.0004860 secs] [Times: user=0.01 sys=0.00, real=0.00 secs] 
374.082: Total time for which application threads were stopped: 0.0006300 seconds, Stopping threads took: 0.0000540 seconds
374.198: Application time: 0.1161780 seconds
374.198: [GC [PSYoungGen: 22944K->256K(23040K)] 34650K->12259K(54784K), 0.0004860 secs] [Times: user=0.00 sys=0.00, real=0.00 secs] 
374.199: Total time for which application threads were stopped: 0.0006280 seconds, Stopping threads took: 0.0000650 seconds
374.314: Application time: 0.1157880 seconds
374.315: [GC [PSYoungGen: 22784K->256K(23040K)] 34787K->12259K(54784K), 0.0004480 secs] [Times: user=0.00 sys=0.00, real=0.00 secs] 
374.315: Total time for which application threads were stopped: 0.0005790 seconds, Stopping threads took: 0.0000580 seconds
374.431: Application time: 0.1160110 seconds
374.431: [GC [PSYoungGen: 22784K->224K(23040K)] 34787K->12275K(54784K), 0.0004540 secs] [Times: user=0.00 sys=0.00, real=0.00 secs] 
374.432: Total time for which application threads were stopped: 0.0005860 seconds, Stopping threads took: 0.0000590 seconds
374.548: Application time: 0.1164520 seconds
374.548: [GC [PSYoungGen: 22752K->256K(23040K)] 34803K->12379K(54784K), 0.0003890 secs] [Times: user=0.00 sys=0.00, real=0.00 secs] 
374.549: Total time for which application threads were stopped: 0.0005340 seconds, Stopping threads took: 0.0000590 seconds
374.665: Application time: 0.1164730 seconds
374.665: [GC [PSYoungGen: 22784K->256K(23040K)] 34907K->12451K(54784K), 0.0004300 secs] [Times: user=0.00 sys=0.00, real=0.01 secs] 
374.666: Total time for which application threads were stopped: 0.0005820 seconds, Stopping threads took: 0.0000730 seconds
374.780: Application time: 0.1142700 seconds
374.780: [GC [PSYoungGen: 22784K->368K(23040K)] 34979K->12563K(54784K), 0.0004580 secs] [Times: user=0.00 sys=0.00, real=0.00 secs] 
374.781: Total time for which application threads were stopped: 0.0005980 seconds, Stopping threads took: 0.0000640 seconds
374.895: Application time: 0.1145710 seconds
374.895: [GC [PSYoungGen: 22896K->304K(23040K)] 35091K->12759K(54784K), 0.0005050 secs] [Times: user=0.00 sys=0.00, real=0.00 secs] 
374.896: Total time for which application threads were stopped: 0.0006410 seconds, Stopping threads took: 0.0000620 seconds
375.013: Application time: 0.1168470 seconds
375.013: [GC [PSYoungGen: 22832K->256K(23040K)] 35287K->12879K(54784K), 0.0004520 secs] [Times: user=0.01 sys=0.00, real=0.00 secs] 
375.013: Total time for which application threads were stopped: 0.0005900 seconds, Stopping threads took: 0.0000620 seconds
375.129: Application time: 0.1162420 seconds
375.130: [GC [PSYoungGen: 22784K->256K(23040K)] 35407K->12879K(54784K), 0.0003980 secs] [Times: user=0.00 sys=0.00, real=0.00 secs] 
375.130: Total time for which application threads were stopped: 0.0005540 seconds, Stopping threads took: 0.0000660 seconds
375.246: Application time: 0.1161520 seconds
375.246: [GC [PSYoungGen: 22784K->256K(23040K)] 35407K->12975K(54784K), 0.0004310 secs] [Times: user=0.00 sys=0.00, real=0.00 secs] 
375.247: Total time for which application threads were stopped: 0.0005730 seconds, Stopping threads took: 0.0000630 seconds
375.363: Application time: 0.1165240 seconds
375.363: [GC [PSYoungGen: 22784K->256K(23040K)] 35503K->13071K(54784K), 0.0004810 secs] [Times: user=0.00 sys=0.00, real=0.00 secs] 
375.364: Total time for which application threads were stopped: 0.0006210 seconds, Stopping threads took: 0.0000610 seconds
375.479: Application time: 0.1150440 seconds
375.479: [GC [PSYoungGen: 22784K->208K(23040K)] 35599K->13023K(54784K), 0.0005210 secs] [Times: user=0.00 sys=0.00, real=0.00 secs] 
375.480: Total time for which application threads were stopped: 0.0006680 seconds, Stopping threads took: 0.0000700 seconds
375.594: Application time: 0.1140300 seconds
375.594: [GC [PSYoungGen: 22736K->352K(23040K)] 35551K->13343K(54784K), 0.0005630 secs] [Times: user=0.00 sys=0.00, real=0.00 secs] 
375.594: Total time for which application threads were stopped: 0.0007110 seconds, Stopping threads took: 0.0000700 seconds
375.711: Application time: 0.1161650 seconds
375.711: [GC [PSYoungGen: 22880K->256K(23040K)] 35871K->13516K(54784K), 0.0004920 secs] [Times: user=0.00 sys=0.00, real=0.00 secs] 
375.711: Total time for which application threads were stopped: 0.0006460 seconds, Stopping threads took: 0.0000670 seconds
375.828: Application time: 0.1165870 seconds
375.828: [GC [PSYoungGen: 22784K->256K(23040K)] 36044K->13516K(54784K), 0.0004140 secs] [Times: user=0.00 sys=0.00, real=0.00 secs] 
375.828: Total time for which application threads were stopped: 0.0005570 seconds, Stopping threads took: 0.0000630 seconds
375.944: Application time: 0.1161270 seconds
375.945: [GC [PSYoungGen: 22784K->240K(23040K)] 36044K->13548K(54784K), 0.0004280 secs] [Times: user=0.00 sys=0.00, real=0.00 secs] 
375.945: Total time for which application threads were stopped: 0.0005690 seconds, Stopping threads took: 0.0000660 seconds
376.062: Application time: 0.1169310 seconds
376.062: [GC [PSYoungGen: 22768K->256K(23040K)] 36076K->13708K(54784K), 0.0004380 secs] [Times: user=0.00 sys=0.00, real=0.00 secs] 
376.063: Total time for which application threads were stopped: 0.0005770 seconds, Stopping threads took: 0.0000610 seconds
376.178: Application time: 0.1151950 seconds
376.178: [GC [PSYoungGen: 22784K->288K(23040K)] 36236K->13740K(54784K), 0.0004720 secs] [Times: user=0.00 sys=0.00, real=0.00 secs] 
376.178: Total time for which application threads were stopped: 0.0006180 seconds, Stopping threads took: 0.0000650 seconds
376.262: Application time: 0.0838810 seconds
376.262: Total time for which application threads were stopped: 0.0001070 seconds, Stopping threads took: 0.0000550 seconds
376.292: Application time: 0.0299150 seconds
376.292: [GC [PSYoungGen: 22816K->368K(23040K)] 36268K->13924K(54784K), 0.0005120 secs] [Times: user=0.00 sys=0.00, real=0.00 secs] 
376.293: Total time for which application threads were stopped: 0.0006190 seconds, Stopping threads took: 0.0000440 seconds
376.411: Application time: 0.1180800 seconds
376.411: [GC [PSYoungGen: 22896K->256K(23040K)] 36452K->14080K(54784K), 0.0004510 secs] [Times: user=0.00 sys=0.00, real=0.00 secs] 
376.412: Total time for which application threads were stopped: 0.0005780 seconds, Stopping threads took: 0.0000560 seconds
376.529: Application time: 0.1178870 seconds
376.530: [GC [PSYoungGen: 22784K->256K(23040K)] 36608K->14080K(54784K), 0.0004500 secs] [Times: user=0.00 sys=0.00, real=0.00 secs] 
376.530: Total time for which application threads were stopped: 0.0005780 seconds, Stopping threads took: 0.0000560 seconds
376.648: Application time: 0.1181770 seconds
376.648: [GC [PSYoungGen: 22784K->256K(23040K)] 36608K->14152K(54784K), 0.0004770 secs] [Times: user=0.00 sys=0.00, real=0.00 secs] 
376.649: Total time for which application threads were stopped: 0.0006140 seconds, Stopping threads took: 0.0000590 seconds
376.714: Application time: 0.0648680 seconds
376.714: Total time for which application threads were stopped: 0.0000950 seconds, Stopping threads took: 0.0000550 seconds
376.746: Application time: 0.0319050 seconds
376.746: Total time for which application threads were stopped: 0.0000650 seconds, Stopping threads took: 0.0000360 seconds
376.768: Application time: 0.0218770 seconds
376.768: [GC [PSYoungGen: 22784K->224K(23040K)] 36680K->14216K(54784K), 0.0004210 secs] [Times: user=0.01 sys=0.00, real=0.00 secs] 
376.768: Total time for which application threads were stopped: 0.0005330 seconds, Stopping threads took: 0.0000350 seconds
376.810: Application time: 0.0417090 seconds
376.810: Total time for which application threads were stopped: 0.0000780 seconds, Stopping threads took: 0.0000430 seconds
376.822: Application time: 0.0118600 seconds
376.822: Total time for which application threads were stopped: 0.0000510 seconds, Stopping threads took: 0.0000300 seconds
376.843: Application time: 0.0212310 seconds
376.843: Total time for which application threads were stopped: 0.0000430 seconds, Stopping threads took: 0.0000260 seconds
376.872: Application time: 0.0285880 seconds
376.872: Total time for which application threads were stopped: 0.0000310 seconds, Stopping threads took: 0.0000150 seconds
376.956: Application time: 0.0841770 seconds
376.956: [GC [PSYoungGen: 22721K->501K(23040K)] 36714K->14617K(54784K), 0.0010330 secs] [Times: user=0.00 sys=0.00, real=0.00 secs] 
376.957: Total time for which application threads were stopped: 0.0011270 seconds, Stopping threads took: 0.0000100 seconds
376.969: Application time: 0.0114860 seconds
376.969: Total time for which application threads were stopped: 0.0000830 seconds, Stopping threads took: 0.0000120 seconds
377.188: Application time: 0.2188990 seconds
377.188: Total time for which application threads were stopped: 0.0000470 seconds, Stopping threads took: 0.0000080 seconds
377.188: Application time: 0.0000180 seconds
377.188: Total time for which application threads were stopped: 0.0000090 seconds, Stopping threads took: 0.0000040 seconds
377.197: Application time: 0.0098460 seconds
377.198: Total time for which application threads were stopped: 0.0000880 seconds, Stopping threads took: 0.0000110 seconds
377.255: Application time: 0.0570070 seconds
377.255: [GC [PSYoungGen: 23029K->490K(19456K)] 37145K->28346K(51200K), 0.0053960 secs] [Times: user=0.04 sys=0.00, real=0.01 secs] 
377.260: [Full GC [PSYoungGen: 490K->0K(19456K)] [ParOldGen: 27856K->10491K(43008K)] 28346K->10491K(62464K) [PSPermGen: 13173K->13170K(21504K)], 0.0206450 secs] [Times: user=0.07 sys=0.00, real=0.02 secs] 
377.281: Total time for which application threads were stopped: 0.0261910 seconds, Stopping threads took: 0.0000100 seconds
377.281: Application time: 0.0000860 seconds
377.281: Total time for which application threads were stopped: 0.0001160 seconds, Stopping threads took: 0.0000550 seconds
377.281: Application time: 0.0000600 seconds
377.281: Total time for which application threads were stopped: 0.0000570 seconds, Stopping threads took: 0.0000370 seconds
377.281: Application time: 0.0002780 seconds
377.281: Total time for which application threads were stopped: 0.0000250 seconds, Stopping threads took: 0.0000100 seconds
377.282: Application time: 0.0001980 seconds
377.282: Total time for which application threads were stopped: 0.0000190 seconds, Stopping threads took: 0.0000060 seconds
377.282: Application time: 0.0000320 seconds
377.282: Total time for which application threads were stopped: 0.0000140 seconds, Stopping threads took: 0.0000050 seconds
377.282: Application time: 0.0001010 seconds
377.282: Total time for which application threads were stopped: 0.0000360 seconds, Stopping threads took: 0.0000210 seconds
377.703: Application time: 0.4212870 seconds
377.703: [GC [PSYoungGen: 18944K->5626K(24576K)] 29435K->18539K(67584K), 0.0026490 secs] [Times: user=0.02 sys=0.00, real=0.01 secs] 
377.706: Total time for which application threads were stopped: 0.0027730 seconds, Stopping threads took: 0.0000100 seconds
377.706: Application time: 0.0001310 seconds
377.706: Total time for which application threads were stopped: 0.0000540 seconds, Stopping threads took: 0.0000090 seconds
377.741: Application time: 0.0347510 seconds
377.741: Total time for which application threads were stopped: 0.0000550 seconds, Stopping threads took: 0.0000150 seconds
377.743: Application time: 0.0018740 seconds
377.743: Total time for which application threads were stopped: 0.0000310 seconds, Stopping threads took: 0.0000100 seconds
Heap
 PSYoungGen      total 24576K, used 10932K [0x00000000d7480000, 0x00000000d9600000, 0x0000000100000000)
  eden space 18944K, 28% used [0x00000000d7480000,0x00000000d79ae7a8,0x00000000d8700000)
  from space 5632K, 99% used [0x00000000d8700000,0x00000000d8c7eb20,0x00000000d8c80000)
  to   space 7680K, 0% used [0x00000000d8e80000,0x00000000d8e80000,0x00000000d9600000)
 ParOldGen       total 43008K, used 12913K [0x0000000085e00000, 0x0000000088800000, 0x00000000d7480000)
  object space 43008K, 30% used [0x0000000085e00000,0x0000000086a9c4d0,0x0000000088800000)
 PSPermGen       total 21504K, used 13577K [0x0000000080c00000, 0x0000000082100000, 0x0000000085e00000)
  object space 21504K, 63% used [0x0000000080c00000,0x00000000819427d8,0x0000000082100000)
377.743: Application time: 0.0001880 seconds
