Java HotSpot(TM) 64-Bit Server VM (24.80-b11) for linux-amd64 JRE (1.7.0_80-b15), built on Apr 10 2015 19:53:14 by "java_re" with gcc 4.3.0 20080428 (Red Hat 4.3.0-8)
Memory: 4k page, physical 8000092k(5781412k free), swap 8218620k(8218620k free)
CommandLine flags: -XX:InitialHeapSize=128001472 -XX:MaxHeapSize=2048023552 -XX:+PrintGC -XX:+PrintGCApplicationConcurrentTime -XX:+PrintGCApplicationStoppedTime -XX:+PrintGCDetails -XX:+PrintGCTimeStamps -XX:+UseCMSInitiatingOccupancyOnly -XX:+UseCompressedOops -XX:+UseParallelGC 
1.009: Application time: 0.9869270 seconds
1.009: Total time for which application threads were stopped: 0.0000440 seconds, Stopping threads took: 0.0000110 seconds
4.028: Application time: 3.0184410 seconds
4.028: Total time for which application threads were stopped: 0.0000590 seconds, Stopping threads took: 0.0000100 seconds
14.879: Application time: 10.8511210 seconds
14.879: Total time for which application threads were stopped: 0.0000230 seconds, Stopping threads took: 0.0000080 seconds
14.879: Application time: 0.0000260 seconds
14.879: Total time for which application threads were stopped: 0.0000070 seconds, Stopping threads took: 0.0000030 seconds
14.881: Application time: 0.0014290 seconds
14.881: Total time for which application threads were stopped: 0.0000080 seconds, Stopping threads took: 0.0000040 seconds
14.901: Application time: 0.0203680 seconds
14.901: Total time for which application threads were stopped: 0.0000370 seconds, Stopping threads took: 0.0000090 seconds
14.913: Application time: 0.0122490 seconds
14.913: [GC [PSYoungGen: 11117K->3344K(36864K)] 11117K->3352K(119808K), 0.0023560 secs] [Times: user=0.00 sys=0.01, real=0.00 secs] 
14.916: [Full GC [PSYoungGen: 3344K->0K(36864K)] [ParOldGen: 8K->3145K(82944K)] 3352K->3145K(119808K) [PSPermGen: 5076K->5074K(21504K)], 0.0110310 secs] [Times: user=0.02 sys=0.02, real=0.01 secs] 
14.927: Total time for which application threads were stopped: 0.0135180 seconds, Stopping threads took: 0.0000180 seconds
14.927: Application time: 0.0000430 seconds
14.927: [GC [PSYoungGen: 0K->0K(36864K)] 3145K->3145K(119808K), 0.0002710 secs] [Times: user=0.01 sys=0.00, real=0.00 secs] 
14.927: [Full GC [PSYoungGen: 0K->0K(36864K)] [ParOldGen: 3145K->3145K(82944K)] 3145K->3145K(119808K) [PSPermGen: 5074K->5074K(21504K)], 0.0039590 secs] [Times: user=0.01 sys=0.00, real=0.00 secs] 
14.931: Total time for which application threads were stopped: 0.0043430 seconds, Stopping threads took: 0.0000260 seconds
14.931: Application time: 0.0000720 seconds
14.931: Total time for which application threads were stopped: 0.0000300 seconds, Stopping threads took: 0.0000200 seconds
14.931: Application time: 0.0000130 seconds
14.931: Total time for which application threads were stopped: 0.0000140 seconds, Stopping threads took: 0.0000090 seconds
14.931: Application time: 0.0000270 seconds
14.931: Total time for which application threads were stopped: 0.0000170 seconds, Stopping threads took: 0.0000130 seconds
14.931: Application time: 0.0000350 seconds
14.931: Total time for which application threads were stopped: 0.0000160 seconds, Stopping threads took: 0.0000120 seconds
14.931: Application time: 0.0000120 seconds
14.931: Total time for which application threads were stopped: 0.0000140 seconds, Stopping threads took: 0.0000100 seconds
14.931: Application time: 0.0000110 seconds
14.931: Total time for which application threads were stopped: 0.0000160 seconds, Stopping threads took: 0.0000130 seconds
14.931: Application time: 0.0000110 seconds
14.931: Total time for which application threads were stopped: 0.0000150 seconds, Stopping threads took: 0.0000110 seconds
14.931: Application time: 0.0000160 seconds
14.931: Total time for which application threads were stopped: 0.0000160 seconds, Stopping threads took: 0.0000120 seconds
14.931: Application time: 0.0000160 seconds
14.931: Total time for which application threads were stopped: 0.0000150 seconds, Stopping threads took: 0.0000110 seconds
14.932: Application time: 0.0000170 seconds
14.932: Total time for which application threads were stopped: 0.0000170 seconds, Stopping threads took: 0.0000130 seconds
14.932: Application time: 0.0000380 seconds
14.932: Total time for which application threads were stopped: 0.0000230 seconds, Stopping threads took: 0.0000190 seconds
14.932: Application time: 0.0000140 seconds
14.932: Total time for which application threads were stopped: 0.0000150 seconds, Stopping threads took: 0.0000110 seconds
14.932: Application time: 0.0000140 seconds
14.932: Total time for which application threads were stopped: 0.0000130 seconds, Stopping threads took: 0.0000100 seconds
14.932: Application time: 0.0000140 seconds
14.932: Total time for which application threads were stopped: 0.0000140 seconds, Stopping threads took: 0.0000100 seconds
14.932: Application time: 0.0000130 seconds
14.932: Total time for which application threads were stopped: 0.0000160 seconds, Stopping threads took: 0.0000130 seconds
14.932: Application time: 0.0000150 seconds
14.932: Total time for which application threads were stopped: 0.0000130 seconds, Stopping threads took: 0.0000090 seconds
14.932: Application time: 0.0000150 seconds
14.932: Total time for which application threads were stopped: 0.0000130 seconds, Stopping threads took: 0.0000090 seconds
14.932: Application time: 0.0001570 seconds
14.932: Total time for which application threads were stopped: 0.0000140 seconds, Stopping threads took: 0.0000100 seconds
14.932: Application time: 0.0000170 seconds
14.932: Total time for which application threads were stopped: 0.0000250 seconds, Stopping threads took: 0.0000200 seconds
14.932: Application time: 0.0000150 seconds
14.932: Total time for which application threads were stopped: 0.0000300 seconds, Stopping threads took: 0.0000120 seconds
14.932: Application time: 0.0003000 seconds
14.932: Total time for which application threads were stopped: 0.0000210 seconds, Stopping threads took: 0.0000140 seconds
14.954: Application time: 0.0214330 seconds
14.954: Total time for which application threads were stopped: 0.0000860 seconds, Stopping threads took: 0.0000550 seconds
14.954: Application time: 0.0001330 seconds
14.954: Total time for which application threads were stopped: 0.0000510 seconds, Stopping threads took: 0.0000370 seconds
14.954: Application time: 0.0000360 seconds
14.954: Total time for which application threads were stopped: 0.0000850 seconds, Stopping threads took: 0.0000730 seconds
14.955: Application time: 0.0010500 seconds
14.955: Total time for which application threads were stopped: 0.0000460 seconds, Stopping threads took: 0.0000360 seconds
14.957: Application time: 0.0018840 seconds
14.957: Total time for which application threads were stopped: 0.0000260 seconds, Stopping threads took: 0.0000160 seconds
14.957: Application time: 0.0001650 seconds
14.957: Total time for which application threads were stopped: 0.0000250 seconds, Stopping threads took: 0.0000190 seconds
14.958: Application time: 0.0009400 seconds
14.958: Total time for which application threads were stopped: 0.0000160 seconds, Stopping threads took: 0.0000080 seconds
14.959: Application time: 0.0007710 seconds
14.959: Total time for which application threads were stopped: 0.0000710 seconds, Stopping threads took: 0.0000250 seconds
14.960: Application time: 0.0005410 seconds
14.960: Total time for which application threads were stopped: 0.0000130 seconds, Stopping threads took: 0.0000080 seconds
14.963: Application time: 0.0034380 seconds
14.963: Total time for which application threads were stopped: 0.0000370 seconds, Stopping threads took: 0.0000270 seconds
14.964: Application time: 0.0009970 seconds
14.964: Total time for which application threads were stopped: 0.0000140 seconds, Stopping threads took: 0.0000080 seconds
14.965: Application time: 0.0006500 seconds
14.965: Total time for which application threads were stopped: 0.0001020 seconds, Stopping threads took: 0.0000300 seconds
14.969: Application time: 0.0036510 seconds
14.969: Total time for which application threads were stopped: 0.0000520 seconds, Stopping threads took: 0.0000390 seconds
14.969: Application time: 0.0000570 seconds
14.969: Total time for which application threads were stopped: 0.0000300 seconds, Stopping threads took: 0.0000210 seconds
14.969: Application time: 0.0000460 seconds
14.969: Total time for which application threads were stopped: 0.0000460 seconds, Stopping threads took: 0.0000360 seconds
14.969: Application time: 0.0000320 seconds
14.969: Total time for which application threads were stopped: 0.0000270 seconds, Stopping threads took: 0.0000190 seconds
15.098: Application time: 0.1295000 seconds
15.099: [GC [PSYoungGen: 30642K->5112K(36864K)] 33787K->11630K(119808K), 0.0028200 secs] [Times: user=0.02 sys=0.00, real=0.01 secs] 
15.101: Total time for which application threads were stopped: 0.0030090 seconds, Stopping threads took: 0.0000740 seconds
15.102: Application time: 0.0001470 seconds
15.102: Total time for which application threads were stopped: 0.0004530 seconds, Stopping threads took: 0.0004330 seconds
15.102: Application time: 0.0000170 seconds
15.102: Total time for which application threads were stopped: 0.0000220 seconds, Stopping threads took: 0.0000160 seconds
15.102: Application time: 0.0000150 seconds
15.102: Total time for which application threads were stopped: 0.0000230 seconds, Stopping threads took: 0.0000150 seconds
15.102: Application time: 0.0000110 seconds
15.102: Total time for which application threads were stopped: 0.0000080 seconds, Stopping threads took: 0.0000030 seconds
15.102: Application time: 0.0000120 seconds
15.102: Total time for which application threads were stopped: 0.0000080 seconds, Stopping threads took: 0.0000040 seconds
15.102: Application time: 0.0000100 seconds
15.102: Total time for which application threads were stopped: 0.0000060 seconds, Stopping threads took: 0.0000030 seconds
15.102: Application time: 0.0000110 seconds
15.102: Total time for which application threads were stopped: 0.0000240 seconds, Stopping threads took: 0.0000170 seconds
15.102: Application time: 0.0000170 seconds
15.102: Total time for which application threads were stopped: 0.0000280 seconds, Stopping threads took: 0.0000190 seconds
15.102: Application time: 0.0000140 seconds
15.102: Total time for which application threads were stopped: 0.0000190 seconds, Stopping threads took: 0.0000120 seconds
15.102: Application time: 0.0000120 seconds
15.102: Total time for which application threads were stopped: 0.0000290 seconds, Stopping threads took: 0.0000220 seconds
15.102: Application time: 0.0000100 seconds
15.102: Total time for which application threads were stopped: 0.0000220 seconds, Stopping threads took: 0.0000160 seconds
15.102: Application time: 0.0000150 seconds
15.102: Total time for which application threads were stopped: 0.0000290 seconds, Stopping threads took: 0.0000190 seconds
15.102: Application time: 0.0000130 seconds
15.102: Total time for which application threads were stopped: 0.0000290 seconds, Stopping threads took: 0.0000210 seconds
15.103: Application time: 0.0000120 seconds
15.103: Total time for which application threads were stopped: 0.0000300 seconds, Stopping threads took: 0.0000210 seconds
15.103: Application time: 0.0000130 seconds
15.103: Total time for which application threads were stopped: 0.0000300 seconds, Stopping threads took: 0.0000220 seconds
15.103: Application time: 0.0000160 seconds
15.103: Total time for which application threads were stopped: 0.0000290 seconds, Stopping threads took: 0.0000220 seconds
15.103: Application time: 0.0000090 seconds
15.103: Total time for which application threads were stopped: 0.0000220 seconds, Stopping threads took: 0.0000160 seconds
15.103: Application time: 0.0000190 seconds
15.103: Total time for which application threads were stopped: 0.0000330 seconds, Stopping threads took: 0.0000250 seconds
15.103: Application time: 0.0000120 seconds
15.103: Total time for which application threads were stopped: 0.0000290 seconds, Stopping threads took: 0.0000210 seconds
15.103: Application time: 0.0000120 seconds
15.103: Total time for which application threads were stopped: 0.0000420 seconds, Stopping threads took: 0.0000340 seconds
15.103: Application time: 0.0000130 seconds
15.103: Total time for which application threads were stopped: 0.0001310 seconds, Stopping threads took: 0.0000180 seconds
15.151: Application time: 0.0482380 seconds
15.151: [GC [PSYoungGen: 36856K->4688K(68608K)] 43374K->24870K(151552K), 0.0046650 secs] [Times: user=0.03 sys=0.00, real=0.00 secs] 
15.156: Total time for which application threads were stopped: 0.0048420 seconds, Stopping threads took: 0.0000880 seconds
15.195: Application time: 0.0392300 seconds
15.196: [GC [PSYoungGen: 67686K->4720K(68608K)] 87869K->63942K(151552K), 0.0104670 secs] [Times: user=0.06 sys=0.02, real=0.01 secs] 
15.206: [Full GC [PSYoungGen: 4720K->0K(68608K)] [ParOldGen: 59222K->42102K(121856K)] 63942K->42102K(190464K) [PSPermGen: 5828K->5796K(21504K)], 0.0200620 secs] [Times: user=0.12 sys=0.00, real=0.02 secs] 
15.226: Total time for which application threads were stopped: 0.0309110 seconds, Stopping threads took: 0.0002240 seconds
15.250: Application time: 0.0241650 seconds
15.251: [GC [PSYoungGen: 63488K->192K(105984K)] 105590K->89142K(227840K), 0.0123350 secs] [Times: user=0.08 sys=0.02, real=0.01 secs] 
15.263: [Full GC [PSYoungGen: 192K->0K(105984K)] [ParOldGen: 88950K->65527K(188416K)] 89142K->65527K(294400K) [PSPermGen: 5800K->5800K(21504K)], 0.0178230 secs] [Times: user=0.11 sys=0.00, real=0.02 secs] 
15.281: Total time for which application threads were stopped: 0.0304080 seconds, Stopping threads took: 0.0000960 seconds
15.310: Application time: 0.0297400 seconds
15.318: [GC [PSYoungGen: 105472K->256K(127488K)] 170999K->143863K(315904K), 0.0198590 secs] [Times: user=0.12 sys=0.04, real=0.02 secs] 
15.338: [Full GC [PSYoungGen: 256K->0K(127488K)] [ParOldGen: 143607K->104566K(279040K)] 143863K->104566K(406528K) [PSPermGen: 5800K->5800K(21504K)], 0.0276270 secs] [Times: user=0.19 sys=0.00, real=0.03 secs] 
15.366: Total time for which application threads were stopped: 0.0550050 seconds, Stopping threads took: 0.0073720 seconds
15.431: Application time: 0.0657910 seconds
15.431: [GC [PSYoungGen: 122368K->160K(162816K)] 226934K->151574K(441856K), 0.0110630 secs] [Times: user=0.08 sys=0.00, real=0.01 secs] 
15.443: Total time for which application threads were stopped: 0.0112600 seconds, Stopping threads took: 0.0000860 seconds
15.454: Application time: 0.0119180 seconds
15.472: [GC [PSYoungGen: 133995K->128K(162816K)] 285410K->276470K(441856K), 0.0342260 secs] [Times: user=0.18 sys=0.07, real=0.03 secs] 
15.506: [Full GC [PSYoungGen: 128K->0K(162816K)] [ParOldGen: 276342K->190465K(430592K)] 276470K->190465K(593408K) [PSPermGen: 5810K->5810K(21504K)], 0.0454850 secs] [Times: user=0.33 sys=0.00, real=0.05 secs] 
15.552: Total time for which application threads were stopped: 0.0970030 seconds, Stopping threads took: 0.0171150 seconds
15.591: Application time: 0.0392650 seconds
15.591: [GC [PSYoungGen: 153600K->256K(240640K)] 344065K->315650K(671232K), 0.0300120 secs] [Times: user=0.19 sys=0.02, real=0.03 secs] 
15.621: [Full GC [PSYoungGen: 256K->0K(240640K)] [ParOldGen: 315394K->252974K(545280K)] 315650K->252974K(785920K) [PSPermGen: 5854K->5854K(21504K)], 0.0577740 secs] [Times: user=0.43 sys=0.00, real=0.05 secs] 
15.679: Total time for which application threads were stopped: 0.0880120 seconds, Stopping threads took: 0.0000820 seconds
15.926: Application time: 0.2469740 seconds
15.926: [GC [PSYoungGen: 231936K->544K(240640K)] 484910K->253518K(785920K), 0.0017240 secs] [Times: user=0.02 sys=0.00, real=0.01 secs] 
15.928: Total time for which application threads were stopped: 0.0019290 seconds, Stopping threads took: 0.0001090 seconds
15.992: Application time: 0.0644230 seconds
15.992: [GC [PSYoungGen: 232480K->448K(279552K)] 485454K->253422K(824832K), 0.0016670 secs] [Times: user=0.01 sys=0.00, real=0.00 secs] 
15.994: Total time for which application threads were stopped: 0.0017860 seconds, Stopping threads took: 0.0000470 seconds
16.068: Application time: 0.0742830 seconds
16.068: [GC [PSYoungGen: 279488K->608K(287232K)] 532462K->253582K(832512K), 0.0017100 secs] [Times: user=0.00 sys=0.01, real=0.00 secs] 
16.070: Total time for which application threads were stopped: 0.0018200 seconds, Stopping threads took: 0.0000360 seconds
16.143: Application time: 0.0734430 seconds
16.144: [GC [PSYoungGen: 279648K->608K(320512K)] 532622K->253582K(865792K), 0.0016510 secs] [Times: user=0.01 sys=0.00, real=0.00 secs] 
16.145: Total time for which application threads were stopped: 0.0018090 seconds, Stopping threads took: 0.0000680 seconds
16.235: Application time: 0.0900770 seconds
16.236: [GC [PSYoungGen: 320096K->416K(328192K)] 573070K->253398K(873472K), 0.0016950 secs] [Times: user=0.00 sys=0.00, real=0.00 secs] 
16.237: Total time for which application threads were stopped: 0.0018950 seconds, Stopping threads took: 0.0001340 seconds
16.405: Application time: 0.1679780 seconds
16.405: [GC [PSYoungGen: 321440K->288K(354304K)] 574422K->253270K(899584K), 0.0016980 secs] [Times: user=0.01 sys=0.00, real=0.01 secs] 
16.407: Total time for which application threads were stopped: 0.0018830 seconds, Stopping threads took: 0.0000810 seconds
16.570: Application time: 0.1626210 seconds
16.570: [GC [PSYoungGen: 353568K->704K(359936K)] 606550K->253686K(905216K), 0.0016140 secs] [Times: user=0.01 sys=0.00, real=0.00 secs] 
16.572: Total time for which application threads were stopped: 0.0017820 seconds, Stopping threads took: 0.0000930 seconds
16.660: Application time: 0.0880090 seconds
16.660: [GC [PSYoungGen: 353984K->576K(380928K)] 606966K->253558K(926208K), 0.0017920 secs] [Times: user=0.01 sys=0.00, real=0.00 secs] 
16.662: Total time for which application threads were stopped: 0.0019650 seconds, Stopping threads took: 0.0000860 seconds
16.756: Application time: 0.0941430 seconds
16.756: [GC [PSYoungGen: 378944K->640K(384512K)] 631926K->253622K(929792K), 0.0016550 secs] [Times: user=0.01 sys=0.00, real=0.00 secs] 
16.757: Total time for which application threads were stopped: 0.0017970 seconds, Stopping threads took: 0.0000800 seconds
16.858: Application time: 0.1001940 seconds
16.858: [GC [PSYoungGen: 379008K->640K(394752K)] 631990K->253622K(940032K), 0.0017340 secs] [Times: user=0.01 sys=0.00, real=0.01 secs] 
16.860: Total time for which application threads were stopped: 0.0019000 seconds, Stopping threads took: 0.0000700 seconds
17.037: Application time: 0.1774260 seconds
17.037: [GC [PSYoungGen: 392832K->320K(397312K)] 645814K->253302K(942592K), 0.0017970 secs] [Times: user=0.01 sys=0.00, real=0.01 secs] 
17.039: Total time for which application threads were stopped: 0.0020110 seconds, Stopping threads took: 0.0001140 seconds
17.155: Application time: 0.1163630 seconds
17.155: [GC [PSYoungGen: 392512K->704K(406528K)] 645494K->253686K(951808K), 0.0018010 secs] [Times: user=0.01 sys=0.00, real=0.00 secs] 
17.157: Total time for which application threads were stopped: 0.0019540 seconds, Stopping threads took: 0.0000770 seconds
17.250: Application time: 0.0922100 seconds
17.250: [GC [PSYoungGen: 404160K->576K(408064K)] 657142K->253558K(953344K), 0.0014990 secs] [Times: user=0.01 sys=0.00, real=0.00 secs] 
17.251: Total time for which application threads were stopped: 0.0016530 seconds, Stopping threads took: 0.0000890 seconds
17.345: Application time: 0.0934040 seconds
17.345: [GC [PSYoungGen: 404032K->576K(416768K)] 657014K->253558K(962048K), 0.0016510 secs] [Times: user=0.01 sys=0.00, real=0.00 secs] 
17.346: Total time for which application threads were stopped: 0.0017920 seconds, Stopping threads took: 0.0000790 seconds
17.403: Application time: 0.0569350 seconds
17.403: Total time for which application threads were stopped: 0.0000730 seconds, Stopping threads took: 0.0000450 seconds
17.451: Application time: 0.0478020 seconds
17.451: [GC [PSYoungGen: 414272K->544K(417792K)] 667254K->253526K(963072K), 0.0017020 secs] [Times: user=0.01 sys=0.00, real=0.00 secs] 
17.453: Total time for which application threads were stopped: 0.0018580 seconds, Stopping threads took: 0.0000930 seconds
17.645: Application time: 0.1922790 seconds
17.645: [GC [PSYoungGen: 414240K->848K(423936K)] 667222K->253918K(969216K), 0.0017040 secs] [Times: user=0.01 sys=0.00, real=0.01 secs] 
17.647: Total time for which application threads were stopped: 0.0018390 seconds, Stopping threads took: 0.0000570 seconds
17.743: Application time: 0.0955820 seconds
17.743: [GC [PSYoungGen: 423248K->816K(425984K)] 676318K->253894K(971264K), 0.0016330 secs] [Times: user=0.00 sys=0.00, real=0.00 secs] 
17.745: Total time for which application threads were stopped: 0.0017690 seconds, Stopping threads took: 0.0000680 seconds
17.840: Application time: 0.0956500 seconds
17.840: [GC [PSYoungGen: 423216K->752K(431616K)] 676294K->253838K(976896K), 0.0016380 secs] [Times: user=0.01 sys=0.00, real=0.00 secs] 
17.842: Total time for which application threads were stopped: 0.0017860 seconds, Stopping threads took: 0.0000830 seconds
17.940: Application time: 0.0981980 seconds
17.940: [GC [PSYoungGen: 429808K->656K(432128K)] 682894K->253750K(977408K), 0.0016240 secs] [Times: user=0.01 sys=0.00, real=0.00 secs] 
17.942: Total time for which application threads were stopped: 0.0017630 seconds, Stopping threads took: 0.0000790 seconds
18.140: Application time: 0.1979920 seconds
18.140: [GC [PSYoungGen: 429712K->704K(437248K)] 682806K->253814K(982528K), 0.0017020 secs] [Times: user=0.01 sys=0.00, real=0.00 secs] 
18.142: Total time for which application threads were stopped: 0.0018460 seconds, Stopping threads took: 0.0000730 seconds
18.240: Application time: 0.0980340 seconds
18.240: [GC [PSYoungGen: 435904K->688K(438272K)] 689014K->253806K(983552K), 0.0016510 secs] [Times: user=0.01 sys=0.00, real=0.00 secs] 
18.242: Total time for which application threads were stopped: 0.0018080 seconds, Stopping threads took: 0.0000880 seconds
18.340: Application time: 0.0981350 seconds
18.343: [GC [PSYoungGen: 435888K->768K(444416K)] 689006K->253894K(989696K), 0.0016620 secs] [Times: user=0.01 sys=0.00, real=0.00 secs] 
18.345: Total time for which application threads were stopped: 0.0048170 seconds, Stopping threads took: 0.0030770 seconds
18.445: Application time: 0.1006340 seconds
18.445: [GC [PSYoungGen: 442624K->528K(444416K)] 695750K->253654K(989696K), 0.0014670 secs] [Times: user=0.00 sys=0.00, real=0.01 secs] 
18.447: Total time for which application threads were stopped: 0.0016060 seconds, Stopping threads took: 0.0000790 seconds
18.649: Application time: 0.2020530 seconds
18.649: [GC [PSYoungGen: 442384K->752K(449024K)] 695510K->253886K(994304K), 0.0014670 secs] [Times: user=0.01 sys=0.00, real=0.00 secs] 
18.650: Total time for which application threads were stopped: 0.0016130 seconds, Stopping threads took: 0.0000820 seconds
18.751: Application time: 0.1007760 seconds
18.751: [GC [PSYoungGen: 448240K->784K(450048K)] 701374K->253934K(995328K), 0.0016350 secs] [Times: user=0.01 sys=0.01, real=0.00 secs] 
18.753: Total time for which application threads were stopped: 0.0017520 seconds, Stopping threads took: 0.0000540 seconds
18.854: Application time: 0.1010290 seconds
18.854: [GC [PSYoungGen: 448272K->672K(454656K)] 701422K->253830K(999936K), 0.0016340 secs] [Times: user=0.01 sys=0.00, real=0.00 secs] 
18.856: Total time for which application threads were stopped: 0.0017850 seconds, Stopping threads took: 0.0000780 seconds
18.960: Application time: 0.1036750 seconds
18.960: [GC [PSYoungGen: 453280K->768K(454656K)] 706438K->253926K(999936K), 0.0017590 secs] [Times: user=0.01 sys=0.00, real=0.00 secs] 
18.961: Total time for which application threads were stopped: 0.0019250 seconds, Stopping threads took: 0.0001060 seconds
19.166: Application time: 0.2048040 seconds
19.166: [GC [PSYoungGen: 453376K->672K(459264K)] 706534K->253830K(1004544K), 0.0014890 secs] [Times: user=0.01 sys=0.00, real=0.01 secs] 
19.168: Total time for which application threads were stopped: 0.0016120 seconds, Stopping threads took: 0.0000510 seconds
19.271: Application time: 0.1029450 seconds
19.271: [GC [PSYoungGen: 458400K->640K(459776K)] 711558K->253798K(1005056K), 0.0014490 secs] [Times: user=0.01 sys=0.00, real=0.00 secs] 
19.272: Total time for which application threads were stopped: 0.0016110 seconds, Stopping threads took: 0.0001010 seconds
19.375: Application time: 0.1029570 seconds
19.376: [GC [PSYoungGen: 458368K->672K(463872K)] 711526K->253862K(1009152K), 0.0016480 secs] [Times: user=0.01 sys=0.00, real=0.00 secs] 
19.377: Total time for which application threads were stopped: 0.0017940 seconds, Stopping threads took: 0.0000740 seconds
19.485: Application time: 0.1073920 seconds
19.485: [GC [PSYoungGen: 463520K->544K(464384K)] 716710K->253758K(1009664K), 0.0016380 secs] [Times: user=0.01 sys=0.00, real=0.00 secs] 
19.486: Total time for which application threads were stopped: 0.0017690 seconds, Stopping threads took: 0.0000700 seconds
19.692: Application time: 0.2057710 seconds
19.692: [GC [PSYoungGen: 463392K->800K(468992K)] 716606K->254014K(1014272K), 0.0016320 secs] [Times: user=0.01 sys=0.00, real=0.00 secs] 
19.694: Total time for which application threads were stopped: 0.0017780 seconds, Stopping threads took: 0.0000770 seconds
19.800: Application time: 0.1060600 seconds
19.800: [GC [PSYoungGen: 468768K->720K(469504K)] 721982K->253934K(1014784K), 0.0016320 secs] [Times: user=0.01 sys=0.00, real=0.00 secs] 
19.802: Total time for which application threads were stopped: 0.0017450 seconds, Stopping threads took: 0.0000510 seconds
19.907: Application time: 0.1056760 seconds
19.908: [GC [PSYoungGen: 468688K->784K(474112K)] 721902K->253998K(1019392K), 0.0016040 secs] [Times: user=0.01 sys=0.00, real=0.00 secs] 
19.909: Total time for which application threads were stopped: 0.0017670 seconds, Stopping threads took: 0.0000820 seconds
20.030: Application time: 0.1204780 seconds
20.030: [GC [PSYoungGen: 473360K->512K(474112K)] 726574K->253726K(1019392K), 0.0016770 secs] [Times: user=0.01 sys=0.00, real=0.00 secs] 
20.031: Total time for which application threads were stopped: 0.0018470 seconds, Stopping threads took: 0.0001010 seconds
20.228: Application time: 0.1963810 seconds
20.228: [GC [PSYoungGen: 473088K->928K(478720K)] 726302K->254142K(1024000K), 0.0016310 secs] [Times: user=0.01 sys=0.00, real=0.00 secs] 
20.230: Total time for which application threads were stopped: 0.0017810 seconds, Stopping threads took: 0.0000850 seconds
20.337: Application time: 0.1075420 seconds
20.337: [GC [PSYoungGen: 478112K->688K(478720K)] 731326K->253902K(1024000K), 0.0016320 secs] [Times: user=0.01 sys=0.00, real=0.01 secs] 
20.339: Total time for which application threads were stopped: 0.0017610 seconds, Stopping threads took: 0.0000660 seconds
20.447: Application time: 0.1076500 seconds
20.447: [GC [PSYoungGen: 477872K->704K(483328K)] 731086K->253918K(1028608K), 0.0016340 secs] [Times: user=0.01 sys=0.00, real=0.01 secs] 
20.448: Total time for which application threads were stopped: 0.0017920 seconds, Stopping threads took: 0.0000870 seconds
20.635: Application time: 0.1865080 seconds
20.635: [GC [PSYoungGen: 482496K->512K(483328K)] 735710K->253726K(1028608K), 0.0017510 secs] [Times: user=0.01 sys=0.00, real=0.00 secs] 
20.637: Total time for which application threads were stopped: 0.0019020 seconds, Stopping threads took: 0.0000890 seconds
20.772: Application time: 0.1350010 seconds
20.772: [GC [PSYoungGen: 482304K->752K(487936K)] 735518K->253966K(1033216K), 0.0016460 secs] [Times: user=0.01 sys=0.00, real=0.00 secs] 
20.774: Total time for which application threads were stopped: 0.0017700 seconds, Stopping threads took: 0.0000630 seconds
20.882: Application time: 0.1088020 seconds
20.883: [GC [PSYoungGen: 487152K->768K(487936K)] 740366K->253982K(1033216K), 0.0016490 secs] [Times: user=0.01 sys=0.01, real=0.00 secs] 
20.884: Total time for which application threads were stopped: 0.0017970 seconds, Stopping threads took: 0.0000850 seconds
20.995: Application time: 0.1105180 seconds
20.995: [GC [PSYoungGen: 487168K->736K(492544K)] 740382K->253958K(1037824K), 0.0016080 secs] [Times: user=0.01 sys=0.00, real=0.00 secs] 
20.996: Total time for which application threads were stopped: 0.0017630 seconds, Stopping threads took: 0.0000810 seconds
21.210: Application time: 0.2139470 seconds
21.211: [GC [PSYoungGen: 491744K->736K(492544K)] 744966K->253966K(1037824K), 0.0016510 secs] [Times: user=0.01 sys=0.01, real=0.00 secs] 
21.212: Total time for which application threads were stopped: 0.0018160 seconds, Stopping threads took: 0.0000910 seconds
21.323: Application time: 0.1104230 seconds
21.323: [GC [PSYoungGen: 491744K->672K(496640K)] 744974K->253902K(1041920K), 0.0015250 secs] [Times: user=0.01 sys=0.00, real=0.00 secs] 
21.324: Total time for which application threads were stopped: 0.0016720 seconds, Stopping threads took: 0.0000760 seconds
21.436: Application time: 0.1115570 seconds
21.436: [GC [PSYoungGen: 495776K->832K(496640K)] 749006K->254062K(1041920K), 0.0016610 secs] [Times: user=0.01 sys=0.00, real=0.00 secs] 
21.438: Total time for which application threads were stopped: 0.0018100 seconds, Stopping threads took: 0.0000810 seconds
21.566: Application time: 0.1281650 seconds
21.566: [GC [PSYoungGen: 495936K->432K(501248K)] 749166K->253662K(1046528K), 0.0016460 secs] [Times: user=0.01 sys=0.00, real=0.01 secs] 
21.568: Total time for which application threads were stopped: 0.0017970 seconds, Stopping threads took: 0.0000780 seconds
21.770: Application time: 0.2018670 seconds
21.770: [GC [PSYoungGen: 500144K->720K(501248K)] 753374K->253950K(1046528K), 0.0016570 secs] [Times: user=0.01 sys=0.00, real=0.00 secs] 
21.771: Total time for which application threads were stopped: 0.0018180 seconds, Stopping threads took: 0.0000900 seconds
21.883: Application time: 0.1121090 seconds
21.884: [GC [PSYoungGen: 500432K->880K(505344K)] 753662K->254110K(1050624K), 0.0016860 secs] [Times: user=0.01 sys=0.00, real=0.00 secs] 
21.885: Total time for which application threads were stopped: 0.0018000 seconds, Stopping threads took: 0.0000530 seconds
21.999: Application time: 0.1134310 seconds
21.999: [GC [PSYoungGen: 504688K->848K(505344K)] 757918K->254078K(1050624K), 0.0016360 secs] [Times: user=0.01 sys=0.00, real=0.00 secs] 
22.001: Total time for which application threads were stopped: 0.0017900 seconds, Stopping threads took: 0.0000930 seconds
22.217: Application time: 0.2160140 seconds
22.217: [GC [PSYoungGen: 504656K->736K(508928K)] 757886K->253966K(1054208K), 0.0017030 secs] [Times: user=0.01 sys=0.00, real=0.00 secs] 
22.218: Total time for which application threads were stopped: 0.0018390 seconds, Stopping threads took: 0.0000610 seconds
22.333: Application time: 0.1150070 seconds
22.334: [GC [PSYoungGen: 508640K->736K(509440K)] 761870K->253966K(1054720K), 0.0016390 secs] [Times: user=0.01 sys=0.00, real=0.00 secs] 
22.335: Total time for which application threads were stopped: 0.0017900 seconds, Stopping threads took: 0.0000810 seconds
22.451: Application time: 0.1155350 seconds
22.451: [GC [PSYoungGen: 508640K->816K(513536K)] 761870K->254046K(1058816K), 0.0017110 secs] [Times: user=0.01 sys=0.00, real=0.00 secs] 
22.453: Total time for which application threads were stopped: 0.0018560 seconds, Stopping threads took: 0.0000760 seconds
22.578: Application time: 0.1257350 seconds
22.578: [GC [PSYoungGen: 512816K->544K(513536K)] 766046K->253774K(1058816K), 0.0016500 secs] [Times: user=0.01 sys=0.00, real=0.01 secs] 
22.580: Total time for which application threads were stopped: 0.0017860 seconds, Stopping threads took: 0.0000720 seconds
22.789: Application time: 0.2090180 seconds
22.789: [GC [PSYoungGen: 512544K->880K(517120K)] 765774K->254118K(1062400K), 0.0016690 secs] [Times: user=0.01 sys=0.00, real=0.00 secs] 
22.791: Total time for which application threads were stopped: 0.0018290 seconds, Stopping threads took: 0.0000820 seconds
22.907: Application time: 0.1163880 seconds
22.907: [GC [PSYoungGen: 516976K->752K(517632K)] 770214K->253990K(1062912K), 0.0015590 secs] [Times: user=0.01 sys=0.00, real=0.00 secs] 
22.909: Total time for which application threads were stopped: 0.0016910 seconds, Stopping threads took: 0.0000720 seconds
23.025: Application time: 0.1161900 seconds
23.025: [GC [PSYoungGen: 516848K->816K(521728K)] 770086K->254054K(1067008K), 0.0016470 secs] [Times: user=0.01 sys=0.01, real=0.01 secs] 
23.027: Total time for which application threads were stopped: 0.0017990 seconds, Stopping threads took: 0.0000880 seconds
23.248: Application time: 0.2206640 seconds
23.248: [GC [PSYoungGen: 521008K->736K(521728K)] 774246K->253974K(1067008K), 0.0016920 secs] [Times: user=0.01 sys=0.00, real=0.00 secs] 
23.249: Total time for which application threads were stopped: 0.0017910 seconds, Stopping threads took: 0.0000370 seconds
23.367: Application time: 0.1173590 seconds
23.367: [GC [PSYoungGen: 520928K->752K(525312K)] 774166K->253990K(1070592K), 0.0016210 secs] [Times: user=0.01 sys=0.00, real=0.00 secs] 
23.369: Total time for which application threads were stopped: 0.0017440 seconds, Stopping threads took: 0.0000490 seconds
23.486: Application time: 0.1177570 seconds
23.486: [GC [PSYoungGen: 525040K->880K(525312K)] 778278K->254118K(1070592K), 0.0016550 secs] [Times: user=0.01 sys=0.00, real=0.01 secs] 
23.488: Total time for which application threads were stopped: 0.0017780 seconds, Stopping threads took: 0.0000610 seconds
23.653: Application time: 0.1653520 seconds
23.655: [GC [PSYoungGen: 525168K->384K(529408K)] 778406K->253622K(1074688K), 0.0016460 secs] [Times: user=0.01 sys=0.00, real=0.00 secs] 
23.657: Total time for which application threads were stopped: 0.0030610 seconds, Stopping threads took: 0.0013450 seconds
23.833: Application time: 0.1766800 seconds
23.833: [GC [PSYoungGen: 528768K->736K(529920K)] 782006K->253982K(1075200K), 0.0016350 secs] [Times: user=0.01 sys=0.00, real=0.00 secs] 
23.835: Total time for which application threads were stopped: 0.0017820 seconds, Stopping threads took: 0.0000820 seconds
23.954: Application time: 0.1190230 seconds
23.954: [GC [PSYoungGen: 529120K->800K(533504K)] 782366K->254046K(1078784K), 0.0016640 secs] [Times: user=0.01 sys=0.00, real=0.00 secs] 
23.956: Total time for which application threads were stopped: 0.0018360 seconds, Stopping threads took: 0.0001000 seconds
24.078: Application time: 0.1218260 seconds
24.079: [GC [PSYoungGen: 533280K->768K(533504K)] 786526K->254014K(1078784K), 0.0016440 secs] [Times: user=0.01 sys=0.00, real=0.00 secs] 
24.081: Total time for which application threads were stopped: 0.0028290 seconds, Stopping threads took: 0.0011250 seconds
24.302: Application time: 0.2217360 seconds
24.302: [GC [PSYoungGen: 533248K->832K(537600K)] 786494K->254078K(1082880K), 0.0016450 secs] [Times: user=0.01 sys=0.00, real=0.00 secs] 
24.304: Total time for which application threads were stopped: 0.0017740 seconds, Stopping threads took: 0.0000560 seconds
24.425: Application time: 0.1211320 seconds
24.425: [GC [PSYoungGen: 537408K->640K(538112K)] 790654K->253894K(1083392K), 0.0016360 secs] [Times: user=0.01 sys=0.00, real=0.01 secs] 
24.427: Total time for which application threads were stopped: 0.0017650 seconds, Stopping threads took: 0.0000650 seconds
24.549: Application time: 0.1223350 seconds
24.549: [GC [PSYoungGen: 537728K->768K(541696K)] 790982K->254022K(1086976K), 0.0014790 secs] [Times: user=0.00 sys=0.00, real=0.00 secs] 
24.551: Total time for which application threads were stopped: 0.0016250 seconds, Stopping threads took: 0.0000670 seconds
24.775: Application time: 0.2241250 seconds
24.775: [GC [PSYoungGen: 541440K->720K(541696K)] 794694K->253974K(1086976K), 0.0014610 secs] [Times: user=0.01 sys=0.00, real=0.00 secs] 
24.777: Total time for which application threads were stopped: 0.0016170 seconds, Stopping threads took: 0.0000860 seconds
24.900: Application time: 0.1236250 seconds
24.900: [GC [PSYoungGen: 541392K->768K(545792K)] 794646K->254022K(1091072K), 0.0016430 secs] [Times: user=0.01 sys=0.00, real=0.00 secs] 
24.902: Total time for which application threads were stopped: 0.0017770 seconds, Stopping threads took: 0.0000630 seconds
25.025: Application time: 0.1227390 seconds
25.027: [GC [PSYoungGen: 545536K->720K(545792K)] 798790K->253974K(1091072K), 0.0016740 secs] [Times: user=0.01 sys=0.00, real=0.00 secs] 
25.029: Total time for which application threads were stopped: 0.0037590 seconds, Stopping threads took: 0.0020160 seconds
25.219: Application time: 0.1903590 seconds
25.219: [GC [PSYoungGen: 545488K->400K(549888K)] 798742K->253654K(1095168K), 0.0016340 secs] [Times: user=0.01 sys=0.00, real=0.00 secs] 
25.221: Total time for which application threads were stopped: 0.0018130 seconds, Stopping threads took: 0.0000960 seconds
25.382: Application time: 0.1610390 seconds
25.382: [GC [PSYoungGen: 549264K->736K(549888K)] 802518K->253990K(1095168K), 0.0017380 secs] [Times: user=0.01 sys=0.00, real=0.00 secs] 
25.384: Total time for which application threads were stopped: 0.0018830 seconds, Stopping threads took: 0.0000800 seconds
25.507: Application time: 0.1234630 seconds
25.507: [GC [PSYoungGen: 549600K->688K(553984K)] 802854K->253942K(1099264K), 0.0016290 secs] [Times: user=0.01 sys=0.01, real=0.00 secs] 
25.509: Total time for which application threads were stopped: 0.0017580 seconds, Stopping threads took: 0.0000610 seconds
25.645: Application time: 0.1362980 seconds
25.645: [GC [PSYoungGen: 553648K->528K(553984K)] 806902K->253782K(1099264K), 0.0015110 secs] [Times: user=0.01 sys=0.00, real=0.01 secs] 
25.647: Total time for which application threads were stopped: 0.0016520 seconds, Stopping threads took: 0.0000810 seconds
25.864: Application time: 0.2176270 seconds
25.865: [GC [PSYoungGen: 553488K->656K(558080K)] 806742K->253910K(1103360K), 0.0016420 secs] [Times: user=0.01 sys=0.01, real=0.00 secs] 
25.866: Total time for which application threads were stopped: 0.0018200 seconds, Stopping threads took: 0.0001000 seconds
25.992: Application time: 0.1257240 seconds
25.992: [GC [PSYoungGen: 557712K->704K(558080K)] 810966K->253966K(1103360K), 0.0023270 secs] [Times: user=0.01 sys=0.00, real=0.00 secs] 
25.995: Total time for which application threads were stopped: 0.0024680 seconds, Stopping threads took: 0.0000770 seconds
26.122: Application time: 0.1271100 seconds
26.122: [GC [PSYoungGen: 557760K->672K(562688K)] 811022K->253934K(1107968K), 0.0016570 secs] [Times: user=0.01 sys=0.00, real=0.00 secs] 
26.123: Total time for which application threads were stopped: 0.0017780 seconds, Stopping threads took: 0.0000560 seconds
26.352: Application time: 0.2287170 seconds
26.352: [GC [PSYoungGen: 562336K->896K(562688K)] 815598K->254158K(1107968K), 0.0016480 secs] [Times: user=0.01 sys=0.00, real=0.00 secs] 
26.354: Total time for which application threads were stopped: 0.0018010 seconds, Stopping threads took: 0.0000920 seconds
26.480: Application time: 0.1261120 seconds
26.480: [GC [PSYoungGen: 562560K->800K(566784K)] 815822K->254062K(1112064K), 0.0016450 secs] [Times: user=0.00 sys=0.00, real=0.00 secs] 
26.482: Total time for which application threads were stopped: 0.0017800 seconds, Stopping threads took: 0.0000650 seconds
26.610: Application time: 0.1280710 seconds
26.610: [GC [PSYoungGen: 566560K->784K(566784K)] 819822K->254046K(1112064K), 0.0016490 secs] [Times: user=0.01 sys=0.00, real=0.00 secs] 
26.612: Total time for which application threads were stopped: 0.0017950 seconds, Stopping threads took: 0.0000840 seconds
26.843: Application time: 0.2314620 seconds
26.847: [GC [PSYoungGen: 566544K->704K(570880K)] 819806K->253966K(1116160K), 0.0016530 secs] [Times: user=0.01 sys=0.00, real=0.00 secs] 
26.849: Total time for which application threads were stopped: 0.0053930 seconds, Stopping threads took: 0.0036730 seconds
26.976: Application time: 0.1274280 seconds
26.976: [GC [PSYoungGen: 570560K->736K(571392K)] 823822K->253998K(1116672K), 0.0016460 secs] [Times: user=0.01 sys=0.00, real=0.00 secs] 
26.978: Total time for which application threads were stopped: 0.0017830 seconds, Stopping threads took: 0.0000750 seconds
27.107: Application time: 0.1289470 seconds
27.107: [GC [PSYoungGen: 571104K->784K(574976K)] 824366K->254046K(1120256K), 0.0017330 secs] [Times: user=0.01 sys=0.00, real=0.00 secs] 
27.109: Total time for which application threads were stopped: 0.0018730 seconds, Stopping threads took: 0.0000660 seconds
27.341: Application time: 0.2326890 seconds
27.341: [GC [PSYoungGen: 574736K->560K(574976K)] 827998K->253822K(1120256K), 0.0017670 secs] [Times: user=0.01 sys=0.00, real=0.00 secs] 
27.343: Total time for which application threads were stopped: 0.0019060 seconds, Stopping threads took: 0.0000640 seconds
27.473: Application time: 0.1298150 seconds
27.473: [GC [PSYoungGen: 574512K->736K(579072K)] 827774K->253998K(1124352K), 0.0017010 secs] [Times: user=0.01 sys=0.00, real=0.00 secs] 
27.475: Total time for which application threads were stopped: 0.0018270 seconds, Stopping threads took: 0.0000560 seconds
27.606: Application time: 0.1313910 seconds
27.606: [GC [PSYoungGen: 578784K->800K(579072K)] 832046K->254070K(1124352K), 0.0016360 secs] [Times: user=0.01 sys=0.00, real=0.01 secs] 
27.608: Total time for which application threads were stopped: 0.0017710 seconds, Stopping threads took: 0.0000710 seconds
27.838: Application time: 0.2302070 seconds
27.838: [GC [PSYoungGen: 578848K->608K(583168K)] 832118K->253878K(1128448K), 0.0016370 secs] [Times: user=0.00 sys=0.00, real=0.01 secs] 
27.840: Total time for which application threads were stopped: 0.0018030 seconds, Stopping threads took: 0.0000880 seconds
27.975: Application time: 0.1346420 seconds
27.975: [GC [PSYoungGen: 582752K->896K(583680K)] 836022K->254166K(1128960K), 0.0016480 secs] [Times: user=0.02 sys=0.00, real=0.00 secs] 
27.976: Total time for which application threads were stopped: 0.0018080 seconds, Stopping threads took: 0.0000900 seconds
28.108: Application time: 0.1311700 seconds
28.108: [GC [PSYoungGen: 583552K->640K(587264K)] 836822K->253910K(1132544K), 0.0016290 secs] [Times: user=0.01 sys=0.01, real=0.00 secs] 
28.109: Total time for which application threads were stopped: 0.0017660 seconds, Stopping threads took: 0.0000740 seconds
28.339: Application time: 0.2298380 seconds
28.339: [GC [PSYoungGen: 586880K->544K(587264K)] 840150K->253814K(1132544K), 0.0015870 secs] [Times: user=0.00 sys=0.00, real=0.00 secs] 
28.341: Total time for which application threads were stopped: 0.0018670 seconds, Stopping threads took: 0.0000810 seconds
28.480: Application time: 0.1388820 seconds
28.480: [GC [PSYoungGen: 586784K->816K(591360K)] 840054K->254086K(1136640K), 0.0016680 secs] [Times: user=0.01 sys=0.00, real=0.00 secs] 
28.482: Total time for which application threads were stopped: 0.0018420 seconds, Stopping threads took: 0.0001090 seconds
28.616: Application time: 0.1338360 seconds
28.616: [GC [PSYoungGen: 591152K->784K(591360K)] 844422K->254054K(1136640K), 0.0016930 secs] [Times: user=0.01 sys=0.00, real=0.00 secs] 
28.618: Total time for which application threads were stopped: 0.0018340 seconds, Stopping threads took: 0.0000760 seconds
28.847: Application time: 0.2293190 seconds
28.847: [GC [PSYoungGen: 591120K->592K(595456K)] 844390K->253862K(1140736K), 0.0016230 secs] [Times: user=0.01 sys=0.00, real=0.00 secs] 
28.849: Total time for which application threads were stopped: 0.0017830 seconds, Stopping threads took: 0.0000840 seconds
28.990: Application time: 0.1416480 seconds
28.990: [GC [PSYoungGen: 595024K->720K(595968K)] 848294K->253990K(1141248K), 0.0016660 secs] [Times: user=0.01 sys=0.00, real=0.00 secs] 
28.992: Total time for which application threads were stopped: 0.0018190 seconds, Stopping threads took: 0.0000890 seconds
29.126: Application time: 0.1341090 seconds
29.126: [GC [PSYoungGen: 595664K->752K(599552K)] 848934K->254022K(1144832K), 0.0016290 secs] [Times: user=0.01 sys=0.00, real=0.01 secs] 
29.128: Total time for which application threads were stopped: 0.0017630 seconds, Stopping threads took: 0.0000700 seconds
29.360: Application time: 0.2324960 seconds
29.361: [GC [PSYoungGen: 599280K->640K(599552K)] 852550K->253918K(1144832K), 0.0016350 secs] [Times: user=0.01 sys=0.00, real=0.00 secs] 
29.362: Total time for which application threads were stopped: 0.0017970 seconds, Stopping threads took: 0.0000850 seconds
29.503: Application time: 0.1408590 seconds
29.503: [GC [PSYoungGen: 599168K->768K(603648K)] 852446K->254046K(1148928K), 0.0014670 secs] [Times: user=0.00 sys=0.00, real=0.00 secs] 
29.505: Total time for which application threads were stopped: 0.0016000 seconds, Stopping threads took: 0.0000660 seconds
29.641: Application time: 0.1365410 seconds
29.641: [GC [PSYoungGen: 603392K->768K(603648K)] 856670K->254046K(1148928K), 0.0014880 secs] [Times: user=0.01 sys=0.00, real=0.00 secs] 
29.643: Total time for which application threads were stopped: 0.0016260 seconds, Stopping threads took: 0.0000730 seconds
29.881: Application time: 0.2377430 seconds
29.881: [GC [PSYoungGen: 603392K->528K(607744K)] 856670K->253806K(1153024K), 0.0016070 secs] [Times: user=0.01 sys=0.00, real=0.00 secs] 
29.882: Total time for which application threads were stopped: 0.0017640 seconds, Stopping threads took: 0.0000860 seconds
30.022: Application time: 0.1392110 seconds
30.022: [GC [PSYoungGen: 607248K->880K(607744K)] 860526K->254158K(1153024K), 0.0016550 secs] [Times: user=0.01 sys=0.00, real=0.00 secs] 
30.023: Total time for which application threads were stopped: 0.0018040 seconds, Stopping threads took: 0.0000860 seconds
30.160: Application time: 0.1365900 seconds
30.163: [GC [PSYoungGen: 607600K->800K(611840K)] 860878K->254078K(1157120K), 0.0016350 secs] [Times: user=0.01 sys=0.00, real=0.00 secs] 
30.165: Total time for which application threads were stopped: 0.0045030 seconds, Stopping threads took: 0.0028060 seconds
30.405: Application time: 0.2406600 seconds
30.405: [GC [PSYoungGen: 611616K->736K(611840K)] 864894K->254014K(1157120K), 0.0014830 secs] [Times: user=0.01 sys=0.00, real=0.01 secs] 
30.407: Total time for which application threads were stopped: 0.0016520 seconds, Stopping threads took: 0.0000850 seconds
30.546: Application time: 0.1388500 seconds
30.546: [GC [PSYoungGen: 611552K->800K(615936K)] 864830K->254078K(1161216K), 0.0016500 secs] [Times: user=0.01 sys=0.00, real=0.01 secs] 
30.548: Total time for which application threads were stopped: 0.0017970 seconds, Stopping threads took: 0.0000850 seconds
30.687: Application time: 0.1393370 seconds
30.687: [GC [PSYoungGen: 615712K->816K(615936K)] 868990K->254094K(1161216K), 0.0016120 secs] [Times: user=0.01 sys=0.00, real=0.00 secs] 
30.689: Total time for which application threads were stopped: 0.0017540 seconds, Stopping threads took: 0.0000770 seconds
30.931: Application time: 0.2423790 seconds
30.931: [GC [PSYoungGen: 615728K->688K(620032K)] 869006K->253974K(1165312K), 0.0016410 secs] [Times: user=0.01 sys=0.00, real=0.00 secs] 
30.933: Total time for which application threads were stopped: 0.0017750 seconds, Stopping threads took: 0.0000630 seconds
31.072: Application time: 0.1393010 seconds
31.072: [GC [PSYoungGen: 619696K->784K(620032K)] 872982K->254070K(1165312K), 0.0015620 secs] [Times: user=0.01 sys=0.00, real=0.00 secs] 
31.074: Total time for which application threads were stopped: 0.0017120 seconds, Stopping threads took: 0.0000880 seconds
31.214: Application time: 0.1400580 seconds
31.214: [GC [PSYoungGen: 619792K->704K(624128K)] 873078K->253990K(1169408K), 0.0016230 secs] [Times: user=0.01 sys=0.00, real=0.00 secs] 
31.216: Total time for which application threads were stopped: 0.0017770 seconds, Stopping threads took: 0.0000890 seconds
31.459: Application time: 0.2431240 seconds
31.459: [GC [PSYoungGen: 623808K->688K(624128K)] 877094K->253974K(1169408K), 0.0016300 secs] [Times: user=0.01 sys=0.00, real=0.00 secs] 
31.461: Total time for which application threads were stopped: 0.0018200 seconds, Stopping threads took: 0.0001110 seconds
31.601: Application time: 0.1406870 seconds
31.601: [GC [PSYoungGen: 623792K->768K(628224K)] 877078K->254054K(1173504K), 0.0016320 secs] [Times: user=0.01 sys=0.00, real=0.00 secs] 
31.603: Total time for which application threads were stopped: 0.0017560 seconds, Stopping threads took: 0.0000600 seconds
31.749: Application time: 0.1456550 seconds
31.749: [GC [PSYoungGen: 627968K->592K(628224K)] 881254K->253878K(1173504K), 0.0016210 secs] [Times: user=0.01 sys=0.00, real=0.00 secs] 
31.750: Total time for which application threads were stopped: 0.0017700 seconds, Stopping threads took: 0.0000840 seconds
31.991: Application time: 0.2410070 seconds
31.992: [GC [PSYoungGen: 627792K->864K(632320K)] 881078K->254150K(1177600K), 0.0016790 secs] [Times: user=0.01 sys=0.00, real=0.00 secs] 
31.993: Total time for which application threads were stopped: 0.0018400 seconds, Stopping threads took: 0.0000770 seconds
32.136: Application time: 0.1422440 seconds
32.136: [GC [PSYoungGen: 632160K->768K(632832K)] 885446K->254054K(1178112K), 0.0016950 secs] [Times: user=0.01 sys=0.00, real=0.00 secs] 
32.137: Total time for which application threads were stopped: 0.0018170 seconds, Stopping threads took: 0.0000590 seconds
32.306: Application time: 0.1684840 seconds
32.306: [GC [PSYoungGen: 632576K->512K(636416K)] 885862K->253798K(1181696K), 0.0016420 secs] [Times: user=0.01 sys=0.00, real=0.01 secs] 
32.308: Total time for which application threads were stopped: 0.0018030 seconds, Stopping threads took: 0.0000950 seconds
32.529: Application time: 0.2213610 seconds
32.529: [GC [PSYoungGen: 635904K->848K(636416K)] 889190K->254142K(1181696K), 0.0016320 secs] [Times: user=0.01 sys=0.00, real=0.00 secs] 
32.531: Total time for which application threads were stopped: 0.0017840 seconds, Stopping threads took: 0.0000750 seconds
32.674: Application time: 0.1433370 seconds
32.674: [GC [PSYoungGen: 636240K->848K(640512K)] 889534K->254142K(1185792K), 0.0016900 secs] [Times: user=0.01 sys=0.00, real=0.00 secs] 
32.676: Total time for which application threads were stopped: 0.0018270 seconds, Stopping threads took: 0.0000680 seconds
32.910: Application time: 0.2338020 seconds
32.910: [GC [PSYoungGen: 640336K->464K(640512K)] 893630K->253758K(1185792K), 0.0016570 secs] [Times: user=0.01 sys=0.00, real=0.00 secs] 
32.912: Total time for which application threads were stopped: 0.0018320 seconds, Stopping threads took: 0.0000820 seconds
33.071: Application time: 0.1594600 seconds
33.071: [GC [PSYoungGen: 639952K->720K(644608K)] 893246K->254014K(1189888K), 0.0016480 secs] [Times: user=0.01 sys=0.00, real=0.00 secs] 
33.073: Total time for which application threads were stopped: 0.0018000 seconds, Stopping threads took: 0.0000760 seconds
33.217: Application time: 0.1442770 seconds
33.219: [GC [PSYoungGen: 644304K->688K(645120K)] 897598K->253982K(1190400K), 0.0017630 secs] [Times: user=0.01 sys=0.00, real=0.00 secs] 
33.221: Total time for which application threads were stopped: 0.0034980 seconds, Stopping threads took: 0.0016660 seconds
33.468: Application time: 0.2477930 seconds
33.469: [GC [PSYoungGen: 644784K->784K(649216K)] 898078K->254078K(1194496K), 0.0016630 secs] [Times: user=0.01 sys=0.00, real=0.00 secs] 
33.470: Total time for which application threads were stopped: 0.0018370 seconds, Stopping threads took: 0.0000820 seconds
33.618: Application time: 0.1481550 seconds
33.619: [GC [PSYoungGen: 648976K->720K(649216K)] 902270K->254030K(1194496K), 0.0016560 secs] [Times: user=0.01 sys=0.00, real=0.01 secs] 
33.620: Total time for which application threads were stopped: 0.0017870 seconds, Stopping threads took: 0.0000600 seconds
33.767: Application time: 0.1462800 seconds
33.767: [GC [PSYoungGen: 648912K->752K(653312K)] 902222K->254062K(1198592K), 0.0016640 secs] [Times: user=0.01 sys=0.00, real=0.01 secs] 
33.768: Total time for which application threads were stopped: 0.0018150 seconds, Stopping threads took: 0.0000870 seconds
34.019: Application time: 0.2511080 seconds
34.020: [GC [PSYoungGen: 653040K->848K(653312K)] 906350K->254166K(1198592K), 0.0016760 secs] [Times: user=0.01 sys=0.00, real=0.00 secs] 
34.021: Total time for which application threads were stopped: 0.0018250 seconds, Stopping threads took: 0.0000810 seconds
34.169: Application time: 0.1477230 seconds
34.169: [GC [PSYoungGen: 653136K->704K(657408K)] 906454K->254030K(1202688K), 0.0016130 secs] [Times: user=0.01 sys=0.00, real=0.00 secs] 
34.171: Total time for which application threads were stopped: 0.0017750 seconds, Stopping threads took: 0.0000920 seconds
34.341: Application time: 0.1703820 seconds
34.341: [GC [PSYoungGen: 657088K->448K(657408K)] 910414K->253774K(1202688K), 0.0016440 secs] [Times: user=0.01 sys=0.00, real=0.00 secs] 
34.343: Total time for which application threads were stopped: 0.0017880 seconds, Stopping threads took: 0.0000800 seconds
34.574: Application time: 0.2314370 seconds
34.574: [GC [PSYoungGen: 656832K->784K(661504K)] 910158K->254110K(1206784K), 0.0017200 secs] [Times: user=0.01 sys=0.00, real=0.00 secs] 
34.576: Total time for which application threads were stopped: 0.0018590 seconds, Stopping threads took: 0.0000680 seconds
34.727: Application time: 0.1502640 seconds
34.727: [GC [PSYoungGen: 661264K->672K(661504K)] 914590K->253998K(1206784K), 0.0016650 secs] [Times: user=0.01 sys=0.00, real=0.01 secs] 
34.728: Total time for which application threads were stopped: 0.0018300 seconds, Stopping threads took: 0.0000920 seconds
34.977: Application time: 0.2487300 seconds
34.977: [GC [PSYoungGen: 661152K->496K(665600K)] 914478K->253822K(1210880K), 0.0018260 secs] [Times: user=0.01 sys=0.00, real=0.01 secs] 
34.979: Total time for which application threads were stopped: 0.0019890 seconds, Stopping threads took: 0.0000900 seconds
35.132: Application time: 0.1531830 seconds
35.132: [GC [PSYoungGen: 665072K->784K(665600K)] 918398K->254110K(1210880K), 0.0016160 secs] [Times: user=0.01 sys=0.00, real=0.00 secs] 
35.134: Total time for which application threads were stopped: 0.0017660 seconds, Stopping threads took: 0.0000870 seconds
35.283: Application time: 0.1493400 seconds
35.283: [GC [PSYoungGen: 665360K->832K(666112K)] 918686K->254158K(1211392K), 0.0016370 secs] [Times: user=0.01 sys=0.00, real=0.00 secs] 
35.285: Total time for which application threads were stopped: 0.0017940 seconds, Stopping threads took: 0.0000840 seconds
35.543: Application time: 0.2574450 seconds
35.543: [GC [PSYoungGen: 665920K->800K(666112K)] 919246K->254126K(1211392K), 0.0016610 secs] [Times: user=0.00 sys=0.01, real=0.00 secs] 
35.544: Total time for which application threads were stopped: 0.0018540 seconds, Stopping threads took: 0.0000950 seconds
35.695: Application time: 0.1501550 seconds
35.695: [GC [PSYoungGen: 665888K->784K(666112K)] 919214K->254118K(1211392K), 0.0017670 secs] [Times: user=0.01 sys=0.00, real=0.00 secs] 
35.697: Total time for which application threads were stopped: 0.0019100 seconds, Stopping threads took: 0.0000760 seconds
35.861: Application time: 0.1648410 seconds
35.862: [GC [PSYoungGen: 665872K->400K(665600K)] 919206K->253734K(1210880K), 0.0016830 secs] [Times: user=0.02 sys=0.00, real=0.00 secs] 
35.863: Total time for which application threads were stopped: 0.0018410 seconds, Stopping threads took: 0.0000800 seconds
36.105: Application time: 0.2418330 seconds
36.105: [GC [PSYoungGen: 665488K->880K(665600K)] 918822K->254214K(1210880K), 0.0015850 secs] [Times: user=0.01 sys=0.00, real=0.00 secs] 
36.107: Total time for which application threads were stopped: 0.0017240 seconds, Stopping threads took: 0.0000720 seconds
36.256: Application time: 0.1493760 seconds
36.256: [GC [PSYoungGen: 664944K->720K(665600K)] 918278K->254054K(1210880K), 0.0016740 secs] [Times: user=0.02 sys=0.00, real=0.00 secs] 
36.258: Total time for which application threads were stopped: 0.0018240 seconds, Stopping threads took: 0.0000820 seconds
36.505: Application time: 0.2469090 seconds
36.505: [GC [PSYoungGen: 664784K->608K(665088K)] 918118K->253942K(1210368K), 0.0015190 secs] [Times: user=0.01 sys=0.00, real=0.00 secs] 
36.507: Total time for which application threads were stopped: 0.0016840 seconds, Stopping threads took: 0.0000830 seconds
36.665: Application time: 0.1582970 seconds
36.665: [GC [PSYoungGen: 664672K->768K(665600K)] 918006K->254102K(1210880K), 0.0014870 secs] [Times: user=0.01 sys=0.00, real=0.00 secs] 
36.667: Total time for which application threads were stopped: 0.0016500 seconds, Stopping threads took: 0.0000870 seconds
36.816: Application time: 0.1496140 seconds
36.816: [GC [PSYoungGen: 665344K->704K(666112K)] 918678K->254038K(1211392K), 0.0016650 secs] [Times: user=0.01 sys=0.00, real=0.00 secs] 
36.818: Total time for which application threads were stopped: 0.0018080 seconds, Stopping threads took: 0.0000750 seconds
37.073: Application time: 0.2546540 seconds
37.073: [GC [PSYoungGen: 665792K->832K(666112K)] 919126K->254166K(1211392K), 0.0016530 secs] [Times: user=0.01 sys=0.00, real=0.00 secs] 
37.074: Total time for which application threads were stopped: 0.0018300 seconds, Stopping threads took: 0.0001000 seconds
37.223: Application time: 0.1489010 seconds
37.223: [GC [PSYoungGen: 665920K->688K(666112K)] 919254K->254030K(1211392K), 0.0016220 secs] [Times: user=0.01 sys=0.00, real=0.00 secs] 
37.225: Total time for which application threads were stopped: 0.0017300 seconds, Stopping threads took: 0.0000440 seconds
37.388: Application time: 0.1633440 seconds
37.389: [GC [PSYoungGen: 665776K->480K(666112K)] 919118K->253830K(1211392K), 0.0016680 secs] [Times: user=0.01 sys=0.00, real=0.00 secs] 
37.390: Total time for which application threads were stopped: 0.0018310 seconds, Stopping threads took: 0.0000930 seconds
37.632: Application time: 0.2419400 seconds
37.632: [GC [PSYoungGen: 665568K->768K(666112K)] 918918K->254118K(1211392K), 0.0017610 secs] [Times: user=0.01 sys=0.00, real=0.00 secs] 
37.634: Total time for which application threads were stopped: 0.0019310 seconds, Stopping threads took: 0.0000880 seconds
37.785: Application time: 0.1507910 seconds
37.785: [GC [PSYoungGen: 665856K->768K(666112K)] 919206K->254118K(1211392K), 0.0018020 secs] [Times: user=0.01 sys=0.00, real=0.01 secs] 
37.787: Total time for which application threads were stopped: 0.0019460 seconds, Stopping threads took: 0.0000750 seconds
38.033: Application time: 0.2457190 seconds
38.033: [GC [PSYoungGen: 665856K->624K(666112K)] 919206K->253974K(1211392K), 0.0016040 secs] [Times: user=0.01 sys=0.00, real=0.00 secs] 
38.034: Total time for which application threads were stopped: 0.0017400 seconds, Stopping threads took: 0.0000700 seconds
38.194: Application time: 0.1597710 seconds
38.194: [GC [PSYoungGen: 665712K->832K(666112K)] 919062K->254182K(1211392K), 0.0016850 secs] [Times: user=0.01 sys=0.00, real=0.00 secs] 
38.196: Total time for which application threads were stopped: 0.0018320 seconds, Stopping threads took: 0.0000660 seconds
38.346: Application time: 0.1501320 seconds
38.346: [GC [PSYoungGen: 665920K->752K(666112K)] 919270K->254134K(1211392K), 0.0016680 secs] [Times: user=0.01 sys=0.00, real=0.01 secs] 
38.348: Total time for which application threads were stopped: 0.0018100 seconds, Stopping threads took: 0.0000790 seconds
38.602: Application time: 0.2545970 seconds
38.603: [GC [PSYoungGen: 665840K->800K(666112K)] 919222K->254182K(1211392K), 0.0016210 secs] [Times: user=0.01 sys=0.00, real=0.00 secs] 
38.604: Total time for which application threads were stopped: 0.0017480 seconds, Stopping threads took: 0.0000650 seconds
38.754: Application time: 0.1502180 seconds
38.755: [GC [PSYoungGen: 665888K->752K(666112K)] 919270K->254142K(1211392K), 0.0016400 secs] [Times: user=0.01 sys=0.00, real=0.00 secs] 
38.756: Total time for which application threads were stopped: 0.0017940 seconds, Stopping threads took: 0.0000830 seconds
38.922: Application time: 0.1660000 seconds
38.922: [GC [PSYoungGen: 665840K->544K(666112K)] 919230K->253950K(1211392K), 0.0017240 secs] [Times: user=0.01 sys=0.00, real=0.00 secs] 
38.924: Total time for which application threads were stopped: 0.0018880 seconds, Stopping threads took: 0.0000980 seconds
39.163: Application time: 0.2387990 seconds
39.163: [GC [PSYoungGen: 665632K->800K(666112K)] 919038K->254206K(1211392K), 0.0016110 secs] [Times: user=0.01 sys=0.00, real=0.00 secs] 
39.165: Total time for which application threads were stopped: 0.0017410 seconds, Stopping threads took: 0.0000670 seconds
39.314: Application time: 0.1494960 seconds
39.314: [GC [PSYoungGen: 665888K->720K(666112K)] 919294K->254126K(1211392K), 0.0016680 secs] [Times: user=0.02 sys=0.00, real=0.00 secs] 
39.316: Total time for which application threads were stopped: 0.0018420 seconds, Stopping threads took: 0.0001000 seconds
39.563: Application time: 0.2466630 seconds
39.563: [GC [PSYoungGen: 665808K->592K(666112K)] 919214K->253998K(1211392K), 0.0016390 secs] [Times: user=0.01 sys=0.00, real=0.00 secs] 
39.565: Total time for which application threads were stopped: 0.0018080 seconds, Stopping threads took: 0.0000960 seconds
39.723: Application time: 0.1581350 seconds
39.723: [GC [PSYoungGen: 665680K->640K(666112K)] 919086K->254046K(1211392K), 0.0016840 secs] [Times: user=0.01 sys=0.01, real=0.00 secs] 
39.724: Total time for which application threads were stopped: 0.0018130 seconds, Stopping threads took: 0.0000660 seconds
39.874: Application time: 0.1496290 seconds
39.874: [GC [PSYoungGen: 665728K->800K(666112K)] 919134K->254206K(1211392K), 0.0016550 secs] [Times: user=0.02 sys=0.00, real=0.00 secs] 
39.876: Total time for which application threads were stopped: 0.0017810 seconds, Stopping threads took: 0.0000520 seconds
40.129: Application time: 0.2532360 seconds
40.129: [GC [PSYoungGen: 665888K->752K(666112K)] 919294K->254158K(1211392K), 0.0016400 secs] [Times: user=0.01 sys=0.00, real=0.00 secs] 
40.131: Total time for which application threads were stopped: 0.0017980 seconds, Stopping threads took: 0.0000910 seconds
40.281: Application time: 0.1496550 seconds
40.281: [GC [PSYoungGen: 665840K->768K(666112K)] 919246K->254190K(1211392K), 0.0016290 secs] [Times: user=0.01 sys=0.00, real=0.00 secs] 
40.282: Total time for which application threads were stopped: 0.0017550 seconds, Stopping threads took: 0.0000610 seconds
40.445: Application time: 0.1622690 seconds
40.445: [GC [PSYoungGen: 665856K->544K(666112K)] 919278K->253974K(1211392K), 0.0016730 secs] [Times: user=0.01 sys=0.00, real=0.00 secs] 
40.446: Total time for which application threads were stopped: 0.0018470 seconds, Stopping threads took: 0.0001030 seconds
40.689: Application time: 0.2428290 seconds
40.689: [GC [PSYoungGen: 665632K->736K(666112K)] 919062K->254166K(1211392K), 0.0016620 secs] [Times: user=0.01 sys=0.00, real=0.00 secs] 
40.691: Total time for which application threads were stopped: 0.0017870 seconds, Stopping threads took: 0.0000590 seconds
40.841: Application time: 0.1500650 seconds
40.841: [GC [PSYoungGen: 665824K->800K(666112K)] 919254K->254230K(1211392K), 0.0016600 secs] [Times: user=0.01 sys=0.00, real=0.00 secs] 
40.843: Total time for which application threads were stopped: 0.0018160 seconds, Stopping threads took: 0.0000930 seconds
41.089: Application time: 0.2458740 seconds
41.089: [GC [PSYoungGen: 665888K->656K(666112K)] 919318K->254086K(1211392K), 0.0016650 secs] [Times: user=0.01 sys=0.00, real=0.00 secs] 
41.091: Total time for which application threads were stopped: 0.0018230 seconds, Stopping threads took: 0.0000780 seconds
41.248: Application time: 0.1570390 seconds
41.248: [GC [PSYoungGen: 665744K->704K(666112K)] 919174K->254134K(1211392K), 0.0016390 secs] [Times: user=0.01 sys=0.00, real=0.00 secs] 
41.249: Total time for which application threads were stopped: 0.0017710 seconds, Stopping threads took: 0.0000670 seconds
41.399: Application time: 0.1497890 seconds
41.399: [GC [PSYoungGen: 665792K->752K(666112K)] 919222K->254182K(1211392K), 0.0016670 secs] [Times: user=0.01 sys=0.00, real=0.00 secs] 
41.401: Total time for which application threads were stopped: 0.0017960 seconds, Stopping threads took: 0.0000640 seconds
41.655: Application time: 0.2539500 seconds
41.655: [GC [PSYoungGen: 665840K->784K(666112K)] 919270K->254214K(1211392K), 0.0017230 secs] [Times: user=0.02 sys=0.00, real=0.00 secs] 
41.657: Total time for which application threads were stopped: 0.0018830 seconds, Stopping threads took: 0.0000810 seconds
41.807: Application time: 0.1497550 seconds
41.807: [GC [PSYoungGen: 665872K->688K(666112K)] 919302K->254126K(1211392K), 0.0017630 secs] [Times: user=0.02 sys=0.00, real=0.00 secs] 
41.809: Total time for which application threads were stopped: 0.0019030 seconds, Stopping threads took: 0.0000700 seconds
41.970: Application time: 0.1614280 seconds
41.970: [GC [PSYoungGen: 665776K->544K(666112K)] 919214K->253990K(1211392K), 0.0017060 secs] [Times: user=0.02 sys=0.00, real=0.00 secs] 
41.972: Total time for which application threads were stopped: 0.0018640 seconds, Stopping threads took: 0.0000910 seconds
42.214: Application time: 0.2425180 seconds
42.215: [GC [PSYoungGen: 665632K->704K(666112K)] 919078K->254150K(1211392K), 0.0016640 secs] [Times: user=0.01 sys=0.00, real=0.00 secs] 
42.216: Total time for which application threads were stopped: 0.0018160 seconds, Stopping threads took: 0.0000720 seconds
42.365: Application time: 0.1491340 seconds
42.365: [GC [PSYoungGen: 665792K->864K(666112K)] 919238K->254310K(1211392K), 0.0016550 secs] [Times: user=0.02 sys=0.00, real=0.01 secs] 
42.367: Total time for which application threads were stopped: 0.0018100 seconds, Stopping threads took: 0.0000900 seconds
42.612: Application time: 0.2446340 seconds
42.612: [GC [PSYoungGen: 665952K->672K(666112K)] 919398K->254118K(1211392K), 0.0016600 secs] [Times: user=0.00 sys=0.00, real=0.00 secs] 
42.614: Total time for which application threads were stopped: 0.0018060 seconds, Stopping threads took: 0.0000860 seconds
42.774: Application time: 0.1605490 seconds
42.774: [GC [PSYoungGen: 665760K->688K(666112K)] 919206K->254134K(1211392K), 0.0016680 secs] [Times: user=0.01 sys=0.00, real=0.00 secs] 
42.776: Total time for which application threads were stopped: 0.0018340 seconds, Stopping threads took: 0.0000920 seconds
42.926: Application time: 0.1496130 seconds
42.926: [GC [PSYoungGen: 665776K->752K(666112K)] 919222K->254198K(1211392K), 0.0016120 secs] [Times: user=0.02 sys=0.00, real=0.01 secs] 
42.927: Total time for which application threads were stopped: 0.0017460 seconds, Stopping threads took: 0.0000660 seconds
43.181: Application time: 0.2532010 seconds
43.181: [GC [PSYoungGen: 665840K->640K(666112K)] 919286K->254086K(1211392K), 0.0016630 secs] [Times: user=0.01 sys=0.00, real=0.00 secs] 
43.182: Total time for which application threads were stopped: 0.0017980 seconds, Stopping threads took: 0.0000690 seconds
43.333: Application time: 0.1503640 seconds
43.333: [GC [PSYoungGen: 665728K->720K(666112K)] 919174K->254174K(1211392K), 0.0016440 secs] [Times: user=0.02 sys=0.00, real=0.00 secs] 
43.335: Total time for which application threads were stopped: 0.0018060 seconds, Stopping threads took: 0.0000890 seconds
43.494: Application time: 0.1599080 seconds
43.495: [GC [PSYoungGen: 665808K->528K(666112K)] 919262K->253990K(1211392K), 0.0016860 secs] [Times: user=0.02 sys=0.00, real=0.00 secs] 
43.496: Total time for which application threads were stopped: 0.0018290 seconds, Stopping threads took: 0.0000740 seconds
43.739: Application time: 0.2430100 seconds
43.739: [GC [PSYoungGen: 665616K->720K(666112K)] 919078K->254182K(1211392K), 0.0017330 secs] [Times: user=0.01 sys=0.00, real=0.00 secs] 
43.741: Total time for which application threads were stopped: 0.0018520 seconds, Stopping threads took: 0.0000560 seconds
43.890: Application time: 0.1491330 seconds
43.890: [GC [PSYoungGen: 665808K->720K(666112K)] 919270K->254182K(1211392K), 0.0016520 secs] [Times: user=0.01 sys=0.00, real=0.00 secs] 
43.892: Total time for which application threads were stopped: 0.0017820 seconds, Stopping threads took: 0.0000580 seconds
44.134: Application time: 0.2418390 seconds
44.134: [GC [PSYoungGen: 665808K->624K(666112K)] 919270K->254086K(1211392K), 0.0015960 secs] [Times: user=0.00 sys=0.00, real=0.00 secs] 
44.136: Total time for which application threads were stopped: 0.0017560 seconds, Stopping threads took: 0.0000920 seconds
44.297: Application time: 0.1614280 seconds
44.297: [GC [PSYoungGen: 665712K->704K(666112K)] 919174K->254166K(1211392K), 0.0017120 secs] [Times: user=0.02 sys=0.00, real=0.01 secs] 
44.299: Total time for which application threads were stopped: 0.0018250 seconds, Stopping threads took: 0.0000490 seconds
44.449: Application time: 0.1496610 seconds
44.449: [GC [PSYoungGen: 665792K->816K(666112K)] 919254K->254278K(1211392K), 0.0016550 secs] [Times: user=0.01 sys=0.00, real=0.00 secs] 
44.450: Total time for which application threads were stopped: 0.0017730 seconds, Stopping threads took: 0.0000460 seconds
44.704: Application time: 0.2532430 seconds
44.704: [GC [PSYoungGen: 665904K->704K(666112K)] 919366K->254166K(1211392K), 0.0016650 secs] [Times: user=0.01 sys=0.00, real=0.00 secs] 
44.705: Total time for which application threads were stopped: 0.0017910 seconds, Stopping threads took: 0.0000490 seconds
44.856: Application time: 0.1502030 seconds
44.856: [GC [PSYoungGen: 665792K->768K(666112K)] 919254K->254246K(1211392K), 0.0016550 secs] [Times: user=0.01 sys=0.00, real=0.00 secs] 
44.857: Total time for which application threads were stopped: 0.0018090 seconds, Stopping threads took: 0.0000890 seconds
45.016: Application time: 0.1586010 seconds
45.016: [GC [PSYoungGen: 665856K->528K(666112K)] 919334K->254014K(1211392K), 0.0016460 secs] [Times: user=0.01 sys=0.00, real=0.00 secs] 
45.018: Total time for which application threads were stopped: 0.0018160 seconds, Stopping threads took: 0.0000910 seconds
45.263: Application time: 0.2450680 seconds
45.263: [GC [PSYoungGen: 665616K->752K(666112K)] 919102K->254238K(1211392K), 0.0016970 secs] [Times: user=0.01 sys=0.00, real=0.00 secs] 
45.265: Total time for which application threads were stopped: 0.0018160 seconds, Stopping threads took: 0.0000560 seconds
45.415: Application time: 0.1504340 seconds
45.415: [GC [PSYoungGen: 665840K->640K(666112K)] 919326K->254126K(1211392K), 0.0017040 secs] [Times: user=0.01 sys=0.00, real=0.00 secs] 
45.417: Total time for which application threads were stopped: 0.0018220 seconds, Stopping threads took: 0.0000560 seconds
45.660: Application time: 0.2431450 seconds
45.660: [GC [PSYoungGen: 665728K->544K(666112K)] 919214K->254030K(1211392K), 0.0016530 secs] [Times: user=0.01 sys=0.00, real=0.00 secs] 
45.662: Total time for which application threads were stopped: 0.0018220 seconds, Stopping threads took: 0.0000880 seconds
45.823: Application time: 0.1607790 seconds
45.823: [GC [PSYoungGen: 665632K->816K(666112K)] 919118K->254302K(1211392K), 0.0016820 secs] [Times: user=0.01 sys=0.00, real=0.00 secs] 
45.825: Total time for which application threads were stopped: 0.0018500 seconds, Stopping threads took: 0.0001010 seconds
45.974: Application time: 0.1494890 seconds
45.974: [GC [PSYoungGen: 665904K->816K(666112K)] 919390K->254302K(1211392K), 0.0016270 secs] [Times: user=0.01 sys=0.00, real=0.00 secs] 
45.976: Total time for which application threads were stopped: 0.0017540 seconds, Stopping threads took: 0.0000630 seconds
46.228: Application time: 0.2523760 seconds
46.228: [GC [PSYoungGen: 665904K->704K(666112K)] 919390K->254190K(1211392K), 0.0016420 secs] [Times: user=0.01 sys=0.00, real=0.00 secs] 
46.230: Total time for which application threads were stopped: 0.0017860 seconds, Stopping threads took: 0.0000610 seconds
46.381: Application time: 0.1508640 seconds
46.381: [GC [PSYoungGen: 665792K->704K(666112K)] 919278K->254222K(1211392K), 0.0016120 secs] [Times: user=0.01 sys=0.00, real=0.00 secs] 
46.383: Total time for which application threads were stopped: 0.0017270 seconds, Stopping threads took: 0.0000510 seconds
46.543: Application time: 0.1607280 seconds
46.543: [GC [PSYoungGen: 665792K->512K(666112K)] 919310K->254038K(1211392K), 0.0016880 secs] [Times: user=0.01 sys=0.00, real=0.00 secs] 
46.545: Total time for which application threads were stopped: 0.0018070 seconds, Stopping threads took: 0.0000550 seconds
46.789: Application time: 0.2434540 seconds
46.789: [GC [PSYoungGen: 665600K->752K(666112K)] 919126K->254278K(1211392K), 0.0016380 secs] [Times: user=0.01 sys=0.00, real=0.00 secs] 
46.790: Total time for which application threads were stopped: 0.0018020 seconds, Stopping threads took: 0.0000880 seconds
46.940: Application time: 0.1491060 seconds
46.940: [GC [PSYoungGen: 665840K->704K(666112K)] 919366K->254230K(1211392K), 0.0016440 secs] [Times: user=0.01 sys=0.00, real=0.00 secs] 
46.941: Total time for which application threads were stopped: 0.0017750 seconds, Stopping threads took: 0.0000680 seconds
47.179: Application time: 0.2379220 seconds
47.179: [GC [PSYoungGen: 665792K->480K(666112K)] 919318K->254006K(1211392K), 0.0017520 secs] [Times: user=0.01 sys=0.00, real=0.00 secs] 
47.181: Total time for which application threads were stopped: 0.0019250 seconds, Stopping threads took: 0.0001090 seconds
47.347: Application time: 0.1660070 seconds
47.347: [GC [PSYoungGen: 665568K->848K(666112K)] 919094K->254374K(1211392K), 0.0017670 secs] [Times: user=0.01 sys=0.00, real=0.00 secs] 
47.349: Total time for which application threads were stopped: 0.0019440 seconds, Stopping threads took: 0.0001070 seconds
47.499: Application time: 0.1501010 seconds
47.499: [GC [PSYoungGen: 665936K->720K(666112K)] 919462K->254246K(1211392K), 0.0016470 secs] [Times: user=0.01 sys=0.00, real=0.00 secs] 
47.501: Total time for which application threads were stopped: 0.0018040 seconds, Stopping threads took: 0.0000890 seconds
47.753: Application time: 0.2522740 seconds
47.753: [GC [PSYoungGen: 665808K->560K(666112K)] 919334K->254086K(1211392K), 0.0014860 secs] [Times: user=0.01 sys=0.00, real=0.00 secs] 
47.755: Total time for which application threads were stopped: 0.0016180 seconds, Stopping threads took: 0.0000630 seconds
47.905: Application time: 0.1505830 seconds
47.906: [GC [PSYoungGen: 665648K->672K(666112K)] 919174K->254206K(1211392K), 0.0016740 secs] [Times: user=0.01 sys=0.00, real=0.01 secs] 
47.907: Total time for which application threads were stopped: 0.0017990 seconds, Stopping threads took: 0.0000550 seconds
48.067: Application time: 0.1596420 seconds
48.067: [GC [PSYoungGen: 665760K->640K(666112K)] 919294K->254182K(1211392K), 0.0016230 secs] [Times: user=0.01 sys=0.00, real=0.00 secs] 
48.069: Total time for which application threads were stopped: 0.0017450 seconds, Stopping threads took: 0.0000600 seconds
48.312: Application time: 0.2432280 seconds
48.312: [GC [PSYoungGen: 665728K->736K(666112K)] 919270K->254278K(1211392K), 0.0016460 secs] [Times: user=0.01 sys=0.00, real=0.00 secs] 
48.314: Total time for which application threads were stopped: 0.0018070 seconds, Stopping threads took: 0.0000920 seconds
48.463: Application time: 0.1489150 seconds
48.463: [GC [PSYoungGen: 665824K->720K(666112K)] 919366K->254262K(1211392K), 0.0016210 secs] [Times: user=0.01 sys=0.00, real=0.00 secs] 
48.464: Total time for which application threads were stopped: 0.0017950 seconds, Stopping threads took: 0.0000890 seconds
48.698: Application time: 0.2339290 seconds
48.699: [GC [PSYoungGen: 665808K->576K(666112K)] 919350K->254118K(1211392K), 0.0016910 secs] [Times: user=0.01 sys=0.00, real=0.01 secs] 
48.700: Total time for which application threads were stopped: 0.0018520 seconds, Stopping threads took: 0.0000950 seconds
48.870: Application time: 0.1699520 seconds
48.870: [GC [PSYoungGen: 665664K->752K(666112K)] 919206K->254294K(1211392K), 0.0016790 secs] [Times: user=0.01 sys=0.00, real=0.00 secs] 
48.872: Total time for which application threads were stopped: 0.0018170 seconds, Stopping threads took: 0.0000730 seconds
49.022: Application time: 0.1497780 seconds
49.022: [GC [PSYoungGen: 665840K->736K(666112K)] 919382K->254278K(1211392K), 0.0016910 secs] [Times: user=0.01 sys=0.00, real=0.00 secs] 
49.024: Total time for which application threads were stopped: 0.0018340 seconds, Stopping threads took: 0.0000730 seconds
49.274: Application time: 0.2505590 seconds
49.274: [GC [PSYoungGen: 665824K->720K(666112K)] 919366K->254262K(1211392K), 0.0017580 secs] [Times: user=0.01 sys=0.00, real=0.00 secs] 
49.276: Total time for which application threads were stopped: 0.0018890 seconds, Stopping threads took: 0.0000620 seconds
49.429: Application time: 0.1532960 seconds
49.430: [GC [PSYoungGen: 665808K->720K(666112K)] 919350K->254278K(1211392K), 0.0016610 secs] [Times: user=0.02 sys=0.00, real=0.00 secs] 
49.431: Total time for which application threads were stopped: 0.0018060 seconds, Stopping threads took: 0.0000790 seconds
49.593: Application time: 0.1616360 seconds
49.593: [GC [PSYoungGen: 665808K->480K(666112K)] 919366K->254046K(1211392K), 0.0014770 secs] [Times: user=0.00 sys=0.00, real=0.00 secs] 
49.594: Total time for which application threads were stopped: 0.0016400 seconds, Stopping threads took: 0.0000850 seconds
49.836: Application time: 0.2417230 seconds
49.836: [GC [PSYoungGen: 665568K->832K(666112K)] 919134K->254398K(1211392K), 0.0015210 secs] [Times: user=0.01 sys=0.00, real=0.00 secs] 
49.838: Total time for which application threads were stopped: 0.0016540 seconds, Stopping threads took: 0.0000650 seconds
49.988: Application time: 0.1499980 seconds
49.988: [GC [PSYoungGen: 665920K->752K(666112K)] 919486K->254318K(1211392K), 0.0018080 secs] [Times: user=0.01 sys=0.00, real=0.00 secs] 
49.990: Total time for which application threads were stopped: 0.0019370 seconds, Stopping threads took: 0.0000550 seconds
50.221: Application time: 0.2309730 seconds
50.221: [GC [PSYoungGen: 665840K->496K(666112K)] 919406K->254062K(1211392K), 0.0016680 secs] [Times: user=0.01 sys=0.00, real=0.00 secs] 
50.223: Total time for which application threads were stopped: 0.0018400 seconds, Stopping threads took: 0.0000920 seconds
50.395: Application time: 0.1722230 seconds
50.395: [GC [PSYoungGen: 665584K->768K(666112K)] 919150K->254334K(1211392K), 0.0016520 secs] [Times: user=0.01 sys=0.00, real=0.00 secs] 
50.397: Total time for which application threads were stopped: 0.0017820 seconds, Stopping threads took: 0.0000680 seconds
50.546: Application time: 0.1495140 seconds
50.546: [GC [PSYoungGen: 665856K->688K(666112K)] 919422K->254254K(1211392K), 0.0016670 secs] [Times: user=0.01 sys=0.00, real=0.01 secs] 
50.548: Total time for which application threads were stopped: 0.0017840 seconds, Stopping threads took: 0.0000530 seconds
50.799: Application time: 0.2509510 seconds
50.799: [GC [PSYoungGen: 665776K->688K(666112K)] 919342K->254254K(1211392K), 0.0016640 secs] [Times: user=0.01 sys=0.00, real=0.00 secs] 
50.801: Total time for which application threads were stopped: 0.0018200 seconds, Stopping threads took: 0.0000780 seconds
50.955: Application time: 0.1545480 seconds
50.955: [GC [PSYoungGen: 665776K->784K(666112K)] 919342K->254358K(1211392K), 0.0016640 secs] [Times: user=0.02 sys=0.00, real=0.00 secs] 
50.957: Total time for which application threads were stopped: 0.0017800 seconds, Stopping threads took: 0.0000530 seconds
51.117: Application time: 0.1600800 seconds
51.117: [GC [PSYoungGen: 665872K->528K(666112K)] 919446K->254110K(1211392K), 0.0016590 secs] [Times: user=0.01 sys=0.00, real=0.01 secs] 
51.119: Total time for which application threads were stopped: 0.0017920 seconds, Stopping threads took: 0.0000720 seconds
51.361: Application time: 0.2420060 seconds
51.361: [GC [PSYoungGen: 665616K->768K(666112K)] 919198K->254350K(1211392K), 0.0016160 secs] [Times: user=0.00 sys=0.00, real=0.00 secs] 
51.363: Total time for which application threads were stopped: 0.0017770 seconds, Stopping threads took: 0.0000800 seconds
51.512: Application time: 0.1496880 seconds
51.512: [GC [PSYoungGen: 665856K->800K(666112K)] 919438K->254382K(1211392K), 0.0016840 secs] [Times: user=0.01 sys=0.00, real=0.00 secs] 
51.514: Total time for which application threads were stopped: 0.0018180 seconds, Stopping threads took: 0.0000610 seconds
51.740: Application time: 0.2258090 seconds
51.740: [GC [PSYoungGen: 665888K->512K(666112K)] 919470K->254094K(1211392K), 0.0017050 secs] [Times: user=0.01 sys=0.00, real=0.00 secs] 
51.742: Total time for which application threads were stopped: 0.0018510 seconds, Stopping threads took: 0.0000810 seconds
51.920: Application time: 0.1782550 seconds
51.920: [GC [PSYoungGen: 665600K->672K(666112K)] 919182K->254254K(1211392K), 0.0016420 secs] [Times: user=0.01 sys=0.00, real=0.00 secs] 
51.922: Total time for which application threads were stopped: 0.0017800 seconds, Stopping threads took: 0.0000630 seconds
52.072: Application time: 0.1505170 seconds
52.073: [GC [PSYoungGen: 665760K->752K(666112K)] 919342K->254334K(1211392K), 0.0017560 secs] [Times: user=0.01 sys=0.00, real=0.00 secs] 
52.074: Total time for which application threads were stopped: 0.0018670 seconds, Stopping threads took: 0.0000470 seconds
52.324: Application time: 0.2497490 seconds
52.324: [GC [PSYoungGen: 665840K->672K(666112K)] 919422K->254254K(1211392K), 0.0016240 secs] [Times: user=0.01 sys=0.00, real=0.00 secs] 
52.326: Total time for which application threads were stopped: 0.0017660 seconds, Stopping threads took: 0.0000800 seconds
52.480: Application time: 0.1544220 seconds
52.480: [GC [PSYoungGen: 665760K->752K(666112K)] 919342K->254342K(1211392K), 0.0016520 secs] [Times: user=0.01 sys=0.00, real=0.00 secs] 
52.482: Total time for which application threads were stopped: 0.0017840 seconds, Stopping threads took: 0.0000610 seconds
52.640: Application time: 0.1581610 seconds
52.640: [GC [PSYoungGen: 665840K->528K(666112K)] 919430K->254126K(1211392K), 0.0016500 secs] [Times: user=0.01 sys=0.00, real=0.00 secs] 
52.642: Total time for which application threads were stopped: 0.0017780 seconds, Stopping threads took: 0.0000660 seconds
52.889: Application time: 0.2466100 seconds
52.889: [GC [PSYoungGen: 665616K->640K(666112K)] 919214K->254238K(1211392K), 0.0017000 secs] [Times: user=0.01 sys=0.00, real=0.00 secs] 
52.890: Total time for which application threads were stopped: 0.0018310 seconds, Stopping threads took: 0.0000610 seconds
53.041: Application time: 0.1510740 seconds
53.042: [GC [PSYoungGen: 665728K->672K(666112K)] 919326K->254270K(1211392K), 0.0017150 secs] [Times: user=0.01 sys=0.00, real=0.00 secs] 
53.043: Total time for which application threads were stopped: 0.0018550 seconds, Stopping threads took: 0.0000540 seconds
53.266: Application time: 0.2222660 seconds
53.266: [GC [PSYoungGen: 665760K->416K(666112K)] 919358K->254014K(1211392K), 0.0016960 secs] [Times: user=0.01 sys=0.00, real=0.01 secs] 
53.267: Total time for which application threads were stopped: 0.0018470 seconds, Stopping threads took: 0.0000800 seconds
53.449: Application time: 0.1819710 seconds
53.450: [GC [PSYoungGen: 665504K->704K(666112K)] 919102K->254302K(1211392K), 0.0017160 secs] [Times: user=0.01 sys=0.00, real=0.00 secs] 
53.451: Total time for which application threads were stopped: 0.0018590 seconds, Stopping threads took: 0.0000800 seconds
53.601: Application time: 0.1500950 seconds
53.602: [GC [PSYoungGen: 665792K->688K(666112K)] 919390K->254286K(1211392K), 0.0017290 secs] [Times: user=0.02 sys=0.00, real=0.00 secs] 
53.603: Total time for which application threads were stopped: 0.0018650 seconds, Stopping threads took: 0.0000620 seconds
53.852: Application time: 0.2484520 seconds
53.852: [GC [PSYoungGen: 665776K->672K(666112K)] 919374K->254270K(1211392K), 0.0016600 secs] [Times: user=0.01 sys=0.00, real=0.00 secs] 
53.854: Total time for which application threads were stopped: 0.0018020 seconds, Stopping threads took: 0.0000790 seconds
54.010: Application time: 0.1563850 seconds
54.010: [GC [PSYoungGen: 665760K->800K(666112K)] 919358K->254406K(1211392K), 0.0016630 secs] [Times: user=0.01 sys=0.00, real=0.00 secs] 
54.012: Total time for which application threads were stopped: 0.0017810 seconds, Stopping threads took: 0.0000510 seconds
54.169: Application time: 0.1571200 seconds
54.169: [GC [PSYoungGen: 665888K->560K(666112K)] 919494K->254174K(1211392K), 0.0016860 secs] [Times: user=0.01 sys=0.00, real=0.00 secs] 
54.171: Total time for which application threads were stopped: 0.0018730 seconds, Stopping threads took: 0.0001110 seconds
54.418: Application time: 0.2468890 seconds
54.418: [GC [PSYoungGen: 665648K->720K(666112K)] 919262K->254334K(1211392K), 0.0016600 secs] [Times: user=0.01 sys=0.00, real=0.01 secs] 
54.419: Total time for which application threads were stopped: 0.0017920 seconds, Stopping threads took: 0.0000570 seconds
54.570: Application time: 0.1506190 seconds
54.570: [GC [PSYoungGen: 665808K->800K(666112K)] 919422K->254414K(1211392K), 0.0016750 secs] [Times: user=0.02 sys=0.00, real=0.00 secs] 
54.572: Total time for which application threads were stopped: 0.0018090 seconds, Stopping threads took: 0.0000580 seconds
54.793: Application time: 0.2214840 seconds
54.793: [GC [PSYoungGen: 665888K->416K(666112K)] 919502K->254030K(1211392K), 0.0016120 secs] [Times: user=0.01 sys=0.00, real=0.00 secs] 
54.795: Total time for which application threads were stopped: 0.0017440 seconds, Stopping threads took: 0.0000580 seconds
54.980: Application time: 0.1854220 seconds
54.981: [GC [PSYoungGen: 665504K->640K(666112K)] 919118K->254254K(1211392K), 0.0016700 secs] [Times: user=0.01 sys=0.00, real=0.00 secs] 
54.982: Total time for which application threads were stopped: 0.0017920 seconds, Stopping threads took: 0.0000480 seconds
55.132: Application time: 0.1496640 seconds
55.132: [GC [PSYoungGen: 665728K->704K(666112K)] 919342K->254318K(1211392K), 0.0016420 secs] [Times: user=0.02 sys=0.00, real=0.00 secs] 
55.134: Total time for which application threads were stopped: 0.0017580 seconds, Stopping threads took: 0.0000550 seconds
55.381: Application time: 0.2473980 seconds
55.381: [GC [PSYoungGen: 665792K->592K(666112K)] 919406K->254206K(1211392K), 0.0016820 secs] [Times: user=0.02 sys=0.00, real=0.00 secs] 
55.383: Total time for which application threads were stopped: 0.0018310 seconds, Stopping threads took: 0.0000730 seconds
55.539: Application time: 0.1562690 seconds
55.539: [GC [PSYoungGen: 665680K->800K(666112K)] 919294K->254422K(1211392K), 0.0016600 secs] [Times: user=0.02 sys=0.00, real=0.00 secs] 
55.541: Total time for which application threads were stopped: 0.0017620 seconds, Stopping threads took: 0.0000390 seconds
55.695: Application time: 0.1545050 seconds
55.696: [GC [PSYoungGen: 665888K->592K(666112K)] 919510K->254222K(1211392K), 0.0016680 secs] [Times: user=0.02 sys=0.00, real=0.00 secs] 
55.697: Total time for which application threads were stopped: 0.0017990 seconds, Stopping threads took: 0.0000680 seconds
55.949: Application time: 0.2520650 seconds
55.949: [GC [PSYoungGen: 665680K->608K(666112K)] 919310K->254238K(1211392K), 0.0016930 secs] [Times: user=0.01 sys=0.00, real=0.00 secs] 
55.951: Total time for which application threads were stopped: 0.0018430 seconds, Stopping threads took: 0.0000760 seconds
56.101: Application time: 0.1497160 seconds
56.101: [GC [PSYoungGen: 665696K->704K(666112K)] 919326K->254334K(1211392K), 0.0016220 secs] [Times: user=0.01 sys=0.00, real=0.00 secs] 
56.103: Total time for which application threads were stopped: 0.0017590 seconds, Stopping threads took: 0.0000660 seconds
56.317: Application time: 0.2145350 seconds
56.317: [GC [PSYoungGen: 665792K->400K(666112K)] 919422K->254030K(1211392K), 0.0016480 secs] [Times: user=0.01 sys=0.00, real=0.01 secs] 
56.319: Total time for which application threads were stopped: 0.0017860 seconds, Stopping threads took: 0.0000690 seconds
56.510: Application time: 0.1911150 seconds
56.510: [GC [PSYoungGen: 665488K->752K(666112K)] 919118K->254382K(1211392K), 0.0015620 secs] [Times: user=0.01 sys=0.00, real=0.00 secs] 
56.512: Total time for which application threads were stopped: 0.0017120 seconds, Stopping threads took: 0.0000760 seconds
56.662: Application time: 0.1500890 seconds
56.662: [GC [PSYoungGen: 665840K->864K(666112K)] 919470K->254494K(1211392K), 0.0014610 secs] [Times: user=0.01 sys=0.00, real=0.00 secs] 
56.664: Total time for which application threads were stopped: 0.0015930 seconds, Stopping threads took: 0.0000670 seconds
56.910: Application time: 0.2461540 seconds
56.910: [GC [PSYoungGen: 665952K->752K(666112K)] 919582K->254382K(1211392K), 0.0014730 secs] [Times: user=0.01 sys=0.00, real=0.00 secs] 
56.911: Total time for which application threads were stopped: 0.0016150 seconds, Stopping threads took: 0.0000770 seconds
57.069: Application time: 0.1572390 seconds
57.069: [GC [PSYoungGen: 665840K->704K(666112K)] 919470K->254350K(1211392K), 0.0016230 secs] [Times: user=0.01 sys=0.00, real=0.00 secs] 
57.070: Total time for which application threads were stopped: 0.0017610 seconds, Stopping threads took: 0.0000660 seconds
57.223: Application time: 0.1531060 seconds
57.224: [GC [PSYoungGen: 665792K->688K(666112K)] 919438K->254342K(1211392K), 0.0016440 secs] [Times: user=0.01 sys=0.00, real=0.00 secs] 
57.225: Total time for which application threads were stopped: 0.0017770 seconds, Stopping threads took: 0.0000640 seconds
57.475: Application time: 0.2496170 seconds
57.475: [GC [PSYoungGen: 665776K->656K(666112K)] 919430K->254310K(1211392K), 0.0016400 secs] [Times: user=0.01 sys=0.00, real=0.00 secs] 
57.477: Total time for which application threads were stopped: 0.0017960 seconds, Stopping threads took: 0.0000930 seconds
57.627: Application time: 0.1500450 seconds
57.627: [GC [PSYoungGen: 665744K->688K(666112K)] 919398K->254342K(1211392K), 0.0016360 secs] [Times: user=0.01 sys=0.00, real=0.01 secs] 
57.628: Total time for which application threads were stopped: 0.0017720 seconds, Stopping threads took: 0.0000600 seconds
57.835: Application time: 0.2067960 seconds
57.835: [GC [PSYoungGen: 665776K->416K(666112K)] 919430K->254070K(1211392K), 0.0016480 secs] [Times: user=0.01 sys=0.00, real=0.00 secs] 
57.837: Total time for which application threads were stopped: 0.0018130 seconds, Stopping threads took: 0.0001010 seconds
58.034: Application time: 0.1969270 seconds
58.034: [GC [PSYoungGen: 665504K->784K(666112K)] 919158K->254438K(1211392K), 0.0016490 secs] [Times: user=0.01 sys=0.00, real=0.00 secs] 
58.036: Total time for which application threads were stopped: 0.0017880 seconds, Stopping threads took: 0.0000760 seconds
58.186: Application time: 0.1503610 seconds
58.186: [GC [PSYoungGen: 665872K->752K(666112K)] 919526K->254406K(1211392K), 0.0016670 secs] [Times: user=0.01 sys=0.00, real=0.01 secs] 
58.188: Total time for which application threads were stopped: 0.0018170 seconds, Stopping threads took: 0.0000680 seconds
58.433: Application time: 0.2449110 seconds
58.433: [GC [PSYoungGen: 665840K->720K(666112K)] 919494K->254374K(1211392K), 0.0016740 secs] [Times: user=0.02 sys=0.01, real=0.00 secs] 
58.435: Total time for which application threads were stopped: 0.0018220 seconds, Stopping threads took: 0.0000780 seconds
58.593: Application time: 0.1587850 seconds
58.594: [GC [PSYoungGen: 665808K->704K(666112K)] 919462K->254366K(1211392K), 0.0036190 secs] [Times: user=0.03 sys=0.00, real=0.00 secs] 
58.597: Total time for which application threads were stopped: 0.0037640 seconds, Stopping threads took: 0.0000730 seconds
58.754: Application time: 0.1569280 seconds
58.754: [GC [PSYoungGen: 665792K->624K(666112K)] 919454K->254302K(1211392K), 0.0017050 secs] [Times: user=0.02 sys=0.00, real=0.00 secs] 
58.756: Total time for which application threads were stopped: 0.0018650 seconds, Stopping threads took: 0.0000820 seconds
59.002: Application time: 0.2461700 seconds
59.002: [GC [PSYoungGen: 665712K->720K(666112K)] 919390K->254398K(1211392K), 0.0017360 secs] [Times: user=0.01 sys=0.00, real=0.00 secs] 
59.004: Total time for which application threads were stopped: 0.0018810 seconds, Stopping threads took: 0.0000770 seconds
59.155: Application time: 0.1513760 seconds
59.156: [GC [PSYoungGen: 665808K->736K(666112K)] 919486K->254414K(1211392K), 0.0017560 secs] [Times: user=0.01 sys=0.00, real=0.00 secs] 
59.157: Total time for which application threads were stopped: 0.0019010 seconds, Stopping threads took: 0.0000810 seconds
59.364: Application time: 0.2064130 seconds
59.364: [GC [PSYoungGen: 665824K->512K(666112K)] 919502K->254190K(1211392K), 0.0016310 secs] [Times: user=0.01 sys=0.00, real=0.00 secs] 
59.366: Total time for which application threads were stopped: 0.0017880 seconds, Stopping threads took: 0.0000860 seconds
59.563: Application time: 0.1977550 seconds
59.563: [GC [PSYoungGen: 665600K->768K(666112K)] 919278K->254446K(1211392K), 0.0016210 secs] [Times: user=0.01 sys=0.00, real=0.00 secs] 
59.565: Total time for which application threads were stopped: 0.0017660 seconds, Stopping threads took: 0.0000830 seconds
59.715: Application time: 0.1501040 seconds
59.715: [GC [PSYoungGen: 665856K->736K(666112K)] 919534K->254414K(1211392K), 0.0016560 secs] [Times: user=0.01 sys=0.00, real=0.00 secs] 
59.717: Total time for which application threads were stopped: 0.0017640 seconds, Stopping threads took: 0.0000450 seconds
59.962: Application time: 0.2446780 seconds
59.962: [GC [PSYoungGen: 665824K->656K(666112K)] 919502K->254334K(1211392K), 0.0016890 secs] [Times: user=0.01 sys=0.00, real=0.00 secs] 
59.964: Total time for which application threads were stopped: 0.0018500 seconds, Stopping threads took: 0.0000860 seconds
60.123: Application time: 0.1595130 seconds
60.123: [GC [PSYoungGen: 665744K->752K(666112K)] 919422K->254438K(1211392K), 0.0016420 secs] [Times: user=0.01 sys=0.00, real=0.00 secs] 
60.125: Total time for which application threads were stopped: 0.0017820 seconds, Stopping threads took: 0.0000790 seconds
60.280: Application time: 0.1547110 seconds
60.280: [GC [PSYoungGen: 665840K->528K(666112K)] 919526K->254222K(1211392K), 0.0016400 secs] [Times: user=0.01 sys=0.00, real=0.00 secs] 
60.281: Total time for which application threads were stopped: 0.0017670 seconds, Stopping threads took: 0.0000640 seconds
60.529: Application time: 0.2473810 seconds
60.529: [GC [PSYoungGen: 665616K->736K(666112K)] 919310K->254430K(1211392K), 0.0017960 secs] [Times: user=0.01 sys=0.00, real=0.00 secs] 
60.531: Total time for which application threads were stopped: 0.0019260 seconds, Stopping threads took: 0.0000530 seconds
60.683: Application time: 0.1526030 seconds
60.683: [GC [PSYoungGen: 665824K->752K(666112K)] 919518K->254446K(1211392K), 0.0016880 secs] [Times: user=0.00 sys=0.00, real=0.00 secs] 
60.685: Total time for which application threads were stopped: 0.0018140 seconds, Stopping threads took: 0.0000640 seconds
60.889: Application time: 0.2039500 seconds
60.889: [GC [PSYoungGen: 665840K->464K(666112K)] 919534K->254158K(1211392K), 0.0016770 secs] [Times: user=0.01 sys=0.00, real=0.00 secs] 
60.891: Total time for which application threads were stopped: 0.0018300 seconds, Stopping threads took: 0.0000840 seconds
61.090: Application time: 0.1987280 seconds
61.090: [GC [PSYoungGen: 665552K->752K(666112K)] 919246K->254446K(1211392K), 0.0016520 secs] [Times: user=0.01 sys=0.00, real=0.00 secs] 
61.091: Total time for which application threads were stopped: 0.0017950 seconds, Stopping threads took: 0.0000720 seconds
61.241: Application time: 0.1498460 seconds
61.241: [GC [PSYoungGen: 665840K->800K(666112K)] 919534K->254494K(1211392K), 0.0017450 secs] [Times: user=0.01 sys=0.00, real=0.00 secs] 
61.243: Total time for which application threads were stopped: 0.0019000 seconds, Stopping threads took: 0.0000930 seconds
61.488: Application time: 0.2444970 seconds
61.488: [GC [PSYoungGen: 665888K->560K(666112K)] 919582K->254254K(1211392K), 0.0014610 secs] [Times: user=0.01 sys=0.00, real=0.00 secs] 
61.489: Total time for which application threads were stopped: 0.0015840 seconds, Stopping threads took: 0.0000600 seconds
61.649: Application time: 0.1599450 seconds
61.649: [GC [PSYoungGen: 665648K->752K(666112K)] 919342K->254454K(1211392K), 0.0016480 secs] [Times: user=0.01 sys=0.00, real=0.00 secs] 
61.651: Total time for which application threads were stopped: 0.0018050 seconds, Stopping threads took: 0.0000810 seconds
61.810: Application time: 0.1592020 seconds
61.810: [GC [PSYoungGen: 665840K->576K(666112K)] 919542K->254286K(1211392K), 0.0016770 secs] [Times: user=0.01 sys=0.00, real=0.00 secs] 
61.812: Total time for which application threads were stopped: 0.0018400 seconds, Stopping threads took: 0.0000950 seconds
62.054: Application time: 0.2421590 seconds
62.054: [GC [PSYoungGen: 665664K->720K(666112K)] 919374K->254430K(1211392K), 0.0016850 secs] [Times: user=0.01 sys=0.00, real=0.00 secs] 
62.056: Total time for which application threads were stopped: 0.0018110 seconds, Stopping threads took: 0.0000620 seconds
62.208: Application time: 0.1517470 seconds
62.208: [GC [PSYoungGen: 665808K->736K(666112K)] 919518K->254446K(1211392K), 0.0014660 secs] [Times: user=0.00 sys=0.00, real=0.00 secs] 
62.209: Total time for which application threads were stopped: 0.0016440 seconds, Stopping threads took: 0.0000990 seconds
62.409: Application time: 0.1998430 seconds
62.409: [GC [PSYoungGen: 665824K->512K(666112K)] 919534K->254222K(1211392K), 0.0017640 secs] [Times: user=0.01 sys=0.00, real=0.00 secs] 
62.411: Total time for which application threads were stopped: 0.0019140 seconds, Stopping threads took: 0.0000840 seconds
62.615: Application time: 0.2035480 seconds
62.615: [GC [PSYoungGen: 665600K->928K(666112K)] 919310K->254638K(1211392K), 0.0016500 secs] [Times: user=0.01 sys=0.01, real=0.00 secs] 
62.616: Total time for which application threads were stopped: 0.0017940 seconds, Stopping threads took: 0.0000740 seconds
62.766: Application time: 0.1497340 seconds
62.766: [GC [PSYoungGen: 666016K->752K(666112K)] 919726K->254462K(1211392K), 0.0018050 secs] [Times: user=0.02 sys=0.00, real=0.01 secs] 
62.768: Total time for which application threads were stopped: 0.0019550 seconds, Stopping threads took: 0.0000690 seconds
63.010: Application time: 0.2415360 seconds
63.010: [GC [PSYoungGen: 665840K->512K(666112K)] 919550K->254222K(1211392K), 0.0016730 secs] [Times: user=0.01 sys=0.00, real=0.00 secs] 
63.011: Total time for which application threads were stopped: 0.0018110 seconds, Stopping threads took: 0.0000740 seconds
63.174: Application time: 0.1620730 seconds
63.174: [GC [PSYoungGen: 665600K->832K(666112K)] 919310K->254550K(1211392K), 0.0016340 secs] [Times: user=0.01 sys=0.00, real=0.00 secs] 
63.175: Total time for which application threads were stopped: 0.0017890 seconds, Stopping threads took: 0.0000830 seconds
63.334: Application time: 0.1585350 seconds
63.334: [GC [PSYoungGen: 665920K->608K(666112K)] 919638K->254334K(1211392K), 0.0014700 secs] [Times: user=0.00 sys=0.00, real=0.00 secs] 
63.336: Total time for which application threads were stopped: 0.0016430 seconds, Stopping threads took: 0.0000870 seconds
63.580: Application time: 0.2440360 seconds
63.580: [GC [PSYoungGen: 665696K->784K(666112K)] 919422K->254510K(1211392K), 0.0014320 secs] [Times: user=0.01 sys=0.00, real=0.00 secs] 
63.581: Total time for which application threads were stopped: 0.0015440 seconds, Stopping threads took: 0.0000500 seconds
63.732: Application time: 0.1512720 seconds
63.733: [GC [PSYoungGen: 665872K->672K(666112K)] 919598K->254398K(1211392K), 0.0016590 secs] [Times: user=0.01 sys=0.00, real=0.00 secs] 
63.734: Total time for which application threads were stopped: 0.0018020 seconds, Stopping threads took: 0.0000830 seconds
63.931: Application time: 0.1968500 seconds
63.935: [GC [PSYoungGen: 665760K->480K(666112K)] 919486K->254206K(1211392K), 0.0018080 secs] [Times: user=0.01 sys=0.00, real=0.00 secs] 
63.937: Total time for which application threads were stopped: 0.0056680 seconds, Stopping threads took: 0.0037770 seconds
64.144: Application time: 0.2074740 seconds
64.144: [GC [PSYoungGen: 665568K->768K(666112K)] 919294K->254494K(1211392K), 0.0017490 secs] [Times: user=0.01 sys=0.00, real=0.00 secs] 
64.146: Total time for which application threads were stopped: 0.0018730 seconds, Stopping threads took: 0.0000570 seconds
64.296: Application time: 0.1495430 seconds
64.296: [GC [PSYoungGen: 665856K->656K(666112K)] 919582K->254382K(1211392K), 0.0016460 secs] [Times: user=0.02 sys=0.00, real=0.00 secs] 
64.297: Total time for which application threads were stopped: 0.0017660 seconds, Stopping threads took: 0.0000550 seconds
64.538: Application time: 0.2409970 seconds
64.539: [GC [PSYoungGen: 665744K->736K(666112K)] 919470K->254462K(1211392K), 0.0016270 secs] [Times: user=0.01 sys=0.00, real=0.01 secs] 
64.540: Total time for which application threads were stopped: 0.0017710 seconds, Stopping threads took: 0.0000660 seconds
64.704: Application time: 0.1636380 seconds
64.704: [GC [PSYoungGen: 665824K->848K(666112K)] 919550K->254582K(1211392K), 0.0017570 secs] [Times: user=0.01 sys=0.00, real=0.00 secs] 
64.706: Total time for which application threads were stopped: 0.0018640 seconds, Stopping threads took: 0.0000420 seconds
64.862: Application time: 0.1567750 seconds
64.863: [GC [PSYoungGen: 665936K->608K(666112K)] 919670K->254350K(1211392K), 0.0016830 secs] [Times: user=0.01 sys=0.00, real=0.00 secs] 
64.864: Total time for which application threads were stopped: 0.0018170 seconds, Stopping threads took: 0.0000700 seconds
65.110: Application time: 0.2461470 seconds
65.111: [GC [PSYoungGen: 665696K->752K(666112K)] 919438K->254494K(1211392K), 0.0016780 secs] [Times: user=0.01 sys=0.00, real=0.00 secs] 
65.112: Total time for which application threads were stopped: 0.0018520 seconds, Stopping threads took: 0.0000980 seconds
65.264: Application time: 0.1514310 seconds
65.264: [GC [PSYoungGen: 665840K->720K(666112K)] 919582K->254462K(1211392K), 0.0016810 secs] [Times: user=0.01 sys=0.00, real=0.00 secs] 
65.266: Total time for which application threads were stopped: 0.0018010 seconds, Stopping threads took: 0.0000520 seconds
65.462: Application time: 0.1960810 seconds
65.462: [GC [PSYoungGen: 665808K->464K(666112K)] 919550K->254206K(1211392K), 0.0015760 secs] [Times: user=0.01 sys=0.00, real=0.00 secs] 
65.463: Total time for which application threads were stopped: 0.0017190 seconds, Stopping threads took: 0.0000740 seconds
65.673: Application time: 0.2095990 seconds
65.673: [GC [PSYoungGen: 665552K->800K(666112K)] 919294K->254542K(1211392K), 0.0016600 secs] [Times: user=0.01 sys=0.00, real=0.00 secs] 
65.675: Total time for which application threads were stopped: 0.0017870 seconds, Stopping threads took: 0.0000530 seconds
65.824: Application time: 0.1494310 seconds
65.824: [GC [PSYoungGen: 665888K->848K(666112K)] 919630K->254590K(1211392K), 0.0014640 secs] [Times: user=0.01 sys=0.00, real=0.00 secs] 
65.826: Total time for which application threads were stopped: 0.0015860 seconds, Stopping threads took: 0.0000580 seconds
66.067: Application time: 0.2414700 seconds
66.067: [GC [PSYoungGen: 665936K->608K(666112K)] 919678K->254350K(1211392K), 0.0015550 secs] [Times: user=0.01 sys=0.00, real=0.00 secs] 
66.069: Total time for which application threads were stopped: 0.0016890 seconds, Stopping threads took: 0.0000740 seconds
66.232: Application time: 0.1629340 seconds
66.232: [GC [PSYoungGen: 665696K->672K(666112K)] 919438K->254422K(1211392K), 0.0016690 secs] [Times: user=0.01 sys=0.00, real=0.00 secs] 
66.234: Total time for which application threads were stopped: 0.0018380 seconds, Stopping threads took: 0.0000960 seconds
66.389: Application time: 0.1553120 seconds
66.389: [GC [PSYoungGen: 665760K->560K(666112K)] 919510K->254318K(1211392K), 0.0016530 secs] [Times: user=0.02 sys=0.00, real=0.00 secs] 
66.391: Total time for which application threads were stopped: 0.0018060 seconds, Stopping threads took: 0.0000770 seconds
66.639: Application time: 0.2484060 seconds
66.639: [GC [PSYoungGen: 665648K->752K(666112K)] 919406K->254510K(1211392K), 0.0015470 secs] [Times: user=0.01 sys=0.00, real=0.00 secs] 
66.641: Total time for which application threads were stopped: 0.0016990 seconds, Stopping threads took: 0.0000930 seconds
66.793: Application time: 0.1517310 seconds
66.793: [GC [PSYoungGen: 665840K->768K(666112K)] 919598K->254526K(1211392K), 0.0016220 secs] [Times: user=0.01 sys=0.00, real=0.00 secs] 
66.794: Total time for which application threads were stopped: 0.0017640 seconds, Stopping threads took: 0.0000610 seconds
66.987: Application time: 0.1923890 seconds
66.987: [GC [PSYoungGen: 665856K->448K(666112K)] 919614K->254206K(1211392K), 0.0016430 secs] [Times: user=0.01 sys=0.00, real=0.00 secs] 
66.989: Total time for which application threads were stopped: 0.0017970 seconds, Stopping threads took: 0.0000930 seconds
67.199: Application time: 0.2108300 seconds
67.200: [GC [PSYoungGen: 665536K->784K(666112K)] 919294K->254542K(1211392K), 0.0016500 secs] [Times: user=0.01 sys=0.00, real=0.00 secs] 
67.201: Total time for which application threads were stopped: 0.0018030 seconds, Stopping threads took: 0.0000890 seconds
67.351: Application time: 0.1497540 seconds
67.351: [GC [PSYoungGen: 665872K->736K(666112K)] 919630K->254494K(1211392K), 0.0016400 secs] [Times: user=0.01 sys=0.00, real=0.00 secs] 
67.353: Total time for which application threads were stopped: 0.0017780 seconds, Stopping threads took: 0.0000690 seconds
67.591: Application time: 0.2378650 seconds
67.591: [GC [PSYoungGen: 665824K->592K(666112K)] 919582K->254350K(1211392K), 0.0017360 secs] [Times: user=0.01 sys=0.00, real=0.00 secs] 
67.593: Total time for which application threads were stopped: 0.0018980 seconds, Stopping threads took: 0.0000950 seconds
67.758: Application time: 0.1651600 seconds
67.758: [GC [PSYoungGen: 665680K->768K(666112K)] 919438K->254534K(1211392K), 0.0016330 secs] [Times: user=0.01 sys=0.00, real=0.01 secs] 
67.760: Total time for which application threads were stopped: 0.0017840 seconds, Stopping threads took: 0.0000770 seconds
67.915: Application time: 0.1557860 seconds
67.915: [GC [PSYoungGen: 665856K->592K(666112K)] 919622K->254366K(1211392K), 0.0017600 secs] [Times: user=0.01 sys=0.00, real=0.00 secs] 
67.917: Total time for which application threads were stopped: 0.0019220 seconds, Stopping threads took: 0.0000900 seconds
68.164: Application time: 0.2463710 seconds
68.164: [GC [PSYoungGen: 665680K->864K(666112K)] 919454K->254638K(1211392K), 0.0016520 secs] [Times: user=0.01 sys=0.00, real=0.00 secs] 
68.165: Total time for which application threads were stopped: 0.0017910 seconds, Stopping threads took: 0.0000680 seconds
68.319: Application time: 0.1531850 seconds
68.319: [GC [PSYoungGen: 665952K->736K(666112K)] 919726K->254510K(1211392K), 0.0016490 secs] [Times: user=0.02 sys=0.00, real=0.01 secs] 
68.320: Total time for which application threads were stopped: 0.0017690 seconds, Stopping threads took: 0.0000540 seconds
68.514: Application time: 0.1937410 seconds
68.514: [GC [PSYoungGen: 665824K->496K(666112K)] 919598K->254270K(1211392K), 0.0016810 secs] [Times: user=0.01 sys=0.00, real=0.00 secs] 
68.516: Total time for which application threads were stopped: 0.0018530 seconds, Stopping threads took: 0.0000950 seconds
68.728: Application time: 0.2122350 seconds
68.728: [GC [PSYoungGen: 665584K->816K(666112K)] 919358K->254590K(1211392K), 0.0017120 secs] [Times: user=0.01 sys=0.00, real=0.00 secs] 
68.730: Total time for which application threads were stopped: 0.0018700 seconds, Stopping threads took: 0.0000890 seconds
68.880: Application time: 0.1498090 seconds
68.880: [GC [PSYoungGen: 665904K->800K(666112K)] 919678K->254574K(1211392K), 0.0016770 secs] [Times: user=0.01 sys=0.00, real=0.00 secs] 
68.882: Total time for which application threads were stopped: 0.0018280 seconds, Stopping threads took: 0.0000810 seconds
69.120: Application time: 0.2385240 seconds
69.120: [GC [PSYoungGen: 665888K->608K(666112K)] 919662K->254382K(1211392K), 0.0016630 secs] [Times: user=0.01 sys=0.00, real=0.00 secs] 
69.122: Total time for which application threads were stopped: 0.0018120 seconds, Stopping threads took: 0.0000780 seconds
69.290: Application time: 0.1675910 seconds
69.290: [GC [PSYoungGen: 665696K->672K(666112K)] 919470K->254454K(1211392K), 0.0016530 secs] [Times: user=0.01 sys=0.00, real=0.00 secs] 
69.291: Total time for which application threads were stopped: 0.0017840 seconds, Stopping threads took: 0.0000610 seconds
69.447: Application time: 0.1554780 seconds
69.447: [GC [PSYoungGen: 665760K->672K(666112K)] 919542K->254462K(1211392K), 0.0018040 secs] [Times: user=0.01 sys=0.00, real=0.00 secs] 
69.449: Total time for which application threads were stopped: 0.0019530 seconds, Stopping threads took: 0.0000830 seconds
69.693: Application time: 0.2439120 seconds
69.693: [GC [PSYoungGen: 665760K->752K(666112K)] 919550K->254542K(1211392K), 0.0016230 secs] [Times: user=0.01 sys=0.00, real=0.00 secs] 
69.695: Total time for which application threads were stopped: 0.0017590 seconds, Stopping threads took: 0.0000620 seconds
69.850: Application time: 0.1550370 seconds
69.850: [GC [PSYoungGen: 665840K->784K(666112K)] 919630K->254574K(1211392K), 0.0016490 secs] [Times: user=0.01 sys=0.00, real=0.00 secs] 
69.851: Total time for which application threads were stopped: 0.0017950 seconds, Stopping threads took: 0.0000810 seconds
70.050: Application time: 0.1983770 seconds
70.050: [GC [PSYoungGen: 665872K->528K(666112K)] 919662K->254318K(1211392K), 0.0016770 secs] [Times: user=0.01 sys=0.00, real=0.00 secs] 
70.052: Total time for which application threads were stopped: 0.0018670 seconds, Stopping threads took: 0.0001180 seconds
70.258: Application time: 0.2060030 seconds
70.258: [GC [PSYoungGen: 665616K->640K(666112K)] 919406K->254430K(1211392K), 0.0014510 secs] [Times: user=0.00 sys=0.00, real=0.01 secs] 
70.259: Total time for which application threads were stopped: 0.0015880 seconds, Stopping threads took: 0.0000650 seconds
70.410: Application time: 0.1505330 seconds
70.410: [GC [PSYoungGen: 665728K->784K(666112K)] 919518K->254574K(1211392K), 0.0017590 secs] [Times: user=0.01 sys=0.00, real=0.00 secs] 
70.412: Total time for which application threads were stopped: 0.0019050 seconds, Stopping threads took: 0.0000850 seconds
70.650: Application time: 0.2386710 seconds
70.650: [GC [PSYoungGen: 665872K->608K(666112K)] 919662K->254398K(1211392K), 0.0016690 secs] [Times: user=0.01 sys=0.00, real=0.00 secs] 
70.652: Total time for which application threads were stopped: 0.0018450 seconds, Stopping threads took: 0.0001000 seconds
70.819: Application time: 0.1665480 seconds
70.819: [GC [PSYoungGen: 665696K->768K(666112K)] 919486K->254566K(1211392K), 0.0017570 secs] [Times: user=0.01 sys=0.00, real=0.00 secs] 
70.821: Total time for which application threads were stopped: 0.0019250 seconds, Stopping threads took: 0.0000950 seconds
70.976: Application time: 0.1557140 seconds
70.976: [GC [PSYoungGen: 665856K->528K(666112K)] 919654K->254334K(1211392K), 0.0016720 secs] [Times: user=0.01 sys=0.00, real=0.00 secs] 
70.978: Total time for which application threads were stopped: 0.0018160 seconds, Stopping threads took: 0.0000770 seconds
71.220: Application time: 0.2418800 seconds
71.220: [GC [PSYoungGen: 665616K->608K(666112K)] 919422K->254414K(1211392K), 0.0016620 secs] [Times: user=0.02 sys=0.00, real=0.00 secs] 
71.222: Total time for which application threads were stopped: 0.0017850 seconds, Stopping threads took: 0.0000610 seconds
71.377: Application time: 0.1556360 seconds
71.378: [GC [PSYoungGen: 665696K->768K(666112K)] 919502K->254574K(1211392K), 0.0017250 secs] [Times: user=0.01 sys=0.00, real=0.01 secs] 
71.379: Total time for which application threads were stopped: 0.0018640 seconds, Stopping threads took: 0.0000660 seconds
71.575: Application time: 0.1953870 seconds
71.575: [GC [PSYoungGen: 665856K->448K(666112K)] 919662K->254254K(1211392K), 0.0016200 secs] [Times: user=0.01 sys=0.00, real=0.00 secs] 
71.577: Total time for which application threads were stopped: 0.0017860 seconds, Stopping threads took: 0.0001030 seconds
71.783: Application time: 0.2065550 seconds
71.783: [GC [PSYoungGen: 665536K->752K(666112K)] 919342K->254558K(1211392K), 0.0017500 secs] [Times: user=0.01 sys=0.00, real=0.00 secs] 
71.785: Total time for which application threads were stopped: 0.0018850 seconds, Stopping threads took: 0.0000720 seconds
71.937: Application time: 0.1518630 seconds
71.938: [GC [PSYoungGen: 665840K->592K(666112K)] 919646K->254398K(1211392K), 0.0017120 secs] [Times: user=0.00 sys=0.00, real=0.01 secs] 
71.940: Total time for which application threads were stopped: 0.0027630 seconds, Stopping threads took: 0.0009620 seconds
72.175: Application time: 0.2351670 seconds
72.175: [GC [PSYoungGen: 665680K->608K(666112K)] 919486K->254414K(1211392K), 0.0016670 secs] [Times: user=0.01 sys=0.00, real=0.00 secs] 
72.177: Total time for which application threads were stopped: 0.0018230 seconds, Stopping threads took: 0.0000880 seconds
72.347: Application time: 0.1699710 seconds
72.347: [GC [PSYoungGen: 665696K->928K(666112K)] 919502K->254742K(1211392K), 0.0016590 secs] [Times: user=0.01 sys=0.00, real=0.01 secs] 
72.348: Total time for which application threads were stopped: 0.0017930 seconds, Stopping threads took: 0.0000660 seconds
72.503: Application time: 0.1547300 seconds
72.503: [GC [PSYoungGen: 666016K->640K(666112K)] 919830K->254462K(1211392K), 0.0017100 secs] [Times: user=0.01 sys=0.00, real=0.00 secs] 
72.505: Total time for which application threads were stopped: 0.0018580 seconds, Stopping threads took: 0.0000700 seconds
72.747: Application time: 0.2420550 seconds
72.747: [GC [PSYoungGen: 665728K->784K(666112K)] 919550K->254606K(1211392K), 0.0016450 secs] [Times: user=0.01 sys=0.00, real=0.00 secs] 
72.749: Total time for which application threads were stopped: 0.0017760 seconds, Stopping threads took: 0.0000690 seconds
72.907: Application time: 0.1580560 seconds
72.907: [GC [PSYoungGen: 665872K->768K(666112K)] 919694K->254590K(1211392K), 0.0016790 secs] [Times: user=0.01 sys=0.00, real=0.00 secs] 
72.909: Total time for which application threads were stopped: 0.0018500 seconds, Stopping threads took: 0.0000970 seconds
73.107: Application time: 0.1982490 seconds
73.107: [GC [PSYoungGen: 665856K->416K(666112K)] 919678K->254238K(1211392K), 0.0016660 secs] [Times: user=0.01 sys=0.00, real=0.00 secs] 
73.109: Total time for which application threads were stopped: 0.0018440 seconds, Stopping threads took: 0.0001060 seconds
73.309: Application time: 0.2005840 seconds
73.310: [GC [PSYoungGen: 665504K->672K(666112K)] 919326K->254494K(1211392K), 0.0016550 secs] [Times: user=0.01 sys=0.00, real=0.00 secs] 
73.311: Total time for which application threads were stopped: 0.0017900 seconds, Stopping threads took: 0.0000680 seconds
73.465: Application time: 0.1543190 seconds
73.466: [GC [PSYoungGen: 665760K->704K(666112K)] 919582K->254526K(1211392K), 0.0016630 secs] [Times: user=0.01 sys=0.00, real=0.01 secs] 
73.467: Total time for which application threads were stopped: 0.0018250 seconds, Stopping threads took: 0.0000980 seconds
73.701: Application time: 0.2335670 seconds
73.701: [GC [PSYoungGen: 665792K->624K(666112K)] 919614K->254446K(1211392K), 0.0016780 secs] [Times: user=0.01 sys=0.00, real=0.00 secs] 
73.703: Total time for which application threads were stopped: 0.0018260 seconds, Stopping threads took: 0.0000760 seconds
73.872: Application time: 0.1695510 seconds
73.872: [GC [PSYoungGen: 665712K->672K(666112K)] 919534K->254502K(1211392K), 0.0017430 secs] [Times: user=0.01 sys=0.00, real=0.00 secs] 
73.874: Total time for which application threads were stopped: 0.0018870 seconds, Stopping threads took: 0.0000750 seconds
74.031: Application time: 0.1568610 seconds
74.031: [GC [PSYoungGen: 665760K->640K(666112K)] 919590K->254478K(1211392K), 0.0016810 secs] [Times: user=0.01 sys=0.00, real=0.00 secs] 
74.033: Total time for which application threads were stopped: 0.0018480 seconds, Stopping threads took: 0.0001020 seconds
74.269: Application time: 0.2363650 seconds
74.269: [GC [PSYoungGen: 665728K->816K(666112K)] 919566K->254654K(1211392K), 0.0016470 secs] [Times: user=0.01 sys=0.00, real=0.00 secs] 
74.271: Total time for which application threads were stopped: 0.0018200 seconds, Stopping threads took: 0.0000920 seconds
74.433: Application time: 0.1615400 seconds
74.433: [GC [PSYoungGen: 665904K->816K(666112K)] 919742K->254654K(1211392K), 0.0017490 secs] [Times: user=0.02 sys=0.00, real=0.00 secs] 
74.435: Total time for which application threads were stopped: 0.0019050 seconds, Stopping threads took: 0.0000910 seconds
74.633: Application time: 0.1987880 seconds
74.633: [GC [PSYoungGen: 665904K->416K(666112K)] 919742K->254254K(1211392K), 0.0018030 secs] [Times: user=0.02 sys=0.00, real=0.00 secs] 
74.635: Total time for which application threads were stopped: 0.0019440 seconds, Stopping threads took: 0.0000770 seconds
74.836: Application time: 0.2005290 seconds
74.836: [GC [PSYoungGen: 665504K->704K(666112K)] 919342K->254542K(1211392K), 0.0016600 secs] [Times: user=0.01 sys=0.00, real=0.00 secs] 
74.838: Total time for which application threads were stopped: 0.0018180 seconds, Stopping threads took: 0.0000780 seconds
74.994: Application time: 0.1559200 seconds
74.994: [GC [PSYoungGen: 665792K->816K(666112K)] 919630K->254654K(1211392K), 0.0016500 secs] [Times: user=0.01 sys=0.00, real=0.00 secs] 
74.995: Total time for which application threads were stopped: 0.0018050 seconds, Stopping threads took: 0.0000890 seconds
75.229: Application time: 0.2340460 seconds
75.230: [GC [PSYoungGen: 665904K->608K(666112K)] 919742K->254446K(1211392K), 0.0017170 secs] [Times: user=0.02 sys=0.00, real=0.00 secs] 
75.231: Total time for which application threads were stopped: 0.0018570 seconds, Stopping threads took: 0.0000680 seconds
75.400: Application time: 0.1686930 seconds
75.400: [GC [PSYoungGen: 665696K->720K(666112K)] 919534K->254566K(1211392K), 0.0017440 secs] [Times: user=0.02 sys=0.00, real=0.00 secs] 
75.402: Total time for which application threads were stopped: 0.0018800 seconds, Stopping threads took: 0.0000650 seconds
75.562: Application time: 0.1601380 seconds
75.562: [GC [PSYoungGen: 665808K->576K(666112K)] 919654K->254430K(1211392K), 0.0017380 secs] [Times: user=0.01 sys=0.00, real=0.00 secs] 
75.564: Total time for which application threads were stopped: 0.0018880 seconds, Stopping threads took: 0.0000800 seconds
75.797: Application time: 0.2335870 seconds
75.798: [GC [PSYoungGen: 665664K->704K(666112K)] 919518K->254558K(1211392K), 0.0016740 secs] [Times: user=0.01 sys=0.00, real=0.01 secs] 
75.799: Total time for which application threads were stopped: 0.0018230 seconds, Stopping threads took: 0.0000780 seconds
75.961: Application time: 0.1620940 seconds
75.962: [GC [PSYoungGen: 665792K->784K(666112K)] 919646K->254638K(1211392K), 0.0014580 secs] [Times: user=0.01 sys=0.00, real=0.00 secs] 
75.963: Total time for which application threads were stopped: 0.0015980 seconds, Stopping threads took: 0.0000650 seconds
76.162: Application time: 0.1989270 seconds
76.162: [GC [PSYoungGen: 665872K->432K(666112K)] 919726K->254286K(1211392K), 0.0016970 secs] [Times: user=0.01 sys=0.00, real=0.00 secs] 
76.164: Total time for which application threads were stopped: 0.0018640 seconds, Stopping threads took: 0.0000960 seconds
76.362: Application time: 0.1986780 seconds
76.363: [GC [PSYoungGen: 665520K->768K(666112K)] 919374K->254622K(1211392K), 0.0016810 secs] [Times: user=0.00 sys=0.00, real=0.00 secs] 
76.364: Total time for which application threads were stopped: 0.0018320 seconds, Stopping threads took: 0.0000870 seconds
76.522: Application time: 0.1578820 seconds
76.522: [GC [PSYoungGen: 665856K->768K(666112K)] 919710K->254622K(1211392K), 0.0016630 secs] [Times: user=0.01 sys=0.00, real=0.00 secs] 
76.524: Total time for which application threads were stopped: 0.0017890 seconds, Stopping threads took: 0.0000460 seconds
76.759: Application time: 0.2347660 seconds
76.759: [GC [PSYoungGen: 665856K->640K(666112K)] 919710K->254494K(1211392K), 0.0017390 secs] [Times: user=0.01 sys=0.00, real=0.00 secs] 
76.761: Total time for which application threads were stopped: 0.0019200 seconds, Stopping threads took: 0.0001100 seconds
76.931: Application time: 0.1703200 seconds
76.932: [GC [PSYoungGen: 665728K->736K(666112K)] 919582K->254598K(1211392K), 0.0016910 secs] [Times: user=0.01 sys=0.00, real=0.00 secs] 
76.934: Total time for which application threads were stopped: 0.0025620 seconds, Stopping threads took: 0.0008120 seconds
77.104: Application time: 0.1703230 seconds
77.104: [GC [PSYoungGen: 665824K->544K(666112K)] 919686K->254414K(1211392K), 0.0016530 secs] [Times: user=0.01 sys=0.00, real=0.00 secs] 
77.106: Total time for which application threads were stopped: 0.0018130 seconds, Stopping threads took: 0.0000830 seconds
77.333: Application time: 0.2275190 seconds
77.333: [GC [PSYoungGen: 665632K->656K(666112K)] 919502K->254526K(1211392K), 0.0016860 secs] [Times: user=0.00 sys=0.01, real=0.00 secs] 
77.335: Total time for which application threads were stopped: 0.0018340 seconds, Stopping threads took: 0.0000770 seconds
77.498: Application time: 0.1633630 seconds
77.499: [GC [PSYoungGen: 665744K->656K(666112K)] 919614K->254526K(1211392K), 0.0017110 secs] [Times: user=0.01 sys=0.00, real=0.01 secs] 
77.500: Total time for which application threads were stopped: 0.0018600 seconds, Stopping threads took: 0.0000780 seconds
77.711: Application time: 0.2103110 seconds
77.711: [GC [PSYoungGen: 665744K->480K(666112K)] 919614K->254350K(1211392K), 0.0017080 secs] [Times: user=0.01 sys=0.00, real=0.00 secs] 
77.712: Total time for which application threads were stopped: 0.0018940 seconds, Stopping threads took: 0.0001000 seconds
77.903: Application time: 0.1906360 seconds
77.903: [GC [PSYoungGen: 665568K->768K(666112K)] 919438K->254638K(1211392K), 0.0016800 secs] [Times: user=0.01 sys=0.00, real=0.00 secs] 
77.905: Total time for which application threads were stopped: 0.0018130 seconds, Stopping threads took: 0.0000660 seconds
78.066: Application time: 0.1610010 seconds
78.066: [GC [PSYoungGen: 665856K->672K(666112K)] 919726K->254542K(1211392K), 0.0016490 secs] [Times: user=0.01 sys=0.00, real=0.01 secs] 
78.068: Total time for which application threads were stopped: 0.0017810 seconds, Stopping threads took: 0.0000640 seconds
78.296: Application time: 0.2278590 seconds
78.296: [GC [PSYoungGen: 665760K->544K(666112K)] 919630K->254414K(1211392K), 0.0016450 secs] [Times: user=0.01 sys=0.00, real=0.00 secs] 
78.297: Total time for which application threads were stopped: 0.0017810 seconds, Stopping threads took: 0.0000600 seconds
78.468: Application time: 0.1706920 seconds
78.468: [GC [PSYoungGen: 665632K->736K(666112K)] 919502K->254614K(1211392K), 0.0016480 secs] [Times: user=0.01 sys=0.00, real=0.00 secs] 
78.470: Total time for which application threads were stopped: 0.0017680 seconds, Stopping threads took: 0.0000580 seconds
78.643: Application time: 0.1731380 seconds
78.643: [GC [PSYoungGen: 665824K->672K(666112K)] 919702K->254558K(1211392K), 0.0017880 secs] [Times: user=0.01 sys=0.00, real=0.00 secs] 
78.645: Total time for which application threads were stopped: 0.0019360 seconds, Stopping threads took: 0.0000810 seconds
78.867: Application time: 0.2218440 seconds
78.867: [GC [PSYoungGen: 665760K->720K(666112K)] 919646K->254606K(1211392K), 0.0016730 secs] [Times: user=0.01 sys=0.00, real=0.00 secs] 
78.869: Total time for which application threads were stopped: 0.0018360 seconds, Stopping threads took: 0.0000910 seconds
79.029: Application time: 0.1602710 seconds
79.029: [GC [PSYoungGen: 665808K->672K(666112K)] 919694K->254558K(1211392K), 0.0016230 secs] [Times: user=0.01 sys=0.00, real=0.00 secs] 
79.031: Total time for which application threads were stopped: 0.0017850 seconds, Stopping threads took: 0.0000970 seconds
79.234: Application time: 0.2037780 seconds
79.235: [GC [PSYoungGen: 665760K->528K(666112K)] 919646K->254414K(1211392K), 0.0016430 secs] [Times: user=0.01 sys=0.00, real=0.00 secs] 
79.236: Total time for which application threads were stopped: 0.0017830 seconds, Stopping threads took: 0.0000760 seconds
79.425: Application time: 0.1885330 seconds
79.425: [GC [PSYoungGen: 665616K->784K(666112K)] 919502K->254670K(1211392K), 0.0017220 secs] [Times: user=0.01 sys=0.00, real=0.00 secs] 
79.427: Total time for which application threads were stopped: 0.0018720 seconds, Stopping threads took: 0.0000790 seconds
79.588: Application time: 0.1618290 seconds
79.589: [GC [PSYoungGen: 665872K->864K(666112K)] 919758K->254750K(1211392K), 0.0016390 secs] [Times: user=0.01 sys=0.00, real=0.00 secs] 
79.590: Total time for which application threads were stopped: 0.0017530 seconds, Stopping threads took: 0.0000530 seconds
79.817: Application time: 0.2263330 seconds
79.817: [GC [PSYoungGen: 665952K->640K(666112K)] 919838K->254526K(1211392K), 0.0016200 secs] [Times: user=0.01 sys=0.00, real=0.00 secs] 
79.818: Total time for which application threads were stopped: 0.0017470 seconds, Stopping threads took: 0.0000530 seconds
79.986: Application time: 0.1673080 seconds
79.986: [GC [PSYoungGen: 665728K->768K(666112K)] 919614K->254662K(1211392K), 0.0017500 secs] [Times: user=0.01 sys=0.00, real=0.01 secs] 
79.988: Total time for which application threads were stopped: 0.0018960 seconds, Stopping threads took: 0.0000710 seconds
80.165: Application time: 0.1777210 seconds
80.165: [GC [PSYoungGen: 665856K->576K(666112K)] 919750K->254478K(1211392K), 0.0015870 secs] [Times: user=0.01 sys=0.00, real=0.01 secs] 
80.167: Total time for which application threads were stopped: 0.0017230 seconds, Stopping threads took: 0.0000700 seconds
80.387: Application time: 0.2198740 seconds
80.387: [GC [PSYoungGen: 665664K->720K(666112K)] 919566K->254630K(1211392K), 0.0017870 secs] [Times: user=0.02 sys=0.00, real=0.00 secs] 
80.389: Total time for which application threads were stopped: 0.0019110 seconds, Stopping threads took: 0.0000570 seconds
80.549: Application time: 0.1603000 seconds
80.549: [GC [PSYoungGen: 665808K->784K(666112K)] 919718K->254694K(1211392K), 0.0017160 secs] [Times: user=0.01 sys=0.00, real=0.00 secs] 
80.551: Total time for which application threads were stopped: 0.0018900 seconds, Stopping threads took: 0.0000840 seconds
80.763: Application time: 0.2121150 seconds
80.763: [GC [PSYoungGen: 665872K->480K(666112K)] 919782K->254390K(1211392K), 0.0016780 secs] [Times: user=0.01 sys=0.00, real=0.00 secs] 
80.765: Total time for which application threads were stopped: 0.0018180 seconds, Stopping threads took: 0.0000690 seconds
80.949: Application time: 0.1837470 seconds
80.949: [GC [PSYoungGen: 665568K->800K(666112K)] 919478K->254710K(1211392K), 0.0015930 secs] [Times: user=0.01 sys=0.00, real=0.00 secs] 
80.950: Total time for which application threads were stopped: 0.0017380 seconds, Stopping threads took: 0.0000720 seconds
81.114: Application time: 0.1637120 seconds
81.114: [GC [PSYoungGen: 665888K->608K(666112K)] 919798K->254518K(1211392K), 0.0016540 secs] [Times: user=0.00 sys=0.00, real=0.00 secs] 
81.116: Total time for which application threads were stopped: 0.0017980 seconds, Stopping threads took: 0.0000680 seconds
81.344: Application time: 0.2278740 seconds
81.344: [GC [PSYoungGen: 665696K->624K(666112K)] 919606K->254534K(1211392K), 0.0016310 secs] [Times: user=0.01 sys=0.00, real=0.00 secs] 
81.346: Total time for which application threads were stopped: 0.0017550 seconds, Stopping threads took: 0.0000620 seconds
81.513: Application time: 0.1673780 seconds
81.513: [GC [PSYoungGen: 665712K->560K(666112K)] 919622K->254478K(1211392K), 0.0016400 secs] [Times: user=0.02 sys=0.00, real=0.00 secs] 
81.515: Total time for which application threads were stopped: 0.0017680 seconds, Stopping threads took: 0.0000610 seconds
81.694: Application time: 0.1789760 seconds
81.694: [GC [PSYoungGen: 665648K->672K(666112K)] 919566K->254598K(1211392K), 0.0017390 secs] [Times: user=0.01 sys=0.00, real=0.00 secs] 
81.696: Total time for which application threads were stopped: 0.0018700 seconds, Stopping threads took: 0.0000550 seconds
81.917: Application time: 0.2213040 seconds
81.917: [GC [PSYoungGen: 665760K->656K(666112K)] 919686K->254590K(1211392K), 0.0016460 secs] [Times: user=0.01 sys=0.00, real=0.00 secs] 
81.919: Total time for which application threads were stopped: 0.0017850 seconds, Stopping threads took: 0.0000720 seconds
82.079: Application time: 0.1602570 seconds
82.079: [GC [PSYoungGen: 665744K->720K(666112K)] 919678K->254654K(1211392K), 0.0016760 secs] [Times: user=0.01 sys=0.00, real=0.00 secs] 
82.081: Total time for which application threads were stopped: 0.0018220 seconds, Stopping threads took: 0.0000830 seconds
82.291: Application time: 0.2105190 seconds
82.291: [GC [PSYoungGen: 665808K->496K(666112K)] 919742K->254430K(1211392K), 0.0016640 secs] [Times: user=0.02 sys=0.00, real=0.00 secs] 
82.293: Total time for which application threads were stopped: 0.0018160 seconds, Stopping threads took: 0.0000780 seconds
82.481: Application time: 0.1883490 seconds
82.482: [GC [PSYoungGen: 665584K->784K(666112K)] 919518K->254718K(1211392K), 0.0016810 secs] [Times: user=0.02 sys=0.00, real=0.00 secs] 
82.483: Total time for which application threads were stopped: 0.0018490 seconds, Stopping threads took: 0.0000980 seconds
82.648: Application time: 0.1643020 seconds
82.648: [GC [PSYoungGen: 665872K->640K(666112K)] 919806K->254574K(1211392K), 0.0017940 secs] [Times: user=0.01 sys=0.00, real=0.00 secs] 
82.649: Total time for which application threads were stopped: 0.0019370 seconds, Stopping threads took: 0.0000800 seconds
82.877: Application time: 0.2273390 seconds
82.877: [GC [PSYoungGen: 665728K->672K(666112K)] 919662K->254606K(1211392K), 0.0016520 secs] [Times: user=0.01 sys=0.00, real=0.00 secs] 
82.879: Total time for which application threads were stopped: 0.0018000 seconds, Stopping threads took: 0.0000750 seconds
83.043: Application time: 0.1647110 seconds
83.043: [GC [PSYoungGen: 665760K->672K(666112K)] 919694K->254614K(1211392K), 0.0016420 secs] [Times: user=0.01 sys=0.00, real=0.00 secs] 
83.045: Total time for which application threads were stopped: 0.0017890 seconds, Stopping threads took: 0.0000830 seconds
83.224: Application time: 0.1790340 seconds
83.224: [GC [PSYoungGen: 665760K->624K(666112K)] 919702K->254574K(1211392K), 0.0016480 secs] [Times: user=0.01 sys=0.00, real=0.00 secs] 
83.226: Total time for which application threads were stopped: 0.0017880 seconds, Stopping threads took: 0.0000750 seconds
83.448: Application time: 0.2215660 seconds
83.448: [GC [PSYoungGen: 665712K->688K(666112K)] 919662K->254646K(1211392K), 0.0017310 secs] [Times: user=0.01 sys=0.00, real=0.00 secs] 
83.449: Total time for which application threads were stopped: 0.0018590 seconds, Stopping threads took: 0.0000500 seconds
83.609: Application time: 0.1596900 seconds
83.609: [GC [PSYoungGen: 665776K->864K(666112K)] 919734K->254822K(1211392K), 0.0016710 secs] [Times: user=0.01 sys=0.00, real=0.00 secs] 
83.611: Total time for which application threads were stopped: 0.0018160 seconds, Stopping threads took: 0.0000810 seconds
83.821: Application time: 0.2101430 seconds
83.821: [GC [PSYoungGen: 665952K->464K(666112K)] 919910K->254422K(1211392K), 0.0014780 secs] [Times: user=0.01 sys=0.00, real=0.00 secs] 
83.823: Total time for which application threads were stopped: 0.0016440 seconds, Stopping threads took: 0.0000940 seconds
84.010: Application time: 0.1875090 seconds
84.010: [GC [PSYoungGen: 665552K->816K(666112K)] 919510K->254774K(1211392K), 0.0016110 secs] [Times: user=0.01 sys=0.00, real=0.00 secs] 
84.012: Total time for which application threads were stopped: 0.0017290 seconds, Stopping threads took: 0.0000440 seconds
84.174: Application time: 0.1620230 seconds
84.174: [GC [PSYoungGen: 665904K->752K(666112K)] 919862K->254710K(1211392K), 0.0014850 secs] [Times: user=0.00 sys=0.00, real=0.00 secs] 
84.176: Total time for which application threads were stopped: 0.0016560 seconds, Stopping threads took: 0.0000990 seconds
84.405: Application time: 0.2294300 seconds
84.405: [GC [PSYoungGen: 665840K->736K(666112K)] 919798K->254694K(1211392K), 0.0014710 secs] [Times: user=0.00 sys=0.00, real=0.00 secs] 
84.407: Total time for which application threads were stopped: 0.0016110 seconds, Stopping threads took: 0.0000690 seconds
84.574: Application time: 0.1669360 seconds
84.574: [GC [PSYoungGen: 665824K->624K(666112K)] 919782K->254590K(1211392K), 0.0017250 secs] [Times: user=0.01 sys=0.00, real=0.00 secs] 
84.575: Total time for which application threads were stopped: 0.0018630 seconds, Stopping threads took: 0.0000710 seconds
84.758: Application time: 0.1824240 seconds
84.758: [GC [PSYoungGen: 665712K->528K(666112K)] 919678K->254510K(1211392K), 0.0016910 secs] [Times: user=0.01 sys=0.00, real=0.01 secs] 
84.760: Total time for which application threads were stopped: 0.0018710 seconds, Stopping threads took: 0.0001080 seconds
84.980: Application time: 0.2204810 seconds
84.980: [GC [PSYoungGen: 665616K->784K(666112K)] 919598K->254774K(1211392K), 0.0014810 secs] [Times: user=0.00 sys=0.00, real=0.00 secs] 
84.982: Total time for which application threads were stopped: 0.0016180 seconds, Stopping threads took: 0.0000740 seconds
85.141: Application time: 0.1594320 seconds
85.141: [GC [PSYoungGen: 665872K->704K(666112K)] 919862K->254694K(1211392K), 0.0017080 secs] [Times: user=0.01 sys=0.00, real=0.00 secs] 
85.143: Total time for which application threads were stopped: 0.0018900 seconds, Stopping threads took: 0.0001100 seconds
85.358: Application time: 0.2146030 seconds
85.358: [GC [PSYoungGen: 665792K->512K(666112K)] 919782K->254502K(1211392K), 0.0016200 secs] [Times: user=0.01 sys=0.00, real=0.01 secs] 
85.360: Total time for which application threads were stopped: 0.0017670 seconds, Stopping threads took: 0.0000820 seconds
85.544: Application time: 0.1843610 seconds
85.544: [GC [PSYoungGen: 665600K->688K(666112K)] 919590K->254678K(1211392K), 0.0015870 secs] [Times: user=0.01 sys=0.00, real=0.00 secs] 
85.546: Total time for which application threads were stopped: 0.0016990 seconds, Stopping threads took: 0.0000460 seconds
85.706: Application time: 0.1603050 seconds
85.706: [GC [PSYoungGen: 665776K->704K(666112K)] 919766K->254694K(1211392K), 0.0016190 secs] [Times: user=0.02 sys=0.00, real=0.01 secs] 
85.708: Total time for which application threads were stopped: 0.0017760 seconds, Stopping threads took: 0.0000740 seconds
85.938: Application time: 0.2300510 seconds
85.938: [GC [PSYoungGen: 665792K->640K(666112K)] 919782K->254630K(1211392K), 0.0015020 secs] [Times: user=0.00 sys=0.00, real=0.01 secs] 
85.939: Total time for which application threads were stopped: 0.0016420 seconds, Stopping threads took: 0.0000660 seconds
86.106: Application time: 0.1664480 seconds
86.106: [GC [PSYoungGen: 665728K->672K(666112K)] 919718K->254670K(1211392K), 0.0017580 secs] [Times: user=0.02 sys=0.00, real=0.01 secs] 
86.108: Total time for which application threads were stopped: 0.0018890 seconds, Stopping threads took: 0.0000700 seconds
86.287: Application time: 0.1794960 seconds
86.287: [GC [PSYoungGen: 665760K->640K(666112K)] 919758K->254646K(1211392K), 0.0016710 secs] [Times: user=0.01 sys=0.00, real=0.00 secs] 
86.289: Total time for which application threads were stopped: 0.0018120 seconds, Stopping threads took: 0.0000680 seconds
86.509: Application time: 0.2201050 seconds
86.509: [GC [PSYoungGen: 665728K->672K(666112K)] 919734K->254686K(1211392K), 0.0017660 secs] [Times: user=0.01 sys=0.00, real=0.00 secs] 
86.511: Total time for which application threads were stopped: 0.0019230 seconds, Stopping threads took: 0.0000850 seconds
86.672: Application time: 0.1611950 seconds
86.672: [GC [PSYoungGen: 665760K->768K(666112K)] 919774K->254782K(1211392K), 0.0016360 secs] [Times: user=0.01 sys=0.00, real=0.00 secs] 
86.674: Total time for which application threads were stopped: 0.0017910 seconds, Stopping threads took: 0.0000850 seconds
86.887: Application time: 0.2127120 seconds
86.887: [GC [PSYoungGen: 665856K->464K(666112K)] 919870K->254478K(1211392K), 0.0016780 secs] [Times: user=0.01 sys=0.01, real=0.00 secs] 
86.889: Total time for which application threads were stopped: 0.0018310 seconds, Stopping threads took: 0.0000750 seconds
87.074: Application time: 0.1850860 seconds
87.074: [GC [PSYoungGen: 665552K->752K(666112K)] 919566K->254766K(1211392K), 0.0016430 secs] [Times: user=0.01 sys=0.00, real=0.00 secs] 
87.076: Total time for which application threads were stopped: 0.0017570 seconds, Stopping threads took: 0.0000500 seconds
87.237: Application time: 0.1615260 seconds
87.237: [GC [PSYoungGen: 665840K->624K(666112K)] 919854K->254638K(1211392K), 0.0017710 secs] [Times: user=0.01 sys=0.00, real=0.01 secs] 
87.239: Total time for which application threads were stopped: 0.0019220 seconds, Stopping threads took: 0.0000790 seconds
87.469: Application time: 0.2304200 seconds
87.470: [GC [PSYoungGen: 665712K->608K(666112K)] 919726K->254622K(1211392K), 0.0016590 secs] [Times: user=0.01 sys=0.00, real=0.00 secs] 
87.471: Total time for which application threads were stopped: 0.0018360 seconds, Stopping threads took: 0.0000930 seconds
87.637: Application time: 0.1658920 seconds
87.637: [GC [PSYoungGen: 665696K->640K(666112K)] 919710K->254662K(1211392K), 0.0016610 secs] [Times: user=0.02 sys=0.00, real=0.01 secs] 
87.639: Total time for which application threads were stopped: 0.0017860 seconds, Stopping threads took: 0.0000560 seconds
87.817: Application time: 0.1784650 seconds
87.818: [GC [PSYoungGen: 665728K->528K(666112K)] 919750K->254558K(1211392K), 0.0016730 secs] [Times: user=0.01 sys=0.00, real=0.01 secs] 
87.819: Total time for which application threads were stopped: 0.0018270 seconds, Stopping threads took: 0.0000910 seconds
88.040: Application time: 0.2206620 seconds
88.040: [GC [PSYoungGen: 665616K->816K(666112K)] 919646K->254854K(1211392K), 0.0016440 secs] [Times: user=0.01 sys=0.00, real=0.00 secs] 
88.042: Total time for which application threads were stopped: 0.0018020 seconds, Stopping threads took: 0.0000820 seconds
88.203: Application time: 0.1618190 seconds
88.204: [GC [PSYoungGen: 665904K->704K(666112K)] 919942K->254742K(1211392K), 0.0015010 secs] [Times: user=0.01 sys=0.00, real=0.00 secs] 
88.205: Total time for which application threads were stopped: 0.0016350 seconds, Stopping threads took: 0.0000630 seconds
88.418: Application time: 0.2128430 seconds
88.418: [GC [PSYoungGen: 665792K->576K(666112K)] 919830K->254614K(1211392K), 0.0016770 secs] [Times: user=0.01 sys=0.00, real=0.01 secs] 
88.420: Total time for which application threads were stopped: 0.0018340 seconds, Stopping threads took: 0.0000860 seconds
88.606: Application time: 0.1862430 seconds
88.606: [GC [PSYoungGen: 665664K->800K(666112K)] 919702K->254838K(1211392K), 0.0016520 secs] [Times: user=0.01 sys=0.00, real=0.01 secs] 
88.608: Total time for which application threads were stopped: 0.0018360 seconds, Stopping threads took: 0.0000970 seconds
88.770: Application time: 0.1621200 seconds
88.770: [GC [PSYoungGen: 665888K->608K(666112K)] 919926K->254646K(1211392K), 0.0016590 secs] [Times: user=0.01 sys=0.00, real=0.00 secs] 
88.772: Total time for which application threads were stopped: 0.0017840 seconds, Stopping threads took: 0.0000540 seconds
89.002: Application time: 0.2301740 seconds
89.002: [GC [PSYoungGen: 665696K->672K(666112K)] 919734K->254710K(1211392K), 0.0016570 secs] [Times: user=0.01 sys=0.00, real=0.00 secs] 
89.004: Total time for which application threads were stopped: 0.0018140 seconds, Stopping threads took: 0.0000940 seconds
89.170: Application time: 0.1660330 seconds
89.170: [GC [PSYoungGen: 665760K->816K(666112K)] 919798K->254862K(1211392K), 0.0016990 secs] [Times: user=0.01 sys=0.00, real=0.00 secs] 
89.172: Total time for which application threads were stopped: 0.0018480 seconds, Stopping threads took: 0.0000750 seconds
89.349: Application time: 0.1770030 seconds
89.349: [GC [PSYoungGen: 665904K->656K(666112K)] 919950K->254710K(1211392K), 0.0016670 secs] [Times: user=0.01 sys=0.00, real=0.00 secs] 
89.350: Total time for which application threads were stopped: 0.0018010 seconds, Stopping threads took: 0.0000720 seconds
89.572: Application time: 0.2215180 seconds
89.572: [GC [PSYoungGen: 665744K->768K(666112K)] 919798K->254830K(1211392K), 0.0017270 secs] [Times: user=0.02 sys=0.00, real=0.00 secs] 
89.574: Total time for which application threads were stopped: 0.0018510 seconds, Stopping threads took: 0.0000640 seconds
89.734: Application time: 0.1604370 seconds
89.734: [GC [PSYoungGen: 665856K->656K(666112K)] 919918K->254718K(1211392K), 0.0016580 secs] [Times: user=0.01 sys=0.00, real=0.00 secs] 
89.736: Total time for which application threads were stopped: 0.0018050 seconds, Stopping threads took: 0.0000690 seconds
89.948: Application time: 0.2123800 seconds
89.949: [GC [PSYoungGen: 665744K->512K(666112K)] 919806K->254574K(1211392K), 0.0016740 secs] [Times: user=0.01 sys=0.00, real=0.00 secs] 
89.950: Total time for which application threads were stopped: 0.0018370 seconds, Stopping threads took: 0.0000920 seconds
90.137: Application time: 0.1865150 seconds
90.137: [GC [PSYoungGen: 665600K->896K(666112K)] 919662K->254958K(1211392K), 0.0014700 secs] [Times: user=0.01 sys=0.00, real=0.00 secs] 
90.139: Total time for which application threads were stopped: 0.0016790 seconds, Stopping threads took: 0.0000750 seconds
90.300: Application time: 0.1610700 seconds
90.300: [GC [PSYoungGen: 665984K->704K(666112K)] 920046K->254766K(1211392K), 0.0016300 secs] [Times: user=0.01 sys=0.00, real=0.00 secs] 
90.301: Total time for which application threads were stopped: 0.0017960 seconds, Stopping threads took: 0.0000940 seconds
90.530: Application time: 0.2287090 seconds
90.530: [GC [PSYoungGen: 665792K->576K(666112K)] 919854K->254638K(1211392K), 0.0016720 secs] [Times: user=0.01 sys=0.00, real=0.00 secs] 
90.532: Total time for which application threads were stopped: 0.0018190 seconds, Stopping threads took: 0.0000810 seconds
90.698: Application time: 0.1660040 seconds
90.698: [GC [PSYoungGen: 665664K->832K(666112K)] 919726K->254910K(1211392K), 0.0017250 secs] [Times: user=0.01 sys=0.00, real=0.01 secs] 
90.700: Total time for which application threads were stopped: 0.0018620 seconds, Stopping threads took: 0.0000740 seconds
90.881: Application time: 0.1810280 seconds
90.881: [GC [PSYoungGen: 665920K->688K(666112K)] 919998K->254774K(1211392K), 0.0016110 secs] [Times: user=0.01 sys=0.00, real=0.00 secs] 
90.883: Total time for which application threads were stopped: 0.0017520 seconds, Stopping threads took: 0.0000470 seconds
91.101: Application time: 0.2186450 seconds
91.101: [GC [PSYoungGen: 665776K->816K(666112K)] 919862K->254910K(1211392K), 0.0016600 secs] [Times: user=0.01 sys=0.00, real=0.00 secs] 
91.103: Total time for which application threads were stopped: 0.0018130 seconds, Stopping threads took: 0.0000820 seconds
91.263: Application time: 0.1600340 seconds
91.263: [GC [PSYoungGen: 665904K->720K(666112K)] 919998K->254814K(1211392K), 0.0016580 secs] [Times: user=0.01 sys=0.00, real=0.00 secs] 
91.265: Total time for which application threads were stopped: 0.0017900 seconds, Stopping threads took: 0.0000640 seconds
91.477: Application time: 0.2119010 seconds
91.477: [GC [PSYoungGen: 665808K->576K(666112K)] 919902K->254670K(1211392K), 0.0016750 secs] [Times: user=0.01 sys=0.00, real=0.00 secs] 
91.479: Total time for which application threads were stopped: 0.0018490 seconds, Stopping threads took: 0.0000960 seconds
91.665: Application time: 0.1866310 seconds
91.665: [GC [PSYoungGen: 665664K->768K(666112K)] 919758K->254862K(1211392K), 0.0016580 secs] [Times: user=0.01 sys=0.00, real=0.01 secs] 
91.667: Total time for which application threads were stopped: 0.0018160 seconds, Stopping threads took: 0.0000930 seconds
91.829: Application time: 0.1617340 seconds
91.829: [GC [PSYoungGen: 665856K->688K(666112K)] 919950K->254782K(1211392K), 0.0016630 secs] [Times: user=0.01 sys=0.00, real=0.00 secs] 
91.831: Total time for which application threads were stopped: 0.0017810 seconds, Stopping threads took: 0.0000540 seconds
92.055: Application time: 0.2244700 seconds
92.055: [GC [PSYoungGen: 665776K->624K(666112K)] 919870K->254718K(1211392K), 0.0016880 secs] [Times: user=0.01 sys=0.00, real=0.00 secs] 
92.057: Total time for which application threads were stopped: 0.0018360 seconds, Stopping threads took: 0.0000670 seconds
92.226: Application time: 0.1688700 seconds
92.226: [GC [PSYoungGen: 665712K->752K(666112K)] 919806K->254854K(1211392K), 0.0017090 secs] [Times: user=0.01 sys=0.00, real=0.01 secs] 
92.228: Total time for which application threads were stopped: 0.0018410 seconds, Stopping threads took: 0.0000690 seconds
92.413: Application time: 0.1854540 seconds
92.413: [GC [PSYoungGen: 665840K->496K(666112K)] 919942K->254606K(1211392K), 0.0016700 secs] [Times: user=0.01 sys=0.00, real=0.00 secs] 
92.415: Total time for which application threads were stopped: 0.0018150 seconds, Stopping threads took: 0.0000730 seconds
92.626: Application time: 0.2112900 seconds
92.626: [GC [PSYoungGen: 665584K->624K(666112K)] 919694K->254742K(1211392K), 0.0016930 secs] [Times: user=0.01 sys=0.00, real=0.01 secs] 
92.628: Total time for which application threads were stopped: 0.0018450 seconds, Stopping threads took: 0.0000690 seconds
92.791: Application time: 0.1628860 seconds
92.791: [GC [PSYoungGen: 665712K->752K(666112K)] 919830K->254870K(1211392K), 0.0016450 secs] [Times: user=0.01 sys=0.00, real=0.00 secs] 
92.793: Total time for which application threads were stopped: 0.0017750 seconds, Stopping threads took: 0.0000710 seconds
93.007: Application time: 0.2144550 seconds
93.007: [GC [PSYoungGen: 665840K->656K(666112K)] 919958K->254774K(1211392K), 0.0016570 secs] [Times: user=0.01 sys=0.00, real=0.00 secs] 
93.009: Total time for which application threads were stopped: 0.0018230 seconds, Stopping threads took: 0.0001050 seconds
93.194: Application time: 0.1851040 seconds
93.194: [GC [PSYoungGen: 665744K->656K(666112K)] 919862K->254774K(1211392K), 0.0016190 secs] [Times: user=0.01 sys=0.00, real=0.00 secs] 
93.196: Total time for which application threads were stopped: 0.0017540 seconds, Stopping threads took: 0.0000590 seconds
93.358: Application time: 0.1622220 seconds
93.358: [GC [PSYoungGen: 665744K->624K(666112K)] 919862K->254742K(1211392K), 0.0016460 secs] [Times: user=0.01 sys=0.00, real=0.01 secs] 
93.360: Total time for which application threads were stopped: 0.0017900 seconds, Stopping threads took: 0.0000820 seconds
93.581: Application time: 0.2209820 seconds
93.581: [GC [PSYoungGen: 665712K->512K(666112K)] 919830K->254630K(1211392K), 0.0016780 secs] [Times: user=0.01 sys=0.00, real=0.00 secs] 
93.583: Total time for which application threads were stopped: 0.0018270 seconds, Stopping threads took: 0.0000760 seconds
93.754: Application time: 0.1710830 seconds
93.754: [GC [PSYoungGen: 665600K->768K(666112K)] 919718K->254894K(1211392K), 0.0016450 secs] [Times: user=0.01 sys=0.00, real=0.00 secs] 
93.756: Total time for which application threads were stopped: 0.0018000 seconds, Stopping threads took: 0.0000770 seconds
93.944: Application time: 0.1884390 seconds
93.944: [GC [PSYoungGen: 665856K->592K(666112K)] 919982K->254726K(1211392K), 0.0016680 secs] [Times: user=0.01 sys=0.00, real=0.00 secs] 
93.946: Total time for which application threads were stopped: 0.0018050 seconds, Stopping threads took: 0.0000760 seconds
94.150: Application time: 0.2044620 seconds
94.150: [GC [PSYoungGen: 665680K->640K(666112K)] 919814K->254782K(1211392K), 0.0016810 secs] [Times: user=0.02 sys=0.00, real=0.00 secs] 
94.152: Total time for which application threads were stopped: 0.0018400 seconds, Stopping threads took: 0.0000920 seconds
94.317: Application time: 0.1644140 seconds
94.317: [GC [PSYoungGen: 665728K->656K(666112K)] 919870K->254798K(1211392K), 0.0016930 secs] [Times: user=0.01 sys=0.00, real=0.00 secs] 
94.318: Total time for which application threads were stopped: 0.0018190 seconds, Stopping threads took: 0.0000540 seconds
94.535: Application time: 0.2162060 seconds
94.535: [GC [PSYoungGen: 665744K->672K(666112K)] 919886K->254814K(1211392K), 0.0016510 secs] [Times: user=0.00 sys=0.00, real=0.00 secs] 
94.536: Total time for which application threads were stopped: 0.0018060 seconds, Stopping threads took: 0.0000870 seconds
94.720: Application time: 0.1831290 seconds
94.720: [GC [PSYoungGen: 665760K->672K(666112K)] 919902K->254814K(1211392K), 0.0016350 secs] [Times: user=0.01 sys=0.00, real=0.00 secs] 
94.721: Total time for which application threads were stopped: 0.0017630 seconds, Stopping threads took: 0.0000670 seconds
94.883: Application time: 0.1621150 seconds
94.884: [GC [PSYoungGen: 665760K->608K(666112K)] 919902K->254750K(1211392K), 0.0017770 secs] [Times: user=0.02 sys=0.00, real=0.00 secs] 
94.885: Total time for which application threads were stopped: 0.0019240 seconds, Stopping threads took: 0.0000690 seconds
95.106: Application time: 0.2205520 seconds
95.106: [GC [PSYoungGen: 665696K->688K(666112K)] 919838K->254830K(1211392K), 0.0016680 secs] [Times: user=0.01 sys=0.00, real=0.01 secs] 
95.108: Total time for which application threads were stopped: 0.0018090 seconds, Stopping threads took: 0.0000730 seconds
95.283: Application time: 0.1751030 seconds
95.283: [GC [PSYoungGen: 665776K->736K(666112K)] 919918K->254886K(1211392K), 0.0015520 secs] [Times: user=0.01 sys=0.00, real=0.00 secs] 
95.285: Total time for which application threads were stopped: 0.0017000 seconds, Stopping threads took: 0.0000450 seconds
95.475: Application time: 0.1900060 seconds
95.475: [GC [PSYoungGen: 665824K->640K(666112K)] 919974K->254798K(1211392K), 0.0016920 secs] [Times: user=0.01 sys=0.00, real=0.00 secs] 
95.476: Total time for which application threads were stopped: 0.0018370 seconds, Stopping threads took: 0.0000660 seconds
95.678: Application time: 0.2018980 seconds
95.678: [GC [PSYoungGen: 665728K->704K(666112K)] 919886K->254870K(1211392K), 0.0017850 secs] [Times: user=0.01 sys=0.00, real=0.01 secs] 
95.680: Total time for which application threads were stopped: 0.0019300 seconds, Stopping threads took: 0.0000800 seconds
95.846: Application time: 0.1657650 seconds
95.846: [GC [PSYoungGen: 665792K->752K(666112K)] 919958K->254918K(1211392K), 0.0016890 secs] [Times: user=0.01 sys=0.00, real=0.01 secs] 
95.848: Total time for which application threads were stopped: 0.0018220 seconds, Stopping threads took: 0.0000680 seconds
96.065: Application time: 0.2175830 seconds
96.066: [GC [PSYoungGen: 665840K->704K(666112K)] 920006K->254870K(1211392K), 0.0017190 secs] [Times: user=0.01 sys=0.00, real=0.01 secs] 
96.067: Total time for which application threads were stopped: 0.0018890 seconds, Stopping threads took: 0.0000920 seconds
96.249: Application time: 0.1814300 seconds
96.249: [GC [PSYoungGen: 665792K->624K(666112K)] 919958K->254790K(1211392K), 0.0016770 secs] [Times: user=0.02 sys=0.00, real=0.00 secs] 
96.251: Total time for which application threads were stopped: 0.0018150 seconds, Stopping threads took: 0.0000770 seconds
96.415: Application time: 0.1646930 seconds
96.415: [GC [PSYoungGen: 665712K->672K(666112K)] 919878K->254838K(1211392K), 0.0016770 secs] [Times: user=0.01 sys=0.00, real=0.00 secs] 
96.417: Total time for which application threads were stopped: 0.0018220 seconds, Stopping threads took: 0.0000750 seconds
96.637: Application time: 0.2203140 seconds
96.637: [GC [PSYoungGen: 665760K->640K(666112K)] 919926K->254806K(1211392K), 0.0017710 secs] [Times: user=0.01 sys=0.00, real=0.01 secs] 
96.639: Total time for which application threads were stopped: 0.0019350 seconds, Stopping threads took: 0.0000880 seconds
96.810: Application time: 0.1711010 seconds
96.810: [GC [PSYoungGen: 665728K->784K(666112K)] 919894K->254958K(1211392K), 0.0017600 secs] [Times: user=0.01 sys=0.00, real=0.00 secs] 
96.812: Total time for which application threads were stopped: 0.0018760 seconds, Stopping threads took: 0.0000530 seconds
97.000: Application time: 0.1877290 seconds
97.000: [GC [PSYoungGen: 665872K->496K(666112K)] 920046K->254678K(1211392K), 0.0016610 secs] [Times: user=0.01 sys=0.00, real=0.00 secs] 
97.002: Total time for which application threads were stopped: 0.0018070 seconds, Stopping threads took: 0.0000820 seconds
97.205: Application time: 0.2027170 seconds
97.205: [GC [PSYoungGen: 665584K->736K(666112K)] 919766K->254926K(1211392K), 0.0015870 secs] [Times: user=0.01 sys=0.00, real=0.00 secs] 
97.206: Total time for which application threads were stopped: 0.0017460 seconds, Stopping threads took: 0.0000720 seconds
97.371: Application time: 0.1644750 seconds
97.371: [GC [PSYoungGen: 665824K->688K(666112K)] 920014K->254878K(1211392K), 0.0016230 secs] [Times: user=0.01 sys=0.00, real=0.00 secs] 
97.373: Total time for which application threads were stopped: 0.0017850 seconds, Stopping threads took: 0.0000970 seconds
97.588: Application time: 0.2155850 seconds
97.588: [GC [PSYoungGen: 665776K->640K(666112K)] 919966K->254830K(1211392K), 0.0016400 secs] [Times: user=0.01 sys=0.00, real=0.00 secs] 
97.590: Total time for which application threads were stopped: 0.0017660 seconds, Stopping threads took: 0.0000620 seconds
97.776: Application time: 0.1865180 seconds
97.777: [GC [PSYoungGen: 665728K->768K(666112K)] 919918K->254958K(1211392K), 0.0016590 secs] [Times: user=0.01 sys=0.00, real=0.00 secs] 
97.778: Total time for which application threads were stopped: 0.0018010 seconds, Stopping threads took: 0.0000680 seconds
97.940: Application time: 0.1620360 seconds
97.940: [GC [PSYoungGen: 665856K->832K(666112K)] 920046K->255022K(1211392K), 0.0016180 secs] [Times: user=0.01 sys=0.00, real=0.00 secs] 
97.942: Total time for which application threads were stopped: 0.0017710 seconds, Stopping threads took: 0.0000850 seconds
98.165: Application time: 0.2226620 seconds
98.165: [GC [PSYoungGen: 665920K->672K(666112K)] 920110K->254862K(1211392K), 0.0016820 secs] [Times: user=0.01 sys=0.00, real=0.00 secs] 
98.167: Total time for which application threads were stopped: 0.0018340 seconds, Stopping threads took: 0.0000830 seconds
98.339: Application time: 0.1723090 seconds
98.339: [GC [PSYoungGen: 665760K->688K(666112K)] 919950K->254886K(1211392K), 0.0016270 secs] [Times: user=0.01 sys=0.00, real=0.00 secs] 
98.341: Total time for which application threads were stopped: 0.0017530 seconds, Stopping threads took: 0.0000560 seconds
98.527: Application time: 0.1866860 seconds
98.527: [GC [PSYoungGen: 665776K->560K(666112K)] 919974K->254766K(1211392K), 0.0017180 secs] [Times: user=0.01 sys=0.00, real=0.00 secs] 
98.529: Total time for which application threads were stopped: 0.0018660 seconds, Stopping threads took: 0.0000730 seconds
98.735: Application time: 0.2057590 seconds
98.735: [GC [PSYoungGen: 665648K->704K(666112K)] 919854K->254918K(1211392K), 0.0017710 secs] [Times: user=0.01 sys=0.00, real=0.00 secs] 
98.737: Total time for which application threads were stopped: 0.0018910 seconds, Stopping threads took: 0.0000520 seconds
98.900: Application time: 0.1628230 seconds
98.900: [GC [PSYoungGen: 665792K->624K(666112K)] 920006K->254838K(1211392K), 0.0016400 secs] [Times: user=0.01 sys=0.00, real=0.00 secs] 
98.901: Total time for which application threads were stopped: 0.0017980 seconds, Stopping threads took: 0.0000840 seconds
99.116: Application time: 0.2148740 seconds
99.116: [GC [PSYoungGen: 665712K->608K(666112K)] 919926K->254822K(1211392K), 0.0017310 secs] [Times: user=0.01 sys=0.00, real=0.00 secs] 
99.118: Total time for which application threads were stopped: 0.0018500 seconds, Stopping threads took: 0.0000550 seconds
99.304: Application time: 0.1857880 seconds
99.304: [GC [PSYoungGen: 665696K->624K(666112K)] 919910K->254838K(1211392K), 0.0014550 secs] [Times: user=0.00 sys=0.00, real=0.00 secs] 
99.306: Total time for which application threads were stopped: 0.0015780 seconds, Stopping threads took: 0.0000600 seconds
99.467: Application time: 0.1613190 seconds
99.467: [GC [PSYoungGen: 665712K->608K(666112K)] 919926K->254822K(1211392K), 0.0016770 secs] [Times: user=0.02 sys=0.00, real=0.00 secs] 
99.469: Total time for which application threads were stopped: 0.0018310 seconds, Stopping threads took: 0.0000740 seconds
99.690: Application time: 0.2208520 seconds
99.690: [GC [PSYoungGen: 665696K->656K(666112K)] 919910K->254870K(1211392K), 0.0017610 secs] [Times: user=0.01 sys=0.00, real=0.00 secs] 
99.691: Total time for which application threads were stopped: 0.0019280 seconds, Stopping threads took: 0.0000960 seconds
99.865: Application time: 0.1739430 seconds
99.866: [GC [PSYoungGen: 665744K->816K(666112K)] 919958K->255038K(1211392K), 0.0016220 secs] [Times: user=0.01 sys=0.00, real=0.01 secs] 
99.867: Total time for which application threads were stopped: 0.0017500 seconds, Stopping threads took: 0.0000650 seconds
100.052: Application time: 0.1843530 seconds
100.052: [GC [PSYoungGen: 665904K->464K(666112K)] 920126K->254694K(1211392K), 0.0015120 secs] [Times: user=0.01 sys=0.00, real=0.00 secs] 
100.053: Total time for which application threads were stopped: 0.0016540 seconds, Stopping threads took: 0.0000730 seconds
100.259: Application time: 0.2056360 seconds
100.259: [GC [PSYoungGen: 665552K->720K(666112K)] 919782K->254958K(1211392K), 0.0016730 secs] [Times: user=0.01 sys=0.00, real=0.00 secs] 
100.261: Total time for which application threads were stopped: 0.0018000 seconds, Stopping threads took: 0.0000610 seconds
100.424: Application time: 0.1634310 seconds
100.424: [GC [PSYoungGen: 665808K->864K(666112K)] 920046K->255102K(1211392K), 0.0016750 secs] [Times: user=0.01 sys=0.01, real=0.00 secs] 
100.426: Total time for which application threads were stopped: 0.0018220 seconds, Stopping threads took: 0.0000800 seconds
100.642: Application time: 0.2160640 seconds
100.642: [GC [PSYoungGen: 665952K->752K(666112K)] 920190K->254990K(1211392K), 0.0017170 secs] [Times: user=0.01 sys=0.00, real=0.00 secs] 
100.644: Total time for which application threads were stopped: 0.0018890 seconds, Stopping threads took: 0.0000980 seconds
100.829: Application time: 0.1848540 seconds
100.829: [GC [PSYoungGen: 665840K->784K(666112K)] 920078K->255022K(1211392K), 0.0016900 secs] [Times: user=0.01 sys=0.00, real=0.00 secs] 
100.831: Total time for which application threads were stopped: 0.0018440 seconds, Stopping threads took: 0.0000910 seconds
100.994: Application time: 0.1635190 seconds
100.994: [GC [PSYoungGen: 665872K->688K(666112K)] 920110K->254926K(1211392K), 0.0016810 secs] [Times: user=0.01 sys=0.00, real=0.00 secs] 
100.996: Total time for which application threads were stopped: 0.0018070 seconds, Stopping threads took: 0.0000630 seconds
101.214: Application time: 0.2180130 seconds
101.214: [GC [PSYoungGen: 665776K->640K(666112K)] 920014K->254878K(1211392K), 0.0014960 secs] [Times: user=0.01 sys=0.00, real=0.00 secs] 
101.216: Total time for which application threads were stopped: 0.0016600 seconds, Stopping threads took: 0.0000830 seconds
101.392: Application time: 0.1766850 seconds
101.392: [GC [PSYoungGen: 665728K->848K(666112K)] 919966K->255094K(1211392K), 0.0016740 secs] [Times: user=0.01 sys=0.00, real=0.00 secs] 
101.394: Total time for which application threads were stopped: 0.0018070 seconds, Stopping threads took: 0.0000690 seconds
101.580: Application time: 0.1856490 seconds
101.580: [GC [PSYoungGen: 665936K->560K(666112K)] 920182K->254814K(1211392K), 0.0015990 secs] [Times: user=0.01 sys=0.00, real=0.00 secs] 
101.581: Total time for which application threads were stopped: 0.0017520 seconds, Stopping threads took: 0.0000890 seconds
101.785: Application time: 0.2036740 seconds
101.785: [GC [PSYoungGen: 665648K->768K(666112K)] 919902K->255030K(1211392K), 0.0016770 secs] [Times: user=0.01 sys=0.00, real=0.01 secs] 
101.787: Total time for which application threads were stopped: 0.0018230 seconds, Stopping threads took: 0.0000730 seconds
101.952: Application time: 0.1654810 seconds
101.953: [GC [PSYoungGen: 665856K->800K(666112K)] 920118K->255062K(1211392K), 0.0016440 secs] [Times: user=0.01 sys=0.00, real=0.00 secs] 
101.954: Total time for which application threads were stopped: 0.0017930 seconds, Stopping threads took: 0.0000860 seconds
102.171: Application time: 0.2164930 seconds
102.171: [GC [PSYoungGen: 665888K->560K(666112K)] 920150K->254822K(1211392K), 0.0016640 secs] [Times: user=0.01 sys=0.00, real=0.00 secs] 
102.173: Total time for which application threads were stopped: 0.0018330 seconds, Stopping threads took: 0.0001030 seconds
102.359: Application time: 0.1861490 seconds
102.359: [GC [PSYoungGen: 665648K->640K(666112K)] 919910K->254902K(1211392K), 0.0016590 secs] [Times: user=0.01 sys=0.00, real=0.00 secs] 
102.361: Total time for which application threads were stopped: 0.0017980 seconds, Stopping threads took: 0.0000590 seconds
102.525: Application time: 0.1642420 seconds
102.525: [GC [PSYoungGen: 665728K->640K(666112K)] 919990K->254902K(1211392K), 0.0016810 secs] [Times: user=0.01 sys=0.00, real=0.00 secs] 
102.527: Total time for which application threads were stopped: 0.0018080 seconds, Stopping threads took: 0.0000550 seconds
102.745: Application time: 0.2182330 seconds
102.745: [GC [PSYoungGen: 665728K->736K(666112K)] 919990K->254998K(1211392K), 0.0016840 secs] [Times: user=0.02 sys=0.00, real=0.00 secs] 
102.747: Total time for which application threads were stopped: 0.0018650 seconds, Stopping threads took: 0.0001110 seconds
102.922: Application time: 0.1752160 seconds
102.922: [GC [PSYoungGen: 665824K->800K(666112K)] 920086K->255070K(1211392K), 0.0016540 secs] [Times: user=0.01 sys=0.00, real=0.00 secs] 
102.924: Total time for which application threads were stopped: 0.0018170 seconds, Stopping threads took: 0.0000870 seconds
103.110: Application time: 0.1860700 seconds
103.110: [GC [PSYoungGen: 665888K->544K(666112K)] 920158K->254822K(1211392K), 0.0026310 secs] [Times: user=0.02 sys=0.00, real=0.00 secs] 
103.113: Total time for which application threads were stopped: 0.0027810 seconds, Stopping threads took: 0.0000840 seconds
103.314: Application time: 0.2011480 seconds
103.314: [GC [PSYoungGen: 665632K->640K(666112K)] 919910K->254918K(1211392K), 0.0016130 secs] [Times: user=0.01 sys=0.00, real=0.00 secs] 
103.315: Total time for which application threads were stopped: 0.0017500 seconds, Stopping threads took: 0.0000720 seconds
103.480: Application time: 0.1646270 seconds
103.480: [GC [PSYoungGen: 665728K->848K(666112K)] 920006K->255134K(1211392K), 0.0016320 secs] [Times: user=0.01 sys=0.00, real=0.00 secs] 
103.482: Total time for which application threads were stopped: 0.0017820 seconds, Stopping threads took: 0.0000800 seconds
103.695: Application time: 0.2126240 seconds
103.695: [GC [PSYoungGen: 665936K->640K(666112K)] 920222K->254926K(1211392K), 0.0016880 secs] [Times: user=0.02 sys=0.00, real=0.00 secs] 
103.696: Total time for which application threads were stopped: 0.0018230 seconds, Stopping threads took: 0.0000670 seconds
103.881: Application time: 0.1848550 seconds
103.881: [GC [PSYoungGen: 665728K->608K(666112K)] 920014K->254894K(1211392K), 0.0014990 secs] [Times: user=0.01 sys=0.00, real=0.00 secs] 
103.883: Total time for which application threads were stopped: 0.0016390 seconds, Stopping threads took: 0.0000720 seconds
104.047: Application time: 0.1639230 seconds
104.047: [GC [PSYoungGen: 665696K->608K(666112K)] 919982K->254894K(1211392K), 0.0017820 secs] [Times: user=0.02 sys=0.00, real=0.00 secs] 
104.049: Total time for which application threads were stopped: 0.0019420 seconds, Stopping threads took: 0.0000830 seconds
104.265: Application time: 0.2165430 seconds
104.265: [GC [PSYoungGen: 665696K->608K(666112K)] 919982K->254894K(1211392K), 0.0016750 secs] [Times: user=0.00 sys=0.01, real=0.01 secs] 
104.267: Total time for which application threads were stopped: 0.0018230 seconds, Stopping threads took: 0.0000780 seconds
104.446: Application time: 0.1788730 seconds
104.446: [GC [PSYoungGen: 665696K->768K(666112K)] 919982K->255062K(1211392K), 0.0014800 secs] [Times: user=0.01 sys=0.00, real=0.01 secs] 
104.448: Total time for which application threads were stopped: 0.0016000 seconds, Stopping threads took: 0.0000570 seconds
104.634: Application time: 0.1860010 seconds
104.634: [GC [PSYoungGen: 665856K->560K(666112K)] 920150K->254862K(1211392K), 0.0016200 secs] [Times: user=0.01 sys=0.00, real=0.00 secs] 
104.635: Total time for which application threads were stopped: 0.0017840 seconds, Stopping threads took: 0.0000890 seconds
104.841: Application time: 0.2060280 seconds
104.841: [GC [PSYoungGen: 665648K->688K(666112K)] 919950K->254998K(1211392K), 0.0016750 secs] [Times: user=0.01 sys=0.00, real=0.00 secs] 
104.843: Total time for which application threads were stopped: 0.0018100 seconds, Stopping threads took: 0.0000720 seconds
105.008: Application time: 0.1649340 seconds
105.008: [GC [PSYoungGen: 665776K->704K(666112K)] 920086K->255014K(1211392K), 0.0016740 secs] [Times: user=0.02 sys=0.00, real=0.00 secs] 
105.010: Total time for which application threads were stopped: 0.0017830 seconds, Stopping threads took: 0.0000480 seconds
105.227: Application time: 0.2166330 seconds
105.227: [GC [PSYoungGen: 665792K->816K(666112K)] 920102K->255126K(1211392K), 0.0016910 secs] [Times: user=0.01 sys=0.00, real=0.01 secs] 
105.228: Total time for which application threads were stopped: 0.0018390 seconds, Stopping threads took: 0.0000630 seconds
105.413: Application time: 0.1848650 seconds
105.413: [GC [PSYoungGen: 665904K->592K(666112K)] 920214K->254902K(1211392K), 0.0016690 secs] [Times: user=0.00 sys=0.00, real=0.00 secs] 
105.415: Total time for which application threads were stopped: 0.0017920 seconds, Stopping threads took: 0.0000590 seconds
105.576: Application time: 0.1613920 seconds
105.577: [GC [PSYoungGen: 665680K->560K(666112K)] 919990K->254870K(1211392K), 0.0016740 secs] [Times: user=0.01 sys=0.00, real=0.00 secs] 
105.578: Total time for which application threads were stopped: 0.0017990 seconds, Stopping threads took: 0.0000600 seconds
105.800: Application time: 0.2218410 seconds
105.800: [GC [PSYoungGen: 665648K->672K(666112K)] 919958K->254982K(1211392K), 0.0016350 secs] [Times: user=0.01 sys=0.00, real=0.00 secs] 
105.802: Total time for which application threads were stopped: 0.0017890 seconds, Stopping threads took: 0.0000780 seconds
105.979: Application time: 0.1767850 seconds
105.979: [GC [PSYoungGen: 665760K->800K(666112K)] 920070K->255118K(1211392K), 0.0016870 secs] [Times: user=0.00 sys=0.01, real=0.01 secs] 
105.980: Total time for which application threads were stopped: 0.0018220 seconds, Stopping threads took: 0.0000700 seconds
106.164: Application time: 0.1837690 seconds
106.164: [GC [PSYoungGen: 665888K->544K(666112K)] 920206K->254870K(1211392K), 0.0017290 secs] [Times: user=0.02 sys=0.00, real=0.00 secs] 
106.166: Total time for which application threads were stopped: 0.0018930 seconds, Stopping threads took: 0.0000880 seconds
106.374: Application time: 0.2075400 seconds
106.374: [GC [PSYoungGen: 665632K->640K(666112K)] 919958K->254974K(1211392K), 0.0016740 secs] [Times: user=0.02 sys=0.00, real=0.00 secs] 
106.376: Total time for which application threads were stopped: 0.0018300 seconds, Stopping threads took: 0.0000850 seconds
106.541: Application time: 0.1659100 seconds
106.542: [GC [PSYoungGen: 665728K->720K(666112K)] 920062K->255054K(1211392K), 0.0016140 secs] [Times: user=0.01 sys=0.00, real=0.00 secs] 
106.543: Total time for which application threads were stopped: 0.0017700 seconds, Stopping threads took: 0.0000930 seconds
106.761: Application time: 0.2177320 seconds
106.761: [GC [PSYoungGen: 665808K->720K(666112K)] 920142K->255054K(1211392K), 0.0016700 secs] [Times: user=0.01 sys=0.00, real=0.00 secs] 
106.763: Total time for which application threads were stopped: 0.0018130 seconds, Stopping threads took: 0.0000800 seconds
106.946: Application time: 0.1828690 seconds
106.946: [GC [PSYoungGen: 665808K->640K(666112K)] 920142K->254974K(1211392K), 0.0016770 secs] [Times: user=0.01 sys=0.00, real=0.01 secs] 
106.947: Total time for which application threads were stopped: 0.0018220 seconds, Stopping threads took: 0.0000730 seconds
107.108: Application time: 0.1609120 seconds
107.108: [GC [PSYoungGen: 665728K->672K(666112K)] 920062K->255006K(1211392K), 0.0016980 secs] [Times: user=0.01 sys=0.00, real=0.00 secs] 
107.110: Total time for which application threads were stopped: 0.0018320 seconds, Stopping threads took: 0.0000660 seconds
107.333: Application time: 0.2228040 seconds
107.333: [GC [PSYoungGen: 665760K->688K(666112K)] 920094K->255022K(1211392K), 0.0016860 secs] [Times: user=0.01 sys=0.00, real=0.00 secs] 
107.335: Total time for which application threads were stopped: 0.0018420 seconds, Stopping threads took: 0.0000830 seconds
107.512: Application time: 0.1770260 seconds
107.512: [GC [PSYoungGen: 665776K->688K(666112K)] 920110K->255030K(1211392K), 0.0016750 secs] [Times: user=0.01 sys=0.00, real=0.00 secs] 
107.514: Total time for which application threads were stopped: 0.0018060 seconds, Stopping threads took: 0.0000580 seconds
107.699: Application time: 0.1852890 seconds
107.699: [GC [PSYoungGen: 665776K->544K(666112K)] 920118K->254894K(1211392K), 0.0017590 secs] [Times: user=0.02 sys=0.00, real=0.00 secs] 
107.701: Total time for which application threads were stopped: 0.0019110 seconds, Stopping threads took: 0.0000920 seconds
107.904: Application time: 0.2026430 seconds
107.904: [GC [PSYoungGen: 665632K->624K(666112K)] 919982K->254974K(1211392K), 0.0017540 secs] [Times: user=0.01 sys=0.00, real=0.00 secs] 
107.905: Total time for which application threads were stopped: 0.0018820 seconds, Stopping threads took: 0.0000640 seconds
108.074: Application time: 0.1684010 seconds
108.074: [GC [PSYoungGen: 665712K->672K(666112K)] 920062K->255030K(1211392K), 0.0016350 secs] [Times: user=0.01 sys=0.00, real=0.00 secs] 
108.076: Total time for which application threads were stopped: 0.0017790 seconds, Stopping threads took: 0.0000730 seconds
108.293: Application time: 0.2176490 seconds
108.295: [GC [PSYoungGen: 665760K->736K(666112K)] 920118K->255094K(1211392K), 0.0016450 secs] [Times: user=0.01 sys=0.00, real=0.00 secs] 
108.297: Total time for which application threads were stopped: 0.0032740 seconds, Stopping threads took: 0.0015660 seconds
108.474: Application time: 0.1771520 seconds
108.474: [GC [PSYoungGen: 665824K->672K(666112K)] 920182K->255030K(1211392K), 0.0017000 secs] [Times: user=0.01 sys=0.00, real=0.00 secs] 
108.476: Total time for which application threads were stopped: 0.0018230 seconds, Stopping threads took: 0.0000530 seconds
108.640: Application time: 0.1642880 seconds
108.640: [GC [PSYoungGen: 665760K->560K(666112K)] 920118K->254918K(1211392K), 0.0016840 secs] [Times: user=0.01 sys=0.00, real=0.00 secs] 
108.642: Total time for which application threads were stopped: 0.0018280 seconds, Stopping threads took: 0.0000690 seconds
108.863: Application time: 0.2209640 seconds
108.863: [GC [PSYoungGen: 665648K->624K(666112K)] 920006K->254982K(1211392K), 0.0016410 secs] [Times: user=0.00 sys=0.00, real=0.00 secs] 
108.864: Total time for which application threads were stopped: 0.0017850 seconds, Stopping threads took: 0.0000830 seconds
109.042: Application time: 0.1779020 seconds
109.042: [GC [PSYoungGen: 665712K->720K(666112K)] 920070K->255086K(1211392K), 0.0016920 secs] [Times: user=0.01 sys=0.00, real=0.00 secs] 
109.044: Total time for which application threads were stopped: 0.0018290 seconds, Stopping threads took: 0.0000730 seconds
109.233: Application time: 0.1890750 seconds
109.233: [GC [PSYoungGen: 665808K->528K(666112K)] 920174K->254902K(1211392K), 0.0016420 secs] [Times: user=0.01 sys=0.00, real=0.00 secs] 
109.235: Total time for which application threads were stopped: 0.0017760 seconds, Stopping threads took: 0.0000520 seconds
109.432: Application time: 0.1966400 seconds
109.432: [GC [PSYoungGen: 665616K->720K(666112K)] 919990K->255094K(1211392K), 0.0016650 secs] [Times: user=0.01 sys=0.00, real=0.00 secs] 
109.433: Total time for which application threads were stopped: 0.0018070 seconds, Stopping threads took: 0.0000780 seconds
109.604: Application time: 0.1709920 seconds
109.605: [GC [PSYoungGen: 665808K->768K(666112K)] 920182K->255150K(1211392K), 0.0016410 secs] [Times: user=0.01 sys=0.00, real=0.00 secs] 
109.606: Total time for which application threads were stopped: 0.0017720 seconds, Stopping threads took: 0.0000690 seconds
109.827: Application time: 0.2211210 seconds
109.827: [GC [PSYoungGen: 665856K->656K(666112K)] 920238K->255038K(1211392K), 0.0016620 secs] [Times: user=0.01 sys=0.00, real=0.00 secs] 
109.829: Total time for which application threads were stopped: 0.0017990 seconds, Stopping threads took: 0.0000660 seconds
110.003: Application time: 0.1742260 seconds
110.003: [GC [PSYoungGen: 665744K->608K(666112K)] 920126K->254990K(1211392K), 0.0016820 secs] [Times: user=0.01 sys=0.00, real=0.00 secs] 
110.005: Total time for which application threads were stopped: 0.0017970 seconds, Stopping threads took: 0.0000520 seconds
110.172: Application time: 0.1664770 seconds
110.172: [GC [PSYoungGen: 665696K->528K(666112K)] 920078K->254910K(1211392K), 0.0016440 secs] [Times: user=0.01 sys=0.00, real=0.00 secs] 
110.173: Total time for which application threads were stopped: 0.0017820 seconds, Stopping threads took: 0.0000780 seconds
110.395: Application time: 0.2212570 seconds
110.395: [GC [PSYoungGen: 665616K->752K(666112K)] 919998K->255134K(1211392K), 0.0016510 secs] [Times: user=0.01 sys=0.00, real=0.00 secs] 
110.397: Total time for which application threads were stopped: 0.0018230 seconds, Stopping threads took: 0.0000800 seconds
110.573: Application time: 0.1763560 seconds
110.573: [GC [PSYoungGen: 665840K->592K(666112K)] 920222K->254982K(1211392K), 0.0016610 secs] [Times: user=0.01 sys=0.00, real=0.00 secs] 
110.575: Total time for which application threads were stopped: 0.0017870 seconds, Stopping threads took: 0.0000650 seconds
110.767: Application time: 0.1919720 seconds
110.767: [GC [PSYoungGen: 665680K->560K(666112K)] 920070K->254958K(1211392K), 0.0016700 secs] [Times: user=0.00 sys=0.00, real=0.01 secs] 
110.768: Total time for which application threads were stopped: 0.0018120 seconds, Stopping threads took: 0.0000780 seconds
110.964: Application time: 0.1958940 seconds
110.964: [GC [PSYoungGen: 665648K->624K(666112K)] 920046K->255022K(1211392K), 0.0016770 secs] [Times: user=0.01 sys=0.00, real=0.00 secs] 
110.966: Total time for which application threads were stopped: 0.0018280 seconds, Stopping threads took: 0.0000730 seconds
111.138: Application time: 0.1718620 seconds
111.138: [GC [PSYoungGen: 665712K->816K(666112K)] 920110K->255222K(1211392K), 0.0016630 secs] [Times: user=0.01 sys=0.00, real=0.01 secs] 
111.140: Total time for which application threads were stopped: 0.0018130 seconds, Stopping threads took: 0.0000880 seconds
111.362: Application time: 0.2223220 seconds
111.362: [GC [PSYoungGen: 665904K->800K(666112K)] 920310K->255206K(1211392K), 0.0017370 secs] [Times: user=0.01 sys=0.00, real=0.00 secs] 
111.364: Total time for which application threads were stopped: 0.0018790 seconds, Stopping threads took: 0.0000770 seconds
111.536: Application time: 0.1717390 seconds
111.536: [GC [PSYoungGen: 665888K->624K(666112K)] 920294K->255030K(1211392K), 0.0016350 secs] [Times: user=0.01 sys=0.00, real=0.00 secs] 
111.538: Total time for which application threads were stopped: 0.0017740 seconds, Stopping threads took: 0.0000660 seconds
111.704: Application time: 0.1666750 seconds
111.704: [GC [PSYoungGen: 665712K->544K(666112K)] 920118K->254950K(1211392K), 0.0017600 secs] [Times: user=0.01 sys=0.00, real=0.00 secs] 
111.706: Total time for which application threads were stopped: 0.0018870 seconds, Stopping threads took: 0.0000620 seconds
111.929: Application time: 0.2231830 seconds
111.929: [GC [PSYoungGen: 665632K->800K(666112K)] 920038K->255206K(1211392K), 0.0016970 secs] [Times: user=0.01 sys=0.00, real=0.00 secs] 
111.931: Total time for which application threads were stopped: 0.0018460 seconds, Stopping threads took: 0.0000740 seconds
112.107: Application time: 0.1760670 seconds
112.107: [GC [PSYoungGen: 665888K->688K(666112K)] 920294K->255102K(1211392K), 0.0016330 secs] [Times: user=0.01 sys=0.00, real=0.00 secs] 
112.109: Total time for which application threads were stopped: 0.0017870 seconds, Stopping threads took: 0.0000790 seconds
112.301: Application time: 0.1922980 seconds
112.301: [GC [PSYoungGen: 665776K->608K(666112K)] 920190K->255038K(1211392K), 0.0017180 secs] [Times: user=0.01 sys=0.00, real=0.00 secs] 
112.303: Total time for which application threads were stopped: 0.0018700 seconds, Stopping threads took: 0.0000790 seconds
112.496: Application time: 0.1924400 seconds
112.496: [GC [PSYoungGen: 665696K->672K(666112K)] 920126K->255102K(1211392K), 0.0016430 secs] [Times: user=0.01 sys=0.00, real=0.00 secs] 
112.497: Total time for which application threads were stopped: 0.0017840 seconds, Stopping threads took: 0.0000750 seconds
112.668: Application time: 0.1710450 seconds
112.669: [GC [PSYoungGen: 665760K->704K(666112K)] 920190K->255142K(1211392K), 0.0016420 secs] [Times: user=0.01 sys=0.00, real=0.00 secs] 
112.670: Total time for which application threads were stopped: 0.0017830 seconds, Stopping threads took: 0.0000680 seconds
112.893: Application time: 0.2230540 seconds
112.893: [GC [PSYoungGen: 665792K->640K(666112K)] 920230K->255078K(1211392K), 0.0016720 secs] [Times: user=0.01 sys=0.00, real=0.00 secs] 
112.895: Total time for which application threads were stopped: 0.0018080 seconds, Stopping threads took: 0.0000720 seconds
113.063: Application time: 0.1681180 seconds
113.063: [GC [PSYoungGen: 665728K->576K(666112K)] 920166K->255014K(1211392K), 0.0016920 secs] [Times: user=0.01 sys=0.00, real=0.00 secs] 
113.065: Total time for which application threads were stopped: 0.0018480 seconds, Stopping threads took: 0.0000850 seconds
113.233: Application time: 0.1681660 seconds
113.233: [GC [PSYoungGen: 665664K->624K(666112K)] 920102K->255062K(1211392K), 0.0017610 secs] [Times: user=0.01 sys=0.00, real=0.00 secs] 
113.235: Total time for which application threads were stopped: 0.0019100 seconds, Stopping threads took: 0.0000780 seconds
113.458: Application time: 0.2224770 seconds
113.458: [GC [PSYoungGen: 665712K->608K(666112K)] 920150K->255046K(1211392K), 0.0018380 secs] [Times: user=0.01 sys=0.00, real=0.01 secs] 
113.460: Total time for which application threads were stopped: 0.0019690 seconds, Stopping threads took: 0.0000590 seconds
113.634: Application time: 0.1746730 seconds
113.634: [GC [PSYoungGen: 665696K->688K(666112K)] 920134K->255134K(1211392K), 0.0016530 secs] [Times: user=0.01 sys=0.00, real=0.00 secs] 
113.636: Total time for which application threads were stopped: 0.0018010 seconds, Stopping threads took: 0.0000830 seconds
113.831: Application time: 0.1944970 seconds
113.831: [GC [PSYoungGen: 665776K->544K(666112K)] 920222K->254998K(1211392K), 0.0016530 secs] [Times: user=0.01 sys=0.00, real=0.00 secs] 
113.832: Total time for which application threads were stopped: 0.0018210 seconds, Stopping threads took: 0.0000790 seconds
114.023: Application time: 0.1903010 seconds
114.023: [GC [PSYoungGen: 665632K->704K(666112K)] 920086K->255158K(1211392K), 0.0017700 secs] [Times: user=0.01 sys=0.00, real=0.00 secs] 
114.025: Total time for which application threads were stopped: 0.0019180 seconds, Stopping threads took: 0.0000860 seconds
114.198: Application time: 0.1737230 seconds
114.199: [GC [PSYoungGen: 665792K->848K(666112K)] 920246K->255310K(1211392K), 0.0017170 secs] [Times: user=0.00 sys=0.00, real=0.01 secs] 
114.200: Total time for which application threads were stopped: 0.0018600 seconds, Stopping threads took: 0.0000820 seconds
114.423: Application time: 0.2224780 seconds
114.423: [GC [PSYoungGen: 665936K->576K(666112K)] 920398K->255038K(1211392K), 0.0016530 secs] [Times: user=0.01 sys=0.00, real=0.00 secs] 
114.425: Total time for which application threads were stopped: 0.0018060 seconds, Stopping threads took: 0.0000810 seconds
114.592: Application time: 0.1674180 seconds
114.592: [GC [PSYoungGen: 665664K->704K(666112K)] 920126K->255166K(1211392K), 0.0016920 secs] [Times: user=0.01 sys=0.00, real=0.00 secs] 
114.594: Total time for which application threads were stopped: 0.0018350 seconds, Stopping threads took: 0.0000770 seconds
114.763: Application time: 0.1691280 seconds
114.763: [GC [PSYoungGen: 665792K->768K(666112K)] 920254K->255230K(1211392K), 0.0016330 secs] [Times: user=0.01 sys=0.00, real=0.00 secs] 
114.765: Total time for which application threads were stopped: 0.0017720 seconds, Stopping threads took: 0.0000750 seconds
114.990: Application time: 0.2251800 seconds
114.990: [GC [PSYoungGen: 665856K->688K(666112K)] 920318K->255150K(1211392K), 0.0017980 secs] [Times: user=0.01 sys=0.00, real=0.00 secs] 
114.992: Total time for which application threads were stopped: 0.0019730 seconds, Stopping threads took: 0.0000950 seconds
115.164: Application time: 0.1721680 seconds
115.164: [GC [PSYoungGen: 665776K->640K(666112K)] 920238K->255110K(1211392K), 0.0016720 secs] [Times: user=0.01 sys=0.00, real=0.00 secs] 
115.166: Total time for which application threads were stopped: 0.0018010 seconds, Stopping threads took: 0.0000640 seconds
115.360: Application time: 0.1941970 seconds
115.360: [GC [PSYoungGen: 665728K->576K(666112K)] 920198K->255054K(1211392K), 0.0016300 secs] [Times: user=0.01 sys=0.00, real=0.00 secs] 
115.362: Total time for which application threads were stopped: 0.0017710 seconds, Stopping threads took: 0.0000790 seconds
115.552: Application time: 0.1902230 seconds
115.552: [GC [PSYoungGen: 665664K->656K(666112K)] 920142K->255134K(1211392K), 0.0017380 secs] [Times: user=0.02 sys=0.00, real=0.00 secs] 
115.554: Total time for which application threads were stopped: 0.0018610 seconds, Stopping threads took: 0.0000490 seconds
115.727: Application time: 0.1735850 seconds
115.728: [GC [PSYoungGen: 665744K->784K(666112K)] 920222K->255270K(1211392K), 0.0017520 secs] [Times: user=0.01 sys=0.00, real=0.00 secs] 
115.729: Total time for which application threads were stopped: 0.0018910 seconds, Stopping threads took: 0.0000660 seconds
115.951: Application time: 0.2211830 seconds
115.951: [GC [PSYoungGen: 665872K->672K(666112K)] 920358K->255158K(1211392K), 0.0015070 secs] [Times: user=0.01 sys=0.00, real=0.00 secs] 
115.952: Total time for which application threads were stopped: 0.0017070 seconds, Stopping threads took: 0.0000790 seconds
116.120: Application time: 0.1678480 seconds
116.120: [GC [PSYoungGen: 665760K->720K(666112K)] 920246K->255206K(1211392K), 0.0016930 secs] [Times: user=0.01 sys=0.00, real=0.00 secs] 
116.122: Total time for which application threads were stopped: 0.0018310 seconds, Stopping threads took: 0.0000660 seconds
116.290: Application time: 0.1684980 seconds
116.291: [GC [PSYoungGen: 665808K->624K(666112K)] 920294K->255110K(1211392K), 0.0017050 secs] [Times: user=0.01 sys=0.00, real=0.00 secs] 
116.292: Total time for which application threads were stopped: 0.0018330 seconds, Stopping threads took: 0.0000630 seconds
116.514: Application time: 0.2212910 seconds
116.514: [GC [PSYoungGen: 665712K->704K(666112K)] 920198K->255190K(1211392K), 0.0015680 secs] [Times: user=0.01 sys=0.00, real=0.00 secs] 
116.515: Total time for which application threads were stopped: 0.0017210 seconds, Stopping threads took: 0.0000900 seconds
116.690: Application time: 0.1742330 seconds
116.690: [GC [PSYoungGen: 665792K->624K(666112K)] 920278K->255126K(1211392K), 0.0017260 secs] [Times: user=0.01 sys=0.00, real=0.00 secs] 
116.691: Total time for which application threads were stopped: 0.0018930 seconds, Stopping threads took: 0.0000820 seconds
116.885: Application time: 0.1934890 seconds
116.885: [GC [PSYoungGen: 665712K->624K(666112K)] 920214K->255134K(1211392K), 0.0016770 secs] [Times: user=0.00 sys=0.00, real=0.00 secs] 
116.887: Total time for which application threads were stopped: 0.0018210 seconds, Stopping threads took: 0.0000740 seconds
117.077: Application time: 0.1905860 seconds
117.077: [GC [PSYoungGen: 665712K->720K(666112K)] 920222K->255238K(1211392K), 0.0016680 secs] [Times: user=0.01 sys=0.00, real=0.01 secs] 
117.079: Total time for which application threads were stopped: 0.0018200 seconds, Stopping threads took: 0.0000890 seconds
117.252: Application time: 0.1725240 seconds
117.252: [GC [PSYoungGen: 665808K->720K(666112K)] 920326K->255246K(1211392K), 0.0016500 secs] [Times: user=0.02 sys=0.00, real=0.00 secs] 
117.253: Total time for which application threads were stopped: 0.0017870 seconds, Stopping threads took: 0.0000660 seconds
117.475: Application time: 0.2215900 seconds
117.475: [GC [PSYoungGen: 665808K->672K(666112K)] 920334K->255198K(1211392K), 0.0016620 secs] [Times: user=0.01 sys=0.00, real=0.00 secs] 
117.477: Total time for which application threads were stopped: 0.0018080 seconds, Stopping threads took: 0.0000830 seconds
117.644: Application time: 0.1667850 seconds
117.644: [GC [PSYoungGen: 665760K->704K(666112K)] 920286K->255230K(1211392K), 0.0016630 secs] [Times: user=0.01 sys=0.00, real=0.00 secs] 
117.645: Total time for which application threads were stopped: 0.0018020 seconds, Stopping threads took: 0.0000740 seconds
117.817: Application time: 0.1711090 seconds
117.817: [GC [PSYoungGen: 665792K->496K(666112K)] 920318K->255022K(1211392K), 0.0016500 secs] [Times: user=0.01 sys=0.00, real=0.00 secs] 
117.818: Total time for which application threads were stopped: 0.0017780 seconds, Stopping threads took: 0.0000530 seconds
118.041: Application time: 0.2227650 seconds
118.041: [GC [PSYoungGen: 665584K->672K(666112K)] 920110K->255198K(1211392K), 0.0016640 secs] [Times: user=0.01 sys=0.00, real=0.00 secs] 
118.043: Total time for which application threads were stopped: 0.0018190 seconds, Stopping threads took: 0.0000800 seconds
118.215: Application time: 0.1717490 seconds
118.215: [GC [PSYoungGen: 665760K->592K(666112K)] 920286K->255126K(1211392K), 0.0016670 secs] [Times: user=0.01 sys=0.00, real=0.00 secs] 
118.217: Total time for which application threads were stopped: 0.0018040 seconds, Stopping threads took: 0.0000650 seconds
118.415: Application time: 0.1979990 seconds
118.415: [GC [PSYoungGen: 665680K->544K(666112K)] 920214K->255086K(1211392K), 0.0017020 secs] [Times: user=0.01 sys=0.00, real=0.00 secs] 
118.416: Total time for which application threads were stopped: 0.0018520 seconds, Stopping threads took: 0.0000710 seconds
118.606: Application time: 0.1897920 seconds
118.606: [GC [PSYoungGen: 665632K->720K(666112K)] 920174K->255270K(1211392K), 0.0016720 secs] [Times: user=0.01 sys=0.00, real=0.01 secs] 
118.608: Total time for which application threads were stopped: 0.0018350 seconds, Stopping threads took: 0.0000910 seconds
118.780: Application time: 0.1719910 seconds
118.780: [GC [PSYoungGen: 665808K->672K(666112K)] 920358K->255230K(1211392K), 0.0016380 secs] [Times: user=0.01 sys=0.00, real=0.00 secs] 
118.782: Total time for which application threads were stopped: 0.0017540 seconds, Stopping threads took: 0.0000520 seconds
119.003: Application time: 0.2216700 seconds
119.004: [GC [PSYoungGen: 665760K->736K(666112K)] 920318K->255294K(1211392K), 0.0017650 secs] [Times: user=0.01 sys=0.00, real=0.00 secs] 
119.005: Total time for which application threads were stopped: 0.0018960 seconds, Stopping threads took: 0.0000640 seconds
119.172: Application time: 0.1665150 seconds
119.172: [GC [PSYoungGen: 665824K->752K(666112K)] 920382K->255310K(1211392K), 0.0016640 secs] [Times: user=0.01 sys=0.00, real=0.00 secs] 
119.174: Total time for which application threads were stopped: 0.0018050 seconds, Stopping threads took: 0.0000750 seconds
119.347: Application time: 0.1738010 seconds
119.348: [GC [PSYoungGen: 665840K->560K(666112K)] 920398K->255118K(1211392K), 0.0016860 secs] [Times: user=0.02 sys=0.00, real=0.00 secs] 
119.349: Total time for which application threads were stopped: 0.0018230 seconds, Stopping threads took: 0.0000760 seconds
119.570: Application time: 0.2203100 seconds
119.570: [GC [PSYoungGen: 665648K->704K(666112K)] 920206K->255262K(1211392K), 0.0017030 secs] [Times: user=0.01 sys=0.00, real=0.00 secs] 
119.571: Total time for which application threads were stopped: 0.0018570 seconds, Stopping threads took: 0.0000770 seconds
119.743: Application time: 0.1718100 seconds
119.743: [GC [PSYoungGen: 665792K->560K(666112K)] 920350K->255126K(1211392K), 0.0015640 secs] [Times: user=0.01 sys=0.00, real=0.00 secs] 
119.745: Total time for which application threads were stopped: 0.0016800 seconds, Stopping threads took: 0.0000560 seconds
119.950: Application time: 0.2047740 seconds
119.950: [GC [PSYoungGen: 665648K->560K(666112K)] 920214K->255134K(1211392K), 0.0017080 secs] [Times: user=0.02 sys=0.00, real=0.00 secs] 
119.952: Total time for which application threads were stopped: 0.0018850 seconds, Stopping threads took: 0.0001030 seconds
120.134: Application time: 0.1824760 seconds
120.134: [GC [PSYoungGen: 665648K->704K(666112K)] 920222K->255286K(1211392K), 0.0017090 secs] [Times: user=0.01 sys=0.00, real=0.00 secs] 
120.136: Total time for which application threads were stopped: 0.0018600 seconds, Stopping threads took: 0.0000740 seconds
120.310: Application time: 0.1743230 seconds
120.310: [GC [PSYoungGen: 665792K->608K(666112K)] 920374K->255198K(1211392K), 0.0016690 secs] [Times: user=0.02 sys=0.00, real=0.00 secs] 
120.312: Total time for which application threads were stopped: 0.0018090 seconds, Stopping threads took: 0.0000770 seconds
120.533: Application time: 0.2211600 seconds
120.533: [GC [PSYoungGen: 665696K->752K(666112K)] 920286K->255342K(1211392K), 0.0017790 secs] [Times: user=0.01 sys=0.00, real=0.00 secs] 
120.535: Total time for which application threads were stopped: 0.0019280 seconds, Stopping threads took: 0.0000790 seconds
120.700: Application time: 0.1652670 seconds
120.701: [GC [PSYoungGen: 665840K->688K(666112K)] 920430K->255278K(1211392K), 0.0016330 secs] [Times: user=0.01 sys=0.00, real=0.00 secs] 
120.702: Total time for which application threads were stopped: 0.0018000 seconds, Stopping threads took: 0.0000920 seconds
120.882: Application time: 0.1798720 seconds
120.882: [GC [PSYoungGen: 665776K->560K(666112K)] 920366K->255150K(1211392K), 0.0014840 secs] [Times: user=0.01 sys=0.00, real=0.00 secs] 
120.884: Total time for which application threads were stopped: 0.0016200 seconds, Stopping threads took: 0.0000710 seconds
121.096: Application time: 0.2121440 seconds
121.096: [GC [PSYoungGen: 665648K->608K(666112K)] 920238K->255198K(1211392K), 0.0016820 secs] [Times: user=0.01 sys=0.00, real=0.00 secs] 
121.098: Total time for which application threads were stopped: 0.0018320 seconds, Stopping threads took: 0.0000800 seconds
121.268: Application time: 0.1705190 seconds
121.268: [GC [PSYoungGen: 665696K->608K(666112K)] 920286K->255206K(1211392K), 0.0016690 secs] [Times: user=0.01 sys=0.00, real=0.00 secs] 
121.270: Total time for which application threads were stopped: 0.0018150 seconds, Stopping threads took: 0.0000710 seconds
121.474: Application time: 0.2035340 seconds
121.474: [GC [PSYoungGen: 665696K->624K(666112K)] 920294K->255230K(1211392K), 0.0017130 secs] [Times: user=0.01 sys=0.00, real=0.00 secs] 
121.475: Total time for which application threads were stopped: 0.0018580 seconds, Stopping threads took: 0.0000680 seconds
121.657: Application time: 0.1819920 seconds
121.658: [GC [PSYoungGen: 665712K->640K(666112K)] 920318K->255254K(1211392K), 0.0016580 secs] [Times: user=0.01 sys=0.00, real=0.01 secs] 
121.659: Total time for which application threads were stopped: 0.0018030 seconds, Stopping threads took: 0.0000840 seconds
121.832: Application time: 0.1732440 seconds
121.833: [GC [PSYoungGen: 665728K->640K(666112K)] 920342K->255262K(1211392K), 0.0014740 secs] [Times: user=0.01 sys=0.00, real=0.00 secs] 
121.834: Total time for which application threads were stopped: 0.0016180 seconds, Stopping threads took: 0.0000700 seconds
122.053: Application time: 0.2185980 seconds
122.053: [GC [PSYoungGen: 665728K->624K(666112K)] 920350K->255246K(1211392K), 0.0018170 secs] [Times: user=0.01 sys=0.00, real=0.00 secs] 
122.055: Total time for which application threads were stopped: 0.0019600 seconds, Stopping threads took: 0.0000730 seconds
122.222: Application time: 0.1668700 seconds
122.222: [GC [PSYoungGen: 665712K->720K(666112K)] 920334K->255342K(1211392K), 0.0016480 secs] [Times: user=0.01 sys=0.00, real=0.00 secs] 
122.223: Total time for which application threads were stopped: 0.0017890 seconds, Stopping threads took: 0.0000800 seconds
122.402: Application time: 0.1791120 seconds
122.403: [GC [PSYoungGen: 665808K->576K(666112K)] 920430K->255198K(1211392K), 0.0016610 secs] [Times: user=0.01 sys=0.00, real=0.00 secs] 
122.404: Total time for which application threads were stopped: 0.0018260 seconds, Stopping threads took: 0.0000860 seconds
122.617: Application time: 0.2126480 seconds
122.617: [GC [PSYoungGen: 665664K->656K(666112K)] 920286K->255278K(1211392K), 0.0017670 secs] [Times: user=0.01 sys=0.00, real=0.01 secs] 
122.619: Total time for which application threads were stopped: 0.0019100 seconds, Stopping threads took: 0.0000740 seconds
122.792: Application time: 0.1727820 seconds
122.792: [GC [PSYoungGen: 665744K->640K(666112K)] 920366K->255278K(1211392K), 0.0016890 secs] [Times: user=0.01 sys=0.00, real=0.00 secs] 
122.793: Total time for which application threads were stopped: 0.0018300 seconds, Stopping threads took: 0.0000780 seconds
123.003: Application time: 0.2095390 seconds
123.003: [GC [PSYoungGen: 665728K->592K(666112K)] 920366K->255238K(1211392K), 0.0014740 secs] [Times: user=0.01 sys=0.00, real=0.00 secs] 
123.005: Total time for which application threads were stopped: 0.0016370 seconds, Stopping threads took: 0.0000880 seconds
123.180: Application time: 0.1752050 seconds
123.180: [GC [PSYoungGen: 665680K->688K(666112K)] 920326K->255342K(1211392K), 0.0016520 secs] [Times: user=0.01 sys=0.00, real=0.00 secs] 
123.182: Total time for which application threads were stopped: 0.0017660 seconds, Stopping threads took: 0.0000480 seconds
123.358: Application time: 0.1762810 seconds
123.358: [GC [PSYoungGen: 665776K->752K(666112K)] 920430K->255414K(1211392K), 0.0016610 secs] [Times: user=0.01 sys=0.00, real=0.01 secs] 
123.360: Total time for which application threads were stopped: 0.0018100 seconds, Stopping threads took: 0.0000840 seconds
123.577: Application time: 0.2169470 seconds
123.577: [GC [PSYoungGen: 665840K->656K(666112K)] 920502K->255318K(1211392K), 0.0016310 secs] [Times: user=0.01 sys=0.00, real=0.00 secs] 
123.578: Total time for which application threads were stopped: 0.0017730 seconds, Stopping threads took: 0.0000700 seconds
123.745: Application time: 0.1668880 seconds
123.746: [GC [PSYoungGen: 665744K->720K(666112K)] 920406K->255382K(1211392K), 0.0016560 secs] [Times: user=0.01 sys=0.00, real=0.01 secs] 
123.747: Total time for which application threads were stopped: 0.0018300 seconds, Stopping threads took: 0.0001090 seconds
123.934: Application time: 0.1867930 seconds
123.934: [GC [PSYoungGen: 665808K->656K(666112K)] 920470K->255318K(1211392K), 0.0016410 secs] [Times: user=0.01 sys=0.00, real=0.00 secs] 
123.936: Total time for which application threads were stopped: 0.0018150 seconds, Stopping threads took: 0.0001000 seconds
124.145: Application time: 0.2093020 seconds
124.145: [GC [PSYoungGen: 665744K->560K(666112K)] 920406K->255222K(1211392K), 0.0017750 secs] [Times: user=0.01 sys=0.00, real=0.01 secs] 
124.147: Total time for which application threads were stopped: 0.0019070 seconds, Stopping threads took: 0.0000590 seconds
124.320: Application time: 0.1728150 seconds
124.320: [GC [PSYoungGen: 665648K->704K(666112K)] 920310K->255374K(1211392K), 0.0016780 secs] [Times: user=0.02 sys=0.00, real=0.00 secs] 
124.322: Total time for which application threads were stopped: 0.0018470 seconds, Stopping threads took: 0.0000980 seconds
124.535: Application time: 0.2135440 seconds
124.535: [GC [PSYoungGen: 665792K->624K(666112K)] 920462K->255302K(1211392K), 0.0017020 secs] [Times: user=0.01 sys=0.00, real=0.00 secs] 
124.537: Total time for which application threads were stopped: 0.0018450 seconds, Stopping threads took: 0.0000780 seconds
124.711: Application time: 0.1738810 seconds
124.711: [GC [PSYoungGen: 665712K->800K(666112K)] 920390K->255486K(1211392K), 0.0016440 secs] [Times: user=0.01 sys=0.00, real=0.00 secs] 
124.713: Total time for which application threads were stopped: 0.0017800 seconds, Stopping threads took: 0.0000600 seconds
124.890: Application time: 0.1770300 seconds
124.890: [GC [PSYoungGen: 665888K->720K(666112K)] 920574K->255414K(1211392K), 0.0017340 secs] [Times: user=0.01 sys=0.00, real=0.00 secs] 
124.892: Total time for which application threads were stopped: 0.0018770 seconds, Stopping threads took: 0.0000780 seconds
125.108: Application time: 0.2167530 seconds
125.109: [GC [PSYoungGen: 665808K->672K(666112K)] 920502K->255366K(1211392K), 0.0016250 secs] [Times: user=0.01 sys=0.00, real=0.00 secs] 
125.110: Total time for which application threads were stopped: 0.0017760 seconds, Stopping threads took: 0.0000850 seconds
125.278: Application time: 0.1681470 seconds
125.278: [GC [PSYoungGen: 665760K->752K(666112K)] 920454K->255446K(1211392K), 0.0017610 secs] [Times: user=0.02 sys=0.00, real=0.01 secs] 
125.280: Total time for which application threads were stopped: 0.0019050 seconds, Stopping threads took: 0.0000710 seconds
125.470: Application time: 0.1898200 seconds
125.470: [GC [PSYoungGen: 665840K->512K(666112K)] 920534K->255206K(1211392K), 0.0016490 secs] [Times: user=0.01 sys=0.00, real=0.00 secs] 
125.472: Total time for which application threads were stopped: 0.0017820 seconds, Stopping threads took: 0.0000660 seconds
125.675: Application time: 0.2035020 seconds
125.675: [GC [PSYoungGen: 665600K->736K(666112K)] 920294K->255430K(1211392K), 0.0016520 secs] [Times: user=0.01 sys=0.00, real=0.00 secs] 
125.677: Total time for which application threads were stopped: 0.0017790 seconds, Stopping threads took: 0.0000650 seconds
125.849: Application time: 0.1716030 seconds
125.849: [GC [PSYoungGen: 665824K->720K(666112K)] 920518K->255430K(1211392K), 0.0016580 secs] [Times: user=0.01 sys=0.00, real=0.00 secs] 
125.851: Total time for which application threads were stopped: 0.0017960 seconds, Stopping threads took: 0.0000650 seconds
126.068: Application time: 0.2172530 seconds
126.068: [GC [PSYoungGen: 665808K->640K(666112K)] 920518K->255358K(1211392K), 0.0014780 secs] [Times: user=0.00 sys=0.00, real=0.00 secs] 
126.069: Total time for which application threads were stopped: 0.0016250 seconds, Stopping threads took: 0.0000770 seconds
126.237: Application time: 0.1675290 seconds
126.237: [GC [PSYoungGen: 665728K->640K(666112K)] 920446K->255366K(1211392K), 0.0016790 secs] [Times: user=0.01 sys=0.00, real=0.00 secs] 
126.239: Total time for which application threads were stopped: 0.0018060 seconds, Stopping threads took: 0.0000610 seconds
126.416: Application time: 0.1774830 seconds
126.416: [GC [PSYoungGen: 665728K->736K(666112K)] 920454K->255470K(1211392K), 0.0016340 secs] [Times: user=0.01 sys=0.00, real=0.00 secs] 
126.418: Total time for which application threads were stopped: 0.0017740 seconds, Stopping threads took: 0.0000680 seconds
126.638: Application time: 0.2198680 seconds
126.638: [GC [PSYoungGen: 665824K->768K(666112K)] 920558K->255502K(1211392K), 0.0017160 secs] [Times: user=0.01 sys=0.00, real=0.01 secs] 
126.640: Total time for which application threads were stopped: 0.0018640 seconds, Stopping threads took: 0.0000780 seconds
126.804: Application time: 0.1638820 seconds
126.804: [GC [PSYoungGen: 665856K->672K(666112K)] 920590K->255406K(1211392K), 0.0016230 secs] [Times: user=0.01 sys=0.00, real=0.00 secs] 
126.805: Total time for which application threads were stopped: 0.0017610 seconds, Stopping threads took: 0.0000750 seconds
127.000: Application time: 0.1944670 seconds
127.000: [GC [PSYoungGen: 665760K->512K(666112K)] 920494K->255246K(1211392K), 0.0017530 secs] [Times: user=0.01 sys=0.00, real=0.00 secs] 
127.002: Total time for which application threads were stopped: 0.0018830 seconds, Stopping threads took: 0.0000600 seconds
127.198: Application time: 0.1963500 seconds
127.198: [GC [PSYoungGen: 665600K->752K(666112K)] 920334K->255486K(1211392K), 0.0017700 secs] [Times: user=0.01 sys=0.00, real=0.01 secs] 
127.200: Total time for which application threads were stopped: 0.0019140 seconds, Stopping threads took: 0.0000800 seconds
127.372: Application time: 0.1715810 seconds
127.372: [GC [PSYoungGen: 665840K->672K(666112K)] 920574K->255414K(1211392K), 0.0016790 secs] [Times: user=0.01 sys=0.00, real=0.00 secs] 
127.373: Total time for which application threads were stopped: 0.0018290 seconds, Stopping threads took: 0.0000860 seconds
127.595: Application time: 0.2210800 seconds
127.595: [GC [PSYoungGen: 665760K->736K(666112K)] 920502K->255486K(1211392K), 0.0039500 secs] [Times: user=0.03 sys=0.00, real=0.00 secs] 
127.599: Total time for which application threads were stopped: 0.0041200 seconds, Stopping threads took: 0.0000830 seconds
127.762: Application time: 0.1636830 seconds
127.762: [GC [PSYoungGen: 665824K->736K(666112K)] 920574K->255494K(1211392K), 0.0016650 secs] [Times: user=0.01 sys=0.00, real=0.00 secs] 
127.764: Total time for which application threads were stopped: 0.0018140 seconds, Stopping threads took: 0.0000880 seconds
127.943: Application time: 0.1784560 seconds
127.943: [GC [PSYoungGen: 665824K->656K(666112K)] 920582K->255422K(1211392K), 0.0017930 secs] [Times: user=0.01 sys=0.00, real=0.00 secs] 
127.945: Total time for which application threads were stopped: 0.0019420 seconds, Stopping threads took: 0.0000850 seconds
128.166: Application time: 0.2210390 seconds
128.166: [GC [PSYoungGen: 665744K->640K(666112K)] 920510K->255406K(1211392K), 0.0016710 secs] [Times: user=0.02 sys=0.00, real=0.01 secs] 
128.167: Total time for which application threads were stopped: 0.0018120 seconds, Stopping threads took: 0.0000550 seconds
128.328: Application time: 0.1609580 seconds
128.328: [GC [PSYoungGen: 665728K->736K(666112K)] 920494K->255502K(1211392K), 0.0016440 secs] [Times: user=0.01 sys=0.00, real=0.00 secs] 
128.330: Total time for which application threads were stopped: 0.0017750 seconds, Stopping threads took: 0.0000680 seconds
128.532: Application time: 0.2014980 seconds
128.532: [GC [PSYoungGen: 665824K->640K(666112K)] 920590K->255406K(1211392K), 0.0016800 secs] [Times: user=0.01 sys=0.00, real=0.00 secs] 
128.533: Total time for which application threads were stopped: 0.0018140 seconds, Stopping threads took: 0.0000710 seconds
128.725: Application time: 0.1914210 seconds
128.725: [GC [PSYoungGen: 665728K->704K(666112K)] 920494K->255470K(1211392K), 0.0016200 secs] [Times: user=0.01 sys=0.00, real=0.00 secs] 
128.727: Total time for which application threads were stopped: 0.0017550 seconds, Stopping threads took: 0.0000540 seconds
128.900: Application time: 0.1730830 seconds
128.900: [GC [PSYoungGen: 665792K->672K(666112K)] 920558K->255446K(1211392K), 0.0016980 secs] [Times: user=0.01 sys=0.00, real=0.00 secs] 
128.902: Total time for which application threads were stopped: 0.0018650 seconds, Stopping threads took: 0.0000960 seconds
129.125: Application time: 0.2235840 seconds
129.125: [GC [PSYoungGen: 665760K->656K(666112K)] 920534K->255438K(1211392K), 0.0016590 secs] [Times: user=0.01 sys=0.00, real=0.01 secs] 
129.127: Total time for which application threads were stopped: 0.0017940 seconds, Stopping threads took: 0.0000700 seconds
129.287: Application time: 0.1603080 seconds
129.287: [GC [PSYoungGen: 665744K->688K(666112K)] 920526K->255478K(1211392K), 0.0016300 secs] [Times: user=0.01 sys=0.00, real=0.00 secs] 
129.289: Total time for which application threads were stopped: 0.0017610 seconds, Stopping threads took: 0.0000520 seconds
129.469: Application time: 0.1798330 seconds
129.469: [GC [PSYoungGen: 665776K->672K(666112K)] 920566K->255470K(1211392K), 0.0016420 secs] [Times: user=0.00 sys=0.00, real=0.00 secs] 
129.471: Total time for which application threads were stopped: 0.0017700 seconds, Stopping threads took: 0.0000610 seconds
129.690: Application time: 0.2194820 seconds
129.690: [GC [PSYoungGen: 665760K->752K(666112K)] 920558K->255550K(1211392K), 0.0016870 secs] [Times: user=0.01 sys=0.00, real=0.00 secs] 
129.692: Total time for which application threads were stopped: 0.0018380 seconds, Stopping threads took: 0.0000790 seconds
129.852: Application time: 0.1601550 seconds
129.852: [GC [PSYoungGen: 665840K->608K(666112K)] 920638K->255406K(1211392K), 0.0016280 secs] [Times: user=0.01 sys=0.00, real=0.00 secs] 
129.854: Total time for which application threads were stopped: 0.0017860 seconds, Stopping threads took: 0.0000840 seconds
130.058: Application time: 0.2044280 seconds
130.058: [GC [PSYoungGen: 665696K->608K(666112K)] 920494K->255406K(1211392K), 0.0016770 secs] [Times: user=0.01 sys=0.00, real=0.01 secs] 
130.060: Total time for which application threads were stopped: 0.0018410 seconds, Stopping threads took: 0.0001000 seconds
130.250: Application time: 0.1893580 seconds
130.250: [GC [PSYoungGen: 665696K->800K(666112K)] 920494K->255598K(1211392K), 0.0016240 secs] [Times: user=0.01 sys=0.00, real=0.00 secs] 
130.251: Total time for which application threads were stopped: 0.0017410 seconds, Stopping threads took: 0.0000530 seconds
130.426: Application time: 0.1745390 seconds
130.426: [GC [PSYoungGen: 665888K->704K(666112K)] 920686K->255510K(1211392K), 0.0016710 secs] [Times: user=0.01 sys=0.00, real=0.01 secs] 
130.428: Total time for which application threads were stopped: 0.0018170 seconds, Stopping threads took: 0.0000760 seconds
130.654: Application time: 0.2259300 seconds
130.654: [GC [PSYoungGen: 665792K->672K(666112K)] 920598K->255486K(1211392K), 0.0016660 secs] [Times: user=0.01 sys=0.00, real=0.00 secs] 
130.655: Total time for which application threads were stopped: 0.0018060 seconds, Stopping threads took: 0.0000750 seconds
130.813: Application time: 0.1575240 seconds
130.813: [GC [PSYoungGen: 665760K->656K(666112K)] 920574K->255478K(1211392K), 0.0016820 secs] [Times: user=0.02 sys=0.00, real=0.00 secs] 
130.815: Total time for which application threads were stopped: 0.0018250 seconds, Stopping threads took: 0.0000750 seconds
130.994: Application time: 0.1793010 seconds
130.994: [GC [PSYoungGen: 665744K->592K(666112K)] 920566K->255422K(1211392K), 0.0016490 secs] [Times: user=0.01 sys=0.00, real=0.00 secs] 
130.996: Total time for which application threads were stopped: 0.0018070 seconds, Stopping threads took: 0.0000840 seconds
131.216: Application time: 0.2198710 seconds
131.216: [GC [PSYoungGen: 665680K->736K(666112K)] 920510K->255566K(1211392K), 0.0016570 secs] [Times: user=0.01 sys=0.00, real=0.00 secs] 
131.218: Total time for which application threads were stopped: 0.0017780 seconds, Stopping threads took: 0.0000490 seconds
131.377: Application time: 0.1594830 seconds
131.377: [GC [PSYoungGen: 665824K->576K(666112K)] 920654K->255406K(1211392K), 0.0016700 secs] [Times: user=0.00 sys=0.01, real=0.01 secs] 
131.379: Total time for which application threads were stopped: 0.0018060 seconds, Stopping threads took: 0.0000640 seconds
131.585: Application time: 0.2065510 seconds
131.585: [GC [PSYoungGen: 665664K->544K(666112K)] 920494K->255374K(1211392K), 0.0016130 secs] [Times: user=0.01 sys=0.00, real=0.01 secs] 
131.587: Total time for which application threads were stopped: 0.0017690 seconds, Stopping threads took: 0.0000740 seconds
131.778: Application time: 0.1912270 seconds
131.779: [GC [PSYoungGen: 665632K->864K(666112K)] 920462K->255694K(1211392K), 0.0017070 secs] [Times: user=0.01 sys=0.00, real=0.01 secs] 
131.780: Total time for which application threads were stopped: 0.0018800 seconds, Stopping threads took: 0.0001000 seconds
131.951: Application time: 0.1711970 seconds
131.952: [GC [PSYoungGen: 665952K->576K(666112K)] 920782K->255414K(1211392K), 0.0015150 secs] [Times: user=0.01 sys=0.00, real=0.00 secs] 
131.953: Total time for which application threads were stopped: 0.0016550 seconds, Stopping threads took: 0.0000690 seconds
132.181: Application time: 0.2277810 seconds
132.181: [GC [PSYoungGen: 665664K->576K(666112K)] 920502K->255422K(1211392K), 0.0016540 secs] [Times: user=0.01 sys=0.00, real=0.00 secs] 
132.183: Total time for which application threads were stopped: 0.0018170 seconds, Stopping threads took: 0.0000900 seconds
132.342: Application time: 0.1594470 seconds
132.342: [GC [PSYoungGen: 665664K->656K(666112K)] 920510K->255510K(1211392K), 0.0016760 secs] [Times: user=0.01 sys=0.00, real=0.00 secs] 
132.344: Total time for which application threads were stopped: 0.0018090 seconds, Stopping threads took: 0.0000620 seconds
132.527: Application time: 0.1827560 seconds
132.527: [GC [PSYoungGen: 665744K->608K(666112K)] 920598K->255470K(1211392K), 0.0016990 secs] [Times: user=0.02 sys=0.00, real=0.00 secs] 
132.529: Total time for which application threads were stopped: 0.0018640 seconds, Stopping threads took: 0.0000930 seconds
132.748: Application time: 0.2190750 seconds
132.748: [GC [PSYoungGen: 665696K->688K(666112K)] 920558K->255550K(1211392K), 0.0016870 secs] [Times: user=0.02 sys=0.00, real=0.00 secs] 
132.750: Total time for which application threads were stopped: 0.0018260 seconds, Stopping threads took: 0.0000550 seconds
132.909: Application time: 0.1592150 seconds
132.909: [GC [PSYoungGen: 665776K->688K(666112K)] 920638K->255550K(1211392K), 0.0016310 secs] [Times: user=0.01 sys=0.00, real=0.00 secs] 
132.910: Total time for which application threads were stopped: 0.0017770 seconds, Stopping threads took: 0.0000840 seconds
133.117: Application time: 0.2069440 seconds
133.118: [GC [PSYoungGen: 665776K->512K(666112K)] 920638K->255374K(1211392K), 0.0017950 secs] [Times: user=0.01 sys=0.00, real=0.01 secs] 
133.119: Total time for which application threads were stopped: 0.0019330 seconds, Stopping threads took: 0.0000690 seconds
133.305: Application time: 0.1860830 seconds
133.306: [GC [PSYoungGen: 665600K->768K(666112K)] 920462K->255630K(1211392K), 0.0016440 secs] [Times: user=0.01 sys=0.00, real=0.01 secs] 
133.307: Total time for which application threads were stopped: 0.0017980 seconds, Stopping threads took: 0.0000760 seconds
133.475: Application time: 0.1682040 seconds
133.476: [GC [PSYoungGen: 665856K->496K(666112K)] 920718K->255366K(1211392K), 0.0016940 secs] [Times: user=0.01 sys=0.00, real=0.00 secs] 
133.477: Total time for which application threads were stopped: 0.0018040 seconds, Stopping threads took: 0.0000460 seconds
133.706: Application time: 0.2283820 seconds
133.706: [GC [PSYoungGen: 665584K->592K(666112K)] 920454K->255470K(1211392K), 0.0017010 secs] [Times: user=0.01 sys=0.00, real=0.01 secs] 
133.708: Total time for which application threads were stopped: 0.0018520 seconds, Stopping threads took: 0.0000880 seconds
133.865: Application time: 0.1578700 seconds
133.866: [GC [PSYoungGen: 665680K->688K(666112K)] 920558K->255574K(1211392K), 0.0016500 secs] [Times: user=0.01 sys=0.00, real=0.01 secs] 
133.867: Total time for which application threads were stopped: 0.0017960 seconds, Stopping threads took: 0.0000680 seconds
134.052: Application time: 0.1844010 seconds
134.052: [GC [PSYoungGen: 665776K->704K(666112K)] 920662K->255598K(1211392K), 0.0017150 secs] [Times: user=0.01 sys=0.00, real=0.00 secs] 
134.053: Total time for which application threads were stopped: 0.0018600 seconds, Stopping threads took: 0.0000840 seconds
134.273: Application time: 0.2198830 seconds
134.273: [GC [PSYoungGen: 665792K->736K(666112K)] 920686K->255630K(1211392K), 0.0016890 secs] [Times: user=0.01 sys=0.00, real=0.00 secs] 
134.275: Total time for which application threads were stopped: 0.0018640 seconds, Stopping threads took: 0.0001050 seconds
134.434: Application time: 0.1590830 seconds
134.434: [GC [PSYoungGen: 665824K->656K(666112K)] 920718K->255550K(1211392K), 0.0017100 secs] [Times: user=0.01 sys=0.00, real=0.00 secs] 
134.436: Total time for which application threads were stopped: 0.0018440 seconds, Stopping threads took: 0.0000570 seconds
134.643: Application time: 0.2068130 seconds
134.643: [GC [PSYoungGen: 665744K->608K(666112K)] 920638K->255502K(1211392K), 0.0016710 secs] [Times: user=0.01 sys=0.00, real=0.00 secs] 
134.645: Total time for which application threads were stopped: 0.0018000 seconds, Stopping threads took: 0.0000590 seconds
134.836: Application time: 0.1909600 seconds
134.836: [GC [PSYoungGen: 665696K->688K(666112K)] 920590K->255582K(1211392K), 0.0016220 secs] [Times: user=0.01 sys=0.00, real=0.00 secs] 
134.837: Total time for which application threads were stopped: 0.0017540 seconds, Stopping threads took: 0.0000700 seconds
135.008: Application time: 0.1705930 seconds
135.008: [GC [PSYoungGen: 665776K->608K(666112K)] 920670K->255510K(1211392K), 0.0016930 secs] [Times: user=0.01 sys=0.00, real=0.00 secs] 
135.010: Total time for which application threads were stopped: 0.0018470 seconds, Stopping threads took: 0.0000820 seconds
135.237: Application time: 0.2273350 seconds
135.237: [GC [PSYoungGen: 665696K->576K(666112K)] 920598K->255486K(1211392K), 0.0016450 secs] [Times: user=0.01 sys=0.01, real=0.01 secs] 
135.239: Total time for which application threads were stopped: 0.0017800 seconds, Stopping threads took: 0.0000720 seconds
135.397: Application time: 0.1581140 seconds
135.397: [GC [PSYoungGen: 665664K->752K(666112K)] 920574K->255670K(1211392K), 0.0016730 secs] [Times: user=0.01 sys=0.00, real=0.01 secs] 
135.399: Total time for which application threads were stopped: 0.0018290 seconds, Stopping threads took: 0.0000860 seconds
135.585: Application time: 0.1860390 seconds
135.585: [GC [PSYoungGen: 665840K->688K(666112K)] 920758K->255606K(1211392K), 0.0016370 secs] [Times: user=0.01 sys=0.00, real=0.00 secs] 
135.587: Total time for which application threads were stopped: 0.0017760 seconds, Stopping threads took: 0.0000590 seconds
135.797: Application time: 0.2100160 seconds
135.797: [GC [PSYoungGen: 665776K->672K(666112K)] 920694K->255590K(1211392K), 0.0016440 secs] [Times: user=0.02 sys=0.00, real=0.00 secs] 
135.799: Total time for which application threads were stopped: 0.0017420 seconds, Stopping threads took: 0.0000340 seconds
135.966: Application time: 0.1672800 seconds
135.966: [GC [PSYoungGen: 665760K->496K(666112K)] 920678K->255414K(1211392K), 0.0016540 secs] [Times: user=0.01 sys=0.00, real=0.01 secs] 
135.968: Total time for which application threads were stopped: 0.0018080 seconds, Stopping threads took: 0.0000830 seconds
136.187: Application time: 0.2195560 seconds
136.187: [GC [PSYoungGen: 665584K->544K(666112K)] 920502K->255462K(1211392K), 0.0016810 secs] [Times: user=0.01 sys=0.00, real=0.00 secs] 
136.189: Total time for which application threads were stopped: 0.0018310 seconds, Stopping threads took: 0.0000770 seconds
136.318: Application time: 0.1291730 seconds
136.318: Total time for which application threads were stopped: 0.0000960 seconds, Stopping threads took: 0.0000690 seconds
136.366: Application time: 0.0480280 seconds
136.366: [GC [PSYoungGen: 665632K->576K(666112K)] 920550K->255494K(1211392K), 0.0017470 secs] [Times: user=0.02 sys=0.00, real=0.01 secs] 
136.368: Total time for which application threads were stopped: 0.0018650 seconds, Stopping threads took: 0.0000470 seconds
136.467: Application time: 0.0991100 seconds
136.467: Total time for which application threads were stopped: 0.0000650 seconds, Stopping threads took: 0.0000380 seconds
136.587: Application time: 0.1193680 seconds
136.587: Total time for which application threads were stopped: 0.0000770 seconds, Stopping threads took: 0.0000500 seconds
136.614: Application time: 0.0274750 seconds
136.614: [GC [PSYoungGen: 665664K->512K(666112K)] 920582K->255438K(1211392K), 0.0032390 secs] [Times: user=0.02 sys=0.00, real=0.00 secs] 
136.618: Total time for which application threads were stopped: 0.0033480 seconds, Stopping threads took: 0.0000480 seconds
136.620: Application time: 0.0026760 seconds
136.620: Total time for which application threads were stopped: 0.0000480 seconds, Stopping threads took: 0.0000240 seconds
136.726: Application time: 0.1053680 seconds
136.726: Total time for which application threads were stopped: 0.0000880 seconds, Stopping threads took: 0.0000530 seconds
136.788: Application time: 0.0617470 seconds
136.788: Total time for which application threads were stopped: 0.0000640 seconds, Stopping threads took: 0.0000420 seconds
136.788: Application time: 0.0000970 seconds
136.788: Total time for which application threads were stopped: 0.0000400 seconds, Stopping threads took: 0.0000190 seconds
136.788: Application time: 0.0000250 seconds
136.788: Total time for which application threads were stopped: 0.0000490 seconds, Stopping threads took: 0.0000300 seconds
136.952: Application time: 0.1643840 seconds
136.952: [GC [PSYoungGen: 665600K->720K(666112K)] 920526K->255654K(1211392K), 0.0016660 secs] [Times: user=0.01 sys=0.00, real=0.00 secs] 
136.954: Total time for which application threads were stopped: 0.0017980 seconds, Stopping threads took: 0.0000580 seconds
137.104: Application time: 0.1502180 seconds
137.104: [GC [PSYoungGen: 665808K->736K(666112K)] 920742K->255678K(1211392K), 0.0017480 secs] [Times: user=0.01 sys=0.00, real=0.00 secs] 
137.106: Total time for which application threads were stopped: 0.0018590 seconds, Stopping threads took: 0.0000420 seconds
137.256: Application time: 0.1499060 seconds
137.256: [GC [PSYoungGen: 665824K->688K(666112K)] 920766K->255638K(1211392K), 0.0016650 secs] [Times: user=0.01 sys=0.00, real=0.00 secs] 
137.258: Total time for which application threads were stopped: 0.0018150 seconds, Stopping threads took: 0.0000780 seconds
137.519: Application time: 0.2608430 seconds
137.519: [GC [PSYoungGen: 665776K->656K(666112K)] 920726K->255606K(1211392K), 0.0016700 secs] [Times: user=0.02 sys=0.00, real=0.00 secs] 
137.521: Total time for which application threads were stopped: 0.0018070 seconds, Stopping threads took: 0.0000630 seconds
137.671: Application time: 0.1501380 seconds
137.671: [GC [PSYoungGen: 665744K->752K(666112K)] 920694K->255702K(1211392K), 0.0016580 secs] [Times: user=0.01 sys=0.00, real=0.00 secs] 
137.672: Total time for which application threads were stopped: 0.0018150 seconds, Stopping threads took: 0.0000830 seconds
137.826: Application time: 0.1536900 seconds
137.826: [GC [PSYoungGen: 665840K->400K(666112K)] 920790K->255350K(1211392K), 0.0016610 secs] [Times: user=0.01 sys=0.00, real=0.01 secs] 
137.828: Total time for which application threads were stopped: 0.0018390 seconds, Stopping threads took: 0.0001010 seconds
138.086: Application time: 0.2581400 seconds
138.086: [GC [PSYoungGen: 665488K->768K(666112K)] 920438K->255718K(1211392K), 0.0016560 secs] [Times: user=0.01 sys=0.00, real=0.01 secs] 
138.088: Total time for which application threads were stopped: 0.0017840 seconds, Stopping threads took: 0.0000580 seconds
138.237: Application time: 0.1495470 seconds
138.238: [GC [PSYoungGen: 665856K->640K(666112K)] 920806K->255598K(1211392K), 0.0017200 secs] [Times: user=0.02 sys=0.00, real=0.01 secs] 
138.239: Total time for which application threads were stopped: 0.0018900 seconds, Stopping threads took: 0.0001000 seconds
138.500: Application time: 0.2605810 seconds
138.500: [GC [PSYoungGen: 665728K->832K(666112K)] 920686K->255790K(1211392K), 0.0016580 secs] [Times: user=0.01 sys=0.00, real=0.00 secs] 
138.502: Total time for which application threads were stopped: 0.0017980 seconds, Stopping threads took: 0.0000660 seconds
138.652: Application time: 0.1501060 seconds
138.652: [GC [PSYoungGen: 665920K->688K(666112K)] 920878K->255654K(1211392K), 0.0015050 secs] [Times: user=0.01 sys=0.00, real=0.00 secs] 
138.654: Total time for which application threads were stopped: 0.0016460 seconds, Stopping threads took: 0.0000690 seconds
138.804: Application time: 0.1501480 seconds
138.804: [GC [PSYoungGen: 665776K->832K(666112K)] 920742K->255806K(1211392K), 0.0017580 secs] [Times: user=0.01 sys=0.00, real=0.00 secs] 
138.806: Total time for which application threads were stopped: 0.0018900 seconds, Stopping threads took: 0.0000630 seconds
139.066: Application time: 0.2608600 seconds
139.067: [GC [PSYoungGen: 665920K->768K(666112K)] 920894K->255742K(1211392K), 0.0017360 secs] [Times: user=0.02 sys=0.00, real=0.01 secs] 
139.068: Total time for which application threads were stopped: 0.0018930 seconds, Stopping threads took: 0.0000730 seconds
139.218: Application time: 0.1500590 seconds
139.219: [GC [PSYoungGen: 665856K->736K(666112K)] 920830K->255710K(1211392K), 0.0017650 secs] [Times: user=0.01 sys=0.01, real=0.01 secs] 
139.220: Total time for which application threads were stopped: 0.0018970 seconds, Stopping threads took: 0.0000640 seconds
139.371: Application time: 0.1505510 seconds
139.371: [GC [PSYoungGen: 665824K->496K(666112K)] 920798K->255470K(1211392K), 0.0016430 secs] [Times: user=0.01 sys=0.00, real=0.00 secs] 
139.373: Total time for which application threads were stopped: 0.0017790 seconds, Stopping threads took: 0.0000740 seconds
139.632: Application time: 0.2593510 seconds
139.632: [GC [PSYoungGen: 665584K->688K(666112K)] 920558K->255662K(1211392K), 0.0016180 secs] [Times: user=0.01 sys=0.00, real=0.00 secs] 
139.634: Total time for which application threads were stopped: 0.0017450 seconds, Stopping threads took: 0.0000530 seconds
139.786: Application time: 0.1525460 seconds
139.786: [GC [PSYoungGen: 665776K->768K(666112K)] 920750K->255774K(1211392K), 0.0016620 secs] [Times: user=0.01 sys=0.00, real=0.01 secs] 
139.788: Total time for which application threads were stopped: 0.0017940 seconds, Stopping threads took: 0.0000610 seconds
140.046: Application time: 0.2583570 seconds
140.047: [GC [PSYoungGen: 665856K->480K(666112K)] 920862K->255486K(1211392K), 0.0018150 secs] [Times: user=0.01 sys=0.00, real=0.01 secs] 
140.048: Total time for which application threads were stopped: 0.0019550 seconds, Stopping threads took: 0.0000680 seconds
140.201: Application time: 0.1524950 seconds
140.201: [GC [PSYoungGen: 665568K->736K(666112K)] 920574K->255742K(1211392K), 0.0016890 secs] [Times: user=0.01 sys=0.00, real=0.00 secs] 
140.203: Total time for which application threads were stopped: 0.0018360 seconds, Stopping threads took: 0.0000640 seconds
140.352: Application time: 0.1496210 seconds
140.352: [GC [PSYoungGen: 665824K->752K(666112K)] 920830K->255758K(1211392K), 0.0017670 secs] [Times: user=0.01 sys=0.00, real=0.00 secs] 
140.354: Total time for which application threads were stopped: 0.0019290 seconds, Stopping threads took: 0.0000900 seconds
140.624: Application time: 0.2693070 seconds
140.624: [GC [PSYoungGen: 665840K->816K(666112K)] 920846K->255822K(1211392K), 0.0017080 secs] [Times: user=0.01 sys=0.00, real=0.00 secs] 
140.625: Total time for which application threads were stopped: 0.0018410 seconds, Stopping threads took: 0.0000650 seconds
140.776: Application time: 0.1505540 seconds
140.776: [GC [PSYoungGen: 665904K->784K(666112K)] 920910K->255790K(1211392K), 0.0016740 secs] [Times: user=0.01 sys=0.00, real=0.00 secs] 
140.778: Total time for which application threads were stopped: 0.0018030 seconds, Stopping threads took: 0.0000570 seconds
140.937: Application time: 0.1593370 seconds
140.937: [GC [PSYoungGen: 665872K->480K(666112K)] 920878K->255486K(1211392K), 0.0018630 secs] [Times: user=0.02 sys=0.00, real=0.01 secs] 
140.939: Total time for which application threads were stopped: 0.0020200 seconds, Stopping threads took: 0.0000900 seconds
141.192: Application time: 0.2527780 seconds
141.192: [GC [PSYoungGen: 665568K->720K(666112K)] 920574K->255726K(1211392K), 0.0018330 secs] [Times: user=0.02 sys=0.00, real=0.00 secs] 
141.194: Total time for which application threads were stopped: 0.0019860 seconds, Stopping threads took: 0.0000720 seconds
141.343: Application time: 0.1495340 seconds
141.344: [GC [PSYoungGen: 665808K->640K(666112K)] 920814K->255678K(1211392K), 0.0016720 secs] [Times: user=0.01 sys=0.00, real=0.00 secs] 
141.345: Total time for which application threads were stopped: 0.0018000 seconds, Stopping threads took: 0.0000480 seconds
141.598: Application time: 0.2531320 seconds
141.599: [GC [PSYoungGen: 665728K->624K(666112K)] 920766K->255662K(1211392K), 0.0016730 secs] [Times: user=0.02 sys=0.00, real=0.01 secs] 
141.600: Total time for which application threads were stopped: 0.0018230 seconds, Stopping threads took: 0.0000870 seconds
141.759: Application time: 0.1583950 seconds
141.759: [GC [PSYoungGen: 665712K->704K(666112K)] 920750K->255742K(1211392K), 0.0018390 secs] [Times: user=0.01 sys=0.00, real=0.01 secs] 
141.761: Total time for which application threads were stopped: 0.0019850 seconds, Stopping threads took: 0.0000800 seconds
141.910: Application time: 0.1497860 seconds
141.911: [GC [PSYoungGen: 665792K->800K(666112K)] 920830K->255838K(1211392K), 0.0017360 secs] [Times: user=0.01 sys=0.00, real=0.00 secs] 
141.912: Total time for which application threads were stopped: 0.0018890 seconds, Stopping threads took: 0.0000760 seconds
142.173: Application time: 0.2605570 seconds
142.173: [GC [PSYoungGen: 665888K->752K(666112K)] 920926K->255790K(1211392K), 0.0016900 secs] [Times: user=0.01 sys=0.00, real=0.00 secs] 
142.175: Total time for which application threads were stopped: 0.0018330 seconds, Stopping threads took: 0.0000770 seconds
142.325: Application time: 0.1504570 seconds
142.325: [GC [PSYoungGen: 665840K->768K(666112K)] 920878K->255806K(1211392K), 0.0018150 secs] [Times: user=0.02 sys=0.00, real=0.01 secs] 
142.327: Total time for which application threads were stopped: 0.0019570 seconds, Stopping threads took: 0.0000750 seconds
142.486: Application time: 0.1591590 seconds
142.486: [GC [PSYoungGen: 665856K->464K(666112K)] 920894K->255502K(1211392K), 0.0016950 secs] [Times: user=0.02 sys=0.00, real=0.01 secs] 
142.488: Total time for which application threads were stopped: 0.0018690 seconds, Stopping threads took: 0.0000940 seconds
142.740: Application time: 0.2518590 seconds
142.740: [GC [PSYoungGen: 665552K->752K(666112K)] 920590K->255790K(1211392K), 0.0016900 secs] [Times: user=0.01 sys=0.00, real=0.00 secs] 
142.742: Total time for which application threads were stopped: 0.0018280 seconds, Stopping threads took: 0.0000680 seconds
142.892: Application time: 0.1497180 seconds
142.892: [GC [PSYoungGen: 665840K->704K(666112K)] 920878K->255750K(1211392K), 0.0016680 secs] [Times: user=0.01 sys=0.00, real=0.00 secs] 
142.893: Total time for which application threads were stopped: 0.0018090 seconds, Stopping threads took: 0.0000770 seconds
143.145: Application time: 0.2516590 seconds
143.145: [GC [PSYoungGen: 665792K->576K(666112K)] 920838K->255622K(1211392K), 0.0016930 secs] [Times: user=0.01 sys=0.00, real=0.01 secs] 
143.147: Total time for which application threads were stopped: 0.0018570 seconds, Stopping threads took: 0.0000830 seconds
143.306: Application time: 0.1591760 seconds
143.306: [GC [PSYoungGen: 665664K->624K(666112K)] 920710K->255670K(1211392K), 0.0016960 secs] [Times: user=0.01 sys=0.00, real=0.01 secs] 
143.308: Total time for which application threads were stopped: 0.0018150 seconds, Stopping threads took: 0.0000530 seconds
143.458: Application time: 0.1499850 seconds
143.458: [GC [PSYoungGen: 665712K->848K(666112K)] 920758K->255894K(1211392K), 0.0017190 secs] [Times: user=0.01 sys=0.00, real=0.01 secs] 
143.460: Total time for which application threads were stopped: 0.0018680 seconds, Stopping threads took: 0.0000830 seconds
143.719: Application time: 0.2595570 seconds
143.719: [GC [PSYoungGen: 665936K->640K(666112K)] 920982K->255686K(1211392K), 0.0018120 secs] [Times: user=0.01 sys=0.00, real=0.00 secs] 
143.721: Total time for which application threads were stopped: 0.0019530 seconds, Stopping threads took: 0.0000620 seconds
143.872: Application time: 0.1510530 seconds
143.872: [GC [PSYoungGen: 665728K->768K(666112K)] 920774K->255814K(1211392K), 0.0016750 secs] [Times: user=0.01 sys=0.00, real=0.00 secs] 
143.874: Total time for which application threads were stopped: 0.0018160 seconds, Stopping threads took: 0.0000780 seconds
144.034: Application time: 0.1598040 seconds
144.034: [GC [PSYoungGen: 665856K->464K(666112K)] 920902K->255510K(1211392K), 0.0016940 secs] [Times: user=0.01 sys=0.00, real=0.00 secs] 
144.036: Total time for which application threads were stopped: 0.0018450 seconds, Stopping threads took: 0.0000880 seconds
144.289: Application time: 0.2530750 seconds
144.289: [GC [PSYoungGen: 665552K->704K(666112K)] 920598K->255750K(1211392K), 0.0015310 secs] [Times: user=0.01 sys=0.00, real=0.00 secs] 
144.291: Total time for which application threads were stopped: 0.0016890 seconds, Stopping threads took: 0.0000800 seconds
144.441: Application time: 0.1500610 seconds
144.441: [GC [PSYoungGen: 665792K->672K(666112K)] 920838K->255726K(1211392K), 0.0016590 secs] [Times: user=0.01 sys=0.00, real=0.00 secs] 
144.442: Total time for which application threads were stopped: 0.0017920 seconds, Stopping threads took: 0.0000700 seconds
144.692: Application time: 0.2492130 seconds
144.692: [GC [PSYoungGen: 665760K->528K(666112K)] 920814K->255582K(1211392K), 0.0017420 secs] [Times: user=0.01 sys=0.00, real=0.00 secs] 
144.694: Total time for which application threads were stopped: 0.0018810 seconds, Stopping threads took: 0.0000700 seconds
144.855: Application time: 0.1619500 seconds
144.856: [GC [PSYoungGen: 665616K->768K(666112K)] 920670K->255822K(1211392K), 0.0016550 secs] [Times: user=0.01 sys=0.00, real=0.00 secs] 
144.857: Total time for which application threads were stopped: 0.0018010 seconds, Stopping threads took: 0.0000710 seconds
145.007: Application time: 0.1496630 seconds
145.007: [GC [PSYoungGen: 665856K->768K(666112K)] 920910K->255822K(1211392K), 0.0017970 secs] [Times: user=0.02 sys=0.00, real=0.00 secs] 
145.009: Total time for which application threads were stopped: 0.0019020 seconds, Stopping threads took: 0.0000410 seconds
145.266: Application time: 0.2576470 seconds
145.267: [GC [PSYoungGen: 665856K->704K(666112K)] 920910K->255758K(1211392K), 0.0017160 secs] [Times: user=0.01 sys=0.00, real=0.01 secs] 
145.268: Total time for which application threads were stopped: 0.0018770 seconds, Stopping threads took: 0.0000890 seconds
145.422: Application time: 0.1537300 seconds
145.422: [GC [PSYoungGen: 665792K->736K(666112K)] 920846K->255790K(1211392K), 0.0016790 secs] [Times: user=0.01 sys=0.00, real=0.00 secs] 
145.424: Total time for which application threads were stopped: 0.0018410 seconds, Stopping threads took: 0.0000880 seconds
145.583: Application time: 0.1587560 seconds
145.583: [GC [PSYoungGen: 665824K->432K(666112K)] 920878K->255486K(1211392K), 0.0016770 secs] [Times: user=0.01 sys=0.00, real=0.00 secs] 
145.585: Total time for which application threads were stopped: 0.0018400 seconds, Stopping threads took: 0.0001020 seconds
145.835: Application time: 0.2504530 seconds
145.835: [GC [PSYoungGen: 665520K->640K(666112K)] 920574K->255694K(1211392K), 0.0018120 secs] [Times: user=0.01 sys=0.00, real=0.00 secs] 
145.837: Total time for which application threads were stopped: 0.0019460 seconds, Stopping threads took: 0.0000670 seconds
145.987: Application time: 0.1497290 seconds
145.987: [GC [PSYoungGen: 665728K->688K(666112K)] 920782K->255750K(1211392K), 0.0017280 secs] [Times: user=0.01 sys=0.00, real=0.00 secs] 
145.989: Total time for which application threads were stopped: 0.0018990 seconds, Stopping threads took: 0.0000860 seconds
146.235: Application time: 0.2466920 seconds
146.235: [GC [PSYoungGen: 665776K->528K(666112K)] 920838K->255590K(1211392K), 0.0016840 secs] [Times: user=0.01 sys=0.00, real=0.00 secs] 
146.237: Total time for which application threads were stopped: 0.0018300 seconds, Stopping threads took: 0.0000760 seconds
146.402: Application time: 0.1646950 seconds
146.402: [GC [PSYoungGen: 665616K->688K(666112K)] 920678K->255750K(1211392K), 0.0018260 secs] [Times: user=0.01 sys=0.00, real=0.00 secs] 
146.404: Total time for which application threads were stopped: 0.0019790 seconds, Stopping threads took: 0.0000800 seconds
146.553: Application time: 0.1490680 seconds
146.553: [GC [PSYoungGen: 665776K->704K(666112K)] 920838K->255766K(1211392K), 0.0016720 secs] [Times: user=0.01 sys=0.00, real=0.00 secs] 
146.555: Total time for which application threads were stopped: 0.0018090 seconds, Stopping threads took: 0.0000660 seconds
146.811: Application time: 0.2561820 seconds
146.811: [GC [PSYoungGen: 665792K->656K(666112K)] 920854K->255718K(1211392K), 0.0017410 secs] [Times: user=0.01 sys=0.00, real=0.00 secs] 
146.813: Total time for which application threads were stopped: 0.0018960 seconds, Stopping threads took: 0.0000850 seconds
146.968: Application time: 0.1552870 seconds
146.968: [GC [PSYoungGen: 665744K->720K(666112K)] 920806K->255782K(1211392K), 0.0017000 secs] [Times: user=0.01 sys=0.00, real=0.00 secs] 
146.970: Total time for which application threads were stopped: 0.0018310 seconds, Stopping threads took: 0.0000590 seconds
147.127: Application time: 0.1573850 seconds
147.127: [GC [PSYoungGen: 665808K->480K(666112K)] 920870K->255542K(1211392K), 0.0016910 secs] [Times: user=0.01 sys=0.00, real=0.00 secs] 
147.129: Total time for which application threads were stopped: 0.0018450 seconds, Stopping threads took: 0.0000810 seconds
147.382: Application time: 0.2531660 seconds
147.382: [GC [PSYoungGen: 665568K->576K(666112K)] 920630K->255638K(1211392K), 0.0017090 secs] [Times: user=0.01 sys=0.00, real=0.00 secs] 
147.384: Total time for which application threads were stopped: 0.0018360 seconds, Stopping threads took: 0.0000590 seconds
147.537: Application time: 0.1525780 seconds
147.537: [GC [PSYoungGen: 665664K->720K(666112K)] 920726K->255790K(1211392K), 0.0018240 secs] [Times: user=0.02 sys=0.00, real=0.00 secs] 
147.539: Total time for which application threads were stopped: 0.0019380 seconds, Stopping threads took: 0.0000520 seconds
147.783: Application time: 0.2448480 seconds
147.784: [GC [PSYoungGen: 665808K->464K(666112K)] 920878K->255534K(1211392K), 0.0016700 secs] [Times: user=0.01 sys=0.00, real=0.00 secs] 
147.785: Total time for which application threads were stopped: 0.0018290 seconds, Stopping threads took: 0.0000840 seconds
147.953: Application time: 0.1677990 seconds
147.953: [GC [PSYoungGen: 665552K->800K(666112K)] 920622K->255870K(1211392K), 0.0017080 secs] [Times: user=0.01 sys=0.00, real=0.00 secs] 
147.955: Total time for which application threads were stopped: 0.0018360 seconds, Stopping threads took: 0.0000660 seconds
148.104: Application time: 0.1492460 seconds
148.104: [GC [PSYoungGen: 665888K->736K(666112K)] 920958K->255806K(1211392K), 0.0016770 secs] [Times: user=0.01 sys=0.00, real=0.00 secs] 
148.106: Total time for which application threads were stopped: 0.0017940 seconds, Stopping threads took: 0.0000520 seconds
148.361: Application time: 0.2549810 seconds
148.361: [GC [PSYoungGen: 665824K->720K(666112K)] 920894K->255790K(1211392K), 0.0017310 secs] [Times: user=0.01 sys=0.00, real=0.00 secs] 
148.363: Total time for which application threads were stopped: 0.0018970 seconds, Stopping threads took: 0.0000810 seconds
148.518: Application time: 0.1551440 seconds
148.518: [GC [PSYoungGen: 665808K->704K(666112K)] 920878K->255774K(1211392K), 0.0017030 secs] [Times: user=0.01 sys=0.00, real=0.01 secs] 
148.520: Total time for which application threads were stopped: 0.0018420 seconds, Stopping threads took: 0.0000660 seconds
148.678: Application time: 0.1583970 seconds
148.678: [GC [PSYoungGen: 665792K->432K(666112K)] 920862K->255502K(1211392K), 0.0016960 secs] [Times: user=0.01 sys=0.00, real=0.01 secs] 
148.680: Total time for which application threads were stopped: 0.0018550 seconds, Stopping threads took: 0.0000950 seconds
148.932: Application time: 0.2522180 seconds
148.932: [GC [PSYoungGen: 665520K->624K(666112K)] 920590K->255694K(1211392K), 0.0016960 secs] [Times: user=0.01 sys=0.00, real=0.00 secs] 
148.934: Total time for which application threads were stopped: 0.0018340 seconds, Stopping threads took: 0.0000540 seconds
149.086: Application time: 0.1517250 seconds
149.086: [GC [PSYoungGen: 665712K->640K(666112K)] 920782K->255726K(1211392K), 0.0016980 secs] [Times: user=0.01 sys=0.00, real=0.01 secs] 
149.088: Total time for which application threads were stopped: 0.0018220 seconds, Stopping threads took: 0.0000600 seconds
149.331: Application time: 0.2428020 seconds
149.331: [GC [PSYoungGen: 665728K->368K(666112K)] 920814K->255454K(1211392K), 0.0016950 secs] [Times: user=0.01 sys=0.00, real=0.00 secs] 
149.332: Total time for which application threads were stopped: 0.0018670 seconds, Stopping threads took: 0.0000950 seconds
149.500: Application time: 0.1676030 seconds
149.500: [GC [PSYoungGen: 665456K->736K(666112K)] 920542K->255822K(1211392K), 0.0017350 secs] [Times: user=0.01 sys=0.00, real=0.00 secs] 
149.502: Total time for which application threads were stopped: 0.0018750 seconds, Stopping threads took: 0.0000550 seconds
149.652: Application time: 0.1502280 seconds
149.652: [GC [PSYoungGen: 665824K->704K(666112K)] 920910K->255790K(1211392K), 0.0016900 secs] [Times: user=0.01 sys=0.00, real=0.00 secs] 
149.654: Total time for which application threads were stopped: 0.0018140 seconds, Stopping threads took: 0.0000590 seconds
149.909: Application time: 0.2554190 seconds
149.909: [GC [PSYoungGen: 665792K->704K(666112K)] 920878K->255790K(1211392K), 0.0016900 secs] [Times: user=0.01 sys=0.00, real=0.00 secs] 
149.911: Total time for which application threads were stopped: 0.0018160 seconds, Stopping threads took: 0.0000630 seconds
150.067: Application time: 0.1562950 seconds
150.068: [GC [PSYoungGen: 665792K->688K(666112K)] 920878K->255774K(1211392K), 0.0017160 secs] [Times: user=0.01 sys=0.00, real=0.00 secs] 
150.069: Total time for which application threads were stopped: 0.0018880 seconds, Stopping threads took: 0.0000950 seconds
150.228: Application time: 0.1589680 seconds
150.228: [GC [PSYoungGen: 665776K->480K(666112K)] 920862K->255566K(1211392K), 0.0016780 secs] [Times: user=0.02 sys=0.00, real=0.00 secs] 
150.230: Total time for which application threads were stopped: 0.0018180 seconds, Stopping threads took: 0.0000670 seconds
150.482: Application time: 0.2517050 seconds
150.482: [GC [PSYoungGen: 665568K->672K(666112K)] 920654K->255758K(1211392K), 0.0018310 secs] [Times: user=0.01 sys=0.00, real=0.00 secs] 
150.484: Total time for which application threads were stopped: 0.0019910 seconds, Stopping threads took: 0.0000860 seconds
150.636: Application time: 0.1524620 seconds
150.636: [GC [PSYoungGen: 665760K->592K(666112K)] 920846K->255686K(1211392K), 0.0016780 secs] [Times: user=0.01 sys=0.00, real=0.00 secs] 
150.638: Total time for which application threads were stopped: 0.0018120 seconds, Stopping threads took: 0.0000540 seconds
150.878: Application time: 0.2401160 seconds
150.878: [GC [PSYoungGen: 665680K->480K(666112K)] 920774K->255574K(1211392K), 0.0016990 secs] [Times: user=0.01 sys=0.00, real=0.01 secs] 
150.880: Total time for which application threads were stopped: 0.0018750 seconds, Stopping threads took: 0.0001010 seconds
151.051: Application time: 0.1708860 seconds
151.051: [GC [PSYoungGen: 665568K->800K(666112K)] 920662K->255894K(1211392K), 0.0016920 secs] [Times: user=0.01 sys=0.00, real=0.00 secs] 
151.053: Total time for which application threads were stopped: 0.0018390 seconds, Stopping threads took: 0.0000850 seconds
151.202: Application time: 0.1492150 seconds
151.202: [GC [PSYoungGen: 665888K->752K(666112K)] 920982K->255846K(1211392K), 0.0016930 secs] [Times: user=0.01 sys=0.00, real=0.00 secs] 
151.204: Total time for which application threads were stopped: 0.0018250 seconds, Stopping threads took: 0.0000580 seconds
151.458: Application time: 0.2537870 seconds
151.458: [GC [PSYoungGen: 665840K->704K(666112K)] 920934K->255798K(1211392K), 0.0016960 secs] [Times: user=0.01 sys=0.00, real=0.01 secs] 
151.460: Total time for which application threads were stopped: 0.0018230 seconds, Stopping threads took: 0.0000550 seconds
151.618: Application time: 0.1589020 seconds
151.619: [GC [PSYoungGen: 665792K->672K(666112K)] 920886K->255766K(1211392K), 0.0017750 secs] [Times: user=0.02 sys=0.00, real=0.01 secs] 
151.620: Total time for which application threads were stopped: 0.0019070 seconds, Stopping threads took: 0.0000620 seconds
151.782: Application time: 0.1614860 seconds
151.782: [GC [PSYoungGen: 665760K->480K(666112K)] 920854K->255574K(1211392K), 0.0018070 secs] [Times: user=0.01 sys=0.00, real=0.00 secs] 
151.784: Total time for which application threads were stopped: 0.0019460 seconds, Stopping threads took: 0.0000630 seconds
152.031: Application time: 0.2471110 seconds
152.031: [GC [PSYoungGen: 665568K->736K(666112K)] 920662K->255830K(1211392K), 0.0017170 secs] [Times: user=0.01 sys=0.00, real=0.00 secs] 
152.033: Total time for which application threads were stopped: 0.0018480 seconds, Stopping threads took: 0.0000590 seconds
152.186: Application time: 0.1532020 seconds
152.186: [GC [PSYoungGen: 665824K->720K(666112K)] 920918K->255822K(1211392K), 0.0017060 secs] [Times: user=0.01 sys=0.00, real=0.01 secs] 
152.188: Total time for which application threads were stopped: 0.0018830 seconds, Stopping threads took: 0.0001070 seconds
152.426: Application time: 0.2378030 seconds
152.426: [GC [PSYoungGen: 665808K->512K(666112K)] 920910K->255614K(1211392K), 0.0016870 secs] [Times: user=0.01 sys=0.00, real=0.01 secs] 
152.427: Total time for which application threads were stopped: 0.0018270 seconds, Stopping threads took: 0.0000660 seconds
152.602: Application time: 0.1748350 seconds
152.602: [GC [PSYoungGen: 665600K->656K(666112K)] 920702K->255758K(1211392K), 0.0016900 secs] [Times: user=0.01 sys=0.00, real=0.00 secs] 
152.604: Total time for which application threads were stopped: 0.0018390 seconds, Stopping threads took: 0.0000860 seconds
152.756: Application time: 0.1514500 seconds
152.756: [GC [PSYoungGen: 665744K->688K(666112K)] 920846K->255790K(1211392K), 0.0016810 secs] [Times: user=0.01 sys=0.00, real=0.00 secs] 
152.757: Total time for which application threads were stopped: 0.0018080 seconds, Stopping threads took: 0.0000610 seconds
153.009: Application time: 0.2515580 seconds
153.009: [GC [PSYoungGen: 665776K->688K(666112K)] 920878K->255790K(1211392K), 0.0017660 secs] [Times: user=0.01 sys=0.00, real=0.00 secs] 
153.011: Total time for which application threads were stopped: 0.0019200 seconds, Stopping threads took: 0.0000700 seconds
153.171: Application time: 0.1596870 seconds
153.171: [GC [PSYoungGen: 665776K->592K(666112K)] 920878K->255694K(1211392K), 0.0017090 secs] [Times: user=0.01 sys=0.00, real=0.00 secs] 
153.172: Total time for which application threads were stopped: 0.0018330 seconds, Stopping threads took: 0.0000500 seconds
153.337: Application time: 0.1645240 seconds
153.337: [GC [PSYoungGen: 665680K->448K(666112K)] 920782K->255550K(1211392K), 0.0016810 secs] [Times: user=0.01 sys=0.00, real=0.00 secs] 
153.339: Total time for which application threads were stopped: 0.0018390 seconds, Stopping threads took: 0.0000910 seconds
153.582: Application time: 0.2431720 seconds
153.582: [GC [PSYoungGen: 665536K->752K(666112K)] 920638K->255854K(1211392K), 0.0017250 secs] [Times: user=0.01 sys=0.00, real=0.00 secs] 
153.584: Total time for which application threads were stopped: 0.0018730 seconds, Stopping threads took: 0.0000670 seconds
153.739: Application time: 0.1555450 seconds
153.739: [GC [PSYoungGen: 665840K->768K(666112K)] 920942K->255878K(1211392K), 0.0017370 secs] [Times: user=0.01 sys=0.00, real=0.00 secs] 
153.741: Total time for which application threads were stopped: 0.0018690 seconds, Stopping threads took: 0.0000640 seconds
153.980: Application time: 0.2387760 seconds
153.980: [GC [PSYoungGen: 665856K->528K(666112K)] 920966K->255638K(1211392K), 0.0016870 secs] [Times: user=0.01 sys=0.00, real=0.00 secs] 
153.982: Total time for which application threads were stopped: 0.0018230 seconds, Stopping threads took: 0.0000710 seconds
154.151: Application time: 0.1695230 seconds
154.152: [GC [PSYoungGen: 665616K->704K(666112K)] 920726K->255814K(1211392K), 0.0017040 secs] [Times: user=0.01 sys=0.00, real=0.00 secs] 
154.153: Total time for which application threads were stopped: 0.0018600 seconds, Stopping threads took: 0.0000860 seconds
154.305: Application time: 0.1514130 seconds
154.305: [GC [PSYoungGen: 665792K->688K(666112K)] 920902K->255798K(1211392K), 0.0017900 secs] [Times: user=0.02 sys=0.00, real=0.00 secs] 
154.307: Total time for which application threads were stopped: 0.0019090 seconds, Stopping threads took: 0.0000510 seconds
154.556: Application time: 0.2497120 seconds
154.556: [GC [PSYoungGen: 665776K->640K(666112K)] 920886K->255750K(1211392K), 0.0017330 secs] [Times: user=0.01 sys=0.00, real=0.00 secs] 
154.558: Total time for which application threads were stopped: 0.0019000 seconds, Stopping threads took: 0.0001030 seconds
154.722: Application time: 0.1634400 seconds
154.722: [GC [PSYoungGen: 665728K->672K(666112K)] 920838K->255782K(1211392K), 0.0017070 secs] [Times: user=0.02 sys=0.00, real=0.00 secs] 
154.723: Total time for which application threads were stopped: 0.0018500 seconds, Stopping threads took: 0.0000630 seconds
154.885: Application time: 0.1615930 seconds
154.887: [GC [PSYoungGen: 665760K->448K(666112K)] 920870K->255558K(1211392K), 0.0017900 secs] [Times: user=0.01 sys=0.00, real=0.00 secs] 
154.889: Total time for which application threads were stopped: 0.0036410 seconds, Stopping threads took: 0.0017870 seconds
155.131: Application time: 0.2422490 seconds
155.131: [GC [PSYoungGen: 665536K->800K(666112K)] 920646K->255910K(1211392K), 0.0017100 secs] [Times: user=0.01 sys=0.00, real=0.00 secs] 
155.133: Total time for which application threads were stopped: 0.0018790 seconds, Stopping threads took: 0.0001030 seconds
155.289: Application time: 0.1563160 seconds
155.289: [GC [PSYoungGen: 665888K->688K(666112K)] 920998K->255806K(1211392K), 0.0017010 secs] [Times: user=0.01 sys=0.00, real=0.00 secs] 
155.291: Total time for which application threads were stopped: 0.0018780 seconds, Stopping threads took: 0.0001010 seconds
155.530: Application time: 0.2390010 seconds
155.530: [GC [PSYoungGen: 665776K->448K(666112K)] 920894K->255574K(1211392K), 0.0017530 secs] [Times: user=0.01 sys=0.00, real=0.00 secs] 
155.532: Total time for which application threads were stopped: 0.0019200 seconds, Stopping threads took: 0.0001040 seconds
155.702: Application time: 0.1702820 seconds
155.702: [GC [PSYoungGen: 665536K->816K(666112K)] 920662K->255942K(1211392K), 0.0017190 secs] [Times: user=0.01 sys=0.00, real=0.00 secs] 
155.704: Total time for which application threads were stopped: 0.0018400 seconds, Stopping threads took: 0.0000530 seconds
155.856: Application time: 0.1523300 seconds
155.857: [GC [PSYoungGen: 665904K->736K(666112K)] 921030K->255862K(1211392K), 0.0017950 secs] [Times: user=0.01 sys=0.00, real=0.00 secs] 
155.858: Total time for which application threads were stopped: 0.0019490 seconds, Stopping threads took: 0.0000740 seconds
156.108: Application time: 0.2495920 seconds
156.108: [GC [PSYoungGen: 665824K->624K(666112K)] 920950K->255750K(1211392K), 0.0016910 secs] [Times: user=0.01 sys=0.00, real=0.00 secs] 
156.110: Total time for which application threads were stopped: 0.0018330 seconds, Stopping threads took: 0.0000780 seconds
156.273: Application time: 0.1627770 seconds
156.273: [GC [PSYoungGen: 665712K->672K(666112K)] 920838K->255798K(1211392K), 0.0016920 secs] [Times: user=0.01 sys=0.00, real=0.00 secs] 
156.274: Total time for which application threads were stopped: 0.0018310 seconds, Stopping threads took: 0.0000730 seconds
156.440: Application time: 0.1654060 seconds
156.440: [GC [PSYoungGen: 665760K->528K(666112K)] 920886K->255654K(1211392K), 0.0016920 secs] [Times: user=0.01 sys=0.00, real=0.00 secs] 
156.442: Total time for which application threads were stopped: 0.0018480 seconds, Stopping threads took: 0.0000720 seconds
156.681: Application time: 0.2394610 seconds
156.681: [GC [PSYoungGen: 665616K->608K(666112K)] 920742K->255734K(1211392K), 0.0017040 secs] [Times: user=0.01 sys=0.00, real=0.00 secs] 
156.683: Total time for which application threads were stopped: 0.0018470 seconds, Stopping threads took: 0.0000800 seconds
156.841: Application time: 0.1577670 seconds
156.841: [GC [PSYoungGen: 665696K->704K(666112K)] 920822K->255838K(1211392K), 0.0015420 secs] [Times: user=0.01 sys=0.00, real=0.00 secs] 
156.842: Total time for which application threads were stopped: 0.0016690 seconds, Stopping threads took: 0.0000540 seconds
157.082: Application time: 0.2396320 seconds
157.082: [GC [PSYoungGen: 665792K->592K(666112K)] 920926K->255734K(1211392K), 0.0017530 secs] [Times: user=0.02 sys=0.00, real=0.00 secs] 
157.084: Total time for which application threads were stopped: 0.0019140 seconds, Stopping threads took: 0.0000800 seconds
157.251: Application time: 0.1668410 seconds
157.251: [GC [PSYoungGen: 665680K->560K(666112K)] 920822K->255702K(1211392K), 0.0018000 secs] [Times: user=0.01 sys=0.00, real=0.00 secs] 
157.253: Total time for which application threads were stopped: 0.0019390 seconds, Stopping threads took: 0.0000760 seconds
157.407: Application time: 0.1540270 seconds
157.407: [GC [PSYoungGen: 665648K->688K(666112K)] 920790K->255830K(1211392K), 0.0017090 secs] [Times: user=0.01 sys=0.00, real=0.00 secs] 
157.409: Total time for which application threads were stopped: 0.0018560 seconds, Stopping threads took: 0.0000760 seconds
157.657: Application time: 0.2483260 seconds
157.657: [GC [PSYoungGen: 665776K->816K(666112K)] 920918K->255958K(1211392K), 0.0017010 secs] [Times: user=0.01 sys=0.00, real=0.01 secs] 
157.659: Total time for which application threads were stopped: 0.0018690 seconds, Stopping threads took: 0.0000940 seconds
157.821: Application time: 0.1620620 seconds
157.821: [GC [PSYoungGen: 665904K->608K(666112K)] 921046K->255750K(1211392K), 0.0016870 secs] [Times: user=0.01 sys=0.00, real=0.00 secs] 
157.823: Total time for which application threads were stopped: 0.0018370 seconds, Stopping threads took: 0.0000770 seconds
157.992: Application time: 0.1688320 seconds
157.992: [GC [PSYoungGen: 665696K->432K(666112K)] 920838K->255574K(1211392K), 0.0016990 secs] [Times: user=0.00 sys=0.00, real=0.00 secs] 
157.993: Total time for which application threads were stopped: 0.0018230 seconds, Stopping threads took: 0.0000590 seconds
158.228: Application time: 0.2349010 seconds
158.228: [GC [PSYoungGen: 665520K->624K(666112K)] 920662K->255766K(1211392K), 0.0016850 secs] [Times: user=0.01 sys=0.00, real=0.00 secs] 
158.230: Total time for which application threads were stopped: 0.0018420 seconds, Stopping threads took: 0.0000690 seconds
158.390: Application time: 0.1594770 seconds
158.390: [GC [PSYoungGen: 665712K->816K(666112K)] 920854K->255966K(1211392K), 0.0017510 secs] [Times: user=0.01 sys=0.00, real=0.00 secs] 
158.392: Total time for which application threads were stopped: 0.0018870 seconds, Stopping threads took: 0.0000640 seconds
158.630: Application time: 0.2389400 seconds
158.631: [GC [PSYoungGen: 665904K->608K(666112K)] 921054K->255766K(1211392K), 0.0016930 secs] [Times: user=0.01 sys=0.00, real=0.00 secs] 
158.632: Total time for which application threads were stopped: 0.0018520 seconds, Stopping threads took: 0.0000850 seconds
158.799: Application time: 0.1662750 seconds
158.799: [GC [PSYoungGen: 665696K->592K(666112K)] 920854K->255750K(1211392K), 0.0017430 secs] [Times: user=0.02 sys=0.00, real=0.01 secs] 
158.801: Total time for which application threads were stopped: 0.0018800 seconds, Stopping threads took: 0.0000650 seconds
158.957: Application time: 0.1567310 seconds
158.957: [GC [PSYoungGen: 665680K->704K(666112K)] 920838K->255862K(1211392K), 0.0017000 secs] [Times: user=0.01 sys=0.00, real=0.01 secs] 
158.959: Total time for which application threads were stopped: 0.0018520 seconds, Stopping threads took: 0.0000860 seconds
159.207: Application time: 0.2474570 seconds
159.207: [GC [PSYoungGen: 665792K->688K(666112K)] 920950K->255846K(1211392K), 0.0016920 secs] [Times: user=0.01 sys=0.00, real=0.01 secs] 
159.208: Total time for which application threads were stopped: 0.0018550 seconds, Stopping threads took: 0.0000890 seconds
159.369: Application time: 0.1608780 seconds
159.369: [GC [PSYoungGen: 665776K->592K(666112K)] 920934K->255750K(1211392K), 0.0016850 secs] [Times: user=0.01 sys=0.00, real=0.00 secs] 
159.371: Total time for which application threads were stopped: 0.0018510 seconds, Stopping threads took: 0.0000820 seconds
159.545: Application time: 0.1743050 seconds
159.546: [GC [PSYoungGen: 665680K->416K(666112K)] 920838K->255574K(1211392K), 0.0016670 secs] [Times: user=0.01 sys=0.00, real=0.01 secs] 
159.547: Total time for which application threads were stopped: 0.0018140 seconds, Stopping threads took: 0.0000810 seconds
159.776: Application time: 0.2284350 seconds
159.776: [GC [PSYoungGen: 665504K->768K(666112K)] 920662K->255926K(1211392K), 0.0017140 secs] [Times: user=0.01 sys=0.00, real=0.00 secs] 
159.778: Total time for which application threads were stopped: 0.0018520 seconds, Stopping threads took: 0.0000740 seconds
159.940: Application time: 0.1628130 seconds
159.940: [GC [PSYoungGen: 665856K->768K(666112K)] 921014K->255934K(1211392K), 0.0016960 secs] [Times: user=0.01 sys=0.00, real=0.00 secs] 
159.942: Total time for which application threads were stopped: 0.0018460 seconds, Stopping threads took: 0.0000680 seconds
160.183: Application time: 0.2409730 seconds
160.183: [GC [PSYoungGen: 665856K->528K(666112K)] 921022K->255702K(1211392K), 0.0015000 secs] [Times: user=0.01 sys=0.00, real=0.00 secs] 
160.185: Total time for which application threads were stopped: 0.0016350 seconds, Stopping threads took: 0.0000660 seconds
160.346: Application time: 0.1612500 seconds
160.346: [GC [PSYoungGen: 665616K->640K(666112K)] 920790K->255814K(1211392K), 0.0017010 secs] [Times: user=0.01 sys=0.00, real=0.01 secs] 
160.348: Total time for which application threads were stopped: 0.0018590 seconds, Stopping threads took: 0.0000880 seconds
160.507: Application time: 0.1589040 seconds
160.507: [GC [PSYoungGen: 665728K->704K(666112K)] 920902K->255878K(1211392K), 0.0016650 secs] [Times: user=0.01 sys=0.00, real=0.00 secs] 
160.509: Total time for which application threads were stopped: 0.0017920 seconds, Stopping threads took: 0.0000500 seconds
160.756: Application time: 0.2476110 seconds
160.756: [GC [PSYoungGen: 665792K->720K(666112K)] 920966K->255894K(1211392K), 0.0016600 secs] [Times: user=0.02 sys=0.00, real=0.00 secs] 
160.758: Total time for which application threads were stopped: 0.0017950 seconds, Stopping threads took: 0.0000670 seconds
160.915: Application time: 0.1571220 seconds
160.915: [GC [PSYoungGen: 665808K->640K(666112K)] 920982K->255814K(1211392K), 0.0016770 secs] [Times: user=0.01 sys=0.00, real=0.00 secs] 
160.917: Total time for which application threads were stopped: 0.0018080 seconds, Stopping threads took: 0.0000690 seconds
161.099: Application time: 0.1819450 seconds
161.099: [GC [PSYoungGen: 665728K->464K(666112K)] 920902K->255638K(1211392K), 0.0016810 secs] [Times: user=0.01 sys=0.00, real=0.00 secs] 
161.101: Total time for which application threads were stopped: 0.0018540 seconds, Stopping threads took: 0.0000970 seconds
161.323: Application time: 0.2223120 seconds
161.323: [GC [PSYoungGen: 665552K->720K(666112K)] 920726K->255894K(1211392K), 0.0016780 secs] [Times: user=0.01 sys=0.00, real=0.00 secs] 
161.325: Total time for which application threads were stopped: 0.0017940 seconds, Stopping threads took: 0.0000510 seconds
161.486: Application time: 0.1612870 seconds
161.486: [GC [PSYoungGen: 665808K->688K(666112K)] 920982K->255870K(1211392K), 0.0016890 secs] [Times: user=0.01 sys=0.00, real=0.01 secs] 
161.488: Total time for which application threads were stopped: 0.0018240 seconds, Stopping threads took: 0.0000730 seconds
161.734: Application time: 0.2460700 seconds
161.734: [GC [PSYoungGen: 665776K->512K(666112K)] 920958K->255702K(1211392K), 0.0017230 secs] [Times: user=0.01 sys=0.00, real=0.00 secs] 
161.736: Total time for which application threads were stopped: 0.0018940 seconds, Stopping threads took: 0.0000890 seconds
161.892: Application time: 0.1560150 seconds
161.892: [GC [PSYoungGen: 665600K->704K(666112K)] 920790K->255894K(1211392K), 0.0017350 secs] [Times: user=0.02 sys=0.00, real=0.00 secs] 
161.894: Total time for which application threads were stopped: 0.0018840 seconds, Stopping threads took: 0.0000880 seconds
162.056: Application time: 0.1616850 seconds
162.056: [GC [PSYoungGen: 665792K->848K(666112K)] 920982K->256038K(1211392K), 0.0016700 secs] [Times: user=0.02 sys=0.00, real=0.00 secs] 
162.057: Total time for which application threads were stopped: 0.0018030 seconds, Stopping threads took: 0.0000670 seconds
162.305: Application time: 0.2480480 seconds
162.306: [GC [PSYoungGen: 665936K->672K(666112K)] 921126K->255862K(1211392K), 0.0017310 secs] [Times: user=0.01 sys=0.00, real=0.01 secs] 
162.307: Total time for which application threads were stopped: 0.0019120 seconds, Stopping threads took: 0.0001000 seconds
162.463: Application time: 0.1559080 seconds
162.463: [GC [PSYoungGen: 665760K->608K(666112K)] 920950K->255798K(1211392K), 0.0016780 secs] [Times: user=0.01 sys=0.00, real=0.00 secs] 
162.465: Total time for which application threads were stopped: 0.0018160 seconds, Stopping threads took: 0.0000720 seconds
162.653: Application time: 0.1878870 seconds
162.653: [GC [PSYoungGen: 665696K->400K(666112K)] 920886K->255590K(1211392K), 0.0018290 secs] [Times: user=0.01 sys=0.00, real=0.00 secs] 
162.655: Total time for which application threads were stopped: 0.0019830 seconds, Stopping threads took: 0.0000910 seconds
162.873: Application time: 0.2179980 seconds
162.873: [GC [PSYoungGen: 665488K->624K(666112K)] 920678K->255814K(1211392K), 0.0017150 secs] [Times: user=0.01 sys=0.00, real=0.00 secs] 
162.875: Total time for which application threads were stopped: 0.0018770 seconds, Stopping threads took: 0.0000790 seconds
163.035: Application time: 0.1600150 seconds
163.035: [GC [PSYoungGen: 665712K->688K(666112K)] 920902K->255886K(1211392K), 0.0017000 secs] [Times: user=0.01 sys=0.00, real=0.00 secs] 
163.037: Total time for which application threads were stopped: 0.0018440 seconds, Stopping threads took: 0.0000750 seconds
163.284: Application time: 0.2476040 seconds
163.284: [GC [PSYoungGen: 665776K->512K(666112K)] 920974K->255718K(1211392K), 0.0016760 secs] [Times: user=0.01 sys=0.00, real=0.00 secs] 
163.286: Total time for which application threads were stopped: 0.0018230 seconds, Stopping threads took: 0.0000740 seconds
163.441: Application time: 0.1544190 seconds
163.441: [GC [PSYoungGen: 665600K->720K(666112K)] 920806K->255926K(1211392K), 0.0017220 secs] [Times: user=0.02 sys=0.00, real=0.00 secs] 
163.442: Total time for which application threads were stopped: 0.0018630 seconds, Stopping threads took: 0.0000640 seconds
163.606: Application time: 0.1639150 seconds
163.606: [GC [PSYoungGen: 665808K->656K(666112K)] 921014K->255862K(1211392K), 0.0017100 secs] [Times: user=0.01 sys=0.00, real=0.01 secs] 
163.608: Total time for which application threads were stopped: 0.0018420 seconds, Stopping threads took: 0.0000670 seconds
163.857: Application time: 0.2487180 seconds
163.857: [GC [PSYoungGen: 665744K->752K(666112K)] 920950K->255958K(1211392K), 0.0017000 secs] [Times: user=0.01 sys=0.00, real=0.00 secs] 
163.859: Total time for which application threads were stopped: 0.0018090 seconds, Stopping threads took: 0.0000340 seconds
164.013: Application time: 0.1547560 seconds
164.014: [GC [PSYoungGen: 665840K->848K(666112K)] 921046K->256054K(1211392K), 0.0017330 secs] [Times: user=0.01 sys=0.00, real=0.00 secs] 
164.015: Total time for which application threads were stopped: 0.0018940 seconds, Stopping threads took: 0.0000790 seconds
164.209: Application time: 0.1939760 seconds
164.209: [GC [PSYoungGen: 665936K->432K(666112K)] 921142K->255638K(1211392K), 0.0018080 secs] [Times: user=0.01 sys=0.00, real=0.00 secs] 
164.211: Total time for which application threads were stopped: 0.0019690 seconds, Stopping threads took: 0.0000900 seconds
164.425: Application time: 0.2133440 seconds
164.425: [GC [PSYoungGen: 665520K->848K(666112K)] 920726K->256054K(1211392K), 0.0016850 secs] [Times: user=0.01 sys=0.00, real=0.00 secs] 
164.427: Total time for which application threads were stopped: 0.0018270 seconds, Stopping threads took: 0.0000770 seconds
164.583: Application time: 0.1567850 seconds
164.583: [GC [PSYoungGen: 665936K->704K(666112K)] 921142K->255918K(1211392K), 0.0016790 secs] [Times: user=0.01 sys=0.00, real=0.00 secs] 
164.585: Total time for which application threads were stopped: 0.0018190 seconds, Stopping threads took: 0.0000650 seconds
164.836: Application time: 0.2511330 seconds
164.836: [GC [PSYoungGen: 665792K->608K(666112K)] 921006K->255830K(1211392K), 0.0016750 secs] [Times: user=0.01 sys=0.00, real=0.00 secs] 
164.838: Total time for which application threads were stopped: 0.0018240 seconds, Stopping threads took: 0.0000810 seconds
164.991: Application time: 0.1530310 seconds
164.991: [GC [PSYoungGen: 665696K->768K(666112K)] 920918K->255990K(1211392K), 0.0017010 secs] [Times: user=0.01 sys=0.00, real=0.00 secs] 
164.993: Total time for which application threads were stopped: 0.0018510 seconds, Stopping threads took: 0.0000810 seconds
165.156: Application time: 0.1627100 seconds
165.156: [GC [PSYoungGen: 665856K->624K(666112K)] 921078K->255846K(1211392K), 0.0016990 secs] [Times: user=0.01 sys=0.00, real=0.00 secs] 
165.158: Total time for which application threads were stopped: 0.0018250 seconds, Stopping threads took: 0.0000500 seconds
165.405: Application time: 0.2477750 seconds
165.405: [GC [PSYoungGen: 665712K->752K(666112K)] 920934K->255974K(1211392K), 0.0016870 secs] [Times: user=0.01 sys=0.00, real=0.01 secs] 
165.407: Total time for which application threads were stopped: 0.0018300 seconds, Stopping threads took: 0.0000760 seconds
165.559: Application time: 0.1516130 seconds
165.559: [GC [PSYoungGen: 665840K->688K(666112K)] 921062K->255910K(1211392K), 0.0017870 secs] [Times: user=0.01 sys=0.00, real=0.00 secs] 
165.561: Total time for which application threads were stopped: 0.0019310 seconds, Stopping threads took: 0.0000810 seconds
165.759: Application time: 0.1980480 seconds
165.759: [GC [PSYoungGen: 665776K->384K(666112K)] 920998K->255606K(1211392K), 0.0016850 secs] [Times: user=0.01 sys=0.00, real=0.00 secs] 
165.761: Total time for which application threads were stopped: 0.0018910 seconds, Stopping threads took: 0.0001190 seconds
165.973: Application time: 0.2119380 seconds
165.973: [GC [PSYoungGen: 665472K->672K(666112K)] 920694K->255894K(1211392K), 0.0016890 secs] [Times: user=0.01 sys=0.00, real=0.00 secs] 
165.974: Total time for which application threads were stopped: 0.0018140 seconds, Stopping threads took: 0.0000610 seconds
166.130: Application time: 0.1560840 seconds
166.131: [GC [PSYoungGen: 665760K->560K(666112K)] 920982K->255790K(1211392K), 0.0017290 secs] [Times: user=0.01 sys=0.00, real=0.00 secs] 
166.132: Total time for which application threads were stopped: 0.0018740 seconds, Stopping threads took: 0.0000750 seconds
166.383: Application time: 0.2507610 seconds
166.383: [GC [PSYoungGen: 665648K->688K(666112K)] 920878K->255926K(1211392K), 0.0016740 secs] [Times: user=0.01 sys=0.00, real=0.00 secs] 
166.385: Total time for which application threads were stopped: 0.0018240 seconds, Stopping threads took: 0.0000710 seconds
166.539: Application time: 0.1537760 seconds
166.539: [GC [PSYoungGen: 665776K->624K(666112K)] 921014K->255862K(1211392K), 0.0016820 secs] [Times: user=0.01 sys=0.00, real=0.00 secs] 
166.541: Total time for which application threads were stopped: 0.0018360 seconds, Stopping threads took: 0.0000740 seconds
166.702: Application time: 0.1614060 seconds
166.702: [GC [PSYoungGen: 665712K->656K(666112K)] 920950K->255894K(1211392K), 0.0016980 secs] [Times: user=0.01 sys=0.00, real=0.00 secs] 
166.704: Total time for which application threads were stopped: 0.0018350 seconds, Stopping threads took: 0.0000680 seconds
166.954: Application time: 0.2499300 seconds
166.954: [GC [PSYoungGen: 665744K->656K(666112K)] 920982K->255894K(1211392K), 0.0017070 secs] [Times: user=0.01 sys=0.00, real=0.00 secs] 
166.956: Total time for which application threads were stopped: 0.0018670 seconds, Stopping threads took: 0.0000780 seconds
167.106: Application time: 0.1503840 seconds
167.106: [GC [PSYoungGen: 665744K->704K(666112K)] 920982K->255942K(1211392K), 0.0016970 secs] [Times: user=0.01 sys=0.00, real=0.01 secs] 
167.108: Total time for which application threads were stopped: 0.0018490 seconds, Stopping threads took: 0.0000840 seconds
167.305: Application time: 0.1976220 seconds
167.306: [GC [PSYoungGen: 665792K->480K(666112K)] 921030K->255718K(1211392K), 0.0016890 secs] [Times: user=0.01 sys=0.00, real=0.01 secs] 
167.307: Total time for which application threads were stopped: 0.0018550 seconds, Stopping threads took: 0.0000930 seconds
167.520: Application time: 0.2124500 seconds
167.520: [GC [PSYoungGen: 665568K->704K(666112K)] 920806K->255942K(1211392K), 0.0017210 secs] [Times: user=0.01 sys=0.00, real=0.00 secs] 
167.522: Total time for which application threads were stopped: 0.0018600 seconds, Stopping threads took: 0.0000620 seconds
167.676: Application time: 0.1548140 seconds
167.677: [GC [PSYoungGen: 665792K->656K(666112K)] 921030K->255902K(1211392K), 0.0016970 secs] [Times: user=0.01 sys=0.00, real=0.00 secs] 
167.678: Total time for which application threads were stopped: 0.0018340 seconds, Stopping threads took: 0.0000710 seconds
167.931: Application time: 0.2528710 seconds
167.931: [GC [PSYoungGen: 665744K->672K(666112K)] 920990K->255918K(1211392K), 0.0018210 secs] [Times: user=0.02 sys=0.00, real=0.00 secs] 
167.933: Total time for which application threads were stopped: 0.0019550 seconds, Stopping threads took: 0.0000690 seconds
168.087: Application time: 0.1534940 seconds
168.087: [GC [PSYoungGen: 665760K->784K(666112K)] 921006K->256038K(1211392K), 0.0017020 secs] [Times: user=0.01 sys=0.00, real=0.01 secs] 
168.088: Total time for which application threads were stopped: 0.0018350 seconds, Stopping threads took: 0.0000630 seconds
168.246: Application time: 0.1579310 seconds
168.246: [GC [PSYoungGen: 665872K->752K(666112K)] 921126K->256006K(1211392K), 0.0018120 secs] [Times: user=0.01 sys=0.00, real=0.01 secs] 
168.248: Total time for which application threads were stopped: 0.0019390 seconds, Stopping threads took: 0.0000610 seconds
168.501: Application time: 0.2529210 seconds
168.501: [GC [PSYoungGen: 665840K->608K(666112K)] 921094K->255862K(1211392K), 0.0016840 secs] [Times: user=0.01 sys=0.00, real=0.00 secs] 
168.503: Total time for which application threads were stopped: 0.0018320 seconds, Stopping threads took: 0.0000850 seconds
168.654: Application time: 0.1506810 seconds
168.654: [GC [PSYoungGen: 665696K->800K(666112K)] 920950K->256054K(1211392K), 0.0017230 secs] [Times: user=0.01 sys=0.00, real=0.00 secs] 
168.656: Total time for which application threads were stopped: 0.0018660 seconds, Stopping threads took: 0.0000610 seconds
168.859: Application time: 0.2035280 seconds
168.859: [GC [PSYoungGen: 665888K->480K(666112K)] 921142K->255734K(1211392K), 0.0016770 secs] [Times: user=0.01 sys=0.00, real=0.00 secs] 
168.861: Total time for which application threads were stopped: 0.0018320 seconds, Stopping threads took: 0.0000930 seconds
169.070: Application time: 0.2093800 seconds
169.070: [GC [PSYoungGen: 665568K->704K(666112K)] 920822K->255958K(1211392K), 0.0017030 secs] [Times: user=0.01 sys=0.00, real=0.00 secs] 
169.072: Total time for which application threads were stopped: 0.0018490 seconds, Stopping threads took: 0.0000780 seconds
169.225: Application time: 0.1524950 seconds
169.225: [GC [PSYoungGen: 665792K->752K(666112K)] 921046K->256014K(1211392K), 0.0017540 secs] [Times: user=0.01 sys=0.00, real=0.00 secs] 
169.227: Total time for which application threads were stopped: 0.0018870 seconds, Stopping threads took: 0.0000590 seconds
169.479: Application time: 0.2525530 seconds
169.479: [GC [PSYoungGen: 665840K->704K(666112K)] 921102K->255966K(1211392K), 0.0017680 secs] [Times: user=0.01 sys=0.00, real=0.00 secs] 
169.481: Total time for which application threads were stopped: 0.0019110 seconds, Stopping threads took: 0.0000690 seconds
169.638: Application time: 0.1569980 seconds
169.638: [GC [PSYoungGen: 665792K->688K(666112K)] 921054K->255958K(1211392K), 0.0016900 secs] [Times: user=0.02 sys=0.00, real=0.01 secs] 
169.640: Total time for which application threads were stopped: 0.0018060 seconds, Stopping threads took: 0.0000460 seconds
169.796: Application time: 0.1566300 seconds
169.797: [GC [PSYoungGen: 665776K->624K(666112K)] 921046K->255894K(1211392K), 0.0017370 secs] [Times: user=0.01 sys=0.00, real=0.00 secs] 
169.798: Total time for which application threads were stopped: 0.0018600 seconds, Stopping threads took: 0.0000490 seconds
170.051: Application time: 0.2522910 seconds
170.051: [GC [PSYoungGen: 665712K->624K(666112K)] 920982K->255894K(1211392K), 0.0017070 secs] [Times: user=0.00 sys=0.00, real=0.00 secs] 
170.053: Total time for which application threads were stopped: 0.0018380 seconds, Stopping threads took: 0.0000680 seconds
170.204: Application time: 0.1512630 seconds
170.204: [GC [PSYoungGen: 665712K->608K(666112K)] 920982K->255878K(1211392K), 0.0016970 secs] [Times: user=0.01 sys=0.00, real=0.00 secs] 
170.206: Total time for which application threads were stopped: 0.0018260 seconds, Stopping threads took: 0.0000580 seconds
170.412: Application time: 0.2063020 seconds
170.412: [GC [PSYoungGen: 665696K->496K(666112K)] 920966K->255766K(1211392K), 0.0016960 secs] [Times: user=0.01 sys=0.00, real=0.00 secs] 
170.414: Total time for which application threads were stopped: 0.0018480 seconds, Stopping threads took: 0.0000770 seconds
170.620: Application time: 0.2061460 seconds
170.620: [GC [PSYoungGen: 665584K->704K(666112K)] 920854K->255974K(1211392K), 0.0016770 secs] [Times: user=0.02 sys=0.00, real=0.00 secs] 
170.622: Total time for which application threads were stopped: 0.0017940 seconds, Stopping threads took: 0.0000530 seconds
170.774: Application time: 0.1527270 seconds
170.775: [GC [PSYoungGen: 665792K->640K(666112K)] 921062K->255918K(1211392K), 0.0016850 secs] [Times: user=0.01 sys=0.00, real=0.00 secs] 
170.776: Total time for which application threads were stopped: 0.0018300 seconds, Stopping threads took: 0.0000800 seconds
171.030: Application time: 0.2541260 seconds
171.031: [GC [PSYoungGen: 665728K->592K(666112K)] 921006K->255870K(1211392K), 0.0017260 secs] [Times: user=0.02 sys=0.00, real=0.00 secs] 
171.032: Total time for which application threads were stopped: 0.0018930 seconds, Stopping threads took: 0.0000870 seconds
171.188: Application time: 0.1558930 seconds
171.188: [GC [PSYoungGen: 665680K->672K(666112K)] 920958K->255958K(1211392K), 0.0016860 secs] [Times: user=0.01 sys=0.00, real=0.00 secs] 
171.190: Total time for which application threads were stopped: 0.0018430 seconds, Stopping threads took: 0.0000930 seconds
171.346: Application time: 0.1560630 seconds
171.346: [GC [PSYoungGen: 665760K->624K(666112K)] 921046K->255910K(1211392K), 0.0016740 secs] [Times: user=0.01 sys=0.00, real=0.01 secs] 
171.348: Total time for which application threads were stopped: 0.0018250 seconds, Stopping threads took: 0.0000850 seconds
171.603: Application time: 0.2553700 seconds
171.607: [GC [PSYoungGen: 665712K->640K(666112K)] 920998K->255926K(1211392K), 0.0017730 secs] [Times: user=0.01 sys=0.00, real=0.00 secs] 
171.609: Total time for which application threads were stopped: 0.0053720 seconds, Stopping threads took: 0.0035240 seconds
171.759: Application time: 0.1504590 seconds
171.759: [GC [PSYoungGen: 665728K->768K(666112K)] 921014K->256054K(1211392K), 0.0017000 secs] [Times: user=0.01 sys=0.00, real=0.00 secs] 
171.761: Total time for which application threads were stopped: 0.0018160 seconds, Stopping threads took: 0.0000470 seconds
171.972: Application time: 0.2105740 seconds
171.972: [GC [PSYoungGen: 665856K->448K(666112K)] 921142K->255734K(1211392K), 0.0016650 secs] [Times: user=0.01 sys=0.00, real=0.00 secs] 
171.973: Total time for which application threads were stopped: 0.0018100 seconds, Stopping threads took: 0.0000800 seconds
172.175: Application time: 0.2012560 seconds
172.175: [GC [PSYoungGen: 665536K->816K(666112K)] 920822K->256102K(1211392K), 0.0017310 secs] [Times: user=0.01 sys=0.00, real=0.00 secs] 
172.176: Total time for which application threads were stopped: 0.0019060 seconds, Stopping threads took: 0.0000970 seconds
172.326: Application time: 0.1494800 seconds
172.326: [GC [PSYoungGen: 665904K->800K(666112K)] 921190K->256094K(1211392K), 0.0017230 secs] [Times: user=0.02 sys=0.00, real=0.01 secs] 
172.328: Total time for which application threads were stopped: 0.0018760 seconds, Stopping threads took: 0.0000810 seconds
172.582: Application time: 0.2541500 seconds
172.582: [GC [PSYoungGen: 665888K->672K(666112K)] 921182K->255966K(1211392K), 0.0017200 secs] [Times: user=0.01 sys=0.00, real=0.00 secs] 
172.584: Total time for which application threads were stopped: 0.0018690 seconds, Stopping threads took: 0.0000740 seconds
172.741: Application time: 0.1571430 seconds
172.741: [GC [PSYoungGen: 665760K->784K(666112K)] 921054K->256086K(1211392K), 0.0017210 secs] [Times: user=0.01 sys=0.00, real=0.00 secs] 
172.743: Total time for which application threads were stopped: 0.0018760 seconds, Stopping threads took: 0.0000720 seconds
172.897: Application time: 0.1538200 seconds
172.897: [GC [PSYoungGen: 665872K->704K(666112K)] 921174K->256006K(1211392K), 0.0016760 secs] [Times: user=0.01 sys=0.00, real=0.00 secs] 
172.899: Total time for which application threads were stopped: 0.0018390 seconds, Stopping threads took: 0.0000950 seconds
173.154: Application time: 0.2551610 seconds
173.154: [GC [PSYoungGen: 665792K->656K(666112K)] 921094K->255958K(1211392K), 0.0017250 secs] [Times: user=0.01 sys=0.00, real=0.00 secs] 
173.156: Total time for which application threads were stopped: 0.0018470 seconds, Stopping threads took: 0.0000590 seconds
173.307: Application time: 0.1514120 seconds
173.307: [GC [PSYoungGen: 665744K->768K(666112K)] 921046K->256070K(1211392K), 0.0015150 secs] [Times: user=0.01 sys=0.00, real=0.00 secs] 
173.309: Total time for which application threads were stopped: 0.0016530 seconds, Stopping threads took: 0.0000540 seconds
173.519: Application time: 0.2102980 seconds
173.519: [GC [PSYoungGen: 665856K->480K(666112K)] 921158K->255782K(1211392K), 0.0017240 secs] [Times: user=0.01 sys=0.00, real=0.00 secs] 
173.521: Total time for which application threads were stopped: 0.0018830 seconds, Stopping threads took: 0.0000940 seconds
173.722: Application time: 0.2012710 seconds
173.722: [GC [PSYoungGen: 665568K->768K(666112K)] 920870K->256070K(1211392K), 0.0017160 secs] [Times: user=0.01 sys=0.00, real=0.00 secs] 
173.724: Total time for which application threads were stopped: 0.0018550 seconds, Stopping threads took: 0.0000730 seconds
173.874: Application time: 0.1499180 seconds
173.874: [GC [PSYoungGen: 665856K->768K(666112K)] 921158K->256078K(1211392K), 0.0017800 secs] [Times: user=0.01 sys=0.00, real=0.00 secs] 
173.876: Total time for which application threads were stopped: 0.0019100 seconds, Stopping threads took: 0.0000560 seconds
174.129: Application time: 0.2535690 seconds
174.129: [GC [PSYoungGen: 665856K->640K(666112K)] 921166K->255950K(1211392K), 0.0016970 secs] [Times: user=0.01 sys=0.00, real=0.00 secs] 
174.131: Total time for which application threads were stopped: 0.0018260 seconds, Stopping threads took: 0.0000640 seconds
174.289: Application time: 0.1580740 seconds
174.289: [GC [PSYoungGen: 665728K->720K(666112K)] 921038K->256038K(1211392K), 0.0017380 secs] [Times: user=0.01 sys=0.00, real=0.00 secs] 
174.291: Total time for which application threads were stopped: 0.0018690 seconds, Stopping threads took: 0.0000670 seconds
174.445: Application time: 0.1540810 seconds
174.445: [GC [PSYoungGen: 665808K->624K(666112K)] 921126K->255942K(1211392K), 0.0017330 secs] [Times: user=0.01 sys=0.00, real=0.01 secs] 
174.447: Total time for which application threads were stopped: 0.0018940 seconds, Stopping threads took: 0.0000860 seconds
174.703: Application time: 0.2555630 seconds
174.703: [GC [PSYoungGen: 665712K->656K(666112K)] 921030K->255974K(1211392K), 0.0016840 secs] [Times: user=0.02 sys=0.00, real=0.00 secs] 
174.705: Total time for which application threads were stopped: 0.0018380 seconds, Stopping threads took: 0.0000830 seconds
174.858: Application time: 0.1531650 seconds
174.858: [GC [PSYoungGen: 665744K->752K(666112K)] 921062K->256070K(1211392K), 0.0016880 secs] [Times: user=0.01 sys=0.00, real=0.01 secs] 
174.860: Total time for which application threads were stopped: 0.0018400 seconds, Stopping threads took: 0.0000880 seconds
175.067: Application time: 0.2070550 seconds
175.067: [GC [PSYoungGen: 665840K->416K(666112K)] 921158K->255734K(1211392K), 0.0017020 secs] [Times: user=0.01 sys=0.00, real=0.01 secs] 
175.068: Total time for which application threads were stopped: 0.0018710 seconds, Stopping threads took: 0.0000920 seconds
175.274: Application time: 0.2051160 seconds
175.274: [GC [PSYoungGen: 665504K->816K(666112K)] 920822K->256134K(1211392K), 0.0016820 secs] [Times: user=0.01 sys=0.00, real=0.00 secs] 
175.275: Total time for which application threads were stopped: 0.0018200 seconds, Stopping threads took: 0.0000750 seconds
175.425: Application time: 0.1492280 seconds
175.425: [GC [PSYoungGen: 665904K->704K(666112K)] 921222K->256030K(1211392K), 0.0016530 secs] [Times: user=0.01 sys=0.00, real=0.00 secs] 
175.426: Total time for which application threads were stopped: 0.0018130 seconds, Stopping threads took: 0.0000980 seconds
175.680: Application time: 0.2537250 seconds
175.680: [GC [PSYoungGen: 665792K->624K(666112K)] 921118K->255950K(1211392K), 0.0017380 secs] [Times: user=0.02 sys=0.00, real=0.00 secs] 
175.682: Total time for which application threads were stopped: 0.0019030 seconds, Stopping threads took: 0.0000830 seconds
175.840: Application time: 0.1583080 seconds
175.840: [GC [PSYoungGen: 665712K->720K(666112K)] 921038K->256054K(1211392K), 0.0016940 secs] [Times: user=0.01 sys=0.00, real=0.00 secs] 
175.842: Total time for which application threads were stopped: 0.0018060 seconds, Stopping threads took: 0.0000440 seconds
175.999: Application time: 0.1571380 seconds
175.999: [GC [PSYoungGen: 665808K->544K(666112K)] 921142K->255878K(1211392K), 0.0016910 secs] [Times: user=0.01 sys=0.00, real=0.00 secs] 
176.001: Total time for which application threads were stopped: 0.0018180 seconds, Stopping threads took: 0.0000620 seconds
176.253: Application time: 0.2516150 seconds
176.253: [GC [PSYoungGen: 665632K->640K(666112K)] 920966K->255974K(1211392K), 0.0016900 secs] [Times: user=0.01 sys=0.00, real=0.00 secs] 
176.255: Total time for which application threads were stopped: 0.0018470 seconds, Stopping threads took: 0.0000770 seconds
176.407: Application time: 0.1522590 seconds
176.407: [GC [PSYoungGen: 665728K->704K(666112K)] 921062K->256038K(1211392K), 0.0016260 secs] [Times: user=0.01 sys=0.00, real=0.00 secs] 
176.409: Total time for which application threads were stopped: 0.0017640 seconds, Stopping threads took: 0.0000710 seconds
176.622: Application time: 0.2138150 seconds
176.623: [GC [PSYoungGen: 665792K->416K(666112K)] 921126K->255750K(1211392K), 0.0016940 secs] [Times: user=0.01 sys=0.00, real=0.00 secs] 
176.624: Total time for which application threads were stopped: 0.0018360 seconds, Stopping threads took: 0.0000790 seconds
176.825: Application time: 0.2006960 seconds
176.825: [GC [PSYoungGen: 665504K->816K(666112K)] 920838K->256150K(1211392K), 0.0017300 secs] [Times: user=0.01 sys=0.00, real=0.01 secs] 
176.827: Total time for which application threads were stopped: 0.0018680 seconds, Stopping threads took: 0.0000580 seconds
176.976: Application time: 0.1494170 seconds
176.976: [GC [PSYoungGen: 665904K->624K(666112K)] 921238K->255966K(1211392K), 0.0016790 secs] [Times: user=0.02 sys=0.00, real=0.00 secs] 
176.978: Total time for which application threads were stopped: 0.0018150 seconds, Stopping threads took: 0.0000730 seconds
177.229: Application time: 0.2510740 seconds
177.229: [GC [PSYoungGen: 665712K->704K(666112K)] 921054K->256046K(1211392K), 0.0017230 secs] [Times: user=0.01 sys=0.00, real=0.00 secs] 
177.231: Total time for which application threads were stopped: 0.0018870 seconds, Stopping threads took: 0.0000920 seconds
177.392: Application time: 0.1606510 seconds
177.392: [GC [PSYoungGen: 665792K->736K(666112K)] 921134K->256086K(1211392K), 0.0016950 secs] [Times: user=0.01 sys=0.00, real=0.00 secs] 
177.394: Total time for which application threads were stopped: 0.0018320 seconds, Stopping threads took: 0.0000650 seconds
177.549: Application time: 0.1554710 seconds
177.549: [GC [PSYoungGen: 665824K->704K(666112K)] 921174K->256054K(1211392K), 0.0016990 secs] [Times: user=0.01 sys=0.00, real=0.00 secs] 
177.551: Total time for which application threads were stopped: 0.0018580 seconds, Stopping threads took: 0.0000980 seconds
177.802: Application time: 0.2508650 seconds
177.802: [GC [PSYoungGen: 665792K->688K(666112K)] 921142K->256038K(1211392K), 0.0017380 secs] [Times: user=0.01 sys=0.00, real=0.00 secs] 
177.804: Total time for which application threads were stopped: 0.0018830 seconds, Stopping threads took: 0.0000710 seconds
177.958: Application time: 0.1547380 seconds
177.959: [GC [PSYoungGen: 665776K->800K(666112K)] 921126K->256150K(1211392K), 0.0017430 secs] [Times: user=0.01 sys=0.00, real=0.01 secs] 
177.960: Total time for which application threads were stopped: 0.0019080 seconds, Stopping threads took: 0.0000900 seconds
178.171: Application time: 0.2102340 seconds
178.171: [GC [PSYoungGen: 665888K->464K(666112K)] 921238K->255814K(1211392K), 0.0017080 secs] [Times: user=0.01 sys=0.00, real=0.00 secs] 
178.172: Total time for which application threads were stopped: 0.0018470 seconds, Stopping threads took: 0.0000680 seconds
178.374: Application time: 0.2017410 seconds
178.374: [GC [PSYoungGen: 665552K->752K(666112K)] 920902K->256102K(1211392K), 0.0017040 secs] [Times: user=0.01 sys=0.00, real=0.00 secs] 
178.376: Total time for which application threads were stopped: 0.0018560 seconds, Stopping threads took: 0.0000880 seconds
178.526: Application time: 0.1495950 seconds
178.526: [GC [PSYoungGen: 665840K->704K(666112K)] 921190K->256062K(1211392K), 0.0016990 secs] [Times: user=0.01 sys=0.00, real=0.01 secs] 
178.527: Total time for which application threads were stopped: 0.0018490 seconds, Stopping threads took: 0.0000720 seconds
178.777: Application time: 0.2495200 seconds
178.777: [GC [PSYoungGen: 665792K->608K(666112K)] 921150K->255966K(1211392K), 0.0018070 secs] [Times: user=0.01 sys=0.00, real=0.01 secs] 
178.779: Total time for which application threads were stopped: 0.0019710 seconds, Stopping threads took: 0.0000970 seconds
178.942: Application time: 0.1627110 seconds
178.942: [GC [PSYoungGen: 665696K->768K(666112K)] 921054K->256134K(1211392K), 0.0017250 secs] [Times: user=0.01 sys=0.00, real=0.00 secs] 
178.944: Total time for which application threads were stopped: 0.0018650 seconds, Stopping threads took: 0.0000770 seconds
179.102: Application time: 0.1586930 seconds
179.102: [GC [PSYoungGen: 665856K->560K(666112K)] 921222K->255926K(1211392K), 0.0016800 secs] [Times: user=0.01 sys=0.00, real=0.00 secs] 
179.104: Total time for which application threads were stopped: 0.0018410 seconds, Stopping threads took: 0.0000880 seconds
179.353: Application time: 0.2489790 seconds
179.353: [GC [PSYoungGen: 665648K->720K(666112K)] 921014K->256086K(1211392K), 0.0017120 secs] [Times: user=0.01 sys=0.00, real=0.00 secs] 
179.355: Total time for which application threads were stopped: 0.0018380 seconds, Stopping threads took: 0.0000570 seconds
179.509: Application time: 0.1539170 seconds
179.509: [GC [PSYoungGen: 665808K->688K(666112K)] 921174K->256054K(1211392K), 0.0017130 secs] [Times: user=0.00 sys=0.00, real=0.00 secs] 
179.511: Total time for which application threads were stopped: 0.0018410 seconds, Stopping threads took: 0.0000640 seconds
179.722: Application time: 0.2110030 seconds
179.722: [GC [PSYoungGen: 665776K->416K(666112K)] 921142K->255782K(1211392K), 0.0016970 secs] [Times: user=0.01 sys=0.00, real=0.00 secs] 
179.724: Total time for which application threads were stopped: 0.0018820 seconds, Stopping threads took: 0.0001070 seconds
179.926: Application time: 0.2022960 seconds
179.926: [GC [PSYoungGen: 665504K->656K(666112K)] 920870K->256022K(1211392K), 0.0017350 secs] [Times: user=0.01 sys=0.00, real=0.01 secs] 
179.928: Total time for which application threads were stopped: 0.0018640 seconds, Stopping threads took: 0.0000640 seconds
180.078: Application time: 0.1501350 seconds
180.078: [GC [PSYoungGen: 665744K->704K(666112K)] 921110K->256078K(1211392K), 0.0016480 secs] [Times: user=0.01 sys=0.00, real=0.01 secs] 
180.080: Total time for which application threads were stopped: 0.0017760 seconds, Stopping threads took: 0.0000620 seconds
180.326: Application time: 0.2461360 seconds
180.326: [GC [PSYoungGen: 665792K->592K(666112K)] 921166K->255966K(1211392K), 0.0017250 secs] [Times: user=0.02 sys=0.00, real=0.01 secs] 
180.328: Total time for which application threads were stopped: 0.0018880 seconds, Stopping threads took: 0.0000920 seconds
180.494: Application time: 0.1664070 seconds
180.494: [GC [PSYoungGen: 665680K->832K(666112K)] 921054K->256214K(1211392K), 0.0017030 secs] [Times: user=0.01 sys=0.00, real=0.00 secs] 
180.496: Total time for which application threads were stopped: 0.0018530 seconds, Stopping threads took: 0.0000810 seconds
180.655: Application time: 0.1594270 seconds
180.655: [GC [PSYoungGen: 665920K->544K(666112K)] 921302K->255926K(1211392K), 0.0018240 secs] [Times: user=0.02 sys=0.00, real=0.00 secs] 
180.657: Total time for which application threads were stopped: 0.0019420 seconds, Stopping threads took: 0.0000510 seconds
180.904: Application time: 0.2470270 seconds
180.904: [GC [PSYoungGen: 665632K->720K(666112K)] 921014K->256102K(1211392K), 0.0016860 secs] [Times: user=0.01 sys=0.00, real=0.00 secs] 
180.906: Total time for which application threads were stopped: 0.0018410 seconds, Stopping threads took: 0.0000830 seconds
181.061: Application time: 0.1550930 seconds
181.061: [GC [PSYoungGen: 665808K->768K(666112K)] 921190K->256150K(1211392K), 0.0016940 secs] [Times: user=0.01 sys=0.00, real=0.00 secs] 
181.063: Total time for which application threads were stopped: 0.0018230 seconds, Stopping threads took: 0.0000620 seconds
181.274: Application time: 0.2106700 seconds
181.274: [GC [PSYoungGen: 665856K->464K(666112K)] 921238K->255846K(1211392K), 0.0017120 secs] [Times: user=0.01 sys=0.00, real=0.00 secs] 
181.276: Total time for which application threads were stopped: 0.0018600 seconds, Stopping threads took: 0.0000770 seconds
181.476: Application time: 0.2000460 seconds
181.476: [GC [PSYoungGen: 665552K->672K(666112K)] 920934K->256054K(1211392K), 0.0017300 secs] [Times: user=0.01 sys=0.00, real=0.00 secs] 
181.478: Total time for which application threads were stopped: 0.0018700 seconds, Stopping threads took: 0.0000640 seconds
181.628: Application time: 0.1505510 seconds
181.628: [GC [PSYoungGen: 665760K->640K(666112K)] 921142K->256030K(1211392K), 0.0016810 secs] [Times: user=0.01 sys=0.00, real=0.00 secs] 
181.630: Total time for which application threads were stopped: 0.0018040 seconds, Stopping threads took: 0.0000600 seconds
181.873: Application time: 0.2433200 seconds
181.873: [GC [PSYoungGen: 665728K->560K(666112K)] 921118K->255950K(1211392K), 0.0016910 secs] [Times: user=0.01 sys=0.00, real=0.00 secs] 
181.875: Total time for which application threads were stopped: 0.0018280 seconds, Stopping threads took: 0.0000700 seconds
182.044: Application time: 0.1685010 seconds
182.044: [GC [PSYoungGen: 665648K->720K(666112K)] 921038K->256118K(1211392K), 0.0016720 secs] [Times: user=0.01 sys=0.00, real=0.00 secs] 
182.045: Total time for which application threads were stopped: 0.0017960 seconds, Stopping threads took: 0.0000450 seconds
182.207: Application time: 0.1614570 seconds
182.207: [GC [PSYoungGen: 665808K->656K(666112K)] 921206K->256054K(1211392K), 0.0016340 secs] [Times: user=0.01 sys=0.00, real=0.00 secs] 
182.209: Total time for which application threads were stopped: 0.0017610 seconds, Stopping threads took: 0.0000630 seconds
182.452: Application time: 0.2431360 seconds
182.452: [GC [PSYoungGen: 665744K->656K(666112K)] 921142K->256054K(1211392K), 0.0032850 secs] [Times: user=0.02 sys=0.00, real=0.00 secs] 
182.455: Total time for which application threads were stopped: 0.0034270 seconds, Stopping threads took: 0.0000690 seconds
182.612: Application time: 0.1563680 seconds
182.612: [GC [PSYoungGen: 665744K->752K(666112K)] 921142K->256150K(1211392K), 0.0016840 secs] [Times: user=0.01 sys=0.00, real=0.00 secs] 
182.613: Total time for which application threads were stopped: 0.0018150 seconds, Stopping threads took: 0.0000520 seconds
182.824: Application time: 0.2104200 seconds
182.824: [GC [PSYoungGen: 665840K->416K(666112K)] 921238K->255814K(1211392K), 0.0016940 secs] [Times: user=0.01 sys=0.00, real=0.00 secs] 
182.826: Total time for which application threads were stopped: 0.0018420 seconds, Stopping threads took: 0.0000770 seconds
183.028: Application time: 0.2019910 seconds
183.028: [GC [PSYoungGen: 665504K->640K(666112K)] 920902K->256038K(1211392K), 0.0016720 secs] [Times: user=0.02 sys=0.00, real=0.00 secs] 
183.029: Total time for which application threads were stopped: 0.0017910 seconds, Stopping threads took: 0.0000590 seconds
183.180: Application time: 0.1509140 seconds
183.180: [GC [PSYoungGen: 665728K->752K(666112K)] 921126K->256158K(1211392K), 0.0016770 secs] [Times: user=0.01 sys=0.00, real=0.00 secs] 
183.182: Total time for which application threads were stopped: 0.0018170 seconds, Stopping threads took: 0.0000670 seconds
183.425: Application time: 0.2424400 seconds
183.425: [GC [PSYoungGen: 665840K->592K(666112K)] 921246K->255998K(1211392K), 0.0016960 secs] [Times: user=0.01 sys=0.00, real=0.00 secs] 
183.426: Total time for which application threads were stopped: 0.0018460 seconds, Stopping threads took: 0.0000800 seconds
183.597: Application time: 0.1708450 seconds
183.598: [GC [PSYoungGen: 665680K->608K(666112K)] 921086K->256022K(1211392K), 0.0017330 secs] [Times: user=0.01 sys=0.00, real=0.01 secs] 
183.600: Total time for which application threads were stopped: 0.0023390 seconds, Stopping threads took: 0.0005340 seconds
183.763: Application time: 0.1632780 seconds
183.763: [GC [PSYoungGen: 665696K->480K(666112K)] 921110K->255894K(1211392K), 0.0016970 secs] [Times: user=0.00 sys=0.00, real=0.00 secs] 
183.765: Total time for which application threads were stopped: 0.0018600 seconds, Stopping threads took: 0.0000820 seconds
184.007: Application time: 0.2418920 seconds
184.007: [GC [PSYoungGen: 665568K->704K(666112K)] 920982K->256118K(1211392K), 0.0017110 secs] [Times: user=0.00 sys=0.00, real=0.01 secs] 
184.009: Total time for which application threads were stopped: 0.0018590 seconds, Stopping threads took: 0.0000750 seconds
184.165: Application time: 0.1568660 seconds
184.166: [GC [PSYoungGen: 665792K->768K(666112K)] 921206K->256182K(1211392K), 0.0017390 secs] [Times: user=0.01 sys=0.00, real=0.01 secs] 
184.167: Total time for which application threads were stopped: 0.0018740 seconds, Stopping threads took: 0.0000680 seconds
184.380: Application time: 0.2125040 seconds
184.380: [GC [PSYoungGen: 665856K->416K(666112K)] 921270K->255830K(1211392K), 0.0016550 secs] [Times: user=0.01 sys=0.00, real=0.00 secs] 
184.382: Total time for which application threads were stopped: 0.0017930 seconds, Stopping threads took: 0.0000620 seconds
184.578: Application time: 0.1968380 seconds
184.579: [GC [PSYoungGen: 665504K->736K(666112K)] 920918K->256150K(1211392K), 0.0017190 secs] [Times: user=0.01 sys=0.00, real=0.01 secs] 
184.580: Total time for which application threads were stopped: 0.0018600 seconds, Stopping threads took: 0.0000750 seconds
184.733: Application time: 0.1526390 seconds
184.733: [GC [PSYoungGen: 665824K->640K(666112K)] 921238K->256062K(1211392K), 0.0017030 secs] [Times: user=0.01 sys=0.00, real=0.00 secs] 
184.735: Total time for which application threads were stopped: 0.0018550 seconds, Stopping threads took: 0.0000900 seconds
184.976: Application time: 0.2413580 seconds
184.976: [GC [PSYoungGen: 665728K->640K(666112K)] 921150K->256062K(1211392K), 0.0016900 secs] [Times: user=0.01 sys=0.00, real=0.00 secs] 
184.978: Total time for which application threads were stopped: 0.0018770 seconds, Stopping threads took: 0.0000930 seconds
185.151: Application time: 0.1726100 seconds
185.151: [GC [PSYoungGen: 665728K->848K(666112K)] 921150K->256278K(1211392K), 0.0016770 secs] [Times: user=0.01 sys=0.00, real=0.00 secs] 
185.152: Total time for which application threads were stopped: 0.0018600 seconds, Stopping threads took: 0.0001110 seconds
185.317: Application time: 0.1641820 seconds
185.317: [GC [PSYoungGen: 665936K->560K(666112K)] 921366K->255990K(1211392K), 0.0016790 secs] [Times: user=0.01 sys=0.00, real=0.00 secs] 
185.318: Total time for which application threads were stopped: 0.0018190 seconds, Stopping threads took: 0.0000790 seconds
185.558: Application time: 0.2392450 seconds
185.558: [GC [PSYoungGen: 665648K->592K(666112K)] 921078K->256022K(1211392K), 0.0016930 secs] [Times: user=0.01 sys=0.00, real=0.01 secs] 
185.560: Total time for which application threads were stopped: 0.0018490 seconds, Stopping threads took: 0.0000750 seconds
185.721: Application time: 0.1609510 seconds
185.721: [GC [PSYoungGen: 665680K->704K(666112K)] 921110K->256134K(1211392K), 0.0017040 secs] [Times: user=0.01 sys=0.00, real=0.00 secs] 
185.722: Total time for which application threads were stopped: 0.0018140 seconds, Stopping threads took: 0.0000450 seconds
185.936: Application time: 0.2139580 seconds
185.936: [GC [PSYoungGen: 665792K->416K(666112K)] 921222K->255846K(1211392K), 0.0017000 secs] [Times: user=0.01 sys=0.00, real=0.00 secs] 
185.938: Total time for which application threads were stopped: 0.0018420 seconds, Stopping threads took: 0.0000780 seconds
186.133: Application time: 0.1944620 seconds
186.133: [GC [PSYoungGen: 665504K->608K(666112K)] 920934K->256038K(1211392K), 0.0017400 secs] [Times: user=0.01 sys=0.00, real=0.00 secs] 
186.135: Total time for which application threads were stopped: 0.0018800 seconds, Stopping threads took: 0.0000580 seconds
186.287: Application time: 0.1528800 seconds
186.288: [GC [PSYoungGen: 665696K->640K(666112K)] 921126K->256078K(1211392K), 0.0016820 secs] [Times: user=0.01 sys=0.00, real=0.00 secs] 
186.289: Total time for which application threads were stopped: 0.0018090 seconds, Stopping threads took: 0.0000630 seconds
186.529: Application time: 0.2395570 seconds
186.529: [GC [PSYoungGen: 665728K->592K(666112K)] 921166K->256030K(1211392K), 0.0015230 secs] [Times: user=0.01 sys=0.00, real=0.00 secs] 
186.530: Total time for which application threads were stopped: 0.0016570 seconds, Stopping threads took: 0.0000720 seconds
186.704: Application time: 0.1737540 seconds
186.704: [GC [PSYoungGen: 665680K->752K(666112K)] 921118K->256198K(1211392K), 0.0016800 secs] [Times: user=0.01 sys=0.00, real=0.00 secs] 
186.706: Total time for which application threads were stopped: 0.0018160 seconds, Stopping threads took: 0.0000630 seconds
186.869: Application time: 0.1631200 seconds
186.869: [GC [PSYoungGen: 665840K->512K(666112K)] 921286K->255958K(1211392K), 0.0016910 secs] [Times: user=0.01 sys=0.00, real=0.00 secs] 
186.871: Total time for which application threads were stopped: 0.0018520 seconds, Stopping threads took: 0.0000940 seconds
187.109: Application time: 0.2377830 seconds
187.109: [GC [PSYoungGen: 665600K->688K(666112K)] 921046K->256134K(1211392K), 0.0017900 secs] [Times: user=0.01 sys=0.00, real=0.00 secs] 
187.111: Total time for which application threads were stopped: 0.0019340 seconds, Stopping threads took: 0.0000790 seconds
187.273: Application time: 0.1620130 seconds
187.273: [GC [PSYoungGen: 665776K->752K(666112K)] 921222K->256198K(1211392K), 0.0017880 secs] [Times: user=0.02 sys=0.00, real=0.00 secs] 
187.275: Total time for which application threads were stopped: 0.0019260 seconds, Stopping threads took: 0.0000620 seconds
187.492: Application time: 0.2174810 seconds
187.492: [GC [PSYoungGen: 665840K->448K(666112K)] 921286K->255894K(1211392K), 0.0017000 secs] [Times: user=0.01 sys=0.00, real=0.00 secs] 
187.494: Total time for which application threads were stopped: 0.0018720 seconds, Stopping threads took: 0.0001010 seconds
187.686: Application time: 0.1917380 seconds
187.686: [GC [PSYoungGen: 665536K->688K(666112K)] 920982K->256134K(1211392K), 0.0016990 secs] [Times: user=0.02 sys=0.00, real=0.01 secs] 
187.688: Total time for which application threads were stopped: 0.0018340 seconds, Stopping threads took: 0.0000590 seconds
187.842: Application time: 0.1541400 seconds
187.842: [GC [PSYoungGen: 665776K->752K(666112K)] 921222K->256222K(1211392K), 0.0017160 secs] [Times: user=0.01 sys=0.00, real=0.00 secs] 
187.844: Total time for which application threads were stopped: 0.0018810 seconds, Stopping threads took: 0.0000900 seconds
188.084: Application time: 0.2400780 seconds
188.084: [GC [PSYoungGen: 665840K->720K(666112K)] 921310K->256190K(1211392K), 0.0017090 secs] [Times: user=0.01 sys=0.00, real=0.00 secs] 
188.086: Total time for which application threads were stopped: 0.0018350 seconds, Stopping threads took: 0.0000620 seconds
188.257: Application time: 0.1717380 seconds
188.257: [GC [PSYoungGen: 665808K->672K(666112K)] 921278K->256150K(1211392K), 0.0017140 secs] [Times: user=0.01 sys=0.00, real=0.01 secs] 
188.259: Total time for which application threads were stopped: 0.0018770 seconds, Stopping threads took: 0.0000950 seconds
188.426: Application time: 0.1673100 seconds
188.427: [GC [PSYoungGen: 665760K->528K(666112K)] 921238K->256006K(1211392K), 0.0017190 secs] [Times: user=0.01 sys=0.00, real=0.01 secs] 
188.428: Total time for which application threads were stopped: 0.0018690 seconds, Stopping threads took: 0.0000720 seconds
188.661: Application time: 0.2330210 seconds
188.661: [GC [PSYoungGen: 665616K->624K(666112K)] 921094K->256102K(1211392K), 0.0016900 secs] [Times: user=0.01 sys=0.00, real=0.00 secs] 
188.663: Total time for which application threads were stopped: 0.0018450 seconds, Stopping threads took: 0.0000900 seconds
188.827: Application time: 0.1641840 seconds
188.828: [GC [PSYoungGen: 665712K->720K(666112K)] 921190K->256198K(1211392K), 0.0017090 secs] [Times: user=0.01 sys=0.00, real=0.00 secs] 
188.829: Total time for which application threads were stopped: 0.0018480 seconds, Stopping threads took: 0.0000710 seconds
189.048: Application time: 0.2191860 seconds
189.049: [GC [PSYoungGen: 665808K->448K(666112K)] 921286K->255926K(1211392K), 0.0016210 secs] [Times: user=0.00 sys=0.00, real=0.00 secs] 
189.050: Total time for which application threads were stopped: 0.0017870 seconds, Stopping threads took: 0.0000860 seconds
189.238: Application time: 0.1879650 seconds
189.238: [GC [PSYoungGen: 665536K->640K(666112K)] 921014K->256118K(1211392K), 0.0016850 secs] [Times: user=0.01 sys=0.00, real=0.01 secs] 
189.240: Total time for which application threads were stopped: 0.0018180 seconds, Stopping threads took: 0.0000690 seconds
189.396: Application time: 0.1555450 seconds
189.396: [GC [PSYoungGen: 665728K->688K(666112K)] 921206K->256174K(1211392K), 0.0016990 secs] [Times: user=0.02 sys=0.00, real=0.00 secs] 
189.397: Total time for which application threads were stopped: 0.0018560 seconds, Stopping threads took: 0.0000880 seconds
189.637: Application time: 0.2394970 seconds
189.637: [GC [PSYoungGen: 665776K->656K(666112K)] 921262K->256150K(1211392K), 0.0016930 secs] [Times: user=0.01 sys=0.00, real=0.00 secs] 
189.639: Total time for which application threads were stopped: 0.0018480 seconds, Stopping threads took: 0.0000840 seconds
189.812: Application time: 0.1731670 seconds
189.812: [GC [PSYoungGen: 665744K->560K(666112K)] 921238K->256062K(1211392K), 0.0018020 secs] [Times: user=0.01 sys=0.00, real=0.00 secs] 
189.814: Total time for which application threads were stopped: 0.0019380 seconds, Stopping threads took: 0.0000750 seconds
189.982: Application time: 0.1680910 seconds
189.982: [GC [PSYoungGen: 665648K->576K(666112K)] 921150K->256078K(1211392K), 0.0017110 secs] [Times: user=0.01 sys=0.00, real=0.00 secs] 
189.984: Total time for which application threads were stopped: 0.0018510 seconds, Stopping threads took: 0.0000760 seconds
190.213: Application time: 0.2291190 seconds
190.213: [GC [PSYoungGen: 665664K->672K(666112K)] 921166K->256174K(1211392K), 0.0016750 secs] [Times: user=0.01 sys=0.00, real=0.00 secs] 
190.215: Total time for which application threads were stopped: 0.0018570 seconds, Stopping threads took: 0.0000960 seconds
190.381: Application time: 0.1667070 seconds
190.382: [GC [PSYoungGen: 665760K->688K(666112K)] 921262K->256190K(1211392K), 0.0017010 secs] [Times: user=0.01 sys=0.00, real=0.00 secs] 
190.383: Total time for which application threads were stopped: 0.0018350 seconds, Stopping threads took: 0.0000620 seconds
190.601: Application time: 0.2176630 seconds
190.601: [GC [PSYoungGen: 665776K->448K(666112K)] 921278K->255950K(1211392K), 0.0016880 secs] [Times: user=0.02 sys=0.00, real=0.00 secs] 
190.603: Total time for which application threads were stopped: 0.0018240 seconds, Stopping threads took: 0.0000700 seconds
190.791: Application time: 0.1884570 seconds
190.791: [GC [PSYoungGen: 665536K->592K(666112K)] 921038K->256094K(1211392K), 0.0016920 secs] [Times: user=0.02 sys=0.00, real=0.00 secs] 
190.793: Total time for which application threads were stopped: 0.0018520 seconds, Stopping threads took: 0.0000830 seconds
190.949: Application time: 0.1558430 seconds
190.949: [GC [PSYoungGen: 665680K->640K(666112K)] 921182K->256150K(1211392K), 0.0016880 secs] [Times: user=0.01 sys=0.00, real=0.00 secs] 
190.951: Total time for which application threads were stopped: 0.0018140 seconds, Stopping threads took: 0.0000510 seconds
191.187: Application time: 0.2361430 seconds
191.187: [GC [PSYoungGen: 665728K->752K(666112K)] 921238K->256270K(1211392K), 0.0017060 secs] [Times: user=0.01 sys=0.00, real=0.00 secs] 
191.189: Total time for which application threads were stopped: 0.0018630 seconds, Stopping threads took: 0.0000870 seconds
191.362: Application time: 0.1728210 seconds
191.362: [GC [PSYoungGen: 665840K->688K(666112K)] 921358K->256214K(1211392K), 0.0017010 secs] [Times: user=0.01 sys=0.00, real=0.00 secs] 
191.363: Total time for which application threads were stopped: 0.0018330 seconds, Stopping threads took: 0.0000520 seconds
191.532: Application time: 0.1685020 seconds
191.532: [GC [PSYoungGen: 665776K->464K(666112K)] 921302K->255990K(1211392K), 0.0016730 secs] [Times: user=0.01 sys=0.00, real=0.00 secs] 
191.534: Total time for which application threads were stopped: 0.0018100 seconds, Stopping threads took: 0.0000730 seconds
191.764: Application time: 0.2297860 seconds
191.764: [GC [PSYoungGen: 665552K->608K(666112K)] 921078K->256134K(1211392K), 0.0017810 secs] [Times: user=0.01 sys=0.00, real=0.00 secs] 
191.766: Total time for which application threads were stopped: 0.0019140 seconds, Stopping threads took: 0.0000700 seconds
191.932: Application time: 0.1663770 seconds
191.932: [GC [PSYoungGen: 665696K->704K(666112K)] 921222K->256230K(1211392K), 0.0016740 secs] [Times: user=0.01 sys=0.00, real=0.00 secs] 
191.934: Total time for which application threads were stopped: 0.0017970 seconds, Stopping threads took: 0.0000500 seconds
192.152: Application time: 0.2178950 seconds
192.152: [GC [PSYoungGen: 665792K->560K(666112K)] 921318K->256086K(1211392K), 0.0016570 secs] [Times: user=0.01 sys=0.00, real=0.00 secs] 
192.153: Total time for which application threads were stopped: 0.0018040 seconds, Stopping threads took: 0.0000850 seconds
192.341: Application time: 0.1874070 seconds
192.341: [GC [PSYoungGen: 665648K->720K(666112K)] 921174K->256246K(1211392K), 0.0018280 secs] [Times: user=0.02 sys=0.00, real=0.00 secs] 
192.343: Total time for which application threads were stopped: 0.0019700 seconds, Stopping threads took: 0.0000790 seconds
192.500: Application time: 0.1571130 seconds
192.500: [GC [PSYoungGen: 665808K->624K(666112K)] 921334K->256158K(1211392K), 0.0016770 secs] [Times: user=0.02 sys=0.00, real=0.00 secs] 
192.502: Total time for which application threads were stopped: 0.0018490 seconds, Stopping threads took: 0.0001010 seconds
192.738: Application time: 0.2367250 seconds
192.739: [GC [PSYoungGen: 665712K->656K(666112K)] 921246K->256198K(1211392K), 0.0017290 secs] [Times: user=0.01 sys=0.00, real=0.01 secs] 
192.740: Total time for which application threads were stopped: 0.0018730 seconds, Stopping threads took: 0.0000650 seconds
192.914: Application time: 0.1741400 seconds
192.915: [GC [PSYoungGen: 665744K->720K(666112K)] 921286K->256270K(1211392K), 0.0017000 secs] [Times: user=0.01 sys=0.00, real=0.00 secs] 
192.916: Total time for which application threads were stopped: 0.0018370 seconds, Stopping threads took: 0.0000720 seconds
193.087: Application time: 0.1706410 seconds
193.087: [GC [PSYoungGen: 665808K->592K(666112K)] 921358K->256142K(1211392K), 0.0016870 secs] [Times: user=0.01 sys=0.00, real=0.00 secs] 
193.089: Total time for which application threads were stopped: 0.0018450 seconds, Stopping threads took: 0.0000770 seconds
193.314: Application time: 0.2255140 seconds
193.314: [GC [PSYoungGen: 665680K->640K(666112K)] 921230K->256190K(1211392K), 0.0018200 secs] [Times: user=0.01 sys=0.00, real=0.00 secs] 
193.316: Total time for which application threads were stopped: 0.0019420 seconds, Stopping threads took: 0.0000500 seconds
193.484: Application time: 0.1681970 seconds
193.485: [GC [PSYoungGen: 665728K->592K(666112K)] 921278K->256142K(1211392K), 0.0017470 secs] [Times: user=0.01 sys=0.00, real=0.00 secs] 
193.486: Total time for which application threads were stopped: 0.0019170 seconds, Stopping threads took: 0.0000960 seconds
193.703: Application time: 0.2166960 seconds
193.703: [GC [PSYoungGen: 665680K->496K(666112K)] 921230K->256046K(1211392K), 0.0018360 secs] [Times: user=0.01 sys=0.00, real=0.00 secs] 
193.705: Total time for which application threads were stopped: 0.0019950 seconds, Stopping threads took: 0.0000790 seconds
193.892: Application time: 0.1872850 seconds
193.892: [GC [PSYoungGen: 665584K->672K(666112K)] 921134K->256222K(1211392K), 0.0016660 secs] [Times: user=0.01 sys=0.00, real=0.00 secs] 
193.894: Total time for which application threads were stopped: 0.0017780 seconds, Stopping threads took: 0.0000520 seconds
194.054: Application time: 0.1597670 seconds
194.054: [GC [PSYoungGen: 665760K->752K(666112K)] 921310K->256310K(1211392K), 0.0016450 secs] [Times: user=0.01 sys=0.00, real=0.00 secs] 
194.056: Total time for which application threads were stopped: 0.0017840 seconds, Stopping threads took: 0.0000700 seconds
194.289: Application time: 0.2334830 seconds
194.289: [GC [PSYoungGen: 665840K->576K(666112K)] 921398K->256142K(1211392K), 0.0017070 secs] [Times: user=0.01 sys=0.00, real=0.00 secs] 
194.291: Total time for which application threads were stopped: 0.0018800 seconds, Stopping threads took: 0.0000890 seconds
194.465: Application time: 0.1736840 seconds
194.465: [GC [PSYoungGen: 665664K->720K(666112K)] 921230K->256294K(1211392K), 0.0017470 secs] [Times: user=0.01 sys=0.00, real=0.00 secs] 
194.467: Total time for which application threads were stopped: 0.0019090 seconds, Stopping threads took: 0.0000970 seconds
194.644: Application time: 0.1777650 seconds
194.645: [GC [PSYoungGen: 665808K->544K(666112K)] 921382K->256118K(1211392K), 0.0017960 secs] [Times: user=0.01 sys=0.00, real=0.00 secs] 
194.646: Total time for which application threads were stopped: 0.0019470 seconds, Stopping threads took: 0.0000870 seconds
194.867: Application time: 0.2205660 seconds
194.867: [GC [PSYoungGen: 665632K->608K(666112K)] 921206K->256182K(1211392K), 0.0017170 secs] [Times: user=0.01 sys=0.00, real=0.00 secs] 
194.869: Total time for which application threads were stopped: 0.0018380 seconds, Stopping threads took: 0.0000470 seconds
195.038: Application time: 0.1694530 seconds
195.038: [GC [PSYoungGen: 665696K->608K(666112K)] 921270K->256182K(1211392K), 0.0016870 secs] [Times: user=0.02 sys=0.00, real=0.01 secs] 
195.040: Total time for which application threads were stopped: 0.0018190 seconds, Stopping threads took: 0.0000630 seconds
195.257: Application time: 0.2167720 seconds
195.257: [GC [PSYoungGen: 665696K->528K(666112K)] 921270K->256102K(1211392K), 0.0016680 secs] [Times: user=0.01 sys=0.00, real=0.00 secs] 
195.259: Total time for which application threads were stopped: 0.0018490 seconds, Stopping threads took: 0.0001030 seconds
195.446: Application time: 0.1868860 seconds
195.446: [GC [PSYoungGen: 665616K->704K(666112K)] 921190K->256278K(1211392K), 0.0016820 secs] [Times: user=0.01 sys=0.00, real=0.01 secs] 
195.447: Total time for which application threads were stopped: 0.0018290 seconds, Stopping threads took: 0.0000730 seconds
195.609: Application time: 0.1618560 seconds
195.609: [GC [PSYoungGen: 665792K->704K(666112K)] 921366K->256286K(1211392K), 0.0016920 secs] [Times: user=0.01 sys=0.00, real=0.00 secs] 
195.611: Total time for which application threads were stopped: 0.0018100 seconds, Stopping threads took: 0.0000540 seconds
195.841: Application time: 0.2301920 seconds
195.841: [GC [PSYoungGen: 665792K->656K(666112K)] 921374K->256246K(1211392K), 0.0017210 secs] [Times: user=0.02 sys=0.00, real=0.00 secs] 
195.843: Total time for which application threads were stopped: 0.0018540 seconds, Stopping threads took: 0.0000600 seconds
196.020: Application time: 0.1766440 seconds
196.020: [GC [PSYoungGen: 665744K->816K(666112K)] 921334K->256414K(1211392K), 0.0016860 secs] [Times: user=0.01 sys=0.00, real=0.00 secs] 
196.022: Total time for which application threads were stopped: 0.0018260 seconds, Stopping threads took: 0.0000660 seconds
196.200: Application time: 0.1787090 seconds
196.200: [GC [PSYoungGen: 665904K->608K(666112K)] 921502K->256206K(1211392K), 0.0018080 secs] [Times: user=0.02 sys=0.00, real=0.00 secs] 
196.202: Total time for which application threads were stopped: 0.0019650 seconds, Stopping threads took: 0.0000840 seconds
196.418: Application time: 0.2158940 seconds
196.418: [GC [PSYoungGen: 665696K->704K(666112K)] 921294K->256302K(1211392K), 0.0017310 secs] [Times: user=0.01 sys=0.00, real=0.01 secs] 
196.420: Total time for which application threads were stopped: 0.0018610 seconds, Stopping threads took: 0.0000610 seconds
196.589: Application time: 0.1692430 seconds
196.589: [GC [PSYoungGen: 665792K->640K(666112K)] 921390K->256238K(1211392K), 0.0017170 secs] [Times: user=0.01 sys=0.00, real=0.00 secs] 
196.591: Total time for which application threads were stopped: 0.0018730 seconds, Stopping threads took: 0.0000690 seconds
196.808: Application time: 0.2164870 seconds
196.808: [GC [PSYoungGen: 665728K->640K(666112K)] 921326K->256238K(1211392K), 0.0018330 secs] [Times: user=0.01 sys=0.00, real=0.00 secs] 
196.810: Total time for which application threads were stopped: 0.0019700 seconds, Stopping threads took: 0.0000720 seconds
196.991: Application time: 0.1812990 seconds
196.991: [GC [PSYoungGen: 665728K->624K(666112K)] 921326K->256230K(1211392K), 0.0016920 secs] [Times: user=0.01 sys=0.00, real=0.00 secs] 
196.993: Total time for which application threads were stopped: 0.0018240 seconds, Stopping threads took: 0.0000660 seconds
197.158: Application time: 0.1654760 seconds
197.158: [GC [PSYoungGen: 665712K->592K(666112K)] 921318K->256206K(1211392K), 0.0016890 secs] [Times: user=0.01 sys=0.00, real=0.01 secs] 
197.160: Total time for which application threads were stopped: 0.0018610 seconds, Stopping threads took: 0.0000930 seconds
197.384: Application time: 0.2236590 seconds
197.384: [GC [PSYoungGen: 665680K->624K(666112K)] 921294K->256246K(1211392K), 0.0016900 secs] [Times: user=0.02 sys=0.00, real=0.00 secs] 
197.386: Total time for which application threads were stopped: 0.0018400 seconds, Stopping threads took: 0.0000770 seconds
197.562: Application time: 0.1762740 seconds
197.562: [GC [PSYoungGen: 665712K->880K(666112K)] 921334K->256510K(1211392K), 0.0017130 secs] [Times: user=0.01 sys=0.00, real=0.00 secs] 
197.564: Total time for which application threads were stopped: 0.0018520 seconds, Stopping threads took: 0.0000730 seconds
197.753: Application time: 0.1892630 seconds
197.753: [GC [PSYoungGen: 665968K->608K(666112K)] 921598K->256238K(1211392K), 0.0016870 secs] [Times: user=0.01 sys=0.00, real=0.00 secs] 
197.755: Total time for which application threads were stopped: 0.0018460 seconds, Stopping threads took: 0.0000810 seconds
197.964: Application time: 0.2093530 seconds
197.964: [GC [PSYoungGen: 665696K->848K(666112K)] 921326K->256478K(1211392K), 0.0017640 secs] [Times: user=0.01 sys=0.00, real=0.00 secs] 
197.966: Total time for which application threads were stopped: 0.0018980 seconds, Stopping threads took: 0.0000620 seconds
198.135: Application time: 0.1690620 seconds
198.135: [GC [PSYoungGen: 665936K->704K(666112K)] 921566K->256334K(1211392K), 0.0016680 secs] [Times: user=0.01 sys=0.00, real=0.00 secs] 
198.137: Total time for which application threads were stopped: 0.0018040 seconds, Stopping threads took: 0.0000730 seconds
198.352: Application time: 0.2151050 seconds
198.352: [GC [PSYoungGen: 665792K->576K(666112K)] 921422K->256206K(1211392K), 0.0016880 secs] [Times: user=0.01 sys=0.00, real=0.00 secs] 
198.354: Total time for which application threads were stopped: 0.0018320 seconds, Stopping threads took: 0.0000650 seconds
198.538: Application time: 0.1845790 seconds
198.539: [GC [PSYoungGen: 665664K->560K(666112K)] 921294K->256198K(1211392K), 0.0016170 secs] [Times: user=0.01 sys=0.00, real=0.01 secs] 
198.540: Total time for which application threads were stopped: 0.0017320 seconds, Stopping threads took: 0.0000520 seconds
198.713: Application time: 0.1727560 seconds
198.713: [GC [PSYoungGen: 665648K->608K(666112K)] 921286K->256254K(1211392K), 0.0017160 secs] [Times: user=0.01 sys=0.00, real=0.00 secs] 
198.715: Total time for which application threads were stopped: 0.0018870 seconds, Stopping threads took: 0.0001030 seconds
198.933: Application time: 0.2179270 seconds
198.933: [GC [PSYoungGen: 665696K->640K(666112K)] 921342K->256294K(1211392K), 0.0017360 secs] [Times: user=0.01 sys=0.00, real=0.00 secs] 
198.935: Total time for which application threads were stopped: 0.0018960 seconds, Stopping threads took: 0.0000830 seconds
199.115: Application time: 0.1799040 seconds
199.115: [GC [PSYoungGen: 665728K->656K(666112K)] 921382K->256318K(1211392K), 0.0016970 secs] [Times: user=0.01 sys=0.00, real=0.00 secs] 
199.116: Total time for which application threads were stopped: 0.0018390 seconds, Stopping threads took: 0.0000790 seconds
199.309: Application time: 0.1926000 seconds
199.309: [GC [PSYoungGen: 665744K->608K(666112K)] 921406K->256270K(1211392K), 0.0017030 secs] [Times: user=0.01 sys=0.00, real=0.00 secs] 
199.311: Total time for which application threads were stopped: 0.0018280 seconds, Stopping threads took: 0.0000500 seconds
199.516: Application time: 0.2055250 seconds
199.517: [GC [PSYoungGen: 665696K->688K(666112K)] 921358K->256350K(1211392K), 0.0016210 secs] [Times: user=0.01 sys=0.00, real=0.00 secs] 
199.518: Total time for which application threads were stopped: 0.0017780 seconds, Stopping threads took: 0.0000780 seconds
199.686: Application time: 0.1675110 seconds
199.686: [GC [PSYoungGen: 665776K->688K(666112K)] 921438K->256350K(1211392K), 0.0017090 secs] [Times: user=0.01 sys=0.00, real=0.01 secs] 
199.688: Total time for which application threads were stopped: 0.0018800 seconds, Stopping threads took: 0.0001020 seconds
199.902: Application time: 0.2146910 seconds
199.902: [GC [PSYoungGen: 665776K->672K(666112K)] 921438K->256334K(1211392K), 0.0017200 secs] [Times: user=0.01 sys=0.00, real=0.00 secs] 
199.904: Total time for which application threads were stopped: 0.0018730 seconds, Stopping threads took: 0.0000870 seconds
200.090: Application time: 0.1854090 seconds
200.090: [GC [PSYoungGen: 665760K->672K(666112K)] 921422K->256342K(1211392K), 0.0017220 secs] [Times: user=0.02 sys=0.00, real=0.00 secs] 
200.091: Total time for which application threads were stopped: 0.0018700 seconds, Stopping threads took: 0.0000670 seconds
200.265: Application time: 0.1732820 seconds
200.265: [GC [PSYoungGen: 665760K->704K(666112K)] 921430K->256382K(1211392K), 0.0017530 secs] [Times: user=0.01 sys=0.00, real=0.00 secs] 
200.267: Total time for which application threads were stopped: 0.0018850 seconds, Stopping threads took: 0.0000560 seconds
200.482: Application time: 0.2149900 seconds
200.482: [GC [PSYoungGen: 665792K->608K(666112K)] 921470K->256294K(1211392K), 0.0017120 secs] [Times: user=0.01 sys=0.00, real=0.00 secs] 
200.483: Total time for which application threads were stopped: 0.0018380 seconds, Stopping threads took: 0.0000620 seconds
200.665: Application time: 0.1811980 seconds
200.665: [GC [PSYoungGen: 665696K->720K(666112K)] 921382K->256414K(1211392K), 0.0016820 secs] [Times: user=0.01 sys=0.00, real=0.00 secs] 
200.666: Total time for which application threads were stopped: 0.0018270 seconds, Stopping threads took: 0.0000740 seconds
200.859: Application time: 0.1927420 seconds
200.859: [GC [PSYoungGen: 665808K->560K(666112K)] 921502K->256254K(1211392K), 0.0016650 secs] [Times: user=0.02 sys=0.00, real=0.00 secs] 
200.861: Total time for which application threads were stopped: 0.0018100 seconds, Stopping threads took: 0.0000820 seconds
201.065: Application time: 0.2044540 seconds
201.066: [GC [PSYoungGen: 665648K->592K(666112K)] 921342K->256286K(1211392K), 0.0017180 secs] [Times: user=0.01 sys=0.00, real=0.01 secs] 
201.067: Total time for which application threads were stopped: 0.0018760 seconds, Stopping threads took: 0.0000930 seconds
201.236: Application time: 0.1687040 seconds
201.236: [GC [PSYoungGen: 665680K->688K(666112K)] 921374K->256382K(1211392K), 0.0016580 secs] [Times: user=0.01 sys=0.00, real=0.00 secs] 
201.238: Total time for which application threads were stopped: 0.0017980 seconds, Stopping threads took: 0.0000650 seconds
201.452: Application time: 0.2143400 seconds
201.452: [GC [PSYoungGen: 665776K->624K(666112K)] 921470K->256318K(1211392K), 0.0017260 secs] [Times: user=0.01 sys=0.00, real=0.00 secs] 
201.454: Total time for which application threads were stopped: 0.0018680 seconds, Stopping threads took: 0.0000810 seconds
201.637: Application time: 0.1832860 seconds
201.637: [GC [PSYoungGen: 665712K->560K(666112K)] 921406K->256262K(1211392K), 0.0017060 secs] [Times: user=0.01 sys=0.00, real=0.01 secs] 
201.639: Total time for which application threads were stopped: 0.0018540 seconds, Stopping threads took: 0.0000750 seconds
201.818: Application time: 0.1785330 seconds
201.818: [GC [PSYoungGen: 665648K->608K(666112K)] 921350K->256318K(1211392K), 0.0016650 secs] [Times: user=0.01 sys=0.00, real=0.01 secs] 
201.820: Total time for which application threads were stopped: 0.0017970 seconds, Stopping threads took: 0.0000560 seconds
202.031: Application time: 0.2118850 seconds
202.032: [GC [PSYoungGen: 665696K->592K(666112K)] 921406K->256310K(1211392K), 0.0016860 secs] [Times: user=0.01 sys=0.00, real=0.00 secs] 
202.033: Total time for which application threads were stopped: 0.0018080 seconds, Stopping threads took: 0.0000590 seconds
202.214: Application time: 0.1809450 seconds
202.214: [GC [PSYoungGen: 665680K->640K(666112K)] 921398K->256366K(1211392K), 0.0017080 secs] [Times: user=0.01 sys=0.00, real=0.00 secs] 
202.216: Total time for which application threads were stopped: 0.0018470 seconds, Stopping threads took: 0.0000750 seconds
202.412: Application time: 0.1962010 seconds
202.412: [GC [PSYoungGen: 665728K->560K(666112K)] 921454K->256286K(1211392K), 0.0016840 secs] [Times: user=0.01 sys=0.00, real=0.00 secs] 
202.414: Total time for which application threads were stopped: 0.0018440 seconds, Stopping threads took: 0.0000810 seconds
202.614: Application time: 0.1994940 seconds
202.614: [GC [PSYoungGen: 665648K->576K(666112K)] 921374K->256302K(1211392K), 0.0017390 secs] [Times: user=0.01 sys=0.00, real=0.00 secs] 
202.616: Total time for which application threads were stopped: 0.0018860 seconds, Stopping threads took: 0.0000850 seconds
202.787: Application time: 0.1714980 seconds
202.787: [GC [PSYoungGen: 665664K->864K(666112K)] 921390K->256590K(1211392K), 0.0016890 secs] [Times: user=0.01 sys=0.00, real=0.00 secs] 
202.789: Total time for which application threads were stopped: 0.0018230 seconds, Stopping threads took: 0.0000630 seconds
203.007: Application time: 0.2182660 seconds
203.007: [GC [PSYoungGen: 665952K->560K(666112K)] 921678K->256286K(1211392K), 0.0018400 secs] [Times: user=0.01 sys=0.00, real=0.00 secs] 
203.009: Total time for which application threads were stopped: 0.0020100 seconds, Stopping threads took: 0.0000840 seconds
203.193: Application time: 0.1835120 seconds
203.193: [GC [PSYoungGen: 665648K->816K(666112K)] 921374K->256550K(1211392K), 0.0017190 secs] [Times: user=0.01 sys=0.00, real=0.00 secs] 
203.194: Total time for which application threads were stopped: 0.0018380 seconds, Stopping threads took: 0.0000510 seconds
203.375: Application time: 0.1807440 seconds
203.375: [GC [PSYoungGen: 665904K->544K(666112K)] 921638K->256286K(1211392K), 0.0016950 secs] [Times: user=0.01 sys=0.00, real=0.00 secs] 
203.377: Total time for which application threads were stopped: 0.0018360 seconds, Stopping threads took: 0.0000730 seconds
203.593: Application time: 0.2159810 seconds
203.593: [GC [PSYoungGen: 665632K->624K(666112K)] 921374K->256374K(1211392K), 0.0018100 secs] [Times: user=0.01 sys=0.00, real=0.00 secs] 
203.595: Total time for which application threads were stopped: 0.0019510 seconds, Stopping threads took: 0.0000660 seconds
203.766: Application time: 0.1708650 seconds
203.766: [GC [PSYoungGen: 665712K->720K(666112K)] 921462K->256478K(1211392K), 0.0017430 secs] [Times: user=0.01 sys=0.00, real=0.01 secs] 
203.768: Total time for which application threads were stopped: 0.0018810 seconds, Stopping threads took: 0.0000740 seconds
203.980: Application time: 0.2125060 seconds
203.980: [GC [PSYoungGen: 665808K->496K(666112K)] 921566K->256254K(1211392K), 0.0016970 secs] [Times: user=0.01 sys=0.00, real=0.00 secs] 
203.982: Total time for which application threads were stopped: 0.0018210 seconds, Stopping threads took: 0.0000570 seconds
204.169: Application time: 0.1867420 seconds
204.169: [GC [PSYoungGen: 665584K->608K(666112K)] 921342K->256366K(1211392K), 0.0016690 secs] [Times: user=0.01 sys=0.00, real=0.00 secs] 
204.171: Total time for which application threads were stopped: 0.0017910 seconds, Stopping threads took: 0.0000470 seconds
204.343: Application time: 0.1725430 seconds
204.343: [GC [PSYoungGen: 665696K->656K(666112K)] 921454K->256414K(1211392K), 0.0017110 secs] [Times: user=0.01 sys=0.00, real=0.00 secs] 
204.345: Total time for which application threads were stopped: 0.0018700 seconds, Stopping threads took: 0.0000900 seconds
204.561: Application time: 0.2161220 seconds
204.561: [GC [PSYoungGen: 665744K->608K(666112K)] 921502K->256366K(1211392K), 0.0017410 secs] [Times: user=0.01 sys=0.00, real=0.00 secs] 
204.563: Total time for which application threads were stopped: 0.0018990 seconds, Stopping threads took: 0.0000880 seconds
204.744: Application time: 0.1809400 seconds
204.744: [GC [PSYoungGen: 665696K->656K(666112K)] 921454K->256422K(1211392K), 0.0016720 secs] [Times: user=0.01 sys=0.00, real=0.00 secs] 
204.746: Total time for which application threads were stopped: 0.0018360 seconds, Stopping threads took: 0.0000900 seconds
204.935: Application time: 0.1891100 seconds
204.935: [GC [PSYoungGen: 665744K->640K(666112K)] 921510K->256414K(1211392K), 0.0016710 secs] [Times: user=0.01 sys=0.00, real=0.00 secs] 
204.937: Total time for which application threads were stopped: 0.0017970 seconds, Stopping threads took: 0.0000660 seconds
205.142: Application time: 0.2053420 seconds
205.142: [GC [PSYoungGen: 665728K->576K(666112K)] 921502K->256358K(1211392K), 0.0017360 secs] [Times: user=0.01 sys=0.00, real=0.00 secs] 
205.144: Total time for which application threads were stopped: 0.0018820 seconds, Stopping threads took: 0.0000770 seconds
205.316: Application time: 0.1715930 seconds
205.316: [GC [PSYoungGen: 665664K->704K(666112K)] 921446K->256494K(1211392K), 0.0016850 secs] [Times: user=0.01 sys=0.00, real=0.00 secs] 
205.317: Total time for which application threads were stopped: 0.0018360 seconds, Stopping threads took: 0.0000740 seconds
205.530: Application time: 0.2123110 seconds
205.530: [GC [PSYoungGen: 665792K->544K(666112K)] 921582K->256334K(1211392K), 0.0017050 secs] [Times: user=0.01 sys=0.00, real=0.00 secs] 
205.532: Total time for which application threads were stopped: 0.0018510 seconds, Stopping threads took: 0.0000770 seconds
205.717: Application time: 0.1858200 seconds
205.718: [GC [PSYoungGen: 665632K->608K(666112K)] 921422K->256398K(1211392K), 0.0017350 secs] [Times: user=0.01 sys=0.00, real=0.01 secs] 
205.719: Total time for which application threads were stopped: 0.0018700 seconds, Stopping threads took: 0.0000700 seconds
205.890: Application time: 0.1708940 seconds
205.890: [GC [PSYoungGen: 665696K->656K(666112K)] 921486K->256446K(1211392K), 0.0016970 secs] [Times: user=0.01 sys=0.00, real=0.00 secs] 
205.892: Total time for which application threads were stopped: 0.0018510 seconds, Stopping threads took: 0.0000800 seconds
206.107: Application time: 0.2147870 seconds
206.107: [GC [PSYoungGen: 665744K->624K(666112K)] 921534K->256414K(1211392K), 0.0018050 secs] [Times: user=0.01 sys=0.00, real=0.00 secs] 
206.109: Total time for which application threads were stopped: 0.0019490 seconds, Stopping threads took: 0.0000720 seconds
206.292: Application time: 0.1829340 seconds
206.292: [GC [PSYoungGen: 665712K->672K(666112K)] 921502K->256470K(1211392K), 0.0016770 secs] [Times: user=0.01 sys=0.00, real=0.00 secs] 
206.293: Total time for which application threads were stopped: 0.0017810 seconds, Stopping threads took: 0.0000430 seconds
206.482: Application time: 0.1884820 seconds
206.482: [GC [PSYoungGen: 665760K->496K(666112K)] 921558K->256302K(1211392K), 0.0016690 secs] [Times: user=0.01 sys=0.00, real=0.00 secs] 
206.484: Total time for which application threads were stopped: 0.0018220 seconds, Stopping threads took: 0.0000720 seconds
206.688: Application time: 0.2037680 seconds
206.688: [GC [PSYoungGen: 665584K->608K(666112K)] 921390K->256422K(1211392K), 0.0017070 secs] [Times: user=0.01 sys=0.00, real=0.00 secs] 
206.689: Total time for which application threads were stopped: 0.0018320 seconds, Stopping threads took: 0.0000480 seconds
206.859: Application time: 0.1696300 seconds
206.859: [GC [PSYoungGen: 665696K->656K(666112K)] 921510K->256478K(1211392K), 0.0016840 secs] [Times: user=0.01 sys=0.00, real=0.00 secs] 
206.861: Total time for which application threads were stopped: 0.0018000 seconds, Stopping threads took: 0.0000470 seconds
207.073: Application time: 0.2119570 seconds
207.073: [GC [PSYoungGen: 665744K->592K(666112K)] 921566K->256414K(1211392K), 0.0016660 secs] [Times: user=0.01 sys=0.00, real=0.00 secs] 
207.075: Total time for which application threads were stopped: 0.0018170 seconds, Stopping threads took: 0.0000810 seconds
207.262: Application time: 0.1875550 seconds
207.262: [GC [PSYoungGen: 665680K->672K(666112K)] 921502K->256494K(1211392K), 0.0017370 secs] [Times: user=0.01 sys=0.00, real=0.00 secs] 
207.264: Total time for which application threads were stopped: 0.0018770 seconds, Stopping threads took: 0.0000760 seconds
207.437: Application time: 0.1725700 seconds
207.437: [GC [PSYoungGen: 665760K->688K(666112K)] 921582K->256510K(1211392K), 0.0016740 secs] [Times: user=0.01 sys=0.00, real=0.00 secs] 
207.438: Total time for which application threads were stopped: 0.0018020 seconds, Stopping threads took: 0.0000640 seconds
207.655: Application time: 0.2162500 seconds
207.655: [GC [PSYoungGen: 665776K->624K(666112K)] 921598K->256446K(1211392K), 0.0017190 secs] [Times: user=0.01 sys=0.00, real=0.00 secs] 
207.657: Total time for which application threads were stopped: 0.0019000 seconds, Stopping threads took: 0.0000910 seconds
207.839: Application time: 0.1820370 seconds
207.839: [GC [PSYoungGen: 665712K->704K(666112K)] 921534K->256534K(1211392K), 0.0016870 secs] [Times: user=0.01 sys=0.00, real=0.01 secs] 
207.840: Total time for which application threads were stopped: 0.0018140 seconds, Stopping threads took: 0.0000640 seconds
208.029: Application time: 0.1884140 seconds
208.029: [GC [PSYoungGen: 665792K->496K(666112K)] 921622K->256334K(1211392K), 0.0018060 secs] [Times: user=0.01 sys=0.00, real=0.00 secs] 
208.031: Total time for which application threads were stopped: 0.0019460 seconds, Stopping threads took: 0.0000690 seconds
208.237: Application time: 0.2067200 seconds
208.238: [GC [PSYoungGen: 665584K->512K(666112K)] 921422K->256358K(1211392K), 0.0018450 secs] [Times: user=0.02 sys=0.00, real=0.01 secs] 
208.240: Total time for which application threads were stopped: 0.0020050 seconds, Stopping threads took: 0.0000840 seconds
208.412: Application time: 0.1721830 seconds
208.412: [GC [PSYoungGen: 665600K->656K(666112K)] 921446K->256510K(1211392K), 0.0016360 secs] [Times: user=0.01 sys=0.00, real=0.00 secs] 
208.413: Total time for which application threads were stopped: 0.0017600 seconds, Stopping threads took: 0.0000640 seconds
208.626: Application time: 0.2127290 seconds
208.626: [GC [PSYoungGen: 665744K->480K(666112K)] 921598K->256334K(1211392K), 0.0017420 secs] [Times: user=0.01 sys=0.00, real=0.01 secs] 
208.628: Total time for which application threads were stopped: 0.0018990 seconds, Stopping threads took: 0.0000820 seconds
208.816: Application time: 0.1874710 seconds
208.816: [GC [PSYoungGen: 665568K->656K(666112K)] 921422K->256510K(1211392K), 0.0017370 secs] [Times: user=0.01 sys=0.00, real=0.00 secs] 
208.817: Total time for which application threads were stopped: 0.0018620 seconds, Stopping threads took: 0.0000480 seconds
208.986: Application time: 0.1688350 seconds
208.986: [GC [PSYoungGen: 665744K->672K(666112K)] 921598K->256526K(1211392K), 0.0017350 secs] [Times: user=0.01 sys=0.00, real=0.01 secs] 
208.988: Total time for which application threads were stopped: 0.0018670 seconds, Stopping threads took: 0.0000680 seconds
209.206: Application time: 0.2175210 seconds
209.206: [GC [PSYoungGen: 665760K->672K(666112K)] 921614K->256526K(1211392K), 0.0016400 secs] [Times: user=0.01 sys=0.00, real=0.01 secs] 
209.207: Total time for which application threads were stopped: 0.0017780 seconds, Stopping threads took: 0.0000700 seconds
209.390: Application time: 0.1829160 seconds
209.390: [GC [PSYoungGen: 665760K->672K(666112K)] 921614K->256534K(1211392K), 0.0017370 secs] [Times: user=0.01 sys=0.00, real=0.00 secs] 
209.392: Total time for which application threads were stopped: 0.0018840 seconds, Stopping threads took: 0.0000610 seconds
209.578: Application time: 0.1857280 seconds
209.578: [GC [PSYoungGen: 665760K->560K(666112K)] 921622K->256430K(1211392K), 0.0016990 secs] [Times: user=0.01 sys=0.00, real=0.01 secs] 
209.580: Total time for which application threads were stopped: 0.0018500 seconds, Stopping threads took: 0.0000800 seconds
209.791: Application time: 0.2116310 seconds
209.792: [GC [PSYoungGen: 665648K->768K(666112K)] 921518K->256646K(1211392K), 0.0017460 secs] [Times: user=0.01 sys=0.00, real=0.00 secs] 
209.793: Total time for which application threads were stopped: 0.0018690 seconds, Stopping threads took: 0.0000600 seconds
209.965: Application time: 0.1719820 seconds
209.965: [GC [PSYoungGen: 665856K->768K(666112K)] 921734K->256654K(1211392K), 0.0016820 secs] [Times: user=0.01 sys=0.00, real=0.01 secs] 
209.967: Total time for which application threads were stopped: 0.0018250 seconds, Stopping threads took: 0.0000670 seconds
210.179: Application time: 0.2119220 seconds
210.179: [GC [PSYoungGen: 665856K->640K(666112K)] 921742K->256526K(1211392K), 0.0017340 secs] [Times: user=0.01 sys=0.00, real=0.00 secs] 
210.181: Total time for which application threads were stopped: 0.0019030 seconds, Stopping threads took: 0.0000980 seconds
210.366: Application time: 0.1852730 seconds
210.366: [GC [PSYoungGen: 665728K->688K(666112K)] 921614K->256574K(1211392K), 0.0017870 secs] [Times: user=0.01 sys=0.00, real=0.01 secs] 
210.368: Total time for which application threads were stopped: 0.0019190 seconds, Stopping threads took: 0.0000720 seconds
210.537: Application time: 0.1691020 seconds
210.537: [GC [PSYoungGen: 665776K->656K(666112K)] 921662K->256542K(1211392K), 0.0017210 secs] [Times: user=0.02 sys=0.00, real=0.01 secs] 
210.539: Total time for which application threads were stopped: 0.0018640 seconds, Stopping threads took: 0.0000710 seconds
210.757: Application time: 0.2178570 seconds
210.757: [GC [PSYoungGen: 665744K->640K(666112K)] 921630K->256526K(1211392K), 0.0016510 secs] [Times: user=0.01 sys=0.00, real=0.01 secs] 
210.759: Total time for which application threads were stopped: 0.0018190 seconds, Stopping threads took: 0.0000960 seconds
210.940: Application time: 0.1815760 seconds
210.941: [GC [PSYoungGen: 665728K->576K(666112K)] 921614K->256470K(1211392K), 0.0018260 secs] [Times: user=0.01 sys=0.00, real=0.00 secs] 
210.942: Total time for which application threads were stopped: 0.0019560 seconds, Stopping threads took: 0.0000680 seconds
211.127: Application time: 0.1850500 seconds
211.128: [GC [PSYoungGen: 665664K->480K(666112K)] 921558K->256382K(1211392K), 0.0016920 secs] [Times: user=0.01 sys=0.00, real=0.00 secs] 
211.129: Total time for which application threads were stopped: 0.0018480 seconds, Stopping threads took: 0.0000720 seconds
211.338: Application time: 0.2087580 seconds
211.338: [GC [PSYoungGen: 665568K->704K(666112K)] 921470K->256614K(1211392K), 0.0017240 secs] [Times: user=0.01 sys=0.00, real=0.01 secs] 
211.340: Total time for which application threads were stopped: 0.0018510 seconds, Stopping threads took: 0.0000650 seconds
211.512: Application time: 0.1723230 seconds
211.512: [GC [PSYoungGen: 665792K->704K(666112K)] 921702K->256622K(1211392K), 0.0016840 secs] [Times: user=0.01 sys=0.00, real=0.00 secs] 
211.514: Total time for which application threads were stopped: 0.0018000 seconds, Stopping threads took: 0.0000470 seconds
211.726: Application time: 0.2121550 seconds
211.726: [GC [PSYoungGen: 665792K->528K(666112K)] 921710K->256446K(1211392K), 0.0017650 secs] [Times: user=0.01 sys=0.00, real=0.01 secs] 
211.728: Total time for which application threads were stopped: 0.0019250 seconds, Stopping threads took: 0.0000790 seconds
211.916: Application time: 0.1883400 seconds
211.917: [GC [PSYoungGen: 665616K->768K(666112K)] 921534K->256686K(1211392K), 0.0016810 secs] [Times: user=0.01 sys=0.00, real=0.00 secs] 
211.918: Total time for which application threads were stopped: 0.0018050 seconds, Stopping threads took: 0.0000640 seconds
212.089: Application time: 0.1709770 seconds
212.089: [GC [PSYoungGen: 665856K->752K(666112K)] 921774K->256670K(1211392K), 0.0016850 secs] [Times: user=0.01 sys=0.00, real=0.00 secs] 
212.091: Total time for which application threads were stopped: 0.0018340 seconds, Stopping threads took: 0.0000850 seconds
212.310: Application time: 0.2186750 seconds
212.310: [GC [PSYoungGen: 665840K->592K(666112K)] 921758K->256510K(1211392K), 0.0018180 secs] [Times: user=0.01 sys=0.00, real=0.00 secs] 
212.312: Total time for which application threads were stopped: 0.0019760 seconds, Stopping threads took: 0.0000760 seconds
212.494: Application time: 0.1819040 seconds
212.494: [GC [PSYoungGen: 665680K->752K(666112K)] 921598K->256678K(1211392K), 0.0015230 secs] [Times: user=0.01 sys=0.00, real=0.00 secs] 
212.495: Total time for which application threads were stopped: 0.0016750 seconds, Stopping threads took: 0.0000850 seconds
212.680: Application time: 0.1845670 seconds
212.680: [GC [PSYoungGen: 665840K->576K(666112K)] 921766K->256510K(1211392K), 0.0015190 secs] [Times: user=0.00 sys=0.00, real=0.00 secs] 
212.682: Total time for which application threads were stopped: 0.0016860 seconds, Stopping threads took: 0.0000930 seconds
212.893: Application time: 0.2116040 seconds
212.894: [GC [PSYoungGen: 665664K->672K(666112K)] 921598K->256614K(1211392K), 0.0016780 secs] [Times: user=0.01 sys=0.00, real=0.00 secs] 
212.896: Total time for which application threads were stopped: 0.0024160 seconds, Stopping threads took: 0.0006690 seconds
213.069: Application time: 0.1735180 seconds
213.069: [GC [PSYoungGen: 665760K->672K(666112K)] 921702K->256622K(1211392K), 0.0017200 secs] [Times: user=0.01 sys=0.00, real=0.00 secs] 
213.071: Total time for which application threads were stopped: 0.0018570 seconds, Stopping threads took: 0.0000750 seconds
213.281: Application time: 0.2100760 seconds
213.281: [GC [PSYoungGen: 665760K->464K(666112K)] 921710K->256414K(1211392K), 0.0017020 secs] [Times: user=0.01 sys=0.00, real=0.00 secs] 
213.283: Total time for which application threads were stopped: 0.0018830 seconds, Stopping threads took: 0.0001080 seconds
213.470: Application time: 0.1870990 seconds
213.470: [GC [PSYoungGen: 665552K->688K(666112K)] 921502K->256638K(1211392K), 0.0017480 secs] [Times: user=0.00 sys=0.00, real=0.00 secs] 
213.472: Total time for which application threads were stopped: 0.0019030 seconds, Stopping threads took: 0.0000780 seconds
213.647: Application time: 0.1749130 seconds
213.647: [GC [PSYoungGen: 665776K->640K(666112K)] 921726K->256590K(1211392K), 0.0017180 secs] [Times: user=0.01 sys=0.00, real=0.00 secs] 
213.649: Total time for which application threads were stopped: 0.0018760 seconds, Stopping threads took: 0.0000920 seconds
213.862: Application time: 0.2130360 seconds
213.862: [GC [PSYoungGen: 665728K->704K(666112K)] 921678K->256654K(1211392K), 0.0017280 secs] [Times: user=0.02 sys=0.00, real=0.00 secs] 
213.864: Total time for which application threads were stopped: 0.0018880 seconds, Stopping threads took: 0.0000880 seconds
214.048: Application time: 0.1840740 seconds
214.048: [GC [PSYoungGen: 665792K->640K(666112K)] 921742K->256598K(1211392K), 0.0016890 secs] [Times: user=0.01 sys=0.00, real=0.00 secs] 
214.050: Total time for which application threads were stopped: 0.0018480 seconds, Stopping threads took: 0.0000810 seconds
214.239: Application time: 0.1894340 seconds
214.239: [GC [PSYoungGen: 665728K->608K(666112K)] 921686K->256574K(1211392K), 0.0017100 secs] [Times: user=0.01 sys=0.00, real=0.00 secs] 
214.241: Total time for which application threads were stopped: 0.0018530 seconds, Stopping threads took: 0.0000770 seconds
214.444: Application time: 0.2035310 seconds
214.445: [GC [PSYoungGen: 665696K->624K(666112K)] 921662K->256598K(1211392K), 0.0016920 secs] [Times: user=0.01 sys=0.00, real=0.00 secs] 
214.446: Total time for which application threads were stopped: 0.0018170 seconds, Stopping threads took: 0.0000610 seconds
214.623: Application time: 0.1763490 seconds
214.623: [GC [PSYoungGen: 665712K->784K(666112K)] 921686K->256766K(1211392K), 0.0016830 secs] [Times: user=0.02 sys=0.00, real=0.00 secs] 
214.624: Total time for which application threads were stopped: 0.0018440 seconds, Stopping threads took: 0.0000870 seconds
214.839: Application time: 0.2150500 seconds
214.840: [GC [PSYoungGen: 665872K->624K(666112K)] 921854K->256606K(1211392K), 0.0016880 secs] [Times: user=0.01 sys=0.00, real=0.00 secs] 
214.841: Total time for which application threads were stopped: 0.0018080 seconds, Stopping threads took: 0.0000570 seconds
215.025: Application time: 0.1838800 seconds
215.025: [GC [PSYoungGen: 665712K->720K(666112K)] 921694K->256702K(1211392K), 0.0015910 secs] [Times: user=0.01 sys=0.00, real=0.01 secs] 
215.027: Total time for which application threads were stopped: 0.0017400 seconds, Stopping threads took: 0.0000810 seconds
215.199: Application time: 0.1723480 seconds
215.199: [GC [PSYoungGen: 665808K->576K(666112K)] 921790K->256558K(1211392K), 0.0016730 secs] [Times: user=0.01 sys=0.00, real=0.00 secs] 
215.201: Total time for which application threads were stopped: 0.0018130 seconds, Stopping threads took: 0.0000670 seconds
215.415: Application time: 0.2144080 seconds
215.416: [GC [PSYoungGen: 665664K->608K(666112K)] 921646K->256590K(1211392K), 0.0017450 secs] [Times: user=0.01 sys=0.00, real=0.00 secs] 
215.417: Total time for which application threads were stopped: 0.0019070 seconds, Stopping threads took: 0.0000950 seconds
215.603: Application time: 0.1851370 seconds
215.603: [GC [PSYoungGen: 665696K->608K(666112K)] 921678K->256606K(1211392K), 0.0016800 secs] [Times: user=0.01 sys=0.00, real=0.00 secs] 
215.604: Total time for which application threads were stopped: 0.0017990 seconds, Stopping threads took: 0.0000580 seconds
215.792: Application time: 0.1875920 seconds
215.792: [GC [PSYoungGen: 665696K->464K(666112K)] 921694K->256478K(1211392K), 0.0017690 secs] [Times: user=0.01 sys=0.00, real=0.00 secs] 
215.794: Total time for which application threads were stopped: 0.0019940 seconds, Stopping threads took: 0.0001390 seconds
215.999: Application time: 0.2050460 seconds
215.999: [GC [PSYoungGen: 665552K->672K(666112K)] 921566K->256694K(1211392K), 0.0017260 secs] [Times: user=0.01 sys=0.00, real=0.00 secs] 
216.001: Total time for which application threads were stopped: 0.0018520 seconds, Stopping threads took: 0.0000640 seconds
216.175: Application time: 0.1741140 seconds
216.175: [GC [PSYoungGen: 665760K->592K(666112K)] 921782K->256622K(1211392K), 0.0016950 secs] [Times: user=0.01 sys=0.00, real=0.00 secs] 
216.177: Total time for which application threads were stopped: 0.0018340 seconds, Stopping threads took: 0.0000760 seconds
216.391: Application time: 0.2146770 seconds
216.392: [GC [PSYoungGen: 665680K->576K(666112K)] 921710K->256606K(1211392K), 0.0017940 secs] [Times: user=0.01 sys=0.00, real=0.00 secs] 
216.393: Total time for which application threads were stopped: 0.0019420 seconds, Stopping threads took: 0.0000650 seconds
216.577: Application time: 0.1837590 seconds
216.577: [GC [PSYoungGen: 665664K->640K(666112K)] 921694K->256670K(1211392K), 0.0018550 secs] [Times: user=0.01 sys=0.00, real=0.01 secs] 
216.579: Total time for which application threads were stopped: 0.0019720 seconds, Stopping threads took: 0.0000550 seconds
216.751: Application time: 0.1715510 seconds
216.751: [GC [PSYoungGen: 665728K->544K(666112K)] 921758K->256574K(1211392K), 0.0018130 secs] [Times: user=0.01 sys=0.00, real=0.00 secs] 
216.753: Total time for which application threads were stopped: 0.0019760 seconds, Stopping threads took: 0.0000900 seconds
216.968: Application time: 0.2152120 seconds
216.968: [GC [PSYoungGen: 665632K->656K(666112K)] 921662K->256686K(1211392K), 0.0018080 secs] [Times: user=0.02 sys=0.00, real=0.00 secs] 
216.970: Total time for which application threads were stopped: 0.0019430 seconds, Stopping threads took: 0.0000570 seconds
217.154: Application time: 0.1839960 seconds
217.154: [GC [PSYoungGen: 665744K->640K(666112K)] 921774K->256678K(1211392K), 0.0016960 secs] [Times: user=0.01 sys=0.00, real=0.00 secs] 
217.156: Total time for which application threads were stopped: 0.0018450 seconds, Stopping threads took: 0.0000830 seconds
217.341: Application time: 0.1857050 seconds
217.341: [GC [PSYoungGen: 665728K->688K(666112K)] 921766K->256734K(1211392K), 0.0017560 secs] [Times: user=0.01 sys=0.00, real=0.00 secs] 
217.343: Total time for which application threads were stopped: 0.0018880 seconds, Stopping threads took: 0.0000580 seconds
217.547: Application time: 0.2039010 seconds
217.547: [GC [PSYoungGen: 665776K->688K(666112K)] 921822K->256742K(1211392K), 0.0017200 secs] [Times: user=0.01 sys=0.00, real=0.00 secs] 
217.549: Total time for which application threads were stopped: 0.0018730 seconds, Stopping threads took: 0.0000720 seconds
217.726: Application time: 0.1765360 seconds
217.726: [GC [PSYoungGen: 665776K->736K(666112K)] 921830K->256798K(1211392K), 0.0017120 secs] [Times: user=0.01 sys=0.00, real=0.01 secs] 
217.727: Total time for which application threads were stopped: 0.0018480 seconds, Stopping threads took: 0.0000750 seconds
217.938: Application time: 0.2109740 seconds
217.939: [GC [PSYoungGen: 665824K->576K(666112K)] 921886K->256638K(1211392K), 0.0017460 secs] [Times: user=0.02 sys=0.00, real=0.01 secs] 
217.940: Total time for which application threads were stopped: 0.0018940 seconds, Stopping threads took: 0.0000820 seconds
218.124: Application time: 0.1839720 seconds
218.124: [GC [PSYoungGen: 665664K->624K(666112K)] 921726K->256686K(1211392K), 0.0016990 secs] [Times: user=0.02 sys=0.00, real=0.00 secs] 
218.126: Total time for which application threads were stopped: 0.0018440 seconds, Stopping threads took: 0.0000730 seconds
218.300: Application time: 0.1736400 seconds
218.300: [GC [PSYoungGen: 665712K->688K(666112K)] 921774K->256750K(1211392K), 0.0017070 secs] [Times: user=0.01 sys=0.00, real=0.00 secs] 
218.302: Total time for which application threads were stopped: 0.0018500 seconds, Stopping threads took: 0.0000800 seconds
218.514: Application time: 0.2127180 seconds
218.514: [GC [PSYoungGen: 665776K->560K(666112K)] 921838K->256622K(1211392K), 0.0016950 secs] [Times: user=0.01 sys=0.00, real=0.00 secs] 
218.516: Total time for which application threads were stopped: 0.0018600 seconds, Stopping threads took: 0.0000940 seconds
218.701: Application time: 0.1850010 seconds
218.701: [GC [PSYoungGen: 665648K->688K(666112K)] 921710K->256758K(1211392K), 0.0017440 secs] [Times: user=0.01 sys=0.00, real=0.00 secs] 
218.703: Total time for which application threads were stopped: 0.0019340 seconds, Stopping threads took: 0.0001080 seconds
218.891: Application time: 0.1882830 seconds
218.892: [GC [PSYoungGen: 665776K->592K(666112K)] 921846K->256670K(1211392K), 0.0016970 secs] [Times: user=0.02 sys=0.00, real=0.00 secs] 
218.893: Total time for which application threads were stopped: 0.0018390 seconds, Stopping threads took: 0.0000780 seconds
219.096: Application time: 0.2023840 seconds
219.096: [GC [PSYoungGen: 665680K->672K(666112K)] 921758K->256758K(1211392K), 0.0017140 secs] [Times: user=0.02 sys=0.00, real=0.00 secs] 
219.098: Total time for which application threads were stopped: 0.0018510 seconds, Stopping threads took: 0.0000720 seconds
219.273: Application time: 0.1759190 seconds
219.274: [GC [PSYoungGen: 665760K->640K(666112K)] 921846K->256734K(1211392K), 0.0016790 secs] [Times: user=0.01 sys=0.00, real=0.00 secs] 
219.275: Total time for which application threads were stopped: 0.0018330 seconds, Stopping threads took: 0.0000780 seconds
219.484: Application time: 0.2085790 seconds
219.484: [GC [PSYoungGen: 665728K->640K(666112K)] 921822K->256734K(1211392K), 0.0016950 secs] [Times: user=0.01 sys=0.00, real=0.00 secs] 
219.486: Total time for which application threads were stopped: 0.0018350 seconds, Stopping threads took: 0.0000740 seconds
219.674: Application time: 0.1878620 seconds
219.674: [GC [PSYoungGen: 665728K->608K(666112K)] 921822K->256702K(1211392K), 0.0017110 secs] [Times: user=0.01 sys=0.00, real=0.00 secs] 
219.675: Total time for which application threads were stopped: 0.0018680 seconds, Stopping threads took: 0.0000930 seconds
219.849: Application time: 0.1737630 seconds
219.849: [GC [PSYoungGen: 665696K->576K(666112K)] 921790K->256670K(1211392K), 0.0017060 secs] [Times: user=0.01 sys=0.00, real=0.00 secs] 
219.851: Total time for which application threads were stopped: 0.0018530 seconds, Stopping threads took: 0.0000750 seconds
220.059: Application time: 0.2079880 seconds
220.059: [GC [PSYoungGen: 665664K->672K(666112K)] 921758K->256766K(1211392K), 0.0015380 secs] [Times: user=0.01 sys=0.00, real=0.00 secs] 
220.061: Total time for which application threads were stopped: 0.0016750 seconds, Stopping threads took: 0.0000730 seconds
220.245: Application time: 0.1844080 seconds
220.245: [GC [PSYoungGen: 665760K->736K(666112K)] 921854K->256838K(1211392K), 0.0016920 secs] [Times: user=0.01 sys=0.00, real=0.01 secs] 
220.247: Total time for which application threads were stopped: 0.0018330 seconds, Stopping threads took: 0.0000760 seconds
220.437: Application time: 0.1899250 seconds
220.437: [GC [PSYoungGen: 665824K->688K(666112K)] 921926K->256798K(1211392K), 0.0016800 secs] [Times: user=0.01 sys=0.00, real=0.00 secs] 
220.439: Total time for which application threads were stopped: 0.0018300 seconds, Stopping threads took: 0.0000810 seconds
220.638: Application time: 0.1995200 seconds
220.638: [GC [PSYoungGen: 665776K->592K(666112K)] 921886K->256710K(1211392K), 0.0017040 secs] [Times: user=0.01 sys=0.00, real=0.01 secs] 
220.640: Total time for which application threads were stopped: 0.0019030 seconds, Stopping threads took: 0.0001330 seconds
220.814: Application time: 0.1742620 seconds
220.815: [GC [PSYoungGen: 665680K->656K(666112K)] 921798K->256782K(1211392K), 0.0017100 secs] [Times: user=0.01 sys=0.00, real=0.00 secs] 
220.816: Total time for which application threads were stopped: 0.0018540 seconds, Stopping threads took: 0.0000800 seconds
221.024: Application time: 0.2079260 seconds
221.024: [GC [PSYoungGen: 665744K->560K(666112K)] 921870K->256686K(1211392K), 0.0018440 secs] [Times: user=0.01 sys=0.00, real=0.00 secs] 
221.026: Total time for which application threads were stopped: 0.0020140 seconds, Stopping threads took: 0.0000770 seconds
221.216: Application time: 0.1900300 seconds
221.216: [GC [PSYoungGen: 665648K->608K(666112K)] 921774K->256734K(1211392K), 0.0016730 secs] [Times: user=0.01 sys=0.00, real=0.00 secs] 
221.218: Total time for which application threads were stopped: 0.0018040 seconds, Stopping threads took: 0.0000710 seconds
221.390: Application time: 0.1722960 seconds
221.390: [GC [PSYoungGen: 665696K->560K(666112K)] 921822K->256686K(1211392K), 0.0016880 secs] [Times: user=0.01 sys=0.00, real=0.00 secs] 
221.392: Total time for which application threads were stopped: 0.0018350 seconds, Stopping threads took: 0.0000820 seconds
221.602: Application time: 0.2098440 seconds
221.602: [GC [PSYoungGen: 665648K->528K(666112K)] 921774K->256654K(1211392K), 0.0016990 secs] [Times: user=0.02 sys=0.00, real=0.00 secs] 
221.604: Total time for which application threads were stopped: 0.0018430 seconds, Stopping threads took: 0.0000620 seconds
221.791: Application time: 0.1866970 seconds
221.791: [GC [PSYoungGen: 665616K->624K(666112K)] 921742K->256758K(1211392K), 0.0016770 secs] [Times: user=0.00 sys=0.01, real=0.00 secs] 
221.792: Total time for which application threads were stopped: 0.0018250 seconds, Stopping threads took: 0.0000850 seconds
221.983: Application time: 0.1901560 seconds
221.983: [GC [PSYoungGen: 665712K->496K(666112K)] 921846K->256638K(1211392K), 0.0017220 secs] [Times: user=0.01 sys=0.00, real=0.00 secs] 
221.984: Total time for which application threads were stopped: 0.0019340 seconds, Stopping threads took: 0.0001460 seconds
222.184: Application time: 0.1996050 seconds
222.184: [GC [PSYoungGen: 665584K->656K(666112K)] 921726K->256806K(1211392K), 0.0016790 secs] [Times: user=0.01 sys=0.00, real=0.00 secs] 
222.186: Total time for which application threads were stopped: 0.0018370 seconds, Stopping threads took: 0.0000820 seconds
222.361: Application time: 0.1751170 seconds
222.361: [GC [PSYoungGen: 665744K->672K(666112K)] 921894K->256830K(1211392K), 0.0016980 secs] [Times: user=0.01 sys=0.00, real=0.00 secs] 
222.363: Total time for which application threads were stopped: 0.0018350 seconds, Stopping threads took: 0.0000710 seconds
222.572: Application time: 0.2092810 seconds
222.572: [GC [PSYoungGen: 665760K->560K(666112K)] 921918K->256718K(1211392K), 0.0016610 secs] [Times: user=0.01 sys=0.00, real=0.00 secs] 
222.574: Total time for which application threads were stopped: 0.0018230 seconds, Stopping threads took: 0.0000930 seconds
222.764: Application time: 0.1896260 seconds
222.764: [GC [PSYoungGen: 665648K->720K(666112K)] 921806K->256878K(1211392K), 0.0016920 secs] [Times: user=0.01 sys=0.00, real=0.00 secs] 
222.765: Total time for which application threads were stopped: 0.0018540 seconds, Stopping threads took: 0.0000850 seconds
222.936: Application time: 0.1709790 seconds
222.937: [GC [PSYoungGen: 665808K->480K(666112K)] 921966K->256638K(1211392K), 0.0018610 secs] [Times: user=0.02 sys=0.00, real=0.00 secs] 
222.938: Total time for which application threads were stopped: 0.0019960 seconds, Stopping threads took: 0.0000700 seconds
223.151: Application time: 0.2128950 seconds
223.151: [GC [PSYoungGen: 665568K->560K(666112K)] 921726K->256718K(1211392K), 0.0016860 secs] [Times: user=0.01 sys=0.00, real=0.00 secs] 
223.153: Total time for which application threads were stopped: 0.0018220 seconds, Stopping threads took: 0.0000730 seconds
223.339: Application time: 0.1857580 seconds
223.339: [GC [PSYoungGen: 665648K->640K(666112K)] 921806K->256806K(1211392K), 0.0016870 secs] [Times: user=0.02 sys=0.00, real=0.00 secs] 
223.341: Total time for which application threads were stopped: 0.0018520 seconds, Stopping threads took: 0.0000890 seconds
223.530: Application time: 0.1894240 seconds
223.531: [GC [PSYoungGen: 665728K->624K(666112K)] 921894K->256798K(1211392K), 0.0017190 secs] [Times: user=0.01 sys=0.01, real=0.00 secs] 
223.533: Total time for which application threads were stopped: 0.0023700 seconds, Stopping threads took: 0.0005900 seconds
223.735: Application time: 0.2026020 seconds
223.735: [GC [PSYoungGen: 665712K->608K(666112K)] 921886K->256790K(1211392K), 0.0032530 secs] [Times: user=0.01 sys=0.00, real=0.00 secs] 
223.739: Total time for which application threads were stopped: 0.0033820 seconds, Stopping threads took: 0.0000640 seconds
223.914: Application time: 0.1756350 seconds
223.914: [GC [PSYoungGen: 665696K->688K(666112K)] 921878K->256878K(1211392K), 0.0017020 secs] [Times: user=0.00 sys=0.01, real=0.00 secs] 
223.916: Total time for which application threads were stopped: 0.0018770 seconds, Stopping threads took: 0.0000970 seconds
224.126: Application time: 0.2103400 seconds
224.127: [GC [PSYoungGen: 665776K->560K(666112K)] 921966K->256750K(1211392K), 0.0017300 secs] [Times: user=0.01 sys=0.00, real=0.01 secs] 
224.128: Total time for which application threads were stopped: 0.0018590 seconds, Stopping threads took: 0.0000650 seconds
224.319: Application time: 0.1902090 seconds
224.319: [GC [PSYoungGen: 665648K->656K(666112K)] 921838K->256846K(1211392K), 0.0016780 secs] [Times: user=0.01 sys=0.00, real=0.01 secs] 
224.320: Total time for which application threads were stopped: 0.0018490 seconds, Stopping threads took: 0.0001070 seconds
224.494: Application time: 0.1738200 seconds
224.494: [GC [PSYoungGen: 665744K->608K(666112K)] 921934K->256798K(1211392K), 0.0017340 secs] [Times: user=0.01 sys=0.00, real=0.00 secs] 
224.496: Total time for which application threads were stopped: 0.0018800 seconds, Stopping threads took: 0.0000680 seconds
224.704: Application time: 0.2082890 seconds
224.704: [GC [PSYoungGen: 665696K->720K(666112K)] 921886K->256910K(1211392K), 0.0016630 secs] [Times: user=0.01 sys=0.00, real=0.00 secs] 
224.706: Total time for which application threads were stopped: 0.0018160 seconds, Stopping threads took: 0.0000910 seconds
224.894: Application time: 0.1878280 seconds
224.894: [GC [PSYoungGen: 665808K->640K(666112K)] 921998K->256838K(1211392K), 0.0015410 secs] [Times: user=0.01 sys=0.00, real=0.00 secs] 
224.896: Total time for which application threads were stopped: 0.0016590 seconds, Stopping threads took: 0.0000510 seconds
225.087: Application time: 0.1915440 seconds
225.087: [GC [PSYoungGen: 665728K->528K(666112K)] 921926K->256734K(1211392K), 0.0017100 secs] [Times: user=0.01 sys=0.00, real=0.00 secs] 
225.089: Total time for which application threads were stopped: 0.0018830 seconds, Stopping threads took: 0.0000950 seconds
225.284: Application time: 0.1948200 seconds
225.284: [GC [PSYoungGen: 665616K->640K(666112K)] 921822K->256854K(1211392K), 0.0018000 secs] [Times: user=0.01 sys=0.00, real=0.00 secs] 
225.286: Total time for which application threads were stopped: 0.0019470 seconds, Stopping threads took: 0.0000850 seconds
225.465: Application time: 0.1795130 seconds
225.466: [GC [PSYoungGen: 665728K->560K(666112K)] 921942K->256782K(1211392K), 0.0016870 secs] [Times: user=0.01 sys=0.00, real=0.01 secs] 
225.467: Total time for which application threads were stopped: 0.0018280 seconds, Stopping threads took: 0.0000790 seconds
225.676: Application time: 0.2092540 seconds
225.677: [GC [PSYoungGen: 665648K->640K(666112K)] 921870K->256862K(1211392K), 0.0016910 secs] [Times: user=0.01 sys=0.00, real=0.00 secs] 
225.678: Total time for which application threads were stopped: 0.0018200 seconds, Stopping threads took: 0.0000540 seconds
225.867: Application time: 0.1884490 seconds
225.867: [GC [PSYoungGen: 665728K->672K(666112K)] 921950K->256894K(1211392K), 0.0016720 secs] [Times: user=0.01 sys=0.00, real=0.00 secs] 
225.869: Total time for which application threads were stopped: 0.0018280 seconds, Stopping threads took: 0.0000870 seconds
226.046: Application time: 0.1773080 seconds
226.046: [GC [PSYoungGen: 665760K->528K(666112K)] 921982K->256750K(1211392K), 0.0016980 secs] [Times: user=0.01 sys=0.00, real=0.01 secs] 
226.048: Total time for which application threads were stopped: 0.0018380 seconds, Stopping threads took: 0.0000790 seconds
226.256: Application time: 0.2079260 seconds
226.256: [GC [PSYoungGen: 665616K->528K(666112K)] 921838K->256750K(1211392K), 0.0017250 secs] [Times: user=0.01 sys=0.00, real=0.00 secs] 
226.258: Total time for which application threads were stopped: 0.0018590 seconds, Stopping threads took: 0.0000610 seconds
226.445: Application time: 0.1878170 seconds
226.445: [GC [PSYoungGen: 665616K->560K(666112K)] 921838K->256790K(1211392K), 0.0017080 secs] [Times: user=0.01 sys=0.00, real=0.01 secs] 
226.447: Total time for which application threads were stopped: 0.0018500 seconds, Stopping threads took: 0.0000710 seconds
226.640: Application time: 0.1927960 seconds
226.640: [GC [PSYoungGen: 665648K->720K(666112K)] 921878K->256958K(1211392K), 0.0017020 secs] [Times: user=0.01 sys=0.00, real=0.00 secs] 
226.642: Total time for which application threads were stopped: 0.0018260 seconds, Stopping threads took: 0.0000530 seconds
226.836: Application time: 0.1941240 seconds
226.836: [GC [PSYoungGen: 665808K->560K(666112K)] 922046K->256806K(1211392K), 0.0017140 secs] [Times: user=0.01 sys=0.00, real=0.00 secs] 
226.838: Total time for which application threads were stopped: 0.0018340 seconds, Stopping threads took: 0.0000470 seconds
227.019: Application time: 0.1808360 seconds
227.019: [GC [PSYoungGen: 665648K->576K(666112K)] 921894K->256830K(1211392K), 0.0016840 secs] [Times: user=0.00 sys=0.00, real=0.01 secs] 
227.020: Total time for which application threads were stopped: 0.0018140 seconds, Stopping threads took: 0.0000640 seconds
227.226: Application time: 0.2056780 seconds
227.226: [GC [PSYoungGen: 665664K->672K(666112K)] 921918K->256926K(1211392K), 0.0016880 secs] [Times: user=0.01 sys=0.00, real=0.01 secs] 
227.228: Total time for which application threads were stopped: 0.0018220 seconds, Stopping threads took: 0.0000710 seconds
227.415: Application time: 0.1873610 seconds
227.415: [GC [PSYoungGen: 665760K->640K(666112K)] 922014K->256894K(1211392K), 0.0016670 secs] [Times: user=0.01 sys=0.00, real=0.00 secs] 
227.417: Total time for which application threads were stopped: 0.0018270 seconds, Stopping threads took: 0.0000790 seconds
227.597: Application time: 0.1798940 seconds
227.597: [GC [PSYoungGen: 665728K->560K(666112K)] 921982K->256814K(1211392K), 0.0016670 secs] [Times: user=0.01 sys=0.00, real=0.01 secs] 
227.599: Total time for which application threads were stopped: 0.0018210 seconds, Stopping threads took: 0.0000850 seconds
227.803: Application time: 0.2043580 seconds
227.803: [GC [PSYoungGen: 665648K->608K(666112K)] 921902K->256862K(1211392K), 0.0017160 secs] [Times: user=0.01 sys=0.00, real=0.00 secs] 
227.805: Total time for which application threads were stopped: 0.0018690 seconds, Stopping threads took: 0.0000830 seconds
227.991: Application time: 0.1861550 seconds
227.991: [GC [PSYoungGen: 665696K->672K(666112K)] 921950K->256934K(1211392K), 0.0017010 secs] [Times: user=0.01 sys=0.00, real=0.00 secs] 
227.993: Total time for which application threads were stopped: 0.0018610 seconds, Stopping threads took: 0.0000800 seconds
228.188: Application time: 0.1951250 seconds
228.188: [GC [PSYoungGen: 665760K->560K(666112K)] 922022K->256830K(1211392K), 0.0016880 secs] [Times: user=0.02 sys=0.00, real=0.00 secs] 
228.190: Total time for which application threads were stopped: 0.0018470 seconds, Stopping threads took: 0.0000870 seconds
228.382: Application time: 0.1919690 seconds
228.382: [GC [PSYoungGen: 665648K->656K(666112K)] 921918K->256934K(1211392K), 0.0017180 secs] [Times: user=0.01 sys=0.00, real=0.00 secs] 
228.384: Total time for which application threads were stopped: 0.0018530 seconds, Stopping threads took: 0.0000710 seconds
228.567: Application time: 0.1827310 seconds
228.567: [GC [PSYoungGen: 665744K->608K(666112K)] 922022K->256894K(1211392K), 0.0016920 secs] [Times: user=0.01 sys=0.00, real=0.01 secs] 
228.568: Total time for which application threads were stopped: 0.0018370 seconds, Stopping threads took: 0.0000700 seconds
228.776: Application time: 0.2073950 seconds
228.776: [GC [PSYoungGen: 665696K->672K(666112K)] 921982K->256966K(1211392K), 0.0016870 secs] [Times: user=0.01 sys=0.00, real=0.00 secs] 
228.778: Total time for which application threads were stopped: 0.0018390 seconds, Stopping threads took: 0.0000750 seconds
228.966: Application time: 0.1887130 seconds
228.967: [GC [PSYoungGen: 665760K->608K(666112K)] 922054K->256902K(1211392K), 0.0017020 secs] [Times: user=0.02 sys=0.00, real=0.01 secs] 
228.968: Total time for which application threads were stopped: 0.0018710 seconds, Stopping threads took: 0.0001030 seconds
229.152: Application time: 0.1834890 seconds
229.152: [GC [PSYoungGen: 665696K->528K(666112K)] 921990K->256822K(1211392K), 0.0016770 secs] [Times: user=0.01 sys=0.00, real=0.00 secs] 
229.154: Total time for which application threads were stopped: 0.0018310 seconds, Stopping threads took: 0.0000800 seconds
229.355: Application time: 0.2013790 seconds
229.355: [GC [PSYoungGen: 665616K->672K(666112K)] 921910K->256966K(1211392K), 0.0016650 secs] [Times: user=0.01 sys=0.00, real=0.00 secs] 
229.357: Total time for which application threads were stopped: 0.0017850 seconds, Stopping threads took: 0.0000520 seconds
229.544: Application time: 0.1876840 seconds
229.545: [GC [PSYoungGen: 665760K->640K(666112K)] 922054K->256942K(1211392K), 0.0018150 secs] [Times: user=0.01 sys=0.00, real=0.00 secs] 
229.546: Total time for which application threads were stopped: 0.0019540 seconds, Stopping threads took: 0.0000700 seconds
229.747: Application time: 0.2007450 seconds
229.747: [GC [PSYoungGen: 665728K->528K(666112K)] 922030K->256838K(1211392K), 0.0016880 secs] [Times: user=0.02 sys=0.00, real=0.00 secs] 
229.749: Total time for which application threads were stopped: 0.0018400 seconds, Stopping threads took: 0.0000730 seconds
229.938: Application time: 0.1887230 seconds
229.938: [GC [PSYoungGen: 665616K->496K(666112K)] 921926K->256814K(1211392K), 0.0016600 secs] [Times: user=0.01 sys=0.00, real=0.01 secs] 
229.940: Total time for which application threads were stopped: 0.0018060 seconds, Stopping threads took: 0.0000820 seconds
230.122: Application time: 0.1823070 seconds
230.122: [GC [PSYoungGen: 665584K->608K(666112K)] 921902K->256934K(1211392K), 0.0016320 secs] [Times: user=0.01 sys=0.00, real=0.00 secs] 
230.124: Total time for which application threads were stopped: 0.0017550 seconds, Stopping threads took: 0.0000560 seconds
230.334: Application time: 0.2103620 seconds
230.334: [GC [PSYoungGen: 665696K->688K(666112K)] 922022K->257022K(1211392K), 0.0017380 secs] [Times: user=0.01 sys=0.00, real=0.00 secs] 
230.336: Total time for which application threads were stopped: 0.0019000 seconds, Stopping threads took: 0.0000760 seconds
230.522: Application time: 0.1864860 seconds
230.523: [GC [PSYoungGen: 665776K->592K(666112K)] 922110K->256926K(1211392K), 0.0016880 secs] [Times: user=0.01 sys=0.00, real=0.00 secs] 
230.524: Total time for which application threads were stopped: 0.0018490 seconds, Stopping threads took: 0.0000980 seconds
230.708: Application time: 0.1836970 seconds
230.708: [GC [PSYoungGen: 665680K->560K(666112K)] 922014K->256894K(1211392K), 0.0016430 secs] [Times: user=0.01 sys=0.00, real=0.00 secs] 
230.710: Total time for which application threads were stopped: 0.0017950 seconds, Stopping threads took: 0.0000830 seconds
230.910: Application time: 0.2004140 seconds
230.910: [GC [PSYoungGen: 665648K->704K(666112K)] 921982K->257038K(1211392K), 0.0016870 secs] [Times: user=0.01 sys=0.00, real=0.00 secs] 
230.912: Total time for which application threads were stopped: 0.0018620 seconds, Stopping threads took: 0.0001010 seconds
231.096: Application time: 0.1840130 seconds
231.096: [GC [PSYoungGen: 665792K->624K(666112K)] 922126K->256966K(1211392K), 0.0016740 secs] [Times: user=0.01 sys=0.00, real=0.00 secs] 
231.098: Total time for which application threads were stopped: 0.0018170 seconds, Stopping threads took: 0.0000800 seconds
231.303: Application time: 0.2048410 seconds
231.303: [GC [PSYoungGen: 665712K->576K(666112K)] 922054K->256926K(1211392K), 0.0016890 secs] [Times: user=0.02 sys=0.00, real=0.00 secs] 
231.305: Total time for which application threads were stopped: 0.0018460 seconds, Stopping threads took: 0.0000780 seconds
231.489: Application time: 0.1842000 seconds
231.489: [GC [PSYoungGen: 665664K->672K(666112K)] 922014K->257030K(1211392K), 0.0016930 secs] [Times: user=0.01 sys=0.00, real=0.00 secs] 
231.491: Total time for which application threads were stopped: 0.0018470 seconds, Stopping threads took: 0.0000760 seconds
231.671: Application time: 0.1809060 seconds
231.672: [GC [PSYoungGen: 665760K->784K(666112K)] 922118K->257150K(1211392K), 0.0017100 secs] [Times: user=0.01 sys=0.00, real=0.00 secs] 
231.673: Total time for which application threads were stopped: 0.0018550 seconds, Stopping threads took: 0.0000820 seconds
231.886: Application time: 0.2121670 seconds
231.886: [GC [PSYoungGen: 665872K->624K(666112K)] 922238K->256998K(1211392K), 0.0017030 secs] [Times: user=0.01 sys=0.00, real=0.01 secs] 
231.887: Total time for which application threads were stopped: 0.0018490 seconds, Stopping threads took: 0.0000760 seconds
232.073: Application time: 0.1851470 seconds
232.073: [GC [PSYoungGen: 665712K->528K(666112K)] 922086K->256902K(1211392K), 0.0017070 secs] [Times: user=0.01 sys=0.00, real=0.00 secs] 
232.074: Total time for which application threads were stopped: 0.0018680 seconds, Stopping threads took: 0.0000870 seconds
232.260: Application time: 0.1854750 seconds
232.260: [GC [PSYoungGen: 665616K->496K(666112K)] 921990K->256870K(1211392K), 0.0016620 secs] [Times: user=0.01 sys=0.00, real=0.00 secs] 
232.262: Total time for which application threads were stopped: 0.0018040 seconds, Stopping threads took: 0.0000800 seconds
232.459: Application time: 0.1974000 seconds
232.459: [GC [PSYoungGen: 665584K->608K(666112K)] 921958K->256982K(1211392K), 0.0017330 secs] [Times: user=0.01 sys=0.00, real=0.00 secs] 
232.461: Total time for which application threads were stopped: 0.0018660 seconds, Stopping threads took: 0.0000680 seconds
232.649: Application time: 0.1880800 seconds
232.649: [GC [PSYoungGen: 665696K->816K(666112K)] 922070K->257198K(1211392K), 0.0017520 secs] [Times: user=0.01 sys=0.00, real=0.00 secs] 
232.651: Total time for which application threads were stopped: 0.0019280 seconds, Stopping threads took: 0.0001030 seconds
232.855: Application time: 0.2039050 seconds
232.855: [GC [PSYoungGen: 665904K->528K(666112K)] 922286K->256918K(1211392K), 0.0017100 secs] [Times: user=0.01 sys=0.00, real=0.00 secs] 
232.857: Total time for which application threads were stopped: 0.0018580 seconds, Stopping threads took: 0.0000810 seconds
233.039: Application time: 0.1821650 seconds
233.039: [GC [PSYoungGen: 665616K->560K(666112K)] 922006K->256958K(1211392K), 0.0017840 secs] [Times: user=0.01 sys=0.00, real=0.00 secs] 
233.041: Total time for which application threads were stopped: 0.0019210 seconds, Stopping threads took: 0.0000760 seconds
233.225: Application time: 0.1836910 seconds
233.225: [GC [PSYoungGen: 665648K->592K(666112K)] 922046K->256998K(1211392K), 0.0016900 secs] [Times: user=0.01 sys=0.00, real=0.00 secs] 
233.226: Total time for which application threads were stopped: 0.0018310 seconds, Stopping threads took: 0.0000680 seconds
233.439: Application time: 0.2125030 seconds
233.439: [GC [PSYoungGen: 665680K->704K(666112K)] 922086K->257118K(1211392K), 0.0016890 secs] [Times: user=0.01 sys=0.00, real=0.00 secs] 
233.441: Total time for which application threads were stopped: 0.0018360 seconds, Stopping threads took: 0.0000750 seconds
233.625: Application time: 0.1847740 seconds
233.626: [GC [PSYoungGen: 665792K->576K(666112K)] 922206K->256990K(1211392K), 0.0017510 secs] [Times: user=0.01 sys=0.00, real=0.01 secs] 
233.627: Total time for which application threads were stopped: 0.0018900 seconds, Stopping threads took: 0.0000670 seconds
233.816: Application time: 0.1883280 seconds
233.816: [GC [PSYoungGen: 665664K->576K(666112K)] 922078K->256990K(1211392K), 0.0017510 secs] [Times: user=0.01 sys=0.00, real=0.00 secs] 
233.818: Total time for which application threads were stopped: 0.0019170 seconds, Stopping threads took: 0.0000910 seconds
234.014: Application time: 0.1968500 seconds
234.015: [GC [PSYoungGen: 665664K->576K(666112K)] 922078K->256990K(1211392K), 0.0018360 secs] [Times: user=0.01 sys=0.00, real=0.00 secs] 
234.016: Total time for which application threads were stopped: 0.0019770 seconds, Stopping threads took: 0.0000770 seconds
234.204: Application time: 0.1880560 seconds
234.205: [GC [PSYoungGen: 665664K->640K(666112K)] 922078K->257062K(1211392K), 0.0017220 secs] [Times: user=0.01 sys=0.00, real=0.00 secs] 
234.206: Total time for which application threads were stopped: 0.0018620 seconds, Stopping threads took: 0.0000750 seconds
234.413: Application time: 0.2065090 seconds
234.413: [GC [PSYoungGen: 665728K->592K(666112K)] 922150K->257022K(1211392K), 0.0016920 secs] [Times: user=0.02 sys=0.00, real=0.00 secs] 
234.415: Total time for which application threads were stopped: 0.0018600 seconds, Stopping threads took: 0.0000890 seconds
234.594: Application time: 0.1793180 seconds
234.594: [GC [PSYoungGen: 665680K->640K(666112K)] 922110K->257078K(1211392K), 0.0025400 secs] [Times: user=0.01 sys=0.00, real=0.00 secs] 
234.597: Total time for which application threads were stopped: 0.0026890 seconds, Stopping threads took: 0.0000720 seconds
234.781: Application time: 0.1845650 seconds
234.781: [GC [PSYoungGen: 665728K->624K(666112K)] 922166K->257070K(1211392K), 0.0017170 secs] [Times: user=0.01 sys=0.00, real=0.00 secs] 
234.783: Total time for which application threads were stopped: 0.0018600 seconds, Stopping threads took: 0.0000750 seconds
234.995: Application time: 0.2116760 seconds
234.995: [GC [PSYoungGen: 665712K->592K(666112K)] 922158K->257046K(1211392K), 0.0016970 secs] [Times: user=0.01 sys=0.00, real=0.00 secs] 
234.997: Total time for which application threads were stopped: 0.0018440 seconds, Stopping threads took: 0.0000670 seconds
235.177: Application time: 0.1806990 seconds
235.178: [GC [PSYoungGen: 665680K->640K(666112K)] 922134K->257094K(1211392K), 0.0017210 secs] [Times: user=0.01 sys=0.00, real=0.01 secs] 
235.179: Total time for which application threads were stopped: 0.0018470 seconds, Stopping threads took: 0.0000630 seconds
235.371: Application time: 0.1921690 seconds
235.372: [GC [PSYoungGen: 665728K->448K(666112K)] 922182K->256902K(1211392K), 0.0016540 secs] [Times: user=0.01 sys=0.00, real=0.00 secs] 
235.373: Total time for which application threads were stopped: 0.0017910 seconds, Stopping threads took: 0.0000760 seconds
235.567: Application time: 0.1942580 seconds
235.568: [GC [PSYoungGen: 665536K->672K(666112K)] 921990K->257126K(1211392K), 0.0016800 secs] [Times: user=0.01 sys=0.00, real=0.00 secs] 
235.569: Total time for which application threads were stopped: 0.0018320 seconds, Stopping threads took: 0.0000780 seconds
235.758: Application time: 0.1887410 seconds
235.758: [GC [PSYoungGen: 665760K->560K(666112K)] 922214K->257022K(1211392K), 0.0017000 secs] [Times: user=0.01 sys=0.00, real=0.01 secs] 
235.760: Total time for which application threads were stopped: 0.0018200 seconds, Stopping threads took: 0.0000560 seconds
235.967: Application time: 0.2073590 seconds
235.967: [GC [PSYoungGen: 665648K->576K(666112K)] 922110K->257046K(1211392K), 0.0015260 secs] [Times: user=0.01 sys=0.00, real=0.00 secs] 
235.969: Total time for which application threads were stopped: 0.0016860 seconds, Stopping threads took: 0.0000940 seconds
236.147: Application time: 0.1783850 seconds
236.147: [GC [PSYoungGen: 665664K->672K(666112K)] 922134K->257150K(1211392K), 0.0016860 secs] [Times: user=0.01 sys=0.00, real=0.00 secs] 
236.149: Total time for which application threads were stopped: 0.0018300 seconds, Stopping threads took: 0.0000660 seconds
236.338: Application time: 0.1892560 seconds
236.339: [GC [PSYoungGen: 665760K->592K(666112K)] 922238K->257078K(1211392K), 0.0017340 secs] [Times: user=0.02 sys=0.00, real=0.01 secs] 
236.340: Total time for which application threads were stopped: 0.0018720 seconds, Stopping threads took: 0.0000720 seconds
236.549: Application time: 0.2087470 seconds
236.549: [GC [PSYoungGen: 665680K->704K(666112K)] 922166K->257198K(1211392K), 0.0017070 secs] [Times: user=0.02 sys=0.00, real=0.00 secs] 
236.551: Total time for which application threads were stopped: 0.0018530 seconds, Stopping threads took: 0.0000670 seconds
236.731: Application time: 0.1803360 seconds
236.731: [GC [PSYoungGen: 665792K->640K(666112K)] 922286K->257134K(1211392K), 0.0017100 secs] [Times: user=0.02 sys=0.00, real=0.00 secs] 
236.733: Total time for which application threads were stopped: 0.0018510 seconds, Stopping threads took: 0.0000690 seconds
236.929: Application time: 0.1964340 seconds
236.930: [GC [PSYoungGen: 665728K->640K(666112K)] 922222K->257134K(1211392K), 0.0017030 secs] [Times: user=0.02 sys=0.00, real=0.00 secs] 
236.931: Total time for which application threads were stopped: 0.0018500 seconds, Stopping threads took: 0.0000800 seconds
237.124: Application time: 0.1925990 seconds
237.124: [GC [PSYoungGen: 665728K->576K(666112K)] 922222K->257070K(1211392K), 0.0017170 secs] [Times: user=0.01 sys=0.00, real=0.00 secs] 
237.126: Total time for which application threads were stopped: 0.0018600 seconds, Stopping threads took: 0.0000730 seconds
237.315: Application time: 0.1895480 seconds
237.316: [GC [PSYoungGen: 665664K->784K(666112K)] 922158K->257286K(1211392K), 0.0017070 secs] [Times: user=0.01 sys=0.00, real=0.00 secs] 
237.317: Total time for which application threads were stopped: 0.0018660 seconds, Stopping threads took: 0.0000820 seconds
237.519: Application time: 0.2019980 seconds
237.519: [GC [PSYoungGen: 665872K->560K(666112K)] 922374K->257070K(1211392K), 0.0016960 secs] [Times: user=0.01 sys=0.00, real=0.00 secs] 
237.521: Total time for which application threads were stopped: 0.0018350 seconds, Stopping threads took: 0.0000680 seconds
237.703: Application time: 0.1823310 seconds
237.703: [GC [PSYoungGen: 665648K->592K(666112K)] 922158K->257110K(1211392K), 0.0016910 secs] [Times: user=0.01 sys=0.00, real=0.00 secs] 
237.705: Total time for which application threads were stopped: 0.0017820 seconds, Stopping threads took: 0.0000270 seconds
237.897: Application time: 0.1917140 seconds
237.897: [GC [PSYoungGen: 665680K->672K(666112K)] 922198K->257190K(1211392K), 0.0016900 secs] [Times: user=0.01 sys=0.00, real=0.00 secs] 
237.899: Total time for which application threads were stopped: 0.0018390 seconds, Stopping threads took: 0.0000710 seconds
238.105: Application time: 0.2063690 seconds
238.105: [GC [PSYoungGen: 665760K->608K(666112K)] 922278K->257134K(1211392K), 0.0016790 secs] [Times: user=0.01 sys=0.00, real=0.01 secs] 
238.107: Total time for which application threads were stopped: 0.0018180 seconds, Stopping threads took: 0.0000700 seconds
238.288: Application time: 0.1814930 seconds
238.289: [GC [PSYoungGen: 665696K->624K(666112K)] 922222K->257150K(1211392K), 0.0017040 secs] [Times: user=0.01 sys=0.00, real=0.00 secs] 
238.290: Total time for which application threads were stopped: 0.0018390 seconds, Stopping threads took: 0.0000690 seconds
238.482: Application time: 0.1917990 seconds
238.482: [GC [PSYoungGen: 665712K->496K(666112K)] 922238K->257022K(1211392K), 0.0017220 secs] [Times: user=0.02 sys=0.00, real=0.00 secs] 
238.484: Total time for which application threads were stopped: 0.0018870 seconds, Stopping threads took: 0.0000840 seconds
238.680: Application time: 0.1964200 seconds
238.681: [GC [PSYoungGen: 665584K->736K(666112K)] 922110K->257262K(1211392K), 0.0016820 secs] [Times: user=0.01 sys=0.00, real=0.00 secs] 
238.682: Total time for which application threads were stopped: 0.0018210 seconds, Stopping threads took: 0.0000720 seconds
238.872: Application time: 0.1901600 seconds
238.872: [GC [PSYoungGen: 665824K->624K(666112K)] 922350K->257166K(1211392K), 0.0017520 secs] [Times: user=0.01 sys=0.00, real=0.00 secs] 
238.874: Total time for which application threads were stopped: 0.0019020 seconds, Stopping threads took: 0.0000770 seconds
239.074: Application time: 0.1999520 seconds
239.074: [GC [PSYoungGen: 665712K->512K(666112K)] 922254K->257062K(1211392K), 0.0017130 secs] [Times: user=0.01 sys=0.00, real=0.00 secs] 
239.076: Total time for which application threads were stopped: 0.0018750 seconds, Stopping threads took: 0.0000880 seconds
239.258: Application time: 0.1821060 seconds
239.258: [GC [PSYoungGen: 665600K->656K(666112K)] 922150K->257214K(1211392K), 0.0016980 secs] [Times: user=0.01 sys=0.00, real=0.01 secs] 
239.260: Total time for which application threads were stopped: 0.0018240 seconds, Stopping threads took: 0.0000580 seconds
239.453: Application time: 0.1926740 seconds
239.453: [GC [PSYoungGen: 665744K->528K(666112K)] 922302K->257086K(1211392K), 0.0015170 secs] [Times: user=0.01 sys=0.00, real=0.00 secs] 
239.454: Total time for which application threads were stopped: 0.0016220 seconds, Stopping threads took: 0.0000420 seconds
239.660: Application time: 0.2057000 seconds
239.660: [GC [PSYoungGen: 665616K->592K(666112K)] 922174K->257158K(1211392K), 0.0016380 secs] [Times: user=0.01 sys=0.00, real=0.00 secs] 
239.662: Total time for which application threads were stopped: 0.0017950 seconds, Stopping threads took: 0.0000830 seconds
239.844: Application time: 0.1821710 seconds
239.844: [GC [PSYoungGen: 665680K->576K(666112K)] 922246K->257142K(1211392K), 0.0016810 secs] [Times: user=0.02 sys=0.00, real=0.00 secs] 
239.846: Total time for which application threads were stopped: 0.0018380 seconds, Stopping threads took: 0.0000950 seconds
240.038: Application time: 0.1920590 seconds
240.038: [GC [PSYoungGen: 665664K->640K(666112K)] 922230K->257206K(1211392K), 0.0017560 secs] [Times: user=0.01 sys=0.00, real=0.01 secs] 
240.040: Total time for which application threads were stopped: 0.0019130 seconds, Stopping threads took: 0.0000860 seconds
240.236: Application time: 0.1960630 seconds
240.236: [GC [PSYoungGen: 665728K->736K(666112K)] 922294K->257302K(1211392K), 0.0016920 secs] [Times: user=0.01 sys=0.00, real=0.00 secs] 
240.238: Total time for which application threads were stopped: 0.0018580 seconds, Stopping threads took: 0.0000860 seconds
240.425: Application time: 0.1875630 seconds
240.425: [GC [PSYoungGen: 665824K->688K(666112K)] 922390K->257270K(1211392K), 0.0017410 secs] [Times: user=0.01 sys=0.00, real=0.01 secs] 
240.427: Total time for which application threads were stopped: 0.0019060 seconds, Stopping threads took: 0.0000910 seconds
240.629: Application time: 0.2017620 seconds
240.629: [GC [PSYoungGen: 665776K->624K(666112K)] 922358K->257222K(1211392K), 0.0016180 secs] [Times: user=0.01 sys=0.00, real=0.00 secs] 
240.631: Total time for which application threads were stopped: 0.0017490 seconds, Stopping threads took: 0.0000640 seconds
240.809: Application time: 0.1779070 seconds
240.809: [GC [PSYoungGen: 665712K->672K(666112K)] 922310K->257278K(1211392K), 0.0014850 secs] [Times: user=0.01 sys=0.00, real=0.00 secs] 
240.810: Total time for which application threads were stopped: 0.0016150 seconds, Stopping threads took: 0.0000530 seconds
241.002: Application time: 0.1919100 seconds
241.002: [GC [PSYoungGen: 665760K->640K(666112K)] 922366K->257246K(1211392K), 0.0017270 secs] [Times: user=0.01 sys=0.00, real=0.00 secs] 
241.004: Total time for which application threads were stopped: 0.0018910 seconds, Stopping threads took: 0.0000930 seconds
241.208: Application time: 0.2037610 seconds
241.208: [GC [PSYoungGen: 665728K->592K(666112K)] 922334K->257206K(1211392K), 0.0016660 secs] [Times: user=0.02 sys=0.00, real=0.00 secs] 
241.210: Total time for which application threads were stopped: 0.0018030 seconds, Stopping threads took: 0.0000720 seconds
241.390: Application time: 0.1804520 seconds
241.390: [GC [PSYoungGen: 665680K->512K(666112K)] 922294K->257126K(1211392K), 0.0017300 secs] [Times: user=0.01 sys=0.00, real=0.00 secs] 
241.392: Total time for which application threads were stopped: 0.0018710 seconds, Stopping threads took: 0.0000680 seconds
241.586: Application time: 0.1940390 seconds
241.586: [GC [PSYoungGen: 665600K->624K(666112K)] 922214K->257238K(1211392K), 0.0017000 secs] [Times: user=0.01 sys=0.00, real=0.01 secs] 
241.588: Total time for which application threads were stopped: 0.0018610 seconds, Stopping threads took: 0.0000940 seconds
241.785: Application time: 0.1966900 seconds
241.785: [GC [PSYoungGen: 665712K->672K(666112K)] 922326K->257286K(1211392K), 0.0018120 secs] [Times: user=0.02 sys=0.00, real=0.00 secs] 
241.787: Total time for which application threads were stopped: 0.0019490 seconds, Stopping threads took: 0.0000660 seconds
241.971: Application time: 0.1849390 seconds
241.972: [GC [PSYoungGen: 665760K->736K(666112K)] 922374K->257358K(1211392K), 0.0017050 secs] [Times: user=0.02 sys=0.00, real=0.00 secs] 
241.973: Total time for which application threads were stopped: 0.0018630 seconds, Stopping threads took: 0.0000840 seconds
242.177: Application time: 0.2032360 seconds
242.177: [GC [PSYoungGen: 665824K->576K(666112K)] 922446K->257206K(1211392K), 0.0017600 secs] [Times: user=0.01 sys=0.00, real=0.00 secs] 
242.178: Total time for which application threads were stopped: 0.0019020 seconds, Stopping threads took: 0.0000750 seconds
242.360: Application time: 0.1818280 seconds
242.360: [GC [PSYoungGen: 665664K->656K(666112K)] 922294K->257294K(1211392K), 0.0016970 secs] [Times: user=0.02 sys=0.00, real=0.00 secs] 
242.362: Total time for which application threads were stopped: 0.0018380 seconds, Stopping threads took: 0.0000780 seconds
242.554: Application time: 0.1913770 seconds
242.554: [GC [PSYoungGen: 665744K->544K(666112K)] 922382K->257182K(1211392K), 0.0016880 secs] [Times: user=0.01 sys=0.00, real=0.00 secs] 
242.555: Total time for which application threads were stopped: 0.0018310 seconds, Stopping threads took: 0.0000700 seconds
242.762: Application time: 0.2067840 seconds
242.762: [GC [PSYoungGen: 665632K->624K(666112K)] 922270K->257270K(1211392K), 0.0016760 secs] [Times: user=0.01 sys=0.00, real=0.00 secs] 
242.764: Total time for which application threads were stopped: 0.0018520 seconds, Stopping threads took: 0.0001100 seconds
242.942: Application time: 0.1782010 seconds
242.942: [GC [PSYoungGen: 665712K->592K(666112K)] 922358K->257238K(1211392K), 0.0016950 secs] [Times: user=0.01 sys=0.00, real=0.00 secs] 
242.944: Total time for which application threads were stopped: 0.0018440 seconds, Stopping threads took: 0.0000840 seconds
243.137: Application time: 0.1925300 seconds
243.137: [GC [PSYoungGen: 665680K->576K(666112K)] 922326K->257222K(1211392K), 0.0016610 secs] [Times: user=0.01 sys=0.00, real=0.00 secs] 
243.138: Total time for which application threads were stopped: 0.0018340 seconds, Stopping threads took: 0.0000920 seconds
243.339: Application time: 0.2002980 seconds
243.339: [GC [PSYoungGen: 665664K->592K(666112K)] 922310K->257238K(1211392K), 0.0016370 secs] [Times: user=0.01 sys=0.00, real=0.00 secs] 
243.341: Total time for which application threads were stopped: 0.0017900 seconds, Stopping threads took: 0.0000910 seconds
243.523: Application time: 0.1829430 seconds
243.524: [GC [PSYoungGen: 665680K->608K(666112K)] 922326K->257262K(1211392K), 0.0016770 secs] [Times: user=0.01 sys=0.00, real=0.00 secs] 
243.525: Total time for which application threads were stopped: 0.0017990 seconds, Stopping threads took: 0.0000480 seconds
243.730: Application time: 0.2045390 seconds
243.730: [GC [PSYoungGen: 665696K->560K(666112K)] 922350K->257222K(1211392K), 0.0017620 secs] [Times: user=0.01 sys=0.00, real=0.00 secs] 
243.732: Total time for which application threads were stopped: 0.0019310 seconds, Stopping threads took: 0.0000910 seconds
243.914: Application time: 0.1818870 seconds
243.914: [GC [PSYoungGen: 665648K->656K(666112K)] 922310K->257326K(1211392K), 0.0017090 secs] [Times: user=0.01 sys=0.00, real=0.00 secs] 
243.915: Total time for which application threads were stopped: 0.0018620 seconds, Stopping threads took: 0.0000790 seconds
244.107: Application time: 0.1917940 seconds
244.107: [GC [PSYoungGen: 665744K->720K(666112K)] 922414K->257390K(1211392K), 0.0017060 secs] [Times: user=0.02 sys=0.00, real=0.00 secs] 
244.109: Total time for which application threads were stopped: 0.0018480 seconds, Stopping threads took: 0.0000780 seconds
244.314: Application time: 0.2052930 seconds
244.315: [GC [PSYoungGen: 665808K->608K(666112K)] 922478K->257286K(1211392K), 0.0018110 secs] [Times: user=0.02 sys=0.00, real=0.00 secs] 
244.316: Total time for which application threads were stopped: 0.0019780 seconds, Stopping threads took: 0.0000870 seconds
244.494: Application time: 0.1775700 seconds
244.494: [GC [PSYoungGen: 665696K->512K(666112K)] 922374K->257190K(1211392K), 0.0016930 secs] [Times: user=0.01 sys=0.00, real=0.00 secs] 
244.496: Total time for which application threads were stopped: 0.0018070 seconds, Stopping threads took: 0.0000480 seconds
244.695: Application time: 0.1990400 seconds
244.695: [GC [PSYoungGen: 665600K->608K(666112K)] 922278K->257286K(1211392K), 0.0017110 secs] [Times: user=0.01 sys=0.00, real=0.00 secs] 
244.697: Total time for which application threads were stopped: 0.0018770 seconds, Stopping threads took: 0.0001020 seconds
244.896: Application time: 0.1996790 seconds
244.897: [GC [PSYoungGen: 665696K->640K(666112K)] 922374K->257318K(1211392K), 0.0017060 secs] [Times: user=0.01 sys=0.00, real=0.00 secs] 
244.898: Total time for which application threads were stopped: 0.0018520 seconds, Stopping threads took: 0.0000700 seconds
245.074: Application time: 0.1759630 seconds
245.074: [GC [PSYoungGen: 665728K->608K(666112K)] 922406K->257294K(1211392K), 0.0017240 secs] [Times: user=0.02 sys=0.00, real=0.00 secs] 
245.076: Total time for which application threads were stopped: 0.0018890 seconds, Stopping threads took: 0.0000930 seconds
245.288: Application time: 0.2117290 seconds
245.288: [GC [PSYoungGen: 665696K->496K(666112K)] 922382K->257190K(1211392K), 0.0016870 secs] [Times: user=0.02 sys=0.00, real=0.00 secs] 
245.290: Total time for which application threads were stopped: 0.0018400 seconds, Stopping threads took: 0.0000880 seconds
245.468: Application time: 0.1785030 seconds
245.468: [GC [PSYoungGen: 665584K->656K(666112K)] 922278K->257358K(1211392K), 0.0017870 secs] [Times: user=0.02 sys=0.00, real=0.00 secs] 
245.470: Total time for which application threads were stopped: 0.0019320 seconds, Stopping threads took: 0.0000690 seconds
245.656: Application time: 0.1857020 seconds
245.656: [GC [PSYoungGen: 665744K->704K(666112K)] 922446K->257406K(1211392K), 0.0016950 secs] [Times: user=0.01 sys=0.00, real=0.00 secs] 
245.658: Total time for which application threads were stopped: 0.0018370 seconds, Stopping threads took: 0.0000770 seconds
245.871: Application time: 0.2136670 seconds
245.871: [GC [PSYoungGen: 665792K->704K(666112K)] 922494K->257414K(1211392K), 0.0016810 secs] [Times: user=0.01 sys=0.00, real=0.00 secs] 
245.873: Total time for which application threads were stopped: 0.0018160 seconds, Stopping threads took: 0.0000680 seconds
246.045: Application time: 0.1715290 seconds
246.045: [GC [PSYoungGen: 665792K->624K(666112K)] 922502K->257334K(1211392K), 0.0017080 secs] [Times: user=0.01 sys=0.00, real=0.00 secs] 
246.047: Total time for which application threads were stopped: 0.0018300 seconds, Stopping threads took: 0.0000530 seconds
246.246: Application time: 0.1996930 seconds
246.246: [GC [PSYoungGen: 665712K->624K(666112K)] 922422K->257334K(1211392K), 0.0015410 secs] [Times: user=0.00 sys=0.00, real=0.01 secs] 
246.248: Total time for which application threads were stopped: 0.0016770 seconds, Stopping threads took: 0.0000650 seconds
246.446: Application time: 0.1980680 seconds
246.446: [GC [PSYoungGen: 665712K->624K(666112K)] 922422K->257334K(1211392K), 0.0016970 secs] [Times: user=0.01 sys=0.00, real=0.01 secs] 
246.448: Total time for which application threads were stopped: 0.0018460 seconds, Stopping threads took: 0.0000790 seconds
246.626: Application time: 0.1779550 seconds
246.626: [GC [PSYoungGen: 665712K->528K(666112K)] 922422K->257246K(1211392K), 0.0016710 secs] [Times: user=0.01 sys=0.00, real=0.01 secs] 
246.628: Total time for which application threads were stopped: 0.0018390 seconds, Stopping threads took: 0.0000930 seconds
246.839: Application time: 0.2114490 seconds
246.839: [GC [PSYoungGen: 665616K->512K(666112K)] 922334K->257238K(1211392K), 0.0017610 secs] [Times: user=0.01 sys=0.00, real=0.00 secs] 
246.841: Total time for which application threads were stopped: 0.0019380 seconds, Stopping threads took: 0.0000960 seconds
247.021: Application time: 0.1798820 seconds
247.021: [GC [PSYoungGen: 665600K->688K(666112K)] 922326K->257422K(1211392K), 0.0017910 secs] [Times: user=0.01 sys=0.00, real=0.00 secs] 
247.023: Total time for which application threads were stopped: 0.0019230 seconds, Stopping threads took: 0.0000610 seconds
247.209: Application time: 0.1862700 seconds
247.209: [GC [PSYoungGen: 665776K->672K(666112K)] 922510K->257406K(1211392K), 0.0016920 secs] [Times: user=0.01 sys=0.00, real=0.00 secs] 
247.211: Total time for which application threads were stopped: 0.0018420 seconds, Stopping threads took: 0.0000780 seconds
247.424: Application time: 0.2130300 seconds
247.424: [GC [PSYoungGen: 665760K->592K(666112K)] 922494K->257334K(1211392K), 0.0016830 secs] [Times: user=0.01 sys=0.00, real=0.00 secs] 
247.426: Total time for which application threads were stopped: 0.0018260 seconds, Stopping threads took: 0.0000730 seconds
247.597: Application time: 0.1707860 seconds
247.597: [GC [PSYoungGen: 665680K->576K(666112K)] 922422K->257318K(1211392K), 0.0016300 secs] [Times: user=0.00 sys=0.01, real=0.01 secs] 
247.599: Total time for which application threads were stopped: 0.0025280 seconds, Stopping threads took: 0.0008340 seconds
247.801: Application time: 0.2020560 seconds
247.801: [GC [PSYoungGen: 665664K->592K(666112K)] 922406K->257334K(1211392K), 0.0016760 secs] [Times: user=0.01 sys=0.00, real=0.00 secs] 
247.803: Total time for which application threads were stopped: 0.0018470 seconds, Stopping threads took: 0.0000930 seconds
247.998: Application time: 0.1951830 seconds
247.998: [GC [PSYoungGen: 665680K->592K(666112K)] 922422K->257334K(1211392K), 0.0016990 secs] [Times: user=0.01 sys=0.00, real=0.01 secs] 
248.000: Total time for which application threads were stopped: 0.0019250 seconds, Stopping threads took: 0.0001630 seconds
248.177: Application time: 0.1772170 seconds
248.177: [GC [PSYoungGen: 665680K->752K(666112K)] 922422K->257502K(1211392K), 0.0017540 secs] [Times: user=0.01 sys=0.00, real=0.01 secs] 
248.179: Total time for which application threads were stopped: 0.0018980 seconds, Stopping threads took: 0.0000780 seconds
248.393: Application time: 0.2138910 seconds
248.393: [GC [PSYoungGen: 665840K->480K(666112K)] 922590K->257238K(1211392K), 0.0017310 secs] [Times: user=0.01 sys=0.00, real=0.00 secs] 
248.395: Total time for which application threads were stopped: 0.0018750 seconds, Stopping threads took: 0.0000630 seconds
248.573: Application time: 0.1782590 seconds
248.573: [GC [PSYoungGen: 665568K->624K(666112K)] 922326K->257390K(1211392K), 0.0018190 secs] [Times: user=0.01 sys=0.00, real=0.00 secs] 
248.575: Total time for which application threads were stopped: 0.0019540 seconds, Stopping threads took: 0.0000730 seconds
248.762: Application time: 0.1865270 seconds
248.762: [GC [PSYoungGen: 665712K->608K(666112K)] 922478K->257374K(1211392K), 0.0018110 secs] [Times: user=0.01 sys=0.00, real=0.00 secs] 
248.764: Total time for which application threads were stopped: 0.0019470 seconds, Stopping threads took: 0.0000690 seconds
248.979: Application time: 0.2149690 seconds
248.979: [GC [PSYoungGen: 665696K->736K(666112K)] 922462K->257510K(1211392K), 0.0017460 secs] [Times: user=0.01 sys=0.00, real=0.00 secs] 
248.981: Total time for which application threads were stopped: 0.0019450 seconds, Stopping threads took: 0.0001060 seconds
249.148: Application time: 0.1674920 seconds
249.148: [GC [PSYoungGen: 665824K->624K(666112K)] 922598K->257398K(1211392K), 0.0016800 secs] [Times: user=0.01 sys=0.00, real=0.00 secs] 
249.150: Total time for which application threads were stopped: 0.0018210 seconds, Stopping threads took: 0.0000790 seconds
249.353: Application time: 0.2031390 seconds
249.353: [GC [PSYoungGen: 665712K->512K(666112K)] 922486K->257286K(1211392K), 0.0016800 secs] [Times: user=0.01 sys=0.00, real=0.00 secs] 
249.355: Total time for which application threads were stopped: 0.0018170 seconds, Stopping threads took: 0.0000710 seconds
249.553: Application time: 0.1984940 seconds
249.554: [GC [PSYoungGen: 665600K->608K(666112K)] 922374K->257382K(1211392K), 0.0015350 secs] [Times: user=0.00 sys=0.01, real=0.00 secs] 
249.555: Total time for which application threads were stopped: 0.0016910 seconds, Stopping threads took: 0.0000750 seconds
249.732: Application time: 0.1774190 seconds
249.733: [GC [PSYoungGen: 665696K->640K(666112K)] 922470K->257422K(1211392K), 0.0016920 secs] [Times: user=0.01 sys=0.00, real=0.00 secs] 
249.734: Total time for which application threads were stopped: 0.0018360 seconds, Stopping threads took: 0.0000810 seconds
249.946: Application time: 0.2117920 seconds
249.946: [GC [PSYoungGen: 665728K->576K(666112K)] 922510K->257366K(1211392K), 0.0018100 secs] [Times: user=0.02 sys=0.00, real=0.01 secs] 
249.948: Total time for which application threads were stopped: 0.0019730 seconds, Stopping threads took: 0.0000900 seconds
250.125: Application time: 0.1773610 seconds
250.126: [GC [PSYoungGen: 665664K->608K(666112K)] 922454K->257406K(1211392K), 0.0016960 secs] [Times: user=0.01 sys=0.00, real=0.01 secs] 
250.127: Total time for which application threads were stopped: 0.0018530 seconds, Stopping threads took: 0.0000770 seconds
250.314: Application time: 0.1868410 seconds
250.314: [GC [PSYoungGen: 665696K->608K(666112K)] 922494K->257414K(1211392K), 0.0017210 secs] [Times: user=0.01 sys=0.00, real=0.00 secs] 
250.316: Total time for which application threads were stopped: 0.0018620 seconds, Stopping threads took: 0.0000710 seconds
250.526: Application time: 0.2102060 seconds
250.526: [GC [PSYoungGen: 665696K->704K(666112K)] 922502K->257518K(1211392K), 0.0016970 secs] [Times: user=0.01 sys=0.00, real=0.01 secs] 
250.528: Total time for which application threads were stopped: 0.0018360 seconds, Stopping threads took: 0.0000750 seconds
250.698: Application time: 0.1700760 seconds
250.698: [GC [PSYoungGen: 665792K->640K(666112K)] 922606K->257454K(1211392K), 0.0017310 secs] [Times: user=0.01 sys=0.00, real=0.01 secs] 
250.700: Total time for which application threads were stopped: 0.0018920 seconds, Stopping threads took: 0.0000890 seconds
250.903: Application time: 0.2030830 seconds
250.903: [GC [PSYoungGen: 665728K->544K(666112K)] 922542K->257358K(1211392K), 0.0017010 secs] [Times: user=0.01 sys=0.00, real=0.00 secs] 
250.905: Total time for which application threads were stopped: 0.0018300 seconds, Stopping threads took: 0.0000590 seconds
251.102: Application time: 0.1968430 seconds
251.102: [GC [PSYoungGen: 665632K->720K(666112K)] 922446K->257534K(1211392K), 0.0015380 secs] [Times: user=0.01 sys=0.00, real=0.00 secs] 
251.104: Total time for which application threads were stopped: 0.0016970 seconds, Stopping threads took: 0.0000900 seconds
251.279: Application time: 0.1759210 seconds
251.280: [GC [PSYoungGen: 665808K->592K(666112K)] 922622K->257414K(1211392K), 0.0016680 secs] [Times: user=0.01 sys=0.00, real=0.00 secs] 
251.281: Total time for which application threads were stopped: 0.0018250 seconds, Stopping threads took: 0.0000870 seconds
251.492: Application time: 0.2108380 seconds
251.492: [GC [PSYoungGen: 665680K->544K(666112K)] 922502K->257374K(1211392K), 0.0016710 secs] [Times: user=0.01 sys=0.00, real=0.00 secs] 
251.494: Total time for which application threads were stopped: 0.0018180 seconds, Stopping threads took: 0.0000850 seconds
251.674: Application time: 0.1799270 seconds
251.674: [GC [PSYoungGen: 665632K->736K(666112K)] 922462K->257574K(1211392K), 0.0018080 secs] [Times: user=0.02 sys=0.00, real=0.00 secs] 
251.676: Total time for which application threads were stopped: 0.0019630 seconds, Stopping threads took: 0.0000820 seconds
251.863: Application time: 0.1876240 seconds
251.864: [GC [PSYoungGen: 665824K->496K(666112K)] 922662K->257342K(1211392K), 0.0016800 secs] [Times: user=0.01 sys=0.00, real=0.00 secs] 
251.865: Total time for which application threads were stopped: 0.0018470 seconds, Stopping threads took: 0.0000890 seconds
252.076: Application time: 0.2109910 seconds
252.076: [GC [PSYoungGen: 665584K->608K(666112K)] 922430K->257462K(1211392K), 0.0017410 secs] [Times: user=0.01 sys=0.00, real=0.00 secs] 
252.078: Total time for which application threads were stopped: 0.0018760 seconds, Stopping threads took: 0.0000730 seconds
252.246: Application time: 0.1682570 seconds
252.247: [GC [PSYoungGen: 665696K->672K(666112K)] 922550K->257526K(1211392K), 0.0016940 secs] [Times: user=0.01 sys=0.00, real=0.01 secs] 
252.248: Total time for which application threads were stopped: 0.0018450 seconds, Stopping threads took: 0.0000840 seconds
252.452: Application time: 0.2038010 seconds
252.452: [GC [PSYoungGen: 665760K->624K(666112K)] 922614K->257478K(1211392K), 0.0016790 secs] [Times: user=0.01 sys=0.00, real=0.00 secs] 
252.454: Total time for which application threads were stopped: 0.0018230 seconds, Stopping threads took: 0.0000670 seconds
252.651: Application time: 0.1969590 seconds
252.651: [GC [PSYoungGen: 665712K->640K(666112K)] 922566K->257494K(1211392K), 0.0017020 secs] [Times: user=0.01 sys=0.00, real=0.00 secs] 
252.653: Total time for which application threads were stopped: 0.0018470 seconds, Stopping threads took: 0.0000800 seconds
252.827: Application time: 0.1744950 seconds
252.827: [GC [PSYoungGen: 665728K->704K(666112K)] 922582K->257566K(1211392K), 0.0017580 secs] [Times: user=0.01 sys=0.00, real=0.00 secs] 
252.829: Total time for which application threads were stopped: 0.0019060 seconds, Stopping threads took: 0.0000860 seconds
253.042: Application time: 0.2129290 seconds
253.042: [GC [PSYoungGen: 665792K->464K(666112K)] 922654K->257334K(1211392K), 0.0016850 secs] [Times: user=0.01 sys=0.00, real=0.00 secs] 
253.044: Total time for which application threads were stopped: 0.0018390 seconds, Stopping threads took: 0.0000720 seconds
253.222: Application time: 0.1781470 seconds
253.222: [GC [PSYoungGen: 665552K->752K(666112K)] 922422K->257630K(1211392K), 0.0017410 secs] [Times: user=0.01 sys=0.00, real=0.00 secs] 
253.224: Total time for which application threads were stopped: 0.0018670 seconds, Stopping threads took: 0.0000510 seconds
253.409: Application time: 0.1855600 seconds
253.410: [GC [PSYoungGen: 665840K->688K(666112K)] 922718K->257574K(1211392K), 0.0016680 secs] [Times: user=0.01 sys=0.00, real=0.00 secs] 
253.411: Total time for which application threads were stopped: 0.0018350 seconds, Stopping threads took: 0.0000920 seconds
253.626: Application time: 0.2144380 seconds
253.626: [GC [PSYoungGen: 665776K->656K(666112K)] 922662K->257550K(1211392K), 0.0017130 secs] [Times: user=0.01 sys=0.00, real=0.01 secs] 
253.628: Total time for which application threads were stopped: 0.0018600 seconds, Stopping threads took: 0.0000660 seconds
253.792: Application time: 0.1645440 seconds
253.792: [GC [PSYoungGen: 665744K->672K(666112K)] 922638K->257566K(1211392K), 0.0017030 secs] [Times: user=0.02 sys=0.00, real=0.00 secs] 
253.794: Total time for which application threads were stopped: 0.0018420 seconds, Stopping threads took: 0.0000710 seconds
253.999: Application time: 0.2051270 seconds
253.999: [GC [PSYoungGen: 665760K->576K(666112K)] 922654K->257470K(1211392K), 0.0016980 secs] [Times: user=0.01 sys=0.00, real=0.00 secs] 
254.001: Total time for which application threads were stopped: 0.0018330 seconds, Stopping threads took: 0.0000700 seconds
254.197: Application time: 0.1964790 seconds
254.198: [GC [PSYoungGen: 665664K->640K(666112K)] 922558K->257534K(1211392K), 0.0017080 secs] [Times: user=0.02 sys=0.00, real=0.01 secs] 
254.199: Total time for which application threads were stopped: 0.0018910 seconds, Stopping threads took: 0.0001030 seconds
254.373: Application time: 0.1737970 seconds
254.373: [GC [PSYoungGen: 665728K->720K(666112K)] 922622K->257622K(1211392K), 0.0017130 secs] [Times: user=0.01 sys=0.00, real=0.00 secs] 
254.375: Total time for which application threads were stopped: 0.0018530 seconds, Stopping threads took: 0.0000780 seconds
254.589: Application time: 0.2144750 seconds
254.590: [GC [PSYoungGen: 665808K->640K(666112K)] 922710K->257550K(1211392K), 0.0016760 secs] [Times: user=0.01 sys=0.00, real=0.00 secs] 
254.591: Total time for which application threads were stopped: 0.0018150 seconds, Stopping threads took: 0.0000660 seconds
254.769: Application time: 0.1780700 seconds
254.770: [GC [PSYoungGen: 665728K->608K(666112K)] 922638K->257526K(1211392K), 0.0017660 secs] [Times: user=0.02 sys=0.00, real=0.00 secs] 
254.771: Total time for which application threads were stopped: 0.0019270 seconds, Stopping threads took: 0.0000790 seconds
254.957: Application time: 0.1861810 seconds
254.958: [GC [PSYoungGen: 665696K->736K(666112K)] 922614K->257662K(1211392K), 0.0017010 secs] [Times: user=0.01 sys=0.00, real=0.01 secs] 
254.959: Total time for which application threads were stopped: 0.0018660 seconds, Stopping threads took: 0.0000930 seconds
255.171: Application time: 0.2111970 seconds
255.171: [GC [PSYoungGen: 665824K->640K(666112K)] 922750K->257574K(1211392K), 0.0017940 secs] [Times: user=0.01 sys=0.00, real=0.00 secs] 
255.172: Total time for which application threads were stopped: 0.0019260 seconds, Stopping threads took: 0.0000660 seconds
255.339: Application time: 0.1669190 seconds
255.340: [GC [PSYoungGen: 665728K->656K(666112K)] 922662K->257590K(1211392K), 0.0015430 secs] [Times: user=0.01 sys=0.00, real=0.00 secs] 
255.341: Total time for which application threads were stopped: 0.0016900 seconds, Stopping threads took: 0.0000610 seconds
255.549: Application time: 0.2082220 seconds
255.549: [GC [PSYoungGen: 665744K->560K(666112K)] 922678K->257494K(1211392K), 0.0017340 secs] [Times: user=0.01 sys=0.00, real=0.00 secs] 
255.551: Total time for which application threads were stopped: 0.0018800 seconds, Stopping threads took: 0.0000770 seconds
255.747: Application time: 0.1958870 seconds
255.747: [GC [PSYoungGen: 665648K->640K(666112K)] 922582K->257574K(1211392K), 0.0017150 secs] [Times: user=0.01 sys=0.00, real=0.00 secs] 
255.749: Total time for which application threads were stopped: 0.0018800 seconds, Stopping threads took: 0.0000950 seconds
255.924: Application time: 0.1747010 seconds
255.924: [GC [PSYoungGen: 665728K->608K(666112K)] 922662K->257550K(1211392K), 0.0017970 secs] [Times: user=0.01 sys=0.00, real=0.00 secs] 
255.926: Total time for which application threads were stopped: 0.0019660 seconds, Stopping threads took: 0.0000960 seconds
256.141: Application time: 0.2158050 seconds
256.142: [GC [PSYoungGen: 665696K->656K(666112K)] 922638K->257606K(1211392K), 0.0017140 secs] [Times: user=0.01 sys=0.00, real=0.00 secs] 
256.143: Total time for which application threads were stopped: 0.0018550 seconds, Stopping threads took: 0.0000700 seconds
256.322: Application time: 0.1789210 seconds
256.322: [GC [PSYoungGen: 665744K->640K(666112K)] 922694K->257598K(1211392K), 0.0017220 secs] [Times: user=0.01 sys=0.00, real=0.00 secs] 
256.324: Total time for which application threads were stopped: 0.0018800 seconds, Stopping threads took: 0.0000860 seconds
256.508: Application time: 0.1843270 seconds
256.509: [GC [PSYoungGen: 665728K->592K(666112K)] 922686K->257558K(1211392K), 0.0016840 secs] [Times: user=0.01 sys=0.00, real=0.00 secs] 
256.510: Total time for which application threads were stopped: 0.0018310 seconds, Stopping threads took: 0.0000730 seconds
256.724: Application time: 0.2141720 seconds
256.725: [GC [PSYoungGen: 665680K->576K(666112K)] 922646K->257542K(1211392K), 0.0017400 secs] [Times: user=0.01 sys=0.00, real=0.00 secs] 
256.726: Total time for which application threads were stopped: 0.0018680 seconds, Stopping threads took: 0.0000640 seconds
256.892: Application time: 0.1655800 seconds
256.892: [GC [PSYoungGen: 665664K->576K(666112K)] 922630K->257550K(1211392K), 0.0016220 secs] [Times: user=0.01 sys=0.00, real=0.00 secs] 
256.894: Total time for which application threads were stopped: 0.0017380 seconds, Stopping threads took: 0.0000500 seconds
257.098: Application time: 0.2039040 seconds
257.098: [GC [PSYoungGen: 665664K->496K(666112K)] 922638K->257470K(1211392K), 0.0017940 secs] [Times: user=0.01 sys=0.00, real=0.01 secs] 
257.100: Total time for which application threads were stopped: 0.0019560 seconds, Stopping threads took: 0.0000810 seconds
257.296: Application time: 0.1969300 seconds
257.297: [GC [PSYoungGen: 665584K->768K(666112K)] 922558K->257742K(1211392K), 0.0017470 secs] [Times: user=0.01 sys=0.00, real=0.00 secs] 
257.298: Total time for which application threads were stopped: 0.0018730 seconds, Stopping threads took: 0.0000570 seconds
257.470: Application time: 0.1716520 seconds
257.470: [GC [PSYoungGen: 665856K->704K(666112K)] 922830K->257694K(1211392K), 0.0017660 secs] [Times: user=0.01 sys=0.00, real=0.00 secs] 
257.472: Total time for which application threads were stopped: 0.0018790 seconds, Stopping threads took: 0.0000460 seconds
257.687: Application time: 0.2149880 seconds
257.687: [GC [PSYoungGen: 665792K->592K(666112K)] 922782K->257590K(1211392K), 0.0017290 secs] [Times: user=0.01 sys=0.00, real=0.00 secs] 
257.689: Total time for which application threads were stopped: 0.0018900 seconds, Stopping threads took: 0.0000850 seconds
257.867: Application time: 0.1779630 seconds
257.867: [GC [PSYoungGen: 665680K->672K(666112K)] 922678K->257678K(1211392K), 0.0016830 secs] [Times: user=0.02 sys=0.00, real=0.00 secs] 
257.869: Total time for which application threads were stopped: 0.0018030 seconds, Stopping threads took: 0.0000490 seconds
258.053: Application time: 0.1847960 seconds
258.053: [GC [PSYoungGen: 665760K->544K(666112K)] 922766K->257566K(1211392K), 0.0017070 secs] [Times: user=0.01 sys=0.00, real=0.00 secs] 
258.055: Total time for which application threads were stopped: 0.0018450 seconds, Stopping threads took: 0.0000730 seconds
258.274: Application time: 0.2185950 seconds
258.274: [GC [PSYoungGen: 665632K->736K(666112K)] 922654K->257758K(1211392K), 0.0016910 secs] [Times: user=0.01 sys=0.00, real=0.00 secs] 
258.276: Total time for which application threads were stopped: 0.0018410 seconds, Stopping threads took: 0.0000730 seconds
258.438: Application time: 0.1627470 seconds
258.438: [GC [PSYoungGen: 665824K->576K(666112K)] 922846K->257606K(1211392K), 0.0017100 secs] [Times: user=0.01 sys=0.00, real=0.01 secs] 
258.440: Total time for which application threads were stopped: 0.0018680 seconds, Stopping threads took: 0.0000920 seconds
258.645: Application time: 0.2048450 seconds
258.645: [GC [PSYoungGen: 665664K->544K(666112K)] 922694K->257574K(1211392K), 0.0017070 secs] [Times: user=0.01 sys=0.00, real=0.01 secs] 
258.647: Total time for which application threads were stopped: 0.0018510 seconds, Stopping threads took: 0.0000770 seconds
258.849: Application time: 0.2022410 seconds
258.849: [GC [PSYoungGen: 665632K->672K(666112K)] 922662K->257702K(1211392K), 0.0017150 secs] [Times: user=0.01 sys=0.00, real=0.00 secs] 
258.851: Total time for which application threads were stopped: 0.0018440 seconds, Stopping threads took: 0.0000530 seconds
259.021: Application time: 0.1705080 seconds
259.022: [GC [PSYoungGen: 665760K->560K(666112K)] 922790K->257598K(1211392K), 0.0017220 secs] [Times: user=0.01 sys=0.01, real=0.00 secs] 
259.023: Total time for which application threads were stopped: 0.0018530 seconds, Stopping threads took: 0.0000630 seconds
259.237: Application time: 0.2133330 seconds
259.237: [GC [PSYoungGen: 665648K->496K(666112K)] 922686K->257550K(1211392K), 0.0016870 secs] [Times: user=0.01 sys=0.00, real=0.00 secs] 
259.239: Total time for which application threads were stopped: 0.0018500 seconds, Stopping threads took: 0.0000920 seconds
259.420: Application time: 0.1810140 seconds
259.420: [GC [PSYoungGen: 665584K->640K(666112K)] 922638K->257710K(1211392K), 0.0016900 secs] [Times: user=0.01 sys=0.00, real=0.00 secs] 
259.421: Total time for which application threads were stopped: 0.0018240 seconds, Stopping threads took: 0.0000500 seconds
259.608: Application time: 0.1862880 seconds
259.608: [GC [PSYoungGen: 665728K->656K(666112K)] 922798K->257734K(1211392K), 0.0016920 secs] [Times: user=0.01 sys=0.00, real=0.00 secs] 
259.610: Total time for which application threads were stopped: 0.0018430 seconds, Stopping threads took: 0.0000880 seconds
259.825: Application time: 0.2153600 seconds
259.825: [GC [PSYoungGen: 665744K->656K(666112K)] 922822K->257734K(1211392K), 0.0014980 secs] [Times: user=0.00 sys=0.00, real=0.00 secs] 
259.827: Total time for which application threads were stopped: 0.0016310 seconds, Stopping threads took: 0.0000670 seconds
259.992: Application time: 0.1654810 seconds
259.992: [GC [PSYoungGen: 665744K->640K(666112K)] 922822K->257734K(1211392K), 0.0016980 secs] [Times: user=0.01 sys=0.00, real=0.00 secs] 
259.994: Total time for which application threads were stopped: 0.0018540 seconds, Stopping threads took: 0.0000760 seconds
260.198: Application time: 0.2041720 seconds
260.198: [GC [PSYoungGen: 665728K->544K(666112K)] 922822K->257638K(1211392K), 0.0016960 secs] [Times: user=0.01 sys=0.00, real=0.01 secs] 
260.200: Total time for which application threads were stopped: 0.0018470 seconds, Stopping threads took: 0.0000900 seconds
260.398: Application time: 0.1982850 seconds
260.398: [GC [PSYoungGen: 665632K->656K(666112K)] 922726K->257750K(1211392K), 0.0016800 secs] [Times: user=0.01 sys=0.00, real=0.01 secs] 
260.400: Total time for which application threads were stopped: 0.0018020 seconds, Stopping threads took: 0.0000570 seconds
260.572: Application time: 0.1716370 seconds
260.572: [GC [PSYoungGen: 665744K->576K(666112K)] 922838K->257686K(1211392K), 0.0017090 secs] [Times: user=0.01 sys=0.00, real=0.00 secs] 
260.573: Total time for which application threads were stopped: 0.0018510 seconds, Stopping threads took: 0.0000650 seconds
260.790: Application time: 0.2164580 seconds
260.790: [GC [PSYoungGen: 665664K->544K(666112K)] 922774K->257662K(1211392K), 0.0017040 secs] [Times: user=0.01 sys=0.00, real=0.00 secs] 
260.792: Total time for which application threads were stopped: 0.0018320 seconds, Stopping threads took: 0.0000650 seconds
260.970: Application time: 0.1784760 seconds
260.970: [GC [PSYoungGen: 665632K->608K(666112K)] 922750K->257734K(1211392K), 0.0017090 secs] [Times: user=0.01 sys=0.00, real=0.00 secs] 
260.972: Total time for which application threads were stopped: 0.0018430 seconds, Stopping threads took: 0.0000700 seconds
261.157: Application time: 0.1844440 seconds
261.157: [GC [PSYoungGen: 665696K->512K(666112K)] 922822K->257646K(1211392K), 0.0017110 secs] [Times: user=0.01 sys=0.00, real=0.00 secs] 
261.158: Total time for which application threads were stopped: 0.0018700 seconds, Stopping threads took: 0.0000870 seconds
261.376: Application time: 0.2172490 seconds
261.376: [GC [PSYoungGen: 665600K->656K(666112K)] 922734K->257790K(1211392K), 0.0016820 secs] [Times: user=0.01 sys=0.00, real=0.00 secs] 
261.377: Total time for which application threads were stopped: 0.0018180 seconds, Stopping threads took: 0.0000730 seconds
261.544: Application time: 0.1664920 seconds
261.544: [GC [PSYoungGen: 665744K->528K(666112K)] 922878K->257670K(1211392K), 0.0016680 secs] [Times: user=0.01 sys=0.00, real=0.00 secs] 
261.546: Total time for which application threads were stopped: 0.0018010 seconds, Stopping threads took: 0.0000690 seconds
261.748: Application time: 0.2026130 seconds
261.749: [GC [PSYoungGen: 665616K->512K(666112K)] 922758K->257654K(1211392K), 0.0015970 secs] [Times: user=0.01 sys=0.00, real=0.00 secs] 
261.750: Total time for which application threads were stopped: 0.0017510 seconds, Stopping threads took: 0.0000790 seconds
261.952: Application time: 0.2018480 seconds
261.952: [GC [PSYoungGen: 665600K->640K(666112K)] 922742K->257782K(1211392K), 0.0016940 secs] [Times: user=0.02 sys=0.00, real=0.00 secs] 
261.954: Total time for which application threads were stopped: 0.0018540 seconds, Stopping threads took: 0.0000880 seconds
262.123: Application time: 0.1694990 seconds
262.123: [GC [PSYoungGen: 665728K->576K(666112K)] 922870K->257726K(1211392K), 0.0016830 secs] [Times: user=0.01 sys=0.00, real=0.00 secs] 
262.125: Total time for which application threads were stopped: 0.0018260 seconds, Stopping threads took: 0.0000780 seconds
262.339: Application time: 0.2139820 seconds
262.339: [GC [PSYoungGen: 665664K->640K(666112K)] 922814K->257798K(1211392K), 0.0016630 secs] [Times: user=0.01 sys=0.00, real=0.00 secs] 
262.341: Total time for which application threads were stopped: 0.0018490 seconds, Stopping threads took: 0.0000960 seconds
262.520: Application time: 0.1793780 seconds
262.520: [GC [PSYoungGen: 665728K->704K(666112K)] 922886K->257870K(1211392K), 0.0014990 secs] [Times: user=0.00 sys=0.00, real=0.00 secs] 
262.522: Total time for which application threads were stopped: 0.0016060 seconds, Stopping threads took: 0.0000400 seconds
262.706: Application time: 0.1844430 seconds
262.707: [GC [PSYoungGen: 665792K->592K(666112K)] 922958K->257766K(1211392K), 0.0017300 secs] [Times: user=0.01 sys=0.00, real=0.01 secs] 
262.708: Total time for which application threads were stopped: 0.0018800 seconds, Stopping threads took: 0.0000860 seconds
262.926: Application time: 0.2175220 seconds
262.926: [GC [PSYoungGen: 665680K->608K(666112K)] 922854K->257790K(1211392K), 0.0017840 secs] [Times: user=0.01 sys=0.00, real=0.01 secs] 
262.928: Total time for which application threads were stopped: 0.0019470 seconds, Stopping threads took: 0.0000870 seconds
263.092: Application time: 0.1644200 seconds
263.092: [GC [PSYoungGen: 665696K->528K(666112K)] 922878K->257710K(1211392K), 0.0016670 secs] [Times: user=0.01 sys=0.00, real=0.00 secs] 
263.094: Total time for which application threads were stopped: 0.0018020 seconds, Stopping threads took: 0.0000730 seconds
263.296: Application time: 0.2023470 seconds
263.297: [GC [PSYoungGen: 665616K->560K(666112K)] 922798K->257742K(1211392K), 0.0016860 secs] [Times: user=0.01 sys=0.00, real=0.00 secs] 
263.298: Total time for which application threads were stopped: 0.0018310 seconds, Stopping threads took: 0.0000810 seconds
263.502: Application time: 0.2038720 seconds
263.502: [GC [PSYoungGen: 665648K->656K(666112K)] 922830K->257838K(1211392K), 0.0016590 secs] [Times: user=0.01 sys=0.00, real=0.00 secs] 
263.504: Total time for which application threads were stopped: 0.0017890 seconds, Stopping threads took: 0.0000600 seconds
263.673: Application time: 0.1695860 seconds
263.674: [GC [PSYoungGen: 665744K->576K(666112K)] 922926K->257766K(1211392K), 0.0017500 secs] [Times: user=0.02 sys=0.00, real=0.00 secs] 
263.675: Total time for which application threads were stopped: 0.0018950 seconds, Stopping threads took: 0.0000790 seconds
263.889: Application time: 0.2132760 seconds
263.889: [GC [PSYoungGen: 665664K->512K(666112K)] 922854K->257710K(1211392K), 0.0017130 secs] [Times: user=0.01 sys=0.00, real=0.00 secs] 
263.891: Total time for which application threads were stopped: 0.0018600 seconds, Stopping threads took: 0.0000710 seconds
264.074: Application time: 0.1838960 seconds
264.075: [GC [PSYoungGen: 665600K->720K(666112K)] 922798K->257926K(1211392K), 0.0017240 secs] [Times: user=0.01 sys=0.00, real=0.00 secs] 
264.076: Total time for which application threads were stopped: 0.0018550 seconds, Stopping threads took: 0.0000530 seconds
264.257: Application time: 0.1802950 seconds
264.257: [GC [PSYoungGen: 665808K->640K(666112K)] 923014K->257854K(1211392K), 0.0017180 secs] [Times: user=0.01 sys=0.00, real=0.00 secs] 
264.258: Total time for which application threads were stopped: 0.0018690 seconds, Stopping threads took: 0.0000810 seconds
264.481: Application time: 0.2229570 seconds
264.482: [GC [PSYoungGen: 665728K->624K(666112K)] 922942K->257846K(1211392K), 0.0018550 secs] [Times: user=0.01 sys=0.00, real=0.00 secs] 
264.483: Total time for which application threads were stopped: 0.0020280 seconds, Stopping threads took: 0.0001090 seconds
264.647: Application time: 0.1639070 seconds
264.647: [GC [PSYoungGen: 665712K->688K(666112K)] 922934K->257910K(1211392K), 0.0016120 secs] [Times: user=0.01 sys=0.00, real=0.00 secs] 
264.649: Total time for which application threads were stopped: 0.0017840 seconds, Stopping threads took: 0.0000890 seconds
264.850: Application time: 0.2004490 seconds
264.850: [GC [PSYoungGen: 665776K->560K(666112K)] 922998K->257782K(1211392K), 0.0016900 secs] [Times: user=0.01 sys=0.00, real=0.00 secs] 
264.851: Total time for which application threads were stopped: 0.0018340 seconds, Stopping threads took: 0.0000700 seconds
265.057: Application time: 0.2053570 seconds
265.057: [GC [PSYoungGen: 665648K->688K(666112K)] 922870K->257910K(1211392K), 0.0016910 secs] [Times: user=0.01 sys=0.00, real=0.00 secs] 
265.059: Total time for which application threads were stopped: 0.0018330 seconds, Stopping threads took: 0.0000780 seconds
265.227: Application time: 0.1684620 seconds
265.227: [GC [PSYoungGen: 665776K->560K(666112K)] 922998K->257790K(1211392K), 0.0018010 secs] [Times: user=0.01 sys=0.00, real=0.00 secs] 
265.229: Total time for which application threads were stopped: 0.0019640 seconds, Stopping threads took: 0.0000880 seconds
265.447: Application time: 0.2180480 seconds
265.447: [GC [PSYoungGen: 665648K->640K(666112K)] 922878K->257878K(1211392K), 0.0017020 secs] [Times: user=0.01 sys=0.00, real=0.00 secs] 
265.449: Total time for which application threads were stopped: 0.0018250 seconds, Stopping threads took: 0.0000580 seconds
265.630: Application time: 0.1815410 seconds
265.631: [GC [PSYoungGen: 665728K->640K(666112K)] 922966K->257886K(1211392K), 0.0017330 secs] [Times: user=0.01 sys=0.01, real=0.00 secs] 
265.632: Total time for which application threads were stopped: 0.0020050 seconds, Stopping threads took: 0.0001960 seconds
265.817: Application time: 0.1848620 seconds
265.817: [GC [PSYoungGen: 665728K->480K(666112K)] 922974K->257734K(1211392K), 0.0017160 secs] [Times: user=0.01 sys=0.00, real=0.01 secs] 
265.819: Total time for which application threads were stopped: 0.0018750 seconds, Stopping threads took: 0.0000890 seconds
266.039: Application time: 0.2196290 seconds
266.039: [GC [PSYoungGen: 665568K->608K(666112K)] 922822K->257870K(1211392K), 0.0016970 secs] [Times: user=0.01 sys=0.00, real=0.00 secs] 
266.041: Total time for which application threads were stopped: 0.0018500 seconds, Stopping threads took: 0.0000830 seconds
266.208: Application time: 0.1671610 seconds
266.208: [GC [PSYoungGen: 665696K->800K(666112K)] 922958K->258062K(1211392K), 0.0016990 secs] [Times: user=0.01 sys=0.00, real=0.00 secs] 
266.210: Total time for which application threads were stopped: 0.0018430 seconds, Stopping threads took: 0.0000830 seconds
266.410: Application time: 0.2007200 seconds
266.411: [GC [PSYoungGen: 665888K->592K(666112K)] 923150K->257854K(1211392K), 0.0017110 secs] [Times: user=0.01 sys=0.00, real=0.00 secs] 
266.412: Total time for which application threads were stopped: 0.0018600 seconds, Stopping threads took: 0.0000730 seconds
266.616: Application time: 0.2036040 seconds
266.616: [GC [PSYoungGen: 665680K->720K(666112K)] 922942K->257982K(1211392K), 0.0017100 secs] [Times: user=0.01 sys=0.00, real=0.00 secs] 
266.618: Total time for which application threads were stopped: 0.0018490 seconds, Stopping threads took: 0.0000690 seconds
266.800: Application time: 0.1823950 seconds
266.800: [GC [PSYoungGen: 665808K->640K(666112K)] 923070K->257910K(1211392K), 0.0016880 secs] [Times: user=0.01 sys=0.00, real=0.00 secs] 
266.802: Total time for which application threads were stopped: 0.0018290 seconds, Stopping threads took: 0.0000780 seconds
267.012: Application time: 0.2104320 seconds
267.013: [GC [PSYoungGen: 665728K->576K(666112K)] 922998K->257854K(1211392K), 0.0016850 secs] [Times: user=0.01 sys=0.00, real=0.00 secs] 
267.014: Total time for which application threads were stopped: 0.0018380 seconds, Stopping threads took: 0.0000780 seconds
267.189: Application time: 0.1744570 seconds
267.189: [GC [PSYoungGen: 665664K->736K(666112K)] 922942K->258022K(1211392K), 0.0017060 secs] [Times: user=0.01 sys=0.00, real=0.00 secs] 
267.191: Total time for which application threads were stopped: 0.0018460 seconds, Stopping threads took: 0.0000700 seconds
267.379: Application time: 0.1886130 seconds
267.379: [GC [PSYoungGen: 665824K->608K(666112K)] 923110K->257902K(1211392K), 0.0016810 secs] [Times: user=0.01 sys=0.00, real=0.00 secs] 
267.381: Total time for which application threads were stopped: 0.0018280 seconds, Stopping threads took: 0.0000740 seconds
267.587: Application time: 0.2061690 seconds
267.587: [GC [PSYoungGen: 665696K->704K(666112K)] 922990K->257998K(1211392K), 0.0017640 secs] [Times: user=0.01 sys=0.00, real=0.00 secs] 
267.589: Total time for which application threads were stopped: 0.0019120 seconds, Stopping threads took: 0.0000690 seconds
267.763: Application time: 0.1734480 seconds
267.763: [GC [PSYoungGen: 665792K->672K(666112K)] 923086K->257974K(1211392K), 0.0016750 secs] [Times: user=0.01 sys=0.00, real=0.00 secs] 
267.764: Total time for which application threads were stopped: 0.0018140 seconds, Stopping threads took: 0.0000770 seconds
267.967: Application time: 0.2031330 seconds
267.968: [GC [PSYoungGen: 665760K->608K(666112K)] 923062K->257910K(1211392K), 0.0017060 secs] [Times: user=0.01 sys=0.00, real=0.00 secs] 
267.969: Total time for which application threads were stopped: 0.0018380 seconds, Stopping threads took: 0.0000600 seconds
268.161: Application time: 0.1912320 seconds
268.161: [GC [PSYoungGen: 665696K->752K(666112K)] 922998K->258054K(1211392K), 0.0017200 secs] [Times: user=0.02 sys=0.00, real=0.00 secs] 
268.162: Total time for which application threads were stopped: 0.0018670 seconds, Stopping threads took: 0.0000710 seconds
268.345: Application time: 0.1823310 seconds
268.345: [GC [PSYoungGen: 665840K->640K(666112K)] 923142K->257950K(1211392K), 0.0016720 secs] [Times: user=0.02 sys=0.00, real=0.00 secs] 
268.347: Total time for which application threads were stopped: 0.0018270 seconds, Stopping threads took: 0.0000940 seconds
268.556: Application time: 0.2097160 seconds
268.556: [GC [PSYoungGen: 665728K->608K(666112K)] 923038K->257926K(1211392K), 0.0017260 secs] [Times: user=0.01 sys=0.00, real=0.00 secs] 
268.558: Total time for which application threads were stopped: 0.0018720 seconds, Stopping threads took: 0.0000750 seconds
268.732: Application time: 0.1737350 seconds
268.732: [GC [PSYoungGen: 665696K->656K(666112K)] 923014K->257982K(1211392K), 0.0016960 secs] [Times: user=0.01 sys=0.00, real=0.00 secs] 
268.734: Total time for which application threads were stopped: 0.0018300 seconds, Stopping threads took: 0.0000560 seconds
268.925: Application time: 0.1915390 seconds
268.925: [GC [PSYoungGen: 665744K->576K(666112K)] 923070K->257910K(1211392K), 0.0017040 secs] [Times: user=0.02 sys=0.00, real=0.01 secs] 
268.927: Total time for which application threads were stopped: 0.0018590 seconds, Stopping threads took: 0.0000810 seconds
269.134: Application time: 0.2064520 seconds
269.134: [GC [PSYoungGen: 665664K->496K(666112K)] 922998K->257830K(1211392K), 0.0016240 secs] [Times: user=0.01 sys=0.00, real=0.00 secs] 
269.135: Total time for which application threads were stopped: 0.0017380 seconds, Stopping threads took: 0.0000490 seconds
269.307: Application time: 0.1717970 seconds
269.307: [GC [PSYoungGen: 665584K->512K(666112K)] 922918K->257854K(1211392K), 0.0017930 secs] [Times: user=0.01 sys=0.00, real=0.00 secs] 
269.309: Total time for which application threads were stopped: 0.0019430 seconds, Stopping threads took: 0.0000750 seconds
269.511: Application time: 0.2020900 seconds
269.511: [GC [PSYoungGen: 665600K->624K(666112K)] 922942K->257966K(1211392K), 0.0016890 secs] [Times: user=0.01 sys=0.00, real=0.00 secs] 
269.513: Total time for which application threads were stopped: 0.0018220 seconds, Stopping threads took: 0.0000650 seconds
269.707: Application time: 0.1943550 seconds
269.707: [GC [PSYoungGen: 665712K->672K(666112K)] 923054K->258014K(1211392K), 0.0016040 secs] [Times: user=0.01 sys=0.00, real=0.00 secs] 
269.709: Total time for which application threads were stopped: 0.0017300 seconds, Stopping threads took: 0.0000610 seconds
269.893: Application time: 0.1842940 seconds
269.894: [GC [PSYoungGen: 665760K->528K(666112K)] 923102K->257878K(1211392K), 0.0017930 secs] [Times: user=0.02 sys=0.00, real=0.00 secs] 
269.895: Total time for which application threads were stopped: 0.0019470 seconds, Stopping threads took: 0.0000810 seconds
270.106: Application time: 0.2102340 seconds
270.106: [GC [PSYoungGen: 665616K->656K(666112K)] 922966K->258014K(1211392K), 0.0017160 secs] [Times: user=0.01 sys=0.00, real=0.01 secs] 
270.107: Total time for which application threads were stopped: 0.0018770 seconds, Stopping threads took: 0.0000840 seconds
270.281: Application time: 0.1739470 seconds
270.282: [GC [PSYoungGen: 665744K->608K(666112K)] 923102K->257974K(1211392K), 0.0017080 secs] [Times: user=0.01 sys=0.00, real=0.00 secs] 
270.283: Total time for which application threads were stopped: 0.0018570 seconds, Stopping threads took: 0.0000730 seconds
270.480: Application time: 0.1967980 seconds
270.480: [GC [PSYoungGen: 665696K->624K(666112K)] 923062K->257998K(1211392K), 0.0016730 secs] [Times: user=0.01 sys=0.00, real=0.00 secs] 
270.482: Total time for which application threads were stopped: 0.0018210 seconds, Stopping threads took: 0.0000740 seconds
270.689: Application time: 0.2070390 seconds
270.689: [GC [PSYoungGen: 665712K->592K(666112K)] 923086K->257966K(1211392K), 0.0016770 secs] [Times: user=0.01 sys=0.00, real=0.00 secs] 
270.691: Total time for which application threads were stopped: 0.0018130 seconds, Stopping threads took: 0.0000740 seconds
270.862: Application time: 0.1716280 seconds
270.863: [GC [PSYoungGen: 665680K->592K(666112K)] 923054K->257974K(1211392K), 0.0016930 secs] [Times: user=0.01 sys=0.00, real=0.00 secs] 
270.864: Total time for which application threads were stopped: 0.0018490 seconds, Stopping threads took: 0.0000910 seconds
271.068: Application time: 0.2040620 seconds
271.068: [GC [PSYoungGen: 665680K->592K(666112K)] 923062K->257974K(1211392K), 0.0017050 secs] [Times: user=0.01 sys=0.00, real=0.00 secs] 
271.070: Total time for which application threads were stopped: 0.0018760 seconds, Stopping threads took: 0.0000890 seconds
271.263: Application time: 0.1928290 seconds
271.263: [GC [PSYoungGen: 665680K->672K(666112K)] 923062K->258054K(1211392K), 0.0017140 secs] [Times: user=0.01 sys=0.00, real=0.00 secs] 
271.265: Total time for which application threads were stopped: 0.0018570 seconds, Stopping threads took: 0.0000740 seconds
271.448: Application time: 0.1834740 seconds
271.448: [GC [PSYoungGen: 665760K->576K(666112K)] 923142K->257966K(1211392K), 0.0016970 secs] [Times: user=0.01 sys=0.00, real=0.00 secs] 
271.450: Total time for which application threads were stopped: 0.0018290 seconds, Stopping threads took: 0.0000690 seconds
271.662: Application time: 0.2117470 seconds
271.662: [GC [PSYoungGen: 665664K->608K(666112K)] 923054K->258006K(1211392K), 0.0018000 secs] [Times: user=0.01 sys=0.00, real=0.00 secs] 
271.664: Total time for which application threads were stopped: 0.0019550 seconds, Stopping threads took: 0.0000770 seconds
271.837: Application time: 0.1731980 seconds
271.837: [GC [PSYoungGen: 665696K->672K(666112K)] 923094K->258078K(1211392K), 0.0018070 secs] [Times: user=0.01 sys=0.00, real=0.01 secs] 
271.839: Total time for which application threads were stopped: 0.0019410 seconds, Stopping threads took: 0.0000600 seconds
272.035: Application time: 0.1961940 seconds
272.035: [GC [PSYoungGen: 665760K->576K(666112K)] 923166K->257990K(1211392K), 0.0016810 secs] [Times: user=0.01 sys=0.00, real=0.00 secs] 
272.037: Total time for which application threads were stopped: 0.0018170 seconds, Stopping threads took: 0.0000670 seconds
272.243: Application time: 0.2062250 seconds
272.243: [GC [PSYoungGen: 665664K->688K(666112K)] 923078K->258110K(1211392K), 0.0018160 secs] [Times: user=0.01 sys=0.00, real=0.00 secs] 
272.245: Total time for which application threads were stopped: 0.0019900 seconds, Stopping threads took: 0.0000950 seconds
272.416: Application time: 0.1706680 seconds
272.416: [GC [PSYoungGen: 665776K->704K(666112K)] 923198K->258126K(1211392K), 0.0017960 secs] [Times: user=0.01 sys=0.00, real=0.00 secs] 
272.418: Total time for which application threads were stopped: 0.0019470 seconds, Stopping threads took: 0.0000870 seconds
272.626: Application time: 0.2079870 seconds
272.626: [GC [PSYoungGen: 665792K->624K(666112K)] 923214K->258046K(1211392K), 0.0018400 secs] [Times: user=0.01 sys=0.00, real=0.01 secs] 
272.628: Total time for which application threads were stopped: 0.0019990 seconds, Stopping threads took: 0.0000760 seconds
272.815: Application time: 0.1873920 seconds
272.815: [GC [PSYoungGen: 665712K->688K(666112K)] 923134K->258110K(1211392K), 0.0016520 secs] [Times: user=0.01 sys=0.00, real=0.00 secs] 
272.817: Total time for which application threads were stopped: 0.0017950 seconds, Stopping threads took: 0.0000630 seconds
272.999: Application time: 0.1822390 seconds
272.999: [GC [PSYoungGen: 665776K->608K(666112K)] 923198K->258038K(1211392K), 0.0016980 secs] [Times: user=0.01 sys=0.00, real=0.00 secs] 
273.001: Total time for which application threads were stopped: 0.0018470 seconds, Stopping threads took: 0.0000860 seconds
273.219: Application time: 0.2183150 seconds
273.220: [GC [PSYoungGen: 665696K->656K(666112K)] 923126K->258094K(1211392K), 0.0017900 secs] [Times: user=0.01 sys=0.00, real=0.00 secs] 
273.221: Total time for which application threads were stopped: 0.0019380 seconds, Stopping threads took: 0.0000850 seconds
273.387: Application time: 0.1656950 seconds
273.387: [GC [PSYoungGen: 665744K->672K(666112K)] 923182K->258118K(1211392K), 0.0018210 secs] [Times: user=0.01 sys=0.00, real=0.00 secs] 
273.389: Total time for which application threads were stopped: 0.0019890 seconds, Stopping threads took: 0.0000970 seconds
273.584: Application time: 0.1945730 seconds
273.584: [GC [PSYoungGen: 665760K->576K(666112K)] 923206K->258030K(1211392K), 0.0016890 secs] [Times: user=0.01 sys=0.00, real=0.00 secs] 
273.585: Total time for which application threads were stopped: 0.0018310 seconds, Stopping threads took: 0.0000800 seconds
273.797: Application time: 0.2115210 seconds
273.797: [GC [PSYoungGen: 665664K->656K(666112K)] 923118K->258118K(1211392K), 0.0017090 secs] [Times: user=0.01 sys=0.00, real=0.01 secs] 
273.799: Total time for which application threads were stopped: 0.0018520 seconds, Stopping threads took: 0.0000710 seconds
273.964: Application time: 0.1646930 seconds
273.964: [GC [PSYoungGen: 665744K->560K(666112K)] 923206K->258022K(1211392K), 0.0017210 secs] [Times: user=0.02 sys=0.00, real=0.00 secs] 
273.965: Total time for which application threads were stopped: 0.0018660 seconds, Stopping threads took: 0.0000620 seconds
274.177: Application time: 0.2120040 seconds
274.178: [GC [PSYoungGen: 665648K->528K(666112K)] 923110K->257990K(1211392K), 0.0015830 secs] [Times: user=0.01 sys=0.00, real=0.01 secs] 
274.179: Total time for which application threads were stopped: 0.0017350 seconds, Stopping threads took: 0.0000820 seconds
274.364: Application time: 0.1852140 seconds
274.365: [GC [PSYoungGen: 665616K->704K(666112K)] 923078K->258166K(1211392K), 0.0016860 secs] [Times: user=0.01 sys=0.00, real=0.00 secs] 
274.366: Total time for which application threads were stopped: 0.0018410 seconds, Stopping threads took: 0.0000850 seconds
274.547: Application time: 0.1809050 seconds
274.547: [GC [PSYoungGen: 665792K->560K(666112K)] 923254K->258030K(1211392K), 0.0016850 secs] [Times: user=0.01 sys=0.00, real=0.00 secs] 
274.549: Total time for which application threads were stopped: 0.0018400 seconds, Stopping threads took: 0.0000760 seconds
274.770: Application time: 0.2208350 seconds
274.770: [GC [PSYoungGen: 665648K->560K(666112K)] 923118K->258038K(1211392K), 0.0017240 secs] [Times: user=0.01 sys=0.00, real=0.00 secs] 
274.772: Total time for which application threads were stopped: 0.0018830 seconds, Stopping threads took: 0.0000960 seconds
274.938: Application time: 0.1658980 seconds
274.938: [GC [PSYoungGen: 665648K->736K(666112K)] 923126K->258222K(1211392K), 0.0016820 secs] [Times: user=0.01 sys=0.00, real=0.01 secs] 
274.939: Total time for which application threads were stopped: 0.0018080 seconds, Stopping threads took: 0.0000610 seconds
275.134: Application time: 0.1947070 seconds
275.134: [GC [PSYoungGen: 665824K->640K(666112K)] 923310K->258134K(1211392K), 0.0016800 secs] [Times: user=0.01 sys=0.00, real=0.00 secs] 
275.136: Total time for which application threads were stopped: 0.0018380 seconds, Stopping threads took: 0.0000850 seconds
275.349: Application time: 0.2128950 seconds
275.349: [GC [PSYoungGen: 665728K->768K(666112K)] 923222K->258262K(1211392K), 0.0016770 secs] [Times: user=0.01 sys=0.00, real=0.00 secs] 
275.351: Total time for which application threads were stopped: 0.0018140 seconds, Stopping threads took: 0.0000750 seconds
275.516: Application time: 0.1650070 seconds
275.516: [GC [PSYoungGen: 665856K->592K(666112K)] 923350K->258094K(1211392K), 0.0017180 secs] [Times: user=0.01 sys=0.00, real=0.00 secs] 
275.518: Total time for which application threads were stopped: 0.0018770 seconds, Stopping threads took: 0.0000930 seconds
275.731: Application time: 0.2134270 seconds
275.731: [GC [PSYoungGen: 665680K->512K(666112K)] 923182K->258014K(1211392K), 0.0016850 secs] [Times: user=0.01 sys=0.00, real=0.00 secs] 
275.733: Total time for which application threads were stopped: 0.0018470 seconds, Stopping threads took: 0.0000840 seconds
275.919: Application time: 0.1857250 seconds
275.919: [GC [PSYoungGen: 665600K->784K(666112K)] 923102K->258286K(1211392K), 0.0016900 secs] [Times: user=0.00 sys=0.00, real=0.01 secs] 
275.920: Total time for which application threads were stopped: 0.0018450 seconds, Stopping threads took: 0.0000890 seconds
276.099: Application time: 0.1789890 seconds
276.100: [GC [PSYoungGen: 665872K->576K(666112K)] 923374K->258086K(1211392K), 0.0016900 secs] [Times: user=0.02 sys=0.00, real=0.00 secs] 
276.101: Total time for which application threads were stopped: 0.0018140 seconds, Stopping threads took: 0.0000600 seconds
276.324: Application time: 0.2231570 seconds
276.325: [GC [PSYoungGen: 665664K->576K(666112K)] 923174K->258094K(1211392K), 0.0016900 secs] [Times: user=0.01 sys=0.00, real=0.00 secs] 
276.326: Total time for which application threads were stopped: 0.0018410 seconds, Stopping threads took: 0.0000780 seconds
276.492: Application time: 0.1659270 seconds
276.492: [GC [PSYoungGen: 665664K->752K(666112K)] 923182K->258278K(1211392K), 0.0016950 secs] [Times: user=0.01 sys=0.00, real=0.00 secs] 
276.494: Total time for which application threads were stopped: 0.0018300 seconds, Stopping threads took: 0.0000690 seconds
276.687: Application time: 0.1928280 seconds
276.687: [GC [PSYoungGen: 665840K->576K(666112K)] 923366K->258110K(1211392K), 0.0016870 secs] [Times: user=0.01 sys=0.00, real=0.00 secs] 
276.689: Total time for which application threads were stopped: 0.0018360 seconds, Stopping threads took: 0.0000850 seconds
276.903: Application time: 0.2142000 seconds
276.903: [GC [PSYoungGen: 665664K->720K(666112K)] 923198K->258254K(1211392K), 0.0016850 secs] [Times: user=0.01 sys=0.00, real=0.00 secs] 
276.905: Total time for which application threads were stopped: 0.0018360 seconds, Stopping threads took: 0.0000760 seconds
277.069: Application time: 0.1645830 seconds
277.069: [GC [PSYoungGen: 665808K->640K(666112K)] 923342K->258182K(1211392K), 0.0017090 secs] [Times: user=0.01 sys=0.00, real=0.00 secs] 
277.071: Total time for which application threads were stopped: 0.0018770 seconds, Stopping threads took: 0.0001010 seconds
277.284: Application time: 0.2128660 seconds
277.287: [GC [PSYoungGen: 665728K->496K(666112K)] 923270K->258038K(1211392K), 0.0016920 secs] [Times: user=0.01 sys=0.01, real=0.00 secs] 
277.289: Total time for which application threads were stopped: 0.0045490 seconds, Stopping threads took: 0.0027880 seconds
277.475: Application time: 0.1860890 seconds
277.475: [GC [PSYoungGen: 665584K->704K(666112K)] 923126K->258246K(1211392K), 0.0016900 secs] [Times: user=0.01 sys=0.00, real=0.00 secs] 
277.477: Total time for which application threads were stopped: 0.0018590 seconds, Stopping threads took: 0.0000820 seconds
277.656: Application time: 0.1790880 seconds
277.656: [GC [PSYoungGen: 665792K->704K(666112K)] 923334K->258254K(1211392K), 0.0017240 secs] [Times: user=0.01 sys=0.00, real=0.00 secs] 
277.658: Total time for which application threads were stopped: 0.0018640 seconds, Stopping threads took: 0.0000680 seconds
277.882: Application time: 0.2242020 seconds
277.882: [GC [PSYoungGen: 665792K->624K(666112K)] 923342K->258182K(1211392K), 0.0017500 secs] [Times: user=0.01 sys=0.00, real=0.00 secs] 
277.884: Total time for which application threads were stopped: 0.0018880 seconds, Stopping threads took: 0.0000650 seconds
278.049: Application time: 0.1658630 seconds
278.050: [GC [PSYoungGen: 665712K->656K(666112K)] 923270K->258222K(1211392K), 0.0018180 secs] [Times: user=0.01 sys=0.00, real=0.00 secs] 
278.051: Total time for which application threads were stopped: 0.0019620 seconds, Stopping threads took: 0.0000720 seconds
278.242: Application time: 0.1901400 seconds
278.242: [GC [PSYoungGen: 665744K->512K(666112K)] 923310K->258086K(1211392K), 0.0017080 secs] [Times: user=0.01 sys=0.00, real=0.00 secs] 
278.243: Total time for which application threads were stopped: 0.0018620 seconds, Stopping threads took: 0.0000920 seconds
278.461: Application time: 0.2175370 seconds
278.461: [GC [PSYoungGen: 665600K->496K(666112K)] 923174K->258070K(1211392K), 0.0017140 secs] [Times: user=0.01 sys=0.00, real=0.00 secs] 
278.463: Total time for which application threads were stopped: 0.0018780 seconds, Stopping threads took: 0.0001000 seconds
278.628: Application time: 0.1652730 seconds
278.628: [GC [PSYoungGen: 665584K->560K(666112K)] 923158K->258142K(1211392K), 0.0016800 secs] [Times: user=0.01 sys=0.00, real=0.00 secs] 
278.630: Total time for which application threads were stopped: 0.0018300 seconds, Stopping threads took: 0.0000750 seconds
278.848: Application time: 0.2176910 seconds
278.848: [GC [PSYoungGen: 665648K->496K(666112K)] 923230K->258078K(1211392K), 0.0017810 secs] [Times: user=0.01 sys=0.00, real=0.00 secs] 
278.850: Total time for which application threads were stopped: 0.0019120 seconds, Stopping threads took: 0.0000680 seconds
279.035: Application time: 0.1853990 seconds
279.035: [GC [PSYoungGen: 665584K->704K(666112K)] 923166K->258286K(1211392K), 0.0017040 secs] [Times: user=0.01 sys=0.00, real=0.00 secs] 
279.037: Total time for which application threads were stopped: 0.0018180 seconds, Stopping threads took: 0.0000500 seconds
279.210: Application time: 0.1735100 seconds
279.210: [GC [PSYoungGen: 665792K->560K(666112K)] 923374K->258150K(1211392K), 0.0015170 secs] [Times: user=0.01 sys=0.00, real=0.00 secs] 
279.212: Total time for which application threads were stopped: 0.0017920 seconds, Stopping threads took: 0.0000600 seconds
279.439: Application time: 0.2264440 seconds
279.439: [GC [PSYoungGen: 665648K->704K(639488K)] 923238K->258302K(1184768K), 0.0016850 secs] [Times: user=0.01 sys=0.00, real=0.01 secs] 
279.440: Total time for which application threads were stopped: 0.0018230 seconds, Stopping threads took: 0.0000730 seconds
279.601: Application time: 0.1604500 seconds
279.601: [GC [PSYoungGen: 639168K->672K(643584K)] 896766K->258278K(1188864K), 0.0017170 secs] [Times: user=0.01 sys=0.00, real=0.00 secs] 
279.603: Total time for which application threads were stopped: 0.0018300 seconds, Stopping threads took: 0.0000480 seconds
279.783: Application time: 0.1801960 seconds
279.783: [GC [PSYoungGen: 643232K->448K(647168K)] 900838K->258062K(1192448K), 0.0017470 secs] [Times: user=0.01 sys=0.00, real=0.00 secs] 
279.785: Total time for which application threads were stopped: 0.0019010 seconds, Stopping threads took: 0.0000870 seconds
279.998: Application time: 0.2134040 seconds
279.998: [GC [PSYoungGen: 647104K->592K(651776K)] 904718K->258206K(1197056K), 0.0017090 secs] [Times: user=0.01 sys=0.00, real=0.01 secs] 
280.000: Total time for which application threads were stopped: 0.0018510 seconds, Stopping threads took: 0.0000760 seconds
280.158: Application time: 0.1583350 seconds
280.158: [GC [PSYoungGen: 651344K->608K(655872K)] 908958K->258230K(1201152K), 0.0018190 secs] [Times: user=0.01 sys=0.00, real=0.01 secs] 
280.160: Total time for which application threads were stopped: 0.0019440 seconds, Stopping threads took: 0.0000630 seconds
280.360: Application time: 0.1993810 seconds
280.360: [GC [PSYoungGen: 655456K->592K(659968K)] 913078K->258214K(1205248K), 0.0017430 secs] [Times: user=0.01 sys=0.00, real=0.00 secs] 
280.362: Total time for which application threads were stopped: 0.0019040 seconds, Stopping threads took: 0.0000720 seconds
280.561: Application time: 0.1993960 seconds
280.561: [GC [PSYoungGen: 659536K->512K(663552K)] 917158K->258302K(1208832K), 0.0016810 secs] [Times: user=0.02 sys=0.00, real=0.00 secs] 
280.563: Total time for which application threads were stopped: 0.0017990 seconds, Stopping threads took: 0.0000540 seconds
280.731: Application time: 0.1684460 seconds
280.731: [GC [PSYoungGen: 663552K->512K(665088K)] 921342K->258310K(1210368K), 0.0016770 secs] [Times: user=0.01 sys=0.00, real=0.00 secs] 
280.733: Total time for which application threads were stopped: 0.0018230 seconds, Stopping threads took: 0.0000760 seconds
280.958: Application time: 0.2247250 seconds
280.958: [GC [PSYoungGen: 664576K->496K(666112K)] 922374K->258294K(1211392K), 0.0017790 secs] [Times: user=0.01 sys=0.00, real=0.01 secs] 
280.960: Total time for which application threads were stopped: 0.0019290 seconds, Stopping threads took: 0.0000710 seconds
281.130: Application time: 0.1705540 seconds
281.130: [GC [PSYoungGen: 665584K->528K(666112K)] 923382K->258334K(1211392K), 0.0016610 secs] [Times: user=0.01 sys=0.00, real=0.00 secs] 
281.132: Total time for which application threads were stopped: 0.0018000 seconds, Stopping threads took: 0.0000680 seconds
281.312: Application time: 0.1800940 seconds
281.312: [GC [PSYoungGen: 665616K->688K(666112K)] 923422K->258502K(1211392K), 0.0016580 secs] [Times: user=0.01 sys=0.00, real=0.00 secs] 
281.314: Total time for which application threads were stopped: 0.0017980 seconds, Stopping threads took: 0.0000720 seconds
281.540: Application time: 0.2260060 seconds
281.540: [GC [PSYoungGen: 665776K->752K(666112K)] 923590K->258566K(1211392K), 0.0017900 secs] [Times: user=0.01 sys=0.00, real=0.00 secs] 
281.542: Total time for which application threads were stopped: 0.0019320 seconds, Stopping threads took: 0.0000690 seconds
281.701: Application time: 0.1587410 seconds
281.701: [GC [PSYoungGen: 665840K->624K(666112K)] 923654K->258446K(1211392K), 0.0017910 secs] [Times: user=0.01 sys=0.00, real=0.00 secs] 
281.703: Total time for which application threads were stopped: 0.0019400 seconds, Stopping threads took: 0.0000850 seconds
281.902: Application time: 0.1990260 seconds
281.902: [GC [PSYoungGen: 665712K->576K(666112K)] 923534K->258398K(1211392K), 0.0017080 secs] [Times: user=0.02 sys=0.00, real=0.00 secs] 
281.903: Total time for which application threads were stopped: 0.0018490 seconds, Stopping threads took: 0.0000710 seconds
282.111: Application time: 0.2074840 seconds
282.111: [GC [PSYoungGen: 665664K->672K(666112K)] 923486K->258494K(1211392K), 0.0017180 secs] [Times: user=0.02 sys=0.00, real=0.00 secs] 
282.113: Total time for which application threads were stopped: 0.0018600 seconds, Stopping threads took: 0.0000580 seconds
282.279: Application time: 0.1660820 seconds
282.279: [GC [PSYoungGen: 665760K->640K(666112K)] 923582K->258470K(1211392K), 0.0016840 secs] [Times: user=0.01 sys=0.00, real=0.00 secs] 
282.281: Total time for which application threads were stopped: 0.0018070 seconds, Stopping threads took: 0.0000550 seconds
282.508: Application time: 0.2268460 seconds
282.508: [GC [PSYoungGen: 665728K->512K(666112K)] 923558K->258350K(1211392K), 0.0016950 secs] [Times: user=0.01 sys=0.00, real=0.00 secs] 
282.509: Total time for which application threads were stopped: 0.0018430 seconds, Stopping threads took: 0.0000750 seconds
282.679: Application time: 0.1694450 seconds
282.679: [GC [PSYoungGen: 665600K->592K(666112K)] 923438K->258438K(1211392K), 0.0016800 secs] [Times: user=0.02 sys=0.00, real=0.00 secs] 
282.681: Total time for which application threads were stopped: 0.0018450 seconds, Stopping threads took: 0.0000910 seconds
282.859: Application time: 0.1787780 seconds
282.860: [GC [PSYoungGen: 665680K->656K(666112K)] 923526K->258510K(1211392K), 0.0016920 secs] [Times: user=0.02 sys=0.00, real=0.00 secs] 
282.861: Total time for which application threads were stopped: 0.0018410 seconds, Stopping threads took: 0.0000840 seconds
283.091: Application time: 0.2299610 seconds
283.091: [GC [PSYoungGen: 665744K->768K(666112K)] 923598K->258622K(1211392K), 0.0016260 secs] [Times: user=0.00 sys=0.00, real=0.00 secs] 
283.093: Total time for which application threads were stopped: 0.0017630 seconds, Stopping threads took: 0.0000740 seconds
283.252: Application time: 0.1588800 seconds
283.252: [GC [PSYoungGen: 665856K->576K(666112K)] 923710K->258438K(1211392K), 0.0016750 secs] [Times: user=0.01 sys=0.00, real=0.00 secs] 
283.254: Total time for which application threads were stopped: 0.0018180 seconds, Stopping threads took: 0.0000740 seconds
283.454: Application time: 0.1998690 seconds
283.454: [GC [PSYoungGen: 665664K->528K(666112K)] 923526K->258390K(1211392K), 0.0017000 secs] [Times: user=0.01 sys=0.00, real=0.00 secs] 
283.455: Total time for which application threads were stopped: 0.0018560 seconds, Stopping threads took: 0.0000820 seconds
283.662: Application time: 0.2068370 seconds
283.662: [GC [PSYoungGen: 665616K->720K(666112K)] 923478K->258582K(1211392K), 0.0017240 secs] [Times: user=0.01 sys=0.00, real=0.00 secs] 
283.664: Total time for which application threads were stopped: 0.0018490 seconds, Stopping threads took: 0.0000540 seconds
283.828: Application time: 0.1636760 seconds
283.828: [GC [PSYoungGen: 665808K->672K(666112K)] 923670K->258542K(1211392K), 0.0016760 secs] [Times: user=0.01 sys=0.00, real=0.00 secs] 
283.830: Total time for which application threads were stopped: 0.0018480 seconds, Stopping threads took: 0.0000950 seconds
284.059: Application time: 0.2294900 seconds
284.059: [GC [PSYoungGen: 665760K->608K(666112K)] 923630K->258486K(1211392K), 0.0016870 secs] [Times: user=0.01 sys=0.00, real=0.00 secs] 
284.061: Total time for which application threads were stopped: 0.0018490 seconds, Stopping threads took: 0.0000910 seconds
284.228: Application time: 0.1666090 seconds
284.228: [GC [PSYoungGen: 665696K->640K(666112K)] 923574K->258534K(1211392K), 0.0017000 secs] [Times: user=0.02 sys=0.00, real=0.00 secs] 
284.230: Total time for which application threads were stopped: 0.0018730 seconds, Stopping threads took: 0.0001030 seconds
284.406: Application time: 0.1769240 seconds
284.407: [GC [PSYoungGen: 665728K->592K(666112K)] 923622K->258494K(1211392K), 0.0017100 secs] [Times: user=0.01 sys=0.00, real=0.01 secs] 
284.408: Total time for which application threads were stopped: 0.0018890 seconds, Stopping threads took: 0.0001040 seconds
284.641: Application time: 0.2322370 seconds
284.641: [GC [PSYoungGen: 665680K->720K(666112K)] 923582K->258622K(1211392K), 0.0016660 secs] [Times: user=0.01 sys=0.00, real=0.00 secs] 
284.642: Total time for which application threads were stopped: 0.0017930 seconds, Stopping threads took: 0.0000640 seconds
284.798: Application time: 0.1560720 seconds
284.799: [GC [PSYoungGen: 665808K->752K(666112K)] 923710K->258662K(1211392K), 0.0017160 secs] [Times: user=0.01 sys=0.00, real=0.01 secs] 
284.800: Total time for which application threads were stopped: 0.0018570 seconds, Stopping threads took: 0.0000770 seconds
285.003: Application time: 0.2027070 seconds
285.003: [GC [PSYoungGen: 665840K->496K(666112K)] 923750K->258406K(1211392K), 0.0016870 secs] [Times: user=0.01 sys=0.00, real=0.00 secs] 
285.005: Total time for which application threads were stopped: 0.0018620 seconds, Stopping threads took: 0.0000960 seconds
285.208: Application time: 0.2034860 seconds
285.208: [GC [PSYoungGen: 665584K->688K(666112K)] 923494K->258598K(1211392K), 0.0016880 secs] [Times: user=0.01 sys=0.00, real=0.00 secs] 
285.210: Total time for which application threads were stopped: 0.0017980 seconds, Stopping threads took: 0.0000490 seconds
285.371: Application time: 0.1613020 seconds
285.372: [GC [PSYoungGen: 665776K->688K(666112K)] 923686K->258606K(1211392K), 0.0017360 secs] [Times: user=0.01 sys=0.00, real=0.00 secs] 
285.373: Total time for which application threads were stopped: 0.0018530 seconds, Stopping threads took: 0.0000460 seconds
285.606: Application time: 0.2331200 seconds
285.607: [GC [PSYoungGen: 665776K->720K(666112K)] 923694K->258646K(1211392K), 0.0017370 secs] [Times: user=0.02 sys=0.00, real=0.01 secs] 
285.608: Total time for which application threads were stopped: 0.0018920 seconds, Stopping threads took: 0.0000750 seconds
285.775: Application time: 0.1669650 seconds
285.775: [GC [PSYoungGen: 665808K->816K(666112K)] 923734K->258750K(1211392K), 0.0016840 secs] [Times: user=0.01 sys=0.00, real=0.00 secs] 
285.777: Total time for which application threads were stopped: 0.0017890 seconds, Stopping threads took: 0.0000420 seconds
285.955: Application time: 0.1781170 seconds
285.955: [GC [PSYoungGen: 665904K->656K(666112K)] 923838K->258598K(1211392K), 0.0016890 secs] [Times: user=0.01 sys=0.00, real=0.00 secs] 
285.957: Total time for which application threads were stopped: 0.0018400 seconds, Stopping threads took: 0.0000820 seconds
286.187: Application time: 0.2303890 seconds
286.188: [GC [PSYoungGen: 665744K->608K(666112K)] 923686K->258550K(1211392K), 0.0017050 secs] [Times: user=0.01 sys=0.00, real=0.00 secs] 
286.189: Total time for which application threads were stopped: 0.0018510 seconds, Stopping threads took: 0.0000650 seconds
286.346: Application time: 0.1570000 seconds
286.346: [GC [PSYoungGen: 665696K->816K(666112K)] 923638K->258766K(1211392K), 0.0017210 secs] [Times: user=0.01 sys=0.00, real=0.01 secs] 
286.348: Total time for which application threads were stopped: 0.0018710 seconds, Stopping threads took: 0.0000870 seconds
286.555: Application time: 0.2070780 seconds
286.555: [GC [PSYoungGen: 665904K->480K(666112K)] 923854K->258430K(1211392K), 0.0016830 secs] [Times: user=0.01 sys=0.00, real=0.00 secs] 
286.557: Total time for which application threads were stopped: 0.0018270 seconds, Stopping threads took: 0.0000750 seconds
286.759: Application time: 0.2020480 seconds
286.759: [GC [PSYoungGen: 665568K->592K(666112K)] 923518K->258542K(1211392K), 0.0016800 secs] [Times: user=0.02 sys=0.00, real=0.00 secs] 
286.761: Total time for which application threads were stopped: 0.0018300 seconds, Stopping threads took: 0.0000710 seconds
286.920: Application time: 0.1593910 seconds
286.921: [GC [PSYoungGen: 665680K->512K(666112K)] 923630K->258470K(1211392K), 0.0016860 secs] [Times: user=0.01 sys=0.00, real=0.00 secs] 
286.922: Total time for which application threads were stopped: 0.0018200 seconds, Stopping threads took: 0.0000650 seconds
287.157: Application time: 0.2343390 seconds
287.157: [GC [PSYoungGen: 665600K->672K(666112K)] 923558K->258638K(1211392K), 0.0017080 secs] [Times: user=0.01 sys=0.00, real=0.00 secs] 
287.158: Total time for which application threads were stopped: 0.0018540 seconds, Stopping threads took: 0.0000830 seconds
287.328: Application time: 0.1691100 seconds
287.328: [GC [PSYoungGen: 665760K->752K(666112K)] 923726K->258726K(1211392K), 0.0018020 secs] [Times: user=0.01 sys=0.00, real=0.00 secs] 
287.329: Total time for which application threads were stopped: 0.0019300 seconds, Stopping threads took: 0.0000500 seconds
287.512: Application time: 0.1821420 seconds
287.512: [GC [PSYoungGen: 665840K->672K(666112K)] 923814K->258654K(1211392K), 0.0016830 secs] [Times: user=0.01 sys=0.00, real=0.00 secs] 
287.513: Total time for which application threads were stopped: 0.0018100 seconds, Stopping threads took: 0.0000630 seconds
287.741: Application time: 0.2274590 seconds
287.741: [GC [PSYoungGen: 665760K->736K(666112K)] 923742K->258718K(1211392K), 0.0017180 secs] [Times: user=0.01 sys=0.00, real=0.00 secs] 
287.743: Total time for which application threads were stopped: 0.0018420 seconds, Stopping threads took: 0.0000530 seconds
287.899: Application time: 0.1563850 seconds
287.899: [GC [PSYoungGen: 665824K->624K(666112K)] 923806K->258614K(1211392K), 0.0016980 secs] [Times: user=0.01 sys=0.00, real=0.00 secs] 
287.901: Total time for which application threads were stopped: 0.0018440 seconds, Stopping threads took: 0.0000660 seconds
288.114: Application time: 0.2130800 seconds
288.114: [GC [PSYoungGen: 665712K->496K(666112K)] 923702K->258486K(1211392K), 0.0018270 secs] [Times: user=0.01 sys=0.00, real=0.00 secs] 
288.116: Total time for which application threads were stopped: 0.0019950 seconds, Stopping threads took: 0.0000920 seconds
288.312: Application time: 0.1961680 seconds
288.312: [GC [PSYoungGen: 665584K->608K(666112K)] 923574K->258598K(1211392K), 0.0017010 secs] [Times: user=0.01 sys=0.00, real=0.00 secs] 
288.314: Total time for which application threads were stopped: 0.0018390 seconds, Stopping threads took: 0.0000710 seconds
288.473: Application time: 0.1592500 seconds
288.473: [GC [PSYoungGen: 665696K->528K(666112K)] 923686K->258526K(1211392K), 0.0016740 secs] [Times: user=0.01 sys=0.00, real=0.00 secs] 
288.475: Total time for which application threads were stopped: 0.0018150 seconds, Stopping threads took: 0.0000640 seconds
288.708: Application time: 0.2331000 seconds
288.708: [GC [PSYoungGen: 665616K->624K(666112K)] 923614K->258622K(1211392K), 0.0017160 secs] [Times: user=0.01 sys=0.00, real=0.00 secs] 
288.710: Total time for which application threads were stopped: 0.0018890 seconds, Stopping threads took: 0.0001040 seconds
288.878: Application time: 0.1683800 seconds
288.879: [GC [PSYoungGen: 665712K->624K(666112K)] 923710K->258630K(1211392K), 0.0018290 secs] [Times: user=0.01 sys=0.00, real=0.01 secs] 
288.880: Total time for which application threads were stopped: 0.0019780 seconds, Stopping threads took: 0.0000800 seconds
289.060: Application time: 0.1791450 seconds
289.060: [GC [PSYoungGen: 665712K->544K(666112K)] 923718K->258558K(1211392K), 0.0014920 secs] [Times: user=0.01 sys=0.00, real=0.00 secs] 
289.061: Total time for which application threads were stopped: 0.0016420 seconds, Stopping threads took: 0.0000760 seconds
289.285: Application time: 0.2241970 seconds
289.286: [GC [PSYoungGen: 665632K->736K(666112K)] 923646K->258750K(1211392K), 0.0017740 secs] [Times: user=0.01 sys=0.00, real=0.01 secs] 
289.287: Total time for which application threads were stopped: 0.0019150 seconds, Stopping threads took: 0.0000670 seconds
289.447: Application time: 0.1595910 seconds
289.447: [GC [PSYoungGen: 665824K->608K(666112K)] 923838K->258630K(1211392K), 0.0016890 secs] [Times: user=0.01 sys=0.00, real=0.00 secs] 
289.449: Total time for which application threads were stopped: 0.0018130 seconds, Stopping threads took: 0.0000480 seconds
289.659: Application time: 0.2101430 seconds
289.659: [GC [PSYoungGen: 665696K->544K(666112K)] 923718K->258566K(1211392K), 0.0016860 secs] [Times: user=0.01 sys=0.00, real=0.00 secs] 
289.661: Total time for which application threads were stopped: 0.0018310 seconds, Stopping threads took: 0.0000710 seconds
289.856: Application time: 0.1949490 seconds
289.856: [GC [PSYoungGen: 665632K->704K(666112K)] 923654K->258726K(1211392K), 0.0016890 secs] [Times: user=0.01 sys=0.00, real=0.00 secs] 
289.858: Total time for which application threads were stopped: 0.0018190 seconds, Stopping threads took: 0.0000650 seconds
290.016: Application time: 0.1589100 seconds
290.017: [GC [PSYoungGen: 665792K->576K(666112K)] 923814K->258614K(1211392K), 0.0016700 secs] [Times: user=0.01 sys=0.00, real=0.00 secs] 
290.018: Total time for which application threads were stopped: 0.0018240 seconds, Stopping threads took: 0.0000840 seconds
290.250: Application time: 0.2320910 seconds
290.251: [GC [PSYoungGen: 665664K->592K(666112K)] 923702K->258630K(1211392K), 0.0017290 secs] [Times: user=0.01 sys=0.00, real=0.00 secs] 
290.252: Total time for which application threads were stopped: 0.0019130 seconds, Stopping threads took: 0.0001000 seconds
290.422: Application time: 0.1692210 seconds
290.422: [GC [PSYoungGen: 665680K->704K(666112K)] 923718K->258758K(1211392K), 0.0017230 secs] [Times: user=0.01 sys=0.00, real=0.00 secs] 
290.423: Total time for which application threads were stopped: 0.0018700 seconds, Stopping threads took: 0.0000820 seconds
290.603: Application time: 0.1796150 seconds
290.603: [GC [PSYoungGen: 665792K->496K(666112K)] 923846K->258558K(1211392K), 0.0016990 secs] [Times: user=0.01 sys=0.00, real=0.00 secs] 
290.605: Total time for which application threads were stopped: 0.0018410 seconds, Stopping threads took: 0.0000670 seconds
290.829: Application time: 0.2244420 seconds
290.829: [GC [PSYoungGen: 665584K->592K(666112K)] 923646K->258654K(1211392K), 0.0016740 secs] [Times: user=0.01 sys=0.00, real=0.00 secs] 
290.831: Total time for which application threads were stopped: 0.0018120 seconds, Stopping threads took: 0.0000660 seconds
290.993: Application time: 0.1616910 seconds
290.993: [GC [PSYoungGen: 665680K->672K(666112K)] 923742K->258742K(1211392K), 0.0018030 secs] [Times: user=0.02 sys=0.00, real=0.00 secs] 
290.995: Total time for which application threads were stopped: 0.0019270 seconds, Stopping threads took: 0.0000520 seconds
291.206: Application time: 0.2110530 seconds
291.206: [GC [PSYoungGen: 665760K->496K(666112K)] 923830K->258566K(1211392K), 0.0016620 secs] [Times: user=0.01 sys=0.00, real=0.01 secs] 
291.208: Total time for which application threads were stopped: 0.0018210 seconds, Stopping threads took: 0.0000920 seconds
291.404: Application time: 0.1968470 seconds
291.405: [GC [PSYoungGen: 665584K->768K(666112K)] 923654K->258838K(1211392K), 0.0016970 secs] [Times: user=0.01 sys=0.00, real=0.00 secs] 
291.406: Total time for which application threads were stopped: 0.0018390 seconds, Stopping threads took: 0.0000690 seconds
291.565: Application time: 0.1584600 seconds
291.565: [GC [PSYoungGen: 665856K->720K(666112K)] 923926K->258806K(1211392K), 0.0016760 secs] [Times: user=0.01 sys=0.00, real=0.00 secs] 
291.567: Total time for which application threads were stopped: 0.0017980 seconds, Stopping threads took: 0.0000580 seconds
291.800: Application time: 0.2329540 seconds
291.800: [GC [PSYoungGen: 665808K->704K(666112K)] 923894K->258790K(1211392K), 0.0016340 secs] [Times: user=0.01 sys=0.00, real=0.00 secs] 
291.801: Total time for which application threads were stopped: 0.0017660 seconds, Stopping threads took: 0.0000610 seconds
291.971: Application time: 0.1695870 seconds
291.971: [GC [PSYoungGen: 665792K->768K(666112K)] 923878K->258862K(1211392K), 0.0017080 secs] [Times: user=0.02 sys=0.00, real=0.00 secs] 
291.973: Total time for which application threads were stopped: 0.0018880 seconds, Stopping threads took: 0.0001080 seconds
292.153: Application time: 0.1804450 seconds
292.153: [GC [PSYoungGen: 665856K->432K(666112K)] 923950K->258534K(1211392K), 0.0018030 secs] [Times: user=0.01 sys=0.00, real=0.00 secs] 
292.155: Total time for which application threads were stopped: 0.0019690 seconds, Stopping threads took: 0.0001020 seconds
292.379: Application time: 0.2237640 seconds
292.379: [GC [PSYoungGen: 665520K->640K(666112K)] 923622K->258742K(1211392K), 0.0017180 secs] [Times: user=0.01 sys=0.00, real=0.00 secs] 
292.381: Total time for which application threads were stopped: 0.0018790 seconds, Stopping threads took: 0.0000880 seconds
292.539: Application time: 0.1582290 seconds
292.539: [GC [PSYoungGen: 665728K->608K(666112K)] 923830K->258718K(1211392K), 0.0016150 secs] [Times: user=0.01 sys=0.00, real=0.00 secs] 
292.541: Total time for which application threads were stopped: 0.0017810 seconds, Stopping threads took: 0.0000910 seconds
292.753: Application time: 0.2125420 seconds
292.754: [GC [PSYoungGen: 665696K->496K(666112K)] 923806K->258606K(1211392K), 0.0016960 secs] [Times: user=0.00 sys=0.00, real=0.00 secs] 
292.756: Total time for which application threads were stopped: 0.0023840 seconds, Stopping threads took: 0.0006270 seconds
292.951: Application time: 0.1953210 seconds
292.951: [GC [PSYoungGen: 665584K->672K(666112K)] 923694K->258782K(1211392K), 0.0016690 secs] [Times: user=0.01 sys=0.00, real=0.00 secs] 
292.953: Total time for which application threads were stopped: 0.0018250 seconds, Stopping threads took: 0.0000870 seconds
293.110: Application time: 0.1575520 seconds
293.111: [GC [PSYoungGen: 665760K->640K(666112K)] 923870K->258758K(1211392K), 0.0017300 secs] [Times: user=0.01 sys=0.00, real=0.00 secs] 
293.112: Total time for which application threads were stopped: 0.0018770 seconds, Stopping threads took: 0.0000690 seconds
293.345: Application time: 0.2330430 seconds
293.346: [GC [PSYoungGen: 665728K->576K(666112K)] 923846K->258694K(1211392K), 0.0017190 secs] [Times: user=0.01 sys=0.00, real=0.01 secs] 
293.347: Total time for which application threads were stopped: 0.0018690 seconds, Stopping threads took: 0.0000820 seconds
293.519: Application time: 0.1713780 seconds
293.519: [GC [PSYoungGen: 665664K->752K(666112K)] 923782K->258878K(1211392K), 0.0017060 secs] [Times: user=0.00 sys=0.00, real=0.01 secs] 
293.521: Total time for which application threads were stopped: 0.0018350 seconds, Stopping threads took: 0.0000670 seconds
293.700: Application time: 0.1795450 seconds
293.700: [GC [PSYoungGen: 665840K->576K(666112K)] 923966K->258710K(1211392K), 0.0018060 secs] [Times: user=0.01 sys=0.00, real=0.00 secs] 
293.702: Total time for which application threads were stopped: 0.0019440 seconds, Stopping threads took: 0.0000640 seconds
293.929: Application time: 0.2270640 seconds
293.929: [GC [PSYoungGen: 665664K->704K(666112K)] 923798K->258838K(1211392K), 0.0016830 secs] [Times: user=0.01 sys=0.00, real=0.00 secs] 
293.931: Total time for which application threads were stopped: 0.0018230 seconds, Stopping threads took: 0.0000750 seconds
294.090: Application time: 0.1588050 seconds
294.090: [GC [PSYoungGen: 665792K->800K(666112K)] 923926K->258942K(1211392K), 0.0017320 secs] [Times: user=0.02 sys=0.00, real=0.00 secs] 
294.092: Total time for which application threads were stopped: 0.0019060 seconds, Stopping threads took: 0.0001000 seconds
294.301: Application time: 0.2089860 seconds
294.301: [GC [PSYoungGen: 665888K->528K(666112K)] 924030K->258670K(1211392K), 0.0017730 secs] [Times: user=0.01 sys=0.00, real=0.00 secs] 
294.303: Total time for which application threads were stopped: 0.0019300 seconds, Stopping threads took: 0.0000730 seconds
294.502: Application time: 0.1990980 seconds
294.502: [GC [PSYoungGen: 665616K->704K(666112K)] 923758K->258846K(1211392K), 0.0016960 secs] [Times: user=0.01 sys=0.00, real=0.00 secs] 
294.503: Total time for which application threads were stopped: 0.0018160 seconds, Stopping threads took: 0.0000550 seconds
294.661: Application time: 0.1572100 seconds
294.661: [GC [PSYoungGen: 665792K->640K(666112K)] 923934K->258790K(1211392K), 0.0016810 secs] [Times: user=0.01 sys=0.00, real=0.00 secs] 
294.662: Total time for which application threads were stopped: 0.0018210 seconds, Stopping threads took: 0.0000790 seconds
294.899: Application time: 0.2362610 seconds
294.899: [GC [PSYoungGen: 665728K->496K(666112K)] 923878K->258646K(1211392K), 0.0015580 secs] [Times: user=0.00 sys=0.00, real=0.00 secs] 
294.900: Total time for which application threads were stopped: 0.0017240 seconds, Stopping threads took: 0.0000880 seconds
295.071: Application time: 0.1701650 seconds
295.071: [GC [PSYoungGen: 665584K->736K(666112K)] 923734K->258894K(1211392K), 0.0017860 secs] [Times: user=0.01 sys=0.00, real=0.00 secs] 
295.073: Total time for which application threads were stopped: 0.0019530 seconds, Stopping threads took: 0.0000960 seconds
295.249: Application time: 0.1767250 seconds
295.249: [GC [PSYoungGen: 665824K->592K(666112K)] 923982K->258758K(1211392K), 0.0018100 secs] [Times: user=0.01 sys=0.00, real=0.00 secs] 
295.251: Total time for which application threads were stopped: 0.0019710 seconds, Stopping threads took: 0.0000940 seconds
295.483: Application time: 0.2320630 seconds
295.483: [GC [PSYoungGen: 665680K->608K(666112K)] 923846K->258774K(1211392K), 0.0017640 secs] [Times: user=0.02 sys=0.00, real=0.00 secs] 
295.485: Total time for which application threads were stopped: 0.0019230 seconds, Stopping threads took: 0.0000840 seconds
295.643: Application time: 0.1575920 seconds
295.643: [GC [PSYoungGen: 665696K->704K(666112K)] 923862K->258878K(1211392K), 0.0018030 secs] [Times: user=0.01 sys=0.00, real=0.00 secs] 
295.645: Total time for which application threads were stopped: 0.0019360 seconds, Stopping threads took: 0.0000570 seconds
295.847: Application time: 0.2016930 seconds
295.847: [GC [PSYoungGen: 665792K->480K(666112K)] 923966K->258654K(1211392K), 0.0017220 secs] [Times: user=0.01 sys=0.00, real=0.01 secs] 
295.848: Total time for which application threads were stopped: 0.0018840 seconds, Stopping threads took: 0.0001000 seconds
296.055: Application time: 0.2070020 seconds
296.056: [GC [PSYoungGen: 665568K->736K(666112K)] 923742K->258910K(1211392K), 0.0016800 secs] [Times: user=0.01 sys=0.00, real=0.00 secs] 
296.057: Total time for which application threads were stopped: 0.0018020 seconds, Stopping threads took: 0.0000460 seconds
296.215: Application time: 0.1581310 seconds
296.216: [GC [PSYoungGen: 665824K->624K(666112K)] 923998K->258806K(1211392K), 0.0017290 secs] [Times: user=0.01 sys=0.00, real=0.00 secs] 
296.217: Total time for which application threads were stopped: 0.0019050 seconds, Stopping threads took: 0.0001140 seconds
296.452: Application time: 0.2342700 seconds
296.452: [GC [PSYoungGen: 665712K->544K(666112K)] 923894K->258726K(1211392K), 0.0016960 secs] [Times: user=0.01 sys=0.00, real=0.00 secs] 
296.453: Total time for which application threads were stopped: 0.0018520 seconds, Stopping threads took: 0.0000920 seconds
296.624: Application time: 0.1707750 seconds
296.624: [GC [PSYoungGen: 665632K->768K(666112K)] 923814K->258958K(1211392K), 0.0018040 secs] [Times: user=0.02 sys=0.00, real=0.00 secs] 
296.626: Total time for which application threads were stopped: 0.0019720 seconds, Stopping threads took: 0.0000890 seconds
296.802: Application time: 0.1758950 seconds
296.802: [GC [PSYoungGen: 665856K->560K(666112K)] 924046K->258758K(1211392K), 0.0016780 secs] [Times: user=0.01 sys=0.00, real=0.00 secs] 
296.804: Total time for which application threads were stopped: 0.0018150 seconds, Stopping threads took: 0.0000720 seconds
297.037: Application time: 0.2332140 seconds
297.037: [GC [PSYoungGen: 665648K->592K(666112K)] 923846K->258790K(1211392K), 0.0017070 secs] [Times: user=0.01 sys=0.00, real=0.01 secs] 
297.039: Total time for which application threads were stopped: 0.0018690 seconds, Stopping threads took: 0.0000980 seconds
297.195: Application time: 0.1564250 seconds
297.195: [GC [PSYoungGen: 665680K->688K(666112K)] 923878K->258894K(1211392K), 0.0016920 secs] [Times: user=0.01 sys=0.00, real=0.00 secs] 
297.197: Total time for which application threads were stopped: 0.0018460 seconds, Stopping threads took: 0.0000730 seconds
297.401: Application time: 0.2035160 seconds
297.401: [GC [PSYoungGen: 665776K->512K(666112K)] 923982K->258718K(1211392K), 0.0016840 secs] [Times: user=0.01 sys=0.00, real=0.00 secs] 
297.403: Total time for which application threads were stopped: 0.0018380 seconds, Stopping threads took: 0.0000840 seconds
297.611: Application time: 0.2083750 seconds
297.611: [GC [PSYoungGen: 665600K->752K(666112K)] 923806K->258958K(1211392K), 0.0016920 secs] [Times: user=0.01 sys=0.00, real=0.00 secs] 
297.613: Total time for which application threads were stopped: 0.0018080 seconds, Stopping threads took: 0.0000440 seconds
297.770: Application time: 0.1573760 seconds
297.770: [GC [PSYoungGen: 665840K->688K(666112K)] 924046K->258902K(1211392K), 0.0017210 secs] [Times: user=0.01 sys=0.00, real=0.00 secs] 
297.772: Total time for which application threads were stopped: 0.0018700 seconds, Stopping threads took: 0.0000770 seconds
298.007: Application time: 0.2347520 seconds
298.007: [GC [PSYoungGen: 665776K->480K(666112K)] 923990K->258694K(1211392K), 0.0016900 secs] [Times: user=0.01 sys=0.00, real=0.00 secs] 
298.009: Total time for which application threads were stopped: 0.0018560 seconds, Stopping threads took: 0.0000960 seconds
298.180: Application time: 0.1716390 seconds
298.180: [GC [PSYoungGen: 665568K->704K(666112K)] 923782K->258926K(1211392K), 0.0016690 secs] [Times: user=0.01 sys=0.00, real=0.00 secs] 
298.182: Total time for which application threads were stopped: 0.0017840 seconds, Stopping threads took: 0.0000500 seconds
298.357: Application time: 0.1746970 seconds
298.357: [GC [PSYoungGen: 665792K->480K(666112K)] 924014K->258710K(1211392K), 0.0016850 secs] [Times: user=0.01 sys=0.00, real=0.00 secs] 
298.359: Total time for which application threads were stopped: 0.0018320 seconds, Stopping threads took: 0.0000610 seconds
298.592: Application time: 0.2337630 seconds
298.592: [GC [PSYoungGen: 665568K->656K(666112K)] 923798K->258886K(1211392K), 0.0017240 secs] [Times: user=0.01 sys=0.00, real=0.00 secs] 
298.594: Total time for which application threads were stopped: 0.0018700 seconds, Stopping threads took: 0.0000760 seconds
298.753: Application time: 0.1584270 seconds
298.753: [GC [PSYoungGen: 665744K->704K(666112K)] 923974K->258942K(1211392K), 0.0017910 secs] [Times: user=0.01 sys=0.00, real=0.00 secs] 
298.755: Total time for which application threads were stopped: 0.0019250 seconds, Stopping threads took: 0.0000730 seconds
298.959: Application time: 0.2039870 seconds
298.959: [GC [PSYoungGen: 665792K->592K(666112K)] 924030K->258830K(1211392K), 0.0017070 secs] [Times: user=0.01 sys=0.00, real=0.01 secs] 
298.960: Total time for which application threads were stopped: 0.0018680 seconds, Stopping threads took: 0.0000840 seconds
299.165: Application time: 0.2050140 seconds
299.166: [GC [PSYoungGen: 665680K->752K(666112K)] 923918K->258990K(1211392K), 0.0017170 secs] [Times: user=0.01 sys=0.00, real=0.01 secs] 
299.167: Total time for which application threads were stopped: 0.0018430 seconds, Stopping threads took: 0.0000570 seconds
299.323: Application time: 0.1559460 seconds
299.323: [GC [PSYoungGen: 665840K->640K(666112K)] 924078K->258886K(1211392K), 0.0015680 secs] [Times: user=0.01 sys=0.00, real=0.00 secs] 
299.325: Total time for which application threads were stopped: 0.0017300 seconds, Stopping threads took: 0.0000770 seconds
299.561: Application time: 0.2358460 seconds
299.561: [GC [PSYoungGen: 665728K->512K(639488K)] 923974K->258758K(1184768K), 0.0016800 secs] [Times: user=0.01 sys=0.00, real=0.00 secs] 
299.563: Total time for which application threads were stopped: 0.0018410 seconds, Stopping threads took: 0.0000800 seconds
299.728: Application time: 0.1648550 seconds
299.728: [GC [PSYoungGen: 638976K->704K(643584K)] 897222K->258958K(1188864K), 0.0017550 secs] [Times: user=0.02 sys=0.00, real=0.00 secs] 
299.729: Total time for which application threads were stopped: 0.0018980 seconds, Stopping threads took: 0.0000710 seconds
299.891: Application time: 0.1617970 seconds
299.891: [GC [PSYoungGen: 643264K->496K(647168K)] 901518K->258878K(1192448K), 0.0016840 secs] [Times: user=0.01 sys=0.00, real=0.00 secs] 
299.893: Total time for which application threads were stopped: 0.0018350 seconds, Stopping threads took: 0.0000880 seconds
300.123: Application time: 0.2297110 seconds
300.123: [GC [PSYoungGen: 647152K->432K(651776K)] 905534K->258822K(1197056K), 0.0017330 secs] [Times: user=0.01 sys=0.00, real=0.00 secs] 
300.125: Total time for which application threads were stopped: 0.0018980 seconds, Stopping threads took: 0.0000960 seconds
300.281: Application time: 0.1565590 seconds
300.281: [GC [PSYoungGen: 651184K->688K(655872K)] 909574K->259078K(1201152K), 0.0016620 secs] [Times: user=0.01 sys=0.00, real=0.00 secs] 
300.283: Total time for which application threads were stopped: 0.0017780 seconds, Stopping threads took: 0.0000490 seconds
300.472: Application time: 0.1891090 seconds
300.472: [GC [PSYoungGen: 655536K->400K(659456K)] 913926K->258790K(1204736K), 0.0016850 secs] [Times: user=0.01 sys=0.00, real=0.00 secs] 
300.474: Total time for which application threads were stopped: 0.0018150 seconds, Stopping threads took: 0.0000650 seconds
300.691: Application time: 0.2167970 seconds
300.691: [GC [PSYoungGen: 659344K->656K(664064K)] 917734K->259046K(1209344K), 0.0016850 secs] [Times: user=0.01 sys=0.00, real=0.00 secs] 
300.693: Total time for which application threads were stopped: 0.0018250 seconds, Stopping threads took: 0.0000650 seconds
300.848: Application time: 0.1551490 seconds
300.848: [GC [PSYoungGen: 663696K->640K(665088K)] 922086K->259038K(1210368K), 0.0017050 secs] [Times: user=0.01 sys=0.00, real=0.00 secs] 
300.850: Total time for which application threads were stopped: 0.0018440 seconds, Stopping threads took: 0.0000700 seconds
301.073: Application time: 0.2230190 seconds
301.073: [GC [PSYoungGen: 664704K->592K(666112K)] 923102K->258990K(1211392K), 0.0017720 secs] [Times: user=0.02 sys=0.00, real=0.00 secs] 
301.075: Total time for which application threads were stopped: 0.0019380 seconds, Stopping threads took: 0.0000990 seconds
301.260: Application time: 0.1852550 seconds
301.260: [GC [PSYoungGen: 665680K->656K(666112K)] 924078K->259062K(1211392K), 0.0017800 secs] [Times: user=0.01 sys=0.00, real=0.00 secs] 
301.262: Total time for which application threads were stopped: 0.0019560 seconds, Stopping threads took: 0.0001020 seconds
301.423: Application time: 0.1614970 seconds
301.423: [GC [PSYoungGen: 665744K->608K(666112K)] 924150K->259022K(1211392K), 0.0016160 secs] [Times: user=0.01 sys=0.00, real=0.00 secs] 
301.425: Total time for which application threads were stopped: 0.0017250 seconds, Stopping threads took: 0.0000430 seconds
301.664: Application time: 0.2388550 seconds
301.664: [GC [PSYoungGen: 665696K->560K(639488K)] 924110K->258974K(1184768K), 0.0015390 secs] [Times: user=0.01 sys=0.00, real=0.00 secs] 
301.665: Total time for which application threads were stopped: 0.0016620 seconds, Stopping threads took: 0.0000590 seconds
301.823: Application time: 0.1576790 seconds
301.823: [GC [PSYoungGen: 639024K->512K(643072K)] 897438K->259134K(1188352K), 0.0016860 secs] [Times: user=0.01 sys=0.00, real=0.00 secs] 
301.825: Total time for which application threads were stopped: 0.0018120 seconds, Stopping threads took: 0.0000460 seconds
302.003: Application time: 0.1784520 seconds
302.004: [GC [PSYoungGen: 643072K->448K(647680K)] 901694K->259070K(1192960K), 0.0016670 secs] [Times: user=0.01 sys=0.00, real=0.00 secs] 
302.005: Total time for which application threads were stopped: 0.0017890 seconds, Stopping threads took: 0.0000590 seconds
302.223: Application time: 0.2179290 seconds
302.223: [GC [PSYoungGen: 647104K->592K(651776K)] 905726K->259214K(1197056K), 0.0017080 secs] [Times: user=0.01 sys=0.00, real=0.00 secs] 
302.225: Total time for which application threads were stopped: 0.0018410 seconds, Stopping threads took: 0.0000730 seconds
302.381: Application time: 0.1555630 seconds
302.381: [GC [PSYoungGen: 651344K->656K(655872K)] 909966K->259286K(1201152K), 0.0017340 secs] [Times: user=0.01 sys=0.00, real=0.00 secs] 
302.382: Total time for which application threads were stopped: 0.0018920 seconds, Stopping threads took: 0.0000780 seconds
302.592: Application time: 0.2096290 seconds
302.592: [GC [PSYoungGen: 655504K->512K(659456K)] 914134K->259142K(1204736K), 0.0016230 secs] [Times: user=0.02 sys=0.00, real=0.00 secs] 
302.594: Total time for which application threads were stopped: 0.0017610 seconds, Stopping threads took: 0.0000750 seconds
302.791: Application time: 0.1970630 seconds
302.791: [GC [PSYoungGen: 659456K->624K(664064K)] 918086K->259294K(1209344K), 0.0016910 secs] [Times: user=0.01 sys=0.00, real=0.00 secs] 
302.793: Total time for which application threads were stopped: 0.0018420 seconds, Stopping threads took: 0.0000860 seconds
302.948: Application time: 0.1549680 seconds
302.948: [GC [PSYoungGen: 663664K->544K(665088K)] 922334K->259222K(1210368K), 0.0016850 secs] [Times: user=0.01 sys=0.00, real=0.00 secs] 
302.950: Total time for which application threads were stopped: 0.0018310 seconds, Stopping threads took: 0.0000710 seconds
303.184: Application time: 0.2345740 seconds
303.184: [GC [PSYoungGen: 664608K->560K(665088K)] 923286K->259238K(1210368K), 0.0017070 secs] [Times: user=0.01 sys=0.00, real=0.00 secs] 
303.186: Total time for which application threads were stopped: 0.0018470 seconds, Stopping threads took: 0.0000680 seconds
303.358: Application time: 0.1720720 seconds
303.358: [GC [PSYoungGen: 664624K->832K(666112K)] 923302K->259526K(1211392K), 0.0017040 secs] [Times: user=0.01 sys=0.00, real=0.01 secs] 
303.360: Total time for which application threads were stopped: 0.0018450 seconds, Stopping threads took: 0.0000690 seconds
303.535: Application time: 0.1749640 seconds
303.535: [GC [PSYoungGen: 665920K->608K(666112K)] 924614K->259302K(1211392K), 0.0017240 secs] [Times: user=0.01 sys=0.00, real=0.00 secs] 
303.537: Total time for which application threads were stopped: 0.0018720 seconds, Stopping threads took: 0.0000730 seconds
303.763: Application time: 0.2263900 seconds
303.763: [GC [PSYoungGen: 665696K->704K(666112K)] 924390K->259398K(1211392K), 0.0016960 secs] [Times: user=0.02 sys=0.00, real=0.00 secs] 
303.765: Total time for which application threads were stopped: 0.0018510 seconds, Stopping threads took: 0.0000830 seconds
303.927: Application time: 0.1623070 seconds
303.927: [GC [PSYoungGen: 665792K->640K(666112K)] 924486K->259350K(1211392K), 0.0017140 secs] [Times: user=0.02 sys=0.00, real=0.00 secs] 
303.929: Total time for which application threads were stopped: 0.0018430 seconds, Stopping threads took: 0.0000670 seconds
304.142: Application time: 0.2127170 seconds
304.142: [GC [PSYoungGen: 665728K->560K(666112K)] 924438K->259270K(1211392K), 0.0016910 secs] [Times: user=0.01 sys=0.00, real=0.00 secs] 
304.144: Total time for which application threads were stopped: 0.0018380 seconds, Stopping threads took: 0.0000780 seconds
304.340: Application time: 0.1960530 seconds
304.340: [GC [PSYoungGen: 665648K->720K(666112K)] 924358K->259438K(1211392K), 0.0017330 secs] [Times: user=0.01 sys=0.00, real=0.00 secs] 
304.342: Total time for which application threads were stopped: 0.0018370 seconds, Stopping threads took: 0.0000380 seconds
304.502: Application time: 0.1605380 seconds
304.502: [GC [PSYoungGen: 665808K->736K(666112K)] 924526K->259462K(1211392K), 0.0015750 secs] [Times: user=0.01 sys=0.00, real=0.00 secs] 
304.504: Total time for which application threads were stopped: 0.0017210 seconds, Stopping threads took: 0.0000810 seconds
304.733: Application time: 0.2287010 seconds
304.733: [GC [PSYoungGen: 665824K->576K(639488K)] 924550K->259302K(1184768K), 0.0017380 secs] [Times: user=0.01 sys=0.00, real=0.00 secs] 
304.734: Total time for which application threads were stopped: 0.0018790 seconds, Stopping threads took: 0.0000600 seconds
304.905: Application time: 0.1704870 seconds
304.905: [GC [PSYoungGen: 639040K->496K(643072K)] 897766K->259382K(1188352K), 0.0016520 secs] [Times: user=0.01 sys=0.00, real=0.00 secs] 
304.907: Total time for which application threads were stopped: 0.0018090 seconds, Stopping threads took: 0.0000920 seconds
305.071: Application time: 0.1638600 seconds
305.071: [GC [PSYoungGen: 643056K->464K(647680K)] 901942K->259350K(1192960K), 0.0016670 secs] [Times: user=0.01 sys=0.00, real=0.00 secs] 
305.072: Total time for which application threads were stopped: 0.0018290 seconds, Stopping threads took: 0.0000980 seconds
305.296: Application time: 0.2232370 seconds
305.296: [GC [PSYoungGen: 647120K->512K(651776K)] 906006K->259398K(1197056K), 0.0016760 secs] [Times: user=0.01 sys=0.00, real=0.00 secs] 
305.298: Total time for which application threads were stopped: 0.0018300 seconds, Stopping threads took: 0.0000710 seconds
305.460: Application time: 0.1621170 seconds
305.460: [GC [PSYoungGen: 651264K->528K(655872K)] 910150K->259422K(1201152K), 0.0016700 secs] [Times: user=0.01 sys=0.00, real=0.00 secs] 
305.461: Total time for which application threads were stopped: 0.0018180 seconds, Stopping threads took: 0.0000840 seconds
305.658: Application time: 0.1969960 seconds
305.659: [GC [PSYoungGen: 655376K->416K(659456K)] 914270K->259326K(1204736K), 0.0016570 secs] [Times: user=0.01 sys=0.00, real=0.01 secs] 
305.660: Total time for which application threads were stopped: 0.0018150 seconds, Stopping threads took: 0.0000930 seconds
305.865: Application time: 0.2044840 seconds
305.865: [GC [PSYoungGen: 659360K->512K(664064K)] 918270K->259438K(1209344K), 0.0016840 secs] [Times: user=0.01 sys=0.00, real=0.00 secs] 
305.867: Total time for which application threads were stopped: 0.0018360 seconds, Stopping threads took: 0.0000770 seconds
306.026: Application time: 0.1596680 seconds
306.026: [GC [PSYoungGen: 663552K->624K(665088K)] 922478K->259575K(1210368K), 0.0017030 secs] [Times: user=0.01 sys=0.00, real=0.01 secs] 
306.028: Total time for which application threads were stopped: 0.0018570 seconds, Stopping threads took: 0.0000740 seconds
306.250: Application time: 0.2223200 seconds
306.251: [GC [PSYoungGen: 664688K->608K(665088K)] 923639K->259559K(1210368K), 0.0017040 secs] [Times: user=0.01 sys=0.00, real=0.00 secs] 
306.252: Total time for which application threads were stopped: 0.0018230 seconds, Stopping threads took: 0.0000550 seconds
306.438: Application time: 0.1856220 seconds
306.438: [GC [PSYoungGen: 664672K->624K(666112K)] 923623K->259583K(1211392K), 0.0016970 secs] [Times: user=0.01 sys=0.00, real=0.01 secs] 
306.440: Total time for which application threads were stopped: 0.0018510 seconds, Stopping threads took: 0.0000830 seconds
306.605: Application time: 0.1653610 seconds
306.605: [GC [PSYoungGen: 665712K->656K(666112K)] 924671K->259615K(1211392K), 0.0016840 secs] [Times: user=0.01 sys=0.00, real=0.01 secs] 
306.607: Total time for which application threads were stopped: 0.0018350 seconds, Stopping threads took: 0.0000830 seconds
306.837: Application time: 0.2302480 seconds
306.837: [GC [PSYoungGen: 665744K->736K(666112K)] 924703K->259695K(1211392K), 0.0017690 secs] [Times: user=0.00 sys=0.01, real=0.01 secs] 
306.839: Total time for which application threads were stopped: 0.0019220 seconds, Stopping threads took: 0.0000870 seconds
307.008: Application time: 0.1689690 seconds
307.008: [GC [PSYoungGen: 665824K->704K(666112K)] 924783K->259671K(1211392K), 0.0017100 secs] [Times: user=0.01 sys=0.00, real=0.00 secs] 
307.010: Total time for which application threads were stopped: 0.0018550 seconds, Stopping threads took: 0.0000710 seconds
307.208: Application time: 0.1983450 seconds
307.208: [GC [PSYoungGen: 665792K->464K(666112K)] 924759K->259439K(1211392K), 0.0016940 secs] [Times: user=0.01 sys=0.00, real=0.00 secs] 
307.210: Total time for which application threads were stopped: 0.0018500 seconds, Stopping threads took: 0.0000870 seconds
307.415: Application time: 0.2046380 seconds
307.415: [GC [PSYoungGen: 665552K->576K(666112K)] 924527K->259559K(1211392K), 0.0016950 secs] [Times: user=0.01 sys=0.00, real=0.00 secs] 
307.417: Total time for which application threads were stopped: 0.0018360 seconds, Stopping threads took: 0.0000710 seconds
307.577: Application time: 0.1602150 seconds
307.577: [GC [PSYoungGen: 665664K->656K(666112K)] 924647K->259646K(1211392K), 0.0018230 secs] [Times: user=0.01 sys=0.00, real=0.01 secs] 
307.579: Total time for which application threads were stopped: 0.0019620 seconds, Stopping threads took: 0.0000680 seconds
307.803: Application time: 0.2246450 seconds
307.804: [GC [PSYoungGen: 665744K->512K(666112K)] 924734K->259503K(1211392K), 0.0017150 secs] [Times: user=0.01 sys=0.00, real=0.00 secs] 
307.805: Total time for which application threads were stopped: 0.0018770 seconds, Stopping threads took: 0.0000920 seconds
307.993: Application time: 0.1878730 seconds
307.993: [GC [PSYoungGen: 665600K->704K(666112K)] 924591K->259702K(1211392K), 0.0016950 secs] [Times: user=0.01 sys=0.00, real=0.00 secs] 
307.995: Total time for which application threads were stopped: 0.0018770 seconds, Stopping threads took: 0.0001110 seconds
308.159: Application time: 0.1640210 seconds
308.159: [GC [PSYoungGen: 665792K->544K(666112K)] 924790K->259543K(1211392K), 0.0018090 secs] [Times: user=0.01 sys=0.00, real=0.00 secs] 
308.161: Total time for which application threads were stopped: 0.0019540 seconds, Stopping threads took: 0.0000690 seconds
308.393: Application time: 0.2322210 seconds
308.393: [GC [PSYoungGen: 665632K->640K(666112K)] 924631K->259639K(1211392K), 0.0017020 secs] [Times: user=0.01 sys=0.00, real=0.00 secs] 
308.395: Total time for which application threads were stopped: 0.0018490 seconds, Stopping threads took: 0.0000830 seconds
308.564: Application time: 0.1683900 seconds
308.564: [GC [PSYoungGen: 665728K->720K(666112K)] 924727K->259727K(1211392K), 0.0016810 secs] [Times: user=0.01 sys=0.00, real=0.00 secs] 
308.565: Total time for which application threads were stopped: 0.0017980 seconds, Stopping threads took: 0.0000550 seconds
308.762: Application time: 0.1966500 seconds
308.762: [GC [PSYoungGen: 665808K->576K(666112K)] 924815K->259591K(1211392K), 0.0017020 secs] [Times: user=0.01 sys=0.00, real=0.00 secs] 
308.764: Total time for which application threads were stopped: 0.0018900 seconds, Stopping threads took: 0.0001030 seconds
308.975: Application time: 0.2111090 seconds
308.975: [GC [PSYoungGen: 665664K->544K(666112K)] 924679K->259567K(1211392K), 0.0017000 secs] [Times: user=0.01 sys=0.00, real=0.00 secs] 
308.977: Total time for which application threads were stopped: 0.0018340 seconds, Stopping threads took: 0.0000640 seconds
309.137: Application time: 0.1605360 seconds
309.137: [GC [PSYoungGen: 665632K->704K(666112K)] 924655K->259743K(1211392K), 0.0018140 secs] [Times: user=0.01 sys=0.00, real=0.01 secs] 
309.139: Total time for which application threads were stopped: 0.0019330 seconds, Stopping threads took: 0.0000550 seconds
309.362: Application time: 0.2228720 seconds
309.362: [GC [PSYoungGen: 665792K->544K(666112K)] 924831K->259583K(1211392K), 0.0017620 secs] [Times: user=0.01 sys=0.00, real=0.00 secs] 
309.364: Total time for which application threads were stopped: 0.0019120 seconds, Stopping threads took: 0.0000730 seconds
309.550: Application time: 0.1863610 seconds
309.551: [GC [PSYoungGen: 665632K->528K(666112K)] 924671K->259567K(1211392K), 0.0016980 secs] [Times: user=0.01 sys=0.00, real=0.00 secs] 
309.552: Total time for which application threads were stopped: 0.0018270 seconds, Stopping threads took: 0.0000630 seconds
309.718: Application time: 0.1655440 seconds
309.718: [GC [PSYoungGen: 665616K->608K(666112K)] 924655K->259655K(1211392K), 0.0018060 secs] [Times: user=0.01 sys=0.00, real=0.01 secs] 
309.720: Total time for which application threads were stopped: 0.0019670 seconds, Stopping threads took: 0.0000970 seconds
309.947: Application time: 0.2276530 seconds
309.948: [GC [PSYoungGen: 665696K->560K(666112K)] 924743K->259606K(1211392K), 0.0017910 secs] [Times: user=0.01 sys=0.00, real=0.00 secs] 
309.949: Total time for which application threads were stopped: 0.0019360 seconds, Stopping threads took: 0.0000680 seconds
310.119: Application time: 0.1698770 seconds
310.119: [GC [PSYoungGen: 665648K->688K(666112K)] 924694K->259743K(1211392K), 0.0016700 secs] [Times: user=0.01 sys=0.00, real=0.00 secs] 
310.121: Total time for which application threads were stopped: 0.0017790 seconds, Stopping threads took: 0.0000460 seconds
310.319: Application time: 0.1984200 seconds
310.320: [GC [PSYoungGen: 665776K->480K(666112K)] 924831K->259542K(1211392K), 0.0016970 secs] [Times: user=0.01 sys=0.00, real=0.00 secs] 
310.321: Total time for which application threads were stopped: 0.0018600 seconds, Stopping threads took: 0.0000910 seconds
310.527: Application time: 0.2051890 seconds
310.527: [GC [PSYoungGen: 665568K->544K(666112K)] 924630K->259615K(1211392K), 0.0017010 secs] [Times: user=0.01 sys=0.00, real=0.01 secs] 
310.528: Total time for which application threads were stopped: 0.0018560 seconds, Stopping threads took: 0.0000850 seconds
310.692: Application time: 0.1637980 seconds
310.692: [GC [PSYoungGen: 665632K->624K(666112K)] 924703K->259710K(1211392K), 0.0017070 secs] [Times: user=0.01 sys=0.00, real=0.00 secs] 
310.694: Total time for which application threads were stopped: 0.0018550 seconds, Stopping threads took: 0.0000770 seconds
310.917: Application time: 0.2228520 seconds
310.917: [GC [PSYoungGen: 665712K->592K(666112K)] 924798K->259679K(1211392K), 0.0017050 secs] [Times: user=0.01 sys=0.00, real=0.00 secs] 
310.919: Total time for which application threads were stopped: 0.0018420 seconds, Stopping threads took: 0.0000600 seconds
311.104: Application time: 0.1849800 seconds
311.104: [GC [PSYoungGen: 665680K->656K(666112K)] 924767K->259743K(1211392K), 0.0017310 secs] [Times: user=0.01 sys=0.00, real=0.00 secs] 
311.106: Total time for which application threads were stopped: 0.0018580 seconds, Stopping threads took: 0.0000460 seconds
311.272: Application time: 0.1665110 seconds
311.272: [GC [PSYoungGen: 665744K->672K(666112K)] 924831K->259767K(1211392K), 0.0016990 secs] [Times: user=0.01 sys=0.00, real=0.00 secs] 
311.274: Total time for which application threads were stopped: 0.0018240 seconds, Stopping threads took: 0.0000610 seconds
311.500: Application time: 0.2264120 seconds
311.500: [GC [PSYoungGen: 665760K->704K(666112K)] 924855K->259798K(1211392K), 0.0017340 secs] [Times: user=0.01 sys=0.00, real=0.00 secs] 
311.502: Total time for which application threads were stopped: 0.0018830 seconds, Stopping threads took: 0.0000830 seconds
311.675: Application time: 0.1726750 seconds
311.675: [GC [PSYoungGen: 665792K->752K(666112K)] 924886K->259854K(1211392K), 0.0016970 secs] [Times: user=0.01 sys=0.00, real=0.00 secs] 
311.677: Total time for which application threads were stopped: 0.0018410 seconds, Stopping threads took: 0.0000640 seconds
311.874: Application time: 0.1970710 seconds
311.874: [GC [PSYoungGen: 665840K->432K(666112K)] 924942K->259543K(1211392K), 0.0017020 secs] [Times: user=0.02 sys=0.00, real=0.00 secs] 
311.876: Total time for which application threads were stopped: 0.0018590 seconds, Stopping threads took: 0.0000810 seconds
312.077: Application time: 0.2016170 seconds
312.077: [GC [PSYoungGen: 665520K->672K(666112K)] 924631K->259799K(1211392K), 0.0017100 secs] [Times: user=0.01 sys=0.00, real=0.01 secs] 
312.079: Total time for which application threads were stopped: 0.0018550 seconds, Stopping threads took: 0.0000810 seconds
312.243: Application time: 0.1638450 seconds
312.243: [GC [PSYoungGen: 665760K->768K(666112K)] 924887K->259903K(1211392K), 0.0016970 secs] [Times: user=0.01 sys=0.00, real=0.00 secs] 
312.245: Total time for which application threads were stopped: 0.0018300 seconds, Stopping threads took: 0.0000580 seconds
312.468: Application time: 0.2230940 seconds
312.468: [GC [PSYoungGen: 665856K->608K(666112K)] 924991K->259743K(1211392K), 0.0016990 secs] [Times: user=0.02 sys=0.00, real=0.00 secs] 
312.470: Total time for which application threads were stopped: 0.0018480 seconds, Stopping threads took: 0.0000800 seconds
312.655: Application time: 0.1853770 seconds
312.655: [GC [PSYoungGen: 665696K->784K(666112K)] 924831K->259919K(1211392K), 0.0017100 secs] [Times: user=0.01 sys=0.00, real=0.00 secs] 
312.657: Total time for which application threads were stopped: 0.0018490 seconds, Stopping threads took: 0.0000700 seconds
312.821: Application time: 0.1642880 seconds
312.821: [GC [PSYoungGen: 665872K->672K(666112K)] 925007K->259823K(1211392K), 0.0017370 secs] [Times: user=0.01 sys=0.00, real=0.00 secs] 
312.823: Total time for which application threads were stopped: 0.0018950 seconds, Stopping threads took: 0.0000840 seconds
313.047: Application time: 0.2235900 seconds
313.047: [GC [PSYoungGen: 665760K->496K(666112K)] 924911K->259647K(1211392K), 0.0018350 secs] [Times: user=0.02 sys=0.00, real=0.00 secs] 
313.049: Total time for which application threads were stopped: 0.0019690 seconds, Stopping threads took: 0.0000620 seconds
313.221: Application time: 0.1723730 seconds
313.221: [GC [PSYoungGen: 665584K->704K(666112K)] 924735K->259862K(1211392K), 0.0018300 secs] [Times: user=0.01 sys=0.00, real=0.00 secs] 
313.223: Total time for which application threads were stopped: 0.0019620 seconds, Stopping threads took: 0.0000690 seconds
313.420: Application time: 0.1969150 seconds
313.420: [GC [PSYoungGen: 665792K->512K(666112K)] 924950K->259679K(1211392K), 0.0016910 secs] [Times: user=0.01 sys=0.00, real=0.00 secs] 
313.422: Total time for which application threads were stopped: 0.0018310 seconds, Stopping threads took: 0.0000710 seconds
313.622: Application time: 0.2004830 seconds
313.622: [GC [PSYoungGen: 665600K->544K(666112K)] 924767K->259719K(1211392K), 0.0016750 secs] [Times: user=0.01 sys=0.00, real=0.00 secs] 
313.624: Total time for which application threads were stopped: 0.0018240 seconds, Stopping threads took: 0.0000850 seconds
313.789: Application time: 0.1649620 seconds
313.789: [GC [PSYoungGen: 665632K->672K(666112K)] 924807K->259854K(1211392K), 0.0017020 secs] [Times: user=0.01 sys=0.00, real=0.00 secs] 
313.791: Total time for which application threads were stopped: 0.0018650 seconds, Stopping threads took: 0.0000860 seconds
314.013: Application time: 0.2215960 seconds
314.013: [GC [PSYoungGen: 665760K->576K(666112K)] 924942K->259767K(1211392K), 0.0017190 secs] [Times: user=0.01 sys=0.00, real=0.00 secs] 
314.014: Total time for which application threads were stopped: 0.0018700 seconds, Stopping threads took: 0.0000780 seconds
314.198: Application time: 0.1832000 seconds
314.198: [GC [PSYoungGen: 665664K->608K(666112K)] 924855K->259798K(1211392K), 0.0017720 secs] [Times: user=0.02 sys=0.00, real=0.01 secs] 
314.200: Total time for which application threads were stopped: 0.0019020 seconds, Stopping threads took: 0.0000660 seconds
314.366: Application time: 0.1664090 seconds
314.366: [GC [PSYoungGen: 665696K->704K(666112K)] 924886K->259903K(1211392K), 0.0018730 secs] [Times: user=0.01 sys=0.00, real=0.01 secs] 
314.368: Total time for which application threads were stopped: 0.0020200 seconds, Stopping threads took: 0.0000830 seconds
314.592: Application time: 0.2236810 seconds
314.592: [GC [PSYoungGen: 665792K->528K(666112K)] 924991K->259727K(1211392K), 0.0018250 secs] [Times: user=0.01 sys=0.00, real=0.00 secs] 
314.594: Total time for which application threads were stopped: 0.0019580 seconds, Stopping threads took: 0.0000540 seconds
314.769: Application time: 0.1752890 seconds
314.769: [GC [PSYoungGen: 665616K->816K(666112K)] 924815K->260022K(1211392K), 0.0018100 secs] [Times: user=0.02 sys=0.00, real=0.00 secs] 
314.771: Total time for which application threads were stopped: 0.0019520 seconds, Stopping threads took: 0.0000660 seconds
314.969: Application time: 0.1985180 seconds
314.970: [GC [PSYoungGen: 665904K->432K(666112K)] 925110K->259647K(1211392K), 0.0018090 secs] [Times: user=0.01 sys=0.00, real=0.00 secs] 
314.971: Total time for which application threads were stopped: 0.0019800 seconds, Stopping threads took: 0.0001010 seconds
315.170: Application time: 0.1986410 seconds
315.170: [GC [PSYoungGen: 665520K->608K(666112K)] 924735K->259831K(1211392K), 0.0017150 secs] [Times: user=0.01 sys=0.00, real=0.00 secs] 
315.172: Total time for which application threads were stopped: 0.0018880 seconds, Stopping threads took: 0.0000960 seconds
315.336: Application time: 0.1644130 seconds
315.336: [GC [PSYoungGen: 665696K->608K(666112K)] 924919K->259839K(1211392K), 0.0016720 secs] [Times: user=0.01 sys=0.00, real=0.00 secs] 
315.338: Total time for which application threads were stopped: 0.0018000 seconds, Stopping threads took: 0.0000670 seconds
315.563: Application time: 0.2243600 seconds
315.563: [GC [PSYoungGen: 665696K->592K(666112K)] 924927K->259831K(1211392K), 0.0017300 secs] [Times: user=0.01 sys=0.00, real=0.00 secs] 
315.564: Total time for which application threads were stopped: 0.0018750 seconds, Stopping threads took: 0.0000750 seconds
315.748: Application time: 0.1836430 seconds
315.748: [GC [PSYoungGen: 665680K->512K(666112K)] 924919K->259751K(1211392K), 0.0015260 secs] [Times: user=0.01 sys=0.00, real=0.00 secs] 
315.750: Total time for which application threads were stopped: 0.0016580 seconds, Stopping threads took: 0.0000480 seconds
315.916: Application time: 0.1660620 seconds
315.916: [GC [PSYoungGen: 665600K->624K(666112K)] 924839K->259870K(1211392K), 0.0016730 secs] [Times: user=0.01 sys=0.00, real=0.00 secs] 
315.918: Total time for which application threads were stopped: 0.0018870 seconds, Stopping threads took: 0.0001510 seconds
316.143: Application time: 0.2256290 seconds
316.143: [GC [PSYoungGen: 665712K->768K(666112K)] 924958K->260015K(1211392K), 0.0018030 secs] [Times: user=0.01 sys=0.00, real=0.00 secs] 
316.145: Total time for which application threads were stopped: 0.0019290 seconds, Stopping threads took: 0.0000610 seconds
316.320: Application time: 0.1745510 seconds
316.320: [GC [PSYoungGen: 665856K->624K(666112K)] 925103K->259879K(1211392K), 0.0018050 secs] [Times: user=0.02 sys=0.00, real=0.00 secs] 
316.322: Total time for which application threads were stopped: 0.0019530 seconds, Stopping threads took: 0.0000700 seconds
316.518: Application time: 0.1959830 seconds
316.518: [GC [PSYoungGen: 665712K->448K(666112K)] 924967K->259711K(1211392K), 0.0018020 secs] [Times: user=0.01 sys=0.01, real=0.01 secs] 
316.520: Total time for which application threads were stopped: 0.0019500 seconds, Stopping threads took: 0.0000780 seconds
316.721: Application time: 0.2009400 seconds
316.721: [GC [PSYoungGen: 665536K->592K(666112K)] 924799K->259862K(1211392K), 0.0017020 secs] [Times: user=0.02 sys=0.00, real=0.00 secs] 
316.722: Total time for which application threads were stopped: 0.0018390 seconds, Stopping threads took: 0.0000680 seconds
316.888: Application time: 0.1654240 seconds
316.888: [GC [PSYoungGen: 665680K->720K(666112K)] 924950K->259998K(1211392K), 0.0017870 secs] [Times: user=0.01 sys=0.00, real=0.00 secs] 
316.890: Total time for which application threads were stopped: 0.0019410 seconds, Stopping threads took: 0.0000810 seconds
317.117: Application time: 0.2266930 seconds
317.117: [GC [PSYoungGen: 665808K->592K(666112K)] 925086K->259879K(1211392K), 0.0017220 secs] [Times: user=0.01 sys=0.00, real=0.00 secs] 
317.118: Total time for which application threads were stopped: 0.0018830 seconds, Stopping threads took: 0.0000860 seconds
317.297: Application time: 0.1785160 seconds
317.297: [GC [PSYoungGen: 665680K->480K(666112K)] 924967K->259767K(1211392K), 0.0017160 secs] [Times: user=0.01 sys=0.00, real=0.00 secs] 
317.299: Total time for which application threads were stopped: 0.0018550 seconds, Stopping threads took: 0.0000640 seconds
317.465: Application time: 0.1658580 seconds
317.465: [GC [PSYoungGen: 665568K->688K(666112K)] 924855K->259983K(1211392K), 0.0017930 secs] [Times: user=0.01 sys=0.00, real=0.00 secs] 
317.467: Total time for which application threads were stopped: 0.0019560 seconds, Stopping threads took: 0.0000780 seconds
317.693: Application time: 0.2260280 seconds
317.693: [GC [PSYoungGen: 665776K->640K(666112K)] 925071K->259935K(1211392K), 0.0016770 secs] [Times: user=0.01 sys=0.00, real=0.00 secs] 
317.694: Total time for which application threads were stopped: 0.0018180 seconds, Stopping threads took: 0.0000770 seconds
317.872: Application time: 0.1775440 seconds
317.872: [GC [PSYoungGen: 665728K->624K(666112K)] 925023K->259926K(1211392K), 0.0017060 secs] [Times: user=0.01 sys=0.00, real=0.00 secs] 
317.874: Total time for which application threads were stopped: 0.0018510 seconds, Stopping threads took: 0.0000790 seconds
318.071: Application time: 0.1966710 seconds
318.071: [GC [PSYoungGen: 665712K->480K(666112K)] 925014K->259799K(1211392K), 0.0018130 secs] [Times: user=0.01 sys=0.00, real=0.00 secs] 
318.072: Total time for which application threads were stopped: 0.0019660 seconds, Stopping threads took: 0.0000680 seconds
318.269: Application time: 0.1968250 seconds
318.269: [GC [PSYoungGen: 665568K->544K(666112K)] 924887K->259871K(1211392K), 0.0017520 secs] [Times: user=0.02 sys=0.00, real=0.00 secs] 
318.271: Total time for which application threads were stopped: 0.0019240 seconds, Stopping threads took: 0.0000990 seconds
318.439: Application time: 0.1679810 seconds
318.439: [GC [PSYoungGen: 665632K->672K(666112K)] 924959K->260007K(1211392K), 0.0016870 secs] [Times: user=0.01 sys=0.00, real=0.00 secs] 
318.441: Total time for which application threads were stopped: 0.0018280 seconds, Stopping threads took: 0.0000770 seconds
318.667: Application time: 0.2261350 seconds
318.667: [GC [PSYoungGen: 665760K->592K(666112K)] 925095K->259935K(1211392K), 0.0016580 secs] [Times: user=0.01 sys=0.00, real=0.00 secs] 
318.669: Total time for which application threads were stopped: 0.0017910 seconds, Stopping threads took: 0.0000580 seconds
318.847: Application time: 0.1776840 seconds
318.847: [GC [PSYoungGen: 665680K->560K(666112K)] 925023K->259903K(1211392K), 0.0016910 secs] [Times: user=0.01 sys=0.00, real=0.00 secs] 
318.849: Total time for which application threads were stopped: 0.0018560 seconds, Stopping threads took: 0.0000930 seconds
319.016: Application time: 0.1677670 seconds
319.016: [GC [PSYoungGen: 665648K->608K(666112K)] 924991K->259958K(1211392K), 0.0015150 secs] [Times: user=0.00 sys=0.00, real=0.00 secs] 
319.018: Total time for which application threads were stopped: 0.0016410 seconds, Stopping threads took: 0.0000570 seconds
319.241: Application time: 0.2235520 seconds
319.242: [GC [PSYoungGen: 665696K->720K(639488K)] 925046K->260071K(1184768K), 0.0017010 secs] [Times: user=0.01 sys=0.00, real=0.00 secs] 
319.243: Total time for which application threads were stopped: 0.0018280 seconds, Stopping threads took: 0.0000580 seconds
319.414: Application time: 0.1709600 seconds
319.414: [GC [PSYoungGen: 639184K->576K(643584K)] 898535K->259934K(1188864K), 0.0017030 secs] [Times: user=0.01 sys=0.00, real=0.00 secs] 
319.416: Total time for which application threads were stopped: 0.0018370 seconds, Stopping threads took: 0.0000630 seconds
319.598: Application time: 0.1816140 seconds
319.598: [GC [PSYoungGen: 643136K->496K(647168K)] 902494K->259862K(1192448K), 0.0016880 secs] [Times: user=0.01 sys=0.00, real=0.01 secs] 
319.600: Total time for which application threads were stopped: 0.0018750 seconds, Stopping threads took: 0.0001150 seconds
319.798: Application time: 0.1980260 seconds
319.798: [GC [PSYoungGen: 647152K->688K(651776K)] 906518K->260054K(1197056K), 0.0017000 secs] [Times: user=0.01 sys=0.00, real=0.01 secs] 
319.800: Total time for which application threads were stopped: 0.0018610 seconds, Stopping threads took: 0.0000870 seconds
319.970: Application time: 0.1705810 seconds
319.970: [GC [PSYoungGen: 651440K->736K(655872K)] 910806K->260111K(1201152K), 0.0018200 secs] [Times: user=0.01 sys=0.00, real=0.00 secs] 
319.972: Total time for which application threads were stopped: 0.0019670 seconds, Stopping threads took: 0.0000860 seconds
320.188: Application time: 0.2164190 seconds
320.189: [GC [PSYoungGen: 655584K->592K(659968K)] 914959K->259975K(1205248K), 0.0017340 secs] [Times: user=0.01 sys=0.00, real=0.00 secs] 
320.190: Total time for which application threads were stopped: 0.0018950 seconds, Stopping threads took: 0.0000910 seconds
320.368: Application time: 0.1775880 seconds
320.368: [GC [PSYoungGen: 659536K->512K(663552K)] 918919K->260023K(1208832K), 0.0018260 secs] [Times: user=0.01 sys=0.00, real=0.00 secs] 
320.370: Total time for which application threads were stopped: 0.0019690 seconds, Stopping threads took: 0.0000680 seconds
320.542: Application time: 0.1719740 seconds
320.542: [GC [PSYoungGen: 663552K->560K(665088K)] 923063K->260079K(1210368K), 0.0016830 secs] [Times: user=0.01 sys=0.00, real=0.00 secs] 
320.544: Total time for which application threads were stopped: 0.0018070 seconds, Stopping threads took: 0.0000610 seconds
320.770: Application time: 0.2265670 seconds
320.770: [GC [PSYoungGen: 664624K->560K(666112K)] 924143K->260079K(1211392K), 0.0016380 secs] [Times: user=0.01 sys=0.00, real=0.00 secs] 
320.772: Total time for which application threads were stopped: 0.0017920 seconds, Stopping threads took: 0.0000850 seconds
320.948: Application time: 0.1757280 seconds
320.948: [GC [PSYoungGen: 665648K->672K(666112K)] 925167K->260199K(1211392K), 0.0017640 secs] [Times: user=0.01 sys=0.00, real=0.00 secs] 
320.950: Total time for which application threads were stopped: 0.0019110 seconds, Stopping threads took: 0.0000680 seconds
321.133: Application time: 0.1830680 seconds
321.133: [GC [PSYoungGen: 665760K->464K(666112K)] 925287K->259999K(1211392K), 0.0018430 secs] [Times: user=0.01 sys=0.00, real=0.00 secs] 
321.135: Total time for which application threads were stopped: 0.0020080 seconds, Stopping threads took: 0.0000950 seconds
321.343: Application time: 0.2079010 seconds
321.343: [GC [PSYoungGen: 665552K->560K(666112K)] 925087K->260095K(1211392K), 0.0016650 secs] [Times: user=0.01 sys=0.00, real=0.00 secs] 
321.345: Total time for which application threads were stopped: 0.0018230 seconds, Stopping threads took: 0.0000870 seconds
321.522: Application time: 0.1775680 seconds
321.522: [GC [PSYoungGen: 665648K->720K(666112K)] 925183K->260263K(1211392K), 0.0016820 secs] [Times: user=0.01 sys=0.00, real=0.00 secs] 
321.524: Total time for which application threads were stopped: 0.0018410 seconds, Stopping threads took: 0.0000760 seconds
321.740: Application time: 0.2162030 seconds
321.740: [GC [PSYoungGen: 665808K->576K(639488K)] 925351K->260127K(1184768K), 0.0016980 secs] [Times: user=0.02 sys=0.00, real=0.00 secs] 
321.742: Total time for which application threads were stopped: 0.0018320 seconds, Stopping threads took: 0.0000700 seconds
321.914: Application time: 0.1721450 seconds
321.914: [GC [PSYoungGen: 639040K->512K(643072K)] 898591K->260111K(1188352K), 0.0017430 secs] [Times: user=0.01 sys=0.00, real=0.00 secs] 
321.916: Total time for which application threads were stopped: 0.0018900 seconds, Stopping threads took: 0.0000770 seconds
322.082: Application time: 0.1663450 seconds
322.083: [GC [PSYoungGen: 643072K->720K(647680K)] 902671K->260327K(1192960K), 0.0016770 secs] [Times: user=0.01 sys=0.00, real=0.00 secs] 
322.084: Total time for which application threads were stopped: 0.0018110 seconds, Stopping threads took: 0.0000610 seconds
322.304: Application time: 0.2198210 seconds
322.304: [GC [PSYoungGen: 647376K->672K(651776K)] 906983K->260279K(1197056K), 0.0017520 secs] [Times: user=0.01 sys=0.00, real=0.00 secs] 
322.306: Total time for which application threads were stopped: 0.0018980 seconds, Stopping threads took: 0.0000760 seconds
322.477: Application time: 0.1713860 seconds
322.477: [GC [PSYoungGen: 651424K->560K(656384K)] 911031K->260175K(1201664K), 0.0023760 secs] [Times: user=0.02 sys=0.00, real=0.01 secs] 
322.480: Total time for which application threads were stopped: 0.0025140 seconds, Stopping threads took: 0.0000700 seconds
322.654: Application time: 0.1745180 seconds
322.654: [GC [PSYoungGen: 655920K->464K(660480K)] 915535K->260095K(1205760K), 0.0017080 secs] [Times: user=0.02 sys=0.00, real=0.00 secs] 
322.656: Total time for which application threads were stopped: 0.0018550 seconds, Stopping threads took: 0.0000710 seconds
322.873: Application time: 0.2167020 seconds
322.873: [GC [PSYoungGen: 660432K->688K(665088K)] 920063K->260319K(1210368K), 0.0016860 secs] [Times: user=0.01 sys=0.00, real=0.00 secs] 
322.875: Total time for which application threads were stopped: 0.0018370 seconds, Stopping threads took: 0.0000880 seconds
323.052: Application time: 0.1768740 seconds
323.052: [GC [PSYoungGen: 664752K->624K(665088K)] 924383K->260263K(1210368K), 0.0015700 secs] [Times: user=0.00 sys=0.00, real=0.00 secs] 
323.053: Total time for which application threads were stopped: 0.0016930 seconds, Stopping threads took: 0.0000520 seconds
323.257: Application time: 0.2041530 seconds
323.258: [GC [PSYoungGen: 664688K->464K(665088K)] 924327K->260119K(1210368K), 0.0016810 secs] [Times: user=0.01 sys=0.00, real=0.01 secs] 
323.259: Total time for which application threads were stopped: 0.0018340 seconds, Stopping threads took: 0.0000750 seconds
323.445: Application time: 0.1858380 seconds
323.445: [GC [PSYoungGen: 664528K->640K(666112K)] 924183K->260295K(1211392K), 0.0017030 secs] [Times: user=0.01 sys=0.00, real=0.01 secs] 
323.447: Total time for which application threads were stopped: 0.0018530 seconds, Stopping threads took: 0.0000790 seconds
323.623: Application time: 0.1763820 seconds
323.623: [GC [PSYoungGen: 665728K->672K(666112K)] 925383K->260343K(1211392K), 0.0017930 secs] [Times: user=0.01 sys=0.00, real=0.00 secs] 
323.625: Total time for which application threads were stopped: 0.0019120 seconds, Stopping threads took: 0.0000500 seconds
323.850: Application time: 0.2243640 seconds
323.850: [GC [PSYoungGen: 665760K->624K(666112K)] 925431K->260295K(1211392K), 0.0017270 secs] [Times: user=0.01 sys=0.00, real=0.00 secs] 
323.852: Total time for which application threads were stopped: 0.0018920 seconds, Stopping threads took: 0.0000910 seconds
324.023: Application time: 0.1710570 seconds
324.023: [GC [PSYoungGen: 665712K->704K(666112K)] 925383K->260375K(1211392K), 0.0018330 secs] [Times: user=0.00 sys=0.00, real=0.00 secs] 
324.025: Total time for which application threads were stopped: 0.0019930 seconds, Stopping threads took: 0.0000790 seconds
324.206: Application time: 0.1811950 seconds
324.206: [GC [PSYoungGen: 665792K->640K(666112K)] 925463K->260319K(1211392K), 0.0017350 secs] [Times: user=0.01 sys=0.00, real=0.01 secs] 
324.208: Total time for which application threads were stopped: 0.0018720 seconds, Stopping threads took: 0.0000740 seconds
324.426: Application time: 0.2181130 seconds
324.426: [GC [PSYoungGen: 665728K->816K(666112K)] 925407K->260495K(1211392K), 0.0017810 secs] [Times: user=0.01 sys=0.00, real=0.01 secs] 
324.428: Total time for which application threads were stopped: 0.0019250 seconds, Stopping threads took: 0.0000610 seconds
324.602: Application time: 0.1745020 seconds
324.602: [GC [PSYoungGen: 665904K->720K(666112K)] 925583K->260407K(1211392K), 0.0017670 secs] [Times: user=0.01 sys=0.00, real=0.00 secs] 
324.604: Total time for which application threads were stopped: 0.0019020 seconds, Stopping threads took: 0.0000700 seconds
324.813: Application time: 0.2093170 seconds
324.814: [GC [PSYoungGen: 665808K->624K(666112K)] 925495K->260319K(1211392K), 0.0015550 secs] [Times: user=0.01 sys=0.00, real=0.00 secs] 
324.815: Total time for which application threads were stopped: 0.0016960 seconds, Stopping threads took: 0.0000670 seconds
324.994: Application time: 0.1791830 seconds
324.994: [GC [PSYoungGen: 665712K->624K(666112K)] 925407K->260319K(1211392K), 0.0017060 secs] [Times: user=0.01 sys=0.00, real=0.00 secs] 
324.996: Total time for which application threads were stopped: 0.0018610 seconds, Stopping threads took: 0.0000800 seconds
325.174: Application time: 0.1776140 seconds
325.174: [GC [PSYoungGen: 665712K->608K(666112K)] 925407K->260311K(1211392K), 0.0017190 secs] [Times: user=0.01 sys=0.00, real=0.00 secs] 
325.176: Total time for which application threads were stopped: 0.0018890 seconds, Stopping threads took: 0.0001060 seconds
325.401: Application time: 0.2253410 seconds
325.401: [GC [PSYoungGen: 665696K->624K(639488K)] 925399K->260327K(1184768K), 0.0017340 secs] [Times: user=0.01 sys=0.00, real=0.00 secs] 
325.403: Total time for which application threads were stopped: 0.0019040 seconds, Stopping threads took: 0.0000970 seconds
325.563: Application time: 0.1604490 seconds
325.564: [GC [PSYoungGen: 639088K->672K(643584K)] 898791K->260375K(1188864K), 0.0018600 secs] [Times: user=0.01 sys=0.00, real=0.00 secs] 
325.565: Total time for which application threads were stopped: 0.0020230 seconds, Stopping threads took: 0.0000800 seconds
325.741: Application time: 0.1756370 seconds
325.741: [GC [PSYoungGen: 643232K->512K(647168K)] 902935K->260327K(1192448K), 0.0016850 secs] [Times: user=0.02 sys=0.00, real=0.00 secs] 
325.743: Total time for which application threads were stopped: 0.0018230 seconds, Stopping threads took: 0.0000750 seconds
325.958: Application time: 0.2153220 seconds
325.958: [GC [PSYoungGen: 647168K->608K(651776K)] 906983K->260431K(1197056K), 0.0016690 secs] [Times: user=0.02 sys=0.00, real=0.01 secs] 
325.960: Total time for which application threads were stopped: 0.0018190 seconds, Stopping threads took: 0.0000840 seconds
326.126: Application time: 0.1658990 seconds
326.126: [GC [PSYoungGen: 651360K->656K(655872K)] 911183K->260479K(1201152K), 0.0017270 secs] [Times: user=0.01 sys=0.00, real=0.01 secs] 
326.128: Total time for which application threads were stopped: 0.0018850 seconds, Stopping threads took: 0.0000780 seconds
326.323: Application time: 0.1954840 seconds
326.323: [GC [PSYoungGen: 655504K->480K(659456K)] 915327K->260311K(1204736K), 0.0017170 secs] [Times: user=0.01 sys=0.00, real=0.00 secs] 
326.325: Total time for which application threads were stopped: 0.0018410 seconds, Stopping threads took: 0.0000530 seconds
326.520: Application time: 0.1945460 seconds
326.520: [GC [PSYoungGen: 659424K->640K(664064K)] 919255K->260471K(1209344K), 0.0016910 secs] [Times: user=0.01 sys=0.00, real=0.00 secs] 
326.522: Total time for which application threads were stopped: 0.0018010 seconds, Stopping threads took: 0.0000490 seconds
326.698: Application time: 0.1764280 seconds
326.698: [GC [PSYoungGen: 663680K->576K(665088K)] 923511K->260415K(1210368K), 0.0015400 secs] [Times: user=0.01 sys=0.00, real=0.01 secs] 
326.700: Total time for which application threads were stopped: 0.0016840 seconds, Stopping threads took: 0.0000680 seconds
326.919: Application time: 0.2196460 seconds
326.919: [GC [PSYoungGen: 664640K->528K(638464K)] 924479K->260367K(1183744K), 0.0016690 secs] [Times: user=0.02 sys=0.00, real=0.00 secs] 
326.921: Total time for which application threads were stopped: 0.0018010 seconds, Stopping threads took: 0.0000670 seconds
327.082: Application time: 0.1612400 seconds
327.082: [GC [PSYoungGen: 637968K->576K(642560K)] 897807K->260415K(1187840K), 0.0017220 secs] [Times: user=0.01 sys=0.00, real=0.00 secs] 
327.084: Total time for which application threads were stopped: 0.0018580 seconds, Stopping threads took: 0.0000700 seconds
327.259: Application time: 0.1752150 seconds
327.260: [GC [PSYoungGen: 642112K->496K(646144K)] 901951K->260447K(1191424K), 0.0016900 secs] [Times: user=0.01 sys=0.00, real=0.00 secs] 
327.261: Total time for which application threads were stopped: 0.0018160 seconds, Stopping threads took: 0.0000540 seconds
327.477: Application time: 0.2159660 seconds
327.477: [GC [PSYoungGen: 646128K->544K(650752K)] 906079K->260503K(1196032K), 0.0016720 secs] [Times: user=0.01 sys=0.00, real=0.01 secs] 
327.479: Total time for which application threads were stopped: 0.0018160 seconds, Stopping threads took: 0.0000790 seconds
327.643: Application time: 0.1641520 seconds
327.643: [GC [PSYoungGen: 650272K->688K(654848K)] 910231K->260647K(1200128K), 0.0016570 secs] [Times: user=0.01 sys=0.00, real=0.00 secs] 
327.645: Total time for which application threads were stopped: 0.0017970 seconds, Stopping threads took: 0.0000690 seconds
327.834: Application time: 0.1886540 seconds
327.834: [GC [PSYoungGen: 654512K->496K(658432K)] 914471K->260463K(1203712K), 0.0017320 secs] [Times: user=0.01 sys=0.00, real=0.00 secs] 
327.836: Total time for which application threads were stopped: 0.0019220 seconds, Stopping threads took: 0.0001060 seconds
328.040: Application time: 0.2048780 seconds
328.041: [GC [PSYoungGen: 658416K->560K(663040K)] 918383K->260527K(1208320K), 0.0016700 secs] [Times: user=0.01 sys=0.00, real=0.00 secs] 
328.042: Total time for which application threads were stopped: 0.0018240 seconds, Stopping threads took: 0.0000820 seconds
328.213: Application time: 0.1707120 seconds
328.213: [GC [PSYoungGen: 662576K->752K(665088K)] 922543K->260727K(1210368K), 0.0016800 secs] [Times: user=0.01 sys=0.00, real=0.00 secs] 
328.215: Total time for which application threads were stopped: 0.0018080 seconds, Stopping threads took: 0.0000640 seconds
328.426: Application time: 0.2115570 seconds
328.426: [GC [PSYoungGen: 664816K->528K(666112K)] 924791K->260503K(1211392K), 0.0017280 secs] [Times: user=0.01 sys=0.00, real=0.01 secs] 
328.428: Total time for which application threads were stopped: 0.0018860 seconds, Stopping threads took: 0.0000840 seconds
328.609: Application time: 0.1802970 seconds
328.609: [GC [PSYoungGen: 665616K->640K(666112K)] 925591K->260615K(1211392K), 0.0016850 secs] [Times: user=0.01 sys=0.00, real=0.00 secs] 
328.610: Total time for which application threads were stopped: 0.0018470 seconds, Stopping threads took: 0.0000990 seconds
328.790: Application time: 0.1793720 seconds
328.790: [GC [PSYoungGen: 665728K->576K(666112K)] 925703K->260559K(1211392K), 0.0017060 secs] [Times: user=0.01 sys=0.00, real=0.00 secs] 
328.792: Total time for which application threads were stopped: 0.0018750 seconds, Stopping threads took: 0.0001070 seconds
329.014: Application time: 0.2222830 seconds
329.014: [GC [PSYoungGen: 665664K->688K(639488K)] 925647K->260679K(1184768K), 0.0017180 secs] [Times: user=0.01 sys=0.00, real=0.00 secs] 
329.016: Total time for which application threads were stopped: 0.0018490 seconds, Stopping threads took: 0.0000550 seconds
329.176: Application time: 0.1603040 seconds
329.176: [GC [PSYoungGen: 639152K->496K(643072K)] 899143K->260567K(1188352K), 0.0017480 secs] [Times: user=0.01 sys=0.00, real=0.00 secs] 
329.178: Total time for which application threads were stopped: 0.0019070 seconds, Stopping threads took: 0.0000890 seconds
329.361: Application time: 0.1832520 seconds
329.361: [GC [PSYoungGen: 643056K->512K(647680K)] 903127K->260591K(1192960K), 0.0017880 secs] [Times: user=0.01 sys=0.00, real=0.00 secs] 
329.363: Total time for which application threads were stopped: 0.0019160 seconds, Stopping threads took: 0.0000640 seconds
329.577: Application time: 0.2134720 seconds
329.579: [GC [PSYoungGen: 647168K->640K(651776K)] 907247K->260719K(1197056K), 0.0016890 secs] [Times: user=0.01 sys=0.00, real=0.00 secs] 
329.581: Total time for which application threads were stopped: 0.0040150 seconds, Stopping threads took: 0.0022310 seconds
329.748: Application time: 0.1671940 seconds
329.748: [GC [PSYoungGen: 651392K->592K(655872K)] 911471K->260687K(1201152K), 0.0017790 secs] [Times: user=0.01 sys=0.00, real=0.00 secs] 
329.750: Total time for which application threads were stopped: 0.0019570 seconds, Stopping threads took: 0.0001050 seconds
329.958: Application time: 0.2084510 seconds
329.958: [GC [PSYoungGen: 655440K->464K(659456K)] 915535K->260559K(1204736K), 0.0016850 secs] [Times: user=0.01 sys=0.00, real=0.01 secs] 
329.960: Total time for which application threads were stopped: 0.0018400 seconds, Stopping threads took: 0.0000830 seconds
330.150: Application time: 0.1898460 seconds
330.150: [GC [PSYoungGen: 659408K->656K(664064K)] 919503K->260751K(1209344K), 0.0017390 secs] [Times: user=0.01 sys=0.00, real=0.00 secs] 
330.152: Total time for which application threads were stopped: 0.0019150 seconds, Stopping threads took: 0.0001020 seconds
330.324: Application time: 0.1719160 seconds
330.324: [GC [PSYoungGen: 663696K->704K(665088K)] 923791K->260807K(1210368K), 0.0017130 secs] [Times: user=0.01 sys=0.00, real=0.00 secs] 
330.326: Total time for which application threads were stopped: 0.0018930 seconds, Stopping threads took: 0.0001140 seconds
330.547: Application time: 0.2212960 seconds
330.547: [GC [PSYoungGen: 664768K->544K(638464K)] 924871K->260655K(1183744K), 0.0015370 secs] [Times: user=0.00 sys=0.00, real=0.00 secs] 
330.549: Total time for which application threads were stopped: 0.0016510 seconds, Stopping threads took: 0.0000440 seconds
330.716: Application time: 0.1678400 seconds
330.717: [GC [PSYoungGen: 637984K->512K(642048K)] 898095K->260823K(1187328K), 0.0018240 secs] [Times: user=0.02 sys=0.00, real=0.00 secs] 
330.718: Total time for which application threads were stopped: 0.0019970 seconds, Stopping threads took: 0.0000880 seconds
330.896: Application time: 0.1779090 seconds
330.896: [GC [PSYoungGen: 642048K->528K(646656K)] 902359K->260847K(1191936K), 0.0016760 secs] [Times: user=0.01 sys=0.00, real=0.00 secs] 
330.898: Total time for which application threads were stopped: 0.0018080 seconds, Stopping threads took: 0.0000690 seconds
331.106: Application time: 0.2076140 seconds
331.106: [GC [PSYoungGen: 646160K->544K(650752K)] 906479K->260863K(1196032K), 0.0017390 secs] [Times: user=0.01 sys=0.00, real=0.01 secs] 
331.108: Total time for which application threads were stopped: 0.0018690 seconds, Stopping threads took: 0.0000670 seconds
331.275: Application time: 0.1668630 seconds
331.275: [GC [PSYoungGen: 650272K->656K(654848K)] 910591K->260983K(1200128K), 0.0017820 secs] [Times: user=0.02 sys=0.00, real=0.00 secs] 
331.276: Total time for which application threads were stopped: 0.0019440 seconds, Stopping threads took: 0.0000790 seconds
331.478: Application time: 0.2016920 seconds
331.478: [GC [PSYoungGen: 654480K->496K(658432K)] 914807K->260871K(1203712K), 0.0017070 secs] [Times: user=0.01 sys=0.00, real=0.01 secs] 
331.480: Total time for which application threads were stopped: 0.0018470 seconds, Stopping threads took: 0.0000720 seconds
331.673: Application time: 0.1930090 seconds
331.673: [GC [PSYoungGen: 658416K->720K(663040K)] 918791K->261103K(1208320K), 0.0017290 secs] [Times: user=0.01 sys=0.00, real=0.00 secs] 
331.675: Total time for which application threads were stopped: 0.0019000 seconds, Stopping threads took: 0.0000880 seconds
331.842: Application time: 0.1670050 seconds
331.842: [GC [PSYoungGen: 662736K->752K(664064K)] 923119K->261135K(1209344K), 0.0017320 secs] [Times: user=0.01 sys=0.00, real=0.00 secs] 
331.844: Total time for which application threads were stopped: 0.0018610 seconds, Stopping threads took: 0.0000550 seconds
332.058: Application time: 0.2145600 seconds
332.058: [GC [PSYoungGen: 663792K->688K(664064K)] 924175K->261079K(1209344K), 0.0017200 secs] [Times: user=0.01 sys=0.00, real=0.01 secs] 
332.060: Total time for which application threads were stopped: 0.0018700 seconds, Stopping threads took: 0.0000820 seconds
332.243: Application time: 0.1827920 seconds
332.243: [GC [PSYoungGen: 663728K->672K(666112K)] 924119K->261079K(1211392K), 0.0018050 secs] [Times: user=0.02 sys=0.00, real=0.00 secs] 
332.245: Total time for which application threads were stopped: 0.0019530 seconds, Stopping threads took: 0.0000760 seconds
332.427: Application time: 0.1815190 seconds
332.427: [GC [PSYoungGen: 665760K->544K(666112K)] 926167K->260951K(1211392K), 0.0016920 secs] [Times: user=0.02 sys=0.00, real=0.01 secs] 
332.428: Total time for which application threads were stopped: 0.0018450 seconds, Stopping threads took: 0.0000790 seconds
332.640: Application time: 0.2117210 seconds
332.640: [GC [PSYoungGen: 665632K->592K(666112K)] 926039K->261007K(1211392K), 0.0017140 secs] [Times: user=0.01 sys=0.00, real=0.00 secs] 
332.642: Total time for which application threads were stopped: 0.0018430 seconds, Stopping threads took: 0.0000570 seconds
332.817: Application time: 0.1748190 seconds
332.817: [GC [PSYoungGen: 665680K->720K(666112K)] 926095K->261135K(1211392K), 0.0018110 secs] [Times: user=0.01 sys=0.00, real=0.00 secs] 
332.819: Total time for which application threads were stopped: 0.0019570 seconds, Stopping threads took: 0.0000760 seconds
333.024: Application time: 0.2054890 seconds
333.024: [GC [PSYoungGen: 665808K->560K(666112K)] 926223K->260983K(1211392K), 0.0017070 secs] [Times: user=0.01 sys=0.00, real=0.00 secs] 
333.026: Total time for which application threads were stopped: 0.0018530 seconds, Stopping threads took: 0.0000740 seconds
333.216: Application time: 0.1895640 seconds
333.216: [GC [PSYoungGen: 665648K->624K(666112K)] 926071K->261047K(1211392K), 0.0016800 secs] [Times: user=0.01 sys=0.00, real=0.00 secs] 
333.217: Total time for which application threads were stopped: 0.0018030 seconds, Stopping threads took: 0.0000600 seconds
333.391: Application time: 0.1739370 seconds
333.391: [GC [PSYoungGen: 665712K->752K(666112K)] 926135K->261183K(1211392K), 0.0017060 secs] [Times: user=0.01 sys=0.00, real=0.00 secs] 
333.393: Total time for which application threads were stopped: 0.0018250 seconds, Stopping threads took: 0.0000490 seconds
333.605: Application time: 0.2122810 seconds
333.606: [GC [PSYoungGen: 665840K->624K(666112K)] 926271K->261103K(1211392K), 0.0016910 secs] [Times: user=0.02 sys=0.00, real=0.01 secs] 
333.607: Total time for which application threads were stopped: 0.0018530 seconds, Stopping threads took: 0.0000880 seconds
333.788: Application time: 0.1801910 seconds
333.788: [GC [PSYoungGen: 665712K->624K(666112K)] 926191K->261119K(1211392K), 0.0017040 secs] [Times: user=0.01 sys=0.00, real=0.00 secs] 
333.789: Total time for which application threads were stopped: 0.0018560 seconds, Stopping threads took: 0.0000910 seconds
333.973: Application time: 0.1835270 seconds
333.973: [GC [PSYoungGen: 665712K->576K(666112K)] 926207K->261079K(1211392K), 0.0016730 secs] [Times: user=0.01 sys=0.00, real=0.00 secs] 
333.975: Total time for which application threads were stopped: 0.0018360 seconds, Stopping threads took: 0.0001000 seconds
334.183: Application time: 0.2079470 seconds
334.183: [GC [PSYoungGen: 665664K->736K(639488K)] 926167K->261247K(1184768K), 0.0016890 secs] [Times: user=0.01 sys=0.00, real=0.00 secs] 
334.185: Total time for which application threads were stopped: 0.0018530 seconds, Stopping threads took: 0.0000760 seconds
334.352: Application time: 0.1676880 seconds
334.352: [GC [PSYoungGen: 639200K->784K(643584K)] 899711K->261295K(1188864K), 0.0017430 secs] [Times: user=0.01 sys=0.00, real=0.00 secs] 
334.354: Total time for which application threads were stopped: 0.0019010 seconds, Stopping threads took: 0.0000870 seconds
334.552: Application time: 0.1975000 seconds
334.552: [GC [PSYoungGen: 643344K->496K(647168K)] 903855K->261087K(1192448K), 0.0017150 secs] [Times: user=0.01 sys=0.00, real=0.00 secs] 
334.554: Total time for which application threads were stopped: 0.0018570 seconds, Stopping threads took: 0.0000740 seconds
334.743: Application time: 0.1895600 seconds
334.743: [GC [PSYoungGen: 647152K->640K(651776K)] 907743K->261239K(1197056K), 0.0017780 secs] [Times: user=0.01 sys=0.00, real=0.00 secs] 
334.745: Total time for which application threads were stopped: 0.0019530 seconds, Stopping threads took: 0.0000910 seconds
334.913: Application time: 0.1683710 seconds
334.914: [GC [PSYoungGen: 651392K->544K(655872K)] 911991K->261143K(1201152K), 0.0018440 secs] [Times: user=0.01 sys=0.00, real=0.00 secs] 
334.915: Total time for which application threads were stopped: 0.0019800 seconds, Stopping threads took: 0.0000630 seconds
335.128: Application time: 0.2124560 seconds
335.128: [GC [PSYoungGen: 655392K->512K(659968K)] 915991K->261111K(1205248K), 0.0017100 secs] [Times: user=0.01 sys=0.00, real=0.00 secs] 
335.130: Total time for which application threads were stopped: 0.0018470 seconds, Stopping threads took: 0.0000720 seconds
335.312: Application time: 0.1819850 seconds
335.312: [GC [PSYoungGen: 659456K->512K(663552K)] 920055K->261219K(1208832K), 0.0016800 secs] [Times: user=0.01 sys=0.00, real=0.00 secs] 
335.314: Total time for which application threads were stopped: 0.0018220 seconds, Stopping threads took: 0.0000700 seconds
335.492: Application time: 0.1786840 seconds
335.492: [GC [PSYoungGen: 663552K->528K(665088K)] 924259K->261243K(1210368K), 0.0016860 secs] [Times: user=0.01 sys=0.00, real=0.00 secs] 
335.494: Total time for which application threads were stopped: 0.0018320 seconds, Stopping threads took: 0.0000810 seconds
335.702: Application time: 0.2083290 seconds
335.702: [GC [PSYoungGen: 664592K->672K(638464K)] 925307K->261387K(1183744K), 0.0015340 secs] [Times: user=0.01 sys=0.00, real=0.00 secs] 
335.704: Total time for which application threads were stopped: 0.0016810 seconds, Stopping threads took: 0.0000860 seconds
335.879: Application time: 0.1753280 seconds
335.880: [GC [PSYoungGen: 638112K->608K(642560K)] 898827K->261323K(1187840K), 0.0017410 secs] [Times: user=0.01 sys=0.00, real=0.00 secs] 
335.881: Total time for which application threads were stopped: 0.0019010 seconds, Stopping threads took: 0.0000780 seconds
336.071: Application time: 0.1897680 seconds
336.071: [GC [PSYoungGen: 642144K->496K(646144K)] 902859K->261283K(1191424K), 0.0016640 secs] [Times: user=0.01 sys=0.00, real=0.00 secs] 
336.073: Total time for which application threads were stopped: 0.0018120 seconds, Stopping threads took: 0.0000890 seconds
336.264: Application time: 0.1911490 seconds
336.264: [GC [PSYoungGen: 646128K->544K(650752K)] 906915K->261347K(1196032K), 0.0016690 secs] [Times: user=0.01 sys=0.00, real=0.00 secs] 
336.266: Total time for which application threads were stopped: 0.0018200 seconds, Stopping threads took: 0.0000870 seconds
336.436: Application time: 0.1706570 seconds
336.437: [GC [PSYoungGen: 650272K->528K(654848K)] 911075K->261331K(1200128K), 0.0016980 secs] [Times: user=0.01 sys=0.00, real=0.00 secs] 
336.438: Total time for which application threads were stopped: 0.0018660 seconds, Stopping threads took: 0.0000920 seconds
336.646: Application time: 0.2074380 seconds
336.646: [GC [PSYoungGen: 654352K->560K(658944K)] 915155K->261363K(1204224K), 0.0017270 secs] [Times: user=0.01 sys=0.00, real=0.01 secs] 
336.648: Total time for which application threads were stopped: 0.0018760 seconds, Stopping threads took: 0.0000750 seconds
336.833: Application time: 0.1849400 seconds
336.833: [GC [PSYoungGen: 658480K->512K(662528K)] 919283K->261371K(1207808K), 0.0016930 secs] [Times: user=0.01 sys=0.00, real=0.00 secs] 
336.834: Total time for which application threads were stopped: 0.0018340 seconds, Stopping threads took: 0.0000810 seconds
337.012: Application time: 0.1780180 seconds
337.013: [GC [PSYoungGen: 662528K->560K(665088K)] 923387K->261435K(1210368K), 0.0016890 secs] [Times: user=0.01 sys=0.00, real=0.00 secs] 
337.014: Total time for which application threads were stopped: 0.0018350 seconds, Stopping threads took: 0.0000670 seconds
337.224: Application time: 0.2101750 seconds
337.225: [GC [PSYoungGen: 664624K->640K(638464K)] 925499K->261516K(1183744K), 0.0016660 secs] [Times: user=0.01 sys=0.00, real=0.00 secs] 
337.226: Total time for which application threads were stopped: 0.0018030 seconds, Stopping threads took: 0.0000730 seconds
337.400: Application time: 0.1734940 seconds
337.400: [GC [PSYoungGen: 638080K->528K(642560K)] 898956K->261404K(1187840K), 0.0018100 secs] [Times: user=0.02 sys=0.00, real=0.00 secs] 
337.402: Total time for which application threads were stopped: 0.0019480 seconds, Stopping threads took: 0.0000740 seconds
337.585: Application time: 0.1829500 seconds
337.585: [GC [PSYoungGen: 642064K->496K(646144K)] 902940K->261428K(1191424K), 0.0016950 secs] [Times: user=0.01 sys=0.00, real=0.00 secs] 
337.587: Total time for which application threads were stopped: 0.0018500 seconds, Stopping threads took: 0.0000810 seconds
337.782: Application time: 0.1953770 seconds
337.782: [GC [PSYoungGen: 646128K->560K(650752K)] 907060K->261492K(1196032K), 0.0016570 secs] [Times: user=0.01 sys=0.00, real=0.00 secs] 
337.784: Total time for which application threads were stopped: 0.0018060 seconds, Stopping threads took: 0.0000840 seconds
337.959: Application time: 0.1751700 seconds
337.959: [GC [PSYoungGen: 650288K->592K(654848K)] 911220K->261524K(1200128K), 0.0016700 secs] [Times: user=0.02 sys=0.00, real=0.00 secs] 
337.961: Total time for which application threads were stopped: 0.0017990 seconds, Stopping threads took: 0.0000590 seconds
338.161: Application time: 0.2005030 seconds
338.161: [GC [PSYoungGen: 654416K->592K(658944K)] 915348K->261532K(1204224K), 0.0017040 secs] [Times: user=0.00 sys=0.01, real=0.00 secs] 
338.163: Total time for which application threads were stopped: 0.0018640 seconds, Stopping threads took: 0.0000850 seconds
338.355: Application time: 0.1915160 seconds
338.355: [GC [PSYoungGen: 658512K->512K(631808K)] 919452K->261572K(1177088K), 0.0016780 secs] [Times: user=0.01 sys=0.00, real=0.00 secs] 
338.356: Total time for which application threads were stopped: 0.0018300 seconds, Stopping threads took: 0.0000860 seconds
338.517: Application time: 0.1609630 seconds
338.518: [GC [PSYoungGen: 631808K->512K(636416K)] 892868K->261580K(1181696K), 0.0016780 secs] [Times: user=0.01 sys=0.00, real=0.01 secs] 
338.519: Total time for which application threads were stopped: 0.0018240 seconds, Stopping threads took: 0.0000830 seconds
338.724: Application time: 0.2049460 seconds
338.724: [GC [PSYoungGen: 635904K->576K(640512K)] 896972K->261644K(1185792K), 0.0016540 secs] [Times: user=0.02 sys=0.00, real=0.00 secs] 
338.726: Total time for which application threads were stopped: 0.0018310 seconds, Stopping threads took: 0.0000990 seconds
338.909: Application time: 0.1826230 seconds
338.909: [GC [PSYoungGen: 640064K->608K(614912K)] 901132K->261676K(1160192K), 0.0015250 secs] [Times: user=0.01 sys=0.00, real=0.00 secs] 
338.910: Total time for which application threads were stopped: 0.0016650 seconds, Stopping threads took: 0.0000760 seconds
339.070: Application time: 0.1600060 seconds
339.070: [GC [PSYoungGen: 614496K->512K(618496K)] 875564K->261700K(1163776K), 0.0017120 secs] [Times: user=0.01 sys=0.00, real=0.00 secs] 
339.072: Total time for which application threads were stopped: 0.0018590 seconds, Stopping threads took: 0.0000820 seconds
339.270: Application time: 0.1977240 seconds
339.270: [GC [PSYoungGen: 618496K->640K(623104K)] 879684K->261828K(1168384K), 0.0016730 secs] [Times: user=0.01 sys=0.00, real=0.00 secs] 
339.272: Total time for which application threads were stopped: 0.0018360 seconds, Stopping threads took: 0.0000830 seconds
339.445: Application time: 0.1734120 seconds
339.445: [GC [PSYoungGen: 622720K->704K(627200K)] 883908K->261892K(1172480K), 0.0016510 secs] [Times: user=0.01 sys=0.00, real=0.01 secs] 
339.447: Total time for which application threads were stopped: 0.0018080 seconds, Stopping threads took: 0.0000900 seconds
339.616: Application time: 0.1688560 seconds
339.616: [GC [PSYoungGen: 626880K->496K(630784K)] 888068K->261684K(1176064K), 0.0017300 secs] [Times: user=0.01 sys=0.00, real=0.00 secs] 
339.618: Total time for which application threads were stopped: 0.0018640 seconds, Stopping threads took: 0.0000690 seconds
339.817: Application time: 0.1995640 seconds
339.817: [GC [PSYoungGen: 630768K->512K(635392K)] 891956K->261700K(1180672K), 0.0016550 secs] [Times: user=0.00 sys=0.01, real=0.01 secs] 
339.819: Total time for which application threads were stopped: 0.0018020 seconds, Stopping threads took: 0.0000680 seconds
339.993: Application time: 0.1736170 seconds
339.993: [GC [PSYoungGen: 634880K->640K(639488K)] 896068K->261828K(1184768K), 0.0016860 secs] [Times: user=0.01 sys=0.00, real=0.00 secs] 
339.995: Total time for which application threads were stopped: 0.0018480 seconds, Stopping threads took: 0.0000950 seconds
340.184: Application time: 0.1895530 seconds
340.184: [GC [PSYoungGen: 639104K->512K(643072K)] 900292K->261828K(1188352K), 0.0016790 secs] [Times: user=0.01 sys=0.00, real=0.00 secs] 
340.186: Total time for which application threads were stopped: 0.0018150 seconds, Stopping threads took: 0.0000710 seconds
340.375: Application time: 0.1896100 seconds
340.376: [GC [PSYoungGen: 643072K->592K(647680K)] 904388K->261908K(1192960K), 0.0017070 secs] [Times: user=0.01 sys=0.00, real=0.00 secs] 
340.377: Total time for which application threads were stopped: 0.0018480 seconds, Stopping threads took: 0.0000650 seconds
340.551: Application time: 0.1738410 seconds
340.551: [GC [PSYoungGen: 647248K->480K(651264K)] 908564K->261796K(1196544K), 0.0017440 secs] [Times: user=0.01 sys=0.00, real=0.00 secs] 
340.553: Total time for which application threads were stopped: 0.0018720 seconds, Stopping threads took: 0.0000610 seconds
340.757: Application time: 0.2037430 seconds
340.757: [GC [PSYoungGen: 651232K->480K(655872K)] 912548K->261804K(1201152K), 0.0016910 secs] [Times: user=0.01 sys=0.00, real=0.00 secs] 
340.759: Total time for which application threads were stopped: 0.0018240 seconds, Stopping threads took: 0.0000690 seconds
340.945: Application time: 0.1865040 seconds
340.945: [GC [PSYoungGen: 655328K->576K(659968K)] 916652K->261900K(1205248K), 0.0016910 secs] [Times: user=0.01 sys=0.00, real=0.01 secs] 
340.947: Total time for which application threads were stopped: 0.0018460 seconds, Stopping threads took: 0.0000730 seconds
341.119: Application time: 0.1722840 seconds
341.119: [GC [PSYoungGen: 659520K->464K(663040K)] 920844K->261796K(1208320K), 0.0016420 secs] [Times: user=0.01 sys=0.00, real=0.00 secs] 
341.121: Total time for which application threads were stopped: 0.0017970 seconds, Stopping threads took: 0.0000910 seconds
341.333: Application time: 0.2115110 seconds
341.333: [GC [PSYoungGen: 662480K->528K(664064K)] 923812K->261868K(1209344K), 0.0018230 secs] [Times: user=0.01 sys=0.00, real=0.00 secs] 
341.335: Total time for which application threads were stopped: 0.0019880 seconds, Stopping threads took: 0.0000970 seconds
341.518: Application time: 0.1833100 seconds
341.518: [GC [PSYoungGen: 663568K->624K(664064K)] 924908K->261980K(1209344K), 0.0017150 secs] [Times: user=0.01 sys=0.00, real=0.01 secs] 
341.520: Total time for which application threads were stopped: 0.0018910 seconds, Stopping threads took: 0.0000950 seconds
341.709: Application time: 0.1887400 seconds
341.709: [GC [PSYoungGen: 663664K->464K(636928K)] 925020K->261820K(1182208K), 0.0015970 secs] [Times: user=0.01 sys=0.00, real=0.00 secs] 
341.710: Total time for which application threads were stopped: 0.0017660 seconds, Stopping threads took: 0.0000890 seconds
341.901: Application time: 0.1907550 seconds
341.901: [GC [PSYoungGen: 636880K->720K(641536K)] 898236K->262092K(1186816K), 0.0017900 secs] [Times: user=0.01 sys=0.00, real=0.00 secs] 
341.903: Total time for which application threads were stopped: 0.0019400 seconds, Stopping threads took: 0.0000770 seconds
342.076: Application time: 0.1734120 seconds
342.077: [GC [PSYoungGen: 641232K->672K(645632K)] 902604K->262044K(1190912K), 0.0016950 secs] [Times: user=0.01 sys=0.00, real=0.00 secs] 
342.078: Total time for which application threads were stopped: 0.0018400 seconds, Stopping threads took: 0.0000680 seconds
342.280: Application time: 0.2014470 seconds
342.280: [GC [PSYoungGen: 645280K->656K(649728K)] 906652K->262036K(1195008K), 0.0017240 secs] [Times: user=0.01 sys=0.00, real=0.00 secs] 
342.282: Total time for which application threads were stopped: 0.0018660 seconds, Stopping threads took: 0.0000780 seconds
342.460: Application time: 0.1779820 seconds
342.460: [GC [PSYoungGen: 649360K->496K(653312K)] 910740K->261980K(1198592K), 0.0016910 secs] [Times: user=0.02 sys=0.00, real=0.00 secs] 
342.461: Total time for which application threads were stopped: 0.0018270 seconds, Stopping threads took: 0.0000670 seconds
342.638: Application time: 0.1766630 seconds
342.638: [GC [PSYoungGen: 653296K->528K(657920K)] 914780K->262020K(1203200K), 0.0017650 secs] [Times: user=0.02 sys=0.00, real=0.01 secs] 
342.640: Total time for which application threads were stopped: 0.0019370 seconds, Stopping threads took: 0.0000960 seconds
342.848: Application time: 0.2077630 seconds
342.848: [GC [PSYoungGen: 657424K->592K(662016K)] 918916K->262084K(1207296K), 0.0016740 secs] [Times: user=0.01 sys=0.00, real=0.00 secs] 
342.850: Total time for which application threads were stopped: 0.0018110 seconds, Stopping threads took: 0.0000720 seconds
343.033: Application time: 0.1831330 seconds
343.033: [GC [PSYoungGen: 661584K->672K(665088K)] 923076K->262180K(1210368K), 0.0017070 secs] [Times: user=0.02 sys=0.00, real=0.00 secs] 
343.035: Total time for which application threads were stopped: 0.0018470 seconds, Stopping threads took: 0.0000730 seconds
343.217: Application time: 0.1827200 seconds
343.217: [GC [PSYoungGen: 664736K->512K(666112K)] 926244K->262028K(1211392K), 0.0017100 secs] [Times: user=0.00 sys=0.02, real=0.01 secs] 
343.219: Total time for which application threads were stopped: 0.0018640 seconds, Stopping threads took: 0.0000740 seconds
343.423: Application time: 0.2040350 seconds
343.423: [GC [PSYoungGen: 665600K->608K(666112K)] 927116K->262132K(1211392K), 0.0017200 secs] [Times: user=0.02 sys=0.00, real=0.00 secs] 
343.425: Total time for which application threads were stopped: 0.0018710 seconds, Stopping threads took: 0.0000750 seconds
343.609: Application time: 0.1837490 seconds
343.609: [GC [PSYoungGen: 665696K->704K(666112K)] 927220K->262228K(1211392K), 0.0016770 secs] [Times: user=0.01 sys=0.00, real=0.00 secs] 
343.611: Total time for which application threads were stopped: 0.0018160 seconds, Stopping threads took: 0.0000570 seconds
343.814: Application time: 0.2037610 seconds
343.815: [GC [PSYoungGen: 665792K->624K(639488K)] 927316K->262156K(1184768K), 0.0017240 secs] [Times: user=0.01 sys=0.00, real=0.00 secs] 
343.816: Total time for which application threads were stopped: 0.0018960 seconds, Stopping threads took: 0.0001000 seconds
343.994: Application time: 0.1772800 seconds
343.994: [GC [PSYoungGen: 639088K->496K(613376K)] 900620K->262164K(1158656K), 0.0016000 secs] [Times: user=0.01 sys=0.00, real=0.00 secs] 
343.995: Total time for which application threads were stopped: 0.0017530 seconds, Stopping threads took: 0.0000890 seconds
344.162: Application time: 0.1666170 seconds
344.162: [GC [PSYoungGen: 613360K->496K(589824K)] 875028K->262172K(1135104K), 0.0014670 secs] [Times: user=0.01 sys=0.00, real=0.00 secs] 
344.164: Total time for which application threads were stopped: 0.0016310 seconds, Stopping threads took: 0.0000880 seconds
344.356: Application time: 0.1921470 seconds
344.356: [GC [PSYoungGen: 589296K->560K(593408K)] 850972K->262236K(1138688K), 0.0017990 secs] [Times: user=0.01 sys=0.00, real=0.00 secs] 
344.358: Total time for which application threads were stopped: 0.0019460 seconds, Stopping threads took: 0.0000740 seconds
344.519: Application time: 0.1613550 seconds
344.519: [GC [PSYoungGen: 592944K->544K(596992K)] 854620K->262252K(1142272K), 0.0016690 secs] [Times: user=0.01 sys=0.00, real=0.00 secs] 
344.521: Total time for which application threads were stopped: 0.0018240 seconds, Stopping threads took: 0.0000910 seconds
344.681: Application time: 0.1606010 seconds
344.682: [GC [PSYoungGen: 596512K->512K(600576K)] 858220K->262316K(1145856K), 0.0016790 secs] [Times: user=0.01 sys=0.00, real=0.00 secs] 
344.683: Total time for which application threads were stopped: 0.0018260 seconds, Stopping threads took: 0.0000840 seconds
344.878: Application time: 0.1949230 seconds
344.878: [GC [PSYoungGen: 600576K->512K(605184K)] 862380K->262324K(1150464K), 0.0016640 secs] [Times: user=0.01 sys=0.00, real=0.01 secs] 
344.880: Total time for which application threads were stopped: 0.0018130 seconds, Stopping threads took: 0.0000810 seconds
345.044: Application time: 0.1642710 seconds
345.044: [GC [PSYoungGen: 604672K->672K(609280K)] 866484K->262484K(1154560K), 0.0016930 secs] [Times: user=0.01 sys=0.00, real=0.00 secs] 
345.046: Total time for which application threads were stopped: 0.0018470 seconds, Stopping threads took: 0.0000910 seconds
345.209: Application time: 0.1625590 seconds
345.209: [GC [PSYoungGen: 608928K->560K(613376K)] 870740K->262372K(1158656K), 0.0017130 secs] [Times: user=0.02 sys=0.00, real=0.00 secs] 
345.211: Total time for which application threads were stopped: 0.0018560 seconds, Stopping threads took: 0.0000800 seconds
345.409: Application time: 0.1983600 seconds
345.409: [GC [PSYoungGen: 612912K->512K(616960K)] 874724K->262364K(1162240K), 0.0016910 secs] [Times: user=0.01 sys=0.00, real=0.00 secs] 
345.411: Total time for which application threads were stopped: 0.0018540 seconds, Stopping threads took: 0.0000820 seconds
345.579: Application time: 0.1680230 seconds
345.579: [GC [PSYoungGen: 616960K->592K(621568K)] 878812K->262444K(1166848K), 0.0018020 secs] [Times: user=0.01 sys=0.00, real=0.00 secs] 
345.581: Total time for which application threads were stopped: 0.0019490 seconds, Stopping threads took: 0.0000780 seconds
345.750: Application time: 0.1689440 seconds
345.750: [GC [PSYoungGen: 621136K->608K(625664K)] 882988K->262468K(1170944K), 0.0017070 secs] [Times: user=0.01 sys=0.00, real=0.00 secs] 
345.752: Total time for which application threads were stopped: 0.0018590 seconds, Stopping threads took: 0.0000810 seconds
345.954: Application time: 0.2021530 seconds
345.954: [GC [PSYoungGen: 625248K->544K(629760K)] 887108K->262412K(1175040K), 0.0017200 secs] [Times: user=0.01 sys=0.00, real=0.00 secs] 
345.956: Total time for which application threads were stopped: 0.0018810 seconds, Stopping threads took: 0.0000860 seconds
346.126: Application time: 0.1701490 seconds
346.126: [GC [PSYoungGen: 629280K->480K(633344K)] 891148K->262356K(1178624K), 0.0016920 secs] [Times: user=0.01 sys=0.00, real=0.01 secs] 
346.128: Total time for which application threads were stopped: 0.0018200 seconds, Stopping threads took: 0.0000560 seconds
346.302: Application time: 0.1748990 seconds
346.303: [GC [PSYoungGen: 633312K->448K(637952K)] 895188K->262324K(1183232K), 0.0017150 secs] [Times: user=0.01 sys=0.00, real=0.00 secs] 
346.304: Total time for which application threads were stopped: 0.0018490 seconds, Stopping threads took: 0.0000620 seconds
346.507: Application time: 0.2028100 seconds
346.507: [GC [PSYoungGen: 637376K->656K(642048K)] 899252K->262540K(1187328K), 0.0017010 secs] [Times: user=0.01 sys=0.00, real=0.00 secs] 
346.509: Total time for which application threads were stopped: 0.0018610 seconds, Stopping threads took: 0.0000850 seconds
346.682: Application time: 0.1733740 seconds
346.683: [GC [PSYoungGen: 641680K->656K(646144K)] 903564K->262540K(1191424K), 0.0017470 secs] [Times: user=0.01 sys=0.00, real=0.00 secs] 
346.684: Total time for which application threads were stopped: 0.0018940 seconds, Stopping threads took: 0.0000820 seconds
346.874: Application time: 0.1894440 seconds
346.874: [GC [PSYoungGen: 645776K->496K(649728K)] 907660K->262404K(1195008K), 0.0017280 secs] [Times: user=0.01 sys=0.00, real=0.00 secs] 
346.876: Total time for which application threads were stopped: 0.0019020 seconds, Stopping threads took: 0.0001040 seconds
347.068: Application time: 0.1924600 seconds
347.068: [GC [PSYoungGen: 649712K->752K(654336K)] 911620K->262660K(1199616K), 0.0016610 secs] [Times: user=0.01 sys=0.00, real=0.00 secs] 
347.070: Total time for which application threads were stopped: 0.0018370 seconds, Stopping threads took: 0.0000940 seconds
347.248: Application time: 0.1778330 seconds
347.248: [GC [PSYoungGen: 654064K->752K(658432K)] 915972K->262668K(1203712K), 0.0016990 secs] [Times: user=0.01 sys=0.00, real=0.00 secs] 
347.250: Total time for which application threads were stopped: 0.0018270 seconds, Stopping threads took: 0.0000550 seconds
347.462: Application time: 0.2120670 seconds
347.462: [GC [PSYoungGen: 658160K->544K(662528K)] 920076K->262460K(1207808K), 0.0017610 secs] [Times: user=0.01 sys=0.00, real=0.00 secs] 
347.464: Total time for which application threads were stopped: 0.0019350 seconds, Stopping threads took: 0.0001030 seconds
347.640: Application time: 0.1762890 seconds
347.640: [GC [PSYoungGen: 662048K->496K(663040K)] 923964K->262444K(1208320K), 0.0017130 secs] [Times: user=0.01 sys=0.00, real=0.00 secs] 
347.642: Total time for which application threads were stopped: 0.0018710 seconds, Stopping threads took: 0.0000860 seconds
347.824: Application time: 0.1826080 seconds
347.825: [GC [PSYoungGen: 663024K->624K(636928K)] 924972K->262580K(1182208K), 0.0015260 secs] [Times: user=0.00 sys=0.00, real=0.00 secs] 
347.826: Total time for which application threads were stopped: 0.0016690 seconds, Stopping threads took: 0.0000760 seconds
348.034: Application time: 0.2077960 seconds
348.034: [GC [PSYoungGen: 636528K->496K(611328K)] 898484K->262588K(1156608K), 0.0017070 secs] [Times: user=0.01 sys=0.00, real=0.00 secs] 
348.036: Total time for which application threads were stopped: 0.0018390 seconds, Stopping threads took: 0.0000660 seconds
348.198: Application time: 0.1619470 seconds
348.198: [GC [PSYoungGen: 611312K->416K(587776K)] 873404K->262508K(1133056K), 0.0015020 secs] [Times: user=0.01 sys=0.00, real=0.01 secs] 
348.199: Total time for which application threads were stopped: 0.0016490 seconds, Stopping threads took: 0.0000650 seconds
348.363: Application time: 0.1634250 seconds
348.363: [GC [PSYoungGen: 587168K->704K(591360K)] 849260K->262796K(1136640K), 0.0017880 secs] [Times: user=0.01 sys=0.00, real=0.00 secs] 
348.365: Total time for which application threads were stopped: 0.0019740 seconds, Stopping threads took: 0.0001150 seconds
348.557: Application time: 0.1925450 seconds
348.557: [GC [PSYoungGen: 591040K->624K(594944K)] 853132K->262724K(1140224K), 0.0017360 secs] [Times: user=0.01 sys=0.00, real=0.01 secs] 
348.559: Total time for which application threads were stopped: 0.0018700 seconds, Stopping threads took: 0.0000700 seconds
348.715: Application time: 0.1557330 seconds
348.715: [GC [PSYoungGen: 594544K->496K(598528K)] 856644K->262709K(1143808K), 0.0016570 secs] [Times: user=0.02 sys=0.00, real=0.00 secs] 
348.717: Total time for which application threads were stopped: 0.0018060 seconds, Stopping threads took: 0.0000750 seconds
348.884: Application time: 0.1670680 seconds
348.884: [GC [PSYoungGen: 598512K->560K(603136K)] 860725K->262773K(1148416K), 0.0016640 secs] [Times: user=0.01 sys=0.00, real=0.00 secs] 
348.886: Total time for which application threads were stopped: 0.0017930 seconds, Stopping threads took: 0.0000620 seconds
349.078: Application time: 0.1920290 seconds
349.078: [GC [PSYoungGen: 602672K->592K(607232K)] 864885K->262805K(1152512K), 0.0017580 secs] [Times: user=0.01 sys=0.00, real=0.01 secs] 
349.079: Total time for which application threads were stopped: 0.0019090 seconds, Stopping threads took: 0.0000780 seconds
349.243: Application time: 0.1633530 seconds
349.243: [GC [PSYoungGen: 606800K->528K(611328K)] 869013K->262757K(1156608K), 0.0018200 secs] [Times: user=0.01 sys=0.00, real=0.00 secs] 
349.245: Total time for which application threads were stopped: 0.0019920 seconds, Stopping threads took: 0.0000980 seconds
349.417: Application time: 0.1721040 seconds
349.417: [GC [PSYoungGen: 610832K->400K(614912K)] 873061K->262629K(1160192K), 0.0017610 secs] [Times: user=0.01 sys=0.00, real=0.01 secs] 
349.419: Total time for which application threads were stopped: 0.0018960 seconds, Stopping threads took: 0.0000700 seconds
349.611: Application time: 0.1918570 seconds
349.611: [GC [PSYoungGen: 614800K->560K(619520K)] 877029K->262789K(1164800K), 0.0015340 secs] [Times: user=0.01 sys=0.00, real=0.00 secs] 
349.612: Total time for which application threads were stopped: 0.0017000 seconds, Stopping threads took: 0.0000870 seconds
349.781: Application time: 0.1685590 seconds
349.781: [GC [PSYoungGen: 619056K->640K(623616K)] 881285K->262869K(1168896K), 0.0015010 secs] [Times: user=0.01 sys=0.00, real=0.00 secs] 
349.783: Total time for which application threads were stopped: 0.0016650 seconds, Stopping threads took: 0.0000920 seconds
349.964: Application time: 0.1813620 seconds
349.964: [GC [PSYoungGen: 623232K->560K(627712K)] 885461K->262797K(1172992K), 0.0017350 secs] [Times: user=0.01 sys=0.00, real=0.00 secs] 
349.966: Total time for which application threads were stopped: 0.0018640 seconds, Stopping threads took: 0.0000550 seconds
350.155: Application time: 0.1889700 seconds
350.155: [GC [PSYoungGen: 627248K->512K(631296K)] 889485K->262853K(1176576K), 0.0017970 secs] [Times: user=0.01 sys=0.00, real=0.00 secs] 
350.157: Total time for which application threads were stopped: 0.0019560 seconds, Stopping threads took: 0.0000900 seconds
350.328: Application time: 0.1716520 seconds
350.329: [GC [PSYoungGen: 631296K->480K(635904K)] 893637K->262821K(1181184K), 0.0016180 secs] [Times: user=0.01 sys=0.00, real=0.00 secs] 
350.330: Total time for which application threads were stopped: 0.0017480 seconds, Stopping threads took: 0.0000580 seconds
350.524: Application time: 0.1938390 seconds
350.524: [GC [PSYoungGen: 635360K->528K(640000K)] 897701K->262869K(1185280K), 0.0016670 secs] [Times: user=0.01 sys=0.00, real=0.00 secs] 
350.526: Total time for which application threads were stopped: 0.0018360 seconds, Stopping threads took: 0.0000950 seconds
350.708: Application time: 0.1817610 seconds
350.708: [GC [PSYoungGen: 639504K->688K(644096K)] 901845K->263037K(1189376K), 0.0016770 secs] [Times: user=0.01 sys=0.00, real=0.00 secs] 
350.709: Total time for which application threads were stopped: 0.0018320 seconds, Stopping threads took: 0.0000830 seconds
350.882: Application time: 0.1723510 seconds
350.882: [GC [PSYoungGen: 643760K->496K(647680K)] 906109K->262869K(1192960K), 0.0016780 secs] [Times: user=0.01 sys=0.00, real=0.00 secs] 
350.884: Total time for which application threads were stopped: 0.0018120 seconds, Stopping threads took: 0.0000630 seconds
351.093: Application time: 0.2092030 seconds
351.093: [GC [PSYoungGen: 647664K->624K(652288K)] 910037K->263005K(1197568K), 0.0016640 secs] [Times: user=0.01 sys=0.00, real=0.00 secs] 
351.095: Total time for which application threads were stopped: 0.0018350 seconds, Stopping threads took: 0.0001000 seconds
351.270: Application time: 0.1758040 seconds
351.271: [GC [PSYoungGen: 651888K->640K(656384K)] 914269K->263021K(1201664K), 0.0016970 secs] [Times: user=0.01 sys=0.00, real=0.00 secs] 
351.272: Total time for which application threads were stopped: 0.0018400 seconds, Stopping threads took: 0.0000790 seconds
351.450: Application time: 0.1776970 seconds
351.450: [GC [PSYoungGen: 656000K->528K(660480K)] 918381K->262941K(1205760K), 0.0017560 secs] [Times: user=0.02 sys=0.00, real=0.00 secs] 
351.452: Total time for which application threads were stopped: 0.0019270 seconds, Stopping threads took: 0.0000970 seconds
351.664: Application time: 0.2124570 seconds
351.665: [GC [PSYoungGen: 659984K->496K(660480K)] 922397K->263013K(1205760K), 0.0017370 secs] [Times: user=0.01 sys=0.00, real=0.00 secs] 
351.666: Total time for which application threads were stopped: 0.0018790 seconds, Stopping threads took: 0.0000760 seconds
351.847: Application time: 0.1805580 seconds
351.847: [GC [PSYoungGen: 660464K->640K(660992K)] 922981K->263165K(1206272K), 0.0016800 secs] [Times: user=0.01 sys=0.00, real=0.00 secs] 
351.849: Total time for which application threads were stopped: 0.0018330 seconds, Stopping threads took: 0.0000840 seconds
352.043: Application time: 0.1943030 seconds
352.043: [GC [PSYoungGen: 660608K->480K(633856K)] 923133K->263005K(1179136K), 0.0016730 secs] [Times: user=0.01 sys=0.00, real=0.00 secs] 
352.045: Total time for which application threads were stopped: 0.0018140 seconds, Stopping threads took: 0.0000600 seconds
352.230: Application time: 0.1849180 seconds
352.230: [GC [PSYoungGen: 633824K->608K(638464K)] 896349K->263149K(1183744K), 0.0016850 secs] [Times: user=0.02 sys=0.00, real=0.00 secs] 
352.232: Total time for which application threads were stopped: 0.0018470 seconds, Stopping threads took: 0.0000960 seconds
352.409: Application time: 0.1774820 seconds
352.409: [GC [PSYoungGen: 638048K->624K(642560K)] 900589K->263173K(1187840K), 0.0016830 secs] [Times: user=0.01 sys=0.00, real=0.00 secs] 
352.411: Total time for which application threads were stopped: 0.0018280 seconds, Stopping threads took: 0.0000730 seconds
352.611: Application time: 0.2001860 seconds
352.611: [GC [PSYoungGen: 642160K->480K(616448K)] 904709K->263029K(1161728K), 0.0017240 secs] [Times: user=0.01 sys=0.00, real=0.00 secs] 
352.613: Total time for which application threads were stopped: 0.0018750 seconds, Stopping threads took: 0.0000660 seconds
352.784: Application time: 0.1706580 seconds
352.784: [GC [PSYoungGen: 616416K->720K(621056K)] 878965K->263277K(1166336K), 0.0016760 secs] [Times: user=0.01 sys=0.00, real=0.00 secs] 
352.785: Total time for which application threads were stopped: 0.0018040 seconds, Stopping threads took: 0.0000620 seconds
352.953: Application time: 0.1675480 seconds
352.953: [GC [PSYoungGen: 620752K->736K(625152K)] 883309K->263293K(1170432K), 0.0017030 secs] [Times: user=0.01 sys=0.01, real=0.00 secs] 
352.955: Total time for which application threads were stopped: 0.0018360 seconds, Stopping threads took: 0.0000600 seconds
353.160: Application time: 0.2049420 seconds
353.160: [GC [PSYoungGen: 624864K->496K(628736K)] 887421K->263077K(1174016K), 0.0016760 secs] [Times: user=0.01 sys=0.00, real=0.00 secs] 
353.162: Total time for which application threads were stopped: 0.0018270 seconds, Stopping threads took: 0.0000740 seconds
353.327: Application time: 0.1658660 seconds
353.328: [GC [PSYoungGen: 628720K->560K(633344K)] 891301K->263141K(1178624K), 0.0016780 secs] [Times: user=0.01 sys=0.00, real=0.00 secs] 
353.329: Total time for which application threads were stopped: 0.0018210 seconds, Stopping threads took: 0.0000750 seconds
353.501: Application time: 0.1715450 seconds
353.501: [GC [PSYoungGen: 632880K->640K(637440K)] 895461K->263229K(1182720K), 0.0017940 secs] [Times: user=0.01 sys=0.00, real=0.00 secs] 
353.503: Total time for which application threads were stopped: 0.0019480 seconds, Stopping threads took: 0.0000930 seconds
353.711: Application time: 0.2082640 seconds
353.711: [GC [PSYoungGen: 637056K->672K(641536K)] 899645K->263261K(1186816K), 0.0016980 secs] [Times: user=0.02 sys=0.00, real=0.00 secs] 
353.713: Total time for which application threads were stopped: 0.0018340 seconds, Stopping threads took: 0.0000560 seconds
353.880: Application time: 0.1676240 seconds
353.881: [GC [PSYoungGen: 641184K->496K(645120K)] 903773K->263149K(1190400K), 0.0016960 secs] [Times: user=0.01 sys=0.00, real=0.00 secs] 
353.882: Total time for which application threads were stopped: 0.0018460 seconds, Stopping threads took: 0.0000780 seconds
354.067: Application time: 0.1842700 seconds
354.067: [GC [PSYoungGen: 645104K->480K(649728K)] 907757K->263141K(1195008K), 0.0016040 secs] [Times: user=0.01 sys=0.00, real=0.01 secs] 
354.068: Total time for which application threads were stopped: 0.0017430 seconds, Stopping threads took: 0.0000690 seconds
354.267: Application time: 0.1986380 seconds
354.267: [GC [PSYoungGen: 649184K->608K(653824K)] 911845K->263269K(1199104K), 0.0016820 secs] [Times: user=0.02 sys=0.00, real=0.00 secs] 
354.269: Total time for which application threads were stopped: 0.0018340 seconds, Stopping threads took: 0.0000740 seconds
354.445: Application time: 0.1763040 seconds
354.445: [GC [PSYoungGen: 653408K->640K(657920K)] 916069K->263301K(1203200K), 0.0017290 secs] [Times: user=0.01 sys=0.00, real=0.01 secs] 
354.447: Total time for which application threads were stopped: 0.0018840 seconds, Stopping threads took: 0.0000870 seconds
354.652: Application time: 0.2045890 seconds
354.652: [GC [PSYoungGen: 657536K->512K(631296K)] 920197K->263301K(1176576K), 0.0016980 secs] [Times: user=0.01 sys=0.00, real=0.00 secs] 
354.653: Total time for which application threads were stopped: 0.0018560 seconds, Stopping threads took: 0.0000930 seconds
354.825: Application time: 0.1719890 seconds
354.827: [GC [PSYoungGen: 631296K->640K(635904K)] 894085K->263429K(1181184K), 0.0018370 secs] [Times: user=0.01 sys=0.00, real=0.00 secs] 
354.829: Total time for which application threads were stopped: 0.0032430 seconds, Stopping threads took: 0.0013290 seconds
355.004: Application time: 0.1755870 seconds
355.004: [GC [PSYoungGen: 635520K->720K(640000K)] 898309K->263509K(1185280K), 0.0017170 secs] [Times: user=0.01 sys=0.00, real=0.00 secs] 
355.006: Total time for which application threads were stopped: 0.0018940 seconds, Stopping threads took: 0.0001140 seconds
355.213: Application time: 0.2070110 seconds
355.213: [GC [PSYoungGen: 639696K->528K(644096K)] 902485K->263325K(1189376K), 0.0017270 secs] [Times: user=0.01 sys=0.00, real=0.00 secs] 
355.215: Total time for which application threads were stopped: 0.0019090 seconds, Stopping threads took: 0.0001140 seconds
355.383: Application time: 0.1679200 seconds
355.383: [GC [PSYoungGen: 643600K->496K(647680K)] 906397K->263341K(1192960K), 0.0016670 secs] [Times: user=0.01 sys=0.00, real=0.00 secs] 
355.385: Total time for which application threads were stopped: 0.0018000 seconds, Stopping threads took: 0.0000500 seconds
355.562: Application time: 0.1775770 seconds
355.563: [GC [PSYoungGen: 647664K->592K(652288K)] 910509K->263445K(1197568K), 0.0017270 secs] [Times: user=0.02 sys=0.00, real=0.00 secs] 
355.564: Total time for which application threads were stopped: 0.0018780 seconds, Stopping threads took: 0.0000880 seconds
355.778: Application time: 0.2135670 seconds
355.778: [GC [PSYoungGen: 651856K->656K(656384K)] 914709K->263509K(1201664K), 0.0017850 secs] [Times: user=0.01 sys=0.00, real=0.01 secs] 
355.780: Total time for which application threads were stopped: 0.0019050 seconds, Stopping threads took: 0.0000560 seconds
355.950: Application time: 0.1702110 seconds
355.950: [GC [PSYoungGen: 656016K->608K(660480K)] 918869K->263469K(1205760K), 0.0017240 secs] [Times: user=0.01 sys=0.00, real=0.00 secs] 
355.952: Total time for which application threads were stopped: 0.0018710 seconds, Stopping threads took: 0.0000700 seconds
356.146: Application time: 0.1946270 seconds
356.147: [GC [PSYoungGen: 660064K->496K(661504K)] 922925K->263381K(1206784K), 0.0017570 secs] [Times: user=0.01 sys=0.00, real=0.01 secs] 
356.148: Total time for which application threads were stopped: 0.0018940 seconds, Stopping threads took: 0.0000710 seconds
356.345: Application time: 0.1963350 seconds
356.345: [GC [PSYoungGen: 661488K->592K(662016K)] 924373K->263485K(1207296K), 0.0017040 secs] [Times: user=0.01 sys=0.00, real=0.00 secs] 
356.347: Total time for which application threads were stopped: 0.0018150 seconds, Stopping threads took: 0.0000460 seconds
356.524: Application time: 0.1777480 seconds
356.524: [GC [PSYoungGen: 661584K->624K(666112K)] 924477K->263517K(1211392K), 0.0018070 secs] [Times: user=0.01 sys=0.00, real=0.00 secs] 
356.526: Total time for which application threads were stopped: 0.0019700 seconds, Stopping threads took: 0.0000750 seconds
356.743: Application time: 0.2162610 seconds
356.743: [GC [PSYoungGen: 665712K->672K(639488K)] 928605K->263573K(1184768K), 0.0017010 secs] [Times: user=0.00 sys=0.01, real=0.00 secs] 
356.744: Total time for which application threads were stopped: 0.0018740 seconds, Stopping threads took: 0.0001060 seconds
356.912: Application time: 0.1672440 seconds
356.912: [GC [PSYoungGen: 639136K->512K(643072K)] 902037K->263509K(1188352K), 0.0017090 secs] [Times: user=0.01 sys=0.00, real=0.00 secs] 
356.914: Total time for which application threads were stopped: 0.0018470 seconds, Stopping threads took: 0.0000730 seconds
357.092: Application time: 0.1785960 seconds
357.092: [GC [PSYoungGen: 643072K->560K(647680K)] 906069K->263565K(1192960K), 0.0017840 secs] [Times: user=0.01 sys=0.00, real=0.00 secs] 
357.094: Total time for which application threads were stopped: 0.0019340 seconds, Stopping threads took: 0.0000760 seconds
357.306: Application time: 0.2124290 seconds
357.307: [GC [PSYoungGen: 647216K->528K(651776K)] 910221K->263533K(1197056K), 0.0016740 secs] [Times: user=0.01 sys=0.00, real=0.01 secs] 
357.308: Total time for which application threads were stopped: 0.0018030 seconds, Stopping threads took: 0.0000580 seconds
357.476: Application time: 0.1674580 seconds
357.476: [GC [PSYoungGen: 651280K->624K(655872K)] 914285K->263637K(1201152K), 0.0017350 secs] [Times: user=0.01 sys=0.00, real=0.00 secs] 
357.478: Total time for which application threads were stopped: 0.0018790 seconds, Stopping threads took: 0.0000730 seconds
357.665: Application time: 0.1876950 seconds
357.665: [GC [PSYoungGen: 655472K->496K(659456K)] 918485K->263541K(1204736K), 0.0018090 secs] [Times: user=0.01 sys=0.00, real=0.01 secs] 
357.667: Total time for which application threads were stopped: 0.0019680 seconds, Stopping threads took: 0.0000820 seconds
357.876: Application time: 0.2083680 seconds
357.876: [GC [PSYoungGen: 659440K->528K(664064K)] 922485K->263581K(1209344K), 0.0016690 secs] [Times: user=0.01 sys=0.00, real=0.00 secs] 
357.877: Total time for which application threads were stopped: 0.0017890 seconds, Stopping threads took: 0.0000520 seconds
358.051: Application time: 0.1731310 seconds
358.051: [GC [PSYoungGen: 663568K->496K(665088K)] 926621K->263549K(1210368K), 0.0017310 secs] [Times: user=0.01 sys=0.00, real=0.00 secs] 
358.052: Total time for which application threads were stopped: 0.0018690 seconds, Stopping threads took: 0.0000670 seconds
358.263: Application time: 0.2108200 seconds
358.263: [GC [PSYoungGen: 664560K->496K(637952K)] 927613K->263557K(1183232K), 0.0016700 secs] [Times: user=0.01 sys=0.00, real=0.00 secs] 
358.265: Total time for which application threads were stopped: 0.0018270 seconds, Stopping threads took: 0.0000750 seconds
358.441: Application time: 0.1758080 seconds
358.441: [GC [PSYoungGen: 637936K->592K(642560K)] 900997K->263661K(1187840K), 0.0016730 secs] [Times: user=0.01 sys=0.00, real=0.00 secs] 
358.443: Total time for which application threads were stopped: 0.0018310 seconds, Stopping threads took: 0.0000920 seconds
358.618: Application time: 0.1755090 seconds
358.618: [GC [PSYoungGen: 642128K->512K(646656K)] 905197K->263589K(1191936K), 0.0017110 secs] [Times: user=0.01 sys=0.00, real=0.01 secs] 
358.620: Total time for which application threads were stopped: 0.0018750 seconds, Stopping threads took: 0.0000990 seconds
358.832: Application time: 0.2120650 seconds
358.832: [GC [PSYoungGen: 646144K->432K(650240K)] 909221K->263517K(1195520K), 0.0018410 secs] [Times: user=0.01 sys=0.00, real=0.00 secs] 
358.834: Total time for which application threads were stopped: 0.0019900 seconds, Stopping threads took: 0.0000680 seconds
359.001: Application time: 0.1669490 seconds
359.001: [GC [PSYoungGen: 650160K->560K(654848K)] 913245K->263653K(1200128K), 0.0016760 secs] [Times: user=0.01 sys=0.00, real=0.00 secs] 
359.003: Total time for which application threads were stopped: 0.0018090 seconds, Stopping threads took: 0.0000640 seconds
359.185: Application time: 0.1823010 seconds
359.185: [GC [PSYoungGen: 654384K->528K(658944K)] 917477K->263621K(1204224K), 0.0017410 secs] [Times: user=0.01 sys=0.01, real=0.01 secs] 
359.187: Total time for which application threads were stopped: 0.0018580 seconds, Stopping threads took: 0.0000530 seconds
359.401: Application time: 0.2138500 seconds
359.401: [GC [PSYoungGen: 658448K->512K(632320K)] 921541K->263605K(1177600K), 0.0015600 secs] [Times: user=0.00 sys=0.00, real=0.00 secs] 
359.403: Total time for which application threads were stopped: 0.0017100 seconds, Stopping threads took: 0.0000660 seconds
359.564: Application time: 0.1608770 seconds
359.564: [GC [PSYoungGen: 631808K->496K(635904K)] 894901K->263685K(1181184K), 0.0018300 secs] [Times: user=0.01 sys=0.00, real=0.00 secs] 
359.566: Total time for which application threads were stopped: 0.0019900 seconds, Stopping threads took: 0.0000950 seconds
359.752: Application time: 0.1867800 seconds
359.752: [GC [PSYoungGen: 635888K->592K(640512K)] 899077K->263789K(1185792K), 0.0016850 secs] [Times: user=0.01 sys=0.00, real=0.00 secs] 
359.754: Total time for which application threads were stopped: 0.0018100 seconds, Stopping threads took: 0.0000600 seconds
359.951: Application time: 0.1965950 seconds
359.951: [GC [PSYoungGen: 640080K->576K(614912K)] 903277K->263773K(1160192K), 0.0014970 secs] [Times: user=0.01 sys=0.00, real=0.00 secs] 
359.952: Total time for which application threads were stopped: 0.0016540 seconds, Stopping threads took: 0.0000850 seconds
360.111: Application time: 0.1584060 seconds
360.115: [GC [PSYoungGen: 614464K->640K(619008K)] 877661K->263869K(1164288K), 0.0018600 secs] [Times: user=0.02 sys=0.00, real=0.00 secs] 
360.117: Total time for which application threads were stopped: 0.0059290 seconds, Stopping threads took: 0.0040030 seconds
360.311: Application time: 0.1941710 seconds
360.311: [GC [PSYoungGen: 618624K->480K(622592K)] 881853K->263733K(1167872K), 0.0016810 secs] [Times: user=0.01 sys=0.00, real=0.00 secs] 
360.313: Total time for which application threads were stopped: 0.0018150 seconds, Stopping threads took: 0.0000670 seconds
360.491: Application time: 0.1784760 seconds
360.491: [GC [PSYoungGen: 622560K->592K(627200K)] 885813K->263853K(1172480K), 0.0014940 secs] [Times: user=0.01 sys=0.00, real=0.00 secs] 
360.493: Total time for which application threads were stopped: 0.0016260 seconds, Stopping threads took: 0.0000480 seconds
360.656: Application time: 0.1630730 seconds
360.656: [GC [PSYoungGen: 626768K->544K(631296K)] 890029K->263805K(1176576K), 0.0018200 secs] [Times: user=0.01 sys=0.00, real=0.00 secs] 
360.658: Total time for which application threads were stopped: 0.0019600 seconds, Stopping threads took: 0.0000770 seconds
360.870: Application time: 0.2116880 seconds
360.870: [GC [PSYoungGen: 630816K->432K(634880K)] 894077K->263693K(1180160K), 0.0017550 secs] [Times: user=0.01 sys=0.00, real=0.00 secs] 
360.871: Total time for which application threads were stopped: 0.0019030 seconds, Stopping threads took: 0.0000780 seconds
361.038: Application time: 0.1663490 seconds
361.038: [GC [PSYoungGen: 634800K->560K(639488K)] 898061K->263829K(1184768K), 0.0018220 secs] [Times: user=0.01 sys=0.00, real=0.01 secs] 
361.040: Total time for which application threads were stopped: 0.0019720 seconds, Stopping threads took: 0.0000760 seconds
361.208: Application time: 0.1683060 seconds
361.208: [GC [PSYoungGen: 639024K->656K(643584K)] 902293K->263925K(1188864K), 0.0017230 secs] [Times: user=0.01 sys=0.00, real=0.00 secs] 
361.210: Total time for which application threads were stopped: 0.0018770 seconds, Stopping threads took: 0.0000880 seconds
361.427: Application time: 0.2171000 seconds
361.427: [GC [PSYoungGen: 643216K->496K(647168K)] 906485K->263805K(1192448K), 0.0016970 secs] [Times: user=0.01 sys=0.00, real=0.00 secs] 
361.429: Total time for which application threads were stopped: 0.0018450 seconds, Stopping threads took: 0.0000790 seconds
361.595: Application time: 0.1659430 seconds
361.595: [GC [PSYoungGen: 647152K->608K(652288K)] 910461K->263925K(1197568K), 0.0021000 secs] [Times: user=0.01 sys=0.00, real=0.00 secs] 
361.597: Total time for which application threads were stopped: 0.0023620 seconds, Stopping threads took: 0.0001540 seconds
361.786: Application time: 0.1885890 seconds
361.786: [GC [PSYoungGen: 651872K->512K(656896K)] 915189K->263837K(1202176K), 0.0017100 secs] [Times: user=0.01 sys=0.00, real=0.01 secs] 
361.788: Total time for which application threads were stopped: 0.0018750 seconds, Stopping threads took: 0.0000920 seconds
361.998: Application time: 0.2103450 seconds
361.998: [GC [PSYoungGen: 656384K->576K(660992K)] 919709K->263909K(1206272K), 0.0017880 secs] [Times: user=0.01 sys=0.00, real=0.01 secs] 
362.000: Total time for which application threads were stopped: 0.0019320 seconds, Stopping threads took: 0.0000710 seconds
362.168: Application time: 0.1676010 seconds
362.168: [GC [PSYoungGen: 660544K->512K(661504K)] 923877K->263989K(1206784K), 0.0017190 secs] [Times: user=0.01 sys=0.00, real=0.00 secs] 
362.169: Total time for which application threads were stopped: 0.0018650 seconds, Stopping threads took: 0.0000650 seconds
362.383: Application time: 0.2138170 seconds
362.383: [GC [PSYoungGen: 661504K->416K(662016K)] 924981K->263901K(1207296K), 0.0016750 secs] [Times: user=0.01 sys=0.00, real=0.00 secs] 
362.385: Total time for which application threads were stopped: 0.0018290 seconds, Stopping threads took: 0.0000840 seconds
362.570: Application time: 0.1848860 seconds
362.570: [GC [PSYoungGen: 661408K->432K(666112K)] 924893K->263918K(1211392K), 0.0016620 secs] [Times: user=0.01 sys=0.00, real=0.00 secs] 
362.572: Total time for which application threads were stopped: 0.0018090 seconds, Stopping threads took: 0.0000830 seconds
362.742: Application time: 0.1705480 seconds
362.743: [GC [PSYoungGen: 665520K->544K(666112K)] 929006K->264030K(1211392K), 0.0016600 secs] [Times: user=0.00 sys=0.00, real=0.00 secs] 
362.744: Total time for which application threads were stopped: 0.0018160 seconds, Stopping threads took: 0.0000810 seconds
362.971: Application time: 0.2263860 seconds
362.971: [GC [PSYoungGen: 665632K->608K(639488K)] 929118K->264102K(1184768K), 0.0017600 secs] [Times: user=0.02 sys=0.00, real=0.00 secs] 
362.973: Total time for which application threads were stopped: 0.0019180 seconds, Stopping threads took: 0.0000850 seconds
363.135: Application time: 0.1621570 seconds
363.135: [GC [PSYoungGen: 639072K->624K(643584K)] 902566K->264126K(1188864K), 0.0016630 secs] [Times: user=0.01 sys=0.00, real=0.00 secs] 
363.136: Total time for which application threads were stopped: 0.0018230 seconds, Stopping threads took: 0.0000860 seconds
363.314: Application time: 0.1776240 seconds
363.314: [GC [PSYoungGen: 643184K->480K(647168K)] 906686K->263990K(1192448K), 0.0017000 secs] [Times: user=0.01 sys=0.00, real=0.00 secs] 
363.316: Total time for which application threads were stopped: 0.0018820 seconds, Stopping threads took: 0.0001040 seconds
363.528: Application time: 0.2119540 seconds
363.528: [GC [PSYoungGen: 647136K->640K(622080K)] 910646K->264158K(1167360K), 0.0016210 secs] [Times: user=0.01 sys=0.00, real=0.00 secs] 
363.530: Total time for which application threads were stopped: 0.0017820 seconds, Stopping threads took: 0.0000980 seconds
363.685: Application time: 0.1555610 seconds
363.685: [GC [PSYoungGen: 621696K->720K(626176K)] 885214K->264246K(1171456K), 0.0015070 secs] [Times: user=0.00 sys=0.00, real=0.01 secs] 
363.687: Total time for which application threads were stopped: 0.0016550 seconds, Stopping threads took: 0.0000810 seconds
363.875: Application time: 0.1881190 seconds
363.875: [GC [PSYoungGen: 625872K->528K(630272K)] 889398K->264054K(1175552K), 0.0017220 secs] [Times: user=0.01 sys=0.00, real=0.00 secs] 
363.877: Total time for which application threads were stopped: 0.0018740 seconds, Stopping threads took: 0.0000790 seconds
364.071: Application time: 0.1941700 seconds
364.071: [GC [PSYoungGen: 629776K->512K(604672K)] 893302K->264126K(1149952K), 0.0017180 secs] [Times: user=0.02 sys=0.00, real=0.00 secs] 
364.073: Total time for which application threads were stopped: 0.0018570 seconds, Stopping threads took: 0.0000620 seconds
364.225: Application time: 0.1517190 seconds
364.225: [GC [PSYoungGen: 604672K->640K(609280K)] 868286K->264262K(1154560K), 0.0016370 secs] [Times: user=0.01 sys=0.00, real=0.00 secs] 
364.227: Total time for which application threads were stopped: 0.0017970 seconds, Stopping threads took: 0.0000950 seconds
364.415: Application time: 0.1887490 seconds
364.415: [GC [PSYoungGen: 608896K->400K(612864K)] 872518K->264022K(1158144K), 0.0016830 secs] [Times: user=0.01 sys=0.00, real=0.00 secs] 
364.417: Total time for which application threads were stopped: 0.0018390 seconds, Stopping threads took: 0.0000860 seconds
364.599: Application time: 0.1823180 seconds
364.600: [GC [PSYoungGen: 612752K->624K(617472K)] 876374K->264254K(1162752K), 0.0016430 secs] [Times: user=0.02 sys=0.00, real=0.00 secs] 
364.601: Total time for which application threads were stopped: 0.0018040 seconds, Stopping threads took: 0.0000940 seconds
364.757: Application time: 0.1552920 seconds
364.757: [GC [PSYoungGen: 617072K->528K(621568K)] 880702K->264166K(1166848K), 0.0016780 secs] [Times: user=0.01 sys=0.00, real=0.00 secs] 
364.758: Total time for which application threads were stopped: 0.0018150 seconds, Stopping threads took: 0.0000660 seconds
364.956: Application time: 0.1975140 seconds
364.956: [GC [PSYoungGen: 621072K->512K(625152K)] 884710K->264158K(1170432K), 0.0015760 secs] [Times: user=0.00 sys=0.00, real=0.00 secs] 
364.958: Total time for which application threads were stopped: 0.0017410 seconds, Stopping threads took: 0.0000840 seconds
365.136: Application time: 0.1785760 seconds
365.136: [GC [PSYoungGen: 625152K->656K(629760K)] 888798K->264318K(1175040K), 0.0016940 secs] [Times: user=0.01 sys=0.00, real=0.00 secs] 
365.138: Total time for which application threads were stopped: 0.0018240 seconds, Stopping threads took: 0.0000670 seconds
365.301: Application time: 0.1626320 seconds
365.301: [GC [PSYoungGen: 629392K->592K(633856K)] 893054K->264254K(1179136K), 0.0016930 secs] [Times: user=0.01 sys=0.00, real=0.00 secs] 
365.302: Total time for which application threads were stopped: 0.0018290 seconds, Stopping threads took: 0.0000740 seconds
365.513: Application time: 0.2103270 seconds
365.513: [GC [PSYoungGen: 633424K->464K(637440K)] 897086K->264126K(1182720K), 0.0017100 secs] [Times: user=0.01 sys=0.00, real=0.00 secs] 
365.515: Total time for which application threads were stopped: 0.0018540 seconds, Stopping threads took: 0.0000650 seconds
365.683: Application time: 0.1688140 seconds
365.684: [GC [PSYoungGen: 637392K->688K(642048K)] 901054K->264358K(1187328K), 0.0017170 secs] [Times: user=0.01 sys=0.00, real=0.00 secs] 
365.685: Total time for which application threads were stopped: 0.0018340 seconds, Stopping threads took: 0.0000480 seconds
365.856: Application time: 0.1709340 seconds
365.856: [GC [PSYoungGen: 641712K->592K(646144K)] 905382K->264262K(1191424K), 0.0016920 secs] [Times: user=0.01 sys=0.00, real=0.00 secs] 
365.858: Total time for which application threads were stopped: 0.0018190 seconds, Stopping threads took: 0.0000610 seconds
366.076: Application time: 0.2175600 seconds
366.076: [GC [PSYoungGen: 645712K->656K(650240K)] 909382K->264342K(1195520K), 0.0017730 secs] [Times: user=0.01 sys=0.00, real=0.00 secs] 
366.078: Total time for which application threads were stopped: 0.0019400 seconds, Stopping threads took: 0.0000890 seconds
366.243: Application time: 0.1650610 seconds
366.243: [GC [PSYoungGen: 649872K->512K(653824K)] 913558K->264358K(1199104K), 0.0016780 secs] [Times: user=0.01 sys=0.00, real=0.00 secs] 
366.244: Total time for which application threads were stopped: 0.0018140 seconds, Stopping threads took: 0.0000710 seconds
366.434: Application time: 0.1896690 seconds
366.434: [GC [PSYoungGen: 653824K->480K(628224K)] 917670K->264334K(1173504K), 0.0014930 secs] [Times: user=0.01 sys=0.00, real=0.00 secs] 
366.436: Total time for which application threads were stopped: 0.0016600 seconds, Stopping threads took: 0.0000910 seconds
366.637: Application time: 0.2014320 seconds
366.637: [GC [PSYoungGen: 627680K->576K(603136K)] 891534K->264430K(1148416K), 0.0014660 secs] [Times: user=0.01 sys=0.00, real=0.01 secs] 
366.639: Total time for which application threads were stopped: 0.0015960 seconds, Stopping threads took: 0.0000630 seconds
366.790: Application time: 0.1513400 seconds
366.790: [GC [PSYoungGen: 602688K->528K(606720K)] 866542K->264382K(1152000K), 0.0017200 secs] [Times: user=0.01 sys=0.00, real=0.00 secs] 
366.792: Total time for which application threads were stopped: 0.0018850 seconds, Stopping threads took: 0.0000990 seconds
366.974: Application time: 0.1815840 seconds
366.974: [GC [PSYoungGen: 606224K->496K(610304K)] 870078K->264382K(1155584K), 0.0017400 secs] [Times: user=0.01 sys=0.00, real=0.00 secs] 
366.976: Total time for which application threads were stopped: 0.0018960 seconds, Stopping threads took: 0.0000830 seconds
367.169: Application time: 0.1937260 seconds
367.169: [GC [PSYoungGen: 610288K->624K(586752K)] 874174K->264510K(1132032K), 0.0014950 secs] [Times: user=0.01 sys=0.00, real=0.00 secs] 
367.171: Total time for which application threads were stopped: 0.0016430 seconds, Stopping threads took: 0.0000750 seconds
367.318: Application time: 0.1466540 seconds
367.318: [GC [PSYoungGen: 586352K->608K(590848K)] 850238K->264494K(1136128K), 0.0016860 secs] [Times: user=0.01 sys=0.00, real=0.01 secs] 
367.319: Total time for which application threads were stopped: 0.0018270 seconds, Stopping threads took: 0.0000760 seconds
367.496: Application time: 0.1764080 seconds
367.496: [GC [PSYoungGen: 590432K->496K(594432K)] 854318K->264390K(1139712K), 0.0017050 secs] [Times: user=0.01 sys=0.00, real=0.00 secs] 
367.498: Total time for which application threads were stopped: 0.0018480 seconds, Stopping threads took: 0.0000750 seconds
367.689: Application time: 0.1913890 seconds
367.689: [GC [PSYoungGen: 594416K->592K(598528K)] 858310K->264494K(1143808K), 0.0017050 secs] [Times: user=0.01 sys=0.00, real=0.00 secs] 
367.691: Total time for which application threads were stopped: 0.0018680 seconds, Stopping threads took: 0.0000820 seconds
367.841: Application time: 0.1497410 seconds
367.841: [GC [PSYoungGen: 598096K->576K(602624K)] 861998K->264486K(1147904K), 0.0017280 secs] [Times: user=0.01 sys=0.00, real=0.00 secs] 
367.843: Total time for which application threads were stopped: 0.0018790 seconds, Stopping threads took: 0.0000880 seconds
368.023: Application time: 0.1806100 seconds
368.023: [GC [PSYoungGen: 602176K->496K(606208K)] 866086K->264478K(1151488K), 0.0015030 secs] [Times: user=0.01 sys=0.00, real=0.00 secs] 
368.025: Total time for which application threads were stopped: 0.0016470 seconds, Stopping threads took: 0.0000720 seconds
368.214: Application time: 0.1895950 seconds
368.215: [GC [PSYoungGen: 606192K->528K(610816K)] 870174K->264518K(1156096K), 0.0017270 secs] [Times: user=0.01 sys=0.00, real=0.00 secs] 
368.216: Total time for which application threads were stopped: 0.0019070 seconds, Stopping threads took: 0.0001000 seconds
368.368: Application time: 0.1517470 seconds
368.368: [GC [PSYoungGen: 610320K->624K(614912K)] 874310K->264614K(1160192K), 0.0016570 secs] [Times: user=0.01 sys=0.00, real=0.00 secs] 
368.370: Total time for which application threads were stopped: 0.0017970 seconds, Stopping threads took: 0.0000740 seconds
368.559: Application time: 0.1895290 seconds
368.559: [GC [PSYoungGen: 614512K->448K(618496K)] 878502K->264438K(1163776K), 0.0017320 secs] [Times: user=0.02 sys=0.00, real=0.00 secs] 
368.561: Total time for which application threads were stopped: 0.0018750 seconds, Stopping threads took: 0.0000740 seconds
368.746: Application time: 0.1844420 seconds
368.746: [GC [PSYoungGen: 618432K->640K(623104K)] 882422K->264630K(1168384K), 0.0017410 secs] [Times: user=0.01 sys=0.00, real=0.01 secs] 
368.748: Total time for which application threads were stopped: 0.0018800 seconds, Stopping threads took: 0.0000660 seconds
368.904: Application time: 0.1568140 seconds
368.905: [GC [PSYoungGen: 622720K->624K(627200K)] 886710K->264614K(1172480K), 0.0017210 secs] [Times: user=0.02 sys=0.00, real=0.00 secs] 
368.906: Total time for which application threads were stopped: 0.0018900 seconds, Stopping threads took: 0.0001040 seconds
369.113: Application time: 0.2065450 seconds
369.113: [GC [PSYoungGen: 626800K->496K(630784K)] 890790K->264494K(1176064K), 0.0016850 secs] [Times: user=0.01 sys=0.00, real=0.00 secs] 
369.115: Total time for which application threads were stopped: 0.0018340 seconds, Stopping threads took: 0.0000800 seconds
369.289: Application time: 0.1747210 seconds
369.290: [GC [PSYoungGen: 630768K->608K(635392K)] 894766K->264614K(1180672K), 0.0016900 secs] [Times: user=0.01 sys=0.00, real=0.00 secs] 
369.291: Total time for which application threads were stopped: 0.0018440 seconds, Stopping threads took: 0.0000800 seconds
369.454: Application time: 0.1627470 seconds
369.454: [GC [PSYoungGen: 634976K->736K(639488K)] 898982K->264742K(1184768K), 0.0016990 secs] [Times: user=0.01 sys=0.00, real=0.00 secs] 
369.456: Total time for which application threads were stopped: 0.0018300 seconds, Stopping threads took: 0.0000600 seconds
369.677: Application time: 0.2216380 seconds
369.678: [GC [PSYoungGen: 639200K->480K(643072K)] 903206K->264494K(1188352K), 0.0017210 secs] [Times: user=0.01 sys=0.00, real=0.01 secs] 
369.679: Total time for which application threads were stopped: 0.0018770 seconds, Stopping threads took: 0.0000810 seconds
369.842: Application time: 0.1626620 seconds
369.842: [GC [PSYoungGen: 643040K->656K(647680K)] 907054K->264670K(1192960K), 0.0017450 secs] [Times: user=0.01 sys=0.00, real=0.00 secs] 
369.844: Total time for which application threads were stopped: 0.0019080 seconds, Stopping threads took: 0.0000880 seconds
370.017: Application time: 0.1732600 seconds
370.017: [GC [PSYoungGen: 647312K->480K(651264K)] 911326K->264494K(1196544K), 0.0017350 secs] [Times: user=0.01 sys=0.01, real=0.01 secs] 
370.019: Total time for which application threads were stopped: 0.0018740 seconds, Stopping threads took: 0.0000730 seconds
370.241: Application time: 0.2219790 seconds
370.241: [GC [PSYoungGen: 651232K->608K(655872K)] 915246K->264630K(1201152K), 0.0016710 secs] [Times: user=0.01 sys=0.00, real=0.00 secs] 
370.243: Total time for which application threads were stopped: 0.0018030 seconds, Stopping threads took: 0.0000700 seconds
370.406: Application time: 0.1633350 seconds
370.406: [GC [PSYoungGen: 655456K->736K(659456K)] 919478K->264758K(1204736K), 0.0017600 secs] [Times: user=0.01 sys=0.00, real=0.01 secs] 
370.408: Total time for which application threads were stopped: 0.0019390 seconds, Stopping threads took: 0.0000990 seconds
370.602: Application time: 0.1939380 seconds
370.602: [GC [PSYoungGen: 659168K->560K(659968K)] 923190K->264590K(1205248K), 0.0017290 secs] [Times: user=0.01 sys=0.00, real=0.00 secs] 
370.604: Total time for which application threads were stopped: 0.0018640 seconds, Stopping threads took: 0.0000700 seconds
370.806: Application time: 0.2015740 seconds
370.806: [GC [PSYoungGen: 659504K->640K(659968K)] 923534K->264678K(1205248K), 0.0016600 secs] [Times: user=0.01 sys=0.00, real=0.01 secs] 
370.807: Total time for which application threads were stopped: 0.0018120 seconds, Stopping threads took: 0.0000830 seconds
370.972: Application time: 0.1649780 seconds
370.972: [GC [PSYoungGen: 659584K->560K(664064K)] 923622K->264606K(1209344K), 0.0016690 secs] [Times: user=0.02 sys=0.00, real=0.00 secs] 
370.974: Total time for which application threads were stopped: 0.0018250 seconds, Stopping threads took: 0.0000870 seconds
371.191: Application time: 0.2163910 seconds
371.191: [GC [PSYoungGen: 663600K->656K(637440K)] 927646K->264710K(1182720K), 0.0017080 secs] [Times: user=0.00 sys=0.01, real=0.00 secs] 
371.192: Total time for which application threads were stopped: 0.0018420 seconds, Stopping threads took: 0.0000610 seconds
371.366: Application time: 0.1733070 seconds
371.366: [GC [PSYoungGen: 637072K->512K(641024K)] 901126K->264630K(1186304K), 0.0017100 secs] [Times: user=0.01 sys=0.00, real=0.01 secs] 
371.368: Total time for which application threads were stopped: 0.0018520 seconds, Stopping threads took: 0.0000790 seconds
371.533: Application time: 0.1652920 seconds
371.533: [GC [PSYoungGen: 641024K->656K(645632K)] 905142K->264774K(1190912K), 0.0016850 secs] [Times: user=0.01 sys=0.00, real=0.00 secs] 
371.535: Total time for which application threads were stopped: 0.0018440 seconds, Stopping threads took: 0.0000790 seconds
371.757: Application time: 0.2220480 seconds
371.757: [GC [PSYoungGen: 645264K->560K(620032K)] 909382K->264678K(1165312K), 0.0016150 secs] [Times: user=0.01 sys=0.00, real=0.00 secs] 
371.758: Total time for which application threads were stopped: 0.0017640 seconds, Stopping threads took: 0.0000850 seconds
371.915: Application time: 0.1569560 seconds
371.916: [GC [PSYoungGen: 619568K->672K(595456K)] 883686K->264798K(1140736K), 0.0015080 secs] [Times: user=0.01 sys=0.00, real=0.00 secs] 
371.917: Total time for which application threads were stopped: 0.0016160 seconds, Stopping threads took: 0.0000440 seconds
372.075: Application time: 0.1583650 seconds
372.076: [GC [PSYoungGen: 595104K->448K(599040K)] 859230K->264574K(1144320K), 0.0017000 secs] [Times: user=0.01 sys=0.00, real=0.00 secs] 
372.077: Total time for which application threads were stopped: 0.0018320 seconds, Stopping threads took: 0.0000590 seconds
372.283: Application time: 0.2055900 seconds
372.283: [GC [PSYoungGen: 598976K->624K(603136K)] 863102K->264758K(1148416K), 0.0016790 secs] [Times: user=0.01 sys=0.00, real=0.00 secs] 
372.285: Total time for which application threads were stopped: 0.0018310 seconds, Stopping threads took: 0.0000800 seconds
372.436: Application time: 0.1516730 seconds
372.436: [GC [PSYoungGen: 602736K->688K(607232K)] 866870K->264830K(1152512K), 0.0017090 secs] [Times: user=0.01 sys=0.00, real=0.00 secs] 
372.438: Total time for which application threads were stopped: 0.0018430 seconds, Stopping threads took: 0.0000650 seconds
372.602: Application time: 0.1639540 seconds
372.602: [GC [PSYoungGen: 606896K->592K(611328K)] 871038K->264742K(1156608K), 0.0017450 secs] [Times: user=0.02 sys=0.00, real=0.00 secs] 
372.604: Total time for which application threads were stopped: 0.0019110 seconds, Stopping threads took: 0.0000900 seconds
372.811: Application time: 0.2072700 seconds
372.811: [GC [PSYoungGen: 610896K->512K(614912K)] 875046K->264774K(1160192K), 0.0017190 secs] [Times: user=0.01 sys=0.00, real=0.00 secs] 
372.813: Total time for which application threads were stopped: 0.0018650 seconds, Stopping threads took: 0.0000830 seconds
372.969: Application time: 0.1559920 seconds
372.969: [GC [PSYoungGen: 614912K->672K(619520K)] 879174K->264934K(1164800K), 0.0015840 secs] [Times: user=0.01 sys=0.00, real=0.00 secs] 
372.971: Total time for which application threads were stopped: 0.0017360 seconds, Stopping threads took: 0.0000900 seconds
373.143: Application time: 0.1725150 seconds
373.144: [GC [PSYoungGen: 619168K->512K(623616K)] 883430K->264774K(1168896K), 0.0016770 secs] [Times: user=0.01 sys=0.00, real=0.00 secs] 
373.145: Total time for which application threads were stopped: 0.0018390 seconds, Stopping threads took: 0.0000860 seconds
373.351: Application time: 0.2056490 seconds
373.351: [GC [PSYoungGen: 623104K->672K(627712K)] 887366K->264942K(1172992K), 0.0017830 secs] [Times: user=0.01 sys=0.00, real=0.00 secs] 
373.353: Total time for which application threads were stopped: 0.0019310 seconds, Stopping threads took: 0.0000770 seconds
373.511: Application time: 0.1576760 seconds
373.511: [GC [PSYoungGen: 627360K->496K(631296K)] 891630K->264798K(1176576K), 0.0017080 secs] [Times: user=0.01 sys=0.00, real=0.00 secs] 
373.512: Total time for which application threads were stopped: 0.0018460 seconds, Stopping threads took: 0.0000670 seconds
373.704: Application time: 0.1919560 seconds
373.705: [GC [PSYoungGen: 631280K->496K(635904K)] 895582K->264806K(1181184K), 0.0014900 secs] [Times: user=0.01 sys=0.00, real=0.00 secs] 
373.706: Total time for which application threads were stopped: 0.0016820 seconds, Stopping threads took: 0.0001020 seconds
373.899: Application time: 0.1926470 seconds
373.899: [GC [PSYoungGen: 635376K->640K(640000K)] 899686K->264958K(1185280K), 0.0016860 secs] [Times: user=0.02 sys=0.00, real=0.00 secs] 
373.901: Total time for which application threads were stopped: 0.0018660 seconds, Stopping threads took: 0.0001150 seconds
374.061: Application time: 0.1600270 seconds
374.061: [GC [PSYoungGen: 639616K->464K(643584K)] 903934K->264790K(1188864K), 0.0017350 secs] [Times: user=0.01 sys=0.00, real=0.00 secs] 
374.062: Total time for which application threads were stopped: 0.0018730 seconds, Stopping threads took: 0.0000730 seconds
374.274: Application time: 0.2111180 seconds
374.274: [GC [PSYoungGen: 643536K->560K(648192K)] 907862K->264902K(1193472K), 0.0017440 secs] [Times: user=0.01 sys=0.00, real=0.00 secs] 
374.276: Total time for which application threads were stopped: 0.0019070 seconds, Stopping threads took: 0.0000880 seconds
374.459: Application time: 0.1833060 seconds
374.459: [GC [PSYoungGen: 647728K->608K(652288K)] 912070K->264958K(1197568K), 0.0017630 secs] [Times: user=0.01 sys=0.00, real=0.00 secs] 
374.461: Total time for which application threads were stopped: 0.0019070 seconds, Stopping threads took: 0.0000750 seconds
374.627: Application time: 0.1663540 seconds
374.627: [GC [PSYoungGen: 651872K->496K(655872K)] 916222K->264846K(1201152K), 0.0016720 secs] [Times: user=0.01 sys=0.00, real=0.00 secs] 
374.629: Total time for which application threads were stopped: 0.0017860 seconds, Stopping threads took: 0.0000500 seconds
374.855: Application time: 0.2263620 seconds
374.855: [GC [PSYoungGen: 655856K->528K(630272K)] 920206K->264878K(1175552K), 0.0017120 secs] [Times: user=0.01 sys=0.00, real=0.00 secs] 
374.857: Total time for which application threads were stopped: 0.0018720 seconds, Stopping threads took: 0.0000820 seconds
375.018: Application time: 0.1612630 seconds
375.019: [GC [PSYoungGen: 629776K->704K(634368K)] 894126K->265062K(1179648K), 0.0017310 secs] [Times: user=0.02 sys=0.00, real=0.01 secs] 
375.020: Total time for which application threads were stopped: 0.0018830 seconds, Stopping threads took: 0.0000780 seconds
375.189: Application time: 0.1687250 seconds
375.189: [GC [PSYoungGen: 634048K->624K(638464K)] 898406K->264982K(1183744K), 0.0017460 secs] [Times: user=0.01 sys=0.00, real=0.00 secs] 
375.191: Total time for which application threads were stopped: 0.0018930 seconds, Stopping threads took: 0.0000800 seconds
375.404: Application time: 0.2135720 seconds
375.405: [GC [PSYoungGen: 638064K->496K(642048K)] 902422K->264934K(1187328K), 0.0017710 secs] [Times: user=0.01 sys=0.00, real=0.00 secs] 
375.406: Total time for which application threads were stopped: 0.0019320 seconds, Stopping threads took: 0.0000780 seconds
375.569: Application time: 0.1626480 seconds
375.569: [GC [PSYoungGen: 642032K->688K(646656K)] 906470K->265134K(1191936K), 0.0016670 secs] [Times: user=0.01 sys=0.00, real=0.00 secs] 
375.571: Total time for which application threads were stopped: 0.0017970 seconds, Stopping threads took: 0.0000650 seconds
375.766: Application time: 0.1950000 seconds
375.766: [GC [PSYoungGen: 646320K->512K(650752K)] 910766K->264958K(1196032K), 0.0018290 secs] [Times: user=0.01 sys=0.00, real=0.01 secs] 
375.768: Total time for which application threads were stopped: 0.0020010 seconds, Stopping threads took: 0.0001020 seconds
375.964: Application time: 0.1956870 seconds
375.964: [GC [PSYoungGen: 650240K->688K(654848K)] 914686K->265142K(1200128K), 0.0017520 secs] [Times: user=0.00 sys=0.00, real=0.00 secs] 
375.965: Total time for which application threads were stopped: 0.0018860 seconds, Stopping threads took: 0.0000590 seconds
376.129: Application time: 0.1639790 seconds
376.130: [GC [PSYoungGen: 654512K->496K(658432K)] 918966K->264982K(1203712K), 0.0017010 secs] [Times: user=0.02 sys=0.00, real=0.00 secs] 
376.131: Total time for which application threads were stopped: 0.0018470 seconds, Stopping threads took: 0.0000800 seconds
376.347: Application time: 0.2159760 seconds
376.347: [GC [PSYoungGen: 658416K->576K(659968K)] 922902K->265062K(1205248K), 0.0016920 secs] [Times: user=0.02 sys=0.00, real=0.00 secs] 
376.349: Total time for which application threads were stopped: 0.0018620 seconds, Stopping threads took: 0.0001020 seconds
376.532: Application time: 0.1827240 seconds
376.532: [GC [PSYoungGen: 659520K->624K(663040K)] 924006K->265118K(1208320K), 0.0016990 secs] [Times: user=0.01 sys=0.00, real=0.00 secs] 
376.534: Total time for which application threads were stopped: 0.0018450 seconds, Stopping threads took: 0.0000730 seconds
376.703: Application time: 0.1696500 seconds
376.703: [GC [PSYoungGen: 662640K->624K(663040K)] 927134K->265118K(1208320K), 0.0016990 secs] [Times: user=0.01 sys=0.00, real=0.00 secs] 
376.705: Total time for which application threads were stopped: 0.0018510 seconds, Stopping threads took: 0.0000810 seconds
376.930: Application time: 0.2246500 seconds
376.930: [GC [PSYoungGen: 662640K->640K(636416K)] 927134K->265142K(1181696K), 0.0017920 secs] [Times: user=0.01 sys=0.00, real=0.00 secs] 
376.932: Total time for which application threads were stopped: 0.0019410 seconds, Stopping threads took: 0.0000830 seconds
377.094: Application time: 0.1626410 seconds
377.095: [GC [PSYoungGen: 636032K->720K(640512K)] 900534K->265230K(1185792K), 0.0016900 secs] [Times: user=0.01 sys=0.00, real=0.00 secs] 
377.096: Total time for which application threads were stopped: 0.0018220 seconds, Stopping threads took: 0.0000590 seconds
377.271: Application time: 0.1750520 seconds
377.271: [GC [PSYoungGen: 640208K->496K(644096K)] 904718K->265014K(1189376K), 0.0017000 secs] [Times: user=0.01 sys=0.00, real=0.00 secs] 
377.273: Total time for which application threads were stopped: 0.0018540 seconds, Stopping threads took: 0.0000860 seconds
377.483: Application time: 0.2101130 seconds
377.483: [GC [PSYoungGen: 644080K->592K(648704K)] 908598K->265118K(1193984K), 0.0017790 secs] [Times: user=0.01 sys=0.00, real=0.00 secs] 
377.485: Total time for which application threads were stopped: 0.0019210 seconds, Stopping threads took: 0.0000700 seconds
377.648: Application time: 0.1628000 seconds
377.648: [GC [PSYoungGen: 648272K->672K(652800K)] 912798K->265198K(1198080K), 0.0016640 secs] [Times: user=0.01 sys=0.00, real=0.00 secs] 
377.650: Total time for which application threads were stopped: 0.0017970 seconds, Stopping threads took: 0.0000580 seconds
377.729: Application time: 0.0788550 seconds
377.729: Total time for which application threads were stopped: 0.0001260 seconds, Stopping threads took: 0.0000980 seconds
377.839: Application time: 0.1103030 seconds
377.839: [GC [PSYoungGen: 652448K->464K(656384K)] 916974K->264990K(1201664K), 0.0017470 secs] [Times: user=0.01 sys=0.00, real=0.00 secs] 
377.841: Total time for which application threads were stopped: 0.0018990 seconds, Stopping threads took: 0.0000820 seconds
378.036: Application time: 0.1945520 seconds
378.036: [GC [PSYoungGen: 656336K->496K(660480K)] 920862K->265022K(1205760K), 0.0018400 secs] [Times: user=0.02 sys=0.00, real=0.00 secs] 
378.038: Total time for which application threads were stopped: 0.0019680 seconds, Stopping threads took: 0.0000610 seconds
378.245: Application time: 0.2079540 seconds
378.246: [GC [PSYoungGen: 660464K->544K(634368K)] 924990K->265078K(1179648K), 0.0015230 secs] [Times: user=0.01 sys=0.00, real=0.01 secs] 
378.247: Total time for which application threads were stopped: 0.0016760 seconds, Stopping threads took: 0.0000800 seconds
378.345: Application time: 0.0974910 seconds
378.345: Total time for which application threads were stopped: 0.0000920 seconds, Stopping threads took: 0.0000640 seconds
378.410: Application time: 0.0653820 seconds
378.410: [GC [PSYoungGen: 633888K->496K(637952K)] 898422K->265030K(1183232K), 0.0019280 secs] [Times: user=0.02 sys=0.00, real=0.00 secs] 
378.412: Total time for which application threads were stopped: 0.0020340 seconds, Stopping threads took: 0.0000440 seconds
378.593: Application time: 0.1809730 seconds
378.593: [GC [PSYoungGen: 637936K->400K(642560K)] 902470K->264942K(1187840K), 0.0017420 secs] [Times: user=0.01 sys=0.00, real=0.00 secs] 
378.595: Total time for which application threads were stopped: 0.0019140 seconds, Stopping threads took: 0.0001050 seconds
378.693: Application time: 0.0976900 seconds
378.693: Total time for which application threads were stopped: 0.0001400 seconds, Stopping threads took: 0.0001130 seconds
378.764: Application time: 0.0710180 seconds
378.764: Total time for which application threads were stopped: 0.0000780 seconds, Stopping threads took: 0.0000390 seconds
378.873: Application time: 0.1094880 seconds
378.874: Total time for which application threads were stopped: 0.0000530 seconds, Stopping threads took: 0.0000130 seconds
379.433: Application time: 0.5594140 seconds
379.433: Total time for which application threads were stopped: 0.0000810 seconds, Stopping threads took: 0.0000140 seconds
Heap
 PSYoungGen      total 642560K, used 570728K [0x00000000d7480000, 0x00000000ffe00000, 0x0000000100000000)
  eden space 641536K, 88% used [0x00000000d7480000,0x00000000fa1760a0,0x00000000fe700000)
  from space 1024K, 39% used [0x00000000ffc00000,0x00000000ffc64010,0x00000000ffd00000)
  to   space 1024K, 0% used [0x00000000ffd00000,0x00000000ffd00000,0x00000000ffe00000)
 ParOldGen       total 545280K, used 264542K [0x0000000085e00000, 0x00000000a7280000, 0x00000000d7480000)
  object space 545280K, 48% used [0x0000000085e00000,0x0000000096057ab8,0x00000000a7280000)
 PSPermGen       total 21504K, used 13688K [0x0000000080c00000, 0x0000000082100000, 0x0000000085e00000)
  object space 21504K, 63% used [0x0000000080c00000,0x000000008195e1e8,0x0000000082100000)
379.433: Application time: 0.0001620 seconds
