Java HotSpot(TM) 64-Bit Server VM (24.80-b11) for linux-amd64 JRE (1.7.0_80-b15), built on Apr 10 2015 19:53:14 by "java_re" with gcc 4.3.0 20080428 (Red Hat 4.3.0-8)
Memory: 4k page, physical 8000092k(5791176k free), swap 8218620k(8218620k free)
CommandLine flags: -XX:InitialHeapSize=128001472 -XX:MaxHeapSize=2048023552 -XX:+PrintGC -XX:+PrintGCApplicationConcurrentTime -XX:+PrintGCApplicationStoppedTime -XX:+PrintGCDetails -XX:+PrintGCTimeStamps -XX:+UseCMSInitiatingOccupancyOnly -XX:+UseCompressedOops -XX:+UseParallelGC 
1.007: Application time: 0.9848380 seconds
1.007: Total time for which application threads were stopped: 0.0000400 seconds, Stopping threads took: 0.0000110 seconds
4.027: Application time: 3.0195160 seconds
4.027: Total time for which application threads were stopped: 0.0000750 seconds, Stopping threads took: 0.0000110 seconds
14.682: Application time: 10.6552140 seconds
14.682: Total time for which application threads were stopped: 0.0000340 seconds, Stopping threads took: 0.0000190 seconds
14.682: Application time: 0.0000890 seconds
14.682: Total time for which application threads were stopped: 0.0000100 seconds, Stopping threads took: 0.0000040 seconds
14.683: Application time: 0.0014470 seconds
14.684: Total time for which application threads were stopped: 0.0000110 seconds, Stopping threads took: 0.0000050 seconds
14.703: Application time: 0.0196270 seconds
14.703: Total time for which application threads were stopped: 0.0000390 seconds, Stopping threads took: 0.0000100 seconds
14.717: Application time: 0.0139440 seconds
14.717: [GC [PSYoungGen: 11288K->3337K(36864K)] 11288K->3345K(119808K), 0.0021210 secs] [Times: user=0.00 sys=0.01, real=0.00 secs] 
14.719: [Full GC [PSYoungGen: 3337K->0K(36864K)] [ParOldGen: 8K->3145K(82944K)] 3345K->3145K(119808K) [PSPermGen: 5075K->5074K(21504K)], 0.0108720 secs] [Times: user=0.03 sys=0.02, real=0.01 secs] 
14.730: Total time for which application threads were stopped: 0.0131080 seconds, Stopping threads took: 0.0000060 seconds
14.730: Application time: 0.0000550 seconds
14.730: [GC [PSYoungGen: 0K->0K(36864K)] 3145K->3145K(119808K), 0.0002610 secs] [Times: user=0.00 sys=0.00, real=0.00 secs] 
14.731: [Full GC [PSYoungGen: 0K->0K(36864K)] [ParOldGen: 3145K->3145K(82944K)] 3145K->3145K(119808K) [PSPermGen: 5074K->5074K(21504K)], 0.0041070 secs] [Times: user=0.01 sys=0.00, real=0.01 secs] 
14.735: Total time for which application threads were stopped: 0.0044600 seconds, Stopping threads took: 0.0000150 seconds
14.735: Application time: 0.0000790 seconds
14.735: Total time for which application threads were stopped: 0.0000270 seconds, Stopping threads took: 0.0000180 seconds
14.735: Application time: 0.0000840 seconds
14.735: Total time for which application threads were stopped: 0.0000210 seconds, Stopping threads took: 0.0000170 seconds
14.735: Application time: 0.0000090 seconds
14.735: Total time for which application threads were stopped: 0.0000160 seconds, Stopping threads took: 0.0000120 seconds
14.735: Application time: 0.0000090 seconds
14.735: Total time for which application threads were stopped: 0.0000260 seconds, Stopping threads took: 0.0000230 seconds
14.735: Application time: 0.0000090 seconds
14.735: Total time for which application threads were stopped: 0.0000150 seconds, Stopping threads took: 0.0000120 seconds
14.735: Application time: 0.0000100 seconds
14.735: Total time for which application threads were stopped: 0.0000110 seconds, Stopping threads took: 0.0000080 seconds
14.735: Application time: 0.0000090 seconds
14.735: Total time for which application threads were stopped: 0.0000130 seconds, Stopping threads took: 0.0000090 seconds
14.735: Application time: 0.0000130 seconds
14.735: Total time for which application threads were stopped: 0.0000150 seconds, Stopping threads took: 0.0000120 seconds
14.735: Application time: 0.0000080 seconds
14.735: Total time for which application threads were stopped: 0.0000120 seconds, Stopping threads took: 0.0000090 seconds
14.735: Application time: 0.0000090 seconds
14.735: Total time for which application threads were stopped: 0.0000150 seconds, Stopping threads took: 0.0000120 seconds
14.735: Application time: 0.0000090 seconds
14.735: Total time for which application threads were stopped: 0.0000130 seconds, Stopping threads took: 0.0000100 seconds
14.735: Application time: 0.0000100 seconds
14.735: Total time for which application threads were stopped: 0.0000150 seconds, Stopping threads took: 0.0000110 seconds
14.735: Application time: 0.0000130 seconds
14.735: Total time for which application threads were stopped: 0.0000150 seconds, Stopping threads took: 0.0000110 seconds
14.735: Application time: 0.0000120 seconds
14.735: Total time for which application threads were stopped: 0.0000140 seconds, Stopping threads took: 0.0000100 seconds
14.735: Application time: 0.0000120 seconds
14.735: Total time for which application threads were stopped: 0.0000150 seconds, Stopping threads took: 0.0000110 seconds
14.735: Application time: 0.0000120 seconds
14.735: Total time for which application threads were stopped: 0.0000120 seconds, Stopping threads took: 0.0000080 seconds
14.735: Application time: 0.0000110 seconds
14.735: Total time for which application threads were stopped: 0.0000120 seconds, Stopping threads took: 0.0000080 seconds
14.735: Application time: 0.0000110 seconds
14.735: Total time for which application threads were stopped: 0.0000130 seconds, Stopping threads took: 0.0000090 seconds
14.735: Application time: 0.0000100 seconds
14.735: Total time for which application threads were stopped: 0.0000160 seconds, Stopping threads took: 0.0000120 seconds
14.735: Application time: 0.0000110 seconds
14.735: Total time for which application threads were stopped: 0.0000230 seconds, Stopping threads took: 0.0000120 seconds
14.736: Application time: 0.0002360 seconds
14.736: Total time for which application threads were stopped: 0.0000210 seconds, Stopping threads took: 0.0000150 seconds
14.738: Application time: 0.0020810 seconds
14.738: Total time for which application threads were stopped: 0.0000410 seconds, Stopping threads took: 0.0000340 seconds
14.738: Application time: 0.0000860 seconds
14.738: Total time for which application threads were stopped: 0.0000400 seconds, Stopping threads took: 0.0000310 seconds
14.739: Application time: 0.0008150 seconds
14.739: Total time for which application threads were stopped: 0.0000340 seconds, Stopping threads took: 0.0000240 seconds
14.759: Application time: 0.0199390 seconds
14.759: Total time for which application threads were stopped: 0.0000940 seconds, Stopping threads took: 0.0000770 seconds
14.844: Application time: 0.0851830 seconds
14.844: [GC [PSYoungGen: 31582K->5056K(36864K)] 34727K->9225K(119808K), 0.0015990 secs] [Times: user=0.01 sys=0.00, real=0.00 secs] 
14.846: Total time for which application threads were stopped: 0.0017740 seconds, Stopping threads took: 0.0000730 seconds
14.846: Application time: 0.0001300 seconds
14.847: Total time for which application threads were stopped: 0.0009290 seconds, Stopping threads took: 0.0009100 seconds
14.847: Application time: 0.0000190 seconds
14.847: Total time for which application threads were stopped: 0.0001530 seconds, Stopping threads took: 0.0001470 seconds
14.847: Application time: 0.0000290 seconds
14.847: Total time for which application threads were stopped: 0.0000630 seconds, Stopping threads took: 0.0000540 seconds
14.847: Application time: 0.0000210 seconds
14.847: Total time for which application threads were stopped: 0.0000290 seconds, Stopping threads took: 0.0000240 seconds
14.847: Application time: 0.0000110 seconds
14.847: Total time for which application threads were stopped: 0.0000080 seconds, Stopping threads took: 0.0000030 seconds
14.847: Application time: 0.0000100 seconds
14.847: Total time for which application threads were stopped: 0.0000070 seconds, Stopping threads took: 0.0000020 seconds
14.847: Application time: 0.0000090 seconds
14.847: Total time for which application threads were stopped: 0.0000190 seconds, Stopping threads took: 0.0000140 seconds
14.847: Application time: 0.0000110 seconds
14.847: Total time for which application threads were stopped: 0.0000270 seconds, Stopping threads took: 0.0000170 seconds
14.847: Application time: 0.0000140 seconds
14.847: Total time for which application threads were stopped: 0.0000250 seconds, Stopping threads took: 0.0000190 seconds
14.847: Application time: 0.0000200 seconds
14.847: Total time for which application threads were stopped: 0.0000310 seconds, Stopping threads took: 0.0000240 seconds
14.847: Application time: 0.0000140 seconds
14.847: Total time for which application threads were stopped: 0.0000320 seconds, Stopping threads took: 0.0000240 seconds
14.847: Application time: 0.0000150 seconds
14.847: Total time for which application threads were stopped: 0.0000320 seconds, Stopping threads took: 0.0000250 seconds
14.847: Application time: 0.0000150 seconds
14.848: Total time for which application threads were stopped: 0.0000270 seconds, Stopping threads took: 0.0000210 seconds
14.848: Application time: 0.0000120 seconds
14.848: Total time for which application threads were stopped: 0.0000250 seconds, Stopping threads took: 0.0000190 seconds
14.921: Application time: 0.0729450 seconds
14.921: [GC [PSYoungGen: 36640K->5008K(68608K)] 40810K->12249K(151552K), 0.0019080 secs] [Times: user=0.01 sys=0.00, real=0.00 secs] 
14.923: Total time for which application threads were stopped: 0.0025180 seconds, Stopping threads took: 0.0005200 seconds
15.074: Application time: 0.1512790 seconds
15.074: [GC [PSYoungGen: 68097K->5024K(68608K)] 75338K->13801K(151552K), 0.0014990 secs] [Times: user=0.00 sys=0.01, real=0.01 secs] 
15.076: Total time for which application threads were stopped: 0.0017140 seconds, Stopping threads took: 0.0001360 seconds
15.230: Application time: 0.1535570 seconds
15.230: [GC [PSYoungGen: 68235K->5056K(132096K)] 77013K->14345K(215040K), 0.0012750 secs] [Times: user=0.00 sys=0.00, real=0.00 secs] 
15.231: Total time for which application threads were stopped: 0.0014440 seconds, Stopping threads took: 0.0000790 seconds
15.530: Application time: 0.2994250 seconds
15.531: [GC [PSYoungGen: 131563K->5024K(132096K)] 140853K->15337K(215040K), 0.0013980 secs] [Times: user=0.00 sys=0.00, real=0.00 secs] 
15.532: Total time for which application threads were stopped: 0.0015470 seconds, Stopping threads took: 0.0000690 seconds
15.847: Application time: 0.3148880 seconds
15.847: [GC [PSYoungGen: 131606K->7104K(129536K)] 141920K->17417K(212480K), 0.0017650 secs] [Times: user=0.00 sys=0.00, real=0.00 secs] 
15.849: Total time for which application threads were stopped: 0.0019120 seconds, Stopping threads took: 0.0000560 seconds
16.144: Application time: 0.2953220 seconds
16.144: [GC [PSYoungGen: 129014K->1408K(119296K)] 139328K->15361K(202240K), 0.0014880 secs] [Times: user=0.01 sys=0.00, real=0.00 secs] 
16.146: Total time for which application threads were stopped: 0.0016420 seconds, Stopping threads took: 0.0000820 seconds
16.447: Application time: 0.3016900 seconds
16.448: [GC [PSYoungGen: 118952K->1408K(114688K)] 132906K->15361K(197632K), 0.0006400 secs] [Times: user=0.00 sys=0.00, real=0.00 secs] 
16.448: Total time for which application threads were stopped: 0.0007760 seconds, Stopping threads took: 0.0000630 seconds
16.731: Application time: 0.2824710 seconds
16.731: [GC [PSYoungGen: 114231K->3536K(112640K)] 128184K->17505K(195584K), 0.0012160 secs] [Times: user=0.01 sys=0.00, real=0.00 secs] 
16.732: Total time for which application threads were stopped: 0.0013850 seconds, Stopping threads took: 0.0000920 seconds
17.011: Application time: 0.2787500 seconds
17.011: [GC [PSYoungGen: 112315K->368K(105472K)] 126285K->14345K(188416K), 0.0004940 secs] [Times: user=0.01 sys=0.00, real=0.00 secs] 
17.011: Total time for which application threads were stopped: 0.0006360 seconds, Stopping threads took: 0.0000640 seconds
17.283: Application time: 0.2715580 seconds
17.283: [GC [PSYoungGen: 104891K->736K(110080K)] 118869K->14982K(193024K), 0.0005270 secs] [Times: user=0.00 sys=0.00, real=0.00 secs] 
17.284: Total time for which application threads were stopped: 0.0006470 seconds, Stopping threads took: 0.0000530 seconds
17.534: Application time: 0.2506640 seconds
17.534: [GC [PSYoungGen: 101743K->2496K(100352K)] 115989K->16742K(183296K), 0.0010620 secs] [Times: user=0.00 sys=0.00, real=0.01 secs] 
17.536: Total time for which application threads were stopped: 0.0012200 seconds, Stopping threads took: 0.0000770 seconds
17.781: Application time: 0.2455330 seconds
17.781: [GC [PSYoungGen: 99800K->1760K(96256K)] 114046K->16278K(179200K), 0.0008440 secs] [Times: user=0.00 sys=0.00, real=0.00 secs] 
17.782: Total time for which application threads were stopped: 0.0009730 seconds, Stopping threads took: 0.0000600 seconds
18.018: Application time: 0.2360990 seconds
18.018: [GC [PSYoungGen: 95955K->2272K(93696K)] 110473K->16790K(176640K), 0.0008440 secs] [Times: user=0.00 sys=0.00, real=0.00 secs] 
18.019: Total time for which application threads were stopped: 0.0009830 seconds, Stopping threads took: 0.0000700 seconds
18.249: Application time: 0.2294480 seconds
18.249: [GC [PSYoungGen: 92985K->1952K(90112K)] 107503K->16470K(173056K), 0.0008330 secs] [Times: user=0.01 sys=0.00, real=0.00 secs] 
18.250: Total time for which application threads were stopped: 0.0009820 seconds, Stopping threads took: 0.0000680 seconds
18.470: Application time: 0.2205890 seconds
18.470: [GC [PSYoungGen: 89970K->2272K(87552K)] 104488K->17066K(170496K), 0.0010260 secs] [Times: user=0.01 sys=0.00, real=0.00 secs] 
18.471: Total time for which application threads were stopped: 0.0011890 seconds, Stopping threads took: 0.0000690 seconds
18.685: Application time: 0.2139630 seconds
18.685: [GC [PSYoungGen: 87210K->1760K(83968K)] 102004K->16554K(166912K), 0.0007420 secs] [Times: user=0.01 sys=0.00, real=0.00 secs] 
18.686: Total time for which application threads were stopped: 0.0008820 seconds, Stopping threads took: 0.0000770 seconds
18.891: Application time: 0.2047810 seconds
18.891: [GC [PSYoungGen: 83209K->1424K(80896K)] 98004K->16218K(163840K), 0.0007190 secs] [Times: user=0.00 sys=0.00, real=0.00 secs] 
18.892: Total time for which application threads were stopped: 0.0008540 seconds, Stopping threads took: 0.0000630 seconds
19.091: Application time: 0.1987760 seconds
19.091: [GC [PSYoungGen: 80689K->1792K(78848K)] 95483K->16858K(161792K), 0.0007890 secs] [Times: user=0.00 sys=0.00, real=0.00 secs] 
19.092: Total time for which application threads were stopped: 0.0009350 seconds, Stopping threads took: 0.0000740 seconds
19.283: Application time: 0.1916970 seconds
19.283: [GC [PSYoungGen: 78484K->1792K(76288K)] 93551K->16858K(159232K), 0.0008040 secs] [Times: user=0.00 sys=0.00, real=0.00 secs] 
19.284: Total time for which application threads were stopped: 0.0009700 seconds, Stopping threads took: 0.0001010 seconds
19.470: Application time: 0.1859870 seconds
19.470: [GC [PSYoungGen: 75952K->1904K(73728K)] 91019K->16987K(156672K), 0.0008090 secs] [Times: user=0.00 sys=0.00, real=0.00 secs] 
19.471: Total time for which application threads were stopped: 0.0009710 seconds, Stopping threads took: 0.0000810 seconds
19.651: Application time: 0.1797880 seconds
19.655: [GC [PSYoungGen: 73534K->2304K(72192K)] 88617K->17627K(155136K), 0.0009770 secs] [Times: user=0.01 sys=0.00, real=0.00 secs] 
19.656: Total time for which application threads were stopped: 0.0047640 seconds, Stopping threads took: 0.0037110 seconds
19.831: Application time: 0.1749580 seconds
19.831: [GC [PSYoungGen: 71803K->1792K(69632K)] 87127K->17171K(152576K), 0.0007380 secs] [Times: user=0.00 sys=0.00, real=0.00 secs] 
19.832: Total time for which application threads were stopped: 0.0008720 seconds, Stopping threads took: 0.0000670 seconds
19.999: Application time: 0.1678110 seconds
20.000: [GC [PSYoungGen: 69215K->2816K(68608K)] 84594K->18195K(151552K), 0.0010860 secs] [Times: user=0.00 sys=0.00, real=0.00 secs] 
20.001: Total time for which application threads were stopped: 0.0012370 seconds, Stopping threads took: 0.0000700 seconds
20.168: Application time: 0.1675270 seconds
20.168: [GC [PSYoungGen: 68313K->1408K(65024K)] 83692K->16787K(147968K), 0.0007160 secs] [Times: user=0.01 sys=0.00, real=0.00 secs] 
20.169: Total time for which application threads were stopped: 0.0008430 seconds, Stopping threads took: 0.0000550 seconds
20.326: Application time: 0.1569940 seconds
20.326: [GC [PSYoungGen: 64714K->2816K(64512K)] 80093K->18475K(147456K), 0.0011700 secs] [Times: user=0.00 sys=0.01, real=0.01 secs] 
20.327: Total time for which application threads were stopped: 0.0013240 seconds, Stopping threads took: 0.0000750 seconds
20.483: Application time: 0.1561050 seconds
20.484: [GC [PSYoungGen: 64076K->1792K(61952K)] 79736K->17451K(144896K), 0.0007530 secs] [Times: user=0.00 sys=0.00, real=0.00 secs] 
20.484: Total time for which application threads were stopped: 0.0008790 seconds, Stopping threads took: 0.0000610 seconds
20.634: Application time: 0.1493440 seconds
20.634: [GC [PSYoungGen: 61500K->3328K(61952K)] 77159K->18995K(144896K), 0.0011950 secs] [Times: user=0.00 sys=0.01, real=0.01 secs] 
20.635: Total time for which application threads were stopped: 0.0013550 seconds, Stopping threads took: 0.0000760 seconds
20.782: Application time: 0.1465200 seconds
20.782: [GC [PSYoungGen: 61305K->1792K(58880K)] 76972K->17459K(141824K), 0.0008890 secs] [Times: user=0.00 sys=0.00, real=0.00 secs] 
20.783: Total time for which application threads were stopped: 0.0012430 seconds, Stopping threads took: 0.0002860 seconds
20.924: Application time: 0.1410240 seconds
20.924: [GC [PSYoungGen: 58216K->2816K(58368K)] 73884K->18631K(141312K), 0.0011830 secs] [Times: user=0.01 sys=0.00, real=0.00 secs] 
20.925: Total time for which application threads were stopped: 0.0013410 seconds, Stopping threads took: 0.0000830 seconds
21.067: Application time: 0.1414570 seconds
21.067: [GC [PSYoungGen: 57910K->768K(54784K)] 73725K->16731K(137728K), 0.0006220 secs] [Times: user=0.00 sys=0.00, real=0.00 secs] 
21.067: Total time for which application threads were stopped: 0.0007560 seconds, Stopping threads took: 0.0000700 seconds
21.202: Application time: 0.1344010 seconds
21.202: [GC [PSYoungGen: 54302K->1760K(54272K)] 70266K->17723K(137216K), 0.0008160 secs] [Times: user=0.01 sys=0.00, real=0.00 secs] 
21.203: Total time for which application threads were stopped: 0.0010810 seconds, Stopping threads took: 0.0001930 seconds
21.333: Application time: 0.1299990 seconds
21.333: [GC [PSYoungGen: 53744K->2272K(53248K)] 69708K->18235K(136192K), 0.0008670 secs] [Times: user=0.00 sys=0.00, real=0.00 secs] 
21.334: Total time for which application threads were stopped: 0.0010100 seconds, Stopping threads took: 0.0000720 seconds
21.461: Application time: 0.1271550 seconds
21.461: [GC [PSYoungGen: 52513K->2912K(52224K)] 68477K->18875K(135168K), 0.0010200 secs] [Times: user=0.00 sys=0.00, real=0.00 secs] 
21.462: Total time for which application threads were stopped: 0.0011540 seconds, Stopping threads took: 0.0000620 seconds
21.584: Application time: 0.1219670 seconds
21.584: [GC [PSYoungGen: 51614K->2304K(50688K)] 67578K->18396K(133632K), 0.0009890 secs] [Times: user=0.00 sys=0.00, real=0.00 secs] 
21.585: Total time for which application threads were stopped: 0.0012410 seconds, Stopping threads took: 0.0001800 seconds
21.708: Application time: 0.1226720 seconds
21.708: [GC [PSYoungGen: 50180K->1248K(48640K)] 66272K->17496K(131584K), 0.0006930 secs] [Times: user=0.00 sys=0.00, real=0.00 secs] 
21.709: Total time for which application threads were stopped: 0.0008490 seconds, Stopping threads took: 0.0000800 seconds
21.826: Application time: 0.1165610 seconds
21.826: [GC [PSYoungGen: 48089K->2816K(49152K)] 64338K->19064K(132096K), 0.0010370 secs] [Times: user=0.01 sys=0.00, real=0.00 secs] 
21.827: Total time for which application threads were stopped: 0.0011860 seconds, Stopping threads took: 0.0000710 seconds
21.944: Application time: 0.1175670 seconds
21.944: [GC [PSYoungGen: 48638K->1760K(47104K)] 64886K->18008K(130048K), 0.0007940 secs] [Times: user=0.00 sys=0.00, real=0.00 secs] 
21.945: Total time for which application threads were stopped: 0.0009270 seconds, Stopping threads took: 0.0000660 seconds
22.059: Application time: 0.1137900 seconds
22.059: [GC [PSYoungGen: 46629K->1280K(45568K)] 62878K->17528K(128512K), 0.0006240 secs] [Times: user=0.00 sys=0.00, real=0.00 secs] 
22.060: Total time for which application threads were stopped: 0.0007450 seconds, Stopping threads took: 0.0000590 seconds
22.167: Application time: 0.1071650 seconds
22.167: [GC [PSYoungGen: 44991K->2944K(46080K)] 61239K->19232K(129024K), 0.0012130 secs] [Times: user=0.00 sys=0.00, real=0.00 secs] 
22.168: Total time for which application threads were stopped: 0.0013570 seconds, Stopping threads took: 0.0000730 seconds
22.280: Application time: 0.1118880 seconds
22.280: [GC [PSYoungGen: 45764K->736K(43008K)] 62052K->17236K(125952K), 0.0006190 secs] [Times: user=0.00 sys=0.00, real=0.00 secs] 
22.281: Total time for which application threads were stopped: 0.0007410 seconds, Stopping threads took: 0.0000550 seconds
22.385: Application time: 0.1040130 seconds
22.385: [GC [PSYoungGen: 42441K->768K(41984K)] 58941K->17316K(124928K), 0.0005950 secs] [Times: user=0.01 sys=0.00, real=0.00 secs] 
22.386: Total time for which application threads were stopped: 0.0008920 seconds, Stopping threads took: 0.0002350 seconds
22.489: Application time: 0.1031920 seconds
22.489: [GC [PSYoungGen: 41442K->768K(40960K)] 57991K->17316K(123904K), 0.0005110 secs] [Times: user=0.00 sys=0.00, real=0.00 secs] 
22.490: Total time for which application threads were stopped: 0.0008200 seconds, Stopping threads took: 0.0002450 seconds
22.589: Application time: 0.0993540 seconds
22.589: [GC [PSYoungGen: 40402K->1792K(40960K)] 56950K->18340K(123904K), 0.0007290 secs] [Times: user=0.00 sys=0.00, real=0.00 secs] 
22.590: Total time for which application threads were stopped: 0.0008600 seconds, Stopping threads took: 0.0000610 seconds
22.689: Application time: 0.0987580 seconds
22.689: [GC [PSYoungGen: 40406K->1248K(39424K)] 56955K->17796K(122368K), 0.0005820 secs] [Times: user=0.00 sys=0.00, real=0.00 secs] 
22.690: Total time for which application threads were stopped: 0.0007090 seconds, Stopping threads took: 0.0000650 seconds
22.783: Application time: 0.0934380 seconds
22.783: [GC [PSYoungGen: 39056K->1792K(38912K)] 55605K->18340K(121856K), 0.0006890 secs] [Times: user=0.01 sys=0.00, real=0.00 secs] 
22.784: Total time for which application threads were stopped: 0.0008230 seconds, Stopping threads took: 0.0000600 seconds
22.876: Application time: 0.0919850 seconds
22.876: [GC [PSYoungGen: 38219K->1344K(37888K)] 54767K->18004K(120832K), 0.0006790 secs] [Times: user=0.01 sys=0.00, real=0.00 secs] 
22.877: Total time for which application threads were stopped: 0.0009630 seconds, Stopping threads took: 0.0002210 seconds
22.965: Application time: 0.0887680 seconds
22.966: [GC [PSYoungGen: 37371K->2784K(38912K)] 54032K->19624K(121856K), 0.0010980 secs] [Times: user=0.00 sys=0.00, real=0.01 secs] 
22.967: Total time for which application threads were stopped: 0.0012400 seconds, Stopping threads took: 0.0000670 seconds
23.056: Application time: 0.0897350 seconds
23.057: [GC [PSYoungGen: 38307K->1760K(37376K)] 55148K->18600K(120320K), 0.0007850 secs] [Times: user=0.00 sys=0.00, real=0.00 secs] 
23.058: Total time for which application threads were stopped: 0.0011710 seconds, Stopping threads took: 0.0003190 seconds
23.147: Application time: 0.0892020 seconds
23.147: [GC [PSYoungGen: 36767K->1280K(36352K)] 53608K->18120K(119296K), 0.0006320 secs] [Times: user=0.00 sys=0.00, real=0.00 secs] 
23.148: Total time for which application threads were stopped: 0.0008660 seconds, Stopping threads took: 0.0001730 seconds
23.234: Application time: 0.0866010 seconds
23.234: [GC [PSYoungGen: 35769K->1792K(36352K)] 52610K->18632K(119296K), 0.0007120 secs] [Times: user=0.00 sys=0.00, real=0.01 secs] 
23.235: Total time for which application threads were stopped: 0.0008500 seconds, Stopping threads took: 0.0000700 seconds
23.319: Application time: 0.0841320 seconds
23.319: [GC [PSYoungGen: 35765K->2816K(36864K)] 52606K->19656K(119808K), 0.0010690 secs] [Times: user=0.01 sys=0.00, real=0.00 secs] 
23.321: Total time for which application threads were stopped: 0.0012300 seconds, Stopping threads took: 0.0000730 seconds
23.405: Application time: 0.0846340 seconds
23.405: [GC [PSYoungGen: 36356K->3328K(36864K)] 53196K->20168K(119808K), 0.0012790 secs] [Times: user=0.01 sys=0.00, real=0.00 secs] 
23.407: Total time for which application threads were stopped: 0.0014290 seconds, Stopping threads took: 0.0000740 seconds
23.490: Application time: 0.0833860 seconds
23.490: [GC [PSYoungGen: 36154K->896K(41472K)] 52995K->20336K(124416K), 0.0011890 secs] [Times: user=0.00 sys=0.01, real=0.00 secs] 
23.491: Total time for which application threads were stopped: 0.0013270 seconds, Stopping threads took: 0.0000620 seconds
23.594: Application time: 0.1031630 seconds
23.595: [GC [PSYoungGen: 41219K->2336K(41984K)] 60660K->21949K(124928K), 0.0009070 secs] [Times: user=0.00 sys=0.00, real=0.01 secs] 
23.596: Total time for which application threads were stopped: 0.0010500 seconds, Stopping threads took: 0.0000720 seconds
23.697: Application time: 0.1014510 seconds
23.697: [GC [PSYoungGen: 41466K->1792K(40448K)] 61080K->21497K(123392K), 0.0008530 secs] [Times: user=0.00 sys=0.00, real=0.00 secs] 
23.698: Total time for which application threads were stopped: 0.0009910 seconds, Stopping threads took: 0.0000700 seconds
23.796: Application time: 0.0983350 seconds
23.797: [GC [PSYoungGen: 39890K->1280K(38912K)] 59595K->20985K(121856K), 0.0006550 secs] [Times: user=0.00 sys=0.00, real=0.00 secs] 
23.797: Total time for which application threads were stopped: 0.0010070 seconds, Stopping threads took: 0.0002870 seconds
23.890: Application time: 0.0930850 seconds
23.891: [GC [PSYoungGen: 38341K->1280K(38400K)] 58046K->20985K(121344K), 0.0006730 secs] [Times: user=0.00 sys=0.00, real=0.00 secs] 
23.891: Total time for which application threads were stopped: 0.0008210 seconds, Stopping threads took: 0.0000770 seconds
23.983: Application time: 0.0921470 seconds
23.983: [GC [PSYoungGen: 37827K->1280K(37888K)] 57532K->20985K(120832K), 0.0006270 secs] [Times: user=0.00 sys=0.00, real=0.00 secs] 
23.984: Total time for which application threads were stopped: 0.0007450 seconds, Stopping threads took: 0.0000540 seconds
24.074: Application time: 0.0902260 seconds
24.074: [GC [PSYoungGen: 37388K->2304K(38400K)] 57093K->22009K(121344K), 0.0009440 secs] [Times: user=0.00 sys=0.00, real=0.01 secs] 
24.075: Total time for which application threads were stopped: 0.0010780 seconds, Stopping threads took: 0.0000620 seconds
24.166: Application time: 0.0903340 seconds
24.166: [GC [PSYoungGen: 37700K->1888K(37376K)] 57405K->21633K(120320K), 0.0009070 secs] [Times: user=0.00 sys=0.00, real=0.01 secs] 
24.167: Total time for which application threads were stopped: 0.0011200 seconds, Stopping threads took: 0.0001480 seconds
24.258: Application time: 0.0909820 seconds
24.258: [GC [PSYoungGen: 37058K->800K(35840K)] 56803K->20729K(118784K), 0.0006260 secs] [Times: user=0.00 sys=0.00, real=0.00 secs] 
24.259: Total time for which application threads were stopped: 0.0008290 seconds, Stopping threads took: 0.0001300 seconds
24.345: Application time: 0.0859360 seconds
24.345: [GC [PSYoungGen: 35287K->1760K(36352K)] 55216K->21769K(119296K), 0.0008010 secs] [Times: user=0.01 sys=0.00, real=0.00 secs] 
24.346: Total time for which application threads were stopped: 0.0009430 seconds, Stopping threads took: 0.0000760 seconds
24.430: Application time: 0.0846490 seconds
24.430: [GC [PSYoungGen: 35733K->2784K(36864K)] 55742K->22793K(119808K), 0.0011380 secs] [Times: user=0.01 sys=0.00, real=0.00 secs] 
24.432: Total time for which application threads were stopped: 0.0012880 seconds, Stopping threads took: 0.0000660 seconds
24.516: Application time: 0.0843330 seconds
24.516: [GC [PSYoungGen: 36245K->3328K(44544K)] 56254K->23337K(127488K), 0.0013410 secs] [Times: user=0.01 sys=0.00, real=0.00 secs] 
24.517: Total time for which application threads were stopped: 0.0015050 seconds, Stopping threads took: 0.0000890 seconds
24.623: Application time: 0.1054420 seconds
24.623: [GC [PSYoungGen: 44003K->768K(50176K)] 64012K->23337K(133120K), 0.0011200 secs] [Times: user=0.01 sys=0.00, real=0.00 secs] 
24.624: Total time for which application threads were stopped: 0.0013020 seconds, Stopping threads took: 0.0001000 seconds
24.751: Application time: 0.1267750 seconds
24.751: [GC [PSYoungGen: 49756K->1280K(49664K)] 72326K->23849K(132608K), 0.0006520 secs] [Times: user=0.00 sys=0.00, real=0.00 secs] 
24.752: Total time for which application threads were stopped: 0.0008310 seconds, Stopping threads took: 0.0001120 seconds
24.871: Application time: 0.1196120 seconds
24.871: [GC [PSYoungGen: 49109K->1904K(49152K)] 71679K->24529K(132096K), 0.0008960 secs] [Times: user=0.01 sys=0.00, real=0.00 secs] 
24.872: Total time for which application threads were stopped: 0.0010230 seconds, Stopping threads took: 0.0000580 seconds
24.991: Application time: 0.1184830 seconds
24.991: [GC [PSYoungGen: 48826K->2304K(48640K)] 71451K->25141K(131584K), 0.0010680 secs] [Times: user=0.01 sys=0.00, real=0.00 secs] 
24.992: Total time for which application threads were stopped: 0.0012070 seconds, Stopping threads took: 0.0000550 seconds
25.109: Application time: 0.1172840 seconds
25.109: [GC [PSYoungGen: 48121K->1792K(47104K)] 70959K->24685K(130048K), 0.0008430 secs] [Times: user=0.01 sys=0.00, real=0.00 secs] 
25.110: Total time for which application threads were stopped: 0.0010070 seconds, Stopping threads took: 0.0000980 seconds
25.223: Application time: 0.1129640 seconds
25.223: [GC [PSYoungGen: 46583K->1792K(46080K)] 69477K->24685K(129024K), 0.0007900 secs] [Times: user=0.00 sys=0.00, real=0.00 secs] 
25.224: Total time for which application threads were stopped: 0.0009240 seconds, Stopping threads took: 0.0000630 seconds
25.335: Application time: 0.1106290 seconds
25.335: [GC [PSYoungGen: 45555K->1248K(44544K)] 68449K->24141K(127488K), 0.0007130 secs] [Times: user=0.00 sys=0.00, real=0.00 secs] 
25.336: Total time for which application threads were stopped: 0.0008510 seconds, Stopping threads took: 0.0000740 seconds
25.444: Application time: 0.1080560 seconds
25.444: [GC [PSYoungGen: 44055K->2272K(44544K)] 66949K->25165K(127488K), 0.0009960 secs] [Times: user=0.00 sys=0.00, real=0.00 secs] 
25.445: Total time for which application threads were stopped: 0.0011250 seconds, Stopping threads took: 0.0000590 seconds
25.548: Application time: 0.1029580 seconds
25.548: [GC [PSYoungGen: 43928K->2928K(44032K)] 66822K->25861K(126976K), 0.0011870 secs] [Times: user=0.00 sys=0.00, real=0.00 secs] 
25.549: Total time for which application threads were stopped: 0.0013310 seconds, Stopping threads took: 0.0000600 seconds
25.652: Application time: 0.1031280 seconds
25.652: [GC [PSYoungGen: 43681K->2816K(43008K)] 66615K->25958K(125952K), 0.0012760 secs] [Times: user=0.01 sys=0.00, real=0.00 secs] 
25.654: Total time for which application threads were stopped: 0.0014510 seconds, Stopping threads took: 0.0001010 seconds
25.756: Application time: 0.1024840 seconds
25.756: [GC [PSYoungGen: 42467K->1280K(40448K)] 65609K->24998K(123392K), 0.0007480 secs] [Times: user=0.00 sys=0.00, real=0.00 secs] 
25.757: Total time for which application threads were stopped: 0.0008770 seconds, Stopping threads took: 0.0000670 seconds
25.853: Application time: 0.0958150 seconds
25.853: [GC [PSYoungGen: 39882K->2784K(40960K)] 63600K->26502K(123904K), 0.0012080 secs] [Times: user=0.00 sys=0.00, real=0.00 secs] 
25.854: Total time for which application threads were stopped: 0.0013520 seconds, Stopping threads took: 0.0000720 seconds
25.949: Application time: 0.0946800 seconds
25.949: [GC [PSYoungGen: 40357K->3328K(49152K)] 64076K->27046K(132096K), 0.0013230 secs] [Times: user=0.01 sys=0.00, real=0.00 secs] 
25.950: Total time for which application threads were stopped: 0.0014560 seconds, Stopping threads took: 0.0000580 seconds
26.064: Application time: 0.1140030 seconds
26.065: [GC [PSYoungGen: 48710K->3296K(58368K)] 72428K->27014K(141312K), 0.0014400 secs] [Times: user=0.01 sys=0.00, real=0.00 secs] 
26.066: Total time for which application threads were stopped: 0.0015820 seconds, Stopping threads took: 0.0000570 seconds
26.205: Application time: 0.1388900 seconds
26.205: [GC [PSYoungGen: 57828K->1872K(55296K)] 81547K->25638K(138240K), 0.0008770 secs] [Times: user=0.00 sys=0.00, real=0.00 secs] 
26.206: Total time for which application threads were stopped: 0.0010800 seconds, Stopping threads took: 0.0001370 seconds
26.340: Application time: 0.1340770 seconds
26.340: [GC [PSYoungGen: 54977K->1280K(53248K)] 78743K->25246K(136192K), 0.0007320 secs] [Times: user=0.01 sys=0.00, real=0.00 secs] 
26.341: Total time for which application threads were stopped: 0.0008690 seconds, Stopping threads took: 0.0000710 seconds
26.469: Application time: 0.1285090 seconds
26.470: [GC [PSYoungGen: 52747K->2272K(52736K)] 76714K->26294K(135680K), 0.0010600 secs] [Times: user=0.01 sys=0.00, real=0.00 secs] 
26.471: Total time for which application threads were stopped: 0.0011920 seconds, Stopping threads took: 0.0000600 seconds
26.599: Application time: 0.1283610 seconds
26.599: [GC [PSYoungGen: 52204K->1792K(50688K)] 76226K->25814K(133632K), 0.0008290 secs] [Times: user=0.00 sys=0.00, real=0.00 secs] 
26.600: Total time for which application threads were stopped: 0.0009710 seconds, Stopping threads took: 0.0000700 seconds
26.721: Application time: 0.1212020 seconds
26.721: [GC [PSYoungGen: 50253K->2816K(50688K)] 74276K->26838K(133632K), 0.0011390 secs] [Times: user=0.01 sys=0.00, real=0.00 secs] 
26.723: Total time for which application threads were stopped: 0.0012940 seconds, Stopping threads took: 0.0000830 seconds
26.843: Application time: 0.1202230 seconds
26.843: [GC [PSYoungGen: 50414K->1840K(48640K)] 74437K->25918K(131584K), 0.0009060 secs] [Times: user=0.00 sys=0.00, real=0.00 secs] 
26.844: Total time for which application threads were stopped: 0.0010330 seconds, Stopping threads took: 0.0000610 seconds
26.961: Application time: 0.1167620 seconds
26.961: [GC [PSYoungGen: 48404K->2288K(48128K)] 72482K->26482K(131072K), 0.0010300 secs] [Times: user=0.00 sys=0.00, real=0.00 secs] 
26.962: Total time for which application threads were stopped: 0.0011840 seconds, Stopping threads took: 0.0000850 seconds
27.077: Application time: 0.1149050 seconds
27.077: [GC [PSYoungGen: 47671K->1792K(46592K)] 71866K->26102K(129536K), 0.0009350 secs] [Times: user=0.01 sys=0.00, real=0.00 secs] 
27.078: Total time for which application threads were stopped: 0.0017310 seconds, Stopping threads took: 0.0000800 seconds
27.191: Application time: 0.1129000 seconds
27.191: [GC [PSYoungGen: 46069K->1280K(45056K)] 70380K->25638K(128000K), 0.0007290 secs] [Times: user=0.00 sys=0.00, real=0.00 secs] 
27.192: Total time for which application threads were stopped: 0.0008760 seconds, Stopping threads took: 0.0000730 seconds
27.300: Application time: 0.1081610 seconds
27.300: [GC [PSYoungGen: 44518K->2816K(45568K)] 68877K->27174K(128512K), 0.0011540 secs] [Times: user=0.01 sys=0.00, real=0.00 secs] 
27.302: Total time for which application threads were stopped: 0.0013040 seconds, Stopping threads took: 0.0000770 seconds
27.412: Application time: 0.1105410 seconds
27.412: [GC [PSYoungGen: 45121K->736K(42496K)] 69480K->25094K(125440K), 0.0006670 secs] [Times: user=0.00 sys=0.00, real=0.00 secs] 
27.413: Total time for which application threads were stopped: 0.0007840 seconds, Stopping threads took: 0.0000560 seconds
27.517: Application time: 0.1045510 seconds
27.518: [GC [PSYoungGen: 42157K->1312K(41984K)] 66515K->25718K(124928K), 0.0006650 secs] [Times: user=0.00 sys=0.00, real=0.00 secs] 
27.518: Total time for which application threads were stopped: 0.0007970 seconds, Stopping threads took: 0.0000710 seconds
27.618: Application time: 0.1000030 seconds
27.618: [GC [PSYoungGen: 41705K->1328K(40960K)] 66112K->25862K(123904K), 0.0007850 secs] [Times: user=0.01 sys=0.00, real=0.00 secs] 
27.619: Total time for which application threads were stopped: 0.0009260 seconds, Stopping threads took: 0.0000760 seconds
27.717: Application time: 0.0979310 seconds
27.717: [GC [PSYoungGen: 40524K->2272K(40960K)] 65059K->26915K(123904K), 0.0010180 secs] [Times: user=0.01 sys=0.00, real=0.00 secs] 
27.718: Total time for which application threads were stopped: 0.0011750 seconds, Stopping threads took: 0.0000700 seconds
27.815: Application time: 0.0969410 seconds
27.815: [GC [PSYoungGen: 40366K->2304K(39936K)] 65009K->26987K(122880K), 0.0010520 secs] [Times: user=0.00 sys=0.00, real=0.00 secs] 
27.816: Total time for which application threads were stopped: 0.0011860 seconds, Stopping threads took: 0.0000660 seconds
27.914: Application time: 0.0972690 seconds
27.914: [GC [PSYoungGen: 39380K->1248K(38400K)] 64063K->25931K(121344K), 0.0006460 secs] [Times: user=0.00 sys=0.00, real=0.00 secs] 
27.915: Total time for which application threads were stopped: 0.0007810 seconds, Stopping threads took: 0.0000500 seconds
28.008: Application time: 0.0934670 seconds
28.008: [GC [PSYoungGen: 37795K->768K(37376K)] 62478K->25451K(120320K), 0.0005630 secs] [Times: user=0.00 sys=0.00, real=0.00 secs] 
28.009: Total time for which application threads were stopped: 0.0007460 seconds, Stopping threads took: 0.0001230 seconds
28.103: Application time: 0.0937840 seconds
28.103: [GC [PSYoungGen: 36879K->1216K(39936K)] 61562K->25899K(122880K), 0.0008730 secs] [Times: user=0.00 sys=0.00, real=0.00 secs] 
28.104: Total time for which application threads were stopped: 0.0011040 seconds, Stopping threads took: 0.0001390 seconds
28.202: Application time: 0.0983480 seconds
28.203: [GC [PSYoungGen: 37044K->1792K(37376K)] 61727K->26515K(120320K), 0.0010330 secs] [Times: user=0.01 sys=0.00, real=0.00 secs] 
28.204: Total time for which application threads were stopped: 0.0019200 seconds, Stopping threads took: 0.0008070 seconds
28.295: Application time: 0.0906290 seconds
28.295: [GC [PSYoungGen: 36874K->1792K(36864K)] 61597K->26671K(119808K), 0.0008710 secs] [Times: user=0.01 sys=0.00, real=0.00 secs] 
28.296: Total time for which application threads were stopped: 0.0011090 seconds, Stopping threads took: 0.0001630 seconds
28.380: Application time: 0.0846760 seconds
28.380: [GC [PSYoungGen: 36436K->2800K(37376K)] 61315K->27727K(120320K), 0.0011160 secs] [Times: user=0.01 sys=0.00, real=0.00 secs] 
28.382: Total time for which application threads were stopped: 0.0012770 seconds, Stopping threads took: 0.0000890 seconds
28.467: Application time: 0.0852680 seconds
28.467: [GC [PSYoungGen: 36781K->1760K(35840K)] 61709K->26775K(118784K), 0.0008380 secs] [Times: user=0.00 sys=0.00, real=0.00 secs] 
28.468: Total time for which application threads were stopped: 0.0009770 seconds, Stopping threads took: 0.0000710 seconds
28.550: Application time: 0.0821670 seconds
28.550: [GC [PSYoungGen: 35221K->2272K(35840K)] 60236K->27287K(118784K), 0.0008820 secs] [Times: user=0.00 sys=0.00, real=0.00 secs] 
28.551: Total time for which application threads were stopped: 0.0010230 seconds, Stopping threads took: 0.0000740 seconds
28.633: Application time: 0.0820240 seconds
28.633: [GC [PSYoungGen: 35221K->2272K(35328K)] 60236K->27287K(118272K), 0.0009610 secs] [Times: user=0.00 sys=0.00, real=0.00 secs] 
28.634: Total time for which application threads were stopped: 0.0011030 seconds, Stopping threads took: 0.0000740 seconds
28.715: Application time: 0.0804400 seconds
28.715: [GC [PSYoungGen: 34705K->2240K(34816K)] 59720K->27255K(117760K), 0.0009010 secs] [Times: user=0.01 sys=0.00, real=0.00 secs] 
28.716: Total time for which application threads were stopped: 0.0010470 seconds, Stopping threads took: 0.0000800 seconds
28.797: Application time: 0.0813990 seconds
28.797: [GC [PSYoungGen: 34235K->2272K(34304K)] 59250K->27287K(117248K), 0.0009940 secs] [Times: user=0.00 sys=0.00, real=0.00 secs] 
28.798: Total time for which application threads were stopped: 0.0011430 seconds, Stopping threads took: 0.0000740 seconds
28.879: Application time: 0.0809260 seconds
28.879: [GC [PSYoungGen: 33998K->768K(32256K)] 59014K->25847K(115200K), 0.0005520 secs] [Times: user=0.00 sys=0.00, real=0.00 secs] 
28.880: Total time for which application threads were stopped: 0.0006810 seconds, Stopping threads took: 0.0000690 seconds
28.954: Application time: 0.0740900 seconds
28.954: [GC [PSYoungGen: 31714K->2784K(40960K)] 56794K->28007K(123904K), 0.0011840 secs] [Times: user=0.00 sys=0.00, real=0.01 secs] 
28.955: Total time for which application threads were stopped: 0.0013340 seconds, Stopping threads took: 0.0000740 seconds
29.049: Application time: 0.0937210 seconds
29.049: [GC [PSYoungGen: 40520K->1760K(38912K)] 65744K->27015K(121856K), 0.0008280 secs] [Times: user=0.00 sys=0.00, real=0.00 secs] 
29.050: Total time for which application threads were stopped: 0.0009580 seconds, Stopping threads took: 0.0000640 seconds
29.141: Application time: 0.0905890 seconds
29.141: [GC [PSYoungGen: 38305K->2272K(38912K)] 63561K->27615K(121856K), 0.0009920 secs] [Times: user=0.01 sys=0.00, real=0.00 secs] 
29.142: Total time for which application threads were stopped: 0.0011360 seconds, Stopping threads took: 0.0000730 seconds
29.233: Application time: 0.0917150 seconds
29.233: [GC [PSYoungGen: 38310K->1248K(37376K)] 63653K->26591K(120320K), 0.0006510 secs] [Times: user=0.01 sys=0.00, real=0.00 secs] 
29.234: Total time for which application threads were stopped: 0.0007900 seconds, Stopping threads took: 0.0000740 seconds
29.320: Application time: 0.0856730 seconds
29.320: [GC [PSYoungGen: 36761K->2784K(38400K)] 62105K->28127K(121344K), 0.0010980 secs] [Times: user=0.01 sys=0.00, real=0.00 secs] 
29.321: Total time for which application threads were stopped: 0.0012480 seconds, Stopping threads took: 0.0000690 seconds
29.410: Application time: 0.0885280 seconds
29.410: [GC [PSYoungGen: 37793K->1728K(36864K)] 63137K->27071K(119808K), 0.0007520 secs] [Times: user=0.01 sys=0.00, real=0.00 secs] 
29.411: Total time for which application threads were stopped: 0.0008870 seconds, Stopping threads took: 0.0000690 seconds
29.495: Application time: 0.0840710 seconds
29.495: [GC [PSYoungGen: 36369K->3312K(45568K)] 61713K->28655K(128512K), 0.0013150 secs] [Times: user=0.01 sys=0.00, real=0.00 secs] 
29.496: Total time for which application threads were stopped: 0.0014660 seconds, Stopping threads took: 0.0000680 seconds
29.599: Application time: 0.1028850 seconds
29.599: [GC [PSYoungGen: 44799K->1856K(52736K)] 70143K->28811K(135680K), 0.0012210 secs] [Times: user=0.01 sys=0.00, real=0.00 secs] 
29.600: Total time for which application threads were stopped: 0.0013610 seconds, Stopping threads took: 0.0000620 seconds
29.727: Application time: 0.1264630 seconds
29.727: [GC [PSYoungGen: 52460K->2336K(51712K)] 79416K->29439K(134656K), 0.0010500 secs] [Times: user=0.00 sys=0.00, real=0.00 secs] 
29.728: Total time for which application threads were stopped: 0.0011920 seconds, Stopping threads took: 0.0000690 seconds
29.849: Application time: 0.1212640 seconds
29.849: [GC [PSYoungGen: 51236K->2272K(50688K)] 78340K->29447K(133632K), 0.0010350 secs] [Times: user=0.01 sys=0.00, real=0.00 secs] 
29.850: Total time for which application threads were stopped: 0.0011890 seconds, Stopping threads took: 0.0000730 seconds
29.969: Application time: 0.1187800 seconds
29.969: [GC [PSYoungGen: 50143K->1728K(49152K)] 77319K->28903K(132096K), 0.0008160 secs] [Times: user=0.00 sys=0.00, real=0.00 secs] 
29.970: Total time for which application threads were stopped: 0.0009450 seconds, Stopping threads took: 0.0000630 seconds
30.085: Application time: 0.1151380 seconds
30.085: [GC [PSYoungGen: 48629K->2816K(49152K)] 75805K->30504K(132096K), 0.0012210 secs] [Times: user=0.01 sys=0.00, real=0.00 secs] 
30.087: Total time for which application threads were stopped: 0.0013670 seconds, Stopping threads took: 0.0000710 seconds
30.200: Application time: 0.1135260 seconds
30.200: [GC [PSYoungGen: 48854K->3328K(48640K)] 76542K->31072K(131584K), 0.0014600 secs] [Times: user=0.01 sys=0.00, real=0.00 secs] 
30.202: Total time for which application threads were stopped: 0.0016000 seconds, Stopping threads took: 0.0000620 seconds
30.314: Application time: 0.1124250 seconds
30.314: [GC [PSYoungGen: 48336K->1824K(46080K)] 76080K->31220K(129024K), 0.0012160 secs] [Times: user=0.00 sys=0.00, real=0.01 secs] 
30.316: Total time for which application threads were stopped: 0.0013620 seconds, Stopping threads took: 0.0000720 seconds
30.426: Application time: 0.1108370 seconds
30.427: [GC [PSYoungGen: 45655K->1792K(45056K)] 75051K->31292K(128000K), 0.0008760 secs] [Times: user=0.00 sys=0.00, real=0.01 secs] 
30.427: Total time for which application threads were stopped: 0.0010260 seconds, Stopping threads took: 0.0000720 seconds
30.533: Application time: 0.1056110 seconds
30.533: [GC [PSYoungGen: 44504K->2784K(45056K)] 74004K->32332K(128000K), 0.0011240 secs] [Times: user=0.00 sys=0.00, real=0.00 secs] 
30.534: Total time for which application threads were stopped: 0.0012700 seconds, Stopping threads took: 0.0000710 seconds
30.637: Application time: 0.1025900 seconds
30.637: [GC [PSYoungGen: 44470K->3296K(44544K)] 74018K->32844K(127488K), 0.0013330 secs] [Times: user=0.01 sys=0.00, real=0.00 secs] 
30.638: Total time for which application threads were stopped: 0.0014790 seconds, Stopping threads took: 0.0000690 seconds
30.740: Application time: 0.1016270 seconds
30.740: [GC [PSYoungGen: 43958K->2272K(42496K)] 73506K->32332K(125440K), 0.0010400 secs] [Times: user=0.01 sys=0.00, real=0.00 secs] 
30.741: Total time for which application threads were stopped: 0.0011740 seconds, Stopping threads took: 0.0000620 seconds
30.841: Application time: 0.0994570 seconds
30.841: [GC [PSYoungGen: 42143K->1808K(40960K)] 72203K->31868K(123904K), 0.0008420 secs] [Times: user=0.00 sys=0.00, real=0.00 secs] 
30.842: Total time for which application threads were stopped: 0.0009710 seconds, Stopping threads took: 0.0000630 seconds
30.936: Application time: 0.0948090 seconds
30.937: [GC [PSYoungGen: 40643K->2848K(40960K)] 70703K->33024K(123904K), 0.0012530 secs] [Times: user=0.01 sys=0.00, real=0.00 secs] 
30.938: Total time for which application threads were stopped: 0.0013960 seconds, Stopping threads took: 0.0000670 seconds
31.031: Application time: 0.0934810 seconds
31.031: [GC [PSYoungGen: 40586K->1248K(38400K)] 70763K->31552K(121344K), 0.0006580 secs] [Times: user=0.01 sys=0.00, real=0.00 secs] 
31.032: Total time for which application threads were stopped: 0.0008160 seconds, Stopping threads took: 0.0000950 seconds
31.124: Application time: 0.0913650 seconds
31.124: [GC [PSYoungGen: 37791K->2272K(39936K)] 68096K->32652K(122880K), 0.0009290 secs] [Times: user=0.01 sys=0.00, real=0.00 secs] 
31.125: Total time for which application threads were stopped: 0.0010600 seconds, Stopping threads took: 0.0000630 seconds
31.214: Application time: 0.0892070 seconds
31.214: [GC [PSYoungGen: 38303K->2784K(38912K)] 68684K->33164K(121856K), 0.0011100 secs] [Times: user=0.01 sys=0.00, real=0.01 secs] 
31.215: Total time for which application threads were stopped: 0.0012500 seconds, Stopping threads took: 0.0000660 seconds
31.312: Application time: 0.0968810 seconds
31.312: [GC [PSYoungGen: 38307K->1248K(38912K)] 68688K->31628K(121856K), 0.0005750 secs] [Times: user=0.00 sys=0.00, real=0.00 secs] 
31.313: Total time for which application threads were stopped: 0.0007040 seconds, Stopping threads took: 0.0000690 seconds
31.405: Application time: 0.0925180 seconds
31.405: [GC [PSYoungGen: 36325K->1728K(36864K)] 66706K->32108K(119808K), 0.0008350 secs] [Times: user=0.00 sys=0.00, real=0.00 secs] 
31.406: Total time for which application threads were stopped: 0.0009680 seconds, Stopping threads took: 0.0000660 seconds
31.493: Application time: 0.0864440 seconds
31.493: [GC [PSYoungGen: 36298K->1760K(37888K)] 66678K->32196K(120832K), 0.0007960 secs] [Times: user=0.01 sys=0.00, real=0.00 secs] 
31.494: Total time for which application threads were stopped: 0.0010340 seconds, Stopping threads took: 0.0001590 seconds
31.577: Application time: 0.0838270 seconds
31.578: [GC [PSYoungGen: 36048K->2336K(36352K)] 66484K->32812K(119296K), 0.0009940 secs] [Times: user=0.00 sys=0.00, real=0.00 secs] 
31.579: Total time for which application threads were stopped: 0.0011400 seconds, Stopping threads took: 0.0000750 seconds
31.663: Application time: 0.0844340 seconds
31.663: [GC [PSYoungGen: 35958K->1728K(36352K)] 66434K->32352K(119296K), 0.0008050 secs] [Times: user=0.00 sys=0.00, real=0.00 secs] 
31.664: Total time for which application threads were stopped: 0.0009570 seconds, Stopping threads took: 0.0000800 seconds
31.746: Application time: 0.0817700 seconds
31.746: [GC [PSYoungGen: 34677K->1760K(34816K)] 65302K->32480K(117760K), 0.0007740 secs] [Times: user=0.00 sys=0.00, real=0.00 secs] 
31.747: Total time for which application threads were stopped: 0.0009100 seconds, Stopping threads took: 0.0000710 seconds
31.828: Application time: 0.0814280 seconds
31.828: [GC [PSYoungGen: 34197K->1248K(35328K)] 64918K->31968K(118272K), 0.0006000 secs] [Times: user=0.01 sys=0.00, real=0.00 secs] 
31.829: Total time for which application threads were stopped: 0.0007300 seconds, Stopping threads took: 0.0000660 seconds
31.911: Application time: 0.0819510 seconds
31.911: [GC [PSYoungGen: 33169K->704K(32768K)] 63890K->31424K(115712K), 0.0005140 secs] [Times: user=0.00 sys=0.00, real=0.00 secs] 
31.911: Total time for which application threads were stopped: 0.0006350 seconds, Stopping threads took: 0.0000630 seconds
31.987: Application time: 0.0756570 seconds
31.987: [GC [PSYoungGen: 32088K->2784K(34816K)] 62809K->33504K(117760K), 0.0010580 secs] [Times: user=0.01 sys=0.00, real=0.00 secs] 
31.988: Total time for which application threads were stopped: 0.0012010 seconds, Stopping threads took: 0.0000710 seconds
32.066: Application time: 0.0777360 seconds
32.066: [GC [PSYoungGen: 33755K->1760K(32768K)] 64476K->32480K(115712K), 0.0007790 secs] [Times: user=0.00 sys=0.00, real=0.01 secs] 
32.067: Total time for which application threads were stopped: 0.0009780 seconds, Stopping threads took: 0.0001240 seconds
32.145: Application time: 0.0776960 seconds
32.145: [GC [PSYoungGen: 32215K->704K(33280K)] 62936K->31480K(116224K), 0.0005030 secs] [Times: user=0.00 sys=0.00, real=0.00 secs] 
32.145: Total time for which application threads were stopped: 0.0006270 seconds, Stopping threads took: 0.0000640 seconds
32.218: Application time: 0.0722290 seconds
32.218: [GC [PSYoungGen: 30704K->1792K(31744K)] 61481K->32624K(114688K), 0.0007770 secs] [Times: user=0.00 sys=0.00, real=0.00 secs] 
32.218: Total time for which application threads were stopped: 0.0009110 seconds, Stopping threads took: 0.0000680 seconds
32.292: Application time: 0.0738990 seconds
32.292: [GC [PSYoungGen: 31281K->2336K(32256K)] 62113K->33248K(115200K), 0.0009830 secs] [Times: user=0.01 sys=0.00, real=0.00 secs] 
32.293: Total time for which application threads were stopped: 0.0011170 seconds, Stopping threads took: 0.0000590 seconds
32.365: Application time: 0.0718200 seconds
32.365: [GC [PSYoungGen: 31312K->2304K(32768K)] 62225K->33297K(115712K), 0.0009470 secs] [Times: user=0.01 sys=0.00, real=0.00 secs] 
32.366: Total time for which application threads were stopped: 0.0010890 seconds, Stopping threads took: 0.0000700 seconds
32.438: Application time: 0.0719110 seconds
32.438: [GC [PSYoungGen: 31124K->2272K(38912K)] 62117K->33353K(121856K), 0.0007990 secs] [Times: user=0.00 sys=0.01, real=0.00 secs] 
32.439: Total time for which application threads were stopped: 0.0009400 seconds, Stopping threads took: 0.0000700 seconds
32.528: Application time: 0.0889560 seconds
32.528: [GC [PSYoungGen: 37286K->224K(35328K)] 68367K->31305K(118272K), 0.0003490 secs] [Times: user=0.00 sys=0.00, real=0.00 secs] 
32.529: Total time for which application threads were stopped: 0.0004700 seconds, Stopping threads took: 0.0000630 seconds
32.613: Application time: 0.0845710 seconds
32.613: [GC [PSYoungGen: 34709K->1664K(37376K)] 65790K->32745K(120320K), 0.0007380 secs] [Times: user=0.00 sys=0.00, real=0.00 secs] 
32.614: Total time for which application threads were stopped: 0.0008750 seconds, Stopping threads took: 0.0000650 seconds
32.696: Application time: 0.0822060 seconds
32.696: [GC [PSYoungGen: 35637K->2784K(37376K)] 66718K->33865K(120320K), 0.0010400 secs] [Times: user=0.00 sys=0.00, real=0.00 secs] 
32.697: Total time for which application threads were stopped: 0.0011840 seconds, Stopping threads took: 0.0000700 seconds
32.781: Application time: 0.0837390 seconds
32.781: [GC [PSYoungGen: 36326K->2816K(36864K)] 67407K->33897K(119808K), 0.0010750 secs] [Times: user=0.01 sys=0.00, real=0.00 secs] 
32.782: Total time for which application threads were stopped: 0.0012240 seconds, Stopping threads took: 0.0000770 seconds
32.865: Application time: 0.0824690 seconds
32.865: [GC [PSYoungGen: 35922K->2784K(37376K)] 67003K->33905K(120320K), 0.0011850 secs] [Times: user=0.01 sys=0.00, real=0.00 secs] 
32.866: Total time for which application threads were stopped: 0.0013220 seconds, Stopping threads took: 0.0000670 seconds
32.949: Application time: 0.0823220 seconds
32.949: [GC [PSYoungGen: 35967K->2880K(44032K)] 67088K->34081K(126976K), 0.0009820 secs] [Times: user=0.00 sys=0.00, real=0.00 secs] 
32.950: Total time for which application threads were stopped: 0.0011270 seconds, Stopping threads took: 0.0000700 seconds
33.049: Application time: 0.0990550 seconds
33.049: [GC [PSYoungGen: 42672K->1792K(44032K)] 73874K->33101K(126976K), 0.0008000 secs] [Times: user=0.01 sys=0.00, real=0.00 secs] 
33.050: Total time for which application threads were stopped: 0.0009910 seconds, Stopping threads took: 0.0001230 seconds
33.150: Application time: 0.1004340 seconds
33.150: [GC [PSYoungGen: 41422K->2272K(41472K)] 72731K->33669K(124416K), 0.0008080 secs] [Times: user=0.00 sys=0.00, real=0.00 secs] 
33.151: Total time for which application threads were stopped: 0.0009420 seconds, Stopping threads took: 0.0000590 seconds
33.245: Application time: 0.0943280 seconds
33.246: [GC [PSYoungGen: 40872K->3296K(41472K)] 72269K->34693K(124416K), 0.0011360 secs] [Times: user=0.00 sys=0.01, real=0.01 secs] 
33.247: Total time for which application threads were stopped: 0.0013470 seconds, Stopping threads took: 0.0001350 seconds
33.345: Application time: 0.0981780 seconds
33.345: [GC [PSYoungGen: 40884K->224K(37376K)] 72281K->31621K(120320K), 0.0003630 secs] [Times: user=0.00 sys=0.00, real=0.00 secs] 
33.345: Total time for which application threads were stopped: 0.0004820 seconds, Stopping threads took: 0.0000650 seconds
33.432: Application time: 0.0863980 seconds
33.432: [GC [PSYoungGen: 36835K->3840K(40448K)] 68233K->35237K(123392K), 0.0013460 secs] [Times: user=0.01 sys=0.00, real=0.00 secs] 
33.433: Total time for which application threads were stopped: 0.0014980 seconds, Stopping threads took: 0.0000720 seconds
33.525: Application time: 0.0915380 seconds
33.525: [GC [PSYoungGen: 40034K->2848K(45568K)] 71432K->34293K(128512K), 0.0011270 secs] [Times: user=0.00 sys=0.00, real=0.00 secs] 
33.526: Total time for which application threads were stopped: 0.0012810 seconds, Stopping threads took: 0.0000790 seconds
33.628: Application time: 0.1017590 seconds
33.628: [GC [PSYoungGen: 43231K->2320K(41984K)] 74676K->33853K(124928K), 0.0010010 secs] [Times: user=0.00 sys=0.00, real=0.00 secs] 
33.629: Total time for which application threads were stopped: 0.0011460 seconds, Stopping threads took: 0.0000750 seconds
33.727: Application time: 0.0982860 seconds
33.728: [GC [PSYoungGen: 41596K->1792K(41984K)] 73130K->33445K(124928K), 0.0008270 secs] [Times: user=0.00 sys=0.00, real=0.00 secs] 
33.728: Total time for which application threads were stopped: 0.0009650 seconds, Stopping threads took: 0.0000620 seconds
33.822: Application time: 0.0937300 seconds
33.822: [GC [PSYoungGen: 39880K->2240K(39936K)] 71533K->33973K(122880K), 0.0009870 secs] [Times: user=0.01 sys=0.00, real=0.00 secs] 
33.823: Total time for which application threads were stopped: 0.0011250 seconds, Stopping threads took: 0.0000650 seconds
33.915: Application time: 0.0916230 seconds
33.915: [GC [PSYoungGen: 39302K->2272K(39936K)] 71035K->34005K(122880K), 0.0009560 secs] [Times: user=0.00 sys=0.00, real=0.00 secs] 
33.916: Total time for which application threads were stopped: 0.0010860 seconds, Stopping threads took: 0.0000570 seconds
34.008: Application time: 0.0920090 seconds
34.008: [GC [PSYoungGen: 38820K->2272K(38912K)] 70553K->34005K(121856K), 0.0009290 secs] [Times: user=0.00 sys=0.00, real=0.00 secs] 
34.009: Total time for which application threads were stopped: 0.0010670 seconds, Stopping threads took: 0.0000630 seconds
34.100: Application time: 0.0907660 seconds
34.100: [GC [PSYoungGen: 38388K->1216K(39424K)] 70121K->32949K(122368K), 0.0006710 secs] [Times: user=0.00 sys=0.00, real=0.00 secs] 
34.101: Total time for which application threads were stopped: 0.0007910 seconds, Stopping threads took: 0.0000560 seconds
34.187: Application time: 0.0866910 seconds
34.187: [GC [PSYoungGen: 36886K->2848K(38400K)] 68620K->34629K(121344K), 0.0011380 secs] [Times: user=0.01 sys=0.00, real=0.00 secs] 
34.189: Total time for which application threads were stopped: 0.0012870 seconds, Stopping threads took: 0.0000730 seconds
34.277: Application time: 0.0882980 seconds
34.277: [GC [PSYoungGen: 38092K->1824K(38400K)] 69874K->33689K(121344K), 0.0008140 secs] [Times: user=0.00 sys=0.00, real=0.00 secs] 
34.278: Total time for which application threads were stopped: 0.0009590 seconds, Stopping threads took: 0.0000720 seconds
34.363: Application time: 0.0847610 seconds
34.363: [GC [PSYoungGen: 36470K->2336K(36864K)] 68336K->34301K(119808K), 0.0010850 secs] [Times: user=0.00 sys=0.00, real=0.00 secs] 
34.364: Total time for which application threads were stopped: 0.0012340 seconds, Stopping threads took: 0.0000720 seconds
34.449: Application time: 0.0848420 seconds
34.449: [GC [PSYoungGen: 36313K->2272K(36352K)] 68279K->34325K(119296K), 0.0009840 secs] [Times: user=0.01 sys=0.00, real=0.00 secs] 
34.450: Total time for which application threads were stopped: 0.0011210 seconds, Stopping threads took: 0.0000650 seconds
34.533: Application time: 0.0830110 seconds
34.533: [GC [PSYoungGen: 35737K->1760K(35328K)] 67791K->33813K(118272K), 0.0007570 secs] [Times: user=0.00 sys=0.00, real=0.00 secs] 
34.534: Total time for which application threads were stopped: 0.0008910 seconds, Stopping threads took: 0.0000690 seconds
34.615: Application time: 0.0815700 seconds
34.615: [GC [PSYoungGen: 34709K->1728K(35840K)] 66763K->33781K(118784K), 0.0007370 secs] [Times: user=0.00 sys=0.00, real=0.00 secs] 
34.616: Total time for which application threads were stopped: 0.0008830 seconds, Stopping threads took: 0.0000820 seconds
34.697: Application time: 0.0804990 seconds
34.697: [GC [PSYoungGen: 34157K->2272K(34816K)] 66211K->34325K(117760K), 0.0009000 secs] [Times: user=0.01 sys=0.00, real=0.00 secs] 
34.698: Total time for which application threads were stopped: 0.0010530 seconds, Stopping threads took: 0.0000820 seconds
34.778: Application time: 0.0805880 seconds
34.778: [GC [PSYoungGen: 34354K->1248K(34816K)] 66408K->33301K(117760K), 0.0006250 secs] [Times: user=0.01 sys=0.00, real=0.00 secs] 
34.779: Total time for which application threads were stopped: 0.0007740 seconds, Stopping threads took: 0.0000810 seconds
34.857: Application time: 0.0780340 seconds
34.857: [GC [PSYoungGen: 32716K->2304K(33792K)] 64770K->34442K(116736K), 0.0009780 secs] [Times: user=0.01 sys=0.00, real=0.00 secs] 
34.858: Total time for which application threads were stopped: 0.0011880 seconds, Stopping threads took: 0.0001400 seconds
34.935: Application time: 0.0769360 seconds
34.935: [GC [PSYoungGen: 33432K->1760K(33792K)] 65570K->33946K(116736K), 0.0009320 secs] [Times: user=0.01 sys=0.00, real=0.00 secs] 
34.936: Total time for which application threads were stopped: 0.0010770 seconds, Stopping threads took: 0.0000790 seconds
35.012: Application time: 0.0758780 seconds
35.012: [GC [PSYoungGen: 32281K->2336K(34304K)] 64467K->34646K(117248K), 0.0009660 secs] [Times: user=0.00 sys=0.00, real=0.00 secs] 
35.013: Total time for which application threads were stopped: 0.0010970 seconds, Stopping threads took: 0.0000590 seconds
35.090: Application time: 0.0764210 seconds
35.090: [GC [PSYoungGen: 32708K->1760K(32256K)] 65019K->34150K(115200K), 0.0006490 secs] [Times: user=0.01 sys=0.00, real=0.00 secs] 
35.091: Total time for which application threads were stopped: 0.0008250 seconds, Stopping threads took: 0.0001100 seconds
35.165: Application time: 0.0740490 seconds
35.165: [GC [PSYoungGen: 31612K->1760K(31744K)] 64002K->34150K(114688K), 0.0008080 secs] [Times: user=0.00 sys=0.00, real=0.00 secs] 
35.166: Total time for which application threads were stopped: 0.0009540 seconds, Stopping threads took: 0.0000780 seconds
35.239: Application time: 0.0733570 seconds
35.239: [GC [PSYoungGen: 31096K->1760K(31232K)] 63486K->34150K(114176K), 0.0006860 secs] [Times: user=0.00 sys=0.00, real=0.00 secs] 
35.240: Total time for which application threads were stopped: 0.0008230 seconds, Stopping threads took: 0.0000680 seconds
35.312: Application time: 0.0721150 seconds
35.312: [GC [PSYoungGen: 30584K->1248K(30208K)] 62974K->33638K(113152K), 0.0006540 secs] [Times: user=0.00 sys=0.00, real=0.00 secs] 
35.313: Total time for which application threads were stopped: 0.0008080 seconds, Stopping threads took: 0.0000820 seconds
35.381: Application time: 0.0682380 seconds
35.381: [GC [PSYoungGen: 29628K->2304K(30720K)] 62018K->34694K(113664K), 0.0009210 secs] [Times: user=0.01 sys=0.00, real=0.00 secs] 
35.382: Total time for which application threads were stopped: 0.0010660 seconds, Stopping threads took: 0.0000760 seconds
35.452: Application time: 0.0699850 seconds
35.452: [GC [PSYoungGen: 30174K->2304K(33792K)] 62564K->34742K(116736K), 0.0009110 secs] [Times: user=0.00 sys=0.00, real=0.00 secs] 
35.453: Total time for which application threads were stopped: 0.0010500 seconds, Stopping threads took: 0.0000670 seconds
35.526: Application time: 0.0731720 seconds
35.526: [GC [PSYoungGen: 32235K->2208K(37376K)] 64673K->34686K(120320K), 0.0008080 secs] [Times: user=0.00 sys=0.00, real=0.01 secs] 
35.527: Total time for which application threads were stopped: 0.0009450 seconds, Stopping threads took: 0.0000680 seconds
35.612: Application time: 0.0849500 seconds
35.612: [GC [PSYoungGen: 35910K->1296K(34816K)] 68388K->33822K(117760K), 0.0006260 secs] [Times: user=0.01 sys=0.00, real=0.00 secs] 
35.613: Total time for which application threads were stopped: 0.0007580 seconds, Stopping threads took: 0.0000690 seconds
35.694: Application time: 0.0815060 seconds
35.694: [GC [PSYoungGen: 34402K->1248K(35840K)] 66928K->33894K(118784K), 0.0006420 secs] [Times: user=0.00 sys=0.00, real=0.01 secs] 
35.695: Total time for which application threads were stopped: 0.0007720 seconds, Stopping threads took: 0.0000670 seconds
35.773: Application time: 0.0783420 seconds
35.774: [GC [PSYoungGen: 33668K->2784K(35328K)] 66315K->35510K(118272K), 0.0010980 secs] [Times: user=0.01 sys=0.00, real=0.00 secs] 
35.775: Total time for which application threads were stopped: 0.0012400 seconds, Stopping threads took: 0.0000580 seconds
35.855: Application time: 0.0800110 seconds
35.855: [GC [PSYoungGen: 34705K->2240K(35840K)] 67431K->34966K(118784K), 0.0008960 secs] [Times: user=0.00 sys=0.00, real=0.00 secs] 
35.856: Total time for which application threads were stopped: 0.0010330 seconds, Stopping threads took: 0.0000600 seconds
35.936: Application time: 0.0797850 seconds
35.936: [GC [PSYoungGen: 34161K->1760K(33792K)] 66887K->34486K(116736K), 0.0008230 secs] [Times: user=0.01 sys=0.00, real=0.00 secs] 
35.937: Total time for which application threads were stopped: 0.0009690 seconds, Stopping threads took: 0.0000800 seconds
36.014: Application time: 0.0773920 seconds
36.014: [GC [PSYoungGen: 33161K->1760K(34304K)] 65887K->34486K(117248K), 0.0007700 secs] [Times: user=0.01 sys=0.00, real=0.01 secs] 
36.015: Total time for which application threads were stopped: 0.0009080 seconds, Stopping threads took: 0.0000720 seconds
36.092: Application time: 0.0772950 seconds
36.092: [GC [PSYoungGen: 32723K->1792K(32768K)] 65449K->34518K(115712K), 0.0008060 secs] [Times: user=0.00 sys=0.00, real=0.00 secs] 
36.093: Total time for which application threads were stopped: 0.0009390 seconds, Stopping threads took: 0.0000680 seconds
36.168: Application time: 0.0749050 seconds
36.168: [GC [PSYoungGen: 32309K->2800K(33280K)] 65035K->35558K(116224K), 0.0011280 secs] [Times: user=0.00 sys=0.00, real=0.00 secs] 
36.169: Total time for which application threads were stopped: 0.0012920 seconds, Stopping threads took: 0.0000900 seconds
36.245: Application time: 0.0759040 seconds
36.245: [GC [PSYoungGen: 32821K->1280K(31232K)] 65580K->34134K(114176K), 0.0006360 secs] [Times: user=0.00 sys=0.00, real=0.00 secs] 
36.246: Total time for which application threads were stopped: 0.0007620 seconds, Stopping threads took: 0.0000660 seconds
36.319: Application time: 0.0728700 seconds
36.319: [GC [PSYoungGen: 30772K->1280K(32256K)] 63627K->34206K(115200K), 0.0006530 secs] [Times: user=0.00 sys=0.00, real=0.00 secs] 
36.320: Total time for which application threads were stopped: 0.0007880 seconds, Stopping threads took: 0.0000710 seconds
36.391: Application time: 0.0709490 seconds
36.391: [GC [PSYoungGen: 30176K->1792K(30720K)] 63103K->34806K(113664K), 0.0008080 secs] [Times: user=0.00 sys=0.00, real=0.00 secs] 
36.391: Total time for which application threads were stopped: 0.0009610 seconds, Stopping threads took: 0.0000740 seconds
36.462: Application time: 0.0708060 seconds
36.462: [GC [PSYoungGen: 30098K->1760K(30208K)] 63112K->34822K(113152K), 0.0008190 secs] [Times: user=0.00 sys=0.00, real=0.00 secs] 
36.463: Total time for which application threads were stopped: 0.0009510 seconds, Stopping threads took: 0.0000670 seconds
36.531: Application time: 0.0681110 seconds
36.531: [GC [PSYoungGen: 29548K->2784K(31232K)] 62610K->35846K(114176K), 0.0010700 secs] [Times: user=0.01 sys=0.00, real=0.00 secs] 
36.533: Total time for which application threads were stopped: 0.0012130 seconds, Stopping threads took: 0.0000690 seconds
36.603: Application time: 0.0707400 seconds
36.603: [GC [PSYoungGen: 30578K->2272K(37376K)] 63640K->35334K(120320K), 0.0007530 secs] [Times: user=0.00 sys=0.00, real=0.00 secs] 
36.604: Total time for which application threads were stopped: 0.0009070 seconds, Stopping threads took: 0.0000860 seconds
36.687: Application time: 0.0825580 seconds
36.687: [GC [PSYoungGen: 35735K->2240K(37376K)] 68798K->35302K(120320K), 0.0008010 secs] [Times: user=0.01 sys=0.00, real=0.00 secs] 
36.688: Total time for which application threads were stopped: 0.0009350 seconds, Stopping threads took: 0.0000690 seconds
36.770: Application time: 0.0827610 seconds
36.771: [GC [PSYoungGen: 35860K->2304K(35840K)] 68922K->35366K(118784K), 0.0007990 secs] [Times: user=0.00 sys=0.00, real=0.00 secs] 
36.771: Total time for which application threads were stopped: 0.0009470 seconds, Stopping threads took: 0.0000790 seconds
36.853: Application time: 0.0818000 seconds
36.853: [GC [PSYoungGen: 35332K->2272K(35328K)] 68394K->35406K(118272K), 0.0008870 secs] [Times: user=0.00 sys=0.00, real=0.00 secs] 
36.854: Total time for which application threads were stopped: 0.0010410 seconds, Stopping threads took: 0.0000830 seconds
36.936: Application time: 0.0817880 seconds
36.936: [GC [PSYoungGen: 34936K->2336K(41472K)] 68070K->36022K(124416K), 0.0009780 secs] [Times: user=0.00 sys=0.00, real=0.00 secs] 
36.937: Total time for which application threads were stopped: 0.0011320 seconds, Stopping threads took: 0.0000720 seconds
37.035: Application time: 0.0977360 seconds
37.035: [GC [PSYoungGen: 41099K->1792K(39936K)] 74785K->35594K(122880K), 0.0007800 secs] [Times: user=0.00 sys=0.00, real=0.00 secs] 
37.036: Total time for which application threads were stopped: 0.0009540 seconds, Stopping threads took: 0.0001060 seconds
37.132: Application time: 0.0960490 seconds
37.132: [GC [PSYoungGen: 39372K->1184K(39424K)] 73175K->35058K(122368K), 0.0006540 secs] [Times: user=0.00 sys=0.00, real=0.00 secs] 
37.133: Total time for which application threads were stopped: 0.0007840 seconds, Stopping threads took: 0.0000670 seconds
37.221: Application time: 0.0886620 seconds
37.222: [GC [PSYoungGen: 37729K->1728K(38400K)] 71604K->35602K(121344K), 0.0008770 secs] [Times: user=0.00 sys=0.00, real=0.00 secs] 
37.223: Total time for which application threads were stopped: 0.0016700 seconds, Stopping threads took: 0.0000710 seconds
37.314: Application time: 0.0909050 seconds
37.314: [GC [PSYoungGen: 37763K->1216K(38912K)] 71638K->35090K(121856K), 0.0006480 secs] [Times: user=0.00 sys=0.00, real=0.01 secs] 
37.315: Total time for which application threads were stopped: 0.0009080 seconds, Stopping threads took: 0.0001870 seconds
37.402: Application time: 0.0875990 seconds
37.403: [GC [PSYoungGen: 36811K->1760K(37376K)] 70686K->35634K(120320K), 0.0007890 secs] [Times: user=0.00 sys=0.00, real=0.00 secs] 
37.403: Total time for which application threads were stopped: 0.0009230 seconds, Stopping threads took: 0.0000670 seconds
37.491: Application time: 0.0871630 seconds
37.491: [GC [PSYoungGen: 36922K->1760K(37376K)] 70797K->35691K(120320K), 0.0007880 secs] [Times: user=0.00 sys=0.00, real=0.00 secs] 
37.492: Total time for which application threads were stopped: 0.0009410 seconds, Stopping threads took: 0.0000720 seconds
37.577: Application time: 0.0858800 seconds
37.578: [GC [PSYoungGen: 36406K->2304K(36864K)] 70337K->36315K(119808K), 0.0009820 secs] [Times: user=0.01 sys=0.00, real=0.00 secs] 
37.579: Total time for which application threads were stopped: 0.0011210 seconds, Stopping threads took: 0.0000670 seconds
37.664: Application time: 0.0851880 seconds
37.664: [GC [PSYoungGen: 36439K->1792K(36352K)] 70450K->35883K(119296K), 0.0008100 secs] [Times: user=0.00 sys=0.00, real=0.00 secs] 
37.665: Total time for which application threads were stopped: 0.0009500 seconds, Stopping threads took: 0.0000730 seconds
37.747: Application time: 0.0828090 seconds
37.748: [GC [PSYoungGen: 35331K->2304K(35840K)] 69422K->36487K(118784K), 0.0009550 secs] [Times: user=0.00 sys=0.00, real=0.00 secs] 
37.749: Total time for which application threads were stopped: 0.0011010 seconds, Stopping threads took: 0.0000750 seconds
37.831: Application time: 0.0819530 seconds
37.831: [GC [PSYoungGen: 35249K->2272K(35328K)] 69432K->36511K(118272K), 0.0009330 secs] [Times: user=0.00 sys=0.00, real=0.00 secs] 
37.832: Total time for which application threads were stopped: 0.0011360 seconds, Stopping threads took: 0.0001250 seconds
37.912: Application time: 0.0804590 seconds
37.912: [GC [PSYoungGen: 34709K->2240K(34816K)] 68948K->36479K(117760K), 0.0009120 secs] [Times: user=0.00 sys=0.00, real=0.00 secs] 
37.913: Total time for which application threads were stopped: 0.0011240 seconds, Stopping threads took: 0.0001440 seconds
37.992: Application time: 0.0787190 seconds
37.992: [GC [PSYoungGen: 34153K->2752K(34816K)] 68392K->36991K(117760K), 0.0011050 secs] [Times: user=0.01 sys=0.00, real=0.00 secs] 
37.993: Total time for which application threads were stopped: 0.0012550 seconds, Stopping threads took: 0.0000710 seconds
38.072: Application time: 0.0790630 seconds
38.072: [GC [PSYoungGen: 34239K->1728K(35328K)] 68478K->35967K(118272K), 0.0007410 secs] [Times: user=0.00 sys=0.00, real=0.00 secs] 
38.073: Total time for which application threads were stopped: 0.0008670 seconds, Stopping threads took: 0.0000630 seconds
38.152: Application time: 0.0786680 seconds
38.152: [GC [PSYoungGen: 33285K->1760K(33280K)] 67525K->36047K(116224K), 0.0007080 secs] [Times: user=0.01 sys=0.00, real=0.00 secs] 
38.153: Total time for which application threads were stopped: 0.0008400 seconds, Stopping threads took: 0.0000640 seconds
38.231: Application time: 0.0781540 seconds
38.231: [GC [PSYoungGen: 32805K->1280K(32256K)] 67092K->35667K(115200K), 0.0006620 secs] [Times: user=0.00 sys=0.00, real=0.00 secs] 
38.232: Total time for which application threads were stopped: 0.0008120 seconds, Stopping threads took: 0.0000860 seconds
38.307: Application time: 0.0751050 seconds
38.307: [GC [PSYoungGen: 31801K->1792K(32256K)] 66188K->36271K(115200K), 0.0007010 secs] [Times: user=0.01 sys=0.00, real=0.00 secs] 
38.308: Total time for which application threads were stopped: 0.0008360 seconds, Stopping threads took: 0.0000700 seconds
38.383: Application time: 0.0750280 seconds
38.383: [GC [PSYoungGen: 31725K->1792K(31744K)] 66204K->36351K(114688K), 0.0008510 secs] [Times: user=0.00 sys=0.00, real=0.00 secs] 
38.384: Total time for which application threads were stopped: 0.0009940 seconds, Stopping threads took: 0.0000740 seconds
38.457: Application time: 0.0731740 seconds
38.457: [GC [PSYoungGen: 31132K->1248K(30720K)] 65692K->35855K(113664K), 0.0006300 secs] [Times: user=0.00 sys=0.00, real=0.00 secs] 
38.458: Total time for which application threads were stopped: 0.0007570 seconds, Stopping threads took: 0.0000640 seconds
38.530: Application time: 0.0720880 seconds
38.530: [GC [PSYoungGen: 30064K->2272K(31232K)] 64671K->36879K(114176K), 0.0009510 secs] [Times: user=0.00 sys=0.01, real=0.00 secs] 
38.531: Total time for which application threads were stopped: 0.0010990 seconds, Stopping threads took: 0.0000690 seconds
38.601: Application time: 0.0700120 seconds
38.601: [GC [PSYoungGen: 30580K->1760K(30208K)] 65187K->36367K(113152K), 0.0007650 secs] [Times: user=0.00 sys=0.00, real=0.00 secs] 
38.602: Total time for which application threads were stopped: 0.0009730 seconds, Stopping threads took: 0.0001440 seconds
38.671: Application time: 0.0694930 seconds
38.671: [GC [PSYoungGen: 29552K->1760K(29696K)] 64159K->36367K(112640K), 0.0008080 secs] [Times: user=0.01 sys=0.00, real=0.00 secs] 
38.672: Total time for which application threads were stopped: 0.0009430 seconds, Stopping threads took: 0.0000680 seconds
38.739: Application time: 0.0670580 seconds
38.739: [GC [PSYoungGen: 29114K->2208K(32768K)] 63721K->36815K(115712K), 0.0009910 secs] [Times: user=0.01 sys=0.00, real=0.00 secs] 
38.740: Total time for which application threads were stopped: 0.0011330 seconds, Stopping threads took: 0.0000730 seconds
38.815: Application time: 0.0744800 seconds
38.815: [GC [PSYoungGen: 32219K->2240K(33280K)] 66826K->36895K(116224K), 0.0010070 secs] [Times: user=0.00 sys=0.00, real=0.00 secs] 
38.816: Total time for which application threads were stopped: 0.0011510 seconds, Stopping threads took: 0.0000750 seconds
38.891: Application time: 0.0752100 seconds
38.891: [GC [PSYoungGen: 32175K->1728K(39424K)] 66830K->36463K(122368K), 0.0007860 secs] [Times: user=0.00 sys=0.00, real=0.00 secs] 
38.892: Total time for which application threads were stopped: 0.0009200 seconds, Stopping threads took: 0.0000680 seconds
38.983: Application time: 0.0903760 seconds
38.983: [GC [PSYoungGen: 37999K->1296K(37376K)] 72734K->36095K(120320K), 0.0005610 secs] [Times: user=0.00 sys=0.00, real=0.00 secs] 
38.983: Total time for which application threads were stopped: 0.0006830 seconds, Stopping threads took: 0.0000560 seconds
39.070: Application time: 0.0872170 seconds
39.071: [GC [PSYoungGen: 36892K->1792K(37888K)] 71691K->36703K(120832K), 0.0007740 secs] [Times: user=0.00 sys=0.00, real=0.00 secs] 
39.071: Total time for which application threads were stopped: 0.0009340 seconds, Stopping threads took: 0.0000830 seconds
39.158: Application time: 0.0867040 seconds
39.158: [GC [PSYoungGen: 36795K->2240K(37376K)] 71707K->37207K(120320K), 0.0009280 secs] [Times: user=0.00 sys=0.00, real=0.00 secs] 
39.159: Total time for which application threads were stopped: 0.0010690 seconds, Stopping threads took: 0.0000710 seconds
39.244: Application time: 0.0846600 seconds
39.244: [GC [PSYoungGen: 36727K->2784K(37888K)] 71695K->38263K(120832K), 0.0011980 secs] [Times: user=0.01 sys=0.00, real=0.00 secs] 
39.245: Total time for which application threads were stopped: 0.0013550 seconds, Stopping threads took: 0.0000800 seconds
39.334: Application time: 0.0883790 seconds
39.334: [GC [PSYoungGen: 37284K->1248K(35840K)] 72763K->36727K(118784K), 0.0006090 secs] [Times: user=0.01 sys=0.00, real=0.00 secs] 
39.334: Total time for which application threads were stopped: 0.0008030 seconds, Stopping threads took: 0.0001310 seconds
39.418: Application time: 0.0832530 seconds
39.418: [GC [PSYoungGen: 35378K->2304K(36864K)] 70857K->37783K(119808K), 0.0009060 secs] [Times: user=0.01 sys=0.00, real=0.00 secs] 
39.419: Total time for which application threads were stopped: 0.0010480 seconds, Stopping threads took: 0.0000730 seconds
39.502: Application time: 0.0834040 seconds
39.502: [GC [PSYoungGen: 35841K->2304K(35840K)] 71321K->37867K(118784K), 0.0009490 secs] [Times: user=0.01 sys=0.00, real=0.00 secs] 
39.503: Total time for which application threads were stopped: 0.0011170 seconds, Stopping threads took: 0.0000920 seconds
39.584: Application time: 0.0811560 seconds
39.584: [GC [PSYoungGen: 35401K->3360K(36864K)] 70965K->38971K(119808K), 0.0013170 secs] [Times: user=0.01 sys=0.00, real=0.00 secs] 
39.586: Total time for which application threads were stopped: 0.0015070 seconds, Stopping threads took: 0.0001040 seconds
39.667: Application time: 0.0813170 seconds
39.667: [GC [PSYoungGen: 36468K->3360K(36864K)] 72079K->39056K(119808K), 0.0013000 secs] [Times: user=0.01 sys=0.00, real=0.00 secs] 
39.669: Total time for which application threads were stopped: 0.0014710 seconds, Stopping threads took: 0.0000950 seconds
39.751: Application time: 0.0823090 seconds
39.751: [GC [PSYoungGen: 36388K->3232K(44032K)] 72084K->38996K(126976K), 0.0011140 secs] [Times: user=0.01 sys=0.00, real=0.00 secs] 
39.752: Total time for which application threads were stopped: 0.0012600 seconds, Stopping threads took: 0.0000680 seconds
39.853: Application time: 0.1007050 seconds
39.853: [GC [PSYoungGen: 42868K->2272K(44032K)] 78632K->38084K(126976K), 0.0008350 secs] [Times: user=0.00 sys=0.00, real=0.00 secs] 
39.854: Total time for which application threads were stopped: 0.0009670 seconds, Stopping threads took: 0.0000630 seconds
39.954: Application time: 0.1001500 seconds
39.954: [GC [PSYoungGen: 41908K->1184K(40448K)] 77720K->36996K(123392K), 0.0005560 secs] [Times: user=0.00 sys=0.00, real=0.01 secs] 
39.955: Total time for which application threads were stopped: 0.0006840 seconds, Stopping threads took: 0.0000650 seconds
40.047: Application time: 0.0927680 seconds
40.048: [GC [PSYoungGen: 39858K->2720K(40960K)] 75670K->38532K(123904K), 0.0010610 secs] [Times: user=0.01 sys=0.00, real=0.00 secs] 
40.049: Total time for which application threads were stopped: 0.0012420 seconds, Stopping threads took: 0.0001060 seconds
40.142: Application time: 0.0929860 seconds
40.142: [GC [PSYoungGen: 40450K->3872K(48128K)] 76262K->39724K(131072K), 0.0012960 secs] [Times: user=0.00 sys=0.01, real=0.00 secs] 
40.143: Total time for which application threads were stopped: 0.0014560 seconds, Stopping threads took: 0.0000730 seconds
40.255: Application time: 0.1117900 seconds
40.255: [GC [PSYoungGen: 47857K->2320K(45568K)] 83709K->38252K(128512K), 0.0009430 secs] [Times: user=0.01 sys=0.00, real=0.00 secs] 
40.256: Total time for which application threads were stopped: 0.0010700 seconds, Stopping threads took: 0.0000570 seconds
40.363: Application time: 0.1064890 seconds
40.363: [GC [PSYoungGen: 45195K->1792K(45568K)] 81127K->37828K(128512K), 0.0008240 secs] [Times: user=0.00 sys=0.00, real=0.00 secs] 
40.363: Total time for which application threads were stopped: 0.0009610 seconds, Stopping threads took: 0.0000680 seconds
40.467: Application time: 0.1038540 seconds
40.467: [GC [PSYoungGen: 43480K->1760K(43008K)] 79516K->37884K(125952K), 0.0008510 secs] [Times: user=0.01 sys=0.00, real=0.00 secs] 
40.468: Total time for which application threads were stopped: 0.0009850 seconds, Stopping threads took: 0.0000680 seconds
40.570: Application time: 0.1012450 seconds
40.570: [GC [PSYoungGen: 42418K->2272K(43008K)] 78542K->38396K(125952K), 0.0009310 secs] [Times: user=0.01 sys=0.00, real=0.00 secs] 
40.571: Total time for which application threads were stopped: 0.0010730 seconds, Stopping threads took: 0.0000690 seconds
40.669: Application time: 0.0983740 seconds
40.669: [GC [PSYoungGen: 41908K->1216K(40448K)] 78032K->37340K(123392K), 0.0006890 secs] [Times: user=0.01 sys=0.00, real=0.00 secs] 
40.670: Total time for which application threads were stopped: 0.0008190 seconds, Stopping threads took: 0.0000600 seconds
40.764: Application time: 0.0945680 seconds
40.765: [GC [PSYoungGen: 39972K->2272K(40960K)] 76096K->38396K(123904K), 0.0009670 secs] [Times: user=0.01 sys=0.00, real=0.00 secs] 
40.766: Total time for which application threads were stopped: 0.0011060 seconds, Stopping threads took: 0.0000690 seconds
40.859: Application time: 0.0932600 seconds
40.859: [GC [PSYoungGen: 40004K->2304K(39424K)] 76129K->38508K(122368K), 0.0010020 secs] [Times: user=0.01 sys=0.00, real=0.00 secs] 
40.860: Total time for which application threads were stopped: 0.0011390 seconds, Stopping threads took: 0.0000670 seconds
40.952: Application time: 0.0923160 seconds
40.952: [GC [PSYoungGen: 39006K->2816K(39936K)] 75211K->39100K(122880K), 0.0011680 secs] [Times: user=0.00 sys=0.00, real=0.00 secs] 
40.954: Total time for which application threads were stopped: 0.0013180 seconds, Stopping threads took: 0.0000740 seconds
41.043: Application time: 0.0894280 seconds
41.043: [GC [PSYoungGen: 39008K->2320K(38400K)] 75293K->38696K(121344K), 0.0009750 secs] [Times: user=0.00 sys=0.00, real=0.00 secs] 
41.044: Total time for which application threads were stopped: 0.0011240 seconds, Stopping threads took: 0.0000760 seconds
41.134: Application time: 0.0896630 seconds
41.134: [GC [PSYoungGen: 37839K->2272K(37888K)] 74216K->38732K(120832K), 0.0010590 secs] [Times: user=0.00 sys=0.00, real=0.01 secs] 
41.135: Total time for which application threads were stopped: 0.0012020 seconds, Stopping threads took: 0.0000710 seconds
41.224: Application time: 0.0885520 seconds
41.224: [GC [PSYoungGen: 37281K->1248K(36352K)] 73742K->37708K(119296K), 0.0006060 secs] [Times: user=0.01 sys=0.00, real=0.00 secs] 
41.224: Total time for which application threads were stopped: 0.0007460 seconds, Stopping threads took: 0.0000690 seconds
41.308: Application time: 0.0836610 seconds
41.308: [GC [PSYoungGen: 35735K->2272K(37376K)] 72196K->38732K(120320K), 0.0009410 secs] [Times: user=0.00 sys=0.00, real=0.00 secs] 
41.309: Total time for which application threads were stopped: 0.0010710 seconds, Stopping threads took: 0.0000630 seconds
41.394: Application time: 0.0844820 seconds
41.394: [GC [PSYoungGen: 36326K->2816K(36864K)] 72786K->39276K(119808K), 0.0011330 secs] [Times: user=0.00 sys=0.00, real=0.01 secs] 
41.395: Total time for which application threads were stopped: 0.0012800 seconds, Stopping threads took: 0.0000730 seconds
41.482: Application time: 0.0874500 seconds
41.482: [GC [PSYoungGen: 36442K->1280K(36352K)] 72903K->37804K(119296K), 0.0006510 secs] [Times: user=0.00 sys=0.00, real=0.00 secs] 
41.483: Total time for which application threads were stopped: 0.0007730 seconds, Stopping threads took: 0.0000590 seconds
41.566: Application time: 0.0827860 seconds
41.566: [GC [PSYoungGen: 34390K->240K(36352K)] 70915K->36852K(119296K), 0.0004160 secs] [Times: user=0.00 sys=0.00, real=0.00 secs] 
41.566: Total time for which application threads were stopped: 0.0006290 seconds, Stopping threads took: 0.0001560 seconds
41.644: Application time: 0.0776360 seconds
41.644: [GC [PSYoungGen: 32797K->1824K(35840K)] 69409K->38516K(118784K), 0.0007860 secs] [Times: user=0.01 sys=0.00, real=0.00 secs] 
41.645: Total time for which application threads were stopped: 0.0009430 seconds, Stopping threads took: 0.0000910 seconds
41.724: Application time: 0.0792430 seconds
41.724: [GC [PSYoungGen: 33831K->2816K(34816K)] 70523K->39572K(117760K), 0.0012390 secs] [Times: user=0.01 sys=0.00, real=0.00 secs] 
41.726: Total time for which application threads were stopped: 0.0013880 seconds, Stopping threads took: 0.0000670 seconds
41.806: Application time: 0.0804480 seconds
41.806: [GC [PSYoungGen: 34229K->1216K(34816K)] 70986K->38044K(117760K), 0.0006420 secs] [Times: user=0.00 sys=0.00, real=0.01 secs] 
41.807: Total time for which application threads were stopped: 0.0007690 seconds, Stopping threads took: 0.0000640 seconds
41.882: Application time: 0.0754680 seconds
41.882: [GC [PSYoungGen: 32088K->2816K(35328K)] 68917K->39644K(118272K), 0.0011170 secs] [Times: user=0.00 sys=0.00, real=0.00 secs] 
41.884: Total time for which application threads were stopped: 0.0012540 seconds, Stopping threads took: 0.0000620 seconds
41.963: Application time: 0.0793860 seconds
41.963: [GC [PSYoungGen: 33713K->1248K(32256K)] 70542K->38076K(115200K), 0.0005280 secs] [Times: user=0.00 sys=0.00, real=0.00 secs] 
41.964: Total time for which application threads were stopped: 0.0006540 seconds, Stopping threads took: 0.0000650 seconds
42.039: Application time: 0.0749630 seconds
42.039: [GC [PSYoungGen: 31688K->2272K(32768K)] 68517K->39100K(115712K), 0.0010090 secs] [Times: user=0.00 sys=0.00, real=0.00 secs] 
42.040: Total time for which application threads were stopped: 0.0011560 seconds, Stopping threads took: 0.0000690 seconds
42.116: Application time: 0.0761710 seconds
42.116: [GC [PSYoungGen: 32285K->1792K(31744K)] 69114K->38660K(114688K), 0.0007530 secs] [Times: user=0.01 sys=0.00, real=0.00 secs] 
42.117: Total time for which application threads were stopped: 0.0008800 seconds, Stopping threads took: 0.0000640 seconds
42.189: Application time: 0.0718470 seconds
42.189: [GC [PSYoungGen: 31202K->2304K(36352K)] 68071K->39252K(119296K), 0.0009610 secs] [Times: user=0.01 sys=0.00, real=0.00 secs] 
42.190: Total time for which application threads were stopped: 0.0011830 seconds, Stopping threads took: 0.0001480 seconds
42.273: Application time: 0.0831190 seconds
42.273: [GC [PSYoungGen: 34382K->1728K(39424K)] 71331K->38717K(122368K), 0.0007970 secs] [Times: user=0.01 sys=0.00, real=0.00 secs] 
42.275: Total time for which application threads were stopped: 0.0017090 seconds, Stopping threads took: 0.0000770 seconds
42.362: Application time: 0.0877880 seconds
42.363: [GC [PSYoungGen: 37326K->1760K(37376K)] 74315K->38829K(120320K), 0.0008590 secs] [Times: user=0.00 sys=0.00, real=0.00 secs] 
42.364: Total time for which application threads were stopped: 0.0010660 seconds, Stopping threads took: 0.0001360 seconds
42.452: Application time: 0.0879800 seconds
42.452: [GC [PSYoungGen: 36848K->736K(37888K)] 73917K->37869K(120832K), 0.0004830 secs] [Times: user=0.00 sys=0.00, real=0.00 secs] 
42.452: Total time for which application threads were stopped: 0.0006080 seconds, Stopping threads took: 0.0000600 seconds
42.538: Application time: 0.0854200 seconds
42.538: [GC [PSYoungGen: 35223K->1760K(36352K)] 72356K->38949K(119296K), 0.0007350 secs] [Times: user=0.00 sys=0.00, real=0.00 secs] 
42.538: Total time for which application threads were stopped: 0.0008660 seconds, Stopping threads took: 0.0000650 seconds
42.621: Application time: 0.0828380 seconds
42.621: [GC [PSYoungGen: 35733K->2784K(36864K)] 72922K->39973K(119808K), 0.0010870 secs] [Times: user=0.01 sys=0.00, real=0.00 secs] 
42.622: Total time for which application threads were stopped: 0.0012260 seconds, Stopping threads took: 0.0000680 seconds
42.706: Application time: 0.0839550 seconds
42.707: [GC [PSYoungGen: 36325K->2816K(37376K)] 73514K->40005K(120320K), 0.0011080 secs] [Times: user=0.00 sys=0.01, real=0.01 secs] 
42.708: Total time for which application threads were stopped: 0.0012750 seconds, Stopping threads took: 0.0000930 seconds
42.791: Application time: 0.0835850 seconds
42.791: [GC [PSYoungGen: 36436K->2784K(45056K)] 73625K->40021K(128000K), 0.0009280 secs] [Times: user=0.01 sys=0.00, real=0.00 secs] 
42.792: Total time for which application threads were stopped: 0.0010880 seconds, Stopping threads took: 0.0000740 seconds
42.894: Application time: 0.1012620 seconds
42.894: [GC [PSYoungGen: 43602K->2288K(42496K)] 80839K->39609K(125440K), 0.0008470 secs] [Times: user=0.00 sys=0.00, real=0.00 secs] 
42.895: Total time for which application threads were stopped: 0.0010220 seconds, Stopping threads took: 0.0000990 seconds
42.993: Application time: 0.0985330 seconds
42.993: [GC [PSYoungGen: 42074K->2848K(41984K)] 79396K->40245K(124928K), 0.0010920 secs] [Times: user=0.01 sys=0.00, real=0.00 secs] 
42.994: Total time for which application threads were stopped: 0.0012270 seconds, Stopping threads took: 0.0000580 seconds
43.093: Application time: 0.0984070 seconds
43.093: [GC [PSYoungGen: 41538K->736K(38912K)] 78935K->38221K(121856K), 0.0005110 secs] [Times: user=0.01 sys=0.00, real=0.00 secs] 
43.094: Total time for which application threads were stopped: 0.0006390 seconds, Stopping threads took: 0.0000670 seconds
43.185: Application time: 0.0918860 seconds
43.185: [GC [PSYoungGen: 38305K->2272K(39936K)] 75791K->39805K(122880K), 0.0008960 secs] [Times: user=0.00 sys=0.00, real=0.00 secs] 
43.186: Total time for which application threads were stopped: 0.0010430 seconds, Stopping threads took: 0.0000710 seconds
43.277: Application time: 0.0907220 seconds
43.277: [GC [PSYoungGen: 38817K->2752K(39424K)] 76351K->40285K(122368K), 0.0010990 secs] [Times: user=0.01 sys=0.00, real=0.00 secs] 
43.278: Total time for which application threads were stopped: 0.0012700 seconds, Stopping threads took: 0.0001000 seconds
43.369: Application time: 0.0901510 seconds
43.369: [GC [PSYoungGen: 38866K->2304K(39424K)] 76399K->39837K(122368K), 0.0009570 secs] [Times: user=0.00 sys=0.00, real=0.00 secs] 
43.370: Total time for which application threads were stopped: 0.0010950 seconds, Stopping threads took: 0.0000580 seconds
43.460: Application time: 0.0899500 seconds
43.460: [GC [PSYoungGen: 37984K->1280K(36864K)] 75517K->38869K(119808K), 0.0006450 secs] [Times: user=0.01 sys=0.00, real=0.00 secs] 
43.460: Total time for which application threads were stopped: 0.0007890 seconds, Stopping threads took: 0.0000810 seconds
43.546: Application time: 0.0854590 seconds
43.546: [GC [PSYoungGen: 36434K->3344K(39424K)] 74023K->41009K(122368K), 0.0013210 secs] [Times: user=0.01 sys=0.00, real=0.01 secs] 
43.547: Total time for which application threads were stopped: 0.0014670 seconds, Stopping threads took: 0.0000700 seconds
43.636: Application time: 0.0883980 seconds
43.636: [GC [PSYoungGen: 38434K->1792K(36864K)] 76099K->39537K(119808K), 0.0008070 secs] [Times: user=0.00 sys=0.00, real=0.00 secs] 
43.637: Total time for which application threads were stopped: 0.0009410 seconds, Stopping threads took: 0.0000700 seconds
43.721: Application time: 0.0847040 seconds
43.722: [GC [PSYoungGen: 36436K->2848K(38912K)] 74181K->40633K(121856K), 0.0011110 secs] [Times: user=0.01 sys=0.00, real=0.00 secs] 
43.723: Total time for which application threads were stopped: 0.0012710 seconds, Stopping threads took: 0.0000850 seconds
43.811: Application time: 0.0887340 seconds
43.812: [GC [PSYoungGen: 37347K->736K(35328K)] 75133K->38601K(118272K), 0.0005030 secs] [Times: user=0.00 sys=0.00, real=0.00 secs] 
43.812: Total time for which application threads were stopped: 0.0006300 seconds, Stopping threads took: 0.0000680 seconds
43.896: Application time: 0.0838400 seconds
43.896: [GC [PSYoungGen: 34709K->1760K(37376K)] 72575K->39625K(120320K), 0.0007650 secs] [Times: user=0.01 sys=0.00, real=0.00 secs] 
43.897: Total time for which application threads were stopped: 0.0009130 seconds, Stopping threads took: 0.0000710 seconds
43.979: Application time: 0.0821020 seconds
43.979: [GC [PSYoungGen: 35221K->2272K(35840K)] 73087K->40137K(118784K), 0.0009190 secs] [Times: user=0.01 sys=0.00, real=0.00 secs] 
43.980: Total time for which application threads were stopped: 0.0010540 seconds, Stopping threads took: 0.0000660 seconds
44.061: Application time: 0.0815400 seconds
44.062: [GC [PSYoungGen: 35378K->2272K(36352K)] 73244K->40137K(119296K), 0.0009510 secs] [Times: user=0.00 sys=0.00, real=0.00 secs] 
44.063: Total time for which application threads were stopped: 0.0010870 seconds, Stopping threads took: 0.0000690 seconds
44.144: Application time: 0.0818880 seconds
44.145: [GC [PSYoungGen: 34783K->2304K(34816K)] 72649K->40257K(117760K), 0.0009720 secs] [Times: user=0.00 sys=0.00, real=0.00 secs] 
44.146: Total time for which application threads were stopped: 0.0011200 seconds, Stopping threads took: 0.0000800 seconds
44.226: Application time: 0.0799710 seconds
44.226: [GC [PSYoungGen: 34382K->1792K(34304K)] 72335K->39801K(117248K), 0.0008500 secs] [Times: user=0.01 sys=0.00, real=0.00 secs] 
44.227: Total time for which application threads were stopped: 0.0009860 seconds, Stopping threads took: 0.0000690 seconds
44.305: Application time: 0.0789160 seconds
44.306: [GC [PSYoungGen: 33275K->1264K(32768K)] 71285K->39361K(115712K), 0.0006550 secs] [Times: user=0.00 sys=0.00, real=0.00 secs] 
44.306: Total time for which application threads were stopped: 0.0007860 seconds, Stopping threads took: 0.0000670 seconds
44.380: Application time: 0.0739150 seconds
44.380: [GC [PSYoungGen: 32214K->2784K(34304K)] 70312K->40929K(117248K), 0.0011760 secs] [Times: user=0.01 sys=0.00, real=0.00 secs] 
44.381: Total time for which application threads were stopped: 0.0013170 seconds, Stopping threads took: 0.0000680 seconds
44.459: Application time: 0.0775600 seconds
44.459: [GC [PSYoungGen: 33243K->1216K(31744K)] 71389K->39393K(114688K), 0.0006910 secs] [Times: user=0.00 sys=0.00, real=0.00 secs] 
44.460: Total time for which application threads were stopped: 0.0008190 seconds, Stopping threads took: 0.0000580 seconds
44.535: Application time: 0.0748360 seconds
44.535: [GC [PSYoungGen: 31068K->1248K(33280K)] 69246K->39481K(116224K), 0.0006390 secs] [Times: user=0.01 sys=0.00, real=0.00 secs] 
44.535: Total time for which application threads were stopped: 0.0007700 seconds, Stopping threads took: 0.0000660 seconds
44.607: Application time: 0.0718390 seconds
44.607: [GC [PSYoungGen: 30580K->1248K(30720K)] 68814K->39481K(113664K), 0.0006750 secs] [Times: user=0.00 sys=0.00, real=0.00 secs] 
44.608: Total time for which application threads were stopped: 0.0008590 seconds, Stopping threads took: 0.0001200 seconds
44.680: Application time: 0.0714110 seconds
44.680: [GC [PSYoungGen: 30150K->1248K(31744K)] 68384K->39481K(114688K), 0.0006200 secs] [Times: user=0.00 sys=0.00, real=0.00 secs] 
44.680: Total time for which application threads were stopped: 0.0007370 seconds, Stopping threads took: 0.0000550 seconds
44.751: Application time: 0.0708650 seconds
44.751: [GC [PSYoungGen: 29634K->704K(29184K)] 67868K->39001K(112128K), 0.0004790 secs] [Times: user=0.00 sys=0.00, real=0.00 secs] 
44.752: Total time for which application threads were stopped: 0.0006060 seconds, Stopping threads took: 0.0000670 seconds
44.816: Application time: 0.0645370 seconds
44.816: [GC [PSYoungGen: 28562K->3328K(31232K)] 66860K->42178K(114176K), 0.0015230 secs] [Times: user=0.00 sys=0.00, real=0.00 secs] 
44.818: Total time for which application threads were stopped: 0.0016860 seconds, Stopping threads took: 0.0000720 seconds
44.890: Application time: 0.0718600 seconds
44.890: [GC [PSYoungGen: 30773K->1808K(31744K)] 69622K->40706K(114688K), 0.0007950 secs] [Times: user=0.01 sys=0.00, real=0.00 secs] 
44.891: Total time for which application threads were stopped: 0.0009980 seconds, Stopping threads took: 0.0001370 seconds
44.959: Application time: 0.0681570 seconds
44.959: [GC [PSYoungGen: 29166K->1248K(37376K)] 68064K->40242K(120320K), 0.0005610 secs] [Times: user=0.01 sys=0.00, real=0.00 secs] 
44.960: Total time for which application threads were stopped: 0.0007250 seconds, Stopping threads took: 0.0001040 seconds
45.041: Application time: 0.0816500 seconds
45.042: [GC [PSYoungGen: 34271K->1776K(37376K)] 73265K->40810K(120320K), 0.0008040 secs] [Times: user=0.00 sys=0.00, real=0.00 secs] 
45.042: Total time for which application threads were stopped: 0.0009420 seconds, Stopping threads took: 0.0000670 seconds
45.124: Application time: 0.0818240 seconds
45.124: [GC [PSYoungGen: 34801K->2304K(35328K)] 73835K->41394K(118272K), 0.0008280 secs] [Times: user=0.00 sys=0.00, real=0.00 secs] 
45.125: Total time for which application threads were stopped: 0.0009650 seconds, Stopping threads took: 0.0000660 seconds
45.207: Application time: 0.0815720 seconds
45.207: [GC [PSYoungGen: 34741K->1760K(34304K)] 73831K->40906K(117248K), 0.0007270 secs] [Times: user=0.00 sys=0.00, real=0.00 secs] 
45.208: Total time for which application threads were stopped: 0.0008620 seconds, Stopping threads took: 0.0000690 seconds
45.288: Application time: 0.0802090 seconds
45.288: [GC [PSYoungGen: 33677K->1760K(33792K)] 72823K->40906K(116736K), 0.0006640 secs] [Times: user=0.00 sys=0.00, real=0.00 secs] 
45.289: Total time for which application threads were stopped: 0.0007930 seconds, Stopping threads took: 0.0000630 seconds
45.367: Application time: 0.0779140 seconds
45.367: [GC [PSYoungGen: 33243K->1248K(32768K)] 72389K->40394K(115712K), 0.0006210 secs] [Times: user=0.00 sys=0.01, real=0.01 secs] 
45.367: Total time for which application threads were stopped: 0.0007590 seconds, Stopping threads took: 0.0000670 seconds
45.444: Application time: 0.0766420 seconds
45.444: [GC [PSYoungGen: 32277K->2784K(33792K)] 71423K->41970K(116736K), 0.0011250 secs] [Times: user=0.00 sys=0.00, real=0.00 secs] 
45.445: Total time for which application threads were stopped: 0.0012730 seconds, Stopping threads took: 0.0000750 seconds
45.523: Application time: 0.0775190 seconds
45.523: [GC [PSYoungGen: 33239K->1728K(32256K)] 72425K->40986K(115200K), 0.0008610 secs] [Times: user=0.01 sys=0.00, real=0.00 secs] 
45.524: Total time for which application threads were stopped: 0.0010000 seconds, Stopping threads took: 0.0000720 seconds
45.597: Application time: 0.0732700 seconds
45.597: [GC [PSYoungGen: 31743K->1280K(31232K)] 71001K->40586K(114176K), 0.0007640 secs] [Times: user=0.01 sys=0.00, real=0.00 secs] 
45.598: Total time for which application threads were stopped: 0.0008980 seconds, Stopping threads took: 0.0000650 seconds
45.672: Application time: 0.0739920 seconds
45.672: [GC [PSYoungGen: 30690K->1792K(31232K)] 69996K->41186K(114176K), 0.0008440 secs] [Times: user=0.00 sys=0.00, real=0.00 secs] 
45.673: Total time for which application threads were stopped: 0.0009790 seconds, Stopping threads took: 0.0000660 seconds
45.745: Application time: 0.0719150 seconds
45.745: [GC [PSYoungGen: 30690K->1760K(30720K)] 70084K->41202K(113664K), 0.0008510 secs] [Times: user=0.00 sys=0.00, real=0.00 secs] 
45.746: Total time for which application threads were stopped: 0.0009780 seconds, Stopping threads took: 0.0000610 seconds
45.817: Application time: 0.0708350 seconds
45.817: [GC [PSYoungGen: 30066K->1248K(29696K)] 69508K->40762K(112640K), 0.0006460 secs] [Times: user=0.00 sys=0.00, real=0.00 secs] 
45.817: Total time for which application threads were stopped: 0.0008320 seconds, Stopping threads took: 0.0001220 seconds
45.885: Application time: 0.0674010 seconds
45.885: [GC [PSYoungGen: 29040K->1728K(30208K)] 68554K->41242K(113152K), 0.0007780 secs] [Times: user=0.00 sys=0.00, real=0.00 secs] 
45.886: Total time for which application threads were stopped: 0.0010030 seconds, Stopping threads took: 0.0001560 seconds
45.955: Application time: 0.0691660 seconds
45.955: [GC [PSYoungGen: 29004K->2240K(30720K)] 68518K->41754K(113664K), 0.0009170 secs] [Times: user=0.00 sys=0.00, real=0.00 secs] 
45.956: Total time for which application threads were stopped: 0.0010560 seconds, Stopping threads took: 0.0000690 seconds
46.024: Application time: 0.0679300 seconds
46.024: [GC [PSYoungGen: 29596K->2304K(36352K)] 69110K->41818K(119296K), 0.0007890 secs] [Times: user=0.01 sys=0.00, real=0.00 secs] 
46.025: Total time for which application threads were stopped: 0.0009340 seconds, Stopping threads took: 0.0000770 seconds
46.109: Application time: 0.0842120 seconds
46.109: [GC [PSYoungGen: 35412K->1808K(34816K)] 74926K->41386K(117760K), 0.0006700 secs] [Times: user=0.00 sys=0.00, real=0.00 secs] 
46.110: Total time for which application threads were stopped: 0.0008060 seconds, Stopping threads took: 0.0000660 seconds
46.188: Application time: 0.0781940 seconds
46.188: [GC [PSYoungGen: 34315K->2304K(35840K)] 73893K->41962K(118784K), 0.0009600 secs] [Times: user=0.01 sys=0.00, real=0.00 secs] 
46.189: Total time for which application threads were stopped: 0.0012070 seconds, Stopping threads took: 0.0001740 seconds
46.272: Application time: 0.0823500 seconds
46.272: [GC [PSYoungGen: 34897K->1792K(34304K)] 74556K->41498K(117248K), 0.0008560 secs] [Times: user=0.00 sys=0.00, real=0.00 secs] 
46.273: Total time for which application threads were stopped: 0.0010080 seconds, Stopping threads took: 0.0000850 seconds
46.354: Application time: 0.0808150 seconds
46.354: [GC [PSYoungGen: 33791K->1248K(34304K)] 73498K->41042K(117248K), 0.0006350 secs] [Times: user=0.00 sys=0.00, real=0.00 secs] 
46.354: Total time for which application threads were stopped: 0.0008630 seconds, Stopping threads took: 0.0001660 seconds
46.431: Application time: 0.0769430 seconds
46.431: [GC [PSYoungGen: 32718K->2304K(33792K)] 72513K->42146K(116736K), 0.0009780 secs] [Times: user=0.01 sys=0.00, real=0.00 secs] 
46.432: Total time for which application threads were stopped: 0.0011180 seconds, Stopping threads took: 0.0000700 seconds
46.510: Application time: 0.0778180 seconds
46.510: [GC [PSYoungGen: 33193K->1760K(33280K)] 73035K->41658K(116224K), 0.0007690 secs] [Times: user=0.01 sys=0.00, real=0.00 secs] 
46.511: Total time for which application threads were stopped: 0.0009020 seconds, Stopping threads took: 0.0000680 seconds
46.586: Application time: 0.0745190 seconds
46.586: [GC [PSYoungGen: 32120K->2752K(33792K)] 72019K->42650K(116736K), 0.0011190 secs] [Times: user=0.01 sys=0.00, real=0.01 secs] 
46.587: Total time for which application threads were stopped: 0.0012690 seconds, Stopping threads took: 0.0000760 seconds
46.665: Application time: 0.0777300 seconds
46.665: [GC [PSYoungGen: 33215K->672K(31232K)] 73114K->40570K(114176K), 0.0005680 secs] [Times: user=0.00 sys=0.00, real=0.00 secs] 
46.665: Total time for which application threads were stopped: 0.0006970 seconds, Stopping threads took: 0.0000610 seconds
46.738: Application time: 0.0725810 seconds
46.738: [GC [PSYoungGen: 30594K->1760K(33280K)] 70493K->41714K(116224K), 0.0008220 secs] [Times: user=0.01 sys=0.00, real=0.00 secs] 
46.739: Total time for which application threads were stopped: 0.0009610 seconds, Stopping threads took: 0.0000710 seconds
46.812: Application time: 0.0733880 seconds
46.812: [GC [PSYoungGen: 31253K->1792K(31232K)] 71207K->41802K(114176K), 0.0006880 secs] [Times: user=0.00 sys=0.00, real=0.00 secs] 
46.813: Total time for which application threads were stopped: 0.0008140 seconds, Stopping threads took: 0.0000580 seconds
46.885: Application time: 0.0714050 seconds
46.885: [GC [PSYoungGen: 30690K->1696K(30720K)] 70701K->41774K(113664K), 0.0008200 secs] [Times: user=0.00 sys=0.00, real=0.00 secs] 
46.886: Total time for which application threads were stopped: 0.0009890 seconds, Stopping threads took: 0.0001010 seconds
46.956: Application time: 0.0701430 seconds
46.956: [GC [PSYoungGen: 30078K->2272K(35328K)] 70157K->42406K(118272K), 0.0008810 secs] [Times: user=0.01 sys=0.00, real=0.00 secs] 
46.957: Total time for which application threads were stopped: 0.0010210 seconds, Stopping threads took: 0.0000690 seconds
47.038: Application time: 0.0811730 seconds
47.038: [GC [PSYoungGen: 34787K->1792K(34304K)] 74922K->41974K(117248K), 0.0007890 secs] [Times: user=0.00 sys=0.00, real=0.00 secs] 
47.039: Total time for which application threads were stopped: 0.0009270 seconds, Stopping threads took: 0.0000700 seconds
47.117: Application time: 0.0782700 seconds
47.117: [GC [PSYoungGen: 33783K->2240K(35328K)] 73966K->42462K(118272K), 0.0009910 secs] [Times: user=0.00 sys=0.00, real=0.00 secs] 
47.118: Total time for which application threads were stopped: 0.0011250 seconds, Stopping threads took: 0.0000640 seconds
47.198: Application time: 0.0797590 seconds
47.198: [GC [PSYoungGen: 34157K->2240K(35328K)] 74380K->42518K(118272K), 0.0009240 secs] [Times: user=0.01 sys=0.00, real=0.00 secs] 
47.199: Total time for which application threads were stopped: 0.0010830 seconds, Stopping threads took: 0.0000790 seconds
47.280: Application time: 0.0811490 seconds
47.280: [GC [PSYoungGen: 34163K->1216K(33280K)] 74442K->41494K(116224K), 0.0005920 secs] [Times: user=0.01 sys=0.00, real=0.00 secs] 
47.282: Total time for which application threads were stopped: 0.0017220 seconds, Stopping threads took: 0.0000640 seconds
47.360: Application time: 0.0779450 seconds
47.360: [GC [PSYoungGen: 32769K->2320K(33792K)] 73048K->42598K(116736K), 0.0008910 secs] [Times: user=0.01 sys=0.00, real=0.00 secs] 
47.361: Total time for which application threads were stopped: 0.0011190 seconds, Stopping threads took: 0.0001570 seconds
47.439: Application time: 0.0777350 seconds
47.439: [GC [PSYoungGen: 33291K->1280K(32256K)] 73570K->41639K(115200K), 0.0005950 secs] [Times: user=0.00 sys=0.00, real=0.00 secs] 
47.439: Total time for which application threads were stopped: 0.0007260 seconds, Stopping threads took: 0.0000650 seconds
47.512: Application time: 0.0729900 seconds
47.513: [GC [PSYoungGen: 31714K->2816K(38400K)] 72073K->43215K(121344K), 0.0011020 secs] [Times: user=0.00 sys=0.00, real=0.00 secs] 
47.514: Total time for which application threads were stopped: 0.0012600 seconds, Stopping threads took: 0.0000840 seconds
47.603: Application time: 0.0894820 seconds
47.603: [GC [PSYoungGen: 37904K->1760K(36864K)] 78303K->42207K(119808K), 0.0007210 secs] [Times: user=0.00 sys=0.00, real=0.00 secs] 
47.604: Total time for which application threads were stopped: 0.0008510 seconds, Stopping threads took: 0.0000620 seconds
47.687: Application time: 0.0829490 seconds
47.687: [GC [PSYoungGen: 36402K->3360K(38912K)] 76849K->43847K(121856K), 0.0013440 secs] [Times: user=0.01 sys=0.00, real=0.00 secs] 
47.689: Total time for which application threads were stopped: 0.0014800 seconds, Stopping threads took: 0.0000580 seconds
47.779: Application time: 0.0901090 seconds
47.779: [GC [PSYoungGen: 38452K->1280K(36352K)] 78939K->41847K(119296K), 0.0005890 secs] [Times: user=0.00 sys=0.00, real=0.00 secs] 
47.779: Total time for which application threads were stopped: 0.0007320 seconds, Stopping threads took: 0.0000750 seconds
47.863: Application time: 0.0833270 seconds
47.863: [GC [PSYoungGen: 35765K->2784K(43520K)] 76332K->43399K(126464K), 0.0010890 secs] [Times: user=0.01 sys=0.00, real=0.00 secs] 
47.864: Total time for which application threads were stopped: 0.0012360 seconds, Stopping threads took: 0.0000750 seconds
47.964: Application time: 0.0998400 seconds
47.964: [GC [PSYoungGen: 42500K->1248K(40448K)] 83115K->41863K(123392K), 0.0006190 secs] [Times: user=0.00 sys=0.00, real=0.00 secs] 
47.965: Total time for which application threads were stopped: 0.0007650 seconds, Stopping threads took: 0.0000820 seconds
48.059: Application time: 0.0942480 seconds
48.059: [GC [PSYoungGen: 39926K->2304K(40448K)] 80541K->42967K(123392K), 0.0009440 secs] [Times: user=0.01 sys=0.00, real=0.00 secs] 
48.060: Total time for which application threads were stopped: 0.0010870 seconds, Stopping threads took: 0.0000740 seconds
48.154: Application time: 0.0942550 seconds
48.154: [GC [PSYoungGen: 40038K->1776K(38912K)] 80701K->42487K(121856K), 0.0007580 secs] [Times: user=0.00 sys=0.01, real=0.01 secs] 
48.155: Total time for which application threads were stopped: 0.0008950 seconds, Stopping threads took: 0.0000670 seconds
48.247: Application time: 0.0919380 seconds
48.247: [GC [PSYoungGen: 38400K->1760K(38400K)] 79111K->42543K(121344K), 0.0008180 secs] [Times: user=0.00 sys=0.00, real=0.00 secs] 
48.248: Total time for which application threads were stopped: 0.0010130 seconds, Stopping threads took: 0.0001310 seconds
48.338: Application time: 0.0899030 seconds
48.338: [GC [PSYoungGen: 37874K->1760K(38912K)] 78657K->42599K(121856K), 0.0008190 secs] [Times: user=0.00 sys=0.00, real=0.00 secs] 
48.339: Total time for which application threads were stopped: 0.0009640 seconds, Stopping threads took: 0.0000700 seconds
48.427: Application time: 0.0886460 seconds
48.428: [GC [PSYoungGen: 37438K->1232K(36864K)] 78277K->42127K(119808K), 0.0006570 secs] [Times: user=0.00 sys=0.00, real=0.00 secs] 
48.428: Total time for which application threads were stopped: 0.0008830 seconds, Stopping threads took: 0.0001610 seconds
48.515: Application time: 0.0867450 seconds
48.515: [GC [PSYoungGen: 36233K->2272K(37888K)] 77129K->43255K(120832K), 0.0009690 secs] [Times: user=0.00 sys=0.00, real=0.00 secs] 
48.516: Total time for which application threads were stopped: 0.0011020 seconds, Stopping threads took: 0.0000630 seconds
48.601: Application time: 0.0847200 seconds
48.601: [GC [PSYoungGen: 36763K->2208K(36864K)] 77747K->43191K(119808K), 0.0009360 secs] [Times: user=0.00 sys=0.00, real=0.00 secs] 
48.602: Total time for which application threads were stopped: 0.0010800 seconds, Stopping threads took: 0.0000730 seconds
48.688: Application time: 0.0861110 seconds
48.688: [GC [PSYoungGen: 36341K->2336K(36864K)] 77325K->43319K(119808K), 0.0010120 secs] [Times: user=0.01 sys=0.00, real=0.00 secs] 
48.689: Total time for which application threads were stopped: 0.0011530 seconds, Stopping threads took: 0.0000640 seconds
48.771: Application time: 0.0818290 seconds
48.771: [GC [PSYoungGen: 35875K->2816K(37376K)] 76859K->43879K(120320K), 0.0011390 secs] [Times: user=0.01 sys=0.00, real=0.00 secs] 
48.772: Total time for which application threads were stopped: 0.0013070 seconds, Stopping threads took: 0.0000960 seconds
48.855: Application time: 0.0825720 seconds
48.855: [GC [PSYoungGen: 36436K->2816K(44544K)] 77499K->43927K(127488K), 0.0009580 secs] [Times: user=0.00 sys=0.00, real=0.00 secs] 
48.856: Total time for which application threads were stopped: 0.0011050 seconds, Stopping threads took: 0.0000670 seconds
48.958: Application time: 0.1016720 seconds
48.958: [GC [PSYoungGen: 43554K->2816K(44544K)] 84666K->44007K(127488K), 0.0010020 secs] [Times: user=0.01 sys=0.00, real=0.00 secs] 
48.959: Total time for which application threads were stopped: 0.0011730 seconds, Stopping threads took: 0.0000940 seconds
49.060: Application time: 0.1008380 seconds
49.060: [GC [PSYoungGen: 43556K->2304K(42496K)] 84748K->43551K(125440K), 0.0008380 secs] [Times: user=0.00 sys=0.00, real=0.00 secs] 
49.061: Total time for which application threads were stopped: 0.0009800 seconds, Stopping threads took: 0.0000740 seconds
49.160: Application time: 0.0996880 seconds
49.161: [GC [PSYoungGen: 42016K->1792K(40960K)] 83264K->43103K(123904K), 0.0007600 secs] [Times: user=0.00 sys=0.00, real=0.00 secs] 
49.161: Total time for which application threads were stopped: 0.0008910 seconds, Stopping threads took: 0.0000630 seconds
49.255: Application time: 0.0939750 seconds
49.255: [GC [PSYoungGen: 40396K->1760K(39936K)] 81707K->43127K(122880K), 0.0006910 secs] [Times: user=0.00 sys=0.00, real=0.00 secs] 
49.256: Total time for which application threads were stopped: 0.0008220 seconds, Stopping threads took: 0.0000660 seconds
49.351: Application time: 0.0951190 seconds
49.351: [GC [PSYoungGen: 39492K->1776K(38912K)] 80860K->43143K(121856K), 0.0007980 secs] [Times: user=0.01 sys=0.00, real=0.00 secs] 
49.352: Total time for which application threads were stopped: 0.0009340 seconds, Stopping threads took: 0.0000700 seconds
49.443: Application time: 0.0904200 seconds
49.443: [GC [PSYoungGen: 38400K->2272K(38912K)] 79767K->43727K(121856K), 0.0009140 secs] [Times: user=0.00 sys=0.00, real=0.00 secs] 
49.444: Total time for which application threads were stopped: 0.0010630 seconds, Stopping threads took: 0.0000670 seconds
49.533: Application time: 0.0890720 seconds
49.533: [GC [PSYoungGen: 38464K->1808K(37888K)] 79920K->43311K(120832K), 0.0008090 secs] [Times: user=0.01 sys=0.00, real=0.00 secs] 
49.534: Total time for which application threads were stopped: 0.0009510 seconds, Stopping threads took: 0.0000730 seconds
49.622: Application time: 0.0880520 seconds
49.622: [GC [PSYoungGen: 37404K->2272K(37888K)] 78907K->43847K(120832K), 0.0010170 secs] [Times: user=0.00 sys=0.00, real=0.00 secs] 
49.623: Total time for which application threads were stopped: 0.0011540 seconds, Stopping threads took: 0.0000660 seconds
49.711: Application time: 0.0880630 seconds
49.711: [GC [PSYoungGen: 37360K->1184K(36352K)] 78935K->42807K(119296K), 0.0007630 secs] [Times: user=0.00 sys=0.00, real=0.00 secs] 
49.712: Total time for which application threads were stopped: 0.0009030 seconds, Stopping threads took: 0.0000770 seconds
49.796: Application time: 0.0840050 seconds
49.796: [GC [PSYoungGen: 35750K->2304K(36864K)] 77373K->43983K(119808K), 0.0009890 secs] [Times: user=0.01 sys=0.00, real=0.00 secs] 
49.797: Total time for which application threads were stopped: 0.0011340 seconds, Stopping threads took: 0.0000740 seconds
49.881: Application time: 0.0844250 seconds
49.882: [GC [PSYoungGen: 36277K->3328K(40960K)] 77957K->45040K(123904K), 0.0013070 secs] [Times: user=0.01 sys=0.01, real=0.00 secs] 
49.883: Total time for which application threads were stopped: 0.0014570 seconds, Stopping threads took: 0.0000730 seconds
49.975: Application time: 0.0916960 seconds
49.975: [GC [PSYoungGen: 40468K->3328K(45568K)] 82180K->45040K(128512K), 0.0011230 secs] [Times: user=0.01 sys=0.00, real=0.00 secs] 
49.976: Total time for which application threads were stopped: 0.0012850 seconds, Stopping threads took: 0.0000770 seconds
50.083: Application time: 0.1067980 seconds
50.083: [GC [PSYoungGen: 44667K->1248K(41984K)] 86379K->43023K(124928K), 0.0006430 secs] [Times: user=0.00 sys=0.00, real=0.00 secs] 
50.084: Total time for which application threads were stopped: 0.0007910 seconds, Stopping threads took: 0.0000860 seconds
50.182: Application time: 0.0979710 seconds
50.182: [GC [PSYoungGen: 41464K->3328K(44032K)] 83240K->45176K(126976K), 0.0012830 secs] [Times: user=0.01 sys=0.00, real=0.00 secs] 
50.183: Total time for which application threads were stopped: 0.0014290 seconds, Stopping threads took: 0.0000690 seconds
50.283: Application time: 0.1000400 seconds
50.283: [GC [PSYoungGen: 43123K->1792K(40960K)] 84971K->43688K(123904K), 0.0008770 secs] [Times: user=0.01 sys=0.00, real=0.00 secs] 
50.284: Total time for which application threads were stopped: 0.0010150 seconds, Stopping threads took: 0.0000690 seconds
50.381: Application time: 0.0974820 seconds
50.382: [GC [PSYoungGen: 40476K->1280K(40960K)] 82372K->43264K(123904K), 0.0006930 secs] [Times: user=0.01 sys=0.00, real=0.00 secs] 
50.382: Total time for which application threads were stopped: 0.0008230 seconds, Stopping threads took: 0.0000660 seconds
50.476: Application time: 0.0938430 seconds
50.476: [GC [PSYoungGen: 38936K->736K(37888K)] 80920K->42784K(120832K), 0.0005490 secs] [Times: user=0.00 sys=0.00, real=0.00 secs] 
50.477: Total time for which application threads were stopped: 0.0006900 seconds, Stopping threads took: 0.0000660 seconds
50.567: Application time: 0.0897320 seconds
50.567: [GC [PSYoungGen: 37279K->1760K(39936K)] 79327K->43872K(122880K), 0.0007920 secs] [Times: user=0.00 sys=0.00, real=0.01 secs] 
50.568: Total time for which application threads were stopped: 0.0009250 seconds, Stopping threads took: 0.0000620 seconds
50.657: Application time: 0.0897550 seconds
50.657: [GC [PSYoungGen: 37872K->1760K(37888K)] 79984K->43872K(120832K), 0.0007850 secs] [Times: user=0.00 sys=0.00, real=0.00 secs] 
50.658: Total time for which application threads were stopped: 0.0009380 seconds, Stopping threads took: 0.0000860 seconds
50.745: Application time: 0.0869960 seconds
50.745: [GC [PSYoungGen: 37432K->2816K(38912K)] 79544K->44976K(121856K), 0.0012320 secs] [Times: user=0.00 sys=0.00, real=0.00 secs] 
50.747: Total time for which application threads were stopped: 0.0013760 seconds, Stopping threads took: 0.0000690 seconds
50.835: Application time: 0.0883350 seconds
50.835: [GC [PSYoungGen: 37904K->1760K(36864K)] 80064K->44016K(119808K), 0.0008080 secs] [Times: user=0.00 sys=0.00, real=0.00 secs] 
50.836: Total time for which application threads were stopped: 0.0009390 seconds, Stopping threads took: 0.0000640 seconds
50.921: Application time: 0.0847830 seconds
50.921: [GC [PSYoungGen: 36406K->2304K(37888K)] 78662K->44616K(120832K), 0.0009720 secs] [Times: user=0.00 sys=0.00, real=0.00 secs] 
50.922: Total time for which application threads were stopped: 0.0011340 seconds, Stopping threads took: 0.0000950 seconds
51.008: Application time: 0.0858910 seconds
51.008: [GC [PSYoungGen: 36364K->1248K(35328K)] 78676K->43640K(118272K), 0.0006480 secs] [Times: user=0.00 sys=0.00, real=0.00 secs] 
51.008: Total time for which application threads were stopped: 0.0007800 seconds, Stopping threads took: 0.0000610 seconds
51.091: Application time: 0.0821030 seconds
51.091: [GC [PSYoungGen: 34789K->1280K(36864K)] 77182K->43736K(119808K), 0.0006620 secs] [Times: user=0.00 sys=0.00, real=0.00 secs] 
51.091: Total time for which application threads were stopped: 0.0007860 seconds, Stopping threads took: 0.0000590 seconds
51.173: Application time: 0.0818290 seconds
51.173: [GC [PSYoungGen: 34229K->1248K(34304K)] 76685K->43760K(117248K), 0.0006630 secs] [Times: user=0.00 sys=0.00, real=0.00 secs] 
51.174: Total time for which application threads were stopped: 0.0007940 seconds, Stopping threads took: 0.0000670 seconds
51.255: Application time: 0.0807060 seconds
51.255: [GC [PSYoungGen: 33681K->1248K(35328K)] 76193K->43760K(118272K), 0.0006350 secs] [Times: user=0.01 sys=0.00, real=0.00 secs] 
51.255: Total time for which application threads were stopped: 0.0007790 seconds, Stopping threads took: 0.0000810 seconds
51.332: Application time: 0.0763730 seconds
51.332: [GC [PSYoungGen: 33227K->3328K(35328K)] 75739K->45840K(118272K), 0.0012760 secs] [Times: user=0.00 sys=0.01, real=0.00 secs] 
51.333: Total time for which application threads were stopped: 0.0014210 seconds, Stopping threads took: 0.0000680 seconds
51.413: Application time: 0.0801750 seconds
51.414: [GC [PSYoungGen: 34898K->1792K(34816K)] 77410K->44352K(117760K), 0.0008110 secs] [Times: user=0.01 sys=0.00, real=0.00 secs] 
51.414: Total time for which application threads were stopped: 0.0009470 seconds, Stopping threads took: 0.0000700 seconds
51.489: Application time: 0.0742580 seconds
51.489: [GC [PSYoungGen: 32751K->2304K(35328K)] 75311K->44952K(118272K), 0.0010120 secs] [Times: user=0.01 sys=0.00, real=0.00 secs] 
51.490: Total time for which application threads were stopped: 0.0011400 seconds, Stopping threads took: 0.0000590 seconds
51.568: Application time: 0.0786230 seconds
51.569: [GC [PSYoungGen: 33271K->1792K(32768K)] 75920K->44496K(115712K), 0.0006980 secs] [Times: user=0.01 sys=0.00, real=0.00 secs] 
51.569: Total time for which application threads were stopped: 0.0008320 seconds, Stopping threads took: 0.0000590 seconds
51.641: Application time: 0.0720370 seconds
51.641: [GC [PSYoungGen: 32228K->3296K(40448K)] 74932K->46048K(123392K), 0.0013320 secs] [Times: user=0.00 sys=0.00, real=0.00 secs] 
51.643: Total time for which application threads were stopped: 0.0014790 seconds, Stopping threads took: 0.0000690 seconds
51.735: Application time: 0.0921620 seconds
51.735: [GC [PSYoungGen: 40002K->2848K(40960K)] 82755K->45632K(123904K), 0.0010940 secs] [Times: user=0.00 sys=0.00, real=0.00 secs] 
51.736: Total time for which application threads were stopped: 0.0012340 seconds, Stopping threads took: 0.0000680 seconds
51.826: Application time: 0.0898750 seconds
51.826: [GC [PSYoungGen: 39396K->2752K(40960K)] 82180K->45612K(123904K), 0.0011160 secs] [Times: user=0.01 sys=0.00, real=0.01 secs] 
51.827: Total time for which application threads were stopped: 0.0012590 seconds, Stopping threads took: 0.0000710 seconds
51.919: Application time: 0.0912130 seconds
51.919: [GC [PSYoungGen: 39380K->2304K(48640K)] 82240K->45164K(131584K), 0.0008790 secs] [Times: user=0.00 sys=0.00, real=0.00 secs] 
51.920: Total time for which application threads were stopped: 0.0010350 seconds, Stopping threads took: 0.0000830 seconds
52.030: Application time: 0.1107540 seconds
52.030: [GC [PSYoungGen: 46645K->1248K(45056K)] 89505K->44156K(128000K), 0.0005630 secs] [Times: user=0.00 sys=0.01, real=0.00 secs] 
52.031: Total time for which application threads were stopped: 0.0006860 seconds, Stopping threads took: 0.0000600 seconds
52.138: Application time: 0.1068960 seconds
52.138: [GC [PSYoungGen: 44631K->2320K(45568K)] 87540K->45284K(128512K), 0.0009620 secs] [Times: user=0.00 sys=0.00, real=0.00 secs] 
52.139: Total time for which application threads were stopped: 0.0011700 seconds, Stopping threads took: 0.0001270 seconds
52.241: Application time: 0.1020120 seconds
52.241: [GC [PSYoungGen: 44672K->3808K(46592K)] 87637K->46852K(129536K), 0.0015000 secs] [Times: user=0.00 sys=0.01, real=0.00 secs] 
52.243: Total time for which application threads were stopped: 0.0016630 seconds, Stopping threads took: 0.0000810 seconds
52.353: Application time: 0.1100720 seconds
52.353: [GC [PSYoungGen: 46101K->736K(42496K)] 89146K->43868K(125440K), 0.0005570 secs] [Times: user=0.01 sys=0.00, real=0.00 secs] 
52.355: Total time for which application threads were stopped: 0.0017290 seconds, Stopping threads took: 0.0000660 seconds
52.456: Application time: 0.1010880 seconds
52.456: [GC [PSYoungGen: 41988K->736K(41472K)] 85121K->43924K(124416K), 0.0004770 secs] [Times: user=0.01 sys=0.00, real=0.00 secs] 
52.456: Total time for which application threads were stopped: 0.0006070 seconds, Stopping threads took: 0.0000640 seconds
52.554: Application time: 0.0972680 seconds
52.554: [GC [PSYoungGen: 40878K->1760K(41472K)] 84067K->45004K(124416K), 0.0007000 secs] [Times: user=0.01 sys=0.00, real=0.00 secs] 
52.554: Total time for which application threads were stopped: 0.0008570 seconds, Stopping threads took: 0.0000910 seconds
52.651: Application time: 0.0967140 seconds
52.651: [GC [PSYoungGen: 40954K->2304K(40960K)] 84199K->45548K(123904K), 0.0009830 secs] [Times: user=0.01 sys=0.00, real=0.00 secs] 
52.652: Total time for which application threads were stopped: 0.0011400 seconds, Stopping threads took: 0.0000760 seconds
52.746: Application time: 0.0935200 seconds
52.746: [GC [PSYoungGen: 40553K->1808K(39424K)] 83797K->45101K(122368K), 0.0008410 secs] [Times: user=0.01 sys=0.00, real=0.01 secs] 
52.747: Total time for which application threads were stopped: 0.0009730 seconds, Stopping threads took: 0.0000620 seconds
52.839: Application time: 0.0924120 seconds
52.839: [GC [PSYoungGen: 39028K->1312K(38400K)] 82321K->44677K(121344K), 0.0007200 secs] [Times: user=0.00 sys=0.00, real=0.00 secs] 
52.840: Total time for which application threads were stopped: 0.0008460 seconds, Stopping threads took: 0.0000610 seconds
52.930: Application time: 0.0903050 seconds
52.930: [GC [PSYoungGen: 37938K->1216K(37888K)] 81303K->44661K(120832K), 0.0007140 secs] [Times: user=0.01 sys=0.00, real=0.00 secs] 
52.931: Total time for which application threads were stopped: 0.0008500 seconds, Stopping threads took: 0.0000700 seconds
53.019: Application time: 0.0874570 seconds
53.019: [GC [PSYoungGen: 37323K->2272K(38400K)] 80768K->45765K(121344K), 0.0009650 secs] [Times: user=0.00 sys=0.00, real=0.00 secs] 
53.020: Total time for which application threads were stopped: 0.0011070 seconds, Stopping threads took: 0.0000690 seconds
53.108: Application time: 0.0886650 seconds
53.108: [GC [PSYoungGen: 37870K->2304K(37888K)] 81363K->45853K(120832K), 0.0009580 secs] [Times: user=0.00 sys=0.00, real=0.00 secs] 
53.109: Total time for which application threads were stopped: 0.0010980 seconds, Stopping threads took: 0.0000690 seconds
53.200: Application time: 0.0902230 seconds
53.200: [GC [PSYoungGen: 37311K->1696K(36864K)] 80861K->45285K(119808K), 0.0008610 secs] [Times: user=0.01 sys=0.00, real=0.00 secs] 
53.201: Total time for which application threads were stopped: 0.0010110 seconds, Stopping threads took: 0.0000740 seconds
53.287: Application time: 0.0857960 seconds
53.287: [GC [PSYoungGen: 36260K->3296K(37888K)] 79849K->46885K(120832K), 0.0012870 secs] [Times: user=0.01 sys=0.00, real=0.01 secs] 
53.288: Total time for which application threads were stopped: 0.0014410 seconds, Stopping threads took: 0.0000750 seconds
53.376: Application time: 0.0877080 seconds
53.376: [GC [PSYoungGen: 37362K->704K(34816K)] 80951K->44341K(117760K), 0.0004900 secs] [Times: user=0.00 sys=0.00, real=0.00 secs] 
53.376: Total time for which application threads were stopped: 0.0006260 seconds, Stopping threads took: 0.0000780 seconds
53.459: Application time: 0.0823050 seconds
53.459: [GC [PSYoungGen: 34321K->1280K(36864K)] 77958K->44965K(119808K), 0.0006630 secs] [Times: user=0.00 sys=0.00, real=0.00 secs] 
53.459: Total time for which application threads were stopped: 0.0007990 seconds, Stopping threads took: 0.0000690 seconds
53.541: Application time: 0.0820310 seconds
53.542: [GC [PSYoungGen: 34303K->1792K(34816K)] 77988K->45565K(117760K), 0.0008200 secs] [Times: user=0.01 sys=0.00, real=0.00 secs] 
53.542: Total time for which application threads were stopped: 0.0009620 seconds, Stopping threads took: 0.0000720 seconds
53.624: Application time: 0.0815270 seconds
53.624: [GC [PSYoungGen: 34307K->1248K(34816K)] 78081K->45069K(117760K), 0.0006800 secs] [Times: user=0.00 sys=0.00, real=0.00 secs] 
53.625: Total time for which application threads were stopped: 0.0008050 seconds, Stopping threads took: 0.0000620 seconds
53.703: Application time: 0.0784020 seconds
53.703: [GC [PSYoungGen: 33243K->1216K(33280K)] 77064K->45077K(116224K), 0.0006830 secs] [Times: user=0.00 sys=0.00, real=0.00 secs] 
53.704: Total time for which application threads were stopped: 0.0008160 seconds, Stopping threads took: 0.0000590 seconds
53.780: Application time: 0.0756960 seconds
53.780: [GC [PSYoungGen: 32683K->2816K(34816K)] 76544K->46725K(117760K), 0.0011260 secs] [Times: user=0.00 sys=0.00, real=0.00 secs] 
53.781: Total time for which application threads were stopped: 0.0012780 seconds, Stopping threads took: 0.0000750 seconds
53.861: Application time: 0.0802510 seconds
53.861: [GC [PSYoungGen: 33717K->704K(31744K)] 77627K->44677K(114688K), 0.0004840 secs] [Times: user=0.01 sys=0.00, real=0.00 secs] 
53.862: Total time for which application threads were stopped: 0.0006080 seconds, Stopping threads took: 0.0000660 seconds
53.936: Application time: 0.0739820 seconds
53.936: [GC [PSYoungGen: 31138K->2304K(33792K)] 75112K->46277K(116736K), 0.0009430 secs] [Times: user=0.00 sys=0.00, real=0.00 secs] 
53.937: Total time for which application threads were stopped: 0.0010980 seconds, Stopping threads took: 0.0000840 seconds
54.010: Application time: 0.0733510 seconds
54.010: [GC [PSYoungGen: 32226K->3328K(34304K)] 76200K->47341K(117248K), 0.0013290 secs] [Times: user=0.01 sys=0.00, real=0.00 secs] 
54.012: Total time for which application threads were stopped: 0.0014860 seconds, Stopping threads took: 0.0000770 seconds
54.089: Application time: 0.0775920 seconds
54.089: [GC [PSYoungGen: 33362K->160K(30208K)] 77375K->44221K(113152K), 0.0004400 secs] [Times: user=0.00 sys=0.00, real=0.00 secs] 
54.090: Total time for which application threads were stopped: 0.0005520 seconds, Stopping threads took: 0.0000550 seconds
54.162: Application time: 0.0719860 seconds
54.162: [GC [PSYoungGen: 29490K->1248K(33792K)] 73551K->45405K(116736K), 0.0005940 secs] [Times: user=0.00 sys=0.00, real=0.00 secs] 
54.163: Total time for which application threads were stopped: 0.0007190 seconds, Stopping threads took: 0.0000630 seconds
54.234: Application time: 0.0709960 seconds
54.234: [GC [PSYoungGen: 30220K->2272K(31232K)] 74378K->46429K(114176K), 0.0008770 secs] [Times: user=0.00 sys=0.00, real=0.00 secs] 
54.235: Total time for which application threads were stopped: 0.0010260 seconds, Stopping threads took: 0.0000720 seconds
54.306: Application time: 0.0710880 seconds
54.306: [GC [PSYoungGen: 30658K->1728K(35840K)] 74816K->45973K(118784K), 0.0008670 secs] [Times: user=0.00 sys=0.00, real=0.01 secs] 
54.307: Total time for which application threads were stopped: 0.0010270 seconds, Stopping threads took: 0.0000850 seconds
54.384: Application time: 0.0776050 seconds
54.384: [GC [PSYoungGen: 33124K->2208K(38912K)] 77370K->46493K(121856K), 0.0008600 secs] [Times: user=0.01 sys=0.00, real=0.00 secs] 
54.385: Total time for which application threads were stopped: 0.0009950 seconds, Stopping threads took: 0.0000680 seconds
54.471: Application time: 0.0861730 seconds
54.472: [GC [PSYoungGen: 36778K->1760K(36352K)] 81063K->46045K(119296K), 0.0007900 secs] [Times: user=0.00 sys=0.00, real=0.00 secs] 
54.472: Total time for which application threads were stopped: 0.0009700 seconds, Stopping threads took: 0.0001140 seconds
54.558: Application time: 0.0858490 seconds
54.558: [GC [PSYoungGen: 35817K->1760K(36864K)] 80103K->46101K(119808K), 0.0007780 secs] [Times: user=0.00 sys=0.00, real=0.00 secs] 
54.559: Total time for which application threads were stopped: 0.0009180 seconds, Stopping threads took: 0.0000690 seconds
54.643: Application time: 0.0838020 seconds
54.643: [GC [PSYoungGen: 35219K->2272K(35840K)] 79561K->46669K(118784K), 0.0009690 secs] [Times: user=0.00 sys=0.00, real=0.00 secs] 
54.644: Total time for which application threads were stopped: 0.0011070 seconds, Stopping threads took: 0.0000700 seconds
54.728: Application time: 0.0842020 seconds
54.728: [GC [PSYoungGen: 35378K->1792K(35840K)] 79776K->46189K(118784K), 0.0007990 secs] [Times: user=0.01 sys=0.00, real=0.00 secs] 
54.729: Total time for which application threads were stopped: 0.0009400 seconds, Stopping threads took: 0.0000660 seconds
54.809: Application time: 0.0800400 seconds
54.809: [GC [PSYoungGen: 34299K->2304K(34816K)] 78697K->46781K(117760K), 0.0009880 secs] [Times: user=0.01 sys=0.00, real=0.00 secs] 
54.810: Total time for which application threads were stopped: 0.0011360 seconds, Stopping threads took: 0.0000700 seconds
54.890: Application time: 0.0799940 seconds
54.891: [GC [PSYoungGen: 34303K->1792K(34816K)] 78781K->46317K(117760K), 0.0007960 secs] [Times: user=0.00 sys=0.00, real=0.00 secs] 
54.891: Total time for which application threads were stopped: 0.0009520 seconds, Stopping threads took: 0.0000900 seconds
54.969: Application time: 0.0778630 seconds
54.969: [GC [PSYoungGen: 33267K->2240K(35328K)] 77793K->46805K(118272K), 0.0009580 secs] [Times: user=0.01 sys=0.00, real=0.00 secs] 
54.970: Total time for which application threads were stopped: 0.0011000 seconds, Stopping threads took: 0.0000710 seconds
55.049: Application time: 0.0781260 seconds
55.049: [GC [PSYoungGen: 33719K->2304K(41984K)] 78285K->46917K(124928K), 0.0007990 secs] [Times: user=0.01 sys=0.00, real=0.00 secs] 
55.049: Total time for which application threads were stopped: 0.0009340 seconds, Stopping threads took: 0.0000670 seconds
55.145: Application time: 0.0959870 seconds
55.146: [GC [PSYoungGen: 40474K->1760K(39424K)] 85088K->46437K(122368K), 0.0007240 secs] [Times: user=0.01 sys=0.00, real=0.00 secs] 
55.146: Total time for which application threads were stopped: 0.0008530 seconds, Stopping threads took: 0.0000660 seconds
55.238: Application time: 0.0920520 seconds
55.238: [GC [PSYoungGen: 38898K->2272K(39936K)] 83576K->46997K(122880K), 0.0009110 secs] [Times: user=0.01 sys=0.00, real=0.00 secs] 
55.239: Total time for which application threads were stopped: 0.0010420 seconds, Stopping threads took: 0.0000590 seconds
55.330: Application time: 0.0908760 seconds
55.330: [GC [PSYoungGen: 38898K->2304K(38912K)] 83624K->47086K(121856K), 0.0010410 secs] [Times: user=0.01 sys=0.00, real=0.00 secs] 
55.331: Total time for which application threads were stopped: 0.0011780 seconds, Stopping threads took: 0.0000590 seconds
55.422: Application time: 0.0901080 seconds
55.422: [GC [PSYoungGen: 38418K->1792K(37888K)] 83200K->46638K(120832K), 0.0007710 secs] [Times: user=0.00 sys=0.00, real=0.00 secs] 
55.422: Total time for which application threads were stopped: 0.0009060 seconds, Stopping threads took: 0.0000690 seconds
55.512: Application time: 0.0891370 seconds
55.512: [GC [PSYoungGen: 37472K->752K(38400K)] 82318K->45654K(121344K), 0.0005360 secs] [Times: user=0.00 sys=0.00, real=0.00 secs] 
55.512: Total time for which application threads were stopped: 0.0006650 seconds, Stopping threads took: 0.0000680 seconds
55.598: Application time: 0.0857720 seconds
55.598: [GC [PSYoungGen: 35829K->2272K(37888K)] 80731K->47262K(120832K), 0.0009660 secs] [Times: user=0.00 sys=0.00, real=0.00 secs] 
55.599: Total time for which application threads were stopped: 0.0011000 seconds, Stopping threads took: 0.0000620 seconds
55.686: Application time: 0.0870230 seconds
55.686: [GC [PSYoungGen: 36846K->1280K(35840K)] 81836K->46326K(118784K), 0.0006710 secs] [Times: user=0.00 sys=0.00, real=0.01 secs] 
55.687: Total time for which application threads were stopped: 0.0008090 seconds, Stopping threads took: 0.0000750 seconds
55.770: Application time: 0.0833490 seconds
55.770: [GC [PSYoungGen: 35333K->1792K(35840K)] 80380K->46902K(118784K), 0.0008650 secs] [Times: user=0.01 sys=0.00, real=0.00 secs] 
55.771: Total time for which application threads were stopped: 0.0009920 seconds, Stopping threads took: 0.0000580 seconds
55.855: Application time: 0.0838740 seconds
55.855: [GC [PSYoungGen: 35255K->1728K(35328K)] 80365K->46894K(118272K), 0.0007820 secs] [Times: user=0.00 sys=0.00, real=0.00 secs] 
55.856: Total time for which application threads were stopped: 0.0009170 seconds, Stopping threads took: 0.0000610 seconds
55.940: Application time: 0.0836390 seconds
55.940: [GC [PSYoungGen: 34760K->736K(35328K)] 79926K->45902K(118272K), 0.0004940 secs] [Times: user=0.00 sys=0.00, real=0.00 secs] 
55.940: Total time for which application threads were stopped: 0.0006230 seconds, Stopping threads took: 0.0000690 seconds
56.023: Application time: 0.0826140 seconds
56.023: [GC [PSYoungGen: 33251K->224K(35328K)] 78417K->45454K(118272K), 0.0004110 secs] [Times: user=0.00 sys=0.00, real=0.00 secs] 
56.024: Total time for which application threads were stopped: 0.0005280 seconds, Stopping threads took: 0.0000640 seconds
56.100: Application time: 0.0761700 seconds
56.100: [GC [PSYoungGen: 32274K->3360K(35328K)] 77504K->48638K(118272K), 0.0013080 secs] [Times: user=0.01 sys=0.00, real=0.00 secs] 
56.101: Total time for which application threads were stopped: 0.0014530 seconds, Stopping threads took: 0.0000680 seconds
56.181: Application time: 0.0798880 seconds
56.181: [GC [PSYoungGen: 34847K->2304K(33792K)] 80126K->47670K(116736K), 0.0009530 secs] [Times: user=0.01 sys=0.00, real=0.00 secs] 
56.182: Total time for which application threads were stopped: 0.0011420 seconds, Stopping threads took: 0.0001170 seconds
56.260: Application time: 0.0776920 seconds
56.260: [GC [PSYoungGen: 33275K->1248K(33280K)] 78641K->46678K(116224K), 0.0006890 secs] [Times: user=0.00 sys=0.00, real=0.00 secs] 
56.261: Total time for which application threads were stopped: 0.0008190 seconds, Stopping threads took: 0.0000670 seconds
56.335: Application time: 0.0746960 seconds
56.336: [GC [PSYoungGen: 31686K->2304K(33792K)] 77117K->47774K(116736K), 0.0009440 secs] [Times: user=0.00 sys=0.00, real=0.00 secs] 
56.336: Total time for which application threads were stopped: 0.0010790 seconds, Stopping threads took: 0.0000580 seconds
56.410: Application time: 0.0738160 seconds
56.410: [GC [PSYoungGen: 32239K->1728K(32256K)] 77709K->47246K(115200K), 0.0008260 secs] [Times: user=0.00 sys=0.00, real=0.00 secs] 
56.411: Total time for which application threads were stopped: 0.0009650 seconds, Stopping threads took: 0.0000670 seconds
56.485: Application time: 0.0739530 seconds
56.485: [GC [PSYoungGen: 31060K->2240K(33280K)] 76578K->47798K(116224K), 0.0009430 secs] [Times: user=0.01 sys=0.00, real=0.00 secs] 
56.486: Total time for which application threads were stopped: 0.0010820 seconds, Stopping threads took: 0.0000690 seconds
56.560: Application time: 0.0736290 seconds
56.560: [GC [PSYoungGen: 31663K->1248K(30720K)] 77221K->46806K(113664K), 0.0006170 secs] [Times: user=0.00 sys=0.00, real=0.00 secs] 
56.561: Total time for which application threads were stopped: 0.0007460 seconds, Stopping threads took: 0.0000670 seconds
56.632: Application time: 0.0713740 seconds
56.632: [GC [PSYoungGen: 30068K->1248K(30208K)] 75626K->46862K(113152K), 0.0006400 secs] [Times: user=0.00 sys=0.00, real=0.00 secs] 
56.633: Total time for which application threads were stopped: 0.0007570 seconds, Stopping threads took: 0.0000530 seconds
56.704: Application time: 0.0707350 seconds
56.704: [GC [PSYoungGen: 29712K->736K(29184K)] 75327K->46350K(112128K), 0.0005390 secs] [Times: user=0.00 sys=0.00, real=0.00 secs] 
56.704: Total time for which application threads were stopped: 0.0006600 seconds, Stopping threads took: 0.0000630 seconds
56.770: Application time: 0.0654760 seconds
56.770: [GC [PSYoungGen: 28598K->2816K(33792K)] 74212K->48506K(116736K), 0.0011750 secs] [Times: user=0.00 sys=0.00, real=0.00 secs] 
56.771: Total time for which application threads were stopped: 0.0013940 seconds, Stopping threads took: 0.0001440 seconds
56.847: Application time: 0.0758490 seconds
56.847: [GC [PSYoungGen: 32759K->1184K(31232K)] 78450K->46922K(114176K), 0.0005880 secs] [Times: user=0.00 sys=0.00, real=0.00 secs] 
56.848: Total time for which application threads were stopped: 0.0007180 seconds, Stopping threads took: 0.0000650 seconds
56.921: Application time: 0.0733060 seconds
56.921: [GC [PSYoungGen: 30598K->1280K(30720K)] 76337K->47074K(113664K), 0.0006700 secs] [Times: user=0.00 sys=0.00, real=0.00 secs] 
56.922: Total time for which application threads were stopped: 0.0008120 seconds, Stopping threads took: 0.0000690 seconds
56.994: Application time: 0.0721930 seconds
56.994: [GC [PSYoungGen: 30178K->1280K(30208K)] 75973K->47130K(113152K), 0.0007150 secs] [Times: user=0.00 sys=0.00, real=0.01 secs] 
56.995: Total time for which application threads were stopped: 0.0008400 seconds, Stopping threads took: 0.0000570 seconds
57.065: Application time: 0.0702040 seconds
57.065: [GC [PSYoungGen: 29586K->1248K(29696K)] 75436K->47162K(112640K), 0.0006210 secs] [Times: user=0.01 sys=0.00, real=0.00 secs] 
57.066: Total time for which application threads were stopped: 0.0007490 seconds, Stopping threads took: 0.0000630 seconds
57.135: Application time: 0.0692620 seconds
57.135: [GC [PSYoungGen: 29112K->2208K(30720K)] 75026K->48122K(113664K), 0.0009730 secs] [Times: user=0.00 sys=0.00, real=0.00 secs] 
57.136: Total time for which application threads were stopped: 0.0011750 seconds, Stopping threads took: 0.0001310 seconds
57.204: Application time: 0.0674760 seconds
57.204: [GC [PSYoungGen: 29566K->2272K(31232K)] 75481K->48242K(114176K), 0.0009390 secs] [Times: user=0.01 sys=0.00, real=0.00 secs] 
57.205: Total time for which application threads were stopped: 0.0010730 seconds, Stopping threads took: 0.0000620 seconds
57.273: Application time: 0.0686430 seconds
57.274: [GC [PSYoungGen: 29552K->1760K(36864K)] 75522K->47786K(119808K), 0.0006660 secs] [Times: user=0.00 sys=0.00, real=0.00 secs] 
57.274: Total time for which application threads were stopped: 0.0008550 seconds, Stopping threads took: 0.0001230 seconds
57.356: Application time: 0.0815450 seconds
57.356: [GC [PSYoungGen: 34861K->2304K(36864K)] 80888K->48330K(119808K), 0.0009460 secs] [Times: user=0.01 sys=0.00, real=0.00 secs] 
57.358: Total time for which application threads were stopped: 0.0017110 seconds, Stopping threads took: 0.0000700 seconds
57.440: Application time: 0.0821110 seconds
57.440: [GC [PSYoungGen: 35332K->2304K(43520K)] 81358K->48418K(126464K), 0.0008640 secs] [Times: user=0.00 sys=0.00, real=0.00 secs] 
57.441: Total time for which application threads were stopped: 0.0010240 seconds, Stopping threads took: 0.0000810 seconds
57.540: Application time: 0.0997400 seconds
57.541: [GC [PSYoungGen: 42016K->1760K(40960K)] 88131K->47914K(123904K), 0.0006970 secs] [Times: user=0.00 sys=0.00, real=0.00 secs] 
57.541: Total time for which application threads were stopped: 0.0008370 seconds, Stopping threads took: 0.0000750 seconds
57.636: Application time: 0.0950460 seconds
57.636: [GC [PSYoungGen: 40516K->2816K(40960K)] 86671K->49018K(123904K), 0.0011060 secs] [Times: user=0.00 sys=0.00, real=0.00 secs] 
57.638: Total time for which application threads were stopped: 0.0012510 seconds, Stopping threads took: 0.0000710 seconds
57.731: Application time: 0.0934240 seconds
57.731: [GC [PSYoungGen: 40394K->2240K(39424K)] 86597K->48518K(122368K), 0.0009930 secs] [Times: user=0.00 sys=0.00, real=0.00 secs] 
57.732: Total time for which application threads were stopped: 0.0011350 seconds, Stopping threads took: 0.0000730 seconds
57.824: Application time: 0.0922810 seconds
57.825: [GC [PSYoungGen: 38868K->1792K(38912K)] 85146K->48070K(121856K), 0.0007440 secs] [Times: user=0.00 sys=0.00, real=0.00 secs] 
57.825: Total time for which application threads were stopped: 0.0009410 seconds, Stopping threads took: 0.0001300 seconds
57.916: Application time: 0.0906310 seconds
57.916: [GC [PSYoungGen: 37906K->1248K(37376K)] 84185K->47590K(120320K), 0.0006420 secs] [Times: user=0.00 sys=0.00, real=0.00 secs] 
57.917: Total time for which application threads were stopped: 0.0007830 seconds, Stopping threads took: 0.0000770 seconds
58.002: Application time: 0.0855440 seconds
58.002: [GC [PSYoungGen: 36838K->3328K(38912K)] 83181K->49711K(121856K), 0.0013170 secs] [Times: user=0.01 sys=0.00, real=0.00 secs] 
58.004: Total time for which application threads were stopped: 0.0015420 seconds, Stopping threads took: 0.0001390 seconds
58.095: Application time: 0.0909370 seconds
58.095: [GC [PSYoungGen: 38496K->1760K(36864K)] 84879K->48191K(119808K), 0.0008400 secs] [Times: user=0.01 sys=0.00, real=0.00 secs] 
58.096: Total time for which application threads were stopped: 0.0009900 seconds, Stopping threads took: 0.0000750 seconds
58.180: Application time: 0.0840810 seconds
58.180: [GC [PSYoungGen: 36325K->2816K(37888K)] 82756K->49319K(120832K), 0.0011560 secs] [Times: user=0.00 sys=0.00, real=0.00 secs] 
58.181: Total time for which application threads were stopped: 0.0013100 seconds, Stopping threads took: 0.0000820 seconds
58.269: Application time: 0.0873290 seconds
58.269: [GC [PSYoungGen: 36869K->2752K(38400K)] 83372K->49303K(121344K), 0.0011930 secs] [Times: user=0.00 sys=0.00, real=0.00 secs] 
58.270: Total time for which application threads were stopped: 0.0013400 seconds, Stopping threads took: 0.0000780 seconds
58.356: Application time: 0.0863630 seconds
58.356: [GC [PSYoungGen: 36814K->1280K(35328K)] 83365K->47895K(118272K), 0.0006260 secs] [Times: user=0.01 sys=0.00, real=0.00 secs] 
58.357: Total time for which application threads were stopped: 0.0007520 seconds, Stopping threads took: 0.0000630 seconds
58.440: Application time: 0.0826490 seconds
58.440: [GC [PSYoungGen: 34819K->1760K(35328K)] 81435K->48439K(118272K), 0.0008270 secs] [Times: user=0.00 sys=0.00, real=0.00 secs] 
58.441: Total time for which application threads were stopped: 0.0009540 seconds, Stopping threads took: 0.0000590 seconds
58.523: Application time: 0.0826540 seconds
58.523: [GC [PSYoungGen: 34705K->2272K(35328K)] 81384K->49007K(118272K), 0.0008440 secs] [Times: user=0.00 sys=0.00, real=0.00 secs] 
58.524: Total time for which application threads were stopped: 0.0009850 seconds, Stopping threads took: 0.0000640 seconds
58.605: Application time: 0.0806070 seconds
58.605: [GC [PSYoungGen: 34787K->1792K(34304K)] 81522K->48527K(117248K), 0.0008370 secs] [Times: user=0.00 sys=0.00, real=0.00 secs] 
58.606: Total time for which application threads were stopped: 0.0009740 seconds, Stopping threads took: 0.0000720 seconds
58.686: Application time: 0.0797570 seconds
58.686: [GC [PSYoungGen: 33865K->1792K(33792K)] 80601K->48575K(116736K), 0.0008230 secs] [Times: user=0.00 sys=0.00, real=0.00 secs] 
58.687: Total time for which application threads were stopped: 0.0009590 seconds, Stopping threads took: 0.0000690 seconds
58.765: Application time: 0.0784930 seconds
58.765: [GC [PSYoungGen: 33279K->704K(32256K)] 80063K->47575K(115200K), 0.0005760 secs] [Times: user=0.00 sys=0.00, real=0.00 secs] 
58.766: Total time for which application threads were stopped: 0.0006960 seconds, Stopping threads took: 0.0000630 seconds
58.840: Application time: 0.0742830 seconds
58.840: [GC [PSYoungGen: 31654K->2272K(33280K)] 78526K->49191K(116224K), 0.0010690 secs] [Times: user=0.00 sys=0.00, real=0.00 secs] 
58.841: Total time for which application threads were stopped: 0.0012270 seconds, Stopping threads took: 0.0000850 seconds
58.917: Application time: 0.0759520 seconds
58.917: [GC [PSYoungGen: 32723K->1792K(32256K)] 79642K->48759K(115200K), 0.0008590 secs] [Times: user=0.01 sys=0.00, real=0.00 secs] 
58.918: Total time for which application threads were stopped: 0.0009980 seconds, Stopping threads took: 0.0000720 seconds
58.993: Application time: 0.0744360 seconds
58.993: [GC [PSYoungGen: 31722K->1760K(32768K)] 78690K->48783K(115712K), 0.0008300 secs] [Times: user=0.01 sys=0.00, real=0.00 secs] 
58.994: Total time for which application threads were stopped: 0.0009660 seconds, Stopping threads took: 0.0000680 seconds
59.067: Application time: 0.0735350 seconds
59.067: [GC [PSYoungGen: 31094K->1760K(31232K)] 78117K->48831K(114176K), 0.0008540 secs] [Times: user=0.01 sys=0.00, real=0.00 secs] 
59.068: Total time for which application threads were stopped: 0.0010380 seconds, Stopping threads took: 0.0001080 seconds
59.140: Application time: 0.0721090 seconds
59.140: [GC [PSYoungGen: 30662K->1248K(31232K)] 77734K->48319K(114176K), 0.0006510 secs] [Times: user=0.00 sys=0.00, real=0.00 secs] 
59.141: Total time for which application threads were stopped: 0.0008060 seconds, Stopping threads took: 0.0000890 seconds
59.210: Application time: 0.0687330 seconds
59.210: [GC [PSYoungGen: 29628K->2784K(31744K)] 76699K->49903K(114688K), 0.0011820 secs] [Times: user=0.01 sys=0.00, real=0.00 secs] 
59.211: Total time for which application threads were stopped: 0.0013330 seconds, Stopping threads took: 0.0000750 seconds
59.282: Application time: 0.0712000 seconds
59.282: [GC [PSYoungGen: 31092K->2272K(38400K)] 78211K->49431K(121344K), 0.0008870 secs] [Times: user=0.00 sys=0.00, real=0.00 secs] 
59.283: Total time for which application threads were stopped: 0.0010200 seconds, Stopping threads took: 0.0000630 seconds
59.370: Application time: 0.0866140 seconds
59.370: [GC [PSYoungGen: 36920K->2240K(38400K)] 84079K->49399K(121344K), 0.0008680 secs] [Times: user=0.01 sys=0.00, real=0.00 secs] 
59.371: Total time for which application threads were stopped: 0.0010000 seconds, Stopping threads took: 0.0000620 seconds
59.458: Application time: 0.0869780 seconds
59.458: [GC [PSYoungGen: 36814K->1248K(35840K)] 83973K->48495K(118784K), 0.0006140 secs] [Times: user=0.01 sys=0.00, real=0.00 secs] 
59.459: Total time for which application threads were stopped: 0.0007760 seconds, Stopping threads took: 0.0000990 seconds
59.543: Application time: 0.0846510 seconds
59.544: [GC [PSYoungGen: 35302K->1792K(35840K)] 82549K->49095K(118784K), 0.0007710 secs] [Times: user=0.01 sys=0.00, real=0.00 secs] 
59.544: Total time for which application threads were stopped: 0.0009100 seconds, Stopping threads took: 0.0000710 seconds
59.629: Application time: 0.0843270 seconds
59.629: [GC [PSYoungGen: 35406K->2848K(36352K)] 82709K->50191K(119296K), 0.0010310 secs] [Times: user=0.01 sys=0.00, real=0.00 secs] 
59.630: Total time for which application threads were stopped: 0.0011750 seconds, Stopping threads took: 0.0000590 seconds
59.711: Application time: 0.0814950 seconds
59.711: [GC [PSYoungGen: 35799K->2272K(41984K)] 83143K->49699K(124928K), 0.0009500 secs] [Times: user=0.00 sys=0.00, real=0.00 secs] 
59.712: Total time for which application threads were stopped: 0.0010950 seconds, Stopping threads took: 0.0000750 seconds
59.808: Application time: 0.0952640 seconds
59.808: [GC [PSYoungGen: 40442K->1184K(38912K)] 87870K->48611K(121856K), 0.0006830 secs] [Times: user=0.01 sys=0.00, real=0.00 secs] 
59.809: Total time for which application threads were stopped: 0.0008640 seconds, Stopping threads took: 0.0001160 seconds
59.899: Application time: 0.0908580 seconds
59.900: [GC [PSYoungGen: 38320K->2752K(39936K)] 85747K->50219K(122880K), 0.0011910 secs] [Times: user=0.01 sys=0.00, real=0.00 secs] 
59.901: Total time for which application threads were stopped: 0.0013280 seconds, Stopping threads took: 0.0000630 seconds
59.992: Application time: 0.0909910 seconds
59.992: [GC [PSYoungGen: 39300K->2784K(39936K)] 86767K->50299K(122880K), 0.0010860 secs] [Times: user=0.00 sys=0.00, real=0.00 secs] 
59.993: Total time for which application threads were stopped: 0.0012190 seconds, Stopping threads took: 0.0000620 seconds
60.083: Application time: 0.0899660 seconds
60.083: [GC [PSYoungGen: 39488K->2800K(40960K)] 87004K->50315K(123904K), 0.0010940 secs] [Times: user=0.01 sys=0.00, real=0.00 secs] 
60.084: Total time for which application threads were stopped: 0.0012260 seconds, Stopping threads took: 0.0000580 seconds
60.176: Application time: 0.0919680 seconds
60.176: [GC [PSYoungGen: 39506K->2304K(48640K)] 87022K->49903K(131584K), 0.0008960 secs] [Times: user=0.01 sys=0.00, real=0.00 secs] 
60.177: Total time for which application threads were stopped: 0.0010340 seconds, Stopping threads took: 0.0000580 seconds
60.290: Application time: 0.1125020 seconds
60.290: [GC [PSYoungGen: 46723K->1280K(45056K)] 94323K->48967K(128000K), 0.0005720 secs] [Times: user=0.00 sys=0.00, real=0.00 secs] 
60.290: Total time for which application threads were stopped: 0.0007080 seconds, Stopping threads took: 0.0000740 seconds
60.394: Application time: 0.1040050 seconds
60.394: [GC [PSYoungGen: 44506K->2304K(45056K)] 92194K->50080K(128000K), 0.0009630 secs] [Times: user=0.00 sys=0.00, real=0.01 secs] 
60.395: Total time for which application threads were stopped: 0.0011180 seconds, Stopping threads took: 0.0000760 seconds
60.502: Application time: 0.1062680 seconds
60.502: [GC [PSYoungGen: 44661K->2784K(44544K)] 92437K->50560K(127488K), 0.0011690 secs] [Times: user=0.01 sys=0.00, real=0.00 secs] 
60.503: Total time for which application threads were stopped: 0.0013140 seconds, Stopping threads took: 0.0000690 seconds
60.605: Application time: 0.1021210 seconds
60.605: [GC [PSYoungGen: 43958K->2720K(43520K)] 91734K->50564K(126464K), 0.0011060 secs] [Times: user=0.00 sys=0.00, real=0.00 secs] 
60.606: Total time for which application threads were stopped: 0.0012510 seconds, Stopping threads took: 0.0000720 seconds
60.708: Application time: 0.1011410 seconds
60.708: [GC [PSYoungGen: 43027K->1728K(41472K)] 90871K->49572K(124416K), 0.0008690 secs] [Times: user=0.01 sys=0.00, real=0.00 secs] 
60.709: Total time for which application threads were stopped: 0.0010270 seconds, Stopping threads took: 0.0000840 seconds
60.803: Application time: 0.0943320 seconds
60.803: [GC [PSYoungGen: 40918K->3296K(41984K)] 88762K->51216K(124928K), 0.0013160 secs] [Times: user=0.01 sys=0.00, real=0.00 secs] 
60.804: Total time for which application threads were stopped: 0.0015230 seconds, Stopping threads took: 0.0001310 seconds
60.903: Application time: 0.0988880 seconds
60.903: [GC [PSYoungGen: 41553K->736K(38400K)] 89473K->48704K(121344K), 0.0005620 secs] [Times: user=0.00 sys=0.00, real=0.00 secs] 
60.904: Total time for which application threads were stopped: 0.0006920 seconds, Stopping threads took: 0.0000690 seconds
60.996: Application time: 0.0920380 seconds
60.996: [GC [PSYoungGen: 37878K->224K(40960K)] 85846K->48288K(123904K), 0.0004070 secs] [Times: user=0.00 sys=0.00, real=0.00 secs] 
60.997: Total time for which application threads were stopped: 0.0005320 seconds, Stopping threads took: 0.0000630 seconds
61.087: Application time: 0.0902400 seconds
61.087: [GC [PSYoungGen: 36769K->672K(37376K)] 84834K->48808K(120320K), 0.0004880 secs] [Times: user=0.01 sys=0.00, real=0.00 secs] 
61.087: Total time for which application threads were stopped: 0.0006030 seconds, Stopping threads took: 0.0000540 seconds
61.176: Application time: 0.0883990 seconds
61.176: [GC [PSYoungGen: 36857K->1792K(38912K)] 84994K->49928K(121856K), 0.0008500 secs] [Times: user=0.01 sys=0.00, real=0.00 secs] 
61.177: Total time for which application threads were stopped: 0.0010020 seconds, Stopping threads took: 0.0000850 seconds
61.263: Application time: 0.0864290 seconds
61.263: [GC [PSYoungGen: 37307K->2752K(38400K)] 85444K->50960K(121344K), 0.0012130 secs] [Times: user=0.01 sys=0.00, real=0.00 secs] 
61.265: Total time for which application threads were stopped: 0.0013740 seconds, Stopping threads took: 0.0000770 seconds
61.355: Application time: 0.0899990 seconds
61.355: [GC [PSYoungGen: 37920K->1280K(38400K)] 86129K->49488K(121344K), 0.0006630 secs] [Times: user=0.00 sys=0.00, real=0.00 secs] 
61.355: Total time for which application threads were stopped: 0.0007940 seconds, Stopping threads took: 0.0000700 seconds
61.437: Application time: 0.0818800 seconds
61.437: [GC [PSYoungGen: 35843K->2816K(38400K)] 84052K->51104K(121344K), 0.0011520 secs] [Times: user=0.01 sys=0.00, real=0.00 secs] 
61.439: Total time for which application threads were stopped: 0.0013150 seconds, Stopping threads took: 0.0000820 seconds
61.522: Application time: 0.0832580 seconds
61.522: [GC [PSYoungGen: 36868K->3840K(38912K)] 85156K->52176K(121856K), 0.0015410 secs] [Times: user=0.01 sys=0.00, real=0.00 secs] 
61.524: Total time for which application threads were stopped: 0.0016930 seconds, Stopping threads took: 0.0000670 seconds
61.611: Application time: 0.0875900 seconds
61.611: [GC [PSYoungGen: 37908K->736K(34816K)] 86244K->49128K(117760K), 0.0004930 secs] [Times: user=0.00 sys=0.00, real=0.00 secs] 
61.612: Total time for which application threads were stopped: 0.0006250 seconds, Stopping threads took: 0.0000740 seconds
61.694: Application time: 0.0820210 seconds
61.694: [GC [PSYoungGen: 34275K->1248K(37376K)] 82668K->49696K(120320K), 0.0006690 secs] [Times: user=0.00 sys=0.00, real=0.00 secs] 
61.695: Total time for which application threads were stopped: 0.0008050 seconds, Stopping threads took: 0.0000680 seconds
61.777: Application time: 0.0827290 seconds
61.778: [GC [PSYoungGen: 34271K->1792K(34816K)] 82720K->50296K(117760K), 0.0008250 secs] [Times: user=0.00 sys=0.00, real=0.00 secs] 
61.778: Total time for which application threads were stopped: 0.0009690 seconds, Stopping threads took: 0.0000700 seconds
61.860: Application time: 0.0815810 seconds
61.860: [GC [PSYoungGen: 34308K->1248K(36352K)] 82812K->49800K(119296K), 0.0006600 secs] [Times: user=0.01 sys=0.00, real=0.00 secs] 
61.861: Total time for which application threads were stopped: 0.0007800 seconds, Stopping threads took: 0.0000590 seconds
61.941: Application time: 0.0798200 seconds
61.941: [GC [PSYoungGen: 33173K->192K(32256K)] 81726K->48808K(115200K), 0.0003970 secs] [Times: user=0.01 sys=0.00, real=0.00 secs] 
61.941: Total time for which application threads were stopped: 0.0005280 seconds, Stopping threads took: 0.0000750 seconds
62.015: Application time: 0.0734860 seconds
62.015: [GC [PSYoungGen: 31728K->2816K(35328K)] 80345K->51432K(118272K), 0.0011510 secs] [Times: user=0.01 sys=0.00, real=0.00 secs] 
62.016: Total time for which application threads were stopped: 0.0013030 seconds, Stopping threads took: 0.0000690 seconds
62.095: Application time: 0.0791360 seconds
62.095: [GC [PSYoungGen: 33791K->1184K(32256K)] 82408K->49888K(115200K), 0.0007150 secs] [Times: user=0.01 sys=0.00, real=0.00 secs] 
62.096: Total time for which application threads were stopped: 0.0008600 seconds, Stopping threads took: 0.0000810 seconds
62.170: Application time: 0.0736010 seconds
62.170: [GC [PSYoungGen: 31622K->2304K(34304K)] 80327K->51064K(117248K), 0.0009830 secs] [Times: user=0.01 sys=0.00, real=0.00 secs] 
62.171: Total time for which application threads were stopped: 0.0011210 seconds, Stopping threads took: 0.0000660 seconds
62.243: Application time: 0.0724540 seconds
62.243: [GC [PSYoungGen: 32226K->3296K(34816K)] 80987K->52104K(117760K), 0.0013840 secs] [Times: user=0.00 sys=0.00, real=0.00 secs] 
62.245: Total time for which application threads were stopped: 0.0015300 seconds, Stopping threads took: 0.0000710 seconds
62.322: Application time: 0.0771600 seconds
62.322: [GC [PSYoungGen: 33247K->736K(40960K)] 82056K->49600K(123904K), 0.0005300 secs] [Times: user=0.00 sys=0.00, real=0.00 secs] 
62.323: Total time for which application threads were stopped: 0.0007490 seconds, Stopping threads took: 0.0001530 seconds
62.410: Application time: 0.0870780 seconds
62.410: [GC [PSYoungGen: 36763K->2240K(40960K)] 85628K->51144K(123904K), 0.0010130 secs] [Times: user=0.00 sys=0.00, real=0.00 secs] 
62.411: Total time for which application threads were stopped: 0.0018210 seconds, Stopping threads took: 0.0000980 seconds
62.500: Application time: 0.0889200 seconds
62.500: [GC [PSYoungGen: 38428K->2832K(48640K)] 87333K->51736K(131584K), 0.0009850 secs] [Times: user=0.00 sys=0.00, real=0.00 secs] 
62.502: Total time for which application threads were stopped: 0.0011570 seconds, Stopping threads took: 0.0000970 seconds
62.610: Application time: 0.1082110 seconds
62.611: [GC [PSYoungGen: 46580K->1760K(45056K)] 95485K->50744K(128000K), 0.0006930 secs] [Times: user=0.00 sys=0.00, real=0.00 secs] 
62.612: Total time for which application threads were stopped: 0.0018490 seconds, Stopping threads took: 0.0010930 seconds
62.718: Application time: 0.1060780 seconds
62.718: [GC [PSYoungGen: 44629K->2784K(45568K)] 93613K->51768K(128512K), 0.0011770 secs] [Times: user=0.00 sys=0.01, real=0.00 secs] 
62.719: Total time for which application threads were stopped: 0.0013080 seconds, Stopping threads took: 0.0000560 seconds
62.822: Application time: 0.1032630 seconds
62.822: [GC [PSYoungGen: 44629K->2304K(43520K)] 93614K->51368K(126464K), 0.0010220 secs] [Times: user=0.00 sys=0.00, real=0.00 secs] 
62.823: Total time for which application threads were stopped: 0.0012330 seconds, Stopping threads took: 0.0001390 seconds
62.925: Application time: 0.1013390 seconds
62.925: [GC [PSYoungGen: 43042K->2784K(43520K)] 92107K->51929K(126464K), 0.0010890 secs] [Times: user=0.01 sys=0.00, real=0.00 secs] 
62.926: Total time for which application threads were stopped: 0.0012550 seconds, Stopping threads took: 0.0000850 seconds
63.027: Application time: 0.1004450 seconds
63.027: [GC [PSYoungGen: 42500K->1184K(40448K)] 91645K->50368K(123392K), 0.0007210 secs] [Times: user=0.00 sys=0.00, real=0.00 secs] 
63.027: Total time for which application threads were stopped: 0.0009370 seconds, Stopping threads took: 0.0001490 seconds
63.122: Application time: 0.0946990 seconds
63.122: [GC [PSYoungGen: 39862K->2240K(40448K)] 89047K->51465K(123392K), 0.0010540 secs] [Times: user=0.00 sys=0.00, real=0.00 secs] 
63.123: Total time for which application threads were stopped: 0.0011950 seconds, Stopping threads took: 0.0000680 seconds
63.218: Application time: 0.0947580 seconds
63.218: [GC [PSYoungGen: 39894K->2272K(39424K)] 89119K->51545K(122368K), 0.0010440 secs] [Times: user=0.00 sys=0.00, real=0.00 secs] 
63.219: Total time for which application threads were stopped: 0.0011790 seconds, Stopping threads took: 0.0000630 seconds
63.311: Application time: 0.0916410 seconds
63.311: [GC [PSYoungGen: 38900K->1760K(39936K)] 88173K->51097K(122880K), 0.0008020 secs] [Times: user=0.00 sys=0.00, real=0.00 secs] 
63.312: Total time for which application threads were stopped: 0.0009340 seconds, Stopping threads took: 0.0000630 seconds
63.400: Application time: 0.0883540 seconds
63.400: [GC [PSYoungGen: 37872K->1760K(37888K)] 87209K->51145K(120832K), 0.0008150 secs] [Times: user=0.00 sys=0.00, real=0.00 secs] 
63.401: Total time for which application threads were stopped: 0.0009580 seconds, Stopping threads took: 0.0000730 seconds
63.492: Application time: 0.0906040 seconds
63.492: [GC [PSYoungGen: 37436K->1792K(37888K)] 86821K->51233K(120832K), 0.0008870 secs] [Times: user=0.01 sys=0.00, real=0.00 secs] 
63.493: Total time for which application threads were stopped: 0.0010170 seconds, Stopping threads took: 0.0000560 seconds
63.578: Application time: 0.0852930 seconds
63.578: [GC [PSYoungGen: 36871K->2784K(38400K)] 86312K->52301K(121344K), 0.0011870 secs] [Times: user=0.01 sys=0.00, real=0.00 secs] 
63.579: Total time for which application threads were stopped: 0.0013260 seconds, Stopping threads took: 0.0000650 seconds
63.668: Application time: 0.0884840 seconds
63.668: [GC [PSYoungGen: 37360K->1280K(37888K)] 86877K->50861K(120832K), 0.0006300 secs] [Times: user=0.00 sys=0.00, real=0.00 secs] 
63.669: Total time for which application threads were stopped: 0.0007520 seconds, Stopping threads took: 0.0000620 seconds
63.752: Application time: 0.0833050 seconds
63.752: [GC [PSYoungGen: 35335K->1264K(35328K)] 84917K->50909K(118272K), 0.0006340 secs] [Times: user=0.00 sys=0.00, real=0.00 secs] 
63.753: Total time for which application threads were stopped: 0.0007630 seconds, Stopping threads took: 0.0000680 seconds
63.838: Application time: 0.0851300 seconds
63.838: [GC [PSYoungGen: 34805K->1248K(35840K)] 84450K->50949K(118784K), 0.0007170 secs] [Times: user=0.00 sys=0.00, real=0.00 secs] 
63.839: Total time for which application threads were stopped: 0.0009250 seconds, Stopping threads took: 0.0001420 seconds
63.921: Application time: 0.0823860 seconds
63.921: [GC [PSYoungGen: 34197K->1248K(34304K)] 83898K->51005K(117248K), 0.0006510 secs] [Times: user=0.00 sys=0.00, real=0.00 secs] 
63.922: Total time for which application threads were stopped: 0.0007870 seconds, Stopping threads took: 0.0000710 seconds
64.003: Application time: 0.0810940 seconds
64.003: [GC [PSYoungGen: 33837K->736K(35328K)] 83595K->50493K(118272K), 0.0005390 secs] [Times: user=0.00 sys=0.00, real=0.00 secs] 
64.004: Total time for which application threads were stopped: 0.0006870 seconds, Stopping threads took: 0.0000790 seconds
64.081: Application time: 0.0775940 seconds
64.082: [GC [PSYoungGen: 32727K->1760K(33792K)] 82484K->51605K(116736K), 0.0008750 secs] [Times: user=0.01 sys=0.00, real=0.00 secs] 
64.082: Total time for which application threads were stopped: 0.0010710 seconds, Stopping threads took: 0.0001190 seconds
64.161: Application time: 0.0782970 seconds
64.161: [GC [PSYoungGen: 33239K->1760K(34304K)] 83084K->51653K(117248K), 0.0008810 secs] [Times: user=0.01 sys=0.00, real=0.00 secs] 
64.162: Total time for which application threads were stopped: 0.0010190 seconds, Stopping threads took: 0.0000730 seconds
64.241: Application time: 0.0791250 seconds
64.241: [GC [PSYoungGen: 32727K->1200K(32256K)] 82620K->51149K(115200K), 0.0006740 secs] [Times: user=0.00 sys=0.00, real=0.00 secs] 
64.242: Total time for which application threads were stopped: 0.0007980 seconds, Stopping threads took: 0.0000620 seconds
64.315: Application time: 0.0733250 seconds
64.315: [GC [PSYoungGen: 31634K->2304K(33280K)] 81584K->52301K(116224K), 0.0009890 secs] [Times: user=0.01 sys=0.00, real=0.00 secs] 
64.316: Total time for which application threads were stopped: 0.0011660 seconds, Stopping threads took: 0.0001080 seconds
64.389: Application time: 0.0732910 seconds
64.390: [GC [PSYoungGen: 32154K->2784K(33792K)] 82152K->52821K(116736K), 0.0011430 secs] [Times: user=0.01 sys=0.00, real=0.00 secs] 
64.391: Total time for which application threads were stopped: 0.0012830 seconds, Stopping threads took: 0.0000650 seconds
64.467: Application time: 0.0766900 seconds
64.468: [GC [PSYoungGen: 32727K->672K(30720K)] 82764K->50709K(113664K), 0.0005920 secs] [Times: user=0.00 sys=0.00, real=0.00 secs] 
64.468: Total time for which application threads were stopped: 0.0007520 seconds, Stopping threads took: 0.0000990 seconds
64.541: Application time: 0.0729530 seconds
64.541: [GC [PSYoungGen: 30086K->1248K(30720K)] 80124K->51333K(113664K), 0.0006430 secs] [Times: user=0.00 sys=0.00, real=0.00 secs] 
64.542: Total time for which application threads were stopped: 0.0007710 seconds, Stopping threads took: 0.0000580 seconds
64.614: Application time: 0.0722130 seconds
64.614: [GC [PSYoungGen: 30068K->1248K(30208K)] 80153K->51389K(113152K), 0.0006440 secs] [Times: user=0.01 sys=0.00, real=0.01 secs] 
64.615: Total time for which application threads were stopped: 0.0007690 seconds, Stopping threads took: 0.0000620 seconds
64.687: Application time: 0.0716110 seconds
64.687: [GC [PSYoungGen: 29712K->688K(29184K)] 79854K->50829K(112128K), 0.0005320 secs] [Times: user=0.00 sys=0.00, real=0.01 secs] 
64.687: Total time for which application threads were stopped: 0.0006520 seconds, Stopping threads took: 0.0000610 seconds
64.758: Application time: 0.0703930 seconds
64.758: [GC [PSYoungGen: 28558K->736K(28672K)] 78699K->50973K(111616K), 0.0006200 secs] [Times: user=0.00 sys=0.00, real=0.00 secs] 
64.758: Total time for which application threads were stopped: 0.0007470 seconds, Stopping threads took: 0.0000680 seconds
64.825: Application time: 0.0662040 seconds
64.825: [GC [PSYoungGen: 28083K->2784K(30208K)] 78321K->53069K(113152K), 0.0011500 secs] [Times: user=0.01 sys=0.00, real=0.00 secs] 
64.826: Total time for which application threads were stopped: 0.0013100 seconds, Stopping threads took: 0.0000860 seconds
64.895: Application time: 0.0693610 seconds
64.895: [GC [PSYoungGen: 29634K->736K(29696K)] 79920K->51085K(112640K), 0.0005120 secs] [Times: user=0.01 sys=0.00, real=0.00 secs] 
64.896: Total time for which application threads were stopped: 0.0006470 seconds, Stopping threads took: 0.0000730 seconds
64.960: Application time: 0.0638500 seconds
64.960: [GC [PSYoungGen: 27057K->2304K(30208K)] 77407K->52693K(113152K), 0.0009690 secs] [Times: user=0.00 sys=0.00, real=0.00 secs] 
64.961: Total time for which application threads were stopped: 0.0010990 seconds, Stopping threads took: 0.0000600 seconds
65.025: Application time: 0.0644420 seconds
65.025: [GC [PSYoungGen: 28549K->3264K(36352K)] 78939K->53693K(119296K), 0.0011390 secs] [Times: user=0.00 sys=0.00, real=0.00 secs] 
65.027: Total time for which application threads were stopped: 0.0012860 seconds, Stopping threads took: 0.0000690 seconds
65.107: Application time: 0.0806820 seconds
65.111: [GC [PSYoungGen: 35267K->2304K(36352K)] 85697K->52733K(119296K), 0.0009310 secs] [Times: user=0.00 sys=0.00, real=0.00 secs] 
65.112: Total time for which application threads were stopped: 0.0045390 seconds, Stopping threads took: 0.0035270 seconds
65.194: Application time: 0.0820740 seconds
65.194: [GC [PSYoungGen: 34308K->1248K(43008K)] 84737K->51725K(125952K), 0.0005780 secs] [Times: user=0.00 sys=0.00, real=0.00 secs] 
65.195: Total time for which application threads were stopped: 0.0007050 seconds, Stopping threads took: 0.0000650 seconds
65.288: Application time: 0.0937700 seconds
65.288: [GC [PSYoungGen: 39846K->2784K(43008K)] 90323K->53309K(125952K), 0.0010050 secs] [Times: user=0.01 sys=0.00, real=0.00 secs] 
65.289: Total time for which application threads were stopped: 0.0011440 seconds, Stopping threads took: 0.0000660 seconds
65.388: Application time: 0.0984720 seconds
65.388: [GC [PSYoungGen: 41551K->1280K(39424K)] 92076K->51805K(122368K), 0.0005970 secs] [Times: user=0.00 sys=0.00, real=0.00 secs] 
65.389: Total time for which application threads were stopped: 0.0007180 seconds, Stopping threads took: 0.0000550 seconds
65.481: Application time: 0.0927000 seconds
65.481: [GC [PSYoungGen: 39008K->2304K(39424K)] 89534K->52909K(122368K), 0.0008750 secs] [Times: user=0.00 sys=0.00, real=0.00 secs] 
65.482: Total time for which application threads were stopped: 0.0010380 seconds, Stopping threads took: 0.0000890 seconds
65.574: Application time: 0.0918210 seconds
65.574: [GC [PSYoungGen: 38930K->2304K(38912K)] 89536K->52994K(121856K), 0.0009020 secs] [Times: user=0.00 sys=0.00, real=0.01 secs] 
65.575: Total time for which application threads were stopped: 0.0010490 seconds, Stopping threads took: 0.0000750 seconds
65.666: Application time: 0.0903300 seconds
65.666: [GC [PSYoungGen: 38420K->1232K(37376K)] 89110K->51978K(120320K), 0.0007420 secs] [Times: user=0.00 sys=0.00, real=0.00 secs] 
65.667: Total time for which application threads were stopped: 0.0009490 seconds, Stopping threads took: 0.0001360 seconds
65.753: Application time: 0.0865990 seconds
65.753: [GC [PSYoungGen: 36745K->2784K(38400K)] 87491K->53578K(121344K), 0.0011160 secs] [Times: user=0.01 sys=0.00, real=0.00 secs] 
65.754: Total time for which application threads were stopped: 0.0012560 seconds, Stopping threads took: 0.0000670 seconds
65.844: Application time: 0.0896770 seconds
65.844: [GC [PSYoungGen: 37950K->1760K(36864K)] 88744K->52554K(119808K), 0.0009310 secs] [Times: user=0.00 sys=0.00, real=0.00 secs] 
65.845: Total time for which application threads were stopped: 0.0010600 seconds, Stopping threads took: 0.0000650 seconds
65.929: Application time: 0.0833920 seconds
65.929: [GC [PSYoungGen: 36247K->2784K(37376K)] 87041K->53658K(120320K), 0.0011220 secs] [Times: user=0.01 sys=0.00, real=0.00 secs] 
65.930: Total time for which application threads were stopped: 0.0012670 seconds, Stopping threads took: 0.0000710 seconds
66.015: Application time: 0.0854230 seconds
66.015: [GC [PSYoungGen: 36920K->2304K(39936K)] 87794K->53178K(122880K), 0.0009790 secs] [Times: user=0.00 sys=0.00, real=0.00 secs] 
66.016: Total time for which application threads were stopped: 0.0011270 seconds, Stopping threads took: 0.0000740 seconds
66.105: Application time: 0.0888520 seconds
66.105: [GC [PSYoungGen: 37982K->1792K(37376K)] 88856K->52758K(120320K), 0.0007460 secs] [Times: user=0.00 sys=0.00, real=0.00 secs] 
66.106: Total time for which application threads were stopped: 0.0008730 seconds, Stopping threads took: 0.0000630 seconds
66.192: Application time: 0.0859430 seconds
66.192: [GC [PSYoungGen: 36795K->2272K(37376K)] 87761K->53318K(120320K), 0.0010050 secs] [Times: user=0.00 sys=0.00, real=0.00 secs] 
66.193: Total time for which application threads were stopped: 0.0011570 seconds, Stopping threads took: 0.0000710 seconds
66.280: Application time: 0.0864050 seconds
66.280: [GC [PSYoungGen: 36840K->2288K(36864K)] 87886K->53334K(119808K), 0.0009760 secs] [Times: user=0.01 sys=0.00, real=0.00 secs] 
66.281: Total time for which application threads were stopped: 0.0012070 seconds, Stopping threads took: 0.0001520 seconds
66.367: Application time: 0.0860260 seconds
66.367: [GC [PSYoungGen: 36350K->1216K(35328K)] 87396K->52310K(118272K), 0.0007790 secs] [Times: user=0.00 sys=0.00, real=0.00 secs] 
66.368: Total time for which application threads were stopped: 0.0009080 seconds, Stopping threads took: 0.0000680 seconds
66.451: Application time: 0.0833560 seconds
66.451: [GC [PSYoungGen: 34757K->1248K(34816K)] 85852K->52390K(117760K), 0.0007110 secs] [Times: user=0.00 sys=0.00, real=0.00 secs] 
66.452: Total time for which application threads were stopped: 0.0008610 seconds, Stopping threads took: 0.0000840 seconds
66.533: Application time: 0.0813470 seconds
66.533: [GC [PSYoungGen: 34275K->1248K(34304K)] 85418K->52438K(117248K), 0.0006590 secs] [Times: user=0.00 sys=0.00, real=0.00 secs] 
66.534: Total time for which application threads were stopped: 0.0007840 seconds, Stopping threads took: 0.0000590 seconds
66.614: Application time: 0.0800320 seconds
66.614: [GC [PSYoungGen: 33673K->2304K(35328K)] 84863K->53550K(118272K), 0.0009800 secs] [Times: user=0.01 sys=0.00, real=0.01 secs] 
66.615: Total time for which application threads were stopped: 0.0011090 seconds, Stopping threads took: 0.0000570 seconds
66.695: Application time: 0.0792690 seconds
66.695: [GC [PSYoungGen: 34377K->2240K(34304K)] 85624K->53486K(117248K), 0.0009830 secs] [Times: user=0.00 sys=0.00, real=0.01 secs] 
66.696: Total time for which application threads were stopped: 0.0011330 seconds, Stopping threads took: 0.0000710 seconds
66.774: Application time: 0.0784850 seconds
66.774: [GC [PSYoungGen: 33801K->1792K(34304K)] 85048K->53130K(117248K), 0.0008530 secs] [Times: user=0.01 sys=0.00, real=0.01 secs] 
66.775: Total time for which application threads were stopped: 0.0009840 seconds, Stopping threads took: 0.0000630 seconds
66.853: Application time: 0.0783640 seconds
66.854: [GC [PSYoungGen: 32685K->672K(31744K)] 84023K->52106K(114688K), 0.0005370 secs] [Times: user=0.00 sys=0.00, real=0.00 secs] 
66.854: Total time for which application threads were stopped: 0.0006620 seconds, Stopping threads took: 0.0000640 seconds
66.929: Application time: 0.0745540 seconds
66.929: [GC [PSYoungGen: 31104K->2816K(33792K)] 82539K->54250K(116736K), 0.0011140 secs] [Times: user=0.00 sys=0.00, real=0.00 secs] 
66.930: Total time for which application threads were stopped: 0.0012590 seconds, Stopping threads took: 0.0000720 seconds
67.004: Application time: 0.0737400 seconds
67.004: [GC [PSYoungGen: 32746K->2816K(34304K)] 84181K->54290K(117248K), 0.0011370 secs] [Times: user=0.01 sys=0.00, real=0.00 secs] 
67.005: Total time for which application threads were stopped: 0.0012840 seconds, Stopping threads took: 0.0000730 seconds
67.080: Application time: 0.0753930 seconds
67.080: [GC [PSYoungGen: 32681K->1248K(40448K)] 84155K->52778K(123392K), 0.0005710 secs] [Times: user=0.01 sys=0.00, real=0.00 secs] 
67.081: Total time for which application threads were stopped: 0.0007010 seconds, Stopping threads took: 0.0000660 seconds
67.172: Application time: 0.0905520 seconds
67.172: [GC [PSYoungGen: 37436K->1792K(37888K)] 88967K->53322K(120832K), 0.0007840 secs] [Times: user=0.01 sys=0.00, real=0.00 secs] 
67.173: Total time for which application threads were stopped: 0.0009080 seconds, Stopping threads took: 0.0000580 seconds
67.260: Application time: 0.0876440 seconds
67.260: [GC [PSYoungGen: 37311K->1760K(38400K)] 88842K->53370K(121344K), 0.0007520 secs] [Times: user=0.00 sys=0.00, real=0.00 secs] 
67.261: Total time for which application threads were stopped: 0.0009310 seconds, Stopping threads took: 0.0001070 seconds
67.347: Application time: 0.0856640 seconds
67.347: [GC [PSYoungGen: 36918K->2816K(38912K)] 88529K->54426K(121856K), 0.0011480 secs] [Times: user=0.01 sys=0.00, real=0.00 secs] 
67.348: Total time for which application threads were stopped: 0.0012940 seconds, Stopping threads took: 0.0000710 seconds
67.437: Application time: 0.0890520 seconds
67.437: [GC [PSYoungGen: 37982K->1776K(36864K)] 89593K->53470K(119808K), 0.0007500 secs] [Times: user=0.00 sys=0.00, real=0.00 secs] 
67.439: Total time for which application threads were stopped: 0.0016240 seconds, Stopping threads took: 0.0000570 seconds
67.525: Application time: 0.0860200 seconds
67.525: [GC [PSYoungGen: 36265K->2272K(36864K)] 87960K->54050K(119808K), 0.0008740 secs] [Times: user=0.00 sys=0.00, real=0.00 secs] 
67.526: Total time for which application threads were stopped: 0.0010060 seconds, Stopping threads took: 0.0000600 seconds
67.611: Application time: 0.0850170 seconds
67.611: [GC [PSYoungGen: 36332K->1248K(35328K)] 88111K->53026K(118272K), 0.0006250 secs] [Times: user=0.01 sys=0.00, real=0.00 secs] 
67.612: Total time for which application threads were stopped: 0.0007430 seconds, Stopping threads took: 0.0000570 seconds
67.695: Application time: 0.0837670 seconds
67.695: [GC [PSYoungGen: 34787K->1760K(35328K)] 86566K->53602K(118272K), 0.0007690 secs] [Times: user=0.00 sys=0.00, real=0.00 secs] 
67.696: Total time for which application threads were stopped: 0.0009070 seconds, Stopping threads took: 0.0000710 seconds
67.778: Application time: 0.0818020 seconds
67.778: [GC [PSYoungGen: 34790K->1248K(34304K)] 86632K->53154K(117248K), 0.0007520 secs] [Times: user=0.01 sys=0.00, real=0.00 secs] 
67.779: Total time for which application threads were stopped: 0.0008890 seconds, Stopping threads took: 0.0000610 seconds
67.859: Application time: 0.0805620 seconds
67.860: [GC [PSYoungGen: 33759K->1280K(33792K)] 85666K->53250K(116736K), 0.0006820 secs] [Times: user=0.01 sys=0.00, real=0.00 secs] 
67.860: Total time for which application threads were stopped: 0.0008010 seconds, Stopping threads took: 0.0000560 seconds
67.938: Application time: 0.0772490 seconds
67.938: [GC [PSYoungGen: 33184K->2752K(34816K)] 85155K->54770K(117760K), 0.0011720 secs] [Times: user=0.01 sys=0.00, real=0.00 secs] 
67.939: Total time for which application threads were stopped: 0.0013140 seconds, Stopping threads took: 0.0000670 seconds
68.017: Application time: 0.0780480 seconds
68.017: [GC [PSYoungGen: 34313K->2272K(37376K)] 86332K->54290K(120320K), 0.0011020 secs] [Times: user=0.01 sys=0.00, real=0.00 secs] 
68.018: Total time for which application threads were stopped: 0.0012280 seconds, Stopping threads took: 0.0000580 seconds
68.102: Application time: 0.0836720 seconds
68.102: [GC [PSYoungGen: 35894K->1792K(35328K)] 87913K->53891K(118272K), 0.0007340 secs] [Times: user=0.00 sys=0.00, real=0.00 secs] 
68.103: Total time for which application threads were stopped: 0.0008740 seconds, Stopping threads took: 0.0000700 seconds
68.184: Application time: 0.0816550 seconds
68.184: [GC [PSYoungGen: 34741K->1728K(34816K)] 86840K->53923K(117760K), 0.0008590 secs] [Times: user=0.01 sys=0.00, real=0.00 secs] 
68.185: Total time for which application threads were stopped: 0.0009990 seconds, Stopping threads took: 0.0000710 seconds
68.266: Application time: 0.0809600 seconds
68.266: [GC [PSYoungGen: 34243K->1248K(33792K)] 86439K->53443K(116736K), 0.0006950 secs] [Times: user=0.01 sys=0.00, real=0.01 secs] 
68.267: Total time for which application threads were stopped: 0.0008180 seconds, Stopping threads took: 0.0000580 seconds
68.347: Application time: 0.0798100 seconds
68.347: [GC [PSYoungGen: 33247K->672K(32768K)] 85442K->52915K(115712K), 0.0006060 secs] [Times: user=0.00 sys=0.00, real=0.00 secs] 
68.348: Total time for which application threads were stopped: 0.0007380 seconds, Stopping threads took: 0.0000600 seconds
68.426: Application time: 0.0779150 seconds
68.426: [GC [PSYoungGen: 32139K->2272K(33792K)] 84382K->54571K(116736K), 0.0009970 secs] [Times: user=0.00 sys=0.00, real=0.01 secs] 
68.427: Total time for which application threads were stopped: 0.0011280 seconds, Stopping threads took: 0.0000590 seconds
68.505: Application time: 0.0778970 seconds
68.505: [GC [PSYoungGen: 33243K->1248K(32256K)] 85542K->53603K(115200K), 0.0006650 secs] [Times: user=0.00 sys=0.00, real=0.00 secs] 
68.505: Total time for which application threads were stopped: 0.0007980 seconds, Stopping threads took: 0.0000710 seconds
68.579: Application time: 0.0738790 seconds
68.579: [GC [PSYoungGen: 31612K->1760K(33280K)] 83967K->54179K(116224K), 0.0008300 secs] [Times: user=0.00 sys=0.00, real=0.00 secs] 
68.580: Total time for which application threads were stopped: 0.0010120 seconds, Stopping threads took: 0.0001150 seconds
68.654: Application time: 0.0739140 seconds
68.654: [GC [PSYoungGen: 31765K->2304K(32256K)] 84184K->54723K(115200K), 0.0009840 secs] [Times: user=0.00 sys=0.00, real=0.01 secs] 
68.655: Total time for which application threads were stopped: 0.0011250 seconds, Stopping threads took: 0.0000700 seconds
68.729: Application time: 0.0736290 seconds
68.729: [GC [PSYoungGen: 31727K->1280K(32256K)] 84146K->53803K(115200K), 0.0007030 secs] [Times: user=0.01 sys=0.00, real=0.00 secs] 
68.730: Total time for which application threads were stopped: 0.0009740 seconds, Stopping threads took: 0.0002080 seconds
68.801: Application time: 0.0710190 seconds
68.801: [GC [PSYoungGen: 30176K->1792K(30720K)] 82699K->54371K(113664K), 0.0008720 secs] [Times: user=0.01 sys=0.00, real=0.00 secs] 
68.802: Total time for which application threads were stopped: 0.0010150 seconds, Stopping threads took: 0.0000750 seconds
68.871: Application time: 0.0693780 seconds
68.872: [GC [PSYoungGen: 30096K->2208K(31744K)] 82675K->54835K(114688K), 0.0009350 secs] [Times: user=0.01 sys=0.00, real=0.00 secs] 
68.872: Total time for which application threads were stopped: 0.0010840 seconds, Stopping threads took: 0.0000690 seconds
68.944: Application time: 0.0713410 seconds
68.944: [GC [PSYoungGen: 30594K->1792K(31744K)] 83221K->54419K(114688K), 0.0007820 secs] [Times: user=0.00 sys=0.00, real=0.00 secs] 
68.945: Total time for which application threads were stopped: 0.0009360 seconds, Stopping threads took: 0.0000850 seconds
69.013: Application time: 0.0684010 seconds
69.013: [GC [PSYoungGen: 30174K->2304K(37888K)] 82801K->54979K(120832K), 0.0008150 secs] [Times: user=0.01 sys=0.00, real=0.00 secs] 
69.014: Total time for which application threads were stopped: 0.0009580 seconds, Stopping threads took: 0.0000710 seconds
69.100: Application time: 0.0862520 seconds
69.101: [GC [PSYoungGen: 36874K->1792K(36352K)] 89549K->54507K(119296K), 0.0007300 secs] [Times: user=0.00 sys=0.00, real=0.00 secs] 
69.101: Total time for which application threads were stopped: 0.0009310 seconds, Stopping threads took: 0.0001330 seconds
69.185: Application time: 0.0837940 seconds
69.185: [GC [PSYoungGen: 35848K->2272K(37376K)] 88563K->55043K(120320K), 0.0009550 secs] [Times: user=0.00 sys=0.00, real=0.00 secs] 
69.186: Total time for which application threads were stopped: 0.0011120 seconds, Stopping threads took: 0.0000870 seconds
69.271: Application time: 0.0846640 seconds
69.271: [GC [PSYoungGen: 36327K->2240K(37376K)] 89099K->55059K(120320K), 0.0010070 secs] [Times: user=0.01 sys=0.00, real=0.00 secs] 
69.272: Total time for which application threads were stopped: 0.0012110 seconds, Stopping threads took: 0.0001230 seconds
69.357: Application time: 0.0851970 seconds
69.357: [GC [PSYoungGen: 36299K->1184K(35328K)] 89119K->54043K(118272K), 0.0006470 secs] [Times: user=0.00 sys=0.00, real=0.00 secs] 
69.358: Total time for which application threads were stopped: 0.0007690 seconds, Stopping threads took: 0.0000580 seconds
69.440: Application time: 0.0819710 seconds
69.440: [GC [PSYoungGen: 34802K->1792K(35328K)] 87661K->54699K(118272K), 0.0007810 secs] [Times: user=0.00 sys=0.00, real=0.00 secs] 
69.441: Total time for which application threads were stopped: 0.0009360 seconds, Stopping threads took: 0.0000740 seconds
69.524: Application time: 0.0826130 seconds
69.524: [GC [PSYoungGen: 34741K->1760K(34816K)] 87649K->54755K(117760K), 0.0007230 secs] [Times: user=0.01 sys=0.00, real=0.00 secs] 
69.524: Total time for which application threads were stopped: 0.0008670 seconds, Stopping threads took: 0.0000750 seconds
69.607: Application time: 0.0825510 seconds
69.607: [GC [PSYoungGen: 34275K->1280K(33792K)] 87271K->54275K(116736K), 0.0006760 secs] [Times: user=0.00 sys=0.00, real=0.00 secs] 
69.608: Total time for which application threads were stopped: 0.0008960 seconds, Stopping threads took: 0.0001490 seconds
69.687: Application time: 0.0786400 seconds
69.687: [GC [PSYoungGen: 33269K->2304K(34304K)] 86264K->55347K(117248K), 0.0009620 secs] [Times: user=0.01 sys=0.00, real=0.01 secs] 
69.688: Total time for which application threads were stopped: 0.0011010 seconds, Stopping threads took: 0.0000690 seconds
69.767: Application time: 0.0794560 seconds
69.767: [GC [PSYoungGen: 33783K->2240K(33792K)] 86826K->55331K(116736K), 0.0010050 secs] [Times: user=0.01 sys=0.00, real=0.00 secs] 
69.768: Total time for which application threads were stopped: 0.0011320 seconds, Stopping threads took: 0.0000560 seconds
69.845: Application time: 0.0772070 seconds
69.846: [GC [PSYoungGen: 33207K->1280K(32256K)] 86299K->54939K(115200K), 0.0007790 secs] [Times: user=0.00 sys=0.00, real=0.00 secs] 
69.846: Total time for which application threads were stopped: 0.0009160 seconds, Stopping threads took: 0.0000690 seconds
69.922: Application time: 0.0758920 seconds
69.922: [GC [PSYoungGen: 31648K->1760K(32256K)] 85308K->55475K(115200K), 0.0008410 secs] [Times: user=0.00 sys=0.00, real=0.00 secs] 
69.923: Total time for which application threads were stopped: 0.0009810 seconds, Stopping threads took: 0.0000740 seconds
69.997: Application time: 0.0735980 seconds
69.997: [GC [PSYoungGen: 31769K->1728K(31744K)] 85484K->55443K(114688K), 0.0008740 secs] [Times: user=0.00 sys=0.00, real=0.00 secs] 
69.998: Total time for which application threads were stopped: 0.0010200 seconds, Stopping threads took: 0.0000670 seconds
70.070: Application time: 0.0722690 seconds
70.070: [GC [PSYoungGen: 31138K->2272K(34816K)] 84854K->56059K(117760K), 0.0009800 secs] [Times: user=0.01 sys=0.00, real=0.00 secs] 
70.071: Total time for which application threads were stopped: 0.0011190 seconds, Stopping threads took: 0.0000680 seconds
70.152: Application time: 0.0808190 seconds
70.152: [GC [PSYoungGen: 33755K->1792K(33280K)] 87543K->55643K(116224K), 0.0006990 secs] [Times: user=0.01 sys=0.00, real=0.00 secs] 
70.153: Total time for which application threads were stopped: 0.0008310 seconds, Stopping threads took: 0.0000650 seconds
70.230: Application time: 0.0772720 seconds
70.230: [GC [PSYoungGen: 32755K->1792K(32768K)] 86607K->55699K(115712K), 0.0008450 secs] [Times: user=0.00 sys=0.00, real=0.00 secs] 
70.231: Total time for which application threads were stopped: 0.0009870 seconds, Stopping threads took: 0.0000720 seconds
70.304: Application time: 0.0729800 seconds
70.304: [GC [PSYoungGen: 32230K->2272K(36352K)] 86138K->56739K(119296K), 0.0010590 secs] [Times: user=0.01 sys=0.00, real=0.00 secs] 
70.305: Total time for which application threads were stopped: 0.0011950 seconds, Stopping threads took: 0.0000600 seconds
70.388: Application time: 0.0828910 seconds
70.388: [GC [PSYoungGen: 35733K->2784K(36864K)] 90201K->57803K(119808K), 0.0013270 secs] [Times: user=0.01 sys=0.00, real=0.00 secs] 
70.390: Total time for which application threads were stopped: 0.0014670 seconds, Stopping threads took: 0.0000650 seconds
70.475: Application time: 0.0857750 seconds
70.476: [GC [PSYoungGen: 36410K->1792K(44032K)] 91430K->56811K(126976K), 0.0006870 secs] [Times: user=0.01 sys=0.00, real=0.00 secs] 
70.476: Total time for which application threads were stopped: 0.0008220 seconds, Stopping threads took: 0.0000710 seconds
70.577: Application time: 0.1005050 seconds
70.577: [GC [PSYoungGen: 42450K->2272K(42496K)] 97470K->57368K(125440K), 0.0008270 secs] [Times: user=0.00 sys=0.00, real=0.00 secs] 
70.578: Total time for which application threads were stopped: 0.0009780 seconds, Stopping threads took: 0.0000750 seconds
70.676: Application time: 0.0986030 seconds
70.677: [GC [PSYoungGen: 42061K->1792K(40960K)] 97156K->56888K(123904K), 0.0008060 secs] [Times: user=0.01 sys=0.00, real=0.00 secs] 
70.677: Total time for which application threads were stopped: 0.0009840 seconds, Stopping threads took: 0.0001110 seconds
70.775: Application time: 0.0976820 seconds
70.775: [GC [PSYoungGen: 40556K->1280K(39424K)] 95652K->56460K(122368K), 0.0007430 secs] [Times: user=0.00 sys=0.00, real=0.00 secs] 
70.776: Total time for which application threads were stopped: 0.0008640 seconds, Stopping threads took: 0.0000540 seconds
70.869: Application time: 0.0927040 seconds
70.869: [GC [PSYoungGen: 38934K->1280K(38912K)] 94114K->56556K(121856K), 0.0006780 secs] [Times: user=0.01 sys=0.00, real=0.00 secs] 
70.869: Total time for which application threads were stopped: 0.0008020 seconds, Stopping threads took: 0.0000600 seconds
70.961: Application time: 0.0914510 seconds
70.961: [GC [PSYoungGen: 37904K->1760K(38400K)] 93180K->57100K(121344K), 0.0008150 secs] [Times: user=0.00 sys=0.00, real=0.00 secs] 
70.962: Total time for which application threads were stopped: 0.0009450 seconds, Stopping threads took: 0.0000640 seconds
71.050: Application time: 0.0876810 seconds
71.050: [GC [PSYoungGen: 37789K->2752K(38912K)] 93129K->58140K(121856K), 0.0010970 secs] [Times: user=0.01 sys=0.00, real=0.00 secs] 
71.051: Total time for which application threads were stopped: 0.0012350 seconds, Stopping threads took: 0.0000640 seconds
71.141: Application time: 0.0900320 seconds
71.141: [GC [PSYoungGen: 38430K->2304K(37888K)] 93818K->57692K(120832K), 0.0009480 secs] [Times: user=0.00 sys=0.00, real=0.00 secs] 
71.142: Total time for which application threads were stopped: 0.0010900 seconds, Stopping threads took: 0.0000660 seconds
71.229: Application time: 0.0870460 seconds
71.229: [GC [PSYoungGen: 37309K->2272K(37888K)] 92698K->57748K(120832K), 0.0009970 secs] [Times: user=0.00 sys=0.00, real=0.00 secs] 
71.230: Total time for which application threads were stopped: 0.0011420 seconds, Stopping threads took: 0.0000770 seconds
71.317: Application time: 0.0864640 seconds
71.317: [GC [PSYoungGen: 36922K->1760K(36352K)] 92398K->57236K(119296K), 0.0008670 secs] [Times: user=0.00 sys=0.00, real=0.00 secs] 
71.318: Total time for which application threads were stopped: 0.0010010 seconds, Stopping threads took: 0.0000680 seconds
71.402: Application time: 0.0847250 seconds
71.402: [GC [PSYoungGen: 35813K->2304K(36352K)] 91289K->57868K(119296K), 0.0010180 secs] [Times: user=0.01 sys=0.00, real=0.00 secs] 
71.403: Total time for which application threads were stopped: 0.0011540 seconds, Stopping threads took: 0.0000650 seconds
71.487: Application time: 0.0835230 seconds
71.487: [GC [PSYoungGen: 35846K->2304K(36864K)] 91410K->57916K(119808K), 0.0009990 secs] [Times: user=0.01 sys=0.00, real=0.00 secs] 
71.488: Total time for which application threads were stopped: 0.0011710 seconds, Stopping threads took: 0.0001030 seconds
71.571: Application time: 0.0828580 seconds
71.571: [GC [PSYoungGen: 35843K->2784K(43520K)] 91456K->58436K(126464K), 0.0009940 secs] [Times: user=0.01 sys=0.00, real=0.00 secs] 
71.572: Total time for which application threads were stopped: 0.0011370 seconds, Stopping threads took: 0.0000690 seconds
71.673: Application time: 0.1010350 seconds
71.673: [GC [PSYoungGen: 43010K->2304K(41984K)] 98663K->58004K(124928K), 0.0008580 secs] [Times: user=0.00 sys=0.00, real=0.00 secs] 
71.674: Total time for which application threads were stopped: 0.0010020 seconds, Stopping threads took: 0.0000620 seconds
71.772: Application time: 0.0980110 seconds
71.772: [GC [PSYoungGen: 41504K->1280K(40960K)] 97205K->57036K(123904K), 0.0006610 secs] [Times: user=0.00 sys=0.00, real=0.00 secs] 
71.773: Total time for which application threads were stopped: 0.0007880 seconds, Stopping threads took: 0.0000620 seconds
71.866: Application time: 0.0932920 seconds
71.866: [GC [PSYoungGen: 39446K->1760K(39424K)] 95202K->57572K(122368K), 0.0008520 secs] [Times: user=0.00 sys=0.00, real=0.01 secs] 
71.867: Total time for which application threads were stopped: 0.0009900 seconds, Stopping threads took: 0.0000710 seconds
71.960: Application time: 0.0928320 seconds
71.960: [GC [PSYoungGen: 38978K->1760K(39936K)] 94790K->57636K(122880K), 0.0008260 secs] [Times: user=0.01 sys=0.00, real=0.00 secs] 
71.961: Total time for which application threads were stopped: 0.0009580 seconds, Stopping threads took: 0.0000670 seconds
72.052: Application time: 0.0913510 seconds
72.052: [GC [PSYoungGen: 38386K->1792K(38400K)] 94262K->57748K(121344K), 0.0008710 secs] [Times: user=0.01 sys=0.00, real=0.00 secs] 
72.053: Total time for which application threads were stopped: 0.0009980 seconds, Stopping threads took: 0.0000590 seconds
72.143: Application time: 0.0896660 seconds
72.143: [GC [PSYoungGen: 37906K->1248K(38400K)] 93862K->57260K(121344K), 0.0006850 secs] [Times: user=0.01 sys=0.00, real=0.00 secs] 
72.144: Total time for which application threads were stopped: 0.0008140 seconds, Stopping threads took: 0.0000660 seconds
72.232: Application time: 0.0879910 seconds
72.232: [GC [PSYoungGen: 36842K->2304K(37888K)] 92854K->58372K(120832K), 0.0009920 secs] [Times: user=0.00 sys=0.00, real=0.00 secs] 
72.233: Total time for which application threads were stopped: 0.0011480 seconds, Stopping threads took: 0.0000780 seconds
72.322: Application time: 0.0888050 seconds
72.322: [GC [PSYoungGen: 37392K->1280K(37376K)] 93460K->57388K(120320K), 0.0006610 secs] [Times: user=0.01 sys=0.00, real=0.00 secs] 
72.323: Total time for which application threads were stopped: 0.0007870 seconds, Stopping threads took: 0.0000630 seconds
72.405: Application time: 0.0828550 seconds
72.406: [GC [PSYoungGen: 35845K->2240K(37376K)] 91954K->58396K(120320K), 0.0009660 secs] [Times: user=0.00 sys=0.00, real=0.00 secs] 
72.407: Total time for which application threads were stopped: 0.0011150 seconds, Stopping threads took: 0.0000770 seconds
72.493: Application time: 0.0866000 seconds
72.493: [GC [PSYoungGen: 36300K->768K(36864K)] 92456K->56988K(119808K), 0.0005330 secs] [Times: user=0.00 sys=0.00, real=0.01 secs] 
72.495: Total time for which application threads were stopped: 0.0017270 seconds, Stopping threads took: 0.0001100 seconds
72.578: Application time: 0.0825870 seconds
72.578: [GC [PSYoungGen: 34231K->1248K(34816K)] 90452K->57540K(117760K), 0.0007030 secs] [Times: user=0.00 sys=0.00, real=0.00 secs] 
72.578: Total time for which application threads were stopped: 0.0008510 seconds, Stopping threads took: 0.0000850 seconds
72.661: Application time: 0.0829630 seconds
72.661: [GC [PSYoungGen: 34353K->1248K(34816K)] 90646K->57540K(117760K), 0.0007060 secs] [Times: user=0.00 sys=0.00, real=0.00 secs] 
72.662: Total time for which application threads were stopped: 0.0008370 seconds, Stopping threads took: 0.0000660 seconds
72.742: Application time: 0.0802160 seconds
72.742: [GC [PSYoungGen: 33833K->1760K(34304K)] 90126K->58132K(117248K), 0.0008570 secs] [Times: user=0.00 sys=0.00, real=0.00 secs] 
72.743: Total time for which application threads were stopped: 0.0010000 seconds, Stopping threads took: 0.0000670 seconds
72.822: Application time: 0.0784290 seconds
72.822: [GC [PSYoungGen: 33673K->2240K(34304K)] 90045K->58684K(117248K), 0.0010500 secs] [Times: user=0.01 sys=0.00, real=0.00 secs] 
72.823: Total time for which application threads were stopped: 0.0011840 seconds, Stopping threads took: 0.0000610 seconds
72.901: Application time: 0.0781860 seconds
72.901: [GC [PSYoungGen: 33723K->1792K(33280K)] 90168K->58236K(116224K), 0.0008330 secs] [Times: user=0.01 sys=0.00, real=0.00 secs] 
72.902: Total time for which application threads were stopped: 0.0009840 seconds, Stopping threads took: 0.0000840 seconds
72.979: Application time: 0.0769550 seconds
72.979: [GC [PSYoungGen: 32755K->1760K(33280K)] 89200K->58260K(116224K), 0.0008260 secs] [Times: user=0.01 sys=0.00, real=0.00 secs] 
72.980: Total time for which application threads were stopped: 0.0009540 seconds, Stopping threads took: 0.0000620 seconds
73.056: Application time: 0.0759320 seconds
73.056: [GC [PSYoungGen: 32124K->2272K(33792K)] 88625K->58820K(116736K), 0.0009890 secs] [Times: user=0.00 sys=0.00, real=0.00 secs] 
73.057: Total time for which application threads were stopped: 0.0011320 seconds, Stopping threads took: 0.0000710 seconds
73.132: Application time: 0.0747870 seconds
73.132: [GC [PSYoungGen: 32719K->2304K(39936K)] 89268K->58852K(122880K), 0.0008230 secs] [Times: user=0.00 sys=0.00, real=0.00 secs] 
73.133: Total time for which application threads were stopped: 0.0009730 seconds, Stopping threads took: 0.0000700 seconds
73.223: Application time: 0.0898430 seconds
73.223: [GC [PSYoungGen: 38927K->2816K(39936K)] 95476K->59405K(122880K), 0.0010080 secs] [Times: user=0.01 sys=0.00, real=0.00 secs] 
73.224: Total time for which application threads were stopped: 0.0011490 seconds, Stopping threads took: 0.0000670 seconds
73.315: Application time: 0.0913610 seconds
73.315: [GC [PSYoungGen: 39520K->2288K(38912K)] 96109K->58933K(121856K), 0.0008780 secs] [Times: user=0.00 sys=0.00, real=0.00 secs] 
73.316: Total time for which application threads were stopped: 0.0010570 seconds, Stopping threads took: 0.0001000 seconds
73.406: Application time: 0.0899840 seconds
73.406: [GC [PSYoungGen: 38482K->1760K(37888K)] 95127K->58493K(120832K), 0.0008150 secs] [Times: user=0.00 sys=0.00, real=0.01 secs] 
73.407: Total time for which application threads were stopped: 0.0009590 seconds, Stopping threads took: 0.0000770 seconds
73.496: Application time: 0.0886520 seconds
73.496: [GC [PSYoungGen: 37279K->1760K(37376K)] 94012K->58581K(120320K), 0.0007300 secs] [Times: user=0.01 sys=0.00, real=0.00 secs] 
73.497: Total time for which application threads were stopped: 0.0008630 seconds, Stopping threads took: 0.0000670 seconds
73.583: Application time: 0.0862440 seconds
73.583: [GC [PSYoungGen: 36841K->2304K(37376K)] 93663K->59125K(120320K), 0.0009270 secs] [Times: user=0.00 sys=0.00, real=0.00 secs] 
73.584: Total time for which application threads were stopped: 0.0010690 seconds, Stopping threads took: 0.0000710 seconds
73.667: Application time: 0.0829890 seconds
73.667: [GC [PSYoungGen: 36870K->1728K(43008K)] 93691K->60125K(125952K), 0.0012590 secs] [Times: user=0.00 sys=0.00, real=0.00 secs] 
73.669: Total time for which application threads were stopped: 0.0014080 seconds, Stopping threads took: 0.0000710 seconds
73.771: Application time: 0.1025250 seconds
73.771: [GC [PSYoungGen: 42468K->2784K(44032K)] 100866K->61221K(126976K), 0.0011530 secs] [Times: user=0.01 sys=0.00, real=0.00 secs] 
73.772: Total time for which application threads were stopped: 0.0012900 seconds, Stopping threads took: 0.0000650 seconds
73.875: Application time: 0.1026080 seconds
73.875: [GC [PSYoungGen: 43528K->1280K(41472K)] 101966K->59773K(124416K), 0.0006090 secs] [Times: user=0.00 sys=0.00, real=0.00 secs] 
73.876: Total time for which application threads were stopped: 0.0007490 seconds, Stopping threads took: 0.0000660 seconds
73.972: Application time: 0.0960910 seconds
73.972: [GC [PSYoungGen: 41062K->2784K(41984K)] 99555K->61325K(124928K), 0.0010110 secs] [Times: user=0.01 sys=0.00, real=0.00 secs] 
73.973: Total time for which application threads were stopped: 0.0011550 seconds, Stopping threads took: 0.0000650 seconds
74.072: Application time: 0.0986600 seconds
74.072: [GC [PSYoungGen: 41552K->736K(38912K)] 100093K->59357K(121856K), 0.0005410 secs] [Times: user=0.00 sys=0.00, real=0.00 secs] 
74.072: Total time for which application threads were stopped: 0.0006670 seconds, Stopping threads took: 0.0000620 seconds
74.165: Application time: 0.0922740 seconds
74.165: [GC [PSYoungGen: 38307K->1728K(38912K)] 96929K->60437K(121856K), 0.0008250 secs] [Times: user=0.01 sys=0.00, real=0.00 secs] 
74.166: Total time for which application threads were stopped: 0.0009530 seconds, Stopping threads took: 0.0000540 seconds
74.256: Application time: 0.0901420 seconds
74.256: [GC [PSYoungGen: 38356K->1216K(37888K)] 97065K->59925K(120832K), 0.0006890 secs] [Times: user=0.00 sys=0.00, real=0.00 secs] 
74.256: Total time for which application threads were stopped: 0.0008210 seconds, Stopping threads took: 0.0000680 seconds
74.347: Application time: 0.0909370 seconds
74.348: [GC [PSYoungGen: 37332K->192K(36352K)] 96041K->58965K(119296K), 0.0004580 secs] [Times: user=0.00 sys=0.00, real=0.00 secs] 
74.348: Total time for which application threads were stopped: 0.0005970 seconds, Stopping threads took: 0.0000790 seconds
74.433: Application time: 0.0851240 seconds
74.433: [GC [PSYoungGen: 35779K->2816K(38400K)] 94553K->61637K(121344K), 0.0011580 secs] [Times: user=0.01 sys=0.00, real=0.00 secs] 
74.434: Total time for which application threads were stopped: 0.0013090 seconds, Stopping threads took: 0.0000680 seconds
74.524: Application time: 0.0891570 seconds
74.524: [GC [PSYoungGen: 37908K->704K(35840K)] 96729K->59605K(118784K), 0.0005840 secs] [Times: user=0.01 sys=0.00, real=0.00 secs] 
74.524: Total time for which application threads were stopped: 0.0006990 seconds, Stopping threads took: 0.0000550 seconds
74.609: Application time: 0.0842570 seconds
74.609: [GC [PSYoungGen: 35346K->2272K(36864K)] 94247K->61221K(119808K), 0.0010730 secs] [Times: user=0.01 sys=0.00, real=0.00 secs] 
74.610: Total time for which application threads were stopped: 0.0012130 seconds, Stopping threads took: 0.0000700 seconds
74.693: Application time: 0.0834890 seconds
74.693: [GC [PSYoungGen: 36328K->2272K(36352K)] 95277K->61305K(119296K), 0.0010340 secs] [Times: user=0.00 sys=0.00, real=0.00 secs] 
74.694: Total time for which application threads were stopped: 0.0011780 seconds, Stopping threads took: 0.0000730 seconds
74.780: Application time: 0.0851270 seconds
74.780: [GC [PSYoungGen: 35818K->1248K(36864K)] 94851K->60337K(119808K), 0.0007220 secs] [Times: user=0.00 sys=0.00, real=0.00 secs] 
74.780: Total time for which application threads were stopped: 0.0008640 seconds, Stopping threads took: 0.0000810 seconds
74.863: Application time: 0.0824710 seconds
74.863: [GC [PSYoungGen: 34277K->768K(33792K)] 93367K->59921K(116736K), 0.0005310 secs] [Times: user=0.01 sys=0.00, real=0.00 secs] 
74.864: Total time for which application threads were stopped: 0.0006470 seconds, Stopping threads took: 0.0000550 seconds
74.945: Application time: 0.0810210 seconds
74.945: [GC [PSYoungGen: 33279K->768K(34816K)] 92433K->59985K(117760K), 0.0005800 secs] [Times: user=0.00 sys=0.00, real=0.00 secs] 
74.945: Total time for which application threads were stopped: 0.0007770 seconds, Stopping threads took: 0.0001280 seconds
75.023: Application time: 0.0773640 seconds
75.023: [GC [PSYoungGen: 32664K->3296K(35328K)] 91882K->62553K(118272K), 0.0013290 secs] [Times: user=0.01 sys=0.00, real=0.00 secs] 
75.024: Total time for which application threads were stopped: 0.0014820 seconds, Stopping threads took: 0.0000730 seconds
75.102: Application time: 0.0782010 seconds
75.103: [GC [PSYoungGen: 34788K->1760K(35840K)] 94045K->61017K(118784K), 0.0029140 secs] [Times: user=0.01 sys=0.00, real=0.00 secs] 
75.105: Total time for which application threads were stopped: 0.0030600 seconds, Stopping threads took: 0.0000700 seconds
75.187: Application time: 0.0810500 seconds
75.187: [GC [PSYoungGen: 33247K->768K(35840K)] 92505K->60081K(118784K), 0.0005150 secs] [Times: user=0.00 sys=0.00, real=0.01 secs] 
75.187: Total time for which application threads were stopped: 0.0006430 seconds, Stopping threads took: 0.0000680 seconds
75.263: Application time: 0.0755980 seconds
75.263: [GC [PSYoungGen: 32309K->2816K(42496K)] 91622K->62169K(125440K), 0.0010500 secs] [Times: user=0.01 sys=0.00, real=0.00 secs] 
75.264: Total time for which application threads were stopped: 0.0011950 seconds, Stopping threads took: 0.0000700 seconds
75.358: Application time: 0.0937990 seconds
75.358: [GC [PSYoungGen: 40984K->2304K(42496K)] 100338K->61737K(125440K), 0.0009950 secs] [Times: user=0.00 sys=0.00, real=0.00 secs] 
75.359: Total time for which application threads were stopped: 0.0012140 seconds, Stopping threads took: 0.0001460 seconds
75.456: Application time: 0.0970020 seconds
75.456: [GC [PSYoungGen: 40476K->1792K(50176K)] 99910K->61273K(133120K), 0.0007210 secs] [Times: user=0.00 sys=0.00, real=0.00 secs] 
75.457: Total time for which application threads were stopped: 0.0008590 seconds, Stopping threads took: 0.0000610 seconds
75.570: Application time: 0.1126930 seconds
75.570: [GC [PSYoungGen: 47673K->1728K(47104K)] 107155K->61257K(130048K), 0.0007010 secs] [Times: user=0.01 sys=0.00, real=0.00 secs] 
75.570: Total time for which application threads were stopped: 0.0008420 seconds, Stopping threads took: 0.0000660 seconds
75.681: Application time: 0.1106380 seconds
75.681: [GC [PSYoungGen: 46581K->1216K(46592K)] 106111K->60809K(129536K), 0.0006330 secs] [Times: user=0.00 sys=0.00, real=0.00 secs] 
75.682: Total time for which application threads were stopped: 0.0007620 seconds, Stopping threads took: 0.0000640 seconds
75.787: Application time: 0.1047710 seconds
75.787: [GC [PSYoungGen: 45030K->3296K(46592K)] 104624K->62930K(129536K), 0.0012920 secs] [Times: user=0.01 sys=0.00, real=0.00 secs] 
75.788: Total time for which application threads were stopped: 0.0015180 seconds, Stopping threads took: 0.0001490 seconds
75.898: Application time: 0.1101400 seconds
75.898: [GC [PSYoungGen: 46179K->704K(44544K)] 105813K->60394K(127488K), 0.0006010 secs] [Times: user=0.00 sys=0.01, real=0.00 secs] 
75.899: Total time for which application threads were stopped: 0.0007430 seconds, Stopping threads took: 0.0000780 seconds
76.002: Application time: 0.1031450 seconds
76.002: [GC [PSYoungGen: 42468K->1216K(42496K)] 102158K->60994K(125440K), 0.0007840 secs] [Times: user=0.00 sys=0.00, real=0.00 secs] 
76.003: Total time for which application threads were stopped: 0.0009320 seconds, Stopping threads took: 0.0000710 seconds
76.104: Application time: 0.1006550 seconds
76.105: [GC [PSYoungGen: 42030K->1760K(41984K)] 101808K->61594K(124928K), 0.0010200 secs] [Times: user=0.01 sys=0.00, real=0.00 secs] 
76.106: Total time for which application threads were stopped: 0.0019660 seconds, Stopping threads took: 0.0008660 seconds
76.205: Application time: 0.0988620 seconds
76.205: [GC [PSYoungGen: 41466K->2816K(41984K)] 101300K->62722K(124928K), 0.0012130 secs] [Times: user=0.00 sys=0.00, real=0.00 secs] 
76.206: Total time for which application threads were stopped: 0.0013470 seconds, Stopping threads took: 0.0000590 seconds
76.304: Application time: 0.0977180 seconds
76.304: [GC [PSYoungGen: 41506K->768K(40960K)] 101413K->60738K(123904K), 0.0005640 secs] [Times: user=0.00 sys=0.00, real=0.00 secs] 
76.304: Total time for which application threads were stopped: 0.0006840 seconds, Stopping threads took: 0.0000590 seconds
76.400: Application time: 0.0952760 seconds
76.400: [GC [PSYoungGen: 38418K->1248K(38400K)] 98388K->61274K(121344K), 0.0006950 secs] [Times: user=0.00 sys=0.00, real=0.00 secs] 
76.400: Total time for which application threads were stopped: 0.0008620 seconds, Stopping threads took: 0.0001020 seconds
76.491: Application time: 0.0909500 seconds
76.492: [GC [PSYoungGen: 37795K->1248K(38912K)] 97822K->61338K(121856K), 0.0007120 secs] [Times: user=0.00 sys=0.00, real=0.00 secs] 
76.492: Total time for which application threads were stopped: 0.0008450 seconds, Stopping threads took: 0.0000660 seconds
76.581: Application time: 0.0883860 seconds
76.581: [GC [PSYoungGen: 37434K->2304K(39424K)] 97524K->62394K(122368K), 0.0009800 secs] [Times: user=0.00 sys=0.00, real=0.00 secs] 
76.582: Total time for which application threads were stopped: 0.0011250 seconds, Stopping threads took: 0.0000670 seconds
76.671: Application time: 0.0891450 seconds
76.671: [GC [PSYoungGen: 37906K->1280K(37888K)] 97996K->61450K(120832K), 0.0007430 secs] [Times: user=0.00 sys=0.00, real=0.00 secs] 
76.672: Total time for which application threads were stopped: 0.0008660 seconds, Stopping threads took: 0.0000580 seconds
76.757: Application time: 0.0854530 seconds
76.757: [GC [PSYoungGen: 36433K->2816K(38400K)] 96604K->63034K(121344K), 0.0011650 secs] [Times: user=0.01 sys=0.00, real=0.00 secs] 
76.759: Total time for which application threads were stopped: 0.0013160 seconds, Stopping threads took: 0.0000760 seconds
76.846: Application time: 0.0872960 seconds
76.846: [GC [PSYoungGen: 37390K->1792K(36864K)] 97608K->62098K(119808K), 0.0008660 secs] [Times: user=0.01 sys=0.00, real=0.01 secs] 
76.847: Total time for which application threads were stopped: 0.0010210 seconds, Stopping threads took: 0.0000860 seconds
76.931: Application time: 0.0842790 seconds
76.935: [GC [PSYoungGen: 35845K->2304K(36352K)] 96152K->62658K(119296K), 0.0010590 secs] [Times: user=0.01 sys=0.00, real=0.00 secs] 
76.936: Total time for which application threads were stopped: 0.0047390 seconds, Stopping threads took: 0.0036070 seconds
77.018: Application time: 0.0821540 seconds
77.018: [GC [PSYoungGen: 35835K->3328K(36864K)] 96190K->64234K(119808K), 0.0015260 secs] [Times: user=0.00 sys=0.00, real=0.00 secs] 
77.020: Total time for which application threads were stopped: 0.0016880 seconds, Stopping threads took: 0.0000820 seconds
77.101: Application time: 0.0817030 seconds
77.102: [GC [PSYoungGen: 36277K->3808K(37376K)] 97184K->64754K(120320K), 0.0033950 secs] [Times: user=0.02 sys=0.00, real=0.00 secs] 
77.105: Total time for which application threads were stopped: 0.0035550 seconds, Stopping threads took: 0.0000690 seconds
77.188: Application time: 0.0831580 seconds
77.188: [GC [PSYoungGen: 36840K->2816K(44544K)] 97786K->63762K(127488K), 0.0009990 secs] [Times: user=0.01 sys=0.00, real=0.00 secs] 
77.189: Total time for which application threads were stopped: 0.0012460 seconds, Stopping threads took: 0.0001750 seconds
77.288: Application time: 0.0982390 seconds
77.288: [GC [PSYoungGen: 42604K->2832K(44544K)] 103551K->63818K(127488K), 0.0010870 secs] [Times: user=0.00 sys=0.00, real=0.00 secs] 
77.289: Total time for which application threads were stopped: 0.0012370 seconds, Stopping threads took: 0.0000740 seconds
77.389: Application time: 0.1001400 seconds
77.389: [GC [PSYoungGen: 42624K->1792K(52736K)] 103611K->62866K(135680K), 0.0007160 secs] [Times: user=0.01 sys=0.00, real=0.00 secs] 
77.390: Total time for which application threads were stopped: 0.0008510 seconds, Stopping threads took: 0.0000660 seconds
77.510: Application time: 0.1205350 seconds
77.511: [GC [PSYoungGen: 49750K->192K(52736K)] 110825K->61346K(135680K), 0.0004840 secs] [Times: user=0.00 sys=0.00, real=0.00 secs] 
77.512: Total time for which application threads were stopped: 0.0017190 seconds, Stopping threads took: 0.0000530 seconds
77.627: Application time: 0.1147750 seconds
77.627: [GC [PSYoungGen: 48117K->2816K(62464K)] 109271K->64018K(145408K), 0.0009880 secs] [Times: user=0.00 sys=0.00, real=0.00 secs] 
77.628: Total time for which application threads were stopped: 0.0011360 seconds, Stopping threads took: 0.0000600 seconds
77.772: Application time: 0.1443120 seconds
77.772: [GC [PSYoungGen: 60537K->2272K(58880K)] 121740K->63530K(141824K), 0.0008460 secs] [Times: user=0.00 sys=0.00, real=0.00 secs] 
77.773: Total time for which application threads were stopped: 0.0009770 seconds, Stopping threads took: 0.0000630 seconds
77.912: Application time: 0.1385140 seconds
77.912: [GC [PSYoungGen: 58527K->2288K(57856K)] 119786K->63594K(140800K), 0.0009460 secs] [Times: user=0.01 sys=0.00, real=0.00 secs] 
77.913: Total time for which application threads were stopped: 0.0010870 seconds, Stopping threads took: 0.0000670 seconds
78.047: Application time: 0.1337480 seconds
78.047: [GC [PSYoungGen: 56561K->3392K(56832K)] 117868K->64782K(139776K), 0.0013950 secs] [Times: user=0.01 sys=0.00, real=0.00 secs] 
78.048: Total time for which application threads were stopped: 0.0015330 seconds, Stopping threads took: 0.0000600 seconds
78.182: Application time: 0.1334410 seconds
78.182: [GC [PSYoungGen: 56484K->3328K(55296K)] 117875K->64827K(138240K), 0.0012810 secs] [Times: user=0.01 sys=0.00, real=0.00 secs] 
78.183: Total time for which application threads were stopped: 0.0014290 seconds, Stopping threads took: 0.0000660 seconds
78.312: Application time: 0.1291650 seconds
78.312: [GC [PSYoungGen: 54884K->1760K(52224K)] 116383K->63307K(135168K), 0.0009360 secs] [Times: user=0.00 sys=0.00, real=0.00 secs] 
78.313: Total time for which application threads were stopped: 0.0010810 seconds, Stopping threads took: 0.0000750 seconds
78.438: Application time: 0.1249190 seconds
78.438: [GC [PSYoungGen: 51766K->2272K(51712K)] 113313K->63867K(134656K), 0.0010710 secs] [Times: user=0.00 sys=0.01, real=0.00 secs] 
78.439: Total time for which application threads were stopped: 0.0012060 seconds, Stopping threads took: 0.0000630 seconds
78.563: Application time: 0.1239880 seconds
78.564: [GC [PSYoungGen: 50820K->1280K(49152K)] 112415K->62931K(132096K), 0.0007540 secs] [Times: user=0.01 sys=0.00, real=0.00 secs] 
78.564: Total time for which application threads were stopped: 0.0008850 seconds, Stopping threads took: 0.0000600 seconds
78.679: Application time: 0.1146540 seconds
78.679: [GC [PSYoungGen: 48771K->3360K(50176K)] 110422K->65087K(133120K), 0.0013560 secs] [Times: user=0.01 sys=0.00, real=0.00 secs] 
78.681: Total time for which application threads were stopped: 0.0015000 seconds, Stopping threads took: 0.0000670 seconds
78.800: Application time: 0.1193540 seconds
78.800: [GC [PSYoungGen: 49782K->192K(46080K)] 111509K->62015K(129024K), 0.0004180 secs] [Times: user=0.00 sys=0.00, real=0.00 secs] 
78.800: Total time for which application threads were stopped: 0.0005420 seconds, Stopping threads took: 0.0000600 seconds
78.912: Application time: 0.1119780 seconds
78.912: [GC [PSYoungGen: 45555K->672K(48640K)] 107378K->62543K(131584K), 0.0005720 secs] [Times: user=0.00 sys=0.00, real=0.00 secs] 
78.913: Total time for which application threads were stopped: 0.0006940 seconds, Stopping threads took: 0.0000630 seconds
79.019: Application time: 0.1057000 seconds
79.019: [GC [PSYoungGen: 45079K->2816K(46592K)] 106950K->64735K(129536K), 0.0012090 secs] [Times: user=0.01 sys=0.00, real=0.00 secs] 
79.020: Total time for which application threads were stopped: 0.0013790 seconds, Stopping threads took: 0.0000950 seconds
79.132: Application time: 0.1115350 seconds
79.135: [GC [PSYoungGen: 46052K->1216K(45568K)] 107972K->63219K(128512K), 0.0008270 secs] [Times: user=0.00 sys=0.00, real=0.00 secs] 
79.136: Total time for which application threads were stopped: 0.0039210 seconds, Stopping threads took: 0.0030270 seconds
79.239: Application time: 0.1032280 seconds
79.239: [GC [PSYoungGen: 43568K->2784K(44544K)] 105572K->64787K(127488K), 0.0012210 secs] [Times: user=0.00 sys=0.00, real=0.00 secs] 
79.240: Total time for which application threads were stopped: 0.0013830 seconds, Stopping threads took: 0.0000870 seconds
79.344: Application time: 0.1035250 seconds
79.344: [GC [PSYoungGen: 44110K->3872K(45056K)] 106114K->65955K(128000K), 0.0015600 secs] [Times: user=0.01 sys=0.00, real=0.00 secs] 
79.346: Total time for which application threads were stopped: 0.0017280 seconds, Stopping threads took: 0.0000780 seconds
79.446: Application time: 0.1000670 seconds
79.446: [GC [PSYoungGen: 44100K->2752K(45568K)] 106184K->64903K(128512K), 0.0012810 secs] [Times: user=0.01 sys=0.00, real=0.01 secs] 
79.447: Total time for which application threads were stopped: 0.0014250 seconds, Stopping threads took: 0.0000710 seconds
79.547: Application time: 0.0997610 seconds
79.547: [GC [PSYoungGen: 42978K->2304K(41984K)] 105130K->64503K(124928K), 0.0008760 secs] [Times: user=0.01 sys=0.00, real=0.00 secs] 
79.548: Total time for which application threads were stopped: 0.0010040 seconds, Stopping threads took: 0.0000570 seconds
79.648: Application time: 0.1006330 seconds
79.649: [GC [PSYoungGen: 41587K->224K(38912K)] 103786K->62479K(121856K), 0.0004910 secs] [Times: user=0.00 sys=0.00, real=0.00 secs] 
79.649: Total time for which application threads were stopped: 0.0006100 seconds, Stopping threads took: 0.0000610 seconds
79.742: Application time: 0.0927430 seconds
79.742: [GC [PSYoungGen: 38310K->1248K(38912K)] 100565K->63591K(121856K), 0.0007120 secs] [Times: user=0.01 sys=0.00, real=0.00 secs] 
79.743: Total time for which application threads were stopped: 0.0008360 seconds, Stopping threads took: 0.0000610 seconds
79.834: Application time: 0.0915980 seconds
79.834: [GC [PSYoungGen: 38310K->1216K(38400K)] 100653K->63559K(121344K), 0.0007050 secs] [Times: user=0.00 sys=0.00, real=0.01 secs] 
79.835: Total time for which application threads were stopped: 0.0008320 seconds, Stopping threads took: 0.0000610 seconds
79.927: Application time: 0.0915720 seconds
79.927: [GC [PSYoungGen: 37920K->1200K(37888K)] 100263K->63543K(120832K), 0.0007880 secs] [Times: user=0.01 sys=0.00, real=0.00 secs] 
79.928: Total time for which application threads were stopped: 0.0009340 seconds, Stopping threads took: 0.0000690 seconds
80.019: Application time: 0.0913410 seconds
80.019: [GC [PSYoungGen: 37388K->1184K(37376K)] 99731K->63595K(120320K), 0.0009480 secs] [Times: user=0.00 sys=0.00, real=0.00 secs] 
80.020: Total time for which application threads were stopped: 0.0011860 seconds, Stopping threads took: 0.0001610 seconds
80.114: Application time: 0.0935550 seconds
80.114: [GC [PSYoungGen: 36776K->2304K(38912K)] 99187K->64791K(121856K), 0.0009960 secs] [Times: user=0.00 sys=0.01, real=0.01 secs] 
80.115: Total time for which application threads were stopped: 0.0011240 seconds, Stopping threads took: 0.0000540 seconds
80.204: Application time: 0.0890580 seconds
80.204: [GC [PSYoungGen: 37394K->736K(35840K)] 99882K->63287K(118784K), 0.0005420 secs] [Times: user=0.00 sys=0.00, real=0.00 secs] 
80.205: Total time for which application threads were stopped: 0.0006780 seconds, Stopping threads took: 0.0000760 seconds
80.289: Application time: 0.0842240 seconds
80.289: [GC [PSYoungGen: 35221K->2272K(38400K)] 97773K->64879K(121344K), 0.0009770 secs] [Times: user=0.01 sys=0.00, real=0.00 secs] 
80.290: Total time for which application threads were stopped: 0.0011230 seconds, Stopping threads took: 0.0000740 seconds
80.373: Application time: 0.0831270 seconds
80.373: [GC [PSYoungGen: 36404K->2832K(36864K)] 99012K->65439K(119808K), 0.0012040 secs] [Times: user=0.01 sys=0.00, real=0.00 secs] 
80.374: Total time for which application threads were stopped: 0.0013540 seconds, Stopping threads took: 0.0000750 seconds
80.457: Application time: 0.0822740 seconds
80.457: [GC [PSYoungGen: 36293K->3296K(38400K)] 98901K->65979K(121344K), 0.0013490 secs] [Times: user=0.01 sys=0.00, real=0.00 secs] 
80.458: Total time for which application threads were stopped: 0.0015040 seconds, Stopping threads took: 0.0000700 seconds
80.544: Application time: 0.0856890 seconds
80.544: [GC [PSYoungGen: 36922K->1792K(38400K)] 99606K->64475K(121344K), 0.0008130 secs] [Times: user=0.01 sys=0.00, real=0.00 secs] 
80.545: Total time for which application threads were stopped: 0.0009380 seconds, Stopping threads took: 0.0000630 seconds
80.629: Application time: 0.0847240 seconds
80.630: [GC [PSYoungGen: 35337K->704K(34304K)] 98021K->63463K(117248K), 0.0006550 secs] [Times: user=0.00 sys=0.00, real=0.00 secs] 
80.630: Total time for which application threads were stopped: 0.0007690 seconds, Stopping threads took: 0.0000540 seconds
80.713: Application time: 0.0823920 seconds
80.713: [GC [PSYoungGen: 33809K->768K(33792K)] 96569K->63576K(116736K), 0.0005340 secs] [Times: user=0.00 sys=0.00, real=0.00 secs] 
80.713: Total time for which application threads were stopped: 0.0006570 seconds, Stopping threads took: 0.0000590 seconds
80.791: Application time: 0.0780790 seconds
80.791: [GC [PSYoungGen: 33184K->2720K(35328K)] 95992K->65596K(118272K), 0.0011370 secs] [Times: user=0.01 sys=0.00, real=0.00 secs] 
80.793: Total time for which application threads were stopped: 0.0012900 seconds, Stopping threads took: 0.0000770 seconds
80.873: Application time: 0.0801480 seconds
80.873: [GC [PSYoungGen: 34715K->2816K(39936K)] 97591K->65692K(122880K), 0.0011690 secs] [Times: user=0.01 sys=0.00, real=0.00 secs] 
80.874: Total time for which application threads were stopped: 0.0013140 seconds, Stopping threads took: 0.0000710 seconds
80.962: Application time: 0.0878250 seconds
80.962: [GC [PSYoungGen: 37825K->1760K(43520K)] 100702K->64684K(126464K), 0.0007590 secs] [Times: user=0.00 sys=0.00, real=0.00 secs] 
80.963: Total time for which application threads were stopped: 0.0009670 seconds, Stopping threads took: 0.0001330 seconds
81.059: Application time: 0.0964450 seconds
81.059: [GC [PSYoungGen: 40520K->1792K(39936K)] 103444K->64716K(122880K), 0.0008240 secs] [Times: user=0.01 sys=0.00, real=0.00 secs] 
81.060: Total time for which application threads were stopped: 0.0009640 seconds, Stopping threads took: 0.0000700 seconds
81.155: Application time: 0.0942870 seconds
81.155: [GC [PSYoungGen: 39370K->1248K(39936K)] 102294K->64252K(122880K), 0.0006790 secs] [Times: user=0.01 sys=0.00, real=0.00 secs] 
81.155: Total time for which application threads were stopped: 0.0008200 seconds, Stopping threads took: 0.0000760 seconds
81.247: Application time: 0.0916380 seconds
81.247: [GC [PSYoungGen: 37954K->736K(37376K)] 100958K->63740K(120320K), 0.0005470 secs] [Times: user=0.00 sys=0.00, real=0.00 secs] 
81.248: Total time for which application threads were stopped: 0.0006710 seconds, Stopping threads took: 0.0000650 seconds
81.334: Application time: 0.0863080 seconds
81.334: [GC [PSYoungGen: 36837K->3328K(39936K)] 99841K->66416K(122880K), 0.0013620 secs] [Times: user=0.01 sys=0.00, real=0.01 secs] 
81.336: Total time for which application threads were stopped: 0.0015150 seconds, Stopping threads took: 0.0000760 seconds
81.427: Application time: 0.0918780 seconds
81.428: [GC [PSYoungGen: 39008K->2256K(37888K)] 102097K->65392K(120832K), 0.0009970 secs] [Times: user=0.00 sys=0.00, real=0.00 secs] 
81.429: Total time for which application threads were stopped: 0.0011350 seconds, Stopping threads took: 0.0000690 seconds
81.516: Application time: 0.0876270 seconds
81.516: [GC [PSYoungGen: 37344K->1152K(37888K)] 100480K->64364K(120832K), 0.0007240 secs] [Times: user=0.01 sys=0.00, real=0.00 secs] 
81.517: Total time for which application threads were stopped: 0.0008540 seconds, Stopping threads took: 0.0000550 seconds
81.602: Application time: 0.0851070 seconds
81.602: [GC [PSYoungGen: 35641K->1760K(36352K)] 98854K->65028K(119296K), 0.0008300 secs] [Times: user=0.00 sys=0.00, real=0.00 secs] 
81.603: Total time for which application threads were stopped: 0.0009800 seconds, Stopping threads took: 0.0000820 seconds
81.689: Application time: 0.0853680 seconds
81.689: [GC [PSYoungGen: 35890K->2816K(37376K)] 99158K->66084K(120320K), 0.0011900 secs] [Times: user=0.00 sys=0.00, real=0.00 secs] 
81.690: Total time for which application threads were stopped: 0.0013340 seconds, Stopping threads took: 0.0000710 seconds
81.774: Application time: 0.0836360 seconds
81.774: [GC [PSYoungGen: 36283K->1760K(35328K)] 99552K->65108K(118272K), 0.0008410 secs] [Times: user=0.01 sys=0.00, real=0.00 secs] 
81.775: Total time for which application threads were stopped: 0.0009850 seconds, Stopping threads took: 0.0000770 seconds
81.858: Application time: 0.0831290 seconds
81.858: [GC [PSYoungGen: 34789K->1216K(36352K)] 98138K->64564K(119296K), 0.0007170 secs] [Times: user=0.00 sys=0.00, real=0.00 secs] 
81.858: Total time for which application threads were stopped: 0.0008470 seconds, Stopping threads took: 0.0000650 seconds
81.939: Application time: 0.0806850 seconds
81.939: [GC [PSYoungGen: 33806K->1248K(33792K)] 97154K->64652K(116736K), 0.0006990 secs] [Times: user=0.00 sys=0.00, real=0.00 secs] 
81.940: Total time for which application threads were stopped: 0.0008330 seconds, Stopping threads took: 0.0000690 seconds
82.017: Application time: 0.0767760 seconds
82.017: [GC [PSYoungGen: 33226K->3296K(36352K)] 96631K->66784K(119296K), 0.0013510 secs] [Times: user=0.01 sys=0.00, real=0.00 secs] 
82.018: Total time for which application threads were stopped: 0.0015030 seconds, Stopping threads took: 0.0000610 seconds
82.098: Application time: 0.0796050 seconds
82.098: [GC [PSYoungGen: 35300K->2304K(36352K)] 98788K->65840K(119296K), 0.0009730 secs] [Times: user=0.01 sys=0.00, real=0.00 secs] 
82.099: Total time for which application threads were stopped: 0.0011210 seconds, Stopping threads took: 0.0000770 seconds
82.180: Application time: 0.0812140 seconds
82.180: [GC [PSYoungGen: 34303K->1776K(43008K)] 97840K->65368K(125952K), 0.0007220 secs] [Times: user=0.01 sys=0.00, real=0.00 secs] 
82.181: Total time for which application threads were stopped: 0.0008540 seconds, Stopping threads took: 0.0000670 seconds
82.276: Application time: 0.0946020 seconds
82.276: [GC [PSYoungGen: 40378K->2272K(43008K)] 103970K->65912K(125952K), 0.0009510 secs] [Times: user=0.01 sys=0.00, real=0.00 secs] 
82.277: Total time for which application threads were stopped: 0.0010970 seconds, Stopping threads took: 0.0000700 seconds
82.374: Application time: 0.0968910 seconds
82.374: [GC [PSYoungGen: 41032K->2272K(40448K)] 104673K->65912K(123392K), 0.0009160 secs] [Times: user=0.00 sys=0.00, real=0.01 secs] 
82.375: Total time for which application threads were stopped: 0.0010700 seconds, Stopping threads took: 0.0000810 seconds
82.467: Application time: 0.0926060 seconds
82.467: [GC [PSYoungGen: 39852K->1248K(38400K)] 103492K->64992K(121344K), 0.0006910 secs] [Times: user=0.00 sys=0.00, real=0.00 secs] 
82.468: Total time for which application threads were stopped: 0.0008300 seconds, Stopping threads took: 0.0000710 seconds
82.560: Application time: 0.0917390 seconds
82.560: [GC [PSYoungGen: 37948K->2272K(38912K)] 101692K->66016K(121856K), 0.0008960 secs] [Times: user=0.00 sys=0.00, real=0.00 secs] 
82.562: Total time for which application threads were stopped: 0.0017180 seconds, Stopping threads took: 0.0000880 seconds
82.651: Application time: 0.0889520 seconds
82.651: [GC [PSYoungGen: 38384K->2240K(38400K)] 102129K->66072K(121344K), 0.0010520 secs] [Times: user=0.00 sys=0.00, real=0.00 secs] 
82.652: Total time for which application threads were stopped: 0.0011970 seconds, Stopping threads took: 0.0000770 seconds
82.741: Application time: 0.0888870 seconds
82.741: [GC [PSYoungGen: 37916K->2304K(37888K)] 101749K->66184K(120832K), 0.0010110 secs] [Times: user=0.00 sys=0.00, real=0.00 secs] 
82.742: Total time for which application threads were stopped: 0.0012540 seconds, Stopping threads took: 0.0001690 seconds
82.830: Application time: 0.0882130 seconds
82.830: [GC [PSYoungGen: 37311K->1696K(36864K)] 101192K->65656K(119808K), 0.0009020 secs] [Times: user=0.00 sys=0.01, real=0.00 secs] 
82.831: Total time for which application threads were stopped: 0.0010390 seconds, Stopping threads took: 0.0000700 seconds
82.916: Application time: 0.0843260 seconds
82.916: [GC [PSYoungGen: 36262K->2816K(41472K)] 100222K->66776K(124416K), 0.0011490 secs] [Times: user=0.01 sys=0.00, real=0.00 secs] 
82.917: Total time for which application threads were stopped: 0.0012930 seconds, Stopping threads took: 0.0000710 seconds
83.011: Application time: 0.0945590 seconds
83.012: [GC [PSYoungGen: 41062K->2784K(41984K)] 105023K->66792K(124928K), 0.0012260 secs] [Times: user=0.00 sys=0.00, real=0.00 secs] 
83.013: Total time for which application threads were stopped: 0.0013690 seconds, Stopping threads took: 0.0000720 seconds
83.109: Application time: 0.0965580 seconds
83.109: [GC [PSYoungGen: 40880K->1248K(38912K)] 104889K->65345K(121856K), 0.0006080 secs] [Times: user=0.01 sys=0.00, real=0.00 secs] 
83.110: Total time for which application threads were stopped: 0.0007450 seconds, Stopping threads took: 0.0000660 seconds
83.202: Application time: 0.0924190 seconds
83.203: [GC [PSYoungGen: 38462K->2256K(39424K)] 102559K->66353K(122368K), 0.0010060 secs] [Times: user=0.01 sys=0.00, real=0.00 secs] 
83.204: Total time for which application threads were stopped: 0.0011440 seconds, Stopping threads took: 0.0000690 seconds
83.295: Application time: 0.0909720 seconds
83.295: [GC [PSYoungGen: 38884K->1776K(38400K)] 102981K->65945K(121344K), 0.0008030 secs] [Times: user=0.00 sys=0.00, real=0.00 secs] 
83.296: Total time for which application threads were stopped: 0.0009350 seconds, Stopping threads took: 0.0000660 seconds
83.386: Application time: 0.0908650 seconds
83.387: [GC [PSYoungGen: 37970K->736K(36864K)] 102139K->64953K(119808K), 0.0006920 secs] [Times: user=0.00 sys=0.00, real=0.01 secs] 
83.387: Total time for which application threads were stopped: 0.0009210 seconds, Stopping threads took: 0.0001690 seconds
83.474: Application time: 0.0863720 seconds
83.474: [GC [PSYoungGen: 36247K->2784K(38400K)] 100464K->67081K(121344K), 0.0011720 secs] [Times: user=0.01 sys=0.00, real=0.01 secs] 
83.475: Total time for which application threads were stopped: 0.0013200 seconds, Stopping threads took: 0.0000750 seconds
83.565: Application time: 0.0895610 seconds
83.565: [GC [PSYoungGen: 37874K->1248K(36352K)] 102171K->65545K(119296K), 0.0007460 secs] [Times: user=0.00 sys=0.00, real=0.00 secs] 
83.565: Total time for which application threads were stopped: 0.0008630 seconds, Stopping threads took: 0.0000570 seconds
83.651: Application time: 0.0851060 seconds
83.651: [GC [PSYoungGen: 35891K->2304K(36864K)] 100189K->66641K(119808K), 0.0010420 secs] [Times: user=0.00 sys=0.00, real=0.00 secs] 
83.652: Total time for which application threads were stopped: 0.0011870 seconds, Stopping threads took: 0.0000630 seconds
83.737: Application time: 0.0850260 seconds
83.737: [GC [PSYoungGen: 36281K->2272K(36352K)] 100618K->66693K(119296K), 0.0010130 secs] [Times: user=0.01 sys=0.00, real=0.00 secs] 
83.738: Total time for which application threads were stopped: 0.0011530 seconds, Stopping threads took: 0.0000710 seconds
83.820: Application time: 0.0815860 seconds
83.820: [GC [PSYoungGen: 35733K->2784K(37888K)] 100154K->67205K(120832K), 0.0011440 secs] [Times: user=0.01 sys=0.00, real=0.00 secs] 
83.821: Total time for which application threads were stopped: 0.0012900 seconds, Stopping threads took: 0.0000690 seconds
83.907: Application time: 0.0859940 seconds
83.907: [GC [PSYoungGen: 36408K->1792K(37888K)] 100829K->66213K(120832K), 0.0008180 secs] [Times: user=0.00 sys=0.00, real=0.00 secs] 
83.908: Total time for which application threads were stopped: 0.0009370 seconds, Stopping threads took: 0.0000540 seconds
83.991: Application time: 0.0829950 seconds
83.991: [GC [PSYoungGen: 35336K->1216K(34816K)] 99757K->65717K(117760K), 0.0006340 secs] [Times: user=0.01 sys=0.00, real=0.00 secs] 
83.992: Total time for which application threads were stopped: 0.0007630 seconds, Stopping threads took: 0.0000660 seconds
84.072: Application time: 0.0806500 seconds
84.072: [GC [PSYoungGen: 34313K->2272K(42496K)] 98815K->66821K(125440K), 0.0010340 secs] [Times: user=0.01 sys=0.00, real=0.00 secs] 
84.073: Total time for which application threads were stopped: 0.0011650 seconds, Stopping threads took: 0.0000580 seconds
84.167: Application time: 0.0941570 seconds
84.168: [GC [PSYoungGen: 40438K->2816K(43008K)] 104987K->67449K(125952K), 0.0011430 secs] [Times: user=0.01 sys=0.00, real=0.00 secs] 
84.169: Total time for which application threads were stopped: 0.0012900 seconds, Stopping threads took: 0.0000580 seconds
84.268: Application time: 0.0992510 seconds
84.268: [GC [PSYoungGen: 41940K->1248K(39936K)] 106573K->65929K(122880K), 0.0006470 secs] [Times: user=0.00 sys=0.00, real=0.00 secs] 
84.269: Total time for which application threads were stopped: 0.0007890 seconds, Stopping threads took: 0.0000740 seconds
84.363: Application time: 0.0937390 seconds
84.363: [GC [PSYoungGen: 39490K->2224K(40448K)] 104171K->66905K(123392K), 0.0010660 secs] [Times: user=0.00 sys=0.00, real=0.00 secs] 
84.364: Total time for which application threads were stopped: 0.0012140 seconds, Stopping threads took: 0.0000730 seconds
84.457: Application time: 0.0930330 seconds
84.457: [GC [PSYoungGen: 39286K->2240K(39424K)] 103967K->67009K(122368K), 0.0010460 secs] [Times: user=0.00 sys=0.00, real=0.00 secs] 
84.458: Total time for which application threads were stopped: 0.0011940 seconds, Stopping threads took: 0.0000790 seconds
84.551: Application time: 0.0928650 seconds
84.551: [GC [PSYoungGen: 38948K->1232K(39424K)] 103717K->66001K(122368K), 0.0007420 secs] [Times: user=0.00 sys=0.00, real=0.00 secs] 
84.552: Total time for which application threads were stopped: 0.0008620 seconds, Stopping threads took: 0.0000550 seconds
84.638: Application time: 0.0858150 seconds
84.638: [GC [PSYoungGen: 37336K->3296K(39936K)] 102105K->68133K(122880K), 0.0013490 secs] [Times: user=0.01 sys=0.00, real=0.00 secs] 
84.639: Total time for which application threads were stopped: 0.0014920 seconds, Stopping threads took: 0.0000640 seconds
84.730: Application time: 0.0909240 seconds
84.730: [GC [PSYoungGen: 39490K->2272K(48128K)] 104328K->67157K(131072K), 0.0008800 secs] [Times: user=0.01 sys=0.00, real=0.00 secs] 
84.731: Total time for which application threads were stopped: 0.0010430 seconds, Stopping threads took: 0.0000770 seconds
84.843: Application time: 0.1116700 seconds
84.843: [GC [PSYoungGen: 46101K->704K(44032K)] 110986K->65665K(126976K), 0.0005540 secs] [Times: user=0.01 sys=0.00, real=0.00 secs] 
84.843: Total time for which application threads were stopped: 0.0006790 seconds, Stopping threads took: 0.0000640 seconds
84.949: Application time: 0.1060370 seconds
84.950: [GC [PSYoungGen: 43494K->1760K(45056K)] 108456K->66769K(128000K), 0.0007750 secs] [Times: user=0.00 sys=0.00, real=0.00 secs] 
84.950: Total time for which application threads were stopped: 0.0009150 seconds, Stopping threads took: 0.0000720 seconds
85.054: Application time: 0.1032550 seconds
85.054: [GC [PSYoungGen: 43529K->1248K(42496K)] 108538K->66305K(125440K), 0.0007270 secs] [Times: user=0.00 sys=0.00, real=0.00 secs] 
85.054: Total time for which application threads were stopped: 0.0008630 seconds, Stopping threads took: 0.0000720 seconds
85.154: Application time: 0.0998370 seconds
85.154: [GC [PSYoungGen: 41904K->2208K(42496K)] 106962K->67321K(125440K), 0.0009570 secs] [Times: user=0.00 sys=0.00, real=0.01 secs] 
85.155: Total time for which application threads were stopped: 0.0011050 seconds, Stopping threads took: 0.0000740 seconds
85.257: Application time: 0.1018440 seconds
85.257: [GC [PSYoungGen: 42078K->1296K(40448K)] 107192K->66409K(123392K), 0.0007370 secs] [Times: user=0.00 sys=0.00, real=0.00 secs] 
85.258: Total time for which application threads were stopped: 0.0008740 seconds, Stopping threads took: 0.0000650 seconds
85.351: Application time: 0.0931410 seconds
85.351: [GC [PSYoungGen: 39894K->2784K(41472K)] 105007K->68013K(124416K), 0.0011210 secs] [Times: user=0.01 sys=0.00, real=0.00 secs] 
85.353: Total time for which application threads were stopped: 0.0012660 seconds, Stopping threads took: 0.0000710 seconds
85.447: Application time: 0.0941690 seconds
85.447: [GC [PSYoungGen: 40521K->1792K(38912K)] 105750K->67021K(121856K), 0.0009000 secs] [Times: user=0.01 sys=0.00, real=0.00 secs] 
85.448: Total time for which application threads were stopped: 0.0010360 seconds, Stopping threads took: 0.0000700 seconds
85.539: Application time: 0.0912810 seconds
85.539: [GC [PSYoungGen: 38418K->1760K(39424K)] 103647K->67082K(122368K), 0.0008970 secs] [Times: user=0.00 sys=0.00, real=0.00 secs] 
85.540: Total time for which application threads were stopped: 0.0010320 seconds, Stopping threads took: 0.0000690 seconds
85.630: Application time: 0.0897110 seconds
85.630: [GC [PSYoungGen: 37872K->1728K(37888K)] 103194K->67098K(120832K), 0.0008650 secs] [Times: user=0.00 sys=0.00, real=0.00 secs] 
85.631: Total time for which application threads were stopped: 0.0010670 seconds, Stopping threads took: 0.0001340 seconds
85.721: Application time: 0.0900040 seconds
85.721: [GC [PSYoungGen: 37325K->1760K(38400K)] 102695K->67186K(121344K), 0.0008560 secs] [Times: user=0.00 sys=0.00, real=0.00 secs] 
85.722: Total time for which application threads were stopped: 0.0009900 seconds, Stopping threads took: 0.0000650 seconds
85.808: Application time: 0.0859060 seconds
85.808: [GC [PSYoungGen: 36763K->2208K(37376K)] 102189K->67666K(120320K), 0.0010210 secs] [Times: user=0.01 sys=0.00, real=0.00 secs] 
85.809: Total time for which application threads were stopped: 0.0011690 seconds, Stopping threads took: 0.0000710 seconds
85.896: Application time: 0.0870050 seconds
85.896: [GC [PSYoungGen: 36936K->1776K(36352K)] 102394K->67234K(119296K), 0.0009480 secs] [Times: user=0.01 sys=0.00, real=0.00 secs] 
85.897: Total time for which application threads were stopped: 0.0010790 seconds, Stopping threads took: 0.0000660 seconds
85.980: Application time: 0.0833270 seconds
85.980: [GC [PSYoungGen: 35751K->2272K(36864K)] 101209K->67838K(119808K), 0.0010150 secs] [Times: user=0.01 sys=0.00, real=0.00 secs] 
85.982: Total time for which application threads were stopped: 0.0011760 seconds, Stopping threads took: 0.0000920 seconds
86.065: Application time: 0.0830230 seconds
86.065: [GC [PSYoungGen: 35892K->2304K(37376K)] 101458K->67870K(120320K), 0.0010260 secs] [Times: user=0.01 sys=0.00, real=0.00 secs] 
86.066: Total time for which application threads were stopped: 0.0011750 seconds, Stopping threads took: 0.0000750 seconds
86.150: Application time: 0.0843630 seconds
86.150: [GC [PSYoungGen: 35765K->2784K(37376K)] 101331K->68430K(120320K), 0.0011480 secs] [Times: user=0.01 sys=0.00, real=0.00 secs] 
86.151: Total time for which application threads were stopped: 0.0013000 seconds, Stopping threads took: 0.0000780 seconds
86.236: Application time: 0.0843900 seconds
86.236: [GC [PSYoungGen: 36334K->672K(34304K)] 101980K->66318K(117248K), 0.0005370 secs] [Times: user=0.00 sys=0.00, real=0.00 secs] 
86.236: Total time for which application threads were stopped: 0.0006780 seconds, Stopping threads took: 0.0000800 seconds
86.318: Application time: 0.0816000 seconds
86.318: [GC [PSYoungGen: 33776K->752K(33792K)] 99422K->66446K(116736K), 0.0006330 secs] [Times: user=0.01 sys=0.00, real=0.00 secs] 
86.319: Total time for which application threads were stopped: 0.0007590 seconds, Stopping threads took: 0.0000520 seconds
86.398: Application time: 0.0789030 seconds
86.398: [GC [PSYoungGen: 33168K->2816K(35328K)] 98863K->68590K(118272K), 0.0010270 secs] [Times: user=0.01 sys=0.00, real=0.00 secs] 
86.399: Total time for which application threads were stopped: 0.0011820 seconds, Stopping threads took: 0.0000770 seconds
86.479: Application time: 0.0803610 seconds
86.479: [GC [PSYoungGen: 34741K->1760K(33792K)] 100515K->67534K(116736K), 0.0009080 secs] [Times: user=0.00 sys=0.00, real=0.00 secs] 
86.480: Total time for which application threads were stopped: 0.0010510 seconds, Stopping threads took: 0.0000740 seconds
86.558: Application time: 0.0780220 seconds
86.558: [GC [PSYoungGen: 33396K->1792K(33280K)] 99170K->67566K(116224K), 0.0008480 secs] [Times: user=0.00 sys=0.00, real=0.00 secs] 
86.559: Total time for which application threads were stopped: 0.0009910 seconds, Stopping threads took: 0.0000740 seconds
86.636: Application time: 0.0764970 seconds
86.636: [GC [PSYoungGen: 32676K->1664K(32768K)] 98451K->67538K(115712K), 0.0009100 secs] [Times: user=0.00 sys=0.00, real=0.00 secs] 
86.637: Total time for which application threads were stopped: 0.0010630 seconds, Stopping threads took: 0.0000820 seconds
86.710: Application time: 0.0735890 seconds
86.711: [GC [PSYoungGen: 32181K->2784K(35328K)] 98055K->68658K(118272K), 0.0011870 secs] [Times: user=0.00 sys=0.00, real=0.00 secs] 
86.712: Total time for which application threads were stopped: 0.0013600 seconds, Stopping threads took: 0.0000990 seconds
86.792: Application time: 0.0804590 seconds
86.792: [GC [PSYoungGen: 34193K->1728K(35328K)] 100067K->67682K(118272K), 0.0008480 secs] [Times: user=0.00 sys=0.00, real=0.00 secs] 
86.793: Total time for which application threads were stopped: 0.0009810 seconds, Stopping threads took: 0.0000650 seconds
86.872: Application time: 0.0786400 seconds
86.872: [GC [PSYoungGen: 33219K->224K(31744K)] 99174K->66178K(114688K), 0.0004610 secs] [Times: user=0.00 sys=0.00, real=0.00 secs] 
86.873: Total time for which application threads were stopped: 0.0005930 seconds, Stopping threads took: 0.0000650 seconds
86.947: Application time: 0.0749230 seconds
86.948: [GC [PSYoungGen: 31170K->2272K(38912K)] 97125K->68274K(121856K), 0.0009840 secs] [Times: user=0.00 sys=0.00, real=0.00 secs] 
86.949: Total time for which application threads were stopped: 0.0011250 seconds, Stopping threads took: 0.0000710 seconds
87.037: Application time: 0.0884840 seconds
87.037: [GC [PSYoungGen: 37358K->1792K(36864K)] 103360K->67842K(119808K), 0.0007270 secs] [Times: user=0.00 sys=0.00, real=0.00 secs] 
87.038: Total time for which application threads were stopped: 0.0008700 seconds, Stopping threads took: 0.0000760 seconds
87.126: Application time: 0.0876420 seconds
87.126: [GC [PSYoungGen: 36285K->1248K(35840K)] 102336K->67362K(118784K), 0.0007070 secs] [Times: user=0.01 sys=0.00, real=0.00 secs] 
87.126: Total time for which application threads were stopped: 0.0008230 seconds, Stopping threads took: 0.0000510 seconds
87.209: Application time: 0.0826640 seconds
87.209: [GC [PSYoungGen: 35380K->1744K(36352K)] 101494K->67858K(119296K), 0.0008500 secs] [Times: user=0.00 sys=0.00, real=0.00 secs] 
87.210: Total time for which application threads were stopped: 0.0009890 seconds, Stopping threads took: 0.0000690 seconds
87.294: Application time: 0.0834550 seconds
87.294: [GC [PSYoungGen: 35285K->1760K(35328K)] 101400K->67966K(118272K), 0.0008650 secs] [Times: user=0.00 sys=0.00, real=0.00 secs] 
87.295: Total time for which application threads were stopped: 0.0010080 seconds, Stopping threads took: 0.0000720 seconds
87.377: Application time: 0.0824200 seconds
87.377: [GC [PSYoungGen: 34866K->1792K(35328K)] 101072K->68046K(118272K), 0.0008700 secs] [Times: user=0.00 sys=0.00, real=0.00 secs] 
87.378: Total time for which application threads were stopped: 0.0011500 seconds, Stopping threads took: 0.0001990 seconds
87.460: Application time: 0.0818530 seconds
87.460: [GC [PSYoungGen: 34225K->1760K(34304K)] 100480K->68102K(117248K), 0.0008580 secs] [Times: user=0.00 sys=0.00, real=0.00 secs] 
87.461: Total time for which application threads were stopped: 0.0009820 seconds, Stopping threads took: 0.0000560 seconds
87.542: Application time: 0.0809220 seconds
87.542: [GC [PSYoungGen: 33763K->736K(34304K)] 100106K->67078K(117248K), 0.0005270 secs] [Times: user=0.00 sys=0.00, real=0.00 secs] 
87.543: Total time for which application threads were stopped: 0.0006450 seconds, Stopping threads took: 0.0000580 seconds
87.619: Application time: 0.0761290 seconds
87.619: [GC [PSYoungGen: 32203K->2272K(33792K)] 98545K->68662K(116736K), 0.0010420 secs] [Times: user=0.00 sys=0.00, real=0.00 secs] 
87.620: Total time for which application threads were stopped: 0.0016110 seconds, Stopping threads took: 0.0000720 seconds
87.699: Application time: 0.0782770 seconds
87.699: [GC [PSYoungGen: 33247K->768K(33280K)] 99638K->67214K(116224K), 0.0005500 secs] [Times: user=0.00 sys=0.00, real=0.00 secs] 
87.699: Total time for which application threads were stopped: 0.0006940 seconds, Stopping threads took: 0.0000820 seconds
87.772: Application time: 0.0728960 seconds
87.772: [GC [PSYoungGen: 31124K->2208K(33280K)] 97571K->68702K(116224K), 0.0010100 secs] [Times: user=0.01 sys=0.00, real=0.00 secs] 
87.773: Total time for which application threads were stopped: 0.0011450 seconds, Stopping threads took: 0.0000650 seconds
87.845: Application time: 0.0721390 seconds
87.846: [GC [PSYoungGen: 32130K->3296K(33792K)] 98625K->69790K(116736K), 0.0013440 secs] [Times: user=0.01 sys=0.00, real=0.01 secs] 
87.847: Total time for which application threads were stopped: 0.0015050 seconds, Stopping threads took: 0.0000820 seconds
87.923: Application time: 0.0765210 seconds
87.924: [GC [PSYoungGen: 33317K->1760K(33792K)] 99812K->68310K(116736K), 0.0008920 secs] [Times: user=0.00 sys=0.00, real=0.00 secs] 
87.924: Total time for which application threads were stopped: 0.0010330 seconds, Stopping threads took: 0.0000640 seconds
88.000: Application time: 0.0753810 seconds
88.000: [GC [PSYoungGen: 31695K->1248K(39936K)] 98245K->67894K(122880K), 0.0006330 secs] [Times: user=0.01 sys=0.00, real=0.00 secs] 
88.001: Total time for which application threads were stopped: 0.0007650 seconds, Stopping threads took: 0.0000650 seconds
88.087: Application time: 0.0866140 seconds
88.087: [GC [PSYoungGen: 37354K->2816K(39936K)] 104001K->69503K(122880K), 0.0010850 secs] [Times: user=0.01 sys=0.00, real=0.00 secs] 
88.089: Total time for which application threads were stopped: 0.0013170 seconds, Stopping threads took: 0.0001550 seconds
88.179: Application time: 0.0904520 seconds
88.179: [GC [PSYoungGen: 38926K->2784K(47104K)] 105613K->69519K(130048K), 0.0010630 secs] [Times: user=0.00 sys=0.00, real=0.00 secs] 
88.180: Total time for which application threads were stopped: 0.0012650 seconds, Stopping threads took: 0.0001300 seconds
88.290: Application time: 0.1092550 seconds
88.290: [GC [PSYoungGen: 46101K->1248K(44032K)] 112836K->68031K(126976K), 0.0006010 secs] [Times: user=0.00 sys=0.00, real=0.00 secs] 
88.290: Total time for which application threads were stopped: 0.0007250 seconds, Stopping threads took: 0.0000540 seconds
88.397: Application time: 0.1067110 seconds
88.397: [GC [PSYoungGen: 43528K->1280K(44544K)] 110312K->68119K(127488K), 0.0006520 secs] [Times: user=0.00 sys=0.00, real=0.00 secs] 
88.398: Total time for which application threads were stopped: 0.0007850 seconds, Stopping threads took: 0.0000680 seconds
88.501: Application time: 0.1027740 seconds
88.501: [GC [PSYoungGen: 42534K->736K(41472K)] 109373K->67631K(124416K), 0.0005700 secs] [Times: user=0.00 sys=0.00, real=0.00 secs] 
88.501: Total time for which application threads were stopped: 0.0007050 seconds, Stopping threads took: 0.0000640 seconds
88.599: Application time: 0.0980950 seconds
88.599: [GC [PSYoungGen: 41034K->1792K(41472K)] 107929K->68743K(124416K), 0.0008190 secs] [Times: user=0.00 sys=0.00, real=0.00 secs] 
88.600: Total time for which application threads were stopped: 0.0009610 seconds, Stopping threads took: 0.0000730 seconds
88.697: Application time: 0.0968770 seconds
88.697: [GC [PSYoungGen: 41066K->1808K(40448K)] 108017K->68839K(123392K), 0.0008890 secs] [Times: user=0.00 sys=0.00, real=0.00 secs] 
88.698: Total time for which application threads were stopped: 0.0010220 seconds, Stopping threads took: 0.0000650 seconds
88.791: Application time: 0.0928270 seconds
88.791: [GC [PSYoungGen: 39896K->2272K(39936K)] 106927K->69391K(122880K), 0.0010230 secs] [Times: user=0.01 sys=0.00, real=0.00 secs] 
88.792: Total time for which application threads were stopped: 0.0011600 seconds, Stopping threads took: 0.0000640 seconds
88.884: Application time: 0.0920450 seconds
88.884: [GC [PSYoungGen: 39488K->2784K(39936K)] 106607K->69903K(122880K), 0.0011810 secs] [Times: user=0.00 sys=0.00, real=0.00 secs] 
88.886: Total time for which application threads were stopped: 0.0013260 seconds, Stopping threads took: 0.0000710 seconds
88.979: Application time: 0.0934700 seconds
88.979: [GC [PSYoungGen: 39412K->2304K(39424K)] 106531K->69499K(122368K), 0.0010560 secs] [Times: user=0.01 sys=0.00, real=0.00 secs] 
88.980: Total time for which application threads were stopped: 0.0011890 seconds, Stopping threads took: 0.0000590 seconds
89.069: Application time: 0.0886730 seconds
89.069: [GC [PSYoungGen: 38337K->2240K(38400K)] 105533K->69483K(121344K), 0.0010390 secs] [Times: user=0.00 sys=0.00, real=0.00 secs] 
89.070: Total time for which application threads were stopped: 0.0012090 seconds, Stopping threads took: 0.0000910 seconds
89.160: Application time: 0.0895400 seconds
89.160: [GC [PSYoungGen: 37836K->2784K(38912K)] 105079K->70027K(121856K), 0.0011710 secs] [Times: user=0.00 sys=0.00, real=0.00 secs] 
89.161: Total time for which application threads were stopped: 0.0013140 seconds, Stopping threads took: 0.0000720 seconds
89.251: Application time: 0.0899780 seconds
89.251: [GC [PSYoungGen: 37952K->1280K(36352K)] 105195K->68579K(119296K), 0.0007400 secs] [Times: user=0.01 sys=0.00, real=0.00 secs] 
89.252: Total time for which application threads were stopped: 0.0009390 seconds, Stopping threads took: 0.0001400 seconds
89.337: Application time: 0.0852430 seconds
89.337: [GC [PSYoungGen: 35846K->2272K(39424K)] 103145K->69659K(122368K), 0.0010270 secs] [Times: user=0.01 sys=0.00, real=0.00 secs] 
89.338: Total time for which application threads were stopped: 0.0011700 seconds, Stopping threads took: 0.0000680 seconds
89.427: Application time: 0.0887440 seconds
89.427: [GC [PSYoungGen: 37358K->1760K(36864K)] 104745K->69195K(119808K), 0.0008610 secs] [Times: user=0.01 sys=0.00, real=0.00 secs] 
89.428: Total time for which application threads were stopped: 0.0009970 seconds, Stopping threads took: 0.0000680 seconds
89.513: Application time: 0.0853490 seconds
89.514: [GC [PSYoungGen: 36332K->1216K(37376K)] 103767K->68707K(120320K), 0.0007090 secs] [Times: user=0.00 sys=0.00, real=0.00 secs] 
89.514: Total time for which application threads were stopped: 0.0008510 seconds, Stopping threads took: 0.0000800 seconds
89.598: Application time: 0.0837040 seconds
89.598: [GC [PSYoungGen: 35270K->1760K(35840K)] 102761K->69307K(118784K), 0.0008710 secs] [Times: user=0.00 sys=0.00, real=0.00 secs] 
89.599: Total time for which application threads were stopped: 0.0010250 seconds, Stopping threads took: 0.0000740 seconds
89.681: Application time: 0.0823170 seconds
89.681: [GC [PSYoungGen: 35300K->2272K(36352K)] 102847K->69867K(119296K), 0.0010200 secs] [Times: user=0.01 sys=0.00, real=0.00 secs] 
89.682: Total time for which application threads were stopped: 0.0011660 seconds, Stopping threads took: 0.0000750 seconds
89.764: Application time: 0.0819040 seconds
89.765: [GC [PSYoungGen: 35221K->2272K(36864K)] 102817K->69915K(119808K), 0.0010110 secs] [Times: user=0.01 sys=0.00, real=0.00 secs] 
89.766: Total time for which application threads were stopped: 0.0011540 seconds, Stopping threads took: 0.0000730 seconds
89.848: Application time: 0.0827260 seconds
89.848: [GC [PSYoungGen: 35299K->2272K(43520K)] 102943K->69915K(126464K), 0.0009220 secs] [Times: user=0.00 sys=0.00, real=0.00 secs] 
89.849: Total time for which application threads were stopped: 0.0010590 seconds, Stopping threads took: 0.0000680 seconds
89.950: Application time: 0.1010190 seconds
89.950: [GC [PSYoungGen: 42065K->1280K(40448K)] 109708K->68971K(123392K), 0.0006990 secs] [Times: user=0.00 sys=0.00, real=0.00 secs] 
89.951: Total time for which application threads were stopped: 0.0008300 seconds, Stopping threads took: 0.0000660 seconds
90.045: Application time: 0.0939170 seconds
90.045: [GC [PSYoungGen: 40038K->1792K(40448K)] 107730K->69575K(123392K), 0.0008180 secs] [Times: user=0.01 sys=0.00, real=0.00 secs] 
90.046: Total time for which application threads were stopped: 0.0009500 seconds, Stopping threads took: 0.0000650 seconds
90.140: Application time: 0.0941240 seconds
90.140: [GC [PSYoungGen: 39363K->2272K(39424K)] 107147K->70127K(122368K), 0.0010450 secs] [Times: user=0.00 sys=0.00, real=0.00 secs] 
90.141: Total time for which application threads were stopped: 0.0011910 seconds, Stopping threads took: 0.0000670 seconds
90.233: Application time: 0.0911240 seconds
90.233: [GC [PSYoungGen: 38978K->1760K(39424K)] 106834K->69615K(122368K), 0.0008030 secs] [Times: user=0.01 sys=0.00, real=0.00 secs] 
90.233: Total time for which application threads were stopped: 0.0009380 seconds, Stopping threads took: 0.0000680 seconds
90.323: Application time: 0.0893550 seconds
90.323: [GC [PSYoungGen: 37872K->1792K(37888K)] 105728K->69735K(120832K), 0.0008980 secs] [Times: user=0.01 sys=0.00, real=0.00 secs] 
90.324: Total time for which application threads were stopped: 0.0010230 seconds, Stopping threads took: 0.0000560 seconds
90.412: Application time: 0.0880060 seconds
90.412: [GC [PSYoungGen: 37311K->1760K(37888K)] 105255K->69759K(120832K), 0.0008150 secs] [Times: user=0.01 sys=0.00, real=0.00 secs] 
90.413: Total time for which application threads were stopped: 0.0009540 seconds, Stopping threads took: 0.0000720 seconds
90.499: Application time: 0.0863910 seconds
90.499: [GC [PSYoungGen: 36846K->1184K(36352K)] 104845K->69183K(119296K), 0.0007620 secs] [Times: user=0.00 sys=0.00, real=0.00 secs] 
90.500: Total time for which application threads were stopped: 0.0009030 seconds, Stopping threads took: 0.0000790 seconds
90.584: Application time: 0.0841280 seconds
90.584: [GC [PSYoungGen: 35828K->2304K(36864K)] 103828K->70359K(119808K), 0.0010320 secs] [Times: user=0.01 sys=0.00, real=0.00 secs] 
90.585: Total time for which application threads were stopped: 0.0011770 seconds, Stopping threads took: 0.0000720 seconds
90.670: Application time: 0.0844570 seconds
90.670: [GC [PSYoungGen: 36360K->2272K(36352K)] 104416K->70400K(119296K), 0.0010490 secs] [Times: user=0.00 sys=0.00, real=0.00 secs] 
90.671: Total time for which application threads were stopped: 0.0011990 seconds, Stopping threads took: 0.0000700 seconds
90.754: Application time: 0.0829620 seconds
90.754: [GC [PSYoungGen: 35816K->1792K(35840K)] 103944K->69976K(118784K), 0.0008480 secs] [Times: user=0.00 sys=0.00, real=0.01 secs] 
90.755: Total time for which application threads were stopped: 0.0009870 seconds, Stopping threads took: 0.0000650 seconds
90.836: Application time: 0.0812980 seconds
90.836: [GC [PSYoungGen: 34819K->1760K(34816K)] 103004K->70008K(117760K), 0.0008500 secs] [Times: user=0.01 sys=0.00, real=0.00 secs] 
90.837: Total time for which application threads were stopped: 0.0009800 seconds, Stopping threads took: 0.0000630 seconds
90.918: Application time: 0.0807740 seconds
90.918: [GC [PSYoungGen: 34275K->1248K(34816K)] 102524K->69544K(117760K), 0.0007060 secs] [Times: user=0.01 sys=0.00, real=0.00 secs] 
90.919: Total time for which application threads were stopped: 0.0009130 seconds, Stopping threads took: 0.0001440 seconds
90.998: Application time: 0.0789240 seconds
90.998: [GC [PSYoungGen: 33235K->2304K(34304K)] 101531K->70648K(117248K), 0.0009950 secs] [Times: user=0.00 sys=0.00, real=0.00 secs] 
90.999: Total time for which application threads were stopped: 0.0011310 seconds, Stopping threads took: 0.0000650 seconds
91.078: Application time: 0.0791640 seconds
91.078: [GC [PSYoungGen: 33709K->1760K(33792K)] 102053K->70168K(116736K), 0.0008590 secs] [Times: user=0.00 sys=0.00, real=0.00 secs] 
91.079: Total time for which application threads were stopped: 0.0009870 seconds, Stopping threads took: 0.0000600 seconds
91.154: Application time: 0.0750050 seconds
91.154: [GC [PSYoungGen: 32719K->2304K(34304K)] 101127K->70712K(117248K), 0.0010080 secs] [Times: user=0.01 sys=0.00, real=0.01 secs] 
91.155: Total time for which application threads were stopped: 0.0011450 seconds, Stopping threads took: 0.0000630 seconds
91.232: Application time: 0.0764580 seconds
91.232: [GC [PSYoungGen: 33349K->1792K(40960K)] 101757K->70248K(123904K), 0.0007450 secs] [Times: user=0.00 sys=0.00, real=0.00 secs] 
91.233: Total time for which application threads were stopped: 0.0009840 seconds, Stopping threads took: 0.0001630 seconds
91.326: Application time: 0.0933740 seconds
91.326: [GC [PSYoungGen: 39444K->2272K(39424K)] 107900K->70800K(122368K), 0.0008800 secs] [Times: user=0.00 sys=0.00, real=0.01 secs] 
91.327: Total time for which application threads were stopped: 0.0010160 seconds, Stopping threads took: 0.0000650 seconds
91.417: Application time: 0.0894010 seconds
91.417: [GC [PSYoungGen: 38894K->2272K(39936K)] 107422K->71864K(122880K), 0.0012370 secs] [Times: user=0.01 sys=0.00, real=0.00 secs] 
91.418: Total time for which application threads were stopped: 0.0013760 seconds, Stopping threads took: 0.0000630 seconds
91.510: Application time: 0.0920600 seconds
91.510: [GC [PSYoungGen: 39412K->2784K(40448K)] 109004K->72928K(123392K), 0.0013770 secs] [Times: user=0.00 sys=0.00, real=0.00 secs] 
91.512: Total time for which application threads were stopped: 0.0015300 seconds, Stopping threads took: 0.0000770 seconds
91.604: Application time: 0.0927970 seconds
91.604: [GC [PSYoungGen: 39926K->2816K(48640K)] 110070K->73008K(131584K), 0.0009980 secs] [Times: user=0.01 sys=0.00, real=0.00 secs] 
91.606: Total time for which application threads were stopped: 0.0011450 seconds, Stopping threads took: 0.0000720 seconds
91.717: Application time: 0.1112460 seconds
91.717: [GC [PSYoungGen: 47667K->2784K(48640K)] 117859K->73024K(131584K), 0.0010170 secs] [Times: user=0.00 sys=0.00, real=0.00 secs] 
91.718: Total time for which application threads were stopped: 0.0011570 seconds, Stopping threads took: 0.0000660 seconds
91.829: Application time: 0.1113070 seconds
91.829: [GC [PSYoungGen: 47637K->2304K(46592K)] 117877K->72592K(129536K), 0.0008850 secs] [Times: user=0.01 sys=0.00, real=0.00 secs] 
91.830: Total time for which application threads were stopped: 0.0010320 seconds, Stopping threads took: 0.0000680 seconds
91.940: Application time: 0.1094690 seconds
91.940: [GC [PSYoungGen: 46209K->1280K(44544K)] 116498K->71616K(127488K), 0.0007000 secs] [Times: user=0.01 sys=0.00, real=0.00 secs] 
91.941: Total time for which application threads were stopped: 0.0009290 seconds, Stopping threads took: 0.0001640 seconds
92.045: Application time: 0.1048200 seconds
92.046: [GC [PSYoungGen: 44149K->2240K(44544K)] 114485K->72644K(127488K), 0.0010010 secs] [Times: user=0.00 sys=0.00, real=0.00 secs] 
92.047: Total time for which application threads were stopped: 0.0011820 seconds, Stopping threads took: 0.0001070 seconds
92.150: Application time: 0.1034890 seconds
92.150: [GC [PSYoungGen: 44006K->2272K(43520K)] 114411K->72748K(126464K), 0.0010180 secs] [Times: user=0.00 sys=0.01, real=0.00 secs] 
92.151: Total time for which application threads were stopped: 0.0011520 seconds, Stopping threads took: 0.0000610 seconds
92.253: Application time: 0.1018760 seconds
92.253: [GC [PSYoungGen: 43010K->2304K(42496K)] 113487K->72828K(125440K), 0.0009580 secs] [Times: user=0.00 sys=0.00, real=0.00 secs] 
92.254: Total time for which application threads were stopped: 0.0010950 seconds, Stopping threads took: 0.0000660 seconds
92.353: Application time: 0.0986290 seconds
92.353: [GC [PSYoungGen: 42016K->1760K(40960K)] 112541K->72324K(123904K), 0.0008950 secs] [Times: user=0.01 sys=0.00, real=0.00 secs] 
92.354: Total time for which application threads were stopped: 0.0010370 seconds, Stopping threads took: 0.0000650 seconds
92.450: Application time: 0.0961900 seconds
92.450: [GC [PSYoungGen: 40362K->2272K(40448K)] 110926K->72892K(123392K), 0.0010220 secs] [Times: user=0.00 sys=0.00, real=0.00 secs] 
92.451: Total time for which application threads were stopped: 0.0011590 seconds, Stopping threads took: 0.0000680 seconds
92.544: Application time: 0.0931760 seconds
92.545: [GC [PSYoungGen: 40087K->1248K(38400K)] 110707K->71868K(121344K), 0.0007390 secs] [Times: user=0.00 sys=0.00, real=0.00 secs] 
92.545: Total time for which application threads were stopped: 0.0008700 seconds, Stopping threads took: 0.0000650 seconds
92.635: Application time: 0.0895940 seconds
92.635: [GC [PSYoungGen: 37870K->2272K(38912K)] 108490K->73008K(121856K), 0.0010560 secs] [Times: user=0.00 sys=0.00, real=0.00 secs] 
92.636: Total time for which application threads were stopped: 0.0012010 seconds, Stopping threads took: 0.0000730 seconds
92.725: Application time: 0.0890040 seconds
92.725: [GC [PSYoungGen: 38382K->2784K(38912K)] 109118K->73568K(121856K), 0.0012450 secs] [Times: user=0.00 sys=0.00, real=0.00 secs] 
92.727: Total time for which application threads were stopped: 0.0013900 seconds, Stopping threads took: 0.0000730 seconds
92.816: Application time: 0.0896190 seconds
92.816: [GC [PSYoungGen: 38386K->1776K(37376K)] 109171K->72616K(120320K), 0.0008190 secs] [Times: user=0.01 sys=0.00, real=0.00 secs] 
92.817: Total time for which application threads were stopped: 0.0009660 seconds, Stopping threads took: 0.0000810 seconds
92.903: Application time: 0.0855630 seconds
92.903: [GC [PSYoungGen: 36855K->2784K(44032K)] 107696K->73672K(126976K), 0.0011780 secs] [Times: user=0.01 sys=0.00, real=0.00 secs] 
92.904: Total time for which application threads were stopped: 0.0013300 seconds, Stopping threads took: 0.0000690 seconds
93.004: Application time: 0.1004530 seconds
93.005: [GC [PSYoungGen: 43010K->2304K(46080K)] 113899K->73241K(129024K), 0.0009680 secs] [Times: user=0.01 sys=0.00, real=0.00 secs] 
93.006: Total time for which application threads were stopped: 0.0012150 seconds, Stopping threads took: 0.0001760 seconds
93.113: Application time: 0.1068850 seconds
93.113: [GC [PSYoungGen: 44508K->1728K(43520K)] 115445K->72729K(126464K), 0.0007860 secs] [Times: user=0.00 sys=0.00, real=0.00 secs] 
93.114: Total time for which application threads were stopped: 0.0009180 seconds, Stopping threads took: 0.0000670 seconds
93.216: Application time: 0.1021590 seconds
93.216: [GC [PSYoungGen: 43137K->1776K(43008K)] 114138K->72777K(125952K), 0.0008970 secs] [Times: user=0.01 sys=0.00, real=0.00 secs] 
93.217: Total time for which application threads were stopped: 0.0010350 seconds, Stopping threads took: 0.0000680 seconds
93.315: Application time: 0.0978330 seconds
93.315: [GC [PSYoungGen: 41998K->2304K(41984K)] 112999K->73421K(124928K), 0.0010540 secs] [Times: user=0.00 sys=0.00, real=0.01 secs] 
93.316: Total time for which application threads were stopped: 0.0012100 seconds, Stopping threads took: 0.0000760 seconds
93.413: Application time: 0.0972120 seconds
93.413: [GC [PSYoungGen: 41500K->2304K(40960K)] 112617K->73469K(123904K), 0.0010490 secs] [Times: user=0.01 sys=0.00, real=0.00 secs] 
93.414: Total time for which application threads were stopped: 0.0011950 seconds, Stopping threads took: 0.0000650 seconds
93.508: Application time: 0.0937090 seconds
93.508: [GC [PSYoungGen: 40550K->1760K(39424K)] 111715K->72973K(122368K), 0.0008740 secs] [Times: user=0.00 sys=0.00, real=0.00 secs] 
93.509: Total time for which application threads were stopped: 0.0010470 seconds, Stopping threads took: 0.0001090 seconds
93.601: Application time: 0.0920480 seconds
93.601: [GC [PSYoungGen: 38902K->1760K(38912K)] 110115K->73049K(121856K), 0.0008870 secs] [Times: user=0.00 sys=0.00, real=0.00 secs] 
93.602: Total time for which application threads were stopped: 0.0010290 seconds, Stopping threads took: 0.0000760 seconds
93.692: Application time: 0.0901760 seconds
93.692: [GC [PSYoungGen: 38303K->2784K(39424K)] 109593K->74121K(122368K), 0.0011440 secs] [Times: user=0.01 sys=0.00, real=0.00 secs] 
93.693: Total time for which application threads were stopped: 0.0012850 seconds, Stopping threads took: 0.0000680 seconds
93.783: Application time: 0.0894760 seconds
93.783: [GC [PSYoungGen: 38820K->2272K(38912K)] 110157K->73609K(121856K), 0.0009470 secs] [Times: user=0.00 sys=0.00, real=0.00 secs] 
93.784: Total time for which application threads were stopped: 0.0010870 seconds, Stopping threads took: 0.0000670 seconds
93.872: Application time: 0.0884060 seconds
93.873: [GC [PSYoungGen: 38028K->1792K(37376K)] 109366K->73129K(120320K), 0.0008550 secs] [Times: user=0.01 sys=0.00, real=0.00 secs] 
93.873: Total time for which application threads were stopped: 0.0009880 seconds, Stopping threads took: 0.0000650 seconds
93.959: Application time: 0.0856030 seconds
93.959: [GC [PSYoungGen: 36872K->2816K(38912K)] 108209K->74253K(121856K), 0.0012170 secs] [Times: user=0.01 sys=0.00, real=0.00 secs] 
93.960: Total time for which application threads were stopped: 0.0013770 seconds, Stopping threads took: 0.0000760 seconds
94.048: Application time: 0.0880410 seconds
94.049: [GC [PSYoungGen: 37904K->1792K(38912K)] 109341K->73293K(121856K), 0.0008110 secs] [Times: user=0.01 sys=0.00, real=0.00 secs] 
94.049: Total time for which application threads were stopped: 0.0009430 seconds, Stopping threads took: 0.0000660 seconds
94.135: Application time: 0.0851670 seconds
94.135: [GC [PSYoungGen: 36791K->3328K(46080K)] 108293K->74869K(129024K), 0.0011450 secs] [Times: user=0.00 sys=0.00, real=0.00 secs] 
94.136: Total time for which application threads were stopped: 0.0013100 seconds, Stopping threads took: 0.0000800 seconds
94.244: Application time: 0.1078990 seconds
94.244: [GC [PSYoungGen: 45776K->736K(42496K)] 117317K->72277K(125440K), 0.0005460 secs] [Times: user=0.00 sys=0.00, real=0.00 secs] 
94.244: Total time for which application threads were stopped: 0.0006830 seconds, Stopping threads took: 0.0000750 seconds
94.347: Application time: 0.1024190 seconds
94.347: [GC [PSYoungGen: 41910K->736K(43520K)] 113451K->72397K(126464K), 0.0005920 secs] [Times: user=0.00 sys=0.00, real=0.00 secs] 
94.348: Total time for which application threads were stopped: 0.0007140 seconds, Stopping threads took: 0.0000610 seconds
94.443: Application time: 0.0956520 seconds
94.443: [GC [PSYoungGen: 40870K->3840K(43520K)] 112531K->75501K(126464K), 0.0014660 secs] [Times: user=0.01 sys=0.00, real=0.00 secs] 
94.445: Total time for which application threads were stopped: 0.0016240 seconds, Stopping threads took: 0.0000790 seconds
94.545: Application time: 0.0998220 seconds
94.545: [GC [PSYoungGen: 43201K->1760K(41472K)] 114863K->73421K(124416K), 0.0008200 secs] [Times: user=0.01 sys=0.00, real=0.00 secs] 
94.546: Total time for which application threads were stopped: 0.0009770 seconds, Stopping threads took: 0.0000820 seconds
94.639: Application time: 0.0937260 seconds
94.640: [GC [PSYoungGen: 39924K->2752K(43008K)] 111585K->74533K(125952K), 0.0012600 secs] [Times: user=0.00 sys=0.00, real=0.00 secs] 
94.641: Total time for which application threads were stopped: 0.0014050 seconds, Stopping threads took: 0.0000710 seconds
94.733: Application time: 0.0924410 seconds
94.733: [GC [PSYoungGen: 40918K->3232K(50688K)] 112700K->75053K(133632K), 0.0011530 secs] [Times: user=0.01 sys=0.00, real=0.00 secs] 
94.735: Total time for which application threads were stopped: 0.0012960 seconds, Stopping threads took: 0.0000690 seconds
94.850: Application time: 0.1156950 seconds
94.850: [GC [PSYoungGen: 49204K->1792K(47104K)] 121025K->73677K(130048K), 0.0008310 secs] [Times: user=0.01 sys=0.00, real=0.00 secs] 
94.851: Total time for which application threads were stopped: 0.0009730 seconds, Stopping threads took: 0.0000760 seconds
94.960: Application time: 0.1090180 seconds
94.960: [GC [PSYoungGen: 46639K->2816K(47616K)] 118524K->74785K(130560K), 0.0011510 secs] [Times: user=0.01 sys=0.00, real=0.00 secs] 
94.962: Total time for which application threads were stopped: 0.0013130 seconds, Stopping threads took: 0.0000880 seconds
95.072: Application time: 0.1099570 seconds
95.072: [GC [PSYoungGen: 46564K->1760K(45056K)] 118534K->73785K(128000K), 0.0008680 secs] [Times: user=0.00 sys=0.00, real=0.00 secs] 
95.073: Total time for which application threads were stopped: 0.0010100 seconds, Stopping threads took: 0.0000670 seconds
95.177: Application time: 0.1040000 seconds
95.177: [GC [PSYoungGen: 44629K->2784K(45568K)] 116655K->74809K(128512K), 0.0011340 secs] [Times: user=0.01 sys=0.00, real=0.00 secs] 
95.178: Total time for which application threads were stopped: 0.0012850 seconds, Stopping threads took: 0.0000750 seconds
95.280: Application time: 0.1024380 seconds
95.280: [GC [PSYoungGen: 44627K->3360K(46592K)] 116652K->75453K(129536K), 0.0013960 secs] [Times: user=0.00 sys=0.00, real=0.00 secs] 
95.282: Total time for which application threads were stopped: 0.0015420 seconds, Stopping threads took: 0.0000660 seconds
95.385: Application time: 0.1034940 seconds
95.385: [GC [PSYoungGen: 45124K->3840K(54784K)] 117218K->76010K(137728K), 0.0013250 secs] [Times: user=0.01 sys=0.00, real=0.01 secs] 
95.387: Total time for which application threads were stopped: 0.0014790 seconds, Stopping threads took: 0.0000730 seconds
95.516: Application time: 0.1293630 seconds
95.516: [GC [PSYoungGen: 53928K->2288K(51200K)] 126098K->74498K(134144K), 0.0009880 secs] [Times: user=0.01 sys=0.00, real=0.00 secs] 
95.517: Total time for which application threads were stopped: 0.0011380 seconds, Stopping threads took: 0.0000800 seconds
95.637: Application time: 0.1198920 seconds
95.637: [GC [PSYoungGen: 50752K->2304K(51200K)] 122962K->74598K(134144K), 0.0009150 secs] [Times: user=0.01 sys=0.00, real=0.00 secs] 
95.638: Total time for which application threads were stopped: 0.0010560 seconds, Stopping threads took: 0.0000670 seconds
95.758: Application time: 0.1196800 seconds
95.758: [GC [PSYoungGen: 49659K->1760K(48640K)] 121953K->74110K(131584K), 0.0008740 secs] [Times: user=0.01 sys=0.00, real=0.00 secs] 
95.759: Total time for which application threads were stopped: 0.0010180 seconds, Stopping threads took: 0.0000720 seconds
95.874: Application time: 0.1150740 seconds
95.874: [GC [PSYoungGen: 48317K->1248K(49152K)] 120667K->73598K(132096K), 0.0007320 secs] [Times: user=0.00 sys=0.00, real=0.01 secs] 
95.875: Total time for which application threads were stopped: 0.0008680 seconds, Stopping threads took: 0.0000710 seconds
95.986: Application time: 0.1114610 seconds
95.986: [GC [PSYoungGen: 46687K->2304K(47104K)] 119037K->74770K(130048K), 0.0010830 secs] [Times: user=0.01 sys=0.00, real=0.01 secs] 
95.988: Total time for which application threads were stopped: 0.0012110 seconds, Stopping threads took: 0.0000590 seconds
96.100: Application time: 0.1122640 seconds
96.100: [GC [PSYoungGen: 46566K->1248K(47104K)] 119033K->73802K(130048K), 0.0007130 secs] [Times: user=0.01 sys=0.00, real=0.00 secs] 
96.101: Total time for which application threads were stopped: 0.0008390 seconds, Stopping threads took: 0.0000630 seconds
96.206: Application time: 0.1055940 seconds
96.206: [GC [PSYoungGen: 44627K->3328K(46080K)] 117181K->75882K(129024K), 0.0013750 secs] [Times: user=0.01 sys=0.00, real=0.01 secs] 
96.208: Total time for which application threads were stopped: 0.0015460 seconds, Stopping threads took: 0.0000840 seconds
96.316: Application time: 0.1083170 seconds
96.316: [GC [PSYoungGen: 45621K->128K(45056K)] 118175K->72758K(128000K), 0.0006240 secs] [Times: user=0.01 sys=0.00, real=0.00 secs] 
96.317: Total time for which application threads were stopped: 0.0007520 seconds, Stopping threads took: 0.0000670 seconds
96.419: Application time: 0.1017410 seconds
96.419: [GC [PSYoungGen: 41300K->704K(41472K)] 113930K->73390K(124416K), 0.0005810 secs] [Times: user=0.00 sys=0.00, real=0.00 secs] 
96.419: Total time for which application threads were stopped: 0.0007330 seconds, Stopping threads took: 0.0000920 seconds
96.516: Application time: 0.0970460 seconds
96.517: [GC [PSYoungGen: 41074K->3392K(44032K)] 113761K->76078K(126976K), 0.0013280 secs] [Times: user=0.01 sys=0.00, real=0.00 secs] 
96.518: Total time for which application threads were stopped: 0.0015000 seconds, Stopping threads took: 0.0000900 seconds
96.618: Application time: 0.1000870 seconds
96.618: [GC [PSYoungGen: 42596K->1216K(39936K)] 115283K->74026K(122880K), 0.0007830 secs] [Times: user=0.00 sys=0.00, real=0.00 secs] 
96.619: Total time for which application threads were stopped: 0.0009920 seconds, Stopping threads took: 0.0001420 seconds
96.712: Application time: 0.0926790 seconds
96.712: [GC [PSYoungGen: 39380K->2272K(40448K)] 112190K->75130K(123392K), 0.0010870 secs] [Times: user=0.01 sys=0.00, real=0.00 secs] 
96.713: Total time for which application threads were stopped: 0.0012360 seconds, Stopping threads took: 0.0000640 seconds
96.805: Application time: 0.0917520 seconds
96.805: [GC [PSYoungGen: 39410K->2816K(39936K)] 112268K->75722K(122880K), 0.0012260 secs] [Times: user=0.01 sys=0.00, real=0.00 secs] 
96.806: Total time for which application threads were stopped: 0.0013740 seconds, Stopping threads took: 0.0000730 seconds
96.898: Application time: 0.0919740 seconds
96.898: [GC [PSYoungGen: 39522K->2320K(40448K)] 112428K->75274K(123392K), 0.0010360 secs] [Times: user=0.01 sys=0.00, real=0.00 secs] 
96.899: Total time for which application threads were stopped: 0.0011770 seconds, Stopping threads took: 0.0000700 seconds
96.990: Application time: 0.0905810 seconds
96.990: [GC [PSYoungGen: 38358K->1248K(37376K)] 111312K->74290K(120320K), 0.0007110 secs] [Times: user=0.01 sys=0.00, real=0.00 secs] 
96.991: Total time for which application threads were stopped: 0.0008350 seconds, Stopping threads took: 0.0000610 seconds
97.076: Application time: 0.0853150 seconds
97.076: [GC [PSYoungGen: 36757K->3840K(39936K)] 109800K->76882K(122880K), 0.0015230 secs] [Times: user=0.01 sys=0.00, real=0.00 secs] 
97.078: Total time for which application threads were stopped: 0.0016750 seconds, Stopping threads took: 0.0000710 seconds
97.167: Application time: 0.0896700 seconds
97.167: [GC [PSYoungGen: 39010K->1792K(40448K)] 112052K->74834K(123392K), 0.0008260 secs] [Times: user=0.00 sys=0.00, real=0.00 secs] 
97.168: Total time for which application threads were stopped: 0.0009710 seconds, Stopping threads took: 0.0000770 seconds
97.253: Application time: 0.0843110 seconds
97.253: [GC [PSYoungGen: 36868K->3840K(46592K)] 109910K->76958K(129536K), 0.0014440 secs] [Times: user=0.01 sys=0.00, real=0.00 secs] 
97.254: Total time for which application threads were stopped: 0.0015930 seconds, Stopping threads took: 0.0000630 seconds
97.363: Application time: 0.1088600 seconds
97.363: [GC [PSYoungGen: 45699K->256K(41472K)] 118818K->73438K(124416K), 0.0004430 secs] [Times: user=0.00 sys=0.00, real=0.00 secs] 
97.364: Total time for which application threads were stopped: 0.0005610 seconds, Stopping threads took: 0.0000600 seconds
97.458: Application time: 0.0946600 seconds
97.458: [GC [PSYoungGen: 40980K->3840K(45568K)] 114162K->77102K(128512K), 0.0015140 secs] [Times: user=0.00 sys=0.01, real=0.00 secs] 
97.460: Total time for which application threads were stopped: 0.0016790 seconds, Stopping threads took: 0.0000780 seconds
97.561: Application time: 0.1013500 seconds
97.561: [GC [PSYoungGen: 44147K->2768K(46080K)] 117410K->76062K(129024K), 0.0012350 secs] [Times: user=0.01 sys=0.00, real=0.00 secs] 
97.563: Total time for which application threads were stopped: 0.0013660 seconds, Stopping threads took: 0.0000590 seconds
97.663: Application time: 0.1003240 seconds
97.663: [GC [PSYoungGen: 42918K->1760K(53248K)] 116213K->75134K(136192K), 0.0007570 secs] [Times: user=0.00 sys=0.00, real=0.00 secs] 
97.665: Total time for which application threads were stopped: 0.0016860 seconds, Stopping threads took: 0.0000620 seconds
97.785: Application time: 0.1205160 seconds
97.785: [GC [PSYoungGen: 50230K->736K(48640K)] 123605K->74110K(131584K), 0.0005160 secs] [Times: user=0.00 sys=0.00, real=0.00 secs] 
97.786: Total time for which application threads were stopped: 0.0006360 seconds, Stopping threads took: 0.0000570 seconds
97.900: Application time: 0.1143860 seconds
97.900: [GC [PSYoungGen: 48229K->2816K(50688K)] 121604K->76239K(133632K), 0.0011410 secs] [Times: user=0.00 sys=0.00, real=0.00 secs] 
97.902: Total time for which application threads were stopped: 0.0013010 seconds, Stopping threads took: 0.0000850 seconds
98.019: Application time: 0.1175290 seconds
98.019: [GC [PSYoungGen: 49304K->1248K(47104K)] 122727K->74759K(130048K), 0.0006870 secs] [Times: user=0.01 sys=0.00, real=0.00 secs] 
98.020: Total time for which application threads were stopped: 0.0008120 seconds, Stopping threads took: 0.0000620 seconds
98.132: Application time: 0.1118800 seconds
98.132: [GC [PSYoungGen: 46691K->1248K(48640K)] 120202K->74847K(131584K), 0.0006950 secs] [Times: user=0.00 sys=0.00, real=0.00 secs] 
98.133: Total time for which application threads were stopped: 0.0008720 seconds, Stopping threads took: 0.0001130 seconds
98.243: Application time: 0.1108420 seconds
98.244: [GC [PSYoungGen: 45582K->1760K(45568K)] 119181K->75439K(128512K), 0.0009370 secs] [Times: user=0.00 sys=0.00, real=0.00 secs] 
98.245: Total time for which application threads were stopped: 0.0010830 seconds, Stopping threads took: 0.0000760 seconds
98.351: Application time: 0.1063500 seconds
98.351: [GC [PSYoungGen: 44988K->2240K(46080K)] 118667K->75967K(129024K), 0.0010100 secs] [Times: user=0.00 sys=0.00, real=0.00 secs] 
98.352: Total time for which application threads were stopped: 0.0011550 seconds, Stopping threads took: 0.0000650 seconds
98.456: Application time: 0.1042430 seconds
98.456: [GC [PSYoungGen: 44520K->2304K(44032K)] 118247K->76031K(126976K), 0.0010220 secs] [Times: user=0.00 sys=0.00, real=0.00 secs] 
98.457: Total time for which application threads were stopped: 0.0011530 seconds, Stopping threads took: 0.0000590 seconds
98.561: Application time: 0.1036660 seconds
98.561: [GC [PSYoungGen: 43637K->1792K(43008K)] 117364K->75583K(125952K), 0.0009230 secs] [Times: user=0.01 sys=0.00, real=0.00 secs] 
98.562: Total time for which application threads were stopped: 0.0010580 seconds, Stopping threads took: 0.0000660 seconds
98.661: Application time: 0.0983380 seconds
98.661: [GC [PSYoungGen: 42088K->3328K(43008K)] 115879K->77195K(125952K), 0.0013900 secs] [Times: user=0.01 sys=0.00, real=0.00 secs] 
98.662: Total time for which application threads were stopped: 0.0015430 seconds, Stopping threads took: 0.0000740 seconds
98.763: Application time: 0.1006450 seconds
98.763: [GC [PSYoungGen: 42454K->1248K(41984K)] 116321K->75211K(124928K), 0.0007240 secs] [Times: user=0.01 sys=0.00, real=0.00 secs] 
98.764: Total time for which application threads were stopped: 0.0008500 seconds, Stopping threads took: 0.0000620 seconds
98.856: Application time: 0.0922160 seconds
98.856: [GC [PSYoungGen: 39490K->2256K(39936K)] 113454K->76219K(122880K), 0.0010330 secs] [Times: user=0.01 sys=0.00, real=0.00 secs] 
98.857: Total time for which application threads were stopped: 0.0011760 seconds, Stopping threads took: 0.0000660 seconds
98.950: Application time: 0.0928950 seconds
98.950: [GC [PSYoungGen: 39398K->1792K(39936K)] 113361K->75835K(122880K), 0.0009250 secs] [Times: user=0.01 sys=0.00, real=0.00 secs] 
98.951: Total time for which application threads were stopped: 0.0010740 seconds, Stopping threads took: 0.0000800 seconds
99.042: Application time: 0.0913210 seconds
99.042: [GC [PSYoungGen: 38342K->1248K(37888K)] 112385K->75355K(120832K), 0.0006930 secs] [Times: user=0.00 sys=0.00, real=0.00 secs] 
99.043: Total time for which application threads were stopped: 0.0008250 seconds, Stopping threads took: 0.0000680 seconds
99.133: Application time: 0.0898700 seconds
99.133: [GC [PSYoungGen: 37360K->1184K(39424K)] 111467K->75291K(122368K), 0.0007500 secs] [Times: user=0.01 sys=0.00, real=0.00 secs] 
99.134: Total time for which application threads were stopped: 0.0008770 seconds, Stopping threads took: 0.0000620 seconds
99.220: Application time: 0.0859530 seconds
99.220: [GC [PSYoungGen: 36852K->3360K(39424K)] 110959K->77507K(122368K), 0.0013720 secs] [Times: user=0.01 sys=0.00, real=0.00 secs] 
99.221: Total time for which application threads were stopped: 0.0015200 seconds, Stopping threads took: 0.0000690 seconds
99.310: Application time: 0.0884320 seconds
99.310: [GC [PSYoungGen: 38528K->1776K(37888K)] 112675K->75999K(120832K), 0.0009100 secs] [Times: user=0.00 sys=0.00, real=0.00 secs] 
99.311: Total time for which application threads were stopped: 0.0010360 seconds, Stopping threads took: 0.0000580 seconds
99.394: Application time: 0.0836220 seconds
99.395: [GC [PSYoungGen: 36261K->3296K(38912K)] 110485K->77595K(121856K), 0.0013710 secs] [Times: user=0.01 sys=0.00, real=0.01 secs] 
99.396: Total time for which application threads were stopped: 0.0015320 seconds, Stopping threads took: 0.0000780 seconds
99.485: Application time: 0.0893610 seconds
99.485: [GC [PSYoungGen: 37954K->768K(35328K)] 112254K->75067K(118272K), 0.0005800 secs] [Times: user=0.00 sys=0.00, real=0.00 secs] 
99.486: Total time for which application threads were stopped: 0.0006980 seconds, Stopping threads took: 0.0000590 seconds
99.569: Application time: 0.0826510 seconds
99.569: [GC [PSYoungGen: 34819K->1792K(35840K)] 109119K->76175K(118784K), 0.0008620 secs] [Times: user=0.01 sys=0.00, real=0.00 secs] 
99.570: Total time for which application threads were stopped: 0.0010000 seconds, Stopping threads took: 0.0000710 seconds
99.652: Application time: 0.0821250 seconds
99.652: [GC [PSYoungGen: 35253K->2304K(35840K)] 109637K->76743K(118784K), 0.0009390 secs] [Times: user=0.00 sys=0.00, real=0.00 secs] 
99.653: Total time for which application threads were stopped: 0.0010770 seconds, Stopping threads took: 0.0000660 seconds
99.734: Application time: 0.0812310 seconds
99.734: [GC [PSYoungGen: 35253K->2304K(40960K)] 109693K->76743K(123904K), 0.0010140 secs] [Times: user=0.01 sys=0.00, real=0.01 secs] 
99.735: Total time for which application threads were stopped: 0.0011590 seconds, Stopping threads took: 0.0000730 seconds
99.826: Application time: 0.0911200 seconds
99.826: [GC [PSYoungGen: 39088K->1760K(38400K)] 113528K->76199K(121344K), 0.0008280 secs] [Times: user=0.00 sys=0.01, real=0.01 secs] 
99.827: Total time for which application threads were stopped: 0.0009690 seconds, Stopping threads took: 0.0000730 seconds
99.918: Application time: 0.0908130 seconds
99.918: [GC [PSYoungGen: 37876K->640K(36864K)] 112316K->75191K(119808K), 0.0006840 secs] [Times: user=0.00 sys=0.00, real=0.00 secs] 
99.919: Total time for which application threads were stopped: 0.0008310 seconds, Stopping threads took: 0.0000780 seconds
100.004: Application time: 0.0849360 seconds
100.004: [GC [PSYoungGen: 36228K->3328K(39936K)] 110779K->77919K(122880K), 0.0014000 secs] [Times: user=0.01 sys=0.00, real=0.00 secs] 
100.005: Total time for which application threads were stopped: 0.0015440 seconds, Stopping threads took: 0.0000660 seconds
100.097: Application time: 0.0910600 seconds
100.097: [GC [PSYoungGen: 38854K->1760K(40448K)] 113445K->76415K(123392K), 0.0008390 secs] [Times: user=0.00 sys=0.00, real=0.00 secs] 
100.098: Total time for which application threads were stopped: 0.0009740 seconds, Stopping threads took: 0.0000590 seconds
100.186: Application time: 0.0889680 seconds
100.187: [GC [PSYoungGen: 37438K->1248K(36864K)] 112094K->75903K(119808K), 0.0006480 secs] [Times: user=0.01 sys=0.00, real=0.01 secs] 
100.187: Total time for which application threads were stopped: 0.0007950 seconds, Stopping threads took: 0.0000820 seconds
100.274: Application time: 0.0871790 seconds
100.275: [GC [PSYoungGen: 36330K->1264K(36352K)] 110986K->76016K(119296K), 0.0007340 secs] [Times: user=0.01 sys=0.00, real=0.01 secs] 
100.275: Total time for which application threads were stopped: 0.0009230 seconds, Stopping threads took: 0.0001220 seconds
100.361: Application time: 0.0858250 seconds
100.361: [GC [PSYoungGen: 35755K->1760K(36352K)] 110507K->76576K(119296K), 0.0008420 secs] [Times: user=0.01 sys=0.00, real=0.00 secs] 
100.362: Total time for which application threads were stopped: 0.0010130 seconds, Stopping threads took: 0.0001030 seconds
100.446: Application time: 0.0834610 seconds
100.446: [GC [PSYoungGen: 35816K->1792K(35840K)] 110632K->76608K(118784K), 0.0009070 secs] [Times: user=0.00 sys=0.00, real=0.01 secs] 
100.447: Total time for which application threads were stopped: 0.0011300 seconds, Stopping threads took: 0.0001450 seconds
100.530: Application time: 0.0830290 seconds
100.530: [GC [PSYoungGen: 35412K->1760K(35328K)] 110228K->76624K(118272K), 0.0010470 secs] [Times: user=0.00 sys=0.01, real=0.00 secs] 
100.531: Total time for which application threads were stopped: 0.0011790 seconds, Stopping threads took: 0.0000620 seconds
100.613: Application time: 0.0816750 seconds
100.613: [GC [PSYoungGen: 34866K->1760K(34816K)] 109730K->76704K(117760K), 0.0009410 secs] [Times: user=0.01 sys=0.00, real=0.00 secs] 
100.614: Total time for which application threads were stopped: 0.0010720 seconds, Stopping threads took: 0.0000620 seconds
100.695: Application time: 0.0813540 seconds
100.695: [GC [PSYoungGen: 34193K->1664K(34304K)] 109137K->76676K(117248K), 0.0009620 secs] [Times: user=0.00 sys=0.00, real=0.00 secs] 
100.696: Total time for which application threads were stopped: 0.0010910 seconds, Stopping threads took: 0.0000590 seconds
100.774: Application time: 0.0776100 seconds
100.774: [GC [PSYoungGen: 33655K->2208K(35840K)] 108667K->77220K(118784K), 0.0010270 secs] [Times: user=0.01 sys=0.00, real=0.01 secs] 
100.775: Total time for which application threads were stopped: 0.0011750 seconds, Stopping threads took: 0.0000780 seconds
100.855: Application time: 0.0802020 seconds
100.855: [GC [PSYoungGen: 34211K->1248K(33280K)] 109224K->76316K(116224K), 0.0006620 secs] [Times: user=0.00 sys=0.00, real=0.00 secs] 
100.856: Total time for which application threads were stopped: 0.0007820 seconds, Stopping threads took: 0.0000580 seconds
100.932: Application time: 0.0759520 seconds
100.932: [GC [PSYoungGen: 32715K->2784K(40448K)] 107783K->77892K(123392K), 0.0011820 secs] [Times: user=0.01 sys=0.00, real=0.00 secs] 
100.933: Total time for which application threads were stopped: 0.0013230 seconds, Stopping threads took: 0.0000640 seconds
101.024: Application time: 0.0912180 seconds
101.025: [GC [PSYoungGen: 39334K->2304K(41984K)] 114442K->77460K(124928K), 0.0009480 secs] [Times: user=0.00 sys=0.00, real=0.00 secs] 
101.026: Total time for which application threads were stopped: 0.0010900 seconds, Stopping threads took: 0.0000620 seconds
101.119: Application time: 0.0939050 seconds
101.120: [GC [PSYoungGen: 40470K->2208K(41984K)] 115626K->77364K(124928K), 0.0009490 secs] [Times: user=0.01 sys=0.00, real=0.00 secs] 
101.121: Total time for which application threads were stopped: 0.0011380 seconds, Stopping threads took: 0.0001200 seconds
101.217: Application time: 0.0966680 seconds
101.217: [GC [PSYoungGen: 40458K->1760K(39424K)] 115615K->76964K(122368K), 0.0007590 secs] [Times: user=0.00 sys=0.00, real=0.00 secs] 
101.218: Total time for which application threads were stopped: 0.0008940 seconds, Stopping threads took: 0.0000680 seconds
101.310: Application time: 0.0915120 seconds
101.310: [GC [PSYoungGen: 38978K->1776K(38912K)] 114182K->77060K(121856K), 0.0008060 secs] [Times: user=0.00 sys=0.00, real=0.00 secs] 
101.311: Total time for which application threads were stopped: 0.0009330 seconds, Stopping threads took: 0.0000570 seconds
101.405: Application time: 0.0941190 seconds
101.405: [GC [PSYoungGen: 38326K->1248K(37888K)] 113610K->76628K(120832K), 0.0006770 secs] [Times: user=0.00 sys=0.00, real=0.00 secs] 
101.406: Total time for which application threads were stopped: 0.0008150 seconds, Stopping threads took: 0.0000730 seconds
101.495: Application time: 0.0898920 seconds
101.496: [GC [PSYoungGen: 37442K->208K(36352K)] 112822K->75588K(119296K), 0.0004800 secs] [Times: user=0.00 sys=0.00, real=0.00 secs] 
101.496: Total time for which application threads were stopped: 0.0005970 seconds, Stopping threads took: 0.0000570 seconds
101.581: Application time: 0.0849200 seconds
101.581: [GC [PSYoungGen: 35795K->2816K(38400K)] 111176K->78272K(121344K), 0.0012110 secs] [Times: user=0.01 sys=0.00, real=0.00 secs] 
101.582: Total time for which application threads were stopped: 0.0013680 seconds, Stopping threads took: 0.0000670 seconds
101.672: Application time: 0.0897680 seconds
101.672: [GC [PSYoungGen: 37830K->704K(35840K)] 113286K->76224K(118784K), 0.0006090 secs] [Times: user=0.01 sys=0.00, real=0.00 secs] 
101.673: Total time for which application threads were stopped: 0.0007310 seconds, Stopping threads took: 0.0000640 seconds
101.755: Application time: 0.0826110 seconds
101.756: [GC [PSYoungGen: 35267K->2272K(36864K)] 110788K->77792K(119808K), 0.0009580 secs] [Times: user=0.00 sys=0.00, real=0.00 secs] 
101.757: Total time for which application threads were stopped: 0.0011010 seconds, Stopping threads took: 0.0000710 seconds
101.841: Application time: 0.0847590 seconds
101.841: [GC [PSYoungGen: 36403K->2848K(36864K)] 111924K->78408K(119808K), 0.0012480 secs] [Times: user=0.01 sys=0.00, real=0.00 secs] 
101.843: Total time for which application threads were stopped: 0.0013910 seconds, Stopping threads took: 0.0000650 seconds
101.926: Application time: 0.0835610 seconds
101.926: [GC [PSYoungGen: 36448K->768K(35840K)] 112008K->76416K(118784K), 0.0006110 secs] [Times: user=0.00 sys=0.00, real=0.01 secs] 
101.927: Total time for which application threads were stopped: 0.0007430 seconds, Stopping threads took: 0.0000660 seconds
102.008: Application time: 0.0813200 seconds
102.009: [GC [PSYoungGen: 33745K->736K(33792K)] 109394K->76432K(116736K), 0.0006220 secs] [Times: user=0.00 sys=0.00, real=0.00 secs] 
102.009: Total time for which application threads were stopped: 0.0008210 seconds, Stopping threads took: 0.0001360 seconds
102.089: Application time: 0.0797760 seconds
102.089: [GC [PSYoungGen: 33165K->2272K(35840K)] 108861K->78016K(118784K), 0.0010120 secs] [Times: user=0.00 sys=0.00, real=0.00 secs] 
102.090: Total time for which application threads were stopped: 0.0011680 seconds, Stopping threads took: 0.0000800 seconds
102.169: Application time: 0.0786120 seconds
102.169: [GC [PSYoungGen: 34416K->2320K(36352K)] 110160K->78072K(119296K), 0.0010520 secs] [Times: user=0.01 sys=0.00, real=0.00 secs] 
102.170: Total time for which application threads were stopped: 0.0011950 seconds, Stopping threads took: 0.0000730 seconds
102.251: Application time: 0.0809350 seconds
102.251: [GC [PSYoungGen: 34241K->1248K(33280K)] 109994K->77120K(116224K), 0.0006510 secs] [Times: user=0.01 sys=0.00, real=0.00 secs] 
102.252: Total time for which application threads were stopped: 0.0008510 seconds, Stopping threads took: 0.0001320 seconds
102.327: Application time: 0.0753240 seconds
102.327: [GC [PSYoungGen: 32636K->3264K(40448K)] 108509K->79136K(123392K), 0.0014360 secs] [Times: user=0.01 sys=0.00, real=0.00 secs] 
102.329: Total time for which application threads were stopped: 0.0015860 seconds, Stopping threads took: 0.0000730 seconds
102.418: Application time: 0.0896180 seconds
102.418: [GC [PSYoungGen: 39378K->2816K(41984K)] 115251K->78688K(124928K), 0.0011170 secs] [Times: user=0.01 sys=0.01, real=0.00 secs] 
102.420: Total time for which application threads were stopped: 0.0012660 seconds, Stopping threads took: 0.0000680 seconds
102.513: Application time: 0.0938870 seconds
102.514: [GC [PSYoungGen: 40550K->2304K(42496K)] 116423K->78224K(125440K), 0.0010070 secs] [Times: user=0.01 sys=0.00, real=0.00 secs] 
102.515: Total time for which application threads were stopped: 0.0011490 seconds, Stopping threads took: 0.0000730 seconds
102.608: Application time: 0.0929950 seconds
102.608: [GC [PSYoungGen: 40036K->1808K(49664K)] 115957K->77820K(132608K), 0.0007630 secs] [Times: user=0.00 sys=0.00, real=0.00 secs] 
102.609: Total time for which application threads were stopped: 0.0009320 seconds, Stopping threads took: 0.0000910 seconds
102.721: Application time: 0.1123100 seconds
102.721: [GC [PSYoungGen: 47097K->1760K(46592K)] 123109K->77865K(129536K), 0.0007950 secs] [Times: user=0.01 sys=0.00, real=0.00 secs] 
102.723: Total time for which application threads were stopped: 0.0017030 seconds, Stopping threads took: 0.0000960 seconds
102.831: Application time: 0.1083550 seconds
102.831: [GC [PSYoungGen: 46255K->1792K(46592K)] 122360K->77897K(129536K), 0.0007950 secs] [Times: user=0.01 sys=0.00, real=0.00 secs] 
102.832: Total time for which application threads were stopped: 0.0009430 seconds, Stopping threads took: 0.0000820 seconds
102.942: Application time: 0.1098310 seconds
102.942: [GC [PSYoungGen: 45026K->704K(43520K)] 121131K->76929K(126464K), 0.0005660 secs] [Times: user=0.01 sys=0.00, real=0.00 secs] 
102.942: Total time for which application threads were stopped: 0.0007870 seconds, Stopping threads took: 0.0001560 seconds
103.046: Application time: 0.1037560 seconds
103.046: [GC [PSYoungGen: 42902K->1760K(43520K)] 119127K->77985K(126464K), 0.0008540 secs] [Times: user=0.00 sys=0.00, real=0.01 secs] 
103.047: Total time for which application threads were stopped: 0.0009880 seconds, Stopping threads took: 0.0000670 seconds
103.149: Application time: 0.1019620 seconds
103.149: [GC [PSYoungGen: 43088K->2304K(43008K)] 119313K->78529K(125952K), 0.0010420 secs] [Times: user=0.01 sys=0.00, real=0.00 secs] 
103.150: Total time for which application threads were stopped: 0.0011880 seconds, Stopping threads took: 0.0000660 seconds
103.251: Application time: 0.1007350 seconds
103.251: [GC [PSYoungGen: 42687K->1824K(41984K)] 118912K->78129K(124928K), 0.0009260 secs] [Times: user=0.00 sys=0.00, real=0.00 secs] 
103.252: Total time for which application threads were stopped: 0.0010720 seconds, Stopping threads took: 0.0000780 seconds
103.348: Application time: 0.0959570 seconds
103.348: [GC [PSYoungGen: 40938K->2272K(40960K)] 117243K->78693K(123904K), 0.0010550 secs] [Times: user=0.00 sys=0.00, real=0.00 secs] 
103.349: Total time for which application threads were stopped: 0.0012320 seconds, Stopping threads took: 0.0001060 seconds
103.446: Application time: 0.0965700 seconds
103.446: [GC [PSYoungGen: 40524K->1280K(39936K)] 116945K->77701K(122880K), 0.0007220 secs] [Times: user=0.00 sys=0.00, real=0.01 secs] 
103.447: Total time for which application threads were stopped: 0.0009260 seconds, Stopping threads took: 0.0001360 seconds
103.539: Application time: 0.0923610 seconds
103.539: [GC [PSYoungGen: 38420K->1248K(38400K)] 114841K->77765K(121344K), 0.0007270 secs] [Times: user=0.00 sys=0.00, real=0.00 secs] 
103.540: Total time for which application threads were stopped: 0.0008640 seconds, Stopping threads took: 0.0000720 seconds
103.629: Application time: 0.0889890 seconds
103.629: [GC [PSYoungGen: 37789K->2816K(39424K)] 114307K->79381K(122368K), 0.0011970 secs] [Times: user=0.00 sys=0.00, real=0.00 secs] 
103.630: Total time for which application threads were stopped: 0.0013450 seconds, Stopping threads took: 0.0000730 seconds
103.720: Application time: 0.0896390 seconds
103.720: [GC [PSYoungGen: 38928K->2816K(39424K)] 115493K->79381K(122368K), 0.0011740 secs] [Times: user=0.01 sys=0.00, real=0.00 secs] 
103.721: Total time for which application threads were stopped: 0.0013300 seconds, Stopping threads took: 0.0000730 seconds
103.811: Application time: 0.0891450 seconds
103.811: [GC [PSYoungGen: 38418K->1792K(37888K)] 114983K->78413K(120832K), 0.0009240 secs] [Times: user=0.01 sys=0.00, real=0.00 secs] 
103.812: Total time for which application threads were stopped: 0.0010580 seconds, Stopping threads took: 0.0000670 seconds
103.901: Application time: 0.0896190 seconds
103.901: [GC [PSYoungGen: 36958K->768K(35840K)] 113580K->77437K(118784K), 0.0005910 secs] [Times: user=0.00 sys=0.00, real=0.00 secs] 
103.902: Total time for which application threads were stopped: 0.0007160 seconds, Stopping threads took: 0.0000630 seconds
103.985: Application time: 0.0834990 seconds
103.986: [GC [PSYoungGen: 35333K->1760K(37376K)] 112002K->78517K(120320K), 0.0008730 secs] [Times: user=0.00 sys=0.00, real=0.00 secs] 
103.986: Total time for which application threads were stopped: 0.0010460 seconds, Stopping threads took: 0.0001060 seconds
104.071: Application time: 0.0848420 seconds
104.071: [GC [PSYoungGen: 35814K->2304K(36352K)] 112571K->79109K(119296K), 0.0010340 secs] [Times: user=0.01 sys=0.00, real=0.00 secs] 
104.073: Total time for which application threads were stopped: 0.0011800 seconds, Stopping threads took: 0.0000730 seconds
104.156: Application time: 0.0830520 seconds
104.156: [GC [PSYoungGen: 35847K->1792K(36352K)] 112653K->78645K(119296K), 0.0008640 secs] [Times: user=0.00 sys=0.00, real=0.00 secs] 
104.157: Total time for which application threads were stopped: 0.0010100 seconds, Stopping threads took: 0.0000760 seconds
104.239: Application time: 0.0822560 seconds
104.239: [GC [PSYoungGen: 34822K->1280K(34304K)] 111675K->78197K(117248K), 0.0007160 secs] [Times: user=0.01 sys=0.00, real=0.00 secs] 
104.240: Total time for which application threads were stopped: 0.0008560 seconds, Stopping threads took: 0.0000670 seconds
104.320: Application time: 0.0807730 seconds
104.321: [GC [PSYoungGen: 33700K->2816K(36352K)] 110618K->79773K(119296K), 0.0011750 secs] [Times: user=0.01 sys=0.00, real=0.00 secs] 
104.322: Total time for which application threads were stopped: 0.0013230 seconds, Stopping threads took: 0.0000730 seconds
104.400: Application time: 0.0782450 seconds
104.400: [GC [PSYoungGen: 35327K->2816K(36352K)] 112285K->79773K(119296K), 0.0011690 secs] [Times: user=0.00 sys=0.00, real=0.00 secs] 
104.401: Total time for which application threads were stopped: 0.0013270 seconds, Stopping threads took: 0.0000830 seconds
104.483: Application time: 0.0818320 seconds
104.483: [GC [PSYoungGen: 35331K->2272K(43520K)] 112289K->79285K(126464K), 0.0008840 secs] [Times: user=0.00 sys=0.00, real=0.00 secs] 
104.484: Total time for which application threads were stopped: 0.0010170 seconds, Stopping threads took: 0.0000640 seconds
104.582: Application time: 0.0978710 seconds
104.582: [GC [PSYoungGen: 41627K->1792K(43520K)] 118640K->78853K(126464K), 0.0008150 secs] [Times: user=0.00 sys=0.00, real=0.00 secs] 
104.583: Total time for which application threads were stopped: 0.0009480 seconds, Stopping threads took: 0.0000650 seconds
104.680: Application time: 0.0970990 seconds
104.680: [GC [PSYoungGen: 40906K->2816K(50688K)] 117967K->79989K(133632K), 0.0010630 secs] [Times: user=0.01 sys=0.00, real=0.00 secs] 
104.681: Total time for which application threads were stopped: 0.0012070 seconds, Stopping threads took: 0.0000710 seconds
104.800: Application time: 0.1185440 seconds
104.800: [GC [PSYoungGen: 49824K->672K(47104K)] 126998K->77845K(130048K), 0.0006100 secs] [Times: user=0.00 sys=0.00, real=0.00 secs] 
104.801: Total time for which application threads were stopped: 0.0007430 seconds, Stopping threads took: 0.0000670 seconds
104.914: Application time: 0.1132990 seconds
104.914: [GC [PSYoungGen: 46547K->1792K(47104K)] 123721K->79053K(130048K), 0.0008710 secs] [Times: user=0.00 sys=0.00, real=0.01 secs] 
104.915: Total time for which application threads were stopped: 0.0010080 seconds, Stopping threads took: 0.0000670 seconds
105.027: Application time: 0.1120160 seconds
105.027: [GC [PSYoungGen: 46564K->1792K(46080K)] 123826K->79101K(129024K), 0.0009030 secs] [Times: user=0.00 sys=0.00, real=0.00 secs] 
105.028: Total time for which application threads were stopped: 0.0010340 seconds, Stopping threads took: 0.0000650 seconds
105.139: Application time: 0.1107520 seconds
105.139: [GC [PSYoungGen: 45697K->736K(45568K)] 123007K->78045K(128512K), 0.0006140 secs] [Times: user=0.00 sys=0.00, real=0.00 secs] 
105.139: Total time for which application threads were stopped: 0.0007420 seconds, Stopping threads took: 0.0000640 seconds
105.245: Application time: 0.1056140 seconds
105.245: [GC [PSYoungGen: 43681K->2368K(44544K)] 120991K->79749K(127488K), 0.0010360 secs] [Times: user=0.00 sys=0.00, real=0.00 secs] 
105.246: Total time for which application threads were stopped: 0.0011830 seconds, Stopping threads took: 0.0000760 seconds
105.349: Application time: 0.1030450 seconds
105.349: [GC [PSYoungGen: 44054K->2816K(44544K)] 121436K->80306K(127488K), 0.0011920 secs] [Times: user=0.01 sys=0.00, real=0.00 secs] 
105.351: Total time for which application threads were stopped: 0.0013480 seconds, Stopping threads took: 0.0000680 seconds
105.454: Application time: 0.1029490 seconds
105.454: [GC [PSYoungGen: 43635K->2272K(42496K)] 121125K->79762K(125440K), 0.0010850 secs] [Times: user=0.01 sys=0.00, real=0.01 secs] 
105.455: Total time for which application threads were stopped: 0.0012470 seconds, Stopping threads took: 0.0000870 seconds
105.554: Application time: 0.0995500 seconds
105.555: [GC [PSYoungGen: 41986K->736K(41984K)] 119476K->78322K(124928K), 0.0006060 secs] [Times: user=0.00 sys=0.00, real=0.01 secs] 
105.555: Total time for which application threads were stopped: 0.0007690 seconds, Stopping threads took: 0.0001010 seconds
105.650: Application time: 0.0950010 seconds
105.650: [GC [PSYoungGen: 39338K->1728K(39936K)] 116924K->79370K(122880K), 0.0009190 secs] [Times: user=0.01 sys=0.00, real=0.00 secs] 
105.651: Total time for which application threads were stopped: 0.0010560 seconds, Stopping threads took: 0.0000690 seconds
105.744: Application time: 0.0930420 seconds
105.744: [GC [PSYoungGen: 39380K->2304K(39424K)] 117022K->79946K(122368K), 0.0010650 secs] [Times: user=0.01 sys=0.00, real=0.00 secs] 
105.746: Total time for which application threads were stopped: 0.0012010 seconds, Stopping threads took: 0.0000640 seconds
105.837: Application time: 0.0912000 seconds
105.837: [GC [PSYoungGen: 38932K->1760K(38400K)] 116574K->79458K(121344K), 0.0009240 secs] [Times: user=0.01 sys=0.00, real=0.00 secs] 
105.838: Total time for which application threads were stopped: 0.0010650 seconds, Stopping threads took: 0.0000720 seconds
105.928: Application time: 0.0904640 seconds
105.928: [GC [PSYoungGen: 38028K->1280K(38912K)] 115726K->79042K(121856K), 0.0007240 secs] [Times: user=0.00 sys=0.00, real=0.00 secs] 
105.929: Total time for which application threads were stopped: 0.0008660 seconds, Stopping threads took: 0.0000680 seconds
106.017: Application time: 0.0882230 seconds
106.017: [GC [PSYoungGen: 36803K->736K(36352K)] 114566K->78626K(119296K), 0.0005840 secs] [Times: user=0.00 sys=0.00, real=0.00 secs] 
106.018: Total time for which application threads were stopped: 0.0007000 seconds, Stopping threads took: 0.0000540 seconds
106.104: Application time: 0.0855250 seconds
106.105: [GC [PSYoungGen: 35814K->2272K(37888K)] 113704K->80162K(120832K), 0.0011280 secs] [Times: user=0.00 sys=0.00, real=0.00 secs] 
106.106: Total time for which application threads were stopped: 0.0021070 seconds, Stopping threads took: 0.0009010 seconds
106.194: Application time: 0.0880190 seconds
106.194: [GC [PSYoungGen: 36924K->1280K(35840K)] 114814K->79234K(118784K), 0.0007440 secs] [Times: user=0.01 sys=0.00, real=0.00 secs] 
106.195: Total time for which application threads were stopped: 0.0008760 seconds, Stopping threads took: 0.0000650 seconds
106.277: Application time: 0.0826290 seconds
106.277: [GC [PSYoungGen: 35257K->1184K(36864K)] 113211K->79210K(119808K), 0.0007220 secs] [Times: user=0.00 sys=0.00, real=0.00 secs] 
106.278: Total time for which application threads were stopped: 0.0008640 seconds, Stopping threads took: 0.0000700 seconds
106.361: Application time: 0.0827450 seconds
106.361: [GC [PSYoungGen: 34723K->1792K(35328K)] 112750K->79818K(118272K), 0.0008390 secs] [Times: user=0.01 sys=0.00, real=0.00 secs] 
106.362: Total time for which application threads were stopped: 0.0009800 seconds, Stopping threads took: 0.0000720 seconds
106.442: Application time: 0.0802640 seconds
106.442: [GC [PSYoungGen: 34737K->2272K(35840K)] 112763K->80346K(118784K), 0.0010530 secs] [Times: user=0.00 sys=0.00, real=0.00 secs] 
106.443: Total time for which application threads were stopped: 0.0011970 seconds, Stopping threads took: 0.0000650 seconds
106.524: Application time: 0.0805650 seconds
106.524: [GC [PSYoungGen: 34862K->2304K(36352K)] 112936K->80378K(119296K), 0.0010300 secs] [Times: user=0.01 sys=0.00, real=0.00 secs] 
106.525: Total time for which application threads were stopped: 0.0011600 seconds, Stopping threads took: 0.0000580 seconds
106.605: Application time: 0.0802260 seconds
106.605: [GC [PSYoungGen: 34894K->2304K(43008K)] 112968K->80458K(125952K), 0.0009680 secs] [Times: user=0.00 sys=0.00, real=0.00 secs] 
106.606: Total time for which application threads were stopped: 0.0011080 seconds, Stopping threads took: 0.0000690 seconds
106.703: Application time: 0.0965130 seconds
106.703: [GC [PSYoungGen: 41502K->1248K(39936K)] 119656K->79490K(122880K), 0.0006730 secs] [Times: user=0.00 sys=0.00, real=0.00 secs] 
106.704: Total time for which application threads were stopped: 0.0008240 seconds, Stopping threads took: 0.0000880 seconds
106.798: Application time: 0.0944190 seconds
106.798: [GC [PSYoungGen: 39418K->1184K(39936K)] 117660K->79466K(122880K), 0.0007370 secs] [Times: user=0.01 sys=0.00, real=0.00 secs] 
106.799: Total time for which application threads were stopped: 0.0008660 seconds, Stopping threads took: 0.0000660 seconds
106.891: Application time: 0.0920020 seconds
106.891: [GC [PSYoungGen: 38324K->1232K(38400K)] 116606K->79562K(121344K), 0.0007070 secs] [Times: user=0.01 sys=0.00, real=0.00 secs] 
106.892: Total time for which application threads were stopped: 0.0008540 seconds, Stopping threads took: 0.0000810 seconds
106.984: Application time: 0.0921850 seconds
106.984: [GC [PSYoungGen: 37782K->704K(39424K)] 116112K->79106K(122368K), 0.0006130 secs] [Times: user=0.01 sys=0.00, real=0.00 secs] 
106.985: Total time for which application threads were stopped: 0.0007390 seconds, Stopping threads took: 0.0000550 seconds
107.073: Application time: 0.0881270 seconds
107.073: [GC [PSYoungGen: 36810K->2240K(38400K)] 115212K->80642K(121344K), 0.0011060 secs] [Times: user=0.01 sys=0.00, real=0.00 secs] 
107.074: Total time for which application threads were stopped: 0.0012660 seconds, Stopping threads took: 0.0000860 seconds
107.162: Application time: 0.0882200 seconds
107.162: [GC [PSYoungGen: 37836K->2816K(38400K)] 116238K->81258K(121344K), 0.0011970 secs] [Times: user=0.00 sys=0.00, real=0.00 secs] 
107.164: Total time for which application threads were stopped: 0.0013400 seconds, Stopping threads took: 0.0000660 seconds
107.250: Application time: 0.0867360 seconds
107.251: [GC [PSYoungGen: 38061K->1824K(36864K)] 116503K->80322K(119808K), 0.0008950 secs] [Times: user=0.01 sys=0.00, real=0.00 secs] 
107.251: Total time for which application threads were stopped: 0.0010480 seconds, Stopping threads took: 0.0000850 seconds
107.338: Application time: 0.0869750 seconds
107.339: [GC [PSYoungGen: 36311K->2304K(38400K)] 114810K->80918K(121344K), 0.0010470 secs] [Times: user=0.01 sys=0.00, real=0.00 secs] 
107.340: Total time for which application threads were stopped: 0.0011920 seconds, Stopping threads took: 0.0000710 seconds
107.427: Application time: 0.0869260 seconds
107.427: [GC [PSYoungGen: 36874K->2304K(38400K)] 115488K->80918K(121344K), 0.0009990 secs] [Times: user=0.01 sys=0.00, real=0.00 secs] 
107.428: Total time for which application threads were stopped: 0.0011420 seconds, Stopping threads took: 0.0000680 seconds
107.514: Application time: 0.0858800 seconds
107.514: [GC [PSYoungGen: 36952K->2304K(45568K)] 115567K->80966K(128512K), 0.0009080 secs] [Times: user=0.01 sys=0.00, real=0.00 secs] 
107.515: Total time for which application threads were stopped: 0.0010690 seconds, Stopping threads took: 0.0000670 seconds
107.618: Application time: 0.1033100 seconds
107.618: [GC [PSYoungGen: 43992K->2304K(43520K)] 122655K->81046K(126464K), 0.0009020 secs] [Times: user=0.00 sys=0.00, real=0.00 secs] 
107.619: Total time for which application threads were stopped: 0.0010830 seconds, Stopping threads took: 0.0001100 seconds
107.722: Application time: 0.1024680 seconds
107.722: [GC [PSYoungGen: 43044K->1792K(42496K)] 121787K->80534K(125440K), 0.0008330 secs] [Times: user=0.00 sys=0.00, real=0.00 secs] 
107.723: Total time for which application threads were stopped: 0.0016210 seconds, Stopping threads took: 0.0000580 seconds
107.823: Application time: 0.0996730 seconds
107.823: [GC [PSYoungGen: 41504K->1280K(40448K)] 120247K->80086K(123392K), 0.0007530 secs] [Times: user=0.01 sys=0.00, real=0.00 secs] 
107.824: Total time for which application threads were stopped: 0.0008710 seconds, Stopping threads took: 0.0000540 seconds
107.918: Application time: 0.0939830 seconds
107.918: [GC [PSYoungGen: 40115K->2304K(40448K)] 118922K->81151K(123392K), 0.0010610 secs] [Times: user=0.00 sys=0.00, real=0.00 secs] 
107.919: Total time for which application threads were stopped: 0.0012070 seconds, Stopping threads took: 0.0000690 seconds
108.012: Application time: 0.0931740 seconds
108.012: [GC [PSYoungGen: 39878K->2752K(39936K)] 118725K->81711K(122880K), 0.0012900 secs] [Times: user=0.01 sys=0.00, real=0.00 secs] 
108.014: Total time for which application threads were stopped: 0.0014370 seconds, Stopping threads took: 0.0000710 seconds
108.105: Application time: 0.0917650 seconds
108.106: [GC [PSYoungGen: 39458K->2304K(40448K)] 118417K->81263K(123392K), 0.0010390 secs] [Times: user=0.00 sys=0.00, real=0.00 secs] 
108.107: Total time for which application threads were stopped: 0.0013080 seconds, Stopping threads took: 0.0001940 seconds
108.198: Application time: 0.0916150 seconds
108.198: [GC [PSYoungGen: 39442K->2816K(40960K)] 118401K->81855K(123904K), 0.0012060 secs] [Times: user=0.00 sys=0.01, real=0.00 secs] 
108.200: Total time for which application threads were stopped: 0.0013490 seconds, Stopping threads took: 0.0000700 seconds
108.292: Application time: 0.0923310 seconds
108.292: [GC [PSYoungGen: 39882K->1248K(38400K)] 118921K->80351K(121344K), 0.0006210 secs] [Times: user=0.00 sys=0.00, real=0.00 secs] 
108.293: Total time for which application threads were stopped: 0.0008010 seconds, Stopping threads took: 0.0001180 seconds
108.384: Application time: 0.0910970 seconds
108.384: [GC [PSYoungGen: 37874K->1248K(37888K)] 116977K->80351K(120832K), 0.0007110 secs] [Times: user=0.00 sys=0.00, real=0.00 secs] 
108.385: Total time for which application threads were stopped: 0.0009410 seconds, Stopping threads took: 0.0001690 seconds
108.472: Application time: 0.0874370 seconds
108.472: [GC [PSYoungGen: 37355K->2816K(38912K)] 116459K->81967K(121856K), 0.0010770 secs] [Times: user=0.01 sys=0.00, real=0.00 secs] 
108.473: Total time for which application threads were stopped: 0.0012260 seconds, Stopping threads took: 0.0000760 seconds
108.564: Application time: 0.0905070 seconds
108.564: [GC [PSYoungGen: 38572K->2352K(37888K)] 117723K->81551K(120832K), 0.0011300 secs] [Times: user=0.00 sys=0.00, real=0.00 secs] 
108.565: Total time for which application threads were stopped: 0.0012710 seconds, Stopping threads took: 0.0000680 seconds
108.653: Application time: 0.0874230 seconds
108.653: [GC [PSYoungGen: 37361K->1248K(36352K)] 116561K->80571K(119296K), 0.0007340 secs] [Times: user=0.00 sys=0.00, real=0.00 secs] 
108.654: Total time for which application threads were stopped: 0.0008910 seconds, Stopping threads took: 0.0000840 seconds
108.739: Application time: 0.0856140 seconds
108.739: [GC [PSYoungGen: 35816K->1792K(36352K)] 115139K->81115K(119296K), 0.0008640 secs] [Times: user=0.00 sys=0.00, real=0.00 secs] 
108.740: Total time for which application threads were stopped: 0.0010100 seconds, Stopping threads took: 0.0000720 seconds
108.824: Application time: 0.0840930 seconds
108.824: [GC [PSYoungGen: 35926K->1792K(35840K)] 115249K->81179K(118784K), 0.0009160 secs] [Times: user=0.01 sys=0.00, real=0.00 secs] 
108.825: Total time for which application threads were stopped: 0.0010510 seconds, Stopping threads took: 0.0000650 seconds
108.908: Application time: 0.0823300 seconds
108.908: [GC [PSYoungGen: 35255K->1760K(35328K)] 114643K->81235K(118272K), 0.0009250 secs] [Times: user=0.00 sys=0.00, real=0.00 secs] 
108.909: Total time for which application threads were stopped: 0.0010560 seconds, Stopping threads took: 0.0000640 seconds
108.991: Application time: 0.0824840 seconds
108.991: [GC [PSYoungGen: 34711K->1248K(35328K)] 114187K->80723K(118272K), 0.0007050 secs] [Times: user=0.01 sys=0.00, real=0.00 secs] 
108.992: Total time for which application threads were stopped: 0.0008370 seconds, Stopping threads took: 0.0000690 seconds
109.071: Application time: 0.0790200 seconds
109.071: [GC [PSYoungGen: 33747K->2784K(36352K)] 113222K->82259K(119296K), 0.0011740 secs] [Times: user=0.01 sys=0.00, real=0.00 secs] 
109.072: Total time for which application threads were stopped: 0.0013280 seconds, Stopping threads took: 0.0000790 seconds
109.154: Application time: 0.0818820 seconds
109.154: [GC [PSYoungGen: 35299K->2304K(43008K)] 114775K->81819K(125952K), 0.0009180 secs] [Times: user=0.00 sys=0.00, real=0.01 secs] 
109.155: Total time for which application threads were stopped: 0.0010720 seconds, Stopping threads took: 0.0000750 seconds
109.255: Application time: 0.0995230 seconds
109.255: [GC [PSYoungGen: 41661K->1280K(39936K)] 121176K->80851K(122880K), 0.0007090 secs] [Times: user=0.00 sys=0.00, real=0.00 secs] 
109.256: Total time for which application threads were stopped: 0.0008380 seconds, Stopping threads took: 0.0000660 seconds
109.351: Application time: 0.0949110 seconds
109.351: [GC [PSYoungGen: 39446K->1760K(39936K)] 119017K->81447K(122880K), 0.0008390 secs] [Times: user=0.01 sys=0.00, real=0.00 secs] 
109.352: Total time for which application threads were stopped: 0.0009760 seconds, Stopping threads took: 0.0000640 seconds
109.443: Application time: 0.0912050 seconds
109.443: [GC [PSYoungGen: 38896K->2720K(39936K)] 118583K->82447K(122880K), 0.0012580 secs] [Times: user=0.00 sys=0.00, real=0.00 secs] 
109.444: Total time for which application threads were stopped: 0.0013860 seconds, Stopping threads took: 0.0000540 seconds
109.535: Application time: 0.0910940 seconds
109.535: [GC [PSYoungGen: 39346K->2784K(39936K)] 119073K->82559K(122880K), 0.0011210 secs] [Times: user=0.01 sys=0.00, real=0.00 secs] 
109.537: Total time for which application threads were stopped: 0.0012620 seconds, Stopping threads took: 0.0000700 seconds
109.628: Application time: 0.0910320 seconds
109.628: [GC [PSYoungGen: 38820K->2304K(40448K)] 118595K->82127K(123392K), 0.0010130 secs] [Times: user=0.00 sys=0.00, real=0.00 secs] 
109.629: Total time for which application threads were stopped: 0.0011540 seconds, Stopping threads took: 0.0000700 seconds
109.720: Application time: 0.0908740 seconds
109.720: [GC [PSYoungGen: 38420K->1280K(37376K)] 118243K->81103K(120320K), 0.0006280 secs] [Times: user=0.00 sys=0.00, real=0.00 secs] 
109.720: Total time for which application threads were stopped: 0.0007620 seconds, Stopping threads took: 0.0000640 seconds
109.806: Application time: 0.0857650 seconds
109.806: [GC [PSYoungGen: 36873K->2304K(37888K)] 116697K->82167K(120832K), 0.0010500 secs] [Times: user=0.00 sys=0.00, real=0.01 secs] 
109.807: Total time for which application threads were stopped: 0.0012730 seconds, Stopping threads took: 0.0001550 seconds
109.897: Application time: 0.0891500 seconds
109.897: [GC [PSYoungGen: 37548K->1280K(36352K)] 117412K->81183K(119296K), 0.0007220 secs] [Times: user=0.00 sys=0.00, real=0.00 secs] 
109.897: Total time for which application threads were stopped: 0.0008530 seconds, Stopping threads took: 0.0000650 seconds
109.982: Application time: 0.0845550 seconds
109.982: [GC [PSYoungGen: 35767K->2272K(36864K)] 115671K->82283K(119808K), 0.0010850 secs] [Times: user=0.01 sys=0.00, real=0.00 secs] 
109.983: Total time for which application threads were stopped: 0.0012310 seconds, Stopping threads took: 0.0000720 seconds
110.068: Application time: 0.0849290 seconds
110.068: [GC [PSYoungGen: 36325K->2816K(40960K)] 116337K->82827K(123904K), 0.0011870 secs] [Times: user=0.01 sys=0.00, real=0.00 secs] 
110.069: Total time for which application threads were stopped: 0.0013350 seconds, Stopping threads took: 0.0000730 seconds
110.163: Application time: 0.0935420 seconds
110.163: [GC [PSYoungGen: 40036K->1728K(41472K)] 120048K->81779K(124416K), 0.0008980 secs] [Times: user=0.01 sys=0.00, real=0.00 secs] 
110.164: Total time for which application threads were stopped: 0.0010250 seconds, Stopping threads took: 0.0000600 seconds
110.257: Application time: 0.0933540 seconds
110.257: [GC [PSYoungGen: 38796K->736K(37888K)] 118848K->80875K(120832K), 0.0006050 secs] [Times: user=0.01 sys=0.00, real=0.00 secs] 
110.258: Total time for which application threads were stopped: 0.0007380 seconds, Stopping threads took: 0.0000620 seconds
110.346: Application time: 0.0879800 seconds
110.346: [GC [PSYoungGen: 37356K->2240K(38912K)] 117495K->82380K(121856K), 0.0010360 secs] [Times: user=0.01 sys=0.00, real=0.01 secs] 
110.347: Total time for which application threads were stopped: 0.0012470 seconds, Stopping threads took: 0.0001370 seconds
110.438: Application time: 0.0903260 seconds
110.438: [GC [PSYoungGen: 38271K->2816K(38912K)] 118411K->82996K(121856K), 0.0010670 secs] [Times: user=0.01 sys=0.00, real=0.00 secs] 
110.439: Total time for which application threads were stopped: 0.0012330 seconds, Stopping threads took: 0.0000890 seconds
110.528: Application time: 0.0891010 seconds
110.528: [GC [PSYoungGen: 38574K->1792K(37376K)] 118754K->81972K(120320K), 0.0009230 secs] [Times: user=0.01 sys=0.00, real=0.00 secs] 
110.529: Total time for which application threads were stopped: 0.0010690 seconds, Stopping threads took: 0.0000790 seconds
110.616: Application time: 0.0864740 seconds
110.616: [GC [PSYoungGen: 36871K->2816K(41984K)] 117051K->83104K(124928K), 0.0012180 secs] [Times: user=0.01 sys=0.00, real=0.00 secs] 
110.617: Total time for which application threads were stopped: 0.0013530 seconds, Stopping threads took: 0.0000590 seconds
110.713: Application time: 0.0958870 seconds
110.713: [GC [PSYoungGen: 40990K->1216K(38912K)] 121278K->81560K(121856K), 0.0007730 secs] [Times: user=0.01 sys=0.00, real=0.00 secs] 
110.714: Total time for which application threads were stopped: 0.0008960 seconds, Stopping threads took: 0.0000600 seconds
110.806: Application time: 0.0919430 seconds
110.806: [GC [PSYoungGen: 38352K->2304K(40448K)] 118696K->82704K(123392K), 0.0010200 secs] [Times: user=0.01 sys=0.00, real=0.01 secs] 
110.807: Total time for which application threads were stopped: 0.0012230 seconds, Stopping threads took: 0.0001210 seconds
110.898: Application time: 0.0906820 seconds
110.898: [GC [PSYoungGen: 38928K->2752K(40960K)] 119328K->83200K(123904K), 0.0012190 secs] [Times: user=0.01 sys=0.00, real=0.00 secs] 
110.899: Total time for which application threads were stopped: 0.0013660 seconds, Stopping threads took: 0.0000720 seconds
110.991: Application time: 0.0922030 seconds
110.991: [GC [PSYoungGen: 39302K->2304K(48640K)] 119750K->82808K(131584K), 0.0008920 secs] [Times: user=0.00 sys=0.00, real=0.00 secs] 
110.992: Total time for which application threads were stopped: 0.0010300 seconds, Stopping threads took: 0.0000680 seconds
111.104: Application time: 0.1120950 seconds
111.105: [GC [PSYoungGen: 46645K->1184K(45056K)] 127149K->81688K(128000K), 0.0007840 secs] [Times: user=0.00 sys=0.00, real=0.00 secs] 
111.106: Total time for which application threads were stopped: 0.0012890 seconds, Stopping threads took: 0.0004300 seconds
111.210: Application time: 0.1043440 seconds
111.210: [GC [PSYoungGen: 44209K->2336K(45568K)] 124713K->82880K(128512K), 0.0010320 secs] [Times: user=0.00 sys=0.00, real=0.00 secs] 
111.211: Total time for which application threads were stopped: 0.0011730 seconds, Stopping threads took: 0.0000600 seconds
111.315: Application time: 0.1042180 seconds
111.315: [GC [PSYoungGen: 44612K->3328K(46592K)] 125157K->84016K(129536K), 0.0014140 secs] [Times: user=0.01 sys=0.00, real=0.00 secs] 
111.317: Total time for which application threads were stopped: 0.0015730 seconds, Stopping threads took: 0.0000710 seconds
111.427: Application time: 0.1105130 seconds
111.427: [GC [PSYoungGen: 45540K->704K(42496K)] 126229K->81448K(125440K), 0.0006040 secs] [Times: user=0.00 sys=0.00, real=0.00 secs] 
111.428: Total time for which application threads were stopped: 0.0007240 seconds, Stopping threads took: 0.0000600 seconds
111.531: Application time: 0.1030250 seconds
111.531: [GC [PSYoungGen: 42034K->768K(41472K)] 122778K->81512K(124416K), 0.0005500 secs] [Times: user=0.01 sys=0.00, real=0.00 secs] 
111.532: Total time for which application threads were stopped: 0.0006810 seconds, Stopping threads took: 0.0000700 seconds
111.631: Application time: 0.0987790 seconds
111.631: [GC [PSYoungGen: 40910K->1728K(41472K)] 121654K->82544K(124416K), 0.0008280 secs] [Times: user=0.01 sys=0.00, real=0.00 secs] 
111.632: Total time for which application threads were stopped: 0.0009610 seconds, Stopping threads took: 0.0000620 seconds
111.730: Application time: 0.0983700 seconds
111.730: [GC [PSYoungGen: 40924K->1792K(40448K)] 121741K->82608K(123392K), 0.0008040 secs] [Times: user=0.00 sys=0.00, real=0.00 secs] 
111.731: Total time for which application threads were stopped: 0.0009390 seconds, Stopping threads took: 0.0000620 seconds
111.826: Application time: 0.0953520 seconds
111.826: [GC [PSYoungGen: 40038K->1808K(39424K)] 120855K->82672K(122368K), 0.0009400 secs] [Times: user=0.01 sys=0.00, real=0.01 secs] 
111.827: Total time for which application threads were stopped: 0.0010800 seconds, Stopping threads took: 0.0000640 seconds
111.919: Application time: 0.0920070 seconds
111.919: [GC [PSYoungGen: 39026K->1792K(38912K)] 119891K->82744K(121856K), 0.0009250 secs] [Times: user=0.01 sys=0.00, real=0.00 secs] 
111.920: Total time for which application threads were stopped: 0.0010550 seconds, Stopping threads took: 0.0000630 seconds
112.012: Application time: 0.0916150 seconds
112.012: [GC [PSYoungGen: 38420K->1248K(37888K)] 119372K->82280K(120832K), 0.0007630 secs] [Times: user=0.00 sys=0.00, real=0.00 secs] 
112.013: Total time for which application threads were stopped: 0.0009010 seconds, Stopping threads took: 0.0000710 seconds
112.098: Application time: 0.0854500 seconds
112.098: [GC [PSYoungGen: 37271K->3328K(43008K)] 118304K->84912K(125952K), 0.0015460 secs] [Times: user=0.01 sys=0.00, real=0.00 secs] 
112.100: Total time for which application threads were stopped: 0.0017080 seconds, Stopping threads took: 0.0000810 seconds
112.199: Application time: 0.0988180 seconds
112.199: [GC [PSYoungGen: 42611K->1776K(40448K)] 124195K->83360K(123392K), 0.0008850 secs] [Times: user=0.01 sys=0.00, real=0.00 secs] 
112.200: Total time for which application threads were stopped: 0.0010320 seconds, Stopping threads took: 0.0000780 seconds
112.295: Application time: 0.0949120 seconds
112.295: [GC [PSYoungGen: 39866K->1760K(39424K)] 121450K->83412K(122368K), 0.0008950 secs] [Times: user=0.01 sys=0.00, real=0.00 secs] 
112.296: Total time for which application threads were stopped: 0.0010460 seconds, Stopping threads took: 0.0000820 seconds
112.388: Application time: 0.0923940 seconds
112.388: [GC [PSYoungGen: 38900K->1792K(38912K)] 120552K->83444K(121856K), 0.0008500 secs] [Times: user=0.00 sys=0.00, real=0.00 secs] 
112.389: Total time for which application threads were stopped: 0.0009960 seconds, Stopping threads took: 0.0000690 seconds
112.482: Application time: 0.0928340 seconds
112.482: [GC [PSYoungGen: 38500K->736K(37376K)] 120153K->82436K(120320K), 0.0006110 secs] [Times: user=0.01 sys=0.00, real=0.00 secs] 
112.483: Total time for which application threads were stopped: 0.0007860 seconds, Stopping threads took: 0.0001130 seconds
112.570: Application time: 0.0866390 seconds
112.570: [GC [PSYoungGen: 36915K->3328K(41472K)] 118616K->85116K(124416K), 0.0014320 secs] [Times: user=0.01 sys=0.00, real=0.00 secs] 
112.571: Total time for which application threads were stopped: 0.0015850 seconds, Stopping threads took: 0.0000730 seconds
112.663: Application time: 0.0918980 seconds
112.663: [GC [PSYoungGen: 40980K->3840K(41984K)] 122769K->85705K(124928K), 0.0015820 secs] [Times: user=0.02 sys=0.00, real=0.00 secs] 
112.665: Total time for which application threads were stopped: 0.0017520 seconds, Stopping threads took: 0.0000890 seconds
112.762: Application time: 0.0973220 seconds
112.762: [GC [PSYoungGen: 41426K->1216K(50176K)] 123291K->83137K(133120K), 0.0007060 secs] [Times: user=0.00 sys=0.00, real=0.00 secs] 
112.764: Total time for which application threads were stopped: 0.0016450 seconds, Stopping threads took: 0.0000650 seconds
112.875: Application time: 0.1108210 seconds
112.875: [GC [PSYoungGen: 46657K->1760K(46592K)] 128578K->83681K(129536K), 0.0008180 secs] [Times: user=0.01 sys=0.00, real=0.00 secs] 
112.876: Total time for which application threads were stopped: 0.0010490 seconds, Stopping threads took: 0.0001610 seconds
112.984: Application time: 0.1087840 seconds
112.984: [GC [PSYoungGen: 46014K->2816K(47616K)] 127935K->84813K(130560K), 0.0011100 secs] [Times: user=0.01 sys=0.00, real=0.00 secs] 
112.986: Total time for which application threads were stopped: 0.0012590 seconds, Stopping threads took: 0.0000620 seconds
113.093: Application time: 0.1074130 seconds
113.093: [GC [PSYoungGen: 46127K->2304K(45056K)] 128124K->84301K(128000K), 0.0010320 secs] [Times: user=0.00 sys=0.00, real=0.00 secs] 
113.094: Total time for which application threads were stopped: 0.0011770 seconds, Stopping threads took: 0.0000740 seconds
113.199: Application time: 0.1051200 seconds
113.199: [GC [PSYoungGen: 44308K->1840K(44544K)] 126305K->83885K(127488K), 0.0008510 secs] [Times: user=0.01 sys=0.00, real=0.00 secs] 
113.200: Total time for which application threads were stopped: 0.0009870 seconds, Stopping threads took: 0.0000720 seconds
113.303: Application time: 0.1021860 seconds
113.303: [GC [PSYoungGen: 43094K->1280K(41984K)] 125139K->83469K(124928K), 0.0007670 secs] [Times: user=0.00 sys=0.01, real=0.00 secs] 
113.303: Total time for which application threads were stopped: 0.0008960 seconds, Stopping threads took: 0.0000640 seconds
113.401: Application time: 0.0976190 seconds
113.401: [GC [PSYoungGen: 41424K->1664K(42496K)] 123613K->83901K(125440K), 0.0009340 secs] [Times: user=0.01 sys=0.00, real=0.00 secs] 
113.402: Total time for which application threads were stopped: 0.0010870 seconds, Stopping threads took: 0.0000840 seconds
113.498: Application time: 0.0961430 seconds
113.498: [GC [PSYoungGen: 40937K->2240K(40960K)] 123174K->84477K(123904K), 0.0010810 secs] [Times: user=0.00 sys=0.00, real=0.00 secs] 
113.500: Total time for which application threads were stopped: 0.0012350 seconds, Stopping threads took: 0.0000710 seconds
113.596: Application time: 0.0969240 seconds
113.597: [GC [PSYoungGen: 40334K->736K(40448K)] 122571K->83081K(123392K), 0.0006200 secs] [Times: user=0.00 sys=0.00, real=0.00 secs] 
113.597: Total time for which application threads were stopped: 0.0008040 seconds, Stopping threads took: 0.0001200 seconds
113.690: Application time: 0.0924940 seconds
113.690: [GC [PSYoungGen: 37878K->736K(37888K)] 120223K->83081K(120832K), 0.0005590 secs] [Times: user=0.01 sys=0.00, real=0.00 secs] 
113.690: Total time for which application threads were stopped: 0.0006910 seconds, Stopping threads took: 0.0000720 seconds
113.780: Application time: 0.0893720 seconds
113.780: [GC [PSYoungGen: 37438K->1248K(39936K)] 119783K->83657K(122880K), 0.0007120 secs] [Times: user=0.01 sys=0.00, real=0.00 secs] 
113.781: Total time for which application threads were stopped: 0.0008380 seconds, Stopping threads took: 0.0000620 seconds
113.867: Application time: 0.0868300 seconds
113.868: [GC [PSYoungGen: 37432K->2816K(38912K)] 119841K->85301K(121856K), 0.0012970 secs] [Times: user=0.01 sys=0.00, real=0.00 secs] 
113.869: Total time for which application threads were stopped: 0.0014330 seconds, Stopping threads took: 0.0000610 seconds
113.959: Application time: 0.0897430 seconds
113.959: [GC [PSYoungGen: 38418K->1792K(38912K)] 120903K->84349K(121856K), 0.0008610 secs] [Times: user=0.01 sys=0.00, real=0.00 secs] 
113.960: Total time for which application threads were stopped: 0.0010030 seconds, Stopping threads took: 0.0000760 seconds
114.045: Application time: 0.0850930 seconds
114.045: [GC [PSYoungGen: 36791K->3328K(39424K)] 119349K->85925K(122368K), 0.0013730 secs] [Times: user=0.00 sys=0.00, real=0.00 secs] 
114.046: Total time for which application threads were stopped: 0.0015340 seconds, Stopping threads took: 0.0000720 seconds
114.136: Application time: 0.0900180 seconds
114.136: [GC [PSYoungGen: 38496K->1728K(36864K)] 121093K->84325K(119808K), 0.0007600 secs] [Times: user=0.00 sys=0.00, real=0.00 secs] 
114.137: Total time for which application threads were stopped: 0.0008920 seconds, Stopping threads took: 0.0000670 seconds
114.222: Application time: 0.0851930 seconds
114.223: [GC [PSYoungGen: 36215K->2784K(44544K)] 118813K->85453K(127488K), 0.0012270 secs] [Times: user=0.01 sys=0.00, real=0.00 secs] 
114.224: Total time for which application threads were stopped: 0.0013630 seconds, Stopping threads took: 0.0000610 seconds
114.324: Application time: 0.1002520 seconds
114.324: [GC [PSYoungGen: 43012K->1760K(41472K)] 125682K->84429K(124416K), 0.0008330 secs] [Times: user=0.00 sys=0.00, real=0.00 secs] 
114.325: Total time for which application threads were stopped: 0.0009680 seconds, Stopping threads took: 0.0000660 seconds
114.420: Application time: 0.0951500 seconds
114.420: [GC [PSYoungGen: 40874K->2816K(44032K)] 123543K->85533K(126976K), 0.0011840 secs] [Times: user=0.01 sys=0.00, real=0.00 secs] 
114.421: Total time for which application threads were stopped: 0.0013400 seconds, Stopping threads took: 0.0000770 seconds
114.521: Application time: 0.0992410 seconds
114.521: [GC [PSYoungGen: 42607K->2304K(41472K)] 125324K->85021K(124416K), 0.0009010 secs] [Times: user=0.00 sys=0.00, real=0.00 secs] 
114.522: Total time for which application threads were stopped: 0.0010410 seconds, Stopping threads took: 0.0000700 seconds
114.618: Application time: 0.0957730 seconds
114.618: [GC [PSYoungGen: 41062K->2336K(50176K)] 123780K->85141K(133120K), 0.0010460 secs] [Times: user=0.00 sys=0.00, real=0.00 secs] 
114.619: Total time for which application threads were stopped: 0.0012440 seconds, Stopping threads took: 0.0001170 seconds
114.735: Application time: 0.1162290 seconds
114.735: [GC [PSYoungGen: 48225K->1728K(47104K)] 131031K->84617K(130048K), 0.0008640 secs] [Times: user=0.01 sys=0.00, real=0.00 secs] 
114.736: [Full GC [PSYoungGen: 1728K->0K(47104K)] [ParOldGen: 82889K->8052K(39424K)] 84617K->8052K(86528K) [PSPermGen: 5149K->5149K(21504K)], 0.0157710 secs] [Times: user=0.08 sys=0.01, real=0.01 secs] 
114.752: Total time for which application threads were stopped: 0.0168160 seconds, Stopping threads took: 0.0000630 seconds
114.857: Application time: 0.1055920 seconds
114.858: [GC [PSYoungGen: 44927K->2304K(46592K)] 52979K->10356K(86016K), 0.0009690 secs] [Times: user=0.01 sys=0.00, real=0.00 secs] 
114.859: Total time for which application threads were stopped: 0.0011110 seconds, Stopping threads took: 0.0000750 seconds
114.962: Application time: 0.1032180 seconds
114.962: [GC [PSYoungGen: 46048K->2304K(45568K)] 54101K->10436K(84992K), 0.0008450 secs] [Times: user=0.00 sys=0.00, real=0.00 secs] 
114.963: Total time for which application threads were stopped: 0.0009840 seconds, Stopping threads took: 0.0000680 seconds
115.065: Application time: 0.1023190 seconds
115.065: [GC [PSYoungGen: 45103K->1280K(43520K)] 53235K->9412K(82944K), 0.0005950 secs] [Times: user=0.00 sys=0.00, real=0.00 secs] 
115.066: Total time for which application threads were stopped: 0.0007170 seconds, Stopping threads took: 0.0000570 seconds
115.164: Application time: 0.0978380 seconds
115.164: [GC [PSYoungGen: 43123K->1792K(43520K)] 51255K->9972K(82944K), 0.0007810 secs] [Times: user=0.01 sys=0.00, real=0.00 secs] 
115.165: Total time for which application threads were stopped: 0.0009190 seconds, Stopping threads took: 0.0000570 seconds
115.261: Application time: 0.0964280 seconds
115.261: [GC [PSYoungGen: 42609K->1792K(41984K)] 50789K->10068K(81408K), 0.0008730 secs] [Times: user=0.00 sys=0.00, real=0.00 secs] 
115.262: Total time for which application threads were stopped: 0.0010060 seconds, Stopping threads took: 0.0000690 seconds
115.358: Application time: 0.0956730 seconds
115.358: [GC [PSYoungGen: 41508K->224K(41472K)] 49785K->8580K(80896K), 0.0004320 secs] [Times: user=0.00 sys=0.00, real=0.00 secs] 
115.358: Total time for which application threads were stopped: 0.0005880 seconds, Stopping threads took: 0.0001000 seconds
115.448: Application time: 0.0894990 seconds
115.448: [GC [PSYoungGen: 38978K->1792K(39936K)] 47334K->10196K(79360K), 0.0007860 secs] [Times: user=0.00 sys=0.00, real=0.00 secs] 
115.449: Total time for which application threads were stopped: 0.0009190 seconds, Stopping threads took: 0.0000640 seconds
115.537: Application time: 0.0883430 seconds
115.537: [GC [PSYoungGen: 39366K->2304K(39424K)] 47770K->10788K(78848K), 0.0009320 secs] [Times: user=0.00 sys=0.00, real=0.00 secs] 
115.538: Total time for which application threads were stopped: 0.0010760 seconds, Stopping threads took: 0.0000740 seconds
115.626: Application time: 0.0875670 seconds
115.626: [GC [PSYoungGen: 38932K->1792K(38400K)] 47416K->10276K(77824K), 0.0007160 secs] [Times: user=0.01 sys=0.00, real=0.00 secs] 
115.627: Total time for which application threads were stopped: 0.0008500 seconds, Stopping threads took: 0.0000670 seconds
115.713: Application time: 0.0862970 seconds
115.713: [GC [PSYoungGen: 37906K->1248K(38912K)] 46390K->9772K(78336K), 0.0006330 secs] [Times: user=0.00 sys=0.00, real=0.00 secs] 
115.714: Total time for which application threads were stopped: 0.0007640 seconds, Stopping threads took: 0.0000610 seconds
115.794: Application time: 0.0801290 seconds
115.794: [GC [PSYoungGen: 36838K->3264K(38912K)] 45362K->11828K(78336K), 0.0012840 secs] [Times: user=0.01 sys=0.00, real=0.01 secs] 
115.795: Total time for which application threads were stopped: 0.0014280 seconds, Stopping threads took: 0.0000680 seconds
115.880: Application time: 0.0851960 seconds
115.880: [GC [PSYoungGen: 38432K->1792K(37376K)] 46997K->10404K(76800K), 0.0007980 secs] [Times: user=0.00 sys=0.00, real=0.00 secs] 
115.881: Total time for which application threads were stopped: 0.0009370 seconds, Stopping threads took: 0.0000710 seconds
115.962: Application time: 0.0805840 seconds
115.962: [GC [PSYoungGen: 36359K->2304K(36864K)] 44972K->11000K(76288K), 0.0009390 secs] [Times: user=0.00 sys=0.01, real=0.00 secs] 
115.963: Total time for which application threads were stopped: 0.0010670 seconds, Stopping threads took: 0.0000590 seconds
116.044: Application time: 0.0813970 seconds
116.044: [GC [PSYoungGen: 36364K->1248K(36864K)] 45060K->9984K(76288K), 0.0006490 secs] [Times: user=0.00 sys=0.00, real=0.00 secs] 
116.045: Total time for which application threads were stopped: 0.0007780 seconds, Stopping threads took: 0.0000640 seconds
116.124: Application time: 0.0790550 seconds
116.124: [GC [PSYoungGen: 34790K->1280K(34816K)] 43526K->10056K(74240K), 0.0005970 secs] [Times: user=0.01 sys=0.00, real=0.00 secs] 
116.125: Total time for which application threads were stopped: 0.0007440 seconds, Stopping threads took: 0.0000850 seconds
116.202: Application time: 0.0773990 seconds
116.202: [GC [PSYoungGen: 34225K->1792K(35840K)] 43002K->10632K(75264K), 0.0007400 secs] [Times: user=0.00 sys=0.00, real=0.00 secs] 
116.203: Total time for which application threads were stopped: 0.0008720 seconds, Stopping threads took: 0.0000680 seconds
116.281: Application time: 0.0777290 seconds
116.281: [GC [PSYoungGen: 34303K->1792K(34304K)] 43144K->10632K(73728K), 0.0007300 secs] [Times: user=0.00 sys=0.00, real=0.00 secs] 
116.282: Total time for which application threads were stopped: 0.0009100 seconds, Stopping threads took: 0.0000970 seconds
116.359: Application time: 0.0768120 seconds
116.359: [GC [PSYoungGen: 33874K->736K(34816K)] 42714K->9632K(74240K), 0.0004720 secs] [Times: user=0.00 sys=0.00, real=0.00 secs] 
116.359: Total time for which application threads were stopped: 0.0005840 seconds, Stopping threads took: 0.0000530 seconds
116.431: Application time: 0.0716830 seconds
116.431: [GC [PSYoungGen: 32116K->3328K(34816K)] 41013K->12300K(74240K), 0.0012440 secs] [Times: user=0.01 sys=0.00, real=0.00 secs] 
116.432: Total time for which application threads were stopped: 0.0013940 seconds, Stopping threads took: 0.0000720 seconds
116.508: Application time: 0.0754980 seconds
116.508: [GC [PSYoungGen: 34386K->1280K(33280K)] 43359K->10252K(72704K), 0.0006150 secs] [Times: user=0.00 sys=0.00, real=0.00 secs] 
116.509: Total time for which application threads were stopped: 0.0007490 seconds, Stopping threads took: 0.0000750 seconds
116.580: Application time: 0.0709480 seconds
116.580: [GC [PSYoungGen: 31718K->2304K(32768K)] 40691K->11364K(72192K), 0.0009240 secs] [Times: user=0.00 sys=0.00, real=0.00 secs] 
116.581: Total time for which application threads were stopped: 0.0010670 seconds, Stopping threads took: 0.0000750 seconds
116.654: Application time: 0.0738500 seconds
116.655: [GC [PSYoungGen: 32169K->768K(32768K)] 41230K->9876K(72192K), 0.0004590 secs] [Times: user=0.00 sys=0.00, real=0.01 secs] 
116.655: Total time for which application threads were stopped: 0.0005750 seconds, Stopping threads took: 0.0000580 seconds
116.724: Application time: 0.0688630 seconds
116.724: [GC [PSYoungGen: 30256K->1280K(30720K)] 39365K->10388K(70144K), 0.0005990 secs] [Times: user=0.00 sys=0.00, real=0.00 secs] 
116.725: Total time for which application threads were stopped: 0.0007240 seconds, Stopping threads took: 0.0000640 seconds
116.793: Application time: 0.0680230 seconds
116.793: [GC [PSYoungGen: 30098K->1792K(31744K)] 39207K->10989K(71168K), 0.0007640 secs] [Times: user=0.01 sys=0.00, real=0.00 secs] 
116.794: Total time for which application threads were stopped: 0.0009070 seconds, Stopping threads took: 0.0000700 seconds
116.859: Application time: 0.0658510 seconds
116.859: [GC [PSYoungGen: 30098K->1728K(30208K)] 39295K->10925K(69632K), 0.0007220 secs] [Times: user=0.01 sys=0.00, real=0.00 secs] 
116.860: Total time for which application threads were stopped: 0.0008550 seconds, Stopping threads took: 0.0000680 seconds
116.927: Application time: 0.0671880 seconds
116.928: [GC [PSYoungGen: 29600K->1248K(30720K)] 38797K->10445K(70144K), 0.0005960 secs] [Times: user=0.00 sys=0.00, real=0.00 secs] 
116.928: Total time for which application threads were stopped: 0.0007140 seconds, Stopping threads took: 0.0000530 seconds
116.990: Application time: 0.0621380 seconds
116.990: [GC [PSYoungGen: 28676K->2816K(31232K)] 37873K->12053K(70656K), 0.0011080 secs] [Times: user=0.01 sys=0.00, real=0.00 secs] 
116.992: Total time for which application threads were stopped: 0.0012530 seconds, Stopping threads took: 0.0000690 seconds
117.058: Application time: 0.0662340 seconds
117.058: [GC [PSYoungGen: 30098K->1792K(36864K)] 39335K->11125K(76288K), 0.0006240 secs] [Times: user=0.01 sys=0.00, real=0.00 secs] 
117.059: Total time for which application threads were stopped: 0.0007720 seconds, Stopping threads took: 0.0000840 seconds
117.137: Application time: 0.0788760 seconds
117.138: [GC [PSYoungGen: 34900K->768K(33792K)] 44233K->10101K(73216K), 0.0004490 secs] [Times: user=0.01 sys=0.00, real=0.00 secs] 
117.138: Total time for which application threads were stopped: 0.0006050 seconds, Stopping threads took: 0.0000970 seconds
117.214: Application time: 0.0758430 seconds
117.214: [GC [PSYoungGen: 33193K->2304K(35328K)] 42526K->11709K(74752K), 0.0008580 secs] [Times: user=0.01 sys=0.00, real=0.01 secs] 
117.215: Total time for which application threads were stopped: 0.0009890 seconds, Stopping threads took: 0.0000630 seconds
117.290: Application time: 0.0753930 seconds
117.290: [GC [PSYoungGen: 34303K->1792K(33792K)] 43709K->11197K(73216K), 0.0007670 secs] [Times: user=0.01 sys=0.00, real=0.00 secs] 
117.291: Total time for which application threads were stopped: 0.0009040 seconds, Stopping threads took: 0.0000710 seconds
117.367: Application time: 0.0755440 seconds
117.367: [GC [PSYoungGen: 33353K->1280K(34304K)] 42759K->10749K(73728K), 0.0005520 secs] [Times: user=0.00 sys=0.00, real=0.00 secs] 
117.367: Total time for which application threads were stopped: 0.0006890 seconds, Stopping threads took: 0.0000670 seconds
117.440: Application time: 0.0730280 seconds
117.441: [GC [PSYoungGen: 32164K->1280K(32256K)] 41634K->10837K(71680K), 0.0006740 secs] [Times: user=0.00 sys=0.00, real=0.00 secs] 
117.441: Total time for which application threads were stopped: 0.0008260 seconds, Stopping threads took: 0.0000880 seconds
117.513: Application time: 0.0714130 seconds
117.513: [GC [PSYoungGen: 31718K->2304K(33280K)] 41276K->11861K(72704K), 0.0008500 secs] [Times: user=0.01 sys=0.00, real=0.00 secs] 
117.514: Total time for which application threads were stopped: 0.0009980 seconds, Stopping threads took: 0.0000790 seconds
117.585: Application time: 0.0717040 seconds
117.585: [GC [PSYoungGen: 32164K->1280K(31232K)] 41722K->10893K(70656K), 0.0005630 secs] [Times: user=0.00 sys=0.00, real=0.00 secs] 
117.586: Total time for which application threads were stopped: 0.0006940 seconds, Stopping threads took: 0.0000710 seconds
117.654: Application time: 0.0678550 seconds
117.654: [GC [PSYoungGen: 30766K->2304K(32256K)] 40380K->11917K(71680K), 0.0009370 secs] [Times: user=0.01 sys=0.00, real=0.01 secs] 
117.655: Total time for which application threads were stopped: 0.0010890 seconds, Stopping threads took: 0.0000780 seconds
117.723: Application time: 0.0682320 seconds
117.723: [GC [PSYoungGen: 31278K->2848K(32768K)] 40892K->12537K(72192K), 0.0011010 secs] [Times: user=0.01 sys=0.00, real=0.00 secs] 
117.725: Total time for which application threads were stopped: 0.0012360 seconds, Stopping threads took: 0.0000610 seconds
117.794: Application time: 0.0690140 seconds
117.794: [GC [PSYoungGen: 31672K->2304K(38912K)] 41361K->12073K(78336K), 0.0009170 secs] [Times: user=0.00 sys=0.00, real=0.01 secs] 
117.795: Total time for which application threads were stopped: 0.0016790 seconds, Stopping threads took: 0.0000700 seconds
117.879: Application time: 0.0835530 seconds
117.879: [GC [PSYoungGen: 37309K->2304K(38912K)] 47079K->12073K(78336K), 0.0008560 secs] [Times: user=0.01 sys=0.00, real=0.00 secs] 
117.880: Total time for which application threads were stopped: 0.0009900 seconds, Stopping threads took: 0.0000580 seconds
117.965: Application time: 0.0848230 seconds
117.965: [GC [PSYoungGen: 37550K->768K(35840K)] 47320K->10537K(75264K), 0.0004940 secs] [Times: user=0.01 sys=0.00, real=0.00 secs] 
117.965: Total time for which application threads were stopped: 0.0007230 seconds, Stopping threads took: 0.0001700 seconds
118.047: Application time: 0.0817980 seconds
118.047: [GC [PSYoungGen: 35255K->1792K(36352K)] 45025K->11677K(75776K), 0.0007340 secs] [Times: user=0.00 sys=0.00, real=0.00 secs] 
118.048: Total time for which application threads were stopped: 0.0008680 seconds, Stopping threads took: 0.0000700 seconds
118.129: Application time: 0.0810830 seconds
118.129: [GC [PSYoungGen: 35849K->1280K(35328K)] 45735K->11165K(74752K), 0.0005710 secs] [Times: user=0.00 sys=0.00, real=0.00 secs] 
118.130: Total time for which application threads were stopped: 0.0006950 seconds, Stopping threads took: 0.0000550 seconds
118.210: Application time: 0.0804570 seconds
118.210: [GC [PSYoungGen: 34745K->768K(34304K)] 44631K->10717K(73728K), 0.0005080 secs] [Times: user=0.01 sys=0.00, real=0.00 secs] 
118.211: Total time for which application threads were stopped: 0.0006400 seconds, Stopping threads took: 0.0000710 seconds
118.289: Application time: 0.0781800 seconds
118.289: [GC [PSYoungGen: 33873K->768K(33792K)] 43823K->10717K(73216K), 0.0004940 secs] [Times: user=0.00 sys=0.00, real=0.00 secs] 
118.290: Total time for which application threads were stopped: 0.0006280 seconds, Stopping threads took: 0.0000660 seconds
118.364: Application time: 0.0741420 seconds
118.364: [GC [PSYoungGen: 33341K->2848K(35328K)] 43290K->12873K(74752K), 0.0011050 secs] [Times: user=0.01 sys=0.00, real=0.00 secs] 
118.365: Total time for which application threads were stopped: 0.0012380 seconds, Stopping threads took: 0.0000600 seconds
118.441: Application time: 0.0757610 seconds
118.441: [GC [PSYoungGen: 34765K->2816K(34816K)] 44791K->12913K(74240K), 0.0010350 secs] [Times: user=0.00 sys=0.00, real=0.00 secs] 
118.442: Total time for which application threads were stopped: 0.0011930 seconds, Stopping threads took: 0.0000770 seconds
118.517: Application time: 0.0749560 seconds
118.517: [GC [PSYoungGen: 34221K->2272K(35840K)] 44319K->12369K(75264K), 0.0008700 secs] [Times: user=0.01 sys=0.00, real=0.00 secs] 
118.518: Total time for which application threads were stopped: 0.0010100 seconds, Stopping threads took: 0.0000710 seconds
118.596: Application time: 0.0775580 seconds
118.596: [GC [PSYoungGen: 33920K->768K(32256K)] 44018K->10865K(71680K), 0.0004900 secs] [Times: user=0.00 sys=0.00, real=0.00 secs] 
118.596: Total time for which application threads were stopped: 0.0006180 seconds, Stopping threads took: 0.0000680 seconds
118.666: Application time: 0.0703100 seconds
118.667: [GC [PSYoungGen: 31636K->2816K(39424K)] 41734K->13021K(78848K), 0.0010940 secs] [Times: user=0.01 sys=0.00, real=0.01 secs] 
118.668: Total time for which application threads were stopped: 0.0012270 seconds, Stopping threads took: 0.0000600 seconds
118.752: Application time: 0.0841750 seconds
118.752: [GC [PSYoungGen: 37825K->1792K(36864K)] 48031K->11997K(76288K), 0.0006630 secs] [Times: user=0.00 sys=0.00, real=0.00 secs] 
118.753: Total time for which application threads were stopped: 0.0007890 seconds, Stopping threads took: 0.0000630 seconds
118.832: Application time: 0.0798130 seconds
118.833: [GC [PSYoungGen: 36356K->3328K(39936K)] 46561K->13533K(79360K), 0.0012430 secs] [Times: user=0.01 sys=0.00, real=0.00 secs] 
118.834: Total time for which application threads were stopped: 0.0013880 seconds, Stopping threads took: 0.0000680 seconds
118.920: Application time: 0.0860120 seconds
118.920: [GC [PSYoungGen: 39010K->1792K(37376K)] 49216K->12045K(76800K), 0.0006570 secs] [Times: user=0.00 sys=0.00, real=0.00 secs] 
118.921: Total time for which application threads were stopped: 0.0007780 seconds, Stopping threads took: 0.0000560 seconds
119.002: Application time: 0.0813240 seconds
119.002: [GC [PSYoungGen: 36952K->2304K(37376K)] 47206K->12642K(76800K), 0.0008910 secs] [Times: user=0.00 sys=0.00, real=0.00 secs] 
119.003: Total time for which application threads were stopped: 0.0010400 seconds, Stopping threads took: 0.0000730 seconds
119.086: Application time: 0.0828780 seconds
119.086: [GC [PSYoungGen: 36801K->768K(35328K)] 47139K->11194K(74752K), 0.0004770 secs] [Times: user=0.00 sys=0.00, real=0.00 secs] 
119.087: Total time for which application threads were stopped: 0.0006030 seconds, Stopping threads took: 0.0000670 seconds
119.166: Application time: 0.0798730 seconds
119.166: [GC [PSYoungGen: 34741K->1696K(35840K)] 45167K->12122K(75264K), 0.0007360 secs] [Times: user=0.00 sys=0.00, real=0.01 secs] 
119.167: Total time for which application threads were stopped: 0.0008750 seconds, Stopping threads took: 0.0000710 seconds
119.247: Application time: 0.0797010 seconds
119.247: [GC [PSYoungGen: 35392K->1808K(35328K)] 45818K->12234K(74752K), 0.0008190 secs] [Times: user=0.00 sys=0.00, real=0.00 secs] 
119.248: Total time for which application threads were stopped: 0.0009590 seconds, Stopping threads took: 0.0000710 seconds
119.325: Application time: 0.0772350 seconds
119.325: [GC [PSYoungGen: 34759K->1280K(34304K)] 45185K->11838K(73728K), 0.0006570 secs] [Times: user=0.00 sys=0.00, real=0.00 secs] 
119.326: Total time for which application threads were stopped: 0.0008790 seconds, Stopping threads took: 0.0001600 seconds
119.402: Application time: 0.0759970 seconds
119.402: [GC [PSYoungGen: 33783K->2304K(35328K)] 44341K->12862K(74752K), 0.0009220 secs] [Times: user=0.01 sys=0.00, real=0.00 secs] 
119.403: Total time for which application threads were stopped: 0.0010590 seconds, Stopping threads took: 0.0000700 seconds
119.479: Application time: 0.0760680 seconds
119.479: [GC [PSYoungGen: 34225K->1792K(33792K)] 44783K->12414K(73216K), 0.0007500 secs] [Times: user=0.00 sys=0.00, real=0.00 secs] 
119.480: Total time for which application threads were stopped: 0.0008790 seconds, Stopping threads took: 0.0000660 seconds
119.554: Application time: 0.0735540 seconds
119.554: [GC [PSYoungGen: 33347K->2304K(34304K)] 43969K->12926K(73728K), 0.0009170 secs] [Times: user=0.01 sys=0.00, real=0.00 secs] 
119.555: Total time for which application threads were stopped: 0.0010720 seconds, Stopping threads took: 0.0000790 seconds
119.631: Application time: 0.0759130 seconds
119.631: [GC [PSYoungGen: 33362K->256K(31232K)] 43984K->10966K(70656K), 0.0004320 secs] [Times: user=0.00 sys=0.00, real=0.00 secs] 
119.631: Total time for which application threads were stopped: 0.0005790 seconds, Stopping threads took: 0.0000860 seconds
119.705: Application time: 0.0735400 seconds
119.705: [GC [PSYoungGen: 30626K->256K(33280K)] 41337K->11054K(72704K), 0.0003810 secs] [Times: user=0.00 sys=0.00, real=0.00 secs] 
119.705: Total time for which application threads were stopped: 0.0005100 seconds, Stopping threads took: 0.0000690 seconds
119.776: Application time: 0.0703650 seconds
119.776: [GC [PSYoungGen: 30100K->1280K(31232K)] 40898K->12078K(70656K), 0.0005810 secs] [Times: user=0.00 sys=0.00, real=0.00 secs] 
119.776: Total time for which application threads were stopped: 0.0007040 seconds, Stopping threads took: 0.0000610 seconds
119.845: Application time: 0.0684480 seconds
119.845: [GC [PSYoungGen: 30847K->2352K(32256K)] 41645K->13150K(71680K), 0.0009170 secs] [Times: user=0.01 sys=0.00, real=0.00 secs] 
119.846: Total time for which application threads were stopped: 0.0010590 seconds, Stopping threads took: 0.0000720 seconds
119.914: Application time: 0.0677010 seconds
119.914: [GC [PSYoungGen: 31172K->2304K(32256K)] 41970K->13226K(71680K), 0.0009040 secs] [Times: user=0.00 sys=0.00, real=0.00 secs] 
119.915: Total time for which application threads were stopped: 0.0010500 seconds, Stopping threads took: 0.0000730 seconds
119.983: Application time: 0.0685030 seconds
119.983: [GC [PSYoungGen: 30612K->1792K(30720K)] 41534K->12714K(70144K), 0.0007500 secs] [Times: user=0.00 sys=0.00, real=0.00 secs] 
119.984: Total time for which application threads were stopped: 0.0008780 seconds, Stopping threads took: 0.0000640 seconds
120.051: Application time: 0.0672030 seconds
120.051: [GC [PSYoungGen: 29664K->1280K(29184K)] 40587K->12202K(68608K), 0.0005960 secs] [Times: user=0.00 sys=0.00, real=0.00 secs] 
120.052: Total time for which application threads were stopped: 0.0007290 seconds, Stopping threads took: 0.0000690 seconds
120.118: Application time: 0.0658740 seconds
120.118: [GC [PSYoungGen: 28638K->768K(30208K)] 39560K->11746K(69632K), 0.0004460 secs] [Times: user=0.00 sys=0.00, real=0.00 secs] 
120.118: Total time for which application threads were stopped: 0.0006200 seconds, Stopping threads took: 0.0001080 seconds
120.181: Application time: 0.0625930 seconds
120.181: [GC [PSYoungGen: 27601K->2304K(29184K)] 38580K->13330K(68608K), 0.0009090 secs] [Times: user=0.01 sys=0.00, real=0.00 secs] 
120.182: Total time for which application threads were stopped: 0.0010690 seconds, Stopping threads took: 0.0000870 seconds
120.245: Application time: 0.0630480 seconds
120.245: [GC [PSYoungGen: 28634K->2272K(30208K)] 39660K->13346K(69632K), 0.0008940 secs] [Times: user=0.01 sys=0.00, real=0.00 secs] 
120.246: Total time for which application threads were stopped: 0.0010350 seconds, Stopping threads took: 0.0000720 seconds
120.307: Application time: 0.0611240 seconds
120.307: [GC [PSYoungGen: 28602K->1760K(30208K)] 39676K->12874K(69632K), 0.0007110 secs] [Times: user=0.00 sys=0.00, real=0.00 secs] 
120.308: Total time for which application threads were stopped: 0.0008450 seconds, Stopping threads took: 0.0000700 seconds
120.372: Application time: 0.0638320 seconds
120.372: [GC [PSYoungGen: 28012K->1280K(27648K)] 39126K->12442K(67072K), 0.0005050 secs] [Times: user=0.00 sys=0.00, real=0.00 secs] 
120.373: Total time for which application threads were stopped: 0.0006260 seconds, Stopping threads took: 0.0000580 seconds
120.432: Application time: 0.0589960 seconds
120.432: [GC [PSYoungGen: 27011K->2304K(33792K)] 38174K->13466K(73216K), 0.0008580 secs] [Times: user=0.01 sys=0.00, real=0.00 secs] 
120.433: Total time for which application threads were stopped: 0.0010000 seconds, Stopping threads took: 0.0000710 seconds
120.504: Application time: 0.0716740 seconds
120.504: [GC [PSYoungGen: 32395K->1856K(35328K)] 43558K->13018K(74752K), 0.0007270 secs] [Times: user=0.01 sys=0.00, real=0.00 secs] 
120.505: Total time for which application threads were stopped: 0.0008400 seconds, Stopping threads took: 0.0000480 seconds
120.577: Application time: 0.0722960 seconds
120.577: [GC [PSYoungGen: 33248K->2816K(35328K)] 44411K->14086K(74752K), 0.0010630 secs] [Times: user=0.01 sys=0.00, real=0.00 secs] 
120.579: Total time for which application threads were stopped: 0.0012120 seconds, Stopping threads took: 0.0000750 seconds
120.656: Application time: 0.0778540 seconds
120.657: [GC [PSYoungGen: 34307K->1280K(41984K)] 45578K->12550K(81408K), 0.0005180 secs] [Times: user=0.01 sys=0.00, real=0.00 secs] 
120.657: Total time for which application threads were stopped: 0.0006630 seconds, Stopping threads took: 0.0000710 seconds
120.745: Application time: 0.0881910 seconds
120.745: [GC [PSYoungGen: 39366K->2272K(39936K)] 50636K->13590K(79360K), 0.0007990 secs] [Times: user=0.01 sys=0.00, real=0.00 secs] 
120.746: Total time for which application threads were stopped: 0.0009320 seconds, Stopping threads took: 0.0000660 seconds
120.834: Application time: 0.0878610 seconds
120.834: [GC [PSYoungGen: 39488K->2848K(40448K)] 50807K->14166K(79872K), 0.0010090 secs] [Times: user=0.00 sys=0.00, real=0.01 secs] 
120.835: Total time for which application threads were stopped: 0.0011580 seconds, Stopping threads took: 0.0000740 seconds
120.922: Application time: 0.0870720 seconds
120.923: [GC [PSYoungGen: 39554K->2320K(40960K)] 50873K->13718K(80384K), 0.0009490 secs] [Times: user=0.01 sys=0.00, real=0.00 secs] 
120.924: Total time for which application threads were stopped: 0.0011880 seconds, Stopping threads took: 0.0001670 seconds
121.010: Application time: 0.0868680 seconds
121.011: [GC [PSYoungGen: 38868K->2304K(38912K)] 50266K->13782K(78336K), 0.0008170 secs] [Times: user=0.00 sys=0.01, real=0.00 secs] 
121.011: Total time for which application threads were stopped: 0.0009690 seconds, Stopping threads took: 0.0000830 seconds
121.098: Application time: 0.0870120 seconds
121.098: [GC [PSYoungGen: 38500K->768K(36864K)] 49979K->12246K(76288K), 0.0005690 secs] [Times: user=0.01 sys=0.00, real=0.00 secs] 
121.099: Total time for which application threads were stopped: 0.0006950 seconds, Stopping threads took: 0.0000670 seconds
121.183: Application time: 0.0838480 seconds
121.183: [GC [PSYoungGen: 36357K->2304K(37888K)] 47836K->13862K(77312K), 0.0008160 secs] [Times: user=0.00 sys=0.00, real=0.00 secs] 
121.184: Total time for which application threads were stopped: 0.0009730 seconds, Stopping threads took: 0.0000780 seconds
121.266: Application time: 0.0824160 seconds
121.266: [GC [PSYoungGen: 37390K->1696K(36864K)] 48948K->13294K(76288K), 0.0010200 secs] [Times: user=0.00 sys=0.01, real=0.01 secs] 
121.267: Total time for which application threads were stopped: 0.0011630 seconds, Stopping threads took: 0.0000650 seconds
121.350: Application time: 0.0827580 seconds
121.350: [GC [PSYoungGen: 36183K->2304K(36864K)] 47782K->13958K(76288K), 0.0009540 secs] [Times: user=0.01 sys=0.00, real=0.00 secs] 
121.351: Total time for which application threads were stopped: 0.0010900 seconds, Stopping threads took: 0.0000650 seconds
121.432: Application time: 0.0807960 seconds
121.432: [GC [PSYoungGen: 36359K->2304K(36352K)] 48014K->13958K(75776K), 0.0009890 secs] [Times: user=0.00 sys=0.00, real=0.00 secs] 
121.433: Total time for which application threads were stopped: 0.0011340 seconds, Stopping threads took: 0.0000750 seconds
121.513: Application time: 0.0798220 seconds
121.513: [GC [PSYoungGen: 36004K->1792K(35328K)] 47659K->13495K(74752K), 0.0007920 secs] [Times: user=0.01 sys=0.00, real=0.00 secs] 
121.514: Total time for which application threads were stopped: 0.0009290 seconds, Stopping threads took: 0.0000710 seconds
121.592: Application time: 0.0778560 seconds
121.592: [GC [PSYoungGen: 34741K->1792K(34816K)] 46444K->13607K(74240K), 0.0008050 secs] [Times: user=0.00 sys=0.00, real=0.00 secs] 
121.593: Total time for which application threads were stopped: 0.0009400 seconds, Stopping threads took: 0.0000700 seconds
121.668: Application time: 0.0755520 seconds
121.668: [GC [PSYoungGen: 34217K->2816K(36864K)] 46032K->14631K(76288K), 0.0010460 secs] [Times: user=0.00 sys=0.00, real=0.00 secs] 
121.670: Total time for which application threads were stopped: 0.0011790 seconds, Stopping threads took: 0.0000610 seconds
121.749: Application time: 0.0789930 seconds
121.749: [GC [PSYoungGen: 35924K->2304K(36864K)] 47739K->14119K(76288K), 0.0009040 secs] [Times: user=0.00 sys=0.00, real=0.00 secs] 
121.750: Total time for which application threads were stopped: 0.0010920 seconds, Stopping threads took: 0.0001090 seconds
121.828: Application time: 0.0780520 seconds
121.828: [GC [PSYoungGen: 35327K->2816K(43520K)] 47142K->14715K(82944K), 0.0009280 secs] [Times: user=0.01 sys=0.00, real=0.00 secs] 
121.829: Total time for which application threads were stopped: 0.0010670 seconds, Stopping threads took: 0.0000690 seconds
121.922: Application time: 0.0930370 seconds
121.922: [GC [PSYoungGen: 42528K->2272K(43520K)] 54427K->14211K(82944K), 0.0008610 secs] [Times: user=0.01 sys=0.00, real=0.00 secs] 
121.923: Total time for which application threads were stopped: 0.0009950 seconds, Stopping threads took: 0.0000630 seconds
122.019: Application time: 0.0959840 seconds
122.019: [GC [PSYoungGen: 41988K->768K(39936K)] 53927K->12763K(79360K), 0.0004950 secs] [Times: user=0.00 sys=0.00, real=0.00 secs] 
122.019: Total time for which application threads were stopped: 0.0007010 seconds, Stopping threads took: 0.0001450 seconds
122.111: Application time: 0.0918630 seconds
122.111: [GC [PSYoungGen: 39448K->1280K(39424K)] 51443K->13339K(78848K), 0.0005680 secs] [Times: user=0.01 sys=0.00, real=0.00 secs] 
122.112: Total time for which application threads were stopped: 0.0007080 seconds, Stopping threads took: 0.0000800 seconds
122.200: Application time: 0.0876710 seconds
122.200: [GC [PSYoungGen: 39012K->1280K(38400K)] 51071K->13387K(77824K), 0.0005820 secs] [Times: user=0.00 sys=0.00, real=0.00 secs] 
122.200: Total time for which application threads were stopped: 0.0007120 seconds, Stopping threads took: 0.0000670 seconds
122.287: Application time: 0.0863760 seconds
122.287: [GC [PSYoungGen: 37825K->1760K(38400K)] 49933K->13939K(77824K), 0.0008050 secs] [Times: user=0.01 sys=0.00, real=0.00 secs] 
122.288: Total time for which application threads were stopped: 0.0009390 seconds, Stopping threads took: 0.0000580 seconds
122.373: Application time: 0.0852320 seconds
122.373: [GC [PSYoungGen: 37950K->1792K(37888K)] 50129K->13971K(77312K), 0.0007480 secs] [Times: user=0.00 sys=0.00, real=0.00 secs] 
122.374: Total time for which application threads were stopped: 0.0008760 seconds, Stopping threads took: 0.0000610 seconds
122.457: Application time: 0.0829190 seconds
122.457: [GC [PSYoungGen: 37386K->2816K(38400K)] 49565K->15079K(77824K), 0.0010760 secs] [Times: user=0.00 sys=0.00, real=0.00 secs] 
122.458: Total time for which application threads were stopped: 0.0012240 seconds, Stopping threads took: 0.0000730 seconds
122.542: Application time: 0.0839100 seconds
122.542: [GC [PSYoungGen: 37906K->1280K(36352K)] 50169K->13591K(75776K), 0.0006160 secs] [Times: user=0.01 sys=0.00, real=0.00 secs] 
122.543: Total time for which application threads were stopped: 0.0007360 seconds, Stopping threads took: 0.0000570 seconds
122.624: Application time: 0.0815310 seconds
122.624: [GC [PSYoungGen: 35767K->2304K(36864K)] 48079K->14671K(76288K), 0.0009370 secs] [Times: user=0.00 sys=0.00, real=0.00 secs] 
122.625: Total time for which application threads were stopped: 0.0010930 seconds, Stopping threads took: 0.0000860 seconds
122.705: Application time: 0.0793890 seconds
122.705: [GC [PSYoungGen: 36364K->1280K(35328K)] 48731K->13647K(74752K), 0.0007170 secs] [Times: user=0.00 sys=0.00, real=0.00 secs] 
122.706: Total time for which application threads were stopped: 0.0008510 seconds, Stopping threads took: 0.0000730 seconds
122.787: Application time: 0.0815560 seconds
122.787: [GC [PSYoungGen: 34980K->768K(34304K)] 47347K->13199K(73728K), 0.0005230 secs] [Times: user=0.01 sys=0.00, real=0.00 secs] 
122.788: Total time for which application threads were stopped: 0.0006990 seconds, Stopping threads took: 0.0001150 seconds
122.865: Application time: 0.0773550 seconds
122.865: [GC [PSYoungGen: 33717K->736K(35328K)] 46149K->13291K(74752K), 0.0005550 secs] [Times: user=0.01 sys=0.00, real=0.01 secs] 
122.867: Total time for which application threads were stopped: 0.0017060 seconds, Stopping threads took: 0.0000530 seconds
122.943: Application time: 0.0758020 seconds
122.943: [GC [PSYoungGen: 33161K->1792K(34304K)] 45716K->14347K(73728K), 0.0007670 secs] [Times: user=0.01 sys=0.00, real=0.00 secs] 
122.944: Total time for which application threads were stopped: 0.0009410 seconds, Stopping threads took: 0.0001050 seconds
123.017: Application time: 0.0736840 seconds
123.017: [GC [PSYoungGen: 33861K->2304K(34816K)] 46417K->14859K(74240K), 0.0009170 secs] [Times: user=0.00 sys=0.00, real=0.00 secs] 
123.018: Total time for which application threads were stopped: 0.0010440 seconds, Stopping threads took: 0.0000580 seconds
123.093: Application time: 0.0743250 seconds
123.093: [GC [PSYoungGen: 33705K->2304K(33792K)] 46260K->14939K(73216K), 0.0009650 secs] [Times: user=0.00 sys=0.00, real=0.00 secs] 
123.094: Total time for which application threads were stopped: 0.0010970 seconds, Stopping threads took: 0.0000620 seconds
123.168: Application time: 0.0745840 seconds
123.168: [GC [PSYoungGen: 33353K->1280K(33792K)] 45989K->13915K(73216K), 0.0006150 secs] [Times: user=0.00 sys=0.00, real=0.00 secs] 
123.169: Total time for which application threads were stopped: 0.0007490 seconds, Stopping threads took: 0.0000730 seconds
123.241: Application time: 0.0723140 seconds
123.242: [GC [PSYoungGen: 31644K->1792K(32256K)] 44280K->14507K(71680K), 0.0007400 secs] [Times: user=0.00 sys=0.00, real=0.00 secs] 
123.242: Total time for which application threads were stopped: 0.0008810 seconds, Stopping threads took: 0.0000730 seconds
123.311: Application time: 0.0689710 seconds
123.311: [GC [PSYoungGen: 31718K->2304K(32768K)] 44434K->15019K(72192K), 0.0009300 secs] [Times: user=0.01 sys=0.00, real=0.00 secs] 
123.312: Total time for which application threads were stopped: 0.0010730 seconds, Stopping threads took: 0.0000740 seconds
123.383: Application time: 0.0702510 seconds
123.383: [GC [PSYoungGen: 31801K->1792K(31232K)] 44517K->14555K(70656K), 0.0007660 secs] [Times: user=0.00 sys=0.00, real=0.00 secs] 
123.384: Total time for which application threads were stopped: 0.0009100 seconds, Stopping threads took: 0.0000690 seconds
123.453: Application time: 0.0697330 seconds
123.453: [GC [PSYoungGen: 30690K->1792K(30720K)] 43454K->14635K(70144K), 0.0008250 secs] [Times: user=0.00 sys=0.00, real=0.00 secs] 
123.454: Total time for which application threads were stopped: 0.0009650 seconds, Stopping threads took: 0.0000730 seconds
123.520: Application time: 0.0661390 seconds
123.520: [GC [PSYoungGen: 30098K->1792K(31744K)] 42942K->14691K(71168K), 0.0007370 secs] [Times: user=0.00 sys=0.00, real=0.00 secs] 
123.521: Total time for which application threads were stopped: 0.0008650 seconds, Stopping threads took: 0.0000620 seconds
123.588: Application time: 0.0667090 seconds
123.588: [GC [PSYoungGen: 30176K->1792K(30208K)] 43076K->14691K(69632K), 0.0006380 secs] [Times: user=0.00 sys=0.00, real=0.00 secs] 
123.589: Total time for which application threads were stopped: 0.0008330 seconds, Stopping threads took: 0.0001270 seconds
123.657: Application time: 0.0678170 seconds
123.657: [GC [PSYoungGen: 29662K->1792K(29696K)] 42562K->14739K(69120K), 0.0007850 secs] [Times: user=0.01 sys=0.00, real=0.00 secs] 
123.658: Total time for which application threads were stopped: 0.0009630 seconds, Stopping threads took: 0.0001100 seconds
123.721: Application time: 0.0636570 seconds
123.721: [GC [PSYoungGen: 29066K->2304K(35328K)] 42013K->15811K(74752K), 0.0009460 secs] [Times: user=0.00 sys=0.00, real=0.00 secs] 
123.722: Total time for which application threads were stopped: 0.0010940 seconds, Stopping threads took: 0.0000770 seconds
123.800: Application time: 0.0778200 seconds
123.800: [GC [PSYoungGen: 34898K->2304K(35840K)] 48406K->15811K(75264K), 0.0009180 secs] [Times: user=0.00 sys=0.00, real=0.00 secs] 
123.801: Total time for which application threads were stopped: 0.0010520 seconds, Stopping threads took: 0.0000620 seconds
123.879: Application time: 0.0781830 seconds
123.879: [GC [PSYoungGen: 34737K->2304K(42496K)] 48245K->15884K(81920K), 0.0007750 secs] [Times: user=0.00 sys=0.00, real=0.00 secs] 
123.880: Total time for which application threads were stopped: 0.0009060 seconds, Stopping threads took: 0.0000610 seconds
123.971: Application time: 0.0907700 seconds
123.971: [GC [PSYoungGen: 41500K->2272K(42496K)] 55080K->15852K(81920K), 0.0008320 secs] [Times: user=0.00 sys=0.00, real=0.00 secs] 
123.972: Total time for which application threads were stopped: 0.0009700 seconds, Stopping threads took: 0.0000620 seconds
124.068: Application time: 0.0956870 seconds
124.068: [GC [PSYoungGen: 41633K->256K(38912K)] 55213K->13892K(78336K), 0.0003760 secs] [Times: user=0.00 sys=0.00, real=0.00 secs] 
124.068: Total time for which application threads were stopped: 0.0005080 seconds, Stopping threads took: 0.0000700 seconds
124.156: Application time: 0.0879580 seconds
124.156: [GC [PSYoungGen: 38339K->1792K(40960K)] 51975K->15540K(80384K), 0.0007110 secs] [Times: user=0.00 sys=0.00, real=0.00 secs] 
124.157: Total time for which application threads were stopped: 0.0008450 seconds, Stopping threads took: 0.0000690 seconds
124.244: Application time: 0.0873010 seconds
124.244: [GC [PSYoungGen: 39008K->1792K(38912K)] 52756K->15540K(78336K), 0.0007780 secs] [Times: user=0.00 sys=0.00, real=0.00 secs] 
124.245: Total time for which application threads were stopped: 0.0009240 seconds, Stopping threads took: 0.0000760 seconds
124.330: Application time: 0.0851290 seconds
124.330: [GC [PSYoungGen: 38339K->2272K(38912K)] 52088K->16100K(78336K), 0.0009560 secs] [Times: user=0.00 sys=0.00, real=0.00 secs] 
124.331: Total time for which application threads were stopped: 0.0010950 seconds, Stopping threads took: 0.0000680 seconds
124.418: Application time: 0.0863210 seconds
124.418: [GC [PSYoungGen: 38462K->1792K(37888K)] 52290K->16132K(77312K), 0.0008160 secs] [Times: user=0.01 sys=0.00, real=0.00 secs] 
124.419: Total time for which application threads were stopped: 0.0009690 seconds, Stopping threads took: 0.0000780 seconds
124.503: Application time: 0.0846040 seconds
124.503: [GC [PSYoungGen: 37313K->1792K(37376K)] 51654K->16220K(76800K), 0.0007970 secs] [Times: user=0.01 sys=0.00, real=0.00 secs] 
124.504: Total time for which application threads were stopped: 0.0009390 seconds, Stopping threads took: 0.0000630 seconds
124.585: Application time: 0.0810780 seconds
124.586: [GC [PSYoungGen: 36871K->2304K(37376K)] 51300K->16732K(76800K), 0.0008860 secs] [Times: user=0.00 sys=0.00, real=0.00 secs] 
124.586: Total time for which application threads were stopped: 0.0010750 seconds, Stopping threads took: 0.0001180 seconds
124.669: Application time: 0.0822380 seconds
124.669: [GC [PSYoungGen: 37034K->1824K(36352K)] 51463K->16308K(75776K), 0.0008020 secs] [Times: user=0.00 sys=0.00, real=0.00 secs] 
124.670: Total time for which application threads were stopped: 0.0009350 seconds, Stopping threads took: 0.0000680 seconds
124.750: Application time: 0.0802780 seconds
124.750: [GC [PSYoungGen: 35801K->1792K(35840K)] 50286K->16400K(75264K), 0.0007520 secs] [Times: user=0.00 sys=0.00, real=0.00 secs] 
124.751: Total time for which application threads were stopped: 0.0008840 seconds, Stopping threads took: 0.0000650 seconds
124.829: Application time: 0.0782050 seconds
124.829: [GC [PSYoungGen: 35335K->1280K(34816K)] 49944K->15888K(74240K), 0.0006320 secs] [Times: user=0.00 sys=0.00, real=0.00 secs] 
124.830: Total time for which application threads were stopped: 0.0007550 seconds, Stopping threads took: 0.0000620 seconds
124.908: Application time: 0.0785850 seconds
124.908: [GC [PSYoungGen: 34310K->768K(33792K)] 48918K->15432K(73216K), 0.0005310 secs] [Times: user=0.00 sys=0.00, real=0.00 secs] 
124.909: Total time for which application threads were stopped: 0.0006500 seconds, Stopping threads took: 0.0000590 seconds
124.985: Application time: 0.0755600 seconds
124.985: [GC [PSYoungGen: 33193K->1728K(34304K)] 47857K->16440K(73728K), 0.0007470 secs] [Times: user=0.01 sys=0.00, real=0.00 secs] 
124.985: Total time for which application threads were stopped: 0.0008850 seconds, Stopping threads took: 0.0000680 seconds
125.060: Application time: 0.0742010 seconds
125.060: [GC [PSYoungGen: 33797K->1792K(33792K)] 48509K->16504K(73216K), 0.0007880 secs] [Times: user=0.00 sys=0.00, real=0.00 secs] 
125.061: Total time for which application threads were stopped: 0.0009820 seconds, Stopping threads took: 0.0001200 seconds
125.135: Application time: 0.0744350 seconds
125.135: [GC [PSYoungGen: 33188K->2816K(34304K)] 47901K->17604K(73728K), 0.0012160 secs] [Times: user=0.00 sys=0.00, real=0.00 secs] 
125.136: Total time for which application threads were stopped: 0.0013610 seconds, Stopping threads took: 0.0000720 seconds
125.210: Application time: 0.0738900 seconds
125.210: [GC [PSYoungGen: 33787K->1280K(32256K)] 48576K->16580K(71680K), 0.0007220 secs] [Times: user=0.01 sys=0.00, real=0.00 secs] 
125.211: Total time for which application threads were stopped: 0.0008500 seconds, Stopping threads took: 0.0000640 seconds
125.284: Application time: 0.0726680 seconds
125.284: [GC [PSYoungGen: 31887K->1280K(31744K)] 47188K->16636K(71168K), 0.0007000 secs] [Times: user=0.00 sys=0.00, real=0.00 secs] 
125.285: Total time for which application threads were stopped: 0.0008190 seconds, Stopping threads took: 0.0000560 seconds
125.354: Application time: 0.0697990 seconds
125.355: [GC [PSYoungGen: 31128K->1280K(31232K)] 46485K->16756K(70656K), 0.0006580 secs] [Times: user=0.00 sys=0.00, real=0.01 secs] 
125.355: Total time for which application threads were stopped: 0.0007990 seconds, Stopping threads took: 0.0000790 seconds
125.423: Application time: 0.0673950 seconds
125.423: [GC [PSYoungGen: 30612K->2304K(31744K)] 46088K->17780K(71168K), 0.0009180 secs] [Times: user=0.01 sys=0.00, real=0.00 secs] 
125.424: Total time for which application threads were stopped: 0.0010630 seconds, Stopping threads took: 0.0000760 seconds
125.492: Application time: 0.0680850 seconds
125.492: [GC [PSYoungGen: 31281K->2304K(32256K)] 46757K->17780K(71680K), 0.0008890 secs] [Times: user=0.01 sys=0.00, real=0.00 secs] 
125.493: Total time for which application threads were stopped: 0.0010150 seconds, Stopping threads took: 0.0000580 seconds
125.561: Application time: 0.0678790 seconds
125.561: [GC [PSYoungGen: 31122K->2816K(32256K)] 46598K->18364K(71680K), 0.0010710 secs] [Times: user=0.01 sys=0.00, real=0.00 secs] 
125.562: Total time for which application threads were stopped: 0.0012280 seconds, Stopping threads took: 0.0000760 seconds
125.630: Application time: 0.0681370 seconds
125.630: [GC [PSYoungGen: 31636K->2816K(38912K)] 47185K->18364K(78336K), 0.0008920 secs] [Times: user=0.00 sys=0.01, real=0.00 secs] 
125.631: Total time for which application threads were stopped: 0.0010370 seconds, Stopping threads took: 0.0000740 seconds
125.716: Application time: 0.0845940 seconds
125.716: [GC [PSYoungGen: 37984K->1280K(38912K)] 53533K->16828K(78336K), 0.0005610 secs] [Times: user=0.00 sys=0.00, real=0.00 secs] 
125.716: Total time for which application threads were stopped: 0.0006950 seconds, Stopping threads took: 0.0000680 seconds
125.798: Application time: 0.0815780 seconds
125.798: [GC [PSYoungGen: 36283K->1728K(36864K)] 51832K->17352K(76288K), 0.0007240 secs] [Times: user=0.01 sys=0.00, real=0.00 secs] 
125.799: Total time for which application threads were stopped: 0.0008700 seconds, Stopping threads took: 0.0000790 seconds
125.879: Application time: 0.0805670 seconds
125.880: [GC [PSYoungGen: 36372K->2816K(44544K)] 51997K->18440K(83968K), 0.0009610 secs] [Times: user=0.01 sys=0.00, real=0.00 secs] 
125.881: Total time for which application threads were stopped: 0.0011190 seconds, Stopping threads took: 0.0000850 seconds
125.978: Application time: 0.0973470 seconds
125.978: [GC [PSYoungGen: 43635K->2320K(42496K)] 59260K->18024K(81920K), 0.0009510 secs] [Times: user=0.00 sys=0.00, real=0.00 secs] 
125.979: Total time for which application threads were stopped: 0.0010780 seconds, Stopping threads took: 0.0000550 seconds
126.073: Application time: 0.0939630 seconds
126.073: [GC [PSYoungGen: 42032K->1760K(40960K)] 57737K->17549K(80384K), 0.0008610 secs] [Times: user=0.00 sys=0.00, real=0.00 secs] 
126.074: Total time for which application threads were stopped: 0.0009940 seconds, Stopping threads took: 0.0000570 seconds
126.165: Application time: 0.0912690 seconds
126.165: [GC [PSYoungGen: 40442K->1792K(39936K)] 56231K->17629K(79360K), 0.0007770 secs] [Times: user=0.00 sys=0.00, real=0.00 secs] 
126.166: Total time for which application threads were stopped: 0.0009070 seconds, Stopping threads took: 0.0000650 seconds
126.254: Application time: 0.0874990 seconds
126.254: [GC [PSYoungGen: 39364K->2752K(41472K)] 55201K->18629K(80896K), 0.0012170 secs] [Times: user=0.01 sys=0.00, real=0.01 secs] 
126.255: Total time for which application threads were stopped: 0.0013640 seconds, Stopping threads took: 0.0000700 seconds
126.344: Application time: 0.0885550 seconds
126.344: [GC [PSYoungGen: 40480K->3360K(48640K)] 56357K->19749K(88064K), 0.0012750 secs] [Times: user=0.01 sys=0.00, real=0.00 secs] 
126.345: Total time for which application threads were stopped: 0.0014210 seconds, Stopping threads took: 0.0000700 seconds
126.452: Application time: 0.1066350 seconds
126.452: [GC [PSYoungGen: 48221K->2304K(49152K)] 64610K->18777K(88576K), 0.0008150 secs] [Times: user=0.01 sys=0.00, real=0.00 secs] 
126.453: Total time for which application threads were stopped: 0.0009570 seconds, Stopping threads took: 0.0000700 seconds
126.558: Application time: 0.1054260 seconds
126.558: [GC [PSYoungGen: 47309K->2320K(46592K)] 63782K->18841K(86016K), 0.0008610 secs] [Times: user=0.00 sys=0.00, real=0.00 secs] 
126.559: Total time for which application threads were stopped: 0.0009990 seconds, Stopping threads took: 0.0000690 seconds
126.664: Application time: 0.1051550 seconds
126.664: [GC [PSYoungGen: 46071K->1248K(44544K)] 62592K->17901K(83968K), 0.0006210 secs] [Times: user=0.00 sys=0.00, real=0.00 secs] 
126.665: Total time for which application threads were stopped: 0.0007580 seconds, Stopping threads took: 0.0000640 seconds
126.766: Application time: 0.1009780 seconds
126.766: [GC [PSYoungGen: 44119K->1792K(44032K)] 60772K->18445K(83456K), 0.0006750 secs] [Times: user=0.00 sys=0.00, real=0.01 secs] 
126.767: Total time for which application threads were stopped: 0.0008040 seconds, Stopping threads took: 0.0000540 seconds
126.864: Application time: 0.0972290 seconds
126.864: [GC [PSYoungGen: 43476K->2816K(44032K)] 60129K->19549K(83456K), 0.0011170 secs] [Times: user=0.01 sys=0.00, real=0.00 secs] 
126.865: Total time for which application threads were stopped: 0.0012850 seconds, Stopping threads took: 0.0000870 seconds
126.961: Application time: 0.0961600 seconds
126.962: [GC [PSYoungGen: 43554K->2304K(42496K)] 60288K->19549K(81920K), 0.0010000 secs] [Times: user=0.00 sys=0.00, real=0.00 secs] 
126.963: Total time for which application threads were stopped: 0.0011430 seconds, Stopping threads took: 0.0000690 seconds
127.055: Application time: 0.0929350 seconds
127.056: [GC [PSYoungGen: 42094K->2304K(41472K)] 59340K->19597K(80896K), 0.0009980 secs] [Times: user=0.00 sys=0.00, real=0.00 secs] 
127.057: Total time for which application threads were stopped: 0.0011310 seconds, Stopping threads took: 0.0000650 seconds
127.151: Application time: 0.0945830 seconds
127.151: [GC [PSYoungGen: 40992K->736K(38912K)] 58285K->18117K(78336K), 0.0005040 secs] [Times: user=0.00 sys=0.00, real=0.00 secs] 
127.152: Total time for which application threads were stopped: 0.0007230 seconds, Stopping threads took: 0.0001590 seconds
127.241: Application time: 0.0892150 seconds
127.241: [GC [PSYoungGen: 38468K->768K(37888K)] 55850K->18213K(77312K), 0.0005050 secs] [Times: user=0.00 sys=0.00, real=0.00 secs] 
127.242: Total time for which application threads were stopped: 0.0006340 seconds, Stopping threads took: 0.0000630 seconds
127.326: Application time: 0.0843230 seconds
127.326: [GC [PSYoungGen: 37388K->2304K(38912K)] 54833K->19829K(78336K), 0.0009490 secs] [Times: user=0.00 sys=0.00, real=0.01 secs] 
127.327: Total time for which application threads were stopped: 0.0010930 seconds, Stopping threads took: 0.0000740 seconds
127.412: Application time: 0.0851460 seconds
127.412: [GC [PSYoungGen: 38414K->2816K(38912K)] 55939K->20389K(78336K), 0.0011790 secs] [Times: user=0.01 sys=0.00, real=0.00 secs] 
127.414: Total time for which application threads were stopped: 0.0013430 seconds, Stopping threads took: 0.0000900 seconds
127.498: Application time: 0.0845690 seconds
127.498: [GC [PSYoungGen: 38340K->1728K(37376K)] 55913K->19349K(76800K), 0.0007730 secs] [Times: user=0.00 sys=0.00, real=0.00 secs] 
127.499: Total time for which application threads were stopped: 0.0009090 seconds, Stopping threads took: 0.0000680 seconds
127.581: Application time: 0.0819710 seconds
127.581: [GC [PSYoungGen: 36810K->2304K(37376K)] 54431K->19925K(76800K), 0.0009730 secs] [Times: user=0.00 sys=0.00, real=0.00 secs] 
127.582: Total time for which application threads were stopped: 0.0011080 seconds, Stopping threads took: 0.0000650 seconds
127.665: Application time: 0.0823370 seconds
127.665: [GC [PSYoungGen: 36874K->2304K(36864K)] 54495K->19973K(76288K), 0.0009730 secs] [Times: user=0.01 sys=0.00, real=0.00 secs] 
127.666: Total time for which application threads were stopped: 0.0011220 seconds, Stopping threads took: 0.0000770 seconds
127.746: Application time: 0.0805850 seconds
127.746: [GC [PSYoungGen: 36359K->2304K(36352K)] 54029K->20029K(75776K), 0.0010250 secs] [Times: user=0.01 sys=0.00, real=0.01 secs] 
127.747: Total time for which application threads were stopped: 0.0011710 seconds, Stopping threads took: 0.0000660 seconds
127.825: Application time: 0.0780260 seconds
127.826: [GC [PSYoungGen: 35998K->2272K(38400K)] 53723K->21069K(77824K), 0.0013610 secs] [Times: user=0.01 sys=0.00, real=0.01 secs] 
127.827: Total time for which application threads were stopped: 0.0015170 seconds, Stopping threads took: 0.0000810 seconds
127.915: Application time: 0.0877740 seconds
127.915: [GC [PSYoungGen: 37798K->1728K(39424K)] 56595K->20637K(78848K), 0.0008880 secs] [Times: user=0.01 sys=0.00, real=0.00 secs] 
127.916: Total time for which application threads were stopped: 0.0010260 seconds, Stopping threads took: 0.0000700 seconds
127.999: Application time: 0.0828670 seconds
127.999: [GC [PSYoungGen: 37401K->1792K(46592K)] 56311K->20701K(86016K), 0.0006450 secs] [Times: user=0.00 sys=0.00, real=0.00 secs] 
127.999: Total time for which application threads were stopped: 0.0007770 seconds, Stopping threads took: 0.0000690 seconds
128.102: Application time: 0.1025930 seconds
128.102: [GC [PSYoungGen: 44508K->1792K(44032K)] 63418K->20781K(83456K), 0.0006570 secs] [Times: user=0.01 sys=0.00, real=0.00 secs] 
128.103: Total time for which application threads were stopped: 0.0008420 seconds, Stopping threads took: 0.0001150 seconds
128.202: Application time: 0.0994660 seconds
128.202: [GC [PSYoungGen: 43556K->2304K(43520K)] 62546K->21293K(82944K), 0.0008890 secs] [Times: user=0.00 sys=0.01, real=0.00 secs] 
128.203: Total time for which application threads were stopped: 0.0010260 seconds, Stopping threads took: 0.0000590 seconds
128.300: Application time: 0.0961290 seconds
128.300: [GC [PSYoungGen: 43044K->1792K(41984K)] 62034K->20837K(81408K), 0.0008140 secs] [Times: user=0.00 sys=0.00, real=0.00 secs] 
128.301: Total time for which application threads were stopped: 0.0010120 seconds, Stopping threads took: 0.0001250 seconds
128.394: Application time: 0.0935510 seconds
128.394: [GC [PSYoungGen: 41500K->2304K(41472K)] 60546K->21390K(80896K), 0.0009260 secs] [Times: user=0.00 sys=0.00, real=0.01 secs] 
128.395: Total time for which application threads were stopped: 0.0010700 seconds, Stopping threads took: 0.0000740 seconds
128.487: Application time: 0.0922870 seconds
128.488: [GC [PSYoungGen: 41147K->768K(38912K)] 60233K->19918K(78336K), 0.0005190 secs] [Times: user=0.01 sys=0.00, real=0.00 secs] 
128.488: Total time for which application threads were stopped: 0.0007350 seconds, Stopping threads took: 0.0001540 seconds
128.578: Application time: 0.0894220 seconds
128.578: [GC [PSYoungGen: 38422K->1280K(39424K)] 57572K->20550K(78848K), 0.0006670 secs] [Times: user=0.00 sys=0.00, real=0.00 secs] 
128.578: Total time for which application threads were stopped: 0.0007980 seconds, Stopping threads took: 0.0000680 seconds
128.666: Application time: 0.0870890 seconds
128.666: [GC [PSYoungGen: 37906K->1280K(37888K)] 57176K->20598K(77312K), 0.0006410 secs] [Times: user=0.00 sys=0.00, real=0.00 secs] 
128.666: Total time for which application threads were stopped: 0.0007710 seconds, Stopping threads took: 0.0000650 seconds
128.749: Application time: 0.0829540 seconds
128.749: [GC [PSYoungGen: 37309K->2304K(38912K)] 56627K->21662K(78336K), 0.0009100 secs] [Times: user=0.00 sys=0.00, real=0.00 secs] 
128.750: Total time for which application threads were stopped: 0.0010560 seconds, Stopping threads took: 0.0000750 seconds
128.836: Application time: 0.0860280 seconds
128.836: [GC [PSYoungGen: 37906K->768K(36352K)] 57264K->20126K(75776K), 0.0004710 secs] [Times: user=0.00 sys=0.00, real=0.00 secs] 
128.837: Total time for which application threads were stopped: 0.0006270 seconds, Stopping threads took: 0.0000840 seconds
128.916: Application time: 0.0792340 seconds
128.916: [GC [PSYoungGen: 35767K->2816K(37888K)] 55125K->22222K(77312K), 0.0011090 secs] [Times: user=0.00 sys=0.00, real=0.00 secs] 
128.917: Total time for which application threads were stopped: 0.0012570 seconds, Stopping threads took: 0.0000740 seconds
129.003: Application time: 0.0851970 seconds
129.003: [GC [PSYoungGen: 37468K->1792K(36352K)] 56874K->21198K(75776K), 0.0008000 secs] [Times: user=0.00 sys=0.00, real=0.00 secs] 
129.004: Total time for which application threads were stopped: 0.0009640 seconds, Stopping threads took: 0.0000970 seconds
129.083: Application time: 0.0792270 seconds
129.083: [GC [PSYoungGen: 36002K->2336K(36864K)] 55408K->21822K(76288K), 0.0009870 secs] [Times: user=0.00 sys=0.00, real=0.00 secs] 
129.084: Total time for which application threads were stopped: 0.0011250 seconds, Stopping threads took: 0.0000690 seconds
129.165: Application time: 0.0806480 seconds
129.165: [GC [PSYoungGen: 35879K->1792K(35328K)] 55366K->21398K(74752K), 0.0007990 secs] [Times: user=0.00 sys=0.00, real=0.00 secs] 
129.166: Total time for which application threads were stopped: 0.0009390 seconds, Stopping threads took: 0.0000720 seconds
129.243: Application time: 0.0778450 seconds
129.244: [GC [PSYoungGen: 34741K->1760K(35840K)] 54347K->21414K(75264K), 0.0007510 secs] [Times: user=0.01 sys=0.00, real=0.00 secs] 
129.244: Total time for which application threads were stopped: 0.0008870 seconds, Stopping threads took: 0.0000690 seconds
129.321: Application time: 0.0766150 seconds
129.321: [GC [PSYoungGen: 34271K->1760K(34304K)] 53926K->21414K(73728K), 0.0008020 secs] [Times: user=0.00 sys=0.00, real=0.00 secs] 
129.322: Total time for which application threads were stopped: 0.0009320 seconds, Stopping threads took: 0.0000640 seconds
129.399: Application time: 0.0767440 seconds
129.399: [GC [PSYoungGen: 33685K->704K(34816K)] 53339K->20414K(74240K), 0.0004690 secs] [Times: user=0.00 sys=0.00, real=0.00 secs] 
129.399: Total time for which application threads were stopped: 0.0006090 seconds, Stopping threads took: 0.0000690 seconds
129.471: Application time: 0.0714530 seconds
129.471: [GC [PSYoungGen: 32166K->2816K(34304K)] 51877K->22526K(73728K), 0.0010500 secs] [Times: user=0.01 sys=0.00, real=0.00 secs] 
129.472: Total time for which application threads were stopped: 0.0012020 seconds, Stopping threads took: 0.0000800 seconds
129.547: Application time: 0.0751850 seconds
129.547: [GC [PSYoungGen: 33713K->1248K(33792K)] 53423K->21006K(73216K), 0.0006050 secs] [Times: user=0.00 sys=0.00, real=0.00 secs] 
129.548: Total time for which application threads were stopped: 0.0007360 seconds, Stopping threads took: 0.0000660 seconds
129.620: Application time: 0.0726630 seconds
129.621: [GC [PSYoungGen: 31775K->1280K(31744K)] 51533K->21038K(71168K), 0.0006120 secs] [Times: user=0.00 sys=0.00, real=0.00 secs] 
129.621: Total time for which application threads were stopped: 0.0007350 seconds, Stopping threads took: 0.0000590 seconds
129.691: Application time: 0.0694680 seconds
129.691: [GC [PSYoungGen: 31360K->2352K(32768K)] 51119K->22198K(72192K), 0.0009620 secs] [Times: user=0.00 sys=0.00, real=0.00 secs] 
129.692: Total time for which application threads were stopped: 0.0011050 seconds, Stopping threads took: 0.0000740 seconds
129.762: Application time: 0.0698960 seconds
129.762: [GC [PSYoungGen: 31688K->2272K(33280K)] 51535K->22230K(72704K), 0.0009470 secs] [Times: user=0.01 sys=0.00, real=0.00 secs] 
129.763: Total time for which application threads were stopped: 0.0011010 seconds, Stopping threads took: 0.0000830 seconds
129.833: Application time: 0.0700090 seconds
129.833: [GC [PSYoungGen: 31682K->2816K(39424K)] 51641K->22774K(78848K), 0.0009120 secs] [Times: user=0.01 sys=0.00, real=0.00 secs] 
129.834: Total time for which application threads were stopped: 0.0010530 seconds, Stopping threads took: 0.0000700 seconds
129.920: Application time: 0.0862900 seconds
129.920: [GC [PSYoungGen: 38416K->1792K(39424K)] 58374K->21798K(78848K), 0.0007510 secs] [Times: user=0.01 sys=0.00, real=0.00 secs] 
129.921: Total time for which application threads were stopped: 0.0009150 seconds, Stopping threads took: 0.0000880 seconds
130.006: Application time: 0.0848610 seconds
130.006: [GC [PSYoungGen: 37313K->1792K(37376K)] 57320K->21862K(76800K), 0.0006870 secs] [Times: user=0.00 sys=0.00, real=0.01 secs] 
130.007: Total time for which application threads were stopped: 0.0008190 seconds, Stopping threads took: 0.0000650 seconds
130.088: Application time: 0.0808990 seconds
130.088: [GC [PSYoungGen: 36873K->2272K(37376K)] 56944K->22342K(76800K), 0.0009090 secs] [Times: user=0.00 sys=0.00, real=0.00 secs] 
130.089: Total time for which application threads were stopped: 0.0011300 seconds, Stopping threads took: 0.0001510 seconds
130.172: Application time: 0.0831950 seconds
130.172: [GC [PSYoungGen: 36763K->2272K(36864K)] 56834K->22382K(76288K), 0.0008670 secs] [Times: user=0.01 sys=0.00, real=0.00 secs] 
130.173: Total time for which application threads were stopped: 0.0010290 seconds, Stopping threads took: 0.0000940 seconds
130.255: Application time: 0.0821430 seconds
130.255: [GC [PSYoungGen: 36408K->1792K(35840K)] 56518K->21902K(75264K), 0.0008100 secs] [Times: user=0.00 sys=0.00, real=0.00 secs] 
130.256: Total time for which application threads were stopped: 0.0009460 seconds, Stopping threads took: 0.0000710 seconds
130.333: Application time: 0.0773770 seconds
130.334: [GC [PSYoungGen: 35488K->2336K(35840K)] 55599K->22526K(75264K), 0.0009740 secs] [Times: user=0.00 sys=0.00, real=0.00 secs] 
130.335: Total time for which application threads were stopped: 0.0011120 seconds, Stopping threads took: 0.0000650 seconds
130.412: Application time: 0.0778800 seconds
130.413: [GC [PSYoungGen: 35359K->2752K(40448K)] 55550K->23038K(79872K), 0.0009960 secs] [Times: user=0.00 sys=0.00, real=0.00 secs] 
130.414: Total time for which application threads were stopped: 0.0011440 seconds, Stopping threads took: 0.0000710 seconds
130.500: Application time: 0.0867910 seconds
130.501: [GC [PSYoungGen: 39302K->2272K(43520K)] 59588K->22598K(82944K), 0.0008050 secs] [Times: user=0.00 sys=0.00, real=0.00 secs] 
130.501: Total time for which application threads were stopped: 0.0009560 seconds, Stopping threads took: 0.0000730 seconds
130.596: Application time: 0.0947510 seconds
130.596: [GC [PSYoungGen: 41982K->2304K(41472K)] 62309K->22630K(80896K), 0.0008940 secs] [Times: user=0.00 sys=0.00, real=0.00 secs] 
130.597: Total time for which application threads were stopped: 0.0010260 seconds, Stopping threads took: 0.0000620 seconds
130.689: Application time: 0.0917840 seconds
130.689: [GC [PSYoungGen: 40908K->1792K(40448K)] 61235K->22167K(79872K), 0.0007510 secs] [Times: user=0.00 sys=0.00, real=0.00 secs] 
130.690: Total time for which application threads were stopped: 0.0009140 seconds, Stopping threads took: 0.0000980 seconds
130.778: Application time: 0.0885700 seconds
130.779: [GC [PSYoungGen: 39448K->1792K(38912K)] 59823K->22167K(78336K), 0.0007730 secs] [Times: user=0.00 sys=0.00, real=0.00 secs] 
130.779: Total time for which application threads were stopped: 0.0009090 seconds, Stopping threads took: 0.0000690 seconds
130.865: Application time: 0.0859010 seconds
130.865: [GC [PSYoungGen: 38335K->2816K(39424K)] 58710K->23239K(78848K), 0.0010790 secs] [Times: user=0.01 sys=0.00, real=0.00 secs] 
130.866: Total time for which application threads were stopped: 0.0012240 seconds, Stopping threads took: 0.0000700 seconds
130.953: Application time: 0.0861990 seconds
130.953: [GC [PSYoungGen: 39160K->3424K(39936K)] 59583K->23847K(79360K), 0.0012920 secs] [Times: user=0.00 sys=0.00, real=0.00 secs] 
130.954: Total time for which application threads were stopped: 0.0014430 seconds, Stopping threads took: 0.0000750 seconds
131.040: Application time: 0.0858600 seconds
131.040: [GC [PSYoungGen: 39616K->2832K(48128K)] 60039K->23399K(87552K), 0.0009650 secs] [Times: user=0.01 sys=0.00, real=0.00 secs] 
131.041: Total time for which application threads were stopped: 0.0011230 seconds, Stopping threads took: 0.0000720 seconds
131.146: Application time: 0.1048320 seconds
131.146: [GC [PSYoungGen: 46578K->2272K(45568K)] 67146K->22919K(84992K), 0.0007810 secs] [Times: user=0.01 sys=0.00, real=0.01 secs] 
131.147: Total time for which application threads were stopped: 0.0009260 seconds, Stopping threads took: 0.0000700 seconds
131.247: Application time: 0.1005850 seconds
131.248: [GC [PSYoungGen: 45067K->2240K(44544K)] 65714K->22887K(83968K), 0.0010260 secs] [Times: user=0.01 sys=0.00, real=0.00 secs] 
131.249: Total time for which application threads were stopped: 0.0011530 seconds, Stopping threads took: 0.0000580 seconds
131.348: Application time: 0.0997730 seconds
131.348: [GC [PSYoungGen: 44008K->1792K(43008K)] 64656K->22495K(82432K), 0.0008070 secs] [Times: user=0.00 sys=0.00, real=0.00 secs] 
131.349: Total time for which application threads were stopped: 0.0009390 seconds, Stopping threads took: 0.0000680 seconds
131.446: Application time: 0.0962570 seconds
131.446: [GC [PSYoungGen: 42452K->1248K(42496K)] 63155K->22007K(81920K), 0.0006260 secs] [Times: user=0.00 sys=0.00, real=0.00 secs] 
131.446: Total time for which application threads were stopped: 0.0007920 seconds, Stopping threads took: 0.0001010 seconds
131.540: Application time: 0.0935230 seconds
131.540: [GC [PSYoungGen: 40958K->1760K(40960K)] 61717K->22519K(80384K), 0.0008130 secs] [Times: user=0.00 sys=0.00, real=0.00 secs] 
131.541: Total time for which application threads were stopped: 0.0009490 seconds, Stopping threads took: 0.0000700 seconds
131.630: Application time: 0.0888290 seconds
131.630: [GC [PSYoungGen: 40237K->2928K(41472K)] 60996K->23735K(80896K), 0.0011840 secs] [Times: user=0.01 sys=0.00, real=0.00 secs] 
131.631: Total time for which application threads were stopped: 0.0013350 seconds, Stopping threads took: 0.0000710 seconds
131.722: Application time: 0.0909040 seconds
131.722: [GC [PSYoungGen: 40510K->1280K(38400K)] 61317K->22247K(77824K), 0.0006940 secs] [Times: user=0.00 sys=0.00, real=0.00 secs] 
131.723: Total time for which application threads were stopped: 0.0008730 seconds, Stopping threads took: 0.0001160 seconds
131.809: Application time: 0.0858140 seconds
131.809: [GC [PSYoungGen: 37900K->2816K(39936K)] 58867K->23783K(79360K), 0.0011050 secs] [Times: user=0.00 sys=0.00, real=0.00 secs] 
131.810: Total time for which application threads were stopped: 0.0012430 seconds, Stopping threads took: 0.0000660 seconds
131.895: Application time: 0.0855290 seconds
131.895: [GC [PSYoungGen: 38850K->2816K(40448K)] 59817K->23831K(79872K), 0.0010990 secs] [Times: user=0.00 sys=0.00, real=0.00 secs] 
131.897: Total time for which application threads were stopped: 0.0012470 seconds, Stopping threads took: 0.0000740 seconds
131.982: Application time: 0.0855500 seconds
131.982: [GC [PSYoungGen: 38930K->2304K(38400K)] 59945K->23319K(77824K), 0.0007670 secs] [Times: user=0.00 sys=0.00, real=0.00 secs] 
131.983: Total time for which application threads were stopped: 0.0009090 seconds, Stopping threads took: 0.0000730 seconds
132.068: Application time: 0.0845450 seconds
132.068: [GC [PSYoungGen: 37823K->2304K(37888K)] 58839K->23367K(77312K), 0.0009920 secs] [Times: user=0.00 sys=0.00, real=0.00 secs] 
132.069: Total time for which application threads were stopped: 0.0011420 seconds, Stopping threads took: 0.0000800 seconds
132.152: Application time: 0.0829460 seconds
132.152: [GC [PSYoungGen: 37388K->2304K(37376K)] 58451K->23367K(76800K), 0.0008180 secs] [Times: user=0.01 sys=0.00, real=0.00 secs] 
132.153: Total time for which application threads were stopped: 0.0009740 seconds, Stopping threads took: 0.0000760 seconds
132.235: Application time: 0.0822600 seconds
132.235: [GC [PSYoungGen: 37110K->1840K(36352K)] 58174K->22943K(75776K), 0.0008650 secs] [Times: user=0.00 sys=0.00, real=0.00 secs] 
132.236: Total time for which application threads were stopped: 0.0010530 seconds, Stopping threads took: 0.0001210 seconds
132.317: Application time: 0.0806840 seconds
132.319: [GC [PSYoungGen: 35895K->1792K(35840K)] 56999K->23055K(75264K), 0.0008250 secs] [Times: user=0.01 sys=0.00, real=0.00 secs] 
132.320: Total time for which application threads were stopped: 0.0029290 seconds, Stopping threads took: 0.0020390 seconds
132.397: Application time: 0.0777400 seconds
132.397: [GC [PSYoungGen: 35251K->2816K(40960K)] 56515K->24127K(80384K), 0.0010920 secs] [Times: user=0.01 sys=0.00, real=0.00 secs] 
132.399: Total time for which application threads were stopped: 0.0012430 seconds, Stopping threads took: 0.0000750 seconds
132.487: Application time: 0.0882300 seconds
132.487: [GC [PSYoungGen: 39956K->2816K(44544K)] 61268K->24127K(83968K), 0.0009450 secs] [Times: user=0.01 sys=0.00, real=0.00 secs] 
132.488: Total time for which application threads were stopped: 0.0010980 seconds, Stopping threads took: 0.0000820 seconds
132.585: Application time: 0.0968530 seconds
132.585: [GC [PSYoungGen: 43478K->1728K(41984K)] 64790K->23087K(81408K), 0.0008000 secs] [Times: user=0.01 sys=0.00, real=0.00 secs] 
132.586: Total time for which application threads were stopped: 0.0009890 seconds, Stopping threads took: 0.0001250 seconds
132.680: Application time: 0.0939290 seconds
132.680: [GC [PSYoungGen: 41440K->1760K(41472K)] 62800K->23119K(80896K), 0.0008330 secs] [Times: user=0.00 sys=0.00, real=0.00 secs] 
132.681: Total time for which application threads were stopped: 0.0009660 seconds, Stopping threads took: 0.0000630 seconds
132.771: Application time: 0.0902750 seconds
132.771: [GC [PSYoungGen: 40440K->2304K(40448K)] 61800K->23711K(79872K), 0.0009690 secs] [Times: user=0.01 sys=0.00, real=0.00 secs] 
132.772: Total time for which application threads were stopped: 0.0011090 seconds, Stopping threads took: 0.0000670 seconds
132.861: Application time: 0.0885140 seconds
132.861: [GC [PSYoungGen: 40190K->2912K(39936K)] 61598K->24359K(79360K), 0.0011210 secs] [Times: user=0.00 sys=0.00, real=0.00 secs] 
132.862: Total time for which application threads were stopped: 0.0013160 seconds, Stopping threads took: 0.0001140 seconds
132.948: Application time: 0.0863840 seconds
132.948: [GC [PSYoungGen: 39538K->2784K(40960K)] 60986K->24372K(80384K), 0.0011660 secs] [Times: user=0.01 sys=0.00, real=0.00 secs] 
132.950: Total time for which application threads were stopped: 0.0017070 seconds, Stopping threads took: 0.0000870 seconds
133.038: Application time: 0.0876270 seconds
133.038: [GC [PSYoungGen: 39846K->2816K(48640K)] 61434K->24452K(88064K), 0.0009820 secs] [Times: user=0.01 sys=0.00, real=0.00 secs] 
133.039: Total time for which application threads were stopped: 0.0011510 seconds, Stopping threads took: 0.0000900 seconds
133.144: Application time: 0.1049040 seconds
133.144: [GC [PSYoungGen: 47153K->2816K(48640K)] 68789K->24452K(88064K), 0.0009590 secs] [Times: user=0.01 sys=0.00, real=0.00 secs] 
133.145: Total time for which application threads were stopped: 0.0011060 seconds, Stopping threads took: 0.0000730 seconds
133.251: Application time: 0.1057400 seconds
133.251: [GC [PSYoungGen: 47076K->2304K(46080K)] 68713K->23988K(85504K), 0.0007850 secs] [Times: user=0.01 sys=0.00, real=0.00 secs] 
133.251: Total time for which application threads were stopped: 0.0009400 seconds, Stopping threads took: 0.0000720 seconds
133.357: Application time: 0.1059300 seconds
133.358: [GC [PSYoungGen: 45617K->1280K(44032K)] 67301K->22964K(83456K), 0.0006360 secs] [Times: user=0.00 sys=0.00, real=0.00 secs] 
133.358: Total time for which application threads were stopped: 0.0007640 seconds, Stopping threads took: 0.0000640 seconds
133.456: Application time: 0.0980290 seconds
133.456: [GC [PSYoungGen: 43637K->1760K(43520K)] 65321K->23484K(82944K), 0.0007100 secs] [Times: user=0.01 sys=0.00, real=0.00 secs] 
133.457: Total time for which application threads were stopped: 0.0008380 seconds, Stopping threads took: 0.0000610 seconds
133.553: Application time: 0.0961790 seconds
133.553: [GC [PSYoungGen: 42731K->2368K(43008K)] 64455K->24156K(82432K), 0.0010020 secs] [Times: user=0.00 sys=0.00, real=0.00 secs] 
133.554: Total time for which application threads were stopped: 0.0011410 seconds, Stopping threads took: 0.0000680 seconds
133.649: Application time: 0.0945050 seconds
133.649: [GC [PSYoungGen: 42516K->1792K(41472K)] 64304K->23736K(80896K), 0.0007450 secs] [Times: user=0.00 sys=0.00, real=0.00 secs] 
133.650: Total time for which application threads were stopped: 0.0008810 seconds, Stopping threads took: 0.0000700 seconds
133.742: Application time: 0.0923870 seconds
133.742: [GC [PSYoungGen: 40984K->2816K(41472K)] 62928K->24760K(80896K), 0.0011090 secs] [Times: user=0.01 sys=0.00, real=0.00 secs] 
133.743: Total time for which application threads were stopped: 0.0012480 seconds, Stopping threads took: 0.0000680 seconds
133.834: Application time: 0.0905500 seconds
133.834: [GC [PSYoungGen: 40910K->1760K(39424K)] 62854K->23744K(78848K), 0.0008410 secs] [Times: user=0.01 sys=0.00, real=0.01 secs] 
133.835: Total time for which application threads were stopped: 0.0009870 seconds, Stopping threads took: 0.0000690 seconds
133.923: Application time: 0.0876750 seconds
133.923: [GC [PSYoungGen: 38898K->2304K(39424K)] 60882K->24288K(78848K), 0.0009830 secs] [Times: user=0.00 sys=0.00, real=0.00 secs] 
133.924: Total time for which application threads were stopped: 0.0011720 seconds, Stopping threads took: 0.0001200 seconds
134.011: Application time: 0.0874720 seconds
134.011: [GC [PSYoungGen: 38852K->2272K(38912K)] 60836K->24304K(78336K), 0.0009920 secs] [Times: user=0.01 sys=0.00, real=0.00 secs] 
134.012: Total time for which application threads were stopped: 0.0011380 seconds, Stopping threads took: 0.0000770 seconds
134.099: Application time: 0.0867270 seconds
134.099: [GC [PSYoungGen: 38460K->2304K(38400K)] 60492K->24344K(77824K), 0.0010040 secs] [Times: user=0.01 sys=0.00, real=0.00 secs] 
134.100: Total time for which application threads were stopped: 0.0011470 seconds, Stopping threads took: 0.0000720 seconds
134.184: Application time: 0.0838210 seconds
134.184: [GC [PSYoungGen: 38137K->1824K(37376K)] 60177K->23952K(76800K), 0.0008440 secs] [Times: user=0.00 sys=0.00, real=0.00 secs] 
134.185: Total time for which application threads were stopped: 0.0010330 seconds, Stopping threads took: 0.0001200 seconds
134.268: Application time: 0.0830390 seconds
134.268: [GC [PSYoungGen: 36829K->2272K(37376K)] 58958K->24536K(76800K), 0.0010020 secs] [Times: user=0.00 sys=0.00, real=0.00 secs] 
134.269: Total time for which application threads were stopped: 0.0011450 seconds, Stopping threads took: 0.0000720 seconds
134.352: Application time: 0.0825620 seconds
134.352: [GC [PSYoungGen: 36841K->2272K(41984K)] 59106K->24536K(81408K), 0.0009470 secs] [Times: user=0.00 sys=0.00, real=0.00 secs] 
134.353: Total time for which application threads were stopped: 0.0010850 seconds, Stopping threads took: 0.0000580 seconds
134.444: Application time: 0.0909300 seconds
134.444: [GC [PSYoungGen: 40876K->2272K(40448K)] 63140K->24576K(79872K), 0.0009610 secs] [Times: user=0.01 sys=0.00, real=0.00 secs] 
134.445: Total time for which application threads were stopped: 0.0010900 seconds, Stopping threads took: 0.0000610 seconds
134.534: Application time: 0.0893880 seconds
134.534: [GC [PSYoungGen: 39928K->1760K(38912K)] 62233K->24064K(78336K), 0.0008140 secs] [Times: user=0.01 sys=0.00, real=0.01 secs] 
134.535: Total time for which application threads were stopped: 0.0009550 seconds, Stopping threads took: 0.0000750 seconds
134.621: Application time: 0.0852330 seconds
134.621: [GC [PSYoungGen: 38303K->2816K(40448K)] 60608K->25168K(79872K), 0.0010900 secs] [Times: user=0.01 sys=0.00, real=0.00 secs] 
134.622: Total time for which application threads were stopped: 0.0012380 seconds, Stopping threads took: 0.0000720 seconds
134.710: Application time: 0.0883520 seconds
134.710: [GC [PSYoungGen: 40034K->2816K(48128K)] 62387K->25168K(87552K), 0.0010100 secs] [Times: user=0.00 sys=0.00, real=0.00 secs] 
134.711: Total time for which application threads were stopped: 0.0011580 seconds, Stopping threads took: 0.0000760 seconds
134.817: Application time: 0.1051970 seconds
134.817: [GC [PSYoungGen: 46877K->1808K(45568K)] 69230K->24256K(84992K), 0.0007320 secs] [Times: user=0.00 sys=0.00, real=0.00 secs] 
134.817: Total time for which application threads were stopped: 0.0008670 seconds, Stopping threads took: 0.0000680 seconds
134.921: Application time: 0.1031570 seconds
134.921: [GC [PSYoungGen: 45040K->1280K(45056K)] 67489K->23884K(84480K), 0.0006260 secs] [Times: user=0.00 sys=0.00, real=0.00 secs] 
134.921: Total time for which application threads were stopped: 0.0007710 seconds, Stopping threads took: 0.0000710 seconds
135.021: Application time: 0.0996050 seconds
135.021: [GC [PSYoungGen: 43561K->1216K(43008K)] 66165K->23820K(82432K), 0.0006280 secs] [Times: user=0.00 sys=0.00, real=0.00 secs] 
135.022: Total time for which application threads were stopped: 0.0007520 seconds, Stopping threads took: 0.0000600 seconds
135.121: Application time: 0.0989790 seconds
135.121: [GC [PSYoungGen: 42390K->1280K(43008K)] 64995K->23940K(82432K), 0.0006380 secs] [Times: user=0.00 sys=0.00, real=0.00 secs] 
135.121: Total time for which application threads were stopped: 0.0007670 seconds, Stopping threads took: 0.0000680 seconds
135.218: Application time: 0.0961010 seconds
135.218: [GC [PSYoungGen: 41506K->256K(39936K)] 64167K->22916K(79360K), 0.0004100 secs] [Times: user=0.00 sys=0.00, real=0.00 secs] 
135.218: Total time for which application threads were stopped: 0.0006040 seconds, Stopping threads took: 0.0001340 seconds
135.308: Application time: 0.0902830 seconds
135.309: [GC [PSYoungGen: 39446K->2304K(40960K)] 62107K->25012K(80384K), 0.0009250 secs] [Times: user=0.01 sys=0.00, real=0.00 secs] 
135.309: Total time for which application threads were stopped: 0.0010570 seconds, Stopping threads took: 0.0000620 seconds
135.363: Application time: 0.0538540 seconds
135.363: Total time for which application threads were stopped: 0.0000840 seconds, Stopping threads took: 0.0000600 seconds
135.373: Application time: 0.0098750 seconds
135.373: Total time for which application threads were stopped: 0.0000630 seconds, Stopping threads took: 0.0000430 seconds
135.386: Application time: 0.0125090 seconds
135.386: Total time for which application threads were stopped: 0.0000700 seconds, Stopping threads took: 0.0000470 seconds
135.408: Application time: 0.0223600 seconds
135.408: [GC [PSYoungGen: 40623K->1760K(39424K)] 63332K->24524K(78848K), 0.0008540 secs] [Times: user=0.00 sys=0.00, real=0.00 secs] 
135.409: Total time for which application threads were stopped: 0.0009550 seconds, Stopping threads took: 0.0000360 seconds
135.431: Application time: 0.0212630 seconds
135.431: Total time for which application threads were stopped: 0.0000790 seconds, Stopping threads took: 0.0000470 seconds
135.529: Application time: 0.0983420 seconds
135.529: Total time for which application threads were stopped: 0.0000660 seconds, Stopping threads took: 0.0000400 seconds
135.534: Application time: 0.0050410 seconds
135.534: [GC [PSYoungGen: 38920K->640K(39936K)] 61685K->23468K(79360K), 0.0004880 secs] [Times: user=0.01 sys=0.00, real=0.00 secs] 
135.535: Total time for which application threads were stopped: 0.0005490 seconds, Stopping threads took: 0.0000170 seconds
135.656: Application time: 0.1211760 seconds
135.656: Total time for which application threads were stopped: 0.0000610 seconds, Stopping threads took: 0.0000360 seconds
135.718: Application time: 0.0617690 seconds
135.718: [GC [PSYoungGen: 37228K->608K(37376K)] 60057K->23452K(76800K), 0.0005030 secs] [Times: user=0.01 sys=0.00, real=0.00 secs] 
135.718: Total time for which application threads were stopped: 0.0005910 seconds, Stopping threads took: 0.0000280 seconds
135.830: Application time: 0.1122410 seconds
135.831: Total time for which application threads were stopped: 0.0000520 seconds, Stopping threads took: 0.0000230 seconds
135.879: Application time: 0.0487930 seconds
135.879: [GC [PSYoungGen: 36533K->3552K(39424K)] 59378K->29989K(78848K), 0.0021670 secs] [Times: user=0.02 sys=0.00, real=0.00 secs] 
135.882: Total time for which application threads were stopped: 0.0024050 seconds, Stopping threads took: 0.0001520 seconds
135.969: Application time: 0.0873370 seconds
135.969: [GC [PSYoungGen: 39100K->1280K(36864K)] 65537K->31569K(76288K), 0.0013730 secs] [Times: user=0.01 sys=0.00, real=0.00 secs] 
135.971: Total time for which application threads were stopped: 0.0015310 seconds, Stopping threads took: 0.0000700 seconds
136.056: Application time: 0.0858450 seconds
136.057: [GC [PSYoungGen: 36570K->2272K(38400K)] 66860K->32561K(77824K), 0.0009270 secs] [Times: user=0.01 sys=0.00, real=0.00 secs] 
136.058: Total time for which application threads were stopped: 0.0010880 seconds, Stopping threads took: 0.0000900 seconds
136.146: Application time: 0.0885540 seconds
136.147: [GC [PSYoungGen: 36883K->1760K(36352K)] 67173K->32049K(75776K), 0.0010690 secs] [Times: user=0.00 sys=0.00, real=0.00 secs] 
136.148: Total time for which application threads were stopped: 0.0017670 seconds, Stopping threads took: 0.0006290 seconds
136.240: Application time: 0.0922950 seconds
136.243: [GC [PSYoungGen: 35776K->1728K(36352K)] 66066K->32017K(75776K), 0.0010660 secs] [Times: user=0.00 sys=0.00, real=0.00 secs] 
136.244: Total time for which application threads were stopped: 0.0037580 seconds, Stopping threads took: 0.0025980 seconds
136.338: Application time: 0.0940210 seconds
136.338: [GC [PSYoungGen: 35234K->1696K(35328K)] 65523K->31985K(74752K), 0.0007930 secs] [Times: user=0.00 sys=0.00, real=0.00 secs] 
136.339: Total time for which application threads were stopped: 0.0009220 seconds, Stopping threads took: 0.0000620 seconds
136.422: Application time: 0.0828930 seconds
136.422: [GC [PSYoungGen: 34633K->1728K(35840K)] 64922K->32017K(75264K), 0.0007770 secs] [Times: user=0.00 sys=0.00, real=0.00 secs] 
136.423: Total time for which application threads were stopped: 0.0009130 seconds, Stopping threads took: 0.0000710 seconds
136.502: Application time: 0.0790310 seconds
136.502: [GC [PSYoungGen: 34387K->2816K(36352K)] 64676K->33105K(75776K), 0.0011410 secs] [Times: user=0.01 sys=0.00, real=0.00 secs] 
136.503: Total time for which application threads were stopped: 0.0012880 seconds, Stopping threads took: 0.0000690 seconds
136.585: Application time: 0.0817550 seconds
136.585: [GC [PSYoungGen: 35563K->2336K(43008K)] 65852K->32733K(82432K), 0.0008610 secs] [Times: user=0.01 sys=0.00, real=0.00 secs] 
136.586: Total time for which application threads were stopped: 0.0010090 seconds, Stopping threads took: 0.0000800 seconds
136.684: Application time: 0.0978600 seconds
136.684: [GC [PSYoungGen: 41540K->1792K(40448K)] 71938K->32337K(79872K), 0.0007490 secs] [Times: user=0.01 sys=0.00, real=0.00 secs] 
136.685: Total time for which application threads were stopped: 0.0009510 seconds, Stopping threads took: 0.0001320 seconds
136.781: Application time: 0.0967250 seconds
136.781: [GC [PSYoungGen: 39876K->1760K(39936K)] 70422K->32345K(79360K), 0.0007460 secs] [Times: user=0.00 sys=0.00, real=0.00 secs] 
136.782: Total time for which application threads were stopped: 0.0008900 seconds, Stopping threads took: 0.0000740 seconds
136.874: Application time: 0.0921850 seconds
136.874: [GC [PSYoungGen: 38820K->2304K(39424K)] 69405K->32889K(78848K), 0.0009290 secs] [Times: user=0.00 sys=0.00, real=0.01 secs] 
136.875: Total time for which application threads were stopped: 0.0010730 seconds, Stopping threads took: 0.0000730 seconds
136.966: Application time: 0.0906460 seconds
136.966: [GC [PSYoungGen: 38852K->2272K(39424K)] 69437K->32857K(78848K), 0.0008220 secs] [Times: user=0.00 sys=0.01, real=0.01 secs] 
136.967: Total time for which application threads were stopped: 0.0009550 seconds, Stopping threads took: 0.0000630 seconds
137.057: Application time: 0.0897230 seconds
137.057: [GC [PSYoungGen: 38305K->2272K(38400K)] 68891K->32857K(77824K), 0.0009140 secs] [Times: user=0.00 sys=0.00, real=0.00 secs] 
137.058: Total time for which application threads were stopped: 0.0010640 seconds, Stopping threads took: 0.0000700 seconds
137.147: Application time: 0.0887860 seconds
137.147: [GC [PSYoungGen: 37791K->2272K(38400K)] 68377K->32857K(77824K), 0.0009230 secs] [Times: user=0.01 sys=0.00, real=0.00 secs] 
137.148: Total time for which application threads were stopped: 0.0010760 seconds, Stopping threads took: 0.0000840 seconds
137.234: Application time: 0.0861270 seconds
137.234: [GC [PSYoungGen: 37314K->1904K(36864K)] 67900K->32489K(76288K), 0.0008380 secs] [Times: user=0.00 sys=0.00, real=0.01 secs] 
137.235: Total time for which application threads were stopped: 0.0009780 seconds, Stopping threads took: 0.0000710 seconds
137.320: Application time: 0.0849160 seconds
137.320: [GC [PSYoungGen: 36469K->2304K(37376K)] 67055K->33130K(76800K), 0.0010160 secs] [Times: user=0.01 sys=0.00, real=0.00 secs] 
137.321: Total time for which application threads were stopped: 0.0012030 seconds, Stopping threads took: 0.0001140 seconds
137.406: Application time: 0.0846260 seconds
137.406: [GC [PSYoungGen: 36283K->2272K(36352K)] 67109K->33146K(75776K), 0.0009980 secs] [Times: user=0.00 sys=0.00, real=0.01 secs] 
137.407: Total time for which application threads were stopped: 0.0012060 seconds, Stopping threads took: 0.0001370 seconds
137.492: Application time: 0.0848050 seconds
137.492: [GC [PSYoungGen: 35739K->1216K(36352K)] 66613K->32090K(75776K), 0.0005860 secs] [Times: user=0.01 sys=0.00, real=0.00 secs] 
137.492: Total time for which application threads were stopped: 0.0007010 seconds, Stopping threads took: 0.0000530 seconds
137.574: Application time: 0.0819070 seconds
137.574: [GC [PSYoungGen: 34165K->1216K(34304K)] 65039K->32090K(73728K), 0.0005930 secs] [Times: user=0.00 sys=0.00, real=0.01 secs] 
137.575: Total time for which application threads were stopped: 0.0007360 seconds, Stopping threads took: 0.0000710 seconds
137.654: Application time: 0.0792160 seconds
137.654: [GC [PSYoungGen: 33645K->1760K(34304K)] 64519K->32634K(73728K), 0.0008270 secs] [Times: user=0.00 sys=0.00, real=0.01 secs] 
137.655: Total time for which application threads were stopped: 0.0009810 seconds, Stopping threads took: 0.0000800 seconds
137.734: Application time: 0.0786410 seconds
137.734: [GC [PSYoungGen: 33673K->2272K(34304K)] 64547K->33146K(73728K), 0.0009530 secs] [Times: user=0.01 sys=0.00, real=0.01 secs] 
137.735: Total time for which application threads were stopped: 0.0010950 seconds, Stopping threads took: 0.0000700 seconds
137.812: Application time: 0.0776510 seconds
137.813: [GC [PSYoungGen: 33677K->1728K(33792K)] 64551K->32602K(73216K), 0.0007600 secs] [Times: user=0.00 sys=0.00, real=0.00 secs] 
137.813: Total time for which application threads were stopped: 0.0009200 seconds, Stopping threads took: 0.0000940 seconds
137.889: Application time: 0.0752300 seconds
137.889: [GC [PSYoungGen: 32636K->2464K(34304K)] 63510K->33338K(73728K), 0.0010770 secs] [Times: user=0.01 sys=0.00, real=0.00 secs] 
137.890: Total time for which application threads were stopped: 0.0012850 seconds, Stopping threads took: 0.0001360 seconds
137.969: Application time: 0.0787180 seconds
137.969: [GC [PSYoungGen: 33439K->1216K(32256K)] 64313K->32326K(71680K), 0.0006530 secs] [Times: user=0.00 sys=0.00, real=0.00 secs] 
137.970: Total time for which application threads were stopped: 0.0017710 seconds, Stopping threads took: 0.0000630 seconds
138.045: Application time: 0.0742860 seconds
138.045: [GC [PSYoungGen: 31576K->2272K(39424K)] 62686K->33430K(78848K), 0.0009050 secs] [Times: user=0.01 sys=0.00, real=0.00 secs] 
138.046: Total time for which application threads were stopped: 0.0010440 seconds, Stopping threads took: 0.0000650 seconds
138.135: Application time: 0.0896610 seconds
138.136: [GC [PSYoungGen: 37793K->1248K(37376K)] 68952K->32406K(76800K), 0.0005880 secs] [Times: user=0.00 sys=0.00, real=0.00 secs] 
138.136: Total time for which application threads were stopped: 0.0008200 seconds, Stopping threads took: 0.0001620 seconds
138.222: Application time: 0.0858500 seconds
138.222: [GC [PSYoungGen: 36249K->2816K(37888K)] 67407K->33974K(77312K), 0.0011100 secs] [Times: user=0.01 sys=0.00, real=0.00 secs] 
138.223: Total time for which application threads were stopped: 0.0012560 seconds, Stopping threads took: 0.0000730 seconds
138.310: Application time: 0.0868200 seconds
138.310: [GC [PSYoungGen: 37313K->768K(37376K)] 68472K->31926K(76800K), 0.0005350 secs] [Times: user=0.00 sys=0.00, real=0.00 secs] 
138.311: Total time for which application threads were stopped: 0.0006840 seconds, Stopping threads took: 0.0000890 seconds
138.395: Application time: 0.0843820 seconds
138.395: [GC [PSYoungGen: 34745K->1216K(35328K)] 65903K->32374K(74752K), 0.0006050 secs] [Times: user=0.00 sys=0.00, real=0.00 secs] 
138.396: Total time for which application threads were stopped: 0.0007400 seconds, Stopping threads took: 0.0000720 seconds
138.478: Application time: 0.0817900 seconds
138.478: [GC [PSYoungGen: 34755K->1760K(36352K)] 65914K->32918K(75776K), 0.0007510 secs] [Times: user=0.01 sys=0.00, real=0.00 secs] 
138.479: Total time for which application threads were stopped: 0.0008820 seconds, Stopping threads took: 0.0000660 seconds
138.560: Application time: 0.0812280 seconds
138.560: [GC [PSYoungGen: 34665K->1888K(34816K)] 65823K->33094K(74240K), 0.0008320 secs] [Times: user=0.00 sys=0.00, real=0.00 secs] 
138.561: Total time for which application threads were stopped: 0.0009680 seconds, Stopping threads took: 0.0000710 seconds
138.641: Application time: 0.0799980 seconds
138.641: [GC [PSYoungGen: 34391K->2816K(35328K)] 65597K->34238K(74752K), 0.0011670 secs] [Times: user=0.01 sys=0.00, real=0.00 secs] 
138.642: Total time for which application threads were stopped: 0.0013310 seconds, Stopping threads took: 0.0000810 seconds
138.723: Application time: 0.0810200 seconds
138.723: [GC [PSYoungGen: 34741K->1728K(33792K)] 66164K->33206K(73216K), 0.0007710 secs] [Times: user=0.01 sys=0.00, real=0.00 secs] 
138.724: Total time for which application threads were stopped: 0.0009540 seconds, Stopping threads took: 0.0001170 seconds
138.801: Application time: 0.0769540 seconds
138.801: [GC [PSYoungGen: 33131K->1248K(34304K)] 64609K->32726K(73728K), 0.0006260 secs] [Times: user=0.01 sys=0.00, real=0.00 secs] 
138.802: Total time for which application threads were stopped: 0.0007590 seconds, Stopping threads took: 0.0000700 seconds
138.878: Application time: 0.0759950 seconds
138.878: [GC [PSYoungGen: 32124K->2272K(33280K)] 63603K->33750K(72704K), 0.0009270 secs] [Times: user=0.00 sys=0.00, real=0.00 secs] 
138.879: Total time for which application threads were stopped: 0.0010610 seconds, Stopping threads took: 0.0000660 seconds
138.954: Application time: 0.0752770 seconds
138.954: [GC [PSYoungGen: 32644K->1728K(33280K)] 64123K->33206K(72704K), 0.0008060 secs] [Times: user=0.01 sys=0.00, real=0.01 secs] 
138.955: Total time for which application threads were stopped: 0.0010140 seconds, Stopping threads took: 0.0001440 seconds
139.031: Application time: 0.0760430 seconds
139.031: [GC [PSYoungGen: 31584K->1280K(31232K)] 63063K->32758K(70656K), 0.0006330 secs] [Times: user=0.00 sys=0.00, real=0.00 secs] 
139.032: Total time for which application threads were stopped: 0.0007790 seconds, Stopping threads took: 0.0000800 seconds
139.106: Application time: 0.0735030 seconds
139.106: [GC [PSYoungGen: 30616K->1248K(31232K)] 62095K->32726K(70656K), 0.0007380 secs] [Times: user=0.01 sys=0.00, real=0.00 secs] 
139.106: Total time for which application threads were stopped: 0.0008830 seconds, Stopping threads took: 0.0000760 seconds
139.177: Application time: 0.0708870 seconds
139.177: [GC [PSYoungGen: 30025K->800K(31744K)] 61504K->32278K(71168K), 0.0005330 secs] [Times: user=0.01 sys=0.00, real=0.00 secs] 
139.178: Total time for which application threads were stopped: 0.0006710 seconds, Stopping threads took: 0.0000660 seconds
139.247: Application time: 0.0690290 seconds
139.247: [GC [PSYoungGen: 29176K->2816K(32256K)] 60655K->34510K(71680K), 0.0011780 secs] [Times: user=0.01 sys=0.00, real=0.00 secs] 
139.248: Total time for which application threads were stopped: 0.0013090 seconds, Stopping threads took: 0.0000560 seconds
139.318: Application time: 0.0695440 seconds
139.318: [GC [PSYoungGen: 31198K->3328K(32256K)] 62893K->35055K(71680K), 0.0012800 secs] [Times: user=0.01 sys=0.00, real=0.00 secs] 
139.319: Total time for which application threads were stopped: 0.0014200 seconds, Stopping threads took: 0.0000630 seconds
139.392: Application time: 0.0725540 seconds
139.392: [GC [PSYoungGen: 31640K->2304K(38912K)] 63367K->34079K(78336K), 0.0007760 secs] [Times: user=0.00 sys=0.00, real=0.00 secs] 
139.393: Total time for which application threads were stopped: 0.0009340 seconds, Stopping threads took: 0.0000850 seconds
139.480: Application time: 0.0875320 seconds
139.480: [GC [PSYoungGen: 36795K->2240K(38912K)] 68570K->34015K(78336K), 0.0008130 secs] [Times: user=0.01 sys=0.00, real=0.00 secs] 
139.481: Total time for which application threads were stopped: 0.0009420 seconds, Stopping threads took: 0.0000600 seconds
139.568: Application time: 0.0863570 seconds
139.568: [GC [PSYoungGen: 36733K->1792K(45056K)] 68508K->33567K(84480K), 0.0006710 secs] [Times: user=0.00 sys=0.00, real=0.00 secs] 
139.568: Total time for which application threads were stopped: 0.0008020 seconds, Stopping threads took: 0.0000650 seconds
139.671: Application time: 0.1025170 seconds
139.671: [GC [PSYoungGen: 43480K->1728K(43008K)] 75255K->33503K(82432K), 0.0006920 secs] [Times: user=0.00 sys=0.00, real=0.00 secs] 
139.672: Total time for which application threads were stopped: 0.0008170 seconds, Stopping threads took: 0.0000610 seconds
139.774: Application time: 0.1024960 seconds
139.774: [GC [PSYoungGen: 42388K->1792K(42496K)] 74163K->33567K(81920K), 0.0006680 secs] [Times: user=0.00 sys=0.01, real=0.01 secs] 
139.775: Total time for which application threads were stopped: 0.0008200 seconds, Stopping threads took: 0.0000720 seconds
139.871: Application time: 0.0955180 seconds
139.871: [GC [PSYoungGen: 41375K->2944K(41984K)] 73150K->34719K(81408K), 0.0011700 secs] [Times: user=0.01 sys=0.00, real=0.00 secs] 
139.872: Total time for which application threads were stopped: 0.0013430 seconds, Stopping threads took: 0.0000930 seconds
139.968: Application time: 0.0963490 seconds
139.969: [GC [PSYoungGen: 41706K->2304K(40448K)] 73481K->34291K(79872K), 0.0009590 secs] [Times: user=0.00 sys=0.00, real=0.00 secs] 
139.969: Total time for which application threads were stopped: 0.0011540 seconds, Stopping threads took: 0.0001270 seconds
140.064: Application time: 0.0940770 seconds
140.064: [GC [PSYoungGen: 39884K->1248K(38400K)] 71871K->33331K(77824K), 0.0006930 secs] [Times: user=0.00 sys=0.00, real=0.00 secs] 
140.064: Total time for which application threads were stopped: 0.0008980 seconds, Stopping threads took: 0.0001410 seconds
140.156: Application time: 0.0913200 seconds
140.156: [GC [PSYoungGen: 37795K->1216K(39424K)] 69879K->33299K(78848K), 0.0006020 secs] [Times: user=0.00 sys=0.00, real=0.00 secs] 
140.157: Total time for which application threads were stopped: 0.0007320 seconds, Stopping threads took: 0.0000660 seconds
140.244: Application time: 0.0873900 seconds
140.244: [GC [PSYoungGen: 37245K->2272K(38400K)] 69329K->34355K(77824K), 0.0009300 secs] [Times: user=0.01 sys=0.00, real=0.00 secs] 
140.245: Total time for which application threads were stopped: 0.0010630 seconds, Stopping threads took: 0.0000650 seconds
140.335: Application time: 0.0895460 seconds
140.335: [GC [PSYoungGen: 37791K->2272K(38400K)] 69875K->34355K(77824K), 0.0009350 secs] [Times: user=0.00 sys=0.00, real=0.01 secs] 
140.336: Total time for which application threads were stopped: 0.0010750 seconds, Stopping threads took: 0.0000620 seconds
140.422: Application time: 0.0861180 seconds
140.422: [GC [PSYoungGen: 37279K->1792K(36864K)] 69363K->33875K(76288K), 0.0007360 secs] [Times: user=0.01 sys=0.00, real=0.00 secs] 
140.423: Total time for which application threads were stopped: 0.0008840 seconds, Stopping threads took: 0.0000780 seconds
140.507: Application time: 0.0846330 seconds
140.507: [GC [PSYoungGen: 36239K->1920K(37376K)] 68322K->34003K(76800K), 0.0008160 secs] [Times: user=0.01 sys=0.00, real=0.00 secs] 
140.508: Total time for which application threads were stopped: 0.0009440 seconds, Stopping threads took: 0.0000610 seconds
140.592: Application time: 0.0836700 seconds
140.592: [GC [PSYoungGen: 35976K->1760K(35840K)] 68059K->34055K(75264K), 0.0008530 secs] [Times: user=0.00 sys=0.00, real=0.00 secs] 
140.593: Total time for which application threads were stopped: 0.0010610 seconds, Stopping threads took: 0.0001400 seconds
140.677: Application time: 0.0839940 seconds
140.677: [GC [PSYoungGen: 35302K->1792K(35328K)] 67597K->34143K(74752K), 0.0008610 secs] [Times: user=0.01 sys=0.00, real=0.00 secs] 
140.678: Total time for which application threads were stopped: 0.0010110 seconds, Stopping threads took: 0.0000830 seconds
140.760: Application time: 0.0816910 seconds
140.760: [GC [PSYoungGen: 34741K->1760K(34816K)] 67093K->34167K(74240K), 0.0007650 secs] [Times: user=0.01 sys=0.00, real=0.00 secs] 
140.761: Total time for which application threads were stopped: 0.0009150 seconds, Stopping threads took: 0.0000830 seconds
140.841: Application time: 0.0805380 seconds
140.841: [GC [PSYoungGen: 34193K->1760K(34816K)] 66601K->34167K(74240K), 0.0007470 secs] [Times: user=0.00 sys=0.00, real=0.00 secs] 
140.842: Total time for which application threads were stopped: 0.0008940 seconds, Stopping threads took: 0.0000750 seconds
140.919: Application time: 0.0771180 seconds
140.919: [GC [PSYoungGen: 33664K->2816K(35328K)] 66072K->35735K(74752K), 0.0013140 secs] [Times: user=0.01 sys=0.00, real=0.00 secs] 
140.921: Total time for which application threads were stopped: 0.0014630 seconds, Stopping threads took: 0.0000720 seconds
141.001: Application time: 0.0802590 seconds
141.001: [GC [PSYoungGen: 34741K->2240K(41472K)] 67661K->35159K(80896K), 0.0008600 secs] [Times: user=0.00 sys=0.00, real=0.00 secs] 
141.002: Total time for which application threads were stopped: 0.0009850 seconds, Stopping threads took: 0.0000580 seconds
141.097: Application time: 0.0954110 seconds
141.097: [GC [PSYoungGen: 40844K->2272K(40448K)] 73763K->35191K(79872K), 0.0008190 secs] [Times: user=0.00 sys=0.00, real=0.00 secs] 
141.098: Total time for which application threads were stopped: 0.0009600 seconds, Stopping threads took: 0.0000690 seconds
141.190: Application time: 0.0920820 seconds
141.190: [GC [PSYoungGen: 39801K->2464K(40448K)] 72720K->35895K(79872K), 0.0011250 secs] [Times: user=0.01 sys=0.01, real=0.00 secs] 
141.192: Total time for which application threads were stopped: 0.0012760 seconds, Stopping threads took: 0.0000760 seconds
141.288: Application time: 0.0960320 seconds
141.288: [GC [PSYoungGen: 40204K->736K(37888K)] 73636K->34375K(77312K), 0.0005590 secs] [Times: user=0.00 sys=0.00, real=0.00 secs] 
141.288: Total time for which application threads were stopped: 0.0007440 seconds, Stopping threads took: 0.0001210 seconds
141.378: Application time: 0.0897960 seconds
141.378: [GC [PSYoungGen: 37275K->2272K(39424K)] 70915K->35979K(78848K), 0.0009550 secs] [Times: user=0.00 sys=0.00, real=0.00 secs] 
141.379: Total time for which application threads were stopped: 0.0011580 seconds, Stopping threads took: 0.0001220 seconds
141.469: Application time: 0.0893590 seconds
141.469: [GC [PSYoungGen: 38305K->2784K(38912K)] 72013K->36491K(78336K), 0.0010770 secs] [Times: user=0.00 sys=0.00, real=0.00 secs] 
141.470: Total time for which application threads were stopped: 0.0012460 seconds, Stopping threads took: 0.0000980 seconds
141.561: Application time: 0.0911360 seconds
141.561: [GC [PSYoungGen: 38310K->1248K(38400K)] 72017K->34955K(77824K), 0.0006010 secs] [Times: user=0.01 sys=0.00, real=0.00 secs] 
141.562: Total time for which application threads were stopped: 0.0007340 seconds, Stopping threads took: 0.0000670 seconds
141.646: Application time: 0.0845120 seconds
141.646: [GC [PSYoungGen: 36247K->2784K(37888K)] 69955K->36491K(77312K), 0.0011080 secs] [Times: user=0.00 sys=0.01, real=0.01 secs] 
141.648: Total time for which application threads were stopped: 0.0012900 seconds, Stopping threads took: 0.0001060 seconds
141.737: Application time: 0.0895910 seconds
141.737: [GC [PSYoungGen: 37283K->704K(37888K)] 70991K->34411K(77312K), 0.0004400 secs] [Times: user=0.00 sys=0.00, real=0.00 secs] 
141.738: Total time for which application threads were stopped: 0.0005600 seconds, Stopping threads took: 0.0000610 seconds
141.820: Application time: 0.0822330 seconds
141.820: [GC [PSYoungGen: 34904K->2880K(36864K)] 68611K->36588K(76288K), 0.0010910 secs] [Times: user=0.01 sys=0.00, real=0.00 secs] 
141.821: Total time for which application threads were stopped: 0.0012330 seconds, Stopping threads took: 0.0000680 seconds
141.905: Application time: 0.0836130 seconds
141.905: [GC [PSYoungGen: 36657K->2352K(36864K)] 70365K->36168K(76288K), 0.0010050 secs] [Times: user=0.01 sys=0.00, real=0.00 secs] 
141.906: Total time for which application threads were stopped: 0.0011590 seconds, Stopping threads took: 0.0000750 seconds
141.988: Application time: 0.0819980 seconds
141.988: [GC [PSYoungGen: 35381K->1792K(34816K)] 69197K->35752K(74240K), 0.0008490 secs] [Times: user=0.00 sys=0.00, real=0.00 secs] 
141.989: Total time for which application threads were stopped: 0.0009890 seconds, Stopping threads took: 0.0000700 seconds
142.071: Application time: 0.0819020 seconds
142.071: [GC [PSYoungGen: 34229K->1248K(35840K)] 68189K->35264K(75264K), 0.0006350 secs] [Times: user=0.01 sys=0.00, real=0.00 secs] 
142.072: Total time for which application threads were stopped: 0.0007610 seconds, Stopping threads took: 0.0000640 seconds
142.151: Application time: 0.0789350 seconds
142.151: [GC [PSYoungGen: 33156K->2272K(34304K)] 67173K->36288K(73728K), 0.0009650 secs] [Times: user=0.00 sys=0.00, real=0.00 secs] 
142.152: Total time for which application threads were stopped: 0.0011060 seconds, Stopping threads took: 0.0000700 seconds
142.232: Application time: 0.0800480 seconds
142.232: [GC [PSYoungGen: 33675K->2272K(35328K)] 67691K->36288K(74752K), 0.0010250 secs] [Times: user=0.01 sys=0.00, real=0.00 secs] 
142.233: Total time for which application threads were stopped: 0.0011830 seconds, Stopping threads took: 0.0000840 seconds
142.313: Application time: 0.0799280 seconds
142.313: [GC [PSYoungGen: 33677K->1696K(33280K)] 67693K->35712K(72704K), 0.0007800 secs] [Times: user=0.01 sys=0.00, real=0.00 secs] 
142.314: Total time for which application threads were stopped: 0.0009160 seconds, Stopping threads took: 0.0000710 seconds
142.389: Application time: 0.0756920 seconds
142.390: [GC [PSYoungGen: 32572K->2816K(34304K)] 66588K->36832K(73728K), 0.0010870 secs] [Times: user=0.01 sys=0.00, real=0.00 secs] 
142.391: Total time for which application threads were stopped: 0.0012420 seconds, Stopping threads took: 0.0000740 seconds
142.468: Application time: 0.0777490 seconds
142.469: [GC [PSYoungGen: 33355K->1248K(31744K)] 67371K->35264K(71168K), 0.0006790 secs] [Times: user=0.00 sys=0.00, real=0.00 secs] 
142.469: Total time for which application threads were stopped: 0.0008160 seconds, Stopping threads took: 0.0000660 seconds
142.542: Application time: 0.0725660 seconds
142.542: [GC [PSYoungGen: 30971K->1872K(33792K)] 64988K->35984K(73216K), 0.0008190 secs] [Times: user=0.00 sys=0.00, real=0.00 secs] 
142.543: Total time for which application threads were stopped: 0.0009580 seconds, Stopping threads took: 0.0000680 seconds
142.616: Application time: 0.0735700 seconds
142.616: [GC [PSYoungGen: 31716K->2784K(33792K)] 65828K->37076K(73216K), 0.0011270 secs] [Times: user=0.01 sys=0.00, real=0.00 secs] 
142.618: Total time for which application threads were stopped: 0.0012710 seconds, Stopping threads took: 0.0000670 seconds
142.694: Application time: 0.0766430 seconds
142.694: [GC [PSYoungGen: 32731K->736K(40448K)] 67024K->35028K(79872K), 0.0005290 secs] [Times: user=0.00 sys=0.01, real=0.01 secs] 
142.695: Total time for which application threads were stopped: 0.0006560 seconds, Stopping threads took: 0.0000630 seconds
142.784: Application time: 0.0887540 seconds
142.784: [GC [PSYoungGen: 36765K->1728K(37888K)] 71058K->36076K(77312K), 0.0007280 secs] [Times: user=0.00 sys=0.00, real=0.00 secs] 
142.785: Total time for which application threads were stopped: 0.0008620 seconds, Stopping threads took: 0.0000700 seconds
142.873: Application time: 0.0889200 seconds
142.874: [GC [PSYoungGen: 37245K->2272K(38400K)] 71594K->36620K(77824K), 0.0008230 secs] [Times: user=0.01 sys=0.00, real=0.00 secs] 
142.874: Total time for which application threads were stopped: 0.0009800 seconds, Stopping threads took: 0.0000860 seconds
142.964: Application time: 0.0894470 seconds
142.964: [GC [PSYoungGen: 37286K->160K(38400K)] 71634K->34508K(77824K), 0.0004050 secs] [Times: user=0.00 sys=0.00, real=0.00 secs] 
142.964: Total time for which application threads were stopped: 0.0005230 seconds, Stopping threads took: 0.0000620 seconds
143.050: Application time: 0.0860370 seconds
143.051: [GC [PSYoungGen: 34637K->3264K(37888K)] 68985K->37612K(77312K), 0.0013820 secs] [Times: user=0.01 sys=0.00, real=0.00 secs] 
143.052: Total time for which application threads were stopped: 0.0015420 seconds, Stopping threads took: 0.0000790 seconds
143.143: Application time: 0.0912530 seconds
143.143: [GC [PSYoungGen: 37319K->2240K(36352K)] 71668K->36588K(75776K), 0.0009850 secs] [Times: user=0.01 sys=0.00, real=0.00 secs] 
143.144: Total time for which application threads were stopped: 0.0011290 seconds, Stopping threads took: 0.0000790 seconds
143.227: Application time: 0.0824610 seconds
143.227: [GC [PSYoungGen: 35658K->2432K(37888K)] 70006K->36828K(77312K), 0.0009100 secs] [Times: user=0.00 sys=0.00, real=0.00 secs] 
143.228: Total time for which application threads were stopped: 0.0010550 seconds, Stopping threads took: 0.0000730 seconds
143.310: Application time: 0.0825220 seconds
143.311: [GC [PSYoungGen: 35971K->2816K(37888K)] 70368K->37424K(77312K), 0.0011570 secs] [Times: user=0.01 sys=0.00, real=0.00 secs] 
143.312: Total time for which application threads were stopped: 0.0013030 seconds, Stopping threads took: 0.0000740 seconds
143.395: Application time: 0.0831510 seconds
143.395: [GC [PSYoungGen: 36283K->1728K(45056K)] 70892K->36384K(84480K), 0.0007100 secs] [Times: user=0.00 sys=0.00, real=0.00 secs] 
143.396: Total time for which application threads were stopped: 0.0009280 seconds, Stopping threads took: 0.0001520 seconds
143.498: Application time: 0.1018220 seconds
143.498: [GC [PSYoungGen: 42384K->2304K(42496K)] 77041K->36960K(81920K), 0.0008560 secs] [Times: user=0.00 sys=0.00, real=0.00 secs] 
143.499: Total time for which application threads were stopped: 0.0010470 seconds, Stopping threads took: 0.0001190 seconds
143.598: Application time: 0.0989520 seconds
143.598: [GC [PSYoungGen: 41940K->1280K(41984K)] 76597K->35936K(81408K), 0.0005360 secs] [Times: user=0.00 sys=0.00, real=0.00 secs] 
143.598: Total time for which application threads were stopped: 0.0007060 seconds, Stopping threads took: 0.0000970 seconds
143.693: Application time: 0.0943450 seconds
143.693: [GC [PSYoungGen: 39880K->2784K(40960K)] 74536K->37440K(80384K), 0.0011050 secs] [Times: user=0.00 sys=0.00, real=0.00 secs] 
143.694: Total time for which application threads were stopped: 0.0012480 seconds, Stopping threads took: 0.0000720 seconds
143.789: Application time: 0.0947390 seconds
143.789: [GC [PSYoungGen: 40440K->2304K(39936K)] 75097K->36960K(79360K), 0.0008720 secs] [Times: user=0.01 sys=0.00, real=0.00 secs] 
143.790: Total time for which application threads were stopped: 0.0010050 seconds, Stopping threads took: 0.0000660 seconds
143.879: Application time: 0.0896970 seconds
143.880: [GC [PSYoungGen: 38807K->2432K(38912K)] 73464K->37136K(78336K), 0.0010000 secs] [Times: user=0.01 sys=0.00, real=0.00 secs] 
143.881: Total time for which application threads were stopped: 0.0011550 seconds, Stopping threads took: 0.0000850 seconds
143.972: Application time: 0.0917570 seconds
143.972: [GC [PSYoungGen: 38468K->1760K(39424K)] 73172K->36669K(78848K), 0.0008280 secs] [Times: user=0.01 sys=0.00, real=0.00 secs] 
143.973: Total time for which application threads were stopped: 0.0009650 seconds, Stopping threads took: 0.0000700 seconds
144.061: Application time: 0.0878980 seconds
144.061: [GC [PSYoungGen: 37359K->1216K(36864K)] 72269K->36125K(76288K), 0.0006370 secs] [Times: user=0.00 sys=0.00, real=0.00 secs] 
144.062: Total time for which application threads were stopped: 0.0007850 seconds, Stopping threads took: 0.0000840 seconds
144.148: Application time: 0.0864730 seconds
144.149: [GC [PSYoungGen: 36217K->2304K(37376K)] 71126K->37269K(76800K), 0.0009930 secs] [Times: user=0.01 sys=0.00, real=0.00 secs] 
144.150: Total time for which application threads were stopped: 0.0011400 seconds, Stopping threads took: 0.0000690 seconds
144.235: Application time: 0.0857980 seconds
144.235: [GC [PSYoungGen: 36795K->2272K(36864K)] 71760K->37237K(76288K), 0.0009070 secs] [Times: user=0.00 sys=0.00, real=0.00 secs] 
144.236: Total time for which application threads were stopped: 0.0010470 seconds, Stopping threads took: 0.0000740 seconds
144.322: Application time: 0.0858680 seconds
144.322: [GC [PSYoungGen: 36251K->1728K(36864K)] 71216K->36693K(76288K), 0.0007540 secs] [Times: user=0.00 sys=0.00, real=0.00 secs] 
144.323: Total time for which application threads were stopped: 0.0008900 seconds, Stopping threads took: 0.0000670 seconds
144.405: Application time: 0.0821140 seconds
144.405: [GC [PSYoungGen: 35191K->1792K(35328K)] 70156K->36757K(74752K), 0.0007670 secs] [Times: user=0.00 sys=0.00, real=0.00 secs] 
144.406: Total time for which application threads were stopped: 0.0008970 seconds, Stopping threads took: 0.0000610 seconds
144.488: Application time: 0.0821020 seconds
144.488: [GC [PSYoungGen: 35054K->1824K(35840K)] 70019K->36789K(75264K), 0.0008060 secs] [Times: user=0.00 sys=0.00, real=0.00 secs] 
144.489: Total time for which application threads were stopped: 0.0009410 seconds, Stopping threads took: 0.0000690 seconds
144.572: Application time: 0.0823450 seconds
144.572: [GC [PSYoungGen: 34492K->1760K(34304K)] 69457K->36873K(73728K), 0.0008560 secs] [Times: user=0.01 sys=0.00, real=0.00 secs] 
144.573: Total time for which application threads were stopped: 0.0010620 seconds, Stopping threads took: 0.0001340 seconds
144.653: Application time: 0.0806430 seconds
144.653: [GC [PSYoungGen: 33759K->1248K(34816K)] 68873K->36469K(74240K), 0.0007550 secs] [Times: user=0.01 sys=0.00, real=0.00 secs] 
144.654: Total time for which application threads were stopped: 0.0009070 seconds, Stopping threads took: 0.0000770 seconds
144.730: Application time: 0.0760620 seconds
144.730: [GC [PSYoungGen: 32636K->2816K(35328K)] 67857K->38085K(74752K), 0.0011280 secs] [Times: user=0.01 sys=0.00, real=0.00 secs] 
144.732: Total time for which application threads were stopped: 0.0012820 seconds, Stopping threads took: 0.0000790 seconds
144.812: Application time: 0.0800090 seconds
144.812: [GC [PSYoungGen: 34221K->2304K(33792K)] 69490K->37573K(73216K), 0.0007750 secs] [Times: user=0.01 sys=0.00, real=0.00 secs] 
144.812: Total time for which application threads were stopped: 0.0009160 seconds, Stopping threads took: 0.0000730 seconds
144.893: Application time: 0.0803930 seconds
144.893: [GC [PSYoungGen: 33201K->736K(31744K)] 68470K->36005K(71168K), 0.0005730 secs] [Times: user=0.00 sys=0.00, real=0.00 secs] 
144.894: Total time for which application threads were stopped: 0.0007000 seconds, Stopping threads took: 0.0000590 seconds
144.967: Application time: 0.0731860 seconds
144.967: [GC [PSYoungGen: 31092K->1728K(32256K)] 66361K->36997K(71680K), 0.0006990 secs] [Times: user=0.00 sys=0.00, real=0.00 secs] 
144.968: Total time for which application threads were stopped: 0.0008820 seconds, Stopping threads took: 0.0001170 seconds
145.043: Application time: 0.0753540 seconds
145.043: [GC [PSYoungGen: 31574K->2752K(37376K)] 66843K->38021K(76800K), 0.0011710 secs] [Times: user=0.01 sys=0.00, real=0.00 secs] 
145.044: Total time for which application threads were stopped: 0.0013130 seconds, Stopping threads took: 0.0000680 seconds
145.127: Application time: 0.0831670 seconds
145.128: [GC [PSYoungGen: 36293K->2784K(39424K)] 71563K->38053K(78848K), 0.0009650 secs] [Times: user=0.01 sys=0.00, real=0.00 secs] 
145.129: Total time for which application threads were stopped: 0.0011020 seconds, Stopping threads took: 0.0000620 seconds
145.217: Application time: 0.0887000 seconds
145.217: [GC [PSYoungGen: 38263K->1904K(37376K)] 73532K->37213K(76800K), 0.0008100 secs] [Times: user=0.00 sys=0.00, real=0.00 secs] 
145.218: Total time for which application threads were stopped: 0.0009580 seconds, Stopping threads took: 0.0000750 seconds
145.305: Application time: 0.0872260 seconds
145.306: [GC [PSYoungGen: 36909K->1760K(37888K)] 72219K->37281K(77312K), 0.0008430 secs] [Times: user=0.01 sys=0.00, real=0.00 secs] 
145.306: Total time for which application threads were stopped: 0.0009740 seconds, Stopping threads took: 0.0000610 seconds
145.391: Application time: 0.0848910 seconds
145.391: [GC [PSYoungGen: 36329K->1792K(36352K)] 71851K->37313K(75776K), 0.0007790 secs] [Times: user=0.01 sys=0.00, real=0.00 secs] 
145.392: Total time for which application threads were stopped: 0.0009340 seconds, Stopping threads took: 0.0000860 seconds
145.476: Application time: 0.0837580 seconds
145.476: [GC [PSYoungGen: 35765K->2784K(37888K)] 71287K->38353K(77312K), 0.0010840 secs] [Times: user=0.00 sys=0.00, real=0.00 secs] 
145.477: Total time for which application threads were stopped: 0.0012230 seconds, Stopping threads took: 0.0000680 seconds
145.562: Application time: 0.0848870 seconds
145.562: [GC [PSYoungGen: 36763K->2272K(37888K)] 72333K->37841K(77312K), 0.0009010 secs] [Times: user=0.01 sys=0.00, real=0.00 secs] 
145.563: Total time for which application threads were stopped: 0.0010560 seconds, Stopping threads took: 0.0000890 seconds
145.650: Application time: 0.0863800 seconds
145.650: [GC [PSYoungGen: 36253K->1216K(35328K)] 71823K->36785K(74752K), 0.0005420 secs] [Times: user=0.00 sys=0.00, real=0.00 secs] 
145.650: Total time for which application threads were stopped: 0.0006720 seconds, Stopping threads took: 0.0000710 seconds
145.732: Application time: 0.0820560 seconds
145.732: [GC [PSYoungGen: 34677K->1728K(35328K)] 70247K->37297K(74752K), 0.0007760 secs] [Times: user=0.00 sys=0.00, real=0.00 secs] 
145.733: Total time for which application threads were stopped: 0.0009210 seconds, Stopping threads took: 0.0000660 seconds
145.815: Application time: 0.0819290 seconds
145.815: [GC [PSYoungGen: 34829K->2240K(35328K)] 70399K->37809K(74752K), 0.0008110 secs] [Times: user=0.01 sys=0.00, real=0.00 secs] 
145.816: Total time for which application threads were stopped: 0.0009410 seconds, Stopping threads took: 0.0000610 seconds
145.898: Application time: 0.0821030 seconds
145.898: [GC [PSYoungGen: 34556K->1328K(33792K)] 70126K->36977K(73216K), 0.0007490 secs] [Times: user=0.01 sys=0.00, real=0.00 secs] 
145.899: Total time for which application threads were stopped: 0.0008860 seconds, Stopping threads took: 0.0000730 seconds
145.977: Application time: 0.0781210 seconds
145.977: [GC [PSYoungGen: 33308K->3328K(38400K)] 68958K->39150K(77824K), 0.0013290 secs] [Times: user=0.01 sys=0.00, real=0.00 secs] 
145.979: Total time for which application threads were stopped: 0.0014850 seconds, Stopping threads took: 0.0000830 seconds
146.068: Application time: 0.0888080 seconds
146.068: [GC [PSYoungGen: 37828K->736K(35328K)] 73649K->36613K(74752K), 0.0005020 secs] [Times: user=0.00 sys=0.00, real=0.00 secs] 
146.068: Total time for which application threads were stopped: 0.0006480 seconds, Stopping threads took: 0.0000820 seconds
146.151: Application time: 0.0830050 seconds
146.151: [GC [PSYoungGen: 34709K->2272K(37376K)] 70587K->38150K(76800K), 0.0009460 secs] [Times: user=0.01 sys=0.00, real=0.00 secs] 
146.152: Total time for which application threads were stopped: 0.0010870 seconds, Stopping threads took: 0.0000710 seconds
146.237: Application time: 0.0849910 seconds
146.237: [GC [PSYoungGen: 35735K->2272K(35840K)] 71613K->38150K(75264K), 0.0009380 secs] [Times: user=0.01 sys=0.00, real=0.00 secs] 
146.238: Total time for which application threads were stopped: 0.0010820 seconds, Stopping threads took: 0.0000630 seconds
146.320: Application time: 0.0820050 seconds
146.321: [GC [PSYoungGen: 35221K->2272K(35328K)] 71099K->38150K(74752K), 0.0009620 secs] [Times: user=0.01 sys=0.00, real=0.00 secs] 
146.322: Total time for which application threads were stopped: 0.0011280 seconds, Stopping threads took: 0.0000960 seconds
146.403: Application time: 0.0819930 seconds
146.404: [GC [PSYoungGen: 34709K->1760K(34304K)] 70587K->37638K(73728K), 0.0008000 secs] [Times: user=0.01 sys=0.00, real=0.00 secs] 
146.404: Total time for which application threads were stopped: 0.0009290 seconds, Stopping threads took: 0.0000600 seconds
146.486: Application time: 0.0816900 seconds
146.486: [GC [PSYoungGen: 33838K->1248K(34816K)] 69716K->37125K(74240K), 0.0006620 secs] [Times: user=0.00 sys=0.00, real=0.01 secs] 
146.487: Total time for which application threads were stopped: 0.0008000 seconds, Stopping threads took: 0.0000800 seconds
146.563: Application time: 0.0761800 seconds
146.563: [GC [PSYoungGen: 32521K->1856K(33280K)] 68399K->37814K(72704K), 0.0008490 secs] [Times: user=0.00 sys=0.00, real=0.00 secs] 
146.564: Total time for which application threads were stopped: 0.0009830 seconds, Stopping threads took: 0.0000620 seconds
146.640: Application time: 0.0763740 seconds
146.641: [GC [PSYoungGen: 32736K->2272K(34816K)] 68694K->38394K(74240K), 0.0010410 secs] [Times: user=0.00 sys=0.00, real=0.00 secs] 
146.642: Total time for which application threads were stopped: 0.0011860 seconds, Stopping threads took: 0.0000740 seconds
146.719: Application time: 0.0777660 seconds
146.720: [GC [PSYoungGen: 33239K->1792K(32768K)] 69361K->37914K(72192K), 0.0007970 secs] [Times: user=0.01 sys=0.00, real=0.00 secs] 
146.720: Total time for which application threads were stopped: 0.0009250 seconds, Stopping threads took: 0.0000570 seconds
146.795: Application time: 0.0745770 seconds
146.795: [GC [PSYoungGen: 32156K->2240K(34304K)] 68278K->38410K(73728K), 0.0010010 secs] [Times: user=0.01 sys=0.00, real=0.00 secs] 
146.796: Total time for which application threads were stopped: 0.0011530 seconds, Stopping threads took: 0.0000710 seconds
146.875: Application time: 0.0788070 seconds
146.875: [GC [PSYoungGen: 32617K->1248K(31744K)] 68787K->37418K(71168K), 0.0006600 secs] [Times: user=0.00 sys=0.00, real=0.00 secs] 
146.876: Total time for which application threads were stopped: 0.0007950 seconds, Stopping threads took: 0.0000670 seconds
146.949: Application time: 0.0735870 seconds
146.949: [GC [PSYoungGen: 31100K->1216K(32768K)] 67270K->37386K(72192K), 0.0006790 secs] [Times: user=0.00 sys=0.00, real=0.00 secs] 
146.950: Total time for which application threads were stopped: 0.0008060 seconds, Stopping threads took: 0.0000640 seconds
147.023: Application time: 0.0728550 seconds
147.023: [GC [PSYoungGen: 30548K->1760K(31232K)] 66718K->37930K(70656K), 0.0008000 secs] [Times: user=0.01 sys=0.00, real=0.00 secs] 
147.024: Total time for which application threads were stopped: 0.0009400 seconds, Stopping threads took: 0.0000750 seconds
147.096: Application time: 0.0722100 seconds
147.096: [GC [PSYoungGen: 30658K->1760K(31232K)] 66828K->37930K(70656K), 0.0007680 secs] [Times: user=0.01 sys=0.00, real=0.00 secs] 
147.097: Total time for which application threads were stopped: 0.0008930 seconds, Stopping threads took: 0.0000590 seconds
147.168: Application time: 0.0710020 seconds
147.168: [GC [PSYoungGen: 30381K->1280K(29696K)] 66551K->37522K(69120K), 0.0006410 secs] [Times: user=0.01 sys=0.00, real=0.00 secs] 
147.169: Total time for which application threads were stopped: 0.0007630 seconds, Stopping threads took: 0.0000600 seconds
147.238: Application time: 0.0693050 seconds
147.238: [GC [PSYoungGen: 29224K->1728K(30208K)] 65467K->38110K(69632K), 0.0009130 secs] [Times: user=0.01 sys=0.00, real=0.00 secs] 
147.239: Total time for which application threads were stopped: 0.0010850 seconds, Stopping threads took: 0.0001050 seconds
147.309: Application time: 0.0695670 seconds
147.309: [GC [PSYoungGen: 29008K->1760K(29184K)] 65390K->38222K(68608K), 0.0007910 secs] [Times: user=0.00 sys=0.00, real=0.00 secs] 
147.310: Total time for which application threads were stopped: 0.0009460 seconds, Stopping threads took: 0.0000750 seconds
147.376: Application time: 0.0665040 seconds
147.376: [GC [PSYoungGen: 28600K->2304K(30208K)] 65062K->38766K(69632K), 0.0009250 secs] [Times: user=0.00 sys=0.00, real=0.00 secs] 
147.377: Total time for which application threads were stopped: 0.0010600 seconds, Stopping threads took: 0.0000660 seconds
147.444: Application time: 0.0668290 seconds
147.444: [GC [PSYoungGen: 29070K->1760K(30208K)] 65532K->38270K(69632K), 0.0007970 secs] [Times: user=0.01 sys=0.00, real=0.00 secs] 
147.445: Total time for which application threads were stopped: 0.0009310 seconds, Stopping threads took: 0.0000680 seconds
147.512: Application time: 0.0668410 seconds
147.512: [GC [PSYoungGen: 28524K->1792K(35840K)] 65034K->38302K(75264K), 0.0006420 secs] [Times: user=0.00 sys=0.00, real=0.00 secs] 
147.513: Total time for which application threads were stopped: 0.0008330 seconds, Stopping threads took: 0.0001260 seconds
147.593: Application time: 0.0802650 seconds
147.593: [GC [PSYoungGen: 34225K->1792K(34304K)] 70736K->38302K(73728K), 0.0007350 secs] [Times: user=0.01 sys=0.00, real=0.00 secs] 
147.594: Total time for which application threads were stopped: 0.0009370 seconds, Stopping threads took: 0.0001380 seconds
147.676: Application time: 0.0824770 seconds
147.676: [GC [PSYoungGen: 33717K->736K(34304K)] 70228K->37246K(73728K), 0.0005010 secs] [Times: user=0.00 sys=0.00, real=0.00 secs] 
147.677: Total time for which application threads were stopped: 0.0006290 seconds, Stopping threads took: 0.0000650 seconds
147.752: Application time: 0.0754150 seconds
147.753: [GC [PSYoungGen: 32194K->2816K(34816K)] 68705K->39838K(74240K), 0.0012130 secs] [Times: user=0.01 sys=0.00, real=0.00 secs] 
147.754: Total time for which application threads were stopped: 0.0013560 seconds, Stopping threads took: 0.0000690 seconds
147.834: Application time: 0.0804620 seconds
147.834: [GC [PSYoungGen: 34464K->1792K(33280K)] 71486K->38846K(72704K), 0.0007140 secs] [Times: user=0.00 sys=0.00, real=0.01 secs] 
147.835: Total time for which application threads were stopped: 0.0008640 seconds, Stopping threads took: 0.0000710 seconds
147.911: Application time: 0.0761400 seconds
147.911: [GC [PSYoungGen: 32895K->2880K(40448K)] 69949K->41074K(79872K), 0.0013460 secs] [Times: user=0.01 sys=0.00, real=0.00 secs] 
147.913: Total time for which application threads were stopped: 0.0014920 seconds, Stopping threads took: 0.0000730 seconds
148.008: Application time: 0.0955510 seconds
148.008: [GC [PSYoungGen: 40030K->1280K(41472K)] 78225K->39602K(80896K), 0.0006520 secs] [Times: user=0.00 sys=0.00, real=0.00 secs] 
148.009: Total time for which application threads were stopped: 0.0007720 seconds, Stopping threads took: 0.0000580 seconds
148.103: Application time: 0.0941920 seconds
148.105: [GC [PSYoungGen: 38856K->1216K(38400K)] 77178K->39586K(77824K), 0.0008580 secs] [Times: user=0.00 sys=0.00, real=0.00 secs] 
148.106: Total time for which application threads were stopped: 0.0031310 seconds, Stopping threads took: 0.0013100 seconds
148.198: Application time: 0.0911690 seconds
148.198: [GC [PSYoungGen: 37763K->1280K(38400K)] 76134K->39650K(77824K), 0.0006590 secs] [Times: user=0.00 sys=0.00, real=0.00 secs] 
148.198: Total time for which application threads were stopped: 0.0007780 seconds, Stopping threads took: 0.0000590 seconds
148.289: Application time: 0.0907100 seconds
148.289: [GC [PSYoungGen: 37309K->2304K(38912K)] 75680K->40674K(78336K), 0.0009370 secs] [Times: user=0.00 sys=0.00, real=0.00 secs] 
148.290: Total time for which application threads were stopped: 0.0010730 seconds, Stopping threads took: 0.0000650 seconds
148.381: Application time: 0.0913170 seconds
148.382: [GC [PSYoungGen: 37827K->1280K(38400K)] 76198K->39650K(77824K), 0.0005930 secs] [Times: user=0.01 sys=0.00, real=0.00 secs] 
148.382: Total time for which application threads were stopped: 0.0007430 seconds, Stopping threads took: 0.0000800 seconds
148.468: Application time: 0.0863120 seconds
148.469: [GC [PSYoungGen: 36360K->2304K(37376K)] 74731K->40674K(76800K), 0.0009400 secs] [Times: user=0.00 sys=0.00, real=0.00 secs] 
148.470: Total time for which application threads were stopped: 0.0010850 seconds, Stopping threads took: 0.0000760 seconds
148.555: Application time: 0.0856160 seconds
148.555: [GC [PSYoungGen: 36752K->1872K(36352K)] 75123K->40291K(75776K), 0.0009050 secs] [Times: user=0.00 sys=0.00, real=0.00 secs] 
148.556: Total time for which application threads were stopped: 0.0010390 seconds, Stopping threads took: 0.0000670 seconds
148.643: Application time: 0.0870730 seconds
148.643: [GC [PSYoungGen: 35851K->1248K(35328K)] 74270K->39875K(74752K), 0.0006930 secs] [Times: user=0.00 sys=0.00, real=0.00 secs] 
148.644: Total time for which application threads were stopped: 0.0008190 seconds, Stopping threads took: 0.0000540 seconds
148.727: Application time: 0.0831410 seconds
148.727: [GC [PSYoungGen: 34788K->1792K(35840K)] 73415K->40419K(75264K), 0.0007970 secs] [Times: user=0.00 sys=0.00, real=0.00 secs] 
148.728: Total time for which application threads were stopped: 0.0009540 seconds, Stopping threads took: 0.0000870 seconds
148.812: Application time: 0.0833150 seconds
148.812: [GC [PSYoungGen: 34741K->1280K(34304K)] 73368K->39963K(73728K), 0.0006720 secs] [Times: user=0.00 sys=0.00, real=0.00 secs] 
148.812: Total time for which application threads were stopped: 0.0008230 seconds, Stopping threads took: 0.0000910 seconds
148.894: Application time: 0.0817720 seconds
148.894: [GC [PSYoungGen: 33717K->1248K(34816K)] 72400K->39931K(74240K), 0.0006350 secs] [Times: user=0.01 sys=0.00, real=0.01 secs] 
148.895: Total time for which application threads were stopped: 0.0007900 seconds, Stopping threads took: 0.0000770 seconds
148.973: Application time: 0.0782920 seconds
148.973: [GC [PSYoungGen: 33152K->2816K(34816K)] 71835K->41499K(74240K), 0.0011150 secs] [Times: user=0.01 sys=0.00, real=0.00 secs] 
148.974: Total time for which application threads were stopped: 0.0012610 seconds, Stopping threads took: 0.0000730 seconds
149.056: Application time: 0.0813580 seconds
149.056: [GC [PSYoungGen: 34225K->1728K(33280K)] 72908K->40411K(72704K), 0.0008040 secs] [Times: user=0.00 sys=0.00, real=0.00 secs] 
149.057: Total time for which application threads were stopped: 0.0009350 seconds, Stopping threads took: 0.0000640 seconds
149.135: Application time: 0.0777890 seconds
149.135: [GC [PSYoungGen: 32699K->736K(33792K)] 71382K->39419K(73216K), 0.0004800 secs] [Times: user=0.00 sys=0.00, real=0.00 secs] 
149.135: Total time for which application threads were stopped: 0.0006630 seconds, Stopping threads took: 0.0001150 seconds
149.211: Application time: 0.0756650 seconds
149.211: [GC [PSYoungGen: 30977K->1264K(32256K)] 69660K->39995K(71680K), 0.0007270 secs] [Times: user=0.01 sys=0.00, real=0.00 secs] 
149.212: Total time for which application threads were stopped: 0.0008630 seconds, Stopping threads took: 0.0000700 seconds
149.286: Application time: 0.0743620 seconds
149.286: [GC [PSYoungGen: 31186K->2272K(32768K)] 69917K->41187K(72192K), 0.0009660 secs] [Times: user=0.01 sys=0.00, real=0.01 secs] 
149.287: Total time for which application threads were stopped: 0.0011250 seconds, Stopping threads took: 0.0000880 seconds
149.360: Application time: 0.0729480 seconds
149.360: [GC [PSYoungGen: 31682K->2816K(33280K)] 70597K->41779K(72704K), 0.0011030 secs] [Times: user=0.01 sys=0.00, real=0.00 secs] 
149.361: Total time for which application threads were stopped: 0.0012500 seconds, Stopping threads took: 0.0000780 seconds
149.434: Application time: 0.0728740 seconds
149.434: [GC [PSYoungGen: 32152K->2784K(33280K)] 71115K->41795K(72704K), 0.0010720 secs] [Times: user=0.00 sys=0.00, real=0.01 secs] 
149.436: Total time for which application threads were stopped: 0.0012250 seconds, Stopping threads took: 0.0000720 seconds
149.510: Application time: 0.0747190 seconds
149.510: [GC [PSYoungGen: 32116K->3328K(38912K)] 71127K->42339K(78336K), 0.0010390 secs] [Times: user=0.00 sys=0.01, real=0.00 secs] 
149.511: Total time for which application threads were stopped: 0.0011870 seconds, Stopping threads took: 0.0000740 seconds
149.602: Application time: 0.0901300 seconds
149.602: [GC [PSYoungGen: 38342K->1248K(39424K)] 77353K->40259K(78848K), 0.0006150 secs] [Times: user=0.00 sys=0.01, real=0.00 secs] 
149.602: Total time for which application threads were stopped: 0.0007430 seconds, Stopping threads took: 0.0000630 seconds
149.689: Application time: 0.0862240 seconds
149.689: [GC [PSYoungGen: 36247K->2816K(46592K)] 75259K->41827K(86016K), 0.0009630 secs] [Times: user=0.01 sys=0.00, real=0.00 secs] 
149.690: Total time for which application threads were stopped: 0.0011070 seconds, Stopping threads took: 0.0000700 seconds
149.798: Application time: 0.1079960 seconds
149.798: [GC [PSYoungGen: 45105K->736K(42496K)] 84116K->39747K(81920K), 0.0005200 secs] [Times: user=0.00 sys=0.00, real=0.00 secs] 
149.798: Total time for which application threads were stopped: 0.0006450 seconds, Stopping threads took: 0.0000660 seconds
149.898: Application time: 0.0991990 seconds
149.898: [GC [PSYoungGen: 41855K->2864K(44544K)] 80866K->41915K(83968K), 0.0011310 secs] [Times: user=0.00 sys=0.00, real=0.00 secs] 
149.899: Total time for which application threads were stopped: 0.0013560 seconds, Stopping threads took: 0.0001540 seconds
149.998: Application time: 0.0987660 seconds
149.998: [GC [PSYoungGen: 43012K->2784K(45056K)] 82063K->42043K(84480K), 0.0012150 secs] [Times: user=0.01 sys=0.00, real=0.00 secs] 
149.999: [Full GC [PSYoungGen: 2784K->0K(45056K)] [ParOldGen: 39259K->9111K(41472K)] 42043K->9111K(86528K) [PSPermGen: 5182K->5182K(21504K)], 0.0061590 secs] [Times: user=0.03 sys=0.00, real=0.00 secs] 
150.005: Total time for which application threads were stopped: 0.0075870 seconds, Stopping threads took: 0.0000760 seconds
150.106: Application time: 0.1006850 seconds
150.106: [GC [PSYoungGen: 40226K->2304K(41984K)] 49337K->11415K(83456K), 0.0008370 secs] [Times: user=0.00 sys=0.00, real=0.01 secs] 
150.107: Total time for which application threads were stopped: 0.0009910 seconds, Stopping threads took: 0.0000740 seconds
150.202: Application time: 0.0950920 seconds
150.202: [GC [PSYoungGen: 41424K->1280K(39936K)] 50535K->10447K(81408K), 0.0006620 secs] [Times: user=0.01 sys=0.00, real=0.00 secs] 
150.203: Total time for which application threads were stopped: 0.0008390 seconds, Stopping threads took: 0.0001100 seconds
150.295: Application time: 0.0921930 seconds
150.295: [GC [PSYoungGen: 39372K->1248K(38912K)] 48539K->10415K(80384K), 0.0005640 secs] [Times: user=0.01 sys=0.00, real=0.00 secs] 
150.296: Total time for which application threads were stopped: 0.0007770 seconds, Stopping threads took: 0.0001530 seconds
150.385: Application time: 0.0891410 seconds
150.385: [GC [PSYoungGen: 38307K->1792K(38912K)] 47475K->10959K(80384K), 0.0007370 secs] [Times: user=0.00 sys=0.00, real=0.00 secs] 
150.386: Total time for which application threads were stopped: 0.0008660 seconds, Stopping threads took: 0.0000590 seconds
150.475: Application time: 0.0895350 seconds
150.475: [GC [PSYoungGen: 38418K->1760K(38400K)] 47585K->10927K(79872K), 0.0008010 secs] [Times: user=0.00 sys=0.00, real=0.00 secs] 
150.476: Total time for which application threads were stopped: 0.0009360 seconds, Stopping threads took: 0.0000690 seconds
150.561: Application time: 0.0844720 seconds
150.561: [GC [PSYoungGen: 37747K->2432K(38400K)] 46914K->11647K(79872K), 0.0009990 secs] [Times: user=0.00 sys=0.00, real=0.00 secs] 
150.562: Total time for which application threads were stopped: 0.0011500 seconds, Stopping threads took: 0.0000760 seconds
150.649: Application time: 0.0870560 seconds
150.649: [GC [PSYoungGen: 38034K->1280K(36864K)] 47249K->10703K(78336K), 0.0007080 secs] [Times: user=0.00 sys=0.00, real=0.00 secs] 
150.650: Total time for which application threads were stopped: 0.0008390 seconds, Stopping threads took: 0.0000660 seconds
150.734: Application time: 0.0837930 seconds
150.734: [GC [PSYoungGen: 36281K->2304K(37376K)] 45705K->11775K(78848K), 0.0009290 secs] [Times: user=0.00 sys=0.00, real=0.01 secs] 
150.735: Total time for which application threads were stopped: 0.0010880 seconds, Stopping threads took: 0.0000780 seconds
150.819: Application time: 0.0845010 seconds
150.819: [GC [PSYoungGen: 36797K->1792K(36864K)] 46269K->11263K(78336K), 0.0007440 secs] [Times: user=0.00 sys=0.00, real=0.00 secs] 
150.820: Total time for which application threads were stopped: 0.0008820 seconds, Stopping threads took: 0.0000690 seconds
150.904: Application time: 0.0834320 seconds
150.904: [GC [PSYoungGen: 35761K->2816K(37376K)] 45232K->12287K(78848K), 0.0010740 secs] [Times: user=0.00 sys=0.00, real=0.00 secs] 
150.905: Total time for which application threads were stopped: 0.0012160 seconds, Stopping threads took: 0.0000710 seconds
150.986: Application time: 0.0810660 seconds
150.986: [GC [PSYoungGen: 36275K->2816K(36864K)] 45747K->12287K(78336K), 0.0010400 secs] [Times: user=0.01 sys=0.00, real=0.01 secs] 
150.987: Total time for which application threads were stopped: 0.0012460 seconds, Stopping threads took: 0.0001360 seconds
151.068: Application time: 0.0812520 seconds
151.068: [GC [PSYoungGen: 35848K->2304K(37376K)] 45319K->11775K(78848K), 0.0008990 secs] [Times: user=0.00 sys=0.00, real=0.00 secs] 
151.069: Total time for which application threads were stopped: 0.0010420 seconds, Stopping threads took: 0.0000650 seconds
151.147: Application time: 0.0773480 seconds
151.147: [GC [PSYoungGen: 35401K->3360K(44032K)] 44873K->12871K(85504K), 0.0010710 secs] [Times: user=0.00 sys=0.00, real=0.00 secs] 
151.148: Total time for which application threads were stopped: 0.0012160 seconds, Stopping threads took: 0.0000720 seconds
151.246: Application time: 0.0979620 seconds
151.246: [GC [PSYoungGen: 42799K->1248K(40448K)] 52311K->10843K(81920K), 0.0006500 secs] [Times: user=0.00 sys=0.00, real=0.00 secs] 
151.247: Total time for which application threads were stopped: 0.0007940 seconds, Stopping threads took: 0.0000740 seconds
151.339: Application time: 0.0927320 seconds
151.340: [GC [PSYoungGen: 39926K->2304K(40960K)] 49521K->12039K(82432K), 0.0009380 secs] [Times: user=0.00 sys=0.00, real=0.00 secs] 
151.341: Total time for which application threads were stopped: 0.0010700 seconds, Stopping threads took: 0.0000640 seconds
151.431: Application time: 0.0904040 seconds
151.431: [GC [PSYoungGen: 39878K->2816K(39936K)] 49613K->12591K(81408K), 0.0011170 secs] [Times: user=0.01 sys=0.00, real=0.00 secs] 
151.432: Total time for which application threads were stopped: 0.0012610 seconds, Stopping threads took: 0.0000710 seconds
151.521: Application time: 0.0892720 seconds
151.522: [GC [PSYoungGen: 39366K->2304K(39936K)] 49141K->12079K(81408K), 0.0008330 secs] [Times: user=0.01 sys=0.00, real=0.00 secs] 
151.522: Total time for which application threads were stopped: 0.0009710 seconds, Stopping threads took: 0.0000730 seconds
151.612: Application time: 0.0893780 seconds
151.612: [GC [PSYoungGen: 38340K->1792K(37888K)] 48115K->11567K(79360K), 0.0007500 secs] [Times: user=0.00 sys=0.00, real=0.00 secs] 
151.613: Total time for which application threads were stopped: 0.0008830 seconds, Stopping threads took: 0.0000610 seconds
151.699: Application time: 0.0862050 seconds
151.699: [GC [PSYoungGen: 37309K->2304K(38912K)] 47085K->12079K(80384K), 0.0008680 secs] [Times: user=0.01 sys=0.00, real=0.00 secs] 
151.700: Total time for which application threads were stopped: 0.0010120 seconds, Stopping threads took: 0.0000760 seconds
151.784: Application time: 0.0842880 seconds
151.784: [GC [PSYoungGen: 37390K->1792K(36864K)] 47166K->11567K(78336K), 0.0007640 secs] [Times: user=0.01 sys=0.00, real=0.00 secs] 
151.785: Total time for which application threads were stopped: 0.0008920 seconds, Stopping threads took: 0.0000620 seconds
151.868: Application time: 0.0825760 seconds
151.868: [GC [PSYoungGen: 36234K->2976K(37888K)] 46010K->12799K(79360K), 0.0010990 secs] [Times: user=0.01 sys=0.00, real=0.00 secs] 
151.869: Total time for which application threads were stopped: 0.0012400 seconds, Stopping threads took: 0.0000690 seconds
151.952: Application time: 0.0828450 seconds
151.952: [GC [PSYoungGen: 37030K->2784K(38400K)] 46853K->12816K(79872K), 0.0011770 secs] [Times: user=0.01 sys=0.00, real=0.00 secs] 
151.953: Total time for which application threads were stopped: 0.0014160 seconds, Stopping threads took: 0.0001660 seconds
152.037: Application time: 0.0836190 seconds
152.037: [GC [PSYoungGen: 36765K->2304K(45568K)] 46797K->12376K(87040K), 0.0007750 secs] [Times: user=0.00 sys=0.00, real=0.00 secs] 
152.038: Total time for which application threads were stopped: 0.0009120 seconds, Stopping threads took: 0.0000730 seconds
152.138: Application time: 0.1002760 seconds
152.138: [GC [PSYoungGen: 43478K->2304K(43008K)] 53550K->12376K(84480K), 0.0007990 secs] [Times: user=0.00 sys=0.00, real=0.00 secs] 
152.139: Total time for which application threads were stopped: 0.0009470 seconds, Stopping threads took: 0.0000650 seconds
152.237: Application time: 0.0982230 seconds
152.237: [GC [PSYoungGen: 42452K->1792K(41984K)] 52524K->11864K(83456K), 0.0006810 secs] [Times: user=0.00 sys=0.00, real=0.00 secs] 
152.238: Total time for which application threads were stopped: 0.0008650 seconds, Stopping threads took: 0.0001210 seconds
152.334: Application time: 0.0962210 seconds
152.334: [GC [PSYoungGen: 40912K->1216K(39936K)] 50984K->11288K(81408K), 0.0005900 secs] [Times: user=0.00 sys=0.00, real=0.01 secs] 
152.335: Total time for which application threads were stopped: 0.0007170 seconds, Stopping threads took: 0.0000630 seconds
152.428: Application time: 0.0927190 seconds
152.428: [GC [PSYoungGen: 39378K->2816K(40960K)] 49450K->12888K(82432K), 0.0010270 secs] [Times: user=0.01 sys=0.00, real=0.00 secs] 
152.429: Total time for which application threads were stopped: 0.0011640 seconds, Stopping threads took: 0.0000660 seconds
152.519: Application time: 0.0896670 seconds
152.519: [GC [PSYoungGen: 39834K->2432K(39424K)] 49906K->12552K(80896K), 0.0009920 secs] [Times: user=0.01 sys=0.00, real=0.00 secs] 
152.520: Total time for which application threads were stopped: 0.0011330 seconds, Stopping threads took: 0.0000710 seconds
152.607: Application time: 0.0876970 seconds
152.607: [GC [PSYoungGen: 39056K->2816K(39936K)] 49176K->13152K(81408K), 0.0011310 secs] [Times: user=0.01 sys=0.00, real=0.00 secs] 
152.609: Total time for which application threads were stopped: 0.0012790 seconds, Stopping threads took: 0.0000740 seconds
152.697: Application time: 0.0880780 seconds
152.697: [GC [PSYoungGen: 38852K->2272K(38400K)] 49188K->12656K(79872K), 0.0009890 secs] [Times: user=0.01 sys=0.00, real=0.00 secs] 
152.698: Total time for which application threads were stopped: 0.0011350 seconds, Stopping threads took: 0.0000720 seconds
152.784: Application time: 0.0859490 seconds
152.784: [GC [PSYoungGen: 37793K->1792K(38400K)] 48178K->12176K(79872K), 0.0007150 secs] [Times: user=0.00 sys=0.00, real=0.00 secs] 
152.785: Total time for which application threads were stopped: 0.0008520 seconds, Stopping threads took: 0.0000680 seconds
152.871: Application time: 0.0861380 seconds
152.871: [GC [PSYoungGen: 36799K->1184K(36352K)] 47184K->11568K(77824K), 0.0005790 secs] [Times: user=0.00 sys=0.00, real=0.00 secs] 
152.872: Total time for which application threads were stopped: 0.0007380 seconds, Stopping threads took: 0.0000930 seconds
152.954: Application time: 0.0821700 seconds
152.954: [GC [PSYoungGen: 35673K->1728K(37376K)] 46058K->12112K(78848K), 0.0007840 secs] [Times: user=0.00 sys=0.00, real=0.00 secs] 
152.955: Total time for which application threads were stopped: 0.0009230 seconds, Stopping threads took: 0.0000710 seconds
153.037: Application time: 0.0820080 seconds
153.037: [GC [PSYoungGen: 35705K->1760K(35840K)] 46090K->12144K(77312K), 0.0007430 secs] [Times: user=0.00 sys=0.00, real=0.00 secs] 
153.038: Total time for which application threads were stopped: 0.0008780 seconds, Stopping threads took: 0.0000680 seconds
153.119: Application time: 0.0811410 seconds
153.119: [GC [PSYoungGen: 35100K->1856K(36352K)] 45484K->12240K(77824K), 0.0007990 secs] [Times: user=0.00 sys=0.00, real=0.00 secs] 
153.120: Total time for which application threads were stopped: 0.0017330 seconds, Stopping threads took: 0.0000600 seconds
153.201: Application time: 0.0804210 seconds
153.203: [GC [PSYoungGen: 34961K->1248K(34304K)] 45345K->11800K(75776K), 0.0007550 secs] [Times: user=0.00 sys=0.00, real=0.00 secs] 
153.204: Total time for which application threads were stopped: 0.0027880 seconds, Stopping threads took: 0.0019550 seconds
153.282: Application time: 0.0787260 seconds
153.282: [GC [PSYoungGen: 33761K->1248K(35328K)] 44314K->11880K(76800K), 0.0006290 secs] [Times: user=0.00 sys=0.00, real=0.00 secs] 
153.283: Total time for which application threads were stopped: 0.0007680 seconds, Stopping threads took: 0.0000750 seconds
153.361: Application time: 0.0775410 seconds
153.361: [GC [PSYoungGen: 33169K->768K(32768K)] 43801K->11448K(74240K), 0.0004800 secs] [Times: user=0.00 sys=0.00, real=0.00 secs] 
153.361: Total time for which application threads were stopped: 0.0006200 seconds, Stopping threads took: 0.0000800 seconds
153.436: Application time: 0.0748620 seconds
153.436: [GC [PSYoungGen: 32156K->2304K(34304K)] 42837K->12984K(75776K), 0.0008740 secs] [Times: user=0.00 sys=0.00, real=0.00 secs] 
153.437: Total time for which application threads were stopped: 0.0010090 seconds, Stopping threads took: 0.0000670 seconds
153.512: Application time: 0.0750010 seconds
153.512: [GC [PSYoungGen: 33193K->1792K(32768K)] 43873K->12472K(74240K), 0.0007170 secs] [Times: user=0.01 sys=0.00, real=0.00 secs] 
153.513: Total time for which application threads were stopped: 0.0008530 seconds, Stopping threads took: 0.0000710 seconds
153.586: Application time: 0.0732290 seconds
153.586: [GC [PSYoungGen: 32152K->2304K(33280K)] 42833K->12984K(74752K), 0.0009010 secs] [Times: user=0.01 sys=0.00, real=0.01 secs] 
153.587: Total time for which application threads were stopped: 0.0010850 seconds, Stopping threads took: 0.0001150 seconds
153.660: Application time: 0.0724460 seconds
153.660: [GC [PSYoungGen: 32169K->1280K(31232K)] 42849K->11960K(72704K), 0.0005950 secs] [Times: user=0.00 sys=0.00, real=0.00 secs] 
153.660: Total time for which application threads were stopped: 0.0007200 seconds, Stopping threads took: 0.0000630 seconds
153.732: Application time: 0.0713970 seconds
153.732: [GC [PSYoungGen: 30768K->1792K(32256K)] 41449K->12472K(73728K), 0.0007720 secs] [Times: user=0.00 sys=0.00, real=0.00 secs] 
153.733: Total time for which application threads were stopped: 0.0009070 seconds, Stopping threads took: 0.0000580 seconds
153.803: Application time: 0.0703140 seconds
153.803: [GC [PSYoungGen: 30495K->800K(29696K)] 41175K->11580K(71168K), 0.0005180 secs] [Times: user=0.00 sys=0.00, real=0.00 secs] 
153.804: Total time for which application threads were stopped: 0.0006440 seconds, Stopping threads took: 0.0000650 seconds
153.874: Application time: 0.0698670 seconds
153.874: [GC [PSYoungGen: 29184K->736K(31232K)] 39964K->11696K(72704K), 0.0005690 secs] [Times: user=0.00 sys=0.00, real=0.00 secs] 
153.874: Total time for which application threads were stopped: 0.0006940 seconds, Stopping threads took: 0.0000630 seconds
153.940: Application time: 0.0654600 seconds
153.940: [GC [PSYoungGen: 28524K->1760K(29696K)] 39484K->12760K(71168K), 0.0008060 secs] [Times: user=0.00 sys=0.00, real=0.00 secs] 
153.941: Total time for which application threads were stopped: 0.0010360 seconds, Stopping threads took: 0.0001630 seconds
154.006: Application time: 0.0647300 seconds
154.006: [GC [PSYoungGen: 29036K->2304K(30208K)] 40036K->13304K(71680K), 0.0008650 secs] [Times: user=0.00 sys=0.00, real=0.00 secs] 
154.007: Total time for which application threads were stopped: 0.0010920 seconds, Stopping threads took: 0.0001580 seconds
154.072: Application time: 0.0657120 seconds
154.072: [GC [PSYoungGen: 29068K->2304K(30720K)] 40068K->13304K(72192K), 0.0008800 secs] [Times: user=0.00 sys=0.00, real=0.00 secs] 
154.073: Total time for which application threads were stopped: 0.0010060 seconds, Stopping threads took: 0.0000600 seconds
154.139: Application time: 0.0659120 seconds
154.139: [GC [PSYoungGen: 29072K->1280K(28160K)] 40073K->12280K(69632K), 0.0005040 secs] [Times: user=0.00 sys=0.00, real=0.00 secs] 
154.140: Total time for which application threads were stopped: 0.0006480 seconds, Stopping threads took: 0.0000770 seconds
154.203: Application time: 0.0630750 seconds
154.203: [GC [PSYoungGen: 27525K->2304K(34304K)] 38526K->13304K(75776K), 0.0008660 secs] [Times: user=0.01 sys=0.00, real=0.00 secs] 
154.204: Total time for which application threads were stopped: 0.0010020 seconds, Stopping threads took: 0.0000670 seconds
154.278: Application time: 0.0735930 seconds
154.278: [GC [PSYoungGen: 32681K->1152K(31744K)] 43682K->12152K(73216K), 0.0005620 secs] [Times: user=0.00 sys=0.00, real=0.00 secs] 
154.278: Total time for which application threads were stopped: 0.0006980 seconds, Stopping threads took: 0.0000640 seconds
154.351: Application time: 0.0726290 seconds
154.351: [GC [PSYoungGen: 31078K->1792K(31744K)] 42079K->12792K(73216K), 0.0007380 secs] [Times: user=0.00 sys=0.00, real=0.00 secs] 
154.352: Total time for which application threads were stopped: 0.0008870 seconds, Stopping threads took: 0.0000810 seconds
154.422: Application time: 0.0697080 seconds
154.422: [GC [PSYoungGen: 31357K->2832K(33280K)] 42357K->13873K(74752K), 0.0009740 secs] [Times: user=0.01 sys=0.00, real=0.00 secs] 
154.423: Total time for which application threads were stopped: 0.0011070 seconds, Stopping threads took: 0.0000600 seconds
154.495: Application time: 0.0718740 seconds
154.495: [GC [PSYoungGen: 32485K->2336K(33280K)] 43526K->13481K(74752K), 0.0009660 secs] [Times: user=0.00 sys=0.00, real=0.00 secs] 
154.496: Total time for which application threads were stopped: 0.0012340 seconds, Stopping threads took: 0.0001970 seconds
154.568: Application time: 0.0724590 seconds
154.568: [GC [PSYoungGen: 31680K->1280K(39424K)] 42825K->12573K(80896K), 0.0005430 secs] [Times: user=0.00 sys=0.00, real=0.00 secs] 
154.569: Total time for which application threads were stopped: 0.0006650 seconds, Stopping threads took: 0.0000600 seconds
154.654: Application time: 0.0846470 seconds
154.654: [GC [PSYoungGen: 36797K->1792K(37376K)] 48090K->13085K(78848K), 0.0006960 secs] [Times: user=0.00 sys=0.00, real=0.00 secs] 
154.654: Total time for which application threads were stopped: 0.0008160 seconds, Stopping threads took: 0.0000560 seconds
154.738: Application time: 0.0839010 seconds
154.738: [GC [PSYoungGen: 36793K->2816K(37888K)] 48086K->14109K(79360K), 0.0009490 secs] [Times: user=0.00 sys=0.00, real=0.00 secs] 
154.739: Total time for which application threads were stopped: 0.0010870 seconds, Stopping threads took: 0.0000680 seconds
154.824: Application time: 0.0850830 seconds
154.825: [GC [PSYoungGen: 37309K->2304K(36864K)] 48603K->13597K(78336K), 0.0008980 secs] [Times: user=0.00 sys=0.00, real=0.00 secs] 
154.825: Total time for which application threads were stopped: 0.0010440 seconds, Stopping threads took: 0.0000680 seconds
154.909: Application time: 0.0838500 seconds
154.909: [GC [PSYoungGen: 36285K->1248K(36864K)] 47578K->12541K(78336K), 0.0005850 secs] [Times: user=0.00 sys=0.00, real=0.00 secs] 
154.910: Total time for which application threads were stopped: 0.0007150 seconds, Stopping threads took: 0.0000680 seconds
154.989: Application time: 0.0791000 seconds
154.989: [GC [PSYoungGen: 34783K->2304K(35840K)] 46076K->13597K(77312K), 0.0008950 secs] [Times: user=0.00 sys=0.00, real=0.00 secs] 
154.990: Total time for which application threads were stopped: 0.0010310 seconds, Stopping threads took: 0.0000680 seconds
155.069: Application time: 0.0789790 seconds
155.069: [GC [PSYoungGen: 35484K->2816K(36864K)] 46777K->14149K(78336K), 0.0011420 secs] [Times: user=0.01 sys=0.00, real=0.00 secs] 
155.070: Total time for which application threads were stopped: 0.0012810 seconds, Stopping threads took: 0.0000670 seconds
155.152: Application time: 0.0811600 seconds
155.152: [GC [PSYoungGen: 36078K->2880K(36864K)] 47411K->14321K(78336K), 0.0011340 secs] [Times: user=0.00 sys=0.00, real=0.00 secs] 
155.153: Total time for which application threads were stopped: 0.0012850 seconds, Stopping threads took: 0.0000770 seconds
155.235: Application time: 0.0817590 seconds
155.235: [GC [PSYoungGen: 35835K->1280K(34304K)] 47277K->12865K(75776K), 0.0005690 secs] [Times: user=0.00 sys=0.00, real=0.00 secs] 
155.235: Total time for which application threads were stopped: 0.0007200 seconds, Stopping threads took: 0.0000890 seconds
155.312: Application time: 0.0769350 seconds
155.312: [GC [PSYoungGen: 33709K->1760K(34304K)] 45294K->13345K(75776K), 0.0007420 secs] [Times: user=0.01 sys=0.00, real=0.00 secs] 
155.313: Total time for which application threads were stopped: 0.0008750 seconds, Stopping threads took: 0.0000660 seconds
155.392: Application time: 0.0784740 seconds
155.392: [GC [PSYoungGen: 33685K->768K(32768K)] 45270K->12353K(74240K), 0.0004840 secs] [Times: user=0.01 sys=0.00, real=0.00 secs] 
155.392: Total time for which application threads were stopped: 0.0006210 seconds, Stopping threads took: 0.0000670 seconds
155.466: Application time: 0.0741000 seconds
155.466: [GC [PSYoungGen: 32156K->2304K(33792K)] 43742K->13889K(75264K), 0.0008940 secs] [Times: user=0.00 sys=0.00, real=0.01 secs] 
155.467: Total time for which application threads were stopped: 0.0010480 seconds, Stopping threads took: 0.0000840 seconds
155.542: Application time: 0.0743170 seconds
155.542: [GC [PSYoungGen: 33188K->2240K(33280K)] 44774K->13825K(74752K), 0.0009590 secs] [Times: user=0.00 sys=0.01, real=0.00 secs] 
155.543: Total time for which application threads were stopped: 0.0012590 seconds, Stopping threads took: 0.0002320 seconds
155.617: Application time: 0.0743790 seconds
155.617: [GC [PSYoungGen: 32686K->2304K(35840K)] 44272K->13889K(77312K), 0.0008800 secs] [Times: user=0.01 sys=0.00, real=0.00 secs] 
155.618: Total time for which application threads were stopped: 0.0010190 seconds, Stopping threads took: 0.0000670 seconds
155.696: Application time: 0.0771450 seconds
155.699: [GC [PSYoungGen: 34379K->1792K(33792K)] 45965K->13425K(75264K), 0.0007000 secs] [Times: user=0.00 sys=0.00, real=0.00 secs] 
155.700: Total time for which application threads were stopped: 0.0039480 seconds, Stopping threads took: 0.0031820 seconds
155.774: Application time: 0.0742810 seconds
155.774: [GC [PSYoungGen: 33529K->3456K(38912K)] 45163K->15157K(80384K), 0.0013330 secs] [Times: user=0.00 sys=0.00, real=0.01 secs] 
155.775: Total time for which application threads were stopped: 0.0014950 seconds, Stopping threads took: 0.0000850 seconds
155.862: Application time: 0.0867980 seconds
155.862: [GC [PSYoungGen: 38510K->2304K(42496K)] 50211K->14145K(83968K), 0.0008420 secs] [Times: user=0.00 sys=0.00, real=0.00 secs] 
155.863: Total time for which application threads were stopped: 0.0009870 seconds, Stopping threads took: 0.0000750 seconds
155.955: Application time: 0.0921070 seconds
155.955: [GC [PSYoungGen: 40394K->2272K(42496K)] 52235K->14153K(83968K), 0.0008850 secs] [Times: user=0.01 sys=0.00, real=0.00 secs] 
155.956: Total time for which application threads were stopped: 0.0010280 seconds, Stopping threads took: 0.0000640 seconds
156.050: Application time: 0.0938600 seconds
156.050: [GC [PSYoungGen: 40364K->1792K(39424K)] 52245K->13673K(80896K), 0.0006210 secs] [Times: user=0.00 sys=0.00, real=0.00 secs] 
156.051: Total time for which application threads were stopped: 0.0007520 seconds, Stopping threads took: 0.0000670 seconds
156.141: Application time: 0.0899390 seconds
156.141: [GC [PSYoungGen: 38858K->736K(37888K)] 50739K->12617K(79360K), 0.0005760 secs] [Times: user=0.01 sys=0.00, real=0.00 secs] 
156.141: Total time for which application threads were stopped: 0.0007080 seconds, Stopping threads took: 0.0000700 seconds
156.226: Application time: 0.0848810 seconds
156.226: [GC [PSYoungGen: 37273K->3328K(39936K)] 49155K->15209K(81408K), 0.0010880 secs] [Times: user=0.00 sys=0.00, real=0.01 secs] 
156.228: Total time for which application threads were stopped: 0.0012330 seconds, Stopping threads took: 0.0000690 seconds
156.318: Application time: 0.0905780 seconds
156.318: [GC [PSYoungGen: 39603K->1792K(37888K)] 51484K->13673K(79360K), 0.0008730 secs] [Times: user=0.00 sys=0.00, real=0.00 secs] 
156.319: Total time for which application threads were stopped: 0.0010150 seconds, Stopping threads took: 0.0000750 seconds
156.405: Application time: 0.0861020 seconds
156.405: [GC [PSYoungGen: 37544K->2352K(37888K)] 49426K->14357K(79360K), 0.0009060 secs] [Times: user=0.00 sys=0.00, real=0.00 secs] 
156.406: Total time for which application threads were stopped: 0.0010510 seconds, Stopping threads took: 0.0000720 seconds
156.491: Application time: 0.0844890 seconds
156.491: [GC [PSYoungGen: 37516K->1824K(36864K)] 49522K->13957K(78336K), 0.0008380 secs] [Times: user=0.00 sys=0.00, real=0.00 secs] 
156.492: Total time for which application threads were stopped: 0.0009800 seconds, Stopping threads took: 0.0000700 seconds
156.578: Application time: 0.0859250 seconds
156.578: [GC [PSYoungGen: 36317K->1280K(36352K)] 48451K->13501K(77824K), 0.0006640 secs] [Times: user=0.00 sys=0.00, real=0.00 secs] 
156.579: Total time for which application threads were stopped: 0.0007970 seconds, Stopping threads took: 0.0000690 seconds
156.657: Application time: 0.0788720 seconds
156.658: [GC [PSYoungGen: 35253K->2304K(36352K)] 47475K->14526K(77824K), 0.0009370 secs] [Times: user=0.01 sys=0.00, real=0.00 secs] 
156.658: Total time for which application threads were stopped: 0.0010820 seconds, Stopping threads took: 0.0000760 seconds
156.740: Application time: 0.0812020 seconds
156.740: [GC [PSYoungGen: 35765K->2816K(36864K)] 47987K->15038K(78336K), 0.0010620 secs] [Times: user=0.00 sys=0.00, real=0.00 secs] 
156.741: Total time for which application threads were stopped: 0.0012040 seconds, Stopping threads took: 0.0000660 seconds
156.820: Application time: 0.0793130 seconds
156.820: [GC [PSYoungGen: 35765K->2304K(35328K)] 47987K->14526K(76800K), 0.0008660 secs] [Times: user=0.00 sys=0.00, real=0.00 secs] 
156.821: Total time for which application threads were stopped: 0.0010350 seconds, Stopping threads took: 0.0001020 seconds
156.899: Application time: 0.0782150 seconds
156.900: [GC [PSYoungGen: 34811K->2816K(36864K)] 47033K->15038K(78336K), 0.0010470 secs] [Times: user=0.00 sys=0.00, real=0.00 secs] 
156.901: Total time for which application threads were stopped: 0.0011950 seconds, Stopping threads took: 0.0000740 seconds
156.981: Application time: 0.0798920 seconds
156.981: [GC [PSYoungGen: 35405K->2832K(36864K)] 47627K->15102K(78336K), 0.0010660 secs] [Times: user=0.01 sys=0.00, real=0.00 secs] 
156.982: Total time for which application threads were stopped: 0.0012090 seconds, Stopping threads took: 0.0000730 seconds
157.061: Application time: 0.0794990 seconds
157.061: [GC [PSYoungGen: 35503K->2320K(43520K)] 47773K->14670K(84992K), 0.0008080 secs] [Times: user=0.00 sys=0.00, real=0.00 secs] 
157.062: Total time for which application threads were stopped: 0.0009730 seconds, Stopping threads took: 0.0000890 seconds
157.157: Application time: 0.0946320 seconds
157.157: [GC [PSYoungGen: 41593K->2320K(43520K)] 53943K->14786K(84992K), 0.0009300 secs] [Times: user=0.00 sys=0.00, real=0.00 secs] 
157.158: Total time for which application threads were stopped: 0.0010820 seconds, Stopping threads took: 0.0000830 seconds
157.254: Application time: 0.0963550 seconds
157.254: [GC [PSYoungGen: 41442K->1792K(40448K)] 53908K->14354K(81920K), 0.0006890 secs] [Times: user=0.00 sys=0.00, real=0.01 secs] 
157.255: Total time for which application threads were stopped: 0.0008260 seconds, Stopping threads took: 0.0000680 seconds
157.348: Application time: 0.0925640 seconds
157.348: [GC [PSYoungGen: 39886K->768K(38400K)] 52448K->13330K(79872K), 0.0005110 secs] [Times: user=0.00 sys=0.00, real=0.00 secs] 
157.348: Total time for which application threads were stopped: 0.0006310 seconds, Stopping threads took: 0.0000600 seconds
157.436: Application time: 0.0876650 seconds
157.436: [GC [PSYoungGen: 37823K->2240K(39424K)] 50386K->14802K(80896K), 0.0008340 secs] [Times: user=0.01 sys=0.00, real=0.00 secs] 
157.437: Total time for which application threads were stopped: 0.0010500 seconds, Stopping threads took: 0.0001480 seconds
157.526: Application time: 0.0894150 seconds
157.527: [GC [PSYoungGen: 38868K->1728K(38400K)] 51430K->14290K(79872K), 0.0008810 secs] [Times: user=0.01 sys=0.00, real=0.01 secs] 
157.528: Total time for which application threads were stopped: 0.0010260 seconds, Stopping threads took: 0.0000730 seconds
157.615: Application time: 0.0875670 seconds
157.615: [GC [PSYoungGen: 37920K->1184K(37376K)] 50482K->13802K(78848K), 0.0006200 secs] [Times: user=0.00 sys=0.00, real=0.00 secs] 
157.616: Total time for which application threads were stopped: 0.0007710 seconds, Stopping threads took: 0.0000740 seconds
157.702: Application time: 0.0859450 seconds
157.702: [GC [PSYoungGen: 36934K->2336K(37888K)] 49553K->15030K(79360K), 0.0010110 secs] [Times: user=0.00 sys=0.00, real=0.00 secs] 
157.703: Total time for which application threads were stopped: 0.0011500 seconds, Stopping threads took: 0.0000660 seconds
157.789: Application time: 0.0862630 seconds
157.789: [GC [PSYoungGen: 37506K->256K(35840K)] 50200K->13070K(77312K), 0.0004950 secs] [Times: user=0.01 sys=0.00, real=0.00 secs] 
157.790: Total time for which application threads were stopped: 0.0006860 seconds, Stopping threads took: 0.0001240 seconds
157.871: Application time: 0.0807990 seconds
157.871: [GC [PSYoungGen: 34741K->1760K(38400K)] 47555K->14662K(79872K), 0.0007600 secs] [Times: user=0.00 sys=0.00, real=0.00 secs] 
157.872: Total time for which application threads were stopped: 0.0009050 seconds, Stopping threads took: 0.0000750 seconds
157.954: Application time: 0.0828460 seconds
157.955: [GC [PSYoungGen: 35741K->672K(35840K)] 48644K->13574K(77312K), 0.0004680 secs] [Times: user=0.00 sys=0.00, real=0.01 secs] 
157.955: Total time for which application threads were stopped: 0.0005970 seconds, Stopping threads took: 0.0000680 seconds
158.036: Application time: 0.0807820 seconds
158.036: [GC [PSYoungGen: 34133K->1280K(34816K)] 47036K->14182K(76288K), 0.0005710 secs] [Times: user=0.00 sys=0.00, real=0.00 secs] 
158.037: Total time for which application threads were stopped: 0.0007050 seconds, Stopping threads took: 0.0000650 seconds
158.116: Application time: 0.0792780 seconds
158.116: [GC [PSYoungGen: 34221K->2304K(35840K)] 47123K->15206K(77312K), 0.0008470 secs] [Times: user=0.00 sys=0.00, real=0.00 secs] 
158.117: Total time for which application threads were stopped: 0.0009930 seconds, Stopping threads took: 0.0000700 seconds
158.196: Application time: 0.0791690 seconds
158.196: [GC [PSYoungGen: 34898K->1760K(34304K)] 47800K->14662K(75776K), 0.0007950 secs] [Times: user=0.00 sys=0.00, real=0.00 secs] 
158.198: Total time for which application threads were stopped: 0.0016880 seconds, Stopping threads took: 0.0000620 seconds
158.274: Application time: 0.0766890 seconds
158.274: [GC [PSYoungGen: 33751K->2304K(34816K)] 46653K->15298K(76288K), 0.0009160 secs] [Times: user=0.01 sys=0.00, real=0.01 secs] 
158.275: Total time for which application threads were stopped: 0.0010670 seconds, Stopping threads took: 0.0000820 seconds
158.352: Application time: 0.0762380 seconds
158.352: [GC [PSYoungGen: 33946K->1792K(33280K)] 46940K->14834K(74752K), 0.0007960 secs] [Times: user=0.01 sys=0.00, real=0.00 secs] 
158.353: Total time for which application threads were stopped: 0.0009190 seconds, Stopping threads took: 0.0000580 seconds
158.425: Application time: 0.0723400 seconds
158.425: [GC [PSYoungGen: 32821K->3296K(34304K)] 45863K->16458K(75776K), 0.0013170 secs] [Times: user=0.01 sys=0.00, real=0.00 secs] 
158.426: Total time for which application threads were stopped: 0.0014600 seconds, Stopping threads took: 0.0000670 seconds
158.502: Application time: 0.0757570 seconds
158.502: [GC [PSYoungGen: 33681K->1280K(34816K)] 46844K->14538K(76288K), 0.0006080 secs] [Times: user=0.00 sys=0.00, real=0.00 secs] 
158.503: Total time for which application threads were stopped: 0.0007430 seconds, Stopping threads took: 0.0000720 seconds
158.576: Application time: 0.0731240 seconds
158.576: [GC [PSYoungGen: 31644K->1792K(32256K)] 44903K->15050K(73728K), 0.0006240 secs] [Times: user=0.00 sys=0.00, real=0.00 secs] 
158.577: Total time for which application threads were stopped: 0.0007550 seconds, Stopping threads took: 0.0000680 seconds
158.647: Application time: 0.0697260 seconds
158.647: [GC [PSYoungGen: 31640K->2304K(38912K)] 44899K->15562K(80384K), 0.0008830 secs] [Times: user=0.00 sys=0.00, real=0.00 secs] 
158.648: Total time for which application threads were stopped: 0.0011010 seconds, Stopping threads took: 0.0001440 seconds
158.733: Application time: 0.0851340 seconds
158.733: [GC [PSYoungGen: 37311K->1792K(36864K)] 50570K->15050K(78336K), 0.0006960 secs] [Times: user=0.01 sys=0.00, real=0.00 secs] 
158.734: Total time for which application threads were stopped: 0.0008400 seconds, Stopping threads took: 0.0000770 seconds
158.817: Application time: 0.0838060 seconds
158.818: [GC [PSYoungGen: 36361K->1792K(36352K)] 49620K->15050K(77824K), 0.0007570 secs] [Times: user=0.00 sys=0.00, real=0.00 secs] 
158.818: Total time for which application threads were stopped: 0.0009750 seconds, Stopping threads took: 0.0001520 seconds
158.898: Application time: 0.0799020 seconds
158.898: [GC [PSYoungGen: 35921K->2816K(36864K)] 49180K->16114K(78336K), 0.0009980 secs] [Times: user=0.00 sys=0.01, real=0.00 secs] 
158.899: Total time for which application threads were stopped: 0.0011390 seconds, Stopping threads took: 0.0000730 seconds
158.981: Application time: 0.0812330 seconds
158.981: [GC [PSYoungGen: 36436K->2832K(37376K)] 49735K->16210K(78848K), 0.0011010 secs] [Times: user=0.01 sys=0.00, real=0.00 secs] 
158.982: Total time for which application threads were stopped: 0.0012450 seconds, Stopping threads took: 0.0000720 seconds
159.066: Application time: 0.0844270 seconds
159.066: [GC [PSYoungGen: 36538K->256K(33792K)] 49917K->13706K(75264K), 0.0004220 secs] [Times: user=0.00 sys=0.00, real=0.01 secs] 
159.067: Total time for which application threads were stopped: 0.0005690 seconds, Stopping threads took: 0.0000870 seconds
159.145: Application time: 0.0780830 seconds
159.145: [GC [PSYoungGen: 33184K->2304K(36864K)] 46635K->15867K(78336K), 0.0009160 secs] [Times: user=0.01 sys=0.00, real=0.00 secs] 
159.146: Total time for which application threads were stopped: 0.0010650 seconds, Stopping threads took: 0.0000810 seconds
159.224: Application time: 0.0782670 seconds
159.224: [GC [PSYoungGen: 34737K->2816K(35328K)] 48300K->16379K(76800K), 0.0008890 secs] [Times: user=0.01 sys=0.00, real=0.00 secs] 
159.225: Total time for which application threads were stopped: 0.0010430 seconds, Stopping threads took: 0.0000760 seconds
159.304: Application time: 0.0783560 seconds
159.304: [GC [PSYoungGen: 34737K->2304K(39936K)] 48300K->15867K(81408K), 0.0008830 secs] [Times: user=0.01 sys=0.00, real=0.00 secs] 
159.305: Total time for which application threads were stopped: 0.0010340 seconds, Stopping threads took: 0.0000790 seconds
159.393: Application time: 0.0877900 seconds
159.393: [GC [PSYoungGen: 37825K->1792K(37376K)] 51388K->15355K(78848K), 0.0006730 secs] [Times: user=0.00 sys=0.00, real=0.00 secs] 
159.393: Total time for which application threads were stopped: 0.0008030 seconds, Stopping threads took: 0.0000630 seconds
159.477: Application time: 0.0833550 seconds
159.477: [GC [PSYoungGen: 36952K->2304K(37376K)] 50515K->15867K(78848K), 0.0009370 secs] [Times: user=0.00 sys=0.00, real=0.00 secs] 
159.478: Total time for which application threads were stopped: 0.0010740 seconds, Stopping threads took: 0.0000690 seconds
159.562: Application time: 0.0843840 seconds
159.562: [GC [PSYoungGen: 36949K->2848K(39424K)] 50512K->16491K(80896K), 0.0010570 secs] [Times: user=0.01 sys=0.00, real=0.00 secs] 
159.563: Total time for which application threads were stopped: 0.0011920 seconds, Stopping threads took: 0.0000640 seconds
159.650: Application time: 0.0865610 seconds
159.650: [GC [PSYoungGen: 38448K->2304K(39936K)] 52091K->16027K(81408K), 0.0009220 secs] [Times: user=0.00 sys=0.00, real=0.00 secs] 
159.651: Total time for which application threads were stopped: 0.0010700 seconds, Stopping threads took: 0.0000790 seconds
159.736: Application time: 0.0854790 seconds
159.737: [GC [PSYoungGen: 38058K->2336K(37888K)] 51781K->16107K(79360K), 0.0008230 secs] [Times: user=0.00 sys=0.00, real=0.00 secs] 
159.737: Total time for which application threads were stopped: 0.0009690 seconds, Stopping threads took: 0.0000690 seconds
159.824: Application time: 0.0863140 seconds
159.824: [GC [PSYoungGen: 37345K->1248K(36352K)] 51117K->15139K(77824K), 0.0006640 secs] [Times: user=0.01 sys=0.00, real=0.00 secs] 
159.825: Total time for which application threads were stopped: 0.0007960 seconds, Stopping threads took: 0.0000670 seconds
159.909: Application time: 0.0842520 seconds
159.909: [GC [PSYoungGen: 35737K->1280K(35840K)] 49628K->15171K(77312K), 0.0005430 secs] [Times: user=0.00 sys=0.00, real=0.00 secs] 
159.909: Total time for which application threads were stopped: 0.0006730 seconds, Stopping threads took: 0.0000650 seconds
159.991: Application time: 0.0815890 seconds
159.991: [GC [PSYoungGen: 35257K->1280K(35328K)] 49148K->15171K(76800K), 0.0006200 secs] [Times: user=0.00 sys=0.00, real=0.00 secs] 
159.992: Total time for which application threads were stopped: 0.0007530 seconds, Stopping threads took: 0.0000660 seconds
160.073: Application time: 0.0808140 seconds
160.073: [GC [PSYoungGen: 34822K->1280K(34816K)] 48713K->15171K(76288K), 0.0006470 secs] [Times: user=0.00 sys=0.00, real=0.00 secs] 
160.073: Total time for which application threads were stopped: 0.0007670 seconds, Stopping threads took: 0.0000560 seconds
160.154: Application time: 0.0808760 seconds
160.154: [GC [PSYoungGen: 34309K->736K(33792K)] 48200K->14683K(75264K), 0.0004960 secs] [Times: user=0.01 sys=0.00, real=0.01 secs] 
160.155: Total time for which application threads were stopped: 0.0006280 seconds, Stopping threads took: 0.0000720 seconds
160.231: Application time: 0.0762100 seconds
160.231: [GC [PSYoungGen: 33313K->2304K(34816K)] 47261K->16299K(76288K), 0.0009580 secs] [Times: user=0.00 sys=0.00, real=0.00 secs] 
160.232: Total time for which application threads were stopped: 0.0011120 seconds, Stopping threads took: 0.0000750 seconds
160.312: Application time: 0.0793420 seconds
160.312: [GC [PSYoungGen: 34382K->1792K(33792K)] 48377K->15859K(75264K), 0.0008250 secs] [Times: user=0.00 sys=0.00, real=0.00 secs] 
160.313: Total time for which application threads were stopped: 0.0009880 seconds, Stopping threads took: 0.0000870 seconds
160.387: Application time: 0.0746410 seconds
160.387: [GC [PSYoungGen: 33347K->2304K(34304K)] 47414K->16443K(75776K), 0.0009650 secs] [Times: user=0.00 sys=0.00, real=0.00 secs] 
160.388: Total time for which application threads were stopped: 0.0011300 seconds, Stopping threads took: 0.0000930 seconds
160.465: Application time: 0.0769460 seconds
160.465: [GC [PSYoungGen: 33201K->768K(31744K)] 47340K->14987K(73216K), 0.0004700 secs] [Times: user=0.00 sys=0.00, real=0.00 secs] 
160.466: Total time for which application threads were stopped: 0.0005990 seconds, Stopping threads took: 0.0000690 seconds
160.538: Application time: 0.0717070 seconds
160.539: [GC [PSYoungGen: 31126K->1792K(33280K)] 45345K->16011K(74752K), 0.0007510 secs] [Times: user=0.00 sys=0.00, real=0.00 secs] 
160.540: Total time for which application threads were stopped: 0.0019160 seconds, Stopping threads took: 0.0010980 seconds
160.611: Application time: 0.0718490 seconds
160.612: [GC [PSYoungGen: 31642K->2272K(32256K)] 45862K->16491K(73728K), 0.0009020 secs] [Times: user=0.00 sys=0.00, real=0.00 secs] 
160.612: Total time for which application threads were stopped: 0.0010450 seconds, Stopping threads took: 0.0000750 seconds
160.684: Application time: 0.0714420 seconds
160.684: [GC [PSYoungGen: 31612K->1792K(32256K)] 45832K->16011K(73728K), 0.0007220 secs] [Times: user=0.00 sys=0.00, real=0.00 secs] 
160.685: Total time for which application threads were stopped: 0.0008560 seconds, Stopping threads took: 0.0000700 seconds
160.756: Application time: 0.0707690 seconds
160.756: [GC [PSYoungGen: 30768K->1280K(30208K)] 44988K->15499K(71680K), 0.0006800 secs] [Times: user=0.00 sys=0.00, real=0.00 secs] 
160.756: Total time for which application threads were stopped: 0.0009360 seconds, Stopping threads took: 0.0001890 seconds
160.824: Application time: 0.0674810 seconds
160.824: [GC [PSYoungGen: 29662K->2240K(31232K)] 43882K->16535K(72704K), 0.0008880 secs] [Times: user=0.01 sys=0.00, real=0.00 secs] 
160.825: Total time for which application threads were stopped: 0.0010480 seconds, Stopping threads took: 0.0000860 seconds
160.893: Application time: 0.0683760 seconds
160.893: [GC [PSYoungGen: 30114K->1792K(29696K)] 44410K->16151K(71168K), 0.0008090 secs] [Times: user=0.01 sys=0.00, real=0.00 secs] 
160.894: Total time for which application threads were stopped: 0.0009430 seconds, Stopping threads took: 0.0000620 seconds
160.961: Application time: 0.0670730 seconds
160.962: [GC [PSYoungGen: 29146K->2272K(30208K)] 43506K->16679K(71680K), 0.0008930 secs] [Times: user=0.01 sys=0.00, real=0.00 secs] 
160.962: Total time for which application threads were stopped: 0.0010820 seconds, Stopping threads took: 0.0001210 seconds
161.029: Application time: 0.0662260 seconds
161.029: [GC [PSYoungGen: 29196K->1280K(28160K)] 43604K->15743K(69632K), 0.0006500 secs] [Times: user=0.00 sys=0.00, real=0.00 secs] 
161.029: Total time for which application threads were stopped: 0.0007670 seconds, Stopping threads took: 0.0000530 seconds
161.091: Application time: 0.0614450 seconds
161.091: [GC [PSYoungGen: 27606K->1760K(29696K)] 42069K->16287K(71168K), 0.0007230 secs] [Times: user=0.00 sys=0.00, real=0.00 secs] 
161.092: Total time for which application threads were stopped: 0.0009300 seconds, Stopping threads took: 0.0001450 seconds
161.156: Application time: 0.0644630 seconds
161.156: [GC [PSYoungGen: 28010K->1792K(29696K)] 42537K->16375K(71168K), 0.0007150 secs] [Times: user=0.00 sys=0.00, real=0.00 secs] 
161.157: Total time for which application threads were stopped: 0.0008610 seconds, Stopping threads took: 0.0000740 seconds
161.219: Application time: 0.0623090 seconds
161.220: [GC [PSYoungGen: 28037K->2816K(34816K)] 42621K->17399K(76288K), 0.0009060 secs] [Times: user=0.00 sys=0.00, real=0.00 secs] 
161.221: Total time for which application threads were stopped: 0.0010620 seconds, Stopping threads took: 0.0000850 seconds
161.298: Application time: 0.0775920 seconds
161.298: [GC [PSYoungGen: 34225K->1760K(35328K)] 48809K->16343K(76800K), 0.0007090 secs] [Times: user=0.01 sys=0.00, real=0.00 secs] 
161.299: Total time for which application threads were stopped: 0.0008510 seconds, Stopping threads took: 0.0000740 seconds
161.373: Application time: 0.0742740 seconds
161.373: [GC [PSYoungGen: 33313K->2304K(41472K)] 47897K->16887K(82944K), 0.0007910 secs] [Times: user=0.00 sys=0.00, real=0.00 secs] 
161.374: Total time for which application threads were stopped: 0.0009460 seconds, Stopping threads took: 0.0000750 seconds
161.466: Application time: 0.0914930 seconds
161.466: [GC [PSYoungGen: 40470K->2816K(41472K)] 55054K->17471K(82944K), 0.0009610 secs] [Times: user=0.01 sys=0.00, real=0.01 secs] 
161.467: Total time for which application threads were stopped: 0.0011080 seconds, Stopping threads took: 0.0000740 seconds
161.562: Application time: 0.0949110 seconds
161.562: [GC [PSYoungGen: 40990K->1280K(38912K)] 55646K->15991K(80384K), 0.0005520 secs] [Times: user=0.01 sys=0.00, real=0.00 secs] 
161.562: Total time for which application threads were stopped: 0.0007000 seconds, Stopping threads took: 0.0000830 seconds
161.650: Application time: 0.0872010 seconds
161.650: [GC [PSYoungGen: 38572K->2336K(39424K)] 53284K->17087K(80896K), 0.0008280 secs] [Times: user=0.01 sys=0.00, real=0.00 secs] 
161.651: Total time for which application threads were stopped: 0.0009650 seconds, Stopping threads took: 0.0000680 seconds
161.740: Application time: 0.0891700 seconds
161.740: [GC [PSYoungGen: 38960K->2816K(39424K)] 53712K->17684K(80896K), 0.0009570 secs] [Times: user=0.01 sys=0.00, real=0.00 secs] 
161.741: Total time for which application threads were stopped: 0.0010930 seconds, Stopping threads took: 0.0000630 seconds
161.828: Application time: 0.0871820 seconds
161.828: [GC [PSYoungGen: 38850K->2784K(38912K)] 53718K->17700K(80384K), 0.0011620 secs] [Times: user=0.00 sys=0.00, real=0.00 secs] 
161.829: Total time for which application threads were stopped: 0.0013030 seconds, Stopping threads took: 0.0000710 seconds
161.918: Application time: 0.0888420 seconds
161.918: [GC [PSYoungGen: 38310K->1280K(36864K)] 53226K->16196K(78336K), 0.0005630 secs] [Times: user=0.00 sys=0.00, real=0.00 secs] 
161.919: Total time for which application threads were stopped: 0.0007150 seconds, Stopping threads took: 0.0000760 seconds
162.002: Application time: 0.0830740 seconds
162.002: [GC [PSYoungGen: 36438K->2304K(37376K)] 51354K->17220K(78848K), 0.0009800 secs] [Times: user=0.01 sys=0.00, real=0.00 secs] 
162.003: Total time for which application threads were stopped: 0.0011230 seconds, Stopping threads took: 0.0000730 seconds
162.090: Application time: 0.0867600 seconds
162.090: [GC [PSYoungGen: 36882K->256K(34816K)] 51798K->15276K(76288K), 0.0004930 secs] [Times: user=0.01 sys=0.00, real=0.00 secs] 
162.091: Total time for which application threads were stopped: 0.0006510 seconds, Stopping threads took: 0.0001010 seconds
162.171: Application time: 0.0808770 seconds
162.172: [GC [PSYoungGen: 34225K->1792K(37888K)] 49245K->16860K(79360K), 0.0007130 secs] [Times: user=0.00 sys=0.00, real=0.00 secs] 
162.172: Total time for which application threads were stopped: 0.0008450 seconds, Stopping threads took: 0.0000650 seconds
162.252: Application time: 0.0802120 seconds
162.253: [GC [PSYoungGen: 35331K->2304K(35840K)] 50400K->17372K(77312K), 0.0009150 secs] [Times: user=0.00 sys=0.00, real=0.00 secs] 
162.254: Total time for which application threads were stopped: 0.0010570 seconds, Stopping threads took: 0.0000730 seconds
162.334: Application time: 0.0802690 seconds
162.334: [GC [PSYoungGen: 35488K->2352K(35328K)] 50556K->17468K(76800K), 0.0010330 secs] [Times: user=0.01 sys=0.00, real=0.01 secs] 
162.335: Total time for which application threads were stopped: 0.0011820 seconds, Stopping threads took: 0.0000690 seconds
162.417: Application time: 0.0820790 seconds
162.417: [GC [PSYoungGen: 34869K->1280K(34304K)] 49985K->16508K(75776K), 0.0006320 secs] [Times: user=0.01 sys=0.00, real=0.00 secs] 
162.418: Total time for which application threads were stopped: 0.0007690 seconds, Stopping threads took: 0.0000730 seconds
162.495: Application time: 0.0768670 seconds
162.495: [GC [PSYoungGen: 33197K->1280K(33280K)] 48425K->16572K(74752K), 0.0006260 secs] [Times: user=0.01 sys=0.00, real=0.00 secs] 
162.496: Total time for which application threads were stopped: 0.0008570 seconds, Stopping threads took: 0.0001620 seconds
162.572: Application time: 0.0765870 seconds
162.572: [GC [PSYoungGen: 32676K->1760K(34304K)] 47969K->17052K(75776K), 0.0008030 secs] [Times: user=0.00 sys=0.00, real=0.00 secs] 
162.573: Total time for which application threads were stopped: 0.0009350 seconds, Stopping threads took: 0.0000660 seconds
162.649: Application time: 0.0763670 seconds
162.650: [GC [PSYoungGen: 32797K->2304K(33280K)] 48089K->17596K(74752K), 0.0009200 secs] [Times: user=0.01 sys=0.00, real=0.00 secs] 
162.650: Total time for which application threads were stopped: 0.0010470 seconds, Stopping threads took: 0.0000610 seconds
162.723: Application time: 0.0721410 seconds
162.723: [GC [PSYoungGen: 32672K->2272K(34304K)] 47965K->17640K(75776K), 0.0009840 secs] [Times: user=0.01 sys=0.00, real=0.00 secs] 
162.724: Total time for which application threads were stopped: 0.0011400 seconds, Stopping threads took: 0.0000840 seconds
162.799: Application time: 0.0754780 seconds
162.799: [GC [PSYoungGen: 32723K->1728K(32256K)] 48091K->17096K(73728K), 0.0007440 secs] [Times: user=0.01 sys=0.00, real=0.00 secs] 
162.800: Total time for which application threads were stopped: 0.0008720 seconds, Stopping threads took: 0.0000650 seconds
162.874: Application time: 0.0733760 seconds
162.874: [GC [PSYoungGen: 31658K->1792K(32768K)] 47027K->17208K(74240K), 0.0007610 secs] [Times: user=0.01 sys=0.00, real=0.00 secs] 
162.874: Total time for which application threads were stopped: 0.0009040 seconds, Stopping threads took: 0.0000750 seconds
162.945: Application time: 0.0703490 seconds
162.945: [GC [PSYoungGen: 31359K->2304K(33280K)] 46775K->17752K(74752K), 0.0009700 secs] [Times: user=0.01 sys=0.00, real=0.00 secs] 
162.946: Total time for which application threads were stopped: 0.0011040 seconds, Stopping threads took: 0.0000660 seconds
163.018: Application time: 0.0716700 seconds
163.018: [GC [PSYoungGen: 31722K->1792K(38400K)] 47171K->17356K(79872K), 0.0006650 secs] [Times: user=0.00 sys=0.00, real=0.00 secs] 
163.018: Total time for which application threads were stopped: 0.0008080 seconds, Stopping threads took: 0.0000680 seconds
163.105: Application time: 0.0864810 seconds
163.105: [GC [PSYoungGen: 37309K->2304K(37888K)] 52874K->17916K(79360K), 0.0008620 secs] [Times: user=0.01 sys=0.00, real=0.00 secs] 
163.106: Total time for which application threads were stopped: 0.0010780 seconds, Stopping threads took: 0.0001460 seconds
163.192: Application time: 0.0858160 seconds
163.192: [GC [PSYoungGen: 37311K->1792K(37376K)] 52924K->17404K(78848K), 0.0006740 secs] [Times: user=0.01 sys=0.00, real=0.00 secs] 
163.193: Total time for which application threads were stopped: 0.0007980 seconds, Stopping threads took: 0.0000590 seconds
163.275: Application time: 0.0827620 seconds
163.275: [GC [PSYoungGen: 36436K->1792K(36352K)] 52048K->17404K(77824K), 0.0007960 secs] [Times: user=0.00 sys=0.00, real=0.00 secs] 
163.277: Total time for which application threads were stopped: 0.0016640 seconds, Stopping threads took: 0.0001350 seconds
163.361: Application time: 0.0841800 seconds
163.361: [GC [PSYoungGen: 35769K->1792K(36352K)] 51382K->17500K(77824K), 0.0007650 secs] [Times: user=0.00 sys=0.00, real=0.00 secs] 
163.362: Total time for which application threads were stopped: 0.0009640 seconds, Stopping threads took: 0.0001320 seconds
163.443: Application time: 0.0803980 seconds
163.443: [GC [PSYoungGen: 35333K->2304K(35840K)] 51042K->18012K(77312K), 0.0009520 secs] [Times: user=0.00 sys=0.00, real=0.00 secs] 
163.444: Total time for which application threads were stopped: 0.0010840 seconds, Stopping threads took: 0.0000630 seconds
163.524: Application time: 0.0805730 seconds
163.524: [GC [PSYoungGen: 35333K->1792K(35328K)] 51042K->17548K(76800K), 0.0007560 secs] [Times: user=0.00 sys=0.00, real=0.00 secs] 
163.525: Total time for which application threads were stopped: 0.0008980 seconds, Stopping threads took: 0.0000660 seconds
163.604: Application time: 0.0785500 seconds
163.604: [GC [PSYoungGen: 34456K->2320K(34816K)] 50212K->18124K(76288K), 0.0009530 secs] [Times: user=0.01 sys=0.00, real=0.00 secs] 
163.605: Total time for which application threads were stopped: 0.0010930 seconds, Stopping threads took: 0.0000700 seconds
163.684: Application time: 0.0793970 seconds
163.684: [GC [PSYoungGen: 34319K->1792K(34304K)] 50124K->17712K(75776K), 0.0007890 secs] [Times: user=0.01 sys=0.00, real=0.00 secs] 
163.685: Total time for which application threads were stopped: 0.0009190 seconds, Stopping threads took: 0.0000630 seconds
163.761: Application time: 0.0760040 seconds
163.761: [GC [PSYoungGen: 33197K->1280K(32768K)] 49118K->17248K(74240K), 0.0005920 secs] [Times: user=0.00 sys=0.00, real=0.00 secs] 
163.762: Total time for which application threads were stopped: 0.0007240 seconds, Stopping threads took: 0.0000700 seconds
163.834: Application time: 0.0726780 seconds
163.835: [GC [PSYoungGen: 32156K->2240K(33280K)] 48125K->18208K(74752K), 0.0009090 secs] [Times: user=0.00 sys=0.01, real=0.01 secs] 
163.836: Total time for which application threads were stopped: 0.0010590 seconds, Stopping threads took: 0.0000790 seconds
163.912: Application time: 0.0765260 seconds
163.912: [GC [PSYoungGen: 32777K->768K(31232K)] 48746K->16736K(72704K), 0.0004700 secs] [Times: user=0.00 sys=0.00, real=0.00 secs] 
163.913: Total time for which application threads were stopped: 0.0005950 seconds, Stopping threads took: 0.0000640 seconds
163.983: Application time: 0.0704960 seconds
163.983: [GC [PSYoungGen: 30612K->1792K(32256K)] 46581K->17848K(73728K), 0.0007480 secs] [Times: user=0.00 sys=0.00, real=0.00 secs] 
163.984: Total time for which application threads were stopped: 0.0010260 seconds, Stopping threads took: 0.0002160 seconds
164.057: Application time: 0.0724630 seconds
164.057: [GC [PSYoungGen: 31206K->1792K(31232K)] 47263K->17848K(72704K), 0.0007590 secs] [Times: user=0.01 sys=0.00, real=0.00 secs] 
164.058: Total time for which application threads were stopped: 0.0009070 seconds, Stopping threads took: 0.0000730 seconds
164.128: Application time: 0.0704400 seconds
164.128: [GC [PSYoungGen: 30612K->1792K(31232K)] 46669K->17913K(72704K), 0.0007650 secs] [Times: user=0.00 sys=0.00, real=0.00 secs] 
164.129: Total time for which application threads were stopped: 0.0009020 seconds, Stopping threads took: 0.0000710 seconds
164.198: Application time: 0.0688800 seconds
164.198: [GC [PSYoungGen: 30176K->1280K(29696K)] 46297K->17400K(71168K), 0.0006120 secs] [Times: user=0.01 sys=0.00, real=0.00 secs] 
164.199: Total time for which application threads were stopped: 0.0007850 seconds, Stopping threads took: 0.0001100 seconds
164.266: Application time: 0.0679180 seconds
164.267: [GC [PSYoungGen: 29308K->1280K(30208K)] 45429K->17449K(71680K), 0.0006460 secs] [Times: user=0.00 sys=0.00, real=0.01 secs] 
164.267: Total time for which application threads were stopped: 0.0007830 seconds, Stopping threads took: 0.0000700 seconds
164.334: Application time: 0.0664440 seconds
164.334: [GC [PSYoungGen: 28634K->1792K(29184K)] 44803K->18069K(70656K), 0.0007710 secs] [Times: user=0.01 sys=0.00, real=0.00 secs] 
164.335: Total time for which application threads were stopped: 0.0008940 seconds, Stopping threads took: 0.0000580 seconds
164.397: Application time: 0.0627800 seconds
164.397: [GC [PSYoungGen: 28556K->1792K(28672K)] 44833K->18125K(70144K), 0.0007760 secs] [Times: user=0.00 sys=0.00, real=0.00 secs] 
164.398: Total time for which application threads were stopped: 0.0009150 seconds, Stopping threads took: 0.0000660 seconds
164.462: Application time: 0.0637890 seconds
164.462: [GC [PSYoungGen: 28039K->2272K(29696K)] 44373K->18605K(71168K), 0.0008910 secs] [Times: user=0.01 sys=0.00, real=0.00 secs] 
164.463: Total time for which application threads were stopped: 0.0010360 seconds, Stopping threads took: 0.0000740 seconds
164.529: Application time: 0.0655060 seconds
164.529: [GC [PSYoungGen: 29114K->2304K(35328K)] 45447K->18637K(76800K), 0.0007630 secs] [Times: user=0.00 sys=0.00, real=0.00 secs] 
164.530: Total time for which application threads were stopped: 0.0009810 seconds, Stopping threads took: 0.0001490 seconds
164.607: Application time: 0.0775030 seconds
164.607: [GC [PSYoungGen: 34299K->2304K(35328K)] 50632K->18685K(76800K), 0.0008420 secs] [Times: user=0.01 sys=0.00, real=0.00 secs] 
164.608: Total time for which application threads were stopped: 0.0009970 seconds, Stopping threads took: 0.0000730 seconds
164.687: Application time: 0.0789320 seconds
164.687: [GC [PSYoungGen: 34305K->1280K(33280K)] 50686K->17725K(74752K), 0.0005360 secs] [Times: user=0.00 sys=0.00, real=0.00 secs] 
164.688: Total time for which application threads were stopped: 0.0006520 seconds, Stopping threads took: 0.0000540 seconds
164.763: Application time: 0.0749850 seconds
164.763: [GC [PSYoungGen: 32672K->2304K(33792K)] 49117K->18805K(75264K), 0.0008300 secs] [Times: user=0.00 sys=0.00, real=0.00 secs] 
164.764: Total time for which application threads were stopped: 0.0010230 seconds, Stopping threads took: 0.0001220 seconds
164.840: Application time: 0.0760410 seconds
164.840: [GC [PSYoungGen: 33271K->1728K(32768K)] 49772K->18229K(74240K), 0.0006810 secs] [Times: user=0.00 sys=0.00, real=0.00 secs] 
164.841: Total time for which application threads were stopped: 0.0008170 seconds, Stopping threads took: 0.0000690 seconds
164.913: Application time: 0.0728200 seconds
164.913: [GC [PSYoungGen: 32327K->2320K(32768K)] 48828K->18861K(74240K), 0.0009610 secs] [Times: user=0.00 sys=0.00, real=0.00 secs] 
164.914: Total time for which application threads were stopped: 0.0011000 seconds, Stopping threads took: 0.0000700 seconds
164.988: Application time: 0.0740010 seconds
164.989: [GC [PSYoungGen: 32254K->1792K(31744K)] 48796K->18457K(73216K), 0.0007650 secs] [Times: user=0.00 sys=0.00, real=0.00 secs] 
164.989: Total time for which application threads were stopped: 0.0008980 seconds, Stopping threads took: 0.0000670 seconds
165.060: Application time: 0.0702390 seconds
165.060: [GC [PSYoungGen: 31124K->2304K(37376K)] 47789K->19017K(78848K), 0.0008560 secs] [Times: user=0.00 sys=0.00, real=0.00 secs] 
165.061: Total time for which application threads were stopped: 0.0010030 seconds, Stopping threads took: 0.0000760 seconds
165.144: Application time: 0.0836820 seconds
165.144: [GC [PSYoungGen: 36283K->1792K(35840K)] 52997K->18505K(77312K), 0.0007140 secs] [Times: user=0.00 sys=0.00, real=0.00 secs] 
165.145: Total time for which application threads were stopped: 0.0008540 seconds, Stopping threads took: 0.0000680 seconds
165.227: Application time: 0.0815950 seconds
165.227: [GC [PSYoungGen: 35410K->2304K(35840K)] 52123K->19017K(77312K), 0.0009630 secs] [Times: user=0.00 sys=0.00, real=0.00 secs] 
165.228: Total time for which application threads were stopped: 0.0011090 seconds, Stopping threads took: 0.0000750 seconds
165.309: Application time: 0.0812310 seconds
165.309: [GC [PSYoungGen: 35251K->1696K(36352K)] 51964K->18997K(77824K), 0.0009900 secs] [Times: user=0.00 sys=0.00, real=0.00 secs] 
165.310: Total time for which application threads were stopped: 0.0011340 seconds, Stopping threads took: 0.0000750 seconds
165.392: Application time: 0.0815730 seconds
165.395: [GC [PSYoungGen: 35752K->2304K(37376K)] 53053K->19605K(78848K), 0.0009370 secs] [Times: user=0.00 sys=0.00, real=0.00 secs] 
165.396: Total time for which application threads were stopped: 0.0039190 seconds, Stopping threads took: 0.0029140 seconds
165.479: Application time: 0.0828650 seconds
165.479: [GC [PSYoungGen: 36356K->2816K(44032K)] 53657K->20669K(85504K), 0.0011510 secs] [Times: user=0.01 sys=0.00, real=0.00 secs] 
165.480: Total time for which application threads were stopped: 0.0013080 seconds, Stopping threads took: 0.0000830 seconds
165.580: Application time: 0.0996500 seconds
165.580: [GC [PSYoungGen: 43715K->2352K(44544K)] 61568K->20253K(86016K), 0.0008720 secs] [Times: user=0.00 sys=0.00, real=0.00 secs] 
165.581: Total time for which application threads were stopped: 0.0010060 seconds, Stopping threads took: 0.0000640 seconds
165.679: Application time: 0.0982960 seconds
165.679: [GC [PSYoungGen: 43090K->2304K(42496K)] 60992K->20321K(83968K), 0.0008070 secs] [Times: user=0.01 sys=0.00, real=0.00 secs] 
165.680: Total time for which application threads were stopped: 0.0009530 seconds, Stopping threads took: 0.0000680 seconds
165.778: Application time: 0.0982260 seconds
165.778: [GC [PSYoungGen: 41938K->1792K(40960K)] 59956K->19865K(82432K), 0.0007360 secs] [Times: user=0.00 sys=0.00, real=0.00 secs] 
165.779: Total time for which application threads were stopped: 0.0008930 seconds, Stopping threads took: 0.0000890 seconds
165.871: Application time: 0.0923570 seconds
165.871: [GC [PSYoungGen: 40550K->2304K(40448K)] 58624K->20377K(81920K), 0.0008080 secs] [Times: user=0.01 sys=0.00, real=0.00 secs] 
165.872: Total time for which application threads were stopped: 0.0009400 seconds, Stopping threads took: 0.0000600 seconds
165.963: Application time: 0.0911960 seconds
165.964: [GC [PSYoungGen: 39878K->2304K(39424K)] 57951K->20457K(80896K), 0.0009280 secs] [Times: user=0.00 sys=0.00, real=0.00 secs] 
165.965: Total time for which application threads were stopped: 0.0010820 seconds, Stopping threads took: 0.0000820 seconds
166.055: Application time: 0.0904370 seconds
166.055: [GC [PSYoungGen: 38934K->1280K(37888K)] 57087K->19945K(79360K), 0.0007180 secs] [Times: user=0.00 sys=0.00, real=0.00 secs] 
166.056: Total time for which application threads were stopped: 0.0008370 seconds, Stopping threads took: 0.0000560 seconds
166.144: Application time: 0.0882090 seconds
166.144: [GC [PSYoungGen: 37391K->1792K(37888K)] 56057K->20513K(79360K), 0.0007670 secs] [Times: user=0.00 sys=0.00, real=0.00 secs] 
166.145: Total time for which application threads were stopped: 0.0009070 seconds, Stopping threads took: 0.0000700 seconds
166.234: Application time: 0.0893360 seconds
166.234: [GC [PSYoungGen: 37550K->768K(36352K)] 56272K->19537K(77824K), 0.0005500 secs] [Times: user=0.00 sys=0.00, real=0.01 secs] 
166.235: Total time for which application threads were stopped: 0.0006930 seconds, Stopping threads took: 0.0000680 seconds
166.316: Application time: 0.0813990 seconds
166.316: [GC [PSYoungGen: 35843K->2816K(37888K)] 54613K->21694K(79360K), 0.0011370 secs] [Times: user=0.01 sys=0.00, real=0.00 secs] 
166.318: Total time for which application threads were stopped: 0.0012860 seconds, Stopping threads took: 0.0000750 seconds
166.403: Application time: 0.0857920 seconds
166.404: [GC [PSYoungGen: 37313K->1280K(35840K)] 56191K->20214K(77312K), 0.0006740 secs] [Times: user=0.00 sys=0.00, real=0.00 secs] 
166.404: Total time for which application threads were stopped: 0.0008030 seconds, Stopping threads took: 0.0000650 seconds
166.486: Application time: 0.0822010 seconds
166.487: [GC [PSYoungGen: 35411K->1792K(35840K)] 54345K->20726K(77312K), 0.0007940 secs] [Times: user=0.00 sys=0.00, real=0.01 secs] 
166.487: Total time for which application threads were stopped: 0.0009300 seconds, Stopping threads took: 0.0000690 seconds
166.569: Application time: 0.0818040 seconds
166.569: [GC [PSYoungGen: 35255K->1792K(35328K)] 54189K->20806K(76800K), 0.0007860 secs] [Times: user=0.00 sys=0.00, real=0.00 secs] 
166.570: Total time for which application threads were stopped: 0.0009220 seconds, Stopping threads took: 0.0000680 seconds
166.651: Application time: 0.0804820 seconds
166.651: [GC [PSYoungGen: 34819K->1792K(34816K)] 53833K->20806K(76288K), 0.0007850 secs] [Times: user=0.00 sys=0.00, real=0.00 secs] 
166.652: Total time for which application threads were stopped: 0.0009310 seconds, Stopping threads took: 0.0000700 seconds
166.730: Application time: 0.0780710 seconds
166.730: [GC [PSYoungGen: 34225K->1792K(34304K)] 53239K->20862K(75776K), 0.0007850 secs] [Times: user=0.01 sys=0.00, real=0.00 secs] 
166.731: Total time for which application threads were stopped: 0.0009230 seconds, Stopping threads took: 0.0000720 seconds
166.808: Application time: 0.0772260 seconds
166.808: [GC [PSYoungGen: 33787K->1792K(33792K)] 52857K->20862K(75264K), 0.0008480 secs] [Times: user=0.01 sys=0.00, real=0.00 secs] 
166.809: Total time for which application threads were stopped: 0.0009940 seconds, Stopping threads took: 0.0000660 seconds
166.885: Application time: 0.0764290 seconds
166.885: [GC [PSYoungGen: 33427K->1808K(33280K)] 52497K->20926K(74752K), 0.0007910 secs] [Times: user=0.01 sys=0.00, real=0.00 secs] 
166.886: Total time for which application threads were stopped: 0.0009240 seconds, Stopping threads took: 0.0000680 seconds
166.962: Application time: 0.0755780 seconds
166.962: [GC [PSYoungGen: 32775K->1280K(32256K)] 51893K->20518K(73728K), 0.0006650 secs] [Times: user=0.00 sys=0.00, real=0.00 secs] 
166.962: Total time for which application threads were stopped: 0.0007970 seconds, Stopping threads took: 0.0000680 seconds
167.035: Application time: 0.0720570 seconds
167.035: [GC [PSYoungGen: 31644K->1792K(32768K)] 50882K->21094K(74240K), 0.0007660 secs] [Times: user=0.00 sys=0.00, real=0.01 secs] 
167.035: Total time for which application threads were stopped: 0.0009030 seconds, Stopping threads took: 0.0000700 seconds
167.107: Application time: 0.0713860 seconds
167.107: [GC [PSYoungGen: 31796K->2320K(32256K)] 51098K->21622K(73728K), 0.0009680 secs] [Times: user=0.01 sys=0.00, real=0.00 secs] 
167.108: Total time for which application threads were stopped: 0.0011160 seconds, Stopping threads took: 0.0000730 seconds
167.180: Application time: 0.0716730 seconds
167.180: [GC [PSYoungGen: 31656K->2304K(32768K)] 50958K->21686K(74240K), 0.0009280 secs] [Times: user=0.01 sys=0.00, real=0.00 secs] 
167.181: Total time for which application threads were stopped: 0.0010740 seconds, Stopping threads took: 0.0000740 seconds
167.252: Application time: 0.0716400 seconds
167.252: [GC [PSYoungGen: 31636K->2272K(32768K)] 51018K->21654K(74240K), 0.0008830 secs] [Times: user=0.01 sys=0.00, real=0.00 secs] 
167.253: Total time for which application threads were stopped: 0.0010550 seconds, Stopping threads took: 0.0001060 seconds
167.325: Application time: 0.0716260 seconds
167.325: [GC [PSYoungGen: 31696K->1280K(30720K)] 51079K->20662K(72192K), 0.0005330 secs] [Times: user=0.00 sys=0.00, real=0.00 secs] 
167.326: Total time for which application threads were stopped: 0.0006660 seconds, Stopping threads took: 0.0000640 seconds
167.397: Application time: 0.0709980 seconds
167.397: [GC [PSYoungGen: 30104K->704K(29696K)] 49486K->20150K(71168K), 0.0004960 secs] [Times: user=0.00 sys=0.00, real=0.00 secs] 
167.397: Total time for which application threads were stopped: 0.0006150 seconds, Stopping threads took: 0.0000580 seconds
167.463: Application time: 0.0656330 seconds
167.463: [GC [PSYoungGen: 29078K->2816K(35840K)] 48524K->22774K(77312K), 0.0011220 secs] [Times: user=0.00 sys=0.00, real=0.00 secs] 
167.464: Total time for which application threads were stopped: 0.0012680 seconds, Stopping threads took: 0.0000700 seconds
167.544: Application time: 0.0796420 seconds
167.544: [GC [PSYoungGen: 35488K->2880K(36352K)] 55447K->22878K(77824K), 0.0011350 secs] [Times: user=0.00 sys=0.00, real=0.00 secs] 
167.545: Total time for which application threads were stopped: 0.0012870 seconds, Stopping threads took: 0.0000770 seconds
167.625: Application time: 0.0797310 seconds
167.625: [GC [PSYoungGen: 35395K->2304K(43008K)] 55394K->22398K(84480K), 0.0008070 secs] [Times: user=0.01 sys=0.00, real=0.00 secs] 
167.626: Total time for which application threads were stopped: 0.0009660 seconds, Stopping threads took: 0.0000880 seconds
167.721: Application time: 0.0949120 seconds
167.721: [GC [PSYoungGen: 41498K->2816K(43008K)] 61593K->22958K(84480K), 0.0009280 secs] [Times: user=0.00 sys=0.00, real=0.00 secs] 
167.722: Total time for which application threads were stopped: 0.0010680 seconds, Stopping threads took: 0.0000700 seconds
167.817: Application time: 0.0956160 seconds
167.818: [GC [PSYoungGen: 42016K->1792K(40448K)] 62158K->21990K(81920K), 0.0006700 secs] [Times: user=0.01 sys=0.00, real=0.00 secs] 
167.818: Total time for which application threads were stopped: 0.0008090 seconds, Stopping threads took: 0.0000730 seconds
167.911: Application time: 0.0927700 seconds
167.911: [GC [PSYoungGen: 39958K->2304K(39936K)] 60156K->22542K(81408K), 0.0008340 secs] [Times: user=0.00 sys=0.00, real=0.00 secs] 
167.912: Total time for which application threads were stopped: 0.0009850 seconds, Stopping threads took: 0.0000720 seconds
168.003: Application time: 0.0908760 seconds
168.003: [GC [PSYoungGen: 39368K->1792K(38912K)] 59606K->22086K(80384K), 0.0006670 secs] [Times: user=0.01 sys=0.00, real=0.00 secs] 
168.004: Total time for which application threads were stopped: 0.0007980 seconds, Stopping threads took: 0.0000670 seconds
168.092: Application time: 0.0883360 seconds
168.092: [GC [PSYoungGen: 38418K->1728K(38400K)] 58712K->22022K(79872K), 0.0007500 secs] [Times: user=0.01 sys=0.00, real=0.00 secs] 
168.093: Total time for which application threads were stopped: 0.0008750 seconds, Stopping threads took: 0.0000590 seconds
168.182: Application time: 0.0890310 seconds
168.182: [GC [PSYoungGen: 38000K->768K(36864K)] 58294K->21110K(78336K), 0.0006070 secs] [Times: user=0.00 sys=0.00, real=0.00 secs] 
168.183: Total time for which application threads were stopped: 0.0007930 seconds, Stopping threads took: 0.0001240 seconds
168.268: Application time: 0.0849440 seconds
168.268: [GC [PSYoungGen: 36357K->2304K(37888K)] 56700K->22754K(79360K), 0.0009730 secs] [Times: user=0.01 sys=0.00, real=0.00 secs] 
168.269: Total time for which application threads were stopped: 0.0011270 seconds, Stopping threads took: 0.0000830 seconds
168.357: Application time: 0.0878920 seconds
168.357: [GC [PSYoungGen: 37391K->1792K(36864K)] 57842K->22298K(78336K), 0.0008680 secs] [Times: user=0.01 sys=0.00, real=0.00 secs] 
168.359: Total time for which application threads were stopped: 0.0018440 seconds, Stopping threads took: 0.0000670 seconds
168.442: Application time: 0.0833960 seconds
168.442: [GC [PSYoungGen: 36360K->2304K(36864K)] 56866K->22866K(78336K), 0.0009990 secs] [Times: user=0.01 sys=0.00, real=0.00 secs] 
168.443: Total time for which application threads were stopped: 0.0011450 seconds, Stopping threads took: 0.0000670 seconds
168.527: Application time: 0.0836470 seconds
168.527: [GC [PSYoungGen: 36283K->1760K(35840K)] 56846K->22370K(77312K), 0.0007650 secs] [Times: user=0.00 sys=0.00, real=0.00 secs] 
168.528: Total time for which application threads were stopped: 0.0008960 seconds, Stopping threads took: 0.0000650 seconds
168.609: Application time: 0.0816990 seconds
168.609: [GC [PSYoungGen: 35300K->2240K(35840K)] 55910K->22850K(77312K), 0.0009350 secs] [Times: user=0.00 sys=0.00, real=0.00 secs] 
168.610: Total time for which application threads were stopped: 0.0010680 seconds, Stopping threads took: 0.0000670 seconds
168.690: Application time: 0.0799480 seconds
168.690: [GC [PSYoungGen: 35189K->2272K(35328K)] 55800K->22930K(76800K), 0.0009690 secs] [Times: user=0.01 sys=0.00, real=0.00 secs] 
168.691: Total time for which application threads were stopped: 0.0011110 seconds, Stopping threads took: 0.0000680 seconds
168.770: Application time: 0.0789170 seconds
168.771: [GC [PSYoungGen: 34783K->2304K(34816K)] 55442K->22962K(76288K), 0.0009540 secs] [Times: user=0.00 sys=0.00, real=0.00 secs] 
168.772: Total time for which application threads were stopped: 0.0011020 seconds, Stopping threads took: 0.0000760 seconds
168.849: Application time: 0.0772650 seconds
168.849: [GC [PSYoungGen: 34456K->2352K(35840K)] 55114K->23066K(77312K), 0.0009220 secs] [Times: user=0.01 sys=0.00, real=0.00 secs] 
168.850: Total time for which application threads were stopped: 0.0010580 seconds, Stopping threads took: 0.0000590 seconds
168.926: Application time: 0.0760080 seconds
168.926: [GC [PSYoungGen: 34345K->2816K(35840K)] 55060K->23639K(77312K), 0.0011700 secs] [Times: user=0.01 sys=0.00, real=0.01 secs] 
168.927: Total time for which application threads were stopped: 0.0013160 seconds, Stopping threads took: 0.0000740 seconds
169.005: Application time: 0.0777150 seconds
169.005: [GC [PSYoungGen: 34811K->2784K(42496K)] 55634K->23647K(83968K), 0.0009050 secs] [Times: user=0.01 sys=0.00, real=0.00 secs] 
169.006: Total time for which application threads were stopped: 0.0010500 seconds, Stopping threads took: 0.0000690 seconds
169.102: Application time: 0.0957650 seconds
169.102: [GC [PSYoungGen: 41472K->1280K(39424K)] 62335K->22199K(80896K), 0.0005910 secs] [Times: user=0.01 sys=0.00, real=0.00 secs] 
169.102: Total time for which application threads were stopped: 0.0007510 seconds, Stopping threads took: 0.0000980 seconds
169.192: Application time: 0.0900470 seconds
169.193: [GC [PSYoungGen: 38854K->1792K(39424K)] 59773K->22775K(80896K), 0.0007250 secs] [Times: user=0.01 sys=0.00, real=0.00 secs] 
169.193: Total time for which application threads were stopped: 0.0008630 seconds, Stopping threads took: 0.0000740 seconds
169.284: Application time: 0.0901710 seconds
169.284: [GC [PSYoungGen: 38418K->1248K(37888K)] 59401K->22231K(79360K), 0.0006290 secs] [Times: user=0.00 sys=0.00, real=0.00 secs] 
169.284: Total time for which application threads were stopped: 0.0008290 seconds, Stopping threads took: 0.0001350 seconds
169.371: Application time: 0.0861450 seconds
169.371: [GC [PSYoungGen: 37279K->2304K(38912K)] 58262K->23343K(80384K), 0.0008660 secs] [Times: user=0.01 sys=0.00, real=0.00 secs] 
169.372: Total time for which application threads were stopped: 0.0010120 seconds, Stopping threads took: 0.0000710 seconds
169.459: Application time: 0.0873360 seconds
169.459: [GC [PSYoungGen: 37903K->1792K(37376K)] 58943K->22831K(78848K), 0.0007600 secs] [Times: user=0.01 sys=0.00, real=0.00 secs] 
169.460: Total time for which application threads were stopped: 0.0008910 seconds, Stopping threads took: 0.0000650 seconds
169.545: Application time: 0.0850420 seconds
169.545: [GC [PSYoungGen: 37110K->1840K(37888K)] 58149K->22927K(79360K), 0.0008090 secs] [Times: user=0.00 sys=0.00, real=0.00 secs] 
169.546: Total time for which application threads were stopped: 0.0009420 seconds, Stopping threads took: 0.0000580 seconds
169.628: Application time: 0.0819010 seconds
169.628: [GC [PSYoungGen: 36325K->3328K(38400K)] 57412K->24563K(79872K), 0.0012930 secs] [Times: user=0.01 sys=0.00, real=0.00 secs] 
169.629: Total time for which application threads were stopped: 0.0014540 seconds, Stopping threads took: 0.0000820 seconds
169.716: Application time: 0.0870870 seconds
169.716: [GC [PSYoungGen: 37986K->768K(35328K)] 59221K->22003K(76800K), 0.0005050 secs] [Times: user=0.01 sys=0.00, real=0.00 secs] 
169.717: Total time for which application threads were stopped: 0.0006250 seconds, Stopping threads took: 0.0000620 seconds
169.799: Application time: 0.0820970 seconds
169.799: [GC [PSYoungGen: 34743K->1280K(35328K)] 55978K->22611K(76800K), 0.0006060 secs] [Times: user=0.00 sys=0.00, real=0.00 secs] 
169.800: Total time for which application threads were stopped: 0.0007370 seconds, Stopping threads took: 0.0000660 seconds
169.881: Application time: 0.0815280 seconds
169.881: [GC [PSYoungGen: 34819K->1792K(35328K)] 56151K->23123K(76800K), 0.0006800 secs] [Times: user=0.00 sys=0.00, real=0.00 secs] 
169.882: Total time for which application threads were stopped: 0.0008250 seconds, Stopping threads took: 0.0000810 seconds
169.961: Application time: 0.0792690 seconds
169.961: [GC [PSYoungGen: 34737K->2304K(35328K)] 56068K->23691K(76800K), 0.0009440 secs] [Times: user=0.00 sys=0.00, real=0.00 secs] 
169.962: Total time for which application threads were stopped: 0.0010790 seconds, Stopping threads took: 0.0000660 seconds
170.043: Application time: 0.0802900 seconds
170.043: [GC [PSYoungGen: 34820K->1792K(34304K)] 56207K->23179K(75776K), 0.0008050 secs] [Times: user=0.00 sys=0.00, real=0.00 secs] 
170.044: Total time for which application threads were stopped: 0.0009490 seconds, Stopping threads took: 0.0000800 seconds
170.122: Application time: 0.0782310 seconds
170.122: [GC [PSYoungGen: 33791K->1248K(33280K)] 55179K->22675K(74752K), 0.0006750 secs] [Times: user=0.00 sys=0.00, real=0.00 secs] 
170.123: Total time for which application threads were stopped: 0.0008200 seconds, Stopping threads took: 0.0000690 seconds
170.198: Application time: 0.0756440 seconds
170.198: [GC [PSYoungGen: 32801K->1792K(33280K)] 54229K->23259K(74752K), 0.0008480 secs] [Times: user=0.01 sys=0.00, real=0.00 secs] 
170.199: Total time for which application threads were stopped: 0.0009750 seconds, Stopping threads took: 0.0000590 seconds
170.274: Application time: 0.0745000 seconds
170.274: [GC [PSYoungGen: 32750K->2272K(33280K)] 54218K->23823K(74752K), 0.0009720 secs] [Times: user=0.01 sys=0.00, real=0.01 secs] 
170.275: Total time for which application threads were stopped: 0.0011120 seconds, Stopping threads took: 0.0000680 seconds
170.349: Application time: 0.0737830 seconds
170.349: [GC [PSYoungGen: 32797K->2304K(34304K)] 54348K->23895K(75776K), 0.0009410 secs] [Times: user=0.00 sys=0.00, real=0.00 secs] 
170.350: Total time for which application threads were stopped: 0.0010980 seconds, Stopping threads took: 0.0000860 seconds
170.423: Application time: 0.0735550 seconds
170.423: [GC [PSYoungGen: 32675K->2240K(34304K)] 54266K->23907K(75776K), 0.0008880 secs] [Times: user=0.01 sys=0.00, real=0.00 secs] 
170.424: Total time for which application threads were stopped: 0.0010160 seconds, Stopping threads took: 0.0000610 seconds
170.498: Application time: 0.0738850 seconds
170.498: [GC [PSYoungGen: 32682K->2816K(40448K)] 54350K->24483K(81920K), 0.0009270 secs] [Times: user=0.00 sys=0.01, real=0.00 secs] 
170.499: Total time for which application threads were stopped: 0.0011510 seconds, Stopping threads took: 0.0001500 seconds
170.589: Application time: 0.0891230 seconds
170.589: [GC [PSYoungGen: 39364K->2272K(40448K)] 61031K->23979K(81920K), 0.0008800 secs] [Times: user=0.00 sys=0.00, real=0.00 secs] 
170.590: Total time for which application threads were stopped: 0.0010500 seconds, Stopping threads took: 0.0000980 seconds
170.678: Application time: 0.0889070 seconds
170.679: [GC [PSYoungGen: 38900K->2304K(38912K)] 60607K->24011K(80384K), 0.0007680 secs] [Times: user=0.00 sys=0.00, real=0.00 secs] 
170.679: Total time for which application threads were stopped: 0.0009160 seconds, Stopping threads took: 0.0000720 seconds
170.768: Application time: 0.0885550 seconds
170.768: [GC [PSYoungGen: 38337K->2304K(38400K)] 60045K->24067K(79872K), 0.0008520 secs] [Times: user=0.01 sys=0.00, real=0.00 secs] 
170.769: Total time for which application threads were stopped: 0.0009810 seconds, Stopping threads took: 0.0000610 seconds
170.857: Application time: 0.0877040 seconds
170.857: [GC [PSYoungGen: 38064K->768K(36352K)] 59828K->22531K(77824K), 0.0005210 secs] [Times: user=0.00 sys=0.00, real=0.00 secs] 
170.857: Total time for which application threads were stopped: 0.0006570 seconds, Stopping threads took: 0.0000730 seconds
170.941: Application time: 0.0837720 seconds
170.941: [GC [PSYoungGen: 35923K->2304K(37376K)] 57687K->24171K(78848K), 0.0009830 secs] [Times: user=0.01 sys=0.00, real=0.00 secs] 
170.942: Total time for which application threads were stopped: 0.0011270 seconds, Stopping threads took: 0.0000720 seconds
171.026: Application time: 0.0841540 seconds
171.026: [GC [PSYoungGen: 36874K->2304K(36864K)] 58742K->24259K(78336K), 0.0009030 secs] [Times: user=0.01 sys=0.00, real=0.01 secs] 
171.027: Total time for which application threads were stopped: 0.0010350 seconds, Stopping threads took: 0.0000640 seconds
171.112: Application time: 0.0846090 seconds
171.112: [GC [PSYoungGen: 36364K->1280K(35328K)] 58320K->23267K(76800K), 0.0007090 secs] [Times: user=0.01 sys=0.00, real=0.00 secs] 
171.113: Total time for which application threads were stopped: 0.0008360 seconds, Stopping threads took: 0.0000620 seconds
171.193: Application time: 0.0799920 seconds
171.193: [GC [PSYoungGen: 34741K->1792K(35328K)] 56729K->23836K(76800K), 0.0007930 secs] [Times: user=0.00 sys=0.00, real=0.00 secs] 
171.194: Total time for which application threads were stopped: 0.0009390 seconds, Stopping threads took: 0.0000680 seconds
171.275: Application time: 0.0807580 seconds
171.275: [GC [PSYoungGen: 34739K->1760K(34816K)] 56783K->23804K(76288K), 0.0008120 secs] [Times: user=0.00 sys=0.00, real=0.01 secs] 
171.275: Total time for which application threads were stopped: 0.0009480 seconds, Stopping threads took: 0.0000700 seconds
171.356: Application time: 0.0800270 seconds
171.356: [GC [PSYoungGen: 34277K->736K(34816K)] 56321K->22780K(76288K), 0.0004880 secs] [Times: user=0.00 sys=0.00, real=0.00 secs] 
171.356: Total time for which application threads were stopped: 0.0006200 seconds, Stopping threads took: 0.0000640 seconds
171.431: Application time: 0.0749400 seconds
171.431: [GC [PSYoungGen: 32714K->2816K(34816K)] 54758K->24900K(76288K), 0.0011360 secs] [Times: user=0.00 sys=0.00, real=0.00 secs] 
171.432: Total time for which application threads were stopped: 0.0012700 seconds, Stopping threads took: 0.0000640 seconds
171.510: Application time: 0.0781080 seconds
171.511: [GC [PSYoungGen: 34377K->2304K(35328K)] 56461K->24436K(76800K), 0.0009980 secs] [Times: user=0.00 sys=0.00, real=0.00 secs] 
171.512: Total time for which application threads were stopped: 0.0011310 seconds, Stopping threads took: 0.0000630 seconds
171.589: Application time: 0.0775520 seconds
171.589: [GC [PSYoungGen: 33869K->1216K(32768K)] 56001K->23432K(74240K), 0.0006590 secs] [Times: user=0.01 sys=0.00, real=0.00 secs] 
171.590: Total time for which application threads were stopped: 0.0008030 seconds, Stopping threads took: 0.0000750 seconds
171.664: Application time: 0.0740840 seconds
171.664: [GC [PSYoungGen: 32171K->2304K(34816K)] 54387K->24592K(76288K), 0.0009310 secs] [Times: user=0.00 sys=0.00, real=0.00 secs] 
171.665: Total time for which application threads were stopped: 0.0010680 seconds, Stopping threads took: 0.0000670 seconds
171.742: Application time: 0.0766500 seconds
171.743: [GC [PSYoungGen: 33273K->1280K(32256K)] 55561K->23624K(73728K), 0.0006650 secs] [Times: user=0.00 sys=0.00, real=0.00 secs] 
171.743: Total time for which application threads were stopped: 0.0017140 seconds, Stopping threads took: 0.0009790 seconds
171.816: Application time: 0.0722090 seconds
171.816: [GC [PSYoungGen: 31644K->2272K(34304K)] 53988K->24656K(75776K), 0.0009000 secs] [Times: user=0.01 sys=0.00, real=0.00 secs] 
171.817: Total time for which application threads were stopped: 0.0010410 seconds, Stopping threads took: 0.0000740 seconds
171.893: Application time: 0.0762930 seconds
171.893: [GC [PSYoungGen: 32653K->768K(31232K)] 55037K->23152K(72704K), 0.0004590 secs] [Times: user=0.00 sys=0.00, real=0.00 secs] 
171.894: Total time for which application threads were stopped: 0.0005760 seconds, Stopping threads took: 0.0000540 seconds
171.965: Application time: 0.0715270 seconds
171.965: [GC [PSYoungGen: 30690K->1792K(32768K)] 53074K->24176K(74240K), 0.0007640 secs] [Times: user=0.00 sys=0.00, real=0.00 secs] 
171.966: Total time for which application threads were stopped: 0.0008920 seconds, Stopping threads took: 0.0000610 seconds
172.036: Application time: 0.0699500 seconds
172.036: [GC [PSYoungGen: 31122K->2816K(33280K)] 53506K->25248K(74752K), 0.0010830 secs] [Times: user=0.01 sys=0.00, real=0.00 secs] 
172.037: Total time for which application threads were stopped: 0.0012340 seconds, Stopping threads took: 0.0000790 seconds
172.110: Application time: 0.0730560 seconds
172.110: [GC [PSYoungGen: 32387K->2880K(38912K)] 54819K->25312K(80384K), 0.0008860 secs] [Times: user=0.00 sys=0.00, real=0.00 secs] 
172.111: Total time for which application threads were stopped: 0.0010400 seconds, Stopping threads took: 0.0000800 seconds
172.198: Application time: 0.0863060 seconds
172.198: [GC [PSYoungGen: 37970K->1280K(36352K)] 60402K->23832K(77824K), 0.0006540 secs] [Times: user=0.01 sys=0.00, real=0.00 secs] 
172.198: Total time for which application threads were stopped: 0.0007880 seconds, Stopping threads took: 0.0000660 seconds
172.281: Application time: 0.0823780 seconds
172.281: [GC [PSYoungGen: 35919K->2320K(38912K)] 58472K->24920K(80384K), 0.0009390 secs] [Times: user=0.01 sys=0.00, real=0.00 secs] 
172.282: Total time for which application threads were stopped: 0.0011640 seconds, Stopping threads took: 0.0001440 seconds
172.367: Application time: 0.0848730 seconds
172.367: [GC [PSYoungGen: 36891K->2208K(38912K)] 59492K->24896K(80384K), 0.0010020 secs] [Times: user=0.00 sys=0.00, real=0.00 secs] 
172.368: Total time for which application threads were stopped: 0.0011600 seconds, Stopping threads took: 0.0000870 seconds
172.451: Application time: 0.0828030 seconds
172.451: [GC [PSYoungGen: 36697K->2816K(45056K)] 59386K->25552K(86528K), 0.0009230 secs] [Times: user=0.01 sys=0.00, real=0.00 secs] 
172.452: Total time for which application threads were stopped: 0.0010550 seconds, Stopping threads took: 0.0000590 seconds
172.554: Application time: 0.1020980 seconds
172.554: [GC [PSYoungGen: 43996K->1280K(41984K)] 66733K->24016K(83456K), 0.0006010 secs] [Times: user=0.00 sys=0.00, real=0.00 secs] 
172.555: Total time for which application threads were stopped: 0.0007200 seconds, Stopping threads took: 0.0000540 seconds
172.650: Application time: 0.0952270 seconds
172.650: [GC [PSYoungGen: 41500K->2240K(42496K)] 64237K->24976K(83968K), 0.0009000 secs] [Times: user=0.00 sys=0.00, real=0.00 secs] 
172.651: Total time for which application threads were stopped: 0.0010490 seconds, Stopping threads took: 0.0000830 seconds
172.748: Application time: 0.0973560 seconds
172.748: [GC [PSYoungGen: 41518K->1248K(39936K)] 64255K->24040K(81408K), 0.0007000 secs] [Times: user=0.01 sys=0.00, real=0.00 secs] 
172.749: Total time for which application threads were stopped: 0.0008260 seconds, Stopping threads took: 0.0000600 seconds
172.841: Application time: 0.0918240 seconds
172.841: [GC [PSYoungGen: 39416K->1248K(39936K)] 62209K->24128K(81408K), 0.0006950 secs] [Times: user=0.01 sys=0.00, real=0.00 secs] 
172.842: Total time for which application threads were stopped: 0.0008240 seconds, Stopping threads took: 0.0000580 seconds
172.932: Application time: 0.0906330 seconds
172.933: [GC [PSYoungGen: 38542K->1776K(38912K)] 61423K->24704K(80384K), 0.0007470 secs] [Times: user=0.00 sys=0.00, real=0.00 secs] 
172.933: Total time for which application threads were stopped: 0.0008870 seconds, Stopping threads took: 0.0000730 seconds
173.021: Application time: 0.0880880 seconds
173.022: [GC [PSYoungGen: 38404K->1232K(39424K)] 61333K->24264K(80896K), 0.0006270 secs] [Times: user=0.00 sys=0.00, real=0.00 secs] 
173.022: Total time for which application threads were stopped: 0.0007790 seconds, Stopping threads took: 0.0000870 seconds
173.109: Application time: 0.0869950 seconds
173.109: [GC [PSYoungGen: 37257K->3296K(39424K)] 60290K->26368K(80896K), 0.0011740 secs] [Times: user=0.01 sys=0.00, real=0.00 secs] 
173.110: Total time for which application threads were stopped: 0.0013090 seconds, Stopping threads took: 0.0000640 seconds
173.198: Application time: 0.0872070 seconds
173.198: [GC [PSYoungGen: 38818K->2816K(38912K)] 61890K->25888K(80384K), 0.0010240 secs] [Times: user=0.00 sys=0.00, real=0.00 secs] 
173.199: Total time for which application threads were stopped: 0.0011790 seconds, Stopping threads took: 0.0000820 seconds
173.284: Application time: 0.0856290 seconds
173.285: [GC [PSYoungGen: 37904K->1760K(36864K)] 60977K->24832K(78336K), 0.0007910 secs] [Times: user=0.00 sys=0.00, real=0.00 secs] 
173.285: Total time for which application threads were stopped: 0.0009240 seconds, Stopping threads took: 0.0000630 seconds
173.369: Application time: 0.0836720 seconds
173.369: [GC [PSYoungGen: 36251K->1760K(37888K)] 59324K->24880K(79360K), 0.0007820 secs] [Times: user=0.00 sys=0.00, real=0.00 secs] 
173.371: Total time for which application threads were stopped: 0.0016940 seconds, Stopping threads took: 0.0000720 seconds
173.453: Application time: 0.0823170 seconds
173.453: [GC [PSYoungGen: 35970K->2336K(36352K)] 59091K->25456K(77824K), 0.0009790 secs] [Times: user=0.01 sys=0.00, real=0.00 secs] 
173.454: Total time for which application threads were stopped: 0.0011110 seconds, Stopping threads took: 0.0000660 seconds
173.536: Application time: 0.0814020 seconds
173.536: [GC [PSYoungGen: 35958K->1776K(36352K)] 59079K->25008K(77824K), 0.0007870 secs] [Times: user=0.00 sys=0.00, real=0.00 secs] 
173.537: Total time for which application threads were stopped: 0.0009270 seconds, Stopping threads took: 0.0000760 seconds
173.617: Application time: 0.0804130 seconds
173.617: [GC [PSYoungGen: 34880K->1760K(34816K)] 58112K->25073K(76288K), 0.0008060 secs] [Times: user=0.00 sys=0.00, real=0.00 secs] 
173.618: Total time for which application threads were stopped: 0.0009490 seconds, Stopping threads took: 0.0000740 seconds
173.696: Application time: 0.0779740 seconds
173.696: [GC [PSYoungGen: 34189K->2304K(35328K)] 57502K->25689K(76800K), 0.0009950 secs] [Times: user=0.01 sys=0.00, real=0.00 secs] 
173.697: Total time for which application threads were stopped: 0.0011220 seconds, Stopping threads took: 0.0000580 seconds
173.776: Application time: 0.0785300 seconds
173.776: [GC [PSYoungGen: 34225K->1792K(33792K)] 57610K->25177K(75264K), 0.0007600 secs] [Times: user=0.00 sys=0.00, real=0.00 secs] 
173.776: Total time for which application threads were stopped: 0.0008960 seconds, Stopping threads took: 0.0000660 seconds
173.854: Application time: 0.0775210 seconds
173.854: [GC [PSYoungGen: 33197K->1280K(34304K)] 56582K->24665K(75776K), 0.0006170 secs] [Times: user=0.00 sys=0.00, real=0.01 secs] 
173.855: Total time for which application threads were stopped: 0.0007500 seconds, Stopping threads took: 0.0000660 seconds
173.928: Application time: 0.0734690 seconds
173.928: [GC [PSYoungGen: 32156K->2304K(33280K)] 55541K->25689K(74752K), 0.0009350 secs] [Times: user=0.01 sys=0.00, real=0.00 secs] 
173.929: Total time for which application threads were stopped: 0.0010840 seconds, Stopping threads took: 0.0000750 seconds
174.004: Application time: 0.0744150 seconds
174.004: [GC [PSYoungGen: 32750K->2304K(34304K)] 56135K->25689K(75776K), 0.0009180 secs] [Times: user=0.01 sys=0.00, real=0.00 secs] 
174.005: Total time for which application threads were stopped: 0.0010490 seconds, Stopping threads took: 0.0000610 seconds
174.079: Application time: 0.0737690 seconds
174.079: [GC [PSYoungGen: 32911K->1792K(34304K)] 56296K->25225K(75776K), 0.0008010 secs] [Times: user=0.00 sys=0.00, real=0.00 secs] 
174.079: Total time for which application threads were stopped: 0.0009390 seconds, Stopping threads took: 0.0000740 seconds
174.153: Application time: 0.0739070 seconds
174.153: [GC [PSYoungGen: 32148K->3328K(40448K)] 55581K->26865K(81920K), 0.0010950 secs] [Times: user=0.00 sys=0.00, real=0.00 secs] 
174.155: Total time for which application threads were stopped: 0.0012410 seconds, Stopping threads took: 0.0000690 seconds
174.244: Application time: 0.0892050 seconds
174.244: [GC [PSYoungGen: 40112K->2864K(40448K)] 63650K->26401K(81920K), 0.0010300 secs] [Times: user=0.00 sys=0.00, real=0.00 secs] 
174.245: Total time for which application threads were stopped: 0.0011740 seconds, Stopping threads took: 0.0000700 seconds
174.336: Application time: 0.0909740 seconds
174.336: [GC [PSYoungGen: 39492K->2304K(47616K)] 63029K->25953K(89088K), 0.0008140 secs] [Times: user=0.01 sys=0.00, real=0.00 secs] 
174.337: Total time for which application threads were stopped: 0.0009600 seconds, Stopping threads took: 0.0000720 seconds
174.446: Application time: 0.1088710 seconds
174.446: [GC [PSYoungGen: 46571K->704K(44544K)] 70220K->24417K(86016K), 0.0004770 secs] [Times: user=0.01 sys=0.00, real=0.00 secs] 
174.446: Total time for which application threads were stopped: 0.0006110 seconds, Stopping threads took: 0.0000650 seconds
174.551: Application time: 0.1042900 seconds
174.551: [GC [PSYoungGen: 43928K->2304K(45568K)] 67641K->26017K(87040K), 0.0008780 secs] [Times: user=0.00 sys=0.00, real=0.00 secs] 
174.552: Total time for which application threads were stopped: 0.0010170 seconds, Stopping threads took: 0.0000690 seconds
174.654: Application time: 0.1025870 seconds
174.654: [GC [PSYoungGen: 44586K->1760K(43520K)] 68300K->25473K(84992K), 0.0008630 secs] [Times: user=0.01 sys=0.00, real=0.01 secs] 
174.655: Total time for which application threads were stopped: 0.0010020 seconds, Stopping threads took: 0.0000750 seconds
174.754: Application time: 0.0991820 seconds
174.755: [GC [PSYoungGen: 43167K->2320K(43008K)] 66880K->26089K(84480K), 0.0008900 secs] [Times: user=0.00 sys=0.00, real=0.01 secs] 
174.756: Total time for which application threads were stopped: 0.0010330 seconds, Stopping threads took: 0.0000680 seconds
174.854: Application time: 0.0982920 seconds
174.854: [GC [PSYoungGen: 42625K->1760K(41472K)] 66394K->25645K(82944K), 0.0008310 secs] [Times: user=0.00 sys=0.00, real=0.01 secs] 
174.855: Total time for which application threads were stopped: 0.0009620 seconds, Stopping threads took: 0.0000600 seconds
174.948: Application time: 0.0933700 seconds
174.948: [GC [PSYoungGen: 41030K->2832K(41472K)] 64916K->26797K(82944K), 0.0011060 secs] [Times: user=0.01 sys=0.00, real=0.00 secs] 
174.949: Total time for which application threads were stopped: 0.0012700 seconds, Stopping threads took: 0.0000810 seconds
175.045: Application time: 0.0956020 seconds
175.045: [GC [PSYoungGen: 40930K->704K(38400K)] 64895K->24765K(79872K), 0.0004710 secs] [Times: user=0.01 sys=0.00, real=0.00 secs] 
175.046: Total time for which application threads were stopped: 0.0006480 seconds, Stopping threads took: 0.0001140 seconds
175.137: Application time: 0.0908720 seconds
175.137: [GC [PSYoungGen: 37766K->704K(40448K)] 61827K->24765K(81920K), 0.0004820 secs] [Times: user=0.00 sys=0.00, real=0.00 secs] 
175.137: Total time for which application threads were stopped: 0.0006170 seconds, Stopping threads took: 0.0000720 seconds
175.221: Application time: 0.0841910 seconds
175.222: [GC [PSYoungGen: 37239K->3808K(40448K)] 61301K->27869K(81920K), 0.0014360 secs] [Times: user=0.00 sys=0.01, real=0.00 secs] 
175.223: Total time for which application threads were stopped: 0.0016040 seconds, Stopping threads took: 0.0000910 seconds
175.313: Application time: 0.0900880 seconds
175.313: [GC [PSYoungGen: 39924K->2816K(39936K)] 63986K->26877K(81408K), 0.0010450 secs] [Times: user=0.01 sys=0.00, real=0.00 secs] 
175.314: Total time for which application threads were stopped: 0.0011980 seconds, Stopping threads took: 0.0000820 seconds
175.402: Application time: 0.0872790 seconds
175.402: [GC [PSYoungGen: 38574K->1760K(37376K)] 62635K->25877K(78848K), 0.0008000 secs] [Times: user=0.00 sys=0.00, real=0.00 secs] 
175.402: Total time for which application threads were stopped: 0.0009320 seconds, Stopping threads took: 0.0000660 seconds
175.488: Application time: 0.0858530 seconds
175.488: [GC [PSYoungGen: 36924K->1280K(37888K)] 61042K->25513K(79360K), 0.0007150 secs] [Times: user=0.00 sys=0.00, real=0.00 secs] 
175.489: Total time for which application threads were stopped: 0.0008520 seconds, Stopping threads took: 0.0000610 seconds
175.572: Application time: 0.0828150 seconds
175.572: [GC [PSYoungGen: 35923K->2304K(36864K)] 60157K->26609K(78336K), 0.0009350 secs] [Times: user=0.01 sys=0.00, real=0.00 secs] 
175.573: Total time for which application threads were stopped: 0.0010760 seconds, Stopping threads took: 0.0000740 seconds
175.655: Application time: 0.0816720 seconds
175.655: [GC [PSYoungGen: 36277K->3264K(37888K)] 60583K->27645K(79360K), 0.0012640 secs] [Times: user=0.01 sys=0.00, real=0.00 secs] 
175.656: Total time for which application threads were stopped: 0.0014140 seconds, Stopping threads took: 0.0000720 seconds
175.740: Application time: 0.0841960 seconds
175.741: [GC [PSYoungGen: 36735K->1248K(34816K)] 61117K->25629K(76288K), 0.0006110 secs] [Times: user=0.00 sys=0.00, real=0.00 secs] 
175.741: Total time for which application threads were stopped: 0.0008390 seconds, Stopping threads took: 0.0001550 seconds
175.820: Application time: 0.0791130 seconds
175.820: [GC [PSYoungGen: 34189K->2272K(38400K)] 58571K->26653K(79872K), 0.0009590 secs] [Times: user=0.00 sys=0.00, real=0.00 secs] 
175.821: Total time for which application threads were stopped: 0.0010870 seconds, Stopping threads took: 0.0000640 seconds
175.903: Application time: 0.0815640 seconds
175.903: [GC [PSYoungGen: 35816K->1792K(35328K)] 60197K->26173K(76800K), 0.0008120 secs] [Times: user=0.01 sys=0.00, real=0.00 secs] 
175.904: Total time for which application threads were stopped: 0.0009440 seconds, Stopping threads took: 0.0000670 seconds
175.986: Application time: 0.0816530 seconds
175.986: [GC [PSYoungGen: 34822K->1280K(36352K)] 59203K->25725K(77824K), 0.0006390 secs] [Times: user=0.00 sys=0.00, real=0.00 secs] 
175.986: Total time for which application threads were stopped: 0.0007650 seconds, Stopping threads took: 0.0000590 seconds
176.065: Application time: 0.0790810 seconds
176.066: [GC [PSYoungGen: 33874K->720K(33280K)] 58320K->25213K(74752K), 0.0005050 secs] [Times: user=0.01 sys=0.00, real=0.00 secs] 
176.066: Total time for which application threads were stopped: 0.0006650 seconds, Stopping threads took: 0.0000820 seconds
176.142: Application time: 0.0760770 seconds
176.142: [GC [PSYoungGen: 32863K->1808K(35328K)] 57357K->26394K(76800K), 0.0008640 secs] [Times: user=0.01 sys=0.00, real=0.00 secs] 
176.143: Total time for which application threads were stopped: 0.0009970 seconds, Stopping threads took: 0.0000650 seconds
176.220: Application time: 0.0773240 seconds
176.221: [GC [PSYoungGen: 33279K->2816K(34304K)] 57865K->27510K(75776K), 0.0011020 secs] [Times: user=0.01 sys=0.00, real=0.00 secs] 
176.222: Total time for which application threads were stopped: 0.0012670 seconds, Stopping threads took: 0.0000930 seconds
176.300: Application time: 0.0781550 seconds
176.300: [GC [PSYoungGen: 33713K->1248K(34304K)] 58407K->25998K(75776K), 0.0006250 secs] [Times: user=0.01 sys=0.00, real=0.00 secs] 
176.301: Total time for which application threads were stopped: 0.0007870 seconds, Stopping threads took: 0.0000900 seconds
176.373: Application time: 0.0726560 seconds
176.373: [GC [PSYoungGen: 31604K->2784K(34816K)] 56354K->27534K(76288K), 0.0011150 secs] [Times: user=0.00 sys=0.00, real=0.00 secs] 
176.375: Total time for which application threads were stopped: 0.0012630 seconds, Stopping threads took: 0.0000760 seconds
176.452: Application time: 0.0777510 seconds
176.452: [GC [PSYoungGen: 33173K->192K(30720K)] 57923K->24942K(72192K), 0.0003900 secs] [Times: user=0.00 sys=0.00, real=0.00 secs] 
176.453: Total time for which application threads were stopped: 0.0005110 seconds, Stopping threads took: 0.0000620 seconds
176.525: Application time: 0.0722230 seconds
176.525: [GC [PSYoungGen: 30034K->1760K(33792K)] 54784K->26510K(75264K), 0.0007090 secs] [Times: user=0.01 sys=0.00, real=0.00 secs] 
176.526: Total time for which application threads were stopped: 0.0008480 seconds, Stopping threads took: 0.0000720 seconds
176.597: Application time: 0.0709590 seconds
176.597: [GC [PSYoungGen: 31174K->1792K(31232K)] 55924K->26542K(72704K), 0.0007460 secs] [Times: user=0.01 sys=0.00, real=0.00 secs] 
176.598: Total time for which application threads were stopped: 0.0008980 seconds, Stopping threads took: 0.0000720 seconds
176.668: Application time: 0.0699190 seconds
176.668: [GC [PSYoungGen: 30769K->1792K(30720K)] 55519K->26590K(72192K), 0.0008160 secs] [Times: user=0.00 sys=0.00, real=0.00 secs] 
176.669: Total time for which application threads were stopped: 0.0009530 seconds, Stopping threads took: 0.0000710 seconds
176.739: Application time: 0.0703620 seconds
176.739: [GC [PSYoungGen: 30176K->1792K(30208K)] 54974K->26678K(71680K), 0.0008310 secs] [Times: user=0.01 sys=0.00, real=0.00 secs] 
176.740: Total time for which application threads were stopped: 0.0009690 seconds, Stopping threads took: 0.0000680 seconds
176.806: Application time: 0.0655600 seconds
176.806: [GC [PSYoungGen: 29816K->2240K(32768K)] 54703K->27166K(74240K), 0.0010780 secs] [Times: user=0.01 sys=0.00, real=0.01 secs] 
176.807: Total time for which application threads were stopped: 0.0012910 seconds, Stopping threads took: 0.0001380 seconds
176.877: Application time: 0.0702340 seconds
176.877: [GC [PSYoungGen: 31136K->2816K(37376K)] 56062K->27862K(78848K), 0.0009530 secs] [Times: user=0.01 sys=0.00, real=0.00 secs] 
176.878: Total time for which application threads were stopped: 0.0011220 seconds, Stopping threads took: 0.0000950 seconds
176.962: Application time: 0.0834170 seconds
176.962: [GC [PSYoungGen: 36285K->1248K(37376K)] 61332K->26334K(78848K), 0.0006100 secs] [Times: user=0.00 sys=0.00, real=0.00 secs] 
176.962: Total time for which application threads were stopped: 0.0007580 seconds, Stopping threads took: 0.0000830 seconds
177.045: Application time: 0.0820890 seconds
177.045: [GC [PSYoungGen: 34709K->1728K(35328K)] 59796K->26814K(76800K), 0.0007000 secs] [Times: user=0.00 sys=0.00, real=0.00 secs] 
177.045: Total time for which application threads were stopped: 0.0008360 seconds, Stopping threads took: 0.0000760 seconds
177.125: Application time: 0.0794670 seconds
177.125: [GC [PSYoungGen: 34673K->2240K(35328K)] 59759K->27326K(76800K), 0.0008500 secs] [Times: user=0.00 sys=0.00, real=0.00 secs] 
177.126: Total time for which application threads were stopped: 0.0009880 seconds, Stopping threads took: 0.0000690 seconds
177.205: Application time: 0.0795360 seconds
177.205: [GC [PSYoungGen: 34756K->1760K(34304K)] 59842K->26846K(75776K), 0.0007620 secs] [Times: user=0.00 sys=0.00, real=0.00 secs] 
177.206: Total time for which application threads were stopped: 0.0008880 seconds, Stopping threads took: 0.0000630 seconds
177.284: Application time: 0.0775140 seconds
177.284: [GC [PSYoungGen: 33755K->1792K(33792K)] 58842K->26926K(75264K), 0.0008310 secs] [Times: user=0.01 sys=0.00, real=0.00 secs] 
177.285: Total time for which application threads were stopped: 0.0009720 seconds, Stopping threads took: 0.0000710 seconds
177.362: Application time: 0.0769540 seconds
177.362: [GC [PSYoungGen: 33271K->1744K(33280K)] 58405K->26918K(74752K), 0.0008300 secs] [Times: user=0.01 sys=0.00, real=0.00 secs] 
177.363: Total time for which application threads were stopped: 0.0009720 seconds, Stopping threads took: 0.0000710 seconds
177.437: Application time: 0.0747120 seconds
177.437: [GC [PSYoungGen: 32781K->2304K(37888K)] 57955K->27534K(79360K), 0.0009340 secs] [Times: user=0.00 sys=0.00, real=0.00 secs] 
177.438: Total time for which application threads were stopped: 0.0010760 seconds, Stopping threads took: 0.0000710 seconds
177.522: Application time: 0.0831280 seconds
177.522: [GC [PSYoungGen: 37028K->2880K(40448K)] 62259K->28190K(81920K), 0.0009910 secs] [Times: user=0.01 sys=0.00, real=0.00 secs] 
177.523: Total time for which application threads were stopped: 0.0011410 seconds, Stopping threads took: 0.0000750 seconds
177.617: Application time: 0.0941410 seconds
177.617: [GC [PSYoungGen: 39948K->1280K(38400K)] 65258K->26718K(79872K), 0.0006360 secs] [Times: user=0.00 sys=0.00, real=0.00 secs] 
177.618: Total time for which application threads were stopped: 0.0007680 seconds, Stopping threads took: 0.0000690 seconds
177.708: Application time: 0.0901270 seconds
177.708: [GC [PSYoungGen: 37830K->704K(39424K)] 63268K->26142K(80896K), 0.0004780 secs] [Times: user=0.00 sys=0.00, real=0.00 secs] 
177.708: Total time for which application threads were stopped: 0.0006070 seconds, Stopping threads took: 0.0000560 seconds
177.793: Application time: 0.0847410 seconds
177.793: [GC [PSYoungGen: 36731K->2304K(38400K)] 62170K->27742K(79872K), 0.0009080 secs] [Times: user=0.00 sys=0.00, real=0.00 secs] 
177.794: Total time for which application threads were stopped: 0.0010590 seconds, Stopping threads took: 0.0000790 seconds
177.881: Application time: 0.0871340 seconds
177.882: [GC [PSYoungGen: 37904K->1760K(38400K)] 63342K->27198K(79872K), 0.0008050 secs] [Times: user=0.01 sys=0.00, real=0.00 secs] 
177.882: Total time for which application threads were stopped: 0.0010150 seconds, Stopping threads took: 0.0001380 seconds
177.967: Application time: 0.0846080 seconds
177.967: [GC [PSYoungGen: 36920K->1792K(36864K)] 62358K->27270K(78336K), 0.0008010 secs] [Times: user=0.01 sys=0.00, real=0.00 secs] 
177.968: Total time for which application threads were stopped: 0.0009650 seconds, Stopping threads took: 0.0001010 seconds
178.053: Application time: 0.0853070 seconds
178.053: [GC [PSYoungGen: 36366K->1280K(37376K)] 61844K->26846K(78848K), 0.0006610 secs] [Times: user=0.00 sys=0.00, real=0.00 secs] 
178.054: Total time for which application threads were stopped: 0.0007980 seconds, Stopping threads took: 0.0000680 seconds
178.137: Application time: 0.0828690 seconds
178.137: [GC [PSYoungGen: 35566K->2320K(36352K)] 61133K->27934K(77824K), 0.0009810 secs] [Times: user=0.01 sys=0.00, real=0.00 secs] 
178.138: Total time for which application threads were stopped: 0.0011330 seconds, Stopping threads took: 0.0000780 seconds
178.219: Application time: 0.0805360 seconds
178.219: [GC [PSYoungGen: 35783K->2240K(36352K)] 61398K->27987K(77824K), 0.0009750 secs] [Times: user=0.01 sys=0.00, real=0.00 secs] 
178.220: Total time for which application threads were stopped: 0.0012320 seconds, Stopping threads took: 0.0001790 seconds
178.302: Application time: 0.0822360 seconds
178.302: [GC [PSYoungGen: 35185K->2304K(35328K)] 60932K->28051K(76800K), 0.0009040 secs] [Times: user=0.01 sys=0.00, real=0.00 secs] 
178.303: Total time for which application threads were stopped: 0.0010610 seconds, Stopping threads took: 0.0000900 seconds
178.381: Application time: 0.0774240 seconds
178.381: [GC [PSYoungGen: 34733K->3328K(35840K)] 60480K->29075K(77312K), 0.0012680 secs] [Times: user=0.01 sys=0.00, real=0.00 secs] 
178.382: Total time for which application threads were stopped: 0.0016760 seconds, Stopping threads took: 0.0000840 seconds
178.461: Application time: 0.0790310 seconds
178.461: [GC [PSYoungGen: 35255K->1760K(36352K)] 61002K->27507K(77824K), 0.0007290 secs] [Times: user=0.00 sys=0.00, real=0.00 secs] 
178.462: Total time for which application threads were stopped: 0.0009140 seconds, Stopping threads took: 0.0001160 seconds
178.539: Application time: 0.0767980 seconds
178.539: [GC [PSYoungGen: 33753K->2304K(42496K)] 59500K->28051K(83968K), 0.0007840 secs] [Times: user=0.00 sys=0.00, real=0.00 secs] 
178.540: Total time for which application threads were stopped: 0.0009170 seconds, Stopping threads took: 0.0000700 seconds
178.634: Application time: 0.0944750 seconds
178.634: [GC [PSYoungGen: 41068K->1280K(39424K)] 66815K->27083K(80896K), 0.0006540 secs] [Times: user=0.00 sys=0.00, real=0.01 secs] 
178.635: Total time for which application threads were stopped: 0.0007980 seconds, Stopping threads took: 0.0000780 seconds
178.727: Application time: 0.0914120 seconds
178.727: [GC [PSYoungGen: 38932K->1792K(39424K)] 64735K->27675K(80896K), 0.0008290 secs] [Times: user=0.01 sys=0.00, real=0.00 secs] 
178.728: Total time for which application threads were stopped: 0.0009960 seconds, Stopping threads took: 0.0000780 seconds
178.816: Application time: 0.0882200 seconds
178.816: [GC [PSYoungGen: 38650K->1808K(38400K)] 64533K->27739K(79872K), 0.0008210 secs] [Times: user=0.01 sys=0.00, real=0.00 secs] 
178.817: Total time for which application threads were stopped: 0.0009730 seconds, Stopping threads took: 0.0000840 seconds
178.904: Application time: 0.0876790 seconds
178.905: [GC [PSYoungGen: 37843K->1728K(38912K)] 63775K->27803K(80384K), 0.0007180 secs] [Times: user=0.00 sys=0.00, real=0.00 secs] 
178.905: Total time for which application threads were stopped: 0.0008500 seconds, Stopping threads took: 0.0000680 seconds
178.993: Application time: 0.0879730 seconds
178.993: [GC [PSYoungGen: 37251K->672K(36352K)] 63327K->26747K(77824K), 0.0005210 secs] [Times: user=0.00 sys=0.00, real=0.00 secs] 
178.994: Total time for which application threads were stopped: 0.0006590 seconds, Stopping threads took: 0.0000700 seconds
179.077: Application time: 0.0829680 seconds
179.077: [GC [PSYoungGen: 35669K->2240K(37888K)] 61744K->28315K(79360K), 0.0009010 secs] [Times: user=0.01 sys=0.00, real=0.00 secs] 
179.078: Total time for which application threads were stopped: 0.0010410 seconds, Stopping threads took: 0.0000690 seconds
179.165: Application time: 0.0867020 seconds
179.165: [GC [PSYoungGen: 36807K->2304K(36864K)] 62883K->28379K(78336K), 0.0009450 secs] [Times: user=0.01 sys=0.00, real=0.00 secs] 
179.166: Total time for which application threads were stopped: 0.0010970 seconds, Stopping threads took: 0.0000850 seconds
179.247: Application time: 0.0812340 seconds
179.247: [GC [PSYoungGen: 36360K->2272K(36864K)] 62435K->28403K(78336K), 0.0009570 secs] [Times: user=0.00 sys=0.00, real=0.00 secs] 
179.248: Total time for which application threads were stopped: 0.0011050 seconds, Stopping threads took: 0.0000700 seconds
179.331: Application time: 0.0829070 seconds
179.331: [GC [PSYoungGen: 35895K->1280K(34816K)] 62027K->27459K(76288K), 0.0006600 secs] [Times: user=0.01 sys=0.00, real=0.00 secs] 
179.332: Total time for which application threads were stopped: 0.0008260 seconds, Stopping threads took: 0.0001000 seconds
179.410: Application time: 0.0781840 seconds
179.410: [GC [PSYoungGen: 34449K->3376K(36352K)] 60628K->29631K(77824K), 0.0013150 secs] [Times: user=0.01 sys=0.00, real=0.00 secs] 
179.411: Total time for which application threads were stopped: 0.0014630 seconds, Stopping threads took: 0.0000700 seconds
179.490: Application time: 0.0782510 seconds
179.490: [GC [PSYoungGen: 35892K->2752K(36864K)] 62147K->29115K(78336K), 0.0011060 secs] [Times: user=0.00 sys=0.00, real=0.00 secs] 
179.491: Total time for which application threads were stopped: 0.0012580 seconds, Stopping threads took: 0.0000790 seconds
179.571: Application time: 0.0803920 seconds
179.571: [GC [PSYoungGen: 35191K->1760K(43520K)] 61555K->28171K(84992K), 0.0006560 secs] [Times: user=0.00 sys=0.00, real=0.00 secs] 
179.572: Total time for which application threads were stopped: 0.0007950 seconds, Stopping threads took: 0.0000720 seconds
179.666: Application time: 0.0937910 seconds
179.666: [GC [PSYoungGen: 40876K->2272K(40960K)] 67287K->28683K(82432K), 0.0008340 secs] [Times: user=0.00 sys=0.01, real=0.01 secs] 
179.667: Total time for which application threads were stopped: 0.0009660 seconds, Stopping threads took: 0.0000630 seconds
179.760: Application time: 0.0931340 seconds
179.760: [GC [PSYoungGen: 40364K->1760K(39936K)] 66775K->28171K(81408K), 0.0006670 secs] [Times: user=0.01 sys=0.00, real=0.00 secs] 
179.761: Total time for which application threads were stopped: 0.0008430 seconds, Stopping threads took: 0.0001020 seconds
179.851: Application time: 0.0897190 seconds
179.851: [GC [PSYoungGen: 38978K->1792K(38912K)] 65389K->28203K(80384K), 0.0007690 secs] [Times: user=0.01 sys=0.00, real=0.00 secs] 
179.852: Total time for which application threads were stopped: 0.0008990 seconds, Stopping threads took: 0.0000650 seconds
179.938: Application time: 0.0865340 seconds
179.938: [GC [PSYoungGen: 38335K->2752K(39424K)] 64747K->29243K(80896K), 0.0011230 secs] [Times: user=0.00 sys=0.00, real=0.00 secs] 
179.939: Total time for which application threads were stopped: 0.0012660 seconds, Stopping threads took: 0.0000730 seconds
180.029: Application time: 0.0898380 seconds
180.029: [GC [PSYoungGen: 39104K->1296K(37376K)] 65595K->27787K(78848K), 0.0007210 secs] [Times: user=0.00 sys=0.00, real=0.00 secs] 
180.030: Total time for which application threads were stopped: 0.0008610 seconds, Stopping threads took: 0.0000700 seconds
180.114: Application time: 0.0838300 seconds
180.114: [GC [PSYoungGen: 36964K->3328K(38912K)] 63456K->29967K(80384K), 0.0012690 secs] [Times: user=0.01 sys=0.00, real=0.01 secs] 
180.115: Total time for which application threads were stopped: 0.0014120 seconds, Stopping threads took: 0.0000680 seconds
180.201: Application time: 0.0855660 seconds
180.201: [GC [PSYoungGen: 38338K->2304K(39424K)] 64977K->29015K(80896K), 0.0009610 secs] [Times: user=0.01 sys=0.00, real=0.00 secs] 
180.202: Total time for which application threads were stopped: 0.0011060 seconds, Stopping threads took: 0.0000730 seconds
180.287: Application time: 0.0847590 seconds
180.287: [GC [PSYoungGen: 37307K->2816K(46592K)] 64019K->29527K(88064K), 0.0009400 secs] [Times: user=0.01 sys=0.00, real=0.00 secs] 
180.288: Total time for which application threads were stopped: 0.0010960 seconds, Stopping threads took: 0.0000750 seconds
180.390: Application time: 0.1018950 seconds
180.390: [GC [PSYoungGen: 45016K->2784K(46592K)] 71728K->29495K(88064K), 0.0010490 secs] [Times: user=0.01 sys=0.01, real=0.00 secs] 
180.391: Total time for which application threads were stopped: 0.0012880 seconds, Stopping threads took: 0.0001650 seconds
180.495: Application time: 0.1044050 seconds
180.496: [GC [PSYoungGen: 45072K->1280K(43008K)] 71784K->27991K(84480K), 0.0005760 secs] [Times: user=0.00 sys=0.00, real=0.00 secs] 
180.496: Total time for which application threads were stopped: 0.0007000 seconds, Stopping threads took: 0.0000630 seconds
180.595: Application time: 0.0985920 seconds
180.595: [GC [PSYoungGen: 42684K->1824K(42496K)] 69396K->28583K(83968K), 0.0007490 secs] [Times: user=0.00 sys=0.00, real=0.00 secs] 
180.596: Total time for which application threads were stopped: 0.0008960 seconds, Stopping threads took: 0.0000810 seconds
180.692: Application time: 0.0968910 seconds
180.693: [GC [PSYoungGen: 42124K->2304K(41984K)] 68884K->29180K(83456K), 0.0008710 secs] [Times: user=0.00 sys=0.00, real=0.00 secs] 
180.694: Total time for which application threads were stopped: 0.0010170 seconds, Stopping threads took: 0.0000720 seconds
180.789: Application time: 0.0951070 seconds
180.789: [GC [PSYoungGen: 41581K->1760K(40448K)] 68457K->28724K(81920K), 0.0008580 secs] [Times: user=0.01 sys=0.00, real=0.00 secs] 
180.790: Total time for which application threads were stopped: 0.0010120 seconds, Stopping threads took: 0.0000740 seconds
180.882: Application time: 0.0919130 seconds
180.882: [GC [PSYoungGen: 39848K->2304K(39936K)] 66812K->29348K(81408K), 0.0009570 secs] [Times: user=0.01 sys=0.00, real=0.00 secs] 
180.883: Total time for which application threads were stopped: 0.0011180 seconds, Stopping threads took: 0.0000910 seconds
180.974: Application time: 0.0911590 seconds
180.974: [GC [PSYoungGen: 39372K->704K(37888K)] 66416K->27748K(79360K), 0.0005390 secs] [Times: user=0.00 sys=0.00, real=0.00 secs] 
180.975: Total time for which application threads were stopped: 0.0006660 seconds, Stopping threads took: 0.0000640 seconds
181.061: Application time: 0.0862250 seconds
181.061: [GC [PSYoungGen: 37245K->2240K(38912K)] 64289K->29284K(80384K), 0.0009670 secs] [Times: user=0.01 sys=0.00, real=0.00 secs] 
181.062: Total time for which application threads were stopped: 0.0011570 seconds, Stopping threads took: 0.0001180 seconds
181.150: Application time: 0.0879300 seconds
181.150: [GC [PSYoungGen: 38430K->2272K(38400K)] 65474K->29316K(79872K), 0.0010190 secs] [Times: user=0.00 sys=0.00, real=0.00 secs] 
181.151: Total time for which application threads were stopped: 0.0011760 seconds, Stopping threads took: 0.0000880 seconds
181.236: Application time: 0.0851740 seconds
181.236: [GC [PSYoungGen: 37948K->2304K(37888K)] 64992K->29424K(79360K), 0.0010050 secs] [Times: user=0.00 sys=0.00, real=0.00 secs] 
181.237: Total time for which application threads were stopped: 0.0011520 seconds, Stopping threads took: 0.0000790 seconds
181.323: Application time: 0.0860880 seconds
181.324: [GC [PSYoungGen: 37466K->2304K(37376K)] 64586K->29500K(78848K), 0.0010570 secs] [Times: user=0.00 sys=0.00, real=0.00 secs] 
181.325: Total time for which application threads were stopped: 0.0012080 seconds, Stopping threads took: 0.0000720 seconds
181.407: Application time: 0.0827710 seconds
181.407: [GC [PSYoungGen: 36873K->2304K(36864K)] 64070K->29584K(78336K), 0.0009210 secs] [Times: user=0.01 sys=0.00, real=0.00 secs] 
181.408: Total time for which application threads were stopped: 0.0010540 seconds, Stopping threads took: 0.0000610 seconds
181.491: Application time: 0.0824910 seconds
181.491: [GC [PSYoungGen: 36360K->2304K(39424K)] 63640K->29640K(80896K), 0.0010050 secs] [Times: user=0.00 sys=0.00, real=0.00 secs] 
181.492: Total time for which application threads were stopped: 0.0011590 seconds, Stopping threads took: 0.0000840 seconds
181.579: Application time: 0.0865310 seconds
181.579: [GC [PSYoungGen: 37827K->1280K(36864K)] 65164K->28672K(78336K), 0.0005640 secs] [Times: user=0.00 sys=0.00, real=0.00 secs] 
181.579: Total time for which application threads were stopped: 0.0007110 seconds, Stopping threads took: 0.0000810 seconds
181.664: Application time: 0.0846340 seconds
181.664: [GC [PSYoungGen: 36281K->2240K(37376K)] 63674K->29632K(78848K), 0.0009510 secs] [Times: user=0.00 sys=0.00, real=0.00 secs] 
181.665: Total time for which application threads were stopped: 0.0011050 seconds, Stopping threads took: 0.0000820 seconds
181.747: Application time: 0.0818630 seconds
181.747: [GC [PSYoungGen: 36727K->3296K(41472K)] 64120K->30688K(82944K), 0.0011100 secs] [Times: user=0.00 sys=0.00, real=0.00 secs] 
181.748: Total time for which application threads were stopped: 0.0012450 seconds, Stopping threads took: 0.0000640 seconds
181.842: Application time: 0.0939240 seconds
181.842: [GC [PSYoungGen: 41036K->1248K(38400K)] 68429K->28640K(79872K), 0.0006400 secs] [Times: user=0.01 sys=0.00, real=0.00 secs] 
181.843: Total time for which application threads were stopped: 0.0008730 seconds, Stopping threads took: 0.0001580 seconds
181.931: Application time: 0.0879170 seconds
181.931: [GC [PSYoungGen: 38104K->1824K(38912K)] 65497K->29316K(80384K), 0.0008670 secs] [Times: user=0.01 sys=0.00, real=0.00 secs] 
181.932: Total time for which application threads were stopped: 0.0010920 seconds, Stopping threads took: 0.0001580 seconds
182.019: Application time: 0.0872690 seconds
182.019: [GC [PSYoungGen: 37857K->2240K(38400K)] 65350K->29880K(79872K), 0.0009440 secs] [Times: user=0.01 sys=0.00, real=0.00 secs] 
182.020: Total time for which application threads were stopped: 0.0010710 seconds, Stopping threads took: 0.0000580 seconds
182.107: Application time: 0.0868920 seconds
182.107: [GC [PSYoungGen: 37918K->1792K(38400K)] 65558K->29432K(79872K), 0.0007650 secs] [Times: user=0.01 sys=0.00, real=0.00 secs] 
182.108: Total time for which application threads were stopped: 0.0009000 seconds, Stopping threads took: 0.0000660 seconds
182.193: Application time: 0.0845400 seconds
182.193: [GC [PSYoungGen: 36793K->2208K(37376K)] 64434K->29936K(78848K), 0.0010220 secs] [Times: user=0.01 sys=0.00, real=0.00 secs] 
182.194: Total time for which application threads were stopped: 0.0011740 seconds, Stopping threads took: 0.0000820 seconds
182.279: Application time: 0.0851210 seconds
182.279: [GC [PSYoungGen: 36703K->1728K(37376K)] 64432K->29456K(78848K), 0.0007760 secs] [Times: user=0.00 sys=0.00, real=0.00 secs] 
182.280: Total time for which application threads were stopped: 0.0009100 seconds, Stopping threads took: 0.0000660 seconds
182.361: Application time: 0.0811030 seconds
182.361: [GC [PSYoungGen: 35699K->2752K(36864K)] 63428K->30480K(78336K), 0.0010480 secs] [Times: user=0.01 sys=0.00, real=0.00 secs] 
182.362: Total time for which application threads were stopped: 0.0012380 seconds, Stopping threads took: 0.0001080 seconds
182.444: Application time: 0.0821920 seconds
182.445: [GC [PSYoungGen: 36294K->2784K(37376K)] 64022K->30512K(78848K), 0.0010790 secs] [Times: user=0.01 sys=0.00, real=0.00 secs] 
182.446: Total time for which application threads were stopped: 0.0012250 seconds, Stopping threads took: 0.0000750 seconds
182.526: Application time: 0.0804410 seconds
182.526: [GC [PSYoungGen: 36404K->2816K(37376K)] 64132K->30576K(78848K), 0.0010970 secs] [Times: user=0.01 sys=0.00, real=0.01 secs] 
182.527: Total time for which application threads were stopped: 0.0012500 seconds, Stopping threads took: 0.0000780 seconds
182.609: Application time: 0.0819500 seconds
182.609: [GC [PSYoungGen: 36514K->2864K(45056K)] 64274K->30704K(86528K), 0.0009620 secs] [Times: user=0.01 sys=0.00, real=0.00 secs] 
182.610: Total time for which application threads were stopped: 0.0010940 seconds, Stopping threads took: 0.0000620 seconds
182.710: Application time: 0.0995980 seconds
182.710: [GC [PSYoungGen: 43606K->1792K(45056K)] 71447K->29748K(86528K), 0.0007740 secs] [Times: user=0.00 sys=0.01, real=0.00 secs] 
182.711: Total time for which application threads were stopped: 0.0009070 seconds, Stopping threads took: 0.0000630 seconds
182.809: Application time: 0.0985460 seconds
182.810: [GC [PSYoungGen: 42528K->2816K(43008K)] 70485K->30820K(84480K), 0.0009280 secs] [Times: user=0.01 sys=0.00, real=0.00 secs] 
182.811: Total time for which application threads were stopped: 0.0010680 seconds, Stopping threads took: 0.0000680 seconds
182.910: Application time: 0.0990040 seconds
182.910: [GC [PSYoungGen: 42454K->1248K(40448K)] 70459K->29316K(81920K), 0.0006660 secs] [Times: user=0.00 sys=0.00, real=0.00 secs] 
182.910: Total time for which application threads were stopped: 0.0008050 seconds, Stopping threads took: 0.0000690 seconds
183.002: Application time: 0.0920290 seconds
183.002: [GC [PSYoungGen: 39850K->1728K(39936K)] 67919K->29796K(81408K), 0.0006920 secs] [Times: user=0.00 sys=0.00, real=0.00 secs] 
183.003: Total time for which application threads were stopped: 0.0008210 seconds, Stopping threads took: 0.0000610 seconds
183.094: Application time: 0.0906780 seconds
183.094: [GC [PSYoungGen: 39382K->1728K(38912K)] 67451K->29796K(80384K), 0.0007160 secs] [Times: user=0.00 sys=0.01, real=0.01 secs] 
183.095: Total time for which application threads were stopped: 0.0008610 seconds, Stopping threads took: 0.0000700 seconds
183.181: Application time: 0.0865320 seconds
183.181: [GC [PSYoungGen: 38148K->2864K(39424K)] 66217K->30973K(80896K), 0.0011550 secs] [Times: user=0.01 sys=0.00, real=0.00 secs] 
183.183: Total time for which application threads were stopped: 0.0013000 seconds, Stopping threads took: 0.0000710 seconds
183.272: Application time: 0.0895310 seconds
183.272: [GC [PSYoungGen: 38902K->1760K(37888K)] 67011K->30045K(79360K), 0.0008900 secs] [Times: user=0.00 sys=0.00, real=0.00 secs] 
183.273: Total time for which application threads were stopped: 0.0010280 seconds, Stopping threads took: 0.0000690 seconds
183.358: Application time: 0.0847660 seconds
183.358: [GC [PSYoungGen: 37355K->2304K(37888K)] 65641K->30589K(79360K), 0.0009590 secs] [Times: user=0.01 sys=0.00, real=0.00 secs] 
183.359: Total time for which application threads were stopped: 0.0010890 seconds, Stopping threads took: 0.0000590 seconds
183.447: Application time: 0.0876680 seconds
183.447: [GC [PSYoungGen: 37394K->704K(35840K)] 65679K->29037K(77312K), 0.0005780 secs] [Times: user=0.00 sys=0.00, real=0.00 secs] 
183.448: Total time for which application threads were stopped: 0.0016350 seconds, Stopping threads took: 0.0000770 seconds
183.530: Application time: 0.0818180 seconds
183.530: [GC [PSYoungGen: 35191K->1760K(36352K)] 63524K->30141K(77824K), 0.0008590 secs] [Times: user=0.00 sys=0.00, real=0.00 secs] 
183.531: Total time for which application threads were stopped: 0.0010070 seconds, Stopping threads took: 0.0000780 seconds
183.614: Application time: 0.0830720 seconds
183.614: [GC [PSYoungGen: 35735K->2272K(36352K)] 64116K->30653K(77824K), 0.0009480 secs] [Times: user=0.01 sys=0.00, real=0.01 secs] 
183.615: Total time for which application threads were stopped: 0.0010870 seconds, Stopping threads took: 0.0000700 seconds
183.697: Application time: 0.0818910 seconds
183.697: [GC [PSYoungGen: 35739K->1216K(36352K)] 64120K->29597K(77824K), 0.0006010 secs] [Times: user=0.01 sys=0.00, real=0.00 secs] 
183.698: Total time for which application threads were stopped: 0.0007330 seconds, Stopping threads took: 0.0000700 seconds
183.777: Application time: 0.0786180 seconds
183.777: [GC [PSYoungGen: 34320K->768K(33792K)] 62701K->29149K(75264K), 0.0005300 secs] [Times: user=0.00 sys=0.00, real=0.00 secs] 
183.777: Total time for which application threads were stopped: 0.0007180 seconds, Stopping threads took: 0.0001200 seconds
183.855: Application time: 0.0773250 seconds
183.855: [GC [PSYoungGen: 33505K->2368K(35328K)] 61886K->30837K(76800K), 0.0009910 secs] [Times: user=0.00 sys=0.00, real=0.00 secs] 
183.856: Total time for which application threads were stopped: 0.0011400 seconds, Stopping threads took: 0.0000680 seconds
183.935: Application time: 0.0787850 seconds
183.935: [GC [PSYoungGen: 34289K->1728K(33792K)] 62758K->30345K(75264K), 0.0008250 secs] [Times: user=0.01 sys=0.00, real=0.01 secs] 
183.935: Total time for which application threads were stopped: 0.0009650 seconds, Stopping threads took: 0.0000710 seconds
184.012: Application time: 0.0768390 seconds
184.012: [GC [PSYoungGen: 33129K->1760K(34304K)] 61746K->30377K(75776K), 0.0007690 secs] [Times: user=0.01 sys=0.00, real=0.00 secs] 
184.013: Total time for which application threads were stopped: 0.0009170 seconds, Stopping threads took: 0.0000680 seconds
184.088: Application time: 0.0746140 seconds
184.088: [GC [PSYoungGen: 32801K->1792K(32768K)] 61418K->30409K(74240K), 0.0007820 secs] [Times: user=0.01 sys=0.00, real=0.00 secs] 
184.089: Total time for which application threads were stopped: 0.0010210 seconds, Stopping threads took: 0.0001670 seconds
184.163: Application time: 0.0738840 seconds
184.163: [GC [PSYoungGen: 32160K->1792K(32256K)] 60778K->30489K(73728K), 0.0008490 secs] [Times: user=0.01 sys=0.00, real=0.00 secs] 
184.164: Total time for which application threads were stopped: 0.0009870 seconds, Stopping threads took: 0.0000700 seconds
184.236: Application time: 0.0719710 seconds
184.236: [GC [PSYoungGen: 31644K->1760K(31744K)] 60342K->30457K(73216K), 0.0007560 secs] [Times: user=0.01 sys=0.00, real=0.00 secs] 
184.237: Total time for which application threads were stopped: 0.0009010 seconds, Stopping threads took: 0.0000710 seconds
184.308: Application time: 0.0710830 seconds
184.308: [GC [PSYoungGen: 31092K->2304K(32768K)] 59789K->31001K(74240K), 0.0009550 secs] [Times: user=0.00 sys=0.00, real=0.00 secs] 
184.309: Total time for which application threads were stopped: 0.0010980 seconds, Stopping threads took: 0.0000740 seconds
184.380: Application time: 0.0711500 seconds
184.380: [GC [PSYoungGen: 31723K->1792K(32768K)] 60420K->30489K(74240K), 0.0007340 secs] [Times: user=0.01 sys=0.00, real=0.00 secs] 
184.381: Total time for which application threads were stopped: 0.0008720 seconds, Stopping threads took: 0.0000690 seconds
184.453: Application time: 0.0723670 seconds
184.453: [GC [PSYoungGen: 31445K->1312K(30720K)] 60142K->30049K(72192K), 0.0006480 secs] [Times: user=0.00 sys=0.00, real=0.00 secs] 
184.454: Total time for which application threads were stopped: 0.0007720 seconds, Stopping threads took: 0.0000640 seconds
184.522: Application time: 0.0681120 seconds
184.522: [GC [PSYoungGen: 30210K->1280K(30208K)] 58947K->30165K(71680K), 0.0007200 secs] [Times: user=0.01 sys=0.00, real=0.00 secs] 
184.523: Total time for which application threads were stopped: 0.0008520 seconds, Stopping threads took: 0.0000550 seconds
184.590: Application time: 0.0672620 seconds
184.590: [GC [PSYoungGen: 29582K->2304K(30720K)] 58467K->31245K(72192K), 0.0008150 secs] [Times: user=0.00 sys=0.01, real=0.00 secs] 
184.591: Total time for which application threads were stopped: 0.0009560 seconds, Stopping threads took: 0.0000700 seconds
184.661: Application time: 0.0694980 seconds
184.661: [GC [PSYoungGen: 30098K->1728K(29696K)] 59039K->30669K(71168K), 0.0007960 secs] [Times: user=0.00 sys=0.00, real=0.00 secs] 
184.662: Total time for which application threads were stopped: 0.0009240 seconds, Stopping threads took: 0.0000590 seconds
184.729: Application time: 0.0672330 seconds
184.729: [GC [PSYoungGen: 29088K->736K(28160K)] 58030K->29677K(69632K), 0.0004930 secs] [Times: user=0.00 sys=0.00, real=0.00 secs] 
184.729: Total time for which application threads were stopped: 0.0006200 seconds, Stopping threads took: 0.0000670 seconds
184.791: Application time: 0.0619550 seconds
184.792: [GC [PSYoungGen: 27569K->2816K(32768K)] 56511K->31797K(74240K), 0.0010950 secs] [Times: user=0.00 sys=0.00, real=0.00 secs] 
184.793: Total time for which application threads were stopped: 0.0012390 seconds, Stopping threads took: 0.0000730 seconds
184.866: Application time: 0.0732100 seconds
184.866: [GC [PSYoungGen: 32160K->1696K(36352K)] 61142K->30725K(77824K), 0.0006800 secs] [Times: user=0.00 sys=0.00, real=0.00 secs] 
184.867: Total time for which application threads were stopped: 0.0008010 seconds, Stopping threads took: 0.0000570 seconds
184.945: Application time: 0.0785510 seconds
184.945: [GC [PSYoungGen: 34133K->1216K(33792K)] 63163K->30245K(75264K), 0.0005700 secs] [Times: user=0.00 sys=0.00, real=0.00 secs] 
184.946: Total time for which application threads were stopped: 0.0006950 seconds, Stopping threads took: 0.0000670 seconds
185.023: Application time: 0.0770850 seconds
185.023: [GC [PSYoungGen: 33211K->1248K(34304K)] 62241K->30277K(75776K), 0.0006020 secs] [Times: user=0.01 sys=0.00, real=0.00 secs] 
185.024: Total time for which application threads were stopped: 0.0007930 seconds, Stopping threads took: 0.0001200 seconds
185.100: Application time: 0.0765800 seconds
185.100: [GC [PSYoungGen: 32962K->1296K(32768K)] 61991K->30357K(74240K), 0.0007060 secs] [Times: user=0.00 sys=0.00, real=0.00 secs] 
185.101: Total time for which application threads were stopped: 0.0008370 seconds, Stopping threads took: 0.0000670 seconds
185.174: Application time: 0.0726070 seconds
185.174: [GC [PSYoungGen: 32246K->2816K(33792K)] 61308K->32021K(75264K), 0.0011540 secs] [Times: user=0.01 sys=0.00, real=0.01 secs] 
185.175: Total time for which application threads were stopped: 0.0013020 seconds, Stopping threads took: 0.0000730 seconds
185.249: Application time: 0.0737050 seconds
185.249: [GC [PSYoungGen: 33184K->2816K(34304K)] 62390K->32070K(75776K), 0.0010760 secs] [Times: user=0.01 sys=0.00, real=0.00 secs] 
185.250: Total time for which application threads were stopped: 0.0012330 seconds, Stopping threads took: 0.0000850 seconds
185.327: Application time: 0.0774220 seconds
185.328: [GC [PSYoungGen: 33275K->1248K(40448K)] 62529K->30501K(81920K), 0.0006120 secs] [Times: user=0.00 sys=0.00, real=0.00 secs] 
185.328: Total time for which application threads were stopped: 0.0007560 seconds, Stopping threads took: 0.0000820 seconds
185.416: Application time: 0.0876320 seconds
185.416: [GC [PSYoungGen: 37869K->2272K(38912K)] 67123K->31574K(80384K), 0.0008220 secs] [Times: user=0.00 sys=0.00, real=0.00 secs] 
185.417: Total time for which application threads were stopped: 0.0009570 seconds, Stopping threads took: 0.0000660 seconds
185.505: Application time: 0.0882500 seconds
185.505: [GC [PSYoungGen: 38308K->1792K(38912K)] 67609K->31150K(80384K), 0.0007820 secs] [Times: user=0.01 sys=0.00, real=0.00 secs] 
185.506: Total time for which application threads were stopped: 0.0009300 seconds, Stopping threads took: 0.0000730 seconds
185.594: Application time: 0.0881520 seconds
185.594: [GC [PSYoungGen: 37311K->1216K(36864K)] 66669K->30574K(78336K), 0.0005940 secs] [Times: user=0.00 sys=0.00, real=0.01 secs] 
185.595: Total time for which application threads were stopped: 0.0007400 seconds, Stopping threads took: 0.0000700 seconds
185.680: Application time: 0.0852560 seconds
185.680: [GC [PSYoungGen: 36378K->1280K(37888K)] 65736K->30638K(79360K), 0.0005680 secs] [Times: user=0.00 sys=0.00, real=0.00 secs] 
185.681: Total time for which application threads were stopped: 0.0007150 seconds, Stopping threads took: 0.0000810 seconds
185.761: Application time: 0.0805290 seconds
185.762: [GC [PSYoungGen: 35924K->2304K(36864K)] 65282K->31742K(78336K), 0.0009630 secs] [Times: user=0.00 sys=0.00, real=0.00 secs] 
185.763: Total time for which application threads were stopped: 0.0011140 seconds, Stopping threads took: 0.0000760 seconds
185.847: Application time: 0.0845030 seconds
185.847: [GC [PSYoungGen: 36441K->1280K(36864K)] 65880K->30806K(78336K), 0.0007010 secs] [Times: user=0.00 sys=0.00, real=0.00 secs] 
185.848: Total time for which application threads were stopped: 0.0008300 seconds, Stopping threads took: 0.0000670 seconds
185.929: Application time: 0.0809080 seconds
185.929: [GC [PSYoungGen: 34737K->2304K(35840K)] 64263K->31910K(77312K), 0.0009360 secs] [Times: user=0.00 sys=0.00, real=0.00 secs] 
185.930: Total time for which application threads were stopped: 0.0010750 seconds, Stopping threads took: 0.0000640 seconds
186.010: Application time: 0.0797960 seconds
186.010: [GC [PSYoungGen: 35329K->2272K(35840K)] 64935K->31878K(77312K), 0.0009320 secs] [Times: user=0.00 sys=0.00, real=0.00 secs] 
186.011: Total time for which application threads were stopped: 0.0010820 seconds, Stopping threads took: 0.0000830 seconds
186.089: Application time: 0.0784620 seconds
186.089: [GC [PSYoungGen: 34783K->2304K(34816K)] 64389K->31958K(76288K), 0.0009320 secs] [Times: user=0.00 sys=0.00, real=0.00 secs] 
186.090: Total time for which application threads were stopped: 0.0010900 seconds, Stopping threads took: 0.0000860 seconds
186.170: Application time: 0.0792210 seconds
186.170: [GC [PSYoungGen: 34227K->1248K(34816K)] 63881K->30950K(76288K), 0.0006250 secs] [Times: user=0.00 sys=0.00, real=0.00 secs] 
186.170: Total time for which application threads were stopped: 0.0007780 seconds, Stopping threads took: 0.0000740 seconds
186.244: Application time: 0.0741200 seconds
186.245: [GC [PSYoungGen: 32636K->2816K(35328K)] 62338K->32518K(76800K), 0.0010530 secs] [Times: user=0.01 sys=0.00, real=0.00 secs] 
186.246: Total time for which application threads were stopped: 0.0011890 seconds, Stopping threads took: 0.0000670 seconds
186.323: Application time: 0.0778460 seconds
186.324: [GC [PSYoungGen: 34381K->1760K(33280K)] 64084K->31462K(74752K), 0.0006900 secs] [Times: user=0.00 sys=0.00, real=0.00 secs] 
186.324: Total time for which application threads were stopped: 0.0008180 seconds, Stopping threads took: 0.0000590 seconds
186.399: Application time: 0.0746020 seconds
186.399: [GC [PSYoungGen: 32797K->1696K(32768K)] 62499K->31478K(74240K), 0.0008400 secs] [Times: user=0.01 sys=0.00, real=0.00 secs] 
186.400: Total time for which application threads were stopped: 0.0010000 seconds, Stopping threads took: 0.0000920 seconds
186.474: Application time: 0.0740410 seconds
186.474: [GC [PSYoungGen: 32223K->1792K(32256K)] 62005K->31654K(73728K), 0.0007170 secs] [Times: user=0.00 sys=0.00, real=0.01 secs] 
186.475: Total time for which application threads were stopped: 0.0008580 seconds, Stopping threads took: 0.0000760 seconds
186.547: Application time: 0.0717110 seconds
186.547: [GC [PSYoungGen: 31636K->2752K(37376K)] 61498K->32694K(78848K), 0.0011140 secs] [Times: user=0.01 sys=0.00, real=0.01 secs] 
186.548: Total time for which application threads were stopped: 0.0012630 seconds, Stopping threads took: 0.0000760 seconds
186.633: Application time: 0.0853190 seconds
186.633: [GC [PSYoungGen: 36299K->704K(34304K)] 66242K->30646K(75776K), 0.0004940 secs] [Times: user=0.00 sys=0.00, real=0.00 secs] 
186.634: Total time for which application threads were stopped: 0.0006180 seconds, Stopping threads took: 0.0000610 seconds
186.713: Application time: 0.0797310 seconds
186.714: [GC [PSYoungGen: 33731K->704K(33792K)] 63674K->30686K(75264K), 0.0004680 secs] [Times: user=0.00 sys=0.00, real=0.00 secs] 
186.714: Total time for which application threads were stopped: 0.0005990 seconds, Stopping threads took: 0.0000630 seconds
186.793: Application time: 0.0784990 seconds
186.793: [GC [PSYoungGen: 33141K->160K(34816K)] 63124K->30206K(76288K), 0.0004060 secs] [Times: user=0.00 sys=0.00, real=0.00 secs] 
186.793: Total time for which application threads were stopped: 0.0005330 seconds, Stopping threads took: 0.0000700 seconds
186.867: Application time: 0.0743570 seconds
186.868: [GC [PSYoungGen: 32056K->2752K(35328K)] 62102K->32798K(76800K), 0.0010450 secs] [Times: user=0.00 sys=0.00, real=0.00 secs] 
186.869: Total time for which application threads were stopped: 0.0011890 seconds, Stopping threads took: 0.0000730 seconds
186.947: Application time: 0.0787360 seconds
186.947: [GC [PSYoungGen: 34244K->1248K(34816K)] 64290K->31294K(76288K), 0.0005970 secs] [Times: user=0.00 sys=0.00, real=0.00 secs] 
186.948: Total time for which application threads were stopped: 0.0007170 seconds, Stopping threads took: 0.0000560 seconds
187.022: Application time: 0.0739330 seconds
187.022: [GC [PSYoungGen: 32355K->2848K(33792K)] 62401K->32934K(75264K), 0.0011260 secs] [Times: user=0.00 sys=0.00, real=0.00 secs] 
187.023: Total time for which application threads were stopped: 0.0012680 seconds, Stopping threads took: 0.0000690 seconds
187.099: Application time: 0.0756040 seconds
187.099: [GC [PSYoungGen: 33307K->1248K(33792K)] 63394K->31454K(75264K), 0.0006570 secs] [Times: user=0.00 sys=0.00, real=0.00 secs] 
187.100: Total time for which application threads were stopped: 0.0007910 seconds, Stopping threads took: 0.0000710 seconds
187.172: Application time: 0.0723420 seconds
187.172: [GC [PSYoungGen: 31174K->1792K(31744K)] 61381K->32046K(73216K), 0.0008570 secs] [Times: user=0.00 sys=0.00, real=0.00 secs] 
187.173: Total time for which application threads were stopped: 0.0009880 seconds, Stopping threads took: 0.0000610 seconds
187.244: Application time: 0.0713420 seconds
187.244: [GC [PSYoungGen: 31124K->2272K(33792K)] 61378K->32574K(75264K), 0.0009840 secs] [Times: user=0.01 sys=0.00, real=0.00 secs] 
187.245: Total time for which application threads were stopped: 0.0011320 seconds, Stopping threads took: 0.0000700 seconds
187.318: Application time: 0.0728990 seconds
187.318: [GC [PSYoungGen: 31699K->736K(30208K)] 62001K->31038K(71680K), 0.0005650 secs] [Times: user=0.00 sys=0.00, real=0.00 secs] 
187.319: Total time for which application threads were stopped: 0.0006900 seconds, Stopping threads took: 0.0000590 seconds
187.388: Application time: 0.0686030 seconds
187.388: [GC [PSYoungGen: 29630K->1760K(31232K)] 59932K->32118K(72704K), 0.0008620 secs] [Times: user=0.00 sys=0.00, real=0.00 secs] 
187.389: Total time for which application threads were stopped: 0.0010040 seconds, Stopping threads took: 0.0000740 seconds
187.458: Application time: 0.0693250 seconds
187.458: [GC [PSYoungGen: 30066K->1760K(32256K)] 60424K->32174K(73728K), 0.0007710 secs] [Times: user=0.01 sys=0.00, real=0.00 secs] 
187.459: Total time for which application threads were stopped: 0.0009530 seconds, Stopping threads took: 0.0001150 seconds
187.527: Application time: 0.0677870 seconds
187.527: [GC [PSYoungGen: 30066K->1792K(30208K)] 60481K->32206K(71680K), 0.0006580 secs] [Times: user=0.00 sys=0.00, real=0.00 secs] 
187.528: Total time for which application threads were stopped: 0.0007890 seconds, Stopping threads took: 0.0000600 seconds
187.595: Application time: 0.0672740 seconds
187.595: [GC [PSYoungGen: 29658K->2816K(36864K)] 60073K->33230K(78336K), 0.0010820 secs] [Times: user=0.01 sys=0.00, real=0.00 secs] 
187.596: Total time for which application threads were stopped: 0.0012260 seconds, Stopping threads took: 0.0000720 seconds
187.676: Application time: 0.0800040 seconds
187.676: [GC [PSYoungGen: 36000K->2848K(36864K)] 66415K->33310K(78336K), 0.0011250 secs] [Times: user=0.01 sys=0.00, real=0.00 secs] 
187.677: Total time for which application threads were stopped: 0.0013560 seconds, Stopping threads took: 0.0001600 seconds
187.759: Application time: 0.0819300 seconds
187.760: [GC [PSYoungGen: 35877K->1792K(37376K)] 66340K->32370K(78848K), 0.0008140 secs] [Times: user=0.00 sys=0.00, real=0.00 secs] 
187.760: Total time for which application threads were stopped: 0.0010580 seconds, Stopping threads took: 0.0001600 seconds
187.840: Application time: 0.0799060 seconds
187.841: [GC [PSYoungGen: 34819K->1792K(43520K)] 65398K->32418K(84992K), 0.0007010 secs] [Times: user=0.00 sys=0.00, real=0.00 secs] 
187.841: Total time for which application threads were stopped: 0.0009320 seconds, Stopping threads took: 0.0001690 seconds
187.938: Application time: 0.0969370 seconds
187.938: [GC [PSYoungGen: 41504K->1216K(40448K)] 72131K->31890K(81920K), 0.0005950 secs] [Times: user=0.00 sys=0.00, real=0.00 secs] 
187.939: Total time for which application threads were stopped: 0.0007210 seconds, Stopping threads took: 0.0000600 seconds
188.032: Application time: 0.0926330 seconds
188.032: [GC [PSYoungGen: 39894K->2304K(40448K)] 70569K->33019K(81920K), 0.0008430 secs] [Times: user=0.01 sys=0.00, real=0.00 secs] 
188.033: Total time for which application threads were stopped: 0.0009870 seconds, Stopping threads took: 0.0000700 seconds
188.125: Application time: 0.0920690 seconds
188.125: [GC [PSYoungGen: 39884K->1248K(38400K)] 70599K->32019K(79872K), 0.0006600 secs] [Times: user=0.00 sys=0.00, real=0.00 secs] 
188.125: Total time for which application threads were stopped: 0.0007880 seconds, Stopping threads took: 0.0000580 seconds
188.213: Application time: 0.0879630 seconds
188.213: [GC [PSYoungGen: 37872K->1760K(39424K)] 68643K->32531K(80896K), 0.0007350 secs] [Times: user=0.00 sys=0.00, real=0.00 secs] 
188.214: Total time for which application threads were stopped: 0.0008650 seconds, Stopping threads took: 0.0000620 seconds
188.303: Application time: 0.0890770 seconds
188.303: [GC [PSYoungGen: 37954K->672K(36864K)] 68725K->31483K(78336K), 0.0005910 secs] [Times: user=0.01 sys=0.00, real=0.00 secs] 
188.304: Total time for which application threads were stopped: 0.0007560 seconds, Stopping threads took: 0.0000870 seconds
188.386: Application time: 0.0816530 seconds
188.386: [GC [PSYoungGen: 36337K->3360K(38912K)] 67148K->34247K(80384K), 0.0013050 secs] [Times: user=0.01 sys=0.00, real=0.01 secs] 
188.387: Total time for which application threads were stopped: 0.0014640 seconds, Stopping threads took: 0.0000790 seconds
188.476: Application time: 0.0886840 seconds
188.476: [GC [PSYoungGen: 38454K->672K(35840K)] 69341K->31647K(77312K), 0.0005080 secs] [Times: user=0.01 sys=0.00, real=0.00 secs] 
188.478: Total time for which application threads were stopped: 0.0018230 seconds, Stopping threads took: 0.0001500 seconds
188.558: Application time: 0.0807760 seconds
188.559: [GC [PSYoungGen: 35157K->2304K(37888K)] 66132K->33319K(79360K), 0.0009720 secs] [Times: user=0.01 sys=0.00, real=0.00 secs] 
188.560: Total time for which application threads were stopped: 0.0011230 seconds, Stopping threads took: 0.0000750 seconds
188.642: Application time: 0.0824110 seconds
188.642: [GC [PSYoungGen: 36360K->2304K(36352K)] 67375K->33319K(77824K), 0.0009350 secs] [Times: user=0.01 sys=0.00, real=0.00 secs] 
188.643: Total time for which application threads were stopped: 0.0010820 seconds, Stopping threads took: 0.0000740 seconds
188.725: Application time: 0.0821550 seconds
188.725: [GC [PSYoungGen: 35847K->1728K(35840K)] 66863K->32791K(77312K), 0.0008540 secs] [Times: user=0.01 sys=0.00, real=0.00 secs] 
188.726: Total time for which application threads were stopped: 0.0009840 seconds, Stopping threads took: 0.0000640 seconds
188.805: Application time: 0.0788220 seconds
188.805: [GC [PSYoungGen: 34673K->2272K(35328K)] 65736K->33383K(76800K), 0.0009770 secs] [Times: user=0.00 sys=0.00, real=0.00 secs] 
188.806: Total time for which application threads were stopped: 0.0011290 seconds, Stopping threads took: 0.0000700 seconds
188.886: Application time: 0.0801110 seconds
188.886: [GC [PSYoungGen: 34788K->1728K(35328K)] 65899K->32839K(76800K), 0.0008030 secs] [Times: user=0.01 sys=0.00, real=0.01 secs] 
188.887: Total time for which application threads were stopped: 0.0009770 seconds, Stopping threads took: 0.0001080 seconds
188.965: Application time: 0.0778990 seconds
188.965: [GC [PSYoungGen: 33877K->2304K(35840K)] 64988K->33463K(77312K), 0.0009470 secs] [Times: user=0.01 sys=0.00, real=0.00 secs] 
188.966: Total time for which application threads were stopped: 0.0010930 seconds, Stopping threads took: 0.0000750 seconds
189.044: Application time: 0.0780380 seconds
189.044: [GC [PSYoungGen: 34305K->1280K(33280K)] 65465K->32567K(74752K), 0.0006280 secs] [Times: user=0.01 sys=0.00, real=0.00 secs] 
189.045: Total time for which application threads were stopped: 0.0007670 seconds, Stopping threads took: 0.0000810 seconds
189.123: Application time: 0.0779270 seconds
189.123: [GC [PSYoungGen: 32757K->1728K(33280K)] 64044K->33063K(74752K), 0.0008180 secs] [Times: user=0.00 sys=0.00, real=0.00 secs] 
189.124: Total time for which application threads were stopped: 0.0009460 seconds, Stopping threads took: 0.0000610 seconds
189.199: Application time: 0.0747090 seconds
189.199: [GC [PSYoungGen: 32612K->1760K(32768K)] 63948K->33151K(74240K), 0.0006890 secs] [Times: user=0.01 sys=0.00, real=0.00 secs] 
189.199: Total time for which application threads were stopped: 0.0008230 seconds, Stopping threads took: 0.0000700 seconds
189.272: Application time: 0.0728690 seconds
189.272: [GC [PSYoungGen: 32198K->2784K(37888K)] 63590K->34175K(79360K), 0.0011580 secs] [Times: user=0.01 sys=0.00, real=0.00 secs] 
189.274: Total time for which application threads were stopped: 0.0013170 seconds, Stopping threads took: 0.0000840 seconds
189.355: Application time: 0.0817020 seconds
189.356: [GC [PSYoungGen: 36839K->2752K(40448K)] 68231K->34191K(81920K), 0.0009850 secs] [Times: user=0.01 sys=0.00, real=0.00 secs] 
189.357: Total time for which application threads were stopped: 0.0011340 seconds, Stopping threads took: 0.0000720 seconds
189.447: Application time: 0.0904690 seconds
189.447: [GC [PSYoungGen: 39302K->2304K(40448K)] 70741K->33799K(81920K), 0.0009310 secs] [Times: user=0.00 sys=0.00, real=0.00 secs] 
189.448: Total time for which application threads were stopped: 0.0010650 seconds, Stopping threads took: 0.0000640 seconds
189.536: Application time: 0.0876560 seconds
189.536: [GC [PSYoungGen: 38928K->2784K(47616K)] 70423K->34279K(89088K), 0.0009930 secs] [Times: user=0.00 sys=0.00, real=0.00 secs] 
189.537: Total time for which application threads were stopped: 0.0011390 seconds, Stopping threads took: 0.0000760 seconds
189.644: Application time: 0.1069650 seconds
189.644: [GC [PSYoungGen: 46769K->1792K(45056K)] 78264K->33335K(86528K), 0.0007460 secs] [Times: user=0.01 sys=0.00, real=0.00 secs] 
189.645: Total time for which application threads were stopped: 0.0008780 seconds, Stopping threads took: 0.0000650 seconds
189.749: Application time: 0.1044720 seconds
189.749: [GC [PSYoungGen: 44591K->704K(45568K)] 76134K->32359K(87040K), 0.0005150 secs] [Times: user=0.00 sys=0.00, real=0.00 secs] 
189.750: Total time for which application threads were stopped: 0.0006430 seconds, Stopping threads took: 0.0000670 seconds
189.852: Application time: 0.1021640 seconds
189.852: [GC [PSYoungGen: 42468K->1280K(42496K)] 74124K->32991K(83968K), 0.0007040 secs] [Times: user=0.00 sys=0.00, real=0.00 secs] 
189.853: Total time for which application threads were stopped: 0.0008280 seconds, Stopping threads took: 0.0000620 seconds
189.952: Application time: 0.0987230 seconds
189.952: [GC [PSYoungGen: 42020K->672K(42496K)] 73732K->32423K(83968K), 0.0005650 secs] [Times: user=0.00 sys=0.00, real=0.00 secs] 
189.952: Total time for which application threads were stopped: 0.0007050 seconds, Stopping threads took: 0.0000680 seconds
190.045: Application time: 0.0930820 seconds
190.045: [GC [PSYoungGen: 40376K->2272K(41472K)] 72128K->34071K(82944K), 0.0009210 secs] [Times: user=0.00 sys=0.00, real=0.00 secs] 
190.046: Total time for which application threads were stopped: 0.0010860 seconds, Stopping threads took: 0.0000980 seconds
190.142: Application time: 0.0955200 seconds
190.142: [GC [PSYoungGen: 40956K->1760K(39936K)] 72756K->33607K(81408K), 0.0008480 secs] [Times: user=0.01 sys=0.00, real=0.00 secs] 
190.143: Total time for which application threads were stopped: 0.0009850 seconds, Stopping threads took: 0.0000700 seconds
190.234: Application time: 0.0911240 seconds
190.234: [GC [PSYoungGen: 39490K->2240K(39424K)] 71338K->34127K(80896K), 0.0010040 secs] [Times: user=0.01 sys=0.00, real=0.01 secs] 
190.235: Total time for which application threads were stopped: 0.0011660 seconds, Stopping threads took: 0.0000870 seconds
190.325: Application time: 0.0897800 seconds
190.325: [GC [PSYoungGen: 38948K->1280K(39424K)] 70836K->33259K(80896K), 0.0006540 secs] [Times: user=0.00 sys=0.00, real=0.00 secs] 
190.326: Total time for which application threads were stopped: 0.0007850 seconds, Stopping threads took: 0.0000710 seconds
190.412: Application time: 0.0862250 seconds
190.412: [GC [PSYoungGen: 37307K->2752K(38912K)] 69287K->34800K(80384K), 0.0011040 secs] [Times: user=0.00 sys=0.00, real=0.00 secs] 
190.413: Total time for which application threads were stopped: 0.0012640 seconds, Stopping threads took: 0.0000830 seconds
190.499: Application time: 0.0853500 seconds
190.499: [GC [PSYoungGen: 38349K->2816K(38912K)] 70397K->34864K(80384K), 0.0010640 secs] [Times: user=0.01 sys=0.00, real=0.00 secs] 
190.500: Total time for which application threads were stopped: 0.0012300 seconds, Stopping threads took: 0.0000850 seconds
190.587: Application time: 0.0875100 seconds
190.587: [GC [PSYoungGen: 37906K->1248K(36352K)] 69954K->33352K(77824K), 0.0006110 secs] [Times: user=0.00 sys=0.00, real=0.00 secs] 
190.588: Total time for which application threads were stopped: 0.0007380 seconds, Stopping threads took: 0.0000590 seconds
190.670: Application time: 0.0821750 seconds
190.670: [GC [PSYoungGen: 35735K->2272K(37888K)] 67839K->34424K(79360K), 0.0009850 secs] [Times: user=0.00 sys=0.00, real=0.00 secs] 
190.671: Total time for which application threads were stopped: 0.0011160 seconds, Stopping threads took: 0.0000630 seconds
190.755: Application time: 0.0838090 seconds
190.755: [GC [PSYoungGen: 36329K->1760K(35840K)] 68481K->33912K(77312K), 0.0008360 secs] [Times: user=0.00 sys=0.00, real=0.00 secs] 
190.756: Total time for which application threads were stopped: 0.0009740 seconds, Stopping threads took: 0.0000720 seconds
190.837: Application time: 0.0805370 seconds
190.837: [GC [PSYoungGen: 35458K->1808K(36352K)] 67610K->34016K(77824K), 0.0008320 secs] [Times: user=0.00 sys=0.00, real=0.00 secs] 
190.838: Total time for which application threads were stopped: 0.0009670 seconds, Stopping threads took: 0.0000670 seconds
190.918: Application time: 0.0803890 seconds
190.918: [GC [PSYoungGen: 34836K->1792K(34816K)] 67044K->34124K(76288K), 0.0008240 secs] [Times: user=0.01 sys=0.00, real=0.00 secs] 
190.919: Total time for which application threads were stopped: 0.0009700 seconds, Stopping threads took: 0.0000770 seconds
190.998: Application time: 0.0787590 seconds
190.998: [GC [PSYoungGen: 34307K->1216K(35328K)] 66639K->33588K(76800K), 0.0006340 secs] [Times: user=0.00 sys=0.00, real=0.00 secs] 
190.999: Total time for which application threads were stopped: 0.0008080 seconds, Stopping threads took: 0.0001070 seconds
191.075: Application time: 0.0763570 seconds
191.075: [GC [PSYoungGen: 33124K->2208K(34304K)] 65497K->34628K(75776K), 0.0009630 secs] [Times: user=0.01 sys=0.00, real=0.00 secs] 
191.076: Total time for which application threads were stopped: 0.0012310 seconds, Stopping threads took: 0.0001910 seconds
191.152: Application time: 0.0757290 seconds
191.152: [GC [PSYoungGen: 33678K->3328K(34816K)] 66099K->35748K(76288K), 0.0012730 secs] [Times: user=0.01 sys=0.00, real=0.00 secs] 
191.153: Total time for which application threads were stopped: 0.0014430 seconds, Stopping threads took: 0.0000980 seconds
191.231: Application time: 0.0773010 seconds
191.231: [GC [PSYoungGen: 34308K->1216K(35328K)] 66728K->33692K(76800K), 0.0006400 secs] [Times: user=0.00 sys=0.00, real=0.00 secs] 
191.232: Total time for which application threads were stopped: 0.0007900 seconds, Stopping threads took: 0.0000870 seconds
191.304: Application time: 0.0722570 seconds
191.304: [GC [PSYoungGen: 32088K->2816K(41984K)] 64564K->35340K(83456K), 0.0009110 secs] [Times: user=0.00 sys=0.00, real=0.00 secs] 
191.305: Total time for which application threads were stopped: 0.0010630 seconds, Stopping threads took: 0.0000770 seconds
191.399: Application time: 0.0937090 seconds
191.399: [GC [PSYoungGen: 40474K->1760K(38912K)] 72998K->34284K(80384K), 0.0007610 secs] [Times: user=0.01 sys=0.00, real=0.00 secs] 
191.399: Total time for which application threads were stopped: 0.0009010 seconds, Stopping threads took: 0.0000720 seconds
191.487: Application time: 0.0880040 seconds
191.488: [GC [PSYoungGen: 38538K->2880K(40960K)] 71063K->35444K(82432K), 0.0010740 secs] [Times: user=0.01 sys=0.00, real=0.00 secs] 
191.489: Total time for which application threads were stopped: 0.0012100 seconds, Stopping threads took: 0.0000620 seconds
191.577: Application time: 0.0878820 seconds
191.577: [GC [PSYoungGen: 39504K->3296K(40960K)] 72068K->35964K(82432K), 0.0012890 secs] [Times: user=0.01 sys=0.00, real=0.00 secs] 
191.578: Total time for which application threads were stopped: 0.0014520 seconds, Stopping threads took: 0.0000760 seconds
191.669: Application time: 0.0910830 seconds
191.669: [GC [PSYoungGen: 39928K->1760K(48640K)] 72596K->34468K(90112K), 0.0006900 secs] [Times: user=0.00 sys=0.00, real=0.00 secs] 
191.670: Total time for which application threads were stopped: 0.0008250 seconds, Stopping threads took: 0.0000690 seconds
191.775: Application time: 0.1052130 seconds
191.775: [GC [PSYoungGen: 46092K->2784K(46592K)] 78801K->35540K(88064K), 0.0009220 secs] [Times: user=0.01 sys=0.00, real=0.00 secs] 
191.776: Total time for which application threads were stopped: 0.0010570 seconds, Stopping threads took: 0.0000640 seconds
191.884: Application time: 0.1081580 seconds
191.884: [GC [PSYoungGen: 46101K->768K(45568K)] 78857K->33580K(87040K), 0.0005490 secs] [Times: user=0.00 sys=0.00, real=0.00 secs] 
191.885: Total time for which application threads were stopped: 0.0006760 seconds, Stopping threads took: 0.0000640 seconds
191.985: Application time: 0.1004760 seconds
191.986: [GC [PSYoungGen: 42962K->2304K(44032K)] 75774K->35172K(85504K), 0.0009340 secs] [Times: user=0.00 sys=0.00, real=0.00 secs] 
191.987: Total time for which application threads were stopped: 0.0010910 seconds, Stopping threads took: 0.0000890 seconds
192.087: Application time: 0.1000040 seconds
192.087: [GC [PSYoungGen: 43279K->2336K(43520K)] 76148K->35204K(84992K), 0.0009570 secs] [Times: user=0.01 sys=0.00, real=0.00 secs] 
192.088: Total time for which application threads were stopped: 0.0011720 seconds, Stopping threads took: 0.0001340 seconds
192.185: Application time: 0.0977320 seconds
192.186: [GC [PSYoungGen: 42482K->2304K(41984K)] 75351K->35320K(83456K), 0.0010140 secs] [Times: user=0.00 sys=0.00, real=0.00 secs] 
192.187: Total time for which application threads were stopped: 0.0011600 seconds, Stopping threads took: 0.0000730 seconds
192.284: Application time: 0.0971320 seconds
192.284: [GC [PSYoungGen: 41583K->1280K(41472K)] 74599K->34296K(82944K), 0.0006780 secs] [Times: user=0.00 sys=0.00, real=0.00 secs] 
192.285: Total time for which application threads were stopped: 0.0008020 seconds, Stopping threads took: 0.0000590 seconds
192.377: Application time: 0.0923300 seconds
192.377: [GC [PSYoungGen: 39368K->1792K(39424K)] 72384K->34896K(80896K), 0.0008800 secs] [Times: user=0.01 sys=0.00, real=0.00 secs] 
192.378: Total time for which application threads were stopped: 0.0010230 seconds, Stopping threads took: 0.0000740 seconds
192.467: Application time: 0.0894910 seconds
192.468: [GC [PSYoungGen: 38932K->1760K(39424K)] 72036K->34864K(80896K), 0.0008270 secs] [Times: user=0.00 sys=0.00, real=0.00 secs] 
192.468: Total time for which application threads were stopped: 0.0009670 seconds, Stopping threads took: 0.0000730 seconds
192.558: Application time: 0.0894870 seconds
192.558: [GC [PSYoungGen: 38383K->2304K(38912K)] 71488K->35456K(80384K), 0.0009500 secs] [Times: user=0.01 sys=0.00, real=0.00 secs] 
192.559: Total time for which application threads were stopped: 0.0010900 seconds, Stopping threads took: 0.0000720 seconds
192.646: Application time: 0.0872390 seconds
192.646: [GC [PSYoungGen: 38340K->1792K(38912K)] 71492K->35000K(80384K), 0.0008010 secs] [Times: user=0.01 sys=0.00, real=0.01 secs] 
192.647: Total time for which application threads were stopped: 0.0009450 seconds, Stopping threads took: 0.0000680 seconds
192.735: Application time: 0.0882600 seconds
192.736: [GC [PSYoungGen: 37629K->768K(36352K)] 70838K->33976K(77824K), 0.0005400 secs] [Times: user=0.01 sys=0.00, real=0.00 secs] 
192.736: Total time for which application threads were stopped: 0.0006620 seconds, Stopping threads took: 0.0000600 seconds
192.819: Application time: 0.0829820 seconds
192.819: [GC [PSYoungGen: 35769K->1664K(37888K)] 68978K->35017K(79360K), 0.0009630 secs] [Times: user=0.01 sys=0.00, real=0.00 secs] 
192.820: Total time for which application threads were stopped: 0.0011100 seconds, Stopping threads took: 0.0000700 seconds
192.905: Application time: 0.0848290 seconds
192.905: [GC [PSYoungGen: 36311K->1792K(36352K)] 69664K->35145K(77824K), 0.0007720 secs] [Times: user=0.01 sys=0.00, real=0.00 secs] 
192.906: Total time for which application threads were stopped: 0.0009080 seconds, Stopping threads took: 0.0000690 seconds
192.991: Application time: 0.0850860 seconds
192.991: [GC [PSYoungGen: 35773K->736K(36864K)] 69126K->34177K(78336K), 0.0004900 secs] [Times: user=0.00 sys=0.00, real=0.00 secs] 
192.992: Total time for which application threads were stopped: 0.0006510 seconds, Stopping threads took: 0.0000950 seconds
193.073: Application time: 0.0810430 seconds
193.073: [GC [PSYoungGen: 34197K->1248K(34816K)] 67638K->34689K(76288K), 0.0006380 secs] [Times: user=0.00 sys=0.00, real=0.00 secs] 
193.073: Total time for which application threads were stopped: 0.0007660 seconds, Stopping threads took: 0.0000620 seconds
193.153: Application time: 0.0797880 seconds
193.153: [GC [PSYoungGen: 34353K->1280K(35840K)] 67795K->34721K(77312K), 0.0006500 secs] [Times: user=0.00 sys=0.00, real=0.00 secs] 
193.154: Total time for which application threads were stopped: 0.0007930 seconds, Stopping threads took: 0.0000710 seconds
193.232: Application time: 0.0776100 seconds
193.232: [GC [PSYoungGen: 33705K->2304K(34816K)] 67146K->35833K(76288K), 0.0009670 secs] [Times: user=0.01 sys=0.00, real=0.00 secs] 
193.233: Total time for which application threads were stopped: 0.0011000 seconds, Stopping threads took: 0.0000580 seconds
193.310: Application time: 0.0777020 seconds
193.311: [GC [PSYoungGen: 34257K->1760K(33792K)] 67786K->35289K(75264K), 0.0008580 secs] [Times: user=0.01 sys=0.00, real=0.00 secs] 
193.312: Total time for which application threads were stopped: 0.0010070 seconds, Stopping threads took: 0.0000800 seconds
193.388: Application time: 0.0763970 seconds
193.388: [GC [PSYoungGen: 33437K->2352K(34304K)] 66966K->35889K(75776K), 0.0009670 secs] [Times: user=0.00 sys=0.00, real=0.00 secs] 
193.389: Total time for which application threads were stopped: 0.0011080 seconds, Stopping threads took: 0.0000710 seconds
193.463: Application time: 0.0743100 seconds
193.463: [GC [PSYoungGen: 33241K->1728K(32768K)] 66778K->35401K(74240K), 0.0008430 secs] [Times: user=0.00 sys=0.00, real=0.00 secs] 
193.464: Total time for which application threads were stopped: 0.0009770 seconds, Stopping threads took: 0.0000670 seconds
193.538: Application time: 0.0736310 seconds
193.538: [GC [PSYoungGen: 32170K->2272K(33792K)] 65844K->35945K(75264K), 0.0009460 secs] [Times: user=0.01 sys=0.00, real=0.00 secs] 
193.539: Total time for which application threads were stopped: 0.0010850 seconds, Stopping threads took: 0.0000680 seconds
193.615: Application time: 0.0762640 seconds
193.615: [GC [PSYoungGen: 32729K->1200K(31744K)] 66402K->34913K(73216K), 0.0005980 secs] [Times: user=0.00 sys=0.00, real=0.00 secs] 
193.616: Total time for which application threads were stopped: 0.0007360 seconds, Stopping threads took: 0.0000730 seconds
193.687: Application time: 0.0711130 seconds
193.687: [GC [PSYoungGen: 31044K->2240K(38400K)] 64757K->36009K(79872K), 0.0009140 secs] [Times: user=0.01 sys=0.00, real=0.00 secs] 
193.688: Total time for which application threads were stopped: 0.0010480 seconds, Stopping threads took: 0.0000580 seconds
193.773: Application time: 0.0845840 seconds
193.773: [GC [PSYoungGen: 36813K->1280K(35840K)] 70583K->35049K(77312K), 0.0006550 secs] [Times: user=0.00 sys=0.00, real=0.00 secs] 
193.774: Total time for which application threads were stopped: 0.0009590 seconds, Stopping threads took: 0.0002370 seconds
193.855: Application time: 0.0815590 seconds
193.855: [GC [PSYoungGen: 35332K->2272K(36352K)] 69101K->36081K(77824K), 0.0010300 secs] [Times: user=0.01 sys=0.00, real=0.00 secs] 
193.856: Total time for which application threads were stopped: 0.0011670 seconds, Stopping threads took: 0.0000640 seconds
193.939: Application time: 0.0827460 seconds
193.939: [GC [PSYoungGen: 35737K->1792K(35328K)] 69547K->35657K(76800K), 0.0007140 secs] [Times: user=0.00 sys=0.00, real=0.00 secs] 
193.940: Total time for which application threads were stopped: 0.0008410 seconds, Stopping threads took: 0.0000590 seconds
194.019: Application time: 0.0789820 seconds
194.019: [GC [PSYoungGen: 35050K->2336K(35840K)] 68915K->36201K(77312K), 0.0009670 secs] [Times: user=0.01 sys=0.00, real=0.00 secs] 
194.020: Total time for which application threads were stopped: 0.0011040 seconds, Stopping threads took: 0.0000670 seconds
194.099: Application time: 0.0786100 seconds
194.099: [GC [PSYoungGen: 34769K->2304K(36352K)] 68634K->36301K(77824K), 0.0009340 secs] [Times: user=0.00 sys=0.00, real=0.00 secs] 
194.100: Total time for which application threads were stopped: 0.0010740 seconds, Stopping threads took: 0.0000700 seconds
194.179: Application time: 0.0795010 seconds
194.179: [GC [PSYoungGen: 34815K->2304K(36352K)] 68813K->36301K(77824K), 0.0008880 secs] [Times: user=0.00 sys=0.00, real=0.00 secs] 
194.180: Total time for which application threads were stopped: 0.0010490 seconds, Stopping threads took: 0.0000880 seconds
194.259: Application time: 0.0790670 seconds
194.260: [GC [PSYoungGen: 34815K->2304K(43008K)] 68813K->36341K(84480K), 0.0008100 secs] [Times: user=0.01 sys=0.00, real=0.00 secs] 
194.260: Total time for which application threads were stopped: 0.0009700 seconds, Stopping threads took: 0.0000760 seconds
194.355: Application time: 0.0945140 seconds
194.355: [GC [PSYoungGen: 41420K->2816K(43008K)] 75457K->36893K(84480K), 0.0010480 secs] [Times: user=0.00 sys=0.00, real=0.00 secs] 
194.356: Total time for which application threads were stopped: 0.0011970 seconds, Stopping threads took: 0.0000760 seconds
194.453: Application time: 0.0972490 seconds
194.454: [GC [PSYoungGen: 42020K->736K(39424K)] 76098K->34813K(80896K), 0.0005120 secs] [Times: user=0.00 sys=0.00, real=0.00 secs] 
194.454: Total time for which application threads were stopped: 0.0007560 seconds, Stopping threads took: 0.0001820 seconds
194.545: Application time: 0.0910920 seconds
194.545: [GC [PSYoungGen: 38897K->2304K(39936K)] 72975K->36437K(81408K), 0.0009480 secs] [Times: user=0.01 sys=0.00, real=0.00 secs] 
194.546: Total time for which application threads were stopped: 0.0010800 seconds, Stopping threads took: 0.0000590 seconds
194.637: Application time: 0.0905760 seconds
194.637: [GC [PSYoungGen: 39524K->1760K(38912K)] 73658K->35949K(80384K), 0.0008080 secs] [Times: user=0.01 sys=0.00, real=0.00 secs] 
194.638: Total time for which application threads were stopped: 0.0009420 seconds, Stopping threads took: 0.0000690 seconds
194.728: Application time: 0.0903060 seconds
194.728: [GC [PSYoungGen: 38466K->1280K(37888K)] 72655K->35541K(79360K), 0.0007810 secs] [Times: user=0.00 sys=0.00, real=0.00 secs] 
194.729: Total time for which application threads were stopped: 0.0009060 seconds, Stopping threads took: 0.0000600 seconds
194.817: Application time: 0.0876670 seconds
194.817: [GC [PSYoungGen: 37313K->1184K(37376K)] 71575K->35525K(78848K), 0.0006830 secs] [Times: user=0.00 sys=0.00, real=0.00 secs] 
194.818: Total time for which application threads were stopped: 0.0008680 seconds, Stopping threads took: 0.0001070 seconds
194.902: Application time: 0.0840750 seconds
194.902: [GC [PSYoungGen: 36856K->2240K(37888K)] 71198K->36581K(79360K), 0.0009950 secs] [Times: user=0.00 sys=0.00, real=0.00 secs] 
194.903: Total time for which application threads were stopped: 0.0011380 seconds, Stopping threads took: 0.0000680 seconds
194.990: Application time: 0.0871710 seconds
194.990: [GC [PSYoungGen: 37247K->1728K(36864K)] 71589K->36161K(78336K), 0.0008230 secs] [Times: user=0.00 sys=0.00, real=0.00 secs] 
194.991: Total time for which application threads were stopped: 0.0009800 seconds, Stopping threads took: 0.0000860 seconds
195.076: Application time: 0.0846410 seconds
195.076: [GC [PSYoungGen: 36297K->1792K(36352K)] 70731K->36225K(77824K), 0.0008430 secs] [Times: user=0.00 sys=0.00, real=0.00 secs] 
195.077: Total time for which application threads were stopped: 0.0010010 seconds, Stopping threads took: 0.0000800 seconds
195.159: Application time: 0.0821360 seconds
195.159: [GC [PSYoungGen: 35848K->1760K(35840K)] 70281K->36249K(77312K), 0.0007960 secs] [Times: user=0.00 sys=0.00, real=0.00 secs] 
195.160: Total time for which application threads were stopped: 0.0009240 seconds, Stopping threads took: 0.0000630 seconds
195.241: Application time: 0.0817070 seconds
195.242: [GC [PSYoungGen: 35299K->2304K(35840K)] 69789K->36842K(77312K), 0.0010270 secs] [Times: user=0.01 sys=0.00, real=0.00 secs] 
195.243: Total time for which application threads were stopped: 0.0011710 seconds, Stopping threads took: 0.0000730 seconds
195.324: Application time: 0.0812330 seconds
195.324: [GC [PSYoungGen: 35490K->1792K(34816K)] 70028K->36386K(76288K), 0.0007710 secs] [Times: user=0.00 sys=0.00, real=0.00 secs] 
195.325: Total time for which application threads were stopped: 0.0009140 seconds, Stopping threads took: 0.0000700 seconds
195.404: Application time: 0.0795370 seconds
195.404: [GC [PSYoungGen: 34227K->1248K(33792K)] 68821K->35970K(75264K), 0.0007010 secs] [Times: user=0.00 sys=0.00, real=0.00 secs] 
195.405: Total time for which application threads were stopped: 0.0008350 seconds, Stopping threads took: 0.0000680 seconds
195.481: Application time: 0.0762920 seconds
195.482: [GC [PSYoungGen: 33161K->1696K(34304K)] 67883K->36418K(75776K), 0.0008150 secs] [Times: user=0.01 sys=0.00, real=0.00 secs] 
195.482: Total time for which application threads were stopped: 0.0009630 seconds, Stopping threads took: 0.0000800 seconds
195.560: Application time: 0.0772830 seconds
195.560: [GC [PSYoungGen: 33258K->1216K(32768K)] 67980K->35938K(74240K), 0.0006780 secs] [Times: user=0.00 sys=0.00, real=0.00 secs] 
195.560: Total time for which application threads were stopped: 0.0008290 seconds, Stopping threads took: 0.0000850 seconds
195.633: Application time: 0.0723190 seconds
195.633: [GC [PSYoungGen: 32092K->2304K(33280K)] 66814K->37098K(74752K), 0.0009760 secs] [Times: user=0.00 sys=0.00, real=0.00 secs] 
195.634: Total time for which application threads were stopped: 0.0011280 seconds, Stopping threads took: 0.0000790 seconds
195.708: Application time: 0.0739810 seconds
195.708: [GC [PSYoungGen: 32751K->2272K(33792K)] 67545K->37066K(75264K), 0.0009250 secs] [Times: user=0.00 sys=0.00, real=0.00 secs] 
195.709: Total time for which application threads were stopped: 0.0010600 seconds, Stopping threads took: 0.0000680 seconds
195.784: Application time: 0.0749090 seconds
195.784: [GC [PSYoungGen: 32723K->1792K(32256K)] 67517K->36642K(73728K), 0.0006770 secs] [Times: user=0.00 sys=0.00, real=0.00 secs] 
195.785: Total time for which application threads were stopped: 0.0008110 seconds, Stopping threads took: 0.0000680 seconds
195.859: Application time: 0.0739890 seconds
195.859: [GC [PSYoungGen: 31648K->1248K(31232K)] 66498K->36146K(72704K), 0.0006510 secs] [Times: user=0.00 sys=0.00, real=0.00 secs] 
195.859: Total time for which application threads were stopped: 0.0007990 seconds, Stopping threads took: 0.0000710 seconds
195.931: Application time: 0.0711500 seconds
195.931: [GC [PSYoungGen: 30814K->1776K(31232K)] 65712K->36674K(72704K), 0.0007690 secs] [Times: user=0.00 sys=0.00, real=0.00 secs] 
195.932: Total time for which application threads were stopped: 0.0009160 seconds, Stopping threads took: 0.0000700 seconds
196.003: Application time: 0.0711500 seconds
196.003: [GC [PSYoungGen: 30682K->672K(29696K)] 65580K->35674K(71168K), 0.0006740 secs] [Times: user=0.00 sys=0.00, real=0.00 secs] 
196.003: Total time for which application threads were stopped: 0.0007970 seconds, Stopping threads took: 0.0000610 seconds
196.071: Application time: 0.0674480 seconds
196.071: [GC [PSYoungGen: 28976K->1248K(29696K)] 63978K->36306K(71168K), 0.0006730 secs] [Times: user=0.01 sys=0.00, real=0.00 secs] 
196.072: Total time for which application threads were stopped: 0.0008770 seconds, Stopping threads took: 0.0001420 seconds
196.140: Application time: 0.0682220 seconds
196.140: [GC [PSYoungGen: 29038K->1216K(29184K)] 64096K->36274K(70656K), 0.0006690 secs] [Times: user=0.00 sys=0.00, real=0.00 secs] 
196.141: Total time for which application threads were stopped: 0.0008730 seconds, Stopping threads took: 0.0001350 seconds
196.206: Application time: 0.0651390 seconds
196.206: [GC [PSYoungGen: 28648K->2304K(32256K)] 63707K->37362K(73728K), 0.0009820 secs] [Times: user=0.01 sys=0.00, real=0.01 secs] 
196.207: Total time for which application threads were stopped: 0.0012160 seconds, Stopping threads took: 0.0001630 seconds
196.278: Application time: 0.0705400 seconds
196.278: [GC [PSYoungGen: 31126K->1216K(30208K)] 66184K->36362K(71680K), 0.0006710 secs] [Times: user=0.01 sys=0.00, real=0.00 secs] 
196.279: Total time for which application threads were stopped: 0.0008710 seconds, Stopping threads took: 0.0001300 seconds
196.349: Application time: 0.0698570 seconds
196.349: [GC [PSYoungGen: 29522K->2240K(31744K)] 64668K->37386K(73216K), 0.0009300 secs] [Times: user=0.00 sys=0.00, real=0.00 secs] 
196.350: Total time for which application threads were stopped: 0.0010700 seconds, Stopping threads took: 0.0000720 seconds
196.420: Application time: 0.0705140 seconds
196.420: [GC [PSYoungGen: 30626K->1280K(29696K)] 65773K->36426K(71168K), 0.0006710 secs] [Times: user=0.00 sys=0.00, real=0.00 secs] 
196.421: Total time for which application threads were stopped: 0.0008170 seconds, Stopping threads took: 0.0000730 seconds
196.487: Application time: 0.0661590 seconds
196.487: [GC [PSYoungGen: 29148K->2304K(31232K)] 64294K->37506K(72704K), 0.0009550 secs] [Times: user=0.00 sys=0.00, real=0.00 secs] 
196.488: Total time for which application threads were stopped: 0.0010940 seconds, Stopping threads took: 0.0000670 seconds
196.555: Application time: 0.0672750 seconds
196.556: [GC [PSYoungGen: 30254K->1792K(31232K)] 65457K->37042K(72704K), 0.0007720 secs] [Times: user=0.01 sys=0.00, real=0.00 secs] 
196.556: Total time for which application threads were stopped: 0.0009110 seconds, Stopping threads took: 0.0000740 seconds
196.625: Application time: 0.0685640 seconds
196.625: [GC [PSYoungGen: 29742K->1280K(36864K)] 64993K->36626K(78336K), 0.0005850 secs] [Times: user=0.00 sys=0.00, real=0.00 secs] 
196.626: Total time for which application threads were stopped: 0.0007160 seconds, Stopping threads took: 0.0000680 seconds
196.706: Application time: 0.0802800 seconds
196.706: [GC [PSYoungGen: 34741K->1696K(35328K)] 70088K->37130K(76800K), 0.0007280 secs] [Times: user=0.00 sys=0.00, real=0.01 secs] 
196.707: Total time for which application threads were stopped: 0.0008660 seconds, Stopping threads took: 0.0000690 seconds
196.788: Application time: 0.0806960 seconds
196.788: [GC [PSYoungGen: 34641K->2272K(35328K)] 70076K->37706K(76800K), 0.0008630 secs] [Times: user=0.01 sys=0.00, real=0.00 secs] 
196.789: Total time for which application threads were stopped: 0.0010080 seconds, Stopping threads took: 0.0000770 seconds
196.869: Application time: 0.0803770 seconds
196.869: [GC [PSYoungGen: 34868K->1248K(33792K)] 70302K->36682K(75264K), 0.0006440 secs] [Times: user=0.00 sys=0.00, real=0.00 secs] 
196.870: Total time for which application threads were stopped: 0.0007960 seconds, Stopping threads took: 0.0000860 seconds
196.945: Application time: 0.0751710 seconds
196.945: [GC [PSYoungGen: 33148K->2816K(34816K)] 68583K->38838K(76288K), 0.0012620 secs] [Times: user=0.01 sys=0.01, real=0.00 secs] 
196.946: Total time for which application threads were stopped: 0.0014210 seconds, Stopping threads took: 0.0000720 seconds
197.024: Application time: 0.0775610 seconds
197.024: [GC [PSYoungGen: 34225K->2272K(35328K)] 70248K->38294K(76800K), 0.0009030 secs] [Times: user=0.01 sys=0.00, real=0.00 secs] 
197.025: Total time for which application threads were stopped: 0.0010580 seconds, Stopping threads took: 0.0000880 seconds
197.104: Application time: 0.0787570 seconds
197.105: [GC [PSYoungGen: 33837K->1248K(41984K)] 69860K->37270K(83456K), 0.0006560 secs] [Times: user=0.00 sys=0.00, real=0.00 secs] 
197.105: Total time for which application threads were stopped: 0.0015670 seconds, Stopping threads took: 0.0008210 seconds
197.198: Application time: 0.0926360 seconds
197.198: [GC [PSYoungGen: 39494K->1280K(38912K)] 75517K->37390K(80384K), 0.0006250 secs] [Times: user=0.01 sys=0.00, real=0.00 secs] 
197.199: Total time for which application threads were stopped: 0.0007610 seconds, Stopping threads took: 0.0000730 seconds
197.289: Application time: 0.0903870 seconds
197.289: [GC [PSYoungGen: 38498K->1280K(38912K)] 74608K->37470K(80384K), 0.0006210 secs] [Times: user=0.00 sys=0.00, real=0.00 secs] 
197.290: Total time for which application threads were stopped: 0.0007520 seconds, Stopping threads took: 0.0000700 seconds
197.378: Application time: 0.0880850 seconds
197.378: [GC [PSYoungGen: 37825K->1792K(38400K)] 74016K->38066K(79872K), 0.0008930 secs] [Times: user=0.00 sys=0.00, real=0.00 secs] 
197.379: Total time for which application threads were stopped: 0.0010380 seconds, Stopping threads took: 0.0000750 seconds
197.468: Application time: 0.0890050 seconds
197.468: [GC [PSYoungGen: 37906K->1216K(38400K)] 74180K->37490K(79872K), 0.0005920 secs] [Times: user=0.00 sys=0.00, real=0.00 secs] 
197.469: Total time for which application threads were stopped: 0.0007330 seconds, Stopping threads took: 0.0000640 seconds
197.551: Application time: 0.0824810 seconds
197.551: [GC [PSYoungGen: 36805K->2816K(38400K)] 73080K->39642K(79872K), 0.0013480 secs] [Times: user=0.01 sys=0.00, real=0.00 secs] 
197.553: Total time for which application threads were stopped: 0.0014920 seconds, Stopping threads took: 0.0000660 seconds
197.642: Application time: 0.0897900 seconds
197.643: [GC [PSYoungGen: 37828K->1792K(37888K)] 74654K->38666K(79360K), 0.0008000 secs] [Times: user=0.00 sys=0.00, real=0.00 secs] 
197.643: Total time for which application threads were stopped: 0.0009340 seconds, Stopping threads took: 0.0000670 seconds
197.725: Application time: 0.0815020 seconds
197.725: [GC [PSYoungGen: 36435K->2848K(38400K)] 73310K->39723K(79872K), 0.0011340 secs] [Times: user=0.01 sys=0.00, real=0.00 secs] 
197.726: Total time for which application threads were stopped: 0.0012810 seconds, Stopping threads took: 0.0000730 seconds
197.813: Application time: 0.0866350 seconds
197.813: [GC [PSYoungGen: 37424K->1280K(35840K)] 74299K->38243K(77312K), 0.0005930 secs] [Times: user=0.01 sys=0.00, real=0.00 secs] 
197.814: Total time for which application threads were stopped: 0.0007240 seconds, Stopping threads took: 0.0000650 seconds
197.895: Application time: 0.0817030 seconds
197.895: [GC [PSYoungGen: 35488K->2320K(36352K)] 72451K->39331K(77824K), 0.0009710 secs] [Times: user=0.00 sys=0.00, real=0.00 secs] 
197.896: Total time for which application threads were stopped: 0.0011090 seconds, Stopping threads took: 0.0000680 seconds
197.978: Application time: 0.0818380 seconds
197.978: [GC [PSYoungGen: 35781K->2816K(42496K)] 72792K->39943K(83968K), 0.0010200 secs] [Times: user=0.00 sys=0.00, real=0.00 secs] 
197.979: Total time for which application threads were stopped: 0.0011680 seconds, Stopping threads took: 0.0000650 seconds
198.074: Application time: 0.0951230 seconds
198.075: [GC [PSYoungGen: 41426K->1280K(39424K)] 78553K->38407K(80896K), 0.0006240 secs] [Times: user=0.00 sys=0.00, real=0.01 secs] 
198.075: Total time for which application threads were stopped: 0.0007570 seconds, Stopping threads took: 0.0000670 seconds
198.165: Application time: 0.0901230 seconds
198.165: [GC [PSYoungGen: 39010K->1792K(39424K)] 76137K->38919K(80896K), 0.0008180 secs] [Times: user=0.00 sys=0.00, real=0.00 secs] 
198.166: Total time for which application threads were stopped: 0.0009630 seconds, Stopping threads took: 0.0000740 seconds
198.256: Application time: 0.0892150 seconds
198.256: [GC [PSYoungGen: 38339K->1728K(38400K)] 75467K->38927K(79872K), 0.0007700 secs] [Times: user=0.01 sys=0.00, real=0.00 secs] 
198.256: Total time for which application threads were stopped: 0.0009110 seconds, Stopping threads took: 0.0000760 seconds
198.344: Application time: 0.0877660 seconds
198.344: [GC [PSYoungGen: 37842K->1248K(38912K)] 75041K->38447K(80384K), 0.0006630 secs] [Times: user=0.00 sys=0.00, real=0.00 secs] 
198.345: Total time for which application threads were stopped: 0.0008330 seconds, Stopping threads took: 0.0001030 seconds
198.429: Application time: 0.0838920 seconds
198.429: [GC [PSYoungGen: 36839K->2816K(38400K)] 74039K->40055K(79872K), 0.0011720 secs] [Times: user=0.01 sys=0.00, real=0.00 secs] 
198.430: Total time for which application threads were stopped: 0.0013080 seconds, Stopping threads took: 0.0000610 seconds
198.519: Application time: 0.0885760 seconds
198.519: [GC [PSYoungGen: 38064K->768K(37888K)] 75303K->38055K(79360K), 0.0005210 secs] [Times: user=0.00 sys=0.00, real=0.00 secs] 
198.520: Total time for which application threads were stopped: 0.0006720 seconds, Stopping threads took: 0.0000820 seconds
198.602: Application time: 0.0821110 seconds
198.602: [GC [PSYoungGen: 35333K->1728K(36352K)] 72620K->39115K(77824K), 0.0008900 secs] [Times: user=0.01 sys=0.00, real=0.00 secs] 
198.603: Total time for which application threads were stopped: 0.0017300 seconds, Stopping threads took: 0.0000670 seconds
198.684: Application time: 0.0810780 seconds
198.685: [GC [PSYoungGen: 35701K->2816K(36864K)] 73089K->40251K(78336K), 0.0011420 secs] [Times: user=0.00 sys=0.00, real=0.00 secs] 
198.686: Total time for which application threads were stopped: 0.0012830 seconds, Stopping threads took: 0.0000680 seconds
198.766: Application time: 0.0801780 seconds
198.766: [GC [PSYoungGen: 36277K->3328K(37376K)] 73713K->40763K(78848K), 0.0012910 secs] [Times: user=0.01 sys=0.00, real=0.01 secs] 
198.767: Total time for which application threads were stopped: 0.0014440 seconds, Stopping threads took: 0.0000790 seconds
198.850: Application time: 0.0827090 seconds
198.850: [GC [PSYoungGen: 36949K->2816K(45056K)] 74385K->40251K(86528K), 0.0009690 secs] [Times: user=0.00 sys=0.00, real=0.00 secs] 
198.851: Total time for which application threads were stopped: 0.0012310 seconds, Stopping threads took: 0.0001910 seconds
198.951: Application time: 0.1002160 seconds
198.952: [GC [PSYoungGen: 43478K->2272K(45056K)] 80914K->39787K(86528K), 0.0008310 secs] [Times: user=0.01 sys=0.00, real=0.00 secs] 
198.953: Total time for which application threads were stopped: 0.0010180 seconds, Stopping threads took: 0.0001140 seconds
199.050: Application time: 0.0977260 seconds
199.050: [GC [PSYoungGen: 43086K->2816K(53248K)] 80602K->40331K(94720K), 0.0009360 secs] [Times: user=0.00 sys=0.00, real=0.00 secs] 
199.051: Total time for which application threads were stopped: 0.0010940 seconds, Stopping threads took: 0.0000730 seconds
199.171: Application time: 0.1195510 seconds
199.171: [GC [PSYoungGen: 51950K->2848K(51200K)] 89466K->40439K(92672K), 0.0009720 secs] [Times: user=0.00 sys=0.00, real=0.00 secs] 
199.172: Total time for which application threads were stopped: 0.0011170 seconds, Stopping threads took: 0.0000740 seconds
199.289: Application time: 0.1166650 seconds
199.289: [GC [PSYoungGen: 50798K->2208K(50176K)] 88389K->39907K(91648K), 0.0010230 secs] [Times: user=0.01 sys=0.00, real=0.00 secs] 
199.290: Total time for which application threads were stopped: 0.0011580 seconds, Stopping threads took: 0.0000630 seconds
199.405: Application time: 0.1147910 seconds
199.405: [GC [PSYoungGen: 49055K->608K(47104K)] 86755K->38355K(88576K), 0.0005910 secs] [Times: user=0.00 sys=0.00, real=0.00 secs] 
199.405: Total time for which application threads were stopped: 0.0007240 seconds, Stopping threads took: 0.0000710 seconds
199.516: Application time: 0.1103500 seconds
199.516: [GC [PSYoungGen: 46567K->1232K(48128K)] 84315K->38979K(89600K), 0.0006750 secs] [Times: user=0.00 sys=0.00, real=0.00 secs] 
199.517: Total time for which application threads were stopped: 0.0008100 seconds, Stopping threads took: 0.0000660 seconds
199.623: Application time: 0.1065630 seconds
199.623: [GC [PSYoungGen: 46004K->1184K(45568K)] 83752K->39031K(87040K), 0.0007280 secs] [Times: user=0.00 sys=0.00, real=0.00 secs] 
199.624: Total time for which application threads were stopped: 0.0008820 seconds, Stopping threads took: 0.0000690 seconds
199.729: Application time: 0.1049710 seconds
199.729: [GC [PSYoungGen: 45159K->2320K(46080K)] 83007K->40167K(87552K), 0.0009930 secs] [Times: user=0.00 sys=0.00, real=0.00 secs] 
199.730: Total time for which application threads were stopped: 0.0011450 seconds, Stopping threads took: 0.0000780 seconds
199.834: Application time: 0.1042350 seconds
199.834: [GC [PSYoungGen: 45267K->3392K(45568K)] 83115K->41348K(87040K), 0.0013370 secs] [Times: user=0.00 sys=0.00, real=0.01 secs] 
199.836: Total time for which application threads were stopped: 0.0014810 seconds, Stopping threads took: 0.0000660 seconds
199.937: Application time: 0.1007860 seconds
199.937: [GC [PSYoungGen: 45082K->2816K(44544K)] 83038K->40888K(86016K), 0.0011690 secs] [Times: user=0.01 sys=0.00, real=0.00 secs] 
199.938: Total time for which application threads were stopped: 0.0013050 seconds, Stopping threads took: 0.0000600 seconds
200.037: Application time: 0.0992430 seconds
200.037: [GC [PSYoungGen: 43480K->1792K(41984K)] 81552K->39864K(83456K), 0.0008420 secs] [Times: user=0.01 sys=0.00, real=0.00 secs] 
200.038: Total time for which application threads were stopped: 0.0009640 seconds, Stopping threads took: 0.0000570 seconds
200.133: Application time: 0.0950000 seconds
200.133: [GC [PSYoungGen: 41579K->2304K(41984K)] 79651K->40376K(83456K), 0.0010180 secs] [Times: user=0.01 sys=0.00, real=0.00 secs] 
200.134: Total time for which application threads were stopped: 0.0011710 seconds, Stopping threads took: 0.0000710 seconds
200.227: Application time: 0.0932080 seconds
200.228: [GC [PSYoungGen: 40908K->2304K(40448K)] 78980K->40460K(81920K), 0.0010100 secs] [Times: user=0.00 sys=0.00, real=0.00 secs] 
200.229: Total time for which application threads were stopped: 0.0012390 seconds, Stopping threads took: 0.0001610 seconds
200.320: Application time: 0.0908260 seconds
200.320: [GC [PSYoungGen: 39958K->2240K(39936K)] 78114K->40396K(81408K), 0.0009820 secs] [Times: user=0.00 sys=0.00, real=0.00 secs] 
200.321: Total time for which application threads were stopped: 0.0011260 seconds, Stopping threads took: 0.0000750 seconds
200.410: Application time: 0.0888570 seconds
200.410: [GC [PSYoungGen: 39022K->2352K(38912K)] 77178K->40564K(80384K), 0.0010040 secs] [Times: user=0.01 sys=0.00, real=0.00 secs] 
200.411: Total time for which application threads were stopped: 0.0011640 seconds, Stopping threads took: 0.0000790 seconds
200.500: Application time: 0.0890630 seconds
200.500: [GC [PSYoungGen: 38546K->1264K(39424K)] 76758K->39592K(80896K), 0.0006910 secs] [Times: user=0.00 sys=0.00, real=0.00 secs] 
200.501: Total time for which application threads were stopped: 0.0008190 seconds, Stopping threads took: 0.0000650 seconds
200.585: Application time: 0.0846920 seconds
200.585: [GC [PSYoungGen: 36781K->1792K(37376K)] 75110K->40200K(78848K), 0.0008650 secs] [Times: user=0.00 sys=0.00, real=0.00 secs] 
200.586: Total time for which application threads were stopped: 0.0010200 seconds, Stopping threads took: 0.0000850 seconds
200.671: Application time: 0.0849060 seconds
200.671: [GC [PSYoungGen: 36795K->2208K(37888K)] 75204K->40616K(79360K), 0.0010270 secs] [Times: user=0.00 sys=0.00, real=0.00 secs] 
200.672: Total time for which application threads were stopped: 0.0011860 seconds, Stopping threads took: 0.0000760 seconds
200.756: Application time: 0.0840160 seconds
200.757: [GC [PSYoungGen: 36853K->2816K(38400K)] 75262K->41224K(79872K), 0.0011340 secs] [Times: user=0.00 sys=0.00, real=0.00 secs] 
200.758: Total time for which application threads were stopped: 0.0012800 seconds, Stopping threads took: 0.0000720 seconds
200.843: Application time: 0.0848980 seconds
200.843: [GC [PSYoungGen: 37311K->1792K(36352K)] 75720K->40296K(77824K), 0.0007160 secs] [Times: user=0.00 sys=0.00, real=0.00 secs] 
200.843: Total time for which application threads were stopped: 0.0008540 seconds, Stopping threads took: 0.0000700 seconds
200.925: Application time: 0.0810930 seconds
200.925: [GC [PSYoungGen: 35761K->3296K(44032K)] 74265K->41800K(85504K), 0.0012820 secs] [Times: user=0.01 sys=0.00, real=0.00 secs] 
200.926: Total time for which application threads were stopped: 0.0014340 seconds, Stopping threads took: 0.0000780 seconds
201.026: Application time: 0.1004780 seconds
201.027: [GC [PSYoungGen: 43681K->2288K(45568K)] 82185K->40792K(87040K), 0.0009680 secs] [Times: user=0.01 sys=0.00, real=0.01 secs] 
201.028: Total time for which application threads were stopped: 0.0011130 seconds, Stopping threads took: 0.0000730 seconds
201.128: Application time: 0.1003450 seconds
201.128: [GC [PSYoungGen: 43697K->2304K(45568K)] 82201K->40920K(87040K), 0.0009820 secs] [Times: user=0.00 sys=0.00, real=0.00 secs] 
201.129: Total time for which application threads were stopped: 0.0011150 seconds, Stopping threads took: 0.0000680 seconds
201.230: Application time: 0.1007720 seconds
201.230: [GC [PSYoungGen: 43480K->1792K(42496K)] 82097K->40512K(83968K), 0.0006970 secs] [Times: user=0.00 sys=0.00, real=0.00 secs] 
201.231: Total time for which application threads were stopped: 0.0008510 seconds, Stopping threads took: 0.0000700 seconds
201.329: Application time: 0.0979820 seconds
201.329: [GC [PSYoungGen: 41938K->1792K(41472K)] 80658K->40512K(82944K), 0.0007150 secs] [Times: user=0.00 sys=0.00, real=0.00 secs] 
201.330: Total time for which application threads were stopped: 0.0008540 seconds, Stopping threads took: 0.0000710 seconds
201.422: Application time: 0.0927680 seconds
201.422: [GC [PSYoungGen: 41060K->3360K(41984K)] 79781K->42080K(83456K), 0.0011130 secs] [Times: user=0.00 sys=0.01, real=0.00 secs] 
201.424: Total time for which application threads were stopped: 0.0012680 seconds, Stopping threads took: 0.0000780 seconds
201.519: Application time: 0.0958410 seconds
201.520: [GC [PSYoungGen: 41460K->704K(38400K)] 80181K->39520K(79872K), 0.0006070 secs] [Times: user=0.01 sys=0.00, real=0.00 secs] 
201.520: Total time for which application threads were stopped: 0.0007280 seconds, Stopping threads took: 0.0000590 seconds
201.608: Application time: 0.0880800 seconds
201.608: [GC [PSYoungGen: 37840K->1792K(38912K)] 76656K->40608K(80384K), 0.0007960 secs] [Times: user=0.01 sys=0.00, real=0.00 secs] 
201.609: Total time for which application threads were stopped: 0.0009840 seconds, Stopping threads took: 0.0001200 seconds
201.698: Application time: 0.0886540 seconds
201.698: [GC [PSYoungGen: 38572K->2336K(38912K)] 77389K->41192K(80384K), 0.0010520 secs] [Times: user=0.00 sys=0.00, real=0.00 secs] 
201.699: Total time for which application threads were stopped: 0.0011920 seconds, Stopping threads took: 0.0000680 seconds
201.786: Application time: 0.0873870 seconds
201.787: [GC [PSYoungGen: 38526K->2304K(38400K)] 77383K->41280K(79872K), 0.0009660 secs] [Times: user=0.00 sys=0.00, real=0.01 secs] 
201.788: Total time for which application threads were stopped: 0.0011150 seconds, Stopping threads took: 0.0000680 seconds
201.876: Application time: 0.0884840 seconds
201.876: [GC [PSYoungGen: 37825K->1728K(37376K)] 76802K->40776K(78848K), 0.0008810 secs] [Times: user=0.01 sys=0.00, real=0.00 secs] 
201.877: Total time for which application threads were stopped: 0.0010230 seconds, Stopping threads took: 0.0000730 seconds
201.958: Application time: 0.0814140 seconds
201.959: [GC [PSYoungGen: 36727K->3264K(39936K)] 75776K->42312K(81408K), 0.0013470 secs] [Times: user=0.01 sys=0.00, real=0.00 secs] 
201.960: Total time for which application threads were stopped: 0.0015020 seconds, Stopping threads took: 0.0000790 seconds
202.051: Application time: 0.0908920 seconds
202.051: [GC [PSYoungGen: 39380K->2304K(40448K)] 78429K->41352K(81920K), 0.0009320 secs] [Times: user=0.01 sys=0.00, real=0.00 secs] 
202.052: Total time for which application threads were stopped: 0.0010680 seconds, Stopping threads took: 0.0000680 seconds
202.141: Application time: 0.0894640 seconds
202.142: [GC [PSYoungGen: 38420K->1280K(37376K)] 77468K->40376K(78848K), 0.0005950 secs] [Times: user=0.00 sys=0.00, real=0.00 secs] 
202.142: Total time for which application threads were stopped: 0.0007340 seconds, Stopping threads took: 0.0000670 seconds
202.229: Application time: 0.0866420 seconds
202.229: [GC [PSYoungGen: 36877K->1216K(36864K)] 75974K->40360K(78336K), 0.0006490 secs] [Times: user=0.00 sys=0.00, real=0.00 secs] 
202.230: Total time for which application threads were stopped: 0.0007810 seconds, Stopping threads took: 0.0000690 seconds
202.313: Application time: 0.0835950 seconds
202.313: [GC [PSYoungGen: 36372K->2832K(37888K)] 75517K->42008K(79360K), 0.0010130 secs] [Times: user=0.00 sys=0.00, real=0.00 secs] 
202.314: Total time for which application threads were stopped: 0.0011610 seconds, Stopping threads took: 0.0000650 seconds
202.402: Application time: 0.0877120 seconds
202.402: [GC [PSYoungGen: 37488K->736K(35328K)] 76665K->40000K(76800K), 0.0006270 secs] [Times: user=0.00 sys=0.00, real=0.00 secs] 
202.403: Total time for which application threads were stopped: 0.0007500 seconds, Stopping threads took: 0.0000600 seconds
202.485: Application time: 0.0824830 seconds
202.485: [GC [PSYoungGen: 34787K->1760K(35840K)] 74052K->41113K(77312K), 0.0009240 secs] [Times: user=0.01 sys=0.00, real=0.00 secs] 
202.486: Total time for which application threads were stopped: 0.0010630 seconds, Stopping threads took: 0.0000720 seconds
202.568: Application time: 0.0815840 seconds
202.568: [GC [PSYoungGen: 35221K->2304K(35840K)] 74574K->41705K(77312K), 0.0010350 secs] [Times: user=0.01 sys=0.00, real=0.00 secs] 
202.569: Total time for which application threads were stopped: 0.0011760 seconds, Stopping threads took: 0.0000680 seconds
202.649: Application time: 0.0800170 seconds
202.649: [GC [PSYoungGen: 35253K->2272K(36352K)] 74654K->41673K(77824K), 0.0009590 secs] [Times: user=0.00 sys=0.00, real=0.00 secs] 
202.650: Total time for which application threads were stopped: 0.0011180 seconds, Stopping threads took: 0.0000900 seconds
202.730: Application time: 0.0801450 seconds
202.731: [GC [PSYoungGen: 34864K->1792K(34304K)] 74265K->41193K(75776K), 0.0008550 secs] [Times: user=0.01 sys=0.00, real=0.00 secs] 
202.731: Total time for which application threads were stopped: 0.0009950 seconds, Stopping threads took: 0.0000750 seconds
202.810: Application time: 0.0782180 seconds
202.810: [GC [PSYoungGen: 33705K->2304K(35840K)] 73106K->41785K(77312K), 0.0009500 secs] [Times: user=0.00 sys=0.00, real=0.00 secs] 
202.811: Total time for which application threads were stopped: 0.0010970 seconds, Stopping threads took: 0.0000720 seconds
202.889: Application time: 0.0787120 seconds
202.890: [GC [PSYoungGen: 34307K->1248K(33280K)] 73789K->40729K(74752K), 0.0006620 secs] [Times: user=0.00 sys=0.00, real=0.00 secs] 
202.890: Total time for which application threads were stopped: 0.0007950 seconds, Stopping threads took: 0.0000620 seconds
202.965: Application time: 0.0745030 seconds
202.965: [GC [PSYoungGen: 32801K->1808K(34304K)] 72282K->41337K(75776K), 0.0008320 secs] [Times: user=0.00 sys=0.00, real=0.00 secs] 
202.966: Total time for which application threads were stopped: 0.0010490 seconds, Stopping threads took: 0.0001510 seconds
203.041: Application time: 0.0749260 seconds
203.041: [GC [PSYoungGen: 32846K->2320K(34816K)] 72376K->41937K(76288K), 0.0009900 secs] [Times: user=0.01 sys=0.00, real=0.00 secs] 
203.042: Total time for which application threads were stopped: 0.0011300 seconds, Stopping threads took: 0.0000680 seconds
203.119: Application time: 0.0771800 seconds
203.119: [GC [PSYoungGen: 33291K->1248K(32256K)] 72908K->40953K(73728K), 0.0005840 secs] [Times: user=0.00 sys=0.00, real=0.00 secs] 
203.120: Total time for which application threads were stopped: 0.0007100 seconds, Stopping threads took: 0.0000700 seconds
203.192: Application time: 0.0723240 seconds
203.192: [GC [PSYoungGen: 31608K->2304K(39424K)] 71313K->42057K(80896K), 0.0009510 secs] [Times: user=0.01 sys=0.00, real=0.00 secs] 
203.193: Total time for which application threads were stopped: 0.0010950 seconds, Stopping threads took: 0.0000740 seconds
203.279: Application time: 0.0859350 seconds
203.279: [GC [PSYoungGen: 37823K->2304K(40448K)] 77577K->42057K(81920K), 0.0009290 secs] [Times: user=0.01 sys=0.00, real=0.00 secs] 
203.280: Total time for which application threads were stopped: 0.0010710 seconds, Stopping threads took: 0.0000700 seconds
203.369: Application time: 0.0888710 seconds
203.369: [GC [PSYoungGen: 38934K->1248K(37888K)] 78687K->41001K(79360K), 0.0006150 secs] [Times: user=0.00 sys=0.00, real=0.00 secs] 
203.370: Total time for which application threads were stopped: 0.0007450 seconds, Stopping threads took: 0.0000670 seconds
203.456: Application time: 0.0862010 seconds
203.459: [GC [PSYoungGen: 37353K->2816K(38912K)] 77107K->42609K(80384K), 0.0011200 secs] [Times: user=0.01 sys=0.00, real=0.00 secs] 
203.460: Total time for which application threads were stopped: 0.0039610 seconds, Stopping threads took: 0.0027620 seconds
203.547: Application time: 0.0873330 seconds
203.547: [GC [PSYoungGen: 38418K->1792K(37376K)] 78211K->41641K(78848K), 0.0008370 secs] [Times: user=0.00 sys=0.00, real=0.00 secs] 
203.548: Total time for which application threads were stopped: 0.0009660 seconds, Stopping threads took: 0.0000620 seconds
203.632: Application time: 0.0842190 seconds
203.633: [GC [PSYoungGen: 37030K->2272K(38912K)] 76879K->42169K(80384K), 0.0010200 secs] [Times: user=0.01 sys=0.00, real=0.00 secs] 
203.634: Total time for which application threads were stopped: 0.0016500 seconds, Stopping threads took: 0.0000750 seconds
203.719: Application time: 0.0851210 seconds
203.719: [GC [PSYoungGen: 37356K->2272K(38912K)] 77253K->42277K(80384K), 0.0009650 secs] [Times: user=0.00 sys=0.00, real=0.00 secs] 
203.720: Total time for which application threads were stopped: 0.0011070 seconds, Stopping threads took: 0.0000720 seconds
203.808: Application time: 0.0872490 seconds
203.808: [GC [PSYoungGen: 37362K->704K(35840K)] 77367K->40757K(77312K), 0.0005350 secs] [Times: user=0.00 sys=0.00, real=0.00 secs] 
203.808: Total time for which application threads were stopped: 0.0006520 seconds, Stopping threads took: 0.0000530 seconds
203.889: Application time: 0.0811790 seconds
203.890: [GC [PSYoungGen: 35189K->2240K(36864K)] 75243K->42341K(78336K), 0.0009990 secs] [Times: user=0.00 sys=0.00, real=0.00 secs] 
203.891: Total time for which application threads were stopped: 0.0011630 seconds, Stopping threads took: 0.0000940 seconds
203.976: Application time: 0.0852620 seconds
203.976: [GC [PSYoungGen: 36223K->672K(34816K)] 76325K->40773K(76288K), 0.0005350 secs] [Times: user=0.00 sys=0.00, real=0.00 secs] 
203.977: Total time for which application threads were stopped: 0.0006670 seconds, Stopping threads took: 0.0000610 seconds
204.056: Application time: 0.0794500 seconds
204.056: [GC [PSYoungGen: 34289K->1280K(34816K)] 74391K->41381K(76288K), 0.0006390 secs] [Times: user=0.00 sys=0.00, real=0.00 secs] 
204.057: Total time for which application threads were stopped: 0.0007700 seconds, Stopping threads took: 0.0000640 seconds
204.139: Application time: 0.0818080 seconds
204.139: [GC [PSYoungGen: 34229K->768K(33792K)] 74331K->40965K(75264K), 0.0005780 secs] [Times: user=0.00 sys=0.00, real=0.00 secs] 
204.139: Total time for which application threads were stopped: 0.0007330 seconds, Stopping threads took: 0.0000870 seconds
204.215: Application time: 0.0756110 seconds
204.215: [GC [PSYoungGen: 33345K->2816K(35328K)] 73542K->43013K(76800K), 0.0011550 secs] [Times: user=0.01 sys=0.00, real=0.00 secs] 
204.216: Total time for which application threads were stopped: 0.0013010 seconds, Stopping threads took: 0.0000730 seconds
204.294: Application time: 0.0778260 seconds
204.294: [GC [PSYoungGen: 34972K->2256K(36352K)] 75169K->42529K(77824K), 0.0010030 secs] [Times: user=0.00 sys=0.01, real=0.01 secs] 
204.295: Total time for which application threads were stopped: 0.0011370 seconds, Stopping threads took: 0.0000630 seconds
204.374: Application time: 0.0788060 seconds
204.374: [GC [PSYoungGen: 34691K->1792K(36864K)] 74965K->42189K(78336K), 0.0008730 secs] [Times: user=0.01 sys=0.00, real=0.01 secs] 
204.375: Total time for which application threads were stopped: 0.0010250 seconds, Stopping threads took: 0.0000850 seconds
204.452: Application time: 0.0769870 seconds
204.452: [GC [PSYoungGen: 34295K->2784K(42496K)] 74693K->43181K(83968K), 0.0010440 secs] [Times: user=0.01 sys=0.00, real=0.00 secs] 
204.453: Total time for which application threads were stopped: 0.0011880 seconds, Stopping threads took: 0.0000710 seconds
204.550: Application time: 0.0965040 seconds
204.550: [GC [PSYoungGen: 41396K->704K(38912K)] 81794K->41157K(80384K), 0.0004960 secs] [Times: user=0.00 sys=0.00, real=0.00 secs] 
204.550: Total time for which application threads were stopped: 0.0006390 seconds, Stopping threads took: 0.0000750 seconds
204.638: Application time: 0.0878580 seconds
204.638: [GC [PSYoungGen: 38271K->2816K(39936K)] 78725K->43269K(81408K), 0.0010660 secs] [Times: user=0.01 sys=0.00, real=0.00 secs] 
204.639: Total time for which application threads were stopped: 0.0012120 seconds, Stopping threads took: 0.0000770 seconds
204.729: Application time: 0.0894170 seconds
204.729: [GC [PSYoungGen: 39522K->2304K(38912K)] 79976K->42757K(80384K), 0.0009690 secs] [Times: user=0.01 sys=0.00, real=0.00 secs] 
204.730: Total time for which application threads were stopped: 0.0011390 seconds, Stopping threads took: 0.0000970 seconds
204.817: Application time: 0.0869430 seconds
204.817: [GC [PSYoungGen: 38414K->2816K(40448K)] 78867K->43346K(81920K), 0.0010950 secs] [Times: user=0.01 sys=0.00, real=0.00 secs] 
204.818: Total time for which application threads were stopped: 0.0012410 seconds, Stopping threads took: 0.0000720 seconds
204.906: Application time: 0.0874900 seconds
204.906: [GC [PSYoungGen: 39086K->2336K(40448K)] 79616K->42922K(81920K), 0.0009880 secs] [Times: user=0.00 sys=0.00, real=0.01 secs] 
204.907: Total time for which application threads were stopped: 0.0011480 seconds, Stopping threads took: 0.0000860 seconds
204.995: Application time: 0.0881850 seconds
204.995: [GC [PSYoungGen: 38446K->2784K(48128K)] 79031K->43486K(89600K), 0.0010660 secs] [Times: user=0.00 sys=0.00, real=0.00 secs] 
204.996: Total time for which application threads were stopped: 0.0012030 seconds, Stopping threads took: 0.0000630 seconds
205.103: Application time: 0.1068050 seconds
205.105: [GC [PSYoungGen: 46526K->3328K(48128K)] 87228K->44062K(89600K), 0.0011970 secs] [Times: user=0.01 sys=0.00, real=0.00 secs] 
205.106: Total time for which application threads were stopped: 0.0028460 seconds, Stopping threads took: 0.0015390 seconds
205.215: Application time: 0.1087600 seconds
205.215: [GC [PSYoungGen: 47152K->2272K(56832K)] 87887K->43006K(98304K), 0.0008960 secs] [Times: user=0.01 sys=0.00, real=0.00 secs] 
205.216: Total time for which application threads were stopped: 0.0011250 seconds, Stopping threads took: 0.0001590 seconds
205.344: Application time: 0.1284910 seconds
205.344: [GC [PSYoungGen: 55364K->2816K(54784K)] 96098K->43590K(96256K), 0.0009760 secs] [Times: user=0.01 sys=0.00, real=0.00 secs] 
205.345: Total time for which application threads were stopped: 0.0011200 seconds, Stopping threads took: 0.0000690 seconds
205.473: Application time: 0.1275580 seconds
205.473: [GC [PSYoungGen: 54451K->1280K(52224K)] 95225K->42102K(93696K), 0.0006680 secs] [Times: user=0.00 sys=0.00, real=0.00 secs] 
205.474: Total time for which application threads were stopped: 0.0007950 seconds, Stopping threads took: 0.0000620 seconds
205.593: Application time: 0.1196780 seconds
205.594: [GC [PSYoungGen: 51011K->816K(49664K)] 91833K->41726K(91136K), 0.0005570 secs] [Times: user=0.01 sys=0.00, real=0.00 secs] 
205.594: Total time for which application threads were stopped: 0.0006830 seconds, Stopping threads took: 0.0000670 seconds
205.711: Application time: 0.1166620 seconds
205.711: [GC [PSYoungGen: 49191K->1792K(50176K)] 90101K->42842K(91648K), 0.0008510 secs] [Times: user=0.00 sys=0.00, real=0.00 secs] 
205.712: Total time for which application threads were stopped: 0.0009930 seconds, Stopping threads took: 0.0000650 seconds
205.824: Application time: 0.1121640 seconds
205.824: [GC [PSYoungGen: 49209K->3232K(50176K)] 90259K->44282K(91648K), 0.0012790 secs] [Times: user=0.00 sys=0.00, real=0.00 secs] 
205.825: Total time for which application threads were stopped: 0.0014310 seconds, Stopping threads took: 0.0000750 seconds
205.941: Application time: 0.1161470 seconds
205.942: [GC [PSYoungGen: 49568K->1152K(49152K)] 90618K->42258K(90624K), 0.0008140 secs] [Times: user=0.00 sys=0.00, real=0.00 secs] 
205.942: Total time for which application threads were stopped: 0.0009340 seconds, Stopping threads took: 0.0000590 seconds
206.054: Application time: 0.1113160 seconds
206.055: [GC [PSYoungGen: 46593K->2176K(47104K)] 87699K->43282K(88576K), 0.0015720 secs] [Times: user=0.00 sys=0.00, real=0.00 secs] 
206.057: Total time for which application threads were stopped: 0.0027690 seconds, Stopping threads took: 0.0011190 seconds
206.168: Application time: 0.1114210 seconds
206.168: [GC [PSYoungGen: 46593K->2288K(46592K)] 87699K->43478K(88064K), 0.0010230 secs] [Times: user=0.01 sys=0.00, real=0.00 secs] 
206.169: Total time for which application threads were stopped: 0.0011730 seconds, Stopping threads took: 0.0000790 seconds
206.276: Application time: 0.1068030 seconds
206.276: [GC [PSYoungGen: 45759K->1280K(44032K)] 86949K->42542K(85504K), 0.0007190 secs] [Times: user=0.00 sys=0.00, real=0.00 secs] 
206.277: Total time for which application threads were stopped: 0.0009200 seconds, Stopping threads took: 0.0001280 seconds
206.378: Application time: 0.1014480 seconds
206.378: [GC [PSYoungGen: 43480K->1792K(44544K)] 84743K->43174K(86016K), 0.0008460 secs] [Times: user=0.00 sys=0.00, real=0.00 secs] 
206.379: [Full GC [PSYoungGen: 1792K->0K(44544K)] [ParOldGen: 41382K->8135K(39936K)] 43174K->8135K(84480K) [PSPermGen: 5182K->5182K(21504K)], 0.0052360 secs] [Times: user=0.02 sys=0.00, real=0.00 secs] 
206.385: Total time for which application threads were stopped: 0.0062790 seconds, Stopping threads took: 0.0000780 seconds
206.486: Application time: 0.1018280 seconds
206.486: [GC [PSYoungGen: 41254K->1280K(41984K)] 49390K->9415K(81920K), 0.0007300 secs] [Times: user=0.00 sys=0.00, real=0.01 secs] 
206.487: Total time for which application threads were stopped: 0.0008640 seconds, Stopping threads took: 0.0000650 seconds
206.584: Application time: 0.0969260 seconds
206.587: [GC [PSYoungGen: 41424K->1792K(41472K)] 49560K->9975K(81408K), 0.0008550 secs] [Times: user=0.00 sys=0.00, real=0.00 secs] 
206.588: Total time for which application threads were stopped: 0.0034810 seconds, Stopping threads took: 0.0025600 seconds
206.684: Application time: 0.0965000 seconds
206.684: [GC [PSYoungGen: 41068K->1248K(39936K)] 49252K->9431K(79872K), 0.0006130 secs] [Times: user=0.00 sys=0.00, real=0.00 secs] 
206.685: Total time for which application threads were stopped: 0.0007330 seconds, Stopping threads took: 0.0000580 seconds
206.776: Application time: 0.0912930 seconds
206.776: [GC [PSYoungGen: 39414K->1792K(39936K)] 47598K->10056K(79872K), 0.0007930 secs] [Times: user=0.00 sys=0.00, real=0.00 secs] 
206.777: Total time for which application threads were stopped: 0.0009270 seconds, Stopping threads took: 0.0000680 seconds
206.868: Application time: 0.0908580 seconds
206.868: [GC [PSYoungGen: 39168K->768K(37888K)] 47432K->9072K(77824K), 0.0004940 secs] [Times: user=0.00 sys=0.00, real=0.00 secs] 
206.869: Total time for which application threads were stopped: 0.0006870 seconds, Stopping threads took: 0.0001210 seconds
206.956: Application time: 0.0875690 seconds
206.956: [GC [PSYoungGen: 37313K->1760K(39424K)] 45617K->10212K(79360K), 0.0008080 secs] [Times: user=0.00 sys=0.00, real=0.00 secs] 
206.957: Total time for which application threads were stopped: 0.0009450 seconds, Stopping threads took: 0.0000690 seconds
207.045: Application time: 0.0873630 seconds
207.045: [GC [PSYoungGen: 37791K->2304K(38400K)] 46244K->10756K(78336K), 0.0009050 secs] [Times: user=0.01 sys=0.00, real=0.00 secs] 
207.046: Total time for which application threads were stopped: 0.0010400 seconds, Stopping threads took: 0.0000670 seconds
207.132: Application time: 0.0868130 seconds
207.133: [GC [PSYoungGen: 37904K->1792K(38400K)] 46356K->10244K(78336K), 0.0008150 secs] [Times: user=0.00 sys=0.00, real=0.00 secs] 
207.133: Total time for which application threads were stopped: 0.0009520 seconds, Stopping threads took: 0.0000750 seconds
207.219: Application time: 0.0853630 seconds
207.219: [GC [PSYoungGen: 36799K->1280K(36352K)] 45252K->9780K(76288K), 0.0006940 secs] [Times: user=0.01 sys=0.00, real=0.00 secs] 
207.220: Total time for which application threads were stopped: 0.0008440 seconds, Stopping threads took: 0.0000860 seconds
207.303: Application time: 0.0836490 seconds
207.303: [GC [PSYoungGen: 35767K->2272K(37376K)] 44267K->10772K(77312K), 0.0008830 secs] [Times: user=0.01 sys=0.00, real=0.00 secs] 
207.304: Total time for which application threads were stopped: 0.0010630 seconds, Stopping threads took: 0.0001140 seconds
207.387: Application time: 0.0825100 seconds
207.387: [GC [PSYoungGen: 36484K->2304K(36352K)] 44984K->10804K(76288K), 0.0009630 secs] [Times: user=0.00 sys=0.00, real=0.00 secs] 
207.388: Total time for which application threads were stopped: 0.0011140 seconds, Stopping threads took: 0.0000730 seconds
207.469: Application time: 0.0810870 seconds
207.469: [GC [PSYoungGen: 35922K->2816K(36352K)] 44422K->11432K(76288K), 0.0011210 secs] [Times: user=0.01 sys=0.00, real=0.00 secs] 
207.470: Total time for which application threads were stopped: 0.0012640 seconds, Stopping threads took: 0.0000720 seconds
207.553: Application time: 0.0826680 seconds
207.553: [GC [PSYoungGen: 35917K->2304K(36864K)] 44534K->10992K(76800K), 0.0009270 secs] [Times: user=0.01 sys=0.00, real=0.00 secs] 
207.554: Total time for which application threads were stopped: 0.0011210 seconds, Stopping threads took: 0.0001280 seconds
207.634: Application time: 0.0799230 seconds
207.634: [GC [PSYoungGen: 35251K->2816K(43520K)] 43939K->11580K(83456K), 0.0009250 secs] [Times: user=0.00 sys=0.01, real=0.01 secs] 
207.635: Total time for which application threads were stopped: 0.0010740 seconds, Stopping threads took: 0.0000730 seconds
207.733: Application time: 0.0979460 seconds
207.733: [GC [PSYoungGen: 42452K->1792K(40960K)] 51216K->10556K(80896K), 0.0006730 secs] [Times: user=0.00 sys=0.00, real=0.00 secs] 
207.734: Total time for which application threads were stopped: 0.0008080 seconds, Stopping threads took: 0.0000680 seconds
207.828: Application time: 0.0940590 seconds
207.828: [GC [PSYoungGen: 40472K->2304K(40448K)] 49237K->11068K(80384K), 0.0008620 secs] [Times: user=0.01 sys=0.00, real=0.00 secs] 
207.829: Total time for which application threads were stopped: 0.0010010 seconds, Stopping threads took: 0.0000680 seconds
207.921: Application time: 0.0922070 seconds
207.921: [GC [PSYoungGen: 39882K->1760K(38912K)] 48646K->10588K(78848K), 0.0007820 secs] [Times: user=0.00 sys=0.00, real=0.00 secs] 
207.922: Total time for which application threads were stopped: 0.0009280 seconds, Stopping threads took: 0.0000670 seconds
208.011: Application time: 0.0885610 seconds
208.011: [GC [PSYoungGen: 38542K->1792K(39424K)] 47371K->10620K(79360K), 0.0007400 secs] [Times: user=0.00 sys=0.00, real=0.00 secs] 
208.011: Total time for which application threads were stopped: 0.0008760 seconds, Stopping threads took: 0.0000650 seconds
208.098: Application time: 0.0868410 seconds
208.098: [GC [PSYoungGen: 37980K->2336K(38400K)] 46808K->11284K(78336K), 0.0009410 secs] [Times: user=0.00 sys=0.00, real=0.00 secs] 
208.099: Total time for which application threads were stopped: 0.0010750 seconds, Stopping threads took: 0.0000660 seconds
208.186: Application time: 0.0868280 seconds
208.186: [GC [PSYoungGen: 38012K->2320K(38400K)] 46960K->11340K(78336K), 0.0009630 secs] [Times: user=0.01 sys=0.00, real=0.01 secs] 
208.187: Total time for which application threads were stopped: 0.0011040 seconds, Stopping threads took: 0.0000700 seconds
208.274: Application time: 0.0865340 seconds
208.274: [GC [PSYoungGen: 37327K->1760K(36864K)] 46348K->10860K(76800K), 0.0007390 secs] [Times: user=0.00 sys=0.00, real=0.01 secs] 
208.275: Total time for which application threads were stopped: 0.0008950 seconds, Stopping threads took: 0.0000810 seconds
208.357: Application time: 0.0823060 seconds
208.357: [GC [PSYoungGen: 36247K->2304K(37376K)] 45348K->11404K(77312K), 0.0008820 secs] [Times: user=0.01 sys=0.00, real=0.00 secs] 
208.358: Total time for which application threads were stopped: 0.0010150 seconds, Stopping threads took: 0.0000650 seconds
208.443: Application time: 0.0851280 seconds
208.443: [GC [PSYoungGen: 36362K->1792K(35840K)] 45462K->10892K(75776K), 0.0007200 secs] [Times: user=0.00 sys=0.00, real=0.00 secs] 
208.444: Total time for which application threads were stopped: 0.0008630 seconds, Stopping threads took: 0.0000700 seconds
208.526: Application time: 0.0818990 seconds
208.526: [GC [PSYoungGen: 35257K->1280K(36352K)] 44358K->10436K(76288K), 0.0005900 secs] [Times: user=0.00 sys=0.00, real=0.00 secs] 
208.527: Total time for which application threads were stopped: 0.0007260 seconds, Stopping threads took: 0.0000670 seconds
208.605: Application time: 0.0781280 seconds
208.605: [GC [PSYoungGen: 34301K->1792K(34816K)] 43458K->10948K(74752K), 0.0007530 secs] [Times: user=0.00 sys=0.00, real=0.00 secs] 
208.606: Total time for which application threads were stopped: 0.0008910 seconds, Stopping threads took: 0.0000730 seconds
208.686: Application time: 0.0798230 seconds
208.686: [GC [PSYoungGen: 34377K->2304K(34816K)] 43534K->11516K(74752K), 0.0009330 secs] [Times: user=0.00 sys=0.00, real=0.00 secs] 
208.687: Total time for which application threads were stopped: 0.0010740 seconds, Stopping threads took: 0.0000730 seconds
208.764: Application time: 0.0774350 seconds
208.764: [GC [PSYoungGen: 34382K->1776K(33792K)] 43594K->11068K(73728K), 0.0007770 secs] [Times: user=0.00 sys=0.00, real=0.00 secs] 
208.765: Total time for which application threads were stopped: 0.0009810 seconds, Stopping threads took: 0.0001390 seconds
208.842: Application time: 0.0768250 seconds
208.842: [GC [PSYoungGen: 33329K->2288K(33792K)] 42622K->11660K(73728K), 0.0009380 secs] [Times: user=0.00 sys=0.00, real=0.00 secs] 
208.843: Total time for which application threads were stopped: 0.0011050 seconds, Stopping threads took: 0.0000970 seconds
208.919: Application time: 0.0759150 seconds
208.919: [GC [PSYoungGen: 33177K->1792K(32768K)] 42550K->11252K(72704K), 0.0007550 secs] [Times: user=0.00 sys=0.00, real=0.00 secs] 
208.920: Total time for which application threads were stopped: 0.0008870 seconds, Stopping threads took: 0.0000660 seconds
208.992: Application time: 0.0726450 seconds
208.993: [GC [PSYoungGen: 32160K->1792K(32768K)] 41621K->11252K(72704K), 0.0007280 secs] [Times: user=0.00 sys=0.00, real=0.00 secs] 
208.993: Total time for which application threads were stopped: 0.0008690 seconds, Stopping threads took: 0.0000660 seconds
209.065: Application time: 0.0715690 seconds
209.065: [GC [PSYoungGen: 31640K->2272K(32256K)] 41101K->11733K(72192K), 0.0008910 secs] [Times: user=0.01 sys=0.00, real=0.00 secs] 
209.066: Total time for which application threads were stopped: 0.0010190 seconds, Stopping threads took: 0.0000610 seconds
209.138: Application time: 0.0720960 seconds
209.138: [GC [PSYoungGen: 31682K->2816K(32256K)] 41143K->12277K(72192K), 0.0010820 secs] [Times: user=0.01 sys=0.00, real=0.00 secs] 
209.139: Total time for which application threads were stopped: 0.0012330 seconds, Stopping threads took: 0.0000760 seconds
209.211: Application time: 0.0714400 seconds
209.211: [GC [PSYoungGen: 31644K->1792K(32768K)] 41105K->11309K(72704K), 0.0007400 secs] [Times: user=0.00 sys=0.00, real=0.00 secs] 
209.212: Total time for which application threads were stopped: 0.0008750 seconds, Stopping threads took: 0.0000700 seconds
209.281: Application time: 0.0693550 seconds
209.281: [GC [PSYoungGen: 30690K->1728K(38400K)] 40207K->11245K(78336K), 0.0006130 secs] [Times: user=0.00 sys=0.00, real=0.00 secs] 
209.282: Total time for which application threads were stopped: 0.0008060 seconds, Stopping threads took: 0.0001250 seconds
209.367: Application time: 0.0856580 seconds
209.367: [GC [PSYoungGen: 36966K->2880K(38400K)] 46483K->12445K(78336K), 0.0009940 secs] [Times: user=0.00 sys=0.00, real=0.00 secs] 
209.369: Total time for which application threads were stopped: 0.0011380 seconds, Stopping threads took: 0.0000710 seconds
209.456: Application time: 0.0872420 seconds
209.456: [GC [PSYoungGen: 37972K->672K(35840K)] 47537K->10345K(75776K), 0.0004990 secs] [Times: user=0.00 sys=0.00, real=0.00 secs] 
209.456: Total time for which application threads were stopped: 0.0006160 seconds, Stopping threads took: 0.0000550 seconds
209.540: Application time: 0.0837960 seconds
209.540: [GC [PSYoungGen: 35315K->1792K(36352K)] 44988K->11529K(76288K), 0.0006750 secs] [Times: user=0.00 sys=0.00, real=0.00 secs] 
209.541: Total time for which application threads were stopped: 0.0008210 seconds, Stopping threads took: 0.0000730 seconds
209.624: Application time: 0.0827330 seconds
209.624: [GC [PSYoungGen: 35765K->2304K(36352K)] 45502K->12121K(76288K), 0.0007890 secs] [Times: user=0.00 sys=0.00, real=0.00 secs] 
209.625: Total time for which application threads were stopped: 0.0009820 seconds, Stopping threads took: 0.0001250 seconds
209.707: Application time: 0.0824990 seconds
209.707: [GC [PSYoungGen: 35769K->2304K(35840K)] 45586K->12121K(75776K), 0.0009190 secs] [Times: user=0.01 sys=0.00, real=0.00 secs] 
209.708: Total time for which application threads were stopped: 0.0010530 seconds, Stopping threads took: 0.0000650 seconds
209.790: Application time: 0.0816340 seconds
209.790: [GC [PSYoungGen: 35334K->1760K(34816K)] 45151K->11577K(74752K), 0.0006920 secs] [Times: user=0.00 sys=0.00, real=0.00 secs] 
209.791: Total time for which application threads were stopped: 0.0008290 seconds, Stopping threads took: 0.0000710 seconds
209.869: Application time: 0.0787260 seconds
209.870: [GC [PSYoungGen: 34193K->1792K(34304K)] 44010K->11665K(74240K), 0.0007520 secs] [Times: user=0.00 sys=0.00, real=0.00 secs] 
209.870: Total time for which application threads were stopped: 0.0008850 seconds, Stopping threads took: 0.0000670 seconds
209.947: Application time: 0.0767900 seconds
209.947: [GC [PSYoungGen: 33783K->2272K(34304K)] 43656K->12145K(74240K), 0.0009000 secs] [Times: user=0.00 sys=0.00, real=0.00 secs] 
209.948: Total time for which application threads were stopped: 0.0010390 seconds, Stopping threads took: 0.0000730 seconds
210.027: Application time: 0.0783640 seconds
210.027: [GC [PSYoungGen: 33991K->1856K(33280K)] 43865K->11777K(73216K), 0.0009030 secs] [Times: user=0.01 sys=0.00, real=0.01 secs] 
210.028: Total time for which application threads were stopped: 0.0010290 seconds, Stopping threads took: 0.0000620 seconds
210.101: Application time: 0.0738500 seconds
210.102: [GC [PSYoungGen: 32740K->1760K(32768K)] 42662K->11825K(72704K), 0.0007820 secs] [Times: user=0.00 sys=0.00, real=0.00 secs] 
210.102: Total time for which application threads were stopped: 0.0009180 seconds, Stopping threads took: 0.0000630 seconds
210.177: Application time: 0.0750180 seconds
210.177: [GC [PSYoungGen: 32285K->1760K(32256K)] 42350K->11825K(72192K), 0.0007770 secs] [Times: user=0.01 sys=0.00, real=0.00 secs] 
210.178: Total time for which application threads were stopped: 0.0009220 seconds, Stopping threads took: 0.0000790 seconds
210.251: Application time: 0.0724940 seconds
210.251: [GC [PSYoungGen: 31612K->1792K(32256K)] 41678K->11945K(72192K), 0.0007510 secs] [Times: user=0.00 sys=0.00, real=0.00 secs] 
210.252: Total time for which application threads were stopped: 0.0009830 seconds, Stopping threads took: 0.0001650 seconds
210.324: Application time: 0.0719190 seconds
210.324: [GC [PSYoungGen: 31128K->1792K(31232K)] 41281K->11945K(71168K), 0.0007410 secs] [Times: user=0.00 sys=0.00, real=0.00 secs] 
210.325: Total time for which application threads were stopped: 0.0008810 seconds, Stopping threads took: 0.0000750 seconds
210.394: Application time: 0.0690830 seconds
210.394: [GC [PSYoungGen: 30612K->2304K(31232K)] 40765K->12457K(71168K), 0.0008940 secs] [Times: user=0.01 sys=0.00, real=0.01 secs] 
210.395: Total time for which application threads were stopped: 0.0010580 seconds, Stopping threads took: 0.0000760 seconds
210.465: Application time: 0.0701490 seconds
210.465: [GC [PSYoungGen: 30692K->1792K(30208K)] 40845K->11945K(70144K), 0.0007280 secs] [Times: user=0.00 sys=0.00, real=0.00 secs] 
210.466: Total time for which application threads were stopped: 0.0008610 seconds, Stopping threads took: 0.0000680 seconds
210.534: Application time: 0.0679770 seconds
210.534: [GC [PSYoungGen: 29662K->1792K(30208K)] 39816K->12001K(70144K), 0.0007670 secs] [Times: user=0.00 sys=0.00, real=0.00 secs] 
210.535: Total time for which application threads were stopped: 0.0009080 seconds, Stopping threads took: 0.0000730 seconds
210.600: Application time: 0.0651180 seconds
210.600: [GC [PSYoungGen: 29148K->1760K(29184K)] 39358K->12017K(69120K), 0.0007340 secs] [Times: user=0.01 sys=0.00, real=0.00 secs] 
210.601: Total time for which application threads were stopped: 0.0008690 seconds, Stopping threads took: 0.0000690 seconds
210.666: Application time: 0.0656360 seconds
210.666: [GC [PSYoungGen: 28678K->1760K(30208K)] 38935K->12065K(70144K), 0.0007780 secs] [Times: user=0.00 sys=0.00, real=0.01 secs] 
210.667: Total time for which application threads were stopped: 0.0009370 seconds, Stopping threads took: 0.0000850 seconds
210.734: Application time: 0.0663170 seconds
210.734: [GC [PSYoungGen: 28602K->2304K(30208K)] 38907K->12697K(70144K), 0.0008680 secs] [Times: user=0.01 sys=0.00, real=0.00 secs] 
210.735: Total time for which application threads were stopped: 0.0010050 seconds, Stopping threads took: 0.0000700 seconds
210.799: Application time: 0.0642830 seconds
210.799: [GC [PSYoungGen: 29070K->1792K(35840K)] 39463K->12233K(75776K), 0.0006100 secs] [Times: user=0.01 sys=0.00, real=0.00 secs] 
210.800: Total time for which application threads were stopped: 0.0007350 seconds, Stopping threads took: 0.0000610 seconds
210.878: Application time: 0.0780490 seconds
210.878: [GC [PSYoungGen: 34378K->2320K(35840K)] 44819K->12761K(75776K), 0.0008760 secs] [Times: user=0.00 sys=0.00, real=0.00 secs] 
210.879: Total time for which application threads were stopped: 0.0010180 seconds, Stopping threads took: 0.0000740 seconds
210.958: Application time: 0.0797320 seconds
210.958: [GC [PSYoungGen: 34753K->2304K(42496K)] 45195K->12825K(82432K), 0.0007760 secs] [Times: user=0.00 sys=0.01, real=0.00 secs] 
210.959: Total time for which application threads were stopped: 0.0009160 seconds, Stopping threads took: 0.0000700 seconds
211.053: Application time: 0.0938290 seconds
211.053: [GC [PSYoungGen: 41424K->1760K(40448K)] 51946K->12281K(80384K), 0.0006600 secs] [Times: user=0.01 sys=0.00, real=0.00 secs] 
211.054: Total time for which application threads were stopped: 0.0007780 seconds, Stopping threads took: 0.0000520 seconds
211.148: Application time: 0.0939150 seconds
211.148: [GC [PSYoungGen: 39928K->1792K(39424K)] 50450K->12313K(79360K), 0.0006990 secs] [Times: user=0.00 sys=0.00, real=0.00 secs] 
211.149: Total time for which application threads were stopped: 0.0008340 seconds, Stopping threads took: 0.0000650 seconds
211.239: Application time: 0.0903010 seconds
211.239: [GC [PSYoungGen: 39012K->1280K(38400K)] 49534K->11857K(78336K), 0.0006120 secs] [Times: user=0.01 sys=0.00, real=0.00 secs] 
211.240: Total time for which application threads were stopped: 0.0007580 seconds, Stopping threads took: 0.0000720 seconds
211.329: Application time: 0.0890250 seconds
211.329: [GC [PSYoungGen: 38062K->1296K(38912K)] 48640K->11957K(78848K), 0.0006490 secs] [Times: user=0.01 sys=0.00, real=0.00 secs] 
211.329: Total time for which application threads were stopped: 0.0007790 seconds, Stopping threads took: 0.0000660 seconds
211.416: Application time: 0.0861860 seconds
211.416: [GC [PSYoungGen: 37323K->2816K(38912K)] 47985K->13586K(78848K), 0.0011170 secs] [Times: user=0.00 sys=0.00, real=0.00 secs] 
211.417: Total time for which application threads were stopped: 0.0012620 seconds, Stopping threads took: 0.0000710 seconds
211.505: Application time: 0.0885420 seconds
211.506: [GC [PSYoungGen: 38498K->1280K(37376K)] 49268K->12049K(77312K), 0.0006120 secs] [Times: user=0.01 sys=0.00, real=0.00 secs] 
211.506: Total time for which application threads were stopped: 0.0007340 seconds, Stopping threads took: 0.0000610 seconds
211.591: Application time: 0.0842990 seconds
211.591: [GC [PSYoungGen: 36281K->2272K(37376K)] 47051K->13106K(77312K), 0.0009750 secs] [Times: user=0.00 sys=0.00, real=0.00 secs] 
211.592: Total time for which application threads were stopped: 0.0011220 seconds, Stopping threads took: 0.0000760 seconds
211.675: Application time: 0.0836400 seconds
211.675: [GC [PSYoungGen: 36763K->2304K(37376K)] 47597K->13138K(77312K), 0.0008480 secs] [Times: user=0.01 sys=0.00, real=0.00 secs] 
211.676: Total time for which application threads were stopped: 0.0010020 seconds, Stopping threads took: 0.0000850 seconds
211.760: Application time: 0.0841780 seconds
211.761: [GC [PSYoungGen: 36360K->2304K(36352K)] 47194K->13138K(76288K), 0.0008860 secs] [Times: user=0.00 sys=0.00, real=0.00 secs] 
211.762: Total time for which application threads were stopped: 0.0010390 seconds, Stopping threads took: 0.0000780 seconds
211.842: Application time: 0.0806970 seconds
211.842: [GC [PSYoungGen: 35839K->3296K(37376K)] 46673K->14170K(77312K), 0.0012700 secs] [Times: user=0.01 sys=0.00, real=0.00 secs] 
211.844: Total time for which application threads were stopped: 0.0014240 seconds, Stopping threads took: 0.0000800 seconds
211.927: Application time: 0.0830120 seconds
211.927: [GC [PSYoungGen: 37000K->1808K(37376K)] 47874K->12730K(77312K), 0.0007240 secs] [Times: user=0.01 sys=0.00, real=0.00 secs] 
211.927: Total time for which application threads were stopped: 0.0008450 seconds, Stopping threads took: 0.0000580 seconds
212.007: Application time: 0.0799980 seconds
212.008: [GC [PSYoungGen: 35339K->3328K(44032K)] 46261K->14354K(83968K), 0.0010980 secs] [Times: user=0.00 sys=0.00, real=0.00 secs] 
212.009: Total time for which application threads were stopped: 0.0012370 seconds, Stopping threads took: 0.0000660 seconds
212.107: Application time: 0.0984210 seconds
212.107: [GC [PSYoungGen: 43478K->2304K(41984K)] 54504K->13378K(81920K), 0.0007830 secs] [Times: user=0.00 sys=0.00, real=0.00 secs] 
212.108: Total time for which application threads were stopped: 0.0009070 seconds, Stopping threads took: 0.0000570 seconds
212.202: Application time: 0.0937210 seconds
212.202: [GC [PSYoungGen: 41576K->2816K(43520K)] 52650K->13890K(83456K), 0.0010330 secs] [Times: user=0.01 sys=0.00, real=0.00 secs] 
212.203: Total time for which application threads were stopped: 0.0011790 seconds, Stopping threads took: 0.0000730 seconds
212.299: Application time: 0.0964290 seconds
212.300: [GC [PSYoungGen: 41940K->1248K(39936K)] 53014K->12402K(79872K), 0.0006370 secs] [Times: user=0.00 sys=0.00, real=0.00 secs] 
212.300: Total time for which application threads were stopped: 0.0007770 seconds, Stopping threads took: 0.0000650 seconds
212.392: Application time: 0.0916160 seconds
212.392: [GC [PSYoungGen: 39414K->1792K(40448K)] 50568K->12946K(80384K), 0.0007050 secs] [Times: user=0.00 sys=0.00, real=0.00 secs] 
212.393: Total time for which application threads were stopped: 0.0008420 seconds, Stopping threads took: 0.0000710 seconds
212.483: Application time: 0.0901810 seconds
212.483: [GC [PSYoungGen: 38932K->1792K(38912K)] 50086K->12994K(78848K), 0.0008590 secs] [Times: user=0.00 sys=0.00, real=0.00 secs] 
212.484: Total time for which application threads were stopped: 0.0009860 seconds, Stopping threads took: 0.0000610 seconds
212.573: Application time: 0.0887760 seconds
212.573: [GC [PSYoungGen: 38574K->1776K(39424K)] 49776K->13026K(79360K), 0.0007650 secs] [Times: user=0.01 sys=0.00, real=0.00 secs] 
212.573: Total time for which application threads were stopped: 0.0009000 seconds, Stopping threads took: 0.0000690 seconds
212.661: Application time: 0.0871780 seconds
212.661: [GC [PSYoungGen: 37888K->1792K(37888K)] 49138K->13158K(77824K), 0.0007560 secs] [Times: user=0.01 sys=0.00, real=0.00 secs] 
212.662: Total time for which application threads were stopped: 0.0009610 seconds, Stopping threads took: 0.0001370 seconds
212.749: Application time: 0.0868860 seconds
212.749: [GC [PSYoungGen: 37313K->1280K(38400K)] 48680K->12702K(78336K), 0.0006110 secs] [Times: user=0.01 sys=0.00, real=0.00 secs] 
212.749: Total time for which application threads were stopped: 0.0007440 seconds, Stopping threads took: 0.0000700 seconds
212.833: Application time: 0.0836180 seconds
212.833: [GC [PSYoungGen: 36437K->2320K(37376K)] 47860K->13742K(77312K), 0.0009910 secs] [Times: user=0.00 sys=0.00, real=0.00 secs] 
212.834: Total time for which application threads were stopped: 0.0011420 seconds, Stopping threads took: 0.0000720 seconds
212.917: Application time: 0.0834170 seconds
212.918: [GC [PSYoungGen: 36811K->2304K(37376K)] 48234K->13814K(77312K), 0.0009360 secs] [Times: user=0.00 sys=0.00, real=0.00 secs] 
212.919: Total time for which application threads were stopped: 0.0010700 seconds, Stopping threads took: 0.0000660 seconds
213.001: Application time: 0.0827200 seconds
213.001: [GC [PSYoungGen: 36283K->1728K(35840K)] 47794K->13238K(75776K), 0.0007060 secs] [Times: user=0.01 sys=0.00, real=0.00 secs] 
213.002: Total time for which application threads were stopped: 0.0008470 seconds, Stopping threads took: 0.0000750 seconds
213.083: Application time: 0.0804770 seconds
213.083: [GC [PSYoungGen: 35267K->2304K(36352K)] 46778K->13814K(76288K), 0.0009060 secs] [Times: user=0.00 sys=0.01, real=0.00 secs] 
213.084: Total time for which application threads were stopped: 0.0010430 seconds, Stopping threads took: 0.0000670 seconds
213.164: Application time: 0.0799400 seconds
213.164: [GC [PSYoungGen: 35487K->2336K(35328K)] 46998K->13902K(75264K), 0.0009400 secs] [Times: user=0.01 sys=0.00, real=0.00 secs] 
213.165: Total time for which application threads were stopped: 0.0010750 seconds, Stopping threads took: 0.0000620 seconds
213.244: Application time: 0.0794950 seconds
213.244: [GC [PSYoungGen: 34851K->1792K(35328K)] 46418K->13470K(75264K), 0.0008050 secs] [Times: user=0.01 sys=0.00, real=0.00 secs] 
213.245: Total time for which application threads were stopped: 0.0009440 seconds, Stopping threads took: 0.0000720 seconds
213.325: Application time: 0.0798050 seconds
213.325: [GC [PSYoungGen: 33793K->256K(32256K)] 45472K->11990K(72192K), 0.0003760 secs] [Times: user=0.00 sys=0.00, real=0.00 secs] 
213.325: Total time for which application threads were stopped: 0.0005580 seconds, Stopping threads took: 0.0001250 seconds
213.400: Application time: 0.0744410 seconds
213.400: [GC [PSYoungGen: 31638K->2784K(34304K)] 43373K->14550K(74240K), 0.0011240 secs] [Times: user=0.00 sys=0.00, real=0.00 secs] 
213.401: Total time for which application threads were stopped: 0.0012800 seconds, Stopping threads took: 0.0000720 seconds
213.477: Application time: 0.0758580 seconds
213.477: [GC [PSYoungGen: 33829K->1760K(32768K)] 45596K->13526K(72704K), 0.0008500 secs] [Times: user=0.01 sys=0.00, real=0.00 secs] 
213.478: Total time for which application threads were stopped: 0.0010580 seconds, Stopping threads took: 0.0001420 seconds
213.552: Application time: 0.0738240 seconds
213.552: [GC [PSYoungGen: 32130K->1760K(33280K)] 43897K->13606K(73216K), 0.0007670 secs] [Times: user=0.00 sys=0.00, real=0.00 secs] 
213.553: Total time for which application threads were stopped: 0.0008990 seconds, Stopping threads took: 0.0000680 seconds
213.625: Application time: 0.0719000 seconds
213.625: [GC [PSYoungGen: 31612K->1792K(31744K)] 43459K->13638K(71680K), 0.0007610 secs] [Times: user=0.00 sys=0.00, real=0.00 secs] 
213.626: Total time for which application threads were stopped: 0.0008980 seconds, Stopping threads took: 0.0000710 seconds
213.699: Application time: 0.0730620 seconds
213.699: [GC [PSYoungGen: 31215K->768K(32256K)] 43061K->12614K(72192K), 0.0004840 secs] [Times: user=0.00 sys=0.00, real=0.00 secs] 
213.700: Total time for which application threads were stopped: 0.0016460 seconds, Stopping threads took: 0.0000690 seconds
213.770: Application time: 0.0699720 seconds
213.771: [GC [PSYoungGen: 29668K->768K(29696K)] 41515K->12662K(69632K), 0.0005040 secs] [Times: user=0.00 sys=0.00, real=0.00 secs] 
213.771: Total time for which application threads were stopped: 0.0007690 seconds, Stopping threads took: 0.0002040 seconds
213.840: Application time: 0.0684490 seconds
213.840: [GC [PSYoungGen: 29228K->1280K(31232K)] 41123K->13222K(71168K), 0.0006350 secs] [Times: user=0.00 sys=0.00, real=0.00 secs] 
213.840: Total time for which application threads were stopped: 0.0008300 seconds, Stopping threads took: 0.0001300 seconds
213.909: Application time: 0.0683370 seconds
213.909: [GC [PSYoungGen: 29152K->704K(28672K)] 41095K->12726K(68608K), 0.0005110 secs] [Times: user=0.00 sys=0.00, real=0.00 secs] 
213.909: Total time for which application threads were stopped: 0.0006410 seconds, Stopping threads took: 0.0000600 seconds
213.973: Application time: 0.0639340 seconds
213.973: [GC [PSYoungGen: 28050K->3328K(30720K)] 40072K->15383K(70656K), 0.0012650 secs] [Times: user=0.01 sys=0.00, real=0.00 secs] 
213.975: Total time for which application threads were stopped: 0.0014250 seconds, Stopping threads took: 0.0000780 seconds
214.041: Application time: 0.0664730 seconds
214.041: [GC [PSYoungGen: 30094K->2240K(31232K)] 42149K->14327K(71168K), 0.0008850 secs] [Times: user=0.00 sys=0.00, real=0.00 secs] 
214.042: Total time for which application threads were stopped: 0.0010770 seconds, Stopping threads took: 0.0001230 seconds
214.108: Application time: 0.0652930 seconds
214.108: [GC [PSYoungGen: 29084K->2240K(36864K)] 41171K->14327K(76800K), 0.0006940 secs] [Times: user=0.01 sys=0.00, real=0.00 secs] 
214.108: Total time for which application threads were stopped: 0.0008400 seconds, Stopping threads took: 0.0000790 seconds
214.186: Application time: 0.0781080 seconds
214.187: [GC [PSYoungGen: 34755K->1792K(36864K)] 46842K->13935K(76800K), 0.0007530 secs] [Times: user=0.00 sys=0.00, real=0.01 secs] 
214.187: Total time for which application threads were stopped: 0.0009120 seconds, Stopping threads took: 0.0000920 seconds
214.266: Application time: 0.0787380 seconds
214.266: [GC [PSYoungGen: 34229K->1280K(33792K)] 46372K->13479K(73728K), 0.0005110 secs] [Times: user=0.01 sys=0.00, real=0.01 secs] 
214.267: Total time for which application threads were stopped: 0.0006430 seconds, Stopping threads took: 0.0000690 seconds
214.343: Application time: 0.0766550 seconds
214.344: [GC [PSYoungGen: 33262K->2752K(40960K)] 45461K->14951K(80896K), 0.0010330 secs] [Times: user=0.01 sys=0.00, real=0.00 secs] 
214.345: Total time for which application threads were stopped: 0.0011760 seconds, Stopping threads took: 0.0000710 seconds
214.434: Application time: 0.0890520 seconds
214.434: [GC [PSYoungGen: 40048K->2848K(43008K)] 52247K->15087K(82944K), 0.0010320 secs] [Times: user=0.01 sys=0.00, real=0.01 secs] 
214.435: Total time for which application threads were stopped: 0.0012080 seconds, Stopping threads took: 0.0000890 seconds
214.532: Application time: 0.0966660 seconds
214.532: [GC [PSYoungGen: 41458K->1248K(39424K)] 53697K->13611K(79360K), 0.0005100 secs] [Times: user=0.01 sys=0.00, real=0.00 secs] 
214.532: Total time for which application threads were stopped: 0.0006160 seconds, Stopping threads took: 0.0000480 seconds
214.621: Application time: 0.0892710 seconds
214.622: [GC [PSYoungGen: 38978K->1792K(38912K)] 51341K->14155K(78848K), 0.0007690 secs] [Times: user=0.00 sys=0.00, real=0.00 secs] 
214.622: Total time for which application threads were stopped: 0.0009010 seconds, Stopping threads took: 0.0000680 seconds
214.711: Application time: 0.0889610 seconds
214.712: [GC [PSYoungGen: 38337K->2304K(38912K)] 50701K->14747K(78848K), 0.0010060 secs] [Times: user=0.01 sys=0.00, real=0.00 secs] 
214.713: Total time for which application threads were stopped: 0.0012470 seconds, Stopping threads took: 0.0001760 seconds
214.798: Application time: 0.0857830 seconds
214.798: [GC [PSYoungGen: 38492K->2832K(39424K)] 50935K->15275K(79360K), 0.0009680 secs] [Times: user=0.00 sys=0.00, real=0.00 secs] 
214.799: Total time for which application threads were stopped: 0.0011260 seconds, Stopping threads took: 0.0000850 seconds
214.889: Application time: 0.0897090 seconds
214.889: [GC [PSYoungGen: 38358K->1248K(36864K)] 50801K->13787K(76800K), 0.0005840 secs] [Times: user=0.00 sys=0.00, real=0.00 secs] 
214.890: Total time for which application threads were stopped: 0.0007290 seconds, Stopping threads took: 0.0000810 seconds
214.975: Application time: 0.0847540 seconds
214.975: [GC [PSYoungGen: 36249K->2304K(38400K)] 48789K->14843K(78336K), 0.0009090 secs] [Times: user=0.00 sys=0.00, real=0.00 secs] 
214.976: Total time for which application threads were stopped: 0.0010720 seconds, Stopping threads took: 0.0000840 seconds
215.061: Application time: 0.0857210 seconds
215.062: [GC [PSYoungGen: 37034K->1248K(35840K)] 49573K->13787K(75776K), 0.0006080 secs] [Times: user=0.00 sys=0.00, real=0.00 secs] 
215.062: Total time for which application threads were stopped: 0.0007410 seconds, Stopping threads took: 0.0000700 seconds
215.144: Application time: 0.0816240 seconds
215.144: [GC [PSYoungGen: 35299K->2304K(36352K)] 47839K->14959K(76288K), 0.0009550 secs] [Times: user=0.01 sys=0.00, real=0.00 secs] 
215.145: Total time for which application threads were stopped: 0.0010980 seconds, Stopping threads took: 0.0000750 seconds
215.227: Application time: 0.0820180 seconds
215.227: [GC [PSYoungGen: 35847K->1728K(35328K)] 48503K->14423K(75264K), 0.0007850 secs] [Times: user=0.00 sys=0.00, real=0.00 secs] 
215.228: Total time for which application threads were stopped: 0.0009370 seconds, Stopping threads took: 0.0000830 seconds
215.307: Application time: 0.0795610 seconds
215.308: [GC [PSYoungGen: 34751K->2304K(35840K)] 47446K->15047K(75776K), 0.0009060 secs] [Times: user=0.00 sys=0.00, real=0.00 secs] 
215.309: Total time for which application threads were stopped: 0.0010500 seconds, Stopping threads took: 0.0000770 seconds
215.389: Application time: 0.0801230 seconds
215.389: [GC [PSYoungGen: 34733K->2784K(36352K)] 47476K->15567K(76288K), 0.0010760 secs] [Times: user=0.01 sys=0.00, real=0.00 secs] 
215.390: Total time for which application threads were stopped: 0.0012370 seconds, Stopping threads took: 0.0000860 seconds
215.470: Application time: 0.0797850 seconds
215.470: [GC [PSYoungGen: 35380K->1744K(34304K)] 48163K->14527K(74240K), 0.0006970 secs] [Times: user=0.00 sys=0.00, real=0.00 secs] 
215.471: Total time for which application threads were stopped: 0.0009450 seconds, Stopping threads took: 0.0001810 seconds
215.549: Application time: 0.0783680 seconds
215.549: [GC [PSYoungGen: 33661K->1760K(33792K)] 46444K->14623K(73728K), 0.0007910 secs] [Times: user=0.00 sys=0.00, real=0.00 secs] 
215.550: Total time for which application threads were stopped: 0.0009440 seconds, Stopping threads took: 0.0000780 seconds
215.626: Application time: 0.0759650 seconds
215.626: [GC [PSYoungGen: 33156K->2304K(33792K)] 46020K->15167K(73728K), 0.0007940 secs] [Times: user=0.00 sys=0.00, real=0.01 secs] 
215.627: Total time for which application threads were stopped: 0.0009160 seconds, Stopping threads took: 0.0000530 seconds
215.702: Application time: 0.0749290 seconds
215.702: [GC [PSYoungGen: 33419K->2848K(39424K)] 46283K->15711K(79360K), 0.0010930 secs] [Times: user=0.01 sys=0.00, real=0.00 secs] 
215.703: Total time for which application threads were stopped: 0.0012400 seconds, Stopping threads took: 0.0000700 seconds
215.791: Application time: 0.0878440 seconds
215.791: [GC [PSYoungGen: 38450K->1760K(37376K)] 51313K->14731K(77312K), 0.0007570 secs] [Times: user=0.01 sys=0.00, real=0.00 secs] 
215.792: Total time for which application threads were stopped: 0.0008940 seconds, Stopping threads took: 0.0000730 seconds
215.875: Application time: 0.0832180 seconds
215.875: [GC [PSYoungGen: 36837K->3296K(39936K)] 49809K->16307K(79872K), 0.0012580 secs] [Times: user=0.01 sys=0.00, real=0.00 secs] 
215.876: Total time for which application threads were stopped: 0.0013990 seconds, Stopping threads took: 0.0000640 seconds
215.967: Application time: 0.0905170 seconds
215.967: [GC [PSYoungGen: 39412K->2304K(46592K)] 52424K->15363K(86528K), 0.0008240 secs] [Times: user=0.01 sys=0.00, real=0.00 secs] 
215.968: Total time for which application threads were stopped: 0.0009620 seconds, Stopping threads took: 0.0000680 seconds
216.069: Application time: 0.1016770 seconds
216.070: [GC [PSYoungGen: 44580K->3328K(46592K)] 57640K->16427K(86528K), 0.0011040 secs] [Times: user=0.00 sys=0.00, real=0.00 secs] 
216.071: Total time for which application threads were stopped: 0.0012520 seconds, Stopping threads took: 0.0000660 seconds
216.177: Application time: 0.1064480 seconds
216.177: [GC [PSYoungGen: 45619K->768K(42496K)] 58719K->13915K(82432K), 0.0005520 secs] [Times: user=0.01 sys=0.00, real=0.00 secs] 
216.178: Total time for which application threads were stopped: 0.0006740 seconds, Stopping threads took: 0.0000610 seconds
216.278: Application time: 0.0998670 seconds
216.278: [GC [PSYoungGen: 41936K->2304K(43008K)] 55084K->15507K(82944K), 0.0008170 secs] [Times: user=0.00 sys=0.01, real=0.00 secs] 
216.279: Total time for which application threads were stopped: 0.0009630 seconds, Stopping threads took: 0.0000670 seconds
216.376: Application time: 0.0974700 seconds
216.376: [GC [PSYoungGen: 42252K->1280K(40960K)] 55456K->14483K(80896K), 0.0005760 secs] [Times: user=0.00 sys=0.00, real=0.00 secs] 
216.377: Total time for which application threads were stopped: 0.0006940 seconds, Stopping threads took: 0.0000550 seconds
216.470: Application time: 0.0927610 seconds
216.470: [GC [PSYoungGen: 40392K->2816K(41472K)] 53595K->16164K(81408K), 0.0010950 secs] [Times: user=0.01 sys=0.00, real=0.00 secs] 
216.471: Total time for which application threads were stopped: 0.0012450 seconds, Stopping threads took: 0.0000770 seconds
216.566: Application time: 0.0948680 seconds
216.566: [GC [PSYoungGen: 40988K->1792K(39424K)] 54336K->15140K(79360K), 0.0007400 secs] [Times: user=0.00 sys=0.00, real=0.00 secs] 
216.567: Total time for which application threads were stopped: 0.0008810 seconds, Stopping threads took: 0.0000740 seconds
216.658: Application time: 0.0912930 seconds
216.658: [GC [PSYoungGen: 38934K->672K(37888K)] 52282K->14068K(77824K), 0.0005350 secs] [Times: user=0.00 sys=0.00, real=0.00 secs] 
216.659: Total time for which application threads were stopped: 0.0006990 seconds, Stopping threads took: 0.0000920 seconds
216.746: Application time: 0.0877210 seconds
216.746: [GC [PSYoungGen: 37297K->1248K(37888K)] 50693K->14692K(77824K), 0.0006970 secs] [Times: user=0.01 sys=0.00, real=0.01 secs] 
216.747: Total time for which application threads were stopped: 0.0008220 seconds, Stopping threads took: 0.0000610 seconds
216.835: Application time: 0.0875310 seconds
216.835: [GC [PSYoungGen: 37355K->1792K(37888K)] 50799K->15284K(77824K), 0.0007830 secs] [Times: user=0.00 sys=0.00, real=0.00 secs] 
216.836: Total time for which application threads were stopped: 0.0009350 seconds, Stopping threads took: 0.0000870 seconds
216.922: Application time: 0.0866260 seconds
216.922: [GC [PSYoungGen: 37313K->1728K(37376K)] 50805K->15260K(77312K), 0.0008440 secs] [Times: user=0.01 sys=0.00, real=0.00 secs] 
216.923: Total time for which application threads were stopped: 0.0009780 seconds, Stopping threads took: 0.0000670 seconds
217.009: Application time: 0.0856520 seconds
217.009: [GC [PSYoungGen: 37046K->1264K(36352K)] 50578K->14796K(76288K), 0.0006560 secs] [Times: user=0.00 sys=0.00, real=0.00 secs] 
217.010: Total time for which application threads were stopped: 0.0008090 seconds, Stopping threads took: 0.0000890 seconds
217.092: Application time: 0.0825500 seconds
217.092: [GC [PSYoungGen: 35753K->2272K(37376K)] 49285K->15944K(77312K), 0.0010070 secs] [Times: user=0.01 sys=0.00, real=0.00 secs] 
217.093: Total time for which application threads were stopped: 0.0011540 seconds, Stopping threads took: 0.0000740 seconds
217.177: Application time: 0.0838980 seconds
217.177: [GC [PSYoungGen: 36325K->2816K(37376K)] 49998K->16488K(77312K), 0.0010480 secs] [Times: user=0.00 sys=0.00, real=0.00 secs] 
217.179: Total time for which application threads were stopped: 0.0012000 seconds, Stopping threads took: 0.0000710 seconds
217.262: Application time: 0.0832220 seconds
217.262: [GC [PSYoungGen: 36359K->2304K(36864K)] 50032K->16024K(76800K), 0.0009110 secs] [Times: user=0.01 sys=0.00, real=0.00 secs] 
217.263: Total time for which application threads were stopped: 0.0010510 seconds, Stopping threads took: 0.0000670 seconds
217.344: Application time: 0.0810370 seconds
217.344: [GC [PSYoungGen: 35257K->1248K(34304K)] 48978K->15024K(74240K), 0.0006400 secs] [Times: user=0.00 sys=0.00, real=0.00 secs] 
217.345: Total time for which application threads were stopped: 0.0007690 seconds, Stopping threads took: 0.0000660 seconds
217.425: Application time: 0.0802530 seconds
217.425: [GC [PSYoungGen: 33842K->736K(35840K)] 47618K->14512K(75776K), 0.0004470 secs] [Times: user=0.00 sys=0.00, real=0.00 secs] 
217.425: Total time for which application threads were stopped: 0.0005660 seconds, Stopping threads took: 0.0000620 seconds
217.500: Application time: 0.0746770 seconds
217.500: [GC [PSYoungGen: 32632K->3264K(36352K)] 46408K->17116K(76288K), 0.0013310 secs] [Times: user=0.00 sys=0.00, real=0.00 secs] 
217.502: Total time for which application threads were stopped: 0.0014930 seconds, Stopping threads took: 0.0000860 seconds
217.583: Application time: 0.0816460 seconds
217.583: [GC [PSYoungGen: 35187K->1792K(33792K)] 49039K->15644K(73728K), 0.0006400 secs] [Times: user=0.00 sys=0.00, real=0.00 secs] 
217.584: Total time for which application threads were stopped: 0.0007650 seconds, Stopping threads took: 0.0000610 seconds
217.661: Application time: 0.0769200 seconds
217.661: [GC [PSYoungGen: 33435K->1280K(32768K)] 47288K->15132K(72704K), 0.0006290 secs] [Times: user=0.00 sys=0.00, real=0.00 secs] 
217.662: Total time for which application threads were stopped: 0.0007590 seconds, Stopping threads took: 0.0000690 seconds
217.736: Application time: 0.0738400 seconds
217.736: [GC [PSYoungGen: 32226K->2816K(39424K)] 46078K->16784K(79360K), 0.0010750 secs] [Times: user=0.01 sys=0.00, real=0.00 secs] 
217.737: Total time for which application threads were stopped: 0.0012760 seconds, Stopping threads took: 0.0001190 seconds
217.824: Application time: 0.0868590 seconds
217.824: [GC [PSYoungGen: 37908K->1248K(36352K)] 51876K->15264K(76288K), 0.0006100 secs] [Times: user=0.00 sys=0.00, real=0.00 secs] 
217.824: Total time for which application threads were stopped: 0.0007410 seconds, Stopping threads took: 0.0000670 seconds
217.910: Application time: 0.0851990 seconds
217.910: [GC [PSYoungGen: 35739K->1248K(37888K)] 49756K->15328K(77824K), 0.0005760 secs] [Times: user=0.01 sys=0.00, real=0.00 secs] 
217.910: Total time for which application threads were stopped: 0.0007450 seconds, Stopping threads took: 0.0001100 seconds
217.992: Application time: 0.0818990 seconds
217.992: [GC [PSYoungGen: 35301K->1728K(35840K)] 49382K->15808K(75776K), 0.0007610 secs] [Times: user=0.00 sys=0.00, real=0.00 secs] 
217.993: Total time for which application threads were stopped: 0.0008910 seconds, Stopping threads took: 0.0000650 seconds
218.076: Application time: 0.0823300 seconds
218.076: [GC [PSYoungGen: 35348K->1824K(36352K)] 49428K->15952K(76288K), 0.0008620 secs] [Times: user=0.01 sys=0.00, real=0.00 secs] 
218.077: Total time for which application threads were stopped: 0.0009880 seconds, Stopping threads took: 0.0000630 seconds
218.157: Application time: 0.0802320 seconds
218.157: [GC [PSYoungGen: 34773K->1792K(34816K)] 48902K->16000K(74752K), 0.0007530 secs] [Times: user=0.00 sys=0.00, real=0.00 secs] 
218.158: Total time for which application threads were stopped: 0.0008860 seconds, Stopping threads took: 0.0000680 seconds
218.236: Application time: 0.0781480 seconds
218.236: [GC [PSYoungGen: 34229K->1280K(35328K)] 48438K->15488K(75264K), 0.0005720 secs] [Times: user=0.01 sys=0.00, real=0.00 secs] 
218.236: Total time for which application threads were stopped: 0.0007050 seconds, Stopping threads took: 0.0000640 seconds
218.314: Application time: 0.0770940 seconds
218.314: [GC [PSYoungGen: 33427K->1792K(33792K)] 47635K->16000K(73728K), 0.0008270 secs] [Times: user=0.01 sys=0.00, real=0.00 secs] 
218.315: Total time for which application threads were stopped: 0.0009830 seconds, Stopping threads took: 0.0000840 seconds
218.392: Application time: 0.0772680 seconds
218.392: [GC [PSYoungGen: 33275K->1280K(33792K)] 47483K->15608K(73728K), 0.0006370 secs] [Times: user=0.01 sys=0.00, real=0.00 secs] 
218.393: Total time for which application threads were stopped: 0.0007750 seconds, Stopping threads took: 0.0000680 seconds
218.464: Application time: 0.0713660 seconds
218.464: [GC [PSYoungGen: 32226K->2784K(34304K)] 46555K->17664K(74240K), 0.0012700 secs] [Times: user=0.01 sys=0.00, real=0.00 secs] 
218.465: Total time for which application threads were stopped: 0.0014160 seconds, Stopping threads took: 0.0000680 seconds
218.542: Application time: 0.0766000 seconds
218.542: [GC [PSYoungGen: 33677K->1792K(32768K)] 48558K->16720K(72704K), 0.0006660 secs] [Times: user=0.00 sys=0.00, real=0.00 secs] 
218.543: Total time for which application threads were stopped: 0.0008390 seconds, Stopping threads took: 0.0001080 seconds
218.617: Application time: 0.0746330 seconds
218.618: [GC [PSYoungGen: 32241K->1792K(32256K)] 47169K->16720K(72192K), 0.0007840 secs] [Times: user=0.00 sys=0.00, real=0.00 secs] 
218.618: Total time for which application threads were stopped: 0.0009240 seconds, Stopping threads took: 0.0000710 seconds
218.691: Application time: 0.0721050 seconds
218.691: [GC [PSYoungGen: 31722K->1792K(31744K)] 46651K->16776K(71680K), 0.0006800 secs] [Times: user=0.00 sys=0.00, real=0.00 secs] 
218.691: Total time for which application threads were stopped: 0.0008160 seconds, Stopping threads took: 0.0000700 seconds
218.763: Application time: 0.0720980 seconds
218.764: [GC [PSYoungGen: 31210K->1280K(30720K)] 46195K->16320K(70656K), 0.0006790 secs] [Times: user=0.00 sys=0.00, real=0.00 secs] 
218.764: Total time for which application threads were stopped: 0.0008140 seconds, Stopping threads took: 0.0000600 seconds
218.833: Application time: 0.0692460 seconds
218.834: [GC [PSYoungGen: 30100K->1280K(30208K)] 45141K->16368K(70144K), 0.0006000 secs] [Times: user=0.01 sys=0.00, real=0.00 secs] 
218.834: Total time for which application threads were stopped: 0.0007270 seconds, Stopping threads took: 0.0000630 seconds
218.902: Application time: 0.0679230 seconds
218.902: [GC [PSYoungGen: 29742K->1280K(29696K)] 44831K->16368K(69632K), 0.0006520 secs] [Times: user=0.00 sys=0.00, real=0.00 secs] 
218.903: Total time for which application threads were stopped: 0.0008180 seconds, Stopping threads took: 0.0000980 seconds
218.971: Application time: 0.0675520 seconds
218.971: [GC [PSYoungGen: 29226K->1760K(29696K)] 44315K->16921K(69632K), 0.0008180 secs] [Times: user=0.00 sys=0.00, real=0.00 secs] 
218.971: Total time for which application threads were stopped: 0.0009500 seconds, Stopping threads took: 0.0000650 seconds
219.039: Application time: 0.0670980 seconds
219.039: [GC [PSYoungGen: 29040K->1280K(28672K)] 44201K->16529K(68608K), 0.0006610 secs] [Times: user=0.00 sys=0.00, real=0.00 secs] 
219.039: Total time for which application threads were stopped: 0.0008350 seconds, Stopping threads took: 0.0001050 seconds
219.103: Application time: 0.0631580 seconds
219.103: [GC [PSYoungGen: 28039K->2240K(31232K)] 43289K->17489K(71168K), 0.0010690 secs] [Times: user=0.00 sys=0.01, real=0.00 secs] 
219.104: Total time for which application threads were stopped: 0.0012250 seconds, Stopping threads took: 0.0000750 seconds
219.173: Application time: 0.0697130 seconds
219.174: [GC [PSYoungGen: 30114K->1280K(29184K)] 45363K->16529K(69120K), 0.0006090 secs] [Times: user=0.01 sys=0.00, real=0.00 secs] 
219.174: Total time for which application threads were stopped: 0.0007360 seconds, Stopping threads took: 0.0000650 seconds
219.238: Application time: 0.0637400 seconds
219.238: [GC [PSYoungGen: 28632K->2304K(30720K)] 43881K->17609K(70656K), 0.0009170 secs] [Times: user=0.00 sys=0.00, real=0.00 secs] 
219.239: Total time for which application threads were stopped: 0.0011620 seconds, Stopping threads took: 0.0001710 seconds
219.306: Application time: 0.0671590 seconds
219.306: [GC [PSYoungGen: 29584K->1792K(30720K)] 44889K->17153K(70656K), 0.0007340 secs] [Times: user=0.00 sys=0.00, real=0.01 secs] 
219.307: Total time for which application threads were stopped: 0.0008970 seconds, Stopping threads took: 0.0000890 seconds
219.372: Application time: 0.0645680 seconds
219.372: [GC [PSYoungGen: 29222K->2832K(35840K)] 44583K->18193K(75776K), 0.0008980 secs] [Times: user=0.01 sys=0.00, real=0.00 secs] 
219.373: Total time for which application threads were stopped: 0.0010320 seconds, Stopping threads took: 0.0000630 seconds
219.453: Application time: 0.0805790 seconds
219.454: [GC [PSYoungGen: 35271K->1728K(36352K)] 50632K->17177K(76288K), 0.0007920 secs] [Times: user=0.01 sys=0.00, real=0.00 secs] 
219.454: Total time for which application threads were stopped: 0.0010110 seconds, Stopping threads took: 0.0001500 seconds
219.534: Application time: 0.0795000 seconds
219.534: [GC [PSYoungGen: 34324K->768K(33280K)] 49773K->16217K(73216K), 0.0005060 secs] [Times: user=0.00 sys=0.00, real=0.00 secs] 
219.535: Total time for which application threads were stopped: 0.0006340 seconds, Stopping threads took: 0.0000690 seconds
219.609: Application time: 0.0748110 seconds
219.609: [GC [PSYoungGen: 32816K->2848K(40448K)] 48266K->19397K(80384K), 0.0014390 secs] [Times: user=0.01 sys=0.00, real=0.00 secs] 
219.611: Total time for which application threads were stopped: 0.0016010 seconds, Stopping threads took: 0.0000800 seconds
219.704: Application time: 0.0925840 seconds
219.704: [GC [PSYoungGen: 39920K->1248K(42496K)] 56469K->17893K(82432K), 0.0005700 secs] [Times: user=0.00 sys=0.00, real=0.00 secs] 
219.704: Total time for which application threads were stopped: 0.0007030 seconds, Stopping threads took: 0.0000680 seconds
219.797: Application time: 0.0931880 seconds
219.798: [GC [PSYoungGen: 39930K->1248K(39424K)] 56575K->17893K(79360K), 0.0006790 secs] [Times: user=0.00 sys=0.00, real=0.00 secs] 
219.798: Total time for which application threads were stopped: 0.0008150 seconds, Stopping threads took: 0.0000700 seconds
219.889: Application time: 0.0905920 seconds
219.889: [GC [PSYoungGen: 38900K->1792K(39424K)] 55545K->18477K(79360K), 0.0007020 secs] [Times: user=0.00 sys=0.00, real=0.00 secs] 
219.890: Total time for which application threads were stopped: 0.0008450 seconds, Stopping threads took: 0.0000700 seconds
219.979: Application time: 0.0896540 seconds
219.979: [GC [PSYoungGen: 38420K->1248K(37888K)] 55105K->17981K(77824K), 0.0006460 secs] [Times: user=0.00 sys=0.00, real=0.00 secs] 
219.980: Total time for which application threads were stopped: 0.0007900 seconds, Stopping threads took: 0.0000810 seconds
220.065: Application time: 0.0852240 seconds
220.065: [GC [PSYoungGen: 37353K->2784K(38912K)] 54087K->19549K(78848K), 0.0010490 secs] [Times: user=0.01 sys=0.00, real=0.00 secs] 
220.067: Total time for which application threads were stopped: 0.0011910 seconds, Stopping threads took: 0.0000680 seconds
220.155: Application time: 0.0883170 seconds
220.155: [GC [PSYoungGen: 38464K->1792K(37376K)] 55229K->18605K(77312K), 0.0007440 secs] [Times: user=0.00 sys=0.00, real=0.00 secs] 
220.156: Total time for which application threads were stopped: 0.0008850 seconds, Stopping threads took: 0.0000750 seconds
220.240: Application time: 0.0845070 seconds
220.240: [GC [PSYoungGen: 36873K->2272K(37888K)] 53687K->19161K(77824K), 0.0009090 secs] [Times: user=0.01 sys=0.00, real=0.00 secs] 
220.241: Total time for which application threads were stopped: 0.0010480 seconds, Stopping threads took: 0.0000730 seconds
220.325: Application time: 0.0838120 seconds
220.325: [GC [PSYoungGen: 36841K->2272K(36864K)] 53731K->19209K(76800K), 0.0009090 secs] [Times: user=0.00 sys=0.00, real=0.00 secs] 
220.326: Total time for which application threads were stopped: 0.0010630 seconds, Stopping threads took: 0.0000900 seconds
220.410: Application time: 0.0840950 seconds
220.410: [GC [PSYoungGen: 36333K->768K(36864K)] 53271K->17777K(76800K), 0.0004870 secs] [Times: user=0.01 sys=0.00, real=0.00 secs] 
220.411: Total time for which application threads were stopped: 0.0006210 seconds, Stopping threads took: 0.0000580 seconds
220.490: Application time: 0.0791360 seconds
220.490: [GC [PSYoungGen: 34229K->1216K(34816K)] 51239K->18281K(74752K), 0.0006250 secs] [Times: user=0.00 sys=0.00, real=0.00 secs] 
220.491: Total time for which application threads were stopped: 0.0007640 seconds, Stopping threads took: 0.0000690 seconds
220.571: Application time: 0.0805480 seconds
220.572: [GC [PSYoungGen: 34243K->1280K(35840K)] 51309K->18345K(75776K), 0.0006040 secs] [Times: user=0.00 sys=0.00, real=0.00 secs] 
220.572: Total time for which application threads were stopped: 0.0007940 seconds, Stopping threads took: 0.0001300 seconds
220.650: Application time: 0.0783310 seconds
220.651: [GC [PSYoungGen: 33789K->1248K(33792K)] 50855K->18369K(73728K), 0.0006530 secs] [Times: user=0.01 sys=0.00, real=0.00 secs] 
220.651: Total time for which application threads were stopped: 0.0007970 seconds, Stopping threads took: 0.0000770 seconds
220.728: Application time: 0.0764150 seconds
220.728: [GC [PSYoungGen: 33239K->2272K(34816K)] 50360K->19433K(74752K), 0.0009200 secs] [Times: user=0.00 sys=0.00, real=0.00 secs] 
220.729: Total time for which application threads were stopped: 0.0010560 seconds, Stopping threads took: 0.0000620 seconds
220.806: Application time: 0.0771710 seconds
220.806: [GC [PSYoungGen: 33833K->1792K(33280K)] 50995K->19009K(73216K), 0.0008270 secs] [Times: user=0.01 sys=0.00, real=0.01 secs] 
220.807: Total time for which application threads were stopped: 0.0009640 seconds, Stopping threads took: 0.0000710 seconds
220.881: Application time: 0.0740390 seconds
220.881: [GC [PSYoungGen: 32755K->1792K(33280K)] 49972K->19097K(73216K), 0.0007530 secs] [Times: user=0.00 sys=0.00, real=0.00 secs] 
220.882: Total time for which application threads were stopped: 0.0008900 seconds, Stopping threads took: 0.0000690 seconds
220.956: Application time: 0.0742770 seconds
220.956: [GC [PSYoungGen: 32240K->1792K(32256K)] 49546K->19153K(72192K), 0.0007590 secs] [Times: user=0.00 sys=0.00, real=0.00 secs] 
220.957: Total time for which application threads were stopped: 0.0009130 seconds, Stopping threads took: 0.0000730 seconds
221.029: Application time: 0.0721960 seconds
221.029: [GC [PSYoungGen: 31640K->2240K(32256K)] 49002K->19641K(72192K), 0.0009830 secs] [Times: user=0.00 sys=0.00, real=0.00 secs] 
221.030: Total time for which application threads were stopped: 0.0011240 seconds, Stopping threads took: 0.0000710 seconds
221.101: Application time: 0.0705260 seconds
221.101: [GC [PSYoungGen: 31660K->1792K(31232K)] 49062K->19193K(71168K), 0.0007440 secs] [Times: user=0.00 sys=0.00, real=0.00 secs] 
221.102: Total time for which application threads were stopped: 0.0008900 seconds, Stopping threads took: 0.0000780 seconds
221.173: Application time: 0.0716190 seconds
221.174: [GC [PSYoungGen: 30614K->1728K(31232K)] 48016K->19169K(71168K), 0.0007400 secs] [Times: user=0.00 sys=0.00, real=0.00 secs] 
221.174: Total time for which application threads were stopped: 0.0008840 seconds, Stopping threads took: 0.0000740 seconds
221.243: Application time: 0.0685980 seconds
221.243: [GC [PSYoungGen: 30114K->1248K(29696K)] 47556K->18689K(69632K), 0.0006280 secs] [Times: user=0.00 sys=0.00, real=0.00 secs] 
221.244: Total time for which application threads were stopped: 0.0007540 seconds, Stopping threads took: 0.0000580 seconds
221.310: Application time: 0.0663420 seconds
221.310: [GC [PSYoungGen: 29114K->2304K(31232K)] 46556K->19793K(71168K), 0.0009530 secs] [Times: user=0.00 sys=0.00, real=0.00 secs] 
221.311: Total time for which application threads were stopped: 0.0010910 seconds, Stopping threads took: 0.0000670 seconds
221.379: Application time: 0.0684010 seconds
221.380: [GC [PSYoungGen: 30178K->1216K(29184K)] 47668K->18761K(69120K), 0.0006190 secs] [Times: user=0.00 sys=0.00, real=0.00 secs] 
221.380: Total time for which application threads were stopped: 0.0007480 seconds, Stopping threads took: 0.0000680 seconds
221.443: Application time: 0.0625270 seconds
221.443: [GC [PSYoungGen: 28642K->2848K(30208K)] 46188K->20946K(70144K), 0.0012900 secs] [Times: user=0.01 sys=0.00, real=0.00 secs] 
221.444: Total time for which application threads were stopped: 0.0014450 seconds, Stopping threads took: 0.0000770 seconds
221.511: Application time: 0.0667110 seconds
221.511: [GC [PSYoungGen: 29620K->1216K(30720K)] 47718K->19410K(70656K), 0.0006360 secs] [Times: user=0.00 sys=0.00, real=0.00 secs] 
221.512: Total time for which application threads were stopped: 0.0007820 seconds, Stopping threads took: 0.0000740 seconds
221.577: Application time: 0.0650880 seconds
221.577: [GC [PSYoungGen: 28136K->1248K(35328K)] 46330K->19442K(75264K), 0.0005300 secs] [Times: user=0.00 sys=0.00, real=0.00 secs] 
221.577: Total time for which application threads were stopped: 0.0006610 seconds, Stopping threads took: 0.0000700 seconds
221.655: Application time: 0.0777560 seconds
221.655: [GC [PSYoungGen: 33677K->1760K(35840K)] 51871K->20034K(75776K), 0.0007550 secs] [Times: user=0.00 sys=0.00, real=0.00 secs] 
221.656: Total time for which application threads were stopped: 0.0009080 seconds, Stopping threads took: 0.0000830 seconds
221.736: Application time: 0.0795300 seconds
221.736: [GC [PSYoungGen: 34273K->1248K(33792K)] 52547K->19522K(73728K), 0.0005310 secs] [Times: user=0.00 sys=0.00, real=0.00 secs] 
221.736: Total time for which application threads were stopped: 0.0006650 seconds, Stopping threads took: 0.0000750 seconds
221.813: Application time: 0.0765760 seconds
221.813: [GC [PSYoungGen: 33169K->768K(32768K)] 51443K->19098K(72704K), 0.0005100 secs] [Times: user=0.00 sys=0.00, real=0.00 secs] 
221.814: Total time for which application threads were stopped: 0.0006280 seconds, Stopping threads took: 0.0000590 seconds
221.886: Application time: 0.0728830 seconds
221.887: [GC [PSYoungGen: 32230K->2816K(34304K)] 50561K->21146K(74240K), 0.0008930 secs] [Times: user=0.00 sys=0.00, real=0.01 secs] 
221.887: Total time for which application threads were stopped: 0.0010390 seconds, Stopping threads took: 0.0000740 seconds
221.964: Application time: 0.0768430 seconds
221.964: [GC [PSYoungGen: 33791K->1280K(32256K)] 52122K->19658K(72192K), 0.0007500 secs] [Times: user=0.00 sys=0.00, real=0.00 secs] 
221.965: Total time for which application threads were stopped: 0.0008880 seconds, Stopping threads took: 0.0000710 seconds
222.037: Application time: 0.0718270 seconds
222.037: [GC [PSYoungGen: 31792K->2832K(33280K)] 50170K->21250K(73216K), 0.0009650 secs] [Times: user=0.00 sys=0.00, real=0.00 secs] 
222.038: Total time for which application threads were stopped: 0.0011150 seconds, Stopping threads took: 0.0000700 seconds
222.113: Application time: 0.0747310 seconds
222.113: [GC [PSYoungGen: 32775K->1216K(31232K)] 51193K->19714K(71168K), 0.0006570 secs] [Times: user=0.00 sys=0.00, real=0.00 secs] 
222.114: Total time for which application threads were stopped: 0.0007970 seconds, Stopping threads took: 0.0000780 seconds
222.183: Application time: 0.0692770 seconds
222.183: [GC [PSYoungGen: 30626K->1728K(31232K)] 49124K->20274K(71168K), 0.0007400 secs] [Times: user=0.00 sys=0.00, real=0.00 secs] 
222.184: Total time for which application threads were stopped: 0.0008760 seconds, Stopping threads took: 0.0000710 seconds
222.253: Application time: 0.0691190 seconds
222.253: [GC [PSYoungGen: 30626K->1792K(30720K)] 49172K->20378K(70656K), 0.0007950 secs] [Times: user=0.01 sys=0.00, real=0.00 secs] 
222.254: Total time for which application threads were stopped: 0.0009330 seconds, Stopping threads took: 0.0000690 seconds
222.321: Application time: 0.0676130 seconds
222.322: [GC [PSYoungGen: 30096K->2272K(32256K)] 48682K->20914K(72192K), 0.0008820 secs] [Times: user=0.00 sys=0.00, real=0.00 secs] 
222.323: Total time for which application threads were stopped: 0.0010400 seconds, Stopping threads took: 0.0000860 seconds
222.390: Application time: 0.0678450 seconds
222.390: [GC [PSYoungGen: 30656K->2304K(32256K)] 49298K->20946K(72192K), 0.0009230 secs] [Times: user=0.00 sys=0.00, real=0.00 secs] 
222.391: Total time for which application threads were stopped: 0.0010790 seconds, Stopping threads took: 0.0000780 seconds
222.460: Application time: 0.0689990 seconds
222.461: [GC [PSYoungGen: 30610K->2304K(38400K)] 49252K->21002K(78336K), 0.0007490 secs] [Times: user=0.01 sys=0.00, real=0.00 secs] 
222.461: Total time for which application threads were stopped: 0.0008890 seconds, Stopping threads took: 0.0000690 seconds
222.545: Application time: 0.0841120 seconds
222.546: [GC [PSYoungGen: 36875K->1760K(38400K)] 55574K->20458K(78336K), 0.0007300 secs] [Times: user=0.00 sys=0.00, real=0.00 secs] 
222.546: Total time for which application threads were stopped: 0.0008900 seconds, Stopping threads took: 0.0000810 seconds
222.628: Application time: 0.0821270 seconds
222.629: [GC [PSYoungGen: 36326K->2784K(45568K)] 55024K->21522K(85504K), 0.0009870 secs] [Times: user=0.01 sys=0.00, real=0.00 secs] 
222.630: Total time for which application threads were stopped: 0.0011380 seconds, Stopping threads took: 0.0000770 seconds
222.733: Application time: 0.1030470 seconds
222.733: [GC [PSYoungGen: 44713K->1280K(42496K)] 63451K->20066K(82432K), 0.0005960 secs] [Times: user=0.00 sys=0.00, real=0.00 secs] 
222.733: Total time for which application threads were stopped: 0.0007130 seconds, Stopping threads took: 0.0000540 seconds
222.831: Application time: 0.0972010 seconds
222.831: [GC [PSYoungGen: 42016K->1792K(42496K)] 60803K->20694K(82432K), 0.0007630 secs] [Times: user=0.00 sys=0.00, real=0.00 secs] 
222.832: Total time for which application threads were stopped: 0.0009270 seconds, Stopping threads took: 0.0000910 seconds
222.926: Application time: 0.0945910 seconds
222.926: [GC [PSYoungGen: 41498K->2816K(41984K)] 60401K->21766K(81920K), 0.0011300 secs] [Times: user=0.01 sys=0.00, real=0.01 secs] 
222.927: Total time for which application threads were stopped: 0.0012810 seconds, Stopping threads took: 0.0000740 seconds
223.021: Application time: 0.0937410 seconds
223.021: [GC [PSYoungGen: 41504K->1216K(39936K)] 60455K->20214K(79872K), 0.0006090 secs] [Times: user=0.00 sys=0.00, real=0.00 secs] 
223.022: Total time for which application threads were stopped: 0.0007380 seconds, Stopping threads took: 0.0000670 seconds
223.113: Application time: 0.0910430 seconds
223.113: [GC [PSYoungGen: 38792K->1216K(38400K)] 57790K->20262K(78336K), 0.0005760 secs] [Times: user=0.00 sys=0.00, real=0.00 secs] 
223.114: Total time for which application threads were stopped: 0.0008040 seconds, Stopping threads took: 0.0001590 seconds
223.203: Application time: 0.0890090 seconds
223.203: [GC [PSYoungGen: 37842K->736K(39424K)] 56888K->19782K(79360K), 0.0004840 secs] [Times: user=0.00 sys=0.00, real=0.00 secs] 
223.203: Total time for which application threads were stopped: 0.0006380 seconds, Stopping threads took: 0.0000930 seconds
223.288: Application time: 0.0849670 seconds
223.288: [GC [PSYoungGen: 36920K->2832K(39424K)] 55966K->21926K(79360K), 0.0010720 secs] [Times: user=0.01 sys=0.00, real=0.00 secs] 
223.290: Total time for which application threads were stopped: 0.0012130 seconds, Stopping threads took: 0.0000720 seconds
223.375: Application time: 0.0859380 seconds
223.376: [GC [PSYoungGen: 38510K->2304K(38912K)] 57605K->21470K(78848K), 0.0009310 secs] [Times: user=0.01 sys=0.00, real=0.00 secs] 
223.377: Total time for which application threads were stopped: 0.0010720 seconds, Stopping threads took: 0.0000720 seconds
223.461: Application time: 0.0840140 seconds
223.461: [GC [PSYoungGen: 37387K->2304K(37376K)] 56554K->21546K(77312K), 0.0009180 secs] [Times: user=0.01 sys=0.00, real=0.00 secs] 
223.462: Total time for which application threads were stopped: 0.0010590 seconds, Stopping threads took: 0.0000670 seconds
223.545: Application time: 0.0837460 seconds
223.546: [GC [PSYoungGen: 36875K->1792K(36864K)] 56118K->21090K(76800K), 0.0008010 secs] [Times: user=0.00 sys=0.00, real=0.00 secs] 
223.546: Total time for which application threads were stopped: 0.0009460 seconds, Stopping threads took: 0.0000810 seconds
223.628: Application time: 0.0819220 seconds
223.628: [GC [PSYoungGen: 35767K->2240K(36352K)] 55066K->21586K(76288K), 0.0009920 secs] [Times: user=0.00 sys=0.00, real=0.00 secs] 
223.629: Total time for which application threads were stopped: 0.0011430 seconds, Stopping threads took: 0.0000670 seconds
223.710: Application time: 0.0809950 seconds
223.711: [GC [PSYoungGen: 35780K->2816K(36864K)] 55126K->22162K(76800K), 0.0010660 secs] [Times: user=0.00 sys=0.00, real=0.00 secs] 
223.712: Total time for which application threads were stopped: 0.0012270 seconds, Stopping threads took: 0.0000900 seconds
223.792: Application time: 0.0807550 seconds
223.793: [GC [PSYoungGen: 35767K->2304K(37376K)] 55114K->21691K(77312K), 0.0010060 secs] [Times: user=0.00 sys=0.00, real=0.00 secs] 
223.794: Total time for which application threads were stopped: 0.0011570 seconds, Stopping threads took: 0.0000850 seconds
223.874: Application time: 0.0807820 seconds
223.874: [GC [PSYoungGen: 35406K->2304K(43520K)] 54793K->21691K(83456K), 0.0008090 secs] [Times: user=0.00 sys=0.01, real=0.01 secs] 
223.875: Total time for which application threads were stopped: 0.0009520 seconds, Stopping threads took: 0.0000720 seconds
223.973: Application time: 0.0978170 seconds
223.973: [GC [PSYoungGen: 42177K->1280K(40448K)] 61564K->20759K(80384K), 0.0006260 secs] [Times: user=0.00 sys=0.00, real=0.00 secs] 
223.974: Total time for which application threads were stopped: 0.0007480 seconds, Stopping threads took: 0.0000600 seconds
224.066: Application time: 0.0921720 seconds
224.066: [GC [PSYoungGen: 39878K->2816K(41472K)] 59357K->22403K(81408K), 0.0010450 secs] [Times: user=0.00 sys=0.01, real=0.01 secs] 
224.067: Total time for which application threads were stopped: 0.0012100 seconds, Stopping threads took: 0.0000920 seconds
224.160: Application time: 0.0923190 seconds
224.160: [GC [PSYoungGen: 40472K->2272K(39424K)] 60059K->21859K(79360K), 0.0009800 secs] [Times: user=0.01 sys=0.00, real=0.00 secs] 
224.161: Total time for which application threads were stopped: 0.0011420 seconds, Stopping threads took: 0.0000830 seconds
224.251: Application time: 0.0900690 seconds
224.251: [GC [PSYoungGen: 38902K->1248K(39424K)] 58489K->20875K(79360K), 0.0005990 secs] [Times: user=0.00 sys=0.00, real=0.00 secs] 
224.251: Total time for which application threads were stopped: 0.0007220 seconds, Stopping threads took: 0.0000610 seconds
224.339: Application time: 0.0871150 seconds
224.339: [GC [PSYoungGen: 37355K->2208K(38400K)] 56983K->21867K(78336K), 0.0009320 secs] [Times: user=0.00 sys=0.00, real=0.00 secs] 
224.340: Total time for which application threads were stopped: 0.0010760 seconds, Stopping threads took: 0.0000770 seconds
224.427: Application time: 0.0873060 seconds
224.427: [GC [PSYoungGen: 37729K->1728K(38400K)] 57389K->21451K(78336K), 0.0007550 secs] [Times: user=0.01 sys=0.00, real=0.00 secs] 
224.428: Total time for which application threads were stopped: 0.0008880 seconds, Stopping threads took: 0.0000690 seconds
224.512: Application time: 0.0839520 seconds
224.512: [GC [PSYoungGen: 36808K->2784K(37888K)] 56531K->22507K(77824K), 0.0010610 secs] [Times: user=0.00 sys=0.00, real=0.00 secs] 
224.513: Total time for which application threads were stopped: 0.0012050 seconds, Stopping threads took: 0.0000720 seconds
224.598: Application time: 0.0850590 seconds
224.598: [GC [PSYoungGen: 37594K->1280K(37376K)] 57318K->21051K(77312K), 0.0006490 secs] [Times: user=0.00 sys=0.00, real=0.00 secs] 
224.599: Total time for which application threads were stopped: 0.0007910 seconds, Stopping threads took: 0.0000740 seconds
224.681: Application time: 0.0820670 seconds
224.681: [GC [PSYoungGen: 35249K->2816K(37376K)] 55020K->22731K(77312K), 0.0010750 secs] [Times: user=0.01 sys=0.00, real=0.00 secs] 
224.682: Total time for which application threads were stopped: 0.0012320 seconds, Stopping threads took: 0.0000710 seconds
224.765: Application time: 0.0831370 seconds
224.765: [GC [PSYoungGen: 36364K->1248K(36864K)] 56279K->21163K(76800K), 0.0005870 secs] [Times: user=0.01 sys=0.00, real=0.00 secs] 
224.766: Total time for which application threads were stopped: 0.0007510 seconds, Stopping threads took: 0.0000920 seconds
224.845: Application time: 0.0785670 seconds
224.845: [GC [PSYoungGen: 34267K->2272K(35328K)] 54182K->22227K(75264K), 0.0009490 secs] [Times: user=0.01 sys=0.00, real=0.00 secs] 
224.846: Total time for which application threads were stopped: 0.0010950 seconds, Stopping threads took: 0.0000750 seconds
224.924: Application time: 0.0777780 seconds
224.924: [GC [PSYoungGen: 34705K->2272K(34816K)] 54660K->22283K(74752K), 0.0009630 secs] [Times: user=0.01 sys=0.00, real=0.00 secs] 
224.925: Total time for which application threads were stopped: 0.0011040 seconds, Stopping threads took: 0.0000670 seconds
225.004: Application time: 0.0792840 seconds
225.004: [GC [PSYoungGen: 34267K->2240K(35840K)] 54279K->22251K(75776K), 0.0009110 secs] [Times: user=0.01 sys=0.00, real=0.00 secs] 
225.005: Total time for which application threads were stopped: 0.0010540 seconds, Stopping threads took: 0.0000750 seconds
225.083: Application time: 0.0775870 seconds
225.083: [GC [PSYoungGen: 34161K->1792K(33792K)] 54172K->21851K(73728K), 0.0006590 secs] [Times: user=0.01 sys=0.00, real=0.00 secs] 
225.083: Total time for which application threads were stopped: 0.0008180 seconds, Stopping threads took: 0.0000900 seconds
225.160: Application time: 0.0766850 seconds
225.160: [GC [PSYoungGen: 33271K->1792K(33280K)] 53330K->21851K(73216K), 0.0007930 secs] [Times: user=0.00 sys=0.00, real=0.00 secs] 
225.161: Total time for which application threads were stopped: 0.0009270 seconds, Stopping threads took: 0.0000680 seconds
225.237: Application time: 0.0758330 seconds
225.237: [GC [PSYoungGen: 32998K->800K(31744K)] 53057K->20923K(71680K), 0.0005700 secs] [Times: user=0.00 sys=0.00, real=0.00 secs] 
225.238: Total time for which application threads were stopped: 0.0007350 seconds, Stopping threads took: 0.0000900 seconds
225.310: Application time: 0.0723250 seconds
225.310: [GC [PSYoungGen: 31160K->1792K(32256K)] 51284K->22067K(72192K), 0.0007890 secs] [Times: user=0.00 sys=0.00, real=0.00 secs] 
225.311: Total time for which application threads were stopped: 0.0009240 seconds, Stopping threads took: 0.0000680 seconds
225.385: Application time: 0.0737180 seconds
225.385: [GC [PSYoungGen: 31727K->1280K(31232K)] 52002K->21555K(71168K), 0.0006800 secs] [Times: user=0.00 sys=0.00, real=0.00 secs] 
225.385: Total time for which application threads were stopped: 0.0008090 seconds, Stopping threads took: 0.0000670 seconds
225.456: Application time: 0.0710710 seconds
225.457: [GC [PSYoungGen: 30612K->2272K(31744K)] 50888K->22603K(71680K), 0.0009600 secs] [Times: user=0.00 sys=0.00, real=0.00 secs] 
225.458: Total time for which application threads were stopped: 0.0012000 seconds, Stopping threads took: 0.0001690 seconds
225.529: Application time: 0.0714760 seconds
225.529: [GC [PSYoungGen: 31176K->1792K(31232K)] 51508K->22123K(71168K), 0.0008010 secs] [Times: user=0.01 sys=0.00, real=0.00 secs] 
225.530: Total time for which application threads were stopped: 0.0009770 seconds, Stopping threads took: 0.0001110 seconds
225.598: Application time: 0.0674460 seconds
225.598: [GC [PSYoungGen: 30100K->1280K(29696K)] 50432K->21651K(69632K), 0.0005980 secs] [Times: user=0.00 sys=0.00, real=0.00 secs] 
225.598: Total time for which application threads were stopped: 0.0007270 seconds, Stopping threads took: 0.0000670 seconds
225.666: Application time: 0.0673860 seconds
225.666: [GC [PSYoungGen: 29146K->2272K(31744K)] 49518K->22643K(71680K), 0.0009090 secs] [Times: user=0.00 sys=0.00, real=0.01 secs] 
225.667: Total time for which application threads were stopped: 0.0010600 seconds, Stopping threads took: 0.0000740 seconds
225.736: Application time: 0.0687950 seconds
225.736: [GC [PSYoungGen: 30066K->1792K(29696K)] 50438K->22219K(69632K), 0.0007920 secs] [Times: user=0.00 sys=0.00, real=0.00 secs] 
225.736: Total time for which application threads were stopped: 0.0009320 seconds, Stopping threads took: 0.0000670 seconds
225.803: Application time: 0.0670380 seconds
225.804: [GC [PSYoungGen: 29074K->224K(30208K)] 49502K->20651K(70144K), 0.0003660 secs] [Times: user=0.00 sys=0.00, real=0.00 secs] 
225.804: Total time for which application threads were stopped: 0.0005440 seconds, Stopping threads took: 0.0001100 seconds
225.869: Application time: 0.0648760 seconds
225.869: [GC [PSYoungGen: 27218K->1792K(28672K)] 47646K->22219K(68608K), 0.0007990 secs] [Times: user=0.00 sys=0.00, real=0.00 secs] 
225.870: Total time for which application threads were stopped: 0.0009250 seconds, Stopping threads took: 0.0000600 seconds
225.932: Application time: 0.0621770 seconds
225.932: [GC [PSYoungGen: 28194K->2848K(29184K)] 48622K->23383K(69120K), 0.0011110 secs] [Times: user=0.01 sys=0.00, real=0.00 secs] 
225.933: Total time for which application threads were stopped: 0.0012620 seconds, Stopping threads took: 0.0000750 seconds
225.996: Application time: 0.0629200 seconds
225.996: [GC [PSYoungGen: 28664K->2240K(29696K)] 49200K->22864K(69632K), 0.0009860 secs] [Times: user=0.00 sys=0.00, real=0.00 secs] 
225.997: Total time for which application threads were stopped: 0.0011300 seconds, Stopping threads took: 0.0000760 seconds
226.060: Application time: 0.0628590 seconds
226.060: [GC [PSYoungGen: 27973K->2816K(35328K)] 48597K->23480K(75264K), 0.0009130 secs] [Times: user=0.00 sys=0.00, real=0.00 secs] 
226.061: Total time for which application threads were stopped: 0.0010440 seconds, Stopping threads took: 0.0000560 seconds
226.140: Application time: 0.0783350 seconds
226.140: [GC [PSYoungGen: 34229K->1280K(35328K)] 54893K->21944K(75264K), 0.0005960 secs] [Times: user=0.00 sys=0.00, real=0.00 secs] 
226.140: Total time for which application threads were stopped: 0.0007530 seconds, Stopping threads took: 0.0000880 seconds
226.214: Application time: 0.0737410 seconds
226.214: [GC [PSYoungGen: 32746K->2816K(41472K)] 53410K->23480K(81408K), 0.0009530 secs] [Times: user=0.00 sys=0.00, real=0.01 secs] 
226.215: Total time for which application threads were stopped: 0.0011150 seconds, Stopping threads took: 0.0000900 seconds
226.307: Application time: 0.0922090 seconds
226.308: [GC [PSYoungGen: 40470K->2816K(41984K)] 61134K->23520K(81920K), 0.0010000 secs] [Times: user=0.00 sys=0.00, real=0.00 secs] 
226.309: Total time for which application threads were stopped: 0.0011460 seconds, Stopping threads took: 0.0000710 seconds
226.401: Application time: 0.0924410 seconds
226.401: [GC [PSYoungGen: 40394K->2304K(49664K)] 61098K->23064K(89600K), 0.0007930 secs] [Times: user=0.01 sys=0.00, real=0.00 secs] 
226.402: Total time for which application threads were stopped: 0.0009350 seconds, Stopping threads took: 0.0000760 seconds
226.511: Application time: 0.1089290 seconds
226.511: [GC [PSYoungGen: 47828K->2320K(47104K)] 68588K->23080K(87040K), 0.0007980 secs] [Times: user=0.00 sys=0.00, real=0.00 secs] 
226.512: Total time for which application threads were stopped: 0.0009420 seconds, Stopping threads took: 0.0000740 seconds
226.621: Application time: 0.1096740 seconds
226.622: [GC [PSYoungGen: 46817K->1824K(45568K)] 67577K->22692K(85504K), 0.0007910 secs] [Times: user=0.00 sys=0.00, real=0.00 secs] 
226.622: Total time for which application threads were stopped: 0.0009240 seconds, Stopping threads took: 0.0000650 seconds
226.728: Application time: 0.1059330 seconds
226.728: [GC [PSYoungGen: 45056K->1280K(44032K)] 65925K->22280K(83968K), 0.0006660 secs] [Times: user=0.01 sys=0.00, real=0.00 secs] 
226.729: Total time for which application threads were stopped: 0.0007890 seconds, Stopping threads took: 0.0000600 seconds
226.832: Application time: 0.1029560 seconds
226.832: [GC [PSYoungGen: 43558K->1760K(44032K)] 64558K->22760K(83968K), 0.0007770 secs] [Times: user=0.00 sys=0.00, real=0.00 secs] 
226.833: Total time for which application threads were stopped: 0.0009230 seconds, Stopping threads took: 0.0000730 seconds
226.932: Application time: 0.0993250 seconds
226.932: [GC [PSYoungGen: 43010K->2304K(43008K)] 64010K->23352K(82944K), 0.0009550 secs] [Times: user=0.00 sys=0.00, real=0.00 secs] 
226.933: Total time for which application threads were stopped: 0.0011090 seconds, Stopping threads took: 0.0000760 seconds
227.032: Application time: 0.0986330 seconds
227.032: [GC [PSYoungGen: 42454K->1216K(41984K)] 63502K->22320K(81920K), 0.0006570 secs] [Times: user=0.00 sys=0.00, real=0.00 secs] 
227.033: Total time for which application threads were stopped: 0.0007950 seconds, Stopping threads took: 0.0000730 seconds
227.126: Application time: 0.0926710 seconds
227.127: [GC [PSYoungGen: 40404K->3328K(41984K)] 61508K->24432K(81920K), 0.0012120 secs] [Times: user=0.00 sys=0.00, real=0.00 secs] 
227.128: Total time for which application threads were stopped: 0.0024460 seconds, Stopping threads took: 0.0011650 seconds
227.223: Application time: 0.0945730 seconds
227.223: [GC [PSYoungGen: 41301K->1856K(39936K)] 62405K->23008K(79872K), 0.0008440 secs] [Times: user=0.00 sys=0.01, real=0.00 secs] 
227.224: Total time for which application threads were stopped: 0.0009710 seconds, Stopping threads took: 0.0000580 seconds
227.313: Application time: 0.0892980 seconds
227.313: [GC [PSYoungGen: 38916K->1760K(38912K)] 60068K->23080K(78848K), 0.0008630 secs] [Times: user=0.00 sys=0.00, real=0.00 secs] 
227.314: Total time for which application threads were stopped: 0.0010580 seconds, Stopping threads took: 0.0001260 seconds
227.404: Application time: 0.0900700 seconds
227.404: [GC [PSYoungGen: 38309K->1760K(39424K)] 59630K->23080K(79360K), 0.0007600 secs] [Times: user=0.00 sys=0.00, real=0.00 secs] 
227.405: Total time for which application threads were stopped: 0.0009010 seconds, Stopping threads took: 0.0000670 seconds
227.491: Application time: 0.0856940 seconds
227.491: [GC [PSYoungGen: 37867K->2816K(38912K)] 59188K->24136K(78848K), 0.0010890 secs] [Times: user=0.01 sys=0.00, real=0.00 secs] 
227.492: Total time for which application threads were stopped: 0.0012260 seconds, Stopping threads took: 0.0000650 seconds
227.578: Application time: 0.0857580 seconds
227.578: [GC [PSYoungGen: 38335K->2816K(38912K)] 59656K->24184K(78848K), 0.0010530 secs] [Times: user=0.01 sys=0.00, real=0.00 secs] 
227.579: Total time for which application threads were stopped: 0.0012030 seconds, Stopping threads took: 0.0000780 seconds
227.666: Application time: 0.0870640 seconds
227.666: [GC [PSYoungGen: 37906K->1248K(36352K)] 59274K->22616K(76288K), 0.0005930 secs] [Times: user=0.00 sys=0.00, real=0.00 secs] 
227.667: Total time for which application threads were stopped: 0.0007340 seconds, Stopping threads took: 0.0000720 seconds
227.748: Application time: 0.0811490 seconds
227.748: [GC [PSYoungGen: 35813K->2304K(37888K)] 57182K->23720K(77824K), 0.0009530 secs] [Times: user=0.00 sys=0.00, real=0.00 secs] 
227.749: Total time for which application threads were stopped: 0.0011000 seconds, Stopping threads took: 0.0000760 seconds
227.832: Application time: 0.0833740 seconds
227.832: [GC [PSYoungGen: 36522K->736K(34816K)] 57938K->22216K(74752K), 0.0005080 secs] [Times: user=0.00 sys=0.00, real=0.00 secs] 
227.833: Total time for which application threads were stopped: 0.0006410 seconds, Stopping threads took: 0.0000670 seconds
227.915: Application time: 0.0818350 seconds
227.915: [GC [PSYoungGen: 34354K->1296K(36864K)] 55834K->22904K(76800K), 0.0006920 secs] [Times: user=0.01 sys=0.00, real=0.00 secs] 
227.916: Total time for which application threads were stopped: 0.0008470 seconds, Stopping threads took: 0.0000760 seconds
227.994: Application time: 0.0786360 seconds
227.994: [GC [PSYoungGen: 34245K->1184K(34304K)] 55854K->22864K(74240K), 0.0006940 secs] [Times: user=0.00 sys=0.00, real=0.01 secs] 
227.995: Total time for which application threads were stopped: 0.0008440 seconds, Stopping threads took: 0.0000790 seconds
228.072: Application time: 0.0769730 seconds
228.072: [GC [PSYoungGen: 33609K->2304K(35840K)] 55289K->23984K(75776K), 0.0008810 secs] [Times: user=0.01 sys=0.00, real=0.00 secs] 
228.073: Total time for which application threads were stopped: 0.0010220 seconds, Stopping threads took: 0.0000740 seconds
228.152: Application time: 0.0787910 seconds
228.152: [GC [PSYoungGen: 34299K->2272K(34304K)] 55980K->23952K(74240K), 0.0010030 secs] [Times: user=0.01 sys=0.00, real=0.00 secs] 
228.153: Total time for which application threads were stopped: 0.0011600 seconds, Stopping threads took: 0.0000910 seconds
228.230: Application time: 0.0766960 seconds
228.230: [GC [PSYoungGen: 33685K->704K(34816K)] 55366K->22440K(74752K), 0.0004750 secs] [Times: user=0.00 sys=0.00, real=0.00 secs] 
228.230: Total time for which application threads were stopped: 0.0006260 seconds, Stopping threads took: 0.0000840 seconds
228.305: Application time: 0.0742240 seconds
228.305: [GC [PSYoungGen: 31658K->1792K(32768K)] 53395K->23528K(72704K), 0.0007780 secs] [Times: user=0.00 sys=0.00, real=0.00 secs] 
228.305: Total time for which application threads were stopped: 0.0009100 seconds, Stopping threads took: 0.0000670 seconds
228.379: Application time: 0.0732890 seconds
228.379: [GC [PSYoungGen: 32234K->2240K(33280K)] 53971K->24032K(73216K), 0.0009840 secs] [Times: user=0.00 sys=0.00, real=0.00 secs] 
228.380: Total time for which application threads were stopped: 0.0011330 seconds, Stopping threads took: 0.0000760 seconds
228.452: Application time: 0.0722940 seconds
228.452: [GC [PSYoungGen: 32323K->2864K(33792K)] 54116K->24696K(73728K), 0.0010740 secs] [Times: user=0.01 sys=0.00, real=0.00 secs] 
228.453: Total time for which application threads were stopped: 0.0012190 seconds, Stopping threads took: 0.0000600 seconds
228.527: Application time: 0.0732050 seconds
228.527: [GC [PSYoungGen: 32877K->2304K(40448K)] 54709K->24245K(80384K), 0.0008620 secs] [Times: user=0.01 sys=0.00, real=0.00 secs] 
228.528: Total time for which application threads were stopped: 0.0011150 seconds, Stopping threads took: 0.0001850 seconds
228.618: Application time: 0.0898500 seconds
228.618: [GC [PSYoungGen: 38340K->1760K(40448K)] 60281K->23789K(80384K), 0.0007610 secs] [Times: user=0.00 sys=0.00, real=0.00 secs] 
228.618: Total time for which application threads were stopped: 0.0009070 seconds, Stopping threads took: 0.0000750 seconds
228.707: Application time: 0.0886930 seconds
228.707: [GC [PSYoungGen: 37798K->736K(36864K)] 59827K->22765K(76800K), 0.0004940 secs] [Times: user=0.00 sys=0.00, real=0.00 secs] 
228.708: Total time for which application threads were stopped: 0.0006230 seconds, Stopping threads took: 0.0000670 seconds
228.793: Application time: 0.0856660 seconds
228.794: [GC [PSYoungGen: 36251K->1792K(37376K)] 58280K->23821K(77312K), 0.0007970 secs] [Times: user=0.00 sys=0.00, real=0.01 secs] 
228.795: Total time for which application threads were stopped: 0.0017480 seconds, Stopping threads took: 0.0000860 seconds
228.879: Application time: 0.0835400 seconds
228.879: [GC [PSYoungGen: 36872K->2816K(37888K)] 58901K->24845K(77824K), 0.0009380 secs] [Times: user=0.00 sys=0.00, real=0.00 secs] 
228.880: Total time for which application threads were stopped: 0.0010880 seconds, Stopping threads took: 0.0000800 seconds
228.963: Application time: 0.0829350 seconds
228.963: [GC [PSYoungGen: 37387K->2304K(36864K)] 59417K->24373K(76800K), 0.0009560 secs] [Times: user=0.00 sys=0.00, real=0.00 secs] 
228.964: Total time for which application threads were stopped: 0.0011140 seconds, Stopping threads took: 0.0000750 seconds
229.046: Application time: 0.0819990 seconds
229.046: [GC [PSYoungGen: 36351K->2816K(40960K)] 58421K->25949K(80896K), 0.0013490 secs] [Times: user=0.01 sys=0.00, real=0.01 secs] 
229.047: Total time for which application threads were stopped: 0.0015330 seconds, Stopping threads took: 0.0001090 seconds
229.140: Application time: 0.0921970 seconds
229.140: [GC [PSYoungGen: 40195K->2880K(41984K)] 63328K->26053K(81920K), 0.0010360 secs] [Times: user=0.01 sys=0.00, real=0.00 secs] 
229.141: Total time for which application threads were stopped: 0.0012030 seconds, Stopping threads took: 0.0000920 seconds
229.232: Application time: 0.0914770 seconds
229.232: [GC [PSYoungGen: 40536K->2304K(49664K)] 63709K->25625K(89600K), 0.0008510 secs] [Times: user=0.00 sys=0.00, real=0.00 secs] 
229.233: Total time for which application threads were stopped: 0.0009900 seconds, Stopping threads took: 0.0000700 seconds
229.345: Application time: 0.1121440 seconds
229.346: [GC [PSYoungGen: 47595K->1760K(46592K)] 70916K->25137K(86528K), 0.0006770 secs] [Times: user=0.00 sys=0.00, real=0.00 secs] 
229.346: Total time for which application threads were stopped: 0.0008030 seconds, Stopping threads took: 0.0000600 seconds
229.451: Application time: 0.1046020 seconds
229.451: [GC [PSYoungGen: 46016K->2272K(46080K)] 69394K->25649K(86016K), 0.0009110 secs] [Times: user=0.00 sys=0.00, real=0.00 secs] 
229.452: Total time for which application threads were stopped: 0.0010590 seconds, Stopping threads took: 0.0000780 seconds
229.558: Application time: 0.1065980 seconds
229.559: [GC [PSYoungGen: 45581K->2304K(45056K)] 68958K->25681K(84992K), 0.0009640 secs] [Times: user=0.01 sys=0.00, real=0.00 secs] 
229.560: Total time for which application threads were stopped: 0.0011170 seconds, Stopping threads took: 0.0000740 seconds
229.663: Application time: 0.1031440 seconds
229.663: [GC [PSYoungGen: 44667K->1280K(43520K)] 68044K->24705K(83456K), 0.0006770 secs] [Times: user=0.01 sys=0.00, real=0.00 secs] 
229.664: Total time for which application threads were stopped: 0.0007990 seconds, Stopping threads took: 0.0000560 seconds
229.763: Application time: 0.0996860 seconds
229.763: [GC [PSYoungGen: 42689K->1280K(41984K)] 66114K->24801K(81920K), 0.0006430 secs] [Times: user=0.00 sys=0.00, real=0.00 secs] 
229.764: Total time for which application threads were stopped: 0.0007700 seconds, Stopping threads took: 0.0000640 seconds
229.864: Application time: 0.0995550 seconds
229.864: [GC [PSYoungGen: 41584K->768K(41984K)] 65106K->24421K(81920K), 0.0006100 secs] [Times: user=0.00 sys=0.00, real=0.00 secs] 
229.864: Total time for which application threads were stopped: 0.0007480 seconds, Stopping threads took: 0.0000720 seconds
229.958: Application time: 0.0941380 seconds
229.959: [GC [PSYoungGen: 39884K->1216K(39936K)] 63537K->24957K(79872K), 0.0006380 secs] [Times: user=0.00 sys=0.00, real=0.00 secs] 
229.959: Total time for which application threads were stopped: 0.0007700 seconds, Stopping threads took: 0.0000690 seconds
230.049: Application time: 0.0901200 seconds
230.049: [GC [PSYoungGen: 39302K->2272K(39936K)] 63043K->26013K(79872K), 0.0009130 secs] [Times: user=0.00 sys=0.00, real=0.00 secs] 
230.050: Total time for which application threads were stopped: 0.0010720 seconds, Stopping threads took: 0.0000860 seconds
230.141: Application time: 0.0902320 seconds
230.141: [GC [PSYoungGen: 39332K->2784K(40448K)] 63073K->26525K(80384K), 0.0010890 secs] [Times: user=0.01 sys=0.00, real=0.00 secs] 
230.142: Total time for which application threads were stopped: 0.0012440 seconds, Stopping threads took: 0.0000730 seconds
230.232: Application time: 0.0897740 seconds
230.232: [GC [PSYoungGen: 39490K->2304K(39936K)] 63231K->26045K(79872K), 0.0009340 secs] [Times: user=0.00 sys=0.00, real=0.00 secs] 
230.233: Total time for which application threads were stopped: 0.0011970 seconds, Stopping threads took: 0.0001960 seconds
230.320: Application time: 0.0873440 seconds
230.320: [GC [PSYoungGen: 38418K->1792K(37888K)] 62159K->25621K(77824K), 0.0008570 secs] [Times: user=0.00 sys=0.00, real=0.00 secs] 
230.321: Total time for which application threads were stopped: 0.0009970 seconds, Stopping threads took: 0.0000720 seconds
230.405: Application time: 0.0838440 seconds
230.405: [GC [PSYoungGen: 37462K->3360K(38912K)] 61292K->27221K(78848K), 0.0012940 secs] [Times: user=0.00 sys=0.00, real=0.00 secs] 
230.407: Total time for which application threads were stopped: 0.0014550 seconds, Stopping threads took: 0.0000840 seconds
230.495: Application time: 0.0882690 seconds
230.495: [GC [PSYoungGen: 38608K->1296K(36352K)] 62470K->25229K(76288K), 0.0006510 secs] [Times: user=0.00 sys=0.00, real=0.00 secs] 
230.496: Total time for which application threads were stopped: 0.0007930 seconds, Stopping threads took: 0.0000720 seconds
230.577: Application time: 0.0815170 seconds
230.577: [GC [PSYoungGen: 35781K->2784K(38912K)] 59715K->26829K(78848K), 0.0010850 secs] [Times: user=0.00 sys=0.00, real=0.00 secs] 
230.578: Total time for which application threads were stopped: 0.0012390 seconds, Stopping threads took: 0.0000830 seconds
230.661: Application time: 0.0831410 seconds
230.662: [GC [PSYoungGen: 37277K->2304K(38912K)] 61323K->26349K(78848K), 0.0008590 secs] [Times: user=0.00 sys=0.00, real=0.00 secs] 
230.663: Total time for which application threads were stopped: 0.0010300 seconds, Stopping threads took: 0.0000890 seconds
230.749: Application time: 0.0867910 seconds
230.749: [GC [PSYoungGen: 36801K->768K(35328K)] 60847K->24813K(75264K), 0.0004840 secs] [Times: user=0.00 sys=0.00, real=0.00 secs] 
230.750: Total time for which application threads were stopped: 0.0006430 seconds, Stopping threads took: 0.0001010 seconds
230.829: Application time: 0.0794480 seconds
230.830: [GC [PSYoungGen: 34815K->2272K(36352K)] 58861K->26317K(76288K), 0.0009090 secs] [Times: user=0.00 sys=0.00, real=0.00 secs] 
230.830: Total time for which application threads were stopped: 0.0010710 seconds, Stopping threads took: 0.0000920 seconds
230.913: Application time: 0.0829540 seconds
230.914: [GC [PSYoungGen: 35893K->1792K(35328K)] 59939K->25886K(75264K), 0.0007510 secs] [Times: user=0.00 sys=0.00, real=0.00 secs] 
230.914: Total time for which application threads were stopped: 0.0008930 seconds, Stopping threads took: 0.0000760 seconds
230.996: Application time: 0.0812170 seconds
230.996: [GC [PSYoungGen: 34819K->1792K(34816K)] 58913K->25974K(74752K), 0.0008170 secs] [Times: user=0.00 sys=0.00, real=0.00 secs] 
230.997: Total time for which application threads were stopped: 0.0009500 seconds, Stopping threads took: 0.0000710 seconds
231.075: Application time: 0.0785490 seconds
231.075: [GC [PSYoungGen: 34381K->1760K(34304K)] 58563K->25982K(74240K), 0.0008680 secs] [Times: user=0.00 sys=0.00, real=0.00 secs] 
231.076: Total time for which application threads were stopped: 0.0010330 seconds, Stopping threads took: 0.0000960 seconds
231.154: Application time: 0.0780980 seconds
231.154: [GC [PSYoungGen: 33829K->2336K(34304K)] 58051K->26634K(74240K), 0.0010310 secs] [Times: user=0.01 sys=0.00, real=0.01 secs] 
231.155: Total time for which application threads were stopped: 0.0011770 seconds, Stopping threads took: 0.0000780 seconds
231.231: Application time: 0.0755180 seconds
231.231: [GC [PSYoungGen: 33737K->2272K(36352K)] 58035K->26646K(76288K), 0.0009300 secs] [Times: user=0.00 sys=0.00, real=0.00 secs] 
231.232: Total time for which application threads were stopped: 0.0010700 seconds, Stopping threads took: 0.0000590 seconds
231.313: Application time: 0.0811190 seconds
231.313: [GC [PSYoungGen: 35213K->2816K(36864K)] 59587K->27190K(76800K), 0.0010640 secs] [Times: user=0.01 sys=0.00, real=0.00 secs] 
231.314: Total time for which application threads were stopped: 0.0012390 seconds, Stopping threads took: 0.0001070 seconds
231.398: Application time: 0.0832830 seconds
231.398: [GC [PSYoungGen: 35777K->224K(33280K)] 60152K->24598K(73216K), 0.0004100 secs] [Times: user=0.01 sys=0.00, real=0.00 secs] 
231.398: Total time for which application threads were stopped: 0.0005290 seconds, Stopping threads took: 0.0000610 seconds
231.476: Application time: 0.0777080 seconds
231.476: [GC [PSYoungGen: 32725K->1728K(36352K)] 57099K->26102K(76288K), 0.0008020 secs] [Times: user=0.00 sys=0.00, real=0.00 secs] 
231.477: Total time for which application threads were stopped: 0.0010190 seconds, Stopping threads took: 0.0001480 seconds
231.555: Application time: 0.0777880 seconds
231.555: [GC [PSYoungGen: 33799K->1792K(33792K)] 58173K->26214K(73728K), 0.0006820 secs] [Times: user=0.01 sys=0.00, real=0.00 secs] 
231.555: Total time for which application threads were stopped: 0.0008270 seconds, Stopping threads took: 0.0000780 seconds
231.633: Application time: 0.0776600 seconds
231.633: [GC [PSYoungGen: 33277K->1248K(32768K)] 57699K->25766K(72704K), 0.0006610 secs] [Times: user=0.00 sys=0.00, real=0.00 secs] 
231.634: Total time for which application threads were stopped: 0.0008060 seconds, Stopping threads took: 0.0000720 seconds
231.709: Application time: 0.0746710 seconds
231.709: [GC [PSYoungGen: 32277K->2816K(37376K)] 56795K->27382K(77312K), 0.0011180 secs] [Times: user=0.01 sys=0.00, real=0.00 secs] 
231.710: Total time for which application threads were stopped: 0.0012620 seconds, Stopping threads took: 0.0000720 seconds
231.794: Application time: 0.0836470 seconds
231.794: [GC [PSYoungGen: 36364K->1248K(34816K)] 60930K->25902K(74752K), 0.0006550 secs] [Times: user=0.01 sys=0.00, real=0.00 secs] 
231.794: Total time for which application threads were stopped: 0.0008010 seconds, Stopping threads took: 0.0000730 seconds
231.874: Application time: 0.0799560 seconds
231.874: [GC [PSYoungGen: 34273K->1792K(35840K)] 58927K->26494K(75776K), 0.0008260 secs] [Times: user=0.00 sys=0.00, real=0.01 secs] 
231.875: Total time for which application threads were stopped: 0.0009750 seconds, Stopping threads took: 0.0000770 seconds
231.955: Application time: 0.0800720 seconds
231.956: [GC [PSYoungGen: 34223K->1248K(33792K)] 58925K->26014K(73728K), 0.0006250 secs] [Times: user=0.00 sys=0.00, real=0.00 secs] 
231.956: Total time for which application threads were stopped: 0.0008270 seconds, Stopping threads took: 0.0001340 seconds
232.033: Application time: 0.0768930 seconds
232.033: [GC [PSYoungGen: 33163K->2272K(34816K)] 57929K->27038K(74752K), 0.0009150 secs] [Times: user=0.00 sys=0.00, real=0.00 secs] 
232.034: Total time for which application threads were stopped: 0.0010490 seconds, Stopping threads took: 0.0000660 seconds
232.114: Application time: 0.0794540 seconds
232.114: [GC [PSYoungGen: 33681K->704K(32256K)] 58447K->25470K(72192K), 0.0004610 secs] [Times: user=0.00 sys=0.00, real=0.00 secs] 
232.114: Total time for which application threads were stopped: 0.0006390 seconds, Stopping threads took: 0.0001190 seconds
232.186: Application time: 0.0720700 seconds
232.186: [GC [PSYoungGen: 31728K->3360K(34304K)] 56495K->28126K(74240K), 0.0013000 secs] [Times: user=0.00 sys=0.00, real=0.01 secs] 
232.188: Total time for which application threads were stopped: 0.0014530 seconds, Stopping threads took: 0.0000770 seconds
232.265: Application time: 0.0767660 seconds
232.265: [GC [PSYoungGen: 33901K->1248K(31744K)] 58668K->26098K(71680K), 0.0006570 secs] [Times: user=0.00 sys=0.00, real=0.00 secs] 
232.265: Total time for which application threads were stopped: 0.0007870 seconds, Stopping threads took: 0.0000660 seconds
232.338: Application time: 0.0724110 seconds
232.338: [GC [PSYoungGen: 31100K->1216K(33280K)] 55951K->26146K(73216K), 0.0006080 secs] [Times: user=0.00 sys=0.00, real=0.00 secs] 
232.338: Total time for which application threads were stopped: 0.0007420 seconds, Stopping threads took: 0.0000600 seconds
232.409: Application time: 0.0707200 seconds
232.409: [GC [PSYoungGen: 30780K->2320K(33792K)] 55711K->27250K(73728K), 0.0009450 secs] [Times: user=0.01 sys=0.00, real=0.00 secs] 
232.410: Total time for which application threads were stopped: 0.0010750 seconds, Stopping threads took: 0.0000620 seconds
232.481: Application time: 0.0704330 seconds
232.481: [GC [PSYoungGen: 31734K->2240K(39936K)] 56665K->27282K(79872K), 0.0008390 secs] [Times: user=0.00 sys=0.00, real=0.00 secs] 
232.482: Total time for which application threads were stopped: 0.0009760 seconds, Stopping threads took: 0.0000650 seconds
232.571: Application time: 0.0889790 seconds
232.571: [GC [PSYoungGen: 37763K->1216K(36864K)] 62806K->26314K(76800K), 0.0006240 secs] [Times: user=0.00 sys=0.00, real=0.00 secs] 
232.571: Total time for which application threads were stopped: 0.0008180 seconds, Stopping threads took: 0.0001270 seconds
232.654: Application time: 0.0830230 seconds
232.655: [GC [PSYoungGen: 36217K->2304K(37888K)] 61316K->27402K(77824K), 0.0008560 secs] [Times: user=0.01 sys=0.00, real=0.01 secs] 
232.656: Total time for which application threads were stopped: 0.0010040 seconds, Stopping threads took: 0.0000740 seconds
232.742: Application time: 0.0868200 seconds
232.742: [GC [PSYoungGen: 36803K->224K(37888K)] 61902K->25322K(77824K), 0.0003830 secs] [Times: user=0.01 sys=0.00, real=0.00 secs] 
232.743: Total time for which application threads were stopped: 0.0005070 seconds, Stopping threads took: 0.0000610 seconds
232.825: Application time: 0.0820370 seconds
232.825: [GC [PSYoungGen: 34350K->1792K(36352K)] 59448K->26890K(76288K), 0.0007770 secs] [Times: user=0.00 sys=0.00, real=0.00 secs] 
232.826: Total time for which application threads were stopped: 0.0009100 seconds, Stopping threads took: 0.0000670 seconds
232.907: Application time: 0.0809900 seconds
232.907: [GC [PSYoungGen: 35410K->2304K(35840K)] 60508K->27482K(75776K), 0.0009690 secs] [Times: user=0.01 sys=0.00, real=0.00 secs] 
232.908: Total time for which application threads were stopped: 0.0011230 seconds, Stopping threads took: 0.0000730 seconds
232.990: Application time: 0.0819160 seconds
232.990: [GC [PSYoungGen: 35335K->1248K(35840K)] 60514K->26498K(75776K), 0.0006190 secs] [Times: user=0.00 sys=0.00, real=0.00 secs] 
232.991: Total time for which application threads were stopped: 0.0007460 seconds, Stopping threads took: 0.0000640 seconds
233.069: Application time: 0.0785110 seconds
233.069: [GC [PSYoungGen: 33833K->1808K(34304K)] 59084K->27098K(74240K), 0.0007910 secs] [Times: user=0.01 sys=0.00, real=0.00 secs] 
233.070: Total time for which application threads were stopped: 0.0009400 seconds, Stopping threads took: 0.0000830 seconds
233.147: Application time: 0.0773720 seconds
233.148: [GC [PSYoungGen: 33799K->2304K(34816K)] 59090K->27683K(74752K), 0.0009340 secs] [Times: user=0.01 sys=0.00, real=0.00 secs] 
233.148: Total time for which application threads were stopped: 0.0010960 seconds, Stopping threads took: 0.0000890 seconds
233.225: Application time: 0.0764440 seconds
233.225: [GC [PSYoungGen: 33705K->2272K(33792K)] 59084K->27691K(73728K), 0.0009290 secs] [Times: user=0.01 sys=0.00, real=0.00 secs] 
233.226: Total time for which application threads were stopped: 0.0010730 seconds, Stopping threads took: 0.0000760 seconds
233.303: Application time: 0.0765070 seconds
233.303: [GC [PSYoungGen: 33165K->1184K(33792K)] 58584K->26603K(73728K), 0.0006100 secs] [Times: user=0.00 sys=0.00, real=0.00 secs] 
233.303: Total time for which application threads were stopped: 0.0007440 seconds, Stopping threads took: 0.0000700 seconds
233.375: Application time: 0.0722290 seconds
233.376: [GC [PSYoungGen: 31540K->2816K(34304K)] 56959K->28235K(74240K), 0.0010690 secs] [Times: user=0.00 sys=0.00, real=0.00 secs] 
233.377: Total time for which application threads were stopped: 0.0012170 seconds, Stopping threads took: 0.0000750 seconds
233.452: Application time: 0.0752370 seconds
233.452: [GC [PSYoungGen: 33275K->1280K(31744K)] 58694K->26699K(71680K), 0.0006070 secs] [Times: user=0.00 sys=0.00, real=0.00 secs] 
233.453: Total time for which application threads were stopped: 0.0007300 seconds, Stopping threads took: 0.0000550 seconds
233.527: Application time: 0.0740690 seconds
233.527: [GC [PSYoungGen: 31367K->1808K(31744K)] 56786K->27275K(71680K), 0.0008090 secs] [Times: user=0.01 sys=0.00, real=0.00 secs] 
233.528: Total time for which application threads were stopped: 0.0009450 seconds, Stopping threads took: 0.0000660 seconds
233.599: Application time: 0.0709530 seconds
233.599: [GC [PSYoungGen: 31140K->2272K(37888K)] 56607K->27847K(77824K), 0.0008510 secs] [Times: user=0.01 sys=0.00, real=0.00 secs] 
233.600: Total time for which application threads were stopped: 0.0009980 seconds, Stopping threads took: 0.0000730 seconds
233.684: Application time: 0.0847230 seconds
233.684: [GC [PSYoungGen: 36410K->1280K(35328K)] 61985K->26855K(75264K), 0.0006820 secs] [Times: user=0.01 sys=0.00, real=0.00 secs] 
233.685: Total time for which application threads were stopped: 0.0008210 seconds, Stopping threads took: 0.0000700 seconds
233.767: Application time: 0.0816850 seconds
233.767: [GC [PSYoungGen: 34819K->1776K(36352K)] 60394K->27447K(76288K), 0.0007920 secs] [Times: user=0.00 sys=0.00, real=0.00 secs] 
233.768: Total time for which application threads were stopped: 0.0009480 seconds, Stopping threads took: 0.0000820 seconds
233.847: Application time: 0.0795010 seconds
233.847: [GC [PSYoungGen: 34795K->2784K(36864K)] 60466K->28503K(76800K), 0.0011270 secs] [Times: user=0.01 sys=0.00, real=0.00 secs] 
233.849: Total time for which application threads were stopped: 0.0017650 seconds, Stopping threads took: 0.0000760 seconds
233.929: Application time: 0.0797930 seconds
233.929: [GC [PSYoungGen: 35735K->2304K(35328K)] 61454K->28079K(75264K), 0.0007740 secs] [Times: user=0.00 sys=0.00, real=0.00 secs] 
233.930: Total time for which application threads were stopped: 0.0009240 seconds, Stopping threads took: 0.0000850 seconds
234.010: Application time: 0.0796950 seconds
234.010: [GC [PSYoungGen: 34739K->1760K(34304K)] 60514K->27535K(74240K), 0.0007950 secs] [Times: user=0.01 sys=0.00, real=0.00 secs] 
234.010: Total time for which application threads were stopped: 0.0009660 seconds, Stopping threads took: 0.0000940 seconds
234.088: Application time: 0.0776890 seconds
234.088: [GC [PSYoungGen: 33755K->1792K(33792K)] 59530K->27567K(73728K), 0.0006620 secs] [Times: user=0.00 sys=0.00, real=0.00 secs] 
234.089: Total time for which application threads were stopped: 0.0007920 seconds, Stopping threads took: 0.0000670 seconds
234.165: Application time: 0.0764330 seconds
234.166: [GC [PSYoungGen: 33345K->2288K(33792K)] 59120K->28111K(73728K), 0.0009530 secs] [Times: user=0.00 sys=0.00, real=0.00 secs] 
234.167: Total time for which application threads were stopped: 0.0010960 seconds, Stopping threads took: 0.0000740 seconds
234.242: Application time: 0.0753070 seconds
234.242: [GC [PSYoungGen: 33251K->2272K(37888K)] 59074K->28171K(77824K), 0.0009230 secs] [Times: user=0.00 sys=0.00, real=0.00 secs] 
234.243: Total time for which application threads were stopped: 0.0010840 seconds, Stopping threads took: 0.0000880 seconds
234.327: Application time: 0.0845390 seconds
234.328: [GC [PSYoungGen: 36926K->768K(35328K)] 62825K->26715K(75264K), 0.0004890 secs] [Times: user=0.00 sys=0.00, real=0.00 secs] 
234.328: Total time for which application threads were stopped: 0.0006620 seconds, Stopping threads took: 0.0001080 seconds
234.410: Application time: 0.0817360 seconds
234.410: [GC [PSYoungGen: 34819K->1760K(36864K)] 60767K->27787K(76800K), 0.0008100 secs] [Times: user=0.01 sys=0.00, real=0.00 secs] 
234.411: Total time for which application threads were stopped: 0.0009520 seconds, Stopping threads took: 0.0000780 seconds
234.493: Application time: 0.0820740 seconds
234.493: [GC [PSYoungGen: 35303K->1248K(34816K)] 61331K->27331K(74752K), 0.0006360 secs] [Times: user=0.00 sys=0.00, real=0.00 secs] 
234.494: Total time for which application threads were stopped: 0.0007700 seconds, Stopping threads took: 0.0000700 seconds
234.575: Application time: 0.0811990 seconds
234.575: [GC [PSYoungGen: 34191K->1792K(34816K)] 60274K->27939K(74752K), 0.0008170 secs] [Times: user=0.00 sys=0.00, real=0.00 secs] 
234.576: Total time for which application threads were stopped: 0.0009680 seconds, Stopping threads took: 0.0000730 seconds
234.654: Application time: 0.0782250 seconds
234.654: [GC [PSYoungGen: 34229K->1248K(33792K)] 60377K->27395K(73728K), 0.0006730 secs] [Times: user=0.00 sys=0.00, real=0.01 secs] 
234.655: Total time for which application threads were stopped: 0.0008170 seconds, Stopping threads took: 0.0000800 seconds
234.732: Application time: 0.0773350 seconds
234.732: [GC [PSYoungGen: 33235K->2304K(34304K)] 59382K->28451K(74240K), 0.0009610 secs] [Times: user=0.01 sys=0.00, real=0.00 secs] 
234.733: Total time for which application threads were stopped: 0.0011520 seconds, Stopping threads took: 0.0001200 seconds
234.810: Application time: 0.0765320 seconds
234.810: [GC [PSYoungGen: 33861K->2272K(34304K)] 60009K->28467K(74240K), 0.0009200 secs] [Times: user=0.00 sys=0.01, real=0.00 secs] 
234.811: Total time for which application threads were stopped: 0.0010670 seconds, Stopping threads took: 0.0000780 seconds
234.888: Application time: 0.0769260 seconds
234.888: [GC [PSYoungGen: 33243K->1248K(32768K)] 59438K->27531K(72704K), 0.0006550 secs] [Times: user=0.01 sys=0.00, real=0.00 secs] 
234.889: Total time for which application threads were stopped: 0.0007780 seconds, Stopping threads took: 0.0000590 seconds
234.962: Application time: 0.0733430 seconds
234.962: [GC [PSYoungGen: 31686K->2304K(33280K)] 57970K->28627K(73216K), 0.0008870 secs] [Times: user=0.01 sys=0.00, real=0.00 secs] 
234.963: Total time for which application threads were stopped: 0.0010330 seconds, Stopping threads took: 0.0000780 seconds
235.037: Application time: 0.0736810 seconds
235.037: [GC [PSYoungGen: 32238K->1792K(31744K)] 58562K->28163K(71680K), 0.0007920 secs] [Times: user=0.01 sys=0.00, real=0.00 secs] 
235.038: Total time for which application threads were stopped: 0.0009430 seconds, Stopping threads took: 0.0000820 seconds
235.110: Application time: 0.0725890 seconds
235.110: [GC [PSYoungGen: 31208K->1760K(31232K)] 57580K->28179K(71168K), 0.0007320 secs] [Times: user=0.01 sys=0.00, real=0.00 secs] 
235.111: Total time for which application threads were stopped: 0.0008780 seconds, Stopping threads took: 0.0000740 seconds
235.181: Application time: 0.0697320 seconds
235.181: [GC [PSYoungGen: 30658K->1760K(31232K)] 57078K->28227K(71168K), 0.0008620 secs] [Times: user=0.00 sys=0.00, real=0.00 secs] 
235.182: Total time for which application threads were stopped: 0.0009980 seconds, Stopping threads took: 0.0000690 seconds
235.251: Application time: 0.0691140 seconds
235.251: [GC [PSYoungGen: 30068K->1216K(29696K)] 56536K->27739K(69632K), 0.0006200 secs] [Times: user=0.01 sys=0.00, real=0.00 secs] 
235.252: Total time for which application threads were stopped: 0.0007680 seconds, Stopping threads took: 0.0000770 seconds
235.316: Application time: 0.0645340 seconds
235.316: [GC [PSYoungGen: 29000K->2784K(30720K)] 55523K->29819K(70656K), 0.0012140 secs] [Times: user=0.01 sys=0.00, real=0.00 secs] 
235.318: Total time for which application threads were stopped: 0.0013610 seconds, Stopping threads took: 0.0000730 seconds
235.386: Application time: 0.0684680 seconds
235.386: [GC [PSYoungGen: 30146K->1760K(31232K)] 57182K->28795K(71168K), 0.0007490 secs] [Times: user=0.00 sys=0.01, real=0.01 secs] 
235.387: Total time for which application threads were stopped: 0.0008910 seconds, Stopping threads took: 0.0000760 seconds
235.454: Application time: 0.0668740 seconds
235.454: [GC [PSYoungGen: 29198K->768K(36352K)] 56234K->27851K(76288K), 0.0005480 secs] [Times: user=0.00 sys=0.00, real=0.00 secs] 
235.455: Total time for which application threads were stopped: 0.0006780 seconds, Stopping threads took: 0.0000710 seconds
235.533: Application time: 0.0787400 seconds
235.533: [GC [PSYoungGen: 33791K->1264K(34304K)] 60875K->28435K(74240K), 0.0006190 secs] [Times: user=0.00 sys=0.00, real=0.00 secs] 
235.534: Total time for which application threads were stopped: 0.0007380 seconds, Stopping threads took: 0.0000590 seconds
235.611: Application time: 0.0771990 seconds
235.611: [GC [PSYoungGen: 33767K->2304K(35328K)] 60939K->29523K(75264K), 0.0008430 secs] [Times: user=0.00 sys=0.00, real=0.00 secs] 
235.612: Total time for which application threads were stopped: 0.0009950 seconds, Stopping threads took: 0.0000710 seconds
235.690: Application time: 0.0779460 seconds
235.690: [GC [PSYoungGen: 34303K->1728K(33792K)] 61523K->28995K(73728K), 0.0007810 secs] [Times: user=0.00 sys=0.00, real=0.00 secs] 
235.691: Total time for which application threads were stopped: 0.0009420 seconds, Stopping threads took: 0.0000880 seconds
235.769: Application time: 0.0776020 seconds
235.769: [GC [PSYoungGen: 33297K->192K(34304K)] 60565K->27507K(74240K), 0.0004000 secs] [Times: user=0.00 sys=0.00, real=0.00 secs] 
235.769: Total time for which application threads were stopped: 0.0005220 seconds, Stopping threads took: 0.0000660 seconds
235.840: Application time: 0.0711750 seconds
235.841: [GC [PSYoungGen: 31060K->2272K(33280K)] 58376K->29668K(73216K), 0.0009020 secs] [Times: user=0.01 sys=0.00, real=0.00 secs] 
235.842: Total time for which application threads were stopped: 0.0010530 seconds, Stopping threads took: 0.0000760 seconds
235.917: Application time: 0.0752160 seconds
235.917: [GC [PSYoungGen: 32644K->1760K(33280K)] 60041K->29156K(73216K), 0.0006800 secs] [Times: user=0.00 sys=0.00, real=0.00 secs] 
235.918: Total time for which application threads were stopped: 0.0008440 seconds, Stopping threads took: 0.0001000 seconds
235.989: Application time: 0.0714090 seconds
235.989: [GC [PSYoungGen: 31612K->1760K(31744K)] 59008K->29156K(71680K), 0.0008040 secs] [Times: user=0.00 sys=0.00, real=0.00 secs] 
235.990: Total time for which application threads were stopped: 0.0009390 seconds, Stopping threads took: 0.0000700 seconds
236.061: Application time: 0.0711820 seconds
236.061: [GC [PSYoungGen: 31252K->1792K(31744K)] 58648K->29188K(71680K), 0.0007950 secs] [Times: user=0.00 sys=0.00, real=0.00 secs] 
236.062: Total time for which application threads were stopped: 0.0009690 seconds, Stopping threads took: 0.0001080 seconds
236.132: Application time: 0.0699580 seconds
236.132: [GC [PSYoungGen: 30773K->736K(29696K)] 58169K->28216K(69632K), 0.0005350 secs] [Times: user=0.00 sys=0.00, real=0.00 secs] 
236.133: Total time for which application threads were stopped: 0.0007570 seconds, Stopping threads took: 0.0001550 seconds
236.202: Application time: 0.0696490 seconds
236.203: [GC [PSYoungGen: 29122K->704K(30720K)] 56602K->28280K(70656K), 0.0005320 secs] [Times: user=0.00 sys=0.00, real=0.00 secs] 
236.203: Total time for which application threads were stopped: 0.0006550 seconds, Stopping threads took: 0.0000620 seconds
236.267: Application time: 0.0635290 seconds
236.267: [GC [PSYoungGen: 28564K->2784K(31232K)] 56140K->30400K(71168K), 0.0011330 secs] [Times: user=0.00 sys=0.00, real=0.00 secs] 
236.268: Total time for which application threads were stopped: 0.0013220 seconds, Stopping threads took: 0.0001160 seconds
236.338: Application time: 0.0696720 seconds
236.338: [GC [PSYoungGen: 30580K->2272K(37376K)] 58196K->29944K(77312K), 0.0007970 secs] [Times: user=0.00 sys=0.00, real=0.00 secs] 
236.339: Total time for which application threads were stopped: 0.0009360 seconds, Stopping threads took: 0.0000710 seconds
236.419: Application time: 0.0802900 seconds
236.419: [GC [PSYoungGen: 35811K->1728K(37376K)] 63483K->29400K(77312K), 0.0007730 secs] [Times: user=0.00 sys=0.00, real=0.00 secs] 
236.420: Total time for which application threads were stopped: 0.0009400 seconds, Stopping threads took: 0.0001020 seconds
236.500: Application time: 0.0798620 seconds
236.500: [GC [PSYoungGen: 35269K->2272K(35840K)] 62941K->29992K(75776K), 0.0007930 secs] [Times: user=0.00 sys=0.00, real=0.00 secs] 
236.501: Total time for which application threads were stopped: 0.0009380 seconds, Stopping threads took: 0.0000750 seconds
236.581: Application time: 0.0801720 seconds
236.581: [GC [PSYoungGen: 35221K->2272K(35328K)] 62941K->30048K(75264K), 0.0008400 secs] [Times: user=0.01 sys=0.00, real=0.00 secs] 
236.582: Total time for which application threads were stopped: 0.0009970 seconds, Stopping threads took: 0.0000870 seconds
236.661: Application time: 0.0793200 seconds
236.661: [GC [PSYoungGen: 34783K->2272K(34816K)] 62559K->30048K(74752K), 0.0008530 secs] [Times: user=0.01 sys=0.00, real=0.00 secs] 
236.662: Total time for which application threads were stopped: 0.0010080 seconds, Stopping threads took: 0.0000740 seconds
236.740: Application time: 0.0781240 seconds
236.740: [GC [PSYoungGen: 34354K->1280K(33280K)] 62130K->29104K(73216K), 0.0007200 secs] [Times: user=0.01 sys=0.00, real=0.00 secs] 
236.741: Total time for which application threads were stopped: 0.0008720 seconds, Stopping threads took: 0.0000790 seconds
236.815: Application time: 0.0741560 seconds
236.815: [GC [PSYoungGen: 32751K->2304K(33792K)] 60575K->30208K(73728K), 0.0009530 secs] [Times: user=0.00 sys=0.00, real=0.00 secs] 
236.816: Total time for which application threads were stopped: 0.0010880 seconds, Stopping threads took: 0.0000630 seconds
236.892: Application time: 0.0759960 seconds
236.892: [GC [PSYoungGen: 33275K->1280K(32256K)] 61179K->29232K(72192K), 0.0007320 secs] [Times: user=0.00 sys=0.00, real=0.00 secs] 
236.893: Total time for which application threads were stopped: 0.0008600 seconds, Stopping threads took: 0.0000640 seconds
236.966: Application time: 0.0726800 seconds
236.966: [GC [PSYoungGen: 31718K->2304K(32768K)] 59671K->30304K(72704K), 0.0009240 secs] [Times: user=0.00 sys=0.01, real=0.01 secs] 
236.967: Total time for which application threads were stopped: 0.0010670 seconds, Stopping threads took: 0.0000710 seconds
237.040: Application time: 0.0725910 seconds
237.040: [GC [PSYoungGen: 32235K->1760K(31744K)] 60235K->29816K(71680K), 0.0008380 secs] [Times: user=0.00 sys=0.00, real=0.00 secs] 
237.041: Total time for which application threads were stopped: 0.0010310 seconds, Stopping threads took: 0.0001280 seconds
237.111: Application time: 0.0707880 seconds
237.111: [GC [PSYoungGen: 31176K->1760K(31232K)] 59233K->29872K(71168K), 0.0007440 secs] [Times: user=0.00 sys=0.00, real=0.00 secs] 
237.112: Total time for which application threads were stopped: 0.0008740 seconds, Stopping threads took: 0.0000660 seconds
237.183: Application time: 0.0710100 seconds
237.187: [GC [PSYoungGen: 30580K->1792K(30720K)] 58692K->29960K(70656K), 0.0008190 secs] [Times: user=0.00 sys=0.00, real=0.00 secs] 
237.188: Total time for which application threads were stopped: 0.0043620 seconds, Stopping threads took: 0.0034620 seconds
237.256: Application time: 0.0683640 seconds
237.256: [GC [PSYoungGen: 30100K->1280K(30720K)] 58268K->29448K(70656K), 0.0006220 secs] [Times: user=0.00 sys=0.00, real=0.00 secs] 
237.257: Total time for which application threads were stopped: 0.0007660 seconds, Stopping threads took: 0.0000810 seconds
237.325: Application time: 0.0684500 seconds
237.325: [GC [PSYoungGen: 29228K->1216K(29184K)] 57397K->29384K(69120K), 0.0006400 secs] [Times: user=0.00 sys=0.00, real=0.00 secs] 
237.326: Total time for which application threads were stopped: 0.0007760 seconds, Stopping threads took: 0.0000730 seconds
237.390: Application time: 0.0639100 seconds
237.390: [GC [PSYoungGen: 28568K->2272K(30720K)] 56736K->30524K(70656K), 0.0009640 secs] [Times: user=0.01 sys=0.00, real=0.00 secs] 
237.391: Total time for which application threads were stopped: 0.0011020 seconds, Stopping threads took: 0.0000620 seconds
237.459: Application time: 0.0682320 seconds
237.459: [GC [PSYoungGen: 29630K->1792K(30720K)] 57883K->30092K(70656K), 0.0007620 secs] [Times: user=0.00 sys=0.00, real=0.00 secs] 
237.460: Total time for which application threads were stopped: 0.0009090 seconds, Stopping threads took: 0.0000810 seconds
237.527: Application time: 0.0667200 seconds
237.527: [GC [PSYoungGen: 29150K->1248K(28672K)] 57450K->29604K(68608K), 0.0005850 secs] [Times: user=0.01 sys=0.00, real=0.00 secs] 
237.528: Total time for which application threads were stopped: 0.0007070 seconds, Stopping threads took: 0.0000570 seconds
237.594: Application time: 0.0659700 seconds
237.594: [GC [PSYoungGen: 28088K->1792K(34816K)] 56444K->30196K(74752K), 0.0007740 secs] [Times: user=0.00 sys=0.00, real=0.00 secs] 
237.594: Total time for which application threads were stopped: 0.0009070 seconds, Stopping threads took: 0.0000640 seconds
237.672: Application time: 0.0772390 seconds
237.672: [GC [PSYoungGen: 33279K->752K(32768K)] 61684K->29220K(72704K), 0.0005390 secs] [Times: user=0.00 sys=0.00, real=0.00 secs] 
237.672: Total time for which application threads were stopped: 0.0006700 seconds, Stopping threads took: 0.0000630 seconds
237.748: Application time: 0.0754280 seconds
237.748: [GC [PSYoungGen: 31710K->1216K(32256K)] 60179K->29732K(72192K), 0.0006520 secs] [Times: user=0.00 sys=0.00, real=0.00 secs] 
237.749: Total time for which application threads were stopped: 0.0007960 seconds, Stopping threads took: 0.0000680 seconds
237.820: Application time: 0.0718890 seconds
237.821: [GC [PSYoungGen: 31574K->2304K(32768K)] 60091K->30868K(72704K), 0.0008260 secs] [Times: user=0.00 sys=0.00, real=0.00 secs] 
237.822: Total time for which application threads were stopped: 0.0010240 seconds, Stopping threads took: 0.0001340 seconds
237.896: Application time: 0.0746370 seconds
237.896: [GC [PSYoungGen: 32162K->1728K(31744K)] 60727K->30292K(71680K), 0.0008150 secs] [Times: user=0.00 sys=0.00, real=0.00 secs] 
237.897: Total time for which application threads were stopped: 0.0009500 seconds, Stopping threads took: 0.0000700 seconds
237.968: Application time: 0.0710880 seconds
237.968: [GC [PSYoungGen: 31190K->1792K(31744K)] 59755K->30356K(71680K), 0.0007930 secs] [Times: user=0.01 sys=0.00, real=0.00 secs] 
237.969: Total time for which application threads were stopped: 0.0009440 seconds, Stopping threads took: 0.0000800 seconds
238.038: Application time: 0.0693540 seconds
238.039: [GC [PSYoungGen: 30642K->1792K(30720K)] 59207K->30404K(70656K), 0.0007830 secs] [Times: user=0.00 sys=0.00, real=0.00 secs] 
238.039: Total time for which application threads were stopped: 0.0009300 seconds, Stopping threads took: 0.0000800 seconds
238.108: Application time: 0.0686340 seconds
238.108: [GC [PSYoungGen: 30252K->2304K(31744K)] 58865K->30956K(71680K), 0.0009300 secs] [Times: user=0.00 sys=0.00, real=0.00 secs] 
238.109: Total time for which application threads were stopped: 0.0010700 seconds, Stopping threads took: 0.0000690 seconds
238.178: Application time: 0.0686720 seconds
238.178: [GC [PSYoungGen: 30686K->2816K(31744K)] 59339K->31533K(71680K), 0.0011080 secs] [Times: user=0.01 sys=0.00, real=0.00 secs] 
238.179: Total time for which application threads were stopped: 0.0012540 seconds, Stopping threads took: 0.0000710 seconds
238.249: Application time: 0.0699590 seconds
238.249: [GC [PSYoungGen: 31202K->2304K(38400K)] 59919K->31069K(78336K), 0.0008040 secs] [Times: user=0.00 sys=0.00, real=0.00 secs] 
238.250: Total time for which application threads were stopped: 0.0009520 seconds, Stopping threads took: 0.0000730 seconds
238.334: Application time: 0.0836620 seconds
238.334: [GC [PSYoungGen: 36874K->2304K(38400K)] 65639K->31117K(78336K), 0.0008230 secs] [Times: user=0.00 sys=0.00, real=0.00 secs] 
238.335: Total time for which application threads were stopped: 0.0009670 seconds, Stopping threads took: 0.0000740 seconds
238.417: Application time: 0.0828330 seconds
238.418: [GC [PSYoungGen: 36871K->2816K(45568K)] 65684K->31677K(85504K), 0.0008810 secs] [Times: user=0.00 sys=0.00, real=0.00 secs] 
238.418: Total time for which application threads were stopped: 0.0010190 seconds, Stopping threads took: 0.0000720 seconds
238.521: Application time: 0.1020690 seconds
238.521: [GC [PSYoungGen: 44508K->1216K(42496K)] 73369K->30133K(82432K), 0.0006370 secs] [Times: user=0.00 sys=0.00, real=0.00 secs] 
238.521: Total time for which application threads were stopped: 0.0007810 seconds, Stopping threads took: 0.0000770 seconds
238.621: Application time: 0.0996420 seconds
238.621: [GC [PSYoungGen: 42033K->1792K(42496K)] 70950K->30709K(82432K), 0.0007810 secs] [Times: user=0.00 sys=0.00, real=0.00 secs] 
238.622: Total time for which application threads were stopped: 0.0009240 seconds, Stopping threads took: 0.0000770 seconds
238.718: Application time: 0.0963220 seconds
238.718: [GC [PSYoungGen: 41582K->1280K(40448K)] 70499K->30277K(80384K), 0.0007080 secs] [Times: user=0.00 sys=0.00, real=0.00 secs] 
238.719: Total time for which application threads were stopped: 0.0008500 seconds, Stopping threads took: 0.0000730 seconds
238.813: Application time: 0.0938440 seconds
238.813: [GC [PSYoungGen: 39960K->1792K(40448K)] 68957K->30885K(80384K), 0.0007660 secs] [Times: user=0.01 sys=0.00, real=0.00 secs] 
238.814: Total time for which application threads were stopped: 0.0009150 seconds, Stopping threads took: 0.0000730 seconds
238.905: Application time: 0.0906710 seconds
238.905: [GC [PSYoungGen: 39446K->1792K(38912K)] 68539K->30933K(78848K), 0.0008640 secs] [Times: user=0.01 sys=0.00, real=0.00 secs] 
238.906: Total time for which application threads were stopped: 0.0017150 seconds, Stopping threads took: 0.0000770 seconds
238.996: Application time: 0.0896560 seconds
238.996: [GC [PSYoungGen: 38418K->1792K(38912K)] 67559K->30981K(78848K), 0.0008540 secs] [Times: user=0.00 sys=0.00, real=0.00 secs] 
238.997: Total time for which application threads were stopped: 0.0009950 seconds, Stopping threads took: 0.0000750 seconds
239.085: Application time: 0.0880480 seconds
239.085: [GC [PSYoungGen: 37904K->1760K(37888K)] 67093K->31005K(77824K), 0.0007780 secs] [Times: user=0.00 sys=0.00, real=0.00 secs] 
239.086: Total time for which application threads were stopped: 0.0009290 seconds, Stopping threads took: 0.0000840 seconds
239.173: Application time: 0.0871330 seconds
239.173: [GC [PSYoungGen: 37283K->736K(37888K)] 66529K->30037K(77824K), 0.0004850 secs] [Times: user=0.00 sys=0.00, real=0.00 secs] 
239.174: Total time for which application threads were stopped: 0.0006180 seconds, Stopping threads took: 0.0000700 seconds
239.257: Application time: 0.0829020 seconds
239.257: [GC [PSYoungGen: 35891K->2288K(37376K)] 65193K->31589K(77312K), 0.0009560 secs] [Times: user=0.01 sys=0.00, real=0.00 secs] 
239.258: Total time for which application threads were stopped: 0.0011010 seconds, Stopping threads took: 0.0000780 seconds
239.341: Application time: 0.0838780 seconds
239.342: [GC [PSYoungGen: 36775K->2784K(37376K)] 66077K->32673K(77312K), 0.0012920 secs] [Times: user=0.01 sys=0.00, real=0.00 secs] 
239.343: Total time for which application threads were stopped: 0.0014540 seconds, Stopping threads took: 0.0000740 seconds
239.428: Application time: 0.0851130 seconds
239.428: [GC [PSYoungGen: 36924K->1760K(35840K)] 66813K->31649K(75776K), 0.0008180 secs] [Times: user=0.00 sys=0.00, real=0.00 secs] 
239.429: Total time for which application threads were stopped: 0.0009530 seconds, Stopping threads took: 0.0000710 seconds
239.509: Application time: 0.0799270 seconds
239.509: [GC [PSYoungGen: 35299K->2272K(37376K)] 65189K->32237K(77312K), 0.0010240 secs] [Times: user=0.01 sys=0.00, real=0.00 secs] 
239.510: Total time for which application threads were stopped: 0.0011700 seconds, Stopping threads took: 0.0000770 seconds
239.593: Application time: 0.0823880 seconds
239.593: [GC [PSYoungGen: 35815K->1760K(37376K)] 65781K->31773K(77312K), 0.0008440 secs] [Times: user=0.01 sys=0.00, real=0.00 secs] 
239.594: Total time for which application threads were stopped: 0.0009900 seconds, Stopping threads took: 0.0000780 seconds
239.675: Application time: 0.0810070 seconds
239.675: [GC [PSYoungGen: 35302K->1776K(35328K)] 65315K->31837K(75264K), 0.0007560 secs] [Times: user=0.00 sys=0.00, real=0.01 secs] 
239.675: Total time for which application threads were stopped: 0.0008990 seconds, Stopping threads took: 0.0000740 seconds
239.754: Application time: 0.0783200 seconds
239.754: [GC [PSYoungGen: 34799K->2304K(35328K)] 64861K->32405K(75264K), 0.0008910 secs] [Times: user=0.01 sys=0.00, real=0.01 secs] 
239.755: Total time for which application threads were stopped: 0.0010400 seconds, Stopping threads took: 0.0000830 seconds
239.833: Application time: 0.0784210 seconds
239.833: [GC [PSYoungGen: 34807K->1696K(41472K)] 64909K->33373K(81408K), 0.0011410 secs] [Times: user=0.00 sys=0.00, real=0.00 secs] 
239.835: Total time for which application threads were stopped: 0.0013050 seconds, Stopping threads took: 0.0000910 seconds
239.932: Application time: 0.0974060 seconds
239.932: [GC [PSYoungGen: 40898K->1792K(42496K)] 72576K->33525K(82432K), 0.0007840 secs] [Times: user=0.01 sys=0.00, real=0.00 secs] 
239.933: Total time for which application threads were stopped: 0.0009380 seconds, Stopping threads took: 0.0000760 seconds
240.027: Application time: 0.0944750 seconds
240.027: [GC [PSYoungGen: 41066K->1792K(40448K)] 72800K->33573K(80384K), 0.0006850 secs] [Times: user=0.01 sys=0.00, real=0.00 secs] 
240.028: Total time for which application threads were stopped: 0.0008160 seconds, Stopping threads took: 0.0000670 seconds
240.121: Application time: 0.0924190 seconds
240.121: [GC [PSYoungGen: 39960K->1760K(39424K)] 71741K->33621K(79360K), 0.0007830 secs] [Times: user=0.01 sys=0.00, real=0.00 secs] 
240.121: Total time for which application threads were stopped: 0.0009210 seconds, Stopping threads took: 0.0000670 seconds
240.210: Application time: 0.0881830 seconds
240.210: [GC [PSYoungGen: 38898K->1728K(38912K)] 70759K->33637K(78848K), 0.0008940 secs] [Times: user=0.01 sys=0.00, real=0.00 secs] 
240.211: Total time for which application threads were stopped: 0.0010460 seconds, Stopping threads took: 0.0000850 seconds
240.301: Application time: 0.0907540 seconds
240.302: [GC [PSYoungGen: 38358K->1280K(37888K)] 70268K->33253K(77824K), 0.0006350 secs] [Times: user=0.00 sys=0.00, real=0.00 secs] 
240.302: Total time for which application threads were stopped: 0.0007620 seconds, Stopping threads took: 0.0000570 seconds
240.388: Application time: 0.0853650 seconds
240.388: [GC [PSYoungGen: 37307K->2784K(38912K)] 69281K->34797K(78848K), 0.0010050 secs] [Times: user=0.01 sys=0.00, real=0.00 secs] 
240.389: Total time for which application threads were stopped: 0.0011380 seconds, Stopping threads took: 0.0000590 seconds
240.476: Application time: 0.0873330 seconds
240.476: [GC [PSYoungGen: 38464K->1696K(37376K)] 70478K->33709K(77312K), 0.0009200 secs] [Times: user=0.00 sys=0.00, real=0.00 secs] 
240.477: Total time for which application threads were stopped: 0.0010640 seconds, Stopping threads took: 0.0000670 seconds
240.565: Application time: 0.0874300 seconds
240.565: [GC [PSYoungGen: 36781K->1248K(36352K)] 68795K->33349K(76288K), 0.0006310 secs] [Times: user=0.00 sys=0.00, real=0.00 secs] 
240.565: Total time for which application threads were stopped: 0.0007570 seconds, Stopping threads took: 0.0000590 seconds
240.647: Application time: 0.0817100 seconds
240.647: [GC [PSYoungGen: 35735K->2304K(36864K)] 67837K->34454K(76800K), 0.0009400 secs] [Times: user=0.00 sys=0.00, real=0.00 secs] 
240.648: Total time for which application threads were stopped: 0.0011300 seconds, Stopping threads took: 0.0001190 seconds
240.731: Application time: 0.0825470 seconds
240.731: [GC [PSYoungGen: 36516K->2320K(36352K)] 68666K->34470K(76288K), 0.0009530 secs] [Times: user=0.01 sys=0.00, real=0.00 secs] 
240.732: Total time for which application threads were stopped: 0.0010940 seconds, Stopping threads took: 0.0000710 seconds
240.815: Application time: 0.0832870 seconds
240.815: [GC [PSYoungGen: 35783K->2240K(35840K)] 67933K->34510K(75776K), 0.0010090 secs] [Times: user=0.01 sys=0.00, real=0.00 secs] 
240.816: Total time for which application threads were stopped: 0.0011420 seconds, Stopping threads took: 0.0000630 seconds
240.897: Application time: 0.0805780 seconds
240.897: [GC [PSYoungGen: 35267K->1280K(40448K)] 67537K->34574K(80384K), 0.0009480 secs] [Times: user=0.01 sys=0.00, real=0.00 secs] 
240.898: Total time for which application threads were stopped: 0.0010920 seconds, Stopping threads took: 0.0000760 seconds
240.992: Application time: 0.0941540 seconds
240.992: [GC [PSYoungGen: 39962K->2272K(40448K)] 73256K->35614K(80384K), 0.0009040 secs] [Times: user=0.00 sys=0.00, real=0.00 secs] 
240.993: Total time for which application threads were stopped: 0.0010910 seconds, Stopping threads took: 0.0001080 seconds
241.086: Application time: 0.0928210 seconds
241.086: [GC [PSYoungGen: 40004K->2272K(39424K)] 73346K->35670K(79360K), 0.0009330 secs] [Times: user=0.00 sys=0.00, real=0.01 secs] 
241.087: Total time for which application threads were stopped: 0.0010860 seconds, Stopping threads took: 0.0000820 seconds
241.177: Application time: 0.0898890 seconds
241.177: [GC [PSYoungGen: 38900K->1760K(38400K)] 72298K->35230K(78336K), 0.0008590 secs] [Times: user=0.00 sys=0.00, real=0.00 secs] 
241.178: Total time for which application threads were stopped: 0.0009940 seconds, Stopping threads took: 0.0000640 seconds
241.266: Application time: 0.0880470 seconds
241.266: [GC [PSYoungGen: 37795K->1184K(38400K)] 71266K->34718K(78336K), 0.0006530 secs] [Times: user=0.01 sys=0.00, real=0.01 secs] 
241.267: Total time for which application threads were stopped: 0.0007900 seconds, Stopping threads took: 0.0000720 seconds
241.354: Application time: 0.0871280 seconds
241.354: [GC [PSYoungGen: 36936K->1792K(37376K)] 70470K->35326K(77312K), 0.0008400 secs] [Times: user=0.00 sys=0.00, real=0.01 secs] 
241.355: Total time for which application threads were stopped: 0.0009870 seconds, Stopping threads took: 0.0000760 seconds
241.440: Application time: 0.0847430 seconds
241.440: [GC [PSYoungGen: 36795K->2240K(37376K)] 70330K->35886K(77312K), 0.0009610 secs] [Times: user=0.01 sys=0.00, real=0.00 secs] 
241.441: Total time for which application threads were stopped: 0.0011040 seconds, Stopping threads took: 0.0000740 seconds
241.527: Application time: 0.0861810 seconds
241.527: [GC [PSYoungGen: 36816K->704K(35328K)] 70462K->34350K(75264K), 0.0004990 secs] [Times: user=0.00 sys=0.00, real=0.00 secs] 
241.528: Total time for which application threads were stopped: 0.0007170 seconds, Stopping threads took: 0.0001440 seconds
241.608: Application time: 0.0801790 seconds
241.608: [GC [PSYoungGen: 34755K->1728K(36352K)] 68402K->35422K(76288K), 0.0008530 secs] [Times: user=0.00 sys=0.00, real=0.00 secs] 
241.609: Total time for which application threads were stopped: 0.0010000 seconds, Stopping threads took: 0.0000760 seconds
241.690: Application time: 0.0811340 seconds
241.690: [GC [PSYoungGen: 35189K->2208K(35840K)] 68884K->35942K(75776K), 0.0009920 secs] [Times: user=0.01 sys=0.00, real=0.00 secs] 
241.691: Total time for which application threads were stopped: 0.0011420 seconds, Stopping threads took: 0.0000780 seconds
241.773: Application time: 0.0818680 seconds
241.773: [GC [PSYoungGen: 35307K->2304K(35328K)] 69042K->36038K(75264K), 0.0009650 secs] [Times: user=0.00 sys=0.00, real=0.00 secs] 
241.774: Total time for which application threads were stopped: 0.0011320 seconds, Stopping threads took: 0.0000980 seconds
241.853: Application time: 0.0786730 seconds
241.853: [GC [PSYoungGen: 34815K->2816K(35840K)] 68549K->36634K(75776K), 0.0010760 secs] [Times: user=0.01 sys=0.00, real=0.00 secs] 
241.854: Total time for which application threads were stopped: 0.0012280 seconds, Stopping threads took: 0.0000810 seconds
241.933: Application time: 0.0793700 seconds
241.934: [GC [PSYoungGen: 35251K->2304K(43008K)] 69070K->36178K(82944K), 0.0007630 secs] [Times: user=0.01 sys=0.00, real=0.00 secs] 
241.934: Total time for which application threads were stopped: 0.0009080 seconds, Stopping threads took: 0.0000760 seconds
242.031: Application time: 0.0963620 seconds
242.031: [GC [PSYoungGen: 41657K->2304K(40960K)] 75531K->36178K(80896K), 0.0008200 secs] [Times: user=0.01 sys=0.00, real=0.00 secs] 
242.032: Total time for which application threads were stopped: 0.0009700 seconds, Stopping threads took: 0.0000670 seconds
242.126: Application time: 0.0942740 seconds
242.126: [GC [PSYoungGen: 40476K->736K(39936K)] 74350K->34722K(79872K), 0.0005860 secs] [Times: user=0.00 sys=0.00, real=0.01 secs] 
242.127: Total time for which application threads were stopped: 0.0007620 seconds, Stopping threads took: 0.0001070 seconds
242.217: Application time: 0.0907700 seconds
242.218: [GC [PSYoungGen: 37799K->704K(37888K)] 71786K->34730K(77824K), 0.0005580 secs] [Times: user=0.00 sys=0.00, real=0.00 secs] 
242.218: Total time for which application threads were stopped: 0.0006860 seconds, Stopping threads took: 0.0000660 seconds
242.304: Application time: 0.0853520 seconds
242.304: [GC [PSYoungGen: 37324K->2272K(39424K)] 71350K->36298K(79360K), 0.0009260 secs] [Times: user=0.01 sys=0.00, real=0.00 secs] 
242.305: Total time for which application threads were stopped: 0.0010850 seconds, Stopping threads took: 0.0000850 seconds
242.393: Application time: 0.0886270 seconds
242.393: [GC [PSYoungGen: 38462K->2272K(38400K)] 72489K->36346K(78336K), 0.0010070 secs] [Times: user=0.00 sys=0.00, real=0.00 secs] 
242.394: Total time for which application threads were stopped: 0.0011580 seconds, Stopping threads took: 0.0000750 seconds
242.480: Application time: 0.0852930 seconds
242.480: [GC [PSYoungGen: 37869K->2304K(38400K)] 71944K->36454K(78336K), 0.0009350 secs] [Times: user=0.01 sys=0.00, real=0.00 secs] 
242.481: Total time for which application threads were stopped: 0.0010730 seconds, Stopping threads took: 0.0000720 seconds
242.566: Application time: 0.0850290 seconds
242.566: [GC [PSYoungGen: 37309K->2272K(37376K)] 71460K->36478K(77312K), 0.0009640 secs] [Times: user=0.01 sys=0.00, real=0.01 secs] 
242.567: Total time for which application threads were stopped: 0.0011350 seconds, Stopping threads took: 0.0000890 seconds
242.652: Application time: 0.0847250 seconds
242.652: [GC [PSYoungGen: 36920K->2272K(37376K)] 71126K->36478K(77312K), 0.0009640 secs] [Times: user=0.01 sys=0.00, real=0.00 secs] 
242.653: Total time for which application threads were stopped: 0.0010960 seconds, Stopping threads took: 0.0000570 seconds
242.736: Application time: 0.0827680 seconds
242.736: [GC [PSYoungGen: 36332K->1248K(35328K)] 70539K->35562K(75264K), 0.0007090 secs] [Times: user=0.01 sys=0.00, real=0.00 secs] 
242.736: Total time for which application threads were stopped: 0.0008680 seconds, Stopping threads took: 0.0000740 seconds
242.817: Application time: 0.0805920 seconds
242.817: [GC [PSYoungGen: 34785K->1696K(36352K)] 69100K->36050K(76288K), 0.0008770 secs] [Times: user=0.00 sys=0.00, real=0.00 secs] 
242.818: Total time for which application threads were stopped: 0.0010760 seconds, Stopping threads took: 0.0001290 seconds
242.898: Application time: 0.0796530 seconds
242.898: [GC [PSYoungGen: 34719K->2240K(36864K)] 69074K->36651K(76800K), 0.0010060 secs] [Times: user=0.01 sys=0.00, real=0.00 secs] 
242.899: Total time for which application threads were stopped: 0.0011450 seconds, Stopping threads took: 0.0000710 seconds
242.979: Application time: 0.0801570 seconds
242.979: [GC [PSYoungGen: 35189K->2304K(35328K)] 69600K->36755K(75264K), 0.0007900 secs] [Times: user=0.00 sys=0.00, real=0.00 secs] 
242.980: Total time for which application threads were stopped: 0.0009290 seconds, Stopping threads took: 0.0000770 seconds
243.060: Application time: 0.0800610 seconds
243.060: [GC [PSYoungGen: 34898K->1760K(34304K)] 69349K->36211K(74240K), 0.0009030 secs] [Times: user=0.01 sys=0.00, real=0.00 secs] 
243.061: Total time for which application threads were stopped: 0.0010370 seconds, Stopping threads took: 0.0000660 seconds
243.137: Application time: 0.0761640 seconds
243.137: [GC [PSYoungGen: 33747K->2816K(40448K)] 68198K->37339K(80384K), 0.0009660 secs] [Times: user=0.01 sys=0.00, real=0.00 secs] 
243.138: Total time for which application threads were stopped: 0.0011150 seconds, Stopping threads took: 0.0000680 seconds
243.228: Application time: 0.0894270 seconds
243.228: [GC [PSYoungGen: 39878K->2816K(40960K)] 74401K->37387K(80896K), 0.0010830 secs] [Times: user=0.00 sys=0.00, real=0.00 secs] 
243.229: Total time for which application threads were stopped: 0.0012530 seconds, Stopping threads took: 0.0000970 seconds
243.319: Application time: 0.0898920 seconds
243.319: [GC [PSYoungGen: 40034K->2816K(48128K)] 74605K->37387K(88064K), 0.0009540 secs] [Times: user=0.01 sys=0.00, real=0.00 secs] 
243.320: Total time for which application threads were stopped: 0.0011120 seconds, Stopping threads took: 0.0000890 seconds
243.429: Application time: 0.1091680 seconds
243.429: [GC [PSYoungGen: 47241K->1248K(45056K)] 81812K->35899K(84992K), 0.0006180 secs] [Times: user=0.00 sys=0.00, real=0.00 secs] 
243.430: Total time for which application threads were stopped: 0.0007540 seconds, Stopping threads took: 0.0000690 seconds
243.535: Application time: 0.1045900 seconds
243.535: [GC [PSYoungGen: 44474K->2208K(45056K)] 79125K->36927K(84992K), 0.0010030 secs] [Times: user=0.00 sys=0.01, real=0.01 secs] 
243.536: Total time for which application threads were stopped: 0.0011440 seconds, Stopping threads took: 0.0000760 seconds
243.638: Application time: 0.1018390 seconds
243.638: [GC [PSYoungGen: 44567K->2272K(44032K)] 79286K->36991K(83968K), 0.0010610 secs] [Times: user=0.00 sys=0.00, real=0.00 secs] 
243.639: Total time for which application threads were stopped: 0.0012020 seconds, Stopping threads took: 0.0000750 seconds
243.738: Application time: 0.0996160 seconds
243.739: [GC [PSYoungGen: 43601K->2816K(43520K)] 78320K->37607K(83456K), 0.0009740 secs] [Times: user=0.00 sys=0.00, real=0.00 secs] 
243.740: Total time for which application threads were stopped: 0.0011490 seconds, Stopping threads took: 0.0000780 seconds
243.837: Application time: 0.0978110 seconds
243.837: [GC [PSYoungGen: 42966K->1728K(41472K)] 77757K->36607K(81408K), 0.0008710 secs] [Times: user=0.01 sys=0.00, real=0.00 secs] 
243.838: Total time for which application threads were stopped: 0.0010280 seconds, Stopping threads took: 0.0000840 seconds
243.933: Application time: 0.0948430 seconds
243.933: [GC [PSYoungGen: 40924K->1696K(40960K)] 75803K->36575K(80896K), 0.0008480 secs] [Times: user=0.01 sys=0.00, real=0.01 secs] 
243.935: Total time for which application threads were stopped: 0.0016640 seconds, Stopping threads took: 0.0000690 seconds
244.029: Application time: 0.0945250 seconds
244.030: [GC [PSYoungGen: 39944K->1248K(38912K)] 74824K->36175K(78848K), 0.0006850 secs] [Times: user=0.01 sys=0.00, real=0.00 secs] 
244.030: Total time for which application threads were stopped: 0.0008240 seconds, Stopping threads took: 0.0000670 seconds
244.120: Application time: 0.0901860 seconds
244.121: [GC [PSYoungGen: 38388K->1248K(39936K)] 73315K->36247K(79872K), 0.0006800 secs] [Times: user=0.00 sys=0.00, real=0.00 secs] 
244.121: Total time for which application threads were stopped: 0.0008240 seconds, Stopping threads took: 0.0000820 seconds
244.208: Application time: 0.0871440 seconds
244.208: [GC [PSYoungGen: 37867K->2816K(39936K)] 72867K->37863K(79872K), 0.0010700 secs] [Times: user=0.01 sys=0.00, real=0.00 secs] 
244.210: Total time for which application threads were stopped: 0.0012180 seconds, Stopping threads took: 0.0000740 seconds
244.297: Application time: 0.0876690 seconds
244.297: [GC [PSYoungGen: 38930K->2272K(38400K)] 73977K->37367K(78336K), 0.0009800 secs] [Times: user=0.01 sys=0.00, real=0.00 secs] 
244.298: Total time for which application threads were stopped: 0.0011440 seconds, Stopping threads took: 0.0000820 seconds
244.385: Application time: 0.0863210 seconds
244.385: [GC [PSYoungGen: 37946K->2832K(38912K)] 73041K->37967K(78848K), 0.0011290 secs] [Times: user=0.00 sys=0.00, real=0.00 secs] 
244.386: Total time for which application threads were stopped: 0.0012720 seconds, Stopping threads took: 0.0000680 seconds
244.473: Application time: 0.0871430 seconds
244.473: [GC [PSYoungGen: 37846K->704K(38400K)] 72981K->35927K(78336K), 0.0005040 secs] [Times: user=0.00 sys=0.00, real=0.00 secs] 
244.474: Total time for which application threads were stopped: 0.0006380 seconds, Stopping threads took: 0.0000730 seconds
244.556: Application time: 0.0818300 seconds
244.556: [GC [PSYoungGen: 35267K->2304K(36864K)] 70491K->37527K(76800K), 0.0009340 secs] [Times: user=0.00 sys=0.00, real=0.00 secs] 
244.557: Total time for which application threads were stopped: 0.0010890 seconds, Stopping threads took: 0.0000830 seconds
244.640: Application time: 0.0834300 seconds
244.640: [GC [PSYoungGen: 36442K->1248K(37376K)] 71665K->36527K(77312K), 0.0006510 secs] [Times: user=0.01 sys=0.00, real=0.00 secs] 
244.641: Total time for which application threads were stopped: 0.0007820 seconds, Stopping threads took: 0.0000630 seconds
244.722: Application time: 0.0815180 seconds
244.723: [GC [PSYoungGen: 34709K->1728K(35328K)] 69989K->37087K(75264K), 0.0008420 secs] [Times: user=0.00 sys=0.01, real=0.00 secs] 
244.723: Total time for which application threads were stopped: 0.0009920 seconds, Stopping threads took: 0.0000810 seconds
244.803: Application time: 0.0793680 seconds
244.803: [GC [PSYoungGen: 34756K->1792K(35840K)] 70115K->37151K(75776K), 0.0007800 secs] [Times: user=0.01 sys=0.00, real=0.00 secs] 
244.804: Total time for which application threads were stopped: 0.0009240 seconds, Stopping threads took: 0.0000680 seconds
244.883: Application time: 0.0788130 seconds
244.883: [GC [PSYoungGen: 34299K->1792K(34304K)] 69659K->37199K(74240K), 0.0008670 secs] [Times: user=0.00 sys=0.00, real=0.00 secs] 
244.884: Total time for which application threads were stopped: 0.0010040 seconds, Stopping threads took: 0.0000690 seconds
244.962: Application time: 0.0779460 seconds
244.962: [GC [PSYoungGen: 33865K->1760K(34816K)] 69273K->37207K(74752K), 0.0007940 secs] [Times: user=0.00 sys=0.00, real=0.00 secs] 
244.963: Total time for which application threads were stopped: 0.0010110 seconds, Stopping threads took: 0.0001510 seconds
245.038: Application time: 0.0754690 seconds
245.038: [GC [PSYoungGen: 33230K->2816K(35328K)] 68678K->38347K(75264K), 0.0011220 secs] [Times: user=0.00 sys=0.00, real=0.00 secs] 
245.039: Total time for which application threads were stopped: 0.0012630 seconds, Stopping threads took: 0.0000690 seconds
245.118: Application time: 0.0784790 seconds
245.118: [GC [PSYoungGen: 34225K->1728K(33280K)] 69757K->37307K(73216K), 0.0006600 secs] [Times: user=0.00 sys=0.00, real=0.00 secs] 
245.119: Total time for which application threads were stopped: 0.0008120 seconds, Stopping threads took: 0.0000800 seconds
245.193: Application time: 0.0740050 seconds
245.193: [GC [PSYoungGen: 32687K->2272K(40448K)] 68267K->37851K(80384K), 0.0009160 secs] [Times: user=0.01 sys=0.00, real=0.00 secs] 
245.194: Total time for which application threads were stopped: 0.0010610 seconds, Stopping threads took: 0.0000730 seconds
245.284: Application time: 0.0898810 seconds
245.284: [GC [PSYoungGen: 38822K->1760K(38400K)] 74401K->37395K(78336K), 0.0007750 secs] [Times: user=0.00 sys=0.00, real=0.00 secs] 
245.284: Total time for which application threads were stopped: 0.0009510 seconds, Stopping threads took: 0.0001040 seconds
245.370: Application time: 0.0859120 seconds
245.371: [GC [PSYoungGen: 37946K->2784K(39936K)] 73582K->38419K(79872K), 0.0011100 secs] [Times: user=0.01 sys=0.00, real=0.00 secs] 
245.372: Total time for which application threads were stopped: 0.0012700 seconds, Stopping threads took: 0.0000790 seconds
245.460: Application time: 0.0879270 seconds
245.460: [GC [PSYoungGen: 38898K->2272K(47616K)] 74533K->37992K(87552K), 0.0008770 secs] [Times: user=0.01 sys=0.00, real=0.00 secs] 
245.461: Total time for which application threads were stopped: 0.0010390 seconds, Stopping threads took: 0.0000930 seconds
245.567: Application time: 0.1067890 seconds
245.568: [GC [PSYoungGen: 46173K->2304K(45568K)] 81893K->38072K(85504K), 0.0008260 secs] [Times: user=0.01 sys=0.00, real=0.00 secs] 
245.568: Total time for which application threads were stopped: 0.0009590 seconds, Stopping threads took: 0.0000630 seconds
245.674: Application time: 0.1053490 seconds
245.674: [GC [PSYoungGen: 45179K->1792K(44544K)] 80947K->37640K(84480K), 0.0007680 secs] [Times: user=0.01 sys=0.00, real=0.00 secs] 
245.675: Total time for which application threads were stopped: 0.0009530 seconds, Stopping threads took: 0.0001200 seconds
245.778: Application time: 0.1029740 seconds
245.778: [GC [PSYoungGen: 43486K->192K(41472K)] 79334K->36128K(81408K), 0.0004550 secs] [Times: user=0.00 sys=0.00, real=0.00 secs] 
245.778: Total time for which application threads were stopped: 0.0005880 seconds, Stopping threads took: 0.0000730 seconds
245.875: Application time: 0.0970150 seconds
245.875: [GC [PSYoungGen: 40924K->1760K(42496K)] 76860K->37696K(82432K), 0.0008150 secs] [Times: user=0.01 sys=0.00, real=0.00 secs] 
245.876: Total time for which application threads were stopped: 0.0009610 seconds, Stopping threads took: 0.0000690 seconds
245.974: Application time: 0.0975900 seconds
245.974: [GC [PSYoungGen: 41550K->1216K(40448K)] 77486K->37200K(80384K), 0.0007180 secs] [Times: user=0.00 sys=0.00, real=0.01 secs] 
245.975: Total time for which application threads were stopped: 0.0009060 seconds, Stopping threads took: 0.0001250 seconds
246.068: Application time: 0.0927960 seconds
246.068: [GC [PSYoungGen: 39814K->2816K(40960K)] 75798K->38876K(80896K), 0.0011650 secs] [Times: user=0.00 sys=0.00, real=0.00 secs] 
246.069: Total time for which application threads were stopped: 0.0013120 seconds, Stopping threads took: 0.0000760 seconds
246.160: Application time: 0.0916650 seconds
246.161: [GC [PSYoungGen: 40472K->2304K(39424K)] 76532K->38364K(79360K), 0.0009930 secs] [Times: user=0.01 sys=0.00, real=0.00 secs] 
246.162: Total time for which application threads were stopped: 0.0011500 seconds, Stopping threads took: 0.0000800 seconds
246.251: Application time: 0.0896910 seconds
246.251: [GC [PSYoungGen: 39164K->2368K(38912K)] 75224K->38476K(78848K), 0.0009570 secs] [Times: user=0.00 sys=0.00, real=0.00 secs] 
246.252: Total time for which application threads were stopped: 0.0010780 seconds, Stopping threads took: 0.0000500 seconds
246.341: Application time: 0.0883630 seconds
246.341: [GC [PSYoungGen: 38404K->1728K(37888K)] 74512K->37980K(77824K), 0.0008390 secs] [Times: user=0.00 sys=0.00, real=0.00 secs] 
246.342: Total time for which application threads were stopped: 0.0009720 seconds, Stopping threads took: 0.0000690 seconds
246.427: Application time: 0.0852420 seconds
246.427: [GC [PSYoungGen: 37245K->2240K(38400K)] 73498K->38492K(78336K), 0.0009880 secs] [Times: user=0.01 sys=0.00, real=0.00 secs] 
246.428: Total time for which application threads were stopped: 0.0011430 seconds, Stopping threads took: 0.0000770 seconds
246.514: Application time: 0.0855630 seconds
246.514: [GC [PSYoungGen: 37328K->1248K(36352K)] 73580K->37500K(76288K), 0.0006310 secs] [Times: user=0.01 sys=0.00, real=0.00 secs] 
246.514: Total time for which application threads were stopped: 0.0007630 seconds, Stopping threads took: 0.0000710 seconds
246.598: Application time: 0.0832550 seconds
246.598: [GC [PSYoungGen: 35737K->1280K(37376K)] 71990K->37588K(77312K), 0.0006480 secs] [Times: user=0.00 sys=0.00, real=0.00 secs] 
246.599: Total time for which application threads were stopped: 0.0008550 seconds, Stopping threads took: 0.0001410 seconds
246.681: Application time: 0.0822560 seconds
246.681: [GC [PSYoungGen: 35414K->1728K(35840K)] 71722K->38036K(75776K), 0.0008350 secs] [Times: user=0.00 sys=0.00, real=0.00 secs] 
246.682: Total time for which application threads were stopped: 0.0009670 seconds, Stopping threads took: 0.0000640 seconds
246.762: Application time: 0.0800480 seconds
246.762: [GC [PSYoungGen: 35263K->2816K(36352K)] 71572K->39196K(76288K), 0.0011770 secs] [Times: user=0.01 sys=0.00, real=0.00 secs] 
246.763: Total time for which application threads were stopped: 0.0013320 seconds, Stopping threads took: 0.0000820 seconds
246.844: Application time: 0.0808280 seconds
246.844: [GC [PSYoungGen: 35837K->3296K(36864K)] 72218K->39716K(76800K), 0.0013040 secs] [Times: user=0.01 sys=0.00, real=0.00 secs] 
246.845: Total time for which application threads were stopped: 0.0014480 seconds, Stopping threads took: 0.0000690 seconds
246.926: Application time: 0.0802740 seconds
246.926: [GC [PSYoungGen: 36482K->2880K(44032K)] 72903K->39348K(83968K), 0.0009940 secs] [Times: user=0.01 sys=0.00, real=0.01 secs] 
246.927: Total time for which application threads were stopped: 0.0011430 seconds, Stopping threads took: 0.0000780 seconds
247.026: Application time: 0.0992850 seconds
247.026: [GC [PSYoungGen: 42518K->1216K(44032K)] 78987K->37796K(83968K), 0.0007310 secs] [Times: user=0.00 sys=0.00, real=0.01 secs] 
247.027: Total time for which application threads were stopped: 0.0008730 seconds, Stopping threads took: 0.0000670 seconds
247.121: Application time: 0.0942560 seconds
247.121: [GC [PSYoungGen: 40922K->2272K(41472K)] 77503K->38852K(81408K), 0.0008650 secs] [Times: user=0.01 sys=0.00, real=0.00 secs] 
247.122: Total time for which application threads were stopped: 0.0010210 seconds, Stopping threads took: 0.0000850 seconds
247.217: Application time: 0.0947020 seconds
247.217: [GC [PSYoungGen: 40874K->2816K(40960K)] 77454K->39444K(80896K), 0.0010240 secs] [Times: user=0.00 sys=0.00, real=0.00 secs] 
247.218: Total time for which application threads were stopped: 0.0012230 seconds, Stopping threads took: 0.0001240 seconds
247.311: Application time: 0.0931710 seconds
247.312: [GC [PSYoungGen: 40552K->1760K(38912K)] 77181K->38388K(78848K), 0.0007030 secs] [Times: user=0.00 sys=0.00, real=0.00 secs] 
247.312: Total time for which application threads were stopped: 0.0008470 seconds, Stopping threads took: 0.0000790 seconds
247.402: Application time: 0.0894230 seconds
247.402: [GC [PSYoungGen: 38386K->1728K(38400K)] 75014K->38436K(78336K), 0.0008530 secs] [Times: user=0.00 sys=0.00, real=0.00 secs] 
247.403: Total time for which application threads were stopped: 0.0009960 seconds, Stopping threads took: 0.0000710 seconds
247.492: Application time: 0.0888520 seconds
247.492: [GC [PSYoungGen: 37841K->1248K(37376K)] 74550K->38020K(77312K), 0.0007190 secs] [Times: user=0.00 sys=0.00, real=0.00 secs] 
247.492: Total time for which application threads were stopped: 0.0008510 seconds, Stopping threads took: 0.0000650 seconds
247.578: Application time: 0.0851270 seconds
247.578: [GC [PSYoungGen: 36994K->3392K(38912K)] 73767K->40204K(78848K), 0.0012950 secs] [Times: user=0.00 sys=0.00, real=0.00 secs] 
247.579: Total time for which application threads were stopped: 0.0014590 seconds, Stopping threads took: 0.0000810 seconds
247.667: Application time: 0.0883950 seconds
247.668: [GC [PSYoungGen: 38404K->1792K(36864K)] 75216K->38724K(76800K), 0.0008720 secs] [Times: user=0.00 sys=0.00, real=0.00 secs] 
247.668: Total time for which application threads were stopped: 0.0010250 seconds, Stopping threads took: 0.0000840 seconds
247.754: Application time: 0.0852160 seconds
247.754: [GC [PSYoungGen: 36366K->768K(35328K)] 73299K->37700K(75264K), 0.0005350 secs] [Times: user=0.01 sys=0.00, real=0.00 secs] 
247.754: Total time for which application threads were stopped: 0.0007950 seconds, Stopping threads took: 0.0002020 seconds
247.836: Application time: 0.0817730 seconds
247.836: [GC [PSYoungGen: 34741K->1696K(36352K)] 71674K->38693K(76288K), 0.0008420 secs] [Times: user=0.01 sys=0.00, real=0.00 secs] 
247.837: Total time for which application threads were stopped: 0.0010000 seconds, Stopping threads took: 0.0000880 seconds
247.919: Application time: 0.0819360 seconds
247.919: [GC [PSYoungGen: 35157K->2240K(35840K)] 72154K->39237K(75776K), 0.0010080 secs] [Times: user=0.01 sys=0.00, real=0.00 secs] 
247.920: Total time for which application threads were stopped: 0.0011460 seconds, Stopping threads took: 0.0000710 seconds
248.001: Application time: 0.0809310 seconds
248.001: [GC [PSYoungGen: 35350K->1280K(36352K)] 72347K->38276K(76288K), 0.0006440 secs] [Times: user=0.01 sys=0.00, real=0.00 secs] 
248.002: Total time for which application threads were stopped: 0.0008700 seconds, Stopping threads took: 0.0001590 seconds
248.079: Application time: 0.0773580 seconds
248.080: [GC [PSYoungGen: 33779K->2816K(36864K)] 70776K->39889K(76800K), 0.0011620 secs] [Times: user=0.00 sys=0.00, real=0.00 secs] 
248.081: Total time for which application threads were stopped: 0.0013170 seconds, Stopping threads took: 0.0000730 seconds
248.161: Application time: 0.0799230 seconds
248.161: [GC [PSYoungGen: 35488K->2320K(43520K)] 72561K->39433K(83456K), 0.0008920 secs] [Times: user=0.01 sys=0.00, real=0.00 secs] 
248.162: Total time for which application threads were stopped: 0.0010230 seconds, Stopping threads took: 0.0000610 seconds
248.258: Application time: 0.0957930 seconds
248.258: [GC [PSYoungGen: 41516K->2272K(43520K)] 78629K->39493K(83456K), 0.0009810 secs] [Times: user=0.01 sys=0.00, real=0.00 secs] 
248.259: Total time for which application threads were stopped: 0.0011260 seconds, Stopping threads took: 0.0000720 seconds
248.355: Application time: 0.0959610 seconds
248.355: [GC [PSYoungGen: 41392K->1792K(40448K)] 78613K->39069K(80384K), 0.0007010 secs] [Times: user=0.00 sys=0.00, real=0.00 secs] 
248.355: Total time for which application threads were stopped: 0.0008460 seconds, Stopping threads took: 0.0000760 seconds
248.450: Application time: 0.0942270 seconds
248.450: [GC [PSYoungGen: 39960K->1696K(39424K)] 77237K->38973K(79360K), 0.0007760 secs] [Times: user=0.00 sys=0.00, real=0.00 secs] 
248.451: Total time for which application threads were stopped: 0.0009220 seconds, Stopping threads took: 0.0000740 seconds
248.539: Application time: 0.0885390 seconds
248.539: [GC [PSYoungGen: 38753K->2816K(39936K)] 76031K->40141K(79872K), 0.0009730 secs] [Times: user=0.00 sys=0.00, real=0.00 secs] 
248.540: Total time for which application threads were stopped: 0.0012250 seconds, Stopping threads took: 0.0001740 seconds
248.631: Application time: 0.0906470 seconds
248.631: [GC [PSYoungGen: 39522K->2272K(38912K)] 76847K->39597K(78848K), 0.0010310 secs] [Times: user=0.00 sys=0.00, real=0.00 secs] 
248.632: Total time for which application threads were stopped: 0.0011850 seconds, Stopping threads took: 0.0000770 seconds
248.722: Application time: 0.0901940 seconds
248.723: [GC [PSYoungGen: 38388K->1280K(37376K)] 75713K->38693K(77312K), 0.0007090 secs] [Times: user=0.00 sys=0.00, real=0.00 secs] 
248.723: Total time for which application threads were stopped: 0.0008370 seconds, Stopping threads took: 0.0000650 seconds
248.809: Application time: 0.0861570 seconds
248.810: [GC [PSYoungGen: 36952K->2304K(37888K)] 74365K->39757K(77824K), 0.0009130 secs] [Times: user=0.01 sys=0.00, real=0.00 secs] 
248.810: Total time for which application threads were stopped: 0.0010440 seconds, Stopping threads took: 0.0000650 seconds
248.895: Application time: 0.0849100 seconds
248.895: [GC [PSYoungGen: 37465K->2304K(37376K)] 74919K->39837K(77312K), 0.0009670 secs] [Times: user=0.01 sys=0.00, real=0.00 secs] 
248.896: Total time for which application threads were stopped: 0.0011200 seconds, Stopping threads took: 0.0000790 seconds
248.982: Application time: 0.0851590 seconds
248.982: [GC [PSYoungGen: 36801K->640K(35328K)] 74335K->38261K(75264K), 0.0006310 secs] [Times: user=0.00 sys=0.00, real=0.00 secs] 
248.985: Total time for which application threads were stopped: 0.0030330 seconds, Stopping threads took: 0.0000830 seconds
249.064: Application time: 0.0793970 seconds
249.064: [GC [PSYoungGen: 34683K->2816K(36864K)] 72304K->40437K(76800K), 0.0011170 secs] [Times: user=0.01 sys=0.00, real=0.00 secs] 
249.065: Total time for which application threads were stopped: 0.0012780 seconds, Stopping threads took: 0.0000860 seconds
249.148: Application time: 0.0826360 seconds
249.148: [GC [PSYoungGen: 36279K->2816K(38912K)] 73901K->40485K(78848K), 0.0011000 secs] [Times: user=0.00 sys=0.00, real=0.00 secs] 
249.149: Total time for which application threads were stopped: 0.0012590 seconds, Stopping threads took: 0.0000770 seconds
249.233: Application time: 0.0838520 seconds
249.233: [GC [PSYoungGen: 37307K->2816K(45056K)] 74977K->40485K(84992K), 0.0009390 secs] [Times: user=0.01 sys=0.00, real=0.00 secs] 
249.234: Total time for which application threads were stopped: 0.0010890 seconds, Stopping threads took: 0.0000790 seconds
249.334: Application time: 0.1002040 seconds
249.335: [GC [PSYoungGen: 43634K->2304K(45056K)] 81304K->39973K(84992K), 0.0009810 secs] [Times: user=0.00 sys=0.01, real=0.01 secs] 
249.336: Total time for which application threads were stopped: 0.0011270 seconds, Stopping threads took: 0.0000790 seconds
249.434: Application time: 0.0988530 seconds
249.435: [GC [PSYoungGen: 43199K->2336K(42496K)] 80869K->40085K(82432K), 0.0008770 secs] [Times: user=0.01 sys=0.00, real=0.01 secs] 
249.436: Total time for which application threads were stopped: 0.0011070 seconds, Stopping threads took: 0.0001630 seconds
249.533: Application time: 0.0976500 seconds
249.533: [GC [PSYoungGen: 42126K->1728K(40960K)] 79876K->39581K(80896K), 0.0008180 secs] [Times: user=0.00 sys=0.00, real=0.00 secs] 
249.534: Total time for which application threads were stopped: 0.0009640 seconds, Stopping threads took: 0.0000780 seconds
249.629: Application time: 0.0945720 seconds
249.629: [GC [PSYoungGen: 40330K->2304K(40448K)] 78183K->40237K(80384K), 0.0008920 secs] [Times: user=0.01 sys=0.00, real=0.00 secs] 
249.630: Total time for which application threads were stopped: 0.0010420 seconds, Stopping threads took: 0.0000760 seconds
249.721: Application time: 0.0908340 seconds
249.721: [GC [PSYoungGen: 39958K->2240K(39424K)] 77892K->40173K(79360K), 0.0010600 secs] [Times: user=0.01 sys=0.00, real=0.00 secs] 
249.722: Total time for which application threads were stopped: 0.0012030 seconds, Stopping threads took: 0.0000640 seconds
249.812: Application time: 0.0902780 seconds
249.812: [GC [PSYoungGen: 38790K->1696K(38400K)] 76723K->39677K(78336K), 0.0008020 secs] [Times: user=0.00 sys=0.00, real=0.00 secs] 
249.813: Total time for which application threads were stopped: 0.0009530 seconds, Stopping threads took: 0.0000830 seconds
249.901: Application time: 0.0880000 seconds
249.901: [GC [PSYoungGen: 37729K->1792K(37888K)] 75711K->39773K(77824K), 0.0007940 secs] [Times: user=0.00 sys=0.00, real=0.00 secs] 
249.902: Total time for which application threads were stopped: 0.0009390 seconds, Stopping threads took: 0.0000800 seconds
249.990: Application time: 0.0881340 seconds
249.990: [GC [PSYoungGen: 37550K->736K(36352K)] 75531K->38717K(76288K), 0.0006610 secs] [Times: user=0.00 sys=0.00, real=0.00 secs] 
249.991: Total time for which application threads were stopped: 0.0007990 seconds, Stopping threads took: 0.0000720 seconds
250.076: Application time: 0.0847550 seconds
250.076: [GC [PSYoungGen: 35893K->1760K(36864K)] 73875K->39861K(76800K), 0.0008210 secs] [Times: user=0.00 sys=0.00, real=0.00 secs] 
250.077: Total time for which application threads were stopped: 0.0009500 seconds, Stopping threads took: 0.0000660 seconds
250.161: Application time: 0.0841720 seconds
250.161: [GC [PSYoungGen: 36404K->2800K(37376K)] 74505K->40978K(77312K), 0.0011200 secs] [Times: user=0.00 sys=0.00, real=0.00 secs] 
250.162: Total time for which application threads were stopped: 0.0012490 seconds, Stopping threads took: 0.0000590 seconds
250.247: Application time: 0.0848180 seconds
250.247: [GC [PSYoungGen: 36783K->1248K(35328K)] 74961K->39514K(75264K), 0.0007490 secs] [Times: user=0.01 sys=0.00, real=0.00 secs] 
250.248: Total time for which application threads were stopped: 0.0008860 seconds, Stopping threads took: 0.0000640 seconds
250.329: Application time: 0.0808500 seconds
250.329: [GC [PSYoungGen: 34783K->2304K(35840K)] 73049K->40570K(75776K), 0.0009860 secs] [Times: user=0.01 sys=0.00, real=0.00 secs] 
250.330: Total time for which application threads were stopped: 0.0011260 seconds, Stopping threads took: 0.0000670 seconds
250.411: Application time: 0.0812740 seconds
250.411: [GC [PSYoungGen: 35255K->1760K(34816K)] 73521K->40074K(74752K), 0.0008370 secs] [Times: user=0.00 sys=0.00, real=0.00 secs] 
250.412: Total time for which application threads were stopped: 0.0009700 seconds, Stopping threads took: 0.0000700 seconds
250.491: Application time: 0.0786240 seconds
250.491: [GC [PSYoungGen: 34189K->2272K(35328K)] 72503K->40586K(75264K), 0.0009340 secs] [Times: user=0.01 sys=0.00, real=0.00 secs] 
250.492: Total time for which application threads were stopped: 0.0010910 seconds, Stopping threads took: 0.0000810 seconds
250.572: Application time: 0.0802130 seconds
250.572: [GC [PSYoungGen: 34199K->704K(32768K)] 72513K->39018K(72704K), 0.0005070 secs] [Times: user=0.00 sys=0.00, real=0.00 secs] 
250.573: Total time for which application threads were stopped: 0.0006380 seconds, Stopping threads took: 0.0000730 seconds
250.645: Application time: 0.0728870 seconds
250.646: [GC [PSYoungGen: 32322K->3392K(34816K)] 70636K->41706K(74752K), 0.0013270 secs] [Times: user=0.01 sys=0.00, real=0.01 secs] 
250.647: Total time for which application threads were stopped: 0.0014690 seconds, Stopping threads took: 0.0000660 seconds
250.724: Application time: 0.0774790 seconds
250.724: [GC [PSYoungGen: 34367K->1728K(35328K)] 72681K->40150K(75264K), 0.0008000 secs] [Times: user=0.01 sys=0.00, real=0.00 secs] 
250.725: Total time for which application threads were stopped: 0.0009390 seconds, Stopping threads took: 0.0000730 seconds
250.800: Application time: 0.0749850 seconds
250.800: [GC [PSYoungGen: 32763K->2304K(41984K)] 71185K->40774K(81920K), 0.0008550 secs] [Times: user=0.00 sys=0.00, real=0.00 secs] 
250.801: Total time for which application threads were stopped: 0.0009990 seconds, Stopping threads took: 0.0000690 seconds
250.895: Application time: 0.0932970 seconds
250.895: [GC [PSYoungGen: 39960K->1792K(41984K)] 78430K->40342K(81920K), 0.0008150 secs] [Times: user=0.00 sys=0.00, real=0.00 secs] 
250.896: Total time for which application threads were stopped: 0.0009670 seconds, Stopping threads took: 0.0000720 seconds
250.986: Application time: 0.0903710 seconds
250.986: [GC [PSYoungGen: 39442K->2304K(39424K)] 77992K->40902K(79360K), 0.0008460 secs] [Times: user=0.00 sys=0.00, real=0.01 secs] 
250.987: Total time for which application threads were stopped: 0.0010590 seconds, Stopping threads took: 0.0001420 seconds
251.077: Application time: 0.0900340 seconds
251.077: [GC [PSYoungGen: 38858K->1280K(37888K)] 77456K->39934K(77824K), 0.0006450 secs] [Times: user=0.00 sys=0.00, real=0.00 secs] 
251.078: Total time for which application threads were stopped: 0.0007800 seconds, Stopping threads took: 0.0000710 seconds
251.165: Application time: 0.0871730 seconds
251.165: [GC [PSYoungGen: 37309K->2304K(38400K)] 75964K->40958K(78336K), 0.0008490 secs] [Times: user=0.00 sys=0.00, real=0.00 secs] 
251.166: Total time for which application threads were stopped: 0.0009840 seconds, Stopping threads took: 0.0000650 seconds
251.253: Application time: 0.0872150 seconds
251.253: [GC [PSYoungGen: 37827K->1248K(36864K)] 76482K->39902K(76800K), 0.0006960 secs] [Times: user=0.00 sys=0.00, real=0.00 secs] 
251.254: Total time for which application threads were stopped: 0.0008380 seconds, Stopping threads took: 0.0000760 seconds
251.340: Application time: 0.0863890 seconds
251.341: [GC [PSYoungGen: 36562K->1824K(36864K)] 75216K->40486K(76800K), 0.0008500 secs] [Times: user=0.00 sys=0.00, real=0.00 secs] 
251.341: Total time for which application threads were stopped: 0.0010180 seconds, Stopping threads took: 0.0000860 seconds
251.425: Application time: 0.0835290 seconds
251.425: [GC [PSYoungGen: 36394K->1792K(36352K)] 75056K->40594K(76288K), 0.0009360 secs] [Times: user=0.00 sys=0.00, real=0.00 secs] 
251.426: Total time for which application threads were stopped: 0.0010850 seconds, Stopping threads took: 0.0000790 seconds
251.508: Application time: 0.0821190 seconds
251.508: [GC [PSYoungGen: 35922K->2832K(36864K)] 74724K->41682K(76800K), 0.0010560 secs] [Times: user=0.01 sys=0.00, real=0.00 secs] 
251.509: Total time for which application threads were stopped: 0.0011990 seconds, Stopping threads took: 0.0000710 seconds
251.592: Application time: 0.0827570 seconds
251.592: [GC [PSYoungGen: 36377K->1728K(35328K)] 75228K->40658K(75264K), 0.0009270 secs] [Times: user=0.00 sys=0.00, real=0.00 secs] 
251.593: Total time for which application threads were stopped: 0.0010560 seconds, Stopping threads took: 0.0000670 seconds
251.676: Application time: 0.0825290 seconds
251.676: [GC [PSYoungGen: 34677K->1760K(34816K)] 73608K->40746K(74752K), 0.0008300 secs] [Times: user=0.01 sys=0.00, real=0.00 secs] 
251.677: Total time for which application threads were stopped: 0.0009740 seconds, Stopping threads took: 0.0000780 seconds
251.754: Application time: 0.0769930 seconds
251.754: [GC [PSYoungGen: 34181K->2720K(36352K)] 73167K->41706K(76288K), 0.0011810 secs] [Times: user=0.01 sys=0.00, real=0.01 secs] 
251.755: Total time for which application threads were stopped: 0.0013810 seconds, Stopping threads took: 0.0001300 seconds
251.835: Application time: 0.0797390 seconds
251.835: [GC [PSYoungGen: 35153K->3296K(42496K)] 74139K->42282K(82432K), 0.0011470 secs] [Times: user=0.01 sys=0.00, real=0.00 secs] 
251.836: Total time for which application threads were stopped: 0.0012880 seconds, Stopping threads took: 0.0000710 seconds
251.932: Application time: 0.0954160 seconds
251.932: [GC [PSYoungGen: 42062K->1792K(43008K)] 81049K->40778K(82944K), 0.0007990 secs] [Times: user=0.01 sys=0.00, real=0.00 secs] 
251.932: Total time for which application threads were stopped: 0.0009350 seconds, Stopping threads took: 0.0000580 seconds
252.027: Application time: 0.0941720 seconds
252.027: [GC [PSYoungGen: 40550K->2320K(50176K)] 79537K->41386K(90112K), 0.0008500 secs] [Times: user=0.01 sys=0.00, real=0.00 secs] 
252.028: Total time for which application threads were stopped: 0.0009920 seconds, Stopping threads took: 0.0000780 seconds
252.142: Application time: 0.1142810 seconds
252.142: [GC [PSYoungGen: 49311K->2304K(48640K)] 88378K->41454K(88576K), 0.0009040 secs] [Times: user=0.00 sys=0.00, real=0.00 secs] 
252.143: Total time for which application threads were stopped: 0.0010400 seconds, Stopping threads took: 0.0000660 seconds
252.256: Application time: 0.1134560 seconds
252.257: [GC [PSYoungGen: 48271K->1280K(47616K)] 87422K->40510K(87552K), 0.0006710 secs] [Times: user=0.00 sys=0.00, real=0.00 secs] 
252.257: Total time for which application threads were stopped: 0.0008060 seconds, Stopping threads took: 0.0000710 seconds
252.366: Application time: 0.1086320 seconds
252.366: [GC [PSYoungGen: 46055K->1280K(45568K)] 85285K->40614K(85504K), 0.0006880 secs] [Times: user=0.00 sys=0.00, real=0.01 secs] 
252.367: Total time for which application threads were stopped: 0.0008910 seconds, Stopping threads took: 0.0001320 seconds
252.472: Application time: 0.1052420 seconds
252.472: [GC [PSYoungGen: 45020K->2304K(45568K)] 84355K->41638K(85504K), 0.0009350 secs] [Times: user=0.00 sys=0.00, real=0.00 secs] 
252.473: Total time for which application threads were stopped: 0.0010760 seconds, Stopping threads took: 0.0000670 seconds
252.578: Application time: 0.1049000 seconds
252.578: [GC [PSYoungGen: 45176K->2288K(44544K)] 84511K->41622K(84480K), 0.0010270 secs] [Times: user=0.00 sys=0.00, real=0.00 secs] 
252.579: Total time for which application threads were stopped: 0.0011730 seconds, Stopping threads took: 0.0000750 seconds
252.680: Application time: 0.1011170 seconds
252.680: [GC [PSYoungGen: 44131K->2816K(44032K)] 83466K->42230K(83968K), 0.0011520 secs] [Times: user=0.00 sys=0.00, real=0.00 secs] 
252.682: Total time for which application threads were stopped: 0.0013090 seconds, Stopping threads took: 0.0000880 seconds
252.781: Application time: 0.0996640 seconds
252.781: [GC [PSYoungGen: 43636K->1776K(41984K)] 83051K->41278K(81920K), 0.0008750 secs] [Times: user=0.01 sys=0.00, real=0.00 secs] 
252.782: Total time for which application threads were stopped: 0.0010150 seconds, Stopping threads took: 0.0000730 seconds
252.877: Application time: 0.0950420 seconds
252.877: [GC [PSYoungGen: 41560K->2816K(42496K)] 81063K->42403K(82432K), 0.0011590 secs] [Times: user=0.00 sys=0.00, real=0.00 secs] 
252.879: Total time for which application threads were stopped: 0.0012950 seconds, Stopping threads took: 0.0000670 seconds
252.974: Application time: 0.0956110 seconds
252.974: [GC [PSYoungGen: 41422K->1792K(39936K)] 81009K->41451K(79872K), 0.0008900 secs] [Times: user=0.00 sys=0.00, real=0.01 secs] 
252.975: Total time for which application threads were stopped: 0.0010440 seconds, Stopping threads took: 0.0000780 seconds
253.067: Application time: 0.0912550 seconds
253.067: [GC [PSYoungGen: 39372K->704K(40448K)] 79031K->40363K(80384K), 0.0004780 secs] [Times: user=0.00 sys=0.01, real=0.01 secs] 
253.067: Total time for which application threads were stopped: 0.0006120 seconds, Stopping threads took: 0.0000710 seconds
253.155: Application time: 0.0882230 seconds
253.156: [GC [PSYoungGen: 37247K->1792K(38400K)] 76906K->41451K(78336K), 0.0009180 secs] [Times: user=0.00 sys=0.00, real=0.00 secs] 
253.156: Total time for which application threads were stopped: 0.0011020 seconds, Stopping threads took: 0.0001170 seconds
253.243: Application time: 0.0868790 seconds
253.243: [GC [PSYoungGen: 38060K->2304K(38912K)] 77719K->41963K(78848K), 0.0009720 secs] [Times: user=0.00 sys=0.00, real=0.00 secs] 
253.244: Total time for which application threads were stopped: 0.0011270 seconds, Stopping threads took: 0.0000810 seconds
253.332: Application time: 0.0874770 seconds
253.332: [GC [PSYoungGen: 37903K->1792K(37376K)] 77563K->41575K(77312K), 0.0008500 secs] [Times: user=0.01 sys=0.00, real=0.00 secs] 
253.333: Total time for which application threads were stopped: 0.0009920 seconds, Stopping threads took: 0.0000700 seconds
253.418: Application time: 0.0854350 seconds
253.419: [GC [PSYoungGen: 36875K->1760K(37888K)] 76659K->41599K(77824K), 0.0008490 secs] [Times: user=0.00 sys=0.00, real=0.00 secs] 
253.419: [Full GC [PSYoungGen: 1760K->0K(37888K)] [ParOldGen: 39839K->8176K(39424K)] 41599K->8176K(77312K) [PSPermGen: 5184K->5184K(21504K)], 0.0050610 secs] [Times: user=0.02 sys=0.01, real=0.00 secs] 
253.425: Total time for which application threads were stopped: 0.0061290 seconds, Stopping threads took: 0.0000930 seconds
253.507: Application time: 0.0822340 seconds
253.507: [GC [PSYoungGen: 34646K->2320K(36864K)] 42823K->10496K(76288K), 0.0009880 secs] [Times: user=0.01 sys=0.00, real=0.00 secs] 
253.508: Total time for which application threads were stopped: 0.0011670 seconds, Stopping threads took: 0.0001040 seconds
253.590: Application time: 0.0819810 seconds
253.590: [GC [PSYoungGen: 36371K->3328K(37376K)] 44548K->11580K(76800K), 0.0012560 secs] [Times: user=0.01 sys=0.00, real=0.00 secs] 
253.591: Total time for which application threads were stopped: 0.0014130 seconds, Stopping threads took: 0.0000800 seconds
253.675: Application time: 0.0834270 seconds
253.675: [GC [PSYoungGen: 36797K->1280K(34816K)] 45050K->9580K(74240K), 0.0005890 secs] [Times: user=0.00 sys=0.00, real=0.00 secs] 
253.675: Total time for which application threads were stopped: 0.0007470 seconds, Stopping threads took: 0.0000930 seconds
253.753: Application time: 0.0779660 seconds
253.754: [GC [PSYoungGen: 34219K->3328K(37376K)] 42519K->11628K(76800K), 0.0012300 secs] [Times: user=0.01 sys=0.00, real=0.01 secs] 
253.755: Total time for which application threads were stopped: 0.0013810 seconds, Stopping threads took: 0.0000760 seconds
253.836: Application time: 0.0809080 seconds
253.836: [GC [PSYoungGen: 36281K->2272K(37376K)] 44582K->10572K(76800K), 0.0008390 secs] [Times: user=0.01 sys=0.00, real=0.00 secs] 
253.837: Total time for which application threads were stopped: 0.0009990 seconds, Stopping threads took: 0.0000890 seconds
253.917: Application time: 0.0802830 seconds
253.917: [GC [PSYoungGen: 35530K->2912K(44032K)] 43830K->11212K(83456K), 0.0009090 secs] [Times: user=0.01 sys=0.00, real=0.00 secs] 
253.918: Total time for which application threads were stopped: 0.0010510 seconds, Stopping threads took: 0.0000730 seconds
254.016: Application time: 0.0981300 seconds
254.016: [GC [PSYoungGen: 42550K->1280K(40448K)] 50851K->9732K(79872K), 0.0006250 secs] [Times: user=0.00 sys=0.00, real=0.00 secs] 
254.018: Total time for which application threads were stopped: 0.0016790 seconds, Stopping threads took: 0.0000830 seconds
254.111: Application time: 0.0927130 seconds
254.111: [GC [PSYoungGen: 40114K->2336K(40960K)] 48567K->10788K(80384K), 0.0008550 secs] [Times: user=0.00 sys=0.00, real=0.00 secs] 
254.112: Total time for which application threads were stopped: 0.0011090 seconds, Stopping threads took: 0.0001850 seconds
254.203: Application time: 0.0909260 seconds
254.203: [GC [PSYoungGen: 39988K->2304K(39424K)] 48440K->10873K(78848K), 0.0009950 secs] [Times: user=0.00 sys=0.00, real=0.00 secs] 
254.204: Total time for which application threads were stopped: 0.0012290 seconds, Stopping threads took: 0.0001630 seconds
254.292: Application time: 0.0885880 seconds
254.293: [GC [PSYoungGen: 38853K->2304K(38912K)] 47422K->10921K(78336K), 0.0008730 secs] [Times: user=0.01 sys=0.00, real=0.00 secs] 
254.293: Total time for which application threads were stopped: 0.0010140 seconds, Stopping threads took: 0.0000720 seconds
254.381: Application time: 0.0877270 seconds
254.381: [GC [PSYoungGen: 38340K->1792K(37888K)] 46956K->10409K(77312K), 0.0007250 secs] [Times: user=0.00 sys=0.00, real=0.00 secs] 
254.382: Total time for which application threads were stopped: 0.0008540 seconds, Stopping threads took: 0.0000610 seconds
254.466: Application time: 0.0835250 seconds
254.466: [GC [PSYoungGen: 37305K->3296K(38912K)] 45922K->11913K(78336K), 0.0012430 secs] [Times: user=0.01 sys=0.00, real=0.01 secs] 
254.467: Total time for which application threads were stopped: 0.0014080 seconds, Stopping threads took: 0.0000910 seconds
254.555: Application time: 0.0878920 seconds
254.555: [GC [PSYoungGen: 38544K->1280K(36352K)] 47161K->9897K(75776K), 0.0005710 secs] [Times: user=0.00 sys=0.00, real=0.00 secs] 
254.556: Total time for which application threads were stopped: 0.0007150 seconds, Stopping threads took: 0.0000650 seconds
254.636: Application time: 0.0807050 seconds
254.636: [GC [PSYoungGen: 35845K->2272K(37888K)] 44462K->11005K(77312K), 0.0009580 secs] [Times: user=0.00 sys=0.00, real=0.00 secs] 
254.637: Total time for which application threads were stopped: 0.0010970 seconds, Stopping threads took: 0.0000730 seconds
254.722: Application time: 0.0841510 seconds
254.722: [GC [PSYoungGen: 36330K->1760K(35840K)] 45063K->10541K(75264K), 0.0007500 secs] [Times: user=0.00 sys=0.00, real=0.00 secs] 
254.723: Total time for which application threads were stopped: 0.0009730 seconds, Stopping threads took: 0.0001590 seconds
254.804: Application time: 0.0818940 seconds
254.805: [GC [PSYoungGen: 35460K->768K(36864K)] 44241K->9597K(76288K), 0.0004980 secs] [Times: user=0.00 sys=0.00, real=0.00 secs] 
254.805: Total time for which application threads were stopped: 0.0006620 seconds, Stopping threads took: 0.0001030 seconds
254.882: Application time: 0.0773040 seconds
254.883: [GC [PSYoungGen: 33709K->2240K(35328K)] 42538K->11177K(74752K), 0.0009290 secs] [Times: user=0.00 sys=0.00, real=0.00 secs] 
254.883: Total time for which application threads were stopped: 0.0010700 seconds, Stopping threads took: 0.0000740 seconds
254.963: Application time: 0.0792310 seconds
254.963: [GC [PSYoungGen: 34671K->1728K(34816K)] 43608K->10665K(74240K), 0.0008270 secs] [Times: user=0.00 sys=0.00, real=0.00 secs] 
254.964: Total time for which application threads were stopped: 0.0010040 seconds, Stopping threads took: 0.0001070 seconds
255.041: Application time: 0.0776800 seconds
255.042: [GC [PSYoungGen: 33653K->1280K(33280K)] 42590K->10217K(72704K), 0.0005790 secs] [Times: user=0.01 sys=0.00, real=0.00 secs] 
255.042: Total time for which application threads were stopped: 0.0007530 seconds, Stopping threads took: 0.0001150 seconds
255.119: Application time: 0.0767360 seconds
255.119: [GC [PSYoungGen: 32759K->1280K(34304K)] 41696K->10217K(73728K), 0.0005970 secs] [Times: user=0.00 sys=0.00, real=0.00 secs] 
255.120: Total time for which application threads were stopped: 0.0007380 seconds, Stopping threads took: 0.0000640 seconds
255.193: Application time: 0.0737250 seconds
255.193: [GC [PSYoungGen: 32312K->2304K(33280K)] 41250K->11289K(72704K), 0.0009140 secs] [Times: user=0.01 sys=0.00, real=0.00 secs] 
255.194: Total time for which application threads were stopped: 0.0010530 seconds, Stopping threads took: 0.0000720 seconds
255.268: Application time: 0.0737600 seconds
255.268: [GC [PSYoungGen: 32750K->2272K(33280K)] 41736K->11337K(72704K), 0.0009200 secs] [Times: user=0.00 sys=0.00, real=0.00 secs] 
255.269: Total time for which application threads were stopped: 0.0010500 seconds, Stopping threads took: 0.0000630 seconds
255.342: Application time: 0.0731490 seconds
255.343: [GC [PSYoungGen: 32130K->1792K(31744K)] 41196K->10921K(71168K), 0.0007720 secs] [Times: user=0.00 sys=0.00, real=0.00 secs] 
255.343: Total time for which application threads were stopped: 0.0009080 seconds, Stopping threads took: 0.0000710 seconds
255.414: Application time: 0.0709320 seconds
255.414: [GC [PSYoungGen: 31359K->2320K(33280K)] 40488K->11449K(72704K), 0.0009110 secs] [Times: user=0.01 sys=0.00, real=0.01 secs] 
255.415: Total time for which application threads were stopped: 0.0011200 seconds, Stopping threads took: 0.0001390 seconds
255.487: Application time: 0.0718950 seconds
255.487: [GC [PSYoungGen: 31743K->1280K(30720K)] 40872K->10525K(70144K), 0.0006380 secs] [Times: user=0.00 sys=0.00, real=0.00 secs] 
255.488: Total time for which application threads were stopped: 0.0008470 seconds, Stopping threads took: 0.0001430 seconds
255.560: Application time: 0.0714220 seconds
255.560: [GC [PSYoungGen: 30100K->1248K(31744K)] 39345K->10541K(71168K), 0.0005960 secs] [Times: user=0.00 sys=0.00, real=0.00 secs] 
255.560: Total time for which application threads were stopped: 0.0007230 seconds, Stopping threads took: 0.0000670 seconds
255.629: Application time: 0.0682810 seconds
255.629: [GC [PSYoungGen: 29552K->1280K(29696K)] 38845K->10573K(69120K), 0.0005980 secs] [Times: user=0.01 sys=0.00, real=0.00 secs] 
255.629: Total time for which application threads were stopped: 0.0007360 seconds, Stopping threads took: 0.0000650 seconds
255.697: Application time: 0.0672580 seconds
255.697: [GC [PSYoungGen: 29068K->2816K(31744K)] 38361K->12109K(71168K), 0.0010430 secs] [Times: user=0.01 sys=0.00, real=0.00 secs] 
255.698: Total time for which application threads were stopped: 0.0011870 seconds, Stopping threads took: 0.0000720 seconds
255.765: Application time: 0.0673180 seconds
255.765: [GC [PSYoungGen: 30688K->2272K(31744K)] 39981K->11565K(71168K), 0.0008630 secs] [Times: user=0.00 sys=0.00, real=0.00 secs] 
255.766: Total time for which application threads were stopped: 0.0009970 seconds, Stopping threads took: 0.0000680 seconds
255.834: Application time: 0.0677430 seconds
255.834: [GC [PSYoungGen: 30218K->2848K(36864K)] 39512K->12181K(76288K), 0.0009080 secs] [Times: user=0.00 sys=0.00, real=0.01 secs] 
255.835: Total time for which application threads were stopped: 0.0010640 seconds, Stopping threads took: 0.0000870 seconds
255.916: Application time: 0.0816040 seconds
255.917: [GC [PSYoungGen: 35875K->2304K(37376K)] 45209K->11721K(76800K), 0.0008990 secs] [Times: user=0.01 sys=0.00, real=0.00 secs] 
255.917: Total time for which application threads were stopped: 0.0010380 seconds, Stopping threads took: 0.0000700 seconds
255.998: Application time: 0.0807350 seconds
255.998: [GC [PSYoungGen: 35255K->1792K(43520K)] 44673K->11257K(82944K), 0.0006250 secs] [Times: user=0.00 sys=0.01, real=0.00 secs] 
255.999: Total time for which application threads were stopped: 0.0007520 seconds, Stopping threads took: 0.0000630 seconds
256.092: Application time: 0.0931180 seconds
256.092: [GC [PSYoungGen: 41216K->3408K(43520K)] 50682K->12873K(82944K), 0.0010810 secs] [Times: user=0.01 sys=0.00, real=0.00 secs] 
256.093: Total time for which application threads were stopped: 0.0012300 seconds, Stopping threads took: 0.0000740 seconds
256.193: Application time: 0.0997170 seconds
256.193: [GC [PSYoungGen: 43048K->1280K(40448K)] 52514K->10901K(79872K), 0.0005980 secs] [Times: user=0.00 sys=0.00, real=0.00 secs] 
256.194: Total time for which application threads were stopped: 0.0007580 seconds, Stopping threads took: 0.0000810 seconds
256.288: Application time: 0.0937890 seconds
256.288: [GC [PSYoungGen: 39880K->2304K(40448K)] 49501K->11925K(79872K), 0.0007430 secs] [Times: user=0.00 sys=0.00, real=0.00 secs] 
256.288: Total time for which application threads were stopped: 0.0008820 seconds, Stopping threads took: 0.0000750 seconds
256.381: Application time: 0.0927440 seconds
256.381: [GC [PSYoungGen: 39962K->1280K(38400K)] 49584K->10901K(77824K), 0.0005600 secs] [Times: user=0.00 sys=0.00, real=0.00 secs] 
256.382: Total time for which application threads were stopped: 0.0006830 seconds, Stopping threads took: 0.0000560 seconds
256.470: Application time: 0.0879280 seconds
256.470: [GC [PSYoungGen: 37906K->1280K(37888K)] 47528K->10941K(77312K), 0.0006290 secs] [Times: user=0.01 sys=0.00, real=0.00 secs] 
256.471: Total time for which application threads were stopped: 0.0007700 seconds, Stopping threads took: 0.0000740 seconds
256.557: Application time: 0.0867880 seconds
256.558: [GC [PSYoungGen: 37385K->2816K(38912K)] 47047K->12517K(78336K), 0.0010260 secs] [Times: user=0.01 sys=0.00, real=0.00 secs] 
256.559: Total time for which application threads were stopped: 0.0011760 seconds, Stopping threads took: 0.0000760 seconds
256.647: Application time: 0.0884890 seconds
256.647: [GC [PSYoungGen: 38420K->1248K(36864K)] 48121K->10997K(76288K), 0.0006920 secs] [Times: user=0.00 sys=0.00, real=0.00 secs] 
256.648: Total time for which application threads were stopped: 0.0008170 seconds, Stopping threads took: 0.0000620 seconds
256.733: Application time: 0.0846650 seconds
256.733: [GC [PSYoungGen: 36564K->1840K(36864K)] 46314K->11638K(76288K), 0.0008580 secs] [Times: user=0.00 sys=0.00, real=0.00 secs] 
256.734: Total time for which application threads were stopped: 0.0010030 seconds, Stopping threads took: 0.0000590 seconds
256.816: Application time: 0.0823520 seconds
256.816: [GC [PSYoungGen: 36331K->1792K(36352K)] 46129K->11742K(75776K), 0.0007960 secs] [Times: user=0.01 sys=0.00, real=0.00 secs] 
256.817: Total time for which application threads were stopped: 0.0009240 seconds, Stopping threads took: 0.0000620 seconds
256.898: Application time: 0.0814740 seconds
256.898: [GC [PSYoungGen: 35767K->2304K(36352K)] 45717K->12254K(75776K), 0.0009070 secs] [Times: user=0.00 sys=0.00, real=0.00 secs] 
256.899: Total time for which application threads were stopped: 0.0010450 seconds, Stopping threads took: 0.0000680 seconds
256.981: Application time: 0.0815430 seconds
256.981: [GC [PSYoungGen: 35767K->2304K(35840K)] 45717K->12254K(75264K), 0.0009000 secs] [Times: user=0.00 sys=0.00, real=0.00 secs] 
256.982: Total time for which application threads were stopped: 0.0010590 seconds, Stopping threads took: 0.0000890 seconds
257.061: Application time: 0.0788640 seconds
257.061: [GC [PSYoungGen: 35407K->2304K(35840K)] 45358K->12254K(75264K), 0.0009010 secs] [Times: user=0.01 sys=0.00, real=0.00 secs] 
257.062: Total time for which application threads were stopped: 0.0010500 seconds, Stopping threads took: 0.0000810 seconds
257.142: Application time: 0.0797150 seconds
257.142: [GC [PSYoungGen: 34741K->1760K(34304K)] 44691K->11790K(73728K), 0.0007260 secs] [Times: user=0.01 sys=0.00, real=0.00 secs] 
257.142: Total time for which application threads were stopped: 0.0008610 seconds, Stopping threads took: 0.0000730 seconds
257.221: Application time: 0.0787800 seconds
257.221: [GC [PSYoungGen: 33841K->768K(34816K)] 43871K->10798K(74240K), 0.0004650 secs] [Times: user=0.00 sys=0.00, real=0.00 secs] 
257.222: Total time for which application threads were stopped: 0.0006040 seconds, Stopping threads took: 0.0000740 seconds
257.296: Application time: 0.0743460 seconds
257.296: [GC [PSYoungGen: 32152K->2240K(33792K)] 42182K->12346K(73216K), 0.0009430 secs] [Times: user=0.00 sys=0.00, real=0.00 secs] 
257.297: Total time for which application threads were stopped: 0.0011210 seconds, Stopping threads took: 0.0000990 seconds
257.374: Application time: 0.0764890 seconds
257.374: [GC [PSYoungGen: 33454K->768K(33792K)] 43561K->10874K(73216K), 0.0005060 secs] [Times: user=0.00 sys=0.00, real=0.00 secs] 
257.375: Total time for which application threads were stopped: 0.0006930 seconds, Stopping threads took: 0.0001250 seconds
257.447: Application time: 0.0729420 seconds
257.448: [GC [PSYoungGen: 31128K->1760K(32256K)] 41234K->12018K(71680K), 0.0007710 secs] [Times: user=0.01 sys=0.00, real=0.00 secs] 
257.448: Total time for which application threads were stopped: 0.0008980 seconds, Stopping threads took: 0.0000600 seconds
257.520: Application time: 0.0713860 seconds
257.520: [GC [PSYoungGen: 31604K->2816K(32768K)] 41862K->13074K(72192K), 0.0010460 secs] [Times: user=0.00 sys=0.00, real=0.00 secs] 
257.521: Total time for which application threads were stopped: 0.0012050 seconds, Stopping threads took: 0.0000850 seconds
257.593: Application time: 0.0717730 seconds
257.593: [GC [PSYoungGen: 32160K->1792K(31232K)] 42419K->12050K(70656K), 0.0007510 secs] [Times: user=0.00 sys=0.00, real=0.00 secs] 
257.594: Total time for which application threads were stopped: 0.0008920 seconds, Stopping threads took: 0.0000720 seconds
257.665: Application time: 0.0714560 seconds
257.665: [GC [PSYoungGen: 30694K->736K(31744K)] 40953K->10994K(71168K), 0.0004730 secs] [Times: user=0.00 sys=0.00, real=0.00 secs] 
257.666: Total time for which application threads were stopped: 0.0006470 seconds, Stopping threads took: 0.0001090 seconds
257.733: Application time: 0.0672160 seconds
257.733: [GC [PSYoungGen: 29118K->1792K(30208K)] 39376K->12098K(69632K), 0.0007480 secs] [Times: user=0.01 sys=0.00, real=0.00 secs] 
257.734: Total time for which application threads were stopped: 0.0008810 seconds, Stopping threads took: 0.0000650 seconds
257.802: Application time: 0.0682490 seconds
257.802: [GC [PSYoungGen: 29586K->1216K(30720K)] 39892K->11570K(70144K), 0.0006230 secs] [Times: user=0.00 sys=0.00, real=0.00 secs] 
257.803: Total time for which application threads were stopped: 0.0007850 seconds, Stopping threads took: 0.0000870 seconds
257.868: Application time: 0.0656160 seconds
257.869: [GC [PSYoungGen: 28646K->2272K(29696K)] 39000K->12626K(69120K), 0.0009180 secs] [Times: user=0.01 sys=0.00, real=0.00 secs] 
257.870: Total time for which application threads were stopped: 0.0010540 seconds, Stopping threads took: 0.0000680 seconds
257.936: Application time: 0.0668870 seconds
257.937: [GC [PSYoungGen: 29040K->1216K(29696K)] 39394K->11654K(69120K), 0.0006160 secs] [Times: user=0.00 sys=0.00, real=0.00 secs] 
257.937: Total time for which application threads were stopped: 0.0007420 seconds, Stopping threads took: 0.0000630 seconds
258.001: Application time: 0.0634600 seconds
258.001: [GC [PSYoungGen: 27542K->1760K(28160K)] 37980K->12198K(67584K), 0.0007810 secs] [Times: user=0.01 sys=0.00, real=0.00 secs] 
258.002: Total time for which application threads were stopped: 0.0009170 seconds, Stopping threads took: 0.0000700 seconds
258.062: Application time: 0.0605000 seconds
258.062: [GC [PSYoungGen: 27726K->2864K(28672K)] 38165K->13334K(68096K), 0.0010970 secs] [Times: user=0.01 sys=0.00, real=0.00 secs] 
258.063: Total time for which application threads were stopped: 0.0012690 seconds, Stopping threads took: 0.0000970 seconds
258.126: Application time: 0.0625120 seconds
258.126: [GC [PSYoungGen: 28088K->2304K(29184K)] 38558K->12882K(68608K), 0.0009280 secs] [Times: user=0.00 sys=0.00, real=0.01 secs] 
258.127: Total time for which application threads were stopped: 0.0011530 seconds, Stopping threads took: 0.0001530 seconds
258.189: Application time: 0.0621020 seconds
258.189: [GC [PSYoungGen: 27525K->2304K(34304K)] 38104K->12882K(73728K), 0.0007480 secs] [Times: user=0.00 sys=0.00, real=0.00 secs] 
258.190: Total time for which application threads were stopped: 0.0008820 seconds, Stopping threads took: 0.0000670 seconds
258.263: Application time: 0.0728040 seconds
258.263: [GC [PSYoungGen: 32742K->3328K(34304K)] 43321K->13906K(73728K), 0.0012690 secs] [Times: user=0.00 sys=0.00, real=0.00 secs] 
258.264: Total time for which application threads were stopped: 0.0014180 seconds, Stopping threads took: 0.0000750 seconds
258.339: Application time: 0.0752320 seconds
258.340: [GC [PSYoungGen: 33791K->1280K(40960K)] 44370K->11922K(80384K), 0.0005280 secs] [Times: user=0.00 sys=0.00, real=0.00 secs] 
258.340: Total time for which application threads were stopped: 0.0006690 seconds, Stopping threads took: 0.0000680 seconds
258.427: Application time: 0.0872780 seconds
258.427: [GC [PSYoungGen: 37823K->2272K(40960K)] 48466K->12962K(80384K), 0.0007410 secs] [Times: user=0.00 sys=0.00, real=0.00 secs] 
258.428: Total time for which application threads were stopped: 0.0008770 seconds, Stopping threads took: 0.0000700 seconds
258.517: Application time: 0.0884970 seconds
258.517: [GC [PSYoungGen: 38898K->2304K(38912K)] 49588K->12994K(78336K), 0.0007300 secs] [Times: user=0.00 sys=0.00, real=0.00 secs] 
258.518: Total time for which application threads were stopped: 0.0008680 seconds, Stopping threads took: 0.0000670 seconds
258.605: Application time: 0.0873410 seconds
258.605: [GC [PSYoungGen: 38416K->2304K(38400K)] 49107K->13042K(77824K), 0.0008680 secs] [Times: user=0.00 sys=0.00, real=0.00 secs] 
258.606: Total time for which application threads were stopped: 0.0010010 seconds, Stopping threads took: 0.0000610 seconds
258.694: Application time: 0.0880940 seconds
258.694: [GC [PSYoungGen: 38140K->1280K(36864K)] 48879K->12082K(76288K), 0.0005980 secs] [Times: user=0.00 sys=0.00, real=0.01 secs] 
258.695: Total time for which application threads were stopped: 0.0007260 seconds, Stopping threads took: 0.0000630 seconds
258.778: Application time: 0.0830160 seconds
258.778: [GC [PSYoungGen: 36279K->2816K(37888K)] 47082K->13763K(77312K), 0.0010400 secs] [Times: user=0.01 sys=0.00, real=0.00 secs] 
258.779: Total time for which application threads were stopped: 0.0011850 seconds, Stopping threads took: 0.0000700 seconds
258.863: Application time: 0.0838650 seconds
258.863: [GC [PSYoungGen: 37305K->2816K(41984K)] 48252K->14275K(81408K), 0.0012000 secs] [Times: user=0.01 sys=0.00, real=0.00 secs] 
258.864: Total time for which application threads were stopped: 0.0013570 seconds, Stopping threads took: 0.0000720 seconds
258.960: Application time: 0.0953220 seconds
258.960: [GC [PSYoungGen: 41584K->1280K(39424K)] 53043K->12738K(78848K), 0.0005510 secs] [Times: user=0.01 sys=0.00, real=0.00 secs] 
258.960: Total time for which application threads were stopped: 0.0006940 seconds, Stopping threads took: 0.0000810 seconds
259.051: Application time: 0.0904550 seconds
259.051: [GC [PSYoungGen: 38849K->2784K(39936K)] 50308K->14319K(79360K), 0.0012010 secs] [Times: user=0.00 sys=0.00, real=0.00 secs] 
259.052: Total time for which application threads were stopped: 0.0017730 seconds, Stopping threads took: 0.0000760 seconds
259.141: Application time: 0.0889180 seconds
259.142: [GC [PSYoungGen: 39414K->1792K(38400K)] 50949K->13327K(77824K), 0.0007740 secs] [Times: user=0.01 sys=0.00, real=0.00 secs] 
259.142: Total time for which application threads were stopped: 0.0009100 seconds, Stopping threads took: 0.0000720 seconds
259.229: Application time: 0.0865760 seconds
259.229: [GC [PSYoungGen: 37899K->2816K(40448K)] 49434K->14391K(79872K), 0.0010930 secs] [Times: user=0.00 sys=0.00, real=0.00 secs] 
259.230: Total time for which application threads were stopped: 0.0012330 seconds, Stopping threads took: 0.0000680 seconds
259.318: Application time: 0.0880880 seconds
259.318: [GC [PSYoungGen: 39008K->2304K(38400K)] 50583K->13927K(77824K), 0.0009460 secs] [Times: user=0.00 sys=0.00, real=0.00 secs] 
259.319: Total time for which application threads were stopped: 0.0010910 seconds, Stopping threads took: 0.0000770 seconds
259.404: Application time: 0.0848390 seconds
259.404: [GC [PSYoungGen: 37978K->2832K(39936K)] 49601K->14539K(79360K), 0.0010640 secs] [Times: user=0.01 sys=0.00, real=0.00 secs] 
259.405: Total time for which application threads were stopped: 0.0012240 seconds, Stopping threads took: 0.0000780 seconds
259.494: Application time: 0.0888860 seconds
259.494: [GC [PSYoungGen: 38358K->1280K(36864K)] 50065K->13083K(76288K), 0.0006410 secs] [Times: user=0.00 sys=0.00, real=0.01 secs] 
259.495: Total time for which application threads were stopped: 0.0007820 seconds, Stopping threads took: 0.0000740 seconds
259.580: Application time: 0.0844820 seconds
259.580: [GC [PSYoungGen: 36438K->2304K(38400K)] 48241K->14107K(77824K), 0.0009110 secs] [Times: user=0.00 sys=0.00, real=0.00 secs] 
259.581: Total time for which application threads were stopped: 0.0010720 seconds, Stopping threads took: 0.0000890 seconds
259.664: Application time: 0.0836160 seconds
259.664: [GC [PSYoungGen: 36791K->2784K(38912K)] 48594K->14663K(78336K), 0.0011010 secs] [Times: user=0.01 sys=0.00, real=0.00 secs] 
259.665: Total time for which application threads were stopped: 0.0012460 seconds, Stopping threads took: 0.0000770 seconds
259.752: Application time: 0.0867660 seconds
259.752: [GC [PSYoungGen: 37281K->1280K(35840K)] 49161K->13159K(75264K), 0.0005480 secs] [Times: user=0.00 sys=0.00, real=0.00 secs] 
259.753: Total time for which application threads were stopped: 0.0006730 seconds, Stopping threads took: 0.0000620 seconds
259.833: Application time: 0.0804530 seconds
259.833: [GC [PSYoungGen: 35331K->2304K(36352K)] 47210K->14183K(75776K), 0.0009170 secs] [Times: user=0.00 sys=0.00, real=0.00 secs] 
259.834: Total time for which application threads were stopped: 0.0010660 seconds, Stopping threads took: 0.0000820 seconds
259.915: Application time: 0.0804970 seconds
259.915: [GC [PSYoungGen: 35915K->3360K(42496K)] 47794K->15279K(81920K), 0.0010750 secs] [Times: user=0.00 sys=0.00, real=0.00 secs] 
259.916: Total time for which application threads were stopped: 0.0012230 seconds, Stopping threads took: 0.0000720 seconds
260.011: Application time: 0.0947460 seconds
260.011: [GC [PSYoungGen: 41689K->2336K(42496K)] 53608K->14335K(81920K), 0.0009900 secs] [Times: user=0.01 sys=0.00, real=0.00 secs] 
260.012: Total time for which application threads were stopped: 0.0011450 seconds, Stopping threads took: 0.0000900 seconds
260.104: Application time: 0.0921620 seconds
260.105: [GC [PSYoungGen: 40424K->2784K(50176K)] 52423K->14895K(89600K), 0.0009990 secs] [Times: user=0.01 sys=0.00, real=0.00 secs] 
260.106: Total time for which application threads were stopped: 0.0017510 seconds, Stopping threads took: 0.0006740 seconds
260.220: Application time: 0.1142530 seconds
260.220: [GC [PSYoungGen: 48760K->768K(46080K)] 60871K->12879K(85504K), 0.0004970 secs] [Times: user=0.01 sys=0.00, real=0.00 secs] 
260.221: Total time for which application threads were stopped: 0.0006620 seconds, Stopping threads took: 0.0000970 seconds
260.329: Application time: 0.1083750 seconds
260.329: [GC [PSYoungGen: 45534K->2304K(47104K)] 57646K->14503K(86528K), 0.0008790 secs] [Times: user=0.01 sys=0.00, real=0.00 secs] 
260.330: Total time for which application threads were stopped: 0.0010130 seconds, Stopping threads took: 0.0000650 seconds
260.437: Application time: 0.1062800 seconds
260.437: [GC [PSYoungGen: 46048K->2304K(45568K)] 58248K->14503K(84992K), 0.0008980 secs] [Times: user=0.00 sys=0.00, real=0.00 secs] 
260.438: Total time for which application threads were stopped: 0.0010560 seconds, Stopping threads took: 0.0000800 seconds
260.542: Application time: 0.1045930 seconds
260.542: [GC [PSYoungGen: 45257K->1792K(45056K)] 57457K->13991K(84480K), 0.0007430 secs] [Times: user=0.00 sys=0.01, real=0.00 secs] 
260.543: Total time for which application threads were stopped: 0.0009940 seconds, Stopping threads took: 0.0001810 seconds
260.646: Application time: 0.1023940 seconds
260.646: [GC [PSYoungGen: 43558K->1792K(43008K)] 55758K->14115K(82432K), 0.0008430 secs] [Times: user=0.00 sys=0.00, real=0.00 secs] 
260.647: Total time for which application threads were stopped: 0.0009750 seconds, Stopping threads took: 0.0000650 seconds
260.745: Application time: 0.0985490 seconds
260.745: [GC [PSYoungGen: 42610K->1280K(42496K)] 54934K->13643K(81920K), 0.0006500 secs] [Times: user=0.00 sys=0.00, real=0.00 secs] 
260.746: Total time for which application threads were stopped: 0.0007910 seconds, Stopping threads took: 0.0000740 seconds
260.842: Application time: 0.0959730 seconds
260.842: [GC [PSYoungGen: 41066K->1760K(40960K)] 53430K->14203K(80384K), 0.0008290 secs] [Times: user=0.00 sys=0.00, real=0.00 secs] 
260.843: Total time for which application threads were stopped: 0.0009730 seconds, Stopping threads took: 0.0000700 seconds
260.936: Application time: 0.0929300 seconds
260.936: [GC [PSYoungGen: 40360K->2816K(41472K)] 52803K->15331K(80896K), 0.0010530 secs] [Times: user=0.00 sys=0.00, real=0.00 secs] 
260.937: Total time for which application threads were stopped: 0.0012040 seconds, Stopping threads took: 0.0000790 seconds
261.030: Application time: 0.0928990 seconds
261.030: [GC [PSYoungGen: 40398K->1280K(38400K)] 52914K->13795K(77824K), 0.0006710 secs] [Times: user=0.01 sys=0.00, real=0.00 secs] 
261.031: Total time for which application threads were stopped: 0.0009130 seconds, Stopping threads took: 0.0001600 seconds
261.118: Application time: 0.0876690 seconds
261.119: [GC [PSYoungGen: 37902K->2304K(38912K)] 50417K->14819K(78336K), 0.0009590 secs] [Times: user=0.00 sys=0.01, real=0.00 secs] 
261.120: Total time for which application threads were stopped: 0.0011060 seconds, Stopping threads took: 0.0000760 seconds
261.206: Application time: 0.0862860 seconds
261.206: [GC [PSYoungGen: 38490K->3360K(39424K)] 51006K->15915K(78848K), 0.0012250 secs] [Times: user=0.01 sys=0.00, real=0.01 secs] 
261.207: Total time for which application threads were stopped: 0.0013820 seconds, Stopping threads took: 0.0000830 seconds
261.297: Application time: 0.0901550 seconds
261.298: [GC [PSYoungGen: 39042K->1792K(38912K)] 51598K->14427K(78336K), 0.0007590 secs] [Times: user=0.01 sys=0.00, real=0.00 secs] 
261.298: Total time for which application threads were stopped: 0.0009070 seconds, Stopping threads took: 0.0000760 seconds
261.382: Application time: 0.0837330 seconds
261.382: [GC [PSYoungGen: 36871K->2304K(37376K)] 49507K->15024K(76800K), 0.0009340 secs] [Times: user=0.00 sys=0.00, real=0.00 secs] 
261.383: Total time for which application threads were stopped: 0.0010800 seconds, Stopping threads took: 0.0000740 seconds
261.467: Application time: 0.0834860 seconds
261.467: [GC [PSYoungGen: 36876K->2272K(36864K)] 49596K->15040K(76288K), 0.0009470 secs] [Times: user=0.01 sys=0.00, real=0.00 secs] 
261.468: Total time for which application threads were stopped: 0.0011050 seconds, Stopping threads took: 0.0000870 seconds
261.551: Application time: 0.0830090 seconds
261.551: [GC [PSYoungGen: 36329K->1760K(35840K)] 49097K->14568K(75264K), 0.0007420 secs] [Times: user=0.01 sys=0.00, real=0.00 secs] 
261.552: Total time for which application threads were stopped: 0.0008780 seconds, Stopping threads took: 0.0000620 seconds
261.634: Application time: 0.0827240 seconds
261.634: [GC [PSYoungGen: 35227K->736K(36864K)] 48035K->13616K(76288K), 0.0004480 secs] [Times: user=0.00 sys=0.00, real=0.01 secs] 
261.635: Total time for which application threads were stopped: 0.0005890 seconds, Stopping threads took: 0.0000760 seconds
261.713: Application time: 0.0778590 seconds
261.713: [GC [PSYoungGen: 33677K->1760K(34816K)] 46557K->14640K(74240K), 0.0008320 secs] [Times: user=0.01 sys=0.00, real=0.00 secs] 
261.714: Total time for which application threads were stopped: 0.0009780 seconds, Stopping threads took: 0.0000760 seconds
261.792: Application time: 0.0786520 seconds
261.793: [GC [PSYoungGen: 34267K->2304K(35328K)] 47147K->15184K(74752K), 0.0008790 secs] [Times: user=0.00 sys=0.00, real=0.00 secs] 
261.793: Total time for which application threads were stopped: 0.0010170 seconds, Stopping threads took: 0.0000690 seconds
261.871: Application time: 0.0775600 seconds
261.871: [GC [PSYoungGen: 34381K->1760K(33792K)] 47261K->14696K(73216K), 0.0008110 secs] [Times: user=0.01 sys=0.00, real=0.00 secs] 
261.872: Total time for which application threads were stopped: 0.0009430 seconds, Stopping threads took: 0.0000710 seconds
261.949: Application time: 0.0768470 seconds
261.949: [GC [PSYoungGen: 33317K->1792K(34304K)] 46253K->14808K(73728K), 0.0007700 secs] [Times: user=0.00 sys=0.00, real=0.00 secs] 
261.950: Total time for which application threads were stopped: 0.0008960 seconds, Stopping threads took: 0.0000610 seconds
262.023: Application time: 0.0730750 seconds
262.023: [GC [PSYoungGen: 32750K->2304K(33280K)] 45767K->15400K(72704K), 0.0009050 secs] [Times: user=0.00 sys=0.00, real=0.00 secs] 
262.024: Total time for which application threads were stopped: 0.0010450 seconds, Stopping threads took: 0.0000720 seconds
262.100: Application time: 0.0762750 seconds
262.100: [GC [PSYoungGen: 32755K->1792K(33280K)] 45851K->14944K(72704K), 0.0007340 secs] [Times: user=0.00 sys=0.00, real=0.00 secs] 
262.101: Total time for which application threads were stopped: 0.0009280 seconds, Stopping threads took: 0.0001170 seconds
262.173: Application time: 0.0723550 seconds
262.174: [GC [PSYoungGen: 31714K->2816K(33792K)] 44866K->16008K(73216K), 0.0010760 secs] [Times: user=0.01 sys=0.00, real=0.00 secs] 
262.175: Total time for which application threads were stopped: 0.0012260 seconds, Stopping threads took: 0.0000730 seconds
262.250: Application time: 0.0753260 seconds
262.250: [GC [PSYoungGen: 32689K->256K(30208K)] 45881K->13520K(69632K), 0.0003570 secs] [Times: user=0.00 sys=0.00, real=0.00 secs] 
262.250: Total time for which application threads were stopped: 0.0004730 seconds, Stopping threads took: 0.0000600 seconds
262.321: Application time: 0.0703420 seconds
262.321: [GC [PSYoungGen: 29588K->768K(32768K)] 42852K->14032K(72192K), 0.0004300 secs] [Times: user=0.00 sys=0.00, real=0.00 secs] 
262.321: Total time for which application threads were stopped: 0.0005690 seconds, Stopping threads took: 0.0000760 seconds
262.391: Application time: 0.0700060 seconds
262.391: [GC [PSYoungGen: 29586K->1216K(30208K)] 42850K->14480K(69632K), 0.0005870 secs] [Times: user=0.00 sys=0.00, real=0.00 secs] 
262.392: Total time for which application threads were stopped: 0.0007240 seconds, Stopping threads took: 0.0000710 seconds
262.460: Application time: 0.0677030 seconds
262.460: [GC [PSYoungGen: 29757K->1280K(29696K)] 43021K->14544K(69120K), 0.0006300 secs] [Times: user=0.00 sys=0.00, real=0.00 secs] 
262.461: Total time for which application threads were stopped: 0.0007720 seconds, Stopping threads took: 0.0000760 seconds
262.529: Application time: 0.0687630 seconds
262.529: [GC [PSYoungGen: 29076K->256K(28672K)] 42340K->13640K(68096K), 0.0004990 secs] [Times: user=0.00 sys=0.00, real=0.00 secs] 
262.530: Total time for which application threads were stopped: 0.0006260 seconds, Stopping threads took: 0.0000640 seconds
262.594: Application time: 0.0636580 seconds
262.594: [GC [PSYoungGen: 27603K->2304K(29696K)] 40988K->15688K(69120K), 0.0008960 secs] [Times: user=0.01 sys=0.00, real=0.00 secs] 
262.595: Total time for which application threads were stopped: 0.0010410 seconds, Stopping threads took: 0.0000720 seconds
262.664: Application time: 0.0693900 seconds
262.664: [GC [PSYoungGen: 29232K->224K(29696K)] 42617K->13656K(69120K), 0.0004340 secs] [Times: user=0.00 sys=0.00, real=0.00 secs] 
262.665: Total time for which application threads were stopped: 0.0005670 seconds, Stopping threads took: 0.0000670 seconds
262.726: Application time: 0.0613400 seconds
262.726: [GC [PSYoungGen: 26545K->1792K(28160K)] 39978K->15304K(67584K), 0.0007660 secs] [Times: user=0.00 sys=0.00, real=0.01 secs] 
262.727: Total time for which application threads were stopped: 0.0009000 seconds, Stopping threads took: 0.0000680 seconds
262.788: Application time: 0.0611910 seconds
262.788: [GC [PSYoungGen: 27604K->2304K(29696K)] 41116K->15864K(69120K), 0.0009470 secs] [Times: user=0.01 sys=0.00, real=0.00 secs] 
262.789: Total time for which application threads were stopped: 0.0010960 seconds, Stopping threads took: 0.0000750 seconds
262.852: Application time: 0.0630480 seconds
262.852: [GC [PSYoungGen: 28040K->2304K(29696K)] 41600K->15912K(69120K), 0.0008830 secs] [Times: user=0.01 sys=0.00, real=0.00 secs] 
262.853: Total time for which application threads were stopped: 0.0010210 seconds, Stopping threads took: 0.0000680 seconds
262.917: Application time: 0.0635860 seconds
262.917: [GC [PSYoungGen: 28044K->1280K(34816K)] 41652K->14888K(74240K), 0.0005400 secs] [Times: user=0.00 sys=0.00, real=0.00 secs] 
262.917: Total time for which application threads were stopped: 0.0006670 seconds, Stopping threads took: 0.0000670 seconds
262.991: Application time: 0.0737780 seconds
262.991: [GC [PSYoungGen: 32664K->3296K(35328K)] 46273K->16904K(74752K), 0.0011530 secs] [Times: user=0.01 sys=0.00, real=0.00 secs] 
262.993: Total time for which application threads were stopped: 0.0013140 seconds, Stopping threads took: 0.0000860 seconds
263.070: Application time: 0.0777970 seconds
263.071: [GC [PSYoungGen: 34709K->1792K(42496K)] 48318K->15400K(81920K), 0.0006580 secs] [Times: user=0.00 sys=0.00, real=0.00 secs] 
263.071: Total time for which application threads were stopped: 0.0008880 seconds, Stopping threads took: 0.0001650 seconds
263.163: Application time: 0.0920330 seconds
263.163: [GC [PSYoungGen: 40116K->1792K(39424K)] 53725K->15400K(78848K), 0.0006620 secs] [Times: user=0.00 sys=0.00, real=0.00 secs] 
263.164: Total time for which application threads were stopped: 0.0007810 seconds, Stopping threads took: 0.0000520 seconds
263.254: Application time: 0.0895410 seconds
263.254: [GC [PSYoungGen: 38930K->2304K(38912K)] 52538K->16028K(78336K), 0.0008650 secs] [Times: user=0.01 sys=0.00, real=0.00 secs] 
263.255: Total time for which application threads were stopped: 0.0010050 seconds, Stopping threads took: 0.0000630 seconds
263.344: Application time: 0.0895800 seconds
263.344: [GC [PSYoungGen: 38498K->1280K(37376K)] 52222K->15052K(76800K), 0.0006240 secs] [Times: user=0.01 sys=0.00, real=0.00 secs] 
263.345: Total time for which application threads were stopped: 0.0007650 seconds, Stopping threads took: 0.0000710 seconds
263.430: Application time: 0.0851860 seconds
263.430: [GC [PSYoungGen: 36950K->2816K(38912K)] 50722K->16668K(78336K), 0.0010610 secs] [Times: user=0.00 sys=0.00, real=0.00 secs] 
263.431: Total time for which application threads were stopped: 0.0012020 seconds, Stopping threads took: 0.0000650 seconds
263.518: Application time: 0.0862440 seconds
263.518: [GC [PSYoungGen: 37825K->1792K(36864K)] 51678K->15732K(76288K), 0.0007860 secs] [Times: user=0.00 sys=0.00, real=0.00 secs] 
263.519: Total time for which application threads were stopped: 0.0009150 seconds, Stopping threads took: 0.0000660 seconds
263.601: Application time: 0.0827610 seconds
263.601: [GC [PSYoungGen: 36281K->2304K(37376K)] 50222K->16244K(76800K), 0.0008960 secs] [Times: user=0.00 sys=0.00, real=0.00 secs] 
263.602: Total time for which application threads were stopped: 0.0010280 seconds, Stopping threads took: 0.0000660 seconds
263.686: Application time: 0.0839380 seconds
263.686: [GC [PSYoungGen: 36285K->1280K(35328K)] 50226K->15220K(74752K), 0.0005990 secs] [Times: user=0.01 sys=0.00, real=0.01 secs] 
263.687: Total time for which application threads were stopped: 0.0007280 seconds, Stopping threads took: 0.0000650 seconds
263.768: Application time: 0.0810500 seconds
263.768: [GC [PSYoungGen: 34976K->1792K(36352K)] 48917K->15732K(75776K), 0.0007580 secs] [Times: user=0.00 sys=0.00, real=0.00 secs] 
263.769: Total time for which application threads were stopped: 0.0008960 seconds, Stopping threads took: 0.0000660 seconds
263.848: Application time: 0.0792000 seconds
263.848: [GC [PSYoungGen: 34741K->1792K(34816K)] 48682K->15845K(74240K), 0.0007850 secs] [Times: user=0.01 sys=0.00, real=0.00 secs] 
263.849: Total time for which application threads were stopped: 0.0009220 seconds, Stopping threads took: 0.0000700 seconds
263.928: Application time: 0.0790800 seconds
263.928: [GC [PSYoungGen: 34386K->1216K(35328K)] 48439K->15269K(74752K), 0.0006470 secs] [Times: user=0.00 sys=0.00, real=0.00 secs] 
263.929: Total time for which application threads were stopped: 0.0007760 seconds, Stopping threads took: 0.0000660 seconds
264.005: Application time: 0.0763680 seconds
264.005: [GC [PSYoungGen: 33281K->2320K(34304K)] 47334K->16445K(73728K), 0.0009330 secs] [Times: user=0.01 sys=0.00, real=0.00 secs] 
264.006: Total time for which application threads were stopped: 0.0010730 seconds, Stopping threads took: 0.0000690 seconds
264.084: Application time: 0.0775970 seconds
264.084: [GC [PSYoungGen: 33803K->1760K(34304K)] 47928K->15961K(73728K), 0.0008400 secs] [Times: user=0.00 sys=0.00, real=0.00 secs] 
264.086: Total time for which application threads were stopped: 0.0016710 seconds, Stopping threads took: 0.0000620 seconds
264.161: Application time: 0.0755450 seconds
264.161: [GC [PSYoungGen: 32644K->1280K(32256K)] 46846K->15537K(71680K), 0.0006630 secs] [Times: user=0.00 sys=0.00, real=0.00 secs] 
264.162: Total time for which application threads were stopped: 0.0008820 seconds, Stopping threads took: 0.0001540 seconds
264.235: Application time: 0.0733300 seconds
264.236: [GC [PSYoungGen: 31646K->1792K(32768K)] 45903K->16049K(72192K), 0.0007250 secs] [Times: user=0.00 sys=0.00, real=0.00 secs] 
264.236: Total time for which application threads were stopped: 0.0008760 seconds, Stopping threads took: 0.0000840 seconds
264.308: Application time: 0.0719220 seconds
264.308: [GC [PSYoungGen: 31640K->2240K(32256K)] 45897K->16497K(71680K), 0.0009140 secs] [Times: user=0.01 sys=0.00, real=0.00 secs] 
264.309: Total time for which application threads were stopped: 0.0010640 seconds, Stopping threads took: 0.0000710 seconds
264.381: Application time: 0.0713390 seconds
264.381: [GC [PSYoungGen: 31574K->2816K(32256K)] 45831K->17073K(71680K), 0.0010810 secs] [Times: user=0.00 sys=0.00, real=0.00 secs] 
264.382: Total time for which application threads were stopped: 0.0012240 seconds, Stopping threads took: 0.0000710 seconds
264.451: Application time: 0.0691020 seconds
264.451: [GC [PSYoungGen: 31871K->2848K(32768K)] 46128K->17105K(72192K), 0.0011550 secs] [Times: user=0.00 sys=0.00, real=0.00 secs] 
264.452: Total time for which application threads were stopped: 0.0013030 seconds, Stopping threads took: 0.0000780 seconds
264.522: Application time: 0.0695660 seconds
264.522: [GC [PSYoungGen: 31750K->2304K(38912K)] 46008K->16677K(78336K), 0.0007940 secs] [Times: user=0.00 sys=0.00, real=0.00 secs] 
264.523: Total time for which application threads were stopped: 0.0009380 seconds, Stopping threads took: 0.0000740 seconds
264.609: Application time: 0.0858960 seconds
264.609: [GC [PSYoungGen: 37468K->1792K(38912K)] 51841K->16213K(78336K), 0.0007010 secs] [Times: user=0.00 sys=0.00, real=0.00 secs] 
264.609: Total time for which application threads were stopped: 0.0008370 seconds, Stopping threads took: 0.0000670 seconds
264.695: Application time: 0.0854920 seconds
264.695: [GC [PSYoungGen: 36950K->2832K(46080K)] 51371K->17329K(85504K), 0.0009670 secs] [Times: user=0.00 sys=0.00, real=0.00 secs] 
264.696: Total time for which application threads were stopped: 0.0011300 seconds, Stopping threads took: 0.0000930 seconds
264.798: Application time: 0.1018470 seconds
264.798: [GC [PSYoungGen: 45034K->2784K(46080K)] 59532K->17349K(85504K), 0.0010710 secs] [Times: user=0.00 sys=0.01, real=0.00 secs] 
264.799: Total time for which application threads were stopped: 0.0012090 seconds, Stopping threads took: 0.0000630 seconds
264.903: Application time: 0.1033690 seconds
264.903: [GC [PSYoungGen: 44988K->1792K(43520K)] 59554K->16357K(82944K), 0.0006550 secs] [Times: user=0.00 sys=0.00, real=0.00 secs] 
264.903: Total time for which application threads were stopped: 0.0008170 seconds, Stopping threads took: 0.0000860 seconds
265.005: Application time: 0.1011480 seconds
265.005: [GC [PSYoungGen: 42972K->768K(41472K)] 57538K->15333K(80896K), 0.0005500 secs] [Times: user=0.01 sys=0.00, real=0.00 secs] 
265.005: Total time for which application threads were stopped: 0.0006780 seconds, Stopping threads took: 0.0000680 seconds
265.101: Application time: 0.0956750 seconds
265.101: [GC [PSYoungGen: 41140K->2880K(42496K)] 55706K->17445K(81920K), 0.0009460 secs] [Times: user=0.01 sys=0.00, real=0.00 secs] 
265.102: Total time for which application threads were stopped: 0.0010870 seconds, Stopping threads took: 0.0000640 seconds
265.199: Application time: 0.0969580 seconds
265.199: [GC [PSYoungGen: 42080K->1792K(40448K)] 56646K->16473K(79872K), 0.0008600 secs] [Times: user=0.00 sys=0.00, real=0.00 secs] 
265.200: Total time for which application threads were stopped: 0.0010000 seconds, Stopping threads took: 0.0000730 seconds
265.291: Application time: 0.0910230 seconds
265.291: [GC [PSYoungGen: 39681K->1808K(39424K)] 54362K->16537K(78848K), 0.0006800 secs] [Times: user=0.01 sys=0.00, real=0.00 secs] 
265.292: Total time for which application threads were stopped: 0.0008000 seconds, Stopping threads took: 0.0000540 seconds
265.380: Application time: 0.0886990 seconds
265.381: [GC [PSYoungGen: 38865K->2816K(39424K)] 53595K->17689K(78848K), 0.0011270 secs] [Times: user=0.01 sys=0.00, real=0.00 secs] 
265.382: Total time for which application threads were stopped: 0.0012740 seconds, Stopping threads took: 0.0000730 seconds
265.469: Application time: 0.0873820 seconds
265.469: [GC [PSYoungGen: 38852K->2304K(38400K)] 53725K->17177K(77824K), 0.0008710 secs] [Times: user=0.00 sys=0.00, real=0.00 secs] 
265.470: Total time for which application threads were stopped: 0.0010100 seconds, Stopping threads took: 0.0000650 seconds
265.555: Application time: 0.0848950 seconds
265.555: [GC [PSYoungGen: 37823K->2272K(37888K)] 52697K->17145K(77312K), 0.0009520 secs] [Times: user=0.01 sys=0.00, real=0.00 secs] 
265.556: Total time for which application threads were stopped: 0.0010940 seconds, Stopping threads took: 0.0000720 seconds
265.641: Application time: 0.0844970 seconds
265.641: [GC [PSYoungGen: 37275K->2816K(37888K)] 52149K->17689K(77312K), 0.0010860 secs] [Times: user=0.01 sys=0.00, real=0.00 secs] 
265.642: Total time for which application threads were stopped: 0.0012390 seconds, Stopping threads took: 0.0000730 seconds
265.728: Application time: 0.0858380 seconds
265.728: [GC [PSYoungGen: 37550K->736K(35328K)] 52424K->15609K(74752K), 0.0005740 secs] [Times: user=0.00 sys=0.00, real=0.00 secs] 
265.728: Total time for which application threads were stopped: 0.0006980 seconds, Stopping threads took: 0.0000640 seconds
265.809: Application time: 0.0804320 seconds
265.809: [GC [PSYoungGen: 34709K->1728K(35840K)] 49583K->16725K(75264K), 0.0008500 secs] [Times: user=0.01 sys=0.00, real=0.00 secs] 
265.810: Total time for which application threads were stopped: 0.0009880 seconds, Stopping threads took: 0.0000690 seconds
265.891: Application time: 0.0815420 seconds
265.891: [GC [PSYoungGen: 35428K->1280K(34816K)] 50426K->16277K(74240K), 0.0006460 secs] [Times: user=0.00 sys=0.00, real=0.00 secs] 
265.892: Total time for which application threads were stopped: 0.0007910 seconds, Stopping threads took: 0.0000830 seconds
265.972: Application time: 0.0798330 seconds
265.972: [GC [PSYoungGen: 34382K->1280K(35328K)] 49380K->16397K(74752K), 0.0006840 secs] [Times: user=0.01 sys=0.00, real=0.00 secs] 
265.973: Total time for which application threads were stopped: 0.0008480 seconds, Stopping threads took: 0.0000930 seconds
266.050: Application time: 0.0770840 seconds
266.050: [GC [PSYoungGen: 33709K->2304K(34816K)] 48827K->17510K(74240K), 0.0009250 secs] [Times: user=0.00 sys=0.00, real=0.00 secs] 
266.051: Total time for which application threads were stopped: 0.0010680 seconds, Stopping threads took: 0.0000740 seconds
266.129: Application time: 0.0784250 seconds
266.130: [GC [PSYoungGen: 34225K->1696K(34816K)] 49431K->16902K(74240K), 0.0007330 secs] [Times: user=0.00 sys=0.00, real=0.00 secs] 
266.130: Total time for which application threads were stopped: 0.0008660 seconds, Stopping threads took: 0.0000670 seconds
266.206: Application time: 0.0756220 seconds
266.206: [GC [PSYoungGen: 33092K->2304K(33792K)] 48298K->17510K(73216K), 0.0009220 secs] [Times: user=0.00 sys=0.00, real=0.01 secs] 
266.207: Total time for which application threads were stopped: 0.0010650 seconds, Stopping threads took: 0.0000730 seconds
266.282: Application time: 0.0748990 seconds
266.282: [GC [PSYoungGen: 33193K->1792K(33792K)] 48399K->16998K(73216K), 0.0007550 secs] [Times: user=0.00 sys=0.00, real=0.00 secs] 
266.283: Total time for which application threads were stopped: 0.0008900 seconds, Stopping threads took: 0.0000700 seconds
266.356: Application time: 0.0732030 seconds
266.356: [GC [PSYoungGen: 32243K->1280K(31744K)] 47449K->16486K(71168K), 0.0006080 secs] [Times: user=0.00 sys=0.00, real=0.00 secs] 
266.357: Total time for which application threads were stopped: 0.0007370 seconds, Stopping threads took: 0.0000650 seconds
266.429: Application time: 0.0725620 seconds
266.429: [GC [PSYoungGen: 31289K->1280K(32768K)] 46495K->16542K(72192K), 0.0006120 secs] [Times: user=0.00 sys=0.00, real=0.00 secs] 
266.430: Total time for which application threads were stopped: 0.0007380 seconds, Stopping threads took: 0.0000650 seconds
266.500: Application time: 0.0701350 seconds
266.500: [GC [PSYoungGen: 30770K->1792K(31232K)] 46032K->17142K(70656K), 0.0007720 secs] [Times: user=0.00 sys=0.00, real=0.00 secs] 
266.501: Total time for which application threads were stopped: 0.0009260 seconds, Stopping threads took: 0.0000760 seconds
266.570: Application time: 0.0693550 seconds
266.571: [GC [PSYoungGen: 30764K->2848K(32768K)] 46114K->18282K(72192K), 0.0011220 secs] [Times: user=0.01 sys=0.00, real=0.00 secs] 
266.572: Total time for which application threads were stopped: 0.0012730 seconds, Stopping threads took: 0.0000750 seconds
266.641: Application time: 0.0694430 seconds
266.641: [GC [PSYoungGen: 31748K->2816K(32768K)] 47182K->18330K(72192K), 0.0010760 secs] [Times: user=0.01 sys=0.00, real=0.00 secs] 
266.642: Total time for which application threads were stopped: 0.0012260 seconds, Stopping threads took: 0.0000780 seconds
266.713: Application time: 0.0702690 seconds
266.713: [GC [PSYoungGen: 31636K->2784K(38400K)] 47150K->18338K(77824K), 0.0009510 secs] [Times: user=0.01 sys=0.00, real=0.00 secs] 
266.714: Total time for which application threads were stopped: 0.0010930 seconds, Stopping threads took: 0.0000730 seconds
266.798: Application time: 0.0839970 seconds
266.798: [GC [PSYoungGen: 37275K->2816K(38912K)] 52830K->18370K(78336K), 0.0010350 secs] [Times: user=0.00 sys=0.00, real=0.00 secs] 
266.799: Total time for which application threads were stopped: 0.0011860 seconds, Stopping threads took: 0.0000790 seconds
266.884: Application time: 0.0846190 seconds
266.884: [GC [PSYoungGen: 37313K->1280K(46080K)] 52868K->16834K(85504K), 0.0005190 secs] [Times: user=0.00 sys=0.00, real=0.00 secs] 
266.884: Total time for which application threads were stopped: 0.0006520 seconds, Stopping threads took: 0.0000750 seconds
266.984: Application time: 0.1002280 seconds
266.985: [GC [PSYoungGen: 43044K->1792K(43008K)] 58599K->17346K(82432K), 0.0006280 secs] [Times: user=0.00 sys=0.00, real=0.00 secs] 
266.985: Total time for which application threads were stopped: 0.0008040 seconds, Stopping threads took: 0.0001060 seconds
267.083: Application time: 0.0979180 seconds
267.083: [GC [PSYoungGen: 42606K->2272K(42496K)] 58160K->17866K(81920K), 0.0008720 secs] [Times: user=0.00 sys=0.00, real=0.00 secs] 
267.084: Total time for which application threads were stopped: 0.0010090 seconds, Stopping threads took: 0.0000560 seconds
267.181: Application time: 0.0968500 seconds
267.181: [GC [PSYoungGen: 41707K->1312K(40448K)] 57301K->17006K(79872K), 0.0007780 secs] [Times: user=0.01 sys=0.00, real=0.00 secs] 
267.182: Total time for which application threads were stopped: 0.0010000 seconds, Stopping threads took: 0.0001610 seconds
267.274: Application time: 0.0922020 seconds
267.274: [GC [PSYoungGen: 39992K->1792K(40448K)] 55686K->17626K(79872K), 0.0008260 secs] [Times: user=0.01 sys=0.00, real=0.01 secs] 
267.275: Total time for which application threads were stopped: 0.0010180 seconds, Stopping threads took: 0.0001240 seconds
267.368: Application time: 0.0922640 seconds
267.368: [GC [PSYoungGen: 39370K->1280K(38400K)] 55204K->17170K(77824K), 0.0005840 secs] [Times: user=0.01 sys=0.00, real=0.00 secs] 
267.368: Total time for which application threads were stopped: 0.0007040 seconds, Stopping threads took: 0.0000580 seconds
267.456: Application time: 0.0876460 seconds
267.456: [GC [PSYoungGen: 37823K->2272K(39424K)] 53714K->18162K(78848K), 0.0009020 secs] [Times: user=0.00 sys=0.00, real=0.00 secs] 
267.457: Total time for which application threads were stopped: 0.0010510 seconds, Stopping threads took: 0.0000780 seconds
267.545: Application time: 0.0877610 seconds
267.545: [GC [PSYoungGen: 38305K->2304K(38400K)] 54196K->18194K(77824K), 0.0009030 secs] [Times: user=0.01 sys=0.00, real=0.00 secs] 
267.546: Total time for which application threads were stopped: 0.0010490 seconds, Stopping threads took: 0.0000750 seconds
267.633: Application time: 0.0875590 seconds
267.633: [GC [PSYoungGen: 37904K->1760K(38400K)] 53794K->17650K(77824K), 0.0008250 secs] [Times: user=0.00 sys=0.00, real=0.00 secs] 
267.634: Total time for which application threads were stopped: 0.0009700 seconds, Stopping threads took: 0.0000680 seconds
267.718: Application time: 0.0838510 seconds
267.718: [GC [PSYoungGen: 36919K->2304K(37376K)] 52810K->18234K(76800K), 0.0009490 secs] [Times: user=0.00 sys=0.00, real=0.00 secs] 
267.719: Total time for which application threads were stopped: 0.0011010 seconds, Stopping threads took: 0.0000800 seconds
267.805: Application time: 0.0860490 seconds
267.805: [GC [PSYoungGen: 36877K->1280K(37376K)] 52808K->17290K(76800K), 0.0006150 secs] [Times: user=0.00 sys=0.00, real=0.00 secs] 
267.806: Total time for which application threads were stopped: 0.0007450 seconds, Stopping threads took: 0.0000690 seconds
267.887: Application time: 0.0805030 seconds
267.887: [GC [PSYoungGen: 35483K->2864K(36864K)] 51494K->18914K(76288K), 0.0011480 secs] [Times: user=0.01 sys=0.00, real=0.01 secs] 
267.888: Total time for which application threads were stopped: 0.0012920 seconds, Stopping threads took: 0.0000650 seconds
267.970: Application time: 0.0817000 seconds
267.970: [GC [PSYoungGen: 36407K->2304K(36352K)] 52458K->18470K(75776K), 0.0009570 secs] [Times: user=0.01 sys=0.00, real=0.00 secs] 
267.971: Total time for which application threads were stopped: 0.0010850 seconds, Stopping threads took: 0.0000600 seconds
268.051: Application time: 0.0803340 seconds
268.051: [GC [PSYoungGen: 35253K->2272K(35328K)] 51420K->18478K(74752K), 0.0009010 secs] [Times: user=0.00 sys=0.00, real=0.00 secs] 
268.052: Total time for which application threads were stopped: 0.0010250 seconds, Stopping threads took: 0.0000590 seconds
268.130: Application time: 0.0784880 seconds
268.131: [GC [PSYoungGen: 34709K->1792K(35328K)] 50916K->17998K(74752K), 0.0007560 secs] [Times: user=0.01 sys=0.00, real=0.00 secs] 
268.131: Total time for which application threads were stopped: 0.0008860 seconds, Stopping threads took: 0.0000640 seconds
268.209: Application time: 0.0780030 seconds
268.209: [GC [PSYoungGen: 33701K->3328K(35840K)] 49907K->19534K(75264K), 0.0012350 secs] [Times: user=0.01 sys=0.00, real=0.00 secs] 
268.211: Total time for which application threads were stopped: 0.0013990 seconds, Stopping threads took: 0.0000730 seconds
268.289: Application time: 0.0786630 seconds
268.290: [GC [PSYoungGen: 35327K->2784K(43008K)] 51534K->18990K(82432K), 0.0009010 secs] [Times: user=0.00 sys=0.00, real=0.00 secs] 
268.290: Total time for which application threads were stopped: 0.0010440 seconds, Stopping threads took: 0.0000730 seconds
268.385: Application time: 0.0942900 seconds
268.385: [GC [PSYoungGen: 41546K->2304K(43008K)] 57753K->18558K(82432K), 0.0008280 secs] [Times: user=0.01 sys=0.00, real=0.00 secs] 
268.386: Total time for which application threads were stopped: 0.0009740 seconds, Stopping threads took: 0.0000750 seconds
268.478: Application time: 0.0917940 seconds
268.478: [GC [PSYoungGen: 40707K->2368K(40448K)] 56962K->18702K(79872K), 0.0008140 secs] [Times: user=0.01 sys=0.00, real=0.00 secs] 
268.479: Total time for which application threads were stopped: 0.0009810 seconds, Stopping threads took: 0.0000980 seconds
268.570: Application time: 0.0911060 seconds
268.570: [GC [PSYoungGen: 39944K->2304K(39424K)] 56279K->18779K(78848K), 0.0008970 secs] [Times: user=0.01 sys=0.00, real=0.00 secs] 
268.571: Total time for which application threads were stopped: 0.0010550 seconds, Stopping threads took: 0.0000870 seconds
268.662: Application time: 0.0916250 seconds
268.662: [GC [PSYoungGen: 38934K->1280K(37888K)] 55409K->17755K(77312K), 0.0005850 secs] [Times: user=0.00 sys=0.00, real=0.00 secs] 
268.663: Total time for which application threads were stopped: 0.0007210 seconds, Stopping threads took: 0.0000690 seconds
268.748: Application time: 0.0852270 seconds
268.748: [GC [PSYoungGen: 37305K->3264K(39424K)] 53780K->19779K(78848K), 0.0011790 secs] [Times: user=0.01 sys=0.00, real=0.00 secs] 
268.750: Total time for which application threads were stopped: 0.0013360 seconds, Stopping threads took: 0.0000770 seconds
268.837: Application time: 0.0877380 seconds
268.837: [GC [PSYoungGen: 38788K->2304K(37888K)] 55303K->18819K(77312K), 0.0008200 secs] [Times: user=0.00 sys=0.00, real=0.00 secs] 
268.838: Total time for which application threads were stopped: 0.0009490 seconds, Stopping threads took: 0.0000590 seconds
268.924: Application time: 0.0860500 seconds
268.924: [GC [PSYoungGen: 37387K->2304K(37376K)] 53902K->18819K(76800K), 0.0009370 secs] [Times: user=0.01 sys=0.00, real=0.00 secs] 
268.925: Total time for which application threads were stopped: 0.0010700 seconds, Stopping threads took: 0.0000620 seconds
269.011: Application time: 0.0854140 seconds
269.011: [GC [PSYoungGen: 36876K->1792K(36352K)] 53391K->18355K(75776K), 0.0008080 secs] [Times: user=0.00 sys=0.00, real=0.00 secs] 
269.012: Total time for which application threads were stopped: 0.0009380 seconds, Stopping threads took: 0.0000650 seconds
269.102: Application time: 0.0901920 seconds
269.102: [GC [PSYoungGen: 36000K->1792K(35840K)] 52563K->18411K(75264K), 0.0008420 secs] [Times: user=0.00 sys=0.00, real=0.00 secs] 
269.103: Total time for which application threads were stopped: 0.0009850 seconds, Stopping threads took: 0.0000750 seconds
269.185: Application time: 0.0821870 seconds
269.185: [GC [PSYoungGen: 35410K->1792K(35328K)] 52029K->18543K(74752K), 0.0008380 secs] [Times: user=0.00 sys=0.00, real=0.00 secs] 
269.186: Total time for which application threads were stopped: 0.0009850 seconds, Stopping threads took: 0.0000790 seconds
269.265: Application time: 0.0790560 seconds
269.265: [GC [PSYoungGen: 34815K->2304K(35328K)] 51567K->19135K(74752K), 0.0009900 secs] [Times: user=0.01 sys=0.00, real=0.00 secs] 
269.266: Total time for which application threads were stopped: 0.0011550 seconds, Stopping threads took: 0.0000770 seconds
269.345: Application time: 0.0789960 seconds
269.345: [GC [PSYoungGen: 34737K->2304K(34816K)] 51568K->19191K(74240K), 0.0009180 secs] [Times: user=0.01 sys=0.00, real=0.00 secs] 
269.346: Total time for which application threads were stopped: 0.0010700 seconds, Stopping threads took: 0.0000770 seconds
269.424: Application time: 0.0773780 seconds
269.424: [GC [PSYoungGen: 34225K->1792K(33792K)] 51112K->18679K(73216K), 0.0008060 secs] [Times: user=0.00 sys=0.00, real=0.00 secs] 
269.425: Total time for which application threads were stopped: 0.0009410 seconds, Stopping threads took: 0.0000700 seconds
269.500: Application time: 0.0754700 seconds
269.500: [GC [PSYoungGen: 33267K->2304K(33792K)] 50154K->19191K(73216K), 0.0009100 secs] [Times: user=0.01 sys=0.00, real=0.00 secs] 
269.501: Total time for which application threads were stopped: 0.0010550 seconds, Stopping threads took: 0.0000720 seconds
269.577: Application time: 0.0753710 seconds
269.577: [GC [PSYoungGen: 33188K->2304K(34816K)] 50076K->19247K(74240K), 0.0009140 secs] [Times: user=0.01 sys=0.00, real=0.00 secs] 
269.578: Total time for which application threads were stopped: 0.0010650 seconds, Stopping threads took: 0.0000850 seconds
269.653: Application time: 0.0749270 seconds
269.653: [GC [PSYoungGen: 33193K->1760K(32768K)] 50136K->18703K(72192K), 0.0006380 secs] [Times: user=0.00 sys=0.00, real=0.00 secs] 
269.653: Total time for which application threads were stopped: 0.0007790 seconds, Stopping threads took: 0.0000730 seconds
269.727: Application time: 0.0736050 seconds
269.727: [GC [PSYoungGen: 32441K->1824K(32256K)] 49384K->18767K(71680K), 0.0008250 secs] [Times: user=0.00 sys=0.00, real=0.00 secs] 
269.728: Total time for which application threads were stopped: 0.0009600 seconds, Stopping threads took: 0.0000670 seconds
269.801: Application time: 0.0725480 seconds
269.801: [GC [PSYoungGen: 31833K->1792K(31744K)] 48776K->18883K(71168K), 0.0007060 secs] [Times: user=0.00 sys=0.00, real=0.00 secs] 
269.801: Total time for which application threads were stopped: 0.0008430 seconds, Stopping threads took: 0.0000620 seconds
269.871: Application time: 0.0698450 seconds
269.871: [GC [PSYoungGen: 31124K->2304K(37888K)] 48215K->19479K(77312K), 0.0008770 secs] [Times: user=0.01 sys=0.00, real=0.00 secs] 
269.872: Total time for which application threads were stopped: 0.0010180 seconds, Stopping threads took: 0.0000740 seconds
269.958: Application time: 0.0854800 seconds
269.958: [GC [PSYoungGen: 36875K->1792K(36352K)] 54051K->18967K(75776K), 0.0007180 secs] [Times: user=0.01 sys=0.00, real=0.00 secs] 
269.959: Total time for which application threads were stopped: 0.0008510 seconds, Stopping threads took: 0.0000680 seconds
270.040: Application time: 0.0810770 seconds
270.040: [GC [PSYoungGen: 35765K->2816K(37888K)] 52941K->20039K(77312K), 0.0010690 secs] [Times: user=0.00 sys=0.00, real=0.00 secs] 
270.041: Total time for which application threads were stopped: 0.0012160 seconds, Stopping threads took: 0.0000730 seconds
270.125: Application time: 0.0846410 seconds
270.126: [GC [PSYoungGen: 37390K->1792K(36352K)] 54613K->19015K(75776K), 0.0006410 secs] [Times: user=0.00 sys=0.00, real=0.00 secs] 
270.126: Total time for which application threads were stopped: 0.0007770 seconds, Stopping threads took: 0.0000650 seconds
270.208: Application time: 0.0818340 seconds
270.208: [GC [PSYoungGen: 35761K->3328K(43520K)] 52985K->20591K(82944K), 0.0010850 secs] [Times: user=0.01 sys=0.00, real=0.00 secs] 
270.209: Total time for which application threads were stopped: 0.0012320 seconds, Stopping threads took: 0.0000710 seconds
270.307: Application time: 0.0976800 seconds
270.307: [GC [PSYoungGen: 43040K->2752K(45056K)] 60304K->20015K(84480K), 0.0010480 secs] [Times: user=0.01 sys=0.00, real=0.00 secs] 
270.308: Total time for which application threads were stopped: 0.0012090 seconds, Stopping threads took: 0.0000770 seconds
270.410: Application time: 0.1014840 seconds
270.410: [GC [PSYoungGen: 44165K->1792K(42496K)] 61429K->19087K(81920K), 0.0007750 secs] [Times: user=0.00 sys=0.00, real=0.00 secs] 
270.411: Total time for which application threads were stopped: 0.0009060 seconds, Stopping threads took: 0.0000640 seconds
270.509: Application time: 0.0988160 seconds
270.510: [GC [PSYoungGen: 42096K->1280K(41984K)] 59392K->18687K(81408K), 0.0006430 secs] [Times: user=0.01 sys=0.00, real=0.00 secs] 
270.510: Total time for which application threads were stopped: 0.0007840 seconds, Stopping threads took: 0.0000740 seconds
270.604: Application time: 0.0935580 seconds
270.604: [GC [PSYoungGen: 40472K->2304K(40960K)] 57880K->19787K(80384K), 0.0009600 secs] [Times: user=0.00 sys=0.00, real=0.00 secs] 
270.605: Total time for which application threads were stopped: 0.0011150 seconds, Stopping threads took: 0.0000830 seconds
270.698: Application time: 0.0932990 seconds
270.698: [GC [PSYoungGen: 40394K->2304K(39936K)] 57878K->19843K(79360K), 0.0008960 secs] [Times: user=0.00 sys=0.00, real=0.00 secs] 
270.699: Total time for which application threads were stopped: 0.0010300 seconds, Stopping threads took: 0.0000630 seconds
270.790: Application time: 0.0908270 seconds
270.790: [GC [PSYoungGen: 39446K->1792K(38400K)] 56986K->19331K(77824K), 0.0007920 secs] [Times: user=0.00 sys=0.00, real=0.00 secs] 
270.791: Total time for which application threads were stopped: 0.0009340 seconds, Stopping threads took: 0.0000740 seconds
270.880: Application time: 0.0885310 seconds
270.880: [GC [PSYoungGen: 37830K->736K(38912K)] 55369K->18323K(78336K), 0.0004610 secs] [Times: user=0.00 sys=0.00, real=0.00 secs] 
270.880: Total time for which application threads were stopped: 0.0005900 seconds, Stopping threads took: 0.0000600 seconds
270.965: Application time: 0.0844040 seconds
270.965: [GC [PSYoungGen: 36325K->2816K(38912K)] 53913K->20404K(78336K), 0.0010740 secs] [Times: user=0.00 sys=0.00, real=0.00 secs] 
270.966: Total time for which application threads were stopped: 0.0012080 seconds, Stopping threads took: 0.0000630 seconds
271.054: Application time: 0.0877680 seconds
271.054: [GC [PSYoungGen: 38064K->768K(38400K)] 55652K->18395K(77824K), 0.0004750 secs] [Times: user=0.01 sys=0.00, real=0.00 secs] 
271.054: Total time for which application threads were stopped: 0.0005950 seconds, Stopping threads took: 0.0000590 seconds
271.136: Application time: 0.0818700 seconds
271.136: [GC [PSYoungGen: 35410K->2288K(36864K)] 53037K->20024K(76288K), 0.0009860 secs] [Times: user=0.00 sys=0.00, real=0.00 secs] 
271.137: Total time for which application threads were stopped: 0.0011250 seconds, Stopping threads took: 0.0000680 seconds
271.220: Application time: 0.0831430 seconds
271.220: [GC [PSYoungGen: 36341K->2816K(37376K)] 54077K->20624K(76800K), 0.0010940 secs] [Times: user=0.01 sys=0.00, real=0.00 secs] 
271.221: Total time for which application threads were stopped: 0.0012330 seconds, Stopping threads took: 0.0000680 seconds
271.303: Application time: 0.0814150 seconds
271.303: [GC [PSYoungGen: 36273K->3296K(37888K)] 54081K->21144K(77312K), 0.0012770 secs] [Times: user=0.00 sys=0.00, real=0.00 secs] 
271.304: Total time for which application threads were stopped: 0.0014870 seconds, Stopping threads took: 0.0001380 seconds
271.390: Application time: 0.0854300 seconds
271.390: [GC [PSYoungGen: 36771K->768K(34304K)] 54620K->18616K(73728K), 0.0004950 secs] [Times: user=0.00 sys=0.00, real=0.00 secs] 
271.390: Total time for which application threads were stopped: 0.0006330 seconds, Stopping threads took: 0.0000680 seconds
271.471: Application time: 0.0805220 seconds
271.471: [GC [PSYoungGen: 33793K->768K(33792K)] 51641K->18616K(73216K), 0.0004690 secs] [Times: user=0.01 sys=0.00, real=0.00 secs] 
271.472: Total time for which application threads were stopped: 0.0005940 seconds, Stopping threads took: 0.0000650 seconds
271.549: Application time: 0.0769470 seconds
271.549: [GC [PSYoungGen: 33193K->1792K(34304K)] 51041K->19688K(73728K), 0.0007370 secs] [Times: user=0.01 sys=0.00, real=0.00 secs] 
271.549: Total time for which application threads were stopped: 0.0008720 seconds, Stopping threads took: 0.0000680 seconds
271.627: Application time: 0.0774770 seconds
271.627: [GC [PSYoungGen: 33857K->2832K(34816K)] 51753K->20728K(74240K), 0.0011120 secs] [Times: user=0.01 sys=0.00, real=0.00 secs] 
271.628: Total time for which application threads were stopped: 0.0012480 seconds, Stopping threads took: 0.0000640 seconds
271.706: Application time: 0.0781880 seconds
271.706: [GC [PSYoungGen: 34397K->1792K(33280K)] 52293K->19776K(72704K), 0.0008560 secs] [Times: user=0.01 sys=0.00, real=0.01 secs] 
271.707: Total time for which application threads were stopped: 0.0009930 seconds, Stopping threads took: 0.0000670 seconds
271.783: Application time: 0.0756180 seconds
271.783: [GC [PSYoungGen: 32837K->1280K(32256K)] 50822K->19352K(71680K), 0.0006560 secs] [Times: user=0.01 sys=0.00, real=0.00 secs] 
271.784: Total time for which application threads were stopped: 0.0007830 seconds, Stopping threads took: 0.0000650 seconds
271.857: Application time: 0.0734360 seconds
271.857: [GC [PSYoungGen: 31638K->2816K(34816K)] 49710K->20960K(74240K), 0.0010830 secs] [Times: user=0.01 sys=0.00, real=0.00 secs] 
271.858: Total time for which application threads were stopped: 0.0012370 seconds, Stopping threads took: 0.0000800 seconds
271.934: Application time: 0.0759440 seconds
271.934: [GC [PSYoungGen: 33267K->2304K(34816K)] 51411K->20448K(74240K), 0.0009160 secs] [Times: user=0.00 sys=0.00, real=0.01 secs] 
271.935: Total time for which application threads were stopped: 0.0010570 seconds, Stopping threads took: 0.0000610 seconds
272.010: Application time: 0.0745410 seconds
272.010: [GC [PSYoungGen: 32676K->1760K(32256K)] 50821K->19952K(71680K), 0.0006360 secs] [Times: user=0.00 sys=0.00, real=0.00 secs] 
272.011: Total time for which application threads were stopped: 0.0007750 seconds, Stopping threads took: 0.0000680 seconds
272.084: Application time: 0.0728750 seconds
272.084: [GC [PSYoungGen: 31684K->2816K(38912K)] 49876K->21008K(78336K), 0.0010440 secs] [Times: user=0.00 sys=0.00, real=0.00 secs] 
272.085: Total time for which application threads were stopped: 0.0011830 seconds, Stopping threads took: 0.0000680 seconds
272.169: Application time: 0.0842010 seconds
272.169: [GC [PSYoungGen: 37311K->1792K(40448K)] 55504K->20040K(79872K), 0.0007190 secs] [Times: user=0.01 sys=0.00, real=0.00 secs] 
272.170: Total time for which application threads were stopped: 0.0008630 seconds, Stopping threads took: 0.0000740 seconds
272.257: Application time: 0.0869820 seconds
272.257: [GC [PSYoungGen: 37901K->2304K(40448K)] 56150K->20552K(79872K), 0.0009480 secs] [Times: user=0.01 sys=0.00, real=0.00 secs] 
272.258: Total time for which application threads were stopped: 0.0011220 seconds, Stopping threads took: 0.0001010 seconds
272.346: Application time: 0.0877370 seconds
272.346: [GC [PSYoungGen: 38574K->1792K(37888K)] 56822K->20080K(77312K), 0.0007020 secs] [Times: user=0.00 sys=0.00, real=0.00 secs] 
272.347: Total time for which application threads were stopped: 0.0008440 seconds, Stopping threads took: 0.0000710 seconds
272.433: Application time: 0.0863170 seconds
272.433: [GC [PSYoungGen: 37468K->1792K(37376K)] 55756K->20188K(76800K), 0.0007350 secs] [Times: user=0.01 sys=0.00, real=0.00 secs] 
272.434: Total time for which application threads were stopped: 0.0008760 seconds, Stopping threads took: 0.0000700 seconds
272.519: Application time: 0.0851830 seconds
272.519: [GC [PSYoungGen: 36799K->1280K(36352K)] 55196K->19776K(75776K), 0.0005820 secs] [Times: user=0.00 sys=0.00, real=0.00 secs] 
272.520: Total time for which application threads were stopped: 0.0007250 seconds, Stopping threads took: 0.0000680 seconds
272.601: Application time: 0.0812120 seconds
272.601: [GC [PSYoungGen: 35843K->2816K(37376K)] 54340K->21312K(76800K), 0.0010540 secs] [Times: user=0.01 sys=0.00, real=0.00 secs] 
272.602: Total time for which application threads were stopped: 0.0012060 seconds, Stopping threads took: 0.0000790 seconds
272.686: Application time: 0.0836310 seconds
272.686: [GC [PSYoungGen: 36875K->1792K(35840K)] 55372K->20336K(75264K), 0.0007370 secs] [Times: user=0.00 sys=0.00, real=0.00 secs] 
272.687: Total time for which application threads were stopped: 0.0008690 seconds, Stopping threads took: 0.0000650 seconds
272.767: Application time: 0.0808610 seconds
272.768: [GC [PSYoungGen: 35253K->2272K(35840K)] 53798K->20864K(75264K), 0.0009570 secs] [Times: user=0.01 sys=0.00, real=0.00 secs] 
272.769: Total time for which application threads were stopped: 0.0011010 seconds, Stopping threads took: 0.0000720 seconds
272.850: Application time: 0.0818650 seconds
272.851: [GC [PSYoungGen: 35304K->1280K(34304K)] 53896K->19872K(73728K), 0.0006710 secs] [Times: user=0.00 sys=0.00, real=0.00 secs] 
272.851: Total time for which application threads were stopped: 0.0008090 seconds, Stopping threads took: 0.0000730 seconds
272.930: Application time: 0.0787740 seconds
272.930: [GC [PSYoungGen: 33787K->1792K(34304K)] 52380K->20440K(73728K), 0.0007960 secs] [Times: user=0.01 sys=0.00, real=0.00 secs] 
272.931: Total time for which application threads were stopped: 0.0009340 seconds, Stopping threads took: 0.0000740 seconds
273.007: Application time: 0.0765050 seconds
273.008: [GC [PSYoungGen: 33865K->1792K(33792K)] 52514K->20496K(73216K), 0.0008440 secs] [Times: user=0.00 sys=0.00, real=0.00 secs] 
273.008: Total time for which application threads were stopped: 0.0009850 seconds, Stopping threads took: 0.0000710 seconds
273.085: Application time: 0.0761710 seconds
273.085: [GC [PSYoungGen: 33275K->1280K(32768K)] 51980K->20072K(72192K), 0.0006170 secs] [Times: user=0.01 sys=0.00, real=0.00 secs] 
273.085: Total time for which application threads were stopped: 0.0007630 seconds, Stopping threads took: 0.0000750 seconds
273.160: Application time: 0.0746250 seconds
273.160: [GC [PSYoungGen: 32234K->2304K(33792K)] 51027K->21144K(73216K), 0.0009450 secs] [Times: user=0.01 sys=0.00, real=0.00 secs] 
273.161: Total time for which application threads were stopped: 0.0010910 seconds, Stopping threads took: 0.0000760 seconds
273.234: Application time: 0.0729210 seconds
273.234: [GC [PSYoungGen: 32746K->2816K(34304K)] 51587K->21704K(73728K), 0.0011020 secs] [Times: user=0.00 sys=0.00, real=0.01 secs] 
273.235: Total time for which application threads were stopped: 0.0012540 seconds, Stopping threads took: 0.0000750 seconds
273.313: Application time: 0.0776260 seconds
273.313: [GC [PSYoungGen: 33205K->256K(30720K)] 52094K->19200K(70144K), 0.0003640 secs] [Times: user=0.00 sys=0.00, real=0.00 secs] 
273.313: Total time for which application threads were stopped: 0.0004910 seconds, Stopping threads took: 0.0000690 seconds
273.385: Application time: 0.0712300 seconds
273.385: [GC [PSYoungGen: 30178K->1280K(33280K)] 49123K->20224K(72704K), 0.0005630 secs] [Times: user=0.00 sys=0.00, real=0.00 secs] 
273.385: Total time for which application threads were stopped: 0.0006810 seconds, Stopping threads took: 0.0000580 seconds
273.455: Application time: 0.0700460 seconds
273.455: [GC [PSYoungGen: 30610K->2272K(31744K)] 49555K->21257K(71168K), 0.0008150 secs] [Times: user=0.00 sys=0.00, real=0.00 secs] 
273.456: Total time for which application threads were stopped: 0.0009560 seconds, Stopping threads took: 0.0000710 seconds
273.526: Application time: 0.0701160 seconds
273.527: [GC [PSYoungGen: 31168K->2304K(31232K)] 50153K->21289K(70656K), 0.0010130 secs] [Times: user=0.01 sys=0.00, real=0.01 secs] 
273.528: Total time for which application threads were stopped: 0.0011990 seconds, Stopping threads took: 0.0001170 seconds
273.597: Application time: 0.0696850 seconds
273.597: [GC [PSYoungGen: 30692K->1792K(34304K)] 49677K->20825K(73728K), 0.0007610 secs] [Times: user=0.00 sys=0.00, real=0.00 secs] 
273.598: Total time for which application threads were stopped: 0.0009000 seconds, Stopping threads took: 0.0000640 seconds
273.675: Application time: 0.0771160 seconds
273.675: [GC [PSYoungGen: 33357K->768K(32256K)] 52390K->19857K(71680K), 0.0004890 secs] [Times: user=0.00 sys=0.00, real=0.00 secs] 
273.676: Total time for which application threads were stopped: 0.0006020 seconds, Stopping threads took: 0.0000520 seconds
273.751: Application time: 0.0752000 seconds
273.751: [GC [PSYoungGen: 31805K->1216K(33792K)] 50894K->20381K(73216K), 0.0006290 secs] [Times: user=0.00 sys=0.00, real=0.00 secs] 
273.752: Total time for which application threads were stopped: 0.0007630 seconds, Stopping threads took: 0.0000690 seconds
273.824: Application time: 0.0722320 seconds
273.824: [GC [PSYoungGen: 31576K->2304K(32768K)] 50741K->21557K(72192K), 0.0009120 secs] [Times: user=0.01 sys=0.00, real=0.00 secs] 
273.825: Total time for which application threads were stopped: 0.0010450 seconds, Stopping threads took: 0.0000650 seconds
273.897: Application time: 0.0713580 seconds
273.897: [GC [PSYoungGen: 32230K->2816K(33280K)] 51483K->22069K(72704K), 0.0011080 secs] [Times: user=0.00 sys=0.00, real=0.00 secs] 
273.898: Total time for which application threads were stopped: 0.0012510 seconds, Stopping threads took: 0.0000700 seconds
273.970: Application time: 0.0719510 seconds
273.970: [GC [PSYoungGen: 32230K->2816K(33792K)] 51484K->22117K(73216K), 0.0010760 secs] [Times: user=0.00 sys=0.00, real=0.00 secs] 
273.971: Total time for which application threads were stopped: 0.0012250 seconds, Stopping threads took: 0.0000770 seconds
274.042: Application time: 0.0708790 seconds
274.042: [GC [PSYoungGen: 32152K->2816K(39936K)] 51453K->22165K(79360K), 0.0009410 secs] [Times: user=0.00 sys=0.01, real=0.00 secs] 
274.043: Total time for which application threads were stopped: 0.0010850 seconds, Stopping threads took: 0.0000710 seconds
274.131: Application time: 0.0877840 seconds
274.131: [GC [PSYoungGen: 38420K->1280K(39936K)] 57769K->20629K(79360K), 0.0006420 secs] [Times: user=0.00 sys=0.00, real=0.00 secs] 
274.132: Total time for which application threads were stopped: 0.0008050 seconds, Stopping threads took: 0.0000870 seconds
274.217: Application time: 0.0850710 seconds
274.217: [GC [PSYoungGen: 36873K->2304K(47104K)] 56223K->21693K(86528K), 0.0007900 secs] [Times: user=0.01 sys=0.00, real=0.00 secs] 
274.218: Total time for which application threads were stopped: 0.0009340 seconds, Stopping threads took: 0.0000730 seconds
274.321: Application time: 0.1030170 seconds
274.321: [GC [PSYoungGen: 45177K->2256K(44544K)] 64566K->21693K(83968K), 0.0007900 secs] [Times: user=0.00 sys=0.00, real=0.00 secs] 
274.322: Total time for which application threads were stopped: 0.0010330 seconds, Stopping threads took: 0.0001740 seconds
274.423: Application time: 0.1013950 seconds
274.423: [GC [PSYoungGen: 44101K->2304K(44032K)] 63538K->21821K(83456K), 0.0008970 secs] [Times: user=0.00 sys=0.00, real=0.00 secs] 
274.424: Total time for which application threads were stopped: 0.0010310 seconds, Stopping threads took: 0.0000650 seconds
274.523: Application time: 0.0991570 seconds
274.523: [GC [PSYoungGen: 43044K->1760K(41984K)] 62562K->21357K(81408K), 0.0008480 secs] [Times: user=0.00 sys=0.00, real=0.00 secs] 
274.524: Total time for which application threads were stopped: 0.0009730 seconds, Stopping threads took: 0.0000590 seconds
274.620: Application time: 0.0954210 seconds
274.620: [GC [PSYoungGen: 41468K->1792K(41472K)] 61066K->21445K(80896K), 0.0007930 secs] [Times: user=0.01 sys=0.00, real=0.00 secs] 
274.621: Total time for which application threads were stopped: 0.0009800 seconds, Stopping threads took: 0.0001210 seconds
274.714: Application time: 0.0938510 seconds
274.715: [GC [PSYoungGen: 40396K->2304K(40448K)] 60049K->22005K(79872K), 0.0009410 secs] [Times: user=0.00 sys=0.00, real=0.01 secs] 
274.715: Total time for which application threads were stopped: 0.0010900 seconds, Stopping threads took: 0.0000650 seconds
274.805: Application time: 0.0894770 seconds
274.805: [GC [PSYoungGen: 39956K->2816K(39936K)] 59657K->22517K(79360K), 0.0010930 secs] [Times: user=0.01 sys=0.00, real=0.00 secs] 
274.806: Total time for which application threads were stopped: 0.0012480 seconds, Stopping threads took: 0.0000840 seconds
274.898: Application time: 0.0913990 seconds
274.898: [GC [PSYoungGen: 39446K->1792K(38400K)] 59147K->21541K(77824K), 0.0007950 secs] [Times: user=0.00 sys=0.00, real=0.00 secs] 
274.899: Total time for which application threads were stopped: 0.0009220 seconds, Stopping threads took: 0.0000600 seconds
274.986: Application time: 0.0876610 seconds
274.986: [GC [PSYoungGen: 37984K->1280K(38912K)] 57734K->21077K(78336K), 0.0006420 secs] [Times: user=0.01 sys=0.00, real=0.01 secs] 
274.987: Total time for which application threads were stopped: 0.0007920 seconds, Stopping threads took: 0.0000850 seconds
275.073: Application time: 0.0858240 seconds
275.073: [GC [PSYoungGen: 36954K->1760K(37376K)] 56751K->21637K(76800K), 0.0007820 secs] [Times: user=0.01 sys=0.00, real=0.00 secs] 
275.074: Total time for which application threads were stopped: 0.0009160 seconds, Stopping threads took: 0.0000670 seconds
275.158: Application time: 0.0842600 seconds
275.158: [GC [PSYoungGen: 36842K->2272K(37888K)] 56719K->22225K(77312K), 0.0009750 secs] [Times: user=0.00 sys=0.00, real=0.00 secs] 
275.159: Total time for which application threads were stopped: 0.0011180 seconds, Stopping threads took: 0.0000720 seconds
275.244: Application time: 0.0846850 seconds
275.244: [GC [PSYoungGen: 36844K->1792K(36352K)] 56797K->21785K(75776K), 0.0008070 secs] [Times: user=0.00 sys=0.00, real=0.00 secs] 
275.245: Total time for which application threads were stopped: 0.0009710 seconds, Stopping threads took: 0.0000840 seconds
275.326: Application time: 0.0811730 seconds
275.326: [GC [PSYoungGen: 35767K->2304K(36864K)] 55761K->22345K(76288K), 0.0009360 secs] [Times: user=0.01 sys=0.00, real=0.01 secs] 
275.327: Total time for which application threads were stopped: 0.0010800 seconds, Stopping threads took: 0.0000750 seconds
275.410: Application time: 0.0830720 seconds
275.410: [GC [PSYoungGen: 35848K->1760K(35328K)] 55889K->21801K(74752K), 0.0008230 secs] [Times: user=0.00 sys=0.00, real=0.00 secs] 
275.411: Total time for which application threads were stopped: 0.0009560 seconds, Stopping threads took: 0.0000700 seconds
275.489: Application time: 0.0779260 seconds
275.489: [GC [PSYoungGen: 34783K->2304K(35840K)] 54825K->22393K(75264K), 0.0009280 secs] [Times: user=0.01 sys=0.00, real=0.00 secs] 
275.490: Total time for which application threads were stopped: 0.0010590 seconds, Stopping threads took: 0.0000600 seconds
275.568: Application time: 0.0781370 seconds
275.568: [GC [PSYoungGen: 34733K->2816K(36352K)] 54823K->22945K(75776K), 0.0010780 secs] [Times: user=0.01 sys=0.00, real=0.00 secs] 
275.569: Total time for which application threads were stopped: 0.0012180 seconds, Stopping threads took: 0.0000670 seconds
275.649: Application time: 0.0797590 seconds
275.649: [GC [PSYoungGen: 35410K->2304K(43008K)] 55539K->22433K(82432K), 0.0007710 secs] [Times: user=0.00 sys=0.00, real=0.00 secs] 
275.650: Total time for which application threads were stopped: 0.0009150 seconds, Stopping threads took: 0.0000780 seconds
275.744: Application time: 0.0942660 seconds
275.744: [GC [PSYoungGen: 41575K->3360K(43008K)] 61704K->23557K(82432K), 0.0011560 secs] [Times: user=0.01 sys=0.00, real=0.00 secs] 
275.746: Total time for which application threads were stopped: 0.0013070 seconds, Stopping threads took: 0.0000750 seconds
275.845: Application time: 0.0988780 seconds
275.845: [GC [PSYoungGen: 42564K->1216K(39936K)] 62762K->21493K(79360K), 0.0006590 secs] [Times: user=0.00 sys=0.00, real=0.00 secs] 
275.845: Total time for which application threads were stopped: 0.0008090 seconds, Stopping threads took: 0.0000710 seconds
275.938: Application time: 0.0926430 seconds
275.938: [GC [PSYoungGen: 39384K->768K(38400K)] 59662K->21094K(77824K), 0.0005240 secs] [Times: user=0.01 sys=0.00, real=0.00 secs] 
275.939: Total time for which application threads were stopped: 0.0006730 seconds, Stopping threads took: 0.0000880 seconds
276.029: Application time: 0.0904840 seconds
276.029: [GC [PSYoungGen: 37907K->1280K(37888K)] 58233K->21662K(77312K), 0.0005800 secs] [Times: user=0.00 sys=0.00, real=0.00 secs] 
276.030: Total time for which application threads were stopped: 0.0007070 seconds, Stopping threads took: 0.0000620 seconds
276.114: Application time: 0.0842100 seconds
276.114: [GC [PSYoungGen: 37385K->2816K(38912K)] 57767K->23238K(78336K), 0.0010580 secs] [Times: user=0.00 sys=0.00, real=0.01 secs] 
276.115: Total time for which application threads were stopped: 0.0012060 seconds, Stopping threads took: 0.0000760 seconds
276.205: Application time: 0.0892560 seconds
276.205: [GC [PSYoungGen: 38342K->1248K(36864K)] 58764K->21726K(76288K), 0.0006060 secs] [Times: user=0.00 sys=0.00, real=0.00 secs] 
276.205: Total time for which application threads were stopped: 0.0007400 seconds, Stopping threads took: 0.0000730 seconds
276.290: Application time: 0.0845090 seconds
276.290: [GC [PSYoungGen: 36406K->2304K(37376K)] 56884K->22782K(76800K), 0.0009550 secs] [Times: user=0.01 sys=0.00, real=0.00 secs] 
276.291: Total time for which application threads were stopped: 0.0010930 seconds, Stopping threads took: 0.0000660 seconds
276.377: Application time: 0.0856440 seconds
276.377: [GC [PSYoungGen: 36956K->1280K(35840K)] 57434K->21838K(75264K), 0.0007400 secs] [Times: user=0.01 sys=0.00, real=0.00 secs] 
276.377: Total time for which application threads were stopped: 0.0009370 seconds, Stopping threads took: 0.0001250 seconds
276.459: Application time: 0.0815690 seconds
276.459: [GC [PSYoungGen: 35327K->2816K(36864K)] 55885K->23446K(76288K), 0.0011180 secs] [Times: user=0.01 sys=0.00, real=0.00 secs] 
276.460: Total time for which application threads were stopped: 0.0012570 seconds, Stopping threads took: 0.0000700 seconds
276.542: Application time: 0.0815020 seconds
276.542: [GC [PSYoungGen: 36355K->2304K(36864K)] 56986K->22974K(76288K), 0.0009750 secs] [Times: user=0.00 sys=0.00, real=0.00 secs] 
276.543: Total time for which application threads were stopped: 0.0011830 seconds, Stopping threads took: 0.0001370 seconds
276.625: Application time: 0.0824220 seconds
276.626: [GC [PSYoungGen: 35338K->1280K(34304K)] 56008K->22006K(73728K), 0.0006280 secs] [Times: user=0.00 sys=0.00, real=0.00 secs] 
276.626: Total time for which application threads were stopped: 0.0007640 seconds, Stopping threads took: 0.0000710 seconds
276.704: Application time: 0.0778570 seconds
276.704: [GC [PSYoungGen: 33709K->1760K(34816K)] 54435K->22526K(74240K), 0.0008110 secs] [Times: user=0.00 sys=0.00, real=0.00 secs] 
276.705: Total time for which application threads were stopped: 0.0009460 seconds, Stopping threads took: 0.0000690 seconds
276.782: Application time: 0.0774550 seconds
276.783: [GC [PSYoungGen: 33755K->1760K(33792K)] 54521K->22526K(73216K), 0.0007790 secs] [Times: user=0.01 sys=0.00, real=0.00 secs] 
276.783: Total time for which application threads were stopped: 0.0009120 seconds, Stopping threads took: 0.0000670 seconds
276.862: Application time: 0.0790270 seconds
276.862: [GC [PSYoungGen: 33165K->1248K(34304K)] 53931K->22070K(73728K), 0.0006240 secs] [Times: user=0.00 sys=0.00, real=0.00 secs] 
276.863: Total time for which application threads were stopped: 0.0007570 seconds, Stopping threads took: 0.0000670 seconds
276.936: Application time: 0.0726810 seconds
276.936: [GC [PSYoungGen: 32198K->2816K(34304K)] 53021K->23638K(73728K), 0.0010810 secs] [Times: user=0.01 sys=0.00, real=0.00 secs] 
276.937: Total time for which application threads were stopped: 0.0012350 seconds, Stopping threads took: 0.0000760 seconds
277.014: Application time: 0.0766350 seconds
277.014: [GC [PSYoungGen: 33356K->736K(33792K)] 54178K->21614K(73216K), 0.0004750 secs] [Times: user=0.00 sys=0.00, real=0.00 secs] 
277.014: Total time for which application threads were stopped: 0.0005890 seconds, Stopping threads took: 0.0000550 seconds
277.085: Application time: 0.0705150 seconds
277.085: [GC [PSYoungGen: 30656K->2304K(32256K)] 51534K->23258K(71680K), 0.0009900 secs] [Times: user=0.00 sys=0.00, real=0.00 secs] 
277.086: Total time for which application threads were stopped: 0.0011580 seconds, Stopping threads took: 0.0000960 seconds
277.156: Application time: 0.0698510 seconds
277.156: [GC [PSYoungGen: 31788K->3872K(33280K)] 52743K->24874K(72704K), 0.0014730 secs] [Times: user=0.01 sys=0.00, real=0.00 secs] 
277.157: Total time for which application threads were stopped: 0.0016280 seconds, Stopping threads took: 0.0000750 seconds
277.228: Application time: 0.0703670 seconds
277.228: [GC [PSYoungGen: 32770K->3808K(33792K)] 53773K->24898K(73216K), 0.0014730 secs] [Times: user=0.01 sys=0.00, real=0.00 secs] 
277.229: Total time for which application threads were stopped: 0.0016230 seconds, Stopping threads took: 0.0000710 seconds
277.302: Application time: 0.0724100 seconds
277.302: [GC [PSYoungGen: 32640K->2304K(39424K)] 53731K->23442K(78848K), 0.0008220 secs] [Times: user=0.00 sys=0.00, real=0.00 secs] 
277.303: Total time for which application threads were stopped: 0.0009820 seconds, Stopping threads took: 0.0000900 seconds
277.389: Application time: 0.0863810 seconds
277.389: [GC [PSYoungGen: 37394K->768K(39936K)] 58532K->21906K(79360K), 0.0005520 secs] [Times: user=0.00 sys=0.00, real=0.00 secs] 
277.390: Total time for which application threads were stopped: 0.0008210 seconds, Stopping threads took: 0.0002060 seconds
277.474: Application time: 0.0834910 seconds
277.474: [GC [PSYoungGen: 35771K->1248K(47104K)] 56910K->22434K(86528K), 0.0005400 secs] [Times: user=0.00 sys=0.00, real=0.00 secs] 
277.474: Total time for which application threads were stopped: 0.0006780 seconds, Stopping threads took: 0.0000610 seconds
277.577: Application time: 0.1024360 seconds
277.577: [GC [PSYoungGen: 43529K->1248K(43008K)] 64715K->22434K(82432K), 0.0005670 secs] [Times: user=0.00 sys=0.00, real=0.00 secs] 
277.577: Total time for which application threads were stopped: 0.0006940 seconds, Stopping threads took: 0.0000620 seconds
277.676: Application time: 0.0989700 seconds
277.676: [GC [PSYoungGen: 42578K->1280K(44032K)] 63765K->22506K(83456K), 0.0005700 secs] [Times: user=0.00 sys=0.00, real=0.00 secs] 
277.677: Total time for which application threads were stopped: 0.0006920 seconds, Stopping threads took: 0.0000570 seconds
277.774: Application time: 0.0965590 seconds
277.774: [GC [PSYoungGen: 41580K->1792K(41472K)] 62807K->23106K(80896K), 0.0007960 secs] [Times: user=0.01 sys=0.00, real=0.00 secs] 
277.775: Total time for which application threads were stopped: 0.0009330 seconds, Stopping threads took: 0.0000670 seconds
277.867: Application time: 0.0922340 seconds
277.867: [GC [PSYoungGen: 41058K->3872K(42496K)] 62372K->25254K(81920K), 0.0013270 secs] [Times: user=0.01 sys=0.00, real=0.00 secs] 
277.868: Total time for which application threads were stopped: 0.0014760 seconds, Stopping threads took: 0.0000710 seconds
277.964: Application time: 0.0960350 seconds
277.964: [GC [PSYoungGen: 41968K->2272K(39936K)] 63351K->23734K(79360K), 0.0010330 secs] [Times: user=0.01 sys=0.00, real=0.00 secs] 
277.965: Total time for which application threads were stopped: 0.0011670 seconds, Stopping threads took: 0.0000650 seconds
278.053: Application time: 0.0877550 seconds
278.053: [GC [PSYoungGen: 39410K->2816K(41984K)] 60872K->24278K(81408K), 0.0011070 secs] [Times: user=0.00 sys=0.00, real=0.00 secs] 
278.054: Total time for which application threads were stopped: 0.0012720 seconds, Stopping threads took: 0.0000810 seconds
278.146: Application time: 0.0919870 seconds
278.147: [GC [PSYoungGen: 39882K->1792K(38400K)] 61345K->23310K(77824K), 0.0007950 secs] [Times: user=0.00 sys=0.00, real=0.01 secs] 
278.147: Total time for which application threads were stopped: 0.0009470 seconds, Stopping threads took: 0.0000760 seconds
278.236: Application time: 0.0888000 seconds
278.236: [GC [PSYoungGen: 37906K->1216K(39936K)] 59424K->22734K(79360K), 0.0006280 secs] [Times: user=0.01 sys=0.00, real=0.00 secs] 
278.237: Total time for which application threads were stopped: 0.0007570 seconds, Stopping threads took: 0.0000640 seconds
278.320: Application time: 0.0833700 seconds
278.320: [GC [PSYoungGen: 36807K->2816K(38400K)] 58326K->24366K(77824K), 0.0011250 secs] [Times: user=0.01 sys=0.00, real=0.00 secs] 
278.322: Total time for which application threads were stopped: 0.0012670 seconds, Stopping threads took: 0.0000650 seconds
278.408: Application time: 0.0865570 seconds
278.408: [GC [PSYoungGen: 38058K->2336K(37888K)] 59609K->23927K(77312K), 0.0010110 secs] [Times: user=0.01 sys=0.00, real=0.00 secs] 
278.409: Total time for which application threads were stopped: 0.0011570 seconds, Stopping threads took: 0.0000750 seconds
278.494: Application time: 0.0851680 seconds
278.495: [GC [PSYoungGen: 36988K->1280K(35840K)] 58579K->23003K(75264K), 0.0006770 secs] [Times: user=0.00 sys=0.00, real=0.01 secs] 
278.495: Total time for which application threads were stopped: 0.0008220 seconds, Stopping threads took: 0.0000790 seconds
278.578: Application time: 0.0824650 seconds
278.578: [GC [PSYoungGen: 35255K->1792K(37376K)] 56978K->23611K(76800K), 0.0007900 secs] [Times: user=0.00 sys=0.00, real=0.00 secs] 
278.579: Total time for which application threads were stopped: 0.0009380 seconds, Stopping threads took: 0.0000640 seconds
278.662: Application time: 0.0835070 seconds
278.662: [GC [PSYoungGen: 35337K->736K(34304K)] 57156K->22555K(73728K), 0.0004670 secs] [Times: user=0.00 sys=0.00, real=0.00 secs] 
278.663: Total time for which application threads were stopped: 0.0005950 seconds, Stopping threads took: 0.0000700 seconds
278.741: Application time: 0.0779850 seconds
278.741: [GC [PSYoungGen: 33668K->2816K(36352K)] 55488K->24683K(75776K), 0.0011100 secs] [Times: user=0.01 sys=0.00, real=0.00 secs] 
278.742: Total time for which application threads were stopped: 0.0012540 seconds, Stopping threads took: 0.0000680 seconds
278.821: Application time: 0.0786760 seconds
278.821: [GC [PSYoungGen: 35253K->2272K(34816K)] 57120K->24139K(74240K), 0.0009800 secs] [Times: user=0.00 sys=0.00, real=0.00 secs] 
278.822: Total time for which application threads were stopped: 0.0011210 seconds, Stopping threads took: 0.0000710 seconds
278.902: Application time: 0.0805130 seconds
278.902: [GC [PSYoungGen: 34275K->1280K(35328K)] 56142K->23147K(74752K), 0.0006140 secs] [Times: user=0.00 sys=0.00, real=0.00 secs] 
278.903: Total time for which application threads were stopped: 0.0007520 seconds, Stopping threads took: 0.0000730 seconds
278.977: Application time: 0.0742860 seconds
278.978: [GC [PSYoungGen: 32746K->2816K(35840K)] 54614K->24731K(75264K), 0.0010960 secs] [Times: user=0.01 sys=0.00, real=0.00 secs] 
278.979: Total time for which application threads were stopped: 0.0012400 seconds, Stopping threads took: 0.0000710 seconds
279.055: Application time: 0.0765010 seconds
279.055: [GC [PSYoungGen: 34459K->1824K(42496K)] 56374K->23787K(81920K), 0.0007730 secs] [Times: user=0.01 sys=0.00, real=0.00 secs] 
279.056: Total time for which application threads were stopped: 0.0009090 seconds, Stopping threads took: 0.0000690 seconds
279.151: Application time: 0.0946580 seconds
279.151: [GC [PSYoungGen: 40070K->1792K(39424K)] 62034K->23875K(78848K), 0.0007520 secs] [Times: user=0.00 sys=0.00, real=0.00 secs] 
279.152: Total time for which application threads were stopped: 0.0008930 seconds, Stopping threads took: 0.0000660 seconds
279.241: Application time: 0.0891300 seconds
279.241: [GC [PSYoungGen: 38854K->1792K(38400K)] 60937K->23955K(77824K), 0.0007340 secs] [Times: user=0.00 sys=0.00, real=0.00 secs] 
279.242: Total time for which application threads were stopped: 0.0008830 seconds, Stopping threads took: 0.0000780 seconds
279.329: Application time: 0.0874390 seconds
279.329: [GC [PSYoungGen: 37902K->2304K(38400K)] 60065K->24467K(77824K), 0.0009580 secs] [Times: user=0.01 sys=0.00, real=0.00 secs] 
279.330: Total time for which application threads were stopped: 0.0010990 seconds, Stopping threads took: 0.0000720 seconds
279.418: Application time: 0.0873600 seconds
279.418: [GC [PSYoungGen: 37827K->1280K(38400K)] 59991K->23491K(77824K), 0.0006120 secs] [Times: user=0.00 sys=0.00, real=0.00 secs] 
279.418: Total time for which application threads were stopped: 0.0007430 seconds, Stopping threads took: 0.0000700 seconds
279.502: Application time: 0.0840850 seconds
279.503: [GC [PSYoungGen: 36281K->2272K(37376K)] 58493K->24483K(76800K), 0.0009110 secs] [Times: user=0.01 sys=0.00, real=0.00 secs] 
279.504: Total time for which application threads were stopped: 0.0011320 seconds, Stopping threads took: 0.0001500 seconds
279.586: Application time: 0.0824830 seconds
279.586: [GC [PSYoungGen: 36919K->2304K(37376K)] 59131K->24515K(76800K), 0.0009540 secs] [Times: user=0.00 sys=0.00, real=0.01 secs] 
279.587: Total time for which application threads were stopped: 0.0011120 seconds, Stopping threads took: 0.0000870 seconds
279.668: Application time: 0.0807360 seconds
279.668: [GC [PSYoungGen: 36433K->3360K(37888K)] 58645K->25647K(77312K), 0.0012790 secs] [Times: user=0.01 sys=0.00, real=0.00 secs] 
279.669: Total time for which application threads were stopped: 0.0014560 seconds, Stopping threads took: 0.0000930 seconds
279.753: Application time: 0.0841820 seconds
279.754: [GC [PSYoungGen: 37576K->2368K(45568K)] 59863K->24727K(84992K), 0.0008100 secs] [Times: user=0.01 sys=0.00, real=0.00 secs] 
279.754: Total time for which application threads were stopped: 0.0009540 seconds, Stopping threads took: 0.0000760 seconds
279.855: Application time: 0.1001080 seconds
279.855: [GC [PSYoungGen: 43542K->2272K(43008K)] 65902K->24739K(82432K), 0.0008610 secs] [Times: user=0.00 sys=0.00, real=0.00 secs] 
279.856: Total time for which application threads were stopped: 0.0010230 seconds, Stopping threads took: 0.0000890 seconds
279.953: Application time: 0.0979010 seconds
279.954: [GC [PSYoungGen: 42502K->768K(42496K)] 64970K->23235K(81920K), 0.0005090 secs] [Times: user=0.00 sys=0.00, real=0.00 secs] 
279.954: Total time for which application threads were stopped: 0.0006360 seconds, Stopping threads took: 0.0000640 seconds
280.049: Application time: 0.0952790 seconds
280.050: [GC [PSYoungGen: 39882K->1792K(40448K)] 62349K->24315K(79872K), 0.0008240 secs] [Times: user=0.00 sys=0.00, real=0.00 secs] 
280.050: Total time for which application threads were stopped: 0.0009590 seconds, Stopping threads took: 0.0000690 seconds
280.143: Application time: 0.0924250 seconds
280.143: [GC [PSYoungGen: 39882K->1792K(39936K)] 62405K->24315K(79360K), 0.0007640 secs] [Times: user=0.00 sys=0.00, real=0.00 secs] 
280.144: Total time for which application threads were stopped: 0.0008870 seconds, Stopping threads took: 0.0000560 seconds
280.233: Application time: 0.0897110 seconds
280.233: [GC [PSYoungGen: 38932K->1760K(38400K)] 61456K->24283K(77824K), 0.0007570 secs] [Times: user=0.00 sys=0.00, real=0.00 secs] 
280.234: Total time for which application threads were stopped: 0.0009000 seconds, Stopping threads took: 0.0000650 seconds
280.319: Application time: 0.0851670 seconds
280.320: [GC [PSYoungGen: 38022K->3392K(39424K)] 60546K->25955K(78848K), 0.0012830 secs] [Times: user=0.01 sys=0.00, real=0.00 secs] 
280.321: Total time for which application threads were stopped: 0.0014360 seconds, Stopping threads took: 0.0000760 seconds
280.407: Application time: 0.0860470 seconds
280.407: [GC [PSYoungGen: 39070K->2832K(39936K)] 61634K->25503K(79360K), 0.0011480 secs] [Times: user=0.00 sys=0.00, real=0.00 secs] 
280.408: Total time for which application threads were stopped: 0.0013780 seconds, Stopping threads took: 0.0001590 seconds
280.496: Application time: 0.0875020 seconds
280.496: [GC [PSYoungGen: 38432K->2272K(37888K)] 61103K->25023K(77312K), 0.0008230 secs] [Times: user=0.01 sys=0.00, real=0.00 secs] 
280.497: Total time for which application threads were stopped: 0.0009750 seconds, Stopping threads took: 0.0000730 seconds
280.583: Application time: 0.0857880 seconds
280.583: [GC [PSYoungGen: 37356K->2304K(45568K)] 60108K->25111K(84992K), 0.0009220 secs] [Times: user=0.00 sys=0.00, real=0.00 secs] 
280.584: Total time for which application threads were stopped: 0.0010760 seconds, Stopping threads took: 0.0000790 seconds
280.683: Application time: 0.0994090 seconds
280.683: [GC [PSYoungGen: 43478K->2272K(43008K)] 66286K->25127K(82432K), 0.0009020 secs] [Times: user=0.00 sys=0.00, real=0.00 secs] 
280.684: Total time for which application threads were stopped: 0.0010420 seconds, Stopping threads took: 0.0000700 seconds
280.780: Application time: 0.0954890 seconds
280.780: [GC [PSYoungGen: 42412K->3296K(45568K)] 65268K->26664K(84992K), 0.0013860 secs] [Times: user=0.00 sys=0.00, real=0.00 secs] 
280.781: Total time for which application threads were stopped: 0.0015520 seconds, Stopping threads took: 0.0000780 seconds
280.887: Application time: 0.1053960 seconds
280.887: [GC [PSYoungGen: 45077K->224K(41472K)] 68445K->23591K(80896K), 0.0003830 secs] [Times: user=0.00 sys=0.00, real=0.00 secs] 
280.887: Total time for which application threads were stopped: 0.0005450 seconds, Stopping threads took: 0.0000970 seconds
280.984: Application time: 0.0970340 seconds
280.984: [GC [PSYoungGen: 41110K->2304K(44032K)] 64478K->25720K(83456K), 0.0008800 secs] [Times: user=0.00 sys=0.00, real=0.00 secs] 
280.985: Total time for which application threads were stopped: 0.0010170 seconds, Stopping threads took: 0.0000680 seconds
281.082: Application time: 0.0967960 seconds
281.082: [GC [PSYoungGen: 42172K->1824K(40960K)] 65588K->25352K(80384K), 0.0007490 secs] [Times: user=0.01 sys=0.00, real=0.00 secs] 
281.083: Total time for which application threads were stopped: 0.0008840 seconds, Stopping threads took: 0.0000630 seconds
281.179: Application time: 0.0957530 seconds
281.179: [GC [PSYoungGen: 40428K->1792K(39936K)] 63956K->25432K(79360K), 0.0008290 secs] [Times: user=0.01 sys=0.00, real=0.00 secs] 
281.180: Total time for which application threads were stopped: 0.0009570 seconds, Stopping threads took: 0.0000600 seconds
281.271: Application time: 0.0913640 seconds
281.271: [GC [PSYoungGen: 39444K->2272K(39424K)] 63084K->25912K(78848K), 0.0009800 secs] [Times: user=0.00 sys=0.00, real=0.00 secs] 
281.272: Total time for which application threads were stopped: 0.0011150 seconds, Stopping threads took: 0.0000650 seconds
281.361: Application time: 0.0889630 seconds
281.361: [GC [PSYoungGen: 38822K->1280K(37888K)] 62462K->24976K(77312K), 0.0006910 secs] [Times: user=0.00 sys=0.00, real=0.00 secs] 
281.362: Total time for which application threads were stopped: 0.0008390 seconds, Stopping threads took: 0.0000780 seconds
281.450: Application time: 0.0877440 seconds
281.450: [GC [PSYoungGen: 37315K->1248K(37376K)] 61012K->24944K(76800K), 0.0006670 secs] [Times: user=0.01 sys=0.00, real=0.00 secs] 
281.450: Total time for which application threads were stopped: 0.0007930 seconds, Stopping threads took: 0.0000620 seconds
281.535: Application time: 0.0850650 seconds
281.536: [GC [PSYoungGen: 36841K->2240K(37888K)] 60538K->25936K(77312K), 0.0009500 secs] [Times: user=0.00 sys=0.00, real=0.00 secs] 
281.537: Total time for which application threads were stopped: 0.0011130 seconds, Stopping threads took: 0.0000940 seconds
281.622: Application time: 0.0852680 seconds
281.622: [GC [PSYoungGen: 37559K->2352K(37376K)] 61255K->26096K(76800K), 0.0010010 secs] [Times: user=0.01 sys=0.00, real=0.00 secs] 
281.623: Total time for which application threads were stopped: 0.0011500 seconds, Stopping threads took: 0.0000760 seconds
281.708: Application time: 0.0848540 seconds
281.708: [GC [PSYoungGen: 36921K->2304K(36864K)] 60666K->26188K(76288K), 0.0009900 secs] [Times: user=0.00 sys=0.00, real=0.00 secs] 
281.709: Total time for which application threads were stopped: 0.0011260 seconds, Stopping threads took: 0.0000660 seconds
281.791: Application time: 0.0822780 seconds
281.791: [GC [PSYoungGen: 36362K->1792K(36864K)] 60246K->25708K(76288K), 0.0007840 secs] [Times: user=0.01 sys=0.00, real=0.00 secs] 
281.792: Total time for which application threads were stopped: 0.0009270 seconds, Stopping threads took: 0.0000760 seconds
281.874: Application time: 0.0816300 seconds
281.874: [GC [PSYoungGen: 35336K->1280K(34816K)] 59252K->25260K(74240K), 0.0006270 secs] [Times: user=0.00 sys=0.00, real=0.00 secs] 
281.875: Total time for which application threads were stopped: 0.0007660 seconds, Stopping threads took: 0.0000680 seconds
281.954: Application time: 0.0791670 seconds
281.954: [GC [PSYoungGen: 34225K->1760K(35840K)] 58205K->25796K(75264K), 0.0007550 secs] [Times: user=0.00 sys=0.00, real=0.00 secs] 
281.955: Total time for which application threads were stopped: 0.0009130 seconds, Stopping threads took: 0.0000890 seconds
282.032: Application time: 0.0775710 seconds
282.032: [GC [PSYoungGen: 34181K->3296K(36352K)] 58217K->27332K(75776K), 0.0012420 secs] [Times: user=0.01 sys=0.00, real=0.00 secs] 
282.034: Total time for which application threads were stopped: 0.0013840 seconds, Stopping threads took: 0.0000690 seconds
282.113: Application time: 0.0796150 seconds
282.113: [GC [PSYoungGen: 35733K->2816K(43520K)] 59770K->26852K(82944K), 0.0008440 secs] [Times: user=0.00 sys=0.00, real=0.00 secs] 
282.114: Total time for which application threads were stopped: 0.0009940 seconds, Stopping threads took: 0.0000810 seconds
282.210: Application time: 0.0955270 seconds
282.210: [GC [PSYoungGen: 42090K->2784K(43520K)] 66127K->26820K(82944K), 0.0009730 secs] [Times: user=0.01 sys=0.00, real=0.00 secs] 
282.211: Total time for which application threads were stopped: 0.0011170 seconds, Stopping threads took: 0.0000690 seconds
282.307: Application time: 0.0962110 seconds
282.307: [GC [PSYoungGen: 42138K->2352K(40960K)] 66175K->26468K(80384K), 0.0008900 secs] [Times: user=0.00 sys=0.00, real=0.00 secs] 
282.308: Total time for which application threads were stopped: 0.0010250 seconds, Stopping threads took: 0.0000660 seconds
282.401: Application time: 0.0933520 seconds
282.402: [GC [PSYoungGen: 40602K->1280K(38912K)] 64719K->25520K(78336K), 0.0006490 secs] [Times: user=0.00 sys=0.00, real=0.00 secs] 
282.402: Total time for which application threads were stopped: 0.0007870 seconds, Stopping threads took: 0.0000660 seconds
282.493: Application time: 0.0908630 seconds
282.493: [GC [PSYoungGen: 38420K->1248K(37888K)] 62661K->25568K(77312K), 0.0005850 secs] [Times: user=0.00 sys=0.00, real=0.00 secs] 
282.494: Total time for which application threads were stopped: 0.0007190 seconds, Stopping threads took: 0.0000660 seconds
282.581: Application time: 0.0867200 seconds
282.581: [GC [PSYoungGen: 37277K->2272K(38400K)] 61598K->26640K(77824K), 0.0008630 secs] [Times: user=0.01 sys=0.00, real=0.00 secs] 
282.582: Total time for which application threads were stopped: 0.0009970 seconds, Stopping threads took: 0.0000650 seconds
282.669: Application time: 0.0874970 seconds
282.669: [GC [PSYoungGen: 37795K->1248K(36864K)] 62164K->25616K(76288K), 0.0006600 secs] [Times: user=0.00 sys=0.00, real=0.00 secs] 
282.670: Total time for which application threads were stopped: 0.0007810 seconds, Stopping threads took: 0.0000590 seconds
282.753: Application time: 0.0829640 seconds
282.753: [GC [PSYoungGen: 36247K->2816K(37888K)] 60616K->27184K(77312K), 0.0011190 secs] [Times: user=0.01 sys=0.00, real=0.00 secs] 
282.754: Total time for which application threads were stopped: 0.0012860 seconds, Stopping threads took: 0.0000910 seconds
282.838: Application time: 0.0841390 seconds
282.838: [GC [PSYoungGen: 37385K->2816K(37376K)] 61754K->27184K(76800K), 0.0011310 secs] [Times: user=0.01 sys=0.00, real=0.00 secs] 
282.840: Total time for which application threads were stopped: 0.0012980 seconds, Stopping threads took: 0.0000930 seconds
282.922: Application time: 0.0820580 seconds
282.922: [GC [PSYoungGen: 37104K->3392K(39936K)] 61472K->27800K(79360K), 0.0013310 secs] [Times: user=0.01 sys=0.00, real=0.00 secs] 
282.923: Total time for which application threads were stopped: 0.0015150 seconds, Stopping threads took: 0.0000920 seconds
283.010: Application time: 0.0873140 seconds
283.011: [GC [PSYoungGen: 38996K->1792K(46592K)] 63405K->26340K(86016K), 0.0007250 secs] [Times: user=0.00 sys=0.00, real=0.00 secs] 
283.011: Total time for which application threads were stopped: 0.0009330 seconds, Stopping threads took: 0.0001400 seconds
283.114: Application time: 0.1021760 seconds
283.114: [GC [PSYoungGen: 43640K->768K(41984K)] 68189K->25364K(81408K), 0.0004400 secs] [Times: user=0.01 sys=0.00, real=0.00 secs] 
283.114: Total time for which application threads were stopped: 0.0005590 seconds, Stopping threads took: 0.0000610 seconds
283.210: Application time: 0.0955500 seconds
283.210: [GC [PSYoungGen: 41420K->2816K(43520K)] 66017K->27493K(82944K), 0.0010500 secs] [Times: user=0.01 sys=0.00, real=0.00 secs] 
283.211: Total time for which application threads were stopped: 0.0011960 seconds, Stopping threads took: 0.0000710 seconds
283.309: Application time: 0.0984210 seconds
283.309: [GC [PSYoungGen: 42452K->1792K(40960K)] 67129K->26469K(80384K), 0.0007820 secs] [Times: user=0.00 sys=0.00, real=0.00 secs] 
283.310: Total time for which application threads were stopped: 0.0009220 seconds, Stopping threads took: 0.0000700 seconds
283.403: Application time: 0.0924240 seconds
283.403: [GC [PSYoungGen: 40394K->2304K(40960K)] 65071K->26981K(80384K), 0.0008940 secs] [Times: user=0.00 sys=0.00, real=0.00 secs] 
283.404: Total time for which application threads were stopped: 0.0010400 seconds, Stopping threads took: 0.0000750 seconds
283.496: Application time: 0.0923120 seconds
283.496: [GC [PSYoungGen: 39960K->1760K(38912K)] 64637K->26437K(78336K), 0.0008500 secs] [Times: user=0.00 sys=0.00, real=0.00 secs] 
283.497: Total time for which application threads were stopped: 0.0010090 seconds, Stopping threads took: 0.0000840 seconds
283.585: Application time: 0.0876390 seconds
283.585: [GC [PSYoungGen: 38618K->2352K(39936K)] 63295K->27077K(79360K), 0.0009590 secs] [Times: user=0.01 sys=0.00, real=0.00 secs] 
283.586: Total time for which application threads were stopped: 0.0011030 seconds, Stopping threads took: 0.0000730 seconds
283.674: Application time: 0.0880620 seconds
283.674: [GC [PSYoungGen: 38466K->1792K(37888K)] 63191K->26661K(77312K), 0.0008210 secs] [Times: user=0.01 sys=0.00, real=0.01 secs] 
283.675: Total time for which application threads were stopped: 0.0009750 seconds, Stopping threads took: 0.0000840 seconds
283.761: Application time: 0.0862340 seconds
283.761: [GC [PSYoungGen: 37464K->2816K(38912K)] 62333K->27733K(78336K), 0.0011610 secs] [Times: user=0.01 sys=0.00, real=0.00 secs] 
283.762: Total time for which application threads were stopped: 0.0013070 seconds, Stopping threads took: 0.0000750 seconds
283.848: Application time: 0.0853770 seconds
283.848: [GC [PSYoungGen: 37823K->2304K(37376K)] 62741K->27301K(76800K), 0.0009550 secs] [Times: user=0.01 sys=0.00, real=0.00 secs] 
283.849: Total time for which application threads were stopped: 0.0010830 seconds, Stopping threads took: 0.0000570 seconds
283.932: Application time: 0.0831660 seconds
283.932: [GC [PSYoungGen: 36797K->1760K(36864K)] 61795K->26757K(76288K), 0.0008240 secs] [Times: user=0.01 sys=0.00, real=0.00 secs] 
283.933: Total time for which application threads were stopped: 0.0009730 seconds, Stopping threads took: 0.0000790 seconds
284.016: Application time: 0.0827400 seconds
284.016: [GC [PSYoungGen: 35737K->1760K(35840K)] 60734K->26757K(75264K), 0.0007580 secs] [Times: user=0.00 sys=0.00, real=0.00 secs] 
284.017: Total time for which application threads were stopped: 0.0009080 seconds, Stopping threads took: 0.0000750 seconds
284.096: Application time: 0.0798670 seconds
284.097: [GC [PSYoungGen: 35299K->2304K(36352K)] 60296K->27301K(75776K), 0.0009100 secs] [Times: user=0.00 sys=0.00, real=0.00 secs] 
284.098: Total time for which application threads were stopped: 0.0010470 seconds, Stopping threads took: 0.0000690 seconds
284.178: Application time: 0.0807250 seconds
284.178: [GC [PSYoungGen: 35412K->1792K(34816K)] 60409K->26837K(74240K), 0.0008340 secs] [Times: user=0.00 sys=0.00, real=0.00 secs] 
284.179: Total time for which application threads were stopped: 0.0009690 seconds, Stopping threads took: 0.0000670 seconds
284.259: Application time: 0.0794210 seconds
284.259: [GC [PSYoungGen: 34385K->1280K(35328K)] 59430K->26409K(74752K), 0.0006480 secs] [Times: user=0.01 sys=0.00, real=0.00 secs] 
284.259: Total time for which application threads were stopped: 0.0007860 seconds, Stopping threads took: 0.0000760 seconds
284.336: Application time: 0.0763120 seconds
284.336: [GC [PSYoungGen: 33271K->1792K(33792K)] 58400K->27001K(73216K), 0.0008040 secs] [Times: user=0.01 sys=0.00, real=0.00 secs] 
284.337: Total time for which application threads were stopped: 0.0010040 seconds, Stopping threads took: 0.0001310 seconds
284.412: Application time: 0.0753690 seconds
284.412: [GC [PSYoungGen: 33343K->2816K(35328K)] 58552K->28065K(74752K), 0.0011100 secs] [Times: user=0.01 sys=0.00, real=0.00 secs] 
284.413: Total time for which application threads were stopped: 0.0012650 seconds, Stopping threads took: 0.0000830 seconds
284.491: Application time: 0.0778250 seconds
284.491: [GC [PSYoungGen: 34221K->2304K(35328K)] 59470K->27633K(74752K), 0.0009080 secs] [Times: user=0.00 sys=0.00, real=0.00 secs] 
284.492: Total time for which application threads were stopped: 0.0010420 seconds, Stopping threads took: 0.0000640 seconds
284.570: Application time: 0.0773050 seconds
284.570: [GC [PSYoungGen: 33713K->1280K(32768K)] 59042K->26609K(72192K), 0.0005420 secs] [Times: user=0.01 sys=0.00, real=0.00 secs] 
284.570: Total time for which application threads were stopped: 0.0006810 seconds, Stopping threads took: 0.0000680 seconds
284.644: Application time: 0.0733760 seconds
284.644: [GC [PSYoungGen: 32156K->2304K(39936K)] 57486K->27633K(79360K), 0.0009120 secs] [Times: user=0.01 sys=0.00, real=0.00 secs] 
284.645: Total time for which application threads were stopped: 0.0010540 seconds, Stopping threads took: 0.0000710 seconds
284.733: Application time: 0.0884380 seconds
284.733: [GC [PSYoungGen: 38422K->704K(37376K)] 63751K->26033K(76800K), 0.0004860 secs] [Times: user=0.00 sys=0.00, real=0.00 secs] 
284.734: Total time for which application threads were stopped: 0.0006000 seconds, Stopping threads took: 0.0000570 seconds
284.818: Application time: 0.0841880 seconds
284.818: [GC [PSYoungGen: 36291K->3328K(39424K)] 61621K->28697K(78848K), 0.0013020 secs] [Times: user=0.01 sys=0.00, real=0.00 secs] 
284.819: Total time for which application threads were stopped: 0.0014570 seconds, Stopping threads took: 0.0000790 seconds
284.907: Application time: 0.0875750 seconds
284.907: [GC [PSYoungGen: 39088K->1824K(37376K)] 64458K->27233K(76800K), 0.0006890 secs] [Times: user=0.00 sys=0.00, real=0.00 secs] 
284.908: Total time for which application threads were stopped: 0.0008260 seconds, Stopping threads took: 0.0000690 seconds
284.993: Application time: 0.0855690 seconds
284.993: [GC [PSYoungGen: 36907K->1792K(36864K)] 62317K->27325K(76288K), 0.0008240 secs] [Times: user=0.00 sys=0.00, real=0.00 secs] 
284.994: Total time for which application threads were stopped: 0.0009710 seconds, Stopping threads took: 0.0000750 seconds
285.078: Application time: 0.0840900 seconds
285.079: [GC [PSYoungGen: 36437K->2304K(36864K)] 61971K->27893K(76288K), 0.0008620 secs] [Times: user=0.00 sys=0.00, real=0.00 secs] 
285.079: Total time for which application threads were stopped: 0.0010170 seconds, Stopping threads took: 0.0000740 seconds
285.162: Application time: 0.0829760 seconds
285.163: [GC [PSYoungGen: 36283K->1792K(35840K)] 61873K->27477K(75264K), 0.0007430 secs] [Times: user=0.00 sys=0.00, real=0.00 secs] 
285.163: Total time for which application threads were stopped: 0.0008980 seconds, Stopping threads took: 0.0000850 seconds
285.244: Application time: 0.0808110 seconds
285.244: [GC [PSYoungGen: 35253K->2304K(35840K)] 60939K->27989K(75264K), 0.0009980 secs] [Times: user=0.00 sys=0.00, real=0.00 secs] 
285.245: Total time for which application threads were stopped: 0.0011490 seconds, Stopping threads took: 0.0000740 seconds
285.325: Application time: 0.0793950 seconds
285.325: [GC [PSYoungGen: 35249K->2816K(40448K)] 60935K->28501K(79872K), 0.0010720 secs] [Times: user=0.01 sys=0.00, real=0.00 secs] 
285.326: Total time for which application threads were stopped: 0.0012240 seconds, Stopping threads took: 0.0000800 seconds
285.415: Application time: 0.0894210 seconds
285.415: [GC [PSYoungGen: 39524K->1792K(38400K)] 65210K->27477K(77824K), 0.0006770 secs] [Times: user=0.01 sys=0.00, real=0.00 secs] 
285.416: Total time for which application threads were stopped: 0.0008090 seconds, Stopping threads took: 0.0000660 seconds
285.504: Application time: 0.0879610 seconds
285.504: [GC [PSYoungGen: 37982K->1792K(37888K)] 63668K->27561K(77312K), 0.0008440 secs] [Times: user=0.00 sys=0.00, real=0.00 secs] 
285.505: Total time for which application threads were stopped: 0.0009690 seconds, Stopping threads took: 0.0000570 seconds
285.591: Application time: 0.0855220 seconds
285.591: [GC [PSYoungGen: 37388K->2304K(37888K)] 63158K->28165K(77312K), 0.0009840 secs] [Times: user=0.01 sys=0.00, real=0.00 secs] 
285.592: Total time for which application threads were stopped: 0.0012080 seconds, Stopping threads took: 0.0001430 seconds
285.679: Application time: 0.0869440 seconds
285.679: [GC [PSYoungGen: 37470K->1280K(36352K)] 63332K->27197K(75776K), 0.0006860 secs] [Times: user=0.00 sys=0.00, real=0.00 secs] 
285.680: Total time for which application threads were stopped: 0.0008560 seconds, Stopping threads took: 0.0001040 seconds
285.762: Application time: 0.0819610 seconds
285.762: [GC [PSYoungGen: 35845K->2304K(37376K)] 61763K->28294K(76800K), 0.0009750 secs] [Times: user=0.01 sys=0.00, real=0.00 secs] 
285.763: Total time for which application threads were stopped: 0.0011280 seconds, Stopping threads took: 0.0000810 seconds
285.845: Application time: 0.0827820 seconds
285.846: [GC [PSYoungGen: 36285K->1248K(35328K)] 62275K->27294K(74752K), 0.0006250 secs] [Times: user=0.00 sys=0.00, real=0.00 secs] 
285.846: Total time for which application threads were stopped: 0.0007600 seconds, Stopping threads took: 0.0000720 seconds
285.927: Application time: 0.0810110 seconds
285.927: [GC [PSYoungGen: 34709K->1760K(36352K)] 60755K->27806K(75776K), 0.0007720 secs] [Times: user=0.00 sys=0.00, real=0.00 secs] 
285.929: Total time for which application threads were stopped: 0.0016390 seconds, Stopping threads took: 0.0000660 seconds
286.010: Application time: 0.0807130 seconds
286.010: [GC [PSYoungGen: 34787K->1792K(34816K)] 60834K->27838K(74240K), 0.0007780 secs] [Times: user=0.00 sys=0.00, real=0.00 secs] 
286.011: Total time for which application threads were stopped: 0.0009240 seconds, Stopping threads took: 0.0000810 seconds
286.085: Application time: 0.0749200 seconds
286.086: [GC [PSYoungGen: 34287K->3296K(36352K)] 60333K->29894K(75776K), 0.0015220 secs] [Times: user=0.01 sys=0.00, real=0.01 secs] 
286.087: Total time for which application threads were stopped: 0.0016750 seconds, Stopping threads took: 0.0000740 seconds
286.169: Application time: 0.0817900 seconds
286.169: [GC [PSYoungGen: 35894K->2320K(36352K)] 62492K->28966K(75776K), 0.0009170 secs] [Times: user=0.01 sys=0.00, real=0.00 secs] 
286.170: Total time for which application threads were stopped: 0.0010660 seconds, Stopping threads took: 0.0000630 seconds
286.249: Application time: 0.0789420 seconds
286.249: [GC [PSYoungGen: 34840K->736K(33280K)] 61486K->27478K(72704K), 0.0005400 secs] [Times: user=0.00 sys=0.00, real=0.00 secs] 
286.250: Total time for which application threads were stopped: 0.0006700 seconds, Stopping threads took: 0.0000670 seconds
286.325: Application time: 0.0756740 seconds
286.325: [GC [PSYoungGen: 32871K->2880K(40448K)] 59613K->29670K(79872K), 0.0011170 secs] [Times: user=0.01 sys=0.00, real=0.00 secs] 
286.327: Total time for which application threads were stopped: 0.0012640 seconds, Stopping threads took: 0.0000760 seconds
286.416: Application time: 0.0895610 seconds
286.416: [GC [PSYoungGen: 39430K->2272K(43008K)] 66220K->29170K(82432K), 0.0008720 secs] [Times: user=0.01 sys=0.00, real=0.00 secs] 
286.417: Total time for which application threads were stopped: 0.0010330 seconds, Stopping threads took: 0.0000890 seconds
286.511: Application time: 0.0940400 seconds
286.511: [GC [PSYoungGen: 40878K->1792K(39936K)] 67776K->28690K(79360K), 0.0007630 secs] [Times: user=0.00 sys=0.00, real=0.00 secs] 
286.512: Total time for which application threads were stopped: 0.0009030 seconds, Stopping threads took: 0.0000750 seconds
286.602: Application time: 0.0896710 seconds
286.602: [GC [PSYoungGen: 39366K->2304K(39424K)] 66264K->29202K(78848K), 0.0008770 secs] [Times: user=0.00 sys=0.01, real=0.00 secs] 
286.603: Total time for which application threads were stopped: 0.0010110 seconds, Stopping threads took: 0.0000640 seconds
286.693: Application time: 0.0905940 seconds
286.693: [GC [PSYoungGen: 39012K->1280K(37888K)] 65911K->28178K(77312K), 0.0006350 secs] [Times: user=0.00 sys=0.00, real=0.00 secs] 
286.694: Total time for which application threads were stopped: 0.0007930 seconds, Stopping threads took: 0.0000830 seconds
286.782: Application time: 0.0877820 seconds
286.782: [GC [PSYoungGen: 37387K->2304K(38912K)] 64286K->29274K(78336K), 0.0009030 secs] [Times: user=0.00 sys=0.00, real=0.00 secs] 
286.783: Total time for which application threads were stopped: 0.0010420 seconds, Stopping threads took: 0.0000680 seconds
286.871: Application time: 0.0875630 seconds
286.871: [GC [PSYoungGen: 37982K->1792K(37376K)] 64952K->28810K(76800K), 0.0008270 secs] [Times: user=0.00 sys=0.01, real=0.00 secs] 
286.871: Total time for which application threads were stopped: 0.0009690 seconds, Stopping threads took: 0.0000740 seconds
286.958: Application time: 0.0862980 seconds
286.958: [GC [PSYoungGen: 36958K->768K(37888K)] 63976K->27882K(77312K), 0.0005040 secs] [Times: user=0.00 sys=0.00, real=0.00 secs] 
286.958: Total time for which application threads were stopped: 0.0006310 seconds, Stopping threads took: 0.0000640 seconds
287.040: Application time: 0.0819410 seconds
287.040: [GC [PSYoungGen: 35334K->1792K(36352K)] 62448K->29002K(75776K), 0.0008300 secs] [Times: user=0.01 sys=0.00, real=0.00 secs] 
287.041: Total time for which application threads were stopped: 0.0009740 seconds, Stopping threads took: 0.0000760 seconds
287.125: Application time: 0.0835560 seconds
287.125: [GC [PSYoungGen: 35769K->1760K(36864K)] 62980K->29026K(76288K), 0.0007760 secs] [Times: user=0.01 sys=0.00, real=0.00 secs] 
287.126: Total time for which application threads were stopped: 0.0009090 seconds, Stopping threads took: 0.0000640 seconds
287.206: Application time: 0.0806390 seconds
287.207: [GC [PSYoungGen: 35223K->1760K(35328K)] 62490K->29026K(74752K), 0.0008260 secs] [Times: user=0.01 sys=0.00, real=0.01 secs] 
287.207: Total time for which application threads were stopped: 0.0009630 seconds, Stopping threads took: 0.0000620 seconds
287.288: Application time: 0.0803380 seconds
287.288: [GC [PSYoungGen: 34857K->2816K(35840K)] 62124K->30082K(75264K), 0.0011310 secs] [Times: user=0.01 sys=0.00, real=0.00 secs] 
287.289: Total time for which application threads were stopped: 0.0012760 seconds, Stopping threads took: 0.0000740 seconds
287.369: Application time: 0.0798780 seconds
287.369: [GC [PSYoungGen: 35255K->1760K(34304K)] 62522K->29106K(73728K), 0.0007760 secs] [Times: user=0.00 sys=0.00, real=0.00 secs] 
287.370: Total time for which application threads were stopped: 0.0009130 seconds, Stopping threads took: 0.0000720 seconds
287.449: Application time: 0.0790760 seconds
287.449: [GC [PSYoungGen: 33759K->1280K(34816K)] 61106K->28626K(74240K), 0.0006150 secs] [Times: user=0.01 sys=0.00, real=0.00 secs] 
287.450: Total time for which application threads were stopped: 0.0007530 seconds, Stopping threads took: 0.0000750 seconds
287.522: Application time: 0.0720760 seconds
287.522: [GC [PSYoungGen: 32821K->3360K(35328K)] 60167K->30746K(74752K), 0.0012920 secs] [Times: user=0.01 sys=0.00, real=0.00 secs] 
287.523: Total time for which application threads were stopped: 0.0014470 seconds, Stopping threads took: 0.0000730 seconds
287.604: Application time: 0.0812610 seconds
287.605: [GC [PSYoungGen: 34925K->1776K(41984K)] 62312K->29242K(81408K), 0.0007630 secs] [Times: user=0.00 sys=0.00, real=0.00 secs] 
287.605: Total time for which application threads were stopped: 0.0008900 seconds, Stopping threads took: 0.0000580 seconds
287.697: Application time: 0.0921200 seconds
287.698: [GC [PSYoungGen: 39940K->2288K(41984K)] 67407K->29834K(81408K), 0.0008770 secs] [Times: user=0.01 sys=0.00, real=0.00 secs] 
287.699: Total time for which application threads were stopped: 0.0010370 seconds, Stopping threads took: 0.0000860 seconds
287.791: Application time: 0.0926320 seconds
287.791: [GC [PSYoungGen: 40384K->1280K(38912K)] 67931K->28882K(78336K), 0.0005580 secs] [Times: user=0.00 sys=0.00, real=0.00 secs] 
287.792: Total time for which application threads were stopped: 0.0006920 seconds, Stopping threads took: 0.0000620 seconds
287.883: Application time: 0.0916540 seconds
287.884: [GC [PSYoungGen: 38342K->704K(37376K)] 65944K->28306K(76800K), 0.0005360 secs] [Times: user=0.00 sys=0.00, real=0.00 secs] 
287.884: Total time for which application threads were stopped: 0.0007230 seconds, Stopping threads took: 0.0001240 seconds
287.968: Application time: 0.0839450 seconds
287.968: [GC [PSYoungGen: 36888K->2832K(38912K)] 64490K->30434K(78336K), 0.0009700 secs] [Times: user=0.01 sys=0.00, real=0.00 secs] 
287.969: Total time for which application threads were stopped: 0.0011220 seconds, Stopping threads took: 0.0000780 seconds
288.060: Application time: 0.0903530 seconds
288.063: [GC [PSYoungGen: 38360K->768K(36352K)] 65962K->28466K(75776K), 0.0006180 secs] [Times: user=0.00 sys=0.00, real=0.00 secs] 
288.063: Total time for which application threads were stopped: 0.0037850 seconds, Stopping threads took: 0.0031070 seconds
288.146: Application time: 0.0828700 seconds
288.146: [GC [PSYoungGen: 35922K->2304K(37376K)] 63620K->30002K(76800K), 0.0009350 secs] [Times: user=0.01 sys=0.00, real=0.01 secs] 
288.147: Total time for which application threads were stopped: 0.0010940 seconds, Stopping threads took: 0.0000880 seconds
288.233: Application time: 0.0855030 seconds
288.233: [GC [PSYoungGen: 37034K->1808K(36352K)] 64733K->29587K(75776K), 0.0008750 secs] [Times: user=0.01 sys=0.00, real=0.00 secs] 
288.234: Total time for which application threads were stopped: 0.0010170 seconds, Stopping threads took: 0.0000740 seconds
288.317: Application time: 0.0826200 seconds
288.317: [GC [PSYoungGen: 35862K->2272K(36352K)] 63641K->30167K(75776K), 0.0009790 secs] [Times: user=0.00 sys=0.00, real=0.00 secs] 
288.318: Total time for which application threads were stopped: 0.0011280 seconds, Stopping threads took: 0.0000690 seconds
288.401: Application time: 0.0838170 seconds
288.402: [GC [PSYoungGen: 35739K->1216K(34816K)] 63634K->29167K(74240K), 0.0007120 secs] [Times: user=0.00 sys=0.00, real=0.00 secs] 
288.402: Total time for which application threads were stopped: 0.0008640 seconds, Stopping threads took: 0.0000850 seconds
288.480: Application time: 0.0778790 seconds
288.480: [GC [PSYoungGen: 34157K->2304K(35840K)] 62108K->30255K(75264K), 0.0009400 secs] [Times: user=0.00 sys=0.00, real=0.00 secs] 
288.481: Total time for which application threads were stopped: 0.0010860 seconds, Stopping threads took: 0.0000740 seconds
288.560: Application time: 0.0785010 seconds
288.560: [GC [PSYoungGen: 34809K->2816K(36352K)] 62760K->30767K(75776K), 0.0011230 secs] [Times: user=0.01 sys=0.00, real=0.00 secs] 
288.561: Total time for which application threads were stopped: 0.0012670 seconds, Stopping threads took: 0.0000650 seconds
288.641: Application time: 0.0800480 seconds
288.641: [GC [PSYoungGen: 35332K->2272K(43520K)] 63283K->30271K(82944K), 0.0008120 secs] [Times: user=0.00 sys=0.00, real=0.00 secs] 
288.642: Total time for which application threads were stopped: 0.0009540 seconds, Stopping threads took: 0.0000760 seconds
288.736: Application time: 0.0937380 seconds
288.736: [GC [PSYoungGen: 41390K->2272K(40960K)] 69389K->30319K(80384K), 0.0008800 secs] [Times: user=0.01 sys=0.00, real=0.00 secs] 
288.737: Total time for which application threads were stopped: 0.0011160 seconds, Stopping threads took: 0.0001630 seconds
288.829: Application time: 0.0922600 seconds
288.829: [GC [PSYoungGen: 40516K->2816K(40960K)] 68563K->30863K(80384K), 0.0010100 secs] [Times: user=0.00 sys=0.00, real=0.00 secs] 
288.830: Total time for which application threads were stopped: 0.0011930 seconds, Stopping threads took: 0.0000970 seconds
288.921: Application time: 0.0906860 seconds
288.921: [GC [PSYoungGen: 40114K->2320K(41472K)] 68162K->30447K(80896K), 0.0010030 secs] [Times: user=0.00 sys=0.00, real=0.00 secs] 
288.922: Total time for which application threads were stopped: 0.0011380 seconds, Stopping threads took: 0.0000620 seconds
289.012: Application time: 0.0902500 seconds
289.013: [GC [PSYoungGen: 39462K->1792K(38400K)] 67589K->30039K(77824K), 0.0007150 secs] [Times: user=0.00 sys=0.00, real=0.00 secs] 
289.013: Total time for which application threads were stopped: 0.0008490 seconds, Stopping threads took: 0.0000650 seconds
289.100: Application time: 0.0862730 seconds
289.100: [GC [PSYoungGen: 37821K->2240K(38400K)] 66069K->30543K(77824K), 0.0009560 secs] [Times: user=0.00 sys=0.00, real=0.00 secs] 
289.101: Total time for which application threads were stopped: 0.0011360 seconds, Stopping threads took: 0.0001070 seconds
289.188: Application time: 0.0868710 seconds
289.188: [GC [PSYoungGen: 37840K->2304K(37888K)] 66143K->30607K(77312K), 0.0008210 secs] [Times: user=0.00 sys=0.00, real=0.00 secs] 
289.189: Total time for which application threads were stopped: 0.0009620 seconds, Stopping threads took: 0.0000700 seconds
289.274: Application time: 0.0855050 seconds
289.274: [GC [PSYoungGen: 37388K->2304K(37376K)] 65691K->30647K(76800K), 0.0010070 secs] [Times: user=0.01 sys=0.00, real=0.01 secs] 
289.275: Total time for which application threads were stopped: 0.0011600 seconds, Stopping threads took: 0.0000810 seconds
289.360: Application time: 0.0843110 seconds
289.360: [GC [PSYoungGen: 36795K->2272K(36864K)] 65139K->30671K(76288K), 0.0008730 secs] [Times: user=0.00 sys=0.00, real=0.00 secs] 
289.361: Total time for which application threads were stopped: 0.0010230 seconds, Stopping threads took: 0.0000720 seconds
289.443: Application time: 0.0822160 seconds
289.443: [GC [PSYoungGen: 36326K->2816K(43520K)] 64725K->31215K(82944K), 0.0011680 secs] [Times: user=0.00 sys=0.00, real=0.00 secs] 
289.444: Total time for which application threads were stopped: 0.0013170 seconds, Stopping threads took: 0.0000790 seconds
289.541: Application time: 0.0964650 seconds
289.541: [GC [PSYoungGen: 42250K->1792K(45056K)] 70650K->30239K(84480K), 0.0008870 secs] [Times: user=0.01 sys=0.00, real=0.00 secs] 
289.542: Total time for which application threads were stopped: 0.0010130 seconds, Stopping threads took: 0.0000600 seconds
289.640: Application time: 0.0985190 seconds
289.640: [GC [PSYoungGen: 43040K->2784K(45056K)] 71488K->31371K(84480K), 0.0011540 secs] [Times: user=0.01 sys=0.00, real=0.00 secs] 
289.642: Total time for which application threads were stopped: 0.0013940 seconds, Stopping threads took: 0.0001680 seconds
289.741: Application time: 0.0999480 seconds
289.742: [GC [PSYoungGen: 43960K->2304K(43008K)] 72548K->30947K(82432K), 0.0008100 secs] [Times: user=0.00 sys=0.00, real=0.00 secs] 
289.742: Total time for which application threads were stopped: 0.0009480 seconds, Stopping threads took: 0.0000700 seconds
289.843: Application time: 0.1001480 seconds
289.843: [GC [PSYoungGen: 42610K->1248K(40960K)] 71254K->29891K(80384K), 0.0006210 secs] [Times: user=0.00 sys=0.01, real=0.00 secs] 
289.843: Total time for which application threads were stopped: 0.0007480 seconds, Stopping threads took: 0.0000620 seconds
289.937: Application time: 0.0933430 seconds
289.937: [GC [PSYoungGen: 40362K->2240K(40960K)] 69005K->30951K(80384K), 0.0009620 secs] [Times: user=0.01 sys=0.00, real=0.00 secs] 
289.938: Total time for which application threads were stopped: 0.0011140 seconds, Stopping threads took: 0.0000640 seconds
290.029: Application time: 0.0915180 seconds
290.030: [GC [PSYoungGen: 40328K->2816K(40448K)] 69039K->31527K(79872K), 0.0010470 secs] [Times: user=0.00 sys=0.00, real=0.00 secs] 
290.031: Total time for which application threads were stopped: 0.0012920 seconds, Stopping threads took: 0.0001710 seconds
290.122: Application time: 0.0917090 seconds
290.122: [GC [PSYoungGen: 40118K->1280K(37888K)] 68830K->29991K(77312K), 0.0006470 secs] [Times: user=0.00 sys=0.00, real=0.00 secs] 
290.123: Total time for which application threads were stopped: 0.0007980 seconds, Stopping threads took: 0.0000880 seconds
290.213: Application time: 0.0902410 seconds
290.213: [GC [PSYoungGen: 37468K->1792K(37888K)] 66179K->30627K(77312K), 0.0008250 secs] [Times: user=0.00 sys=0.00, real=0.00 secs] 
290.214: Total time for which application threads were stopped: 0.0009550 seconds, Stopping threads took: 0.0000640 seconds
290.299: Application time: 0.0843810 seconds
290.299: [GC [PSYoungGen: 37390K->1696K(37376K)] 66226K->30607K(76800K), 0.0008980 secs] [Times: user=0.00 sys=0.00, real=0.00 secs] 
290.300: Total time for which application threads were stopped: 0.0010600 seconds, Stopping threads took: 0.0000910 seconds
290.384: Application time: 0.0846590 seconds
290.386: [GC [PSYoungGen: 36701K->1760K(36864K)] 65613K->30727K(76288K), 0.0009170 secs] [Times: user=0.00 sys=0.00, real=0.01 secs] 
290.387: Total time for which application threads were stopped: 0.0028050 seconds, Stopping threads took: 0.0018180 seconds
290.469: Application time: 0.0822620 seconds
290.470: [GC [PSYoungGen: 36405K->2304K(36864K)] 65373K->31271K(76288K), 0.0009760 secs] [Times: user=0.00 sys=0.00, real=0.00 secs] 
290.471: Total time for which application threads were stopped: 0.0011450 seconds, Stopping threads took: 0.0000870 seconds
290.555: Application time: 0.0844150 seconds
290.555: [GC [PSYoungGen: 36285K->1248K(35328K)] 65253K->30304K(74752K), 0.0006990 secs] [Times: user=0.00 sys=0.00, real=0.00 secs] 
290.556: Total time for which application threads were stopped: 0.0008270 seconds, Stopping threads took: 0.0000660 seconds
290.635: Application time: 0.0794010 seconds
290.635: [GC [PSYoungGen: 34705K->2304K(35840K)] 63761K->31360K(75264K), 0.0009470 secs] [Times: user=0.00 sys=0.00, real=0.00 secs] 
290.636: Total time for which application threads were stopped: 0.0010920 seconds, Stopping threads took: 0.0000750 seconds
290.715: Application time: 0.0791210 seconds
290.716: [GC [PSYoungGen: 35253K->2304K(35328K)] 64309K->31360K(74752K), 0.0009880 secs] [Times: user=0.01 sys=0.00, real=0.00 secs] 
290.717: Total time for which application threads were stopped: 0.0011280 seconds, Stopping threads took: 0.0000710 seconds
290.796: Application time: 0.0791640 seconds
290.796: [GC [PSYoungGen: 34968K->2304K(34816K)] 64024K->31360K(74240K), 0.0008920 secs] [Times: user=0.00 sys=0.00, real=0.00 secs] 
290.797: Total time for which application threads were stopped: 0.0010890 seconds, Stopping threads took: 0.0001300 seconds
290.875: Application time: 0.0784570 seconds
290.875: [GC [PSYoungGen: 34377K->2304K(36864K)] 63433K->31472K(76288K), 0.0010540 secs] [Times: user=0.00 sys=0.00, real=0.00 secs] 
290.877: Total time for which application threads were stopped: 0.0011910 seconds, Stopping threads took: 0.0000650 seconds
290.957: Application time: 0.0804620 seconds
290.957: [GC [PSYoungGen: 35333K->1792K(34816K)] 64501K->31048K(74240K), 0.0007080 secs] [Times: user=0.00 sys=0.00, real=0.00 secs] 
290.958: Total time for which application threads were stopped: 0.0008430 seconds, Stopping threads took: 0.0000690 seconds
291.037: Application time: 0.0788370 seconds
291.037: [GC [PSYoungGen: 34229K->1280K(33792K)] 63485K->30592K(73216K), 0.0006650 secs] [Times: user=0.01 sys=0.00, real=0.00 secs] 
291.038: Total time for which application threads were stopped: 0.0008600 seconds, Stopping threads took: 0.0001210 seconds
291.114: Application time: 0.0763350 seconds
291.114: [GC [PSYoungGen: 33345K->2304K(34304K)] 62657K->31616K(73728K), 0.0008720 secs] [Times: user=0.01 sys=0.00, real=0.01 secs] 
291.115: Total time for which application threads were stopped: 0.0009950 seconds, Stopping threads took: 0.0000570 seconds
291.192: Application time: 0.0775470 seconds
291.193: [GC [PSYoungGen: 33713K->1248K(32768K)] 63025K->30648K(72192K), 0.0006950 secs] [Times: user=0.00 sys=0.00, real=0.00 secs] 
291.193: Total time for which application threads were stopped: 0.0008170 seconds, Stopping threads took: 0.0000580 seconds
291.268: Application time: 0.0751880 seconds
291.269: [GC [PSYoungGen: 32132K->1184K(32256K)] 61533K->30584K(71680K), 0.0006850 secs] [Times: user=0.00 sys=0.00, real=0.00 secs] 
291.269: Total time for which application threads were stopped: 0.0008130 seconds, Stopping threads took: 0.0000660 seconds
291.341: Application time: 0.0720020 seconds
291.341: [GC [PSYoungGen: 31544K->2304K(32768K)] 60944K->31704K(72192K), 0.0009270 secs] [Times: user=0.00 sys=0.00, real=0.00 secs] 
291.342: Total time for which application threads were stopped: 0.0011250 seconds, Stopping threads took: 0.0001250 seconds
291.415: Application time: 0.0721400 seconds
291.415: [GC [PSYoungGen: 32308K->2816K(33792K)] 61709K->32216K(73216K), 0.0010990 secs] [Times: user=0.01 sys=0.00, real=0.01 secs] 
291.416: Total time for which application threads were stopped: 0.0012430 seconds, Stopping threads took: 0.0000750 seconds
291.490: Application time: 0.0740080 seconds
291.490: [GC [PSYoungGen: 32747K->2816K(33792K)] 62147K->32296K(73216K), 0.0011190 secs] [Times: user=0.01 sys=0.00, real=0.00 secs] 
291.491: Total time for which application threads were stopped: 0.0012560 seconds, Stopping threads took: 0.0000620 seconds
291.566: Application time: 0.0745990 seconds
291.566: [GC [PSYoungGen: 32841K->768K(39424K)] 62322K->30304K(78848K), 0.0005470 secs] [Times: user=0.01 sys=0.00, real=0.00 secs] 
291.566: Total time for which application threads were stopped: 0.0006810 seconds, Stopping threads took: 0.0000640 seconds
291.651: Application time: 0.0848640 seconds
291.651: [GC [PSYoungGen: 36357K->2816K(39936K)] 65893K->32428K(79360K), 0.0010690 secs] [Times: user=0.00 sys=0.00, real=0.00 secs] 
291.652: Total time for which application threads were stopped: 0.0012140 seconds, Stopping threads took: 0.0000750 seconds
291.739: Application time: 0.0869480 seconds
291.739: [GC [PSYoungGen: 38418K->1760K(37376K)] 68030K->31412K(76800K), 0.0006760 secs] [Times: user=0.00 sys=0.00, real=0.00 secs] 
291.740: Total time for which application threads were stopped: 0.0008150 seconds, Stopping threads took: 0.0000730 seconds
291.824: Application time: 0.0841500 seconds
291.824: [GC [PSYoungGen: 36841K->2272K(37376K)] 66494K->31972K(76800K), 0.0009240 secs] [Times: user=0.01 sys=0.00, real=0.00 secs] 
291.825: Total time for which application threads were stopped: 0.0010720 seconds, Stopping threads took: 0.0000760 seconds
291.909: Application time: 0.0834110 seconds
291.909: [GC [PSYoungGen: 36761K->2816K(43520K)] 66462K->32564K(82944K), 0.0009590 secs] [Times: user=0.00 sys=0.00, real=0.00 secs] 
291.910: Total time for which application threads were stopped: 0.0011020 seconds, Stopping threads took: 0.0000710 seconds
292.006: Application time: 0.0963420 seconds
292.006: [GC [PSYoungGen: 42018K->1280K(39936K)] 71767K->31028K(79360K), 0.0006310 secs] [Times: user=0.00 sys=0.00, real=0.01 secs] 
292.007: Total time for which application threads were stopped: 0.0007500 seconds, Stopping threads took: 0.0000550 seconds
292.097: Application time: 0.0900480 seconds
292.097: [GC [PSYoungGen: 39522K->2304K(40448K)] 69270K->32100K(79872K), 0.0009250 secs] [Times: user=0.01 sys=0.00, real=0.00 secs] 
292.098: Total time for which application threads were stopped: 0.0010670 seconds, Stopping threads took: 0.0000580 seconds
292.187: Application time: 0.0891800 seconds
292.187: [GC [PSYoungGen: 39440K->3328K(41472K)] 69236K->33192K(80896K), 0.0012850 secs] [Times: user=0.01 sys=0.00, real=0.00 secs] 
292.189: Total time for which application threads were stopped: 0.0014470 seconds, Stopping threads took: 0.0000790 seconds
292.278: Application time: 0.0896370 seconds
292.279: [GC [PSYoungGen: 40548K->2816K(49152K)] 70412K->32728K(88576K), 0.0009660 secs] [Times: user=0.00 sys=0.00, real=0.00 secs] 
292.279: Total time for which application threads were stopped: 0.0011170 seconds, Stopping threads took: 0.0000820 seconds
292.391: Application time: 0.1115490 seconds
292.391: [GC [PSYoungGen: 47755K->1248K(45568K)] 77668K->31240K(84992K), 0.0007050 secs] [Times: user=0.00 sys=0.00, real=0.00 secs] 
292.392: Total time for which application threads were stopped: 0.0008340 seconds, Stopping threads took: 0.0000630 seconds
292.495: Application time: 0.1026650 seconds
292.495: [GC [PSYoungGen: 44988K->2240K(46080K)] 74981K->32300K(85504K), 0.0009190 secs] [Times: user=0.00 sys=0.00, real=0.01 secs] 
292.496: Total time for which application threads were stopped: 0.0010640 seconds, Stopping threads took: 0.0000750 seconds
292.599: Application time: 0.1038270 seconds
292.600: [GC [PSYoungGen: 44954K->2752K(45056K)] 75015K->32812K(84480K), 0.0012250 secs] [Times: user=0.01 sys=0.00, real=0.00 secs] 
292.601: Total time for which application threads were stopped: 0.0013810 seconds, Stopping threads took: 0.0000710 seconds
292.702: Application time: 0.1006990 seconds
292.702: [GC [PSYoungGen: 44599K->2272K(44032K)] 74660K->32332K(83456K), 0.0009770 secs] [Times: user=0.01 sys=0.00, real=0.00 secs] 
292.703: Total time for which application threads were stopped: 0.0011290 seconds, Stopping threads took: 0.0000810 seconds
292.803: Application time: 0.1000480 seconds
292.803: [GC [PSYoungGen: 43090K->1776K(41984K)] 73151K->31912K(81408K), 0.0008930 secs] [Times: user=0.01 sys=0.00, real=0.00 secs] 
292.804: Total time for which application threads were stopped: 0.0010520 seconds, Stopping threads took: 0.0000890 seconds
292.898: Application time: 0.0941680 seconds
292.898: [GC [PSYoungGen: 41560K->2800K(41984K)] 71697K->33009K(81408K), 0.0011590 secs] [Times: user=0.01 sys=0.00, real=0.00 secs] 
292.899: Total time for which application threads were stopped: 0.0013110 seconds, Stopping threads took: 0.0000770 seconds
292.995: Application time: 0.0953380 seconds
292.995: [GC [PSYoungGen: 41488K->1280K(39424K)] 71697K->31577K(78848K), 0.0006840 secs] [Times: user=0.00 sys=0.00, real=0.00 secs] 
292.996: Total time for which application threads were stopped: 0.0009130 seconds, Stopping threads took: 0.0001660 seconds
293.087: Application time: 0.0910440 seconds
293.087: [GC [PSYoungGen: 38930K->2304K(39936K)] 69227K->32649K(79360K), 0.0010080 secs] [Times: user=0.01 sys=0.00, real=0.01 secs] 
293.088: Total time for which application threads were stopped: 0.0011580 seconds, Stopping threads took: 0.0000770 seconds
293.177: Application time: 0.0894320 seconds
293.177: [GC [PSYoungGen: 38856K->1280K(37888K)] 69201K->31681K(77312K), 0.0006450 secs] [Times: user=0.00 sys=0.00, real=0.00 secs] 
293.178: Total time for which application threads were stopped: 0.0007930 seconds, Stopping threads took: 0.0000740 seconds
293.264: Application time: 0.0860010 seconds
293.264: [GC [PSYoungGen: 37392K->1248K(39424K)] 67793K->31649K(78848K), 0.0007140 secs] [Times: user=0.00 sys=0.00, real=0.00 secs] 
293.265: Total time for which application threads were stopped: 0.0008510 seconds, Stopping threads took: 0.0000730 seconds
293.350: Application time: 0.0847880 seconds
293.350: [GC [PSYoungGen: 36839K->2304K(37888K)] 67240K->32761K(77312K), 0.0009520 secs] [Times: user=0.01 sys=0.00, real=0.00 secs] 
293.351: Total time for which application threads were stopped: 0.0011530 seconds, Stopping threads took: 0.0001290 seconds
293.436: Application time: 0.0851790 seconds
293.436: [GC [PSYoungGen: 37390K->2272K(37376K)] 67847K->32761K(76800K), 0.0010220 secs] [Times: user=0.00 sys=0.00, real=0.00 secs] 
293.437: Total time for which application threads were stopped: 0.0012340 seconds, Stopping threads took: 0.0001410 seconds
293.522: Application time: 0.0853070 seconds
293.523: [GC [PSYoungGen: 36926K->736K(37888K)] 67415K->31289K(77312K), 0.0005160 secs] [Times: user=0.00 sys=0.00, real=0.00 secs] 
293.523: Total time for which application threads were stopped: 0.0006280 seconds, Stopping threads took: 0.0000530 seconds
293.605: Application time: 0.0818210 seconds
293.605: [GC [PSYoungGen: 34866K->1776K(36352K)] 65419K->32409K(75776K), 0.0008920 secs] [Times: user=0.01 sys=0.00, real=0.00 secs] 
293.606: Total time for which application threads were stopped: 0.0010290 seconds, Stopping threads took: 0.0000700 seconds
293.686: Application time: 0.0804850 seconds
293.687: [GC [PSYoungGen: 35318K->1760K(35328K)] 65951K->32465K(74752K), 0.0008270 secs] [Times: user=0.01 sys=0.00, real=0.01 secs] 
293.688: Total time for which application threads were stopped: 0.0010760 seconds, Stopping threads took: 0.0001770 seconds
293.768: Application time: 0.0801920 seconds
293.768: [GC [PSYoungGen: 34705K->1216K(35840K)] 65410K->31969K(75264K), 0.0006580 secs] [Times: user=0.00 sys=0.00, real=0.00 secs] 
293.769: Total time for which application threads were stopped: 0.0008710 seconds, Stopping threads took: 0.0001500 seconds
293.847: Application time: 0.0782060 seconds
293.847: [GC [PSYoungGen: 33655K->1216K(33792K)] 64408K->31969K(73216K), 0.0005960 secs] [Times: user=0.00 sys=0.00, real=0.00 secs] 
293.848: Total time for which application threads were stopped: 0.0007740 seconds, Stopping threads took: 0.0001200 seconds
293.926: Application time: 0.0786490 seconds
293.926: [GC [PSYoungGen: 33215K->736K(34816K)] 63969K->31489K(74240K), 0.0005320 secs] [Times: user=0.00 sys=0.00, real=0.01 secs] 
293.927: Total time for which application threads were stopped: 0.0006600 seconds, Stopping threads took: 0.0000680 seconds
293.999: Application time: 0.0720200 seconds
293.999: [GC [PSYoungGen: 32194K->3296K(34816K)] 62947K->34089K(74240K), 0.0012680 secs] [Times: user=0.01 sys=0.00, real=0.00 secs] 
294.000: Total time for which application threads were stopped: 0.0014190 seconds, Stopping threads took: 0.0000740 seconds
294.078: Application time: 0.0774030 seconds
294.078: [GC [PSYoungGen: 34276K->1280K(34304K)] 65069K->32129K(73728K), 0.0006190 secs] [Times: user=0.00 sys=0.00, real=0.00 secs] 
294.078: Total time for which application threads were stopped: 0.0007590 seconds, Stopping threads took: 0.0000740 seconds
294.153: Application time: 0.0746440 seconds
294.153: [GC [PSYoungGen: 31727K->1216K(31744K)] 62576K->32121K(71168K), 0.0006760 secs] [Times: user=0.00 sys=0.00, real=0.00 secs] 
294.154: Total time for which application threads were stopped: 0.0008120 seconds, Stopping threads took: 0.0000690 seconds
294.227: Application time: 0.0730090 seconds
294.227: [GC [PSYoungGen: 31224K->1280K(32768K)] 62130K->32225K(72192K), 0.0006640 secs] [Times: user=0.00 sys=0.00, real=0.00 secs] 
294.228: Total time for which application threads were stopped: 0.0008040 seconds, Stopping threads took: 0.0000670 seconds
294.298: Application time: 0.0706890 seconds
294.299: [GC [PSYoungGen: 30694K->1248K(30720K)] 61639K->32277K(70144K), 0.0006900 secs] [Times: user=0.00 sys=0.00, real=0.00 secs] 
294.299: Total time for which application threads were stopped: 0.0008650 seconds, Stopping threads took: 0.0001090 seconds
294.370: Application time: 0.0705500 seconds
294.370: [GC [PSYoungGen: 30146K->1280K(31744K)] 61175K->32357K(71168K), 0.0006440 secs] [Times: user=0.00 sys=0.00, real=0.00 secs] 
294.371: Total time for which application threads were stopped: 0.0007710 seconds, Stopping threads took: 0.0000570 seconds
294.439: Application time: 0.0684920 seconds
294.439: [GC [PSYoungGen: 29582K->2304K(30720K)] 60659K->33437K(70144K), 0.0009500 secs] [Times: user=0.01 sys=0.00, real=0.00 secs] 
294.440: Total time for which application threads were stopped: 0.0010970 seconds, Stopping threads took: 0.0000760 seconds
294.508: Application time: 0.0674010 seconds
294.508: [GC [PSYoungGen: 30100K->1216K(30720K)] 61233K->32349K(70144K), 0.0006030 secs] [Times: user=0.01 sys=0.00, real=0.00 secs] 
294.508: Total time for which application threads were stopped: 0.0007340 seconds, Stopping threads took: 0.0000600 seconds
294.575: Application time: 0.0666110 seconds
294.575: [GC [PSYoungGen: 28570K->1792K(29184K)] 59703K->32925K(68608K), 0.0007790 secs] [Times: user=0.00 sys=0.00, real=0.00 secs] 
294.576: Total time for which application threads were stopped: 0.0009090 seconds, Stopping threads took: 0.0000650 seconds
294.642: Application time: 0.0657480 seconds
294.642: [GC [PSYoungGen: 28556K->1792K(28672K)] 59689K->32965K(68096K), 0.0008230 secs] [Times: user=0.00 sys=0.00, real=0.00 secs] 
294.643: Total time for which application threads were stopped: 0.0009750 seconds, Stopping threads took: 0.0000850 seconds
294.706: Application time: 0.0631830 seconds
294.706: [GC [PSYoungGen: 28196K->2304K(29696K)] 59370K->33477K(69120K), 0.0009450 secs] [Times: user=0.01 sys=0.00, real=0.01 secs] 
294.707: Total time for which application threads were stopped: 0.0010950 seconds, Stopping threads took: 0.0000760 seconds
294.772: Application time: 0.0646580 seconds
294.772: [GC [PSYoungGen: 28636K->1248K(35840K)] 59810K->32505K(75264K), 0.0006140 secs] [Times: user=0.01 sys=0.00, real=0.00 secs] 
294.772: Total time for which application threads were stopped: 0.0007490 seconds, Stopping threads took: 0.0000640 seconds
294.850: Application time: 0.0773120 seconds
294.850: [GC [PSYoungGen: 33241K->1760K(35840K)] 64498K->33065K(75264K), 0.0007950 secs] [Times: user=0.00 sys=0.00, real=0.00 secs] 
294.851: Total time for which application threads were stopped: 0.0009270 seconds, Stopping threads took: 0.0000620 seconds
294.928: Application time: 0.0777430 seconds
294.928: [GC [PSYoungGen: 33833K->1792K(33792K)] 65138K->33145K(73216K), 0.0006890 secs] [Times: user=0.01 sys=0.00, real=0.00 secs] 
294.929: Total time for which application threads were stopped: 0.0008280 seconds, Stopping threads took: 0.0000720 seconds
295.005: Application time: 0.0756690 seconds
295.005: [GC [PSYoungGen: 33262K->2784K(40960K)] 64616K->34213K(80384K), 0.0010120 secs] [Times: user=0.00 sys=0.00, real=0.00 secs] 
295.006: Total time for which application threads were stopped: 0.0011540 seconds, Stopping threads took: 0.0000640 seconds
295.097: Application time: 0.0910280 seconds
295.097: [GC [PSYoungGen: 40364K->1728K(38912K)] 71794K->33205K(78336K), 0.0008040 secs] [Times: user=0.01 sys=0.00, real=0.00 secs] 
295.098: Total time for which application threads were stopped: 0.0009930 seconds, Stopping threads took: 0.0001220 seconds
295.188: Application time: 0.0896840 seconds
295.188: [GC [PSYoungGen: 38354K->1792K(38400K)] 69832K->33269K(77824K), 0.0008130 secs] [Times: user=0.01 sys=0.00, real=0.00 secs] 
295.189: Total time for which application threads were stopped: 0.0009470 seconds, Stopping threads took: 0.0000670 seconds
295.276: Application time: 0.0873930 seconds
295.276: [GC [PSYoungGen: 37827K->1216K(37888K)] 69305K->32741K(77312K), 0.0006430 secs] [Times: user=0.00 sys=0.00, real=0.00 secs] 
295.277: Total time for which application threads were stopped: 0.0007800 seconds, Stopping threads took: 0.0000660 seconds
295.362: Application time: 0.0851790 seconds
295.362: [GC [PSYoungGen: 36892K->1216K(36864K)] 68418K->32741K(76288K), 0.0006680 secs] [Times: user=0.00 sys=0.00, real=0.00 secs] 
295.363: Total time for which application threads were stopped: 0.0008130 seconds, Stopping threads took: 0.0000770 seconds
295.446: Application time: 0.0830170 seconds
295.446: [GC [PSYoungGen: 36296K->2272K(37376K)] 67821K->33877K(76800K), 0.0009800 secs] [Times: user=0.00 sys=0.00, real=0.01 secs] 
295.447: Total time for which application threads were stopped: 0.0011280 seconds, Stopping threads took: 0.0000760 seconds
295.531: Application time: 0.0840960 seconds
295.531: [GC [PSYoungGen: 36998K->2304K(36864K)] 68604K->33958K(76288K), 0.0009930 secs] [Times: user=0.01 sys=0.00, real=0.00 secs] 
295.532: Total time for which application threads were stopped: 0.0011420 seconds, Stopping threads took: 0.0000750 seconds
295.614: Application time: 0.0823200 seconds
295.615: [GC [PSYoungGen: 36361K->1760K(36352K)] 68015K->33522K(75776K), 0.0008130 secs] [Times: user=0.01 sys=0.00, real=0.01 secs] 
295.615: Total time for which application threads were stopped: 0.0009500 seconds, Stopping threads took: 0.0000670 seconds
295.696: Application time: 0.0803920 seconds
295.696: [GC [PSYoungGen: 35221K->2272K(35840K)] 66983K->34090K(75264K), 0.0009970 secs] [Times: user=0.01 sys=0.00, real=0.00 secs] 
295.697: Total time for which application threads were stopped: 0.0011280 seconds, Stopping threads took: 0.0000610 seconds
295.780: Application time: 0.0832200 seconds
295.780: [GC [PSYoungGen: 35305K->768K(35328K)] 67123K->32586K(74752K), 0.0004950 secs] [Times: user=0.01 sys=0.00, real=0.00 secs] 
295.781: Total time for which application threads were stopped: 0.0007340 seconds, Stopping threads took: 0.0001700 seconds
295.856: Application time: 0.0755220 seconds
295.857: [GC [PSYoungGen: 33176K->2784K(35840K)] 64994K->35658K(75264K), 0.0015430 secs] [Times: user=0.01 sys=0.00, real=0.00 secs] 
295.858: Total time for which application threads were stopped: 0.0017120 seconds, Stopping threads took: 0.0000920 seconds
295.938: Application time: 0.0800190 seconds
295.938: [GC [PSYoungGen: 35227K->1792K(43008K)] 68101K->34666K(82432K), 0.0006540 secs] [Times: user=0.00 sys=0.00, real=0.00 secs] 
295.939: Total time for which application threads were stopped: 0.0008050 seconds, Stopping threads took: 0.0000850 seconds
296.035: Application time: 0.0958550 seconds
296.035: [GC [PSYoungGen: 41069K->1280K(39936K)] 73943K->34154K(79360K), 0.0005560 secs] [Times: user=0.00 sys=0.00, real=0.00 secs] 
296.036: Total time for which application threads were stopped: 0.0007760 seconds, Stopping threads took: 0.0001590 seconds
296.129: Application time: 0.0933430 seconds
296.129: [GC [PSYoungGen: 39606K->688K(39936K)] 72481K->33634K(79360K), 0.0005710 secs] [Times: user=0.00 sys=0.00, real=0.00 secs] 
296.130: Total time for which application threads were stopped: 0.0006850 seconds, Stopping threads took: 0.0000540 seconds
296.221: Application time: 0.0918070 seconds
296.222: [GC [PSYoungGen: 37828K->768K(37376K)] 70774K->33834K(76800K), 0.0005550 secs] [Times: user=0.01 sys=0.00, real=0.00 secs] 
296.222: Total time for which application threads were stopped: 0.0006680 seconds, Stopping threads took: 0.0000520 seconds
296.306: Application time: 0.0837650 seconds
296.306: [GC [PSYoungGen: 36871K->2816K(38912K)] 69938K->35930K(78336K), 0.0010800 secs] [Times: user=0.00 sys=0.00, real=0.01 secs] 
296.307: Total time for which application threads were stopped: 0.0012270 seconds, Stopping threads took: 0.0000690 seconds
296.395: Application time: 0.0875810 seconds
296.395: [GC [PSYoungGen: 38340K->1792K(37376K)] 71454K->34954K(76800K), 0.0007690 secs] [Times: user=0.00 sys=0.00, real=0.00 secs] 
296.396: Total time for which application threads were stopped: 0.0009180 seconds, Stopping threads took: 0.0000820 seconds
296.481: Application time: 0.0856390 seconds
296.481: [GC [PSYoungGen: 36878K->1280K(37888K)] 70040K->34442K(77312K), 0.0006360 secs] [Times: user=0.01 sys=0.00, real=0.00 secs] 
296.482: Total time for which application threads were stopped: 0.0007840 seconds, Stopping threads took: 0.0000780 seconds
296.566: Application time: 0.0837030 seconds
296.566: [GC [PSYoungGen: 35771K->1184K(35840K)] 68934K->34394K(75264K), 0.0006770 secs] [Times: user=0.00 sys=0.00, real=0.00 secs] 
296.567: Total time for which application threads were stopped: 0.0008780 seconds, Stopping threads took: 0.0001410 seconds
296.647: Application time: 0.0804540 seconds
296.647: [GC [PSYoungGen: 35235K->2272K(36864K)] 68446K->35482K(76288K), 0.0009620 secs] [Times: user=0.01 sys=0.00, real=0.00 secs] 
296.648: Total time for which application threads were stopped: 0.0011160 seconds, Stopping threads took: 0.0000830 seconds
296.729: Application time: 0.0811730 seconds
296.730: [GC [PSYoungGen: 35890K->2304K(35840K)] 69100K->35554K(75264K), 0.0009820 secs] [Times: user=0.00 sys=0.00, real=0.00 secs] 
296.731: Total time for which application threads were stopped: 0.0011870 seconds, Stopping threads took: 0.0001300 seconds
296.812: Application time: 0.0812880 seconds
296.812: [GC [PSYoungGen: 35492K->1792K(35840K)] 68743K->35122K(75264K), 0.0008290 secs] [Times: user=0.00 sys=0.00, real=0.00 secs] 
296.813: Total time for which application threads were stopped: 0.0009830 seconds, Stopping threads took: 0.0000780 seconds
296.890: Application time: 0.0773120 seconds
296.890: [GC [PSYoungGen: 34221K->2272K(34816K)] 67551K->35706K(74240K), 0.0010040 secs] [Times: user=0.00 sys=0.00, real=0.00 secs] 
296.891: Total time for which application threads were stopped: 0.0011400 seconds, Stopping threads took: 0.0000650 seconds
296.969: Application time: 0.0778470 seconds
296.969: [GC [PSYoungGen: 34267K->2304K(35840K)] 67702K->35738K(75264K), 0.0009540 secs] [Times: user=0.00 sys=0.00, real=0.00 secs] 
296.970: Total time for which application threads were stopped: 0.0010790 seconds, Stopping threads took: 0.0000570 seconds
297.048: Application time: 0.0778490 seconds
297.048: [GC [PSYoungGen: 34307K->1248K(33280K)] 67742K->34722K(72704K), 0.0006460 secs] [Times: user=0.01 sys=0.00, real=0.00 secs] 
297.049: Total time for which application threads were stopped: 0.0007670 seconds, Stopping threads took: 0.0000540 seconds
297.123: Application time: 0.0742500 seconds
297.123: [GC [PSYoungGen: 32640K->2304K(35328K)] 66115K->35834K(74752K), 0.0009240 secs] [Times: user=0.00 sys=0.00, real=0.00 secs] 
297.124: Total time for which application threads were stopped: 0.0010630 seconds, Stopping threads took: 0.0000710 seconds
297.201: Application time: 0.0770660 seconds
297.201: [GC [PSYoungGen: 33701K->2816K(35328K)] 67231K->36346K(74752K), 0.0010740 secs] [Times: user=0.00 sys=0.00, real=0.00 secs] 
297.202: Total time for which application threads were stopped: 0.0012150 seconds, Stopping threads took: 0.0000660 seconds
297.280: Application time: 0.0777920 seconds
297.280: [GC [PSYoungGen: 34307K->1280K(32768K)] 67838K->34810K(72192K), 0.0005700 secs] [Times: user=0.01 sys=0.00, real=0.00 secs] 
297.281: Total time for which application threads were stopped: 0.0007970 seconds, Stopping threads took: 0.0001590 seconds
297.354: Application time: 0.0725630 seconds
297.354: [GC [PSYoungGen: 32234K->2240K(39936K)] 65765K->35802K(79360K), 0.0010020 secs] [Times: user=0.00 sys=0.00, real=0.01 secs] 
297.355: Total time for which application threads were stopped: 0.0011580 seconds, Stopping threads took: 0.0000790 seconds
297.444: Application time: 0.0890300 seconds
297.444: [GC [PSYoungGen: 38590K->1280K(37376K)] 72153K->34890K(76800K), 0.0006700 secs] [Times: user=0.00 sys=0.00, real=0.00 secs] 
297.445: Total time for which application threads were stopped: 0.0008030 seconds, Stopping threads took: 0.0000680 seconds
297.529: Application time: 0.0845660 seconds
297.529: [GC [PSYoungGen: 36797K->1760K(37376K)] 70408K->35518K(76800K), 0.0008220 secs] [Times: user=0.00 sys=0.00, real=0.00 secs] 
297.530: Total time for which application threads were stopped: 0.0009610 seconds, Stopping threads took: 0.0000700 seconds
297.613: Application time: 0.0828560 seconds
297.613: [GC [PSYoungGen: 36837K->3328K(38400K)] 70596K->37086K(77824K), 0.0012070 secs] [Times: user=0.01 sys=0.00, real=0.00 secs] 
297.614: Total time for which application threads were stopped: 0.0013630 seconds, Stopping threads took: 0.0000830 seconds
297.701: Application time: 0.0861510 seconds
297.701: [GC [PSYoungGen: 37906K->1280K(35840K)] 71665K->35086K(75264K), 0.0006220 secs] [Times: user=0.00 sys=0.00, real=0.00 secs] 
297.701: Total time for which application threads were stopped: 0.0007550 seconds, Stopping threads took: 0.0000700 seconds
297.781: Application time: 0.0799370 seconds
297.781: [GC [PSYoungGen: 35245K->3264K(38400K)] 69052K->37119K(77824K), 0.0014140 secs] [Times: user=0.01 sys=0.00, real=0.00 secs] 
297.783: Total time for which application threads were stopped: 0.0015630 seconds, Stopping threads took: 0.0000740 seconds
297.868: Application time: 0.0850730 seconds
297.868: [GC [PSYoungGen: 37249K->1280K(38400K)] 71104K->35134K(77824K), 0.0005770 secs] [Times: user=0.00 sys=0.00, real=0.00 secs] 
297.869: Total time for which application threads were stopped: 0.0007240 seconds, Stopping threads took: 0.0000740 seconds
297.950: Application time: 0.0814570 seconds
297.950: [GC [PSYoungGen: 35333K->1248K(35328K)] 69188K->35102K(74752K), 0.0005800 secs] [Times: user=0.00 sys=0.00, real=0.00 secs] 
297.951: Total time for which application threads were stopped: 0.0007270 seconds, Stopping threads took: 0.0000820 seconds
298.033: Application time: 0.0824330 seconds
298.033: [GC [PSYoungGen: 34871K->768K(34304K)] 68726K->34679K(73728K), 0.0005160 secs] [Times: user=0.01 sys=0.00, real=0.00 secs] 
298.034: Total time for which application threads were stopped: 0.0006360 seconds, Stopping threads took: 0.0000570 seconds
298.113: Application time: 0.0788770 seconds
298.113: [GC [PSYoungGen: 33947K->1296K(34304K)] 67858K->35295K(73728K), 0.0006190 secs] [Times: user=0.00 sys=0.00, real=0.00 secs] 
298.113: Total time for which application threads were stopped: 0.0007750 seconds, Stopping threads took: 0.0000960 seconds
298.192: Application time: 0.0784170 seconds
298.192: [GC [PSYoungGen: 33799K->2304K(34816K)] 67798K->36415K(74240K), 0.0010020 secs] [Times: user=0.00 sys=0.00, real=0.00 secs] 
298.193: Total time for which application threads were stopped: 0.0011620 seconds, Stopping threads took: 0.0000880 seconds
298.271: Application time: 0.0781340 seconds
298.271: [GC [PSYoungGen: 34225K->1792K(33792K)] 68336K->35951K(73216K), 0.0008500 secs] [Times: user=0.00 sys=0.00, real=0.00 secs] 
298.272: Total time for which application threads were stopped: 0.0009850 seconds, Stopping threads took: 0.0000660 seconds
298.350: Application time: 0.0777150 seconds
298.350: [GC [PSYoungGen: 33271K->1760K(33280K)] 67430K->35919K(72704K), 0.0008530 secs] [Times: user=0.01 sys=0.00, real=0.00 secs] 
298.351: Total time for which application threads were stopped: 0.0009950 seconds, Stopping threads took: 0.0000740 seconds
298.425: Application time: 0.0740320 seconds
298.425: [GC [PSYoungGen: 32644K->1792K(33280K)] 66804K->35999K(72704K), 0.0008180 secs] [Times: user=0.00 sys=0.00, real=0.00 secs] 
298.426: Total time for which application threads were stopped: 0.0009640 seconds, Stopping threads took: 0.0000590 seconds
298.497: Application time: 0.0709550 seconds
298.497: [GC [PSYoungGen: 32148K->3296K(34304K)] 66355K->37503K(73728K), 0.0012870 secs] [Times: user=0.01 sys=0.00, real=0.00 secs] 
298.498: Total time for which application threads were stopped: 0.0014310 seconds, Stopping threads took: 0.0000670 seconds
298.575: Application time: 0.0771830 seconds
298.576: [GC [PSYoungGen: 33759K->1280K(39936K)] 67966K->35487K(79360K), 0.0005750 secs] [Times: user=0.00 sys=0.00, real=0.00 secs] 
298.576: Total time for which application threads were stopped: 0.0007100 seconds, Stopping threads took: 0.0000700 seconds
298.664: Application time: 0.0875950 seconds
298.664: [GC [PSYoungGen: 37976K->3360K(40448K)] 72183K->37607K(79872K), 0.0011810 secs] [Times: user=0.01 sys=0.00, real=0.00 secs] 
298.665: Total time for which application threads were stopped: 0.0013260 seconds, Stopping threads took: 0.0000710 seconds
298.755: Application time: 0.0898610 seconds
298.755: [GC [PSYoungGen: 40144K->2864K(48640K)] 74391K->37195K(88064K), 0.0010160 secs] [Times: user=0.01 sys=0.00, real=0.00 secs] 
298.756: Total time for which application threads were stopped: 0.0011490 seconds, Stopping threads took: 0.0000600 seconds
298.864: Application time: 0.1081140 seconds
298.864: [GC [PSYoungGen: 47203K->2240K(48640K)] 81534K->36675K(88064K), 0.0009210 secs] [Times: user=0.01 sys=0.00, real=0.00 secs] 
298.865: Total time for which application threads were stopped: 0.0010630 seconds, Stopping threads took: 0.0000730 seconds
298.976: Application time: 0.1107490 seconds
298.976: [GC [PSYoungGen: 46585K->736K(44544K)] 81020K->35227K(83968K), 0.0005440 secs] [Times: user=0.01 sys=0.00, real=0.00 secs] 
298.977: Total time for which application threads were stopped: 0.0006950 seconds, Stopping threads took: 0.0000650 seconds
299.079: Application time: 0.1023790 seconds
299.079: [GC [PSYoungGen: 43958K->2752K(45568K)] 78450K->37291K(84992K), 0.0010120 secs] [Times: user=0.01 sys=0.00, real=0.00 secs] 
299.080: Total time for which application threads were stopped: 0.0011490 seconds, Stopping threads took: 0.0000640 seconds
299.184: Application time: 0.1034820 seconds
299.184: [GC [PSYoungGen: 44952K->3328K(45056K)] 79492K->37867K(84480K), 0.0011090 secs] [Times: user=0.01 sys=0.00, real=0.00 secs] 
299.185: Total time for which application threads were stopped: 0.0012560 seconds, Stopping threads took: 0.0000740 seconds
299.286: Application time: 0.1011150 seconds
299.286: [GC [PSYoungGen: 44667K->1280K(41984K)] 79206K->35819K(81408K), 0.0007530 secs] [Times: user=0.00 sys=0.00, real=0.01 secs] 
299.287: Total time for which application threads were stopped: 0.0008830 seconds, Stopping threads took: 0.0000680 seconds
299.382: Application time: 0.0950380 seconds
299.382: [GC [PSYoungGen: 41578K->2304K(41984K)] 76117K->36923K(81408K), 0.0010320 secs] [Times: user=0.00 sys=0.00, real=0.00 secs] 
299.383: Total time for which application threads were stopped: 0.0011910 seconds, Stopping threads took: 0.0000880 seconds
299.480: Application time: 0.0970660 seconds
299.480: [GC [PSYoungGen: 41659K->1792K(40448K)] 76279K->36499K(79872K), 0.0009190 secs] [Times: user=0.01 sys=0.00, real=0.00 secs] 
299.481: Total time for which application threads were stopped: 0.0010590 seconds, Stopping threads took: 0.0000570 seconds
299.573: Application time: 0.0920850 seconds
299.574: [GC [PSYoungGen: 39880K->2304K(39936K)] 74587K->37123K(79360K), 0.0009020 secs] [Times: user=0.01 sys=0.00, real=0.00 secs] 
299.575: Total time for which application threads were stopped: 0.0010410 seconds, Stopping threads took: 0.0000660 seconds
299.666: Application time: 0.0917660 seconds
299.666: [GC [PSYoungGen: 39444K->2272K(38912K)] 74263K->37091K(78336K), 0.0010370 secs] [Times: user=0.00 sys=0.00, real=0.01 secs] 
299.667: Total time for which application threads were stopped: 0.0012010 seconds, Stopping threads took: 0.0000940 seconds
299.755: Application time: 0.0878450 seconds
299.756: [GC [PSYoungGen: 38308K->1280K(37376K)] 73127K->36155K(76800K), 0.0007490 secs] [Times: user=0.00 sys=0.00, real=0.00 secs] 
299.756: Total time for which application threads were stopped: 0.0009810 seconds, Stopping threads took: 0.0001690 seconds
299.843: Application time: 0.0867020 seconds
299.843: [GC [PSYoungGen: 36797K->2240K(37888K)] 71673K->37115K(77312K), 0.0009360 secs] [Times: user=0.01 sys=0.00, real=0.00 secs] 
299.844: Total time for which application threads were stopped: 0.0010970 seconds, Stopping threads took: 0.0000860 seconds
299.931: Application time: 0.0867070 seconds
299.931: [GC [PSYoungGen: 37404K->1792K(36864K)] 72279K->36667K(76288K), 0.0008560 secs] [Times: user=0.00 sys=0.00, real=0.00 secs] 
299.932: Total time for which application threads were stopped: 0.0009970 seconds, Stopping threads took: 0.0000690 seconds
300.016: Application time: 0.0845010 seconds
300.016: [GC [PSYoungGen: 36366K->736K(37888K)] 71241K->35691K(77312K), 0.0005030 secs] [Times: user=0.00 sys=0.00, real=0.00 secs] 
300.017: Total time for which application threads were stopped: 0.0006410 seconds, Stopping threads took: 0.0000670 seconds
300.099: Application time: 0.0823240 seconds
300.099: [GC [PSYoungGen: 35022K->1840K(36352K)] 69978K->36851K(75776K), 0.0008500 secs] [Times: user=0.01 sys=0.00, real=0.00 secs] 
300.100: Total time for which application threads were stopped: 0.0009850 seconds, Stopping threads took: 0.0000660 seconds
300.181: Application time: 0.0810920 seconds
300.181: [GC [PSYoungGen: 35303K->1792K(35328K)] 70315K->36944K(74752K), 0.0008470 secs] [Times: user=0.01 sys=0.00, real=0.00 secs] 
300.182: Total time for which application threads were stopped: 0.0009840 seconds, Stopping threads took: 0.0000720 seconds
300.262: Application time: 0.0793750 seconds
300.262: [GC [PSYoungGen: 34820K->1792K(35840K)] 69971K->36944K(75264K), 0.0008050 secs] [Times: user=0.00 sys=0.00, real=0.00 secs] 
300.263: Total time for which application threads were stopped: 0.0010120 seconds, Stopping threads took: 0.0001410 seconds
300.342: Application time: 0.0791570 seconds
300.342: [GC [PSYoungGen: 34217K->2784K(35328K)] 69369K->37984K(74752K), 0.0011460 secs] [Times: user=0.00 sys=0.00, real=0.00 secs] 
300.343: Total time for which application threads were stopped: 0.0012910 seconds, Stopping threads took: 0.0000690 seconds
300.421: Application time: 0.0775310 seconds
300.421: [GC [PSYoungGen: 34705K->2240K(35840K)] 69905K->37440K(75264K), 0.0009770 secs] [Times: user=0.00 sys=0.00, real=0.00 secs] 
300.422: Total time for which application threads were stopped: 0.0011150 seconds, Stopping threads took: 0.0000700 seconds
300.498: Application time: 0.0765770 seconds
300.499: [GC [PSYoungGen: 34157K->2304K(35840K)] 69357K->37504K(75264K), 0.0008980 secs] [Times: user=0.01 sys=0.00, real=0.00 secs] 
300.499: Total time for which application threads were stopped: 0.0010480 seconds, Stopping threads took: 0.0000750 seconds
300.578: Application time: 0.0789370 seconds
300.579: [GC [PSYoungGen: 34373K->2832K(42496K)] 69573K->38032K(81920K), 0.0009330 secs] [Times: user=0.00 sys=0.01, real=0.00 secs] 
300.580: Total time for which application threads were stopped: 0.0010880 seconds, Stopping threads took: 0.0000700 seconds
300.675: Application time: 0.0956370 seconds
300.675: [GC [PSYoungGen: 41520K->1280K(39424K)] 76720K->36560K(78848K), 0.0006350 secs] [Times: user=0.01 sys=0.00, real=0.00 secs] 
300.676: Total time for which application threads were stopped: 0.0007760 seconds, Stopping threads took: 0.0000760 seconds
300.769: Application time: 0.0928740 seconds
300.769: [GC [PSYoungGen: 39168K->1296K(39424K)] 74448K->36624K(78848K), 0.0007220 secs] [Times: user=0.00 sys=0.00, real=0.00 secs] 
300.770: Total time for which application threads were stopped: 0.0008530 seconds, Stopping threads took: 0.0000640 seconds
300.857: Application time: 0.0877240 seconds
300.858: [GC [PSYoungGen: 37920K->1760K(38400K)] 73248K->37236K(77824K), 0.0008490 secs] [Times: user=0.01 sys=0.00, real=0.00 secs] 
300.858: Total time for which application threads were stopped: 0.0010300 seconds, Stopping threads took: 0.0001150 seconds
300.949: Application time: 0.0902680 seconds
300.949: [GC [PSYoungGen: 37795K->1216K(38912K)] 73272K->36740K(78336K), 0.0006130 secs] [Times: user=0.00 sys=0.00, real=0.00 secs] 
300.949: Total time for which application threads were stopped: 0.0007390 seconds, Stopping threads took: 0.0000600 seconds
301.035: Application time: 0.0859010 seconds
301.036: [GC [PSYoungGen: 36735K->1152K(36864K)] 72260K->36676K(76288K), 0.0006950 secs] [Times: user=0.00 sys=0.00, real=0.00 secs] 
301.037: Total time for which application threads were stopped: 0.0017580 seconds, Stopping threads took: 0.0001330 seconds
301.122: Application time: 0.0853450 seconds
301.123: [GC [PSYoungGen: 36153K->1760K(37888K)] 71678K->37284K(77312K), 0.0008200 secs] [Times: user=0.00 sys=0.00, real=0.00 secs] 
301.123: Total time for which application threads were stopped: 0.0010410 seconds, Stopping threads took: 0.0001450 seconds
301.207: Application time: 0.0836340 seconds
301.207: [GC [PSYoungGen: 36249K->2784K(37376K)] 71773K->38308K(76800K), 0.0011340 secs] [Times: user=0.01 sys=0.00, real=0.00 secs] 
301.208: Total time for which application threads were stopped: 0.0012880 seconds, Stopping threads took: 0.0000820 seconds
301.291: Application time: 0.0821780 seconds
301.291: [GC [PSYoungGen: 36994K->3360K(37376K)] 72519K->38884K(76800K), 0.0013400 secs] [Times: user=0.01 sys=0.00, real=0.00 secs] 
301.292: Total time for which application threads were stopped: 0.0015230 seconds, Stopping threads took: 0.0001100 seconds
301.377: Application time: 0.0844510 seconds
301.377: [GC [PSYoungGen: 37064K->1792K(37888K)] 72588K->37440K(77312K), 0.0008010 secs] [Times: user=0.01 sys=0.00, real=0.00 secs] 
301.378: Total time for which application threads were stopped: 0.0009370 seconds, Stopping threads took: 0.0000720 seconds
301.458: Application time: 0.0801520 seconds
301.458: [GC [PSYoungGen: 35331K->2272K(44032K)] 70979K->38032K(83456K), 0.0008810 secs] [Times: user=0.00 sys=0.00, real=0.00 secs] 
301.459: Total time for which application threads were stopped: 0.0010290 seconds, Stopping threads took: 0.0000750 seconds
301.559: Application time: 0.1005180 seconds
301.559: [GC [PSYoungGen: 43012K->1792K(41984K)] 78773K->37608K(81408K), 0.0007100 secs] [Times: user=0.00 sys=0.00, real=0.00 secs] 
301.560: Total time for which application threads were stopped: 0.0008420 seconds, Stopping threads took: 0.0000640 seconds
301.655: Application time: 0.0953870 seconds
301.656: [GC [PSYoungGen: 41422K->2304K(41472K)] 77238K->38168K(80896K), 0.0008760 secs] [Times: user=0.00 sys=0.00, real=0.00 secs] 
301.656: Total time for which application threads were stopped: 0.0010290 seconds, Stopping threads took: 0.0000730 seconds
301.752: Application time: 0.0955140 seconds
301.752: [GC [PSYoungGen: 40910K->1248K(39424K)] 76774K->37112K(78848K), 0.0006700 secs] [Times: user=0.01 sys=0.00, real=0.00 secs] 
301.753: Total time for which application threads were stopped: 0.0008440 seconds, Stopping threads took: 0.0001100 seconds
301.844: Application time: 0.0911880 seconds
301.844: [GC [PSYoungGen: 38821K->2304K(39424K)] 74686K->38168K(78848K), 0.0009390 secs] [Times: user=0.00 sys=0.00, real=0.00 secs] 
301.845: Total time for which application threads were stopped: 0.0010830 seconds, Stopping threads took: 0.0000690 seconds
301.934: Application time: 0.0886340 seconds
301.934: [GC [PSYoungGen: 39087K->2320K(38912K)] 74951K->38184K(78336K), 0.0010040 secs] [Times: user=0.01 sys=0.00, real=0.01 secs] 
301.935: Total time for which application threads were stopped: 0.0011420 seconds, Stopping threads took: 0.0000670 seconds
302.023: Application time: 0.0880550 seconds
302.023: [GC [PSYoungGen: 38512K->1808K(38912K)] 74377K->37792K(78336K), 0.0008480 secs] [Times: user=0.01 sys=0.00, real=0.00 secs] 
302.024: Total time for which application threads were stopped: 0.0009870 seconds, Stopping threads took: 0.0000690 seconds
302.111: Application time: 0.0874240 seconds
302.111: [GC [PSYoungGen: 37560K->2304K(37888K)] 73544K->38372K(77312K), 0.0010210 secs] [Times: user=0.01 sys=0.00, real=0.00 secs] 
302.113: Total time for which application threads were stopped: 0.0011540 seconds, Stopping threads took: 0.0000630 seconds
302.198: Application time: 0.0859470 seconds
302.199: [GC [PSYoungGen: 37309K->2272K(37888K)] 73378K->38464K(77312K), 0.0009810 secs] [Times: user=0.00 sys=0.00, real=0.00 secs] 
302.200: Total time for which application threads were stopped: 0.0011250 seconds, Stopping threads took: 0.0000610 seconds
302.287: Application time: 0.0872480 seconds
302.287: [GC [PSYoungGen: 36769K->736K(35328K)] 72962K->36928K(74752K), 0.0005100 secs] [Times: user=0.00 sys=0.00, real=0.00 secs] 
302.287: Total time for which application threads were stopped: 0.0006330 seconds, Stopping threads took: 0.0000610 seconds
302.368: Application time: 0.0804460 seconds
302.368: [GC [PSYoungGen: 34709K->1760K(36864K)] 70902K->37952K(76288K), 0.0007940 secs] [Times: user=0.00 sys=0.00, real=0.00 secs] 
302.369: Total time for which application threads were stopped: 0.0009880 seconds, Stopping threads took: 0.0001230 seconds
302.452: Application time: 0.0832270 seconds
302.452: [GC [PSYoungGen: 35227K->768K(34304K)] 71420K->36960K(73728K), 0.0005150 secs] [Times: user=0.00 sys=0.00, real=0.00 secs] 
302.453: Total time for which application threads were stopped: 0.0007070 seconds, Stopping threads took: 0.0001290 seconds
302.533: Application time: 0.0798180 seconds
302.533: [GC [PSYoungGen: 33795K->768K(35840K)] 69988K->36960K(75264K), 0.0004950 secs] [Times: user=0.00 sys=0.00, real=0.00 secs] 
302.533: Total time for which application threads were stopped: 0.0006260 seconds, Stopping threads took: 0.0000660 seconds
302.611: Application time: 0.0779670 seconds
302.611: [GC [PSYoungGen: 33349K->1760K(34304K)] 69542K->37992K(73728K), 0.0009120 secs] [Times: user=0.01 sys=0.00, real=0.00 secs] 
302.612: Total time for which application threads were stopped: 0.0010520 seconds, Stopping threads took: 0.0000710 seconds
302.690: Application time: 0.0781030 seconds
302.691: [GC [PSYoungGen: 33916K->1248K(34816K)] 70149K->37568K(74240K), 0.0007070 secs] [Times: user=0.01 sys=0.00, real=0.00 secs] 
302.691: Total time for which application threads were stopped: 0.0008470 seconds, Stopping threads took: 0.0000750 seconds
302.768: Application time: 0.0765600 seconds
302.768: [GC [PSYoungGen: 32805K->1248K(32768K)] 69126K->37685K(72192K), 0.0007640 secs] [Times: user=0.00 sys=0.00, real=0.00 secs] 
302.769: Total time for which application threads were stopped: 0.0009190 seconds, Stopping threads took: 0.0000790 seconds
302.842: Application time: 0.0727520 seconds
302.842: [GC [PSYoungGen: 32124K->2272K(33792K)] 68561K->38797K(73216K), 0.0009430 secs] [Times: user=0.01 sys=0.00, real=0.00 secs] 
302.843: Total time for which application threads were stopped: 0.0010860 seconds, Stopping threads took: 0.0000730 seconds
302.916: Application time: 0.0737060 seconds
302.916: [GC [PSYoungGen: 32640K->2272K(32768K)] 69165K->38797K(72192K), 0.0009110 secs] [Times: user=0.00 sys=0.00, real=0.00 secs] 
302.917: Total time for which application threads were stopped: 0.0010640 seconds, Stopping threads took: 0.0000860 seconds
302.989: Application time: 0.0717540 seconds
302.989: [GC [PSYoungGen: 32120K->2816K(33792K)] 68645K->39341K(73216K), 0.0011100 secs] [Times: user=0.00 sys=0.00, real=0.00 secs] 
302.990: Total time for which application threads were stopped: 0.0012670 seconds, Stopping threads took: 0.0000800 seconds
303.064: Application time: 0.0738970 seconds
303.064: [GC [PSYoungGen: 32672K->2304K(33792K)] 69197K->38829K(73216K), 0.0009110 secs] [Times: user=0.01 sys=0.00, real=0.00 secs] 
303.065: Total time for which application threads were stopped: 0.0010390 seconds, Stopping threads took: 0.0000570 seconds
303.137: Application time: 0.0719900 seconds
303.137: [GC [PSYoungGen: 32235K->1792K(39936K)] 68760K->38317K(79360K), 0.0006670 secs] [Times: user=0.01 sys=0.00, real=0.00 secs] 
303.138: Total time for which application threads were stopped: 0.0008130 seconds, Stopping threads took: 0.0000800 seconds
303.225: Application time: 0.0864490 seconds
303.225: [GC [PSYoungGen: 37823K->2816K(39936K)] 74348K->39389K(79360K), 0.0010140 secs] [Times: user=0.00 sys=0.00, real=0.00 secs] 
303.226: Total time for which application threads were stopped: 0.0011530 seconds, Stopping threads took: 0.0000700 seconds
303.315: Application time: 0.0892540 seconds
303.315: [GC [PSYoungGen: 39166K->1824K(37888K)] 75740K->38397K(77312K), 0.0007000 secs] [Times: user=0.00 sys=0.00, real=0.00 secs] 
303.316: Total time for which application threads were stopped: 0.0008420 seconds, Stopping threads took: 0.0000660 seconds
303.404: Application time: 0.0878720 seconds
303.404: [GC [PSYoungGen: 37578K->1744K(37376K)] 74151K->38445K(76800K), 0.0009090 secs] [Times: user=0.01 sys=0.00, real=0.00 secs] 
303.405: Total time for which application threads were stopped: 0.0010450 seconds, Stopping threads took: 0.0000690 seconds
303.490: Application time: 0.0855680 seconds
303.490: [GC [PSYoungGen: 36747K->1792K(36864K)] 73449K->38597K(76288K), 0.0007410 secs] [Times: user=0.00 sys=0.00, real=0.00 secs] 
303.491: Total time for which application threads were stopped: 0.0009110 seconds, Stopping threads took: 0.0001050 seconds
303.575: Application time: 0.0839830 seconds
303.575: [GC [PSYoungGen: 36283K->2240K(36864K)] 73089K->39045K(76288K), 0.0009680 secs] [Times: user=0.01 sys=0.00, real=0.00 secs] 
303.576: Total time for which application threads were stopped: 0.0011070 seconds, Stopping threads took: 0.0000690 seconds
303.660: Application time: 0.0838890 seconds
303.660: [GC [PSYoungGen: 36217K->2304K(36352K)] 73023K->39109K(75776K), 0.0009110 secs] [Times: user=0.00 sys=0.00, real=0.00 secs] 
303.661: Total time for which application threads were stopped: 0.0010620 seconds, Stopping threads took: 0.0000800 seconds
303.742: Application time: 0.0810540 seconds
303.742: [GC [PSYoungGen: 35769K->1792K(35328K)] 72575K->38597K(74752K), 0.0008650 secs] [Times: user=0.00 sys=0.01, real=0.00 secs] 
303.743: Total time for which application threads were stopped: 0.0010110 seconds, Stopping threads took: 0.0000750 seconds
303.824: Application time: 0.0810960 seconds
303.825: [GC [PSYoungGen: 34815K->2304K(35328K)] 71620K->39109K(74752K), 0.0009650 secs] [Times: user=0.01 sys=0.00, real=0.00 secs] 
303.826: Total time for which application threads were stopped: 0.0011300 seconds, Stopping threads took: 0.0000880 seconds
303.906: Application time: 0.0799870 seconds
303.906: [GC [PSYoungGen: 34893K->1792K(34304K)] 71699K->38645K(73728K), 0.0008720 secs] [Times: user=0.00 sys=0.00, real=0.00 secs] 
303.907: Total time for which application threads were stopped: 0.0010630 seconds, Stopping threads took: 0.0001240 seconds
303.985: Application time: 0.0788320 seconds
303.986: [GC [PSYoungGen: 33869K->1808K(33792K)] 70723K->38749K(73216K), 0.0008370 secs] [Times: user=0.01 sys=0.00, real=0.00 secs] 
303.986: Total time for which application threads were stopped: 0.0009770 seconds, Stopping threads took: 0.0000730 seconds
304.063: Application time: 0.0765070 seconds
304.063: [GC [PSYoungGen: 33439K->2336K(35840K)] 70381K->39357K(75264K), 0.0009790 secs] [Times: user=0.01 sys=0.00, real=0.00 secs] 
304.064: Total time for which application threads were stopped: 0.0011140 seconds, Stopping threads took: 0.0000660 seconds
304.144: Application time: 0.0802210 seconds
304.144: [GC [PSYoungGen: 34769K->1792K(34304K)] 71791K->38917K(73728K), 0.0007300 secs] [Times: user=0.01 sys=0.00, real=0.00 secs] 
304.145: Total time for which application threads were stopped: 0.0009270 seconds, Stopping threads took: 0.0001260 seconds
304.223: Application time: 0.0781070 seconds
304.223: [GC [PSYoungGen: 33713K->1792K(33792K)] 70839K->38917K(73216K), 0.0007930 secs] [Times: user=0.01 sys=0.00, real=0.00 secs] 
304.224: Total time for which application threads were stopped: 0.0009250 seconds, Stopping threads took: 0.0000660 seconds
304.300: Application time: 0.0761600 seconds
304.301: [GC [PSYoungGen: 33188K->2304K(33792K)] 70314K->39429K(73216K), 0.0008020 secs] [Times: user=0.00 sys=0.00, real=0.00 secs] 
304.301: Total time for which application threads were stopped: 0.0009480 seconds, Stopping threads took: 0.0000710 seconds
304.378: Application time: 0.0764430 seconds
304.378: [GC [PSYoungGen: 33197K->1280K(32256K)] 70322K->38405K(71680K), 0.0006820 secs] [Times: user=0.00 sys=0.01, real=0.00 secs] 
304.379: Total time for which application threads were stopped: 0.0008860 seconds, Stopping threads took: 0.0001210 seconds
304.451: Application time: 0.0726390 seconds
304.451: [GC [PSYoungGen: 31714K->2304K(36864K)] 68840K->39941K(76288K), 0.0010880 secs] [Times: user=0.01 sys=0.00, real=0.00 secs] 
304.453: Total time for which application threads were stopped: 0.0012390 seconds, Stopping threads took: 0.0000770 seconds
304.538: Application time: 0.0854330 seconds
304.538: [GC [PSYoungGen: 36285K->1792K(35840K)] 73923K->39485K(75264K), 0.0007900 secs] [Times: user=0.01 sys=0.00, real=0.00 secs] 
304.539: Total time for which application threads were stopped: 0.0009930 seconds, Stopping threads took: 0.0001360 seconds
304.620: Application time: 0.0805030 seconds
304.620: [GC [PSYoungGen: 35566K->2336K(36864K)] 73260K->40029K(76288K), 0.0010330 secs] [Times: user=0.01 sys=0.00, real=0.00 secs] 
304.621: Total time for which application threads were stopped: 0.0011890 seconds, Stopping threads took: 0.0000870 seconds
304.702: Application time: 0.0815250 seconds
304.702: [GC [PSYoungGen: 36034K->2352K(36864K)] 73728K->40197K(76288K), 0.0010070 secs] [Times: user=0.00 sys=0.00, real=0.00 secs] 
304.703: Total time for which application threads were stopped: 0.0011610 seconds, Stopping threads took: 0.0000830 seconds
304.784: Application time: 0.0808020 seconds
304.784: [GC [PSYoungGen: 35815K->2304K(44032K)] 73661K->40270K(83456K), 0.0008450 secs] [Times: user=0.01 sys=0.00, real=0.00 secs] 
304.785: Total time for which application threads were stopped: 0.0009750 seconds, Stopping threads took: 0.0000600 seconds
304.884: Application time: 0.0992730 seconds
304.885: [GC [PSYoungGen: 42968K->1184K(41472K)] 80934K->39150K(80896K), 0.0006400 secs] [Times: user=0.00 sys=0.00, real=0.00 secs] 
304.885: Total time for which application threads were stopped: 0.0007730 seconds, Stopping threads took: 0.0000590 seconds
304.978: Application time: 0.0930420 seconds
304.978: [GC [PSYoungGen: 40808K->2752K(42496K)] 78774K->41230K(81920K), 0.0012610 secs] [Times: user=0.00 sys=0.00, real=0.00 secs] 
304.980: Total time for which application threads were stopped: 0.0014160 seconds, Stopping threads took: 0.0000730 seconds
305.078: Application time: 0.0985000 seconds
305.078: [GC [PSYoungGen: 41958K->768K(39424K)] 80436K->39246K(78848K), 0.0005050 secs] [Times: user=0.00 sys=0.00, real=0.00 secs] 
305.079: Total time for which application threads were stopped: 0.0006330 seconds, Stopping threads took: 0.0000640 seconds
305.170: Application time: 0.0911880 seconds
305.170: [GC [PSYoungGen: 38856K->1280K(39936K)] 77334K->39814K(79360K), 0.0006540 secs] [Times: user=0.01 sys=0.00, real=0.00 secs] 
305.171: Total time for which application threads were stopped: 0.0007790 seconds, Stopping threads took: 0.0000620 seconds
305.259: Application time: 0.0886890 seconds
305.260: [GC [PSYoungGen: 38652K->1808K(38400K)] 77186K->40342K(77824K), 0.0008440 secs] [Times: user=0.00 sys=0.00, real=0.00 secs] 
305.260: Total time for which application threads were stopped: 0.0009790 seconds, Stopping threads took: 0.0000690 seconds
305.347: Application time: 0.0867880 seconds
305.347: [GC [PSYoungGen: 38074K->2320K(38912K)] 76608K->41006K(78336K), 0.0010010 secs] [Times: user=0.01 sys=0.00, real=0.00 secs] 
305.348: Total time for which application threads were stopped: 0.0011410 seconds, Stopping threads took: 0.0000710 seconds
305.436: Application time: 0.0875020 seconds
305.436: [GC [PSYoungGen: 37841K->1280K(36864K)] 76528K->40098K(76288K), 0.0006850 secs] [Times: user=0.00 sys=0.00, real=0.00 secs] 
305.437: Total time for which application threads were stopped: 0.0008290 seconds, Stopping threads took: 0.0000710 seconds
305.520: Application time: 0.0835130 seconds
305.520: [GC [PSYoungGen: 36285K->1792K(36864K)] 75104K->40610K(76288K), 0.0008400 secs] [Times: user=0.00 sys=0.00, real=0.00 secs] 
305.521: Total time for which application threads were stopped: 0.0009780 seconds, Stopping threads took: 0.0000690 seconds
305.602: Application time: 0.0809740 seconds
305.602: [GC [PSYoungGen: 36277K->2816K(37888K)] 75095K->42146K(77312K), 0.0012900 secs] [Times: user=0.01 sys=0.00, real=0.00 secs] 
305.604: [Full GC [PSYoungGen: 2816K->0K(37888K)] [ParOldGen: 39330K->10000K(41984K)] 42146K->10000K(79872K) [PSPermGen: 5186K->5186K(21504K)], 0.0050720 secs] [Times: user=0.02 sys=0.00, real=0.01 secs] 
305.609: Total time for which application threads were stopped: 0.0065630 seconds, Stopping threads took: 0.0000770 seconds
305.697: Application time: 0.0878340 seconds
305.697: [GC [PSYoungGen: 34578K->1280K(35840K)] 44578K->11280K(77824K), 0.0005210 secs] [Times: user=0.00 sys=0.00, real=0.00 secs] 
305.697: Total time for which application threads were stopped: 0.0006420 seconds, Stopping threads took: 0.0000550 seconds
305.778: Application time: 0.0809830 seconds
305.778: [GC [PSYoungGen: 35255K->1792K(35840K)] 45256K->11840K(77824K), 0.0007440 secs] [Times: user=0.00 sys=0.00, real=0.00 secs] 
305.779: Total time for which application threads were stopped: 0.0008830 seconds, Stopping threads took: 0.0000720 seconds
305.860: Application time: 0.0804210 seconds
305.860: [GC [PSYoungGen: 35333K->1792K(35328K)] 45382K->11840K(77312K), 0.0006420 secs] [Times: user=0.00 sys=0.00, real=0.00 secs] 
305.860: Total time for which application threads were stopped: 0.0007740 seconds, Stopping threads took: 0.0000660 seconds
305.940: Application time: 0.0798600 seconds
305.940: [GC [PSYoungGen: 34976K->1808K(34816K)] 45024K->11896K(76800K), 0.0008010 secs] [Times: user=0.00 sys=0.00, real=0.00 secs] 
305.941: Total time for which application threads were stopped: 0.0009520 seconds, Stopping threads took: 0.0000710 seconds
306.021: Application time: 0.0801840 seconds
306.021: [GC [PSYoungGen: 34475K->1808K(34304K)] 44564K->12012K(76288K), 0.0007910 secs] [Times: user=0.01 sys=0.00, real=0.00 secs] 
306.022: Total time for which application threads were stopped: 0.0009190 seconds, Stopping threads took: 0.0000580 seconds
306.099: Application time: 0.0767260 seconds
306.099: [GC [PSYoungGen: 33729K->1280K(33280K)] 43934K->11608K(75264K), 0.0006440 secs] [Times: user=0.00 sys=0.00, real=0.00 secs] 
306.100: Total time for which application threads were stopped: 0.0007790 seconds, Stopping threads took: 0.0000710 seconds
306.177: Application time: 0.0767660 seconds
306.177: [GC [PSYoungGen: 32681K->1280K(32768K)] 43009K->11608K(74752K), 0.0006090 secs] [Times: user=0.00 sys=0.00, real=0.00 secs] 
306.177: Total time for which application threads were stopped: 0.0007410 seconds, Stopping threads took: 0.0000700 seconds
306.252: Application time: 0.0747500 seconds
306.252: [GC [PSYoungGen: 32164K->1280K(32256K)] 42493K->11608K(74240K), 0.0006040 secs] [Times: user=0.00 sys=0.00, real=0.00 secs] 
306.253: Total time for which application threads were stopped: 0.0007530 seconds, Stopping threads took: 0.0000840 seconds
306.324: Application time: 0.0712820 seconds
306.324: [GC [PSYoungGen: 31714K->2816K(33280K)] 42043K->13144K(75264K), 0.0010300 secs] [Times: user=0.01 sys=0.00, real=0.00 secs] 
306.325: Total time for which application threads were stopped: 0.0011730 seconds, Stopping threads took: 0.0000690 seconds
306.397: Application time: 0.0716340 seconds
306.397: [GC [PSYoungGen: 32664K->3296K(34816K)] 42993K->13664K(76800K), 0.0012530 secs] [Times: user=0.01 sys=0.00, real=0.00 secs] 
306.398: Total time for which application threads were stopped: 0.0014010 seconds, Stopping threads took: 0.0000720 seconds
306.475: Application time: 0.0766860 seconds
306.475: [GC [PSYoungGen: 34197K->1248K(32256K)] 44566K->11616K(74240K), 0.0005100 secs] [Times: user=0.01 sys=0.00, real=0.00 secs] 
306.476: Total time for which application threads were stopped: 0.0006510 seconds, Stopping threads took: 0.0000670 seconds
306.550: Application time: 0.0744200 seconds
306.550: [GC [PSYoungGen: 31847K->1792K(32256K)] 42216K->12160K(74240K), 0.0007690 secs] [Times: user=0.01 sys=0.00, real=0.00 secs] 
306.551: Total time for which application threads were stopped: 0.0009090 seconds, Stopping threads took: 0.0000740 seconds
306.622: Application time: 0.0715540 seconds
306.623: [GC [PSYoungGen: 31879K->1792K(31744K)] 42247K->12261K(73728K), 0.0008220 secs] [Times: user=0.00 sys=0.00, real=0.00 secs] 
306.624: Total time for which application threads were stopped: 0.0010680 seconds, Stopping threads took: 0.0001700 seconds
306.695: Application time: 0.0710470 seconds
306.695: [GC [PSYoungGen: 31206K->1792K(31232K)] 41675K->12385K(73216K), 0.0008260 secs] [Times: user=0.00 sys=0.00, real=0.00 secs] 
306.696: Total time for which application threads were stopped: 0.0009630 seconds, Stopping threads took: 0.0000640 seconds
306.766: Application time: 0.0699490 seconds
306.766: [GC [PSYoungGen: 30614K->1760K(34304K)] 41207K->12393K(76288K), 0.0007980 secs] [Times: user=0.01 sys=0.00, real=0.00 secs] 
306.766: Total time for which application threads were stopped: 0.0009280 seconds, Stopping threads took: 0.0000620 seconds
306.839: Application time: 0.0728810 seconds
306.839: [GC [PSYoungGen: 32640K->2272K(34304K)] 43273K->12905K(76288K), 0.0008510 secs] [Times: user=0.00 sys=0.00, real=0.00 secs] 
306.840: Total time for which application threads were stopped: 0.0009850 seconds, Stopping threads took: 0.0000650 seconds
306.917: Application time: 0.0771270 seconds
306.918: [GC [PSYoungGen: 33169K->768K(31744K)] 43802K->11401K(73728K), 0.0004590 secs] [Times: user=0.00 sys=0.00, real=0.00 secs] 
306.918: Total time for which application threads were stopped: 0.0005920 seconds, Stopping threads took: 0.0000690 seconds
306.992: Application time: 0.0737960 seconds
306.992: [GC [PSYoungGen: 31214K->736K(31232K)] 41847K->11369K(73216K), 0.0004320 secs] [Times: user=0.00 sys=0.00, real=0.00 secs] 
306.993: Total time for which application threads were stopped: 0.0007010 seconds, Stopping threads took: 0.0002020 seconds
307.064: Application time: 0.0714240 seconds
307.064: [GC [PSYoungGen: 30584K->1280K(31232K)] 41217K->11977K(73216K), 0.0005290 secs] [Times: user=0.00 sys=0.00, real=0.00 secs] 
307.065: Total time for which application threads were stopped: 0.0006490 seconds, Stopping threads took: 0.0000550 seconds
307.135: Application time: 0.0701800 seconds
307.135: [GC [PSYoungGen: 30690K->1792K(31232K)] 41387K->12489K(73216K), 0.0007280 secs] [Times: user=0.00 sys=0.00, real=0.00 secs] 
307.136: Total time for which application threads were stopped: 0.0008520 seconds, Stopping threads took: 0.0000560 seconds
307.205: Application time: 0.0690480 seconds
307.205: [GC [PSYoungGen: 30766K->2320K(31232K)] 41463K->13065K(73216K), 0.0009350 secs] [Times: user=0.01 sys=0.00, real=0.00 secs] 
307.206: Total time for which application threads were stopped: 0.0010760 seconds, Stopping threads took: 0.0000730 seconds
307.275: Application time: 0.0690990 seconds
307.275: [GC [PSYoungGen: 30863K->1824K(30208K)] 41608K->12649K(72192K), 0.0008470 secs] [Times: user=0.01 sys=0.00, real=0.00 secs] 
307.276: Total time for which application threads were stopped: 0.0009870 seconds, Stopping threads took: 0.0000700 seconds
307.342: Application time: 0.0661450 seconds
307.342: [GC [PSYoungGen: 29694K->1792K(29696K)] 40519K->12725K(71680K), 0.0007890 secs] [Times: user=0.00 sys=0.00, real=0.00 secs] 
307.343: Total time for which application threads were stopped: 0.0009290 seconds, Stopping threads took: 0.0000720 seconds
307.409: Application time: 0.0657670 seconds
307.409: [GC [PSYoungGen: 29070K->1792K(29184K)] 40003K->12789K(71168K), 0.0007730 secs] [Times: user=0.01 sys=0.00, real=0.00 secs] 
307.410: Total time for which application threads were stopped: 0.0009160 seconds, Stopping threads took: 0.0000760 seconds
307.472: Application time: 0.0626320 seconds
307.472: [GC [PSYoungGen: 28549K->2304K(30208K)] 39547K->14325K(72192K), 0.0012700 secs] [Times: user=0.00 sys=0.00, real=0.00 secs] 
307.474: Total time for which application threads were stopped: 0.0014150 seconds, Stopping threads took: 0.0000700 seconds
307.541: Application time: 0.0675730 seconds
307.541: [GC [PSYoungGen: 29586K->2304K(30720K)] 41607K->14325K(72704K), 0.0008660 secs] [Times: user=0.00 sys=0.00, real=0.00 secs] 
307.542: Total time for which application threads were stopped: 0.0010270 seconds, Stopping threads took: 0.0000810 seconds
307.609: Application time: 0.0669140 seconds
307.609: [GC [PSYoungGen: 29664K->1280K(36352K)] 41685K->13301K(78336K), 0.0005070 secs] [Times: user=0.00 sys=0.00, real=0.00 secs] 
307.610: Total time for which application threads were stopped: 0.0006440 seconds, Stopping threads took: 0.0000750 seconds
307.689: Application time: 0.0789040 seconds
307.689: [GC [PSYoungGen: 34225K->1792K(36352K)] 46246K->13869K(78336K), 0.0006490 secs] [Times: user=0.00 sys=0.00, real=0.00 secs] 
307.690: Total time for which application threads were stopped: 0.0007790 seconds, Stopping threads took: 0.0000620 seconds
307.768: Application time: 0.0788690 seconds
307.769: [GC [PSYoungGen: 34819K->1792K(34816K)] 46897K->13869K(76800K), 0.0006570 secs] [Times: user=0.01 sys=0.00, real=0.00 secs] 
307.769: Total time for which application threads were stopped: 0.0008710 seconds, Stopping threads took: 0.0001500 seconds
307.847: Application time: 0.0774940 seconds
307.847: [GC [PSYoungGen: 34382K->1792K(34304K)] 46459K->13917K(76288K), 0.0006840 secs] [Times: user=0.00 sys=0.00, real=0.00 secs] 
307.848: Total time for which application threads were stopped: 0.0008390 seconds, Stopping threads took: 0.0000880 seconds
307.925: Application time: 0.0776880 seconds
307.925: [GC [PSYoungGen: 33939K->2320K(34304K)] 46065K->14517K(76288K), 0.0008030 secs] [Times: user=0.00 sys=0.00, real=0.00 secs] 
307.926: Total time for which application threads were stopped: 0.0010090 seconds, Stopping threads took: 0.0001400 seconds
308.002: Application time: 0.0760990 seconds
308.003: [GC [PSYoungGen: 33807K->1248K(32768K)] 46005K->13573K(74752K), 0.0006590 secs] [Times: user=0.00 sys=0.00, real=0.00 secs] 
308.003: Total time for which application threads were stopped: 0.0007920 seconds, Stopping threads took: 0.0000660 seconds
308.078: Application time: 0.0744620 seconds
308.078: [GC [PSYoungGen: 32124K->2304K(33280K)] 44450K->14685K(75264K), 0.0008360 secs] [Times: user=0.00 sys=0.00, real=0.00 secs] 
308.079: Total time for which application threads were stopped: 0.0010300 seconds, Stopping threads took: 0.0001080 seconds
308.152: Application time: 0.0734610 seconds
308.152: [GC [PSYoungGen: 32668K->2816K(38400K)] 45050K->15197K(80384K), 0.0009960 secs] [Times: user=0.01 sys=0.00, real=0.00 secs] 
308.153: Total time for which application threads were stopped: 0.0011350 seconds, Stopping threads took: 0.0000670 seconds
308.239: Application time: 0.0861380 seconds
308.240: [GC [PSYoungGen: 37904K->1792K(36864K)] 50285K->14173K(78848K), 0.0007160 secs] [Times: user=0.00 sys=0.00, real=0.00 secs] 
308.240: Total time for which application threads were stopped: 0.0008420 seconds, Stopping threads took: 0.0000620 seconds
308.323: Application time: 0.0825010 seconds
308.323: [GC [PSYoungGen: 36281K->2304K(36864K)] 48663K->14741K(78848K), 0.0009360 secs] [Times: user=0.00 sys=0.00, real=0.00 secs] 
308.324: Total time for which application threads were stopped: 0.0010760 seconds, Stopping threads took: 0.0000680 seconds
308.406: Application time: 0.0819830 seconds
308.406: [GC [PSYoungGen: 36360K->1792K(35840K)] 48797K->14741K(77824K), 0.0008930 secs] [Times: user=0.01 sys=0.00, real=0.01 secs] 
308.407: Total time for which application threads were stopped: 0.0010310 seconds, Stopping threads took: 0.0000710 seconds
308.487: Application time: 0.0804740 seconds
308.487: [GC [PSYoungGen: 35407K->2800K(37888K)] 48357K->15797K(79872K), 0.0011450 secs] [Times: user=0.00 sys=0.00, real=0.00 secs] 
308.489: Total time for which application threads were stopped: 0.0012890 seconds, Stopping threads took: 0.0000740 seconds
308.575: Application time: 0.0862730 seconds
308.575: [GC [PSYoungGen: 37530K->1808K(36352K)] 50528K->14897K(78336K), 0.0006930 secs] [Times: user=0.00 sys=0.00, real=0.00 secs] 
308.576: Total time for which application threads were stopped: 0.0008490 seconds, Stopping threads took: 0.0000830 seconds
308.660: Application time: 0.0839910 seconds
308.660: [GC [PSYoungGen: 35864K->1792K(35840K)] 48953K->15009K(77824K), 0.0008080 secs] [Times: user=0.00 sys=0.00, real=0.00 secs] 
308.661: Total time for which application threads were stopped: 0.0009510 seconds, Stopping threads took: 0.0000690 seconds
308.743: Application time: 0.0818830 seconds
308.743: [GC [PSYoungGen: 35257K->1280K(34816K)] 48475K->14553K(76800K), 0.0005400 secs] [Times: user=0.00 sys=0.00, real=0.00 secs] 
308.743: Total time for which application threads were stopped: 0.0006760 seconds, Stopping threads took: 0.0000750 seconds
308.825: Application time: 0.0821840 seconds
308.826: [GC [PSYoungGen: 34231K->768K(33792K)] 47505K->14041K(75776K), 0.0004540 secs] [Times: user=0.00 sys=0.00, real=0.00 secs] 
308.826: Total time for which application threads were stopped: 0.0005830 seconds, Stopping threads took: 0.0000670 seconds
308.905: Application time: 0.0786510 seconds
308.905: [GC [PSYoungGen: 33279K->768K(33280K)] 46553K->14041K(75264K), 0.0005030 secs] [Times: user=0.00 sys=0.00, real=0.00 secs] 
308.905: Total time for which application threads were stopped: 0.0006280 seconds, Stopping threads took: 0.0000670 seconds
308.980: Application time: 0.0747690 seconds
308.980: [GC [PSYoungGen: 32664K->3328K(35328K)] 45938K->16642K(77312K), 0.0012280 secs] [Times: user=0.01 sys=0.00, real=0.00 secs] 
308.981: Total time for which application threads were stopped: 0.0013790 seconds, Stopping threads took: 0.0000790 seconds
309.061: Application time: 0.0795270 seconds
309.061: [GC [PSYoungGen: 34815K->2304K(34304K)] 48129K->15618K(76288K), 0.0009170 secs] [Times: user=0.00 sys=0.00, real=0.00 secs] 
309.062: Total time for which application threads were stopped: 0.0010520 seconds, Stopping threads took: 0.0000670 seconds
309.139: Application time: 0.0770150 seconds
309.139: [GC [PSYoungGen: 33353K->1280K(32256K)] 46667K->14642K(74240K), 0.0006730 secs] [Times: user=0.00 sys=0.00, real=0.00 secs] 
309.140: Total time for which application threads were stopped: 0.0008110 seconds, Stopping threads took: 0.0000770 seconds
309.213: Application time: 0.0732280 seconds
309.213: [GC [PSYoungGen: 31879K->1824K(33280K)] 45241K->15262K(75264K), 0.0007760 secs] [Times: user=0.00 sys=0.00, real=0.00 secs] 
309.214: Total time for which application threads were stopped: 0.0009220 seconds, Stopping threads took: 0.0000720 seconds
309.285: Application time: 0.0709240 seconds
309.285: [GC [PSYoungGen: 31668K->2816K(33792K)] 45106K->16374K(75776K), 0.0010900 secs] [Times: user=0.00 sys=0.00, real=0.00 secs] 
309.286: Total time for which application threads were stopped: 0.0012340 seconds, Stopping threads took: 0.0000710 seconds
309.362: Application time: 0.0755830 seconds
309.362: [GC [PSYoungGen: 32759K->1280K(31232K)] 46317K->14838K(73216K), 0.0005450 secs] [Times: user=0.00 sys=0.00, real=0.00 secs] 
309.362: Total time for which application threads were stopped: 0.0006820 seconds, Stopping threads took: 0.0000690 seconds
309.435: Application time: 0.0721680 seconds
309.435: [GC [PSYoungGen: 30616K->1184K(30720K)] 44174K->14782K(72704K), 0.0006230 secs] [Times: user=0.01 sys=0.00, real=0.00 secs] 
309.435: Total time for which application threads were stopped: 0.0008150 seconds, Stopping threads took: 0.0001290 seconds
309.504: Application time: 0.0682900 seconds
309.504: [GC [PSYoungGen: 30078K->2304K(31232K)] 43676K->15902K(73216K), 0.0007560 secs] [Times: user=0.01 sys=0.00, real=0.00 secs] 
309.505: Total time for which application threads were stopped: 0.0009100 seconds, Stopping threads took: 0.0000830 seconds
309.573: Application time: 0.0680880 seconds
309.573: [GC [PSYoungGen: 30608K->2816K(36352K)] 44206K->16462K(78336K), 0.0010550 secs] [Times: user=0.01 sys=0.00, real=0.00 secs] 
309.574: Total time for which application threads were stopped: 0.0011980 seconds, Stopping threads took: 0.0000700 seconds
309.653: Application time: 0.0788870 seconds
309.653: [GC [PSYoungGen: 35253K->2272K(38912K)] 48899K->15918K(80896K), 0.0008000 secs] [Times: user=0.00 sys=0.00, real=0.00 secs] 
309.654: Total time for which application threads were stopped: 0.0009390 seconds, Stopping threads took: 0.0000720 seconds
309.739: Application time: 0.0849840 seconds
309.739: [GC [PSYoungGen: 36839K->2816K(38912K)] 50486K->16462K(80896K), 0.0010740 secs] [Times: user=0.01 sys=0.00, real=0.00 secs] 
309.740: Total time for which application threads were stopped: 0.0012250 seconds, Stopping threads took: 0.0000700 seconds
309.826: Application time: 0.0860260 seconds
309.826: [GC [PSYoungGen: 37551K->768K(35328K)] 51197K->14462K(77312K), 0.0005190 secs] [Times: user=0.00 sys=0.00, real=0.00 secs] 
309.827: Total time for which application threads were stopped: 0.0006510 seconds, Stopping threads took: 0.0000690 seconds
309.906: Application time: 0.0790600 seconds
309.906: [GC [PSYoungGen: 34890K->2832K(43008K)] 48584K->16634K(84992K), 0.0010870 secs] [Times: user=0.01 sys=0.00, real=0.01 secs] 
309.907: Total time for which application threads were stopped: 0.0012370 seconds, Stopping threads took: 0.0000750 seconds
310.003: Application time: 0.0956760 seconds
310.003: [GC [PSYoungGen: 41518K->1760K(39936K)] 55320K->15646K(81920K), 0.0006780 secs] [Times: user=0.00 sys=0.00, real=0.00 secs] 
310.003: Total time for which application threads were stopped: 0.0008140 seconds, Stopping threads took: 0.0000710 seconds
310.095: Application time: 0.0913010 seconds
310.095: [GC [PSYoungGen: 39336K->1792K(38912K)] 53222K->15726K(80896K), 0.0007910 secs] [Times: user=0.00 sys=0.00, real=0.00 secs] 
310.096: Total time for which application threads were stopped: 0.0010140 seconds, Stopping threads took: 0.0001560 seconds
310.185: Application time: 0.0894500 seconds
310.185: [GC [PSYoungGen: 38420K->1280K(38912K)] 52354K->15214K(80896K), 0.0005590 secs] [Times: user=0.00 sys=0.00, real=0.00 secs] 
310.186: Total time for which application threads were stopped: 0.0006930 seconds, Stopping threads took: 0.0000670 seconds
310.271: Application time: 0.0851850 seconds
310.271: [GC [PSYoungGen: 37309K->2304K(38400K)] 51244K->16286K(80384K), 0.0008900 secs] [Times: user=0.01 sys=0.00, real=0.00 secs] 
310.272: Total time for which application threads were stopped: 0.0010350 seconds, Stopping threads took: 0.0000660 seconds
310.358: Application time: 0.0854780 seconds
310.358: [GC [PSYoungGen: 37896K->3840K(39424K)] 51878K->17822K(81408K), 0.0014330 secs] [Times: user=0.01 sys=0.00, real=0.00 secs] 
310.359: Total time for which application threads were stopped: 0.0015980 seconds, Stopping threads took: 0.0000850 seconds
310.447: Application time: 0.0872600 seconds
310.447: [GC [PSYoungGen: 38932K->1760K(36864K)] 52914K->15790K(78848K), 0.0007740 secs] [Times: user=0.01 sys=0.00, real=0.01 secs] 
310.447: Total time for which application threads were stopped: 0.0009110 seconds, Stopping threads took: 0.0000710 seconds
310.530: Application time: 0.0825430 seconds
310.530: [GC [PSYoungGen: 36562K->2352K(38912K)] 50592K->16430K(80896K), 0.0009540 secs] [Times: user=0.00 sys=0.00, real=0.00 secs] 
310.531: Total time for which application threads were stopped: 0.0011030 seconds, Stopping threads took: 0.0000810 seconds
310.614: Application time: 0.0829380 seconds
310.614: [GC [PSYoungGen: 36839K->3328K(38912K)] 50918K->17554K(80896K), 0.0013530 secs] [Times: user=0.01 sys=0.00, real=0.01 secs] 
310.616: Total time for which application threads were stopped: 0.0014980 seconds, Stopping threads took: 0.0000680 seconds
310.701: Application time: 0.0857830 seconds
310.701: [GC [PSYoungGen: 37906K->1280K(35840K)] 52132K->15506K(77824K), 0.0005310 secs] [Times: user=0.00 sys=0.00, real=0.00 secs] 
310.702: Total time for which application threads were stopped: 0.0006600 seconds, Stopping threads took: 0.0000670 seconds
310.785: Application time: 0.0827950 seconds
310.785: [GC [PSYoungGen: 35336K->1280K(35328K)] 49562K->15562K(77312K), 0.0006140 secs] [Times: user=0.01 sys=0.00, real=0.00 secs] 
310.786: Total time for which application threads were stopped: 0.0007620 seconds, Stopping threads took: 0.0000740 seconds
310.866: Application time: 0.0806890 seconds
310.866: [GC [PSYoungGen: 34741K->1792K(35328K)] 49024K->16122K(77312K), 0.0006550 secs] [Times: user=0.01 sys=0.00, real=0.01 secs] 
310.867: Total time for which application threads were stopped: 0.0007940 seconds, Stopping threads took: 0.0000710 seconds
310.947: Application time: 0.0795460 seconds
310.947: [GC [PSYoungGen: 34737K->2304K(35328K)] 49068K->16634K(77312K), 0.0009880 secs] [Times: user=0.00 sys=0.01, real=0.01 secs] 
310.948: Total time for which application threads were stopped: 0.0011290 seconds, Stopping threads took: 0.0000710 seconds
311.028: Application time: 0.0803760 seconds
311.028: [GC [PSYoungGen: 34817K->1280K(33792K)] 49148K->15610K(75776K), 0.0006730 secs] [Times: user=0.00 sys=0.00, real=0.00 secs] 
311.029: Total time for which application threads were stopped: 0.0008180 seconds, Stopping threads took: 0.0000810 seconds
311.107: Application time: 0.0778320 seconds
311.107: [GC [PSYoungGen: 33266K->2304K(34304K)] 47597K->16682K(76288K), 0.0009990 secs] [Times: user=0.00 sys=0.00, real=0.00 secs] 
311.108: Total time for which application threads were stopped: 0.0016260 seconds, Stopping threads took: 0.0000650 seconds
311.185: Application time: 0.0769690 seconds
311.185: [GC [PSYoungGen: 34019K->2352K(34816K)] 48398K->16778K(76800K), 0.0009750 secs] [Times: user=0.00 sys=0.00, real=0.00 secs] 
311.186: Total time for which application threads were stopped: 0.0011320 seconds, Stopping threads took: 0.0000880 seconds
311.262: Application time: 0.0757830 seconds
311.262: [GC [PSYoungGen: 33241K->1728K(32768K)] 47668K->16307K(74752K), 0.0008480 secs] [Times: user=0.00 sys=0.00, real=0.00 secs] 
311.263: Total time for which application threads were stopped: 0.0010470 seconds, Stopping threads took: 0.0001280 seconds
311.338: Application time: 0.0742460 seconds
311.338: [GC [PSYoungGen: 32175K->1792K(33280K)] 46754K->16371K(75264K), 0.0007440 secs] [Times: user=0.00 sys=0.00, real=0.00 secs] 
311.338: Total time for which application threads were stopped: 0.0008880 seconds, Stopping threads took: 0.0000690 seconds
311.410: Application time: 0.0720050 seconds
311.411: [GC [PSYoungGen: 31718K->2304K(33792K)] 46297K->16931K(75776K), 0.0009260 secs] [Times: user=0.00 sys=0.00, real=0.00 secs] 
311.411: Total time for which application threads were stopped: 0.0010690 seconds, Stopping threads took: 0.0000730 seconds
311.483: Application time: 0.0715840 seconds
311.483: [GC [PSYoungGen: 32148K->3264K(39424K)] 46775K->17931K(81408K), 0.0011250 secs] [Times: user=0.01 sys=0.00, real=0.00 secs] 
311.484: Total time for which application threads were stopped: 0.0012740 seconds, Stopping threads took: 0.0000750 seconds
311.573: Application time: 0.0883930 seconds
311.573: [GC [PSYoungGen: 38792K->1280K(39936K)] 53459K->15947K(81920K), 0.0005780 secs] [Times: user=0.01 sys=0.00, real=0.00 secs] 
311.574: Total time for which application threads were stopped: 0.0007790 seconds, Stopping threads took: 0.0001390 seconds
311.658: Application time: 0.0845860 seconds
311.658: [GC [PSYoungGen: 36871K->2816K(47104K)] 51538K->17483K(89088K), 0.0009140 secs] [Times: user=0.00 sys=0.01, real=0.00 secs] 
311.659: Total time for which application threads were stopped: 0.0010820 seconds, Stopping threads took: 0.0000920 seconds
311.765: Application time: 0.1055690 seconds
311.765: [GC [PSYoungGen: 45617K->1280K(43520K)] 60284K->16011K(85504K), 0.0005420 secs] [Times: user=0.00 sys=0.00, real=0.00 secs] 
311.765: Total time for which application threads were stopped: 0.0006650 seconds, Stopping threads took: 0.0000630 seconds
311.865: Application time: 0.1000420 seconds
311.866: [GC [PSYoungGen: 42766K->1312K(44032K)] 57497K->16083K(86016K), 0.0005790 secs] [Times: user=0.01 sys=0.00, real=0.00 secs] 
311.866: Total time for which application threads were stopped: 0.0007210 seconds, Stopping threads took: 0.0000690 seconds
311.965: Application time: 0.0984520 seconds
311.965: [GC [PSYoungGen: 42048K->1792K(41984K)] 56819K->16703K(83968K), 0.0008800 secs] [Times: user=0.01 sys=0.00, real=0.00 secs] 
311.966: Total time for which application threads were stopped: 0.0010230 seconds, Stopping threads took: 0.0000740 seconds
312.061: Application time: 0.0953740 seconds
312.061: [GC [PSYoungGen: 41500K->2304K(41472K)] 56412K->17263K(83456K), 0.0008550 secs] [Times: user=0.01 sys=0.00, real=0.00 secs] 
312.062: Total time for which application threads were stopped: 0.0009960 seconds, Stopping threads took: 0.0000710 seconds
312.156: Application time: 0.0942260 seconds
312.156: [GC [PSYoungGen: 40908K->2304K(40448K)] 55867K->17311K(82432K), 0.0009780 secs] [Times: user=0.00 sys=0.00, real=0.00 secs] 
312.157: Total time for which application threads were stopped: 0.0011410 seconds, Stopping threads took: 0.0000910 seconds
312.248: Application time: 0.0910370 seconds
312.249: [GC [PSYoungGen: 39882K->1792K(38912K)] 54889K->16799K(80896K), 0.0007780 secs] [Times: user=0.00 sys=0.00, real=0.00 secs] 
312.249: Total time for which application threads were stopped: 0.0010030 seconds, Stopping threads took: 0.0001560 seconds
312.340: Application time: 0.0908180 seconds
312.340: [GC [PSYoungGen: 38500K->768K(37376K)] 53507K->15775K(79360K), 0.0004660 secs] [Times: user=0.00 sys=0.00, real=0.00 secs] 
312.341: Total time for which application threads were stopped: 0.0006920 seconds, Stopping threads took: 0.0001650 seconds
312.425: Application time: 0.0839850 seconds
312.425: [GC [PSYoungGen: 36791K->3328K(39424K)] 51799K->18403K(81408K), 0.0012640 secs] [Times: user=0.01 sys=0.00, real=0.00 secs] 
312.426: Total time for which application threads were stopped: 0.0014320 seconds, Stopping threads took: 0.0000810 seconds
312.516: Application time: 0.0895430 seconds
312.516: [GC [PSYoungGen: 39166K->1776K(37376K)] 54242K->16851K(79360K), 0.0007680 secs] [Times: user=0.00 sys=0.00, real=0.00 secs] 
312.517: Total time for which application threads were stopped: 0.0009040 seconds, Stopping threads took: 0.0000680 seconds
312.601: Application time: 0.0843770 seconds
312.601: [GC [PSYoungGen: 36858K->2304K(38400K)] 51933K->17519K(80384K), 0.0009680 secs] [Times: user=0.01 sys=0.00, real=0.00 secs] 
312.602: Total time for which application threads were stopped: 0.0011070 seconds, Stopping threads took: 0.0000660 seconds
312.687: Application time: 0.0847520 seconds
312.687: [GC [PSYoungGen: 36876K->1792K(36352K)] 52091K->17055K(78336K), 0.0008130 secs] [Times: user=0.00 sys=0.00, real=0.00 secs] 
312.688: Total time for which application threads were stopped: 0.0010320 seconds, Stopping threads took: 0.0001510 seconds
312.772: Application time: 0.0838170 seconds
312.772: [GC [PSYoungGen: 35771K->1248K(36864K)] 51035K->16559K(78848K), 0.0006140 secs] [Times: user=0.00 sys=0.00, real=0.00 secs] 
312.773: Total time for which application threads were stopped: 0.0007390 seconds, Stopping threads took: 0.0000630 seconds
312.854: Application time: 0.0817160 seconds
312.855: [GC [PSYoungGen: 34711K->1280K(34816K)] 50023K->16591K(76800K), 0.0006150 secs] [Times: user=0.00 sys=0.00, real=0.01 secs] 
312.855: Total time for which application threads were stopped: 0.0007470 seconds, Stopping threads took: 0.0000660 seconds
312.935: Application time: 0.0797500 seconds
312.935: [GC [PSYoungGen: 34305K->768K(35840K)] 49617K->16079K(77824K), 0.0004600 secs] [Times: user=0.00 sys=0.00, real=0.00 secs] 
312.936: Total time for which application threads were stopped: 0.0006370 seconds, Stopping threads took: 0.0001080 seconds
313.012: Application time: 0.0766170 seconds
313.012: [GC [PSYoungGen: 33264K->2784K(35840K)] 48576K->18143K(77824K), 0.0010650 secs] [Times: user=0.01 sys=0.00, real=0.00 secs] 
313.013: Total time for which application threads were stopped: 0.0012270 seconds, Stopping threads took: 0.0000860 seconds
313.092: Application time: 0.0788510 seconds
313.092: [GC [PSYoungGen: 34939K->2320K(35328K)] 50299K->17735K(77312K), 0.0009090 secs] [Times: user=0.01 sys=0.00, real=0.00 secs] 
313.093: Total time for which application threads were stopped: 0.0010460 seconds, Stopping threads took: 0.0000670 seconds
313.171: Application time: 0.0775600 seconds
313.171: [GC [PSYoungGen: 33799K->2304K(33792K)] 49214K->17835K(75776K), 0.0009730 secs] [Times: user=0.01 sys=0.00, real=0.00 secs] 
313.172: Total time for which application threads were stopped: 0.0011300 seconds, Stopping threads took: 0.0000850 seconds
313.247: Application time: 0.0753940 seconds
313.247: [GC [PSYoungGen: 33267K->2304K(35328K)] 48799K->17883K(77312K), 0.0009240 secs] [Times: user=0.01 sys=0.00, real=0.00 secs] 
313.248: Total time for which application threads were stopped: 0.0010580 seconds, Stopping threads took: 0.0000650 seconds
313.324: Application time: 0.0751160 seconds
313.324: [GC [PSYoungGen: 33267K->2304K(35328K)] 48847K->17939K(77312K), 0.0008950 secs] [Times: user=0.00 sys=0.00, real=0.00 secs] 
313.325: Total time for which application threads were stopped: 0.0010190 seconds, Stopping threads took: 0.0000580 seconds
313.400: Application time: 0.0750900 seconds
313.400: [GC [PSYoungGen: 33193K->1760K(32768K)] 48829K->17443K(74752K), 0.0006900 secs] [Times: user=0.01 sys=0.00, real=0.00 secs] 
313.401: Total time for which application threads were stopped: 0.0008640 seconds, Stopping threads took: 0.0001090 seconds
313.473: Application time: 0.0727590 seconds
313.473: [GC [PSYoungGen: 32120K->2816K(39936K)] 47804K->18500K(81920K), 0.0010330 secs] [Times: user=0.00 sys=0.00, real=0.00 secs] 
313.474: Total time for which application threads were stopped: 0.0011870 seconds, Stopping threads took: 0.0000750 seconds
313.562: Application time: 0.0871990 seconds
313.562: [GC [PSYoungGen: 38850K->2816K(40960K)] 54533K->18500K(82944K), 0.0010160 secs] [Times: user=0.01 sys=0.00, real=0.00 secs] 
313.563: Total time for which application threads were stopped: 0.0011570 seconds, Stopping threads took: 0.0000740 seconds
313.656: Application time: 0.0928490 seconds
313.656: [GC [PSYoungGen: 39526K->1280K(37888K)] 55210K->16963K(79872K), 0.0006280 secs] [Times: user=0.00 sys=0.00, real=0.00 secs] 
313.657: Total time for which application threads were stopped: 0.0009100 seconds, Stopping threads took: 0.0002150 seconds
313.744: Application time: 0.0870690 seconds
313.744: [GC [PSYoungGen: 37385K->2784K(40448K)] 53069K->18552K(82432K), 0.0011430 secs] [Times: user=0.00 sys=0.00, real=0.00 secs] 
313.745: Total time for which application threads were stopped: 0.0013030 seconds, Stopping threads took: 0.0000850 seconds
313.833: Application time: 0.0882890 seconds
313.833: [GC [PSYoungGen: 39056K->1248K(37376K)] 54824K->17064K(79360K), 0.0005970 secs] [Times: user=0.00 sys=0.00, real=0.00 secs] 
313.834: Total time for which application threads were stopped: 0.0007410 seconds, Stopping threads took: 0.0000820 seconds
313.921: Application time: 0.0872070 seconds
313.921: [GC [PSYoungGen: 36846K->1792K(38912K)] 52662K->17716K(80896K), 0.0007750 secs] [Times: user=0.01 sys=0.00, real=0.00 secs] 
313.922: Total time for which application threads were stopped: 0.0009010 seconds, Stopping threads took: 0.0000580 seconds
314.007: Application time: 0.0845090 seconds
314.007: [GC [PSYoungGen: 36873K->2304K(37376K)] 52798K->18276K(79360K), 0.0009470 secs] [Times: user=0.01 sys=0.00, real=0.00 secs] 
314.008: Total time for which application threads were stopped: 0.0011020 seconds, Stopping threads took: 0.0000760 seconds
314.092: Application time: 0.0844130 seconds
314.092: [GC [PSYoungGen: 36797K->1792K(36864K)] 52770K->17820K(78848K), 0.0007750 secs] [Times: user=0.01 sys=0.00, real=0.00 secs] 
314.093: Total time for which application threads were stopped: 0.0008970 seconds, Stopping threads took: 0.0000590 seconds
314.176: Application time: 0.0828960 seconds
314.176: [GC [PSYoungGen: 35769K->1792K(35840K)] 51797K->17820K(77824K), 0.0007440 secs] [Times: user=0.00 sys=0.00, real=0.00 secs] 
314.177: Total time for which application threads were stopped: 0.0008730 seconds, Stopping threads took: 0.0000630 seconds
314.256: Application time: 0.0794480 seconds
314.256: [GC [PSYoungGen: 35403K->2832K(36352K)] 51431K->18860K(78336K), 0.0010860 secs] [Times: user=0.00 sys=0.00, real=0.00 secs] 
314.258: Total time for which application threads were stopped: 0.0012300 seconds, Stopping threads took: 0.0000710 seconds
314.340: Application time: 0.0822110 seconds
314.340: [GC [PSYoungGen: 35787K->1280K(34304K)] 51816K->17396K(76288K), 0.0006140 secs] [Times: user=0.00 sys=0.00, real=0.00 secs] 
314.340: Total time for which application threads were stopped: 0.0007420 seconds, Stopping threads took: 0.0000680 seconds
314.418: Application time: 0.0774910 seconds
314.418: [GC [PSYoungGen: 34022K->1808K(35328K)] 50138K->17924K(77312K), 0.0007990 secs] [Times: user=0.01 sys=0.00, real=0.00 secs] 
314.419: Total time for which application threads were stopped: 0.0010300 seconds, Stopping threads took: 0.0001630 seconds
314.498: Application time: 0.0794700 seconds
314.499: [GC [PSYoungGen: 33729K->1280K(33280K)] 49845K->17548K(75264K), 0.0006450 secs] [Times: user=0.01 sys=0.00, real=0.00 secs] 
314.499: Total time for which application threads were stopped: 0.0007650 seconds, Stopping threads took: 0.0000550 seconds
314.575: Application time: 0.0757260 seconds
314.575: [GC [PSYoungGen: 32759K->1280K(34304K)] 49027K->17548K(76288K), 0.0006100 secs] [Times: user=0.00 sys=0.00, real=0.00 secs] 
314.576: Total time for which application threads were stopped: 0.0007450 seconds, Stopping threads took: 0.0000660 seconds
314.651: Application time: 0.0750800 seconds
314.651: [GC [PSYoungGen: 32247K->768K(31744K)] 48515K->17100K(73728K), 0.0004870 secs] [Times: user=0.00 sys=0.00, real=0.00 secs] 
314.651: Total time for which application threads were stopped: 0.0006490 seconds, Stopping threads took: 0.0000940 seconds
314.724: Application time: 0.0725150 seconds
314.724: [GC [PSYoungGen: 31124K->2304K(33280K)] 47456K->18692K(75264K), 0.0009570 secs] [Times: user=0.00 sys=0.00, real=0.00 secs] 
314.725: Total time for which application threads were stopped: 0.0010850 seconds, Stopping threads took: 0.0000570 seconds
314.796: Application time: 0.0714620 seconds
314.797: [GC [PSYoungGen: 32148K->2816K(33280K)] 48536K->19204K(75264K), 0.0010390 secs] [Times: user=0.01 sys=0.00, real=0.00 secs] 
314.798: Total time for which application threads were stopped: 0.0012460 seconds, Stopping threads took: 0.0001350 seconds
314.870: Application time: 0.0724950 seconds
314.870: [GC [PSYoungGen: 32237K->2240K(33792K)] 48625K->18628K(75776K), 0.0009810 secs] [Times: user=0.01 sys=0.00, real=0.00 secs] 
314.871: Total time for which application threads were stopped: 0.0011160 seconds, Stopping threads took: 0.0000680 seconds
314.943: Application time: 0.0714100 seconds
314.943: [GC [PSYoungGen: 31656K->2272K(33792K)] 48045K->18700K(75776K), 0.0008960 secs] [Times: user=0.00 sys=0.00, real=0.00 secs] 
314.944: Total time for which application threads were stopped: 0.0010350 seconds, Stopping threads took: 0.0000710 seconds
315.015: Application time: 0.0716220 seconds
315.016: [GC [PSYoungGen: 31612K->1760K(39424K)] 48041K->18236K(81408K), 0.0006340 secs] [Times: user=0.00 sys=0.00, real=0.00 secs] 
315.016: Total time for which application threads were stopped: 0.0007710 seconds, Stopping threads took: 0.0000730 seconds
315.101: Application time: 0.0851950 seconds
315.102: [GC [PSYoungGen: 37590K->2336K(39424K)] 54066K->18812K(81408K), 0.0009200 secs] [Times: user=0.00 sys=0.00, real=0.00 secs] 
315.103: Total time for which application threads were stopped: 0.0011110 seconds, Stopping threads took: 0.0001170 seconds
315.191: Application time: 0.0880690 seconds
315.191: [GC [PSYoungGen: 37857K->1792K(37376K)] 54334K->18428K(79360K), 0.0006990 secs] [Times: user=0.00 sys=0.00, real=0.00 secs] 
315.191: Total time for which application threads were stopped: 0.0008400 seconds, Stopping threads took: 0.0000660 seconds
315.277: Application time: 0.0853220 seconds
315.277: [GC [PSYoungGen: 36952K->1792K(36864K)] 53589K->18428K(78848K), 0.0008720 secs] [Times: user=0.01 sys=0.00, real=0.00 secs] 
315.278: Total time for which application threads were stopped: 0.0010930 seconds, Stopping threads took: 0.0001510 seconds
315.363: Application time: 0.0851290 seconds
315.363: [GC [PSYoungGen: 36289K->256K(34816K)] 52926K->16988K(76800K), 0.0004150 secs] [Times: user=0.00 sys=0.00, real=0.00 secs] 
315.364: Total time for which application threads were stopped: 0.0006370 seconds, Stopping threads took: 0.0001640 seconds
315.443: Application time: 0.0796680 seconds
315.443: [GC [PSYoungGen: 34225K->1280K(37376K)] 50958K->18012K(79360K), 0.0005480 secs] [Times: user=0.00 sys=0.00, real=0.00 secs] 
315.444: Total time for which application threads were stopped: 0.0007350 seconds, Stopping threads took: 0.0001270 seconds
315.526: Application time: 0.0819650 seconds
315.526: [GC [PSYoungGen: 34904K->768K(34304K)] 51636K->17500K(76288K), 0.0005360 secs] [Times: user=0.00 sys=0.00, real=0.00 secs] 
315.527: Total time for which application threads were stopped: 0.0006580 seconds, Stopping threads took: 0.0000600 seconds
315.605: Application time: 0.0781940 seconds
315.605: [GC [PSYoungGen: 33705K->2304K(35328K)] 50437K->19116K(77312K), 0.0009250 secs] [Times: user=0.01 sys=0.00, real=0.00 secs] 
315.606: Total time for which application threads were stopped: 0.0010740 seconds, Stopping threads took: 0.0000690 seconds
315.683: Application time: 0.0774670 seconds
315.683: [GC [PSYoungGen: 34737K->2304K(34816K)] 51550K->19116K(76800K), 0.0008370 secs] [Times: user=0.00 sys=0.00, real=0.00 secs] 
315.684: Total time for which application threads were stopped: 0.0009840 seconds, Stopping threads took: 0.0000750 seconds
315.763: Application time: 0.0785980 seconds
315.763: [GC [PSYoungGen: 34542K->1280K(33280K)] 51354K->18092K(75264K), 0.0006660 secs] [Times: user=0.01 sys=0.00, real=0.00 secs] 
315.764: Total time for which application threads were stopped: 0.0008080 seconds, Stopping threads took: 0.0000800 seconds
315.838: Application time: 0.0742290 seconds
315.838: [GC [PSYoungGen: 32751K->2256K(34304K)] 49564K->19205K(76288K), 0.0009780 secs] [Times: user=0.00 sys=0.00, real=0.00 secs] 
315.839: Total time for which application threads were stopped: 0.0011230 seconds, Stopping threads took: 0.0000750 seconds
315.919: Application time: 0.0797010 seconds
315.919: [GC [PSYoungGen: 33235K->256K(31232K)] 50184K->17269K(73216K), 0.0003670 secs] [Times: user=0.00 sys=0.00, real=0.00 secs] 
315.919: Total time for which application threads were stopped: 0.0004900 seconds, Stopping threads took: 0.0000660 seconds
315.991: Application time: 0.0714140 seconds
315.991: [GC [PSYoungGen: 30612K->1792K(33280K)] 47625K->18853K(75264K), 0.0007410 secs] [Times: user=0.01 sys=0.00, real=0.00 secs] 
315.992: Total time for which application threads were stopped: 0.0008860 seconds, Stopping threads took: 0.0000790 seconds
316.064: Application time: 0.0727850 seconds
316.065: [GC [PSYoungGen: 31638K->2816K(33280K)] 48699K->19877K(75264K), 0.0010590 secs] [Times: user=0.00 sys=0.00, real=0.00 secs] 
316.066: Total time for which application threads were stopped: 0.0012010 seconds, Stopping threads took: 0.0000720 seconds
316.138: Application time: 0.0726880 seconds
316.138: [GC [PSYoungGen: 32243K->1184K(31744K)] 49304K->18245K(73728K), 0.0006520 secs] [Times: user=0.00 sys=0.00, real=0.00 secs] 
316.140: Total time for which application threads were stopped: 0.0017490 seconds, Stopping threads took: 0.0000760 seconds
316.210: Application time: 0.0700590 seconds
316.210: [GC [PSYoungGen: 30080K->1792K(30720K)] 47141K->18909K(72704K), 0.0008180 secs] [Times: user=0.01 sys=0.00, real=0.00 secs] 
316.211: Total time for which application threads were stopped: 0.0009760 seconds, Stopping threads took: 0.0000890 seconds
316.278: Application time: 0.0668220 seconds
316.278: [GC [PSYoungGen: 30092K->3328K(31744K)] 47209K->20485K(73728K), 0.0012580 secs] [Times: user=0.01 sys=0.00, real=0.00 secs] 
316.279: Total time for which application threads were stopped: 0.0014000 seconds, Stopping threads took: 0.0000660 seconds
316.348: Application time: 0.0683590 seconds
316.348: [GC [PSYoungGen: 31120K->2816K(32256K)] 48277K->19973K(74240K), 0.0010520 secs] [Times: user=0.01 sys=0.00, real=0.00 secs] 
316.349: Total time for which application threads were stopped: 0.0012070 seconds, Stopping threads took: 0.0000810 seconds
316.419: Application time: 0.0698110 seconds
316.419: [GC [PSYoungGen: 30925K->2352K(37888K)] 48082K->19509K(79872K), 0.0007630 secs] [Times: user=0.01 sys=0.00, real=0.00 secs] 
316.420: Total time for which application threads were stopped: 0.0008880 seconds, Stopping threads took: 0.0000590 seconds
316.502: Application time: 0.0821140 seconds
316.502: [GC [PSYoungGen: 35894K->1792K(37888K)] 53051K->19097K(79872K), 0.0007970 secs] [Times: user=0.00 sys=0.00, real=0.00 secs] 
316.503: Total time for which application threads were stopped: 0.0009800 seconds, Stopping threads took: 0.0001070 seconds
316.585: Application time: 0.0826040 seconds
316.585: [GC [PSYoungGen: 35336K->1792K(45056K)] 52641K->19145K(87040K), 0.0006500 secs] [Times: user=0.00 sys=0.00, real=0.00 secs] 
316.586: Total time for which application threads were stopped: 0.0008010 seconds, Stopping threads took: 0.0000840 seconds
316.683: Application time: 0.0971230 seconds
316.683: [GC [PSYoungGen: 42448K->2304K(42496K)] 59801K->19705K(84480K), 0.0007790 secs] [Times: user=0.00 sys=0.00, real=0.00 secs] 
316.684: Total time for which application threads were stopped: 0.0009610 seconds, Stopping threads took: 0.0001060 seconds
316.781: Application time: 0.0969210 seconds
316.781: [GC [PSYoungGen: 42018K->1792K(41472K)] 59420K->19193K(83456K), 0.0006600 secs] [Times: user=0.00 sys=0.00, real=0.00 secs] 
316.782: Total time for which application threads were stopped: 0.0008000 seconds, Stopping threads took: 0.0000670 seconds
316.875: Application time: 0.0928810 seconds
316.875: [GC [PSYoungGen: 40472K->2304K(40448K)] 57873K->19745K(82432K), 0.0009520 secs] [Times: user=0.00 sys=0.00, real=0.00 secs] 
316.876: Total time for which application threads were stopped: 0.0010880 seconds, Stopping threads took: 0.0000610 seconds
316.966: Application time: 0.0902230 seconds
316.966: [GC [PSYoungGen: 39878K->2784K(39936K)] 57319K->20265K(81920K), 0.0011050 secs] [Times: user=0.01 sys=0.01, real=0.01 secs] 
316.967: Total time for which application threads were stopped: 0.0012500 seconds, Stopping threads took: 0.0000690 seconds
317.058: Application time: 0.0902900 seconds
317.058: [GC [PSYoungGen: 39571K->1808K(38400K)] 57052K->19289K(80384K), 0.0008040 secs] [Times: user=0.00 sys=0.00, real=0.00 secs] 
317.059: Total time for which application threads were stopped: 0.0010490 seconds, Stopping threads took: 0.0001730 seconds
317.146: Application time: 0.0868600 seconds
317.146: [GC [PSYoungGen: 37993K->2848K(39424K)] 55475K->20445K(81408K), 0.0011800 secs] [Times: user=0.01 sys=0.00, real=0.01 secs] 
317.147: Total time for which application threads were stopped: 0.0013230 seconds, Stopping threads took: 0.0000690 seconds
317.234: Application time: 0.0874900 seconds
317.235: [GC [PSYoungGen: 38450K->1760K(37376K)] 56047K->19437K(79360K), 0.0008160 secs] [Times: user=0.00 sys=0.00, real=0.01 secs] 
317.235: Total time for which application threads were stopped: 0.0009650 seconds, Stopping threads took: 0.0000670 seconds
317.321: Application time: 0.0856960 seconds
317.321: [GC [PSYoungGen: 36765K->1792K(37888K)] 54443K->19517K(79872K), 0.0007500 secs] [Times: user=0.01 sys=0.00, real=0.00 secs] 
317.322: Total time for which application threads were stopped: 0.0008870 seconds, Stopping threads took: 0.0000690 seconds
317.404: Application time: 0.0825270 seconds
317.405: [GC [PSYoungGen: 36362K->1792K(36352K)] 54087K->19517K(78336K), 0.0007570 secs] [Times: user=0.00 sys=0.00, real=0.00 secs] 
317.405: Total time for which application threads were stopped: 0.0008840 seconds, Stopping threads took: 0.0000630 seconds
317.488: Application time: 0.0824640 seconds
317.488: [GC [PSYoungGen: 35847K->1280K(36864K)] 53573K->19053K(78848K), 0.0006050 secs] [Times: user=0.00 sys=0.00, real=0.00 secs] 
317.489: Total time for which application threads were stopped: 0.0008000 seconds, Stopping threads took: 0.0001300 seconds
317.570: Application time: 0.0810390 seconds
317.570: [GC [PSYoungGen: 34743K->1792K(35328K)] 52517K->19621K(77312K), 0.0007550 secs] [Times: user=0.01 sys=0.00, real=0.00 secs] 
317.571: Total time for which application threads were stopped: 0.0009030 seconds, Stopping threads took: 0.0000830 seconds
317.651: Application time: 0.0799980 seconds
317.651: [GC [PSYoungGen: 34741K->1792K(35840K)] 52571K->19621K(77824K), 0.0007380 secs] [Times: user=0.00 sys=0.00, real=0.00 secs] 
317.651: Total time for which application threads were stopped: 0.0008660 seconds, Stopping threads took: 0.0000610 seconds
317.730: Application time: 0.0785970 seconds
317.731: [GC [PSYoungGen: 34530K->2880K(35328K)] 52360K->20709K(77312K), 0.0012230 secs] [Times: user=0.00 sys=0.00, real=0.00 secs] 
317.732: Total time for which application threads were stopped: 0.0020110 seconds, Stopping threads took: 0.0007150 seconds
317.810: Application time: 0.0778010 seconds
317.810: [GC [PSYoungGen: 34875K->2816K(35840K)] 52705K->20781K(77824K), 0.0011540 secs] [Times: user=0.01 sys=0.00, real=0.00 secs] 
317.811: Total time for which application threads were stopped: 0.0013290 seconds, Stopping threads took: 0.0000930 seconds
317.891: Application time: 0.0798910 seconds
317.891: [GC [PSYoungGen: 34817K->1792K(35840K)] 52783K->19813K(77824K), 0.0007320 secs] [Times: user=0.00 sys=0.00, real=0.00 secs] 
317.892: Total time for which application threads were stopped: 0.0008900 seconds, Stopping threads took: 0.0000970 seconds
317.969: Application time: 0.0769800 seconds
317.969: [GC [PSYoungGen: 33705K->2304K(42496K)] 51726K->20373K(84480K), 0.0007850 secs] [Times: user=0.00 sys=0.00, real=0.00 secs] 
317.970: Total time for which application threads were stopped: 0.0009400 seconds, Stopping threads took: 0.0000770 seconds
318.064: Application time: 0.0939080 seconds
318.064: [GC [PSYoungGen: 40988K->1280K(39424K)] 59058K->19349K(81408K), 0.0005860 secs] [Times: user=0.01 sys=0.00, real=0.00 secs] 
318.065: Total time for which application threads were stopped: 0.0007610 seconds, Stopping threads took: 0.0001110 seconds
318.156: Application time: 0.0910870 seconds
318.156: [GC [PSYoungGen: 38934K->1792K(39424K)] 57004K->19917K(81408K), 0.0007470 secs] [Times: user=0.01 sys=0.00, real=0.00 secs] 
318.157: Total time for which application threads were stopped: 0.0008820 seconds, Stopping threads took: 0.0000660 seconds
318.244: Application time: 0.0876840 seconds
318.244: [GC [PSYoungGen: 38342K->1184K(37888K)] 56467K->19357K(79872K), 0.0006390 secs] [Times: user=0.00 sys=0.00, real=0.00 secs] 
318.245: Total time for which application threads were stopped: 0.0007960 seconds, Stopping threads took: 0.0000960 seconds
318.331: Application time: 0.0859910 seconds
318.331: [GC [PSYoungGen: 37289K->2816K(38912K)] 55463K->20990K(80896K), 0.0010010 secs] [Times: user=0.00 sys=0.00, real=0.00 secs] 
318.332: Total time for which application threads were stopped: 0.0011440 seconds, Stopping threads took: 0.0000630 seconds
318.420: Application time: 0.0873560 seconds
318.420: [GC [PSYoungGen: 38652K->1824K(37376K)] 56826K->20046K(79360K), 0.0008190 secs] [Times: user=0.01 sys=0.00, real=0.00 secs] 
318.420: Total time for which application threads were stopped: 0.0009690 seconds, Stopping threads took: 0.0000840 seconds
318.506: Application time: 0.0858360 seconds
318.506: [GC [PSYoungGen: 36909K->1248K(37888K)] 55131K->19630K(79872K), 0.0006370 secs] [Times: user=0.01 sys=0.00, real=0.01 secs] 
318.507: Total time for which application threads were stopped: 0.0007680 seconds, Stopping threads took: 0.0000670 seconds
318.589: Application time: 0.0823850 seconds
318.590: [GC [PSYoungGen: 35735K->2304K(36864K)] 54117K->20734K(78848K), 0.0009380 secs] [Times: user=0.00 sys=0.00, real=0.00 secs] 
318.591: Total time for which application threads were stopped: 0.0010820 seconds, Stopping threads took: 0.0000740 seconds
318.673: Application time: 0.0823790 seconds
318.673: [GC [PSYoungGen: 36363K->1280K(36864K)] 54793K->19710K(78848K), 0.0006050 secs] [Times: user=0.00 sys=0.00, real=0.00 secs] 
318.674: Total time for which application threads were stopped: 0.0008020 seconds, Stopping threads took: 0.0001350 seconds
318.756: Application time: 0.0818620 seconds
318.756: [GC [PSYoungGen: 34821K->1280K(34816K)] 53251K->19750K(76800K), 0.0006330 secs] [Times: user=0.00 sys=0.00, real=0.00 secs] 
318.756: Total time for which application threads were stopped: 0.0007830 seconds, Stopping threads took: 0.0000840 seconds
318.837: Application time: 0.0803810 seconds
318.837: [GC [PSYoungGen: 34225K->1792K(35840K)] 52695K->20318K(77824K), 0.0007530 secs] [Times: user=0.00 sys=0.00, real=0.00 secs] 
318.838: Total time for which application threads were stopped: 0.0009090 seconds, Stopping threads took: 0.0000800 seconds
318.916: Application time: 0.0779550 seconds
318.916: [GC [PSYoungGen: 34225K->1728K(34304K)] 52751K->20254K(76288K), 0.0007810 secs] [Times: user=0.00 sys=0.00, real=0.00 secs] 
318.917: Total time for which application threads were stopped: 0.0009140 seconds, Stopping threads took: 0.0000670 seconds
318.995: Application time: 0.0788220 seconds
318.996: [GC [PSYoungGen: 33719K->2304K(34816K)] 52245K->20830K(76800K), 0.0009110 secs] [Times: user=0.01 sys=0.00, real=0.00 secs] 
318.996: Total time for which application threads were stopped: 0.0010910 seconds, Stopping threads took: 0.0001120 seconds
319.072: Application time: 0.0758390 seconds
319.072: [GC [PSYoungGen: 34016K->2896K(35328K)] 52542K->21470K(77312K), 0.0011130 secs] [Times: user=0.01 sys=0.00, real=0.00 secs] 
319.074: Total time for which application threads were stopped: 0.0012640 seconds, Stopping threads took: 0.0000700 seconds
319.153: Application time: 0.0794080 seconds
319.153: [GC [PSYoungGen: 34311K->736K(32256K)] 52885K->19458K(74240K), 0.0005640 secs] [Times: user=0.00 sys=0.00, real=0.00 secs] 
319.154: Total time for which application threads were stopped: 0.0006890 seconds, Stopping threads took: 0.0000630 seconds
319.226: Application time: 0.0718650 seconds
319.226: [GC [PSYoungGen: 31682K->2816K(39424K)] 50404K->21538K(81408K), 0.0010890 secs] [Times: user=0.01 sys=0.00, real=0.01 secs] 
319.227: Total time for which application threads were stopped: 0.0012370 seconds, Stopping threads took: 0.0000720 seconds
319.316: Application time: 0.0887990 seconds
319.316: [GC [PSYoungGen: 38418K->1792K(37376K)] 57140K->20570K(79360K), 0.0007200 secs] [Times: user=0.00 sys=0.00, real=0.00 secs] 
319.316: Total time for which application threads were stopped: 0.0008580 seconds, Stopping threads took: 0.0000720 seconds
319.398: Application time: 0.0815900 seconds
319.398: [GC [PSYoungGen: 36869K->3264K(40448K)] 55648K->22090K(82432K), 0.0012360 secs] [Times: user=0.01 sys=0.00, real=0.00 secs] 
319.399: Total time for which application threads were stopped: 0.0013980 seconds, Stopping threads took: 0.0000760 seconds
319.490: Application time: 0.0901210 seconds
319.490: [GC [PSYoungGen: 39814K->2816K(46592K)] 58640K->21682K(88576K), 0.0010650 secs] [Times: user=0.00 sys=0.00, real=0.00 secs] 
319.491: Total time for which application threads were stopped: 0.0012000 seconds, Stopping threads took: 0.0000610 seconds
319.593: Application time: 0.1027180 seconds
319.594: [GC [PSYoungGen: 45020K->2272K(46592K)] 63887K->21138K(88576K), 0.0008750 secs] [Times: user=0.01 sys=0.00, real=0.00 secs] 
319.594: Total time for which application threads were stopped: 0.0010070 seconds, Stopping threads took: 0.0000670 seconds
319.697: Application time: 0.1027480 seconds
319.697: [GC [PSYoungGen: 44353K->1872K(43520K)] 63220K->20738K(85504K), 0.0006790 secs] [Times: user=0.00 sys=0.00, real=0.00 secs] 
319.698: Total time for which application threads were stopped: 0.0008150 seconds, Stopping threads took: 0.0000680 seconds
319.800: Application time: 0.1014470 seconds
319.800: [GC [PSYoungGen: 43046K->1760K(42496K)] 61913K->20810K(84480K), 0.0007670 secs] [Times: user=0.00 sys=0.00, real=0.00 secs] 
319.800: Total time for which application threads were stopped: 0.0009040 seconds, Stopping threads took: 0.0000690 seconds
319.897: Application time: 0.0968050 seconds
319.897: [GC [PSYoungGen: 41980K->2272K(41984K)] 61031K->21322K(83968K), 0.0008450 secs] [Times: user=0.01 sys=0.00, real=0.00 secs] 
319.898: Total time for which application threads were stopped: 0.0010480 seconds, Stopping threads took: 0.0001380 seconds
319.995: Application time: 0.0967850 seconds
319.995: [GC [PSYoungGen: 41550K->1792K(40448K)] 60601K->20898K(82432K), 0.0008220 secs] [Times: user=0.01 sys=0.00, real=0.00 secs] 
319.996: Total time for which application threads were stopped: 0.0009600 seconds, Stopping threads took: 0.0000660 seconds
320.089: Application time: 0.0931280 seconds
320.089: [GC [PSYoungGen: 39878K->1760K(39424K)] 58984K->20946K(81408K), 0.0007880 secs] [Times: user=0.00 sys=0.00, real=0.00 secs] 
320.090: Total time for which application threads were stopped: 0.0009700 seconds, Stopping threads took: 0.0001140 seconds
320.180: Application time: 0.0898630 seconds
320.180: [GC [PSYoungGen: 38823K->2304K(39424K)] 58010K->21490K(81408K), 0.0008450 secs] [Times: user=0.01 sys=0.00, real=0.00 secs] 
320.181: Total time for which application threads were stopped: 0.0009710 seconds, Stopping threads took: 0.0000560 seconds
320.270: Application time: 0.0894990 seconds
320.271: [GC [PSYoungGen: 38854K->1792K(38400K)] 58040K->20978K(80384K), 0.0008090 secs] [Times: user=0.00 sys=0.00, real=0.00 secs] 
320.271: Total time for which application threads were stopped: 0.0009420 seconds, Stopping threads took: 0.0000650 seconds
320.357: Application time: 0.0853690 seconds
320.357: [GC [PSYoungGen: 37700K->2400K(38400K)] 56887K->21586K(80384K), 0.0010270 secs] [Times: user=0.01 sys=0.00, real=0.00 secs] 
320.358: Total time for which application threads were stopped: 0.0011830 seconds, Stopping threads took: 0.0000840 seconds
320.445: Application time: 0.0871730 seconds
320.445: [GC [PSYoungGen: 37921K->1760K(37376K)] 57108K->21118K(79360K), 0.0008090 secs] [Times: user=0.01 sys=0.00, real=0.00 secs] 
320.446: Total time for which application threads were stopped: 0.0009550 seconds, Stopping threads took: 0.0000760 seconds
320.529: Application time: 0.0824460 seconds
320.529: [GC [PSYoungGen: 36838K->3328K(42496K)] 56197K->22686K(84480K), 0.0012900 secs] [Times: user=0.00 sys=0.00, real=0.00 secs] 
320.530: Total time for which application threads were stopped: 0.0014490 seconds, Stopping threads took: 0.0000710 seconds
320.626: Application time: 0.0955980 seconds
320.626: [GC [PSYoungGen: 42016K->1760K(39936K)] 61375K->21150K(81920K), 0.0006630 secs] [Times: user=0.00 sys=0.00, real=0.00 secs] 
320.626: Total time for which application threads were stopped: 0.0007990 seconds, Stopping threads took: 0.0000710 seconds
320.718: Application time: 0.0914220 seconds
320.718: [GC [PSYoungGen: 39416K->1280K(38400K)] 58807K->20726K(80384K), 0.0006600 secs] [Times: user=0.01 sys=0.00, real=0.00 secs] 
320.719: Total time for which application threads were stopped: 0.0008560 seconds, Stopping threads took: 0.0001330 seconds
320.807: Application time: 0.0880030 seconds
320.807: [GC [PSYoungGen: 37830K->768K(37376K)] 57276K->20271K(79360K), 0.0005630 secs] [Times: user=0.01 sys=0.00, real=0.00 secs] 
320.807: Total time for which application threads were stopped: 0.0006930 seconds, Stopping threads took: 0.0000670 seconds
320.896: Application time: 0.0882210 seconds
320.896: [GC [PSYoungGen: 36797K->1792K(37888K)] 56300K->21295K(79872K), 0.0007420 secs] [Times: user=0.01 sys=0.00, real=0.00 secs] 
320.896: Total time for which application threads were stopped: 0.0008800 seconds, Stopping threads took: 0.0000680 seconds
320.981: Application time: 0.0842580 seconds
320.981: [GC [PSYoungGen: 37540K->3392K(38912K)] 57043K->22895K(80896K), 0.0012640 secs] [Times: user=0.01 sys=0.00, real=0.00 secs] 
320.982: Total time for which application threads were stopped: 0.0014160 seconds, Stopping threads took: 0.0000740 seconds
321.071: Application time: 0.0890160 seconds
321.071: [GC [PSYoungGen: 38564K->768K(35840K)] 58067K->20399K(77824K), 0.0005320 secs] [Times: user=0.00 sys=0.00, real=0.00 secs] 
321.072: Total time for which application threads were stopped: 0.0006710 seconds, Stopping threads took: 0.0000680 seconds
321.154: Application time: 0.0818440 seconds
321.154: [GC [PSYoungGen: 35327K->2816K(37888K)] 54958K->22523K(79872K), 0.0011720 secs] [Times: user=0.00 sys=0.00, real=0.01 secs] 
321.155: Total time for which application threads were stopped: 0.0016090 seconds, Stopping threads took: 0.0000650 seconds
321.239: Application time: 0.0835650 seconds
321.239: [GC [PSYoungGen: 36873K->2304K(36352K)] 56581K->22059K(78336K), 0.0009640 secs] [Times: user=0.00 sys=0.00, real=0.00 secs] 
321.240: Total time for which application threads were stopped: 0.0011330 seconds, Stopping threads took: 0.0000970 seconds
321.323: Application time: 0.0826290 seconds
321.323: [GC [PSYoungGen: 35848K->1728K(36864K)] 55603K->21539K(78848K), 0.0008050 secs] [Times: user=0.01 sys=0.00, real=0.00 secs] 
321.324: Total time for which application threads were stopped: 0.0009510 seconds, Stopping threads took: 0.0000790 seconds
321.405: Application time: 0.0816480 seconds
321.405: [GC [PSYoungGen: 34681K->768K(33792K)] 54492K->20643K(75776K), 0.0004650 secs] [Times: user=0.00 sys=0.00, real=0.00 secs] 
321.406: Total time for which application threads were stopped: 0.0007130 seconds, Stopping threads took: 0.0001880 seconds
321.486: Application time: 0.0798470 seconds
321.486: [GC [PSYoungGen: 33201K->768K(35840K)] 53076K->20643K(77824K), 0.0004840 secs] [Times: user=0.00 sys=0.00, real=0.00 secs] 
321.486: Total time for which application threads were stopped: 0.0006080 seconds, Stopping threads took: 0.0000560 seconds
321.561: Application time: 0.0741770 seconds
321.561: [GC [PSYoungGen: 32668K->2816K(34816K)] 52543K->22691K(76800K), 0.0010860 secs] [Times: user=0.01 sys=0.00, real=0.00 secs] 
321.562: Total time for which application threads were stopped: 0.0013060 seconds, Stopping threads took: 0.0001460 seconds
321.640: Application time: 0.0781120 seconds
321.640: [GC [PSYoungGen: 34464K->1280K(34816K)] 54339K->21155K(76800K), 0.0006590 secs] [Times: user=0.00 sys=0.00, real=0.00 secs] 
321.641: Total time for which application threads were stopped: 0.0007880 seconds, Stopping threads took: 0.0000580 seconds
321.716: Application time: 0.0747190 seconds
321.716: [GC [PSYoungGen: 32314K->2336K(33280K)] 52190K->22323K(75264K), 0.0009580 secs] [Times: user=0.00 sys=0.00, real=0.00 secs] 
321.717: Total time for which application threads were stopped: 0.0010960 seconds, Stopping threads took: 0.0000690 seconds
321.790: Application time: 0.0730780 seconds
321.790: [GC [PSYoungGen: 32857K->2832K(34816K)] 52844K->22899K(76800K), 0.0011350 secs] [Times: user=0.00 sys=0.00, real=0.00 secs] 
321.791: Total time for which application threads were stopped: 0.0012730 seconds, Stopping threads took: 0.0000640 seconds
321.867: Application time: 0.0765030 seconds
321.868: [GC [PSYoungGen: 33213K->1248K(31744K)] 53280K->21403K(73728K), 0.0006380 secs] [Times: user=0.01 sys=0.00, real=0.00 secs] 
321.868: Total time for which application threads were stopped: 0.0007710 seconds, Stopping threads took: 0.0000690 seconds
321.940: Application time: 0.0722080 seconds
321.941: [GC [PSYoungGen: 31178K->1280K(33280K)] 51334K->21435K(75264K), 0.0005900 secs] [Times: user=0.01 sys=0.00, real=0.00 secs] 
321.941: Total time for which application threads were stopped: 0.0007210 seconds, Stopping threads took: 0.0000660 seconds
322.012: Application time: 0.0710780 seconds
322.012: [GC [PSYoungGen: 30612K->1792K(31232K)] 50767K->22003K(73216K), 0.0007510 secs] [Times: user=0.00 sys=0.00, real=0.00 secs] 
322.013: Total time for which application threads were stopped: 0.0008780 seconds, Stopping threads took: 0.0000610 seconds
322.084: Application time: 0.0704290 seconds
322.084: [GC [PSYoungGen: 30612K->1760K(31232K)] 50823K->21971K(73216K), 0.0008690 secs] [Times: user=0.00 sys=0.00, real=0.00 secs] 
322.085: Total time for which application threads were stopped: 0.0010320 seconds, Stopping threads took: 0.0000970 seconds
322.153: Application time: 0.0686340 seconds
322.153: [GC [PSYoungGen: 30066K->1728K(32256K)] 50277K->21939K(74240K), 0.0008430 secs] [Times: user=0.00 sys=0.00, real=0.00 secs] 
322.154: Total time for which application threads were stopped: 0.0009850 seconds, Stopping threads took: 0.0000690 seconds
322.221: Application time: 0.0671490 seconds
322.221: [GC [PSYoungGen: 30030K->2816K(38400K)] 50241K->23027K(80384K), 0.0008810 secs] [Times: user=0.01 sys=0.00, real=0.00 secs] 
322.222: Total time for which application threads were stopped: 0.0010480 seconds, Stopping threads took: 0.0000890 seconds
322.308: Application time: 0.0856600 seconds
322.308: [GC [PSYoungGen: 37624K->1808K(38400K)] 57836K->22019K(80384K), 0.0007620 secs] [Times: user=0.01 sys=0.00, real=0.00 secs] 
322.309: Total time for which application threads were stopped: 0.0009170 seconds, Stopping threads took: 0.0000900 seconds
322.393: Application time: 0.0842550 seconds
322.393: [GC [PSYoungGen: 36376K->1792K(36352K)] 56587K->22143K(78336K), 0.0006970 secs] [Times: user=0.01 sys=0.00, real=0.00 secs] 
322.394: Total time for which application threads were stopped: 0.0008750 seconds, Stopping threads took: 0.0001140 seconds
322.478: Application time: 0.0838180 seconds
322.478: [GC [PSYoungGen: 35928K->1280K(35328K)] 56279K->21671K(77312K), 0.0007200 secs] [Times: user=0.00 sys=0.00, real=0.00 secs] 
322.479: Total time for which application threads were stopped: 0.0008520 seconds, Stopping threads took: 0.0000670 seconds
322.560: Application time: 0.0814160 seconds
322.560: [GC [PSYoungGen: 34743K->1248K(34816K)] 55135K->21715K(76800K), 0.0005980 secs] [Times: user=0.00 sys=0.00, real=0.00 secs] 
322.561: Total time for which application threads were stopped: 0.0007160 seconds, Stopping threads took: 0.0000530 seconds
322.642: Application time: 0.0806970 seconds
322.642: [GC [PSYoungGen: 34275K->1280K(34304K)] 54743K->21747K(76288K), 0.0005630 secs] [Times: user=0.00 sys=0.00, real=0.00 secs] 
322.642: Total time for which application threads were stopped: 0.0006950 seconds, Stopping threads took: 0.0000680 seconds
322.721: Application time: 0.0786390 seconds
322.721: [GC [PSYoungGen: 33715K->768K(33280K)] 54183K->21299K(75264K), 0.0005260 secs] [Times: user=0.00 sys=0.00, real=0.00 secs] 
322.722: Total time for which application threads were stopped: 0.0006690 seconds, Stopping threads took: 0.0000700 seconds
322.797: Application time: 0.0753720 seconds
322.797: [GC [PSYoungGen: 32666K->2272K(34304K)] 53198K->22803K(76288K), 0.0009110 secs] [Times: user=0.00 sys=0.00, real=0.00 secs] 
322.798: Total time for which application threads were stopped: 0.0011560 seconds, Stopping threads took: 0.0001750 seconds
322.876: Application time: 0.0778030 seconds
322.876: [GC [PSYoungGen: 33685K->1792K(33280K)] 54217K->22323K(75264K), 0.0007560 secs] [Times: user=0.01 sys=0.00, real=0.00 secs] 
322.877: Total time for which application threads were stopped: 0.0008910 seconds, Stopping threads took: 0.0000710 seconds
322.952: Application time: 0.0748580 seconds
322.952: [GC [PSYoungGen: 32982K->2880K(33792K)] 53513K->23411K(75776K), 0.0010960 secs] [Times: user=0.00 sys=0.00, real=0.00 secs] 
322.953: Total time for which application threads were stopped: 0.0012410 seconds, Stopping threads took: 0.0000730 seconds
323.028: Application time: 0.0754650 seconds
323.029: [GC [PSYoungGen: 33335K->1792K(33280K)] 53867K->22471K(75264K), 0.0008040 secs] [Times: user=0.00 sys=0.00, real=0.00 secs] 
323.029: Total time for which application threads were stopped: 0.0009350 seconds, Stopping threads took: 0.0000660 seconds
323.101: Application time: 0.0716690 seconds
323.101: [GC [PSYoungGen: 31793K->2816K(33792K)] 52473K->23536K(75776K), 0.0011400 secs] [Times: user=0.01 sys=0.00, real=0.00 secs] 
323.102: Total time for which application threads were stopped: 0.0013030 seconds, Stopping threads took: 0.0000910 seconds
323.176: Application time: 0.0741040 seconds
323.177: [GC [PSYoungGen: 32674K->2304K(39936K)] 53394K->23104K(81920K), 0.0007870 secs] [Times: user=0.00 sys=0.00, real=0.00 secs] 
323.177: Total time for which application threads were stopped: 0.0009290 seconds, Stopping threads took: 0.0000730 seconds
323.265: Application time: 0.0874230 seconds
323.265: [GC [PSYoungGen: 38416K->2304K(39936K)] 59216K->23104K(81920K), 0.0008640 secs] [Times: user=0.00 sys=0.00, real=0.00 secs] 
323.266: Total time for which application threads were stopped: 0.0010130 seconds, Stopping threads took: 0.0000690 seconds
323.354: Application time: 0.0879130 seconds
323.354: [GC [PSYoungGen: 38337K->2304K(38400K)] 59137K->23160K(80384K), 0.0007780 secs] [Times: user=0.00 sys=0.00, real=0.00 secs] 
323.355: Total time for which application threads were stopped: 0.0009180 seconds, Stopping threads took: 0.0000690 seconds
323.440: Application time: 0.0855170 seconds
323.440: [GC [PSYoungGen: 37823K->2304K(37888K)] 58679K->23160K(79872K), 0.0008570 secs] [Times: user=0.01 sys=0.00, real=0.00 secs] 
323.441: Total time for which application threads were stopped: 0.0009940 seconds, Stopping threads took: 0.0000650 seconds
323.527: Application time: 0.0857300 seconds
323.527: [GC [PSYoungGen: 37313K->1280K(36352K)] 58169K->22136K(78336K), 0.0005530 secs] [Times: user=0.01 sys=0.00, real=0.00 secs] 
323.528: Total time for which application threads were stopped: 0.0006770 seconds, Stopping threads took: 0.0000600 seconds
323.611: Application time: 0.0833930 seconds
323.611: [GC [PSYoungGen: 36082K->1824K(36352K)] 56938K->22680K(78336K), 0.0008040 secs] [Times: user=0.01 sys=0.00, real=0.00 secs] 
323.612: Total time for which application threads were stopped: 0.0009380 seconds, Stopping threads took: 0.0000600 seconds
323.694: Application time: 0.0818440 seconds
323.694: [GC [PSYoungGen: 35956K->2304K(36352K)] 56812K->23316K(78336K), 0.0009650 secs] [Times: user=0.01 sys=0.00, real=0.01 secs] 
323.695: Total time for which application threads were stopped: 0.0011020 seconds, Stopping threads took: 0.0000610 seconds
323.776: Application time: 0.0813060 seconds
323.776: [GC [PSYoungGen: 35850K->1280K(34816K)] 56862K->22388K(76800K), 0.0007180 secs] [Times: user=0.00 sys=0.00, real=0.00 secs] 
323.777: Total time for which application threads were stopped: 0.0008600 seconds, Stopping threads took: 0.0000710 seconds
323.856: Application time: 0.0788320 seconds
323.856: [GC [PSYoungGen: 34215K->2816K(35840K)] 55323K->23972K(77824K), 0.0010900 secs] [Times: user=0.01 sys=0.00, real=0.00 secs] 
323.857: Total time for which application threads were stopped: 0.0012320 seconds, Stopping threads took: 0.0000710 seconds
323.936: Application time: 0.0792310 seconds
323.936: [GC [PSYoungGen: 35331K->2304K(38912K)] 56487K->23460K(80896K), 0.0009200 secs] [Times: user=0.01 sys=0.00, real=0.00 secs] 
323.937: Total time for which application threads were stopped: 0.0010530 seconds, Stopping threads took: 0.0000620 seconds
324.022: Application time: 0.0847580 seconds
324.022: [GC [PSYoungGen: 37309K->2304K(37376K)] 58466K->23508K(79360K), 0.0008020 secs] [Times: user=0.00 sys=0.00, real=0.00 secs] 
324.023: Total time for which application threads were stopped: 0.0009430 seconds, Stopping threads took: 0.0000670 seconds
324.106: Application time: 0.0824010 seconds
324.106: [GC [PSYoungGen: 36791K->3328K(41984K)] 57996K->24532K(83968K), 0.0012380 secs] [Times: user=0.01 sys=0.00, real=0.01 secs] 
324.107: Total time for which application threads were stopped: 0.0014250 seconds, Stopping threads took: 0.0001120 seconds
324.200: Application time: 0.0929860 seconds
324.200: [GC [PSYoungGen: 41494K->3776K(45568K)] 62698K->24980K(87552K), 0.0012430 secs] [Times: user=0.01 sys=0.00, real=0.00 secs] 
324.201: Total time for which application threads were stopped: 0.0013950 seconds, Stopping threads took: 0.0000720 seconds
324.302: Application time: 0.1008850 seconds
324.302: [GC [PSYoungGen: 44759K->1280K(46080K)] 65963K->22532K(88064K), 0.0006620 secs] [Times: user=0.00 sys=0.01, real=0.00 secs] 
324.303: Total time for which application threads were stopped: 0.0008000 seconds, Stopping threads took: 0.0000670 seconds
324.402: Application time: 0.0988180 seconds
324.402: [GC [PSYoungGen: 42532K->1792K(42496K)] 63785K->23204K(84480K), 0.0006830 secs] [Times: user=0.01 sys=0.00, real=0.00 secs] 
324.403: Total time for which application threads were stopped: 0.0008110 seconds, Stopping threads took: 0.0000590 seconds
324.498: Application time: 0.0956040 seconds
324.498: [GC [PSYoungGen: 42090K->2832K(42496K)] 63502K->24292K(84480K), 0.0010850 secs] [Times: user=0.00 sys=0.01, real=0.00 secs] 
324.499: Total time for which application threads were stopped: 0.0012340 seconds, Stopping threads took: 0.0000760 seconds
324.597: Application time: 0.0977360 seconds
324.597: [GC [PSYoungGen: 41958K->768K(39424K)] 63419K->22316K(81408K), 0.0005310 secs] [Times: user=0.01 sys=0.00, real=0.00 secs] 
324.598: Total time for which application threads were stopped: 0.0006630 seconds, Stopping threads took: 0.0000730 seconds
324.690: Application time: 0.0917000 seconds
324.690: [GC [PSYoungGen: 38856K->1280K(41984K)] 60404K->22828K(83968K), 0.0005900 secs] [Times: user=0.00 sys=0.00, real=0.00 secs] 
324.690: Total time for which application threads were stopped: 0.0007290 seconds, Stopping threads took: 0.0000740 seconds
324.778: Application time: 0.0877270 seconds
324.778: [GC [PSYoungGen: 38337K->2304K(39424K)] 59886K->23852K(81408K), 0.0009530 secs] [Times: user=0.01 sys=0.00, real=0.00 secs] 
324.779: Total time for which application threads were stopped: 0.0010990 seconds, Stopping threads took: 0.0000770 seconds
324.868: Application time: 0.0883930 seconds
324.868: [GC [PSYoungGen: 39008K->2304K(38912K)] 60557K->23852K(80896K), 0.0010080 secs] [Times: user=0.00 sys=0.00, real=0.00 secs] 
324.869: Total time for which application threads were stopped: 0.0011550 seconds, Stopping threads took: 0.0000680 seconds
324.956: Application time: 0.0873620 seconds
324.956: [GC [PSYoungGen: 38650K->1824K(37888K)] 60199K->23460K(79872K), 0.0008300 secs] [Times: user=0.01 sys=0.00, real=0.00 secs] 
324.957: Total time for which application threads were stopped: 0.0010170 seconds, Stopping threads took: 0.0001210 seconds
325.042: Application time: 0.0851050 seconds
325.042: [GC [PSYoungGen: 37343K->2304K(37888K)] 58980K->24088K(79872K), 0.0010340 secs] [Times: user=0.00 sys=0.00, real=0.00 secs] 
325.043: Total time for which application threads were stopped: 0.0011840 seconds, Stopping threads took: 0.0000790 seconds
325.128: Application time: 0.0845070 seconds
325.128: [GC [PSYoungGen: 37468K->1792K(36864K)] 59253K->23576K(78848K), 0.0008510 secs] [Times: user=0.00 sys=0.00, real=0.00 secs] 
325.129: Total time for which application threads were stopped: 0.0010870 seconds, Stopping threads took: 0.0001690 seconds
325.214: Application time: 0.0846610 seconds
325.214: [GC [PSYoungGen: 36283K->1760K(36352K)] 58068K->23620K(78336K), 0.0008480 secs] [Times: user=0.00 sys=0.00, real=0.00 secs] 
325.215: Total time for which application threads were stopped: 0.0009830 seconds, Stopping threads took: 0.0000680 seconds
325.297: Application time: 0.0828300 seconds
325.298: [GC [PSYoungGen: 35737K->1792K(36352K)] 57598K->23652K(78336K), 0.0007840 secs] [Times: user=0.00 sys=0.00, real=0.00 secs] 
325.298: Total time for which application threads were stopped: 0.0009340 seconds, Stopping threads took: 0.0000790 seconds
325.381: Application time: 0.0830020 seconds
325.381: [GC [PSYoungGen: 35259K->736K(34304K)] 57120K->22596K(76288K), 0.0005090 secs] [Times: user=0.01 sys=0.00, real=0.00 secs] 
325.382: Total time for which application threads were stopped: 0.0006450 seconds, Stopping threads took: 0.0000680 seconds
325.461: Application time: 0.0789800 seconds
325.461: [GC [PSYoungGen: 33753K->2272K(35840K)] 55614K->24132K(77824K), 0.0009370 secs] [Times: user=0.00 sys=0.00, real=0.00 secs] 
325.462: Total time for which application threads were stopped: 0.0010660 seconds, Stopping threads took: 0.0000620 seconds
325.542: Application time: 0.0797340 seconds
325.542: [GC [PSYoungGen: 34787K->1792K(34304K)] 56648K->23700K(76288K), 0.0007750 secs] [Times: user=0.00 sys=0.00, real=0.00 secs] 
325.543: Total time for which application threads were stopped: 0.0009030 seconds, Stopping threads took: 0.0000630 seconds
325.618: Application time: 0.0754540 seconds
325.618: [GC [PSYoungGen: 33929K->3392K(35328K)] 55838K->25853K(77312K), 0.0014960 secs] [Times: user=0.01 sys=0.00, real=0.00 secs] 
325.620: Total time for which application threads were stopped: 0.0016420 seconds, Stopping threads took: 0.0000650 seconds
325.698: Application time: 0.0781700 seconds
325.698: [GC [PSYoungGen: 34883K->2304K(35840K)] 57344K->24873K(77824K), 0.0009690 secs] [Times: user=0.00 sys=0.00, real=0.00 secs] 
325.699: Total time for which application threads were stopped: 0.0011180 seconds, Stopping threads took: 0.0000780 seconds
325.775: Application time: 0.0763320 seconds
325.776: [GC [PSYoungGen: 33855K->2816K(42496K)] 56424K->25425K(84480K), 0.0009560 secs] [Times: user=0.00 sys=0.00, real=0.00 secs] 
325.777: Total time for which application threads were stopped: 0.0011440 seconds, Stopping threads took: 0.0001200 seconds
325.871: Application time: 0.0948600 seconds
325.872: [GC [PSYoungGen: 40916K->736K(38400K)] 63525K->23425K(80384K), 0.0004630 secs] [Times: user=0.00 sys=0.00, real=0.00 secs] 
325.872: Total time for which application threads were stopped: 0.0005920 seconds, Stopping threads took: 0.0000630 seconds
325.960: Application time: 0.0881640 seconds
325.960: [GC [PSYoungGen: 37791K->2304K(40448K)] 60481K->24993K(82432K), 0.0008350 secs] [Times: user=0.01 sys=0.00, real=0.00 secs] 
325.961: Total time for which application threads were stopped: 0.0010090 seconds, Stopping threads took: 0.0000880 seconds
326.050: Application time: 0.0890040 seconds
326.050: [GC [PSYoungGen: 38849K->2304K(38912K)] 61539K->24993K(80896K), 0.0009520 secs] [Times: user=0.00 sys=0.00, real=0.00 secs] 
326.051: Total time for which application threads were stopped: 0.0011610 seconds, Stopping threads took: 0.0001400 seconds
326.140: Application time: 0.0886980 seconds
326.140: [GC [PSYoungGen: 38418K->2304K(39424K)] 61107K->24993K(81408K), 0.0008790 secs] [Times: user=0.01 sys=0.00, real=0.00 secs] 
326.141: Total time for which application threads were stopped: 0.0010040 seconds, Stopping threads took: 0.0000550 seconds
326.227: Application time: 0.0857750 seconds
326.227: [GC [PSYoungGen: 38134K->2912K(39936K)] 60823K->25649K(81920K), 0.0011970 secs] [Times: user=0.01 sys=0.00, real=0.00 secs] 
326.229: Total time for which application threads were stopped: 0.0017530 seconds, Stopping threads took: 0.0000680 seconds
326.315: Application time: 0.0863120 seconds
326.315: [GC [PSYoungGen: 38512K->2304K(47104K)] 61249K->25197K(89088K), 0.0008450 secs] [Times: user=0.01 sys=0.00, real=0.00 secs] 
326.316: Total time for which application threads were stopped: 0.0010740 seconds, Stopping threads took: 0.0001580 seconds
326.420: Application time: 0.1043260 seconds
326.420: [GC [PSYoungGen: 45178K->1792K(44032K)] 68072K->24741K(86016K), 0.0007360 secs] [Times: user=0.01 sys=0.00, real=0.00 secs] 
326.421: Total time for which application threads were stopped: 0.0008730 seconds, Stopping threads took: 0.0000690 seconds
326.522: Application time: 0.1010650 seconds
326.522: [GC [PSYoungGen: 43480K->1280K(43520K)] 66429K->24309K(85504K), 0.0007360 secs] [Times: user=0.00 sys=0.00, real=0.00 secs] 
326.523: Total time for which application threads were stopped: 0.0009560 seconds, Stopping threads took: 0.0001470 seconds
326.623: Application time: 0.0999010 seconds
326.623: [GC [PSYoungGen: 41938K->2304K(42496K)] 64967K->25333K(84480K), 0.0009320 secs] [Times: user=0.01 sys=0.00, real=0.00 secs] 
326.624: Total time for which application threads were stopped: 0.0010700 seconds, Stopping threads took: 0.0000690 seconds
326.721: Application time: 0.0968000 seconds
326.723: [GC [PSYoungGen: 41938K->1248K(41472K)] 64967K->24277K(83456K), 0.0006360 secs] [Times: user=0.01 sys=0.00, real=0.00 secs] 
326.723: Total time for which application threads were stopped: 0.0024180 seconds, Stopping threads took: 0.0017210 seconds
326.817: Application time: 0.0933130 seconds
326.817: [GC [PSYoungGen: 39928K->2304K(40448K)] 62957K->25333K(82432K), 0.0009360 secs] [Times: user=0.00 sys=0.00, real=0.00 secs] 
326.818: Total time for which application threads were stopped: 0.0010710 seconds, Stopping threads took: 0.0000700 seconds
326.910: Application time: 0.0917400 seconds
326.910: [GC [PSYoungGen: 40191K->2880K(40448K)] 63220K->25941K(82432K), 0.0010950 secs] [Times: user=0.01 sys=0.00, real=0.00 secs] 
326.911: Total time for which application threads were stopped: 0.0012500 seconds, Stopping threads took: 0.0000820 seconds
326.999: Application time: 0.0885340 seconds
326.999: [GC [PSYoungGen: 39586K->2320K(38912K)] 62647K->25533K(80896K), 0.0010370 secs] [Times: user=0.00 sys=0.00, real=0.00 secs] 
327.001: Total time for which application threads were stopped: 0.0011910 seconds, Stopping threads took: 0.0000820 seconds
327.090: Application time: 0.0892090 seconds
327.090: [GC [PSYoungGen: 38436K->1280K(38912K)] 61650K->24573K(80896K), 0.0006460 secs] [Times: user=0.00 sys=0.00, real=0.00 secs] 
327.091: Total time for which application threads were stopped: 0.0007930 seconds, Stopping threads took: 0.0000740 seconds
327.176: Application time: 0.0854610 seconds
327.176: [GC [PSYoungGen: 36795K->1792K(37376K)] 60089K->25141K(79360K), 0.0007820 secs] [Times: user=0.00 sys=0.00, real=0.00 secs] 
327.177: Total time for which application threads were stopped: 0.0009550 seconds, Stopping threads took: 0.0001040 seconds
327.263: Application time: 0.0860420 seconds
327.263: [GC [PSYoungGen: 36801K->1248K(37888K)] 60151K->24597K(79872K), 0.0006150 secs] [Times: user=0.00 sys=0.00, real=0.00 secs] 
327.264: Total time for which application threads were stopped: 0.0007380 seconds, Stopping threads took: 0.0000600 seconds
327.346: Application time: 0.0825810 seconds
327.346: [GC [PSYoungGen: 35737K->1760K(36352K)] 59087K->25109K(78336K), 0.0007300 secs] [Times: user=0.01 sys=0.00, real=0.01 secs] 
327.347: Total time for which application threads were stopped: 0.0008660 seconds, Stopping threads took: 0.0000690 seconds
327.428: Application time: 0.0811560 seconds
327.428: [GC [PSYoungGen: 35812K->2816K(36864K)] 59161K->26165K(78848K), 0.0011200 secs] [Times: user=0.00 sys=0.00, real=0.00 secs] 
327.430: Total time for which application threads were stopped: 0.0012880 seconds, Stopping threads took: 0.0000930 seconds
327.512: Application time: 0.0823460 seconds
327.512: [GC [PSYoungGen: 36438K->2304K(35840K)] 59787K->25701K(77824K), 0.0009870 secs] [Times: user=0.01 sys=0.00, real=0.00 secs] 
327.513: Total time for which application threads were stopped: 0.0011240 seconds, Stopping threads took: 0.0000670 seconds
327.594: Application time: 0.0803860 seconds
327.594: [GC [PSYoungGen: 35410K->2304K(36864K)] 58807K->25781K(78848K), 0.0009550 secs] [Times: user=0.01 sys=0.00, real=0.00 secs] 
327.595: Total time for which application threads were stopped: 0.0011820 seconds, Stopping threads took: 0.0001390 seconds
327.675: Application time: 0.0805150 seconds
327.675: [GC [PSYoungGen: 35405K->2848K(36864K)] 58883K->26409K(78848K), 0.0010970 secs] [Times: user=0.01 sys=0.00, real=0.00 secs] 
327.676: Total time for which application threads were stopped: 0.0012430 seconds, Stopping threads took: 0.0000750 seconds
327.758: Application time: 0.0811110 seconds
327.758: [GC [PSYoungGen: 35878K->2304K(43520K)] 59440K->25946K(85504K), 0.0008030 secs] [Times: user=0.01 sys=0.00, real=0.00 secs] 
327.759: Total time for which application threads were stopped: 0.0009550 seconds, Stopping threads took: 0.0000830 seconds
327.857: Application time: 0.0986430 seconds
327.857: [GC [PSYoungGen: 41940K->1248K(40448K)] 65582K->24946K(82432K), 0.0006120 secs] [Times: user=0.00 sys=0.00, real=0.00 secs] 
327.858: Total time for which application threads were stopped: 0.0007480 seconds, Stopping threads took: 0.0000750 seconds
327.951: Application time: 0.0928280 seconds
327.951: [GC [PSYoungGen: 39848K->2304K(40448K)] 63546K->26002K(82432K), 0.0008640 secs] [Times: user=0.01 sys=0.00, real=0.00 secs] 
327.952: Total time for which application threads were stopped: 0.0010010 seconds, Stopping threads took: 0.0000660 seconds
328.044: Application time: 0.0919380 seconds
328.044: [GC [PSYoungGen: 39958K->2304K(39424K)] 63656K->26002K(81408K), 0.0009700 secs] [Times: user=0.01 sys=0.00, real=0.00 secs] 
328.045: Total time for which application threads were stopped: 0.0011080 seconds, Stopping threads took: 0.0000680 seconds
328.134: Application time: 0.0890830 seconds
328.134: [GC [PSYoungGen: 38928K->2816K(39424K)] 62626K->26562K(81408K), 0.0010660 secs] [Times: user=0.01 sys=0.00, real=0.01 secs] 
328.135: Total time for which application threads were stopped: 0.0012060 seconds, Stopping threads took: 0.0000590 seconds
328.224: Application time: 0.0889970 seconds
328.224: [GC [PSYoungGen: 39088K->1808K(37888K)] 62834K->25602K(79872K), 0.0008070 secs] [Times: user=0.01 sys=0.00, real=0.00 secs] 
328.225: Total time for which application threads were stopped: 0.0009480 seconds, Stopping threads took: 0.0000690 seconds
328.312: Application time: 0.0870610 seconds
328.312: [GC [PSYoungGen: 37486K->1280K(38400K)] 61280K->25190K(80384K), 0.0006570 secs] [Times: user=0.00 sys=0.00, real=0.00 secs] 
328.313: Total time for which application threads were stopped: 0.0008060 seconds, Stopping threads took: 0.0000850 seconds
328.397: Application time: 0.0839640 seconds
328.397: [GC [PSYoungGen: 36361K->1792K(36864K)] 60271K->25790K(78848K), 0.0008010 secs] [Times: user=0.00 sys=0.00, real=0.00 secs] 
328.398: Total time for which application threads were stopped: 0.0009600 seconds, Stopping threads took: 0.0000840 seconds
328.481: Application time: 0.0833240 seconds
328.481: [GC [PSYoungGen: 36281K->2304K(37376K)] 60279K->26358K(79360K), 0.0009550 secs] [Times: user=0.00 sys=0.00, real=0.00 secs] 
328.482: Total time for which application threads were stopped: 0.0010940 seconds, Stopping threads took: 0.0000660 seconds
328.566: Application time: 0.0832510 seconds
328.566: [GC [PSYoungGen: 36283K->1792K(35840K)] 60338K->25846K(77824K), 0.0007540 secs] [Times: user=0.00 sys=0.00, real=0.00 secs] 
328.566: Total time for which application threads were stopped: 0.0008870 seconds, Stopping threads took: 0.0000680 seconds
328.649: Application time: 0.0825420 seconds
328.649: [GC [PSYoungGen: 35255K->1792K(36352K)] 59309K->25846K(78336K), 0.0008350 secs] [Times: user=0.01 sys=0.00, real=0.00 secs] 
328.650: Total time for which application threads were stopped: 0.0009810 seconds, Stopping threads took: 0.0000680 seconds
328.730: Application time: 0.0800600 seconds
328.730: [GC [PSYoungGen: 34815K->2304K(35328K)] 58870K->26358K(77312K), 0.0009560 secs] [Times: user=0.00 sys=0.00, real=0.00 secs] 
328.731: Total time for which application threads were stopped: 0.0010970 seconds, Stopping threads took: 0.0000720 seconds
328.811: Application time: 0.0802440 seconds
328.811: [GC [PSYoungGen: 34819K->1792K(35328K)] 58873K->25902K(77312K), 0.0007740 secs] [Times: user=0.01 sys=0.00, real=0.00 secs] 
328.812: Total time for which application threads were stopped: 0.0009080 seconds, Stopping threads took: 0.0000680 seconds
328.888: Application time: 0.0760040 seconds
328.888: [GC [PSYoungGen: 34014K->2896K(35840K)] 58124K->27038K(77824K), 0.0011380 secs] [Times: user=0.01 sys=0.00, real=0.00 secs] 
328.890: Total time for which application threads were stopped: 0.0012880 seconds, Stopping threads took: 0.0000770 seconds
328.970: Application time: 0.0800950 seconds
328.970: [GC [PSYoungGen: 34899K->1792K(33792K)] 59042K->26090K(75776K), 0.0006940 secs] [Times: user=0.00 sys=0.00, real=0.00 secs] 
328.970: Total time for which application threads were stopped: 0.0008290 seconds, Stopping threads took: 0.0000690 seconds
329.047: Application time: 0.0764060 seconds
329.047: [GC [PSYoungGen: 33267K->2304K(40960K)] 57565K->26650K(82944K), 0.0009180 secs] [Times: user=0.01 sys=0.00, real=0.00 secs] 
329.048: Total time for which application threads were stopped: 0.0010470 seconds, Stopping threads took: 0.0000580 seconds
329.139: Application time: 0.0913270 seconds
329.139: [GC [PSYoungGen: 39366K->2304K(39424K)] 63712K->26706K(81408K), 0.0008760 secs] [Times: user=0.00 sys=0.00, real=0.00 secs] 
329.140: Total time for which application threads were stopped: 0.0010210 seconds, Stopping threads took: 0.0000750 seconds
329.230: Application time: 0.0895720 seconds
329.230: [GC [PSYoungGen: 38854K->1792K(38400K)] 63256K->26194K(80384K), 0.0007740 secs] [Times: user=0.00 sys=0.01, real=0.00 secs] 
329.231: Total time for which application threads were stopped: 0.0009230 seconds, Stopping threads took: 0.0000680 seconds
329.320: Application time: 0.0894440 seconds
329.320: [GC [PSYoungGen: 37830K->736K(38912K)] 62232K->25138K(80896K), 0.0006490 secs] [Times: user=0.00 sys=0.00, real=0.00 secs] 
329.321: Total time for which application threads were stopped: 0.0007650 seconds, Stopping threads took: 0.0000530 seconds
329.406: Application time: 0.0851550 seconds
329.406: [GC [PSYoungGen: 36329K->1792K(37376K)] 60732K->26194K(79360K), 0.0007630 secs] [Times: user=0.01 sys=0.00, real=0.01 secs] 
329.407: Total time for which application threads were stopped: 0.0009000 seconds, Stopping threads took: 0.0000640 seconds
329.490: Application time: 0.0834260 seconds
329.491: [GC [PSYoungGen: 37024K->3392K(38912K)] 61426K->28362K(80896K), 0.0014020 secs] [Times: user=0.00 sys=0.00, real=0.00 secs] 
329.492: Total time for which application threads were stopped: 0.0015440 seconds, Stopping threads took: 0.0000650 seconds
329.581: Application time: 0.0886500 seconds
329.581: [GC [PSYoungGen: 38564K->1280K(36352K)] 63535K->26362K(78336K), 0.0006720 secs] [Times: user=0.01 sys=0.00, real=0.00 secs] 
329.581: Total time for which application threads were stopped: 0.0008320 seconds, Stopping threads took: 0.0000930 seconds
329.664: Application time: 0.0826990 seconds
329.664: [GC [PSYoungGen: 35926K->1792K(37376K)] 61008K->26958K(79360K), 0.0008790 secs] [Times: user=0.00 sys=0.00, real=0.00 secs] 
329.665: Total time for which application threads were stopped: 0.0010160 seconds, Stopping threads took: 0.0000710 seconds
329.747: Application time: 0.0819620 seconds
329.747: [GC [PSYoungGen: 35765K->2304K(36352K)] 60932K->27546K(78336K), 0.0009580 secs] [Times: user=0.01 sys=0.00, real=0.00 secs] 
329.748: Total time for which application threads were stopped: 0.0011230 seconds, Stopping threads took: 0.0000890 seconds
329.832: Application time: 0.0833740 seconds
329.832: [GC [PSYoungGen: 35773K->1248K(36352K)] 61016K->26490K(78336K), 0.0006010 secs] [Times: user=0.00 sys=0.00, real=0.00 secs] 
329.832: Total time for which application threads were stopped: 0.0007280 seconds, Stopping threads took: 0.0000650 seconds
329.912: Application time: 0.0793300 seconds
329.912: [GC [PSYoungGen: 34189K->1760K(34816K)] 59432K->27002K(76800K), 0.0007570 secs] [Times: user=0.00 sys=0.00, real=0.00 secs] 
329.913: Total time for which application threads were stopped: 0.0009150 seconds, Stopping threads took: 0.0000920 seconds
329.991: Application time: 0.0785170 seconds
329.991: [GC [PSYoungGen: 34275K->1792K(35328K)] 59518K->27034K(77312K), 0.0007750 secs] [Times: user=0.00 sys=0.00, real=0.00 secs] 
329.992: Total time for which application threads were stopped: 0.0009120 seconds, Stopping threads took: 0.0000710 seconds
330.071: Application time: 0.0794040 seconds
330.072: [GC [PSYoungGen: 33787K->1792K(33792K)] 59030K->27090K(75776K), 0.0008390 secs] [Times: user=0.00 sys=0.00, real=0.00 secs] 
330.072: Total time for which application threads were stopped: 0.0009650 seconds, Stopping threads took: 0.0000600 seconds
330.149: Application time: 0.0762580 seconds
330.149: [GC [PSYoungGen: 33341K->2816K(34304K)] 58640K->28154K(76288K), 0.0011210 secs] [Times: user=0.00 sys=0.00, real=0.00 secs] 
330.150: Total time for which application threads were stopped: 0.0012660 seconds, Stopping threads took: 0.0000700 seconds
330.226: Application time: 0.0755700 seconds
330.226: [GC [PSYoungGen: 33865K->1792K(34816K)] 59204K->27219K(76800K), 0.0008000 secs] [Times: user=0.00 sys=0.00, real=0.00 secs] 
330.227: Total time for which application threads were stopped: 0.0009350 seconds, Stopping threads took: 0.0000660 seconds
330.301: Application time: 0.0746380 seconds
330.301: [GC [PSYoungGen: 32751K->2304K(41472K)] 58178K->27811K(83456K), 0.0007920 secs] [Times: user=0.00 sys=0.00, real=0.00 secs] 
330.302: Total time for which application threads were stopped: 0.0009460 seconds, Stopping threads took: 0.0000740 seconds
330.393: Application time: 0.0909540 seconds
330.393: [GC [PSYoungGen: 39956K->2816K(41472K)] 65463K->28371K(83456K), 0.0009600 secs] [Times: user=0.01 sys=0.00, real=0.00 secs] 
330.394: Total time for which application threads were stopped: 0.0011170 seconds, Stopping threads took: 0.0000840 seconds
330.487: Application time: 0.0924630 seconds
330.487: [GC [PSYoungGen: 40394K->2304K(39424K)] 65949K->27915K(81408K), 0.0007870 secs] [Times: user=0.00 sys=0.00, real=0.00 secs] 
330.488: Total time for which application threads were stopped: 0.0009890 seconds, Stopping threads took: 0.0001320 seconds
330.577: Application time: 0.0891860 seconds
330.577: [GC [PSYoungGen: 38854K->1792K(38400K)] 64465K->27403K(80384K), 0.0007210 secs] [Times: user=0.00 sys=0.00, real=0.00 secs] 
330.578: Total time for which application threads were stopped: 0.0008580 seconds, Stopping threads took: 0.0000720 seconds
330.666: Application time: 0.0886840 seconds
330.666: [GC [PSYoungGen: 37901K->2304K(38400K)] 63512K->27915K(80384K), 0.0008140 secs] [Times: user=0.00 sys=0.01, real=0.01 secs] 
330.667: Total time for which application threads were stopped: 0.0009540 seconds, Stopping threads took: 0.0000640 seconds
330.753: Application time: 0.0859730 seconds
330.753: [GC [PSYoungGen: 37904K->1792K(37376K)] 63515K->27443K(79360K), 0.0008060 secs] [Times: user=0.01 sys=0.00, real=0.00 secs] 
330.754: Total time for which application threads were stopped: 0.0009550 seconds, Stopping threads took: 0.0000820 seconds
330.839: Application time: 0.0851120 seconds
330.839: [GC [PSYoungGen: 37108K->2400K(37376K)] 62759K->28107K(79360K), 0.0009830 secs] [Times: user=0.01 sys=0.00, real=0.00 secs] 
330.840: Total time for which application threads were stopped: 0.0011340 seconds, Stopping threads took: 0.0000680 seconds
330.926: Application time: 0.0859760 seconds
330.927: [GC [PSYoungGen: 36970K->2304K(36864K)] 62677K->28159K(78848K), 0.0010050 secs] [Times: user=0.00 sys=0.01, real=0.01 secs] 
330.928: Total time for which application threads were stopped: 0.0011420 seconds, Stopping threads took: 0.0000660 seconds
331.012: Application time: 0.0840720 seconds
331.012: [GC [PSYoungGen: 36363K->1280K(35328K)] 62219K->27199K(77312K), 0.0006370 secs] [Times: user=0.00 sys=0.00, real=0.00 secs] 
331.012: Total time for which application threads were stopped: 0.0007660 seconds, Stopping threads took: 0.0000680 seconds
331.093: Application time: 0.0804350 seconds
331.093: [GC [PSYoungGen: 34741K->1792K(35328K)] 60660K->27759K(77312K), 0.0007810 secs] [Times: user=0.00 sys=0.00, real=0.00 secs] 
331.094: Total time for which application threads were stopped: 0.0009650 seconds, Stopping threads took: 0.0001170 seconds
331.177: Application time: 0.0833520 seconds
331.179: [GC [PSYoungGen: 34743K->704K(33792K)] 60710K->26671K(75776K), 0.0006340 secs] [Times: user=0.00 sys=0.00, real=0.00 secs] 
331.179: Total time for which application threads were stopped: 0.0022650 seconds, Stopping threads took: 0.0015530 seconds
331.257: Application time: 0.0778290 seconds
331.257: [GC [PSYoungGen: 33124K->2304K(34816K)] 59092K->28271K(76800K), 0.0009410 secs] [Times: user=0.01 sys=0.00, real=0.00 secs] 
331.258: Total time for which application threads were stopped: 0.0010680 seconds, Stopping threads took: 0.0000600 seconds
331.337: Application time: 0.0785900 seconds
331.337: [GC [PSYoungGen: 34382K->1760K(34816K)] 60349K->27727K(76800K), 0.0007770 secs] [Times: user=0.00 sys=0.00, real=0.00 secs] 
331.338: Total time for which application threads were stopped: 0.0009110 seconds, Stopping threads took: 0.0000690 seconds
331.415: Application time: 0.0768600 seconds
331.415: [GC [PSYoungGen: 33165K->1280K(32768K)] 59132K->27327K(74752K), 0.0007080 secs] [Times: user=0.00 sys=0.00, real=0.00 secs] 
331.416: Total time for which application threads were stopped: 0.0008350 seconds, Stopping threads took: 0.0000560 seconds
331.489: Application time: 0.0732980 seconds
331.489: [GC [PSYoungGen: 32395K->1792K(32768K)] 58442K->27839K(74752K), 0.0008530 secs] [Times: user=0.01 sys=0.00, real=0.00 secs] 
331.490: Total time for which application threads were stopped: 0.0010830 seconds, Stopping threads took: 0.0001630 seconds
331.564: Application time: 0.0737170 seconds
331.564: [GC [PSYoungGen: 32232K->2816K(33792K)] 58279K->28971K(75776K), 0.0011230 secs] [Times: user=0.01 sys=0.00, real=0.00 secs] 
331.565: Total time for which application threads were stopped: 0.0012740 seconds, Stopping threads took: 0.0000760 seconds
331.641: Application time: 0.0762740 seconds
331.641: [GC [PSYoungGen: 33349K->1792K(32256K)] 59505K->28003K(74240K), 0.0007090 secs] [Times: user=0.01 sys=0.00, real=0.00 secs] 
331.642: Total time for which application threads were stopped: 0.0008510 seconds, Stopping threads took: 0.0000740 seconds
331.715: Application time: 0.0729500 seconds
331.715: [GC [PSYoungGen: 31648K->1248K(31232K)] 57860K->27547K(73216K), 0.0007060 secs] [Times: user=0.00 sys=0.00, real=0.00 secs] 
331.716: Total time for which application threads were stopped: 0.0008390 seconds, Stopping threads took: 0.0000700 seconds
331.786: Application time: 0.0701040 seconds
331.786: [GC [PSYoungGen: 30578K->2304K(31744K)] 56877K->28603K(73728K), 0.0007940 secs] [Times: user=0.01 sys=0.00, real=0.01 secs] 
331.787: Total time for which application threads were stopped: 0.0009380 seconds, Stopping threads took: 0.0000720 seconds
331.857: Application time: 0.0703290 seconds
331.857: [GC [PSYoungGen: 31124K->2304K(36352K)] 57423K->28603K(78336K), 0.0009020 secs] [Times: user=0.00 sys=0.00, real=0.00 secs] 
331.858: Total time for which application threads were stopped: 0.0010440 seconds, Stopping threads took: 0.0000720 seconds
331.938: Application time: 0.0794120 seconds
331.938: [GC [PSYoungGen: 34811K->2784K(38912K)] 61111K->29083K(80896K), 0.0009850 secs] [Times: user=0.00 sys=0.00, real=0.00 secs] 
331.939: Total time for which application threads were stopped: 0.0011470 seconds, Stopping threads took: 0.0000820 seconds
332.025: Application time: 0.0866010 seconds
332.026: [GC [PSYoungGen: 37876K->768K(35840K)] 64176K->27131K(77824K), 0.0004550 secs] [Times: user=0.00 sys=0.00, real=0.00 secs] 
332.026: Total time for which application threads were stopped: 0.0005830 seconds, Stopping threads took: 0.0000680 seconds
332.115: Application time: 0.0892230 seconds
332.115: [GC [PSYoungGen: 35485K->2336K(37376K)] 61849K->28747K(79360K), 0.0009600 secs] [Times: user=0.01 sys=0.00, real=0.00 secs] 
332.116: Total time for which application threads were stopped: 0.0010820 seconds, Stopping threads took: 0.0000540 seconds
332.197: Application time: 0.0810370 seconds
332.198: [GC [PSYoungGen: 36387K->3328K(37888K)] 62799K->29843K(79872K), 0.0012870 secs] [Times: user=0.01 sys=0.00, real=0.00 secs] 
332.199: Total time for which application threads were stopped: 0.0014370 seconds, Stopping threads took: 0.0000660 seconds
332.286: Application time: 0.0873950 seconds
332.286: [GC [PSYoungGen: 37470K->1280K(35328K)] 63986K->27843K(77312K), 0.0006480 secs] [Times: user=0.00 sys=0.01, real=0.01 secs] 
332.287: Total time for which application threads were stopped: 0.0007950 seconds, Stopping threads took: 0.0000790 seconds
332.367: Application time: 0.0803390 seconds
332.367: [GC [PSYoungGen: 34737K->2304K(43008K)] 61301K->28947K(84992K), 0.0009910 secs] [Times: user=0.01 sys=0.00, real=0.00 secs] 
332.369: Total time for which application threads were stopped: 0.0011440 seconds, Stopping threads took: 0.0000820 seconds
332.462: Application time: 0.0939530 seconds
332.463: [GC [PSYoungGen: 40908K->2304K(40448K)] 67552K->28947K(82432K), 0.0009050 secs] [Times: user=0.00 sys=0.00, real=0.00 secs] 
332.464: Total time for which application threads were stopped: 0.0010500 seconds, Stopping threads took: 0.0000650 seconds
332.555: Application time: 0.0912600 seconds
332.555: [GC [PSYoungGen: 39878K->2304K(39424K)] 66521K->28947K(81408K), 0.0009750 secs] [Times: user=0.01 sys=0.00, real=0.00 secs] 
332.556: Total time for which application threads were stopped: 0.0011840 seconds, Stopping threads took: 0.0001390 seconds
332.646: Application time: 0.0905240 seconds
332.647: [GC [PSYoungGen: 39012K->1792K(38400K)] 65656K->28435K(80384K), 0.0006940 secs] [Times: user=0.00 sys=0.00, real=0.01 secs] 
332.647: Total time for which application threads were stopped: 0.0008240 seconds, Stopping threads took: 0.0000640 seconds
332.734: Application time: 0.0862740 seconds
332.734: [GC [PSYoungGen: 37904K->1792K(37888K)] 64547K->28516K(79872K), 0.0007860 secs] [Times: user=0.01 sys=0.00, real=0.00 secs] 
332.735: Total time for which application threads were stopped: 0.0009200 seconds, Stopping threads took: 0.0000650 seconds
332.821: Application time: 0.0868640 seconds
332.821: [GC [PSYoungGen: 37466K->2304K(38400K)] 64190K->29068K(80384K), 0.0009780 secs] [Times: user=0.01 sys=0.00, real=0.00 secs] 
332.823: Total time for which application threads were stopped: 0.0011200 seconds, Stopping threads took: 0.0000700 seconds
332.906: Application time: 0.0835950 seconds
332.906: [GC [PSYoungGen: 37464K->2816K(38912K)] 64228K->29652K(80896K), 0.0011500 secs] [Times: user=0.00 sys=0.01, real=0.01 secs] 
332.907: Total time for which application threads were stopped: 0.0013210 seconds, Stopping threads took: 0.0000900 seconds
332.994: Application time: 0.0861580 seconds
332.994: [GC [PSYoungGen: 37902K->2304K(37376K)] 64738K->29224K(79360K), 0.0008310 secs] [Times: user=0.00 sys=0.00, real=0.00 secs] 
332.995: Total time for which application threads were stopped: 0.0009880 seconds, Stopping threads took: 0.0000740 seconds
333.078: Application time: 0.0837070 seconds
333.078: [GC [PSYoungGen: 36797K->1760K(36352K)] 63717K->28720K(78336K), 0.0007940 secs] [Times: user=0.00 sys=0.00, real=0.00 secs] 
333.079: Total time for which application threads were stopped: 0.0009380 seconds, Stopping threads took: 0.0000770 seconds
333.163: Application time: 0.0833670 seconds
333.163: [GC [PSYoungGen: 35737K->1760K(35840K)] 62697K->28720K(77824K), 0.0006740 secs] [Times: user=0.00 sys=0.00, real=0.00 secs] 
333.163: Total time for which application threads were stopped: 0.0008190 seconds, Stopping threads took: 0.0000760 seconds
333.245: Application time: 0.0820470 seconds
333.246: [GC [PSYoungGen: 35375K->2304K(35840K)] 62335K->29264K(77824K), 0.0009910 secs] [Times: user=0.00 sys=0.01, real=0.01 secs] 
333.247: Total time for which application threads were stopped: 0.0012970 seconds, Stopping threads took: 0.0002380 seconds
333.327: Application time: 0.0805440 seconds
333.331: [GC [PSYoungGen: 35253K->2304K(35328K)] 62213K->29336K(77312K), 0.0010140 secs] [Times: user=0.01 sys=0.00, real=0.00 secs] 
333.332: Total time for which application threads were stopped: 0.0045300 seconds, Stopping threads took: 0.0034430 seconds
333.412: Application time: 0.0806080 seconds
333.413: [GC [PSYoungGen: 34975K->1792K(34304K)] 62008K->28824K(76288K), 0.0008350 secs] [Times: user=0.00 sys=0.00, real=0.00 secs] 
333.413: Total time for which application threads were stopped: 0.0009750 seconds, Stopping threads took: 0.0000750 seconds
333.492: Application time: 0.0781290 seconds
333.492: [GC [PSYoungGen: 33717K->768K(32768K)] 60749K->27924K(74752K), 0.0005540 secs] [Times: user=0.01 sys=0.00, real=0.00 secs] 
333.492: Total time for which application threads were stopped: 0.0006850 seconds, Stopping threads took: 0.0000700 seconds
333.567: Application time: 0.0750920 seconds
333.567: [GC [PSYoungGen: 32232K->2816K(34304K)] 59388K->29972K(76288K), 0.0011080 secs] [Times: user=0.00 sys=0.00, real=0.00 secs] 
333.569: Total time for which application threads were stopped: 0.0012620 seconds, Stopping threads took: 0.0000720 seconds
333.647: Application time: 0.0780340 seconds
333.647: [GC [PSYoungGen: 33869K->1280K(33280K)] 61025K->28492K(75264K), 0.0006770 secs] [Times: user=0.00 sys=0.00, real=0.00 secs] 
333.647: Total time for which application threads were stopped: 0.0008410 seconds, Stopping threads took: 0.0001010 seconds
333.718: Application time: 0.0709160 seconds
333.719: [GC [PSYoungGen: 31636K->2816K(34304K)] 58848K->30100K(76288K), 0.0011300 secs] [Times: user=0.01 sys=0.00, real=0.00 secs] 
333.720: Total time for which application threads were stopped: 0.0012840 seconds, Stopping threads took: 0.0000780 seconds
333.795: Application time: 0.0754910 seconds
333.795: [GC [PSYoungGen: 33193K->1280K(31744K)] 60477K->28564K(73728K), 0.0005520 secs] [Times: user=0.01 sys=0.00, real=0.00 secs] 
333.796: Total time for which application threads were stopped: 0.0006940 seconds, Stopping threads took: 0.0000770 seconds
333.868: Application time: 0.0721520 seconds
333.868: [GC [PSYoungGen: 31204K->2816K(38400K)] 58488K->30100K(80384K), 0.0011380 secs] [Times: user=0.01 sys=0.00, real=0.00 secs] 
333.869: Total time for which application threads were stopped: 0.0012930 seconds, Stopping threads took: 0.0000830 seconds
333.953: Application time: 0.0836710 seconds
333.953: [GC [PSYoungGen: 36876K->1792K(40448K)] 64160K->29124K(82432K), 0.0007440 secs] [Times: user=0.00 sys=0.00, real=0.00 secs] 
333.954: Total time for which application threads were stopped: 0.0008770 seconds, Stopping threads took: 0.0000690 seconds
334.040: Application time: 0.0859380 seconds
334.040: [GC [PSYoungGen: 37901K->2304K(40448K)] 65234K->29684K(82432K), 0.0008910 secs] [Times: user=0.00 sys=0.00, real=0.00 secs] 
334.041: Total time for which application threads were stopped: 0.0010410 seconds, Stopping threads took: 0.0000780 seconds
334.129: Application time: 0.0879180 seconds
334.129: [GC [PSYoungGen: 38496K->1792K(37888K)] 65877K->29212K(79872K), 0.0006990 secs] [Times: user=0.01 sys=0.00, real=0.00 secs] 
334.130: Total time for which application threads were stopped: 0.0009140 seconds, Stopping threads took: 0.0001340 seconds
334.217: Application time: 0.0875350 seconds
334.217: [GC [PSYoungGen: 37391K->1280K(36864K)] 64812K->28780K(78848K), 0.0006380 secs] [Times: user=0.00 sys=0.00, real=0.00 secs] 
334.218: Total time for which application threads were stopped: 0.0007800 seconds, Stopping threads took: 0.0000750 seconds
334.305: Application time: 0.0866520 seconds
334.305: [GC [PSYoungGen: 36441K->1280K(36352K)] 63942K->28828K(78336K), 0.0006270 secs] [Times: user=0.01 sys=0.00, real=0.00 secs] 
334.305: Total time for which application threads were stopped: 0.0007590 seconds, Stopping threads took: 0.0000640 seconds
334.388: Application time: 0.0820960 seconds
334.388: [GC [PSYoungGen: 35765K->2816K(37376K)] 63314K->30440K(79360K), 0.0010460 secs] [Times: user=0.01 sys=0.00, real=0.00 secs] 
334.389: Total time for which application threads were stopped: 0.0011940 seconds, Stopping threads took: 0.0000740 seconds
334.472: Application time: 0.0835390 seconds
334.472: [GC [PSYoungGen: 36875K->1760K(35840K)] 64500K->29384K(77824K), 0.0007500 secs] [Times: user=0.00 sys=0.00, real=0.00 secs] 
334.473: Total time for which application threads were stopped: 0.0008920 seconds, Stopping threads took: 0.0000720 seconds
334.552: Application time: 0.0785680 seconds
334.552: [GC [PSYoungGen: 35295K->2816K(36352K)] 62920K->30488K(78336K), 0.0011430 secs] [Times: user=0.01 sys=0.00, real=0.00 secs] 
334.553: Total time for which application threads were stopped: 0.0012800 seconds, Stopping threads took: 0.0000640 seconds
334.635: Application time: 0.0818720 seconds
334.635: [GC [PSYoungGen: 35773K->768K(33792K)] 63446K->28480K(75776K), 0.0006130 secs] [Times: user=0.00 sys=0.00, real=0.00 secs] 
334.636: Total time for which application threads were stopped: 0.0007630 seconds, Stopping threads took: 0.0000820 seconds
334.714: Application time: 0.0783100 seconds
334.714: [GC [PSYoungGen: 33356K->1280K(33792K)] 61068K->28992K(75776K), 0.0006360 secs] [Times: user=0.00 sys=0.00, real=0.01 secs] 
334.715: Total time for which application threads were stopped: 0.0007800 seconds, Stopping threads took: 0.0000820 seconds
334.791: Application time: 0.0765900 seconds
334.791: [GC [PSYoungGen: 33267K->1792K(34304K)] 60980K->29604K(76288K), 0.0008670 secs] [Times: user=0.00 sys=0.00, real=0.00 secs] 
334.792: Total time for which application threads were stopped: 0.0010540 seconds, Stopping threads took: 0.0001200 seconds
334.869: Application time: 0.0764590 seconds
334.869: [GC [PSYoungGen: 33273K->1792K(33280K)] 61086K->29668K(75264K), 0.0008360 secs] [Times: user=0.01 sys=0.00, real=0.00 secs] 
334.870: Total time for which application threads were stopped: 0.0009680 seconds, Stopping threads took: 0.0000650 seconds
334.945: Application time: 0.0749680 seconds
334.945: [GC [PSYoungGen: 32829K->2304K(33792K)] 60706K->30220K(75776K), 0.0009590 secs] [Times: user=0.00 sys=0.00, real=0.00 secs] 
334.946: Total time for which application threads were stopped: 0.0011040 seconds, Stopping threads took: 0.0000740 seconds
335.020: Application time: 0.0745180 seconds
335.021: [GC [PSYoungGen: 32676K->1760K(32256K)] 60593K->29761K(74240K), 0.0007950 secs] [Times: user=0.00 sys=0.00, real=0.00 secs] 
335.021: Total time for which application threads were stopped: 0.0009350 seconds, Stopping threads took: 0.0000690 seconds
335.093: Application time: 0.0717650 seconds
335.093: [GC [PSYoungGen: 31612K->1792K(32768K)] 59613K->29793K(74752K), 0.0007990 secs] [Times: user=0.00 sys=0.00, real=0.00 secs] 
335.094: Total time for which application threads were stopped: 0.0009440 seconds, Stopping threads took: 0.0000710 seconds
335.165: Application time: 0.0708330 seconds
335.165: [GC [PSYoungGen: 31282K->2304K(33280K)] 59283K->30305K(75264K), 0.0009730 secs] [Times: user=0.00 sys=0.00, real=0.00 secs] 
335.166: Total time for which application threads were stopped: 0.0011270 seconds, Stopping threads took: 0.0000690 seconds
335.238: Application time: 0.0721210 seconds
335.238: [GC [PSYoungGen: 31648K->1248K(39424K)] 59649K->29313K(81408K), 0.0006370 secs] [Times: user=0.00 sys=0.00, real=0.00 secs] 
335.239: Total time for which application threads were stopped: 0.0007590 seconds, Stopping threads took: 0.0000630 seconds
335.325: Application time: 0.0857300 seconds
335.325: [GC [PSYoungGen: 36841K->2304K(37888K)] 64906K->30369K(79872K), 0.0008890 secs] [Times: user=0.01 sys=0.00, real=0.00 secs] 
335.326: Total time for which application threads were stopped: 0.0010280 seconds, Stopping threads took: 0.0000690 seconds
335.410: Application time: 0.0845980 seconds
335.410: [GC [PSYoungGen: 37466K->2320K(38912K)] 65531K->30441K(80896K), 0.0009800 secs] [Times: user=0.00 sys=0.00, real=0.00 secs] 
335.411: Total time for which application threads were stopped: 0.0011120 seconds, Stopping threads took: 0.0000610 seconds
335.496: Application time: 0.0848160 seconds
335.496: [GC [PSYoungGen: 37406K->1792K(36864K)] 65527K->29993K(78848K), 0.0007750 secs] [Times: user=0.01 sys=0.00, real=0.00 secs] 
335.497: Total time for which application threads were stopped: 0.0010090 seconds, Stopping threads took: 0.0001670 seconds
335.582: Application time: 0.0847580 seconds
335.582: [GC [PSYoungGen: 36444K->736K(37376K)] 64645K->28985K(79360K), 0.0005080 secs] [Times: user=0.00 sys=0.00, real=0.00 secs] 
335.583: Total time for which application threads were stopped: 0.0006290 seconds, Stopping threads took: 0.0000620 seconds
335.662: Application time: 0.0798180 seconds
335.663: [GC [PSYoungGen: 34709K->1760K(35840K)] 62958K->30097K(77824K), 0.0008430 secs] [Times: user=0.00 sys=0.00, real=0.00 secs] 
335.663: Total time for which application threads were stopped: 0.0009870 seconds, Stopping threads took: 0.0000710 seconds
335.745: Application time: 0.0812990 seconds
335.745: [GC [PSYoungGen: 35302K->1760K(35840K)] 63639K->30097K(77824K), 0.0007810 secs] [Times: user=0.00 sys=0.00, real=0.00 secs] 
335.746: Total time for which application threads were stopped: 0.0010040 seconds, Stopping threads took: 0.0001420 seconds
335.827: Application time: 0.0817370 seconds
335.828: [GC [PSYoungGen: 34792K->768K(33792K)] 63129K->29161K(75776K), 0.0005080 secs] [Times: user=0.00 sys=0.00, real=0.00 secs] 
335.828: Total time for which application threads were stopped: 0.0006350 seconds, Stopping threads took: 0.0000670 seconds
335.906: Application time: 0.0778100 seconds
335.906: [GC [PSYoungGen: 33197K->1280K(34816K)] 61590K->29729K(76800K), 0.0006360 secs] [Times: user=0.00 sys=0.00, real=0.00 secs] 
335.907: Total time for which application threads were stopped: 0.0007660 seconds, Stopping threads took: 0.0000640 seconds
335.983: Application time: 0.0762440 seconds
335.983: [GC [PSYoungGen: 33267K->2304K(34304K)] 61716K->30753K(76288K), 0.0009470 secs] [Times: user=0.00 sys=0.00, real=0.00 secs] 
335.984: Total time for which application threads were stopped: 0.0011030 seconds, Stopping threads took: 0.0000860 seconds
336.062: Application time: 0.0780270 seconds
336.062: [GC [PSYoungGen: 33870K->1280K(33792K)] 62319K->29769K(75776K), 0.0006510 secs] [Times: user=0.00 sys=0.00, real=0.00 secs] 
336.063: Total time for which application threads were stopped: 0.0007880 seconds, Stopping threads took: 0.0000730 seconds
336.138: Application time: 0.0756040 seconds
336.139: [GC [PSYoungGen: 32243K->1280K(32256K)] 60732K->29841K(74240K), 0.0006570 secs] [Times: user=0.00 sys=0.00, real=0.00 secs] 
336.139: Total time for which application threads were stopped: 0.0007810 seconds, Stopping threads took: 0.0000610 seconds
336.211: Application time: 0.0713930 seconds
336.211: [GC [PSYoungGen: 31636K->2784K(33280K)] 60197K->31377K(75264K), 0.0011780 secs] [Times: user=0.01 sys=0.00, real=0.00 secs] 
336.212: Total time for which application threads were stopped: 0.0013220 seconds, Stopping threads took: 0.0000590 seconds
336.287: Application time: 0.0747280 seconds
336.287: [GC [PSYoungGen: 32801K->1792K(31744K)] 61394K->30385K(73728K), 0.0007780 secs] [Times: user=0.01 sys=0.00, real=0.00 secs] 
336.288: Total time for which application threads were stopped: 0.0009370 seconds, Stopping threads took: 0.0000750 seconds
336.358: Application time: 0.0702530 seconds
336.358: [GC [PSYoungGen: 31200K->2816K(33280K)] 59794K->31485K(75264K), 0.0011090 secs] [Times: user=0.00 sys=0.01, real=0.00 secs] 
336.359: Total time for which application threads were stopped: 0.0012520 seconds, Stopping threads took: 0.0000700 seconds
336.431: Application time: 0.0718170 seconds
336.431: [GC [PSYoungGen: 32238K->1760K(33280K)] 60908K->30469K(75264K), 0.0008180 secs] [Times: user=0.00 sys=0.00, real=0.00 secs] 
336.432: Total time for which application threads were stopped: 0.0009600 seconds, Stopping threads took: 0.0000750 seconds
336.502: Application time: 0.0699120 seconds
336.502: [GC [PSYoungGen: 31092K->2304K(39424K)] 59801K->31069K(81408K), 0.0008040 secs] [Times: user=0.01 sys=0.00, real=0.00 secs] 
336.503: Total time for which application threads were stopped: 0.0009420 seconds, Stopping threads took: 0.0000690 seconds
336.589: Application time: 0.0862030 seconds
336.589: [GC [PSYoungGen: 37825K->1792K(39424K)] 66591K->30557K(81408K), 0.0007180 secs] [Times: user=0.00 sys=0.00, real=0.00 secs] 
336.590: Total time for which application threads were stopped: 0.0008980 seconds, Stopping threads took: 0.0001140 seconds
336.676: Application time: 0.0863560 seconds
336.676: [GC [PSYoungGen: 37470K->1280K(36864K)] 66235K->30045K(78848K), 0.0005600 secs] [Times: user=0.00 sys=0.00, real=0.00 secs] 
336.677: Total time for which application threads were stopped: 0.0006930 seconds, Stopping threads took: 0.0000700 seconds
336.761: Application time: 0.0843680 seconds
336.761: [GC [PSYoungGen: 36359K->2304K(37376K)] 65125K->31157K(79360K), 0.0008960 secs] [Times: user=0.00 sys=0.00, real=0.00 secs] 
336.762: Total time for which application threads were stopped: 0.0010540 seconds, Stopping threads took: 0.0000860 seconds
336.846: Application time: 0.0839050 seconds
336.846: [GC [PSYoungGen: 36878K->1280K(35840K)] 65731K->30189K(77824K), 0.0005990 secs] [Times: user=0.00 sys=0.00, real=0.01 secs] 
336.847: Total time for which application threads were stopped: 0.0007460 seconds, Stopping threads took: 0.0000710 seconds
336.928: Application time: 0.0809330 seconds
336.928: [GC [PSYoungGen: 35410K->2304K(36352K)] 64319K->31253K(78336K), 0.0008740 secs] [Times: user=0.01 sys=0.00, real=0.00 secs] 
336.929: Total time for which application threads were stopped: 0.0010150 seconds, Stopping threads took: 0.0000700 seconds
337.012: Application time: 0.0832720 seconds
337.012: [GC [PSYoungGen: 35851K->768K(34304K)] 64801K->29813K(76288K), 0.0005670 secs] [Times: user=0.01 sys=0.00, real=0.00 secs] 
337.013: Total time for which application threads were stopped: 0.0006930 seconds, Stopping threads took: 0.0000670 seconds
337.092: Application time: 0.0795350 seconds
337.093: [GC [PSYoungGen: 33787K->1760K(34816K)] 62832K->30853K(76800K), 0.0008220 secs] [Times: user=0.00 sys=0.00, real=0.00 secs] 
337.094: Total time for which application threads were stopped: 0.0017890 seconds, Stopping threads took: 0.0000680 seconds
337.172: Application time: 0.0782360 seconds
337.173: [GC [PSYoungGen: 34191K->1792K(34304K)] 63285K->30941K(76288K), 0.0008140 secs] [Times: user=0.00 sys=0.00, real=0.00 secs] 
337.173: Total time for which application threads were stopped: 0.0009580 seconds, Stopping threads took: 0.0000750 seconds
337.252: Application time: 0.0780780 seconds
337.252: [GC [PSYoungGen: 33787K->1792K(33792K)] 62937K->30941K(75776K), 0.0008710 secs] [Times: user=0.01 sys=0.00, real=0.00 secs] 
337.253: Total time for which application threads were stopped: 0.0009930 seconds, Stopping threads took: 0.0000550 seconds
337.329: Application time: 0.0760000 seconds
337.329: [GC [PSYoungGen: 33271K->1280K(33280K)] 62421K->30477K(75264K), 0.0006420 secs] [Times: user=0.00 sys=0.00, real=0.00 secs] 
337.329: Total time for which application threads were stopped: 0.0008140 seconds, Stopping threads took: 0.0001070 seconds
337.404: Application time: 0.0747590 seconds
337.404: [GC [PSYoungGen: 32242K->1792K(32768K)] 61440K->31045K(74752K), 0.0007920 secs] [Times: user=0.00 sys=0.00, real=0.00 secs] 
337.405: Total time for which application threads were stopped: 0.0009360 seconds, Stopping threads took: 0.0000690 seconds
337.478: Application time: 0.0732880 seconds
337.478: [GC [PSYoungGen: 32234K->2304K(32768K)] 61488K->31605K(74752K), 0.0009820 secs] [Times: user=0.00 sys=0.00, real=0.00 secs] 
337.479: Total time for which application threads were stopped: 0.0011260 seconds, Stopping threads took: 0.0000720 seconds
337.551: Application time: 0.0714650 seconds
337.551: [GC [PSYoungGen: 32230K->2784K(33280K)] 61532K->32118K(75264K), 0.0011750 secs] [Times: user=0.00 sys=0.00, real=0.00 secs] 
337.552: Total time for which application threads were stopped: 0.0013290 seconds, Stopping threads took: 0.0000810 seconds
337.626: Application time: 0.0738810 seconds
337.626: [GC [PSYoungGen: 32797K->2304K(39936K)] 62131K->31678K(81920K), 0.0008510 secs] [Times: user=0.00 sys=0.01, real=0.01 secs] 
337.627: Total time for which application threads were stopped: 0.0009920 seconds, Stopping threads took: 0.0000730 seconds
337.715: Application time: 0.0877430 seconds
337.715: [GC [PSYoungGen: 38418K->1792K(39936K)] 67792K->31246K(81920K), 0.0006940 secs] [Times: user=0.00 sys=0.00, real=0.00 secs] 
337.716: Total time for which application threads were stopped: 0.0009030 seconds, Stopping threads took: 0.0001400 seconds
337.801: Application time: 0.0855990 seconds
337.801: [GC [PSYoungGen: 37819K->2816K(46592K)] 67273K->32822K(88576K), 0.0011380 secs] [Times: user=0.01 sys=0.00, real=0.00 secs] 
337.803: Total time for which application threads were stopped: 0.0012890 seconds, Stopping threads took: 0.0000730 seconds
337.909: Application time: 0.1067020 seconds
337.909: [GC [PSYoungGen: 46129K->2304K(45056K)] 76135K->32310K(87040K), 0.0008080 secs] [Times: user=0.01 sys=0.00, real=0.00 secs] 
337.910: Total time for which application threads were stopped: 0.0009520 seconds, Stopping threads took: 0.0000690 seconds
338.015: Application time: 0.1045400 seconds
338.015: [GC [PSYoungGen: 44669K->768K(44032K)] 74675K->30838K(86016K), 0.0005610 secs] [Times: user=0.01 sys=0.00, real=0.00 secs] 
338.016: Total time for which application threads were stopped: 0.0006830 seconds, Stopping threads took: 0.0000600 seconds
338.117: Application time: 0.1014990 seconds
338.117: [GC [PSYoungGen: 42020K->768K(41472K)] 72090K->30934K(83456K), 0.0005100 secs] [Times: user=0.00 sys=0.00, real=0.00 secs] 
338.118: Total time for which application threads were stopped: 0.0006370 seconds, Stopping threads took: 0.0000670 seconds
338.212: Application time: 0.0944700 seconds
338.212: [GC [PSYoungGen: 40984K->2816K(43008K)] 71150K->33030K(84992K), 0.0010860 secs] [Times: user=0.00 sys=0.00, real=0.00 secs] 
338.213: Total time for which application threads were stopped: 0.0012460 seconds, Stopping threads took: 0.0000840 seconds
338.310: Application time: 0.0963620 seconds
338.310: [GC [PSYoungGen: 42173K->1792K(40448K)] 72387K->32054K(82432K), 0.0008770 secs] [Times: user=0.00 sys=0.00, real=0.00 secs] 
338.311: Total time for which application threads were stopped: 0.0010160 seconds, Stopping threads took: 0.0000680 seconds
338.404: Application time: 0.0930930 seconds
338.404: [GC [PSYoungGen: 39882K->1760K(39936K)] 70144K->32130K(81920K), 0.0008370 secs] [Times: user=0.01 sys=0.00, real=0.00 secs] 
338.405: Total time for which application threads were stopped: 0.0009730 seconds, Stopping threads took: 0.0000690 seconds
338.493: Application time: 0.0881380 seconds
338.493: [GC [PSYoungGen: 38817K->2784K(39936K)] 69188K->33154K(81920K), 0.0011620 secs] [Times: user=0.01 sys=0.00, real=0.00 secs] 
338.494: Total time for which application threads were stopped: 0.0013160 seconds, Stopping threads took: 0.0000690 seconds
338.584: Application time: 0.0899670 seconds
338.584: [GC [PSYoungGen: 39414K->1792K(39424K)] 69784K->32162K(81408K), 0.0008080 secs] [Times: user=0.00 sys=0.00, real=0.00 secs] 
338.585: Total time for which application threads were stopped: 0.0009520 seconds, Stopping threads took: 0.0000770 seconds
338.670: Application time: 0.0850790 seconds
338.670: [GC [PSYoungGen: 37975K->3360K(39936K)] 68346K->33770K(81920K), 0.0013240 secs] [Times: user=0.01 sys=0.00, real=0.00 secs] 
338.672: Total time for which application threads were stopped: 0.0014920 seconds, Stopping threads took: 0.0000910 seconds
338.760: Application time: 0.0880970 seconds
338.760: [GC [PSYoungGen: 39474K->2816K(48128K)] 69884K->33302K(90112K), 0.0009580 secs] [Times: user=0.01 sys=0.00, real=0.00 secs] 
338.761: Total time for which application threads were stopped: 0.0011020 seconds, Stopping threads took: 0.0000710 seconds
338.867: Application time: 0.1063970 seconds
338.868: [GC [PSYoungGen: 46643K->1792K(45056K)] 77129K->32342K(87040K), 0.0006630 secs] [Times: user=0.00 sys=0.00, real=0.00 secs] 
338.868: Total time for which application threads were stopped: 0.0007980 seconds, Stopping threads took: 0.0000680 seconds
338.971: Application time: 0.1030850 seconds
338.971: [GC [PSYoungGen: 44743K->1792K(45056K)] 75293K->32390K(87040K), 0.0007890 secs] [Times: user=0.00 sys=0.00, real=0.00 secs] 
338.972: Total time for which application threads were stopped: 0.0009210 seconds, Stopping threads took: 0.0000670 seconds
339.072: Application time: 0.1002810 seconds
339.073: [GC [PSYoungGen: 43478K->2272K(43520K)] 74077K->32978K(85504K), 0.0010950 secs] [Times: user=0.01 sys=0.00, real=0.00 secs] 
339.074: Total time for which application threads were stopped: 0.0012510 seconds, Stopping threads took: 0.0000740 seconds
339.174: Application time: 0.1001420 seconds
339.174: [GC [PSYoungGen: 43012K->1792K(42496K)] 73719K->32498K(84480K), 0.0007870 secs] [Times: user=0.00 sys=0.00, real=0.01 secs] 
339.175: Total time for which application threads were stopped: 0.0009290 seconds, Stopping threads took: 0.0000710 seconds
339.270: Application time: 0.0953290 seconds
339.270: [GC [PSYoungGen: 41498K->2784K(41984K)] 72205K->33530K(83968K), 0.0011710 secs] [Times: user=0.01 sys=0.00, real=0.00 secs] 
339.271: Total time for which application threads were stopped: 0.0013220 seconds, Stopping threads took: 0.0000770 seconds
339.368: Application time: 0.0966140 seconds
339.368: [GC [PSYoungGen: 41472K->736K(40960K)] 72219K->31546K(82944K), 0.0004990 secs] [Times: user=0.00 sys=0.00, real=0.00 secs] 
339.369: Total time for which application threads were stopped: 0.0006760 seconds, Stopping threads took: 0.0001160 seconds
339.458: Application time: 0.0893010 seconds
339.458: [GC [PSYoungGen: 38388K->1792K(38912K)] 69198K->32650K(80896K), 0.0008830 secs] [Times: user=0.00 sys=0.00, real=0.00 secs] 
339.459: Total time for which application threads were stopped: 0.0010320 seconds, Stopping threads took: 0.0000810 seconds
339.547: Application time: 0.0875550 seconds
339.547: [GC [PSYoungGen: 38572K->2304K(39424K)] 69430K->33210K(81408K), 0.0010150 secs] [Times: user=0.00 sys=0.00, real=0.00 secs] 
339.548: Total time for which application threads were stopped: 0.0011750 seconds, Stopping threads took: 0.0000900 seconds
339.635: Application time: 0.0876570 seconds
339.636: [GC [PSYoungGen: 38415K->2304K(38400K)] 69322K->33326K(80384K), 0.0009690 secs] [Times: user=0.00 sys=0.00, real=0.00 secs] 
339.637: Total time for which application threads were stopped: 0.0011090 seconds, Stopping threads took: 0.0000620 seconds
339.723: Application time: 0.0859600 seconds
339.723: [GC [PSYoungGen: 37823K->2304K(38400K)] 68846K->33374K(80384K), 0.0009510 secs] [Times: user=0.00 sys=0.00, real=0.00 secs] 
339.724: Total time for which application threads were stopped: 0.0011040 seconds, Stopping threads took: 0.0000790 seconds
339.810: Application time: 0.0864660 seconds
339.810: [GC [PSYoungGen: 37392K->1280K(36352K)] 68462K->32350K(78336K), 0.0006440 secs] [Times: user=0.00 sys=0.00, real=0.00 secs] 
339.811: Total time for which application threads were stopped: 0.0007740 seconds, Stopping threads took: 0.0000650 seconds
339.893: Application time: 0.0819120 seconds
339.893: [GC [PSYoungGen: 35767K->2304K(37376K)] 66838K->33422K(79360K), 0.0009660 secs] [Times: user=0.00 sys=0.00, real=0.00 secs] 
339.894: Total time for which application threads were stopped: 0.0011080 seconds, Stopping threads took: 0.0000700 seconds
339.977: Application time: 0.0826310 seconds
339.977: [GC [PSYoungGen: 36440K->1792K(35840K)] 67559K->32910K(77824K), 0.0008070 secs] [Times: user=0.01 sys=0.00, real=0.00 secs] 
339.978: Total time for which application threads were stopped: 0.0009420 seconds, Stopping threads took: 0.0000690 seconds
340.058: Application time: 0.0804550 seconds
340.058: [GC [PSYoungGen: 35336K->1248K(36352K)] 66454K->32455K(78336K), 0.0007200 secs] [Times: user=0.00 sys=0.00, real=0.00 secs] 
340.059: Total time for which application threads were stopped: 0.0008490 seconds, Stopping threads took: 0.0000620 seconds
340.138: Application time: 0.0796650 seconds
340.139: [GC [PSYoungGen: 34189K->2304K(35328K)] 65396K->33567K(77312K), 0.0009530 secs] [Times: user=0.00 sys=0.00, real=0.00 secs] 
340.140: Total time for which application threads were stopped: 0.0011120 seconds, Stopping threads took: 0.0000800 seconds
340.218: Application time: 0.0779980 seconds
340.218: [GC [PSYoungGen: 35047K->2912K(36352K)] 66310K->34175K(78336K), 0.0011450 secs] [Times: user=0.00 sys=0.00, real=0.00 secs] 
340.219: Total time for which application threads were stopped: 0.0012970 seconds, Stopping threads took: 0.0000780 seconds
340.297: Application time: 0.0782340 seconds
340.297: [GC [PSYoungGen: 35341K->3328K(36352K)] 66604K->34731K(78336K), 0.0013180 secs] [Times: user=0.01 sys=0.00, real=0.00 secs] 
340.299: Total time for which application threads were stopped: 0.0014690 seconds, Stopping threads took: 0.0000760 seconds
340.377: Application time: 0.0784610 seconds
340.377: [GC [PSYoungGen: 35761K->3328K(43008K)] 67164K->34731K(84992K), 0.0010990 secs] [Times: user=0.01 sys=0.00, real=0.00 secs] 
340.378: Total time for which application threads were stopped: 0.0012480 seconds, Stopping threads took: 0.0000720 seconds
340.475: Application time: 0.0965410 seconds
340.475: [GC [PSYoungGen: 42018K->1280K(43520K)] 73422K->32683K(85504K), 0.0006120 secs] [Times: user=0.00 sys=0.00, real=0.00 secs] 
340.476: Total time for which application threads were stopped: 0.0007300 seconds, Stopping threads took: 0.0000540 seconds
340.569: Application time: 0.0930360 seconds
340.569: [GC [PSYoungGen: 39962K->1280K(39424K)] 71365K->32739K(81408K), 0.0005640 secs] [Times: user=0.00 sys=0.00, real=0.00 secs] 
340.569: Total time for which application threads were stopped: 0.0006920 seconds, Stopping threads took: 0.0000640 seconds
340.660: Application time: 0.0907700 seconds
340.660: [GC [PSYoungGen: 38932K->1792K(38912K)] 70391K->33307K(80896K), 0.0007790 secs] [Times: user=0.01 sys=0.00, real=0.00 secs] 
340.661: Total time for which application threads were stopped: 0.0009170 seconds, Stopping threads took: 0.0000650 seconds
340.751: Application time: 0.0898260 seconds
340.751: [GC [PSYoungGen: 38416K->2304K(38912K)] 69931K->33867K(80896K), 0.0008600 secs] [Times: user=0.00 sys=0.00, real=0.00 secs] 
340.752: Total time for which application threads were stopped: 0.0010140 seconds, Stopping threads took: 0.0000860 seconds
340.839: Application time: 0.0869880 seconds
340.839: [GC [PSYoungGen: 38572K->2336K(38400K)] 70136K->33931K(80384K), 0.0009730 secs] [Times: user=0.00 sys=0.00, real=0.00 secs] 
340.840: Total time for which application threads were stopped: 0.0011240 seconds, Stopping threads took: 0.0000760 seconds
340.927: Application time: 0.0869150 seconds
340.927: [GC [PSYoungGen: 37932K->2816K(38400K)] 69527K->34527K(80384K), 0.0011460 secs] [Times: user=0.00 sys=0.00, real=0.00 secs] 
340.928: Total time for which application threads were stopped: 0.0012980 seconds, Stopping threads took: 0.0000730 seconds
341.015: Application time: 0.0865830 seconds
341.015: [GC [PSYoungGen: 37828K->1280K(36352K)] 69539K->33047K(78336K), 0.0006990 secs] [Times: user=0.00 sys=0.00, real=0.00 secs] 
341.016: Total time for which application threads were stopped: 0.0008290 seconds, Stopping threads took: 0.0000650 seconds
341.097: Application time: 0.0817670 seconds
341.097: [GC [PSYoungGen: 35843K->2816K(37376K)] 67611K->34583K(79360K), 0.0010980 secs] [Times: user=0.01 sys=0.00, real=0.00 secs] 
341.099: Total time for which application threads were stopped: 0.0012440 seconds, Stopping threads took: 0.0000710 seconds
341.184: Application time: 0.0849290 seconds
341.184: [GC [PSYoungGen: 36799K->1280K(35328K)] 68567K->33095K(77312K), 0.0006890 secs] [Times: user=0.00 sys=0.00, real=0.00 secs] 
341.184: Total time for which application threads were stopped: 0.0008480 seconds, Stopping threads took: 0.0000850 seconds
341.265: Application time: 0.0805020 seconds
341.265: [GC [PSYoungGen: 34819K->1280K(36864K)] 66635K->33095K(78848K), 0.0006290 secs] [Times: user=0.00 sys=0.00, real=0.00 secs] 
341.266: Total time for which application threads were stopped: 0.0007730 seconds, Stopping threads took: 0.0000820 seconds
341.347: Application time: 0.0811460 seconds
341.347: [GC [PSYoungGen: 34388K->736K(33792K)] 66203K->32607K(75776K), 0.0005780 secs] [Times: user=0.00 sys=0.00, real=0.00 secs] 
341.348: Total time for which application threads were stopped: 0.0006990 seconds, Stopping threads took: 0.0000600 seconds
341.426: Application time: 0.0781160 seconds
341.426: [GC [PSYoungGen: 33169K->672K(35840K)] 65040K->32631K(77824K), 0.0004950 secs] [Times: user=0.00 sys=0.00, real=0.00 secs] 
341.426: Total time for which application threads were stopped: 0.0007160 seconds, Stopping threads took: 0.0001570 seconds
341.503: Application time: 0.0763250 seconds
341.503: [GC [PSYoungGen: 32885K->2880K(34816K)] 64845K->34839K(76800K), 0.0011400 secs] [Times: user=0.00 sys=0.00, real=0.00 secs] 
341.504: Total time for which application threads were stopped: 0.0012870 seconds, Stopping threads took: 0.0000700 seconds
341.582: Application time: 0.0785230 seconds
341.583: [GC [PSYoungGen: 34289K->1792K(34816K)] 66249K->33891K(76800K), 0.0008370 secs] [Times: user=0.01 sys=0.00, real=0.00 secs] 
341.583: Total time for which application threads were stopped: 0.0009720 seconds, Stopping threads took: 0.0000700 seconds
341.660: Application time: 0.0761100 seconds
341.660: [GC [PSYoungGen: 32681K->1248K(32256K)] 64780K->33347K(74240K), 0.0006120 secs] [Times: user=0.01 sys=0.00, real=0.00 secs] 
341.660: Total time for which application threads were stopped: 0.0007390 seconds, Stopping threads took: 0.0000650 seconds
341.733: Application time: 0.0730930 seconds
341.734: [GC [PSYoungGen: 31686K->2304K(33792K)] 63786K->34403K(75776K), 0.0009530 secs] [Times: user=0.00 sys=0.00, real=0.00 secs] 
341.735: Total time for which application threads were stopped: 0.0011000 seconds, Stopping threads took: 0.0000720 seconds
341.807: Application time: 0.0722060 seconds
341.807: [GC [PSYoungGen: 32148K->3328K(34304K)] 64248K->35467K(76288K), 0.0013340 secs] [Times: user=0.01 sys=0.00, real=0.00 secs] 
341.808: Total time for which application threads were stopped: 0.0014690 seconds, Stopping threads took: 0.0000580 seconds
341.881: Application time: 0.0729100 seconds
341.881: [GC [PSYoungGen: 33189K->2304K(39936K)] 65328K->34443K(81920K), 0.0007810 secs] [Times: user=0.01 sys=0.00, real=0.00 secs] 
341.882: Total time for which application threads were stopped: 0.0009230 seconds, Stopping threads took: 0.0000730 seconds
341.970: Application time: 0.0880440 seconds
341.970: [GC [PSYoungGen: 38494K->2304K(40448K)] 70634K->34443K(82432K), 0.0009390 secs] [Times: user=0.01 sys=0.00, real=0.00 secs] 
341.971: Total time for which application threads were stopped: 0.0010960 seconds, Stopping threads took: 0.0000870 seconds
342.059: Application time: 0.0880430 seconds
342.059: [GC [PSYoungGen: 38416K->2304K(48128K)] 70556K->34527K(90112K), 0.0008140 secs] [Times: user=0.00 sys=0.00, real=0.00 secs] 
342.060: Total time for which application threads were stopped: 0.0009570 seconds, Stopping threads took: 0.0000710 seconds
342.167: Application time: 0.1072730 seconds
342.168: [GC [PSYoungGen: 45849K->1808K(45056K)] 78073K->34079K(87040K), 0.0007240 secs] [Times: user=0.00 sys=0.00, real=0.00 secs] 
342.168: Total time for which application threads were stopped: 0.0008750 seconds, Stopping threads took: 0.0000820 seconds
342.270: Application time: 0.1014330 seconds
342.270: [GC [PSYoungGen: 44520K->2816K(45056K)] 76792K->35224K(87040K), 0.0011170 secs] [Times: user=0.00 sys=0.00, real=0.00 secs] 
342.271: Total time for which application threads were stopped: 0.0012820 seconds, Stopping threads took: 0.0000820 seconds
342.374: Application time: 0.1028070 seconds
342.374: [GC [PSYoungGen: 44584K->1792K(43008K)] 76992K->34200K(84992K), 0.0008450 secs] [Times: user=0.01 sys=0.00, real=0.01 secs] 
342.375: Total time for which application threads were stopped: 0.0010350 seconds, Stopping threads took: 0.0001230 seconds
342.474: Application time: 0.0992730 seconds
342.474: [GC [PSYoungGen: 42452K->2304K(43008K)] 74860K->34768K(84992K), 0.0009140 secs] [Times: user=0.00 sys=0.01, real=0.01 secs] 
342.475: Total time for which application threads were stopped: 0.0010580 seconds, Stopping threads took: 0.0000750 seconds
342.573: Application time: 0.0974890 seconds
342.573: [GC [PSYoungGen: 42016K->1792K(40960K)] 74480K->34256K(82944K), 0.0008540 secs] [Times: user=0.01 sys=0.00, real=0.00 secs] 
342.574: Total time for which application threads were stopped: 0.0009850 seconds, Stopping threads took: 0.0000610 seconds
342.669: Application time: 0.0949410 seconds
342.669: [GC [PSYoungGen: 40554K->1216K(40448K)] 73018K->33728K(82432K), 0.0006900 secs] [Times: user=0.00 sys=0.00, real=0.00 secs] 
342.669: Total time for which application threads were stopped: 0.0008070 seconds, Stopping threads took: 0.0000550 seconds
342.760: Application time: 0.0909700 seconds
342.761: [GC [PSYoungGen: 38868K->1792K(38912K)] 71380K->34384K(80896K), 0.0008490 secs] [Times: user=0.00 sys=0.00, real=0.00 secs] 
342.761: Total time for which application threads were stopped: 0.0010370 seconds, Stopping threads took: 0.0001230 seconds
342.850: Application time: 0.0882370 seconds
342.850: [GC [PSYoungGen: 38572K->1808K(39424K)] 71164K->34456K(81408K), 0.0008120 secs] [Times: user=0.00 sys=0.00, real=0.00 secs] 
342.851: Total time for which application threads were stopped: 0.0010110 seconds, Stopping threads took: 0.0001200 seconds
342.939: Application time: 0.0880310 seconds
342.939: [GC [PSYoungGen: 37843K->1760K(37888K)] 70492K->34524K(79872K), 0.0008660 secs] [Times: user=0.00 sys=0.00, real=0.00 secs] 
342.940: Total time for which application threads were stopped: 0.0010210 seconds, Stopping threads took: 0.0000880 seconds
343.027: Application time: 0.0872620 seconds
343.027: [GC [PSYoungGen: 37360K->1280K(38400K)] 70124K->34044K(80384K), 0.0006330 secs] [Times: user=0.00 sys=0.00, real=0.00 secs] 
343.028: Total time for which application threads were stopped: 0.0007640 seconds, Stopping threads took: 0.0000670 seconds
343.112: Application time: 0.0843970 seconds
343.112: [GC [PSYoungGen: 36279K->2816K(37888K)] 69043K->35628K(79872K), 0.0010740 secs] [Times: user=0.01 sys=0.00, real=0.00 secs] 
343.113: Total time for which application threads were stopped: 0.0012030 seconds, Stopping threads took: 0.0000580 seconds
343.200: Application time: 0.0862710 seconds
343.200: [GC [PSYoungGen: 37318K->256K(37376K)] 70130K->33068K(79360K), 0.0003800 secs] [Times: user=0.00 sys=0.00, real=0.00 secs] 
343.200: Total time for which application threads were stopped: 0.0004950 seconds, Stopping threads took: 0.0000580 seconds
343.283: Application time: 0.0823940 seconds
343.283: [GC [PSYoungGen: 34385K->1248K(35328K)] 67197K->34060K(77312K), 0.0006650 secs] [Times: user=0.00 sys=0.00, real=0.00 secs] 
343.283: Total time for which application threads were stopped: 0.0008140 seconds, Stopping threads took: 0.0000720 seconds
343.364: Application time: 0.0810550 seconds
343.365: [GC [PSYoungGen: 34787K->1792K(36352K)] 67599K->34684K(78336K), 0.0008200 secs] [Times: user=0.00 sys=0.00, real=0.00 secs] 
343.365: Total time for which application threads were stopped: 0.0009620 seconds, Stopping threads took: 0.0000690 seconds
343.445: Application time: 0.0799790 seconds
343.446: [GC [PSYoungGen: 34978K->1264K(34304K)] 67870K->34212K(76288K), 0.0006590 secs] [Times: user=0.01 sys=0.00, real=0.00 secs] 
343.446: Total time for which application threads were stopped: 0.0007980 seconds, Stopping threads took: 0.0000740 seconds
343.525: Application time: 0.0788620 seconds
343.525: [GC [PSYoungGen: 33775K->1280K(35328K)] 66723K->34344K(77312K), 0.0006630 secs] [Times: user=0.00 sys=0.00, real=0.00 secs] 
343.526: Total time for which application threads were stopped: 0.0008600 seconds, Stopping threads took: 0.0001340 seconds
343.603: Application time: 0.0770540 seconds
343.603: [GC [PSYoungGen: 33193K->1792K(33792K)] 66257K->34912K(75776K), 0.0008250 secs] [Times: user=0.00 sys=0.00, real=0.00 secs] 
343.604: Total time for which application threads were stopped: 0.0009530 seconds, Stopping threads took: 0.0000610 seconds
343.677: Application time: 0.0734710 seconds
343.678: [GC [PSYoungGen: 33256K->2816K(34304K)] 66377K->36960K(76288K), 0.0015040 secs] [Times: user=0.01 sys=0.00, real=0.00 secs] 
343.679: Total time for which application threads were stopped: 0.0016650 seconds, Stopping threads took: 0.0000830 seconds
343.757: Application time: 0.0779630 seconds
343.757: [GC [PSYoungGen: 33717K->1760K(34816K)] 67862K->35944K(76800K), 0.0007580 secs] [Times: user=0.01 sys=0.00, real=0.00 secs] 
343.758: Total time for which application threads were stopped: 0.0008990 seconds, Stopping threads took: 0.0000780 seconds
343.833: Application time: 0.0746060 seconds
343.835: [GC [PSYoungGen: 32640K->2304K(41472K)] 66825K->36488K(83456K), 0.0007890 secs] [Times: user=0.01 sys=0.00, real=0.00 secs] 
343.836: Total time for which application threads were stopped: 0.0030390 seconds, Stopping threads took: 0.0021820 seconds
343.926: Application time: 0.0903950 seconds
343.926: [GC [PSYoungGen: 40036K->2304K(39424K)] 74221K->36488K(81408K), 0.0008300 secs] [Times: user=0.01 sys=0.00, real=0.01 secs] 
343.927: Total time for which application threads were stopped: 0.0009820 seconds, Stopping threads took: 0.0000710 seconds
344.017: Application time: 0.0902430 seconds
344.017: [GC [PSYoungGen: 38936K->768K(39424K)] 73121K->35040K(81408K), 0.0005320 secs] [Times: user=0.00 sys=0.00, real=0.00 secs] 
344.018: Total time for which application threads were stopped: 0.0006580 seconds, Stopping threads took: 0.0000660 seconds
344.103: Application time: 0.0847260 seconds
344.103: [GC [PSYoungGen: 37104K->3376K(39936K)] 71376K->37688K(81920K), 0.0031620 secs] [Times: user=0.02 sys=0.00, real=0.00 secs] 
344.106: Total time for which application threads were stopped: 0.0033120 seconds, Stopping threads took: 0.0000690 seconds
344.195: Application time: 0.0888650 seconds
344.195: [GC [PSYoungGen: 39412K->2816K(48128K)] 73724K->37272K(90112K), 0.0009850 secs] [Times: user=0.01 sys=0.00, real=0.00 secs] 
344.196: Total time for which application threads were stopped: 0.0012280 seconds, Stopping threads took: 0.0001670 seconds
344.305: Application time: 0.1088550 seconds
344.305: [GC [PSYoungGen: 46643K->1760K(48128K)] 81100K->36216K(90112K), 0.0007020 secs] [Times: user=0.00 sys=0.00, real=0.00 secs] 
344.306: Total time for which application threads were stopped: 0.0008280 seconds, Stopping threads took: 0.0000610 seconds
344.410: Application time: 0.1047980 seconds
344.411: [GC [PSYoungGen: 45500K->2816K(57344K)] 79957K->37304K(99328K), 0.0010080 secs] [Times: user=0.00 sys=0.00, real=0.00 secs] 
344.412: Total time for which application threads were stopped: 0.0012280 seconds, Stopping threads took: 0.0001460 seconds
344.541: Application time: 0.1289380 seconds
344.541: [GC [PSYoungGen: 55906K->3328K(57344K)] 90395K->37816K(99328K), 0.0012150 secs] [Times: user=0.01 sys=0.00, real=0.00 secs] 
344.542: Total time for which application threads were stopped: 0.0013730 seconds, Stopping threads took: 0.0000750 seconds
344.670: Application time: 0.1280930 seconds
344.670: [GC [PSYoungGen: 56065K->2848K(54784K)] 90554K->37377K(96768K), 0.0009870 secs] [Times: user=0.00 sys=0.00, real=0.00 secs] 
344.671: Total time for which application threads were stopped: 0.0011330 seconds, Stopping threads took: 0.0000760 seconds
344.799: Application time: 0.1281160 seconds
344.799: [GC [PSYoungGen: 54560K->768K(51200K)] 89089K->35413K(93184K), 0.0006810 secs] [Times: user=0.01 sys=0.00, real=0.00 secs] 
344.800: Total time for which application threads were stopped: 0.0008160 seconds, Stopping threads took: 0.0000660 seconds
344.922: Application time: 0.1219300 seconds
344.922: [GC [PSYoungGen: 50770K->1792K(50688K)] 85415K->36549K(92672K), 0.0007570 secs] [Times: user=0.00 sys=0.00, real=0.00 secs] 
344.923: Total time for which application threads were stopped: 0.0008970 seconds, Stopping threads took: 0.0000730 seconds
345.041: Application time: 0.1181660 seconds
345.041: [GC [PSYoungGen: 50180K->1280K(49152K)] 84937K->36093K(91136K), 0.0006500 secs] [Times: user=0.00 sys=0.00, real=0.00 secs] 
345.042: Total time for which application threads were stopped: 0.0007830 seconds, Stopping threads took: 0.0000660 seconds
345.157: Application time: 0.1152570 seconds
345.157: [GC [PSYoungGen: 48627K->1792K(48640K)] 83440K->36605K(90624K), 0.0006660 secs] [Times: user=0.01 sys=0.00, real=0.00 secs] 
345.158: Total time for which application threads were stopped: 0.0008020 seconds, Stopping threads took: 0.0000580 seconds
345.271: Application time: 0.1129640 seconds
345.271: [GC [PSYoungGen: 48346K->1808K(47616K)] 83159K->36621K(89600K), 0.0008320 secs] [Times: user=0.00 sys=0.00, real=0.00 secs] 
345.272: Total time for which application threads were stopped: 0.0010090 seconds, Stopping threads took: 0.0001070 seconds
345.383: Application time: 0.1108680 seconds
345.383: [GC [PSYoungGen: 47331K->1808K(46592K)] 82145K->36725K(88576K), 0.0008660 secs] [Times: user=0.01 sys=0.00, real=0.00 secs] 
345.384: Total time for which application threads were stopped: 0.0010000 seconds, Stopping threads took: 0.0000630 seconds
345.489: Application time: 0.1053790 seconds
345.489: [GC [PSYoungGen: 46141K->2784K(46592K)] 81058K->37797K(88576K), 0.0012550 secs] [Times: user=0.00 sys=0.00, real=0.00 secs] 
345.491: Total time for which application threads were stopped: 0.0014300 seconds, Stopping threads took: 0.0000920 seconds
345.598: Application time: 0.1072100 seconds
345.598: [GC [PSYoungGen: 46099K->1280K(44032K)] 81112K->36349K(86016K), 0.0006550 secs] [Times: user=0.00 sys=0.00, real=0.00 secs] 
345.599: Total time for which application threads were stopped: 0.0008730 seconds, Stopping threads took: 0.0001530 seconds
345.702: Application time: 0.1033160 seconds
345.702: [GC [PSYoungGen: 43484K->704K(42496K)] 78554K->35837K(84480K), 0.0005170 secs] [Times: user=0.00 sys=0.00, real=0.00 secs] 
345.703: Total time for which application threads were stopped: 0.0007160 seconds, Stopping threads took: 0.0001300 seconds
345.803: Application time: 0.1004520 seconds
345.803: [GC [PSYoungGen: 41878K->672K(41472K)] 77011K->35805K(83456K), 0.0006080 secs] [Times: user=0.00 sys=0.00, real=0.00 secs] 
345.804: Total time for which application threads were stopped: 0.0007330 seconds, Stopping threads took: 0.0000650 seconds
345.900: Application time: 0.0963330 seconds
345.900: [GC [PSYoungGen: 40968K->2320K(41984K)] 76102K->37453K(83968K), 0.0009630 secs] [Times: user=0.01 sys=0.00, real=0.00 secs] 
345.901: Total time for which application threads were stopped: 0.0011030 seconds, Stopping threads took: 0.0000680 seconds
345.997: Application time: 0.0956560 seconds
345.997: [GC [PSYoungGen: 41673K->2336K(40960K)] 76806K->37549K(82944K), 0.0010490 secs] [Times: user=0.01 sys=0.00, real=0.00 secs] 
345.998: Total time for which application threads were stopped: 0.0011910 seconds, Stopping threads took: 0.0000590 seconds
346.090: Application time: 0.0912980 seconds
346.090: [GC [PSYoungGen: 40578K->3360K(40960K)] 75792K->38681K(82944K), 0.0014330 secs] [Times: user=0.01 sys=0.00, real=0.00 secs] 
346.091: Total time for which application threads were stopped: 0.0015850 seconds, Stopping threads took: 0.0000740 seconds
346.182: Application time: 0.0912860 seconds
346.183: [GC [PSYoungGen: 40426K->2304K(39424K)] 75747K->37713K(81408K), 0.0009620 secs] [Times: user=0.01 sys=0.00, real=0.00 secs] 
346.184: Total time for which application threads were stopped: 0.0011300 seconds, Stopping threads took: 0.0000990 seconds
346.273: Application time: 0.0892470 seconds
346.273: [GC [PSYoungGen: 38932K->1792K(38400K)] 74341K->37201K(80384K), 0.0008430 secs] [Times: user=0.01 sys=0.00, real=0.00 secs] 
346.274: Total time for which application threads were stopped: 0.0009780 seconds, Stopping threads took: 0.0000600 seconds
346.361: Application time: 0.0868500 seconds
346.361: [GC [PSYoungGen: 37823K->2304K(38400K)] 73233K->37769K(80384K), 0.0009960 secs] [Times: user=0.01 sys=0.00, real=0.00 secs] 
346.362: Total time for which application threads were stopped: 0.0011400 seconds, Stopping threads took: 0.0000710 seconds
346.448: Application time: 0.0863740 seconds
346.448: [GC [PSYoungGen: 37823K->2272K(37888K)] 73289K->37737K(79872K), 0.0009760 secs] [Times: user=0.01 sys=0.00, real=0.00 secs] 
346.449: Total time for which application threads were stopped: 0.0011190 seconds, Stopping threads took: 0.0000720 seconds
346.534: Application time: 0.0849100 seconds
346.534: [GC [PSYoungGen: 37354K->2816K(39424K)] 72819K->38281K(81408K), 0.0011300 secs] [Times: user=0.01 sys=0.00, real=0.01 secs] 
346.536: Total time for which application threads were stopped: 0.0012750 seconds, Stopping threads took: 0.0000720 seconds
346.622: Application time: 0.0866200 seconds
346.622: [GC [PSYoungGen: 38140K->1296K(36352K)] 73606K->36817K(78336K), 0.0006960 secs] [Times: user=0.00 sys=0.00, real=0.00 secs] 
346.623: Total time for which application threads were stopped: 0.0008220 seconds, Stopping threads took: 0.0000600 seconds
346.707: Application time: 0.0835570 seconds
346.707: [GC [PSYoungGen: 35857K->2816K(38912K)] 71379K->38473K(80896K), 0.0011750 secs] [Times: user=0.01 sys=0.00, real=0.01 secs] 
346.708: Total time for which application threads were stopped: 0.0013480 seconds, Stopping threads took: 0.0000990 seconds
346.793: Application time: 0.0855220 seconds
346.794: [GC [PSYoungGen: 37390K->1728K(36352K)] 73048K->37433K(78336K), 0.0008250 secs] [Times: user=0.00 sys=0.00, real=0.00 secs] 
346.794: Total time for which application threads were stopped: 0.0009740 seconds, Stopping threads took: 0.0000730 seconds
346.875: Application time: 0.0809620 seconds
346.875: [GC [PSYoungGen: 35779K->2816K(38400K)] 71485K->38554K(80384K), 0.0011320 secs] [Times: user=0.01 sys=0.00, real=0.00 secs] 
346.877: Total time for which application threads were stopped: 0.0012780 seconds, Stopping threads took: 0.0000720 seconds
346.962: Application time: 0.0851210 seconds
346.962: [GC [PSYoungGen: 36801K->736K(34816K)] 72539K->36529K(76800K), 0.0005270 secs] [Times: user=0.00 sys=0.00, real=0.00 secs] 
346.962: Total time for which application threads were stopped: 0.0006590 seconds, Stopping threads took: 0.0000710 seconds
347.043: Application time: 0.0801570 seconds
347.043: [GC [PSYoungGen: 34193K->1760K(36864K)] 69987K->37554K(78848K), 0.0007890 secs] [Times: user=0.00 sys=0.01, real=0.00 secs] 
347.043: Total time for which application threads were stopped: 0.0009290 seconds, Stopping threads took: 0.0000750 seconds
347.124: Application time: 0.0803880 seconds
347.124: [GC [PSYoungGen: 34779K->2784K(37376K)] 70573K->38578K(79360K), 0.0011120 secs] [Times: user=0.01 sys=0.00, real=0.00 secs] 
347.125: Total time for which application threads were stopped: 0.0013620 seconds, Stopping threads took: 0.0001780 seconds
347.206: Application time: 0.0803300 seconds
347.206: [GC [PSYoungGen: 35890K->2784K(44032K)] 71684K->38610K(86016K), 0.0010500 secs] [Times: user=0.01 sys=0.00, real=0.01 secs] 
347.207: Total time for which application threads were stopped: 0.0017550 seconds, Stopping threads took: 0.0000670 seconds
347.306: Application time: 0.0984160 seconds
347.306: [GC [PSYoungGen: 42574K->2288K(44032K)] 78400K->38198K(86016K), 0.0009740 secs] [Times: user=0.01 sys=0.00, real=0.01 secs] 
347.307: Total time for which application threads were stopped: 0.0011500 seconds, Stopping threads took: 0.0000980 seconds
347.405: Application time: 0.0985630 seconds
347.406: [GC [PSYoungGen: 42082K->768K(39936K)] 77993K->36782K(81920K), 0.0005330 secs] [Times: user=0.00 sys=0.00, real=0.00 secs] 
347.406: Total time for which application threads were stopped: 0.0007260 seconds, Stopping threads took: 0.0001240 seconds
347.499: Application time: 0.0926670 seconds
347.499: [GC [PSYoungGen: 39444K->2304K(40448K)] 75458K->38398K(82432K), 0.0009800 secs] [Times: user=0.01 sys=0.00, real=0.00 secs] 
347.500: Total time for which application threads were stopped: 0.0011250 seconds, Stopping threads took: 0.0000740 seconds
347.592: Application time: 0.0919420 seconds
347.592: [GC [PSYoungGen: 39878K->2816K(39936K)] 75972K->38958K(81920K), 0.0009680 secs] [Times: user=0.00 sys=0.00, real=0.00 secs] 
347.593: Total time for which application threads were stopped: 0.0011090 seconds, Stopping threads took: 0.0000660 seconds
347.684: Application time: 0.0911690 seconds
347.684: [GC [PSYoungGen: 39370K->1280K(37888K)] 75512K->37422K(79872K), 0.0006930 secs] [Times: user=0.00 sys=0.00, real=0.00 secs] 
347.685: Total time for which application threads were stopped: 0.0008220 seconds, Stopping threads took: 0.0000640 seconds
347.769: Application time: 0.0835280 seconds
347.769: [GC [PSYoungGen: 37303K->3840K(44544K)] 73445K->39982K(86528K), 0.0013630 secs] [Times: user=0.01 sys=0.00, real=0.00 secs] 
347.770: Total time for which application threads were stopped: 0.0015290 seconds, Stopping threads took: 0.0000880 seconds
347.870: Application time: 0.1000170 seconds
347.870: [GC [PSYoungGen: 44229K->1792K(41472K)] 80371K->37934K(83456K), 0.0008360 secs] [Times: user=0.00 sys=0.00, real=0.00 secs] 
347.871: Total time for which application threads were stopped: 0.0009750 seconds, Stopping threads took: 0.0000590 seconds
347.964: Application time: 0.0933690 seconds
347.965: [GC [PSYoungGen: 41062K->2816K(44032K)] 77204K->39074K(86016K), 0.0011800 secs] [Times: user=0.01 sys=0.00, real=0.00 secs] 
347.966: Total time for which application threads were stopped: 0.0013470 seconds, Stopping threads took: 0.0000940 seconds
348.062: Application time: 0.0960280 seconds
348.062: [GC [PSYoungGen: 42094K->1792K(40448K)] 78353K->38130K(82432K), 0.0008660 secs] [Times: user=0.00 sys=0.00, real=0.00 secs] 
348.063: Total time for which application threads were stopped: 0.0009960 seconds, Stopping threads took: 0.0000610 seconds
348.159: Application time: 0.0959870 seconds
348.159: [GC [PSYoungGen: 39958K->2272K(39936K)] 76296K->38686K(81920K), 0.0010900 secs] [Times: user=0.01 sys=0.00, real=0.00 secs] 
348.160: Total time for which application threads were stopped: 0.0012370 seconds, Stopping threads took: 0.0000770 seconds
348.248: Application time: 0.0883900 seconds
348.249: [GC [PSYoungGen: 39334K->2272K(39424K)] 75748K->38734K(81408K), 0.0009820 secs] [Times: user=0.00 sys=0.00, real=0.00 secs] 
348.250: Total time for which application threads were stopped: 0.0011400 seconds, Stopping threads took: 0.0000870 seconds
348.341: Application time: 0.0915100 seconds
348.341: [GC [PSYoungGen: 38822K->1792K(39936K)] 75284K->38254K(81920K), 0.0007660 secs] [Times: user=0.01 sys=0.00, real=0.00 secs] 
348.342: Total time for which application threads were stopped: 0.0009180 seconds, Stopping threads took: 0.0000830 seconds
348.429: Application time: 0.0867310 seconds
348.429: [GC [PSYoungGen: 37821K->2816K(38912K)] 74284K->39278K(80896K), 0.0011130 secs] [Times: user=0.00 sys=0.00, real=0.00 secs] 
348.430: Total time for which application threads were stopped: 0.0012630 seconds, Stopping threads took: 0.0000620 seconds
348.517: Application time: 0.0874240 seconds
348.518: [GC [PSYoungGen: 38572K->2304K(39936K)] 75035K->38766K(81920K), 0.0009560 secs] [Times: user=0.01 sys=0.00, real=0.00 secs] 
348.519: Total time for which application threads were stopped: 0.0010930 seconds, Stopping threads took: 0.0000700 seconds
348.605: Application time: 0.0869360 seconds
348.606: [GC [PSYoungGen: 37980K->1808K(37376K)] 74443K->38398K(79360K), 0.0008320 secs] [Times: user=0.01 sys=0.00, real=0.00 secs] 
348.607: Total time for which application threads were stopped: 0.0010420 seconds, Stopping threads took: 0.0001370 seconds
348.693: Application time: 0.0869160 seconds
348.694: [GC [PSYoungGen: 36895K->1280K(38400K)] 73486K->37958K(80384K), 0.0006420 secs] [Times: user=0.01 sys=0.00, real=0.00 secs] 
348.694: Total time for which application threads were stopped: 0.0007740 seconds, Stopping threads took: 0.0000670 seconds
348.776: Application time: 0.0818380 seconds
348.776: [GC [PSYoungGen: 35843K->2816K(38912K)] 72522K->39542K(80896K), 0.0011670 secs] [Times: user=0.01 sys=0.00, real=0.00 secs] 
348.777: Total time for which application threads were stopped: 0.0013180 seconds, Stopping threads took: 0.0000760 seconds
348.866: Application time: 0.0881360 seconds
348.866: [GC [PSYoungGen: 37396K->256K(34816K)] 74123K->37046K(76800K), 0.0003900 secs] [Times: user=0.00 sys=0.00, real=0.00 secs] 
348.866: Total time for which application threads were stopped: 0.0005030 seconds, Stopping threads took: 0.0000550 seconds
348.947: Application time: 0.0810990 seconds
348.947: [GC [PSYoungGen: 34229K->1280K(37888K)] 71020K->38126K(79872K), 0.0006160 secs] [Times: user=0.00 sys=0.00, real=0.00 secs] 
348.948: Total time for which application threads were stopped: 0.0007620 seconds, Stopping threads took: 0.0000710 seconds
349.029: Application time: 0.0815760 seconds
349.030: [GC [PSYoungGen: 34743K->1280K(34816K)] 71590K->38126K(76800K), 0.0005700 secs] [Times: user=0.00 sys=0.00, real=0.00 secs] 
349.030: Total time for which application threads were stopped: 0.0007000 seconds, Stopping threads took: 0.0000630 seconds
349.110: Application time: 0.0800330 seconds
349.110: [GC [PSYoungGen: 34386K->1280K(34304K)] 71233K->38126K(76288K), 0.0006100 secs] [Times: user=0.00 sys=0.00, real=0.00 secs] 
349.111: Total time for which application threads were stopped: 0.0007410 seconds, Stopping threads took: 0.0000690 seconds
349.191: Application time: 0.0804680 seconds
349.192: [GC [PSYoungGen: 33795K->768K(33792K)] 70642K->37710K(75776K), 0.0006140 secs] [Times: user=0.00 sys=0.00, real=0.00 secs] 
349.192: Total time for which application threads were stopped: 0.0007350 seconds, Stopping threads took: 0.0000580 seconds
349.268: Application time: 0.0762660 seconds
349.269: [GC [PSYoungGen: 32828K->2304K(34304K)] 69771K->39286K(76288K), 0.0010090 secs] [Times: user=0.01 sys=0.00, real=0.00 secs] 
349.270: Total time for which application threads were stopped: 0.0011500 seconds, Stopping threads took: 0.0000680 seconds
349.348: Application time: 0.0785040 seconds
349.348: [GC [PSYoungGen: 33783K->2272K(34816K)] 70766K->39339K(76800K), 0.0009900 secs] [Times: user=0.00 sys=0.00, real=0.00 secs] 
349.349: Total time for which application threads were stopped: 0.0011240 seconds, Stopping threads took: 0.0000640 seconds
349.425: Application time: 0.0755290 seconds
349.425: [GC [PSYoungGen: 33243K->1248K(32256K)] 70310K->38363K(74240K), 0.0006430 secs] [Times: user=0.00 sys=0.00, real=0.00 secs] 
349.426: Total time for which application threads were stopped: 0.0007730 seconds, Stopping threads took: 0.0000690 seconds
349.499: Application time: 0.0738280 seconds
349.499: [GC [PSYoungGen: 31682K->2816K(34816K)] 68797K->39971K(76800K), 0.0011240 secs] [Times: user=0.01 sys=0.00, real=0.00 secs] 
349.501: Total time for which application threads were stopped: 0.0012900 seconds, Stopping threads took: 0.0000830 seconds
349.575: Application time: 0.0744210 seconds
349.575: [GC [PSYoungGen: 33184K->2816K(34816K)] 70339K->40019K(76800K), 0.0010890 secs] [Times: user=0.01 sys=0.00, real=0.00 secs] 
349.576: Total time for which application threads were stopped: 0.0012340 seconds, Stopping threads took: 0.0000740 seconds
349.652: Application time: 0.0755980 seconds
349.652: [GC [PSYoungGen: 33201K->768K(31232K)] 70404K->37971K(73216K), 0.0005420 secs] [Times: user=0.01 sys=0.00, real=0.00 secs] 
349.653: Total time for which application threads were stopped: 0.0006650 seconds, Stopping threads took: 0.0000630 seconds
349.724: Application time: 0.0713710 seconds
349.724: [GC [PSYoungGen: 30610K->1792K(31744K)] 67813K->38995K(73728K), 0.0007700 secs] [Times: user=0.01 sys=0.00, real=0.00 secs] 
349.725: Total time for which application threads were stopped: 0.0009070 seconds, Stopping threads took: 0.0000710 seconds
349.798: Application time: 0.0729580 seconds
349.798: [GC [PSYoungGen: 31295K->736K(30208K)] 68498K->37939K(72192K), 0.0005400 secs] [Times: user=0.00 sys=0.00, real=0.00 secs] 
349.798: Total time for which application threads were stopped: 0.0006700 seconds, Stopping threads took: 0.0000720 seconds
349.868: Application time: 0.0694740 seconds
349.868: [GC [PSYoungGen: 29708K->1280K(30208K)] 66911K->38563K(72192K), 0.0006930 secs] [Times: user=0.00 sys=0.00, real=0.00 secs] 
349.869: Total time for which application threads were stopped: 0.0008740 seconds, Stopping threads took: 0.0001170 seconds
349.936: Application time: 0.0669850 seconds
349.936: [GC [PSYoungGen: 29662K->2272K(33792K)] 66945K->39619K(75776K), 0.0010240 secs] [Times: user=0.00 sys=0.00, real=0.00 secs] 
349.937: Total time for which application threads were stopped: 0.0011620 seconds, Stopping threads took: 0.0000670 seconds
350.008: Application time: 0.0712390 seconds
350.008: [GC [PSYoungGen: 31686K->2240K(33792K)] 69033K->39627K(75776K), 0.0010600 secs] [Times: user=0.01 sys=0.00, real=0.00 secs] 
350.009: Total time for which application threads were stopped: 0.0012220 seconds, Stopping threads took: 0.0000820 seconds
350.081: Application time: 0.0720570 seconds
350.082: [GC [PSYoungGen: 31656K->1792K(38912K)] 69043K->39235K(80896K), 0.0007230 secs] [Times: user=0.00 sys=0.00, real=0.00 secs] 
350.082: Total time for which application threads were stopped: 0.0008840 seconds, Stopping threads took: 0.0000900 seconds
350.169: Application time: 0.0868730 seconds
350.169: [GC [PSYoungGen: 37391K->1248K(36864K)] 74835K->38739K(78848K), 0.0006390 secs] [Times: user=0.00 sys=0.00, real=0.00 secs] 
350.170: Total time for which application threads were stopped: 0.0008000 seconds, Stopping threads took: 0.0000960 seconds
350.255: Application time: 0.0844750 seconds
350.255: [GC [PSYoungGen: 36251K->1792K(37888K)] 73743K->39331K(79872K), 0.0007260 secs] [Times: user=0.00 sys=0.00, real=0.01 secs] 
350.255: Total time for which application threads were stopped: 0.0008720 seconds, Stopping threads took: 0.0000780 seconds
350.338: Application time: 0.0828110 seconds
350.338: [GC [PSYoungGen: 36279K->2720K(38400K)] 73819K->40259K(80384K), 0.0011400 secs] [Times: user=0.01 sys=0.00, real=0.00 secs] 
350.339: Total time for which application threads were stopped: 0.0012830 seconds, Stopping threads took: 0.0000690 seconds
350.425: Application time: 0.0858510 seconds
350.426: [GC [PSYoungGen: 37372K->1248K(35840K)] 74911K->38787K(77824K), 0.0005970 secs] [Times: user=0.00 sys=0.00, real=0.00 secs] 
350.426: Total time for which application threads were stopped: 0.0007730 seconds, Stopping threads took: 0.0001110 seconds
350.507: Application time: 0.0805790 seconds
350.507: [GC [PSYoungGen: 35377K->2848K(43520K)] 72917K->40459K(85504K), 0.0010700 secs] [Times: user=0.01 sys=0.00, real=0.00 secs] 
350.508: Total time for which application threads were stopped: 0.0012450 seconds, Stopping threads took: 0.0001030 seconds
350.605: Application time: 0.0968500 seconds
350.605: [GC [PSYoungGen: 42560K->2304K(41472K)] 80171K->39995K(83456K), 0.0008980 secs] [Times: user=0.00 sys=0.00, real=0.00 secs] 
350.606: Total time for which application threads were stopped: 0.0010540 seconds, Stopping threads took: 0.0000720 seconds
350.700: Application time: 0.0942010 seconds
350.700: [GC [PSYoungGen: 41065K->2304K(40448K)] 78756K->40035K(82432K), 0.0010930 secs] [Times: user=0.01 sys=0.00, real=0.00 secs] 
350.701: Total time for which application threads were stopped: 0.0012310 seconds, Stopping threads took: 0.0000680 seconds
350.792: Application time: 0.0906630 seconds
350.792: [GC [PSYoungGen: 39956K->2816K(41984K)] 77687K->40631K(83968K), 0.0010120 secs] [Times: user=0.00 sys=0.00, real=0.00 secs] 
350.793: Total time for which application threads were stopped: 0.0011580 seconds, Stopping threads took: 0.0000730 seconds
350.887: Application time: 0.0936960 seconds
350.887: [GC [PSYoungGen: 40908K->2304K(39936K)] 78723K->40167K(81920K), 0.0009220 secs] [Times: user=0.00 sys=0.00, real=0.00 secs] 
350.888: Total time for which application threads were stopped: 0.0010470 seconds, Stopping threads took: 0.0000580 seconds
350.979: Application time: 0.0910050 seconds
350.979: [GC [PSYoungGen: 39368K->1728K(39424K)] 77231K->39591K(81408K), 0.0007910 secs] [Times: user=0.00 sys=0.00, real=0.00 secs] 
350.980: Total time for which application threads were stopped: 0.0009250 seconds, Stopping threads took: 0.0000670 seconds
351.069: Application time: 0.0892740 seconds
351.069: [GC [PSYoungGen: 38351K->2304K(38912K)] 76215K->40167K(80896K), 0.0009500 secs] [Times: user=0.00 sys=0.00, real=0.00 secs] 
351.070: Total time for which application threads were stopped: 0.0010810 seconds, Stopping threads took: 0.0000600 seconds
351.157: Application time: 0.0869500 seconds
351.157: [GC [PSYoungGen: 38572K->2320K(38912K)] 76436K->40223K(80896K), 0.0009910 secs] [Times: user=0.00 sys=0.00, real=0.00 secs] 
351.158: Total time for which application threads were stopped: 0.0011310 seconds, Stopping threads took: 0.0000640 seconds
351.245: Application time: 0.0864680 seconds
351.245: [GC [PSYoungGen: 37918K->2304K(39424K)] 75821K->40319K(81408K), 0.0009990 secs] [Times: user=0.01 sys=0.00, real=0.00 secs] 
351.246: Total time for which application threads were stopped: 0.0011500 seconds, Stopping threads took: 0.0000780 seconds
351.334: Application time: 0.0879120 seconds
351.334: [GC [PSYoungGen: 37902K->1760K(37376K)] 75918K->39823K(79360K), 0.0006830 secs] [Times: user=0.01 sys=0.00, real=0.00 secs] 
351.335: Total time for which application threads were stopped: 0.0008910 seconds, Stopping threads took: 0.0001420 seconds
351.419: Application time: 0.0847430 seconds
351.420: [GC [PSYoungGen: 36924K->1792K(36864K)] 74987K->39895K(78848K), 0.0008400 secs] [Times: user=0.00 sys=0.00, real=0.00 secs] 
351.420: Total time for which application threads were stopped: 0.0010020 seconds, Stopping threads took: 0.0000910 seconds
351.503: Application time: 0.0823930 seconds
351.503: [GC [PSYoungGen: 36279K->2784K(37376K)] 74383K->40963K(79360K), 0.0010260 secs] [Times: user=0.01 sys=0.00, real=0.00 secs] 
351.504: Total time for which application threads were stopped: 0.0011690 seconds, Stopping threads took: 0.0000670 seconds
351.588: Application time: 0.0838720 seconds
351.588: [GC [PSYoungGen: 36761K->2784K(43008K)] 74941K->40963K(84992K), 0.0011170 secs] [Times: user=0.01 sys=0.00, real=0.00 secs] 
351.589: Total time for which application threads were stopped: 0.0012720 seconds, Stopping threads took: 0.0000840 seconds
351.686: Application time: 0.0968600 seconds
351.686: [GC [PSYoungGen: 41986K->1280K(39936K)] 80166K->39459K(81920K), 0.0006260 secs] [Times: user=0.01 sys=0.00, real=0.01 secs] 
351.687: Total time for which application threads were stopped: 0.0007640 seconds, Stopping threads took: 0.0000690 seconds
351.778: Application time: 0.0914620 seconds
351.778: [GC [PSYoungGen: 39522K->2272K(39936K)] 77701K->40499K(81920K), 0.0010210 secs] [Times: user=0.01 sys=0.00, real=0.00 secs] 
351.779: Total time for which application threads were stopped: 0.0011530 seconds, Stopping threads took: 0.0000620 seconds
351.869: Application time: 0.0895800 seconds
351.869: [GC [PSYoungGen: 39492K->1792K(38912K)] 77720K->40104K(80896K), 0.0008800 secs] [Times: user=0.01 sys=0.00, real=0.00 secs] 
351.870: Total time for which application threads were stopped: 0.0011020 seconds, Stopping threads took: 0.0001540 seconds
351.960: Application time: 0.0897570 seconds
351.960: [GC [PSYoungGen: 38422K->704K(37376K)] 76734K->39096K(79360K), 0.0005380 secs] [Times: user=0.00 sys=0.00, real=0.00 secs] 
351.960: Total time for which application threads were stopped: 0.0006570 seconds, Stopping threads took: 0.0000560 seconds
352.048: Application time: 0.0874900 seconds
352.048: [GC [PSYoungGen: 36890K->1792K(38912K)] 75282K->40232K(80896K), 0.0008810 secs] [Times: user=0.00 sys=0.00, real=0.00 secs] 
352.049: Total time for which application threads were stopped: 0.0010160 seconds, Stopping threads took: 0.0000670 seconds
352.135: Application time: 0.0863630 seconds
352.136: [GC [PSYoungGen: 37307K->2272K(37888K)] 75747K->40792K(79872K), 0.0010230 secs] [Times: user=0.00 sys=0.00, real=0.00 secs] 
352.137: Total time for which application threads were stopped: 0.0012380 seconds, Stopping threads took: 0.0001440 seconds
352.223: Application time: 0.0864770 seconds
352.223: [GC [PSYoungGen: 37283K->768K(37888K)] 75804K->39288K(79872K), 0.0005140 secs] [Times: user=0.01 sys=0.00, real=0.00 secs] 
352.224: Total time for which application threads were stopped: 0.0006800 seconds, Stopping threads took: 0.0000990 seconds
352.306: Application time: 0.0817520 seconds
352.306: [GC [PSYoungGen: 35257K->1696K(36352K)] 73777K->40216K(78336K), 0.0008590 secs] [Times: user=0.00 sys=0.00, real=0.00 secs] 
352.307: Total time for which application threads were stopped: 0.0009970 seconds, Stopping threads took: 0.0000720 seconds
352.388: Application time: 0.0815040 seconds
352.388: [GC [PSYoungGen: 35826K->2832K(36864K)] 74346K->41352K(78848K), 0.0011990 secs] [Times: user=0.00 sys=0.00, real=0.00 secs] 
352.389: Total time for which application threads were stopped: 0.0013340 seconds, Stopping threads took: 0.0000610 seconds
352.471: Application time: 0.0817290 seconds
352.471: [GC [PSYoungGen: 36450K->3360K(37376K)] 74970K->41956K(79360K), 0.0013400 secs] [Times: user=0.01 sys=0.00, real=0.00 secs] 
352.473: Total time for which application threads were stopped: 0.0014880 seconds, Stopping threads took: 0.0000710 seconds
352.555: Application time: 0.0820250 seconds
352.555: [GC [PSYoungGen: 36904K->2816K(45056K)] 75500K->41484K(87040K), 0.0010030 secs] [Times: user=0.00 sys=0.00, real=0.00 secs] 
352.556: Total time for which application threads were stopped: 0.0011640 seconds, Stopping threads took: 0.0000790 seconds
352.656: Application time: 0.1002380 seconds
352.656: [GC [PSYoungGen: 43713K->2320K(45056K)] 82381K->41036K(87040K), 0.0008530 secs] [Times: user=0.00 sys=0.00, real=0.00 secs] 
352.657: Total time for which application threads were stopped: 0.0009870 seconds, Stopping threads took: 0.0000630 seconds
352.756: Application time: 0.0990530 seconds
352.756: [GC [PSYoungGen: 42980K->2304K(42496K)] 81696K->41144K(84480K), 0.0008660 secs] [Times: user=0.01 sys=0.00, real=0.00 secs] 
352.757: Total time for which application threads were stopped: 0.0010190 seconds, Stopping threads took: 0.0000690 seconds
352.855: Application time: 0.0976390 seconds
352.855: [GC [PSYoungGen: 41940K->1248K(40448K)] 80780K->40088K(82432K), 0.0006600 secs] [Times: user=0.00 sys=0.00, real=0.00 secs] 
352.855: Total time for which application threads were stopped: 0.0007920 seconds, Stopping threads took: 0.0000650 seconds
352.949: Application time: 0.0931910 seconds
352.949: [GC [PSYoungGen: 39846K->2816K(40960K)] 78686K->41656K(82944K), 0.0010570 secs] [Times: user=0.01 sys=0.00, real=0.00 secs] 
352.950: Total time for which application threads were stopped: 0.0012070 seconds, Stopping threads took: 0.0000760 seconds
353.042: Application time: 0.0918850 seconds
353.042: [GC [PSYoungGen: 40550K->2304K(39424K)] 79391K->41144K(81408K), 0.0010290 secs] [Times: user=0.01 sys=0.00, real=0.00 secs] 
353.043: Total time for which application threads were stopped: 0.0011740 seconds, Stopping threads took: 0.0000680 seconds
353.132: Application time: 0.0887950 seconds
353.132: [GC [PSYoungGen: 39006K->2832K(46080K)] 77846K->41744K(88064K), 0.0011180 secs] [Times: user=0.00 sys=0.00, real=0.00 secs] 
353.133: Total time for which application threads were stopped: 0.0012630 seconds, Stopping threads took: 0.0000710 seconds
353.239: Application time: 0.1056010 seconds
353.239: [GC [PSYoungGen: 45709K->1792K(44032K)] 84622K->40784K(86016K), 0.0006980 secs] [Times: user=0.00 sys=0.00, real=0.00 secs] 
353.239: Total time for which application threads were stopped: 0.0008290 seconds, Stopping threads took: 0.0000650 seconds
353.338: Application time: 0.0989010 seconds
353.339: [GC [PSYoungGen: 43630K->3360K(46080K)] 82623K->42428K(88064K), 0.0013670 secs] [Times: user=0.01 sys=0.01, real=0.00 secs] 
353.340: Total time for which application threads were stopped: 0.0015700 seconds, Stopping threads took: 0.0001120 seconds
353.444: Application time: 0.1042300 seconds
353.444: [GC [PSYoungGen: 45056K->1280K(42496K)] 84125K->40436K(84480K), 0.0007310 secs] [Times: user=0.00 sys=0.00, real=0.00 secs] 
353.445: Total time for which application threads were stopped: 0.0008540 seconds, Stopping threads took: 0.0000550 seconds
353.542: Application time: 0.0966730 seconds
353.542: [GC [PSYoungGen: 41936K->2240K(43008K)] 81093K->41396K(84992K), 0.0011180 secs] [Times: user=0.00 sys=0.00, real=0.00 secs] 
353.543: Total time for which application threads were stopped: 0.0012590 seconds, Stopping threads took: 0.0000710 seconds
353.639: Application time: 0.0958750 seconds
353.639: [GC [PSYoungGen: 41948K->2816K(41984K)] 81105K->41972K(83968K), 0.0011510 secs] [Times: user=0.00 sys=0.00, real=0.00 secs] 
353.640: Total time for which application threads were stopped: 0.0012940 seconds, Stopping threads took: 0.0000710 seconds
353.737: Application time: 0.0972150 seconds
353.737: [GC [PSYoungGen: 41660K->1280K(40960K)] 80817K->40484K(82944K), 0.0006920 secs] [Times: user=0.01 sys=0.00, real=0.00 secs] 
353.738: Total time for which application threads were stopped: 0.0008190 seconds, Stopping threads took: 0.0000630 seconds
353.829: Application time: 0.0906470 seconds
353.829: [GC [PSYoungGen: 38932K->1792K(38912K)] 78136K->41108K(80896K), 0.0008310 secs] [Times: user=0.01 sys=0.00, real=0.00 secs] 
353.830: Total time for which application threads were stopped: 0.0009650 seconds, Stopping threads took: 0.0000710 seconds
353.917: Application time: 0.0876990 seconds
353.918: [GC [PSYoungGen: 38490K->3296K(40960K)] 77806K->42652K(82944K), 0.0013610 secs] [Times: user=0.00 sys=0.00, real=0.00 secs] 
353.919: Total time for which application threads were stopped: 0.0015120 seconds, Stopping threads took: 0.0000670 seconds
354.008: Application time: 0.0894220 seconds
354.009: [GC [PSYoungGen: 39924K->2816K(40960K)] 79281K->42244K(82944K), 0.0011240 secs] [Times: user=0.01 sys=0.00, real=0.00 secs] 
354.010: Total time for which application threads were stopped: 0.0012740 seconds, Stopping threads took: 0.0000730 seconds
354.101: Application time: 0.0911770 seconds
354.101: [GC [PSYoungGen: 39370K->1280K(37888K)] 78799K->40772K(79872K), 0.0005900 secs] [Times: user=0.01 sys=0.00, real=0.00 secs] 
354.102: Total time for which application threads were stopped: 0.0007200 seconds, Stopping threads took: 0.0000670 seconds
354.190: Application time: 0.0882510 seconds
354.190: [GC [PSYoungGen: 37311K->1728K(37888K)] 76804K->41220K(79872K), 0.0008980 secs] [Times: user=0.00 sys=0.00, real=0.00 secs] 
354.191: Total time for which application threads were stopped: 0.0010410 seconds, Stopping threads took: 0.0000710 seconds
354.276: Application time: 0.0854140 seconds
354.276: [GC [PSYoungGen: 37325K->1792K(37376K)] 76818K->41284K(79360K), 0.0007100 secs] [Times: user=0.00 sys=0.00, real=0.00 secs] 
354.277: Total time for which application threads were stopped: 0.0008500 seconds, Stopping threads took: 0.0000720 seconds
354.362: Application time: 0.0850400 seconds
354.362: [GC [PSYoungGen: 36950K->2304K(37376K)] 76443K->41853K(79360K), 0.0010520 secs] [Times: user=0.00 sys=0.00, real=0.00 secs] 
354.363: Total time for which application threads were stopped: 0.0011920 seconds, Stopping threads took: 0.0000690 seconds
354.450: Application time: 0.0863940 seconds
354.450: [GC [PSYoungGen: 36880K->768K(35328K)] 76429K->40413K(77312K), 0.0006400 secs] [Times: user=0.01 sys=0.00, real=0.00 secs] 
354.451: Total time for which application threads were stopped: 0.0007780 seconds, Stopping threads took: 0.0000670 seconds
354.532: Application time: 0.0817050 seconds
354.532: [GC [PSYoungGen: 34900K->1296K(35328K)] 74545K->41013K(77312K), 0.0006510 secs] [Times: user=0.00 sys=0.00, real=0.00 secs] 
354.533: Total time for which application threads were stopped: 0.0008340 seconds, Stopping threads took: 0.0001170 seconds
354.615: Application time: 0.0821270 seconds
354.615: [GC [PSYoungGen: 34839K->768K(36864K)] 74556K->40581K(78848K), 0.0005460 secs] [Times: user=0.00 sys=0.00, real=0.00 secs] 
354.616: Total time for which application threads were stopped: 0.0006700 seconds, Stopping threads took: 0.0000610 seconds
354.696: Application time: 0.0801980 seconds
354.696: [GC [PSYoungGen: 33795K->704K(33792K)] 73608K->40565K(75776K), 0.0005340 secs] [Times: user=0.01 sys=0.00, real=0.00 secs] 
354.697: Total time for which application threads were stopped: 0.0006600 seconds, Stopping threads took: 0.0000620 seconds
354.771: Application time: 0.0745700 seconds
354.771: [GC [PSYoungGen: 33120K->2720K(35840K)] 72981K->42629K(77824K), 0.0012030 secs] [Times: user=0.01 sys=0.00, real=0.00 secs] 
354.773: Total time for which application threads were stopped: 0.0013610 seconds, Stopping threads took: 0.0000850 seconds
354.851: Application time: 0.0786350 seconds
354.851: [GC [PSYoungGen: 34723K->1792K(33792K)] 74632K->41701K(75776K), 0.0007660 secs] [Times: user=0.00 sys=0.00, real=0.00 secs] 
354.852: Total time for which application threads were stopped: 0.0008950 seconds, Stopping threads took: 0.0000670 seconds
354.928: Application time: 0.0758890 seconds
354.928: [GC [PSYoungGen: 33188K->1792K(33792K)] 73098K->41757K(75776K), 0.0008670 secs] [Times: user=0.00 sys=0.00, real=0.00 secs] 
354.929: Total time for which application threads were stopped: 0.0010290 seconds, Stopping threads took: 0.0000960 seconds
355.005: Application time: 0.0760210 seconds
355.005: [GC [PSYoungGen: 32835K->1760K(32768K)] 72800K->41725K(74752K), 0.0008130 secs] [Times: user=0.00 sys=0.00, real=0.00 secs] 
355.006: Total time for which application threads were stopped: 0.0009520 seconds, Stopping threads took: 0.0000680 seconds
355.081: Application time: 0.0746180 seconds
355.081: [GC [PSYoungGen: 32211K->1280K(33280K)] 72176K->41333K(75264K), 0.0006540 secs] [Times: user=0.00 sys=0.00, real=0.00 secs] 
355.082: Total time for which application threads were stopped: 0.0007820 seconds, Stopping threads took: 0.0000660 seconds
355.154: Application time: 0.0723850 seconds
355.154: [GC [PSYoungGen: 31202K->2304K(32256K)] 71255K->42405K(74240K), 0.0010050 secs] [Times: user=0.01 sys=0.00, real=0.01 secs] 
355.155: Total time for which application threads were stopped: 0.0011460 seconds, Stopping threads took: 0.0000690 seconds
355.225: Application time: 0.0701100 seconds
355.225: [GC [PSYoungGen: 31722K->1760K(33280K)] 71823K->41901K(75264K), 0.0007890 secs] [Times: user=0.00 sys=0.00, real=0.00 secs] 
355.226: Total time for which application threads were stopped: 0.0009260 seconds, Stopping threads took: 0.0000690 seconds
355.298: Application time: 0.0718080 seconds
355.298: [GC [PSYoungGen: 31252K->1792K(33280K)] 71394K->41981K(75264K), 0.0007950 secs] [Times: user=0.01 sys=0.00, real=0.00 secs] 
355.299: Total time for which application threads were stopped: 0.0009280 seconds, Stopping threads took: 0.0000650 seconds
355.370: Application time: 0.0714410 seconds
355.370: [GC [PSYoungGen: 31128K->1792K(31232K)] 71317K->42077K(73216K), 0.0007140 secs] [Times: user=0.00 sys=0.00, real=0.00 secs] 
355.371: Total time for which application threads were stopped: 0.0008770 seconds, Stopping threads took: 0.0000850 seconds
355.442: Application time: 0.0707220 seconds
355.442: [GC [PSYoungGen: 30616K->1280K(30208K)] 70901K->41565K(72192K), 0.0006670 secs] [Times: user=0.01 sys=0.00, real=0.00 secs] 
355.443: Total time for which application threads were stopped: 0.0007970 seconds, Stopping threads took: 0.0000610 seconds
355.509: Application time: 0.0667800 seconds
355.510: [GC [PSYoungGen: 29660K->2304K(36352K)] 69945K->42589K(78336K), 0.0008550 secs] [Times: user=0.00 sys=0.00, real=0.00 secs] 
355.510: Total time for which application threads were stopped: 0.0010080 seconds, Stopping threads took: 0.0000750 seconds
355.590: Application time: 0.0799420 seconds
355.591: [GC [PSYoungGen: 35255K->1792K(34816K)] 75541K->42141K(76800K), 0.0008060 secs] [Times: user=0.00 sys=0.00, real=0.00 secs] 
355.591: Total time for which application threads were stopped: 0.0009480 seconds, Stopping threads took: 0.0000750 seconds
355.671: Application time: 0.0793660 seconds
355.671: [GC [PSYoungGen: 34377K->1792K(34816K)] 74727K->42141K(76800K), 0.0007970 secs] [Times: user=0.00 sys=0.00, real=0.00 secs] 
355.672: Total time for which application threads were stopped: 0.0010000 seconds, Stopping threads took: 0.0001380 seconds
355.749: Application time: 0.0775140 seconds
355.749: [GC [PSYoungGen: 33795K->1280K(33280K)] 74144K->41725K(75264K), 0.0006740 secs] [Times: user=0.01 sys=0.00, real=0.00 secs] 
355.750: Total time for which application threads were stopped: 0.0008110 seconds, Stopping threads took: 0.0000710 seconds
355.826: Application time: 0.0755050 seconds
355.826: [GC [PSYoungGen: 32825K->2848K(34304K)] 73270K->43333K(76288K), 0.0011540 secs] [Times: user=0.01 sys=0.00, real=0.01 secs] 
355.827: Total time for which application threads were stopped: 0.0012960 seconds, Stopping threads took: 0.0000640 seconds
355.902: Application time: 0.0756070 seconds
355.903: [GC [PSYoungGen: 33819K->1792K(34816K)] 74305K->42365K(76800K), 0.0008160 secs] [Times: user=0.01 sys=0.00, real=0.00 secs] 
355.903: Total time for which application threads were stopped: 0.0009510 seconds, Stopping threads took: 0.0000690 seconds
355.977: Application time: 0.0740300 seconds
355.978: [GC [PSYoungGen: 32751K->2272K(40960K)] 73324K->42893K(82944K), 0.0008100 secs] [Times: user=0.00 sys=0.00, real=0.00 secs] 
355.978: Total time for which application threads were stopped: 0.0009480 seconds, Stopping threads took: 0.0000700 seconds
356.070: Application time: 0.0912040 seconds
356.070: [GC [PSYoungGen: 39848K->1792K(38912K)] 80469K->42477K(80896K), 0.0006990 secs] [Times: user=0.01 sys=0.00, real=0.00 secs] 
356.070: Total time for which application threads were stopped: 0.0008500 seconds, Stopping threads took: 0.0000740 seconds
356.158: Application time: 0.0879630 seconds
356.159: [GC [PSYoungGen: 38418K->2304K(38912K)] 79103K->42989K(80896K), 0.0009240 secs] [Times: user=0.00 sys=0.01, real=0.00 secs] 
356.160: Total time for which application threads were stopped: 0.0010710 seconds, Stopping threads took: 0.0000760 seconds
356.249: Application time: 0.0896960 seconds
356.249: [GC [PSYoungGen: 38340K->1792K(37888K)] 79025K->42533K(79872K), 0.0008260 secs] [Times: user=0.01 sys=0.00, real=0.00 secs] 
356.250: Total time for which application threads were stopped: 0.0009630 seconds, Stopping threads took: 0.0000700 seconds
356.337: Application time: 0.0866330 seconds
356.337: [GC [PSYoungGen: 37470K->1280K(37888K)] 78211K->42021K(79872K), 0.0006550 secs] [Times: user=0.00 sys=0.00, real=0.00 secs] 
356.338: Total time for which application threads were stopped: 0.0007830 seconds, Stopping threads took: 0.0000610 seconds
356.423: Application time: 0.0853510 seconds
356.423: [GC [PSYoungGen: 36442K->1280K(36352K)] 77183K->42101K(78336K), 0.0006610 secs] [Times: user=0.00 sys=0.00, real=0.00 secs] 
356.424: Total time for which application threads were stopped: 0.0007970 seconds, Stopping threads took: 0.0000690 seconds
356.505: Application time: 0.0811600 seconds
356.505: [GC [PSYoungGen: 35843K->2816K(37376K)] 76665K->43709K(79360K), 0.0012220 secs] [Times: user=0.01 sys=0.00, real=0.00 secs] 
356.506: Total time for which application threads were stopped: 0.0013720 seconds, Stopping threads took: 0.0000760 seconds
356.591: Application time: 0.0842670 seconds
356.591: [GC [PSYoungGen: 36954K->1280K(35328K)] 77848K->42229K(77312K), 0.0006440 secs] [Times: user=0.00 sys=0.00, real=0.00 secs] 
356.591: Total time for which application threads were stopped: 0.0008070 seconds, Stopping threads took: 0.0000880 seconds
356.672: Application time: 0.0807550 seconds
356.672: [GC [PSYoungGen: 34745K->1248K(36352K)] 75695K->42277K(78336K), 0.0006610 secs] [Times: user=0.00 sys=0.00, real=0.00 secs] 
356.673: Total time for which application threads were stopped: 0.0007880 seconds, Stopping threads took: 0.0000620 seconds
356.753: Application time: 0.0800580 seconds
356.753: [GC [PSYoungGen: 34193K->1792K(34816K)] 75223K->42821K(76800K), 0.0008370 secs] [Times: user=0.00 sys=0.00, real=0.00 secs] 
356.754: Total time for which application threads were stopped: 0.0009640 seconds, Stopping threads took: 0.0000590 seconds
356.831: Application time: 0.0767770 seconds
356.831: [GC [PSYoungGen: 34299K->2272K(34816K)] 75329K->43301K(76800K), 0.0009990 secs] [Times: user=0.00 sys=0.00, real=0.00 secs] 
356.832: Total time for which application threads were stopped: 0.0011280 seconds, Stopping threads took: 0.0000610 seconds
356.910: Application time: 0.0782540 seconds
356.910: [GC [PSYoungGen: 34267K->2304K(35328K)] 75297K->43390K(77312K), 0.0009680 secs] [Times: user=0.00 sys=0.00, real=0.00 secs] 
356.911: Total time for which application threads were stopped: 0.0011160 seconds, Stopping threads took: 0.0000770 seconds
356.988: Application time: 0.0766410 seconds
356.988: [GC [PSYoungGen: 34299K->2304K(42496K)] 75385K->43446K(84480K), 0.0009510 secs] [Times: user=0.00 sys=0.00, real=0.00 secs] 
356.989: Total time for which application threads were stopped: 0.0010940 seconds, Stopping threads took: 0.0000720 seconds
357.084: Application time: 0.0953780 seconds
357.084: [GC [PSYoungGen: 41149K->768K(38912K)] 82290K->41966K(80896K), 0.0005570 secs] [Times: user=0.01 sys=0.00, real=0.00 secs] 
357.085: Total time for which application threads were stopped: 0.0006890 seconds, Stopping threads took: 0.0000690 seconds
357.176: Application time: 0.0909750 seconds
357.176: [GC [PSYoungGen: 38342K->1216K(39424K)] 79540K->42534K(81408K), 0.0006430 secs] [Times: user=0.00 sys=0.00, real=0.00 secs] 
357.177: Total time for which application threads were stopped: 0.0007710 seconds, Stopping threads took: 0.0000540 seconds
357.264: Application time: 0.0868890 seconds
357.264: [GC [PSYoungGen: 37912K->3360K(39936K)] 79230K->44678K(81920K), 0.0012900 secs] [Times: user=0.01 sys=0.00, real=0.00 secs] 
357.265: Total time for which application threads were stopped: 0.0014300 seconds, Stopping threads took: 0.0000600 seconds
357.353: Application time: 0.0877460 seconds
357.353: [GC [PSYoungGen: 39398K->2272K(40448K)] 80716K->43658K(82432K), 0.0009810 secs] [Times: user=0.00 sys=0.00, real=0.00 secs] 
357.354: Total time for which application threads were stopped: 0.0011500 seconds, Stopping threads took: 0.0000930 seconds
357.443: Application time: 0.0886040 seconds
357.443: [GC [PSYoungGen: 38386K->1760K(37888K)] 79772K->43146K(79872K), 0.0008350 secs] [Times: user=0.00 sys=0.00, real=0.00 secs] 
357.444: Total time for which application threads were stopped: 0.0009750 seconds, Stopping threads took: 0.0000710 seconds
357.531: Application time: 0.0879110 seconds
357.532: [GC [PSYoungGen: 37357K->1792K(38400K)] 78744K->43242K(80384K), 0.0007980 secs] [Times: user=0.00 sys=0.00, real=0.00 secs] 
357.532: Total time for which application threads were stopped: 0.0009330 seconds, Stopping threads took: 0.0000680 seconds
357.618: Application time: 0.0852710 seconds
357.618: [GC [PSYoungGen: 36875K->1792K(36864K)] 78326K->43290K(78848K), 0.0008200 secs] [Times: user=0.01 sys=0.00, real=0.00 secs] 
357.619: Total time for which application threads were stopped: 0.0010060 seconds, Stopping threads took: 0.0001000 seconds
357.704: Application time: 0.0852940 seconds
357.704: [GC [PSYoungGen: 36438K->1744K(37376K)] 77936K->43282K(79360K), 0.0008150 secs] [Times: user=0.01 sys=0.00, real=0.00 secs] 
357.705: Total time for which application threads were stopped: 0.0010160 seconds, Stopping threads took: 0.0001260 seconds
357.788: Application time: 0.0829010 seconds
357.788: [GC [PSYoungGen: 35801K->1728K(35840K)] 77340K->43330K(77824K), 0.0009400 secs] [Times: user=0.00 sys=0.00, real=0.00 secs] 
357.789: Total time for which application threads were stopped: 0.0010880 seconds, Stopping threads took: 0.0000800 seconds
357.870: Application time: 0.0809680 seconds
357.870: [GC [PSYoungGen: 35269K->1792K(35840K)] 76872K->43442K(77824K), 0.0008410 secs] [Times: user=0.00 sys=0.00, real=0.00 secs] 
357.871: Total time for which application threads were stopped: 0.0010230 seconds, Stopping threads took: 0.0001120 seconds
357.951: Application time: 0.0803170 seconds
357.951: [GC [PSYoungGen: 34815K->2240K(36352K)] 76465K->43930K(78336K), 0.0010350 secs] [Times: user=0.00 sys=0.00, real=0.00 secs] 
357.953: Total time for which application threads were stopped: 0.0011690 seconds, Stopping threads took: 0.0000660 seconds
358.034: Application time: 0.0810470 seconds
358.034: [GC [PSYoungGen: 35185K->2816K(42496K)] 76875K->44554K(84480K), 0.0009590 secs] [Times: user=0.01 sys=0.00, real=0.00 secs] 
358.035: Total time for which application threads were stopped: 0.0011030 seconds, Stopping threads took: 0.0000700 seconds
358.130: Application time: 0.0957930 seconds
358.131: [GC [PSYoungGen: 42014K->2304K(40960K)] 83752K->44042K(82944K), 0.0008520 secs] [Times: user=0.00 sys=0.00, real=0.00 secs] 
358.131: Total time for which application threads were stopped: 0.0009940 seconds, Stopping threads took: 0.0000720 seconds
358.228: Application time: 0.0962690 seconds
358.228: [GC [PSYoungGen: 40476K->1280K(39936K)] 82214K->43074K(81920K), 0.0006350 secs] [Times: user=0.01 sys=0.00, real=0.00 secs] 
358.229: Total time for which application threads were stopped: 0.0007780 seconds, Stopping threads took: 0.0000690 seconds
358.319: Application time: 0.0900480 seconds
358.319: [GC [PSYoungGen: 38418K->1280K(38400K)] 80212K->43146K(80384K), 0.0006850 secs] [Times: user=0.00 sys=0.00, real=0.00 secs] 
358.319: Total time for which application threads were stopped: 0.0008330 seconds, Stopping threads took: 0.0000850 seconds
358.409: Application time: 0.0892090 seconds
358.409: [GC [PSYoungGen: 38060K->2336K(39424K)] 79926K->44258K(81408K), 0.0009770 secs] [Times: user=0.01 sys=0.00, real=0.00 secs] 
358.410: [Full GC [PSYoungGen: 2336K->0K(39424K)] [ParOldGen: 41922K->9022K(39936K)] 44258K->9022K(79360K) [PSPermGen: 5186K->5186K(21504K)], 0.0053790 secs] [Times: user=0.02 sys=0.01, real=0.01 secs] 
358.415: Total time for which application threads were stopped: 0.0065400 seconds, Stopping threads took: 0.0000620 seconds
358.501: Application time: 0.0863360 seconds
358.502: [GC [PSYoungGen: 36029K->3328K(39424K)] 45052K->12350K(79360K), 0.0012410 secs] [Times: user=0.00 sys=0.00, real=0.00 secs] 
358.503: Total time for which application threads were stopped: 0.0013890 seconds, Stopping threads took: 0.0000740 seconds
358.591: Application time: 0.0882630 seconds
358.591: [GC [PSYoungGen: 39008K->2304K(37888K)] 48030K->11326K(77824K), 0.0009400 secs] [Times: user=0.01 sys=0.00, real=0.00 secs] 
358.592: Total time for which application threads were stopped: 0.0010790 seconds, Stopping threads took: 0.0000650 seconds
358.679: Application time: 0.0863120 seconds
358.679: [GC [PSYoungGen: 37313K->1280K(36352K)] 46336K->10398K(76288K), 0.0006230 secs] [Times: user=0.00 sys=0.00, real=0.00 secs] 
358.679: Total time for which application threads were stopped: 0.0008020 seconds, Stopping threads took: 0.0001130 seconds
358.762: Application time: 0.0823050 seconds
358.762: [GC [PSYoungGen: 35843K->2784K(37888K)] 44962K->11902K(77824K), 0.0011000 secs] [Times: user=0.01 sys=0.00, real=0.00 secs] 
358.763: Total time for which application threads were stopped: 0.0012600 seconds, Stopping threads took: 0.0000730 seconds
358.846: Application time: 0.0831600 seconds
358.846: [GC [PSYoungGen: 36840K->2816K(38400K)] 45958K->11982K(78336K), 0.0011040 secs] [Times: user=0.00 sys=0.00, real=0.01 secs] 
358.847: Total time for which application threads were stopped: 0.0012490 seconds, Stopping threads took: 0.0000730 seconds
358.933: Application time: 0.0853730 seconds
358.933: [GC [PSYoungGen: 36882K->224K(34304K)] 46048K->9446K(74240K), 0.0003810 secs] [Times: user=0.00 sys=0.00, real=0.00 secs] 
358.933: Total time for which application threads were stopped: 0.0004930 seconds, Stopping threads took: 0.0000530 seconds
359.014: Application time: 0.0808100 seconds
359.014: [GC [PSYoungGen: 33842K->768K(37376K)] 43064K->10038K(77312K), 0.0004360 secs] [Times: user=0.00 sys=0.00, real=0.00 secs] 
359.015: Total time for which application threads were stopped: 0.0005650 seconds, Stopping threads took: 0.0000680 seconds
359.094: Application time: 0.0789880 seconds
359.094: [GC [PSYoungGen: 33787K->1792K(34816K)] 43058K->11150K(74752K), 0.0006580 secs] [Times: user=0.00 sys=0.00, real=0.00 secs] 
359.094: Total time for which application threads were stopped: 0.0007850 seconds, Stopping threads took: 0.0000620 seconds
359.173: Application time: 0.0791030 seconds
359.174: [GC [PSYoungGen: 34229K->1280K(33792K)] 43588K->10686K(73728K), 0.0006140 secs] [Times: user=0.00 sys=0.00, real=0.00 secs] 
359.174: Total time for which application threads were stopped: 0.0007450 seconds, Stopping threads took: 0.0000690 seconds
359.250: Application time: 0.0763080 seconds
359.251: [GC [PSYoungGen: 33341K->2832K(34816K)] 42748K->12238K(74752K), 0.0011640 secs] [Times: user=0.01 sys=0.00, real=0.00 secs] 
359.252: Total time for which application threads were stopped: 0.0013110 seconds, Stopping threads took: 0.0000710 seconds
359.329: Application time: 0.0775910 seconds
359.330: [GC [PSYoungGen: 34241K->1792K(33280K)] 43648K->11286K(73216K), 0.0008380 secs] [Times: user=0.01 sys=0.00, real=0.00 secs] 
359.330: Total time for which application threads were stopped: 0.0009730 seconds, Stopping threads took: 0.0000580 seconds
359.405: Application time: 0.0746200 seconds
359.405: [GC [PSYoungGen: 32750K->2304K(34304K)] 42245K->11798K(74240K), 0.0009160 secs] [Times: user=0.01 sys=0.00, real=0.00 secs] 
359.406: Total time for which application threads were stopped: 0.0010670 seconds, Stopping threads took: 0.0000820 seconds
359.480: Application time: 0.0740070 seconds
359.480: [GC [PSYoungGen: 32755K->1792K(32256K)] 42250K->11334K(72192K), 0.0007880 secs] [Times: user=0.00 sys=0.00, real=0.00 secs] 
359.481: Total time for which application threads were stopped: 0.0009820 seconds, Stopping threads took: 0.0001270 seconds
359.553: Application time: 0.0718100 seconds
359.553: [GC [PSYoungGen: 31644K->1792K(32768K)] 41187K->11382K(72704K), 0.0007430 secs] [Times: user=0.00 sys=0.00, real=0.00 secs] 
359.554: Total time for which application threads were stopped: 0.0008810 seconds, Stopping threads took: 0.0000740 seconds
359.626: Application time: 0.0722890 seconds
359.626: [GC [PSYoungGen: 31280K->2288K(33280K)] 40871K->11878K(73216K), 0.0008990 secs] [Times: user=0.00 sys=0.00, real=0.01 secs] 
359.627: Total time for which application threads were stopped: 0.0010400 seconds, Stopping threads took: 0.0000730 seconds
359.699: Application time: 0.0716160 seconds
359.699: [GC [PSYoungGen: 31702K->2304K(39424K)] 41293K->11983K(79360K), 0.0007750 secs] [Times: user=0.00 sys=0.00, real=0.00 secs] 
359.700: Total time for which application threads were stopped: 0.0009120 seconds, Stopping threads took: 0.0000680 seconds
359.787: Application time: 0.0878290 seconds
359.788: [GC [PSYoungGen: 37901K->2304K(37888K)] 47580K->12023K(77824K), 0.0008460 secs] [Times: user=0.01 sys=0.00, real=0.00 secs] 
359.788: Total time for which application threads were stopped: 0.0009800 seconds, Stopping threads took: 0.0000660 seconds
359.873: Application time: 0.0847230 seconds
359.873: [GC [PSYoungGen: 37466K->2288K(37888K)] 47185K->12047K(77824K), 0.0008890 secs] [Times: user=0.00 sys=0.00, real=0.00 secs] 
359.874: Total time for which application threads were stopped: 0.0010420 seconds, Stopping threads took: 0.0000720 seconds
359.959: Application time: 0.0845630 seconds
359.959: [GC [PSYoungGen: 36781K->1760K(36352K)] 46540K->11583K(76288K), 0.0007830 secs] [Times: user=0.00 sys=0.00, real=0.00 secs] 
359.960: Total time for which application threads were stopped: 0.0009190 seconds, Stopping threads took: 0.0000680 seconds
360.041: Application time: 0.0816380 seconds
360.041: [GC [PSYoungGen: 35816K->1760K(36864K)] 45639K->11583K(76800K), 0.0007510 secs] [Times: user=0.00 sys=0.00, real=0.00 secs] 
360.042: Total time for which application threads were stopped: 0.0009560 seconds, Stopping threads took: 0.0001390 seconds
360.127: Application time: 0.0842450 seconds
360.127: [GC [PSYoungGen: 35227K->736K(34304K)] 45050K->10615K(74240K), 0.0004690 secs] [Times: user=0.00 sys=0.00, real=0.01 secs] 
360.127: Total time for which application threads were stopped: 0.0006010 seconds, Stopping threads took: 0.0000720 seconds
360.207: Application time: 0.0795900 seconds
360.207: [GC [PSYoungGen: 33761K->1280K(35840K)] 43640K->11159K(75776K), 0.0005840 secs] [Times: user=0.00 sys=0.00, real=0.00 secs] 
360.207: Total time for which application threads were stopped: 0.0007090 seconds, Stopping threads took: 0.0000640 seconds
360.284: Application time: 0.0762720 seconds
360.284: [GC [PSYoungGen: 33857K->2848K(35328K)] 43736K->12775K(75264K), 0.0011060 secs] [Times: user=0.01 sys=0.00, real=0.00 secs] 
360.285: Total time for which application threads were stopped: 0.0012380 seconds, Stopping threads took: 0.0000590 seconds
360.364: Application time: 0.0789650 seconds
360.364: [GC [PSYoungGen: 34929K->1792K(34816K)] 44856K->11799K(74752K), 0.0007610 secs] [Times: user=0.00 sys=0.00, real=0.00 secs] 
360.365: Total time for which application threads were stopped: 0.0008940 seconds, Stopping threads took: 0.0000690 seconds
360.442: Application time: 0.0776090 seconds
360.443: [GC [PSYoungGen: 33197K->1280K(32768K)] 43204K->11367K(72704K), 0.0006120 secs] [Times: user=0.00 sys=0.01, real=0.00 secs] 
360.443: Total time for which application threads were stopped: 0.0007420 seconds, Stopping threads took: 0.0000570 seconds
360.519: Application time: 0.0757540 seconds
360.519: [GC [PSYoungGen: 32239K->1216K(33792K)] 42326K->11303K(73728K), 0.0006550 secs] [Times: user=0.00 sys=0.00, real=0.00 secs] 
360.520: Total time for which application threads were stopped: 0.0008070 seconds, Stopping threads took: 0.0000910 seconds
360.594: Application time: 0.0738230 seconds
360.594: [GC [PSYoungGen: 31662K->1792K(32256K)] 41750K->11935K(72192K), 0.0007190 secs] [Times: user=0.01 sys=0.00, real=0.00 secs] 
360.594: Total time for which application threads were stopped: 0.0008480 seconds, Stopping threads took: 0.0000620 seconds
360.666: Application time: 0.0719720 seconds
360.666: [GC [PSYoungGen: 31636K->2816K(32768K)] 41779K->13007K(72704K), 0.0010860 secs] [Times: user=0.01 sys=0.00, real=0.01 secs] 
360.668: Total time for which application threads were stopped: 0.0012530 seconds, Stopping threads took: 0.0000930 seconds
360.740: Application time: 0.0725750 seconds
360.740: [GC [PSYoungGen: 32239K->1792K(31232K)] 42430K->11983K(71168K), 0.0007480 secs] [Times: user=0.00 sys=0.00, real=0.00 secs] 
360.741: Total time for which application threads were stopped: 0.0008820 seconds, Stopping threads took: 0.0000680 seconds
360.811: Application time: 0.0698050 seconds
360.811: [GC [PSYoungGen: 30690K->1792K(31744K)] 40881K->12039K(71680K), 0.0007660 secs] [Times: user=0.00 sys=0.00, real=0.00 secs] 
360.812: Total time for which application threads were stopped: 0.0009130 seconds, Stopping threads took: 0.0000770 seconds
360.881: Application time: 0.0689310 seconds
360.881: [GC [PSYoungGen: 30256K->1280K(29696K)] 40504K->11575K(69632K), 0.0006110 secs] [Times: user=0.00 sys=0.00, real=0.00 secs] 
360.882: Total time for which application threads were stopped: 0.0007730 seconds, Stopping threads took: 0.0000910 seconds
360.949: Application time: 0.0673650 seconds
360.949: [GC [PSYoungGen: 29146K->2304K(31744K)] 39441K->12679K(71680K), 0.0009540 secs] [Times: user=0.01 sys=0.00, real=0.00 secs] 
360.950: Total time for which application threads were stopped: 0.0011930 seconds, Stopping threads took: 0.0001560 seconds
361.019: Application time: 0.0686820 seconds
361.019: [GC [PSYoungGen: 30176K->2304K(31744K)] 40552K->12735K(71680K), 0.0008790 secs] [Times: user=0.00 sys=0.00, real=0.00 secs] 
361.020: Total time for which application threads were stopped: 0.0010360 seconds, Stopping threads took: 0.0000880 seconds
361.087: Application time: 0.0674190 seconds
361.087: [GC [PSYoungGen: 30098K->1760K(36352K)] 40529K->12247K(76288K), 0.0006650 secs] [Times: user=0.00 sys=0.00, real=0.00 secs] 
361.088: Total time for which application threads were stopped: 0.0007950 seconds, Stopping threads took: 0.0000630 seconds
361.171: Application time: 0.0826060 seconds
361.171: [GC [PSYoungGen: 35299K->1792K(35328K)] 45787K->12279K(75264K), 0.0007250 secs] [Times: user=0.00 sys=0.00, real=0.00 secs] 
361.172: Total time for which application threads were stopped: 0.0008810 seconds, Stopping threads took: 0.0000900 seconds
361.252: Application time: 0.0804170 seconds
361.252: [GC [PSYoungGen: 34821K->1280K(35328K)] 45309K->11815K(75264K), 0.0005280 secs] [Times: user=0.00 sys=0.00, real=0.00 secs] 
361.253: Total time for which application threads were stopped: 0.0006580 seconds, Stopping threads took: 0.0000690 seconds
361.330: Application time: 0.0775420 seconds
361.330: [GC [PSYoungGen: 33787K->1760K(34304K)] 44323K->12351K(74240K), 0.0007470 secs] [Times: user=0.00 sys=0.00, real=0.00 secs] 
361.331: Total time for which application threads were stopped: 0.0008910 seconds, Stopping threads took: 0.0000750 seconds
361.411: Application time: 0.0803080 seconds
361.411: [GC [PSYoungGen: 33685K->768K(34304K)] 44277K->11423K(74240K), 0.0004770 secs] [Times: user=0.00 sys=0.00, real=0.00 secs] 
361.412: Total time for which application threads were stopped: 0.0006260 seconds, Stopping threads took: 0.0000900 seconds
361.485: Application time: 0.0726470 seconds
361.485: [GC [PSYoungGen: 32226K->2816K(34304K)] 42882K->13983K(74240K), 0.0012430 secs] [Times: user=0.01 sys=0.00, real=0.00 secs] 
361.486: Total time for which application threads were stopped: 0.0014170 seconds, Stopping threads took: 0.0000890 seconds
361.565: Application time: 0.0794810 seconds
361.566: [GC [PSYoungGen: 33873K->1280K(33792K)] 45041K->12503K(73728K), 0.0005940 secs] [Times: user=0.00 sys=0.00, real=0.00 secs] 
361.566: Total time for which application threads were stopped: 0.0007250 seconds, Stopping threads took: 0.0000660 seconds
361.638: Application time: 0.0714800 seconds
361.638: [GC [PSYoungGen: 31720K->2304K(32768K)] 42944K->13607K(72704K), 0.0009270 secs] [Times: user=0.00 sys=0.01, real=0.00 secs] 
361.639: Total time for which application threads were stopped: 0.0010640 seconds, Stopping threads took: 0.0000680 seconds
361.711: Application time: 0.0725990 seconds
361.711: [GC [PSYoungGen: 32226K->3328K(33280K)] 43530K->14671K(73216K), 0.0013140 secs] [Times: user=0.01 sys=0.00, real=0.00 secs] 
361.713: Total time for which application threads were stopped: 0.0014520 seconds, Stopping threads took: 0.0000650 seconds
361.784: Application time: 0.0710430 seconds
361.784: [GC [PSYoungGen: 32668K->2816K(33792K)] 44012K->14199K(73728K), 0.0010470 secs] [Times: user=0.00 sys=0.00, real=0.00 secs] 
361.785: Total time for which application threads were stopped: 0.0011840 seconds, Stopping threads took: 0.0000670 seconds
361.858: Application time: 0.0725940 seconds
361.858: [GC [PSYoungGen: 32312K->2304K(39936K)] 43696K->13687K(79872K), 0.0008140 secs] [Times: user=0.01 sys=0.00, real=0.00 secs] 
361.859: Total time for which application threads were stopped: 0.0009570 seconds, Stopping threads took: 0.0000730 seconds
361.946: Application time: 0.0869210 seconds
361.946: [GC [PSYoungGen: 37825K->1792K(39936K)] 49209K->13263K(79872K), 0.0007520 secs] [Times: user=0.01 sys=0.00, real=0.00 secs] 
361.946: Total time for which application threads were stopped: 0.0008820 seconds, Stopping threads took: 0.0000660 seconds
362.033: Application time: 0.0864680 seconds
362.033: [GC [PSYoungGen: 37392K->1248K(36864K)] 48864K->12719K(76800K), 0.0005320 secs] [Times: user=0.00 sys=0.00, real=0.00 secs] 
362.034: Total time for which application threads were stopped: 0.0006760 seconds, Stopping threads took: 0.0000670 seconds
362.117: Application time: 0.0838980 seconds
362.118: [GC [PSYoungGen: 36323K->3328K(45056K)] 47795K->14839K(84992K), 0.0010860 secs] [Times: user=0.01 sys=0.00, real=0.00 secs] 
362.119: Total time for which application threads were stopped: 0.0012400 seconds, Stopping threads took: 0.0000740 seconds
362.219: Application time: 0.1002090 seconds
362.219: [GC [PSYoungGen: 44660K->2816K(46592K)] 56172K->14360K(86528K), 0.0010040 secs] [Times: user=0.01 sys=0.00, real=0.00 secs] 
362.220: Total time for which application threads were stopped: 0.0011510 seconds, Stopping threads took: 0.0000740 seconds
362.323: Application time: 0.1028380 seconds
362.323: [GC [PSYoungGen: 45099K->2304K(44032K)] 56643K->13920K(83968K), 0.0009150 secs] [Times: user=0.01 sys=0.00, real=0.00 secs] 
362.325: Total time for which application threads were stopped: 0.0016350 seconds, Stopping threads took: 0.0000660 seconds
362.423: Application time: 0.0979720 seconds
362.423: [GC [PSYoungGen: 43554K->2816K(43520K)] 55170K->14472K(83456K), 0.0010740 secs] [Times: user=0.01 sys=0.00, real=0.00 secs] 
362.424: Total time for which application threads were stopped: 0.0013100 seconds, Stopping threads took: 0.0001570 seconds
362.523: Application time: 0.0995020 seconds
362.523: [GC [PSYoungGen: 43118K->2848K(42496K)] 54774K->14552K(82432K), 0.0011360 secs] [Times: user=0.00 sys=0.00, real=0.00 secs] 
362.525: Total time for which application threads were stopped: 0.0012950 seconds, Stopping threads took: 0.0000860 seconds
362.620: Application time: 0.0956490 seconds
362.620: [GC [PSYoungGen: 42048K->1792K(41472K)] 53752K->13576K(81408K), 0.0007920 secs] [Times: user=0.00 sys=0.00, real=0.00 secs] 
362.621: Total time for which application threads were stopped: 0.0009300 seconds, Stopping threads took: 0.0000690 seconds
362.712: Application time: 0.0909320 seconds
362.712: [GC [PSYoungGen: 39878K->2816K(40448K)] 51662K->14648K(80384K), 0.0011070 secs] [Times: user=0.01 sys=0.00, real=0.00 secs] 
362.713: Total time for which application threads were stopped: 0.0012560 seconds, Stopping threads took: 0.0000740 seconds
362.805: Application time: 0.0917070 seconds
362.805: [GC [PSYoungGen: 40040K->1280K(39424K)] 51872K->13112K(79360K), 0.0006240 secs] [Times: user=0.00 sys=0.00, real=0.00 secs] 
362.806: Total time for which application threads were stopped: 0.0007500 seconds, Stopping threads took: 0.0000630 seconds
362.893: Application time: 0.0872480 seconds
362.893: [GC [PSYoungGen: 37474K->256K(39936K)] 49306K->12176K(79872K), 0.0003770 secs] [Times: user=0.00 sys=0.00, real=0.00 secs] 
362.894: Total time for which application threads were stopped: 0.0004930 seconds, Stopping threads took: 0.0000550 seconds
362.977: Application time: 0.0837260 seconds
362.977: [GC [PSYoungGen: 35843K->2816K(39424K)] 47763K->14808K(79360K), 0.0010900 secs] [Times: user=0.01 sys=0.00, real=0.00 secs] 
362.979: Total time for which application threads were stopped: 0.0012400 seconds, Stopping threads took: 0.0000720 seconds
363.063: Application time: 0.0845820 seconds
363.063: [GC [PSYoungGen: 37823K->2304K(37376K)] 49816K->14352K(77312K), 0.0009550 secs] [Times: user=0.01 sys=0.00, real=0.00 secs] 
363.064: Total time for which application threads were stopped: 0.0011420 seconds, Stopping threads took: 0.0001200 seconds
363.148: Application time: 0.0838520 seconds
363.148: [GC [PSYoungGen: 36950K->2304K(37888K)] 48998K->14352K(77824K), 0.0009140 secs] [Times: user=0.00 sys=0.00, real=0.00 secs] 
363.149: Total time for which application threads were stopped: 0.0010610 seconds, Stopping threads took: 0.0000600 seconds
363.231: Application time: 0.0822070 seconds
363.232: [GC [PSYoungGen: 36281K->2304K(36352K)] 48330K->14432K(76288K), 0.0009490 secs] [Times: user=0.01 sys=0.00, real=0.00 secs] 
363.233: Total time for which application threads were stopped: 0.0010770 seconds, Stopping threads took: 0.0000580 seconds
363.314: Application time: 0.0817980 seconds
363.314: [GC [PSYoungGen: 35845K->2304K(36864K)] 47974K->14432K(76800K), 0.0009260 secs] [Times: user=0.00 sys=0.00, real=0.01 secs] 
363.315: Total time for which application threads were stopped: 0.0010660 seconds, Stopping threads took: 0.0000700 seconds
363.397: Application time: 0.0812590 seconds
363.397: [GC [PSYoungGen: 35412K->1792K(34816K)] 47540K->13960K(74752K), 0.0007620 secs] [Times: user=0.01 sys=0.00, real=0.00 secs] 
363.398: Total time for which application threads were stopped: 0.0008910 seconds, Stopping threads took: 0.0000620 seconds
363.474: Application time: 0.0765360 seconds
363.474: [GC [PSYoungGen: 34217K->2304K(34816K)] 46385K->14560K(74752K), 0.0009920 secs] [Times: user=0.00 sys=0.00, real=0.01 secs] 
363.475: Total time for which application threads were stopped: 0.0011330 seconds, Stopping threads took: 0.0000680 seconds
363.553: Application time: 0.0782010 seconds
363.554: [GC [PSYoungGen: 34383K->1792K(33792K)] 46640K->14048K(73728K), 0.0007480 secs] [Times: user=0.00 sys=0.00, real=0.00 secs] 
363.554: Total time for which application threads were stopped: 0.0008840 seconds, Stopping threads took: 0.0000690 seconds
363.631: Application time: 0.0763490 seconds
363.631: [GC [PSYoungGen: 33197K->736K(34304K)] 45453K->13088K(74240K), 0.0004800 secs] [Times: user=0.01 sys=0.00, real=0.00 secs] 
363.631: Total time for which application threads were stopped: 0.0006970 seconds, Stopping threads took: 0.0001570 seconds
363.705: Application time: 0.0736030 seconds
363.705: [GC [PSYoungGen: 31690K->2304K(33280K)] 44043K->14656K(73216K), 0.0009080 secs] [Times: user=0.00 sys=0.00, real=0.00 secs] 
363.706: Total time for which application threads were stopped: 0.0010570 seconds, Stopping threads took: 0.0000700 seconds
363.779: Application time: 0.0728700 seconds
363.779: [GC [PSYoungGen: 32670K->2816K(33792K)] 45023K->15216K(73728K), 0.0010820 secs] [Times: user=0.00 sys=0.00, real=0.00 secs] 
363.780: Total time for which application threads were stopped: 0.0012290 seconds, Stopping threads took: 0.0000740 seconds
363.856: Application time: 0.0754090 seconds
363.856: [GC [PSYoungGen: 32842K->768K(30720K)] 45242K->13168K(70656K), 0.0004470 secs] [Times: user=0.00 sys=0.00, real=0.00 secs] 
363.856: Total time for which application threads were stopped: 0.0005720 seconds, Stopping threads took: 0.0000640 seconds
363.926: Application time: 0.0699050 seconds
363.926: [GC [PSYoungGen: 30178K->1280K(32768K)] 42578K->13776K(72704K), 0.0006280 secs] [Times: user=0.00 sys=0.00, real=0.01 secs] 
363.927: Total time for which application threads were stopped: 0.0007500 seconds, Stopping threads took: 0.0000570 seconds
363.996: Application time: 0.0689980 seconds
363.996: [GC [PSYoungGen: 30176K->1792K(30720K)] 42672K->14344K(70656K), 0.0007980 secs] [Times: user=0.00 sys=0.00, real=0.00 secs] 
363.997: Total time for which application threads were stopped: 0.0009320 seconds, Stopping threads took: 0.0000690 seconds
364.064: Application time: 0.0676120 seconds
364.064: [GC [PSYoungGen: 30174K->2304K(31232K)] 42727K->14904K(71168K), 0.0009320 secs] [Times: user=0.01 sys=0.00, real=0.00 secs] 
364.065: Total time for which application threads were stopped: 0.0010660 seconds, Stopping threads took: 0.0000650 seconds
364.134: Application time: 0.0685850 seconds
364.134: [GC [PSYoungGen: 30100K->1280K(29184K)] 42700K->13944K(69120K), 0.0005800 secs] [Times: user=0.00 sys=0.00, real=0.00 secs] 
364.135: Total time for which application threads were stopped: 0.0007190 seconds, Stopping threads took: 0.0000770 seconds
364.202: Application time: 0.0669950 seconds
364.202: [GC [PSYoungGen: 28716K->768K(30208K)] 41381K->13432K(70144K), 0.0004890 secs] [Times: user=0.00 sys=0.00, real=0.00 secs] 
364.202: Total time for which application threads were stopped: 0.0006070 seconds, Stopping threads took: 0.0000580 seconds
364.265: Application time: 0.0628030 seconds
364.265: [GC [PSYoungGen: 27525K->2272K(29184K)] 40190K->15024K(69120K), 0.0009250 secs] [Times: user=0.01 sys=0.00, real=0.00 secs] 
364.266: Total time for which application threads were stopped: 0.0010770 seconds, Stopping threads took: 0.0000730 seconds
364.331: Application time: 0.0646660 seconds
364.331: [GC [PSYoungGen: 28602K->1280K(29184K)] 41355K->14032K(69120K), 0.0005930 secs] [Times: user=0.00 sys=0.00, real=0.00 secs] 
364.332: Total time for which application threads were stopped: 0.0007720 seconds, Stopping threads took: 0.0001170 seconds
364.392: Application time: 0.0601030 seconds
364.392: [GC [PSYoungGen: 27009K->2816K(29696K)] 39762K->15608K(69632K), 0.0010750 secs] [Times: user=0.01 sys=0.00, real=0.00 secs] 
364.393: Total time for which application threads were stopped: 0.0012430 seconds, Stopping threads took: 0.0000950 seconds
364.458: Application time: 0.0651350 seconds
364.458: [GC [PSYoungGen: 28718K->768K(35840K)] 41511K->13560K(75776K), 0.0004830 secs] [Times: user=0.00 sys=0.00, real=0.00 secs] 
364.459: Total time for which application threads were stopped: 0.0006120 seconds, Stopping threads took: 0.0000630 seconds
364.531: Application time: 0.0720600 seconds
364.531: [GC [PSYoungGen: 32228K->3328K(35840K)] 45021K->16196K(75776K), 0.0011950 secs] [Times: user=0.01 sys=0.00, real=0.00 secs] 
364.532: Total time for which application threads were stopped: 0.0013430 seconds, Stopping threads took: 0.0000730 seconds
364.610: Application time: 0.0779810 seconds
364.610: [GC [PSYoungGen: 34819K->1792K(42496K)] 47688K->14716K(82432K), 0.0006450 secs] [Times: user=0.01 sys=0.00, real=0.00 secs] 
364.611: Total time for which application threads were stopped: 0.0007920 seconds, Stopping threads took: 0.0000820 seconds
364.703: Application time: 0.0920190 seconds
364.707: [GC [PSYoungGen: 39962K->1280K(38912K)] 52887K->14252K(78848K), 0.0005550 secs] [Times: user=0.00 sys=0.00, real=0.00 secs] 
364.707: Total time for which application threads were stopped: 0.0044240 seconds, Stopping threads took: 0.0038080 seconds
364.798: Application time: 0.0902640 seconds
364.798: [GC [PSYoungGen: 38342K->1280K(39424K)] 51314K->14293K(79360K), 0.0005450 secs] [Times: user=0.01 sys=0.00, real=0.00 secs] 
364.798: Total time for which application threads were stopped: 0.0006770 seconds, Stopping threads took: 0.0000570 seconds
364.885: Application time: 0.0867850 seconds
364.885: [GC [PSYoungGen: 37465K->2304K(38400K)] 50478K->15317K(78336K), 0.0008870 secs] [Times: user=0.01 sys=0.00, real=0.00 secs] 
364.886: Total time for which application threads were stopped: 0.0010320 seconds, Stopping threads took: 0.0000720 seconds
364.974: Application time: 0.0876840 seconds
364.974: [GC [PSYoungGen: 37908K->768K(38912K)] 50921K->13869K(78848K), 0.0005030 secs] [Times: user=0.00 sys=0.00, real=0.00 secs] 
364.974: Total time for which application threads were stopped: 0.0006330 seconds, Stopping threads took: 0.0000690 seconds
365.057: Application time: 0.0829080 seconds
365.057: [GC [PSYoungGen: 35769K->1792K(36864K)] 48870K->14957K(76800K), 0.0007980 secs] [Times: user=0.01 sys=0.00, real=0.00 secs] 
365.058: Total time for which application threads were stopped: 0.0009360 seconds, Stopping threads took: 0.0000700 seconds
365.142: Application time: 0.0836110 seconds
365.142: [GC [PSYoungGen: 36514K->2336K(37376K)] 49679K->15501K(77312K), 0.0009180 secs] [Times: user=0.01 sys=0.00, real=0.00 secs] 
365.143: Total time for which application threads were stopped: 0.0011110 seconds, Stopping threads took: 0.0001200 seconds
365.223: Application time: 0.0800690 seconds
365.223: [GC [PSYoungGen: 36311K->3328K(37888K)] 49476K->16605K(77824K), 0.0013100 secs] [Times: user=0.01 sys=0.00, real=0.00 secs] 
365.225: Total time for which application threads were stopped: 0.0014660 seconds, Stopping threads took: 0.0000710 seconds
365.310: Application time: 0.0853650 seconds
365.310: [GC [PSYoungGen: 37470K->1280K(35328K)] 50747K->14557K(75264K), 0.0005320 secs] [Times: user=0.00 sys=0.00, real=0.00 secs] 
365.311: Total time for which application threads were stopped: 0.0006770 seconds, Stopping threads took: 0.0000760 seconds
365.393: Application time: 0.0822350 seconds
365.393: [GC [PSYoungGen: 34743K->1280K(34816K)] 48020K->14653K(74752K), 0.0006100 secs] [Times: user=0.00 sys=0.00, real=0.00 secs] 
365.394: Total time for which application threads were stopped: 0.0007400 seconds, Stopping threads took: 0.0000670 seconds
365.473: Application time: 0.0791400 seconds
365.473: [GC [PSYoungGen: 34225K->1792K(34816K)] 47598K->15165K(74752K), 0.0006540 secs] [Times: user=0.01 sys=0.00, real=0.00 secs] 
365.473: Total time for which application threads were stopped: 0.0007980 seconds, Stopping threads took: 0.0000770 seconds
365.553: Application time: 0.0795670 seconds
365.553: [GC [PSYoungGen: 34384K->1280K(33792K)] 47757K->14653K(73728K), 0.0006490 secs] [Times: user=0.00 sys=0.00, real=0.00 secs] 
365.554: Total time for which application threads were stopped: 0.0008420 seconds, Stopping threads took: 0.0001300 seconds
365.632: Application time: 0.0776220 seconds
365.632: [GC [PSYoungGen: 33279K->768K(32768K)] 46653K->14221K(72704K), 0.0005170 secs] [Times: user=0.01 sys=0.00, real=0.00 secs] 
365.632: Total time for which application threads were stopped: 0.0006390 seconds, Stopping threads took: 0.0000610 seconds
365.707: Application time: 0.0743660 seconds
365.707: [GC [PSYoungGen: 32152K->2816K(34304K)] 45605K->16309K(74240K), 0.0010890 secs] [Times: user=0.00 sys=0.01, real=0.01 secs] 
365.708: Total time for which application threads were stopped: 0.0012390 seconds, Stopping threads took: 0.0000770 seconds
365.786: Application time: 0.0780330 seconds
365.786: [GC [PSYoungGen: 33948K->1280K(33792K)] 47441K->14773K(73728K), 0.0006270 secs] [Times: user=0.00 sys=0.00, real=0.00 secs] 
365.787: Total time for which application threads were stopped: 0.0007700 seconds, Stopping threads took: 0.0000810 seconds
365.859: Application time: 0.0724530 seconds
365.859: [GC [PSYoungGen: 31644K->1792K(32256K)] 45137K->15397K(72192K), 0.0008140 secs] [Times: user=0.01 sys=0.00, real=0.00 secs] 
365.860: Total time for which application threads were stopped: 0.0009520 seconds, Stopping threads took: 0.0000610 seconds
365.932: Application time: 0.0723670 seconds
365.932: [GC [PSYoungGen: 31714K->2816K(33280K)] 45320K->16421K(73216K), 0.0010800 secs] [Times: user=0.00 sys=0.00, real=0.00 secs] 
365.934: Total time for which application threads were stopped: 0.0012250 seconds, Stopping threads took: 0.0000730 seconds
366.005: Application time: 0.0716480 seconds
366.005: [GC [PSYoungGen: 32230K->2816K(33792K)] 45836K->16469K(73728K), 0.0010700 secs] [Times: user=0.01 sys=0.00, real=0.00 secs] 
366.006: Total time for which application threads were stopped: 0.0012120 seconds, Stopping threads took: 0.0000720 seconds
366.080: Application time: 0.0735590 seconds
366.080: [GC [PSYoungGen: 32164K->1280K(30720K)] 45818K->14989K(70656K), 0.0005370 secs] [Times: user=0.00 sys=0.00, real=0.00 secs] 
366.081: Total time for which application threads were stopped: 0.0006570 seconds, Stopping threads took: 0.0000590 seconds
366.150: Application time: 0.0689520 seconds
366.150: [GC [PSYoungGen: 30176K->1792K(30720K)] 43886K->15501K(70656K), 0.0007750 secs] [Times: user=0.00 sys=0.00, real=0.00 secs] 
366.151: Total time for which application threads were stopped: 0.0009180 seconds, Stopping threads took: 0.0000750 seconds
366.219: Application time: 0.0682380 seconds
366.219: [GC [PSYoungGen: 30172K->2784K(36352K)] 43881K->16533K(76288K), 0.0010380 secs] [Times: user=0.01 sys=0.00, real=0.00 secs] 
366.220: Total time for which application threads were stopped: 0.0011750 seconds, Stopping threads took: 0.0000630 seconds
366.298: Application time: 0.0784900 seconds
366.299: [GC [PSYoungGen: 34779K->2816K(36352K)] 48529K->16613K(76288K), 0.0011250 secs] [Times: user=0.01 sys=0.00, real=0.00 secs] 
366.300: Total time for which application threads were stopped: 0.0012730 seconds, Stopping threads took: 0.0000740 seconds
366.379: Application time: 0.0792340 seconds
366.379: [GC [PSYoungGen: 34741K->1792K(43008K)] 48539K->15637K(82944K), 0.0006370 secs] [Times: user=0.00 sys=0.00, real=0.00 secs] 
366.380: Total time for which application threads were stopped: 0.0007790 seconds, Stopping threads took: 0.0000680 seconds
366.473: Application time: 0.0933340 seconds
366.473: [GC [PSYoungGen: 40629K->2304K(43008K)] 54474K->16149K(82944K), 0.0008460 secs] [Times: user=0.00 sys=0.00, real=0.00 secs] 
366.474: Total time for which application threads were stopped: 0.0010230 seconds, Stopping threads took: 0.0001070 seconds
366.569: Application time: 0.0950860 seconds
366.569: [GC [PSYoungGen: 40986K->1792K(39936K)] 54832K->15745K(79872K), 0.0007150 secs] [Times: user=0.01 sys=0.00, real=0.00 secs] 
366.570: Total time for which application threads were stopped: 0.0009100 seconds, Stopping threads took: 0.0001290 seconds
366.662: Application time: 0.0923030 seconds
366.663: [GC [PSYoungGen: 39450K->1280K(38400K)] 53404K->15289K(78336K), 0.0006070 secs] [Times: user=0.00 sys=0.00, real=0.00 secs] 
366.663: Total time for which application threads were stopped: 0.0007300 seconds, Stopping threads took: 0.0000580 seconds
366.751: Application time: 0.0878170 seconds
366.751: [GC [PSYoungGen: 37825K->1760K(38400K)] 51835K->15817K(78336K), 0.0006610 secs] [Times: user=0.00 sys=0.00, real=0.00 secs] 
366.752: Total time for which application threads were stopped: 0.0008130 seconds, Stopping threads took: 0.0000860 seconds
366.839: Application time: 0.0871950 seconds
366.839: [GC [PSYoungGen: 37946K->2816K(38912K)] 52004K->16873K(78848K), 0.0010600 secs] [Times: user=0.01 sys=0.00, real=0.00 secs] 
366.840: Total time for which application threads were stopped: 0.0012180 seconds, Stopping threads took: 0.0000830 seconds
366.928: Application time: 0.0881900 seconds
366.929: [GC [PSYoungGen: 38340K->1280K(36864K)] 52397K->15425K(76800K), 0.0005950 secs] [Times: user=0.00 sys=0.00, real=0.00 secs] 
366.929: Total time for which application threads were stopped: 0.0007610 seconds, Stopping threads took: 0.0000920 seconds
367.014: Application time: 0.0845380 seconds
367.014: [GC [PSYoungGen: 36360K->2304K(37376K)] 50505K->16449K(77312K), 0.0009070 secs] [Times: user=0.00 sys=0.00, real=0.01 secs] 
367.015: Total time for which application threads were stopped: 0.0010550 seconds, Stopping threads took: 0.0000760 seconds
367.099: Application time: 0.0838640 seconds
367.099: [GC [PSYoungGen: 37030K->2336K(36864K)] 51176K->16529K(76800K), 0.0009480 secs] [Times: user=0.01 sys=0.00, real=0.00 secs] 
367.100: Total time for which application threads were stopped: 0.0010960 seconds, Stopping threads took: 0.0000720 seconds
367.181: Application time: 0.0815780 seconds
367.181: [GC [PSYoungGen: 36389K->2816K(36864K)] 50583K->17122K(76800K), 0.0011570 secs] [Times: user=0.00 sys=0.00, real=0.00 secs] 
367.183: Total time for which application threads were stopped: 0.0012980 seconds, Stopping threads took: 0.0000700 seconds
367.265: Application time: 0.0823350 seconds
367.265: [GC [PSYoungGen: 36361K->1792K(35328K)] 50667K->16154K(75264K), 0.0007270 secs] [Times: user=0.00 sys=0.00, real=0.00 secs] 
367.266: Total time for which application threads were stopped: 0.0009580 seconds, Stopping threads took: 0.0001640 seconds
367.346: Application time: 0.0801310 seconds
367.346: [GC [PSYoungGen: 34733K->2720K(39936K)] 49095K->17130K(79872K), 0.0011010 secs] [Times: user=0.00 sys=0.00, real=0.01 secs] 
367.348: Total time for which application threads were stopped: 0.0016750 seconds, Stopping threads took: 0.0000720 seconds
367.437: Application time: 0.0892710 seconds
367.437: [GC [PSYoungGen: 38758K->1792K(37888K)] 53168K->16202K(77824K), 0.0006370 secs] [Times: user=0.00 sys=0.00, real=0.00 secs] 
367.438: Total time for which application threads were stopped: 0.0007900 seconds, Stopping threads took: 0.0000700 seconds
367.523: Application time: 0.0857200 seconds
367.524: [GC [PSYoungGen: 37468K->1792K(37376K)] 51878K->16202K(77312K), 0.0008340 secs] [Times: user=0.01 sys=0.00, real=0.00 secs] 
367.525: Total time for which application threads were stopped: 0.0011040 seconds, Stopping threads took: 0.0002010 seconds
367.610: Application time: 0.0855830 seconds
367.610: [GC [PSYoungGen: 36875K->1792K(36864K)] 51286K->16290K(76800K), 0.0007850 secs] [Times: user=0.01 sys=0.00, real=0.00 secs] 
367.611: Total time for which application threads were stopped: 0.0010070 seconds, Stopping threads took: 0.0001570 seconds
367.695: Application time: 0.0835860 seconds
367.695: [GC [PSYoungGen: 36359K->2304K(36864K)] 50857K->16842K(76800K), 0.0009870 secs] [Times: user=0.00 sys=0.00, real=0.00 secs] 
367.696: Total time for which application threads were stopped: 0.0011310 seconds, Stopping threads took: 0.0000700 seconds
367.779: Application time: 0.0830230 seconds
367.779: [GC [PSYoungGen: 36442K->1232K(36352K)] 50980K->15818K(76288K), 0.0006110 secs] [Times: user=0.01 sys=0.00, real=0.00 secs] 
367.780: Total time for which application threads were stopped: 0.0007440 seconds, Stopping threads took: 0.0000660 seconds
367.861: Application time: 0.0809980 seconds
367.861: [GC [PSYoungGen: 34851K->1280K(34816K)] 49438K->15954K(74752K), 0.0006220 secs] [Times: user=0.01 sys=0.00, real=0.00 secs] 
367.861: Total time for which application threads were stopped: 0.0007510 seconds, Stopping threads took: 0.0000660 seconds
367.943: Application time: 0.0819050 seconds
367.943: [GC [PSYoungGen: 34231K->768K(35840K)] 48905K->15546K(75776K), 0.0004860 secs] [Times: user=0.00 sys=0.00, real=0.00 secs] 
367.944: Total time for which application threads were stopped: 0.0006200 seconds, Stopping threads took: 0.0000610 seconds
368.021: Application time: 0.0773310 seconds
368.021: [GC [PSYoungGen: 33193K->1792K(34304K)] 47971K->16570K(74240K), 0.0007380 secs] [Times: user=0.01 sys=0.00, real=0.00 secs] 
368.022: Total time for which application threads were stopped: 0.0008760 seconds, Stopping threads took: 0.0000710 seconds
368.099: Application time: 0.0769510 seconds
368.099: [GC [PSYoungGen: 33705K->2304K(34816K)] 48483K->17082K(74752K), 0.0009060 secs] [Times: user=0.01 sys=0.00, real=0.00 secs] 
368.100: Total time for which application threads were stopped: 0.0010500 seconds, Stopping threads took: 0.0000730 seconds
368.178: Application time: 0.0778170 seconds
368.178: [GC [PSYoungGen: 33866K->1792K(33280K)] 48644K->16570K(73216K), 0.0007690 secs] [Times: user=0.00 sys=0.00, real=0.00 secs] 
368.179: Total time for which application threads were stopped: 0.0009090 seconds, Stopping threads took: 0.0000700 seconds
368.254: Application time: 0.0755330 seconds
368.255: [GC [PSYoungGen: 32676K->1760K(32768K)] 47455K->16626K(72704K), 0.0008230 secs] [Times: user=0.00 sys=0.01, real=0.01 secs] 
368.255: Total time for which application threads were stopped: 0.0009690 seconds, Stopping threads took: 0.0000770 seconds
368.330: Application time: 0.0743820 seconds
368.330: [GC [PSYoungGen: 32279K->2816K(33792K)] 47145K->17682K(73728K), 0.0011370 secs] [Times: user=0.01 sys=0.00, real=0.00 secs] 
368.331: Total time for which application threads were stopped: 0.0012950 seconds, Stopping threads took: 0.0000810 seconds
368.406: Application time: 0.0750020 seconds
368.406: [GC [PSYoungGen: 33341K->2816K(40448K)] 48207K->17766K(80384K), 0.0009510 secs] [Times: user=0.00 sys=0.00, real=0.01 secs] 
368.407: Total time for which application threads were stopped: 0.0011170 seconds, Stopping threads took: 0.0000910 seconds
368.497: Application time: 0.0898740 seconds
368.497: [GC [PSYoungGen: 39442K->2816K(40448K)] 54392K->17834K(80384K), 0.0009700 secs] [Times: user=0.01 sys=0.00, real=0.00 secs] 
368.498: Total time for which application threads were stopped: 0.0011160 seconds, Stopping threads took: 0.0000610 seconds
368.587: Application time: 0.0885860 seconds
368.587: [GC [PSYoungGen: 39442K->2304K(47616K)] 54460K->17378K(87552K), 0.0008080 secs] [Times: user=0.00 sys=0.00, real=0.00 secs] 
368.588: Total time for which application threads were stopped: 0.0009960 seconds, Stopping threads took: 0.0001180 seconds
368.696: Application time: 0.1077480 seconds
368.696: [GC [PSYoungGen: 46569K->1792K(45568K)] 61643K->16914K(85504K), 0.0006320 secs] [Times: user=0.00 sys=0.00, real=0.00 secs] 
368.696: Total time for which application threads were stopped: 0.0007600 seconds, Stopping threads took: 0.0000620 seconds
368.800: Application time: 0.1035760 seconds
368.800: [GC [PSYoungGen: 45177K->2304K(45056K)] 60299K->17426K(84992K), 0.0008900 secs] [Times: user=0.00 sys=0.00, real=0.00 secs] 
368.801: Total time for which application threads were stopped: 0.0010150 seconds, Stopping threads took: 0.0000560 seconds
368.904: Application time: 0.1026750 seconds
368.904: [GC [PSYoungGen: 44506K->2304K(44032K)] 59629K->17514K(83968K), 0.0009300 secs] [Times: user=0.00 sys=0.00, real=0.00 secs] 
368.905: Total time for which application threads were stopped: 0.0010610 seconds, Stopping threads took: 0.0000630 seconds
369.007: Application time: 0.1021810 seconds
369.007: [GC [PSYoungGen: 43639K->1280K(43008K)] 58849K->16490K(82944K), 0.0006170 secs] [Times: user=0.00 sys=0.00, real=0.00 secs] 
369.008: Total time for which application threads were stopped: 0.0007500 seconds, Stopping threads took: 0.0000590 seconds
369.103: Application time: 0.0955560 seconds
369.105: [GC [PSYoungGen: 41658K->1808K(41472K)] 56869K->17098K(81408K), 0.0009550 secs] [Times: user=0.00 sys=0.00, real=0.00 secs] 
369.106: Total time for which application threads were stopped: 0.0024280 seconds, Stopping threads took: 0.0013960 seconds
369.201: Application time: 0.0953180 seconds
369.201: [GC [PSYoungGen: 41004K->1792K(40960K)] 56295K->17190K(80896K), 0.0007920 secs] [Times: user=0.01 sys=0.00, real=0.00 secs] 
369.202: Total time for which application threads were stopped: 0.0009440 seconds, Stopping threads took: 0.0000860 seconds
369.294: Application time: 0.0926820 seconds
369.295: [GC [PSYoungGen: 39880K->2272K(39936K)] 55278K->17718K(79872K), 0.0009710 secs] [Times: user=0.00 sys=0.00, real=0.01 secs] 
369.296: Total time for which application threads were stopped: 0.0011040 seconds, Stopping threads took: 0.0000590 seconds
369.386: Application time: 0.0899700 seconds
369.386: [GC [PSYoungGen: 39332K->2816K(39424K)] 54778K->18262K(79360K), 0.0010960 secs] [Times: user=0.01 sys=0.00, real=0.01 secs] 
369.387: Total time for which application threads were stopped: 0.0012500 seconds, Stopping threads took: 0.0000810 seconds
369.477: Application time: 0.0903360 seconds
369.477: [GC [PSYoungGen: 39010K->1792K(37888K)] 54457K->17238K(77824K), 0.0007960 secs] [Times: user=0.01 sys=0.00, real=0.00 secs] 
369.478: Total time for which application threads were stopped: 0.0009350 seconds, Stopping threads took: 0.0000720 seconds
369.564: Application time: 0.0861430 seconds
369.564: [GC [PSYoungGen: 37313K->1248K(38400K)] 52760K->16774K(78336K), 0.0005900 secs] [Times: user=0.00 sys=0.00, real=0.00 secs] 
369.565: Total time for which application threads were stopped: 0.0007310 seconds, Stopping threads took: 0.0000680 seconds
369.650: Application time: 0.0847780 seconds
369.650: [GC [PSYoungGen: 36406K->2288K(37376K)] 51933K->17814K(77312K), 0.0010280 secs] [Times: user=0.00 sys=0.00, real=0.00 secs] 
369.651: Total time for which application threads were stopped: 0.0011580 seconds, Stopping threads took: 0.0000580 seconds
369.736: Application time: 0.0854920 seconds
369.737: [GC [PSYoungGen: 37018K->1280K(37376K)] 52545K->16895K(77312K), 0.0006610 secs] [Times: user=0.01 sys=0.00, real=0.00 secs] 
369.737: Total time for which application threads were stopped: 0.0007930 seconds, Stopping threads took: 0.0000700 seconds
369.820: Application time: 0.0827270 seconds
369.820: [GC [PSYoungGen: 35331K->2272K(36352K)] 50946K->18003K(76288K), 0.0009490 secs] [Times: user=0.00 sys=0.00, real=0.00 secs] 
369.821: Total time for which application threads were stopped: 0.0011010 seconds, Stopping threads took: 0.0000720 seconds
369.902: Application time: 0.0807980 seconds
369.902: [GC [PSYoungGen: 35735K->2304K(36352K)] 51466K->18091K(76288K), 0.0009360 secs] [Times: user=0.01 sys=0.00, real=0.00 secs] 
369.903: Total time for which application threads were stopped: 0.0010830 seconds, Stopping threads took: 0.0000760 seconds
369.984: Application time: 0.0808710 seconds
369.984: [GC [PSYoungGen: 35251K->2272K(35328K)] 51038K->18059K(75264K), 0.0009120 secs] [Times: user=0.00 sys=0.00, real=0.00 secs] 
369.985: Total time for which application threads were stopped: 0.0010480 seconds, Stopping threads took: 0.0000680 seconds
370.063: Application time: 0.0778940 seconds
370.063: [GC [PSYoungGen: 34709K->1792K(35328K)] 50496K->17579K(75264K), 0.0007400 secs] [Times: user=0.01 sys=0.00, real=0.00 secs] 
370.064: Total time for which application threads were stopped: 0.0008740 seconds, Stopping threads took: 0.0000700 seconds
370.142: Application time: 0.0784760 seconds
370.142: [GC [PSYoungGen: 33865K->1792K(33792K)] 49652K->17579K(73728K), 0.0007800 secs] [Times: user=0.00 sys=0.00, real=0.00 secs] 
370.143: Total time for which application threads were stopped: 0.0009260 seconds, Stopping threads took: 0.0000680 seconds
370.219: Application time: 0.0759870 seconds
370.219: [GC [PSYoungGen: 33271K->1728K(33280K)] 49058K->17583K(73216K), 0.0008640 secs] [Times: user=0.00 sys=0.00, real=0.00 secs] 
370.220: Total time for which application threads were stopped: 0.0010000 seconds, Stopping threads took: 0.0000680 seconds
370.295: Application time: 0.0745320 seconds
370.295: [GC [PSYoungGen: 32687K->2304K(34304K)] 48542K->18215K(74240K), 0.0009550 secs] [Times: user=0.00 sys=0.00, real=0.01 secs] 
370.296: Total time for which application threads were stopped: 0.0010930 seconds, Stopping threads took: 0.0000690 seconds
370.372: Application time: 0.0767230 seconds
370.372: [GC [PSYoungGen: 33353K->1280K(32256K)] 49264K->17231K(72192K), 0.0005510 secs] [Times: user=0.00 sys=0.00, real=0.00 secs] 
370.373: Total time for which application threads were stopped: 0.0007010 seconds, Stopping threads took: 0.0000860 seconds
370.447: Application time: 0.0734590 seconds
370.447: [GC [PSYoungGen: 31800K->1728K(32256K)] 47752K->17755K(72192K), 0.0008620 secs] [Times: user=0.00 sys=0.00, real=0.01 secs] 
370.448: Total time for which application threads were stopped: 0.0009970 seconds, Stopping threads took: 0.0000680 seconds
370.518: Application time: 0.0709020 seconds
370.519: [GC [PSYoungGen: 31576K->2304K(32256K)] 47603K->18411K(72192K), 0.0008420 secs] [Times: user=0.00 sys=0.00, real=0.00 secs] 
370.519: Total time for which application threads were stopped: 0.0009790 seconds, Stopping threads took: 0.0000660 seconds
370.590: Application time: 0.0704950 seconds
370.590: [GC [PSYoungGen: 31636K->2816K(37888K)] 47743K->18923K(77824K), 0.0010780 secs] [Times: user=0.01 sys=0.00, real=0.00 secs] 
370.591: Total time for which application threads were stopped: 0.0012210 seconds, Stopping threads took: 0.0000700 seconds
370.677: Application time: 0.0859160 seconds
370.677: [GC [PSYoungGen: 37311K->1792K(39424K)] 53419K->17899K(79360K), 0.0007000 secs] [Times: user=0.01 sys=0.00, real=0.00 secs] 
370.678: Total time for which application threads were stopped: 0.0008420 seconds, Stopping threads took: 0.0000640 seconds
370.765: Application time: 0.0868410 seconds
370.765: [GC [PSYoungGen: 37390K->1792K(37376K)] 53497K->17899K(77312K), 0.0007370 secs] [Times: user=0.00 sys=0.00, real=0.00 secs] 
370.766: Total time for which application threads were stopped: 0.0008860 seconds, Stopping threads took: 0.0000830 seconds
370.852: Application time: 0.0862980 seconds
370.852: [GC [PSYoungGen: 36957K->768K(37888K)] 53065K->16915K(77824K), 0.0004560 secs] [Times: user=0.01 sys=0.00, real=0.00 secs] 
370.853: Total time for which application threads were stopped: 0.0005840 seconds, Stopping threads took: 0.0000680 seconds
370.935: Application time: 0.0820950 seconds
370.935: [GC [PSYoungGen: 35331K->2240K(36864K)] 51479K->18455K(76800K), 0.0009870 secs] [Times: user=0.01 sys=0.00, real=0.00 secs] 
370.936: Total time for which application threads were stopped: 0.0011350 seconds, Stopping threads took: 0.0000730 seconds
371.017: Application time: 0.0811730 seconds
371.017: [GC [PSYoungGen: 36374K->2304K(36864K)] 52589K->18567K(76800K), 0.0009210 secs] [Times: user=0.01 sys=0.00, real=0.00 secs] 
371.018: Total time for which application threads were stopped: 0.0010810 seconds, Stopping threads took: 0.0000860 seconds
371.100: Application time: 0.0823140 seconds
371.100: [GC [PSYoungGen: 35924K->2320K(35840K)] 52187K->18667K(75776K), 0.0009500 secs] [Times: user=0.00 sys=0.00, real=0.00 secs] 
371.101: Total time for which application threads were stopped: 0.0010900 seconds, Stopping threads took: 0.0000720 seconds
371.183: Application time: 0.0813560 seconds
371.183: [GC [PSYoungGen: 35271K->1792K(35840K)] 51619K->18227K(75776K), 0.0007780 secs] [Times: user=0.01 sys=0.00, real=0.00 secs] 
371.184: Total time for which application threads were stopped: 0.0009190 seconds, Stopping threads took: 0.0000670 seconds
371.262: Application time: 0.0780720 seconds
371.262: [GC [PSYoungGen: 34221K->2304K(34816K)] 50656K->18739K(74752K), 0.0009250 secs] [Times: user=0.00 sys=0.00, real=0.00 secs] 
371.263: Total time for which application threads were stopped: 0.0011420 seconds, Stopping threads took: 0.0001450 seconds
371.341: Application time: 0.0778490 seconds
371.341: [GC [PSYoungGen: 34225K->1792K(33792K)] 50661K->18227K(73728K), 0.0008150 secs] [Times: user=0.00 sys=0.00, real=0.00 secs] 
371.342: Total time for which application threads were stopped: 0.0009450 seconds, Stopping threads took: 0.0000610 seconds
371.417: Application time: 0.0754240 seconds
371.417: [GC [PSYoungGen: 33267K->2304K(34816K)] 49702K->18739K(74752K), 0.0009180 secs] [Times: user=0.01 sys=0.00, real=0.00 secs] 
371.418: Total time for which application threads were stopped: 0.0011370 seconds, Stopping threads took: 0.0001480 seconds
371.494: Application time: 0.0756630 seconds
371.494: [GC [PSYoungGen: 33861K->2304K(41472K)] 50297K->18795K(81408K), 0.0007860 secs] [Times: user=0.00 sys=0.00, real=0.01 secs] 
371.495: Total time for which application threads were stopped: 0.0009420 seconds, Stopping threads took: 0.0000860 seconds
371.586: Application time: 0.0909760 seconds
371.587: [GC [PSYoungGen: 40468K->2816K(41472K)] 56959K->19895K(81408K), 0.0011630 secs] [Times: user=0.01 sys=0.00, real=0.00 secs] 
371.588: Total time for which application threads were stopped: 0.0021600 seconds, Stopping threads took: 0.0009200 seconds
371.682: Application time: 0.0941980 seconds
371.682: [GC [PSYoungGen: 41067K->2304K(39936K)] 58146K->19423K(79872K), 0.0008280 secs] [Times: user=0.00 sys=0.01, real=0.00 secs] 
371.683: Total time for which application threads were stopped: 0.0009720 seconds, Stopping threads took: 0.0000730 seconds
371.774: Application time: 0.0909720 seconds
371.774: [GC [PSYoungGen: 39522K->2320K(38912K)] 56642K->19519K(78848K), 0.0008840 secs] [Times: user=0.00 sys=0.01, real=0.01 secs] 
371.775: Total time for which application threads were stopped: 0.0010530 seconds, Stopping threads took: 0.0000910 seconds
371.861: Application time: 0.0861800 seconds
371.862: [GC [PSYoungGen: 38349K->2304K(46592K)] 55549K->20604K(86528K), 0.0011650 secs] [Times: user=0.00 sys=0.01, real=0.00 secs] 
371.863: Total time for which application threads were stopped: 0.0013300 seconds, Stopping threads took: 0.0000770 seconds
371.972: Application time: 0.1094010 seconds
371.972: [GC [PSYoungGen: 46055K->1792K(45056K)] 64355K->20092K(84992K), 0.0006810 secs] [Times: user=0.01 sys=0.00, real=0.00 secs] 
371.973: Total time for which application threads were stopped: 0.0008090 seconds, Stopping threads took: 0.0000650 seconds
372.076: Application time: 0.1032120 seconds
372.076: [GC [PSYoungGen: 44663K->2304K(44544K)] 62963K->20604K(84480K), 0.0009230 secs] [Times: user=0.00 sys=0.00, real=0.00 secs] 
372.077: Total time for which application threads were stopped: 0.0010570 seconds, Stopping threads took: 0.0000660 seconds
372.178: Application time: 0.1012450 seconds
372.179: [GC [PSYoungGen: 44066K->2816K(44032K)] 62366K->21196K(83968K), 0.0011290 secs] [Times: user=0.01 sys=0.00, real=0.00 secs] 
372.180: Total time for which application threads were stopped: 0.0013370 seconds, Stopping threads took: 0.0001310 seconds
372.280: Application time: 0.1004350 seconds
372.280: [GC [PSYoungGen: 43637K->1792K(41984K)] 62017K->20732K(81920K), 0.0009020 secs] [Times: user=0.00 sys=0.00, real=0.00 secs] 
372.281: Total time for which application threads were stopped: 0.0010430 seconds, Stopping threads took: 0.0000660 seconds
372.378: Application time: 0.0970380 seconds
372.378: [GC [PSYoungGen: 41664K->768K(39936K)] 60605K->19804K(79872K), 0.0005830 secs] [Times: user=0.00 sys=0.00, real=0.00 secs] 
372.380: Total time for which application threads were stopped: 0.0016720 seconds, Stopping threads took: 0.0001350 seconds
372.475: Application time: 0.0947350 seconds
372.475: [GC [PSYoungGen: 39368K->1792K(39936K)] 58404K->20952K(79872K), 0.0008220 secs] [Times: user=0.00 sys=0.00, real=0.00 secs] 
372.476: Total time for which application threads were stopped: 0.0009710 seconds, Stopping threads took: 0.0000830 seconds
372.567: Application time: 0.0912190 seconds
372.567: [GC [PSYoungGen: 39368K->1792K(38912K)] 58528K->20952K(78848K), 0.0007740 secs] [Times: user=0.00 sys=0.00, real=0.00 secs] 
372.568: Total time for which application threads were stopped: 0.0009230 seconds, Stopping threads took: 0.0000830 seconds
372.656: Application time: 0.0886220 seconds
372.657: [GC [PSYoungGen: 38339K->1728K(39424K)] 57500K->20888K(79360K), 0.0008040 secs] [Times: user=0.00 sys=0.00, real=0.00 secs] 
372.657: Total time for which application threads were stopped: 0.0009500 seconds, Stopping threads took: 0.0000770 seconds
372.742: Application time: 0.0847960 seconds
372.742: [GC [PSYoungGen: 37912K->3360K(39424K)] 57072K->22520K(79360K), 0.0013060 secs] [Times: user=0.01 sys=0.00, real=0.00 secs] 
372.744: Total time for which application threads were stopped: 0.0014720 seconds, Stopping threads took: 0.0000910 seconds
372.833: Application time: 0.0895930 seconds
372.833: [GC [PSYoungGen: 38964K->1760K(37888K)] 58124K->21000K(77824K), 0.0007540 secs] [Times: user=0.00 sys=0.00, real=0.00 secs] 
372.834: Total time for which application threads were stopped: 0.0008960 seconds, Stopping threads took: 0.0000690 seconds
372.919: Application time: 0.0850470 seconds
372.919: [GC [PSYoungGen: 36920K->2320K(37376K)] 56160K->21608K(77312K), 0.0009520 secs] [Times: user=0.01 sys=0.00, real=0.00 secs] 
372.920: Total time for which application threads were stopped: 0.0010950 seconds, Stopping threads took: 0.0000750 seconds
373.005: Application time: 0.0846430 seconds
373.005: [GC [PSYoungGen: 36889K->1792K(37376K)] 56178K->21164K(77312K), 0.0007890 secs] [Times: user=0.01 sys=0.00, real=0.00 secs] 
373.006: Total time for which application threads were stopped: 0.0010030 seconds, Stopping threads took: 0.0001460 seconds
373.087: Application time: 0.0812310 seconds
373.087: [GC [PSYoungGen: 35921K->3360K(37888K)] 55294K->22772K(77824K), 0.0012900 secs] [Times: user=0.01 sys=0.00, real=0.00 secs] 
373.089: Total time for which application threads were stopped: 0.0014430 seconds, Stopping threads took: 0.0000770 seconds
373.174: Application time: 0.0857060 seconds
373.174: [GC [PSYoungGen: 37345K->1280K(35328K)] 56758K->20780K(75264K), 0.0005480 secs] [Times: user=0.00 sys=0.00, real=0.01 secs] 
373.175: Total time for which application threads were stopped: 0.0006840 seconds, Stopping threads took: 0.0000740 seconds
373.258: Application time: 0.0825270 seconds
373.258: [GC [PSYoungGen: 34743K->768K(34304K)] 54244K->20268K(74240K), 0.0004600 secs] [Times: user=0.00 sys=0.00, real=0.00 secs] 
373.258: Total time for which application threads were stopped: 0.0005930 seconds, Stopping threads took: 0.0000710 seconds
373.339: Application time: 0.0803820 seconds
373.339: [GC [PSYoungGen: 33797K->768K(33792K)] 53298K->20268K(73728K), 0.0005240 secs] [Times: user=0.00 sys=0.00, real=0.00 secs] 
373.339: Total time for which application threads were stopped: 0.0006630 seconds, Stopping threads took: 0.0000710 seconds
373.417: Application time: 0.0776160 seconds
373.417: [GC [PSYoungGen: 33271K->1792K(36352K)] 52771K->21348K(76288K), 0.0007830 secs] [Times: user=0.01 sys=0.00, real=0.00 secs] 
373.418: Total time for which application threads were stopped: 0.0009190 seconds, Stopping threads took: 0.0000680 seconds
373.497: Application time: 0.0795030 seconds
373.497: [GC [PSYoungGen: 33783K->2304K(34304K)] 53339K->21900K(74240K), 0.0009790 secs] [Times: user=0.01 sys=0.00, real=0.00 secs] 
373.498: Total time for which application threads were stopped: 0.0011240 seconds, Stopping threads took: 0.0000760 seconds
373.575: Application time: 0.0766560 seconds
373.575: [GC [PSYoungGen: 33866K->1760K(33280K)] 53462K->21396K(73216K), 0.0008500 secs] [Times: user=0.01 sys=0.00, real=0.00 secs] 
373.576: Total time for which application threads were stopped: 0.0009980 seconds, Stopping threads took: 0.0000770 seconds
373.650: Application time: 0.0739170 seconds
373.650: [GC [PSYoungGen: 32718K->2304K(33280K)] 52355K->22024K(73216K), 0.0009720 secs] [Times: user=0.00 sys=0.00, real=0.00 secs] 
373.651: Total time for which application threads were stopped: 0.0011750 seconds, Stopping threads took: 0.0001330 seconds
373.726: Application time: 0.0750860 seconds
373.726: [GC [PSYoungGen: 32835K->1248K(31744K)] 52555K->21008K(71680K), 0.0006810 secs] [Times: user=0.01 sys=0.00, real=0.01 secs] 
373.727: Total time for which application threads were stopped: 0.0008250 seconds, Stopping threads took: 0.0000790 seconds
373.800: Application time: 0.0732450 seconds
373.800: [GC [PSYoungGen: 31094K->2240K(32768K)] 50855K->22084K(72704K), 0.0009150 secs] [Times: user=0.01 sys=0.00, real=0.00 secs] 
373.801: Total time for which application threads were stopped: 0.0010410 seconds, Stopping threads took: 0.0000590 seconds
373.873: Application time: 0.0717070 seconds
373.873: [GC [PSYoungGen: 31574K->1760K(31232K)] 51419K->21604K(71168K), 0.0007750 secs] [Times: user=0.00 sys=0.00, real=0.00 secs] 
373.874: Total time for which application threads were stopped: 0.0009770 seconds, Stopping threads took: 0.0001280 seconds
373.944: Application time: 0.0697450 seconds
373.944: [GC [PSYoungGen: 30578K->2816K(32768K)] 50423K->22660K(72704K), 0.0010770 secs] [Times: user=0.01 sys=0.00, real=0.00 secs] 
373.945: Total time for which application threads were stopped: 0.0012110 seconds, Stopping threads took: 0.0000620 seconds
374.016: Application time: 0.0705190 seconds
374.016: [GC [PSYoungGen: 31720K->2304K(32768K)] 51565K->22148K(72704K), 0.0008810 secs] [Times: user=0.01 sys=0.00, real=0.00 secs] 
374.017: Total time for which application threads were stopped: 0.0010900 seconds, Stopping threads took: 0.0001410 seconds
374.088: Application time: 0.0717810 seconds
374.088: [GC [PSYoungGen: 31280K->2320K(38912K)] 51125K->22212K(78848K), 0.0008070 secs] [Times: user=0.01 sys=0.00, real=0.00 secs] 
374.089: Total time for which application threads were stopped: 0.0009380 seconds, Stopping threads took: 0.0000630 seconds
374.176: Application time: 0.0863300 seconds
374.176: [GC [PSYoungGen: 37484K->1760K(38912K)] 57377K->21740K(78848K), 0.0008270 secs] [Times: user=0.01 sys=0.00, real=0.00 secs] 
374.177: Total time for which application threads were stopped: 0.0009730 seconds, Stopping threads took: 0.0000750 seconds
374.262: Application time: 0.0853320 seconds
374.262: [GC [PSYoungGen: 36765K->1792K(36864K)] 56746K->21861K(76800K), 0.0006700 secs] [Times: user=0.00 sys=0.00, real=0.00 secs] 
374.263: Total time for which application threads were stopped: 0.0008230 seconds, Stopping threads took: 0.0000840 seconds
374.348: Application time: 0.0850570 seconds
374.348: [GC [PSYoungGen: 36520K->1280K(35840K)] 56589K->21349K(75776K), 0.0005940 secs] [Times: user=0.00 sys=0.00, real=0.00 secs] 
374.349: Total time for which application threads were stopped: 0.0008060 seconds, Stopping threads took: 0.0001510 seconds
374.432: Application time: 0.0836840 seconds
374.432: [GC [PSYoungGen: 35255K->1792K(35840K)] 55324K->21973K(75776K), 0.0006760 secs] [Times: user=0.01 sys=0.00, real=0.00 secs] 
374.433: Total time for which application threads were stopped: 0.0008230 seconds, Stopping threads took: 0.0000710 seconds
374.514: Application time: 0.0809090 seconds
374.514: [GC [PSYoungGen: 35253K->2304K(35840K)] 55434K->22485K(75776K), 0.0008820 secs] [Times: user=0.00 sys=0.01, real=0.01 secs] 
374.515: Total time for which application threads were stopped: 0.0010140 seconds, Stopping threads took: 0.0000600 seconds
374.595: Application time: 0.0799930 seconds
374.595: [GC [PSYoungGen: 35253K->2272K(35328K)] 55434K->22453K(75264K), 0.0008750 secs] [Times: user=0.00 sys=0.00, real=0.00 secs] 
374.596: Total time for which application threads were stopped: 0.0010130 seconds, Stopping threads took: 0.0000680 seconds
374.676: Application time: 0.0802390 seconds
374.676: [GC [PSYoungGen: 34785K->1792K(34304K)] 54966K->21973K(74240K), 0.0008190 secs] [Times: user=0.01 sys=0.00, real=0.00 secs] 
374.677: Total time for which application threads were stopped: 0.0009530 seconds, Stopping threads took: 0.0000700 seconds
374.756: Application time: 0.0785930 seconds
374.756: [GC [PSYoungGen: 33869K->1280K(33280K)] 54050K->21509K(73216K), 0.0006540 secs] [Times: user=0.00 sys=0.00, real=0.00 secs] 
374.757: Total time for which application threads were stopped: 0.0007840 seconds, Stopping threads took: 0.0000650 seconds
374.832: Application time: 0.0753790 seconds
374.832: [GC [PSYoungGen: 32746K->2784K(36352K)] 52976K->23081K(76288K), 0.0011650 secs] [Times: user=0.01 sys=0.00, real=0.00 secs] 
374.833: Total time for which application threads were stopped: 0.0013050 seconds, Stopping threads took: 0.0000670 seconds
374.915: Application time: 0.0817070 seconds
374.915: [GC [PSYoungGen: 35811K->2816K(41984K)] 56108K->23153K(81920K), 0.0009450 secs] [Times: user=0.01 sys=0.00, real=0.00 secs] 
374.916: Total time for which application threads were stopped: 0.0010870 seconds, Stopping threads took: 0.0000690 seconds
375.009: Application time: 0.0927260 seconds
375.009: [GC [PSYoungGen: 41142K->2352K(39936K)] 61480K->22737K(79872K), 0.0008680 secs] [Times: user=0.00 sys=0.00, real=0.00 secs] 
375.010: Total time for which application threads were stopped: 0.0010150 seconds, Stopping threads took: 0.0000690 seconds
375.101: Application time: 0.0914690 seconds
375.101: [GC [PSYoungGen: 39414K->2304K(38912K)] 59799K->22801K(78848K), 0.0009360 secs] [Times: user=0.00 sys=0.00, real=0.00 secs] 
375.102: Total time for which application threads were stopped: 0.0010810 seconds, Stopping threads took: 0.0000750 seconds
375.190: Application time: 0.0872250 seconds
375.190: [GC [PSYoungGen: 38337K->2304K(38400K)] 58835K->22801K(78336K), 0.0009170 secs] [Times: user=0.00 sys=0.01, real=0.00 secs] 
375.191: Total time for which application threads were stopped: 0.0010640 seconds, Stopping threads took: 0.0000740 seconds
375.278: Application time: 0.0876100 seconds
375.278: [GC [PSYoungGen: 37823K->2272K(38400K)] 58321K->22769K(78336K), 0.0008770 secs] [Times: user=0.00 sys=0.00, real=0.00 secs] 
375.279: Total time for which application threads were stopped: 0.0010060 seconds, Stopping threads took: 0.0000580 seconds
375.364: Application time: 0.0851220 seconds
375.365: [GC [PSYoungGen: 37432K->2816K(38912K)] 57929K->23313K(78848K), 0.0010980 secs] [Times: user=0.00 sys=0.00, real=0.00 secs] 
375.366: Total time for which application threads were stopped: 0.0012450 seconds, Stopping threads took: 0.0000730 seconds
375.453: Application time: 0.0871240 seconds
375.453: [GC [PSYoungGen: 37984K->1280K(36352K)] 58481K->21873K(76288K), 0.0005870 secs] [Times: user=0.00 sys=0.00, real=0.00 secs] 
375.454: Total time for which application threads were stopped: 0.0007330 seconds, Stopping threads took: 0.0000830 seconds
375.537: Application time: 0.0837060 seconds
375.537: [GC [PSYoungGen: 35845K->2304K(36864K)] 56439K->22977K(76800K), 0.0009880 secs] [Times: user=0.01 sys=0.00, real=0.00 secs] 
375.538: Total time for which application threads were stopped: 0.0011410 seconds, Stopping threads took: 0.0000710 seconds
375.620: Application time: 0.0816030 seconds
375.620: [GC [PSYoungGen: 36357K->2816K(36864K)] 57031K->23537K(76800K), 0.0009620 secs] [Times: user=0.01 sys=0.00, real=0.00 secs] 
375.621: Total time for which application threads were stopped: 0.0011120 seconds, Stopping threads took: 0.0000760 seconds
375.702: Application time: 0.0807310 seconds
375.702: [GC [PSYoungGen: 36434K->3360K(42496K)] 57155K->24113K(82432K), 0.0013190 secs] [Times: user=0.01 sys=0.00, real=0.00 secs] 
375.703: Total time for which application threads were stopped: 0.0014710 seconds, Stopping threads took: 0.0000750 seconds
375.798: Application time: 0.0950340 seconds
375.799: [GC [PSYoungGen: 41968K->2304K(45056K)] 62721K->23129K(84992K), 0.0008420 secs] [Times: user=0.00 sys=0.00, real=0.00 secs] 
375.799: Total time for which application threads were stopped: 0.0010180 seconds, Stopping threads took: 0.0001070 seconds
375.898: Application time: 0.0982540 seconds
375.898: [GC [PSYoungGen: 42962K->2816K(45056K)] 63788K->23641K(84992K), 0.0010440 secs] [Times: user=0.01 sys=0.00, real=0.00 secs] 
375.899: Total time for which application threads were stopped: 0.0011840 seconds, Stopping threads took: 0.0000690 seconds
375.999: Application time: 0.0998990 seconds
375.999: [GC [PSYoungGen: 43635K->1792K(41984K)] 64460K->22617K(81920K), 0.0006640 secs] [Times: user=0.00 sys=0.00, real=0.00 secs] 
376.000: Total time for which application threads were stopped: 0.0008690 seconds, Stopping threads took: 0.0001440 seconds
376.097: Application time: 0.0970490 seconds
376.097: [GC [PSYoungGen: 41585K->1248K(40448K)] 62410K->22161K(80384K), 0.0006260 secs] [Times: user=0.00 sys=0.00, real=0.00 secs] 
376.097: Total time for which application threads were stopped: 0.0007740 seconds, Stopping threads took: 0.0000770 seconds
376.190: Application time: 0.0921970 seconds
376.190: [GC [PSYoungGen: 39924K->2784K(40960K)] 60838K->23773K(80896K), 0.0009800 secs] [Times: user=0.00 sys=0.00, real=0.00 secs] 
376.191: Total time for which application threads were stopped: 0.0011260 seconds, Stopping threads took: 0.0000700 seconds
376.284: Application time: 0.0929730 seconds
376.284: [GC [PSYoungGen: 40436K->3328K(40448K)] 61425K->24357K(80384K), 0.0013420 secs] [Times: user=0.01 sys=0.00, real=0.00 secs] 
376.285: Total time for which application threads were stopped: 0.0014840 seconds, Stopping threads took: 0.0000640 seconds
376.298: Application time: 0.0127480 seconds
376.298: Total time for which application threads were stopped: 0.0001070 seconds, Stopping threads took: 0.0000830 seconds
376.382: Application time: 0.0842050 seconds
376.382: [GC [PSYoungGen: 40008K->1792K(38400K)] 61038K->22885K(78336K), 0.0006680 secs] [Times: user=0.00 sys=0.00, real=0.00 secs] 
376.383: Total time for which application threads were stopped: 0.0008010 seconds, Stopping threads took: 0.0000650 seconds
376.478: Application time: 0.0949830 seconds
376.478: [GC [PSYoungGen: 37819K->1760K(37888K)] 58913K->22909K(77824K), 0.0008080 secs] [Times: user=0.00 sys=0.00, real=0.00 secs] 
376.479: Total time for which application threads were stopped: 0.0009360 seconds, Stopping threads took: 0.0000630 seconds
376.572: Application time: 0.0924890 seconds
376.572: [GC [PSYoungGen: 37275K->1728K(37376K)] 58425K->22877K(77312K), 0.0008110 secs] [Times: user=0.00 sys=0.00, real=0.00 secs] 
376.572: Total time for which application threads were stopped: 0.0009450 seconds, Stopping threads took: 0.0000700 seconds
376.623: Application time: 0.0507510 seconds
376.623: Total time for which application threads were stopped: 0.0001110 seconds, Stopping threads took: 0.0000790 seconds
376.678: Application time: 0.0545310 seconds
376.678: [GC [PSYoungGen: 36836K->192K(35328K)] 57985K->21341K(75264K), 0.0004680 secs] [Times: user=0.00 sys=0.00, real=0.00 secs] 
376.678: Total time for which application threads were stopped: 0.0006030 seconds, Stopping threads took: 0.0000720 seconds
376.693: Application time: 0.0148490 seconds
376.693: Total time for which application threads were stopped: 0.0000580 seconds, Stopping threads took: 0.0000400 seconds
376.744: Application time: 0.0503620 seconds
376.744: Total time for which application threads were stopped: 0.0000620 seconds, Stopping threads took: 0.0000360 seconds
376.757: Application time: 0.0134910 seconds
376.757: Total time for which application threads were stopped: 0.0000240 seconds, Stopping threads took: 0.0000150 seconds
376.952: Application time: 0.1950010 seconds
376.952: Total time for which application threads were stopped: 0.0000660 seconds, Stopping threads took: 0.0000190 seconds
377.047: Application time: 0.0943600 seconds
377.047: [GC [PSYoungGen: 35008K->3219K(37888K)] 56157K->24449K(77824K), 0.0018090 secs] [Times: user=0.00 sys=0.00, real=0.00 secs] 
377.049: Total time for which application threads were stopped: 0.0019270 seconds, Stopping threads took: 0.0000130 seconds
377.049: Application time: 0.0000630 seconds
377.049: Total time for which application threads were stopped: 0.0000410 seconds, Stopping threads took: 0.0000230 seconds
377.049: Application time: 0.0000500 seconds
377.049: Total time for which application threads were stopped: 0.0000150 seconds, Stopping threads took: 0.0000070 seconds
377.049: Application time: 0.0000370 seconds
377.049: Total time for which application threads were stopped: 0.0000260 seconds, Stopping threads took: 0.0000180 seconds
377.049: Application time: 0.0000130 seconds
377.049: Total time for which application threads were stopped: 0.0000160 seconds, Stopping threads took: 0.0000100 seconds
377.049: Application time: 0.0000110 seconds
377.049: Total time for which application threads were stopped: 0.0000180 seconds, Stopping threads took: 0.0000120 seconds
377.049: Application time: 0.0000110 seconds
377.049: Total time for which application threads were stopped: 0.0000160 seconds, Stopping threads took: 0.0000100 seconds
377.049: Application time: 0.0000110 seconds
377.049: Total time for which application threads were stopped: 0.0000130 seconds, Stopping threads took: 0.0000080 seconds
377.049: Application time: 0.0000100 seconds
377.049: Total time for which application threads were stopped: 0.0000160 seconds, Stopping threads took: 0.0000100 seconds
377.049: Application time: 0.0000110 seconds
377.049: Total time for which application threads were stopped: 0.0000160 seconds, Stopping threads took: 0.0000100 seconds
377.049: Application time: 0.0000110 seconds
377.049: Total time for which application threads were stopped: 0.0000180 seconds, Stopping threads took: 0.0000120 seconds
377.049: Application time: 0.0000100 seconds
377.049: Total time for which application threads were stopped: 0.0000160 seconds, Stopping threads took: 0.0000100 seconds
377.049: Application time: 0.0000110 seconds
377.049: Total time for which application threads were stopped: 0.0000150 seconds, Stopping threads took: 0.0000090 seconds
377.049: Application time: 0.0000100 seconds
377.049: Total time for which application threads were stopped: 0.0000150 seconds, Stopping threads took: 0.0000100 seconds
377.049: Application time: 0.0000100 seconds
377.049: Total time for which application threads were stopped: 0.0000150 seconds, Stopping threads took: 0.0000100 seconds
377.049: Application time: 0.0000100 seconds
377.049: Total time for which application threads were stopped: 0.0000160 seconds, Stopping threads took: 0.0000100 seconds
377.049: Application time: 0.0000110 seconds
377.049: Total time for which application threads were stopped: 0.0000150 seconds, Stopping threads took: 0.0000100 seconds
377.049: Application time: 0.0000110 seconds
377.049: Total time for which application threads were stopped: 0.0000150 seconds, Stopping threads took: 0.0000100 seconds
377.049: Application time: 0.0000110 seconds
377.049: Total time for which application threads were stopped: 0.0000160 seconds, Stopping threads took: 0.0000100 seconds
377.049: Application time: 0.0000110 seconds
377.049: Total time for which application threads were stopped: 0.0000200 seconds, Stopping threads took: 0.0000140 seconds
377.049: Application time: 0.0000110 seconds
377.049: Total time for which application threads were stopped: 0.0000370 seconds, Stopping threads took: 0.0000100 seconds
377.706: Application time: 0.6567220 seconds
377.706: [GC [PSYoungGen: 37523K->4594K(38400K)] 58753K->37336K(78336K), 0.0059650 secs] [Times: user=0.04 sys=0.00, real=0.01 secs] 
377.712: Total time for which application threads were stopped: 0.0061030 seconds, Stopping threads took: 0.0000110 seconds
377.712: Application time: 0.0000850 seconds
377.712: Total time for which application threads were stopped: 0.0000390 seconds, Stopping threads took: 0.0000130 seconds
377.712: Application time: 0.0000600 seconds
377.712: Total time for which application threads were stopped: 0.0000470 seconds, Stopping threads took: 0.0000370 seconds
377.713: Application time: 0.0000470 seconds
377.713: Total time for which application threads were stopped: 0.0000190 seconds, Stopping threads took: 0.0000070 seconds
377.713: Application time: 0.0000420 seconds
377.713: Total time for which application threads were stopped: 0.0000220 seconds, Stopping threads took: 0.0000130 seconds
377.713: Application time: 0.0000270 seconds
377.713: Total time for which application threads were stopped: 0.0000200 seconds, Stopping threads took: 0.0000120 seconds
377.713: Application time: 0.0000120 seconds
377.713: Total time for which application threads were stopped: 0.0000150 seconds, Stopping threads took: 0.0000100 seconds
377.713: Application time: 0.0000090 seconds
377.713: Total time for which application threads were stopped: 0.0000270 seconds, Stopping threads took: 0.0000220 seconds
377.713: Application time: 0.0000100 seconds
377.713: Total time for which application threads were stopped: 0.0000160 seconds, Stopping threads took: 0.0000120 seconds
377.713: Application time: 0.0000080 seconds
377.713: Total time for which application threads were stopped: 0.0000140 seconds, Stopping threads took: 0.0000100 seconds
377.713: Application time: 0.0000100 seconds
377.713: Total time for which application threads were stopped: 0.0000160 seconds, Stopping threads took: 0.0000120 seconds
377.713: Application time: 0.0000080 seconds
377.713: Total time for which application threads were stopped: 0.0000140 seconds, Stopping threads took: 0.0000090 seconds
377.713: Application time: 0.0000090 seconds
377.713: Total time for which application threads were stopped: 0.0000150 seconds, Stopping threads took: 0.0000100 seconds
377.713: Application time: 0.0000100 seconds
377.713: Total time for which application threads were stopped: 0.0000100 seconds, Stopping threads took: 0.0000050 seconds
377.713: Application time: 0.0000090 seconds
377.713: Total time for which application threads were stopped: 0.0000140 seconds, Stopping threads took: 0.0000100 seconds
377.713: Application time: 0.0000090 seconds
377.713: Total time for which application threads were stopped: 0.0000140 seconds, Stopping threads took: 0.0000100 seconds
377.713: Application time: 0.0000090 seconds
377.713: Total time for which application threads were stopped: 0.0000120 seconds, Stopping threads took: 0.0000080 seconds
377.713: Application time: 0.0000090 seconds
377.713: Total time for which application threads were stopped: 0.0000150 seconds, Stopping threads took: 0.0000100 seconds
377.713: Application time: 0.0000090 seconds
377.713: Total time for which application threads were stopped: 0.0000140 seconds, Stopping threads took: 0.0000090 seconds
377.713: Application time: 0.0000090 seconds
377.713: Total time for which application threads were stopped: 0.0000090 seconds, Stopping threads took: 0.0000050 seconds
377.713: Application time: 0.0000090 seconds
377.713: Total time for which application threads were stopped: 0.0000180 seconds, Stopping threads took: 0.0000090 seconds
377.713: Application time: 0.0002600 seconds
377.713: Total time for which application threads were stopped: 0.0000150 seconds, Stopping threads took: 0.0000090 seconds
377.713: Application time: 0.0000340 seconds
377.713: Total time for which application threads were stopped: 0.0000110 seconds, Stopping threads took: 0.0000050 seconds
377.713: Application time: 0.0000910 seconds
377.713: Total time for which application threads were stopped: 0.0000110 seconds, Stopping threads took: 0.0000040 seconds
377.714: Application time: 0.0000730 seconds
377.714: Total time for which application threads were stopped: 0.0000150 seconds, Stopping threads took: 0.0000080 seconds
377.714: Application time: 0.0000210 seconds
377.714: Total time for which application threads were stopped: 0.0000220 seconds, Stopping threads took: 0.0000120 seconds
377.757: Application time: 0.0429980 seconds
377.757: Total time for which application threads were stopped: 0.0000410 seconds, Stopping threads took: 0.0000120 seconds
377.758: Application time: 0.0017440 seconds
377.758: Total time for which application threads were stopped: 0.0000220 seconds, Stopping threads took: 0.0000090 seconds
Heap
 PSYoungGen      total 38400K, used 14635K [0x00000000d7480000, 0x00000000da780000, 0x0000000100000000)
  eden space 33792K, 29% used [0x00000000d7480000,0x00000000d7e4e3d8,0x00000000d9580000)
  from space 4608K, 99% used [0x00000000d9700000,0x00000000d9b7ca10,0x00000000d9b80000)
  to   space 9216K, 0% used [0x00000000d9e80000,0x00000000d9e80000,0x00000000da780000)
 ParOldGen       total 39936K, used 32742K [0x0000000085e00000, 0x0000000088500000, 0x00000000d7480000)
  object space 39936K, 81% used [0x0000000085e00000,0x0000000087df9848,0x0000000088500000)
 PSPermGen       total 21504K, used 12936K [0x0000000080c00000, 0x0000000082100000, 0x0000000085e00000)
  object space 21504K, 60% used [0x0000000080c00000,0x00000000818a2358,0x0000000082100000)
377.759: Application time: 0.0001510 seconds
