Java HotSpot(TM) 64-Bit Server VM (24.80-b11) for linux-amd64 JRE (1.7.0_80-b15), built on Apr 10 2015 19:53:14 by "java_re" with gcc 4.3.0 20080428 (Red Hat 4.3.0-8)
Memory: 4k page, physical 8000092k(5770600k free), swap 8218620k(8218620k free)
CommandLine flags: -XX:InitialHeapSize=128001472 -XX:MaxHeapSize=2048023552 -XX:+PrintGC -XX:+PrintGCApplicationConcurrentTime -XX:+PrintGCApplicationStoppedTime -XX:+PrintGCDetails -XX:+PrintGCTimeStamps -XX:+UseCompressedOops -XX:+UseG1GC 
1.011: Application time: 0.9860820 seconds
1.011: Total time for which application threads were stopped: 0.0000440 seconds, Stopping threads took: 0.0000120 seconds
4.030: Application time: 3.0193020 seconds
4.030: Total time for which application threads were stopped: 0.0000700 seconds, Stopping threads took: 0.0000180 seconds
14.714: Application time: 10.6837080 seconds
14.714: Total time for which application threads were stopped: 0.0000220 seconds, Stopping threads took: 0.0000070 seconds
14.714: Application time: 0.0000130 seconds
14.714: Total time for which application threads were stopped: 0.0000070 seconds, Stopping threads took: 0.0000030 seconds
14.715: Application time: 0.0013750 seconds
14.715: Total time for which application threads were stopped: 0.0000090 seconds, Stopping threads took: 0.0000040 seconds
14.743: Application time: 0.0275550 seconds
14.743: Total time for which application threads were stopped: 0.0000450 seconds, Stopping threads took: 0.0000120 seconds
14.757: Application time: 0.0142130 seconds
14.757: [GC pause (young), 0.0028440 secs]
   [Parallel Time: 1.6 ms, GC Workers: 8]
      [GC Worker Start (ms): Min: 14757.1, Avg: 14757.2, Max: 14757.2, Diff: 0.1]
      [Ext Root Scanning (ms): Min: 0.4, Avg: 0.5, Max: 0.6, Diff: 0.2, Sum: 3.9]
      [Update RS (ms): Min: 0.0, Avg: 0.0, Max: 0.0, Diff: 0.0, Sum: 0.0]
         [Processed Buffers: Min: 0, Avg: 2.2, Max: 8, Diff: 8, Sum: 18]
      [Scan RS (ms): Min: 0.0, Avg: 0.0, Max: 0.0, Diff: 0.0, Sum: 0.0]
      [Code Root Scanning (ms): Min: 0.0, Avg: 0.0, Max: 0.0, Diff: 0.0, Sum: 0.0]
      [Object Copy (ms): Min: 0.7, Avg: 0.8, Max: 0.9, Diff: 0.2, Sum: 6.1]
      [Termination (ms): Min: 0.0, Avg: 0.0, Max: 0.0, Diff: 0.0, Sum: 0.0]
      [GC Worker Other (ms): Min: 0.0, Avg: 0.0, Max: 0.0, Diff: 0.0, Sum: 0.1]
      [GC Worker Total (ms): Min: 1.2, Avg: 1.3, Max: 1.3, Diff: 0.1, Sum: 10.1]
      [GC Worker End (ms): Min: 14758.4, Avg: 14758.4, Max: 14758.4, Diff: 0.0]
   [Code Root Fixup: 0.0 ms]
   [Code Root Migration: 0.0 ms]
   [Clear CT: 0.5 ms]
   [Other: 0.7 ms]
      [Choose CSet: 0.0 ms]
      [Ref Proc: 0.7 ms]
      [Ref Enq: 0.0 ms]
      [Free CSet: 0.0 ms]
   [Eden: 9216.0K(9216.0K)->0.0B(23.0M) Survivors: 0.0B->2048.0K Heap: 9216.0K(123.0M)->3387.0K(123.0M)]
 [Times: user=0.01 sys=0.00, real=0.00 secs] 
14.760: Total time for which application threads were stopped: 0.0029660 seconds, Stopping threads took: 0.0000180 seconds
14.760: Application time: 0.0001080 seconds
14.760: [Full GC 3412K->3145K(11M), 0.0159480 secs]
   [Eden: 1024.0K(23.0M)->0.0B(3072.0K) Survivors: 2048.0K->0.0B Heap: 3412.4K(123.0M)->3145.8K(11.0M)], [Perm: 5076K->5076K(20480K)]
 [Times: user=0.02 sys=0.00, real=0.02 secs] 
14.776: Total time for which application threads were stopped: 0.0160290 seconds, Stopping threads took: 0.0000060 seconds
14.776: Application time: 0.0000670 seconds
14.776: [Full GC 3145K->3145K(11M), 0.0135720 secs]
   [Eden: 0.0B(3072.0K)->0.0B(3072.0K) Survivors: 0.0B->0.0B Heap: 3145.8K(11.0M)->3145.7K(11.0M)], [Perm: 5076K->5076K(20480K)]
 [Times: user=0.02 sys=0.00, real=0.01 secs] 
14.790: Total time for which application threads were stopped: 0.0136450 seconds, Stopping threads took: 0.0000060 seconds
14.790: Application time: 0.0001140 seconds
14.790: Total time for which application threads were stopped: 0.0000580 seconds, Stopping threads took: 0.0000410 seconds
14.790: Application time: 0.0000710 seconds
14.790: Total time for which application threads were stopped: 0.0000090 seconds, Stopping threads took: 0.0000050 seconds
14.790: Application time: 0.0000380 seconds
14.790: Total time for which application threads were stopped: 0.0000220 seconds, Stopping threads took: 0.0000180 seconds
14.790: Application time: 0.0000210 seconds
14.790: Total time for which application threads were stopped: 0.0000170 seconds, Stopping threads took: 0.0000130 seconds
14.790: Application time: 0.0000110 seconds
14.790: Total time for which application threads were stopped: 0.0000150 seconds, Stopping threads took: 0.0000120 seconds
14.790: Application time: 0.0000100 seconds
14.790: Total time for which application threads were stopped: 0.0000130 seconds, Stopping threads took: 0.0000100 seconds
14.790: Application time: 0.0000100 seconds
14.790: Total time for which application threads were stopped: 0.0000130 seconds, Stopping threads took: 0.0000100 seconds
14.790: Application time: 0.0000100 seconds
14.790: Total time for which application threads were stopped: 0.0000140 seconds, Stopping threads took: 0.0000110 seconds
14.790: Application time: 0.0001580 seconds
14.790: Total time for which application threads were stopped: 0.0000130 seconds, Stopping threads took: 0.0000100 seconds
14.790: Application time: 0.0000110 seconds
14.790: Total time for which application threads were stopped: 0.0000120 seconds, Stopping threads took: 0.0000090 seconds
14.791: Application time: 0.0000100 seconds
14.791: Total time for which application threads were stopped: 0.0000110 seconds, Stopping threads took: 0.0000080 seconds
14.791: Application time: 0.0000100 seconds
14.791: Total time for which application threads were stopped: 0.0000120 seconds, Stopping threads took: 0.0000090 seconds
14.791: Application time: 0.0000100 seconds
14.791: Total time for which application threads were stopped: 0.0000100 seconds, Stopping threads took: 0.0000070 seconds
14.791: Application time: 0.0000100 seconds
14.791: Total time for which application threads were stopped: 0.0000120 seconds, Stopping threads took: 0.0000090 seconds
14.791: Application time: 0.0000110 seconds
14.791: Total time for which application threads were stopped: 0.0000110 seconds, Stopping threads took: 0.0000080 seconds
14.791: Application time: 0.0000100 seconds
14.791: Total time for which application threads were stopped: 0.0000110 seconds, Stopping threads took: 0.0000080 seconds
14.791: Application time: 0.0000100 seconds
14.791: Total time for which application threads were stopped: 0.0000140 seconds, Stopping threads took: 0.0000110 seconds
14.791: Application time: 0.0000110 seconds
14.791: Total time for which application threads were stopped: 0.0000170 seconds, Stopping threads took: 0.0000080 seconds
14.819: Application time: 0.0280250 seconds
14.819: [GC pause (young), 0.0015490 secs]
   [Parallel Time: 0.9 ms, GC Workers: 8]
      [GC Worker Start (ms): Min: 14818.8, Avg: 14818.8, Max: 14818.9, Diff: 0.1]
      [Ext Root Scanning (ms): Min: 0.6, Avg: 0.7, Max: 0.8, Diff: 0.1, Sum: 5.7]
      [Update RS (ms): Min: 0.0, Avg: 0.0, Max: 0.1, Diff: 0.1, Sum: 0.2]
         [Processed Buffers: Min: 0, Avg: 0.8, Max: 2, Diff: 2, Sum: 6]
      [Scan RS (ms): Min: 0.0, Avg: 0.0, Max: 0.0, Diff: 0.0, Sum: 0.0]
      [Code Root Scanning (ms): Min: 0.0, Avg: 0.0, Max: 0.0, Diff: 0.0, Sum: 0.0]
      [Object Copy (ms): Min: 0.1, Avg: 0.1, Max: 0.1, Diff: 0.1, Sum: 0.8]
      [Termination (ms): Min: 0.0, Avg: 0.0, Max: 0.0, Diff: 0.0, Sum: 0.0]
      [GC Worker Other (ms): Min: 0.0, Avg: 0.0, Max: 0.0, Diff: 0.0, Sum: 0.1]
      [GC Worker Total (ms): Min: 0.8, Avg: 0.8, Max: 0.9, Diff: 0.1, Sum: 6.8]
      [GC Worker End (ms): Min: 14819.7, Avg: 14819.7, Max: 14819.7, Diff: 0.0]
   [Code Root Fixup: 0.0 ms]
   [Code Root Migration: 0.0 ms]
   [Clear CT: 0.3 ms]
   [Other: 0.3 ms]
      [Choose CSet: 0.0 ms]
      [Ref Proc: 0.3 ms]
      [Ref Enq: 0.0 ms]
      [Free CSet: 0.0 ms]
   [Eden: 3072.0K(3072.0K)->0.0B(1024.0K) Survivors: 0.0B->1024.0K Heap: 6217.7K(11.0M)->6505.7K(11.0M)]
 [Times: user=0.00 sys=0.01, real=0.00 secs] 
14.820: Total time for which application threads were stopped: 0.0016600 seconds, Stopping threads took: 0.0000120 seconds
14.820: Application time: 0.0000680 seconds
14.820: Total time for which application threads were stopped: 0.0000280 seconds, Stopping threads took: 0.0000190 seconds
14.820: Application time: 0.0000170 seconds
14.821: Total time for which application threads were stopped: 0.0000170 seconds, Stopping threads took: 0.0000130 seconds
14.821: Application time: 0.0000180 seconds
14.821: Total time for which application threads were stopped: 0.0000200 seconds, Stopping threads took: 0.0000150 seconds
14.821: Application time: 0.0000260 seconds
14.821: Total time for which application threads were stopped: 0.0000210 seconds, Stopping threads took: 0.0000130 seconds
14.821: Application time: 0.0000100 seconds
14.821: Total time for which application threads were stopped: 0.0000090 seconds, Stopping threads took: 0.0000050 seconds
14.821: Application time: 0.0000240 seconds
14.821: Total time for which application threads were stopped: 0.0000210 seconds, Stopping threads took: 0.0000170 seconds
14.821: Application time: 0.0000120 seconds
14.821: Total time for which application threads were stopped: 0.0000110 seconds, Stopping threads took: 0.0000080 seconds
14.821: Application time: 0.0000090 seconds
14.821: Total time for which application threads were stopped: 0.0000140 seconds, Stopping threads took: 0.0000110 seconds
14.821: Application time: 0.0000090 seconds
14.821: Total time for which application threads were stopped: 0.0000180 seconds, Stopping threads took: 0.0000150 seconds
14.821: Application time: 0.0000090 seconds
14.821: Total time for which application threads were stopped: 0.0000140 seconds, Stopping threads took: 0.0000110 seconds
14.821: Application time: 0.0000100 seconds
14.821: Total time for which application threads were stopped: 0.0000130 seconds, Stopping threads took: 0.0000100 seconds
14.821: Application time: 0.0000090 seconds
14.821: Total time for which application threads were stopped: 0.0000110 seconds, Stopping threads took: 0.0000080 seconds
14.821: Application time: 0.0000090 seconds
14.821: Total time for which application threads were stopped: 0.0000140 seconds, Stopping threads took: 0.0000110 seconds
14.821: Application time: 0.0000090 seconds
14.821: Total time for which application threads were stopped: 0.0000130 seconds, Stopping threads took: 0.0000100 seconds
14.821: Application time: 0.0000080 seconds
14.821: Total time for which application threads were stopped: 0.0000190 seconds, Stopping threads took: 0.0000110 seconds
14.821: Application time: 0.0000080 seconds
14.821: Total time for which application threads were stopped: 0.0000130 seconds, Stopping threads took: 0.0000090 seconds
14.821: Application time: 0.0000080 seconds
14.821: Total time for which application threads were stopped: 0.0000110 seconds, Stopping threads took: 0.0000080 seconds
14.821: Application time: 0.0000090 seconds
14.821: Total time for which application threads were stopped: 0.0000140 seconds, Stopping threads took: 0.0000090 seconds
14.821: Application time: 0.0000080 seconds
14.821: Total time for which application threads were stopped: 0.0000120 seconds, Stopping threads took: 0.0000090 seconds
14.821: Application time: 0.0000100 seconds
14.821: Total time for which application threads were stopped: 0.0000180 seconds, Stopping threads took: 0.0000150 seconds
14.821: Application time: 0.0000080 seconds
14.821: Total time for which application threads were stopped: 0.0000180 seconds, Stopping threads took: 0.0000130 seconds
14.821: Application time: 0.0000090 seconds
14.821: Total time for which application threads were stopped: 0.0000130 seconds, Stopping threads took: 0.0000100 seconds
14.821: Application time: 0.0000090 seconds
14.821: Total time for which application threads were stopped: 0.0000140 seconds, Stopping threads took: 0.0000100 seconds
14.821: Application time: 0.0000090 seconds
14.821: Total time for which application threads were stopped: 0.0000170 seconds, Stopping threads took: 0.0000120 seconds
14.821: Application time: 0.0000100 seconds
14.821: Total time for which application threads were stopped: 0.0000180 seconds, Stopping threads took: 0.0000100 seconds
14.821: Application time: 0.0000080 seconds
14.821: Total time for which application threads were stopped: 0.0000110 seconds, Stopping threads took: 0.0000050 seconds
14.821: Application time: 0.0000110 seconds
14.821: Total time for which application threads were stopped: 0.0000150 seconds, Stopping threads took: 0.0000090 seconds
14.821: Application time: 0.0000100 seconds
14.821: Total time for which application threads were stopped: 0.0000130 seconds, Stopping threads took: 0.0000080 seconds
14.821: Application time: 0.0000140 seconds
14.821: Total time for which application threads were stopped: 0.0000150 seconds, Stopping threads took: 0.0000100 seconds
14.821: Application time: 0.0000100 seconds
14.821: Total time for which application threads were stopped: 0.0000160 seconds, Stopping threads took: 0.0000110 seconds
14.821: Application time: 0.0000110 seconds
14.821: Total time for which application threads were stopped: 0.0000160 seconds, Stopping threads took: 0.0000110 seconds
14.821: Application time: 0.0000110 seconds
14.821: Total time for which application threads were stopped: 0.0000180 seconds, Stopping threads took: 0.0000110 seconds
14.821: Application time: 0.0000110 seconds
14.821: Total time for which application threads were stopped: 0.0000120 seconds, Stopping threads took: 0.0000080 seconds
14.821: Application time: 0.0000390 seconds
14.821: Total time for which application threads were stopped: 0.0000090 seconds, Stopping threads took: 0.0000040 seconds
14.821: Application time: 0.0000340 seconds
14.821: Total time for which application threads were stopped: 0.0000140 seconds, Stopping threads took: 0.0000090 seconds
14.821: Application time: 0.0000120 seconds
14.821: Total time for which application threads were stopped: 0.0000090 seconds, Stopping threads took: 0.0000040 seconds
14.821: Application time: 0.0000150 seconds
14.821: Total time for which application threads were stopped: 0.0000070 seconds, Stopping threads took: 0.0000030 seconds
14.821: Application time: 0.0000110 seconds
14.822: Total time for which application threads were stopped: 0.0000090 seconds, Stopping threads took: 0.0000040 seconds
14.822: Application time: 0.0000180 seconds
14.822: Total time for which application threads were stopped: 0.0000080 seconds, Stopping threads took: 0.0000040 seconds
14.822: Application time: 0.0000120 seconds
14.822: Total time for which application threads were stopped: 0.0000120 seconds, Stopping threads took: 0.0000050 seconds
14.824: Application time: 0.0028460 seconds
14.824: [GC pause (young) (initial-mark), 0.0007050 secs]
   [Parallel Time: 0.5 ms, GC Workers: 8]
      [GC Worker Start (ms): Min: 14824.4, Avg: 14824.4, Max: 14824.5, Diff: 0.0]
      [Ext Root Scanning (ms): Min: 0.3, Avg: 0.3, Max: 0.3, Diff: 0.0, Sum: 2.3]
      [Code Root Marking (ms): Min: 0.0, Avg: 0.0, Max: 0.0, Diff: 0.0, Sum: 0.0]
      [Update RS (ms): Min: 0.0, Avg: 0.0, Max: 0.1, Diff: 0.1, Sum: 0.4]
         [Processed Buffers: Min: 1, Avg: 1.4, Max: 2, Diff: 1, Sum: 11]
      [Scan RS (ms): Min: 0.0, Avg: 0.0, Max: 0.0, Diff: 0.0, Sum: 0.0]
      [Code Root Scanning (ms): Min: 0.0, Avg: 0.0, Max: 0.0, Diff: 0.0, Sum: 0.0]
      [Object Copy (ms): Min: 0.1, Avg: 0.1, Max: 0.1, Diff: 0.1, Sum: 0.8]
      [Termination (ms): Min: 0.0, Avg: 0.0, Max: 0.1, Diff: 0.1, Sum: 0.3]
      [GC Worker Other (ms): Min: 0.0, Avg: 0.0, Max: 0.0, Diff: 0.0, Sum: 0.0]
      [GC Worker Total (ms): Min: 0.5, Avg: 0.5, Max: 0.5, Diff: 0.0, Sum: 3.9]
      [GC Worker End (ms): Min: 14824.9, Avg: 14824.9, Max: 14824.9, Diff: 0.0]
   [Code Root Fixup: 0.0 ms]
   [Code Root Migration: 0.0 ms]
   [Clear CT: 0.0 ms]
   [Other: 0.1 ms]
      [Choose CSet: 0.0 ms]
      [Ref Proc: 0.1 ms]
      [Ref Enq: 0.0 ms]
      [Free CSet: 0.0 ms]
   [Eden: 1024.0K(1024.0K)->0.0B(1024.0K) Survivors: 1024.0K->1024.0K Heap: 7529.7K(11.0M)->6402.3K(11.0M)]
 [Times: user=0.00 sys=0.00, real=0.00 secs] 
14.825: Total time for which application threads were stopped: 0.0007680 seconds, Stopping threads took: 0.0000020 seconds
14.825: [GC concurrent-root-region-scan-start]
14.825: Application time: 0.0000350 seconds
14.825: Total time for which application threads were stopped: 0.0000230 seconds, Stopping threads took: 0.0000120 seconds
14.825: Application time: 0.0000170 seconds
14.825: [GC concurrent-root-region-scan-end, 0.0000820 secs]
14.825: [GC concurrent-mark-start]
14.825: Total time for which application threads were stopped: 0.0000200 seconds, Stopping threads took: 0.0000120 seconds
14.825: Application time: 0.0000360 seconds
14.825: Total time for which application threads were stopped: 0.0000200 seconds, Stopping threads took: 0.0000120 seconds
14.825: Application time: 0.0000290 seconds
14.825: Total time for which application threads were stopped: 0.0000130 seconds, Stopping threads took: 0.0000070 seconds
14.825: Application time: 0.0000310 seconds
14.825: Total time for which application threads were stopped: 0.0000150 seconds, Stopping threads took: 0.0000090 seconds
14.825: Application time: 0.0000230 seconds
14.825: Total time for which application threads were stopped: 0.0000150 seconds, Stopping threads took: 0.0000090 seconds
14.825: Application time: 0.0000260 seconds
14.825: Total time for which application threads were stopped: 0.0000100 seconds, Stopping threads took: 0.0000060 seconds
14.826: Application time: 0.0000270 seconds
14.826: Total time for which application threads were stopped: 0.0000100 seconds, Stopping threads took: 0.0000040 seconds
14.826: Application time: 0.0000300 seconds
14.826: Total time for which application threads were stopped: 0.0000160 seconds, Stopping threads took: 0.0000100 seconds
14.826: Application time: 0.0000290 seconds
14.826: Total time for which application threads were stopped: 0.0000100 seconds, Stopping threads took: 0.0000050 seconds
14.826: Application time: 0.0000350 seconds
14.826: Total time for which application threads were stopped: 0.0000100 seconds, Stopping threads took: 0.0000050 seconds
14.826: Application time: 0.0000430 seconds
14.826: Total time for which application threads were stopped: 0.0000110 seconds, Stopping threads took: 0.0000050 seconds
14.826: Application time: 0.0000270 seconds
14.826: Total time for which application threads were stopped: 0.0000080 seconds, Stopping threads took: 0.0000040 seconds
14.826: Application time: 0.0000370 seconds
14.826: Total time for which application threads were stopped: 0.0000090 seconds, Stopping threads took: 0.0000040 seconds
14.826: Application time: 0.0000290 seconds
14.826: Total time for which application threads were stopped: 0.0000100 seconds, Stopping threads took: 0.0000050 seconds
14.826: Application time: 0.0000310 seconds
14.826: Total time for which application threads were stopped: 0.0000170 seconds, Stopping threads took: 0.0000110 seconds
14.826: Application time: 0.0000300 seconds
14.826: Total time for which application threads were stopped: 0.0000100 seconds, Stopping threads took: 0.0000050 seconds
14.826: Application time: 0.0000230 seconds
14.826: Total time for which application threads were stopped: 0.0000090 seconds, Stopping threads took: 0.0000050 seconds
14.826: Application time: 0.0000190 seconds
14.826: Total time for which application threads were stopped: 0.0000140 seconds, Stopping threads took: 0.0000090 seconds
14.826: Application time: 0.0000240 seconds
14.826: Total time for which application threads were stopped: 0.0000180 seconds, Stopping threads took: 0.0000090 seconds
14.828: [GC concurrent-mark-end, 0.0023990 secs]
14.828: Application time: 0.0016320 seconds
14.828: [GC remark 14.828: [GC ref-proc, 0.0001100 secs], 0.0004500 secs]
 [Times: user=0.00 sys=0.00, real=0.00 secs] 
14.828: Total time for which application threads were stopped: 0.0004700 seconds, Stopping threads took: 0.0000060 seconds
14.828: Application time: 0.0000180 seconds
14.828: [GC cleanup 7074K->6537K(11M), 0.0001640 secs]
 [Times: user=0.00 sys=0.00, real=0.00 secs] 
14.828: Total time for which application threads were stopped: 0.0001840 seconds, Stopping threads took: 0.0000100 seconds
14.828: [GC concurrent-cleanup-start]
14.828: [GC concurrent-cleanup-end, 0.0000060 secs]
14.830: Application time: 0.0015320 seconds
14.830: [GC pause (young), 0.0009290 secs]
   [Parallel Time: 0.7 ms, GC Workers: 8]
      [GC Worker Start (ms): Min: 14829.9, Avg: 14829.9, Max: 14830.0, Diff: 0.1]
      [Ext Root Scanning (ms): Min: 0.5, Avg: 0.5, Max: 0.5, Diff: 0.1, Sum: 4.0]
      [Update RS (ms): Min: 0.0, Avg: 0.0, Max: 0.1, Diff: 0.1, Sum: 0.3]
         [Processed Buffers: Min: 0, Avg: 1.1, Max: 2, Diff: 2, Sum: 9]
      [Scan RS (ms): Min: 0.0, Avg: 0.0, Max: 0.0, Diff: 0.0, Sum: 0.0]
      [Code Root Scanning (ms): Min: 0.0, Avg: 0.0, Max: 0.0, Diff: 0.0, Sum: 0.0]
      [Object Copy (ms): Min: 0.0, Avg: 0.1, Max: 0.1, Diff: 0.1, Sum: 0.4]
      [Termination (ms): Min: 0.0, Avg: 0.0, Max: 0.0, Diff: 0.0, Sum: 0.1]
      [GC Worker Other (ms): Min: 0.0, Avg: 0.0, Max: 0.0, Diff: 0.0, Sum: 0.1]
      [GC Worker Total (ms): Min: 0.6, Avg: 0.6, Max: 0.6, Diff: 0.1, Sum: 4.9]
      [GC Worker End (ms): Min: 14830.5, Avg: 14830.5, Max: 14830.6, Diff: 0.0]
   [Code Root Fixup: 0.0 ms]
   [Code Root Migration: 0.0 ms]
   [Clear CT: 0.0 ms]
   [Other: 0.2 ms]
      [Choose CSet: 0.0 ms]
      [Ref Proc: 0.2 ms]
      [Ref Enq: 0.0 ms]
      [Free CSet: 0.0 ms]
   [Eden: 1024.0K(1024.0K)->0.0B(1024.0K) Survivors: 1024.0K->1024.0K Heap: 6889.2K(11.0M)->5398.7K(11.0M)]
 [Times: user=0.00 sys=0.01, real=0.00 secs] 
14.831: Total time for which application threads were stopped: 0.0010050 seconds, Stopping threads took: 0.0000050 seconds
14.835: Application time: 0.0039500 seconds
14.835: [GC pause (mixed), 0.0010200 secs]
   [Parallel Time: 0.7 ms, GC Workers: 8]
      [GC Worker Start (ms): Min: 14834.9, Avg: 14834.9, Max: 14835.0, Diff: 0.1]
      [Ext Root Scanning (ms): Min: 0.5, Avg: 0.5, Max: 0.6, Diff: 0.1, Sum: 4.3]
      [Update RS (ms): Min: 0.0, Avg: 0.0, Max: 0.0, Diff: 0.0, Sum: 0.1]
         [Processed Buffers: Min: 0, Avg: 1.1, Max: 3, Diff: 3, Sum: 9]
      [Scan RS (ms): Min: 0.0, Avg: 0.0, Max: 0.1, Diff: 0.1, Sum: 0.1]
      [Code Root Scanning (ms): Min: 0.0, Avg: 0.0, Max: 0.0, Diff: 0.0, Sum: 0.0]
      [Object Copy (ms): Min: 0.0, Avg: 0.1, Max: 0.1, Diff: 0.1, Sum: 0.6]
      [Termination (ms): Min: 0.0, Avg: 0.0, Max: 0.0, Diff: 0.0, Sum: 0.0]
      [GC Worker Other (ms): Min: 0.0, Avg: 0.0, Max: 0.0, Diff: 0.0, Sum: 0.1]
      [GC Worker Total (ms): Min: 0.6, Avg: 0.7, Max: 0.7, Diff: 0.1, Sum: 5.2]
      [GC Worker End (ms): Min: 14835.6, Avg: 14835.6, Max: 14835.6, Diff: 0.0]
   [Code Root Fixup: 0.0 ms]
   [Code Root Migration: 0.0 ms]
   [Clear CT: 0.1 ms]
   [Other: 0.2 ms]
      [Choose CSet: 0.0 ms]
      [Ref Proc: 0.2 ms]
      [Ref Enq: 0.0 ms]
      [Free CSet: 0.0 ms]
   [Eden: 1024.0K(1024.0K)->0.0B(3072.0K) Survivors: 1024.0K->1024.0K Heap: 6422.7K(11.0M)->3459.8K(11.0M)]
 [Times: user=0.00 sys=0.00, real=0.00 secs] 
14.836: Total time for which application threads were stopped: 0.0011050 seconds, Stopping threads took: 0.0000100 seconds
14.846: Application time: 0.0103390 seconds
14.846: [GC pause (young), 0.0011810 secs]
   [Parallel Time: 0.8 ms, GC Workers: 8]
      [GC Worker Start (ms): Min: 14846.3, Avg: 14846.4, Max: 14846.4, Diff: 0.1]
      [Ext Root Scanning (ms): Min: 0.5, Avg: 0.5, Max: 0.6, Diff: 0.1, Sum: 4.1]
      [Update RS (ms): Min: 0.0, Avg: 0.0, Max: 0.1, Diff: 0.1, Sum: 0.3]
         [Processed Buffers: Min: 1, Avg: 1.2, Max: 2, Diff: 1, Sum: 10]
      [Scan RS (ms): Min: 0.0, Avg: 0.0, Max: 0.0, Diff: 0.0, Sum: 0.0]
      [Code Root Scanning (ms): Min: 0.0, Avg: 0.0, Max: 0.0, Diff: 0.0, Sum: 0.0]
      [Object Copy (ms): Min: 0.1, Avg: 0.1, Max: 0.1, Diff: 0.0, Sum: 0.7]
      [Termination (ms): Min: 0.0, Avg: 0.0, Max: 0.0, Diff: 0.0, Sum: 0.0]
      [GC Worker Other (ms): Min: 0.0, Avg: 0.0, Max: 0.0, Diff: 0.0, Sum: 0.1]
      [GC Worker Total (ms): Min: 0.6, Avg: 0.7, Max: 0.7, Diff: 0.1, Sum: 5.3]
      [GC Worker End (ms): Min: 14847.0, Avg: 14847.0, Max: 14847.0, Diff: 0.0]
   [Code Root Fixup: 0.0 ms]
   [Code Root Migration: 0.0 ms]
   [Clear CT: 0.1 ms]
   [Other: 0.3 ms]
      [Choose CSet: 0.0 ms]
      [Ref Proc: 0.3 ms]
      [Ref Enq: 0.0 ms]
      [Free CSet: 0.0 ms]
   [Eden: 3072.0K(3072.0K)->0.0B(3072.0K) Survivors: 1024.0K->1024.0K Heap: 6531.8K(11.0M)->3794.7K(11.0M)]
 [Times: user=0.00 sys=0.00, real=0.00 secs] 
14.848: Total time for which application threads were stopped: 0.0012760 seconds, Stopping threads took: 0.0000110 seconds
14.858: Application time: 0.0100510 seconds
14.858: [GC pause (young), 0.0012720 secs]
   [Parallel Time: 0.8 ms, GC Workers: 8]
      [GC Worker Start (ms): Min: 14857.7, Avg: 14857.8, Max: 14858.4, Diff: 0.7]
      [Ext Root Scanning (ms): Min: 0.0, Avg: 0.4, Max: 0.5, Diff: 0.5, Sum: 3.3]
      [Update RS (ms): Min: 0.0, Avg: 0.0, Max: 0.1, Diff: 0.1, Sum: 0.2]
         [Processed Buffers: Min: 0, Avg: 1.2, Max: 3, Diff: 3, Sum: 10]
      [Scan RS (ms): Min: 0.0, Avg: 0.0, Max: 0.0, Diff: 0.0, Sum: 0.0]
      [Code Root Scanning (ms): Min: 0.0, Avg: 0.0, Max: 0.0, Diff: 0.0, Sum: 0.0]
      [Object Copy (ms): Min: 0.0, Avg: 0.1, Max: 0.1, Diff: 0.1, Sum: 0.7]
      [Termination (ms): Min: 0.0, Avg: 0.1, Max: 0.1, Diff: 0.1, Sum: 0.5]
      [GC Worker Other (ms): Min: 0.0, Avg: 0.0, Max: 0.0, Diff: 0.0, Sum: 0.0]
      [GC Worker Total (ms): Min: 0.0, Avg: 0.6, Max: 0.7, Diff: 0.7, Sum: 4.7]
      [GC Worker End (ms): Min: 14858.4, Avg: 14858.4, Max: 14858.4, Diff: 0.0]
   [Code Root Fixup: 0.0 ms]
   [Code Root Migration: 0.0 ms]
   [Clear CT: 0.1 ms]
   [Other: 0.4 ms]
      [Choose CSet: 0.0 ms]
      [Ref Proc: 0.4 ms]
      [Ref Enq: 0.0 ms]
      [Free CSet: 0.0 ms]
   [Eden: 3072.0K(3072.0K)->0.0B(3072.0K) Survivors: 1024.0K->1024.0K Heap: 6866.7K(11.0M)->4135.7K(11.0M)]
 [Times: user=0.00 sys=0.00, real=0.00 secs] 
14.859: Total time for which application threads were stopped: 0.0013590 seconds, Stopping threads took: 0.0000120 seconds
14.868: Application time: 0.0094570 seconds
14.868: [GC pause (young), 0.0010480 secs]
   [Parallel Time: 0.7 ms, GC Workers: 8]
      [GC Worker Start (ms): Min: 14868.5, Avg: 14868.5, Max: 14868.5, Diff: 0.1]
      [Ext Root Scanning (ms): Min: 0.4, Avg: 0.4, Max: 0.5, Diff: 0.1, Sum: 3.5]
      [Update RS (ms): Min: 0.0, Avg: 0.0, Max: 0.1, Diff: 0.1, Sum: 0.2]
         [Processed Buffers: Min: 0, Avg: 1.1, Max: 4, Diff: 4, Sum: 9]
      [Scan RS (ms): Min: 0.0, Avg: 0.0, Max: 0.0, Diff: 0.0, Sum: 0.0]
      [Code Root Scanning (ms): Min: 0.0, Avg: 0.0, Max: 0.0, Diff: 0.0, Sum: 0.0]
      [Object Copy (ms): Min: 0.1, Avg: 0.1, Max: 0.1, Diff: 0.0, Sum: 0.8]
      [Termination (ms): Min: 0.0, Avg: 0.0, Max: 0.0, Diff: 0.0, Sum: 0.0]
      [GC Worker Other (ms): Min: 0.0, Avg: 0.0, Max: 0.0, Diff: 0.0, Sum: 0.0]
      [GC Worker Total (ms): Min: 0.5, Avg: 0.6, Max: 0.6, Diff: 0.1, Sum: 4.5]
      [GC Worker End (ms): Min: 14869.1, Avg: 14869.1, Max: 14869.1, Diff: 0.0]
   [Code Root Fixup: 0.0 ms]
   [Code Root Migration: 0.0 ms]
   [Clear CT: 0.1 ms]
   [Other: 0.3 ms]
      [Choose CSet: 0.0 ms]
      [Ref Proc: 0.2 ms]
      [Ref Enq: 0.0 ms]
      [Free CSet: 0.0 ms]
   [Eden: 3072.0K(3072.0K)->0.0B(3072.0K) Survivors: 1024.0K->1024.0K Heap: 7207.7K(11.0M)->4100.5K(11.0M)]
 [Times: user=0.00 sys=0.00, real=0.00 secs] 
14.870: Total time for which application threads were stopped: 0.0011250 seconds, Stopping threads took: 0.0000070 seconds
14.879: Application time: 0.0094250 seconds
14.879: [GC pause (young), 0.0014100 secs]
   [Parallel Time: 0.6 ms, GC Workers: 8]
      [GC Worker Start (ms): Min: 14879.0, Avg: 14879.0, Max: 14879.1, Diff: 0.1]
      [Ext Root Scanning (ms): Min: 0.4, Avg: 0.4, Max: 0.4, Diff: 0.1, Sum: 3.2]
      [Update RS (ms): Min: 0.0, Avg: 0.0, Max: 0.1, Diff: 0.1, Sum: 0.2]
         [Processed Buffers: Min: 0, Avg: 1.1, Max: 2, Diff: 2, Sum: 9]
      [Scan RS (ms): Min: 0.0, Avg: 0.0, Max: 0.0, Diff: 0.0, Sum: 0.0]
      [Code Root Scanning (ms): Min: 0.0, Avg: 0.0, Max: 0.0, Diff: 0.0, Sum: 0.0]
      [Object Copy (ms): Min: 0.1, Avg: 0.1, Max: 0.1, Diff: 0.0, Sum: 0.8]
      [Termination (ms): Min: 0.0, Avg: 0.0, Max: 0.0, Diff: 0.0, Sum: 0.0]
      [GC Worker Other (ms): Min: 0.0, Avg: 0.0, Max: 0.0, Diff: 0.0, Sum: 0.1]
      [GC Worker Total (ms): Min: 0.5, Avg: 0.5, Max: 0.6, Diff: 0.1, Sum: 4.3]
      [GC Worker End (ms): Min: 14879.6, Avg: 14879.6, Max: 14879.6, Diff: 0.0]
   [Code Root Fixup: 0.0 ms]
   [Code Root Migration: 0.0 ms]
   [Clear CT: 0.1 ms]
   [Other: 0.6 ms]
      [Choose CSet: 0.0 ms]
      [Ref Proc: 0.6 ms]
      [Ref Enq: 0.0 ms]
      [Free CSet: 0.0 ms]
   [Eden: 3072.0K(3072.0K)->0.0B(3072.0K) Survivors: 1024.0K->1024.0K Heap: 7172.5K(11.0M)->4208.7K(11.0M)]
 [Times: user=0.00 sys=0.00, real=0.00 secs] 
14.880: Total time for which application threads were stopped: 0.0014830 seconds, Stopping threads took: 0.0000050 seconds
14.891: Application time: 0.0104830 seconds
14.891: [GC pause (young), 0.0010290 secs]
   [Parallel Time: 0.6 ms, GC Workers: 8]
      [GC Worker Start (ms): Min: 14891.0, Avg: 14891.0, Max: 14891.0, Diff: 0.1]
      [Ext Root Scanning (ms): Min: 0.4, Avg: 0.4, Max: 0.4, Diff: 0.1, Sum: 3.2]
      [Update RS (ms): Min: 0.0, Avg: 0.0, Max: 0.1, Diff: 0.1, Sum: 0.2]
         [Processed Buffers: Min: 0, Avg: 1.2, Max: 3, Diff: 3, Sum: 10]
      [Scan RS (ms): Min: 0.0, Avg: 0.0, Max: 0.0, Diff: 0.0, Sum: 0.0]
      [Code Root Scanning (ms): Min: 0.0, Avg: 0.0, Max: 0.0, Diff: 0.0, Sum: 0.0]
      [Object Copy (ms): Min: 0.1, Avg: 0.1, Max: 0.1, Diff: 0.0, Sum: 0.8]
      [Termination (ms): Min: 0.0, Avg: 0.0, Max: 0.0, Diff: 0.0, Sum: 0.0]
      [GC Worker Other (ms): Min: 0.0, Avg: 0.0, Max: 0.0, Diff: 0.0, Sum: 0.0]
      [GC Worker Total (ms): Min: 0.5, Avg: 0.5, Max: 0.6, Diff: 0.1, Sum: 4.2]
      [GC Worker End (ms): Min: 14891.5, Avg: 14891.5, Max: 14891.5, Diff: 0.0]
   [Code Root Fixup: 0.0 ms]
   [Code Root Migration: 0.0 ms]
   [Clear CT: 0.1 ms]
   [Other: 0.4 ms]
      [Choose CSet: 0.0 ms]
      [Ref Proc: 0.3 ms]
      [Ref Enq: 0.0 ms]
      [Free CSet: 0.0 ms]
   [Eden: 3072.0K(3072.0K)->0.0B(12.0M) Survivors: 1024.0K->1024.0K Heap: 7280.7K(11.0M)->4668.7K(22.0M)]
 [Times: user=0.00 sys=0.00, real=0.00 secs] 
14.892: Total time for which application threads were stopped: 0.0011040 seconds, Stopping threads took: 0.0000070 seconds
14.939: Application time: 0.0469000 seconds
14.939: [GC pause (young), 0.0023450 secs]
   [Parallel Time: 0.9 ms, GC Workers: 8]
      [GC Worker Start (ms): Min: 14939.0, Avg: 14939.1, Max: 14939.1, Diff: 0.1]
      [Ext Root Scanning (ms): Min: 0.4, Avg: 0.5, Max: 0.5, Diff: 0.1, Sum: 3.7]
      [Update RS (ms): Min: 0.0, Avg: 0.0, Max: 0.1, Diff: 0.1, Sum: 0.3]
         [Processed Buffers: Min: 0, Avg: 1.4, Max: 4, Diff: 4, Sum: 11]
      [Scan RS (ms): Min: 0.0, Avg: 0.0, Max: 0.0, Diff: 0.0, Sum: 0.0]
      [Code Root Scanning (ms): Min: 0.0, Avg: 0.0, Max: 0.0, Diff: 0.0, Sum: 0.0]
      [Object Copy (ms): Min: 0.2, Avg: 0.3, Max: 0.3, Diff: 0.1, Sum: 2.3]
      [Termination (ms): Min: 0.0, Avg: 0.0, Max: 0.0, Diff: 0.0, Sum: 0.0]
      [GC Worker Other (ms): Min: 0.0, Avg: 0.0, Max: 0.0, Diff: 0.0, Sum: 0.1]
      [GC Worker Total (ms): Min: 0.8, Avg: 0.8, Max: 0.9, Diff: 0.1, Sum: 6.4]
      [GC Worker End (ms): Min: 14939.9, Avg: 14939.9, Max: 14939.9, Diff: 0.0]
   [Code Root Fixup: 0.0 ms]
   [Code Root Migration: 0.0 ms]
   [Clear CT: 0.1 ms]
   [Other: 1.3 ms]
      [Choose CSet: 0.0 ms]
      [Ref Proc: 1.2 ms]
      [Ref Enq: 0.0 ms]
      [Free CSet: 0.0 ms]
   [Eden: 12.0M(12.0M)->0.0B(24.0M) Survivors: 1024.0K->2048.0K Heap: 16.6M(22.0M)->7457.7K(44.0M)]
 [Times: user=0.01 sys=0.00, real=0.00 secs] 
14.941: Total time for which application threads were stopped: 0.0024490 seconds, Stopping threads took: 0.0000120 seconds
15.020: Application time: 0.0782820 seconds
15.020: [GC pause (young), 0.0037550 secs]
   [Parallel Time: 1.3 ms, GC Workers: 8]
      [GC Worker Start (ms): Min: 15019.8, Avg: 15019.8, Max: 15019.9, Diff: 0.1]
      [Ext Root Scanning (ms): Min: 0.3, Avg: 0.4, Max: 0.5, Diff: 0.1, Sum: 3.3]
      [Update RS (ms): Min: 0.0, Avg: 0.1, Max: 0.3, Diff: 0.2, Sum: 0.8]
         [Processed Buffers: Min: 1, Avg: 1.5, Max: 3, Diff: 2, Sum: 12]
      [Scan RS (ms): Min: 0.0, Avg: 0.0, Max: 0.0, Diff: 0.0, Sum: 0.0]
      [Code Root Scanning (ms): Min: 0.0, Avg: 0.0, Max: 0.0, Diff: 0.0, Sum: 0.0]
      [Object Copy (ms): Min: 0.3, Avg: 0.5, Max: 0.6, Diff: 0.3, Sum: 4.1]
      [Termination (ms): Min: 0.0, Avg: 0.0, Max: 0.0, Diff: 0.0, Sum: 0.0]
      [GC Worker Other (ms): Min: 0.0, Avg: 0.0, Max: 0.0, Diff: 0.0, Sum: 0.1]
      [GC Worker Total (ms): Min: 1.0, Avg: 1.0, Max: 1.1, Diff: 0.1, Sum: 8.4]
      [GC Worker End (ms): Min: 15020.9, Avg: 15020.9, Max: 15020.9, Diff: 0.0]
   [Code Root Fixup: 0.0 ms]
   [Code Root Migration: 0.0 ms]
   [Clear CT: 0.4 ms]
   [Other: 2.1 ms]
      [Choose CSet: 0.0 ms]
      [Ref Proc: 1.9 ms]
      [Ref Enq: 0.1 ms]
      [Free CSet: 0.0 ms]
   [Eden: 24.0M(24.0M)->0.0B(22.0M) Survivors: 2048.0K->4096.0K Heap: 31.3M(44.0M)->12.4M(44.0M)]
 [Times: user=0.00 sys=0.00, real=0.00 secs] 
15.024: Total time for which application threads were stopped: 0.0038600 seconds, Stopping threads took: 0.0000100 seconds
15.181: Application time: 0.1578400 seconds
15.181: [GC pause (young), 0.0035380 secs]
   [Parallel Time: 1.7 ms, GC Workers: 8]
      [GC Worker Start (ms): Min: 15181.5, Avg: 15181.5, Max: 15181.6, Diff: 0.1]
      [Ext Root Scanning (ms): Min: 0.4, Avg: 0.5, Max: 0.6, Diff: 0.2, Sum: 4.2]
      [Update RS (ms): Min: 0.1, Avg: 0.2, Max: 0.4, Diff: 0.3, Sum: 1.8]
         [Processed Buffers: Min: 1, Avg: 2.5, Max: 5, Diff: 4, Sum: 20]
      [Scan RS (ms): Min: 0.0, Avg: 0.0, Max: 0.0, Diff: 0.0, Sum: 0.0]
      [Code Root Scanning (ms): Min: 0.0, Avg: 0.0, Max: 0.0, Diff: 0.0, Sum: 0.0]
      [Object Copy (ms): Min: 0.7, Avg: 0.8, Max: 0.9, Diff: 0.2, Sum: 6.7]
      [Termination (ms): Min: 0.0, Avg: 0.0, Max: 0.0, Diff: 0.0, Sum: 0.0]
      [GC Worker Other (ms): Min: 0.0, Avg: 0.0, Max: 0.0, Diff: 0.0, Sum: 0.1]
      [GC Worker Total (ms): Min: 1.6, Avg: 1.6, Max: 1.7, Diff: 0.1, Sum: 12.8]
      [GC Worker End (ms): Min: 15183.1, Avg: 15183.1, Max: 15183.1, Diff: 0.0]
   [Code Root Fixup: 0.0 ms]
   [Code Root Migration: 0.0 ms]
   [Clear CT: 0.2 ms]
   [Other: 1.6 ms]
      [Choose CSet: 0.0 ms]
      [Ref Proc: 1.5 ms]
      [Ref Enq: 0.0 ms]
      [Free CSet: 0.0 ms]
   [Eden: 22.0M(22.0M)->0.0B(19.0M) Survivors: 4096.0K->4096.0K Heap: 34.4M(44.0M)->15.7M(44.0M)]
 [Times: user=0.01 sys=0.00, real=0.00 secs] 
15.185: Total time for which application threads were stopped: 0.0036560 seconds, Stopping threads took: 0.0000100 seconds
15.204: Application time: 0.0193750 seconds
15.204: Total time for which application threads were stopped: 0.0000460 seconds, Stopping threads took: 0.0000080 seconds
15.337: Application time: 0.1324530 seconds
15.337: [GC pause (young), 0.0066340 secs]
   [Parallel Time: 6.0 ms, GC Workers: 8]
      [GC Worker Start (ms): Min: 15337.0, Avg: 15337.9, Max: 15340.6, Diff: 3.5]
      [Ext Root Scanning (ms): Min: 0.0, Avg: 0.5, Max: 0.8, Diff: 0.8, Sum: 4.1]
      [Update RS (ms): Min: 0.0, Avg: 0.4, Max: 0.6, Diff: 0.6, Sum: 2.9]
         [Processed Buffers: Min: 0, Avg: 2.1, Max: 4, Diff: 4, Sum: 17]
      [Scan RS (ms): Min: 0.0, Avg: 0.1, Max: 0.1, Diff: 0.1, Sum: 0.6]
      [Code Root Scanning (ms): Min: 0.0, Avg: 0.0, Max: 0.0, Diff: 0.0, Sum: 0.0]
      [Object Copy (ms): Min: 2.0, Avg: 3.4, Max: 3.8, Diff: 1.8, Sum: 26.9]
      [Termination (ms): Min: 0.0, Avg: 0.8, Max: 0.9, Diff: 0.9, Sum: 6.5]
      [GC Worker Other (ms): Min: 0.0, Avg: 0.0, Max: 0.0, Diff: 0.0, Sum: 0.1]
      [GC Worker Total (ms): Min: 2.4, Avg: 5.1, Max: 6.0, Diff: 3.5, Sum: 41.0]
      [GC Worker End (ms): Min: 15343.0, Avg: 15343.0, Max: 15343.0, Diff: 0.0]
   [Code Root Fixup: 0.0 ms]
   [Code Root Migration: 0.0 ms]
   [Clear CT: 0.1 ms]
   [Other: 0.5 ms]
      [Choose CSet: 0.0 ms]
      [Ref Proc: 0.4 ms]
      [Ref Enq: 0.0 ms]
      [Free CSet: 0.0 ms]
   [Eden: 19.0M(19.0M)->0.0B(14.0M) Survivors: 4096.0K->3072.0K Heap: 34.7M(44.0M)->25.9M(50.0M)]
 [Times: user=0.06 sys=0.00, real=0.00 secs] 
15.344: Total time for which application threads were stopped: 0.0067710 seconds, Stopping threads took: 0.0000130 seconds
15.515: Application time: 0.1709000 seconds
15.515: [GC pause (young) (initial-mark), 0.0053310 secs]
   [Parallel Time: 4.4 ms, GC Workers: 8]
      [GC Worker Start (ms): Min: 15514.7, Avg: 15515.1, Max: 15517.5, Diff: 2.7]
      [Ext Root Scanning (ms): Min: 0.0, Avg: 0.5, Max: 0.8, Diff: 0.7, Sum: 4.3]
      [Code Root Marking (ms): Min: 0.0, Avg: 0.0, Max: 0.1, Diff: 0.1, Sum: 0.1]
      [Update RS (ms): Min: 0.0, Avg: 0.7, Max: 2.3, Diff: 2.3, Sum: 5.3]
         [Processed Buffers: Min: 0, Avg: 2.2, Max: 4, Diff: 4, Sum: 18]
      [Scan RS (ms): Min: 0.0, Avg: 0.1, Max: 0.2, Diff: 0.2, Sum: 0.7]
      [Code Root Scanning (ms): Min: 0.0, Avg: 0.0, Max: 0.1, Diff: 0.1, Sum: 0.1]
      [Object Copy (ms): Min: 1.4, Avg: 2.6, Max: 3.0, Diff: 1.6, Sum: 20.9]
      [Termination (ms): Min: 0.0, Avg: 0.0, Max: 0.0, Diff: 0.0, Sum: 0.0]
      [GC Worker Other (ms): Min: 0.0, Avg: 0.0, Max: 0.0, Diff: 0.0, Sum: 0.1]
      [GC Worker Total (ms): Min: 1.6, Avg: 3.9, Max: 4.3, Diff: 2.7, Sum: 31.5]
      [GC Worker End (ms): Min: 15519.0, Avg: 15519.0, Max: 15519.0, Diff: 0.0]
   [Code Root Fixup: 0.0 ms]
   [Code Root Migration: 0.1 ms]
   [Clear CT: 0.4 ms]
   [Other: 0.4 ms]
      [Choose CSet: 0.0 ms]
      [Ref Proc: 0.3 ms]
      [Ref Enq: 0.0 ms]
      [Free CSet: 0.0 ms]
   [Eden: 14.0M(14.0M)->0.0B(9216.0K) Survivors: 3072.0K->3072.0K Heap: 39.9M(50.0M)->32.8M(50.0M)]
 [Times: user=0.03 sys=0.00, real=0.00 secs] 
15.520: Total time for which application threads were stopped: 0.0055060 seconds, Stopping threads took: 0.0000160 seconds
15.520: [GC concurrent-root-region-scan-start]
15.523: [GC concurrent-root-region-scan-end, 0.0024550 secs]
15.523: [GC concurrent-mark-start]
15.530: [GC concurrent-mark-end, 0.0078270 secs]
15.530: Application time: 0.0103500 seconds
15.530: [GC remark 15.531: [GC ref-proc, 0.0001150 secs], 0.0005640 secs]
 [Times: user=0.00 sys=0.00, real=0.00 secs] 
15.531: Total time for which application threads were stopped: 0.0006090 seconds, Stopping threads took: 0.0000210 seconds
15.531: Application time: 0.0000340 seconds
15.531: [GC cleanup 34M->27M(50M), 0.0002130 secs]
 [Times: user=0.00 sys=0.00, real=0.00 secs] 
15.531: Total time for which application threads were stopped: 0.0002410 seconds, Stopping threads took: 0.0000160 seconds
15.531: [GC concurrent-cleanup-start]
15.531: [GC concurrent-cleanup-end, 0.0000110 secs]
15.531: Application time: 0.0000570 seconds
15.531: Total time for which application threads were stopped: 0.0000210 seconds, Stopping threads took: 0.0000110 seconds
15.622: Application time: 0.0903800 seconds
15.622: [GC pause (young), 0.0083620 secs]
   [Parallel Time: 8.1 ms, GC Workers: 8]
      [GC Worker Start (ms): Min: 15621.9, Avg: 15623.4, Max: 15629.9, Diff: 8.0]
      [Ext Root Scanning (ms): Min: 0.0, Avg: 0.3, Max: 0.9, Diff: 0.9, Sum: 2.6]
      [Update RS (ms): Min: 0.0, Avg: 0.5, Max: 1.1, Diff: 1.1, Sum: 4.0]
         [Processed Buffers: Min: 0, Avg: 2.5, Max: 5, Diff: 5, Sum: 20]
      [Scan RS (ms): Min: 0.0, Avg: 0.1, Max: 0.1, Diff: 0.1, Sum: 0.5]
      [Code Root Scanning (ms): Min: 0.0, Avg: 0.0, Max: 0.0, Diff: 0.0, Sum: 0.0]
      [Object Copy (ms): Min: 0.0, Avg: 2.7, Max: 3.2, Diff: 3.2, Sum: 21.8]
      [Termination (ms): Min: 0.0, Avg: 2.9, Max: 3.3, Diff: 3.3, Sum: 23.0]
      [GC Worker Other (ms): Min: 0.0, Avg: 0.0, Max: 0.0, Diff: 0.0, Sum: 0.0]
      [GC Worker Total (ms): Min: 0.0, Avg: 6.5, Max: 8.0, Diff: 8.0, Sum: 51.9]
      [GC Worker End (ms): Min: 15629.9, Avg: 15629.9, Max: 15629.9, Diff: 0.0]
   [Code Root Fixup: 0.0 ms]
   [Code Root Migration: 0.0 ms]
   [Clear CT: 0.0 ms]
   [Other: 0.2 ms]
      [Choose CSet: 0.0 ms]
      [Ref Proc: 0.1 ms]
      [Ref Enq: 0.0 ms]
      [Free CSet: 0.0 ms]
   [Eden: 9216.0K(9216.0K)->0.0B(1024.0K) Survivors: 3072.0K->2048.0K Heap: 34.8M(50.0M)->32.2M(50.0M)]
 [Times: user=0.06 sys=0.00, real=0.01 secs] 
15.630: Total time for which application threads were stopped: 0.0084890 seconds, Stopping threads took: 0.0000170 seconds
15.654: Application time: 0.0241750 seconds
15.655: [GC pause (mixed), 0.0061950 secs]
   [Parallel Time: 6.0 ms, GC Workers: 8]
      [GC Worker Start (ms): Min: 15654.6, Avg: 15655.3, Max: 15660.5, Diff: 5.9]
      [Ext Root Scanning (ms): Min: 0.0, Avg: 0.5, Max: 0.7, Diff: 0.7, Sum: 4.2]
      [Update RS (ms): Min: 0.0, Avg: 0.5, Max: 0.6, Diff: 0.6, Sum: 3.6]
         [Processed Buffers: Min: 0, Avg: 2.2, Max: 4, Diff: 4, Sum: 18]
      [Scan RS (ms): Min: 0.0, Avg: 0.3, Max: 0.5, Diff: 0.5, Sum: 2.4]
      [Code Root Scanning (ms): Min: 0.0, Avg: 0.0, Max: 0.0, Diff: 0.0, Sum: 0.0]
      [Object Copy (ms): Min: 0.0, Avg: 1.0, Max: 1.2, Diff: 1.2, Sum: 8.4]
      [Termination (ms): Min: 0.0, Avg: 2.8, Max: 3.3, Diff: 3.3, Sum: 22.7]
      [GC Worker Other (ms): Min: 0.0, Avg: 0.0, Max: 0.0, Diff: 0.0, Sum: 0.0]
      [GC Worker Total (ms): Min: 0.0, Avg: 5.2, Max: 5.9, Diff: 5.9, Sum: 41.3]
      [GC Worker End (ms): Min: 15660.5, Avg: 15660.5, Max: 15660.5, Diff: 0.0]
   [Code Root Fixup: 0.0 ms]
   [Code Root Migration: 0.0 ms]
   [Clear CT: 0.1 ms]
   [Other: 0.2 ms]
      [Choose CSet: 0.0 ms]
      [Ref Proc: 0.1 ms]
      [Ref Enq: 0.0 ms]
      [Free CSet: 0.0 ms]
   [Eden: 1024.0K(1024.0K)->0.0B(10.0M) Survivors: 2048.0K->1024.0K Heap: 33.2M(50.0M)->30.7M(50.0M)]
 [Times: user=0.04 sys=0.01, real=0.00 secs] 
15.661: Total time for which application threads were stopped: 0.0063290 seconds, Stopping threads took: 0.0000160 seconds
15.734: Application time: 0.0732600 seconds
15.734: [GC pause (young), 0.0041890 secs]
   [Parallel Time: 2.2 ms, GC Workers: 8]
      [GC Worker Start (ms): Min: 15734.2, Avg: 15734.2, Max: 15734.3, Diff: 0.1]
      [Ext Root Scanning (ms): Min: 0.4, Avg: 0.6, Max: 0.7, Diff: 0.3, Sum: 4.5]
      [Update RS (ms): Min: 0.6, Avg: 0.7, Max: 1.0, Diff: 0.5, Sum: 5.4]
         [Processed Buffers: Min: 2, Avg: 2.5, Max: 3, Diff: 1, Sum: 20]
      [Scan RS (ms): Min: 0.0, Avg: 0.0, Max: 0.0, Diff: 0.0, Sum: 0.0]
      [Code Root Scanning (ms): Min: 0.0, Avg: 0.0, Max: 0.0, Diff: 0.0, Sum: 0.0]
      [Object Copy (ms): Min: 0.5, Avg: 0.8, Max: 0.9, Diff: 0.4, Sum: 6.6]
      [Termination (ms): Min: 0.0, Avg: 0.0, Max: 0.0, Diff: 0.0, Sum: 0.0]
      [GC Worker Other (ms): Min: 0.0, Avg: 0.0, Max: 0.0, Diff: 0.0, Sum: 0.1]
      [GC Worker Total (ms): Min: 2.0, Avg: 2.1, Max: 2.1, Diff: 0.1, Sum: 16.5]
      [GC Worker End (ms): Min: 15736.3, Avg: 15736.3, Max: 15736.3, Diff: 0.0]
   [Code Root Fixup: 0.0 ms]
   [Code Root Migration: 0.0 ms]
   [Clear CT: 0.2 ms]
   [Other: 1.8 ms]
      [Choose CSet: 0.0 ms]
      [Ref Proc: 1.8 ms]
      [Ref Enq: 0.0 ms]
      [Free CSet: 0.0 ms]
   [Eden: 10.0M(10.0M)->0.0B(8192.0K) Survivors: 1024.0K->2048.0K Heap: 40.7M(50.0M)->33.7M(50.0M)]
 [Times: user=0.01 sys=0.01, real=0.00 secs] 
15.738: Total time for which application threads were stopped: 0.0043470 seconds, Stopping threads took: 0.0000110 seconds
15.739: Application time: 0.0000900 seconds
15.739: Total time for which application threads were stopped: 0.0000490 seconds, Stopping threads took: 0.0000130 seconds
15.739: Application time: 0.0000180 seconds
15.739: Total time for which application threads were stopped: 0.0000350 seconds, Stopping threads took: 0.0000160 seconds
15.739: Application time: 0.0000150 seconds
15.739: Total time for which application threads were stopped: 0.0000210 seconds, Stopping threads took: 0.0000070 seconds
15.739: Application time: 0.0000130 seconds
15.739: Total time for which application threads were stopped: 0.0000190 seconds, Stopping threads took: 0.0000060 seconds
15.739: Application time: 0.0000130 seconds
15.739: Total time for which application threads were stopped: 0.0000160 seconds, Stopping threads took: 0.0000050 seconds
15.739: Application time: 0.0000120 seconds
15.739: Total time for which application threads were stopped: 0.0000220 seconds, Stopping threads took: 0.0000050 seconds
15.748: Application time: 0.0088920 seconds
15.748: [GC pause (young) (initial-mark), 0.0070540 secs]
   [Parallel Time: 6.2 ms, GC Workers: 8]
      [GC Worker Start (ms): Min: 15747.7, Avg: 15748.6, Max: 15753.9, Diff: 6.2]
      [Ext Root Scanning (ms): Min: 0.0, Avg: 0.4, Max: 0.7, Diff: 0.7, Sum: 3.5]
      [Code Root Marking (ms): Min: 0.0, Avg: 0.0, Max: 0.1, Diff: 0.1, Sum: 0.3]
      [Update RS (ms): Min: 0.0, Avg: 0.3, Max: 0.5, Diff: 0.5, Sum: 2.5]
         [Processed Buffers: Min: 0, Avg: 2.6, Max: 4, Diff: 4, Sum: 21]
      [Scan RS (ms): Min: 0.0, Avg: 0.0, Max: 0.0, Diff: 0.0, Sum: 0.0]
      [Code Root Scanning (ms): Min: 0.0, Avg: 0.0, Max: 0.0, Diff: 0.0, Sum: 0.0]
      [Object Copy (ms): Min: 0.0, Avg: 0.8, Max: 1.1, Diff: 1.1, Sum: 6.8]
      [Termination (ms): Min: 0.0, Avg: 3.6, Max: 4.1, Diff: 4.1, Sum: 28.8]
      [GC Worker Other (ms): Min: 0.0, Avg: 0.0, Max: 0.0, Diff: 0.0, Sum: 0.0]
      [GC Worker Total (ms): Min: 0.0, Avg: 5.2, Max: 6.2, Diff: 6.2, Sum: 41.9]
      [GC Worker End (ms): Min: 15753.9, Avg: 15753.9, Max: 15753.9, Diff: 0.0]
   [Code Root Fixup: 0.0 ms]
   [Code Root Migration: 0.0 ms]
   [Clear CT: 0.1 ms]
   [Other: 0.7 ms]
      [Choose CSet: 0.0 ms]
      [Ref Proc: 0.7 ms]
      [Ref Enq: 0.0 ms]
      [Free CSet: 0.0 ms]
   [Eden: 1024.0K(8192.0K)->0.0B(6144.0K) Survivors: 2048.0K->2048.0K Heap: 34.6M(50.0M)->36.8M(50.0M)]
 [Times: user=0.05 sys=0.00, real=0.01 secs] 
15.755: Total time for which application threads were stopped: 0.0071730 seconds, Stopping threads took: 0.0000130 seconds
15.755: [GC concurrent-root-region-scan-start]
15.755: [GC concurrent-root-region-scan-end, 0.0001330 secs]
15.755: [GC concurrent-mark-start]
15.755: Application time: 0.0002140 seconds
15.755: Total time for which application threads were stopped: 0.0001890 seconds, Stopping threads took: 0.0001680 seconds
15.755: Application time: 0.0000580 seconds
15.755: Total time for which application threads were stopped: 0.0000410 seconds, Stopping threads took: 0.0000140 seconds
15.755: Application time: 0.0000320 seconds
15.755: Total time for which application threads were stopped: 0.0000430 seconds, Stopping threads took: 0.0000130 seconds
15.755: Application time: 0.0000600 seconds
15.756: Total time for which application threads were stopped: 0.0000550 seconds, Stopping threads took: 0.0000340 seconds
15.768: [GC concurrent-mark-end, 0.0132930 secs]
15.768: Application time: 0.0127830 seconds
15.768: [GC remark 15.769: [GC ref-proc, 0.0002040 secs], 0.0008360 secs]
 [Times: user=0.01 sys=0.00, real=0.00 secs] 
15.769: Total time for which application threads were stopped: 0.0008770 seconds, Stopping threads took: 0.0000140 seconds
15.769: Application time: 0.0000290 seconds
15.769: [GC cleanup 39M->39M(50M), 0.0002040 secs]
 [Times: user=0.00 sys=0.00, real=0.00 secs] 
15.769: Total time for which application threads were stopped: 0.0002400 seconds, Stopping threads took: 0.0000170 seconds
15.769: Application time: 0.0000570 seconds
15.770: Total time for which application threads were stopped: 0.0000340 seconds, Stopping threads took: 0.0000080 seconds
15.866: Application time: 0.0962740 seconds
15.866: [GC pause (young), 0.0035620 secs]
   [Parallel Time: 3.2 ms, GC Workers: 8]
      [GC Worker Start (ms): Min: 15865.9, Avg: 15866.3, Max: 15869.0, Diff: 3.1]
      [Ext Root Scanning (ms): Min: 0.0, Avg: 0.6, Max: 0.7, Diff: 0.7, Sum: 4.4]
      [Update RS (ms): Min: 0.0, Avg: 0.7, Max: 1.0, Diff: 1.0, Sum: 6.0]
         [Processed Buffers: Min: 0, Avg: 3.4, Max: 5, Diff: 5, Sum: 27]
      [Scan RS (ms): Min: 0.0, Avg: 0.0, Max: 0.0, Diff: 0.0, Sum: 0.0]
      [Code Root Scanning (ms): Min: 0.0, Avg: 0.0, Max: 0.0, Diff: 0.0, Sum: 0.0]
      [Object Copy (ms): Min: 0.0, Avg: 1.3, Max: 1.6, Diff: 1.6, Sum: 10.7]
      [Termination (ms): Min: 0.0, Avg: 0.1, Max: 0.1, Diff: 0.1, Sum: 0.5]
      [GC Worker Other (ms): Min: 0.0, Avg: 0.0, Max: 0.0, Diff: 0.0, Sum: 0.1]
      [GC Worker Total (ms): Min: 0.0, Avg: 2.7, Max: 3.1, Diff: 3.1, Sum: 21.7]
      [GC Worker End (ms): Min: 15869.0, Avg: 15869.0, Max: 15869.1, Diff: 0.0]
   [Code Root Fixup: 0.0 ms]
   [Code Root Migration: 0.0 ms]
   [Clear CT: 0.1 ms]
   [Other: 0.3 ms]
      [Choose CSet: 0.0 ms]
      [Ref Proc: 0.2 ms]
      [Ref Enq: 0.0 ms]
      [Free CSet: 0.0 ms]
   [Eden: 6144.0K(6144.0K)->0.0B(1024.0K) Survivors: 2048.0K->1024.0K Heap: 44.5M(50.0M)->41.3M(50.0M)]
 [Times: user=0.02 sys=0.01, real=0.00 secs] 
15.870: Total time for which application threads were stopped: 0.0037220 seconds, Stopping threads took: 0.0000160 seconds
15.874: Application time: 0.0043480 seconds
15.874: [GC pause (mixed), 0.0157720 secs]
   [Parallel Time: 11.6 ms, GC Workers: 8]
      [GC Worker Start (ms): Min: 15874.0, Avg: 15875.9, Max: 15885.5, Diff: 11.5]
      [Ext Root Scanning (ms): Min: 0.0, Avg: 0.5, Max: 0.7, Diff: 0.6, Sum: 3.7]
      [Update RS (ms): Min: 0.0, Avg: 0.4, Max: 0.6, Diff: 0.6, Sum: 3.2]
         [Processed Buffers: Min: 0, Avg: 2.9, Max: 6, Diff: 6, Sum: 23]
      [Scan RS (ms): Min: 0.0, Avg: 0.4, Max: 0.5, Diff: 0.5, Sum: 2.9]
      [Code Root Scanning (ms): Min: 0.0, Avg: 0.0, Max: 0.0, Diff: 0.0, Sum: 0.0]
      [Object Copy (ms): Min: 0.0, Avg: 0.9, Max: 1.3, Diff: 1.3, Sum: 7.4]
      [Termination (ms): Min: 0.0, Avg: 7.5, Max: 8.7, Diff: 8.7, Sum: 60.2]
      [GC Worker Other (ms): Min: 0.0, Avg: 0.0, Max: 0.0, Diff: 0.0, Sum: 0.0]
      [GC Worker Total (ms): Min: 0.0, Avg: 9.7, Max: 11.6, Diff: 11.6, Sum: 77.3]
      [GC Worker End (ms): Min: 15885.5, Avg: 15885.5, Max: 15885.5, Diff: 0.0]
   [Code Root Fixup: 0.0 ms]
   [Code Root Migration: 0.0 ms]
   [Clear CT: 0.0 ms]
   [Other: 4.1 ms]
      [Choose CSet: 0.0 ms]
      [Ref Proc: 4.0 ms]
      [Ref Enq: 0.0 ms]
      [Free CSet: 0.0 ms]
   [Eden: 1024.0K(1024.0K)->0.0B(1024.0K) Survivors: 1024.0K->1024.0K Heap: 42.3M(50.0M)->40.0M(50.0M)]
 [Times: user=0.12 sys=0.01, real=0.01 secs] 
15.890: Total time for which application threads were stopped: 0.0158890 seconds, Stopping threads took: 0.0000160 seconds
15.895: Application time: 0.0051420 seconds
15.895: [GC pause (mixed), 0.0024890 secs]
   [Parallel Time: 2.3 ms, GC Workers: 8]
      [GC Worker Start (ms): Min: 15895.0, Avg: 15895.3, Max: 15897.2, Diff: 2.3]
      [Ext Root Scanning (ms): Min: 0.0, Avg: 0.5, Max: 0.6, Diff: 0.6, Sum: 4.1]
      [Update RS (ms): Min: 0.0, Avg: 0.6, Max: 0.9, Diff: 0.9, Sum: 4.5]
         [Processed Buffers: Min: 0, Avg: 3.0, Max: 5, Diff: 5, Sum: 24]
      [Scan RS (ms): Min: 0.0, Avg: 0.2, Max: 0.3, Diff: 0.3, Sum: 1.8]
      [Code Root Scanning (ms): Min: 0.0, Avg: 0.0, Max: 0.0, Diff: 0.0, Sum: 0.0]
      [Object Copy (ms): Min: 0.0, Avg: 0.6, Max: 0.7, Diff: 0.7, Sum: 4.9]
      [Termination (ms): Min: 0.0, Avg: 0.1, Max: 0.1, Diff: 0.1, Sum: 0.4]
      [GC Worker Other (ms): Min: 0.0, Avg: 0.0, Max: 0.0, Diff: 0.0, Sum: 0.1]
      [GC Worker Total (ms): Min: 0.0, Avg: 2.0, Max: 2.3, Diff: 2.3, Sum: 15.8]
      [GC Worker End (ms): Min: 15897.3, Avg: 15897.3, Max: 15897.3, Diff: 0.0]
   [Code Root Fixup: 0.0 ms]
   [Code Root Migration: 0.0 ms]
   [Clear CT: 0.0 ms]
   [Other: 0.1 ms]
      [Choose CSet: 0.0 ms]
      [Ref Proc: 0.1 ms]
      [Ref Enq: 0.0 ms]
      [Free CSet: 0.0 ms]
   [Eden: 1024.0K(1024.0K)->0.0B(4096.0K) Survivors: 1024.0K->1024.0K Heap: 41.0M(50.0M)->38.7M(50.0M)]
 [Times: user=0.01 sys=0.01, real=0.00 secs] 
15.898: Total time for which application threads were stopped: 0.0026030 seconds, Stopping threads took: 0.0000160 seconds
15.915: Application time: 0.0178030 seconds
15.915: [GC pause (young), 0.0021550 secs]
   [Parallel Time: 2.0 ms, GC Workers: 8]
      [GC Worker Start (ms): Min: 15915.4, Avg: 15915.4, Max: 15915.5, Diff: 0.1]
      [Ext Root Scanning (ms): Min: 0.5, Avg: 0.6, Max: 0.6, Diff: 0.1, Sum: 4.6]
      [Update RS (ms): Min: 0.6, Avg: 0.8, Max: 1.3, Diff: 0.7, Sum: 6.4]
         [Processed Buffers: Min: 2, Avg: 2.8, Max: 4, Diff: 2, Sum: 22]
      [Scan RS (ms): Min: 0.0, Avg: 0.0, Max: 0.0, Diff: 0.0, Sum: 0.0]
      [Code Root Scanning (ms): Min: 0.0, Avg: 0.0, Max: 0.0, Diff: 0.0, Sum: 0.0]
      [Object Copy (ms): Min: 0.0, Avg: 0.4, Max: 0.6, Diff: 0.5, Sum: 3.1]
      [Termination (ms): Min: 0.0, Avg: 0.1, Max: 0.2, Diff: 0.2, Sum: 1.1]
      [GC Worker Other (ms): Min: 0.0, Avg: 0.0, Max: 0.0, Diff: 0.0, Sum: 0.0]
      [GC Worker Total (ms): Min: 1.9, Avg: 1.9, Max: 2.0, Diff: 0.1, Sum: 15.3]
      [GC Worker End (ms): Min: 15917.3, Avg: 15917.3, Max: 15917.3, Diff: 0.0]
   [Code Root Fixup: 0.0 ms]
   [Code Root Migration: 0.0 ms]
   [Clear CT: 0.0 ms]
   [Other: 0.1 ms]
      [Choose CSet: 0.0 ms]
      [Ref Proc: 0.1 ms]
      [Ref Enq: 0.0 ms]
      [Free CSet: 0.0 ms]
   [Eden: 4096.0K(4096.0K)->0.0B(2048.0K) Survivors: 1024.0K->1024.0K Heap: 42.7M(50.0M)->40.5M(50.0M)]
 [Times: user=0.01 sys=0.01, real=0.00 secs] 
15.918: Total time for which application threads were stopped: 0.0022690 seconds, Stopping threads took: 0.0000100 seconds
15.926: Application time: 0.0083880 seconds
15.926: [GC pause (young) (initial-mark), 0.0015850 secs]
   [Parallel Time: 1.4 ms, GC Workers: 8]
      [GC Worker Start (ms): Min: 15926.0, Avg: 15926.1, Max: 15926.1, Diff: 0.1]
      [Ext Root Scanning (ms): Min: 0.5, Avg: 0.5, Max: 0.6, Diff: 0.1, Sum: 4.1]
      [Code Root Marking (ms): Min: 0.0, Avg: 0.0, Max: 0.1, Diff: 0.1, Sum: 0.3]
      [Update RS (ms): Min: 0.2, Avg: 0.3, Max: 0.5, Diff: 0.3, Sum: 2.4]
         [Processed Buffers: Min: 1, Avg: 1.1, Max: 2, Diff: 1, Sum: 9]
      [Scan RS (ms): Min: 0.0, Avg: 0.0, Max: 0.1, Diff: 0.1, Sum: 0.1]
      [Code Root Scanning (ms): Min: 0.0, Avg: 0.0, Max: 0.0, Diff: 0.0, Sum: 0.0]
      [Object Copy (ms): Min: 0.3, Avg: 0.4, Max: 0.5, Diff: 0.2, Sum: 3.5]
      [Termination (ms): Min: 0.0, Avg: 0.0, Max: 0.0, Diff: 0.0, Sum: 0.0]
      [GC Worker Other (ms): Min: 0.0, Avg: 0.0, Max: 0.0, Diff: 0.0, Sum: 0.1]
      [GC Worker Total (ms): Min: 1.3, Avg: 1.3, Max: 1.4, Diff: 0.1, Sum: 10.5]
      [GC Worker End (ms): Min: 15927.4, Avg: 15927.4, Max: 15927.4, Diff: 0.0]
   [Code Root Fixup: 0.0 ms]
   [Code Root Migration: 0.0 ms]
   [Clear CT: 0.0 ms]
   [Other: 0.1 ms]
      [Choose CSet: 0.0 ms]
      [Ref Proc: 0.1 ms]
      [Ref Enq: 0.0 ms]
      [Free CSet: 0.0 ms]
   [Eden: 2048.0K(2048.0K)->0.0B(2048.0K) Survivors: 1024.0K->1024.0K Heap: 42.5M(50.0M)->41.5M(50.0M)]
 [Times: user=0.01 sys=0.00, real=0.00 secs] 
15.928: [GC concurrent-root-region-scan-start]
15.928: Total time for which application threads were stopped: 0.0016840 seconds, Stopping threads took: 0.0000080 seconds
15.928: [GC concurrent-root-region-scan-end, 0.0001570 secs]
15.928: [GC concurrent-mark-start]
15.939: Application time: 0.0115620 seconds
15.939: [GC pause (young), 0.0024100 secs]
   [Parallel Time: 2.2 ms, GC Workers: 8]
      [GC Worker Start (ms): Min: 15939.3, Avg: 15939.4, Max: 15940.0, Diff: 0.7]
      [Ext Root Scanning (ms): Min: 0.0, Avg: 0.4, Max: 0.6, Diff: 0.6, Sum: 3.6]
      [SATB Filtering (ms): Min: 0.0, Avg: 0.0, Max: 0.0, Diff: 0.0, Sum: 0.0]
      [Update RS (ms): Min: 0.0, Avg: 0.5, Max: 1.6, Diff: 1.6, Sum: 4.1]
         [Processed Buffers: Min: 0, Avg: 1.2, Max: 2, Diff: 2, Sum: 10]
      [Scan RS (ms): Min: 0.0, Avg: 0.0, Max: 0.0, Diff: 0.0, Sum: 0.0]
      [Code Root Scanning (ms): Min: 0.0, Avg: 0.0, Max: 0.0, Diff: 0.0, Sum: 0.0]
      [Object Copy (ms): Min: 0.0, Avg: 0.2, Max: 0.5, Diff: 0.5, Sum: 1.9]
      [Termination (ms): Min: 0.0, Avg: 0.9, Max: 1.0, Diff: 1.0, Sum: 7.1]
      [GC Worker Other (ms): Min: 0.0, Avg: 0.0, Max: 0.0, Diff: 0.0, Sum: 0.0]
      [GC Worker Total (ms): Min: 1.5, Avg: 2.1, Max: 2.2, Diff: 0.7, Sum: 16.7]
      [GC Worker End (ms): Min: 15941.5, Avg: 15941.5, Max: 15941.5, Diff: 0.0]
   [Code Root Fixup: 0.0 ms]
   [Code Root Migration: 0.0 ms]
   [Clear CT: 0.0 ms]
   [Other: 0.1 ms]
      [Choose CSet: 0.0 ms]
      [Ref Proc: 0.1 ms]
      [Ref Enq: 0.0 ms]
      [Free CSet: 0.0 ms]
   [Eden: 2048.0K(2048.0K)->0.0B(1024.0K) Survivors: 1024.0K->1024.0K Heap: 43.5M(50.0M)->42.1M(50.0M)]
 [Times: user=0.01 sys=0.01, real=0.00 secs] 
15.942: Total time for which application threads were stopped: 0.0025290 seconds, Stopping threads took: 0.0000130 seconds
15.946: [GC concurrent-mark-end, 0.0182740 secs]
15.946: Application time: 0.0043580 seconds
15.946: [GC remark 15.948: [GC ref-proc, 0.0001110 secs], 0.0021380 secs]
 [Times: user=0.01 sys=0.00, real=0.00 secs] 
15.948: Total time for which application threads were stopped: 0.0021820 seconds, Stopping threads took: 0.0000130 seconds
15.948: Application time: 0.0000200 seconds
15.948: [GC cleanup 42M->40M(50M), 0.0002000 secs]
 [Times: user=0.00 sys=0.00, real=0.00 secs] 
15.949: Total time for which application threads were stopped: 0.0002230 seconds, Stopping threads took: 0.0000070 seconds
15.949: [GC concurrent-cleanup-start]
15.949: [GC concurrent-cleanup-end, 0.0000050 secs]
15.950: Application time: 0.0012160 seconds
15.950: [GC pause (young), 0.0014680 secs]
   [Parallel Time: 1.3 ms, GC Workers: 8]
      [GC Worker Start (ms): Min: 15949.8, Avg: 15949.8, Max: 15949.9, Diff: 0.1]
      [Ext Root Scanning (ms): Min: 0.7, Avg: 0.7, Max: 0.8, Diff: 0.2, Sum: 5.7]
      [Update RS (ms): Min: 0.0, Avg: 0.3, Max: 0.5, Diff: 0.5, Sum: 2.2]
         [Processed Buffers: Min: 0, Avg: 1.2, Max: 3, Diff: 3, Sum: 10]
      [Scan RS (ms): Min: 0.0, Avg: 0.0, Max: 0.0, Diff: 0.0, Sum: 0.0]
      [Code Root Scanning (ms): Min: 0.0, Avg: 0.0, Max: 0.0, Diff: 0.0, Sum: 0.0]
      [Object Copy (ms): Min: 0.0, Avg: 0.2, Max: 0.4, Diff: 0.3, Sum: 1.4]
      [Termination (ms): Min: 0.0, Avg: 0.0, Max: 0.1, Diff: 0.1, Sum: 0.3]
      [GC Worker Other (ms): Min: 0.0, Avg: 0.0, Max: 0.0, Diff: 0.0, Sum: 0.0]
      [GC Worker Total (ms): Min: 1.2, Avg: 1.2, Max: 1.3, Diff: 0.1, Sum: 9.8]
      [GC Worker End (ms): Min: 15951.1, Avg: 15951.1, Max: 15951.1, Diff: 0.0]
   [Code Root Fixup: 0.0 ms]
   [Code Root Migration: 0.0 ms]
   [Clear CT: 0.0 ms]
   [Other: 0.1 ms]
      [Choose CSet: 0.0 ms]
      [Ref Proc: 0.1 ms]
      [Ref Enq: 0.0 ms]
      [Free CSet: 0.0 ms]
   [Eden: 1024.0K(1024.0K)->0.0B(4096.0K) Survivors: 1024.0K->1024.0K Heap: 41.4M(50.0M)->40.4M(100.0M)]
 [Times: user=0.00 sys=0.00, real=0.00 secs] 
15.951: Total time for which application threads were stopped: 0.0015560 seconds, Stopping threads took: 0.0000090 seconds
15.963: Application time: 0.0116080 seconds
15.963: [GC pause (mixed), 0.0017620 secs]
   [Parallel Time: 1.3 ms, GC Workers: 8]
      [GC Worker Start (ms): Min: 15963.0, Avg: 15963.0, Max: 15963.1, Diff: 0.1]
      [Ext Root Scanning (ms): Min: 0.6, Avg: 0.6, Max: 0.7, Diff: 0.2, Sum: 5.1]
      [Update RS (ms): Min: 0.1, Avg: 0.2, Max: 0.3, Diff: 0.2, Sum: 1.4]
         [Processed Buffers: Min: 1, Avg: 1.1, Max: 2, Diff: 1, Sum: 9]
      [Scan RS (ms): Min: 0.0, Avg: 0.0, Max: 0.1, Diff: 0.1, Sum: 0.1]
      [Code Root Scanning (ms): Min: 0.0, Avg: 0.0, Max: 0.0, Diff: 0.0, Sum: 0.0]
      [Object Copy (ms): Min: 0.3, Avg: 0.4, Max: 0.5, Diff: 0.3, Sum: 3.5]
      [Termination (ms): Min: 0.0, Avg: 0.0, Max: 0.0, Diff: 0.0, Sum: 0.0]
      [GC Worker Other (ms): Min: 0.0, Avg: 0.0, Max: 0.0, Diff: 0.0, Sum: 0.1]
      [GC Worker Total (ms): Min: 1.2, Avg: 1.3, Max: 1.3, Diff: 0.1, Sum: 10.2]
      [GC Worker End (ms): Min: 15964.3, Avg: 15964.3, Max: 15964.3, Diff: 0.0]
   [Code Root Fixup: 0.0 ms]
   [Code Root Migration: 0.0 ms]
   [Clear CT: 0.1 ms]
   [Other: 0.4 ms]
      [Choose CSet: 0.0 ms]
      [Ref Proc: 0.1 ms]
      [Ref Enq: 0.0 ms]
      [Free CSet: 0.0 ms]
   [Eden: 4096.0K(4096.0K)->0.0B(105.0M) Survivors: 1024.0K->1024.0K Heap: 44.4M(100.0M)->40.8M(200.0M)]
 [Times: user=0.01 sys=0.00, real=0.00 secs] 
15.965: Total time for which application threads were stopped: 0.0018620 seconds, Stopping threads took: 0.0000110 seconds
16.368: Application time: 0.4027720 seconds
16.368: Total time for which application threads were stopped: 0.0000790 seconds, Stopping threads took: 0.0000160 seconds
16.620: Application time: 0.2521430 seconds
16.620: Total time for which application threads were stopped: 0.0000860 seconds, Stopping threads took: 0.0000150 seconds
17.424: Application time: 0.8036630 seconds
17.424: Total time for which application threads were stopped: 0.0001290 seconds, Stopping threads took: 0.0000250 seconds
17.908: Application time: 0.4845360 seconds
17.908: Total time for which application threads were stopped: 0.0001390 seconds, Stopping threads took: 0.0000220 seconds
17.915: Application time: 0.0065260 seconds
17.915: [GC pause (young), 0.0265980 secs]
   [Parallel Time: 25.1 ms, GC Workers: 8]
      [GC Worker Start (ms): Min: 17915.0, Avg: 17916.3, Max: 17924.5, Diff: 9.5]
      [Ext Root Scanning (ms): Min: 0.0, Avg: 2.5, Max: 14.7, Diff: 14.7, Sum: 20.3]
      [Update RS (ms): Min: 0.0, Avg: 2.2, Max: 3.0, Diff: 3.0, Sum: 17.3]
         [Processed Buffers: Min: 0, Avg: 4.0, Max: 6, Diff: 6, Sum: 32]
      [Scan RS (ms): Min: 0.1, Avg: 5.6, Max: 14.8, Diff: 14.7, Sum: 45.1]
      [Code Root Scanning (ms): Min: 0.0, Avg: 0.0, Max: 0.1, Diff: 0.1, Sum: 0.2]
      [Object Copy (ms): Min: 6.5, Avg: 13.5, Max: 15.2, Diff: 8.7, Sum: 107.7]
      [Termination (ms): Min: 0.0, Avg: 0.1, Max: 0.1, Diff: 0.1, Sum: 0.5]
      [GC Worker Other (ms): Min: 0.0, Avg: 0.0, Max: 0.0, Diff: 0.0, Sum: 0.1]
      [GC Worker Total (ms): Min: 15.6, Avg: 23.9, Max: 25.1, Diff: 9.5, Sum: 191.2]
      [GC Worker End (ms): Min: 17940.1, Avg: 17940.1, Max: 17940.2, Diff: 0.0]
   [Code Root Fixup: 0.1 ms]
   [Code Root Migration: 0.1 ms]
   [Clear CT: 0.1 ms]
   [Other: 1.1 ms]
      [Choose CSet: 0.0 ms]
      [Ref Proc: 0.2 ms]
      [Ref Enq: 0.0 ms]
      [Free CSet: 0.2 ms]
   [Eden: 105.0M(105.0M)->0.0B(183.0M) Survivors: 1024.0K->14.0M Heap: 147.3M(200.0M)->61.2M(400.0M)]
 [Times: user=0.19 sys=0.01, real=0.02 secs] 
17.942: Total time for which application threads were stopped: 0.0267930 seconds, Stopping threads took: 0.0000710 seconds
17.954: Application time: 0.0123760 seconds
17.954: Total time for which application threads were stopped: 0.0000600 seconds, Stopping threads took: 0.0000190 seconds
18.324: Application time: 0.3694890 seconds
18.324: [GC pause (young), 0.0478450 secs]
   [Parallel Time: 46.9 ms, GC Workers: 8]
      [GC Worker Start (ms): Min: 18323.8, Avg: 18323.8, Max: 18323.9, Diff: 0.1]
      [Ext Root Scanning (ms): Min: 0.9, Avg: 2.7, Max: 8.9, Diff: 8.0, Sum: 22.0]
      [Update RS (ms): Min: 0.0, Avg: 1.3, Max: 2.0, Diff: 2.0, Sum: 10.8]
         [Processed Buffers: Min: 0, Avg: 3.9, Max: 7, Diff: 7, Sum: 31]
      [Scan RS (ms): Min: 0.0, Avg: 4.3, Max: 5.7, Diff: 5.7, Sum: 34.7]
      [Code Root Scanning (ms): Min: 0.0, Avg: 0.0, Max: 0.2, Diff: 0.2, Sum: 0.2]
      [Object Copy (ms): Min: 37.9, Avg: 38.3, Max: 38.5, Diff: 0.6, Sum: 306.7]
      [Termination (ms): Min: 0.0, Avg: 0.0, Max: 0.0, Diff: 0.0, Sum: 0.0]
      [GC Worker Other (ms): Min: 0.0, Avg: 0.0, Max: 0.0, Diff: 0.0, Sum: 0.2]
      [GC Worker Total (ms): Min: 46.8, Avg: 46.8, Max: 46.9, Diff: 0.1, Sum: 374.6]
      [GC Worker End (ms): Min: 18370.7, Avg: 18370.7, Max: 18370.7, Diff: 0.0]
   [Code Root Fixup: 0.1 ms]
   [Code Root Migration: 0.1 ms]
   [Clear CT: 0.1 ms]
   [Other: 0.5 ms]
      [Choose CSet: 0.0 ms]
      [Ref Proc: 0.1 ms]
      [Ref Enq: 0.0 ms]
      [Free CSet: 0.1 ms]
   [Eden: 183.0M(183.0M)->0.0B(159.0M) Survivors: 14.0M->25.0M Heap: 244.2M(400.0M)->127.0M(400.0M)]
 [Times: user=0.34 sys=0.03, real=0.05 secs] 
18.372: Total time for which application threads were stopped: 0.0481010 seconds, Stopping threads took: 0.0000820 seconds
18.880: Application time: 0.5083320 seconds
18.880: Total time for which application threads were stopped: 0.0001560 seconds, Stopping threads took: 0.0000370 seconds
19.001: Application time: 0.1204420 seconds
19.001: [GC pause (young), 0.0611960 secs]
   [Parallel Time: 60.4 ms, GC Workers: 8]
      [GC Worker Start (ms): Min: 19000.8, Avg: 19000.9, Max: 19000.9, Diff: 0.0]
      [Ext Root Scanning (ms): Min: 0.8, Avg: 2.4, Max: 12.7, Diff: 11.9, Sum: 19.2]
      [Update RS (ms): Min: 0.0, Avg: 1.4, Max: 1.8, Diff: 1.8, Sum: 11.6]
         [Processed Buffers: Min: 0, Avg: 5.2, Max: 9, Diff: 9, Sum: 42]
      [Scan RS (ms): Min: 0.0, Avg: 8.4, Max: 9.7, Diff: 9.7, Sum: 67.0]
      [Code Root Scanning (ms): Min: 0.0, Avg: 0.0, Max: 0.0, Diff: 0.0, Sum: 0.0]
      [Object Copy (ms): Min: 47.6, Avg: 48.1, Max: 48.2, Diff: 0.6, Sum: 384.7]
      [Termination (ms): Min: 0.0, Avg: 0.0, Max: 0.0, Diff: 0.0, Sum: 0.1]
      [GC Worker Other (ms): Min: 0.0, Avg: 0.0, Max: 0.0, Diff: 0.0, Sum: 0.2]
      [GC Worker Total (ms): Min: 60.3, Avg: 60.3, Max: 60.4, Diff: 0.1, Sum: 482.7]
      [GC Worker End (ms): Min: 19061.2, Avg: 19061.2, Max: 19061.2, Diff: 0.0]
   [Code Root Fixup: 0.1 ms]
   [Code Root Migration: 0.0 ms]
   [Clear CT: 0.1 ms]
   [Other: 0.6 ms]
      [Choose CSet: 0.0 ms]
      [Ref Proc: 0.1 ms]
      [Ref Enq: 0.0 ms]
      [Free CSet: 0.1 ms]
   [Eden: 159.0M(159.0M)->0.0B(127.0M) Survivors: 25.0M->23.0M Heap: 287.0M(400.0M)->180.0M(400.0M)]
 [Times: user=0.48 sys=0.01, real=0.06 secs] 
19.062: Total time for which application threads were stopped: 0.0614520 seconds, Stopping threads took: 0.0000610 seconds
19.386: Application time: 0.3240250 seconds
19.386: Total time for which application threads were stopped: 0.0001700 seconds, Stopping threads took: 0.0000490 seconds
19.387: Application time: 0.0002720 seconds
19.387: Total time for which application threads were stopped: 0.0000940 seconds, Stopping threads took: 0.0000800 seconds
19.408: Application time: 0.0211820 seconds
19.408: [GC pause (young), 0.0763590 secs]
   [Parallel Time: 75.3 ms, GC Workers: 8]
      [GC Worker Start (ms): Min: 19408.0, Avg: 19408.1, Max: 19408.1, Diff: 0.1]
      [Ext Root Scanning (ms): Min: 0.8, Avg: 2.5, Max: 13.5, Diff: 12.7, Sum: 19.7]
      [Update RS (ms): Min: 0.0, Avg: 2.8, Max: 3.5, Diff: 3.5, Sum: 22.5]
         [Processed Buffers: Min: 0, Avg: 5.9, Max: 9, Diff: 9, Sum: 47]
      [Scan RS (ms): Min: 7.5, Avg: 17.3, Max: 29.4, Diff: 21.9, Sum: 138.0]
      [Code Root Scanning (ms): Min: 0.0, Avg: 0.0, Max: 0.0, Diff: 0.0, Sum: 0.0]
      [Object Copy (ms): Min: 41.6, Avg: 52.6, Max: 54.3, Diff: 12.7, Sum: 420.9]
      [Termination (ms): Min: 0.0, Avg: 0.0, Max: 0.0, Diff: 0.0, Sum: 0.2]
      [GC Worker Other (ms): Min: 0.0, Avg: 0.0, Max: 0.0, Diff: 0.0, Sum: 0.1]
      [GC Worker Total (ms): Min: 75.2, Avg: 75.2, Max: 75.2, Diff: 0.0, Sum: 601.5]
      [GC Worker End (ms): Min: 19483.3, Avg: 19483.3, Max: 19483.3, Diff: 0.0]
   [Code Root Fixup: 0.0 ms]
   [Code Root Migration: 0.0 ms]
   [Clear CT: 0.1 ms]
   [Other: 0.9 ms]
      [Choose CSet: 0.0 ms]
      [Ref Proc: 0.1 ms]
      [Ref Enq: 0.0 ms]
      [Free CSet: 0.3 ms]
   [Eden: 127.0M(1024.0K)->0.0B(100.0M) Survivors: 23.0M->3072.0K Heap: 309.5M(400.0M)->220.5M(400.0M)]
 [Times: user=0.59 sys=0.00, real=0.07 secs] 
19.484: Total time for which application threads were stopped: 0.0765570 seconds, Stopping threads took: 0.0000820 seconds
19.804: Application time: 0.3195830 seconds
19.804: [GC pause (young) (initial-mark), 0.0230380 secs]
   [Parallel Time: 22.2 ms, GC Workers: 8]
      [GC Worker Start (ms): Min: 19804.3, Avg: 19804.3, Max: 19804.3, Diff: 0.0]
      [Ext Root Scanning (ms): Min: 0.7, Avg: 1.3, Max: 5.3, Diff: 4.6, Sum: 10.5]
      [Code Root Marking (ms): Min: 0.0, Avg: 0.1, Max: 0.3, Diff: 0.3, Sum: 1.0]
      [Update RS (ms): Min: 0.0, Avg: 2.8, Max: 3.3, Diff: 3.3, Sum: 22.6]
         [Processed Buffers: Min: 0, Avg: 6.4, Max: 10, Diff: 10, Sum: 51]
      [Scan RS (ms): Min: 7.5, Avg: 8.3, Max: 8.7, Diff: 1.2, Sum: 66.7]
      [Code Root Scanning (ms): Min: 0.0, Avg: 0.0, Max: 0.0, Diff: 0.0, Sum: 0.0]
      [Object Copy (ms): Min: 9.4, Avg: 9.5, Max: 9.7, Diff: 0.2, Sum: 76.3]
      [Termination (ms): Min: 0.0, Avg: 0.0, Max: 0.0, Diff: 0.0, Sum: 0.0]
      [GC Worker Other (ms): Min: 0.0, Avg: 0.0, Max: 0.1, Diff: 0.0, Sum: 0.2]
      [GC Worker Total (ms): Min: 22.1, Avg: 22.2, Max: 22.2, Diff: 0.1, Sum: 177.4]
      [GC Worker End (ms): Min: 19826.5, Avg: 19826.5, Max: 19826.5, Diff: 0.0]
   [Code Root Fixup: 0.0 ms]
   [Code Root Migration: 0.0 ms]
   [Clear CT: 0.1 ms]
   [Other: 0.6 ms]
      [Choose CSet: 0.0 ms]
      [Ref Proc: 0.1 ms]
      [Ref Enq: 0.0 ms]
      [Free CSet: 0.2 ms]
   [Eden: 100.0M(100.0M)->0.0B(98.0M) Survivors: 3072.0K->9216.0K Heap: 320.5M(400.0M)->230.5M(400.0M)]
 [Times: user=0.18 sys=0.00, real=0.03 secs] 
19.827: [GC concurrent-root-region-scan-start]
19.827: Total time for which application threads were stopped: 0.0233070 seconds, Stopping threads took: 0.0000510 seconds
19.838: [GC concurrent-root-region-scan-end, 0.0103220 secs]
19.838: [GC concurrent-mark-start]
20.083: [GC concurrent-mark-end, 0.2458430 secs]
20.084: Application time: 0.2562120 seconds
20.084: [GC remark 20.084: [GC ref-proc, 0.0001200 secs], 0.0011270 secs]
 [Times: user=0.00 sys=0.00, real=0.00 secs] 
20.085: Total time for which application threads were stopped: 0.0013070 seconds, Stopping threads took: 0.0000600 seconds
20.085: Application time: 0.0000330 seconds
20.085: [GC cleanup 284M->284M(400M), 0.0011870 secs]
 [Times: user=0.02 sys=0.00, real=0.01 secs] 
20.086: Total time for which application threads were stopped: 0.0012870 seconds, Stopping threads took: 0.0000480 seconds
20.086: [GC concurrent-cleanup-start]
20.086: [GC concurrent-cleanup-end, 0.0000100 secs]
20.201: Application time: 0.1152840 seconds
20.202: [GC pause (young), 0.0237700 secs]
   [Parallel Time: 23.0 ms, GC Workers: 8]
      [GC Worker Start (ms): Min: 20201.6, Avg: 20201.6, Max: 20201.7, Diff: 0.1]
      [Ext Root Scanning (ms): Min: 0.9, Avg: 2.8, Max: 4.0, Diff: 3.0, Sum: 22.7]
      [Update RS (ms): Min: 1.5, Avg: 2.7, Max: 4.6, Diff: 3.1, Sum: 21.4]
         [Processed Buffers: Min: 4, Avg: 6.2, Max: 11, Diff: 7, Sum: 50]
      [Scan RS (ms): Min: 7.6, Avg: 7.8, Max: 7.9, Diff: 0.3, Sum: 62.2]
      [Code Root Scanning (ms): Min: 0.0, Avg: 0.0, Max: 0.0, Diff: 0.0, Sum: 0.0]
      [Object Copy (ms): Min: 9.6, Avg: 9.6, Max: 9.7, Diff: 0.1, Sum: 76.9]
      [Termination (ms): Min: 0.0, Avg: 0.0, Max: 0.0, Diff: 0.0, Sum: 0.0]
      [GC Worker Other (ms): Min: 0.0, Avg: 0.0, Max: 0.1, Diff: 0.0, Sum: 0.3]
      [GC Worker Total (ms): Min: 22.9, Avg: 22.9, Max: 23.0, Diff: 0.1, Sum: 183.6]
      [GC Worker End (ms): Min: 20224.5, Avg: 20224.6, Max: 20224.6, Diff: 0.0]
   [Code Root Fixup: 0.0 ms]
   [Code Root Migration: 0.0 ms]
   [Clear CT: 0.1 ms]
   [Other: 0.6 ms]
      [Choose CSet: 0.0 ms]
      [Ref Proc: 0.1 ms]
      [Ref Enq: 0.0 ms]
      [Free CSet: 0.2 ms]
   [Eden: 98.0M(98.0M)->0.0B(12.0M) Survivors: 9216.0K->8192.0K Heap: 328.0M(400.0M)->234.0M(400.0M)]
 [Times: user=0.17 sys=0.01, real=0.02 secs] 
20.225: Total time for which application threads were stopped: 0.0239570 seconds, Stopping threads took: 0.0000620 seconds
20.265: Application time: 0.0396960 seconds
20.265: [GC pause (mixed), 0.0209870 secs]
   [Parallel Time: 20.3 ms, GC Workers: 8]
      [GC Worker Start (ms): Min: 20265.3, Avg: 20265.3, Max: 20265.3, Diff: 0.1]
      [Ext Root Scanning (ms): Min: 0.8, Avg: 2.6, Max: 7.9, Diff: 7.1, Sum: 20.6]
      [Update RS (ms): Min: 0.0, Avg: 2.6, Max: 4.1, Diff: 4.1, Sum: 20.9]
         [Processed Buffers: Min: 0, Avg: 6.8, Max: 13, Diff: 13, Sum: 54]
      [Scan RS (ms): Min: 3.1, Avg: 5.7, Max: 6.3, Diff: 3.2, Sum: 45.4]
      [Code Root Scanning (ms): Min: 0.0, Avg: 0.0, Max: 0.0, Diff: 0.0, Sum: 0.0]
      [Object Copy (ms): Min: 9.2, Avg: 9.2, Max: 9.3, Diff: 0.1, Sum: 73.8]
      [Termination (ms): Min: 0.0, Avg: 0.0, Max: 0.0, Diff: 0.0, Sum: 0.0]
      [GC Worker Other (ms): Min: 0.0, Avg: 0.0, Max: 0.0, Diff: 0.0, Sum: 0.1]
      [GC Worker Total (ms): Min: 20.1, Avg: 20.1, Max: 20.1, Diff: 0.1, Sum: 160.9]
      [GC Worker End (ms): Min: 20285.4, Avg: 20285.4, Max: 20285.4, Diff: 0.0]
   [Code Root Fixup: 0.0 ms]
   [Code Root Migration: 0.0 ms]
   [Clear CT: 0.1 ms]
   [Other: 0.6 ms]
      [Choose CSet: 0.1 ms]
      [Ref Proc: 0.1 ms]
      [Ref Enq: 0.0 ms]
      [Free CSet: 0.2 ms]
   [Eden: 12.0M(12.0M)->0.0B(115.0M) Survivors: 8192.0K->3072.0K Heap: 246.0M(400.0M)->214.0M(400.0M)]
 [Times: user=0.16 sys=0.00, real=0.03 secs] 
20.286: Total time for which application threads were stopped: 0.0211700 seconds, Stopping threads took: 0.0000690 seconds
20.458: Application time: 0.1713220 seconds
20.458: [GC pause (young) (initial-mark), 0.0141930 secs]
   [Parallel Time: 13.6 ms, GC Workers: 8]
      [GC Worker Start (ms): Min: 20457.8, Avg: 20460.0, Max: 20471.2, Diff: 13.4]
      [Ext Root Scanning (ms): Min: 0.0, Avg: 0.6, Max: 0.9, Diff: 0.9, Sum: 4.5]
      [Code Root Marking (ms): Min: 0.0, Avg: 0.1, Max: 0.3, Diff: 0.3, Sum: 1.2]
      [Update RS (ms): Min: 0.0, Avg: 4.1, Max: 5.3, Diff: 5.3, Sum: 32.6]
         [Processed Buffers: Min: 0, Avg: 8.2, Max: 12, Diff: 12, Sum: 66]
      [Scan RS (ms): Min: 0.0, Avg: 2.2, Max: 2.7, Diff: 2.7, Sum: 17.5]
      [Code Root Scanning (ms): Min: 0.0, Avg: 0.0, Max: 0.0, Diff: 0.0, Sum: 0.0]
      [Object Copy (ms): Min: 0.0, Avg: 4.2, Max: 4.9, Diff: 4.9, Sum: 33.7]
      [Termination (ms): Min: 0.0, Avg: 0.1, Max: 0.1, Diff: 0.1, Sum: 0.7]
      [GC Worker Other (ms): Min: 0.0, Avg: 0.0, Max: 0.0, Diff: 0.0, Sum: 0.1]
      [GC Worker Total (ms): Min: 0.0, Avg: 11.3, Max: 13.5, Diff: 13.4, Sum: 90.4]
      [GC Worker End (ms): Min: 20471.3, Avg: 20471.3, Max: 20471.3, Diff: 0.0]
   [Code Root Fixup: 0.1 ms]
   [Code Root Migration: 0.0 ms]
   [Clear CT: 0.1 ms]
   [Other: 0.5 ms]
      [Choose CSet: 0.0 ms]
      [Ref Proc: 0.2 ms]
      [Ref Enq: 0.0 ms]
      [Free CSet: 0.1 ms]
   [Eden: 57.0M(115.0M)->0.0B(113.0M) Survivors: 3072.0K->8192.0K Heap: 271.0M(400.0M)->219.3M(400.0M)]
 [Times: user=0.10 sys=0.00, real=0.01 secs] 
20.472: [GC concurrent-root-region-scan-start]
20.472: Total time for which application threads were stopped: 0.0144350 seconds, Stopping threads took: 0.0000440 seconds
20.480: [GC concurrent-root-region-scan-end, 0.0084840 secs]
20.480: [GC concurrent-mark-start]
20.667: [GC concurrent-mark-end, 0.1861910 secs]
20.667: Application time: 0.1947260 seconds
20.667: [GC remark 20.667: [GC ref-proc, 0.0001340 secs], 0.0012710 secs]
 [Times: user=0.00 sys=0.00, real=0.00 secs] 
20.668: Total time for which application threads were stopped: 0.0014090 seconds, Stopping threads took: 0.0000700 seconds
20.668: Application time: 0.0000270 seconds
20.668: [GC cleanup 263M->262M(400M), 0.0017890 secs]
 [Times: user=0.02 sys=0.00, real=0.00 secs] 
20.670: Total time for which application threads were stopped: 0.0018710 seconds, Stopping threads took: 0.0000350 seconds
20.670: [GC concurrent-cleanup-start]
20.670: [GC concurrent-cleanup-end, 0.0000110 secs]
20.822: Application time: 0.1524200 seconds
20.826: [GC pause (young), 0.0238270 secs]
   [Parallel Time: 23.1 ms, GC Workers: 8]
      [GC Worker Start (ms): Min: 20825.8, Avg: 20825.8, Max: 20825.8, Diff: 0.1]
      [Ext Root Scanning (ms): Min: 0.6, Avg: 1.1, Max: 3.8, Diff: 3.2, Sum: 8.6]
      [Update RS (ms): Min: 2.3, Avg: 5.1, Max: 7.5, Diff: 5.2, Sum: 41.1]
         [Processed Buffers: Min: 5, Avg: 9.5, Max: 16, Diff: 11, Sum: 76]
      [Scan RS (ms): Min: 4.0, Avg: 5.9, Max: 6.4, Diff: 2.5, Sum: 47.5]
      [Code Root Scanning (ms): Min: 0.0, Avg: 0.0, Max: 0.0, Diff: 0.0, Sum: 0.0]
      [Object Copy (ms): Min: 10.7, Avg: 10.8, Max: 10.8, Diff: 0.1, Sum: 86.1]
      [Termination (ms): Min: 0.0, Avg: 0.0, Max: 0.0, Diff: 0.0, Sum: 0.1]
      [GC Worker Other (ms): Min: 0.0, Avg: 0.0, Max: 0.1, Diff: 0.0, Sum: 0.3]
      [GC Worker Total (ms): Min: 22.9, Avg: 23.0, Max: 23.0, Diff: 0.1, Sum: 183.6]
      [GC Worker End (ms): Min: 20848.7, Avg: 20848.8, Max: 20848.8, Diff: 0.0]
   [Code Root Fixup: 0.1 ms]
   [Code Root Migration: 0.0 ms]
   [Clear CT: 0.1 ms]
   [Other: 0.5 ms]
      [Choose CSet: 0.0 ms]
      [Ref Proc: 0.1 ms]
      [Ref Enq: 0.0 ms]
      [Free CSet: 0.2 ms]
   [Eden: 113.0M(113.0M)->0.0B(4096.0K) Survivors: 8192.0K->16.0M Heap: 332.8M(400.0M)->231.0M(400.0M)]
 [Times: user=0.17 sys=0.00, real=0.02 secs] 
20.850: Total time for which application threads were stopped: 0.0271560 seconds, Stopping threads took: 0.0031460 seconds
20.856: Application time: 0.0065450 seconds
20.856: [GC pause (mixed), 0.0266100 secs]
   [Parallel Time: 25.7 ms, GC Workers: 8]
      [GC Worker Start (ms): Min: 20856.3, Avg: 20856.4, Max: 20856.4, Diff: 0.0]
      [Ext Root Scanning (ms): Min: 0.6, Avg: 0.6, Max: 0.7, Diff: 0.0, Sum: 5.0]
      [Update RS (ms): Min: 7.5, Avg: 7.6, Max: 7.9, Diff: 0.4, Sum: 60.9]
         [Processed Buffers: Min: 18, Avg: 21.4, Max: 28, Diff: 10, Sum: 171]
      [Scan RS (ms): Min: 3.0, Avg: 3.2, Max: 3.3, Diff: 0.3, Sum: 25.5]
      [Code Root Scanning (ms): Min: 0.0, Avg: 0.0, Max: 0.0, Diff: 0.0, Sum: 0.0]
      [Object Copy (ms): Min: 14.2, Avg: 14.2, Max: 14.3, Diff: 0.1, Sum: 113.8]
      [Termination (ms): Min: 0.0, Avg: 0.0, Max: 0.0, Diff: 0.0, Sum: 0.0]
      [GC Worker Other (ms): Min: 0.0, Avg: 0.0, Max: 0.0, Diff: 0.0, Sum: 0.2]
      [GC Worker Total (ms): Min: 25.6, Avg: 25.7, Max: 25.7, Diff: 0.1, Sum: 205.4]
      [GC Worker End (ms): Min: 20882.0, Avg: 20882.0, Max: 20882.0, Diff: 0.0]
   [Code Root Fixup: 0.1 ms]
   [Code Root Migration: 0.0 ms]
   [Clear CT: 0.1 ms]
   [Other: 0.7 ms]
      [Choose CSet: 0.1 ms]
      [Ref Proc: 0.1 ms]
      [Ref Enq: 0.0 ms]
      [Free CSet: 0.2 ms]
   [Eden: 4096.0K(4096.0K)->0.0B(17.0M) Survivors: 16.0M->3072.0K Heap: 235.0M(400.0M)->204.3M(400.0M)]
 [Times: user=0.21 sys=0.00, real=0.02 secs] 
20.883: Total time for which application threads were stopped: 0.0267660 seconds, Stopping threads took: 0.0000400 seconds
20.898: Application time: 0.0148340 seconds
20.899: [GC pause (mixed), 0.0228390 secs]
   [Parallel Time: 22.3 ms, GC Workers: 8]
      [GC Worker Start (ms): Min: 20898.7, Avg: 20898.7, Max: 20898.8, Diff: 0.1]
      [Ext Root Scanning (ms): Min: 0.6, Avg: 2.5, Max: 14.8, Diff: 14.3, Sum: 19.9]
      [Update RS (ms): Min: 1.1, Avg: 13.3, Max: 15.1, Diff: 14.1, Sum: 106.7]
         [Processed Buffers: Min: 5, Avg: 30.8, Max: 36, Diff: 31, Sum: 246]
      [Scan RS (ms): Min: 0.9, Avg: 1.0, Max: 1.1, Diff: 0.2, Sum: 7.9]
      [Code Root Scanning (ms): Min: 0.0, Avg: 0.0, Max: 0.0, Diff: 0.0, Sum: 0.0]
      [Object Copy (ms): Min: 5.3, Avg: 5.4, Max: 5.5, Diff: 0.2, Sum: 43.5]
      [Termination (ms): Min: 0.0, Avg: 0.0, Max: 0.0, Diff: 0.0, Sum: 0.0]
      [GC Worker Other (ms): Min: 0.0, Avg: 0.0, Max: 0.0, Diff: 0.0, Sum: 0.2]
      [GC Worker Total (ms): Min: 22.2, Avg: 22.3, Max: 22.3, Diff: 0.1, Sum: 178.2]
      [GC Worker End (ms): Min: 20921.0, Avg: 20921.0, Max: 20921.0, Diff: 0.0]
   [Code Root Fixup: 0.0 ms]
   [Code Root Migration: 0.0 ms]
   [Clear CT: 0.1 ms]
   [Other: 0.3 ms]
      [Choose CSet: 0.0 ms]
      [Ref Proc: 0.1 ms]
      [Ref Enq: 0.0 ms]
      [Free CSet: 0.1 ms]
   [Eden: 17.0M(17.0M)->0.0B(125.0M) Survivors: 3072.0K->3072.0K Heap: 221.3M(400.0M)->203.9M(400.0M)]
 [Times: user=0.18 sys=0.00, real=0.02 secs] 
20.922: Total time for which application threads were stopped: 0.0237740 seconds, Stopping threads took: 0.0008020 seconds
20.955: Application time: 0.0333190 seconds
20.955: [GC pause (young) (initial-mark), 0.0134680 secs]
   [Parallel Time: 12.1 ms, GC Workers: 8]
      [GC Worker Start (ms): Min: 20955.0, Avg: 20955.1, Max: 20955.1, Diff: 0.1]
      [Ext Root Scanning (ms): Min: 0.6, Avg: 0.6, Max: 0.7, Diff: 0.1, Sum: 5.0]
      [Code Root Marking (ms): Min: 0.0, Avg: 0.2, Max: 0.3, Diff: 0.2, Sum: 1.2]
      [Update RS (ms): Min: 3.9, Avg: 4.9, Max: 10.1, Diff: 6.2, Sum: 38.8]
         [Processed Buffers: Min: 1, Avg: 9.8, Max: 13, Diff: 12, Sum: 78]
      [Scan RS (ms): Min: 0.0, Avg: 0.0, Max: 0.1, Diff: 0.1, Sum: 0.2]
      [Code Root Scanning (ms): Min: 0.0, Avg: 0.0, Max: 0.0, Diff: 0.0, Sum: 0.0]
      [Object Copy (ms): Min: 1.0, Avg: 6.3, Max: 7.1, Diff: 6.1, Sum: 50.4]
      [Termination (ms): Min: 0.0, Avg: 0.0, Max: 0.0, Diff: 0.0, Sum: 0.0]
      [GC Worker Other (ms): Min: 0.0, Avg: 0.0, Max: 0.0, Diff: 0.0, Sum: 0.2]
      [GC Worker Total (ms): Min: 11.9, Avg: 12.0, Max: 12.0, Diff: 0.1, Sum: 95.8]
      [GC Worker End (ms): Min: 20967.0, Avg: 20967.1, Max: 20967.1, Diff: 0.0]
   [Code Root Fixup: 0.1 ms]
   [Code Root Migration: 0.0 ms]
   [Clear CT: 0.1 ms]
   [Other: 1.3 ms]
      [Choose CSet: 0.0 ms]
      [Ref Proc: 0.1 ms]
      [Ref Enq: 0.0 ms]
      [Free CSet: 0.0 ms]
   [Eden: 44.0M(125.0M)->0.0B(354.0M) Survivors: 3072.0K->16.0M Heap: 247.4M(400.0M)->218.0M(711.0M)]
 [Times: user=0.09 sys=0.00, real=0.01 secs] 
20.969: [GC concurrent-root-region-scan-start]
20.969: Total time for which application threads were stopped: 0.0136580 seconds, Stopping threads took: 0.0000680 seconds
20.981: [GC concurrent-root-region-scan-end, 0.0123620 secs]
20.981: [GC concurrent-mark-start]
21.222: [GC concurrent-mark-end, 0.2414290 secs]
21.222: Application time: 0.2538360 seconds
21.223: [GC remark 21.223: [GC ref-proc, 0.0001130 secs], 0.0011290 secs]
 [Times: user=0.00 sys=0.00, real=0.00 secs] 
21.224: Total time for which application threads were stopped: 0.0013270 seconds, Stopping threads took: 0.0001320 seconds
21.224: Application time: 0.0000270 seconds
21.224: [GC cleanup 364M->363M(711M), 0.0016420 secs]
 [Times: user=0.01 sys=0.01, real=0.00 secs] 
21.225: Total time for which application threads were stopped: 0.0017260 seconds, Stopping threads took: 0.0000390 seconds
21.225: [GC concurrent-cleanup-start]
21.225: [GC concurrent-cleanup-end, 0.0000100 secs]
21.475: Application time: 0.2495870 seconds
21.475: [GC pause (young), 0.0735740 secs]
   [Parallel Time: 71.4 ms, GC Workers: 8]
      [GC Worker Start (ms): Min: 21475.6, Avg: 21477.4, Max: 21489.5, Diff: 13.9]
      [Ext Root Scanning (ms): Min: 0.0, Avg: 0.6, Max: 0.8, Diff: 0.8, Sum: 4.7]
      [Update RS (ms): Min: 0.0, Avg: 6.5, Max: 7.8, Diff: 7.8, Sum: 52.1]
         [Processed Buffers: Min: 0, Avg: 13.1, Max: 16, Diff: 16, Sum: 105]
      [Scan RS (ms): Min: 1.7, Avg: 8.8, Max: 23.9, Diff: 22.2, Sum: 70.4]
      [Code Root Scanning (ms): Min: 0.0, Avg: 0.0, Max: 0.0, Diff: 0.0, Sum: 0.0]
      [Object Copy (ms): Min: 39.4, Avg: 53.6, Max: 55.7, Diff: 16.4, Sum: 429.1]
      [Termination (ms): Min: 0.0, Avg: 0.0, Max: 0.0, Diff: 0.0, Sum: 0.0]
      [GC Worker Other (ms): Min: 0.0, Avg: 0.0, Max: 0.1, Diff: 0.0, Sum: 0.4]
      [GC Worker Total (ms): Min: 57.4, Avg: 69.6, Max: 71.4, Diff: 14.0, Sum: 556.7]
      [GC Worker End (ms): Min: 21546.9, Avg: 21546.9, Max: 21547.0, Diff: 0.0]
   [Code Root Fixup: 0.1 ms]
   [Code Root Migration: 0.0 ms]
   [Clear CT: 0.3 ms]
   [Other: 1.8 ms]
      [Choose CSet: 0.0 ms]
      [Ref Proc: 0.1 ms]
      [Ref Enq: 0.0 ms]
      [Free CSet: 0.5 ms]
   [Eden: 354.0M(354.0M)->0.0B(436.0M) Survivors: 16.0M->47.0M Heap: 575.5M(711.0M)->297.5M(960.0M)]
 [Times: user=0.55 sys=0.02, real=0.07 secs] 
21.549: Total time for which application threads were stopped: 0.0741080 seconds, Stopping threads took: 0.0003670 seconds
22.151: Application time: 0.6016540 seconds
22.151: [GC pause (young), 0.0852730 secs]
   [Parallel Time: 83.1 ms, GC Workers: 8]
      [GC Worker Start (ms): Min: 22151.1, Avg: 22151.1, Max: 22151.3, Diff: 0.2]
      [Ext Root Scanning (ms): Min: 0.6, Avg: 1.6, Max: 7.5, Diff: 6.9, Sum: 12.4]
      [Update RS (ms): Min: 0.0, Avg: 5.5, Max: 6.5, Diff: 6.5, Sum: 44.2]
         [Processed Buffers: Min: 0, Avg: 14.1, Max: 19, Diff: 19, Sum: 113]
      [Scan RS (ms): Min: 16.6, Avg: 16.9, Max: 17.1, Diff: 0.4, Sum: 135.3]
      [Code Root Scanning (ms): Min: 0.0, Avg: 0.0, Max: 0.0, Diff: 0.0, Sum: 0.0]
      [Object Copy (ms): Min: 58.9, Avg: 59.0, Max: 59.1, Diff: 0.2, Sum: 471.6]
      [Termination (ms): Min: 0.0, Avg: 0.0, Max: 0.0, Diff: 0.0, Sum: 0.1]
      [GC Worker Other (ms): Min: 0.0, Avg: 0.0, Max: 0.1, Diff: 0.0, Sum: 0.3]
      [GC Worker Total (ms): Min: 82.8, Avg: 83.0, Max: 83.0, Diff: 0.2, Sum: 664.0]
      [GC Worker End (ms): Min: 22234.1, Avg: 22234.1, Max: 22234.1, Diff: 0.0]
   [Code Root Fixup: 0.1 ms]
   [Code Root Migration: 0.0 ms]
   [Clear CT: 0.2 ms]
   [Other: 1.8 ms]
      [Choose CSet: 0.0 ms]
      [Ref Proc: 0.1 ms]
      [Ref Enq: 0.0 ms]
      [Free CSet: 0.5 ms]
   [Eden: 344.0M(315.0M)->0.0B(558.0M) Survivors: 47.0M->46.0M Heap: 641.5M(960.0M)->340.0M(1159.0M)]
 [Times: user=0.64 sys=0.03, real=0.09 secs] 
22.236: Total time for which application threads were stopped: 0.0855490 seconds, Stopping threads took: 0.0000290 seconds
22.979: Application time: 0.7425280 seconds
22.979: [GC pause (young), 0.1048670 secs]
   [Parallel Time: 94.3 ms, GC Workers: 8]
      [GC Worker Start (ms): Min: 22979.3, Avg: 22981.4, Max: 22993.5, Diff: 14.2]
      [Ext Root Scanning (ms): Min: 0.0, Avg: 0.6, Max: 0.9, Diff: 0.9, Sum: 4.7]
      [Update RS (ms): Min: 0.0, Avg: 5.3, Max: 6.4, Diff: 6.4, Sum: 42.2]
         [Processed Buffers: Min: 0, Avg: 12.2, Max: 16, Diff: 16, Sum: 98]
      [Scan RS (ms): Min: 6.6, Avg: 14.0, Max: 23.3, Diff: 16.6, Sum: 112.4]
      [Code Root Scanning (ms): Min: 0.0, Avg: 0.0, Max: 0.0, Diff: 0.0, Sum: 0.0]
      [Object Copy (ms): Min: 63.8, Avg: 72.2, Max: 73.5, Diff: 9.7, Sum: 577.8]
      [Termination (ms): Min: 0.0, Avg: 0.0, Max: 0.1, Diff: 0.1, Sum: 0.3]
      [GC Worker Other (ms): Min: 0.0, Avg: 0.0, Max: 0.1, Diff: 0.1, Sum: 0.3]
      [GC Worker Total (ms): Min: 80.0, Avg: 92.2, Max: 94.3, Diff: 14.3, Sum: 737.7]
      [GC Worker End (ms): Min: 23073.5, Avg: 23073.6, Max: 23073.6, Diff: 0.0]
   [Code Root Fixup: 0.1 ms]
   [Code Root Migration: 0.1 ms]
   [Clear CT: 0.2 ms]
   [Other: 10.1 ms]
      [Choose CSet: 0.0 ms]
      [Ref Proc: 8.4 ms]
      [Ref Enq: 0.0 ms]
      [Free CSet: 0.6 ms]
   [Eden: 558.0M(558.0M)->0.0B(626.0M) Survivors: 46.0M->76.0M Heap: 898.0M(1159.0M)->412.5M(1318.0M)]
 [Times: user=0.79 sys=0.04, real=0.10 secs] 
23.084: Total time for which application threads were stopped: 0.1051890 seconds, Stopping threads took: 0.0000790 seconds
23.722: Application time: 0.6381160 seconds
23.722: [GC pause (young), 0.0839350 secs]
   [Parallel Time: 81.9 ms, GC Workers: 8]
      [GC Worker Start (ms): Min: 23722.6, Avg: 23723.7, Max: 23731.4, Diff: 8.9]
      [Ext Root Scanning (ms): Min: 0.0, Avg: 0.6, Max: 0.8, Diff: 0.8, Sum: 4.7]
      [Update RS (ms): Min: 0.0, Avg: 5.8, Max: 6.8, Diff: 6.8, Sum: 46.2]
         [Processed Buffers: Min: 0, Avg: 13.2, Max: 17, Diff: 17, Sum: 106]
      [Scan RS (ms): Min: 7.0, Avg: 8.3, Max: 8.7, Diff: 1.7, Sum: 66.6]
      [Code Root Scanning (ms): Min: 0.0, Avg: 0.0, Max: 0.0, Diff: 0.0, Sum: 0.0]
      [Object Copy (ms): Min: 65.9, Avg: 66.0, Max: 66.0, Diff: 0.1, Sum: 527.8]
      [Termination (ms): Min: 0.0, Avg: 0.0, Max: 0.0, Diff: 0.0, Sum: 0.0]
      [GC Worker Other (ms): Min: 0.0, Avg: 0.1, Max: 0.1, Diff: 0.1, Sum: 0.4]
      [GC Worker Total (ms): Min: 73.0, Avg: 80.7, Max: 81.9, Diff: 8.9, Sum: 645.8]
      [GC Worker End (ms): Min: 23804.4, Avg: 23804.4, Max: 23804.4, Diff: 0.1]
   [Code Root Fixup: 0.1 ms]
   [Code Root Migration: 0.1 ms]
   [Clear CT: 0.3 ms]
   [Other: 1.5 ms]
      [Choose CSet: 0.0 ms]
      [Ref Proc: 0.1 ms]
      [Ref Enq: 0.0 ms]
      [Free CSet: 0.5 ms]
   [Eden: 626.0M(626.0M)->0.0B(696.0M) Survivors: 76.0M->87.0M Heap: 1038.5M(1318.0M)->455.0M(1446.0M)]
 [Times: user=0.65 sys=0.01, real=0.09 secs] 
23.806: Total time for which application threads were stopped: 0.0842520 seconds, Stopping threads took: 0.0001020 seconds
24.390: Application time: 0.5835440 seconds
24.390: [GC pause (young), 0.0810530 secs]
   [Parallel Time: 79.2 ms, GC Workers: 8]
      [GC Worker Start (ms): Min: 24390.3, Avg: 24390.4, Max: 24390.4, Diff: 0.1]
      [Ext Root Scanning (ms): Min: 0.5, Avg: 1.4, Max: 3.8, Diff: 3.3, Sum: 11.1]
      [Update RS (ms): Min: 3.4, Avg: 5.5, Max: 6.3, Diff: 2.9, Sum: 44.4]
         [Processed Buffers: Min: 8, Avg: 13.4, Max: 20, Diff: 12, Sum: 107]
      [Scan RS (ms): Min: 3.2, Avg: 3.4, Max: 3.5, Diff: 0.3, Sum: 27.2]
      [Code Root Scanning (ms): Min: 0.0, Avg: 0.0, Max: 0.0, Diff: 0.0, Sum: 0.0]
      [Object Copy (ms): Min: 68.7, Avg: 68.7, Max: 68.7, Diff: 0.1, Sum: 549.5]
      [Termination (ms): Min: 0.0, Avg: 0.0, Max: 0.0, Diff: 0.0, Sum: 0.0]
      [GC Worker Other (ms): Min: 0.0, Avg: 0.1, Max: 0.1, Diff: 0.0, Sum: 0.4]
      [GC Worker Total (ms): Min: 79.0, Avg: 79.1, Max: 79.1, Diff: 0.1, Sum: 632.7]
      [GC Worker End (ms): Min: 24469.4, Avg: 24469.4, Max: 24469.5, Diff: 0.0]
   [Code Root Fixup: 0.1 ms]
   [Code Root Migration: 0.1 ms]
   [Clear CT: 0.4 ms]
   [Other: 1.4 ms]
      [Choose CSet: 0.0 ms]
      [Ref Proc: 0.1 ms]
      [Ref Enq: 0.0 ms]
      [Free CSet: 0.5 ms]
   [Eden: 696.0M(696.0M)->0.0B(764.0M) Survivors: 87.0M->88.0M Heap: 1151.0M(1446.0M)->489.0M(1548.0M)]
 [Times: user=0.61 sys=0.02, real=0.08 secs] 
24.471: Total time for which application threads were stopped: 0.0813470 seconds, Stopping threads took: 0.0000820 seconds
25.023: Application time: 0.5517460 seconds
25.023: [GC pause (young), 0.0730850 secs]
   [Parallel Time: 71.4 ms, GC Workers: 8]
      [GC Worker Start (ms): Min: 25023.4, Avg: 25023.4, Max: 25023.4, Diff: 0.1]
      [Ext Root Scanning (ms): Min: 0.6, Avg: 1.1, Max: 4.1, Diff: 3.5, Sum: 8.9]
      [Update RS (ms): Min: 3.8, Avg: 7.1, Max: 11.2, Diff: 7.4, Sum: 56.6]
         [Processed Buffers: Min: 7, Avg: 13.8, Max: 22, Diff: 15, Sum: 110]
      [Scan RS (ms): Min: 0.1, Avg: 1.9, Max: 2.3, Diff: 2.2, Sum: 14.9]
      [Code Root Scanning (ms): Min: 0.0, Avg: 0.0, Max: 0.0, Diff: 0.0, Sum: 0.0]
      [Object Copy (ms): Min: 59.2, Avg: 61.2, Max: 61.5, Diff: 2.3, Sum: 489.3]
      [Termination (ms): Min: 0.0, Avg: 0.0, Max: 0.0, Diff: 0.0, Sum: 0.0]
      [GC Worker Other (ms): Min: 0.0, Avg: 0.1, Max: 0.1, Diff: 0.0, Sum: 0.4]
      [GC Worker Total (ms): Min: 71.2, Avg: 71.3, Max: 71.3, Diff: 0.1, Sum: 570.1]
      [GC Worker End (ms): Min: 25094.6, Avg: 25094.7, Max: 25094.7, Diff: 0.0]
   [Code Root Fixup: 0.1 ms]
   [Code Root Migration: 0.1 ms]
   [Clear CT: 0.4 ms]
   [Other: 1.2 ms]
      [Choose CSet: 0.0 ms]
      [Ref Proc: 0.1 ms]
      [Ref Enq: 0.0 ms]
      [Free CSet: 0.5 ms]
   [Eden: 764.0M(764.0M)->0.0B(808.0M) Survivors: 88.0M->103.0M Heap: 1253.0M(1548.0M)->518.6M(1630.0M)]
 [Times: user=0.55 sys=0.02, real=0.08 secs] 
25.096: Total time for which application threads were stopped: 0.0733090 seconds, Stopping threads took: 0.0000530 seconds
25.664: Application time: 0.5671650 seconds
25.664: [GC pause (young), 0.0659100 secs]
   [Parallel Time: 64.1 ms, GC Workers: 8]
      [GC Worker Start (ms): Min: 25663.8, Avg: 25664.0, Max: 25665.5, Diff: 1.8]
      [Ext Root Scanning (ms): Min: 0.0, Avg: 0.6, Max: 0.8, Diff: 0.8, Sum: 4.6]
      [Update RS (ms): Min: 5.4, Avg: 6.2, Max: 6.5, Diff: 1.2, Sum: 49.4]
         [Processed Buffers: Min: 12, Avg: 15.1, Max: 22, Diff: 10, Sum: 121]
      [Scan RS (ms): Min: 0.0, Avg: 0.3, Max: 0.4, Diff: 0.4, Sum: 2.4]
      [Code Root Scanning (ms): Min: 0.0, Avg: 0.0, Max: 0.0, Diff: 0.0, Sum: 0.0]
      [Object Copy (ms): Min: 56.7, Avg: 56.8, Max: 56.8, Diff: 0.2, Sum: 454.0]
      [Termination (ms): Min: 0.0, Avg: 0.0, Max: 0.0, Diff: 0.0, Sum: 0.0]
      [GC Worker Other (ms): Min: 0.0, Avg: 0.1, Max: 0.1, Diff: 0.1, Sum: 0.4]
      [GC Worker Total (ms): Min: 62.3, Avg: 63.9, Max: 64.1, Diff: 1.8, Sum: 510.9]
      [GC Worker End (ms): Min: 25727.8, Avg: 25727.9, Max: 25727.9, Diff: 0.1]
   [Code Root Fixup: 0.1 ms]
   [Code Root Migration: 0.1 ms]
   [Clear CT: 0.4 ms]
   [Other: 1.2 ms]
      [Choose CSet: 0.0 ms]
      [Ref Proc: 0.1 ms]
      [Ref Enq: 0.0 ms]
      [Free CSet: 0.6 ms]
   [Eden: 808.0M(808.0M)->0.0B(848.0M) Survivors: 103.0M->94.0M Heap: 1326.6M(1630.0M)->523.1M(1695.0M)]
 [Times: user=0.49 sys=0.02, real=0.07 secs] 
25.730: Total time for which application threads were stopped: 0.0661310 seconds, Stopping threads took: 0.0000260 seconds
26.300: Application time: 0.5701250 seconds
26.300: [GC pause (young), 0.0708060 secs]
   [Parallel Time: 69.1 ms, GC Workers: 8]
      [GC Worker Start (ms): Min: 26300.0, Avg: 26300.2, Max: 26300.9, Diff: 0.9]
      [Ext Root Scanning (ms): Min: 0.0, Avg: 0.6, Max: 0.8, Diff: 0.8, Sum: 4.7]
      [Update RS (ms): Min: 5.6, Avg: 5.8, Max: 5.9, Diff: 0.3, Sum: 46.2]
         [Processed Buffers: Min: 8, Avg: 13.2, Max: 17, Diff: 9, Sum: 106]
      [Scan RS (ms): Min: 0.2, Avg: 0.3, Max: 0.4, Diff: 0.2, Sum: 2.4]
      [Code Root Scanning (ms): Min: 0.0, Avg: 0.0, Max: 0.0, Diff: 0.0, Sum: 0.1]
      [Object Copy (ms): Min: 62.1, Avg: 62.1, Max: 62.2, Diff: 0.1, Sum: 497.1]
      [Termination (ms): Min: 0.0, Avg: 0.0, Max: 0.0, Diff: 0.0, Sum: 0.0]
      [GC Worker Other (ms): Min: 0.0, Avg: 0.1, Max: 0.1, Diff: 0.1, Sum: 0.6]
      [GC Worker Total (ms): Min: 68.2, Avg: 68.9, Max: 69.0, Diff: 0.8, Sum: 551.0]
      [GC Worker End (ms): Min: 26369.0, Avg: 26369.0, Max: 26369.1, Diff: 0.1]
   [Code Root Fixup: 0.1 ms]
   [Code Root Migration: 0.1 ms]
   [Clear CT: 0.4 ms]
   [Other: 1.1 ms]
      [Choose CSet: 0.0 ms]
      [Ref Proc: 0.1 ms]
      [Ref Enq: 0.0 ms]
      [Free CSet: 0.6 ms]
   [Eden: 848.0M(848.0M)->0.0B(881.0M) Survivors: 94.0M->108.0M Heap: 1371.1M(1695.0M)->548.0M(1747.0M)]
 [Times: user=0.55 sys=0.01, real=0.07 secs] 
26.371: Total time for which application threads were stopped: 0.0710280 seconds, Stopping threads took: 0.0000650 seconds
26.957: Application time: 0.5857140 seconds
26.958: [GC pause (young), 0.0599110 secs]
   [Parallel Time: 58.2 ms, GC Workers: 8]
      [GC Worker Start (ms): Min: 26957.7, Avg: 26957.8, Max: 26958.5, Diff: 0.8]
      [Ext Root Scanning (ms): Min: 0.0, Avg: 0.6, Max: 0.8, Diff: 0.8, Sum: 4.6]
      [Update RS (ms): Min: 5.2, Avg: 5.3, Max: 5.5, Diff: 0.3, Sum: 42.3]
         [Processed Buffers: Min: 12, Avg: 13.1, Max: 16, Diff: 4, Sum: 105]
      [Scan RS (ms): Min: 0.0, Avg: 0.3, Max: 0.4, Diff: 0.4, Sum: 2.1]
      [Code Root Scanning (ms): Min: 0.0, Avg: 0.0, Max: 0.0, Diff: 0.0, Sum: 0.1]
      [Object Copy (ms): Min: 51.7, Avg: 51.8, Max: 51.9, Diff: 0.2, Sum: 414.3]
      [Termination (ms): Min: 0.0, Avg: 0.0, Max: 0.0, Diff: 0.0, Sum: 0.0]
      [GC Worker Other (ms): Min: 0.0, Avg: 0.1, Max: 0.1, Diff: 0.0, Sum: 0.5]
      [GC Worker Total (ms): Min: 57.3, Avg: 58.0, Max: 58.1, Diff: 0.9, Sum: 463.8]
      [GC Worker End (ms): Min: 27015.8, Avg: 27015.8, Max: 27015.8, Diff: 0.0]
   [Code Root Fixup: 0.1 ms]
   [Code Root Migration: 0.1 ms]
   [Clear CT: 0.4 ms]
   [Other: 1.1 ms]
      [Choose CSet: 0.0 ms]
      [Ref Proc: 0.2 ms]
      [Ref Enq: 0.0 ms]
      [Free CSet: 0.6 ms]
   [Eden: 881.0M(881.0M)->0.0B(935.0M) Survivors: 108.0M->98.0M Heap: 1429.0M(1747.0M)->542.0M(1789.0M)]
 [Times: user=0.46 sys=0.01, real=0.06 secs] 
27.018: Total time for which application threads were stopped: 0.0610610 seconds, Stopping threads took: 0.0010190 seconds
27.606: Application time: 0.5881700 seconds
27.606: [GC pause (young), 0.0558100 secs]
   [Parallel Time: 54.1 ms, GC Workers: 8]
      [GC Worker Start (ms): Min: 27606.1, Avg: 27606.2, Max: 27607.0, Diff: 0.9]
      [Ext Root Scanning (ms): Min: 0.0, Avg: 0.6, Max: 0.8, Diff: 0.8, Sum: 4.7]
      [Update RS (ms): Min: 1.2, Avg: 2.6, Max: 11.2, Diff: 10.0, Sum: 21.1]
         [Processed Buffers: Min: 1, Avg: 4.1, Max: 8, Diff: 7, Sum: 33]
      [Scan RS (ms): Min: 0.3, Avg: 0.4, Max: 0.5, Diff: 0.2, Sum: 2.8]
      [Code Root Scanning (ms): Min: 0.0, Avg: 0.0, Max: 0.0, Diff: 0.0, Sum: 0.0]
      [Object Copy (ms): Min: 41.8, Avg: 50.3, Max: 51.5, Diff: 9.7, Sum: 402.1]
      [Termination (ms): Min: 0.0, Avg: 0.0, Max: 0.0, Diff: 0.0, Sum: 0.0]
      [GC Worker Other (ms): Min: 0.0, Avg: 0.1, Max: 0.1, Diff: 0.1, Sum: 0.5]
      [GC Worker Total (ms): Min: 53.1, Avg: 53.9, Max: 54.1, Diff: 0.9, Sum: 431.3]
      [GC Worker End (ms): Min: 27660.1, Avg: 27660.1, Max: 27660.1, Diff: 0.0]
   [Code Root Fixup: 0.1 ms]
   [Code Root Migration: 0.1 ms]
   [Clear CT: 0.4 ms]
   [Other: 1.0 ms]
      [Choose CSet: 0.0 ms]
      [Ref Proc: 0.1 ms]
      [Ref Enq: 0.0 ms]
      [Free CSet: 0.7 ms]
   [Eden: 935.0M(935.0M)->0.0B(963.0M) Survivors: 98.0M->90.0M Heap: 1477.0M(1789.0M)->543.2M(1822.0M)]
 [Times: user=0.42 sys=0.01, real=0.05 secs] 
27.662: Total time for which application threads were stopped: 0.0560770 seconds, Stopping threads took: 0.0000590 seconds
28.268: Application time: 0.6064910 seconds
28.269: [GC pause (young), 0.0414900 secs]
   [Parallel Time: 39.9 ms, GC Workers: 8]
      [GC Worker Start (ms): Min: 28268.6, Avg: 28268.7, Max: 28268.7, Diff: 0.0]
      [Ext Root Scanning (ms): Min: 0.6, Avg: 0.6, Max: 0.7, Diff: 0.1, Sum: 5.1]
      [Update RS (ms): Min: 3.2, Avg: 3.3, Max: 3.5, Diff: 0.2, Sum: 26.5]
         [Processed Buffers: Min: 7, Avg: 8.8, Max: 15, Diff: 8, Sum: 70]
      [Scan RS (ms): Min: 0.2, Avg: 0.3, Max: 0.4, Diff: 0.2, Sum: 2.6]
      [Code Root Scanning (ms): Min: 0.0, Avg: 0.0, Max: 0.0, Diff: 0.0, Sum: 0.1]
      [Object Copy (ms): Min: 35.5, Avg: 35.5, Max: 35.5, Diff: 0.0, Sum: 283.7]
      [Termination (ms): Min: 0.0, Avg: 0.0, Max: 0.0, Diff: 0.0, Sum: 0.0]
      [GC Worker Other (ms): Min: 0.0, Avg: 0.1, Max: 0.1, Diff: 0.1, Sum: 0.6]
      [GC Worker Total (ms): Min: 39.8, Avg: 39.8, Max: 39.9, Diff: 0.1, Sum: 318.6]
      [GC Worker End (ms): Min: 28308.4, Avg: 28308.5, Max: 28308.5, Diff: 0.1]
   [Code Root Fixup: 0.1 ms]
   [Code Root Migration: 0.1 ms]
   [Clear CT: 0.4 ms]
   [Other: 0.9 ms]
      [Choose CSet: 0.0 ms]
      [Ref Proc: 0.1 ms]
      [Ref Enq: 0.0 ms]
      [Free CSet: 0.6 ms]
   [Eden: 963.0M(963.0M)->0.0B(1020.0M) Survivors: 90.0M->66.0M Heap: 1506.2M(1822.0M)->524.0M(1849.0M)]
 [Times: user=0.32 sys=0.00, real=0.04 secs] 
28.310: Total time for which application threads were stopped: 0.0417720 seconds, Stopping threads took: 0.0000860 seconds
28.851: Application time: 0.5405550 seconds
28.851: [GC pause (young), 0.0462110 secs]
   [Parallel Time: 44.6 ms, GC Workers: 8]
      [GC Worker Start (ms): Min: 28850.9, Avg: 28852.0, Max: 28859.9, Diff: 9.0]
      [Ext Root Scanning (ms): Min: 0.0, Avg: 0.6, Max: 0.7, Diff: 0.7, Sum: 4.7]
      [Update RS (ms): Min: 0.0, Avg: 2.7, Max: 3.2, Diff: 3.2, Sum: 21.6]
         [Processed Buffers: Min: 0, Avg: 7.9, Max: 13, Diff: 13, Sum: 63]
      [Scan RS (ms): Min: 0.2, Avg: 0.3, Max: 0.4, Diff: 0.2, Sum: 2.4]
      [Code Root Scanning (ms): Min: 0.0, Avg: 0.0, Max: 0.0, Diff: 0.0, Sum: 0.1]
      [Object Copy (ms): Min: 35.1, Avg: 39.7, Max: 40.4, Diff: 5.2, Sum: 317.4]
      [Termination (ms): Min: 0.0, Avg: 0.0, Max: 0.0, Diff: 0.0, Sum: 0.0]
      [GC Worker Other (ms): Min: 0.0, Avg: 0.1, Max: 0.1, Diff: 0.1, Sum: 0.5]
      [GC Worker Total (ms): Min: 35.5, Avg: 43.3, Max: 44.5, Diff: 9.1, Sum: 346.7]
      [GC Worker End (ms): Min: 28895.3, Avg: 28895.3, Max: 28895.4, Diff: 0.1]
   [Code Root Fixup: 0.1 ms]
   [Code Root Migration: 0.1 ms]
   [Clear CT: 0.5 ms]
   [Other: 0.9 ms]
      [Choose CSet: 0.0 ms]
      [Ref Proc: 0.1 ms]
      [Ref Enq: 0.0 ms]
      [Free CSet: 0.6 ms]
   [Eden: 1020.0M(1020.0M)->0.0B(1032.0M) Survivors: 66.0M->77.0M Heap: 1544.0M(1849.0M)->535.0M(1870.0M)]
 [Times: user=0.34 sys=0.01, real=0.05 secs] 
28.897: Total time for which application threads were stopped: 0.0463820 seconds, Stopping threads took: 0.0000420 seconds
29.406: Application time: 0.5094000 seconds
29.407: [GC pause (young), 0.0484350 secs]
   [Parallel Time: 46.7 ms, GC Workers: 8]
      [GC Worker Start (ms): Min: 29406.7, Avg: 29406.7, Max: 29406.8, Diff: 0.1]
      [Ext Root Scanning (ms): Min: 0.6, Avg: 0.6, Max: 0.7, Diff: 0.0, Sum: 5.1]
      [Update RS (ms): Min: 1.1, Avg: 1.3, Max: 1.5, Diff: 0.3, Sum: 10.5]
         [Processed Buffers: Min: 3, Avg: 4.2, Max: 6, Diff: 3, Sum: 34]
      [Scan RS (ms): Min: 0.2, Avg: 0.3, Max: 0.5, Diff: 0.2, Sum: 2.8]
      [Code Root Scanning (ms): Min: 0.0, Avg: 0.0, Max: 0.0, Diff: 0.0, Sum: 0.1]
      [Object Copy (ms): Min: 44.2, Avg: 44.2, Max: 44.2, Diff: 0.1, Sum: 353.6]
      [Termination (ms): Min: 0.0, Avg: 0.0, Max: 0.0, Diff: 0.0, Sum: 0.0]
      [GC Worker Other (ms): Min: 0.0, Avg: 0.1, Max: 0.1, Diff: 0.1, Sum: 0.6]
      [GC Worker Total (ms): Min: 46.5, Avg: 46.6, Max: 46.6, Diff: 0.1, Sum: 372.7]
      [GC Worker End (ms): Min: 29453.3, Avg: 29453.3, Max: 29453.4, Diff: 0.1]
   [Code Root Fixup: 0.1 ms]
   [Code Root Migration: 0.1 ms]
   [Clear CT: 0.5 ms]
   [Other: 1.0 ms]
      [Choose CSet: 0.0 ms]
      [Ref Proc: 0.2 ms]
      [Ref Enq: 0.0 ms]
      [Free CSet: 0.6 ms]
   [Eden: 1032.0M(1032.0M)->0.0B(1038.0M) Survivors: 77.0M->85.0M Heap: 1567.0M(1870.0M)->543.9M(1887.0M)]
 [Times: user=0.38 sys=0.00, real=0.05 secs] 
29.455: Total time for which application threads were stopped: 0.0486820 seconds, Stopping threads took: 0.0000740 seconds
29.970: Application time: 0.5148300 seconds
29.970: [GC pause (young), 0.0538360 secs]
   [Parallel Time: 52.2 ms, GC Workers: 8]
      [GC Worker Start (ms): Min: 29970.1, Avg: 29970.2, Max: 29970.2, Diff: 0.1]
      [Ext Root Scanning (ms): Min: 0.6, Avg: 0.7, Max: 0.7, Diff: 0.1, Sum: 5.4]
      [Update RS (ms): Min: 1.7, Avg: 1.9, Max: 2.2, Diff: 0.4, Sum: 15.2]
         [Processed Buffers: Min: 4, Avg: 5.2, Max: 8, Diff: 4, Sum: 42]
      [Scan RS (ms): Min: 0.1, Avg: 0.3, Max: 0.5, Diff: 0.4, Sum: 2.6]
      [Code Root Scanning (ms): Min: 0.0, Avg: 0.0, Max: 0.0, Diff: 0.0, Sum: 0.1]
      [Object Copy (ms): Min: 49.1, Avg: 49.2, Max: 49.2, Diff: 0.1, Sum: 393.4]
      [Termination (ms): Min: 0.0, Avg: 0.0, Max: 0.0, Diff: 0.0, Sum: 0.0]
      [GC Worker Other (ms): Min: 0.0, Avg: 0.1, Max: 0.1, Diff: 0.1, Sum: 0.5]
      [GC Worker Total (ms): Min: 52.1, Avg: 52.2, Max: 52.2, Diff: 0.1, Sum: 417.2]
      [GC Worker End (ms): Min: 30022.3, Avg: 30022.3, Max: 30022.4, Diff: 0.1]
   [Code Root Fixup: 0.1 ms]
   [Code Root Migration: 0.1 ms]
   [Clear CT: 0.5 ms]
   [Other: 0.9 ms]
      [Choose CSet: 0.0 ms]
      [Ref Proc: 0.1 ms]
      [Ref Enq: 0.0 ms]
      [Free CSet: 0.7 ms]
   [Eden: 1038.0M(1038.0M)->0.0B(1024.0M) Survivors: 85.0M->95.0M Heap: 1581.9M(1887.0M)->554.1M(1887.0M)]
 [Times: user=0.42 sys=0.00, real=0.05 secs] 
30.024: Total time for which application threads were stopped: 0.0540100 seconds, Stopping threads took: 0.0000360 seconds
30.540: Application time: 0.5163140 seconds
30.540: [GC pause (young), 0.0480200 secs]
   [Parallel Time: 46.4 ms, GC Workers: 8]
      [GC Worker Start (ms): Min: 30540.5, Avg: 30540.5, Max: 30540.5, Diff: 0.1]
      [Ext Root Scanning (ms): Min: 0.6, Avg: 0.7, Max: 0.7, Diff: 0.1, Sum: 5.4]
      [Update RS (ms): Min: 0.0, Avg: 0.0, Max: 0.0, Diff: 0.0, Sum: 0.1]
         [Processed Buffers: Min: 0, Avg: 1.0, Max: 5, Diff: 5, Sum: 8]
      [Scan RS (ms): Min: 0.4, Avg: 0.5, Max: 0.5, Diff: 0.1, Sum: 3.7]
      [Code Root Scanning (ms): Min: 0.0, Avg: 0.0, Max: 0.0, Diff: 0.0, Sum: 0.1]
      [Object Copy (ms): Min: 45.0, Avg: 45.1, Max: 45.1, Diff: 0.1, Sum: 360.5]
      [Termination (ms): Min: 0.0, Avg: 0.0, Max: 0.0, Diff: 0.0, Sum: 0.0]
      [GC Worker Other (ms): Min: 0.0, Avg: 0.1, Max: 0.1, Diff: 0.0, Sum: 0.4]
      [GC Worker Total (ms): Min: 46.2, Avg: 46.3, Max: 46.3, Diff: 0.1, Sum: 370.3]
      [GC Worker End (ms): Min: 30586.8, Avg: 30586.8, Max: 30586.8, Diff: 0.0]
   [Code Root Fixup: 0.1 ms]
   [Code Root Migration: 0.1 ms]
   [Clear CT: 0.5 ms]
   [Other: 0.9 ms]
      [Choose CSet: 0.0 ms]
      [Ref Proc: 0.1 ms]
      [Ref Enq: 0.0 ms]
      [Free CSet: 0.7 ms]
   [Eden: 1024.0M(1024.0M)->0.0B(1028.0M) Survivors: 95.0M->91.0M Heap: 1578.1M(1887.0M)->550.2M(1887.0M)]
 [Times: user=0.38 sys=0.00, real=0.05 secs] 
30.590: Total time for which application threads were stopped: 0.0496930 seconds, Stopping threads took: 0.0000510 seconds
31.108: Application time: 0.5183780 seconds
31.109: [GC pause (young), 0.0521850 secs]
   [Parallel Time: 50.6 ms, GC Workers: 8]
      [GC Worker Start (ms): Min: 31108.6, Avg: 31108.6, Max: 31108.6, Diff: 0.1]
      [Ext Root Scanning (ms): Min: 0.6, Avg: 0.7, Max: 0.7, Diff: 0.1, Sum: 5.2]
      [Update RS (ms): Min: 0.0, Avg: 0.0, Max: 0.0, Diff: 0.0, Sum: 0.1]
         [Processed Buffers: Min: 0, Avg: 1.1, Max: 4, Diff: 4, Sum: 9]
      [Scan RS (ms): Min: 0.3, Avg: 0.4, Max: 0.5, Diff: 0.2, Sum: 3.6]
      [Code Root Scanning (ms): Min: 0.0, Avg: 0.0, Max: 0.0, Diff: 0.0, Sum: 0.1]
      [Object Copy (ms): Min: 49.3, Avg: 49.4, Max: 49.4, Diff: 0.1, Sum: 394.9]
      [Termination (ms): Min: 0.0, Avg: 0.0, Max: 0.0, Diff: 0.0, Sum: 0.0]
      [GC Worker Other (ms): Min: 0.0, Avg: 0.1, Max: 0.1, Diff: 0.0, Sum: 0.5]
      [GC Worker Total (ms): Min: 50.5, Avg: 50.5, Max: 50.6, Diff: 0.1, Sum: 404.4]
      [GC Worker End (ms): Min: 31159.1, Avg: 31159.1, Max: 31159.2, Diff: 0.0]
   [Code Root Fixup: 0.1 ms]
   [Code Root Migration: 0.1 ms]
   [Clear CT: 0.5 ms]
   [Other: 0.8 ms]
      [Choose CSet: 0.0 ms]
      [Ref Proc: 0.1 ms]
      [Ref Enq: 0.0 ms]
      [Free CSet: 0.6 ms]
   [Eden: 1028.0M(1028.0M)->0.0B(1020.0M) Survivors: 91.0M->97.0M Heap: 1578.2M(1887.0M)->556.7M(1887.0M)]
 [Times: user=0.41 sys=0.00, real=0.05 secs] 
31.161: Total time for which application threads were stopped: 0.0523820 seconds, Stopping threads took: 0.0000700 seconds
31.678: Application time: 0.5168910 seconds
31.678: [GC pause (young), 0.0524490 secs]
   [Parallel Time: 50.9 ms, GC Workers: 8]
      [GC Worker Start (ms): Min: 31677.9, Avg: 31678.8, Max: 31681.6, Diff: 3.7]
      [Ext Root Scanning (ms): Min: 0.0, Avg: 0.5, Max: 0.8, Diff: 0.8, Sum: 4.2]
      [Update RS (ms): Min: 0.0, Avg: 0.0, Max: 0.1, Diff: 0.1, Sum: 0.1]
         [Processed Buffers: Min: 0, Avg: 0.9, Max: 5, Diff: 5, Sum: 7]
      [Scan RS (ms): Min: 0.2, Avg: 0.3, Max: 0.5, Diff: 0.3, Sum: 2.8]
      [Code Root Scanning (ms): Min: 0.0, Avg: 0.0, Max: 0.0, Diff: 0.0, Sum: 0.0]
      [Object Copy (ms): Min: 46.9, Avg: 49.0, Max: 49.7, Diff: 2.8, Sum: 391.8]
      [Termination (ms): Min: 0.0, Avg: 0.0, Max: 0.0, Diff: 0.0, Sum: 0.0]
      [GC Worker Other (ms): Min: 0.0, Avg: 0.1, Max: 0.1, Diff: 0.0, Sum: 0.5]
      [GC Worker Total (ms): Min: 47.1, Avg: 49.9, Max: 50.9, Diff: 3.7, Sum: 399.4]
      [GC Worker End (ms): Min: 31728.7, Avg: 31728.7, Max: 31728.8, Diff: 0.0]
   [Code Root Fixup: 0.2 ms]
   [Code Root Migration: 0.1 ms]
   [Clear CT: 0.5 ms]
   [Other: 0.8 ms]
      [Choose CSet: 0.0 ms]
      [Ref Proc: 0.1 ms]
      [Ref Enq: 0.0 ms]
      [Free CSet: 0.6 ms]
   [Eden: 1020.0M(1020.0M)->0.0B(1020.0M) Survivors: 97.0M->96.0M Heap: 1576.7M(1887.0M)->555.7M(1887.0M)]
 [Times: user=0.41 sys=0.00, real=0.05 secs] 
31.730: Total time for which application threads were stopped: 0.0527070 seconds, Stopping threads took: 0.0000600 seconds
32.243: Application time: 0.5127810 seconds
32.243: [GC pause (young), 0.0445670 secs]
   [Parallel Time: 43.0 ms, GC Workers: 8]
      [GC Worker Start (ms): Min: 32243.3, Avg: 32243.6, Max: 32245.5, Diff: 2.2]
      [Ext Root Scanning (ms): Min: 0.0, Avg: 0.6, Max: 0.8, Diff: 0.8, Sum: 4.8]
      [Update RS (ms): Min: 0.0, Avg: 0.0, Max: 0.1, Diff: 0.1, Sum: 0.1]
         [Processed Buffers: Min: 0, Avg: 1.0, Max: 4, Diff: 4, Sum: 8]
      [Scan RS (ms): Min: 0.0, Avg: 0.4, Max: 0.5, Diff: 0.5, Sum: 3.1]
      [Code Root Scanning (ms): Min: 0.0, Avg: 0.0, Max: 0.0, Diff: 0.0, Sum: 0.1]
      [Object Copy (ms): Min: 40.6, Avg: 41.6, Max: 41.8, Diff: 1.1, Sum: 332.7]
      [Termination (ms): Min: 0.0, Avg: 0.0, Max: 0.0, Diff: 0.0, Sum: 0.0]
      [GC Worker Other (ms): Min: 0.0, Avg: 0.0, Max: 0.1, Diff: 0.0, Sum: 0.4]
      [GC Worker Total (ms): Min: 40.7, Avg: 42.6, Max: 43.0, Diff: 2.2, Sum: 341.2]
      [GC Worker End (ms): Min: 32286.3, Avg: 32286.3, Max: 32286.3, Diff: 0.0]
   [Code Root Fixup: 0.1 ms]
   [Code Root Migration: 0.1 ms]
   [Clear CT: 0.4 ms]
   [Other: 0.9 ms]
      [Choose CSet: 0.0 ms]
      [Ref Proc: 0.2 ms]
      [Ref Enq: 0.0 ms]
      [Free CSet: 0.6 ms]
   [Eden: 1020.0M(1020.0M)->0.0B(1037.0M) Survivors: 96.0M->83.0M Heap: 1575.7M(1887.0M)->542.2M(1887.0M)]
 [Times: user=0.34 sys=0.00, real=0.05 secs] 
32.288: Total time for which application threads were stopped: 0.0447630 seconds, Stopping threads took: 0.0000710 seconds
32.799: Application time: 0.5111390 seconds
32.799: [GC pause (young), 0.0495070 secs]
   [Parallel Time: 48.0 ms, GC Workers: 8]
      [GC Worker Start (ms): Min: 32799.2, Avg: 32799.5, Max: 32801.6, Diff: 2.3]
      [Ext Root Scanning (ms): Min: 0.0, Avg: 0.6, Max: 0.9, Diff: 0.9, Sum: 5.1]
      [Update RS (ms): Min: 0.0, Avg: 0.0, Max: 0.1, Diff: 0.1, Sum: 0.1]
         [Processed Buffers: Min: 0, Avg: 1.0, Max: 2, Diff: 2, Sum: 8]
      [Scan RS (ms): Min: 0.0, Avg: 0.4, Max: 0.5, Diff: 0.5, Sum: 3.1]
      [Code Root Scanning (ms): Min: 0.0, Avg: 0.0, Max: 0.0, Diff: 0.0, Sum: 0.1]
      [Object Copy (ms): Min: 45.5, Avg: 46.5, Max: 46.8, Diff: 1.3, Sum: 372.0]
      [Termination (ms): Min: 0.0, Avg: 0.0, Max: 0.0, Diff: 0.0, Sum: 0.0]
      [GC Worker Other (ms): Min: 0.0, Avg: 0.1, Max: 0.1, Diff: 0.0, Sum: 0.4]
      [GC Worker Total (ms): Min: 45.6, Avg: 47.6, Max: 47.9, Diff: 2.4, Sum: 380.9]
      [GC Worker End (ms): Min: 32847.1, Avg: 32847.1, Max: 32847.2, Diff: 0.0]
   [Code Root Fixup: 0.1 ms]
   [Code Root Migration: 0.1 ms]
   [Clear CT: 0.5 ms]
   [Other: 0.8 ms]
      [Choose CSet: 0.0 ms]
      [Ref Proc: 0.1 ms]
      [Ref Enq: 0.0 ms]
      [Free CSet: 0.6 ms]
   [Eden: 1037.0M(1037.0M)->0.0B(1026.0M) Survivors: 83.0M->94.0M Heap: 1579.2M(1887.0M)->553.2M(1887.0M)]
 [Times: user=0.39 sys=0.00, real=0.05 secs] 
32.849: Total time for which application threads were stopped: 0.0497010 seconds, Stopping threads took: 0.0000570 seconds
33.355: Application time: 0.5063830 seconds
33.355: [GC pause (young), 0.0546780 secs]
   [Parallel Time: 53.1 ms, GC Workers: 8]
      [GC Worker Start (ms): Min: 33355.3, Avg: 33355.3, Max: 33355.4, Diff: 0.1]
      [Ext Root Scanning (ms): Min: 0.6, Avg: 0.7, Max: 0.8, Diff: 0.2, Sum: 5.4]
      [Update RS (ms): Min: 0.0, Avg: 0.0, Max: 0.1, Diff: 0.1, Sum: 0.1]
         [Processed Buffers: Min: 0, Avg: 0.9, Max: 5, Diff: 5, Sum: 7]
      [Scan RS (ms): Min: 0.3, Avg: 0.5, Max: 0.5, Diff: 0.2, Sum: 3.6]
      [Code Root Scanning (ms): Min: 0.0, Avg: 0.0, Max: 0.0, Diff: 0.0, Sum: 0.1]
      [Object Copy (ms): Min: 51.8, Avg: 51.8, Max: 51.9, Diff: 0.1, Sum: 414.4]
      [Termination (ms): Min: 0.0, Avg: 0.0, Max: 0.0, Diff: 0.0, Sum: 0.0]
      [GC Worker Other (ms): Min: 0.0, Avg: 0.1, Max: 0.1, Diff: 0.0, Sum: 0.5]
      [GC Worker Total (ms): Min: 53.0, Avg: 53.0, Max: 53.1, Diff: 0.1, Sum: 424.0]
      [GC Worker End (ms): Min: 33408.3, Avg: 33408.3, Max: 33408.4, Diff: 0.0]
   [Code Root Fixup: 0.1 ms]
   [Code Root Migration: 0.1 ms]
   [Clear CT: 0.5 ms]
   [Other: 0.9 ms]
      [Choose CSet: 0.0 ms]
      [Ref Proc: 0.1 ms]
      [Ref Enq: 0.0 ms]
      [Free CSet: 0.7 ms]
   [Eden: 1026.0M(1026.0M)->0.0B(1014.0M) Survivors: 94.0M->103.0M Heap: 1579.2M(1887.0M)->562.2M(1887.0M)]
 [Times: user=0.43 sys=0.00, real=0.05 secs] 
33.410: Total time for which application threads were stopped: 0.0548500 seconds, Stopping threads took: 0.0000420 seconds
33.910: Application time: 0.5001170 seconds
33.910: [GC pause (young), 0.0594990 secs]
   [Parallel Time: 57.9 ms, GC Workers: 8]
      [GC Worker Start (ms): Min: 33910.3, Avg: 33910.3, Max: 33910.3, Diff: 0.1]
      [Ext Root Scanning (ms): Min: 0.6, Avg: 0.7, Max: 0.7, Diff: 0.1, Sum: 5.3]
      [Update RS (ms): Min: 0.0, Avg: 0.0, Max: 0.1, Diff: 0.1, Sum: 0.1]
         [Processed Buffers: Min: 0, Avg: 0.9, Max: 4, Diff: 4, Sum: 7]
      [Scan RS (ms): Min: 0.4, Avg: 0.4, Max: 0.5, Diff: 0.1, Sum: 3.5]
      [Code Root Scanning (ms): Min: 0.0, Avg: 0.0, Max: 0.0, Diff: 0.0, Sum: 0.1]
      [Object Copy (ms): Min: 56.6, Avg: 56.6, Max: 56.7, Diff: 0.1, Sum: 452.9]
      [Termination (ms): Min: 0.0, Avg: 0.0, Max: 0.0, Diff: 0.0, Sum: 0.0]
      [GC Worker Other (ms): Min: 0.0, Avg: 0.1, Max: 0.1, Diff: 0.0, Sum: 0.5]
      [GC Worker Total (ms): Min: 57.7, Avg: 57.8, Max: 57.8, Diff: 0.1, Sum: 462.4]
      [GC Worker End (ms): Min: 33968.1, Avg: 33968.1, Max: 33968.1, Diff: 0.0]
   [Code Root Fixup: 0.1 ms]
   [Code Root Migration: 0.1 ms]
   [Clear CT: 0.5 ms]
   [Other: 0.9 ms]
      [Choose CSet: 0.0 ms]
      [Ref Proc: 0.1 ms]
      [Ref Enq: 0.0 ms]
      [Free CSet: 0.7 ms]
   [Eden: 1014.0M(1014.0M)->0.0B(1008.0M) Survivors: 103.0M->105.0M Heap: 1576.2M(1887.0M)->564.7M(1887.0M)]
 [Times: user=0.46 sys=0.00, real=0.06 secs] 
33.970: Total time for which application threads were stopped: 0.0596850 seconds, Stopping threads took: 0.0000570 seconds
34.476: Application time: 0.5060090 seconds
34.476: [GC pause (young), 0.0521360 secs]
   [Parallel Time: 50.6 ms, GC Workers: 8]
      [GC Worker Start (ms): Min: 34475.9, Avg: 34476.2, Max: 34477.5, Diff: 1.6]
      [Ext Root Scanning (ms): Min: 0.0, Avg: 0.6, Max: 0.8, Diff: 0.8, Sum: 4.5]
      [Update RS (ms): Min: 0.0, Avg: 0.0, Max: 0.0, Diff: 0.0, Sum: 0.1]
         [Processed Buffers: Min: 0, Avg: 0.8, Max: 2, Diff: 2, Sum: 6]
      [Scan RS (ms): Min: 0.0, Avg: 0.4, Max: 0.5, Diff: 0.4, Sum: 2.9]
      [Code Root Scanning (ms): Min: 0.0, Avg: 0.0, Max: 0.0, Diff: 0.0, Sum: 0.1]
      [Object Copy (ms): Min: 48.9, Avg: 49.3, Max: 49.4, Diff: 0.6, Sum: 394.6]
      [Termination (ms): Min: 0.0, Avg: 0.0, Max: 0.0, Diff: 0.0, Sum: 0.0]
      [GC Worker Other (ms): Min: 0.0, Avg: 0.1, Max: 0.1, Diff: 0.1, Sum: 0.5]
      [GC Worker Total (ms): Min: 48.9, Avg: 50.3, Max: 50.6, Diff: 1.7, Sum: 402.6]
      [GC Worker End (ms): Min: 34526.5, Avg: 34526.5, Max: 34526.5, Diff: 0.1]
   [Code Root Fixup: 0.1 ms]
   [Code Root Migration: 0.1 ms]
   [Clear CT: 0.5 ms]
   [Other: 0.8 ms]
      [Choose CSet: 0.0 ms]
      [Ref Proc: 0.1 ms]
      [Ref Enq: 0.0 ms]
      [Free CSet: 0.6 ms]
   [Eden: 1008.0M(1008.0M)->0.0B(1019.0M) Survivors: 105.0M->93.0M Heap: 1572.7M(1887.0M)->552.3M(1887.0M)]
 [Times: user=0.40 sys=0.00, real=0.05 secs] 
34.528: Total time for which application threads were stopped: 0.0523000 seconds, Stopping threads took: 0.0000220 seconds
35.038: Application time: 0.5101430 seconds
35.038: [GC pause (young), 0.0433830 secs]
   [Parallel Time: 41.8 ms, GC Workers: 8]
      [GC Worker Start (ms): Min: 35038.4, Avg: 35038.4, Max: 35038.5, Diff: 0.1]
      [Ext Root Scanning (ms): Min: 0.6, Avg: 0.7, Max: 0.7, Diff: 0.1, Sum: 5.3]
      [Update RS (ms): Min: 0.0, Avg: 0.0, Max: 0.0, Diff: 0.0, Sum: 0.1]
         [Processed Buffers: Min: 0, Avg: 0.8, Max: 2, Diff: 2, Sum: 6]
      [Scan RS (ms): Min: 0.4, Avg: 0.4, Max: 0.5, Diff: 0.1, Sum: 3.5]
      [Code Root Scanning (ms): Min: 0.0, Avg: 0.0, Max: 0.0, Diff: 0.0, Sum: 0.1]
      [Object Copy (ms): Min: 40.5, Avg: 40.5, Max: 40.6, Diff: 0.0, Sum: 324.4]
      [Termination (ms): Min: 0.0, Avg: 0.0, Max: 0.0, Diff: 0.0, Sum: 0.0]
      [GC Worker Other (ms): Min: 0.0, Avg: 0.1, Max: 0.1, Diff: 0.1, Sum: 0.5]
      [GC Worker Total (ms): Min: 41.7, Avg: 41.7, Max: 41.8, Diff: 0.1, Sum: 333.9]
      [GC Worker End (ms): Min: 35080.1, Avg: 35080.2, Max: 35080.2, Diff: 0.1]
   [Code Root Fixup: 0.1 ms]
   [Code Root Migration: 0.1 ms]
   [Clear CT: 0.4 ms]
   [Other: 0.9 ms]
      [Choose CSet: 0.0 ms]
      [Ref Proc: 0.2 ms]
      [Ref Enq: 0.0 ms]
      [Free CSet: 0.6 ms]
   [Eden: 1019.0M(1019.0M)->0.0B(1040.0M) Survivors: 93.0M->77.0M Heap: 1571.3M(1887.0M)->536.8M(1887.0M)]
 [Times: user=0.34 sys=0.00, real=0.04 secs] 
35.082: Total time for which application threads were stopped: 0.0435410 seconds, Stopping threads took: 0.0000280 seconds
35.600: Application time: 0.5181590 seconds
35.600: [GC pause (young), 0.0436790 secs]
   [Parallel Time: 42.1 ms, GC Workers: 8]
      [GC Worker Start (ms): Min: 35600.1, Avg: 35600.2, Max: 35600.2, Diff: 0.1]
      [Ext Root Scanning (ms): Min: 0.6, Avg: 0.7, Max: 0.7, Diff: 0.1, Sum: 5.3]
      [Update RS (ms): Min: 0.0, Avg: 0.0, Max: 0.1, Diff: 0.1, Sum: 0.1]
         [Processed Buffers: Min: 0, Avg: 0.9, Max: 3, Diff: 3, Sum: 7]
      [Scan RS (ms): Min: 0.4, Avg: 0.4, Max: 0.5, Diff: 0.1, Sum: 3.5]
      [Code Root Scanning (ms): Min: 0.0, Avg: 0.0, Max: 0.0, Diff: 0.0, Sum: 0.1]
      [Object Copy (ms): Min: 40.8, Avg: 40.8, Max: 40.9, Diff: 0.0, Sum: 326.7]
      [Termination (ms): Min: 0.0, Avg: 0.0, Max: 0.0, Diff: 0.0, Sum: 0.0]
      [GC Worker Other (ms): Min: 0.0, Avg: 0.1, Max: 0.1, Diff: 0.1, Sum: 0.5]
      [GC Worker Total (ms): Min: 42.0, Avg: 42.0, Max: 42.1, Diff: 0.1, Sum: 336.2]
      [GC Worker End (ms): Min: 35642.2, Avg: 35642.2, Max: 35642.2, Diff: 0.1]
   [Code Root Fixup: 0.1 ms]
   [Code Root Migration: 0.1 ms]
   [Clear CT: 0.5 ms]
   [Other: 0.8 ms]
      [Choose CSet: 0.0 ms]
      [Ref Proc: 0.1 ms]
      [Ref Enq: 0.0 ms]
      [Free CSet: 0.6 ms]
   [Eden: 1040.0M(1040.0M)->0.0B(1038.0M) Survivors: 77.0M->82.0M Heap: 1576.8M(1887.0M)->541.8M(1887.0M)]
 [Times: user=0.34 sys=0.00, real=0.04 secs] 
35.644: Total time for which application threads were stopped: 0.0438580 seconds, Stopping threads took: 0.0000320 seconds
36.162: Application time: 0.5181840 seconds
36.162: [GC pause (young), 0.0476150 secs]
   [Parallel Time: 46.2 ms, GC Workers: 8]
      [GC Worker Start (ms): Min: 36162.2, Avg: 36162.2, Max: 36162.2, Diff: 0.1]
      [Ext Root Scanning (ms): Min: 0.6, Avg: 0.7, Max: 0.7, Diff: 0.1, Sum: 5.3]
      [Update RS (ms): Min: 0.0, Avg: 0.0, Max: 0.1, Diff: 0.1, Sum: 0.1]
         [Processed Buffers: Min: 0, Avg: 0.8, Max: 3, Diff: 3, Sum: 6]
      [Scan RS (ms): Min: 0.4, Avg: 0.4, Max: 0.5, Diff: 0.1, Sum: 3.5]
      [Code Root Scanning (ms): Min: 0.0, Avg: 0.0, Max: 0.0, Diff: 0.0, Sum: 0.1]
      [Object Copy (ms): Min: 44.9, Avg: 44.9, Max: 44.9, Diff: 0.0, Sum: 359.3]
      [Termination (ms): Min: 0.0, Avg: 0.0, Max: 0.0, Diff: 0.0, Sum: 0.0]
      [GC Worker Other (ms): Min: 0.0, Avg: 0.1, Max: 0.1, Diff: 0.0, Sum: 0.5]
      [GC Worker Total (ms): Min: 46.1, Avg: 46.1, Max: 46.1, Diff: 0.1, Sum: 368.8]
      [GC Worker End (ms): Min: 36208.3, Avg: 36208.3, Max: 36208.3, Diff: 0.0]
   [Code Root Fixup: 0.1 ms]
   [Code Root Migration: 0.1 ms]
   [Clear CT: 0.4 ms]
   [Other: 0.8 ms]
      [Choose CSet: 0.0 ms]
      [Ref Proc: 0.1 ms]
      [Ref Enq: 0.0 ms]
      [Free CSet: 0.6 ms]
   [Eden: 1038.0M(1038.0M)->0.0B(1034.0M) Survivors: 82.0M->86.0M Heap: 1579.8M(1887.0M)->545.8M(1887.0M)]
 [Times: user=0.38 sys=0.00, real=0.05 secs] 
36.210: Total time for which application threads were stopped: 0.0477880 seconds, Stopping threads took: 0.0000400 seconds
36.716: Application time: 0.5060450 seconds
36.716: [GC pause (young), 0.0487180 secs]
   [Parallel Time: 47.1 ms, GC Workers: 8]
      [GC Worker Start (ms): Min: 36716.0, Avg: 36716.0, Max: 36716.1, Diff: 0.1]
      [Ext Root Scanning (ms): Min: 0.6, Avg: 0.7, Max: 0.7, Diff: 0.1, Sum: 5.3]
      [Update RS (ms): Min: 0.0, Avg: 0.0, Max: 0.1, Diff: 0.1, Sum: 0.1]
         [Processed Buffers: Min: 0, Avg: 1.0, Max: 3, Diff: 3, Sum: 8]
      [Scan RS (ms): Min: 0.4, Avg: 0.4, Max: 0.5, Diff: 0.1, Sum: 3.5]
      [Code Root Scanning (ms): Min: 0.0, Avg: 0.0, Max: 0.0, Diff: 0.0, Sum: 0.1]
      [Object Copy (ms): Min: 45.9, Avg: 45.9, Max: 45.9, Diff: 0.0, Sum: 367.1]
      [Termination (ms): Min: 0.0, Avg: 0.0, Max: 0.0, Diff: 0.0, Sum: 0.0]
      [GC Worker Other (ms): Min: 0.0, Avg: 0.1, Max: 0.1, Diff: 0.0, Sum: 0.4]
      [GC Worker Total (ms): Min: 47.0, Avg: 47.1, Max: 47.1, Diff: 0.1, Sum: 376.5]
      [GC Worker End (ms): Min: 36763.1, Avg: 36763.1, Max: 36763.1, Diff: 0.0]
   [Code Root Fixup: 0.1 ms]
   [Code Root Migration: 0.1 ms]
   [Clear CT: 0.5 ms]
   [Other: 0.8 ms]
      [Choose CSet: 0.0 ms]
      [Ref Proc: 0.1 ms]
      [Ref Enq: 0.0 ms]
      [Free CSet: 0.6 ms]
   [Eden: 1034.0M(1034.0M)->0.0B(1029.0M) Survivors: 86.0M->90.0M Heap: 1579.8M(1887.0M)->549.8M(1887.0M)]
 [Times: user=0.38 sys=0.00, real=0.04 secs] 
36.765: Total time for which application threads were stopped: 0.0489250 seconds, Stopping threads took: 0.0000710 seconds
37.275: Application time: 0.5099340 seconds
37.275: [GC pause (young), 0.0519560 secs]
   [Parallel Time: 50.4 ms, GC Workers: 8]
      [GC Worker Start (ms): Min: 37274.9, Avg: 37274.9, Max: 37274.9, Diff: 0.1]
      [Ext Root Scanning (ms): Min: 0.5, Avg: 0.6, Max: 0.7, Diff: 0.1, Sum: 5.1]
      [Update RS (ms): Min: 0.0, Avg: 0.0, Max: 0.1, Diff: 0.1, Sum: 0.1]
         [Processed Buffers: Min: 0, Avg: 0.8, Max: 3, Diff: 3, Sum: 6]
      [Scan RS (ms): Min: 0.4, Avg: 0.4, Max: 0.5, Diff: 0.1, Sum: 3.6]
      [Code Root Scanning (ms): Min: 0.0, Avg: 0.0, Max: 0.0, Diff: 0.0, Sum: 0.1]
      [Object Copy (ms): Min: 49.2, Avg: 49.2, Max: 49.2, Diff: 0.1, Sum: 393.6]
      [Termination (ms): Min: 0.0, Avg: 0.0, Max: 0.0, Diff: 0.0, Sum: 0.0]
      [GC Worker Other (ms): Min: 0.0, Avg: 0.1, Max: 0.1, Diff: 0.0, Sum: 0.5]
      [GC Worker Total (ms): Min: 50.3, Avg: 50.4, Max: 50.4, Diff: 0.1, Sum: 403.0]
      [GC Worker End (ms): Min: 37325.3, Avg: 37325.3, Max: 37325.3, Diff: 0.0]
   [Code Root Fixup: 0.1 ms]
   [Code Root Migration: 0.1 ms]
   [Clear CT: 0.5 ms]
   [Other: 0.8 ms]
      [Choose CSet: 0.0 ms]
      [Ref Proc: 0.1 ms]
      [Ref Enq: 0.0 ms]
      [Free CSet: 0.6 ms]
   [Eden: 1029.0M(1029.0M)->0.0B(1025.0M) Survivors: 90.0M->93.0M Heap: 1578.8M(1887.0M)->552.3M(1887.0M)]
 [Times: user=0.40 sys=0.01, real=0.05 secs] 
37.327: Total time for which application threads were stopped: 0.0521450 seconds, Stopping threads took: 0.0000580 seconds
37.819: Application time: 0.4917970 seconds
37.819: [GC pause (young), 0.0486420 secs]
   [Parallel Time: 47.2 ms, GC Workers: 8]
      [GC Worker Start (ms): Min: 37818.9, Avg: 37818.9, Max: 37818.9, Diff: 0.1]
      [Ext Root Scanning (ms): Min: 0.6, Avg: 0.7, Max: 0.7, Diff: 0.1, Sum: 5.5]
      [Update RS (ms): Min: 0.0, Avg: 0.0, Max: 0.1, Diff: 0.1, Sum: 0.1]
         [Processed Buffers: Min: 0, Avg: 0.8, Max: 3, Diff: 3, Sum: 6]
      [Scan RS (ms): Min: 0.4, Avg: 0.4, Max: 0.5, Diff: 0.0, Sum: 3.6]
      [Code Root Scanning (ms): Min: 0.0, Avg: 0.0, Max: 0.0, Diff: 0.0, Sum: 0.1]
      [Object Copy (ms): Min: 45.9, Avg: 45.9, Max: 45.9, Diff: 0.0, Sum: 367.4]
      [Termination (ms): Min: 0.0, Avg: 0.0, Max: 0.0, Diff: 0.0, Sum: 0.0]
      [GC Worker Other (ms): Min: 0.0, Avg: 0.0, Max: 0.1, Diff: 0.0, Sum: 0.4]
      [GC Worker Total (ms): Min: 47.1, Avg: 47.1, Max: 47.1, Diff: 0.0, Sum: 377.0]
      [GC Worker End (ms): Min: 37866.0, Avg: 37866.0, Max: 37866.0, Diff: 0.0]
   [Code Root Fixup: 0.1 ms]
   [Code Root Migration: 0.1 ms]
   [Clear CT: 0.4 ms]
   [Other: 0.8 ms]
      [Choose CSet: 0.0 ms]
      [Ref Proc: 0.1 ms]
      [Ref Enq: 0.0 ms]
      [Free CSet: 0.6 ms]
   [Eden: 1025.0M(1025.0M)->0.0B(1026.0M) Survivors: 93.0M->91.0M Heap: 1577.3M(1887.0M)->550.8M(1887.0M)]
 [Times: user=0.38 sys=0.00, real=0.05 secs] 
37.868: Total time for which application threads were stopped: 0.0488800 seconds, Stopping threads took: 0.0001030 seconds
38.365: Application time: 0.4977240 seconds
38.365: [GC pause (young), 0.0607040 secs]
   [Parallel Time: 59.1 ms, GC Workers: 8]
      [GC Worker Start (ms): Min: 38365.4, Avg: 38365.4, Max: 38365.5, Diff: 0.1]
      [Ext Root Scanning (ms): Min: 0.6, Avg: 0.7, Max: 0.7, Diff: 0.1, Sum: 5.3]
      [Update RS (ms): Min: 0.0, Avg: 0.0, Max: 0.1, Diff: 0.1, Sum: 0.1]
         [Processed Buffers: Min: 0, Avg: 1.0, Max: 3, Diff: 3, Sum: 8]
      [Scan RS (ms): Min: 0.3, Avg: 0.4, Max: 0.5, Diff: 0.1, Sum: 3.4]
      [Code Root Scanning (ms): Min: 0.0, Avg: 0.0, Max: 0.0, Diff: 0.0, Sum: 0.1]
      [Object Copy (ms): Min: 57.8, Avg: 57.9, Max: 58.0, Diff: 0.1, Sum: 462.9]
      [Termination (ms): Min: 0.0, Avg: 0.0, Max: 0.0, Diff: 0.0, Sum: 0.1]
      [GC Worker Other (ms): Min: 0.0, Avg: 0.1, Max: 0.1, Diff: 0.1, Sum: 0.5]
      [GC Worker Total (ms): Min: 59.0, Avg: 59.1, Max: 59.1, Diff: 0.1, Sum: 472.4]
      [GC Worker End (ms): Min: 38424.5, Avg: 38424.5, Max: 38424.5, Diff: 0.0]
   [Code Root Fixup: 0.1 ms]
   [Code Root Migration: 0.1 ms]
   [Clear CT: 0.4 ms]
   [Other: 0.9 ms]
      [Choose CSet: 0.0 ms]
      [Ref Proc: 0.1 ms]
      [Ref Enq: 0.0 ms]
      [Free CSet: 0.6 ms]
   [Eden: 1026.0M(1026.0M)->0.0B(998.0M) Survivors: 91.0M->113.0M Heap: 1576.8M(1887.0M)->572.3M(1887.0M)]
 [Times: user=0.47 sys=0.00, real=0.07 secs] 
38.426: Total time for which application threads were stopped: 0.0608860 seconds, Stopping threads took: 0.0000540 seconds
38.922: Application time: 0.4956290 seconds
38.922: [GC pause (young), 0.0626680 secs]
   [Parallel Time: 61.2 ms, GC Workers: 8]
      [GC Worker Start (ms): Min: 38922.0, Avg: 38923.4, Max: 38929.6, Diff: 7.6]
      [Ext Root Scanning (ms): Min: 0.0, Avg: 0.6, Max: 0.9, Diff: 0.9, Sum: 5.1]
      [Update RS (ms): Min: 0.0, Avg: 0.0, Max: 0.1, Diff: 0.1, Sum: 0.1]
         [Processed Buffers: Min: 0, Avg: 1.0, Max: 6, Diff: 6, Sum: 8]
      [Scan RS (ms): Min: 0.1, Avg: 0.4, Max: 0.6, Diff: 0.4, Sum: 3.1]
      [Code Root Scanning (ms): Min: 0.0, Avg: 0.0, Max: 0.0, Diff: 0.0, Sum: 0.1]
      [Object Copy (ms): Min: 53.2, Avg: 58.6, Max: 59.8, Diff: 6.6, Sum: 469.1]
      [Termination (ms): Min: 0.0, Avg: 0.0, Max: 0.0, Diff: 0.0, Sum: 0.0]
      [GC Worker Other (ms): Min: 0.0, Avg: 0.1, Max: 0.1, Diff: 0.0, Sum: 0.4]
      [GC Worker Total (ms): Min: 53.5, Avg: 59.7, Max: 61.2, Diff: 7.6, Sum: 477.9]
      [GC Worker End (ms): Min: 38983.1, Avg: 38983.1, Max: 38983.2, Diff: 0.0]
   [Code Root Fixup: 0.1 ms]
   [Code Root Migration: 0.1 ms]
   [Clear CT: 0.4 ms]
   [Other: 0.8 ms]
      [Choose CSet: 0.0 ms]
      [Ref Proc: 0.1 ms]
      [Ref Enq: 0.0 ms]
      [Free CSet: 0.6 ms]
   [Eden: 998.0M(998.0M)->0.0B(993.0M) Survivors: 113.0M->113.0M Heap: 1570.3M(1887.0M)->572.8M(1887.0M)]
 [Times: user=0.48 sys=0.00, real=0.06 secs] 
38.985: Total time for which application threads were stopped: 0.0629130 seconds, Stopping threads took: 0.0001030 seconds
39.477: Application time: 0.4923100 seconds
39.477: [GC pause (young), 0.0585400 secs]
   [Parallel Time: 57.0 ms, GC Workers: 8]
      [GC Worker Start (ms): Min: 39477.1, Avg: 39477.2, Max: 39477.5, Diff: 0.4]
      [Ext Root Scanning (ms): Min: 0.5, Avg: 0.6, Max: 0.7, Diff: 0.2, Sum: 4.9]
      [Update RS (ms): Min: 0.0, Avg: 0.0, Max: 0.1, Diff: 0.1, Sum: 0.1]
         [Processed Buffers: Min: 0, Avg: 1.4, Max: 5, Diff: 5, Sum: 11]
      [Scan RS (ms): Min: 0.3, Avg: 0.4, Max: 0.5, Diff: 0.2, Sum: 3.4]
      [Code Root Scanning (ms): Min: 0.0, Avg: 0.0, Max: 0.0, Diff: 0.0, Sum: 0.1]
      [Object Copy (ms): Min: 55.7, Avg: 55.8, Max: 55.8, Diff: 0.1, Sum: 446.2]
      [Termination (ms): Min: 0.0, Avg: 0.0, Max: 0.0, Diff: 0.0, Sum: 0.0]
      [GC Worker Other (ms): Min: 0.0, Avg: 0.0, Max: 0.1, Diff: 0.0, Sum: 0.4]
      [GC Worker Total (ms): Min: 56.6, Avg: 56.9, Max: 57.0, Diff: 0.4, Sum: 455.1]
      [GC Worker End (ms): Min: 39534.1, Avg: 39534.1, Max: 39534.1, Diff: 0.0]
   [Code Root Fixup: 0.1 ms]
   [Code Root Migration: 0.1 ms]
   [Clear CT: 0.5 ms]
   [Other: 0.8 ms]
      [Choose CSet: 0.0 ms]
      [Ref Proc: 0.1 ms]
      [Ref Enq: 0.0 ms]
      [Free CSet: 0.6 ms]
   [Eden: 993.0M(993.0M)->0.0B(1001.0M) Survivors: 113.0M->103.0M Heap: 1565.8M(1887.0M)->562.8M(1887.0M)]
 [Times: user=0.46 sys=0.00, real=0.06 secs] 
39.536: Total time for which application threads were stopped: 0.0586850 seconds, Stopping threads took: 0.0000140 seconds
40.037: Application time: 0.5010110 seconds
40.037: [GC pause (young), 0.0536380 secs]
   [Parallel Time: 52.1 ms, GC Workers: 8]
      [GC Worker Start (ms): Min: 40036.9, Avg: 40036.9, Max: 40036.9, Diff: 0.1]
      [Ext Root Scanning (ms): Min: 0.6, Avg: 0.7, Max: 0.7, Diff: 0.1, Sum: 5.3]
      [Update RS (ms): Min: 0.0, Avg: 0.0, Max: 0.1, Diff: 0.1, Sum: 0.1]
         [Processed Buffers: Min: 0, Avg: 0.9, Max: 3, Diff: 3, Sum: 7]
      [Scan RS (ms): Min: 0.4, Avg: 0.4, Max: 0.4, Diff: 0.1, Sum: 3.3]
      [Code Root Scanning (ms): Min: 0.0, Avg: 0.0, Max: 0.0, Diff: 0.0, Sum: 0.1]
      [Object Copy (ms): Min: 50.8, Avg: 50.9, Max: 50.9, Diff: 0.0, Sum: 406.8]
      [Termination (ms): Min: 0.0, Avg: 0.0, Max: 0.0, Diff: 0.0, Sum: 0.0]
      [GC Worker Other (ms): Min: 0.0, Avg: 0.1, Max: 0.1, Diff: 0.1, Sum: 0.5]
      [GC Worker Total (ms): Min: 52.0, Avg: 52.0, Max: 52.0, Diff: 0.1, Sum: 416.1]
      [GC Worker End (ms): Min: 40088.9, Avg: 40088.9, Max: 40088.9, Diff: 0.1]
   [Code Root Fixup: 0.1 ms]
   [Code Root Migration: 0.1 ms]
   [Clear CT: 0.5 ms]
   [Other: 0.9 ms]
      [Choose CSet: 0.0 ms]
      [Ref Proc: 0.2 ms]
      [Ref Enq: 0.0 ms]
      [Free CSet: 0.6 ms]
   [Eden: 1001.0M(1001.0M)->0.0B(1011.0M) Survivors: 103.0M->94.0M Heap: 1563.8M(1887.0M)->553.8M(1887.0M)]
 [Times: user=0.42 sys=0.00, real=0.05 secs] 
40.091: Total time for which application threads were stopped: 0.0538390 seconds, Stopping threads took: 0.0000690 seconds
40.606: Application time: 0.5155820 seconds
40.606: [GC pause (young), 0.0475840 secs]
   [Parallel Time: 46.2 ms, GC Workers: 8]
      [GC Worker Start (ms): Min: 40606.3, Avg: 40606.3, Max: 40606.3, Diff: 0.1]
      [Ext Root Scanning (ms): Min: 0.6, Avg: 0.6, Max: 0.7, Diff: 0.1, Sum: 5.1]
      [Update RS (ms): Min: 0.0, Avg: 0.0, Max: 0.1, Diff: 0.1, Sum: 0.1]
         [Processed Buffers: Min: 0, Avg: 0.9, Max: 4, Diff: 4, Sum: 7]
      [Scan RS (ms): Min: 0.4, Avg: 0.4, Max: 0.4, Diff: 0.0, Sum: 3.4]
      [Code Root Scanning (ms): Min: 0.0, Avg: 0.0, Max: 0.0, Diff: 0.0, Sum: 0.1]
      [Object Copy (ms): Min: 44.9, Avg: 45.0, Max: 45.0, Diff: 0.1, Sum: 359.6]
      [Termination (ms): Min: 0.0, Avg: 0.0, Max: 0.0, Diff: 0.0, Sum: 0.0]
      [GC Worker Other (ms): Min: 0.0, Avg: 0.1, Max: 0.1, Diff: 0.0, Sum: 0.5]
      [GC Worker Total (ms): Min: 46.1, Avg: 46.1, Max: 46.1, Diff: 0.1, Sum: 368.8]
      [GC Worker End (ms): Min: 40652.4, Avg: 40652.4, Max: 40652.4, Diff: 0.0]
   [Code Root Fixup: 0.1 ms]
   [Code Root Migration: 0.1 ms]
   [Clear CT: 0.4 ms]
   [Other: 0.8 ms]
      [Choose CSet: 0.0 ms]
      [Ref Proc: 0.1 ms]
      [Ref Enq: 0.0 ms]
      [Free CSet: 0.6 ms]
   [Eden: 1011.0M(1011.0M)->0.0B(1026.0M) Survivors: 94.0M->83.0M Heap: 1564.8M(1887.0M)->542.3M(1887.0M)]
 [Times: user=0.37 sys=0.00, real=0.05 secs] 
40.656: Total time for which application threads were stopped: 0.0493490 seconds, Stopping threads took: 0.0000540 seconds
41.207: Application time: 0.5519970 seconds
41.208: [GC pause (young), 0.0351500 secs]
   [Parallel Time: 33.6 ms, GC Workers: 8]
      [GC Worker Start (ms): Min: 41207.6, Avg: 41207.7, Max: 41208.1, Diff: 0.4]
      [Ext Root Scanning (ms): Min: 0.6, Avg: 2.3, Max: 13.6, Diff: 13.0, Sum: 18.6]
      [Update RS (ms): Min: 0.0, Avg: 0.0, Max: 0.1, Diff: 0.1, Sum: 0.1]
         [Processed Buffers: Min: 0, Avg: 1.0, Max: 3, Diff: 3, Sum: 8]
      [Scan RS (ms): Min: 0.3, Avg: 0.4, Max: 0.5, Diff: 0.3, Sum: 3.4]
      [Code Root Scanning (ms): Min: 0.0, Avg: 0.0, Max: 0.0, Diff: 0.0, Sum: 0.1]
      [Object Copy (ms): Min: 19.2, Avg: 30.6, Max: 32.3, Diff: 13.1, Sum: 245.0]
      [Termination (ms): Min: 0.0, Avg: 0.0, Max: 0.0, Diff: 0.0, Sum: 0.0]
      [GC Worker Other (ms): Min: 0.0, Avg: 0.1, Max: 0.1, Diff: 0.1, Sum: 0.5]
      [GC Worker Total (ms): Min: 33.1, Avg: 33.5, Max: 33.6, Diff: 0.4, Sum: 267.7]
      [GC Worker End (ms): Min: 41241.1, Avg: 41241.2, Max: 41241.2, Diff: 0.1]
   [Code Root Fixup: 0.1 ms]
   [Code Root Migration: 0.1 ms]
   [Clear CT: 0.5 ms]
   [Other: 0.9 ms]
      [Choose CSet: 0.0 ms]
      [Ref Proc: 0.1 ms]
      [Ref Enq: 0.0 ms]
      [Free CSet: 0.7 ms]
   [Eden: 1026.0M(1026.0M)->0.0B(1065.0M) Survivors: 83.0M->56.0M Heap: 1568.3M(1887.0M)->515.9M(1887.0M)]
 [Times: user=0.26 sys=0.00, real=0.03 secs] 
41.243: Total time for which application threads were stopped: 0.0353240 seconds, Stopping threads took: 0.0000420 seconds
41.758: Application time: 0.5154610 seconds
41.758: [GC pause (young), 0.0266650 secs]
   [Parallel Time: 25.1 ms, GC Workers: 8]
      [GC Worker Start (ms): Min: 41758.5, Avg: 41758.5, Max: 41758.5, Diff: 0.1]
      [Ext Root Scanning (ms): Min: 0.7, Avg: 0.7, Max: 0.7, Diff: 0.1, Sum: 5.6]
      [Update RS (ms): Min: 0.0, Avg: 0.0, Max: 0.1, Diff: 0.1, Sum: 0.1]
         [Processed Buffers: Min: 0, Avg: 0.8, Max: 3, Diff: 3, Sum: 6]
      [Scan RS (ms): Min: 0.4, Avg: 0.5, Max: 0.5, Diff: 0.1, Sum: 3.8]
      [Code Root Scanning (ms): Min: 0.0, Avg: 0.0, Max: 0.0, Diff: 0.0, Sum: 0.1]
      [Object Copy (ms): Min: 23.7, Avg: 23.8, Max: 23.8, Diff: 0.1, Sum: 190.0]
      [Termination (ms): Min: 0.0, Avg: 0.0, Max: 0.0, Diff: 0.0, Sum: 0.0]
      [GC Worker Other (ms): Min: 0.0, Avg: 0.1, Max: 0.1, Diff: 0.0, Sum: 0.4]
      [GC Worker Total (ms): Min: 25.0, Avg: 25.0, Max: 25.1, Diff: 0.1, Sum: 200.1]
      [GC Worker End (ms): Min: 41783.5, Avg: 41783.5, Max: 41783.5, Diff: 0.0]
   [Code Root Fixup: 0.1 ms]
   [Code Root Migration: 0.1 ms]
   [Clear CT: 0.5 ms]
   [Other: 0.9 ms]
      [Choose CSet: 0.0 ms]
      [Ref Proc: 0.1 ms]
      [Ref Enq: 0.0 ms]
      [Free CSet: 0.7 ms]
   [Eden: 1065.0M(1065.0M)->0.0B(1075.0M) Survivors: 56.0M->53.0M Heap: 1580.9M(1887.0M)->512.9M(1887.0M)]
 [Times: user=0.20 sys=0.00, real=0.02 secs] 
41.785: Total time for which application threads were stopped: 0.0268660 seconds, Stopping threads took: 0.0000730 seconds
42.290: Application time: 0.5046700 seconds
42.290: [GC pause (young), 0.0458290 secs]
   [Parallel Time: 44.2 ms, GC Workers: 8]
      [GC Worker Start (ms): Min: 42290.0, Avg: 42290.4, Max: 42293.6, Diff: 3.6]
      [Ext Root Scanning (ms): Min: 0.0, Avg: 0.6, Max: 0.8, Diff: 0.8, Sum: 5.0]
      [Update RS (ms): Min: 0.0, Avg: 0.0, Max: 0.1, Diff: 0.1, Sum: 0.1]
         [Processed Buffers: Min: 0, Avg: 0.9, Max: 4, Diff: 4, Sum: 7]
      [Scan RS (ms): Min: 0.2, Avg: 0.4, Max: 0.5, Diff: 0.3, Sum: 3.4]
      [Code Root Scanning (ms): Min: 0.0, Avg: 0.0, Max: 0.0, Diff: 0.0, Sum: 0.1]
      [Object Copy (ms): Min: 40.2, Avg: 42.5, Max: 43.0, Diff: 2.8, Sum: 340.1]
      [Termination (ms): Min: 0.0, Avg: 0.0, Max: 0.0, Diff: 0.0, Sum: 0.0]
      [GC Worker Other (ms): Min: 0.0, Avg: 0.1, Max: 0.1, Diff: 0.1, Sum: 0.5]
      [GC Worker Total (ms): Min: 40.5, Avg: 43.7, Max: 44.1, Diff: 3.6, Sum: 349.2]
      [GC Worker End (ms): Min: 42334.1, Avg: 42334.1, Max: 42334.1, Diff: 0.1]
   [Code Root Fixup: 0.1 ms]
   [Code Root Migration: 0.1 ms]
   [Clear CT: 0.5 ms]
   [Other: 0.9 ms]
      [Choose CSet: 0.0 ms]
      [Ref Proc: 0.2 ms]
      [Ref Enq: 0.0 ms]
      [Free CSet: 0.7 ms]
   [Eden: 1075.0M(1075.0M)->0.0B(1025.0M) Survivors: 53.0M->94.0M Heap: 1587.9M(1887.0M)->553.4M(1887.0M)]
 [Times: user=0.35 sys=0.01, real=0.05 secs] 
42.336: Total time for which application threads were stopped: 0.0460220 seconds, Stopping threads took: 0.0000560 seconds
42.834: Application time: 0.4977270 seconds
42.834: [GC pause (young), 0.0630290 secs]
   [Parallel Time: 61.3 ms, GC Workers: 8]
      [GC Worker Start (ms): Min: 42833.7, Avg: 42833.7, Max: 42833.8, Diff: 0.1]
      [Ext Root Scanning (ms): Min: 0.6, Avg: 0.6, Max: 0.7, Diff: 0.1, Sum: 5.2]
      [Update RS (ms): Min: 0.0, Avg: 0.0, Max: 0.0, Diff: 0.0, Sum: 0.1]
         [Processed Buffers: Min: 0, Avg: 0.8, Max: 2, Diff: 2, Sum: 6]
      [Scan RS (ms): Min: 0.4, Avg: 0.4, Max: 0.5, Diff: 0.1, Sum: 3.5]
      [Code Root Scanning (ms): Min: 0.0, Avg: 0.0, Max: 0.0, Diff: 0.0, Sum: 0.1]
      [Object Copy (ms): Min: 60.1, Avg: 60.1, Max: 60.1, Diff: 0.0, Sum: 480.9]
      [Termination (ms): Min: 0.0, Avg: 0.0, Max: 0.0, Diff: 0.0, Sum: 0.0]
      [GC Worker Other (ms): Min: 0.0, Avg: 0.1, Max: 0.1, Diff: 0.0, Sum: 0.4]
      [GC Worker Total (ms): Min: 61.2, Avg: 61.3, Max: 61.3, Diff: 0.1, Sum: 490.2]
      [GC Worker End (ms): Min: 42895.0, Avg: 42895.0, Max: 42895.0, Diff: 0.0]
   [Code Root Fixup: 0.1 ms]
   [Code Root Migration: 0.1 ms]
   [Clear CT: 0.5 ms]
   [Other: 1.0 ms]
      [Choose CSet: 0.0 ms]
      [Ref Proc: 0.2 ms]
      [Ref Enq: 0.0 ms]
      [Free CSet: 0.7 ms]
   [Eden: 1025.0M(1025.0M)->0.0B(988.0M) Survivors: 94.0M->118.0M Heap: 1578.4M(1887.0M)->577.9M(1887.0M)]
 [Times: user=0.48 sys=0.01, real=0.06 secs] 
42.897: Total time for which application threads were stopped: 0.0632080 seconds, Stopping threads took: 0.0000520 seconds
43.378: Application time: 0.4811500 seconds
43.378: [GC pause (young), 0.0647750 secs]
   [Parallel Time: 63.3 ms, GC Workers: 8]
      [GC Worker Start (ms): Min: 43378.1, Avg: 43378.5, Max: 43381.6, Diff: 3.5]
      [Ext Root Scanning (ms): Min: 0.0, Avg: 0.6, Max: 0.8, Diff: 0.8, Sum: 4.6]
      [Update RS (ms): Min: 0.0, Avg: 0.0, Max: 0.1, Diff: 0.1, Sum: 0.1]
         [Processed Buffers: Min: 0, Avg: 0.9, Max: 3, Diff: 3, Sum: 7]
      [Scan RS (ms): Min: 0.2, Avg: 0.4, Max: 0.5, Diff: 0.3, Sum: 3.0]
      [Code Root Scanning (ms): Min: 0.0, Avg: 0.0, Max: 0.0, Diff: 0.0, Sum: 0.1]
      [Object Copy (ms): Min: 59.5, Avg: 61.8, Max: 62.2, Diff: 2.6, Sum: 494.4]
      [Termination (ms): Min: 0.0, Avg: 0.0, Max: 0.0, Diff: 0.0, Sum: 0.0]
      [GC Worker Other (ms): Min: 0.0, Avg: 0.1, Max: 0.1, Diff: 0.0, Sum: 0.5]
      [GC Worker Total (ms): Min: 59.8, Avg: 62.8, Max: 63.3, Diff: 3.5, Sum: 502.6]
      [GC Worker End (ms): Min: 43441.3, Avg: 43441.4, Max: 43441.4, Diff: 0.0]
   [Code Root Fixup: 0.1 ms]
   [Code Root Migration: 0.1 ms]
   [Clear CT: 0.4 ms]
   [Other: 0.8 ms]
      [Choose CSet: 0.0 ms]
      [Ref Proc: 0.1 ms]
      [Ref Enq: 0.0 ms]
      [Free CSet: 0.6 ms]
   [Eden: 988.0M(988.0M)->0.0B(979.0M) Survivors: 118.0M->119.0M Heap: 1565.9M(1887.0M)->578.4M(1887.0M)]
 [Times: user=0.50 sys=0.01, real=0.06 secs] 
43.443: Total time for which application threads were stopped: 0.0649640 seconds, Stopping threads took: 0.0000630 seconds
43.938: Application time: 0.4947960 seconds
43.938: [GC pause (young), 0.0606280 secs]
   [Parallel Time: 59.2 ms, GC Workers: 8]
      [GC Worker Start (ms): Min: 43937.9, Avg: 43938.3, Max: 43941.6, Diff: 3.7]
      [Ext Root Scanning (ms): Min: 0.0, Avg: 0.6, Max: 0.8, Diff: 0.8, Sum: 4.4]
      [Update RS (ms): Min: 0.0, Avg: 0.0, Max: 0.1, Diff: 0.1, Sum: 0.1]
         [Processed Buffers: Min: 0, Avg: 0.9, Max: 3, Diff: 3, Sum: 7]
      [Scan RS (ms): Min: 0.2, Avg: 0.4, Max: 0.5, Diff: 0.3, Sum: 3.2]
      [Code Root Scanning (ms): Min: 0.0, Avg: 0.0, Max: 0.0, Diff: 0.0, Sum: 0.1]
      [Object Copy (ms): Min: 55.2, Avg: 57.6, Max: 58.0, Diff: 2.9, Sum: 461.0]
      [Termination (ms): Min: 0.0, Avg: 0.0, Max: 0.0, Diff: 0.0, Sum: 0.0]
      [GC Worker Other (ms): Min: 0.0, Avg: 0.1, Max: 0.1, Diff: 0.0, Sum: 0.5]
      [GC Worker Total (ms): Min: 55.4, Avg: 58.7, Max: 59.2, Diff: 3.7, Sum: 469.3]
      [GC Worker End (ms): Min: 43997.0, Avg: 43997.0, Max: 43997.0, Diff: 0.0]
   [Code Root Fixup: 0.1 ms]
   [Code Root Migration: 0.1 ms]
   [Clear CT: 0.4 ms]
   [Other: 0.8 ms]
      [Choose CSet: 0.0 ms]
      [Ref Proc: 0.1 ms]
      [Ref Enq: 0.0 ms]
      [Free CSet: 0.6 ms]
   [Eden: 979.0M(979.0M)->0.0B(984.0M) Survivors: 119.0M->112.0M Heap: 1557.4M(1887.0M)->571.4M(1887.0M)]
 [Times: user=0.47 sys=0.00, real=0.06 secs] 
43.999: Total time for which application threads were stopped: 0.0608320 seconds, Stopping threads took: 0.0000700 seconds
44.483: Application time: 0.4848900 seconds
44.484: [GC pause (young), 0.0539130 secs]
   [Parallel Time: 52.3 ms, GC Workers: 8]
      [GC Worker Start (ms): Min: 44483.6, Avg: 44483.9, Max: 44485.6, Diff: 2.0]
      [Ext Root Scanning (ms): Min: 0.0, Avg: 0.6, Max: 0.8, Diff: 0.8, Sum: 4.7]
      [Update RS (ms): Min: 0.0, Avg: 0.0, Max: 0.1, Diff: 0.1, Sum: 0.1]
         [Processed Buffers: Min: 0, Avg: 1.2, Max: 5, Diff: 5, Sum: 10]
      [Scan RS (ms): Min: 0.0, Avg: 0.4, Max: 0.5, Diff: 0.5, Sum: 3.0]
      [Code Root Scanning (ms): Min: 0.0, Avg: 0.0, Max: 0.0, Diff: 0.0, Sum: 0.1]
      [Object Copy (ms): Min: 50.2, Avg: 50.9, Max: 51.1, Diff: 0.9, Sum: 407.4]
      [Termination (ms): Min: 0.0, Avg: 0.0, Max: 0.0, Diff: 0.0, Sum: 0.0]
      [GC Worker Other (ms): Min: 0.0, Avg: 0.1, Max: 0.1, Diff: 0.0, Sum: 0.4]
      [GC Worker Total (ms): Min: 50.3, Avg: 52.0, Max: 52.2, Diff: 2.0, Sum: 415.7]
      [GC Worker End (ms): Min: 44535.8, Avg: 44535.8, Max: 44535.8, Diff: 0.0]
   [Code Root Fixup: 0.1 ms]
   [Code Root Migration: 0.1 ms]
   [Clear CT: 0.4 ms]
   [Other: 1.0 ms]
      [Choose CSet: 0.0 ms]
      [Ref Proc: 0.2 ms]
      [Ref Enq: 0.0 ms]
      [Free CSet: 0.7 ms]
   [Eden: 984.0M(984.0M)->0.0B(1002.0M) Survivors: 112.0M->96.0M Heap: 1555.4M(1887.0M)->555.4M(1887.0M)]
 [Times: user=0.42 sys=0.00, real=0.06 secs] 
44.538: Total time for which application threads were stopped: 0.0541280 seconds, Stopping threads took: 0.0000800 seconds
45.031: Application time: 0.4938190 seconds
45.034: [GC pause (young), 0.0559420 secs]
   [Parallel Time: 54.5 ms, GC Workers: 8]
      [GC Worker Start (ms): Min: 45033.8, Avg: 45035.8, Max: 45049.6, Diff: 15.8]
      [Ext Root Scanning (ms): Min: 0.0, Avg: 0.7, Max: 0.9, Diff: 0.9, Sum: 5.3]
      [Update RS (ms): Min: 0.0, Avg: 0.0, Max: 0.1, Diff: 0.1, Sum: 0.1]
         [Processed Buffers: Min: 0, Avg: 0.9, Max: 3, Diff: 3, Sum: 7]
      [Scan RS (ms): Min: 0.3, Avg: 0.4, Max: 0.5, Diff: 0.3, Sum: 3.6]
      [Code Root Scanning (ms): Min: 0.0, Avg: 0.0, Max: 0.0, Diff: 0.0, Sum: 0.0]
      [Object Copy (ms): Min: 38.3, Avg: 51.2, Max: 53.1, Diff: 14.8, Sum: 409.7]
      [Termination (ms): Min: 0.0, Avg: 0.0, Max: 0.0, Diff: 0.0, Sum: 0.0]
      [GC Worker Other (ms): Min: 0.0, Avg: 0.1, Max: 0.1, Diff: 0.0, Sum: 0.5]
      [GC Worker Total (ms): Min: 38.6, Avg: 52.4, Max: 54.4, Diff: 15.9, Sum: 419.3]
      [GC Worker End (ms): Min: 45088.1, Avg: 45088.2, Max: 45088.2, Diff: 0.1]
   [Code Root Fixup: 0.1 ms]
   [Code Root Migration: 0.1 ms]
   [Clear CT: 0.4 ms]
   [Other: 0.8 ms]
      [Choose CSet: 0.0 ms]
      [Ref Proc: 0.1 ms]
      [Ref Enq: 0.0 ms]
      [Free CSet: 0.6 ms]
   [Eden: 1002.0M(1002.0M)->0.0B(1005.0M) Survivors: 96.0M->95.0M Heap: 1557.4M(1887.0M)->554.9M(1887.0M)]
 [Times: user=0.41 sys=0.00, real=0.05 secs] 
45.090: Total time for which application threads were stopped: 0.0583470 seconds, Stopping threads took: 0.0022010 seconds
45.586: Application time: 0.4960290 seconds
45.586: [GC pause (young), 0.0544870 secs]
   [Parallel Time: 53.0 ms, GC Workers: 8]
      [GC Worker Start (ms): Min: 45585.9, Avg: 45585.9, Max: 45586.0, Diff: 0.1]
      [Ext Root Scanning (ms): Min: 0.6, Avg: 0.6, Max: 0.7, Diff: 0.1, Sum: 5.1]
      [Update RS (ms): Min: 0.0, Avg: 0.0, Max: 0.1, Diff: 0.1, Sum: 0.1]
         [Processed Buffers: Min: 0, Avg: 0.9, Max: 2, Diff: 2, Sum: 7]
      [Scan RS (ms): Min: 0.4, Avg: 0.4, Max: 0.5, Diff: 0.1, Sum: 3.4]
      [Code Root Scanning (ms): Min: 0.0, Avg: 0.0, Max: 0.0, Diff: 0.0, Sum: 0.1]
      [Object Copy (ms): Min: 51.8, Avg: 51.8, Max: 51.8, Diff: 0.0, Sum: 414.1]
      [Termination (ms): Min: 0.0, Avg: 0.0, Max: 0.0, Diff: 0.0, Sum: 0.0]
      [GC Worker Other (ms): Min: 0.0, Avg: 0.1, Max: 0.1, Diff: 0.0, Sum: 0.4]
      [GC Worker Total (ms): Min: 52.9, Avg: 52.9, Max: 52.9, Diff: 0.1, Sum: 423.2]
      [GC Worker End (ms): Min: 45638.8, Avg: 45638.8, Max: 45638.8, Diff: 0.0]
   [Code Root Fixup: 0.1 ms]
   [Code Root Migration: 0.1 ms]
   [Clear CT: 0.4 ms]
   [Other: 0.8 ms]
      [Choose CSet: 0.0 ms]
      [Ref Proc: 0.1 ms]
      [Ref Enq: 0.0 ms]
      [Free CSet: 0.6 ms]
   [Eden: 1005.0M(1005.0M)->0.0B(1006.0M) Survivors: 95.0M->96.0M Heap: 1559.9M(1887.0M)->555.9M(1887.0M)]
 [Times: user=0.43 sys=0.00, real=0.05 secs] 
45.640: Total time for which application threads were stopped: 0.0546840 seconds, Stopping threads took: 0.0000600 seconds
46.142: Application time: 0.5016330 seconds
46.142: [GC pause (young), 0.0505670 secs]
   [Parallel Time: 49.1 ms, GC Workers: 8]
      [GC Worker Start (ms): Min: 46142.2, Avg: 46142.3, Max: 46142.3, Diff: 0.1]
      [Ext Root Scanning (ms): Min: 0.6, Avg: 0.6, Max: 0.7, Diff: 0.1, Sum: 5.1]
      [Update RS (ms): Min: 0.0, Avg: 0.0, Max: 0.0, Diff: 0.0, Sum: 0.1]
         [Processed Buffers: Min: 0, Avg: 0.8, Max: 2, Diff: 2, Sum: 6]
      [Scan RS (ms): Min: 0.4, Avg: 0.4, Max: 0.4, Diff: 0.0, Sum: 3.3]
      [Code Root Scanning (ms): Min: 0.0, Avg: 0.0, Max: 0.0, Diff: 0.0, Sum: 0.1]
      [Object Copy (ms): Min: 47.8, Avg: 47.8, Max: 47.8, Diff: 0.0, Sum: 382.7]
      [Termination (ms): Min: 0.0, Avg: 0.0, Max: 0.0, Diff: 0.0, Sum: 0.0]
      [GC Worker Other (ms): Min: 0.0, Avg: 0.1, Max: 0.1, Diff: 0.1, Sum: 0.6]
      [GC Worker Total (ms): Min: 48.9, Avg: 49.0, Max: 49.0, Diff: 0.1, Sum: 391.9]
      [GC Worker End (ms): Min: 46191.2, Avg: 46191.2, Max: 46191.3, Diff: 0.1]
   [Code Root Fixup: 0.1 ms]
   [Code Root Migration: 0.1 ms]
   [Clear CT: 0.5 ms]
   [Other: 0.8 ms]
      [Choose CSet: 0.0 ms]
      [Ref Proc: 0.1 ms]
      [Ref Enq: 0.0 ms]
      [Free CSet: 0.6 ms]
   [Eden: 1006.0M(1006.0M)->0.0B(1016.0M) Survivors: 96.0M->89.0M Heap: 1561.9M(1887.0M)->548.4M(1887.0M)]
 [Times: user=0.39 sys=0.00, real=0.05 secs] 
46.193: Total time for which application threads were stopped: 0.0507660 seconds, Stopping threads took: 0.0000700 seconds
46.709: Application time: 0.5156560 seconds
46.709: [GC pause (young), 0.0404200 secs]
   [Parallel Time: 38.9 ms, GC Workers: 8]
      [GC Worker Start (ms): Min: 46708.6, Avg: 46708.7, Max: 46708.7, Diff: 0.1]
      [Ext Root Scanning (ms): Min: 0.6, Avg: 0.6, Max: 0.7, Diff: 0.1, Sum: 5.0]
      [Update RS (ms): Min: 0.0, Avg: 0.0, Max: 0.0, Diff: 0.0, Sum: 0.1]
         [Processed Buffers: Min: 0, Avg: 0.9, Max: 3, Diff: 3, Sum: 7]
      [Scan RS (ms): Min: 0.4, Avg: 0.4, Max: 0.5, Diff: 0.1, Sum: 3.4]
      [Code Root Scanning (ms): Min: 0.0, Avg: 0.0, Max: 0.0, Diff: 0.0, Sum: 0.1]
      [Object Copy (ms): Min: 37.7, Avg: 37.7, Max: 37.7, Diff: 0.0, Sum: 301.5]
      [Termination (ms): Min: 0.0, Avg: 0.0, Max: 0.0, Diff: 0.0, Sum: 0.0]
      [GC Worker Other (ms): Min: 0.0, Avg: 0.1, Max: 0.1, Diff: 0.1, Sum: 0.5]
      [GC Worker Total (ms): Min: 38.8, Avg: 38.8, Max: 38.9, Diff: 0.1, Sum: 310.6]
      [GC Worker End (ms): Min: 46747.5, Avg: 46747.5, Max: 46747.5, Diff: 0.1]
   [Code Root Fixup: 0.1 ms]
   [Code Root Migration: 0.1 ms]
   [Clear CT: 0.4 ms]
   [Other: 0.8 ms]
      [Choose CSet: 0.0 ms]
      [Ref Proc: 0.1 ms]
      [Ref Enq: 0.0 ms]
      [Free CSet: 0.6 ms]
   [Eden: 1016.0M(1016.0M)->0.0B(1043.0M) Survivors: 89.0M->71.0M Heap: 1564.4M(1887.0M)->530.9M(1887.0M)]
 [Times: user=0.31 sys=0.00, real=0.04 secs] 
46.749: Total time for which application threads were stopped: 0.0406030 seconds, Stopping threads took: 0.0000470 seconds
47.261: Application time: 0.5114750 seconds
47.261: [GC pause (young), 0.0348500 secs]
   [Parallel Time: 33.2 ms, GC Workers: 8]
      [GC Worker Start (ms): Min: 47260.7, Avg: 47260.8, Max: 47260.8, Diff: 0.1]
      [Ext Root Scanning (ms): Min: 0.6, Avg: 0.7, Max: 0.7, Diff: 0.1, Sum: 5.4]
      [Update RS (ms): Min: 0.0, Avg: 0.0, Max: 0.1, Diff: 0.1, Sum: 0.1]
         [Processed Buffers: Min: 0, Avg: 1.2, Max: 6, Diff: 6, Sum: 10]
      [Scan RS (ms): Min: 0.3, Avg: 0.5, Max: 0.5, Diff: 0.2, Sum: 3.7]
      [Code Root Scanning (ms): Min: 0.0, Avg: 0.0, Max: 0.0, Diff: 0.0, Sum: 0.1]
      [Object Copy (ms): Min: 31.8, Avg: 31.9, Max: 32.0, Diff: 0.2, Sum: 255.0]
      [Termination (ms): Min: 0.0, Avg: 0.0, Max: 0.0, Diff: 0.0, Sum: 0.0]
      [GC Worker Other (ms): Min: 0.0, Avg: 0.1, Max: 0.1, Diff: 0.1, Sum: 0.5]
      [GC Worker Total (ms): Min: 33.1, Avg: 33.1, Max: 33.1, Diff: 0.1, Sum: 264.8]
      [GC Worker End (ms): Min: 47293.8, Avg: 47293.9, Max: 47293.9, Diff: 0.1]
   [Code Root Fixup: 0.1 ms]
   [Code Root Migration: 0.1 ms]
   [Clear CT: 0.5 ms]
   [Other: 0.9 ms]
      [Choose CSet: 0.0 ms]
      [Ref Proc: 0.1 ms]
      [Ref Enq: 0.0 ms]
      [Free CSet: 0.7 ms]
   [Eden: 1043.0M(1043.0M)->0.0B(1056.0M) Survivors: 71.0M->65.0M Heap: 1573.9M(1887.0M)->524.9M(1887.0M)]
 [Times: user=0.27 sys=0.00, real=0.04 secs] 
47.296: Total time for which application threads were stopped: 0.0350290 seconds, Stopping threads took: 0.0000440 seconds
47.805: Application time: 0.5097930 seconds
47.806: [GC pause (young), 0.0484060 secs]
   [Parallel Time: 46.7 ms, GC Workers: 8]
      [GC Worker Start (ms): Min: 47805.5, Avg: 47806.6, Max: 47809.6, Diff: 4.0]
      [Ext Root Scanning (ms): Min: 0.0, Avg: 0.5, Max: 0.8, Diff: 0.8, Sum: 4.2]
      [Update RS (ms): Min: 0.0, Avg: 0.0, Max: 0.0, Diff: 0.0, Sum: 0.1]
         [Processed Buffers: Min: 0, Avg: 0.9, Max: 3, Diff: 3, Sum: 7]
      [Scan RS (ms): Min: 0.1, Avg: 0.4, Max: 0.5, Diff: 0.4, Sum: 3.0]
      [Code Root Scanning (ms): Min: 0.0, Avg: 0.0, Max: 0.0, Diff: 0.0, Sum: 0.1]
      [Object Copy (ms): Min: 42.4, Avg: 44.6, Max: 45.4, Diff: 3.0, Sum: 356.9]
      [Termination (ms): Min: 0.0, Avg: 0.0, Max: 0.0, Diff: 0.0, Sum: 0.0]
      [GC Worker Other (ms): Min: 0.0, Avg: 0.1, Max: 0.1, Diff: 0.0, Sum: 0.5]
      [GC Worker Total (ms): Min: 42.6, Avg: 45.6, Max: 46.6, Diff: 4.1, Sum: 364.7]
      [GC Worker End (ms): Min: 47852.1, Avg: 47852.2, Max: 47852.2, Diff: 0.0]
   [Code Root Fixup: 0.1 ms]
   [Code Root Migration: 0.1 ms]
   [Clear CT: 0.5 ms]
   [Other: 1.0 ms]
      [Choose CSet: 0.0 ms]
      [Ref Proc: 0.1 ms]
      [Ref Enq: 0.0 ms]
      [Free CSet: 0.8 ms]
   [Eden: 1056.0M(1056.0M)->0.0B(1028.0M) Survivors: 65.0M->90.0M Heap: 1580.9M(1887.0M)->549.4M(1887.0M)]
 [Times: user=0.37 sys=0.00, real=0.06 secs] 
47.854: Total time for which application threads were stopped: 0.0485740 seconds, Stopping threads took: 0.0000390 seconds
48.354: Application time: 0.4997160 seconds
48.354: [GC pause (young), 0.0510290 secs]
   [Parallel Time: 49.5 ms, GC Workers: 8]
      [GC Worker Start (ms): Min: 48353.8, Avg: 48353.9, Max: 48353.9, Diff: 0.1]
      [Ext Root Scanning (ms): Min: 0.6, Avg: 0.7, Max: 0.7, Diff: 0.1, Sum: 5.4]
      [Update RS (ms): Min: 0.0, Avg: 0.0, Max: 0.1, Diff: 0.1, Sum: 0.1]
         [Processed Buffers: Min: 0, Avg: 0.9, Max: 3, Diff: 3, Sum: 7]
      [Scan RS (ms): Min: 0.4, Avg: 0.4, Max: 0.5, Diff: 0.1, Sum: 3.5]
      [Code Root Scanning (ms): Min: 0.0, Avg: 0.0, Max: 0.0, Diff: 0.0, Sum: 0.1]
      [Object Copy (ms): Min: 48.2, Avg: 48.2, Max: 48.2, Diff: 0.1, Sum: 385.6]
      [Termination (ms): Min: 0.0, Avg: 0.0, Max: 0.0, Diff: 0.0, Sum: 0.0]
      [GC Worker Other (ms): Min: 0.0, Avg: 0.1, Max: 0.1, Diff: 0.1, Sum: 0.5]
      [GC Worker Total (ms): Min: 49.3, Avg: 49.4, Max: 49.4, Diff: 0.1, Sum: 395.1]
      [GC Worker End (ms): Min: 48403.2, Avg: 48403.2, Max: 48403.3, Diff: 0.1]
   [Code Root Fixup: 0.1 ms]
   [Code Root Migration: 0.1 ms]
   [Clear CT: 0.5 ms]
   [Other: 0.8 ms]
      [Choose CSet: 0.0 ms]
      [Ref Proc: 0.1 ms]
      [Ref Enq: 0.0 ms]
      [Free CSet: 0.7 ms]
   [Eden: 1028.0M(1028.0M)->0.0B(1019.0M) Survivors: 90.0M->96.0M Heap: 1577.4M(1887.0M)->555.4M(1887.0M)]
 [Times: user=0.40 sys=0.00, real=0.04 secs] 
48.405: Total time for which application threads were stopped: 0.0512100 seconds, Stopping threads took: 0.0000450 seconds
48.900: Application time: 0.4952360 seconds
48.900: [GC pause (young), 0.0544850 secs]
   [Parallel Time: 52.9 ms, GC Workers: 8]
      [GC Worker Start (ms): Min: 48900.3, Avg: 48900.3, Max: 48900.3, Diff: 0.1]
      [Ext Root Scanning (ms): Min: 0.6, Avg: 0.7, Max: 0.7, Diff: 0.1, Sum: 5.3]
      [Update RS (ms): Min: 0.0, Avg: 0.0, Max: 0.0, Diff: 0.0, Sum: 0.1]
         [Processed Buffers: Min: 0, Avg: 0.9, Max: 4, Diff: 4, Sum: 7]
      [Scan RS (ms): Min: 0.4, Avg: 0.4, Max: 0.5, Diff: 0.1, Sum: 3.5]
      [Code Root Scanning (ms): Min: 0.0, Avg: 0.0, Max: 0.0, Diff: 0.0, Sum: 0.1]
      [Object Copy (ms): Min: 51.6, Avg: 51.7, Max: 51.7, Diff: 0.1, Sum: 413.3]
      [Termination (ms): Min: 0.0, Avg: 0.0, Max: 0.0, Diff: 0.0, Sum: 0.0]
      [GC Worker Other (ms): Min: 0.0, Avg: 0.1, Max: 0.1, Diff: 0.1, Sum: 0.5]
      [GC Worker Total (ms): Min: 52.8, Avg: 52.8, Max: 52.9, Diff: 0.1, Sum: 422.8]
      [GC Worker End (ms): Min: 48953.1, Avg: 48953.1, Max: 48953.2, Diff: 0.1]
   [Code Root Fixup: 0.1 ms]
   [Code Root Migration: 0.1 ms]
   [Clear CT: 0.5 ms]
   [Other: 0.8 ms]
      [Choose CSet: 0.0 ms]
      [Ref Proc: 0.1 ms]
      [Ref Enq: 0.0 ms]
      [Free CSet: 0.7 ms]
   [Eden: 1019.0M(1019.0M)->0.0B(1010.0M) Survivors: 96.0M->101.0M Heap: 1574.4M(1887.0M)->560.9M(1887.0M)]
 [Times: user=0.42 sys=0.00, real=0.06 secs] 
48.955: Total time for which application threads were stopped: 0.0546520 seconds, Stopping threads took: 0.0000380 seconds
49.456: Application time: 0.5011230 seconds
49.456: [GC pause (young), 0.0519400 secs]
   [Parallel Time: 50.4 ms, GC Workers: 8]
      [GC Worker Start (ms): Min: 49456.1, Avg: 49456.1, Max: 49456.1, Diff: 0.1]
      [Ext Root Scanning (ms): Min: 0.6, Avg: 0.6, Max: 0.7, Diff: 0.1, Sum: 5.2]
      [Update RS (ms): Min: 0.0, Avg: 0.0, Max: 0.0, Diff: 0.0, Sum: 0.1]
         [Processed Buffers: Min: 0, Avg: 0.9, Max: 4, Diff: 4, Sum: 7]
      [Scan RS (ms): Min: 0.4, Avg: 0.4, Max: 0.4, Diff: 0.1, Sum: 3.4]
      [Code Root Scanning (ms): Min: 0.0, Avg: 0.0, Max: 0.0, Diff: 0.0, Sum: 0.1]
      [Object Copy (ms): Min: 49.1, Avg: 49.1, Max: 49.2, Diff: 0.0, Sum: 393.2]
      [Termination (ms): Min: 0.0, Avg: 0.0, Max: 0.0, Diff: 0.0, Sum: 0.0]
      [GC Worker Other (ms): Min: 0.0, Avg: 0.0, Max: 0.1, Diff: 0.0, Sum: 0.3]
      [GC Worker Total (ms): Min: 50.2, Avg: 50.3, Max: 50.3, Diff: 0.1, Sum: 402.2]
      [GC Worker End (ms): Min: 49506.3, Avg: 49506.4, Max: 49506.4, Diff: 0.0]
   [Code Root Fixup: 0.1 ms]
   [Code Root Migration: 0.1 ms]
   [Clear CT: 0.4 ms]
   [Other: 0.9 ms]
      [Choose CSet: 0.0 ms]
      [Ref Proc: 0.2 ms]
      [Ref Enq: 0.0 ms]
      [Free CSet: 0.6 ms]
   [Eden: 1010.0M(1010.0M)->0.0B(1013.0M) Survivors: 101.0M->97.0M Heap: 1570.9M(1887.0M)->556.6M(1887.0M)]
 [Times: user=0.40 sys=0.00, real=0.05 secs] 
49.508: Total time for which application threads were stopped: 0.0521030 seconds, Stopping threads took: 0.0000410 seconds
50.005: Application time: 0.4969640 seconds
50.005: [GC pause (young), 0.0569440 secs]
   [Parallel Time: 55.3 ms, GC Workers: 8]
      [GC Worker Start (ms): Min: 50005.1, Avg: 50005.2, Max: 50005.2, Diff: 0.1]
      [Ext Root Scanning (ms): Min: 0.6, Avg: 0.7, Max: 0.7, Diff: 0.1, Sum: 5.4]
      [Update RS (ms): Min: 0.0, Avg: 0.0, Max: 0.0, Diff: 0.0, Sum: 0.1]
         [Processed Buffers: Min: 0, Avg: 0.9, Max: 3, Diff: 3, Sum: 7]
      [Scan RS (ms): Min: 0.4, Avg: 0.4, Max: 0.5, Diff: 0.1, Sum: 3.4]
      [Code Root Scanning (ms): Min: 0.0, Avg: 0.0, Max: 0.0, Diff: 0.0, Sum: 0.1]
      [Object Copy (ms): Min: 54.1, Avg: 54.1, Max: 54.1, Diff: 0.0, Sum: 432.9]
      [Termination (ms): Min: 0.0, Avg: 0.0, Max: 0.0, Diff: 0.0, Sum: 0.0]
      [GC Worker Other (ms): Min: 0.0, Avg: 0.1, Max: 0.1, Diff: 0.0, Sum: 0.5]
      [GC Worker Total (ms): Min: 55.2, Avg: 55.3, Max: 55.3, Diff: 0.1, Sum: 442.3]
      [GC Worker End (ms): Min: 50060.4, Avg: 50060.4, Max: 50060.5, Diff: 0.0]
   [Code Root Fixup: 0.1 ms]
   [Code Root Migration: 0.1 ms]
   [Clear CT: 0.5 ms]
   [Other: 0.9 ms]
      [Choose CSet: 0.0 ms]
      [Ref Proc: 0.1 ms]
      [Ref Enq: 0.0 ms]
      [Free CSet: 0.7 ms]
   [Eden: 1013.0M(1013.0M)->0.0B(1002.0M) Survivors: 97.0M->106.0M Heap: 1569.6M(1887.0M)->565.9M(1887.0M)]
 [Times: user=0.44 sys=0.00, real=0.06 secs] 
50.062: Total time for which application threads were stopped: 0.0571270 seconds, Stopping threads took: 0.0000460 seconds
50.570: Application time: 0.5075550 seconds
50.570: [GC pause (young), 0.0607150 secs]
   [Parallel Time: 59.1 ms, GC Workers: 8]
      [GC Worker Start (ms): Min: 50569.8, Avg: 50569.9, Max: 50569.9, Diff: 0.1]
      [Ext Root Scanning (ms): Min: 0.6, Avg: 0.6, Max: 0.7, Diff: 0.1, Sum: 5.1]
      [Update RS (ms): Min: 0.0, Avg: 0.0, Max: 0.0, Diff: 0.0, Sum: 0.1]
         [Processed Buffers: Min: 0, Avg: 1.0, Max: 3, Diff: 3, Sum: 8]
      [Scan RS (ms): Min: 0.4, Avg: 0.4, Max: 0.5, Diff: 0.1, Sum: 3.5]
      [Code Root Scanning (ms): Min: 0.0, Avg: 0.0, Max: 0.0, Diff: 0.0, Sum: 0.1]
      [Object Copy (ms): Min: 57.8, Avg: 57.8, Max: 57.9, Diff: 0.1, Sum: 462.7]
      [Termination (ms): Min: 0.0, Avg: 0.0, Max: 0.0, Diff: 0.0, Sum: 0.0]
      [GC Worker Other (ms): Min: 0.0, Avg: 0.1, Max: 0.1, Diff: 0.1, Sum: 0.5]
      [GC Worker Total (ms): Min: 59.0, Avg: 59.0, Max: 59.0, Diff: 0.1, Sum: 472.0]
      [GC Worker End (ms): Min: 50628.8, Avg: 50628.9, Max: 50628.9, Diff: 0.1]
   [Code Root Fixup: 0.1 ms]
   [Code Root Migration: 0.1 ms]
   [Clear CT: 0.4 ms]
   [Other: 0.9 ms]
      [Choose CSet: 0.0 ms]
      [Ref Proc: 0.1 ms]
      [Ref Enq: 0.0 ms]
      [Free CSet: 0.7 ms]
   [Eden: 1002.0M(1002.0M)->0.0B(998.0M) Survivors: 106.0M->108.0M Heap: 1567.9M(1887.0M)->568.0M(1887.0M)]
 [Times: user=0.48 sys=0.00, real=0.06 secs] 
50.631: Total time for which application threads were stopped: 0.0609060 seconds, Stopping threads took: 0.0000650 seconds
51.131: Application time: 0.5005500 seconds
51.131: [GC pause (young), 0.0567370 secs]
   [Parallel Time: 55.3 ms, GC Workers: 8]
      [GC Worker Start (ms): Min: 51131.3, Avg: 51132.1, Max: 51137.2, Diff: 5.9]
      [Ext Root Scanning (ms): Min: 0.0, Avg: 0.6, Max: 0.8, Diff: 0.8, Sum: 4.5]
      [Update RS (ms): Min: 0.0, Avg: 0.0, Max: 0.0, Diff: 0.0, Sum: 0.1]
         [Processed Buffers: Min: 0, Avg: 0.9, Max: 4, Diff: 4, Sum: 7]
      [Scan RS (ms): Min: 0.2, Avg: 0.4, Max: 0.5, Diff: 0.3, Sum: 3.2]
      [Code Root Scanning (ms): Min: 0.0, Avg: 0.0, Max: 0.0, Diff: 0.0, Sum: 0.1]
      [Object Copy (ms): Min: 49.1, Avg: 53.5, Max: 54.2, Diff: 5.1, Sum: 427.7]
      [Termination (ms): Min: 0.0, Avg: 0.0, Max: 0.0, Diff: 0.0, Sum: 0.0]
      [GC Worker Other (ms): Min: 0.0, Avg: 0.1, Max: 0.1, Diff: 0.1, Sum: 0.5]
      [GC Worker Total (ms): Min: 49.3, Avg: 54.5, Max: 55.3, Diff: 5.9, Sum: 436.1]
      [GC Worker End (ms): Min: 51186.5, Avg: 51186.6, Max: 51186.6, Diff: 0.1]
   [Code Root Fixup: 0.1 ms]
   [Code Root Migration: 0.1 ms]
   [Clear CT: 0.4 ms]
   [Other: 0.8 ms]
      [Choose CSet: 0.0 ms]
      [Ref Proc: 0.1 ms]
      [Ref Enq: 0.0 ms]
      [Free CSet: 0.6 ms]
   [Eden: 998.0M(998.0M)->0.0B(1005.0M) Survivors: 108.0M->100.0M Heap: 1566.0M(1887.0M)->559.5M(1887.0M)]
 [Times: user=0.44 sys=0.00, real=0.06 secs] 
51.188: Total time for which application threads were stopped: 0.0569420 seconds, Stopping threads took: 0.0000790 seconds
51.690: Application time: 0.5017540 seconds
51.690: [GC pause (young), 0.0511500 secs]
   [Parallel Time: 49.5 ms, GC Workers: 8]
      [GC Worker Start (ms): Min: 51690.0, Avg: 51690.0, Max: 51690.0, Diff: 0.1]
      [Ext Root Scanning (ms): Min: 0.6, Avg: 0.6, Max: 0.7, Diff: 0.1, Sum: 5.1]
      [Update RS (ms): Min: 0.0, Avg: 0.0, Max: 0.0, Diff: 0.0, Sum: 0.1]
         [Processed Buffers: Min: 0, Avg: 1.0, Max: 4, Diff: 4, Sum: 8]
      [Scan RS (ms): Min: 0.4, Avg: 0.4, Max: 0.4, Diff: 0.1, Sum: 3.4]
      [Code Root Scanning (ms): Min: 0.0, Avg: 0.0, Max: 0.0, Diff: 0.0, Sum: 0.1]
      [Object Copy (ms): Min: 48.3, Avg: 48.3, Max: 48.3, Diff: 0.0, Sum: 386.6]
      [Termination (ms): Min: 0.0, Avg: 0.0, Max: 0.0, Diff: 0.0, Sum: 0.0]
      [GC Worker Other (ms): Min: 0.0, Avg: 0.1, Max: 0.1, Diff: 0.0, Sum: 0.4]
      [GC Worker Total (ms): Min: 49.4, Avg: 49.5, Max: 49.5, Diff: 0.1, Sum: 395.7]
      [GC Worker End (ms): Min: 51739.4, Avg: 51739.5, Max: 51739.5, Diff: 0.0]
   [Code Root Fixup: 0.1 ms]
   [Code Root Migration: 0.1 ms]
   [Clear CT: 0.5 ms]
   [Other: 0.9 ms]
      [Choose CSet: 0.0 ms]
      [Ref Proc: 0.1 ms]
      [Ref Enq: 0.0 ms]
      [Free CSet: 0.7 ms]
   [Eden: 1005.0M(1005.0M)->0.0B(1018.0M) Survivors: 100.0M->91.0M Heap: 1564.5M(1887.0M)->550.5M(1887.0M)]
 [Times: user=0.40 sys=0.00, real=0.05 secs] 
51.741: Total time for which application threads were stopped: 0.0513370 seconds, Stopping threads took: 0.0000450 seconds
52.261: Application time: 0.5200750 seconds
52.261: [GC pause (young), 0.0357430 secs]
   [Parallel Time: 34.2 ms, GC Workers: 8]
      [GC Worker Start (ms): Min: 52261.4, Avg: 52261.4, Max: 52261.5, Diff: 0.1]
      [Ext Root Scanning (ms): Min: 0.6, Avg: 0.7, Max: 0.7, Diff: 0.1, Sum: 5.4]
      [Update RS (ms): Min: 0.0, Avg: 0.0, Max: 0.0, Diff: 0.0, Sum: 0.1]
         [Processed Buffers: Min: 0, Avg: 1.0, Max: 2, Diff: 2, Sum: 8]
      [Scan RS (ms): Min: 0.4, Avg: 0.4, Max: 0.5, Diff: 0.1, Sum: 3.4]
      [Code Root Scanning (ms): Min: 0.0, Avg: 0.0, Max: 0.0, Diff: 0.0, Sum: 0.1]
      [Object Copy (ms): Min: 32.9, Avg: 32.9, Max: 33.0, Diff: 0.1, Sum: 263.4]
      [Termination (ms): Min: 0.0, Avg: 0.0, Max: 0.0, Diff: 0.0, Sum: 0.0]
      [GC Worker Other (ms): Min: 0.0, Avg: 0.1, Max: 0.1, Diff: 0.1, Sum: 0.5]
      [GC Worker Total (ms): Min: 34.1, Avg: 34.1, Max: 34.2, Diff: 0.1, Sum: 272.9]
      [GC Worker End (ms): Min: 52295.5, Avg: 52295.5, Max: 52295.6, Diff: 0.1]
   [Code Root Fixup: 0.1 ms]
   [Code Root Migration: 0.1 ms]
   [Clear CT: 0.5 ms]
   [Other: 0.8 ms]
      [Choose CSet: 0.0 ms]
      [Ref Proc: 0.1 ms]
      [Ref Enq: 0.0 ms]
      [Free CSet: 0.6 ms]
   [Eden: 1018.0M(1018.0M)->0.0B(1056.0M) Survivors: 91.0M->63.0M Heap: 1568.5M(1887.0M)->522.5M(1887.0M)]
 [Times: user=0.28 sys=0.00, real=0.04 secs] 
52.297: Total time for which application threads were stopped: 0.0359350 seconds, Stopping threads took: 0.0000650 seconds
52.810: Application time: 0.5127790 seconds
52.810: [GC pause (young), 0.0348050 secs]
   [Parallel Time: 33.3 ms, GC Workers: 8]
      [GC Worker Start (ms): Min: 52810.1, Avg: 52810.1, Max: 52810.2, Diff: 0.1]
      [Ext Root Scanning (ms): Min: 0.6, Avg: 0.7, Max: 0.8, Diff: 0.2, Sum: 5.4]
      [Update RS (ms): Min: 0.0, Avg: 0.0, Max: 0.0, Diff: 0.0, Sum: 0.1]
         [Processed Buffers: Min: 0, Avg: 1.0, Max: 4, Diff: 4, Sum: 8]
      [Scan RS (ms): Min: 0.4, Avg: 0.4, Max: 0.5, Diff: 0.1, Sum: 3.6]
      [Code Root Scanning (ms): Min: 0.0, Avg: 0.0, Max: 0.0, Diff: 0.0, Sum: 0.1]
      [Object Copy (ms): Min: 32.0, Avg: 32.1, Max: 32.2, Diff: 0.1, Sum: 256.5]
      [Termination (ms): Min: 0.0, Avg: 0.0, Max: 0.0, Diff: 0.0, Sum: 0.0]
      [GC Worker Other (ms): Min: 0.0, Avg: 0.1, Max: 0.1, Diff: 0.1, Sum: 0.5]
      [GC Worker Total (ms): Min: 33.2, Avg: 33.3, Max: 33.3, Diff: 0.1, Sum: 266.1]
      [GC Worker End (ms): Min: 52843.4, Avg: 52843.4, Max: 52843.4, Diff: 0.1]
   [Code Root Fixup: 0.1 ms]
   [Code Root Migration: 0.1 ms]
   [Clear CT: 0.4 ms]
   [Other: 0.8 ms]
      [Choose CSet: 0.0 ms]
      [Ref Proc: 0.1 ms]
      [Ref Enq: 0.0 ms]
      [Free CSet: 0.6 ms]
   [Eden: 1056.0M(1056.0M)->0.0B(1059.0M) Survivors: 63.0M->66.0M Heap: 1578.5M(1887.0M)->525.5M(1887.0M)]
 [Times: user=0.27 sys=0.00, real=0.03 secs] 
52.845: Total time for which application threads were stopped: 0.0349920 seconds, Stopping threads took: 0.0000470 seconds
53.353: Application time: 0.5078520 seconds
53.353: [GC pause (young), 0.0475550 secs]
   [Parallel Time: 46.0 ms, GC Workers: 8]
      [GC Worker Start (ms): Min: 53353.0, Avg: 53353.0, Max: 53353.0, Diff: 0.1]
      [Ext Root Scanning (ms): Min: 0.6, Avg: 0.7, Max: 0.7, Diff: 0.1, Sum: 5.4]
      [Update RS (ms): Min: 0.0, Avg: 0.0, Max: 0.1, Diff: 0.1, Sum: 0.1]
         [Processed Buffers: Min: 0, Avg: 0.8, Max: 2, Diff: 2, Sum: 6]
      [Scan RS (ms): Min: 0.4, Avg: 0.4, Max: 0.5, Diff: 0.1, Sum: 3.5]
      [Code Root Scanning (ms): Min: 0.0, Avg: 0.0, Max: 0.0, Diff: 0.0, Sum: 0.1]
      [Object Copy (ms): Min: 44.7, Avg: 44.8, Max: 44.8, Diff: 0.0, Sum: 358.1]
      [Termination (ms): Min: 0.0, Avg: 0.0, Max: 0.0, Diff: 0.0, Sum: 0.0]
      [GC Worker Other (ms): Min: 0.0, Avg: 0.1, Max: 0.1, Diff: 0.0, Sum: 0.5]
      [GC Worker Total (ms): Min: 45.9, Avg: 46.0, Max: 46.0, Diff: 0.1, Sum: 367.6]
      [GC Worker End (ms): Min: 53398.9, Avg: 53398.9, Max: 53399.0, Diff: 0.0]
   [Code Root Fixup: 0.1 ms]
   [Code Root Migration: 0.1 ms]
   [Clear CT: 0.5 ms]
   [Other: 0.8 ms]
      [Choose CSet: 0.0 ms]
      [Ref Proc: 0.1 ms]
      [Ref Enq: 0.0 ms]
      [Free CSet: 0.7 ms]
   [Eden: 1059.0M(1059.0M)->0.0B(1030.0M) Survivors: 66.0M->90.0M Heap: 1584.5M(1887.0M)->550.0M(1887.0M)]
 [Times: user=0.37 sys=0.00, real=0.05 secs] 
53.401: Total time for which application threads were stopped: 0.0477320 seconds, Stopping threads took: 0.0000490 seconds
53.908: Application time: 0.5078870 seconds
53.909: [GC pause (young), 0.0528930 secs]
   [Parallel Time: 51.4 ms, GC Workers: 8]
      [GC Worker Start (ms): Min: 53908.5, Avg: 53908.6, Max: 53908.6, Diff: 0.1]
      [Ext Root Scanning (ms): Min: 0.6, Avg: 0.6, Max: 0.7, Diff: 0.1, Sum: 5.2]
      [Update RS (ms): Min: 0.0, Avg: 0.0, Max: 0.0, Diff: 0.0, Sum: 0.1]
         [Processed Buffers: Min: 0, Avg: 1.2, Max: 3, Diff: 3, Sum: 10]
      [Scan RS (ms): Min: 0.4, Avg: 0.4, Max: 0.5, Diff: 0.1, Sum: 3.5]
      [Code Root Scanning (ms): Min: 0.0, Avg: 0.0, Max: 0.0, Diff: 0.0, Sum: 0.1]
      [Object Copy (ms): Min: 50.1, Avg: 50.1, Max: 50.1, Diff: 0.1, Sum: 401.0]
      [Termination (ms): Min: 0.0, Avg: 0.0, Max: 0.0, Diff: 0.0, Sum: 0.0]
      [GC Worker Other (ms): Min: 0.0, Avg: 0.1, Max: 0.1, Diff: 0.0, Sum: 0.5]
      [GC Worker Total (ms): Min: 51.3, Avg: 51.3, Max: 51.3, Diff: 0.1, Sum: 410.4]
      [GC Worker End (ms): Min: 53959.8, Avg: 53959.9, Max: 53959.9, Diff: 0.0]
   [Code Root Fixup: 0.1 ms]
   [Code Root Migration: 0.1 ms]
   [Clear CT: 0.4 ms]
   [Other: 0.8 ms]
      [Choose CSet: 0.0 ms]
      [Ref Proc: 0.1 ms]
      [Ref Enq: 0.0 ms]
      [Free CSet: 0.7 ms]
   [Eden: 1030.0M(1030.0M)->0.0B(1020.0M) Survivors: 90.0M->96.0M Heap: 1580.0M(1887.0M)->556.0M(1887.0M)]
 [Times: user=0.41 sys=0.00, real=0.05 secs] 
53.961: Total time for which application threads were stopped: 0.0530320 seconds, Stopping threads took: 0.0000120 seconds
54.463: Application time: 0.5012580 seconds
54.463: [GC pause (young), 0.0497540 secs]
   [Parallel Time: 48.3 ms, GC Workers: 8]
      [GC Worker Start (ms): Min: 54462.9, Avg: 54462.9, Max: 54462.9, Diff: 0.1]
      [Ext Root Scanning (ms): Min: 0.6, Avg: 0.7, Max: 0.7, Diff: 0.1, Sum: 5.3]
      [Update RS (ms): Min: 0.0, Avg: 0.0, Max: 0.0, Diff: 0.0, Sum: 0.1]
         [Processed Buffers: Min: 0, Avg: 1.1, Max: 3, Diff: 3, Sum: 9]
      [Scan RS (ms): Min: 0.4, Avg: 0.4, Max: 0.5, Diff: 0.1, Sum: 3.4]
      [Code Root Scanning (ms): Min: 0.0, Avg: 0.0, Max: 0.0, Diff: 0.0, Sum: 0.1]
      [Object Copy (ms): Min: 47.0, Avg: 47.1, Max: 47.1, Diff: 0.1, Sum: 376.5]
      [Termination (ms): Min: 0.0, Avg: 0.0, Max: 0.0, Diff: 0.0, Sum: 0.0]
      [GC Worker Other (ms): Min: 0.0, Avg: 0.1, Max: 0.1, Diff: 0.0, Sum: 0.4]
      [GC Worker Total (ms): Min: 48.2, Avg: 48.2, Max: 48.3, Diff: 0.1, Sum: 385.9]
      [GC Worker End (ms): Min: 54511.1, Avg: 54511.2, Max: 54511.2, Diff: 0.0]
   [Code Root Fixup: 0.1 ms]
   [Code Root Migration: 0.1 ms]
   [Clear CT: 0.4 ms]
   [Other: 0.8 ms]
      [Choose CSet: 0.0 ms]
      [Ref Proc: 0.1 ms]
      [Ref Enq: 0.0 ms]
      [Free CSet: 0.6 ms]
   [Eden: 1020.0M(1020.0M)->0.0B(1020.0M) Survivors: 96.0M->94.0M Heap: 1576.0M(1887.0M)->553.5M(1887.0M)]
 [Times: user=0.39 sys=0.00, real=0.05 secs] 
54.513: Total time for which application threads were stopped: 0.0499520 seconds, Stopping threads took: 0.0000630 seconds
55.009: Application time: 0.4960260 seconds
55.009: [GC pause (young), 0.0514860 secs]
   [Parallel Time: 49.9 ms, GC Workers: 8]
      [GC Worker Start (ms): Min: 55008.9, Avg: 55008.9, Max: 55008.9, Diff: 0.1]
      [Ext Root Scanning (ms): Min: 0.6, Avg: 0.7, Max: 0.7, Diff: 0.1, Sum: 5.4]
      [Update RS (ms): Min: 0.0, Avg: 0.0, Max: 0.0, Diff: 0.0, Sum: 0.1]
         [Processed Buffers: Min: 0, Avg: 1.0, Max: 3, Diff: 3, Sum: 8]
      [Scan RS (ms): Min: 0.4, Avg: 0.4, Max: 0.5, Diff: 0.1, Sum: 3.5]
      [Code Root Scanning (ms): Min: 0.0, Avg: 0.0, Max: 0.0, Diff: 0.0, Sum: 0.1]
      [Object Copy (ms): Min: 48.6, Avg: 48.7, Max: 48.7, Diff: 0.0, Sum: 389.3]
      [Termination (ms): Min: 0.0, Avg: 0.0, Max: 0.0, Diff: 0.0, Sum: 0.0]
      [GC Worker Other (ms): Min: 0.0, Avg: 0.1, Max: 0.1, Diff: 0.0, Sum: 0.4]
      [GC Worker Total (ms): Min: 49.8, Avg: 49.8, Max: 49.9, Diff: 0.1, Sum: 398.8]
      [GC Worker End (ms): Min: 55058.7, Avg: 55058.7, Max: 55058.8, Diff: 0.0]
   [Code Root Fixup: 0.1 ms]
   [Code Root Migration: 0.1 ms]
   [Clear CT: 0.5 ms]
   [Other: 0.8 ms]
      [Choose CSet: 0.0 ms]
      [Ref Proc: 0.1 ms]
      [Ref Enq: 0.0 ms]
      [Free CSet: 0.6 ms]
   [Eden: 1020.0M(1020.0M)->0.0B(1017.0M) Survivors: 94.0M->96.0M Heap: 1573.5M(1887.0M)->556.0M(1887.0M)]
 [Times: user=0.40 sys=0.00, real=0.05 secs] 
55.060: Total time for which application threads were stopped: 0.0516780 seconds, Stopping threads took: 0.0000650 seconds
55.560: Application time: 0.4994310 seconds
55.562: [GC pause (young), 0.0539580 secs]
   [Parallel Time: 52.4 ms, GC Workers: 8]
      [GC Worker Start (ms): Min: 55561.6, Avg: 55562.1, Max: 55565.6, Diff: 4.0]
      [Ext Root Scanning (ms): Min: 0.0, Avg: 0.6, Max: 0.8, Diff: 0.8, Sum: 4.9]
      [Update RS (ms): Min: 0.0, Avg: 0.0, Max: 0.0, Diff: 0.0, Sum: 0.1]
         [Processed Buffers: Min: 0, Avg: 1.0, Max: 3, Diff: 3, Sum: 8]
      [Scan RS (ms): Min: 0.2, Avg: 0.4, Max: 0.5, Diff: 0.3, Sum: 3.1]
      [Code Root Scanning (ms): Min: 0.0, Avg: 0.0, Max: 0.0, Diff: 0.0, Sum: 0.1]
      [Object Copy (ms): Min: 48.1, Avg: 50.7, Max: 51.2, Diff: 3.1, Sum: 406.0]
      [Termination (ms): Min: 0.0, Avg: 0.0, Max: 0.0, Diff: 0.0, Sum: 0.0]
      [GC Worker Other (ms): Min: 0.0, Avg: 0.1, Max: 0.1, Diff: 0.1, Sum: 0.5]
      [GC Worker Total (ms): Min: 48.4, Avg: 51.8, Max: 52.4, Diff: 4.0, Sum: 414.6]
      [GC Worker End (ms): Min: 55613.9, Avg: 55614.0, Max: 55614.0, Diff: 0.1]
   [Code Root Fixup: 0.1 ms]
   [Code Root Migration: 0.1 ms]
   [Clear CT: 0.4 ms]
   [Other: 0.9 ms]
      [Choose CSet: 0.0 ms]
      [Ref Proc: 0.1 ms]
      [Ref Enq: 0.0 ms]
      [Free CSet: 0.7 ms]
   [Eden: 1017.0M(1017.0M)->0.0B(1013.0M) Survivors: 96.0M->98.0M Heap: 1573.0M(1887.0M)->558.0M(1887.0M)]
 [Times: user=0.42 sys=0.00, real=0.06 secs] 
55.616: Total time for which application threads were stopped: 0.0557860 seconds, Stopping threads took: 0.0017010 seconds
56.112: Application time: 0.4958980 seconds
56.112: [GC pause (young), 0.0530810 secs]
   [Parallel Time: 51.6 ms, GC Workers: 8]
      [GC Worker Start (ms): Min: 56111.7, Avg: 56111.7, Max: 56111.7, Diff: 0.1]
      [Ext Root Scanning (ms): Min: 0.6, Avg: 0.7, Max: 0.7, Diff: 0.1, Sum: 5.3]
      [Update RS (ms): Min: 0.0, Avg: 0.0, Max: 0.0, Diff: 0.0, Sum: 0.1]
         [Processed Buffers: Min: 0, Avg: 0.9, Max: 3, Diff: 3, Sum: 7]
      [Scan RS (ms): Min: 0.4, Avg: 0.4, Max: 0.4, Diff: 0.1, Sum: 3.3]
      [Code Root Scanning (ms): Min: 0.0, Avg: 0.0, Max: 0.0, Diff: 0.0, Sum: 0.1]
      [Object Copy (ms): Min: 50.3, Avg: 50.3, Max: 50.4, Diff: 0.0, Sum: 402.8]
      [Termination (ms): Min: 0.0, Avg: 0.0, Max: 0.0, Diff: 0.0, Sum: 0.0]
      [GC Worker Other (ms): Min: 0.0, Avg: 0.1, Max: 0.1, Diff: 0.0, Sum: 0.5]
      [GC Worker Total (ms): Min: 51.4, Avg: 51.5, Max: 51.5, Diff: 0.1, Sum: 412.0]
      [GC Worker End (ms): Min: 56163.2, Avg: 56163.2, Max: 56163.2, Diff: 0.0]
   [Code Root Fixup: 0.1 ms]
   [Code Root Migration: 0.1 ms]
   [Clear CT: 0.5 ms]
   [Other: 0.8 ms]
      [Choose CSet: 0.0 ms]
      [Ref Proc: 0.1 ms]
      [Ref Enq: 0.0 ms]
      [Free CSet: 0.6 ms]
   [Eden: 1013.0M(1013.0M)->0.0B(1013.0M) Survivors: 98.0M->98.0M Heap: 1571.0M(1887.0M)->557.5M(1887.0M)]
 [Times: user=0.42 sys=0.00, real=0.05 secs] 
56.165: Total time for which application threads were stopped: 0.0532760 seconds, Stopping threads took: 0.0000610 seconds
56.666: Application time: 0.5007910 seconds
56.666: [GC pause (young), 0.0529810 secs]
   [Parallel Time: 51.4 ms, GC Workers: 8]
      [GC Worker Start (ms): Min: 56665.7, Avg: 56665.8, Max: 56665.8, Diff: 0.1]
      [Ext Root Scanning (ms): Min: 0.6, Avg: 0.7, Max: 0.7, Diff: 0.1, Sum: 5.4]
      [Update RS (ms): Min: 0.0, Avg: 0.0, Max: 0.0, Diff: 0.0, Sum: 0.1]
         [Processed Buffers: Min: 0, Avg: 1.0, Max: 2, Diff: 2, Sum: 8]
      [Scan RS (ms): Min: 0.4, Avg: 0.4, Max: 0.5, Diff: 0.1, Sum: 3.5]
      [Code Root Scanning (ms): Min: 0.0, Avg: 0.0, Max: 0.0, Diff: 0.0, Sum: 0.1]
      [Object Copy (ms): Min: 50.2, Avg: 50.2, Max: 50.2, Diff: 0.0, Sum: 401.5]
      [Termination (ms): Min: 0.0, Avg: 0.0, Max: 0.0, Diff: 0.0, Sum: 0.0]
      [GC Worker Other (ms): Min: 0.0, Avg: 0.1, Max: 0.1, Diff: 0.0, Sum: 0.5]
      [GC Worker Total (ms): Min: 51.3, Avg: 51.4, Max: 51.4, Diff: 0.1, Sum: 411.0]
      [GC Worker End (ms): Min: 56717.1, Avg: 56717.1, Max: 56717.1, Diff: 0.0]
   [Code Root Fixup: 0.1 ms]
   [Code Root Migration: 0.1 ms]
   [Clear CT: 0.4 ms]
   [Other: 0.8 ms]
      [Choose CSet: 0.0 ms]
      [Ref Proc: 0.1 ms]
      [Ref Enq: 0.0 ms]
      [Free CSet: 0.7 ms]
   [Eden: 1013.0M(1013.0M)->0.0B(1016.0M) Survivors: 98.0M->95.0M Heap: 1570.5M(1887.0M)->554.5M(1887.0M)]
 [Times: user=0.42 sys=0.00, real=0.05 secs] 
56.719: Total time for which application threads were stopped: 0.0531570 seconds, Stopping threads took: 0.0000500 seconds
57.227: Application time: 0.5080450 seconds
57.227: [GC pause (young), 0.0434590 secs]
   [Parallel Time: 41.9 ms, GC Workers: 8]
      [GC Worker Start (ms): Min: 57226.9, Avg: 57226.9, Max: 57227.0, Diff: 0.1]
      [Ext Root Scanning (ms): Min: 0.6, Avg: 0.7, Max: 0.7, Diff: 0.1, Sum: 5.3]
      [Update RS (ms): Min: 0.0, Avg: 0.0, Max: 0.0, Diff: 0.0, Sum: 0.1]
         [Processed Buffers: Min: 0, Avg: 1.0, Max: 3, Diff: 3, Sum: 8]
      [Scan RS (ms): Min: 0.4, Avg: 0.4, Max: 0.5, Diff: 0.1, Sum: 3.5]
      [Code Root Scanning (ms): Min: 0.0, Avg: 0.0, Max: 0.0, Diff: 0.0, Sum: 0.1]
      [Object Copy (ms): Min: 40.6, Avg: 40.6, Max: 40.6, Diff: 0.1, Sum: 324.8]
      [Termination (ms): Min: 0.0, Avg: 0.0, Max: 0.0, Diff: 0.0, Sum: 0.0]
      [GC Worker Other (ms): Min: 0.0, Avg: 0.1, Max: 0.1, Diff: 0.1, Sum: 0.5]
      [GC Worker Total (ms): Min: 41.7, Avg: 41.8, Max: 41.8, Diff: 0.1, Sum: 334.3]
      [GC Worker End (ms): Min: 57268.7, Avg: 57268.7, Max: 57268.8, Diff: 0.1]
   [Code Root Fixup: 0.1 ms]
   [Code Root Migration: 0.1 ms]
   [Clear CT: 0.4 ms]
   [Other: 0.9 ms]
      [Choose CSet: 0.0 ms]
      [Ref Proc: 0.2 ms]
      [Ref Enq: 0.0 ms]
      [Free CSet: 0.7 ms]
   [Eden: 1016.0M(1016.0M)->0.0B(1042.0M) Survivors: 95.0M->75.0M Heap: 1570.5M(1887.0M)->535.0M(1887.0M)]
 [Times: user=0.34 sys=0.00, real=0.04 secs] 
57.270: Total time for which application threads were stopped: 0.0436830 seconds, Stopping threads took: 0.0000370 seconds
57.779: Application time: 0.5083120 seconds
57.779: [GC pause (young), 0.0384970 secs]
   [Parallel Time: 37.0 ms, GC Workers: 8]
      [GC Worker Start (ms): Min: 57778.9, Avg: 57779.9, Max: 57781.6, Diff: 2.7]
      [Ext Root Scanning (ms): Min: 0.0, Avg: 0.5, Max: 0.8, Diff: 0.8, Sum: 3.8]
      [Update RS (ms): Min: 0.0, Avg: 0.0, Max: 0.0, Diff: 0.0, Sum: 0.1]
         [Processed Buffers: Min: 0, Avg: 1.0, Max: 4, Diff: 4, Sum: 8]
      [Scan RS (ms): Min: 0.0, Avg: 0.3, Max: 0.5, Diff: 0.4, Sum: 2.3]
      [Code Root Scanning (ms): Min: 0.0, Avg: 0.0, Max: 0.0, Diff: 0.0, Sum: 0.1]
      [Object Copy (ms): Min: 34.2, Avg: 35.1, Max: 35.7, Diff: 1.5, Sum: 280.8]
      [Termination (ms): Min: 0.0, Avg: 0.0, Max: 0.0, Diff: 0.0, Sum: 0.0]
      [GC Worker Other (ms): Min: 0.0, Avg: 0.1, Max: 0.1, Diff: 0.1, Sum: 0.5]
      [GC Worker Total (ms): Min: 34.3, Avg: 35.9, Max: 36.9, Diff: 2.7, Sum: 287.5]
      [GC Worker End (ms): Min: 57815.8, Avg: 57815.9, Max: 57815.9, Diff: 0.1]
   [Code Root Fixup: 0.1 ms]
   [Code Root Migration: 0.1 ms]
   [Clear CT: 0.4 ms]
   [Other: 0.8 ms]
      [Choose CSet: 0.0 ms]
      [Ref Proc: 0.1 ms]
      [Ref Enq: 0.0 ms]
      [Free CSet: 0.7 ms]
   [Eden: 1042.0M(1042.0M)->0.0B(1052.0M) Survivors: 75.0M->71.0M Heap: 1577.0M(1887.0M)->530.5M(1887.0M)]
 [Times: user=0.29 sys=0.00, real=0.04 secs] 
57.817: Total time for which application threads were stopped: 0.0386820 seconds, Stopping threads took: 0.0000490 seconds
58.328: Application time: 0.5103180 seconds
58.328: [GC pause (young), 0.0460110 secs]
   [Parallel Time: 44.4 ms, GC Workers: 8]
      [GC Worker Start (ms): Min: 58328.0, Avg: 58328.0, Max: 58328.0, Diff: 0.1]
      [Ext Root Scanning (ms): Min: 0.7, Avg: 0.7, Max: 0.7, Diff: 0.1, Sum: 5.5]
      [Update RS (ms): Min: 0.0, Avg: 0.0, Max: 0.1, Diff: 0.1, Sum: 0.1]
         [Processed Buffers: Min: 0, Avg: 0.9, Max: 4, Diff: 4, Sum: 7]
      [Scan RS (ms): Min: 0.4, Avg: 0.4, Max: 0.5, Diff: 0.1, Sum: 3.6]
      [Code Root Scanning (ms): Min: 0.0, Avg: 0.0, Max: 0.0, Diff: 0.0, Sum: 0.1]
      [Object Copy (ms): Min: 43.1, Avg: 43.2, Max: 43.2, Diff: 0.1, Sum: 345.3]
      [Termination (ms): Min: 0.0, Avg: 0.0, Max: 0.0, Diff: 0.0, Sum: 0.0]
      [GC Worker Other (ms): Min: 0.0, Avg: 0.1, Max: 0.1, Diff: 0.0, Sum: 0.5]
      [GC Worker Total (ms): Min: 44.3, Avg: 44.4, Max: 44.4, Diff: 0.1, Sum: 355.1]
      [GC Worker End (ms): Min: 58372.3, Avg: 58372.4, Max: 58372.4, Diff: 0.0]
   [Code Root Fixup: 0.1 ms]
   [Code Root Migration: 0.1 ms]
   [Clear CT: 0.4 ms]
   [Other: 0.9 ms]
      [Choose CSet: 0.0 ms]
      [Ref Proc: 0.1 ms]
      [Ref Enq: 0.0 ms]
      [Free CSet: 0.7 ms]
   [Eden: 1052.0M(1052.0M)->0.0B(1034.0M) Survivors: 71.0M->88.0M Heap: 1582.5M(1887.0M)->547.5M(1887.0M)]
 [Times: user=0.36 sys=0.00, real=0.05 secs] 
58.374: Total time for which application threads were stopped: 0.0462140 seconds, Stopping threads took: 0.0000750 seconds
58.884: Application time: 0.5099980 seconds
58.884: [GC pause (young), 0.0526570 secs]
   [Parallel Time: 51.1 ms, GC Workers: 8]
      [GC Worker Start (ms): Min: 58884.2, Avg: 58884.2, Max: 58884.2, Diff: 0.1]
      [Ext Root Scanning (ms): Min: 0.6, Avg: 0.7, Max: 0.7, Diff: 0.1, Sum: 5.3]
      [Update RS (ms): Min: 0.0, Avg: 0.0, Max: 0.1, Diff: 0.1, Sum: 0.1]
         [Processed Buffers: Min: 0, Avg: 0.8, Max: 3, Diff: 3, Sum: 6]
      [Scan RS (ms): Min: 0.4, Avg: 0.4, Max: 0.5, Diff: 0.1, Sum: 3.6]
      [Code Root Scanning (ms): Min: 0.0, Avg: 0.0, Max: 0.0, Diff: 0.0, Sum: 0.1]
      [Object Copy (ms): Min: 49.8, Avg: 49.8, Max: 49.9, Diff: 0.1, Sum: 398.7]
      [Termination (ms): Min: 0.0, Avg: 0.0, Max: 0.0, Diff: 0.0, Sum: 0.0]
      [GC Worker Other (ms): Min: 0.0, Avg: 0.1, Max: 0.1, Diff: 0.0, Sum: 0.4]
      [GC Worker Total (ms): Min: 51.0, Avg: 51.0, Max: 51.1, Diff: 0.1, Sum: 408.3]
      [GC Worker End (ms): Min: 58935.2, Avg: 58935.2, Max: 58935.2, Diff: 0.0]
   [Code Root Fixup: 0.1 ms]
   [Code Root Migration: 0.1 ms]
   [Clear CT: 0.5 ms]
   [Other: 0.8 ms]
      [Choose CSet: 0.0 ms]
      [Ref Proc: 0.1 ms]
      [Ref Enq: 0.0 ms]
      [Free CSet: 0.7 ms]
   [Eden: 1034.0M(1034.0M)->0.0B(1019.0M) Survivors: 88.0M->98.0M Heap: 1581.5M(1887.0M)->557.5M(1887.0M)]
 [Times: user=0.41 sys=0.00, real=0.06 secs] 
58.937: Total time for which application threads were stopped: 0.0528480 seconds, Stopping threads took: 0.0000510 seconds
59.426: Application time: 0.4888110 seconds
59.426: [GC pause (young), 0.0593500 secs]
   [Parallel Time: 57.7 ms, GC Workers: 8]
      [GC Worker Start (ms): Min: 59425.8, Avg: 59425.8, Max: 59425.9, Diff: 0.1]
      [Ext Root Scanning (ms): Min: 0.6, Avg: 0.6, Max: 0.7, Diff: 0.1, Sum: 5.1]
      [Update RS (ms): Min: 0.0, Avg: 0.0, Max: 0.1, Diff: 0.1, Sum: 0.1]
         [Processed Buffers: Min: 0, Avg: 1.1, Max: 4, Diff: 4, Sum: 9]
      [Scan RS (ms): Min: 0.4, Avg: 0.4, Max: 0.5, Diff: 0.1, Sum: 3.4]
      [Code Root Scanning (ms): Min: 0.0, Avg: 0.0, Max: 0.0, Diff: 0.0, Sum: 0.1]
      [Object Copy (ms): Min: 56.5, Avg: 56.5, Max: 56.5, Diff: 0.1, Sum: 451.9]
      [Termination (ms): Min: 0.0, Avg: 0.0, Max: 0.0, Diff: 0.0, Sum: 0.0]
      [GC Worker Other (ms): Min: 0.0, Avg: 0.1, Max: 0.1, Diff: 0.0, Sum: 0.5]
      [GC Worker Total (ms): Min: 57.6, Avg: 57.6, Max: 57.7, Diff: 0.1, Sum: 461.0]
      [GC Worker End (ms): Min: 59483.5, Avg: 59483.5, Max: 59483.5, Diff: 0.0]
   [Code Root Fixup: 0.1 ms]
   [Code Root Migration: 0.1 ms]
   [Clear CT: 0.5 ms]
   [Other: 0.9 ms]
      [Choose CSet: 0.0 ms]
      [Ref Proc: 0.1 ms]
      [Ref Enq: 0.0 ms]
      [Free CSet: 0.7 ms]
   [Eden: 1019.0M(1019.0M)->0.0B(1003.0M) Survivors: 98.0M->108.0M Heap: 1576.5M(1887.0M)->568.0M(1887.0M)]
 [Times: user=0.47 sys=0.00, real=0.05 secs] 
59.485: Total time for which application threads were stopped: 0.0595370 seconds, Stopping threads took: 0.0000570 seconds
59.975: Application time: 0.4893010 seconds
59.975: [GC pause (young), 0.0559150 secs]
   [Parallel Time: 54.2 ms, GC Workers: 8]
      [GC Worker Start (ms): Min: 59974.7, Avg: 59974.7, Max: 59974.7, Diff: 0.1]
      [Ext Root Scanning (ms): Min: 0.6, Avg: 0.7, Max: 0.7, Diff: 0.1, Sum: 5.3]
      [Update RS (ms): Min: 0.0, Avg: 0.0, Max: 0.0, Diff: 0.0, Sum: 0.1]
         [Processed Buffers: Min: 0, Avg: 0.9, Max: 3, Diff: 3, Sum: 7]
      [Scan RS (ms): Min: 0.4, Avg: 0.4, Max: 0.4, Diff: 0.1, Sum: 3.4]
      [Code Root Scanning (ms): Min: 0.0, Avg: 0.0, Max: 0.0, Diff: 0.0, Sum: 0.1]
      [Object Copy (ms): Min: 52.9, Avg: 53.0, Max: 53.0, Diff: 0.0, Sum: 423.6]
      [Termination (ms): Min: 0.0, Avg: 0.0, Max: 0.0, Diff: 0.0, Sum: 0.0]
      [GC Worker Other (ms): Min: 0.0, Avg: 0.1, Max: 0.1, Diff: 0.0, Sum: 0.5]
      [GC Worker Total (ms): Min: 54.1, Avg: 54.1, Max: 54.1, Diff: 0.1, Sum: 432.9]
      [GC Worker End (ms): Min: 60028.8, Avg: 60028.8, Max: 60028.8, Diff: 0.0]
   [Code Root Fixup: 0.1 ms]
   [Code Root Migration: 0.2 ms]
   [Clear CT: 0.4 ms]
   [Other: 1.0 ms]
      [Choose CSet: 0.0 ms]
      [Ref Proc: 0.1 ms]
      [Ref Enq: 0.0 ms]
      [Free CSet: 0.8 ms]
   [Eden: 1003.0M(1003.0M)->0.0B(1008.0M) Survivors: 108.0M->101.0M Heap: 1571.0M(1887.0M)->561.1M(1887.0M)]
 [Times: user=0.44 sys=0.00, real=0.05 secs] 
60.031: Total time for which application threads were stopped: 0.0561320 seconds, Stopping threads took: 0.0000750 seconds
60.523: Application time: 0.4927210 seconds
60.523: [GC pause (young), 0.0543210 secs]
   [Parallel Time: 52.8 ms, GC Workers: 8]
      [GC Worker Start (ms): Min: 60523.5, Avg: 60523.5, Max: 60523.6, Diff: 0.1]
      [Ext Root Scanning (ms): Min: 0.6, Avg: 0.7, Max: 0.7, Diff: 0.1, Sum: 5.4]
      [Update RS (ms): Min: 0.0, Avg: 0.0, Max: 0.0, Diff: 0.0, Sum: 0.1]
         [Processed Buffers: Min: 0, Avg: 0.9, Max: 2, Diff: 2, Sum: 7]
      [Scan RS (ms): Min: 0.4, Avg: 0.4, Max: 0.5, Diff: 0.1, Sum: 3.4]
      [Code Root Scanning (ms): Min: 0.0, Avg: 0.0, Max: 0.0, Diff: 0.0, Sum: 0.1]
      [Object Copy (ms): Min: 51.5, Avg: 51.6, Max: 51.6, Diff: 0.1, Sum: 412.5]
      [Termination (ms): Min: 0.0, Avg: 0.0, Max: 0.0, Diff: 0.0, Sum: 0.0]
      [GC Worker Other (ms): Min: 0.0, Avg: 0.1, Max: 0.1, Diff: 0.0, Sum: 0.5]
      [GC Worker Total (ms): Min: 52.7, Avg: 52.7, Max: 52.8, Diff: 0.1, Sum: 422.0]
      [GC Worker End (ms): Min: 60576.3, Avg: 60576.3, Max: 60576.3, Diff: 0.0]
   [Code Root Fixup: 0.1 ms]
   [Code Root Migration: 0.1 ms]
   [Clear CT: 0.4 ms]
   [Other: 0.8 ms]
      [Choose CSet: 0.0 ms]
      [Ref Proc: 0.1 ms]
      [Ref Enq: 0.0 ms]
      [Free CSet: 0.6 ms]
   [Eden: 1008.0M(1008.0M)->0.0B(1008.0M) Survivors: 101.0M->100.0M Heap: 1569.1M(1887.0M)->559.6M(1887.0M)]
 [Times: user=0.42 sys=0.00, real=0.06 secs] 
60.578: Total time for which application threads were stopped: 0.0545130 seconds, Stopping threads took: 0.0000590 seconds
61.085: Application time: 0.5066700 seconds
61.085: [GC pause (young), 0.0515850 secs]
   [Parallel Time: 50.0 ms, GC Workers: 8]
      [GC Worker Start (ms): Min: 61084.7, Avg: 61084.7, Max: 61084.8, Diff: 0.1]
      [Ext Root Scanning (ms): Min: 0.6, Avg: 0.7, Max: 0.7, Diff: 0.1, Sum: 5.2]
      [Update RS (ms): Min: 0.0, Avg: 0.0, Max: 0.1, Diff: 0.1, Sum: 0.1]
         [Processed Buffers: Min: 0, Avg: 0.9, Max: 3, Diff: 3, Sum: 7]
      [Scan RS (ms): Min: 0.4, Avg: 0.4, Max: 0.5, Diff: 0.1, Sum: 3.5]
      [Code Root Scanning (ms): Min: 0.0, Avg: 0.0, Max: 0.0, Diff: 0.0, Sum: 0.1]
      [Object Copy (ms): Min: 48.7, Avg: 48.7, Max: 48.8, Diff: 0.1, Sum: 389.8]
      [Termination (ms): Min: 0.0, Avg: 0.0, Max: 0.0, Diff: 0.0, Sum: 0.0]
      [GC Worker Other (ms): Min: 0.0, Avg: 0.1, Max: 0.1, Diff: 0.1, Sum: 0.4]
      [GC Worker Total (ms): Min: 49.9, Avg: 49.9, Max: 49.9, Diff: 0.1, Sum: 399.2]
      [GC Worker End (ms): Min: 61134.6, Avg: 61134.6, Max: 61134.7, Diff: 0.1]
   [Code Root Fixup: 0.1 ms]
   [Code Root Migration: 0.1 ms]
   [Clear CT: 0.4 ms]
   [Other: 0.9 ms]
      [Choose CSet: 0.0 ms]
      [Ref Proc: 0.2 ms]
      [Ref Enq: 0.0 ms]
      [Free CSet: 0.7 ms]
   [Eden: 1008.0M(1008.0M)->0.0B(1019.0M) Survivors: 100.0M->91.0M Heap: 1567.6M(1887.0M)->551.1M(1887.0M)]
 [Times: user=0.41 sys=0.00, real=0.06 secs] 
61.136: Total time for which application threads were stopped: 0.0517750 seconds, Stopping threads took: 0.0000580 seconds
61.642: Application time: 0.5055040 seconds
61.642: [GC pause (young), 0.0524480 secs]
   [Parallel Time: 50.8 ms, GC Workers: 8]
      [GC Worker Start (ms): Min: 61642.0, Avg: 61642.0, Max: 61642.0, Diff: 0.1]
      [Ext Root Scanning (ms): Min: 0.6, Avg: 0.6, Max: 0.7, Diff: 0.1, Sum: 5.2]
      [Update RS (ms): Min: 0.0, Avg: 0.0, Max: 0.1, Diff: 0.1, Sum: 0.1]
         [Processed Buffers: Min: 0, Avg: 1.1, Max: 6, Diff: 6, Sum: 9]
      [Scan RS (ms): Min: 0.4, Avg: 0.4, Max: 0.5, Diff: 0.1, Sum: 3.5]
      [Code Root Scanning (ms): Min: 0.0, Avg: 0.0, Max: 0.0, Diff: 0.0, Sum: 0.1]
      [Object Copy (ms): Min: 49.5, Avg: 49.5, Max: 49.6, Diff: 0.1, Sum: 396.3]
      [Termination (ms): Min: 0.0, Avg: 0.0, Max: 0.0, Diff: 0.0, Sum: 0.1]
      [GC Worker Other (ms): Min: 0.0, Avg: 0.1, Max: 0.1, Diff: 0.1, Sum: 0.6]
      [GC Worker Total (ms): Min: 50.7, Avg: 50.7, Max: 50.8, Diff: 0.1, Sum: 405.8]
      [GC Worker End (ms): Min: 61692.7, Avg: 61692.7, Max: 61692.8, Diff: 0.1]
   [Code Root Fixup: 0.1 ms]
   [Code Root Migration: 0.1 ms]
   [Clear CT: 0.5 ms]
   [Other: 0.9 ms]
      [Choose CSet: 0.0 ms]
      [Ref Proc: 0.1 ms]
      [Ref Enq: 0.0 ms]
      [Free CSet: 0.7 ms]
   [Eden: 1019.0M(1019.0M)->0.0B(1019.0M) Survivors: 91.0M->92.0M Heap: 1570.1M(1887.0M)->552.1M(1887.0M)]
 [Times: user=0.41 sys=0.00, real=0.06 secs] 
61.694: Total time for which application threads were stopped: 0.0526280 seconds, Stopping threads took: 0.0000540 seconds
62.203: Application time: 0.5084080 seconds
62.203: [GC pause (young), 0.0506780 secs]
   [Parallel Time: 49.2 ms, GC Workers: 8]
      [GC Worker Start (ms): Min: 62203.0, Avg: 62203.1, Max: 62203.1, Diff: 0.1]
      [Ext Root Scanning (ms): Min: 0.6, Avg: 0.6, Max: 0.7, Diff: 0.1, Sum: 5.2]
      [Update RS (ms): Min: 0.0, Avg: 0.0, Max: 0.0, Diff: 0.0, Sum: 0.1]
         [Processed Buffers: Min: 0, Avg: 0.9, Max: 4, Diff: 4, Sum: 7]
      [Scan RS (ms): Min: 0.4, Avg: 0.4, Max: 0.4, Diff: 0.0, Sum: 3.4]
      [Code Root Scanning (ms): Min: 0.0, Avg: 0.0, Max: 0.0, Diff: 0.0, Sum: 0.1]
      [Object Copy (ms): Min: 47.9, Avg: 48.0, Max: 48.0, Diff: 0.1, Sum: 383.7]
      [Termination (ms): Min: 0.0, Avg: 0.0, Max: 0.0, Diff: 0.0, Sum: 0.0]
      [GC Worker Other (ms): Min: 0.0, Avg: 0.1, Max: 0.1, Diff: 0.1, Sum: 0.6]
      [GC Worker Total (ms): Min: 49.1, Avg: 49.1, Max: 49.1, Diff: 0.0, Sum: 393.0]
      [GC Worker End (ms): Min: 62252.2, Avg: 62252.2, Max: 62252.2, Diff: 0.0]
   [Code Root Fixup: 0.1 ms]
   [Code Root Migration: 0.1 ms]
   [Clear CT: 0.5 ms]
   [Other: 0.8 ms]
      [Choose CSet: 0.0 ms]
      [Ref Proc: 0.1 ms]
      [Ref Enq: 0.0 ms]
      [Free CSet: 0.7 ms]
   [Eden: 1019.0M(1019.0M)->0.0B(1024.0M) Survivors: 92.0M->89.0M Heap: 1571.1M(1887.0M)->548.6M(1887.0M)]
 [Times: user=0.40 sys=0.00, real=0.06 secs] 
62.254: Total time for which application threads were stopped: 0.0508680 seconds, Stopping threads took: 0.0000550 seconds
62.764: Application time: 0.5104750 seconds
62.764: [GC pause (young), 0.0378240 secs]
   [Parallel Time: 36.3 ms, GC Workers: 8]
      [GC Worker Start (ms): Min: 62764.4, Avg: 62765.2, Max: 62770.5, Diff: 6.1]
      [Ext Root Scanning (ms): Min: 0.0, Avg: 0.6, Max: 0.8, Diff: 0.8, Sum: 4.8]
      [Update RS (ms): Min: 0.0, Avg: 0.0, Max: 0.0, Diff: 0.0, Sum: 0.1]
         [Processed Buffers: Min: 0, Avg: 1.0, Max: 4, Diff: 4, Sum: 8]
      [Scan RS (ms): Min: 0.2, Avg: 0.4, Max: 0.5, Diff: 0.3, Sum: 3.3]
      [Code Root Scanning (ms): Min: 0.0, Avg: 0.0, Max: 0.0, Diff: 0.0, Sum: 0.1]
      [Object Copy (ms): Min: 29.9, Avg: 34.4, Max: 35.1, Diff: 5.2, Sum: 275.2]
      [Termination (ms): Min: 0.0, Avg: 0.0, Max: 0.0, Diff: 0.0, Sum: 0.0]
      [GC Worker Other (ms): Min: 0.0, Avg: 0.1, Max: 0.1, Diff: 0.1, Sum: 0.5]
      [GC Worker Total (ms): Min: 30.2, Avg: 35.5, Max: 36.3, Diff: 6.1, Sum: 284.0]
      [GC Worker End (ms): Min: 62800.6, Avg: 62800.7, Max: 62800.7, Diff: 0.1]
   [Code Root Fixup: 0.1 ms]
   [Code Root Migration: 0.1 ms]
   [Clear CT: 0.4 ms]
   [Other: 0.8 ms]
      [Choose CSet: 0.0 ms]
      [Ref Proc: 0.1 ms]
      [Ref Enq: 0.0 ms]
      [Free CSet: 0.7 ms]
   [Eden: 1024.0M(1024.0M)->0.0B(1053.0M) Survivors: 89.0M->69.0M Heap: 1572.6M(1887.0M)->529.1M(1887.0M)]
 [Times: user=0.29 sys=0.00, real=0.04 secs] 
62.802: Total time for which application threads were stopped: 0.0380270 seconds, Stopping threads took: 0.0000550 seconds
63.313: Application time: 0.5110550 seconds
63.313: [GC pause (young), 0.0411670 secs]
   [Parallel Time: 39.4 ms, GC Workers: 8]
      [GC Worker Start (ms): Min: 63313.4, Avg: 63313.5, Max: 63313.5, Diff: 0.1]
      [Ext Root Scanning (ms): Min: 0.7, Avg: 0.7, Max: 0.7, Diff: 0.1, Sum: 5.7]
      [Update RS (ms): Min: 0.0, Avg: 0.0, Max: 0.0, Diff: 0.0, Sum: 0.1]
         [Processed Buffers: Min: 0, Avg: 1.1, Max: 3, Diff: 3, Sum: 9]
      [Scan RS (ms): Min: 0.4, Avg: 0.5, Max: 0.5, Diff: 0.1, Sum: 3.6]
      [Code Root Scanning (ms): Min: 0.0, Avg: 0.0, Max: 0.0, Diff: 0.0, Sum: 0.1]
      [Object Copy (ms): Min: 38.1, Avg: 38.1, Max: 38.2, Diff: 0.2, Sum: 304.9]
      [Termination (ms): Min: 0.0, Avg: 0.0, Max: 0.0, Diff: 0.0, Sum: 0.0]
      [GC Worker Other (ms): Min: 0.0, Avg: 0.1, Max: 0.1, Diff: 0.1, Sum: 0.5]
      [GC Worker Total (ms): Min: 39.3, Avg: 39.4, Max: 39.4, Diff: 0.1, Sum: 314.9]
      [GC Worker End (ms): Min: 63352.8, Avg: 63352.8, Max: 63352.9, Diff: 0.1]
   [Code Root Fixup: 0.1 ms]
   [Code Root Migration: 0.1 ms]
   [Clear CT: 0.5 ms]
   [Other: 1.0 ms]
      [Choose CSet: 0.0 ms]
      [Ref Proc: 0.1 ms]
      [Ref Enq: 0.0 ms]
      [Free CSet: 0.8 ms]
   [Eden: 1053.0M(1053.0M)->0.0B(1047.0M) Survivors: 69.0M->77.0M Heap: 1582.1M(1887.0M)->537.1M(1887.0M)]
 [Times: user=0.32 sys=0.00, real=0.05 secs] 
63.355: Total time for which application threads were stopped: 0.0413340 seconds, Stopping threads took: 0.0000430 seconds
63.867: Application time: 0.5124230 seconds
63.867: [GC pause (young), 0.0434880 secs]
   [Parallel Time: 41.8 ms, GC Workers: 8]
      [GC Worker Start (ms): Min: 63867.2, Avg: 63867.2, Max: 63867.3, Diff: 0.1]
      [Ext Root Scanning (ms): Min: 0.6, Avg: 0.7, Max: 0.7, Diff: 0.1, Sum: 5.3]
      [Update RS (ms): Min: 0.0, Avg: 0.0, Max: 0.1, Diff: 0.1, Sum: 0.1]
         [Processed Buffers: Min: 0, Avg: 1.1, Max: 5, Diff: 5, Sum: 9]
      [Scan RS (ms): Min: 0.4, Avg: 0.5, Max: 0.5, Diff: 0.1, Sum: 3.6]
      [Code Root Scanning (ms): Min: 0.0, Avg: 0.0, Max: 0.0, Diff: 0.0, Sum: 0.1]
      [Object Copy (ms): Min: 40.5, Avg: 40.6, Max: 40.6, Diff: 0.1, Sum: 324.4]
      [Termination (ms): Min: 0.0, Avg: 0.0, Max: 0.0, Diff: 0.0, Sum: 0.0]
      [GC Worker Other (ms): Min: 0.0, Avg: 0.1, Max: 0.1, Diff: 0.1, Sum: 0.4]
      [GC Worker Total (ms): Min: 41.7, Avg: 41.8, Max: 41.8, Diff: 0.1, Sum: 334.0]
      [GC Worker End (ms): Min: 63909.0, Avg: 63909.0, Max: 63909.0, Diff: 0.1]
   [Code Root Fixup: 0.1 ms]
   [Code Root Migration: 0.1 ms]
   [Clear CT: 0.5 ms]
   [Other: 1.0 ms]
      [Choose CSet: 0.0 ms]
      [Ref Proc: 0.1 ms]
      [Ref Enq: 0.0 ms]
      [Free CSet: 0.7 ms]
   [Eden: 1047.0M(1047.0M)->0.0B(1042.0M) Survivors: 77.0M->82.0M Heap: 1584.1M(1887.0M)->542.1M(1887.0M)]
 [Times: user=0.34 sys=0.00, real=0.04 secs] 
63.911: Total time for which application threads were stopped: 0.0436770 seconds, Stopping threads took: 0.0000480 seconds
64.413: Application time: 0.5019040 seconds
64.413: [GC pause (young), 0.0551120 secs]
   [Parallel Time: 53.5 ms, GC Workers: 8]
      [GC Worker Start (ms): Min: 64412.8, Avg: 64412.8, Max: 64412.8, Diff: 0.1]
      [Ext Root Scanning (ms): Min: 0.7, Avg: 0.7, Max: 0.8, Diff: 0.1, Sum: 5.5]
      [Update RS (ms): Min: 0.0, Avg: 0.0, Max: 0.1, Diff: 0.1, Sum: 0.1]
         [Processed Buffers: Min: 0, Avg: 1.1, Max: 2, Diff: 2, Sum: 9]
      [Scan RS (ms): Min: 0.4, Avg: 0.4, Max: 0.5, Diff: 0.1, Sum: 3.6]
      [Code Root Scanning (ms): Min: 0.0, Avg: 0.0, Max: 0.0, Diff: 0.0, Sum: 0.1]
      [Object Copy (ms): Min: 52.2, Avg: 52.3, Max: 52.3, Diff: 0.1, Sum: 418.0]
      [Termination (ms): Min: 0.0, Avg: 0.0, Max: 0.0, Diff: 0.0, Sum: 0.0]
      [GC Worker Other (ms): Min: 0.0, Avg: 0.0, Max: 0.1, Diff: 0.0, Sum: 0.4]
      [GC Worker Total (ms): Min: 53.4, Avg: 53.5, Max: 53.5, Diff: 0.0, Sum: 427.6]
      [GC Worker End (ms): Min: 64466.3, Avg: 64466.3, Max: 64466.3, Diff: 0.0]
   [Code Root Fixup: 0.1 ms]
   [Code Root Migration: 0.1 ms]
   [Clear CT: 0.5 ms]
   [Other: 0.8 ms]
      [Choose CSet: 0.0 ms]
      [Ref Proc: 0.1 ms]
      [Ref Enq: 0.0 ms]
      [Free CSet: 0.7 ms]
   [Eden: 1042.0M(1042.0M)->0.0B(1014.0M) Survivors: 82.0M->104.0M Heap: 1584.1M(1887.0M)->563.6M(1887.0M)]
 [Times: user=0.43 sys=0.00, real=0.06 secs] 
64.468: Total time for which application threads were stopped: 0.0552840 seconds, Stopping threads took: 0.0000440 seconds
64.961: Application time: 0.4930180 seconds
64.961: [GC pause (young), 0.0605340 secs]
   [Parallel Time: 58.9 ms, GC Workers: 8]
      [GC Worker Start (ms): Min: 64961.1, Avg: 64961.1, Max: 64961.2, Diff: 0.1]
      [Ext Root Scanning (ms): Min: 0.6, Avg: 0.7, Max: 0.7, Diff: 0.1, Sum: 5.2]
      [Update RS (ms): Min: 0.0, Avg: 0.0, Max: 0.0, Diff: 0.0, Sum: 0.1]
         [Processed Buffers: Min: 0, Avg: 1.0, Max: 3, Diff: 3, Sum: 8]
      [Scan RS (ms): Min: 0.4, Avg: 0.4, Max: 0.5, Diff: 0.1, Sum: 3.4]
      [Code Root Scanning (ms): Min: 0.0, Avg: 0.0, Max: 0.0, Diff: 0.0, Sum: 0.0]
      [Object Copy (ms): Min: 57.7, Avg: 57.7, Max: 57.7, Diff: 0.0, Sum: 461.6]
      [Termination (ms): Min: 0.0, Avg: 0.0, Max: 0.0, Diff: 0.0, Sum: 0.0]
      [GC Worker Other (ms): Min: 0.0, Avg: 0.1, Max: 0.1, Diff: 0.0, Sum: 0.5]
      [GC Worker Total (ms): Min: 58.8, Avg: 58.9, Max: 58.9, Diff: 0.1, Sum: 470.9]
      [GC Worker End (ms): Min: 65020.0, Avg: 65020.0, Max: 65020.0, Diff: 0.0]
   [Code Root Fixup: 0.1 ms]
   [Code Root Migration: 0.1 ms]
   [Clear CT: 0.4 ms]
   [Other: 0.9 ms]
      [Choose CSet: 0.0 ms]
      [Ref Proc: 0.1 ms]
      [Ref Enq: 0.0 ms]
      [Free CSet: 0.8 ms]
   [Eden: 1014.0M(1014.0M)->0.0B(1003.0M) Survivors: 104.0M->109.0M Heap: 1577.6M(1887.0M)->569.1M(1887.0M)]
 [Times: user=0.47 sys=0.00, real=0.06 secs] 
65.022: Total time for which application threads were stopped: 0.0607140 seconds, Stopping threads took: 0.0000540 seconds
65.518: Application time: 0.4958720 seconds
65.518: [GC pause (young), 0.0532180 secs]
   [Parallel Time: 51.7 ms, GC Workers: 8]
      [GC Worker Start (ms): Min: 65517.7, Avg: 65517.8, Max: 65517.8, Diff: 0.1]
      [Ext Root Scanning (ms): Min: 0.6, Avg: 0.6, Max: 0.7, Diff: 0.1, Sum: 5.1]
      [Update RS (ms): Min: 0.0, Avg: 0.0, Max: 0.0, Diff: 0.0, Sum: 0.1]
         [Processed Buffers: Min: 0, Avg: 1.2, Max: 4, Diff: 4, Sum: 10]
      [Scan RS (ms): Min: 0.4, Avg: 0.4, Max: 0.4, Diff: 0.1, Sum: 3.3]
      [Code Root Scanning (ms): Min: 0.0, Avg: 0.0, Max: 0.0, Diff: 0.0, Sum: 0.1]
      [Object Copy (ms): Min: 50.4, Avg: 50.5, Max: 50.5, Diff: 0.0, Sum: 403.7]
      [Termination (ms): Min: 0.0, Avg: 0.0, Max: 0.0, Diff: 0.0, Sum: 0.0]
      [GC Worker Other (ms): Min: 0.0, Avg: 0.1, Max: 0.1, Diff: 0.0, Sum: 0.5]
      [GC Worker Total (ms): Min: 51.6, Avg: 51.6, Max: 51.6, Diff: 0.1, Sum: 412.8]
      [GC Worker End (ms): Min: 65569.3, Avg: 65569.3, Max: 65569.4, Diff: 0.0]
   [Code Root Fixup: 0.1 ms]
   [Code Root Migration: 0.1 ms]
   [Clear CT: 0.5 ms]
   [Other: 0.8 ms]
      [Choose CSet: 0.0 ms]
      [Ref Proc: 0.1 ms]
      [Ref Enq: 0.0 ms]
      [Free CSet: 0.6 ms]
   [Eden: 1003.0M(1003.0M)->0.0B(1015.0M) Survivors: 109.0M->96.0M Heap: 1572.1M(1887.0M)->555.6M(1887.0M)]
 [Times: user=0.42 sys=0.00, real=0.05 secs] 
65.571: Total time for which application threads were stopped: 0.0534310 seconds, Stopping threads took: 0.0000720 seconds
66.068: Application time: 0.4969430 seconds
66.068: [GC pause (young), 0.0488850 secs]
   [Parallel Time: 47.4 ms, GC Workers: 8]
      [GC Worker Start (ms): Min: 66068.1, Avg: 66068.1, Max: 66068.2, Diff: 0.1]
      [Ext Root Scanning (ms): Min: 0.6, Avg: 0.7, Max: 0.7, Diff: 0.1, Sum: 5.4]
      [Update RS (ms): Min: 0.0, Avg: 0.0, Max: 0.0, Diff: 0.0, Sum: 0.1]
         [Processed Buffers: Min: 0, Avg: 1.0, Max: 2, Diff: 2, Sum: 8]
      [Scan RS (ms): Min: 0.4, Avg: 0.4, Max: 0.5, Diff: 0.1, Sum: 3.6]
      [Code Root Scanning (ms): Min: 0.0, Avg: 0.0, Max: 0.0, Diff: 0.0, Sum: 0.1]
      [Object Copy (ms): Min: 46.0, Avg: 46.1, Max: 46.1, Diff: 0.1, Sum: 368.5]
      [Termination (ms): Min: 0.0, Avg: 0.0, Max: 0.0, Diff: 0.0, Sum: 0.0]
      [GC Worker Other (ms): Min: 0.0, Avg: 0.1, Max: 0.1, Diff: 0.1, Sum: 0.5]
      [GC Worker Total (ms): Min: 47.2, Avg: 47.3, Max: 47.3, Diff: 0.1, Sum: 378.2]
      [GC Worker End (ms): Min: 66115.4, Avg: 66115.4, Max: 66115.4, Diff: 0.1]
   [Code Root Fixup: 0.1 ms]
   [Code Root Migration: 0.1 ms]
   [Clear CT: 0.4 ms]
   [Other: 0.8 ms]
      [Choose CSet: 0.0 ms]
      [Ref Proc: 0.1 ms]
      [Ref Enq: 0.0 ms]
      [Free CSet: 0.6 ms]
   [Eden: 1015.0M(1015.0M)->0.0B(1023.0M) Survivors: 96.0M->89.0M Heap: 1570.6M(1887.0M)->549.1M(1887.0M)]
 [Times: user=0.38 sys=0.00, real=0.05 secs] 
66.117: Total time for which application threads were stopped: 0.0490730 seconds, Stopping threads took: 0.0000620 seconds
66.610: Application time: 0.4931730 seconds
66.610: [GC pause (young), 0.0536540 secs]
   [Parallel Time: 52.1 ms, GC Workers: 8]
      [GC Worker Start (ms): Min: 66610.3, Avg: 66610.4, Max: 66610.4, Diff: 0.1]
      [Ext Root Scanning (ms): Min: 0.6, Avg: 0.7, Max: 0.7, Diff: 0.1, Sum: 5.2]
      [Update RS (ms): Min: 0.0, Avg: 0.0, Max: 0.0, Diff: 0.0, Sum: 0.1]
         [Processed Buffers: Min: 0, Avg: 1.0, Max: 2, Diff: 2, Sum: 8]
      [Scan RS (ms): Min: 0.4, Avg: 0.4, Max: 0.4, Diff: 0.0, Sum: 3.5]
      [Code Root Scanning (ms): Min: 0.0, Avg: 0.0, Max: 0.0, Diff: 0.0, Sum: 0.1]
      [Object Copy (ms): Min: 50.9, Avg: 50.9, Max: 50.9, Diff: 0.0, Sum: 407.0]
      [Termination (ms): Min: 0.0, Avg: 0.0, Max: 0.0, Diff: 0.0, Sum: 0.0]
      [GC Worker Other (ms): Min: 0.0, Avg: 0.1, Max: 0.1, Diff: 0.1, Sum: 0.4]
      [GC Worker Total (ms): Min: 52.0, Avg: 52.0, Max: 52.1, Diff: 0.1, Sum: 416.3]
      [GC Worker End (ms): Min: 66662.4, Avg: 66662.4, Max: 66662.4, Diff: 0.1]
   [Code Root Fixup: 0.1 ms]
   [Code Root Migration: 0.1 ms]
   [Clear CT: 0.4 ms]
   [Other: 0.8 ms]
      [Choose CSet: 0.0 ms]
      [Ref Proc: 0.1 ms]
      [Ref Enq: 0.0 ms]
      [Free CSet: 0.6 ms]
   [Eden: 1023.0M(1023.0M)->0.0B(1013.0M) Survivors: 89.0M->97.0M Heap: 1572.1M(1887.0M)->557.1M(1887.0M)]
 [Times: user=0.42 sys=0.00, real=0.05 secs] 
66.664: Total time for which application threads were stopped: 0.0538460 seconds, Stopping threads took: 0.0000570 seconds
67.167: Application time: 0.5034520 seconds
67.168: [GC pause (young), 0.0518500 secs]
   [Parallel Time: 50.3 ms, GC Workers: 8]
      [GC Worker Start (ms): Min: 67167.6, Avg: 67167.6, Max: 67167.7, Diff: 0.1]
      [Ext Root Scanning (ms): Min: 0.6, Avg: 0.6, Max: 0.7, Diff: 0.1, Sum: 5.1]
      [Update RS (ms): Min: 0.0, Avg: 0.0, Max: 0.0, Diff: 0.0, Sum: 0.1]
         [Processed Buffers: Min: 0, Avg: 1.0, Max: 3, Diff: 3, Sum: 8]
      [Scan RS (ms): Min: 0.4, Avg: 0.4, Max: 0.5, Diff: 0.0, Sum: 3.5]
      [Code Root Scanning (ms): Min: 0.0, Avg: 0.0, Max: 0.0, Diff: 0.0, Sum: 0.1]
      [Object Copy (ms): Min: 49.1, Avg: 49.1, Max: 49.1, Diff: 0.0, Sum: 392.6]
      [Termination (ms): Min: 0.0, Avg: 0.0, Max: 0.0, Diff: 0.0, Sum: 0.0]
      [GC Worker Other (ms): Min: 0.0, Avg: 0.1, Max: 0.1, Diff: 0.1, Sum: 0.5]
      [GC Worker Total (ms): Min: 50.2, Avg: 50.2, Max: 50.3, Diff: 0.1, Sum: 401.9]
      [GC Worker End (ms): Min: 67217.8, Avg: 67217.9, Max: 67217.9, Diff: 0.1]
   [Code Root Fixup: 0.1 ms]
   [Code Root Migration: 0.1 ms]
   [Clear CT: 0.5 ms]
   [Other: 0.8 ms]
      [Choose CSet: 0.0 ms]
      [Ref Proc: 0.1 ms]
      [Ref Enq: 0.0 ms]
      [Free CSet: 0.6 ms]
   [Eden: 1013.0M(1013.0M)->0.0B(1017.0M) Survivors: 97.0M->93.0M Heap: 1570.1M(1887.0M)->552.6M(1887.0M)]
 [Times: user=0.41 sys=0.00, real=0.05 secs] 
67.220: Total time for which application threads were stopped: 0.0520090 seconds, Stopping threads took: 0.0000260 seconds
67.717: Application time: 0.4977860 seconds
67.717: [GC pause (young), 0.0438590 secs]
   [Parallel Time: 42.4 ms, GC Workers: 8]
      [GC Worker Start (ms): Min: 67717.4, Avg: 67717.5, Max: 67717.5, Diff: 0.1]
      [Ext Root Scanning (ms): Min: 0.6, Avg: 0.7, Max: 0.7, Diff: 0.1, Sum: 5.4]
      [Update RS (ms): Min: 0.0, Avg: 0.0, Max: 0.0, Diff: 0.0, Sum: 0.1]
         [Processed Buffers: Min: 0, Avg: 1.0, Max: 3, Diff: 3, Sum: 8]
      [Scan RS (ms): Min: 0.4, Avg: 0.4, Max: 0.4, Diff: 0.1, Sum: 3.4]
      [Code Root Scanning (ms): Min: 0.0, Avg: 0.0, Max: 0.0, Diff: 0.0, Sum: 0.1]
      [Object Copy (ms): Min: 41.1, Avg: 41.2, Max: 41.2, Diff: 0.0, Sum: 329.2]
      [Termination (ms): Min: 0.0, Avg: 0.0, Max: 0.0, Diff: 0.0, Sum: 0.0]
      [GC Worker Other (ms): Min: 0.0, Avg: 0.1, Max: 0.1, Diff: 0.1, Sum: 0.5]
      [GC Worker Total (ms): Min: 42.3, Avg: 42.3, Max: 42.4, Diff: 0.1, Sum: 338.8]
      [GC Worker End (ms): Min: 67759.8, Avg: 67759.8, Max: 67759.8, Diff: 0.1]
   [Code Root Fixup: 0.1 ms]
   [Code Root Migration: 0.1 ms]
   [Clear CT: 0.4 ms]
   [Other: 0.8 ms]
      [Choose CSet: 0.0 ms]
      [Ref Proc: 0.1 ms]
      [Ref Enq: 0.0 ms]
      [Free CSet: 0.6 ms]
   [Eden: 1017.0M(1017.0M)->0.0B(1035.0M) Survivors: 93.0M->79.0M Heap: 1569.6M(1887.0M)->538.6M(1887.0M)]
 [Times: user=0.34 sys=0.00, real=0.04 secs] 
67.761: Total time for which application threads were stopped: 0.0440520 seconds, Stopping threads took: 0.0000610 seconds
68.265: Application time: 0.5038360 seconds
68.265: [GC pause (young), 0.0469670 secs]
   [Parallel Time: 45.4 ms, GC Workers: 8]
      [GC Worker Start (ms): Min: 68265.3, Avg: 68265.3, Max: 68265.4, Diff: 0.1]
      [Ext Root Scanning (ms): Min: 0.6, Avg: 0.7, Max: 0.7, Diff: 0.1, Sum: 5.3]
      [Update RS (ms): Min: 0.0, Avg: 0.0, Max: 0.0, Diff: 0.0, Sum: 0.1]
         [Processed Buffers: Min: 0, Avg: 1.0, Max: 3, Diff: 3, Sum: 8]
      [Scan RS (ms): Min: 0.4, Avg: 0.4, Max: 0.5, Diff: 0.1, Sum: 3.5]
      [Code Root Scanning (ms): Min: 0.0, Avg: 0.0, Max: 0.0, Diff: 0.0, Sum: 0.1]
      [Object Copy (ms): Min: 44.1, Avg: 44.2, Max: 44.2, Diff: 0.1, Sum: 353.4]
      [Termination (ms): Min: 0.0, Avg: 0.0, Max: 0.0, Diff: 0.0, Sum: 0.0]
      [GC Worker Other (ms): Min: 0.0, Avg: 0.1, Max: 0.1, Diff: 0.0, Sum: 0.4]
      [GC Worker Total (ms): Min: 45.3, Avg: 45.3, Max: 45.4, Diff: 0.1, Sum: 362.7]
      [GC Worker End (ms): Min: 68310.7, Avg: 68310.7, Max: 68310.7, Diff: 0.0]
   [Code Root Fixup: 0.1 ms]
   [Code Root Migration: 0.1 ms]
   [Clear CT: 0.5 ms]
   [Other: 0.8 ms]
      [Choose CSet: 0.0 ms]
      [Ref Proc: 0.1 ms]
      [Ref Enq: 0.0 ms]
      [Free CSet: 0.6 ms]
   [Eden: 1035.0M(1035.0M)->0.0B(1031.0M) Survivors: 79.0M->85.0M Heap: 1573.6M(1887.0M)->544.7M(1887.0M)]
 [Times: user=0.37 sys=0.00, real=0.06 secs] 
68.314: Total time for which application threads were stopped: 0.0486600 seconds, Stopping threads took: 0.0000440 seconds
68.818: Application time: 0.5045170 seconds
68.818: [GC pause (young), 0.0431660 secs]
   [Parallel Time: 41.7 ms, GC Workers: 8]
      [GC Worker Start (ms): Min: 68818.5, Avg: 68818.5, Max: 68818.6, Diff: 0.1]
      [Ext Root Scanning (ms): Min: 0.6, Avg: 0.7, Max: 0.7, Diff: 0.1, Sum: 5.3]
      [Update RS (ms): Min: 0.0, Avg: 0.0, Max: 0.1, Diff: 0.1, Sum: 0.2]
         [Processed Buffers: Min: 0, Avg: 1.1, Max: 3, Diff: 3, Sum: 9]
      [Scan RS (ms): Min: 0.3, Avg: 0.4, Max: 0.5, Diff: 0.2, Sum: 3.6]
      [Code Root Scanning (ms): Min: 0.0, Avg: 0.0, Max: 0.0, Diff: 0.0, Sum: 0.1]
      [Object Copy (ms): Min: 40.4, Avg: 40.4, Max: 40.5, Diff: 0.1, Sum: 323.1]
      [Termination (ms): Min: 0.0, Avg: 0.0, Max: 0.0, Diff: 0.0, Sum: 0.0]
      [GC Worker Other (ms): Min: 0.0, Avg: 0.1, Max: 0.1, Diff: 0.1, Sum: 0.6]
      [GC Worker Total (ms): Min: 41.6, Avg: 41.6, Max: 41.6, Diff: 0.0, Sum: 332.8]
      [GC Worker End (ms): Min: 68860.1, Avg: 68860.1, Max: 68860.2, Diff: 0.1]
   [Code Root Fixup: 0.1 ms]
   [Code Root Migration: 0.1 ms]
   [Clear CT: 0.4 ms]
   [Other: 0.8 ms]
      [Choose CSet: 0.0 ms]
      [Ref Proc: 0.1 ms]
      [Ref Enq: 0.0 ms]
      [Free CSet: 0.7 ms]
   [Eden: 1031.0M(1031.0M)->0.0B(1038.0M) Survivors: 85.0M->81.0M Heap: 1575.7M(1887.0M)->541.2M(1887.0M)]
 [Times: user=0.33 sys=0.00, real=0.04 secs] 
68.862: Total time for which application threads were stopped: 0.0433650 seconds, Stopping threads took: 0.0000710 seconds
69.359: Application time: 0.4977270 seconds
69.360: [GC pause (young), 0.0450080 secs]
   [Parallel Time: 43.5 ms, GC Workers: 8]
      [GC Worker Start (ms): Min: 69359.6, Avg: 69359.6, Max: 69359.6, Diff: 0.1]
      [Ext Root Scanning (ms): Min: 0.7, Avg: 0.7, Max: 0.7, Diff: 0.1, Sum: 5.6]
      [Update RS (ms): Min: 0.0, Avg: 0.0, Max: 0.0, Diff: 0.0, Sum: 0.1]
         [Processed Buffers: Min: 0, Avg: 1.0, Max: 4, Diff: 4, Sum: 8]
      [Scan RS (ms): Min: 0.4, Avg: 0.4, Max: 0.5, Diff: 0.1, Sum: 3.5]
      [Code Root Scanning (ms): Min: 0.0, Avg: 0.0, Max: 0.0, Diff: 0.0, Sum: 0.1]
      [Object Copy (ms): Min: 42.2, Avg: 42.2, Max: 42.3, Diff: 0.1, Sum: 337.5]
      [Termination (ms): Min: 0.0, Avg: 0.0, Max: 0.0, Diff: 0.0, Sum: 0.0]
      [GC Worker Other (ms): Min: 0.0, Avg: 0.1, Max: 0.1, Diff: 0.0, Sum: 0.4]
      [GC Worker Total (ms): Min: 43.4, Avg: 43.4, Max: 43.4, Diff: 0.1, Sum: 347.2]
      [GC Worker End (ms): Min: 69403.0, Avg: 69403.0, Max: 69403.0, Diff: 0.0]
   [Code Root Fixup: 0.2 ms]
   [Code Root Migration: 0.1 ms]
   [Clear CT: 0.5 ms]
   [Other: 0.8 ms]
      [Choose CSet: 0.0 ms]
      [Ref Proc: 0.1 ms]
      [Ref Enq: 0.0 ms]
      [Free CSet: 0.7 ms]
   [Eden: 1038.0M(1038.0M)->0.0B(1034.0M) Survivors: 81.0M->86.0M Heap: 1579.2M(1887.0M)->546.2M(1887.0M)]
 [Times: user=0.35 sys=0.00, real=0.04 secs] 
69.405: Total time for which application threads were stopped: 0.0451750 seconds, Stopping threads took: 0.0000360 seconds
69.908: Application time: 0.5033260 seconds
69.908: [GC pause (young), 0.0562110 secs]
   [Parallel Time: 54.7 ms, GC Workers: 8]
      [GC Worker Start (ms): Min: 69908.1, Avg: 69908.1, Max: 69908.2, Diff: 0.1]
      [Ext Root Scanning (ms): Min: 0.6, Avg: 0.7, Max: 0.7, Diff: 0.1, Sum: 5.3]
      [Update RS (ms): Min: 0.0, Avg: 0.0, Max: 0.0, Diff: 0.0, Sum: 0.1]
         [Processed Buffers: Min: 0, Avg: 1.0, Max: 3, Diff: 3, Sum: 8]
      [Scan RS (ms): Min: 0.4, Avg: 0.4, Max: 0.4, Diff: 0.0, Sum: 3.5]
      [Code Root Scanning (ms): Min: 0.0, Avg: 0.0, Max: 0.0, Diff: 0.0, Sum: 0.1]
      [Object Copy (ms): Min: 53.5, Avg: 53.5, Max: 53.5, Diff: 0.0, Sum: 427.8]
      [Termination (ms): Min: 0.0, Avg: 0.0, Max: 0.0, Diff: 0.0, Sum: 0.0]
      [GC Worker Other (ms): Min: 0.0, Avg: 0.1, Max: 0.1, Diff: 0.0, Sum: 0.4]
      [GC Worker Total (ms): Min: 54.6, Avg: 54.7, Max: 54.7, Diff: 0.1, Sum: 437.2]
      [GC Worker End (ms): Min: 69962.7, Avg: 69962.8, Max: 69962.8, Diff: 0.0]
   [Code Root Fixup: 0.1 ms]
   [Code Root Migration: 0.1 ms]
   [Clear CT: 0.4 ms]
   [Other: 0.8 ms]
      [Choose CSet: 0.0 ms]
      [Ref Proc: 0.1 ms]
      [Ref Enq: 0.0 ms]
      [Free CSet: 0.7 ms]
   [Eden: 1034.0M(1034.0M)->0.0B(1011.0M) Survivors: 86.0M->104.0M Heap: 1580.2M(1887.0M)->563.7M(1887.0M)]
 [Times: user=0.44 sys=0.00, real=0.05 secs] 
69.964: Total time for which application threads were stopped: 0.0563950 seconds, Stopping threads took: 0.0000430 seconds
70.457: Application time: 0.4926350 seconds
70.457: [GC pause (young), 0.0561910 secs]
   [Parallel Time: 54.6 ms, GC Workers: 8]
      [GC Worker Start (ms): Min: 70457.1, Avg: 70457.2, Max: 70457.2, Diff: 0.1]
      [Ext Root Scanning (ms): Min: 0.6, Avg: 0.7, Max: 0.7, Diff: 0.1, Sum: 5.4]
      [Update RS (ms): Min: 0.0, Avg: 0.0, Max: 0.0, Diff: 0.0, Sum: 0.1]
         [Processed Buffers: Min: 0, Avg: 1.0, Max: 3, Diff: 3, Sum: 8]
      [Scan RS (ms): Min: 0.4, Avg: 0.4, Max: 0.4, Diff: 0.1, Sum: 3.4]
      [Code Root Scanning (ms): Min: 0.0, Avg: 0.0, Max: 0.0, Diff: 0.0, Sum: 0.1]
      [Object Copy (ms): Min: 53.3, Avg: 53.3, Max: 53.4, Diff: 0.0, Sum: 426.8]
      [Termination (ms): Min: 0.0, Avg: 0.0, Max: 0.0, Diff: 0.0, Sum: 0.0]
      [GC Worker Other (ms): Min: 0.0, Avg: 0.1, Max: 0.1, Diff: 0.0, Sum: 0.5]
      [GC Worker Total (ms): Min: 54.5, Avg: 54.5, Max: 54.5, Diff: 0.1, Sum: 436.2]
      [GC Worker End (ms): Min: 70511.7, Avg: 70511.7, Max: 70511.7, Diff: 0.0]
   [Code Root Fixup: 0.2 ms]
   [Code Root Migration: 0.1 ms]
   [Clear CT: 0.5 ms]
   [Other: 0.8 ms]
      [Choose CSet: 0.0 ms]
      [Ref Proc: 0.1 ms]
      [Ref Enq: 0.0 ms]
      [Free CSet: 0.7 ms]
   [Eden: 1011.0M(1011.0M)->0.0B(1010.0M) Survivors: 104.0M->102.0M Heap: 1574.7M(1887.0M)->562.2M(1887.0M)]
 [Times: user=0.44 sys=0.00, real=0.05 secs] 
70.513: Total time for which application threads were stopped: 0.0563760 seconds, Stopping threads took: 0.0000550 seconds
71.014: Application time: 0.5004580 seconds
71.014: [GC pause (young), 0.0458380 secs]
   [Parallel Time: 44.3 ms, GC Workers: 8]
      [GC Worker Start (ms): Min: 71014.0, Avg: 71014.0, Max: 71014.0, Diff: 0.1]
      [Ext Root Scanning (ms): Min: 0.6, Avg: 0.7, Max: 0.8, Diff: 0.1, Sum: 5.4]
      [Update RS (ms): Min: 0.0, Avg: 0.0, Max: 0.0, Diff: 0.0, Sum: 0.1]
         [Processed Buffers: Min: 0, Avg: 1.0, Max: 2, Diff: 2, Sum: 8]
      [Scan RS (ms): Min: 0.3, Avg: 0.4, Max: 0.5, Diff: 0.1, Sum: 3.5]
      [Code Root Scanning (ms): Min: 0.0, Avg: 0.0, Max: 0.0, Diff: 0.0, Sum: 0.1]
      [Object Copy (ms): Min: 43.0, Avg: 43.0, Max: 43.1, Diff: 0.0, Sum: 344.3]
      [Termination (ms): Min: 0.0, Avg: 0.0, Max: 0.0, Diff: 0.0, Sum: 0.0]
      [GC Worker Other (ms): Min: 0.0, Avg: 0.1, Max: 0.1, Diff: 0.0, Sum: 0.5]
      [GC Worker Total (ms): Min: 44.2, Avg: 44.2, Max: 44.3, Diff: 0.1, Sum: 353.8]
      [GC Worker End (ms): Min: 71058.2, Avg: 71058.2, Max: 71058.2, Diff: 0.1]
   [Code Root Fixup: 0.1 ms]
   [Code Root Migration: 0.1 ms]
   [Clear CT: 0.5 ms]
   [Other: 0.8 ms]
      [Choose CSet: 0.0 ms]
      [Ref Proc: 0.1 ms]
      [Ref Enq: 0.0 ms]
      [Free CSet: 0.7 ms]
   [Eden: 1010.0M(1010.0M)->0.0B(1033.0M) Survivors: 102.0M->83.0M Heap: 1572.2M(1887.0M)->543.2M(1887.0M)]
 [Times: user=0.36 sys=0.00, real=0.04 secs] 
71.060: Total time for which application threads were stopped: 0.0460170 seconds, Stopping threads took: 0.0000500 seconds
71.565: Application time: 0.5048720 seconds
71.565: [GC pause (young), 0.0482370 secs]
   [Parallel Time: 46.6 ms, GC Workers: 8]
      [GC Worker Start (ms): Min: 71564.9, Avg: 71565.0, Max: 71565.5, Diff: 0.7]
      [Ext Root Scanning (ms): Min: 0.2, Avg: 0.6, Max: 0.9, Diff: 0.6, Sum: 5.0]
      [Update RS (ms): Min: 0.0, Avg: 0.0, Max: 0.0, Diff: 0.0, Sum: 0.1]
         [Processed Buffers: Min: 0, Avg: 1.0, Max: 2, Diff: 2, Sum: 8]
      [Scan RS (ms): Min: 0.3, Avg: 0.4, Max: 0.5, Diff: 0.2, Sum: 3.4]
      [Code Root Scanning (ms): Min: 0.0, Avg: 0.0, Max: 0.0, Diff: 0.0, Sum: 0.1]
      [Object Copy (ms): Min: 45.3, Avg: 45.4, Max: 45.4, Diff: 0.1, Sum: 362.9]
      [Termination (ms): Min: 0.0, Avg: 0.0, Max: 0.0, Diff: 0.0, Sum: 0.0]
      [GC Worker Other (ms): Min: 0.0, Avg: 0.1, Max: 0.1, Diff: 0.0, Sum: 0.4]
      [GC Worker Total (ms): Min: 45.9, Avg: 46.5, Max: 46.6, Diff: 0.7, Sum: 372.0]
      [GC Worker End (ms): Min: 71611.4, Avg: 71611.5, Max: 71611.5, Diff: 0.0]
   [Code Root Fixup: 0.1 ms]
   [Code Root Migration: 0.1 ms]
   [Clear CT: 0.4 ms]
   [Other: 0.9 ms]
      [Choose CSet: 0.0 ms]
      [Ref Proc: 0.2 ms]
      [Ref Enq: 0.0 ms]
      [Free CSet: 0.6 ms]
   [Eden: 1033.0M(1033.0M)->0.0B(1027.0M) Survivors: 83.0M->89.0M Heap: 1576.2M(1887.0M)->549.2M(1887.0M)]
 [Times: user=0.38 sys=0.00, real=0.05 secs] 
71.613: Total time for which application threads were stopped: 0.0484200 seconds, Stopping threads took: 0.0000480 seconds
72.121: Application time: 0.5074320 seconds
72.121: [GC pause (young), 0.0522950 secs]
   [Parallel Time: 50.7 ms, GC Workers: 8]
      [GC Worker Start (ms): Min: 72120.7, Avg: 72120.8, Max: 72121.5, Diff: 0.8]
      [Ext Root Scanning (ms): Min: 0.0, Avg: 0.6, Max: 0.9, Diff: 0.9, Sum: 4.7]
      [Update RS (ms): Min: 0.0, Avg: 0.0, Max: 0.0, Diff: 0.0, Sum: 0.1]
         [Processed Buffers: Min: 0, Avg: 1.1, Max: 4, Diff: 4, Sum: 9]
      [Scan RS (ms): Min: 0.3, Avg: 0.4, Max: 0.5, Diff: 0.2, Sum: 3.3]
      [Code Root Scanning (ms): Min: 0.0, Avg: 0.0, Max: 0.0, Diff: 0.0, Sum: 0.1]
      [Object Copy (ms): Min: 49.4, Avg: 49.5, Max: 49.5, Diff: 0.1, Sum: 395.9]
      [Termination (ms): Min: 0.0, Avg: 0.0, Max: 0.0, Diff: 0.0, Sum: 0.0]
      [GC Worker Other (ms): Min: 0.0, Avg: 0.1, Max: 0.1, Diff: 0.0, Sum: 0.5]
      [GC Worker Total (ms): Min: 49.9, Avg: 50.6, Max: 50.7, Diff: 0.8, Sum: 404.5]
      [GC Worker End (ms): Min: 72171.4, Avg: 72171.4, Max: 72171.4, Diff: 0.0]
   [Code Root Fixup: 0.1 ms]
   [Code Root Migration: 0.1 ms]
   [Clear CT: 0.5 ms]
   [Other: 0.9 ms]
      [Choose CSet: 0.0 ms]
      [Ref Proc: 0.1 ms]
      [Ref Enq: 0.0 ms]
      [Free CSet: 0.7 ms]
   [Eden: 1027.0M(1027.0M)->0.0B(1022.0M) Survivors: 89.0M->93.0M Heap: 1576.2M(1887.0M)->553.2M(1887.0M)]
 [Times: user=0.41 sys=0.00, real=0.05 secs] 
72.173: Total time for which application threads were stopped: 0.0524670 seconds, Stopping threads took: 0.0000450 seconds
72.674: Application time: 0.5005320 seconds
72.674: [GC pause (young), 0.0501630 secs]
   [Parallel Time: 48.6 ms, GC Workers: 8]
      [GC Worker Start (ms): Min: 72673.7, Avg: 72673.8, Max: 72673.8, Diff: 0.1]
      [Ext Root Scanning (ms): Min: 0.6, Avg: 0.7, Max: 0.7, Diff: 0.1, Sum: 5.3]
      [Update RS (ms): Min: 0.0, Avg: 0.0, Max: 0.0, Diff: 0.0, Sum: 0.1]
         [Processed Buffers: Min: 0, Avg: 0.9, Max: 2, Diff: 2, Sum: 7]
      [Scan RS (ms): Min: 0.4, Avg: 0.4, Max: 0.4, Diff: 0.1, Sum: 3.4]
      [Code Root Scanning (ms): Min: 0.0, Avg: 0.0, Max: 0.0, Diff: 0.0, Sum: 0.1]
      [Object Copy (ms): Min: 47.3, Avg: 47.3, Max: 47.3, Diff: 0.0, Sum: 378.2]
      [Termination (ms): Min: 0.0, Avg: 0.0, Max: 0.0, Diff: 0.0, Sum: 0.0]
      [GC Worker Other (ms): Min: 0.0, Avg: 0.1, Max: 0.1, Diff: 0.1, Sum: 0.5]
      [GC Worker Total (ms): Min: 48.4, Avg: 48.5, Max: 48.5, Diff: 0.1, Sum: 387.7]
      [GC Worker End (ms): Min: 72722.2, Avg: 72722.2, Max: 72722.2, Diff: 0.1]
   [Code Root Fixup: 0.1 ms]
   [Code Root Migration: 0.1 ms]
   [Clear CT: 0.5 ms]
   [Other: 0.9 ms]
      [Choose CSet: 0.0 ms]
      [Ref Proc: 0.1 ms]
      [Ref Enq: 0.0 ms]
      [Free CSet: 0.7 ms]
   [Eden: 1022.0M(1022.0M)->0.0B(1025.0M) Survivors: 93.0M->91.0M Heap: 1575.2M(1887.0M)->550.7M(1887.0M)]
 [Times: user=0.39 sys=0.00, real=0.04 secs] 
72.724: Total time for which application threads were stopped: 0.0503520 seconds, Stopping threads took: 0.0000550 seconds
73.230: Application time: 0.5064470 seconds
73.230: [GC pause (young), 0.0481570 secs]
   [Parallel Time: 46.5 ms, GC Workers: 8]
      [GC Worker Start (ms): Min: 73230.5, Avg: 73230.9, Max: 73233.6, Diff: 3.0]
      [Ext Root Scanning (ms): Min: 0.0, Avg: 0.6, Max: 0.8, Diff: 0.8, Sum: 4.7]
      [Update RS (ms): Min: 0.0, Avg: 0.0, Max: 0.1, Diff: 0.1, Sum: 0.1]
         [Processed Buffers: Min: 0, Avg: 0.9, Max: 4, Diff: 4, Sum: 7]
      [Scan RS (ms): Min: 0.1, Avg: 0.4, Max: 0.5, Diff: 0.4, Sum: 3.1]
      [Code Root Scanning (ms): Min: 0.0, Avg: 0.0, Max: 0.0, Diff: 0.0, Sum: 0.1]
      [Object Copy (ms): Min: 43.3, Avg: 45.0, Max: 45.3, Diff: 2.0, Sum: 360.0]
      [Termination (ms): Min: 0.0, Avg: 0.0, Max: 0.0, Diff: 0.0, Sum: 0.0]
      [GC Worker Other (ms): Min: 0.0, Avg: 0.1, Max: 0.1, Diff: 0.1, Sum: 0.5]
      [GC Worker Total (ms): Min: 43.4, Avg: 46.1, Max: 46.5, Diff: 3.1, Sum: 368.5]
      [GC Worker End (ms): Min: 73277.0, Avg: 73277.0, Max: 73277.0, Diff: 0.1]
   [Code Root Fixup: 0.1 ms]
   [Code Root Migration: 0.1 ms]
   [Clear CT: 0.5 ms]
   [Other: 0.9 ms]
      [Choose CSet: 0.0 ms]
      [Ref Proc: 0.1 ms]
      [Ref Enq: 0.0 ms]
      [Free CSet: 0.7 ms]
   [Eden: 1025.0M(1025.0M)->0.0B(1032.0M) Survivors: 91.0M->86.0M Heap: 1575.7M(1887.0M)->545.7M(1887.0M)]
 [Times: user=0.38 sys=0.00, real=0.05 secs] 
73.279: Total time for which application threads were stopped: 0.0483270 seconds, Stopping threads took: 0.0000450 seconds
73.782: Application time: 0.5028340 seconds
73.782: [GC pause (young), 0.0367750 secs]
   [Parallel Time: 35.2 ms, GC Workers: 8]
      [GC Worker Start (ms): Min: 73781.7, Avg: 73781.7, Max: 73781.7, Diff: 0.1]
      [Ext Root Scanning (ms): Min: 0.6, Avg: 0.7, Max: 0.8, Diff: 0.1, Sum: 5.5]
      [Update RS (ms): Min: 0.0, Avg: 0.0, Max: 0.1, Diff: 0.1, Sum: 0.1]
         [Processed Buffers: Min: 0, Avg: 0.9, Max: 3, Diff: 3, Sum: 7]
      [Scan RS (ms): Min: 0.4, Avg: 0.5, Max: 0.5, Diff: 0.1, Sum: 3.7]
      [Code Root Scanning (ms): Min: 0.0, Avg: 0.0, Max: 0.0, Diff: 0.0, Sum: 0.1]
      [Object Copy (ms): Min: 33.9, Avg: 33.9, Max: 34.0, Diff: 0.1, Sum: 271.3]
      [Termination (ms): Min: 0.0, Avg: 0.0, Max: 0.0, Diff: 0.0, Sum: 0.0]
      [GC Worker Other (ms): Min: 0.0, Avg: 0.1, Max: 0.1, Diff: 0.0, Sum: 0.5]
      [GC Worker Total (ms): Min: 35.1, Avg: 35.1, Max: 35.2, Diff: 0.1, Sum: 281.2]
      [GC Worker End (ms): Min: 73816.8, Avg: 73816.9, Max: 73816.9, Diff: 0.0]
   [Code Root Fixup: 0.1 ms]
   [Code Root Migration: 0.1 ms]
   [Clear CT: 0.5 ms]
   [Other: 0.8 ms]
      [Choose CSet: 0.0 ms]
      [Ref Proc: 0.1 ms]
      [Ref Enq: 0.0 ms]
      [Free CSet: 0.7 ms]
   [Eden: 1032.0M(1032.0M)->0.0B(1056.0M) Survivors: 86.0M->69.0M Heap: 1577.7M(1887.0M)->529.2M(1887.0M)]
 [Times: user=0.28 sys=0.00, real=0.04 secs] 
73.820: Total time for which application threads were stopped: 0.0384530 seconds, Stopping threads took: 0.0000460 seconds
74.329: Application time: 0.5093590 seconds
74.329: [GC pause (young), 0.0485050 secs]
   [Parallel Time: 47.0 ms, GC Workers: 8]
      [GC Worker Start (ms): Min: 74329.5, Avg: 74330.5, Max: 74337.6, Diff: 8.1]
      [Ext Root Scanning (ms): Min: 0.0, Avg: 0.6, Max: 0.8, Diff: 0.8, Sum: 4.9]
      [Update RS (ms): Min: 0.0, Avg: 0.0, Max: 0.0, Diff: 0.0, Sum: 0.1]
         [Processed Buffers: Min: 0, Avg: 0.9, Max: 2, Diff: 2, Sum: 7]
      [Scan RS (ms): Min: 0.2, Avg: 0.4, Max: 0.5, Diff: 0.2, Sum: 3.3]
      [Code Root Scanning (ms): Min: 0.0, Avg: 0.0, Max: 0.0, Diff: 0.0, Sum: 0.1]
      [Object Copy (ms): Min: 38.5, Avg: 44.8, Max: 45.7, Diff: 7.2, Sum: 358.6]
      [Termination (ms): Min: 0.0, Avg: 0.0, Max: 0.0, Diff: 0.0, Sum: 0.0]
      [GC Worker Other (ms): Min: 0.0, Avg: 0.1, Max: 0.1, Diff: 0.1, Sum: 0.4]
      [GC Worker Total (ms): Min: 38.8, Avg: 45.9, Max: 47.0, Diff: 8.2, Sum: 367.3]
      [GC Worker End (ms): Min: 74376.4, Avg: 74376.4, Max: 74376.5, Diff: 0.1]
   [Code Root Fixup: 0.1 ms]
   [Code Root Migration: 0.1 ms]
   [Clear CT: 0.4 ms]
   [Other: 0.8 ms]
      [Choose CSet: 0.0 ms]
      [Ref Proc: 0.1 ms]
      [Ref Enq: 0.0 ms]
      [Free CSet: 0.6 ms]
   [Eden: 1056.0M(1056.0M)->0.0B(1028.0M) Survivors: 69.0M->94.0M Heap: 1585.2M(1887.0M)->554.2M(1887.0M)]
 [Times: user=0.37 sys=0.00, real=0.05 secs] 
74.378: Total time for which application threads were stopped: 0.0486860 seconds, Stopping threads took: 0.0000480 seconds
74.876: Application time: 0.4982660 seconds
74.876: [GC pause (young), 0.0578210 secs]
   [Parallel Time: 56.2 ms, GC Workers: 8]
      [GC Worker Start (ms): Min: 74876.5, Avg: 74876.5, Max: 74876.5, Diff: 0.1]
      [Ext Root Scanning (ms): Min: 0.6, Avg: 0.7, Max: 0.7, Diff: 0.1, Sum: 5.2]
      [Update RS (ms): Min: 0.0, Avg: 0.0, Max: 0.0, Diff: 0.0, Sum: 0.1]
         [Processed Buffers: Min: 0, Avg: 1.0, Max: 4, Diff: 4, Sum: 8]
      [Scan RS (ms): Min: 0.4, Avg: 0.4, Max: 0.5, Diff: 0.1, Sum: 3.6]
      [Code Root Scanning (ms): Min: 0.0, Avg: 0.0, Max: 0.0, Diff: 0.0, Sum: 0.1]
      [Object Copy (ms): Min: 54.9, Avg: 55.0, Max: 55.0, Diff: 0.1, Sum: 439.6]
      [Termination (ms): Min: 0.0, Avg: 0.0, Max: 0.0, Diff: 0.0, Sum: 0.0]
      [GC Worker Other (ms): Min: 0.0, Avg: 0.1, Max: 0.1, Diff: 0.0, Sum: 0.5]
      [GC Worker Total (ms): Min: 56.1, Avg: 56.1, Max: 56.2, Diff: 0.1, Sum: 449.1]
      [GC Worker End (ms): Min: 74932.6, Avg: 74932.6, Max: 74932.7, Diff: 0.0]
   [Code Root Fixup: 0.1 ms]
   [Code Root Migration: 0.1 ms]
   [Clear CT: 0.5 ms]
   [Other: 0.9 ms]
      [Choose CSet: 0.0 ms]
      [Ref Proc: 0.1 ms]
      [Ref Enq: 0.0 ms]
      [Free CSet: 0.7 ms]
   [Eden: 1028.0M(1028.0M)->0.0B(1010.0M) Survivors: 94.0M->106.0M Heap: 1582.2M(1887.0M)->565.7M(1887.0M)]
 [Times: user=0.45 sys=0.00, real=0.06 secs] 
74.934: Total time for which application threads were stopped: 0.0580050 seconds, Stopping threads took: 0.0000540 seconds
75.427: Application time: 0.4922870 seconds
75.427: [GC pause (young), 0.0556360 secs]
   [Parallel Time: 54.0 ms, GC Workers: 8]
      [GC Worker Start (ms): Min: 75426.8, Avg: 75428.1, Max: 75437.6, Diff: 10.8]
      [Ext Root Scanning (ms): Min: 0.0, Avg: 0.6, Max: 0.9, Diff: 0.8, Sum: 4.8]
      [Update RS (ms): Min: 0.0, Avg: 0.0, Max: 0.0, Diff: 0.0, Sum: 0.1]
         [Processed Buffers: Min: 0, Avg: 0.9, Max: 2, Diff: 2, Sum: 7]
      [Scan RS (ms): Min: 0.2, Avg: 0.4, Max: 0.5, Diff: 0.3, Sum: 3.2]
      [Code Root Scanning (ms): Min: 0.0, Avg: 0.0, Max: 0.0, Diff: 0.0, Sum: 0.1]
      [Object Copy (ms): Min: 42.8, Avg: 51.5, Max: 52.7, Diff: 9.9, Sum: 411.9]
      [Termination (ms): Min: 0.0, Avg: 0.0, Max: 0.0, Diff: 0.0, Sum: 0.0]
      [GC Worker Other (ms): Min: 0.0, Avg: 0.1, Max: 0.1, Diff: 0.1, Sum: 0.5]
      [GC Worker Total (ms): Min: 43.1, Avg: 52.6, Max: 54.0, Diff: 10.9, Sum: 420.7]
      [GC Worker End (ms): Min: 75480.7, Avg: 75480.7, Max: 75480.7, Diff: 0.1]
   [Code Root Fixup: 0.1 ms]
   [Code Root Migration: 0.1 ms]
   [Clear CT: 0.5 ms]
   [Other: 0.9 ms]
      [Choose CSet: 0.0 ms]
      [Ref Proc: 0.2 ms]
      [Ref Enq: 0.0 ms]
      [Free CSet: 0.7 ms]
   [Eden: 1010.0M(1010.0M)->0.0B(1011.0M) Survivors: 106.0M->102.0M Heap: 1575.7M(1887.0M)->561.7M(1887.0M)]
 [Times: user=0.43 sys=0.00, real=0.05 secs] 
75.482: Total time for which application threads were stopped: 0.0558180 seconds, Stopping threads took: 0.0000560 seconds
75.986: Application time: 0.5032020 seconds
75.986: [GC pause (young), 0.0526520 secs]
   [Parallel Time: 51.1 ms, GC Workers: 8]
      [GC Worker Start (ms): Min: 75985.8, Avg: 75985.9, Max: 75985.9, Diff: 0.1]
      [Ext Root Scanning (ms): Min: 0.6, Avg: 0.6, Max: 0.7, Diff: 0.1, Sum: 5.1]
      [Update RS (ms): Min: 0.0, Avg: 0.0, Max: 0.0, Diff: 0.0, Sum: 0.1]
         [Processed Buffers: Min: 0, Avg: 1.2, Max: 3, Diff: 3, Sum: 10]
      [Scan RS (ms): Min: 0.4, Avg: 0.4, Max: 0.4, Diff: 0.1, Sum: 3.3]
      [Code Root Scanning (ms): Min: 0.0, Avg: 0.0, Max: 0.0, Diff: 0.0, Sum: 0.1]
      [Object Copy (ms): Min: 49.8, Avg: 49.8, Max: 49.8, Diff: 0.0, Sum: 398.6]
      [Termination (ms): Min: 0.0, Avg: 0.0, Max: 0.0, Diff: 0.0, Sum: 0.0]
      [GC Worker Other (ms): Min: 0.0, Avg: 0.1, Max: 0.1, Diff: 0.1, Sum: 0.5]
      [GC Worker Total (ms): Min: 50.9, Avg: 51.0, Max: 51.0, Diff: 0.1, Sum: 407.8]
      [GC Worker End (ms): Min: 76036.8, Avg: 76036.8, Max: 76036.9, Diff: 0.1]
   [Code Root Fixup: 0.1 ms]
   [Code Root Migration: 0.1 ms]
   [Clear CT: 0.4 ms]
   [Other: 0.9 ms]
      [Choose CSet: 0.0 ms]
      [Ref Proc: 0.2 ms]
      [Ref Enq: 0.0 ms]
      [Free CSet: 0.7 ms]
   [Eden: 1011.0M(1011.0M)->0.0B(1020.0M) Survivors: 102.0M->93.0M Heap: 1572.7M(1887.0M)->553.2M(1887.0M)]
 [Times: user=0.41 sys=0.00, real=0.05 secs] 
76.039: Total time for which application threads were stopped: 0.0528770 seconds, Stopping threads took: 0.0000900 seconds
76.529: Application time: 0.4906850 seconds
76.529: [GC pause (young), 0.0486950 secs]
   [Parallel Time: 47.2 ms, GC Workers: 8]
      [GC Worker Start (ms): Min: 76529.4, Avg: 76529.4, Max: 76529.4, Diff: 0.1]
      [Ext Root Scanning (ms): Min: 0.6, Avg: 0.7, Max: 0.8, Diff: 0.1, Sum: 5.5]
      [Update RS (ms): Min: 0.0, Avg: 0.0, Max: 0.0, Diff: 0.0, Sum: 0.1]
         [Processed Buffers: Min: 0, Avg: 1.0, Max: 2, Diff: 2, Sum: 8]
      [Scan RS (ms): Min: 0.4, Avg: 0.4, Max: 0.5, Diff: 0.1, Sum: 3.5]
      [Code Root Scanning (ms): Min: 0.0, Avg: 0.0, Max: 0.0, Diff: 0.0, Sum: 0.1]
      [Object Copy (ms): Min: 45.9, Avg: 45.9, Max: 45.9, Diff: 0.0, Sum: 367.3]
      [Termination (ms): Min: 0.0, Avg: 0.0, Max: 0.0, Diff: 0.0, Sum: 0.0]
      [GC Worker Other (ms): Min: 0.0, Avg: 0.1, Max: 0.1, Diff: 0.0, Sum: 0.4]
      [GC Worker Total (ms): Min: 47.1, Avg: 47.1, Max: 47.2, Diff: 0.1, Sum: 376.9]
      [GC Worker End (ms): Min: 76576.5, Avg: 76576.5, Max: 76576.5, Diff: 0.0]
   [Code Root Fixup: 0.1 ms]
   [Code Root Migration: 0.1 ms]
   [Clear CT: 0.4 ms]
   [Other: 0.8 ms]
      [Choose CSet: 0.0 ms]
      [Ref Proc: 0.1 ms]
      [Ref Enq: 0.0 ms]
      [Free CSet: 0.7 ms]
   [Eden: 1020.0M(1020.0M)->0.0B(1024.0M) Survivors: 93.0M->90.0M Heap: 1573.2M(1887.0M)->550.2M(1887.0M)]
 [Times: user=0.38 sys=0.00, real=0.05 secs] 
76.578: Total time for which application threads were stopped: 0.0488830 seconds, Stopping threads took: 0.0000590 seconds
77.080: Application time: 0.5015230 seconds
77.080: [GC pause (young), 0.0547830 secs]
   [Parallel Time: 53.2 ms, GC Workers: 8]
      [GC Worker Start (ms): Min: 77079.8, Avg: 77079.9, Max: 77079.9, Diff: 0.1]
      [Ext Root Scanning (ms): Min: 0.6, Avg: 0.6, Max: 0.7, Diff: 0.1, Sum: 5.1]
      [Update RS (ms): Min: 0.0, Avg: 0.0, Max: 0.0, Diff: 0.0, Sum: 0.1]
         [Processed Buffers: Min: 0, Avg: 1.2, Max: 3, Diff: 3, Sum: 10]
      [Scan RS (ms): Min: 0.4, Avg: 0.4, Max: 0.4, Diff: 0.0, Sum: 3.4]
      [Code Root Scanning (ms): Min: 0.0, Avg: 0.0, Max: 0.0, Diff: 0.0, Sum: 0.1]
      [Object Copy (ms): Min: 51.9, Avg: 52.0, Max: 52.0, Diff: 0.1, Sum: 415.6]
      [Termination (ms): Min: 0.0, Avg: 0.0, Max: 0.0, Diff: 0.0, Sum: 0.0]
      [GC Worker Other (ms): Min: 0.0, Avg: 0.1, Max: 0.1, Diff: 0.1, Sum: 0.5]
      [GC Worker Total (ms): Min: 53.1, Avg: 53.1, Max: 53.2, Diff: 0.1, Sum: 424.8]
      [GC Worker End (ms): Min: 77132.9, Avg: 77133.0, Max: 77133.0, Diff: 0.1]
   [Code Root Fixup: 0.1 ms]
   [Code Root Migration: 0.1 ms]
   [Clear CT: 0.5 ms]
   [Other: 0.8 ms]
      [Choose CSet: 0.0 ms]
      [Ref Proc: 0.1 ms]
      [Ref Enq: 0.0 ms]
      [Free CSet: 0.7 ms]
   [Eden: 1024.0M(1024.0M)->0.0B(1013.0M) Survivors: 90.0M->99.0M Heap: 1574.2M(1887.0M)->559.2M(1887.0M)]
 [Times: user=0.43 sys=0.00, real=0.06 secs] 
77.135: Total time for which application threads were stopped: 0.0550430 seconds, Stopping threads took: 0.0000640 seconds
77.639: Application time: 0.5046940 seconds
77.639: [GC pause (young), 0.0516960 secs]
   [Parallel Time: 50.2 ms, GC Workers: 8]
      [GC Worker Start (ms): Min: 77639.5, Avg: 77639.8, Max: 77641.5, Diff: 2.0]
      [Ext Root Scanning (ms): Min: 0.0, Avg: 0.6, Max: 0.8, Diff: 0.8, Sum: 4.9]
      [Update RS (ms): Min: 0.0, Avg: 0.0, Max: 0.0, Diff: 0.0, Sum: 0.1]
         [Processed Buffers: Min: 0, Avg: 1.0, Max: 4, Diff: 4, Sum: 8]
      [Scan RS (ms): Min: 0.0, Avg: 0.4, Max: 0.5, Diff: 0.5, Sum: 2.9]
      [Code Root Scanning (ms): Min: 0.0, Avg: 0.0, Max: 0.0, Diff: 0.0, Sum: 0.1]
      [Object Copy (ms): Min: 48.0, Avg: 48.8, Max: 48.9, Diff: 0.9, Sum: 390.4]
      [Termination (ms): Min: 0.0, Avg: 0.0, Max: 0.0, Diff: 0.0, Sum: 0.0]
      [GC Worker Other (ms): Min: 0.0, Avg: 0.0, Max: 0.1, Diff: 0.0, Sum: 0.4]
      [GC Worker Total (ms): Min: 48.1, Avg: 49.9, Max: 50.1, Diff: 2.1, Sum: 398.8]
      [GC Worker End (ms): Min: 77689.6, Avg: 77689.6, Max: 77689.6, Diff: 0.0]
   [Code Root Fixup: 0.1 ms]
   [Code Root Migration: 0.1 ms]
   [Clear CT: 0.5 ms]
   [Other: 0.8 ms]
      [Choose CSet: 0.0 ms]
      [Ref Proc: 0.1 ms]
      [Ref Enq: 0.0 ms]
      [Free CSet: 0.7 ms]
   [Eden: 1013.0M(1013.0M)->0.0B(1020.0M) Survivors: 99.0M->92.0M Heap: 1572.2M(1887.0M)->551.8M(1887.0M)]
 [Times: user=0.40 sys=0.00, real=0.05 secs] 
77.691: Total time for which application threads were stopped: 0.0518920 seconds, Stopping threads took: 0.0000570 seconds
78.196: Application time: 0.5044940 seconds
78.196: [GC pause (young), 0.0440970 secs]
   [Parallel Time: 42.6 ms, GC Workers: 8]
      [GC Worker Start (ms): Min: 78195.9, Avg: 78195.9, Max: 78196.0, Diff: 0.1]
      [Ext Root Scanning (ms): Min: 0.6, Avg: 0.6, Max: 0.7, Diff: 0.1, Sum: 5.2]
      [Update RS (ms): Min: 0.0, Avg: 0.0, Max: 0.0, Diff: 0.0, Sum: 0.1]
         [Processed Buffers: Min: 0, Avg: 1.0, Max: 2, Diff: 2, Sum: 8]
      [Scan RS (ms): Min: 0.4, Avg: 0.4, Max: 0.5, Diff: 0.0, Sum: 3.5]
      [Code Root Scanning (ms): Min: 0.0, Avg: 0.0, Max: 0.0, Diff: 0.0, Sum: 0.0]
      [Object Copy (ms): Min: 41.3, Avg: 41.3, Max: 41.4, Diff: 0.1, Sum: 330.8]
      [Termination (ms): Min: 0.0, Avg: 0.0, Max: 0.0, Diff: 0.0, Sum: 0.0]
      [GC Worker Other (ms): Min: 0.0, Avg: 0.1, Max: 0.1, Diff: 0.0, Sum: 0.4]
      [GC Worker Total (ms): Min: 42.5, Avg: 42.5, Max: 42.5, Diff: 0.1, Sum: 340.0]
      [GC Worker End (ms): Min: 78238.4, Avg: 78238.4, Max: 78238.4, Diff: 0.0]
   [Code Root Fixup: 0.1 ms]
   [Code Root Migration: 0.1 ms]
   [Clear CT: 0.5 ms]
   [Other: 0.8 ms]
      [Choose CSet: 0.0 ms]
      [Ref Proc: 0.1 ms]
      [Ref Enq: 0.0 ms]
      [Free CSet: 0.7 ms]
   [Eden: 1020.0M(1020.0M)->0.0B(1036.0M) Survivors: 92.0M->80.0M Heap: 1571.8M(1887.0M)->539.8M(1887.0M)]
 [Times: user=0.35 sys=0.00, real=0.04 secs] 
78.240: Total time for which application threads were stopped: 0.0442810 seconds, Stopping threads took: 0.0000520 seconds
78.742: Application time: 0.5020400 seconds
78.742: [GC pause (young), 0.0393140 secs]
   [Parallel Time: 37.7 ms, GC Workers: 8]
      [GC Worker Start (ms): Min: 78742.2, Avg: 78742.2, Max: 78742.3, Diff: 0.1]
      [Ext Root Scanning (ms): Min: 0.6, Avg: 0.7, Max: 0.7, Diff: 0.1, Sum: 5.6]
      [Update RS (ms): Min: 0.0, Avg: 0.0, Max: 0.0, Diff: 0.0, Sum: 0.1]
         [Processed Buffers: Min: 0, Avg: 1.1, Max: 3, Diff: 3, Sum: 9]
      [Scan RS (ms): Min: 0.4, Avg: 0.4, Max: 0.5, Diff: 0.0, Sum: 3.5]
      [Code Root Scanning (ms): Min: 0.0, Avg: 0.0, Max: 0.0, Diff: 0.0, Sum: 0.1]
      [Object Copy (ms): Min: 36.4, Avg: 36.4, Max: 36.4, Diff: 0.0, Sum: 291.3]
      [Termination (ms): Min: 0.0, Avg: 0.0, Max: 0.0, Diff: 0.0, Sum: 0.0]
      [GC Worker Other (ms): Min: 0.0, Avg: 0.1, Max: 0.1, Diff: 0.1, Sum: 0.5]
      [GC Worker Total (ms): Min: 37.6, Avg: 37.6, Max: 37.7, Diff: 0.1, Sum: 301.1]
      [GC Worker End (ms): Min: 78779.8, Avg: 78779.9, Max: 78779.9, Diff: 0.1]
   [Code Root Fixup: 0.1 ms]
   [Code Root Migration: 0.1 ms]
   [Clear CT: 0.5 ms]
   [Other: 0.8 ms]
      [Choose CSet: 0.0 ms]
      [Ref Proc: 0.1 ms]
      [Ref Enq: 0.0 ms]
      [Free CSet: 0.7 ms]
   [Eden: 1036.0M(1036.0M)->0.0B(1045.0M) Survivors: 80.0M->75.0M Heap: 1575.8M(1887.0M)->535.3M(1887.0M)]
 [Times: user=0.31 sys=0.00, real=0.04 secs] 
78.782: Total time for which application threads were stopped: 0.0395180 seconds, Stopping threads took: 0.0000550 seconds
79.281: Application time: 0.4992250 seconds
79.281: [GC pause (young), 0.0490910 secs]
   [Parallel Time: 47.5 ms, GC Workers: 8]
      [GC Worker Start (ms): Min: 79281.0, Avg: 79281.0, Max: 79281.0, Diff: 0.1]
      [Ext Root Scanning (ms): Min: 0.6, Avg: 0.7, Max: 0.7, Diff: 0.1, Sum: 5.5]
      [Update RS (ms): Min: 0.0, Avg: 0.0, Max: 0.0, Diff: 0.0, Sum: 0.1]
         [Processed Buffers: Min: 0, Avg: 1.1, Max: 3, Diff: 3, Sum: 9]
      [Scan RS (ms): Min: 0.4, Avg: 0.4, Max: 0.5, Diff: 0.1, Sum: 3.6]
      [Code Root Scanning (ms): Min: 0.0, Avg: 0.0, Max: 0.0, Diff: 0.0, Sum: 0.1]
      [Object Copy (ms): Min: 46.2, Avg: 46.2, Max: 46.3, Diff: 0.0, Sum: 370.0]
      [Termination (ms): Min: 0.0, Avg: 0.0, Max: 0.0, Diff: 0.0, Sum: 0.0]
      [GC Worker Other (ms): Min: 0.0, Avg: 0.1, Max: 0.1, Diff: 0.0, Sum: 0.5]
      [GC Worker Total (ms): Min: 47.4, Avg: 47.5, Max: 47.5, Diff: 0.1, Sum: 379.7]
      [GC Worker End (ms): Min: 79328.4, Avg: 79328.5, Max: 79328.5, Diff: 0.0]
   [Code Root Fixup: 0.1 ms]
   [Code Root Migration: 0.1 ms]
   [Clear CT: 0.5 ms]
   [Other: 0.8 ms]
      [Choose CSet: 0.0 ms]
      [Ref Proc: 0.1 ms]
      [Ref Enq: 0.0 ms]
      [Free CSet: 0.7 ms]
   [Eden: 1045.0M(1045.0M)->0.0B(1023.0M) Survivors: 75.0M->94.0M Heap: 1580.3M(1887.0M)->553.8M(1887.0M)]
 [Times: user=0.38 sys=0.00, real=0.05 secs] 
79.330: Total time for which application threads were stopped: 0.0492910 seconds, Stopping threads took: 0.0000430 seconds
79.829: Application time: 0.4988390 seconds
79.829: [GC pause (young), 0.0579930 secs]
   [Parallel Time: 56.4 ms, GC Workers: 8]
      [GC Worker Start (ms): Min: 79829.1, Avg: 79829.2, Max: 79829.5, Diff: 0.4]
      [Ext Root Scanning (ms): Min: 0.3, Avg: 0.6, Max: 0.9, Diff: 0.6, Sum: 5.1]
      [Update RS (ms): Min: 0.0, Avg: 0.0, Max: 0.0, Diff: 0.0, Sum: 0.1]
         [Processed Buffers: Min: 0, Avg: 0.9, Max: 3, Diff: 3, Sum: 7]
      [Scan RS (ms): Min: 0.3, Avg: 0.4, Max: 0.5, Diff: 0.2, Sum: 3.4]
      [Code Root Scanning (ms): Min: 0.0, Avg: 0.0, Max: 0.0, Diff: 0.0, Sum: 0.0]
      [Object Copy (ms): Min: 55.1, Avg: 55.2, Max: 55.2, Diff: 0.1, Sum: 441.4]
      [Termination (ms): Min: 0.0, Avg: 0.0, Max: 0.0, Diff: 0.0, Sum: 0.0]
      [GC Worker Other (ms): Min: 0.0, Avg: 0.1, Max: 0.1, Diff: 0.0, Sum: 0.5]
      [GC Worker Total (ms): Min: 56.0, Avg: 56.3, Max: 56.4, Diff: 0.4, Sum: 450.6]
      [GC Worker End (ms): Min: 79885.5, Avg: 79885.5, Max: 79885.5, Diff: 0.0]
   [Code Root Fixup: 0.1 ms]
   [Code Root Migration: 0.1 ms]
   [Clear CT: 0.5 ms]
   [Other: 0.8 ms]
      [Choose CSet: 0.0 ms]
      [Ref Proc: 0.1 ms]
      [Ref Enq: 0.0 ms]
      [Free CSet: 0.7 ms]
   [Eden: 1023.0M(1023.0M)->0.0B(1002.0M) Survivors: 94.0M->108.0M Heap: 1576.8M(1887.0M)->567.8M(1887.0M)]
 [Times: user=0.46 sys=0.01, real=0.06 secs] 
79.887: Total time for which application threads were stopped: 0.0581800 seconds, Stopping threads took: 0.0000580 seconds
80.382: Application time: 0.4950770 seconds
80.382: [GC pause (young), 0.0574540 secs]
   [Parallel Time: 55.8 ms, GC Workers: 8]
      [GC Worker Start (ms): Min: 80382.3, Avg: 80382.8, Max: 80385.6, Diff: 3.2]
      [Ext Root Scanning (ms): Min: 0.0, Avg: 0.6, Max: 0.8, Diff: 0.8, Sum: 4.7]
      [Update RS (ms): Min: 0.0, Avg: 0.0, Max: 0.0, Diff: 0.0, Sum: 0.1]
         [Processed Buffers: Min: 0, Avg: 0.9, Max: 3, Diff: 3, Sum: 7]
      [Scan RS (ms): Min: 0.1, Avg: 0.4, Max: 0.5, Diff: 0.3, Sum: 3.2]
      [Code Root Scanning (ms): Min: 0.0, Avg: 0.0, Max: 0.0, Diff: 0.0, Sum: 0.1]
      [Object Copy (ms): Min: 52.3, Avg: 54.3, Max: 54.6, Diff: 2.3, Sum: 434.2]
      [Termination (ms): Min: 0.0, Avg: 0.0, Max: 0.0, Diff: 0.0, Sum: 0.0]
      [GC Worker Other (ms): Min: 0.0, Avg: 0.1, Max: 0.1, Diff: 0.1, Sum: 0.4]
      [GC Worker Total (ms): Min: 52.5, Avg: 55.3, Max: 55.8, Diff: 3.3, Sum: 442.7]
      [GC Worker End (ms): Min: 80438.1, Avg: 80438.1, Max: 80438.1, Diff: 0.1]
   [Code Root Fixup: 0.1 ms]
   [Code Root Migration: 0.1 ms]
   [Clear CT: 0.5 ms]
   [Other: 0.9 ms]
      [Choose CSet: 0.0 ms]
      [Ref Proc: 0.1 ms]
      [Ref Enq: 0.0 ms]
      [Free CSet: 0.7 ms]
   [Eden: 1002.0M(1002.0M)->0.0B(1006.0M) Survivors: 108.0M->102.0M Heap: 1569.8M(1887.0M)->562.3M(1887.0M)]
 [Times: user=0.44 sys=0.00, real=0.06 secs] 
80.440: Total time for which application threads were stopped: 0.0576300 seconds, Stopping threads took: 0.0000420 seconds
80.943: Application time: 0.5030100 seconds
80.943: [GC pause (young), 0.0504080 secs]
   [Parallel Time: 48.9 ms, GC Workers: 8]
      [GC Worker Start (ms): Min: 80943.0, Avg: 80943.1, Max: 80943.1, Diff: 0.1]
      [Ext Root Scanning (ms): Min: 0.6, Avg: 0.7, Max: 0.7, Diff: 0.1, Sum: 5.2]
      [Update RS (ms): Min: 0.0, Avg: 0.0, Max: 0.1, Diff: 0.1, Sum: 0.1]
         [Processed Buffers: Min: 0, Avg: 0.9, Max: 3, Diff: 3, Sum: 7]
      [Scan RS (ms): Min: 0.4, Avg: 0.4, Max: 0.5, Diff: 0.1, Sum: 3.5]
      [Code Root Scanning (ms): Min: 0.0, Avg: 0.0, Max: 0.0, Diff: 0.0, Sum: 0.1]
      [Object Copy (ms): Min: 47.6, Avg: 47.6, Max: 47.7, Diff: 0.1, Sum: 381.2]
      [Termination (ms): Min: 0.0, Avg: 0.0, Max: 0.0, Diff: 0.0, Sum: 0.0]
      [GC Worker Other (ms): Min: 0.0, Avg: 0.1, Max: 0.1, Diff: 0.1, Sum: 0.5]
      [GC Worker Total (ms): Min: 48.8, Avg: 48.8, Max: 48.8, Diff: 0.1, Sum: 390.6]
      [GC Worker End (ms): Min: 80991.9, Avg: 80991.9, Max: 80991.9, Diff: 0.1]
   [Code Root Fixup: 0.1 ms]
   [Code Root Migration: 0.1 ms]
   [Clear CT: 0.4 ms]
   [Other: 0.8 ms]
      [Choose CSet: 0.0 ms]
      [Ref Proc: 0.1 ms]
      [Ref Enq: 0.0 ms]
      [Free CSet: 0.7 ms]
   [Eden: 1006.0M(1006.0M)->0.0B(1019.0M) Survivors: 102.0M->90.0M Heap: 1568.3M(1887.0M)->549.8M(1887.0M)]
 [Times: user=0.39 sys=0.00, real=0.05 secs] 
80.993: Total time for which application threads were stopped: 0.0506290 seconds, Stopping threads took: 0.0000950 seconds
81.504: Application time: 0.5102580 seconds
81.504: [GC pause (young), 0.0399680 secs]
   [Parallel Time: 38.3 ms, GC Workers: 8]
      [GC Worker Start (ms): Min: 81503.9, Avg: 81503.9, Max: 81504.0, Diff: 0.1]
      [Ext Root Scanning (ms): Min: 0.6, Avg: 0.7, Max: 0.8, Diff: 0.1, Sum: 5.5]
      [Update RS (ms): Min: 0.0, Avg: 0.0, Max: 0.0, Diff: 0.0, Sum: 0.1]
         [Processed Buffers: Min: 0, Avg: 0.9, Max: 4, Diff: 4, Sum: 7]
      [Scan RS (ms): Min: 0.4, Avg: 0.4, Max: 0.5, Diff: 0.1, Sum: 3.5]
      [Code Root Scanning (ms): Min: 0.0, Avg: 0.0, Max: 0.0, Diff: 0.0, Sum: 0.1]
      [Object Copy (ms): Min: 37.0, Avg: 37.1, Max: 37.1, Diff: 0.1, Sum: 296.5]
      [Termination (ms): Min: 0.0, Avg: 0.0, Max: 0.0, Diff: 0.0, Sum: 0.0]
      [GC Worker Other (ms): Min: 0.0, Avg: 0.1, Max: 0.1, Diff: 0.0, Sum: 0.4]
      [GC Worker Total (ms): Min: 38.2, Avg: 38.3, Max: 38.3, Diff: 0.1, Sum: 306.1]
      [GC Worker End (ms): Min: 81542.2, Avg: 81542.2, Max: 81542.2, Diff: 0.0]
   [Code Root Fixup: 0.1 ms]
   [Code Root Migration: 0.1 ms]
   [Clear CT: 0.5 ms]
   [Other: 0.9 ms]
      [Choose CSet: 0.0 ms]
      [Ref Proc: 0.1 ms]
      [Ref Enq: 0.0 ms]
      [Free CSet: 0.7 ms]
   [Eden: 1019.0M(1019.0M)->0.0B(1045.0M) Survivors: 90.0M->71.0M Heap: 1568.8M(1887.0M)->531.3M(1887.0M)]
 [Times: user=0.31 sys=0.00, real=0.04 secs] 
81.544: Total time for which application threads were stopped: 0.0401580 seconds, Stopping threads took: 0.0000610 seconds
82.048: Application time: 0.5036620 seconds
82.048: [GC pause (young), 0.0432430 secs]
   [Parallel Time: 41.7 ms, GC Workers: 8]
      [GC Worker Start (ms): Min: 82047.7, Avg: 82047.7, Max: 82047.8, Diff: 0.1]
      [Ext Root Scanning (ms): Min: 0.7, Avg: 0.7, Max: 0.7, Diff: 0.1, Sum: 5.5]
      [Update RS (ms): Min: 0.0, Avg: 0.0, Max: 0.0, Diff: 0.0, Sum: 0.1]
         [Processed Buffers: Min: 0, Avg: 1.0, Max: 4, Diff: 4, Sum: 8]
      [Scan RS (ms): Min: 0.4, Avg: 0.4, Max: 0.4, Diff: 0.0, Sum: 3.4]
      [Code Root Scanning (ms): Min: 0.0, Avg: 0.0, Max: 0.0, Diff: 0.0, Sum: 0.1]
      [Object Copy (ms): Min: 40.4, Avg: 40.4, Max: 40.4, Diff: 0.0, Sum: 323.3]
      [Termination (ms): Min: 0.0, Avg: 0.0, Max: 0.0, Diff: 0.0, Sum: 0.0]
      [GC Worker Other (ms): Min: 0.0, Avg: 0.1, Max: 0.1, Diff: 0.1, Sum: 0.5]
      [GC Worker Total (ms): Min: 41.6, Avg: 41.6, Max: 41.7, Diff: 0.1, Sum: 332.8]
      [GC Worker End (ms): Min: 82089.3, Avg: 82089.3, Max: 82089.4, Diff: 0.1]
   [Code Root Fixup: 0.2 ms]
   [Code Root Migration: 0.1 ms]
   [Clear CT: 0.4 ms]
   [Other: 0.8 ms]
      [Choose CSet: 0.0 ms]
      [Ref Proc: 0.1 ms]
      [Ref Enq: 0.0 ms]
      [Free CSet: 0.6 ms]
   [Eden: 1045.0M(1045.0M)->0.0B(1037.0M) Survivors: 71.0M->81.0M Heap: 1576.3M(1887.0M)->540.8M(1887.0M)]
 [Times: user=0.34 sys=0.00, real=0.04 secs] 
82.091: Total time for which application threads were stopped: 0.0434330 seconds, Stopping threads took: 0.0000590 seconds
82.600: Application time: 0.5093440 seconds
82.600: [GC pause (young), 0.0507400 secs]
   [Parallel Time: 49.2 ms, GC Workers: 8]
      [GC Worker Start (ms): Min: 82600.5, Avg: 82600.5, Max: 82600.5, Diff: 0.1]
      [Ext Root Scanning (ms): Min: 0.6, Avg: 0.6, Max: 0.7, Diff: 0.1, Sum: 5.1]
      [Update RS (ms): Min: 0.0, Avg: 0.0, Max: 0.0, Diff: 0.0, Sum: 0.1]
         [Processed Buffers: Min: 0, Avg: 0.9, Max: 3, Diff: 3, Sum: 7]
      [Scan RS (ms): Min: 0.3, Avg: 0.4, Max: 0.5, Diff: 0.1, Sum: 3.4]
      [Code Root Scanning (ms): Min: 0.0, Avg: 0.0, Max: 0.0, Diff: 0.0, Sum: 0.1]
      [Object Copy (ms): Min: 48.0, Avg: 48.0, Max: 48.0, Diff: 0.0, Sum: 383.8]
      [Termination (ms): Min: 0.0, Avg: 0.0, Max: 0.0, Diff: 0.0, Sum: 0.0]
      [GC Worker Other (ms): Min: 0.0, Avg: 0.1, Max: 0.1, Diff: 0.1, Sum: 0.4]
      [GC Worker Total (ms): Min: 49.1, Avg: 49.1, Max: 49.2, Diff: 0.1, Sum: 393.0]
      [GC Worker End (ms): Min: 82649.6, Avg: 82649.6, Max: 82649.7, Diff: 0.1]
   [Code Root Fixup: 0.1 ms]
   [Code Root Migration: 0.1 ms]
   [Clear CT: 0.5 ms]
   [Other: 0.8 ms]
      [Choose CSet: 0.0 ms]
      [Ref Proc: 0.1 ms]
      [Ref Enq: 0.0 ms]
      [Free CSet: 0.7 ms]
   [Eden: 1037.0M(1037.0M)->0.0B(1026.0M) Survivors: 81.0M->91.0M Heap: 1577.8M(1887.0M)->550.8M(1887.0M)]
 [Times: user=0.40 sys=0.00, real=0.05 secs] 
82.651: Total time for which application threads were stopped: 0.0509220 seconds, Stopping threads took: 0.0000540 seconds
83.163: Application time: 0.5118200 seconds
83.163: [GC pause (young), 0.0437820 secs]
   [Parallel Time: 42.1 ms, GC Workers: 8]
      [GC Worker Start (ms): Min: 83163.2, Avg: 83163.3, Max: 83163.3, Diff: 0.1]
      [Ext Root Scanning (ms): Min: 0.6, Avg: 0.7, Max: 0.7, Diff: 0.1, Sum: 5.4]
      [Update RS (ms): Min: 0.0, Avg: 0.0, Max: 0.0, Diff: 0.0, Sum: 0.1]
         [Processed Buffers: Min: 0, Avg: 0.9, Max: 3, Diff: 3, Sum: 7]
      [Scan RS (ms): Min: 0.4, Avg: 0.4, Max: 0.5, Diff: 0.1, Sum: 3.5]
      [Code Root Scanning (ms): Min: 0.0, Avg: 0.0, Max: 0.0, Diff: 0.0, Sum: 0.0]
      [Object Copy (ms): Min: 40.8, Avg: 40.8, Max: 40.8, Diff: 0.1, Sum: 326.4]
      [Termination (ms): Min: 0.0, Avg: 0.0, Max: 0.0, Diff: 0.0, Sum: 0.0]
      [GC Worker Other (ms): Min: 0.0, Avg: 0.1, Max: 0.1, Diff: 0.1, Sum: 0.6]
      [GC Worker Total (ms): Min: 42.0, Avg: 42.0, Max: 42.0, Diff: 0.1, Sum: 336.0]
      [GC Worker End (ms): Min: 83205.2, Avg: 83205.3, Max: 83205.3, Diff: 0.1]
   [Code Root Fixup: 0.1 ms]
   [Code Root Migration: 0.1 ms]
   [Clear CT: 0.5 ms]
   [Other: 0.9 ms]
      [Choose CSet: 0.0 ms]
      [Ref Proc: 0.2 ms]
      [Ref Enq: 0.0 ms]
      [Free CSet: 0.7 ms]
   [Eden: 1026.0M(1026.0M)->0.0B(1038.0M) Survivors: 91.0M->82.0M Heap: 1576.8M(1887.0M)->541.8M(1887.0M)]
 [Times: user=0.34 sys=0.00, real=0.05 secs] 
83.207: Total time for which application threads were stopped: 0.0439580 seconds, Stopping threads took: 0.0000500 seconds
83.705: Application time: 0.4981710 seconds
83.705: [GC pause (young), 0.0433060 secs]
   [Parallel Time: 41.7 ms, GC Workers: 8]
      [GC Worker Start (ms): Min: 83705.4, Avg: 83705.4, Max: 83705.4, Diff: 0.1]
      [Ext Root Scanning (ms): Min: 0.6, Avg: 0.7, Max: 0.7, Diff: 0.1, Sum: 5.5]
      [Update RS (ms): Min: 0.0, Avg: 0.0, Max: 0.1, Diff: 0.1, Sum: 0.1]
         [Processed Buffers: Min: 0, Avg: 0.9, Max: 3, Diff: 3, Sum: 7]
      [Scan RS (ms): Min: 0.4, Avg: 0.5, Max: 0.5, Diff: 0.1, Sum: 3.6]
      [Code Root Scanning (ms): Min: 0.0, Avg: 0.0, Max: 0.0, Diff: 0.0, Sum: 0.1]
      [Object Copy (ms): Min: 40.4, Avg: 40.4, Max: 40.5, Diff: 0.1, Sum: 323.5]
      [Termination (ms): Min: 0.0, Avg: 0.0, Max: 0.0, Diff: 0.0, Sum: 0.0]
      [GC Worker Other (ms): Min: 0.0, Avg: 0.1, Max: 0.1, Diff: 0.1, Sum: 0.4]
      [GC Worker Total (ms): Min: 41.6, Avg: 41.7, Max: 41.7, Diff: 0.1, Sum: 333.3]
      [GC Worker End (ms): Min: 83747.0, Avg: 83747.0, Max: 83747.1, Diff: 0.1]
   [Code Root Fixup: 0.1 ms]
   [Code Root Migration: 0.1 ms]
   [Clear CT: 0.5 ms]
   [Other: 0.8 ms]
      [Choose CSet: 0.0 ms]
      [Ref Proc: 0.1 ms]
      [Ref Enq: 0.0 ms]
      [Free CSet: 0.7 ms]
   [Eden: 1038.0M(1038.0M)->0.0B(1038.0M) Survivors: 82.0M->83.0M Heap: 1579.8M(1887.0M)->542.8M(1887.0M)]
 [Times: user=0.34 sys=0.00, real=0.05 secs] 
83.749: Total time for which application threads were stopped: 0.0434860 seconds, Stopping threads took: 0.0000390 seconds
84.251: Application time: 0.5018060 seconds
84.251: [GC pause (young), 0.0512680 secs]
   [Parallel Time: 49.7 ms, GC Workers: 8]
      [GC Worker Start (ms): Min: 84250.7, Avg: 84250.7, Max: 84250.7, Diff: 0.1]
      [Ext Root Scanning (ms): Min: 0.7, Avg: 0.7, Max: 0.7, Diff: 0.1, Sum: 5.5]
      [Update RS (ms): Min: 0.0, Avg: 0.0, Max: 0.0, Diff: 0.0, Sum: 0.1]
         [Processed Buffers: Min: 0, Avg: 1.0, Max: 3, Diff: 3, Sum: 8]
      [Scan RS (ms): Min: 0.4, Avg: 0.4, Max: 0.5, Diff: 0.0, Sum: 3.5]
      [Code Root Scanning (ms): Min: 0.0, Avg: 0.0, Max: 0.0, Diff: 0.0, Sum: 0.1]
      [Object Copy (ms): Min: 48.4, Avg: 48.4, Max: 48.4, Diff: 0.0, Sum: 387.3]
      [Termination (ms): Min: 0.0, Avg: 0.0, Max: 0.0, Diff: 0.0, Sum: 0.0]
      [GC Worker Other (ms): Min: 0.0, Avg: 0.1, Max: 0.1, Diff: 0.0, Sum: 0.5]
      [GC Worker Total (ms): Min: 49.6, Avg: 49.6, Max: 49.6, Diff: 0.0, Sum: 396.9]
      [GC Worker End (ms): Min: 84300.3, Avg: 84300.3, Max: 84300.3, Diff: 0.0]
   [Code Root Fixup: 0.2 ms]
   [Code Root Migration: 0.1 ms]
   [Clear CT: 0.5 ms]
   [Other: 0.8 ms]
      [Choose CSet: 0.0 ms]
      [Ref Proc: 0.1 ms]
      [Ref Enq: 0.0 ms]
      [Free CSet: 0.7 ms]
   [Eden: 1038.0M(1038.0M)->0.0B(1020.0M) Survivors: 83.0M->97.0M Heap: 1580.8M(1887.0M)->557.3M(1887.0M)]
 [Times: user=0.40 sys=0.00, real=0.05 secs] 
84.302: Total time for which application threads were stopped: 0.0514480 seconds, Stopping threads took: 0.0000530 seconds
84.794: Application time: 0.4923330 seconds
84.794: [GC pause (young), 0.0569800 secs]
   [Parallel Time: 55.4 ms, GC Workers: 8]
      [GC Worker Start (ms): Min: 84794.4, Avg: 84794.5, Max: 84794.5, Diff: 0.1]
      [Ext Root Scanning (ms): Min: 0.6, Avg: 0.7, Max: 0.7, Diff: 0.1, Sum: 5.3]
      [Update RS (ms): Min: 0.0, Avg: 0.0, Max: 0.0, Diff: 0.0, Sum: 0.1]
         [Processed Buffers: Min: 0, Avg: 1.1, Max: 3, Diff: 3, Sum: 9]
      [Scan RS (ms): Min: 0.4, Avg: 0.4, Max: 0.4, Diff: 0.1, Sum: 3.4]
      [Code Root Scanning (ms): Min: 0.0, Avg: 0.0, Max: 0.0, Diff: 0.0, Sum: 0.1]
      [Object Copy (ms): Min: 54.2, Avg: 54.2, Max: 54.2, Diff: 0.0, Sum: 433.3]
      [Termination (ms): Min: 0.0, Avg: 0.0, Max: 0.0, Diff: 0.0, Sum: 0.0]
      [GC Worker Other (ms): Min: 0.0, Avg: 0.1, Max: 0.1, Diff: 0.1, Sum: 0.4]
      [GC Worker Total (ms): Min: 55.3, Avg: 55.3, Max: 55.4, Diff: 0.1, Sum: 442.7]
      [GC Worker End (ms): Min: 84849.8, Avg: 84849.8, Max: 84849.8, Diff: 0.1]
   [Code Root Fixup: 0.1 ms]
   [Code Root Migration: 0.1 ms]
   [Clear CT: 0.4 ms]
   [Other: 0.9 ms]
      [Choose CSet: 0.0 ms]
      [Ref Proc: 0.1 ms]
      [Ref Enq: 0.0 ms]
      [Free CSet: 0.7 ms]
   [Eden: 1020.0M(1020.0M)->0.0B(1008.0M) Survivors: 97.0M->105.0M Heap: 1577.3M(1887.0M)->564.9M(1887.0M)]
 [Times: user=0.45 sys=0.00, real=0.05 secs] 
84.851: Total time for which application threads were stopped: 0.0571460 seconds, Stopping threads took: 0.0000370 seconds
85.345: Application time: 0.4933030 seconds
85.345: [GC pause (young), 0.0582560 secs]
   [Parallel Time: 56.6 ms, GC Workers: 8]
      [GC Worker Start (ms): Min: 85344.9, Avg: 85344.9, Max: 85345.0, Diff: 0.1]
      [Ext Root Scanning (ms): Min: 0.6, Avg: 0.7, Max: 0.7, Diff: 0.1, Sum: 5.2]
      [Update RS (ms): Min: 0.0, Avg: 0.0, Max: 0.1, Diff: 0.1, Sum: 0.1]
         [Processed Buffers: Min: 0, Avg: 1.2, Max: 4, Diff: 4, Sum: 10]
      [Scan RS (ms): Min: 0.4, Avg: 0.4, Max: 0.5, Diff: 0.1, Sum: 3.4]
      [Code Root Scanning (ms): Min: 0.0, Avg: 0.0, Max: 0.0, Diff: 0.0, Sum: 0.1]
      [Object Copy (ms): Min: 55.2, Avg: 55.3, Max: 55.3, Diff: 0.1, Sum: 442.2]
      [Termination (ms): Min: 0.0, Avg: 0.0, Max: 0.0, Diff: 0.0, Sum: 0.0]
      [GC Worker Other (ms): Min: 0.0, Avg: 0.1, Max: 0.1, Diff: 0.1, Sum: 0.6]
      [GC Worker Total (ms): Min: 56.4, Avg: 56.5, Max: 56.5, Diff: 0.1, Sum: 451.7]
      [GC Worker End (ms): Min: 85401.4, Avg: 85401.4, Max: 85401.4, Diff: 0.1]
   [Code Root Fixup: 0.1 ms]
   [Code Root Migration: 0.1 ms]
   [Clear CT: 0.4 ms]
   [Other: 1.0 ms]
      [Choose CSet: 0.0 ms]
      [Ref Proc: 0.1 ms]
      [Ref Enq: 0.0 ms]
      [Free CSet: 0.8 ms]
   [Eden: 1008.0M(1008.0M)->0.0B(1006.0M) Survivors: 105.0M->104.0M Heap: 1572.9M(1887.0M)->563.9M(1887.0M)]
 [Times: user=0.45 sys=0.00, real=0.06 secs] 
85.403: Total time for which application threads were stopped: 0.0584540 seconds, Stopping threads took: 0.0000570 seconds
85.903: Application time: 0.5002800 seconds
85.904: [GC pause (young), 0.0552690 secs]
   [Parallel Time: 53.7 ms, GC Workers: 8]
      [GC Worker Start (ms): Min: 85903.6, Avg: 85903.9, Max: 85905.6, Diff: 1.9]
      [Ext Root Scanning (ms): Min: 0.0, Avg: 0.6, Max: 0.8, Diff: 0.8, Sum: 4.7]
      [Update RS (ms): Min: 0.0, Avg: 0.0, Max: 0.1, Diff: 0.1, Sum: 0.1]
         [Processed Buffers: Min: 0, Avg: 0.9, Max: 3, Diff: 3, Sum: 7]
      [Scan RS (ms): Min: 0.0, Avg: 0.4, Max: 0.5, Diff: 0.4, Sum: 3.0]
      [Code Root Scanning (ms): Min: 0.0, Avg: 0.0, Max: 0.0, Diff: 0.0, Sum: 0.1]
      [Object Copy (ms): Min: 51.7, Avg: 52.4, Max: 52.6, Diff: 0.9, Sum: 419.3]
      [Termination (ms): Min: 0.0, Avg: 0.0, Max: 0.0, Diff: 0.0, Sum: 0.0]
      [GC Worker Other (ms): Min: 0.0, Avg: 0.1, Max: 0.1, Diff: 0.0, Sum: 0.4]
      [GC Worker Total (ms): Min: 51.8, Avg: 53.5, Max: 53.7, Diff: 1.9, Sum: 427.6]
      [GC Worker End (ms): Min: 85957.3, Avg: 85957.4, Max: 85957.4, Diff: 0.0]
   [Code Root Fixup: 0.1 ms]
   [Code Root Migration: 0.1 ms]
   [Clear CT: 0.4 ms]
   [Other: 0.8 ms]
      [Choose CSet: 0.0 ms]
      [Ref Proc: 0.1 ms]
      [Ref Enq: 0.0 ms]
      [Free CSet: 0.7 ms]
   [Eden: 1006.0M(1006.0M)->0.0B(1012.0M) Survivors: 104.0M->98.0M Heap: 1569.9M(1887.0M)->558.4M(1887.0M)]
 [Times: user=0.42 sys=0.00, real=0.06 secs] 
85.959: Total time for which application threads were stopped: 0.0554590 seconds, Stopping threads took: 0.0000650 seconds
86.468: Application time: 0.5087780 seconds
86.468: [GC pause (young), 0.0484870 secs]
   [Parallel Time: 46.9 ms, GC Workers: 8]
      [GC Worker Start (ms): Min: 86467.9, Avg: 86467.9, Max: 86467.9, Diff: 0.1]
      [Ext Root Scanning (ms): Min: 0.6, Avg: 0.6, Max: 0.7, Diff: 0.1, Sum: 5.0]
      [Update RS (ms): Min: 0.0, Avg: 0.0, Max: 0.0, Diff: 0.0, Sum: 0.1]
         [Processed Buffers: Min: 0, Avg: 1.1, Max: 4, Diff: 4, Sum: 9]
      [Scan RS (ms): Min: 0.4, Avg: 0.4, Max: 0.4, Diff: 0.1, Sum: 3.4]
      [Code Root Scanning (ms): Min: 0.0, Avg: 0.0, Max: 0.0, Diff: 0.0, Sum: 0.1]
      [Object Copy (ms): Min: 45.6, Avg: 45.7, Max: 45.7, Diff: 0.1, Sum: 365.4]
      [Termination (ms): Min: 0.0, Avg: 0.0, Max: 0.0, Diff: 0.0, Sum: 0.0]
      [GC Worker Other (ms): Min: 0.0, Avg: 0.1, Max: 0.1, Diff: 0.0, Sum: 0.4]
      [GC Worker Total (ms): Min: 46.8, Avg: 46.8, Max: 46.8, Diff: 0.1, Sum: 374.4]
      [GC Worker End (ms): Min: 86514.7, Avg: 86514.7, Max: 86514.7, Diff: 0.0]
   [Code Root Fixup: 0.1 ms]
   [Code Root Migration: 0.1 ms]
   [Clear CT: 0.5 ms]
   [Other: 0.9 ms]
      [Choose CSet: 0.0 ms]
      [Ref Proc: 0.1 ms]
      [Ref Enq: 0.0 ms]
      [Free CSet: 0.7 ms]
   [Eden: 1012.0M(1012.0M)->0.0B(1028.0M) Survivors: 98.0M->85.0M Heap: 1570.4M(1887.0M)->545.4M(1887.0M)]
 [Times: user=0.38 sys=0.00, real=0.05 secs] 
86.516: Total time for which application threads were stopped: 0.0486660 seconds, Stopping threads took: 0.0000450 seconds
87.021: Application time: 0.5050070 seconds
87.022: [GC pause (young), 0.0421820 secs]
   [Parallel Time: 40.6 ms, GC Workers: 8]
      [GC Worker Start (ms): Min: 87021.6, Avg: 87021.6, Max: 87021.6, Diff: 0.1]
      [Ext Root Scanning (ms): Min: 0.6, Avg: 0.7, Max: 0.7, Diff: 0.1, Sum: 5.5]
      [Update RS (ms): Min: 0.0, Avg: 0.0, Max: 0.0, Diff: 0.0, Sum: 0.1]
         [Processed Buffers: Min: 0, Avg: 0.9, Max: 3, Diff: 3, Sum: 7]
      [Scan RS (ms): Min: 0.4, Avg: 0.4, Max: 0.5, Diff: 0.1, Sum: 3.4]
      [Code Root Scanning (ms): Min: 0.0, Avg: 0.0, Max: 0.0, Diff: 0.0, Sum: 0.1]
      [Object Copy (ms): Min: 39.4, Avg: 39.4, Max: 39.4, Diff: 0.0, Sum: 314.9]
      [Termination (ms): Min: 0.0, Avg: 0.0, Max: 0.0, Diff: 0.0, Sum: 0.0]
      [GC Worker Other (ms): Min: 0.0, Avg: 0.0, Max: 0.1, Diff: 0.1, Sum: 0.4]
      [GC Worker Total (ms): Min: 40.5, Avg: 40.5, Max: 40.6, Diff: 0.1, Sum: 324.4]
      [GC Worker End (ms): Min: 87062.1, Avg: 87062.1, Max: 87062.2, Diff: 0.1]
   [Code Root Fixup: 0.1 ms]
   [Code Root Migration: 0.1 ms]
   [Clear CT: 0.4 ms]
   [Other: 0.8 ms]
      [Choose CSet: 0.0 ms]
      [Ref Proc: 0.1 ms]
      [Ref Enq: 0.0 ms]
      [Free CSet: 0.7 ms]
   [Eden: 1028.0M(1028.0M)->0.0B(1044.0M) Survivors: 85.0M->75.0M Heap: 1573.4M(1887.0M)->535.4M(1887.0M)]
 [Times: user=0.33 sys=0.00, real=0.04 secs] 
87.064: Total time for which application threads were stopped: 0.0423630 seconds, Stopping threads took: 0.0000470 seconds
87.570: Application time: 0.5060000 seconds
87.570: [GC pause (young), 0.0436170 secs]
   [Parallel Time: 42.1 ms, GC Workers: 8]
      [GC Worker Start (ms): Min: 87569.9, Avg: 87569.9, Max: 87570.0, Diff: 0.1]
      [Ext Root Scanning (ms): Min: 0.7, Avg: 0.7, Max: 0.8, Diff: 0.1, Sum: 5.5]
      [Update RS (ms): Min: 0.0, Avg: 0.0, Max: 0.0, Diff: 0.0, Sum: 0.1]
         [Processed Buffers: Min: 0, Avg: 1.0, Max: 3, Diff: 3, Sum: 8]
      [Scan RS (ms): Min: 0.4, Avg: 0.4, Max: 0.5, Diff: 0.1, Sum: 3.6]
      [Code Root Scanning (ms): Min: 0.0, Avg: 0.0, Max: 0.0, Diff: 0.0, Sum: 0.1]
      [Object Copy (ms): Min: 40.8, Avg: 40.8, Max: 40.9, Diff: 0.1, Sum: 326.4]
      [Termination (ms): Min: 0.0, Avg: 0.0, Max: 0.0, Diff: 0.0, Sum: 0.0]
      [GC Worker Other (ms): Min: 0.0, Avg: 0.1, Max: 0.1, Diff: 0.0, Sum: 0.5]
      [GC Worker Total (ms): Min: 42.0, Avg: 42.0, Max: 42.1, Diff: 0.1, Sum: 336.1]
      [GC Worker End (ms): Min: 87611.9, Avg: 87612.0, Max: 87612.0, Diff: 0.0]
   [Code Root Fixup: 0.1 ms]
   [Code Root Migration: 0.1 ms]
   [Clear CT: 0.5 ms]
   [Other: 0.8 ms]
      [Choose CSet: 0.0 ms]
      [Ref Proc: 0.1 ms]
      [Ref Enq: 0.0 ms]
      [Free CSet: 0.7 ms]
   [Eden: 1044.0M(1044.0M)->0.0B(1040.0M) Survivors: 75.0M->81.0M Heap: 1579.4M(1887.0M)->540.9M(1887.0M)]
 [Times: user=0.34 sys=0.00, real=0.05 secs] 
87.614: Total time for which application threads were stopped: 0.0438040 seconds, Stopping threads took: 0.0000550 seconds
88.118: Application time: 0.5045200 seconds
88.118: [GC pause (young), 0.0433120 secs]
   [Parallel Time: 41.6 ms, GC Workers: 8]
      [GC Worker Start (ms): Min: 88118.3, Avg: 88118.3, Max: 88118.3, Diff: 0.1]
      [Ext Root Scanning (ms): Min: 0.6, Avg: 0.7, Max: 0.7, Diff: 0.1, Sum: 5.3]
      [Update RS (ms): Min: 0.0, Avg: 0.0, Max: 0.1, Diff: 0.1, Sum: 0.1]
         [Processed Buffers: Min: 0, Avg: 0.9, Max: 3, Diff: 3, Sum: 7]
      [Scan RS (ms): Min: 0.4, Avg: 0.5, Max: 0.5, Diff: 0.1, Sum: 3.7]
      [Code Root Scanning (ms): Min: 0.0, Avg: 0.0, Max: 0.0, Diff: 0.0, Sum: 0.1]
      [Object Copy (ms): Min: 40.3, Avg: 40.3, Max: 40.3, Diff: 0.1, Sum: 322.4]
      [Termination (ms): Min: 0.0, Avg: 0.0, Max: 0.0, Diff: 0.0, Sum: 0.0]
      [GC Worker Other (ms): Min: 0.0, Avg: 0.1, Max: 0.1, Diff: 0.0, Sum: 0.5]
      [GC Worker Total (ms): Min: 41.5, Avg: 41.5, Max: 41.6, Diff: 0.1, Sum: 332.1]
      [GC Worker End (ms): Min: 88159.8, Avg: 88159.8, Max: 88159.8, Diff: 0.0]
   [Code Root Fixup: 0.1 ms]
   [Code Root Migration: 0.1 ms]
   [Clear CT: 0.5 ms]
   [Other: 1.0 ms]
      [Choose CSet: 0.0 ms]
      [Ref Proc: 0.2 ms]
      [Ref Enq: 0.0 ms]
      [Free CSet: 0.8 ms]
   [Eden: 1040.0M(1040.0M)->0.0B(1042.0M) Survivors: 81.0M->80.0M Heap: 1580.9M(1887.0M)->540.4M(1887.0M)]
 [Times: user=0.33 sys=0.00, real=0.04 secs] 
88.162: Total time for which application threads were stopped: 0.0435280 seconds, Stopping threads took: 0.0000780 seconds
88.657: Application time: 0.4957460 seconds
88.657: [GC pause (young), 0.0534660 secs]
   [Parallel Time: 51.8 ms, GC Workers: 8]
      [GC Worker Start (ms): Min: 88657.5, Avg: 88658.1, Max: 88661.6, Diff: 4.0]
      [Ext Root Scanning (ms): Min: 0.0, Avg: 0.6, Max: 0.9, Diff: 0.9, Sum: 4.9]
      [Update RS (ms): Min: 0.0, Avg: 0.0, Max: 0.0, Diff: 0.0, Sum: 0.1]
         [Processed Buffers: Min: 0, Avg: 0.9, Max: 3, Diff: 3, Sum: 7]
      [Scan RS (ms): Min: 0.2, Avg: 0.4, Max: 0.5, Diff: 0.3, Sum: 3.2]
      [Code Root Scanning (ms): Min: 0.0, Avg: 0.0, Max: 0.0, Diff: 0.0, Sum: 0.1]
      [Object Copy (ms): Min: 47.4, Avg: 50.1, Max: 50.5, Diff: 3.1, Sum: 400.9]
      [Termination (ms): Min: 0.0, Avg: 0.0, Max: 0.0, Diff: 0.0, Sum: 0.0]
      [GC Worker Other (ms): Min: 0.0, Avg: 0.1, Max: 0.1, Diff: 0.0, Sum: 0.5]
      [GC Worker Total (ms): Min: 47.7, Avg: 51.2, Max: 51.7, Diff: 4.1, Sum: 409.7]
      [GC Worker End (ms): Min: 88709.3, Avg: 88709.3, Max: 88709.3, Diff: 0.0]
   [Code Root Fixup: 0.1 ms]
   [Code Root Migration: 0.1 ms]
   [Clear CT: 0.5 ms]
   [Other: 1.0 ms]
      [Choose CSet: 0.0 ms]
      [Ref Proc: 0.1 ms]
      [Ref Enq: 0.0 ms]
      [Free CSet: 0.8 ms]
   [Eden: 1042.0M(1042.0M)->0.0B(1016.0M) Survivors: 80.0M->101.0M Heap: 1582.4M(1887.0M)->561.4M(1887.0M)]
 [Times: user=0.41 sys=0.00, real=0.05 secs] 
88.711: Total time for which application threads were stopped: 0.0536520 seconds, Stopping threads took: 0.0000580 seconds
89.223: Application time: 0.5121310 seconds
89.223: [GC pause (young), 0.0582740 secs]
   [Parallel Time: 56.7 ms, GC Workers: 8]
      [GC Worker Start (ms): Min: 89223.3, Avg: 89223.6, Max: 89225.6, Diff: 2.3]
      [Ext Root Scanning (ms): Min: 0.0, Avg: 0.7, Max: 0.9, Diff: 0.9, Sum: 5.3]
      [Update RS (ms): Min: 0.0, Avg: 0.0, Max: 0.0, Diff: 0.0, Sum: 0.1]
         [Processed Buffers: Min: 0, Avg: 0.9, Max: 3, Diff: 3, Sum: 7]
      [Scan RS (ms): Min: 0.0, Avg: 0.4, Max: 0.5, Diff: 0.5, Sum: 3.1]
      [Code Root Scanning (ms): Min: 0.0, Avg: 0.0, Max: 0.0, Diff: 0.0, Sum: 0.1]
      [Object Copy (ms): Min: 54.3, Avg: 55.2, Max: 55.6, Diff: 1.3, Sum: 441.6]
      [Termination (ms): Min: 0.0, Avg: 0.0, Max: 0.0, Diff: 0.0, Sum: 0.0]
      [GC Worker Other (ms): Min: 0.0, Avg: 0.1, Max: 0.1, Diff: 0.0, Sum: 0.5]
      [GC Worker Total (ms): Min: 54.4, Avg: 56.3, Max: 56.7, Diff: 2.3, Sum: 450.8]
      [GC Worker End (ms): Min: 89279.9, Avg: 89280.0, Max: 89280.0, Diff: 0.0]
   [Code Root Fixup: 0.1 ms]
   [Code Root Migration: 0.1 ms]
   [Clear CT: 0.4 ms]
   [Other: 0.9 ms]
      [Choose CSet: 0.0 ms]
      [Ref Proc: 0.1 ms]
      [Ref Enq: 0.0 ms]
      [Free CSet: 0.7 ms]
   [Eden: 1016.0M(1016.0M)->0.0B(1005.0M) Survivors: 101.0M->107.0M Heap: 1577.4M(1887.0M)->567.4M(1887.0M)]
 [Times: user=0.46 sys=0.00, real=0.06 secs] 
89.282: Total time for which application threads were stopped: 0.0584490 seconds, Stopping threads took: 0.0000450 seconds
89.772: Application time: 0.4903890 seconds
89.772: [GC pause (young), 0.0577280 secs]
   [Parallel Time: 56.2 ms, GC Workers: 8]
      [GC Worker Start (ms): Min: 89772.2, Avg: 89772.2, Max: 89772.2, Diff: 0.1]
      [Ext Root Scanning (ms): Min: 0.6, Avg: 0.6, Max: 0.7, Diff: 0.1, Sum: 5.2]
      [Update RS (ms): Min: 0.0, Avg: 0.0, Max: 0.0, Diff: 0.0, Sum: 0.1]
         [Processed Buffers: Min: 0, Avg: 0.9, Max: 4, Diff: 4, Sum: 7]
      [Scan RS (ms): Min: 0.4, Avg: 0.4, Max: 0.5, Diff: 0.1, Sum: 3.4]
      [Code Root Scanning (ms): Min: 0.0, Avg: 0.0, Max: 0.0, Diff: 0.0, Sum: 0.1]
      [Object Copy (ms): Min: 54.9, Avg: 55.0, Max: 55.0, Diff: 0.1, Sum: 439.7]
      [Termination (ms): Min: 0.0, Avg: 0.0, Max: 0.0, Diff: 0.0, Sum: 0.0]
      [GC Worker Other (ms): Min: 0.0, Avg: 0.1, Max: 0.1, Diff: 0.0, Sum: 0.5]
      [GC Worker Total (ms): Min: 56.1, Avg: 56.1, Max: 56.2, Diff: 0.1, Sum: 449.0]
      [GC Worker End (ms): Min: 89828.3, Avg: 89828.3, Max: 89828.3, Diff: 0.0]
   [Code Root Fixup: 0.1 ms]
   [Code Root Migration: 0.1 ms]
   [Clear CT: 0.5 ms]
   [Other: 0.8 ms]
      [Choose CSet: 0.0 ms]
      [Ref Proc: 0.1 ms]
      [Ref Enq: 0.0 ms]
      [Free CSet: 0.7 ms]
   [Eden: 1005.0M(1005.0M)->0.0B(1006.0M) Survivors: 107.0M->104.0M Heap: 1572.4M(1887.0M)->564.4M(1887.0M)]
 [Times: user=0.45 sys=0.00, real=0.06 secs] 
89.830: Total time for which application threads were stopped: 0.0579260 seconds, Stopping threads took: 0.0000610 seconds
90.325: Application time: 0.4953340 seconds
90.325: [GC pause (young), 0.0562990 secs]
   [Parallel Time: 54.8 ms, GC Workers: 8]
      [GC Worker Start (ms): Min: 90325.4, Avg: 90325.4, Max: 90325.5, Diff: 0.1]
      [Ext Root Scanning (ms): Min: 0.6, Avg: 0.6, Max: 0.7, Diff: 0.1, Sum: 5.2]
      [Update RS (ms): Min: 0.0, Avg: 0.0, Max: 0.0, Diff: 0.0, Sum: 0.1]
         [Processed Buffers: Min: 0, Avg: 1.0, Max: 3, Diff: 3, Sum: 8]
      [Scan RS (ms): Min: 0.4, Avg: 0.4, Max: 0.5, Diff: 0.1, Sum: 3.4]
      [Code Root Scanning (ms): Min: 0.0, Avg: 0.0, Max: 0.0, Diff: 0.0, Sum: 0.1]
      [Object Copy (ms): Min: 53.5, Avg: 53.6, Max: 53.6, Diff: 0.0, Sum: 428.5]
      [Termination (ms): Min: 0.0, Avg: 0.0, Max: 0.0, Diff: 0.0, Sum: 0.0]
      [GC Worker Other (ms): Min: 0.0, Avg: 0.1, Max: 0.1, Diff: 0.0, Sum: 0.5]
      [GC Worker Total (ms): Min: 54.7, Avg: 54.7, Max: 54.7, Diff: 0.1, Sum: 437.7]
      [GC Worker End (ms): Min: 90380.1, Avg: 90380.1, Max: 90380.2, Diff: 0.0]
   [Code Root Fixup: 0.1 ms]
   [Code Root Migration: 0.1 ms]
   [Clear CT: 0.5 ms]
   [Other: 0.8 ms]
      [Choose CSet: 0.0 ms]
      [Ref Proc: 0.1 ms]
      [Ref Enq: 0.0 ms]
      [Free CSet: 0.7 ms]
   [Eden: 1006.0M(1006.0M)->0.0B(1008.0M) Survivors: 104.0M->101.0M Heap: 1570.4M(1887.0M)->561.4M(1887.0M)]
 [Times: user=0.45 sys=0.00, real=0.06 secs] 
90.383: Total time for which application threads were stopped: 0.0579540 seconds, Stopping threads took: 0.0000530 seconds
90.879: Application time: 0.4954900 seconds
90.879: [GC pause (young), 0.0504790 secs]
   [Parallel Time: 49.0 ms, GC Workers: 8]
      [GC Worker Start (ms): Min: 90878.9, Avg: 90878.9, Max: 90878.9, Diff: 0.1]
      [Ext Root Scanning (ms): Min: 0.6, Avg: 0.7, Max: 0.8, Diff: 0.1, Sum: 5.5]
      [Update RS (ms): Min: 0.0, Avg: 0.0, Max: 0.0, Diff: 0.0, Sum: 0.1]
         [Processed Buffers: Min: 0, Avg: 0.9, Max: 3, Diff: 3, Sum: 7]
      [Scan RS (ms): Min: 0.4, Avg: 0.4, Max: 0.5, Diff: 0.1, Sum: 3.5]
      [Code Root Scanning (ms): Min: 0.0, Avg: 0.0, Max: 0.0, Diff: 0.0, Sum: 0.1]
      [Object Copy (ms): Min: 47.4, Avg: 47.4, Max: 47.7, Diff: 0.3, Sum: 379.5]
      [Termination (ms): Min: 0.0, Avg: 0.3, Max: 0.3, Diff: 0.3, Sum: 2.4]
      [GC Worker Other (ms): Min: 0.0, Avg: 0.0, Max: 0.0, Diff: 0.0, Sum: 0.2]
      [GC Worker Total (ms): Min: 48.9, Avg: 48.9, Max: 48.9, Diff: 0.1, Sum: 391.2]
      [GC Worker End (ms): Min: 90927.8, Avg: 90927.8, Max: 90927.8, Diff: 0.0]
   [Code Root Fixup: 0.1 ms]
   [Code Root Migration: 0.1 ms]
   [Clear CT: 0.4 ms]
   [Other: 0.8 ms]
      [Choose CSet: 0.0 ms]
      [Ref Proc: 0.1 ms]
      [Ref Enq: 0.0 ms]
      [Free CSet: 0.6 ms]
   [Eden: 1008.0M(1008.0M)->0.0B(1024.0M) Survivors: 101.0M->88.0M Heap: 1569.4M(1887.0M)->548.4M(1887.0M)]
 [Times: user=0.38 sys=0.00, real=0.05 secs] 
90.929: Total time for which application threads were stopped: 0.0506520 seconds, Stopping threads took: 0.0000480 seconds
91.441: Application time: 0.5113100 seconds
91.441: [GC pause (young), 0.0470420 secs]
   [Parallel Time: 45.5 ms, GC Workers: 8]
      [GC Worker Start (ms): Min: 91440.8, Avg: 91440.8, Max: 91440.9, Diff: 0.1]
      [Ext Root Scanning (ms): Min: 0.6, Avg: 0.7, Max: 0.7, Diff: 0.1, Sum: 5.5]
      [Update RS (ms): Min: 0.0, Avg: 0.0, Max: 0.0, Diff: 0.0, Sum: 0.1]
         [Processed Buffers: Min: 0, Avg: 0.9, Max: 2, Diff: 2, Sum: 7]
      [Scan RS (ms): Min: 0.4, Avg: 0.4, Max: 0.4, Diff: 0.0, Sum: 3.3]
      [Code Root Scanning (ms): Min: 0.0, Avg: 0.0, Max: 0.0, Diff: 0.0, Sum: 0.1]
      [Object Copy (ms): Min: 44.3, Avg: 44.3, Max: 44.3, Diff: 0.0, Sum: 354.2]
      [Termination (ms): Min: 0.0, Avg: 0.0, Max: 0.0, Diff: 0.0, Sum: 0.0]
      [GC Worker Other (ms): Min: 0.0, Avg: 0.1, Max: 0.1, Diff: 0.0, Sum: 0.4]
      [GC Worker Total (ms): Min: 45.4, Avg: 45.4, Max: 45.5, Diff: 0.1, Sum: 363.6]
      [GC Worker End (ms): Min: 91486.3, Avg: 91486.3, Max: 91486.3, Diff: 0.0]
   [Code Root Fixup: 0.1 ms]
   [Code Root Migration: 0.1 ms]
   [Clear CT: 0.4 ms]
   [Other: 0.9 ms]
      [Choose CSet: 0.0 ms]
      [Ref Proc: 0.1 ms]
      [Ref Enq: 0.0 ms]
      [Free CSet: 0.7 ms]
   [Eden: 1024.0M(1024.0M)->0.0B(1031.0M) Survivors: 88.0M->84.0M Heap: 1572.4M(1887.0M)->544.5M(1887.0M)]
 [Times: user=0.37 sys=0.00, real=0.05 secs] 
91.488: Total time for which application threads were stopped: 0.0472250 seconds, Stopping threads took: 0.0000470 seconds
92.004: Application time: 0.5162530 seconds
92.004: [GC pause (young), 0.0418940 secs]
   [Parallel Time: 40.2 ms, GC Workers: 8]
      [GC Worker Start (ms): Min: 92004.3, Avg: 92004.4, Max: 92004.4, Diff: 0.1]
      [Ext Root Scanning (ms): Min: 0.6, Avg: 0.7, Max: 0.7, Diff: 0.1, Sum: 5.3]
      [Update RS (ms): Min: 0.0, Avg: 0.0, Max: 0.1, Diff: 0.1, Sum: 0.1]
         [Processed Buffers: Min: 0, Avg: 1.1, Max: 3, Diff: 3, Sum: 9]
      [Scan RS (ms): Min: 0.4, Avg: 0.5, Max: 0.5, Diff: 0.1, Sum: 3.7]
      [Code Root Scanning (ms): Min: 0.0, Avg: 0.0, Max: 0.0, Diff: 0.0, Sum: 0.1]
      [Object Copy (ms): Min: 38.9, Avg: 38.9, Max: 39.0, Diff: 0.1, Sum: 311.4]
      [Termination (ms): Min: 0.0, Avg: 0.0, Max: 0.0, Diff: 0.0, Sum: 0.0]
      [GC Worker Other (ms): Min: 0.0, Avg: 0.1, Max: 0.1, Diff: 0.0, Sum: 0.5]
      [GC Worker Total (ms): Min: 40.1, Avg: 40.1, Max: 40.2, Diff: 0.1, Sum: 321.1]
      [GC Worker End (ms): Min: 92044.5, Avg: 92044.5, Max: 92044.5, Diff: 0.0]
   [Code Root Fixup: 0.1 ms]
   [Code Root Migration: 0.1 ms]
   [Clear CT: 0.5 ms]
   [Other: 0.9 ms]
      [Choose CSet: 0.0 ms]
      [Ref Proc: 0.2 ms]
      [Ref Enq: 0.0 ms]
      [Free CSet: 0.7 ms]
   [Eden: 1031.0M(1031.0M)->0.0B(1046.0M) Survivors: 84.0M->74.0M Heap: 1575.5M(1887.0M)->534.5M(1887.0M)]
 [Times: user=0.32 sys=0.00, real=0.05 secs] 
92.046: Total time for which application threads were stopped: 0.0420830 seconds, Stopping threads took: 0.0000590 seconds
92.561: Application time: 0.5148520 seconds
92.561: [GC pause (young), 0.0416030 secs]
   [Parallel Time: 40.0 ms, GC Workers: 8]
      [GC Worker Start (ms): Min: 92561.3, Avg: 92561.3, Max: 92561.3, Diff: 0.1]
      [Ext Root Scanning (ms): Min: 0.6, Avg: 0.7, Max: 0.7, Diff: 0.1, Sum: 5.4]
      [Update RS (ms): Min: 0.0, Avg: 0.0, Max: 0.1, Diff: 0.1, Sum: 0.1]
         [Processed Buffers: Min: 0, Avg: 0.9, Max: 4, Diff: 4, Sum: 7]
      [Scan RS (ms): Min: 0.4, Avg: 0.4, Max: 0.5, Diff: 0.1, Sum: 3.5]
      [Code Root Scanning (ms): Min: 0.0, Avg: 0.0, Max: 0.0, Diff: 0.0, Sum: 0.1]
      [Object Copy (ms): Min: 38.7, Avg: 38.7, Max: 38.8, Diff: 0.1, Sum: 309.9]
      [Termination (ms): Min: 0.0, Avg: 0.0, Max: 0.0, Diff: 0.0, Sum: 0.0]
      [GC Worker Other (ms): Min: 0.0, Avg: 0.1, Max: 0.1, Diff: 0.0, Sum: 0.5]
      [GC Worker Total (ms): Min: 39.9, Avg: 39.9, Max: 40.0, Diff: 0.1, Sum: 319.5]
      [GC Worker End (ms): Min: 92601.2, Avg: 92601.2, Max: 92601.3, Diff: 0.0]
   [Code Root Fixup: 0.1 ms]
   [Code Root Migration: 0.1 ms]
   [Clear CT: 0.5 ms]
   [Other: 0.9 ms]
      [Choose CSet: 0.0 ms]
      [Ref Proc: 0.1 ms]
      [Ref Enq: 0.0 ms]
      [Free CSet: 0.7 ms]
   [Eden: 1046.0M(1046.0M)->0.0B(1046.0M) Survivors: 74.0M->77.0M Heap: 1580.5M(1887.0M)->537.0M(1887.0M)]
 [Times: user=0.31 sys=0.01, real=0.04 secs] 
92.603: Total time for which application threads were stopped: 0.0417980 seconds, Stopping threads took: 0.0000610 seconds
93.111: Application time: 0.5083030 seconds
93.111: [GC pause (young), 0.0437620 secs]
   [Parallel Time: 42.2 ms, GC Workers: 8]
      [GC Worker Start (ms): Min: 93111.3, Avg: 93111.4, Max: 93111.4, Diff: 0.1]
      [Ext Root Scanning (ms): Min: 0.6, Avg: 0.7, Max: 0.7, Diff: 0.1, Sum: 5.4]
      [Update RS (ms): Min: 0.0, Avg: 0.0, Max: 0.1, Diff: 0.1, Sum: 0.1]
         [Processed Buffers: Min: 0, Avg: 0.9, Max: 3, Diff: 3, Sum: 7]
      [Scan RS (ms): Min: 0.4, Avg: 0.4, Max: 0.5, Diff: 0.1, Sum: 3.5]
      [Code Root Scanning (ms): Min: 0.0, Avg: 0.0, Max: 0.0, Diff: 0.0, Sum: 0.1]
      [Object Copy (ms): Min: 40.9, Avg: 41.0, Max: 41.0, Diff: 0.1, Sum: 327.6]
      [Termination (ms): Min: 0.0, Avg: 0.0, Max: 0.0, Diff: 0.0, Sum: 0.0]
      [GC Worker Other (ms): Min: 0.0, Avg: 0.1, Max: 0.1, Diff: 0.0, Sum: 0.4]
      [GC Worker Total (ms): Min: 42.1, Avg: 42.1, Max: 42.2, Diff: 0.1, Sum: 337.2]
      [GC Worker End (ms): Min: 93153.5, Avg: 93153.5, Max: 93153.5, Diff: 0.0]
   [Code Root Fixup: 0.1 ms]
   [Code Root Migration: 0.1 ms]
   [Clear CT: 0.4 ms]
   [Other: 0.8 ms]
      [Choose CSet: 0.0 ms]
      [Ref Proc: 0.1 ms]
      [Ref Enq: 0.0 ms]
      [Free CSet: 0.7 ms]
   [Eden: 1046.0M(1046.0M)->0.0B(1041.0M) Survivors: 77.0M->83.0M Heap: 1583.0M(1887.0M)->543.0M(1887.0M)]
 [Times: user=0.34 sys=0.00, real=0.05 secs] 
93.155: Total time for which application threads were stopped: 0.0439150 seconds, Stopping threads took: 0.0000270 seconds
93.663: Application time: 0.5078710 seconds
93.663: [GC pause (young), 0.0466240 secs]
   [Parallel Time: 45.0 ms, GC Workers: 8]
      [GC Worker Start (ms): Min: 93663.1, Avg: 93663.2, Max: 93663.2, Diff: 0.1]
      [Ext Root Scanning (ms): Min: 0.6, Avg: 0.6, Max: 0.7, Diff: 0.1, Sum: 5.2]
      [Update RS (ms): Min: 0.0, Avg: 0.0, Max: 0.1, Diff: 0.1, Sum: 0.1]
         [Processed Buffers: Min: 0, Avg: 1.4, Max: 5, Diff: 5, Sum: 11]
      [Scan RS (ms): Min: 0.4, Avg: 0.4, Max: 0.5, Diff: 0.1, Sum: 3.6]
      [Code Root Scanning (ms): Min: 0.0, Avg: 0.0, Max: 0.0, Diff: 0.0, Sum: 0.1]
      [Object Copy (ms): Min: 43.7, Avg: 43.7, Max: 43.8, Diff: 0.2, Sum: 349.8]
      [Termination (ms): Min: 0.0, Avg: 0.0, Max: 0.0, Diff: 0.0, Sum: 0.0]
      [GC Worker Other (ms): Min: 0.0, Avg: 0.1, Max: 0.1, Diff: 0.1, Sum: 0.5]
      [GC Worker Total (ms): Min: 44.9, Avg: 44.9, Max: 45.0, Diff: 0.1, Sum: 359.2]
      [GC Worker End (ms): Min: 93708.0, Avg: 93708.1, Max: 93708.1, Diff: 0.0]
   [Code Root Fixup: 0.1 ms]
   [Code Root Migration: 0.1 ms]
   [Clear CT: 0.5 ms]
   [Other: 1.0 ms]
      [Choose CSet: 0.0 ms]
      [Ref Proc: 0.1 ms]
      [Ref Enq: 0.0 ms]
      [Free CSet: 0.8 ms]
   [Eden: 1041.0M(1041.0M)->0.0B(1036.0M) Survivors: 83.0M->87.0M Heap: 1584.0M(1887.0M)->547.5M(1887.0M)]
 [Times: user=0.37 sys=0.00, real=0.05 secs] 
93.710: Total time for which application threads were stopped: 0.0468020 seconds, Stopping threads took: 0.0000520 seconds
94.206: Application time: 0.4960280 seconds
94.206: [GC pause (young), 0.0519050 secs]
   [Parallel Time: 50.3 ms, GC Workers: 8]
      [GC Worker Start (ms): Min: 94206.0, Avg: 94206.0, Max: 94206.0, Diff: 0.1]
      [Ext Root Scanning (ms): Min: 0.6, Avg: 0.7, Max: 0.7, Diff: 0.1, Sum: 5.3]
      [Update RS (ms): Min: 0.0, Avg: 0.0, Max: 0.0, Diff: 0.0, Sum: 0.1]
         [Processed Buffers: Min: 0, Avg: 1.0, Max: 2, Diff: 2, Sum: 8]
      [Scan RS (ms): Min: 0.4, Avg: 0.4, Max: 0.5, Diff: 0.1, Sum: 3.5]
      [Code Root Scanning (ms): Min: 0.0, Avg: 0.0, Max: 0.0, Diff: 0.0, Sum: 0.1]
      [Object Copy (ms): Min: 49.1, Avg: 49.1, Max: 49.1, Diff: 0.1, Sum: 392.6]
      [Termination (ms): Min: 0.0, Avg: 0.0, Max: 0.0, Diff: 0.0, Sum: 0.0]
      [GC Worker Other (ms): Min: 0.0, Avg: 0.1, Max: 0.1, Diff: 0.0, Sum: 0.4]
      [GC Worker Total (ms): Min: 50.2, Avg: 50.3, Max: 50.3, Diff: 0.1, Sum: 402.1]
      [GC Worker End (ms): Min: 94256.2, Avg: 94256.3, Max: 94256.3, Diff: 0.0]
   [Code Root Fixup: 0.1 ms]
   [Code Root Migration: 0.1 ms]
   [Clear CT: 0.5 ms]
   [Other: 0.9 ms]
      [Choose CSet: 0.0 ms]
      [Ref Proc: 0.1 ms]
      [Ref Enq: 0.0 ms]
      [Free CSet: 0.7 ms]
   [Eden: 1036.0M(1036.0M)->0.0B(1020.0M) Survivors: 87.0M->99.0M Heap: 1583.5M(1887.0M)->559.5M(1887.0M)]
 [Times: user=0.41 sys=0.00, real=0.05 secs] 
94.258: Total time for which application threads were stopped: 0.0520840 seconds, Stopping threads took: 0.0000470 seconds
94.753: Application time: 0.4951930 seconds
94.753: [GC pause (young), 0.0592590 secs]
   [Parallel Time: 57.7 ms, GC Workers: 8]
      [GC Worker Start (ms): Min: 94753.3, Avg: 94753.3, Max: 94753.3, Diff: 0.0]
      [Ext Root Scanning (ms): Min: 0.6, Avg: 0.7, Max: 0.7, Diff: 0.1, Sum: 5.3]
      [Update RS (ms): Min: 0.0, Avg: 0.0, Max: 0.1, Diff: 0.1, Sum: 0.1]
         [Processed Buffers: Min: 0, Avg: 1.4, Max: 3, Diff: 3, Sum: 11]
      [Scan RS (ms): Min: 0.4, Avg: 0.4, Max: 0.4, Diff: 0.1, Sum: 3.5]
      [Code Root Scanning (ms): Min: 0.0, Avg: 0.0, Max: 0.0, Diff: 0.0, Sum: 0.1]
      [Object Copy (ms): Min: 56.5, Avg: 56.5, Max: 56.5, Diff: 0.0, Sum: 451.8]
      [Termination (ms): Min: 0.0, Avg: 0.0, Max: 0.0, Diff: 0.0, Sum: 0.0]
      [GC Worker Other (ms): Min: 0.0, Avg: 0.1, Max: 0.1, Diff: 0.0, Sum: 0.4]
      [GC Worker Total (ms): Min: 57.6, Avg: 57.7, Max: 57.7, Diff: 0.1, Sum: 461.2]
      [GC Worker End (ms): Min: 94810.9, Avg: 94810.9, Max: 94811.0, Diff: 0.0]
   [Code Root Fixup: 0.1 ms]
   [Code Root Migration: 0.1 ms]
   [Clear CT: 0.4 ms]
   [Other: 0.9 ms]
      [Choose CSet: 0.0 ms]
      [Ref Proc: 0.1 ms]
      [Ref Enq: 0.0 ms]
      [Free CSet: 0.7 ms]
   [Eden: 1020.0M(1020.0M)->0.0B(1004.0M) Survivors: 99.0M->109.0M Heap: 1579.5M(1887.0M)->569.5M(1887.0M)]
 [Times: user=0.46 sys=0.00, real=0.06 secs] 
94.813: Total time for which application threads were stopped: 0.0594550 seconds, Stopping threads took: 0.0000680 seconds
95.307: Application time: 0.4940950 seconds
95.307: [GC pause (young), 0.0576780 secs]
   [Parallel Time: 56.2 ms, GC Workers: 8]
      [GC Worker Start (ms): Min: 95306.8, Avg: 95306.9, Max: 95306.9, Diff: 0.1]
      [Ext Root Scanning (ms): Min: 0.6, Avg: 0.7, Max: 0.7, Diff: 0.1, Sum: 5.2]
      [Update RS (ms): Min: 0.0, Avg: 0.0, Max: 0.0, Diff: 0.0, Sum: 0.1]
         [Processed Buffers: Min: 0, Avg: 0.9, Max: 3, Diff: 3, Sum: 7]
      [Scan RS (ms): Min: 0.4, Avg: 0.4, Max: 0.5, Diff: 0.1, Sum: 3.5]
      [Code Root Scanning (ms): Min: 0.0, Avg: 0.0, Max: 0.0, Diff: 0.0, Sum: 0.1]
      [Object Copy (ms): Min: 54.9, Avg: 54.9, Max: 54.9, Diff: 0.1, Sum: 439.1]
      [Termination (ms): Min: 0.0, Avg: 0.0, Max: 0.0, Diff: 0.0, Sum: 0.0]
      [GC Worker Other (ms): Min: 0.0, Avg: 0.1, Max: 0.1, Diff: 0.0, Sum: 0.4]
      [GC Worker Total (ms): Min: 56.0, Avg: 56.1, Max: 56.1, Diff: 0.0, Sum: 448.4]
      [GC Worker End (ms): Min: 95362.9, Avg: 95362.9, Max: 95362.9, Diff: 0.0]
   [Code Root Fixup: 0.1 ms]
   [Code Root Migration: 0.1 ms]
   [Clear CT: 0.4 ms]
   [Other: 0.8 ms]
      [Choose CSet: 0.0 ms]
      [Ref Proc: 0.1 ms]
      [Ref Enq: 0.0 ms]
      [Free CSet: 0.7 ms]
   [Eden: 1004.0M(1004.0M)->0.0B(1006.0M) Survivors: 109.0M->104.0M Heap: 1573.5M(1887.0M)->564.5M(1887.0M)]
 [Times: user=0.45 sys=0.00, real=0.05 secs] 
95.365: Total time for which application threads were stopped: 0.0578660 seconds, Stopping threads took: 0.0000630 seconds
95.860: Application time: 0.4954810 seconds
95.860: [GC pause (young), 0.0523860 secs]
   [Parallel Time: 50.9 ms, GC Workers: 8]
      [GC Worker Start (ms): Min: 95860.2, Avg: 95860.4, Max: 95861.6, Diff: 1.4]
      [Ext Root Scanning (ms): Min: 0.0, Avg: 0.6, Max: 0.9, Diff: 0.9, Sum: 4.8]
      [Update RS (ms): Min: 0.0, Avg: 0.0, Max: 0.0, Diff: 0.0, Sum: 0.1]
         [Processed Buffers: Min: 0, Avg: 0.9, Max: 3, Diff: 3, Sum: 7]
      [Scan RS (ms): Min: 0.1, Avg: 0.4, Max: 0.5, Diff: 0.4, Sum: 3.1]
      [Code Root Scanning (ms): Min: 0.0, Avg: 0.0, Max: 0.0, Diff: 0.0, Sum: 0.1]
      [Object Copy (ms): Min: 49.3, Avg: 49.6, Max: 49.6, Diff: 0.3, Sum: 396.7]
      [Termination (ms): Min: 0.0, Avg: 0.0, Max: 0.0, Diff: 0.0, Sum: 0.0]
      [GC Worker Other (ms): Min: 0.0, Avg: 0.0, Max: 0.1, Diff: 0.0, Sum: 0.4]
      [GC Worker Total (ms): Min: 49.4, Avg: 50.6, Max: 50.8, Diff: 1.4, Sum: 405.0]
      [GC Worker End (ms): Min: 95911.0, Avg: 95911.0, Max: 95911.0, Diff: 0.0]
   [Code Root Fixup: 0.1 ms]
   [Code Root Migration: 0.1 ms]
   [Clear CT: 0.5 ms]
   [Other: 0.8 ms]
      [Choose CSet: 0.0 ms]
      [Ref Proc: 0.1 ms]
      [Ref Enq: 0.0 ms]
      [Free CSet: 0.7 ms]
   [Eden: 1006.0M(1006.0M)->0.0B(1017.0M) Survivors: 104.0M->93.0M Heap: 1570.5M(1887.0M)->553.5M(1887.0M)]
 [Times: user=0.41 sys=0.00, real=0.05 secs] 
95.913: Total time for which application threads were stopped: 0.0525760 seconds, Stopping threads took: 0.0000540 seconds
96.414: Application time: 0.5018670 seconds
96.415: [GC pause (young), 0.0505280 secs]
   [Parallel Time: 48.9 ms, GC Workers: 8]
      [GC Worker Start (ms): Min: 96414.6, Avg: 96414.6, Max: 96414.7, Diff: 0.1]
      [Ext Root Scanning (ms): Min: 0.6, Avg: 0.7, Max: 0.7, Diff: 0.1, Sum: 5.3]
      [Update RS (ms): Min: 0.0, Avg: 0.0, Max: 0.0, Diff: 0.0, Sum: 0.1]
         [Processed Buffers: Min: 0, Avg: 0.9, Max: 3, Diff: 3, Sum: 7]
      [Scan RS (ms): Min: 0.4, Avg: 0.4, Max: 0.5, Diff: 0.1, Sum: 3.4]
      [Code Root Scanning (ms): Min: 0.0, Avg: 0.0, Max: 0.0, Diff: 0.0, Sum: 0.1]
      [Object Copy (ms): Min: 47.7, Avg: 47.7, Max: 47.7, Diff: 0.0, Sum: 381.8]
      [Termination (ms): Min: 0.0, Avg: 0.0, Max: 0.0, Diff: 0.0, Sum: 0.0]
      [GC Worker Other (ms): Min: 0.0, Avg: 0.1, Max: 0.1, Diff: 0.0, Sum: 0.4]
      [GC Worker Total (ms): Min: 48.8, Avg: 48.9, Max: 48.9, Diff: 0.1, Sum: 391.0]
      [GC Worker End (ms): Min: 96463.5, Avg: 96463.5, Max: 96463.5, Diff: 0.0]
   [Code Root Fixup: 0.1 ms]
   [Code Root Migration: 0.1 ms]
   [Clear CT: 0.4 ms]
   [Other: 0.9 ms]
      [Choose CSet: 0.0 ms]
      [Ref Proc: 0.1 ms]
      [Ref Enq: 0.0 ms]
      [Free CSet: 0.7 ms]
   [Eden: 1017.0M(1017.0M)->0.0B(1021.0M) Survivors: 93.0M->91.0M Heap: 1570.5M(1887.0M)->551.5M(1887.0M)]
 [Times: user=0.40 sys=0.00, real=0.04 secs] 
96.465: Total time for which application threads were stopped: 0.0506970 seconds, Stopping threads took: 0.0000400 seconds
96.970: Application time: 0.5051920 seconds
96.970: [GC pause (young), 0.0471900 secs]
   [Parallel Time: 45.6 ms, GC Workers: 8]
      [GC Worker Start (ms): Min: 96970.5, Avg: 96971.8, Max: 96977.6, Diff: 7.1]
      [Ext Root Scanning (ms): Min: 0.0, Avg: 0.5, Max: 0.8, Diff: 0.8, Sum: 4.1]
      [Update RS (ms): Min: 0.0, Avg: 0.0, Max: 0.0, Diff: 0.0, Sum: 0.1]
         [Processed Buffers: Min: 0, Avg: 0.9, Max: 5, Diff: 5, Sum: 7]
      [Scan RS (ms): Min: 0.0, Avg: 0.3, Max: 0.5, Diff: 0.4, Sum: 2.8]
      [Code Root Scanning (ms): Min: 0.0, Avg: 0.0, Max: 0.0, Diff: 0.0, Sum: 0.1]
      [Object Copy (ms): Min: 38.2, Avg: 43.3, Max: 44.4, Diff: 6.2, Sum: 346.8]
      [Termination (ms): Min: 0.0, Avg: 0.0, Max: 0.0, Diff: 0.0, Sum: 0.0]
      [GC Worker Other (ms): Min: 0.0, Avg: 0.1, Max: 0.1, Diff: 0.1, Sum: 0.5]
      [GC Worker Total (ms): Min: 38.5, Avg: 44.3, Max: 45.6, Diff: 7.1, Sum: 354.4]
      [GC Worker End (ms): Min: 97016.1, Avg: 97016.1, Max: 97016.1, Diff: 0.1]
   [Code Root Fixup: 0.1 ms]
   [Code Root Migration: 0.1 ms]
   [Clear CT: 0.5 ms]
   [Other: 0.9 ms]
      [Choose CSet: 0.0 ms]
      [Ref Proc: 0.1 ms]
      [Ref Enq: 0.0 ms]
      [Free CSet: 0.7 ms]
   [Eden: 1021.0M(1021.0M)->0.0B(1034.0M) Survivors: 91.0M->82.0M Heap: 1572.5M(1887.0M)->542.5M(1887.0M)]
 [Times: user=0.36 sys=0.00, real=0.05 secs] 
97.018: Total time for which application threads were stopped: 0.0473810 seconds, Stopping threads took: 0.0000630 seconds
97.520: Application time: 0.5017650 seconds
97.520: [GC pause (young), 0.0438010 secs]
   [Parallel Time: 42.2 ms, GC Workers: 8]
      [GC Worker Start (ms): Min: 97519.6, Avg: 97519.7, Max: 97519.7, Diff: 0.1]
      [Ext Root Scanning (ms): Min: 0.6, Avg: 0.7, Max: 0.7, Diff: 0.1, Sum: 5.4]
      [Update RS (ms): Min: 0.0, Avg: 0.0, Max: 0.0, Diff: 0.0, Sum: 0.1]
         [Processed Buffers: Min: 0, Avg: 0.9, Max: 3, Diff: 3, Sum: 7]
      [Scan RS (ms): Min: 0.4, Avg: 0.4, Max: 0.4, Diff: 0.0, Sum: 3.4]
      [Code Root Scanning (ms): Min: 0.0, Avg: 0.0, Max: 0.0, Diff: 0.0, Sum: 0.1]
      [Object Copy (ms): Min: 40.9, Avg: 41.0, Max: 41.0, Diff: 0.0, Sum: 327.7]
      [Termination (ms): Min: 0.0, Avg: 0.0, Max: 0.0, Diff: 0.0, Sum: 0.0]
      [GC Worker Other (ms): Min: 0.0, Avg: 0.0, Max: 0.1, Diff: 0.0, Sum: 0.4]
      [GC Worker Total (ms): Min: 42.1, Avg: 42.1, Max: 42.2, Diff: 0.1, Sum: 337.0]
      [GC Worker End (ms): Min: 97561.8, Avg: 97561.8, Max: 97561.8, Diff: 0.0]
   [Code Root Fixup: 0.1 ms]
   [Code Root Migration: 0.1 ms]
   [Clear CT: 0.5 ms]
   [Other: 0.9 ms]
      [Choose CSet: 0.0 ms]
      [Ref Proc: 0.2 ms]
      [Ref Enq: 0.0 ms]
      [Free CSet: 0.7 ms]
   [Eden: 1034.0M(1034.0M)->0.0B(1039.0M) Survivors: 82.0M->80.0M Heap: 1576.5M(1887.0M)->540.5M(1887.0M)]
 [Times: user=0.34 sys=0.00, real=0.04 secs] 
97.564: Total time for which application threads were stopped: 0.0439830 seconds, Stopping threads took: 0.0000470 seconds
98.070: Application time: 0.5060030 seconds
98.070: [GC pause (young), 0.0504600 secs]
   [Parallel Time: 48.8 ms, GC Workers: 8]
      [GC Worker Start (ms): Min: 98069.7, Avg: 98069.7, Max: 98069.8, Diff: 0.1]
      [Ext Root Scanning (ms): Min: 0.6, Avg: 0.7, Max: 0.7, Diff: 0.1, Sum: 5.2]
      [Update RS (ms): Min: 0.0, Avg: 0.0, Max: 0.0, Diff: 0.0, Sum: 0.1]
         [Processed Buffers: Min: 0, Avg: 0.9, Max: 3, Diff: 3, Sum: 7]
      [Scan RS (ms): Min: 0.4, Avg: 0.4, Max: 0.4, Diff: 0.0, Sum: 3.4]
      [Code Root Scanning (ms): Min: 0.0, Avg: 0.0, Max: 0.0, Diff: 0.0, Sum: 0.1]
      [Object Copy (ms): Min: 47.5, Avg: 47.6, Max: 47.6, Diff: 0.0, Sum: 380.5]
      [Termination (ms): Min: 0.0, Avg: 0.0, Max: 0.0, Diff: 0.0, Sum: 0.0]
      [GC Worker Other (ms): Min: 0.0, Avg: 0.1, Max: 0.1, Diff: 0.0, Sum: 0.4]
      [GC Worker Total (ms): Min: 48.7, Avg: 48.7, Max: 48.8, Diff: 0.1, Sum: 389.7]
      [GC Worker End (ms): Min: 98118.4, Avg: 98118.4, Max: 98118.5, Diff: 0.0]
   [Code Root Fixup: 0.1 ms]
   [Code Root Migration: 0.1 ms]
   [Clear CT: 0.5 ms]
   [Other: 0.9 ms]
      [Choose CSet: 0.0 ms]
      [Ref Proc: 0.1 ms]
      [Ref Enq: 0.0 ms]
      [Free CSet: 0.8 ms]
   [Eden: 1039.0M(1039.0M)->0.0B(1026.0M) Survivors: 80.0M->91.0M Heap: 1579.5M(1887.0M)->551.6M(1887.0M)]
 [Times: user=0.40 sys=0.00, real=0.05 secs] 
98.120: Total time for which application threads were stopped: 0.0506880 seconds, Stopping threads took: 0.0000400 seconds
98.631: Application time: 0.5103530 seconds
98.631: [GC pause (young), 0.0458700 secs]
   [Parallel Time: 44.3 ms, GC Workers: 8]
      [GC Worker Start (ms): Min: 98630.7, Avg: 98630.7, Max: 98630.8, Diff: 0.1]
      [Ext Root Scanning (ms): Min: 0.6, Avg: 0.7, Max: 0.8, Diff: 0.1, Sum: 5.4]
      [Update RS (ms): Min: 0.0, Avg: 0.0, Max: 0.1, Diff: 0.1, Sum: 0.1]
         [Processed Buffers: Min: 0, Avg: 0.9, Max: 3, Diff: 3, Sum: 7]
      [Scan RS (ms): Min: 0.4, Avg: 0.4, Max: 0.5, Diff: 0.1, Sum: 3.5]
      [Code Root Scanning (ms): Min: 0.0, Avg: 0.0, Max: 0.0, Diff: 0.0, Sum: 0.1]
      [Object Copy (ms): Min: 43.0, Avg: 43.1, Max: 43.1, Diff: 0.1, Sum: 344.5]
      [Termination (ms): Min: 0.0, Avg: 0.0, Max: 0.0, Diff: 0.0, Sum: 0.0]
      [GC Worker Other (ms): Min: 0.0, Avg: 0.1, Max: 0.1, Diff: 0.1, Sum: 0.5]
      [GC Worker Total (ms): Min: 44.2, Avg: 44.3, Max: 44.3, Diff: 0.1, Sum: 354.1]
      [GC Worker End (ms): Min: 98675.0, Avg: 98675.0, Max: 98675.0, Diff: 0.1]
   [Code Root Fixup: 0.1 ms]
   [Code Root Migration: 0.1 ms]
   [Clear CT: 0.5 ms]
   [Other: 0.8 ms]
      [Choose CSet: 0.0 ms]
      [Ref Proc: 0.1 ms]
      [Ref Enq: 0.0 ms]
      [Free CSet: 0.7 ms]
   [Eden: 1026.0M(1026.0M)->0.0B(1038.0M) Survivors: 91.0M->82.0M Heap: 1577.6M(1887.0M)->542.1M(1887.0M)]
 [Times: user=0.36 sys=0.00, real=0.05 secs] 
98.677: Total time for which application threads were stopped: 0.0460810 seconds, Stopping threads took: 0.0000740 seconds
99.176: Application time: 0.4994800 seconds
99.176: [GC pause (young), 0.0413170 secs]
   [Parallel Time: 39.5 ms, GC Workers: 8]
      [GC Worker Start (ms): Min: 99176.2, Avg: 99176.3, Max: 99176.3, Diff: 0.1]
      [Ext Root Scanning (ms): Min: 0.6, Avg: 0.7, Max: 0.7, Diff: 0.1, Sum: 5.4]
      [Update RS (ms): Min: 0.0, Avg: 0.0, Max: 0.1, Diff: 0.1, Sum: 0.1]
         [Processed Buffers: Min: 0, Avg: 0.9, Max: 3, Diff: 3, Sum: 7]
      [Scan RS (ms): Min: 0.4, Avg: 0.5, Max: 0.5, Diff: 0.1, Sum: 3.8]
      [Code Root Scanning (ms): Min: 0.0, Avg: 0.0, Max: 0.0, Diff: 0.0, Sum: 0.1]
      [Object Copy (ms): Min: 38.2, Avg: 38.2, Max: 38.3, Diff: 0.1, Sum: 305.8]
      [Termination (ms): Min: 0.0, Avg: 0.0, Max: 0.0, Diff: 0.0, Sum: 0.0]
      [GC Worker Other (ms): Min: 0.0, Avg: 0.1, Max: 0.1, Diff: 0.0, Sum: 0.4]
      [GC Worker Total (ms): Min: 39.4, Avg: 39.5, Max: 39.5, Diff: 0.1, Sum: 315.7]
      [GC Worker End (ms): Min: 99215.7, Avg: 99215.7, Max: 99215.8, Diff: 0.0]
   [Code Root Fixup: 0.1 ms]
   [Code Root Migration: 0.1 ms]
   [Clear CT: 0.5 ms]
   [Other: 1.0 ms]
      [Choose CSet: 0.0 ms]
      [Ref Proc: 0.1 ms]
      [Ref Enq: 0.0 ms]
      [Free CSet: 0.8 ms]
   [Eden: 1038.0M(1038.0M)->0.0B(1044.0M) Survivors: 82.0M->79.0M Heap: 1580.1M(1887.0M)->539.1M(1887.0M)]
 [Times: user=0.32 sys=0.00, real=0.04 secs] 
99.218: Total time for which application threads were stopped: 0.0414770 seconds, Stopping threads took: 0.0000340 seconds
99.728: Application time: 0.5103190 seconds
99.728: [GC pause (young), 0.0520230 secs]
   [Parallel Time: 50.5 ms, GC Workers: 8]
      [GC Worker Start (ms): Min: 99728.1, Avg: 99728.1, Max: 99728.2, Diff: 0.1]
      [Ext Root Scanning (ms): Min: 0.6, Avg: 0.7, Max: 0.7, Diff: 0.1, Sum: 5.4]
      [Update RS (ms): Min: 0.0, Avg: 0.0, Max: 0.0, Diff: 0.0, Sum: 0.1]
         [Processed Buffers: Min: 0, Avg: 0.9, Max: 3, Diff: 3, Sum: 7]
      [Scan RS (ms): Min: 0.4, Avg: 0.4, Max: 0.4, Diff: 0.1, Sum: 3.4]
      [Code Root Scanning (ms): Min: 0.0, Avg: 0.0, Max: 0.0, Diff: 0.0, Sum: 0.1]
      [Object Copy (ms): Min: 49.2, Avg: 49.2, Max: 49.3, Diff: 0.0, Sum: 393.9]
      [Termination (ms): Min: 0.0, Avg: 0.0, Max: 0.0, Diff: 0.0, Sum: 0.0]
      [GC Worker Other (ms): Min: 0.0, Avg: 0.0, Max: 0.1, Diff: 0.0, Sum: 0.4]
      [GC Worker Total (ms): Min: 50.4, Avg: 50.4, Max: 50.4, Diff: 0.1, Sum: 403.3]
      [GC Worker End (ms): Min: 99778.5, Avg: 99778.5, Max: 99778.6, Diff: 0.0]
   [Code Root Fixup: 0.1 ms]
   [Code Root Migration: 0.1 ms]
   [Clear CT: 0.4 ms]
   [Other: 0.9 ms]
      [Choose CSet: 0.0 ms]
      [Ref Proc: 0.1 ms]
      [Ref Enq: 0.0 ms]
      [Free CSet: 0.7 ms]
   [Eden: 1044.0M(1044.0M)->0.0B(1022.0M) Survivors: 79.0M->97.0M Heap: 1583.1M(1887.0M)->557.1M(1887.0M)]
 [Times: user=0.41 sys=0.00, real=0.05 secs] 
99.780: Total time for which application threads were stopped: 0.0522460 seconds, Stopping threads took: 0.0000950 seconds
100.281: Application time: 0.5007430 seconds
100.281: [GC pause (young), 0.0501070 secs]
   [Parallel Time: 48.5 ms, GC Workers: 8]
      [GC Worker Start (ms): Min: 100281.1, Avg: 100281.1, Max: 100281.1, Diff: 0.1]
      [Ext Root Scanning (ms): Min: 0.6, Avg: 0.7, Max: 0.7, Diff: 0.1, Sum: 5.4]
      [Update RS (ms): Min: 0.0, Avg: 0.0, Max: 0.1, Diff: 0.1, Sum: 0.1]
         [Processed Buffers: Min: 0, Avg: 0.9, Max: 2, Diff: 2, Sum: 7]
      [Scan RS (ms): Min: 0.4, Avg: 0.4, Max: 0.5, Diff: 0.1, Sum: 3.5]
      [Code Root Scanning (ms): Min: 0.0, Avg: 0.0, Max: 0.0, Diff: 0.0, Sum: 0.1]
      [Object Copy (ms): Min: 47.2, Avg: 47.2, Max: 47.3, Diff: 0.1, Sum: 377.7]
      [Termination (ms): Min: 0.0, Avg: 0.0, Max: 0.0, Diff: 0.0, Sum: 0.0]
      [GC Worker Other (ms): Min: 0.0, Avg: 0.1, Max: 0.1, Diff: 0.1, Sum: 0.5]
      [GC Worker Total (ms): Min: 48.4, Avg: 48.4, Max: 48.5, Diff: 0.1, Sum: 387.3]
      [GC Worker End (ms): Min: 100329.5, Avg: 100329.5, Max: 100329.5, Diff: 0.1]
   [Code Root Fixup: 0.1 ms]
   [Code Root Migration: 0.1 ms]
   [Clear CT: 0.5 ms]
   [Other: 0.9 ms]
      [Choose CSet: 0.0 ms]
      [Ref Proc: 0.1 ms]
      [Ref Enq: 0.0 ms]
      [Free CSet: 0.7 ms]
   [Eden: 1022.0M(1022.0M)->0.0B(1026.0M) Survivors: 97.0M->93.0M Heap: 1579.1M(1887.0M)->553.6M(1887.0M)]
 [Times: user=0.39 sys=0.00, real=0.05 secs] 
100.331: Total time for which application threads were stopped: 0.0503010 seconds, Stopping threads took: 0.0000500 seconds
100.837: Application time: 0.5055870 seconds
100.837: [GC pause (young), 0.0535660 secs]
   [Parallel Time: 52.0 ms, GC Workers: 8]
      [GC Worker Start (ms): Min: 100837.0, Avg: 100837.1, Max: 100837.5, Diff: 0.6]
      [Ext Root Scanning (ms): Min: 0.2, Avg: 0.6, Max: 0.9, Diff: 0.6, Sum: 4.9]
      [Update RS (ms): Min: 0.0, Avg: 0.0, Max: 0.0, Diff: 0.0, Sum: 0.1]
         [Processed Buffers: Min: 0, Avg: 0.9, Max: 2, Diff: 2, Sum: 7]
      [Scan RS (ms): Min: 0.3, Avg: 0.4, Max: 0.5, Diff: 0.2, Sum: 3.3]
      [Code Root Scanning (ms): Min: 0.0, Avg: 0.0, Max: 0.0, Diff: 0.0, Sum: 0.1]
      [Object Copy (ms): Min: 50.7, Avg: 50.7, Max: 50.8, Diff: 0.1, Sum: 405.9]
      [Termination (ms): Min: 0.0, Avg: 0.0, Max: 0.0, Diff: 0.0, Sum: 0.0]
      [GC Worker Other (ms): Min: 0.0, Avg: 0.1, Max: 0.1, Diff: 0.1, Sum: 0.5]
      [GC Worker Total (ms): Min: 51.4, Avg: 51.9, Max: 52.0, Diff: 0.6, Sum: 414.9]
      [GC Worker End (ms): Min: 100888.9, Avg: 100888.9, Max: 100889.0, Diff: 0.1]
   [Code Root Fixup: 0.2 ms]
   [Code Root Migration: 0.1 ms]
   [Clear CT: 0.4 ms]
   [Other: 0.8 ms]
      [Choose CSet: 0.0 ms]
      [Ref Proc: 0.1 ms]
      [Ref Enq: 0.0 ms]
      [Free CSet: 0.7 ms]
   [Eden: 1026.0M(1026.0M)->0.0B(1017.0M) Survivors: 93.0M->99.0M Heap: 1579.6M(1887.0M)->559.1M(1887.0M)]
 [Times: user=0.42 sys=0.00, real=0.05 secs] 
100.891: Total time for which application threads were stopped: 0.0537850 seconds, Stopping threads took: 0.0000790 seconds
101.388: Application time: 0.4976980 seconds
101.388: [GC pause (young), 0.0512600 secs]
   [Parallel Time: 49.7 ms, GC Workers: 8]
      [GC Worker Start (ms): Min: 101388.4, Avg: 101388.5, Max: 101388.5, Diff: 0.1]
      [Ext Root Scanning (ms): Min: 0.6, Avg: 0.7, Max: 0.7, Diff: 0.1, Sum: 5.3]
      [Update RS (ms): Min: 0.0, Avg: 0.0, Max: 0.0, Diff: 0.0, Sum: 0.1]
         [Processed Buffers: Min: 0, Avg: 0.9, Max: 3, Diff: 3, Sum: 7]
      [Scan RS (ms): Min: 0.4, Avg: 0.4, Max: 0.5, Diff: 0.1, Sum: 3.5]
      [Code Root Scanning (ms): Min: 0.0, Avg: 0.0, Max: 0.0, Diff: 0.0, Sum: 0.1]
      [Object Copy (ms): Min: 48.4, Avg: 48.5, Max: 48.5, Diff: 0.1, Sum: 387.6]
      [Termination (ms): Min: 0.0, Avg: 0.0, Max: 0.0, Diff: 0.0, Sum: 0.0]
      [GC Worker Other (ms): Min: 0.0, Avg: 0.0, Max: 0.1, Diff: 0.0, Sum: 0.4]
      [GC Worker Total (ms): Min: 49.6, Avg: 49.6, Max: 49.7, Diff: 0.1, Sum: 396.9]
      [GC Worker End (ms): Min: 101438.1, Avg: 101438.1, Max: 101438.1, Diff: 0.0]
   [Code Root Fixup: 0.1 ms]
   [Code Root Migration: 0.1 ms]
   [Clear CT: 0.5 ms]
   [Other: 0.8 ms]
      [Choose CSet: 0.0 ms]
      [Ref Proc: 0.1 ms]
      [Ref Enq: 0.0 ms]
      [Free CSet: 0.7 ms]
   [Eden: 1017.0M(1017.0M)->0.0B(1022.0M) Survivors: 99.0M->94.0M Heap: 1576.1M(1887.0M)->554.1M(1887.0M)]
 [Times: user=0.40 sys=0.00, real=0.05 secs] 
101.440: Total time for which application threads were stopped: 0.0514480 seconds, Stopping threads took: 0.0000600 seconds
101.938: Application time: 0.4982250 seconds
101.938: [GC pause (young), 0.0507620 secs]
   [Parallel Time: 49.2 ms, GC Workers: 8]
      [GC Worker Start (ms): Min: 101938.1, Avg: 101938.1, Max: 101938.2, Diff: 0.1]
      [Ext Root Scanning (ms): Min: 0.6, Avg: 0.7, Max: 0.7, Diff: 0.1, Sum: 5.3]
      [Update RS (ms): Min: 0.0, Avg: 0.0, Max: 0.0, Diff: 0.0, Sum: 0.1]
         [Processed Buffers: Min: 0, Avg: 0.9, Max: 3, Diff: 3, Sum: 7]
      [Scan RS (ms): Min: 0.4, Avg: 0.4, Max: 0.4, Diff: 0.1, Sum: 3.4]
      [Code Root Scanning (ms): Min: 0.0, Avg: 0.0, Max: 0.0, Diff: 0.0, Sum: 0.1]
      [Object Copy (ms): Min: 48.0, Avg: 48.0, Max: 48.0, Diff: 0.0, Sum: 383.8]
      [Termination (ms): Min: 0.0, Avg: 0.0, Max: 0.0, Diff: 0.0, Sum: 0.0]
      [GC Worker Other (ms): Min: 0.0, Avg: 0.1, Max: 0.1, Diff: 0.0, Sum: 0.4]
      [GC Worker Total (ms): Min: 49.1, Avg: 49.1, Max: 49.2, Diff: 0.1, Sum: 393.1]
      [GC Worker End (ms): Min: 101987.2, Avg: 101987.3, Max: 101987.3, Diff: 0.0]
   [Code Root Fixup: 0.1 ms]
   [Code Root Migration: 0.1 ms]
   [Clear CT: 0.4 ms]
   [Other: 0.9 ms]
      [Choose CSet: 0.0 ms]
      [Ref Proc: 0.1 ms]
      [Ref Enq: 0.0 ms]
      [Free CSet: 0.7 ms]
   [Eden: 1022.0M(1022.0M)->0.0B(1023.0M) Survivors: 94.0M->93.0M Heap: 1576.1M(1887.0M)->553.6M(1887.0M)]
 [Times: user=0.40 sys=0.00, real=0.05 secs] 
101.989: Total time for which application threads were stopped: 0.0509490 seconds, Stopping threads took: 0.0000470 seconds
102.489: Application time: 0.5002250 seconds
102.489: [GC pause (young), 0.0541200 secs]
   [Parallel Time: 52.6 ms, GC Workers: 8]
      [GC Worker Start (ms): Min: 102489.3, Avg: 102490.1, Max: 102495.7, Diff: 6.4]
      [Ext Root Scanning (ms): Min: 0.0, Avg: 0.6, Max: 0.8, Diff: 0.8, Sum: 4.6]
      [Update RS (ms): Min: 0.0, Avg: 0.0, Max: 0.0, Diff: 0.0, Sum: 0.1]
         [Processed Buffers: Min: 0, Avg: 0.9, Max: 3, Diff: 3, Sum: 7]
      [Scan RS (ms): Min: 0.2, Avg: 0.4, Max: 0.5, Diff: 0.3, Sum: 3.1]
      [Code Root Scanning (ms): Min: 0.0, Avg: 0.0, Max: 0.0, Diff: 0.0, Sum: 0.1]
      [Object Copy (ms): Min: 45.8, Avg: 50.6, Max: 51.3, Diff: 5.5, Sum: 405.0]
      [Termination (ms): Min: 0.0, Avg: 0.0, Max: 0.0, Diff: 0.0, Sum: 0.0]
      [GC Worker Other (ms): Min: 0.0, Avg: 0.1, Max: 0.1, Diff: 0.1, Sum: 0.5]
      [GC Worker Total (ms): Min: 46.1, Avg: 51.7, Max: 52.5, Diff: 6.5, Sum: 413.4]
      [GC Worker End (ms): Min: 102541.8, Avg: 102541.8, Max: 102541.8, Diff: 0.1]
   [Code Root Fixup: 0.1 ms]
   [Code Root Migration: 0.1 ms]
   [Clear CT: 0.5 ms]
   [Other: 0.8 ms]
      [Choose CSet: 0.0 ms]
      [Ref Proc: 0.1 ms]
      [Ref Enq: 0.0 ms]
      [Free CSet: 0.7 ms]
   [Eden: 1023.0M(1023.0M)->0.0B(1016.0M) Survivors: 93.0M->98.0M Heap: 1576.6M(1887.0M)->558.6M(1887.0M)]
 [Times: user=0.42 sys=0.00, real=0.05 secs] 
102.543: Total time for which application threads were stopped: 0.0542940 seconds, Stopping threads took: 0.0000410 seconds
103.053: Application time: 0.5094140 seconds
103.053: [GC pause (young), 0.0486270 secs]
   [Parallel Time: 47.1 ms, GC Workers: 8]
      [GC Worker Start (ms): Min: 103053.0, Avg: 103053.0, Max: 103053.0, Diff: 0.1]
      [Ext Root Scanning (ms): Min: 0.6, Avg: 0.7, Max: 0.7, Diff: 0.1, Sum: 5.3]
      [Update RS (ms): Min: 0.0, Avg: 0.0, Max: 0.0, Diff: 0.0, Sum: 0.1]
         [Processed Buffers: Min: 0, Avg: 1.0, Max: 2, Diff: 2, Sum: 8]
      [Scan RS (ms): Min: 0.4, Avg: 0.4, Max: 0.5, Diff: 0.1, Sum: 3.4]
      [Code Root Scanning (ms): Min: 0.0, Avg: 0.0, Max: 0.0, Diff: 0.0, Sum: 0.1]
      [Object Copy (ms): Min: 45.9, Avg: 45.9, Max: 45.9, Diff: 0.0, Sum: 367.2]
      [Termination (ms): Min: 0.0, Avg: 0.0, Max: 0.0, Diff: 0.0, Sum: 0.0]
      [GC Worker Other (ms): Min: 0.0, Avg: 0.1, Max: 0.1, Diff: 0.0, Sum: 0.4]
      [GC Worker Total (ms): Min: 47.0, Avg: 47.1, Max: 47.1, Diff: 0.1, Sum: 376.5]
      [GC Worker End (ms): Min: 103100.1, Avg: 103100.1, Max: 103100.1, Diff: 0.0]
   [Code Root Fixup: 0.1 ms]
   [Code Root Migration: 0.1 ms]
   [Clear CT: 0.4 ms]
   [Other: 0.8 ms]
      [Choose CSet: 0.0 ms]
      [Ref Proc: 0.1 ms]
      [Ref Enq: 0.0 ms]
      [Free CSet: 0.7 ms]
   [Eden: 1016.0M(1016.0M)->0.0B(1030.0M) Survivors: 98.0M->87.0M Heap: 1574.6M(1887.0M)->547.1M(1887.0M)]
 [Times: user=0.37 sys=0.00, real=0.05 secs] 
103.102: Total time for which application threads were stopped: 0.0487980 seconds, Stopping threads took: 0.0000460 seconds
103.605: Application time: 0.5030800 seconds
103.605: [GC pause (young), 0.0474320 secs]
   [Parallel Time: 45.8 ms, GC Workers: 8]
      [GC Worker Start (ms): Min: 103604.9, Avg: 103604.9, Max: 103604.9, Diff: 0.1]
      [Ext Root Scanning (ms): Min: 0.6, Avg: 0.7, Max: 0.7, Diff: 0.0, Sum: 5.4]
      [Update RS (ms): Min: 0.0, Avg: 0.0, Max: 0.1, Diff: 0.1, Sum: 0.1]
         [Processed Buffers: Min: 0, Avg: 1.2, Max: 3, Diff: 3, Sum: 10]
      [Scan RS (ms): Min: 0.4, Avg: 0.4, Max: 0.4, Diff: 0.0, Sum: 3.4]
      [Code Root Scanning (ms): Min: 0.0, Avg: 0.0, Max: 0.0, Diff: 0.0, Sum: 0.1]
      [Object Copy (ms): Min: 44.5, Avg: 44.5, Max: 44.6, Diff: 0.1, Sum: 356.2]
      [Termination (ms): Min: 0.0, Avg: 0.0, Max: 0.0, Diff: 0.0, Sum: 0.0]
      [GC Worker Other (ms): Min: 0.0, Avg: 0.1, Max: 0.1, Diff: 0.1, Sum: 0.5]
      [GC Worker Total (ms): Min: 45.6, Avg: 45.7, Max: 45.8, Diff: 0.1, Sum: 365.6]
      [GC Worker End (ms): Min: 103650.6, Avg: 103650.6, Max: 103650.6, Diff: 0.1]
   [Code Root Fixup: 0.1 ms]
   [Code Root Migration: 0.1 ms]
   [Clear CT: 0.4 ms]
   [Other: 1.0 ms]
      [Choose CSet: 0.0 ms]
      [Ref Proc: 0.1 ms]
      [Ref Enq: 0.0 ms]
      [Free CSet: 0.8 ms]
   [Eden: 1030.0M(1030.0M)->0.0B(1032.0M) Survivors: 87.0M->86.0M Heap: 1577.1M(1887.0M)->546.6M(1887.0M)]
 [Times: user=0.38 sys=0.00, real=0.05 secs] 
103.652: Total time for which application threads were stopped: 0.0476080 seconds, Stopping threads took: 0.0000360 seconds
104.161: Application time: 0.5091060 seconds
104.162: [GC pause (young), 0.0484790 secs]
   [Parallel Time: 46.9 ms, GC Workers: 8]
      [GC Worker Start (ms): Min: 104161.6, Avg: 104162.1, Max: 104165.6, Diff: 4.0]
      [Ext Root Scanning (ms): Min: 0.0, Avg: 0.6, Max: 0.8, Diff: 0.8, Sum: 4.8]
      [Update RS (ms): Min: 0.0, Avg: 0.0, Max: 0.0, Diff: 0.0, Sum: 0.1]
         [Processed Buffers: Min: 0, Avg: 0.9, Max: 4, Diff: 4, Sum: 7]
      [Scan RS (ms): Min: 0.2, Avg: 0.4, Max: 0.5, Diff: 0.3, Sum: 3.2]
      [Code Root Scanning (ms): Min: 0.0, Avg: 0.0, Max: 0.0, Diff: 0.0, Sum: 0.1]
      [Object Copy (ms): Min: 42.6, Avg: 45.3, Max: 45.7, Diff: 3.1, Sum: 362.4]
      [Termination (ms): Min: 0.0, Avg: 0.0, Max: 0.0, Diff: 0.0, Sum: 0.0]
      [GC Worker Other (ms): Min: 0.0, Avg: 0.1, Max: 0.1, Diff: 0.0, Sum: 0.5]
      [GC Worker Total (ms): Min: 42.9, Avg: 46.4, Max: 46.9, Diff: 4.0, Sum: 370.9]
      [GC Worker End (ms): Min: 104208.4, Avg: 104208.5, Max: 104208.5, Diff: 0.0]
   [Code Root Fixup: 0.1 ms]
   [Code Root Migration: 0.1 ms]
   [Clear CT: 0.5 ms]
   [Other: 0.8 ms]
      [Choose CSet: 0.0 ms]
      [Ref Proc: 0.1 ms]
      [Ref Enq: 0.0 ms]
      [Free CSet: 0.7 ms]
   [Eden: 1032.0M(1032.0M)->0.0B(1029.0M) Survivors: 86.0M->89.0M Heap: 1578.6M(1887.0M)->549.1M(1887.0M)]
 [Times: user=0.37 sys=0.01, real=0.05 secs] 
104.210: Total time for which application threads were stopped: 0.0486270 seconds, Stopping threads took: 0.0000140 seconds
104.710: Application time: 0.4995940 seconds
104.710: [GC pause (young), 0.0429730 secs]
   [Parallel Time: 41.5 ms, GC Workers: 8]
      [GC Worker Start (ms): Min: 104709.8, Avg: 104709.8, Max: 104709.9, Diff: 0.1]
      [Ext Root Scanning (ms): Min: 0.6, Avg: 0.7, Max: 0.7, Diff: 0.1, Sum: 5.4]
      [Update RS (ms): Min: 0.0, Avg: 0.0, Max: 0.1, Diff: 0.1, Sum: 0.1]
         [Processed Buffers: Min: 0, Avg: 1.0, Max: 3, Diff: 3, Sum: 8]
      [Scan RS (ms): Min: 0.4, Avg: 0.4, Max: 0.4, Diff: 0.0, Sum: 3.5]
      [Code Root Scanning (ms): Min: 0.0, Avg: 0.0, Max: 0.0, Diff: 0.0, Sum: 0.1]
      [Object Copy (ms): Min: 40.2, Avg: 40.2, Max: 40.2, Diff: 0.0, Sum: 321.8]
      [Termination (ms): Min: 0.0, Avg: 0.0, Max: 0.0, Diff: 0.0, Sum: 0.0]
      [GC Worker Other (ms): Min: 0.0, Avg: 0.1, Max: 0.1, Diff: 0.0, Sum: 0.4]
      [GC Worker Total (ms): Min: 41.4, Avg: 41.4, Max: 41.4, Diff: 0.1, Sum: 331.2]
      [GC Worker End (ms): Min: 104751.2, Avg: 104751.2, Max: 104751.3, Diff: 0.0]
   [Code Root Fixup: 0.1 ms]
   [Code Root Migration: 0.1 ms]
   [Clear CT: 0.4 ms]
   [Other: 0.8 ms]
      [Choose CSet: 0.0 ms]
      [Ref Proc: 0.1 ms]
      [Ref Enq: 0.0 ms]
      [Free CSet: 0.7 ms]
   [Eden: 1029.0M(1029.0M)->0.0B(1041.0M) Survivors: 89.0M->80.0M Heap: 1578.1M(1887.0M)->540.1M(1887.0M)]
 [Times: user=0.33 sys=0.00, real=0.04 secs] 
104.753: Total time for which application threads were stopped: 0.0431590 seconds, Stopping threads took: 0.0000460 seconds
105.256: Application time: 0.5031190 seconds
105.256: [GC pause (young), 0.0506720 secs]
   [Parallel Time: 49.0 ms, GC Workers: 8]
      [GC Worker Start (ms): Min: 105256.1, Avg: 105256.1, Max: 105256.2, Diff: 0.1]
      [Ext Root Scanning (ms): Min: 0.6, Avg: 0.7, Max: 0.7, Diff: 0.1, Sum: 5.5]
      [Update RS (ms): Min: 0.0, Avg: 0.0, Max: 0.0, Diff: 0.0, Sum: 0.1]
         [Processed Buffers: Min: 0, Avg: 0.9, Max: 3, Diff: 3, Sum: 7]
      [Scan RS (ms): Min: 0.4, Avg: 0.4, Max: 0.5, Diff: 0.1, Sum: 3.5]
      [Code Root Scanning (ms): Min: 0.0, Avg: 0.0, Max: 0.0, Diff: 0.0, Sum: 0.1]
      [Object Copy (ms): Min: 47.7, Avg: 47.8, Max: 47.8, Diff: 0.1, Sum: 382.1]
      [Termination (ms): Min: 0.0, Avg: 0.0, Max: 0.0, Diff: 0.0, Sum: 0.1]
      [GC Worker Other (ms): Min: 0.0, Avg: 0.1, Max: 0.1, Diff: 0.0, Sum: 0.5]
      [GC Worker Total (ms): Min: 48.9, Avg: 49.0, Max: 49.0, Diff: 0.1, Sum: 391.8]
      [GC Worker End (ms): Min: 105305.1, Avg: 105305.1, Max: 105305.1, Diff: 0.0]
   [Code Root Fixup: 0.2 ms]
   [Code Root Migration: 0.1 ms]
   [Clear CT: 0.5 ms]
   [Other: 0.8 ms]
      [Choose CSet: 0.0 ms]
      [Ref Proc: 0.1 ms]
      [Ref Enq: 0.0 ms]
      [Free CSet: 0.7 ms]
   [Eden: 1041.0M(1041.0M)->0.0B(1025.0M) Survivors: 80.0M->94.0M Heap: 1581.1M(1887.0M)->554.1M(1887.0M)]
 [Times: user=0.40 sys=0.00, real=0.05 secs] 
105.307: Total time for which application threads were stopped: 0.0508460 seconds, Stopping threads took: 0.0000480 seconds
105.813: Application time: 0.5058490 seconds
105.813: [GC pause (young), 0.0497540 secs]
   [Parallel Time: 48.2 ms, GC Workers: 8]
      [GC Worker Start (ms): Min: 105812.8, Avg: 105812.8, Max: 105812.8, Diff: 0.1]
      [Ext Root Scanning (ms): Min: 0.6, Avg: 0.7, Max: 0.7, Diff: 0.1, Sum: 5.2]
      [Update RS (ms): Min: 0.0, Avg: 0.0, Max: 0.1, Diff: 0.1, Sum: 0.1]
         [Processed Buffers: Min: 0, Avg: 0.9, Max: 2, Diff: 2, Sum: 7]
      [Scan RS (ms): Min: 0.4, Avg: 0.4, Max: 0.5, Diff: 0.0, Sum: 3.5]
      [Code Root Scanning (ms): Min: 0.0, Avg: 0.0, Max: 0.0, Diff: 0.0, Sum: 0.1]
      [Object Copy (ms): Min: 46.9, Avg: 47.0, Max: 47.0, Diff: 0.0, Sum: 375.7]
      [Termination (ms): Min: 0.0, Avg: 0.0, Max: 0.0, Diff: 0.0, Sum: 0.0]
      [GC Worker Other (ms): Min: 0.0, Avg: 0.1, Max: 0.1, Diff: 0.0, Sum: 0.5]
      [GC Worker Total (ms): Min: 48.1, Avg: 48.1, Max: 48.1, Diff: 0.0, Sum: 385.1]
      [GC Worker End (ms): Min: 105860.9, Avg: 105860.9, Max: 105861.0, Diff: 0.0]
   [Code Root Fixup: 0.1 ms]
   [Code Root Migration: 0.1 ms]
   [Clear CT: 0.4 ms]
   [Other: 0.9 ms]
      [Choose CSet: 0.0 ms]
      [Ref Proc: 0.1 ms]
      [Ref Enq: 0.0 ms]
      [Free CSet: 0.7 ms]
   [Eden: 1025.0M(1025.0M)->0.0B(1027.0M) Survivors: 94.0M->91.0M Heap: 1579.1M(1887.0M)->551.6M(1887.0M)]
 [Times: user=0.39 sys=0.00, real=0.05 secs] 
105.863: Total time for which application threads were stopped: 0.0499220 seconds, Stopping threads took: 0.0000390 seconds
106.366: Application time: 0.5037560 seconds
106.366: [GC pause (young), 0.0439990 secs]
   [Parallel Time: 42.5 ms, GC Workers: 8]
      [GC Worker Start (ms): Min: 106366.5, Avg: 106366.5, Max: 106366.5, Diff: 0.1]
      [Ext Root Scanning (ms): Min: 0.6, Avg: 0.7, Max: 0.8, Diff: 0.2, Sum: 5.4]
      [Update RS (ms): Min: 0.0, Avg: 0.0, Max: 0.0, Diff: 0.0, Sum: 0.1]
         [Processed Buffers: Min: 0, Avg: 0.9, Max: 3, Diff: 3, Sum: 7]
      [Scan RS (ms): Min: 0.3, Avg: 0.4, Max: 0.5, Diff: 0.2, Sum: 3.5]
      [Code Root Scanning (ms): Min: 0.0, Avg: 0.0, Max: 0.0, Diff: 0.0, Sum: 0.1]
      [Object Copy (ms): Min: 41.2, Avg: 41.2, Max: 41.3, Diff: 0.0, Sum: 330.0]
      [Termination (ms): Min: 0.0, Avg: 0.0, Max: 0.0, Diff: 0.0, Sum: 0.0]
      [GC Worker Other (ms): Min: 0.0, Avg: 0.1, Max: 0.1, Diff: 0.0, Sum: 0.4]
      [GC Worker Total (ms): Min: 42.4, Avg: 42.4, Max: 42.5, Diff: 0.1, Sum: 339.5]
      [GC Worker End (ms): Min: 106408.9, Avg: 106408.9, Max: 106409.0, Diff: 0.0]
   [Code Root Fixup: 0.1 ms]
   [Code Root Migration: 0.1 ms]
   [Clear CT: 0.4 ms]
   [Other: 0.8 ms]
      [Choose CSet: 0.0 ms]
      [Ref Proc: 0.1 ms]
      [Ref Enq: 0.0 ms]
      [Free CSet: 0.7 ms]
   [Eden: 1027.0M(1027.0M)->0.0B(1040.0M) Survivors: 91.0M->81.0M Heap: 1578.6M(1887.0M)->541.1M(1887.0M)]
 [Times: user=0.34 sys=0.00, real=0.04 secs] 
106.411: Total time for which application threads were stopped: 0.0441950 seconds, Stopping threads took: 0.0000500 seconds
106.913: Application time: 0.5020890 seconds
106.913: [GC pause (young), 0.0486920 secs]
   [Parallel Time: 47.1 ms, GC Workers: 8]
      [GC Worker Start (ms): Min: 106912.8, Avg: 106912.8, Max: 106912.8, Diff: 0.1]
      [Ext Root Scanning (ms): Min: 0.6, Avg: 0.7, Max: 0.7, Diff: 0.1, Sum: 5.4]
      [Update RS (ms): Min: 0.0, Avg: 0.0, Max: 0.1, Diff: 0.1, Sum: 0.2]
         [Processed Buffers: Min: 0, Avg: 1.1, Max: 2, Diff: 2, Sum: 9]
      [Scan RS (ms): Min: 0.4, Avg: 0.4, Max: 0.5, Diff: 0.1, Sum: 3.5]
      [Code Root Scanning (ms): Min: 0.0, Avg: 0.0, Max: 0.0, Diff: 0.0, Sum: 0.1]
      [Object Copy (ms): Min: 45.7, Avg: 45.8, Max: 45.8, Diff: 0.0, Sum: 366.2]
      [Termination (ms): Min: 0.0, Avg: 0.0, Max: 0.0, Diff: 0.0, Sum: 0.0]
      [GC Worker Other (ms): Min: 0.0, Avg: 0.1, Max: 0.1, Diff: 0.0, Sum: 0.5]
      [GC Worker Total (ms): Min: 47.0, Avg: 47.0, Max: 47.0, Diff: 0.1, Sum: 375.8]
      [GC Worker End (ms): Min: 106959.7, Avg: 106959.8, Max: 106959.8, Diff: 0.0]
   [Code Root Fixup: 0.1 ms]
   [Code Root Migration: 0.1 ms]
   [Clear CT: 0.5 ms]
   [Other: 0.9 ms]
      [Choose CSet: 0.0 ms]
      [Ref Proc: 0.1 ms]
      [Ref Enq: 0.0 ms]
      [Free CSet: 0.8 ms]
   [Eden: 1040.0M(1040.0M)->0.0B(1031.0M) Survivors: 81.0M->88.0M Heap: 1581.1M(1887.0M)->548.7M(1887.0M)]
 [Times: user=0.37 sys=0.00, real=0.05 secs] 
106.961: Total time for which application threads were stopped: 0.0488540 seconds, Stopping threads took: 0.0000330 seconds
107.464: Application time: 0.5025190 seconds
107.464: [GC pause (young), 0.0532740 secs]
   [Parallel Time: 51.7 ms, GC Workers: 8]
      [GC Worker Start (ms): Min: 107464.1, Avg: 107464.3, Max: 107465.5, Diff: 1.4]
      [Ext Root Scanning (ms): Min: 0.0, Avg: 0.6, Max: 0.8, Diff: 0.8, Sum: 4.6]
      [Update RS (ms): Min: 0.0, Avg: 0.0, Max: 0.0, Diff: 0.0, Sum: 0.1]
         [Processed Buffers: Min: 0, Avg: 1.1, Max: 3, Diff: 3, Sum: 9]
      [Scan RS (ms): Min: 0.0, Avg: 0.4, Max: 0.5, Diff: 0.4, Sum: 3.0]
      [Code Root Scanning (ms): Min: 0.0, Avg: 0.0, Max: 0.0, Diff: 0.0, Sum: 0.1]
      [Object Copy (ms): Min: 50.2, Avg: 50.4, Max: 50.5, Diff: 0.3, Sum: 403.5]
      [Termination (ms): Min: 0.0, Avg: 0.0, Max: 0.0, Diff: 0.0, Sum: 0.1]
      [GC Worker Other (ms): Min: 0.0, Avg: 0.1, Max: 0.1, Diff: 0.1, Sum: 0.5]
      [GC Worker Total (ms): Min: 50.3, Avg: 51.5, Max: 51.7, Diff: 1.4, Sum: 411.8]
      [GC Worker End (ms): Min: 107515.8, Avg: 107515.8, Max: 107515.8, Diff: 0.1]
   [Code Root Fixup: 0.1 ms]
   [Code Root Migration: 0.1 ms]
   [Clear CT: 0.5 ms]
   [Other: 0.8 ms]
      [Choose CSet: 0.0 ms]
      [Ref Proc: 0.1 ms]
      [Ref Enq: 0.0 ms]
      [Free CSet: 0.7 ms]
   [Eden: 1031.0M(1031.0M)->0.0B(1018.0M) Survivors: 88.0M->98.0M Heap: 1579.7M(1887.0M)->558.2M(1887.0M)]
 [Times: user=0.41 sys=0.00, real=0.06 secs] 
107.517: Total time for which application threads were stopped: 0.0534580 seconds, Stopping threads took: 0.0000590 seconds
108.024: Application time: 0.5065120 seconds
108.024: [GC pause (young), 0.0499080 secs]
   [Parallel Time: 48.3 ms, GC Workers: 8]
      [GC Worker Start (ms): Min: 108024.1, Avg: 108024.2, Max: 108024.2, Diff: 0.1]
      [Ext Root Scanning (ms): Min: 0.6, Avg: 0.7, Max: 0.7, Diff: 0.1, Sum: 5.2]
      [Update RS (ms): Min: 0.0, Avg: 0.0, Max: 0.0, Diff: 0.0, Sum: 0.1]
         [Processed Buffers: Min: 0, Avg: 1.0, Max: 2, Diff: 2, Sum: 8]
      [Scan RS (ms): Min: 0.4, Avg: 0.4, Max: 0.5, Diff: 0.1, Sum: 3.3]
      [Code Root Scanning (ms): Min: 0.0, Avg: 0.0, Max: 0.0, Diff: 0.0, Sum: 0.1]
      [Object Copy (ms): Min: 47.1, Avg: 47.1, Max: 47.1, Diff: 0.0, Sum: 376.6]
      [Termination (ms): Min: 0.0, Avg: 0.0, Max: 0.0, Diff: 0.0, Sum: 0.0]
      [GC Worker Other (ms): Min: 0.0, Avg: 0.1, Max: 0.1, Diff: 0.0, Sum: 0.4]
      [GC Worker Total (ms): Min: 48.2, Avg: 48.2, Max: 48.3, Diff: 0.1, Sum: 385.8]
      [GC Worker End (ms): Min: 108072.4, Avg: 108072.4, Max: 108072.4, Diff: 0.0]
   [Code Root Fixup: 0.1 ms]
   [Code Root Migration: 0.1 ms]
   [Clear CT: 0.4 ms]
   [Other: 0.9 ms]
      [Choose CSet: 0.0 ms]
      [Ref Proc: 0.2 ms]
      [Ref Enq: 0.0 ms]
      [Free CSet: 0.7 ms]
   [Eden: 1018.0M(1018.0M)->0.0B(1025.0M) Survivors: 98.0M->90.0M Heap: 1576.2M(1887.0M)->550.2M(1887.0M)]
 [Times: user=0.39 sys=0.00, real=0.06 secs] 
108.074: Total time for which application threads were stopped: 0.0500950 seconds, Stopping threads took: 0.0000490 seconds
108.577: Application time: 0.5029310 seconds
108.577: [GC pause (young), 0.0493170 secs]
   [Parallel Time: 47.7 ms, GC Workers: 8]
      [GC Worker Start (ms): Min: 108577.2, Avg: 108578.0, Max: 108583.6, Diff: 6.4]
      [Ext Root Scanning (ms): Min: 0.0, Avg: 0.6, Max: 0.8, Diff: 0.8, Sum: 4.9]
      [Update RS (ms): Min: 0.0, Avg: 0.0, Max: 0.0, Diff: 0.0, Sum: 0.1]
         [Processed Buffers: Min: 0, Avg: 0.9, Max: 3, Diff: 3, Sum: 7]
      [Scan RS (ms): Min: 0.2, Avg: 0.4, Max: 0.5, Diff: 0.3, Sum: 3.1]
      [Code Root Scanning (ms): Min: 0.0, Avg: 0.0, Max: 0.0, Diff: 0.0, Sum: 0.1]
      [Object Copy (ms): Min: 40.9, Avg: 45.7, Max: 46.4, Diff: 5.5, Sum: 365.8]
      [Termination (ms): Min: 0.0, Avg: 0.0, Max: 0.0, Diff: 0.0, Sum: 0.0]
      [GC Worker Other (ms): Min: 0.0, Avg: 0.1, Max: 0.1, Diff: 0.1, Sum: 0.6]
      [GC Worker Total (ms): Min: 41.2, Avg: 46.8, Max: 47.7, Diff: 6.5, Sum: 374.5]
      [GC Worker End (ms): Min: 108624.8, Avg: 108624.8, Max: 108624.8, Diff: 0.1]
   [Code Root Fixup: 0.1 ms]
   [Code Root Migration: 0.1 ms]
   [Clear CT: 0.5 ms]
   [Other: 0.9 ms]
      [Choose CSet: 0.0 ms]
      [Ref Proc: 0.1 ms]
      [Ref Enq: 0.0 ms]
      [Free CSet: 0.7 ms]
   [Eden: 1025.0M(1025.0M)->0.0B(1028.0M) Survivors: 90.0M->88.0M Heap: 1575.2M(1887.0M)->548.2M(1887.0M)]
 [Times: user=0.37 sys=0.00, real=0.05 secs] 
108.627: Total time for which application threads were stopped: 0.0495070 seconds, Stopping threads took: 0.0000590 seconds
109.131: Application time: 0.5040200 seconds
109.131: [GC pause (young), 0.0422000 secs]
   [Parallel Time: 40.6 ms, GC Workers: 8]
      [GC Worker Start (ms): Min: 109130.7, Avg: 109130.7, Max: 109130.7, Diff: 0.1]
      [Ext Root Scanning (ms): Min: 0.6, Avg: 0.7, Max: 0.7, Diff: 0.1, Sum: 5.5]
      [Update RS (ms): Min: 0.0, Avg: 0.0, Max: 0.0, Diff: 0.0, Sum: 0.1]
         [Processed Buffers: Min: 0, Avg: 0.9, Max: 2, Diff: 2, Sum: 7]
      [Scan RS (ms): Min: 0.4, Avg: 0.5, Max: 0.5, Diff: 0.1, Sum: 3.6]
      [Code Root Scanning (ms): Min: 0.0, Avg: 0.0, Max: 0.0, Diff: 0.0, Sum: 0.1]
      [Object Copy (ms): Min: 39.3, Avg: 39.3, Max: 39.4, Diff: 0.1, Sum: 314.4]
      [Termination (ms): Min: 0.0, Avg: 0.0, Max: 0.0, Diff: 0.0, Sum: 0.0]
      [GC Worker Other (ms): Min: 0.0, Avg: 0.0, Max: 0.1, Diff: 0.0, Sum: 0.4]
      [GC Worker Total (ms): Min: 40.5, Avg: 40.5, Max: 40.5, Diff: 0.1, Sum: 324.0]
      [GC Worker End (ms): Min: 109171.2, Avg: 109171.2, Max: 109171.2, Diff: 0.0]
   [Code Root Fixup: 0.1 ms]
   [Code Root Migration: 0.1 ms]
   [Clear CT: 0.4 ms]
   [Other: 0.9 ms]
      [Choose CSet: 0.0 ms]
      [Ref Proc: 0.2 ms]
      [Ref Enq: 0.0 ms]
      [Free CSet: 0.7 ms]
   [Eden: 1028.0M(1028.0M)->0.0B(1042.0M) Survivors: 88.0M->78.0M Heap: 1576.2M(1887.0M)->538.2M(1887.0M)]
 [Times: user=0.33 sys=0.00, real=0.04 secs] 
109.173: Total time for which application threads were stopped: 0.0423680 seconds, Stopping threads took: 0.0000420 seconds
109.672: Application time: 0.4989450 seconds
109.672: [GC pause (young), 0.0477010 secs]
   [Parallel Time: 46.1 ms, GC Workers: 8]
      [GC Worker Start (ms): Min: 109672.0, Avg: 109672.1, Max: 109673.0, Diff: 1.0]
      [Ext Root Scanning (ms): Min: 0.0, Avg: 0.6, Max: 0.9, Diff: 0.9, Sum: 5.0]
      [Update RS (ms): Min: 0.0, Avg: 0.0, Max: 0.1, Diff: 0.1, Sum: 0.1]
         [Processed Buffers: Min: 0, Avg: 1.0, Max: 4, Diff: 4, Sum: 8]
      [Scan RS (ms): Min: 0.3, Avg: 0.4, Max: 0.5, Diff: 0.2, Sum: 3.4]
      [Code Root Scanning (ms): Min: 0.0, Avg: 0.0, Max: 0.0, Diff: 0.0, Sum: 0.1]
      [Object Copy (ms): Min: 44.7, Avg: 44.8, Max: 44.9, Diff: 0.2, Sum: 358.1]
      [Termination (ms): Min: 0.0, Avg: 0.0, Max: 0.0, Diff: 0.0, Sum: 0.0]
      [GC Worker Other (ms): Min: 0.0, Avg: 0.1, Max: 0.1, Diff: 0.1, Sum: 0.4]
      [GC Worker Total (ms): Min: 45.1, Avg: 45.9, Max: 46.1, Diff: 1.0, Sum: 367.1]
      [GC Worker End (ms): Min: 109718.0, Avg: 109718.0, Max: 109718.1, Diff: 0.1]
   [Code Root Fixup: 0.2 ms]
   [Code Root Migration: 0.1 ms]
   [Clear CT: 0.5 ms]
   [Other: 0.8 ms]
      [Choose CSet: 0.0 ms]
      [Ref Proc: 0.1 ms]
      [Ref Enq: 0.0 ms]
      [Free CSet: 0.7 ms]
   [Eden: 1042.0M(1042.0M)->0.0B(1029.0M) Survivors: 78.0M->90.0M Heap: 1580.2M(1887.0M)->550.2M(1887.0M)]
 [Times: user=0.37 sys=0.00, real=0.05 secs] 
109.720: Total time for which application threads were stopped: 0.0478920 seconds, Stopping threads took: 0.0000560 seconds
110.215: Application time: 0.4948080 seconds
110.215: [GC pause (young), 0.0556840 secs]
   [Parallel Time: 54.0 ms, GC Workers: 8]
      [GC Worker Start (ms): Min: 110214.7, Avg: 110214.8, Max: 110214.8, Diff: 0.1]
      [Ext Root Scanning (ms): Min: 0.6, Avg: 0.7, Max: 0.7, Diff: 0.1, Sum: 5.4]
      [Update RS (ms): Min: 0.0, Avg: 0.0, Max: 0.1, Diff: 0.1, Sum: 0.1]
         [Processed Buffers: Min: 0, Avg: 0.9, Max: 4, Diff: 4, Sum: 7]
      [Scan RS (ms): Min: 0.4, Avg: 0.5, Max: 0.5, Diff: 0.1, Sum: 3.6]
      [Code Root Scanning (ms): Min: 0.0, Avg: 0.0, Max: 0.0, Diff: 0.0, Sum: 0.1]
      [Object Copy (ms): Min: 52.7, Avg: 52.7, Max: 52.8, Diff: 0.1, Sum: 421.9]
      [Termination (ms): Min: 0.0, Avg: 0.0, Max: 0.0, Diff: 0.0, Sum: 0.0]
      [GC Worker Other (ms): Min: 0.0, Avg: 0.1, Max: 0.1, Diff: 0.0, Sum: 0.5]
      [GC Worker Total (ms): Min: 53.9, Avg: 53.9, Max: 54.0, Diff: 0.1, Sum: 431.5]
      [GC Worker End (ms): Min: 110268.7, Avg: 110268.7, Max: 110268.7, Diff: 0.0]
   [Code Root Fixup: 0.1 ms]
   [Code Root Migration: 0.1 ms]
   [Clear CT: 0.5 ms]
   [Other: 0.9 ms]
      [Choose CSet: 0.0 ms]
      [Ref Proc: 0.1 ms]
      [Ref Enq: 0.0 ms]
      [Free CSet: 0.8 ms]
   [Eden: 1029.0M(1029.0M)->0.0B(1012.0M) Survivors: 90.0M->102.0M Heap: 1579.2M(1887.0M)->562.2M(1887.0M)]
 [Times: user=0.43 sys=0.00, real=0.05 secs] 
110.270: Total time for which application threads were stopped: 0.0558930 seconds, Stopping threads took: 0.0000780 seconds
110.779: Application time: 0.5084120 seconds
110.779: [GC pause (young), 0.0577220 secs]
   [Parallel Time: 56.0 ms, GC Workers: 8]
      [GC Worker Start (ms): Min: 110779.0, Avg: 110779.0, Max: 110779.1, Diff: 0.1]
      [Ext Root Scanning (ms): Min: 0.6, Avg: 0.6, Max: 0.7, Diff: 0.1, Sum: 5.1]
      [Update RS (ms): Min: 0.0, Avg: 0.0, Max: 0.0, Diff: 0.0, Sum: 0.1]
         [Processed Buffers: Min: 0, Avg: 0.9, Max: 3, Diff: 3, Sum: 7]
      [Scan RS (ms): Min: 0.4, Avg: 0.4, Max: 0.5, Diff: 0.0, Sum: 3.6]
      [Code Root Scanning (ms): Min: 0.0, Avg: 0.0, Max: 0.0, Diff: 0.0, Sum: 0.1]
      [Object Copy (ms): Min: 54.7, Avg: 54.8, Max: 54.8, Diff: 0.1, Sum: 438.1]
      [Termination (ms): Min: 0.0, Avg: 0.0, Max: 0.0, Diff: 0.0, Sum: 0.0]
      [GC Worker Other (ms): Min: 0.0, Avg: 0.1, Max: 0.1, Diff: 0.0, Sum: 0.5]
      [GC Worker Total (ms): Min: 55.9, Avg: 55.9, Max: 56.0, Diff: 0.1, Sum: 447.5]
      [GC Worker End (ms): Min: 110835.0, Avg: 110835.0, Max: 110835.0, Diff: 0.0]
   [Code Root Fixup: 0.1 ms]
   [Code Root Migration: 0.1 ms]
   [Clear CT: 0.5 ms]
   [Other: 1.0 ms]
      [Choose CSet: 0.0 ms]
      [Ref Proc: 0.1 ms]
      [Ref Enq: 0.0 ms]
      [Free CSet: 0.8 ms]
   [Eden: 1012.0M(1012.0M)->0.0B(1009.0M) Survivors: 102.0M->102.0M Heap: 1574.2M(1887.0M)->562.2M(1887.0M)]
 [Times: user=0.45 sys=0.01, real=0.06 secs] 
110.837: Total time for which application threads were stopped: 0.0579070 seconds, Stopping threads took: 0.0000510 seconds
111.336: Application time: 0.4990750 seconds
111.336: [GC pause (young), 0.0465210 secs]
   [Parallel Time: 44.9 ms, GC Workers: 8]
      [GC Worker Start (ms): Min: 111336.0, Avg: 111336.2, Max: 111337.6, Diff: 1.6]
      [Ext Root Scanning (ms): Min: 0.0, Avg: 0.6, Max: 0.8, Diff: 0.8, Sum: 4.7]
      [Update RS (ms): Min: 0.0, Avg: 0.0, Max: 0.0, Diff: 0.0, Sum: 0.1]
         [Processed Buffers: Min: 0, Avg: 1.2, Max: 3, Diff: 3, Sum: 10]
      [Scan RS (ms): Min: 0.0, Avg: 0.4, Max: 0.5, Diff: 0.4, Sum: 2.9]
      [Code Root Scanning (ms): Min: 0.0, Avg: 0.0, Max: 0.0, Diff: 0.0, Sum: 0.1]
      [Object Copy (ms): Min: 43.2, Avg: 43.6, Max: 43.7, Diff: 0.5, Sum: 349.0]
      [Termination (ms): Min: 0.0, Avg: 0.0, Max: 0.0, Diff: 0.0, Sum: 0.0]
      [GC Worker Other (ms): Min: 0.0, Avg: 0.1, Max: 0.1, Diff: 0.1, Sum: 0.6]
      [GC Worker Total (ms): Min: 43.3, Avg: 44.7, Max: 44.9, Diff: 1.6, Sum: 357.4]
      [GC Worker End (ms): Min: 111380.8, Avg: 111380.9, Max: 111380.9, Diff: 0.1]
   [Code Root Fixup: 0.1 ms]
   [Code Root Migration: 0.1 ms]
   [Clear CT: 0.5 ms]
   [Other: 0.9 ms]
      [Choose CSet: 0.0 ms]
      [Ref Proc: 0.1 ms]
      [Ref Enq: 0.0 ms]
      [Free CSet: 0.7 ms]
   [Eden: 1009.0M(1009.0M)->0.0B(1029.0M) Survivors: 102.0M->85.0M Heap: 1571.2M(1887.0M)->545.7M(1887.0M)]
 [Times: user=0.36 sys=0.00, real=0.04 secs] 
111.383: Total time for which application threads were stopped: 0.0466990 seconds, Stopping threads took: 0.0000430 seconds
111.880: Application time: 0.4971590 seconds
111.880: [GC pause (young), 0.0458060 secs]
   [Parallel Time: 44.2 ms, GC Workers: 8]
      [GC Worker Start (ms): Min: 111879.9, Avg: 111879.9, Max: 111879.9, Diff: 0.1]
      [Ext Root Scanning (ms): Min: 0.6, Avg: 0.7, Max: 0.7, Diff: 0.1, Sum: 5.5]
      [Update RS (ms): Min: 0.0, Avg: 0.0, Max: 0.0, Diff: 0.0, Sum: 0.1]
         [Processed Buffers: Min: 0, Avg: 1.0, Max: 2, Diff: 2, Sum: 8]
      [Scan RS (ms): Min: 0.4, Avg: 0.4, Max: 0.5, Diff: 0.1, Sum: 3.5]
      [Code Root Scanning (ms): Min: 0.0, Avg: 0.0, Max: 0.0, Diff: 0.0, Sum: 0.1]
      [Object Copy (ms): Min: 41.1, Avg: 41.4, Max: 43.0, Diff: 1.8, Sum: 331.0]
      [Termination (ms): Min: 0.0, Avg: 1.6, Max: 1.8, Diff: 1.8, Sum: 12.8]
      [GC Worker Other (ms): Min: 0.0, Avg: 0.0, Max: 0.1, Diff: 0.0, Sum: 0.3]
      [GC Worker Total (ms): Min: 44.1, Avg: 44.2, Max: 44.2, Diff: 0.1, Sum: 353.3]
      [GC Worker End (ms): Min: 111924.0, Avg: 111924.0, Max: 111924.1, Diff: 0.0]
   [Code Root Fixup: 0.1 ms]
   [Code Root Migration: 0.1 ms]
   [Clear CT: 0.5 ms]
   [Other: 0.8 ms]
      [Choose CSet: 0.0 ms]
      [Ref Proc: 0.1 ms]
      [Ref Enq: 0.0 ms]
      [Free CSet: 0.7 ms]
   [Eden: 1029.0M(1029.0M)->0.0B(1035.0M) Survivors: 85.0M->82.0M Heap: 1574.7M(1887.0M)->542.7M(1887.0M)]
 [Times: user=0.36 sys=0.00, real=0.05 secs] 
111.926: Total time for which application threads were stopped: 0.0459790 seconds, Stopping threads took: 0.0000470 seconds
112.434: Application time: 0.5081650 seconds
112.434: [GC pause (young), 0.0553480 secs]
   [Parallel Time: 53.7 ms, GC Workers: 8]
      [GC Worker Start (ms): Min: 112434.0, Avg: 112434.0, Max: 112434.1, Diff: 0.1]
      [Ext Root Scanning (ms): Min: 0.6, Avg: 0.7, Max: 0.7, Diff: 0.1, Sum: 5.3]
      [Update RS (ms): Min: 0.0, Avg: 0.0, Max: 0.0, Diff: 0.0, Sum: 0.1]
         [Processed Buffers: Min: 0, Avg: 1.2, Max: 3, Diff: 3, Sum: 10]
      [Scan RS (ms): Min: 0.4, Avg: 0.4, Max: 0.4, Diff: 0.1, Sum: 3.4]
      [Code Root Scanning (ms): Min: 0.0, Avg: 0.0, Max: 0.0, Diff: 0.0, Sum: 0.1]
      [Object Copy (ms): Min: 52.5, Avg: 52.5, Max: 52.5, Diff: 0.1, Sum: 419.9]
      [Termination (ms): Min: 0.0, Avg: 0.0, Max: 0.0, Diff: 0.0, Sum: 0.0]
      [GC Worker Other (ms): Min: 0.0, Avg: 0.1, Max: 0.1, Diff: 0.0, Sum: 0.4]
      [GC Worker Total (ms): Min: 53.6, Avg: 53.7, Max: 53.7, Diff: 0.1, Sum: 429.2]
      [GC Worker End (ms): Min: 112487.7, Avg: 112487.7, Max: 112487.7, Diff: 0.0]
   [Code Root Fixup: 0.1 ms]
   [Code Root Migration: 0.1 ms]
   [Clear CT: 0.5 ms]
   [Other: 0.9 ms]
      [Choose CSet: 0.0 ms]
      [Ref Proc: 0.1 ms]
      [Ref Enq: 0.0 ms]
      [Free CSet: 0.7 ms]
   [Eden: 1035.0M(1035.0M)->0.0B(1014.0M) Survivors: 82.0M->100.0M Heap: 1577.7M(1887.0M)->560.2M(1887.0M)]
 [Times: user=0.43 sys=0.00, real=0.05 secs] 
112.489: Total time for which application threads were stopped: 0.0555280 seconds, Stopping threads took: 0.0000380 seconds
112.987: Application time: 0.4978230 seconds
112.987: [GC pause (young), 0.0559870 secs]
   [Parallel Time: 54.4 ms, GC Workers: 8]
      [GC Worker Start (ms): Min: 112987.4, Avg: 112987.4, Max: 112987.4, Diff: 0.1]
      [Ext Root Scanning (ms): Min: 0.6, Avg: 0.7, Max: 0.7, Diff: 0.1, Sum: 5.2]
      [Update RS (ms): Min: 0.0, Avg: 0.0, Max: 0.0, Diff: 0.0, Sum: 0.1]
         [Processed Buffers: Min: 0, Avg: 1.0, Max: 4, Diff: 4, Sum: 8]
      [Scan RS (ms): Min: 0.3, Avg: 0.4, Max: 0.5, Diff: 0.1, Sum: 3.5]
      [Code Root Scanning (ms): Min: 0.0, Avg: 0.0, Max: 0.0, Diff: 0.0, Sum: 0.1]
      [Object Copy (ms): Min: 53.0, Avg: 53.1, Max: 53.1, Diff: 0.1, Sum: 424.6]
      [Termination (ms): Min: 0.0, Avg: 0.0, Max: 0.0, Diff: 0.0, Sum: 0.0]
      [GC Worker Other (ms): Min: 0.0, Avg: 0.0, Max: 0.1, Diff: 0.0, Sum: 0.4]
      [GC Worker Total (ms): Min: 54.2, Avg: 54.3, Max: 54.3, Diff: 0.1, Sum: 434.0]
      [GC Worker End (ms): Min: 113041.6, Avg: 113041.6, Max: 113041.7, Diff: 0.0]
   [Code Root Fixup: 0.1 ms]
   [Code Root Migration: 0.1 ms]
   [Clear CT: 0.5 ms]
   [Other: 0.9 ms]
      [Choose CSet: 0.0 ms]
      [Ref Proc: 0.2 ms]
      [Ref Enq: 0.0 ms]
      [Free CSet: 0.7 ms]
   [Eden: 1014.0M(1014.0M)->0.0B(1014.0M) Survivors: 100.0M->98.0M Heap: 1574.2M(1887.0M)->558.7M(1887.0M)]
 [Times: user=0.44 sys=0.00, real=0.05 secs] 
113.043: Total time for which application threads were stopped: 0.0561630 seconds, Stopping threads took: 0.0000460 seconds
113.550: Application time: 0.5070340 seconds
113.551: [GC pause (young), 0.0462690 secs]
   [Parallel Time: 44.8 ms, GC Workers: 8]
      [GC Worker Start (ms): Min: 113550.6, Avg: 113550.6, Max: 113550.6, Diff: 0.1]
      [Ext Root Scanning (ms): Min: 0.6, Avg: 0.7, Max: 0.7, Diff: 0.1, Sum: 5.2]
      [Update RS (ms): Min: 0.0, Avg: 0.0, Max: 0.0, Diff: 0.0, Sum: 0.1]
         [Processed Buffers: Min: 0, Avg: 1.0, Max: 3, Diff: 3, Sum: 8]
      [Scan RS (ms): Min: 0.4, Avg: 0.4, Max: 0.5, Diff: 0.1, Sum: 3.5]
      [Code Root Scanning (ms): Min: 0.0, Avg: 0.0, Max: 0.0, Diff: 0.0, Sum: 0.1]
      [Object Copy (ms): Min: 43.5, Avg: 43.5, Max: 43.5, Diff: 0.1, Sum: 348.0]
      [Termination (ms): Min: 0.0, Avg: 0.0, Max: 0.0, Diff: 0.0, Sum: 0.0]
      [GC Worker Other (ms): Min: 0.0, Avg: 0.1, Max: 0.1, Diff: 0.1, Sum: 0.5]
      [GC Worker Total (ms): Min: 44.6, Avg: 44.7, Max: 44.7, Diff: 0.1, Sum: 357.4]
      [GC Worker End (ms): Min: 113595.3, Avg: 113595.3, Max: 113595.3, Diff: 0.1]
   [Code Root Fixup: 0.1 ms]
   [Code Root Migration: 0.1 ms]
   [Clear CT: 0.4 ms]
   [Other: 0.8 ms]
      [Choose CSet: 0.0 ms]
      [Ref Proc: 0.1 ms]
      [Ref Enq: 0.0 ms]
      [Free CSet: 0.7 ms]
   [Eden: 1014.0M(1014.0M)->0.0B(1035.0M) Survivors: 98.0M->81.0M Heap: 1572.7M(1887.0M)->541.3M(1887.0M)]
 [Times: user=0.36 sys=0.00, real=0.05 secs] 
113.597: Total time for which application threads were stopped: 0.0464620 seconds, Stopping threads took: 0.0000670 seconds
114.100: Application time: 0.5029390 seconds
114.100: [GC pause (young), 0.0392210 secs]
   [Parallel Time: 37.6 ms, GC Workers: 8]
      [GC Worker Start (ms): Min: 114100.0, Avg: 114100.0, Max: 114100.0, Diff: 0.1]
      [Ext Root Scanning (ms): Min: 0.6, Avg: 0.7, Max: 0.7, Diff: 0.1, Sum: 5.4]
      [Update RS (ms): Min: 0.0, Avg: 0.0, Max: 0.0, Diff: 0.0, Sum: 0.1]
         [Processed Buffers: Min: 0, Avg: 0.9, Max: 4, Diff: 4, Sum: 7]
      [Scan RS (ms): Min: 0.4, Avg: 0.4, Max: 0.4, Diff: 0.0, Sum: 3.3]
      [Code Root Scanning (ms): Min: 0.0, Avg: 0.0, Max: 0.0, Diff: 0.0, Sum: 0.1]
      [Object Copy (ms): Min: 36.3, Avg: 36.4, Max: 36.4, Diff: 0.0, Sum: 290.8]
      [Termination (ms): Min: 0.0, Avg: 0.0, Max: 0.0, Diff: 0.0, Sum: 0.0]
      [GC Worker Other (ms): Min: 0.0, Avg: 0.1, Max: 0.1, Diff: 0.1, Sum: 0.6]
      [GC Worker Total (ms): Min: 37.5, Avg: 37.5, Max: 37.6, Diff: 0.1, Sum: 300.3]
      [GC Worker End (ms): Min: 114137.5, Avg: 114137.5, Max: 114137.6, Diff: 0.1]
   [Code Root Fixup: 0.1 ms]
   [Code Root Migration: 0.1 ms]
   [Clear CT: 0.5 ms]
   [Other: 0.9 ms]
      [Choose CSet: 0.0 ms]
      [Ref Proc: 0.1 ms]
      [Ref Enq: 0.0 ms]
      [Free CSet: 0.7 ms]
   [Eden: 1035.0M(1035.0M)->0.0B(1047.0M) Survivors: 81.0M->74.0M Heap: 1576.3M(1887.0M)->534.3M(1887.0M)]
 [Times: user=0.29 sys=0.01, real=0.04 secs] 
114.139: Total time for which application threads were stopped: 0.0394050 seconds, Stopping threads took: 0.0000480 seconds
114.640: Application time: 0.5009730 seconds
114.640: [GC pause (young), 0.0485060 secs]
   [Parallel Time: 46.9 ms, GC Workers: 8]
      [GC Worker Start (ms): Min: 114640.3, Avg: 114640.4, Max: 114640.4, Diff: 0.1]
      [Ext Root Scanning (ms): Min: 0.6, Avg: 0.7, Max: 0.7, Diff: 0.1, Sum: 5.5]
      [Update RS (ms): Min: 0.0, Avg: 0.0, Max: 0.0, Diff: 0.0, Sum: 0.1]
         [Processed Buffers: Min: 0, Avg: 0.9, Max: 2, Diff: 2, Sum: 7]
      [Scan RS (ms): Min: 0.4, Avg: 0.5, Max: 0.5, Diff: 0.0, Sum: 3.7]
      [Code Root Scanning (ms): Min: 0.0, Avg: 0.0, Max: 0.0, Diff: 0.0, Sum: 0.1]
      [Object Copy (ms): Min: 45.5, Avg: 45.5, Max: 45.7, Diff: 0.2, Sum: 364.0]
      [Termination (ms): Min: 0.0, Avg: 0.0, Max: 0.0, Diff: 0.0, Sum: 0.0]
      [GC Worker Other (ms): Min: 0.0, Avg: 0.1, Max: 0.1, Diff: 0.1, Sum: 0.5]
      [GC Worker Total (ms): Min: 46.7, Avg: 46.8, Max: 46.8, Diff: 0.1, Sum: 374.0]
      [GC Worker End (ms): Min: 114687.1, Avg: 114687.1, Max: 114687.2, Diff: 0.1]
   [Code Root Fixup: 0.1 ms]
   [Code Root Migration: 0.1 ms]
   [Clear CT: 0.5 ms]
   [Other: 0.9 ms]
      [Choose CSet: 0.0 ms]
      [Ref Proc: 0.1 ms]
      [Ref Enq: 0.0 ms]
      [Free CSet: 0.7 ms]
   [Eden: 1047.0M(1047.0M)->0.0B(1028.0M) Survivors: 74.0M->91.0M Heap: 1581.3M(1887.0M)->551.8M(1887.0M)]
 [Times: user=0.38 sys=0.00, real=0.05 secs] 
114.689: Total time for which application threads were stopped: 0.0486820 seconds, Stopping threads took: 0.0000490 seconds
115.184: Application time: 0.4954250 seconds
115.184: [GC pause (young), 0.0520320 secs]
   [Parallel Time: 50.5 ms, GC Workers: 8]
      [GC Worker Start (ms): Min: 115184.4, Avg: 115184.5, Max: 115184.5, Diff: 0.1]
      [Ext Root Scanning (ms): Min: 0.6, Avg: 0.7, Max: 0.7, Diff: 0.1, Sum: 5.2]
      [Update RS (ms): Min: 0.0, Avg: 0.0, Max: 0.0, Diff: 0.0, Sum: 0.1]
         [Processed Buffers: Min: 0, Avg: 1.0, Max: 2, Diff: 2, Sum: 8]
      [Scan RS (ms): Min: 0.4, Avg: 0.4, Max: 0.5, Diff: 0.0, Sum: 3.5]
      [Code Root Scanning (ms): Min: 0.0, Avg: 0.0, Max: 0.0, Diff: 0.0, Sum: 0.1]
      [Object Copy (ms): Min: 49.2, Avg: 49.2, Max: 49.3, Diff: 0.1, Sum: 393.8]
      [Termination (ms): Min: 0.0, Avg: 0.0, Max: 0.0, Diff: 0.0, Sum: 0.0]
      [GC Worker Other (ms): Min: 0.0, Avg: 0.0, Max: 0.1, Diff: 0.0, Sum: 0.4]
      [GC Worker Total (ms): Min: 50.3, Avg: 50.4, Max: 50.4, Diff: 0.1, Sum: 403.1]
      [GC Worker End (ms): Min: 115234.8, Avg: 115234.9, Max: 115234.9, Diff: 0.0]
   [Code Root Fixup: 0.1 ms]
   [Code Root Migration: 0.1 ms]
   [Clear CT: 0.5 ms]
   [Other: 0.9 ms]
      [Choose CSet: 0.0 ms]
      [Ref Proc: 0.1 ms]
      [Ref Enq: 0.0 ms]
      [Free CSet: 0.7 ms]
   [Eden: 1028.0M(1028.0M)->0.0B(1018.0M) Survivors: 91.0M->97.0M Heap: 1579.8M(1887.0M)->557.8M(1887.0M)]
 [Times: user=0.41 sys=0.00, real=0.06 secs] 
115.237: Total time for which application threads were stopped: 0.0522020 seconds, Stopping threads took: 0.0000400 seconds
115.730: Application time: 0.4930210 seconds
115.730: [GC pause (young), 0.0569190 secs]
   [Parallel Time: 55.3 ms, GC Workers: 8]
      [GC Worker Start (ms): Min: 115729.7, Avg: 115729.7, Max: 115729.7, Diff: 0.1]
      [Ext Root Scanning (ms): Min: 0.6, Avg: 0.6, Max: 0.7, Diff: 0.1, Sum: 5.1]
      [Update RS (ms): Min: 0.0, Avg: 0.0, Max: 0.1, Diff: 0.1, Sum: 0.1]
         [Processed Buffers: Min: 0, Avg: 1.0, Max: 3, Diff: 3, Sum: 8]
      [Scan RS (ms): Min: 0.4, Avg: 0.4, Max: 0.4, Diff: 0.0, Sum: 3.4]
      [Code Root Scanning (ms): Min: 0.0, Avg: 0.0, Max: 0.0, Diff: 0.0, Sum: 0.0]
      [Object Copy (ms): Min: 54.1, Avg: 54.1, Max: 54.1, Diff: 0.1, Sum: 432.7]
      [Termination (ms): Min: 0.0, Avg: 0.0, Max: 0.0, Diff: 0.0, Sum: 0.0]
      [GC Worker Other (ms): Min: 0.0, Avg: 0.1, Max: 0.1, Diff: 0.1, Sum: 0.5]
      [GC Worker Total (ms): Min: 55.2, Avg: 55.2, Max: 55.3, Diff: 0.0, Sum: 441.9]
      [GC Worker End (ms): Min: 115784.9, Avg: 115784.9, Max: 115785.0, Diff: 0.0]
   [Code Root Fixup: 0.1 ms]
   [Code Root Migration: 0.1 ms]
   [Clear CT: 0.5 ms]
   [Other: 0.9 ms]
      [Choose CSet: 0.0 ms]
      [Ref Proc: 0.1 ms]
      [Ref Enq: 0.0 ms]
      [Free CSet: 0.7 ms]
   [Eden: 1018.0M(1018.0M)->0.0B(1009.0M) Survivors: 97.0M->102.0M Heap: 1575.8M(1887.0M)->562.4M(1887.0M)]
 [Times: user=0.45 sys=0.00, real=0.06 secs] 
115.787: Total time for which application threads were stopped: 0.0571050 seconds, Stopping threads took: 0.0000540 seconds
116.293: Application time: 0.5064790 seconds
116.293: [GC pause (young), 0.0516450 secs]
   [Parallel Time: 50.0 ms, GC Workers: 8]
      [GC Worker Start (ms): Min: 116293.3, Avg: 116293.3, Max: 116293.3, Diff: 0.1]
      [Ext Root Scanning (ms): Min: 0.6, Avg: 0.7, Max: 0.7, Diff: 0.1, Sum: 5.3]
      [Update RS (ms): Min: 0.0, Avg: 0.0, Max: 0.0, Diff: 0.0, Sum: 0.1]
         [Processed Buffers: Min: 0, Avg: 0.9, Max: 3, Diff: 3, Sum: 7]
      [Scan RS (ms): Min: 0.4, Avg: 0.4, Max: 0.5, Diff: 0.1, Sum: 3.5]
      [Code Root Scanning (ms): Min: 0.0, Avg: 0.0, Max: 0.0, Diff: 0.0, Sum: 0.1]
      [Object Copy (ms): Min: 48.8, Avg: 48.8, Max: 48.8, Diff: 0.1, Sum: 390.4]
      [Termination (ms): Min: 0.0, Avg: 0.0, Max: 0.0, Diff: 0.0, Sum: 0.0]
      [GC Worker Other (ms): Min: 0.0, Avg: 0.1, Max: 0.1, Diff: 0.0, Sum: 0.4]
      [GC Worker Total (ms): Min: 49.9, Avg: 50.0, Max: 50.0, Diff: 0.1, Sum: 399.8]
      [GC Worker End (ms): Min: 116343.3, Avg: 116343.3, Max: 116343.3, Diff: 0.0]
   [Code Root Fixup: 0.1 ms]
   [Code Root Migration: 0.1 ms]
   [Clear CT: 0.5 ms]
   [Other: 0.9 ms]
      [Choose CSet: 0.0 ms]
      [Ref Proc: 0.1 ms]
      [Ref Enq: 0.0 ms]
      [Free CSet: 0.7 ms]
   [Eden: 1009.0M(1009.0M)->0.0B(1019.0M) Survivors: 102.0M->93.0M Heap: 1571.4M(1887.0M)->553.3M(1887.0M)]
 [Times: user=0.40 sys=0.00, real=0.05 secs] 
116.345: Total time for which application threads were stopped: 0.0518290 seconds, Stopping threads took: 0.0000570 seconds
116.852: Application time: 0.5065880 seconds
116.852: [GC pause (young), 0.0390440 secs]
   [Parallel Time: 37.5 ms, GC Workers: 8]
      [GC Worker Start (ms): Min: 116851.7, Avg: 116851.8, Max: 116852.7, Diff: 1.0]
      [Ext Root Scanning (ms): Min: 0.0, Avg: 0.6, Max: 0.8, Diff: 0.8, Sum: 4.7]
      [Update RS (ms): Min: 0.0, Avg: 0.0, Max: 0.1, Diff: 0.1, Sum: 0.1]
         [Processed Buffers: Min: 0, Avg: 0.9, Max: 3, Diff: 3, Sum: 7]
      [Scan RS (ms): Min: 0.3, Avg: 0.4, Max: 0.5, Diff: 0.2, Sum: 3.4]
      [Code Root Scanning (ms): Min: 0.0, Avg: 0.0, Max: 0.0, Diff: 0.0, Sum: 0.1]
      [Object Copy (ms): Min: 36.1, Avg: 36.2, Max: 36.4, Diff: 0.2, Sum: 289.8]
      [Termination (ms): Min: 0.0, Avg: 0.0, Max: 0.0, Diff: 0.0, Sum: 0.0]
      [GC Worker Other (ms): Min: 0.0, Avg: 0.1, Max: 0.1, Diff: 0.0, Sum: 0.5]
      [GC Worker Total (ms): Min: 36.5, Avg: 37.3, Max: 37.5, Diff: 1.0, Sum: 298.6]
      [GC Worker End (ms): Min: 116889.1, Avg: 116889.2, Max: 116889.2, Diff: 0.0]
   [Code Root Fixup: 0.1 ms]
   [Code Root Migration: 0.1 ms]
   [Clear CT: 0.5 ms]
   [Other: 0.8 ms]
      [Choose CSet: 0.0 ms]
      [Ref Proc: 0.1 ms]
      [Ref Enq: 0.0 ms]
      [Free CSet: 0.7 ms]
   [Eden: 1019.0M(1019.0M)->0.0B(1048.0M) Survivors: 93.0M->71.0M Heap: 1572.3M(1887.0M)->531.3M(1887.0M)]
 [Times: user=0.31 sys=0.00, real=0.04 secs] 
116.891: Total time for which application threads were stopped: 0.0392320 seconds, Stopping threads took: 0.0000500 seconds
117.398: Application time: 0.5073040 seconds
117.398: [GC pause (young), 0.0449620 secs]
   [Parallel Time: 43.4 ms, GC Workers: 8]
      [GC Worker Start (ms): Min: 117398.2, Avg: 117399.1, Max: 117401.6, Diff: 3.4]
      [Ext Root Scanning (ms): Min: 0.0, Avg: 0.6, Max: 0.8, Diff: 0.8, Sum: 4.4]
      [Update RS (ms): Min: 0.0, Avg: 0.0, Max: 0.0, Diff: 0.0, Sum: 0.1]
         [Processed Buffers: Min: 0, Avg: 0.8, Max: 4, Diff: 4, Sum: 6]
      [Scan RS (ms): Min: 0.1, Avg: 0.3, Max: 0.5, Diff: 0.4, Sum: 2.7]
      [Code Root Scanning (ms): Min: 0.0, Avg: 0.0, Max: 0.0, Diff: 0.0, Sum: 0.0]
      [Object Copy (ms): Min: 39.7, Avg: 41.5, Max: 42.1, Diff: 2.3, Sum: 331.7]
      [Termination (ms): Min: 0.0, Avg: 0.0, Max: 0.0, Diff: 0.0, Sum: 0.0]
      [GC Worker Other (ms): Min: 0.0, Avg: 0.1, Max: 0.1, Diff: 0.1, Sum: 0.6]
      [GC Worker Total (ms): Min: 39.9, Avg: 42.4, Max: 43.3, Diff: 3.4, Sum: 339.6]
      [GC Worker End (ms): Min: 117441.5, Avg: 117441.5, Max: 117441.5, Diff: 0.1]
   [Code Root Fixup: 0.1 ms]
   [Code Root Migration: 0.1 ms]
   [Clear CT: 0.5 ms]
   [Other: 0.9 ms]
      [Choose CSet: 0.0 ms]
      [Ref Proc: 0.1 ms]
      [Ref Enq: 0.0 ms]
      [Free CSet: 0.7 ms]
   [Eden: 1048.0M(1048.0M)->0.0B(1036.0M) Survivors: 71.0M->83.0M Heap: 1579.3M(1887.0M)->543.8M(1887.0M)]
 [Times: user=0.34 sys=0.00, real=0.04 secs] 
117.443: Total time for which application threads were stopped: 0.0451180 seconds, Stopping threads took: 0.0000280 seconds
117.948: Application time: 0.5048680 seconds
117.948: [GC pause (young), 0.0533490 secs]
   [Parallel Time: 51.7 ms, GC Workers: 8]
      [GC Worker Start (ms): Min: 117948.2, Avg: 117948.3, Max: 117948.3, Diff: 0.0]
      [Ext Root Scanning (ms): Min: 0.6, Avg: 0.6, Max: 0.7, Diff: 0.1, Sum: 5.2]
      [Update RS (ms): Min: 0.0, Avg: 0.0, Max: 0.0, Diff: 0.0, Sum: 0.1]
         [Processed Buffers: Min: 0, Avg: 0.8, Max: 2, Diff: 2, Sum: 6]
      [Scan RS (ms): Min: 0.4, Avg: 0.4, Max: 0.5, Diff: 0.1, Sum: 3.4]
      [Code Root Scanning (ms): Min: 0.0, Avg: 0.0, Max: 0.0, Diff: 0.0, Sum: 0.1]
      [Object Copy (ms): Min: 50.5, Avg: 50.5, Max: 50.5, Diff: 0.0, Sum: 403.8]
      [Termination (ms): Min: 0.0, Avg: 0.0, Max: 0.0, Diff: 0.0, Sum: 0.0]
      [GC Worker Other (ms): Min: 0.0, Avg: 0.1, Max: 0.1, Diff: 0.0, Sum: 0.5]
      [GC Worker Total (ms): Min: 51.6, Avg: 51.6, Max: 51.7, Diff: 0.1, Sum: 413.0]
      [GC Worker End (ms): Min: 117999.9, Avg: 117999.9, Max: 117999.9, Diff: 0.0]
   [Code Root Fixup: 0.1 ms]
   [Code Root Migration: 0.1 ms]
   [Clear CT: 0.5 ms]
   [Other: 0.9 ms]
      [Choose CSet: 0.0 ms]
      [Ref Proc: 0.1 ms]
      [Ref Enq: 0.0 ms]
      [Free CSet: 0.7 ms]
   [Eden: 1036.0M(1036.0M)->0.0B(1020.0M) Survivors: 83.0M->96.0M Heap: 1579.8M(1887.0M)->556.8M(1887.0M)]
 [Times: user=0.42 sys=0.00, real=0.05 secs] 
118.002: Total time for which application threads were stopped: 0.0535370 seconds, Stopping threads took: 0.0000600 seconds
118.503: Application time: 0.5009180 seconds
118.503: [GC pause (young), 0.0455510 secs]
   [Parallel Time: 43.9 ms, GC Workers: 8]
      [GC Worker Start (ms): Min: 118502.7, Avg: 118504.1, Max: 118513.6, Diff: 10.9]
      [Ext Root Scanning (ms): Min: 0.0, Avg: 0.6, Max: 0.9, Diff: 0.9, Sum: 4.9]
      [Update RS (ms): Min: 0.0, Avg: 0.0, Max: 0.0, Diff: 0.0, Sum: 0.1]
         [Processed Buffers: Min: 0, Avg: 0.9, Max: 3, Diff: 3, Sum: 7]
      [Scan RS (ms): Min: 0.2, Avg: 0.4, Max: 0.5, Diff: 0.3, Sum: 3.2]
      [Code Root Scanning (ms): Min: 0.0, Avg: 0.0, Max: 0.0, Diff: 0.0, Sum: 0.1]
      [Object Copy (ms): Min: 32.7, Avg: 41.4, Max: 42.7, Diff: 10.0, Sum: 331.2]
      [Termination (ms): Min: 0.0, Avg: 0.0, Max: 0.0, Diff: 0.0, Sum: 0.1]
      [GC Worker Other (ms): Min: 0.0, Avg: 0.1, Max: 0.1, Diff: 0.0, Sum: 0.4]
      [GC Worker Total (ms): Min: 33.0, Avg: 42.5, Max: 43.9, Diff: 10.9, Sum: 339.9]
      [GC Worker End (ms): Min: 118546.5, Avg: 118546.6, Max: 118546.6, Diff: 0.0]
   [Code Root Fixup: 0.2 ms]
   [Code Root Migration: 0.1 ms]
   [Clear CT: 0.5 ms]
   [Other: 0.8 ms]
      [Choose CSet: 0.0 ms]
      [Ref Proc: 0.1 ms]
      [Ref Enq: 0.0 ms]
      [Free CSet: 0.7 ms]
   [Eden: 1020.0M(1020.0M)->0.0B(1037.0M) Survivors: 96.0M->82.0M Heap: 1576.8M(1887.0M)->542.3M(1887.0M)]
 [Times: user=0.34 sys=0.00, real=0.05 secs] 
118.548: Total time for which application threads were stopped: 0.0457390 seconds, Stopping threads took: 0.0000530 seconds
119.048: Application time: 0.5001330 seconds
119.049: [GC pause (young), 0.0490310 secs]
   [Parallel Time: 47.4 ms, GC Workers: 8]
      [GC Worker Start (ms): Min: 119048.5, Avg: 119048.6, Max: 119048.6, Diff: 0.1]
      [Ext Root Scanning (ms): Min: 0.7, Avg: 0.7, Max: 0.7, Diff: 0.1, Sum: 5.4]
      [Update RS (ms): Min: 0.0, Avg: 0.0, Max: 0.1, Diff: 0.1, Sum: 0.1]
         [Processed Buffers: Min: 0, Avg: 0.9, Max: 2, Diff: 2, Sum: 7]
      [Scan RS (ms): Min: 0.4, Avg: 0.4, Max: 0.5, Diff: 0.1, Sum: 3.6]
      [Code Root Scanning (ms): Min: 0.0, Avg: 0.0, Max: 0.0, Diff: 0.0, Sum: 0.1]
      [Object Copy (ms): Min: 46.1, Avg: 46.1, Max: 46.2, Diff: 0.1, Sum: 368.8]
      [Termination (ms): Min: 0.0, Avg: 0.0, Max: 0.0, Diff: 0.0, Sum: 0.0]
      [GC Worker Other (ms): Min: 0.0, Avg: 0.1, Max: 0.1, Diff: 0.0, Sum: 0.5]
      [GC Worker Total (ms): Min: 47.3, Avg: 47.3, Max: 47.4, Diff: 0.1, Sum: 378.6]
      [GC Worker End (ms): Min: 119095.9, Avg: 119095.9, Max: 119095.9, Diff: 0.0]
   [Code Root Fixup: 0.2 ms]
   [Code Root Migration: 0.1 ms]
   [Clear CT: 0.4 ms]
   [Other: 0.9 ms]
      [Choose CSet: 0.0 ms]
      [Ref Proc: 0.2 ms]
      [Ref Enq: 0.0 ms]
      [Free CSet: 0.7 ms]
   [Eden: 1037.0M(1037.0M)->0.0B(1026.0M) Survivors: 82.0M->92.0M Heap: 1579.3M(1887.0M)->552.8M(1887.0M)]
 [Times: user=0.38 sys=0.00, real=0.05 secs] 
119.098: Total time for which application threads were stopped: 0.0491970 seconds, Stopping threads took: 0.0000390 seconds
119.597: Application time: 0.4994860 seconds
119.597: [GC pause (young), 0.0515010 secs]
   [Parallel Time: 49.9 ms, GC Workers: 8]
      [GC Worker Start (ms): Min: 119597.2, Avg: 119597.3, Max: 119597.3, Diff: 0.1]
      [Ext Root Scanning (ms): Min: 0.6, Avg: 0.7, Max: 0.8, Diff: 0.1, Sum: 5.6]
      [Update RS (ms): Min: 0.0, Avg: 0.0, Max: 0.1, Diff: 0.1, Sum: 0.1]
         [Processed Buffers: Min: 0, Avg: 0.8, Max: 2, Diff: 2, Sum: 6]
      [Scan RS (ms): Min: 0.3, Avg: 0.4, Max: 0.5, Diff: 0.2, Sum: 3.5]
      [Code Root Scanning (ms): Min: 0.0, Avg: 0.0, Max: 0.0, Diff: 0.0, Sum: 0.1]
      [Object Copy (ms): Min: 48.5, Avg: 48.6, Max: 48.8, Diff: 0.2, Sum: 388.7]
      [Termination (ms): Min: 0.0, Avg: 0.0, Max: 0.0, Diff: 0.0, Sum: 0.0]
      [GC Worker Other (ms): Min: 0.0, Avg: 0.1, Max: 0.1, Diff: 0.1, Sum: 0.5]
      [GC Worker Total (ms): Min: 49.8, Avg: 49.8, Max: 49.9, Diff: 0.1, Sum: 398.6]
      [GC Worker End (ms): Min: 119647.1, Avg: 119647.1, Max: 119647.1, Diff: 0.1]
   [Code Root Fixup: 0.1 ms]
   [Code Root Migration: 0.1 ms]
   [Clear CT: 0.5 ms]
   [Other: 0.8 ms]
      [Choose CSet: 0.0 ms]
      [Ref Proc: 0.1 ms]
      [Ref Enq: 0.0 ms]
      [Free CSet: 0.7 ms]
   [Eden: 1026.0M(1026.0M)->0.0B(1020.0M) Survivors: 92.0M->96.0M Heap: 1578.8M(1887.0M)->556.8M(1887.0M)]
 [Times: user=0.40 sys=0.00, real=0.05 secs] 
119.649: Total time for which application threads were stopped: 0.0516820 seconds, Stopping threads took: 0.0000550 seconds
120.146: Application time: 0.4976220 seconds
120.147: [GC pause (young), 0.0537360 secs]
   [Parallel Time: 52.2 ms, GC Workers: 8]
      [GC Worker Start (ms): Min: 120146.6, Avg: 120146.6, Max: 120146.6, Diff: 0.0]
      [Ext Root Scanning (ms): Min: 0.6, Avg: 0.6, Max: 0.7, Diff: 0.1, Sum: 5.1]
      [Update RS (ms): Min: 0.0, Avg: 0.0, Max: 0.1, Diff: 0.1, Sum: 0.1]
         [Processed Buffers: Min: 0, Avg: 0.8, Max: 3, Diff: 3, Sum: 6]
      [Scan RS (ms): Min: 0.4, Avg: 0.4, Max: 0.4, Diff: 0.0, Sum: 3.4]
      [Code Root Scanning (ms): Min: 0.0, Avg: 0.0, Max: 0.0, Diff: 0.0, Sum: 0.1]
      [Object Copy (ms): Min: 51.0, Avg: 51.0, Max: 51.0, Diff: 0.0, Sum: 408.1]
      [Termination (ms): Min: 0.0, Avg: 0.0, Max: 0.0, Diff: 0.0, Sum: 0.0]
      [GC Worker Other (ms): Min: 0.0, Avg: 0.1, Max: 0.1, Diff: 0.0, Sum: 0.4]
      [GC Worker Total (ms): Min: 52.1, Avg: 52.1, Max: 52.2, Diff: 0.0, Sum: 417.2]
      [GC Worker End (ms): Min: 120198.7, Avg: 120198.7, Max: 120198.8, Diff: 0.0]
   [Code Root Fixup: 0.1 ms]
   [Code Root Migration: 0.1 ms]
   [Clear CT: 0.4 ms]
   [Other: 0.9 ms]
      [Choose CSet: 0.0 ms]
      [Ref Proc: 0.1 ms]
      [Ref Enq: 0.0 ms]
      [Free CSet: 0.7 ms]
   [Eden: 1020.0M(1020.0M)->0.0B(1015.0M) Survivors: 96.0M->99.0M Heap: 1576.8M(1887.0M)->559.3M(1887.0M)]
 [Times: user=0.42 sys=0.00, real=0.05 secs] 
120.200: Total time for which application threads were stopped: 0.0539380 seconds, Stopping threads took: 0.0000660 seconds
120.703: Application time: 0.5023060 seconds
120.703: [GC pause (young), 0.0520190 secs]
   [Parallel Time: 50.3 ms, GC Workers: 8]
      [GC Worker Start (ms): Min: 120702.8, Avg: 120702.8, Max: 120702.9, Diff: 0.1]
      [Ext Root Scanning (ms): Min: 0.6, Avg: 0.6, Max: 0.7, Diff: 0.1, Sum: 5.2]
      [Update RS (ms): Min: 0.0, Avg: 0.0, Max: 0.1, Diff: 0.1, Sum: 0.1]
         [Processed Buffers: Min: 0, Avg: 0.8, Max: 3, Diff: 3, Sum: 6]
      [Scan RS (ms): Min: 0.4, Avg: 0.4, Max: 0.5, Diff: 0.1, Sum: 3.5]
      [Code Root Scanning (ms): Min: 0.0, Avg: 0.0, Max: 0.0, Diff: 0.0, Sum: 0.1]
      [Object Copy (ms): Min: 49.0, Avg: 49.0, Max: 49.1, Diff: 0.1, Sum: 392.0]
      [Termination (ms): Min: 0.0, Avg: 0.0, Max: 0.0, Diff: 0.0, Sum: 0.0]
      [GC Worker Other (ms): Min: 0.0, Avg: 0.1, Max: 0.1, Diff: 0.1, Sum: 0.5]
      [GC Worker Total (ms): Min: 50.1, Avg: 50.2, Max: 50.2, Diff: 0.1, Sum: 401.3]
      [GC Worker End (ms): Min: 120753.0, Avg: 120753.0, Max: 120753.0, Diff: 0.1]
   [Code Root Fixup: 0.1 ms]
   [Code Root Migration: 0.1 ms]
   [Clear CT: 0.5 ms]
   [Other: 1.0 ms]
      [Choose CSet: 0.0 ms]
      [Ref Proc: 0.1 ms]
      [Ref Enq: 0.0 ms]
      [Free CSet: 0.8 ms]
   [Eden: 1015.0M(1015.0M)->0.0B(1023.0M) Survivors: 99.0M->91.0M Heap: 1574.3M(1887.0M)->551.8M(1887.0M)]
 [Times: user=0.41 sys=0.00, real=0.06 secs] 
120.755: Total time for which application threads were stopped: 0.0522070 seconds, Stopping threads took: 0.0000630 seconds
121.269: Application time: 0.5143880 seconds
121.269: [GC pause (young), 0.0488080 secs]
   [Parallel Time: 47.2 ms, GC Workers: 8]
      [GC Worker Start (ms): Min: 121269.4, Avg: 121269.4, Max: 121269.5, Diff: 0.1]
      [Ext Root Scanning (ms): Min: 0.6, Avg: 0.7, Max: 0.7, Diff: 0.1, Sum: 5.4]
      [Update RS (ms): Min: 0.0, Avg: 0.0, Max: 0.1, Diff: 0.1, Sum: 0.1]
         [Processed Buffers: Min: 0, Avg: 0.8, Max: 3, Diff: 3, Sum: 6]
      [Scan RS (ms): Min: 0.4, Avg: 0.4, Max: 0.4, Diff: 0.0, Sum: 3.4]
      [Code Root Scanning (ms): Min: 0.0, Avg: 0.0, Max: 0.0, Diff: 0.0, Sum: 0.1]
      [Object Copy (ms): Min: 45.9, Avg: 45.9, Max: 45.9, Diff: 0.1, Sum: 367.3]
      [Termination (ms): Min: 0.0, Avg: 0.0, Max: 0.0, Diff: 0.0, Sum: 0.0]
      [GC Worker Other (ms): Min: 0.0, Avg: 0.1, Max: 0.1, Diff: 0.1, Sum: 0.7]
      [GC Worker Total (ms): Min: 47.0, Avg: 47.1, Max: 47.2, Diff: 0.2, Sum: 376.9]
      [GC Worker End (ms): Min: 121316.5, Avg: 121316.5, Max: 121316.6, Diff: 0.1]
   [Code Root Fixup: 0.1 ms]
   [Code Root Migration: 0.1 ms]
   [Clear CT: 0.5 ms]
   [Other: 0.8 ms]
      [Choose CSet: 0.0 ms]
      [Ref Proc: 0.1 ms]
      [Ref Enq: 0.0 ms]
      [Free CSet: 0.7 ms]
   [Eden: 1023.0M(1023.0M)->0.0B(1027.0M) Survivors: 91.0M->89.0M Heap: 1574.8M(1887.0M)->549.3M(1887.0M)]
 [Times: user=0.38 sys=0.00, real=0.05 secs] 
121.318: Total time for which application threads were stopped: 0.0489890 seconds, Stopping threads took: 0.0000560 seconds
121.823: Application time: 0.5050870 seconds
121.823: [GC pause (young), 0.0478950 secs]
   [Parallel Time: 46.2 ms, GC Workers: 8]
      [GC Worker Start (ms): Min: 121823.5, Avg: 121823.5, Max: 121823.5, Diff: 0.1]
      [Ext Root Scanning (ms): Min: 0.6, Avg: 0.7, Max: 0.8, Diff: 0.1, Sum: 5.5]
      [Update RS (ms): Min: 0.0, Avg: 0.0, Max: 0.1, Diff: 0.1, Sum: 0.1]
         [Processed Buffers: Min: 0, Avg: 1.2, Max: 3, Diff: 3, Sum: 10]
      [Scan RS (ms): Min: 0.4, Avg: 0.4, Max: 0.5, Diff: 0.1, Sum: 3.4]
      [Code Root Scanning (ms): Min: 0.0, Avg: 0.0, Max: 0.0, Diff: 0.0, Sum: 0.1]
      [Object Copy (ms): Min: 44.9, Avg: 44.9, Max: 45.0, Diff: 0.1, Sum: 359.1]
      [Termination (ms): Min: 0.0, Avg: 0.1, Max: 0.2, Diff: 0.2, Sum: 0.7]
      [GC Worker Other (ms): Min: 0.0, Avg: 0.0, Max: 0.1, Diff: 0.1, Sum: 0.3]
      [GC Worker Total (ms): Min: 46.1, Avg: 46.1, Max: 46.2, Diff: 0.1, Sum: 369.1]
      [GC Worker End (ms): Min: 121869.6, Avg: 121869.6, Max: 121869.7, Diff: 0.0]
   [Code Root Fixup: 0.1 ms]
   [Code Root Migration: 0.1 ms]
   [Clear CT: 0.4 ms]
   [Other: 1.0 ms]
      [Choose CSet: 0.0 ms]
      [Ref Proc: 0.1 ms]
      [Ref Enq: 0.0 ms]
      [Free CSet: 0.8 ms]
   [Eden: 1027.0M(1027.0M)->0.0B(1039.0M) Survivors: 89.0M->81.0M Heap: 1576.3M(1887.0M)->541.3M(1887.0M)]
 [Times: user=0.34 sys=0.00, real=0.05 secs] 
121.871: Total time for which application threads were stopped: 0.0480810 seconds, Stopping threads took: 0.0000540 seconds
122.374: Application time: 0.5021460 seconds
122.374: [GC pause (young), 0.0478120 secs]
   [Parallel Time: 46.3 ms, GC Workers: 8]
      [GC Worker Start (ms): Min: 122373.7, Avg: 122373.7, Max: 122373.8, Diff: 0.1]
      [Ext Root Scanning (ms): Min: 0.6, Avg: 0.7, Max: 0.7, Diff: 0.1, Sum: 5.4]
      [Update RS (ms): Min: 0.0, Avg: 0.0, Max: 0.0, Diff: 0.0, Sum: 0.1]
         [Processed Buffers: Min: 0, Avg: 1.0, Max: 3, Diff: 3, Sum: 8]
      [Scan RS (ms): Min: 0.4, Avg: 0.4, Max: 0.5, Diff: 0.1, Sum: 3.5]
      [Code Root Scanning (ms): Min: 0.0, Avg: 0.0, Max: 0.0, Diff: 0.0, Sum: 0.1]
      [Object Copy (ms): Min: 45.0, Avg: 45.0, Max: 45.0, Diff: 0.0, Sum: 359.9]
      [Termination (ms): Min: 0.0, Avg: 0.0, Max: 0.0, Diff: 0.0, Sum: 0.0]
      [GC Worker Other (ms): Min: 0.0, Avg: 0.1, Max: 0.1, Diff: 0.1, Sum: 0.6]
      [GC Worker Total (ms): Min: 46.2, Avg: 46.2, Max: 46.2, Diff: 0.1, Sum: 369.6]
      [GC Worker End (ms): Min: 122419.9, Avg: 122419.9, Max: 122420.0, Diff: 0.1]
   [Code Root Fixup: 0.1 ms]
   [Code Root Migration: 0.1 ms]
   [Clear CT: 0.4 ms]
   [Other: 0.9 ms]
      [Choose CSet: 0.0 ms]
      [Ref Proc: 0.1 ms]
      [Ref Enq: 0.0 ms]
      [Free CSet: 0.7 ms]
   [Eden: 1039.0M(1039.0M)->0.0B(1029.0M) Survivors: 81.0M->91.0M Heap: 1580.3M(1887.0M)->551.3M(1887.0M)]
 [Times: user=0.37 sys=0.00, real=0.04 secs] 
122.422: Total time for which application threads were stopped: 0.0479970 seconds, Stopping threads took: 0.0000490 seconds
122.925: Application time: 0.5032210 seconds
122.925: [GC pause (young), 0.0536620 secs]
   [Parallel Time: 52.0 ms, GC Workers: 8]
      [GC Worker Start (ms): Min: 122924.9, Avg: 122925.0, Max: 122925.0, Diff: 0.1]
      [Ext Root Scanning (ms): Min: 0.6, Avg: 0.7, Max: 0.8, Diff: 0.2, Sum: 5.4]
      [Update RS (ms): Min: 0.0, Avg: 0.0, Max: 0.1, Diff: 0.1, Sum: 0.1]
         [Processed Buffers: Min: 0, Avg: 0.9, Max: 3, Diff: 3, Sum: 7]
      [Scan RS (ms): Min: 0.3, Avg: 0.4, Max: 0.5, Diff: 0.2, Sum: 3.3]
      [Code Root Scanning (ms): Min: 0.0, Avg: 0.0, Max: 0.0, Diff: 0.0, Sum: 0.1]
      [Object Copy (ms): Min: 50.7, Avg: 50.7, Max: 50.8, Diff: 0.0, Sum: 406.0]
      [Termination (ms): Min: 0.0, Avg: 0.0, Max: 0.0, Diff: 0.0, Sum: 0.0]
      [GC Worker Other (ms): Min: 0.0, Avg: 0.1, Max: 0.1, Diff: 0.0, Sum: 0.5]
      [GC Worker Total (ms): Min: 51.9, Avg: 51.9, Max: 52.0, Diff: 0.1, Sum: 415.3]
      [GC Worker End (ms): Min: 122976.8, Avg: 122976.9, Max: 122976.9, Diff: 0.0]
   [Code Root Fixup: 0.2 ms]
   [Code Root Migration: 0.1 ms]
   [Clear CT: 0.5 ms]
   [Other: 0.9 ms]
      [Choose CSet: 0.0 ms]
      [Ref Proc: 0.1 ms]
      [Ref Enq: 0.0 ms]
      [Free CSet: 0.7 ms]
   [Eden: 1029.0M(1029.0M)->0.0B(1020.0M) Survivors: 91.0M->97.0M Heap: 1580.3M(1887.0M)->557.8M(1887.0M)]
 [Times: user=0.42 sys=0.00, real=0.06 secs] 
122.979: Total time for which application threads were stopped: 0.0538410 seconds, Stopping threads took: 0.0000550 seconds
123.479: Application time: 0.5005810 seconds
123.479: [GC pause (young), 0.0464700 secs]
   [Parallel Time: 44.9 ms, GC Workers: 8]
      [GC Worker Start (ms): Min: 123479.3, Avg: 123479.4, Max: 123479.4, Diff: 0.1]
      [Ext Root Scanning (ms): Min: 0.6, Avg: 0.7, Max: 0.7, Diff: 0.1, Sum: 5.4]
      [Update RS (ms): Min: 0.0, Avg: 0.0, Max: 0.0, Diff: 0.0, Sum: 0.1]
         [Processed Buffers: Min: 0, Avg: 0.9, Max: 2, Diff: 2, Sum: 7]
      [Scan RS (ms): Min: 0.4, Avg: 0.4, Max: 0.5, Diff: 0.1, Sum: 3.5]
      [Code Root Scanning (ms): Min: 0.0, Avg: 0.0, Max: 0.0, Diff: 0.0, Sum: 0.1]
      [Object Copy (ms): Min: 43.7, Avg: 43.7, Max: 43.7, Diff: 0.0, Sum: 349.3]
      [Termination (ms): Min: 0.0, Avg: 0.0, Max: 0.0, Diff: 0.0, Sum: 0.0]
      [GC Worker Other (ms): Min: 0.0, Avg: 0.1, Max: 0.1, Diff: 0.0, Sum: 0.5]
      [GC Worker Total (ms): Min: 44.8, Avg: 44.9, Max: 44.9, Diff: 0.1, Sum: 358.9]
      [GC Worker End (ms): Min: 123524.2, Avg: 123524.2, Max: 123524.2, Diff: 0.0]
   [Code Root Fixup: 0.1 ms]
   [Code Root Migration: 0.1 ms]
   [Clear CT: 0.4 ms]
   [Other: 0.8 ms]
      [Choose CSet: 0.0 ms]
      [Ref Proc: 0.1 ms]
      [Ref Enq: 0.0 ms]
      [Free CSet: 0.7 ms]
   [Eden: 1020.0M(1020.0M)->0.0B(1034.0M) Survivors: 97.0M->85.0M Heap: 1577.8M(1887.0M)->545.4M(1887.0M)]
 [Times: user=0.36 sys=0.00, real=0.05 secs] 
123.526: Total time for which application threads were stopped: 0.0466400 seconds, Stopping threads took: 0.0000330 seconds
124.025: Application time: 0.4995160 seconds
124.025: [GC pause (young), 0.0495570 secs]
   [Parallel Time: 48.0 ms, GC Workers: 8]
      [GC Worker Start (ms): Min: 124025.5, Avg: 124026.6, Max: 124034.0, Diff: 8.5]
      [Ext Root Scanning (ms): Min: 0.0, Avg: 0.6, Max: 0.9, Diff: 0.8, Sum: 4.8]
      [Update RS (ms): Min: 0.0, Avg: 0.0, Max: 0.1, Diff: 0.1, Sum: 0.1]
         [Processed Buffers: Min: 0, Avg: 0.9, Max: 3, Diff: 3, Sum: 7]
      [Scan RS (ms): Min: 0.2, Avg: 0.4, Max: 0.5, Diff: 0.3, Sum: 3.3]
      [Code Root Scanning (ms): Min: 0.0, Avg: 0.0, Max: 0.0, Diff: 0.0, Sum: 0.1]
      [Object Copy (ms): Min: 39.2, Avg: 45.8, Max: 46.8, Diff: 7.6, Sum: 366.0]
      [Termination (ms): Min: 0.0, Avg: 0.0, Max: 0.0, Diff: 0.0, Sum: 0.0]
      [GC Worker Other (ms): Min: 0.0, Avg: 0.1, Max: 0.1, Diff: 0.0, Sum: 0.5]
      [GC Worker Total (ms): Min: 39.5, Avg: 46.9, Max: 48.0, Diff: 8.5, Sum: 374.9]
      [GC Worker End (ms): Min: 124073.4, Avg: 124073.5, Max: 124073.5, Diff: 0.1]
   [Code Root Fixup: 0.1 ms]
   [Code Root Migration: 0.1 ms]
   [Clear CT: 0.5 ms]
   [Other: 0.9 ms]
      [Choose CSet: 0.0 ms]
      [Ref Proc: 0.1 ms]
      [Ref Enq: 0.0 ms]
      [Free CSet: 0.7 ms]
   [Eden: 1034.0M(1034.0M)->0.0B(1025.0M) Survivors: 85.0M->93.0M Heap: 1579.4M(1887.0M)->553.9M(1887.0M)]
 [Times: user=0.38 sys=0.01, real=0.06 secs] 
124.075: Total time for which application threads were stopped: 0.0497310 seconds, Stopping threads took: 0.0000460 seconds
124.576: Application time: 0.5007460 seconds
124.576: [GC pause (young), 0.0549750 secs]
   [Parallel Time: 53.4 ms, GC Workers: 8]
      [GC Worker Start (ms): Min: 124576.0, Avg: 124576.0, Max: 124576.1, Diff: 0.1]
      [Ext Root Scanning (ms): Min: 0.6, Avg: 0.7, Max: 0.7, Diff: 0.1, Sum: 5.3]
      [Update RS (ms): Min: 0.0, Avg: 0.0, Max: 0.0, Diff: 0.0, Sum: 0.1]
         [Processed Buffers: Min: 0, Avg: 0.8, Max: 3, Diff: 3, Sum: 6]
      [Scan RS (ms): Min: 0.3, Avg: 0.4, Max: 0.5, Diff: 0.2, Sum: 3.4]
      [Code Root Scanning (ms): Min: 0.0, Avg: 0.0, Max: 0.0, Diff: 0.0, Sum: 0.1]
      [Object Copy (ms): Min: 52.1, Avg: 52.2, Max: 52.3, Diff: 0.1, Sum: 417.5]
      [Termination (ms): Min: 0.0, Avg: 0.0, Max: 0.0, Diff: 0.0, Sum: 0.0]
      [GC Worker Other (ms): Min: 0.0, Avg: 0.1, Max: 0.1, Diff: 0.0, Sum: 0.5]
      [GC Worker Total (ms): Min: 53.3, Avg: 53.4, Max: 53.4, Diff: 0.1, Sum: 426.9]
      [GC Worker End (ms): Min: 124629.4, Avg: 124629.4, Max: 124629.4, Diff: 0.0]
   [Code Root Fixup: 0.1 ms]
   [Code Root Migration: 0.1 ms]
   [Clear CT: 0.4 ms]
   [Other: 0.8 ms]
      [Choose CSet: 0.0 ms]
      [Ref Proc: 0.1 ms]
      [Ref Enq: 0.0 ms]
      [Free CSet: 0.7 ms]
   [Eden: 1025.0M(1025.0M)->0.0B(1014.0M) Survivors: 93.0M->100.0M Heap: 1578.9M(1887.0M)->560.4M(1887.0M)]
 [Times: user=0.43 sys=0.00, real=0.05 secs] 
124.631: Total time for which application threads were stopped: 0.0551850 seconds, Stopping threads took: 0.0000720 seconds
125.131: Application time: 0.4997950 seconds
125.131: [GC pause (young), 0.0545300 secs]
   [Parallel Time: 53.0 ms, GC Workers: 8]
      [GC Worker Start (ms): Min: 125131.0, Avg: 125131.0, Max: 125131.0, Diff: 0.1]
      [Ext Root Scanning (ms): Min: 0.6, Avg: 0.6, Max: 0.7, Diff: 0.1, Sum: 5.1]
      [Update RS (ms): Min: 0.0, Avg: 0.0, Max: 0.0, Diff: 0.0, Sum: 0.1]
         [Processed Buffers: Min: 0, Avg: 0.9, Max: 2, Diff: 2, Sum: 7]
      [Scan RS (ms): Min: 0.4, Avg: 0.4, Max: 0.4, Diff: 0.1, Sum: 3.4]
      [Code Root Scanning (ms): Min: 0.0, Avg: 0.0, Max: 0.0, Diff: 0.0, Sum: 0.1]
      [Object Copy (ms): Min: 51.7, Avg: 51.7, Max: 51.8, Diff: 0.0, Sum: 414.0]
      [Termination (ms): Min: 0.0, Avg: 0.0, Max: 0.0, Diff: 0.0, Sum: 0.0]
      [GC Worker Other (ms): Min: 0.0, Avg: 0.1, Max: 0.1, Diff: 0.1, Sum: 0.5]
      [GC Worker Total (ms): Min: 52.8, Avg: 52.9, Max: 52.9, Diff: 0.1, Sum: 423.1]
      [GC Worker End (ms): Min: 125183.9, Avg: 125183.9, Max: 125183.9, Diff: 0.1]
   [Code Root Fixup: 0.1 ms]
   [Code Root Migration: 0.1 ms]
   [Clear CT: 0.4 ms]
   [Other: 0.9 ms]
      [Choose CSet: 0.0 ms]
      [Ref Proc: 0.1 ms]
      [Ref Enq: 0.0 ms]
      [Free CSet: 0.7 ms]
   [Eden: 1014.0M(1014.0M)->0.0B(1015.0M) Survivors: 100.0M->98.0M Heap: 1574.4M(1887.0M)->558.4M(1887.0M)]
 [Times: user=0.43 sys=0.00, real=0.06 secs] 
125.186: Total time for which application threads were stopped: 0.0547180 seconds, Stopping threads took: 0.0000510 seconds
125.683: Application time: 0.4975820 seconds
125.683: [GC pause (young), 0.0504440 secs]
   [Parallel Time: 48.9 ms, GC Workers: 8]
      [GC Worker Start (ms): Min: 125683.3, Avg: 125683.3, Max: 125683.4, Diff: 0.1]
      [Ext Root Scanning (ms): Min: 0.6, Avg: 0.7, Max: 0.7, Diff: 0.1, Sum: 5.4]
      [Update RS (ms): Min: 0.0, Avg: 0.0, Max: 0.0, Diff: 0.0, Sum: 0.1]
         [Processed Buffers: Min: 0, Avg: 1.0, Max: 3, Diff: 3, Sum: 8]
      [Scan RS (ms): Min: 0.4, Avg: 0.4, Max: 0.4, Diff: 0.1, Sum: 3.4]
      [Code Root Scanning (ms): Min: 0.0, Avg: 0.0, Max: 0.0, Diff: 0.0, Sum: 0.1]
      [Object Copy (ms): Min: 47.6, Avg: 47.6, Max: 47.7, Diff: 0.0, Sum: 381.0]
      [Termination (ms): Min: 0.0, Avg: 0.0, Max: 0.0, Diff: 0.0, Sum: 0.0]
      [GC Worker Other (ms): Min: 0.0, Avg: 0.1, Max: 0.1, Diff: 0.0, Sum: 0.5]
      [GC Worker Total (ms): Min: 48.8, Avg: 48.8, Max: 48.8, Diff: 0.1, Sum: 390.3]
      [GC Worker End (ms): Min: 125732.1, Avg: 125732.1, Max: 125732.1, Diff: 0.0]
   [Code Root Fixup: 0.2 ms]
   [Code Root Migration: 0.1 ms]
   [Clear CT: 0.4 ms]
   [Other: 0.9 ms]
      [Choose CSet: 0.0 ms]
      [Ref Proc: 0.1 ms]
      [Ref Enq: 0.0 ms]
      [Free CSet: 0.7 ms]
   [Eden: 1015.0M(1015.0M)->0.0B(1024.0M) Survivors: 98.0M->90.0M Heap: 1573.4M(1887.0M)->550.4M(1887.0M)]
 [Times: user=0.39 sys=0.00, real=0.06 secs] 
125.734: Total time for which application threads were stopped: 0.0506340 seconds, Stopping threads took: 0.0000650 seconds
126.239: Application time: 0.5053660 seconds
126.239: [GC pause (young), 0.0468750 secs]
   [Parallel Time: 45.3 ms, GC Workers: 8]
      [GC Worker Start (ms): Min: 126239.3, Avg: 126239.3, Max: 126239.3, Diff: 0.1]
      [Ext Root Scanning (ms): Min: 0.6, Avg: 0.7, Max: 0.7, Diff: 0.1, Sum: 5.3]
      [Update RS (ms): Min: 0.0, Avg: 0.0, Max: 0.0, Diff: 0.0, Sum: 0.1]
         [Processed Buffers: Min: 0, Avg: 1.0, Max: 3, Diff: 3, Sum: 8]
      [Scan RS (ms): Min: 0.4, Avg: 0.4, Max: 0.4, Diff: 0.0, Sum: 3.4]
      [Code Root Scanning (ms): Min: 0.0, Avg: 0.0, Max: 0.0, Diff: 0.0, Sum: 0.1]
      [Object Copy (ms): Min: 44.0, Avg: 44.0, Max: 44.1, Diff: 0.1, Sum: 352.1]
      [Termination (ms): Min: 0.0, Avg: 0.0, Max: 0.0, Diff: 0.0, Sum: 0.0]
      [GC Worker Other (ms): Min: 0.0, Avg: 0.1, Max: 0.1, Diff: 0.1, Sum: 0.5]
      [GC Worker Total (ms): Min: 45.2, Avg: 45.2, Max: 45.2, Diff: 0.1, Sum: 361.5]
      [GC Worker End (ms): Min: 126284.5, Avg: 126284.5, Max: 126284.5, Diff: 0.1]
   [Code Root Fixup: 0.1 ms]
   [Code Root Migration: 0.1 ms]
   [Clear CT: 0.5 ms]
   [Other: 0.9 ms]
      [Choose CSet: 0.0 ms]
      [Ref Proc: 0.1 ms]
      [Ref Enq: 0.0 ms]
      [Free CSet: 0.7 ms]
   [Eden: 1024.0M(1024.0M)->0.0B(1032.0M) Survivors: 90.0M->85.0M Heap: 1574.4M(1887.0M)->545.4M(1887.0M)]
 [Times: user=0.36 sys=0.00, real=0.05 secs] 
126.286: Total time for which application threads were stopped: 0.0470670 seconds, Stopping threads took: 0.0000540 seconds
126.790: Application time: 0.5041440 seconds
126.790: [GC pause (young), 0.0456920 secs]
   [Parallel Time: 44.2 ms, GC Workers: 8]
      [GC Worker Start (ms): Min: 126790.5, Avg: 126790.5, Max: 126790.5, Diff: 0.1]
      [Ext Root Scanning (ms): Min: 0.6, Avg: 0.7, Max: 0.7, Diff: 0.1, Sum: 5.4]
      [Update RS (ms): Min: 0.0, Avg: 0.0, Max: 0.0, Diff: 0.0, Sum: 0.1]
         [Processed Buffers: Min: 0, Avg: 1.0, Max: 3, Diff: 3, Sum: 8]
      [Scan RS (ms): Min: 0.4, Avg: 0.4, Max: 0.5, Diff: 0.1, Sum: 3.5]
      [Code Root Scanning (ms): Min: 0.0, Avg: 0.0, Max: 0.0, Diff: 0.0, Sum: 0.1]
      [Object Copy (ms): Min: 42.9, Avg: 42.9, Max: 42.9, Diff: 0.0, Sum: 343.3]
      [Termination (ms): Min: 0.0, Avg: 0.0, Max: 0.0, Diff: 0.0, Sum: 0.0]
      [GC Worker Other (ms): Min: 0.0, Avg: 0.0, Max: 0.1, Diff: 0.0, Sum: 0.4]
      [GC Worker Total (ms): Min: 44.0, Avg: 44.1, Max: 44.1, Diff: 0.1, Sum: 352.7]
      [GC Worker End (ms): Min: 126834.6, Avg: 126834.6, Max: 126834.6, Diff: 0.0]
   [Code Root Fixup: 0.2 ms]
   [Code Root Migration: 0.1 ms]
   [Clear CT: 0.4 ms]
   [Other: 0.8 ms]
      [Choose CSet: 0.0 ms]
      [Ref Proc: 0.1 ms]
      [Ref Enq: 0.0 ms]
      [Free CSet: 0.7 ms]
   [Eden: 1032.0M(1032.0M)->0.0B(1037.0M) Survivors: 85.0M->83.0M Heap: 1577.4M(1887.0M)->543.9M(1887.0M)]
 [Times: user=0.36 sys=0.00, real=0.05 secs] 
126.836: Total time for which application threads were stopped: 0.0458630 seconds, Stopping threads took: 0.0000460 seconds
127.341: Application time: 0.5045660 seconds
127.341: [GC pause (young), 0.0468320 secs]
   [Parallel Time: 45.2 ms, GC Workers: 8]
      [GC Worker Start (ms): Min: 127341.0, Avg: 127341.1, Max: 127341.5, Diff: 0.5]
      [Ext Root Scanning (ms): Min: 0.2, Avg: 0.6, Max: 0.9, Diff: 0.6, Sum: 5.0]
      [Update RS (ms): Min: 0.0, Avg: 0.0, Max: 0.0, Diff: 0.0, Sum: 0.1]
         [Processed Buffers: Min: 0, Avg: 1.0, Max: 2, Diff: 2, Sum: 8]
      [Scan RS (ms): Min: 0.3, Avg: 0.4, Max: 0.5, Diff: 0.1, Sum: 3.5]
      [Code Root Scanning (ms): Min: 0.0, Avg: 0.0, Max: 0.0, Diff: 0.0, Sum: 0.1]
      [Object Copy (ms): Min: 43.9, Avg: 43.9, Max: 43.9, Diff: 0.1, Sum: 351.4]
      [Termination (ms): Min: 0.0, Avg: 0.0, Max: 0.0, Diff: 0.0, Sum: 0.0]
      [GC Worker Other (ms): Min: 0.0, Avg: 0.1, Max: 0.1, Diff: 0.0, Sum: 0.4]
      [GC Worker Total (ms): Min: 44.6, Avg: 45.1, Max: 45.2, Diff: 0.6, Sum: 360.5]
      [GC Worker End (ms): Min: 127386.1, Avg: 127386.1, Max: 127386.2, Diff: 0.0]
   [Code Root Fixup: 0.1 ms]
   [Code Root Migration: 0.1 ms]
   [Clear CT: 0.5 ms]
   [Other: 0.9 ms]
      [Choose CSet: 0.0 ms]
      [Ref Proc: 0.1 ms]
      [Ref Enq: 0.0 ms]
      [Free CSet: 0.7 ms]
   [Eden: 1037.0M(1037.0M)->0.0B(1033.0M) Survivors: 83.0M->88.0M Heap: 1580.9M(1887.0M)->548.4M(1887.0M)]
 [Times: user=0.37 sys=0.00, real=0.05 secs] 
127.388: Total time for which application threads were stopped: 0.0470780 seconds, Stopping threads took: 0.0000510 seconds
127.887: Application time: 0.4993210 seconds
127.887: [GC pause (young), 0.0520780 secs]
   [Parallel Time: 50.5 ms, GC Workers: 8]
      [GC Worker Start (ms): Min: 127887.3, Avg: 127887.6, Max: 127889.6, Diff: 2.2]
      [Ext Root Scanning (ms): Min: 0.0, Avg: 0.6, Max: 0.8, Diff: 0.8, Sum: 4.7]
      [Update RS (ms): Min: 0.0, Avg: 0.0, Max: 0.0, Diff: 0.0, Sum: 0.1]
         [Processed Buffers: Min: 0, Avg: 0.9, Max: 3, Diff: 3, Sum: 7]
      [Scan RS (ms): Min: 0.0, Avg: 0.4, Max: 0.5, Diff: 0.5, Sum: 3.1]
      [Code Root Scanning (ms): Min: 0.0, Avg: 0.0, Max: 0.0, Diff: 0.0, Sum: 0.1]
      [Object Copy (ms): Min: 48.1, Avg: 49.1, Max: 49.2, Diff: 1.1, Sum: 392.6]
      [Termination (ms): Min: 0.0, Avg: 0.0, Max: 0.0, Diff: 0.0, Sum: 0.0]
      [GC Worker Other (ms): Min: 0.0, Avg: 0.1, Max: 0.1, Diff: 0.0, Sum: 0.4]
      [GC Worker Total (ms): Min: 48.2, Avg: 50.1, Max: 50.4, Diff: 2.2, Sum: 401.0]
      [GC Worker End (ms): Min: 127937.7, Avg: 127937.8, Max: 127937.8, Diff: 0.0]
   [Code Root Fixup: 0.1 ms]
   [Code Root Migration: 0.1 ms]
   [Clear CT: 0.5 ms]
   [Other: 0.9 ms]
      [Choose CSet: 0.0 ms]
      [Ref Proc: 0.1 ms]
      [Ref Enq: 0.0 ms]
      [Free CSet: 0.7 ms]
   [Eden: 1033.0M(1033.0M)->0.0B(1022.0M) Survivors: 88.0M->96.0M Heap: 1581.4M(1887.0M)->556.4M(1887.0M)]
 [Times: user=0.41 sys=0.00, real=0.05 secs] 
127.939: Total time for which application threads were stopped: 0.0522740 seconds, Stopping threads took: 0.0000540 seconds
128.435: Application time: 0.4950940 seconds
128.435: [GC pause (young), 0.0498960 secs]
   [Parallel Time: 48.2 ms, GC Workers: 8]
      [GC Worker Start (ms): Min: 128434.7, Avg: 128434.7, Max: 128434.8, Diff: 0.1]
      [Ext Root Scanning (ms): Min: 0.6, Avg: 0.7, Max: 0.7, Diff: 0.1, Sum: 5.3]
      [Update RS (ms): Min: 0.0, Avg: 0.0, Max: 0.1, Diff: 0.1, Sum: 0.1]
         [Processed Buffers: Min: 0, Avg: 0.9, Max: 3, Diff: 3, Sum: 7]
      [Scan RS (ms): Min: 0.4, Avg: 0.4, Max: 0.5, Diff: 0.1, Sum: 3.6]
      [Code Root Scanning (ms): Min: 0.0, Avg: 0.0, Max: 0.0, Diff: 0.0, Sum: 0.1]
      [Object Copy (ms): Min: 46.9, Avg: 46.9, Max: 47.0, Diff: 0.1, Sum: 375.3]
      [Termination (ms): Min: 0.0, Avg: 0.0, Max: 0.0, Diff: 0.0, Sum: 0.0]
      [GC Worker Other (ms): Min: 0.0, Avg: 0.1, Max: 0.1, Diff: 0.1, Sum: 0.5]
      [GC Worker Total (ms): Min: 48.1, Avg: 48.1, Max: 48.2, Diff: 0.1, Sum: 384.9]
      [GC Worker End (ms): Min: 128482.8, Avg: 128482.9, Max: 128482.9, Diff: 0.1]
   [Code Root Fixup: 0.1 ms]
   [Code Root Migration: 0.1 ms]
   [Clear CT: 0.5 ms]
   [Other: 1.0 ms]
      [Choose CSet: 0.0 ms]
      [Ref Proc: 0.1 ms]
      [Ref Enq: 0.0 ms]
      [Free CSet: 0.8 ms]
   [Eden: 1022.0M(1022.0M)->0.0B(1026.0M) Survivors: 96.0M->92.0M Heap: 1578.4M(1887.0M)->552.4M(1887.0M)]
 [Times: user=0.39 sys=0.00, real=0.04 secs] 
128.485: Total time for which application threads were stopped: 0.0500790 seconds, Stopping threads took: 0.0000570 seconds
128.975: Application time: 0.4899980 seconds
128.975: [GC pause (young), 0.0538340 secs]
   [Parallel Time: 52.3 ms, GC Workers: 8]
      [GC Worker Start (ms): Min: 128974.8, Avg: 128974.8, Max: 128974.9, Diff: 0.1]
      [Ext Root Scanning (ms): Min: 0.6, Avg: 0.7, Max: 0.7, Diff: 0.1, Sum: 5.5]
      [Update RS (ms): Min: 0.0, Avg: 0.0, Max: 0.0, Diff: 0.0, Sum: 0.1]
         [Processed Buffers: Min: 0, Avg: 0.9, Max: 3, Diff: 3, Sum: 7]
      [Scan RS (ms): Min: 0.4, Avg: 0.4, Max: 0.5, Diff: 0.1, Sum: 3.5]
      [Code Root Scanning (ms): Min: 0.0, Avg: 0.0, Max: 0.0, Diff: 0.0, Sum: 0.1]
      [Object Copy (ms): Min: 51.0, Avg: 51.0, Max: 51.0, Diff: 0.0, Sum: 408.1]
      [Termination (ms): Min: 0.0, Avg: 0.0, Max: 0.0, Diff: 0.0, Sum: 0.0]
      [GC Worker Other (ms): Min: 0.0, Avg: 0.1, Max: 0.1, Diff: 0.0, Sum: 0.5]
      [GC Worker Total (ms): Min: 52.2, Avg: 52.2, Max: 52.2, Diff: 0.0, Sum: 417.8]
      [GC Worker End (ms): Min: 129027.0, Avg: 129027.1, Max: 129027.1, Diff: 0.0]
   [Code Root Fixup: 0.1 ms]
   [Code Root Migration: 0.1 ms]
   [Clear CT: 0.4 ms]
   [Other: 0.8 ms]
      [Choose CSet: 0.0 ms]
      [Ref Proc: 0.1 ms]
      [Ref Enq: 0.0 ms]
      [Free CSet: 0.7 ms]
   [Eden: 1026.0M(1026.0M)->0.0B(1013.0M) Survivors: 92.0M->101.0M Heap: 1578.4M(1887.0M)->561.4M(1887.0M)]
 [Times: user=0.42 sys=0.00, real=0.05 secs] 
129.029: Total time for which application threads were stopped: 0.0540330 seconds, Stopping threads took: 0.0000710 seconds
129.523: Application time: 0.4946510 seconds
129.523: [GC pause (young), 0.0527540 secs]
   [Parallel Time: 51.2 ms, GC Workers: 8]
      [GC Worker Start (ms): Min: 129523.5, Avg: 129523.5, Max: 129523.5, Diff: 0.1]
      [Ext Root Scanning (ms): Min: 0.6, Avg: 0.7, Max: 0.7, Diff: 0.1, Sum: 5.3]
      [Update RS (ms): Min: 0.0, Avg: 0.0, Max: 0.0, Diff: 0.0, Sum: 0.1]
         [Processed Buffers: Min: 0, Avg: 0.9, Max: 3, Diff: 3, Sum: 7]
      [Scan RS (ms): Min: 0.4, Avg: 0.4, Max: 0.5, Diff: 0.1, Sum: 3.5]
      [Code Root Scanning (ms): Min: 0.0, Avg: 0.0, Max: 0.0, Diff: 0.0, Sum: 0.1]
      [Object Copy (ms): Min: 49.9, Avg: 49.9, Max: 50.0, Diff: 0.0, Sum: 399.6]
      [Termination (ms): Min: 0.0, Avg: 0.0, Max: 0.0, Diff: 0.0, Sum: 0.0]
      [GC Worker Other (ms): Min: 0.0, Avg: 0.0, Max: 0.1, Diff: 0.0, Sum: 0.4]
      [GC Worker Total (ms): Min: 51.1, Avg: 51.1, Max: 51.1, Diff: 0.1, Sum: 409.0]
      [GC Worker End (ms): Min: 129574.6, Avg: 129574.6, Max: 129574.6, Diff: 0.0]
   [Code Root Fixup: 0.1 ms]
   [Code Root Migration: 0.1 ms]
   [Clear CT: 0.4 ms]
   [Other: 0.9 ms]
      [Choose CSet: 0.0 ms]
      [Ref Proc: 0.1 ms]
      [Ref Enq: 0.0 ms]
      [Free CSet: 0.7 ms]
   [Eden: 1013.0M(1013.0M)->0.0B(1017.0M) Survivors: 101.0M->96.0M Heap: 1574.4M(1887.0M)->556.9M(1887.0M)]
 [Times: user=0.42 sys=0.00, real=0.06 secs] 
129.576: Total time for which application threads were stopped: 0.0529380 seconds, Stopping threads took: 0.0000550 seconds
130.076: Application time: 0.4997980 seconds
130.076: [GC pause (young), 0.0544050 secs]
   [Parallel Time: 52.8 ms, GC Workers: 8]
      [GC Worker Start (ms): Min: 130076.2, Avg: 130076.3, Max: 130076.3, Diff: 0.1]
      [Ext Root Scanning (ms): Min: 0.6, Avg: 0.7, Max: 0.7, Diff: 0.1, Sum: 5.4]
      [Update RS (ms): Min: 0.0, Avg: 0.0, Max: 0.1, Diff: 0.1, Sum: 0.1]
         [Processed Buffers: Min: 0, Avg: 0.9, Max: 3, Diff: 3, Sum: 7]
      [Scan RS (ms): Min: 0.4, Avg: 0.4, Max: 0.5, Diff: 0.1, Sum: 3.4]
      [Code Root Scanning (ms): Min: 0.0, Avg: 0.0, Max: 0.0, Diff: 0.0, Sum: 0.1]
      [Object Copy (ms): Min: 51.5, Avg: 51.5, Max: 51.5, Diff: 0.0, Sum: 412.2]
      [Termination (ms): Min: 0.0, Avg: 0.0, Max: 0.0, Diff: 0.0, Sum: 0.0]
      [GC Worker Other (ms): Min: 0.0, Avg: 0.1, Max: 0.1, Diff: 0.1, Sum: 0.6]
      [GC Worker Total (ms): Min: 52.7, Avg: 52.7, Max: 52.8, Diff: 0.1, Sum: 421.8]
      [GC Worker End (ms): Min: 130129.0, Avg: 130129.0, Max: 130129.0, Diff: 0.1]
   [Code Root Fixup: 0.1 ms]
   [Code Root Migration: 0.1 ms]
   [Clear CT: 0.5 ms]
   [Other: 0.9 ms]
      [Choose CSet: 0.0 ms]
      [Ref Proc: 0.1 ms]
      [Ref Enq: 0.0 ms]
      [Free CSet: 0.7 ms]
   [Eden: 1017.0M(1017.0M)->0.0B(1012.0M) Survivors: 96.0M->99.0M Heap: 1573.9M(1887.0M)->559.4M(1887.0M)]
 [Times: user=0.43 sys=0.00, real=0.05 secs] 
130.131: Total time for which application threads were stopped: 0.0546070 seconds, Stopping threads took: 0.0000740 seconds
130.631: Application time: 0.4998730 seconds
130.631: [GC pause (young), 0.0547460 secs]
   [Parallel Time: 53.1 ms, GC Workers: 8]
      [GC Worker Start (ms): Min: 130630.7, Avg: 130631.1, Max: 130633.6, Diff: 2.9]
      [Ext Root Scanning (ms): Min: 0.0, Avg: 0.6, Max: 0.8, Diff: 0.8, Sum: 4.6]
      [Update RS (ms): Min: 0.0, Avg: 0.0, Max: 0.1, Diff: 0.1, Sum: 0.1]
         [Processed Buffers: Min: 0, Avg: 0.9, Max: 3, Diff: 3, Sum: 7]
      [Scan RS (ms): Min: 0.1, Avg: 0.4, Max: 0.5, Diff: 0.4, Sum: 3.0]
      [Code Root Scanning (ms): Min: 0.0, Avg: 0.0, Max: 0.0, Diff: 0.0, Sum: 0.1]
      [Object Copy (ms): Min: 50.1, Avg: 51.7, Max: 52.0, Diff: 1.9, Sum: 413.3]
      [Termination (ms): Min: 0.0, Avg: 0.0, Max: 0.0, Diff: 0.0, Sum: 0.0]
      [GC Worker Other (ms): Min: 0.0, Avg: 0.1, Max: 0.1, Diff: 0.0, Sum: 0.4]
      [GC Worker Total (ms): Min: 50.2, Avg: 52.7, Max: 53.1, Diff: 2.9, Sum: 421.5]
      [GC Worker End (ms): Min: 130683.7, Avg: 130683.8, Max: 130683.8, Diff: 0.0]
   [Code Root Fixup: 0.1 ms]
   [Code Root Migration: 0.1 ms]
   [Clear CT: 0.5 ms]
   [Other: 0.9 ms]
      [Choose CSet: 0.0 ms]
      [Ref Proc: 0.1 ms]
      [Ref Enq: 0.0 ms]
      [Free CSet: 0.8 ms]
   [Eden: 1012.0M(1012.0M)->0.0B(1015.0M) Survivors: 99.0M->96.0M Heap: 1571.4M(1887.0M)->556.4M(1887.0M)]
 [Times: user=0.43 sys=0.00, real=0.05 secs] 
130.686: Total time for which application threads were stopped: 0.0549380 seconds, Stopping threads took: 0.0000540 seconds
131.195: Application time: 0.5091180 seconds
131.195: [GC pause (young), 0.0453800 secs]
   [Parallel Time: 43.8 ms, GC Workers: 8]
      [GC Worker Start (ms): Min: 131194.8, Avg: 131194.8, Max: 131194.8, Diff: 0.1]
      [Ext Root Scanning (ms): Min: 0.6, Avg: 0.6, Max: 0.7, Diff: 0.1, Sum: 5.2]
      [Update RS (ms): Min: 0.0, Avg: 0.0, Max: 0.0, Diff: 0.0, Sum: 0.1]
         [Processed Buffers: Min: 0, Avg: 0.9, Max: 2, Diff: 2, Sum: 7]
      [Scan RS (ms): Min: 0.4, Avg: 0.4, Max: 0.5, Diff: 0.1, Sum: 3.4]
      [Code Root Scanning (ms): Min: 0.0, Avg: 0.0, Max: 0.0, Diff: 0.0, Sum: 0.0]
      [Object Copy (ms): Min: 42.6, Avg: 42.6, Max: 42.6, Diff: 0.0, Sum: 340.8]
      [Termination (ms): Min: 0.0, Avg: 0.0, Max: 0.0, Diff: 0.0, Sum: 0.0]
      [GC Worker Other (ms): Min: 0.0, Avg: 0.1, Max: 0.1, Diff: 0.0, Sum: 0.4]
      [GC Worker Total (ms): Min: 43.7, Avg: 43.7, Max: 43.8, Diff: 0.1, Sum: 349.9]
      [GC Worker End (ms): Min: 131238.5, Avg: 131238.5, Max: 131238.6, Diff: 0.0]
   [Code Root Fixup: 0.1 ms]
   [Code Root Migration: 0.1 ms]
   [Clear CT: 0.4 ms]
   [Other: 0.9 ms]
      [Choose CSet: 0.0 ms]
      [Ref Proc: 0.1 ms]
      [Ref Enq: 0.0 ms]
      [Free CSet: 0.7 ms]
   [Eden: 1015.0M(1015.0M)->0.0B(1035.0M) Survivors: 96.0M->81.0M Heap: 1571.4M(1887.0M)->541.5M(1887.0M)]
 [Times: user=0.35 sys=0.00, real=0.04 secs] 
131.240: Total time for which application threads were stopped: 0.0455670 seconds, Stopping threads took: 0.0000580 seconds
131.748: Application time: 0.5080840 seconds
131.748: [GC pause (young), 0.0401920 secs]
   [Parallel Time: 38.6 ms, GC Workers: 8]
      [GC Worker Start (ms): Min: 131748.4, Avg: 131748.4, Max: 131748.5, Diff: 0.1]
      [Ext Root Scanning (ms): Min: 0.6, Avg: 0.7, Max: 0.7, Diff: 0.0, Sum: 5.5]
      [Update RS (ms): Min: 0.0, Avg: 0.0, Max: 0.1, Diff: 0.1, Sum: 0.1]
         [Processed Buffers: Min: 0, Avg: 0.9, Max: 2, Diff: 2, Sum: 7]
      [Scan RS (ms): Min: 0.4, Avg: 0.5, Max: 0.5, Diff: 0.0, Sum: 3.6]
      [Code Root Scanning (ms): Min: 0.0, Avg: 0.0, Max: 0.0, Diff: 0.0, Sum: 0.0]
      [Object Copy (ms): Min: 37.3, Avg: 37.3, Max: 37.3, Diff: 0.0, Sum: 298.5]
      [Termination (ms): Min: 0.0, Avg: 0.0, Max: 0.0, Diff: 0.0, Sum: 0.0]
      [GC Worker Other (ms): Min: 0.0, Avg: 0.1, Max: 0.1, Diff: 0.0, Sum: 0.4]
      [GC Worker Total (ms): Min: 38.5, Avg: 38.5, Max: 38.6, Diff: 0.1, Sum: 308.2]
      [GC Worker End (ms): Min: 131786.9, Avg: 131787.0, Max: 131787.0, Diff: 0.0]
   [Code Root Fixup: 0.1 ms]
   [Code Root Migration: 0.1 ms]
   [Clear CT: 0.4 ms]
   [Other: 0.9 ms]
      [Choose CSet: 0.0 ms]
      [Ref Proc: 0.2 ms]
      [Ref Enq: 0.0 ms]
      [Free CSet: 0.7 ms]
   [Eden: 1035.0M(1035.0M)->0.0B(1048.0M) Survivors: 81.0M->74.0M Heap: 1576.5M(1887.0M)->534.5M(1887.0M)]
 [Times: user=0.31 sys=0.00, real=0.04 secs] 
131.789: Total time for which application threads were stopped: 0.0403700 seconds, Stopping threads took: 0.0000520 seconds
132.305: Application time: 0.5159480 seconds
132.305: [GC pause (young), 0.0399250 secs]
   [Parallel Time: 38.3 ms, GC Workers: 8]
      [GC Worker Start (ms): Min: 132304.7, Avg: 132304.7, Max: 132304.8, Diff: 0.1]
      [Ext Root Scanning (ms): Min: 0.6, Avg: 0.7, Max: 0.8, Diff: 0.1, Sum: 5.5]
      [Update RS (ms): Min: 0.0, Avg: 0.0, Max: 0.0, Diff: 0.0, Sum: 0.1]
         [Processed Buffers: Min: 0, Avg: 1.1, Max: 4, Diff: 4, Sum: 9]
      [Scan RS (ms): Min: 0.3, Avg: 0.5, Max: 0.5, Diff: 0.2, Sum: 3.7]
      [Code Root Scanning (ms): Min: 0.0, Avg: 0.0, Max: 0.0, Diff: 0.0, Sum: 0.1]
      [Object Copy (ms): Min: 37.0, Avg: 37.0, Max: 37.1, Diff: 0.1, Sum: 296.3]
      [Termination (ms): Min: 0.0, Avg: 0.0, Max: 0.0, Diff: 0.0, Sum: 0.0]
      [GC Worker Other (ms): Min: 0.0, Avg: 0.1, Max: 0.1, Diff: 0.0, Sum: 0.5]
      [GC Worker Total (ms): Min: 38.2, Avg: 38.3, Max: 38.3, Diff: 0.1, Sum: 306.1]
      [GC Worker End (ms): Min: 132343.0, Avg: 132343.0, Max: 132343.0, Diff: 0.0]
   [Code Root Fixup: 0.1 ms]
   [Code Root Migration: 0.1 ms]
   [Clear CT: 0.5 ms]
   [Other: 0.9 ms]
      [Choose CSet: 0.0 ms]
      [Ref Proc: 0.1 ms]
      [Ref Enq: 0.0 ms]
      [Free CSet: 0.7 ms]
   [Eden: 1048.0M(1048.0M)->0.0B(1052.0M) Survivors: 74.0M->73.0M Heap: 1582.5M(1887.0M)->533.5M(1887.0M)]
 [Times: user=0.31 sys=0.00, real=0.04 secs] 
132.345: Total time for which application threads were stopped: 0.0400960 seconds, Stopping threads took: 0.0000290 seconds
132.850: Application time: 0.5050190 seconds
132.850: [GC pause (young), 0.0488080 secs]
   [Parallel Time: 47.2 ms, GC Workers: 8]
      [GC Worker Start (ms): Min: 132849.8, Avg: 132849.9, Max: 132849.9, Diff: 0.1]
      [Ext Root Scanning (ms): Min: 0.6, Avg: 0.7, Max: 0.7, Diff: 0.1, Sum: 5.3]
      [Update RS (ms): Min: 0.0, Avg: 0.0, Max: 0.1, Diff: 0.1, Sum: 0.2]
         [Processed Buffers: Min: 0, Avg: 0.9, Max: 2, Diff: 2, Sum: 7]
      [Scan RS (ms): Min: 0.4, Avg: 0.5, Max: 0.5, Diff: 0.1, Sum: 3.6]
      [Code Root Scanning (ms): Min: 0.0, Avg: 0.0, Max: 0.0, Diff: 0.0, Sum: 0.1]
      [Object Copy (ms): Min: 45.9, Avg: 45.9, Max: 46.0, Diff: 0.1, Sum: 367.3]
      [Termination (ms): Min: 0.0, Avg: 0.0, Max: 0.0, Diff: 0.0, Sum: 0.0]
      [GC Worker Other (ms): Min: 0.0, Avg: 0.1, Max: 0.1, Diff: 0.0, Sum: 0.5]
      [GC Worker Total (ms): Min: 47.1, Avg: 47.1, Max: 47.1, Diff: 0.0, Sum: 377.0]
      [GC Worker End (ms): Min: 132897.0, Avg: 132897.0, Max: 132897.0, Diff: 0.0]
   [Code Root Fixup: 0.1 ms]
   [Code Root Migration: 0.1 ms]
   [Clear CT: 0.5 ms]
   [Other: 0.9 ms]
      [Choose CSet: 0.0 ms]
      [Ref Proc: 0.1 ms]
      [Ref Enq: 0.0 ms]
      [Free CSet: 0.7 ms]
   [Eden: 1052.0M(1052.0M)->0.0B(1028.0M) Survivors: 73.0M->93.0M Heap: 1585.5M(1887.0M)->553.5M(1887.0M)]
 [Times: user=0.38 sys=0.00, real=0.05 secs] 
132.899: Total time for which application threads were stopped: 0.0489840 seconds, Stopping threads took: 0.0000490 seconds
133.394: Application time: 0.4949140 seconds
133.394: [GC pause (young), 0.0559780 secs]
   [Parallel Time: 54.2 ms, GC Workers: 8]
      [GC Worker Start (ms): Min: 133393.7, Avg: 133393.8, Max: 133393.8, Diff: 0.1]
      [Ext Root Scanning (ms): Min: 0.6, Avg: 0.6, Max: 0.7, Diff: 0.1, Sum: 5.1]
      [Update RS (ms): Min: 0.0, Avg: 0.0, Max: 0.0, Diff: 0.0, Sum: 0.1]
         [Processed Buffers: Min: 0, Avg: 0.9, Max: 2, Diff: 2, Sum: 7]
      [Scan RS (ms): Min: 0.4, Avg: 0.4, Max: 0.5, Diff: 0.1, Sum: 3.5]
      [Code Root Scanning (ms): Min: 0.0, Avg: 0.0, Max: 0.0, Diff: 0.0, Sum: 0.1]
      [Object Copy (ms): Min: 52.9, Avg: 53.0, Max: 53.0, Diff: 0.1, Sum: 423.7]
      [Termination (ms): Min: 0.0, Avg: 0.0, Max: 0.0, Diff: 0.0, Sum: 0.0]
      [GC Worker Other (ms): Min: 0.0, Avg: 0.1, Max: 0.1, Diff: 0.1, Sum: 0.6]
      [GC Worker Total (ms): Min: 54.0, Avg: 54.1, Max: 54.2, Diff: 0.2, Sum: 433.0]
      [GC Worker End (ms): Min: 133447.8, Avg: 133447.9, Max: 133447.9, Diff: 0.1]
   [Code Root Fixup: 0.1 ms]
   [Code Root Migration: 0.1 ms]
   [Clear CT: 0.5 ms]
   [Other: 1.0 ms]
      [Choose CSet: 0.0 ms]
      [Ref Proc: 0.1 ms]
      [Ref Enq: 0.0 ms]
      [Free CSet: 0.8 ms]
   [Eden: 1028.0M(1028.0M)->0.0B(1011.0M) Survivors: 93.0M->104.0M Heap: 1581.5M(1887.0M)->564.5M(1887.0M)]
 [Times: user=0.44 sys=0.00, real=0.05 secs] 
133.450: Total time for which application threads were stopped: 0.0561410 seconds, Stopping threads took: 0.0000360 seconds
133.952: Application time: 0.5017590 seconds
133.952: [GC pause (young), 0.0543810 secs]
   [Parallel Time: 52.8 ms, GC Workers: 8]
      [GC Worker Start (ms): Min: 133951.7, Avg: 133951.7, Max: 133951.7, Diff: 0.1]
      [Ext Root Scanning (ms): Min: 0.6, Avg: 0.6, Max: 0.7, Diff: 0.1, Sum: 5.2]
      [Update RS (ms): Min: 0.0, Avg: 0.0, Max: 0.0, Diff: 0.0, Sum: 0.1]
         [Processed Buffers: Min: 0, Avg: 0.9, Max: 3, Diff: 3, Sum: 7]
      [Scan RS (ms): Min: 0.4, Avg: 0.4, Max: 0.4, Diff: 0.1, Sum: 3.3]
      [Code Root Scanning (ms): Min: 0.0, Avg: 0.0, Max: 0.0, Diff: 0.0, Sum: 0.1]
      [Object Copy (ms): Min: 51.4, Avg: 51.5, Max: 51.6, Diff: 0.2, Sum: 411.7]
      [Termination (ms): Min: 0.0, Avg: 0.2, Max: 0.2, Diff: 0.2, Sum: 1.4]
      [GC Worker Other (ms): Min: 0.0, Avg: 0.0, Max: 0.1, Diff: 0.0, Sum: 0.3]
      [GC Worker Total (ms): Min: 52.7, Avg: 52.8, Max: 52.8, Diff: 0.0, Sum: 422.1]
      [GC Worker End (ms): Min: 134004.4, Avg: 134004.5, Max: 134004.5, Diff: 0.0]
   [Code Root Fixup: 0.1 ms]
   [Code Root Migration: 0.1 ms]
   [Clear CT: 0.4 ms]
   [Other: 0.9 ms]
      [Choose CSet: 0.0 ms]
      [Ref Proc: 0.1 ms]
      [Ref Enq: 0.0 ms]
      [Free CSet: 0.7 ms]
   [Eden: 1011.0M(1011.0M)->0.0B(1014.0M) Survivors: 104.0M->99.0M Heap: 1575.5M(1887.0M)->560.0M(1887.0M)]
 [Times: user=0.42 sys=0.00, real=0.06 secs] 
134.006: Total time for which application threads were stopped: 0.0545830 seconds, Stopping threads took: 0.0000680 seconds
134.506: Application time: 0.4997800 seconds
134.506: [GC pause (young), 0.0520470 secs]
   [Parallel Time: 50.5 ms, GC Workers: 8]
      [GC Worker Start (ms): Min: 134506.0, Avg: 134506.0, Max: 134506.1, Diff: 0.1]
      [Ext Root Scanning (ms): Min: 0.6, Avg: 0.7, Max: 0.7, Diff: 0.1, Sum: 5.3]
      [Update RS (ms): Min: 0.0, Avg: 0.0, Max: 0.0, Diff: 0.0, Sum: 0.1]
         [Processed Buffers: Min: 0, Avg: 0.9, Max: 4, Diff: 4, Sum: 7]
      [Scan RS (ms): Min: 0.4, Avg: 0.4, Max: 0.5, Diff: 0.1, Sum: 3.4]
      [Code Root Scanning (ms): Min: 0.0, Avg: 0.0, Max: 0.0, Diff: 0.0, Sum: 0.1]
      [Object Copy (ms): Min: 49.2, Avg: 49.3, Max: 49.3, Diff: 0.1, Sum: 394.1]
      [Termination (ms): Min: 0.0, Avg: 0.0, Max: 0.0, Diff: 0.0, Sum: 0.0]
      [GC Worker Other (ms): Min: 0.0, Avg: 0.1, Max: 0.1, Diff: 0.0, Sum: 0.4]
      [GC Worker Total (ms): Min: 50.4, Avg: 50.4, Max: 50.5, Diff: 0.1, Sum: 403.4]
      [GC Worker End (ms): Min: 134556.4, Avg: 134556.5, Max: 134556.5, Diff: 0.0]
   [Code Root Fixup: 0.1 ms]
   [Code Root Migration: 0.1 ms]
   [Clear CT: 0.4 ms]
   [Other: 0.8 ms]
      [Choose CSet: 0.0 ms]
      [Ref Proc: 0.1 ms]
      [Ref Enq: 0.0 ms]
      [Free CSet: 0.7 ms]
   [Eden: 1014.0M(1014.0M)->0.0B(1016.0M) Survivors: 99.0M->96.0M Heap: 1574.0M(1887.0M)->556.5M(1887.0M)]
 [Times: user=0.40 sys=0.00, real=0.05 secs] 
134.558: Total time for which application threads were stopped: 0.0522220 seconds, Stopping threads took: 0.0000410 seconds
135.054: Application time: 0.4954450 seconds
135.054: [GC pause (young), 0.0497220 secs]
   [Parallel Time: 48.2 ms, GC Workers: 8]
      [GC Worker Start (ms): Min: 135053.7, Avg: 135053.8, Max: 135053.8, Diff: 0.1]
      [Ext Root Scanning (ms): Min: 0.6, Avg: 0.7, Max: 0.7, Diff: 0.1, Sum: 5.3]
      [Update RS (ms): Min: 0.0, Avg: 0.0, Max: 0.0, Diff: 0.0, Sum: 0.1]
         [Processed Buffers: Min: 0, Avg: 0.9, Max: 4, Diff: 4, Sum: 7]
      [Scan RS (ms): Min: 0.4, Avg: 0.4, Max: 0.4, Diff: 0.1, Sum: 3.3]
      [Code Root Scanning (ms): Min: 0.0, Avg: 0.0, Max: 0.0, Diff: 0.0, Sum: 0.1]
      [Object Copy (ms): Min: 46.9, Avg: 47.0, Max: 47.0, Diff: 0.1, Sum: 375.6]
      [Termination (ms): Min: 0.0, Avg: 0.0, Max: 0.0, Diff: 0.0, Sum: 0.0]
      [GC Worker Other (ms): Min: 0.0, Avg: 0.0, Max: 0.1, Diff: 0.0, Sum: 0.4]
      [GC Worker Total (ms): Min: 48.1, Avg: 48.1, Max: 48.1, Diff: 0.1, Sum: 384.8]
      [GC Worker End (ms): Min: 135101.8, Avg: 135101.9, Max: 135101.9, Diff: 0.0]
   [Code Root Fixup: 0.1 ms]
   [Code Root Migration: 0.1 ms]
   [Clear CT: 0.5 ms]
   [Other: 0.9 ms]
      [Choose CSet: 0.0 ms]
      [Ref Proc: 0.1 ms]
      [Ref Enq: 0.0 ms]
      [Free CSet: 0.7 ms]
   [Eden: 1016.0M(1016.0M)->0.0B(1022.0M) Survivors: 96.0M->91.0M Heap: 1572.5M(1887.0M)->551.5M(1887.0M)]
 [Times: user=0.39 sys=0.00, real=0.04 secs] 
135.104: Total time for which application threads were stopped: 0.0499440 seconds, Stopping threads took: 0.0000920 seconds
135.604: Application time: 0.5009530 seconds
135.605: [GC pause (young), 0.0524640 secs]
   [Parallel Time: 50.9 ms, GC Workers: 8]
      [GC Worker Start (ms): Min: 135604.6, Avg: 135604.6, Max: 135604.7, Diff: 0.0]
      [Ext Root Scanning (ms): Min: 0.6, Avg: 0.6, Max: 0.7, Diff: 0.1, Sum: 5.1]
      [Update RS (ms): Min: 0.0, Avg: 0.0, Max: 0.0, Diff: 0.0, Sum: 0.1]
         [Processed Buffers: Min: 0, Avg: 0.9, Max: 3, Diff: 3, Sum: 7]
      [Scan RS (ms): Min: 0.4, Avg: 0.4, Max: 0.5, Diff: 0.1, Sum: 3.5]
      [Code Root Scanning (ms): Min: 0.0, Avg: 0.0, Max: 0.0, Diff: 0.0, Sum: 0.1]
      [Object Copy (ms): Min: 49.7, Avg: 49.7, Max: 49.7, Diff: 0.0, Sum: 397.8]
      [Termination (ms): Min: 0.0, Avg: 0.0, Max: 0.0, Diff: 0.0, Sum: 0.0]
      [GC Worker Other (ms): Min: 0.0, Avg: 0.1, Max: 0.1, Diff: 0.0, Sum: 0.4]
      [GC Worker Total (ms): Min: 50.8, Avg: 50.9, Max: 50.9, Diff: 0.1, Sum: 406.9]
      [GC Worker End (ms): Min: 135655.5, Avg: 135655.5, Max: 135655.5, Diff: 0.0]
   [Code Root Fixup: 0.1 ms]
   [Code Root Migration: 0.1 ms]
   [Clear CT: 0.4 ms]
   [Other: 0.8 ms]
      [Choose CSet: 0.0 ms]
      [Ref Proc: 0.1 ms]
      [Ref Enq: 0.0 ms]
      [Free CSet: 0.7 ms]
   [Eden: 1022.0M(1022.0M)->0.0B(1018.0M) Survivors: 91.0M->95.0M Heap: 1573.5M(1887.0M)->555.5M(1887.0M)]
 [Times: user=0.41 sys=0.00, real=0.06 secs] 
135.657: Total time for which application threads were stopped: 0.0526710 seconds, Stopping threads took: 0.0000710 seconds
136.167: Application time: 0.5095230 seconds
136.167: [GC pause (young), 0.0466000 secs]
   [Parallel Time: 45.0 ms, GC Workers: 8]
      [GC Worker Start (ms): Min: 136166.8, Avg: 136166.8, Max: 136166.8, Diff: 0.1]
      [Ext Root Scanning (ms): Min: 0.6, Avg: 0.7, Max: 0.7, Diff: 0.1, Sum: 5.3]
      [Update RS (ms): Min: 0.0, Avg: 0.0, Max: 0.1, Diff: 0.1, Sum: 0.1]
         [Processed Buffers: Min: 0, Avg: 0.9, Max: 2, Diff: 2, Sum: 7]
      [Scan RS (ms): Min: 0.4, Avg: 0.4, Max: 0.4, Diff: 0.1, Sum: 3.3]
      [Code Root Scanning (ms): Min: 0.0, Avg: 0.0, Max: 0.0, Diff: 0.0, Sum: 0.1]
      [Object Copy (ms): Min: 43.7, Avg: 43.8, Max: 43.8, Diff: 0.0, Sum: 350.1]
      [Termination (ms): Min: 0.0, Avg: 0.0, Max: 0.0, Diff: 0.0, Sum: 0.0]
      [GC Worker Other (ms): Min: 0.0, Avg: 0.1, Max: 0.1, Diff: 0.0, Sum: 0.5]
      [GC Worker Total (ms): Min: 44.9, Avg: 44.9, Max: 45.0, Diff: 0.1, Sum: 359.4]
      [GC Worker End (ms): Min: 136211.7, Avg: 136211.7, Max: 136211.8, Diff: 0.0]
   [Code Root Fixup: 0.1 ms]
   [Code Root Migration: 0.1 ms]
   [Clear CT: 0.5 ms]
   [Other: 0.9 ms]
      [Choose CSet: 0.0 ms]
      [Ref Proc: 0.1 ms]
      [Ref Enq: 0.0 ms]
      [Free CSet: 0.7 ms]
   [Eden: 1018.0M(1018.0M)->0.0B(1034.0M) Survivors: 95.0M->82.0M Heap: 1573.5M(1887.0M)->543.0M(1887.0M)]
 [Times: user=0.36 sys=0.00, real=0.04 secs] 
136.213: Total time for which application threads were stopped: 0.0467740 seconds, Stopping threads took: 0.0000480 seconds
136.718: Application time: 0.5048500 seconds
136.718: [GC pause (young), 0.0411300 secs]
   [Parallel Time: 39.5 ms, GC Workers: 8]
      [GC Worker Start (ms): Min: 136718.4, Avg: 136718.4, Max: 136718.5, Diff: 0.1]
      [Ext Root Scanning (ms): Min: 0.6, Avg: 0.7, Max: 0.7, Diff: 0.1, Sum: 5.3]
      [Update RS (ms): Min: 0.0, Avg: 0.0, Max: 0.0, Diff: 0.0, Sum: 0.1]
         [Processed Buffers: Min: 0, Avg: 0.9, Max: 2, Diff: 2, Sum: 7]
      [Scan RS (ms): Min: 0.4, Avg: 0.4, Max: 0.5, Diff: 0.1, Sum: 3.4]
      [Code Root Scanning (ms): Min: 0.0, Avg: 0.0, Max: 0.0, Diff: 0.0, Sum: 0.1]
      [Object Copy (ms): Min: 38.2, Avg: 38.3, Max: 38.3, Diff: 0.1, Sum: 306.1]
      [Termination (ms): Min: 0.0, Avg: 0.0, Max: 0.0, Diff: 0.0, Sum: 0.0]
      [GC Worker Other (ms): Min: 0.0, Avg: 0.1, Max: 0.1, Diff: 0.0, Sum: 0.4]
      [GC Worker Total (ms): Min: 39.4, Avg: 39.4, Max: 39.5, Diff: 0.1, Sum: 315.4]
      [GC Worker End (ms): Min: 136757.8, Avg: 136757.9, Max: 136757.9, Diff: 0.0]
   [Code Root Fixup: 0.1 ms]
   [Code Root Migration: 0.1 ms]
   [Clear CT: 0.5 ms]
   [Other: 0.9 ms]
      [Choose CSet: 0.0 ms]
      [Ref Proc: 0.1 ms]
      [Ref Enq: 0.0 ms]
      [Free CSet: 0.7 ms]
   [Eden: 1034.0M(1034.0M)->0.0B(1045.0M) Survivors: 82.0M->76.0M Heap: 1577.0M(1887.0M)->536.5M(1887.0M)]
 [Times: user=0.32 sys=0.00, real=0.04 secs] 
136.760: Total time for which application threads were stopped: 0.0413050 seconds, Stopping threads took: 0.0000370 seconds
137.266: Application time: 0.5064770 seconds
137.266: [GC pause (young), 0.0436700 secs]
   [Parallel Time: 42.1 ms, GC Workers: 8]
      [GC Worker Start (ms): Min: 137266.2, Avg: 137266.7, Max: 137269.6, Diff: 3.3]
      [Ext Root Scanning (ms): Min: 0.0, Avg: 0.6, Max: 0.8, Diff: 0.8, Sum: 4.8]
      [Update RS (ms): Min: 0.0, Avg: 0.0, Max: 0.0, Diff: 0.0, Sum: 0.1]
         [Processed Buffers: Min: 0, Avg: 1.0, Max: 4, Diff: 4, Sum: 8]
      [Scan RS (ms): Min: 0.1, Avg: 0.4, Max: 0.5, Diff: 0.4, Sum: 3.3]
      [Code Root Scanning (ms): Min: 0.0, Avg: 0.0, Max: 0.0, Diff: 0.0, Sum: 0.1]
      [Object Copy (ms): Min: 38.5, Avg: 40.5, Max: 40.9, Diff: 2.3, Sum: 324.3]
      [Termination (ms): Min: 0.0, Avg: 0.0, Max: 0.0, Diff: 0.0, Sum: 0.0]
      [GC Worker Other (ms): Min: 0.0, Avg: 0.1, Max: 0.1, Diff: 0.0, Sum: 0.5]
      [GC Worker Total (ms): Min: 38.8, Avg: 41.6, Max: 42.1, Diff: 3.3, Sum: 333.2]
      [GC Worker End (ms): Min: 137308.3, Avg: 137308.3, Max: 137308.3, Diff: 0.0]
   [Code Root Fixup: 0.1 ms]
   [Code Root Migration: 0.1 ms]
   [Clear CT: 0.4 ms]
   [Other: 0.8 ms]
      [Choose CSet: 0.0 ms]
      [Ref Proc: 0.1 ms]
      [Ref Enq: 0.0 ms]
      [Free CSet: 0.7 ms]
   [Eden: 1045.0M(1045.0M)->0.0B(1040.0M) Survivors: 76.0M->82.0M Heap: 1581.5M(1887.0M)->543.0M(1887.0M)]
 [Times: user=0.34 sys=0.00, real=0.04 secs] 
137.310: Total time for which application threads were stopped: 0.0438750 seconds, Stopping threads took: 0.0000720 seconds
137.809: Application time: 0.4995130 seconds
137.810: [GC pause (young), 0.0474890 secs]
   [Parallel Time: 45.8 ms, GC Workers: 8]
      [GC Worker Start (ms): Min: 137809.6, Avg: 137809.6, Max: 137809.7, Diff: 0.1]
      [Ext Root Scanning (ms): Min: 0.6, Avg: 0.7, Max: 0.7, Diff: 0.1, Sum: 5.3]
      [Update RS (ms): Min: 0.0, Avg: 0.0, Max: 0.0, Diff: 0.0, Sum: 0.1]
         [Processed Buffers: Min: 0, Avg: 0.9, Max: 2, Diff: 2, Sum: 7]
      [Scan RS (ms): Min: 0.4, Avg: 0.4, Max: 0.5, Diff: 0.1, Sum: 3.4]
      [Code Root Scanning (ms): Min: 0.0, Avg: 0.0, Max: 0.0, Diff: 0.0, Sum: 0.1]
      [Object Copy (ms): Min: 44.5, Avg: 44.6, Max: 44.6, Diff: 0.0, Sum: 356.4]
      [Termination (ms): Min: 0.0, Avg: 0.0, Max: 0.0, Diff: 0.0, Sum: 0.0]
      [GC Worker Other (ms): Min: 0.0, Avg: 0.1, Max: 0.1, Diff: 0.0, Sum: 0.5]
      [GC Worker Total (ms): Min: 45.7, Avg: 45.7, Max: 45.8, Diff: 0.1, Sum: 365.8]
      [GC Worker End (ms): Min: 137855.3, Avg: 137855.3, Max: 137855.4, Diff: 0.0]
   [Code Root Fixup: 0.1 ms]
   [Code Root Migration: 0.1 ms]
   [Clear CT: 0.5 ms]
   [Other: 0.9 ms]
      [Choose CSet: 0.0 ms]
      [Ref Proc: 0.1 ms]
      [Ref Enq: 0.0 ms]
      [Free CSet: 0.7 ms]
   [Eden: 1040.0M(1040.0M)->0.0B(1030.0M) Survivors: 82.0M->91.0M Heap: 1583.0M(1887.0M)->551.5M(1887.0M)]
 [Times: user=0.37 sys=0.00, real=0.05 secs] 
137.857: Total time for which application threads were stopped: 0.0476600 seconds, Stopping threads took: 0.0000350 seconds
138.327: Application time: 0.4696220 seconds
138.327: Total time for which application threads were stopped: 0.0001250 seconds, Stopping threads took: 0.0000910 seconds
138.363: Application time: 0.0363940 seconds
138.363: [GC pause (young), 0.0577800 secs]
   [Parallel Time: 56.2 ms, GC Workers: 8]
      [GC Worker Start (ms): Min: 138363.4, Avg: 138363.4, Max: 138363.4, Diff: 0.1]
      [Ext Root Scanning (ms): Min: 0.6, Avg: 0.7, Max: 0.8, Diff: 0.2, Sum: 5.5]
      [Update RS (ms): Min: 0.0, Avg: 0.0, Max: 0.1, Diff: 0.1, Sum: 0.1]
         [Processed Buffers: Min: 0, Avg: 1.1, Max: 3, Diff: 3, Sum: 9]
      [Scan RS (ms): Min: 0.4, Avg: 0.4, Max: 0.5, Diff: 0.1, Sum: 3.5]
      [Code Root Scanning (ms): Min: 0.0, Avg: 0.0, Max: 0.0, Diff: 0.0, Sum: 0.1]
      [Object Copy (ms): Min: 54.9, Avg: 54.9, Max: 54.9, Diff: 0.0, Sum: 439.0]
      [Termination (ms): Min: 0.0, Avg: 0.0, Max: 0.0, Diff: 0.0, Sum: 0.0]
      [GC Worker Other (ms): Min: 0.0, Avg: 0.1, Max: 0.1, Diff: 0.1, Sum: 0.4]
      [GC Worker Total (ms): Min: 56.0, Avg: 56.1, Max: 56.1, Diff: 0.1, Sum: 448.6]
      [GC Worker End (ms): Min: 138419.4, Avg: 138419.5, Max: 138419.5, Diff: 0.1]
   [Code Root Fixup: 0.1 ms]
   [Code Root Migration: 0.1 ms]
   [Clear CT: 0.5 ms]
   [Other: 0.9 ms]
      [Choose CSet: 0.0 ms]
      [Ref Proc: 0.1 ms]
      [Ref Enq: 0.0 ms]
      [Free CSet: 0.7 ms]
   [Eden: 1030.0M(1030.0M)->0.0B(1013.0M) Survivors: 91.0M->103.0M Heap: 1581.5M(1887.0M)->563.8M(1887.0M)]
 [Times: user=0.46 sys=0.00, real=0.06 secs] 
138.421: Total time for which application threads were stopped: 0.0579210 seconds, Stopping threads took: 0.0000170 seconds
138.492: Application time: 0.0711140 seconds
138.494: Total time for which application threads were stopped: 0.0013040 seconds, Stopping threads took: 0.0012840 seconds
138.509: Application time: 0.0158720 seconds
138.510: Total time for which application threads were stopped: 0.0000980 seconds, Stopping threads took: 0.0000770 seconds
138.544: Application time: 0.0343550 seconds
138.544: Total time for which application threads were stopped: 0.0000980 seconds, Stopping threads took: 0.0000770 seconds
138.621: Application time: 0.0764640 seconds
138.621: Total time for which application threads were stopped: 0.0000560 seconds, Stopping threads took: 0.0000350 seconds
138.694: Application time: 0.0737910 seconds
138.694: Total time for which application threads were stopped: 0.0001230 seconds, Stopping threads took: 0.0001030 seconds
139.006: Application time: 0.3112570 seconds
139.006: [GC pause (young), 0.0757840 secs]
   [Parallel Time: 74.1 ms, GC Workers: 8]
      [GC Worker Start (ms): Min: 139005.9, Avg: 139006.0, Max: 139006.0, Diff: 0.1]
      [Ext Root Scanning (ms): Min: 0.6, Avg: 0.6, Max: 0.7, Diff: 0.1, Sum: 5.0]
      [Update RS (ms): Min: 0.0, Avg: 0.1, Max: 0.5, Diff: 0.5, Sum: 0.6]
         [Processed Buffers: Min: 0, Avg: 1.1, Max: 3, Diff: 3, Sum: 9]
      [Scan RS (ms): Min: 0.0, Avg: 0.4, Max: 0.5, Diff: 0.4, Sum: 3.1]
      [Code Root Scanning (ms): Min: 0.0, Avg: 0.0, Max: 0.0, Diff: 0.0, Sum: 0.1]
      [Object Copy (ms): Min: 72.8, Avg: 72.9, Max: 72.9, Diff: 0.0, Sum: 583.0]
      [Termination (ms): Min: 0.0, Avg: 0.0, Max: 0.0, Diff: 0.0, Sum: 0.0]
      [GC Worker Other (ms): Min: 0.0, Avg: 0.1, Max: 0.1, Diff: 0.0, Sum: 0.4]
      [GC Worker Total (ms): Min: 74.0, Avg: 74.0, Max: 74.1, Diff: 0.1, Sum: 592.1]
      [GC Worker End (ms): Min: 139079.9, Avg: 139080.0, Max: 139080.0, Diff: 0.0]
   [Code Root Fixup: 0.1 ms]
   [Code Root Migration: 0.1 ms]
   [Clear CT: 0.5 ms]
   [Other: 1.0 ms]
      [Choose CSet: 0.0 ms]
      [Ref Proc: 0.1 ms]
      [Ref Enq: 0.0 ms]
      [Free CSet: 0.7 ms]
   [Eden: 1013.0M(1013.0M)->0.0B(971.0M) Survivors: 103.0M->101.0M Heap: 1576.8M(1887.0M)->596.3M(1887.0M)]
 [Times: user=0.60 sys=0.00, real=0.07 secs] 
139.082: Total time for which application threads were stopped: 0.0759970 seconds, Stopping threads took: 0.0000860 seconds
139.211: Application time: 0.1297240 seconds
139.212: Total time for which application threads were stopped: 0.0001270 seconds, Stopping threads took: 0.0001030 seconds
139.215: Application time: 0.0034660 seconds
139.215: Total time for which application threads were stopped: 0.0001220 seconds, Stopping threads took: 0.0001000 seconds
139.573: Application time: 0.3577630 seconds
139.573: [GC pause (young), 0.0652620 secs]
   [Parallel Time: 63.6 ms, GC Workers: 8]
      [GC Worker Start (ms): Min: 139573.1, Avg: 139573.1, Max: 139573.1, Diff: 0.1]
      [Ext Root Scanning (ms): Min: 0.6, Avg: 0.6, Max: 0.7, Diff: 0.1, Sum: 5.2]
      [Update RS (ms): Min: 6.8, Avg: 6.9, Max: 7.0, Diff: 0.2, Sum: 55.4]
         [Processed Buffers: Min: 10, Avg: 16.0, Max: 20, Diff: 10, Sum: 128]
      [Scan RS (ms): Min: 1.5, Avg: 1.5, Max: 1.6, Diff: 0.1, Sum: 12.2]
      [Code Root Scanning (ms): Min: 0.0, Avg: 0.0, Max: 0.0, Diff: 0.0, Sum: 0.0]
      [Object Copy (ms): Min: 54.3, Avg: 54.4, Max: 54.4, Diff: 0.1, Sum: 435.1]
      [Termination (ms): Min: 0.0, Avg: 0.0, Max: 0.0, Diff: 0.0, Sum: 0.0]
      [GC Worker Other (ms): Min: 0.0, Avg: 0.1, Max: 0.1, Diff: 0.0, Sum: 0.4]
      [GC Worker Total (ms): Min: 63.5, Avg: 63.5, Max: 63.6, Diff: 0.1, Sum: 508.3]
      [GC Worker End (ms): Min: 139636.6, Avg: 139636.6, Max: 139636.7, Diff: 0.0]
   [Code Root Fixup: 0.1 ms]
   [Code Root Migration: 0.1 ms]
   [Clear CT: 0.4 ms]
   [Other: 1.0 ms]
      [Choose CSet: 0.0 ms]
      [Ref Proc: 0.1 ms]
      [Ref Enq: 0.0 ms]
      [Free CSet: 0.7 ms]
   [Eden: 971.0M(971.0M)->0.0B(971.0M) Survivors: 101.0M->91.0M Heap: 1567.3M(1887.0M)->597.0M(1887.0M)]
 [Times: user=0.51 sys=0.00, real=0.07 secs] 
139.638: Total time for which application threads were stopped: 0.0654310 seconds, Stopping threads took: 0.0000350 seconds
140.121: Application time: 0.4826020 seconds
140.121: [GC pause (young), 0.0564750 secs]
   [Parallel Time: 55.0 ms, GC Workers: 8]
      [GC Worker Start (ms): Min: 140121.1, Avg: 140121.2, Max: 140121.2, Diff: 0.1]
      [Ext Root Scanning (ms): Min: 0.6, Avg: 0.7, Max: 0.7, Diff: 0.1, Sum: 5.3]
      [Update RS (ms): Min: 6.5, Avg: 6.7, Max: 6.9, Diff: 0.3, Sum: 53.3]
         [Processed Buffers: Min: 15, Avg: 16.1, Max: 17, Diff: 2, Sum: 129]
      [Scan RS (ms): Min: 0.2, Avg: 0.3, Max: 0.4, Diff: 0.2, Sum: 2.6]
      [Code Root Scanning (ms): Min: 0.0, Avg: 0.0, Max: 0.0, Diff: 0.0, Sum: 0.0]
      [Object Copy (ms): Min: 47.1, Avg: 47.2, Max: 47.2, Diff: 0.1, Sum: 377.5]
      [Termination (ms): Min: 0.0, Avg: 0.0, Max: 0.0, Diff: 0.0, Sum: 0.0]
      [GC Worker Other (ms): Min: 0.0, Avg: 0.1, Max: 0.1, Diff: 0.0, Sum: 0.5]
      [GC Worker Total (ms): Min: 54.9, Avg: 54.9, Max: 55.0, Diff: 0.1, Sum: 439.3]
      [GC Worker End (ms): Min: 140176.1, Avg: 140176.1, Max: 140176.1, Diff: 0.0]
   [Code Root Fixup: 0.1 ms]
   [Code Root Migration: 0.1 ms]
   [Clear CT: 0.4 ms]
   [Other: 0.8 ms]
      [Choose CSet: 0.0 ms]
      [Ref Proc: 0.1 ms]
      [Ref Enq: 0.0 ms]
      [Free CSet: 0.7 ms]
   [Eden: 971.0M(971.0M)->0.0B(977.0M) Survivors: 91.0M->85.0M Heap: 1568.0M(1887.0M)->594.5M(1887.0M)]
 [Times: user=0.44 sys=0.01, real=0.06 secs] 
140.178: Total time for which application threads were stopped: 0.0566570 seconds, Stopping threads took: 0.0000580 seconds
140.666: Application time: 0.4879420 seconds
140.666: [GC pause (young), 0.0463070 secs]
   [Parallel Time: 44.8 ms, GC Workers: 8]
      [GC Worker Start (ms): Min: 140665.7, Avg: 140665.8, Max: 140665.8, Diff: 0.1]
      [Ext Root Scanning (ms): Min: 0.6, Avg: 0.7, Max: 0.7, Diff: 0.1, Sum: 5.3]
      [Update RS (ms): Min: 0.0, Avg: 0.0, Max: 0.1, Diff: 0.1, Sum: 0.3]
         [Processed Buffers: Min: 0, Avg: 1.5, Max: 4, Diff: 4, Sum: 12]
      [Scan RS (ms): Min: 0.3, Avg: 0.4, Max: 0.5, Diff: 0.1, Sum: 3.3]
      [Code Root Scanning (ms): Min: 0.0, Avg: 0.0, Max: 0.0, Diff: 0.0, Sum: 0.1]
      [Object Copy (ms): Min: 43.5, Avg: 43.5, Max: 43.6, Diff: 0.1, Sum: 348.2]
      [Termination (ms): Min: 0.0, Avg: 0.0, Max: 0.0, Diff: 0.0, Sum: 0.0]
      [GC Worker Other (ms): Min: 0.0, Avg: 0.1, Max: 0.1, Diff: 0.1, Sum: 0.5]
      [GC Worker Total (ms): Min: 44.6, Avg: 44.7, Max: 44.7, Diff: 0.1, Sum: 357.6]
      [GC Worker End (ms): Min: 140710.4, Avg: 140710.5, Max: 140710.5, Diff: 0.1]
   [Code Root Fixup: 0.1 ms]
   [Code Root Migration: 0.1 ms]
   [Clear CT: 0.4 ms]
   [Other: 0.9 ms]
      [Choose CSet: 0.0 ms]
      [Ref Proc: 0.1 ms]
      [Ref Enq: 0.0 ms]
      [Free CSet: 0.6 ms]
   [Eden: 977.0M(977.0M)->0.0B(984.0M) Survivors: 85.0M->80.0M Heap: 1571.5M(1887.0M)->590.3M(1887.0M)]
 [Times: user=0.36 sys=0.00, real=0.04 secs] 
140.712: Total time for which application threads were stopped: 0.0464910 seconds, Stopping threads took: 0.0000560 seconds
141.207: Application time: 0.4952270 seconds
141.207: [GC pause (young), 0.0363310 secs]
   [Parallel Time: 34.9 ms, GC Workers: 8]
      [GC Worker Start (ms): Min: 141207.5, Avg: 141207.5, Max: 141207.5, Diff: 0.1]
      [Ext Root Scanning (ms): Min: 0.6, Avg: 0.6, Max: 0.7, Diff: 0.1, Sum: 5.1]
      [Update RS (ms): Min: 0.0, Avg: 0.0, Max: 0.1, Diff: 0.1, Sum: 0.2]
         [Processed Buffers: Min: 0, Avg: 1.0, Max: 2, Diff: 2, Sum: 8]
      [Scan RS (ms): Min: 0.4, Avg: 0.4, Max: 0.5, Diff: 0.1, Sum: 3.4]
      [Code Root Scanning (ms): Min: 0.0, Avg: 0.0, Max: 0.0, Diff: 0.0, Sum: 0.1]
      [Object Copy (ms): Min: 33.7, Avg: 33.7, Max: 33.8, Diff: 0.1, Sum: 269.6]
      [Termination (ms): Min: 0.0, Avg: 0.0, Max: 0.0, Diff: 0.0, Sum: 0.0]
      [GC Worker Other (ms): Min: 0.0, Avg: 0.1, Max: 0.1, Diff: 0.1, Sum: 0.4]
      [GC Worker Total (ms): Min: 34.8, Avg: 34.9, Max: 34.9, Diff: 0.1, Sum: 278.9]
      [GC Worker End (ms): Min: 141242.4, Avg: 141242.4, Max: 141242.4, Diff: 0.1]
   [Code Root Fixup: 0.1 ms]
   [Code Root Migration: 0.1 ms]
   [Clear CT: 0.4 ms]
   [Other: 0.8 ms]
      [Choose CSet: 0.0 ms]
      [Ref Proc: 0.1 ms]
      [Ref Enq: 0.0 ms]
      [Free CSet: 0.7 ms]
   [Eden: 984.0M(984.0M)->0.0B(1011.0M) Survivors: 80.0M->61.0M Heap: 1574.3M(1887.0M)->572.4M(1887.0M)]
 [Times: user=0.28 sys=0.00, real=0.03 secs] 
141.244: Total time for which application threads were stopped: 0.0365620 seconds, Stopping threads took: 0.0000490 seconds
141.737: Application time: 0.4935510 seconds
141.738: [GC pause (young), 0.0217310 secs]
   [Parallel Time: 20.3 ms, GC Workers: 8]
      [GC Worker Start (ms): Min: 141737.6, Avg: 141738.6, Max: 141741.6, Diff: 4.0]
      [Ext Root Scanning (ms): Min: 0.0, Avg: 0.5, Max: 0.8, Diff: 0.8, Sum: 4.4]
      [Update RS (ms): Min: 0.0, Avg: 0.0, Max: 0.1, Diff: 0.1, Sum: 0.2]
         [Processed Buffers: Min: 0, Avg: 1.0, Max: 4, Diff: 4, Sum: 8]
      [Scan RS (ms): Min: 0.1, Avg: 0.4, Max: 0.5, Diff: 0.4, Sum: 3.0]
      [Code Root Scanning (ms): Min: 0.0, Avg: 0.0, Max: 0.0, Diff: 0.0, Sum: 0.1]
      [Object Copy (ms): Min: 16.0, Avg: 18.2, Max: 19.0, Diff: 3.0, Sum: 145.5]
      [Termination (ms): Min: 0.0, Avg: 0.0, Max: 0.0, Diff: 0.0, Sum: 0.0]
      [GC Worker Other (ms): Min: 0.0, Avg: 0.1, Max: 0.1, Diff: 0.1, Sum: 0.5]
      [GC Worker Total (ms): Min: 16.2, Avg: 19.2, Max: 20.2, Diff: 4.1, Sum: 153.6]
      [GC Worker End (ms): Min: 141757.8, Avg: 141757.8, Max: 141757.8, Diff: 0.1]
   [Code Root Fixup: 0.1 ms]
   [Code Root Migration: 0.1 ms]
   [Clear CT: 0.4 ms]
   [Other: 0.8 ms]
      [Choose CSet: 0.0 ms]
      [Ref Proc: 0.1 ms]
      [Ref Enq: 0.0 ms]
      [Free CSet: 0.7 ms]
   [Eden: 1011.0M(1011.0M)->0.0B(1043.0M) Survivors: 61.0M->41.0M Heap: 1583.4M(1887.0M)->552.4M(1887.0M)]
 [Times: user=0.16 sys=0.00, real=0.02 secs] 
141.759: Total time for which application threads were stopped: 0.0219120 seconds, Stopping threads took: 0.0000390 seconds
142.253: Application time: 0.4935530 seconds
142.253: [GC pause (young), 0.0391020 secs]
   [Parallel Time: 37.5 ms, GC Workers: 8]
      [GC Worker Start (ms): Min: 142253.0, Avg: 142253.0, Max: 142253.1, Diff: 0.1]
      [Ext Root Scanning (ms): Min: 0.6, Avg: 0.7, Max: 0.7, Diff: 0.1, Sum: 5.6]
      [Update RS (ms): Min: 0.0, Avg: 0.0, Max: 0.1, Diff: 0.1, Sum: 0.3]
         [Processed Buffers: Min: 0, Avg: 1.0, Max: 2, Diff: 2, Sum: 8]
      [Scan RS (ms): Min: 0.4, Avg: 0.4, Max: 0.5, Diff: 0.1, Sum: 3.6]
      [Code Root Scanning (ms): Min: 0.0, Avg: 0.0, Max: 0.0, Diff: 0.0, Sum: 0.1]
      [Object Copy (ms): Min: 36.1, Avg: 36.2, Max: 36.3, Diff: 0.2, Sum: 289.2]
      [Termination (ms): Min: 0.0, Avg: 0.0, Max: 0.0, Diff: 0.0, Sum: 0.0]
      [GC Worker Other (ms): Min: 0.0, Avg: 0.1, Max: 0.1, Diff: 0.0, Sum: 0.4]
      [GC Worker Total (ms): Min: 37.3, Avg: 37.4, Max: 37.4, Diff: 0.1, Sum: 299.2]
      [GC Worker End (ms): Min: 142290.4, Avg: 142290.4, Max: 142290.5, Diff: 0.1]
   [Code Root Fixup: 0.1 ms]
   [Code Root Migration: 0.1 ms]
   [Clear CT: 0.5 ms]
   [Other: 0.9 ms]
      [Choose CSet: 0.0 ms]
      [Ref Proc: 0.2 ms]
      [Ref Enq: 0.0 ms]
      [Free CSet: 0.7 ms]
   [Eden: 1043.0M(1043.0M)->0.0B(1004.0M) Survivors: 41.0M->75.0M Heap: 1595.4M(1887.0M)->586.4M(1887.0M)]
 [Times: user=0.30 sys=0.00, real=0.04 secs] 
142.292: Total time for which application threads were stopped: 0.0392740 seconds, Stopping threads took: 0.0000310 seconds
142.784: Application time: 0.4916380 seconds
142.784: [GC pause (young), 0.0499530 secs]
   [Parallel Time: 48.5 ms, GC Workers: 8]
      [GC Worker Start (ms): Min: 142784.0, Avg: 142784.0, Max: 142784.0, Diff: 0.1]
      [Ext Root Scanning (ms): Min: 0.6, Avg: 0.6, Max: 0.7, Diff: 0.1, Sum: 5.2]
      [Update RS (ms): Min: 0.0, Avg: 0.0, Max: 0.1, Diff: 0.1, Sum: 0.2]
         [Processed Buffers: Min: 0, Avg: 1.0, Max: 3, Diff: 3, Sum: 8]
      [Scan RS (ms): Min: 0.4, Avg: 0.4, Max: 0.5, Diff: 0.1, Sum: 3.4]
      [Code Root Scanning (ms): Min: 0.0, Avg: 0.0, Max: 0.0, Diff: 0.0, Sum: 0.1]
      [Object Copy (ms): Min: 47.2, Avg: 47.2, Max: 47.3, Diff: 0.0, Sum: 378.0]
      [Termination (ms): Min: 0.0, Avg: 0.0, Max: 0.0, Diff: 0.0, Sum: 0.0]
      [GC Worker Other (ms): Min: 0.0, Avg: 0.1, Max: 0.1, Diff: 0.1, Sum: 0.6]
      [GC Worker Total (ms): Min: 48.4, Avg: 48.4, Max: 48.5, Diff: 0.1, Sum: 387.4]
      [GC Worker End (ms): Min: 142832.4, Avg: 142832.4, Max: 142832.4, Diff: 0.1]
   [Code Root Fixup: 0.1 ms]
   [Code Root Migration: 0.1 ms]
   [Clear CT: 0.4 ms]
   [Other: 0.8 ms]
      [Choose CSet: 0.0 ms]
      [Ref Proc: 0.1 ms]
      [Ref Enq: 0.0 ms]
      [Free CSet: 0.7 ms]
   [Eden: 1004.0M(1004.0M)->0.0B(976.0M) Survivors: 75.0M->94.0M Heap: 1590.4M(1887.0M)->604.9M(1887.0M)]
 [Times: user=0.39 sys=0.00, real=0.06 secs] 
142.834: Total time for which application threads were stopped: 0.0501400 seconds, Stopping threads took: 0.0000570 seconds
143.313: Application time: 0.4793230 seconds
143.313: [GC pause (young), 0.0553750 secs]
   [Parallel Time: 53.9 ms, GC Workers: 8]
      [GC Worker Start (ms): Min: 143313.4, Avg: 143313.5, Max: 143313.5, Diff: 0.1]
      [Ext Root Scanning (ms): Min: 0.6, Avg: 0.7, Max: 0.7, Diff: 0.1, Sum: 5.2]
      [Update RS (ms): Min: 0.0, Avg: 0.0, Max: 0.1, Diff: 0.1, Sum: 0.2]
         [Processed Buffers: Min: 0, Avg: 1.0, Max: 3, Diff: 3, Sum: 8]
      [Scan RS (ms): Min: 0.4, Avg: 0.4, Max: 0.5, Diff: 0.1, Sum: 3.4]
      [Code Root Scanning (ms): Min: 0.0, Avg: 0.0, Max: 0.0, Diff: 0.0, Sum: 0.1]
      [Object Copy (ms): Min: 52.6, Avg: 52.6, Max: 52.7, Diff: 0.0, Sum: 421.1]
      [Termination (ms): Min: 0.0, Avg: 0.0, Max: 0.0, Diff: 0.0, Sum: 0.0]
      [GC Worker Other (ms): Min: 0.0, Avg: 0.1, Max: 0.1, Diff: 0.1, Sum: 0.4]
      [GC Worker Total (ms): Min: 53.8, Avg: 53.8, Max: 53.9, Diff: 0.1, Sum: 430.5]
      [GC Worker End (ms): Min: 143367.2, Avg: 143367.3, Max: 143367.3, Diff: 0.1]
   [Code Root Fixup: 0.1 ms]
   [Code Root Migration: 0.1 ms]
   [Clear CT: 0.4 ms]
   [Other: 0.8 ms]
      [Choose CSet: 0.0 ms]
      [Ref Proc: 0.1 ms]
      [Ref Enq: 0.0 ms]
      [Free CSet: 0.7 ms]
   [Eden: 976.0M(976.0M)->0.0B(959.0M) Survivors: 94.0M->103.0M Heap: 1580.9M(1887.0M)->614.4M(1887.0M)]
 [Times: user=0.43 sys=0.00, real=0.06 secs] 
143.369: Total time for which application threads were stopped: 0.0555620 seconds, Stopping threads took: 0.0000580 seconds
143.844: Application time: 0.4747450 seconds
143.844: [GC pause (young), 0.0591130 secs]
   [Parallel Time: 57.5 ms, GC Workers: 8]
      [GC Worker Start (ms): Min: 143843.7, Avg: 143844.0, Max: 143845.6, Diff: 1.8]
      [Ext Root Scanning (ms): Min: 0.0, Avg: 0.6, Max: 0.8, Diff: 0.8, Sum: 4.6]
      [Update RS (ms): Min: 0.0, Avg: 0.1, Max: 0.8, Diff: 0.8, Sum: 1.2]
         [Processed Buffers: Min: 0, Avg: 1.1, Max: 4, Diff: 4, Sum: 9]
      [Scan RS (ms): Min: 0.0, Avg: 0.3, Max: 0.5, Diff: 0.4, Sum: 2.5]
      [Code Root Scanning (ms): Min: 0.0, Avg: 0.0, Max: 0.0, Diff: 0.0, Sum: 0.1]
      [Object Copy (ms): Min: 55.5, Avg: 56.1, Max: 56.2, Diff: 0.7, Sum: 448.6]
      [Termination (ms): Min: 0.0, Avg: 0.0, Max: 0.0, Diff: 0.0, Sum: 0.0]
      [GC Worker Other (ms): Min: 0.0, Avg: 0.1, Max: 0.1, Diff: 0.0, Sum: 0.6]
      [GC Worker Total (ms): Min: 55.6, Avg: 57.2, Max: 57.4, Diff: 1.8, Sum: 457.5]
      [GC Worker End (ms): Min: 143901.1, Avg: 143901.2, Max: 143901.2, Diff: 0.0]
   [Code Root Fixup: 0.1 ms]
   [Code Root Migration: 0.1 ms]
   [Clear CT: 0.5 ms]
   [Other: 0.9 ms]
      [Choose CSet: 0.0 ms]
      [Ref Proc: 0.1 ms]
      [Ref Enq: 0.0 ms]
      [Free CSet: 0.7 ms]
   [Eden: 959.0M(959.0M)->0.0B(947.0M) Survivors: 103.0M->106.0M Heap: 1573.4M(1887.0M)->622.4M(1887.0M)]
 [Times: user=0.46 sys=0.00, real=0.06 secs] 
143.903: Total time for which application threads were stopped: 0.0592890 seconds, Stopping threads took: 0.0000330 seconds
144.365: Application time: 0.4625010 seconds
144.365: [GC pause (young), 0.0593240 secs]
   [Parallel Time: 57.7 ms, GC Workers: 8]
      [GC Worker Start (ms): Min: 144365.5, Avg: 144365.6, Max: 144365.6, Diff: 0.1]
      [Ext Root Scanning (ms): Min: 0.6, Avg: 0.6, Max: 0.7, Diff: 0.1, Sum: 5.1]
      [Update RS (ms): Min: 1.9, Avg: 2.0, Max: 2.2, Diff: 0.4, Sum: 16.2]
         [Processed Buffers: Min: 5, Avg: 5.8, Max: 9, Diff: 4, Sum: 46]
      [Scan RS (ms): Min: 0.1, Avg: 0.3, Max: 0.4, Diff: 0.3, Sum: 2.2]
      [Code Root Scanning (ms): Min: 0.0, Avg: 0.0, Max: 0.0, Diff: 0.0, Sum: 0.1]
      [Object Copy (ms): Min: 54.6, Avg: 54.6, Max: 54.7, Diff: 0.0, Sum: 437.1]
      [Termination (ms): Min: 0.0, Avg: 0.0, Max: 0.0, Diff: 0.0, Sum: 0.0]
      [GC Worker Other (ms): Min: 0.0, Avg: 0.1, Max: 0.1, Diff: 0.0, Sum: 0.5]
      [GC Worker Total (ms): Min: 57.6, Avg: 57.6, Max: 57.7, Diff: 0.1, Sum: 461.1]
      [GC Worker End (ms): Min: 144423.2, Avg: 144423.2, Max: 144423.2, Diff: 0.0]
   [Code Root Fixup: 0.1 ms]
   [Code Root Migration: 0.1 ms]
   [Clear CT: 0.5 ms]
   [Other: 0.9 ms]
      [Choose CSet: 0.0 ms]
      [Ref Proc: 0.1 ms]
      [Ref Enq: 0.0 ms]
      [Free CSet: 0.7 ms]
   [Eden: 947.0M(947.0M)->0.0B(939.0M) Survivors: 106.0M->107.0M Heap: 1569.4M(1887.0M)->627.9M(1887.0M)]
 [Times: user=0.46 sys=0.00, real=0.06 secs] 
144.425: Total time for which application threads were stopped: 0.0595000 seconds, Stopping threads took: 0.0000470 seconds
144.885: Application time: 0.4604720 seconds
144.885: [GC pause (young), 0.0562650 secs]
   [Parallel Time: 54.8 ms, GC Workers: 8]
      [GC Worker Start (ms): Min: 144885.5, Avg: 144885.5, Max: 144885.6, Diff: 0.1]
      [Ext Root Scanning (ms): Min: 0.6, Avg: 0.7, Max: 0.7, Diff: 0.1, Sum: 5.4]
      [Update RS (ms): Min: 0.0, Avg: 0.2, Max: 0.5, Diff: 0.5, Sum: 1.3]
         [Processed Buffers: Min: 1, Avg: 1.5, Max: 5, Diff: 4, Sum: 12]
      [Scan RS (ms): Min: 0.0, Avg: 0.4, Max: 0.5, Diff: 0.4, Sum: 2.9]
      [Code Root Scanning (ms): Min: 0.0, Avg: 0.0, Max: 0.0, Diff: 0.0, Sum: 0.1]
      [Object Copy (ms): Min: 53.4, Avg: 53.4, Max: 53.5, Diff: 0.0, Sum: 427.5]
      [Termination (ms): Min: 0.0, Avg: 0.0, Max: 0.0, Diff: 0.0, Sum: 0.0]
      [GC Worker Other (ms): Min: 0.0, Avg: 0.1, Max: 0.1, Diff: 0.0, Sum: 0.5]
      [GC Worker Total (ms): Min: 54.7, Avg: 54.7, Max: 54.8, Diff: 0.1, Sum: 437.7]
      [GC Worker End (ms): Min: 144940.2, Avg: 144940.3, Max: 144940.3, Diff: 0.0]
   [Code Root Fixup: 0.1 ms]
   [Code Root Migration: 0.1 ms]
   [Clear CT: 0.4 ms]
   [Other: 0.8 ms]
      [Choose CSet: 0.0 ms]
      [Ref Proc: 0.1 ms]
      [Ref Enq: 0.0 ms]
      [Free CSet: 0.7 ms]
   [Eden: 939.0M(939.0M)->0.0B(942.0M) Survivors: 107.0M->103.0M Heap: 1566.9M(1887.0M)->623.5M(1887.0M)]
 [Times: user=0.44 sys=0.00, real=0.06 secs] 
144.942: Total time for which application threads were stopped: 0.0564470 seconds, Stopping threads took: 0.0000530 seconds
145.402: Application time: 0.4600330 seconds
145.402: [GC pause (young), 0.0543330 secs]
   [Parallel Time: 52.9 ms, GC Workers: 8]
      [GC Worker Start (ms): Min: 145402.0, Avg: 145402.0, Max: 145402.0, Diff: 0.1]
      [Ext Root Scanning (ms): Min: 0.6, Avg: 0.7, Max: 0.7, Diff: 0.1, Sum: 5.3]
      [Update RS (ms): Min: 0.0, Avg: 0.0, Max: 0.1, Diff: 0.1, Sum: 0.2]
         [Processed Buffers: Min: 0, Avg: 0.9, Max: 2, Diff: 2, Sum: 7]
      [Scan RS (ms): Min: 0.3, Avg: 0.4, Max: 0.5, Diff: 0.1, Sum: 3.3]
      [Code Root Scanning (ms): Min: 0.0, Avg: 0.0, Max: 0.0, Diff: 0.0, Sum: 0.1]
      [Object Copy (ms): Min: 51.6, Avg: 51.6, Max: 51.7, Diff: 0.0, Sum: 413.1]
      [Termination (ms): Min: 0.0, Avg: 0.0, Max: 0.0, Diff: 0.0, Sum: 0.0]
      [GC Worker Other (ms): Min: 0.0, Avg: 0.0, Max: 0.1, Diff: 0.0, Sum: 0.4]
      [GC Worker Total (ms): Min: 52.8, Avg: 52.8, Max: 52.8, Diff: 0.0, Sum: 422.4]
      [GC Worker End (ms): Min: 145454.8, Avg: 145454.8, Max: 145454.8, Diff: 0.0]
   [Code Root Fixup: 0.1 ms]
   [Code Root Migration: 0.1 ms]
   [Clear CT: 0.4 ms]
   [Other: 0.8 ms]
      [Choose CSet: 0.0 ms]
      [Ref Proc: 0.1 ms]
      [Ref Enq: 0.0 ms]
      [Free CSet: 0.6 ms]
   [Eden: 942.0M(942.0M)->0.0B(946.0M) Survivors: 103.0M->100.0M Heap: 1565.5M(1887.0M)->620.6M(1887.0M)]
 [Times: user=0.43 sys=0.00, real=0.06 secs] 
145.456: Total time for which application threads were stopped: 0.0545260 seconds, Stopping threads took: 0.0000640 seconds
145.918: Application time: 0.4616180 seconds
145.918: [GC pause (young), 0.0545290 secs]
   [Parallel Time: 53.1 ms, GC Workers: 8]
      [GC Worker Start (ms): Min: 145918.1, Avg: 145918.2, Max: 145918.2, Diff: 0.1]
      [Ext Root Scanning (ms): Min: 0.6, Avg: 0.7, Max: 0.7, Diff: 0.1, Sum: 5.2]
      [Update RS (ms): Min: 0.0, Avg: 0.0, Max: 0.1, Diff: 0.1, Sum: 0.2]
         [Processed Buffers: Min: 0, Avg: 0.9, Max: 4, Diff: 4, Sum: 7]
      [Scan RS (ms): Min: 0.3, Avg: 0.4, Max: 0.5, Diff: 0.1, Sum: 3.3]
      [Code Root Scanning (ms): Min: 0.0, Avg: 0.0, Max: 0.0, Diff: 0.0, Sum: 0.1]
      [Object Copy (ms): Min: 51.8, Avg: 51.9, Max: 51.9, Diff: 0.0, Sum: 414.8]
      [Termination (ms): Min: 0.0, Avg: 0.0, Max: 0.0, Diff: 0.0, Sum: 0.0]
      [GC Worker Other (ms): Min: 0.0, Avg: 0.0, Max: 0.1, Diff: 0.0, Sum: 0.4]
      [GC Worker Total (ms): Min: 53.0, Avg: 53.0, Max: 53.0, Diff: 0.1, Sum: 424.1]
      [GC Worker End (ms): Min: 145971.1, Avg: 145971.2, Max: 145971.2, Diff: 0.0]
   [Code Root Fixup: 0.1 ms]
   [Code Root Migration: 0.1 ms]
   [Clear CT: 0.4 ms]
   [Other: 0.8 ms]
      [Choose CSet: 0.0 ms]
      [Ref Proc: 0.1 ms]
      [Ref Enq: 0.0 ms]
      [Free CSet: 0.7 ms]
   [Eden: 946.0M(946.0M)->0.0B(948.0M) Survivors: 100.0M->98.0M Heap: 1566.6M(1887.0M)->618.6M(1887.0M)]
 [Times: user=0.43 sys=0.00, real=0.05 secs] 
145.973: Total time for which application threads were stopped: 0.0547000 seconds, Stopping threads took: 0.0000470 seconds
146.437: Application time: 0.4641820 seconds
146.437: [GC pause (young), 0.0547020 secs]
   [Parallel Time: 53.1 ms, GC Workers: 8]
      [GC Worker Start (ms): Min: 146437.0, Avg: 146437.1, Max: 146437.1, Diff: 0.1]
      [Ext Root Scanning (ms): Min: 0.6, Avg: 0.7, Max: 0.7, Diff: 0.1, Sum: 5.2]
      [Update RS (ms): Min: 0.0, Avg: 0.0, Max: 0.1, Diff: 0.1, Sum: 0.2]
         [Processed Buffers: Min: 0, Avg: 0.9, Max: 3, Diff: 3, Sum: 7]
      [Scan RS (ms): Min: 0.4, Avg: 0.4, Max: 0.4, Diff: 0.1, Sum: 3.3]
      [Code Root Scanning (ms): Min: 0.0, Avg: 0.0, Max: 0.0, Diff: 0.0, Sum: 0.0]
      [Object Copy (ms): Min: 51.9, Avg: 51.9, Max: 51.9, Diff: 0.0, Sum: 415.1]
      [Termination (ms): Min: 0.0, Avg: 0.0, Max: 0.0, Diff: 0.0, Sum: 0.0]
      [GC Worker Other (ms): Min: 0.0, Avg: 0.1, Max: 0.1, Diff: 0.1, Sum: 0.5]
      [GC Worker Total (ms): Min: 53.0, Avg: 53.0, Max: 53.1, Diff: 0.1, Sum: 424.4]
      [GC Worker End (ms): Min: 146490.1, Avg: 146490.1, Max: 146490.1, Diff: 0.1]
   [Code Root Fixup: 0.1 ms]
   [Code Root Migration: 0.1 ms]
   [Clear CT: 0.4 ms]
   [Other: 0.9 ms]
      [Choose CSet: 0.0 ms]
      [Ref Proc: 0.1 ms]
      [Ref Enq: 0.0 ms]
      [Free CSet: 0.6 ms]
   [Eden: 948.0M(948.0M)->0.0B(949.0M) Survivors: 98.0M->98.0M Heap: 1566.6M(1887.0M)->619.1M(1887.0M)]
 [Times: user=0.43 sys=0.00, real=0.05 secs] 
146.492: Total time for which application threads were stopped: 0.0549030 seconds, Stopping threads took: 0.0000730 seconds
146.960: Application time: 0.4679230 seconds
146.962: [GC pause (young), 0.0564750 secs]
   [Parallel Time: 54.9 ms, GC Workers: 8]
      [GC Worker Start (ms): Min: 146961.6, Avg: 146961.7, Max: 146961.7, Diff: 0.1]
      [Ext Root Scanning (ms): Min: 0.6, Avg: 0.6, Max: 0.7, Diff: 0.1, Sum: 5.1]
      [Update RS (ms): Min: 0.0, Avg: 0.0, Max: 0.1, Diff: 0.1, Sum: 0.2]
         [Processed Buffers: Min: 0, Avg: 0.9, Max: 4, Diff: 4, Sum: 7]
      [Scan RS (ms): Min: 0.4, Avg: 0.4, Max: 0.4, Diff: 0.1, Sum: 3.2]
      [Code Root Scanning (ms): Min: 0.0, Avg: 0.0, Max: 0.0, Diff: 0.0, Sum: 0.1]
      [Object Copy (ms): Min: 53.7, Avg: 53.7, Max: 53.8, Diff: 0.1, Sum: 429.8]
      [Termination (ms): Min: 0.0, Avg: 0.0, Max: 0.0, Diff: 0.0, Sum: 0.0]
      [GC Worker Other (ms): Min: 0.0, Avg: 0.1, Max: 0.1, Diff: 0.1, Sum: 0.5]
      [GC Worker Total (ms): Min: 54.8, Avg: 54.9, Max: 54.9, Diff: 0.0, Sum: 438.9]
      [GC Worker End (ms): Min: 147016.5, Avg: 147016.5, Max: 147016.6, Diff: 0.1]
   [Code Root Fixup: 0.1 ms]
   [Code Root Migration: 0.1 ms]
   [Clear CT: 0.4 ms]
   [Other: 0.9 ms]
      [Choose CSet: 0.0 ms]
      [Ref Proc: 0.1 ms]
      [Ref Enq: 0.0 ms]
      [Free CSet: 0.7 ms]
   [Eden: 949.0M(949.0M)->0.0B(946.0M) Survivors: 98.0M->101.0M Heap: 1568.1M(1887.0M)->621.6M(1887.0M)]
 [Times: user=0.44 sys=0.00, real=0.06 secs] 
147.018: Total time for which application threads were stopped: 0.0584640 seconds, Stopping threads took: 0.0018520 seconds
147.484: Application time: 0.4657740 seconds
147.484: [GC pause (young), 0.0544600 secs]
   [Parallel Time: 52.9 ms, GC Workers: 8]
      [GC Worker Start (ms): Min: 147484.1, Avg: 147484.1, Max: 147484.1, Diff: 0.1]
      [Ext Root Scanning (ms): Min: 0.6, Avg: 0.7, Max: 0.7, Diff: 0.1, Sum: 5.2]
      [Update RS (ms): Min: 0.0, Avg: 0.0, Max: 0.1, Diff: 0.1, Sum: 0.2]
         [Processed Buffers: Min: 0, Avg: 1.0, Max: 4, Diff: 4, Sum: 8]
      [Scan RS (ms): Min: 0.4, Avg: 0.4, Max: 0.4, Diff: 0.1, Sum: 3.3]
      [Code Root Scanning (ms): Min: 0.0, Avg: 0.0, Max: 0.0, Diff: 0.0, Sum: 0.1]
      [Object Copy (ms): Min: 51.6, Avg: 51.6, Max: 51.7, Diff: 0.0, Sum: 413.2]
      [Termination (ms): Min: 0.0, Avg: 0.0, Max: 0.0, Diff: 0.0, Sum: 0.0]
      [GC Worker Other (ms): Min: 0.0, Avg: 0.1, Max: 0.1, Diff: 0.1, Sum: 0.5]
      [GC Worker Total (ms): Min: 52.7, Avg: 52.8, Max: 52.8, Diff: 0.1, Sum: 422.4]
      [GC Worker End (ms): Min: 147536.9, Avg: 147536.9, Max: 147536.9, Diff: 0.1]
   [Code Root Fixup: 0.1 ms]
   [Code Root Migration: 0.1 ms]
   [Clear CT: 0.4 ms]
   [Other: 0.9 ms]
      [Choose CSet: 0.0 ms]
      [Ref Proc: 0.1 ms]
      [Ref Enq: 0.0 ms]
      [Free CSet: 0.7 ms]
   [Eden: 946.0M(946.0M)->0.0B(963.0M) Survivors: 101.0M->97.0M Heap: 1567.6M(1887.0M)->618.1M(1901.0M)]
 [Times: user=0.43 sys=0.00, real=0.06 secs] 
147.539: Total time for which application threads were stopped: 0.0546320 seconds, Stopping threads took: 0.0000480 seconds
148.017: Application time: 0.4783800 seconds
148.017: [GC pause (young), 0.0535890 secs]
   [Parallel Time: 52.0 ms, GC Workers: 8]
      [GC Worker Start (ms): Min: 148017.1, Avg: 148017.1, Max: 148017.2, Diff: 0.1]
      [Ext Root Scanning (ms): Min: 0.6, Avg: 0.7, Max: 0.7, Diff: 0.1, Sum: 5.3]
      [Update RS (ms): Min: 0.0, Avg: 0.0, Max: 0.1, Diff: 0.1, Sum: 0.2]
         [Processed Buffers: Min: 0, Avg: 1.0, Max: 5, Diff: 5, Sum: 8]
      [Scan RS (ms): Min: 0.4, Avg: 0.4, Max: 0.5, Diff: 0.1, Sum: 3.4]
      [Code Root Scanning (ms): Min: 0.0, Avg: 0.0, Max: 0.0, Diff: 0.0, Sum: 0.1]
      [Object Copy (ms): Min: 50.7, Avg: 50.7, Max: 50.7, Diff: 0.1, Sum: 405.6]
      [Termination (ms): Min: 0.0, Avg: 0.0, Max: 0.0, Diff: 0.0, Sum: 0.0]
      [GC Worker Other (ms): Min: 0.0, Avg: 0.1, Max: 0.1, Diff: 0.1, Sum: 0.7]
      [GC Worker Total (ms): Min: 51.8, Avg: 51.9, Max: 52.0, Diff: 0.1, Sum: 415.3]
      [GC Worker End (ms): Min: 148069.0, Avg: 148069.0, Max: 148069.1, Diff: 0.1]
   [Code Root Fixup: 0.1 ms]
   [Code Root Migration: 0.1 ms]
   [Clear CT: 0.4 ms]
   [Other: 0.9 ms]
      [Choose CSet: 0.0 ms]
      [Ref Proc: 0.1 ms]
      [Ref Enq: 0.0 ms]
      [Free CSet: 0.7 ms]
   [Eden: 963.0M(963.0M)->0.0B(977.0M) Survivors: 97.0M->94.0M Heap: 1581.1M(1901.0M)->615.1M(1912.0M)]
 [Times: user=0.42 sys=0.00, real=0.05 secs] 
148.071: Total time for which application threads were stopped: 0.0537650 seconds, Stopping threads took: 0.0000510 seconds
148.561: Application time: 0.4906930 seconds
148.562: [GC pause (young), 0.0487420 secs]
   [Parallel Time: 47.2 ms, GC Workers: 8]
      [GC Worker Start (ms): Min: 148561.6, Avg: 148562.1, Max: 148565.6, Diff: 4.0]
      [Ext Root Scanning (ms): Min: 0.0, Avg: 0.6, Max: 0.8, Diff: 0.8, Sum: 4.7]
      [Update RS (ms): Min: 0.0, Avg: 0.0, Max: 0.1, Diff: 0.1, Sum: 0.2]
         [Processed Buffers: Min: 0, Avg: 0.9, Max: 3, Diff: 3, Sum: 7]
      [Scan RS (ms): Min: 0.1, Avg: 0.4, Max: 0.5, Diff: 0.4, Sum: 3.1]
      [Code Root Scanning (ms): Min: 0.0, Avg: 0.0, Max: 0.0, Diff: 0.0, Sum: 0.1]
      [Object Copy (ms): Min: 42.9, Avg: 45.5, Max: 46.0, Diff: 3.0, Sum: 364.2]
      [Termination (ms): Min: 0.0, Avg: 0.0, Max: 0.0, Diff: 0.0, Sum: 0.0]
      [GC Worker Other (ms): Min: 0.0, Avg: 0.1, Max: 0.1, Diff: 0.0, Sum: 0.5]
      [GC Worker Total (ms): Min: 43.1, Avg: 46.6, Max: 47.1, Diff: 4.0, Sum: 372.8]
      [GC Worker End (ms): Min: 148608.7, Avg: 148608.7, Max: 148608.7, Diff: 0.0]
   [Code Root Fixup: 0.1 ms]
   [Code Root Migration: 0.1 ms]
   [Clear CT: 0.4 ms]
   [Other: 0.9 ms]
      [Choose CSet: 0.0 ms]
      [Ref Proc: 0.1 ms]
      [Ref Enq: 0.0 ms]
      [Free CSet: 0.7 ms]
   [Eden: 977.0M(977.0M)->0.0B(999.0M) Survivors: 94.0M->84.0M Heap: 1592.1M(1912.0M)->605.1M(1921.0M)]
 [Times: user=0.37 sys=0.00, real=0.05 secs] 
148.610: Total time for which application threads were stopped: 0.0489200 seconds, Stopping threads took: 0.0000440 seconds
149.106: Application time: 0.4959290 seconds
149.106: [GC pause (young), 0.0358620 secs]
   [Parallel Time: 34.3 ms, GC Workers: 8]
      [GC Worker Start (ms): Min: 149106.4, Avg: 149107.7, Max: 149113.6, Diff: 7.2]
      [Ext Root Scanning (ms): Min: 0.0, Avg: 0.6, Max: 0.9, Diff: 0.9, Sum: 4.5]
      [Update RS (ms): Min: 0.0, Avg: 0.0, Max: 0.1, Diff: 0.1, Sum: 0.2]
         [Processed Buffers: Min: 0, Avg: 1.0, Max: 6, Diff: 6, Sum: 8]
      [Scan RS (ms): Min: 0.1, Avg: 0.4, Max: 0.5, Diff: 0.5, Sum: 2.9]
      [Code Root Scanning (ms): Min: 0.0, Avg: 0.0, Max: 0.0, Diff: 0.0, Sum: 0.1]
      [Object Copy (ms): Min: 26.6, Avg: 31.9, Max: 33.0, Diff: 6.4, Sum: 255.1]
      [Termination (ms): Min: 0.0, Avg: 0.0, Max: 0.0, Diff: 0.0, Sum: 0.0]
      [GC Worker Other (ms): Min: 0.0, Avg: 0.1, Max: 0.1, Diff: 0.0, Sum: 0.5]
      [GC Worker Total (ms): Min: 27.1, Avg: 32.9, Max: 34.2, Diff: 7.2, Sum: 263.3]
      [GC Worker End (ms): Min: 149140.6, Avg: 149140.6, Max: 149140.7, Diff: 0.0]
   [Code Root Fixup: 0.1 ms]
   [Code Root Migration: 0.1 ms]
   [Clear CT: 0.4 ms]
   [Other: 0.9 ms]
      [Choose CSet: 0.0 ms]
      [Ref Proc: 0.1 ms]
      [Ref Enq: 0.0 ms]
      [Free CSet: 0.7 ms]
   [Eden: 999.0M(999.0M)->0.0B(1035.0M) Survivors: 84.0M->63.0M Heap: 1604.1M(1921.0M)->584.1M(1928.0M)]
 [Times: user=0.26 sys=0.00, real=0.03 secs] 
149.144: Total time for which application threads were stopped: 0.0375900 seconds, Stopping threads took: 0.0000500 seconds
149.644: Application time: 0.5004250 seconds
149.644: [GC pause (young), 0.0448670 secs]
   [Parallel Time: 43.1 ms, GC Workers: 8]
      [GC Worker Start (ms): Min: 149644.5, Avg: 149644.5, Max: 149644.5, Diff: 0.1]
      [Ext Root Scanning (ms): Min: 0.6, Avg: 0.7, Max: 0.7, Diff: 0.1, Sum: 5.4]
      [Update RS (ms): Min: 0.0, Avg: 0.0, Max: 0.1, Diff: 0.1, Sum: 0.2]
         [Processed Buffers: Min: 0, Avg: 0.9, Max: 4, Diff: 4, Sum: 7]
      [Scan RS (ms): Min: 0.4, Avg: 0.5, Max: 0.5, Diff: 0.1, Sum: 3.6]
      [Code Root Scanning (ms): Min: 0.0, Avg: 0.0, Max: 0.0, Diff: 0.0, Sum: 0.1]
      [Object Copy (ms): Min: 41.8, Avg: 41.8, Max: 41.9, Diff: 0.1, Sum: 334.5]
      [Termination (ms): Min: 0.0, Avg: 0.0, Max: 0.0, Diff: 0.0, Sum: 0.0]
      [GC Worker Other (ms): Min: 0.0, Avg: 0.1, Max: 0.1, Diff: 0.1, Sum: 0.5]
      [GC Worker Total (ms): Min: 43.0, Avg: 43.0, Max: 43.1, Diff: 0.1, Sum: 344.4]
      [GC Worker End (ms): Min: 149687.5, Avg: 149687.6, Max: 149687.6, Diff: 0.1]
   [Code Root Fixup: 0.1 ms]
   [Code Root Migration: 0.1 ms]
   [Clear CT: 0.4 ms]
   [Other: 1.0 ms]
      [Choose CSet: 0.0 ms]
      [Ref Proc: 0.1 ms]
      [Ref Enq: 0.0 ms]
      [Free CSet: 0.8 ms]
   [Eden: 1035.0M(1035.0M)->0.0B(1018.0M) Survivors: 63.0M->84.0M Heap: 1619.1M(1928.0M)->604.6M(1934.0M)]
 [Times: user=0.35 sys=0.00, real=0.05 secs] 
149.689: Total time for which application threads were stopped: 0.0450820 seconds, Stopping threads took: 0.0000830 seconds
150.192: Application time: 0.5029680 seconds
150.192: [GC pause (young), 0.0511490 secs]
   [Parallel Time: 49.4 ms, GC Workers: 8]
      [GC Worker Start (ms): Min: 150192.5, Avg: 150192.5, Max: 150192.5, Diff: 0.1]
      [Ext Root Scanning (ms): Min: 0.6, Avg: 0.7, Max: 0.8, Diff: 0.1, Sum: 5.4]
      [Update RS (ms): Min: 0.0, Avg: 0.0, Max: 0.1, Diff: 0.1, Sum: 0.2]
         [Processed Buffers: Min: 0, Avg: 0.9, Max: 2, Diff: 2, Sum: 7]
      [Scan RS (ms): Min: 0.3, Avg: 0.4, Max: 0.5, Diff: 0.2, Sum: 3.6]
      [Code Root Scanning (ms): Min: 0.0, Avg: 0.0, Max: 0.0, Diff: 0.0, Sum: 0.1]
      [Object Copy (ms): Min: 48.0, Avg: 48.1, Max: 48.2, Diff: 0.1, Sum: 384.7]
      [Termination (ms): Min: 0.0, Avg: 0.0, Max: 0.0, Diff: 0.0, Sum: 0.0]
      [GC Worker Other (ms): Min: 0.0, Avg: 0.1, Max: 0.1, Diff: 0.0, Sum: 0.4]
      [GC Worker Total (ms): Min: 49.3, Avg: 49.3, Max: 49.3, Diff: 0.1, Sum: 394.4]
      [GC Worker End (ms): Min: 150241.8, Avg: 150241.8, Max: 150241.8, Diff: 0.0]
   [Code Root Fixup: 0.2 ms]
   [Code Root Migration: 0.1 ms]
   [Clear CT: 0.5 ms]
   [Other: 0.9 ms]
      [Choose CSet: 0.0 ms]
      [Ref Proc: 0.1 ms]
      [Ref Enq: 0.0 ms]
      [Free CSet: 0.8 ms]
   [Eden: 1018.0M(1018.0M)->0.0B(1006.0M) Survivors: 84.0M->93.0M Heap: 1622.6M(1934.0M)->613.6M(1934.0M)]
 [Times: user=0.40 sys=0.00, real=0.05 secs] 
150.244: Total time for which application threads were stopped: 0.0512890 seconds, Stopping threads took: 0.0000140 seconds
150.737: Application time: 0.4931650 seconds
150.737: [GC pause (young), 0.0507240 secs]
   [Parallel Time: 49.1 ms, GC Workers: 8]
      [GC Worker Start (ms): Min: 150737.0, Avg: 150737.0, Max: 150737.0, Diff: 0.1]
      [Ext Root Scanning (ms): Min: 0.6, Avg: 0.7, Max: 0.7, Diff: 0.1, Sum: 5.5]
      [Update RS (ms): Min: 0.0, Avg: 0.0, Max: 0.1, Diff: 0.1, Sum: 0.2]
         [Processed Buffers: Min: 0, Avg: 0.8, Max: 2, Diff: 2, Sum: 6]
      [Scan RS (ms): Min: 0.4, Avg: 0.4, Max: 0.5, Diff: 0.1, Sum: 3.5]
      [Code Root Scanning (ms): Min: 0.0, Avg: 0.0, Max: 0.0, Diff: 0.0, Sum: 0.1]
      [Object Copy (ms): Min: 47.8, Avg: 47.8, Max: 47.9, Diff: 0.1, Sum: 382.6]
      [Termination (ms): Min: 0.0, Avg: 0.0, Max: 0.0, Diff: 0.0, Sum: 0.0]
      [GC Worker Other (ms): Min: 0.0, Avg: 0.0, Max: 0.1, Diff: 0.0, Sum: 0.4]
      [GC Worker Total (ms): Min: 49.0, Avg: 49.0, Max: 49.1, Diff: 0.1, Sum: 392.3]
      [GC Worker End (ms): Min: 150786.0, Avg: 150786.0, Max: 150786.0, Diff: 0.0]
   [Code Root Fixup: 0.1 ms]
   [Code Root Migration: 0.1 ms]
   [Clear CT: 0.5 ms]
   [Other: 0.9 ms]
      [Choose CSet: 0.0 ms]
      [Ref Proc: 0.2 ms]
      [Ref Enq: 0.0 ms]
      [Free CSet: 0.7 ms]
   [Eden: 1006.0M(1006.0M)->0.0B(1003.0M) Survivors: 93.0M->93.0M Heap: 1619.6M(1934.0M)->613.7M(1934.0M)]
 [Times: user=0.40 sys=0.00, real=0.05 secs] 
150.788: Total time for which application threads were stopped: 0.0509110 seconds, Stopping threads took: 0.0000540 seconds
151.277: Application time: 0.4894290 seconds
151.277: [GC pause (young), 0.0487690 secs]
   [Parallel Time: 47.1 ms, GC Workers: 8]
      [GC Worker Start (ms): Min: 151277.3, Avg: 151277.3, Max: 151277.4, Diff: 0.1]
      [Ext Root Scanning (ms): Min: 0.6, Avg: 0.7, Max: 0.7, Diff: 0.1, Sum: 5.5]
      [Update RS (ms): Min: 0.0, Avg: 0.0, Max: 0.1, Diff: 0.1, Sum: 0.2]
         [Processed Buffers: Min: 0, Avg: 0.9, Max: 2, Diff: 2, Sum: 7]
      [Scan RS (ms): Min: 0.4, Avg: 0.4, Max: 0.5, Diff: 0.1, Sum: 3.4]
      [Code Root Scanning (ms): Min: 0.0, Avg: 0.0, Max: 0.0, Diff: 0.0, Sum: 0.1]
      [Object Copy (ms): Min: 45.8, Avg: 45.9, Max: 45.9, Diff: 0.0, Sum: 366.9]
      [Termination (ms): Min: 0.0, Avg: 0.0, Max: 0.0, Diff: 0.0, Sum: 0.0]
      [GC Worker Other (ms): Min: 0.0, Avg: 0.1, Max: 0.1, Diff: 0.0, Sum: 0.4]
      [GC Worker Total (ms): Min: 47.0, Avg: 47.1, Max: 47.1, Diff: 0.1, Sum: 376.5]
      [GC Worker End (ms): Min: 151324.4, Avg: 151324.4, Max: 151324.4, Diff: 0.0]
   [Code Root Fixup: 0.1 ms]
   [Code Root Migration: 0.1 ms]
   [Clear CT: 0.5 ms]
   [Other: 0.9 ms]
      [Choose CSet: 0.0 ms]
      [Ref Proc: 0.2 ms]
      [Ref Enq: 0.0 ms]
      [Free CSet: 0.7 ms]
   [Eden: 1003.0M(1003.0M)->0.0B(1005.0M) Survivors: 93.0M->91.0M Heap: 1616.7M(1934.0M)->611.7M(1934.0M)]
 [Times: user=0.38 sys=0.00, real=0.05 secs] 
151.326: Total time for which application threads were stopped: 0.0489810 seconds, Stopping threads took: 0.0000780 seconds
151.816: Application time: 0.4901050 seconds
151.816: [GC pause (young), 0.0515960 secs]
   [Parallel Time: 50.0 ms, GC Workers: 8]
      [GC Worker Start (ms): Min: 151816.4, Avg: 151816.5, Max: 151817.5, Diff: 1.2]
      [Ext Root Scanning (ms): Min: 0.0, Avg: 0.6, Max: 0.9, Diff: 0.9, Sum: 4.8]
      [Update RS (ms): Min: 0.0, Avg: 0.0, Max: 0.1, Diff: 0.1, Sum: 0.2]
         [Processed Buffers: Min: 0, Avg: 0.9, Max: 3, Diff: 3, Sum: 7]
      [Scan RS (ms): Min: 0.1, Avg: 0.4, Max: 0.5, Diff: 0.4, Sum: 3.4]
      [Code Root Scanning (ms): Min: 0.0, Avg: 0.0, Max: 0.0, Diff: 0.0, Sum: 0.1]
      [Object Copy (ms): Min: 48.5, Avg: 48.6, Max: 48.7, Diff: 0.1, Sum: 389.0]
      [Termination (ms): Min: 0.0, Avg: 0.0, Max: 0.0, Diff: 0.0, Sum: 0.0]
      [GC Worker Other (ms): Min: 0.0, Avg: 0.0, Max: 0.1, Diff: 0.0, Sum: 0.4]
      [GC Worker Total (ms): Min: 48.7, Avg: 49.7, Max: 49.9, Diff: 1.2, Sum: 397.8]
      [GC Worker End (ms): Min: 151866.3, Avg: 151866.3, Max: 151866.3, Diff: 0.0]
   [Code Root Fixup: 0.2 ms]
   [Code Root Migration: 0.1 ms]
   [Clear CT: 0.5 ms]
   [Other: 0.9 ms]
      [Choose CSet: 0.0 ms]
      [Ref Proc: 0.1 ms]
      [Ref Enq: 0.0 ms]
      [Free CSet: 0.7 ms]
   [Eden: 1005.0M(1005.0M)->0.0B(998.0M) Survivors: 91.0M->95.0M Heap: 1616.7M(1934.0M)->615.7M(1934.0M)]
 [Times: user=0.41 sys=0.00, real=0.05 secs] 
151.868: Total time for which application threads were stopped: 0.0517730 seconds, Stopping threads took: 0.0000490 seconds
152.351: Application time: 0.4826410 seconds
152.351: [GC pause (young), 0.0539750 secs]
   [Parallel Time: 52.4 ms, GC Workers: 8]
      [GC Worker Start (ms): Min: 152350.8, Avg: 152350.8, Max: 152350.8, Diff: 0.1]
      [Ext Root Scanning (ms): Min: 0.6, Avg: 0.7, Max: 0.7, Diff: 0.1, Sum: 5.2]
      [Update RS (ms): Min: 0.0, Avg: 0.0, Max: 0.1, Diff: 0.1, Sum: 0.2]
         [Processed Buffers: Min: 0, Avg: 0.9, Max: 3, Diff: 3, Sum: 7]
      [Scan RS (ms): Min: 0.3, Avg: 0.4, Max: 0.5, Diff: 0.1, Sum: 3.4]
      [Code Root Scanning (ms): Min: 0.0, Avg: 0.0, Max: 0.0, Diff: 0.0, Sum: 0.1]
      [Object Copy (ms): Min: 51.2, Avg: 51.2, Max: 51.2, Diff: 0.0, Sum: 409.6]
      [Termination (ms): Min: 0.0, Avg: 0.0, Max: 0.0, Diff: 0.0, Sum: 0.0]
      [GC Worker Other (ms): Min: 0.0, Avg: 0.1, Max: 0.1, Diff: 0.0, Sum: 0.4]
      [GC Worker Total (ms): Min: 52.3, Avg: 52.4, Max: 52.4, Diff: 0.1, Sum: 419.0]
      [GC Worker End (ms): Min: 152403.2, Avg: 152403.2, Max: 152403.2, Diff: 0.0]
   [Code Root Fixup: 0.1 ms]
   [Code Root Migration: 0.1 ms]
   [Clear CT: 0.4 ms]
   [Other: 0.8 ms]
      [Choose CSet: 0.0 ms]
      [Ref Proc: 0.1 ms]
      [Ref Enq: 0.0 ms]
      [Free CSet: 0.7 ms]
   [Eden: 998.0M(998.0M)->0.0B(988.0M) Survivors: 95.0M->102.0M Heap: 1613.7M(1934.0M)->623.2M(1934.0M)]
 [Times: user=0.43 sys=0.00, real=0.05 secs] 
152.405: Total time for which application threads were stopped: 0.0541450 seconds, Stopping threads took: 0.0000410 seconds
152.885: Application time: 0.4804060 seconds
152.885: [GC pause (young), 0.0596450 secs]
   [Parallel Time: 58.1 ms, GC Workers: 8]
      [GC Worker Start (ms): Min: 152885.4, Avg: 152885.4, Max: 152885.4, Diff: 0.1]
      [Ext Root Scanning (ms): Min: 0.6, Avg: 0.7, Max: 0.7, Diff: 0.1, Sum: 5.2]
      [Update RS (ms): Min: 0.0, Avg: 0.0, Max: 0.1, Diff: 0.1, Sum: 0.2]
         [Processed Buffers: Min: 0, Avg: 0.9, Max: 3, Diff: 3, Sum: 7]
      [Scan RS (ms): Min: 0.4, Avg: 0.4, Max: 0.5, Diff: 0.1, Sum: 3.4]
      [Code Root Scanning (ms): Min: 0.0, Avg: 0.0, Max: 0.0, Diff: 0.0, Sum: 0.1]
      [Object Copy (ms): Min: 56.9, Avg: 56.9, Max: 56.9, Diff: 0.0, Sum: 455.3]
      [Termination (ms): Min: 0.0, Avg: 0.0, Max: 0.0, Diff: 0.0, Sum: 0.0]
      [GC Worker Other (ms): Min: 0.0, Avg: 0.0, Max: 0.1, Diff: 0.0, Sum: 0.4]
      [GC Worker Total (ms): Min: 58.0, Avg: 58.1, Max: 58.1, Diff: 0.1, Sum: 464.6]
      [GC Worker End (ms): Min: 152943.4, Avg: 152943.5, Max: 152943.5, Diff: 0.0]
   [Code Root Fixup: 0.1 ms]
   [Code Root Migration: 0.2 ms]
   [Clear CT: 0.4 ms]
   [Other: 0.8 ms]
      [Choose CSet: 0.0 ms]
      [Ref Proc: 0.1 ms]
      [Ref Enq: 0.0 ms]
      [Free CSet: 0.7 ms]
   [Eden: 988.0M(988.0M)->0.0B(981.0M) Survivors: 102.0M->106.0M Heap: 1611.2M(1934.0M)->627.2M(1934.0M)]
 [Times: user=0.46 sys=0.00, real=0.06 secs] 
152.945: Total time for which application threads were stopped: 0.0598420 seconds, Stopping threads took: 0.0000630 seconds
153.424: Application time: 0.4788960 seconds
153.424: [GC pause (young), 0.0552640 secs]
   [Parallel Time: 53.7 ms, GC Workers: 8]
      [GC Worker Start (ms): Min: 153424.1, Avg: 153424.1, Max: 153424.1, Diff: 0.1]
      [Ext Root Scanning (ms): Min: 0.6, Avg: 0.6, Max: 0.7, Diff: 0.1, Sum: 5.2]
      [Update RS (ms): Min: 0.0, Avg: 0.0, Max: 0.1, Diff: 0.1, Sum: 0.2]
         [Processed Buffers: Min: 0, Avg: 0.8, Max: 2, Diff: 2, Sum: 6]
      [Scan RS (ms): Min: 0.4, Avg: 0.4, Max: 0.5, Diff: 0.1, Sum: 3.3]
      [Code Root Scanning (ms): Min: 0.0, Avg: 0.0, Max: 0.0, Diff: 0.0, Sum: 0.1]
      [Object Copy (ms): Min: 52.5, Avg: 52.5, Max: 52.5, Diff: 0.0, Sum: 420.2]
      [Termination (ms): Min: 0.0, Avg: 0.0, Max: 0.0, Diff: 0.0, Sum: 0.0]
      [GC Worker Other (ms): Min: 0.0, Avg: 0.0, Max: 0.1, Diff: 0.0, Sum: 0.3]
      [GC Worker Total (ms): Min: 53.7, Avg: 53.7, Max: 53.7, Diff: 0.1, Sum: 429.4]
      [GC Worker End (ms): Min: 153477.8, Avg: 153477.8, Max: 153477.8, Diff: 0.0]
   [Code Root Fixup: 0.1 ms]
   [Code Root Migration: 0.1 ms]
   [Clear CT: 0.4 ms]
   [Other: 0.9 ms]
      [Choose CSet: 0.0 ms]
      [Ref Proc: 0.1 ms]
      [Ref Enq: 0.0 ms]
      [Free CSet: 0.7 ms]
   [Eden: 981.0M(981.0M)->0.0B(989.0M) Survivors: 106.0M->98.0M Heap: 1608.2M(1934.0M)->618.7M(1934.0M)]
 [Times: user=0.43 sys=0.00, real=0.06 secs] 
153.479: Total time for which application threads were stopped: 0.0554360 seconds, Stopping threads took: 0.0000490 seconds
153.974: Application time: 0.4942780 seconds
153.974: [GC pause (young), 0.0499040 secs]
   [Parallel Time: 48.3 ms, GC Workers: 8]
      [GC Worker Start (ms): Min: 153973.8, Avg: 153973.8, Max: 153973.9, Diff: 0.1]
      [Ext Root Scanning (ms): Min: 0.6, Avg: 0.7, Max: 0.7, Diff: 0.1, Sum: 5.5]
      [Update RS (ms): Min: 0.0, Avg: 0.0, Max: 0.1, Diff: 0.1, Sum: 0.2]
         [Processed Buffers: Min: 0, Avg: 0.8, Max: 2, Diff: 2, Sum: 6]
      [Scan RS (ms): Min: 0.4, Avg: 0.4, Max: 0.5, Diff: 0.1, Sum: 3.4]
      [Code Root Scanning (ms): Min: 0.0, Avg: 0.0, Max: 0.0, Diff: 0.0, Sum: 0.1]
      [Object Copy (ms): Min: 47.0, Avg: 47.1, Max: 47.1, Diff: 0.0, Sum: 376.5]
      [Termination (ms): Min: 0.0, Avg: 0.0, Max: 0.0, Diff: 0.0, Sum: 0.0]
      [GC Worker Other (ms): Min: 0.0, Avg: 0.0, Max: 0.1, Diff: 0.0, Sum: 0.4]
      [GC Worker Total (ms): Min: 48.2, Avg: 48.3, Max: 48.3, Diff: 0.1, Sum: 386.1]
      [GC Worker End (ms): Min: 154022.1, Avg: 154022.1, Max: 154022.1, Diff: 0.0]
   [Code Root Fixup: 0.2 ms]
   [Code Root Migration: 0.1 ms]
   [Clear CT: 0.5 ms]
   [Other: 0.8 ms]
      [Choose CSet: 0.0 ms]
      [Ref Proc: 0.1 ms]
      [Ref Enq: 0.0 ms]
      [Free CSet: 0.7 ms]
   [Eden: 989.0M(989.0M)->0.0B(1002.0M) Survivors: 98.0M->87.0M Heap: 1607.7M(1934.0M)->608.2M(1934.0M)]
 [Times: user=0.39 sys=0.00, real=0.04 secs] 
154.024: Total time for which application threads were stopped: 0.0500860 seconds, Stopping threads took: 0.0000410 seconds
154.514: Application time: 0.4898590 seconds
154.514: [GC pause (young), 0.0464730 secs]
   [Parallel Time: 45.0 ms, GC Workers: 8]
      [GC Worker Start (ms): Min: 154513.8, Avg: 154513.8, Max: 154513.8, Diff: 0.1]
      [Ext Root Scanning (ms): Min: 0.6, Avg: 0.7, Max: 0.7, Diff: 0.1, Sum: 5.4]
      [Update RS (ms): Min: 0.0, Avg: 0.0, Max: 0.1, Diff: 0.1, Sum: 0.2]
         [Processed Buffers: Min: 0, Avg: 0.8, Max: 4, Diff: 4, Sum: 6]
      [Scan RS (ms): Min: 0.4, Avg: 0.4, Max: 0.5, Diff: 0.1, Sum: 3.4]
      [Code Root Scanning (ms): Min: 0.0, Avg: 0.0, Max: 0.0, Diff: 0.0, Sum: 0.1]
      [Object Copy (ms): Min: 43.7, Avg: 43.7, Max: 43.8, Diff: 0.0, Sum: 349.9]
      [Termination (ms): Min: 0.0, Avg: 0.0, Max: 0.0, Diff: 0.0, Sum: 0.0]
      [GC Worker Other (ms): Min: 0.0, Avg: 0.0, Max: 0.1, Diff: 0.0, Sum: 0.4]
      [GC Worker Total (ms): Min: 44.9, Avg: 44.9, Max: 45.0, Diff: 0.1, Sum: 359.4]
      [GC Worker End (ms): Min: 154558.7, Avg: 154558.7, Max: 154558.7, Diff: 0.0]
   [Code Root Fixup: 0.1 ms]
   [Code Root Migration: 0.1 ms]
   [Clear CT: 0.4 ms]
   [Other: 0.8 ms]
      [Choose CSet: 0.0 ms]
      [Ref Proc: 0.1 ms]
      [Ref Enq: 0.0 ms]
      [Free CSet: 0.7 ms]
   [Eden: 1002.0M(1002.0M)->0.0B(1010.0M) Survivors: 87.0M->83.0M Heap: 1610.2M(1934.0M)->603.7M(1934.0M)]
 [Times: user=0.36 sys=0.00, real=0.04 secs] 
154.562: Total time for which application threads were stopped: 0.0481300 seconds, Stopping threads took: 0.0000620 seconds
155.110: Application time: 0.5479240 seconds
155.110: [GC pause (young), 0.0452160 secs]
   [Parallel Time: 43.1 ms, GC Workers: 8]
      [GC Worker Start (ms): Min: 155109.8, Avg: 155111.8, Max: 155125.6, Diff: 15.7]
      [Ext Root Scanning (ms): Min: 0.0, Avg: 0.7, Max: 0.9, Diff: 0.9, Sum: 5.2]
      [Update RS (ms): Min: 0.0, Avg: 0.0, Max: 0.1, Diff: 0.1, Sum: 0.2]
         [Processed Buffers: Min: 0, Avg: 0.8, Max: 3, Diff: 3, Sum: 6]
      [Scan RS (ms): Min: 0.2, Avg: 0.4, Max: 0.5, Diff: 0.3, Sum: 3.2]
      [Code Root Scanning (ms): Min: 0.0, Avg: 0.0, Max: 0.0, Diff: 0.0, Sum: 0.1]
      [Object Copy (ms): Min: 27.0, Avg: 39.9, Max: 41.8, Diff: 14.8, Sum: 319.2]
      [Termination (ms): Min: 0.0, Avg: 0.1, Max: 0.1, Diff: 0.1, Sum: 0.5]
      [GC Worker Other (ms): Min: 0.0, Avg: 0.1, Max: 0.1, Diff: 0.1, Sum: 0.4]
      [GC Worker Total (ms): Min: 27.3, Avg: 41.1, Max: 43.1, Diff: 15.8, Sum: 328.8]
      [GC Worker End (ms): Min: 155152.9, Avg: 155152.9, Max: 155152.9, Diff: 0.0]
   [Code Root Fixup: 0.1 ms]
   [Code Root Migration: 0.2 ms]
   [Clear CT: 0.5 ms]
   [Other: 1.3 ms]
      [Choose CSet: 0.0 ms]
      [Ref Proc: 0.1 ms]
      [Ref Enq: 0.0 ms]
      [Free CSet: 1.0 ms]
   [Eden: 1010.0M(1010.0M)->0.0B(1027.0M) Survivors: 83.0M->73.0M Heap: 1613.7M(1934.0M)->594.2M(1934.0M)]
 [Times: user=0.35 sys=0.00, real=0.05 secs] 
155.155: Total time for which application threads were stopped: 0.0454320 seconds, Stopping threads took: 0.0000560 seconds
155.655: Application time: 0.4994680 seconds
155.655: [GC pause (young), 0.0472370 secs]
   [Parallel Time: 45.6 ms, GC Workers: 8]
      [GC Worker Start (ms): Min: 155654.7, Avg: 155656.1, Max: 155665.6, Diff: 10.9]
      [Ext Root Scanning (ms): Min: 0.0, Avg: 0.6, Max: 0.9, Diff: 0.9, Sum: 5.0]
      [Update RS (ms): Min: 0.0, Avg: 0.0, Max: 0.1, Diff: 0.1, Sum: 0.2]
         [Processed Buffers: Min: 0, Avg: 0.8, Max: 4, Diff: 4, Sum: 6]
      [Scan RS (ms): Min: 0.2, Avg: 0.4, Max: 0.5, Diff: 0.3, Sum: 3.2]
      [Code Root Scanning (ms): Min: 0.0, Avg: 0.0, Max: 0.0, Diff: 0.0, Sum: 0.0]
      [Object Copy (ms): Min: 34.4, Avg: 43.1, Max: 44.3, Diff: 10.0, Sum: 344.5]
      [Termination (ms): Min: 0.0, Avg: 0.0, Max: 0.0, Diff: 0.0, Sum: 0.0]
      [GC Worker Other (ms): Min: 0.0, Avg: 0.1, Max: 0.1, Diff: 0.0, Sum: 0.5]
      [GC Worker Total (ms): Min: 34.7, Avg: 44.2, Max: 45.6, Diff: 10.9, Sum: 353.5]
      [GC Worker End (ms): Min: 155700.3, Avg: 155700.3, Max: 155700.3, Diff: 0.1]
   [Code Root Fixup: 0.1 ms]
   [Code Root Migration: 0.1 ms]
   [Clear CT: 0.4 ms]
   [Other: 0.9 ms]
      [Choose CSet: 0.0 ms]
      [Ref Proc: 0.1 ms]
      [Ref Enq: 0.0 ms]
      [Free CSet: 0.7 ms]
   [Eden: 1027.0M(1027.0M)->0.0B(1009.0M) Survivors: 73.0M->89.0M Heap: 1621.2M(1934.0M)->610.2M(1934.0M)]
 [Times: user=0.36 sys=0.00, real=0.04 secs] 
155.702: Total time for which application threads were stopped: 0.0474230 seconds, Stopping threads took: 0.0000400 seconds
156.189: Application time: 0.4869720 seconds
156.189: [GC pause (young), 0.0555580 secs]
   [Parallel Time: 53.9 ms, GC Workers: 8]
      [GC Worker Start (ms): Min: 156189.1, Avg: 156189.1, Max: 156189.2, Diff: 0.1]
      [Ext Root Scanning (ms): Min: 0.6, Avg: 0.6, Max: 0.7, Diff: 0.1, Sum: 5.1]
      [Update RS (ms): Min: 0.0, Avg: 0.0, Max: 0.1, Diff: 0.1, Sum: 0.2]
         [Processed Buffers: Min: 0, Avg: 0.8, Max: 3, Diff: 3, Sum: 6]
      [Scan RS (ms): Min: 0.4, Avg: 0.4, Max: 0.5, Diff: 0.1, Sum: 3.4]
      [Code Root Scanning (ms): Min: 0.0, Avg: 0.0, Max: 0.0, Diff: 0.0, Sum: 0.1]
      [Object Copy (ms): Min: 52.6, Avg: 52.7, Max: 52.7, Diff: 0.0, Sum: 421.3]
      [Termination (ms): Min: 0.0, Avg: 0.0, Max: 0.0, Diff: 0.0, Sum: 0.0]
      [GC Worker Other (ms): Min: 0.0, Avg: 0.1, Max: 0.1, Diff: 0.1, Sum: 0.4]
      [GC Worker Total (ms): Min: 53.8, Avg: 53.8, Max: 53.9, Diff: 0.1, Sum: 430.5]
      [GC Worker End (ms): Min: 156242.9, Avg: 156243.0, Max: 156243.0, Diff: 0.1]
   [Code Root Fixup: 0.1 ms]
   [Code Root Migration: 0.1 ms]
   [Clear CT: 0.4 ms]
   [Other: 1.0 ms]
      [Choose CSet: 0.0 ms]
      [Ref Proc: 0.1 ms]
      [Ref Enq: 0.0 ms]
      [Free CSet: 0.8 ms]
   [Eden: 1009.0M(1009.0M)->0.0B(991.0M) Survivors: 89.0M->102.0M Heap: 1619.2M(1934.0M)->622.7M(1934.0M)]
 [Times: user=0.44 sys=0.00, real=0.05 secs] 
156.245: Total time for which application threads were stopped: 0.0557380 seconds, Stopping threads took: 0.0000550 seconds
156.730: Application time: 0.4849570 seconds
156.730: [GC pause (young), 0.0555110 secs]
   [Parallel Time: 54.0 ms, GC Workers: 8]
      [GC Worker Start (ms): Min: 156729.8, Avg: 156729.8, Max: 156729.9, Diff: 0.1]
      [Ext Root Scanning (ms): Min: 0.6, Avg: 0.7, Max: 0.7, Diff: 0.1, Sum: 5.3]
      [Update RS (ms): Min: 0.0, Avg: 0.0, Max: 0.1, Diff: 0.1, Sum: 0.2]
         [Processed Buffers: Min: 0, Avg: 0.8, Max: 3, Diff: 3, Sum: 6]
      [Scan RS (ms): Min: 0.4, Avg: 0.4, Max: 0.5, Diff: 0.1, Sum: 3.4]
      [Code Root Scanning (ms): Min: 0.0, Avg: 0.0, Max: 0.0, Diff: 0.0, Sum: 0.1]
      [Object Copy (ms): Min: 52.7, Avg: 52.8, Max: 52.8, Diff: 0.0, Sum: 422.0]
      [Termination (ms): Min: 0.0, Avg: 0.0, Max: 0.0, Diff: 0.0, Sum: 0.0]
      [GC Worker Other (ms): Min: 0.0, Avg: 0.1, Max: 0.1, Diff: 0.1, Sum: 0.5]
      [GC Worker Total (ms): Min: 53.9, Avg: 53.9, Max: 54.0, Diff: 0.1, Sum: 431.6]
      [GC Worker End (ms): Min: 156783.8, Avg: 156783.8, Max: 156783.8, Diff: 0.1]
   [Code Root Fixup: 0.1 ms]
   [Code Root Migration: 0.1 ms]
   [Clear CT: 0.4 ms]
   [Other: 0.8 ms]
      [Choose CSet: 0.0 ms]
      [Ref Proc: 0.1 ms]
      [Ref Enq: 0.0 ms]
      [Free CSet: 0.7 ms]
   [Eden: 991.0M(991.0M)->0.0B(989.0M) Survivors: 102.0M->101.0M Heap: 1613.7M(1934.0M)->621.7M(1934.0M)]
 [Times: user=0.43 sys=0.00, real=0.05 secs] 
156.785: Total time for which application threads were stopped: 0.0556860 seconds, Stopping threads took: 0.0000470 seconds
157.282: Application time: 0.4965320 seconds
157.282: [GC pause (young), 0.0499000 secs]
   [Parallel Time: 48.3 ms, GC Workers: 8]
      [GC Worker Start (ms): Min: 157282.1, Avg: 157283.0, Max: 157285.6, Diff: 3.5]
      [Ext Root Scanning (ms): Min: 0.0, Avg: 0.5, Max: 0.8, Diff: 0.8, Sum: 4.2]
      [Update RS (ms): Min: 0.0, Avg: 0.0, Max: 0.1, Diff: 0.1, Sum: 0.2]
         [Processed Buffers: Min: 0, Avg: 0.8, Max: 4, Diff: 4, Sum: 6]
      [Scan RS (ms): Min: 0.1, Avg: 0.3, Max: 0.5, Diff: 0.4, Sum: 2.7]
      [Code Root Scanning (ms): Min: 0.0, Avg: 0.0, Max: 0.0, Diff: 0.0, Sum: 0.0]
      [Object Copy (ms): Min: 44.6, Avg: 46.4, Max: 47.1, Diff: 2.5, Sum: 371.4]
      [Termination (ms): Min: 0.0, Avg: 0.0, Max: 0.0, Diff: 0.0, Sum: 0.0]
      [GC Worker Other (ms): Min: 0.0, Avg: 0.0, Max: 0.1, Diff: 0.0, Sum: 0.4]
      [GC Worker Total (ms): Min: 44.7, Avg: 47.4, Max: 48.3, Diff: 3.5, Sum: 379.0]
      [GC Worker End (ms): Min: 157330.3, Avg: 157330.3, Max: 157330.4, Diff: 0.0]
   [Code Root Fixup: 0.1 ms]
   [Code Root Migration: 0.1 ms]
   [Clear CT: 0.4 ms]
   [Other: 0.9 ms]
      [Choose CSet: 0.0 ms]
      [Ref Proc: 0.2 ms]
      [Ref Enq: 0.0 ms]
      [Free CSet: 0.7 ms]
   [Eden: 989.0M(989.0M)->0.0B(1004.0M) Survivors: 101.0M->88.0M Heap: 1610.7M(1934.0M)->609.3M(1934.0M)]
 [Times: user=0.38 sys=0.00, real=0.05 secs] 
157.332: Total time for which application threads were stopped: 0.0501250 seconds, Stopping threads took: 0.0000910 seconds
157.823: Application time: 0.4907820 seconds
157.823: [GC pause (young), 0.0415620 secs]
   [Parallel Time: 39.9 ms, GC Workers: 8]
      [GC Worker Start (ms): Min: 157823.0, Avg: 157823.0, Max: 157823.0, Diff: 0.1]
      [Ext Root Scanning (ms): Min: 0.6, Avg: 0.7, Max: 0.7, Diff: 0.1, Sum: 5.4]
      [Update RS (ms): Min: 0.0, Avg: 0.0, Max: 0.1, Diff: 0.1, Sum: 0.3]
         [Processed Buffers: Min: 0, Avg: 0.8, Max: 2, Diff: 2, Sum: 6]
      [Scan RS (ms): Min: 0.4, Avg: 0.4, Max: 0.5, Diff: 0.1, Sum: 3.5]
      [Code Root Scanning (ms): Min: 0.0, Avg: 0.0, Max: 0.0, Diff: 0.0, Sum: 0.1]
      [Object Copy (ms): Min: 38.5, Avg: 38.5, Max: 38.6, Diff: 0.1, Sum: 308.4]
      [Termination (ms): Min: 0.0, Avg: 0.0, Max: 0.0, Diff: 0.0, Sum: 0.1]
      [GC Worker Other (ms): Min: 0.0, Avg: 0.0, Max: 0.1, Diff: 0.0, Sum: 0.4]
      [GC Worker Total (ms): Min: 39.7, Avg: 39.8, Max: 39.8, Diff: 0.1, Sum: 318.0]
      [GC Worker End (ms): Min: 157862.7, Avg: 157862.7, Max: 157862.8, Diff: 0.0]
   [Code Root Fixup: 0.1 ms]
   [Code Root Migration: 0.1 ms]
   [Clear CT: 0.4 ms]
   [Other: 1.0 ms]
      [Choose CSet: 0.0 ms]
      [Ref Proc: 0.1 ms]
      [Ref Enq: 0.0 ms]
      [Free CSet: 0.8 ms]
   [Eden: 1004.0M(1004.0M)->0.0B(1020.0M) Survivors: 88.0M->77.0M Heap: 1613.3M(1934.0M)->598.3M(1934.0M)]
 [Times: user=0.32 sys=0.00, real=0.04 secs] 
157.865: Total time for which application threads were stopped: 0.0417440 seconds, Stopping threads took: 0.0000630 seconds
158.356: Application time: 0.4916120 seconds
158.356: [GC pause (young), 0.0411850 secs]
   [Parallel Time: 39.5 ms, GC Workers: 8]
      [GC Worker Start (ms): Min: 158356.3, Avg: 158356.3, Max: 158356.4, Diff: 0.1]
      [Ext Root Scanning (ms): Min: 0.7, Avg: 0.7, Max: 0.8, Diff: 0.1, Sum: 5.6]
      [Update RS (ms): Min: 0.0, Avg: 0.0, Max: 0.1, Diff: 0.1, Sum: 0.2]
         [Processed Buffers: Min: 0, Avg: 0.8, Max: 4, Diff: 4, Sum: 6]
      [Scan RS (ms): Min: 0.4, Avg: 0.5, Max: 0.5, Diff: 0.1, Sum: 3.6]
      [Code Root Scanning (ms): Min: 0.0, Avg: 0.0, Max: 0.0, Diff: 0.0, Sum: 0.1]
      [Object Copy (ms): Min: 38.2, Avg: 38.2, Max: 38.2, Diff: 0.1, Sum: 305.4]
      [Termination (ms): Min: 0.0, Avg: 0.0, Max: 0.0, Diff: 0.0, Sum: 0.0]
      [GC Worker Other (ms): Min: 0.0, Avg: 0.1, Max: 0.1, Diff: 0.1, Sum: 0.5]
      [GC Worker Total (ms): Min: 39.4, Avg: 39.4, Max: 39.5, Diff: 0.1, Sum: 315.5]
      [GC Worker End (ms): Min: 158395.7, Avg: 158395.8, Max: 158395.8, Diff: 0.1]
   [Code Root Fixup: 0.1 ms]
   [Code Root Migration: 0.1 ms]
   [Clear CT: 0.5 ms]
   [Other: 0.9 ms]
      [Choose CSet: 0.0 ms]
      [Ref Proc: 0.1 ms]
      [Ref Enq: 0.0 ms]
      [Free CSet: 0.8 ms]
   [Eden: 1020.0M(1020.0M)->0.0B(1021.0M) Survivors: 77.0M->79.0M Heap: 1618.3M(1934.0M)->599.8M(1934.0M)]
 [Times: user=0.32 sys=0.00, real=0.04 secs] 
158.398: Total time for which application threads were stopped: 0.0413680 seconds, Stopping threads took: 0.0000480 seconds
158.895: Application time: 0.4977350 seconds
158.895: [GC pause (young), 0.0537270 secs]
   [Parallel Time: 52.2 ms, GC Workers: 8]
      [GC Worker Start (ms): Min: 158895.4, Avg: 158895.4, Max: 158895.4, Diff: 0.1]
      [Ext Root Scanning (ms): Min: 0.6, Avg: 0.7, Max: 0.7, Diff: 0.1, Sum: 5.3]
      [Update RS (ms): Min: 0.0, Avg: 0.0, Max: 0.1, Diff: 0.1, Sum: 0.2]
         [Processed Buffers: Min: 0, Avg: 0.8, Max: 3, Diff: 3, Sum: 6]
      [Scan RS (ms): Min: 0.4, Avg: 0.4, Max: 0.5, Diff: 0.1, Sum: 3.5]
      [Code Root Scanning (ms): Min: 0.0, Avg: 0.0, Max: 0.0, Diff: 0.0, Sum: 0.1]
      [Object Copy (ms): Min: 50.9, Avg: 50.9, Max: 51.0, Diff: 0.1, Sum: 407.4]
      [Termination (ms): Min: 0.0, Avg: 0.0, Max: 0.0, Diff: 0.0, Sum: 0.0]
      [GC Worker Other (ms): Min: 0.0, Avg: 0.1, Max: 0.1, Diff: 0.0, Sum: 0.5]
      [GC Worker Total (ms): Min: 52.1, Avg: 52.1, Max: 52.2, Diff: 0.1, Sum: 416.9]
      [GC Worker End (ms): Min: 158947.5, Avg: 158947.5, Max: 158947.5, Diff: 0.0]
   [Code Root Fixup: 0.1 ms]
   [Code Root Migration: 0.1 ms]
   [Clear CT: 0.5 ms]
   [Other: 0.9 ms]
      [Choose CSet: 0.0 ms]
      [Ref Proc: 0.1 ms]
      [Ref Enq: 0.0 ms]
      [Free CSet: 0.7 ms]
   [Eden: 1021.0M(1021.0M)->0.0B(999.0M) Survivors: 79.0M->97.0M Heap: 1620.8M(1934.0M)->617.8M(1934.0M)]
 [Times: user=0.42 sys=0.00, real=0.05 secs] 
158.949: Total time for which application threads were stopped: 0.0538960 seconds, Stopping threads took: 0.0000320 seconds
159.433: Application time: 0.4833590 seconds
159.433: [GC pause (young), 0.0560960 secs]
   [Parallel Time: 54.6 ms, GC Workers: 8]
      [GC Worker Start (ms): Min: 159432.7, Avg: 159432.7, Max: 159432.7, Diff: 0.1]
      [Ext Root Scanning (ms): Min: 0.6, Avg: 0.7, Max: 0.7, Diff: 0.1, Sum: 5.2]
      [Update RS (ms): Min: 0.0, Avg: 0.0, Max: 0.1, Diff: 0.1, Sum: 0.2]
         [Processed Buffers: Min: 0, Avg: 0.8, Max: 4, Diff: 4, Sum: 6]
      [Scan RS (ms): Min: 0.4, Avg: 0.4, Max: 0.5, Diff: 0.1, Sum: 3.4]
      [Code Root Scanning (ms): Min: 0.0, Avg: 0.0, Max: 0.0, Diff: 0.0, Sum: 0.1]
      [Object Copy (ms): Min: 53.3, Avg: 53.3, Max: 53.3, Diff: 0.0, Sum: 426.6]
      [Termination (ms): Min: 0.0, Avg: 0.0, Max: 0.0, Diff: 0.0, Sum: 0.0]
      [GC Worker Other (ms): Min: 0.0, Avg: 0.1, Max: 0.1, Diff: 0.0, Sum: 0.4]
      [GC Worker Total (ms): Min: 54.5, Avg: 54.5, Max: 54.5, Diff: 0.0, Sum: 436.0]
      [GC Worker End (ms): Min: 159487.2, Avg: 159487.2, Max: 159487.2, Diff: 0.0]
   [Code Root Fixup: 0.1 ms]
   [Code Root Migration: 0.1 ms]
   [Clear CT: 0.4 ms]
   [Other: 0.9 ms]
      [Choose CSet: 0.0 ms]
      [Ref Proc: 0.1 ms]
      [Ref Enq: 0.0 ms]
      [Free CSet: 0.7 ms]
   [Eden: 999.0M(999.0M)->0.0B(989.0M) Survivors: 97.0M->103.0M Heap: 1616.8M(1934.0M)->623.8M(1934.0M)]
 [Times: user=0.44 sys=0.00, real=0.06 secs] 
159.489: Total time for which application threads were stopped: 0.0562810 seconds, Stopping threads took: 0.0000590 seconds
159.978: Application time: 0.4887590 seconds
159.982: [GC pause (young), 0.0565780 secs]
   [Parallel Time: 55.0 ms, GC Workers: 8]
      [GC Worker Start (ms): Min: 159981.7, Avg: 159981.7, Max: 159981.7, Diff: 0.1]
      [Ext Root Scanning (ms): Min: 0.6, Avg: 0.6, Max: 0.7, Diff: 0.1, Sum: 5.1]
      [Update RS (ms): Min: 0.0, Avg: 0.0, Max: 0.1, Diff: 0.1, Sum: 0.2]
         [Processed Buffers: Min: 0, Avg: 0.8, Max: 2, Diff: 2, Sum: 6]
      [Scan RS (ms): Min: 0.3, Avg: 0.4, Max: 0.5, Diff: 0.1, Sum: 3.4]
      [Code Root Scanning (ms): Min: 0.0, Avg: 0.0, Max: 0.0, Diff: 0.0, Sum: 0.0]
      [Object Copy (ms): Min: 53.7, Avg: 53.8, Max: 53.8, Diff: 0.1, Sum: 430.0]
      [Termination (ms): Min: 0.0, Avg: 0.0, Max: 0.0, Diff: 0.0, Sum: 0.0]
      [GC Worker Other (ms): Min: 0.0, Avg: 0.1, Max: 0.1, Diff: 0.0, Sum: 0.5]
      [GC Worker Total (ms): Min: 54.9, Avg: 54.9, Max: 55.0, Diff: 0.1, Sum: 439.3]
      [GC Worker End (ms): Min: 160036.6, Avg: 160036.6, Max: 160036.6, Diff: 0.0]
   [Code Root Fixup: 0.1 ms]
   [Code Root Migration: 0.1 ms]
   [Clear CT: 0.4 ms]
   [Other: 0.9 ms]
      [Choose CSet: 0.0 ms]
      [Ref Proc: 0.1 ms]
      [Ref Enq: 0.0 ms]
      [Free CSet: 0.7 ms]
   [Eden: 989.0M(989.0M)->0.0B(989.0M) Survivors: 103.0M->101.0M Heap: 1612.8M(1934.0M)->622.3M(1934.0M)]
 [Times: user=0.44 sys=0.00, real=0.06 secs] 
160.038: Total time for which application threads were stopped: 0.0607050 seconds, Stopping threads took: 0.0039920 seconds
160.527: Application time: 0.4882190 seconds
160.527: [GC pause (young), 0.0481860 secs]
   [Parallel Time: 46.6 ms, GC Workers: 8]
      [GC Worker Start (ms): Min: 160526.7, Avg: 160526.7, Max: 160526.7, Diff: 0.1]
      [Ext Root Scanning (ms): Min: 0.6, Avg: 1.0, Max: 3.0, Diff: 2.4, Sum: 7.6]
      [Update RS (ms): Min: 0.0, Avg: 0.0, Max: 0.1, Diff: 0.1, Sum: 0.2]
         [Processed Buffers: Min: 0, Avg: 0.8, Max: 2, Diff: 2, Sum: 6]
      [Scan RS (ms): Min: 0.1, Avg: 0.4, Max: 0.5, Diff: 0.4, Sum: 3.1]
      [Code Root Scanning (ms): Min: 0.0, Avg: 0.0, Max: 0.0, Diff: 0.0, Sum: 0.1]
      [Object Copy (ms): Min: 43.4, Avg: 45.1, Max: 45.4, Diff: 2.0, Sum: 360.9]
      [Termination (ms): Min: 0.0, Avg: 0.0, Max: 0.0, Diff: 0.0, Sum: 0.0]
      [GC Worker Other (ms): Min: 0.0, Avg: 0.1, Max: 0.1, Diff: 0.0, Sum: 0.5]
      [GC Worker Total (ms): Min: 46.5, Avg: 46.5, Max: 46.6, Diff: 0.1, Sum: 372.3]
      [GC Worker End (ms): Min: 160573.2, Avg: 160573.2, Max: 160573.2, Diff: 0.0]
   [Code Root Fixup: 0.1 ms]
   [Code Root Migration: 0.1 ms]
   [Clear CT: 0.4 ms]
   [Other: 0.9 ms]
      [Choose CSet: 0.0 ms]
      [Ref Proc: 0.1 ms]
      [Ref Enq: 0.0 ms]
      [Free CSet: 0.8 ms]
   [Eden: 989.0M(989.0M)->0.0B(1007.0M) Survivors: 101.0M->87.0M Heap: 1611.3M(1934.0M)->607.8M(1934.0M)]
 [Times: user=0.38 sys=0.00, real=0.05 secs] 
160.575: Total time for which application threads were stopped: 0.0483710 seconds, Stopping threads took: 0.0000610 seconds
161.072: Application time: 0.4967700 seconds
161.072: [GC pause (young), 0.0468950 secs]
   [Parallel Time: 45.4 ms, GC Workers: 8]
      [GC Worker Start (ms): Min: 161071.8, Avg: 161071.8, Max: 161071.9, Diff: 0.0]
      [Ext Root Scanning (ms): Min: 0.6, Avg: 0.6, Max: 0.7, Diff: 0.1, Sum: 5.2]
      [Update RS (ms): Min: 0.0, Avg: 0.0, Max: 0.1, Diff: 0.1, Sum: 0.2]
         [Processed Buffers: Min: 0, Avg: 0.8, Max: 2, Diff: 2, Sum: 6]
      [Scan RS (ms): Min: 0.4, Avg: 0.4, Max: 0.5, Diff: 0.1, Sum: 3.4]
      [Code Root Scanning (ms): Min: 0.0, Avg: 0.0, Max: 0.0, Diff: 0.0, Sum: 0.1]
      [Object Copy (ms): Min: 44.1, Avg: 44.2, Max: 44.2, Diff: 0.0, Sum: 353.4]
      [Termination (ms): Min: 0.0, Avg: 0.0, Max: 0.0, Diff: 0.0, Sum: 0.0]
      [GC Worker Other (ms): Min: 0.0, Avg: 0.1, Max: 0.1, Diff: 0.0, Sum: 0.4]
      [GC Worker Total (ms): Min: 45.3, Avg: 45.3, Max: 45.4, Diff: 0.1, Sum: 362.6]
      [GC Worker End (ms): Min: 161117.1, Avg: 161117.2, Max: 161117.2, Diff: 0.0]
   [Code Root Fixup: 0.1 ms]
   [Code Root Migration: 0.1 ms]
   [Clear CT: 0.4 ms]
   [Other: 0.8 ms]
      [Choose CSet: 0.0 ms]
      [Ref Proc: 0.1 ms]
      [Ref Enq: 0.0 ms]
      [Free CSet: 0.7 ms]
   [Eden: 1007.0M(1007.0M)->0.0B(1012.0M) Survivors: 87.0M->85.0M Heap: 1614.8M(1934.0M)->605.8M(1934.0M)]
 [Times: user=0.36 sys=0.00, real=0.05 secs] 
161.119: Total time for which application threads were stopped: 0.0470830 seconds, Stopping threads took: 0.0000660 seconds
161.616: Application time: 0.4968390 seconds
161.616: [GC pause (young), 0.0478580 secs]
   [Parallel Time: 46.4 ms, GC Workers: 8]
      [GC Worker Start (ms): Min: 161615.7, Avg: 161615.7, Max: 161615.8, Diff: 0.1]
      [Ext Root Scanning (ms): Min: 0.6, Avg: 0.7, Max: 0.7, Diff: 0.1, Sum: 5.3]
      [Update RS (ms): Min: 0.0, Avg: 0.0, Max: 0.1, Diff: 0.1, Sum: 0.2]
         [Processed Buffers: Min: 0, Avg: 0.8, Max: 2, Diff: 2, Sum: 6]
      [Scan RS (ms): Min: 0.4, Avg: 0.4, Max: 0.5, Diff: 0.1, Sum: 3.4]
      [Code Root Scanning (ms): Min: 0.0, Avg: 0.0, Max: 0.0, Diff: 0.0, Sum: 0.0]
      [Object Copy (ms): Min: 45.1, Avg: 45.1, Max: 45.2, Diff: 0.0, Sum: 361.2]
      [Termination (ms): Min: 0.0, Avg: 0.0, Max: 0.0, Diff: 0.0, Sum: 0.0]
      [GC Worker Other (ms): Min: 0.0, Avg: 0.0, Max: 0.1, Diff: 0.0, Sum: 0.3]
      [GC Worker Total (ms): Min: 46.3, Avg: 46.3, Max: 46.3, Diff: 0.1, Sum: 370.5]
      [GC Worker End (ms): Min: 161662.0, Avg: 161662.1, Max: 161662.1, Diff: 0.0]
   [Code Root Fixup: 0.1 ms]
   [Code Root Migration: 0.1 ms]
   [Clear CT: 0.4 ms]
   [Other: 0.8 ms]
      [Choose CSet: 0.0 ms]
      [Ref Proc: 0.1 ms]
      [Ref Enq: 0.0 ms]
      [Free CSet: 0.7 ms]
   [Eden: 1012.0M(1012.0M)->0.0B(1014.0M) Survivors: 85.0M->85.0M Heap: 1617.8M(1934.0M)->606.3M(1934.0M)]
 [Times: user=0.37 sys=0.00, real=0.04 secs] 
161.664: Total time for which application threads were stopped: 0.0480450 seconds, Stopping threads took: 0.0000520 seconds
162.161: Application time: 0.4977670 seconds
162.161: [GC pause (young), 0.0425850 secs]
   [Parallel Time: 41.0 ms, GC Workers: 8]
      [GC Worker Start (ms): Min: 162161.5, Avg: 162162.1, Max: 162165.6, Diff: 4.0]
      [Ext Root Scanning (ms): Min: 0.0, Avg: 0.6, Max: 0.9, Diff: 0.8, Sum: 4.9]
      [Update RS (ms): Min: 0.0, Avg: 0.0, Max: 0.1, Diff: 0.1, Sum: 0.2]
         [Processed Buffers: Min: 0, Avg: 0.8, Max: 4, Diff: 4, Sum: 6]
      [Scan RS (ms): Min: 0.2, Avg: 0.4, Max: 0.5, Diff: 0.3, Sum: 3.2]
      [Code Root Scanning (ms): Min: 0.0, Avg: 0.0, Max: 0.0, Diff: 0.0, Sum: 0.1]
      [Object Copy (ms): Min: 36.6, Avg: 39.3, Max: 39.7, Diff: 3.1, Sum: 314.5]
      [Termination (ms): Min: 0.0, Avg: 0.0, Max: 0.0, Diff: 0.0, Sum: 0.0]
      [GC Worker Other (ms): Min: 0.0, Avg: 0.0, Max: 0.1, Diff: 0.0, Sum: 0.4]
      [GC Worker Total (ms): Min: 36.9, Avg: 40.4, Max: 40.9, Diff: 4.1, Sum: 323.2]
      [GC Worker End (ms): Min: 162202.5, Avg: 162202.5, Max: 162202.5, Diff: 0.0]
   [Code Root Fixup: 0.1 ms]
   [Code Root Migration: 0.1 ms]
   [Clear CT: 0.4 ms]
   [Other: 0.9 ms]
      [Choose CSet: 0.0 ms]
      [Ref Proc: 0.1 ms]
      [Ref Enq: 0.0 ms]
      [Free CSet: 0.7 ms]
   [Eden: 1014.0M(1014.0M)->0.0B(1026.0M) Survivors: 85.0M->77.0M Heap: 1620.3M(1934.0M)->597.8M(1934.0M)]
 [Times: user=0.32 sys=0.00, real=0.04 secs] 
162.204: Total time for which application threads were stopped: 0.0427650 seconds, Stopping threads took: 0.0000540 seconds
162.705: Application time: 0.5009620 seconds
162.705: [GC pause (young), 0.0474330 secs]
   [Parallel Time: 45.8 ms, GC Workers: 8]
      [GC Worker Start (ms): Min: 162705.2, Avg: 162705.3, Max: 162705.3, Diff: 0.1]
      [Ext Root Scanning (ms): Min: 0.6, Avg: 0.7, Max: 0.8, Diff: 0.2, Sum: 5.4]
      [Update RS (ms): Min: 0.0, Avg: 0.0, Max: 0.1, Diff: 0.1, Sum: 0.3]
         [Processed Buffers: Min: 0, Avg: 0.8, Max: 2, Diff: 2, Sum: 6]
      [Scan RS (ms): Min: 0.3, Avg: 0.4, Max: 0.5, Diff: 0.2, Sum: 3.4]
      [Code Root Scanning (ms): Min: 0.0, Avg: 0.0, Max: 0.0, Diff: 0.0, Sum: 0.1]
      [Object Copy (ms): Min: 44.4, Avg: 44.5, Max: 44.6, Diff: 0.1, Sum: 356.0]
      [Termination (ms): Min: 0.0, Avg: 0.0, Max: 0.0, Diff: 0.0, Sum: 0.0]
      [GC Worker Other (ms): Min: 0.0, Avg: 0.1, Max: 0.1, Diff: 0.0, Sum: 0.4]
      [GC Worker Total (ms): Min: 45.6, Avg: 45.7, Max: 45.7, Diff: 0.1, Sum: 365.6]
      [GC Worker End (ms): Min: 162750.9, Avg: 162751.0, Max: 162751.0, Diff: 0.1]
   [Code Root Fixup: 0.1 ms]
   [Code Root Migration: 0.1 ms]
   [Clear CT: 0.5 ms]
   [Other: 0.9 ms]
      [Choose CSet: 0.0 ms]
      [Ref Proc: 0.1 ms]
      [Ref Enq: 0.0 ms]
      [Free CSet: 0.8 ms]
   [Eden: 1026.0M(1026.0M)->0.0B(1017.0M) Survivors: 77.0M->86.0M Heap: 1623.8M(1934.0M)->607.3M(1934.0M)]
 [Times: user=0.37 sys=0.00, real=0.05 secs] 
162.753: Total time for which application threads were stopped: 0.0475910 seconds, Stopping threads took: 0.0000300 seconds
163.254: Application time: 0.5009880 seconds
163.254: [GC pause (young), 0.0411950 secs]
   [Parallel Time: 39.6 ms, GC Workers: 8]
      [GC Worker Start (ms): Min: 163253.8, Avg: 163253.9, Max: 163253.9, Diff: 0.1]
      [Ext Root Scanning (ms): Min: 0.6, Avg: 0.7, Max: 0.7, Diff: 0.1, Sum: 5.3]
      [Update RS (ms): Min: 0.0, Avg: 0.0, Max: 0.1, Diff: 0.1, Sum: 0.3]
         [Processed Buffers: Min: 0, Avg: 0.9, Max: 4, Diff: 4, Sum: 7]
      [Scan RS (ms): Min: 0.4, Avg: 0.4, Max: 0.5, Diff: 0.1, Sum: 3.5]
      [Code Root Scanning (ms): Min: 0.0, Avg: 0.0, Max: 0.0, Diff: 0.0, Sum: 0.1]
      [Object Copy (ms): Min: 38.2, Avg: 38.3, Max: 38.3, Diff: 0.1, Sum: 306.3]
      [Termination (ms): Min: 0.0, Avg: 0.0, Max: 0.0, Diff: 0.0, Sum: 0.0]
      [GC Worker Other (ms): Min: 0.0, Avg: 0.1, Max: 0.1, Diff: 0.0, Sum: 0.5]
      [GC Worker Total (ms): Min: 39.5, Avg: 39.5, Max: 39.5, Diff: 0.0, Sum: 315.9]
      [GC Worker End (ms): Min: 163293.3, Avg: 163293.4, Max: 163293.4, Diff: 0.0]
   [Code Root Fixup: 0.2 ms]
   [Code Root Migration: 0.1 ms]
   [Clear CT: 0.5 ms]
   [Other: 0.9 ms]
      [Choose CSet: 0.0 ms]
      [Ref Proc: 0.1 ms]
      [Ref Enq: 0.0 ms]
      [Free CSet: 0.7 ms]
   [Eden: 1017.0M(1017.0M)->0.0B(1028.0M) Survivors: 86.0M->78.0M Heap: 1624.3M(1934.0M)->599.3M(1934.0M)]
 [Times: user=0.32 sys=0.00, real=0.04 secs] 
163.295: Total time for which application threads were stopped: 0.0413900 seconds, Stopping threads took: 0.0000550 seconds
163.789: Application time: 0.4940020 seconds
163.789: [GC pause (young), 0.0497200 secs]
   [Parallel Time: 48.1 ms, GC Workers: 8]
      [GC Worker Start (ms): Min: 163789.2, Avg: 163789.2, Max: 163789.3, Diff: 0.1]
      [Ext Root Scanning (ms): Min: 0.7, Avg: 0.7, Max: 0.7, Diff: 0.1, Sum: 5.5]
      [Update RS (ms): Min: 0.0, Avg: 0.0, Max: 0.1, Diff: 0.1, Sum: 0.2]
         [Processed Buffers: Min: 0, Avg: 0.8, Max: 4, Diff: 4, Sum: 6]
      [Scan RS (ms): Min: 0.4, Avg: 0.4, Max: 0.5, Diff: 0.2, Sum: 3.6]
      [Code Root Scanning (ms): Min: 0.0, Avg: 0.0, Max: 0.0, Diff: 0.0, Sum: 0.1]
      [Object Copy (ms): Min: 46.8, Avg: 46.8, Max: 46.9, Diff: 0.2, Sum: 374.7]
      [Termination (ms): Min: 0.0, Avg: 0.0, Max: 0.0, Diff: 0.0, Sum: 0.1]
      [GC Worker Other (ms): Min: 0.0, Avg: 0.1, Max: 0.1, Diff: 0.0, Sum: 0.5]
      [GC Worker Total (ms): Min: 48.0, Avg: 48.1, Max: 48.1, Diff: 0.1, Sum: 384.6]
      [GC Worker End (ms): Min: 163837.3, Avg: 163837.3, Max: 163837.3, Diff: 0.0]
   [Code Root Fixup: 0.1 ms]
   [Code Root Migration: 0.1 ms]
   [Clear CT: 0.4 ms]
   [Other: 0.9 ms]
      [Choose CSet: 0.0 ms]
      [Ref Proc: 0.1 ms]
      [Ref Enq: 0.0 ms]
      [Free CSet: 0.7 ms]
   [Eden: 1028.0M(1028.0M)->0.0B(1007.0M) Survivors: 78.0M->95.0M Heap: 1627.3M(1934.0M)->616.3M(1934.0M)]
 [Times: user=0.38 sys=0.00, real=0.05 secs] 
163.839: Total time for which application threads were stopped: 0.0498560 seconds, Stopping threads took: 0.0000130 seconds
164.323: Application time: 0.4836680 seconds
164.323: [GC pause (young), 0.0526400 secs]
   [Parallel Time: 51.1 ms, GC Workers: 8]
      [GC Worker Start (ms): Min: 164322.8, Avg: 164322.8, Max: 164322.9, Diff: 0.1]
      [Ext Root Scanning (ms): Min: 0.6, Avg: 0.7, Max: 0.8, Diff: 0.1, Sum: 5.5]
      [Update RS (ms): Min: 0.0, Avg: 0.0, Max: 0.1, Diff: 0.1, Sum: 0.2]
         [Processed Buffers: Min: 0, Avg: 0.8, Max: 2, Diff: 2, Sum: 6]
      [Scan RS (ms): Min: 0.4, Avg: 0.4, Max: 0.5, Diff: 0.1, Sum: 3.5]
      [Code Root Scanning (ms): Min: 0.0, Avg: 0.0, Max: 0.0, Diff: 0.0, Sum: 0.1]
      [Object Copy (ms): Min: 49.8, Avg: 49.8, Max: 49.8, Diff: 0.0, Sum: 398.6]
      [Termination (ms): Min: 0.0, Avg: 0.0, Max: 0.0, Diff: 0.0, Sum: 0.0]
      [GC Worker Other (ms): Min: 0.0, Avg: 0.0, Max: 0.1, Diff: 0.0, Sum: 0.4]
      [GC Worker Total (ms): Min: 51.0, Avg: 51.0, Max: 51.1, Diff: 0.1, Sum: 408.3]
      [GC Worker End (ms): Min: 164373.8, Avg: 164373.9, Max: 164373.9, Diff: 0.0]
   [Code Root Fixup: 0.1 ms]
   [Code Root Migration: 0.1 ms]
   [Clear CT: 0.4 ms]
   [Other: 0.8 ms]
      [Choose CSet: 0.0 ms]
      [Ref Proc: 0.1 ms]
      [Ref Enq: 0.0 ms]
      [Free CSet: 0.7 ms]
   [Eden: 1007.0M(1007.0M)->0.0B(997.0M) Survivors: 95.0M->101.0M Heap: 1623.3M(1934.0M)->621.8M(1934.0M)]
 [Times: user=0.41 sys=0.00, real=0.06 secs] 
164.375: Total time for which application threads were stopped: 0.0528530 seconds, Stopping threads took: 0.0000840 seconds
164.862: Application time: 0.4864250 seconds
164.862: [GC pause (young), 0.0588000 secs]
   [Parallel Time: 57.2 ms, GC Workers: 8]
      [GC Worker Start (ms): Min: 164862.1, Avg: 164862.1, Max: 164862.1, Diff: 0.1]
      [Ext Root Scanning (ms): Min: 0.6, Avg: 0.7, Max: 0.7, Diff: 0.1, Sum: 5.4]
      [Update RS (ms): Min: 0.0, Avg: 0.0, Max: 0.1, Diff: 0.1, Sum: 0.2]
         [Processed Buffers: Min: 0, Avg: 0.8, Max: 3, Diff: 3, Sum: 6]
      [Scan RS (ms): Min: 0.4, Avg: 0.4, Max: 0.5, Diff: 0.1, Sum: 3.5]
      [Code Root Scanning (ms): Min: 0.0, Avg: 0.0, Max: 0.0, Diff: 0.0, Sum: 0.1]
      [Object Copy (ms): Min: 55.9, Avg: 55.9, Max: 56.0, Diff: 0.1, Sum: 447.4]
      [Termination (ms): Min: 0.0, Avg: 0.0, Max: 0.0, Diff: 0.0, Sum: 0.0]
      [GC Worker Other (ms): Min: 0.0, Avg: 0.1, Max: 0.1, Diff: 0.0, Sum: 0.4]
      [GC Worker Total (ms): Min: 57.1, Avg: 57.1, Max: 57.2, Diff: 0.1, Sum: 457.0]
      [GC Worker End (ms): Min: 164919.2, Avg: 164919.2, Max: 164919.2, Diff: 0.1]
   [Code Root Fixup: 0.1 ms]
   [Code Root Migration: 0.1 ms]
   [Clear CT: 0.4 ms]
   [Other: 0.9 ms]
      [Choose CSet: 0.0 ms]
      [Ref Proc: 0.1 ms]
      [Ref Enq: 0.0 ms]
      [Free CSet: 0.7 ms]
   [Eden: 997.0M(997.0M)->0.0B(984.0M) Survivors: 101.0M->109.0M Heap: 1618.8M(1934.0M)->629.8M(1934.0M)]
 [Times: user=0.46 sys=0.00, real=0.06 secs] 
164.921: Total time for which application threads were stopped: 0.0590090 seconds, Stopping threads took: 0.0000740 seconds
165.401: Application time: 0.4805590 seconds
165.402: [GC pause (young), 0.0589060 secs]
   [Parallel Time: 57.4 ms, GC Workers: 8]
      [GC Worker Start (ms): Min: 165401.6, Avg: 165401.6, Max: 165401.7, Diff: 0.1]
      [Ext Root Scanning (ms): Min: 0.6, Avg: 0.7, Max: 0.7, Diff: 0.1, Sum: 5.4]
      [Update RS (ms): Min: 0.0, Avg: 0.0, Max: 0.1, Diff: 0.1, Sum: 0.3]
         [Processed Buffers: Min: 0, Avg: 0.8, Max: 2, Diff: 2, Sum: 6]
      [Scan RS (ms): Min: 0.4, Avg: 0.4, Max: 0.5, Diff: 0.1, Sum: 3.5]
      [Code Root Scanning (ms): Min: 0.0, Avg: 0.0, Max: 0.0, Diff: 0.0, Sum: 0.1]
      [Object Copy (ms): Min: 56.0, Avg: 56.1, Max: 56.1, Diff: 0.1, Sum: 448.6]
      [Termination (ms): Min: 0.0, Avg: 0.0, Max: 0.0, Diff: 0.0, Sum: 0.0]
      [GC Worker Other (ms): Min: 0.0, Avg: 0.1, Max: 0.1, Diff: 0.1, Sum: 0.5]
      [GC Worker Total (ms): Min: 57.3, Avg: 57.3, Max: 57.3, Diff: 0.1, Sum: 458.3]
      [GC Worker End (ms): Min: 165458.9, Avg: 165458.9, Max: 165459.0, Diff: 0.1]
   [Code Root Fixup: 0.1 ms]
   [Code Root Migration: 0.1 ms]
   [Clear CT: 0.4 ms]
   [Other: 0.9 ms]
      [Choose CSet: 0.0 ms]
      [Ref Proc: 0.1 ms]
      [Ref Enq: 0.0 ms]
      [Free CSet: 0.7 ms]
   [Eden: 984.0M(984.0M)->0.0B(980.0M) Survivors: 109.0M->109.0M Heap: 1613.8M(1934.0M)->630.3M(1934.0M)]
 [Times: user=0.46 sys=0.00, real=0.06 secs] 
165.461: Total time for which application threads were stopped: 0.0590830 seconds, Stopping threads took: 0.0000450 seconds
165.947: Application time: 0.4862430 seconds
165.947: [GC pause (young), 0.0574150 secs]
   [Parallel Time: 55.7 ms, GC Workers: 8]
      [GC Worker Start (ms): Min: 165947.0, Avg: 165947.0, Max: 165947.0, Diff: 0.1]
      [Ext Root Scanning (ms): Min: 0.6, Avg: 0.7, Max: 0.8, Diff: 0.2, Sum: 5.4]
      [Update RS (ms): Min: 0.0, Avg: 0.0, Max: 0.1, Diff: 0.1, Sum: 0.2]
         [Processed Buffers: Min: 0, Avg: 0.8, Max: 2, Diff: 2, Sum: 6]
      [Scan RS (ms): Min: 0.4, Avg: 0.4, Max: 0.5, Diff: 0.1, Sum: 3.4]
      [Code Root Scanning (ms): Min: 0.0, Avg: 0.0, Max: 0.0, Diff: 0.0, Sum: 0.1]
      [Object Copy (ms): Min: 54.4, Avg: 54.4, Max: 54.4, Diff: 0.0, Sum: 435.4]
      [Termination (ms): Min: 0.0, Avg: 0.0, Max: 0.0, Diff: 0.0, Sum: 0.0]
      [GC Worker Other (ms): Min: 0.0, Avg: 0.1, Max: 0.1, Diff: 0.1, Sum: 0.5]
      [GC Worker Total (ms): Min: 55.6, Avg: 55.6, Max: 55.6, Diff: 0.1, Sum: 444.9]
      [GC Worker End (ms): Min: 166002.6, Avg: 166002.6, Max: 166002.6, Diff: 0.1]
   [Code Root Fixup: 0.1 ms]
   [Code Root Migration: 0.1 ms]
   [Clear CT: 0.5 ms]
   [Other: 1.0 ms]
      [Choose CSet: 0.0 ms]
      [Ref Proc: 0.1 ms]
      [Ref Enq: 0.0 ms]
      [Free CSet: 0.8 ms]
   [Eden: 980.0M(980.0M)->0.0B(985.0M) Survivors: 109.0M->103.0M Heap: 1610.3M(1934.0M)->624.4M(1934.0M)]
 [Times: user=0.45 sys=0.00, real=0.05 secs] 
166.004: Total time for which application threads were stopped: 0.0576080 seconds, Stopping threads took: 0.0000560 seconds
166.491: Application time: 0.4867240 seconds
166.491: [GC pause (young), 0.0563710 secs]
   [Parallel Time: 54.8 ms, GC Workers: 8]
      [GC Worker Start (ms): Min: 166491.3, Avg: 166491.3, Max: 166491.4, Diff: 0.1]
      [Ext Root Scanning (ms): Min: 0.6, Avg: 0.6, Max: 0.7, Diff: 0.1, Sum: 5.1]
      [Update RS (ms): Min: 0.0, Avg: 0.0, Max: 0.1, Diff: 0.1, Sum: 0.2]
         [Processed Buffers: Min: 0, Avg: 0.8, Max: 3, Diff: 3, Sum: 6]
      [Scan RS (ms): Min: 0.4, Avg: 0.4, Max: 0.5, Diff: 0.1, Sum: 3.3]
      [Code Root Scanning (ms): Min: 0.0, Avg: 0.0, Max: 0.0, Diff: 0.0, Sum: 0.1]
      [Object Copy (ms): Min: 53.6, Avg: 53.6, Max: 53.7, Diff: 0.1, Sum: 428.8]
      [Termination (ms): Min: 0.0, Avg: 0.0, Max: 0.0, Diff: 0.0, Sum: 0.0]
      [GC Worker Other (ms): Min: 0.0, Avg: 0.1, Max: 0.1, Diff: 0.0, Sum: 0.4]
      [GC Worker Total (ms): Min: 54.7, Avg: 54.7, Max: 54.8, Diff: 0.1, Sum: 437.9]
      [GC Worker End (ms): Min: 166546.0, Avg: 166546.1, Max: 166546.1, Diff: 0.0]
   [Code Root Fixup: 0.1 ms]
   [Code Root Migration: 0.1 ms]
   [Clear CT: 0.5 ms]
   [Other: 0.9 ms]
      [Choose CSet: 0.0 ms]
      [Ref Proc: 0.1 ms]
      [Ref Enq: 0.0 ms]
      [Free CSet: 0.7 ms]
   [Eden: 985.0M(985.0M)->0.0B(987.0M) Survivors: 103.0M->100.0M Heap: 1609.4M(1934.0M)->621.4M(1934.0M)]
 [Times: user=0.44 sys=0.00, real=0.06 secs] 
166.548: Total time for which application threads were stopped: 0.0565590 seconds, Stopping threads took: 0.0000560 seconds
167.033: Application time: 0.4852780 seconds
167.033: [GC pause (young), 0.0526860 secs]
   [Parallel Time: 51.1 ms, GC Workers: 8]
      [GC Worker Start (ms): Min: 167033.1, Avg: 167033.2, Max: 167033.2, Diff: 0.1]
      [Ext Root Scanning (ms): Min: 0.6, Avg: 0.6, Max: 0.7, Diff: 0.1, Sum: 5.1]
      [Update RS (ms): Min: 0.0, Avg: 0.0, Max: 0.1, Diff: 0.1, Sum: 0.2]
         [Processed Buffers: Min: 0, Avg: 0.8, Max: 3, Diff: 3, Sum: 6]
      [Scan RS (ms): Min: 0.4, Avg: 0.4, Max: 0.5, Diff: 0.1, Sum: 3.3]
      [Code Root Scanning (ms): Min: 0.0, Avg: 0.0, Max: 0.0, Diff: 0.0, Sum: 0.1]
      [Object Copy (ms): Min: 49.8, Avg: 49.9, Max: 49.9, Diff: 0.0, Sum: 398.8]
      [Termination (ms): Min: 0.0, Avg: 0.0, Max: 0.0, Diff: 0.0, Sum: 0.0]
      [GC Worker Other (ms): Min: 0.0, Avg: 0.1, Max: 0.1, Diff: 0.1, Sum: 0.5]
      [GC Worker Total (ms): Min: 50.9, Avg: 51.0, Max: 51.1, Diff: 0.1, Sum: 408.1]
      [GC Worker End (ms): Min: 167084.1, Avg: 167084.2, Max: 167084.2, Diff: 0.1]
   [Code Root Fixup: 0.1 ms]
   [Code Root Migration: 0.1 ms]
   [Clear CT: 0.5 ms]
   [Other: 0.9 ms]
      [Choose CSet: 0.0 ms]
      [Ref Proc: 0.2 ms]
      [Ref Enq: 0.0 ms]
      [Free CSet: 0.7 ms]
   [Eden: 987.0M(987.0M)->0.0B(997.0M) Survivors: 100.0M->92.0M Heap: 1608.4M(1934.0M)->613.0M(1934.0M)]
 [Times: user=0.41 sys=0.00, real=0.06 secs] 
167.086: Total time for which application threads were stopped: 0.0528670 seconds, Stopping threads took: 0.0000490 seconds
167.586: Application time: 0.5004810 seconds
167.586: [GC pause (young), 0.0496590 secs]
   [Parallel Time: 48.2 ms, GC Workers: 8]
      [GC Worker Start (ms): Min: 167586.4, Avg: 167586.5, Max: 167586.5, Diff: 0.1]
      [Ext Root Scanning (ms): Min: 0.6, Avg: 0.7, Max: 0.7, Diff: 0.1, Sum: 5.2]
      [Update RS (ms): Min: 0.0, Avg: 0.0, Max: 0.1, Diff: 0.1, Sum: 0.2]
         [Processed Buffers: Min: 0, Avg: 0.8, Max: 2, Diff: 2, Sum: 6]
      [Scan RS (ms): Min: 0.4, Avg: 0.4, Max: 0.5, Diff: 0.1, Sum: 3.5]
      [Code Root Scanning (ms): Min: 0.0, Avg: 0.0, Max: 0.0, Diff: 0.0, Sum: 0.1]
      [Object Copy (ms): Min: 46.9, Avg: 46.9, Max: 46.9, Diff: 0.0, Sum: 375.2]
      [Termination (ms): Min: 0.0, Avg: 0.0, Max: 0.0, Diff: 0.0, Sum: 0.0]
      [GC Worker Other (ms): Min: 0.0, Avg: 0.1, Max: 0.1, Diff: 0.1, Sum: 0.5]
      [GC Worker Total (ms): Min: 48.0, Avg: 48.1, Max: 48.1, Diff: 0.1, Sum: 384.7]
      [GC Worker End (ms): Min: 167634.5, Avg: 167634.6, Max: 167634.6, Diff: 0.1]
   [Code Root Fixup: 0.1 ms]
   [Code Root Migration: 0.1 ms]
   [Clear CT: 0.4 ms]
   [Other: 0.8 ms]
      [Choose CSet: 0.0 ms]
      [Ref Proc: 0.1 ms]
      [Ref Enq: 0.0 ms]
      [Free CSet: 0.7 ms]
   [Eden: 997.0M(997.0M)->0.0B(1006.0M) Survivors: 92.0M->87.0M Heap: 1610.0M(1934.0M)->607.9M(1934.0M)]
 [Times: user=0.39 sys=0.00, real=0.05 secs] 
167.636: Total time for which application threads were stopped: 0.0498080 seconds, Stopping threads took: 0.0000130 seconds
168.135: Application time: 0.4993010 seconds
168.136: [GC pause (young), 0.0360990 secs]
   [Parallel Time: 34.6 ms, GC Workers: 8]
      [GC Worker Start (ms): Min: 168135.6, Avg: 168135.6, Max: 168135.7, Diff: 0.1]
      [Ext Root Scanning (ms): Min: 0.6, Avg: 0.7, Max: 0.7, Diff: 0.1, Sum: 5.4]
      [Update RS (ms): Min: 0.0, Avg: 0.0, Max: 0.1, Diff: 0.1, Sum: 0.2]
         [Processed Buffers: Min: 0, Avg: 0.8, Max: 3, Diff: 3, Sum: 6]
      [Scan RS (ms): Min: 0.4, Avg: 0.4, Max: 0.5, Diff: 0.1, Sum: 3.4]
      [Code Root Scanning (ms): Min: 0.0, Avg: 0.0, Max: 0.0, Diff: 0.0, Sum: 0.1]
      [Object Copy (ms): Min: 33.3, Avg: 33.3, Max: 33.3, Diff: 0.0, Sum: 266.5]
      [Termination (ms): Min: 0.0, Avg: 0.0, Max: 0.0, Diff: 0.0, Sum: 0.0]
      [GC Worker Other (ms): Min: 0.0, Avg: 0.0, Max: 0.1, Diff: 0.0, Sum: 0.4]
      [GC Worker Total (ms): Min: 34.5, Avg: 34.5, Max: 34.5, Diff: 0.1, Sum: 276.0]
      [GC Worker End (ms): Min: 168170.1, Avg: 168170.1, Max: 168170.1, Diff: 0.0]
   [Code Root Fixup: 0.1 ms]
   [Code Root Migration: 0.1 ms]
   [Clear CT: 0.4 ms]
   [Other: 0.9 ms]
      [Choose CSet: 0.0 ms]
      [Ref Proc: 0.1 ms]
      [Ref Enq: 0.0 ms]
      [Free CSet: 0.7 ms]
   [Eden: 1006.0M(1006.0M)->0.0B(1038.0M) Survivors: 87.0M->64.0M Heap: 1613.9M(1934.0M)->584.9M(1934.0M)]
 [Times: user=0.28 sys=0.00, real=0.03 secs] 
168.172: Total time for which application threads were stopped: 0.0362890 seconds, Stopping threads took: 0.0000640 seconds
168.672: Application time: 0.5000050 seconds
168.672: [GC pause (young), 0.0354880 secs]
   [Parallel Time: 33.9 ms, GC Workers: 8]
      [GC Worker Start (ms): Min: 168671.9, Avg: 168672.1, Max: 168673.6, Diff: 1.7]
      [Ext Root Scanning (ms): Min: 0.0, Avg: 0.6, Max: 0.9, Diff: 0.9, Sum: 5.0]
      [Update RS (ms): Min: 0.0, Avg: 0.0, Max: 0.1, Diff: 0.1, Sum: 0.2]
         [Processed Buffers: Min: 0, Avg: 0.8, Max: 2, Diff: 2, Sum: 6]
      [Scan RS (ms): Min: 0.0, Avg: 0.4, Max: 0.5, Diff: 0.5, Sum: 3.1]
      [Code Root Scanning (ms): Min: 0.0, Avg: 0.0, Max: 0.0, Diff: 0.0, Sum: 0.1]
      [Object Copy (ms): Min: 32.0, Avg: 32.5, Max: 32.6, Diff: 0.5, Sum: 259.8]
      [Termination (ms): Min: 0.0, Avg: 0.0, Max: 0.0, Diff: 0.0, Sum: 0.0]
      [GC Worker Other (ms): Min: 0.0, Avg: 0.1, Max: 0.1, Diff: 0.1, Sum: 0.6]
      [GC Worker Total (ms): Min: 32.1, Avg: 33.6, Max: 33.8, Diff: 1.7, Sum: 268.8]
      [GC Worker End (ms): Min: 168705.7, Avg: 168705.7, Max: 168705.7, Diff: 0.1]
   [Code Root Fixup: 0.1 ms]
   [Code Root Migration: 0.1 ms]
   [Clear CT: 0.5 ms]
   [Other: 0.8 ms]
      [Choose CSet: 0.0 ms]
      [Ref Proc: 0.1 ms]
      [Ref Enq: 0.0 ms]
      [Free CSet: 0.7 ms]
   [Eden: 1038.0M(1038.0M)->0.0B(1039.0M) Survivors: 64.0M->68.0M Heap: 1622.9M(1934.0M)->589.4M(1934.0M)]
 [Times: user=0.27 sys=0.00, real=0.04 secs] 
168.707: Total time for which application threads were stopped: 0.0356460 seconds, Stopping threads took: 0.0000280 seconds
169.207: Application time: 0.4996780 seconds
169.207: [GC pause (young), 0.0439920 secs]
   [Parallel Time: 42.3 ms, GC Workers: 8]
      [GC Worker Start (ms): Min: 169207.2, Avg: 169207.3, Max: 169207.3, Diff: 0.1]
      [Ext Root Scanning (ms): Min: 0.6, Avg: 0.7, Max: 0.7, Diff: 0.1, Sum: 5.5]
      [Update RS (ms): Min: 0.0, Avg: 0.0, Max: 0.1, Diff: 0.1, Sum: 0.2]
         [Processed Buffers: Min: 0, Avg: 0.8, Max: 2, Diff: 2, Sum: 6]
      [Scan RS (ms): Min: 0.4, Avg: 0.4, Max: 0.5, Diff: 0.1, Sum: 3.4]
      [Code Root Scanning (ms): Min: 0.0, Avg: 0.0, Max: 0.0, Diff: 0.0, Sum: 0.1]
      [Object Copy (ms): Min: 41.0, Avg: 41.0, Max: 41.1, Diff: 0.0, Sum: 328.4]
      [Termination (ms): Min: 0.0, Avg: 0.0, Max: 0.0, Diff: 0.0, Sum: 0.0]
      [GC Worker Other (ms): Min: 0.0, Avg: 0.1, Max: 0.1, Diff: 0.1, Sum: 0.6]
      [GC Worker Total (ms): Min: 42.2, Avg: 42.3, Max: 42.3, Diff: 0.1, Sum: 338.1]
      [GC Worker End (ms): Min: 169249.5, Avg: 169249.5, Max: 169249.6, Diff: 0.1]
   [Code Root Fixup: 0.2 ms]
   [Code Root Migration: 0.1 ms]
   [Clear CT: 0.5 ms]
   [Other: 0.9 ms]
      [Choose CSet: 0.0 ms]
      [Ref Proc: 0.1 ms]
      [Ref Enq: 0.0 ms]
      [Free CSet: 0.7 ms]
   [Eden: 1039.0M(1039.0M)->0.0B(1021.0M) Survivors: 68.0M->84.0M Heap: 1628.4M(1934.0M)->605.4M(1934.0M)]
 [Times: user=0.33 sys=0.00, real=0.04 secs] 
169.251: Total time for which application threads were stopped: 0.0441980 seconds, Stopping threads took: 0.0000590 seconds
169.747: Application time: 0.4956460 seconds
169.747: [GC pause (young), 0.0462650 secs]
   [Parallel Time: 44.7 ms, GC Workers: 8]
      [GC Worker Start (ms): Min: 169747.1, Avg: 169747.1, Max: 169747.1, Diff: 0.1]
      [Ext Root Scanning (ms): Min: 0.6, Avg: 0.7, Max: 0.8, Diff: 0.1, Sum: 5.4]
      [Update RS (ms): Min: 0.0, Avg: 0.0, Max: 0.1, Diff: 0.1, Sum: 0.2]
         [Processed Buffers: Min: 0, Avg: 0.8, Max: 2, Diff: 2, Sum: 6]
      [Scan RS (ms): Min: 0.3, Avg: 0.4, Max: 0.5, Diff: 0.2, Sum: 3.5]
      [Code Root Scanning (ms): Min: 0.0, Avg: 0.0, Max: 0.0, Diff: 0.0, Sum: 0.0]
      [Object Copy (ms): Min: 43.4, Avg: 43.4, Max: 43.5, Diff: 0.2, Sum: 347.2]
      [Termination (ms): Min: 0.0, Avg: 0.0, Max: 0.0, Diff: 0.0, Sum: 0.0]
      [GC Worker Other (ms): Min: 0.0, Avg: 0.1, Max: 0.1, Diff: 0.0, Sum: 0.5]
      [GC Worker Total (ms): Min: 44.6, Avg: 44.6, Max: 44.7, Diff: 0.1, Sum: 357.0]
      [GC Worker End (ms): Min: 169791.7, Avg: 169791.7, Max: 169791.7, Diff: 0.1]
   [Code Root Fixup: 0.1 ms]
   [Code Root Migration: 0.1 ms]
   [Clear CT: 0.5 ms]
   [Other: 0.9 ms]
      [Choose CSet: 0.0 ms]
      [Ref Proc: 0.1 ms]
      [Ref Enq: 0.0 ms]
      [Free CSet: 0.7 ms]
   [Eden: 1021.0M(1021.0M)->0.0B(1017.0M) Survivors: 84.0M->86.0M Heap: 1626.4M(1934.0M)->606.9M(1934.0M)]
 [Times: user=0.36 sys=0.00, real=0.04 secs] 
169.793: Total time for which application threads were stopped: 0.0464500 seconds, Stopping threads took: 0.0000560 seconds
170.283: Application time: 0.4895210 seconds
170.283: [GC pause (young), 0.0513650 secs]
   [Parallel Time: 49.8 ms, GC Workers: 8]
      [GC Worker Start (ms): Min: 170283.1, Avg: 170283.1, Max: 170283.2, Diff: 0.1]
      [Ext Root Scanning (ms): Min: 0.6, Avg: 0.7, Max: 0.8, Diff: 0.1, Sum: 5.6]
      [Update RS (ms): Min: 0.0, Avg: 0.0, Max: 0.1, Diff: 0.1, Sum: 0.3]
         [Processed Buffers: Min: 0, Avg: 0.8, Max: 3, Diff: 3, Sum: 6]
      [Scan RS (ms): Min: 0.4, Avg: 0.4, Max: 0.5, Diff: 0.1, Sum: 3.4]
      [Code Root Scanning (ms): Min: 0.0, Avg: 0.0, Max: 0.0, Diff: 0.0, Sum: 0.1]
      [Object Copy (ms): Min: 48.5, Avg: 48.5, Max: 48.6, Diff: 0.1, Sum: 388.0]
      [Termination (ms): Min: 0.0, Avg: 0.0, Max: 0.0, Diff: 0.0, Sum: 0.0]
      [GC Worker Other (ms): Min: 0.0, Avg: 0.1, Max: 0.1, Diff: 0.1, Sum: 0.5]
      [GC Worker Total (ms): Min: 49.7, Avg: 49.7, Max: 49.8, Diff: 0.1, Sum: 397.9]
      [GC Worker End (ms): Min: 170332.8, Avg: 170332.9, Max: 170332.9, Diff: 0.1]
   [Code Root Fixup: 0.1 ms]
   [Code Root Migration: 0.1 ms]
   [Clear CT: 0.4 ms]
   [Other: 0.9 ms]
      [Choose CSet: 0.0 ms]
      [Ref Proc: 0.1 ms]
      [Ref Enq: 0.0 ms]
      [Free CSet: 0.7 ms]
   [Eden: 1017.0M(1017.0M)->0.0B(1001.0M) Survivors: 86.0M->97.0M Heap: 1623.9M(1934.0M)->618.4M(1934.0M)]
 [Times: user=0.40 sys=0.00, real=0.06 secs] 
170.335: Total time for which application threads were stopped: 0.0516110 seconds, Stopping threads took: 0.0000570 seconds
170.827: Application time: 0.4921030 seconds
170.827: [GC pause (young), 0.0546640 secs]
   [Parallel Time: 53.1 ms, GC Workers: 8]
      [GC Worker Start (ms): Min: 170826.8, Avg: 170827.1, Max: 170829.6, Diff: 2.8]
      [Ext Root Scanning (ms): Min: 0.0, Avg: 0.6, Max: 0.8, Diff: 0.8, Sum: 4.8]
      [Update RS (ms): Min: 0.0, Avg: 0.0, Max: 0.1, Diff: 0.1, Sum: 0.2]
         [Processed Buffers: Min: 0, Avg: 0.8, Max: 2, Diff: 2, Sum: 6]
      [Scan RS (ms): Min: 0.0, Avg: 0.4, Max: 0.5, Diff: 0.5, Sum: 3.0]
      [Code Root Scanning (ms): Min: 0.0, Avg: 0.0, Max: 0.0, Diff: 0.0, Sum: 0.1]
      [Object Copy (ms): Min: 50.1, Avg: 51.6, Max: 51.8, Diff: 1.7, Sum: 412.6]
      [Termination (ms): Min: 0.0, Avg: 0.0, Max: 0.0, Diff: 0.0, Sum: 0.0]
      [GC Worker Other (ms): Min: 0.0, Avg: 0.1, Max: 0.1, Diff: 0.0, Sum: 0.4]
      [GC Worker Total (ms): Min: 50.2, Avg: 52.6, Max: 53.0, Diff: 2.8, Sum: 421.2]
      [GC Worker End (ms): Min: 170879.8, Avg: 170879.8, Max: 170879.8, Diff: 0.0]
   [Code Root Fixup: 0.1 ms]
   [Code Root Migration: 0.1 ms]
   [Clear CT: 0.5 ms]
   [Other: 0.9 ms]
      [Choose CSet: 0.0 ms]
      [Ref Proc: 0.1 ms]
      [Ref Enq: 0.0 ms]
      [Free CSet: 0.7 ms]
   [Eden: 1001.0M(1001.0M)->0.0B(991.0M) Survivors: 97.0M->103.0M Heap: 1619.4M(1934.0M)->623.9M(1934.0M)]
 [Times: user=0.43 sys=0.00, real=0.05 secs] 
170.882: Total time for which application threads were stopped: 0.0548760 seconds, Stopping threads took: 0.0000720 seconds
171.365: Application time: 0.4831370 seconds
171.365: [GC pause (young), 0.0574740 secs]
   [Parallel Time: 55.9 ms, GC Workers: 8]
      [GC Worker Start (ms): Min: 171364.8, Avg: 171364.8, Max: 171364.8, Diff: 0.1]
      [Ext Root Scanning (ms): Min: 0.7, Avg: 0.7, Max: 0.7, Diff: 0.1, Sum: 5.5]
      [Update RS (ms): Min: 0.0, Avg: 0.0, Max: 0.1, Diff: 0.1, Sum: 0.2]
         [Processed Buffers: Min: 0, Avg: 0.9, Max: 2, Diff: 2, Sum: 7]
      [Scan RS (ms): Min: 0.4, Avg: 0.4, Max: 0.5, Diff: 0.1, Sum: 3.5]
      [Code Root Scanning (ms): Min: 0.0, Avg: 0.0, Max: 0.0, Diff: 0.0, Sum: 0.1]
      [Object Copy (ms): Min: 54.6, Avg: 54.6, Max: 54.7, Diff: 0.1, Sum: 437.2]
      [Termination (ms): Min: 0.0, Avg: 0.0, Max: 0.0, Diff: 0.0, Sum: 0.0]
      [GC Worker Other (ms): Min: 0.0, Avg: 0.1, Max: 0.1, Diff: 0.0, Sum: 0.5]
      [GC Worker Total (ms): Min: 55.8, Avg: 55.9, Max: 55.9, Diff: 0.1, Sum: 446.9]
      [GC Worker End (ms): Min: 171420.7, Avg: 171420.7, Max: 171420.7, Diff: 0.0]
   [Code Root Fixup: 0.1 ms]
   [Code Root Migration: 0.1 ms]
   [Clear CT: 0.4 ms]
   [Other: 0.9 ms]
      [Choose CSet: 0.0 ms]
      [Ref Proc: 0.1 ms]
      [Ref Enq: 0.0 ms]
      [Free CSet: 0.7 ms]
   [Eden: 991.0M(991.0M)->0.0B(987.0M) Survivors: 103.0M->104.0M Heap: 1614.9M(1934.0M)->624.9M(1934.0M)]
 [Times: user=0.45 sys=0.00, real=0.06 secs] 
171.422: Total time for which application threads were stopped: 0.0576590 seconds, Stopping threads took: 0.0000600 seconds
171.903: Application time: 0.4810660 seconds
171.903: [GC pause (young), 0.0578200 secs]
   [Parallel Time: 56.3 ms, GC Workers: 8]
      [GC Worker Start (ms): Min: 171903.5, Avg: 171903.5, Max: 171903.6, Diff: 0.1]
      [Ext Root Scanning (ms): Min: 0.6, Avg: 0.7, Max: 0.7, Diff: 0.1, Sum: 5.3]
      [Update RS (ms): Min: 0.0, Avg: 0.0, Max: 0.1, Diff: 0.1, Sum: 0.2]
         [Processed Buffers: Min: 0, Avg: 0.9, Max: 2, Diff: 2, Sum: 7]
      [Scan RS (ms): Min: 0.3, Avg: 0.4, Max: 0.5, Diff: 0.1, Sum: 3.4]
      [Code Root Scanning (ms): Min: 0.0, Avg: 0.0, Max: 0.0, Diff: 0.0, Sum: 0.1]
      [Object Copy (ms): Min: 55.0, Avg: 55.0, Max: 55.1, Diff: 0.1, Sum: 440.1]
      [Termination (ms): Min: 0.0, Avg: 0.0, Max: 0.0, Diff: 0.0, Sum: 0.0]
      [GC Worker Other (ms): Min: 0.0, Avg: 0.1, Max: 0.1, Diff: 0.0, Sum: 0.5]
      [GC Worker Total (ms): Min: 56.2, Avg: 56.2, Max: 56.2, Diff: 0.1, Sum: 449.6]
      [GC Worker End (ms): Min: 171959.7, Avg: 171959.7, Max: 171959.8, Diff: 0.0]
   [Code Root Fixup: 0.1 ms]
   [Code Root Migration: 0.1 ms]
   [Clear CT: 0.4 ms]
   [Other: 0.8 ms]
      [Choose CSet: 0.0 ms]
      [Ref Proc: 0.1 ms]
      [Ref Enq: 0.0 ms]
      [Free CSet: 0.7 ms]
   [Eden: 987.0M(987.0M)->0.0B(984.0M) Survivors: 104.0M->105.0M Heap: 1611.9M(1934.0M)->625.9M(1934.0M)]
 [Times: user=0.45 sys=0.00, real=0.06 secs] 
171.961: Total time for which application threads were stopped: 0.0580070 seconds, Stopping threads took: 0.0000500 seconds
172.438: Application time: 0.4769190 seconds
172.438: [GC pause (young), 0.0564950 secs]
   [Parallel Time: 54.9 ms, GC Workers: 8]
      [GC Worker Start (ms): Min: 172438.4, Avg: 172438.5, Max: 172438.5, Diff: 0.0]
      [Ext Root Scanning (ms): Min: 0.6, Avg: 0.7, Max: 0.7, Diff: 0.1, Sum: 5.3]
      [Update RS (ms): Min: 0.0, Avg: 0.0, Max: 0.1, Diff: 0.1, Sum: 0.2]
         [Processed Buffers: Min: 0, Avg: 1.0, Max: 2, Diff: 2, Sum: 8]
      [Scan RS (ms): Min: 0.4, Avg: 0.4, Max: 0.5, Diff: 0.1, Sum: 3.4]
      [Code Root Scanning (ms): Min: 0.0, Avg: 0.0, Max: 0.0, Diff: 0.0, Sum: 0.1]
      [Object Copy (ms): Min: 53.6, Avg: 53.6, Max: 53.7, Diff: 0.0, Sum: 429.2]
      [Termination (ms): Min: 0.0, Avg: 0.0, Max: 0.0, Diff: 0.0, Sum: 0.0]
      [GC Worker Other (ms): Min: 0.0, Avg: 0.1, Max: 0.1, Diff: 0.1, Sum: 0.5]
      [GC Worker Total (ms): Min: 54.8, Avg: 54.8, Max: 54.9, Diff: 0.1, Sum: 438.7]
      [GC Worker End (ms): Min: 172493.3, Avg: 172493.3, Max: 172493.3, Diff: 0.1]
   [Code Root Fixup: 0.1 ms]
   [Code Root Migration: 0.1 ms]
   [Clear CT: 0.4 ms]
   [Other: 0.9 ms]
      [Choose CSet: 0.0 ms]
      [Ref Proc: 0.1 ms]
      [Ref Enq: 0.0 ms]
      [Free CSet: 0.7 ms]
   [Eden: 984.0M(984.0M)->0.0B(984.0M) Survivors: 105.0M->104.0M Heap: 1609.9M(1934.0M)->625.4M(1934.0M)]
 [Times: user=0.44 sys=0.00, real=0.06 secs] 
172.495: Total time for which application threads were stopped: 0.0566800 seconds, Stopping threads took: 0.0000590 seconds
172.977: Application time: 0.4818460 seconds
172.977: [GC pause (young), 0.0575820 secs]
   [Parallel Time: 56.0 ms, GC Workers: 8]
      [GC Worker Start (ms): Min: 172977.0, Avg: 172977.6, Max: 172982.2, Diff: 5.2]
      [Ext Root Scanning (ms): Min: 0.0, Avg: 0.6, Max: 0.8, Diff: 0.8, Sum: 4.7]
      [Update RS (ms): Min: 0.0, Avg: 0.0, Max: 0.1, Diff: 0.1, Sum: 0.2]
         [Processed Buffers: Min: 0, Avg: 1.0, Max: 3, Diff: 3, Sum: 8]
      [Scan RS (ms): Min: 0.2, Avg: 0.4, Max: 0.5, Diff: 0.3, Sum: 3.1]
      [Code Root Scanning (ms): Min: 0.0, Avg: 0.0, Max: 0.0, Diff: 0.0, Sum: 0.0]
      [Object Copy (ms): Min: 50.5, Avg: 54.2, Max: 54.8, Diff: 4.3, Sum: 433.8]
      [Termination (ms): Min: 0.0, Avg: 0.0, Max: 0.0, Diff: 0.0, Sum: 0.0]
      [GC Worker Other (ms): Min: 0.0, Avg: 0.1, Max: 0.1, Diff: 0.1, Sum: 0.5]
      [GC Worker Total (ms): Min: 50.8, Avg: 55.3, Max: 56.0, Diff: 5.2, Sum: 442.3]
      [GC Worker End (ms): Min: 173032.9, Avg: 173032.9, Max: 173033.0, Diff: 0.1]
   [Code Root Fixup: 0.1 ms]
   [Code Root Migration: 0.1 ms]
   [Clear CT: 0.5 ms]
   [Other: 0.8 ms]
      [Choose CSet: 0.0 ms]
      [Ref Proc: 0.1 ms]
      [Ref Enq: 0.0 ms]
      [Free CSet: 0.7 ms]
   [Eden: 984.0M(984.0M)->0.0B(984.0M) Survivors: 104.0M->103.0M Heap: 1609.4M(1934.0M)->623.9M(1934.0M)]
 [Times: user=0.44 sys=0.00, real=0.06 secs] 
173.035: Total time for which application threads were stopped: 0.0577880 seconds, Stopping threads took: 0.0000650 seconds
173.524: Application time: 0.4889990 seconds
173.524: [GC pause (young), 0.0525120 secs]
   [Parallel Time: 51.0 ms, GC Workers: 8]
      [GC Worker Start (ms): Min: 173523.8, Avg: 173523.8, Max: 173523.8, Diff: 0.0]
      [Ext Root Scanning (ms): Min: 0.6, Avg: 0.7, Max: 0.7, Diff: 0.1, Sum: 5.3]
      [Update RS (ms): Min: 0.0, Avg: 0.0, Max: 0.1, Diff: 0.1, Sum: 0.2]
         [Processed Buffers: Min: 0, Avg: 1.0, Max: 3, Diff: 3, Sum: 8]
      [Scan RS (ms): Min: 0.4, Avg: 0.4, Max: 0.5, Diff: 0.1, Sum: 3.4]
      [Code Root Scanning (ms): Min: 0.0, Avg: 0.0, Max: 0.0, Diff: 0.0, Sum: 0.1]
      [Object Copy (ms): Min: 49.7, Avg: 49.7, Max: 49.8, Diff: 0.0, Sum: 397.9]
      [Termination (ms): Min: 0.0, Avg: 0.0, Max: 0.0, Diff: 0.0, Sum: 0.0]
      [GC Worker Other (ms): Min: 0.0, Avg: 0.0, Max: 0.1, Diff: 0.0, Sum: 0.4]
      [GC Worker Total (ms): Min: 50.9, Avg: 50.9, Max: 51.0, Diff: 0.1, Sum: 407.3]
      [GC Worker End (ms): Min: 173574.7, Avg: 173574.7, Max: 173574.7, Diff: 0.0]
   [Code Root Fixup: 0.1 ms]
   [Code Root Migration: 0.1 ms]
   [Clear CT: 0.4 ms]
   [Other: 0.9 ms]
      [Choose CSet: 0.0 ms]
      [Ref Proc: 0.1 ms]
      [Ref Enq: 0.0 ms]
      [Free CSet: 0.7 ms]
   [Eden: 984.0M(984.0M)->0.0B(995.0M) Survivors: 103.0M->93.0M Heap: 1607.9M(1934.0M)->614.0M(1934.0M)]
 [Times: user=0.41 sys=0.00, real=0.06 secs] 
173.576: Total time for which application threads were stopped: 0.0527290 seconds, Stopping threads took: 0.0000780 seconds
174.071: Application time: 0.4942830 seconds
174.071: [GC pause (young), 0.0477640 secs]
   [Parallel Time: 46.2 ms, GC Workers: 8]
      [GC Worker Start (ms): Min: 174070.8, Avg: 174070.8, Max: 174070.8, Diff: 0.1]
      [Ext Root Scanning (ms): Min: 0.6, Avg: 0.7, Max: 0.7, Diff: 0.1, Sum: 5.2]
      [Update RS (ms): Min: 0.0, Avg: 0.0, Max: 0.1, Diff: 0.1, Sum: 0.3]
         [Processed Buffers: Min: 0, Avg: 1.0, Max: 3, Diff: 3, Sum: 8]
      [Scan RS (ms): Min: 0.4, Avg: 0.4, Max: 0.5, Diff: 0.1, Sum: 3.4]
      [Code Root Scanning (ms): Min: 0.0, Avg: 0.0, Max: 0.0, Diff: 0.0, Sum: 0.0]
      [Object Copy (ms): Min: 44.9, Avg: 44.9, Max: 45.0, Diff: 0.0, Sum: 359.6]
      [Termination (ms): Min: 0.0, Avg: 0.0, Max: 0.0, Diff: 0.0, Sum: 0.0]
      [GC Worker Other (ms): Min: 0.0, Avg: 0.1, Max: 0.1, Diff: 0.0, Sum: 0.5]
      [GC Worker Total (ms): Min: 46.1, Avg: 46.1, Max: 46.2, Diff: 0.1, Sum: 368.9]
      [GC Worker End (ms): Min: 174116.9, Avg: 174116.9, Max: 174116.9, Diff: 0.0]
   [Code Root Fixup: 0.1 ms]
   [Code Root Migration: 0.1 ms]
   [Clear CT: 0.4 ms]
   [Other: 0.9 ms]
      [Choose CSet: 0.0 ms]
      [Ref Proc: 0.1 ms]
      [Ref Enq: 0.0 ms]
      [Free CSet: 0.8 ms]
   [Eden: 995.0M(995.0M)->0.0B(1010.0M) Survivors: 93.0M->83.0M Heap: 1609.0M(1934.0M)->604.5M(1934.0M)]
 [Times: user=0.38 sys=0.00, real=0.05 secs] 
174.119: Total time for which application threads were stopped: 0.0479480 seconds, Stopping threads took: 0.0000580 seconds
174.622: Application time: 0.5038320 seconds
174.623: [GC pause (young), 0.0382280 secs]
   [Parallel Time: 36.7 ms, GC Workers: 8]
      [GC Worker Start (ms): Min: 174622.6, Avg: 174623.3, Max: 174625.6, Diff: 3.0]
      [Ext Root Scanning (ms): Min: 0.0, Avg: 0.6, Max: 0.9, Diff: 0.9, Sum: 4.4]
      [Update RS (ms): Min: 0.0, Avg: 0.0, Max: 0.1, Diff: 0.1, Sum: 0.2]
         [Processed Buffers: Min: 0, Avg: 1.2, Max: 6, Diff: 6, Sum: 10]
      [Scan RS (ms): Min: 0.1, Avg: 0.3, Max: 0.5, Diff: 0.4, Sum: 2.7]
      [Code Root Scanning (ms): Min: 0.0, Avg: 0.0, Max: 0.0, Diff: 0.0, Sum: 0.0]
      [Object Copy (ms): Min: 33.5, Avg: 34.9, Max: 35.4, Diff: 1.9, Sum: 279.3]
      [Termination (ms): Min: 0.0, Avg: 0.0, Max: 0.0, Diff: 0.0, Sum: 0.0]
      [GC Worker Other (ms): Min: 0.0, Avg: 0.1, Max: 0.1, Diff: 0.0, Sum: 0.5]
      [GC Worker Total (ms): Min: 33.6, Avg: 35.9, Max: 36.7, Diff: 3.0, Sum: 287.1]
      [GC Worker End (ms): Min: 174659.2, Avg: 174659.2, Max: 174659.2, Diff: 0.0]
   [Code Root Fixup: 0.1 ms]
   [Code Root Migration: 0.1 ms]
   [Clear CT: 0.4 ms]
   [Other: 0.9 ms]
      [Choose CSet: 0.0 ms]
      [Ref Proc: 0.1 ms]
      [Ref Enq: 0.0 ms]
      [Free CSet: 0.7 ms]
   [Eden: 1010.0M(1010.0M)->0.0B(1035.0M) Survivors: 83.0M->66.0M Heap: 1614.5M(1934.0M)->587.5M(1934.0M)]
 [Times: user=0.29 sys=0.00, real=0.04 secs] 
174.661: Total time for which application threads were stopped: 0.0384160 seconds, Stopping threads took: 0.0000560 seconds
175.169: Application time: 0.5079720 seconds
175.169: [GC pause (young), 0.0362610 secs]
   [Parallel Time: 34.7 ms, GC Workers: 8]
      [GC Worker Start (ms): Min: 175168.9, Avg: 175169.0, Max: 175169.0, Diff: 0.1]
      [Ext Root Scanning (ms): Min: 0.6, Avg: 0.7, Max: 0.8, Diff: 0.2, Sum: 5.6]
      [Update RS (ms): Min: 0.0, Avg: 0.0, Max: 0.1, Diff: 0.1, Sum: 0.3]
         [Processed Buffers: Min: 0, Avg: 0.9, Max: 3, Diff: 3, Sum: 7]
      [Scan RS (ms): Min: 0.3, Avg: 0.5, Max: 0.5, Diff: 0.2, Sum: 3.7]
      [Code Root Scanning (ms): Min: 0.0, Avg: 0.0, Max: 0.0, Diff: 0.0, Sum: 0.1]
      [Object Copy (ms): Min: 33.3, Avg: 33.3, Max: 33.5, Diff: 0.2, Sum: 266.6]
      [Termination (ms): Min: 0.0, Avg: 0.0, Max: 0.0, Diff: 0.0, Sum: 0.0]
      [GC Worker Other (ms): Min: 0.0, Avg: 0.1, Max: 0.1, Diff: 0.0, Sum: 0.5]
      [GC Worker Total (ms): Min: 34.5, Avg: 34.6, Max: 34.6, Diff: 0.1, Sum: 276.6]
      [GC Worker End (ms): Min: 175203.5, Avg: 175203.6, Max: 175203.6, Diff: 0.0]
   [Code Root Fixup: 0.2 ms]
   [Code Root Migration: 0.1 ms]
   [Clear CT: 0.5 ms]
   [Other: 0.8 ms]
      [Choose CSet: 0.0 ms]
      [Ref Proc: 0.1 ms]
      [Ref Enq: 0.0 ms]
      [Free CSet: 0.7 ms]
   [Eden: 1035.0M(1035.0M)->0.0B(1039.0M) Survivors: 66.0M->67.0M Heap: 1622.5M(1934.0M)->588.0M(1934.0M)]
 [Times: user=0.28 sys=0.00, real=0.03 secs] 
175.205: Total time for which application threads were stopped: 0.0364530 seconds, Stopping threads took: 0.0000560 seconds
175.705: Application time: 0.5000770 seconds
175.705: [GC pause (young), 0.0445600 secs]
   [Parallel Time: 42.8 ms, GC Workers: 8]
      [GC Worker Start (ms): Min: 175705.5, Avg: 175705.5, Max: 175705.6, Diff: 0.1]
      [Ext Root Scanning (ms): Min: 0.6, Avg: 0.7, Max: 0.7, Diff: 0.1, Sum: 5.6]
      [Update RS (ms): Min: 0.0, Avg: 0.0, Max: 0.1, Diff: 0.1, Sum: 0.2]
         [Processed Buffers: Min: 0, Avg: 0.9, Max: 4, Diff: 4, Sum: 7]
      [Scan RS (ms): Min: 0.4, Avg: 0.4, Max: 0.5, Diff: 0.1, Sum: 3.5]
      [Code Root Scanning (ms): Min: 0.0, Avg: 0.0, Max: 0.0, Diff: 0.0, Sum: 0.1]
      [Object Copy (ms): Min: 41.5, Avg: 41.5, Max: 41.5, Diff: 0.1, Sum: 332.0]
      [Termination (ms): Min: 0.0, Avg: 0.0, Max: 0.0, Diff: 0.0, Sum: 0.0]
      [GC Worker Other (ms): Min: 0.0, Avg: 0.1, Max: 0.1, Diff: 0.0, Sum: 0.5]
      [GC Worker Total (ms): Min: 42.7, Avg: 42.7, Max: 42.8, Diff: 0.1, Sum: 341.9]
      [GC Worker End (ms): Min: 175748.2, Avg: 175748.3, Max: 175748.3, Diff: 0.0]
   [Code Root Fixup: 0.1 ms]
   [Code Root Migration: 0.1 ms]
   [Clear CT: 0.5 ms]
   [Other: 1.0 ms]
      [Choose CSet: 0.0 ms]
      [Ref Proc: 0.1 ms]
      [Ref Enq: 0.0 ms]
      [Free CSet: 0.8 ms]
   [Eden: 1039.0M(1039.0M)->0.0B(1020.0M) Survivors: 67.0M->84.0M Heap: 1627.0M(1934.0M)->605.0M(1934.0M)]
 [Times: user=0.35 sys=0.00, real=0.05 secs] 
175.750: Total time for which application threads were stopped: 0.0447440 seconds, Stopping threads took: 0.0000530 seconds
176.262: Application time: 0.5122870 seconds
176.262: [GC pause (young), 0.0447830 secs]
   [Parallel Time: 43.2 ms, GC Workers: 8]
      [GC Worker Start (ms): Min: 176262.5, Avg: 176263.1, Max: 176266.9, Diff: 4.4]
      [Ext Root Scanning (ms): Min: 0.0, Avg: 0.7, Max: 0.9, Diff: 0.9, Sum: 5.3]
      [Update RS (ms): Min: 0.0, Avg: 0.0, Max: 0.1, Diff: 0.1, Sum: 0.2]
         [Processed Buffers: Min: 0, Avg: 1.2, Max: 3, Diff: 3, Sum: 10]
      [Scan RS (ms): Min: 0.2, Avg: 0.4, Max: 0.5, Diff: 0.3, Sum: 3.4]
      [Code Root Scanning (ms): Min: 0.0, Avg: 0.0, Max: 0.0, Diff: 0.0, Sum: 0.1]
      [Object Copy (ms): Min: 38.5, Avg: 41.4, Max: 41.8, Diff: 3.4, Sum: 331.1]
      [Termination (ms): Min: 0.0, Avg: 0.0, Max: 0.0, Diff: 0.0, Sum: 0.0]
      [GC Worker Other (ms): Min: 0.0, Avg: 0.1, Max: 0.1, Diff: 0.0, Sum: 0.4]
      [GC Worker Total (ms): Min: 38.7, Avg: 42.6, Max: 43.1, Diff: 4.4, Sum: 340.6]
      [GC Worker End (ms): Min: 176305.6, Avg: 176305.7, Max: 176305.7, Diff: 0.0]
   [Code Root Fixup: 0.1 ms]
   [Code Root Migration: 0.1 ms]
   [Clear CT: 0.4 ms]
   [Other: 0.9 ms]
      [Choose CSet: 0.0 ms]
      [Ref Proc: 0.1 ms]
      [Ref Enq: 0.0 ms]
      [Free CSet: 0.7 ms]
   [Eden: 1020.0M(1020.0M)->0.0B(1024.0M) Survivors: 84.0M->81.0M Heap: 1625.0M(1934.0M)->602.5M(1934.0M)]
 [Times: user=0.35 sys=0.00, real=0.05 secs] 
176.307: Total time for which application threads were stopped: 0.0449620 seconds, Stopping threads took: 0.0000420 seconds
176.808: Application time: 0.5002680 seconds
176.808: [GC pause (young), 0.0414150 secs]
   [Parallel Time: 39.9 ms, GC Workers: 8]
      [GC Worker Start (ms): Min: 176807.7, Avg: 176807.8, Max: 176807.8, Diff: 0.1]
      [Ext Root Scanning (ms): Min: 0.6, Avg: 0.7, Max: 0.8, Diff: 0.2, Sum: 5.5]
      [Update RS (ms): Min: 0.0, Avg: 0.0, Max: 0.1, Diff: 0.1, Sum: 0.3]
         [Processed Buffers: Min: 0, Avg: 1.1, Max: 2, Diff: 2, Sum: 9]
      [Scan RS (ms): Min: 0.3, Avg: 0.4, Max: 0.5, Diff: 0.2, Sum: 3.5]
      [Code Root Scanning (ms): Min: 0.0, Avg: 0.0, Max: 0.0, Diff: 0.0, Sum: 0.1]
      [Object Copy (ms): Min: 38.5, Avg: 38.5, Max: 38.6, Diff: 0.1, Sum: 308.1]
      [Termination (ms): Min: 0.0, Avg: 0.0, Max: 0.0, Diff: 0.0, Sum: 0.0]
      [GC Worker Other (ms): Min: 0.0, Avg: 0.1, Max: 0.1, Diff: 0.1, Sum: 0.5]
      [GC Worker Total (ms): Min: 39.7, Avg: 39.8, Max: 39.8, Diff: 0.1, Sum: 318.0]
      [GC Worker End (ms): Min: 176847.5, Avg: 176847.5, Max: 176847.6, Diff: 0.1]
   [Code Root Fixup: 0.1 ms]
   [Code Root Migration: 0.1 ms]
   [Clear CT: 0.5 ms]
   [Other: 0.8 ms]
      [Choose CSet: 0.0 ms]
      [Ref Proc: 0.1 ms]
      [Ref Enq: 0.0 ms]
      [Free CSet: 0.7 ms]
   [Eden: 1024.0M(1024.0M)->0.0B(1028.0M) Survivors: 81.0M->78.0M Heap: 1626.5M(1934.0M)->599.5M(1934.0M)]
 [Times: user=0.32 sys=0.00, real=0.04 secs] 
176.849: Total time for which application threads were stopped: 0.0416030 seconds, Stopping threads took: 0.0000490 seconds
177.346: Application time: 0.4968240 seconds
177.346: [GC pause (young), 0.0489510 secs]
   [Parallel Time: 47.4 ms, GC Workers: 8]
      [GC Worker Start (ms): Min: 177346.2, Avg: 177346.2, Max: 177346.2, Diff: 0.1]
      [Ext Root Scanning (ms): Min: 0.6, Avg: 0.7, Max: 0.8, Diff: 0.1, Sum: 5.6]
      [Update RS (ms): Min: 0.0, Avg: 0.0, Max: 0.1, Diff: 0.1, Sum: 0.2]
         [Processed Buffers: Min: 0, Avg: 0.9, Max: 4, Diff: 4, Sum: 7]
      [Scan RS (ms): Min: 0.4, Avg: 0.4, Max: 0.5, Diff: 0.1, Sum: 3.5]
      [Code Root Scanning (ms): Min: 0.0, Avg: 0.0, Max: 0.0, Diff: 0.0, Sum: 0.0]
      [Object Copy (ms): Min: 46.1, Avg: 46.1, Max: 46.2, Diff: 0.1, Sum: 369.2]
      [Termination (ms): Min: 0.0, Avg: 0.0, Max: 0.0, Diff: 0.0, Sum: 0.2]
      [GC Worker Other (ms): Min: 0.0, Avg: 0.0, Max: 0.1, Diff: 0.1, Sum: 0.4]
      [GC Worker Total (ms): Min: 47.4, Avg: 47.4, Max: 47.4, Diff: 0.0, Sum: 379.1]
      [GC Worker End (ms): Min: 177393.6, Avg: 177393.6, Max: 177393.6, Diff: 0.0]
   [Code Root Fixup: 0.1 ms]
   [Code Root Migration: 0.1 ms]
   [Clear CT: 0.4 ms]
   [Other: 0.8 ms]
      [Choose CSet: 0.0 ms]
      [Ref Proc: 0.1 ms]
      [Ref Enq: 0.0 ms]
      [Free CSet: 0.7 ms]
   [Eden: 1028.0M(1028.0M)->0.0B(1011.0M) Survivors: 78.0M->93.0M Heap: 1627.5M(1934.0M)->614.5M(1934.0M)]
 [Times: user=0.39 sys=0.00, real=0.05 secs] 
177.395: Total time for which application threads were stopped: 0.0491240 seconds, Stopping threads took: 0.0000450 seconds
177.885: Application time: 0.4895620 seconds
177.885: [GC pause (young), 0.0542220 secs]
   [Parallel Time: 52.6 ms, GC Workers: 8]
      [GC Worker Start (ms): Min: 177884.9, Avg: 177884.9, Max: 177884.9, Diff: 0.1]
      [Ext Root Scanning (ms): Min: 0.6, Avg: 0.7, Max: 0.8, Diff: 0.1, Sum: 5.5]
      [Update RS (ms): Min: 0.0, Avg: 0.0, Max: 0.1, Diff: 0.1, Sum: 0.2]
         [Processed Buffers: Min: 0, Avg: 0.9, Max: 2, Diff: 2, Sum: 7]
      [Scan RS (ms): Min: 0.4, Avg: 0.4, Max: 0.4, Diff: 0.1, Sum: 3.4]
      [Code Root Scanning (ms): Min: 0.0, Avg: 0.0, Max: 0.0, Diff: 0.0, Sum: 0.1]
      [Object Copy (ms): Min: 51.3, Avg: 51.3, Max: 51.3, Diff: 0.0, Sum: 410.4]
      [Termination (ms): Min: 0.0, Avg: 0.0, Max: 0.0, Diff: 0.0, Sum: 0.0]
      [GC Worker Other (ms): Min: 0.0, Avg: 0.1, Max: 0.1, Diff: 0.0, Sum: 0.5]
      [GC Worker Total (ms): Min: 52.5, Avg: 52.5, Max: 52.5, Diff: 0.1, Sum: 420.1]
      [GC Worker End (ms): Min: 177937.4, Avg: 177937.4, Max: 177937.4, Diff: 0.0]
   [Code Root Fixup: 0.2 ms]
   [Code Root Migration: 0.1 ms]
   [Clear CT: 0.4 ms]
   [Other: 0.9 ms]
      [Choose CSet: 0.0 ms]
      [Ref Proc: 0.2 ms]
      [Ref Enq: 0.0 ms]
      [Free CSet: 0.7 ms]
   [Eden: 1011.0M(1011.0M)->0.0B(999.0M) Survivors: 93.0M->100.0M Heap: 1625.5M(1934.0M)->621.0M(1934.0M)]
 [Times: user=0.42 sys=0.00, real=0.06 secs] 
177.939: Total time for which application threads were stopped: 0.0543980 seconds, Stopping threads took: 0.0000430 seconds
178.430: Application time: 0.4908800 seconds
178.430: [GC pause (young), 0.0557010 secs]
   [Parallel Time: 54.2 ms, GC Workers: 8]
      [GC Worker Start (ms): Min: 178430.2, Avg: 178430.2, Max: 178430.2, Diff: 0.1]
      [Ext Root Scanning (ms): Min: 0.6, Avg: 0.7, Max: 0.7, Diff: 0.1, Sum: 5.3]
      [Update RS (ms): Min: 0.0, Avg: 0.0, Max: 0.1, Diff: 0.1, Sum: 0.2]
         [Processed Buffers: Min: 0, Avg: 0.9, Max: 2, Diff: 2, Sum: 7]
      [Scan RS (ms): Min: 0.4, Avg: 0.4, Max: 0.5, Diff: 0.1, Sum: 3.5]
      [Code Root Scanning (ms): Min: 0.0, Avg: 0.0, Max: 0.0, Diff: 0.0, Sum: 0.1]
      [Object Copy (ms): Min: 52.9, Avg: 52.9, Max: 53.0, Diff: 0.0, Sum: 423.4]
      [Termination (ms): Min: 0.0, Avg: 0.0, Max: 0.0, Diff: 0.0, Sum: 0.0]
      [GC Worker Other (ms): Min: 0.0, Avg: 0.1, Max: 0.1, Diff: 0.0, Sum: 0.5]
      [GC Worker Total (ms): Min: 54.1, Avg: 54.1, Max: 54.2, Diff: 0.1, Sum: 432.9]
      [GC Worker End (ms): Min: 178484.3, Avg: 178484.3, Max: 178484.3, Diff: 0.0]
   [Code Root Fixup: 0.1 ms]
   [Code Root Migration: 0.1 ms]
   [Clear CT: 0.4 ms]
   [Other: 0.9 ms]
      [Choose CSet: 0.0 ms]
      [Ref Proc: 0.1 ms]
      [Ref Enq: 0.0 ms]
      [Free CSet: 0.7 ms]
   [Eden: 999.0M(999.0M)->0.0B(995.0M) Survivors: 100.0M->101.0M Heap: 1620.0M(1934.0M)->622.5M(1934.0M)]
 [Times: user=0.44 sys=0.00, real=0.06 secs] 
178.486: Total time for which application threads were stopped: 0.0558900 seconds, Stopping threads took: 0.0000590 seconds
178.981: Application time: 0.4947070 seconds
178.981: [GC pause (young), 0.0549920 secs]
   [Parallel Time: 53.5 ms, GC Workers: 8]
      [GC Worker Start (ms): Min: 178980.8, Avg: 178980.8, Max: 178980.8, Diff: 0.1]
      [Ext Root Scanning (ms): Min: 0.6, Avg: 0.6, Max: 0.7, Diff: 0.1, Sum: 5.2]
      [Update RS (ms): Min: 0.0, Avg: 0.0, Max: 0.1, Diff: 0.1, Sum: 0.3]
         [Processed Buffers: Min: 0, Avg: 0.9, Max: 3, Diff: 3, Sum: 7]
      [Scan RS (ms): Min: 0.4, Avg: 0.4, Max: 0.5, Diff: 0.1, Sum: 3.4]
      [Code Root Scanning (ms): Min: 0.0, Avg: 0.0, Max: 0.0, Diff: 0.0, Sum: 0.1]
      [Object Copy (ms): Min: 52.2, Avg: 52.2, Max: 52.2, Diff: 0.1, Sum: 417.7]
      [Termination (ms): Min: 0.0, Avg: 0.0, Max: 0.0, Diff: 0.0, Sum: 0.0]
      [GC Worker Other (ms): Min: 0.0, Avg: 0.1, Max: 0.1, Diff: 0.0, Sum: 0.4]
      [GC Worker Total (ms): Min: 53.3, Avg: 53.4, Max: 53.4, Diff: 0.1, Sum: 427.1]
      [GC Worker End (ms): Min: 179034.1, Avg: 179034.2, Max: 179034.2, Diff: 0.0]
   [Code Root Fixup: 0.1 ms]
   [Code Root Migration: 0.1 ms]
   [Clear CT: 0.5 ms]
   [Other: 0.9 ms]
      [Choose CSet: 0.0 ms]
      [Ref Proc: 0.1 ms]
      [Ref Enq: 0.0 ms]
      [Free CSet: 0.7 ms]
   [Eden: 995.0M(995.0M)->0.0B(997.0M) Survivors: 101.0M->98.0M Heap: 1617.5M(1934.0M)->619.0M(1934.0M)]
 [Times: user=0.43 sys=0.00, real=0.06 secs] 
179.036: Total time for which application threads were stopped: 0.0551820 seconds, Stopping threads took: 0.0000610 seconds
179.526: Application time: 0.4901420 seconds
179.526: [GC pause (young), 0.0501240 secs]
   [Parallel Time: 48.6 ms, GC Workers: 8]
      [GC Worker Start (ms): Min: 179526.1, Avg: 179527.0, Max: 179529.6, Diff: 3.5]
      [Ext Root Scanning (ms): Min: 0.0, Avg: 0.5, Max: 0.8, Diff: 0.8, Sum: 4.1]
      [Update RS (ms): Min: 0.0, Avg: 0.0, Max: 0.1, Diff: 0.1, Sum: 0.2]
         [Processed Buffers: Min: 0, Avg: 0.9, Max: 5, Diff: 5, Sum: 7]
      [Scan RS (ms): Min: 0.1, Avg: 0.3, Max: 0.5, Diff: 0.3, Sum: 2.7]
      [Code Root Scanning (ms): Min: 0.0, Avg: 0.0, Max: 0.0, Diff: 0.0, Sum: 0.1]
      [Object Copy (ms): Min: 44.9, Avg: 46.8, Max: 47.4, Diff: 2.5, Sum: 374.3]
      [Termination (ms): Min: 0.0, Avg: 0.0, Max: 0.0, Diff: 0.0, Sum: 0.0]
      [GC Worker Other (ms): Min: 0.0, Avg: 0.0, Max: 0.1, Diff: 0.0, Sum: 0.4]
      [GC Worker Total (ms): Min: 45.1, Avg: 47.7, Max: 48.6, Diff: 3.5, Sum: 381.8]
      [GC Worker End (ms): Min: 179574.7, Avg: 179574.7, Max: 179574.7, Diff: 0.0]
   [Code Root Fixup: 0.1 ms]
   [Code Root Migration: 0.1 ms]
   [Clear CT: 0.4 ms]
   [Other: 0.8 ms]
      [Choose CSet: 0.0 ms]
      [Ref Proc: 0.1 ms]
      [Ref Enq: 0.0 ms]
      [Free CSet: 0.7 ms]
   [Eden: 997.0M(997.0M)->0.0B(1007.0M) Survivors: 98.0M->89.0M Heap: 1616.0M(1934.0M)->610.5M(1934.0M)]
 [Times: user=0.39 sys=0.00, real=0.05 secs] 
179.576: Total time for which application threads were stopped: 0.0503130 seconds, Stopping threads took: 0.0000520 seconds
180.074: Application time: 0.4979700 seconds
180.074: [GC pause (young), 0.0354240 secs]
   [Parallel Time: 33.9 ms, GC Workers: 8]
      [GC Worker Start (ms): Min: 180074.4, Avg: 180074.4, Max: 180074.4, Diff: 0.1]
      [Ext Root Scanning (ms): Min: 0.6, Avg: 0.7, Max: 0.8, Diff: 0.1, Sum: 5.5]
      [Update RS (ms): Min: 0.0, Avg: 0.0, Max: 0.1, Diff: 0.1, Sum: 0.3]
         [Processed Buffers: Min: 0, Avg: 1.2, Max: 3, Diff: 3, Sum: 10]
      [Scan RS (ms): Min: 0.4, Avg: 0.4, Max: 0.5, Diff: 0.1, Sum: 3.5]
      [Code Root Scanning (ms): Min: 0.0, Avg: 0.0, Max: 0.0, Diff: 0.0, Sum: 0.1]
      [Object Copy (ms): Min: 32.6, Avg: 32.6, Max: 32.6, Diff: 0.0, Sum: 260.6]
      [Termination (ms): Min: 0.0, Avg: 0.0, Max: 0.0, Diff: 0.0, Sum: 0.0]
      [GC Worker Other (ms): Min: 0.0, Avg: 0.1, Max: 0.1, Diff: 0.0, Sum: 0.4]
      [GC Worker Total (ms): Min: 33.7, Avg: 33.8, Max: 33.8, Diff: 0.1, Sum: 270.4]
      [GC Worker End (ms): Min: 180108.2, Avg: 180108.2, Max: 180108.2, Diff: 0.0]
   [Code Root Fixup: 0.1 ms]
   [Code Root Migration: 0.1 ms]
   [Clear CT: 0.4 ms]
   [Other: 0.9 ms]
      [Choose CSet: 0.0 ms]
      [Ref Proc: 0.1 ms]
      [Ref Enq: 0.0 ms]
      [Free CSet: 0.7 ms]
   [Eden: 1007.0M(1007.0M)->0.0B(1041.0M) Survivors: 89.0M->64.0M Heap: 1617.5M(1934.0M)->585.5M(1934.0M)]
 [Times: user=0.27 sys=0.01, real=0.03 secs] 
180.110: Total time for which application threads were stopped: 0.0356120 seconds, Stopping threads took: 0.0000600 seconds
180.606: Application time: 0.4958010 seconds
180.606: [GC pause (young), 0.0412040 secs]
   [Parallel Time: 39.7 ms, GC Workers: 8]
      [GC Worker Start (ms): Min: 180605.8, Avg: 180605.8, Max: 180605.8, Diff: 0.1]
      [Ext Root Scanning (ms): Min: 0.7, Avg: 0.7, Max: 0.7, Diff: 0.1, Sum: 5.6]
      [Update RS (ms): Min: 0.0, Avg: 0.0, Max: 0.1, Diff: 0.1, Sum: 0.2]
         [Processed Buffers: Min: 0, Avg: 1.1, Max: 3, Diff: 3, Sum: 9]
      [Scan RS (ms): Min: 0.4, Avg: 0.4, Max: 0.5, Diff: 0.1, Sum: 3.6]
      [Code Root Scanning (ms): Min: 0.0, Avg: 0.0, Max: 0.0, Diff: 0.0, Sum: 0.1]
      [Object Copy (ms): Min: 38.3, Avg: 38.3, Max: 38.4, Diff: 0.0, Sum: 306.8]
      [Termination (ms): Min: 0.0, Avg: 0.0, Max: 0.0, Diff: 0.0, Sum: 0.0]
      [GC Worker Other (ms): Min: 0.0, Avg: 0.1, Max: 0.1, Diff: 0.0, Sum: 0.4]
      [GC Worker Total (ms): Min: 39.5, Avg: 39.6, Max: 39.6, Diff: 0.1, Sum: 316.7]
      [GC Worker End (ms): Min: 180645.4, Avg: 180645.4, Max: 180645.4, Diff: 0.0]
   [Code Root Fixup: 0.1 ms]
   [Code Root Migration: 0.1 ms]
   [Clear CT: 0.4 ms]
   [Other: 0.8 ms]
      [Choose CSet: 0.0 ms]
      [Ref Proc: 0.1 ms]
      [Ref Enq: 0.0 ms]
      [Free CSet: 0.7 ms]
   [Eden: 1041.0M(1041.0M)->0.0B(1027.0M) Survivors: 64.0M->78.0M Heap: 1626.5M(1934.0M)->599.0M(1934.0M)]
 [Times: user=0.32 sys=0.00, real=0.04 secs] 
180.647: Total time for which application threads were stopped: 0.0413710 seconds, Stopping threads took: 0.0000360 seconds
181.139: Application time: 0.4922320 seconds
181.139: [GC pause (young), 0.0526140 secs]
   [Parallel Time: 51.0 ms, GC Workers: 8]
      [GC Worker Start (ms): Min: 181139.4, Avg: 181139.4, Max: 181139.4, Diff: 0.1]
      [Ext Root Scanning (ms): Min: 0.6, Avg: 0.7, Max: 0.7, Diff: 0.1, Sum: 5.3]
      [Update RS (ms): Min: 0.0, Avg: 0.0, Max: 0.1, Diff: 0.1, Sum: 0.2]
         [Processed Buffers: Min: 0, Avg: 1.1, Max: 2, Diff: 2, Sum: 9]
      [Scan RS (ms): Min: 0.4, Avg: 0.4, Max: 0.5, Diff: 0.1, Sum: 3.4]
      [Code Root Scanning (ms): Min: 0.0, Avg: 0.0, Max: 0.0, Diff: 0.0, Sum: 0.1]
      [Object Copy (ms): Min: 49.8, Avg: 49.8, Max: 49.8, Diff: 0.0, Sum: 398.4]
      [Termination (ms): Min: 0.0, Avg: 0.0, Max: 0.0, Diff: 0.0, Sum: 0.0]
      [GC Worker Other (ms): Min: 0.0, Avg: 0.0, Max: 0.1, Diff: 0.0, Sum: 0.4]
      [GC Worker Total (ms): Min: 50.9, Avg: 51.0, Max: 51.0, Diff: 0.1, Sum: 407.8]
      [GC Worker End (ms): Min: 181190.4, Avg: 181190.4, Max: 181190.4, Diff: 0.0]
   [Code Root Fixup: 0.1 ms]
   [Code Root Migration: 0.1 ms]
   [Clear CT: 0.5 ms]
   [Other: 0.9 ms]
      [Choose CSet: 0.0 ms]
      [Ref Proc: 0.1 ms]
      [Ref Enq: 0.0 ms]
      [Free CSet: 0.7 ms]
   [Eden: 1027.0M(1027.0M)->0.0B(1001.0M) Survivors: 78.0M->98.0M Heap: 1626.0M(1934.0M)->619.6M(1934.0M)]
 [Times: user=0.41 sys=0.00, real=0.05 secs] 
181.192: Total time for which application threads were stopped: 0.0528220 seconds, Stopping threads took: 0.0000500 seconds
181.686: Application time: 0.4943720 seconds
181.687: [GC pause (young), 0.0564110 secs]
   [Parallel Time: 54.7 ms, GC Workers: 8]
      [GC Worker Start (ms): Min: 181686.6, Avg: 181686.6, Max: 181686.6, Diff: 0.1]
      [Ext Root Scanning (ms): Min: 0.6, Avg: 0.6, Max: 0.7, Diff: 0.2, Sum: 5.2]
      [Update RS (ms): Min: 0.0, Avg: 0.0, Max: 0.1, Diff: 0.1, Sum: 0.3]
         [Processed Buffers: Min: 0, Avg: 0.9, Max: 4, Diff: 4, Sum: 7]
      [Scan RS (ms): Min: 0.4, Avg: 0.4, Max: 0.5, Diff: 0.1, Sum: 3.5]
      [Code Root Scanning (ms): Min: 0.0, Avg: 0.0, Max: 0.0, Diff: 0.0, Sum: 0.1]
      [Object Copy (ms): Min: 53.4, Avg: 53.5, Max: 53.5, Diff: 0.1, Sum: 427.6]
      [Termination (ms): Min: 0.0, Avg: 0.0, Max: 0.0, Diff: 0.0, Sum: 0.0]
      [GC Worker Other (ms): Min: 0.0, Avg: 0.1, Max: 0.1, Diff: 0.0, Sum: 0.5]
      [GC Worker Total (ms): Min: 54.6, Avg: 54.6, Max: 54.7, Diff: 0.1, Sum: 437.1]
      [GC Worker End (ms): Min: 181741.2, Avg: 181741.2, Max: 181741.3, Diff: 0.0]
   [Code Root Fixup: 0.1 ms]
   [Code Root Migration: 0.1 ms]
   [Clear CT: 0.5 ms]
   [Other: 1.0 ms]
      [Choose CSet: 0.0 ms]
      [Ref Proc: 0.1 ms]
      [Ref Enq: 0.0 ms]
      [Free CSet: 0.8 ms]
   [Eden: 1001.0M(1001.0M)->0.0B(994.0M) Survivors: 98.0M->101.0M Heap: 1620.6M(1934.0M)->622.1M(1934.0M)]
 [Times: user=0.44 sys=0.00, real=0.05 secs] 
181.743: Total time for which application threads were stopped: 0.0565840 seconds, Stopping threads took: 0.0000470 seconds
182.227: Application time: 0.4844140 seconds
182.228: [GC pause (young), 0.0504010 secs]
   [Parallel Time: 48.8 ms, GC Workers: 8]
      [GC Worker Start (ms): Min: 182227.6, Avg: 182227.6, Max: 182227.7, Diff: 0.1]
      [Ext Root Scanning (ms): Min: 0.6, Avg: 0.7, Max: 0.8, Diff: 0.1, Sum: 5.5]
      [Update RS (ms): Min: 0.0, Avg: 0.0, Max: 0.1, Diff: 0.1, Sum: 0.3]
         [Processed Buffers: Min: 0, Avg: 0.9, Max: 3, Diff: 3, Sum: 7]
      [Scan RS (ms): Min: 0.4, Avg: 0.4, Max: 0.5, Diff: 0.1, Sum: 3.6]
      [Code Root Scanning (ms): Min: 0.0, Avg: 0.0, Max: 0.0, Diff: 0.0, Sum: 0.1]
      [Object Copy (ms): Min: 47.5, Avg: 47.5, Max: 47.6, Diff: 0.1, Sum: 380.0]
      [Termination (ms): Min: 0.0, Avg: 0.0, Max: 0.0, Diff: 0.0, Sum: 0.0]
      [GC Worker Other (ms): Min: 0.0, Avg: 0.1, Max: 0.1, Diff: 0.0, Sum: 0.4]
      [GC Worker Total (ms): Min: 48.7, Avg: 48.7, Max: 48.8, Diff: 0.1, Sum: 389.9]
      [GC Worker End (ms): Min: 182276.3, Avg: 182276.4, Max: 182276.4, Diff: 0.0]
   [Code Root Fixup: 0.1 ms]
   [Code Root Migration: 0.1 ms]
   [Clear CT: 0.4 ms]
   [Other: 0.9 ms]
      [Choose CSet: 0.0 ms]
      [Ref Proc: 0.1 ms]
      [Ref Enq: 0.0 ms]
      [Free CSet: 0.7 ms]
   [Eden: 994.0M(994.0M)->0.0B(1003.0M) Survivors: 101.0M->92.0M Heap: 1616.1M(1934.0M)->613.1M(1934.0M)]
 [Times: user=0.40 sys=0.00, real=0.05 secs] 
182.278: Total time for which application threads were stopped: 0.0505960 seconds, Stopping threads took: 0.0000620 seconds
182.762: Application time: 0.4837780 seconds
182.762: [GC pause (young), 0.0535140 secs]
   [Parallel Time: 52.0 ms, GC Workers: 8]
      [GC Worker Start (ms): Min: 182762.0, Avg: 182762.0, Max: 182762.0, Diff: 0.1]
      [Ext Root Scanning (ms): Min: 0.6, Avg: 0.7, Max: 0.7, Diff: 0.1, Sum: 5.4]
      [Update RS (ms): Min: 0.0, Avg: 0.0, Max: 0.1, Diff: 0.1, Sum: 0.2]
         [Processed Buffers: Min: 0, Avg: 0.9, Max: 2, Diff: 2, Sum: 7]
      [Scan RS (ms): Min: 0.4, Avg: 0.4, Max: 0.5, Diff: 0.0, Sum: 3.5]
      [Code Root Scanning (ms): Min: 0.0, Avg: 0.0, Max: 0.0, Diff: 0.0, Sum: 0.1]
      [Object Copy (ms): Min: 50.7, Avg: 50.7, Max: 50.8, Diff: 0.1, Sum: 405.9]
      [Termination (ms): Min: 0.0, Avg: 0.0, Max: 0.0, Diff: 0.0, Sum: 0.0]
      [GC Worker Other (ms): Min: 0.0, Avg: 0.1, Max: 0.1, Diff: 0.1, Sum: 0.4]
      [GC Worker Total (ms): Min: 51.9, Avg: 51.9, Max: 52.0, Diff: 0.1, Sum: 415.5]
      [GC Worker End (ms): Min: 182813.9, Avg: 182813.9, Max: 182813.9, Diff: 0.1]
   [Code Root Fixup: 0.1 ms]
   [Code Root Migration: 0.1 ms]
   [Clear CT: 0.4 ms]
   [Other: 0.8 ms]
      [Choose CSet: 0.0 ms]
      [Ref Proc: 0.1 ms]
      [Ref Enq: 0.0 ms]
      [Free CSet: 0.7 ms]
   [Eden: 1003.0M(1003.0M)->0.0B(993.0M) Survivors: 92.0M->100.0M Heap: 1616.1M(1934.0M)->621.1M(1934.0M)]
 [Times: user=0.42 sys=0.00, real=0.06 secs] 
182.816: Total time for which application threads were stopped: 0.0537020 seconds, Stopping threads took: 0.0000520 seconds
183.301: Application time: 0.4857450 seconds
183.301: [GC pause (young), 0.0582610 secs]
   [Parallel Time: 56.5 ms, GC Workers: 8]
      [GC Worker Start (ms): Min: 183301.4, Avg: 183301.4, Max: 183301.5, Diff: 0.1]
      [Ext Root Scanning (ms): Min: 0.6, Avg: 0.7, Max: 0.7, Diff: 0.1, Sum: 5.3]
      [Update RS (ms): Min: 0.0, Avg: 0.0, Max: 0.1, Diff: 0.1, Sum: 0.3]
         [Processed Buffers: Min: 0, Avg: 0.9, Max: 5, Diff: 5, Sum: 7]
      [Scan RS (ms): Min: 0.4, Avg: 0.4, Max: 0.5, Diff: 0.0, Sum: 3.5]
      [Code Root Scanning (ms): Min: 0.0, Avg: 0.0, Max: 0.0, Diff: 0.0, Sum: 0.1]
      [Object Copy (ms): Min: 55.2, Avg: 55.2, Max: 55.3, Diff: 0.1, Sum: 441.8]
      [Termination (ms): Min: 0.0, Avg: 0.0, Max: 0.0, Diff: 0.0, Sum: 0.0]
      [GC Worker Other (ms): Min: 0.0, Avg: 0.1, Max: 0.1, Diff: 0.0, Sum: 0.4]
      [GC Worker Total (ms): Min: 56.4, Avg: 56.4, Max: 56.4, Diff: 0.0, Sum: 451.4]
      [GC Worker End (ms): Min: 183357.8, Avg: 183357.9, Max: 183357.9, Diff: 0.0]
   [Code Root Fixup: 0.1 ms]
   [Code Root Migration: 0.1 ms]
   [Clear CT: 0.5 ms]
   [Other: 1.0 ms]
      [Choose CSet: 0.0 ms]
      [Ref Proc: 0.2 ms]
      [Ref Enq: 0.0 ms]
      [Free CSet: 0.7 ms]
   [Eden: 993.0M(993.0M)->0.0B(986.0M) Survivors: 100.0M->105.0M Heap: 1614.1M(1934.0M)->626.1M(1934.0M)]
 [Times: user=0.46 sys=0.00, real=0.06 secs] 
183.360: Total time for which application threads were stopped: 0.0584380 seconds, Stopping threads took: 0.0000520 seconds
183.850: Application time: 0.4903690 seconds
183.850: [GC pause (young), 0.0566250 secs]
   [Parallel Time: 55.1 ms, GC Workers: 8]
      [GC Worker Start (ms): Min: 183850.2, Avg: 183850.3, Max: 183850.3, Diff: 0.1]
      [Ext Root Scanning (ms): Min: 0.6, Avg: 0.6, Max: 0.7, Diff: 0.1, Sum: 5.2]
      [Update RS (ms): Min: 0.0, Avg: 0.0, Max: 0.1, Diff: 0.1, Sum: 0.2]
         [Processed Buffers: Min: 0, Avg: 0.9, Max: 4, Diff: 4, Sum: 7]
      [Scan RS (ms): Min: 0.4, Avg: 0.4, Max: 0.5, Diff: 0.1, Sum: 3.4]
      [Code Root Scanning (ms): Min: 0.0, Avg: 0.0, Max: 0.0, Diff: 0.0, Sum: 0.1]
      [Object Copy (ms): Min: 53.7, Avg: 53.8, Max: 53.9, Diff: 0.1, Sum: 430.4]
      [Termination (ms): Min: 0.0, Avg: 0.0, Max: 0.0, Diff: 0.0, Sum: 0.0]
      [GC Worker Other (ms): Min: 0.0, Avg: 0.1, Max: 0.1, Diff: 0.0, Sum: 0.5]
      [GC Worker Total (ms): Min: 55.0, Avg: 55.0, Max: 55.0, Diff: 0.1, Sum: 439.8]
      [GC Worker End (ms): Min: 183905.2, Avg: 183905.2, Max: 183905.3, Diff: 0.0]
   [Code Root Fixup: 0.1 ms]
   [Code Root Migration: 0.1 ms]
   [Clear CT: 0.5 ms]
   [Other: 0.8 ms]
      [Choose CSet: 0.0 ms]
      [Ref Proc: 0.1 ms]
      [Ref Enq: 0.0 ms]
      [Free CSet: 0.7 ms]
   [Eden: 986.0M(986.0M)->0.0B(989.0M) Survivors: 105.0M->101.0M Heap: 1612.1M(1934.0M)->622.1M(1934.0M)]
 [Times: user=0.44 sys=0.00, real=0.06 secs] 
183.907: Total time for which application threads were stopped: 0.0568260 seconds, Stopping threads took: 0.0000670 seconds
184.399: Application time: 0.4921230 seconds
184.399: [GC pause (young), 0.0512220 secs]
   [Parallel Time: 49.6 ms, GC Workers: 8]
      [GC Worker Start (ms): Min: 184399.2, Avg: 184399.2, Max: 184399.2, Diff: 0.1]
      [Ext Root Scanning (ms): Min: 0.6, Avg: 0.7, Max: 0.7, Diff: 0.1, Sum: 5.3]
      [Update RS (ms): Min: 0.0, Avg: 0.0, Max: 0.1, Diff: 0.1, Sum: 0.2]
         [Processed Buffers: Min: 0, Avg: 0.9, Max: 3, Diff: 3, Sum: 7]
      [Scan RS (ms): Min: 0.4, Avg: 0.4, Max: 0.5, Diff: 0.1, Sum: 3.4]
      [Code Root Scanning (ms): Min: 0.0, Avg: 0.0, Max: 0.0, Diff: 0.0, Sum: 0.0]
      [Object Copy (ms): Min: 48.3, Avg: 48.3, Max: 48.3, Diff: 0.0, Sum: 386.5]
      [Termination (ms): Min: 0.0, Avg: 0.0, Max: 0.0, Diff: 0.0, Sum: 0.1]
      [GC Worker Other (ms): Min: 0.0, Avg: 0.1, Max: 0.1, Diff: 0.0, Sum: 0.5]
      [GC Worker Total (ms): Min: 49.5, Avg: 49.5, Max: 49.6, Diff: 0.1, Sum: 396.1]
      [GC Worker End (ms): Min: 184448.7, Avg: 184448.7, Max: 184448.7, Diff: 0.0]
   [Code Root Fixup: 0.1 ms]
   [Code Root Migration: 0.1 ms]
   [Clear CT: 0.5 ms]
   [Other: 0.9 ms]
      [Choose CSet: 0.0 ms]
      [Ref Proc: 0.2 ms]
      [Ref Enq: 0.0 ms]
      [Free CSet: 0.7 ms]
   [Eden: 989.0M(989.0M)->0.0B(1001.0M) Survivors: 101.0M->90.0M Heap: 1611.1M(1934.0M)->611.6M(1934.0M)]
 [Times: user=0.40 sys=0.00, real=0.05 secs] 
184.450: Total time for which application threads were stopped: 0.0514060 seconds, Stopping threads took: 0.0000510 seconds
184.960: Application time: 0.5098890 seconds
184.960: [GC pause (young), 0.0421650 secs]
   [Parallel Time: 40.6 ms, GC Workers: 8]
      [GC Worker Start (ms): Min: 184960.5, Avg: 184960.5, Max: 184960.5, Diff: 0.1]
      [Ext Root Scanning (ms): Min: 0.6, Avg: 0.7, Max: 0.7, Diff: 0.1, Sum: 5.2]
      [Update RS (ms): Min: 0.0, Avg: 0.0, Max: 0.1, Diff: 0.1, Sum: 0.2]
         [Processed Buffers: Min: 0, Avg: 0.9, Max: 2, Diff: 2, Sum: 7]
      [Scan RS (ms): Min: 0.4, Avg: 0.5, Max: 0.5, Diff: 0.1, Sum: 3.6]
      [Code Root Scanning (ms): Min: 0.0, Avg: 0.0, Max: 0.0, Diff: 0.0, Sum: 0.1]
      [Object Copy (ms): Min: 39.3, Avg: 39.4, Max: 39.5, Diff: 0.2, Sum: 314.9]
      [Termination (ms): Min: 0.0, Avg: 0.0, Max: 0.0, Diff: 0.0, Sum: 0.0]
      [GC Worker Other (ms): Min: 0.0, Avg: 0.1, Max: 0.1, Diff: 0.0, Sum: 0.5]
      [GC Worker Total (ms): Min: 40.5, Avg: 40.6, Max: 40.6, Diff: 0.1, Sum: 324.5]
      [GC Worker End (ms): Min: 185001.0, Avg: 185001.1, Max: 185001.1, Diff: 0.0]
   [Code Root Fixup: 0.1 ms]
   [Code Root Migration: 0.1 ms]
   [Clear CT: 0.4 ms]
   [Other: 0.8 ms]
      [Choose CSet: 0.0 ms]
      [Ref Proc: 0.1 ms]
      [Ref Enq: 0.0 ms]
      [Free CSet: 0.7 ms]
   [Eden: 1001.0M(1001.0M)->0.0B(1025.0M) Survivors: 90.0M->72.0M Heap: 1612.6M(1934.0M)->593.6M(1934.0M)]
 [Times: user=0.33 sys=0.00, real=0.04 secs] 
185.003: Total time for which application threads were stopped: 0.0423440 seconds, Stopping threads took: 0.0000540 seconds
185.504: Application time: 0.5010810 seconds
185.504: [GC pause (young), 0.0380120 secs]
   [Parallel Time: 36.5 ms, GC Workers: 8]
      [GC Worker Start (ms): Min: 185503.9, Avg: 185504.8, Max: 185509.6, Diff: 5.7]
      [Ext Root Scanning (ms): Min: 0.0, Avg: 0.5, Max: 0.8, Diff: 0.8, Sum: 4.4]
      [Update RS (ms): Min: 0.0, Avg: 0.0, Max: 0.1, Diff: 0.1, Sum: 0.2]
         [Processed Buffers: Min: 0, Avg: 1.1, Max: 6, Diff: 6, Sum: 9]
      [Scan RS (ms): Min: 0.0, Avg: 0.4, Max: 0.5, Diff: 0.5, Sum: 2.8]
      [Code Root Scanning (ms): Min: 0.0, Avg: 0.0, Max: 0.0, Diff: 0.0, Sum: 0.1]
      [Object Copy (ms): Min: 30.4, Avg: 34.5, Max: 35.2, Diff: 4.8, Sum: 276.2]
      [Termination (ms): Min: 0.0, Avg: 0.0, Max: 0.0, Diff: 0.0, Sum: 0.2]
      [GC Worker Other (ms): Min: 0.0, Avg: 0.1, Max: 0.1, Diff: 0.1, Sum: 0.4]
      [GC Worker Total (ms): Min: 30.8, Avg: 35.5, Max: 36.5, Diff: 5.7, Sum: 284.3]
      [GC Worker End (ms): Min: 185540.3, Avg: 185540.3, Max: 185540.4, Diff: 0.1]
   [Code Root Fixup: 0.1 ms]
   [Code Root Migration: 0.1 ms]
   [Clear CT: 0.4 ms]
   [Other: 0.8 ms]
      [Choose CSet: 0.0 ms]
      [Ref Proc: 0.1 ms]
      [Ref Enq: 0.0 ms]
      [Free CSet: 0.7 ms]
   [Eden: 1025.0M(1025.0M)->0.0B(1034.0M) Survivors: 72.0M->69.0M Heap: 1618.6M(1934.0M)->590.6M(1934.0M)]
 [Times: user=0.29 sys=0.00, real=0.04 secs] 
185.542: Total time for which application threads were stopped: 0.0381590 seconds, Stopping threads took: 0.0000140 seconds
186.044: Application time: 0.5022190 seconds
186.044: [GC pause (young), 0.0446410 secs]
   [Parallel Time: 42.9 ms, GC Workers: 8]
      [GC Worker Start (ms): Min: 186044.3, Avg: 186044.3, Max: 186044.3, Diff: 0.1]
      [Ext Root Scanning (ms): Min: 0.6, Avg: 0.7, Max: 0.7, Diff: 0.1, Sum: 5.4]
      [Update RS (ms): Min: 0.0, Avg: 0.0, Max: 0.1, Diff: 0.1, Sum: 0.2]
         [Processed Buffers: Min: 0, Avg: 1.0, Max: 3, Diff: 3, Sum: 8]
      [Scan RS (ms): Min: 0.4, Avg: 0.5, Max: 0.5, Diff: 0.2, Sum: 3.7]
      [Code Root Scanning (ms): Min: 0.0, Avg: 0.0, Max: 0.0, Diff: 0.0, Sum: 0.1]
      [Object Copy (ms): Min: 41.5, Avg: 41.6, Max: 41.7, Diff: 0.1, Sum: 332.7]
      [Termination (ms): Min: 0.0, Avg: 0.0, Max: 0.0, Diff: 0.0, Sum: 0.0]
      [GC Worker Other (ms): Min: 0.0, Avg: 0.1, Max: 0.1, Diff: 0.1, Sum: 0.5]
      [GC Worker Total (ms): Min: 42.8, Avg: 42.8, Max: 42.9, Diff: 0.1, Sum: 342.7]
      [GC Worker End (ms): Min: 186087.1, Avg: 186087.1, Max: 186087.1, Diff: 0.1]
   [Code Root Fixup: 0.1 ms]
   [Code Root Migration: 0.1 ms]
   [Clear CT: 0.5 ms]
   [Other: 1.0 ms]
      [Choose CSet: 0.0 ms]
      [Ref Proc: 0.1 ms]
      [Ref Enq: 0.0 ms]
      [Free CSet: 0.8 ms]
   [Eden: 1034.0M(1034.0M)->0.0B(1019.0M) Survivors: 69.0M->82.0M Heap: 1624.6M(1934.0M)->603.1M(1934.0M)]
 [Times: user=0.35 sys=0.00, real=0.05 secs] 
186.089: Total time for which application threads were stopped: 0.0447970 seconds, Stopping threads took: 0.0000220 seconds
186.590: Application time: 0.5010530 seconds
186.590: [GC pause (young), 0.0487520 secs]
   [Parallel Time: 47.2 ms, GC Workers: 8]
      [GC Worker Start (ms): Min: 186590.1, Avg: 186590.2, Max: 186590.2, Diff: 0.1]
      [Ext Root Scanning (ms): Min: 0.6, Avg: 0.7, Max: 0.7, Diff: 0.1, Sum: 5.4]
      [Update RS (ms): Min: 0.0, Avg: 0.0, Max: 0.1, Diff: 0.1, Sum: 0.2]
         [Processed Buffers: Min: 0, Avg: 1.0, Max: 4, Diff: 4, Sum: 8]
      [Scan RS (ms): Min: 0.4, Avg: 0.4, Max: 0.5, Diff: 0.1, Sum: 3.5]
      [Code Root Scanning (ms): Min: 0.0, Avg: 0.0, Max: 0.0, Diff: 0.0, Sum: 0.1]
      [Object Copy (ms): Min: 45.9, Avg: 45.9, Max: 45.9, Diff: 0.1, Sum: 367.2]
      [Termination (ms): Min: 0.0, Avg: 0.0, Max: 0.0, Diff: 0.0, Sum: 0.0]
      [GC Worker Other (ms): Min: 0.0, Avg: 0.1, Max: 0.1, Diff: 0.0, Sum: 0.5]
      [GC Worker Total (ms): Min: 47.1, Avg: 47.1, Max: 47.1, Diff: 0.1, Sum: 376.8]
      [GC Worker End (ms): Min: 186637.2, Avg: 186637.3, Max: 186637.3, Diff: 0.0]
   [Code Root Fixup: 0.1 ms]
   [Code Root Migration: 0.1 ms]
   [Clear CT: 0.4 ms]
   [Other: 0.9 ms]
      [Choose CSet: 0.0 ms]
      [Ref Proc: 0.1 ms]
      [Ref Enq: 0.0 ms]
      [Free CSet: 0.7 ms]
   [Eden: 1019.0M(1019.0M)->0.0B(1009.0M) Survivors: 82.0M->90.0M Heap: 1622.1M(1934.0M)->611.6M(1934.0M)]
 [Times: user=0.38 sys=0.00, real=0.05 secs] 
186.639: Total time for which application threads were stopped: 0.0489600 seconds, Stopping threads took: 0.0000650 seconds
187.132: Application time: 0.4935400 seconds
187.133: [GC pause (young), 0.0417890 secs]
   [Parallel Time: 40.1 ms, GC Workers: 8]
      [GC Worker Start (ms): Min: 187132.6, Avg: 187132.8, Max: 187133.4, Diff: 0.7]
      [Ext Root Scanning (ms): Min: 0.0, Avg: 0.6, Max: 0.9, Diff: 0.9, Sum: 4.9]
      [Update RS (ms): Min: 0.0, Avg: 0.0, Max: 0.1, Diff: 0.1, Sum: 0.3]
         [Processed Buffers: Min: 0, Avg: 1.0, Max: 3, Diff: 3, Sum: 8]
      [Scan RS (ms): Min: 0.3, Avg: 0.4, Max: 0.5, Diff: 0.3, Sum: 3.4]
      [Code Root Scanning (ms): Min: 0.0, Avg: 0.0, Max: 0.0, Diff: 0.0, Sum: 0.1]
      [Object Copy (ms): Min: 38.8, Avg: 38.8, Max: 38.9, Diff: 0.1, Sum: 310.8]
      [Termination (ms): Min: 0.0, Avg: 0.0, Max: 0.0, Diff: 0.0, Sum: 0.0]
      [GC Worker Other (ms): Min: 0.0, Avg: 0.1, Max: 0.1, Diff: 0.0, Sum: 0.5]
      [GC Worker Total (ms): Min: 39.4, Avg: 40.0, Max: 40.1, Diff: 0.7, Sum: 319.9]
      [GC Worker End (ms): Min: 187172.7, Avg: 187172.8, Max: 187172.8, Diff: 0.0]
   [Code Root Fixup: 0.1 ms]
   [Code Root Migration: 0.1 ms]
   [Clear CT: 0.5 ms]
   [Other: 0.9 ms]
      [Choose CSet: 0.0 ms]
      [Ref Proc: 0.1 ms]
      [Ref Enq: 0.0 ms]
      [Free CSet: 0.7 ms]
   [Eden: 1009.0M(1009.0M)->0.0B(1024.0M) Survivors: 90.0M->78.0M Heap: 1620.6M(1934.0M)->599.6M(1934.0M)]
 [Times: user=0.33 sys=0.00, real=0.05 secs] 
187.174: Total time for which application threads were stopped: 0.0419860 seconds, Stopping threads took: 0.0000640 seconds
187.670: Application time: 0.4957290 seconds
187.670: [GC pause (young), 0.0419100 secs]
   [Parallel Time: 40.3 ms, GC Workers: 8]
      [GC Worker Start (ms): Min: 187670.4, Avg: 187670.4, Max: 187670.4, Diff: 0.1]
      [Ext Root Scanning (ms): Min: 0.7, Avg: 0.7, Max: 0.7, Diff: 0.1, Sum: 5.5]
      [Update RS (ms): Min: 0.0, Avg: 0.0, Max: 0.1, Diff: 0.1, Sum: 0.2]
         [Processed Buffers: Min: 0, Avg: 1.0, Max: 4, Diff: 4, Sum: 8]
      [Scan RS (ms): Min: 0.4, Avg: 0.4, Max: 0.5, Diff: 0.1, Sum: 3.5]
      [Code Root Scanning (ms): Min: 0.0, Avg: 0.0, Max: 0.0, Diff: 0.0, Sum: 0.1]
      [Object Copy (ms): Min: 39.0, Avg: 39.0, Max: 39.0, Diff: 0.0, Sum: 311.9]
      [Termination (ms): Min: 0.0, Avg: 0.0, Max: 0.0, Diff: 0.0, Sum: 0.0]
      [GC Worker Other (ms): Min: 0.0, Avg: 0.1, Max: 0.1, Diff: 0.1, Sum: 0.5]
      [GC Worker Total (ms): Min: 40.2, Avg: 40.2, Max: 40.3, Diff: 0.1, Sum: 321.8]
      [GC Worker End (ms): Min: 187710.6, Avg: 187710.6, Max: 187710.6, Diff: 0.1]
   [Code Root Fixup: 0.1 ms]
   [Code Root Migration: 0.1 ms]
   [Clear CT: 0.5 ms]
   [Other: 0.9 ms]
      [Choose CSet: 0.0 ms]
      [Ref Proc: 0.1 ms]
      [Ref Enq: 0.0 ms]
      [Free CSet: 0.7 ms]
   [Eden: 1024.0M(1024.0M)->0.0B(1022.0M) Survivors: 78.0M->81.0M Heap: 1623.6M(1934.0M)->602.6M(1934.0M)]
 [Times: user=0.33 sys=0.00, real=0.04 secs] 
187.712: Total time for which application threads were stopped: 0.0420890 seconds, Stopping threads took: 0.0000470 seconds
188.212: Application time: 0.4996670 seconds
188.212: [GC pause (young), 0.0477510 secs]
   [Parallel Time: 46.2 ms, GC Workers: 8]
      [GC Worker Start (ms): Min: 188212.1, Avg: 188212.2, Max: 188212.2, Diff: 0.1]
      [Ext Root Scanning (ms): Min: 0.6, Avg: 0.7, Max: 0.7, Diff: 0.1, Sum: 5.3]
      [Update RS (ms): Min: 0.0, Avg: 0.0, Max: 0.1, Diff: 0.1, Sum: 0.2]
         [Processed Buffers: Min: 0, Avg: 1.0, Max: 2, Diff: 2, Sum: 8]
      [Scan RS (ms): Min: 0.4, Avg: 0.4, Max: 0.5, Diff: 0.1, Sum: 3.5]
      [Code Root Scanning (ms): Min: 0.0, Avg: 0.0, Max: 0.0, Diff: 0.0, Sum: 0.1]
      [Object Copy (ms): Min: 44.9, Avg: 44.9, Max: 45.0, Diff: 0.0, Sum: 359.4]
      [Termination (ms): Min: 0.0, Avg: 0.0, Max: 0.0, Diff: 0.0, Sum: 0.0]
      [GC Worker Other (ms): Min: 0.0, Avg: 0.1, Max: 0.1, Diff: 0.0, Sum: 0.4]
      [GC Worker Total (ms): Min: 46.1, Avg: 46.1, Max: 46.1, Diff: 0.1, Sum: 368.9]
      [GC Worker End (ms): Min: 188258.2, Avg: 188258.3, Max: 188258.3, Diff: 0.0]
   [Code Root Fixup: 0.1 ms]
   [Code Root Migration: 0.1 ms]
   [Clear CT: 0.5 ms]
   [Other: 0.8 ms]
      [Choose CSet: 0.0 ms]
      [Ref Proc: 0.1 ms]
      [Ref Enq: 0.0 ms]
      [Free CSet: 0.7 ms]
   [Eden: 1022.0M(1022.0M)->0.0B(1012.0M) Survivors: 81.0M->90.0M Heap: 1624.6M(1934.0M)->611.7M(1934.0M)]
 [Times: user=0.37 sys=0.00, real=0.05 secs] 
188.260: Total time for which application threads were stopped: 0.0479530 seconds, Stopping threads took: 0.0000730 seconds
188.749: Application time: 0.4893460 seconds
188.749: [GC pause (young), 0.0527960 secs]
   [Parallel Time: 51.2 ms, GC Workers: 8]
      [GC Worker Start (ms): Min: 188749.4, Avg: 188749.4, Max: 188749.5, Diff: 0.1]
      [Ext Root Scanning (ms): Min: 0.6, Avg: 0.7, Max: 0.7, Diff: 0.1, Sum: 5.4]
      [Update RS (ms): Min: 0.0, Avg: 0.0, Max: 0.1, Diff: 0.1, Sum: 0.2]
         [Processed Buffers: Min: 0, Avg: 1.0, Max: 4, Diff: 4, Sum: 8]
      [Scan RS (ms): Min: 0.4, Avg: 0.4, Max: 0.5, Diff: 0.1, Sum: 3.4]
      [Code Root Scanning (ms): Min: 0.0, Avg: 0.0, Max: 0.0, Diff: 0.0, Sum: 0.1]
      [Object Copy (ms): Min: 49.9, Avg: 50.0, Max: 50.0, Diff: 0.0, Sum: 399.6]
      [Termination (ms): Min: 0.0, Avg: 0.0, Max: 0.0, Diff: 0.0, Sum: 0.0]
      [GC Worker Other (ms): Min: 0.0, Avg: 0.1, Max: 0.1, Diff: 0.0, Sum: 0.5]
      [GC Worker Total (ms): Min: 51.1, Avg: 51.2, Max: 51.2, Diff: 0.0, Sum: 409.3]
      [GC Worker End (ms): Min: 188800.6, Avg: 188800.6, Max: 188800.6, Diff: 0.0]
   [Code Root Fixup: 0.1 ms]
   [Code Root Migration: 0.1 ms]
   [Clear CT: 0.4 ms]
   [Other: 0.9 ms]
      [Choose CSet: 0.0 ms]
      [Ref Proc: 0.1 ms]
      [Ref Enq: 0.0 ms]
      [Free CSet: 0.7 ms]
   [Eden: 1012.0M(1012.0M)->0.0B(998.0M) Survivors: 90.0M->100.0M Heap: 1623.7M(1934.0M)->621.7M(1934.0M)]
 [Times: user=0.42 sys=0.00, real=0.05 secs] 
188.802: Total time for which application threads were stopped: 0.0529930 seconds, Stopping threads took: 0.0000520 seconds
189.292: Application time: 0.4894430 seconds
189.292: [GC pause (young), 0.0601840 secs]
   [Parallel Time: 58.6 ms, GC Workers: 8]
      [GC Worker Start (ms): Min: 189291.9, Avg: 189291.9, Max: 189291.9, Diff: 0.1]
      [Ext Root Scanning (ms): Min: 0.6, Avg: 0.7, Max: 0.7, Diff: 0.1, Sum: 5.3]
      [Update RS (ms): Min: 0.0, Avg: 0.0, Max: 0.1, Diff: 0.1, Sum: 0.2]
         [Processed Buffers: Min: 0, Avg: 1.0, Max: 3, Diff: 3, Sum: 8]
      [Scan RS (ms): Min: 0.4, Avg: 0.4, Max: 0.5, Diff: 0.1, Sum: 3.5]
      [Code Root Scanning (ms): Min: 0.0, Avg: 0.0, Max: 0.0, Diff: 0.0, Sum: 0.1]
      [Object Copy (ms): Min: 57.3, Avg: 57.3, Max: 57.4, Diff: 0.1, Sum: 458.6]
      [Termination (ms): Min: 0.0, Avg: 0.0, Max: 0.0, Diff: 0.0, Sum: 0.0]
      [GC Worker Other (ms): Min: 0.0, Avg: 0.0, Max: 0.1, Diff: 0.0, Sum: 0.4]
      [GC Worker Total (ms): Min: 58.5, Avg: 58.5, Max: 58.6, Diff: 0.1, Sum: 468.1]
      [GC Worker End (ms): Min: 189350.4, Avg: 189350.4, Max: 189350.4, Diff: 0.0]
   [Code Root Fixup: 0.1 ms]
   [Code Root Migration: 0.1 ms]
   [Clear CT: 0.5 ms]
   [Other: 0.9 ms]
      [Choose CSet: 0.0 ms]
      [Ref Proc: 0.1 ms]
      [Ref Enq: 0.0 ms]
      [Free CSet: 0.7 ms]
   [Eden: 998.0M(998.0M)->0.0B(985.0M) Survivors: 100.0M->107.0M Heap: 1619.7M(1934.0M)->628.7M(1934.0M)]
 [Times: user=0.47 sys=0.00, real=0.06 secs] 
189.352: Total time for which application threads were stopped: 0.0603820 seconds, Stopping threads took: 0.0000690 seconds
189.836: Application time: 0.4838360 seconds
189.836: [GC pause (young), 0.0555810 secs]
   [Parallel Time: 54.0 ms, GC Workers: 8]
      [GC Worker Start (ms): Min: 189836.1, Avg: 189836.1, Max: 189836.1, Diff: 0.1]
      [Ext Root Scanning (ms): Min: 0.6, Avg: 0.6, Max: 0.7, Diff: 0.1, Sum: 5.2]
      [Update RS (ms): Min: 0.0, Avg: 0.0, Max: 0.1, Diff: 0.1, Sum: 0.2]
         [Processed Buffers: Min: 0, Avg: 0.9, Max: 3, Diff: 3, Sum: 7]
      [Scan RS (ms): Min: 0.4, Avg: 0.4, Max: 0.5, Diff: 0.1, Sum: 3.4]
      [Code Root Scanning (ms): Min: 0.0, Avg: 0.0, Max: 0.0, Diff: 0.0, Sum: 0.1]
      [Object Copy (ms): Min: 52.8, Avg: 52.8, Max: 52.8, Diff: 0.0, Sum: 422.5]
      [Termination (ms): Min: 0.0, Avg: 0.0, Max: 0.0, Diff: 0.0, Sum: 0.0]
      [GC Worker Other (ms): Min: 0.0, Avg: 0.1, Max: 0.1, Diff: 0.0, Sum: 0.4]
      [GC Worker Total (ms): Min: 53.9, Avg: 54.0, Max: 54.0, Diff: 0.1, Sum: 431.8]
      [GC Worker End (ms): Min: 189890.0, Avg: 189890.1, Max: 189890.1, Diff: 0.0]
   [Code Root Fixup: 0.1 ms]
   [Code Root Migration: 0.1 ms]
   [Clear CT: 0.5 ms]
   [Other: 0.9 ms]
      [Choose CSet: 0.0 ms]
      [Ref Proc: 0.1 ms]
      [Ref Enq: 0.0 ms]
      [Free CSet: 0.7 ms]
   [Eden: 985.0M(985.0M)->0.0B(991.0M) Survivors: 107.0M->100.0M Heap: 1613.7M(1934.0M)->621.7M(1934.0M)]
 [Times: user=0.44 sys=0.00, real=0.05 secs] 
189.892: Total time for which application threads were stopped: 0.0557640 seconds, Stopping threads took: 0.0000450 seconds
190.384: Application time: 0.4927430 seconds
190.385: [GC pause (young), 0.0462950 secs]
   [Parallel Time: 44.8 ms, GC Workers: 8]
      [GC Worker Start (ms): Min: 190384.6, Avg: 190384.6, Max: 190384.6, Diff: 0.1]
      [Ext Root Scanning (ms): Min: 0.6, Avg: 0.7, Max: 0.7, Diff: 0.1, Sum: 5.3]
      [Update RS (ms): Min: 0.0, Avg: 0.0, Max: 0.1, Diff: 0.1, Sum: 0.2]
         [Processed Buffers: Min: 0, Avg: 1.0, Max: 2, Diff: 2, Sum: 8]
      [Scan RS (ms): Min: 0.4, Avg: 0.4, Max: 0.5, Diff: 0.1, Sum: 3.5]
      [Code Root Scanning (ms): Min: 0.0, Avg: 0.0, Max: 0.0, Diff: 0.0, Sum: 0.1]
      [Object Copy (ms): Min: 43.5, Avg: 43.5, Max: 43.5, Diff: 0.0, Sum: 348.0]
      [Termination (ms): Min: 0.0, Avg: 0.0, Max: 0.0, Diff: 0.0, Sum: 0.0]
      [GC Worker Other (ms): Min: 0.0, Avg: 0.1, Max: 0.1, Diff: 0.0, Sum: 0.5]
      [GC Worker Total (ms): Min: 44.6, Avg: 44.7, Max: 44.7, Diff: 0.1, Sum: 357.6]
      [GC Worker End (ms): Min: 190429.3, Avg: 190429.3, Max: 190429.3, Diff: 0.0]
   [Code Root Fixup: 0.1 ms]
   [Code Root Migration: 0.1 ms]
   [Clear CT: 0.4 ms]
   [Other: 0.8 ms]
      [Choose CSet: 0.0 ms]
      [Ref Proc: 0.1 ms]
      [Ref Enq: 0.0 ms]
      [Free CSet: 0.7 ms]
   [Eden: 991.0M(991.0M)->0.0B(1012.0M) Survivors: 100.0M->82.0M Heap: 1612.7M(1934.0M)->603.7M(1934.0M)]
 [Times: user=0.36 sys=0.00, real=0.05 secs] 
190.431: Total time for which application threads were stopped: 0.0464690 seconds, Stopping threads took: 0.0000450 seconds
190.926: Application time: 0.4949330 seconds
190.926: [GC pause (young), 0.0457610 secs]
   [Parallel Time: 44.3 ms, GC Workers: 8]
      [GC Worker Start (ms): Min: 190926.0, Avg: 190926.0, Max: 190926.0, Diff: 0.1]
      [Ext Root Scanning (ms): Min: 0.6, Avg: 0.7, Max: 0.7, Diff: 0.1, Sum: 5.2]
      [Update RS (ms): Min: 0.0, Avg: 0.0, Max: 0.1, Diff: 0.1, Sum: 0.2]
         [Processed Buffers: Min: 0, Avg: 0.9, Max: 4, Diff: 4, Sum: 7]
      [Scan RS (ms): Min: 0.4, Avg: 0.4, Max: 0.5, Diff: 0.1, Sum: 3.4]
      [Code Root Scanning (ms): Min: 0.0, Avg: 0.0, Max: 0.0, Diff: 0.0, Sum: 0.1]
      [Object Copy (ms): Min: 43.0, Avg: 43.0, Max: 43.1, Diff: 0.1, Sum: 344.2]
      [Termination (ms): Min: 0.0, Avg: 0.0, Max: 0.0, Diff: 0.0, Sum: 0.0]
      [GC Worker Other (ms): Min: 0.0, Avg: 0.1, Max: 0.1, Diff: 0.0, Sum: 0.4]
      [GC Worker Total (ms): Min: 44.2, Avg: 44.2, Max: 44.3, Diff: 0.1, Sum: 353.6]
      [GC Worker End (ms): Min: 190970.2, Avg: 190970.2, Max: 190970.2, Diff: 0.0]
   [Code Root Fixup: 0.1 ms]
   [Code Root Migration: 0.1 ms]
   [Clear CT: 0.4 ms]
   [Other: 0.8 ms]
      [Choose CSet: 0.0 ms]
      [Ref Proc: 0.1 ms]
      [Ref Enq: 0.0 ms]
      [Free CSet: 0.7 ms]
   [Eden: 1012.0M(1012.0M)->0.0B(1011.0M) Survivors: 82.0M->85.0M Heap: 1615.7M(1934.0M)->606.2M(1934.0M)]
 [Times: user=0.36 sys=0.00, real=0.04 secs] 
190.972: Total time for which application threads were stopped: 0.0459310 seconds, Stopping threads took: 0.0000460 seconds
191.463: Application time: 0.4907690 seconds
191.463: [GC pause (young), 0.0495970 secs]
   [Parallel Time: 48.0 ms, GC Workers: 8]
      [GC Worker Start (ms): Min: 191462.7, Avg: 191462.7, Max: 191462.8, Diff: 0.1]
      [Ext Root Scanning (ms): Min: 0.6, Avg: 0.7, Max: 0.7, Diff: 0.1, Sum: 5.3]
      [Update RS (ms): Min: 0.0, Avg: 0.0, Max: 0.1, Diff: 0.1, Sum: 0.2]
         [Processed Buffers: Min: 0, Avg: 0.9, Max: 4, Diff: 4, Sum: 7]
      [Scan RS (ms): Min: 0.4, Avg: 0.4, Max: 0.5, Diff: 0.1, Sum: 3.5]
      [Code Root Scanning (ms): Min: 0.0, Avg: 0.0, Max: 0.0, Diff: 0.0, Sum: 0.1]
      [Object Copy (ms): Min: 46.7, Avg: 46.7, Max: 46.8, Diff: 0.0, Sum: 373.9]
      [Termination (ms): Min: 0.0, Avg: 0.0, Max: 0.0, Diff: 0.0, Sum: 0.0]
      [GC Worker Other (ms): Min: 0.0, Avg: 0.0, Max: 0.1, Diff: 0.0, Sum: 0.4]
      [GC Worker Total (ms): Min: 47.9, Avg: 47.9, Max: 48.0, Diff: 0.1, Sum: 383.4]
      [GC Worker End (ms): Min: 191510.6, Avg: 191510.6, Max: 191510.7, Diff: 0.0]
   [Code Root Fixup: 0.2 ms]
   [Code Root Migration: 0.1 ms]
   [Clear CT: 0.4 ms]
   [Other: 0.9 ms]
      [Choose CSet: 0.0 ms]
      [Ref Proc: 0.1 ms]
      [Ref Enq: 0.0 ms]
      [Free CSet: 0.7 ms]
   [Eden: 1011.0M(1011.0M)->0.0B(1007.0M) Survivors: 85.0M->90.0M Heap: 1617.2M(1934.0M)->611.7M(1934.0M)]
 [Times: user=0.39 sys=0.00, real=0.05 secs] 
191.512: Total time for which application threads were stopped: 0.0497880 seconds, Stopping threads took: 0.0000530 seconds
192.013: Application time: 0.5006490 seconds
192.013: [GC pause (young), 0.0505840 secs]
   [Parallel Time: 49.1 ms, GC Workers: 8]
      [GC Worker Start (ms): Min: 192013.2, Avg: 192013.2, Max: 192013.2, Diff: 0.1]
      [Ext Root Scanning (ms): Min: 0.6, Avg: 0.7, Max: 0.7, Diff: 0.1, Sum: 5.3]
      [Update RS (ms): Min: 0.0, Avg: 0.5, Max: 3.7, Diff: 3.7, Sum: 3.9]
         [Processed Buffers: Min: 0, Avg: 0.9, Max: 4, Diff: 4, Sum: 7]
      [Scan RS (ms): Min: 0.2, Avg: 0.4, Max: 0.5, Diff: 0.3, Sum: 3.2]
      [Code Root Scanning (ms): Min: 0.0, Avg: 0.0, Max: 0.0, Diff: 0.0, Sum: 0.1]
      [Object Copy (ms): Min: 44.4, Avg: 47.4, Max: 47.8, Diff: 3.4, Sum: 378.8]
      [Termination (ms): Min: 0.0, Avg: 0.0, Max: 0.0, Diff: 0.0, Sum: 0.0]
      [GC Worker Other (ms): Min: 0.0, Avg: 0.1, Max: 0.1, Diff: 0.1, Sum: 0.4]
      [GC Worker Total (ms): Min: 48.9, Avg: 49.0, Max: 49.0, Diff: 0.1, Sum: 391.8]
      [GC Worker End (ms): Min: 192062.1, Avg: 192062.2, Max: 192062.2, Diff: 0.1]
   [Code Root Fixup: 0.1 ms]
   [Code Root Migration: 0.1 ms]
   [Clear CT: 0.4 ms]
   [Other: 0.8 ms]
      [Choose CSet: 0.0 ms]
      [Ref Proc: 0.1 ms]
      [Ref Enq: 0.0 ms]
      [Free CSet: 0.7 ms]
   [Eden: 1007.0M(1007.0M)->0.0B(1008.0M) Survivors: 90.0M->90.0M Heap: 1618.7M(1934.0M)->611.7M(1934.0M)]
 [Times: user=0.39 sys=0.00, real=0.05 secs] 
192.064: Total time for which application threads were stopped: 0.0508000 seconds, Stopping threads took: 0.0000830 seconds
192.562: Application time: 0.4978380 seconds
192.562: [GC pause (young), 0.0452110 secs]
   [Parallel Time: 43.6 ms, GC Workers: 8]
      [GC Worker Start (ms): Min: 192561.8, Avg: 192561.8, Max: 192561.8, Diff: 0.1]
      [Ext Root Scanning (ms): Min: 0.6, Avg: 0.7, Max: 0.7, Diff: 0.1, Sum: 5.4]
      [Update RS (ms): Min: 0.0, Avg: 0.0, Max: 0.1, Diff: 0.1, Sum: 0.2]
         [Processed Buffers: Min: 0, Avg: 0.9, Max: 2, Diff: 2, Sum: 7]
      [Scan RS (ms): Min: 0.4, Avg: 0.4, Max: 0.5, Diff: 0.1, Sum: 3.3]
      [Code Root Scanning (ms): Min: 0.0, Avg: 0.0, Max: 0.0, Diff: 0.0, Sum: 0.0]
      [Object Copy (ms): Min: 42.3, Avg: 42.4, Max: 42.4, Diff: 0.0, Sum: 338.9]
      [Termination (ms): Min: 0.0, Avg: 0.0, Max: 0.0, Diff: 0.0, Sum: 0.0]
      [GC Worker Other (ms): Min: 0.0, Avg: 0.1, Max: 0.1, Diff: 0.0, Sum: 0.5]
      [GC Worker Total (ms): Min: 43.5, Avg: 43.5, Max: 43.6, Diff: 0.1, Sum: 348.4]
      [GC Worker End (ms): Min: 192605.3, Avg: 192605.3, Max: 192605.4, Diff: 0.0]
   [Code Root Fixup: 0.1 ms]
   [Code Root Migration: 0.1 ms]
   [Clear CT: 0.5 ms]
   [Other: 0.9 ms]
      [Choose CSet: 0.0 ms]
      [Ref Proc: 0.1 ms]
      [Ref Enq: 0.0 ms]
      [Free CSet: 0.7 ms]
   [Eden: 1008.0M(1008.0M)->0.0B(1020.0M) Survivors: 90.0M->81.0M Heap: 1619.7M(1934.0M)->602.2M(1934.0M)]
 [Times: user=0.35 sys=0.00, real=0.05 secs] 
192.607: Total time for which application threads were stopped: 0.0453820 seconds, Stopping threads took: 0.0000470 seconds
193.109: Application time: 0.5022550 seconds
193.109: [GC pause (young), 0.0446700 secs]
   [Parallel Time: 43.0 ms, GC Workers: 8]
      [GC Worker Start (ms): Min: 193109.4, Avg: 193109.4, Max: 193109.5, Diff: 0.1]
      [Ext Root Scanning (ms): Min: 0.6, Avg: 0.7, Max: 0.8, Diff: 0.2, Sum: 5.5]
      [Update RS (ms): Min: 0.0, Avg: 0.0, Max: 0.1, Diff: 0.1, Sum: 0.2]
         [Processed Buffers: Min: 0, Avg: 0.9, Max: 4, Diff: 4, Sum: 7]
      [Scan RS (ms): Min: 0.4, Avg: 0.4, Max: 0.5, Diff: 0.2, Sum: 3.5]
      [Code Root Scanning (ms): Min: 0.0, Avg: 0.0, Max: 0.0, Diff: 0.0, Sum: 0.1]
      [Object Copy (ms): Min: 41.6, Avg: 41.7, Max: 41.7, Diff: 0.1, Sum: 333.2]
      [Termination (ms): Min: 0.0, Avg: 0.0, Max: 0.0, Diff: 0.0, Sum: 0.1]
      [GC Worker Other (ms): Min: 0.0, Avg: 0.1, Max: 0.1, Diff: 0.1, Sum: 0.6]
      [GC Worker Total (ms): Min: 42.8, Avg: 42.9, Max: 42.9, Diff: 0.1, Sum: 343.2]
      [GC Worker End (ms): Min: 193152.3, Avg: 193152.3, Max: 193152.4, Diff: 0.1]
   [Code Root Fixup: 0.1 ms]
   [Code Root Migration: 0.1 ms]
   [Clear CT: 0.5 ms]
   [Other: 1.0 ms]
      [Choose CSet: 0.0 ms]
      [Ref Proc: 0.1 ms]
      [Ref Enq: 0.0 ms]
      [Free CSet: 0.8 ms]
   [Eden: 1020.0M(1020.0M)->0.0B(1024.0M) Survivors: 81.0M->80.0M Heap: 1622.2M(1934.0M)->601.7M(1934.0M)]
 [Times: user=0.35 sys=0.00, real=0.05 secs] 
193.154: Total time for which application threads were stopped: 0.0448540 seconds, Stopping threads took: 0.0000450 seconds
193.646: Application time: 0.4916980 seconds
193.646: [GC pause (young), 0.0470490 secs]
   [Parallel Time: 45.5 ms, GC Workers: 8]
      [GC Worker Start (ms): Min: 193646.0, Avg: 193646.0, Max: 193646.1, Diff: 0.1]
      [Ext Root Scanning (ms): Min: 0.6, Avg: 0.7, Max: 0.7, Diff: 0.1, Sum: 5.3]
      [Update RS (ms): Min: 0.0, Avg: 0.0, Max: 0.1, Diff: 0.1, Sum: 0.2]
         [Processed Buffers: Min: 0, Avg: 0.9, Max: 4, Diff: 4, Sum: 7]
      [Scan RS (ms): Min: 0.4, Avg: 0.4, Max: 0.5, Diff: 0.1, Sum: 3.4]
      [Code Root Scanning (ms): Min: 0.0, Avg: 0.0, Max: 0.0, Diff: 0.0, Sum: 0.1]
      [Object Copy (ms): Min: 44.2, Avg: 44.2, Max: 44.2, Diff: 0.0, Sum: 353.6]
      [Termination (ms): Min: 0.0, Avg: 0.0, Max: 0.0, Diff: 0.0, Sum: 0.0]
      [GC Worker Other (ms): Min: 0.0, Avg: 0.1, Max: 0.1, Diff: 0.0, Sum: 0.5]
      [GC Worker Total (ms): Min: 45.3, Avg: 45.4, Max: 45.4, Diff: 0.1, Sum: 363.1]
      [GC Worker End (ms): Min: 193691.4, Avg: 193691.4, Max: 193691.4, Diff: 0.0]
   [Code Root Fixup: 0.1 ms]
   [Code Root Migration: 0.1 ms]
   [Clear CT: 0.4 ms]
   [Other: 0.9 ms]
      [Choose CSet: 0.0 ms]
      [Ref Proc: 0.1 ms]
      [Ref Enq: 0.0 ms]
      [Free CSet: 0.7 ms]
   [Eden: 1024.0M(1024.0M)->0.0B(1013.0M) Survivors: 80.0M->90.0M Heap: 1625.7M(1934.0M)->611.2M(1934.0M)]
 [Times: user=0.37 sys=0.00, real=0.04 secs] 
193.693: Total time for which application threads were stopped: 0.0472390 seconds, Stopping threads took: 0.0000650 seconds
194.193: Application time: 0.5002660 seconds
194.193: [GC pause (young), 0.0572250 secs]
   [Parallel Time: 55.6 ms, GC Workers: 8]
      [GC Worker Start (ms): Min: 194193.5, Avg: 194193.6, Max: 194194.2, Diff: 0.7]
      [Ext Root Scanning (ms): Min: 0.0, Avg: 0.6, Max: 0.9, Diff: 0.9, Sum: 4.8]
      [Update RS (ms): Min: 0.0, Avg: 0.0, Max: 0.1, Diff: 0.1, Sum: 0.3]
         [Processed Buffers: Min: 0, Avg: 0.9, Max: 4, Diff: 4, Sum: 7]
      [Scan RS (ms): Min: 0.3, Avg: 0.4, Max: 0.5, Diff: 0.2, Sum: 3.3]
      [Code Root Scanning (ms): Min: 0.0, Avg: 0.0, Max: 0.0, Diff: 0.0, Sum: 0.1]
      [Object Copy (ms): Min: 54.3, Avg: 54.4, Max: 54.5, Diff: 0.1, Sum: 435.1]
      [Termination (ms): Min: 0.0, Avg: 0.0, Max: 0.0, Diff: 0.0, Sum: 0.0]
      [GC Worker Other (ms): Min: 0.0, Avg: 0.1, Max: 0.1, Diff: 0.0, Sum: 0.4]
      [GC Worker Total (ms): Min: 54.9, Avg: 55.5, Max: 55.6, Diff: 0.7, Sum: 443.9]
      [GC Worker End (ms): Min: 194249.1, Avg: 194249.1, Max: 194249.1, Diff: 0.0]
   [Code Root Fixup: 0.1 ms]
   [Code Root Migration: 0.1 ms]
   [Clear CT: 0.5 ms]
   [Other: 0.9 ms]
      [Choose CSet: 0.0 ms]
      [Ref Proc: 0.1 ms]
      [Ref Enq: 0.0 ms]
      [Free CSet: 0.7 ms]
   [Eden: 1013.0M(1013.0M)->0.0B(997.0M) Survivors: 90.0M->101.0M Heap: 1624.2M(1934.0M)->622.7M(1934.0M)]
 [Times: user=0.44 sys=0.00, real=0.06 secs] 
194.251: Total time for which application threads were stopped: 0.0574140 seconds, Stopping threads took: 0.0000620 seconds
194.747: Application time: 0.4959850 seconds
194.747: [GC pause (young), 0.0509730 secs]
   [Parallel Time: 49.4 ms, GC Workers: 8]
      [GC Worker Start (ms): Min: 194746.9, Avg: 194747.0, Max: 194747.0, Diff: 0.1]
      [Ext Root Scanning (ms): Min: 0.6, Avg: 0.7, Max: 0.7, Diff: 0.1, Sum: 5.2]
      [Update RS (ms): Min: 0.0, Avg: 0.0, Max: 0.1, Diff: 0.1, Sum: 0.2]
         [Processed Buffers: Min: 0, Avg: 0.9, Max: 4, Diff: 4, Sum: 7]
      [Scan RS (ms): Min: 0.4, Avg: 0.4, Max: 0.5, Diff: 0.1, Sum: 3.5]
      [Code Root Scanning (ms): Min: 0.0, Avg: 0.0, Max: 0.0, Diff: 0.0, Sum: 0.1]
      [Object Copy (ms): Min: 48.1, Avg: 48.2, Max: 48.2, Diff: 0.1, Sum: 385.3]
      [Termination (ms): Min: 0.0, Avg: 0.0, Max: 0.0, Diff: 0.0, Sum: 0.0]
      [GC Worker Other (ms): Min: 0.0, Avg: 0.1, Max: 0.1, Diff: 0.0, Sum: 0.5]
      [GC Worker Total (ms): Min: 49.3, Avg: 49.3, Max: 49.4, Diff: 0.1, Sum: 394.8]
      [GC Worker End (ms): Min: 194796.3, Avg: 194796.3, Max: 194796.3, Diff: 0.0]
   [Code Root Fixup: 0.1 ms]
   [Code Root Migration: 0.1 ms]
   [Clear CT: 0.5 ms]
   [Other: 0.9 ms]
      [Choose CSet: 0.0 ms]
      [Ref Proc: 0.1 ms]
      [Ref Enq: 0.0 ms]
      [Free CSet: 0.7 ms]
   [Eden: 997.0M(997.0M)->0.0B(1005.0M) Survivors: 101.0M->91.0M Heap: 1619.7M(1934.0M)->612.7M(1934.0M)]
 [Times: user=0.40 sys=0.00, real=0.05 secs] 
194.798: Total time for which application threads were stopped: 0.0511960 seconds, Stopping threads took: 0.0000850 seconds
195.290: Application time: 0.4917400 seconds
195.290: [GC pause (young), 0.0373660 secs]
   [Parallel Time: 35.8 ms, GC Workers: 8]
      [GC Worker Start (ms): Min: 195289.8, Avg: 195289.9, Max: 195289.9, Diff: 0.1]
      [Ext Root Scanning (ms): Min: 0.7, Avg: 0.7, Max: 0.7, Diff: 0.1, Sum: 5.5]
      [Update RS (ms): Min: 0.0, Avg: 0.0, Max: 0.1, Diff: 0.1, Sum: 0.2]
         [Processed Buffers: Min: 0, Avg: 0.9, Max: 2, Diff: 2, Sum: 7]
      [Scan RS (ms): Min: 0.4, Avg: 0.4, Max: 0.5, Diff: 0.1, Sum: 3.5]
      [Code Root Scanning (ms): Min: 0.0, Avg: 0.0, Max: 0.0, Diff: 0.0, Sum: 0.1]
      [Object Copy (ms): Min: 34.6, Avg: 34.6, Max: 34.6, Diff: 0.0, Sum: 276.5]
      [Termination (ms): Min: 0.0, Avg: 0.0, Max: 0.0, Diff: 0.0, Sum: 0.0]
      [GC Worker Other (ms): Min: 0.0, Avg: 0.0, Max: 0.1, Diff: 0.0, Sum: 0.4]
      [GC Worker Total (ms): Min: 35.7, Avg: 35.8, Max: 35.8, Diff: 0.1, Sum: 286.2]
      [GC Worker End (ms): Min: 195325.6, Avg: 195325.6, Max: 195325.7, Diff: 0.0]
   [Code Root Fixup: 0.1 ms]
   [Code Root Migration: 0.1 ms]
   [Clear CT: 0.5 ms]
   [Other: 0.8 ms]
      [Choose CSet: 0.0 ms]
      [Ref Proc: 0.1 ms]
      [Ref Enq: 0.0 ms]
      [Free CSet: 0.7 ms]
   [Eden: 1005.0M(1005.0M)->0.0B(1034.0M) Survivors: 91.0M->68.0M Heap: 1617.7M(1934.0M)->589.8M(1934.0M)]
 [Times: user=0.29 sys=0.00, real=0.04 secs] 
195.327: Total time for which application threads were stopped: 0.0375580 seconds, Stopping threads took: 0.0000650 seconds
195.820: Application time: 0.4923960 seconds
195.820: [GC pause (young), 0.0432100 secs]
   [Parallel Time: 41.7 ms, GC Workers: 8]
      [GC Worker Start (ms): Min: 195819.8, Avg: 195819.8, Max: 195819.8, Diff: 0.1]
      [Ext Root Scanning (ms): Min: 0.6, Avg: 0.7, Max: 0.8, Diff: 0.1, Sum: 5.6]
      [Update RS (ms): Min: 0.0, Avg: 0.0, Max: 0.1, Diff: 0.1, Sum: 0.2]
         [Processed Buffers: Min: 0, Avg: 0.9, Max: 4, Diff: 4, Sum: 7]
      [Scan RS (ms): Min: 0.4, Avg: 0.4, Max: 0.5, Diff: 0.1, Sum: 3.5]
      [Code Root Scanning (ms): Min: 0.0, Avg: 0.0, Max: 0.0, Diff: 0.0, Sum: 0.1]
      [Object Copy (ms): Min: 40.4, Avg: 40.4, Max: 40.4, Diff: 0.0, Sum: 323.0]
      [Termination (ms): Min: 0.0, Avg: 0.0, Max: 0.0, Diff: 0.0, Sum: 0.0]
      [GC Worker Other (ms): Min: 0.0, Avg: 0.1, Max: 0.1, Diff: 0.0, Sum: 0.5]
      [GC Worker Total (ms): Min: 41.6, Avg: 41.6, Max: 41.7, Diff: 0.1, Sum: 332.8]
      [GC Worker End (ms): Min: 195861.4, Avg: 195861.4, Max: 195861.4, Diff: 0.0]
   [Code Root Fixup: 0.1 ms]
   [Code Root Migration: 0.1 ms]
   [Clear CT: 0.4 ms]
   [Other: 0.8 ms]
      [Choose CSet: 0.0 ms]
      [Ref Proc: 0.1 ms]
      [Ref Enq: 0.0 ms]
      [Free CSet: 0.7 ms]
   [Eden: 1034.0M(1034.0M)->0.0B(1018.0M) Survivors: 68.0M->83.0M Heap: 1623.8M(1934.0M)->604.8M(1934.0M)]
 [Times: user=0.33 sys=0.00, real=0.04 secs] 
195.863: Total time for which application threads were stopped: 0.0433800 seconds, Stopping threads took: 0.0000400 seconds
196.358: Application time: 0.4947740 seconds
196.358: [GC pause (young), 0.0522900 secs]
   [Parallel Time: 50.6 ms, GC Workers: 8]
      [GC Worker Start (ms): Min: 196357.9, Avg: 196358.0, Max: 196358.0, Diff: 0.0]
      [Ext Root Scanning (ms): Min: 0.6, Avg: 0.7, Max: 0.7, Diff: 0.1, Sum: 5.3]
      [Update RS (ms): Min: 0.0, Avg: 0.0, Max: 0.1, Diff: 0.1, Sum: 0.2]
         [Processed Buffers: Min: 0, Avg: 0.9, Max: 2, Diff: 2, Sum: 7]
      [Scan RS (ms): Min: 0.4, Avg: 0.4, Max: 0.5, Diff: 0.1, Sum: 3.4]
      [Code Root Scanning (ms): Min: 0.0, Avg: 0.0, Max: 0.0, Diff: 0.0, Sum: 0.1]
      [Object Copy (ms): Min: 49.3, Avg: 49.4, Max: 49.4, Diff: 0.0, Sum: 394.9]
      [Termination (ms): Min: 0.0, Avg: 0.0, Max: 0.0, Diff: 0.0, Sum: 0.0]
      [GC Worker Other (ms): Min: 0.0, Avg: 0.1, Max: 0.1, Diff: 0.1, Sum: 0.6]
      [GC Worker Total (ms): Min: 50.5, Avg: 50.6, Max: 50.6, Diff: 0.1, Sum: 404.5]
      [GC Worker End (ms): Min: 196408.5, Avg: 196408.5, Max: 196408.6, Diff: 0.1]
   [Code Root Fixup: 0.1 ms]
   [Code Root Migration: 0.1 ms]
   [Clear CT: 0.5 ms]
   [Other: 0.9 ms]
      [Choose CSet: 0.0 ms]
      [Ref Proc: 0.1 ms]
      [Ref Enq: 0.0 ms]
      [Free CSet: 0.7 ms]
   [Eden: 1018.0M(1018.0M)->0.0B(1000.0M) Survivors: 83.0M->97.0M Heap: 1622.8M(1934.0M)->618.3M(1934.0M)]
 [Times: user=0.41 sys=0.00, real=0.05 secs] 
196.410: Total time for which application threads were stopped: 0.0524850 seconds, Stopping threads took: 0.0000570 seconds
196.906: Application time: 0.4957600 seconds
196.906: [GC pause (young), 0.0509440 secs]
   [Parallel Time: 49.3 ms, GC Workers: 8]
      [GC Worker Start (ms): Min: 196906.2, Avg: 196906.2, Max: 196906.2, Diff: 0.1]
      [Ext Root Scanning (ms): Min: 0.7, Avg: 0.7, Max: 0.7, Diff: 0.1, Sum: 5.5]
      [Update RS (ms): Min: 0.0, Avg: 0.0, Max: 0.1, Diff: 0.1, Sum: 0.3]
         [Processed Buffers: Min: 0, Avg: 0.9, Max: 3, Diff: 3, Sum: 7]
      [Scan RS (ms): Min: 0.4, Avg: 0.4, Max: 0.5, Diff: 0.1, Sum: 3.5]
      [Code Root Scanning (ms): Min: 0.0, Avg: 0.0, Max: 0.0, Diff: 0.0, Sum: 0.1]
      [Object Copy (ms): Min: 48.0, Avg: 48.0, Max: 48.0, Diff: 0.1, Sum: 383.8]
      [Termination (ms): Min: 0.0, Avg: 0.0, Max: 0.0, Diff: 0.0, Sum: 0.0]
      [GC Worker Other (ms): Min: 0.0, Avg: 0.1, Max: 0.1, Diff: 0.0, Sum: 0.5]
      [GC Worker Total (ms): Min: 49.1, Avg: 49.2, Max: 49.3, Diff: 0.1, Sum: 393.7]
      [GC Worker End (ms): Min: 196955.4, Avg: 196955.4, Max: 196955.4, Diff: 0.1]
   [Code Root Fixup: 0.1 ms]
   [Code Root Migration: 0.1 ms]
   [Clear CT: 0.5 ms]
   [Other: 0.9 ms]
      [Choose CSet: 0.0 ms]
      [Ref Proc: 0.2 ms]
      [Ref Enq: 0.0 ms]
      [Free CSet: 0.7 ms]
   [Eden: 1000.0M(1000.0M)->0.0B(1004.0M) Survivors: 97.0M->93.0M Heap: 1618.3M(1934.0M)->614.3M(1934.0M)]
 [Times: user=0.40 sys=0.00, real=0.05 secs] 
196.957: Total time for which application threads were stopped: 0.0511100 seconds, Stopping threads took: 0.0000370 seconds
197.444: Application time: 0.4863600 seconds
197.444: [GC pause (young), 0.0540860 secs]
   [Parallel Time: 52.5 ms, GC Workers: 8]
      [GC Worker Start (ms): Min: 197443.6, Avg: 197443.7, Max: 197443.7, Diff: 0.1]
      [Ext Root Scanning (ms): Min: 0.6, Avg: 0.7, Max: 0.7, Diff: 0.1, Sum: 5.4]
      [Update RS (ms): Min: 0.0, Avg: 0.0, Max: 0.1, Diff: 0.1, Sum: 0.2]
         [Processed Buffers: Min: 0, Avg: 0.9, Max: 4, Diff: 4, Sum: 7]
      [Scan RS (ms): Min: 0.4, Avg: 0.4, Max: 0.5, Diff: 0.1, Sum: 3.5]
      [Code Root Scanning (ms): Min: 0.0, Avg: 0.0, Max: 0.0, Diff: 0.0, Sum: 0.1]
      [Object Copy (ms): Min: 51.1, Avg: 51.2, Max: 51.2, Diff: 0.1, Sum: 409.4]
      [Termination (ms): Min: 0.0, Avg: 0.0, Max: 0.0, Diff: 0.0, Sum: 0.1]
      [GC Worker Other (ms): Min: 0.0, Avg: 0.1, Max: 0.1, Diff: 0.0, Sum: 0.5]
      [GC Worker Total (ms): Min: 52.4, Avg: 52.4, Max: 52.4, Diff: 0.1, Sum: 419.1]
      [GC Worker End (ms): Min: 197496.1, Avg: 197496.1, Max: 197496.1, Diff: 0.0]
   [Code Root Fixup: 0.1 ms]
   [Code Root Migration: 0.1 ms]
   [Clear CT: 0.4 ms]
   [Other: 0.9 ms]
      [Choose CSet: 0.0 ms]
      [Ref Proc: 0.1 ms]
      [Ref Enq: 0.0 ms]
      [Free CSet: 0.7 ms]
   [Eden: 1004.0M(1004.0M)->0.0B(997.0M) Survivors: 93.0M->98.0M Heap: 1618.3M(1934.0M)->619.8M(1934.0M)]
 [Times: user=0.42 sys=0.00, real=0.06 secs] 
197.498: Total time for which application threads were stopped: 0.0542640 seconds, Stopping threads took: 0.0000410 seconds
197.984: Application time: 0.4857360 seconds
197.984: [GC pause (young), 0.0557440 secs]
   [Parallel Time: 54.2 ms, GC Workers: 8]
      [GC Worker Start (ms): Min: 197983.7, Avg: 197983.7, Max: 197983.7, Diff: 0.1]
      [Ext Root Scanning (ms): Min: 0.6, Avg: 0.7, Max: 0.7, Diff: 0.1, Sum: 5.2]
      [Update RS (ms): Min: 0.0, Avg: 0.0, Max: 0.1, Diff: 0.1, Sum: 0.2]
         [Processed Buffers: Min: 0, Avg: 0.9, Max: 2, Diff: 2, Sum: 7]
      [Scan RS (ms): Min: 0.3, Avg: 0.4, Max: 0.4, Diff: 0.1, Sum: 3.3]
      [Code Root Scanning (ms): Min: 0.0, Avg: 0.0, Max: 0.0, Diff: 0.0, Sum: 0.1]
      [Object Copy (ms): Min: 52.9, Avg: 52.9, Max: 53.0, Diff: 0.1, Sum: 423.5]
      [Termination (ms): Min: 0.0, Avg: 0.0, Max: 0.0, Diff: 0.0, Sum: 0.0]
      [GC Worker Other (ms): Min: 0.0, Avg: 0.0, Max: 0.1, Diff: 0.1, Sum: 0.4]
      [GC Worker Total (ms): Min: 54.1, Avg: 54.1, Max: 54.1, Diff: 0.1, Sum: 432.6]
      [GC Worker End (ms): Min: 198037.8, Avg: 198037.8, Max: 198037.8, Diff: 0.1]
   [Code Root Fixup: 0.1 ms]
   [Code Root Migration: 0.1 ms]
   [Clear CT: 0.4 ms]
   [Other: 0.9 ms]
      [Choose CSet: 0.0 ms]
      [Ref Proc: 0.1 ms]
      [Ref Enq: 0.0 ms]
      [Free CSet: 0.7 ms]
   [Eden: 997.0M(997.0M)->0.0B(992.0M) Survivors: 98.0M->101.0M Heap: 1616.8M(1934.0M)->622.3M(1934.0M)]
 [Times: user=0.43 sys=0.00, real=0.06 secs] 
198.039: Total time for which application threads were stopped: 0.0559300 seconds, Stopping threads took: 0.0000600 seconds
198.530: Application time: 0.4903980 seconds
198.530: [GC pause (young), 0.0517580 secs]
   [Parallel Time: 50.2 ms, GC Workers: 8]
      [GC Worker Start (ms): Min: 198530.0, Avg: 198530.0, Max: 198530.1, Diff: 0.1]
      [Ext Root Scanning (ms): Min: 0.6, Avg: 0.7, Max: 0.7, Diff: 0.1, Sum: 5.2]
      [Update RS (ms): Min: 0.0, Avg: 0.0, Max: 0.1, Diff: 0.1, Sum: 0.2]
         [Processed Buffers: Min: 0, Avg: 0.9, Max: 4, Diff: 4, Sum: 7]
      [Scan RS (ms): Min: 0.4, Avg: 0.4, Max: 0.5, Diff: 0.1, Sum: 3.4]
      [Code Root Scanning (ms): Min: 0.0, Avg: 0.0, Max: 0.0, Diff: 0.0, Sum: 0.1]
      [Object Copy (ms): Min: 49.0, Avg: 49.0, Max: 49.0, Diff: 0.0, Sum: 391.9]
      [Termination (ms): Min: 0.0, Avg: 0.0, Max: 0.0, Diff: 0.0, Sum: 0.0]
      [GC Worker Other (ms): Min: 0.0, Avg: 0.1, Max: 0.1, Diff: 0.1, Sum: 0.4]
      [GC Worker Total (ms): Min: 50.1, Avg: 50.2, Max: 50.2, Diff: 0.1, Sum: 401.3]
      [GC Worker End (ms): Min: 198580.2, Avg: 198580.2, Max: 198580.2, Diff: 0.1]
   [Code Root Fixup: 0.1 ms]
   [Code Root Migration: 0.1 ms]
   [Clear CT: 0.4 ms]
   [Other: 0.8 ms]
      [Choose CSet: 0.0 ms]
      [Ref Proc: 0.1 ms]
      [Ref Enq: 0.0 ms]
      [Free CSet: 0.7 ms]
   [Eden: 992.0M(992.0M)->0.0B(1000.0M) Survivors: 101.0M->93.0M Heap: 1614.3M(1934.0M)->614.3M(1934.0M)]
 [Times: user=0.40 sys=0.00, real=0.05 secs] 
198.582: Total time for which application threads were stopped: 0.0519580 seconds, Stopping threads took: 0.0000700 seconds
199.070: Application time: 0.4884540 seconds
199.070: [GC pause (young), 0.0450920 secs]
   [Parallel Time: 43.5 ms, GC Workers: 8]
      [GC Worker Start (ms): Min: 199070.4, Avg: 199070.4, Max: 199070.5, Diff: 0.1]
      [Ext Root Scanning (ms): Min: 0.6, Avg: 0.7, Max: 0.7, Diff: 0.1, Sum: 5.4]
      [Update RS (ms): Min: 0.0, Avg: 0.0, Max: 0.1, Diff: 0.1, Sum: 0.2]
         [Processed Buffers: Min: 0, Avg: 0.8, Max: 2, Diff: 2, Sum: 6]
      [Scan RS (ms): Min: 0.4, Avg: 0.4, Max: 0.5, Diff: 0.1, Sum: 3.5]
      [Code Root Scanning (ms): Min: 0.0, Avg: 0.0, Max: 0.0, Diff: 0.0, Sum: 0.1]
      [Object Copy (ms): Min: 42.2, Avg: 42.3, Max: 42.4, Diff: 0.2, Sum: 338.0]
      [Termination (ms): Min: 0.0, Avg: 0.0, Max: 0.0, Diff: 0.0, Sum: 0.0]
      [GC Worker Other (ms): Min: 0.0, Avg: 0.0, Max: 0.1, Diff: 0.0, Sum: 0.4]
      [GC Worker Total (ms): Min: 43.4, Avg: 43.4, Max: 43.5, Diff: 0.1, Sum: 347.6]
      [GC Worker End (ms): Min: 199113.9, Avg: 199113.9, Max: 199113.9, Diff: 0.0]
   [Code Root Fixup: 0.1 ms]
   [Code Root Migration: 0.1 ms]
   [Clear CT: 0.4 ms]
   [Other: 0.9 ms]
      [Choose CSet: 0.0 ms]
      [Ref Proc: 0.1 ms]
      [Ref Enq: 0.0 ms]
      [Free CSet: 0.7 ms]
   [Eden: 1000.0M(1000.0M)->0.0B(1014.0M) Survivors: 93.0M->83.0M Heap: 1614.3M(1934.0M)->604.8M(1934.0M)]
 [Times: user=0.36 sys=0.00, real=0.05 secs] 
199.116: Total time for which application threads were stopped: 0.0452820 seconds, Stopping threads took: 0.0000500 seconds
199.604: Application time: 0.4888640 seconds
199.605: [GC pause (young), 0.0495880 secs]
   [Parallel Time: 47.9 ms, GC Workers: 8]
      [GC Worker Start (ms): Min: 199604.5, Avg: 199604.6, Max: 199604.6, Diff: 0.1]
      [Ext Root Scanning (ms): Min: 0.6, Avg: 0.7, Max: 0.7, Diff: 0.1, Sum: 5.2]
      [Update RS (ms): Min: 0.0, Avg: 0.0, Max: 0.1, Diff: 0.1, Sum: 0.2]
         [Processed Buffers: Min: 0, Avg: 0.9, Max: 3, Diff: 3, Sum: 7]
      [Scan RS (ms): Min: 0.4, Avg: 0.4, Max: 0.5, Diff: 0.1, Sum: 3.4]
      [Code Root Scanning (ms): Min: 0.0, Avg: 0.0, Max: 0.0, Diff: 0.0, Sum: 0.1]
      [Object Copy (ms): Min: 46.7, Avg: 46.7, Max: 46.7, Diff: 0.0, Sum: 373.5]
      [Termination (ms): Min: 0.0, Avg: 0.0, Max: 0.0, Diff: 0.0, Sum: 0.1]
      [GC Worker Other (ms): Min: 0.0, Avg: 0.1, Max: 0.1, Diff: 0.0, Sum: 0.5]
      [GC Worker Total (ms): Min: 47.8, Avg: 47.9, Max: 47.9, Diff: 0.1, Sum: 382.9]
      [GC Worker End (ms): Min: 199652.4, Avg: 199652.4, Max: 199652.5, Diff: 0.0]
   [Code Root Fixup: 0.1 ms]
   [Code Root Migration: 0.1 ms]
   [Clear CT: 0.5 ms]
   [Other: 0.9 ms]
      [Choose CSet: 0.0 ms]
      [Ref Proc: 0.1 ms]
      [Ref Enq: 0.0 ms]
      [Free CSet: 0.7 ms]
   [Eden: 1014.0M(1014.0M)->0.0B(1003.0M) Survivors: 83.0M->93.0M Heap: 1618.8M(1934.0M)->614.8M(1934.0M)]
 [Times: user=0.39 sys=0.00, real=0.06 secs] 
199.654: Total time for which application threads were stopped: 0.0497550 seconds, Stopping threads took: 0.0000380 seconds
200.157: Application time: 0.5029710 seconds
200.157: [GC pause (young), 0.0499970 secs]
   [Parallel Time: 48.4 ms, GC Workers: 8]
      [GC Worker Start (ms): Min: 200157.3, Avg: 200157.3, Max: 200157.4, Diff: 0.1]
      [Ext Root Scanning (ms): Min: 0.6, Avg: 0.7, Max: 0.7, Diff: 0.1, Sum: 5.4]
      [Update RS (ms): Min: 0.0, Avg: 0.0, Max: 0.1, Diff: 0.1, Sum: 0.2]
         [Processed Buffers: Min: 0, Avg: 0.9, Max: 3, Diff: 3, Sum: 7]
      [Scan RS (ms): Min: 0.4, Avg: 0.4, Max: 0.5, Diff: 0.1, Sum: 3.3]
      [Code Root Scanning (ms): Min: 0.0, Avg: 0.0, Max: 0.0, Diff: 0.0, Sum: 0.1]
      [Object Copy (ms): Min: 47.1, Avg: 47.1, Max: 47.2, Diff: 0.1, Sum: 377.1]
      [Termination (ms): Min: 0.0, Avg: 0.0, Max: 0.0, Diff: 0.0, Sum: 0.0]
      [GC Worker Other (ms): Min: 0.0, Avg: 0.0, Max: 0.1, Diff: 0.0, Sum: 0.4]
      [GC Worker Total (ms): Min: 48.3, Avg: 48.3, Max: 48.3, Diff: 0.1, Sum: 386.5]
      [GC Worker End (ms): Min: 200205.6, Avg: 200205.6, Max: 200205.7, Diff: 0.0]
   [Code Root Fixup: 0.2 ms]
   [Code Root Migration: 0.1 ms]
   [Clear CT: 0.5 ms]
   [Other: 0.9 ms]
      [Choose CSet: 0.0 ms]
      [Ref Proc: 0.1 ms]
      [Ref Enq: 0.0 ms]
      [Free CSet: 0.7 ms]
   [Eden: 1003.0M(1003.0M)->0.0B(1009.0M) Survivors: 93.0M->88.0M Heap: 1617.8M(1934.0M)->609.8M(1934.0M)]
 [Times: user=0.39 sys=0.00, real=0.05 secs] 
200.207: Total time for which application threads were stopped: 0.0501930 seconds, Stopping threads took: 0.0000690 seconds
200.700: Application time: 0.4928970 seconds
200.700: [GC pause (young), 0.0473000 secs]
   [Parallel Time: 45.5 ms, GC Workers: 8]
      [GC Worker Start (ms): Min: 200700.4, Avg: 200700.7, Max: 200701.6, Diff: 1.2]
      [Ext Root Scanning (ms): Min: 0.0, Avg: 0.6, Max: 0.9, Diff: 0.9, Sum: 4.4]
      [Update RS (ms): Min: 0.0, Avg: 0.0, Max: 0.1, Diff: 0.1, Sum: 0.2]
         [Processed Buffers: Min: 0, Avg: 0.8, Max: 4, Diff: 4, Sum: 6]
      [Scan RS (ms): Min: 0.1, Avg: 0.3, Max: 0.5, Diff: 0.4, Sum: 2.8]
      [Code Root Scanning (ms): Min: 0.0, Avg: 0.0, Max: 0.0, Diff: 0.0, Sum: 0.1]
      [Object Copy (ms): Min: 44.1, Avg: 44.2, Max: 44.2, Diff: 0.1, Sum: 353.6]
      [Termination (ms): Min: 0.0, Avg: 0.0, Max: 0.0, Diff: 0.0, Sum: 0.0]
      [GC Worker Other (ms): Min: 0.0, Avg: 0.1, Max: 0.1, Diff: 0.0, Sum: 0.4]
      [GC Worker Total (ms): Min: 44.3, Avg: 45.2, Max: 45.5, Diff: 1.2, Sum: 361.5]
      [GC Worker End (ms): Min: 200745.9, Avg: 200745.9, Max: 200745.9, Diff: 0.0]
   [Code Root Fixup: 0.1 ms]
   [Code Root Migration: 0.1 ms]
   [Clear CT: 0.5 ms]
   [Other: 1.0 ms]
      [Choose CSet: 0.0 ms]
      [Ref Proc: 0.2 ms]
      [Ref Enq: 0.0 ms]
      [Free CSet: 0.8 ms]
   [Eden: 1009.0M(1009.0M)->0.0B(1012.0M) Survivors: 88.0M->86.0M Heap: 1618.8M(1934.0M)->607.3M(1934.0M)]
 [Times: user=0.37 sys=0.00, real=0.05 secs] 
200.748: Total time for which application threads were stopped: 0.0474960 seconds, Stopping threads took: 0.0000620 seconds
201.245: Application time: 0.4974270 seconds
201.245: [GC pause (young), 0.0509450 secs]
   [Parallel Time: 49.3 ms, GC Workers: 8]
      [GC Worker Start (ms): Min: 201245.3, Avg: 201245.3, Max: 201245.4, Diff: 0.1]
      [Ext Root Scanning (ms): Min: 0.6, Avg: 0.7, Max: 0.7, Diff: 0.1, Sum: 5.3]
      [Update RS (ms): Min: 0.0, Avg: 0.0, Max: 0.1, Diff: 0.1, Sum: 0.2]
         [Processed Buffers: Min: 0, Avg: 0.8, Max: 4, Diff: 4, Sum: 6]
      [Scan RS (ms): Min: 0.4, Avg: 0.4, Max: 0.5, Diff: 0.1, Sum: 3.6]
      [Code Root Scanning (ms): Min: 0.0, Avg: 0.0, Max: 0.0, Diff: 0.0, Sum: 0.1]
      [Object Copy (ms): Min: 48.0, Avg: 48.1, Max: 48.1, Diff: 0.1, Sum: 384.4]
      [Termination (ms): Min: 0.0, Avg: 0.0, Max: 0.0, Diff: 0.0, Sum: 0.0]
      [GC Worker Other (ms): Min: 0.0, Avg: 0.1, Max: 0.1, Diff: 0.1, Sum: 0.4]
      [GC Worker Total (ms): Min: 49.2, Avg: 49.3, Max: 49.3, Diff: 0.1, Sum: 394.0]
      [GC Worker End (ms): Min: 201294.6, Avg: 201294.6, Max: 201294.6, Diff: 0.1]
   [Code Root Fixup: 0.1 ms]
   [Code Root Migration: 0.1 ms]
   [Clear CT: 0.5 ms]
   [Other: 0.8 ms]
      [Choose CSet: 0.0 ms]
      [Ref Proc: 0.1 ms]
      [Ref Enq: 0.0 ms]
      [Free CSet: 0.7 ms]
   [Eden: 1012.0M(1012.0M)->0.0B(1007.0M) Survivors: 86.0M->90.0M Heap: 1619.3M(1934.0M)->611.8M(1934.0M)]
 [Times: user=0.40 sys=0.00, real=0.06 secs] 
201.296: Total time for which application threads were stopped: 0.0511240 seconds, Stopping threads took: 0.0000470 seconds
201.792: Application time: 0.4953810 seconds
201.792: [GC pause (young), 0.0471430 secs]
   [Parallel Time: 45.6 ms, GC Workers: 8]
      [GC Worker Start (ms): Min: 201791.8, Avg: 201791.8, Max: 201791.8, Diff: 0.1]
      [Ext Root Scanning (ms): Min: 0.6, Avg: 0.7, Max: 0.7, Diff: 0.1, Sum: 5.2]
      [Update RS (ms): Min: 0.0, Avg: 0.0, Max: 0.1, Diff: 0.1, Sum: 0.2]
         [Processed Buffers: Min: 0, Avg: 0.9, Max: 4, Diff: 4, Sum: 7]
      [Scan RS (ms): Min: 0.4, Avg: 0.4, Max: 0.5, Diff: 0.1, Sum: 3.5]
      [Code Root Scanning (ms): Min: 0.0, Avg: 0.0, Max: 0.0, Diff: 0.0, Sum: 0.1]
      [Object Copy (ms): Min: 44.3, Avg: 44.3, Max: 44.3, Diff: 0.0, Sum: 354.5]
      [Termination (ms): Min: 0.0, Avg: 0.0, Max: 0.0, Diff: 0.0, Sum: 0.0]
      [GC Worker Other (ms): Min: 0.0, Avg: 0.1, Max: 0.1, Diff: 0.0, Sum: 0.5]
      [GC Worker Total (ms): Min: 45.5, Avg: 45.5, Max: 45.5, Diff: 0.1, Sum: 364.1]
      [GC Worker End (ms): Min: 201837.3, Avg: 201837.3, Max: 201837.3, Diff: 0.0]
   [Code Root Fixup: 0.1 ms]
   [Code Root Migration: 0.1 ms]
   [Clear CT: 0.5 ms]
   [Other: 0.9 ms]
      [Choose CSet: 0.0 ms]
      [Ref Proc: 0.1 ms]
      [Ref Enq: 0.0 ms]
      [Free CSet: 0.7 ms]
   [Eden: 1007.0M(1007.0M)->0.0B(1013.0M) Survivors: 90.0M->86.0M Heap: 1618.8M(1934.0M)->607.3M(1934.0M)]
 [Times: user=0.37 sys=0.00, real=0.05 secs] 
201.839: Total time for which application threads were stopped: 0.0473000 seconds, Stopping threads took: 0.0000320 seconds
202.332: Application time: 0.4931200 seconds
202.332: [GC pause (young), 0.0436930 secs]
   [Parallel Time: 42.1 ms, GC Workers: 8]
      [GC Worker Start (ms): Min: 202332.2, Avg: 202332.4, Max: 202333.6, Diff: 1.3]
      [Ext Root Scanning (ms): Min: 0.0, Avg: 0.6, Max: 0.9, Diff: 0.9, Sum: 4.9]
      [Update RS (ms): Min: 0.0, Avg: 0.0, Max: 0.1, Diff: 0.1, Sum: 0.2]
         [Processed Buffers: Min: 0, Avg: 0.8, Max: 4, Diff: 4, Sum: 6]
      [Scan RS (ms): Min: 0.0, Avg: 0.4, Max: 0.5, Diff: 0.5, Sum: 3.0]
      [Code Root Scanning (ms): Min: 0.0, Avg: 0.0, Max: 0.0, Diff: 0.0, Sum: 0.1]
      [Object Copy (ms): Min: 40.6, Avg: 40.7, Max: 40.8, Diff: 0.2, Sum: 325.9]
      [Termination (ms): Min: 0.0, Avg: 0.0, Max: 0.0, Diff: 0.0, Sum: 0.0]
      [GC Worker Other (ms): Min: 0.0, Avg: 0.1, Max: 0.1, Diff: 0.1, Sum: 0.5]
      [GC Worker Total (ms): Min: 40.6, Avg: 41.8, Max: 42.0, Diff: 1.4, Sum: 334.6]
      [GC Worker End (ms): Min: 202374.2, Avg: 202374.2, Max: 202374.3, Diff: 0.1]
   [Code Root Fixup: 0.1 ms]
   [Code Root Migration: 0.1 ms]
   [Clear CT: 0.5 ms]
   [Other: 0.9 ms]
      [Choose CSet: 0.0 ms]
      [Ref Proc: 0.2 ms]
      [Ref Enq: 0.0 ms]
      [Free CSet: 0.7 ms]
   [Eden: 1013.0M(1013.0M)->0.0B(1022.0M) Survivors: 86.0M->80.0M Heap: 1620.3M(1934.0M)->601.8M(1934.0M)]
 [Times: user=0.34 sys=0.00, real=0.05 secs] 
202.376: Total time for which application threads were stopped: 0.0438860 seconds, Stopping threads took: 0.0000370 seconds
202.865: Application time: 0.4891210 seconds
202.865: [GC pause (young), 0.0438750 secs]
   [Parallel Time: 42.3 ms, GC Workers: 8]
      [GC Worker Start (ms): Min: 202865.3, Avg: 202865.3, Max: 202865.3, Diff: 0.1]
      [Ext Root Scanning (ms): Min: 0.6, Avg: 0.7, Max: 0.8, Diff: 0.1, Sum: 5.7]
      [Update RS (ms): Min: 0.0, Avg: 0.0, Max: 0.1, Diff: 0.1, Sum: 0.2]
         [Processed Buffers: Min: 0, Avg: 1.1, Max: 2, Diff: 2, Sum: 9]
      [Scan RS (ms): Min: 0.4, Avg: 0.4, Max: 0.5, Diff: 0.1, Sum: 3.6]
      [Code Root Scanning (ms): Min: 0.0, Avg: 0.0, Max: 0.0, Diff: 0.0, Sum: 0.0]
      [Object Copy (ms): Min: 40.9, Avg: 41.0, Max: 41.0, Diff: 0.1, Sum: 327.7]
      [Termination (ms): Min: 0.0, Avg: 0.0, Max: 0.0, Diff: 0.0, Sum: 0.0]
      [GC Worker Other (ms): Min: 0.0, Avg: 0.0, Max: 0.1, Diff: 0.0, Sum: 0.4]
      [GC Worker Total (ms): Min: 42.2, Avg: 42.2, Max: 42.2, Diff: 0.1, Sum: 337.7]
      [GC Worker End (ms): Min: 202907.5, Avg: 202907.5, Max: 202907.5, Diff: 0.0]
   [Code Root Fixup: 0.1 ms]
   [Code Root Migration: 0.1 ms]
   [Clear CT: 0.5 ms]
   [Other: 0.9 ms]
      [Choose CSet: 0.0 ms]
      [Ref Proc: 0.1 ms]
      [Ref Enq: 0.0 ms]
      [Free CSet: 0.7 ms]
   [Eden: 1022.0M(1022.0M)->0.0B(1021.0M) Survivors: 80.0M->83.0M Heap: 1623.8M(1934.0M)->604.8M(1934.0M)]
 [Times: user=0.34 sys=0.00, real=0.05 secs] 
202.909: Total time for which application threads were stopped: 0.0440540 seconds, Stopping threads took: 0.0000490 seconds
203.401: Application time: 0.4916560 seconds
203.401: [GC pause (young), 0.0538690 secs]
   [Parallel Time: 52.3 ms, GC Workers: 8]
      [GC Worker Start (ms): Min: 203400.9, Avg: 203401.0, Max: 203401.0, Diff: 0.1]
      [Ext Root Scanning (ms): Min: 0.6, Avg: 0.7, Max: 0.8, Diff: 0.2, Sum: 5.4]
      [Update RS (ms): Min: 0.0, Avg: 0.0, Max: 0.1, Diff: 0.1, Sum: 0.2]
         [Processed Buffers: Min: 0, Avg: 1.0, Max: 3, Diff: 3, Sum: 8]
      [Scan RS (ms): Min: 0.4, Avg: 0.4, Max: 0.5, Diff: 0.1, Sum: 3.4]
      [Code Root Scanning (ms): Min: 0.0, Avg: 0.0, Max: 0.0, Diff: 0.0, Sum: 0.1]
      [Object Copy (ms): Min: 51.0, Avg: 51.0, Max: 51.0, Diff: 0.0, Sum: 407.8]
      [Termination (ms): Min: 0.0, Avg: 0.0, Max: 0.0, Diff: 0.0, Sum: 0.0]
      [GC Worker Other (ms): Min: 0.0, Avg: 0.1, Max: 0.1, Diff: 0.1, Sum: 0.5]
      [GC Worker Total (ms): Min: 52.1, Avg: 52.2, Max: 52.2, Diff: 0.1, Sum: 417.5]
      [GC Worker End (ms): Min: 203453.1, Avg: 203453.2, Max: 203453.2, Diff: 0.1]
   [Code Root Fixup: 0.1 ms]
   [Code Root Migration: 0.1 ms]
   [Clear CT: 0.5 ms]
   [Other: 0.9 ms]
      [Choose CSet: 0.0 ms]
      [Ref Proc: 0.1 ms]
      [Ref Enq: 0.0 ms]
      [Free CSet: 0.7 ms]
   [Eden: 1021.0M(1021.0M)->0.0B(999.0M) Survivors: 83.0M->100.0M Heap: 1625.8M(1934.0M)->621.3M(1934.0M)]
 [Times: user=0.42 sys=0.00, real=0.06 secs] 
203.455: Total time for which application threads were stopped: 0.0540310 seconds, Stopping threads took: 0.0000260 seconds
203.941: Application time: 0.4864870 seconds
203.941: [GC pause (young), 0.0571930 secs]
   [Parallel Time: 55.5 ms, GC Workers: 8]
      [GC Worker Start (ms): Min: 203941.5, Avg: 203941.5, Max: 203941.6, Diff: 0.1]
      [Ext Root Scanning (ms): Min: 0.6, Avg: 0.7, Max: 0.7, Diff: 0.1, Sum: 5.3]
      [Update RS (ms): Min: 0.0, Avg: 0.0, Max: 0.1, Diff: 0.1, Sum: 0.2]
         [Processed Buffers: Min: 0, Avg: 1.0, Max: 4, Diff: 4, Sum: 8]
      [Scan RS (ms): Min: 0.4, Avg: 0.4, Max: 0.5, Diff: 0.1, Sum: 3.5]
      [Code Root Scanning (ms): Min: 0.0, Avg: 0.0, Max: 0.0, Diff: 0.0, Sum: 0.1]
      [Object Copy (ms): Min: 54.2, Avg: 54.2, Max: 54.3, Diff: 0.1, Sum: 433.7]
      [Termination (ms): Min: 0.0, Avg: 0.0, Max: 0.0, Diff: 0.0, Sum: 0.0]
      [GC Worker Other (ms): Min: 0.0, Avg: 0.1, Max: 0.1, Diff: 0.1, Sum: 0.5]
      [GC Worker Total (ms): Min: 55.4, Avg: 55.4, Max: 55.4, Diff: 0.1, Sum: 443.3]
      [GC Worker End (ms): Min: 203996.9, Avg: 203996.9, Max: 203997.0, Diff: 0.1]
   [Code Root Fixup: 0.1 ms]
   [Code Root Migration: 0.1 ms]
   [Clear CT: 0.6 ms]
   [Other: 0.9 ms]
      [Choose CSet: 0.0 ms]
      [Ref Proc: 0.1 ms]
      [Ref Enq: 0.0 ms]
      [Free CSet: 0.7 ms]
   [Eden: 999.0M(999.0M)->0.0B(989.0M) Survivors: 100.0M->106.0M Heap: 1620.3M(1934.0M)->627.9M(1934.0M)]
 [Times: user=0.44 sys=0.01, real=0.06 secs] 
203.999: Total time for which application threads were stopped: 0.0573740 seconds, Stopping threads took: 0.0000580 seconds
204.486: Application time: 0.4875960 seconds
204.486: [GC pause (young), 0.0551820 secs]
   [Parallel Time: 53.6 ms, GC Workers: 8]
      [GC Worker Start (ms): Min: 204486.5, Avg: 204486.5, Max: 204486.5, Diff: 0.1]
      [Ext Root Scanning (ms): Min: 0.6, Avg: 0.7, Max: 0.7, Diff: 0.1, Sum: 5.2]
      [Update RS (ms): Min: 0.0, Avg: 0.0, Max: 0.1, Diff: 0.1, Sum: 0.2]
         [Processed Buffers: Min: 0, Avg: 1.0, Max: 3, Diff: 3, Sum: 8]
      [Scan RS (ms): Min: 0.4, Avg: 0.4, Max: 0.5, Diff: 0.1, Sum: 3.4]
      [Code Root Scanning (ms): Min: 0.0, Avg: 0.0, Max: 0.0, Diff: 0.0, Sum: 0.1]
      [Object Copy (ms): Min: 52.2, Avg: 52.3, Max: 52.3, Diff: 0.1, Sum: 418.2]
      [Termination (ms): Min: 0.0, Avg: 0.0, Max: 0.0, Diff: 0.0, Sum: 0.0]
      [GC Worker Other (ms): Min: 0.0, Avg: 0.1, Max: 0.1, Diff: 0.1, Sum: 0.5]
      [GC Worker Total (ms): Min: 53.4, Avg: 53.4, Max: 53.5, Diff: 0.1, Sum: 427.6]
      [GC Worker End (ms): Min: 204539.9, Avg: 204539.9, Max: 204540.0, Diff: 0.1]
   [Code Root Fixup: 0.1 ms]
   [Code Root Migration: 0.1 ms]
   [Clear CT: 0.5 ms]
   [Other: 0.9 ms]
      [Choose CSet: 0.0 ms]
      [Ref Proc: 0.1 ms]
      [Ref Enq: 0.0 ms]
      [Free CSet: 0.7 ms]
   [Eden: 989.0M(989.0M)->0.0B(995.0M) Survivors: 106.0M->98.0M Heap: 1616.9M(1934.0M)->619.9M(1934.0M)]
 [Times: user=0.43 sys=0.00, real=0.05 secs] 
204.542: Total time for which application threads were stopped: 0.0553680 seconds, Stopping threads took: 0.0000550 seconds
205.027: Application time: 0.4855870 seconds
205.027: [GC pause (young), 0.0491870 secs]
   [Parallel Time: 47.7 ms, GC Workers: 8]
      [GC Worker Start (ms): Min: 205027.4, Avg: 205027.4, Max: 205027.5, Diff: 0.1]
      [Ext Root Scanning (ms): Min: 0.6, Avg: 0.7, Max: 0.7, Diff: 0.1, Sum: 5.2]
      [Update RS (ms): Min: 0.0, Avg: 0.0, Max: 0.1, Diff: 0.1, Sum: 0.2]
         [Processed Buffers: Min: 0, Avg: 1.1, Max: 4, Diff: 4, Sum: 9]
      [Scan RS (ms): Min: 0.4, Avg: 0.4, Max: 0.5, Diff: 0.1, Sum: 3.4]
      [Code Root Scanning (ms): Min: 0.0, Avg: 0.0, Max: 0.0, Diff: 0.0, Sum: 0.1]
      [Object Copy (ms): Min: 46.5, Avg: 46.5, Max: 46.5, Diff: 0.0, Sum: 372.1]
      [Termination (ms): Min: 0.0, Avg: 0.0, Max: 0.0, Diff: 0.0, Sum: 0.0]
      [GC Worker Other (ms): Min: 0.0, Avg: 0.0, Max: 0.1, Diff: 0.0, Sum: 0.4]
      [GC Worker Total (ms): Min: 47.6, Avg: 47.7, Max: 47.7, Diff: 0.1, Sum: 381.3]
      [GC Worker End (ms): Min: 205075.1, Avg: 205075.1, Max: 205075.1, Diff: 0.0]
   [Code Root Fixup: 0.1 ms]
   [Code Root Migration: 0.1 ms]
   [Clear CT: 0.4 ms]
   [Other: 0.8 ms]
      [Choose CSet: 0.0 ms]
      [Ref Proc: 0.1 ms]
      [Ref Enq: 0.0 ms]
      [Free CSet: 0.7 ms]
   [Eden: 995.0M(995.0M)->0.0B(1006.0M) Survivors: 98.0M->89.0M Heap: 1614.9M(1934.0M)->610.4M(1934.0M)]
 [Times: user=0.39 sys=0.00, real=0.05 secs] 
205.077: Total time for which application threads were stopped: 0.0493780 seconds, Stopping threads took: 0.0000550 seconds
205.566: Application time: 0.4888850 seconds
205.566: [GC pause (young), 0.0486480 secs]
   [Parallel Time: 46.9 ms, GC Workers: 8]
      [GC Worker Start (ms): Min: 205565.7, Avg: 205565.7, Max: 205565.7, Diff: 0.1]
      [Ext Root Scanning (ms): Min: 0.6, Avg: 0.7, Max: 0.7, Diff: 0.1, Sum: 5.4]
      [Update RS (ms): Min: 0.0, Avg: 0.0, Max: 0.1, Diff: 0.1, Sum: 0.2]
         [Processed Buffers: Min: 0, Avg: 1.1, Max: 3, Diff: 3, Sum: 9]
      [Scan RS (ms): Min: 0.4, Avg: 0.4, Max: 0.5, Diff: 0.1, Sum: 3.4]
      [Code Root Scanning (ms): Min: 0.0, Avg: 0.0, Max: 0.0, Diff: 0.0, Sum: 0.1]
      [Object Copy (ms): Min: 45.7, Avg: 45.7, Max: 45.7, Diff: 0.1, Sum: 365.5]
      [Termination (ms): Min: 0.0, Avg: 0.0, Max: 0.0, Diff: 0.0, Sum: 0.0]
      [GC Worker Other (ms): Min: 0.0, Avg: 0.1, Max: 0.1, Diff: 0.0, Sum: 0.5]
      [GC Worker Total (ms): Min: 46.8, Avg: 46.9, Max: 46.9, Diff: 0.1, Sum: 375.0]
      [GC Worker End (ms): Min: 205612.6, Avg: 205612.6, Max: 205612.6, Diff: 0.0]
   [Code Root Fixup: 0.1 ms]
   [Code Root Migration: 0.1 ms]
   [Clear CT: 0.5 ms]
   [Other: 1.0 ms]
      [Choose CSet: 0.0 ms]
      [Ref Proc: 0.1 ms]
      [Ref Enq: 0.0 ms]
      [Free CSet: 0.8 ms]
   [Eden: 1006.0M(1006.0M)->0.0B(1007.0M) Survivors: 89.0M->89.0M Heap: 1616.4M(1934.0M)->610.9M(1934.0M)]
 [Times: user=0.38 sys=0.00, real=0.05 secs] 
205.614: Total time for which application threads were stopped: 0.0488130 seconds, Stopping threads took: 0.0000360 seconds
206.109: Application time: 0.4950750 seconds
206.110: [GC pause (young), 0.0536010 secs]
   [Parallel Time: 51.9 ms, GC Workers: 8]
      [GC Worker Start (ms): Min: 206109.6, Avg: 206109.6, Max: 206109.6, Diff: 0.1]
      [Ext Root Scanning (ms): Min: 0.6, Avg: 0.7, Max: 0.7, Diff: 0.1, Sum: 5.3]
      [Update RS (ms): Min: 0.0, Avg: 0.0, Max: 0.1, Diff: 0.1, Sum: 0.2]
         [Processed Buffers: Min: 0, Avg: 1.0, Max: 4, Diff: 4, Sum: 8]
      [Scan RS (ms): Min: 0.4, Avg: 0.4, Max: 0.5, Diff: 0.1, Sum: 3.3]
      [Code Root Scanning (ms): Min: 0.0, Avg: 0.0, Max: 0.0, Diff: 0.0, Sum: 0.1]
      [Object Copy (ms): Min: 50.6, Avg: 50.7, Max: 50.7, Diff: 0.1, Sum: 405.3]
      [Termination (ms): Min: 0.0, Avg: 0.0, Max: 0.0, Diff: 0.0, Sum: 0.0]
      [GC Worker Other (ms): Min: 0.0, Avg: 0.1, Max: 0.1, Diff: 0.1, Sum: 0.5]
      [GC Worker Total (ms): Min: 51.8, Avg: 51.8, Max: 51.9, Diff: 0.1, Sum: 414.7]
      [GC Worker End (ms): Min: 206161.4, Avg: 206161.5, Max: 206161.5, Diff: 0.1]
   [Code Root Fixup: 0.1 ms]
   [Code Root Migration: 0.1 ms]
   [Clear CT: 0.4 ms]
   [Other: 1.0 ms]
      [Choose CSet: 0.0 ms]
      [Ref Proc: 0.1 ms]
      [Ref Enq: 0.0 ms]
      [Free CSet: 0.8 ms]
   [Eden: 1007.0M(1007.0M)->0.0B(1001.0M) Survivors: 89.0M->95.0M Heap: 1617.9M(1934.0M)->616.9M(1934.0M)]
 [Times: user=0.42 sys=0.00, real=0.05 secs] 
206.163: Total time for which application threads were stopped: 0.0537950 seconds, Stopping threads took: 0.0000690 seconds
206.658: Application time: 0.4944210 seconds
206.658: [GC pause (young), 0.0513290 secs]
   [Parallel Time: 49.8 ms, GC Workers: 8]
      [GC Worker Start (ms): Min: 206657.8, Avg: 206657.8, Max: 206657.8, Diff: 0.1]
      [Ext Root Scanning (ms): Min: 0.6, Avg: 0.7, Max: 0.7, Diff: 0.1, Sum: 5.2]
      [Update RS (ms): Min: 0.0, Avg: 0.4, Max: 3.2, Diff: 3.2, Sum: 3.3]
         [Processed Buffers: Min: 0, Avg: 0.9, Max: 4, Diff: 4, Sum: 7]
      [Scan RS (ms): Min: 0.2, Avg: 0.4, Max: 0.5, Diff: 0.3, Sum: 3.2]
      [Code Root Scanning (ms): Min: 0.0, Avg: 0.0, Max: 0.0, Diff: 0.0, Sum: 0.1]
      [Object Copy (ms): Min: 45.5, Avg: 48.1, Max: 48.5, Diff: 3.0, Sum: 384.9]
      [Termination (ms): Min: 0.0, Avg: 0.0, Max: 0.0, Diff: 0.0, Sum: 0.0]
      [GC Worker Other (ms): Min: 0.0, Avg: 0.1, Max: 0.1, Diff: 0.0, Sum: 0.5]
      [GC Worker Total (ms): Min: 49.6, Avg: 49.6, Max: 49.7, Diff: 0.1, Sum: 397.1]
      [GC Worker End (ms): Min: 206707.4, Avg: 206707.4, Max: 206707.5, Diff: 0.0]
   [Code Root Fixup: 0.1 ms]
   [Code Root Migration: 0.1 ms]
   [Clear CT: 0.5 ms]
   [Other: 0.9 ms]
      [Choose CSet: 0.0 ms]
      [Ref Proc: 0.1 ms]
      [Ref Enq: 0.0 ms]
      [Free CSet: 0.7 ms]
   [Eden: 1001.0M(1001.0M)->0.0B(1006.0M) Survivors: 95.0M->91.0M Heap: 1617.9M(1934.0M)->612.9M(1934.0M)]
 [Times: user=0.40 sys=0.00, real=0.05 secs] 
206.709: Total time for which application threads were stopped: 0.0514850 seconds, Stopping threads took: 0.0000170 seconds
207.212: Application time: 0.5029370 seconds
207.212: [GC pause (young), 0.0404290 secs]
   [Parallel Time: 38.8 ms, GC Workers: 8]
      [GC Worker Start (ms): Min: 207212.2, Avg: 207212.2, Max: 207212.3, Diff: 0.1]
      [Ext Root Scanning (ms): Min: 0.7, Avg: 0.7, Max: 0.7, Diff: 0.1, Sum: 5.6]
      [Update RS (ms): Min: 0.0, Avg: 0.0, Max: 0.1, Diff: 0.1, Sum: 0.3]
         [Processed Buffers: Min: 0, Avg: 1.1, Max: 3, Diff: 3, Sum: 9]
      [Scan RS (ms): Min: 0.4, Avg: 0.4, Max: 0.5, Diff: 0.1, Sum: 3.5]
      [Code Root Scanning (ms): Min: 0.0, Avg: 0.0, Max: 0.0, Diff: 0.0, Sum: 0.0]
      [Object Copy (ms): Min: 37.5, Avg: 37.5, Max: 37.5, Diff: 0.0, Sum: 299.9]
      [Termination (ms): Min: 0.0, Avg: 0.0, Max: 0.0, Diff: 0.0, Sum: 0.0]
      [GC Worker Other (ms): Min: 0.0, Avg: 0.1, Max: 0.1, Diff: 0.1, Sum: 0.5]
      [GC Worker Total (ms): Min: 38.7, Avg: 38.7, Max: 38.8, Diff: 0.1, Sum: 309.8]
      [GC Worker End (ms): Min: 207250.9, Avg: 207251.0, Max: 207251.0, Diff: 0.1]
   [Code Root Fixup: 0.1 ms]
   [Code Root Migration: 0.1 ms]
   [Clear CT: 0.4 ms]
   [Other: 0.9 ms]
      [Choose CSet: 0.0 ms]
      [Ref Proc: 0.2 ms]
      [Ref Enq: 0.0 ms]
      [Free CSet: 0.7 ms]
   [Eden: 1006.0M(1006.0M)->0.0B(1030.0M) Survivors: 91.0M->73.0M Heap: 1618.9M(1934.0M)->594.4M(1934.0M)]
 [Times: user=0.32 sys=0.00, real=0.04 secs] 
207.253: Total time for which application threads were stopped: 0.0406010 seconds, Stopping threads took: 0.0000410 seconds
207.756: Application time: 0.5033240 seconds
207.756: [GC pause (young), 0.0379820 secs]
   [Parallel Time: 36.4 ms, GC Workers: 8]
      [GC Worker Start (ms): Min: 207756.1, Avg: 207756.1, Max: 207756.2, Diff: 0.1]
      [Ext Root Scanning (ms): Min: 0.6, Avg: 0.7, Max: 0.7, Diff: 0.1, Sum: 5.3]
      [Update RS (ms): Min: 0.0, Avg: 0.0, Max: 0.1, Diff: 0.1, Sum: 0.3]
         [Processed Buffers: Min: 0, Avg: 1.1, Max: 3, Diff: 3, Sum: 9]
      [Scan RS (ms): Min: 0.4, Avg: 0.4, Max: 0.5, Diff: 0.1, Sum: 3.6]
      [Code Root Scanning (ms): Min: 0.0, Avg: 0.0, Max: 0.0, Diff: 0.0, Sum: 0.1]
      [Object Copy (ms): Min: 35.1, Avg: 35.1, Max: 35.1, Diff: 0.1, Sum: 280.9]
      [Termination (ms): Min: 0.0, Avg: 0.0, Max: 0.0, Diff: 0.0, Sum: 0.0]
      [GC Worker Other (ms): Min: 0.0, Avg: 0.1, Max: 0.1, Diff: 0.0, Sum: 0.5]
      [GC Worker Total (ms): Min: 36.3, Avg: 36.3, Max: 36.4, Diff: 0.1, Sum: 290.6]
      [GC Worker End (ms): Min: 207792.5, Avg: 207792.5, Max: 207792.5, Diff: 0.0]
   [Code Root Fixup: 0.1 ms]
   [Code Root Migration: 0.1 ms]
   [Clear CT: 0.4 ms]
   [Other: 0.9 ms]
      [Choose CSet: 0.0 ms]
      [Ref Proc: 0.1 ms]
      [Ref Enq: 0.0 ms]
      [Free CSet: 0.7 ms]
   [Eden: 1030.0M(1030.0M)->0.0B(1038.0M) Survivors: 73.0M->70.0M Heap: 1624.4M(1934.0M)->591.4M(1934.0M)]
 [Times: user=0.30 sys=0.00, real=0.04 secs] 
207.794: Total time for which application threads were stopped: 0.0381480 seconds, Stopping threads took: 0.0000140 seconds
208.300: Application time: 0.5062040 seconds
208.300: [GC pause (young), 0.0491520 secs]
   [Parallel Time: 47.5 ms, GC Workers: 8]
      [GC Worker Start (ms): Min: 208300.5, Avg: 208301.2, Max: 208305.6, Diff: 5.0]
      [Ext Root Scanning (ms): Min: 0.0, Avg: 0.7, Max: 0.9, Diff: 0.9, Sum: 5.4]
      [Update RS (ms): Min: 0.0, Avg: 0.0, Max: 0.1, Diff: 0.1, Sum: 0.2]
         [Processed Buffers: Min: 0, Avg: 1.0, Max: 4, Diff: 4, Sum: 8]
      [Scan RS (ms): Min: 0.2, Avg: 0.4, Max: 0.5, Diff: 0.3, Sum: 3.3]
      [Code Root Scanning (ms): Min: 0.0, Avg: 0.0, Max: 0.0, Diff: 0.0, Sum: 0.1]
      [Object Copy (ms): Min: 42.2, Avg: 45.6, Max: 46.2, Diff: 4.0, Sum: 365.2]
      [Termination (ms): Min: 0.0, Avg: 0.0, Max: 0.0, Diff: 0.0, Sum: 0.0]
      [GC Worker Other (ms): Min: 0.0, Avg: 0.1, Max: 0.1, Diff: 0.0, Sum: 0.5]
      [GC Worker Total (ms): Min: 42.4, Avg: 46.8, Max: 47.5, Diff: 5.1, Sum: 374.6]
      [GC Worker End (ms): Min: 208348.0, Avg: 208348.0, Max: 208348.0, Diff: 0.0]
   [Code Root Fixup: 0.1 ms]
   [Code Root Migration: 0.1 ms]
   [Clear CT: 0.5 ms]
   [Other: 0.9 ms]
      [Choose CSet: 0.0 ms]
      [Ref Proc: 0.1 ms]
      [Ref Enq: 0.0 ms]
      [Free CSet: 0.7 ms]
   [Eden: 1038.0M(1038.0M)->0.0B(1021.0M) Survivors: 70.0M->85.0M Heap: 1629.4M(1934.0M)->606.4M(1934.0M)]
 [Times: user=0.38 sys=0.00, real=0.05 secs] 
208.350: Total time for which application threads were stopped: 0.0493570 seconds, Stopping threads took: 0.0000600 seconds
208.844: Application time: 0.4941860 seconds
208.844: [GC pause (young), 0.0546800 secs]
   [Parallel Time: 53.1 ms, GC Workers: 8]
      [GC Worker Start (ms): Min: 208844.1, Avg: 208844.1, Max: 208844.1, Diff: 0.1]
      [Ext Root Scanning (ms): Min: 0.6, Avg: 0.7, Max: 0.7, Diff: 0.1, Sum: 5.3]
      [Update RS (ms): Min: 0.0, Avg: 0.0, Max: 0.1, Diff: 0.1, Sum: 0.2]
         [Processed Buffers: Min: 0, Avg: 1.0, Max: 3, Diff: 3, Sum: 8]
      [Scan RS (ms): Min: 0.3, Avg: 0.4, Max: 0.5, Diff: 0.2, Sum: 3.5]
      [Code Root Scanning (ms): Min: 0.0, Avg: 0.0, Max: 0.0, Diff: 0.0, Sum: 0.1]
      [Object Copy (ms): Min: 51.8, Avg: 51.8, Max: 52.0, Diff: 0.2, Sum: 414.5]
      [Termination (ms): Min: 0.0, Avg: 0.0, Max: 0.0, Diff: 0.0, Sum: 0.0]
      [GC Worker Other (ms): Min: 0.0, Avg: 0.1, Max: 0.1, Diff: 0.1, Sum: 0.6]
      [GC Worker Total (ms): Min: 53.0, Avg: 53.0, Max: 53.1, Diff: 0.1, Sum: 424.3]
      [GC Worker End (ms): Min: 208897.1, Avg: 208897.1, Max: 208897.2, Diff: 0.1]
   [Code Root Fixup: 0.1 ms]
   [Code Root Migration: 0.1 ms]
   [Clear CT: 0.5 ms]
   [Other: 0.9 ms]
      [Choose CSet: 0.0 ms]
      [Ref Proc: 0.1 ms]
      [Ref Enq: 0.0 ms]
      [Free CSet: 0.7 ms]
   [Eden: 1021.0M(1021.0M)->0.0B(998.0M) Survivors: 85.0M->102.0M Heap: 1627.4M(1934.0M)->623.4M(1934.0M)]
 [Times: user=0.42 sys=0.00, real=0.06 secs] 
208.899: Total time for which application threads were stopped: 0.0548640 seconds, Stopping threads took: 0.0000580 seconds
209.387: Application time: 0.4885930 seconds
209.388: [GC pause (young), 0.0540170 secs]
   [Parallel Time: 52.5 ms, GC Workers: 8]
      [GC Worker Start (ms): Min: 209387.5, Avg: 209387.6, Max: 209387.6, Diff: 0.1]
      [Ext Root Scanning (ms): Min: 0.6, Avg: 0.7, Max: 0.7, Diff: 0.1, Sum: 5.3]
      [Update RS (ms): Min: 0.0, Avg: 0.0, Max: 0.1, Diff: 0.1, Sum: 0.2]
         [Processed Buffers: Min: 0, Avg: 1.0, Max: 2, Diff: 2, Sum: 8]
      [Scan RS (ms): Min: 0.4, Avg: 0.4, Max: 0.5, Diff: 0.1, Sum: 3.3]
      [Code Root Scanning (ms): Min: 0.0, Avg: 0.0, Max: 0.0, Diff: 0.0, Sum: 0.1]
      [Object Copy (ms): Min: 51.2, Avg: 51.2, Max: 51.3, Diff: 0.1, Sum: 409.9]
      [Termination (ms): Min: 0.0, Avg: 0.0, Max: 0.0, Diff: 0.0, Sum: 0.1]
      [GC Worker Other (ms): Min: 0.0, Avg: 0.1, Max: 0.1, Diff: 0.0, Sum: 0.4]
      [GC Worker Total (ms): Min: 52.4, Avg: 52.4, Max: 52.5, Diff: 0.1, Sum: 419.4]
      [GC Worker End (ms): Min: 209440.0, Avg: 209440.0, Max: 209440.0, Diff: 0.0]
   [Code Root Fixup: 0.1 ms]
   [Code Root Migration: 0.1 ms]
   [Clear CT: 0.4 ms]
   [Other: 0.9 ms]
      [Choose CSet: 0.0 ms]
      [Ref Proc: 0.1 ms]
      [Ref Enq: 0.0 ms]
      [Free CSet: 0.7 ms]
   [Eden: 998.0M(998.0M)->0.0B(997.0M) Survivors: 102.0M->100.0M Heap: 1621.4M(1934.0M)->621.9M(1934.0M)]
 [Times: user=0.42 sys=0.00, real=0.05 secs] 
209.442: Total time for which application threads were stopped: 0.0542320 seconds, Stopping threads took: 0.0000770 seconds
209.931: Application time: 0.4891190 seconds
209.931: [GC pause (young), 0.0481550 secs]
   [Parallel Time: 46.5 ms, GC Workers: 8]
      [GC Worker Start (ms): Min: 209930.9, Avg: 209931.7, Max: 209934.6, Diff: 3.7]
      [Ext Root Scanning (ms): Min: 0.0, Avg: 0.5, Max: 0.8, Diff: 0.8, Sum: 4.3]
      [Update RS (ms): Min: 0.0, Avg: 0.0, Max: 0.1, Diff: 0.1, Sum: 0.2]
         [Processed Buffers: Min: 0, Avg: 0.9, Max: 5, Diff: 5, Sum: 7]
      [Scan RS (ms): Min: 0.0, Avg: 0.3, Max: 0.4, Diff: 0.4, Sum: 2.5]
      [Code Root Scanning (ms): Min: 0.0, Avg: 0.0, Max: 0.0, Diff: 0.0, Sum: 0.1]
      [Object Copy (ms): Min: 42.7, Avg: 44.8, Max: 45.3, Diff: 2.6, Sum: 358.0]
      [Termination (ms): Min: 0.0, Avg: 0.0, Max: 0.0, Diff: 0.0, Sum: 0.0]
      [GC Worker Other (ms): Min: 0.0, Avg: 0.1, Max: 0.1, Diff: 0.0, Sum: 0.5]
      [GC Worker Total (ms): Min: 42.8, Avg: 45.7, Max: 46.5, Diff: 3.7, Sum: 365.5]
      [GC Worker End (ms): Min: 209977.4, Avg: 209977.4, Max: 209977.4, Diff: 0.0]
   [Code Root Fixup: 0.2 ms]
   [Code Root Migration: 0.1 ms]
   [Clear CT: 0.4 ms]
   [Other: 0.9 ms]
      [Choose CSet: 0.0 ms]
      [Ref Proc: 0.1 ms]
      [Ref Enq: 0.0 ms]
      [Free CSet: 0.7 ms]
   [Eden: 997.0M(997.0M)->0.0B(1008.0M) Survivors: 100.0M->89.0M Heap: 1618.9M(1934.0M)->610.4M(1934.0M)]
 [Times: user=0.37 sys=0.00, real=0.05 secs] 
209.979: Total time for which application threads were stopped: 0.0483380 seconds, Stopping threads took: 0.0000590 seconds
210.475: Application time: 0.4954980 seconds
210.478: [GC pause (young), 0.0524960 secs]
   [Parallel Time: 50.9 ms, GC Workers: 8]
      [GC Worker Start (ms): Min: 210477.7, Avg: 210479.7, Max: 210493.6, Diff: 15.9]
      [Ext Root Scanning (ms): Min: 0.0, Avg: 0.6, Max: 0.9, Diff: 0.9, Sum: 4.9]
      [Update RS (ms): Min: 0.0, Avg: 0.0, Max: 0.1, Diff: 0.1, Sum: 0.2]
         [Processed Buffers: Min: 0, Avg: 1.0, Max: 4, Diff: 4, Sum: 8]
      [Scan RS (ms): Min: 0.2, Avg: 0.4, Max: 0.5, Diff: 0.3, Sum: 3.2]
      [Code Root Scanning (ms): Min: 0.0, Avg: 0.0, Max: 0.0, Diff: 0.0, Sum: 0.1]
      [Object Copy (ms): Min: 34.6, Avg: 47.6, Max: 49.6, Diff: 15.0, Sum: 381.2]
      [Termination (ms): Min: 0.0, Avg: 0.0, Max: 0.0, Diff: 0.0, Sum: 0.1]
      [GC Worker Other (ms): Min: 0.0, Avg: 0.1, Max: 0.1, Diff: 0.1, Sum: 0.6]
      [GC Worker Total (ms): Min: 34.9, Avg: 48.8, Max: 50.8, Diff: 15.9, Sum: 390.2]
      [GC Worker End (ms): Min: 210528.4, Avg: 210528.4, Max: 210528.5, Diff: 0.1]
   [Code Root Fixup: 0.1 ms]
   [Code Root Migration: 0.1 ms]
   [Clear CT: 0.4 ms]
   [Other: 0.9 ms]
      [Choose CSet: 0.0 ms]
      [Ref Proc: 0.1 ms]
      [Ref Enq: 0.0 ms]
      [Free CSet: 0.7 ms]
   [Eden: 1008.0M(1008.0M)->0.0B(1004.0M) Survivors: 89.0M->93.0M Heap: 1618.4M(1934.0M)->614.9M(1934.0M)]
 [Times: user=0.40 sys=0.00, real=0.05 secs] 
210.530: Total time for which application threads were stopped: 0.0556180 seconds, Stopping threads took: 0.0029840 seconds
211.020: Application time: 0.4897550 seconds
211.020: [GC pause (young), 0.0541110 secs]
   [Parallel Time: 52.6 ms, GC Workers: 8]
      [GC Worker Start (ms): Min: 211020.1, Avg: 211020.1, Max: 211020.1, Diff: 0.1]
      [Ext Root Scanning (ms): Min: 0.6, Avg: 0.6, Max: 0.7, Diff: 0.1, Sum: 5.1]
      [Update RS (ms): Min: 0.0, Avg: 0.0, Max: 0.1, Diff: 0.1, Sum: 0.2]
         [Processed Buffers: Min: 0, Avg: 1.0, Max: 2, Diff: 2, Sum: 8]
      [Scan RS (ms): Min: 0.4, Avg: 0.4, Max: 0.5, Diff: 0.1, Sum: 3.4]
      [Code Root Scanning (ms): Min: 0.0, Avg: 0.0, Max: 0.0, Diff: 0.0, Sum: 0.1]
      [Object Copy (ms): Min: 51.3, Avg: 51.3, Max: 51.3, Diff: 0.0, Sum: 410.2]
      [Termination (ms): Min: 0.0, Avg: 0.0, Max: 0.0, Diff: 0.0, Sum: 0.0]
      [GC Worker Other (ms): Min: 0.0, Avg: 0.1, Max: 0.2, Diff: 0.1, Sum: 0.8]
      [GC Worker Total (ms): Min: 52.4, Avg: 52.5, Max: 52.5, Diff: 0.2, Sum: 419.7]
      [GC Worker End (ms): Min: 211072.5, Avg: 211072.6, Max: 211072.6, Diff: 0.1]
   [Code Root Fixup: 0.1 ms]
   [Code Root Migration: 0.1 ms]
   [Clear CT: 0.4 ms]
   [Other: 0.9 ms]
      [Choose CSet: 0.0 ms]
      [Ref Proc: 0.1 ms]
      [Ref Enq: 0.0 ms]
      [Free CSet: 0.7 ms]
   [Eden: 1004.0M(1004.0M)->0.0B(996.0M) Survivors: 93.0M->98.0M Heap: 1618.9M(1934.0M)->619.9M(1934.0M)]
 [Times: user=0.43 sys=0.00, real=0.06 secs] 
211.074: Total time for which application threads were stopped: 0.0542910 seconds, Stopping threads took: 0.0000400 seconds
211.568: Application time: 0.4942220 seconds
211.569: [GC pause (young), 0.0534180 secs]
   [Parallel Time: 51.8 ms, GC Workers: 8]
      [GC Worker Start (ms): Min: 211568.6, Avg: 211568.6, Max: 211568.7, Diff: 0.1]
      [Ext Root Scanning (ms): Min: 0.6, Avg: 0.6, Max: 0.7, Diff: 0.1, Sum: 5.1]
      [Update RS (ms): Min: 0.0, Avg: 0.0, Max: 0.1, Diff: 0.1, Sum: 0.2]
         [Processed Buffers: Min: 0, Avg: 1.1, Max: 2, Diff: 2, Sum: 9]
      [Scan RS (ms): Min: 0.4, Avg: 0.4, Max: 0.5, Diff: 0.1, Sum: 3.4]
      [Code Root Scanning (ms): Min: 0.0, Avg: 0.0, Max: 0.0, Diff: 0.0, Sum: 0.1]
      [Object Copy (ms): Min: 50.5, Avg: 50.5, Max: 50.6, Diff: 0.1, Sum: 404.4]
      [Termination (ms): Min: 0.0, Avg: 0.0, Max: 0.0, Diff: 0.0, Sum: 0.0]
      [GC Worker Other (ms): Min: 0.0, Avg: 0.1, Max: 0.1, Diff: 0.1, Sum: 0.5]
      [GC Worker Total (ms): Min: 51.6, Avg: 51.7, Max: 51.8, Diff: 0.1, Sum: 413.6]
      [GC Worker End (ms): Min: 211620.3, Avg: 211620.3, Max: 211620.4, Diff: 0.1]
   [Code Root Fixup: 0.1 ms]
   [Code Root Migration: 0.1 ms]
   [Clear CT: 0.5 ms]
   [Other: 0.9 ms]
      [Choose CSet: 0.0 ms]
      [Ref Proc: 0.2 ms]
      [Ref Enq: 0.0 ms]
      [Free CSet: 0.7 ms]
   [Eden: 996.0M(996.0M)->0.0B(998.0M) Survivors: 98.0M->96.0M Heap: 1615.9M(1934.0M)->617.4M(1934.0M)]
 [Times: user=0.42 sys=0.00, real=0.05 secs] 
211.622: Total time for which application threads were stopped: 0.0536040 seconds, Stopping threads took: 0.0000590 seconds
212.119: Application time: 0.4970320 seconds
212.119: [GC pause (young), 0.0493080 secs]
   [Parallel Time: 47.8 ms, GC Workers: 8]
      [GC Worker Start (ms): Min: 212119.2, Avg: 212119.3, Max: 212119.3, Diff: 0.1]
      [Ext Root Scanning (ms): Min: 0.6, Avg: 0.6, Max: 0.7, Diff: 0.1, Sum: 5.2]
      [Update RS (ms): Min: 0.0, Avg: 0.0, Max: 0.1, Diff: 0.1, Sum: 0.2]
         [Processed Buffers: Min: 0, Avg: 0.9, Max: 3, Diff: 3, Sum: 7]
      [Scan RS (ms): Min: 0.4, Avg: 0.4, Max: 0.5, Diff: 0.1, Sum: 3.4]
      [Code Root Scanning (ms): Min: 0.0, Avg: 0.0, Max: 0.0, Diff: 0.0, Sum: 0.1]
      [Object Copy (ms): Min: 46.5, Avg: 46.5, Max: 46.6, Diff: 0.0, Sum: 372.3]
      [Termination (ms): Min: 0.0, Avg: 0.0, Max: 0.0, Diff: 0.0, Sum: 0.0]
      [GC Worker Other (ms): Min: 0.0, Avg: 0.1, Max: 0.1, Diff: 0.0, Sum: 0.4]
      [GC Worker Total (ms): Min: 47.7, Avg: 47.7, Max: 47.7, Diff: 0.1, Sum: 381.6]
      [GC Worker End (ms): Min: 212167.0, Avg: 212167.0, Max: 212167.0, Diff: 0.0]
   [Code Root Fixup: 0.1 ms]
   [Code Root Migration: 0.1 ms]
   [Clear CT: 0.4 ms]
   [Other: 0.9 ms]
      [Choose CSet: 0.0 ms]
      [Ref Proc: 0.1 ms]
      [Ref Enq: 0.0 ms]
      [Free CSet: 0.7 ms]
   [Eden: 998.0M(998.0M)->0.0B(1009.0M) Survivors: 96.0M->87.0M Heap: 1615.4M(1934.0M)->608.4M(1934.0M)]
 [Times: user=0.39 sys=0.00, real=0.05 secs] 
212.169: Total time for which application threads were stopped: 0.0494890 seconds, Stopping threads took: 0.0000550 seconds
212.669: Application time: 0.5000850 seconds
212.669: [GC pause (young), 0.0363390 secs]
   [Parallel Time: 34.7 ms, GC Workers: 8]
      [GC Worker Start (ms): Min: 212668.8, Avg: 212668.8, Max: 212668.9, Diff: 0.1]
      [Ext Root Scanning (ms): Min: 0.7, Avg: 0.8, Max: 0.8, Diff: 0.2, Sum: 6.0]
      [Update RS (ms): Min: 0.0, Avg: 0.5, Max: 4.0, Diff: 4.0, Sum: 4.2]
         [Processed Buffers: Min: 0, Avg: 0.9, Max: 4, Diff: 4, Sum: 7]
      [Scan RS (ms): Min: 0.2, Avg: 0.4, Max: 0.5, Diff: 0.3, Sum: 3.3]
      [Code Root Scanning (ms): Min: 0.0, Avg: 0.0, Max: 0.0, Diff: 0.0, Sum: 0.1]
      [Object Copy (ms): Min: 29.6, Avg: 32.9, Max: 33.5, Diff: 3.9, Sum: 263.1]
      [Termination (ms): Min: 0.0, Avg: 0.0, Max: 0.0, Diff: 0.0, Sum: 0.0]
      [GC Worker Other (ms): Min: 0.0, Avg: 0.1, Max: 0.1, Diff: 0.0, Sum: 0.5]
      [GC Worker Total (ms): Min: 34.6, Avg: 34.6, Max: 34.7, Diff: 0.1, Sum: 277.1]
      [GC Worker End (ms): Min: 212703.5, Avg: 212703.5, Max: 212703.5, Diff: 0.0]
   [Code Root Fixup: 0.2 ms]
   [Code Root Migration: 0.1 ms]
   [Clear CT: 0.4 ms]
   [Other: 0.9 ms]
      [Choose CSet: 0.0 ms]
      [Ref Proc: 0.1 ms]
      [Ref Enq: 0.0 ms]
      [Free CSet: 0.7 ms]
   [Eden: 1009.0M(1009.0M)->0.0B(1038.0M) Survivors: 87.0M->67.0M Heap: 1617.4M(1934.0M)->588.4M(1934.0M)]
 [Times: user=0.28 sys=0.00, real=0.03 secs] 
212.705: Total time for which application threads were stopped: 0.0365130 seconds, Stopping threads took: 0.0000350 seconds
213.196: Application time: 0.4905020 seconds
213.196: [GC pause (young), 0.0434910 secs]
   [Parallel Time: 41.9 ms, GC Workers: 8]
      [GC Worker Start (ms): Min: 213195.8, Avg: 213195.9, Max: 213195.9, Diff: 0.1]
      [Ext Root Scanning (ms): Min: 0.7, Avg: 0.7, Max: 0.7, Diff: 0.1, Sum: 5.5]
      [Update RS (ms): Min: 0.0, Avg: 0.0, Max: 0.1, Diff: 0.1, Sum: 0.2]
         [Processed Buffers: Min: 0, Avg: 1.1, Max: 3, Diff: 3, Sum: 9]
      [Scan RS (ms): Min: 0.4, Avg: 0.4, Max: 0.5, Diff: 0.1, Sum: 3.5]
      [Code Root Scanning (ms): Min: 0.0, Avg: 0.0, Max: 0.0, Diff: 0.0, Sum: 0.1]
      [Object Copy (ms): Min: 40.5, Avg: 40.6, Max: 40.6, Diff: 0.1, Sum: 324.6]
      [Termination (ms): Min: 0.0, Avg: 0.0, Max: 0.0, Diff: 0.0, Sum: 0.0]
      [GC Worker Other (ms): Min: 0.0, Avg: 0.1, Max: 0.1, Diff: 0.1, Sum: 0.5]
      [GC Worker Total (ms): Min: 41.8, Avg: 41.8, Max: 41.8, Diff: 0.1, Sum: 334.4]
      [GC Worker End (ms): Min: 213237.6, Avg: 213237.7, Max: 213237.7, Diff: 0.1]
   [Code Root Fixup: 0.1 ms]
   [Code Root Migration: 0.1 ms]
   [Clear CT: 0.4 ms]
   [Other: 0.9 ms]
      [Choose CSet: 0.0 ms]
      [Ref Proc: 0.1 ms]
      [Ref Enq: 0.0 ms]
      [Free CSet: 0.7 ms]
   [Eden: 1038.0M(1038.0M)->0.0B(1019.0M) Survivors: 67.0M->85.0M Heap: 1626.4M(1934.0M)->606.4M(1934.0M)]
 [Times: user=0.34 sys=0.00, real=0.04 secs] 
213.241: Total time for which application threads were stopped: 0.0451430 seconds, Stopping threads took: 0.0000410 seconds
213.732: Application time: 0.4916210 seconds
213.733: [GC pause (young), 0.0572430 secs]
   [Parallel Time: 55.7 ms, GC Workers: 8]
      [GC Worker Start (ms): Min: 213732.6, Avg: 213732.6, Max: 213732.7, Diff: 0.1]
      [Ext Root Scanning (ms): Min: 0.6, Avg: 0.7, Max: 0.7, Diff: 0.1, Sum: 5.3]
      [Update RS (ms): Min: 0.0, Avg: 0.0, Max: 0.1, Diff: 0.1, Sum: 0.2]
         [Processed Buffers: Min: 0, Avg: 0.9, Max: 3, Diff: 3, Sum: 7]
      [Scan RS (ms): Min: 0.4, Avg: 0.4, Max: 0.5, Diff: 0.1, Sum: 3.5]
      [Code Root Scanning (ms): Min: 0.0, Avg: 0.0, Max: 0.0, Diff: 0.0, Sum: 0.1]
      [Object Copy (ms): Min: 54.4, Avg: 54.4, Max: 54.4, Diff: 0.0, Sum: 435.2]
      [Termination (ms): Min: 0.0, Avg: 0.0, Max: 0.0, Diff: 0.0, Sum: 0.0]
      [GC Worker Other (ms): Min: 0.0, Avg: 0.1, Max: 0.1, Diff: 0.0, Sum: 0.5]
      [GC Worker Total (ms): Min: 55.6, Avg: 55.6, Max: 55.6, Diff: 0.1, Sum: 444.8]
      [GC Worker End (ms): Min: 213788.2, Avg: 213788.2, Max: 213788.3, Diff: 0.0]
   [Code Root Fixup: 0.1 ms]
   [Code Root Migration: 0.1 ms]
   [Clear CT: 0.4 ms]
   [Other: 0.9 ms]
      [Choose CSet: 0.0 ms]
      [Ref Proc: 0.1 ms]
      [Ref Enq: 0.0 ms]
      [Free CSet: 0.7 ms]
   [Eden: 1019.0M(1019.0M)->0.0B(990.0M) Survivors: 85.0M->106.0M Heap: 1625.4M(1934.0M)->627.9M(1934.0M)]
 [Times: user=0.45 sys=0.00, real=0.06 secs] 
213.790: Total time for which application threads were stopped: 0.0574260 seconds, Stopping threads took: 0.0000590 seconds
214.276: Application time: 0.4862200 seconds
214.276: [GC pause (young), 0.0575350 secs]
   [Parallel Time: 55.9 ms, GC Workers: 8]
      [GC Worker Start (ms): Min: 214276.2, Avg: 214276.3, Max: 214276.3, Diff: 0.1]
      [Ext Root Scanning (ms): Min: 0.6, Avg: 0.6, Max: 0.7, Diff: 0.1, Sum: 5.1]
      [Update RS (ms): Min: 0.0, Avg: 0.0, Max: 0.1, Diff: 0.1, Sum: 0.2]
         [Processed Buffers: Min: 0, Avg: 0.9, Max: 3, Diff: 3, Sum: 7]
      [Scan RS (ms): Min: 0.4, Avg: 0.4, Max: 0.5, Diff: 0.1, Sum: 3.4]
      [Code Root Scanning (ms): Min: 0.0, Avg: 0.0, Max: 0.0, Diff: 0.0, Sum: 0.1]
      [Object Copy (ms): Min: 54.7, Avg: 54.7, Max: 54.8, Diff: 0.1, Sum: 437.8]
      [Termination (ms): Min: 0.0, Avg: 0.0, Max: 0.0, Diff: 0.0, Sum: 0.0]
      [GC Worker Other (ms): Min: 0.0, Avg: 0.1, Max: 0.1, Diff: 0.1, Sum: 0.5]
      [GC Worker Total (ms): Min: 55.8, Avg: 55.9, Max: 55.9, Diff: 0.1, Sum: 447.0]
      [GC Worker End (ms): Min: 214332.1, Avg: 214332.2, Max: 214332.2, Diff: 0.1]
   [Code Root Fixup: 0.1 ms]
   [Code Root Migration: 0.1 ms]
   [Clear CT: 0.4 ms]
   [Other: 0.9 ms]
      [Choose CSet: 0.0 ms]
      [Ref Proc: 0.1 ms]
      [Ref Enq: 0.0 ms]
      [Free CSet: 0.7 ms]
   [Eden: 990.0M(990.0M)->0.0B(988.0M) Survivors: 106.0M->104.0M Heap: 1617.9M(1934.0M)->626.0M(1934.0M)]
 [Times: user=0.45 sys=0.00, real=0.06 secs] 
214.334: Total time for which application threads were stopped: 0.0577110 seconds, Stopping threads took: 0.0000370 seconds
214.820: Application time: 0.4863870 seconds
214.820: [GC pause (young), 0.0526740 secs]
   [Parallel Time: 51.1 ms, GC Workers: 8]
      [GC Worker Start (ms): Min: 214820.4, Avg: 214820.4, Max: 214820.4, Diff: 0.1]
      [Ext Root Scanning (ms): Min: 0.6, Avg: 0.7, Max: 0.7, Diff: 0.1, Sum: 5.5]
      [Update RS (ms): Min: 0.0, Avg: 0.0, Max: 0.1, Diff: 0.1, Sum: 0.2]
         [Processed Buffers: Min: 0, Avg: 0.9, Max: 4, Diff: 4, Sum: 7]
      [Scan RS (ms): Min: 0.4, Avg: 0.4, Max: 0.5, Diff: 0.1, Sum: 3.5]
      [Code Root Scanning (ms): Min: 0.0, Avg: 0.0, Max: 0.0, Diff: 0.0, Sum: 0.1]
      [Object Copy (ms): Min: 49.8, Avg: 49.8, Max: 49.9, Diff: 0.1, Sum: 398.6]
      [Termination (ms): Min: 0.0, Avg: 0.0, Max: 0.0, Diff: 0.0, Sum: 0.0]
      [GC Worker Other (ms): Min: 0.0, Avg: 0.1, Max: 0.1, Diff: 0.1, Sum: 0.5]
      [GC Worker Total (ms): Min: 51.0, Avg: 51.0, Max: 51.1, Diff: 0.1, Sum: 408.4]
      [GC Worker End (ms): Min: 214871.4, Avg: 214871.4, Max: 214871.5, Diff: 0.0]
   [Code Root Fixup: 0.1 ms]
   [Code Root Migration: 0.1 ms]
   [Clear CT: 0.4 ms]
   [Other: 0.8 ms]
      [Choose CSet: 0.0 ms]
      [Ref Proc: 0.1 ms]
      [Ref Enq: 0.0 ms]
      [Free CSet: 0.7 ms]
   [Eden: 988.0M(988.0M)->0.0B(996.0M) Survivors: 104.0M->95.0M Heap: 1614.0M(1934.0M)->617.0M(1934.0M)]
 [Times: user=0.42 sys=0.00, real=0.05 secs] 
214.873: Total time for which application threads were stopped: 0.0528560 seconds, Stopping threads took: 0.0000540 seconds
215.361: Application time: 0.4881800 seconds
215.361: [GC pause (young), 0.0523690 secs]
   [Parallel Time: 50.8 ms, GC Workers: 8]
      [GC Worker Start (ms): Min: 215361.4, Avg: 215361.4, Max: 215361.4, Diff: 0.1]
      [Ext Root Scanning (ms): Min: 0.6, Avg: 0.7, Max: 0.7, Diff: 0.1, Sum: 5.4]
      [Update RS (ms): Min: 0.0, Avg: 0.0, Max: 0.1, Diff: 0.1, Sum: 0.2]
         [Processed Buffers: Min: 0, Avg: 0.9, Max: 2, Diff: 2, Sum: 7]
      [Scan RS (ms): Min: 0.4, Avg: 0.4, Max: 0.5, Diff: 0.1, Sum: 3.4]
      [Code Root Scanning (ms): Min: 0.0, Avg: 0.0, Max: 0.0, Diff: 0.0, Sum: 0.1]
      [Object Copy (ms): Min: 49.5, Avg: 49.5, Max: 49.6, Diff: 0.1, Sum: 396.4]
      [Termination (ms): Min: 0.0, Avg: 0.0, Max: 0.0, Diff: 0.0, Sum: 0.0]
      [GC Worker Other (ms): Min: 0.0, Avg: 0.0, Max: 0.1, Diff: 0.0, Sum: 0.4]
      [GC Worker Total (ms): Min: 50.7, Avg: 50.7, Max: 50.8, Diff: 0.1, Sum: 405.9]
      [GC Worker End (ms): Min: 215412.1, Avg: 215412.1, Max: 215412.2, Diff: 0.0]
   [Code Root Fixup: 0.1 ms]
   [Code Root Migration: 0.1 ms]
   [Clear CT: 0.4 ms]
   [Other: 0.9 ms]
      [Choose CSet: 0.0 ms]
      [Ref Proc: 0.1 ms]
      [Ref Enq: 0.0 ms]
      [Free CSet: 0.7 ms]
   [Eden: 996.0M(996.0M)->0.0B(994.0M) Survivors: 95.0M->97.0M Heap: 1613.0M(1934.0M)->618.5M(1934.0M)]
 [Times: user=0.41 sys=0.00, real=0.06 secs] 
215.414: Total time for which application threads were stopped: 0.0525330 seconds, Stopping threads took: 0.0000350 seconds
215.904: Application time: 0.4903230 seconds
215.904: [GC pause (young), 0.0478410 secs]
   [Parallel Time: 46.3 ms, GC Workers: 8]
      [GC Worker Start (ms): Min: 215904.3, Avg: 215904.4, Max: 215905.5, Diff: 1.3]
      [Ext Root Scanning (ms): Min: 0.0, Avg: 0.6, Max: 0.8, Diff: 0.8, Sum: 4.7]
      [Update RS (ms): Min: 0.0, Avg: 0.0, Max: 0.1, Diff: 0.1, Sum: 0.2]
         [Processed Buffers: Min: 0, Avg: 0.9, Max: 4, Diff: 4, Sum: 7]
      [Scan RS (ms): Min: 0.0, Avg: 0.4, Max: 0.4, Diff: 0.4, Sum: 2.9]
      [Code Root Scanning (ms): Min: 0.0, Avg: 0.0, Max: 0.0, Diff: 0.0, Sum: 0.1]
      [Object Copy (ms): Min: 44.9, Avg: 45.1, Max: 45.1, Diff: 0.2, Sum: 360.5]
      [Termination (ms): Min: 0.0, Avg: 0.0, Max: 0.0, Diff: 0.0, Sum: 0.0]
      [GC Worker Other (ms): Min: 0.0, Avg: 0.0, Max: 0.1, Diff: 0.0, Sum: 0.4]
      [GC Worker Total (ms): Min: 45.0, Avg: 46.1, Max: 46.3, Diff: 1.3, Sum: 368.8]
      [GC Worker End (ms): Min: 215950.5, Avg: 215950.5, Max: 215950.6, Diff: 0.0]
   [Code Root Fixup: 0.1 ms]
   [Code Root Migration: 0.1 ms]
   [Clear CT: 0.4 ms]
   [Other: 0.9 ms]
      [Choose CSet: 0.0 ms]
      [Ref Proc: 0.1 ms]
      [Ref Enq: 0.0 ms]
      [Free CSet: 0.7 ms]
   [Eden: 994.0M(994.0M)->0.0B(1011.0M) Survivors: 97.0M->83.0M Heap: 1612.5M(1934.0M)->604.5M(1934.0M)]
 [Times: user=0.37 sys=0.00, real=0.05 secs] 
215.952: Total time for which application threads were stopped: 0.0480190 seconds, Stopping threads took: 0.0000510 seconds
216.443: Application time: 0.4909640 seconds
216.443: [GC pause (young), 0.0450100 secs]
   [Parallel Time: 43.5 ms, GC Workers: 8]
      [GC Worker Start (ms): Min: 216443.3, Avg: 216443.3, Max: 216443.3, Diff: 0.1]
      [Ext Root Scanning (ms): Min: 0.7, Avg: 0.7, Max: 0.7, Diff: 0.1, Sum: 5.5]
      [Update RS (ms): Min: 0.0, Avg: 0.0, Max: 0.1, Diff: 0.1, Sum: 0.2]
         [Processed Buffers: Min: 0, Avg: 0.9, Max: 2, Diff: 2, Sum: 7]
      [Scan RS (ms): Min: 0.4, Avg: 0.4, Max: 0.5, Diff: 0.1, Sum: 3.5]
      [Code Root Scanning (ms): Min: 0.0, Avg: 0.0, Max: 0.0, Diff: 0.0, Sum: 0.1]
      [Object Copy (ms): Min: 42.2, Avg: 42.2, Max: 42.2, Diff: 0.1, Sum: 337.5]
      [Termination (ms): Min: 0.0, Avg: 0.0, Max: 0.0, Diff: 0.0, Sum: 0.0]
      [GC Worker Other (ms): Min: 0.0, Avg: 0.1, Max: 0.1, Diff: 0.1, Sum: 0.5]
      [GC Worker Total (ms): Min: 43.3, Avg: 43.4, Max: 43.5, Diff: 0.1, Sum: 347.3]
      [GC Worker End (ms): Min: 216486.7, Avg: 216486.7, Max: 216486.7, Diff: 0.1]
   [Code Root Fixup: 0.1 ms]
   [Code Root Migration: 0.1 ms]
   [Clear CT: 0.4 ms]
   [Other: 0.9 ms]
      [Choose CSet: 0.0 ms]
      [Ref Proc: 0.1 ms]
      [Ref Enq: 0.0 ms]
      [Free CSet: 0.7 ms]
   [Eden: 1011.0M(1011.0M)->0.0B(1014.0M) Survivors: 83.0M->84.0M Heap: 1615.5M(1934.0M)->605.5M(1934.0M)]
 [Times: user=0.35 sys=0.00, real=0.05 secs] 
216.488: Total time for which application threads were stopped: 0.0452130 seconds, Stopping threads took: 0.0000730 seconds
216.986: Application time: 0.4978520 seconds
216.986: [GC pause (young), 0.0507830 secs]
   [Parallel Time: 49.2 ms, GC Workers: 8]
      [GC Worker Start (ms): Min: 216986.3, Avg: 216987.7, Max: 216997.6, Diff: 11.3]
      [Ext Root Scanning (ms): Min: 0.0, Avg: 0.6, Max: 0.8, Diff: 0.7, Sum: 4.6]
      [Update RS (ms): Min: 0.0, Avg: 0.0, Max: 0.1, Diff: 0.1, Sum: 0.2]
         [Processed Buffers: Min: 0, Avg: 0.9, Max: 3, Diff: 3, Sum: 7]
      [Scan RS (ms): Min: 0.3, Avg: 0.4, Max: 0.5, Diff: 0.2, Sum: 3.3]
      [Code Root Scanning (ms): Min: 0.0, Avg: 0.0, Max: 0.0, Diff: 0.0, Sum: 0.1]
      [Object Copy (ms): Min: 37.5, Avg: 46.6, Max: 48.1, Diff: 10.6, Sum: 373.1]
      [Termination (ms): Min: 0.0, Avg: 0.0, Max: 0.0, Diff: 0.0, Sum: 0.0]
      [GC Worker Other (ms): Min: 0.0, Avg: 0.1, Max: 0.1, Diff: 0.0, Sum: 0.5]
      [GC Worker Total (ms): Min: 37.9, Avg: 47.7, Max: 49.2, Diff: 11.3, Sum: 381.7]
      [GC Worker End (ms): Min: 217035.4, Avg: 217035.5, Max: 217035.5, Diff: 0.0]
   [Code Root Fixup: 0.1 ms]
   [Code Root Migration: 0.1 ms]
   [Clear CT: 0.5 ms]
   [Other: 0.9 ms]
      [Choose CSet: 0.0 ms]
      [Ref Proc: 0.1 ms]
      [Ref Enq: 0.0 ms]
      [Free CSet: 0.7 ms]
   [Eden: 1014.0M(1014.0M)->0.0B(1007.0M) Survivors: 84.0M->90.0M Heap: 1619.5M(1934.0M)->612.0M(1934.0M)]
 [Times: user=0.38 sys=0.00, real=0.05 secs] 
217.037: Total time for which application threads were stopped: 0.0509800 seconds, Stopping threads took: 0.0000610 seconds
217.533: Application time: 0.4958360 seconds
217.533: [GC pause (young), 0.0466070 secs]
   [Parallel Time: 45.0 ms, GC Workers: 8]
      [GC Worker Start (ms): Min: 217533.1, Avg: 217533.1, Max: 217533.2, Diff: 0.1]
      [Ext Root Scanning (ms): Min: 0.6, Avg: 0.7, Max: 0.7, Diff: 0.1, Sum: 5.5]
      [Update RS (ms): Min: 0.0, Avg: 0.0, Max: 0.1, Diff: 0.1, Sum: 0.2]
         [Processed Buffers: Min: 0, Avg: 1.0, Max: 2, Diff: 2, Sum: 8]
      [Scan RS (ms): Min: 0.4, Avg: 0.4, Max: 0.4, Diff: 0.1, Sum: 3.4]
      [Code Root Scanning (ms): Min: 0.0, Avg: 0.0, Max: 0.0, Diff: 0.0, Sum: 0.1]
      [Object Copy (ms): Min: 43.7, Avg: 43.8, Max: 43.8, Diff: 0.0, Sum: 350.0]
      [Termination (ms): Min: 0.0, Avg: 0.0, Max: 0.0, Diff: 0.0, Sum: 0.0]
      [GC Worker Other (ms): Min: 0.0, Avg: 0.0, Max: 0.1, Diff: 0.0, Sum: 0.4]
      [GC Worker Total (ms): Min: 44.9, Avg: 44.9, Max: 45.0, Diff: 0.1, Sum: 359.5]
      [GC Worker End (ms): Min: 217578.1, Avg: 217578.1, Max: 217578.1, Diff: 0.0]
   [Code Root Fixup: 0.1 ms]
   [Code Root Migration: 0.1 ms]
   [Clear CT: 0.4 ms]
   [Other: 0.9 ms]
      [Choose CSet: 0.0 ms]
      [Ref Proc: 0.1 ms]
      [Ref Enq: 0.0 ms]
      [Free CSet: 0.7 ms]
   [Eden: 1007.0M(1007.0M)->0.0B(1015.0M) Survivors: 90.0M->85.0M Heap: 1619.0M(1934.0M)->606.5M(1934.0M)]
 [Times: user=0.36 sys=0.00, real=0.05 secs] 
217.580: Total time for which application threads were stopped: 0.0467670 seconds, Stopping threads took: 0.0000330 seconds
218.080: Application time: 0.5003400 seconds
218.080: [GC pause (young), 0.0461690 secs]
   [Parallel Time: 44.5 ms, GC Workers: 8]
      [GC Worker Start (ms): Min: 218080.2, Avg: 218080.4, Max: 218081.6, Diff: 1.3]
      [Ext Root Scanning (ms): Min: 0.0, Avg: 0.6, Max: 0.9, Diff: 0.9, Sum: 4.8]
      [Update RS (ms): Min: 0.0, Avg: 0.0, Max: 0.1, Diff: 0.1, Sum: 0.3]
         [Processed Buffers: Min: 0, Avg: 0.9, Max: 3, Diff: 3, Sum: 7]
      [Scan RS (ms): Min: 0.0, Avg: 0.4, Max: 0.5, Diff: 0.4, Sum: 3.0]
      [Code Root Scanning (ms): Min: 0.0, Avg: 0.0, Max: 0.0, Diff: 0.0, Sum: 0.0]
      [Object Copy (ms): Min: 43.1, Avg: 43.2, Max: 43.3, Diff: 0.2, Sum: 345.9]
      [Termination (ms): Min: 0.0, Avg: 0.0, Max: 0.0, Diff: 0.0, Sum: 0.0]
      [GC Worker Other (ms): Min: 0.0, Avg: 0.1, Max: 0.1, Diff: 0.0, Sum: 0.5]
      [GC Worker Total (ms): Min: 43.2, Avg: 44.3, Max: 44.5, Diff: 1.3, Sum: 354.5]
      [GC Worker End (ms): Min: 218124.7, Avg: 218124.7, Max: 218124.8, Diff: 0.0]
   [Code Root Fixup: 0.1 ms]
   [Code Root Migration: 0.1 ms]
   [Clear CT: 0.5 ms]
   [Other: 0.9 ms]
      [Choose CSet: 0.0 ms]
      [Ref Proc: 0.1 ms]
      [Ref Enq: 0.0 ms]
      [Free CSet: 0.7 ms]
   [Eden: 1015.0M(1015.0M)->0.0B(1018.0M) Survivors: 85.0M->84.0M Heap: 1621.5M(1934.0M)->606.0M(1934.0M)]
 [Times: user=0.36 sys=0.00, real=0.05 secs] 
218.126: Total time for which application threads were stopped: 0.0463480 seconds, Stopping threads took: 0.0000470 seconds
218.624: Application time: 0.4972130 seconds
218.624: [GC pause (young), 0.0446200 secs]
   [Parallel Time: 43.0 ms, GC Workers: 8]
      [GC Worker Start (ms): Min: 218623.8, Avg: 218623.8, Max: 218623.9, Diff: 0.1]
      [Ext Root Scanning (ms): Min: 0.6, Avg: 0.7, Max: 0.8, Diff: 0.1, Sum: 5.3]
      [Update RS (ms): Min: 0.0, Avg: 0.0, Max: 0.1, Diff: 0.1, Sum: 0.2]
         [Processed Buffers: Min: 0, Avg: 0.9, Max: 3, Diff: 3, Sum: 7]
      [Scan RS (ms): Min: 0.3, Avg: 0.4, Max: 0.5, Diff: 0.2, Sum: 3.5]
      [Code Root Scanning (ms): Min: 0.0, Avg: 0.0, Max: 0.0, Diff: 0.0, Sum: 0.0]
      [Object Copy (ms): Min: 41.7, Avg: 41.7, Max: 41.8, Diff: 0.1, Sum: 333.9]
      [Termination (ms): Min: 0.0, Avg: 0.0, Max: 0.0, Diff: 0.0, Sum: 0.0]
      [GC Worker Other (ms): Min: 0.0, Avg: 0.0, Max: 0.1, Diff: 0.0, Sum: 0.4]
      [GC Worker Total (ms): Min: 42.9, Avg: 42.9, Max: 43.0, Diff: 0.1, Sum: 343.4]
      [GC Worker End (ms): Min: 218666.7, Avg: 218666.8, Max: 218666.8, Diff: 0.0]
   [Code Root Fixup: 0.1 ms]
   [Code Root Migration: 0.1 ms]
   [Clear CT: 0.5 ms]
   [Other: 0.9 ms]
      [Choose CSet: 0.0 ms]
      [Ref Proc: 0.1 ms]
      [Ref Enq: 0.0 ms]
      [Free CSet: 0.7 ms]
   [Eden: 1018.0M(1018.0M)->0.0B(1022.0M) Survivors: 84.0M->82.0M Heap: 1624.0M(1934.0M)->604.0M(1934.0M)]
 [Times: user=0.35 sys=0.00, real=0.05 secs] 
218.668: Total time for which application threads were stopped: 0.0448210 seconds, Stopping threads took: 0.0000650 seconds
219.164: Application time: 0.4957250 seconds
219.164: [GC pause (young), 0.0457390 secs]
   [Parallel Time: 44.1 ms, GC Workers: 8]
      [GC Worker Start (ms): Min: 219164.3, Avg: 219164.4, Max: 219164.4, Diff: 0.1]
      [Ext Root Scanning (ms): Min: 0.6, Avg: 0.7, Max: 0.7, Diff: 0.1, Sum: 5.4]
      [Update RS (ms): Min: 0.0, Avg: 0.0, Max: 0.1, Diff: 0.1, Sum: 0.2]
         [Processed Buffers: Min: 0, Avg: 0.9, Max: 2, Diff: 2, Sum: 7]
      [Scan RS (ms): Min: 0.4, Avg: 0.4, Max: 0.5, Diff: 0.1, Sum: 3.5]
      [Code Root Scanning (ms): Min: 0.0, Avg: 0.0, Max: 0.0, Diff: 0.0, Sum: 0.1]
      [Object Copy (ms): Min: 42.8, Avg: 42.8, Max: 42.8, Diff: 0.0, Sum: 342.3]
      [Termination (ms): Min: 0.0, Avg: 0.0, Max: 0.0, Diff: 0.0, Sum: 0.0]
      [GC Worker Other (ms): Min: 0.0, Avg: 0.1, Max: 0.1, Diff: 0.1, Sum: 0.4]
      [GC Worker Total (ms): Min: 44.0, Avg: 44.0, Max: 44.0, Diff: 0.1, Sum: 352.0]
      [GC Worker End (ms): Min: 219208.3, Avg: 219208.4, Max: 219208.4, Diff: 0.1]
   [Code Root Fixup: 0.1 ms]
   [Code Root Migration: 0.1 ms]
   [Clear CT: 0.4 ms]
   [Other: 1.0 ms]
      [Choose CSet: 0.0 ms]
      [Ref Proc: 0.2 ms]
      [Ref Enq: 0.0 ms]
      [Free CSet: 0.7 ms]
   [Eden: 1022.0M(1022.0M)->0.0B(1019.0M) Survivors: 82.0M->85.0M Heap: 1626.0M(1934.0M)->607.0M(1934.0M)]
 [Times: user=0.35 sys=0.00, real=0.05 secs] 
219.210: Total time for which application threads were stopped: 0.0459070 seconds, Stopping threads took: 0.0000420 seconds
219.702: Application time: 0.4916740 seconds
219.702: [GC pause (young), 0.0529470 secs]
   [Parallel Time: 51.3 ms, GC Workers: 8]
      [GC Worker Start (ms): Min: 219701.9, Avg: 219702.0, Max: 219702.0, Diff: 0.1]
      [Ext Root Scanning (ms): Min: 0.7, Avg: 0.7, Max: 0.7, Diff: 0.0, Sum: 5.5]
      [Update RS (ms): Min: 0.0, Avg: 0.0, Max: 0.1, Diff: 0.1, Sum: 0.2]
         [Processed Buffers: Min: 0, Avg: 0.9, Max: 2, Diff: 2, Sum: 7]
      [Scan RS (ms): Min: 0.4, Avg: 0.4, Max: 0.5, Diff: 0.1, Sum: 3.5]
      [Code Root Scanning (ms): Min: 0.0, Avg: 0.0, Max: 0.0, Diff: 0.0, Sum: 0.0]
      [Object Copy (ms): Min: 50.0, Avg: 50.0, Max: 50.1, Diff: 0.1, Sum: 400.3]
      [Termination (ms): Min: 0.0, Avg: 0.0, Max: 0.0, Diff: 0.0, Sum: 0.0]
      [GC Worker Other (ms): Min: 0.0, Avg: 0.1, Max: 0.1, Diff: 0.1, Sum: 0.5]
      [GC Worker Total (ms): Min: 51.2, Avg: 51.3, Max: 51.3, Diff: 0.1, Sum: 410.0]
      [GC Worker End (ms): Min: 219753.2, Avg: 219753.2, Max: 219753.2, Diff: 0.1]
   [Code Root Fixup: 0.2 ms]
   [Code Root Migration: 0.1 ms]
   [Clear CT: 0.5 ms]
   [Other: 0.9 ms]
      [Choose CSet: 0.0 ms]
      [Ref Proc: 0.1 ms]
      [Ref Enq: 0.0 ms]
      [Free CSet: 0.7 ms]
   [Eden: 1019.0M(1019.0M)->0.0B(999.0M) Survivors: 85.0M->100.0M Heap: 1626.0M(1934.0M)->622.0M(1934.0M)]
 [Times: user=0.41 sys=0.01, real=0.06 secs] 
219.755: Total time for which application threads were stopped: 0.0531270 seconds, Stopping threads took: 0.0000490 seconds
220.243: Application time: 0.4881690 seconds
220.243: [GC pause (young), 0.0581660 secs]
   [Parallel Time: 56.6 ms, GC Workers: 8]
      [GC Worker Start (ms): Min: 220243.2, Avg: 220243.3, Max: 220243.3, Diff: 0.1]
      [Ext Root Scanning (ms): Min: 0.6, Avg: 0.7, Max: 0.7, Diff: 0.1, Sum: 5.3]
      [Update RS (ms): Min: 0.0, Avg: 0.0, Max: 0.1, Diff: 0.1, Sum: 0.2]
         [Processed Buffers: Min: 0, Avg: 0.9, Max: 2, Diff: 2, Sum: 7]
      [Scan RS (ms): Min: 0.4, Avg: 0.4, Max: 0.5, Diff: 0.1, Sum: 3.4]
      [Code Root Scanning (ms): Min: 0.0, Avg: 0.0, Max: 0.0, Diff: 0.0, Sum: 0.1]
      [Object Copy (ms): Min: 55.3, Avg: 55.3, Max: 55.4, Diff: 0.1, Sum: 442.5]
      [Termination (ms): Min: 0.0, Avg: 0.0, Max: 0.0, Diff: 0.0, Sum: 0.0]
      [GC Worker Other (ms): Min: 0.0, Avg: 0.1, Max: 0.1, Diff: 0.0, Sum: 0.5]
      [GC Worker Total (ms): Min: 56.4, Avg: 56.5, Max: 56.5, Diff: 0.1, Sum: 451.9]
      [GC Worker End (ms): Min: 220299.7, Avg: 220299.8, Max: 220299.8, Diff: 0.0]
   [Code Root Fixup: 0.1 ms]
   [Code Root Migration: 0.1 ms]
   [Clear CT: 0.4 ms]
   [Other: 0.9 ms]
      [Choose CSet: 0.0 ms]
      [Ref Proc: 0.1 ms]
      [Ref Enq: 0.0 ms]
      [Free CSet: 0.7 ms]
   [Eden: 999.0M(999.0M)->0.0B(988.0M) Survivors: 100.0M->106.0M Heap: 1621.0M(1934.0M)->627.5M(1934.0M)]
 [Times: user=0.46 sys=0.00, real=0.06 secs] 
220.301: Total time for which application threads were stopped: 0.0583500 seconds, Stopping threads took: 0.0000480 seconds
220.785: Application time: 0.4831300 seconds
220.785: [GC pause (young), 0.0549500 secs]
   [Parallel Time: 53.2 ms, GC Workers: 8]
      [GC Worker Start (ms): Min: 220784.7, Avg: 220784.8, Max: 220784.8, Diff: 0.1]
      [Ext Root Scanning (ms): Min: 0.6, Avg: 0.7, Max: 0.7, Diff: 0.1, Sum: 5.3]
      [Update RS (ms): Min: 0.0, Avg: 0.0, Max: 0.1, Diff: 0.1, Sum: 0.2]
         [Processed Buffers: Min: 0, Avg: 0.9, Max: 4, Diff: 4, Sum: 7]
      [Scan RS (ms): Min: 0.4, Avg: 0.4, Max: 0.5, Diff: 0.1, Sum: 3.4]
      [Code Root Scanning (ms): Min: 0.0, Avg: 0.0, Max: 0.0, Diff: 0.0, Sum: 0.1]
      [Object Copy (ms): Min: 51.9, Avg: 51.9, Max: 52.0, Diff: 0.1, Sum: 415.6]
      [Termination (ms): Min: 0.0, Avg: 0.0, Max: 0.0, Diff: 0.0, Sum: 0.0]
      [GC Worker Other (ms): Min: 0.0, Avg: 0.1, Max: 0.1, Diff: 0.0, Sum: 0.4]
      [GC Worker Total (ms): Min: 53.1, Avg: 53.1, Max: 53.2, Diff: 0.1, Sum: 425.1]
      [GC Worker End (ms): Min: 220837.9, Avg: 220837.9, Max: 220837.9, Diff: 0.0]
   [Code Root Fixup: 0.1 ms]
   [Code Root Migration: 0.1 ms]
   [Clear CT: 0.5 ms]
   [Other: 0.9 ms]
      [Choose CSet: 0.0 ms]
      [Ref Proc: 0.2 ms]
      [Ref Enq: 0.0 ms]
      [Free CSet: 0.7 ms]
   [Eden: 988.0M(988.0M)->0.0B(993.0M) Survivors: 106.0M->99.0M Heap: 1615.5M(1934.0M)->620.5M(1934.0M)]
 [Times: user=0.43 sys=0.00, real=0.06 secs] 
220.840: Total time for which application threads were stopped: 0.0551330 seconds, Stopping threads took: 0.0000550 seconds
221.330: Application time: 0.4901840 seconds
221.330: [GC pause (young), 0.0511050 secs]
   [Parallel Time: 49.3 ms, GC Workers: 8]
      [GC Worker Start (ms): Min: 221330.0, Avg: 221330.1, Max: 221330.1, Diff: 0.1]
      [Ext Root Scanning (ms): Min: 0.7, Avg: 0.7, Max: 0.8, Diff: 0.1, Sum: 5.6]
      [Update RS (ms): Min: 0.0, Avg: 0.0, Max: 0.1, Diff: 0.1, Sum: 0.3]
         [Processed Buffers: Min: 0, Avg: 0.9, Max: 4, Diff: 4, Sum: 7]
      [Scan RS (ms): Min: 0.4, Avg: 0.5, Max: 0.5, Diff: 0.1, Sum: 3.6]
      [Code Root Scanning (ms): Min: 0.0, Avg: 0.0, Max: 0.0, Diff: 0.0, Sum: 0.1]
      [Object Copy (ms): Min: 47.8, Avg: 47.9, Max: 48.1, Diff: 0.3, Sum: 383.3]
      [Termination (ms): Min: 0.0, Avg: 0.0, Max: 0.0, Diff: 0.0, Sum: 0.0]
      [GC Worker Other (ms): Min: 0.0, Avg: 0.1, Max: 0.1, Diff: 0.1, Sum: 0.6]
      [GC Worker Total (ms): Min: 49.1, Avg: 49.2, Max: 49.3, Diff: 0.1, Sum: 393.5]
      [GC Worker End (ms): Min: 221379.2, Avg: 221379.3, Max: 221379.3, Diff: 0.1]
   [Code Root Fixup: 0.1 ms]
   [Code Root Migration: 0.1 ms]
   [Clear CT: 0.5 ms]
   [Other: 1.1 ms]
      [Choose CSet: 0.0 ms]
      [Ref Proc: 0.2 ms]
      [Ref Enq: 0.0 ms]
      [Free CSet: 0.8 ms]
   [Eden: 993.0M(993.0M)->0.0B(1003.0M) Survivors: 99.0M->90.0M Heap: 1613.5M(1934.0M)->611.6M(1934.0M)]
 [Times: user=0.39 sys=0.00, real=0.05 secs] 
221.381: Total time for which application threads were stopped: 0.0512790 seconds, Stopping threads took: 0.0000360 seconds
221.882: Application time: 0.5010240 seconds
221.882: [GC pause (young), 0.0459210 secs]
   [Parallel Time: 44.4 ms, GC Workers: 8]
      [GC Worker Start (ms): Min: 221882.4, Avg: 221882.8, Max: 221885.6, Diff: 3.2]
      [Ext Root Scanning (ms): Min: 0.0, Avg: 0.6, Max: 0.8, Diff: 0.8, Sum: 4.8]
      [Update RS (ms): Min: 0.0, Avg: 0.0, Max: 0.1, Diff: 0.1, Sum: 0.2]
         [Processed Buffers: Min: 0, Avg: 0.9, Max: 4, Diff: 4, Sum: 7]
      [Scan RS (ms): Min: 0.1, Avg: 0.4, Max: 0.5, Diff: 0.3, Sum: 3.1]
      [Code Root Scanning (ms): Min: 0.0, Avg: 0.0, Max: 0.0, Diff: 0.0, Sum: 0.1]
      [Object Copy (ms): Min: 40.9, Avg: 42.8, Max: 43.1, Diff: 2.2, Sum: 342.8]
      [Termination (ms): Min: 0.0, Avg: 0.0, Max: 0.0, Diff: 0.0, Sum: 0.0]
      [GC Worker Other (ms): Min: 0.0, Avg: 0.0, Max: 0.1, Diff: 0.1, Sum: 0.4]
      [GC Worker Total (ms): Min: 41.1, Avg: 43.9, Max: 44.3, Diff: 3.2, Sum: 351.3]
      [GC Worker End (ms): Min: 221926.7, Avg: 221926.7, Max: 221926.7, Diff: 0.1]
   [Code Root Fixup: 0.1 ms]
   [Code Root Migration: 0.1 ms]
   [Clear CT: 0.4 ms]
   [Other: 0.9 ms]
      [Choose CSet: 0.0 ms]
      [Ref Proc: 0.1 ms]
      [Ref Enq: 0.0 ms]
      [Free CSet: 0.7 ms]
   [Eden: 1003.0M(1003.0M)->0.0B(1014.0M) Survivors: 90.0M->83.0M Heap: 1614.6M(1934.0M)->604.6M(1934.0M)]
 [Times: user=0.36 sys=0.00, real=0.05 secs] 
221.928: Total time for which application threads were stopped: 0.0461050 seconds, Stopping threads took: 0.0000610 seconds
222.423: Application time: 0.4949520 seconds
222.423: [GC pause (young), 0.0471100 secs]
   [Parallel Time: 45.6 ms, GC Workers: 8]
      [GC Worker Start (ms): Min: 222423.4, Avg: 222423.4, Max: 222423.5, Diff: 0.1]
      [Ext Root Scanning (ms): Min: 0.6, Avg: 0.6, Max: 0.7, Diff: 0.1, Sum: 5.2]
      [Update RS (ms): Min: 0.0, Avg: 0.0, Max: 0.1, Diff: 0.1, Sum: 0.2]
         [Processed Buffers: Min: 0, Avg: 1.0, Max: 3, Diff: 3, Sum: 8]
      [Scan RS (ms): Min: 0.4, Avg: 0.4, Max: 0.4, Diff: 0.1, Sum: 3.3]
      [Code Root Scanning (ms): Min: 0.0, Avg: 0.0, Max: 0.0, Diff: 0.0, Sum: 0.1]
      [Object Copy (ms): Min: 44.3, Avg: 44.3, Max: 44.4, Diff: 0.0, Sum: 354.8]
      [Termination (ms): Min: 0.0, Avg: 0.0, Max: 0.0, Diff: 0.0, Sum: 0.0]
      [GC Worker Other (ms): Min: 0.0, Avg: 0.1, Max: 0.1, Diff: 0.0, Sum: 0.4]
      [GC Worker Total (ms): Min: 45.4, Avg: 45.5, Max: 45.5, Diff: 0.1, Sum: 364.0]
      [GC Worker End (ms): Min: 222468.9, Avg: 222468.9, Max: 222468.9, Diff: 0.0]
   [Code Root Fixup: 0.1 ms]
   [Code Root Migration: 0.1 ms]
   [Clear CT: 0.4 ms]
   [Other: 0.9 ms]
      [Choose CSet: 0.0 ms]
      [Ref Proc: 0.1 ms]
      [Ref Enq: 0.0 ms]
      [Free CSet: 0.7 ms]
   [Eden: 1014.0M(1014.0M)->0.0B(1011.0M) Survivors: 83.0M->87.0M Heap: 1618.6M(1934.0M)->609.1M(1934.0M)]
 [Times: user=0.36 sys=0.00, real=0.05 secs] 
222.471: Total time for which application threads were stopped: 0.0472930 seconds, Stopping threads took: 0.0000560 seconds
222.967: Application time: 0.4967830 seconds
222.967: [GC pause (young), 0.0488840 secs]
   [Parallel Time: 47.3 ms, GC Workers: 8]
      [GC Worker Start (ms): Min: 222967.5, Avg: 222967.5, Max: 222967.5, Diff: 0.1]
      [Ext Root Scanning (ms): Min: 0.6, Avg: 0.7, Max: 0.7, Diff: 0.1, Sum: 5.5]
      [Update RS (ms): Min: 0.0, Avg: 0.0, Max: 0.1, Diff: 0.1, Sum: 0.2]
         [Processed Buffers: Min: 0, Avg: 1.0, Max: 3, Diff: 3, Sum: 8]
      [Scan RS (ms): Min: 0.4, Avg: 0.4, Max: 0.5, Diff: 0.1, Sum: 3.5]
      [Code Root Scanning (ms): Min: 0.0, Avg: 0.0, Max: 0.0, Diff: 0.0, Sum: 0.1]
      [Object Copy (ms): Min: 46.0, Avg: 46.0, Max: 46.1, Diff: 0.1, Sum: 368.1]
      [Termination (ms): Min: 0.0, Avg: 0.0, Max: 0.0, Diff: 0.0, Sum: 0.0]
      [GC Worker Other (ms): Min: 0.0, Avg: 0.1, Max: 0.1, Diff: 0.0, Sum: 0.4]
      [GC Worker Total (ms): Min: 47.2, Avg: 47.2, Max: 47.3, Diff: 0.1, Sum: 377.9]
      [GC Worker End (ms): Min: 223014.7, Avg: 223014.7, Max: 223014.8, Diff: 0.0]
   [Code Root Fixup: 0.1 ms]
   [Code Root Migration: 0.1 ms]
   [Clear CT: 0.4 ms]
   [Other: 0.9 ms]
      [Choose CSet: 0.0 ms]
      [Ref Proc: 0.1 ms]
      [Ref Enq: 0.0 ms]
      [Free CSet: 0.7 ms]
   [Eden: 1011.0M(1011.0M)->0.0B(1008.0M) Survivors: 87.0M->90.0M Heap: 1620.1M(1934.0M)->611.6M(1934.0M)]
 [Times: user=0.39 sys=0.00, real=0.05 secs] 
223.016: Total time for which application threads were stopped: 0.0490620 seconds, Stopping threads took: 0.0000410 seconds
223.510: Application time: 0.4939230 seconds
223.510: [GC pause (young), 0.0473690 secs]
   [Parallel Time: 45.7 ms, GC Workers: 8]
      [GC Worker Start (ms): Min: 223510.5, Avg: 223510.5, Max: 223510.5, Diff: 0.1]
      [Ext Root Scanning (ms): Min: 0.6, Avg: 0.7, Max: 0.7, Diff: 0.1, Sum: 5.2]
      [Update RS (ms): Min: 0.0, Avg: 0.0, Max: 0.1, Diff: 0.1, Sum: 0.2]
         [Processed Buffers: Min: 0, Avg: 1.1, Max: 3, Diff: 3, Sum: 9]
      [Scan RS (ms): Min: 0.4, Avg: 0.4, Max: 0.5, Diff: 0.1, Sum: 3.5]
      [Code Root Scanning (ms): Min: 0.0, Avg: 0.0, Max: 0.0, Diff: 0.0, Sum: 0.1]
      [Object Copy (ms): Min: 44.4, Avg: 44.4, Max: 44.5, Diff: 0.1, Sum: 355.3]
      [Termination (ms): Min: 0.0, Avg: 0.0, Max: 0.0, Diff: 0.0, Sum: 0.0]
      [GC Worker Other (ms): Min: 0.0, Avg: 0.1, Max: 0.1, Diff: 0.1, Sum: 0.5]
      [GC Worker Total (ms): Min: 45.5, Avg: 45.6, Max: 45.6, Diff: 0.1, Sum: 364.8]
      [GC Worker End (ms): Min: 223556.1, Avg: 223556.1, Max: 223556.1, Diff: 0.1]
   [Code Root Fixup: 0.1 ms]
   [Code Root Migration: 0.1 ms]
   [Clear CT: 0.4 ms]
   [Other: 1.0 ms]
      [Choose CSet: 0.0 ms]
      [Ref Proc: 0.1 ms]
      [Ref Enq: 0.0 ms]
      [Free CSet: 0.8 ms]
   [Eden: 1008.0M(1008.0M)->0.0B(1013.0M) Survivors: 90.0M->86.0M Heap: 1619.6M(1934.0M)->608.1M(1934.0M)]
 [Times: user=0.37 sys=0.00, real=0.05 secs] 
223.558: Total time for which application threads were stopped: 0.0475460 seconds, Stopping threads took: 0.0000330 seconds
224.056: Application time: 0.4979270 seconds
224.056: [GC pause (young), 0.0487810 secs]
   [Parallel Time: 47.0 ms, GC Workers: 8]
      [GC Worker Start (ms): Min: 224055.9, Avg: 224056.0, Max: 224056.0, Diff: 0.1]
      [Ext Root Scanning (ms): Min: 0.6, Avg: 0.7, Max: 0.7, Diff: 0.1, Sum: 5.4]
      [Update RS (ms): Min: 0.0, Avg: 0.0, Max: 0.1, Diff: 0.1, Sum: 0.2]
         [Processed Buffers: Min: 0, Avg: 0.9, Max: 4, Diff: 4, Sum: 7]
      [Scan RS (ms): Min: 0.4, Avg: 0.4, Max: 0.5, Diff: 0.1, Sum: 3.5]
      [Code Root Scanning (ms): Min: 0.0, Avg: 0.0, Max: 0.0, Diff: 0.0, Sum: 0.1]
      [Object Copy (ms): Min: 45.7, Avg: 45.7, Max: 45.8, Diff: 0.1, Sum: 365.7]
      [Termination (ms): Min: 0.0, Avg: 0.0, Max: 0.0, Diff: 0.0, Sum: 0.1]
      [GC Worker Other (ms): Min: 0.0, Avg: 0.0, Max: 0.1, Diff: 0.1, Sum: 0.3]
      [GC Worker Total (ms): Min: 46.9, Avg: 46.9, Max: 47.0, Diff: 0.1, Sum: 375.3]
      [GC Worker End (ms): Min: 224102.8, Avg: 224102.9, Max: 224102.9, Diff: 0.1]
   [Code Root Fixup: 0.1 ms]
   [Code Root Migration: 0.1 ms]
   [Clear CT: 0.5 ms]
   [Other: 1.0 ms]
      [Choose CSet: 0.0 ms]
      [Ref Proc: 0.1 ms]
      [Ref Enq: 0.0 ms]
      [Free CSet: 0.8 ms]
   [Eden: 1013.0M(1013.0M)->0.0B(1011.0M) Survivors: 86.0M->88.0M Heap: 1621.1M(1934.0M)->610.1M(1934.0M)]
 [Times: user=0.38 sys=0.00, real=0.04 secs] 
224.105: Total time for which application threads were stopped: 0.0489520 seconds, Stopping threads took: 0.0000420 seconds
224.598: Application time: 0.4934170 seconds
224.598: [GC pause (young), 0.0522730 secs]
   [Parallel Time: 50.7 ms, GC Workers: 8]
      [GC Worker Start (ms): Min: 224598.4, Avg: 224598.4, Max: 224598.4, Diff: 0.1]
      [Ext Root Scanning (ms): Min: 0.6, Avg: 0.7, Max: 0.7, Diff: 0.1, Sum: 5.4]
      [Update RS (ms): Min: 0.0, Avg: 0.0, Max: 0.1, Diff: 0.1, Sum: 0.3]
         [Processed Buffers: Min: 0, Avg: 0.9, Max: 2, Diff: 2, Sum: 7]
      [Scan RS (ms): Min: 0.4, Avg: 0.4, Max: 0.5, Diff: 0.1, Sum: 3.5]
      [Code Root Scanning (ms): Min: 0.0, Avg: 0.0, Max: 0.0, Diff: 0.0, Sum: 0.1]
      [Object Copy (ms): Min: 49.4, Avg: 49.4, Max: 49.5, Diff: 0.1, Sum: 395.3]
      [Termination (ms): Min: 0.0, Avg: 0.0, Max: 0.0, Diff: 0.0, Sum: 0.0]
      [GC Worker Other (ms): Min: 0.0, Avg: 0.0, Max: 0.1, Diff: 0.0, Sum: 0.4]
      [GC Worker Total (ms): Min: 50.6, Avg: 50.6, Max: 50.6, Diff: 0.1, Sum: 404.9]
      [GC Worker End (ms): Min: 224649.0, Avg: 224649.0, Max: 224649.0, Diff: 0.0]
   [Code Root Fixup: 0.1 ms]
   [Code Root Migration: 0.1 ms]
   [Clear CT: 0.5 ms]
   [Other: 0.9 ms]
      [Choose CSet: 0.0 ms]
      [Ref Proc: 0.1 ms]
      [Ref Enq: 0.0 ms]
      [Free CSet: 0.7 ms]
   [Eden: 1011.0M(1011.0M)->0.0B(999.0M) Survivors: 88.0M->97.0M Heap: 1621.1M(1934.0M)->618.6M(1934.0M)]
 [Times: user=0.41 sys=0.00, real=0.05 secs] 
224.651: Total time for which application threads were stopped: 0.0524890 seconds, Stopping threads took: 0.0000850 seconds
225.139: Application time: 0.4878840 seconds
225.139: [GC pause (young), 0.0560150 secs]
   [Parallel Time: 54.4 ms, GC Workers: 8]
      [GC Worker Start (ms): Min: 225138.7, Avg: 225138.7, Max: 225138.8, Diff: 0.1]
      [Ext Root Scanning (ms): Min: 0.6, Avg: 0.7, Max: 0.7, Diff: 0.1, Sum: 5.3]
      [Update RS (ms): Min: 0.0, Avg: 0.0, Max: 0.1, Diff: 0.1, Sum: 0.3]
         [Processed Buffers: Min: 0, Avg: 0.9, Max: 4, Diff: 4, Sum: 7]
      [Scan RS (ms): Min: 0.4, Avg: 0.4, Max: 0.5, Diff: 0.1, Sum: 3.4]
      [Code Root Scanning (ms): Min: 0.0, Avg: 0.0, Max: 0.0, Diff: 0.0, Sum: 0.1]
      [Object Copy (ms): Min: 53.1, Avg: 53.2, Max: 53.2, Diff: 0.1, Sum: 425.3]
      [Termination (ms): Min: 0.0, Avg: 0.0, Max: 0.0, Diff: 0.0, Sum: 0.0]
      [GC Worker Other (ms): Min: 0.0, Avg: 0.1, Max: 0.1, Diff: 0.0, Sum: 0.5]
      [GC Worker Total (ms): Min: 54.3, Avg: 54.4, Max: 54.4, Diff: 0.1, Sum: 434.8]
      [GC Worker End (ms): Min: 225193.1, Avg: 225193.1, Max: 225193.1, Diff: 0.0]
   [Code Root Fixup: 0.1 ms]
   [Code Root Migration: 0.1 ms]
   [Clear CT: 0.4 ms]
   [Other: 0.9 ms]
      [Choose CSet: 0.0 ms]
      [Ref Proc: 0.1 ms]
      [Ref Enq: 0.0 ms]
      [Free CSet: 0.7 ms]
   [Eden: 999.0M(999.0M)->0.0B(991.0M) Survivors: 97.0M->102.0M Heap: 1617.6M(1934.0M)->624.1M(1934.0M)]
 [Times: user=0.44 sys=0.00, real=0.06 secs] 
225.195: Total time for which application threads were stopped: 0.0562020 seconds, Stopping threads took: 0.0000600 seconds
225.679: Application time: 0.4846580 seconds
225.680: [GC pause (young), 0.0551740 secs]
   [Parallel Time: 53.5 ms, GC Workers: 8]
      [GC Worker Start (ms): Min: 225679.6, Avg: 225679.8, Max: 225681.5, Diff: 2.0]
      [Ext Root Scanning (ms): Min: 0.0, Avg: 0.6, Max: 0.8, Diff: 0.8, Sum: 4.5]
      [Update RS (ms): Min: 0.0, Avg: 0.0, Max: 0.1, Diff: 0.1, Sum: 0.2]
         [Processed Buffers: Min: 0, Avg: 0.9, Max: 3, Diff: 3, Sum: 7]
      [Scan RS (ms): Min: 0.0, Avg: 0.4, Max: 0.5, Diff: 0.4, Sum: 2.9]
      [Code Root Scanning (ms): Min: 0.0, Avg: 0.0, Max: 0.0, Diff: 0.0, Sum: 0.1]
      [Object Copy (ms): Min: 51.4, Avg: 52.2, Max: 52.4, Diff: 1.0, Sum: 417.7]
      [Termination (ms): Min: 0.0, Avg: 0.0, Max: 0.0, Diff: 0.0, Sum: 0.0]
      [GC Worker Other (ms): Min: 0.0, Avg: 0.1, Max: 0.1, Diff: 0.0, Sum: 0.5]
      [GC Worker Total (ms): Min: 51.5, Avg: 53.2, Max: 53.5, Diff: 2.0, Sum: 425.9]
      [GC Worker End (ms): Min: 225733.0, Avg: 225733.1, Max: 225733.1, Diff: 0.0]
   [Code Root Fixup: 0.1 ms]
   [Code Root Migration: 0.1 ms]
   [Clear CT: 0.5 ms]
   [Other: 0.9 ms]
      [Choose CSet: 0.0 ms]
      [Ref Proc: 0.2 ms]
      [Ref Enq: 0.0 ms]
      [Free CSet: 0.7 ms]
   [Eden: 991.0M(991.0M)->0.0B(992.0M) Survivors: 102.0M->99.0M Heap: 1615.1M(1934.0M)->621.1M(1934.0M)]
 [Times: user=0.43 sys=0.00, real=0.06 secs] 
225.735: Total time for which application threads were stopped: 0.0553440 seconds, Stopping threads took: 0.0000460 seconds
226.228: Application time: 0.4935530 seconds
226.228: [GC pause (young), 0.0498960 secs]
   [Parallel Time: 48.4 ms, GC Workers: 8]
      [GC Worker Start (ms): Min: 226228.5, Avg: 226228.5, Max: 226228.5, Diff: 0.1]
      [Ext Root Scanning (ms): Min: 0.6, Avg: 0.6, Max: 0.7, Diff: 0.1, Sum: 5.1]
      [Update RS (ms): Min: 0.0, Avg: 0.0, Max: 0.1, Diff: 0.1, Sum: 0.2]
         [Processed Buffers: Min: 0, Avg: 0.8, Max: 2, Diff: 2, Sum: 6]
      [Scan RS (ms): Min: 0.4, Avg: 0.4, Max: 0.5, Diff: 0.1, Sum: 3.4]
      [Code Root Scanning (ms): Min: 0.0, Avg: 0.0, Max: 0.0, Diff: 0.0, Sum: 0.0]
      [Object Copy (ms): Min: 47.2, Avg: 47.2, Max: 47.3, Diff: 0.1, Sum: 377.8]
      [Termination (ms): Min: 0.0, Avg: 0.0, Max: 0.0, Diff: 0.0, Sum: 0.1]
      [GC Worker Other (ms): Min: 0.0, Avg: 0.0, Max: 0.1, Diff: 0.0, Sum: 0.4]
      [GC Worker Total (ms): Min: 48.3, Avg: 48.4, Max: 48.4, Diff: 0.1, Sum: 387.0]
      [GC Worker End (ms): Min: 226276.8, Avg: 226276.9, Max: 226276.9, Diff: 0.1]
   [Code Root Fixup: 0.1 ms]
   [Code Root Migration: 0.1 ms]
   [Clear CT: 0.4 ms]
   [Other: 0.8 ms]
      [Choose CSet: 0.0 ms]
      [Ref Proc: 0.1 ms]
      [Ref Enq: 0.0 ms]
      [Free CSet: 0.7 ms]
   [Eden: 992.0M(992.0M)->0.0B(1002.0M) Survivors: 99.0M->91.0M Heap: 1613.1M(1934.0M)->612.7M(1934.0M)]
 [Times: user=0.39 sys=0.00, real=0.05 secs] 
226.278: Total time for which application threads were stopped: 0.0500770 seconds, Stopping threads took: 0.0000470 seconds
226.770: Application time: 0.4913210 seconds
226.770: [GC pause (young), 0.0480120 secs]
   [Parallel Time: 46.5 ms, GC Workers: 8]
      [GC Worker Start (ms): Min: 226769.9, Avg: 226769.9, Max: 226769.9, Diff: 0.1]
      [Ext Root Scanning (ms): Min: 0.6, Avg: 0.7, Max: 0.7, Diff: 0.1, Sum: 5.2]
      [Update RS (ms): Min: 0.0, Avg: 0.0, Max: 0.1, Diff: 0.1, Sum: 0.2]
         [Processed Buffers: Min: 0, Avg: 0.9, Max: 3, Diff: 3, Sum: 7]
      [Scan RS (ms): Min: 0.4, Avg: 0.4, Max: 0.5, Diff: 0.1, Sum: 3.4]
      [Code Root Scanning (ms): Min: 0.0, Avg: 0.0, Max: 0.0, Diff: 0.0, Sum: 0.1]
      [Object Copy (ms): Min: 45.2, Avg: 45.2, Max: 45.2, Diff: 0.0, Sum: 361.5]
      [Termination (ms): Min: 0.0, Avg: 0.0, Max: 0.0, Diff: 0.0, Sum: 0.0]
      [GC Worker Other (ms): Min: 0.0, Avg: 0.1, Max: 0.1, Diff: 0.1, Sum: 0.6]
      [GC Worker Total (ms): Min: 46.3, Avg: 46.4, Max: 46.4, Diff: 0.1, Sum: 370.9]
      [GC Worker End (ms): Min: 226816.2, Avg: 226816.3, Max: 226816.3, Diff: 0.1]
   [Code Root Fixup: 0.1 ms]
   [Code Root Migration: 0.1 ms]
   [Clear CT: 0.5 ms]
   [Other: 0.9 ms]
      [Choose CSet: 0.0 ms]
      [Ref Proc: 0.1 ms]
      [Ref Enq: 0.0 ms]
      [Free CSet: 0.7 ms]
   [Eden: 1002.0M(1002.0M)->0.0B(1009.0M) Survivors: 91.0M->86.0M Heap: 1614.7M(1934.0M)->608.1M(1934.0M)]
 [Times: user=0.38 sys=0.00, real=0.05 secs] 
226.818: Total time for which application threads were stopped: 0.0481880 seconds, Stopping threads took: 0.0000460 seconds
227.318: Application time: 0.5001700 seconds
227.318: [GC pause (young), 0.0452660 secs]
   [Parallel Time: 43.6 ms, GC Workers: 8]
      [GC Worker Start (ms): Min: 227318.2, Avg: 227319.1, Max: 227321.6, Diff: 3.3]
      [Ext Root Scanning (ms): Min: 0.0, Avg: 0.5, Max: 0.8, Diff: 0.8, Sum: 4.2]
      [Update RS (ms): Min: 0.0, Avg: 0.0, Max: 0.1, Diff: 0.1, Sum: 0.2]
         [Processed Buffers: Min: 0, Avg: 0.9, Max: 5, Diff: 5, Sum: 7]
      [Scan RS (ms): Min: 0.0, Avg: 0.3, Max: 0.5, Diff: 0.4, Sum: 2.6]
      [Code Root Scanning (ms): Min: 0.0, Avg: 0.0, Max: 0.0, Diff: 0.0, Sum: 0.1]
      [Object Copy (ms): Min: 40.1, Avg: 41.8, Max: 42.3, Diff: 2.2, Sum: 334.0]
      [Termination (ms): Min: 0.0, Avg: 0.0, Max: 0.0, Diff: 0.0, Sum: 0.0]
      [GC Worker Other (ms): Min: 0.0, Avg: 0.1, Max: 0.1, Diff: 0.1, Sum: 0.6]
      [GC Worker Total (ms): Min: 40.2, Avg: 42.7, Max: 43.6, Diff: 3.4, Sum: 341.8]
      [GC Worker End (ms): Min: 227361.8, Avg: 227361.8, Max: 227361.8, Diff: 0.1]
   [Code Root Fixup: 0.1 ms]
   [Code Root Migration: 0.1 ms]
   [Clear CT: 0.4 ms]
   [Other: 0.9 ms]
      [Choose CSet: 0.0 ms]
      [Ref Proc: 0.1 ms]
      [Ref Enq: 0.0 ms]
      [Free CSet: 0.7 ms]
   [Eden: 1009.0M(1009.0M)->0.0B(1021.0M) Survivors: 86.0M->79.0M Heap: 1617.1M(1934.0M)->601.1M(1934.0M)]
 [Times: user=0.34 sys=0.00, real=0.04 secs] 
227.364: Total time for which application threads were stopped: 0.0454570 seconds, Stopping threads took: 0.0000500 seconds
227.860: Application time: 0.4963110 seconds
227.860: [GC pause (young), 0.0447270 secs]
   [Parallel Time: 43.2 ms, GC Workers: 8]
      [GC Worker Start (ms): Min: 227860.0, Avg: 227860.0, Max: 227860.1, Diff: 0.1]
      [Ext Root Scanning (ms): Min: 0.7, Avg: 0.7, Max: 0.7, Diff: 0.1, Sum: 5.4]
      [Update RS (ms): Min: 0.0, Avg: 0.0, Max: 0.1, Diff: 0.1, Sum: 0.2]
         [Processed Buffers: Min: 0, Avg: 0.9, Max: 2, Diff: 2, Sum: 7]
      [Scan RS (ms): Min: 0.4, Avg: 0.4, Max: 0.5, Diff: 0.1, Sum: 3.5]
      [Code Root Scanning (ms): Min: 0.0, Avg: 0.0, Max: 0.0, Diff: 0.0, Sum: 0.1]
      [Object Copy (ms): Min: 41.9, Avg: 41.9, Max: 41.9, Diff: 0.0, Sum: 335.3]
      [Termination (ms): Min: 0.0, Avg: 0.0, Max: 0.0, Diff: 0.0, Sum: 0.0]
      [GC Worker Other (ms): Min: 0.0, Avg: 0.1, Max: 0.1, Diff: 0.1, Sum: 0.5]
      [GC Worker Total (ms): Min: 43.1, Avg: 43.1, Max: 43.2, Diff: 0.1, Sum: 345.0]
      [GC Worker End (ms): Min: 227903.1, Avg: 227903.2, Max: 227903.2, Diff: 0.1]
   [Code Root Fixup: 0.1 ms]
   [Code Root Migration: 0.1 ms]
   [Clear CT: 0.4 ms]
   [Other: 0.9 ms]
      [Choose CSet: 0.0 ms]
      [Ref Proc: 0.1 ms]
      [Ref Enq: 0.0 ms]
      [Free CSet: 0.7 ms]
   [Eden: 1021.0M(1021.0M)->0.0B(1019.0M) Survivors: 79.0M->82.0M Heap: 1622.1M(1934.0M)->603.6M(1934.0M)]
 [Times: user=0.35 sys=0.00, real=0.04 secs] 
227.905: Total time for which application threads were stopped: 0.0449160 seconds, Stopping threads took: 0.0000630 seconds
228.408: Application time: 0.5031640 seconds
228.408: [GC pause (young), 0.0474870 secs]
   [Parallel Time: 45.8 ms, GC Workers: 8]
      [GC Worker Start (ms): Min: 228408.1, Avg: 228408.1, Max: 228408.1, Diff: 0.1]
      [Ext Root Scanning (ms): Min: 0.6, Avg: 0.7, Max: 0.7, Diff: 0.1, Sum: 5.3]
      [Update RS (ms): Min: 0.0, Avg: 0.0, Max: 0.1, Diff: 0.1, Sum: 0.2]
         [Processed Buffers: Min: 0, Avg: 0.9, Max: 4, Diff: 4, Sum: 7]
      [Scan RS (ms): Min: 0.4, Avg: 0.4, Max: 0.5, Diff: 0.1, Sum: 3.4]
      [Code Root Scanning (ms): Min: 0.0, Avg: 0.0, Max: 0.0, Diff: 0.0, Sum: 0.1]
      [Object Copy (ms): Min: 44.5, Avg: 44.5, Max: 44.6, Diff: 0.1, Sum: 356.3]
      [Termination (ms): Min: 0.0, Avg: 0.0, Max: 0.0, Diff: 0.0, Sum: 0.0]
      [GC Worker Other (ms): Min: 0.0, Avg: 0.0, Max: 0.1, Diff: 0.0, Sum: 0.4]
      [GC Worker Total (ms): Min: 45.7, Avg: 45.7, Max: 45.8, Diff: 0.1, Sum: 365.7]
      [GC Worker End (ms): Min: 228453.8, Avg: 228453.8, Max: 228453.8, Diff: 0.0]
   [Code Root Fixup: 0.1 ms]
   [Code Root Migration: 0.1 ms]
   [Clear CT: 0.5 ms]
   [Other: 1.0 ms]
      [Choose CSet: 0.0 ms]
      [Ref Proc: 0.1 ms]
      [Ref Enq: 0.0 ms]
      [Free CSet: 0.8 ms]
   [Eden: 1019.0M(1019.0M)->0.0B(1015.0M) Survivors: 82.0M->87.0M Heap: 1622.6M(1934.0M)->609.1M(1934.0M)]
 [Times: user=0.37 sys=0.00, real=0.05 secs] 
228.456: Total time for which application threads were stopped: 0.0476650 seconds, Stopping threads took: 0.0000470 seconds
228.953: Application time: 0.4976010 seconds
228.953: [GC pause (young), 0.0395060 secs]
   [Parallel Time: 37.9 ms, GC Workers: 8]
      [GC Worker Start (ms): Min: 228953.4, Avg: 228953.4, Max: 228953.4, Diff: 0.1]
      [Ext Root Scanning (ms): Min: 0.7, Avg: 0.7, Max: 0.8, Diff: 0.1, Sum: 5.6]
      [Update RS (ms): Min: 0.0, Avg: 0.0, Max: 0.1, Diff: 0.1, Sum: 0.2]
         [Processed Buffers: Min: 0, Avg: 0.9, Max: 3, Diff: 3, Sum: 7]
      [Scan RS (ms): Min: 0.4, Avg: 0.4, Max: 0.5, Diff: 0.1, Sum: 3.6]
      [Code Root Scanning (ms): Min: 0.0, Avg: 0.0, Max: 0.0, Diff: 0.0, Sum: 0.1]
      [Object Copy (ms): Min: 36.6, Avg: 36.6, Max: 36.7, Diff: 0.1, Sum: 293.0]
      [Termination (ms): Min: 0.0, Avg: 0.0, Max: 0.0, Diff: 0.0, Sum: 0.0]
      [GC Worker Other (ms): Min: 0.0, Avg: 0.1, Max: 0.1, Diff: 0.0, Sum: 0.4]
      [GC Worker Total (ms): Min: 37.8, Avg: 37.9, Max: 37.9, Diff: 0.1, Sum: 302.8]
      [GC Worker End (ms): Min: 228991.2, Avg: 228991.2, Max: 228991.3, Diff: 0.0]
   [Code Root Fixup: 0.1 ms]
   [Code Root Migration: 0.1 ms]
   [Clear CT: 0.4 ms]
   [Other: 0.9 ms]
      [Choose CSet: 0.0 ms]
      [Ref Proc: 0.1 ms]
      [Ref Enq: 0.0 ms]
      [Free CSet: 0.7 ms]
   [Eden: 1015.0M(1015.0M)->0.0B(1031.0M) Survivors: 87.0M->75.0M Heap: 1624.1M(1934.0M)->596.6M(1934.0M)]
 [Times: user=0.31 sys=0.00, real=0.04 secs] 
228.993: Total time for which application threads were stopped: 0.0397000 seconds, Stopping threads took: 0.0000540 seconds
229.485: Application time: 0.4916270 seconds
229.485: [GC pause (young), 0.0477490 secs]
   [Parallel Time: 46.2 ms, GC Workers: 8]
      [GC Worker Start (ms): Min: 229484.7, Avg: 229484.7, Max: 229484.7, Diff: 0.1]
      [Ext Root Scanning (ms): Min: 0.7, Avg: 0.7, Max: 0.8, Diff: 0.1, Sum: 5.6]
      [Update RS (ms): Min: 0.0, Avg: 0.0, Max: 0.1, Diff: 0.1, Sum: 0.3]
         [Processed Buffers: Min: 0, Avg: 0.9, Max: 2, Diff: 2, Sum: 7]
      [Scan RS (ms): Min: 0.4, Avg: 0.4, Max: 0.5, Diff: 0.1, Sum: 3.5]
      [Code Root Scanning (ms): Min: 0.0, Avg: 0.0, Max: 0.0, Diff: 0.0, Sum: 0.1]
      [Object Copy (ms): Min: 44.8, Avg: 44.9, Max: 44.9, Diff: 0.1, Sum: 358.9]
      [Termination (ms): Min: 0.0, Avg: 0.0, Max: 0.0, Diff: 0.0, Sum: 0.0]
      [GC Worker Other (ms): Min: 0.0, Avg: 0.1, Max: 0.1, Diff: 0.0, Sum: 0.5]
      [GC Worker Total (ms): Min: 46.1, Avg: 46.1, Max: 46.2, Diff: 0.1, Sum: 368.9]
      [GC Worker End (ms): Min: 229530.8, Avg: 229530.8, Max: 229530.8, Diff: 0.0]
   [Code Root Fixup: 0.1 ms]
   [Code Root Migration: 0.1 ms]
   [Clear CT: 0.4 ms]
   [Other: 0.9 ms]
      [Choose CSet: 0.0 ms]
      [Ref Proc: 0.1 ms]
      [Ref Enq: 0.0 ms]
      [Free CSet: 0.7 ms]
   [Eden: 1031.0M(1031.0M)->0.0B(1010.0M) Survivors: 75.0M->92.0M Heap: 1627.6M(1934.0M)->614.2M(1934.0M)]
 [Times: user=0.38 sys=0.00, real=0.05 secs] 
229.532: Total time for which application threads were stopped: 0.0479260 seconds, Stopping threads took: 0.0000470 seconds
230.018: Application time: 0.4858850 seconds
230.018: [GC pause (young), 0.0592590 secs]
   [Parallel Time: 57.6 ms, GC Workers: 8]
      [GC Worker Start (ms): Min: 230018.5, Avg: 230018.5, Max: 230018.5, Diff: 0.1]
      [Ext Root Scanning (ms): Min: 0.6, Avg: 0.6, Max: 0.7, Diff: 0.1, Sum: 5.1]
      [Update RS (ms): Min: 0.0, Avg: 0.0, Max: 0.1, Diff: 0.1, Sum: 0.2]
         [Processed Buffers: Min: 0, Avg: 1.0, Max: 3, Diff: 3, Sum: 8]
      [Scan RS (ms): Min: 0.4, Avg: 0.4, Max: 0.5, Diff: 0.1, Sum: 3.5]
      [Code Root Scanning (ms): Min: 0.0, Avg: 0.0, Max: 0.0, Diff: 0.0, Sum: 0.1]
      [Object Copy (ms): Min: 56.3, Avg: 56.4, Max: 56.4, Diff: 0.1, Sum: 451.0]
      [Termination (ms): Min: 0.0, Avg: 0.0, Max: 0.0, Diff: 0.0, Sum: 0.0]
      [GC Worker Other (ms): Min: 0.0, Avg: 0.1, Max: 0.1, Diff: 0.0, Sum: 0.4]
      [GC Worker Total (ms): Min: 57.5, Avg: 57.5, Max: 57.6, Diff: 0.1, Sum: 460.4]
      [GC Worker End (ms): Min: 230076.0, Avg: 230076.1, Max: 230076.1, Diff: 0.0]
   [Code Root Fixup: 0.1 ms]
   [Code Root Migration: 0.1 ms]
   [Clear CT: 0.5 ms]
   [Other: 1.0 ms]
      [Choose CSet: 0.0 ms]
      [Ref Proc: 0.1 ms]
      [Ref Enq: 0.0 ms]
      [Free CSet: 0.8 ms]
   [Eden: 1010.0M(1010.0M)->0.0B(985.0M) Survivors: 92.0M->109.0M Heap: 1624.2M(1934.0M)->631.2M(1934.0M)]
 [Times: user=0.46 sys=0.00, real=0.06 secs] 
230.078: Total time for which application threads were stopped: 0.0594200 seconds, Stopping threads took: 0.0000360 seconds
230.563: Application time: 0.4849530 seconds
230.563: [GC pause (young), 0.0604130 secs]
   [Parallel Time: 58.8 ms, GC Workers: 8]
      [GC Worker Start (ms): Min: 230562.9, Avg: 230562.9, Max: 230562.9, Diff: 0.1]
      [Ext Root Scanning (ms): Min: 0.6, Avg: 0.7, Max: 0.7, Diff: 0.1, Sum: 5.3]
      [Update RS (ms): Min: 0.0, Avg: 0.0, Max: 0.1, Diff: 0.1, Sum: 0.2]
         [Processed Buffers: Min: 0, Avg: 1.0, Max: 5, Diff: 5, Sum: 8]
      [Scan RS (ms): Min: 0.4, Avg: 0.4, Max: 0.5, Diff: 0.1, Sum: 3.5]
      [Code Root Scanning (ms): Min: 0.0, Avg: 0.0, Max: 0.0, Diff: 0.0, Sum: 0.1]
      [Object Copy (ms): Min: 57.5, Avg: 57.6, Max: 57.6, Diff: 0.1, Sum: 460.5]
      [Termination (ms): Min: 0.0, Avg: 0.0, Max: 0.0, Diff: 0.0, Sum: 0.0]
      [GC Worker Other (ms): Min: 0.0, Avg: 0.0, Max: 0.1, Diff: 0.0, Sum: 0.4]
      [GC Worker Total (ms): Min: 58.7, Avg: 58.7, Max: 58.8, Diff: 0.1, Sum: 469.9]
      [GC Worker End (ms): Min: 230621.6, Avg: 230621.6, Max: 230621.7, Diff: 0.0]
   [Code Root Fixup: 0.1 ms]
   [Code Root Migration: 0.1 ms]
   [Clear CT: 0.5 ms]
   [Other: 0.9 ms]
      [Choose CSet: 0.0 ms]
      [Ref Proc: 0.1 ms]
      [Ref Enq: 0.0 ms]
      [Free CSet: 0.7 ms]
   [Eden: 985.0M(985.0M)->0.0B(978.0M) Survivors: 109.0M->110.0M Heap: 1616.2M(1934.0M)->631.7M(1934.0M)]
 [Times: user=0.47 sys=0.00, real=0.06 secs] 
230.623: Total time for which application threads were stopped: 0.0605950 seconds, Stopping threads took: 0.0000400 seconds
231.101: Application time: 0.4774060 seconds
231.101: [GC pause (young), 0.0575870 secs]
   [Parallel Time: 56.0 ms, GC Workers: 8]
      [GC Worker Start (ms): Min: 231100.9, Avg: 231101.0, Max: 231101.5, Diff: 0.7]
      [Ext Root Scanning (ms): Min: 0.2, Avg: 0.6, Max: 0.8, Diff: 0.5, Sum: 4.8]
      [Update RS (ms): Min: 0.0, Avg: 0.0, Max: 0.1, Diff: 0.1, Sum: 0.2]
         [Processed Buffers: Min: 0, Avg: 0.9, Max: 4, Diff: 4, Sum: 7]
      [Scan RS (ms): Min: 0.3, Avg: 0.4, Max: 0.5, Diff: 0.2, Sum: 3.2]
      [Code Root Scanning (ms): Min: 0.0, Avg: 0.0, Max: 0.0, Diff: 0.0, Sum: 0.1]
      [Object Copy (ms): Min: 54.6, Avg: 54.7, Max: 54.7, Diff: 0.1, Sum: 437.4]
      [Termination (ms): Min: 0.0, Avg: 0.0, Max: 0.0, Diff: 0.0, Sum: 0.0]
      [GC Worker Other (ms): Min: 0.0, Avg: 0.1, Max: 0.1, Diff: 0.0, Sum: 0.5]
      [GC Worker Total (ms): Min: 55.2, Avg: 55.8, Max: 55.9, Diff: 0.7, Sum: 446.2]
      [GC Worker End (ms): Min: 231156.7, Avg: 231156.8, Max: 231156.8, Diff: 0.1]
   [Code Root Fixup: 0.1 ms]
   [Code Root Migration: 0.1 ms]
   [Clear CT: 0.5 ms]
   [Other: 0.9 ms]
      [Choose CSet: 0.0 ms]
      [Ref Proc: 0.1 ms]
      [Ref Enq: 0.0 ms]
      [Free CSet: 0.7 ms]
   [Eden: 978.0M(978.0M)->0.0B(982.0M) Survivors: 110.0M->104.0M Heap: 1609.7M(1934.0M)->625.7M(1934.0M)]
 [Times: user=0.45 sys=0.00, real=0.06 secs] 
231.159: Total time for which application threads were stopped: 0.0577510 seconds, Stopping threads took: 0.0000350 seconds
231.643: Application time: 0.4841710 seconds
231.643: [GC pause (young), 0.0506810 secs]
   [Parallel Time: 49.1 ms, GC Workers: 8]
      [GC Worker Start (ms): Min: 231642.8, Avg: 231642.8, Max: 231642.9, Diff: 0.1]
      [Ext Root Scanning (ms): Min: 0.6, Avg: 0.6, Max: 0.7, Diff: 0.1, Sum: 5.1]
      [Update RS (ms): Min: 0.0, Avg: 0.0, Max: 0.1, Diff: 0.1, Sum: 0.2]
         [Processed Buffers: Min: 0, Avg: 0.9, Max: 2, Diff: 2, Sum: 7]
      [Scan RS (ms): Min: 0.4, Avg: 0.4, Max: 0.5, Diff: 0.1, Sum: 3.5]
      [Code Root Scanning (ms): Min: 0.0, Avg: 0.0, Max: 0.0, Diff: 0.0, Sum: 0.1]
      [Object Copy (ms): Min: 47.9, Avg: 47.9, Max: 47.9, Diff: 0.1, Sum: 383.1]
      [Termination (ms): Min: 0.0, Avg: 0.0, Max: 0.0, Diff: 0.0, Sum: 0.0]
      [GC Worker Other (ms): Min: 0.0, Avg: 0.1, Max: 0.1, Diff: 0.1, Sum: 0.5]
      [GC Worker Total (ms): Min: 49.0, Avg: 49.1, Max: 49.1, Diff: 0.1, Sum: 392.4]
      [GC Worker End (ms): Min: 231691.9, Avg: 231691.9, Max: 231691.9, Diff: 0.0]
   [Code Root Fixup: 0.1 ms]
   [Code Root Migration: 0.1 ms]
   [Clear CT: 0.4 ms]
   [Other: 0.9 ms]
      [Choose CSet: 0.0 ms]
      [Ref Proc: 0.1 ms]
      [Ref Enq: 0.0 ms]
      [Free CSet: 0.7 ms]
   [Eden: 982.0M(982.0M)->0.0B(998.0M) Survivors: 104.0M->90.0M Heap: 1607.7M(1934.0M)->612.2M(1934.0M)]
 [Times: user=0.40 sys=0.00, real=0.06 secs] 
231.694: Total time for which application threads were stopped: 0.0508700 seconds, Stopping threads took: 0.0000490 seconds
232.184: Application time: 0.4903950 seconds
232.184: [GC pause (young), 0.0496180 secs]
   [Parallel Time: 48.1 ms, GC Workers: 8]
      [GC Worker Start (ms): Min: 232184.1, Avg: 232184.3, Max: 232185.6, Diff: 1.5]
      [Ext Root Scanning (ms): Min: 0.0, Avg: 0.6, Max: 0.8, Diff: 0.8, Sum: 4.8]
      [Update RS (ms): Min: 0.0, Avg: 0.0, Max: 0.1, Diff: 0.1, Sum: 0.3]
         [Processed Buffers: Min: 0, Avg: 0.9, Max: 2, Diff: 2, Sum: 7]
      [Scan RS (ms): Min: 0.0, Avg: 0.4, Max: 0.5, Diff: 0.4, Sum: 3.0]
      [Code Root Scanning (ms): Min: 0.0, Avg: 0.0, Max: 0.0, Diff: 0.0, Sum: 0.0]
      [Object Copy (ms): Min: 46.4, Avg: 46.7, Max: 46.8, Diff: 0.4, Sum: 373.7]
      [Termination (ms): Min: 0.0, Avg: 0.0, Max: 0.0, Diff: 0.0, Sum: 0.0]
      [GC Worker Other (ms): Min: 0.0, Avg: 0.1, Max: 0.1, Diff: 0.1, Sum: 0.5]
      [GC Worker Total (ms): Min: 46.6, Avg: 47.8, Max: 48.0, Diff: 1.4, Sum: 382.3]
      [GC Worker End (ms): Min: 232232.0, Avg: 232232.1, Max: 232232.1, Diff: 0.1]
   [Code Root Fixup: 0.1 ms]
   [Code Root Migration: 0.1 ms]
   [Clear CT: 0.4 ms]
   [Other: 0.9 ms]
      [Choose CSet: 0.0 ms]
      [Ref Proc: 0.1 ms]
      [Ref Enq: 0.0 ms]
      [Free CSet: 0.7 ms]
   [Eden: 998.0M(998.0M)->0.0B(1001.0M) Survivors: 90.0M->89.0M Heap: 1610.2M(1934.0M)->610.7M(1934.0M)]
 [Times: user=0.38 sys=0.00, real=0.06 secs] 
232.234: Total time for which application threads were stopped: 0.0498050 seconds, Stopping threads took: 0.0000470 seconds
232.727: Application time: 0.4935540 seconds
232.727: [GC pause (young), 0.0493930 secs]
   [Parallel Time: 47.9 ms, GC Workers: 8]
      [GC Worker Start (ms): Min: 232727.4, Avg: 232727.5, Max: 232727.5, Diff: 0.1]
      [Ext Root Scanning (ms): Min: 0.6, Avg: 0.7, Max: 0.7, Diff: 0.1, Sum: 5.3]
      [Update RS (ms): Min: 0.0, Avg: 0.0, Max: 0.1, Diff: 0.1, Sum: 0.2]
         [Processed Buffers: Min: 0, Avg: 1.1, Max: 6, Diff: 6, Sum: 9]
      [Scan RS (ms): Min: 0.4, Avg: 0.4, Max: 0.5, Diff: 0.1, Sum: 3.5]
      [Code Root Scanning (ms): Min: 0.0, Avg: 0.0, Max: 0.0, Diff: 0.0, Sum: 0.1]
      [Object Copy (ms): Min: 46.6, Avg: 46.6, Max: 46.6, Diff: 0.0, Sum: 373.0]
      [Termination (ms): Min: 0.0, Avg: 0.0, Max: 0.0, Diff: 0.0, Sum: 0.0]
      [GC Worker Other (ms): Min: 0.0, Avg: 0.1, Max: 0.1, Diff: 0.1, Sum: 0.5]
      [GC Worker Total (ms): Min: 47.8, Avg: 47.8, Max: 47.9, Diff: 0.1, Sum: 382.6]
      [GC Worker End (ms): Min: 232775.2, Avg: 232775.3, Max: 232775.3, Diff: 0.1]
   [Code Root Fixup: 0.1 ms]
   [Code Root Migration: 0.1 ms]
   [Clear CT: 0.4 ms]
   [Other: 0.8 ms]
      [Choose CSet: 0.0 ms]
      [Ref Proc: 0.1 ms]
      [Ref Enq: 0.0 ms]
      [Free CSet: 0.7 ms]
   [Eden: 1001.0M(1001.0M)->0.0B(1005.0M) Survivors: 89.0M->87.0M Heap: 1611.7M(1934.0M)->609.2M(1934.0M)]
 [Times: user=0.39 sys=0.00, real=0.05 secs] 
232.777: Total time for which application threads were stopped: 0.0495550 seconds, Stopping threads took: 0.0000350 seconds
233.274: Application time: 0.4969710 seconds
233.274: [GC pause (young), 0.0450880 secs]
   [Parallel Time: 43.5 ms, GC Workers: 8]
      [GC Worker Start (ms): Min: 233274.0, Avg: 233274.0, Max: 233274.0, Diff: 0.1]
      [Ext Root Scanning (ms): Min: 0.6, Avg: 0.7, Max: 0.7, Diff: 0.1, Sum: 5.4]
      [Update RS (ms): Min: 0.0, Avg: 0.4, Max: 2.9, Diff: 2.9, Sum: 3.1]
         [Processed Buffers: Min: 0, Avg: 1.0, Max: 3, Diff: 3, Sum: 8]
      [Scan RS (ms): Min: 0.2, Avg: 0.4, Max: 0.5, Diff: 0.3, Sum: 3.1]
      [Code Root Scanning (ms): Min: 0.0, Avg: 0.0, Max: 0.0, Diff: 0.0, Sum: 0.0]
      [Object Copy (ms): Min: 39.6, Avg: 41.9, Max: 42.2, Diff: 2.6, Sum: 335.0]
      [Termination (ms): Min: 0.0, Avg: 0.0, Max: 0.0, Diff: 0.0, Sum: 0.0]
      [GC Worker Other (ms): Min: 0.0, Avg: 0.1, Max: 0.1, Diff: 0.0, Sum: 0.5]
      [GC Worker Total (ms): Min: 43.4, Avg: 43.4, Max: 43.4, Diff: 0.1, Sum: 347.2]
      [GC Worker End (ms): Min: 233317.4, Avg: 233317.4, Max: 233317.4, Diff: 0.0]
   [Code Root Fixup: 0.1 ms]
   [Code Root Migration: 0.1 ms]
   [Clear CT: 0.4 ms]
   [Other: 0.9 ms]
      [Choose CSet: 0.0 ms]
      [Ref Proc: 0.2 ms]
      [Ref Enq: 0.0 ms]
      [Free CSet: 0.7 ms]
   [Eden: 1005.0M(1005.0M)->0.0B(1018.0M) Survivors: 87.0M->79.0M Heap: 1614.2M(1934.0M)->600.7M(1934.0M)]
 [Times: user=0.35 sys=0.00, real=0.04 secs] 
233.319: Total time for which application threads were stopped: 0.0452790 seconds, Stopping threads took: 0.0000530 seconds
233.816: Application time: 0.4971800 seconds
233.816: [GC pause (young), 0.0407420 secs]
   [Parallel Time: 39.2 ms, GC Workers: 8]
      [GC Worker Start (ms): Min: 233816.4, Avg: 233816.4, Max: 233816.5, Diff: 0.1]
      [Ext Root Scanning (ms): Min: 0.6, Avg: 0.7, Max: 0.8, Diff: 0.2, Sum: 5.4]
      [Update RS (ms): Min: 0.0, Avg: 0.0, Max: 0.1, Diff: 0.1, Sum: 0.2]
         [Processed Buffers: Min: 0, Avg: 1.0, Max: 2, Diff: 2, Sum: 8]
      [Scan RS (ms): Min: 0.4, Avg: 0.4, Max: 0.5, Diff: 0.1, Sum: 3.5]
      [Code Root Scanning (ms): Min: 0.0, Avg: 0.0, Max: 0.0, Diff: 0.0, Sum: 0.0]
      [Object Copy (ms): Min: 37.9, Avg: 37.9, Max: 38.0, Diff: 0.0, Sum: 303.5]
      [Termination (ms): Min: 0.0, Avg: 0.0, Max: 0.0, Diff: 0.0, Sum: 0.0]
      [GC Worker Other (ms): Min: 0.0, Avg: 0.1, Max: 0.1, Diff: 0.0, Sum: 0.5]
      [GC Worker Total (ms): Min: 39.1, Avg: 39.1, Max: 39.2, Diff: 0.1, Sum: 313.2]
      [GC Worker End (ms): Min: 233855.6, Avg: 233855.6, Max: 233855.6, Diff: 0.0]
   [Code Root Fixup: 0.1 ms]
   [Code Root Migration: 0.1 ms]
   [Clear CT: 0.4 ms]
   [Other: 0.8 ms]
      [Choose CSet: 0.0 ms]
      [Ref Proc: 0.1 ms]
      [Ref Enq: 0.0 ms]
      [Free CSet: 0.7 ms]
   [Eden: 1018.0M(1018.0M)->0.0B(1027.0M) Survivors: 79.0M->75.0M Heap: 1618.7M(1934.0M)->596.7M(1934.0M)]
 [Times: user=0.32 sys=0.00, real=0.04 secs] 
233.857: Total time for which application threads were stopped: 0.0409190 seconds, Stopping threads took: 0.0000510 seconds
234.357: Application time: 0.4998060 seconds
234.357: [GC pause (young), 0.0395450 secs]
   [Parallel Time: 38.0 ms, GC Workers: 8]
      [GC Worker Start (ms): Min: 234357.2, Avg: 234357.2, Max: 234357.2, Diff: 0.1]
      [Ext Root Scanning (ms): Min: 0.7, Avg: 0.7, Max: 0.7, Diff: 0.1, Sum: 5.7]
      [Update RS (ms): Min: 0.0, Avg: 0.0, Max: 0.1, Diff: 0.1, Sum: 0.2]
         [Processed Buffers: Min: 0, Avg: 1.0, Max: 3, Diff: 3, Sum: 8]
      [Scan RS (ms): Min: 0.4, Avg: 0.4, Max: 0.5, Diff: 0.0, Sum: 3.5]
      [Code Root Scanning (ms): Min: 0.0, Avg: 0.0, Max: 0.0, Diff: 0.0, Sum: 0.1]
      [Object Copy (ms): Min: 35.9, Avg: 36.0, Max: 36.8, Diff: 0.8, Sum: 288.3]
      [Termination (ms): Min: 0.0, Avg: 0.7, Max: 0.8, Diff: 0.8, Sum: 5.8]
      [GC Worker Other (ms): Min: 0.0, Avg: 0.0, Max: 0.0, Diff: 0.0, Sum: 0.2]
      [GC Worker Total (ms): Min: 37.9, Avg: 38.0, Max: 38.0, Diff: 0.1, Sum: 303.7]
      [GC Worker End (ms): Min: 234395.1, Avg: 234395.2, Max: 234395.2, Diff: 0.0]
   [Code Root Fixup: 0.1 ms]
   [Code Root Migration: 0.1 ms]
   [Clear CT: 0.4 ms]
   [Other: 0.8 ms]
      [Choose CSet: 0.0 ms]
      [Ref Proc: 0.1 ms]
      [Ref Enq: 0.0 ms]
      [Free CSet: 0.7 ms]
   [Eden: 1027.0M(1027.0M)->0.0B(1033.0M) Survivors: 75.0M->73.0M Heap: 1623.7M(1934.0M)->594.7M(1934.0M)]
 [Times: user=0.31 sys=0.00, real=0.04 secs] 
234.397: Total time for which application threads were stopped: 0.0397360 seconds, Stopping threads took: 0.0000500 seconds
234.896: Application time: 0.4990790 seconds
234.896: [GC pause (young), 0.0468380 secs]
   [Parallel Time: 45.1 ms, GC Workers: 8]
      [GC Worker Start (ms): Min: 234896.0, Avg: 234896.0, Max: 234896.0, Diff: 0.1]
      [Ext Root Scanning (ms): Min: 0.6, Avg: 0.7, Max: 0.7, Diff: 0.1, Sum: 5.2]
      [Update RS (ms): Min: 0.0, Avg: 0.0, Max: 0.1, Diff: 0.1, Sum: 0.3]
         [Processed Buffers: Min: 0, Avg: 1.0, Max: 3, Diff: 3, Sum: 8]
      [Scan RS (ms): Min: 0.4, Avg: 0.4, Max: 0.5, Diff: 0.1, Sum: 3.6]
      [Code Root Scanning (ms): Min: 0.0, Avg: 0.0, Max: 0.0, Diff: 0.0, Sum: 0.1]
      [Object Copy (ms): Min: 43.8, Avg: 43.8, Max: 43.9, Diff: 0.1, Sum: 350.7]
      [Termination (ms): Min: 0.0, Avg: 0.0, Max: 0.0, Diff: 0.0, Sum: 0.0]
      [GC Worker Other (ms): Min: 0.0, Avg: 0.1, Max: 0.1, Diff: 0.0, Sum: 0.5]
      [GC Worker Total (ms): Min: 45.0, Avg: 45.0, Max: 45.1, Diff: 0.1, Sum: 360.3]
      [GC Worker End (ms): Min: 234941.0, Avg: 234941.0, Max: 234941.0, Diff: 0.0]
   [Code Root Fixup: 0.1 ms]
   [Code Root Migration: 0.1 ms]
   [Clear CT: 0.5 ms]
   [Other: 1.0 ms]
      [Choose CSet: 0.0 ms]
      [Ref Proc: 0.1 ms]
      [Ref Enq: 0.0 ms]
      [Free CSet: 0.8 ms]
   [Eden: 1033.0M(1033.0M)->0.0B(1017.0M) Survivors: 73.0M->87.0M Heap: 1627.7M(1934.0M)->609.2M(1934.0M)]
 [Times: user=0.36 sys=0.00, real=0.04 secs] 
234.943: Total time for which application threads were stopped: 0.0470090 seconds, Stopping threads took: 0.0000340 seconds
235.438: Application time: 0.4954700 seconds
235.438: [GC pause (young), 0.0509690 secs]
   [Parallel Time: 49.4 ms, GC Workers: 8]
      [GC Worker Start (ms): Min: 235438.5, Avg: 235438.5, Max: 235438.5, Diff: 0.1]
      [Ext Root Scanning (ms): Min: 0.6, Avg: 0.7, Max: 0.7, Diff: 0.1, Sum: 5.3]
      [Update RS (ms): Min: 0.0, Avg: 0.0, Max: 0.1, Diff: 0.1, Sum: 0.2]
         [Processed Buffers: Min: 0, Avg: 0.9, Max: 2, Diff: 2, Sum: 7]
      [Scan RS (ms): Min: 0.4, Avg: 0.4, Max: 0.5, Diff: 0.1, Sum: 3.4]
      [Code Root Scanning (ms): Min: 0.0, Avg: 0.0, Max: 0.0, Diff: 0.0, Sum: 0.1]
      [Object Copy (ms): Min: 48.1, Avg: 48.1, Max: 48.2, Diff: 0.1, Sum: 384.8]
      [Termination (ms): Min: 0.0, Avg: 0.0, Max: 0.0, Diff: 0.0, Sum: 0.0]
      [GC Worker Other (ms): Min: 0.0, Avg: 0.1, Max: 0.1, Diff: 0.0, Sum: 0.4]
      [GC Worker Total (ms): Min: 49.2, Avg: 49.3, Max: 49.3, Diff: 0.1, Sum: 394.2]
      [GC Worker End (ms): Min: 235487.8, Avg: 235487.8, Max: 235487.8, Diff: 0.0]
   [Code Root Fixup: 0.1 ms]
   [Code Root Migration: 0.1 ms]
   [Clear CT: 0.5 ms]
   [Other: 0.9 ms]
      [Choose CSet: 0.0 ms]
      [Ref Proc: 0.1 ms]
      [Ref Enq: 0.0 ms]
      [Free CSet: 0.7 ms]
   [Eden: 1017.0M(1017.0M)->0.0B(1004.0M) Survivors: 87.0M->96.0M Heap: 1626.2M(1934.0M)->617.7M(1934.0M)]
 [Times: user=0.40 sys=0.00, real=0.05 secs] 
235.490: Total time for which application threads were stopped: 0.0511730 seconds, Stopping threads took: 0.0000780 seconds
235.979: Application time: 0.4892600 seconds
235.979: [GC pause (young), 0.0526130 secs]
   [Parallel Time: 51.0 ms, GC Workers: 8]
      [GC Worker Start (ms): Min: 235978.9, Avg: 235978.9, Max: 235979.0, Diff: 0.1]
      [Ext Root Scanning (ms): Min: 0.6, Avg: 0.7, Max: 0.7, Diff: 0.1, Sum: 5.3]
      [Update RS (ms): Min: 0.0, Avg: 0.0, Max: 0.1, Diff: 0.1, Sum: 0.3]
         [Processed Buffers: Min: 0, Avg: 1.2, Max: 3, Diff: 3, Sum: 10]
      [Scan RS (ms): Min: 0.4, Avg: 0.5, Max: 0.5, Diff: 0.1, Sum: 3.6]
      [Code Root Scanning (ms): Min: 0.0, Avg: 0.0, Max: 0.0, Diff: 0.0, Sum: 0.1]
      [Object Copy (ms): Min: 49.6, Avg: 49.7, Max: 49.7, Diff: 0.1, Sum: 397.2]
      [Termination (ms): Min: 0.0, Avg: 0.1, Max: 0.1, Diff: 0.1, Sum: 0.4]
      [GC Worker Other (ms): Min: 0.0, Avg: 0.0, Max: 0.1, Diff: 0.0, Sum: 0.4]
      [GC Worker Total (ms): Min: 50.9, Avg: 50.9, Max: 50.9, Diff: 0.1, Sum: 407.2]
      [GC Worker End (ms): Min: 236029.8, Avg: 236029.8, Max: 236029.8, Diff: 0.0]
   [Code Root Fixup: 0.1 ms]
   [Code Root Migration: 0.1 ms]
   [Clear CT: 0.5 ms]
   [Other: 0.9 ms]
      [Choose CSet: 0.0 ms]
      [Ref Proc: 0.1 ms]
      [Ref Enq: 0.0 ms]
      [Free CSet: 0.7 ms]
   [Eden: 1004.0M(1004.0M)->0.0B(1001.0M) Survivors: 96.0M->96.0M Heap: 1621.7M(1934.0M)->618.2M(1934.0M)]
 [Times: user=0.41 sys=0.00, real=0.05 secs] 
236.032: Total time for which application threads were stopped: 0.0527730 seconds, Stopping threads took: 0.0000370 seconds
236.525: Application time: 0.4937810 seconds
236.525: [GC pause (young), 0.0507300 secs]
   [Parallel Time: 49.1 ms, GC Workers: 8]
      [GC Worker Start (ms): Min: 236525.5, Avg: 236525.5, Max: 236525.6, Diff: 0.1]
      [Ext Root Scanning (ms): Min: 0.7, Avg: 0.7, Max: 0.8, Diff: 0.1, Sum: 5.6]
      [Update RS (ms): Min: 0.0, Avg: 0.0, Max: 0.1, Diff: 0.1, Sum: 0.2]
         [Processed Buffers: Min: 0, Avg: 1.1, Max: 4, Diff: 4, Sum: 9]
      [Scan RS (ms): Min: 0.4, Avg: 0.4, Max: 0.5, Diff: 0.1, Sum: 3.5]
      [Code Root Scanning (ms): Min: 0.0, Avg: 0.0, Max: 0.0, Diff: 0.0, Sum: 0.1]
      [Object Copy (ms): Min: 47.8, Avg: 47.8, Max: 47.8, Diff: 0.0, Sum: 382.3]
      [Termination (ms): Min: 0.0, Avg: 0.0, Max: 0.0, Diff: 0.0, Sum: 0.0]
      [GC Worker Other (ms): Min: 0.0, Avg: 0.0, Max: 0.1, Diff: 0.0, Sum: 0.4]
      [GC Worker Total (ms): Min: 49.0, Avg: 49.0, Max: 49.0, Diff: 0.1, Sum: 392.0]
      [GC Worker End (ms): Min: 236574.5, Avg: 236574.5, Max: 236574.5, Diff: 0.0]
   [Code Root Fixup: 0.1 ms]
   [Code Root Migration: 0.1 ms]
   [Clear CT: 0.5 ms]
   [Other: 0.9 ms]
      [Choose CSet: 0.0 ms]
      [Ref Proc: 0.1 ms]
      [Ref Enq: 0.0 ms]
      [Free CSet: 0.7 ms]
   [Eden: 1001.0M(1001.0M)->0.0B(1001.0M) Survivors: 96.0M->95.0M Heap: 1619.2M(1934.0M)->616.7M(1934.0M)]
 [Times: user=0.40 sys=0.00, real=0.06 secs] 
236.576: Total time for which application threads were stopped: 0.0509450 seconds, Stopping threads took: 0.0000770 seconds
237.061: Application time: 0.4844870 seconds
237.061: [GC pause (young), 0.0520410 secs]
   [Parallel Time: 50.4 ms, GC Workers: 8]
      [GC Worker Start (ms): Min: 237060.9, Avg: 237060.9, Max: 237060.9, Diff: 0.1]
      [Ext Root Scanning (ms): Min: 0.6, Avg: 0.7, Max: 0.7, Diff: 0.1, Sum: 5.2]
      [Update RS (ms): Min: 0.0, Avg: 0.0, Max: 0.1, Diff: 0.1, Sum: 0.3]
         [Processed Buffers: Min: 0, Avg: 1.0, Max: 3, Diff: 3, Sum: 8]
      [Scan RS (ms): Min: 0.4, Avg: 0.4, Max: 0.4, Diff: 0.1, Sum: 3.3]
      [Code Root Scanning (ms): Min: 0.0, Avg: 0.0, Max: 0.0, Diff: 0.0, Sum: 0.1]
      [Object Copy (ms): Min: 49.1, Avg: 49.1, Max: 49.1, Diff: 0.0, Sum: 392.7]
      [Termination (ms): Min: 0.0, Avg: 0.0, Max: 0.0, Diff: 0.0, Sum: 0.0]
      [GC Worker Other (ms): Min: 0.0, Avg: 0.1, Max: 0.1, Diff: 0.1, Sum: 0.4]
      [GC Worker Total (ms): Min: 50.2, Avg: 50.3, Max: 50.3, Diff: 0.1, Sum: 402.0]
      [GC Worker End (ms): Min: 237111.1, Avg: 237111.2, Max: 237111.2, Diff: 0.1]
   [Code Root Fixup: 0.1 ms]
   [Code Root Migration: 0.1 ms]
   [Clear CT: 0.5 ms]
   [Other: 0.9 ms]
      [Choose CSet: 0.0 ms]
      [Ref Proc: 0.1 ms]
      [Ref Enq: 0.0 ms]
      [Free CSet: 0.7 ms]
   [Eden: 1001.0M(1001.0M)->0.0B(996.0M) Survivors: 95.0M->98.0M Heap: 1617.7M(1934.0M)->619.7M(1934.0M)]
 [Times: user=0.40 sys=0.00, real=0.05 secs] 
237.113: Total time for which application threads were stopped: 0.0521980 seconds, Stopping threads took: 0.0000310 seconds
237.602: Application time: 0.4890150 seconds
237.602: [GC pause (young), 0.0533180 secs]
   [Parallel Time: 51.8 ms, GC Workers: 8]
      [GC Worker Start (ms): Min: 237602.1, Avg: 237602.1, Max: 237602.2, Diff: 0.1]
      [Ext Root Scanning (ms): Min: 0.6, Avg: 0.7, Max: 0.8, Diff: 0.1, Sum: 5.5]
      [Update RS (ms): Min: 0.0, Avg: 0.0, Max: 0.1, Diff: 0.1, Sum: 0.3]
         [Processed Buffers: Min: 0, Avg: 1.0, Max: 3, Diff: 3, Sum: 8]
      [Scan RS (ms): Min: 0.4, Avg: 0.4, Max: 0.5, Diff: 0.1, Sum: 3.5]
      [Code Root Scanning (ms): Min: 0.0, Avg: 0.0, Max: 0.0, Diff: 0.0, Sum: 0.1]
      [Object Copy (ms): Min: 50.5, Avg: 50.5, Max: 50.6, Diff: 0.2, Sum: 404.1]
      [Termination (ms): Min: 0.0, Avg: 0.0, Max: 0.0, Diff: 0.0, Sum: 0.0]
      [GC Worker Other (ms): Min: 0.0, Avg: 0.0, Max: 0.1, Diff: 0.0, Sum: 0.4]
      [GC Worker Total (ms): Min: 51.7, Avg: 51.7, Max: 51.8, Diff: 0.1, Sum: 413.7]
      [GC Worker End (ms): Min: 237653.8, Avg: 237653.9, Max: 237653.9, Diff: 0.0]
   [Code Root Fixup: 0.1 ms]
   [Code Root Migration: 0.1 ms]
   [Clear CT: 0.4 ms]
   [Other: 0.9 ms]
      [Choose CSet: 0.0 ms]
      [Ref Proc: 0.1 ms]
      [Ref Enq: 0.0 ms]
      [Free CSet: 0.7 ms]
   [Eden: 996.0M(996.0M)->0.0B(997.0M) Survivors: 98.0M->96.0M Heap: 1615.7M(1934.0M)->617.8M(1934.0M)]
 [Times: user=0.41 sys=0.00, real=0.06 secs] 
237.655: Total time for which application threads were stopped: 0.0535100 seconds, Stopping threads took: 0.0000670 seconds
238.143: Application time: 0.4873770 seconds
238.143: [GC pause (young), 0.0518290 secs]
   [Parallel Time: 50.2 ms, GC Workers: 8]
      [GC Worker Start (ms): Min: 238143.0, Avg: 238143.0, Max: 238143.0, Diff: 0.1]
      [Ext Root Scanning (ms): Min: 0.6, Avg: 0.6, Max: 0.7, Diff: 0.1, Sum: 5.1]
      [Update RS (ms): Min: 0.0, Avg: 0.0, Max: 0.1, Diff: 0.1, Sum: 0.2]
         [Processed Buffers: Min: 0, Avg: 1.0, Max: 3, Diff: 3, Sum: 8]
      [Scan RS (ms): Min: 0.4, Avg: 0.4, Max: 0.4, Diff: 0.1, Sum: 3.3]
      [Code Root Scanning (ms): Min: 0.0, Avg: 0.0, Max: 0.0, Diff: 0.0, Sum: 0.1]
      [Object Copy (ms): Min: 49.0, Avg: 49.0, Max: 49.0, Diff: 0.1, Sum: 392.1]
      [Termination (ms): Min: 0.0, Avg: 0.0, Max: 0.0, Diff: 0.0, Sum: 0.0]
      [GC Worker Other (ms): Min: 0.0, Avg: 0.1, Max: 0.1, Diff: 0.0, Sum: 0.4]
      [GC Worker Total (ms): Min: 50.1, Avg: 50.2, Max: 50.2, Diff: 0.1, Sum: 401.3]
      [GC Worker End (ms): Min: 238193.2, Avg: 238193.2, Max: 238193.2, Diff: 0.0]
   [Code Root Fixup: 0.1 ms]
   [Code Root Migration: 0.1 ms]
   [Clear CT: 0.5 ms]
   [Other: 0.9 ms]
      [Choose CSet: 0.0 ms]
      [Ref Proc: 0.1 ms]
      [Ref Enq: 0.0 ms]
      [Free CSet: 0.7 ms]
   [Eden: 997.0M(997.0M)->0.0B(999.0M) Survivors: 96.0M->94.0M Heap: 1614.8M(1934.0M)->615.8M(1934.0M)]
 [Times: user=0.41 sys=0.00, real=0.06 secs] 
238.195: Total time for which application threads were stopped: 0.0520140 seconds, Stopping threads took: 0.0000490 seconds
238.683: Application time: 0.4886170 seconds
238.684: [GC pause (young), 0.0547570 secs]
   [Parallel Time: 53.1 ms, GC Workers: 8]
      [GC Worker Start (ms): Min: 238683.6, Avg: 238683.7, Max: 238683.7, Diff: 0.1]
      [Ext Root Scanning (ms): Min: 0.6, Avg: 0.7, Max: 0.7, Diff: 0.1, Sum: 5.3]
      [Update RS (ms): Min: 0.0, Avg: 0.0, Max: 0.1, Diff: 0.1, Sum: 0.2]
         [Processed Buffers: Min: 0, Avg: 1.0, Max: 4, Diff: 4, Sum: 8]
      [Scan RS (ms): Min: 0.4, Avg: 0.4, Max: 0.5, Diff: 0.1, Sum: 3.4]
      [Code Root Scanning (ms): Min: 0.0, Avg: 0.0, Max: 0.0, Diff: 0.0, Sum: 0.1]
      [Object Copy (ms): Min: 51.8, Avg: 51.8, Max: 51.9, Diff: 0.1, Sum: 414.6]
      [Termination (ms): Min: 0.0, Avg: 0.0, Max: 0.0, Diff: 0.0, Sum: 0.0]
      [GC Worker Other (ms): Min: 0.0, Avg: 0.1, Max: 0.1, Diff: 0.0, Sum: 0.5]
      [GC Worker Total (ms): Min: 53.0, Avg: 53.0, Max: 53.1, Diff: 0.1, Sum: 424.1]
      [GC Worker End (ms): Min: 238736.7, Avg: 238736.7, Max: 238736.7, Diff: 0.0]
   [Code Root Fixup: 0.1 ms]
   [Code Root Migration: 0.1 ms]
   [Clear CT: 0.5 ms]
   [Other: 1.0 ms]
      [Choose CSet: 0.0 ms]
      [Ref Proc: 0.1 ms]
      [Ref Enq: 0.0 ms]
      [Free CSet: 0.8 ms]
   [Eden: 999.0M(999.0M)->0.0B(996.0M) Survivors: 94.0M->96.0M Heap: 1614.8M(1934.0M)->618.3M(1934.0M)]
 [Times: user=0.43 sys=0.00, real=0.06 secs] 
238.738: Total time for which application threads were stopped: 0.0549540 seconds, Stopping threads took: 0.0000640 seconds
239.237: Application time: 0.4984830 seconds
239.237: [GC pause (young), 0.0476930 secs]
   [Parallel Time: 46.2 ms, GC Workers: 8]
      [GC Worker Start (ms): Min: 239237.1, Avg: 239237.1, Max: 239237.1, Diff: 0.1]
      [Ext Root Scanning (ms): Min: 0.6, Avg: 0.7, Max: 0.7, Diff: 0.1, Sum: 5.2]
      [Update RS (ms): Min: 0.0, Avg: 0.0, Max: 0.1, Diff: 0.1, Sum: 0.2]
         [Processed Buffers: Min: 0, Avg: 1.0, Max: 3, Diff: 3, Sum: 8]
      [Scan RS (ms): Min: 0.3, Avg: 0.4, Max: 0.5, Diff: 0.1, Sum: 3.4]
      [Code Root Scanning (ms): Min: 0.0, Avg: 0.0, Max: 0.0, Diff: 0.0, Sum: 0.1]
      [Object Copy (ms): Min: 44.9, Avg: 45.0, Max: 45.0, Diff: 0.1, Sum: 359.8]
      [Termination (ms): Min: 0.0, Avg: 0.0, Max: 0.0, Diff: 0.0, Sum: 0.0]
      [GC Worker Other (ms): Min: 0.0, Avg: 0.1, Max: 0.1, Diff: 0.0, Sum: 0.5]
      [GC Worker Total (ms): Min: 46.1, Avg: 46.1, Max: 46.2, Diff: 0.1, Sum: 369.2]
      [GC Worker End (ms): Min: 239283.2, Avg: 239283.2, Max: 239283.3, Diff: 0.0]
   [Code Root Fixup: 0.1 ms]
   [Code Root Migration: 0.1 ms]
   [Clear CT: 0.4 ms]
   [Other: 0.8 ms]
      [Choose CSet: 0.0 ms]
      [Ref Proc: 0.1 ms]
      [Ref Enq: 0.0 ms]
      [Free CSet: 0.7 ms]
   [Eden: 996.0M(996.0M)->0.0B(1011.0M) Survivors: 96.0M->84.0M Heap: 1614.3M(1934.0M)->606.3M(1934.0M)]
 [Times: user=0.37 sys=0.00, real=0.04 secs] 
239.285: Total time for which application threads were stopped: 0.0478800 seconds, Stopping threads took: 0.0000500 seconds
239.780: Application time: 0.4950390 seconds
239.780: [GC pause (young), 0.0442610 secs]
   [Parallel Time: 42.7 ms, GC Workers: 8]
      [GC Worker Start (ms): Min: 239780.0, Avg: 239780.0, Max: 239780.1, Diff: 0.1]
      [Ext Root Scanning (ms): Min: 0.6, Avg: 0.7, Max: 0.7, Diff: 0.1, Sum: 5.4]
      [Update RS (ms): Min: 0.0, Avg: 0.0, Max: 0.1, Diff: 0.1, Sum: 0.3]
         [Processed Buffers: Min: 0, Avg: 0.9, Max: 3, Diff: 3, Sum: 7]
      [Scan RS (ms): Min: 0.3, Avg: 0.4, Max: 0.5, Diff: 0.2, Sum: 3.5]
      [Code Root Scanning (ms): Min: 0.0, Avg: 0.0, Max: 0.0, Diff: 0.0, Sum: 0.1]
      [Object Copy (ms): Min: 41.3, Avg: 41.4, Max: 41.5, Diff: 0.2, Sum: 331.0]
      [Termination (ms): Min: 0.0, Avg: 0.0, Max: 0.0, Diff: 0.0, Sum: 0.0]
      [GC Worker Other (ms): Min: 0.0, Avg: 0.1, Max: 0.1, Diff: 0.1, Sum: 0.5]
      [GC Worker Total (ms): Min: 42.5, Avg: 42.6, Max: 42.6, Diff: 0.1, Sum: 340.7]
      [GC Worker End (ms): Min: 239822.6, Avg: 239822.6, Max: 239822.6, Diff: 0.1]
   [Code Root Fixup: 0.1 ms]
   [Code Root Migration: 0.1 ms]
   [Clear CT: 0.4 ms]
   [Other: 0.9 ms]
      [Choose CSet: 0.0 ms]
      [Ref Proc: 0.1 ms]
      [Ref Enq: 0.0 ms]
      [Free CSet: 0.7 ms]
   [Eden: 1011.0M(1011.0M)->0.0B(1019.0M) Survivors: 84.0M->80.0M Heap: 1617.3M(1934.0M)->602.3M(1934.0M)]
 [Times: user=0.34 sys=0.00, real=0.04 secs] 
239.824: Total time for which application threads were stopped: 0.0444350 seconds, Stopping threads took: 0.0000400 seconds
240.320: Application time: 0.4956350 seconds
240.320: [GC pause (young), 0.0447490 secs]
   [Parallel Time: 43.2 ms, GC Workers: 8]
      [GC Worker Start (ms): Min: 240320.1, Avg: 240320.1, Max: 240320.1, Diff: 0.1]
      [Ext Root Scanning (ms): Min: 0.6, Avg: 0.7, Max: 0.7, Diff: 0.1, Sum: 5.2]
      [Update RS (ms): Min: 0.0, Avg: 0.0, Max: 0.1, Diff: 0.1, Sum: 0.2]
         [Processed Buffers: Min: 0, Avg: 0.9, Max: 3, Diff: 3, Sum: 7]
      [Scan RS (ms): Min: 0.4, Avg: 0.4, Max: 0.5, Diff: 0.1, Sum: 3.4]
      [Code Root Scanning (ms): Min: 0.0, Avg: 0.0, Max: 0.0, Diff: 0.0, Sum: 0.1]
      [Object Copy (ms): Min: 41.9, Avg: 41.9, Max: 42.0, Diff: 0.0, Sum: 335.6]
      [Termination (ms): Min: 0.0, Avg: 0.0, Max: 0.0, Diff: 0.0, Sum: 0.0]
      [GC Worker Other (ms): Min: 0.0, Avg: 0.1, Max: 0.1, Diff: 0.1, Sum: 0.5]
      [GC Worker Total (ms): Min: 43.1, Avg: 43.1, Max: 43.2, Diff: 0.1, Sum: 345.0]
      [GC Worker End (ms): Min: 240363.2, Avg: 240363.2, Max: 240363.2, Diff: 0.1]
   [Code Root Fixup: 0.1 ms]
   [Code Root Migration: 0.1 ms]
   [Clear CT: 0.4 ms]
   [Other: 0.9 ms]
      [Choose CSet: 0.0 ms]
      [Ref Proc: 0.1 ms]
      [Ref Enq: 0.0 ms]
      [Free CSet: 0.7 ms]
   [Eden: 1019.0M(1019.0M)->0.0B(1020.0M) Survivors: 80.0M->81.0M Heap: 1621.3M(1934.0M)->602.8M(1934.0M)]
 [Times: user=0.35 sys=0.00, real=0.04 secs] 
240.365: Total time for which application threads were stopped: 0.0449260 seconds, Stopping threads took: 0.0000490 seconds
240.867: Application time: 0.5019340 seconds
240.867: [GC pause (young), 0.0477450 secs]
   [Parallel Time: 46.2 ms, GC Workers: 8]
      [GC Worker Start (ms): Min: 240866.9, Avg: 240867.0, Max: 240867.0, Diff: 0.1]
      [Ext Root Scanning (ms): Min: 0.6, Avg: 0.6, Max: 0.7, Diff: 0.1, Sum: 5.1]
      [Update RS (ms): Min: 0.0, Avg: 0.0, Max: 0.1, Diff: 0.1, Sum: 0.2]
         [Processed Buffers: Min: 0, Avg: 0.9, Max: 2, Diff: 2, Sum: 7]
      [Scan RS (ms): Min: 0.4, Avg: 0.4, Max: 0.4, Diff: 0.1, Sum: 3.3]
      [Code Root Scanning (ms): Min: 0.0, Avg: 0.0, Max: 0.0, Diff: 0.0, Sum: 0.1]
      [Object Copy (ms): Min: 45.0, Avg: 45.0, Max: 45.0, Diff: 0.0, Sum: 359.9]
      [Termination (ms): Min: 0.0, Avg: 0.0, Max: 0.0, Diff: 0.0, Sum: 0.0]
      [GC Worker Other (ms): Min: 0.0, Avg: 0.1, Max: 0.1, Diff: 0.1, Sum: 0.6]
      [GC Worker Total (ms): Min: 46.1, Avg: 46.2, Max: 46.2, Diff: 0.1, Sum: 369.2]
      [GC Worker End (ms): Min: 240913.1, Avg: 240913.1, Max: 240913.1, Diff: 0.1]
   [Code Root Fixup: 0.1 ms]
   [Code Root Migration: 0.1 ms]
   [Clear CT: 0.4 ms]
   [Other: 0.8 ms]
      [Choose CSet: 0.0 ms]
      [Ref Proc: 0.1 ms]
      [Ref Enq: 0.0 ms]
      [Free CSet: 0.7 ms]
   [Eden: 1020.0M(1020.0M)->0.0B(1014.0M) Survivors: 81.0M->87.0M Heap: 1622.8M(1934.0M)->609.3M(1934.0M)]
 [Times: user=0.37 sys=0.00, real=0.05 secs] 
240.915: Total time for which application threads were stopped: 0.0479310 seconds, Stopping threads took: 0.0000500 seconds
241.412: Application time: 0.4976730 seconds
241.413: [GC pause (young), 0.0484720 secs]
   [Parallel Time: 47.0 ms, GC Workers: 8]
      [GC Worker Start (ms): Min: 241412.5, Avg: 241412.6, Max: 241412.6, Diff: 0.1]
      [Ext Root Scanning (ms): Min: 0.6, Avg: 0.7, Max: 0.7, Diff: 0.1, Sum: 5.2]
      [Update RS (ms): Min: 0.0, Avg: 0.0, Max: 0.1, Diff: 0.1, Sum: 0.2]
         [Processed Buffers: Min: 0, Avg: 1.0, Max: 5, Diff: 5, Sum: 8]
      [Scan RS (ms): Min: 0.4, Avg: 0.5, Max: 0.5, Diff: 0.1, Sum: 3.6]
      [Code Root Scanning (ms): Min: 0.0, Avg: 0.0, Max: 0.0, Diff: 0.0, Sum: 0.1]
      [Object Copy (ms): Min: 45.6, Avg: 45.7, Max: 45.7, Diff: 0.1, Sum: 365.5]
      [Termination (ms): Min: 0.0, Avg: 0.0, Max: 0.0, Diff: 0.0, Sum: 0.0]
      [GC Worker Other (ms): Min: 0.0, Avg: 0.1, Max: 0.1, Diff: 0.0, Sum: 0.4]
      [GC Worker Total (ms): Min: 46.8, Avg: 46.9, Max: 46.9, Diff: 0.1, Sum: 375.1]
      [GC Worker End (ms): Min: 241459.4, Avg: 241459.5, Max: 241459.5, Diff: 0.0]
   [Code Root Fixup: 0.1 ms]
   [Code Root Migration: 0.1 ms]
   [Clear CT: 0.4 ms]
   [Other: 0.8 ms]
      [Choose CSet: 0.0 ms]
      [Ref Proc: 0.1 ms]
      [Ref Enq: 0.0 ms]
      [Free CSet: 0.7 ms]
   [Eden: 1014.0M(1014.0M)->0.0B(1013.0M) Survivors: 87.0M->89.0M Heap: 1623.3M(1934.0M)->611.3M(1934.0M)]
 [Times: user=0.38 sys=0.00, real=0.05 secs] 
241.461: Total time for which application threads were stopped: 0.0486550 seconds, Stopping threads took: 0.0000540 seconds
241.960: Application time: 0.4990710 seconds
241.960: [GC pause (young), 0.0486370 secs]
   [Parallel Time: 46.9 ms, GC Workers: 8]
      [GC Worker Start (ms): Min: 241960.3, Avg: 241960.3, Max: 241960.3, Diff: 0.1]
      [Ext Root Scanning (ms): Min: 0.6, Avg: 0.7, Max: 0.7, Diff: 0.1, Sum: 5.3]
      [Update RS (ms): Min: 0.0, Avg: 0.0, Max: 0.1, Diff: 0.1, Sum: 0.2]
         [Processed Buffers: Min: 0, Avg: 0.8, Max: 2, Diff: 2, Sum: 6]
      [Scan RS (ms): Min: 0.4, Avg: 0.5, Max: 0.5, Diff: 0.1, Sum: 3.7]
      [Code Root Scanning (ms): Min: 0.0, Avg: 0.0, Max: 0.0, Diff: 0.0, Sum: 0.1]
      [Object Copy (ms): Min: 45.6, Avg: 45.6, Max: 45.7, Diff: 0.2, Sum: 364.9]
      [Termination (ms): Min: 0.0, Avg: 0.0, Max: 0.0, Diff: 0.0, Sum: 0.1]
      [GC Worker Other (ms): Min: 0.0, Avg: 0.0, Max: 0.1, Diff: 0.0, Sum: 0.3]
      [GC Worker Total (ms): Min: 46.8, Avg: 46.8, Max: 46.9, Diff: 0.1, Sum: 374.7]
      [GC Worker End (ms): Min: 242007.1, Avg: 242007.1, Max: 242007.1, Diff: 0.0]
   [Code Root Fixup: 0.1 ms]
   [Code Root Migration: 0.1 ms]
   [Clear CT: 0.5 ms]
   [Other: 1.0 ms]
      [Choose CSet: 0.0 ms]
      [Ref Proc: 0.1 ms]
      [Ref Enq: 0.0 ms]
      [Free CSet: 0.8 ms]
   [Eden: 1013.0M(1013.0M)->0.0B(1015.0M) Survivors: 89.0M->87.0M Heap: 1624.3M(1934.0M)->609.3M(1934.0M)]
 [Times: user=0.38 sys=0.00, real=0.05 secs] 
242.009: Total time for which application threads were stopped: 0.0488050 seconds, Stopping threads took: 0.0000410 seconds
242.505: Application time: 0.4962360 seconds
242.505: [GC pause (young), 0.0481580 secs]
   [Parallel Time: 46.5 ms, GC Workers: 8]
      [GC Worker Start (ms): Min: 242505.3, Avg: 242505.4, Max: 242505.5, Diff: 0.2]
      [Ext Root Scanning (ms): Min: 0.5, Avg: 0.7, Max: 0.7, Diff: 0.3, Sum: 5.3]
      [Update RS (ms): Min: 0.0, Avg: 0.0, Max: 0.1, Diff: 0.1, Sum: 0.2]
         [Processed Buffers: Min: 0, Avg: 1.4, Max: 3, Diff: 3, Sum: 11]
      [Scan RS (ms): Min: 0.4, Avg: 0.4, Max: 0.5, Diff: 0.1, Sum: 3.4]
      [Code Root Scanning (ms): Min: 0.0, Avg: 0.0, Max: 0.0, Diff: 0.0, Sum: 0.1]
      [Object Copy (ms): Min: 45.2, Avg: 45.3, Max: 45.3, Diff: 0.0, Sum: 362.0]
      [Termination (ms): Min: 0.0, Avg: 0.0, Max: 0.0, Diff: 0.0, Sum: 0.1]
      [GC Worker Other (ms): Min: 0.0, Avg: 0.1, Max: 0.1, Diff: 0.0, Sum: 0.5]
      [GC Worker Total (ms): Min: 46.3, Avg: 46.4, Max: 46.5, Diff: 0.2, Sum: 371.6]
      [GC Worker End (ms): Min: 242551.8, Avg: 242551.8, Max: 242551.8, Diff: 0.0]
   [Code Root Fixup: 0.1 ms]
   [Code Root Migration: 0.1 ms]
   [Clear CT: 0.5 ms]
   [Other: 0.9 ms]
      [Choose CSet: 0.0 ms]
      [Ref Proc: 0.1 ms]
      [Ref Enq: 0.0 ms]
      [Free CSet: 0.7 ms]
   [Eden: 1015.0M(1015.0M)->0.0B(1013.0M) Survivors: 87.0M->89.0M Heap: 1624.3M(1934.0M)->610.8M(1934.0M)]
 [Times: user=0.38 sys=0.00, real=0.05 secs] 
242.554: Total time for which application threads were stopped: 0.0483440 seconds, Stopping threads took: 0.0000360 seconds
243.046: Application time: 0.4924780 seconds
243.046: [GC pause (young), 0.0442710 secs]
   [Parallel Time: 42.6 ms, GC Workers: 8]
      [GC Worker Start (ms): Min: 243046.1, Avg: 243046.2, Max: 243046.2, Diff: 0.1]
      [Ext Root Scanning (ms): Min: 0.6, Avg: 0.7, Max: 0.7, Diff: 0.1, Sum: 5.3]
      [Update RS (ms): Min: 0.0, Avg: 0.0, Max: 0.1, Diff: 0.1, Sum: 0.3]
         [Processed Buffers: Min: 0, Avg: 1.0, Max: 3, Diff: 3, Sum: 8]
      [Scan RS (ms): Min: 0.4, Avg: 0.4, Max: 0.5, Diff: 0.1, Sum: 3.5]
      [Code Root Scanning (ms): Min: 0.0, Avg: 0.0, Max: 0.0, Diff: 0.0, Sum: 0.1]
      [Object Copy (ms): Min: 41.3, Avg: 41.3, Max: 41.4, Diff: 0.1, Sum: 330.6]
      [Termination (ms): Min: 0.0, Avg: 0.0, Max: 0.0, Diff: 0.0, Sum: 0.0]
      [GC Worker Other (ms): Min: 0.0, Avg: 0.1, Max: 0.1, Diff: 0.0, Sum: 0.5]
      [GC Worker Total (ms): Min: 42.5, Avg: 42.5, Max: 42.6, Diff: 0.1, Sum: 340.2]
      [GC Worker End (ms): Min: 243088.7, Avg: 243088.7, Max: 243088.7, Diff: 0.0]
   [Code Root Fixup: 0.1 ms]
   [Code Root Migration: 0.2 ms]
   [Clear CT: 0.4 ms]
   [Other: 1.0 ms]
      [Choose CSet: 0.0 ms]
      [Ref Proc: 0.1 ms]
      [Ref Enq: 0.0 ms]
      [Free CSet: 0.8 ms]
   [Eden: 1013.0M(1013.0M)->0.0B(1023.0M) Survivors: 89.0M->81.0M Heap: 1623.8M(1934.0M)->602.8M(1934.0M)]
 [Times: user=0.35 sys=0.00, real=0.04 secs] 
243.090: Total time for which application threads were stopped: 0.0444630 seconds, Stopping threads took: 0.0000650 seconds
243.587: Application time: 0.4969580 seconds
243.588: [GC pause (young), 0.0517010 secs]
   [Parallel Time: 50.0 ms, GC Workers: 8]
      [GC Worker Start (ms): Min: 243587.6, Avg: 243587.6, Max: 243587.6, Diff: 0.1]
      [Ext Root Scanning (ms): Min: 0.6, Avg: 0.7, Max: 0.7, Diff: 0.1, Sum: 5.5]
      [Update RS (ms): Min: 0.0, Avg: 0.0, Max: 0.1, Diff: 0.1, Sum: 0.2]
         [Processed Buffers: Min: 0, Avg: 1.0, Max: 3, Diff: 3, Sum: 8]
      [Scan RS (ms): Min: 0.4, Avg: 0.4, Max: 0.5, Diff: 0.1, Sum: 3.4]
      [Code Root Scanning (ms): Min: 0.0, Avg: 0.0, Max: 0.0, Diff: 0.0, Sum: 0.1]
      [Object Copy (ms): Min: 48.6, Avg: 48.7, Max: 48.7, Diff: 0.0, Sum: 389.2]
      [Termination (ms): Min: 0.0, Avg: 0.0, Max: 0.0, Diff: 0.0, Sum: 0.0]
      [GC Worker Other (ms): Min: 0.0, Avg: 0.1, Max: 0.1, Diff: 0.0, Sum: 0.5]
      [GC Worker Total (ms): Min: 49.8, Avg: 49.9, Max: 49.9, Diff: 0.1, Sum: 398.9]
      [GC Worker End (ms): Min: 243637.4, Avg: 243637.5, Max: 243637.5, Diff: 0.0]
   [Code Root Fixup: 0.1 ms]
   [Code Root Migration: 0.1 ms]
   [Clear CT: 0.5 ms]
   [Other: 1.0 ms]
      [Choose CSet: 0.0 ms]
      [Ref Proc: 0.1 ms]
      [Ref Enq: 0.0 ms]
      [Free CSet: 0.8 ms]
   [Eden: 1023.0M(1023.0M)->0.0B(1007.0M) Survivors: 81.0M->94.0M Heap: 1625.8M(1934.0M)->615.8M(1934.0M)]
 [Times: user=0.40 sys=0.00, real=0.05 secs] 
243.639: Total time for which application threads were stopped: 0.0518910 seconds, Stopping threads took: 0.0000620 seconds
244.129: Application time: 0.4900050 seconds
244.129: [GC pause (young), 0.0549220 secs]
   [Parallel Time: 53.3 ms, GC Workers: 8]
      [GC Worker Start (ms): Min: 244129.5, Avg: 244129.5, Max: 244129.5, Diff: 0.0]
      [Ext Root Scanning (ms): Min: 0.6, Avg: 0.7, Max: 0.7, Diff: 0.1, Sum: 5.2]
      [Update RS (ms): Min: 0.0, Avg: 0.0, Max: 0.1, Diff: 0.1, Sum: 0.2]
         [Processed Buffers: Min: 0, Avg: 1.0, Max: 3, Diff: 3, Sum: 8]
      [Scan RS (ms): Min: 0.4, Avg: 0.4, Max: 0.5, Diff: 0.1, Sum: 3.4]
      [Code Root Scanning (ms): Min: 0.0, Avg: 0.0, Max: 0.0, Diff: 0.0, Sum: 0.1]
      [Object Copy (ms): Min: 52.1, Avg: 52.1, Max: 52.1, Diff: 0.0, Sum: 416.8]
      [Termination (ms): Min: 0.0, Avg: 0.0, Max: 0.0, Diff: 0.0, Sum: 0.0]
      [GC Worker Other (ms): Min: 0.0, Avg: 0.1, Max: 0.1, Diff: 0.0, Sum: 0.4]
      [GC Worker Total (ms): Min: 53.2, Avg: 53.3, Max: 53.3, Diff: 0.1, Sum: 426.1]
      [GC Worker End (ms): Min: 244182.7, Avg: 244182.7, Max: 244182.8, Diff: 0.0]
   [Code Root Fixup: 0.1 ms]
   [Code Root Migration: 0.1 ms]
   [Clear CT: 0.4 ms]
   [Other: 0.9 ms]
      [Choose CSet: 0.0 ms]
      [Ref Proc: 0.1 ms]
      [Ref Enq: 0.0 ms]
      [Free CSet: 0.7 ms]
   [Eden: 1007.0M(1007.0M)->0.0B(998.0M) Survivors: 94.0M->100.0M Heap: 1622.8M(1934.0M)->622.3M(1934.0M)]
 [Times: user=0.43 sys=0.00, real=0.05 secs] 
244.184: Total time for which application threads were stopped: 0.0551090 seconds, Stopping threads took: 0.0000550 seconds
244.682: Application time: 0.4972170 seconds
244.682: [GC pause (young), 0.0550850 secs]
   [Parallel Time: 53.3 ms, GC Workers: 8]
      [GC Worker Start (ms): Min: 244681.8, Avg: 244681.8, Max: 244681.9, Diff: 0.1]
      [Ext Root Scanning (ms): Min: 0.6, Avg: 0.7, Max: 0.7, Diff: 0.1, Sum: 5.3]
      [Update RS (ms): Min: 0.0, Avg: 0.0, Max: 0.1, Diff: 0.1, Sum: 0.2]
         [Processed Buffers: Min: 0, Avg: 1.0, Max: 5, Diff: 5, Sum: 8]
      [Scan RS (ms): Min: 0.4, Avg: 0.4, Max: 0.5, Diff: 0.1, Sum: 3.5]
      [Code Root Scanning (ms): Min: 0.0, Avg: 0.0, Max: 0.0, Diff: 0.0, Sum: 0.1]
      [Object Copy (ms): Min: 51.9, Avg: 51.9, Max: 52.0, Diff: 0.1, Sum: 415.4]
      [Termination (ms): Min: 0.0, Avg: 0.0, Max: 0.0, Diff: 0.0, Sum: 0.0]
      [GC Worker Other (ms): Min: 0.0, Avg: 0.1, Max: 0.1, Diff: 0.1, Sum: 0.5]
      [GC Worker Total (ms): Min: 53.1, Avg: 53.1, Max: 53.2, Diff: 0.1, Sum: 425.1]
      [GC Worker End (ms): Min: 244734.9, Avg: 244735.0, Max: 244735.0, Diff: 0.1]
   [Code Root Fixup: 0.1 ms]
   [Code Root Migration: 0.1 ms]
   [Clear CT: 0.5 ms]
   [Other: 1.1 ms]
      [Choose CSet: 0.0 ms]
      [Ref Proc: 0.2 ms]
      [Ref Enq: 0.0 ms]
      [Free CSet: 0.8 ms]
   [Eden: 998.0M(998.0M)->0.0B(1001.0M) Survivors: 100.0M->96.0M Heap: 1620.3M(1934.0M)->617.9M(1934.0M)]
 [Times: user=0.43 sys=0.00, real=0.06 secs] 
244.737: Total time for which application threads were stopped: 0.0552730 seconds, Stopping threads took: 0.0000580 seconds
245.241: Application time: 0.5039450 seconds
245.241: [GC pause (young), 0.0478320 secs]
   [Parallel Time: 46.4 ms, GC Workers: 8]
      [GC Worker Start (ms): Min: 245241.0, Avg: 245241.0, Max: 245241.1, Diff: 0.1]
      [Ext Root Scanning (ms): Min: 0.6, Avg: 0.6, Max: 0.7, Diff: 0.1, Sum: 5.2]
      [Update RS (ms): Min: 0.0, Avg: 0.0, Max: 0.1, Diff: 0.1, Sum: 0.2]
         [Processed Buffers: Min: 0, Avg: 0.9, Max: 2, Diff: 2, Sum: 7]
      [Scan RS (ms): Min: 0.4, Avg: 0.4, Max: 0.4, Diff: 0.1, Sum: 3.4]
      [Code Root Scanning (ms): Min: 0.0, Avg: 0.0, Max: 0.0, Diff: 0.0, Sum: 0.1]
      [Object Copy (ms): Min: 45.1, Avg: 45.1, Max: 45.1, Diff: 0.0, Sum: 360.9]
      [Termination (ms): Min: 0.0, Avg: 0.0, Max: 0.0, Diff: 0.0, Sum: 0.0]
      [GC Worker Other (ms): Min: 0.0, Avg: 0.1, Max: 0.1, Diff: 0.0, Sum: 0.5]
      [GC Worker Total (ms): Min: 46.2, Avg: 46.3, Max: 46.3, Diff: 0.1, Sum: 370.2]
      [GC Worker End (ms): Min: 245287.3, Avg: 245287.3, Max: 245287.3, Diff: 0.0]
   [Code Root Fixup: 0.1 ms]
   [Code Root Migration: 0.1 ms]
   [Clear CT: 0.4 ms]
   [Other: 0.9 ms]
      [Choose CSet: 0.0 ms]
      [Ref Proc: 0.1 ms]
      [Ref Enq: 0.0 ms]
      [Free CSet: 0.7 ms]
   [Eden: 1001.0M(1001.0M)->0.0B(1016.0M) Survivors: 96.0M->84.0M Heap: 1618.9M(1934.0M)->606.4M(1934.0M)]
 [Times: user=0.37 sys=0.00, real=0.05 secs] 
245.289: Total time for which application threads were stopped: 0.0480070 seconds, Stopping threads took: 0.0000380 seconds
245.792: Application time: 0.5029520 seconds
245.792: [GC pause (young), 0.0319460 secs]
   [Parallel Time: 30.3 ms, GC Workers: 8]
      [GC Worker Start (ms): Min: 245792.0, Avg: 245792.9, Max: 245797.6, Diff: 5.6]
      [Ext Root Scanning (ms): Min: 0.0, Avg: 0.5, Max: 0.9, Diff: 0.9, Sum: 4.3]
      [Update RS (ms): Min: 0.0, Avg: 0.0, Max: 0.1, Diff: 0.1, Sum: 0.2]
         [Processed Buffers: Min: 0, Avg: 1.0, Max: 6, Diff: 6, Sum: 8]
      [Scan RS (ms): Min: 0.0, Avg: 0.4, Max: 0.5, Diff: 0.5, Sum: 3.1]
      [Code Root Scanning (ms): Min: 0.0, Avg: 0.0, Max: 0.0, Diff: 0.0, Sum: 0.1]
      [Object Copy (ms): Min: 24.2, Avg: 28.3, Max: 29.0, Diff: 4.8, Sum: 226.5]
      [Termination (ms): Min: 0.0, Avg: 0.0, Max: 0.0, Diff: 0.0, Sum: 0.0]
      [GC Worker Other (ms): Min: 0.0, Avg: 0.1, Max: 0.1, Diff: 0.0, Sum: 0.4]
      [GC Worker Total (ms): Min: 24.6, Avg: 29.3, Max: 30.2, Diff: 5.6, Sum: 234.6]
      [GC Worker End (ms): Min: 245822.2, Avg: 245822.2, Max: 245822.2, Diff: 0.0]
   [Code Root Fixup: 0.1 ms]
   [Code Root Migration: 0.1 ms]
   [Clear CT: 0.4 ms]
   [Other: 1.0 ms]
      [Choose CSet: 0.0 ms]
      [Ref Proc: 0.2 ms]
      [Ref Enq: 0.0 ms]
      [Free CSet: 0.7 ms]
   [Eden: 1016.0M(1016.0M)->0.0B(1049.0M) Survivors: 84.0M->60.0M Heap: 1622.4M(1934.0M)->581.9M(1934.0M)]
 [Times: user=0.24 sys=0.00, real=0.03 secs] 
245.824: Total time for which application threads were stopped: 0.0321110 seconds, Stopping threads took: 0.0000370 seconds
246.331: Application time: 0.5074980 seconds
246.332: [GC pause (young), 0.0374290 secs]
   [Parallel Time: 35.8 ms, GC Workers: 8]
      [GC Worker Start (ms): Min: 246331.6, Avg: 246331.6, Max: 246331.7, Diff: 0.1]
      [Ext Root Scanning (ms): Min: 0.7, Avg: 0.7, Max: 0.8, Diff: 0.1, Sum: 5.7]
      [Update RS (ms): Min: 0.0, Avg: 0.0, Max: 0.1, Diff: 0.1, Sum: 0.3]
         [Processed Buffers: Min: 0, Avg: 0.9, Max: 2, Diff: 2, Sum: 7]
      [Scan RS (ms): Min: 0.4, Avg: 0.4, Max: 0.5, Diff: 0.1, Sum: 3.6]
      [Code Root Scanning (ms): Min: 0.0, Avg: 0.0, Max: 0.0, Diff: 0.0, Sum: 0.1]
      [Object Copy (ms): Min: 34.4, Avg: 34.4, Max: 34.5, Diff: 0.1, Sum: 275.4]
      [Termination (ms): Min: 0.0, Avg: 0.0, Max: 0.0, Diff: 0.0, Sum: 0.0]
      [GC Worker Other (ms): Min: 0.0, Avg: 0.1, Max: 0.1, Diff: 0.1, Sum: 0.6]
      [GC Worker Total (ms): Min: 35.6, Avg: 35.7, Max: 35.8, Diff: 0.1, Sum: 285.6]
      [GC Worker End (ms): Min: 246367.3, Avg: 246367.3, Max: 246367.4, Diff: 0.1]
   [Code Root Fixup: 0.1 ms]
   [Code Root Migration: 0.1 ms]
   [Clear CT: 0.5 ms]
   [Other: 0.9 ms]
      [Choose CSet: 0.0 ms]
      [Ref Proc: 0.1 ms]
      [Ref Enq: 0.0 ms]
      [Free CSet: 0.7 ms]
   [Eden: 1049.0M(1049.0M)->0.0B(1036.0M) Survivors: 60.0M->73.0M Heap: 1630.9M(1934.0M)->594.9M(1934.0M)]
 [Times: user=0.29 sys=0.00, real=0.04 secs] 
246.369: Total time for which application threads were stopped: 0.0376140 seconds, Stopping threads took: 0.0000510 seconds
246.865: Application time: 0.4961290 seconds
246.865: [GC pause (young), 0.0482260 secs]
   [Parallel Time: 46.6 ms, GC Workers: 8]
      [GC Worker Start (ms): Min: 246865.3, Avg: 246865.3, Max: 246865.4, Diff: 0.1]
      [Ext Root Scanning (ms): Min: 0.7, Avg: 0.7, Max: 0.7, Diff: 0.1, Sum: 5.5]
      [Update RS (ms): Min: 0.0, Avg: 0.0, Max: 0.1, Diff: 0.1, Sum: 0.2]
         [Processed Buffers: Min: 0, Avg: 1.0, Max: 2, Diff: 2, Sum: 8]
      [Scan RS (ms): Min: 0.4, Avg: 0.4, Max: 0.5, Diff: 0.1, Sum: 3.5]
      [Code Root Scanning (ms): Min: 0.0, Avg: 0.0, Max: 0.0, Diff: 0.0, Sum: 0.1]
      [Object Copy (ms): Min: 45.3, Avg: 45.3, Max: 45.3, Diff: 0.0, Sum: 362.5]
      [Termination (ms): Min: 0.0, Avg: 0.0, Max: 0.0, Diff: 0.0, Sum: 0.0]
      [GC Worker Other (ms): Min: 0.0, Avg: 0.1, Max: 0.1, Diff: 0.1, Sum: 0.4]
      [GC Worker Total (ms): Min: 46.5, Avg: 46.5, Max: 46.6, Diff: 0.1, Sum: 372.2]
      [GC Worker End (ms): Min: 246911.8, Avg: 246911.9, Max: 246911.9, Diff: 0.1]
   [Code Root Fixup: 0.1 ms]
   [Code Root Migration: 0.1 ms]
   [Clear CT: 0.5 ms]
   [Other: 0.9 ms]
      [Choose CSet: 0.0 ms]
      [Ref Proc: 0.1 ms]
      [Ref Enq: 0.0 ms]
      [Free CSet: 0.7 ms]
   [Eden: 1036.0M(1036.0M)->0.0B(1008.0M) Survivors: 73.0M->95.0M Heap: 1630.9M(1934.0M)->616.9M(1934.0M)]
 [Times: user=0.38 sys=0.00, real=0.06 secs] 
246.914: Total time for which application threads were stopped: 0.0484130 seconds, Stopping threads took: 0.0000370 seconds
247.415: Application time: 0.5018550 seconds
247.416: [GC pause (young), 0.0556820 secs]
   [Parallel Time: 54.1 ms, GC Workers: 8]
      [GC Worker Start (ms): Min: 247415.6, Avg: 247415.6, Max: 247415.6, Diff: 0.1]
      [Ext Root Scanning (ms): Min: 0.6, Avg: 0.6, Max: 0.7, Diff: 0.1, Sum: 5.2]
      [Update RS (ms): Min: 0.0, Avg: 0.0, Max: 0.1, Diff: 0.1, Sum: 0.2]
         [Processed Buffers: Min: 0, Avg: 1.0, Max: 2, Diff: 2, Sum: 8]
      [Scan RS (ms): Min: 0.4, Avg: 0.4, Max: 0.5, Diff: 0.1, Sum: 3.5]
      [Code Root Scanning (ms): Min: 0.0, Avg: 0.0, Max: 0.0, Diff: 0.0, Sum: 0.1]
      [Object Copy (ms): Min: 52.8, Avg: 52.8, Max: 52.8, Diff: 0.1, Sum: 422.6]
      [Termination (ms): Min: 0.0, Avg: 0.0, Max: 0.0, Diff: 0.0, Sum: 0.0]
      [GC Worker Other (ms): Min: 0.0, Avg: 0.0, Max: 0.1, Diff: 0.0, Sum: 0.4]
      [GC Worker Total (ms): Min: 54.0, Avg: 54.0, Max: 54.0, Diff: 0.1, Sum: 431.9]
      [GC Worker End (ms): Min: 247469.6, Avg: 247469.6, Max: 247469.6, Diff: 0.0]
   [Code Root Fixup: 0.1 ms]
   [Code Root Migration: 0.1 ms]
   [Clear CT: 0.5 ms]
   [Other: 0.9 ms]
      [Choose CSet: 0.0 ms]
      [Ref Proc: 0.1 ms]
      [Ref Enq: 0.0 ms]
      [Free CSet: 0.7 ms]
   [Eden: 1008.0M(1008.0M)->0.0B(993.0M) Survivors: 95.0M->103.0M Heap: 1624.9M(1934.0M)->625.4M(1934.0M)]
 [Times: user=0.43 sys=0.00, real=0.05 secs] 
247.471: Total time for which application threads were stopped: 0.0558200 seconds, Stopping threads took: 0.0000130 seconds
247.962: Application time: 0.4909160 seconds
247.962: [GC pause (young), 0.0499930 secs]
   [Parallel Time: 48.5 ms, GC Workers: 8]
      [GC Worker Start (ms): Min: 247962.3, Avg: 247962.3, Max: 247962.4, Diff: 0.1]
      [Ext Root Scanning (ms): Min: 0.7, Avg: 0.7, Max: 0.8, Diff: 0.1, Sum: 5.5]
      [Update RS (ms): Min: 0.0, Avg: 0.0, Max: 0.1, Diff: 0.1, Sum: 0.2]
         [Processed Buffers: Min: 0, Avg: 0.9, Max: 2, Diff: 2, Sum: 7]
      [Scan RS (ms): Min: 0.4, Avg: 0.4, Max: 0.5, Diff: 0.1, Sum: 3.5]
      [Code Root Scanning (ms): Min: 0.0, Avg: 0.0, Max: 0.0, Diff: 0.0, Sum: 0.1]
      [Object Copy (ms): Min: 47.2, Avg: 47.2, Max: 47.2, Diff: 0.1, Sum: 377.4]
      [Termination (ms): Min: 0.0, Avg: 0.0, Max: 0.0, Diff: 0.0, Sum: 0.1]
      [GC Worker Other (ms): Min: 0.0, Avg: 0.1, Max: 0.1, Diff: 0.0, Sum: 0.5]
      [GC Worker Total (ms): Min: 48.4, Avg: 48.4, Max: 48.4, Diff: 0.1, Sum: 387.2]
      [GC Worker End (ms): Min: 248010.7, Avg: 248010.8, Max: 248010.8, Diff: 0.0]
   [Code Root Fixup: 0.1 ms]
   [Code Root Migration: 0.1 ms]
   [Clear CT: 0.4 ms]
   [Other: 0.9 ms]
      [Choose CSet: 0.0 ms]
      [Ref Proc: 0.1 ms]
      [Ref Enq: 0.0 ms]
      [Free CSet: 0.7 ms]
   [Eden: 993.0M(993.0M)->0.0B(1002.0M) Survivors: 103.0M->93.0M Heap: 1618.4M(1934.0M)->615.4M(1934.0M)]
 [Times: user=0.39 sys=0.00, real=0.05 secs] 
248.012: Total time for which application threads were stopped: 0.0501500 seconds, Stopping threads took: 0.0000270 seconds
248.503: Application time: 0.4909010 seconds
248.503: [GC pause (young), 0.0510520 secs]
   [Parallel Time: 49.5 ms, GC Workers: 8]
      [GC Worker Start (ms): Min: 248503.4, Avg: 248503.4, Max: 248503.5, Diff: 0.1]
      [Ext Root Scanning (ms): Min: 0.6, Avg: 0.7, Max: 0.7, Diff: 0.1, Sum: 5.5]
      [Update RS (ms): Min: 0.0, Avg: 0.0, Max: 0.1, Diff: 0.1, Sum: 0.3]
         [Processed Buffers: Min: 0, Avg: 0.9, Max: 5, Diff: 5, Sum: 7]
      [Scan RS (ms): Min: 0.3, Avg: 0.4, Max: 0.5, Diff: 0.2, Sum: 3.5]
      [Code Root Scanning (ms): Min: 0.0, Avg: 0.0, Max: 0.0, Diff: 0.0, Sum: 0.1]
      [Object Copy (ms): Min: 48.1, Avg: 48.2, Max: 48.2, Diff: 0.1, Sum: 385.2]
      [Termination (ms): Min: 0.0, Avg: 0.0, Max: 0.0, Diff: 0.0, Sum: 0.0]
      [GC Worker Other (ms): Min: 0.0, Avg: 0.1, Max: 0.1, Diff: 0.1, Sum: 0.6]
      [GC Worker Total (ms): Min: 49.3, Avg: 49.4, Max: 49.4, Diff: 0.1, Sum: 395.2]
      [GC Worker End (ms): Min: 248552.8, Avg: 248552.8, Max: 248552.9, Diff: 0.1]
   [Code Root Fixup: 0.1 ms]
   [Code Root Migration: 0.2 ms]
   [Clear CT: 0.5 ms]
   [Other: 0.9 ms]
      [Choose CSet: 0.0 ms]
      [Ref Proc: 0.1 ms]
      [Ref Enq: 0.0 ms]
      [Free CSet: 0.7 ms]
   [Eden: 1002.0M(1002.0M)->0.0B(999.0M) Survivors: 93.0M->94.0M Heap: 1617.4M(1934.0M)->615.9M(1934.0M)]
 [Times: user=0.40 sys=0.00, real=0.06 secs] 
248.555: Total time for which application threads were stopped: 0.0512490 seconds, Stopping threads took: 0.0000580 seconds
249.040: Application time: 0.4856870 seconds
249.040: [GC pause (young), 0.0522020 secs]
   [Parallel Time: 50.6 ms, GC Workers: 8]
      [GC Worker Start (ms): Min: 249040.3, Avg: 249040.5, Max: 249041.5, Diff: 1.2]
      [Ext Root Scanning (ms): Min: 0.0, Avg: 0.6, Max: 0.9, Diff: 0.9, Sum: 4.8]
      [Update RS (ms): Min: 0.0, Avg: 0.0, Max: 0.1, Diff: 0.1, Sum: 0.2]
         [Processed Buffers: Min: 0, Avg: 0.9, Max: 3, Diff: 3, Sum: 7]
      [Scan RS (ms): Min: 0.1, Avg: 0.4, Max: 0.5, Diff: 0.4, Sum: 3.1]
      [Code Root Scanning (ms): Min: 0.0, Avg: 0.0, Max: 0.0, Diff: 0.0, Sum: 0.1]
      [Object Copy (ms): Min: 49.2, Avg: 49.3, Max: 49.4, Diff: 0.1, Sum: 394.8]
      [Termination (ms): Min: 0.0, Avg: 0.0, Max: 0.0, Diff: 0.0, Sum: 0.0]
      [GC Worker Other (ms): Min: 0.0, Avg: 0.1, Max: 0.1, Diff: 0.0, Sum: 0.4]
      [GC Worker Total (ms): Min: 49.4, Avg: 50.4, Max: 50.6, Diff: 1.2, Sum: 403.3]
      [GC Worker End (ms): Min: 249090.9, Avg: 249090.9, Max: 249090.9, Diff: 0.0]
   [Code Root Fixup: 0.1 ms]
   [Code Root Migration: 0.1 ms]
   [Clear CT: 0.4 ms]
   [Other: 0.9 ms]
      [Choose CSet: 0.0 ms]
      [Ref Proc: 0.1 ms]
      [Ref Enq: 0.0 ms]
      [Free CSet: 0.7 ms]
   [Eden: 999.0M(999.0M)->0.0B(996.0M) Survivors: 94.0M->95.0M Heap: 1614.9M(1934.0M)->617.4M(1934.0M)]
 [Times: user=0.41 sys=0.00, real=0.05 secs] 
249.093: Total time for which application threads were stopped: 0.0523750 seconds, Stopping threads took: 0.0000460 seconds
249.577: Application time: 0.4842020 seconds
249.577: [GC pause (young), 0.0524420 secs]
   [Parallel Time: 50.8 ms, GC Workers: 8]
      [GC Worker Start (ms): Min: 249576.9, Avg: 249576.9, Max: 249577.0, Diff: 0.1]
      [Ext Root Scanning (ms): Min: 0.6, Avg: 0.7, Max: 0.7, Diff: 0.1, Sum: 5.2]
      [Update RS (ms): Min: 0.0, Avg: 0.0, Max: 0.1, Diff: 0.1, Sum: 0.2]
         [Processed Buffers: Min: 0, Avg: 0.9, Max: 3, Diff: 3, Sum: 7]
      [Scan RS (ms): Min: 0.4, Avg: 0.4, Max: 0.5, Diff: 0.1, Sum: 3.3]
      [Code Root Scanning (ms): Min: 0.0, Avg: 0.0, Max: 0.0, Diff: 0.0, Sum: 0.1]
      [Object Copy (ms): Min: 49.6, Avg: 49.6, Max: 49.6, Diff: 0.0, Sum: 396.7]
      [Termination (ms): Min: 0.0, Avg: 0.0, Max: 0.0, Diff: 0.0, Sum: 0.0]
      [GC Worker Other (ms): Min: 0.0, Avg: 0.1, Max: 0.1, Diff: 0.0, Sum: 0.5]
      [GC Worker Total (ms): Min: 50.7, Avg: 50.8, Max: 50.8, Diff: 0.1, Sum: 406.0]
      [GC Worker End (ms): Min: 249627.7, Avg: 249627.7, Max: 249627.7, Diff: 0.0]
   [Code Root Fixup: 0.1 ms]
   [Code Root Migration: 0.1 ms]
   [Clear CT: 0.4 ms]
   [Other: 1.0 ms]
      [Choose CSet: 0.0 ms]
      [Ref Proc: 0.2 ms]
      [Ref Enq: 0.0 ms]
      [Free CSet: 0.7 ms]
   [Eden: 996.0M(996.0M)->0.0B(994.0M) Survivors: 95.0M->96.0M Heap: 1613.4M(1934.0M)->617.9M(1934.0M)]
 [Times: user=0.41 sys=0.00, real=0.05 secs] 
249.629: Total time for which application threads were stopped: 0.0526090 seconds, Stopping threads took: 0.0000410 seconds
250.118: Application time: 0.4883430 seconds
250.118: [GC pause (young), 0.0521310 secs]
   [Parallel Time: 50.5 ms, GC Workers: 8]
      [GC Worker Start (ms): Min: 250117.9, Avg: 250117.9, Max: 250117.9, Diff: 0.1]
      [Ext Root Scanning (ms): Min: 0.6, Avg: 0.7, Max: 0.7, Diff: 0.1, Sum: 5.4]
      [Update RS (ms): Min: 0.0, Avg: 0.0, Max: 0.1, Diff: 0.1, Sum: 0.2]
         [Processed Buffers: Min: 0, Avg: 1.1, Max: 4, Diff: 4, Sum: 9]
      [Scan RS (ms): Min: 0.4, Avg: 0.4, Max: 0.4, Diff: 0.1, Sum: 3.3]
      [Code Root Scanning (ms): Min: 0.0, Avg: 0.0, Max: 0.0, Diff: 0.0, Sum: 0.1]
      [Object Copy (ms): Min: 49.2, Avg: 49.2, Max: 49.2, Diff: 0.0, Sum: 393.4]
      [Termination (ms): Min: 0.0, Avg: 0.0, Max: 0.0, Diff: 0.0, Sum: 0.0]
      [GC Worker Other (ms): Min: 0.0, Avg: 0.1, Max: 0.1, Diff: 0.0, Sum: 0.5]
      [GC Worker Total (ms): Min: 50.3, Avg: 50.4, Max: 50.4, Diff: 0.1, Sum: 402.9]
      [GC Worker End (ms): Min: 250168.2, Avg: 250168.3, Max: 250168.3, Diff: 0.0]
   [Code Root Fixup: 0.2 ms]
   [Code Root Migration: 0.1 ms]
   [Clear CT: 0.4 ms]
   [Other: 0.9 ms]
      [Choose CSet: 0.0 ms]
      [Ref Proc: 0.1 ms]
      [Ref Enq: 0.0 ms]
      [Free CSet: 0.7 ms]
   [Eden: 994.0M(994.0M)->0.0B(999.0M) Survivors: 96.0M->92.0M Heap: 1611.9M(1934.0M)->614.4M(1934.0M)]
 [Times: user=0.41 sys=0.00, real=0.05 secs] 
250.170: Total time for which application threads were stopped: 0.0523110 seconds, Stopping threads took: 0.0000380 seconds
250.659: Application time: 0.4893840 seconds
250.660: [GC pause (young), 0.0520520 secs]
   [Parallel Time: 50.4 ms, GC Workers: 8]
      [GC Worker Start (ms): Min: 250659.6, Avg: 250659.8, Max: 250660.3, Diff: 0.8]
      [Ext Root Scanning (ms): Min: 0.0, Avg: 0.5, Max: 0.9, Diff: 0.8, Sum: 4.3]
      [Update RS (ms): Min: 0.0, Avg: 0.2, Max: 1.3, Diff: 1.3, Sum: 1.5]
         [Processed Buffers: Min: 0, Avg: 1.0, Max: 3, Diff: 3, Sum: 8]
      [Scan RS (ms): Min: 0.0, Avg: 0.4, Max: 0.5, Diff: 0.5, Sum: 3.1]
      [Code Root Scanning (ms): Min: 0.0, Avg: 0.0, Max: 0.0, Diff: 0.0, Sum: 0.1]
      [Object Copy (ms): Min: 48.3, Avg: 49.0, Max: 49.1, Diff: 0.8, Sum: 391.8]
      [Termination (ms): Min: 0.0, Avg: 0.0, Max: 0.0, Diff: 0.0, Sum: 0.0]
      [GC Worker Other (ms): Min: 0.0, Avg: 0.1, Max: 0.1, Diff: 0.1, Sum: 0.5]
      [GC Worker Total (ms): Min: 49.6, Avg: 50.2, Max: 50.4, Diff: 0.8, Sum: 401.2]
      [GC Worker End (ms): Min: 250709.9, Avg: 250709.9, Max: 250710.0, Diff: 0.1]
   [Code Root Fixup: 0.1 ms]
   [Code Root Migration: 0.1 ms]
   [Clear CT: 0.4 ms]
   [Other: 0.9 ms]
      [Choose CSet: 0.0 ms]
      [Ref Proc: 0.2 ms]
      [Ref Enq: 0.0 ms]
      [Free CSet: 0.7 ms]
   [Eden: 999.0M(999.0M)->0.0B(998.0M) Survivors: 92.0M->94.0M Heap: 1613.4M(1934.0M)->615.9M(1934.0M)]
 [Times: user=0.40 sys=0.00, real=0.05 secs] 
250.712: Total time for which application threads were stopped: 0.0522270 seconds, Stopping threads took: 0.0000470 seconds
251.205: Application time: 0.4932970 seconds
251.205: [GC pause (young), 0.0507900 secs]
   [Parallel Time: 49.2 ms, GC Workers: 8]
      [GC Worker Start (ms): Min: 251205.1, Avg: 251205.1, Max: 251205.2, Diff: 0.1]
      [Ext Root Scanning (ms): Min: 0.4, Avg: 0.7, Max: 0.9, Diff: 0.5, Sum: 5.3]
      [Update RS (ms): Min: 0.0, Avg: 0.0, Max: 0.1, Diff: 0.1, Sum: 0.2]
         [Processed Buffers: Min: 0, Avg: 1.1, Max: 2, Diff: 2, Sum: 9]
      [Scan RS (ms): Min: 0.3, Avg: 0.4, Max: 0.5, Diff: 0.2, Sum: 3.4]
      [Code Root Scanning (ms): Min: 0.0, Avg: 0.0, Max: 0.0, Diff: 0.0, Sum: 0.0]
      [Object Copy (ms): Min: 47.9, Avg: 47.9, Max: 48.1, Diff: 0.2, Sum: 383.4]
      [Termination (ms): Min: 0.0, Avg: 0.0, Max: 0.0, Diff: 0.0, Sum: 0.0]
      [GC Worker Other (ms): Min: 0.0, Avg: 0.1, Max: 0.1, Diff: 0.1, Sum: 0.4]
      [GC Worker Total (ms): Min: 49.0, Avg: 49.1, Max: 49.1, Diff: 0.1, Sum: 392.8]
      [GC Worker End (ms): Min: 251254.2, Avg: 251254.2, Max: 251254.2, Diff: 0.1]
   [Code Root Fixup: 0.2 ms]
   [Code Root Migration: 0.1 ms]
   [Clear CT: 0.5 ms]
   [Other: 0.9 ms]
      [Choose CSet: 0.0 ms]
      [Ref Proc: 0.1 ms]
      [Ref Enq: 0.0 ms]
      [Free CSet: 0.7 ms]
   [Eden: 998.0M(998.0M)->0.0B(1002.0M) Survivors: 94.0M->91.0M Heap: 1613.9M(1934.0M)->612.9M(1934.0M)]
 [Times: user=0.40 sys=0.00, real=0.06 secs] 
251.256: Total time for which application threads were stopped: 0.0509760 seconds, Stopping threads took: 0.0000500 seconds
251.755: Application time: 0.4993540 seconds
251.755: [GC pause (young), 0.0427020 secs]
   [Parallel Time: 41.0 ms, GC Workers: 8]
      [GC Worker Start (ms): Min: 251755.4, Avg: 251755.5, Max: 251755.5, Diff: 0.1]
      [Ext Root Scanning (ms): Min: 0.6, Avg: 0.7, Max: 0.7, Diff: 0.1, Sum: 5.2]
      [Update RS (ms): Min: 0.0, Avg: 0.0, Max: 0.1, Diff: 0.1, Sum: 0.2]
         [Processed Buffers: Min: 0, Avg: 1.0, Max: 5, Diff: 5, Sum: 8]
      [Scan RS (ms): Min: 0.4, Avg: 0.4, Max: 0.4, Diff: 0.1, Sum: 3.3]
      [Code Root Scanning (ms): Min: 0.0, Avg: 0.0, Max: 0.0, Diff: 0.0, Sum: 0.1]
      [Object Copy (ms): Min: 39.7, Avg: 39.7, Max: 39.8, Diff: 0.1, Sum: 317.9]
      [Termination (ms): Min: 0.0, Avg: 0.0, Max: 0.0, Diff: 0.0, Sum: 0.0]
      [GC Worker Other (ms): Min: 0.0, Avg: 0.1, Max: 0.1, Diff: 0.0, Sum: 0.4]
      [GC Worker Total (ms): Min: 40.9, Avg: 40.9, Max: 40.9, Diff: 0.1, Sum: 327.1]
      [GC Worker End (ms): Min: 251796.3, Avg: 251796.3, Max: 251796.4, Diff: 0.0]
   [Code Root Fixup: 0.1 ms]
   [Code Root Migration: 0.1 ms]
   [Clear CT: 0.5 ms]
   [Other: 0.9 ms]
      [Choose CSet: 0.0 ms]
      [Ref Proc: 0.1 ms]
      [Ref Enq: 0.0 ms]
      [Free CSet: 0.7 ms]
   [Eden: 1002.0M(1002.0M)->0.0B(1025.0M) Survivors: 91.0M->75.0M Heap: 1614.9M(1934.0M)->597.4M(1934.0M)]
 [Times: user=0.33 sys=0.00, real=0.04 secs] 
251.798: Total time for which application threads were stopped: 0.0428680 seconds, Stopping threads took: 0.0000360 seconds
252.311: Application time: 0.5130530 seconds
252.311: [GC pause (young), 0.0364830 secs]
   [Parallel Time: 34.9 ms, GC Workers: 8]
      [GC Worker Start (ms): Min: 252311.4, Avg: 252311.4, Max: 252311.4, Diff: 0.1]
      [Ext Root Scanning (ms): Min: 0.6, Avg: 0.7, Max: 0.7, Diff: 0.1, Sum: 5.5]
      [Update RS (ms): Min: 0.0, Avg: 0.0, Max: 0.1, Diff: 0.1, Sum: 0.2]
         [Processed Buffers: Min: 0, Avg: 1.0, Max: 3, Diff: 3, Sum: 8]
      [Scan RS (ms): Min: 0.4, Avg: 0.5, Max: 0.5, Diff: 0.1, Sum: 3.7]
      [Code Root Scanning (ms): Min: 0.0, Avg: 0.0, Max: 0.0, Diff: 0.0, Sum: 0.0]
      [Object Copy (ms): Min: 33.3, Avg: 33.4, Max: 33.5, Diff: 0.1, Sum: 267.3]
      [Termination (ms): Min: 0.0, Avg: 0.0, Max: 0.0, Diff: 0.0, Sum: 0.0]
      [GC Worker Other (ms): Min: 0.0, Avg: 0.1, Max: 0.2, Diff: 0.1, Sum: 0.6]
      [GC Worker Total (ms): Min: 34.6, Avg: 34.7, Max: 34.8, Diff: 0.2, Sum: 277.3]
      [GC Worker End (ms): Min: 252346.0, Avg: 252346.1, Max: 252346.1, Diff: 0.1]
   [Code Root Fixup: 0.1 ms]
   [Code Root Migration: 0.1 ms]
   [Clear CT: 0.5 ms]
   [Other: 0.9 ms]
      [Choose CSet: 0.0 ms]
      [Ref Proc: 0.1 ms]
      [Ref Enq: 0.0 ms]
      [Free CSet: 0.7 ms]
   [Eden: 1025.0M(1025.0M)->0.0B(1041.0M) Survivors: 75.0M->66.0M Heap: 1622.4M(1934.0M)->587.9M(1934.0M)]
 [Times: user=0.28 sys=0.00, real=0.04 secs] 
252.348: Total time for which application threads were stopped: 0.0366540 seconds, Stopping threads took: 0.0000410 seconds
252.850: Application time: 0.5019750 seconds
252.850: [GC pause (young), 0.0435190 secs]
   [Parallel Time: 41.9 ms, GC Workers: 8]
      [GC Worker Start (ms): Min: 252849.9, Avg: 252850.9, Max: 252853.6, Diff: 3.6]
      [Ext Root Scanning (ms): Min: 0.0, Avg: 0.6, Max: 0.9, Diff: 0.9, Sum: 4.6]
      [Update RS (ms): Min: 0.0, Avg: 0.0, Max: 0.1, Diff: 0.1, Sum: 0.2]
         [Processed Buffers: Min: 0, Avg: 1.0, Max: 5, Diff: 5, Sum: 8]
      [Scan RS (ms): Min: 0.1, Avg: 0.4, Max: 0.5, Diff: 0.4, Sum: 2.8]
      [Code Root Scanning (ms): Min: 0.0, Avg: 0.0, Max: 0.0, Diff: 0.0, Sum: 0.1]
      [Object Copy (ms): Min: 38.0, Avg: 39.9, Max: 40.6, Diff: 2.6, Sum: 319.5]
      [Termination (ms): Min: 0.0, Avg: 0.0, Max: 0.0, Diff: 0.0, Sum: 0.0]
      [GC Worker Other (ms): Min: 0.0, Avg: 0.1, Max: 0.1, Diff: 0.1, Sum: 0.5]
      [GC Worker Total (ms): Min: 38.2, Avg: 41.0, Max: 41.9, Diff: 3.6, Sum: 327.7]
      [GC Worker End (ms): Min: 252891.8, Avg: 252891.8, Max: 252891.9, Diff: 0.1]
   [Code Root Fixup: 0.1 ms]
   [Code Root Migration: 0.1 ms]
   [Clear CT: 0.4 ms]
   [Other: 0.9 ms]
      [Choose CSet: 0.0 ms]
      [Ref Proc: 0.1 ms]
      [Ref Enq: 0.0 ms]
      [Free CSet: 0.7 ms]
   [Eden: 1041.0M(1041.0M)->0.0B(1025.0M) Survivors: 66.0M->81.0M Heap: 1628.9M(1934.0M)->603.4M(1934.0M)]
 [Times: user=0.33 sys=0.00, real=0.04 secs] 
252.894: Total time for which application threads were stopped: 0.0436810 seconds, Stopping threads took: 0.0000130 seconds
253.387: Application time: 0.4935130 seconds
253.387: [GC pause (young), 0.0472210 secs]
   [Parallel Time: 45.5 ms, GC Workers: 8]
      [GC Worker Start (ms): Min: 253387.2, Avg: 253387.2, Max: 253387.2, Diff: 0.1]
      [Ext Root Scanning (ms): Min: 0.6, Avg: 0.7, Max: 0.7, Diff: 0.1, Sum: 5.4]
      [Update RS (ms): Min: 0.0, Avg: 0.0, Max: 0.1, Diff: 0.1, Sum: 0.2]
         [Processed Buffers: Min: 0, Avg: 1.0, Max: 4, Diff: 4, Sum: 8]
      [Scan RS (ms): Min: 0.4, Avg: 0.4, Max: 0.5, Diff: 0.1, Sum: 3.5]
      [Code Root Scanning (ms): Min: 0.0, Avg: 0.0, Max: 0.0, Diff: 0.0, Sum: 0.1]
      [Object Copy (ms): Min: 44.2, Avg: 44.2, Max: 44.2, Diff: 0.1, Sum: 353.5]
      [Termination (ms): Min: 0.0, Avg: 0.0, Max: 0.0, Diff: 0.0, Sum: 0.0]
      [GC Worker Other (ms): Min: 0.0, Avg: 0.1, Max: 0.1, Diff: 0.1, Sum: 0.4]
      [GC Worker Total (ms): Min: 45.4, Avg: 45.4, Max: 45.4, Diff: 0.1, Sum: 363.1]
      [GC Worker End (ms): Min: 253432.6, Avg: 253432.6, Max: 253432.6, Diff: 0.1]
   [Code Root Fixup: 0.1 ms]
   [Code Root Migration: 0.1 ms]
   [Clear CT: 0.5 ms]
   [Other: 1.0 ms]
      [Choose CSet: 0.0 ms]
      [Ref Proc: 0.2 ms]
      [Ref Enq: 0.0 ms]
      [Free CSet: 0.8 ms]
   [Eden: 1025.0M(1025.0M)->0.0B(1014.0M) Survivors: 81.0M->89.0M Heap: 1628.4M(1934.0M)->610.9M(1934.0M)]
 [Times: user=0.36 sys=0.00, real=0.05 secs] 
253.434: Total time for which application threads were stopped: 0.0473980 seconds, Stopping threads took: 0.0000500 seconds
253.931: Application time: 0.4969450 seconds
253.931: [GC pause (young), 0.0514800 secs]
   [Parallel Time: 49.8 ms, GC Workers: 8]
      [GC Worker Start (ms): Min: 253931.5, Avg: 253931.6, Max: 253931.6, Diff: 0.1]
      [Ext Root Scanning (ms): Min: 0.7, Avg: 0.7, Max: 0.7, Diff: 0.1, Sum: 5.5]
      [Update RS (ms): Min: 0.0, Avg: 0.0, Max: 0.1, Diff: 0.1, Sum: 0.2]
         [Processed Buffers: Min: 0, Avg: 1.0, Max: 3, Diff: 3, Sum: 8]
      [Scan RS (ms): Min: 0.4, Avg: 0.4, Max: 0.5, Diff: 0.1, Sum: 3.4]
      [Code Root Scanning (ms): Min: 0.0, Avg: 0.0, Max: 0.0, Diff: 0.0, Sum: 0.1]
      [Object Copy (ms): Min: 48.6, Avg: 48.6, Max: 48.6, Diff: 0.0, Sum: 388.6]
      [Termination (ms): Min: 0.0, Avg: 0.0, Max: 0.0, Diff: 0.0, Sum: 0.0]
      [GC Worker Other (ms): Min: 0.0, Avg: 0.1, Max: 0.1, Diff: 0.0, Sum: 0.5]
      [GC Worker Total (ms): Min: 49.7, Avg: 49.8, Max: 49.8, Diff: 0.1, Sum: 398.3]
      [GC Worker End (ms): Min: 253981.3, Avg: 253981.3, Max: 253981.4, Diff: 0.0]
   [Code Root Fixup: 0.1 ms]
   [Code Root Migration: 0.1 ms]
   [Clear CT: 0.5 ms]
   [Other: 0.9 ms]
      [Choose CSet: 0.0 ms]
      [Ref Proc: 0.1 ms]
      [Ref Enq: 0.0 ms]
      [Free CSet: 0.7 ms]
   [Eden: 1014.0M(1014.0M)->0.0B(1002.0M) Survivors: 89.0M->97.0M Heap: 1624.9M(1934.0M)->619.5M(1934.0M)]
 [Times: user=0.40 sys=0.00, real=0.05 secs] 
253.983: Total time for which application threads were stopped: 0.0516560 seconds, Stopping threads took: 0.0000490 seconds
254.472: Application time: 0.4885020 seconds
254.472: [GC pause (young), 0.0548970 secs]
   [Parallel Time: 53.3 ms, GC Workers: 8]
      [GC Worker Start (ms): Min: 254471.7, Avg: 254471.7, Max: 254471.8, Diff: 0.1]
      [Ext Root Scanning (ms): Min: 0.6, Avg: 0.7, Max: 0.7, Diff: 0.1, Sum: 5.3]
      [Update RS (ms): Min: 0.0, Avg: 0.2, Max: 1.1, Diff: 1.1, Sum: 1.3]
         [Processed Buffers: Min: 0, Avg: 1.0, Max: 3, Diff: 3, Sum: 8]
      [Scan RS (ms): Min: 0.0, Avg: 0.4, Max: 0.5, Diff: 0.4, Sum: 3.1]
      [Code Root Scanning (ms): Min: 0.0, Avg: 0.0, Max: 0.0, Diff: 0.0, Sum: 0.1]
      [Object Copy (ms): Min: 51.3, Avg: 51.9, Max: 52.0, Diff: 0.7, Sum: 415.3]
      [Termination (ms): Min: 0.0, Avg: 0.0, Max: 0.0, Diff: 0.0, Sum: 0.0]
      [GC Worker Other (ms): Min: 0.0, Avg: 0.1, Max: 0.1, Diff: 0.1, Sum: 0.5]
      [GC Worker Total (ms): Min: 53.1, Avg: 53.2, Max: 53.2, Diff: 0.1, Sum: 425.6]
      [GC Worker End (ms): Min: 254524.9, Avg: 254524.9, Max: 254524.9, Diff: 0.1]
   [Code Root Fixup: 0.1 ms]
   [Code Root Migration: 0.1 ms]
   [Clear CT: 0.5 ms]
   [Other: 0.9 ms]
      [Choose CSet: 0.0 ms]
      [Ref Proc: 0.1 ms]
      [Ref Enq: 0.0 ms]
      [Free CSet: 0.7 ms]
   [Eden: 1002.0M(1002.0M)->0.0B(993.0M) Survivors: 97.0M->101.0M Heap: 1621.5M(1934.0M)->623.5M(1934.0M)]
 [Times: user=0.43 sys=0.00, real=0.06 secs] 
254.527: Total time for which application threads were stopped: 0.0550980 seconds, Stopping threads took: 0.0000630 seconds
255.011: Application time: 0.4838690 seconds
255.011: [GC pause (young), 0.0514490 secs]
   [Parallel Time: 49.9 ms, GC Workers: 8]
      [GC Worker Start (ms): Min: 255010.6, Avg: 255010.7, Max: 255010.7, Diff: 0.1]
      [Ext Root Scanning (ms): Min: 0.6, Avg: 0.6, Max: 0.7, Diff: 0.1, Sum: 5.2]
      [Update RS (ms): Min: 0.0, Avg: 0.0, Max: 0.1, Diff: 0.1, Sum: 0.2]
         [Processed Buffers: Min: 0, Avg: 1.0, Max: 3, Diff: 3, Sum: 8]
      [Scan RS (ms): Min: 0.4, Avg: 0.4, Max: 0.5, Diff: 0.1, Sum: 3.4]
      [Code Root Scanning (ms): Min: 0.0, Avg: 0.0, Max: 0.0, Diff: 0.0, Sum: 0.1]
      [Object Copy (ms): Min: 48.6, Avg: 48.6, Max: 48.7, Diff: 0.0, Sum: 389.2]
      [Termination (ms): Min: 0.0, Avg: 0.0, Max: 0.0, Diff: 0.0, Sum: 0.0]
      [GC Worker Other (ms): Min: 0.0, Avg: 0.1, Max: 0.1, Diff: 0.1, Sum: 0.5]
      [GC Worker Total (ms): Min: 49.8, Avg: 49.8, Max: 49.9, Diff: 0.1, Sum: 398.5]
      [GC Worker End (ms): Min: 255060.5, Avg: 255060.5, Max: 255060.5, Diff: 0.1]
   [Code Root Fixup: 0.1 ms]
   [Code Root Migration: 0.1 ms]
   [Clear CT: 0.4 ms]
   [Other: 0.9 ms]
      [Choose CSet: 0.0 ms]
      [Ref Proc: 0.1 ms]
      [Ref Enq: 0.0 ms]
      [Free CSet: 0.7 ms]
   [Eden: 993.0M(993.0M)->0.0B(999.0M) Survivors: 101.0M->94.0M Heap: 1616.5M(1934.0M)->616.5M(1934.0M)]
 [Times: user=0.40 sys=0.00, real=0.05 secs] 
255.062: Total time for which application threads were stopped: 0.0516160 seconds, Stopping threads took: 0.0000450 seconds
255.547: Application time: 0.4846700 seconds
255.547: [GC pause (young), 0.0504600 secs]
   [Parallel Time: 48.8 ms, GC Workers: 8]
      [GC Worker Start (ms): Min: 255546.9, Avg: 255547.3, Max: 255549.6, Diff: 2.6]
      [Ext Root Scanning (ms): Min: 0.0, Avg: 0.6, Max: 0.8, Diff: 0.8, Sum: 4.6]
      [Update RS (ms): Min: 0.0, Avg: 0.0, Max: 0.1, Diff: 0.1, Sum: 0.2]
         [Processed Buffers: Min: 0, Avg: 1.2, Max: 4, Diff: 4, Sum: 10]
      [Scan RS (ms): Min: 0.0, Avg: 0.4, Max: 0.5, Diff: 0.4, Sum: 3.1]
      [Code Root Scanning (ms): Min: 0.0, Avg: 0.0, Max: 0.0, Diff: 0.0, Sum: 0.1]
      [Object Copy (ms): Min: 46.1, Avg: 47.4, Max: 47.6, Diff: 1.6, Sum: 378.9]
      [Termination (ms): Min: 0.0, Avg: 0.0, Max: 0.0, Diff: 0.0, Sum: 0.0]
      [GC Worker Other (ms): Min: 0.0, Avg: 0.1, Max: 0.1, Diff: 0.0, Sum: 0.5]
      [GC Worker Total (ms): Min: 46.1, Avg: 48.4, Max: 48.8, Diff: 2.6, Sum: 387.5]
      [GC Worker End (ms): Min: 255595.7, Avg: 255595.7, Max: 255595.7, Diff: 0.0]
   [Code Root Fixup: 0.1 ms]
   [Code Root Migration: 0.1 ms]
   [Clear CT: 0.4 ms]
   [Other: 0.9 ms]
      [Choose CSet: 0.0 ms]
      [Ref Proc: 0.1 ms]
      [Ref Enq: 0.0 ms]
      [Free CSet: 0.7 ms]
   [Eden: 999.0M(999.0M)->0.0B(1001.0M) Survivors: 94.0M->92.0M Heap: 1615.5M(1934.0M)->614.5M(1934.0M)]
 [Times: user=0.39 sys=0.00, real=0.05 secs] 
255.597: Total time for which application threads were stopped: 0.0506590 seconds, Stopping threads took: 0.0000470 seconds
256.083: Application time: 0.4854870 seconds
256.083: [GC pause (young), 0.0538000 secs]
   [Parallel Time: 52.2 ms, GC Workers: 8]
      [GC Worker Start (ms): Min: 256083.1, Avg: 256083.2, Max: 256084.0, Diff: 0.9]
      [Ext Root Scanning (ms): Min: 0.0, Avg: 0.6, Max: 0.9, Diff: 0.9, Sum: 4.6]
      [Update RS (ms): Min: 0.0, Avg: 0.0, Max: 0.1, Diff: 0.1, Sum: 0.2]
         [Processed Buffers: Min: 0, Avg: 1.0, Max: 3, Diff: 3, Sum: 8]
      [Scan RS (ms): Min: 0.2, Avg: 0.4, Max: 0.5, Diff: 0.3, Sum: 3.3]
      [Code Root Scanning (ms): Min: 0.0, Avg: 0.0, Max: 0.0, Diff: 0.0, Sum: 0.1]
      [Object Copy (ms): Min: 50.8, Avg: 50.9, Max: 51.0, Diff: 0.2, Sum: 407.4]
      [Termination (ms): Min: 0.0, Avg: 0.0, Max: 0.0, Diff: 0.0, Sum: 0.0]
      [GC Worker Other (ms): Min: 0.0, Avg: 0.1, Max: 0.1, Diff: 0.0, Sum: 0.4]
      [GC Worker Total (ms): Min: 51.2, Avg: 52.0, Max: 52.1, Diff: 0.9, Sum: 416.0]
      [GC Worker End (ms): Min: 256135.2, Avg: 256135.2, Max: 256135.2, Diff: 0.0]
   [Code Root Fixup: 0.1 ms]
   [Code Root Migration: 0.1 ms]
   [Clear CT: 0.5 ms]
   [Other: 0.9 ms]
      [Choose CSet: 0.0 ms]
      [Ref Proc: 0.1 ms]
      [Ref Enq: 0.0 ms]
      [Free CSet: 0.7 ms]
   [Eden: 1001.0M(1001.0M)->0.0B(992.0M) Survivors: 92.0M->99.0M Heap: 1615.5M(1934.0M)->621.0M(1934.0M)]
 [Times: user=0.42 sys=0.00, real=0.06 secs] 
256.137: Total time for which application threads were stopped: 0.0539670 seconds, Stopping threads took: 0.0000300 seconds
256.616: Application time: 0.4793120 seconds
256.616: [GC pause (young), 0.0555970 secs]
   [Parallel Time: 54.1 ms, GC Workers: 8]
      [GC Worker Start (ms): Min: 256616.4, Avg: 256616.4, Max: 256616.4, Diff: 0.1]
      [Ext Root Scanning (ms): Min: 0.6, Avg: 0.7, Max: 0.7, Diff: 0.1, Sum: 5.3]
      [Update RS (ms): Min: 0.0, Avg: 0.0, Max: 0.1, Diff: 0.1, Sum: 0.2]
         [Processed Buffers: Min: 0, Avg: 0.9, Max: 2, Diff: 2, Sum: 7]
      [Scan RS (ms): Min: 0.4, Avg: 0.4, Max: 0.5, Diff: 0.1, Sum: 3.5]
      [Code Root Scanning (ms): Min: 0.0, Avg: 0.0, Max: 0.0, Diff: 0.0, Sum: 0.1]
      [Object Copy (ms): Min: 52.8, Avg: 52.8, Max: 52.8, Diff: 0.0, Sum: 422.4]
      [Termination (ms): Min: 0.0, Avg: 0.0, Max: 0.0, Diff: 0.0, Sum: 0.0]
      [GC Worker Other (ms): Min: 0.0, Avg: 0.1, Max: 0.1, Diff: 0.1, Sum: 0.4]
      [GC Worker Total (ms): Min: 53.9, Avg: 54.0, Max: 54.0, Diff: 0.1, Sum: 431.9]
      [GC Worker End (ms): Min: 256670.4, Avg: 256670.4, Max: 256670.4, Diff: 0.1]
   [Code Root Fixup: 0.1 ms]
   [Code Root Migration: 0.1 ms]
   [Clear CT: 0.4 ms]
   [Other: 0.9 ms]
      [Choose CSet: 0.0 ms]
      [Ref Proc: 0.1 ms]
      [Ref Enq: 0.0 ms]
      [Free CSet: 0.7 ms]
   [Eden: 992.0M(992.0M)->0.0B(988.0M) Survivors: 99.0M->102.0M Heap: 1613.0M(1934.0M)->624.0M(1934.0M)]
 [Times: user=0.44 sys=0.00, real=0.05 secs] 
256.672: Total time for which application threads were stopped: 0.0557680 seconds, Stopping threads took: 0.0000430 seconds
257.157: Application time: 0.4851530 seconds
257.157: [GC pause (young), 0.0559460 secs]
   [Parallel Time: 54.3 ms, GC Workers: 8]
      [GC Worker Start (ms): Min: 257157.3, Avg: 257157.3, Max: 257157.4, Diff: 0.1]
      [Ext Root Scanning (ms): Min: 0.6, Avg: 0.7, Max: 0.7, Diff: 0.1, Sum: 5.3]
      [Update RS (ms): Min: 0.0, Avg: 0.0, Max: 0.1, Diff: 0.1, Sum: 0.2]
         [Processed Buffers: Min: 0, Avg: 1.0, Max: 5, Diff: 5, Sum: 8]
      [Scan RS (ms): Min: 0.3, Avg: 0.4, Max: 0.5, Diff: 0.1, Sum: 3.4]
      [Code Root Scanning (ms): Min: 0.0, Avg: 0.0, Max: 0.0, Diff: 0.0, Sum: 0.1]
      [Object Copy (ms): Min: 53.1, Avg: 53.1, Max: 53.2, Diff: 0.1, Sum: 424.7]
      [Termination (ms): Min: 0.0, Avg: 0.0, Max: 0.0, Diff: 0.0, Sum: 0.0]
      [GC Worker Other (ms): Min: 0.0, Avg: 0.1, Max: 0.1, Diff: 0.0, Sum: 0.5]
      [GC Worker Total (ms): Min: 54.2, Avg: 54.3, Max: 54.3, Diff: 0.1, Sum: 434.1]
      [GC Worker End (ms): Min: 257211.6, Avg: 257211.6, Max: 257211.6, Diff: 0.0]
   [Code Root Fixup: 0.1 ms]
   [Code Root Migration: 0.1 ms]
   [Clear CT: 0.5 ms]
   [Other: 0.9 ms]
      [Choose CSet: 0.0 ms]
      [Ref Proc: 0.1 ms]
      [Ref Enq: 0.0 ms]
      [Free CSet: 0.7 ms]
   [Eden: 988.0M(988.0M)->0.0B(989.0M) Survivors: 102.0M->100.0M Heap: 1612.0M(1934.0M)->622.5M(1934.0M)]
 [Times: user=0.44 sys=0.00, real=0.05 secs] 
257.213: Total time for which application threads were stopped: 0.0561430 seconds, Stopping threads took: 0.0000570 seconds
257.706: Application time: 0.4929190 seconds
257.706: [GC pause (young), 0.0491410 secs]
   [Parallel Time: 47.6 ms, GC Workers: 8]
      [GC Worker Start (ms): Min: 257706.3, Avg: 257706.4, Max: 257706.4, Diff: 0.1]
      [Ext Root Scanning (ms): Min: 0.6, Avg: 0.6, Max: 0.7, Diff: 0.1, Sum: 5.1]
      [Update RS (ms): Min: 0.0, Avg: 0.0, Max: 0.1, Diff: 0.1, Sum: 0.2]
         [Processed Buffers: Min: 0, Avg: 1.0, Max: 3, Diff: 3, Sum: 8]
      [Scan RS (ms): Min: 0.4, Avg: 0.4, Max: 0.5, Diff: 0.1, Sum: 3.3]
      [Code Root Scanning (ms): Min: 0.0, Avg: 0.0, Max: 0.0, Diff: 0.0, Sum: 0.1]
      [Object Copy (ms): Min: 46.4, Avg: 46.4, Max: 46.4, Diff: 0.0, Sum: 371.3]
      [Termination (ms): Min: 0.0, Avg: 0.0, Max: 0.0, Diff: 0.0, Sum: 0.0]
      [GC Worker Other (ms): Min: 0.0, Avg: 0.0, Max: 0.1, Diff: 0.0, Sum: 0.4]
      [GC Worker Total (ms): Min: 47.5, Avg: 47.5, Max: 47.6, Diff: 0.1, Sum: 380.4]
      [GC Worker End (ms): Min: 257753.9, Avg: 257753.9, Max: 257753.9, Diff: 0.0]
   [Code Root Fixup: 0.1 ms]
   [Code Root Migration: 0.1 ms]
   [Clear CT: 0.4 ms]
   [Other: 0.9 ms]
      [Choose CSet: 0.0 ms]
      [Ref Proc: 0.1 ms]
      [Ref Enq: 0.0 ms]
      [Free CSet: 0.7 ms]
   [Eden: 989.0M(989.0M)->0.0B(1005.0M) Survivors: 100.0M->87.0M Heap: 1611.5M(1934.0M)->609.0M(1934.0M)]
 [Times: user=0.38 sys=0.00, real=0.05 secs] 
257.756: Total time for which application threads were stopped: 0.0492770 seconds, Stopping threads took: 0.0000120 seconds
258.251: Application time: 0.4957870 seconds
258.251: [GC pause (young), 0.0427450 secs]
   [Parallel Time: 41.2 ms, GC Workers: 8]
      [GC Worker Start (ms): Min: 258251.4, Avg: 258251.5, Max: 258251.5, Diff: 0.1]
      [Ext Root Scanning (ms): Min: 0.6, Avg: 0.7, Max: 0.7, Diff: 0.1, Sum: 5.3]
      [Update RS (ms): Min: 0.0, Avg: 0.0, Max: 0.1, Diff: 0.1, Sum: 0.2]
         [Processed Buffers: Min: 0, Avg: 1.0, Max: 3, Diff: 3, Sum: 8]
      [Scan RS (ms): Min: 0.4, Avg: 0.4, Max: 0.5, Diff: 0.1, Sum: 3.4]
      [Code Root Scanning (ms): Min: 0.0, Avg: 0.0, Max: 0.0, Diff: 0.0, Sum: 0.1]
      [Object Copy (ms): Min: 39.9, Avg: 39.9, Max: 39.9, Diff: 0.0, Sum: 319.1]
      [Termination (ms): Min: 0.0, Avg: 0.0, Max: 0.0, Diff: 0.0, Sum: 0.0]
      [GC Worker Other (ms): Min: 0.0, Avg: 0.1, Max: 0.1, Diff: 0.1, Sum: 0.4]
      [GC Worker Total (ms): Min: 41.0, Avg: 41.1, Max: 41.1, Diff: 0.1, Sum: 328.5]
      [GC Worker End (ms): Min: 258292.5, Avg: 258292.5, Max: 258292.5, Diff: 0.1]
   [Code Root Fixup: 0.1 ms]
   [Code Root Migration: 0.1 ms]
   [Clear CT: 0.4 ms]
   [Other: 0.9 ms]
      [Choose CSet: 0.0 ms]
      [Ref Proc: 0.1 ms]
      [Ref Enq: 0.0 ms]
      [Free CSet: 0.7 ms]
   [Eden: 1005.0M(1005.0M)->0.0B(1020.0M) Survivors: 87.0M->78.0M Heap: 1614.0M(1934.0M)->600.5M(1934.0M)]
 [Times: user=0.33 sys=0.00, real=0.05 secs] 
258.294: Total time for which application threads were stopped: 0.0429110 seconds, Stopping threads took: 0.0000400 seconds
258.796: Application time: 0.5013820 seconds
258.796: [GC pause (young), 0.0482440 secs]
   [Parallel Time: 46.7 ms, GC Workers: 8]
      [GC Worker Start (ms): Min: 258795.7, Avg: 258795.8, Max: 258795.8, Diff: 0.1]
      [Ext Root Scanning (ms): Min: 0.7, Avg: 0.7, Max: 0.7, Diff: 0.0, Sum: 5.4]
      [Update RS (ms): Min: 0.0, Avg: 0.0, Max: 0.1, Diff: 0.1, Sum: 0.3]
         [Processed Buffers: Min: 0, Avg: 0.9, Max: 4, Diff: 4, Sum: 7]
      [Scan RS (ms): Min: 0.4, Avg: 0.4, Max: 0.5, Diff: 0.1, Sum: 3.6]
      [Code Root Scanning (ms): Min: 0.0, Avg: 0.0, Max: 0.0, Diff: 0.0, Sum: 0.1]
      [Object Copy (ms): Min: 45.4, Avg: 45.4, Max: 45.4, Diff: 0.1, Sum: 363.2]
      [Termination (ms): Min: 0.0, Avg: 0.0, Max: 0.0, Diff: 0.0, Sum: 0.0]
      [GC Worker Other (ms): Min: 0.0, Avg: 0.1, Max: 0.1, Diff: 0.1, Sum: 0.4]
      [GC Worker Total (ms): Min: 46.6, Avg: 46.6, Max: 46.7, Diff: 0.1, Sum: 372.9]
      [GC Worker End (ms): Min: 258842.4, Avg: 258842.4, Max: 258842.4, Diff: 0.1]
   [Code Root Fixup: 0.1 ms]
   [Code Root Migration: 0.1 ms]
   [Clear CT: 0.4 ms]
   [Other: 0.9 ms]
      [Choose CSet: 0.0 ms]
      [Ref Proc: 0.1 ms]
      [Ref Enq: 0.0 ms]
      [Free CSet: 0.7 ms]
   [Eden: 1020.0M(1020.0M)->0.0B(1013.0M) Survivors: 78.0M->87.0M Heap: 1620.5M(1934.0M)->609.0M(1934.0M)]
 [Times: user=0.37 sys=0.00, real=0.04 secs] 
258.844: Total time for which application threads were stopped: 0.0484390 seconds, Stopping threads took: 0.0000610 seconds
259.337: Application time: 0.4932650 seconds
259.337: [GC pause (young), 0.0459290 secs]
   [Parallel Time: 44.2 ms, GC Workers: 8]
      [GC Worker Start (ms): Min: 259337.4, Avg: 259337.5, Max: 259337.5, Diff: 0.1]
      [Ext Root Scanning (ms): Min: 0.6, Avg: 0.7, Max: 0.7, Diff: 0.1, Sum: 5.3]
      [Update RS (ms): Min: 0.0, Avg: 0.0, Max: 0.1, Diff: 0.1, Sum: 0.2]
         [Processed Buffers: Min: 0, Avg: 0.9, Max: 4, Diff: 4, Sum: 7]
      [Scan RS (ms): Min: 0.4, Avg: 0.4, Max: 0.5, Diff: 0.1, Sum: 3.3]
      [Code Root Scanning (ms): Min: 0.0, Avg: 0.0, Max: 0.0, Diff: 0.0, Sum: 0.1]
      [Object Copy (ms): Min: 42.1, Avg: 42.1, Max: 42.3, Diff: 0.2, Sum: 337.0]
      [Termination (ms): Min: 0.0, Avg: 0.3, Max: 0.8, Diff: 0.8, Sum: 2.1]
      [GC Worker Other (ms): Min: 0.0, Avg: 0.0, Max: 0.1, Diff: 0.1, Sum: 0.3]
      [GC Worker Total (ms): Min: 43.4, Avg: 43.5, Max: 44.1, Diff: 0.6, Sum: 348.3]
      [GC Worker End (ms): Min: 259380.9, Avg: 259381.0, Max: 259381.5, Diff: 0.6]
   [Code Root Fixup: 0.1 ms]
   [Code Root Migration: 0.1 ms]
   [Clear CT: 0.5 ms]
   [Other: 1.0 ms]
      [Choose CSet: 0.0 ms]
      [Ref Proc: 0.2 ms]
      [Ref Enq: 0.0 ms]
      [Free CSet: 0.7 ms]
   [Eden: 1013.0M(1013.0M)->0.0B(1020.0M) Survivors: 87.0M->82.0M Heap: 1622.0M(1934.0M)->604.0M(1934.0M)]
 [Times: user=0.35 sys=0.00, real=0.04 secs] 
259.383: Total time for which application threads were stopped: 0.0461050 seconds, Stopping threads took: 0.0000550 seconds
259.878: Application time: 0.4944290 seconds
259.878: [GC pause (young), 0.0488590 secs]
   [Parallel Time: 47.2 ms, GC Workers: 8]
      [GC Worker Start (ms): Min: 259878.0, Avg: 259878.0, Max: 259878.1, Diff: 0.1]
      [Ext Root Scanning (ms): Min: 0.6, Avg: 0.7, Max: 0.7, Diff: 0.1, Sum: 5.3]
      [Update RS (ms): Min: 0.0, Avg: 0.0, Max: 0.1, Diff: 0.1, Sum: 0.2]
         [Processed Buffers: Min: 0, Avg: 0.9, Max: 2, Diff: 2, Sum: 7]
      [Scan RS (ms): Min: 0.4, Avg: 0.4, Max: 0.5, Diff: 0.1, Sum: 3.4]
      [Code Root Scanning (ms): Min: 0.0, Avg: 0.0, Max: 0.0, Diff: 0.0, Sum: 0.1]
      [Object Copy (ms): Min: 46.0, Avg: 46.0, Max: 46.0, Diff: 0.1, Sum: 367.9]
      [Termination (ms): Min: 0.0, Avg: 0.0, Max: 0.0, Diff: 0.0, Sum: 0.0]
      [GC Worker Other (ms): Min: 0.0, Avg: 0.0, Max: 0.1, Diff: 0.0, Sum: 0.4]
      [GC Worker Total (ms): Min: 47.1, Avg: 47.2, Max: 47.2, Diff: 0.1, Sum: 377.3]
      [GC Worker End (ms): Min: 259925.2, Avg: 259925.2, Max: 259925.2, Diff: 0.0]
   [Code Root Fixup: 0.1 ms]
   [Code Root Migration: 0.1 ms]
   [Clear CT: 0.4 ms]
   [Other: 0.9 ms]
      [Choose CSet: 0.0 ms]
      [Ref Proc: 0.2 ms]
      [Ref Enq: 0.0 ms]
      [Free CSet: 0.7 ms]
   [Eden: 1020.0M(1020.0M)->0.0B(1014.0M) Survivors: 82.0M->88.0M Heap: 1624.0M(1934.0M)->610.5M(1934.0M)]
 [Times: user=0.38 sys=0.01, real=0.05 secs] 
259.927: Total time for which application threads were stopped: 0.0490510 seconds, Stopping threads took: 0.0000700 seconds
260.428: Application time: 0.5009330 seconds
260.428: [GC pause (young), 0.0447060 secs]
   [Parallel Time: 43.1 ms, GC Workers: 8]
      [GC Worker Start (ms): Min: 260428.0, Avg: 260428.0, Max: 260428.0, Diff: 0.1]
      [Ext Root Scanning (ms): Min: 0.6, Avg: 0.7, Max: 0.7, Diff: 0.1, Sum: 5.6]
      [Update RS (ms): Min: 0.0, Avg: 0.0, Max: 0.1, Diff: 0.1, Sum: 0.3]
         [Processed Buffers: Min: 0, Avg: 0.9, Max: 2, Diff: 2, Sum: 7]
      [Scan RS (ms): Min: 0.4, Avg: 0.4, Max: 0.5, Diff: 0.1, Sum: 3.5]
      [Code Root Scanning (ms): Min: 0.0, Avg: 0.0, Max: 0.0, Diff: 0.0, Sum: 0.1]
      [Object Copy (ms): Min: 41.8, Avg: 41.8, Max: 41.9, Diff: 0.1, Sum: 334.7]
      [Termination (ms): Min: 0.0, Avg: 0.0, Max: 0.0, Diff: 0.0, Sum: 0.0]
      [GC Worker Other (ms): Min: 0.0, Avg: 0.0, Max: 0.1, Diff: 0.0, Sum: 0.3]
      [GC Worker Total (ms): Min: 43.0, Avg: 43.1, Max: 43.1, Diff: 0.1, Sum: 344.5]
      [GC Worker End (ms): Min: 260471.0, Avg: 260471.1, Max: 260471.1, Diff: 0.0]
   [Code Root Fixup: 0.2 ms]
   [Code Root Migration: 0.1 ms]
   [Clear CT: 0.4 ms]
   [Other: 0.9 ms]
      [Choose CSet: 0.0 ms]
      [Ref Proc: 0.1 ms]
      [Ref Enq: 0.0 ms]
      [Free CSet: 0.7 ms]
   [Eden: 1014.0M(1014.0M)->0.0B(1020.0M) Survivors: 88.0M->84.0M Heap: 1624.5M(1934.0M)->606.0M(1934.0M)]
 [Times: user=0.35 sys=0.00, real=0.04 secs] 
260.473: Total time for which application threads were stopped: 0.0449030 seconds, Stopping threads took: 0.0000610 seconds
260.967: Application time: 0.4946780 seconds
260.968: [GC pause (young), 0.0530530 secs]
   [Parallel Time: 51.4 ms, GC Workers: 8]
      [GC Worker Start (ms): Min: 260967.5, Avg: 260967.6, Max: 260967.6, Diff: 0.1]
      [Ext Root Scanning (ms): Min: 0.6, Avg: 0.7, Max: 0.7, Diff: 0.1, Sum: 5.3]
      [Update RS (ms): Min: 0.0, Avg: 0.2, Max: 1.3, Diff: 1.3, Sum: 1.5]
         [Processed Buffers: Min: 0, Avg: 0.9, Max: 4, Diff: 4, Sum: 7]
      [Scan RS (ms): Min: 0.0, Avg: 0.4, Max: 0.5, Diff: 0.5, Sum: 3.2]
      [Code Root Scanning (ms): Min: 0.0, Avg: 0.0, Max: 0.0, Diff: 0.0, Sum: 0.1]
      [Object Copy (ms): Min: 49.3, Avg: 50.0, Max: 50.2, Diff: 0.9, Sum: 400.1]
      [Termination (ms): Min: 0.0, Avg: 0.0, Max: 0.0, Diff: 0.0, Sum: 0.0]
      [GC Worker Other (ms): Min: 0.0, Avg: 0.1, Max: 0.1, Diff: 0.0, Sum: 0.4]
      [GC Worker Total (ms): Min: 51.3, Avg: 51.3, Max: 51.4, Diff: 0.1, Sum: 410.5]
      [GC Worker End (ms): Min: 261018.9, Avg: 261018.9, Max: 261018.9, Diff: 0.0]
   [Code Root Fixup: 0.1 ms]
   [Code Root Migration: 0.1 ms]
   [Clear CT: 0.4 ms]
   [Other: 0.9 ms]
      [Choose CSet: 0.0 ms]
      [Ref Proc: 0.2 ms]
      [Ref Enq: 0.0 ms]
      [Free CSet: 0.7 ms]
   [Eden: 1020.0M(1020.0M)->0.0B(1002.0M) Survivors: 84.0M->98.0M Heap: 1626.0M(1934.0M)->620.0M(1934.0M)]
 [Times: user=0.41 sys=0.00, real=0.05 secs] 
261.021: Total time for which application threads were stopped: 0.0532280 seconds, Stopping threads took: 0.0000420 seconds
261.512: Application time: 0.4915000 seconds
261.512: [GC pause (young), 0.0564600 secs]
   [Parallel Time: 54.9 ms, GC Workers: 8]
      [GC Worker Start (ms): Min: 261512.3, Avg: 261512.3, Max: 261512.3, Diff: 0.1]
      [Ext Root Scanning (ms): Min: 0.6, Avg: 0.6, Max: 0.7, Diff: 0.1, Sum: 5.2]
      [Update RS (ms): Min: 0.0, Avg: 0.0, Max: 0.1, Diff: 0.1, Sum: 0.2]
         [Processed Buffers: Min: 0, Avg: 0.9, Max: 3, Diff: 3, Sum: 7]
      [Scan RS (ms): Min: 0.4, Avg: 0.4, Max: 0.5, Diff: 0.1, Sum: 3.4]
      [Code Root Scanning (ms): Min: 0.0, Avg: 0.0, Max: 0.0, Diff: 0.0, Sum: 0.0]
      [Object Copy (ms): Min: 53.6, Avg: 53.6, Max: 53.7, Diff: 0.1, Sum: 429.0]
      [Termination (ms): Min: 0.0, Avg: 0.0, Max: 0.0, Diff: 0.0, Sum: 0.0]
      [GC Worker Other (ms): Min: 0.0, Avg: 0.1, Max: 0.1, Diff: 0.0, Sum: 0.5]
      [GC Worker Total (ms): Min: 54.7, Avg: 54.8, Max: 54.8, Diff: 0.1, Sum: 438.3]
      [GC Worker End (ms): Min: 261567.1, Avg: 261567.1, Max: 261567.1, Diff: 0.0]
   [Code Root Fixup: 0.1 ms]
   [Code Root Migration: 0.1 ms]
   [Clear CT: 0.5 ms]
   [Other: 0.9 ms]
      [Choose CSet: 0.0 ms]
      [Ref Proc: 0.1 ms]
      [Ref Enq: 0.0 ms]
      [Free CSet: 0.7 ms]
   [Eden: 1002.0M(1002.0M)->0.0B(995.0M) Survivors: 98.0M->101.0M Heap: 1622.0M(1934.0M)->623.1M(1934.0M)]
 [Times: user=0.45 sys=0.00, real=0.06 secs] 
261.569: Total time for which application threads were stopped: 0.0566370 seconds, Stopping threads took: 0.0000490 seconds
262.062: Application time: 0.4928050 seconds
262.062: [GC pause (young), 0.0491430 secs]
   [Parallel Time: 47.5 ms, GC Workers: 8]
      [GC Worker Start (ms): Min: 262061.7, Avg: 262061.7, Max: 262061.8, Diff: 0.1]
      [Ext Root Scanning (ms): Min: 0.6, Avg: 0.7, Max: 0.7, Diff: 0.1, Sum: 5.2]
      [Update RS (ms): Min: 0.0, Avg: 0.0, Max: 0.1, Diff: 0.1, Sum: 0.2]
         [Processed Buffers: Min: 0, Avg: 1.2, Max: 3, Diff: 3, Sum: 10]
      [Scan RS (ms): Min: 0.4, Avg: 0.4, Max: 0.5, Diff: 0.1, Sum: 3.4]
      [Code Root Scanning (ms): Min: 0.0, Avg: 0.0, Max: 0.0, Diff: 0.0, Sum: 0.0]
      [Object Copy (ms): Min: 46.2, Avg: 46.2, Max: 46.2, Diff: 0.0, Sum: 369.6]
      [Termination (ms): Min: 0.0, Avg: 0.0, Max: 0.0, Diff: 0.0, Sum: 0.0]
      [GC Worker Other (ms): Min: 0.0, Avg: 0.1, Max: 0.1, Diff: 0.0, Sum: 0.5]
      [GC Worker Total (ms): Min: 47.3, Avg: 47.4, Max: 47.4, Diff: 0.1, Sum: 379.0]
      [GC Worker End (ms): Min: 262109.1, Avg: 262109.1, Max: 262109.1, Diff: 0.0]
   [Code Root Fixup: 0.1 ms]
   [Code Root Migration: 0.1 ms]
   [Clear CT: 0.5 ms]
   [Other: 1.0 ms]
      [Choose CSet: 0.0 ms]
      [Ref Proc: 0.2 ms]
      [Ref Enq: 0.0 ms]
      [Free CSet: 0.7 ms]
   [Eden: 995.0M(995.0M)->0.0B(1008.0M) Survivors: 101.0M->89.0M Heap: 1618.1M(1934.0M)->611.1M(1934.0M)]
 [Times: user=0.38 sys=0.00, real=0.05 secs] 
262.111: Total time for which application threads were stopped: 0.0493160 seconds, Stopping threads took: 0.0000360 seconds
262.603: Application time: 0.4920850 seconds
262.603: [GC pause (young), 0.0430820 secs]
   [Parallel Time: 41.4 ms, GC Workers: 8]
      [GC Worker Start (ms): Min: 262603.1, Avg: 262603.2, Max: 262603.2, Diff: 0.1]
      [Ext Root Scanning (ms): Min: 0.6, Avg: 0.7, Max: 0.7, Diff: 0.1, Sum: 5.5]
      [Update RS (ms): Min: 0.0, Avg: 0.0, Max: 0.1, Diff: 0.1, Sum: 0.3]
         [Processed Buffers: Min: 0, Avg: 1.1, Max: 4, Diff: 4, Sum: 9]
      [Scan RS (ms): Min: 0.4, Avg: 0.5, Max: 0.5, Diff: 0.1, Sum: 3.6]
      [Code Root Scanning (ms): Min: 0.0, Avg: 0.0, Max: 0.0, Diff: 0.0, Sum: 0.1]
      [Object Copy (ms): Min: 40.0, Avg: 40.1, Max: 40.1, Diff: 0.1, Sum: 320.7]
      [Termination (ms): Min: 0.0, Avg: 0.0, Max: 0.0, Diff: 0.0, Sum: 0.0]
      [GC Worker Other (ms): Min: 0.0, Avg: 0.1, Max: 0.1, Diff: 0.0, Sum: 0.5]
      [GC Worker Total (ms): Min: 41.3, Avg: 41.3, Max: 41.3, Diff: 0.0, Sum: 330.6]
      [GC Worker End (ms): Min: 262644.5, Avg: 262644.5, Max: 262644.5, Diff: 0.0]
   [Code Root Fixup: 0.1 ms]
   [Code Root Migration: 0.1 ms]
   [Clear CT: 0.5 ms]
   [Other: 1.0 ms]
      [Choose CSet: 0.0 ms]
      [Ref Proc: 0.1 ms]
      [Ref Enq: 0.0 ms]
      [Free CSet: 0.8 ms]
   [Eden: 1008.0M(1008.0M)->0.0B(1021.0M) Survivors: 89.0M->79.0M Heap: 1619.1M(1934.0M)->601.6M(1934.0M)]
 [Times: user=0.34 sys=0.00, real=0.05 secs] 
262.646: Total time for which application threads were stopped: 0.0432670 seconds, Stopping threads took: 0.0000510 seconds
263.139: Application time: 0.4926140 seconds
263.139: [GC pause (young), 0.0507740 secs]
   [Parallel Time: 49.1 ms, GC Workers: 8]
      [GC Worker Start (ms): Min: 263139.0, Avg: 263139.0, Max: 263139.1, Diff: 0.1]
      [Ext Root Scanning (ms): Min: 0.6, Avg: 0.7, Max: 0.8, Diff: 0.1, Sum: 5.5]
      [Update RS (ms): Min: 0.0, Avg: 0.0, Max: 0.1, Diff: 0.1, Sum: 0.3]
         [Processed Buffers: Min: 0, Avg: 1.0, Max: 5, Diff: 5, Sum: 8]
      [Scan RS (ms): Min: 0.4, Avg: 0.4, Max: 0.5, Diff: 0.1, Sum: 3.5]
      [Code Root Scanning (ms): Min: 0.0, Avg: 0.0, Max: 0.0, Diff: 0.0, Sum: 0.1]
      [Object Copy (ms): Min: 47.6, Avg: 47.7, Max: 47.8, Diff: 0.1, Sum: 381.6]
      [Termination (ms): Min: 0.0, Avg: 0.0, Max: 0.0, Diff: 0.0, Sum: 0.0]
      [GC Worker Other (ms): Min: 0.0, Avg: 0.1, Max: 0.1, Diff: 0.1, Sum: 0.5]
      [GC Worker Total (ms): Min: 48.9, Avg: 48.9, Max: 49.0, Diff: 0.1, Sum: 391.5]
      [GC Worker End (ms): Min: 263187.9, Avg: 263188.0, Max: 263188.0, Diff: 0.1]
   [Code Root Fixup: 0.1 ms]
   [Code Root Migration: 0.1 ms]
   [Clear CT: 0.4 ms]
   [Other: 1.0 ms]
      [Choose CSet: 0.0 ms]
      [Ref Proc: 0.1 ms]
      [Ref Enq: 0.0 ms]
      [Free CSet: 0.8 ms]
   [Eden: 1021.0M(1021.0M)->0.0B(1004.0M) Survivors: 79.0M->94.0M Heap: 1622.6M(1934.0M)->616.1M(1934.0M)]
 [Times: user=0.39 sys=0.00, real=0.05 secs] 
263.190: Total time for which application threads were stopped: 0.0509300 seconds, Stopping threads took: 0.0000130 seconds
263.677: Application time: 0.4875630 seconds
263.677: [GC pause (young), 0.0545840 secs]
   [Parallel Time: 52.9 ms, GC Workers: 8]
      [GC Worker Start (ms): Min: 263677.5, Avg: 263677.6, Max: 263677.6, Diff: 0.1]
      [Ext Root Scanning (ms): Min: 0.6, Avg: 0.7, Max: 0.7, Diff: 0.1, Sum: 5.2]
      [Update RS (ms): Min: 0.0, Avg: 0.0, Max: 0.1, Diff: 0.1, Sum: 0.2]
         [Processed Buffers: Min: 0, Avg: 1.0, Max: 2, Diff: 2, Sum: 8]
      [Scan RS (ms): Min: 0.4, Avg: 0.4, Max: 0.5, Diff: 0.1, Sum: 3.4]
      [Code Root Scanning (ms): Min: 0.0, Avg: 0.0, Max: 0.0, Diff: 0.0, Sum: 0.1]
      [Object Copy (ms): Min: 51.6, Avg: 51.6, Max: 51.7, Diff: 0.1, Sum: 413.0]
      [Termination (ms): Min: 0.0, Avg: 0.0, Max: 0.0, Diff: 0.0, Sum: 0.0]
      [GC Worker Other (ms): Min: 0.0, Avg: 0.1, Max: 0.1, Diff: 0.0, Sum: 0.5]
      [GC Worker Total (ms): Min: 52.7, Avg: 52.8, Max: 52.8, Diff: 0.1, Sum: 422.3]
      [GC Worker End (ms): Min: 263730.3, Avg: 263730.4, Max: 263730.4, Diff: 0.0]
   [Code Root Fixup: 0.1 ms]
   [Code Root Migration: 0.1 ms]
   [Clear CT: 0.5 ms]
   [Other: 1.0 ms]
      [Choose CSet: 0.0 ms]
      [Ref Proc: 0.1 ms]
      [Ref Enq: 0.0 ms]
      [Free CSet: 0.8 ms]
   [Eden: 1004.0M(1004.0M)->0.0B(998.0M) Survivors: 94.0M->98.0M Heap: 1620.1M(1934.0M)->620.1M(1934.0M)]
 [Times: user=0.42 sys=0.00, real=0.05 secs] 
263.732: Total time for which application threads were stopped: 0.0547820 seconds, Stopping threads took: 0.0000670 seconds
264.230: Application time: 0.4974440 seconds
264.230: [GC pause (young), 0.0508970 secs]
   [Parallel Time: 49.2 ms, GC Workers: 8]
      [GC Worker Start (ms): Min: 264229.8, Avg: 264229.8, Max: 264229.8, Diff: 0.1]
      [Ext Root Scanning (ms): Min: 0.6, Avg: 0.7, Max: 0.7, Diff: 0.1, Sum: 5.5]
      [Update RS (ms): Min: 0.0, Avg: 0.0, Max: 0.1, Diff: 0.1, Sum: 0.3]
         [Processed Buffers: Min: 0, Avg: 1.0, Max: 3, Diff: 3, Sum: 8]
      [Scan RS (ms): Min: 0.4, Avg: 0.5, Max: 0.5, Diff: 0.2, Sum: 3.6]
      [Code Root Scanning (ms): Min: 0.0, Avg: 0.0, Max: 0.0, Diff: 0.0, Sum: 0.1]
      [Object Copy (ms): Min: 47.8, Avg: 47.9, Max: 48.1, Diff: 0.3, Sum: 383.3]
      [Termination (ms): Min: 0.0, Avg: 0.0, Max: 0.0, Diff: 0.0, Sum: 0.0]
      [GC Worker Other (ms): Min: 0.0, Avg: 0.1, Max: 0.1, Diff: 0.1, Sum: 0.5]
      [GC Worker Total (ms): Min: 49.1, Avg: 49.2, Max: 49.2, Diff: 0.1, Sum: 393.3]
      [GC Worker End (ms): Min: 264278.9, Avg: 264279.0, Max: 264279.0, Diff: 0.1]
   [Code Root Fixup: 0.1 ms]
   [Code Root Migration: 0.1 ms]
   [Clear CT: 0.4 ms]
   [Other: 1.0 ms]
      [Choose CSet: 0.0 ms]
      [Ref Proc: 0.1 ms]
      [Ref Enq: 0.0 ms]
      [Free CSet: 0.8 ms]
   [Eden: 998.0M(998.0M)->0.0B(1003.0M) Survivors: 98.0M->93.0M Heap: 1618.1M(1934.0M)->615.1M(1934.0M)]
 [Times: user=0.40 sys=0.00, real=0.05 secs] 
264.281: Total time for which application threads were stopped: 0.0511000 seconds, Stopping threads took: 0.0000750 seconds
264.771: Application time: 0.4904150 seconds
264.771: [GC pause (young), 0.0479620 secs]
   [Parallel Time: 46.3 ms, GC Workers: 8]
      [GC Worker Start (ms): Min: 264771.3, Avg: 264771.3, Max: 264771.4, Diff: 0.1]
      [Ext Root Scanning (ms): Min: 0.6, Avg: 0.7, Max: 0.7, Diff: 0.1, Sum: 5.4]
      [Update RS (ms): Min: 0.0, Avg: 0.0, Max: 0.1, Diff: 0.1, Sum: 0.3]
         [Processed Buffers: Min: 0, Avg: 1.0, Max: 3, Diff: 3, Sum: 8]
      [Scan RS (ms): Min: 0.4, Avg: 0.4, Max: 0.5, Diff: 0.0, Sum: 3.4]
      [Code Root Scanning (ms): Min: 0.0, Avg: 0.0, Max: 0.0, Diff: 0.0, Sum: 0.1]
      [Object Copy (ms): Min: 45.0, Avg: 45.0, Max: 45.0, Diff: 0.0, Sum: 359.8]
      [Termination (ms): Min: 0.0, Avg: 0.0, Max: 0.0, Diff: 0.0, Sum: 0.0]
      [GC Worker Other (ms): Min: 0.0, Avg: 0.1, Max: 0.1, Diff: 0.1, Sum: 0.5]
      [GC Worker Total (ms): Min: 46.1, Avg: 46.2, Max: 46.2, Diff: 0.1, Sum: 369.5]
      [GC Worker End (ms): Min: 264817.5, Avg: 264817.5, Max: 264817.5, Diff: 0.1]
   [Code Root Fixup: 0.1 ms]
   [Code Root Migration: 0.1 ms]
   [Clear CT: 0.5 ms]
   [Other: 1.0 ms]
      [Choose CSet: 0.0 ms]
      [Ref Proc: 0.1 ms]
      [Ref Enq: 0.0 ms]
      [Free CSet: 0.8 ms]
   [Eden: 1003.0M(1003.0M)->0.0B(1009.0M) Survivors: 93.0M->88.0M Heap: 1618.1M(1934.0M)->610.2M(1934.0M)]
 [Times: user=0.38 sys=0.00, real=0.05 secs] 
264.819: Total time for which application threads were stopped: 0.0481950 seconds, Stopping threads took: 0.0000990 seconds
265.315: Application time: 0.4960650 seconds
265.316: [GC pause (young), 0.0512610 secs]
   [Parallel Time: 49.7 ms, GC Workers: 8]
      [GC Worker Start (ms): Min: 265315.5, Avg: 265315.6, Max: 265315.6, Diff: 0.1]
      [Ext Root Scanning (ms): Min: 0.6, Avg: 0.7, Max: 0.7, Diff: 0.1, Sum: 5.3]
      [Update RS (ms): Min: 0.0, Avg: 0.0, Max: 0.1, Diff: 0.1, Sum: 0.2]
         [Processed Buffers: Min: 0, Avg: 1.0, Max: 4, Diff: 4, Sum: 8]
      [Scan RS (ms): Min: 0.4, Avg: 0.4, Max: 0.4, Diff: 0.1, Sum: 3.4]
      [Code Root Scanning (ms): Min: 0.0, Avg: 0.0, Max: 0.0, Diff: 0.0, Sum: 0.1]
      [Object Copy (ms): Min: 48.4, Avg: 48.4, Max: 48.4, Diff: 0.1, Sum: 387.2]
      [Termination (ms): Min: 0.0, Avg: 0.0, Max: 0.0, Diff: 0.0, Sum: 0.0]
      [GC Worker Other (ms): Min: 0.0, Avg: 0.1, Max: 0.1, Diff: 0.0, Sum: 0.5]
      [GC Worker Total (ms): Min: 49.6, Avg: 49.6, Max: 49.6, Diff: 0.1, Sum: 396.7]
      [GC Worker End (ms): Min: 265365.1, Avg: 265365.1, Max: 265365.2, Diff: 0.0]
   [Code Root Fixup: 0.1 ms]
   [Code Root Migration: 0.1 ms]
   [Clear CT: 0.5 ms]
   [Other: 0.9 ms]
      [Choose CSet: 0.0 ms]
      [Ref Proc: 0.1 ms]
      [Ref Enq: 0.0 ms]
      [Free CSet: 0.7 ms]
   [Eden: 1009.0M(1009.0M)->0.0B(1006.0M) Survivors: 88.0M->91.0M Heap: 1619.2M(1934.0M)->613.6M(1934.0M)]
 [Times: user=0.41 sys=0.00, real=0.05 secs] 
265.367: Total time for which application threads were stopped: 0.0514540 seconds, Stopping threads took: 0.0000590 seconds
265.862: Application time: 0.4955360 seconds
265.862: [GC pause (young), 0.0493910 secs]
   [Parallel Time: 47.8 ms, GC Workers: 8]
      [GC Worker Start (ms): Min: 265862.5, Avg: 265862.5, Max: 265862.6, Diff: 0.1]
      [Ext Root Scanning (ms): Min: 0.6, Avg: 0.7, Max: 0.7, Diff: 0.1, Sum: 5.4]
      [Update RS (ms): Min: 0.0, Avg: 0.0, Max: 0.1, Diff: 0.1, Sum: 0.2]
         [Processed Buffers: Min: 0, Avg: 1.0, Max: 3, Diff: 3, Sum: 8]
      [Scan RS (ms): Min: 0.4, Avg: 0.4, Max: 0.5, Diff: 0.1, Sum: 3.5]
      [Code Root Scanning (ms): Min: 0.0, Avg: 0.0, Max: 0.0, Diff: 0.0, Sum: 0.1]
      [Object Copy (ms): Min: 46.5, Avg: 46.5, Max: 46.5, Diff: 0.1, Sum: 372.0]
      [Termination (ms): Min: 0.0, Avg: 0.0, Max: 0.0, Diff: 0.0, Sum: 0.0]
      [GC Worker Other (ms): Min: 0.0, Avg: 0.0, Max: 0.1, Diff: 0.0, Sum: 0.4]
      [GC Worker Total (ms): Min: 47.7, Avg: 47.7, Max: 47.7, Diff: 0.1, Sum: 381.6]
      [GC Worker End (ms): Min: 265910.2, Avg: 265910.2, Max: 265910.3, Diff: 0.0]
   [Code Root Fixup: 0.2 ms]
   [Code Root Migration: 0.1 ms]
   [Clear CT: 0.4 ms]
   [Other: 0.9 ms]
      [Choose CSet: 0.0 ms]
      [Ref Proc: 0.1 ms]
      [Ref Enq: 0.0 ms]
      [Free CSet: 0.7 ms]
   [Eden: 1006.0M(1006.0M)->0.0B(1012.0M) Survivors: 91.0M->87.0M Heap: 1619.6M(1934.0M)->609.6M(1934.0M)]
 [Times: user=0.39 sys=0.00, real=0.05 secs] 
265.912: Total time for which application threads were stopped: 0.0495590 seconds, Stopping threads took: 0.0000380 seconds
266.419: Application time: 0.5072560 seconds
266.419: [GC pause (young), 0.0435590 secs]
   [Parallel Time: 42.0 ms, GC Workers: 8]
      [GC Worker Start (ms): Min: 266419.3, Avg: 266419.4, Max: 266419.4, Diff: 0.1]
      [Ext Root Scanning (ms): Min: 0.6, Avg: 0.7, Max: 0.7, Diff: 0.1, Sum: 5.3]
      [Update RS (ms): Min: 0.0, Avg: 0.0, Max: 0.1, Diff: 0.1, Sum: 0.3]
         [Processed Buffers: Min: 0, Avg: 1.0, Max: 3, Diff: 3, Sum: 8]
      [Scan RS (ms): Min: 0.4, Avg: 0.4, Max: 0.5, Diff: 0.1, Sum: 3.5]
      [Code Root Scanning (ms): Min: 0.0, Avg: 0.0, Max: 0.0, Diff: 0.0, Sum: 0.1]
      [Object Copy (ms): Min: 40.7, Avg: 40.7, Max: 40.8, Diff: 0.1, Sum: 325.8]
      [Termination (ms): Min: 0.0, Avg: 0.0, Max: 0.0, Diff: 0.0, Sum: 0.0]
      [GC Worker Other (ms): Min: 0.0, Avg: 0.1, Max: 0.1, Diff: 0.1, Sum: 0.5]
      [GC Worker Total (ms): Min: 41.9, Avg: 41.9, Max: 42.0, Diff: 0.1, Sum: 335.4]
      [GC Worker End (ms): Min: 266461.3, Avg: 266461.3, Max: 266461.3, Diff: 0.1]
   [Code Root Fixup: 0.1 ms]
   [Code Root Migration: 0.1 ms]
   [Clear CT: 0.4 ms]
   [Other: 0.9 ms]
      [Choose CSet: 0.0 ms]
      [Ref Proc: 0.1 ms]
      [Ref Enq: 0.0 ms]
      [Free CSet: 0.7 ms]
   [Eden: 1012.0M(1012.0M)->0.0B(1026.0M) Survivors: 87.0M->77.0M Heap: 1621.6M(1934.0M)->599.1M(1934.0M)]
 [Times: user=0.34 sys=0.00, real=0.04 secs] 
266.463: Total time for which application threads were stopped: 0.0437540 seconds, Stopping threads took: 0.0000530 seconds
266.964: Application time: 0.5009330 seconds
266.964: [GC pause (young), 0.0464720 secs]
   [Parallel Time: 44.9 ms, GC Workers: 8]
      [GC Worker Start (ms): Min: 266964.0, Avg: 266964.4, Max: 266965.6, Diff: 1.6]
      [Ext Root Scanning (ms): Min: 0.0, Avg: 0.5, Max: 0.8, Diff: 0.8, Sum: 4.3]
      [Update RS (ms): Min: 0.0, Avg: 0.0, Max: 0.1, Diff: 0.1, Sum: 0.2]
         [Processed Buffers: Min: 0, Avg: 0.8, Max: 4, Diff: 4, Sum: 6]
      [Scan RS (ms): Min: 0.0, Avg: 0.3, Max: 0.5, Diff: 0.5, Sum: 2.6]
      [Code Root Scanning (ms): Min: 0.0, Avg: 0.0, Max: 0.0, Diff: 0.0, Sum: 0.0]
      [Object Copy (ms): Min: 43.2, Avg: 43.5, Max: 43.6, Diff: 0.5, Sum: 347.8]
      [Termination (ms): Min: 0.0, Avg: 0.0, Max: 0.0, Diff: 0.0, Sum: 0.0]
      [GC Worker Other (ms): Min: 0.0, Avg: 0.1, Max: 0.1, Diff: 0.1, Sum: 0.6]
      [GC Worker Total (ms): Min: 43.2, Avg: 44.4, Max: 44.8, Diff: 1.6, Sum: 355.5]
      [GC Worker End (ms): Min: 267008.8, Avg: 267008.9, Max: 267008.9, Diff: 0.1]
   [Code Root Fixup: 0.1 ms]
   [Code Root Migration: 0.1 ms]
   [Clear CT: 0.4 ms]
   [Other: 0.9 ms]
      [Choose CSet: 0.0 ms]
      [Ref Proc: 0.1 ms]
      [Ref Enq: 0.0 ms]
      [Free CSet: 0.7 ms]
   [Eden: 1026.0M(1026.0M)->0.0B(1019.0M) Survivors: 77.0M->85.0M Heap: 1625.1M(1934.0M)->607.6M(1934.0M)]
 [Times: user=0.36 sys=0.00, real=0.05 secs] 
267.011: Total time for which application threads were stopped: 0.0466400 seconds, Stopping threads took: 0.0000390 seconds
267.505: Application time: 0.4939710 seconds
267.505: [GC pause (young), 0.0430310 secs]
   [Parallel Time: 41.4 ms, GC Workers: 8]
      [GC Worker Start (ms): Min: 267504.6, Avg: 267504.6, Max: 267504.7, Diff: 0.1]
      [Ext Root Scanning (ms): Min: 0.6, Avg: 0.7, Max: 0.7, Diff: 0.1, Sum: 5.5]
      [Update RS (ms): Min: 0.0, Avg: 0.0, Max: 0.1, Diff: 0.1, Sum: 0.2]
         [Processed Buffers: Min: 0, Avg: 0.8, Max: 2, Diff: 2, Sum: 6]
      [Scan RS (ms): Min: 0.4, Avg: 0.5, Max: 0.5, Diff: 0.1, Sum: 3.6]
      [Code Root Scanning (ms): Min: 0.0, Avg: 0.0, Max: 0.0, Diff: 0.0, Sum: 0.1]
      [Object Copy (ms): Min: 40.1, Avg: 40.1, Max: 40.1, Diff: 0.0, Sum: 321.0]
      [Termination (ms): Min: 0.0, Avg: 0.0, Max: 0.0, Diff: 0.0, Sum: 0.0]
      [GC Worker Other (ms): Min: 0.0, Avg: 0.0, Max: 0.1, Diff: 0.0, Sum: 0.3]
      [GC Worker Total (ms): Min: 41.3, Avg: 41.3, Max: 41.4, Diff: 0.1, Sum: 330.8]
      [GC Worker End (ms): Min: 267546.0, Avg: 267546.0, Max: 267546.0, Diff: 0.0]
   [Code Root Fixup: 0.1 ms]
   [Code Root Migration: 0.1 ms]
   [Clear CT: 0.5 ms]
   [Other: 0.9 ms]
      [Choose CSet: 0.0 ms]
      [Ref Proc: 0.1 ms]
      [Ref Enq: 0.0 ms]
      [Free CSet: 0.7 ms]
   [Eden: 1019.0M(1019.0M)->0.0B(1024.0M) Survivors: 85.0M->81.0M Heap: 1626.6M(1934.0M)->603.1M(1934.0M)]
 [Times: user=0.34 sys=0.00, real=0.05 secs] 
267.548: Total time for which application threads were stopped: 0.0431920 seconds, Stopping threads took: 0.0000330 seconds
268.037: Application time: 0.4894050 seconds
268.037: [GC pause (young), 0.0507510 secs]
   [Parallel Time: 49.0 ms, GC Workers: 8]
      [GC Worker Start (ms): Min: 268037.2, Avg: 268037.3, Max: 268037.3, Diff: 0.1]
      [Ext Root Scanning (ms): Min: 0.6, Avg: 0.7, Max: 0.8, Diff: 0.2, Sum: 5.3]
      [Update RS (ms): Min: 0.0, Avg: 0.0, Max: 0.1, Diff: 0.1, Sum: 0.2]
         [Processed Buffers: Min: 0, Avg: 0.8, Max: 3, Diff: 3, Sum: 6]
      [Scan RS (ms): Min: 0.3, Avg: 0.4, Max: 0.5, Diff: 0.2, Sum: 3.5]
      [Code Root Scanning (ms): Min: 0.0, Avg: 0.0, Max: 0.0, Diff: 0.0, Sum: 0.1]
      [Object Copy (ms): Min: 47.7, Avg: 47.8, Max: 47.8, Diff: 0.1, Sum: 382.2]
      [Termination (ms): Min: 0.0, Avg: 0.0, Max: 0.0, Diff: 0.0, Sum: 0.0]
      [GC Worker Other (ms): Min: 0.0, Avg: 0.0, Max: 0.1, Diff: 0.0, Sum: 0.4]
      [GC Worker Total (ms): Min: 48.9, Avg: 49.0, Max: 49.0, Diff: 0.1, Sum: 391.7]
      [GC Worker End (ms): Min: 268086.2, Avg: 268086.2, Max: 268086.2, Diff: 0.0]
   [Code Root Fixup: 0.1 ms]
   [Code Root Migration: 0.1 ms]
   [Clear CT: 0.5 ms]
   [Other: 1.0 ms]
      [Choose CSet: 0.0 ms]
      [Ref Proc: 0.1 ms]
      [Ref Enq: 0.0 ms]
      [Free CSet: 0.8 ms]
   [Eden: 1024.0M(1024.0M)->0.0B(1006.0M) Survivors: 81.0M->96.0M Heap: 1627.1M(1934.0M)->618.3M(1934.0M)]
 [Times: user=0.40 sys=0.00, real=0.05 secs] 
268.088: Total time for which application threads were stopped: 0.0509300 seconds, Stopping threads took: 0.0000400 seconds
268.579: Application time: 0.4912140 seconds
268.579: [GC pause (young), 0.0588610 secs]
   [Parallel Time: 57.3 ms, GC Workers: 8]
      [GC Worker Start (ms): Min: 268579.4, Avg: 268579.4, Max: 268579.4, Diff: 0.1]
      [Ext Root Scanning (ms): Min: 0.6, Avg: 0.7, Max: 0.7, Diff: 0.1, Sum: 5.3]
      [Update RS (ms): Min: 0.0, Avg: 0.0, Max: 0.1, Diff: 0.1, Sum: 0.2]
         [Processed Buffers: Min: 0, Avg: 0.8, Max: 4, Diff: 4, Sum: 6]
      [Scan RS (ms): Min: 0.4, Avg: 0.4, Max: 0.5, Diff: 0.2, Sum: 3.5]
      [Code Root Scanning (ms): Min: 0.0, Avg: 0.0, Max: 0.0, Diff: 0.0, Sum: 0.1]
      [Object Copy (ms): Min: 56.0, Avg: 56.0, Max: 56.1, Diff: 0.1, Sum: 448.3]
      [Termination (ms): Min: 0.0, Avg: 0.0, Max: 0.0, Diff: 0.0, Sum: 0.0]
      [GC Worker Other (ms): Min: 0.0, Avg: 0.0, Max: 0.1, Diff: 0.0, Sum: 0.4]
      [GC Worker Total (ms): Min: 57.2, Avg: 57.2, Max: 57.2, Diff: 0.1, Sum: 457.8]
      [GC Worker End (ms): Min: 268636.6, Avg: 268636.6, Max: 268636.7, Diff: 0.0]
   [Code Root Fixup: 0.1 ms]
   [Code Root Migration: 0.1 ms]
   [Clear CT: 0.5 ms]
   [Other: 0.9 ms]
      [Choose CSet: 0.0 ms]
      [Ref Proc: 0.1 ms]
      [Ref Enq: 0.0 ms]
      [Free CSet: 0.7 ms]
   [Eden: 1006.0M(1006.0M)->0.0B(990.0M) Survivors: 96.0M->106.0M Heap: 1624.3M(1934.0M)->628.7M(1934.0M)]
 [Times: user=0.46 sys=0.00, real=0.06 secs] 
268.638: Total time for which application threads were stopped: 0.0590380 seconds, Stopping threads took: 0.0000460 seconds
269.122: Application time: 0.4834110 seconds
269.122: [GC pause (young), 0.0547020 secs]
   [Parallel Time: 53.1 ms, GC Workers: 8]
      [GC Worker Start (ms): Min: 269121.8, Avg: 269122.3, Max: 269125.6, Diff: 3.7]
      [Ext Root Scanning (ms): Min: 0.0, Avg: 0.6, Max: 0.9, Diff: 0.8, Sum: 4.9]
      [Update RS (ms): Min: 0.0, Avg: 0.0, Max: 0.1, Diff: 0.1, Sum: 0.2]
         [Processed Buffers: Min: 0, Avg: 0.8, Max: 4, Diff: 4, Sum: 6]
      [Scan RS (ms): Min: 0.2, Avg: 0.4, Max: 0.5, Diff: 0.3, Sum: 3.2]
      [Code Root Scanning (ms): Min: 0.0, Avg: 0.0, Max: 0.0, Diff: 0.0, Sum: 0.1]
      [Object Copy (ms): Min: 49.0, Avg: 51.5, Max: 51.9, Diff: 2.8, Sum: 411.9]
      [Termination (ms): Min: 0.0, Avg: 0.0, Max: 0.0, Diff: 0.0, Sum: 0.0]
      [GC Worker Other (ms): Min: 0.0, Avg: 0.1, Max: 0.1, Diff: 0.1, Sum: 0.5]
      [GC Worker Total (ms): Min: 49.3, Avg: 52.6, Max: 53.1, Diff: 3.8, Sum: 420.7]
      [GC Worker End (ms): Min: 269174.9, Avg: 269174.9, Max: 269175.0, Diff: 0.0]
   [Code Root Fixup: 0.1 ms]
   [Code Root Migration: 0.1 ms]
   [Clear CT: 0.4 ms]
   [Other: 0.9 ms]
      [Choose CSet: 0.0 ms]
      [Ref Proc: 0.1 ms]
      [Ref Enq: 0.0 ms]
      [Free CSet: 0.7 ms]
   [Eden: 990.0M(990.0M)->0.0B(995.0M) Survivors: 106.0M->99.0M Heap: 1618.7M(1934.0M)->621.7M(1934.0M)]
 [Times: user=0.42 sys=0.00, real=0.06 secs] 
269.177: Total time for which application threads were stopped: 0.0548960 seconds, Stopping threads took: 0.0000570 seconds
269.666: Application time: 0.4898080 seconds
269.667: [GC pause (young), 0.0548110 secs]
   [Parallel Time: 53.2 ms, GC Workers: 8]
      [GC Worker Start (ms): Min: 269666.5, Avg: 269666.6, Max: 269666.6, Diff: 0.1]
      [Ext Root Scanning (ms): Min: 0.6, Avg: 0.7, Max: 0.7, Diff: 0.1, Sum: 5.3]
      [Update RS (ms): Min: 0.0, Avg: 0.0, Max: 0.1, Diff: 0.1, Sum: 0.2]
         [Processed Buffers: Min: 0, Avg: 0.8, Max: 3, Diff: 3, Sum: 6]
      [Scan RS (ms): Min: 0.4, Avg: 0.4, Max: 0.5, Diff: 0.1, Sum: 3.5]
      [Code Root Scanning (ms): Min: 0.0, Avg: 0.0, Max: 0.0, Diff: 0.0, Sum: 0.0]
      [Object Copy (ms): Min: 51.9, Avg: 51.9, Max: 52.0, Diff: 0.0, Sum: 415.4]
      [Termination (ms): Min: 0.0, Avg: 0.0, Max: 0.0, Diff: 0.0, Sum: 0.0]
      [GC Worker Other (ms): Min: 0.0, Avg: 0.1, Max: 0.1, Diff: 0.1, Sum: 0.6]
      [GC Worker Total (ms): Min: 53.1, Avg: 53.1, Max: 53.2, Diff: 0.1, Sum: 425.1]
      [GC Worker End (ms): Min: 269719.7, Avg: 269719.7, Max: 269719.7, Diff: 0.1]
   [Code Root Fixup: 0.1 ms]
   [Code Root Migration: 0.1 ms]
   [Clear CT: 0.4 ms]
   [Other: 0.9 ms]
      [Choose CSet: 0.0 ms]
      [Ref Proc: 0.1 ms]
      [Ref Enq: 0.0 ms]
      [Free CSet: 0.7 ms]
   [Eden: 995.0M(995.0M)->0.0B(991.0M) Survivors: 99.0M->100.0M Heap: 1616.7M(1934.0M)->622.2M(1934.0M)]
 [Times: user=0.43 sys=0.00, real=0.05 secs] 
269.721: Total time for which application threads were stopped: 0.0549840 seconds, Stopping threads took: 0.0000460 seconds
270.207: Application time: 0.4856550 seconds
270.207: [GC pause (young), 0.0552490 secs]
   [Parallel Time: 53.6 ms, GC Workers: 8]
      [GC Worker Start (ms): Min: 270207.2, Avg: 270207.2, Max: 270207.2, Diff: 0.1]
      [Ext Root Scanning (ms): Min: 0.6, Avg: 0.7, Max: 0.7, Diff: 0.1, Sum: 5.2]
      [Update RS (ms): Min: 0.0, Avg: 0.0, Max: 0.1, Diff: 0.1, Sum: 0.3]
         [Processed Buffers: Min: 0, Avg: 0.8, Max: 2, Diff: 2, Sum: 6]
      [Scan RS (ms): Min: 0.3, Avg: 0.4, Max: 0.5, Diff: 0.1, Sum: 3.3]
      [Code Root Scanning (ms): Min: 0.0, Avg: 0.0, Max: 0.0, Diff: 0.0, Sum: 0.1]
      [Object Copy (ms): Min: 52.4, Avg: 52.4, Max: 52.4, Diff: 0.0, Sum: 419.0]
      [Termination (ms): Min: 0.0, Avg: 0.0, Max: 0.0, Diff: 0.0, Sum: 0.1]
      [GC Worker Other (ms): Min: 0.0, Avg: 0.1, Max: 0.1, Diff: 0.1, Sum: 0.4]
      [GC Worker Total (ms): Min: 53.5, Avg: 53.5, Max: 53.6, Diff: 0.1, Sum: 428.4]
      [GC Worker End (ms): Min: 270260.7, Avg: 270260.8, Max: 270260.8, Diff: 0.1]
   [Code Root Fixup: 0.1 ms]
   [Code Root Migration: 0.1 ms]
   [Clear CT: 0.4 ms]
   [Other: 0.9 ms]
      [Choose CSet: 0.0 ms]
      [Ref Proc: 0.1 ms]
      [Ref Enq: 0.0 ms]
      [Free CSet: 0.7 ms]
   [Eden: 991.0M(991.0M)->0.0B(991.0M) Survivors: 100.0M->99.0M Heap: 1613.2M(1934.0M)->621.7M(1934.0M)]
 [Times: user=0.43 sys=0.00, real=0.05 secs] 
270.262: Total time for which application threads were stopped: 0.0554130 seconds, Stopping threads took: 0.0000380 seconds
270.752: Application time: 0.4897370 seconds
270.752: [GC pause (young), 0.0534550 secs]
   [Parallel Time: 51.8 ms, GC Workers: 8]
      [GC Worker Start (ms): Min: 270752.3, Avg: 270752.4, Max: 270752.4, Diff: 0.1]
      [Ext Root Scanning (ms): Min: 0.6, Avg: 0.7, Max: 0.7, Diff: 0.1, Sum: 5.2]
      [Update RS (ms): Min: 0.0, Avg: 0.0, Max: 0.1, Diff: 0.1, Sum: 0.2]
         [Processed Buffers: Min: 0, Avg: 0.8, Max: 2, Diff: 2, Sum: 6]
      [Scan RS (ms): Min: 0.4, Avg: 0.5, Max: 0.5, Diff: 0.1, Sum: 3.6]
      [Code Root Scanning (ms): Min: 0.0, Avg: 0.0, Max: 0.0, Diff: 0.0, Sum: 0.1]
      [Object Copy (ms): Min: 50.5, Avg: 50.5, Max: 50.6, Diff: 0.1, Sum: 404.3]
      [Termination (ms): Min: 0.0, Avg: 0.0, Max: 0.0, Diff: 0.0, Sum: 0.0]
      [GC Worker Other (ms): Min: 0.0, Avg: 0.1, Max: 0.1, Diff: 0.1, Sum: 0.5]
      [GC Worker Total (ms): Min: 51.7, Avg: 51.7, Max: 51.8, Diff: 0.1, Sum: 413.9]
      [GC Worker End (ms): Min: 270804.1, Avg: 270804.1, Max: 270804.1, Diff: 0.1]
   [Code Root Fixup: 0.1 ms]
   [Code Root Migration: 0.1 ms]
   [Clear CT: 0.5 ms]
   [Other: 1.0 ms]
      [Choose CSet: 0.0 ms]
      [Ref Proc: 0.1 ms]
      [Ref Enq: 0.0 ms]
      [Free CSet: 0.7 ms]
   [Eden: 991.0M(991.0M)->0.0B(998.0M) Survivors: 99.0M->93.0M Heap: 1612.7M(1934.0M)->615.2M(1934.0M)]
 [Times: user=0.42 sys=0.00, real=0.06 secs] 
270.806: Total time for which application threads were stopped: 0.0536390 seconds, Stopping threads took: 0.0000450 seconds
271.304: Application time: 0.4984310 seconds
271.304: [GC pause (young), 0.0468040 secs]
   [Parallel Time: 45.3 ms, GC Workers: 8]
      [GC Worker Start (ms): Min: 271304.4, Avg: 271304.5, Max: 271304.5, Diff: 0.1]
      [Ext Root Scanning (ms): Min: 0.6, Avg: 0.7, Max: 0.7, Diff: 0.1, Sum: 5.2]
      [Update RS (ms): Min: 0.0, Avg: 0.0, Max: 0.1, Diff: 0.1, Sum: 0.3]
         [Processed Buffers: Min: 0, Avg: 0.8, Max: 4, Diff: 4, Sum: 6]
      [Scan RS (ms): Min: 0.4, Avg: 0.4, Max: 0.5, Diff: 0.1, Sum: 3.4]
      [Code Root Scanning (ms): Min: 0.0, Avg: 0.0, Max: 0.0, Diff: 0.0, Sum: 0.1]
      [Object Copy (ms): Min: 44.0, Avg: 44.0, Max: 44.1, Diff: 0.1, Sum: 352.3]
      [Termination (ms): Min: 0.0, Avg: 0.0, Max: 0.0, Diff: 0.0, Sum: 0.0]
      [GC Worker Other (ms): Min: 0.0, Avg: 0.0, Max: 0.1, Diff: 0.0, Sum: 0.4]
      [GC Worker Total (ms): Min: 45.2, Avg: 45.2, Max: 45.2, Diff: 0.1, Sum: 361.6]
      [GC Worker End (ms): Min: 271349.6, Avg: 271349.7, Max: 271349.7, Diff: 0.0]
   [Code Root Fixup: 0.1 ms]
   [Code Root Migration: 0.1 ms]
   [Clear CT: 0.4 ms]
   [Other: 0.9 ms]
      [Choose CSet: 0.0 ms]
      [Ref Proc: 0.1 ms]
      [Ref Enq: 0.0 ms]
      [Free CSet: 0.7 ms]
   [Eden: 998.0M(998.0M)->0.0B(1013.0M) Survivors: 93.0M->82.0M Heap: 1613.2M(1934.0M)->604.2M(1934.0M)]
 [Times: user=0.37 sys=0.00, real=0.05 secs] 
271.351: Total time for which application threads were stopped: 0.0469990 seconds, Stopping threads took: 0.0000680 seconds
271.851: Application time: 0.4998690 seconds
271.851: [GC pause (young), 0.0350800 secs]
   [Parallel Time: 33.5 ms, GC Workers: 8]
      [GC Worker Start (ms): Min: 271851.3, Avg: 271851.3, Max: 271851.4, Diff: 0.1]
      [Ext Root Scanning (ms): Min: 0.6, Avg: 0.7, Max: 0.7, Diff: 0.1, Sum: 5.6]
      [Update RS (ms): Min: 0.0, Avg: 0.0, Max: 0.1, Diff: 0.1, Sum: 0.3]
         [Processed Buffers: Min: 0, Avg: 0.8, Max: 3, Diff: 3, Sum: 6]
      [Scan RS (ms): Min: 0.4, Avg: 0.5, Max: 0.5, Diff: 0.1, Sum: 3.7]
      [Code Root Scanning (ms): Min: 0.0, Avg: 0.0, Max: 0.0, Diff: 0.0, Sum: 0.1]
      [Object Copy (ms): Min: 32.1, Avg: 32.2, Max: 32.2, Diff: 0.1, Sum: 257.5]
      [Termination (ms): Min: 0.0, Avg: 0.0, Max: 0.0, Diff: 0.0, Sum: 0.0]
      [GC Worker Other (ms): Min: 0.0, Avg: 0.1, Max: 0.1, Diff: 0.0, Sum: 0.5]
      [GC Worker Total (ms): Min: 33.4, Avg: 33.5, Max: 33.5, Diff: 0.1, Sum: 267.6]
      [GC Worker End (ms): Min: 271884.7, Avg: 271884.8, Max: 271884.8, Diff: 0.0]
   [Code Root Fixup: 0.1 ms]
   [Code Root Migration: 0.2 ms]
   [Clear CT: 0.4 ms]
   [Other: 0.8 ms]
      [Choose CSet: 0.0 ms]
      [Ref Proc: 0.1 ms]
      [Ref Enq: 0.0 ms]
      [Free CSet: 0.7 ms]
   [Eden: 1013.0M(1013.0M)->0.0B(1040.0M) Survivors: 82.0M->64.0M Heap: 1617.2M(1934.0M)->586.2M(1934.0M)]
 [Times: user=0.28 sys=0.00, real=0.04 secs] 
271.886: Total time for which application threads were stopped: 0.0352610 seconds, Stopping threads took: 0.0000450 seconds
272.383: Application time: 0.4965740 seconds
272.383: [GC pause (young), 0.0424680 secs]
   [Parallel Time: 40.9 ms, GC Workers: 8]
      [GC Worker Start (ms): Min: 272383.1, Avg: 272383.4, Max: 272385.6, Diff: 2.4]
      [Ext Root Scanning (ms): Min: 0.0, Avg: 0.7, Max: 1.0, Diff: 1.0, Sum: 5.3]
      [Update RS (ms): Min: 0.0, Avg: 0.0, Max: 0.1, Diff: 0.1, Sum: 0.2]
         [Processed Buffers: Min: 0, Avg: 0.8, Max: 3, Diff: 3, Sum: 6]
      [Scan RS (ms): Min: 0.0, Avg: 0.4, Max: 0.5, Diff: 0.5, Sum: 3.1]
      [Code Root Scanning (ms): Min: 0.0, Avg: 0.0, Max: 0.0, Diff: 0.0, Sum: 0.1]
      [Object Copy (ms): Min: 38.3, Avg: 39.4, Max: 39.7, Diff: 1.4, Sum: 314.8]
      [Termination (ms): Min: 0.0, Avg: 0.0, Max: 0.0, Diff: 0.0, Sum: 0.0]
      [GC Worker Other (ms): Min: 0.0, Avg: 0.1, Max: 0.1, Diff: 0.0, Sum: 0.5]
      [GC Worker Total (ms): Min: 38.4, Avg: 40.5, Max: 40.8, Diff: 2.5, Sum: 324.0]
      [GC Worker End (ms): Min: 272423.9, Avg: 272423.9, Max: 272424.0, Diff: 0.1]
   [Code Root Fixup: 0.1 ms]
   [Code Root Migration: 0.1 ms]
   [Clear CT: 0.5 ms]
   [Other: 0.9 ms]
      [Choose CSet: 0.0 ms]
      [Ref Proc: 0.1 ms]
      [Ref Enq: 0.0 ms]
      [Free CSet: 0.7 ms]
   [Eden: 1040.0M(1040.0M)->0.0B(1021.0M) Survivors: 64.0M->82.0M Heap: 1626.2M(1934.0M)->604.2M(1934.0M)]
 [Times: user=0.32 sys=0.00, real=0.05 secs] 
272.426: Total time for which application threads were stopped: 0.0426470 seconds, Stopping threads took: 0.0000390 seconds
272.927: Application time: 0.5010100 seconds
272.927: [GC pause (young), 0.0555180 secs]
   [Parallel Time: 53.8 ms, GC Workers: 8]
      [GC Worker Start (ms): Min: 272926.8, Avg: 272926.8, Max: 272926.9, Diff: 0.1]
      [Ext Root Scanning (ms): Min: 0.6, Avg: 0.7, Max: 0.7, Diff: 0.1, Sum: 5.2]
      [Update RS (ms): Min: 0.0, Avg: 0.0, Max: 0.1, Diff: 0.1, Sum: 0.2]
         [Processed Buffers: Min: 0, Avg: 1.0, Max: 4, Diff: 4, Sum: 8]
      [Scan RS (ms): Min: 0.4, Avg: 0.5, Max: 0.5, Diff: 0.1, Sum: 3.6]
      [Code Root Scanning (ms): Min: 0.0, Avg: 0.0, Max: 0.0, Diff: 0.0, Sum: 0.1]
      [Object Copy (ms): Min: 52.5, Avg: 52.6, Max: 52.6, Diff: 0.1, Sum: 420.5]
      [Termination (ms): Min: 0.0, Avg: 0.0, Max: 0.0, Diff: 0.0, Sum: 0.0]
      [GC Worker Other (ms): Min: 0.0, Avg: 0.1, Max: 0.1, Diff: 0.0, Sum: 0.5]
      [GC Worker Total (ms): Min: 53.7, Avg: 53.8, Max: 53.8, Diff: 0.1, Sum: 430.1]
      [GC Worker End (ms): Min: 272980.6, Avg: 272980.6, Max: 272980.6, Diff: 0.0]
   [Code Root Fixup: 0.2 ms]
   [Code Root Migration: 0.1 ms]
   [Clear CT: 0.5 ms]
   [Other: 0.9 ms]
      [Choose CSet: 0.0 ms]
      [Ref Proc: 0.1 ms]
      [Ref Enq: 0.0 ms]
      [Free CSet: 0.7 ms]
   [Eden: 1021.0M(1021.0M)->0.0B(994.0M) Survivors: 82.0M->102.0M Heap: 1625.2M(1934.0M)->624.7M(1934.0M)]
 [Times: user=0.43 sys=0.00, real=0.05 secs] 
272.982: Total time for which application threads were stopped: 0.0557290 seconds, Stopping threads took: 0.0000800 seconds
273.481: Application time: 0.4981620 seconds
273.481: [GC pause (young), 0.0546230 secs]
   [Parallel Time: 53.1 ms, GC Workers: 8]
      [GC Worker Start (ms): Min: 273480.7, Avg: 273480.7, Max: 273480.7, Diff: 0.1]
      [Ext Root Scanning (ms): Min: 0.6, Avg: 0.7, Max: 0.7, Diff: 0.1, Sum: 5.2]
      [Update RS (ms): Min: 0.0, Avg: 0.0, Max: 0.1, Diff: 0.1, Sum: 0.2]
         [Processed Buffers: Min: 0, Avg: 0.8, Max: 3, Diff: 3, Sum: 6]
      [Scan RS (ms): Min: 0.4, Avg: 0.4, Max: 0.5, Diff: 0.1, Sum: 3.6]
      [Code Root Scanning (ms): Min: 0.0, Avg: 0.0, Max: 0.0, Diff: 0.0, Sum: 0.1]
      [Object Copy (ms): Min: 51.8, Avg: 51.8, Max: 51.9, Diff: 0.1, Sum: 414.4]
      [Termination (ms): Min: 0.0, Avg: 0.0, Max: 0.0, Diff: 0.0, Sum: 0.0]
      [GC Worker Other (ms): Min: 0.0, Avg: 0.1, Max: 0.1, Diff: 0.1, Sum: 0.4]
      [GC Worker Total (ms): Min: 52.9, Avg: 53.0, Max: 53.0, Diff: 0.1, Sum: 423.9]
      [GC Worker End (ms): Min: 273533.7, Avg: 273533.7, Max: 273533.7, Diff: 0.1]
   [Code Root Fixup: 0.1 ms]
   [Code Root Migration: 0.1 ms]
   [Clear CT: 0.5 ms]
   [Other: 0.9 ms]
      [Choose CSet: 0.0 ms]
      [Ref Proc: 0.1 ms]
      [Ref Enq: 0.0 ms]
      [Free CSet: 0.7 ms]
   [Eden: 994.0M(994.0M)->0.0B(993.0M) Survivors: 102.0M->99.0M Heap: 1618.7M(1934.0M)->621.2M(1934.0M)]
 [Times: user=0.43 sys=0.00, real=0.06 secs] 
273.535: Total time for which application threads were stopped: 0.0548060 seconds, Stopping threads took: 0.0000550 seconds
274.032: Application time: 0.4963680 seconds
274.032: [GC pause (young), 0.0468650 secs]
   [Parallel Time: 45.3 ms, GC Workers: 8]
      [GC Worker Start (ms): Min: 274031.8, Avg: 274031.8, Max: 274031.9, Diff: 0.1]
      [Ext Root Scanning (ms): Min: 0.6, Avg: 0.6, Max: 0.7, Diff: 0.1, Sum: 5.2]
      [Update RS (ms): Min: 0.0, Avg: 0.0, Max: 0.1, Diff: 0.1, Sum: 0.2]
         [Processed Buffers: Min: 0, Avg: 0.8, Max: 2, Diff: 2, Sum: 6]
      [Scan RS (ms): Min: 0.4, Avg: 0.4, Max: 0.5, Diff: 0.1, Sum: 3.4]
      [Code Root Scanning (ms): Min: 0.0, Avg: 0.0, Max: 0.0, Diff: 0.0, Sum: 0.1]
      [Object Copy (ms): Min: 44.0, Avg: 44.0, Max: 44.1, Diff: 0.1, Sum: 352.1]
      [Termination (ms): Min: 0.0, Avg: 0.0, Max: 0.0, Diff: 0.0, Sum: 0.0]
      [GC Worker Other (ms): Min: 0.0, Avg: 0.1, Max: 0.1, Diff: 0.0, Sum: 0.5]
      [GC Worker Total (ms): Min: 45.2, Avg: 45.2, Max: 45.2, Diff: 0.0, Sum: 361.5]
      [GC Worker End (ms): Min: 274077.0, Avg: 274077.0, Max: 274077.1, Diff: 0.0]
   [Code Root Fixup: 0.1 ms]
   [Code Root Migration: 0.1 ms]
   [Clear CT: 0.4 ms]
   [Other: 0.9 ms]
      [Choose CSet: 0.0 ms]
      [Ref Proc: 0.1 ms]
      [Ref Enq: 0.0 ms]
      [Free CSet: 0.7 ms]
   [Eden: 993.0M(993.0M)->0.0B(1012.0M) Survivors: 99.0M->82.0M Heap: 1614.2M(1934.0M)->604.7M(1934.0M)]
 [Times: user=0.37 sys=0.00, real=0.05 secs] 
274.079: Total time for which application threads were stopped: 0.0470150 seconds, Stopping threads took: 0.0000140 seconds
274.569: Application time: 0.4901430 seconds
274.569: [GC pause (young), 0.0376680 secs]
   [Parallel Time: 36.1 ms, GC Workers: 8]
      [GC Worker Start (ms): Min: 274569.0, Avg: 274569.1, Max: 274569.1, Diff: 0.1]
      [Ext Root Scanning (ms): Min: 0.6, Avg: 0.7, Max: 0.7, Diff: 0.1, Sum: 5.6]
      [Update RS (ms): Min: 0.0, Avg: 0.0, Max: 0.1, Diff: 0.1, Sum: 0.3]
         [Processed Buffers: Min: 0, Avg: 0.8, Max: 2, Diff: 2, Sum: 6]
      [Scan RS (ms): Min: 0.4, Avg: 0.4, Max: 0.5, Diff: 0.1, Sum: 3.4]
      [Code Root Scanning (ms): Min: 0.0, Avg: 0.0, Max: 0.0, Diff: 0.0, Sum: 0.1]
      [Object Copy (ms): Min: 34.8, Avg: 34.8, Max: 34.9, Diff: 0.0, Sum: 278.7]
      [Termination (ms): Min: 0.0, Avg: 0.0, Max: 0.0, Diff: 0.0, Sum: 0.0]
      [GC Worker Other (ms): Min: 0.0, Avg: 0.1, Max: 0.1, Diff: 0.0, Sum: 0.5]
      [GC Worker Total (ms): Min: 36.0, Avg: 36.1, Max: 36.1, Diff: 0.1, Sum: 288.5]
      [GC Worker End (ms): Min: 274605.1, Avg: 274605.1, Max: 274605.1, Diff: 0.0]
   [Code Root Fixup: 0.1 ms]
   [Code Root Migration: 0.1 ms]
   [Clear CT: 0.5 ms]
   [Other: 0.8 ms]
      [Choose CSet: 0.0 ms]
      [Ref Proc: 0.1 ms]
      [Ref Enq: 0.0 ms]
      [Free CSet: 0.7 ms]
   [Eden: 1012.0M(1012.0M)->0.0B(1027.0M) Survivors: 82.0M->72.0M Heap: 1616.7M(1934.0M)->594.2M(1934.0M)]
 [Times: user=0.29 sys=0.00, real=0.04 secs] 
274.607: Total time for which application threads were stopped: 0.0378660 seconds, Stopping threads took: 0.0000680 seconds
275.103: Application time: 0.4963460 seconds
275.103: [GC pause (young), 0.0456700 secs]
   [Parallel Time: 44.0 ms, GC Workers: 8]
      [GC Worker Start (ms): Min: 275103.2, Avg: 275103.3, Max: 275103.3, Diff: 0.1]
      [Ext Root Scanning (ms): Min: 0.7, Avg: 0.7, Max: 0.7, Diff: 0.1, Sum: 5.6]
      [Update RS (ms): Min: 0.0, Avg: 0.0, Max: 0.1, Diff: 0.1, Sum: 0.2]
         [Processed Buffers: Min: 0, Avg: 0.8, Max: 2, Diff: 2, Sum: 6]
      [Scan RS (ms): Min: 0.4, Avg: 0.4, Max: 0.5, Diff: 0.1, Sum: 3.6]
      [Code Root Scanning (ms): Min: 0.0, Avg: 0.0, Max: 0.0, Diff: 0.0, Sum: 0.1]
      [Object Copy (ms): Min: 42.7, Avg: 42.7, Max: 42.7, Diff: 0.0, Sum: 341.7]
      [Termination (ms): Min: 0.0, Avg: 0.0, Max: 0.0, Diff: 0.0, Sum: 0.0]
      [GC Worker Other (ms): Min: 0.0, Avg: 0.1, Max: 0.1, Diff: 0.0, Sum: 0.5]
      [GC Worker Total (ms): Min: 43.9, Avg: 44.0, Max: 44.0, Diff: 0.1, Sum: 351.6]
      [GC Worker End (ms): Min: 275147.2, Avg: 275147.2, Max: 275147.2, Diff: 0.0]
   [Code Root Fixup: 0.1 ms]
   [Code Root Migration: 0.1 ms]
   [Clear CT: 0.5 ms]
   [Other: 0.9 ms]
      [Choose CSet: 0.0 ms]
      [Ref Proc: 0.1 ms]
      [Ref Enq: 0.0 ms]
      [Free CSet: 0.7 ms]
   [Eden: 1027.0M(1027.0M)->0.0B(1014.0M) Survivors: 72.0M->84.0M Heap: 1621.2M(1934.0M)->606.7M(1934.0M)]
 [Times: user=0.36 sys=0.00, real=0.05 secs] 
275.149: Total time for which application threads were stopped: 0.0458620 seconds, Stopping threads took: 0.0000500 seconds
275.638: Application time: 0.4889900 seconds
275.638: [GC pause (young), 0.0512250 secs]
   [Parallel Time: 49.6 ms, GC Workers: 8]
      [GC Worker Start (ms): Min: 275638.1, Avg: 275638.1, Max: 275638.1, Diff: 0.1]
      [Ext Root Scanning (ms): Min: 0.6, Avg: 0.6, Max: 0.7, Diff: 0.1, Sum: 5.2]
      [Update RS (ms): Min: 0.0, Avg: 0.0, Max: 0.1, Diff: 0.1, Sum: 0.2]
         [Processed Buffers: Min: 0, Avg: 0.8, Max: 3, Diff: 3, Sum: 6]
      [Scan RS (ms): Min: 0.4, Avg: 0.4, Max: 0.5, Diff: 0.1, Sum: 3.5]
      [Code Root Scanning (ms): Min: 0.0, Avg: 0.0, Max: 0.0, Diff: 0.0, Sum: 0.1]
      [Object Copy (ms): Min: 48.3, Avg: 48.3, Max: 48.4, Diff: 0.1, Sum: 386.7]
      [Termination (ms): Min: 0.0, Avg: 0.0, Max: 0.0, Diff: 0.0, Sum: 0.0]
      [GC Worker Other (ms): Min: 0.0, Avg: 0.1, Max: 0.1, Diff: 0.0, Sum: 0.5]
      [GC Worker Total (ms): Min: 49.5, Avg: 49.5, Max: 49.5, Diff: 0.1, Sum: 396.0]
      [GC Worker End (ms): Min: 275687.6, Avg: 275687.6, Max: 275687.6, Diff: 0.0]
   [Code Root Fixup: 0.1 ms]
   [Code Root Migration: 0.1 ms]
   [Clear CT: 0.5 ms]
   [Other: 1.0 ms]
      [Choose CSet: 0.0 ms]
      [Ref Proc: 0.2 ms]
      [Ref Enq: 0.0 ms]
      [Free CSet: 0.7 ms]
   [Eden: 1014.0M(1014.0M)->0.0B(1002.0M) Survivors: 84.0M->94.0M Heap: 1620.7M(1934.0M)->616.7M(1934.0M)]
 [Times: user=0.40 sys=0.00, real=0.05 secs] 
275.689: Total time for which application threads were stopped: 0.0514020 seconds, Stopping threads took: 0.0000480 seconds
276.179: Application time: 0.4898300 seconds
276.179: [GC pause (young), 0.0536490 secs]
   [Parallel Time: 52.0 ms, GC Workers: 8]
      [GC Worker Start (ms): Min: 276179.3, Avg: 276179.4, Max: 276179.4, Diff: 0.1]
      [Ext Root Scanning (ms): Min: 0.6, Avg: 0.6, Max: 0.7, Diff: 0.1, Sum: 5.1]
      [Update RS (ms): Min: 0.0, Avg: 0.0, Max: 0.1, Diff: 0.1, Sum: 0.2]
         [Processed Buffers: Min: 0, Avg: 1.0, Max: 4, Diff: 4, Sum: 8]
      [Scan RS (ms): Min: 0.4, Avg: 0.4, Max: 0.5, Diff: 0.1, Sum: 3.4]
      [Code Root Scanning (ms): Min: 0.0, Avg: 0.0, Max: 0.0, Diff: 0.0, Sum: 0.1]
      [Object Copy (ms): Min: 50.7, Avg: 50.8, Max: 50.8, Diff: 0.1, Sum: 406.3]
      [Termination (ms): Min: 0.0, Avg: 0.0, Max: 0.0, Diff: 0.0, Sum: 0.0]
      [GC Worker Other (ms): Min: 0.0, Avg: 0.1, Max: 0.1, Diff: 0.0, Sum: 0.5]
      [GC Worker Total (ms): Min: 51.9, Avg: 51.9, Max: 52.0, Diff: 0.1, Sum: 415.4]
      [GC Worker End (ms): Min: 276231.3, Avg: 276231.3, Max: 276231.3, Diff: 0.0]
   [Code Root Fixup: 0.1 ms]
   [Code Root Migration: 0.1 ms]
   [Clear CT: 0.5 ms]
   [Other: 1.0 ms]
      [Choose CSet: 0.0 ms]
      [Ref Proc: 0.2 ms]
      [Ref Enq: 0.0 ms]
      [Free CSet: 0.7 ms]
   [Eden: 1002.0M(1002.0M)->0.0B(996.0M) Survivors: 94.0M->97.0M Heap: 1618.7M(1934.0M)->619.2M(1934.0M)]
 [Times: user=0.42 sys=0.00, real=0.05 secs] 
276.233: Total time for which application threads were stopped: 0.0538450 seconds, Stopping threads took: 0.0000690 seconds
276.726: Application time: 0.4925910 seconds
276.726: [GC pause (young), 0.0483470 secs]
   [Parallel Time: 46.8 ms, GC Workers: 8]
      [GC Worker Start (ms): Min: 276725.8, Avg: 276725.8, Max: 276725.8, Diff: 0.1]
      [Ext Root Scanning (ms): Min: 0.6, Avg: 0.7, Max: 0.7, Diff: 0.1, Sum: 5.4]
      [Update RS (ms): Min: 0.0, Avg: 0.0, Max: 0.1, Diff: 0.1, Sum: 0.2]
         [Processed Buffers: Min: 0, Avg: 0.9, Max: 4, Diff: 4, Sum: 7]
      [Scan RS (ms): Min: 0.4, Avg: 0.4, Max: 0.5, Diff: 0.1, Sum: 3.5]
      [Code Root Scanning (ms): Min: 0.0, Avg: 0.0, Max: 0.0, Diff: 0.0, Sum: 0.1]
      [Object Copy (ms): Min: 45.5, Avg: 45.5, Max: 45.6, Diff: 0.0, Sum: 364.2]
      [Termination (ms): Min: 0.0, Avg: 0.0, Max: 0.0, Diff: 0.0, Sum: 0.0]
      [GC Worker Other (ms): Min: 0.0, Avg: 0.1, Max: 0.1, Diff: 0.0, Sum: 0.5]
      [GC Worker Total (ms): Min: 46.7, Avg: 46.7, Max: 46.8, Diff: 0.1, Sum: 373.9]
      [GC Worker End (ms): Min: 276772.5, Avg: 276772.5, Max: 276772.5, Diff: 0.0]
   [Code Root Fixup: 0.1 ms]
   [Code Root Migration: 0.1 ms]
   [Clear CT: 0.4 ms]
   [Other: 0.9 ms]
      [Choose CSet: 0.0 ms]
      [Ref Proc: 0.1 ms]
      [Ref Enq: 0.0 ms]
      [Free CSet: 0.7 ms]
   [Eden: 996.0M(996.0M)->0.0B(1009.0M) Survivors: 97.0M->86.0M Heap: 1615.2M(1934.0M)->608.7M(1934.0M)]
 [Times: user=0.38 sys=0.00, real=0.05 secs] 
276.774: Total time for which application threads were stopped: 0.0485260 seconds, Stopping threads took: 0.0000430 seconds
277.266: Application time: 0.4920530 seconds
277.266: [GC pause (young), 0.0463700 secs]
   [Parallel Time: 44.8 ms, GC Workers: 8]
      [GC Worker Start (ms): Min: 277266.3, Avg: 277266.8, Max: 277269.6, Diff: 3.2]
      [Ext Root Scanning (ms): Min: 0.0, Avg: 0.6, Max: 0.9, Diff: 0.9, Sum: 4.9]
      [Update RS (ms): Min: 0.0, Avg: 0.0, Max: 0.1, Diff: 0.1, Sum: 0.2]
         [Processed Buffers: Min: 0, Avg: 0.8, Max: 2, Diff: 2, Sum: 6]
      [Scan RS (ms): Min: 0.1, Avg: 0.4, Max: 0.5, Diff: 0.4, Sum: 3.1]
      [Code Root Scanning (ms): Min: 0.0, Avg: 0.0, Max: 0.0, Diff: 0.0, Sum: 0.1]
      [Object Copy (ms): Min: 41.3, Avg: 43.2, Max: 43.5, Diff: 2.3, Sum: 345.6]
      [Termination (ms): Min: 0.0, Avg: 0.0, Max: 0.0, Diff: 0.0, Sum: 0.0]
      [GC Worker Other (ms): Min: 0.0, Avg: 0.1, Max: 0.1, Diff: 0.0, Sum: 0.4]
      [GC Worker Total (ms): Min: 41.5, Avg: 44.3, Max: 44.7, Diff: 3.2, Sum: 354.3]
      [GC Worker End (ms): Min: 277311.0, Avg: 277311.1, Max: 277311.1, Diff: 0.0]
   [Code Root Fixup: 0.1 ms]
   [Code Root Migration: 0.1 ms]
   [Clear CT: 0.5 ms]
   [Other: 0.9 ms]
      [Choose CSet: 0.0 ms]
      [Ref Proc: 0.1 ms]
      [Ref Enq: 0.0 ms]
      [Free CSet: 0.7 ms]
   [Eden: 1009.0M(1009.0M)->0.0B(1013.0M) Survivors: 86.0M->85.0M Heap: 1617.7M(1934.0M)->607.8M(1934.0M)]
 [Times: user=0.36 sys=0.00, real=0.04 secs] 
277.313: Total time for which application threads were stopped: 0.0465490 seconds, Stopping threads took: 0.0000470 seconds
277.810: Application time: 0.4968840 seconds
277.810: [GC pause (young), 0.0528040 secs]
   [Parallel Time: 51.3 ms, GC Workers: 8]
      [GC Worker Start (ms): Min: 277809.8, Avg: 277809.8, Max: 277809.8, Diff: 0.1]
      [Ext Root Scanning (ms): Min: 0.6, Avg: 0.7, Max: 0.7, Diff: 0.1, Sum: 5.3]
      [Update RS (ms): Min: 0.0, Avg: 0.0, Max: 0.1, Diff: 0.1, Sum: 0.2]
         [Processed Buffers: Min: 0, Avg: 0.8, Max: 3, Diff: 3, Sum: 6]
      [Scan RS (ms): Min: 0.4, Avg: 0.4, Max: 0.5, Diff: 0.1, Sum: 3.5]
      [Code Root Scanning (ms): Min: 0.0, Avg: 0.0, Max: 0.0, Diff: 0.0, Sum: 0.1]
      [Object Copy (ms): Min: 50.0, Avg: 50.0, Max: 50.0, Diff: 0.0, Sum: 400.1]
      [Termination (ms): Min: 0.0, Avg: 0.0, Max: 0.0, Diff: 0.0, Sum: 0.0]
      [GC Worker Other (ms): Min: 0.0, Avg: 0.1, Max: 0.1, Diff: 0.0, Sum: 0.5]
      [GC Worker Total (ms): Min: 51.2, Avg: 51.2, Max: 51.2, Diff: 0.1, Sum: 409.6]
      [GC Worker End (ms): Min: 277861.0, Avg: 277861.0, Max: 277861.0, Diff: 0.0]
   [Code Root Fixup: 0.1 ms]
   [Code Root Migration: 0.1 ms]
   [Clear CT: 0.4 ms]
   [Other: 0.9 ms]
      [Choose CSet: 0.0 ms]
      [Ref Proc: 0.1 ms]
      [Ref Enq: 0.0 ms]
      [Free CSet: 0.7 ms]
   [Eden: 1013.0M(1013.0M)->0.0B(1000.0M) Survivors: 85.0M->96.0M Heap: 1620.8M(1934.0M)->618.8M(1934.0M)]
 [Times: user=0.42 sys=0.00, real=0.05 secs] 
277.863: Total time for which application threads were stopped: 0.0529750 seconds, Stopping threads took: 0.0000470 seconds
278.358: Application time: 0.4954560 seconds
278.358: [GC pause (young), 0.0492000 secs]
   [Parallel Time: 47.6 ms, GC Workers: 8]
      [GC Worker Start (ms): Min: 278358.2, Avg: 278358.2, Max: 278358.3, Diff: 0.1]
      [Ext Root Scanning (ms): Min: 0.6, Avg: 0.7, Max: 0.7, Diff: 0.1, Sum: 5.3]
      [Update RS (ms): Min: 0.0, Avg: 0.0, Max: 0.1, Diff: 0.1, Sum: 0.2]
         [Processed Buffers: Min: 0, Avg: 0.8, Max: 2, Diff: 2, Sum: 6]
      [Scan RS (ms): Min: 0.3, Avg: 0.4, Max: 0.5, Diff: 0.2, Sum: 3.4]
      [Code Root Scanning (ms): Min: 0.0, Avg: 0.0, Max: 0.0, Diff: 0.0, Sum: 0.1]
      [Object Copy (ms): Min: 46.3, Avg: 46.3, Max: 46.4, Diff: 0.1, Sum: 370.5]
      [Termination (ms): Min: 0.0, Avg: 0.0, Max: 0.0, Diff: 0.0, Sum: 0.0]
      [GC Worker Other (ms): Min: 0.0, Avg: 0.1, Max: 0.1, Diff: 0.1, Sum: 0.5]
      [GC Worker Total (ms): Min: 47.4, Avg: 47.5, Max: 47.5, Diff: 0.1, Sum: 380.1]
      [GC Worker End (ms): Min: 278405.7, Avg: 278405.8, Max: 278405.8, Diff: 0.1]
   [Code Root Fixup: 0.1 ms]
   [Code Root Migration: 0.1 ms]
   [Clear CT: 0.4 ms]
   [Other: 0.9 ms]
      [Choose CSet: 0.0 ms]
      [Ref Proc: 0.1 ms]
      [Ref Enq: 0.0 ms]
      [Free CSet: 0.7 ms]
   [Eden: 1000.0M(1000.0M)->0.0B(1011.0M) Survivors: 96.0M->87.0M Heap: 1618.8M(1934.0M)->609.8M(1934.0M)]
 [Times: user=0.38 sys=0.00, real=0.05 secs] 
278.407: Total time for which application threads were stopped: 0.0493850 seconds, Stopping threads took: 0.0000440 seconds
278.909: Application time: 0.5018840 seconds
278.909: [GC pause (young), 0.0430890 secs]
   [Parallel Time: 41.5 ms, GC Workers: 8]
      [GC Worker Start (ms): Min: 278909.5, Avg: 278910.6, Max: 278918.5, Diff: 9.0]
      [Ext Root Scanning (ms): Min: 0.0, Avg: 0.6, Max: 0.9, Diff: 0.9, Sum: 4.8]
      [Update RS (ms): Min: 0.0, Avg: 0.0, Max: 0.1, Diff: 0.1, Sum: 0.2]
         [Processed Buffers: Min: 0, Avg: 0.8, Max: 3, Diff: 3, Sum: 6]
      [Scan RS (ms): Min: 0.2, Avg: 0.4, Max: 0.5, Diff: 0.3, Sum: 3.2]
      [Code Root Scanning (ms): Min: 0.0, Avg: 0.0, Max: 0.0, Diff: 0.0, Sum: 0.1]
      [Object Copy (ms): Min: 32.1, Avg: 39.2, Max: 40.2, Diff: 8.1, Sum: 313.4]
      [Termination (ms): Min: 0.0, Avg: 0.0, Max: 0.0, Diff: 0.0, Sum: 0.0]
      [GC Worker Other (ms): Min: 0.0, Avg: 0.1, Max: 0.1, Diff: 0.1, Sum: 0.4]
      [GC Worker Total (ms): Min: 32.4, Avg: 40.3, Max: 41.4, Diff: 9.0, Sum: 322.1]
      [GC Worker End (ms): Min: 278950.9, Avg: 278950.9, Max: 278950.9, Diff: 0.1]
   [Code Root Fixup: 0.1 ms]
   [Code Root Migration: 0.1 ms]
   [Clear CT: 0.4 ms]
   [Other: 0.9 ms]
      [Choose CSet: 0.0 ms]
      [Ref Proc: 0.1 ms]
      [Ref Enq: 0.0 ms]
      [Free CSet: 0.7 ms]
   [Eden: 1011.0M(1011.0M)->0.0B(1025.0M) Survivors: 87.0M->77.0M Heap: 1620.8M(1934.0M)->599.8M(1934.0M)]
 [Times: user=0.32 sys=0.01, real=0.04 secs] 
278.953: Total time for which application threads were stopped: 0.0432590 seconds, Stopping threads took: 0.0000420 seconds
279.451: Application time: 0.4986540 seconds
279.451: [GC pause (young), 0.0442750 secs]
   [Parallel Time: 42.6 ms, GC Workers: 8]
      [GC Worker Start (ms): Min: 279451.4, Avg: 279452.0, Max: 279453.6, Diff: 2.2]
      [Ext Root Scanning (ms): Min: 0.0, Avg: 0.5, Max: 0.8, Diff: 0.8, Sum: 4.2]
      [Update RS (ms): Min: 0.0, Avg: 0.0, Max: 0.1, Diff: 0.1, Sum: 0.3]
         [Processed Buffers: Min: 0, Avg: 0.8, Max: 4, Diff: 4, Sum: 6]
      [Scan RS (ms): Min: 0.0, Avg: 0.3, Max: 0.5, Diff: 0.5, Sum: 2.5]
      [Code Root Scanning (ms): Min: 0.0, Avg: 0.0, Max: 0.0, Diff: 0.0, Sum: 0.1]
      [Object Copy (ms): Min: 40.3, Avg: 41.1, Max: 41.4, Diff: 1.1, Sum: 328.8]
      [Termination (ms): Min: 0.0, Avg: 0.0, Max: 0.0, Diff: 0.0, Sum: 0.0]
      [GC Worker Other (ms): Min: 0.0, Avg: 0.0, Max: 0.1, Diff: 0.0, Sum: 0.4]
      [GC Worker Total (ms): Min: 40.4, Avg: 42.0, Max: 42.6, Diff: 2.2, Sum: 336.3]
      [GC Worker End (ms): Min: 279494.0, Avg: 279494.0, Max: 279494.0, Diff: 0.0]
   [Code Root Fixup: 0.1 ms]
   [Code Root Migration: 0.1 ms]
   [Clear CT: 0.5 ms]
   [Other: 0.9 ms]
      [Choose CSet: 0.0 ms]
      [Ref Proc: 0.1 ms]
      [Ref Enq: 0.0 ms]
      [Free CSet: 0.7 ms]
   [Eden: 1025.0M(1025.0M)->0.0B(1020.0M) Survivors: 77.0M->83.0M Heap: 1624.8M(1934.0M)->605.3M(1934.0M)]
 [Times: user=0.34 sys=0.00, real=0.05 secs] 
279.496: Total time for which application threads were stopped: 0.0444640 seconds, Stopping threads took: 0.0000620 seconds
280.003: Application time: 0.5072990 seconds
280.003: [GC pause (young), 0.0506290 secs]
   [Parallel Time: 49.0 ms, GC Workers: 8]
      [GC Worker Start (ms): Min: 280003.2, Avg: 280003.2, Max: 280003.2, Diff: 0.1]
      [Ext Root Scanning (ms): Min: 0.6, Avg: 0.7, Max: 0.7, Diff: 0.1, Sum: 5.3]
      [Update RS (ms): Min: 0.0, Avg: 0.0, Max: 0.1, Diff: 0.1, Sum: 0.2]
         [Processed Buffers: Min: 0, Avg: 1.1, Max: 3, Diff: 3, Sum: 9]
      [Scan RS (ms): Min: 0.4, Avg: 0.4, Max: 0.5, Diff: 0.1, Sum: 3.5]
      [Code Root Scanning (ms): Min: 0.0, Avg: 0.0, Max: 0.0, Diff: 0.0, Sum: 0.1]
      [Object Copy (ms): Min: 47.7, Avg: 47.7, Max: 47.8, Diff: 0.1, Sum: 381.7]
      [Termination (ms): Min: 0.0, Avg: 0.0, Max: 0.0, Diff: 0.0, Sum: 0.0]
      [GC Worker Other (ms): Min: 0.0, Avg: 0.1, Max: 0.1, Diff: 0.0, Sum: 0.5]
      [GC Worker Total (ms): Min: 48.9, Avg: 48.9, Max: 48.9, Diff: 0.1, Sum: 391.3]
      [GC Worker End (ms): Min: 280052.1, Avg: 280052.1, Max: 280052.1, Diff: 0.0]
   [Code Root Fixup: 0.2 ms]
   [Code Root Migration: 0.1 ms]
   [Clear CT: 0.5 ms]
   [Other: 0.9 ms]
      [Choose CSet: 0.0 ms]
      [Ref Proc: 0.1 ms]
      [Ref Enq: 0.0 ms]
      [Free CSet: 0.7 ms]
   [Eden: 1020.0M(1020.0M)->0.0B(1007.0M) Survivors: 83.0M->93.0M Heap: 1625.3M(1934.0M)->615.8M(1934.0M)]
 [Times: user=0.39 sys=0.00, real=0.06 secs] 
280.054: Total time for which application threads were stopped: 0.0508240 seconds, Stopping threads took: 0.0000610 seconds
280.551: Application time: 0.4972420 seconds
280.551: [GC pause (young), 0.0452450 secs]
   [Parallel Time: 43.6 ms, GC Workers: 8]
      [GC Worker Start (ms): Min: 280551.2, Avg: 280551.6, Max: 280553.6, Diff: 2.3]
      [Ext Root Scanning (ms): Min: 0.0, Avg: 0.6, Max: 0.8, Diff: 0.8, Sum: 4.9]
      [Update RS (ms): Min: 0.0, Avg: 0.0, Max: 0.1, Diff: 0.1, Sum: 0.2]
         [Processed Buffers: Min: 0, Avg: 1.0, Max: 4, Diff: 4, Sum: 8]
      [Scan RS (ms): Min: 0.0, Avg: 0.4, Max: 0.5, Diff: 0.5, Sum: 3.1]
      [Code Root Scanning (ms): Min: 0.0, Avg: 0.0, Max: 0.0, Diff: 0.0, Sum: 0.1]
      [Object Copy (ms): Min: 41.2, Avg: 42.2, Max: 42.3, Diff: 1.2, Sum: 337.3]
      [Termination (ms): Min: 0.0, Avg: 0.0, Max: 0.0, Diff: 0.0, Sum: 0.0]
      [GC Worker Other (ms): Min: 0.0, Avg: 0.1, Max: 0.1, Diff: 0.0, Sum: 0.4]
      [GC Worker Total (ms): Min: 41.3, Avg: 43.2, Max: 43.6, Diff: 2.3, Sum: 345.9]
      [GC Worker End (ms): Min: 280594.8, Avg: 280594.8, Max: 280594.8, Diff: 0.0]
   [Code Root Fixup: 0.2 ms]
   [Code Root Migration: 0.1 ms]
   [Clear CT: 0.4 ms]
   [Other: 0.9 ms]
      [Choose CSet: 0.0 ms]
      [Ref Proc: 0.1 ms]
      [Ref Enq: 0.0 ms]
      [Free CSet: 0.7 ms]
   [Eden: 1007.0M(1007.0M)->0.0B(1021.0M) Survivors: 93.0M->81.0M Heap: 1622.8M(1934.0M)->603.8M(1934.0M)]
 [Times: user=0.36 sys=0.00, real=0.05 secs] 
280.597: Total time for which application threads were stopped: 0.0454280 seconds, Stopping threads took: 0.0000550 seconds
281.092: Application time: 0.4954850 seconds
281.092: [GC pause (young), 0.0435790 secs]
   [Parallel Time: 41.8 ms, GC Workers: 8]
      [GC Worker Start (ms): Min: 281092.2, Avg: 281093.5, Max: 281101.6, Diff: 9.4]
      [Ext Root Scanning (ms): Min: 0.0, Avg: 0.6, Max: 0.9, Diff: 0.8, Sum: 4.4]
      [Update RS (ms): Min: 0.0, Avg: 0.0, Max: 0.1, Diff: 0.1, Sum: 0.2]
         [Processed Buffers: Min: 0, Avg: 1.0, Max: 4, Diff: 4, Sum: 8]
      [Scan RS (ms): Min: 0.0, Avg: 0.4, Max: 0.5, Diff: 0.5, Sum: 2.8]
      [Code Root Scanning (ms): Min: 0.0, Avg: 0.0, Max: 0.0, Diff: 0.0, Sum: 0.1]
      [Object Copy (ms): Min: 32.0, Avg: 39.4, Max: 40.5, Diff: 8.5, Sum: 315.2]
      [Termination (ms): Min: 0.0, Avg: 0.0, Max: 0.0, Diff: 0.0, Sum: 0.0]
      [GC Worker Other (ms): Min: 0.0, Avg: 0.0, Max: 0.1, Diff: 0.0, Sum: 0.4]
      [GC Worker Total (ms): Min: 32.3, Avg: 40.4, Max: 41.8, Diff: 9.5, Sum: 323.1]
      [GC Worker End (ms): Min: 281133.9, Avg: 281133.9, Max: 281133.9, Diff: 0.0]
   [Code Root Fixup: 0.1 ms]
   [Code Root Migration: 0.1 ms]
   [Clear CT: 0.5 ms]
   [Other: 1.0 ms]
      [Choose CSet: 0.0 ms]
      [Ref Proc: 0.2 ms]
      [Ref Enq: 0.0 ms]
      [Free CSet: 0.7 ms]
   [Eden: 1021.0M(1021.0M)->0.0B(1022.0M) Survivors: 81.0M->82.0M Heap: 1624.8M(1934.0M)->604.8M(1934.0M)]
 [Times: user=0.33 sys=0.00, real=0.05 secs] 
281.136: Total time for which application threads were stopped: 0.0437720 seconds, Stopping threads took: 0.0000550 seconds
281.627: Application time: 0.4907150 seconds
281.627: [GC pause (young), 0.0469310 secs]
   [Parallel Time: 45.4 ms, GC Workers: 8]
      [GC Worker Start (ms): Min: 281626.6, Avg: 281626.7, Max: 281626.7, Diff: 0.1]
      [Ext Root Scanning (ms): Min: 0.6, Avg: 0.7, Max: 0.7, Diff: 0.1, Sum: 5.4]
      [Update RS (ms): Min: 0.0, Avg: 0.0, Max: 0.1, Diff: 0.1, Sum: 0.2]
         [Processed Buffers: Min: 0, Avg: 0.9, Max: 4, Diff: 4, Sum: 7]
      [Scan RS (ms): Min: 0.4, Avg: 0.4, Max: 0.5, Diff: 0.1, Sum: 3.5]
      [Code Root Scanning (ms): Min: 0.0, Avg: 0.0, Max: 0.0, Diff: 0.0, Sum: 0.1]
      [Object Copy (ms): Min: 44.1, Avg: 44.1, Max: 44.2, Diff: 0.1, Sum: 352.9]
      [Termination (ms): Min: 0.0, Avg: 0.0, Max: 0.0, Diff: 0.0, Sum: 0.0]
      [GC Worker Other (ms): Min: 0.0, Avg: 0.1, Max: 0.1, Diff: 0.1, Sum: 0.4]
      [GC Worker Total (ms): Min: 45.2, Avg: 45.3, Max: 45.3, Diff: 0.1, Sum: 362.5]
      [GC Worker End (ms): Min: 281672.0, Avg: 281672.0, Max: 281672.0, Diff: 0.1]
   [Code Root Fixup: 0.1 ms]
   [Code Root Migration: 0.1 ms]
   [Clear CT: 0.4 ms]
   [Other: 0.9 ms]
      [Choose CSet: 0.0 ms]
      [Ref Proc: 0.1 ms]
      [Ref Enq: 0.0 ms]
      [Free CSet: 0.7 ms]
   [Eden: 1022.0M(1022.0M)->0.0B(1013.0M) Survivors: 82.0M->89.0M Heap: 1626.8M(1934.0M)->611.3M(1934.0M)]
 [Times: user=0.37 sys=0.00, real=0.05 secs] 
281.674: Total time for which application threads were stopped: 0.0471130 seconds, Stopping threads took: 0.0000560 seconds
282.170: Application time: 0.4964090 seconds
282.170: [GC pause (young), 0.0513770 secs]
   [Parallel Time: 49.7 ms, GC Workers: 8]
      [GC Worker Start (ms): Min: 282170.2, Avg: 282170.2, Max: 282170.2, Diff: 0.1]
      [Ext Root Scanning (ms): Min: 0.6, Avg: 0.7, Max: 0.8, Diff: 0.1, Sum: 5.4]
      [Update RS (ms): Min: 0.0, Avg: 0.0, Max: 0.1, Diff: 0.1, Sum: 0.2]
         [Processed Buffers: Min: 0, Avg: 0.9, Max: 4, Diff: 4, Sum: 7]
      [Scan RS (ms): Min: 0.4, Avg: 0.4, Max: 0.5, Diff: 0.1, Sum: 3.5]
      [Code Root Scanning (ms): Min: 0.0, Avg: 0.0, Max: 0.0, Diff: 0.0, Sum: 0.1]
      [Object Copy (ms): Min: 48.4, Avg: 48.5, Max: 48.5, Diff: 0.1, Sum: 387.7]
      [Termination (ms): Min: 0.0, Avg: 0.0, Max: 0.0, Diff: 0.0, Sum: 0.0]
      [GC Worker Other (ms): Min: 0.0, Avg: 0.1, Max: 0.1, Diff: 0.0, Sum: 0.4]
      [GC Worker Total (ms): Min: 49.6, Avg: 49.7, Max: 49.7, Diff: 0.1, Sum: 397.3]
      [GC Worker End (ms): Min: 282219.9, Avg: 282219.9, Max: 282219.9, Diff: 0.0]
   [Code Root Fixup: 0.1 ms]
   [Code Root Migration: 0.1 ms]
   [Clear CT: 0.4 ms]
   [Other: 0.9 ms]
      [Choose CSet: 0.0 ms]
      [Ref Proc: 0.1 ms]
      [Ref Enq: 0.0 ms]
      [Free CSet: 0.7 ms]
   [Eden: 1013.0M(1013.0M)->0.0B(1001.0M) Survivors: 89.0M->97.0M Heap: 1624.3M(1934.0M)->619.8M(1934.0M)]
 [Times: user=0.40 sys=0.00, real=0.05 secs] 
282.222: Total time for which application threads were stopped: 0.0515650 seconds, Stopping threads took: 0.0000570 seconds
282.704: Application time: 0.4828200 seconds
282.705: [GC pause (young), 0.0592150 secs]
   [Parallel Time: 57.6 ms, GC Workers: 8]
      [GC Worker Start (ms): Min: 282704.6, Avg: 282704.6, Max: 282704.6, Diff: 0.1]
      [Ext Root Scanning (ms): Min: 0.6, Avg: 0.7, Max: 0.7, Diff: 0.1, Sum: 5.2]
      [Update RS (ms): Min: 0.0, Avg: 0.0, Max: 0.1, Diff: 0.1, Sum: 0.2]
         [Processed Buffers: Min: 0, Avg: 0.8, Max: 3, Diff: 3, Sum: 6]
      [Scan RS (ms): Min: 0.4, Avg: 0.4, Max: 0.5, Diff: 0.1, Sum: 3.6]
      [Code Root Scanning (ms): Min: 0.0, Avg: 0.0, Max: 0.0, Diff: 0.0, Sum: 0.1]
      [Object Copy (ms): Min: 56.3, Avg: 56.3, Max: 56.4, Diff: 0.1, Sum: 450.7]
      [Termination (ms): Min: 0.0, Avg: 0.0, Max: 0.0, Diff: 0.0, Sum: 0.0]
      [GC Worker Other (ms): Min: 0.0, Avg: 0.1, Max: 0.1, Diff: 0.0, Sum: 0.4]
      [GC Worker Total (ms): Min: 57.5, Avg: 57.5, Max: 57.6, Diff: 0.1, Sum: 460.2]
      [GC Worker End (ms): Min: 282762.1, Avg: 282762.1, Max: 282762.1, Diff: 0.0]
   [Code Root Fixup: 0.1 ms]
   [Code Root Migration: 0.1 ms]
   [Clear CT: 0.5 ms]
   [Other: 0.9 ms]
      [Choose CSet: 0.0 ms]
      [Ref Proc: 0.1 ms]
      [Ref Enq: 0.0 ms]
      [Free CSet: 0.7 ms]
   [Eden: 1001.0M(1001.0M)->0.0B(982.0M) Survivors: 97.0M->109.0M Heap: 1620.8M(1934.0M)->631.5M(1934.0M)]
 [Times: user=0.47 sys=0.00, real=0.06 secs] 
282.764: Total time for which application threads were stopped: 0.0594110 seconds, Stopping threads took: 0.0000430 seconds
283.243: Application time: 0.4788360 seconds
283.243: [GC pause (young), 0.0627070 secs]
   [Parallel Time: 61.1 ms, GC Workers: 8]
      [GC Worker Start (ms): Min: 283242.8, Avg: 283242.8, Max: 283242.9, Diff: 0.1]
      [Ext Root Scanning (ms): Min: 0.6, Avg: 0.6, Max: 0.7, Diff: 0.1, Sum: 5.2]
      [Update RS (ms): Min: 0.0, Avg: 0.0, Max: 0.1, Diff: 0.1, Sum: 0.2]
         [Processed Buffers: Min: 0, Avg: 0.8, Max: 3, Diff: 3, Sum: 6]
      [Scan RS (ms): Min: 0.4, Avg: 0.4, Max: 0.5, Diff: 0.1, Sum: 3.4]
      [Code Root Scanning (ms): Min: 0.0, Avg: 0.0, Max: 0.0, Diff: 0.0, Sum: 0.1]
      [Object Copy (ms): Min: 59.8, Avg: 59.9, Max: 60.0, Diff: 0.1, Sum: 479.1]
      [Termination (ms): Min: 0.0, Avg: 0.0, Max: 0.0, Diff: 0.0, Sum: 0.1]
      [GC Worker Other (ms): Min: 0.0, Avg: 0.1, Max: 0.1, Diff: 0.0, Sum: 0.5]
      [GC Worker Total (ms): Min: 61.0, Avg: 61.1, Max: 61.1, Diff: 0.1, Sum: 488.5]
      [GC Worker End (ms): Min: 283303.9, Avg: 283303.9, Max: 283303.9, Diff: 0.0]
   [Code Root Fixup: 0.1 ms]
   [Code Root Migration: 0.1 ms]
   [Clear CT: 0.5 ms]
   [Other: 0.9 ms]
      [Choose CSet: 0.0 ms]
      [Ref Proc: 0.1 ms]
      [Ref Enq: 0.0 ms]
      [Free CSet: 0.7 ms]
   [Eden: 982.0M(982.0M)->0.0B(971.0M) Survivors: 109.0M->114.0M Heap: 1613.5M(1934.0M)->636.8M(1934.0M)]
 [Times: user=0.49 sys=0.01, real=0.07 secs] 
283.306: Total time for which application threads were stopped: 0.0628860 seconds, Stopping threads took: 0.0000420 seconds
283.782: Application time: 0.4762880 seconds
283.782: [GC pause (young), 0.0603320 secs]
   [Parallel Time: 58.7 ms, GC Workers: 8]
      [GC Worker Start (ms): Min: 283782.0, Avg: 283782.0, Max: 283782.1, Diff: 0.1]
      [Ext Root Scanning (ms): Min: 0.6, Avg: 0.6, Max: 0.7, Diff: 0.1, Sum: 5.2]
      [Update RS (ms): Min: 0.0, Avg: 0.0, Max: 0.1, Diff: 0.1, Sum: 0.2]
         [Processed Buffers: Min: 0, Avg: 1.1, Max: 3, Diff: 3, Sum: 9]
      [Scan RS (ms): Min: 0.4, Avg: 0.4, Max: 0.5, Diff: 0.1, Sum: 3.4]
      [Code Root Scanning (ms): Min: 0.0, Avg: 0.0, Max: 0.0, Diff: 0.0, Sum: 0.1]
      [Object Copy (ms): Min: 57.4, Avg: 57.4, Max: 57.5, Diff: 0.1, Sum: 459.5]
      [Termination (ms): Min: 0.0, Avg: 0.0, Max: 0.0, Diff: 0.0, Sum: 0.0]
      [GC Worker Other (ms): Min: 0.0, Avg: 0.1, Max: 0.1, Diff: 0.0, Sum: 0.5]
      [GC Worker Total (ms): Min: 58.5, Avg: 58.6, Max: 58.6, Diff: 0.1, Sum: 468.8]
      [GC Worker End (ms): Min: 283840.6, Avg: 283840.6, Max: 283840.7, Diff: 0.0]
   [Code Root Fixup: 0.1 ms]
   [Code Root Migration: 0.1 ms]
   [Clear CT: 0.5 ms]
   [Other: 1.0 ms]
      [Choose CSet: 0.0 ms]
      [Ref Proc: 0.1 ms]
      [Ref Enq: 0.0 ms]
      [Free CSet: 0.8 ms]
   [Eden: 971.0M(971.0M)->0.0B(973.0M) Survivors: 114.0M->109.0M Heap: 1607.8M(1934.0M)->631.3M(1934.0M)]
 [Times: user=0.47 sys=0.00, real=0.06 secs] 
283.842: Total time for which application threads were stopped: 0.0605340 seconds, Stopping threads took: 0.0000740 seconds
284.320: Application time: 0.4773050 seconds
284.320: [GC pause (young), 0.0581410 secs]
   [Parallel Time: 56.5 ms, GC Workers: 8]
      [GC Worker Start (ms): Min: 284319.8, Avg: 284319.9, Max: 284319.9, Diff: 0.1]
      [Ext Root Scanning (ms): Min: 0.6, Avg: 0.7, Max: 0.7, Diff: 0.1, Sum: 5.3]
      [Update RS (ms): Min: 0.0, Avg: 0.0, Max: 0.1, Diff: 0.1, Sum: 0.2]
         [Processed Buffers: Min: 0, Avg: 1.0, Max: 2, Diff: 2, Sum: 8]
      [Scan RS (ms): Min: 0.4, Avg: 0.4, Max: 0.5, Diff: 0.1, Sum: 3.3]
      [Code Root Scanning (ms): Min: 0.0, Avg: 0.0, Max: 0.0, Diff: 0.0, Sum: 0.0]
      [Object Copy (ms): Min: 55.3, Avg: 55.3, Max: 55.3, Diff: 0.0, Sum: 442.4]
      [Termination (ms): Min: 0.0, Avg: 0.0, Max: 0.0, Diff: 0.0, Sum: 0.1]
      [GC Worker Other (ms): Min: 0.0, Avg: 0.1, Max: 0.1, Diff: 0.0, Sum: 0.4]
      [GC Worker Total (ms): Min: 56.4, Avg: 56.5, Max: 56.5, Diff: 0.1, Sum: 451.7]
      [GC Worker End (ms): Min: 284376.3, Avg: 284376.3, Max: 284376.3, Diff: 0.0]
   [Code Root Fixup: 0.1 ms]
   [Code Root Migration: 0.1 ms]
   [Clear CT: 0.4 ms]
   [Other: 0.9 ms]
      [Choose CSet: 0.0 ms]
      [Ref Proc: 0.1 ms]
      [Ref Enq: 0.0 ms]
      [Free CSet: 0.7 ms]
   [Eden: 973.0M(973.0M)->0.0B(975.0M) Survivors: 109.0M->105.0M Heap: 1604.3M(1934.0M)->627.4M(1934.0M)]
 [Times: user=0.45 sys=0.00, real=0.06 secs] 
284.378: Total time for which application threads were stopped: 0.0583200 seconds, Stopping threads took: 0.0000440 seconds
284.856: Application time: 0.4784290 seconds
284.857: [GC pause (young), 0.0544680 secs]
   [Parallel Time: 53.0 ms, GC Workers: 8]
      [GC Worker Start (ms): Min: 284856.6, Avg: 284856.6, Max: 284856.6, Diff: 0.1]
      [Ext Root Scanning (ms): Min: 0.6, Avg: 0.6, Max: 0.7, Diff: 0.1, Sum: 5.1]
      [Update RS (ms): Min: 0.0, Avg: 0.0, Max: 0.1, Diff: 0.1, Sum: 0.2]
         [Processed Buffers: Min: 0, Avg: 1.0, Max: 4, Diff: 4, Sum: 8]
      [Scan RS (ms): Min: 0.4, Avg: 0.4, Max: 0.5, Diff: 0.1, Sum: 3.4]
      [Code Root Scanning (ms): Min: 0.0, Avg: 0.0, Max: 0.0, Diff: 0.0, Sum: 0.1]
      [Object Copy (ms): Min: 51.7, Avg: 51.8, Max: 51.8, Diff: 0.1, Sum: 414.1]
      [Termination (ms): Min: 0.0, Avg: 0.0, Max: 0.0, Diff: 0.0, Sum: 0.0]
      [GC Worker Other (ms): Min: 0.0, Avg: 0.1, Max: 0.1, Diff: 0.0, Sum: 0.6]
      [GC Worker Total (ms): Min: 52.9, Avg: 52.9, Max: 53.0, Diff: 0.1, Sum: 423.5]
      [GC Worker End (ms): Min: 284909.5, Avg: 284909.5, Max: 284909.6, Diff: 0.0]
   [Code Root Fixup: 0.1 ms]
   [Code Root Migration: 0.1 ms]
   [Clear CT: 0.4 ms]
   [Other: 0.9 ms]
      [Choose CSet: 0.0 ms]
      [Ref Proc: 0.1 ms]
      [Ref Enq: 0.0 ms]
      [Free CSet: 0.7 ms]
   [Eden: 975.0M(975.0M)->0.0B(985.0M) Survivors: 105.0M->97.0M Heap: 1602.4M(1934.0M)->619.9M(1934.0M)]
 [Times: user=0.42 sys=0.00, real=0.05 secs] 
284.911: Total time for which application threads were stopped: 0.0546540 seconds, Stopping threads took: 0.0000540 seconds
285.399: Application time: 0.4881730 seconds
285.399: [GC pause (young), 0.0500490 secs]
   [Parallel Time: 48.4 ms, GC Workers: 8]
      [GC Worker Start (ms): Min: 285399.4, Avg: 285399.7, Max: 285401.6, Diff: 2.2]
      [Ext Root Scanning (ms): Min: 0.0, Avg: 0.6, Max: 0.8, Diff: 0.8, Sum: 4.6]
      [Update RS (ms): Min: 0.0, Avg: 0.0, Max: 0.1, Diff: 0.1, Sum: 0.2]
         [Processed Buffers: Min: 0, Avg: 1.1, Max: 5, Diff: 5, Sum: 9]
      [Scan RS (ms): Min: 0.0, Avg: 0.4, Max: 0.5, Diff: 0.4, Sum: 2.9]
      [Code Root Scanning (ms): Min: 0.0, Avg: 0.0, Max: 0.0, Diff: 0.0, Sum: 0.1]
      [Object Copy (ms): Min: 46.1, Avg: 47.0, Max: 47.2, Diff: 1.1, Sum: 376.2]
      [Termination (ms): Min: 0.0, Avg: 0.0, Max: 0.0, Diff: 0.0, Sum: 0.0]
      [GC Worker Other (ms): Min: 0.0, Avg: 0.1, Max: 0.1, Diff: 0.0, Sum: 0.4]
      [GC Worker Total (ms): Min: 46.2, Avg: 48.1, Max: 48.4, Diff: 2.2, Sum: 384.4]
      [GC Worker End (ms): Min: 285447.7, Avg: 285447.7, Max: 285447.8, Diff: 0.0]
   [Code Root Fixup: 0.1 ms]
   [Code Root Migration: 0.1 ms]
   [Clear CT: 0.4 ms]
   [Other: 1.0 ms]
      [Choose CSet: 0.0 ms]
      [Ref Proc: 0.1 ms]
      [Ref Enq: 0.0 ms]
      [Free CSet: 0.8 ms]
   [Eden: 985.0M(985.0M)->0.0B(996.0M) Survivors: 97.0M->89.0M Heap: 1604.9M(1934.0M)->611.9M(1934.0M)]
 [Times: user=0.39 sys=0.00, real=0.05 secs] 
285.449: Total time for which application threads were stopped: 0.0502030 seconds, Stopping threads took: 0.0000290 seconds
285.950: Application time: 0.5004970 seconds
285.950: [GC pause (young), 0.0427720 secs]
   [Parallel Time: 41.3 ms, GC Workers: 8]
      [GC Worker Start (ms): Min: 285950.1, Avg: 285950.1, Max: 285950.2, Diff: 0.1]
      [Ext Root Scanning (ms): Min: 0.6, Avg: 0.7, Max: 0.7, Diff: 0.1, Sum: 5.2]
      [Update RS (ms): Min: 0.0, Avg: 0.0, Max: 0.1, Diff: 0.1, Sum: 0.2]
         [Processed Buffers: Min: 0, Avg: 1.0, Max: 3, Diff: 3, Sum: 8]
      [Scan RS (ms): Min: 0.4, Avg: 0.4, Max: 0.4, Diff: 0.1, Sum: 3.3]
      [Code Root Scanning (ms): Min: 0.0, Avg: 0.0, Max: 0.0, Diff: 0.0, Sum: 0.1]
      [Object Copy (ms): Min: 40.0, Avg: 40.0, Max: 40.1, Diff: 0.0, Sum: 320.4]
      [Termination (ms): Min: 0.0, Avg: 0.0, Max: 0.0, Diff: 0.0, Sum: 0.0]
      [GC Worker Other (ms): Min: 0.0, Avg: 0.1, Max: 0.1, Diff: 0.0, Sum: 0.4]
      [GC Worker Total (ms): Min: 41.2, Avg: 41.2, Max: 41.2, Diff: 0.1, Sum: 329.6]
      [GC Worker End (ms): Min: 285991.3, Avg: 285991.3, Max: 285991.4, Diff: 0.0]
   [Code Root Fixup: 0.1 ms]
   [Code Root Migration: 0.1 ms]
   [Clear CT: 0.4 ms]
   [Other: 0.8 ms]
      [Choose CSet: 0.0 ms]
      [Ref Proc: 0.1 ms]
      [Ref Enq: 0.0 ms]
      [Free CSet: 0.7 ms]
   [Eden: 996.0M(996.0M)->0.0B(1016.0M) Survivors: 89.0M->75.0M Heap: 1607.9M(1934.0M)->597.4M(1934.0M)]
 [Times: user=0.33 sys=0.00, real=0.04 secs] 
285.993: Total time for which application threads were stopped: 0.0429480 seconds, Stopping threads took: 0.0000400 seconds
286.494: Application time: 0.5015400 seconds
286.495: [GC pause (young), 0.0343780 secs]
   [Parallel Time: 32.9 ms, GC Workers: 8]
      [GC Worker Start (ms): Min: 286494.6, Avg: 286494.6, Max: 286494.7, Diff: 0.1]
      [Ext Root Scanning (ms): Min: 0.6, Avg: 0.7, Max: 0.7, Diff: 0.1, Sum: 5.4]
      [Update RS (ms): Min: 0.0, Avg: 0.0, Max: 0.1, Diff: 0.1, Sum: 0.2]
         [Processed Buffers: Min: 0, Avg: 1.1, Max: 3, Diff: 3, Sum: 9]
      [Scan RS (ms): Min: 0.4, Avg: 0.4, Max: 0.5, Diff: 0.0, Sum: 3.5]
      [Code Root Scanning (ms): Min: 0.0, Avg: 0.0, Max: 0.0, Diff: 0.0, Sum: 0.1]
      [Object Copy (ms): Min: 31.5, Avg: 31.6, Max: 31.6, Diff: 0.0, Sum: 252.5]
      [Termination (ms): Min: 0.0, Avg: 0.0, Max: 0.0, Diff: 0.0, Sum: 0.0]
      [GC Worker Other (ms): Min: 0.0, Avg: 0.1, Max: 0.1, Diff: 0.1, Sum: 0.5]
      [GC Worker Total (ms): Min: 32.7, Avg: 32.8, Max: 32.8, Diff: 0.1, Sum: 262.2]
      [GC Worker End (ms): Min: 286527.4, Avg: 286527.4, Max: 286527.4, Diff: 0.1]
   [Code Root Fixup: 0.1 ms]
   [Code Root Migration: 0.1 ms]
   [Clear CT: 0.4 ms]
   [Other: 0.9 ms]
      [Choose CSet: 0.0 ms]
      [Ref Proc: 0.1 ms]
      [Ref Enq: 0.0 ms]
      [Free CSet: 0.7 ms]
   [Eden: 1016.0M(1016.0M)->0.0B(1039.0M) Survivors: 75.0M->61.0M Heap: 1613.4M(1934.0M)->583.4M(1934.0M)]
 [Times: user=0.26 sys=0.00, real=0.03 secs] 
286.529: Total time for which application threads were stopped: 0.0345490 seconds, Stopping threads took: 0.0000430 seconds
287.040: Application time: 0.5107920 seconds
287.040: [GC pause (young), 0.0362160 secs]
   [Parallel Time: 34.5 ms, GC Workers: 8]
      [GC Worker Start (ms): Min: 287039.9, Avg: 287040.2, Max: 287041.6, Diff: 1.6]
      [Ext Root Scanning (ms): Min: 0.0, Avg: 0.6, Max: 0.9, Diff: 0.9, Sum: 4.9]
      [Update RS (ms): Min: 0.0, Avg: 0.0, Max: 0.1, Diff: 0.1, Sum: 0.2]
         [Processed Buffers: Min: 0, Avg: 1.0, Max: 4, Diff: 4, Sum: 8]
      [Scan RS (ms): Min: 0.0, Avg: 0.4, Max: 0.5, Diff: 0.5, Sum: 3.0]
      [Code Root Scanning (ms): Min: 0.0, Avg: 0.0, Max: 0.0, Diff: 0.0, Sum: 0.1]
      [Object Copy (ms): Min: 32.7, Avg: 33.1, Max: 33.2, Diff: 0.5, Sum: 265.1]
      [Termination (ms): Min: 0.0, Avg: 0.0, Max: 0.0, Diff: 0.0, Sum: 0.0]
      [GC Worker Other (ms): Min: 0.0, Avg: 0.1, Max: 0.1, Diff: 0.1, Sum: 0.4]
      [GC Worker Total (ms): Min: 32.8, Avg: 34.2, Max: 34.5, Diff: 1.7, Sum: 273.8]
      [GC Worker End (ms): Min: 287074.4, Avg: 287074.4, Max: 287074.4, Diff: 0.1]
   [Code Root Fixup: 0.1 ms]
   [Code Root Migration: 0.1 ms]
   [Clear CT: 0.5 ms]
   [Other: 1.0 ms]
      [Choose CSet: 0.0 ms]
      [Ref Proc: 0.2 ms]
      [Ref Enq: 0.0 ms]
      [Free CSet: 0.7 ms]
   [Eden: 1039.0M(1039.0M)->0.0B(1034.0M) Survivors: 61.0M->69.0M Heap: 1622.4M(1934.0M)->591.4M(1934.0M)]
 [Times: user=0.27 sys=0.00, real=0.04 secs] 
287.076: Total time for which application threads were stopped: 0.0363970 seconds, Stopping threads took: 0.0000450 seconds
287.572: Application time: 0.4958510 seconds
287.572: [GC pause (young), 0.0418670 secs]
   [Parallel Time: 40.2 ms, GC Workers: 8]
      [GC Worker Start (ms): Min: 287572.2, Avg: 287572.9, Max: 287577.6, Diff: 5.4]
      [Ext Root Scanning (ms): Min: 0.0, Avg: 0.6, Max: 0.9, Diff: 0.8, Sum: 5.0]
      [Update RS (ms): Min: 0.0, Avg: 0.0, Max: 0.1, Diff: 0.1, Sum: 0.3]
         [Processed Buffers: Min: 0, Avg: 0.9, Max: 3, Diff: 3, Sum: 7]
      [Scan RS (ms): Min: 0.2, Avg: 0.4, Max: 0.5, Diff: 0.3, Sum: 3.3]
      [Code Root Scanning (ms): Min: 0.0, Avg: 0.0, Max: 0.0, Diff: 0.0, Sum: 0.1]
      [Object Copy (ms): Min: 34.4, Avg: 38.3, Max: 38.9, Diff: 4.5, Sum: 306.2]
      [Termination (ms): Min: 0.0, Avg: 0.0, Max: 0.0, Diff: 0.0, Sum: 0.0]
      [GC Worker Other (ms): Min: 0.0, Avg: 0.1, Max: 0.1, Diff: 0.1, Sum: 0.5]
      [GC Worker Total (ms): Min: 34.8, Avg: 39.4, Max: 40.1, Diff: 5.4, Sum: 315.3]
      [GC Worker End (ms): Min: 287612.3, Avg: 287612.3, Max: 287612.3, Diff: 0.1]
   [Code Root Fixup: 0.1 ms]
   [Code Root Migration: 0.1 ms]
   [Clear CT: 0.5 ms]
   [Other: 0.9 ms]
      [Choose CSet: 0.0 ms]
      [Ref Proc: 0.1 ms]
      [Ref Enq: 0.0 ms]
      [Free CSet: 0.7 ms]
   [Eden: 1034.0M(1034.0M)->0.0B(1020.0M) Survivors: 69.0M->81.0M Heap: 1625.4M(1934.0M)->603.9M(1934.0M)]
 [Times: user=0.32 sys=0.00, real=0.05 secs] 
287.614: Total time for which application threads were stopped: 0.0420400 seconds, Stopping threads took: 0.0000410 seconds
288.107: Application time: 0.4928350 seconds
288.107: [GC pause (young), 0.0507490 secs]
   [Parallel Time: 49.2 ms, GC Workers: 8]
      [GC Worker Start (ms): Min: 288107.1, Avg: 288107.1, Max: 288107.1, Diff: 0.1]
      [Ext Root Scanning (ms): Min: 0.6, Avg: 0.7, Max: 0.7, Diff: 0.1, Sum: 5.3]
      [Update RS (ms): Min: 0.0, Avg: 0.0, Max: 0.1, Diff: 0.1, Sum: 0.3]
         [Processed Buffers: Min: 0, Avg: 0.9, Max: 3, Diff: 3, Sum: 7]
      [Scan RS (ms): Min: 0.3, Avg: 0.4, Max: 0.5, Diff: 0.1, Sum: 3.5]
      [Code Root Scanning (ms): Min: 0.0, Avg: 0.0, Max: 0.0, Diff: 0.0, Sum: 0.1]
      [Object Copy (ms): Min: 47.8, Avg: 47.9, Max: 47.9, Diff: 0.1, Sum: 382.9]
      [Termination (ms): Min: 0.0, Avg: 0.0, Max: 0.0, Diff: 0.0, Sum: 0.0]
      [GC Worker Other (ms): Min: 0.0, Avg: 0.1, Max: 0.1, Diff: 0.0, Sum: 0.5]
      [GC Worker Total (ms): Min: 49.0, Avg: 49.1, Max: 49.1, Diff: 0.1, Sum: 392.5]
      [GC Worker End (ms): Min: 288156.1, Avg: 288156.2, Max: 288156.2, Diff: 0.0]
   [Code Root Fixup: 0.1 ms]
   [Code Root Migration: 0.1 ms]
   [Clear CT: 0.5 ms]
   [Other: 0.9 ms]
      [Choose CSet: 0.0 ms]
      [Ref Proc: 0.1 ms]
      [Ref Enq: 0.0 ms]
      [Free CSet: 0.7 ms]
   [Eden: 1020.0M(1020.0M)->0.0B(998.0M) Survivors: 81.0M->98.0M Heap: 1623.9M(1934.0M)->620.4M(1934.0M)]
 [Times: user=0.40 sys=0.00, real=0.05 secs] 
288.158: Total time for which application threads were stopped: 0.0509160 seconds, Stopping threads took: 0.0000380 seconds
288.643: Application time: 0.4846850 seconds
288.643: [GC pause (young), 0.0591590 secs]
   [Parallel Time: 57.5 ms, GC Workers: 8]
      [GC Worker Start (ms): Min: 288642.7, Avg: 288642.7, Max: 288642.8, Diff: 0.1]
      [Ext Root Scanning (ms): Min: 0.6, Avg: 0.7, Max: 0.7, Diff: 0.1, Sum: 5.4]
      [Update RS (ms): Min: 0.0, Avg: 0.0, Max: 0.1, Diff: 0.1, Sum: 0.2]
         [Processed Buffers: Min: 0, Avg: 0.9, Max: 3, Diff: 3, Sum: 7]
      [Scan RS (ms): Min: 0.4, Avg: 0.4, Max: 0.5, Diff: 0.1, Sum: 3.4]
      [Code Root Scanning (ms): Min: 0.0, Avg: 0.0, Max: 0.0, Diff: 0.0, Sum: 0.1]
      [Object Copy (ms): Min: 56.2, Avg: 56.2, Max: 56.2, Diff: 0.1, Sum: 449.8]
      [Termination (ms): Min: 0.0, Avg: 0.0, Max: 0.0, Diff: 0.0, Sum: 0.0]
      [GC Worker Other (ms): Min: 0.0, Avg: 0.1, Max: 0.1, Diff: 0.0, Sum: 0.4]
      [GC Worker Total (ms): Min: 57.4, Avg: 57.4, Max: 57.5, Diff: 0.1, Sum: 459.2]
      [GC Worker End (ms): Min: 288700.1, Avg: 288700.1, Max: 288700.1, Diff: 0.0]
   [Code Root Fixup: 0.2 ms]
   [Code Root Migration: 0.1 ms]
   [Clear CT: 0.5 ms]
   [Other: 0.9 ms]
      [Choose CSet: 0.0 ms]
      [Ref Proc: 0.1 ms]
      [Ref Enq: 0.0 ms]
      [Free CSet: 0.7 ms]
   [Eden: 998.0M(998.0M)->0.0B(977.0M) Survivors: 98.0M->111.0M Heap: 1618.4M(1934.0M)->633.9M(1934.0M)]
 [Times: user=0.47 sys=0.00, real=0.06 secs] 
288.702: Total time for which application threads were stopped: 0.0593560 seconds, Stopping threads took: 0.0000600 seconds
289.178: Application time: 0.4760220 seconds
289.178: [GC pause (young), 0.0628970 secs]
   [Parallel Time: 61.3 ms, GC Workers: 8]
      [GC Worker Start (ms): Min: 289178.1, Avg: 289178.1, Max: 289178.1, Diff: 0.1]
      [Ext Root Scanning (ms): Min: 0.6, Avg: 0.6, Max: 0.7, Diff: 0.1, Sum: 5.1]
      [Update RS (ms): Min: 0.0, Avg: 0.0, Max: 0.1, Diff: 0.1, Sum: 0.2]
         [Processed Buffers: Min: 0, Avg: 0.9, Max: 3, Diff: 3, Sum: 7]
      [Scan RS (ms): Min: 0.4, Avg: 0.4, Max: 0.5, Diff: 0.1, Sum: 3.3]
      [Code Root Scanning (ms): Min: 0.0, Avg: 0.0, Max: 0.0, Diff: 0.0, Sum: 0.1]
      [Object Copy (ms): Min: 60.1, Avg: 60.1, Max: 60.1, Diff: 0.1, Sum: 480.8]
      [Termination (ms): Min: 0.0, Avg: 0.0, Max: 0.0, Diff: 0.0, Sum: 0.0]
      [GC Worker Other (ms): Min: 0.0, Avg: 0.1, Max: 0.1, Diff: 0.0, Sum: 0.4]
      [GC Worker Total (ms): Min: 61.2, Avg: 61.3, Max: 61.3, Diff: 0.1, Sum: 490.0]
      [GC Worker End (ms): Min: 289239.3, Avg: 289239.3, Max: 289239.4, Diff: 0.0]
   [Code Root Fixup: 0.1 ms]
   [Code Root Migration: 0.1 ms]
   [Clear CT: 0.4 ms]
   [Other: 0.9 ms]
      [Choose CSet: 0.0 ms]
      [Ref Proc: 0.1 ms]
      [Ref Enq: 0.0 ms]
      [Free CSet: 0.7 ms]
   [Eden: 977.0M(977.0M)->0.0B(967.0M) Survivors: 111.0M->115.0M Heap: 1610.9M(1934.0M)->637.9M(1934.0M)]
 [Times: user=0.49 sys=0.00, real=0.06 secs] 
289.241: Total time for which application threads were stopped: 0.0630680 seconds, Stopping threads took: 0.0000450 seconds
289.711: Application time: 0.4699230 seconds
289.711: [GC pause (young), 0.0617710 secs]
   [Parallel Time: 60.2 ms, GC Workers: 8]
      [GC Worker Start (ms): Min: 289711.1, Avg: 289711.4, Max: 289713.6, Diff: 2.5]
      [Ext Root Scanning (ms): Min: 0.0, Avg: 0.6, Max: 0.8, Diff: 0.8, Sum: 4.7]
      [Update RS (ms): Min: 0.0, Avg: 0.0, Max: 0.1, Diff: 0.1, Sum: 0.2]
         [Processed Buffers: Min: 0, Avg: 1.1, Max: 4, Diff: 4, Sum: 9]
      [Scan RS (ms): Min: 0.1, Avg: 0.4, Max: 0.4, Diff: 0.4, Sum: 2.9]
      [Code Root Scanning (ms): Min: 0.0, Avg: 0.0, Max: 0.0, Diff: 0.0, Sum: 0.0]
      [Object Copy (ms): Min: 57.5, Avg: 58.8, Max: 59.0, Diff: 1.5, Sum: 470.2]
      [Termination (ms): Min: 0.0, Avg: 0.0, Max: 0.0, Diff: 0.0, Sum: 0.0]
      [GC Worker Other (ms): Min: 0.0, Avg: 0.1, Max: 0.1, Diff: 0.1, Sum: 0.5]
      [GC Worker Total (ms): Min: 57.6, Avg: 59.8, Max: 60.2, Diff: 2.5, Sum: 478.5]
      [GC Worker End (ms): Min: 289771.2, Avg: 289771.2, Max: 289771.2, Diff: 0.1]
   [Code Root Fixup: 0.1 ms]
   [Code Root Migration: 0.1 ms]
   [Clear CT: 0.4 ms]
   [Other: 0.9 ms]
      [Choose CSet: 0.0 ms]
      [Ref Proc: 0.1 ms]
      [Ref Enq: 0.0 ms]
      [Free CSet: 0.7 ms]
   [Eden: 967.0M(967.0M)->0.0B(966.0M) Survivors: 115.0M->113.0M Heap: 1604.9M(1934.0M)->635.4M(1934.0M)]
 [Times: user=0.48 sys=0.00, real=0.06 secs] 
289.773: Total time for which application threads were stopped: 0.0619490 seconds, Stopping threads took: 0.0000510 seconds
290.244: Application time: 0.4710560 seconds
290.244: [GC pause (young), 0.0590090 secs]
   [Parallel Time: 57.3 ms, GC Workers: 8]
      [GC Worker Start (ms): Min: 290244.1, Avg: 290244.1, Max: 290244.1, Diff: 0.1]
      [Ext Root Scanning (ms): Min: 0.6, Avg: 0.7, Max: 0.7, Diff: 0.1, Sum: 5.2]
      [Update RS (ms): Min: 0.0, Avg: 0.0, Max: 0.1, Diff: 0.1, Sum: 0.2]
         [Processed Buffers: Min: 0, Avg: 0.9, Max: 3, Diff: 3, Sum: 7]
      [Scan RS (ms): Min: 0.4, Avg: 0.4, Max: 0.4, Diff: 0.1, Sum: 3.3]
      [Code Root Scanning (ms): Min: 0.0, Avg: 0.0, Max: 0.0, Diff: 0.0, Sum: 0.1]
      [Object Copy (ms): Min: 56.0, Avg: 56.1, Max: 56.1, Diff: 0.0, Sum: 448.5]
      [Termination (ms): Min: 0.0, Avg: 0.0, Max: 0.0, Diff: 0.0, Sum: 0.0]
      [GC Worker Other (ms): Min: 0.0, Avg: 0.1, Max: 0.1, Diff: 0.0, Sum: 0.5]
      [GC Worker Total (ms): Min: 57.2, Avg: 57.2, Max: 57.2, Diff: 0.0, Sum: 457.8]
      [GC Worker End (ms): Min: 290301.3, Avg: 290301.3, Max: 290301.4, Diff: 0.0]
   [Code Root Fixup: 0.1 ms]
   [Code Root Migration: 0.1 ms]
   [Clear CT: 0.5 ms]
   [Other: 1.0 ms]
      [Choose CSet: 0.0 ms]
      [Ref Proc: 0.2 ms]
      [Ref Enq: 0.0 ms]
      [Free CSet: 0.7 ms]
   [Eden: 966.0M(966.0M)->0.0B(972.0M) Survivors: 113.0M->107.0M Heap: 1601.4M(1934.0M)->629.4M(1934.0M)]
 [Times: user=0.45 sys=0.01, real=0.06 secs] 
290.303: Total time for which application threads were stopped: 0.0592000 seconds, Stopping threads took: 0.0000550 seconds
290.786: Application time: 0.4830950 seconds
290.786: [GC pause (young), 0.0578680 secs]
   [Parallel Time: 56.2 ms, GC Workers: 8]
      [GC Worker Start (ms): Min: 290786.4, Avg: 290786.4, Max: 290786.5, Diff: 0.1]
      [Ext Root Scanning (ms): Min: 0.6, Avg: 0.6, Max: 0.7, Diff: 0.1, Sum: 5.1]
      [Update RS (ms): Min: 0.0, Avg: 0.0, Max: 0.1, Diff: 0.1, Sum: 0.2]
         [Processed Buffers: Min: 0, Avg: 0.9, Max: 4, Diff: 4, Sum: 7]
      [Scan RS (ms): Min: 0.4, Avg: 0.4, Max: 0.5, Diff: 0.1, Sum: 3.4]
      [Code Root Scanning (ms): Min: 0.0, Avg: 0.0, Max: 0.0, Diff: 0.0, Sum: 0.1]
      [Object Copy (ms): Min: 54.9, Avg: 55.0, Max: 55.0, Diff: 0.1, Sum: 439.7]
      [Termination (ms): Min: 0.0, Avg: 0.0, Max: 0.0, Diff: 0.0, Sum: 0.0]
      [GC Worker Other (ms): Min: 0.0, Avg: 0.1, Max: 0.1, Diff: 0.0, Sum: 0.5]
      [GC Worker Total (ms): Min: 56.1, Avg: 56.1, Max: 56.2, Diff: 0.1, Sum: 449.0]
      [GC Worker End (ms): Min: 290842.5, Avg: 290842.6, Max: 290842.6, Diff: 0.1]
   [Code Root Fixup: 0.1 ms]
   [Code Root Migration: 0.1 ms]
   [Clear CT: 0.5 ms]
   [Other: 1.0 ms]
      [Choose CSet: 0.0 ms]
      [Ref Proc: 0.1 ms]
      [Ref Enq: 0.0 ms]
      [Free CSet: 0.8 ms]
   [Eden: 972.0M(972.0M)->0.0B(977.0M) Survivors: 107.0M->102.0M Heap: 1601.4M(1934.0M)->624.4M(1934.0M)]
 [Times: user=0.45 sys=0.00, real=0.05 secs] 
290.844: Total time for which application threads were stopped: 0.0580870 seconds, Stopping threads took: 0.0000930 seconds
291.326: Application time: 0.4815350 seconds
291.326: [GC pause (young), 0.0528190 secs]
   [Parallel Time: 51.3 ms, GC Workers: 8]
      [GC Worker Start (ms): Min: 291326.0, Avg: 291326.0, Max: 291326.1, Diff: 0.0]
      [Ext Root Scanning (ms): Min: 0.6, Avg: 0.6, Max: 0.7, Diff: 0.1, Sum: 5.1]
      [Update RS (ms): Min: 0.0, Avg: 0.0, Max: 0.1, Diff: 0.1, Sum: 0.3]
         [Processed Buffers: Min: 0, Avg: 0.9, Max: 2, Diff: 2, Sum: 7]
      [Scan RS (ms): Min: 0.4, Avg: 0.4, Max: 0.5, Diff: 0.1, Sum: 3.3]
      [Code Root Scanning (ms): Min: 0.0, Avg: 0.0, Max: 0.0, Diff: 0.0, Sum: 0.1]
      [Object Copy (ms): Min: 50.1, Avg: 50.1, Max: 50.1, Diff: 0.0, Sum: 400.8]
      [Termination (ms): Min: 0.0, Avg: 0.0, Max: 0.0, Diff: 0.0, Sum: 0.0]
      [GC Worker Other (ms): Min: 0.0, Avg: 0.1, Max: 0.1, Diff: 0.0, Sum: 0.5]
      [GC Worker Total (ms): Min: 51.2, Avg: 51.2, Max: 51.3, Diff: 0.0, Sum: 410.0]
      [GC Worker End (ms): Min: 291377.3, Avg: 291377.3, Max: 291377.3, Diff: 0.0]
   [Code Root Fixup: 0.1 ms]
   [Code Root Migration: 0.1 ms]
   [Clear CT: 0.4 ms]
   [Other: 0.9 ms]
      [Choose CSet: 0.0 ms]
      [Ref Proc: 0.1 ms]
      [Ref Enq: 0.0 ms]
      [Free CSet: 0.7 ms]
   [Eden: 977.0M(977.0M)->0.0B(990.0M) Survivors: 102.0M->93.0M Heap: 1601.4M(1934.0M)->615.4M(1934.0M)]
 [Times: user=0.41 sys=0.00, real=0.05 secs] 
291.379: Total time for which application threads were stopped: 0.0530260 seconds, Stopping threads took: 0.0000780 seconds
291.871: Application time: 0.4918250 seconds
291.871: [GC pause (young), 0.0488460 secs]
   [Parallel Time: 47.3 ms, GC Workers: 8]
      [GC Worker Start (ms): Min: 291870.8, Avg: 291870.9, Max: 291870.9, Diff: 0.1]
      [Ext Root Scanning (ms): Min: 0.6, Avg: 0.7, Max: 0.7, Diff: 0.1, Sum: 5.2]
      [Update RS (ms): Min: 0.0, Avg: 0.0, Max: 0.1, Diff: 0.1, Sum: 0.2]
         [Processed Buffers: Min: 0, Avg: 1.0, Max: 4, Diff: 4, Sum: 8]
      [Scan RS (ms): Min: 0.4, Avg: 0.4, Max: 0.5, Diff: 0.1, Sum: 3.4]
      [Code Root Scanning (ms): Min: 0.0, Avg: 0.0, Max: 0.0, Diff: 0.0, Sum: 0.1]
      [Object Copy (ms): Min: 46.1, Avg: 46.1, Max: 46.1, Diff: 0.0, Sum: 368.7]
      [Termination (ms): Min: 0.0, Avg: 0.0, Max: 0.0, Diff: 0.0, Sum: 0.0]
      [GC Worker Other (ms): Min: 0.0, Avg: 0.0, Max: 0.1, Diff: 0.0, Sum: 0.4]
      [GC Worker Total (ms): Min: 47.2, Avg: 47.2, Max: 47.3, Diff: 0.1, Sum: 378.0]
      [GC Worker End (ms): Min: 291918.1, Avg: 291918.1, Max: 291918.1, Diff: 0.0]
   [Code Root Fixup: 0.1 ms]
   [Code Root Migration: 0.1 ms]
   [Clear CT: 0.4 ms]
   [Other: 0.9 ms]
      [Choose CSet: 0.0 ms]
      [Ref Proc: 0.1 ms]
      [Ref Enq: 0.0 ms]
      [Free CSet: 0.7 ms]
   [Eden: 990.0M(990.0M)->0.0B(1003.0M) Survivors: 93.0M->84.0M Heap: 1605.4M(1934.0M)->606.9M(1934.0M)]
 [Times: user=0.39 sys=0.00, real=0.05 secs] 
291.920: Total time for which application threads were stopped: 0.0490340 seconds, Stopping threads took: 0.0000530 seconds
292.421: Application time: 0.5010180 seconds
292.421: [GC pause (young), 0.0444040 secs]
   [Parallel Time: 42.9 ms, GC Workers: 8]
      [GC Worker Start (ms): Min: 292420.9, Avg: 292420.9, Max: 292421.0, Diff: 0.0]
      [Ext Root Scanning (ms): Min: 0.6, Avg: 0.7, Max: 0.7, Diff: 0.1, Sum: 5.3]
      [Update RS (ms): Min: 0.0, Avg: 0.0, Max: 0.1, Diff: 0.1, Sum: 0.2]
         [Processed Buffers: Min: 0, Avg: 0.9, Max: 3, Diff: 3, Sum: 7]
      [Scan RS (ms): Min: 0.4, Avg: 0.4, Max: 0.5, Diff: 0.1, Sum: 3.3]
      [Code Root Scanning (ms): Min: 0.0, Avg: 0.0, Max: 0.0, Diff: 0.0, Sum: 0.0]
      [Object Copy (ms): Min: 41.7, Avg: 41.7, Max: 41.7, Diff: 0.0, Sum: 333.3]
      [Termination (ms): Min: 0.0, Avg: 0.0, Max: 0.0, Diff: 0.0, Sum: 0.0]
      [GC Worker Other (ms): Min: 0.0, Avg: 0.1, Max: 0.1, Diff: 0.0, Sum: 0.5]
      [GC Worker Total (ms): Min: 42.8, Avg: 42.8, Max: 42.9, Diff: 0.1, Sum: 342.6]
      [GC Worker End (ms): Min: 292463.7, Avg: 292463.8, Max: 292463.8, Diff: 0.0]
   [Code Root Fixup: 0.1 ms]
   [Code Root Migration: 0.1 ms]
   [Clear CT: 0.4 ms]
   [Other: 0.9 ms]
      [Choose CSet: 0.0 ms]
      [Ref Proc: 0.1 ms]
      [Ref Enq: 0.0 ms]
      [Free CSet: 0.7 ms]
   [Eden: 1003.0M(1003.0M)->0.0B(1013.0M) Survivors: 84.0M->79.0M Heap: 1609.9M(1934.0M)->601.4M(1934.0M)]
 [Times: user=0.35 sys=0.00, real=0.04 secs] 
292.465: Total time for which application threads were stopped: 0.0445980 seconds, Stopping threads took: 0.0000630 seconds
292.967: Application time: 0.5015450 seconds
292.967: [GC pause (young), 0.0356260 secs]
   [Parallel Time: 33.9 ms, GC Workers: 8]
      [GC Worker Start (ms): Min: 292967.0, Avg: 292967.1, Max: 292967.1, Diff: 0.1]
      [Ext Root Scanning (ms): Min: 0.7, Avg: 0.7, Max: 0.7, Diff: 0.1, Sum: 5.5]
      [Update RS (ms): Min: 0.0, Avg: 0.0, Max: 0.1, Diff: 0.1, Sum: 0.2]
         [Processed Buffers: Min: 0, Avg: 0.9, Max: 3, Diff: 3, Sum: 7]
      [Scan RS (ms): Min: 0.4, Avg: 0.4, Max: 0.5, Diff: 0.1, Sum: 3.4]
      [Code Root Scanning (ms): Min: 0.0, Avg: 0.0, Max: 0.0, Diff: 0.0, Sum: 0.1]
      [Object Copy (ms): Min: 32.6, Avg: 32.6, Max: 32.7, Diff: 0.1, Sum: 261.2]
      [Termination (ms): Min: 0.0, Avg: 0.0, Max: 0.0, Diff: 0.0, Sum: 0.0]
      [GC Worker Other (ms): Min: 0.0, Avg: 0.1, Max: 0.1, Diff: 0.0, Sum: 0.5]
      [GC Worker Total (ms): Min: 33.8, Avg: 33.9, Max: 33.9, Diff: 0.1, Sum: 270.9]
      [GC Worker End (ms): Min: 293000.9, Avg: 293000.9, Max: 293001.0, Diff: 0.0]
   [Code Root Fixup: 0.1 ms]
   [Code Root Migration: 0.1 ms]
   [Clear CT: 0.5 ms]
   [Other: 0.9 ms]
      [Choose CSet: 0.0 ms]
      [Ref Proc: 0.1 ms]
      [Ref Enq: 0.0 ms]
      [Free CSet: 0.7 ms]
   [Eden: 1013.0M(1013.0M)->0.0B(1040.0M) Survivors: 79.0M->64.0M Heap: 1614.4M(1934.0M)->586.9M(1938.0M)]
 [Times: user=0.28 sys=0.00, real=0.03 secs] 
293.003: Total time for which application threads were stopped: 0.0357960 seconds, Stopping threads took: 0.0000460 seconds
293.509: Application time: 0.5061610 seconds
293.509: [GC pause (young), 0.0402330 secs]
   [Parallel Time: 38.7 ms, GC Workers: 8]
      [GC Worker Start (ms): Min: 293509.0, Avg: 293509.0, Max: 293509.1, Diff: 0.1]
      [Ext Root Scanning (ms): Min: 0.6, Avg: 0.7, Max: 0.8, Diff: 0.1, Sum: 5.6]
      [Update RS (ms): Min: 0.0, Avg: 0.0, Max: 0.1, Diff: 0.1, Sum: 0.2]
         [Processed Buffers: Min: 0, Avg: 0.9, Max: 2, Diff: 2, Sum: 7]
      [Scan RS (ms): Min: 0.4, Avg: 0.4, Max: 0.5, Diff: 0.1, Sum: 3.5]
      [Code Root Scanning (ms): Min: 0.0, Avg: 0.0, Max: 0.0, Diff: 0.0, Sum: 0.1]
      [Object Copy (ms): Min: 37.4, Avg: 37.4, Max: 37.5, Diff: 0.2, Sum: 299.2]
      [Termination (ms): Min: 0.0, Avg: 0.0, Max: 0.0, Diff: 0.0, Sum: 0.0]
      [GC Worker Other (ms): Min: 0.0, Avg: 0.1, Max: 0.1, Diff: 0.0, Sum: 0.4]
      [GC Worker Total (ms): Min: 38.6, Avg: 38.6, Max: 38.7, Diff: 0.0, Sum: 309.0]
      [GC Worker End (ms): Min: 293547.6, Avg: 293547.7, Max: 293547.7, Diff: 0.0]
   [Code Root Fixup: 0.1 ms]
   [Code Root Migration: 0.1 ms]
   [Clear CT: 0.4 ms]
   [Other: 0.9 ms]
      [Choose CSet: 0.0 ms]
      [Ref Proc: 0.1 ms]
      [Ref Enq: 0.0 ms]
      [Free CSet: 0.7 ms]
   [Eden: 1040.0M(1040.0M)->0.0B(1028.0M) Survivors: 64.0M->77.0M Heap: 1626.9M(1938.0M)->599.4M(1938.0M)]
 [Times: user=0.31 sys=0.00, real=0.04 secs] 
293.549: Total time for which application threads were stopped: 0.0404070 seconds, Stopping threads took: 0.0000400 seconds
294.044: Application time: 0.4948050 seconds
294.044: [GC pause (young), 0.0456760 secs]
   [Parallel Time: 44.1 ms, GC Workers: 8]
      [GC Worker Start (ms): Min: 294044.2, Avg: 294044.9, Max: 294048.0, Diff: 3.8]
      [Ext Root Scanning (ms): Min: 0.0, Avg: 0.5, Max: 0.8, Diff: 0.8, Sum: 4.4]
      [Update RS (ms): Min: 0.0, Avg: 0.0, Max: 0.1, Diff: 0.1, Sum: 0.2]
         [Processed Buffers: Min: 0, Avg: 0.9, Max: 3, Diff: 3, Sum: 7]
      [Scan RS (ms): Min: 0.0, Avg: 0.3, Max: 0.5, Diff: 0.4, Sum: 2.7]
      [Code Root Scanning (ms): Min: 0.0, Avg: 0.0, Max: 0.0, Diff: 0.0, Sum: 0.1]
      [Object Copy (ms): Min: 39.9, Avg: 42.3, Max: 42.8, Diff: 2.8, Sum: 338.8]
      [Termination (ms): Min: 0.0, Avg: 0.0, Max: 0.1, Diff: 0.1, Sum: 0.1]
      [GC Worker Other (ms): Min: 0.0, Avg: 0.1, Max: 0.1, Diff: 0.1, Sum: 0.5]
      [GC Worker Total (ms): Min: 40.2, Avg: 43.3, Max: 44.0, Diff: 3.8, Sum: 346.7]
      [GC Worker End (ms): Min: 294088.2, Avg: 294088.2, Max: 294088.2, Diff: 0.1]
   [Code Root Fixup: 0.1 ms]
   [Code Root Migration: 0.1 ms]
   [Clear CT: 0.5 ms]
   [Other: 0.9 ms]
      [Choose CSet: 0.0 ms]
      [Ref Proc: 0.1 ms]
      [Ref Enq: 0.0 ms]
      [Free CSet: 0.7 ms]
   [Eden: 1028.0M(1028.0M)->0.0B(1016.0M) Survivors: 77.0M->87.0M Heap: 1627.4M(1938.0M)->609.5M(1938.0M)]
 [Times: user=0.35 sys=0.00, real=0.05 secs] 
294.090: Total time for which application threads were stopped: 0.0458610 seconds, Stopping threads took: 0.0000560 seconds
294.585: Application time: 0.4945740 seconds
294.585: [GC pause (young), 0.0521280 secs]
   [Parallel Time: 50.5 ms, GC Workers: 8]
      [GC Worker Start (ms): Min: 294584.7, Avg: 294584.7, Max: 294584.7, Diff: 0.1]
      [Ext Root Scanning (ms): Min: 0.6, Avg: 0.6, Max: 0.7, Diff: 0.1, Sum: 5.1]
      [Update RS (ms): Min: 0.0, Avg: 0.0, Max: 0.1, Diff: 0.1, Sum: 0.2]
         [Processed Buffers: Min: 0, Avg: 0.9, Max: 2, Diff: 2, Sum: 7]
      [Scan RS (ms): Min: 0.4, Avg: 0.4, Max: 0.5, Diff: 0.1, Sum: 3.6]
      [Code Root Scanning (ms): Min: 0.0, Avg: 0.0, Max: 0.0, Diff: 0.0, Sum: 0.1]
      [Object Copy (ms): Min: 49.2, Avg: 49.2, Max: 49.2, Diff: 0.0, Sum: 393.6]
      [Termination (ms): Min: 0.0, Avg: 0.0, Max: 0.0, Diff: 0.0, Sum: 0.0]
      [GC Worker Other (ms): Min: 0.0, Avg: 0.1, Max: 0.1, Diff: 0.1, Sum: 0.5]
      [GC Worker Total (ms): Min: 50.3, Avg: 50.4, Max: 50.4, Diff: 0.1, Sum: 403.1]
      [GC Worker End (ms): Min: 294635.0, Avg: 294635.1, Max: 294635.1, Diff: 0.1]
   [Code Root Fixup: 0.1 ms]
   [Code Root Migration: 0.1 ms]
   [Clear CT: 0.5 ms]
   [Other: 0.9 ms]
      [Choose CSet: 0.0 ms]
      [Ref Proc: 0.1 ms]
      [Ref Enq: 0.0 ms]
      [Free CSet: 0.7 ms]
   [Eden: 1016.0M(1016.0M)->0.0B(999.0M) Survivors: 87.0M->99.0M Heap: 1625.5M(1938.0M)->621.5M(1938.0M)]
 [Times: user=0.41 sys=0.00, real=0.06 secs] 
294.637: Total time for which application threads were stopped: 0.0523170 seconds, Stopping threads took: 0.0000470 seconds
295.127: Application time: 0.4896610 seconds
295.127: [GC pause (young), 0.0559650 secs]
   [Parallel Time: 54.3 ms, GC Workers: 8]
      [GC Worker Start (ms): Min: 295126.7, Avg: 295126.7, Max: 295126.7, Diff: 0.1]
      [Ext Root Scanning (ms): Min: 0.6, Avg: 0.7, Max: 0.8, Diff: 0.2, Sum: 5.4]
      [Update RS (ms): Min: 0.0, Avg: 0.3, Max: 2.3, Diff: 2.3, Sum: 2.4]
         [Processed Buffers: Min: 0, Avg: 0.9, Max: 3, Diff: 3, Sum: 7]
      [Scan RS (ms): Min: 0.1, Avg: 0.4, Max: 0.5, Diff: 0.4, Sum: 3.0]
      [Code Root Scanning (ms): Min: 0.0, Avg: 0.0, Max: 0.0, Diff: 0.0, Sum: 0.1]
      [Object Copy (ms): Min: 51.2, Avg: 52.9, Max: 53.2, Diff: 2.0, Sum: 422.8]
      [Termination (ms): Min: 0.0, Avg: 0.0, Max: 0.0, Diff: 0.0, Sum: 0.0]
      [GC Worker Other (ms): Min: 0.0, Avg: 0.1, Max: 0.1, Diff: 0.0, Sum: 0.5]
      [GC Worker Total (ms): Min: 54.2, Avg: 54.3, Max: 54.3, Diff: 0.1, Sum: 434.2]
      [GC Worker End (ms): Min: 295180.9, Avg: 295181.0, Max: 295181.0, Diff: 0.0]
   [Code Root Fixup: 0.1 ms]
   [Code Root Migration: 0.1 ms]
   [Clear CT: 0.4 ms]
   [Other: 1.0 ms]
      [Choose CSet: 0.0 ms]
      [Ref Proc: 0.1 ms]
      [Ref Enq: 0.0 ms]
      [Free CSet: 0.7 ms]
   [Eden: 999.0M(999.0M)->0.0B(990.0M) Survivors: 99.0M->104.0M Heap: 1620.5M(1938.0M)->626.5M(1938.0M)]
 [Times: user=0.43 sys=0.00, real=0.05 secs] 
295.183: Total time for which application threads were stopped: 0.0561650 seconds, Stopping threads took: 0.0000690 seconds
295.665: Application time: 0.4819280 seconds
295.665: [GC pause (young), 0.0484500 secs]
   [Parallel Time: 46.8 ms, GC Workers: 8]
      [GC Worker Start (ms): Min: 295664.8, Avg: 295664.8, Max: 295664.8, Diff: 0.1]
      [Ext Root Scanning (ms): Min: 0.6, Avg: 0.7, Max: 0.7, Diff: 0.1, Sum: 5.4]
      [Update RS (ms): Min: 0.0, Avg: 0.0, Max: 0.1, Diff: 0.1, Sum: 0.2]
         [Processed Buffers: Min: 0, Avg: 0.9, Max: 2, Diff: 2, Sum: 7]
      [Scan RS (ms): Min: 0.3, Avg: 0.4, Max: 0.5, Diff: 0.1, Sum: 3.4]
      [Code Root Scanning (ms): Min: 0.0, Avg: 0.0, Max: 0.0, Diff: 0.0, Sum: 0.1]
      [Object Copy (ms): Min: 45.5, Avg: 45.6, Max: 45.6, Diff: 0.0, Sum: 364.5]
      [Termination (ms): Min: 0.0, Avg: 0.0, Max: 0.0, Diff: 0.0, Sum: 0.0]
      [GC Worker Other (ms): Min: 0.0, Avg: 0.1, Max: 0.1, Diff: 0.0, Sum: 0.4]
      [GC Worker Total (ms): Min: 46.7, Avg: 46.8, Max: 46.8, Diff: 0.0, Sum: 374.0]
      [GC Worker End (ms): Min: 295711.5, Avg: 295711.5, Max: 295711.5, Diff: 0.0]
   [Code Root Fixup: 0.1 ms]
   [Code Root Migration: 0.1 ms]
   [Clear CT: 0.5 ms]
   [Other: 0.9 ms]
      [Choose CSet: 0.0 ms]
      [Ref Proc: 0.1 ms]
      [Ref Enq: 0.0 ms]
      [Free CSet: 0.7 ms]
   [Eden: 990.0M(990.0M)->0.0B(1005.0M) Survivors: 104.0M->90.0M Heap: 1616.5M(1938.0M)->612.5M(1938.0M)]
 [Times: user=0.38 sys=0.00, real=0.05 secs] 
295.715: Total time for which application threads were stopped: 0.0502440 seconds, Stopping threads took: 0.0000650 seconds
296.203: Application time: 0.4881860 seconds
296.203: [GC pause (young), 0.0497790 secs]
   [Parallel Time: 48.1 ms, GC Workers: 8]
      [GC Worker Start (ms): Min: 296203.2, Avg: 296203.2, Max: 296203.3, Diff: 0.1]
      [Ext Root Scanning (ms): Min: 0.7, Avg: 0.7, Max: 0.7, Diff: 0.1, Sum: 5.6]
      [Update RS (ms): Min: 0.0, Avg: 0.0, Max: 0.1, Diff: 0.1, Sum: 0.2]
         [Processed Buffers: Min: 0, Avg: 0.9, Max: 2, Diff: 2, Sum: 7]
      [Scan RS (ms): Min: 0.4, Avg: 0.4, Max: 0.5, Diff: 0.1, Sum: 3.4]
      [Code Root Scanning (ms): Min: 0.0, Avg: 0.0, Max: 0.0, Diff: 0.0, Sum: 0.1]
      [Object Copy (ms): Min: 46.8, Avg: 46.9, Max: 46.9, Diff: 0.1, Sum: 374.9]
      [Termination (ms): Min: 0.0, Avg: 0.0, Max: 0.0, Diff: 0.0, Sum: 0.0]
      [GC Worker Other (ms): Min: 0.0, Avg: 0.0, Max: 0.1, Diff: 0.0, Sum: 0.4]
      [GC Worker Total (ms): Min: 48.0, Avg: 48.1, Max: 48.1, Diff: 0.1, Sum: 384.6]
      [GC Worker End (ms): Min: 296251.3, Avg: 296251.3, Max: 296251.3, Diff: 0.0]
   [Code Root Fixup: 0.1 ms]
   [Code Root Migration: 0.1 ms]
   [Clear CT: 0.4 ms]
   [Other: 0.9 ms]
      [Choose CSet: 0.0 ms]
      [Ref Proc: 0.2 ms]
      [Ref Enq: 0.0 ms]
      [Free CSet: 0.7 ms]
   [Eden: 1005.0M(1005.0M)->0.0B(1003.0M) Survivors: 90.0M->93.0M Heap: 1617.5M(1938.0M)->616.0M(1938.0M)]
 [Times: user=0.38 sys=0.00, real=0.05 secs] 
296.253: Total time for which application threads were stopped: 0.0499910 seconds, Stopping threads took: 0.0000750 seconds
296.744: Application time: 0.4912350 seconds
296.744: [GC pause (young), 0.0528320 secs]
   [Parallel Time: 51.2 ms, GC Workers: 8]
      [GC Worker Start (ms): Min: 296744.4, Avg: 296744.4, Max: 296744.5, Diff: 0.1]
      [Ext Root Scanning (ms): Min: 0.6, Avg: 0.7, Max: 0.7, Diff: 0.1, Sum: 5.3]
      [Update RS (ms): Min: 0.0, Avg: 0.0, Max: 0.1, Diff: 0.1, Sum: 0.2]
         [Processed Buffers: Min: 0, Avg: 0.9, Max: 3, Diff: 3, Sum: 7]
      [Scan RS (ms): Min: 0.4, Avg: 0.4, Max: 0.5, Diff: 0.1, Sum: 3.4]
      [Code Root Scanning (ms): Min: 0.0, Avg: 0.0, Max: 0.0, Diff: 0.0, Sum: 0.1]
      [Object Copy (ms): Min: 49.9, Avg: 49.9, Max: 49.9, Diff: 0.0, Sum: 399.3]
      [Termination (ms): Min: 0.0, Avg: 0.0, Max: 0.0, Diff: 0.0, Sum: 0.0]
      [GC Worker Other (ms): Min: 0.0, Avg: 0.1, Max: 0.1, Diff: 0.1, Sum: 0.5]
      [GC Worker Total (ms): Min: 51.1, Avg: 51.1, Max: 51.1, Diff: 0.1, Sum: 408.9]
      [GC Worker End (ms): Min: 296795.5, Avg: 296795.6, Max: 296795.6, Diff: 0.1]
   [Code Root Fixup: 0.1 ms]
   [Code Root Migration: 0.1 ms]
   [Clear CT: 0.4 ms]
   [Other: 0.9 ms]
      [Choose CSet: 0.0 ms]
      [Ref Proc: 0.2 ms]
      [Ref Enq: 0.0 ms]
      [Free CSet: 0.7 ms]
   [Eden: 1003.0M(1003.0M)->0.0B(997.0M) Survivors: 93.0M->97.0M Heap: 1619.0M(1938.0M)->619.5M(1938.0M)]
 [Times: user=0.41 sys=0.00, real=0.06 secs] 
296.797: Total time for which application threads were stopped: 0.0530220 seconds, Stopping threads took: 0.0000650 seconds
297.286: Application time: 0.4891290 seconds
297.287: [GC pause (young), 0.0546010 secs]
   [Parallel Time: 53.0 ms, GC Workers: 8]
      [GC Worker Start (ms): Min: 297286.5, Avg: 297286.6, Max: 297286.6, Diff: 0.1]
      [Ext Root Scanning (ms): Min: 0.6, Avg: 0.6, Max: 0.7, Diff: 0.1, Sum: 5.1]
      [Update RS (ms): Min: 0.0, Avg: 0.0, Max: 0.1, Diff: 0.1, Sum: 0.2]
         [Processed Buffers: Min: 0, Avg: 1.0, Max: 5, Diff: 5, Sum: 8]
      [Scan RS (ms): Min: 0.4, Avg: 0.4, Max: 0.4, Diff: 0.1, Sum: 3.4]
      [Code Root Scanning (ms): Min: 0.0, Avg: 0.0, Max: 0.0, Diff: 0.0, Sum: 0.1]
      [Object Copy (ms): Min: 51.7, Avg: 51.7, Max: 51.8, Diff: 0.1, Sum: 413.9]
      [Termination (ms): Min: 0.0, Avg: 0.0, Max: 0.0, Diff: 0.0, Sum: 0.0]
      [GC Worker Other (ms): Min: 0.0, Avg: 0.1, Max: 0.1, Diff: 0.1, Sum: 0.5]
      [GC Worker Total (ms): Min: 52.9, Avg: 52.9, Max: 52.9, Diff: 0.1, Sum: 423.2]
      [GC Worker End (ms): Min: 297339.4, Avg: 297339.5, Max: 297339.5, Diff: 0.1]
   [Code Root Fixup: 0.1 ms]
   [Code Root Migration: 0.1 ms]
   [Clear CT: 0.5 ms]
   [Other: 0.9 ms]
      [Choose CSet: 0.0 ms]
      [Ref Proc: 0.1 ms]
      [Ref Enq: 0.0 ms]
      [Free CSet: 0.7 ms]
   [Eden: 997.0M(997.0M)->0.0B(996.0M) Survivors: 97.0M->97.0M Heap: 1616.5M(1938.0M)->620.0M(1938.0M)]
 [Times: user=0.43 sys=0.00, real=0.05 secs] 
297.341: Total time for which application threads were stopped: 0.0547680 seconds, Stopping threads took: 0.0000330 seconds
297.834: Application time: 0.4923700 seconds
297.834: [GC pause (young), 0.0514940 secs]
   [Parallel Time: 49.9 ms, GC Workers: 8]
      [GC Worker Start (ms): Min: 297833.7, Avg: 297833.7, Max: 297833.7, Diff: 0.1]
      [Ext Root Scanning (ms): Min: 0.6, Avg: 0.6, Max: 0.7, Diff: 0.1, Sum: 5.2]
      [Update RS (ms): Min: 0.0, Avg: 0.0, Max: 0.1, Diff: 0.1, Sum: 0.2]
         [Processed Buffers: Min: 0, Avg: 1.0, Max: 3, Diff: 3, Sum: 8]
      [Scan RS (ms): Min: 0.4, Avg: 0.4, Max: 0.4, Diff: 0.1, Sum: 3.4]
      [Code Root Scanning (ms): Min: 0.0, Avg: 0.0, Max: 0.0, Diff: 0.0, Sum: 0.1]
      [Object Copy (ms): Min: 48.7, Avg: 48.7, Max: 48.7, Diff: 0.0, Sum: 389.4]
      [Termination (ms): Min: 0.0, Avg: 0.0, Max: 0.0, Diff: 0.0, Sum: 0.0]
      [GC Worker Other (ms): Min: 0.0, Avg: 0.1, Max: 0.1, Diff: 0.0, Sum: 0.4]
      [GC Worker Total (ms): Min: 49.8, Avg: 49.8, Max: 49.9, Diff: 0.1, Sum: 398.7]
      [GC Worker End (ms): Min: 297883.5, Avg: 297883.6, Max: 297883.6, Diff: 0.0]
   [Code Root Fixup: 0.1 ms]
   [Code Root Migration: 0.1 ms]
   [Clear CT: 0.5 ms]
   [Other: 0.9 ms]
      [Choose CSet: 0.0 ms]
      [Ref Proc: 0.1 ms]
      [Ref Enq: 0.0 ms]
      [Free CSet: 0.7 ms]
   [Eden: 996.0M(996.0M)->0.0B(1004.0M) Survivors: 97.0M->91.0M Heap: 1616.0M(1938.0M)->613.5M(1938.0M)]
 [Times: user=0.40 sys=0.00, real=0.04 secs] 
297.885: Total time for which application threads were stopped: 0.0516840 seconds, Stopping threads took: 0.0000540 seconds
298.379: Application time: 0.4940590 seconds
298.379: [GC pause (young), 0.0399970 secs]
   [Parallel Time: 38.5 ms, GC Workers: 8]
      [GC Worker Start (ms): Min: 298379.4, Avg: 298379.4, Max: 298379.5, Diff: 0.1]
      [Ext Root Scanning (ms): Min: 0.6, Avg: 0.6, Max: 0.7, Diff: 0.1, Sum: 5.1]
      [Update RS (ms): Min: 0.0, Avg: 0.0, Max: 0.1, Diff: 0.1, Sum: 0.2]
         [Processed Buffers: Min: 0, Avg: 1.0, Max: 3, Diff: 3, Sum: 8]
      [Scan RS (ms): Min: 0.4, Avg: 0.4, Max: 0.5, Diff: 0.1, Sum: 3.4]
      [Code Root Scanning (ms): Min: 0.0, Avg: 0.0, Max: 0.0, Diff: 0.0, Sum: 0.1]
      [Object Copy (ms): Min: 37.2, Avg: 37.2, Max: 37.2, Diff: 0.0, Sum: 297.7]
      [Termination (ms): Min: 0.0, Avg: 0.0, Max: 0.0, Diff: 0.0, Sum: 0.0]
      [GC Worker Other (ms): Min: 0.0, Avg: 0.1, Max: 0.1, Diff: 0.1, Sum: 0.4]
      [GC Worker Total (ms): Min: 38.3, Avg: 38.4, Max: 38.4, Diff: 0.1, Sum: 307.0]
      [GC Worker End (ms): Min: 298417.8, Avg: 298417.8, Max: 298417.8, Diff: 0.1]
   [Code Root Fixup: 0.1 ms]
   [Code Root Migration: 0.1 ms]
   [Clear CT: 0.5 ms]
   [Other: 0.9 ms]
      [Choose CSet: 0.0 ms]
      [Ref Proc: 0.1 ms]
      [Ref Enq: 0.0 ms]
      [Free CSet: 0.7 ms]
   [Eden: 1004.0M(1004.0M)->0.0B(1030.0M) Survivors: 91.0M->72.0M Heap: 1617.5M(1938.0M)->594.5M(1938.0M)]
 [Times: user=0.31 sys=0.00, real=0.04 secs] 
298.419: Total time for which application threads were stopped: 0.0401480 seconds, Stopping threads took: 0.0000240 seconds
298.912: Application time: 0.4924160 seconds
298.912: [GC pause (young), 0.0342140 secs]
   [Parallel Time: 32.5 ms, GC Workers: 8]
      [GC Worker Start (ms): Min: 298912.0, Avg: 298912.0, Max: 298912.0, Diff: 0.1]
      [Ext Root Scanning (ms): Min: 0.7, Avg: 0.7, Max: 0.8, Diff: 0.1, Sum: 5.6]
      [Update RS (ms): Min: 0.0, Avg: 0.0, Max: 0.1, Diff: 0.1, Sum: 0.3]
         [Processed Buffers: Min: 0, Avg: 1.1, Max: 4, Diff: 4, Sum: 9]
      [Scan RS (ms): Min: 0.4, Avg: 0.5, Max: 0.5, Diff: 0.1, Sum: 3.7]
      [Code Root Scanning (ms): Min: 0.0, Avg: 0.0, Max: 0.0, Diff: 0.0, Sum: 0.1]
      [Object Copy (ms): Min: 31.2, Avg: 31.2, Max: 31.2, Diff: 0.1, Sum: 249.7]
      [Termination (ms): Min: 0.0, Avg: 0.0, Max: 0.0, Diff: 0.0, Sum: 0.0]
      [GC Worker Other (ms): Min: 0.0, Avg: 0.1, Max: 0.1, Diff: 0.0, Sum: 0.5]
      [GC Worker Total (ms): Min: 32.4, Avg: 32.5, Max: 32.5, Diff: 0.1, Sum: 259.8]
      [GC Worker End (ms): Min: 298944.5, Avg: 298944.5, Max: 298944.5, Diff: 0.0]
   [Code Root Fixup: 0.1 ms]
   [Code Root Migration: 0.1 ms]
   [Clear CT: 0.5 ms]
   [Other: 1.0 ms]
      [Choose CSet: 0.0 ms]
      [Ref Proc: 0.1 ms]
      [Ref Enq: 0.0 ms]
      [Free CSet: 0.8 ms]
   [Eden: 1030.0M(1030.0M)->0.0B(1043.0M) Survivors: 72.0M->65.0M Heap: 1624.5M(1938.0M)->587.5M(1938.0M)]
 [Times: user=0.27 sys=0.00, real=0.04 secs] 
298.946: Total time for which application threads were stopped: 0.0343560 seconds, Stopping threads took: 0.0000150 seconds
299.446: Application time: 0.4999690 seconds
299.446: [GC pause (young), 0.0504670 secs]
   [Parallel Time: 48.7 ms, GC Workers: 8]
      [GC Worker Start (ms): Min: 299446.4, Avg: 299446.4, Max: 299446.4, Diff: 0.1]
      [Ext Root Scanning (ms): Min: 0.6, Avg: 0.7, Max: 0.7, Diff: 0.1, Sum: 5.5]
      [Update RS (ms): Min: 0.0, Avg: 0.0, Max: 0.1, Diff: 0.1, Sum: 0.2]
         [Processed Buffers: Min: 0, Avg: 0.9, Max: 3, Diff: 3, Sum: 7]
      [Scan RS (ms): Min: 0.4, Avg: 0.5, Max: 0.5, Diff: 0.1, Sum: 3.6]
      [Code Root Scanning (ms): Min: 0.0, Avg: 0.0, Max: 0.0, Diff: 0.0, Sum: 0.1]
      [Object Copy (ms): Min: 47.3, Avg: 47.4, Max: 47.4, Diff: 0.1, Sum: 379.0]
      [Termination (ms): Min: 0.0, Avg: 0.0, Max: 0.0, Diff: 0.0, Sum: 0.0]
      [GC Worker Other (ms): Min: 0.0, Avg: 0.1, Max: 0.1, Diff: 0.1, Sum: 0.6]
      [GC Worker Total (ms): Min: 48.6, Avg: 48.6, Max: 48.7, Diff: 0.1, Sum: 389.0]
      [GC Worker End (ms): Min: 299495.0, Avg: 299495.0, Max: 299495.1, Diff: 0.1]
   [Code Root Fixup: 0.1 ms]
   [Code Root Migration: 0.1 ms]
   [Clear CT: 0.5 ms]
   [Other: 1.0 ms]
      [Choose CSet: 0.0 ms]
      [Ref Proc: 0.1 ms]
      [Ref Enq: 0.0 ms]
      [Free CSet: 0.8 ms]
   [Eden: 1043.0M(1043.0M)->0.0B(1008.0M) Survivors: 65.0M->95.0M Heap: 1630.5M(1938.0M)->617.5M(1938.0M)]
 [Times: user=0.39 sys=0.00, real=0.05 secs] 
299.497: Total time for which application threads were stopped: 0.0506930 seconds, Stopping threads took: 0.0000980 seconds
299.992: Application time: 0.4953680 seconds
299.992: [GC pause (young), 0.0559390 secs]
   [Parallel Time: 54.4 ms, GC Workers: 8]
      [GC Worker Start (ms): Min: 299992.4, Avg: 299992.6, Max: 299993.6, Diff: 1.1]
      [Ext Root Scanning (ms): Min: 0.0, Avg: 0.6, Max: 0.8, Diff: 0.8, Sum: 4.8]
      [Update RS (ms): Min: 0.0, Avg: 0.0, Max: 0.1, Diff: 0.1, Sum: 0.3]
         [Processed Buffers: Min: 0, Avg: 0.9, Max: 4, Diff: 4, Sum: 7]
      [Scan RS (ms): Min: 0.1, Avg: 0.4, Max: 0.5, Diff: 0.4, Sum: 3.1]
      [Code Root Scanning (ms): Min: 0.0, Avg: 0.0, Max: 0.0, Diff: 0.0, Sum: 0.1]
      [Object Copy (ms): Min: 53.0, Avg: 53.1, Max: 53.1, Diff: 0.1, Sum: 424.7]
      [Termination (ms): Min: 0.0, Avg: 0.0, Max: 0.0, Diff: 0.0, Sum: 0.0]
      [GC Worker Other (ms): Min: 0.0, Avg: 0.1, Max: 0.1, Diff: 0.0, Sum: 0.4]
      [GC Worker Total (ms): Min: 53.2, Avg: 54.2, Max: 54.3, Diff: 1.2, Sum: 433.3]
      [GC Worker End (ms): Min: 300046.7, Avg: 300046.7, Max: 300046.8, Diff: 0.0]
   [Code Root Fixup: 0.1 ms]
   [Code Root Migration: 0.1 ms]
   [Clear CT: 0.4 ms]
   [Other: 0.9 ms]
      [Choose CSet: 0.0 ms]
      [Ref Proc: 0.1 ms]
      [Ref Enq: 0.0 ms]
      [Free CSet: 0.7 ms]
   [Eden: 1008.0M(1008.0M)->0.0B(992.0M) Survivors: 95.0M->106.0M Heap: 1625.5M(1938.0M)->628.5M(1938.0M)]
 [Times: user=0.44 sys=0.00, real=0.06 secs] 
300.048: Total time for which application threads were stopped: 0.0561320 seconds, Stopping threads took: 0.0000650 seconds
300.532: Application time: 0.4834650 seconds
300.532: [GC pause (young), 0.0543150 secs]
   [Parallel Time: 52.7 ms, GC Workers: 8]
      [GC Worker Start (ms): Min: 300532.0, Avg: 300532.0, Max: 300532.1, Diff: 0.1]
      [Ext Root Scanning (ms): Min: 0.6, Avg: 0.7, Max: 0.8, Diff: 0.1, Sum: 5.5]
      [Update RS (ms): Min: 0.0, Avg: 0.0, Max: 0.1, Diff: 0.1, Sum: 0.2]
         [Processed Buffers: Min: 0, Avg: 0.9, Max: 4, Diff: 4, Sum: 7]
      [Scan RS (ms): Min: 0.4, Avg: 0.4, Max: 0.5, Diff: 0.1, Sum: 3.4]
      [Code Root Scanning (ms): Min: 0.0, Avg: 0.0, Max: 0.0, Diff: 0.0, Sum: 0.1]
      [Object Copy (ms): Min: 51.4, Avg: 51.4, Max: 51.4, Diff: 0.0, Sum: 411.3]
      [Termination (ms): Min: 0.0, Avg: 0.0, Max: 0.0, Diff: 0.0, Sum: 0.0]
      [GC Worker Other (ms): Min: 0.0, Avg: 0.1, Max: 0.1, Diff: 0.0, Sum: 0.5]
      [GC Worker Total (ms): Min: 52.6, Avg: 52.6, Max: 52.7, Diff: 0.1, Sum: 421.0]
      [GC Worker End (ms): Min: 300584.7, Avg: 300584.7, Max: 300584.7, Diff: 0.0]
   [Code Root Fixup: 0.1 ms]
   [Code Root Migration: 0.1 ms]
   [Clear CT: 0.4 ms]
   [Other: 0.9 ms]
      [Choose CSet: 0.0 ms]
      [Ref Proc: 0.1 ms]
      [Ref Enq: 0.0 ms]
      [Free CSet: 0.7 ms]
   [Eden: 992.0M(992.0M)->0.0B(991.0M) Survivors: 106.0M->104.0M Heap: 1620.5M(1938.0M)->626.5M(1938.0M)]
 [Times: user=0.42 sys=0.00, real=0.06 secs] 
300.586: Total time for which application threads were stopped: 0.0545180 seconds, Stopping threads took: 0.0000660 seconds
301.066: Application time: 0.4798380 seconds
301.066: [GC pause (young), 0.0593270 secs]
   [Parallel Time: 57.8 ms, GC Workers: 8]
      [GC Worker Start (ms): Min: 301066.4, Avg: 301066.4, Max: 301066.4, Diff: 0.1]
      [Ext Root Scanning (ms): Min: 0.6, Avg: 0.7, Max: 0.7, Diff: 0.1, Sum: 5.3]
      [Update RS (ms): Min: 0.0, Avg: 0.0, Max: 0.1, Diff: 0.1, Sum: 0.2]
         [Processed Buffers: Min: 0, Avg: 0.9, Max: 4, Diff: 4, Sum: 7]
      [Scan RS (ms): Min: 0.4, Avg: 0.4, Max: 0.5, Diff: 0.1, Sum: 3.3]
      [Code Root Scanning (ms): Min: 0.0, Avg: 0.0, Max: 0.0, Diff: 0.0, Sum: 0.1]
      [Object Copy (ms): Min: 56.5, Avg: 56.5, Max: 56.6, Diff: 0.1, Sum: 452.3]
      [Termination (ms): Min: 0.0, Avg: 0.0, Max: 0.0, Diff: 0.0, Sum: 0.1]
      [GC Worker Other (ms): Min: 0.0, Avg: 0.1, Max: 0.1, Diff: 0.0, Sum: 0.4]
      [GC Worker Total (ms): Min: 57.7, Avg: 57.7, Max: 57.7, Diff: 0.1, Sum: 461.6]
      [GC Worker End (ms): Min: 301124.1, Avg: 301124.1, Max: 301124.1, Diff: 0.0]
   [Code Root Fixup: 0.1 ms]
   [Code Root Migration: 0.1 ms]
   [Clear CT: 0.4 ms]
   [Other: 0.9 ms]
      [Choose CSet: 0.0 ms]
      [Ref Proc: 0.1 ms]
      [Ref Enq: 0.0 ms]
      [Free CSet: 0.7 ms]
   [Eden: 991.0M(991.0M)->0.0B(982.0M) Survivors: 104.0M->109.0M Heap: 1617.5M(1938.0M)->632.0M(1938.0M)]
 [Times: user=0.47 sys=0.00, real=0.06 secs] 
301.126: Total time for which application threads were stopped: 0.0595080 seconds, Stopping threads took: 0.0000560 seconds
301.603: Application time: 0.4775870 seconds
301.603: [GC pause (young), 0.0618280 secs]
   [Parallel Time: 60.1 ms, GC Workers: 8]
      [GC Worker Start (ms): Min: 301603.5, Avg: 301604.3, Max: 301609.6, Diff: 6.1]
      [Ext Root Scanning (ms): Min: 0.0, Avg: 0.6, Max: 0.9, Diff: 0.9, Sum: 4.7]
      [Update RS (ms): Min: 0.0, Avg: 0.0, Max: 0.1, Diff: 0.1, Sum: 0.2]
         [Processed Buffers: Min: 0, Avg: 0.9, Max: 2, Diff: 2, Sum: 7]
      [Scan RS (ms): Min: 0.2, Avg: 0.4, Max: 0.5, Diff: 0.3, Sum: 3.1]
      [Code Root Scanning (ms): Min: 0.0, Avg: 0.0, Max: 0.0, Diff: 0.0, Sum: 0.1]
      [Object Copy (ms): Min: 53.6, Avg: 58.2, Max: 58.8, Diff: 5.2, Sum: 465.3]
      [Termination (ms): Min: 0.0, Avg: 0.0, Max: 0.0, Diff: 0.0, Sum: 0.0]
      [GC Worker Other (ms): Min: 0.0, Avg: 0.1, Max: 0.1, Diff: 0.1, Sum: 0.5]
      [GC Worker Total (ms): Min: 53.9, Avg: 59.2, Max: 60.0, Diff: 6.1, Sum: 473.9]
      [GC Worker End (ms): Min: 301663.5, Avg: 301663.5, Max: 301663.5, Diff: 0.1]
   [Code Root Fixup: 0.1 ms]
   [Code Root Migration: 0.1 ms]
   [Clear CT: 0.5 ms]
   [Other: 1.0 ms]
      [Choose CSet: 0.0 ms]
      [Ref Proc: 0.1 ms]
      [Ref Enq: 0.0 ms]
      [Free CSet: 0.8 ms]
   [Eden: 982.0M(982.0M)->0.0B(980.0M) Survivors: 109.0M->108.0M Heap: 1614.0M(1938.0M)->630.5M(1938.0M)]
 [Times: user=0.48 sys=0.00, real=0.06 secs] 
301.665: Total time for which application threads were stopped: 0.0620030 seconds, Stopping threads took: 0.0000470 seconds
302.147: Application time: 0.4820180 seconds
302.147: [GC pause (young), 0.0574310 secs]
   [Parallel Time: 55.8 ms, GC Workers: 8]
      [GC Worker Start (ms): Min: 302147.5, Avg: 302147.5, Max: 302147.6, Diff: 0.1]
      [Ext Root Scanning (ms): Min: 0.6, Avg: 0.6, Max: 0.7, Diff: 0.1, Sum: 5.1]
      [Update RS (ms): Min: 0.0, Avg: 0.0, Max: 0.1, Diff: 0.1, Sum: 0.2]
         [Processed Buffers: Min: 0, Avg: 1.4, Max: 5, Diff: 5, Sum: 11]
      [Scan RS (ms): Min: 0.4, Avg: 0.4, Max: 0.4, Diff: 0.1, Sum: 3.3]
      [Code Root Scanning (ms): Min: 0.0, Avg: 0.0, Max: 0.0, Diff: 0.0, Sum: 0.1]
      [Object Copy (ms): Min: 54.6, Avg: 54.6, Max: 54.7, Diff: 0.1, Sum: 437.0]
      [Termination (ms): Min: 0.0, Avg: 0.0, Max: 0.0, Diff: 0.0, Sum: 0.0]
      [GC Worker Other (ms): Min: 0.0, Avg: 0.1, Max: 0.1, Diff: 0.0, Sum: 0.4]
      [GC Worker Total (ms): Min: 55.7, Avg: 55.8, Max: 55.8, Diff: 0.1, Sum: 446.1]
      [GC Worker End (ms): Min: 302203.3, Avg: 302203.3, Max: 302203.3, Diff: 0.0]
   [Code Root Fixup: 0.1 ms]
   [Code Root Migration: 0.1 ms]
   [Clear CT: 0.4 ms]
   [Other: 0.9 ms]
      [Choose CSet: 0.0 ms]
      [Ref Proc: 0.1 ms]
      [Ref Enq: 0.0 ms]
      [Free CSet: 0.7 ms]
   [Eden: 980.0M(980.0M)->0.0B(985.0M) Survivors: 108.0M->102.0M Heap: 1610.5M(1938.0M)->624.5M(1938.0M)]
 [Times: user=0.45 sys=0.00, real=0.05 secs] 
302.205: Total time for which application threads were stopped: 0.0576250 seconds, Stopping threads took: 0.0000570 seconds
302.693: Application time: 0.4885150 seconds
302.694: [GC pause (young), 0.0545080 secs]
   [Parallel Time: 52.8 ms, GC Workers: 8]
      [GC Worker Start (ms): Min: 302693.6, Avg: 302693.7, Max: 302693.7, Diff: 0.1]
      [Ext Root Scanning (ms): Min: 0.6, Avg: 0.7, Max: 0.7, Diff: 0.1, Sum: 5.2]
      [Update RS (ms): Min: 0.0, Avg: 0.0, Max: 0.1, Diff: 0.1, Sum: 0.3]
         [Processed Buffers: Min: 0, Avg: 1.1, Max: 3, Diff: 3, Sum: 9]
      [Scan RS (ms): Min: 0.4, Avg: 0.4, Max: 0.5, Diff: 0.1, Sum: 3.5]
      [Code Root Scanning (ms): Min: 0.0, Avg: 0.0, Max: 0.0, Diff: 0.0, Sum: 0.0]
      [Object Copy (ms): Min: 51.5, Avg: 51.5, Max: 51.6, Diff: 0.1, Sum: 412.2]
      [Termination (ms): Min: 0.0, Avg: 0.0, Max: 0.0, Diff: 0.0, Sum: 0.0]
      [GC Worker Other (ms): Min: 0.0, Avg: 0.1, Max: 0.1, Diff: 0.1, Sum: 0.4]
      [GC Worker Total (ms): Min: 52.7, Avg: 52.7, Max: 52.8, Diff: 0.1, Sum: 421.6]
      [GC Worker End (ms): Min: 302746.3, Avg: 302746.4, Max: 302746.4, Diff: 0.1]
   [Code Root Fixup: 0.1 ms]
   [Code Root Migration: 0.1 ms]
   [Clear CT: 0.4 ms]
   [Other: 1.0 ms]
      [Choose CSet: 0.0 ms]
      [Ref Proc: 0.2 ms]
      [Ref Enq: 0.0 ms]
      [Free CSet: 0.8 ms]
   [Eden: 985.0M(985.0M)->0.0B(993.0M) Survivors: 102.0M->95.0M Heap: 1609.5M(1938.0M)->617.6M(1938.0M)]
 [Times: user=0.43 sys=0.00, real=0.05 secs] 
302.748: Total time for which application threads were stopped: 0.0546910 seconds, Stopping threads took: 0.0000530 seconds
303.244: Application time: 0.4962640 seconds
303.245: [GC pause (young), 0.0498510 secs]
   [Parallel Time: 48.3 ms, GC Workers: 8]
      [GC Worker Start (ms): Min: 303244.6, Avg: 303244.8, Max: 303245.6, Diff: 1.0]
      [Ext Root Scanning (ms): Min: 0.0, Avg: 0.5, Max: 0.8, Diff: 0.8, Sum: 4.2]
      [Update RS (ms): Min: 0.0, Avg: 0.0, Max: 0.1, Diff: 0.1, Sum: 0.2]
         [Processed Buffers: Min: 0, Avg: 1.0, Max: 6, Diff: 6, Sum: 8]
      [Scan RS (ms): Min: 0.3, Avg: 0.4, Max: 0.5, Diff: 0.2, Sum: 3.1]
      [Code Root Scanning (ms): Min: 0.0, Avg: 0.0, Max: 0.0, Diff: 0.0, Sum: 0.1]
      [Object Copy (ms): Min: 46.9, Avg: 46.9, Max: 47.0, Diff: 0.1, Sum: 375.3]
      [Termination (ms): Min: 0.0, Avg: 0.0, Max: 0.0, Diff: 0.0, Sum: 0.0]
      [GC Worker Other (ms): Min: 0.0, Avg: 0.1, Max: 0.1, Diff: 0.1, Sum: 0.5]
      [GC Worker Total (ms): Min: 47.2, Avg: 47.9, Max: 48.2, Diff: 1.0, Sum: 383.4]
      [GC Worker End (ms): Min: 303292.7, Avg: 303292.8, Max: 303292.8, Diff: 0.1]
   [Code Root Fixup: 0.1 ms]
   [Code Root Migration: 0.1 ms]
   [Clear CT: 0.4 ms]
   [Other: 0.9 ms]
      [Choose CSet: 0.0 ms]
      [Ref Proc: 0.1 ms]
      [Ref Enq: 0.0 ms]
      [Free CSet: 0.7 ms]
   [Eden: 993.0M(993.0M)->0.0B(1005.0M) Survivors: 95.0M->86.0M Heap: 1610.6M(1938.0M)->609.1M(1938.0M)]
 [Times: user=0.39 sys=0.01, real=0.06 secs] 
303.294: Total time for which application threads were stopped: 0.0500300 seconds, Stopping threads took: 0.0000500 seconds
303.802: Application time: 0.5072830 seconds
303.802: [GC pause (young), 0.0425640 secs]
   [Parallel Time: 40.9 ms, GC Workers: 8]
      [GC Worker Start (ms): Min: 303801.9, Avg: 303801.9, Max: 303802.0, Diff: 0.1]
      [Ext Root Scanning (ms): Min: 0.6, Avg: 0.6, Max: 0.7, Diff: 0.1, Sum: 5.1]
      [Update RS (ms): Min: 0.0, Avg: 0.0, Max: 0.1, Diff: 0.1, Sum: 0.3]
         [Processed Buffers: Min: 0, Avg: 0.9, Max: 4, Diff: 4, Sum: 7]
      [Scan RS (ms): Min: 0.3, Avg: 0.4, Max: 0.5, Diff: 0.1, Sum: 3.3]
      [Code Root Scanning (ms): Min: 0.0, Avg: 0.0, Max: 0.0, Diff: 0.0, Sum: 0.1]
      [Object Copy (ms): Min: 39.6, Avg: 39.7, Max: 39.8, Diff: 0.1, Sum: 317.5]
      [Termination (ms): Min: 0.0, Avg: 0.0, Max: 0.0, Diff: 0.0, Sum: 0.0]
      [GC Worker Other (ms): Min: 0.0, Avg: 0.1, Max: 0.1, Diff: 0.0, Sum: 0.4]
      [GC Worker Total (ms): Min: 40.8, Avg: 40.8, Max: 40.9, Diff: 0.1, Sum: 326.7]
      [GC Worker End (ms): Min: 303842.8, Avg: 303842.8, Max: 303842.8, Diff: 0.0]
   [Code Root Fixup: 0.1 ms]
   [Code Root Migration: 0.1 ms]
   [Clear CT: 0.4 ms]
   [Other: 1.0 ms]
      [Choose CSet: 0.0 ms]
      [Ref Proc: 0.1 ms]
      [Ref Enq: 0.0 ms]
      [Free CSet: 0.8 ms]
   [Eden: 1005.0M(1005.0M)->0.0B(1028.0M) Survivors: 86.0M->71.0M Heap: 1614.1M(1938.0M)->594.1M(1938.0M)]
 [Times: user=0.33 sys=0.00, real=0.04 secs] 
303.845: Total time for which application threads were stopped: 0.0427640 seconds, Stopping threads took: 0.0000620 seconds
304.351: Application time: 0.5060370 seconds
304.351: [GC pause (young), 0.0309250 secs]
   [Parallel Time: 29.4 ms, GC Workers: 8]
      [GC Worker Start (ms): Min: 304350.7, Avg: 304350.8, Max: 304350.8, Diff: 0.1]
      [Ext Root Scanning (ms): Min: 0.6, Avg: 0.7, Max: 0.8, Diff: 0.1, Sum: 5.7]
      [Update RS (ms): Min: 0.0, Avg: 0.0, Max: 0.1, Diff: 0.1, Sum: 0.3]
         [Processed Buffers: Min: 0, Avg: 1.2, Max: 3, Diff: 3, Sum: 10]
      [Scan RS (ms): Min: 0.4, Avg: 0.4, Max: 0.5, Diff: 0.1, Sum: 3.4]
      [Code Root Scanning (ms): Min: 0.0, Avg: 0.0, Max: 0.0, Diff: 0.0, Sum: 0.1]
      [Object Copy (ms): Min: 28.0, Avg: 28.1, Max: 28.1, Diff: 0.1, Sum: 224.5]
      [Termination (ms): Min: 0.0, Avg: 0.0, Max: 0.0, Diff: 0.0, Sum: 0.1]
      [GC Worker Other (ms): Min: 0.0, Avg: 0.1, Max: 0.1, Diff: 0.1, Sum: 0.5]
      [GC Worker Total (ms): Min: 29.3, Avg: 29.3, Max: 29.4, Diff: 0.1, Sum: 234.6]
      [GC Worker End (ms): Min: 304380.1, Avg: 304380.1, Max: 304380.1, Diff: 0.0]
   [Code Root Fixup: 0.1 ms]
   [Code Root Migration: 0.1 ms]
   [Clear CT: 0.4 ms]
   [Other: 0.9 ms]
      [Choose CSet: 0.0 ms]
      [Ref Proc: 0.1 ms]
      [Ref Enq: 0.0 ms]
      [Free CSet: 0.7 ms]
   [Eden: 1028.0M(1028.0M)->0.0B(1051.0M) Survivors: 71.0M->57.0M Heap: 1622.1M(1938.0M)->580.1M(1938.0M)]
 [Times: user=0.24 sys=0.00, real=0.03 secs] 
304.382: Total time for which application threads were stopped: 0.0311110 seconds, Stopping threads took: 0.0000520 seconds
304.886: Application time: 0.5045980 seconds
304.886: [GC pause (young), 0.0410300 secs]
   [Parallel Time: 39.4 ms, GC Workers: 8]
      [GC Worker Start (ms): Min: 304886.4, Avg: 304886.4, Max: 304886.5, Diff: 0.1]
      [Ext Root Scanning (ms): Min: 0.6, Avg: 0.7, Max: 0.7, Diff: 0.1, Sum: 5.3]
      [Update RS (ms): Min: 0.0, Avg: 0.0, Max: 0.1, Diff: 0.1, Sum: 0.2]
         [Processed Buffers: Min: 0, Avg: 1.0, Max: 3, Diff: 3, Sum: 8]
      [Scan RS (ms): Min: 0.4, Avg: 0.4, Max: 0.5, Diff: 0.1, Sum: 3.6]
      [Code Root Scanning (ms): Min: 0.0, Avg: 0.0, Max: 0.0, Diff: 0.0, Sum: 0.1]
      [Object Copy (ms): Min: 37.8, Avg: 37.9, Max: 38.2, Diff: 0.4, Sum: 303.0]
      [Termination (ms): Min: 0.0, Avg: 0.3, Max: 0.4, Diff: 0.4, Sum: 2.5]
      [GC Worker Other (ms): Min: 0.0, Avg: 0.0, Max: 0.1, Diff: 0.0, Sum: 0.3]
      [GC Worker Total (ms): Min: 39.3, Avg: 39.4, Max: 39.4, Diff: 0.1, Sum: 315.0]
      [GC Worker End (ms): Min: 304925.8, Avg: 304925.8, Max: 304925.8, Diff: 0.0]
   [Code Root Fixup: 0.1 ms]
   [Code Root Migration: 0.1 ms]
   [Clear CT: 0.5 ms]
   [Other: 0.9 ms]
      [Choose CSet: 0.0 ms]
      [Ref Proc: 0.1 ms]
      [Ref Enq: 0.0 ms]
      [Free CSet: 0.7 ms]
   [Eden: 1051.0M(1051.0M)->0.0B(1029.0M) Survivors: 57.0M->77.0M Heap: 1631.1M(1938.0M)->600.1M(1938.0M)]
 [Times: user=0.32 sys=0.00, real=0.04 secs] 
304.927: Total time for which application threads were stopped: 0.0412010 seconds, Stopping threads took: 0.0000420 seconds
305.416: Application time: 0.4887700 seconds
305.416: [GC pause (young), 0.0467220 secs]
   [Parallel Time: 45.1 ms, GC Workers: 8]
      [GC Worker Start (ms): Min: 305416.4, Avg: 305416.4, Max: 305416.5, Diff: 0.1]
      [Ext Root Scanning (ms): Min: 0.6, Avg: 0.6, Max: 0.7, Diff: 0.1, Sum: 5.2]
      [Update RS (ms): Min: 0.0, Avg: 0.0, Max: 0.1, Diff: 0.1, Sum: 0.2]
         [Processed Buffers: Min: 0, Avg: 1.0, Max: 4, Diff: 4, Sum: 8]
      [Scan RS (ms): Min: 0.4, Avg: 0.5, Max: 0.5, Diff: 0.1, Sum: 3.8]
      [Code Root Scanning (ms): Min: 0.0, Avg: 0.0, Max: 0.0, Diff: 0.0, Sum: 0.1]
      [Object Copy (ms): Min: 43.8, Avg: 43.8, Max: 43.9, Diff: 0.1, Sum: 350.4]
      [Termination (ms): Min: 0.0, Avg: 0.0, Max: 0.0, Diff: 0.0, Sum: 0.0]
      [GC Worker Other (ms): Min: 0.0, Avg: 0.1, Max: 0.1, Diff: 0.1, Sum: 0.6]
      [GC Worker Total (ms): Min: 45.0, Avg: 45.0, Max: 45.1, Diff: 0.1, Sum: 360.2]
      [GC Worker End (ms): Min: 305461.4, Avg: 305461.5, Max: 305461.5, Diff: 0.1]
   [Code Root Fixup: 0.1 ms]
   [Code Root Migration: 0.1 ms]
   [Clear CT: 0.4 ms]
   [Other: 0.9 ms]
      [Choose CSet: 0.0 ms]
      [Ref Proc: 0.1 ms]
      [Ref Enq: 0.0 ms]
      [Free CSet: 0.7 ms]
   [Eden: 1029.0M(1029.0M)->0.0B(1014.0M) Survivors: 77.0M->87.0M Heap: 1629.1M(1938.0M)->609.6M(1938.0M)]
 [Times: user=0.37 sys=0.00, real=0.04 secs] 
305.463: Total time for which application threads were stopped: 0.0469120 seconds, Stopping threads took: 0.0000500 seconds
305.947: Application time: 0.4839430 seconds
305.947: [GC pause (young), 0.0460670 secs]
   [Parallel Time: 44.4 ms, GC Workers: 8]
      [GC Worker Start (ms): Min: 305947.2, Avg: 305947.3, Max: 305947.3, Diff: 0.1]
      [Ext Root Scanning (ms): Min: 0.7, Avg: 0.7, Max: 0.8, Diff: 0.1, Sum: 5.8]
      [Update RS (ms): Min: 0.0, Avg: 0.2, Max: 1.5, Diff: 1.5, Sum: 1.7]
         [Processed Buffers: Min: 0, Avg: 1.2, Max: 3, Diff: 3, Sum: 10]
      [Scan RS (ms): Min: 0.0, Avg: 0.4, Max: 0.5, Diff: 0.4, Sum: 3.2]
      [Code Root Scanning (ms): Min: 0.0, Avg: 0.0, Max: 0.0, Diff: 0.0, Sum: 0.1]
      [Object Copy (ms): Min: 42.0, Avg: 42.9, Max: 43.1, Diff: 1.1, Sum: 343.6]
      [Termination (ms): Min: 0.0, Avg: 0.0, Max: 0.0, Diff: 0.0, Sum: 0.0]
      [GC Worker Other (ms): Min: 0.0, Avg: 0.1, Max: 0.1, Diff: 0.0, Sum: 0.5]
      [GC Worker Total (ms): Min: 44.3, Avg: 44.3, Max: 44.4, Diff: 0.0, Sum: 354.8]
      [GC Worker End (ms): Min: 305991.6, Avg: 305991.6, Max: 305991.6, Diff: 0.0]
   [Code Root Fixup: 0.1 ms]
   [Code Root Migration: 0.1 ms]
   [Clear CT: 0.4 ms]
   [Other: 0.9 ms]
      [Choose CSet: 0.0 ms]
      [Ref Proc: 0.1 ms]
      [Ref Enq: 0.0 ms]
      [Free CSet: 0.7 ms]
   [Eden: 1014.0M(1014.0M)->0.0B(1009.0M) Survivors: 87.0M->90.0M Heap: 1623.6M(1938.0M)->613.1M(1938.0M)]
 [Times: user=0.36 sys=0.00, real=0.04 secs] 
305.993: Total time for which application threads were stopped: 0.0462420 seconds, Stopping threads took: 0.0000450 seconds
306.476: Application time: 0.4824890 seconds
306.476: [GC pause (young), 0.0537580 secs]
   [Parallel Time: 52.1 ms, GC Workers: 8]
      [GC Worker Start (ms): Min: 306476.0, Avg: 306476.0, Max: 306476.0, Diff: 0.1]
      [Ext Root Scanning (ms): Min: 0.6, Avg: 0.7, Max: 0.7, Diff: 0.1, Sum: 5.3]
      [Update RS (ms): Min: 0.0, Avg: 0.0, Max: 0.1, Diff: 0.1, Sum: 0.2]
         [Processed Buffers: Min: 0, Avg: 1.0, Max: 4, Diff: 4, Sum: 8]
      [Scan RS (ms): Min: 0.4, Avg: 0.4, Max: 0.5, Diff: 0.1, Sum: 3.4]
      [Code Root Scanning (ms): Min: 0.0, Avg: 0.0, Max: 0.0, Diff: 0.0, Sum: 0.1]
      [Object Copy (ms): Min: 50.8, Avg: 50.9, Max: 50.9, Diff: 0.1, Sum: 407.0]
      [Termination (ms): Min: 0.0, Avg: 0.0, Max: 0.0, Diff: 0.0, Sum: 0.0]
      [GC Worker Other (ms): Min: 0.0, Avg: 0.1, Max: 0.1, Diff: 0.0, Sum: 0.5]
      [GC Worker Total (ms): Min: 52.0, Avg: 52.1, Max: 52.1, Diff: 0.1, Sum: 416.5]
      [GC Worker End (ms): Min: 306528.1, Avg: 306528.1, Max: 306528.1, Diff: 0.0]
   [Code Root Fixup: 0.1 ms]
   [Code Root Migration: 0.1 ms]
   [Clear CT: 0.4 ms]
   [Other: 0.9 ms]
      [Choose CSet: 0.0 ms]
      [Ref Proc: 0.1 ms]
      [Ref Enq: 0.0 ms]
      [Free CSet: 0.7 ms]
   [Eden: 1009.0M(1009.0M)->0.0B(991.0M) Survivors: 90.0M->103.0M Heap: 1622.1M(1938.0M)->626.1M(1938.0M)]
 [Times: user=0.42 sys=0.00, real=0.05 secs] 
306.530: Total time for which application threads were stopped: 0.0539550 seconds, Stopping threads took: 0.0000410 seconds
307.016: Application time: 0.4859270 seconds
307.016: [GC pause (young), 0.0571010 secs]
   [Parallel Time: 55.4 ms, GC Workers: 8]
      [GC Worker Start (ms): Min: 307015.9, Avg: 307015.9, Max: 307015.9, Diff: 0.1]
      [Ext Root Scanning (ms): Min: 0.6, Avg: 0.6, Max: 0.7, Diff: 0.1, Sum: 5.2]
      [Update RS (ms): Min: 0.0, Avg: 0.0, Max: 0.1, Diff: 0.1, Sum: 0.3]
         [Processed Buffers: Min: 0, Avg: 1.0, Max: 3, Diff: 3, Sum: 8]
      [Scan RS (ms): Min: 0.4, Avg: 0.4, Max: 0.5, Diff: 0.1, Sum: 3.5]
      [Code Root Scanning (ms): Min: 0.0, Avg: 0.0, Max: 0.0, Diff: 0.0, Sum: 0.1]
      [Object Copy (ms): Min: 54.1, Avg: 54.1, Max: 54.2, Diff: 0.1, Sum: 433.2]
      [Termination (ms): Min: 0.0, Avg: 0.0, Max: 0.0, Diff: 0.0, Sum: 0.0]
      [GC Worker Other (ms): Min: 0.0, Avg: 0.1, Max: 0.1, Diff: 0.0, Sum: 0.4]
      [GC Worker Total (ms): Min: 55.3, Avg: 55.3, Max: 55.4, Diff: 0.1, Sum: 442.6]
      [GC Worker End (ms): Min: 307071.2, Avg: 307071.2, Max: 307071.2, Diff: 0.0]
   [Code Root Fixup: 0.1 ms]
   [Code Root Migration: 0.1 ms]
   [Clear CT: 0.5 ms]
   [Other: 1.0 ms]
      [Choose CSet: 0.0 ms]
      [Ref Proc: 0.1 ms]
      [Ref Enq: 0.0 ms]
      [Free CSet: 0.7 ms]
   [Eden: 991.0M(991.0M)->0.0B(989.0M) Survivors: 103.0M->103.0M Heap: 1617.1M(1938.0M)->626.1M(1938.0M)]
 [Times: user=0.45 sys=0.00, real=0.05 secs] 
307.073: Total time for which application threads were stopped: 0.0572720 seconds, Stopping threads took: 0.0000460 seconds
307.558: Application time: 0.4850260 seconds
307.558: [GC pause (young), 0.0547240 secs]
   [Parallel Time: 53.1 ms, GC Workers: 8]
      [GC Worker Start (ms): Min: 307558.2, Avg: 307558.2, Max: 307558.2, Diff: 0.1]
      [Ext Root Scanning (ms): Min: 0.6, Avg: 0.7, Max: 0.7, Diff: 0.1, Sum: 5.2]
      [Update RS (ms): Min: 0.0, Avg: 0.0, Max: 0.1, Diff: 0.1, Sum: 0.2]
         [Processed Buffers: Min: 0, Avg: 0.9, Max: 4, Diff: 4, Sum: 7]
      [Scan RS (ms): Min: 0.4, Avg: 0.4, Max: 0.4, Diff: 0.1, Sum: 3.3]
      [Code Root Scanning (ms): Min: 0.0, Avg: 0.0, Max: 0.0, Diff: 0.0, Sum: 0.1]
      [Object Copy (ms): Min: 51.9, Avg: 51.9, Max: 51.9, Diff: 0.0, Sum: 415.1]
      [Termination (ms): Min: 0.0, Avg: 0.0, Max: 0.0, Diff: 0.0, Sum: 0.0]
      [GC Worker Other (ms): Min: 0.0, Avg: 0.1, Max: 0.1, Diff: 0.0, Sum: 0.4]
      [GC Worker Total (ms): Min: 53.0, Avg: 53.0, Max: 53.1, Diff: 0.1, Sum: 424.3]
      [GC Worker End (ms): Min: 307611.2, Avg: 307611.3, Max: 307611.3, Diff: 0.0]
   [Code Root Fixup: 0.1 ms]
   [Code Root Migration: 0.1 ms]
   [Clear CT: 0.4 ms]
   [Other: 1.0 ms]
      [Choose CSet: 0.0 ms]
      [Ref Proc: 0.1 ms]
      [Ref Enq: 0.0 ms]
      [Free CSet: 0.8 ms]
   [Eden: 989.0M(989.0M)->0.0B(990.0M) Survivors: 103.0M->101.0M Heap: 1615.1M(1938.0M)->623.6M(1938.0M)]
 [Times: user=0.43 sys=0.00, real=0.05 secs] 
307.613: Total time for which application threads were stopped: 0.0549110 seconds, Stopping threads took: 0.0000620 seconds
308.104: Application time: 0.4909410 seconds
308.104: [GC pause (young), 0.0534000 secs]
   [Parallel Time: 51.8 ms, GC Workers: 8]
      [GC Worker Start (ms): Min: 308104.0, Avg: 308104.0, Max: 308104.1, Diff: 0.1]
      [Ext Root Scanning (ms): Min: 0.6, Avg: 0.7, Max: 0.7, Diff: 0.1, Sum: 5.4]
      [Update RS (ms): Min: 0.0, Avg: 0.1, Max: 0.8, Diff: 0.8, Sum: 1.0]
         [Processed Buffers: Min: 0, Avg: 0.9, Max: 3, Diff: 3, Sum: 7]
      [Scan RS (ms): Min: 0.0, Avg: 0.4, Max: 0.4, Diff: 0.4, Sum: 3.0]
      [Code Root Scanning (ms): Min: 0.0, Avg: 0.0, Max: 0.0, Diff: 0.0, Sum: 0.1]
      [Object Copy (ms): Min: 50.1, Avg: 50.5, Max: 50.5, Diff: 0.4, Sum: 403.8]
      [Termination (ms): Min: 0.0, Avg: 0.0, Max: 0.0, Diff: 0.0, Sum: 0.0]
      [GC Worker Other (ms): Min: 0.0, Avg: 0.1, Max: 0.1, Diff: 0.1, Sum: 0.4]
      [GC Worker Total (ms): Min: 51.7, Avg: 51.7, Max: 51.8, Diff: 0.1, Sum: 413.6]
      [GC Worker End (ms): Min: 308155.7, Avg: 308155.8, Max: 308155.8, Diff: 0.1]
   [Code Root Fixup: 0.2 ms]
   [Code Root Migration: 0.1 ms]
   [Clear CT: 0.4 ms]
   [Other: 0.9 ms]
      [Choose CSet: 0.0 ms]
      [Ref Proc: 0.1 ms]
      [Ref Enq: 0.0 ms]
      [Free CSet: 0.7 ms]
   [Eden: 990.0M(990.0M)->0.0B(995.0M) Survivors: 101.0M->97.0M Heap: 1613.6M(1938.0M)->619.6M(1938.0M)]
 [Times: user=0.42 sys=0.00, real=0.06 secs] 
308.157: Total time for which application threads were stopped: 0.0535770 seconds, Stopping threads took: 0.0000430 seconds
308.645: Application time: 0.4879190 seconds
308.646: [GC pause (young), 0.0538920 secs]
   [Parallel Time: 52.3 ms, GC Workers: 8]
      [GC Worker Start (ms): Min: 308645.6, Avg: 308645.6, Max: 308645.6, Diff: 0.1]
      [Ext Root Scanning (ms): Min: 0.6, Avg: 0.7, Max: 0.7, Diff: 0.1, Sum: 5.3]
      [Update RS (ms): Min: 0.0, Avg: 0.0, Max: 0.1, Diff: 0.1, Sum: 0.2]
         [Processed Buffers: Min: 0, Avg: 1.0, Max: 3, Diff: 3, Sum: 8]
      [Scan RS (ms): Min: 0.4, Avg: 0.4, Max: 0.5, Diff: 0.1, Sum: 3.4]
      [Code Root Scanning (ms): Min: 0.0, Avg: 0.0, Max: 0.0, Diff: 0.0, Sum: 0.1]
      [Object Copy (ms): Min: 51.1, Avg: 51.1, Max: 51.1, Diff: 0.1, Sum: 408.7]
      [Termination (ms): Min: 0.0, Avg: 0.0, Max: 0.0, Diff: 0.0, Sum: 0.0]
      [GC Worker Other (ms): Min: 0.0, Avg: 0.0, Max: 0.1, Diff: 0.0, Sum: 0.4]
      [GC Worker Total (ms): Min: 52.2, Avg: 52.3, Max: 52.3, Diff: 0.0, Sum: 418.1]
      [GC Worker End (ms): Min: 308697.8, Avg: 308697.9, Max: 308697.9, Diff: 0.0]
   [Code Root Fixup: 0.1 ms]
   [Code Root Migration: 0.1 ms]
   [Clear CT: 0.4 ms]
   [Other: 0.9 ms]
      [Choose CSet: 0.0 ms]
      [Ref Proc: 0.1 ms]
      [Ref Enq: 0.0 ms]
      [Free CSet: 0.7 ms]
   [Eden: 995.0M(995.0M)->0.0B(995.0M) Survivors: 97.0M->97.0M Heap: 1614.6M(1938.0M)->619.6M(1938.0M)]
 [Times: user=0.42 sys=0.00, real=0.06 secs] 
308.699: Total time for which application threads were stopped: 0.0540780 seconds, Stopping threads took: 0.0000600 seconds
309.197: Application time: 0.4975990 seconds
309.197: [GC pause (young), 0.0521150 secs]
   [Parallel Time: 50.5 ms, GC Workers: 8]
      [GC Worker Start (ms): Min: 309197.2, Avg: 309197.2, Max: 309197.3, Diff: 0.1]
      [Ext Root Scanning (ms): Min: 0.6, Avg: 0.7, Max: 0.7, Diff: 0.1, Sum: 5.4]
      [Update RS (ms): Min: 0.0, Avg: 0.0, Max: 0.1, Diff: 0.1, Sum: 0.2]
         [Processed Buffers: Min: 0, Avg: 1.0, Max: 4, Diff: 4, Sum: 8]
      [Scan RS (ms): Min: 0.4, Avg: 0.4, Max: 0.5, Diff: 0.1, Sum: 3.4]
      [Code Root Scanning (ms): Min: 0.0, Avg: 0.0, Max: 0.0, Diff: 0.0, Sum: 0.1]
      [Object Copy (ms): Min: 49.2, Avg: 49.2, Max: 49.3, Diff: 0.0, Sum: 393.9]
      [Termination (ms): Min: 0.0, Avg: 0.0, Max: 0.0, Diff: 0.0, Sum: 0.0]
      [GC Worker Other (ms): Min: 0.0, Avg: 0.1, Max: 0.1, Diff: 0.0, Sum: 0.5]
      [GC Worker Total (ms): Min: 50.4, Avg: 50.4, Max: 50.5, Diff: 0.1, Sum: 403.4]
      [GC Worker End (ms): Min: 309247.6, Avg: 309247.7, Max: 309247.7, Diff: 0.0]
   [Code Root Fixup: 0.1 ms]
   [Code Root Migration: 0.1 ms]
   [Clear CT: 0.4 ms]
   [Other: 0.9 ms]
      [Choose CSet: 0.0 ms]
      [Ref Proc: 0.1 ms]
      [Ref Enq: 0.0 ms]
      [Free CSet: 0.7 ms]
   [Eden: 995.0M(995.0M)->0.0B(1002.0M) Survivors: 97.0M->92.0M Heap: 1614.6M(1938.0M)->614.6M(1938.0M)]
 [Times: user=0.41 sys=0.00, real=0.05 secs] 
309.249: Total time for which application threads were stopped: 0.0522800 seconds, Stopping threads took: 0.0000380 seconds
309.752: Application time: 0.5025480 seconds
309.752: [GC pause (young), 0.0445960 secs]
   [Parallel Time: 43.1 ms, GC Workers: 8]
      [GC Worker Start (ms): Min: 309752.0, Avg: 309752.1, Max: 309752.1, Diff: 0.1]
      [Ext Root Scanning (ms): Min: 0.6, Avg: 0.7, Max: 0.7, Diff: 0.1, Sum: 5.2]
      [Update RS (ms): Min: 0.0, Avg: 0.0, Max: 0.1, Diff: 0.1, Sum: 0.2]
         [Processed Buffers: Min: 0, Avg: 1.0, Max: 4, Diff: 4, Sum: 8]
      [Scan RS (ms): Min: 0.4, Avg: 0.4, Max: 0.5, Diff: 0.1, Sum: 3.3]
      [Code Root Scanning (ms): Min: 0.0, Avg: 0.0, Max: 0.0, Diff: 0.0, Sum: 0.1]
      [Object Copy (ms): Min: 41.8, Avg: 41.8, Max: 41.8, Diff: 0.0, Sum: 334.5]
      [Termination (ms): Min: 0.0, Avg: 0.0, Max: 0.0, Diff: 0.0, Sum: 0.0]
      [GC Worker Other (ms): Min: 0.0, Avg: 0.1, Max: 0.1, Diff: 0.1, Sum: 0.5]
      [GC Worker Total (ms): Min: 42.9, Avg: 43.0, Max: 43.0, Diff: 0.1, Sum: 343.8]
      [GC Worker End (ms): Min: 309795.0, Avg: 309795.0, Max: 309795.1, Diff: 0.1]
   [Code Root Fixup: 0.1 ms]
   [Code Root Migration: 0.1 ms]
   [Clear CT: 0.4 ms]
   [Other: 0.9 ms]
      [Choose CSet: 0.0 ms]
      [Ref Proc: 0.1 ms]
      [Ref Enq: 0.0 ms]
      [Free CSet: 0.7 ms]
   [Eden: 1002.0M(1002.0M)->0.0B(1022.0M) Survivors: 92.0M->77.0M Heap: 1616.6M(1938.0M)->599.8M(1938.0M)]
 [Times: user=0.35 sys=0.00, real=0.05 secs] 
309.797: Total time for which application threads were stopped: 0.0447770 seconds, Stopping threads took: 0.0000420 seconds
310.303: Application time: 0.5064150 seconds
310.303: [GC pause (young), 0.0307860 secs]
   [Parallel Time: 29.1 ms, GC Workers: 8]
      [GC Worker Start (ms): Min: 310303.2, Avg: 310304.1, Max: 310309.6, Diff: 6.4]
      [Ext Root Scanning (ms): Min: 0.0, Avg: 0.6, Max: 0.9, Diff: 0.9, Sum: 4.9]
      [Update RS (ms): Min: 0.0, Avg: 0.0, Max: 0.1, Diff: 0.1, Sum: 0.2]
         [Processed Buffers: Min: 0, Avg: 0.9, Max: 4, Diff: 4, Sum: 7]
      [Scan RS (ms): Min: 0.2, Avg: 0.4, Max: 0.5, Diff: 0.3, Sum: 3.4]
      [Code Root Scanning (ms): Min: 0.0, Avg: 0.0, Max: 0.0, Diff: 0.0, Sum: 0.1]
      [Object Copy (ms): Min: 22.3, Avg: 27.1, Max: 27.9, Diff: 5.6, Sum: 216.6]
      [Termination (ms): Min: 0.0, Avg: 0.0, Max: 0.0, Diff: 0.0, Sum: 0.0]
      [GC Worker Other (ms): Min: 0.0, Avg: 0.1, Max: 0.1, Diff: 0.1, Sum: 0.5]
      [GC Worker Total (ms): Min: 22.7, Avg: 28.2, Max: 29.0, Diff: 6.4, Sum: 225.7]
      [GC Worker End (ms): Min: 310332.2, Avg: 310332.3, Max: 310332.3, Diff: 0.1]
   [Code Root Fixup: 0.1 ms]
   [Code Root Migration: 0.1 ms]
   [Clear CT: 0.5 ms]
   [Other: 1.0 ms]
      [Choose CSet: 0.0 ms]
      [Ref Proc: 0.1 ms]
      [Ref Enq: 0.0 ms]
      [Free CSet: 0.8 ms]
   [Eden: 1022.0M(1022.0M)->0.0B(1054.0M) Survivors: 77.0M->56.0M Heap: 1621.8M(1938.0M)->578.6M(1938.0M)]
 [Times: user=0.23 sys=0.00, real=0.04 secs] 
310.334: Total time for which application threads were stopped: 0.0309680 seconds, Stopping threads took: 0.0000500 seconds
310.840: Application time: 0.5061380 seconds
310.840: [GC pause (young), 0.0419340 secs]
   [Parallel Time: 40.3 ms, GC Workers: 8]
      [GC Worker Start (ms): Min: 310840.3, Avg: 310842.0, Max: 310853.5, Diff: 13.2]
      [Ext Root Scanning (ms): Min: 0.0, Avg: 0.6, Max: 0.9, Diff: 0.8, Sum: 5.1]
      [Update RS (ms): Min: 0.0, Avg: 0.0, Max: 0.1, Diff: 0.1, Sum: 0.3]
         [Processed Buffers: Min: 0, Avg: 1.0, Max: 5, Diff: 5, Sum: 8]
      [Scan RS (ms): Min: 0.2, Avg: 0.4, Max: 0.5, Diff: 0.3, Sum: 3.4]
      [Code Root Scanning (ms): Min: 0.0, Avg: 0.0, Max: 0.0, Diff: 0.0, Sum: 0.1]
      [Object Copy (ms): Min: 26.7, Avg: 37.4, Max: 39.0, Diff: 12.3, Sum: 299.1]
      [Termination (ms): Min: 0.0, Avg: 0.0, Max: 0.0, Diff: 0.0, Sum: 0.0]
      [GC Worker Other (ms): Min: 0.0, Avg: 0.1, Max: 0.1, Diff: 0.1, Sum: 0.7]
      [GC Worker Total (ms): Min: 27.0, Avg: 38.6, Max: 40.2, Diff: 13.2, Sum: 308.5]
      [GC Worker End (ms): Min: 310880.5, Avg: 310880.6, Max: 310880.6, Diff: 0.1]
   [Code Root Fixup: 0.1 ms]
   [Code Root Migration: 0.1 ms]
   [Clear CT: 0.5 ms]
   [Other: 0.9 ms]
      [Choose CSet: 0.0 ms]
      [Ref Proc: 0.1 ms]
      [Ref Enq: 0.0 ms]
      [Free CSet: 0.7 ms]
   [Eden: 1054.0M(1054.0M)->0.0B(1029.0M) Survivors: 56.0M->79.0M Heap: 1632.6M(1938.0M)->601.6M(1938.0M)]
 [Times: user=0.30 sys=0.00, real=0.04 secs] 
310.882: Total time for which application threads were stopped: 0.0421060 seconds, Stopping threads took: 0.0000460 seconds
311.380: Application time: 0.4972260 seconds
311.380: [GC pause (young), 0.0544190 secs]
   [Parallel Time: 52.8 ms, GC Workers: 8]
      [GC Worker Start (ms): Min: 311379.7, Avg: 311379.7, Max: 311379.7, Diff: 0.1]
      [Ext Root Scanning (ms): Min: 0.6, Avg: 0.7, Max: 0.7, Diff: 0.1, Sum: 5.4]
      [Update RS (ms): Min: 0.0, Avg: 0.0, Max: 0.1, Diff: 0.1, Sum: 0.2]
         [Processed Buffers: Min: 0, Avg: 1.0, Max: 4, Diff: 4, Sum: 8]
      [Scan RS (ms): Min: 0.4, Avg: 0.4, Max: 0.5, Diff: 0.1, Sum: 3.4]
      [Code Root Scanning (ms): Min: 0.0, Avg: 0.0, Max: 0.0, Diff: 0.0, Sum: 0.1]
      [Object Copy (ms): Min: 51.5, Avg: 51.5, Max: 51.5, Diff: 0.0, Sum: 411.9]
      [Termination (ms): Min: 0.0, Avg: 0.0, Max: 0.0, Diff: 0.0, Sum: 0.0]
      [GC Worker Other (ms): Min: 0.0, Avg: 0.1, Max: 0.1, Diff: 0.0, Sum: 0.5]
      [GC Worker Total (ms): Min: 52.7, Avg: 52.7, Max: 52.7, Diff: 0.1, Sum: 421.5]
      [GC Worker End (ms): Min: 311432.4, Avg: 311432.4, Max: 311432.4, Diff: 0.0]
   [Code Root Fixup: 0.1 ms]
   [Code Root Migration: 0.1 ms]
   [Clear CT: 0.4 ms]
   [Other: 1.0 ms]
      [Choose CSet: 0.0 ms]
      [Ref Proc: 0.2 ms]
      [Ref Enq: 0.0 ms]
      [Free CSet: 0.7 ms]
   [Eden: 1029.0M(1029.0M)->0.0B(996.0M) Survivors: 79.0M->103.0M Heap: 1630.6M(1938.0M)->626.2M(1938.0M)]
 [Times: user=0.43 sys=0.00, real=0.06 secs] 
311.434: Total time for which application threads were stopped: 0.0546090 seconds, Stopping threads took: 0.0000540 seconds
311.913: Application time: 0.4785740 seconds
311.913: [GC pause (young), 0.0614170 secs]
   [Parallel Time: 59.8 ms, GC Workers: 8]
      [GC Worker Start (ms): Min: 311912.9, Avg: 311912.9, Max: 311912.9, Diff: 0.1]
      [Ext Root Scanning (ms): Min: 0.6, Avg: 0.7, Max: 0.7, Diff: 0.1, Sum: 5.3]
      [Update RS (ms): Min: 0.0, Avg: 0.0, Max: 0.1, Diff: 0.1, Sum: 0.3]
         [Processed Buffers: Min: 0, Avg: 1.0, Max: 3, Diff: 3, Sum: 8]
      [Scan RS (ms): Min: 0.3, Avg: 0.4, Max: 0.4, Diff: 0.1, Sum: 3.3]
      [Code Root Scanning (ms): Min: 0.0, Avg: 0.0, Max: 0.0, Diff: 0.0, Sum: 0.1]
      [Object Copy (ms): Min: 58.5, Avg: 58.5, Max: 58.5, Diff: 0.0, Sum: 468.2]
      [Termination (ms): Min: 0.0, Avg: 0.0, Max: 0.0, Diff: 0.0, Sum: 0.0]
      [GC Worker Other (ms): Min: 0.0, Avg: 0.1, Max: 0.1, Diff: 0.0, Sum: 0.5]
      [GC Worker Total (ms): Min: 59.7, Avg: 59.7, Max: 59.7, Diff: 0.1, Sum: 477.6]
      [GC Worker End (ms): Min: 311972.6, Avg: 311972.6, Max: 311972.6, Diff: 0.0]
   [Code Root Fixup: 0.1 ms]
   [Code Root Migration: 0.1 ms]
   [Clear CT: 0.4 ms]
   [Other: 0.9 ms]
      [Choose CSet: 0.0 ms]
      [Ref Proc: 0.1 ms]
      [Ref Enq: 0.0 ms]
      [Free CSet: 0.7 ms]
   [Eden: 996.0M(996.0M)->0.0B(978.0M) Survivors: 103.0M->113.0M Heap: 1622.2M(1938.0M)->636.2M(1938.0M)]
 [Times: user=0.48 sys=0.00, real=0.07 secs] 
311.974: Total time for which application threads were stopped: 0.0615940 seconds, Stopping threads took: 0.0000490 seconds
312.459: Application time: 0.4842470 seconds
312.459: [GC pause (young), 0.0632920 secs]
   [Parallel Time: 61.7 ms, GC Workers: 8]
      [GC Worker Start (ms): Min: 312458.7, Avg: 312458.8, Max: 312458.8, Diff: 0.1]
      [Ext Root Scanning (ms): Min: 0.6, Avg: 0.6, Max: 0.7, Diff: 0.1, Sum: 5.1]
      [Update RS (ms): Min: 0.0, Avg: 0.0, Max: 0.1, Diff: 0.1, Sum: 0.3]
         [Processed Buffers: Min: 0, Avg: 1.0, Max: 4, Diff: 4, Sum: 8]
      [Scan RS (ms): Min: 0.4, Avg: 0.4, Max: 0.5, Diff: 0.1, Sum: 3.5]
      [Code Root Scanning (ms): Min: 0.0, Avg: 0.0, Max: 0.0, Diff: 0.0, Sum: 0.1]
      [Object Copy (ms): Min: 60.4, Avg: 60.5, Max: 60.6, Diff: 0.1, Sum: 484.0]
      [Termination (ms): Min: 0.0, Avg: 0.0, Max: 0.0, Diff: 0.0, Sum: 0.0]
      [GC Worker Other (ms): Min: 0.0, Avg: 0.1, Max: 0.1, Diff: 0.1, Sum: 0.5]
      [GC Worker Total (ms): Min: 61.6, Avg: 61.7, Max: 61.7, Diff: 0.1, Sum: 493.5]
      [GC Worker End (ms): Min: 312520.4, Avg: 312520.4, Max: 312520.5, Diff: 0.1]
   [Code Root Fixup: 0.1 ms]
   [Code Root Migration: 0.1 ms]
   [Clear CT: 0.4 ms]
   [Other: 0.9 ms]
      [Choose CSet: 0.0 ms]
      [Ref Proc: 0.1 ms]
      [Ref Enq: 0.0 ms]
      [Free CSet: 0.7 ms]
   [Eden: 978.0M(978.0M)->0.0B(973.0M) Survivors: 113.0M->113.0M Heap: 1614.2M(1938.0M)->635.7M(1938.0M)]
 [Times: user=0.49 sys=0.00, real=0.06 secs] 
312.522: Total time for which application threads were stopped: 0.0634950 seconds, Stopping threads took: 0.0000670 seconds
312.996: Application time: 0.4744220 seconds
312.997: [GC pause (young), 0.0607940 secs]
   [Parallel Time: 59.2 ms, GC Workers: 8]
      [GC Worker Start (ms): Min: 312996.6, Avg: 312996.7, Max: 312996.7, Diff: 0.1]
      [Ext Root Scanning (ms): Min: 0.6, Avg: 0.7, Max: 0.7, Diff: 0.1, Sum: 5.3]
      [Update RS (ms): Min: 0.0, Avg: 0.0, Max: 0.1, Diff: 0.1, Sum: 0.2]
         [Processed Buffers: Min: 0, Avg: 0.9, Max: 3, Diff: 3, Sum: 7]
      [Scan RS (ms): Min: 0.4, Avg: 0.4, Max: 0.5, Diff: 0.1, Sum: 3.5]
      [Code Root Scanning (ms): Min: 0.0, Avg: 0.0, Max: 0.0, Diff: 0.0, Sum: 0.1]
      [Object Copy (ms): Min: 57.9, Avg: 57.9, Max: 58.0, Diff: 0.2, Sum: 463.5]
      [Termination (ms): Min: 0.0, Avg: 0.0, Max: 0.0, Diff: 0.0, Sum: 0.0]
      [GC Worker Other (ms): Min: 0.0, Avg: 0.0, Max: 0.1, Diff: 0.0, Sum: 0.4]
      [GC Worker Total (ms): Min: 59.1, Avg: 59.1, Max: 59.2, Diff: 0.1, Sum: 473.0]
      [GC Worker End (ms): Min: 313055.8, Avg: 313055.8, Max: 313055.8, Diff: 0.0]
   [Code Root Fixup: 0.1 ms]
   [Code Root Migration: 0.1 ms]
   [Clear CT: 0.4 ms]
   [Other: 0.9 ms]
      [Choose CSet: 0.0 ms]
      [Ref Proc: 0.1 ms]
      [Ref Enq: 0.0 ms]
      [Free CSet: 0.7 ms]
   [Eden: 973.0M(973.0M)->0.0B(974.0M) Survivors: 113.0M->109.0M Heap: 1608.7M(1938.0M)->631.7M(1938.0M)]
 [Times: user=0.48 sys=0.00, real=0.06 secs] 
313.057: Total time for which application threads were stopped: 0.0609660 seconds, Stopping threads took: 0.0000420 seconds
313.536: Application time: 0.4781570 seconds
313.536: [GC pause (young), 0.0583100 secs]
   [Parallel Time: 56.7 ms, GC Workers: 8]
      [GC Worker Start (ms): Min: 313535.8, Avg: 313535.8, Max: 313535.8, Diff: 0.1]
      [Ext Root Scanning (ms): Min: 0.6, Avg: 0.7, Max: 0.7, Diff: 0.1, Sum: 5.2]
      [Update RS (ms): Min: 0.0, Avg: 0.0, Max: 0.1, Diff: 0.1, Sum: 0.2]
         [Processed Buffers: Min: 0, Avg: 1.1, Max: 4, Diff: 4, Sum: 9]
      [Scan RS (ms): Min: 0.4, Avg: 0.4, Max: 0.5, Diff: 0.1, Sum: 3.6]
      [Code Root Scanning (ms): Min: 0.0, Avg: 0.0, Max: 0.0, Diff: 0.0, Sum: 0.1]
      [Object Copy (ms): Min: 55.4, Avg: 55.4, Max: 55.5, Diff: 0.0, Sum: 443.5]
      [Termination (ms): Min: 0.0, Avg: 0.0, Max: 0.0, Diff: 0.0, Sum: 0.0]
      [GC Worker Other (ms): Min: 0.0, Avg: 0.1, Max: 0.1, Diff: 0.0, Sum: 0.4]
      [GC Worker Total (ms): Min: 56.6, Avg: 56.6, Max: 56.7, Diff: 0.1, Sum: 453.0]
      [GC Worker End (ms): Min: 313592.4, Avg: 313592.4, Max: 313592.4, Diff: 0.0]
   [Code Root Fixup: 0.1 ms]
   [Code Root Migration: 0.1 ms]
   [Clear CT: 0.4 ms]
   [Other: 1.0 ms]
      [Choose CSet: 0.0 ms]
      [Ref Proc: 0.1 ms]
      [Ref Enq: 0.0 ms]
      [Free CSet: 0.8 ms]
   [Eden: 974.0M(974.0M)->0.0B(980.0M) Survivors: 109.0M->103.0M Heap: 1605.7M(1938.0M)->625.7M(1938.0M)]
 [Times: user=0.46 sys=0.00, real=0.06 secs] 
313.594: Total time for which application threads were stopped: 0.0584970 seconds, Stopping threads took: 0.0000620 seconds
314.076: Application time: 0.4821880 seconds
314.076: [GC pause (young), 0.0541420 secs]
   [Parallel Time: 52.5 ms, GC Workers: 8]
      [GC Worker Start (ms): Min: 314076.4, Avg: 314076.5, Max: 314076.5, Diff: 0.1]
      [Ext Root Scanning (ms): Min: 0.6, Avg: 0.7, Max: 0.7, Diff: 0.1, Sum: 5.2]
      [Update RS (ms): Min: 0.0, Avg: 0.0, Max: 0.1, Diff: 0.1, Sum: 0.2]
         [Processed Buffers: Min: 0, Avg: 1.1, Max: 3, Diff: 3, Sum: 9]
      [Scan RS (ms): Min: 0.4, Avg: 0.4, Max: 0.5, Diff: 0.1, Sum: 3.5]
      [Code Root Scanning (ms): Min: 0.0, Avg: 0.0, Max: 0.0, Diff: 0.0, Sum: 0.1]
      [Object Copy (ms): Min: 51.3, Avg: 51.3, Max: 51.3, Diff: 0.0, Sum: 410.2]
      [Termination (ms): Min: 0.0, Avg: 0.0, Max: 0.0, Diff: 0.0, Sum: 0.0]
      [GC Worker Other (ms): Min: 0.0, Avg: 0.1, Max: 0.1, Diff: 0.0, Sum: 0.5]
      [GC Worker Total (ms): Min: 52.4, Avg: 52.5, Max: 52.5, Diff: 0.1, Sum: 419.7]
      [GC Worker End (ms): Min: 314128.9, Avg: 314128.9, Max: 314128.9, Diff: 0.1]
   [Code Root Fixup: 0.1 ms]
   [Code Root Migration: 0.1 ms]
   [Clear CT: 0.4 ms]
   [Other: 0.9 ms]
      [Choose CSet: 0.0 ms]
      [Ref Proc: 0.2 ms]
      [Ref Enq: 0.0 ms]
      [Free CSet: 0.7 ms]
   [Eden: 980.0M(980.0M)->0.0B(991.0M) Survivors: 103.0M->94.0M Heap: 1605.7M(1938.0M)->617.2M(1938.0M)]
 [Times: user=0.43 sys=0.00, real=0.05 secs] 
314.131: Total time for which application threads were stopped: 0.0543180 seconds, Stopping threads took: 0.0000400 seconds
314.626: Application time: 0.4958610 seconds
314.627: [GC pause (young), 0.0488580 secs]
   [Parallel Time: 47.3 ms, GC Workers: 8]
      [GC Worker Start (ms): Min: 314626.6, Avg: 314627.0, Max: 314629.6, Diff: 2.9]
      [Ext Root Scanning (ms): Min: 0.0, Avg: 0.6, Max: 0.9, Diff: 0.9, Sum: 4.7]
      [Update RS (ms): Min: 0.0, Avg: 0.0, Max: 0.1, Diff: 0.1, Sum: 0.2]
         [Processed Buffers: Min: 0, Avg: 1.1, Max: 5, Diff: 5, Sum: 9]
      [Scan RS (ms): Min: 0.1, Avg: 0.4, Max: 0.5, Diff: 0.4, Sum: 2.9]
      [Code Root Scanning (ms): Min: 0.0, Avg: 0.0, Max: 0.0, Diff: 0.0, Sum: 0.1]
      [Object Copy (ms): Min: 44.2, Avg: 45.8, Max: 46.1, Diff: 1.9, Sum: 366.6]
      [Termination (ms): Min: 0.0, Avg: 0.0, Max: 0.0, Diff: 0.0, Sum: 0.0]
      [GC Worker Other (ms): Min: 0.0, Avg: 0.1, Max: 0.1, Diff: 0.1, Sum: 0.5]
      [GC Worker Total (ms): Min: 44.3, Avg: 46.9, Max: 47.3, Diff: 3.0, Sum: 375.0]
      [GC Worker End (ms): Min: 314673.9, Avg: 314673.9, Max: 314673.9, Diff: 0.1]
   [Code Root Fixup: 0.1 ms]
   [Code Root Migration: 0.1 ms]
   [Clear CT: 0.4 ms]
   [Other: 0.9 ms]
      [Choose CSet: 0.0 ms]
      [Ref Proc: 0.1 ms]
      [Ref Enq: 0.0 ms]
      [Free CSet: 0.7 ms]
   [Eden: 991.0M(991.0M)->0.0B(1005.0M) Survivors: 94.0M->85.0M Heap: 1608.2M(1938.0M)->608.2M(1938.0M)]
 [Times: user=0.38 sys=0.00, real=0.05 secs] 
314.676: Total time for which application threads were stopped: 0.0490410 seconds, Stopping threads took: 0.0000540 seconds
315.175: Application time: 0.4994790 seconds
315.175: [GC pause (young), 0.0440660 secs]
   [Parallel Time: 42.5 ms, GC Workers: 8]
      [GC Worker Start (ms): Min: 315175.1, Avg: 315175.2, Max: 315175.2, Diff: 0.1]
      [Ext Root Scanning (ms): Min: 0.6, Avg: 0.7, Max: 0.7, Diff: 0.1, Sum: 5.4]
      [Update RS (ms): Min: 0.0, Avg: 0.0, Max: 0.1, Diff: 0.1, Sum: 0.3]
         [Processed Buffers: Min: 0, Avg: 1.0, Max: 3, Diff: 3, Sum: 8]
      [Scan RS (ms): Min: 0.4, Avg: 0.4, Max: 0.5, Diff: 0.1, Sum: 3.4]
      [Code Root Scanning (ms): Min: 0.0, Avg: 0.0, Max: 0.0, Diff: 0.0, Sum: 0.0]
      [Object Copy (ms): Min: 41.2, Avg: 41.2, Max: 41.3, Diff: 0.1, Sum: 329.5]
      [Termination (ms): Min: 0.0, Avg: 0.0, Max: 0.0, Diff: 0.0, Sum: 0.0]
      [GC Worker Other (ms): Min: 0.0, Avg: 0.1, Max: 0.1, Diff: 0.0, Sum: 0.5]
      [GC Worker Total (ms): Min: 42.4, Avg: 42.4, Max: 42.4, Diff: 0.1, Sum: 339.1]
      [GC Worker End (ms): Min: 315217.6, Avg: 315217.6, Max: 315217.6, Diff: 0.0]
   [Code Root Fixup: 0.1 ms]
   [Code Root Migration: 0.1 ms]
   [Clear CT: 0.4 ms]
   [Other: 0.9 ms]
      [Choose CSet: 0.0 ms]
      [Ref Proc: 0.2 ms]
      [Ref Enq: 0.0 ms]
      [Free CSet: 0.7 ms]
   [Eden: 1005.0M(1005.0M)->0.0B(1019.0M) Survivors: 85.0M->77.0M Heap: 1613.2M(1938.0M)->599.7M(1938.0M)]
 [Times: user=0.35 sys=0.00, real=0.04 secs] 
315.219: Total time for which application threads were stopped: 0.0442390 seconds, Stopping threads took: 0.0000500 seconds
315.723: Application time: 0.5034600 seconds
315.723: [GC pause (young), 0.0408630 secs]
   [Parallel Time: 39.3 ms, GC Workers: 8]
      [GC Worker Start (ms): Min: 315722.9, Avg: 315724.1, Max: 315729.6, Diff: 6.7]
      [Ext Root Scanning (ms): Min: 0.0, Avg: 0.5, Max: 0.8, Diff: 0.8, Sum: 4.1]
      [Update RS (ms): Min: 0.0, Avg: 0.0, Max: 0.1, Diff: 0.1, Sum: 0.2]
         [Processed Buffers: Min: 0, Avg: 1.1, Max: 4, Diff: 4, Sum: 9]
      [Scan RS (ms): Min: 0.1, Avg: 0.4, Max: 0.5, Diff: 0.4, Sum: 2.9]
      [Code Root Scanning (ms): Min: 0.0, Avg: 0.0, Max: 0.0, Diff: 0.0, Sum: 0.0]
      [Object Copy (ms): Min: 32.2, Avg: 37.0, Max: 38.0, Diff: 5.8, Sum: 296.1]
      [Termination (ms): Min: 0.0, Avg: 0.0, Max: 0.0, Diff: 0.0, Sum: 0.0]
      [GC Worker Other (ms): Min: 0.0, Avg: 0.1, Max: 0.1, Diff: 0.1, Sum: 0.5]
      [GC Worker Total (ms): Min: 32.5, Avg: 38.0, Max: 39.2, Diff: 6.7, Sum: 303.9]
      [GC Worker End (ms): Min: 315762.0, Avg: 315762.0, Max: 315762.1, Diff: 0.1]
   [Code Root Fixup: 0.1 ms]
   [Code Root Migration: 0.1 ms]
   [Clear CT: 0.5 ms]
   [Other: 0.9 ms]
      [Choose CSet: 0.0 ms]
      [Ref Proc: 0.1 ms]
      [Ref Enq: 0.0 ms]
      [Free CSet: 0.7 ms]
   [Eden: 1019.0M(1019.0M)->0.0B(1030.0M) Survivors: 77.0M->72.0M Heap: 1618.7M(1938.0M)->594.7M(1938.0M)]
 [Times: user=0.30 sys=0.00, real=0.04 secs] 
315.764: Total time for which application threads were stopped: 0.0410500 seconds, Stopping threads took: 0.0000470 seconds
316.266: Application time: 0.5019800 seconds
316.266: [GC pause (young), 0.0424980 secs]
   [Parallel Time: 40.8 ms, GC Workers: 8]
      [GC Worker Start (ms): Min: 316265.9, Avg: 316265.9, Max: 316265.9, Diff: 0.1]
      [Ext Root Scanning (ms): Min: 0.6, Avg: 0.7, Max: 0.7, Diff: 0.1, Sum: 5.4]
      [Update RS (ms): Min: 0.0, Avg: 0.0, Max: 0.1, Diff: 0.1, Sum: 0.3]
         [Processed Buffers: Min: 0, Avg: 0.8, Max: 3, Diff: 3, Sum: 6]
      [Scan RS (ms): Min: 0.4, Avg: 0.4, Max: 0.5, Diff: 0.1, Sum: 3.6]
      [Code Root Scanning (ms): Min: 0.0, Avg: 0.0, Max: 0.0, Diff: 0.0, Sum: 0.1]
      [Object Copy (ms): Min: 39.4, Avg: 39.5, Max: 39.5, Diff: 0.1, Sum: 315.8]
      [Termination (ms): Min: 0.0, Avg: 0.0, Max: 0.0, Diff: 0.0, Sum: 0.0]
      [GC Worker Other (ms): Min: 0.0, Avg: 0.1, Max: 0.1, Diff: 0.1, Sum: 0.6]
      [GC Worker Total (ms): Min: 40.7, Avg: 40.7, Max: 40.8, Diff: 0.1, Sum: 325.7]
      [GC Worker End (ms): Min: 316306.6, Avg: 316306.6, Max: 316306.7, Diff: 0.1]
   [Code Root Fixup: 0.1 ms]
   [Code Root Migration: 0.1 ms]
   [Clear CT: 0.5 ms]
   [Other: 1.0 ms]
      [Choose CSet: 0.0 ms]
      [Ref Proc: 0.1 ms]
      [Ref Enq: 0.0 ms]
      [Free CSet: 0.8 ms]
   [Eden: 1030.0M(1030.0M)->0.0B(1027.0M) Survivors: 72.0M->77.0M Heap: 1624.7M(1938.0M)->600.2M(1938.0M)]
 [Times: user=0.33 sys=0.00, real=0.04 secs] 
316.310: Total time for which application threads were stopped: 0.0441830 seconds, Stopping threads took: 0.0000370 seconds
316.803: Application time: 0.4934580 seconds
316.803: [GC pause (young), 0.0441190 secs]
   [Parallel Time: 42.5 ms, GC Workers: 8]
      [GC Worker Start (ms): Min: 316803.5, Avg: 316803.6, Max: 316803.6, Diff: 0.1]
      [Ext Root Scanning (ms): Min: 0.6, Avg: 0.7, Max: 0.7, Diff: 0.1, Sum: 5.3]
      [Update RS (ms): Min: 0.0, Avg: 0.0, Max: 0.1, Diff: 0.1, Sum: 0.2]
         [Processed Buffers: Min: 0, Avg: 0.8, Max: 2, Diff: 2, Sum: 6]
      [Scan RS (ms): Min: 0.4, Avg: 0.4, Max: 0.5, Diff: 0.1, Sum: 3.4]
      [Code Root Scanning (ms): Min: 0.0, Avg: 0.0, Max: 0.0, Diff: 0.0, Sum: 0.1]
      [Object Copy (ms): Min: 41.2, Avg: 41.2, Max: 41.3, Diff: 0.1, Sum: 329.9]
      [Termination (ms): Min: 0.0, Avg: 0.0, Max: 0.0, Diff: 0.0, Sum: 0.1]
      [GC Worker Other (ms): Min: 0.0, Avg: 0.1, Max: 0.1, Diff: 0.1, Sum: 0.4]
      [GC Worker Total (ms): Min: 42.4, Avg: 42.4, Max: 42.5, Diff: 0.1, Sum: 339.4]
      [GC Worker End (ms): Min: 316846.0, Avg: 316846.0, Max: 316846.0, Diff: 0.1]
   [Code Root Fixup: 0.1 ms]
   [Code Root Migration: 0.1 ms]
   [Clear CT: 0.5 ms]
   [Other: 0.9 ms]
      [Choose CSet: 0.0 ms]
      [Ref Proc: 0.1 ms]
      [Ref Enq: 0.0 ms]
      [Free CSet: 0.7 ms]
   [Eden: 1027.0M(1027.0M)->0.0B(1021.0M) Survivors: 77.0M->84.0M Heap: 1627.2M(1938.0M)->607.2M(1938.0M)]
 [Times: user=0.34 sys=0.00, real=0.05 secs] 
316.848: Total time for which application threads were stopped: 0.0442910 seconds, Stopping threads took: 0.0000420 seconds
317.343: Application time: 0.4956660 seconds
317.343: [GC pause (young), 0.0511600 secs]
   [Parallel Time: 49.6 ms, GC Workers: 8]
      [GC Worker Start (ms): Min: 317343.5, Avg: 317343.5, Max: 317343.5, Diff: 0.1]
      [Ext Root Scanning (ms): Min: 0.6, Avg: 0.7, Max: 0.7, Diff: 0.1, Sum: 5.3]
      [Update RS (ms): Min: 0.0, Avg: 0.0, Max: 0.1, Diff: 0.1, Sum: 0.2]
         [Processed Buffers: Min: 0, Avg: 0.9, Max: 3, Diff: 3, Sum: 7]
      [Scan RS (ms): Min: 0.4, Avg: 0.4, Max: 0.5, Diff: 0.1, Sum: 3.5]
      [Code Root Scanning (ms): Min: 0.0, Avg: 0.0, Max: 0.0, Diff: 0.0, Sum: 0.1]
      [Object Copy (ms): Min: 48.3, Avg: 48.3, Max: 48.3, Diff: 0.0, Sum: 386.4]
      [Termination (ms): Min: 0.0, Avg: 0.0, Max: 0.0, Diff: 0.0, Sum: 0.0]
      [GC Worker Other (ms): Min: 0.0, Avg: 0.1, Max: 0.1, Diff: 0.0, Sum: 0.5]
      [GC Worker Total (ms): Min: 49.5, Avg: 49.5, Max: 49.5, Diff: 0.1, Sum: 395.9]
      [GC Worker End (ms): Min: 317393.0, Avg: 317393.0, Max: 317393.0, Diff: 0.0]
   [Code Root Fixup: 0.1 ms]
   [Code Root Migration: 0.1 ms]
   [Clear CT: 0.5 ms]
   [Other: 0.9 ms]
      [Choose CSet: 0.0 ms]
      [Ref Proc: 0.1 ms]
      [Ref Enq: 0.0 ms]
      [Free CSet: 0.7 ms]
   [Eden: 1021.0M(1021.0M)->0.0B(1003.0M) Survivors: 84.0M->98.0M Heap: 1628.2M(1938.0M)->620.7M(1938.0M)]
 [Times: user=0.40 sys=0.00, real=0.06 secs] 
317.395: Total time for which application threads were stopped: 0.0513230 seconds, Stopping threads took: 0.0000280 seconds
317.882: Application time: 0.4875170 seconds
317.882: [GC pause (young), 0.0526240 secs]
   [Parallel Time: 51.0 ms, GC Workers: 8]
      [GC Worker Start (ms): Min: 317882.3, Avg: 317882.4, Max: 317882.4, Diff: 0.1]
      [Ext Root Scanning (ms): Min: 0.6, Avg: 0.6, Max: 0.7, Diff: 0.1, Sum: 5.1]
      [Update RS (ms): Min: 0.0, Avg: 0.0, Max: 0.1, Diff: 0.1, Sum: 0.3]
         [Processed Buffers: Min: 0, Avg: 0.8, Max: 3, Diff: 3, Sum: 6]
      [Scan RS (ms): Min: 0.3, Avg: 0.4, Max: 0.5, Diff: 0.1, Sum: 3.3]
      [Code Root Scanning (ms): Min: 0.0, Avg: 0.0, Max: 0.0, Diff: 0.0, Sum: 0.0]
      [Object Copy (ms): Min: 49.8, Avg: 49.8, Max: 49.8, Diff: 0.0, Sum: 398.3]
      [Termination (ms): Min: 0.0, Avg: 0.0, Max: 0.0, Diff: 0.0, Sum: 0.0]
      [GC Worker Other (ms): Min: 0.0, Avg: 0.1, Max: 0.1, Diff: 0.0, Sum: 0.5]
      [GC Worker Total (ms): Min: 50.9, Avg: 50.9, Max: 51.0, Diff: 0.1, Sum: 407.5]
      [GC Worker End (ms): Min: 317933.3, Avg: 317933.3, Max: 317933.3, Diff: 0.0]
   [Code Root Fixup: 0.1 ms]
   [Code Root Migration: 0.1 ms]
   [Clear CT: 0.5 ms]
   [Other: 0.9 ms]
      [Choose CSet: 0.0 ms]
      [Ref Proc: 0.1 ms]
      [Ref Enq: 0.0 ms]
      [Free CSet: 0.7 ms]
   [Eden: 1003.0M(1003.0M)->0.0B(1002.0M) Survivors: 98.0M->97.0M Heap: 1623.7M(1938.0M)->620.2M(1938.0M)]
 [Times: user=0.41 sys=0.01, real=0.06 secs] 
317.935: Total time for which application threads were stopped: 0.0527970 seconds, Stopping threads took: 0.0000480 seconds
318.422: Application time: 0.4870480 seconds
318.422: [GC pause (young), 0.0517300 secs]
   [Parallel Time: 50.1 ms, GC Workers: 8]
      [GC Worker Start (ms): Min: 318422.2, Avg: 318422.2, Max: 318422.2, Diff: 0.1]
      [Ext Root Scanning (ms): Min: 0.6, Avg: 0.7, Max: 0.7, Diff: 0.1, Sum: 5.4]
      [Update RS (ms): Min: 0.0, Avg: 0.0, Max: 0.1, Diff: 0.1, Sum: 0.3]
         [Processed Buffers: Min: 0, Avg: 0.8, Max: 4, Diff: 4, Sum: 6]
      [Scan RS (ms): Min: 0.4, Avg: 0.4, Max: 0.5, Diff: 0.1, Sum: 3.4]
      [Code Root Scanning (ms): Min: 0.0, Avg: 0.0, Max: 0.0, Diff: 0.0, Sum: 0.1]
      [Object Copy (ms): Min: 48.8, Avg: 48.8, Max: 48.9, Diff: 0.1, Sum: 390.8]
      [Termination (ms): Min: 0.0, Avg: 0.0, Max: 0.0, Diff: 0.0, Sum: 0.0]
      [GC Worker Other (ms): Min: 0.0, Avg: 0.1, Max: 0.1, Diff: 0.1, Sum: 0.4]
      [GC Worker Total (ms): Min: 50.0, Avg: 50.0, Max: 50.1, Diff: 0.1, Sum: 400.4]
      [GC Worker End (ms): Min: 318472.2, Avg: 318472.2, Max: 318472.3, Diff: 0.1]
   [Code Root Fixup: 0.1 ms]
   [Code Root Migration: 0.1 ms]
   [Clear CT: 0.4 ms]
   [Other: 0.9 ms]
      [Choose CSet: 0.0 ms]
      [Ref Proc: 0.1 ms]
      [Ref Enq: 0.0 ms]
      [Free CSet: 0.7 ms]
   [Eden: 1002.0M(1002.0M)->0.0B(1001.0M) Survivors: 97.0M->97.0M Heap: 1622.2M(1938.0M)->620.2M(1938.0M)]
 [Times: user=0.40 sys=0.00, real=0.06 secs] 
318.474: Total time for which application threads were stopped: 0.0519010 seconds, Stopping threads took: 0.0000340 seconds
318.962: Application time: 0.4880450 seconds
318.962: [GC pause (young), 0.0585530 secs]
   [Parallel Time: 56.9 ms, GC Workers: 8]
      [GC Worker Start (ms): Min: 318962.1, Avg: 318963.6, Max: 318973.6, Diff: 11.4]
      [Ext Root Scanning (ms): Min: 0.0, Avg: 0.6, Max: 0.9, Diff: 0.9, Sum: 4.8]
      [Update RS (ms): Min: 0.0, Avg: 0.0, Max: 0.1, Diff: 0.1, Sum: 0.3]
         [Processed Buffers: Min: 0, Avg: 0.8, Max: 3, Diff: 3, Sum: 6]
      [Scan RS (ms): Min: 0.2, Avg: 0.4, Max: 0.5, Diff: 0.2, Sum: 3.0]
      [Code Root Scanning (ms): Min: 0.0, Avg: 0.0, Max: 0.0, Diff: 0.0, Sum: 0.1]
      [Object Copy (ms): Min: 45.1, Avg: 54.3, Max: 55.6, Diff: 10.5, Sum: 434.5]
      [Termination (ms): Min: 0.0, Avg: 0.0, Max: 0.0, Diff: 0.0, Sum: 0.0]
      [GC Worker Other (ms): Min: 0.0, Avg: 0.1, Max: 0.1, Diff: 0.0, Sum: 0.5]
      [GC Worker Total (ms): Min: 45.4, Avg: 55.4, Max: 56.8, Diff: 11.4, Sum: 443.1]
      [GC Worker End (ms): Min: 319019.0, Avg: 319019.0, Max: 319019.0, Diff: 0.0]
   [Code Root Fixup: 0.2 ms]
   [Code Root Migration: 0.1 ms]
   [Clear CT: 0.5 ms]
   [Other: 0.9 ms]
      [Choose CSet: 0.0 ms]
      [Ref Proc: 0.1 ms]
      [Ref Enq: 0.0 ms]
      [Free CSet: 0.7 ms]
   [Eden: 1001.0M(1001.0M)->0.0B(987.0M) Survivors: 97.0M->107.0M Heap: 1621.2M(1938.0M)->629.8M(1938.0M)]
 [Times: user=0.44 sys=0.00, real=0.06 secs] 
319.021: Total time for which application threads were stopped: 0.0587340 seconds, Stopping threads took: 0.0000570 seconds
319.501: Application time: 0.4805120 seconds
319.501: [GC pause (young), 0.0588240 secs]
   [Parallel Time: 57.2 ms, GC Workers: 8]
      [GC Worker Start (ms): Min: 319501.4, Avg: 319501.4, Max: 319501.4, Diff: 0.1]
      [Ext Root Scanning (ms): Min: 0.6, Avg: 0.7, Max: 0.7, Diff: 0.1, Sum: 5.4]
      [Update RS (ms): Min: 0.0, Avg: 0.0, Max: 0.1, Diff: 0.1, Sum: 0.2]
         [Processed Buffers: Min: 0, Avg: 0.8, Max: 2, Diff: 2, Sum: 6]
      [Scan RS (ms): Min: 0.4, Avg: 0.4, Max: 0.5, Diff: 0.1, Sum: 3.4]
      [Code Root Scanning (ms): Min: 0.0, Avg: 0.0, Max: 0.0, Diff: 0.0, Sum: 0.1]
      [Object Copy (ms): Min: 55.9, Avg: 55.9, Max: 55.9, Diff: 0.0, Sum: 447.4]
      [Termination (ms): Min: 0.0, Avg: 0.0, Max: 0.0, Diff: 0.0, Sum: 0.0]
      [GC Worker Other (ms): Min: 0.0, Avg: 0.0, Max: 0.1, Diff: 0.0, Sum: 0.4]
      [GC Worker Total (ms): Min: 57.1, Avg: 57.1, Max: 57.1, Diff: 0.1, Sum: 456.9]
      [GC Worker End (ms): Min: 319558.5, Avg: 319558.5, Max: 319558.5, Diff: 0.0]
   [Code Root Fixup: 0.1 ms]
   [Code Root Migration: 0.1 ms]
   [Clear CT: 0.5 ms]
   [Other: 0.9 ms]
      [Choose CSet: 0.0 ms]
      [Ref Proc: 0.1 ms]
      [Ref Enq: 0.0 ms]
      [Free CSet: 0.7 ms]
   [Eden: 987.0M(987.0M)->0.0B(986.0M) Survivors: 107.0M->106.0M Heap: 1616.8M(1938.0M)->629.3M(1938.0M)]
 [Times: user=0.46 sys=0.00, real=0.06 secs] 
319.560: Total time for which application threads were stopped: 0.0590010 seconds, Stopping threads took: 0.0000480 seconds
320.047: Application time: 0.4869880 seconds
320.047: [GC pause (young), 0.0577960 secs]
   [Parallel Time: 56.2 ms, GC Workers: 8]
      [GC Worker Start (ms): Min: 320047.4, Avg: 320047.4, Max: 320047.4, Diff: 0.1]
      [Ext Root Scanning (ms): Min: 0.6, Avg: 0.7, Max: 0.7, Diff: 0.2, Sum: 5.2]
      [Update RS (ms): Min: 0.0, Avg: 0.0, Max: 0.1, Diff: 0.1, Sum: 0.2]
         [Processed Buffers: Min: 0, Avg: 1.0, Max: 4, Diff: 4, Sum: 8]
      [Scan RS (ms): Min: 0.4, Avg: 0.4, Max: 0.5, Diff: 0.1, Sum: 3.5]
      [Code Root Scanning (ms): Min: 0.0, Avg: 0.0, Max: 0.0, Diff: 0.0, Sum: 0.1]
      [Object Copy (ms): Min: 54.8, Avg: 54.9, Max: 54.9, Diff: 0.1, Sum: 439.1]
      [Termination (ms): Min: 0.0, Avg: 0.0, Max: 0.0, Diff: 0.0, Sum: 0.0]
      [GC Worker Other (ms): Min: 0.0, Avg: 0.1, Max: 0.1, Diff: 0.0, Sum: 0.5]
      [GC Worker Total (ms): Min: 56.1, Avg: 56.1, Max: 56.1, Diff: 0.1, Sum: 448.7]
      [GC Worker End (ms): Min: 320103.5, Avg: 320103.5, Max: 320103.5, Diff: 0.0]
   [Code Root Fixup: 0.1 ms]
   [Code Root Migration: 0.1 ms]
   [Clear CT: 0.5 ms]
   [Other: 0.9 ms]
      [Choose CSet: 0.0 ms]
      [Ref Proc: 0.1 ms]
      [Ref Enq: 0.0 ms]
      [Free CSet: 0.7 ms]
   [Eden: 986.0M(986.0M)->0.0B(988.0M) Survivors: 106.0M->103.0M Heap: 1615.3M(1938.0M)->625.8M(1938.0M)]
 [Times: user=0.46 sys=0.00, real=0.05 secs] 
320.105: Total time for which application threads were stopped: 0.0579700 seconds, Stopping threads took: 0.0000400 seconds
320.596: Application time: 0.4909190 seconds
320.596: [GC pause (young), 0.0522320 secs]
   [Parallel Time: 50.6 ms, GC Workers: 8]
      [GC Worker Start (ms): Min: 320596.3, Avg: 320596.3, Max: 320596.3, Diff: 0.1]
      [Ext Root Scanning (ms): Min: 0.6, Avg: 0.7, Max: 0.7, Diff: 0.1, Sum: 5.3]
      [Update RS (ms): Min: 0.0, Avg: 0.0, Max: 0.1, Diff: 0.1, Sum: 0.2]
         [Processed Buffers: Min: 0, Avg: 0.9, Max: 4, Diff: 4, Sum: 7]
      [Scan RS (ms): Min: 0.4, Avg: 0.4, Max: 0.5, Diff: 0.1, Sum: 3.4]
      [Code Root Scanning (ms): Min: 0.0, Avg: 0.0, Max: 0.0, Diff: 0.0, Sum: 0.1]
      [Object Copy (ms): Min: 49.3, Avg: 49.3, Max: 49.3, Diff: 0.0, Sum: 394.7]
      [Termination (ms): Min: 0.0, Avg: 0.0, Max: 0.0, Diff: 0.0, Sum: 0.0]
      [GC Worker Other (ms): Min: 0.0, Avg: 0.1, Max: 0.1, Diff: 0.0, Sum: 0.4]
      [GC Worker Total (ms): Min: 50.5, Avg: 50.5, Max: 50.5, Diff: 0.1, Sum: 404.1]
      [GC Worker End (ms): Min: 320646.8, Avg: 320646.8, Max: 320646.8, Diff: 0.0]
   [Code Root Fixup: 0.1 ms]
   [Code Root Migration: 0.1 ms]
   [Clear CT: 0.4 ms]
   [Other: 1.0 ms]
      [Choose CSet: 0.0 ms]
      [Ref Proc: 0.2 ms]
      [Ref Enq: 0.0 ms]
      [Free CSet: 0.7 ms]
   [Eden: 988.0M(988.0M)->0.0B(1000.0M) Survivors: 103.0M->93.0M Heap: 1613.8M(1938.0M)->615.8M(1938.0M)]
 [Times: user=0.40 sys=0.00, real=0.05 secs] 
320.649: Total time for which application threads were stopped: 0.0523950 seconds, Stopping threads took: 0.0000390 seconds
321.141: Application time: 0.4928950 seconds
321.142: [GC pause (young), 0.0424510 secs]
   [Parallel Time: 40.9 ms, GC Workers: 8]
      [GC Worker Start (ms): Min: 321141.6, Avg: 321141.6, Max: 321141.6, Diff: 0.1]
      [Ext Root Scanning (ms): Min: 0.6, Avg: 0.7, Max: 0.8, Diff: 0.1, Sum: 5.3]
      [Update RS (ms): Min: 0.0, Avg: 0.0, Max: 0.1, Diff: 0.1, Sum: 0.2]
         [Processed Buffers: Min: 0, Avg: 0.9, Max: 4, Diff: 4, Sum: 7]
      [Scan RS (ms): Min: 0.3, Avg: 0.4, Max: 0.4, Diff: 0.1, Sum: 3.3]
      [Code Root Scanning (ms): Min: 0.0, Avg: 0.0, Max: 0.0, Diff: 0.0, Sum: 0.1]
      [Object Copy (ms): Min: 39.6, Avg: 39.6, Max: 39.7, Diff: 0.1, Sum: 317.1]
      [Termination (ms): Min: 0.0, Avg: 0.0, Max: 0.0, Diff: 0.0, Sum: 0.0]
      [GC Worker Other (ms): Min: 0.0, Avg: 0.1, Max: 0.1, Diff: 0.1, Sum: 0.5]
      [GC Worker Total (ms): Min: 40.8, Avg: 40.8, Max: 40.9, Diff: 0.1, Sum: 326.5]
      [GC Worker End (ms): Min: 321182.4, Avg: 321182.4, Max: 321182.4, Diff: 0.1]
   [Code Root Fixup: 0.1 ms]
   [Code Root Migration: 0.1 ms]
   [Clear CT: 0.4 ms]
   [Other: 0.9 ms]
      [Choose CSet: 0.0 ms]
      [Ref Proc: 0.1 ms]
      [Ref Enq: 0.0 ms]
      [Free CSet: 0.7 ms]
   [Eden: 1000.0M(1000.0M)->0.0B(1023.0M) Survivors: 93.0M->76.0M Heap: 1615.8M(1938.0M)->598.8M(1938.0M)]
 [Times: user=0.33 sys=0.00, real=0.04 secs] 
321.184: Total time for which application threads were stopped: 0.0426530 seconds, Stopping threads took: 0.0000590 seconds
321.679: Application time: 0.4954050 seconds
321.680: [GC pause (young), 0.0474400 secs]
   [Parallel Time: 45.9 ms, GC Workers: 8]
      [GC Worker Start (ms): Min: 321679.6, Avg: 321679.9, Max: 321681.5, Diff: 1.9]
      [Ext Root Scanning (ms): Min: 0.0, Avg: 0.6, Max: 0.9, Diff: 0.9, Sum: 5.0]
      [Update RS (ms): Min: 0.0, Avg: 0.0, Max: 0.1, Diff: 0.1, Sum: 0.2]
         [Processed Buffers: Min: 0, Avg: 0.9, Max: 4, Diff: 4, Sum: 7]
      [Scan RS (ms): Min: 0.0, Avg: 0.4, Max: 0.5, Diff: 0.4, Sum: 3.0]
      [Code Root Scanning (ms): Min: 0.0, Avg: 0.0, Max: 0.0, Diff: 0.0, Sum: 0.0]
      [Object Copy (ms): Min: 43.8, Avg: 44.5, Max: 44.6, Diff: 0.8, Sum: 355.9]
      [Termination (ms): Min: 0.0, Avg: 0.0, Max: 0.0, Diff: 0.0, Sum: 0.0]
      [GC Worker Other (ms): Min: 0.0, Avg: 0.0, Max: 0.1, Diff: 0.0, Sum: 0.4]
      [GC Worker Total (ms): Min: 43.9, Avg: 45.6, Max: 45.8, Diff: 2.0, Sum: 364.5]
      [GC Worker End (ms): Min: 321725.4, Avg: 321725.4, Max: 321725.5, Diff: 0.0]
   [Code Root Fixup: 0.1 ms]
   [Code Root Migration: 0.2 ms]
   [Clear CT: 0.4 ms]
   [Other: 0.9 ms]
      [Choose CSet: 0.0 ms]
      [Ref Proc: 0.1 ms]
      [Ref Enq: 0.0 ms]
      [Free CSet: 0.7 ms]
   [Eden: 1023.0M(1023.0M)->0.0B(1013.0M) Survivors: 76.0M->87.0M Heap: 1621.8M(1938.0M)->610.3M(1938.0M)]
 [Times: user=0.37 sys=0.00, real=0.05 secs] 
321.727: Total time for which application threads were stopped: 0.0476240 seconds, Stopping threads took: 0.0000490 seconds
322.228: Application time: 0.5004580 seconds
322.228: [GC pause (young), 0.0506590 secs]
   [Parallel Time: 49.0 ms, GC Workers: 8]
      [GC Worker Start (ms): Min: 322227.7, Avg: 322227.7, Max: 322227.8, Diff: 0.1]
      [Ext Root Scanning (ms): Min: 0.6, Avg: 0.7, Max: 0.7, Diff: 0.1, Sum: 5.3]
      [Update RS (ms): Min: 0.0, Avg: 0.0, Max: 0.1, Diff: 0.1, Sum: 0.2]
         [Processed Buffers: Min: 0, Avg: 1.2, Max: 4, Diff: 4, Sum: 10]
      [Scan RS (ms): Min: 0.4, Avg: 0.4, Max: 0.5, Diff: 0.1, Sum: 3.5]
      [Code Root Scanning (ms): Min: 0.0, Avg: 0.0, Max: 0.0, Diff: 0.0, Sum: 0.0]
      [Object Copy (ms): Min: 47.7, Avg: 47.7, Max: 47.7, Diff: 0.1, Sum: 381.7]
      [Termination (ms): Min: 0.0, Avg: 0.0, Max: 0.0, Diff: 0.0, Sum: 0.0]
      [GC Worker Other (ms): Min: 0.0, Avg: 0.1, Max: 0.1, Diff: 0.1, Sum: 0.5]
      [GC Worker Total (ms): Min: 48.9, Avg: 48.9, Max: 49.0, Diff: 0.1, Sum: 391.3]
      [GC Worker End (ms): Min: 322276.6, Avg: 322276.6, Max: 322276.7, Diff: 0.1]
   [Code Root Fixup: 0.1 ms]
   [Code Root Migration: 0.1 ms]
   [Clear CT: 0.5 ms]
   [Other: 1.0 ms]
      [Choose CSet: 0.0 ms]
      [Ref Proc: 0.2 ms]
      [Ref Enq: 0.0 ms]
      [Free CSet: 0.7 ms]
   [Eden: 1013.0M(1013.0M)->0.0B(1011.0M) Survivors: 87.0M->89.0M Heap: 1623.3M(1938.0M)->611.8M(1938.0M)]
 [Times: user=0.39 sys=0.00, real=0.05 secs] 
322.278: Total time for which application threads were stopped: 0.0508330 seconds, Stopping threads took: 0.0000440 seconds
322.775: Application time: 0.4970890 seconds
322.776: [GC pause (young), 0.0379840 secs]
   [Parallel Time: 36.3 ms, GC Workers: 8]
      [GC Worker Start (ms): Min: 322775.6, Avg: 322775.7, Max: 322775.7, Diff: 0.1]
      [Ext Root Scanning (ms): Min: 0.7, Avg: 0.7, Max: 0.8, Diff: 0.1, Sum: 5.6]
      [Update RS (ms): Min: 0.0, Avg: 0.0, Max: 0.1, Diff: 0.1, Sum: 0.3]
         [Processed Buffers: Min: 0, Avg: 1.0, Max: 6, Diff: 6, Sum: 8]
      [Scan RS (ms): Min: 0.3, Avg: 0.4, Max: 0.5, Diff: 0.1, Sum: 3.6]
      [Code Root Scanning (ms): Min: 0.0, Avg: 0.0, Max: 0.0, Diff: 0.0, Sum: 0.1]
      [Object Copy (ms): Min: 34.9, Avg: 34.9, Max: 35.0, Diff: 0.1, Sum: 279.4]
      [Termination (ms): Min: 0.0, Avg: 0.0, Max: 0.0, Diff: 0.0, Sum: 0.0]
      [GC Worker Other (ms): Min: 0.0, Avg: 0.1, Max: 0.1, Diff: 0.0, Sum: 0.5]
      [GC Worker Total (ms): Min: 36.1, Avg: 36.2, Max: 36.2, Diff: 0.1, Sum: 289.4]
      [GC Worker End (ms): Min: 322811.8, Avg: 322811.8, Max: 322811.9, Diff: 0.0]
   [Code Root Fixup: 0.1 ms]
   [Code Root Migration: 0.1 ms]
   [Clear CT: 0.5 ms]
   [Other: 1.0 ms]
      [Choose CSet: 0.0 ms]
      [Ref Proc: 0.1 ms]
      [Ref Enq: 0.0 ms]
      [Free CSet: 0.8 ms]
   [Eden: 1011.0M(1011.0M)->0.0B(1037.0M) Survivors: 89.0M->69.0M Heap: 1622.8M(1938.0M)->592.3M(1938.0M)]
 [Times: user=0.29 sys=0.00, real=0.04 secs] 
322.814: Total time for which application threads were stopped: 0.0381540 seconds, Stopping threads took: 0.0000390 seconds
323.314: Application time: 0.5008240 seconds
323.315: [GC pause (young), 0.0392140 secs]
   [Parallel Time: 37.6 ms, GC Workers: 8]
      [GC Worker Start (ms): Min: 323314.6, Avg: 323314.6, Max: 323314.6, Diff: 0.1]
      [Ext Root Scanning (ms): Min: 0.6, Avg: 0.7, Max: 0.8, Diff: 0.1, Sum: 5.5]
      [Update RS (ms): Min: 0.0, Avg: 0.0, Max: 0.1, Diff: 0.1, Sum: 0.2]
         [Processed Buffers: Min: 0, Avg: 0.9, Max: 2, Diff: 2, Sum: 7]
      [Scan RS (ms): Min: 0.4, Avg: 0.5, Max: 0.5, Diff: 0.1, Sum: 3.7]
      [Code Root Scanning (ms): Min: 0.0, Avg: 0.0, Max: 0.0, Diff: 0.0, Sum: 0.1]
      [Object Copy (ms): Min: 36.2, Avg: 36.3, Max: 36.3, Diff: 0.1, Sum: 290.2]
      [Termination (ms): Min: 0.0, Avg: 0.0, Max: 0.0, Diff: 0.0, Sum: 0.0]
      [GC Worker Other (ms): Min: 0.0, Avg: 0.1, Max: 0.1, Diff: 0.0, Sum: 0.5]
      [GC Worker Total (ms): Min: 37.5, Avg: 37.5, Max: 37.5, Diff: 0.1, Sum: 300.1]
      [GC Worker End (ms): Min: 323352.1, Avg: 323352.1, Max: 323352.1, Diff: 0.0]
   [Code Root Fixup: 0.1 ms]
   [Code Root Migration: 0.1 ms]
   [Clear CT: 0.4 ms]
   [Other: 0.9 ms]
      [Choose CSet: 0.0 ms]
      [Ref Proc: 0.1 ms]
      [Ref Enq: 0.0 ms]
      [Free CSet: 0.8 ms]
   [Eden: 1037.0M(1037.0M)->0.0B(1034.0M) Survivors: 69.0M->74.0M Heap: 1629.3M(1938.0M)->596.8M(1938.0M)]
 [Times: user=0.30 sys=0.00, real=0.04 secs] 
323.354: Total time for which application threads were stopped: 0.0393640 seconds, Stopping threads took: 0.0000130 seconds
323.847: Application time: 0.4936300 seconds
323.848: [GC pause (young), 0.0496480 secs]
   [Parallel Time: 48.0 ms, GC Workers: 8]
      [GC Worker Start (ms): Min: 323847.6, Avg: 323847.6, Max: 323847.6, Diff: 0.1]
      [Ext Root Scanning (ms): Min: 0.6, Avg: 0.7, Max: 0.7, Diff: 0.1, Sum: 5.5]
      [Update RS (ms): Min: 0.0, Avg: 0.0, Max: 0.1, Diff: 0.1, Sum: 0.2]
         [Processed Buffers: Min: 0, Avg: 0.9, Max: 3, Diff: 3, Sum: 7]
      [Scan RS (ms): Min: 0.4, Avg: 0.4, Max: 0.5, Diff: 0.1, Sum: 3.5]
      [Code Root Scanning (ms): Min: 0.0, Avg: 0.0, Max: 0.0, Diff: 0.0, Sum: 0.1]
      [Object Copy (ms): Min: 46.7, Avg: 46.8, Max: 46.8, Diff: 0.1, Sum: 374.1]
      [Termination (ms): Min: 0.0, Avg: 0.0, Max: 0.0, Diff: 0.0, Sum: 0.0]
      [GC Worker Other (ms): Min: 0.0, Avg: 0.1, Max: 0.1, Diff: 0.0, Sum: 0.5]
      [GC Worker Total (ms): Min: 47.9, Avg: 48.0, Max: 48.0, Diff: 0.1, Sum: 383.8]
      [GC Worker End (ms): Min: 323895.5, Avg: 323895.6, Max: 323895.6, Diff: 0.0]
   [Code Root Fixup: 0.1 ms]
   [Code Root Migration: 0.1 ms]
   [Clear CT: 0.5 ms]
   [Other: 0.9 ms]
      [Choose CSet: 0.0 ms]
      [Ref Proc: 0.1 ms]
      [Ref Enq: 0.0 ms]
      [Free CSet: 0.7 ms]
   [Eden: 1034.0M(1034.0M)->0.0B(1007.0M) Survivors: 74.0M->96.0M Heap: 1630.8M(1938.0M)->618.8M(1938.0M)]
 [Times: user=0.39 sys=0.00, real=0.05 secs] 
323.897: Total time for which application threads were stopped: 0.0497910 seconds, Stopping threads took: 0.0000150 seconds
324.385: Application time: 0.4874000 seconds
324.385: [GC pause (young), 0.0590030 secs]
   [Parallel Time: 57.4 ms, GC Workers: 8]
      [GC Worker Start (ms): Min: 324384.8, Avg: 324384.8, Max: 324384.8, Diff: 0.1]
      [Ext Root Scanning (ms): Min: 0.6, Avg: 0.7, Max: 0.7, Diff: 0.1, Sum: 5.3]
      [Update RS (ms): Min: 0.0, Avg: 0.0, Max: 0.1, Diff: 0.1, Sum: 0.3]
         [Processed Buffers: Min: 0, Avg: 1.0, Max: 5, Diff: 5, Sum: 8]
      [Scan RS (ms): Min: 0.4, Avg: 0.4, Max: 0.5, Diff: 0.1, Sum: 3.5]
      [Code Root Scanning (ms): Min: 0.0, Avg: 0.0, Max: 0.0, Diff: 0.0, Sum: 0.1]
      [Object Copy (ms): Min: 56.1, Avg: 56.1, Max: 56.1, Diff: 0.1, Sum: 448.8]
      [Termination (ms): Min: 0.0, Avg: 0.0, Max: 0.0, Diff: 0.0, Sum: 0.0]
      [GC Worker Other (ms): Min: 0.0, Avg: 0.1, Max: 0.1, Diff: 0.1, Sum: 0.5]
      [GC Worker Total (ms): Min: 57.3, Avg: 57.3, Max: 57.3, Diff: 0.1, Sum: 458.4]
      [GC Worker End (ms): Min: 324442.1, Avg: 324442.1, Max: 324442.1, Diff: 0.1]
   [Code Root Fixup: 0.1 ms]
   [Code Root Migration: 0.1 ms]
   [Clear CT: 0.5 ms]
   [Other: 0.9 ms]
      [Choose CSet: 0.0 ms]
      [Ref Proc: 0.1 ms]
      [Ref Enq: 0.0 ms]
      [Free CSet: 0.7 ms]
   [Eden: 1007.0M(1007.0M)->0.0B(985.0M) Survivors: 96.0M->110.0M Heap: 1625.8M(1938.0M)->632.8M(1938.0M)]
 [Times: user=0.46 sys=0.00, real=0.06 secs] 
324.444: Total time for which application threads were stopped: 0.0591540 seconds, Stopping threads took: 0.0000140 seconds
324.927: Application time: 0.4830680 seconds
324.927: [GC pause (young), 0.0614200 secs]
   [Parallel Time: 59.8 ms, GC Workers: 8]
      [GC Worker Start (ms): Min: 324927.0, Avg: 324927.1, Max: 324927.1, Diff: 0.1]
      [Ext Root Scanning (ms): Min: 0.6, Avg: 0.7, Max: 0.7, Diff: 0.1, Sum: 5.2]
      [Update RS (ms): Min: 0.0, Avg: 0.0, Max: 0.1, Diff: 0.1, Sum: 0.2]
         [Processed Buffers: Min: 0, Avg: 1.5, Max: 5, Diff: 5, Sum: 12]
      [Scan RS (ms): Min: 0.4, Avg: 0.4, Max: 0.5, Diff: 0.1, Sum: 3.4]
      [Code Root Scanning (ms): Min: 0.0, Avg: 0.0, Max: 0.0, Diff: 0.0, Sum: 0.1]
      [Object Copy (ms): Min: 58.5, Avg: 58.5, Max: 58.6, Diff: 0.1, Sum: 468.2]
      [Termination (ms): Min: 0.0, Avg: 0.0, Max: 0.0, Diff: 0.0, Sum: 0.0]
      [GC Worker Other (ms): Min: 0.0, Avg: 0.1, Max: 0.1, Diff: 0.1, Sum: 0.5]
      [GC Worker Total (ms): Min: 59.7, Avg: 59.7, Max: 59.8, Diff: 0.1, Sum: 477.7]
      [GC Worker End (ms): Min: 324986.7, Avg: 324986.8, Max: 324986.8, Diff: 0.1]
   [Code Root Fixup: 0.1 ms]
   [Code Root Migration: 0.1 ms]
   [Clear CT: 0.5 ms]
   [Other: 0.9 ms]
      [Choose CSet: 0.0 ms]
      [Ref Proc: 0.1 ms]
      [Ref Enq: 0.0 ms]
      [Free CSet: 0.7 ms]
   [Eden: 985.0M(985.0M)->0.0B(979.0M) Survivors: 110.0M->110.0M Heap: 1617.8M(1938.0M)->632.8M(1938.0M)]
 [Times: user=0.48 sys=0.00, real=0.06 secs] 
324.988: Total time for which application threads were stopped: 0.0615890 seconds, Stopping threads took: 0.0000380 seconds
325.475: Application time: 0.4866970 seconds
325.475: [GC pause (young), 0.0584430 secs]
   [Parallel Time: 56.9 ms, GC Workers: 8]
      [GC Worker Start (ms): Min: 325475.3, Avg: 325475.4, Max: 325475.4, Diff: 0.1]
      [Ext Root Scanning (ms): Min: 0.6, Avg: 0.7, Max: 0.7, Diff: 0.1, Sum: 5.2]
      [Update RS (ms): Min: 0.0, Avg: 0.0, Max: 0.1, Diff: 0.1, Sum: 0.2]
         [Processed Buffers: Min: 0, Avg: 1.1, Max: 3, Diff: 3, Sum: 9]
      [Scan RS (ms): Min: 0.4, Avg: 0.4, Max: 0.4, Diff: 0.1, Sum: 3.4]
      [Code Root Scanning (ms): Min: 0.0, Avg: 0.0, Max: 0.0, Diff: 0.0, Sum: 0.1]
      [Object Copy (ms): Min: 55.7, Avg: 55.7, Max: 55.7, Diff: 0.0, Sum: 445.4]
      [Termination (ms): Min: 0.0, Avg: 0.0, Max: 0.0, Diff: 0.0, Sum: 0.0]
      [GC Worker Other (ms): Min: 0.0, Avg: 0.1, Max: 0.1, Diff: 0.1, Sum: 0.5]
      [GC Worker Total (ms): Min: 56.8, Avg: 56.8, Max: 56.9, Diff: 0.1, Sum: 454.7]
      [GC Worker End (ms): Min: 325532.2, Avg: 325532.2, Max: 325532.2, Diff: 0.1]
   [Code Root Fixup: 0.1 ms]
   [Code Root Migration: 0.1 ms]
   [Clear CT: 0.4 ms]
   [Other: 0.9 ms]
      [Choose CSet: 0.0 ms]
      [Ref Proc: 0.1 ms]
      [Ref Enq: 0.0 ms]
      [Free CSet: 0.7 ms]
   [Eden: 979.0M(979.0M)->0.0B(982.0M) Survivors: 110.0M->105.0M Heap: 1611.8M(1938.0M)->627.9M(1938.0M)]
 [Times: user=0.45 sys=0.00, real=0.06 secs] 
325.534: Total time for which application threads were stopped: 0.0586260 seconds, Stopping threads took: 0.0000550 seconds
326.023: Application time: 0.4894150 seconds
326.023: [GC pause (young), 0.0530320 secs]
   [Parallel Time: 51.5 ms, GC Workers: 8]
      [GC Worker Start (ms): Min: 326023.4, Avg: 326023.4, Max: 326023.4, Diff: 0.1]
      [Ext Root Scanning (ms): Min: 0.6, Avg: 0.6, Max: 0.7, Diff: 0.1, Sum: 5.0]
      [Update RS (ms): Min: 0.0, Avg: 0.0, Max: 0.1, Diff: 0.1, Sum: 0.2]
         [Processed Buffers: Min: 0, Avg: 1.0, Max: 3, Diff: 3, Sum: 8]
      [Scan RS (ms): Min: 0.4, Avg: 0.4, Max: 0.4, Diff: 0.1, Sum: 3.3]
      [Code Root Scanning (ms): Min: 0.0, Avg: 0.0, Max: 0.0, Diff: 0.0, Sum: 0.1]
      [Object Copy (ms): Min: 50.3, Avg: 50.3, Max: 50.3, Diff: 0.0, Sum: 402.4]
      [Termination (ms): Min: 0.0, Avg: 0.0, Max: 0.0, Diff: 0.0, Sum: 0.0]
      [GC Worker Other (ms): Min: 0.0, Avg: 0.1, Max: 0.1, Diff: 0.0, Sum: 0.4]
      [GC Worker Total (ms): Min: 51.4, Avg: 51.4, Max: 51.5, Diff: 0.1, Sum: 411.5]
      [GC Worker End (ms): Min: 326074.8, Avg: 326074.8, Max: 326074.8, Diff: 0.0]
   [Code Root Fixup: 0.1 ms]
   [Code Root Migration: 0.1 ms]
   [Clear CT: 0.4 ms]
   [Other: 0.9 ms]
      [Choose CSet: 0.0 ms]
      [Ref Proc: 0.1 ms]
      [Ref Enq: 0.0 ms]
      [Free CSet: 0.7 ms]
   [Eden: 982.0M(982.0M)->0.0B(994.0M) Survivors: 105.0M->94.0M Heap: 1609.9M(1938.0M)->616.9M(1938.0M)]
 [Times: user=0.41 sys=0.00, real=0.06 secs] 
326.076: Total time for which application threads were stopped: 0.0532250 seconds, Stopping threads took: 0.0000600 seconds
326.568: Application time: 0.4916310 seconds
326.568: [GC pause (young), 0.0490270 secs]
   [Parallel Time: 47.5 ms, GC Workers: 8]
      [GC Worker Start (ms): Min: 326568.2, Avg: 326568.3, Max: 326568.3, Diff: 0.1]
      [Ext Root Scanning (ms): Min: 0.6, Avg: 0.7, Max: 0.7, Diff: 0.1, Sum: 5.3]
      [Update RS (ms): Min: 0.0, Avg: 0.0, Max: 0.1, Diff: 0.1, Sum: 0.2]
         [Processed Buffers: Min: 0, Avg: 1.0, Max: 4, Diff: 4, Sum: 8]
      [Scan RS (ms): Min: 0.4, Avg: 0.4, Max: 0.4, Diff: 0.1, Sum: 3.4]
      [Code Root Scanning (ms): Min: 0.0, Avg: 0.0, Max: 0.0, Diff: 0.0, Sum: 0.1]
      [Object Copy (ms): Min: 46.3, Avg: 46.3, Max: 46.3, Diff: 0.0, Sum: 370.2]
      [Termination (ms): Min: 0.0, Avg: 0.0, Max: 0.0, Diff: 0.0, Sum: 0.0]
      [GC Worker Other (ms): Min: 0.0, Avg: 0.1, Max: 0.1, Diff: 0.0, Sum: 0.5]
      [GC Worker Total (ms): Min: 47.4, Avg: 47.4, Max: 47.5, Diff: 0.1, Sum: 379.6]
      [GC Worker End (ms): Min: 326615.7, Avg: 326615.7, Max: 326615.7, Diff: 0.0]
   [Code Root Fixup: 0.1 ms]
   [Code Root Migration: 0.1 ms]
   [Clear CT: 0.4 ms]
   [Other: 0.9 ms]
      [Choose CSet: 0.0 ms]
      [Ref Proc: 0.1 ms]
      [Ref Enq: 0.0 ms]
      [Free CSet: 0.7 ms]
   [Eden: 994.0M(994.0M)->0.0B(1007.0M) Survivors: 94.0M->85.0M Heap: 1610.9M(1938.0M)->608.4M(1938.0M)]
 [Times: user=0.39 sys=0.00, real=0.05 secs] 
326.617: Total time for which application threads were stopped: 0.0492340 seconds, Stopping threads took: 0.0000620 seconds
327.120: Application time: 0.5027990 seconds
327.120: [GC pause (young), 0.0418860 secs]
   [Parallel Time: 40.3 ms, GC Workers: 8]
      [GC Worker Start (ms): Min: 327120.2, Avg: 327120.3, Max: 327120.3, Diff: 0.1]
      [Ext Root Scanning (ms): Min: 0.6, Avg: 0.6, Max: 0.7, Diff: 0.1, Sum: 5.2]
      [Update RS (ms): Min: 0.0, Avg: 0.0, Max: 0.1, Diff: 0.1, Sum: 0.2]
         [Processed Buffers: Min: 0, Avg: 1.0, Max: 4, Diff: 4, Sum: 8]
      [Scan RS (ms): Min: 0.3, Avg: 0.4, Max: 0.5, Diff: 0.2, Sum: 3.3]
      [Code Root Scanning (ms): Min: 0.0, Avg: 0.0, Max: 0.0, Diff: 0.0, Sum: 0.1]
      [Object Copy (ms): Min: 39.0, Avg: 39.0, Max: 39.1, Diff: 0.2, Sum: 312.2]
      [Termination (ms): Min: 0.0, Avg: 0.0, Max: 0.0, Diff: 0.0, Sum: 0.0]
      [GC Worker Other (ms): Min: 0.0, Avg: 0.1, Max: 0.1, Diff: 0.1, Sum: 0.5]
      [GC Worker Total (ms): Min: 40.2, Avg: 40.2, Max: 40.2, Diff: 0.1, Sum: 321.6]
      [GC Worker End (ms): Min: 327160.4, Avg: 327160.5, Max: 327160.5, Diff: 0.1]
   [Code Root Fixup: 0.1 ms]
   [Code Root Migration: 0.1 ms]
   [Clear CT: 0.4 ms]
   [Other: 0.9 ms]
      [Choose CSet: 0.0 ms]
      [Ref Proc: 0.1 ms]
      [Ref Enq: 0.0 ms]
      [Free CSet: 0.7 ms]
   [Eden: 1007.0M(1007.0M)->0.0B(1026.0M) Survivors: 85.0M->72.0M Heap: 1615.4M(1938.0M)->595.4M(1938.0M)]
 [Times: user=0.33 sys=0.00, real=0.04 secs] 
327.162: Total time for which application threads were stopped: 0.0420590 seconds, Stopping threads took: 0.0000410 seconds
327.671: Application time: 0.5091480 seconds
327.671: [GC pause (young), 0.0329830 secs]
   [Parallel Time: 31.3 ms, GC Workers: 8]
      [GC Worker Start (ms): Min: 327671.5, Avg: 327671.5, Max: 327671.5, Diff: 0.1]
      [Ext Root Scanning (ms): Min: 0.6, Avg: 0.7, Max: 0.7, Diff: 0.2, Sum: 5.3]
      [Update RS (ms): Min: 0.0, Avg: 0.0, Max: 0.1, Diff: 0.1, Sum: 0.3]
         [Processed Buffers: Min: 0, Avg: 1.0, Max: 3, Diff: 3, Sum: 8]
      [Scan RS (ms): Min: 0.4, Avg: 0.5, Max: 0.5, Diff: 0.1, Sum: 3.6]
      [Code Root Scanning (ms): Min: 0.0, Avg: 0.0, Max: 0.0, Diff: 0.0, Sum: 0.1]
      [Object Copy (ms): Min: 30.0, Avg: 30.1, Max: 30.1, Diff: 0.1, Sum: 240.5]
      [Termination (ms): Min: 0.0, Avg: 0.0, Max: 0.0, Diff: 0.0, Sum: 0.0]
      [GC Worker Other (ms): Min: 0.0, Avg: 0.1, Max: 0.1, Diff: 0.0, Sum: 0.5]
      [GC Worker Total (ms): Min: 31.3, Avg: 31.3, Max: 31.3, Diff: 0.0, Sum: 250.2]
      [GC Worker End (ms): Min: 327702.8, Avg: 327702.8, Max: 327702.8, Diff: 0.0]
   [Code Root Fixup: 0.1 ms]
   [Code Root Migration: 0.1 ms]
   [Clear CT: 0.4 ms]
   [Other: 1.0 ms]
      [Choose CSet: 0.0 ms]
      [Ref Proc: 0.1 ms]
      [Ref Enq: 0.0 ms]
      [Free CSet: 0.8 ms]
   [Eden: 1026.0M(1026.0M)->0.0B(1046.0M) Survivors: 72.0M->61.0M Heap: 1621.4M(1938.0M)->583.9M(1938.0M)]
 [Times: user=0.26 sys=0.00, real=0.03 secs] 
327.705: Total time for which application threads were stopped: 0.0331900 seconds, Stopping threads took: 0.0000680 seconds
328.210: Application time: 0.5053690 seconds
328.210: [GC pause (young), 0.0410060 secs]
   [Parallel Time: 39.3 ms, GC Workers: 8]
      [GC Worker Start (ms): Min: 328210.0, Avg: 328210.0, Max: 328210.1, Diff: 0.1]
      [Ext Root Scanning (ms): Min: 0.6, Avg: 0.7, Max: 0.7, Diff: 0.1, Sum: 5.3]
      [Update RS (ms): Min: 0.0, Avg: 0.0, Max: 0.1, Diff: 0.1, Sum: 0.3]
         [Processed Buffers: Min: 0, Avg: 1.0, Max: 3, Diff: 3, Sum: 8]
      [Scan RS (ms): Min: 0.3, Avg: 0.4, Max: 0.5, Diff: 0.2, Sum: 3.4]
      [Code Root Scanning (ms): Min: 0.0, Avg: 0.0, Max: 0.0, Diff: 0.0, Sum: 0.1]
      [Object Copy (ms): Min: 38.0, Avg: 38.1, Max: 38.2, Diff: 0.2, Sum: 304.4]
      [Termination (ms): Min: 0.0, Avg: 0.0, Max: 0.0, Diff: 0.0, Sum: 0.0]
      [GC Worker Other (ms): Min: 0.0, Avg: 0.1, Max: 0.1, Diff: 0.0, Sum: 0.5]
      [GC Worker Total (ms): Min: 39.2, Avg: 39.3, Max: 39.3, Diff: 0.1, Sum: 314.1]
      [GC Worker End (ms): Min: 328249.3, Avg: 328249.3, Max: 328249.3, Diff: 0.0]
   [Code Root Fixup: 0.1 ms]
   [Code Root Migration: 0.1 ms]
   [Clear CT: 0.5 ms]
   [Other: 1.0 ms]
      [Choose CSet: 0.0 ms]
      [Ref Proc: 0.2 ms]
      [Ref Enq: 0.0 ms]
      [Free CSet: 0.7 ms]
   [Eden: 1046.0M(1046.0M)->0.0B(1029.0M) Survivors: 61.0M->78.0M Heap: 1629.9M(1938.0M)->601.4M(1938.0M)]
 [Times: user=0.32 sys=0.00, real=0.04 secs] 
328.251: Total time for which application threads were stopped: 0.0411810 seconds, Stopping threads took: 0.0000460 seconds
328.745: Application time: 0.4940970 seconds
328.745: [GC pause (young), 0.0496410 secs]
   [Parallel Time: 47.9 ms, GC Workers: 8]
      [GC Worker Start (ms): Min: 328745.3, Avg: 328745.3, Max: 328745.4, Diff: 0.1]
      [Ext Root Scanning (ms): Min: 0.6, Avg: 0.7, Max: 0.7, Diff: 0.1, Sum: 5.4]
      [Update RS (ms): Min: 0.0, Avg: 0.0, Max: 0.1, Diff: 0.1, Sum: 0.2]
         [Processed Buffers: Min: 0, Avg: 0.9, Max: 3, Diff: 3, Sum: 7]
      [Scan RS (ms): Min: 0.4, Avg: 0.4, Max: 0.5, Diff: 0.1, Sum: 3.4]
      [Code Root Scanning (ms): Min: 0.0, Avg: 0.0, Max: 0.0, Diff: 0.0, Sum: 0.0]
      [Object Copy (ms): Min: 46.6, Avg: 46.7, Max: 46.7, Diff: 0.0, Sum: 373.3]
      [Termination (ms): Min: 0.0, Avg: 0.0, Max: 0.0, Diff: 0.0, Sum: 0.0]
      [GC Worker Other (ms): Min: 0.0, Avg: 0.1, Max: 0.1, Diff: 0.1, Sum: 0.5]
      [GC Worker Total (ms): Min: 47.8, Avg: 47.9, Max: 47.9, Diff: 0.1, Sum: 382.9]
      [GC Worker End (ms): Min: 328793.1, Avg: 328793.2, Max: 328793.2, Diff: 0.1]
   [Code Root Fixup: 0.1 ms]
   [Code Root Migration: 0.1 ms]
   [Clear CT: 0.5 ms]
   [Other: 1.0 ms]
      [Choose CSet: 0.0 ms]
      [Ref Proc: 0.1 ms]
      [Ref Enq: 0.0 ms]
      [Free CSet: 0.8 ms]
   [Eden: 1029.0M(1029.0M)->0.0B(1008.0M) Survivors: 78.0M->95.0M Heap: 1630.4M(1938.0M)->617.9M(1938.0M)]
 [Times: user=0.39 sys=0.00, real=0.06 secs] 
328.795: Total time for which application threads were stopped: 0.0498150 seconds, Stopping threads took: 0.0000420 seconds
329.289: Application time: 0.4942680 seconds
329.289: [GC pause (young), 0.0535050 secs]
   [Parallel Time: 51.9 ms, GC Workers: 8]
      [GC Worker Start (ms): Min: 329289.4, Avg: 329289.4, Max: 329289.5, Diff: 0.1]
      [Ext Root Scanning (ms): Min: 0.7, Avg: 0.7, Max: 0.7, Diff: 0.0, Sum: 5.5]
      [Update RS (ms): Min: 0.0, Avg: 0.0, Max: 0.1, Diff: 0.1, Sum: 0.3]
         [Processed Buffers: Min: 0, Avg: 1.0, Max: 6, Diff: 6, Sum: 8]
      [Scan RS (ms): Min: 0.4, Avg: 0.4, Max: 0.5, Diff: 0.1, Sum: 3.6]
      [Code Root Scanning (ms): Min: 0.0, Avg: 0.0, Max: 0.0, Diff: 0.0, Sum: 0.1]
      [Object Copy (ms): Min: 50.5, Avg: 50.6, Max: 50.6, Diff: 0.1, Sum: 404.5]
      [Termination (ms): Min: 0.0, Avg: 0.0, Max: 0.0, Diff: 0.0, Sum: 0.0]
      [GC Worker Other (ms): Min: 0.0, Avg: 0.1, Max: 0.1, Diff: 0.1, Sum: 0.5]
      [GC Worker Total (ms): Min: 51.8, Avg: 51.8, Max: 51.8, Diff: 0.1, Sum: 414.4]
      [GC Worker End (ms): Min: 329341.2, Avg: 329341.2, Max: 329341.3, Diff: 0.1]
   [Code Root Fixup: 0.1 ms]
   [Code Root Migration: 0.1 ms]
   [Clear CT: 0.5 ms]
   [Other: 0.9 ms]
      [Choose CSet: 0.0 ms]
      [Ref Proc: 0.1 ms]
      [Ref Enq: 0.0 ms]
      [Free CSet: 0.7 ms]
   [Eden: 1008.0M(1008.0M)->0.0B(1000.0M) Survivors: 95.0M->99.0M Heap: 1625.9M(1938.0M)->622.4M(1938.0M)]
 [Times: user=0.41 sys=0.01, real=0.05 secs] 
329.343: Total time for which application threads were stopped: 0.0536990 seconds, Stopping threads took: 0.0000530 seconds
329.833: Application time: 0.4901040 seconds
329.833: [GC pause (young), 0.0530140 secs]
   [Parallel Time: 51.3 ms, GC Workers: 8]
      [GC Worker Start (ms): Min: 329833.2, Avg: 329833.2, Max: 329833.3, Diff: 0.1]
      [Ext Root Scanning (ms): Min: 0.6, Avg: 0.7, Max: 0.7, Diff: 0.1, Sum: 5.4]
      [Update RS (ms): Min: 0.0, Avg: 0.0, Max: 0.1, Diff: 0.1, Sum: 0.2]
         [Processed Buffers: Min: 0, Avg: 0.9, Max: 2, Diff: 2, Sum: 7]
      [Scan RS (ms): Min: 0.4, Avg: 0.4, Max: 0.5, Diff: 0.1, Sum: 3.4]
      [Code Root Scanning (ms): Min: 0.0, Avg: 0.0, Max: 0.0, Diff: 0.0, Sum: 0.1]
      [Object Copy (ms): Min: 50.1, Avg: 50.1, Max: 50.1, Diff: 0.0, Sum: 400.6]
      [Termination (ms): Min: 0.0, Avg: 0.0, Max: 0.0, Diff: 0.0, Sum: 0.0]
      [GC Worker Other (ms): Min: 0.0, Avg: 0.1, Max: 0.1, Diff: 0.1, Sum: 0.5]
      [GC Worker Total (ms): Min: 51.2, Avg: 51.3, Max: 51.3, Diff: 0.1, Sum: 410.1]
      [GC Worker End (ms): Min: 329884.4, Avg: 329884.5, Max: 329884.5, Diff: 0.1]
   [Code Root Fixup: 0.1 ms]
   [Code Root Migration: 0.1 ms]
   [Clear CT: 0.4 ms]
   [Other: 1.0 ms]
      [Choose CSet: 0.0 ms]
      [Ref Proc: 0.2 ms]
      [Ref Enq: 0.0 ms]
      [Free CSet: 0.7 ms]
   [Eden: 1000.0M(1000.0M)->0.0B(1001.0M) Survivors: 99.0M->96.0M Heap: 1622.4M(1938.0M)->619.4M(1938.0M)]
 [Times: user=0.41 sys=0.00, real=0.06 secs] 
329.886: Total time for which application threads were stopped: 0.0531870 seconds, Stopping threads took: 0.0000410 seconds
330.377: Application time: 0.4911450 seconds
330.378: [GC pause (young), 0.0534050 secs]
   [Parallel Time: 51.8 ms, GC Workers: 8]
      [GC Worker Start (ms): Min: 330377.5, Avg: 330377.6, Max: 330377.6, Diff: 0.1]
      [Ext Root Scanning (ms): Min: 0.6, Avg: 0.7, Max: 0.7, Diff: 0.1, Sum: 5.3]
      [Update RS (ms): Min: 0.0, Avg: 0.0, Max: 0.1, Diff: 0.1, Sum: 0.2]
         [Processed Buffers: Min: 0, Avg: 0.9, Max: 3, Diff: 3, Sum: 7]
      [Scan RS (ms): Min: 0.4, Avg: 0.4, Max: 0.5, Diff: 0.1, Sum: 3.4]
      [Code Root Scanning (ms): Min: 0.0, Avg: 0.0, Max: 0.0, Diff: 0.0, Sum: 0.1]
      [Object Copy (ms): Min: 50.5, Avg: 50.5, Max: 50.5, Diff: 0.0, Sum: 404.1]
      [Termination (ms): Min: 0.0, Avg: 0.0, Max: 0.0, Diff: 0.0, Sum: 0.1]
      [GC Worker Other (ms): Min: 0.0, Avg: 0.0, Max: 0.1, Diff: 0.1, Sum: 0.4]
      [GC Worker Total (ms): Min: 51.6, Avg: 51.7, Max: 51.7, Diff: 0.1, Sum: 413.6]
      [GC Worker End (ms): Min: 330429.2, Avg: 330429.3, Max: 330429.3, Diff: 0.1]
   [Code Root Fixup: 0.1 ms]
   [Code Root Migration: 0.1 ms]
   [Clear CT: 0.4 ms]
   [Other: 0.9 ms]
      [Choose CSet: 0.0 ms]
      [Ref Proc: 0.1 ms]
      [Ref Enq: 0.0 ms]
      [Free CSet: 0.7 ms]
   [Eden: 1001.0M(1001.0M)->0.0B(999.0M) Survivors: 96.0M->97.0M Heap: 1620.4M(1938.0M)->620.4M(1938.0M)]
 [Times: user=0.41 sys=0.01, real=0.05 secs] 
330.431: Total time for which application threads were stopped: 0.0535880 seconds, Stopping threads took: 0.0000480 seconds
330.924: Application time: 0.4927370 seconds
330.924: [GC pause (young), 0.0545170 secs]
   [Parallel Time: 52.9 ms, GC Workers: 8]
      [GC Worker Start (ms): Min: 330924.0, Avg: 330925.9, Max: 330937.6, Diff: 13.5]
      [Ext Root Scanning (ms): Min: 0.0, Avg: 0.6, Max: 0.9, Diff: 0.9, Sum: 4.6]
      [Update RS (ms): Min: 0.0, Avg: 0.0, Max: 0.1, Diff: 0.1, Sum: 0.2]
         [Processed Buffers: Min: 0, Avg: 0.9, Max: 5, Diff: 5, Sum: 7]
      [Scan RS (ms): Min: 0.0, Avg: 0.4, Max: 0.5, Diff: 0.5, Sum: 2.8]
      [Code Root Scanning (ms): Min: 0.0, Avg: 0.0, Max: 0.0, Diff: 0.0, Sum: 0.1]
      [Object Copy (ms): Min: 38.9, Avg: 49.9, Max: 51.5, Diff: 12.6, Sum: 399.0]
      [Termination (ms): Min: 0.0, Avg: 0.0, Max: 0.0, Diff: 0.0, Sum: 0.0]
      [GC Worker Other (ms): Min: 0.0, Avg: 0.1, Max: 0.1, Diff: 0.0, Sum: 0.5]
      [GC Worker Total (ms): Min: 39.2, Avg: 50.9, Max: 52.8, Diff: 13.6, Sum: 407.1]
      [GC Worker End (ms): Min: 330976.8, Avg: 330976.8, Max: 330976.9, Diff: 0.0]
   [Code Root Fixup: 0.1 ms]
   [Code Root Migration: 0.1 ms]
   [Clear CT: 0.5 ms]
   [Other: 0.9 ms]
      [Choose CSet: 0.0 ms]
      [Ref Proc: 0.1 ms]
      [Ref Enq: 0.0 ms]
      [Free CSet: 0.7 ms]
   [Eden: 999.0M(999.0M)->0.0B(999.0M) Survivors: 97.0M->96.0M Heap: 1619.4M(1938.0M)->619.4M(1938.0M)]
 [Times: user=0.42 sys=0.00, real=0.06 secs] 
330.979: Total time for which application threads were stopped: 0.0548600 seconds, Stopping threads took: 0.0002150 seconds
331.471: Application time: 0.4926870 seconds
331.471: [GC pause (young), 0.0499450 secs]
   [Parallel Time: 48.3 ms, GC Workers: 8]
      [GC Worker Start (ms): Min: 331471.4, Avg: 331471.4, Max: 331471.5, Diff: 0.1]
      [Ext Root Scanning (ms): Min: 0.6, Avg: 0.7, Max: 0.8, Diff: 0.1, Sum: 5.3]
      [Update RS (ms): Min: 0.0, Avg: 0.0, Max: 0.1, Diff: 0.1, Sum: 0.2]
         [Processed Buffers: Min: 0, Avg: 0.9, Max: 4, Diff: 4, Sum: 7]
      [Scan RS (ms): Min: 0.3, Avg: 0.4, Max: 0.5, Diff: 0.1, Sum: 3.4]
      [Code Root Scanning (ms): Min: 0.0, Avg: 0.0, Max: 0.0, Diff: 0.0, Sum: 0.1]
      [Object Copy (ms): Min: 47.0, Avg: 47.0, Max: 47.1, Diff: 0.1, Sum: 376.4]
      [Termination (ms): Min: 0.0, Avg: 0.0, Max: 0.0, Diff: 0.0, Sum: 0.0]
      [GC Worker Other (ms): Min: 0.0, Avg: 0.1, Max: 0.1, Diff: 0.1, Sum: 0.5]
      [GC Worker Total (ms): Min: 48.2, Avg: 48.2, Max: 48.3, Diff: 0.1, Sum: 385.9]
      [GC Worker End (ms): Min: 331519.7, Avg: 331519.7, Max: 331519.7, Diff: 0.1]
   [Code Root Fixup: 0.1 ms]
   [Code Root Migration: 0.1 ms]
   [Clear CT: 0.4 ms]
   [Other: 0.9 ms]
      [Choose CSet: 0.0 ms]
      [Ref Proc: 0.1 ms]
      [Ref Enq: 0.0 ms]
      [Free CSet: 0.7 ms]
   [Eden: 999.0M(999.0M)->0.0B(1007.0M) Survivors: 96.0M->90.0M Heap: 1618.4M(1938.0M)->613.4M(1938.0M)]
 [Times: user=0.39 sys=0.00, real=0.05 secs] 
331.521: Total time for which application threads were stopped: 0.0501130 seconds, Stopping threads took: 0.0000420 seconds
332.018: Application time: 0.4966770 seconds
332.018: [GC pause (young), 0.0498470 secs]
   [Parallel Time: 48.3 ms, GC Workers: 8]
      [GC Worker Start (ms): Min: 332018.2, Avg: 332018.2, Max: 332018.3, Diff: 0.1]
      [Ext Root Scanning (ms): Min: 0.6, Avg: 0.7, Max: 0.7, Diff: 0.1, Sum: 5.2]
      [Update RS (ms): Min: 0.0, Avg: 0.0, Max: 0.1, Diff: 0.1, Sum: 0.2]
         [Processed Buffers: Min: 0, Avg: 1.0, Max: 3, Diff: 3, Sum: 8]
      [Scan RS (ms): Min: 0.4, Avg: 0.4, Max: 0.5, Diff: 0.1, Sum: 3.4]
      [Code Root Scanning (ms): Min: 0.0, Avg: 0.0, Max: 0.0, Diff: 0.0, Sum: 0.0]
      [Object Copy (ms): Min: 47.0, Avg: 47.0, Max: 47.1, Diff: 0.1, Sum: 376.3]
      [Termination (ms): Min: 0.0, Avg: 0.0, Max: 0.0, Diff: 0.0, Sum: 0.0]
      [GC Worker Other (ms): Min: 0.0, Avg: 0.1, Max: 0.1, Diff: 0.0, Sum: 0.5]
      [GC Worker Total (ms): Min: 48.2, Avg: 48.2, Max: 48.3, Diff: 0.1, Sum: 385.8]
      [GC Worker End (ms): Min: 332066.4, Avg: 332066.5, Max: 332066.5, Diff: 0.0]
   [Code Root Fixup: 0.1 ms]
   [Code Root Migration: 0.1 ms]
   [Clear CT: 0.4 ms]
   [Other: 0.9 ms]
      [Choose CSet: 0.0 ms]
      [Ref Proc: 0.1 ms]
      [Ref Enq: 0.0 ms]
      [Free CSet: 0.7 ms]
   [Eden: 1007.0M(1007.0M)->0.0B(1009.0M) Survivors: 90.0M->90.0M Heap: 1620.4M(1938.0M)->612.9M(1938.0M)]
 [Times: user=0.39 sys=0.00, real=0.05 secs] 
332.068: Total time for which application threads were stopped: 0.0500450 seconds, Stopping threads took: 0.0000610 seconds
332.577: Application time: 0.5085840 seconds
332.577: [GC pause (young), 0.0444220 secs]
   [Parallel Time: 42.7 ms, GC Workers: 8]
      [GC Worker Start (ms): Min: 332576.9, Avg: 332576.9, Max: 332576.9, Diff: 0.1]
      [Ext Root Scanning (ms): Min: 0.6, Avg: 0.7, Max: 0.7, Diff: 0.1, Sum: 5.4]
      [Update RS (ms): Min: 0.0, Avg: 0.0, Max: 0.1, Diff: 0.1, Sum: 0.3]
         [Processed Buffers: Min: 0, Avg: 1.0, Max: 3, Diff: 3, Sum: 8]
      [Scan RS (ms): Min: 0.4, Avg: 0.4, Max: 0.5, Diff: 0.1, Sum: 3.5]
      [Code Root Scanning (ms): Min: 0.0, Avg: 0.0, Max: 0.0, Diff: 0.0, Sum: 0.1]
      [Object Copy (ms): Min: 41.4, Avg: 41.4, Max: 41.5, Diff: 0.1, Sum: 331.5]
      [Termination (ms): Min: 0.0, Avg: 0.0, Max: 0.0, Diff: 0.0, Sum: 0.0]
      [GC Worker Other (ms): Min: 0.0, Avg: 0.1, Max: 0.1, Diff: 0.0, Sum: 0.4]
      [GC Worker Total (ms): Min: 42.6, Avg: 42.6, Max: 42.7, Diff: 0.1, Sum: 341.1]
      [GC Worker End (ms): Min: 332619.5, Avg: 332619.5, Max: 332619.5, Diff: 0.0]
   [Code Root Fixup: 0.1 ms]
   [Code Root Migration: 0.1 ms]
   [Clear CT: 0.5 ms]
   [Other: 1.0 ms]
      [Choose CSet: 0.0 ms]
      [Ref Proc: 0.1 ms]
      [Ref Enq: 0.0 ms]
      [Free CSet: 0.7 ms]
   [Eden: 1009.0M(1009.0M)->0.0B(1026.0M) Survivors: 90.0M->78.0M Heap: 1621.9M(1938.0M)->600.9M(1938.0M)]
 [Times: user=0.34 sys=0.00, real=0.04 secs] 
332.621: Total time for which application threads were stopped: 0.0446110 seconds, Stopping threads took: 0.0000580 seconds
333.126: Application time: 0.5042620 seconds
333.126: [GC pause (young), 0.0371710 secs]
   [Parallel Time: 35.6 ms, GC Workers: 8]
      [GC Worker Start (ms): Min: 333125.7, Avg: 333125.7, Max: 333125.8, Diff: 0.1]
      [Ext Root Scanning (ms): Min: 0.6, Avg: 0.7, Max: 0.8, Diff: 0.1, Sum: 5.4]
      [Update RS (ms): Min: 0.0, Avg: 0.0, Max: 0.1, Diff: 0.1, Sum: 0.2]
         [Processed Buffers: Min: 0, Avg: 0.9, Max: 3, Diff: 3, Sum: 7]
      [Scan RS (ms): Min: 0.4, Avg: 0.4, Max: 0.5, Diff: 0.1, Sum: 3.5]
      [Code Root Scanning (ms): Min: 0.0, Avg: 0.0, Max: 0.0, Diff: 0.0, Sum: 0.1]
      [Object Copy (ms): Min: 34.3, Avg: 34.3, Max: 34.4, Diff: 0.0, Sum: 274.8]
      [Termination (ms): Min: 0.0, Avg: 0.0, Max: 0.0, Diff: 0.0, Sum: 0.0]
      [GC Worker Other (ms): Min: 0.0, Avg: 0.1, Max: 0.1, Diff: 0.0, Sum: 0.5]
      [GC Worker Total (ms): Min: 35.5, Avg: 35.6, Max: 35.6, Diff: 0.1, Sum: 284.4]
      [GC Worker End (ms): Min: 333161.3, Avg: 333161.3, Max: 333161.3, Diff: 0.0]
   [Code Root Fixup: 0.1 ms]
   [Code Root Migration: 0.1 ms]
   [Clear CT: 0.4 ms]
   [Other: 0.9 ms]
      [Choose CSet: 0.0 ms]
      [Ref Proc: 0.1 ms]
      [Ref Enq: 0.0 ms]
      [Free CSet: 0.7 ms]
   [Eden: 1026.0M(1026.0M)->0.0B(1041.0M) Survivors: 78.0M->69.0M Heap: 1626.9M(1938.0M)->591.9M(1938.0M)]
 [Times: user=0.28 sys=0.01, real=0.03 secs] 
333.163: Total time for which application threads were stopped: 0.0373320 seconds, Stopping threads took: 0.0000340 seconds
333.665: Application time: 0.5018860 seconds
333.665: [GC pause (young), 0.0425470 secs]
   [Parallel Time: 40.9 ms, GC Workers: 8]
      [GC Worker Start (ms): Min: 333664.9, Avg: 333665.0, Max: 333665.0, Diff: 0.1]
      [Ext Root Scanning (ms): Min: 0.7, Avg: 0.7, Max: 0.8, Diff: 0.1, Sum: 5.8]
      [Update RS (ms): Min: 0.0, Avg: 0.0, Max: 0.1, Diff: 0.1, Sum: 0.2]
         [Processed Buffers: Min: 0, Avg: 0.9, Max: 3, Diff: 3, Sum: 7]
      [Scan RS (ms): Min: 0.4, Avg: 0.4, Max: 0.5, Diff: 0.1, Sum: 3.6]
      [Code Root Scanning (ms): Min: 0.0, Avg: 0.0, Max: 0.0, Diff: 0.0, Sum: 0.0]
      [Object Copy (ms): Min: 39.5, Avg: 39.5, Max: 39.6, Diff: 0.1, Sum: 316.2]
      [Termination (ms): Min: 0.0, Avg: 0.0, Max: 0.0, Diff: 0.0, Sum: 0.0]
      [GC Worker Other (ms): Min: 0.0, Avg: 0.1, Max: 0.1, Diff: 0.1, Sum: 0.5]
      [GC Worker Total (ms): Min: 40.7, Avg: 40.8, Max: 40.8, Diff: 0.1, Sum: 326.3]
      [GC Worker End (ms): Min: 333705.7, Avg: 333705.8, Max: 333705.8, Diff: 0.1]
   [Code Root Fixup: 0.2 ms]
   [Code Root Migration: 0.1 ms]
   [Clear CT: 0.5 ms]
   [Other: 0.9 ms]
      [Choose CSet: 0.0 ms]
      [Ref Proc: 0.1 ms]
      [Ref Enq: 0.0 ms]
      [Free CSet: 0.7 ms]
   [Eden: 1041.0M(1041.0M)->0.0B(1030.0M) Survivors: 69.0M->80.0M Heap: 1632.9M(1938.0M)->602.9M(1938.0M)]
 [Times: user=0.33 sys=0.00, real=0.05 secs] 
333.708: Total time for which application threads were stopped: 0.0427370 seconds, Stopping threads took: 0.0000490 seconds
334.216: Application time: 0.5083670 seconds
334.216: [GC pause (young), 0.0479080 secs]
   [Parallel Time: 46.3 ms, GC Workers: 8]
      [GC Worker Start (ms): Min: 334216.1, Avg: 334216.1, Max: 334216.1, Diff: 0.1]
      [Ext Root Scanning (ms): Min: 0.7, Avg: 0.7, Max: 0.7, Diff: 0.1, Sum: 5.6]
      [Update RS (ms): Min: 0.0, Avg: 0.0, Max: 0.1, Diff: 0.1, Sum: 0.2]
         [Processed Buffers: Min: 0, Avg: 1.1, Max: 2, Diff: 2, Sum: 9]
      [Scan RS (ms): Min: 0.4, Avg: 0.4, Max: 0.5, Diff: 0.0, Sum: 3.5]
      [Code Root Scanning (ms): Min: 0.0, Avg: 0.0, Max: 0.0, Diff: 0.0, Sum: 0.1]
      [Object Copy (ms): Min: 45.0, Avg: 45.0, Max: 45.0, Diff: 0.1, Sum: 359.8]
      [Termination (ms): Min: 0.0, Avg: 0.0, Max: 0.0, Diff: 0.0, Sum: 0.0]
      [GC Worker Other (ms): Min: 0.0, Avg: 0.1, Max: 0.1, Diff: 0.0, Sum: 0.4]
      [GC Worker Total (ms): Min: 46.2, Avg: 46.2, Max: 46.2, Diff: 0.1, Sum: 369.6]
      [GC Worker End (ms): Min: 334262.3, Avg: 334262.3, Max: 334262.3, Diff: 0.1]
   [Code Root Fixup: 0.1 ms]
   [Code Root Migration: 0.1 ms]
   [Clear CT: 0.5 ms]
   [Other: 0.9 ms]
      [Choose CSet: 0.0 ms]
      [Ref Proc: 0.1 ms]
      [Ref Enq: 0.0 ms]
      [Free CSet: 0.7 ms]
   [Eden: 1030.0M(1030.0M)->0.0B(1014.0M) Survivors: 80.0M->92.0M Heap: 1632.9M(1938.0M)->614.9M(1938.0M)]
 [Times: user=0.37 sys=0.00, real=0.04 secs] 
334.264: Total time for which application threads were stopped: 0.0480950 seconds, Stopping threads took: 0.0000590 seconds
334.750: Application time: 0.4860510 seconds
334.750: [GC pause (young), 0.0544310 secs]
   [Parallel Time: 52.8 ms, GC Workers: 8]
      [GC Worker Start (ms): Min: 334750.2, Avg: 334750.2, Max: 334750.3, Diff: 0.1]
      [Ext Root Scanning (ms): Min: 0.7, Avg: 0.7, Max: 0.8, Diff: 0.1, Sum: 5.6]
      [Update RS (ms): Min: 0.0, Avg: 0.0, Max: 0.1, Diff: 0.1, Sum: 0.2]
         [Processed Buffers: Min: 0, Avg: 1.0, Max: 3, Diff: 3, Sum: 8]
      [Scan RS (ms): Min: 0.4, Avg: 0.4, Max: 0.5, Diff: 0.1, Sum: 3.5]
      [Code Root Scanning (ms): Min: 0.0, Avg: 0.0, Max: 0.0, Diff: 0.0, Sum: 0.1]
      [Object Copy (ms): Min: 51.5, Avg: 51.5, Max: 51.5, Diff: 0.1, Sum: 411.9]
      [Termination (ms): Min: 0.0, Avg: 0.0, Max: 0.0, Diff: 0.0, Sum: 0.0]
      [GC Worker Other (ms): Min: 0.0, Avg: 0.1, Max: 0.1, Diff: 0.0, Sum: 0.4]
      [GC Worker Total (ms): Min: 52.7, Avg: 52.7, Max: 52.7, Diff: 0.1, Sum: 421.6]
      [GC Worker End (ms): Min: 334802.9, Avg: 334802.9, Max: 334803.0, Diff: 0.0]
   [Code Root Fixup: 0.1 ms]
   [Code Root Migration: 0.1 ms]
   [Clear CT: 0.5 ms]
   [Other: 0.9 ms]
      [Choose CSet: 0.0 ms]
      [Ref Proc: 0.1 ms]
      [Ref Enq: 0.0 ms]
      [Free CSet: 0.7 ms]
   [Eden: 1014.0M(1014.0M)->0.0B(998.0M) Survivors: 92.0M->103.0M Heap: 1628.9M(1938.0M)->625.9M(1938.0M)]
 [Times: user=0.42 sys=0.00, real=0.05 secs] 
334.805: Total time for which application threads were stopped: 0.0546140 seconds, Stopping threads took: 0.0000510 seconds
335.289: Application time: 0.4839970 seconds
335.289: [GC pause (young), 0.0614180 secs]
   [Parallel Time: 59.8 ms, GC Workers: 8]
      [GC Worker Start (ms): Min: 335288.8, Avg: 335288.8, Max: 335288.9, Diff: 0.1]
      [Ext Root Scanning (ms): Min: 0.6, Avg: 0.6, Max: 0.7, Diff: 0.1, Sum: 5.2]
      [Update RS (ms): Min: 0.0, Avg: 0.0, Max: 0.1, Diff: 0.1, Sum: 0.2]
         [Processed Buffers: Min: 0, Avg: 1.1, Max: 3, Diff: 3, Sum: 9]
      [Scan RS (ms): Min: 0.4, Avg: 0.4, Max: 0.4, Diff: 0.1, Sum: 3.4]
      [Code Root Scanning (ms): Min: 0.0, Avg: 0.0, Max: 0.0, Diff: 0.0, Sum: 0.1]
      [Object Copy (ms): Min: 58.6, Avg: 58.6, Max: 58.6, Diff: 0.0, Sum: 468.7]
      [Termination (ms): Min: 0.0, Avg: 0.0, Max: 0.0, Diff: 0.0, Sum: 0.0]
      [GC Worker Other (ms): Min: 0.0, Avg: 0.1, Max: 0.1, Diff: 0.0, Sum: 0.5]
      [GC Worker Total (ms): Min: 59.7, Avg: 59.8, Max: 59.8, Diff: 0.1, Sum: 478.1]
      [GC Worker End (ms): Min: 335348.6, Avg: 335348.6, Max: 335348.6, Diff: 0.0]
   [Code Root Fixup: 0.1 ms]
   [Code Root Migration: 0.1 ms]
   [Clear CT: 0.4 ms]
   [Other: 0.9 ms]
      [Choose CSet: 0.0 ms]
      [Ref Proc: 0.1 ms]
      [Ref Enq: 0.0 ms]
      [Free CSet: 0.7 ms]
   [Eden: 998.0M(998.0M)->0.0B(980.0M) Survivors: 103.0M->113.0M Heap: 1623.9M(1938.0M)->636.0M(1938.0M)]
 [Times: user=0.48 sys=0.00, real=0.06 secs] 
335.350: Total time for which application threads were stopped: 0.0616000 seconds, Stopping threads took: 0.0000440 seconds
335.837: Application time: 0.4866480 seconds
335.837: [GC pause (young), 0.0594420 secs]
   [Parallel Time: 57.7 ms, GC Workers: 8]
      [GC Worker Start (ms): Min: 335837.1, Avg: 335837.1, Max: 335837.1, Diff: 0.1]
      [Ext Root Scanning (ms): Min: 0.6, Avg: 0.7, Max: 0.7, Diff: 0.1, Sum: 5.3]
      [Update RS (ms): Min: 0.0, Avg: 0.0, Max: 0.1, Diff: 0.1, Sum: 0.2]
         [Processed Buffers: Min: 0, Avg: 0.9, Max: 4, Diff: 4, Sum: 7]
      [Scan RS (ms): Min: 0.4, Avg: 0.4, Max: 0.5, Diff: 0.1, Sum: 3.5]
      [Code Root Scanning (ms): Min: 0.0, Avg: 0.0, Max: 0.0, Diff: 0.0, Sum: 0.1]
      [Object Copy (ms): Min: 56.4, Avg: 56.4, Max: 56.5, Diff: 0.1, Sum: 451.5]
      [Termination (ms): Min: 0.0, Avg: 0.0, Max: 0.0, Diff: 0.0, Sum: 0.1]
      [GC Worker Other (ms): Min: 0.0, Avg: 0.1, Max: 0.1, Diff: 0.1, Sum: 0.4]
      [GC Worker Total (ms): Min: 57.6, Avg: 57.6, Max: 57.7, Diff: 0.1, Sum: 461.1]
      [GC Worker End (ms): Min: 335894.7, Avg: 335894.7, Max: 335894.8, Diff: 0.1]
   [Code Root Fixup: 0.1 ms]
   [Code Root Migration: 0.1 ms]
   [Clear CT: 0.4 ms]
   [Other: 1.0 ms]
      [Choose CSet: 0.0 ms]
      [Ref Proc: 0.1 ms]
      [Ref Enq: 0.0 ms]
      [Free CSet: 0.8 ms]
   [Eden: 980.0M(980.0M)->0.0B(985.0M) Survivors: 113.0M->105.0M Heap: 1616.0M(1938.0M)->628.0M(1938.0M)]
 [Times: user=0.47 sys=0.00, real=0.06 secs] 
335.897: Total time for which application threads were stopped: 0.0596080 seconds, Stopping threads took: 0.0000370 seconds
336.392: Application time: 0.4958920 seconds
336.393: [GC pause (young), 0.0548190 secs]
   [Parallel Time: 53.3 ms, GC Workers: 8]
      [GC Worker Start (ms): Min: 336392.6, Avg: 336392.6, Max: 336392.6, Diff: 0.1]
      [Ext Root Scanning (ms): Min: 0.6, Avg: 0.6, Max: 0.7, Diff: 0.1, Sum: 5.1]
      [Update RS (ms): Min: 0.0, Avg: 0.0, Max: 0.1, Diff: 0.1, Sum: 0.2]
         [Processed Buffers: Min: 0, Avg: 0.9, Max: 3, Diff: 3, Sum: 7]
      [Scan RS (ms): Min: 0.3, Avg: 0.4, Max: 0.5, Diff: 0.1, Sum: 3.5]
      [Code Root Scanning (ms): Min: 0.0, Avg: 0.0, Max: 0.0, Diff: 0.0, Sum: 0.1]
      [Object Copy (ms): Min: 52.0, Avg: 52.0, Max: 52.1, Diff: 0.1, Sum: 416.0]
      [Termination (ms): Min: 0.0, Avg: 0.0, Max: 0.0, Diff: 0.0, Sum: 0.0]
      [GC Worker Other (ms): Min: 0.0, Avg: 0.1, Max: 0.1, Diff: 0.1, Sum: 0.5]
      [GC Worker Total (ms): Min: 53.1, Avg: 53.2, Max: 53.2, Diff: 0.1, Sum: 425.3]
      [GC Worker End (ms): Min: 336445.7, Avg: 336445.8, Max: 336445.8, Diff: 0.1]
   [Code Root Fixup: 0.1 ms]
   [Code Root Migration: 0.1 ms]
   [Clear CT: 0.4 ms]
   [Other: 0.9 ms]
      [Choose CSet: 0.0 ms]
      [Ref Proc: 0.1 ms]
      [Ref Enq: 0.0 ms]
      [Free CSet: 0.7 ms]
   [Eden: 985.0M(985.0M)->0.0B(993.0M) Survivors: 105.0M->97.0M Heap: 1613.0M(1938.0M)->620.0M(1938.0M)]
 [Times: user=0.43 sys=0.00, real=0.06 secs] 
336.447: Total time for which application threads were stopped: 0.0549920 seconds, Stopping threads took: 0.0000330 seconds
336.939: Application time: 0.4915540 seconds
336.939: [GC pause (young), 0.0485870 secs]
   [Parallel Time: 47.0 ms, GC Workers: 8]
      [GC Worker Start (ms): Min: 336939.1, Avg: 336939.2, Max: 336939.2, Diff: 0.1]
      [Ext Root Scanning (ms): Min: 0.6, Avg: 0.7, Max: 0.7, Diff: 0.1, Sum: 5.4]
      [Update RS (ms): Min: 0.0, Avg: 0.0, Max: 0.1, Diff: 0.1, Sum: 0.2]
         [Processed Buffers: Min: 0, Avg: 0.9, Max: 3, Diff: 3, Sum: 7]
      [Scan RS (ms): Min: 0.4, Avg: 0.4, Max: 0.5, Diff: 0.1, Sum: 3.4]
      [Code Root Scanning (ms): Min: 0.0, Avg: 0.0, Max: 0.0, Diff: 0.0, Sum: 0.1]
      [Object Copy (ms): Min: 45.7, Avg: 45.7, Max: 45.8, Diff: 0.0, Sum: 365.9]
      [Termination (ms): Min: 0.0, Avg: 0.0, Max: 0.0, Diff: 0.0, Sum: 0.0]
      [GC Worker Other (ms): Min: 0.0, Avg: 0.0, Max: 0.1, Diff: 0.0, Sum: 0.4]
      [GC Worker Total (ms): Min: 46.9, Avg: 46.9, Max: 47.0, Diff: 0.1, Sum: 375.3]
      [GC Worker End (ms): Min: 336986.1, Avg: 336986.1, Max: 336986.1, Diff: 0.0]
   [Code Root Fixup: 0.1 ms]
   [Code Root Migration: 0.1 ms]
   [Clear CT: 0.4 ms]
   [Other: 0.9 ms]
      [Choose CSet: 0.0 ms]
      [Ref Proc: 0.1 ms]
      [Ref Enq: 0.0 ms]
      [Free CSet: 0.7 ms]
   [Eden: 993.0M(993.0M)->0.0B(1005.0M) Survivors: 97.0M->88.0M Heap: 1613.0M(1938.0M)->611.5M(1938.0M)]
 [Times: user=0.38 sys=0.00, real=0.05 secs] 
336.988: Total time for which application threads were stopped: 0.0487880 seconds, Stopping threads took: 0.0000650 seconds
337.484: Application time: 0.4961690 seconds
337.484: [GC pause (young), 0.0454400 secs]
   [Parallel Time: 43.9 ms, GC Workers: 8]
      [GC Worker Start (ms): Min: 337484.1, Avg: 337484.1, Max: 337484.1, Diff: 0.0]
      [Ext Root Scanning (ms): Min: 0.6, Avg: 0.6, Max: 0.7, Diff: 0.1, Sum: 5.1]
      [Update RS (ms): Min: 0.0, Avg: 0.0, Max: 0.1, Diff: 0.1, Sum: 0.2]
         [Processed Buffers: Min: 0, Avg: 1.1, Max: 5, Diff: 5, Sum: 9]
      [Scan RS (ms): Min: 0.4, Avg: 0.4, Max: 0.4, Diff: 0.1, Sum: 3.3]
      [Code Root Scanning (ms): Min: 0.0, Avg: 0.0, Max: 0.0, Diff: 0.0, Sum: 0.1]
      [Object Copy (ms): Min: 42.6, Avg: 42.7, Max: 42.7, Diff: 0.0, Sum: 341.3]
      [Termination (ms): Min: 0.0, Avg: 0.0, Max: 0.0, Diff: 0.0, Sum: 0.0]
      [GC Worker Other (ms): Min: 0.0, Avg: 0.1, Max: 0.1, Diff: 0.0, Sum: 0.4]
      [GC Worker Total (ms): Min: 43.8, Avg: 43.8, Max: 43.8, Diff: 0.1, Sum: 350.4]
      [GC Worker End (ms): Min: 337527.9, Avg: 337527.9, Max: 337527.9, Diff: 0.0]
   [Code Root Fixup: 0.1 ms]
   [Code Root Migration: 0.1 ms]
   [Clear CT: 0.4 ms]
   [Other: 0.9 ms]
      [Choose CSet: 0.0 ms]
      [Ref Proc: 0.1 ms]
      [Ref Enq: 0.0 ms]
      [Free CSet: 0.7 ms]
   [Eden: 1005.0M(1005.0M)->0.0B(1016.0M) Survivors: 88.0M->82.0M Heap: 1616.5M(1938.0M)->605.0M(1938.0M)]
 [Times: user=0.35 sys=0.00, real=0.05 secs] 
337.530: Total time for which application threads were stopped: 0.0456390 seconds, Stopping threads took: 0.0000610 seconds
338.027: Application time: 0.4974640 seconds
338.027: [GC pause (young), 0.0395460 secs]
   [Parallel Time: 38.0 ms, GC Workers: 8]
      [GC Worker Start (ms): Min: 338027.2, Avg: 338027.2, Max: 338027.2, Diff: 0.1]
      [Ext Root Scanning (ms): Min: 0.6, Avg: 0.7, Max: 0.7, Diff: 0.1, Sum: 5.4]
      [Update RS (ms): Min: 0.0, Avg: 0.0, Max: 0.1, Diff: 0.1, Sum: 0.2]
         [Processed Buffers: Min: 0, Avg: 1.0, Max: 2, Diff: 2, Sum: 8]
      [Scan RS (ms): Min: 0.4, Avg: 0.4, Max: 0.5, Diff: 0.1, Sum: 3.5]
      [Code Root Scanning (ms): Min: 0.0, Avg: 0.0, Max: 0.0, Diff: 0.0, Sum: 0.1]
      [Object Copy (ms): Min: 36.7, Avg: 36.7, Max: 36.8, Diff: 0.1, Sum: 293.7]
      [Termination (ms): Min: 0.0, Avg: 0.0, Max: 0.0, Diff: 0.0, Sum: 0.0]
      [GC Worker Other (ms): Min: 0.0, Avg: 0.1, Max: 0.1, Diff: 0.0, Sum: 0.5]
      [GC Worker Total (ms): Min: 37.9, Avg: 37.9, Max: 37.9, Diff: 0.1, Sum: 303.3]
      [GC Worker End (ms): Min: 338065.1, Avg: 338065.1, Max: 338065.1, Diff: 0.0]
   [Code Root Fixup: 0.1 ms]
   [Code Root Migration: 0.1 ms]
   [Clear CT: 0.5 ms]
   [Other: 0.9 ms]
      [Choose CSet: 0.0 ms]
      [Ref Proc: 0.1 ms]
      [Ref Enq: 0.0 ms]
      [Free CSet: 0.7 ms]
   [Eden: 1016.0M(1016.0M)->0.0B(1027.0M) Survivors: 82.0M->75.0M Heap: 1621.0M(1938.0M)->598.0M(1938.0M)]
 [Times: user=0.31 sys=0.00, real=0.04 secs] 
338.067: Total time for which application threads were stopped: 0.0397320 seconds, Stopping threads took: 0.0000520 seconds
338.555: Application time: 0.4885880 seconds
338.555: [GC pause (young), 0.0493610 secs]
   [Parallel Time: 47.6 ms, GC Workers: 8]
      [GC Worker Start (ms): Min: 338555.5, Avg: 338555.5, Max: 338555.6, Diff: 0.1]
      [Ext Root Scanning (ms): Min: 0.6, Avg: 0.7, Max: 0.7, Diff: 0.1, Sum: 5.4]
      [Update RS (ms): Min: 0.0, Avg: 0.0, Max: 0.1, Diff: 0.1, Sum: 0.2]
         [Processed Buffers: Min: 0, Avg: 0.9, Max: 3, Diff: 3, Sum: 7]
      [Scan RS (ms): Min: 0.3, Avg: 0.4, Max: 0.5, Diff: 0.2, Sum: 3.4]
      [Code Root Scanning (ms): Min: 0.0, Avg: 0.0, Max: 0.0, Diff: 0.0, Sum: 0.1]
      [Object Copy (ms): Min: 46.3, Avg: 46.4, Max: 46.5, Diff: 0.2, Sum: 370.9]
      [Termination (ms): Min: 0.0, Avg: 0.0, Max: 0.0, Diff: 0.0, Sum: 0.0]
      [GC Worker Other (ms): Min: 0.0, Avg: 0.1, Max: 0.1, Diff: 0.0, Sum: 0.4]
      [GC Worker Total (ms): Min: 47.5, Avg: 47.5, Max: 47.6, Diff: 0.1, Sum: 380.3]
      [GC Worker End (ms): Min: 338603.1, Avg: 338603.1, Max: 338603.1, Diff: 0.0]
   [Code Root Fixup: 0.2 ms]
   [Code Root Migration: 0.1 ms]
   [Clear CT: 0.5 ms]
   [Other: 1.0 ms]
      [Choose CSet: 0.0 ms]
      [Ref Proc: 0.1 ms]
      [Ref Enq: 0.0 ms]
      [Free CSet: 0.7 ms]
   [Eden: 1027.0M(1027.0M)->0.0B(1008.0M) Survivors: 75.0M->92.0M Heap: 1625.0M(1938.0M)->615.5M(1938.0M)]
 [Times: user=0.39 sys=0.00, real=0.04 secs] 
338.605: Total time for which application threads were stopped: 0.0495440 seconds, Stopping threads took: 0.0000520 seconds
339.098: Application time: 0.4929550 seconds
339.098: [GC pause (young), 0.0545230 secs]
   [Parallel Time: 52.9 ms, GC Workers: 8]
      [GC Worker Start (ms): Min: 339098.0, Avg: 339098.0, Max: 339098.1, Diff: 0.1]
      [Ext Root Scanning (ms): Min: 0.6, Avg: 0.7, Max: 0.7, Diff: 0.1, Sum: 5.2]
      [Update RS (ms): Min: 0.0, Avg: 0.0, Max: 0.1, Diff: 0.1, Sum: 0.2]
         [Processed Buffers: Min: 0, Avg: 0.9, Max: 4, Diff: 4, Sum: 7]
      [Scan RS (ms): Min: 0.4, Avg: 0.4, Max: 0.5, Diff: 0.1, Sum: 3.4]
      [Code Root Scanning (ms): Min: 0.0, Avg: 0.0, Max: 0.0, Diff: 0.0, Sum: 0.0]
      [Object Copy (ms): Min: 51.6, Avg: 51.7, Max: 51.7, Diff: 0.0, Sum: 413.3]
      [Termination (ms): Min: 0.0, Avg: 0.0, Max: 0.0, Diff: 0.0, Sum: 0.0]
      [GC Worker Other (ms): Min: 0.0, Avg: 0.1, Max: 0.1, Diff: 0.1, Sum: 0.4]
      [GC Worker Total (ms): Min: 52.8, Avg: 52.8, Max: 52.9, Diff: 0.1, Sum: 422.7]
      [GC Worker End (ms): Min: 339150.8, Avg: 339150.9, Max: 339150.9, Diff: 0.1]
   [Code Root Fixup: 0.1 ms]
   [Code Root Migration: 0.1 ms]
   [Clear CT: 0.4 ms]
   [Other: 0.9 ms]
      [Choose CSet: 0.0 ms]
      [Ref Proc: 0.1 ms]
      [Ref Enq: 0.0 ms]
      [Free CSet: 0.7 ms]
   [Eden: 1008.0M(1008.0M)->0.0B(995.0M) Survivors: 92.0M->101.0M Heap: 1623.5M(1938.0M)->624.0M(1938.0M)]
 [Times: user=0.42 sys=0.00, real=0.05 secs] 
339.153: Total time for which application threads were stopped: 0.0546960 seconds, Stopping threads took: 0.0000480 seconds
339.641: Application time: 0.4884670 seconds
339.641: [GC pause (young), 0.0516010 secs]
   [Parallel Time: 50.1 ms, GC Workers: 8]
      [GC Worker Start (ms): Min: 339641.2, Avg: 339641.2, Max: 339641.2, Diff: 0.1]
      [Ext Root Scanning (ms): Min: 0.6, Avg: 0.7, Max: 0.8, Diff: 0.2, Sum: 5.5]
      [Update RS (ms): Min: 0.0, Avg: 0.0, Max: 0.1, Diff: 0.1, Sum: 0.2]
         [Processed Buffers: Min: 0, Avg: 1.0, Max: 3, Diff: 3, Sum: 8]
      [Scan RS (ms): Min: 0.4, Avg: 0.4, Max: 0.5, Diff: 0.1, Sum: 3.4]
      [Code Root Scanning (ms): Min: 0.0, Avg: 0.0, Max: 0.0, Diff: 0.0, Sum: 0.1]
      [Object Copy (ms): Min: 48.8, Avg: 48.8, Max: 48.8, Diff: 0.0, Sum: 390.5]
      [Termination (ms): Min: 0.0, Avg: 0.0, Max: 0.0, Diff: 0.0, Sum: 0.0]
      [GC Worker Other (ms): Min: 0.0, Avg: 0.1, Max: 0.1, Diff: 0.0, Sum: 0.4]
      [GC Worker Total (ms): Min: 50.0, Avg: 50.0, Max: 50.0, Diff: 0.1, Sum: 400.1]
      [GC Worker End (ms): Min: 339691.2, Avg: 339691.2, Max: 339691.2, Diff: 0.0]
   [Code Root Fixup: 0.1 ms]
   [Code Root Migration: 0.1 ms]
   [Clear CT: 0.4 ms]
   [Other: 0.9 ms]
      [Choose CSet: 0.0 ms]
      [Ref Proc: 0.1 ms]
      [Ref Enq: 0.0 ms]
      [Free CSet: 0.7 ms]
   [Eden: 995.0M(995.0M)->0.0B(1003.0M) Survivors: 101.0M->93.0M Heap: 1619.0M(1938.0M)->616.0M(1938.0M)]
 [Times: user=0.40 sys=0.00, real=0.05 secs] 
339.693: Total time for which application threads were stopped: 0.0517860 seconds, Stopping threads took: 0.0000520 seconds
340.188: Application time: 0.4951560 seconds
340.188: [GC pause (young), 0.0518180 secs]
   [Parallel Time: 50.2 ms, GC Workers: 8]
      [GC Worker Start (ms): Min: 340188.1, Avg: 340188.2, Max: 340188.2, Diff: 0.1]
      [Ext Root Scanning (ms): Min: 0.6, Avg: 0.6, Max: 0.7, Diff: 0.1, Sum: 5.2]
      [Update RS (ms): Min: 0.0, Avg: 0.0, Max: 0.1, Diff: 0.1, Sum: 0.2]
         [Processed Buffers: Min: 0, Avg: 0.9, Max: 3, Diff: 3, Sum: 7]
      [Scan RS (ms): Min: 0.4, Avg: 0.4, Max: 0.5, Diff: 0.1, Sum: 3.5]
      [Code Root Scanning (ms): Min: 0.0, Avg: 0.0, Max: 0.0, Diff: 0.0, Sum: 0.1]
      [Object Copy (ms): Min: 49.0, Avg: 49.0, Max: 49.0, Diff: 0.1, Sum: 391.9]
      [Termination (ms): Min: 0.0, Avg: 0.0, Max: 0.0, Diff: 0.0, Sum: 0.0]
      [GC Worker Other (ms): Min: 0.0, Avg: 0.1, Max: 0.1, Diff: 0.0, Sum: 0.4]
      [GC Worker Total (ms): Min: 50.1, Avg: 50.2, Max: 50.2, Diff: 0.1, Sum: 401.3]
      [GC Worker End (ms): Min: 340238.3, Avg: 340238.3, Max: 340238.3, Diff: 0.0]
   [Code Root Fixup: 0.1 ms]
   [Code Root Migration: 0.1 ms]
   [Clear CT: 0.5 ms]
   [Other: 0.9 ms]
      [Choose CSet: 0.0 ms]
      [Ref Proc: 0.1 ms]
      [Ref Enq: 0.0 ms]
      [Free CSet: 0.7 ms]
   [Eden: 1003.0M(1003.0M)->0.0B(1001.0M) Survivors: 93.0M->94.0M Heap: 1619.0M(1938.0M)->617.5M(1938.0M)]
 [Times: user=0.41 sys=0.00, real=0.05 secs] 
340.240: Total time for which application threads were stopped: 0.0519980 seconds, Stopping threads took: 0.0000560 seconds
340.740: Application time: 0.4998760 seconds
340.740: [GC pause (young), 0.0465020 secs]
   [Parallel Time: 45.0 ms, GC Workers: 8]
      [GC Worker Start (ms): Min: 340740.0, Avg: 340740.0, Max: 340740.1, Diff: 0.1]
      [Ext Root Scanning (ms): Min: 0.6, Avg: 0.7, Max: 0.7, Diff: 0.1, Sum: 5.3]
      [Update RS (ms): Min: 0.0, Avg: 0.0, Max: 0.1, Diff: 0.1, Sum: 0.2]
         [Processed Buffers: Min: 0, Avg: 0.9, Max: 3, Diff: 3, Sum: 7]
      [Scan RS (ms): Min: 0.4, Avg: 0.4, Max: 0.5, Diff: 0.1, Sum: 3.4]
      [Code Root Scanning (ms): Min: 0.0, Avg: 0.0, Max: 0.0, Diff: 0.0, Sum: 0.1]
      [Object Copy (ms): Min: 43.7, Avg: 43.7, Max: 43.7, Diff: 0.0, Sum: 349.8]
      [Termination (ms): Min: 0.0, Avg: 0.0, Max: 0.0, Diff: 0.0, Sum: 0.0]
      [GC Worker Other (ms): Min: 0.0, Avg: 0.1, Max: 0.1, Diff: 0.0, Sum: 0.5]
      [GC Worker Total (ms): Min: 44.9, Avg: 44.9, Max: 44.9, Diff: 0.1, Sum: 359.3]
      [GC Worker End (ms): Min: 340784.9, Avg: 340784.9, Max: 340784.9, Diff: 0.0]
   [Code Root Fixup: 0.1 ms]
   [Code Root Migration: 0.1 ms]
   [Clear CT: 0.4 ms]
   [Other: 0.9 ms]
      [Choose CSet: 0.0 ms]
      [Ref Proc: 0.1 ms]
      [Ref Enq: 0.0 ms]
      [Free CSet: 0.7 ms]
   [Eden: 1001.0M(1001.0M)->0.0B(1014.0M) Survivors: 94.0M->84.0M Heap: 1618.5M(1938.0M)->607.0M(1938.0M)]
 [Times: user=0.36 sys=0.00, real=0.05 secs] 
340.787: Total time for which application threads were stopped: 0.0466730 seconds, Stopping threads took: 0.0000470 seconds
341.290: Application time: 0.5035330 seconds
341.290: [GC pause (young), 0.0447670 secs]
   [Parallel Time: 43.1 ms, GC Workers: 8]
      [GC Worker Start (ms): Min: 341290.2, Avg: 341290.7, Max: 341293.6, Diff: 3.4]
      [Ext Root Scanning (ms): Min: 0.0, Avg: 0.6, Max: 0.8, Diff: 0.8, Sum: 4.9]
      [Update RS (ms): Min: 0.0, Avg: 0.0, Max: 0.1, Diff: 0.1, Sum: 0.2]
         [Processed Buffers: Min: 0, Avg: 0.9, Max: 2, Diff: 2, Sum: 7]
      [Scan RS (ms): Min: 0.1, Avg: 0.4, Max: 0.5, Diff: 0.4, Sum: 3.1]
      [Code Root Scanning (ms): Min: 0.0, Avg: 0.0, Max: 0.0, Diff: 0.0, Sum: 0.1]
      [Object Copy (ms): Min: 39.5, Avg: 41.5, Max: 41.9, Diff: 2.4, Sum: 332.1]
      [Termination (ms): Min: 0.0, Avg: 0.0, Max: 0.0, Diff: 0.0, Sum: 0.0]
      [GC Worker Other (ms): Min: 0.0, Avg: 0.1, Max: 0.1, Diff: 0.0, Sum: 0.5]
      [GC Worker Total (ms): Min: 39.7, Avg: 42.6, Max: 43.1, Diff: 3.4, Sum: 340.9]
      [GC Worker End (ms): Min: 341333.2, Avg: 341333.3, Max: 341333.3, Diff: 0.0]
   [Code Root Fixup: 0.1 ms]
   [Code Root Migration: 0.1 ms]
   [Clear CT: 0.4 ms]
   [Other: 1.0 ms]
      [Choose CSet: 0.0 ms]
      [Ref Proc: 0.1 ms]
      [Ref Enq: 0.0 ms]
      [Free CSet: 0.8 ms]
   [Eden: 1014.0M(1014.0M)->0.0B(1022.0M) Survivors: 84.0M->80.0M Heap: 1621.0M(1938.0M)->603.5M(1938.0M)]
 [Times: user=0.35 sys=0.00, real=0.05 secs] 
341.335: Total time for which application threads were stopped: 0.0449680 seconds, Stopping threads took: 0.0000630 seconds
341.831: Application time: 0.4959450 seconds
341.831: [GC pause (young), 0.0450870 secs]
   [Parallel Time: 43.5 ms, GC Workers: 8]
      [GC Worker Start (ms): Min: 341831.1, Avg: 341831.1, Max: 341831.2, Diff: 0.1]
      [Ext Root Scanning (ms): Min: 0.6, Avg: 0.6, Max: 0.7, Diff: 0.1, Sum: 5.1]
      [Update RS (ms): Min: 0.0, Avg: 0.0, Max: 0.1, Diff: 0.1, Sum: 0.2]
         [Processed Buffers: Min: 0, Avg: 0.9, Max: 4, Diff: 4, Sum: 7]
      [Scan RS (ms): Min: 0.4, Avg: 0.4, Max: 0.5, Diff: 0.1, Sum: 3.3]
      [Code Root Scanning (ms): Min: 0.0, Avg: 0.0, Max: 0.0, Diff: 0.0, Sum: 0.1]
      [Object Copy (ms): Min: 42.2, Avg: 42.3, Max: 42.3, Diff: 0.0, Sum: 338.0]
      [Termination (ms): Min: 0.0, Avg: 0.0, Max: 0.0, Diff: 0.0, Sum: 0.0]
      [GC Worker Other (ms): Min: 0.0, Avg: 0.1, Max: 0.1, Diff: 0.0, Sum: 0.5]
      [GC Worker Total (ms): Min: 43.4, Avg: 43.4, Max: 43.4, Diff: 0.1, Sum: 347.2]
      [GC Worker End (ms): Min: 341874.5, Avg: 341874.5, Max: 341874.6, Diff: 0.0]
   [Code Root Fixup: 0.1 ms]
   [Code Root Migration: 0.1 ms]
   [Clear CT: 0.5 ms]
   [Other: 0.9 ms]
      [Choose CSet: 0.0 ms]
      [Ref Proc: 0.1 ms]
      [Ref Enq: 0.0 ms]
      [Free CSet: 0.7 ms]
   [Eden: 1022.0M(1022.0M)->0.0B(1021.0M) Survivors: 80.0M->83.0M Heap: 1625.5M(1938.0M)->606.0M(1938.0M)]
 [Times: user=0.35 sys=0.00, real=0.05 secs] 
341.876: Total time for which application threads were stopped: 0.0452590 seconds, Stopping threads took: 0.0000430 seconds
342.376: Application time: 0.5001660 seconds
342.377: [GC pause (young), 0.0456400 secs]
   [Parallel Time: 44.0 ms, GC Workers: 8]
      [GC Worker Start (ms): Min: 342376.6, Avg: 342376.6, Max: 342376.6, Diff: 0.1]
      [Ext Root Scanning (ms): Min: 0.6, Avg: 0.7, Max: 0.8, Diff: 0.2, Sum: 5.5]
      [Update RS (ms): Min: 0.0, Avg: 0.0, Max: 0.1, Diff: 0.1, Sum: 0.2]
         [Processed Buffers: Min: 0, Avg: 0.9, Max: 2, Diff: 2, Sum: 7]
      [Scan RS (ms): Min: 0.3, Avg: 0.4, Max: 0.5, Diff: 0.2, Sum: 3.5]
      [Code Root Scanning (ms): Min: 0.0, Avg: 0.0, Max: 0.0, Diff: 0.0, Sum: 0.1]
      [Object Copy (ms): Min: 42.6, Avg: 42.7, Max: 42.8, Diff: 0.1, Sum: 341.5]
      [Termination (ms): Min: 0.0, Avg: 0.0, Max: 0.0, Diff: 0.0, Sum: 0.0]
      [GC Worker Other (ms): Min: 0.0, Avg: 0.1, Max: 0.1, Diff: 0.0, Sum: 0.5]
      [GC Worker Total (ms): Min: 43.9, Avg: 43.9, Max: 43.9, Diff: 0.1, Sum: 351.3]
      [GC Worker End (ms): Min: 342420.5, Avg: 342420.5, Max: 342420.5, Diff: 0.0]
   [Code Root Fixup: 0.1 ms]
   [Code Root Migration: 0.1 ms]
   [Clear CT: 0.5 ms]
   [Other: 0.9 ms]
      [Choose CSet: 0.0 ms]
      [Ref Proc: 0.1 ms]
      [Ref Enq: 0.0 ms]
      [Free CSet: 0.7 ms]
   [Eden: 1021.0M(1021.0M)->0.0B(1022.0M) Survivors: 83.0M->83.0M Heap: 1627.0M(1938.0M)->606.6M(1938.0M)]
 [Times: user=0.35 sys=0.01, real=0.04 secs] 
342.422: Total time for which application threads were stopped: 0.0458360 seconds, Stopping threads took: 0.0000430 seconds
342.916: Application time: 0.4933760 seconds
342.916: [GC pause (young), 0.0472790 secs]
   [Parallel Time: 45.5 ms, GC Workers: 8]
      [GC Worker Start (ms): Min: 342915.7, Avg: 342915.8, Max: 342915.8, Diff: 0.1]
      [Ext Root Scanning (ms): Min: 0.6, Avg: 0.7, Max: 0.7, Diff: 0.1, Sum: 5.5]
      [Update RS (ms): Min: 0.0, Avg: 0.0, Max: 0.1, Diff: 0.1, Sum: 0.2]
         [Processed Buffers: Min: 0, Avg: 0.9, Max: 2, Diff: 2, Sum: 7]
      [Scan RS (ms): Min: 0.4, Avg: 0.5, Max: 0.5, Diff: 0.1, Sum: 3.7]
      [Code Root Scanning (ms): Min: 0.0, Avg: 0.0, Max: 0.0, Diff: 0.0, Sum: 0.1]
      [Object Copy (ms): Min: 44.1, Avg: 44.2, Max: 44.2, Diff: 0.1, Sum: 353.4]
      [Termination (ms): Min: 0.0, Avg: 0.0, Max: 0.0, Diff: 0.0, Sum: 0.0]
      [GC Worker Other (ms): Min: 0.0, Avg: 0.1, Max: 0.1, Diff: 0.0, Sum: 0.5]
      [GC Worker Total (ms): Min: 45.4, Avg: 45.4, Max: 45.5, Diff: 0.1, Sum: 363.3]
      [GC Worker End (ms): Min: 342961.2, Avg: 342961.2, Max: 342961.2, Diff: 0.0]
   [Code Root Fixup: 0.2 ms]
   [Code Root Migration: 0.1 ms]
   [Clear CT: 0.5 ms]
   [Other: 1.0 ms]
      [Choose CSet: 0.0 ms]
      [Ref Proc: 0.1 ms]
      [Ref Enq: 0.0 ms]
      [Free CSet: 0.8 ms]
   [Eden: 1022.0M(1022.0M)->0.0B(1019.0M) Survivors: 83.0M->86.0M Heap: 1628.6M(1938.0M)->609.6M(1938.0M)]
 [Times: user=0.36 sys=0.00, real=0.04 secs] 
342.963: Total time for which application threads were stopped: 0.0474200 seconds, Stopping threads took: 0.0000140 seconds
343.457: Application time: 0.4936840 seconds
343.457: [GC pause (young), 0.0506870 secs]
   [Parallel Time: 49.0 ms, GC Workers: 8]
      [GC Worker Start (ms): Min: 343456.9, Avg: 343456.9, Max: 343456.9, Diff: 0.1]
      [Ext Root Scanning (ms): Min: 0.7, Avg: 0.7, Max: 0.8, Diff: 0.1, Sum: 5.6]
      [Update RS (ms): Min: 0.0, Avg: 0.0, Max: 0.1, Diff: 0.1, Sum: 0.2]
         [Processed Buffers: Min: 0, Avg: 0.9, Max: 4, Diff: 4, Sum: 7]
      [Scan RS (ms): Min: 0.4, Avg: 0.4, Max: 0.5, Diff: 0.1, Sum: 3.5]
      [Code Root Scanning (ms): Min: 0.0, Avg: 0.0, Max: 0.0, Diff: 0.0, Sum: 0.1]
      [Object Copy (ms): Min: 47.7, Avg: 47.8, Max: 47.8, Diff: 0.0, Sum: 382.1]
      [Termination (ms): Min: 0.0, Avg: 0.0, Max: 0.0, Diff: 0.0, Sum: 0.0]
      [GC Worker Other (ms): Min: 0.0, Avg: 0.1, Max: 0.1, Diff: 0.0, Sum: 0.4]
      [GC Worker Total (ms): Min: 48.9, Avg: 49.0, Max: 49.0, Diff: 0.1, Sum: 391.8]
      [GC Worker End (ms): Min: 343505.9, Avg: 343505.9, Max: 343505.9, Diff: 0.0]
   [Code Root Fixup: 0.1 ms]
   [Code Root Migration: 0.1 ms]
   [Clear CT: 0.5 ms]
   [Other: 0.9 ms]
      [Choose CSet: 0.0 ms]
      [Ref Proc: 0.1 ms]
      [Ref Enq: 0.0 ms]
      [Free CSet: 0.7 ms]
   [Eden: 1019.0M(1019.0M)->0.0B(1007.0M) Survivors: 86.0M->96.0M Heap: 1628.6M(1938.0M)->619.1M(1938.0M)]
 [Times: user=0.40 sys=0.00, real=0.05 secs] 
343.508: Total time for which application threads were stopped: 0.0508810 seconds, Stopping threads took: 0.0000640 seconds
343.996: Application time: 0.4886660 seconds
343.996: [GC pause (young), 0.0564790 secs]
   [Parallel Time: 54.8 ms, GC Workers: 8]
      [GC Worker Start (ms): Min: 343996.4, Avg: 343996.5, Max: 343996.5, Diff: 0.1]
      [Ext Root Scanning (ms): Min: 0.6, Avg: 0.7, Max: 0.7, Diff: 0.1, Sum: 5.2]
      [Update RS (ms): Min: 0.0, Avg: 0.0, Max: 0.1, Diff: 0.1, Sum: 0.2]
         [Processed Buffers: Min: 0, Avg: 1.1, Max: 4, Diff: 4, Sum: 9]
      [Scan RS (ms): Min: 0.4, Avg: 0.4, Max: 0.5, Diff: 0.1, Sum: 3.6]
      [Code Root Scanning (ms): Min: 0.0, Avg: 0.0, Max: 0.0, Diff: 0.0, Sum: 0.1]
      [Object Copy (ms): Min: 53.5, Avg: 53.5, Max: 53.6, Diff: 0.0, Sum: 428.3]
      [Termination (ms): Min: 0.0, Avg: 0.0, Max: 0.0, Diff: 0.0, Sum: 0.0]
      [GC Worker Other (ms): Min: 0.0, Avg: 0.1, Max: 0.1, Diff: 0.0, Sum: 0.4]
      [GC Worker Total (ms): Min: 54.7, Avg: 54.7, Max: 54.8, Diff: 0.1, Sum: 437.8]
      [GC Worker End (ms): Min: 344051.2, Avg: 344051.2, Max: 344051.2, Diff: 0.0]
   [Code Root Fixup: 0.1 ms]
   [Code Root Migration: 0.1 ms]
   [Clear CT: 0.5 ms]
   [Other: 0.9 ms]
      [Choose CSet: 0.0 ms]
      [Ref Proc: 0.1 ms]
      [Ref Enq: 0.0 ms]
      [Free CSet: 0.7 ms]
   [Eden: 1007.0M(1007.0M)->0.0B(993.0M) Survivors: 96.0M->105.0M Heap: 1626.1M(1938.0M)->628.1M(1938.0M)]
 [Times: user=0.44 sys=0.00, real=0.05 secs] 
344.053: Total time for which application threads were stopped: 0.0566620 seconds, Stopping threads took: 0.0000460 seconds
344.543: Application time: 0.4902660 seconds
344.543: [GC pause (young), 0.0566240 secs]
   [Parallel Time: 55.0 ms, GC Workers: 8]
      [GC Worker Start (ms): Min: 344543.4, Avg: 344543.4, Max: 344543.4, Diff: 0.1]
      [Ext Root Scanning (ms): Min: 0.6, Avg: 0.7, Max: 0.7, Diff: 0.1, Sum: 5.3]
      [Update RS (ms): Min: 0.0, Avg: 0.0, Max: 0.1, Diff: 0.1, Sum: 0.2]
         [Processed Buffers: Min: 0, Avg: 1.0, Max: 3, Diff: 3, Sum: 8]
      [Scan RS (ms): Min: 0.3, Avg: 0.4, Max: 0.5, Diff: 0.2, Sum: 3.4]
      [Code Root Scanning (ms): Min: 0.0, Avg: 0.0, Max: 0.0, Diff: 0.0, Sum: 0.1]
      [Object Copy (ms): Min: 53.7, Avg: 53.7, Max: 53.9, Diff: 0.2, Sum: 430.0]
      [Termination (ms): Min: 0.0, Avg: 0.0, Max: 0.0, Diff: 0.0, Sum: 0.0]
      [GC Worker Other (ms): Min: 0.0, Avg: 0.1, Max: 0.1, Diff: 0.1, Sum: 0.5]
      [GC Worker Total (ms): Min: 54.9, Avg: 54.9, Max: 55.0, Diff: 0.1, Sum: 439.5]
      [GC Worker End (ms): Min: 344598.3, Avg: 344598.3, Max: 344598.4, Diff: 0.1]
   [Code Root Fixup: 0.1 ms]
   [Code Root Migration: 0.1 ms]
   [Clear CT: 0.4 ms]
   [Other: 0.9 ms]
      [Choose CSet: 0.0 ms]
      [Ref Proc: 0.1 ms]
      [Ref Enq: 0.0 ms]
      [Free CSet: 0.7 ms]
   [Eden: 993.0M(993.0M)->0.0B(994.0M) Survivors: 105.0M->101.0M Heap: 1621.1M(1938.0M)->624.6M(1938.0M)]
 [Times: user=0.44 sys=0.00, real=0.06 secs] 
344.600: Total time for which application threads were stopped: 0.0568110 seconds, Stopping threads took: 0.0000580 seconds
345.088: Application time: 0.4878250 seconds
345.088: [GC pause (young), 0.0521600 secs]
   [Parallel Time: 50.4 ms, GC Workers: 8]
      [GC Worker Start (ms): Min: 345088.0, Avg: 345088.0, Max: 345088.1, Diff: 0.1]
      [Ext Root Scanning (ms): Min: 0.6, Avg: 0.7, Max: 0.8, Diff: 0.1, Sum: 5.4]
      [Update RS (ms): Min: 0.0, Avg: 0.0, Max: 0.1, Diff: 0.1, Sum: 0.2]
         [Processed Buffers: Min: 0, Avg: 1.0, Max: 3, Diff: 3, Sum: 8]
      [Scan RS (ms): Min: 0.4, Avg: 0.4, Max: 0.5, Diff: 0.1, Sum: 3.4]
      [Code Root Scanning (ms): Min: 0.0, Avg: 0.0, Max: 0.0, Diff: 0.0, Sum: 0.1]
      [Object Copy (ms): Min: 49.1, Avg: 49.2, Max: 49.2, Diff: 0.0, Sum: 393.2]
      [Termination (ms): Min: 0.0, Avg: 0.0, Max: 0.0, Diff: 0.0, Sum: 0.0]
      [GC Worker Other (ms): Min: 0.0, Avg: 0.1, Max: 0.1, Diff: 0.1, Sum: 0.5]
      [GC Worker Total (ms): Min: 50.3, Avg: 50.4, Max: 50.4, Diff: 0.1, Sum: 402.8]
      [GC Worker End (ms): Min: 345138.4, Avg: 345138.4, Max: 345138.4, Diff: 0.1]
   [Code Root Fixup: 0.1 ms]
   [Code Root Migration: 0.1 ms]
   [Clear CT: 0.4 ms]
   [Other: 1.0 ms]
      [Choose CSet: 0.0 ms]
      [Ref Proc: 0.1 ms]
      [Ref Enq: 0.0 ms]
      [Free CSet: 0.8 ms]
   [Eden: 994.0M(994.0M)->0.0B(1002.0M) Survivors: 101.0M->93.0M Heap: 1618.6M(1938.0M)->616.1M(1938.0M)]
 [Times: user=0.41 sys=0.00, real=0.05 secs] 
345.140: Total time for which application threads were stopped: 0.0523490 seconds, Stopping threads took: 0.0000640 seconds
345.632: Application time: 0.4918340 seconds
345.632: [GC pause (young), 0.0511300 secs]
   [Parallel Time: 49.5 ms, GC Workers: 8]
      [GC Worker Start (ms): Min: 345632.2, Avg: 345632.2, Max: 345632.3, Diff: 0.1]
      [Ext Root Scanning (ms): Min: 0.6, Avg: 0.7, Max: 0.7, Diff: 0.1, Sum: 5.4]
      [Update RS (ms): Min: 0.0, Avg: 0.0, Max: 0.1, Diff: 0.1, Sum: 0.3]
         [Processed Buffers: Min: 0, Avg: 1.0, Max: 4, Diff: 4, Sum: 8]
      [Scan RS (ms): Min: 0.4, Avg: 0.4, Max: 0.5, Diff: 0.1, Sum: 3.4]
      [Code Root Scanning (ms): Min: 0.0, Avg: 0.0, Max: 0.0, Diff: 0.0, Sum: 0.1]
      [Object Copy (ms): Min: 48.2, Avg: 48.3, Max: 48.3, Diff: 0.1, Sum: 386.1]
      [Termination (ms): Min: 0.0, Avg: 0.0, Max: 0.0, Diff: 0.0, Sum: 0.1]
      [GC Worker Other (ms): Min: 0.0, Avg: 0.1, Max: 0.1, Diff: 0.1, Sum: 0.5]
      [GC Worker Total (ms): Min: 49.4, Avg: 49.5, Max: 49.5, Diff: 0.1, Sum: 395.7]
      [GC Worker End (ms): Min: 345681.7, Avg: 345681.7, Max: 345681.7, Diff: 0.0]
   [Code Root Fixup: 0.1 ms]
   [Code Root Migration: 0.1 ms]
   [Clear CT: 0.4 ms]
   [Other: 0.9 ms]
      [Choose CSet: 0.0 ms]
      [Ref Proc: 0.2 ms]
      [Ref Enq: 0.0 ms]
      [Free CSet: 0.7 ms]
   [Eden: 1002.0M(1002.0M)->0.0B(1004.0M) Survivors: 93.0M->92.0M Heap: 1618.1M(1938.0M)->615.6M(1938.0M)]
 [Times: user=0.40 sys=0.00, real=0.05 secs] 
345.683: Total time for which application threads were stopped: 0.0513320 seconds, Stopping threads took: 0.0000680 seconds
346.179: Application time: 0.4959900 seconds
346.179: [GC pause (young), 0.0510960 secs]
   [Parallel Time: 49.2 ms, GC Workers: 8]
      [GC Worker Start (ms): Min: 346179.5, Avg: 346179.8, Max: 346181.6, Diff: 2.0]
      [Ext Root Scanning (ms): Min: 0.0, Avg: 0.6, Max: 0.8, Diff: 0.8, Sum: 4.7]
      [Update RS (ms): Min: 0.0, Avg: 0.0, Max: 0.1, Diff: 0.1, Sum: 0.2]
         [Processed Buffers: Min: 0, Avg: 1.0, Max: 5, Diff: 5, Sum: 8]
      [Scan RS (ms): Min: 0.0, Avg: 0.4, Max: 0.5, Diff: 0.4, Sum: 2.9]
      [Code Root Scanning (ms): Min: 0.0, Avg: 0.0, Max: 0.0, Diff: 0.0, Sum: 0.1]
      [Object Copy (ms): Min: 47.0, Avg: 47.8, Max: 48.0, Diff: 1.0, Sum: 382.4]
      [Termination (ms): Min: 0.0, Avg: 0.0, Max: 0.0, Diff: 0.0, Sum: 0.0]
      [GC Worker Other (ms): Min: 0.0, Avg: 0.0, Max: 0.1, Diff: 0.0, Sum: 0.4]
      [GC Worker Total (ms): Min: 47.1, Avg: 48.8, Max: 49.1, Diff: 2.1, Sum: 390.7]
      [GC Worker End (ms): Min: 346228.6, Avg: 346228.6, Max: 346228.6, Diff: 0.0]
   [Code Root Fixup: 0.1 ms]
   [Code Root Migration: 0.1 ms]
   [Clear CT: 0.7 ms]
   [Other: 1.0 ms]
      [Choose CSet: 0.0 ms]
      [Ref Proc: 0.2 ms]
      [Ref Enq: 0.0 ms]
      [Free CSet: 0.7 ms]
   [Eden: 1004.0M(1004.0M)->0.0B(1007.0M) Survivors: 92.0M->90.0M Heap: 1619.6M(1938.0M)->613.6M(1938.0M)]
 [Times: user=0.39 sys=0.01, real=0.05 secs] 
346.231: Total time for which application threads were stopped: 0.0512880 seconds, Stopping threads took: 0.0000670 seconds
346.730: Application time: 0.4995400 seconds
346.730: [GC pause (young), 0.0426300 secs]
   [Parallel Time: 41.0 ms, GC Workers: 8]
      [GC Worker Start (ms): Min: 346730.3, Avg: 346730.4, Max: 346730.4, Diff: 0.1]
      [Ext Root Scanning (ms): Min: 0.6, Avg: 0.6, Max: 0.7, Diff: 0.1, Sum: 5.1]
      [Update RS (ms): Min: 0.0, Avg: 0.0, Max: 0.1, Diff: 0.1, Sum: 0.2]
         [Processed Buffers: Min: 0, Avg: 0.9, Max: 3, Diff: 3, Sum: 7]
      [Scan RS (ms): Min: 0.4, Avg: 0.4, Max: 0.5, Diff: 0.1, Sum: 3.4]
      [Code Root Scanning (ms): Min: 0.0, Avg: 0.0, Max: 0.0, Diff: 0.0, Sum: 0.1]
      [Object Copy (ms): Min: 39.8, Avg: 39.8, Max: 39.8, Diff: 0.1, Sum: 318.5]
      [Termination (ms): Min: 0.0, Avg: 0.0, Max: 0.0, Diff: 0.0, Sum: 0.0]
      [GC Worker Other (ms): Min: 0.0, Avg: 0.1, Max: 0.1, Diff: 0.0, Sum: 0.5]
      [GC Worker Total (ms): Min: 40.9, Avg: 41.0, Max: 41.0, Diff: 0.1, Sum: 327.7]
      [GC Worker End (ms): Min: 346771.3, Avg: 346771.3, Max: 346771.4, Diff: 0.0]
   [Code Root Fixup: 0.1 ms]
   [Code Root Migration: 0.1 ms]
   [Clear CT: 0.5 ms]
   [Other: 0.9 ms]
      [Choose CSet: 0.0 ms]
      [Ref Proc: 0.1 ms]
      [Ref Enq: 0.0 ms]
      [Free CSet: 0.7 ms]
   [Eden: 1007.0M(1007.0M)->0.0B(1026.0M) Survivors: 90.0M->76.0M Heap: 1620.6M(1938.0M)->599.1M(1938.0M)]
 [Times: user=0.33 sys=0.00, real=0.04 secs] 
346.773: Total time for which application threads were stopped: 0.0428110 seconds, Stopping threads took: 0.0000490 seconds
347.274: Application time: 0.5013180 seconds
347.274: [GC pause (young), 0.0375700 secs]
   [Parallel Time: 35.8 ms, GC Workers: 8]
      [GC Worker Start (ms): Min: 347274.5, Avg: 347274.5, Max: 347274.5, Diff: 0.1]
      [Ext Root Scanning (ms): Min: 0.7, Avg: 0.7, Max: 0.8, Diff: 0.1, Sum: 5.7]
      [Update RS (ms): Min: 0.0, Avg: 0.0, Max: 0.1, Diff: 0.1, Sum: 0.2]
         [Processed Buffers: Min: 0, Avg: 1.0, Max: 2, Diff: 2, Sum: 8]
      [Scan RS (ms): Min: 0.4, Avg: 0.4, Max: 0.5, Diff: 0.1, Sum: 3.5]
      [Code Root Scanning (ms): Min: 0.0, Avg: 0.0, Max: 0.0, Diff: 0.0, Sum: 0.1]
      [Object Copy (ms): Min: 34.5, Avg: 34.5, Max: 34.5, Diff: 0.0, Sum: 276.3]
      [Termination (ms): Min: 0.0, Avg: 0.0, Max: 0.0, Diff: 0.0, Sum: 0.1]
      [GC Worker Other (ms): Min: 0.0, Avg: 0.1, Max: 0.1, Diff: 0.0, Sum: 0.4]
      [GC Worker Total (ms): Min: 35.7, Avg: 35.8, Max: 35.8, Diff: 0.1, Sum: 286.3]
      [GC Worker End (ms): Min: 347310.3, Avg: 347310.3, Max: 347310.3, Diff: 0.0]
   [Code Root Fixup: 0.2 ms]
   [Code Root Migration: 0.1 ms]
   [Clear CT: 0.5 ms]
   [Other: 1.0 ms]
      [Choose CSet: 0.0 ms]
      [Ref Proc: 0.2 ms]
      [Ref Enq: 0.0 ms]
      [Free CSet: 0.7 ms]
   [Eden: 1026.0M(1026.0M)->0.0B(1038.0M) Survivors: 76.0M->70.0M Heap: 1625.1M(1938.0M)->593.1M(1938.0M)]
 [Times: user=0.29 sys=0.00, real=0.03 secs] 
347.312: Total time for which application threads were stopped: 0.0377480 seconds, Stopping threads took: 0.0000460 seconds
347.816: Application time: 0.5036820 seconds
347.816: [GC pause (young), 0.0456800 secs]
   [Parallel Time: 44.1 ms, GC Workers: 8]
      [GC Worker Start (ms): Min: 347815.9, Avg: 347815.9, Max: 347816.0, Diff: 0.1]
      [Ext Root Scanning (ms): Min: 0.6, Avg: 0.7, Max: 0.7, Diff: 0.1, Sum: 5.3]
      [Update RS (ms): Min: 0.0, Avg: 0.0, Max: 0.1, Diff: 0.1, Sum: 0.2]
         [Processed Buffers: Min: 0, Avg: 0.9, Max: 3, Diff: 3, Sum: 7]
      [Scan RS (ms): Min: 0.4, Avg: 0.4, Max: 0.5, Diff: 0.1, Sum: 3.4]
      [Code Root Scanning (ms): Min: 0.0, Avg: 0.0, Max: 0.0, Diff: 0.0, Sum: 0.1]
      [Object Copy (ms): Min: 42.8, Avg: 42.8, Max: 42.9, Diff: 0.1, Sum: 342.6]
      [Termination (ms): Min: 0.0, Avg: 0.0, Max: 0.0, Diff: 0.0, Sum: 0.0]
      [GC Worker Other (ms): Min: 0.0, Avg: 0.1, Max: 0.1, Diff: 0.0, Sum: 0.5]
      [GC Worker Total (ms): Min: 44.0, Avg: 44.0, Max: 44.0, Diff: 0.1, Sum: 352.1]
      [GC Worker End (ms): Min: 347859.9, Avg: 347859.9, Max: 347860.0, Diff: 0.0]
   [Code Root Fixup: 0.1 ms]
   [Code Root Migration: 0.1 ms]
   [Clear CT: 0.5 ms]
   [Other: 0.9 ms]
      [Choose CSet: 0.0 ms]
      [Ref Proc: 0.1 ms]
      [Ref Enq: 0.0 ms]
      [Free CSet: 0.7 ms]
   [Eden: 1038.0M(1038.0M)->0.0B(1020.0M) Survivors: 70.0M->87.0M Heap: 1631.1M(1938.0M)->610.1M(1938.0M)]
 [Times: user=0.36 sys=0.00, real=0.04 secs] 
347.862: Total time for which application threads were stopped: 0.0458560 seconds, Stopping threads took: 0.0000480 seconds
348.362: Application time: 0.5007800 seconds
348.362: [GC pause (young), 0.0462550 secs]
   [Parallel Time: 44.6 ms, GC Workers: 8]
      [GC Worker Start (ms): Min: 348362.5, Avg: 348362.6, Max: 348362.6, Diff: 0.1]
      [Ext Root Scanning (ms): Min: 0.6, Avg: 0.7, Max: 0.7, Diff: 0.2, Sum: 5.3]
      [Update RS (ms): Min: 0.0, Avg: 0.0, Max: 0.1, Diff: 0.1, Sum: 0.2]
         [Processed Buffers: Min: 0, Avg: 1.0, Max: 3, Diff: 3, Sum: 8]
      [Scan RS (ms): Min: 0.3, Avg: 0.4, Max: 0.5, Diff: 0.2, Sum: 3.5]
      [Code Root Scanning (ms): Min: 0.0, Avg: 0.0, Max: 0.0, Diff: 0.0, Sum: 0.1]
      [Object Copy (ms): Min: 43.3, Avg: 43.3, Max: 43.4, Diff: 0.1, Sum: 346.4]
      [Termination (ms): Min: 0.0, Avg: 0.0, Max: 0.0, Diff: 0.0, Sum: 0.0]
      [GC Worker Other (ms): Min: 0.0, Avg: 0.1, Max: 0.1, Diff: 0.1, Sum: 0.5]
      [GC Worker Total (ms): Min: 44.4, Avg: 44.5, Max: 44.6, Diff: 0.1, Sum: 356.0]
      [GC Worker End (ms): Min: 348407.0, Avg: 348407.1, Max: 348407.1, Diff: 0.1]
   [Code Root Fixup: 0.1 ms]
   [Code Root Migration: 0.1 ms]
   [Clear CT: 0.5 ms]
   [Other: 0.9 ms]
      [Choose CSet: 0.0 ms]
      [Ref Proc: 0.1 ms]
      [Ref Enq: 0.0 ms]
      [Free CSet: 0.7 ms]
   [Eden: 1020.0M(1020.0M)->0.0B(1019.0M) Survivors: 87.0M->87.0M Heap: 1630.1M(1938.0M)->610.1M(1938.0M)]
 [Times: user=0.36 sys=0.00, real=0.05 secs] 
348.409: Total time for which application threads were stopped: 0.0464320 seconds, Stopping threads took: 0.0000390 seconds
348.894: Application time: 0.4847850 seconds
348.894: [GC pause (young), 0.0475100 secs]
   [Parallel Time: 45.9 ms, GC Workers: 8]
      [GC Worker Start (ms): Min: 348893.7, Avg: 348893.8, Max: 348893.8, Diff: 0.1]
      [Ext Root Scanning (ms): Min: 0.6, Avg: 0.7, Max: 0.8, Diff: 0.1, Sum: 5.6]
      [Update RS (ms): Min: 0.0, Avg: 0.0, Max: 0.1, Diff: 0.1, Sum: 0.2]
         [Processed Buffers: Min: 0, Avg: 1.0, Max: 3, Diff: 3, Sum: 8]
      [Scan RS (ms): Min: 0.4, Avg: 0.4, Max: 0.5, Diff: 0.1, Sum: 3.5]
      [Code Root Scanning (ms): Min: 0.0, Avg: 0.0, Max: 0.0, Diff: 0.0, Sum: 0.1]
      [Object Copy (ms): Min: 44.6, Avg: 44.6, Max: 44.7, Diff: 0.1, Sum: 357.0]
      [Termination (ms): Min: 0.0, Avg: 0.0, Max: 0.0, Diff: 0.0, Sum: 0.0]
      [GC Worker Other (ms): Min: 0.0, Avg: 0.1, Max: 0.1, Diff: 0.0, Sum: 0.5]
      [GC Worker Total (ms): Min: 45.8, Avg: 45.9, Max: 45.9, Diff: 0.1, Sum: 366.9]
      [GC Worker End (ms): Min: 348939.6, Avg: 348939.6, Max: 348939.7, Diff: 0.0]
   [Code Root Fixup: 0.1 ms]
   [Code Root Migration: 0.1 ms]
   [Clear CT: 0.5 ms]
   [Other: 0.9 ms]
      [Choose CSet: 0.0 ms]
      [Ref Proc: 0.1 ms]
      [Ref Enq: 0.0 ms]
      [Free CSet: 0.7 ms]
   [Eden: 1019.0M(1019.0M)->0.0B(1015.0M) Survivors: 87.0M->89.0M Heap: 1629.1M(1938.0M)->612.1M(1938.0M)]
 [Times: user=0.37 sys=0.00, real=0.04 secs] 
348.941: Total time for which application threads were stopped: 0.0476740 seconds, Stopping threads took: 0.0000320 seconds
349.428: Application time: 0.4869010 seconds
349.428: [GC pause (young), 0.0556600 secs]
   [Parallel Time: 53.9 ms, GC Workers: 8]
      [GC Worker Start (ms): Min: 349428.3, Avg: 349428.4, Max: 349428.4, Diff: 0.1]
      [Ext Root Scanning (ms): Min: 0.6, Avg: 0.7, Max: 0.7, Diff: 0.1, Sum: 5.4]
      [Update RS (ms): Min: 0.0, Avg: 0.0, Max: 0.1, Diff: 0.1, Sum: 0.2]
         [Processed Buffers: Min: 0, Avg: 1.1, Max: 6, Diff: 6, Sum: 9]
      [Scan RS (ms): Min: 0.4, Avg: 0.4, Max: 0.5, Diff: 0.1, Sum: 3.6]
      [Code Root Scanning (ms): Min: 0.0, Avg: 0.0, Max: 0.0, Diff: 0.0, Sum: 0.1]
      [Object Copy (ms): Min: 52.5, Avg: 52.6, Max: 52.6, Diff: 0.1, Sum: 420.6]
      [Termination (ms): Min: 0.0, Avg: 0.0, Max: 0.0, Diff: 0.0, Sum: 0.0]
      [GC Worker Other (ms): Min: 0.0, Avg: 0.1, Max: 0.1, Diff: 0.1, Sum: 0.6]
      [GC Worker Total (ms): Min: 53.7, Avg: 53.8, Max: 53.9, Diff: 0.1, Sum: 430.5]
      [GC Worker End (ms): Min: 349482.1, Avg: 349482.2, Max: 349482.2, Diff: 0.1]
   [Code Root Fixup: 0.2 ms]
   [Code Root Migration: 0.1 ms]
   [Clear CT: 0.5 ms]
   [Other: 0.9 ms]
      [Choose CSet: 0.0 ms]
      [Ref Proc: 0.1 ms]
      [Ref Enq: 0.0 ms]
      [Free CSet: 0.7 ms]
   [Eden: 1015.0M(1015.0M)->0.0B(993.0M) Survivors: 89.0M->105.0M Heap: 1627.1M(1938.0M)->628.6M(1938.0M)]
 [Times: user=0.43 sys=0.00, real=0.05 secs] 
349.484: Total time for which application threads were stopped: 0.0558320 seconds, Stopping threads took: 0.0000450 seconds
349.975: Application time: 0.4907880 seconds
349.975: [GC pause (young), 0.0596860 secs]
   [Parallel Time: 58.0 ms, GC Workers: 8]
      [GC Worker Start (ms): Min: 349975.0, Avg: 349975.0, Max: 349975.0, Diff: 0.1]
      [Ext Root Scanning (ms): Min: 0.6, Avg: 0.7, Max: 0.7, Diff: 0.1, Sum: 5.3]
      [Update RS (ms): Min: 0.0, Avg: 0.0, Max: 0.1, Diff: 0.1, Sum: 0.2]
         [Processed Buffers: Min: 0, Avg: 1.0, Max: 3, Diff: 3, Sum: 8]
      [Scan RS (ms): Min: 0.4, Avg: 0.4, Max: 0.5, Diff: 0.1, Sum: 3.5]
      [Code Root Scanning (ms): Min: 0.0, Avg: 0.0, Max: 0.0, Diff: 0.0, Sum: 0.0]
      [Object Copy (ms): Min: 56.7, Avg: 56.8, Max: 56.8, Diff: 0.1, Sum: 454.0]
      [Termination (ms): Min: 0.0, Avg: 0.0, Max: 0.0, Diff: 0.0, Sum: 0.0]
      [GC Worker Other (ms): Min: 0.0, Avg: 0.1, Max: 0.1, Diff: 0.1, Sum: 0.4]
      [GC Worker Total (ms): Min: 57.9, Avg: 57.9, Max: 58.0, Diff: 0.1, Sum: 463.5]
      [GC Worker End (ms): Min: 350032.9, Avg: 350032.9, Max: 350032.9, Diff: 0.1]
   [Code Root Fixup: 0.1 ms]
   [Code Root Migration: 0.1 ms]
   [Clear CT: 0.4 ms]
   [Other: 1.0 ms]
      [Choose CSet: 0.0 ms]
      [Ref Proc: 0.1 ms]
      [Ref Enq: 0.0 ms]
      [Free CSet: 0.8 ms]
   [Eden: 993.0M(993.0M)->0.0B(986.0M) Survivors: 105.0M->107.0M Heap: 1621.6M(1938.0M)->630.7M(1938.0M)]
 [Times: user=0.47 sys=0.00, real=0.06 secs] 
350.035: Total time for which application threads were stopped: 0.0598570 seconds, Stopping threads took: 0.0000350 seconds
350.518: Application time: 0.4836300 seconds
350.518: [GC pause (young), 0.0556700 secs]
   [Parallel Time: 53.9 ms, GC Workers: 8]
      [GC Worker Start (ms): Min: 350518.5, Avg: 350519.6, Max: 350527.5, Diff: 9.0]
      [Ext Root Scanning (ms): Min: 0.0, Avg: 0.6, Max: 0.9, Diff: 0.9, Sum: 4.9]
      [Update RS (ms): Min: 0.0, Avg: 0.0, Max: 0.1, Diff: 0.1, Sum: 0.2]
         [Processed Buffers: Min: 0, Avg: 1.2, Max: 3, Diff: 3, Sum: 10]
      [Scan RS (ms): Min: 0.3, Avg: 0.4, Max: 0.5, Diff: 0.2, Sum: 3.3]
      [Code Root Scanning (ms): Min: 0.0, Avg: 0.0, Max: 0.0, Diff: 0.0, Sum: 0.1]
      [Object Copy (ms): Min: 44.4, Avg: 51.5, Max: 52.7, Diff: 8.2, Sum: 412.4]
      [Termination (ms): Min: 0.0, Avg: 0.0, Max: 0.0, Diff: 0.0, Sum: 0.0]
      [GC Worker Other (ms): Min: 0.0, Avg: 0.1, Max: 0.1, Diff: 0.1, Sum: 0.6]
      [GC Worker Total (ms): Min: 44.8, Avg: 52.7, Max: 53.9, Diff: 9.0, Sum: 421.4]
      [GC Worker End (ms): Min: 350572.3, Avg: 350572.3, Max: 350572.3, Diff: 0.1]
   [Code Root Fixup: 0.1 ms]
   [Code Root Migration: 0.1 ms]
   [Clear CT: 0.5 ms]
   [Other: 1.0 ms]
      [Choose CSet: 0.0 ms]
      [Ref Proc: 0.1 ms]
      [Ref Enq: 0.0 ms]
      [Free CSet: 0.8 ms]
   [Eden: 986.0M(986.0M)->0.0B(994.0M) Survivors: 107.0M->99.0M Heap: 1616.7M(1938.0M)->622.7M(1938.0M)]
 [Times: user=0.43 sys=0.00, real=0.06 secs] 
350.574: Total time for which application threads were stopped: 0.0558470 seconds, Stopping threads took: 0.0000490 seconds
351.060: Application time: 0.4853930 seconds
351.060: [GC pause (young), 0.0537010 secs]
   [Parallel Time: 52.1 ms, GC Workers: 8]
      [GC Worker Start (ms): Min: 351059.7, Avg: 351059.7, Max: 351059.8, Diff: 0.1]
      [Ext Root Scanning (ms): Min: 0.6, Avg: 0.7, Max: 0.7, Diff: 0.1, Sum: 5.4]
      [Update RS (ms): Min: 0.0, Avg: 0.0, Max: 0.1, Diff: 0.1, Sum: 0.2]
         [Processed Buffers: Min: 0, Avg: 1.1, Max: 5, Diff: 5, Sum: 9]
      [Scan RS (ms): Min: 0.3, Avg: 0.4, Max: 0.5, Diff: 0.1, Sum: 3.4]
      [Code Root Scanning (ms): Min: 0.0, Avg: 0.0, Max: 0.0, Diff: 0.0, Sum: 0.1]
      [Object Copy (ms): Min: 50.8, Avg: 50.9, Max: 51.0, Diff: 0.1, Sum: 407.0]
      [Termination (ms): Min: 0.0, Avg: 0.0, Max: 0.0, Diff: 0.0, Sum: 0.0]
      [GC Worker Other (ms): Min: 0.0, Avg: 0.1, Max: 0.1, Diff: 0.0, Sum: 0.5]
      [GC Worker Total (ms): Min: 52.0, Avg: 52.1, Max: 52.1, Diff: 0.1, Sum: 416.5]
      [GC Worker End (ms): Min: 351111.8, Avg: 351111.8, Max: 351111.8, Diff: 0.0]
   [Code Root Fixup: 0.1 ms]
   [Code Root Migration: 0.1 ms]
   [Clear CT: 0.4 ms]
   [Other: 0.9 ms]
      [Choose CSet: 0.0 ms]
      [Ref Proc: 0.1 ms]
      [Ref Enq: 0.0 ms]
      [Free CSet: 0.7 ms]
   [Eden: 994.0M(994.0M)->0.0B(995.0M) Survivors: 99.0M->97.0M Heap: 1616.7M(1938.0M)->620.3M(1938.0M)]
 [Times: user=0.42 sys=0.00, real=0.05 secs] 
351.113: Total time for which application threads were stopped: 0.0538760 seconds, Stopping threads took: 0.0000440 seconds
351.603: Application time: 0.4894650 seconds
351.603: [GC pause (young), 0.0557110 secs]
   [Parallel Time: 54.0 ms, GC Workers: 8]
      [GC Worker Start (ms): Min: 351603.1, Avg: 351603.1, Max: 351603.1, Diff: 0.1]
      [Ext Root Scanning (ms): Min: 0.6, Avg: 0.7, Max: 0.7, Diff: 0.1, Sum: 5.3]
      [Update RS (ms): Min: 0.0, Avg: 0.0, Max: 0.1, Diff: 0.1, Sum: 0.2]
         [Processed Buffers: Min: 0, Avg: 1.1, Max: 2, Diff: 2, Sum: 9]
      [Scan RS (ms): Min: 0.4, Avg: 0.4, Max: 0.5, Diff: 0.1, Sum: 3.5]
      [Code Root Scanning (ms): Min: 0.0, Avg: 0.0, Max: 0.0, Diff: 0.0, Sum: 0.1]
      [Object Copy (ms): Min: 52.7, Avg: 52.8, Max: 52.8, Diff: 0.1, Sum: 422.1]
      [Termination (ms): Min: 0.0, Avg: 0.0, Max: 0.0, Diff: 0.0, Sum: 0.0]
      [GC Worker Other (ms): Min: 0.0, Avg: 0.1, Max: 0.1, Diff: 0.0, Sum: 0.5]
      [GC Worker Total (ms): Min: 53.9, Avg: 54.0, Max: 54.0, Diff: 0.1, Sum: 431.7]
      [GC Worker End (ms): Min: 351657.0, Avg: 351657.0, Max: 351657.1, Diff: 0.0]
   [Code Root Fixup: 0.1 ms]
   [Code Root Migration: 0.1 ms]
   [Clear CT: 0.5 ms]
   [Other: 0.9 ms]
      [Choose CSet: 0.0 ms]
      [Ref Proc: 0.1 ms]
      [Ref Enq: 0.0 ms]
      [Free CSet: 0.7 ms]
   [Eden: 995.0M(995.0M)->0.0B(993.0M) Survivors: 97.0M->99.0M Heap: 1615.3M(1938.0M)->622.7M(1938.0M)]
 [Times: user=0.43 sys=0.00, real=0.06 secs] 
351.659: Total time for which application threads were stopped: 0.0559060 seconds, Stopping threads took: 0.0000560 seconds
352.153: Application time: 0.4940780 seconds
352.153: [GC pause (young), 0.0539720 secs]
   [Parallel Time: 52.4 ms, GC Workers: 8]
      [GC Worker Start (ms): Min: 352153.0, Avg: 352153.1, Max: 352153.1, Diff: 0.1]
      [Ext Root Scanning (ms): Min: 0.7, Avg: 0.7, Max: 0.7, Diff: 0.1, Sum: 5.4]
      [Update RS (ms): Min: 0.0, Avg: 0.0, Max: 0.1, Diff: 0.1, Sum: 0.2]
         [Processed Buffers: Min: 0, Avg: 1.1, Max: 3, Diff: 3, Sum: 9]
      [Scan RS (ms): Min: 0.4, Avg: 0.4, Max: 0.4, Diff: 0.1, Sum: 3.4]
      [Code Root Scanning (ms): Min: 0.0, Avg: 0.0, Max: 0.0, Diff: 0.0, Sum: 0.1]
      [Object Copy (ms): Min: 51.1, Avg: 51.1, Max: 51.1, Diff: 0.1, Sum: 408.8]
      [Termination (ms): Min: 0.0, Avg: 0.0, Max: 0.0, Diff: 0.0, Sum: 0.0]
      [GC Worker Other (ms): Min: 0.0, Avg: 0.1, Max: 0.1, Diff: 0.1, Sum: 0.5]
      [GC Worker Total (ms): Min: 52.2, Avg: 52.3, Max: 52.4, Diff: 0.1, Sum: 418.4]
      [GC Worker End (ms): Min: 352205.3, Avg: 352205.4, Max: 352205.4, Diff: 0.1]
   [Code Root Fixup: 0.1 ms]
   [Code Root Migration: 0.1 ms]
   [Clear CT: 0.5 ms]
   [Other: 0.9 ms]
      [Choose CSet: 0.0 ms]
      [Ref Proc: 0.1 ms]
      [Ref Enq: 0.0 ms]
      [Free CSet: 0.7 ms]
   [Eden: 993.0M(993.0M)->0.0B(997.0M) Survivors: 99.0M->96.0M Heap: 1615.7M(1938.0M)->619.2M(1938.0M)]
 [Times: user=0.42 sys=0.00, real=0.06 secs] 
352.207: Total time for which application threads were stopped: 0.0541560 seconds, Stopping threads took: 0.0000590 seconds
352.702: Application time: 0.4953230 seconds
352.702: [GC pause (young), 0.0480250 secs]
   [Parallel Time: 46.4 ms, GC Workers: 8]
      [GC Worker Start (ms): Min: 352702.5, Avg: 352702.5, Max: 352702.6, Diff: 0.1]
      [Ext Root Scanning (ms): Min: 0.6, Avg: 0.6, Max: 0.7, Diff: 0.1, Sum: 5.1]
      [Update RS (ms): Min: 0.0, Avg: 0.0, Max: 0.1, Diff: 0.1, Sum: 0.2]
         [Processed Buffers: Min: 0, Avg: 1.0, Max: 3, Diff: 3, Sum: 8]
      [Scan RS (ms): Min: 0.3, Avg: 0.4, Max: 0.5, Diff: 0.2, Sum: 3.5]
      [Code Root Scanning (ms): Min: 0.0, Avg: 0.0, Max: 0.0, Diff: 0.0, Sum: 0.1]
      [Object Copy (ms): Min: 45.1, Avg: 45.2, Max: 45.2, Diff: 0.1, Sum: 361.2]
      [Termination (ms): Min: 0.0, Avg: 0.0, Max: 0.0, Diff: 0.0, Sum: 0.0]
      [GC Worker Other (ms): Min: 0.0, Avg: 0.1, Max: 0.1, Diff: 0.0, Sum: 0.4]
      [GC Worker Total (ms): Min: 46.3, Avg: 46.3, Max: 46.4, Diff: 0.1, Sum: 370.6]
      [GC Worker End (ms): Min: 352748.8, Avg: 352748.9, Max: 352748.9, Diff: 0.0]
   [Code Root Fixup: 0.1 ms]
   [Code Root Migration: 0.1 ms]
   [Clear CT: 0.5 ms]
   [Other: 0.9 ms]
      [Choose CSet: 0.0 ms]
      [Ref Proc: 0.1 ms]
      [Ref Enq: 0.0 ms]
      [Free CSet: 0.7 ms]
   [Eden: 997.0M(997.0M)->0.0B(1014.0M) Survivors: 96.0M->83.0M Heap: 1616.2M(1938.0M)->606.7M(1938.0M)]
 [Times: user=0.37 sys=0.00, real=0.05 secs] 
352.751: Total time for which application threads were stopped: 0.0481930 seconds, Stopping threads took: 0.0000390 seconds
353.253: Application time: 0.5027340 seconds
353.253: [GC pause (young), 0.0362190 secs]
   [Parallel Time: 34.6 ms, GC Workers: 8]
      [GC Worker Start (ms): Min: 353253.4, Avg: 353253.5, Max: 353253.5, Diff: 0.1]
      [Ext Root Scanning (ms): Min: 0.6, Avg: 0.7, Max: 0.7, Diff: 0.1, Sum: 5.3]
      [Update RS (ms): Min: 0.0, Avg: 0.0, Max: 0.1, Diff: 0.1, Sum: 0.2]
         [Processed Buffers: Min: 0, Avg: 0.9, Max: 4, Diff: 4, Sum: 7]
      [Scan RS (ms): Min: 0.4, Avg: 0.4, Max: 0.4, Diff: 0.0, Sum: 3.3]
      [Code Root Scanning (ms): Min: 0.0, Avg: 0.0, Max: 0.0, Diff: 0.0, Sum: 0.1]
      [Object Copy (ms): Min: 33.3, Avg: 33.4, Max: 33.4, Diff: 0.0, Sum: 266.9]
      [Termination (ms): Min: 0.0, Avg: 0.0, Max: 0.0, Diff: 0.0, Sum: 0.0]
      [GC Worker Other (ms): Min: 0.0, Avg: 0.1, Max: 0.1, Diff: 0.1, Sum: 0.6]
      [GC Worker Total (ms): Min: 34.5, Avg: 34.5, Max: 34.6, Diff: 0.1, Sum: 276.4]
      [GC Worker End (ms): Min: 353288.0, Avg: 353288.0, Max: 353288.1, Diff: 0.1]
   [Code Root Fixup: 0.1 ms]
   [Code Root Migration: 0.1 ms]
   [Clear CT: 0.4 ms]
   [Other: 0.9 ms]
      [Choose CSet: 0.0 ms]
      [Ref Proc: 0.1 ms]
      [Ref Enq: 0.0 ms]
      [Free CSet: 0.7 ms]
   [Eden: 1014.0M(1014.0M)->0.0B(1042.0M) Survivors: 83.0M->64.0M Heap: 1620.7M(1938.0M)->587.7M(1938.0M)]
 [Times: user=0.28 sys=0.00, real=0.04 secs] 
353.290: Total time for which application threads were stopped: 0.0364090 seconds, Stopping threads took: 0.0000430 seconds
353.790: Application time: 0.5000730 seconds
353.790: [GC pause (young), 0.0335950 secs]
   [Parallel Time: 31.9 ms, GC Workers: 8]
      [GC Worker Start (ms): Min: 353789.9, Avg: 353789.9, Max: 353790.0, Diff: 0.1]
      [Ext Root Scanning (ms): Min: 0.7, Avg: 0.8, Max: 0.8, Diff: 0.1, Sum: 6.0]
      [Update RS (ms): Min: 0.0, Avg: 0.0, Max: 0.1, Diff: 0.1, Sum: 0.2]
         [Processed Buffers: Min: 0, Avg: 0.9, Max: 2, Diff: 2, Sum: 7]
      [Scan RS (ms): Min: 0.4, Avg: 0.4, Max: 0.5, Diff: 0.1, Sum: 3.6]
      [Code Root Scanning (ms): Min: 0.0, Avg: 0.0, Max: 0.0, Diff: 0.0, Sum: 0.1]
      [Object Copy (ms): Min: 30.5, Avg: 30.6, Max: 30.6, Diff: 0.1, Sum: 244.4]
      [Termination (ms): Min: 0.0, Avg: 0.0, Max: 0.0, Diff: 0.0, Sum: 0.0]
      [GC Worker Other (ms): Min: 0.0, Avg: 0.1, Max: 0.1, Diff: 0.1, Sum: 0.5]
      [GC Worker Total (ms): Min: 31.8, Avg: 31.8, Max: 31.9, Diff: 0.1, Sum: 254.8]
      [GC Worker End (ms): Min: 353821.8, Avg: 353821.8, Max: 353821.8, Diff: 0.1]
   [Code Root Fixup: 0.1 ms]
   [Code Root Migration: 0.1 ms]
   [Clear CT: 0.5 ms]
   [Other: 0.9 ms]
      [Choose CSet: 0.0 ms]
      [Ref Proc: 0.1 ms]
      [Ref Enq: 0.0 ms]
      [Free CSet: 0.7 ms]
   [Eden: 1042.0M(1042.0M)->0.0B(1046.0M) Survivors: 64.0M->65.0M Heap: 1629.7M(1938.0M)->588.7M(1938.0M)]
 [Times: user=0.26 sys=0.00, real=0.03 secs] 
353.824: Total time for which application threads were stopped: 0.0337600 seconds, Stopping threads took: 0.0000380 seconds
354.320: Application time: 0.4968170 seconds
354.320: [GC pause (young), 0.0460870 secs]
   [Parallel Time: 44.3 ms, GC Workers: 8]
      [GC Worker Start (ms): Min: 354320.5, Avg: 354320.5, Max: 354320.6, Diff: 0.1]
      [Ext Root Scanning (ms): Min: 0.6, Avg: 0.7, Max: 0.7, Diff: 0.1, Sum: 5.5]
      [Update RS (ms): Min: 0.0, Avg: 0.0, Max: 0.1, Diff: 0.1, Sum: 0.3]
         [Processed Buffers: Min: 0, Avg: 0.9, Max: 3, Diff: 3, Sum: 7]
      [Scan RS (ms): Min: 0.4, Avg: 0.4, Max: 0.5, Diff: 0.1, Sum: 3.5]
      [Code Root Scanning (ms): Min: 0.0, Avg: 0.0, Max: 0.0, Diff: 0.0, Sum: 0.1]
      [Object Copy (ms): Min: 43.0, Avg: 43.0, Max: 43.0, Diff: 0.0, Sum: 344.1]
      [Termination (ms): Min: 0.0, Avg: 0.0, Max: 0.0, Diff: 0.0, Sum: 0.0]
      [GC Worker Other (ms): Min: 0.0, Avg: 0.1, Max: 0.1, Diff: 0.0, Sum: 0.4]
      [GC Worker Total (ms): Min: 44.2, Avg: 44.2, Max: 44.3, Diff: 0.1, Sum: 353.9]
      [GC Worker End (ms): Min: 354364.7, Avg: 354364.8, Max: 354364.8, Diff: 0.0]
   [Code Root Fixup: 0.1 ms]
   [Code Root Migration: 0.1 ms]
   [Clear CT: 0.5 ms]
   [Other: 1.0 ms]
      [Choose CSet: 0.0 ms]
      [Ref Proc: 0.1 ms]
      [Ref Enq: 0.0 ms]
      [Free CSet: 0.8 ms]
   [Eden: 1046.0M(1046.0M)->0.0B(1017.0M) Survivors: 65.0M->89.0M Heap: 1634.7M(1938.0M)->612.2M(1938.0M)]
 [Times: user=0.35 sys=0.00, real=0.05 secs] 
354.367: Total time for which application threads were stopped: 0.0462630 seconds, Stopping threads took: 0.0000380 seconds
354.854: Application time: 0.4869120 seconds
354.854: [GC pause (young), 0.0578200 secs]
   [Parallel Time: 56.2 ms, GC Workers: 8]
      [GC Worker Start (ms): Min: 354853.7, Avg: 354853.7, Max: 354853.7, Diff: 0.1]
      [Ext Root Scanning (ms): Min: 0.6, Avg: 0.7, Max: 0.7, Diff: 0.1, Sum: 5.3]
      [Update RS (ms): Min: 0.0, Avg: 0.0, Max: 0.1, Diff: 0.1, Sum: 0.2]
         [Processed Buffers: Min: 0, Avg: 0.9, Max: 2, Diff: 2, Sum: 7]
      [Scan RS (ms): Min: 0.4, Avg: 0.4, Max: 0.5, Diff: 0.1, Sum: 3.4]
      [Code Root Scanning (ms): Min: 0.0, Avg: 0.0, Max: 0.0, Diff: 0.0, Sum: 0.1]
      [Object Copy (ms): Min: 54.9, Avg: 54.9, Max: 55.0, Diff: 0.1, Sum: 439.3]
      [Termination (ms): Min: 0.0, Avg: 0.0, Max: 0.0, Diff: 0.0, Sum: 0.0]
      [GC Worker Other (ms): Min: 0.0, Avg: 0.0, Max: 0.1, Diff: 0.0, Sum: 0.4]
      [GC Worker Total (ms): Min: 56.0, Avg: 56.1, Max: 56.1, Diff: 0.1, Sum: 448.7]
      [GC Worker End (ms): Min: 354909.8, Avg: 354909.8, Max: 354909.8, Diff: 0.0]
   [Code Root Fixup: 0.1 ms]
   [Code Root Migration: 0.1 ms]
   [Clear CT: 0.5 ms]
   [Other: 0.9 ms]
      [Choose CSet: 0.0 ms]
      [Ref Proc: 0.1 ms]
      [Ref Enq: 0.0 ms]
      [Free CSet: 0.7 ms]
   [Eden: 1017.0M(1017.0M)->0.0B(988.0M) Survivors: 89.0M->109.0M Heap: 1629.2M(1938.0M)->632.7M(1938.0M)]
 [Times: user=0.45 sys=0.00, real=0.05 secs] 
354.912: Total time for which application threads were stopped: 0.0579920 seconds, Stopping threads took: 0.0000460 seconds
355.395: Application time: 0.4830500 seconds
355.395: [GC pause (young), 0.0639490 secs]
   [Parallel Time: 62.2 ms, GC Workers: 8]
      [GC Worker Start (ms): Min: 355394.8, Avg: 355394.8, Max: 355394.8, Diff: 0.1]
      [Ext Root Scanning (ms): Min: 0.6, Avg: 0.7, Max: 0.7, Diff: 0.1, Sum: 5.2]
      [Update RS (ms): Min: 0.0, Avg: 0.0, Max: 0.1, Diff: 0.1, Sum: 0.2]
         [Processed Buffers: Min: 0, Avg: 0.9, Max: 4, Diff: 4, Sum: 7]
      [Scan RS (ms): Min: 0.4, Avg: 0.4, Max: 0.5, Diff: 0.1, Sum: 3.4]
      [Code Root Scanning (ms): Min: 0.0, Avg: 0.0, Max: 0.0, Diff: 0.0, Sum: 0.1]
      [Object Copy (ms): Min: 60.9, Avg: 61.0, Max: 61.1, Diff: 0.1, Sum: 488.0]
      [Termination (ms): Min: 0.0, Avg: 0.0, Max: 0.0, Diff: 0.0, Sum: 0.1]
      [GC Worker Other (ms): Min: 0.0, Avg: 0.1, Max: 0.1, Diff: 0.0, Sum: 0.5]
      [GC Worker Total (ms): Min: 62.1, Avg: 62.2, Max: 62.2, Diff: 0.1, Sum: 497.4]
      [GC Worker End (ms): Min: 355456.9, Avg: 355457.0, Max: 355457.0, Diff: 0.0]
   [Code Root Fixup: 0.1 ms]
   [Code Root Migration: 0.1 ms]
   [Clear CT: 0.5 ms]
   [Other: 1.0 ms]
      [Choose CSet: 0.0 ms]
      [Ref Proc: 0.1 ms]
      [Ref Enq: 0.0 ms]
      [Free CSet: 0.8 ms]
   [Eden: 988.0M(988.0M)->0.0B(974.0M) Survivors: 109.0M->115.0M Heap: 1620.7M(1938.0M)->638.2M(1938.0M)]
 [Times: user=0.50 sys=0.00, real=0.06 secs] 
355.459: Total time for which application threads were stopped: 0.0641470 seconds, Stopping threads took: 0.0000670 seconds
355.934: Application time: 0.4747820 seconds
355.934: [GC pause (young), 0.0610340 secs]
   [Parallel Time: 59.3 ms, GC Workers: 8]
      [GC Worker Start (ms): Min: 355933.7, Avg: 355933.7, Max: 355933.7, Diff: 0.1]
      [Ext Root Scanning (ms): Min: 0.6, Avg: 0.7, Max: 0.7, Diff: 0.1, Sum: 5.5]
      [Update RS (ms): Min: 0.0, Avg: 0.0, Max: 0.1, Diff: 0.1, Sum: 0.2]
         [Processed Buffers: Min: 0, Avg: 0.9, Max: 3, Diff: 3, Sum: 7]
      [Scan RS (ms): Min: 0.4, Avg: 0.4, Max: 0.5, Diff: 0.1, Sum: 3.4]
      [Code Root Scanning (ms): Min: 0.0, Avg: 0.0, Max: 0.0, Diff: 0.0, Sum: 0.1]
      [Object Copy (ms): Min: 58.0, Avg: 58.0, Max: 58.1, Diff: 0.0, Sum: 464.3]
      [Termination (ms): Min: 0.0, Avg: 0.0, Max: 0.0, Diff: 0.0, Sum: 0.0]
      [GC Worker Other (ms): Min: 0.0, Avg: 0.1, Max: 0.1, Diff: 0.0, Sum: 0.5]
      [GC Worker Total (ms): Min: 59.2, Avg: 59.2, Max: 59.3, Diff: 0.1, Sum: 474.0]
      [GC Worker End (ms): Min: 355992.9, Avg: 355992.9, Max: 355993.0, Diff: 0.0]
   [Code Root Fixup: 0.1 ms]
   [Code Root Migration: 0.1 ms]
   [Clear CT: 0.5 ms]
   [Other: 1.0 ms]
      [Choose CSet: 0.0 ms]
      [Ref Proc: 0.1 ms]
      [Ref Enq: 0.0 ms]
      [Free CSet: 0.8 ms]
   [Eden: 974.0M(974.0M)->0.0B(977.0M) Survivors: 115.0M->108.0M Heap: 1612.2M(1938.0M)->631.7M(1938.0M)]
 [Times: user=0.48 sys=0.00, real=0.06 secs] 
355.995: Total time for which application threads were stopped: 0.0612260 seconds, Stopping threads took: 0.0000530 seconds
356.473: Application time: 0.4785040 seconds
356.473: [GC pause (young), 0.0573610 secs]
   [Parallel Time: 55.8 ms, GC Workers: 8]
      [GC Worker Start (ms): Min: 356473.4, Avg: 356473.4, Max: 356473.5, Diff: 0.1]
      [Ext Root Scanning (ms): Min: 0.6, Avg: 0.7, Max: 0.7, Diff: 0.1, Sum: 5.3]
      [Update RS (ms): Min: 0.0, Avg: 0.0, Max: 0.1, Diff: 0.1, Sum: 0.2]
         [Processed Buffers: Min: 0, Avg: 0.9, Max: 4, Diff: 4, Sum: 7]
      [Scan RS (ms): Min: 0.4, Avg: 0.4, Max: 0.4, Diff: 0.1, Sum: 3.3]
      [Code Root Scanning (ms): Min: 0.0, Avg: 0.0, Max: 0.0, Diff: 0.0, Sum: 0.1]
      [Object Copy (ms): Min: 54.5, Avg: 54.5, Max: 54.6, Diff: 0.0, Sum: 436.3]
      [Termination (ms): Min: 0.0, Avg: 0.0, Max: 0.0, Diff: 0.0, Sum: 0.0]
      [GC Worker Other (ms): Min: 0.0, Avg: 0.1, Max: 0.1, Diff: 0.0, Sum: 0.5]
      [GC Worker Total (ms): Min: 55.7, Avg: 55.7, Max: 55.8, Diff: 0.1, Sum: 445.7]
      [GC Worker End (ms): Min: 356529.1, Avg: 356529.1, Max: 356529.2, Diff: 0.0]
   [Code Root Fixup: 0.1 ms]
   [Code Root Migration: 0.1 ms]
   [Clear CT: 0.5 ms]
   [Other: 0.9 ms]
      [Choose CSet: 0.0 ms]
      [Ref Proc: 0.1 ms]
      [Ref Enq: 0.0 ms]
      [Free CSet: 0.7 ms]
   [Eden: 977.0M(977.0M)->0.0B(980.0M) Survivors: 108.0M->104.0M Heap: 1608.7M(1938.0M)->627.2M(1938.0M)]
 [Times: user=0.45 sys=0.00, real=0.06 secs] 
356.531: Total time for which application threads were stopped: 0.0575360 seconds, Stopping threads took: 0.0000490 seconds
357.021: Application time: 0.4897290 seconds
357.021: [GC pause (young), 0.0530620 secs]
   [Parallel Time: 51.5 ms, GC Workers: 8]
      [GC Worker Start (ms): Min: 357020.7, Avg: 357020.7, Max: 357020.7, Diff: 0.1]
      [Ext Root Scanning (ms): Min: 0.6, Avg: 0.7, Max: 0.7, Diff: 0.1, Sum: 5.3]
      [Update RS (ms): Min: 0.0, Avg: 0.0, Max: 0.1, Diff: 0.1, Sum: 0.2]
         [Processed Buffers: Min: 0, Avg: 0.9, Max: 3, Diff: 3, Sum: 7]
      [Scan RS (ms): Min: 0.4, Avg: 0.4, Max: 0.5, Diff: 0.1, Sum: 3.4]
      [Code Root Scanning (ms): Min: 0.0, Avg: 0.0, Max: 0.0, Diff: 0.0, Sum: 0.1]
      [Object Copy (ms): Min: 50.3, Avg: 50.3, Max: 50.3, Diff: 0.1, Sum: 402.2]
      [Termination (ms): Min: 0.0, Avg: 0.0, Max: 0.0, Diff: 0.0, Sum: 0.0]
      [GC Worker Other (ms): Min: 0.0, Avg: 0.1, Max: 0.1, Diff: 0.1, Sum: 0.4]
      [GC Worker Total (ms): Min: 51.4, Avg: 51.5, Max: 51.5, Diff: 0.1, Sum: 411.7]
      [GC Worker End (ms): Min: 357072.1, Avg: 357072.2, Max: 357072.2, Diff: 0.0]
   [Code Root Fixup: 0.1 ms]
   [Code Root Migration: 0.1 ms]
   [Clear CT: 0.4 ms]
   [Other: 0.9 ms]
      [Choose CSet: 0.0 ms]
      [Ref Proc: 0.1 ms]
      [Ref Enq: 0.0 ms]
      [Free CSet: 0.7 ms]
   [Eden: 980.0M(980.0M)->0.0B(993.0M) Survivors: 104.0M->94.0M Heap: 1607.2M(1938.0M)->617.2M(1938.0M)]
 [Times: user=0.41 sys=0.00, real=0.06 secs] 
357.074: Total time for which application threads were stopped: 0.0532550 seconds, Stopping threads took: 0.0000640 seconds
357.568: Application time: 0.4939030 seconds
357.568: [GC pause (young), 0.0466530 secs]
   [Parallel Time: 45.1 ms, GC Workers: 8]
      [GC Worker Start (ms): Min: 357567.8, Avg: 357567.8, Max: 357567.8, Diff: 0.1]
      [Ext Root Scanning (ms): Min: 0.6, Avg: 0.7, Max: 0.7, Diff: 0.1, Sum: 5.3]
      [Update RS (ms): Min: 0.0, Avg: 0.0, Max: 0.1, Diff: 0.1, Sum: 0.2]
         [Processed Buffers: Min: 0, Avg: 0.9, Max: 2, Diff: 2, Sum: 7]
      [Scan RS (ms): Min: 0.4, Avg: 0.4, Max: 0.5, Diff: 0.1, Sum: 3.4]
      [Code Root Scanning (ms): Min: 0.0, Avg: 0.0, Max: 0.0, Diff: 0.0, Sum: 0.1]
      [Object Copy (ms): Min: 43.8, Avg: 43.9, Max: 43.9, Diff: 0.1, Sum: 350.8]
      [Termination (ms): Min: 0.0, Avg: 0.0, Max: 0.0, Diff: 0.0, Sum: 0.0]
      [GC Worker Other (ms): Min: 0.0, Avg: 0.1, Max: 0.1, Diff: 0.0, Sum: 0.4]
      [GC Worker Total (ms): Min: 45.0, Avg: 45.0, Max: 45.1, Diff: 0.0, Sum: 360.3]
      [GC Worker End (ms): Min: 357612.8, Avg: 357612.9, Max: 357612.9, Diff: 0.0]
   [Code Root Fixup: 0.1 ms]
   [Code Root Migration: 0.1 ms]
   [Clear CT: 0.4 ms]
   [Other: 0.9 ms]
      [Choose CSet: 0.0 ms]
      [Ref Proc: 0.1 ms]
      [Ref Enq: 0.0 ms]
      [Free CSet: 0.7 ms]
   [Eden: 993.0M(993.0M)->0.0B(1010.0M) Survivors: 94.0M->82.0M Heap: 1610.2M(1938.0M)->605.2M(1938.0M)]
 [Times: user=0.36 sys=0.01, real=0.05 secs] 
357.615: Total time for which application threads were stopped: 0.0468000 seconds, Stopping threads took: 0.0000130 seconds
358.111: Application time: 0.4964560 seconds
358.111: [GC pause (young), 0.0415340 secs]
   [Parallel Time: 39.9 ms, GC Workers: 8]
      [GC Worker Start (ms): Min: 358111.1, Avg: 358111.1, Max: 358111.1, Diff: 0.1]
      [Ext Root Scanning (ms): Min: 0.7, Avg: 0.7, Max: 0.7, Diff: 0.1, Sum: 5.5]
      [Update RS (ms): Min: 0.0, Avg: 0.0, Max: 0.1, Diff: 0.1, Sum: 0.2]
         [Processed Buffers: Min: 0, Avg: 0.9, Max: 4, Diff: 4, Sum: 7]
      [Scan RS (ms): Min: 0.4, Avg: 0.4, Max: 0.5, Diff: 0.1, Sum: 3.4]
      [Code Root Scanning (ms): Min: 0.0, Avg: 0.0, Max: 0.0, Diff: 0.0, Sum: 0.0]
      [Object Copy (ms): Min: 38.6, Avg: 38.6, Max: 38.6, Diff: 0.0, Sum: 308.8]
      [Termination (ms): Min: 0.0, Avg: 0.0, Max: 0.0, Diff: 0.0, Sum: 0.0]
      [GC Worker Other (ms): Min: 0.0, Avg: 0.1, Max: 0.1, Diff: 0.1, Sum: 0.5]
      [GC Worker Total (ms): Min: 39.8, Avg: 39.8, Max: 39.9, Diff: 0.1, Sum: 318.5]
      [GC Worker End (ms): Min: 358150.9, Avg: 358150.9, Max: 358150.9, Diff: 0.1]
   [Code Root Fixup: 0.1 ms]
   [Code Root Migration: 0.1 ms]
   [Clear CT: 0.4 ms]
   [Other: 1.0 ms]
      [Choose CSet: 0.0 ms]
      [Ref Proc: 0.2 ms]
      [Ref Enq: 0.0 ms]
      [Free CSet: 0.7 ms]
   [Eden: 1010.0M(1010.0M)->0.0B(1025.0M) Survivors: 82.0M->73.0M Heap: 1615.2M(1938.0M)->596.8M(1938.0M)]
 [Times: user=0.32 sys=0.00, real=0.04 secs] 
358.153: Total time for which application threads were stopped: 0.0416900 seconds, Stopping threads took: 0.0000320 seconds
358.660: Application time: 0.5075610 seconds
358.660: [GC pause (young), 0.0367030 secs]
   [Parallel Time: 35.1 ms, GC Workers: 8]
      [GC Worker Start (ms): Min: 358660.4, Avg: 358660.4, Max: 358660.4, Diff: 0.1]
      [Ext Root Scanning (ms): Min: 0.6, Avg: 0.7, Max: 0.7, Diff: 0.1, Sum: 5.4]
      [Update RS (ms): Min: 0.0, Avg: 0.0, Max: 0.1, Diff: 0.1, Sum: 0.3]
         [Processed Buffers: Min: 0, Avg: 0.9, Max: 3, Diff: 3, Sum: 7]
      [Scan RS (ms): Min: 0.4, Avg: 0.5, Max: 0.5, Diff: 0.1, Sum: 3.7]
      [Code Root Scanning (ms): Min: 0.0, Avg: 0.0, Max: 0.0, Diff: 0.0, Sum: 0.1]
      [Object Copy (ms): Min: 33.7, Avg: 33.7, Max: 33.8, Diff: 0.1, Sum: 269.6]
      [Termination (ms): Min: 0.0, Avg: 0.0, Max: 0.0, Diff: 0.0, Sum: 0.0]
      [GC Worker Other (ms): Min: 0.0, Avg: 0.1, Max: 0.1, Diff: 0.1, Sum: 0.5]
      [GC Worker Total (ms): Min: 34.9, Avg: 35.0, Max: 35.0, Diff: 0.1, Sum: 279.6]
      [GC Worker End (ms): Min: 358695.3, Avg: 358695.3, Max: 358695.4, Diff: 0.1]
   [Code Root Fixup: 0.1 ms]
   [Code Root Migration: 0.1 ms]
   [Clear CT: 0.5 ms]
   [Other: 0.9 ms]
      [Choose CSet: 0.0 ms]
      [Ref Proc: 0.1 ms]
      [Ref Enq: 0.0 ms]
      [Free CSet: 0.7 ms]
   [Eden: 1025.0M(1025.0M)->0.0B(1039.0M) Survivors: 73.0M->65.0M Heap: 1621.8M(1938.0M)->588.8M(1938.0M)]
 [Times: user=0.28 sys=0.00, real=0.04 secs] 
358.697: Total time for which application threads were stopped: 0.0368990 seconds, Stopping threads took: 0.0000610 seconds
359.199: Application time: 0.5019660 seconds
359.199: [GC pause (young), 0.0415600 secs]
   [Parallel Time: 39.9 ms, GC Workers: 8]
      [GC Worker Start (ms): Min: 359199.2, Avg: 359199.2, Max: 359199.3, Diff: 0.1]
      [Ext Root Scanning (ms): Min: 0.6, Avg: 0.7, Max: 0.8, Diff: 0.1, Sum: 5.6]
      [Update RS (ms): Min: 0.0, Avg: 0.0, Max: 0.1, Diff: 0.1, Sum: 0.3]
         [Processed Buffers: Min: 0, Avg: 0.9, Max: 3, Diff: 3, Sum: 7]
      [Scan RS (ms): Min: 0.3, Avg: 0.4, Max: 0.5, Diff: 0.1, Sum: 3.5]
      [Code Root Scanning (ms): Min: 0.0, Avg: 0.0, Max: 0.0, Diff: 0.0, Sum: 0.1]
      [Object Copy (ms): Min: 38.5, Avg: 38.6, Max: 38.6, Diff: 0.1, Sum: 308.5]
      [Termination (ms): Min: 0.0, Avg: 0.0, Max: 0.0, Diff: 0.0, Sum: 0.0]
      [GC Worker Other (ms): Min: 0.0, Avg: 0.0, Max: 0.1, Diff: 0.0, Sum: 0.4]
      [GC Worker Total (ms): Min: 39.7, Avg: 39.8, Max: 39.8, Diff: 0.1, Sum: 318.3]
      [GC Worker End (ms): Min: 359239.0, Avg: 359239.0, Max: 359239.0, Diff: 0.0]
   [Code Root Fixup: 0.1 ms]
   [Code Root Migration: 0.1 ms]
   [Clear CT: 0.5 ms]
   [Other: 1.0 ms]
      [Choose CSet: 0.0 ms]
      [Ref Proc: 0.1 ms]
      [Ref Enq: 0.0 ms]
      [Free CSet: 0.8 ms]
   [Eden: 1039.0M(1039.0M)->0.0B(1024.0M) Survivors: 65.0M->80.0M Heap: 1627.8M(1938.0M)->603.8M(1938.0M)]
 [Times: user=0.32 sys=0.00, real=0.04 secs] 
359.241: Total time for which application threads were stopped: 0.0417300 seconds, Stopping threads took: 0.0000270 seconds
359.737: Application time: 0.4962700 seconds
359.737: [GC pause (young), 0.0434010 secs]
   [Parallel Time: 41.7 ms, GC Workers: 8]
      [GC Worker Start (ms): Min: 359737.2, Avg: 359737.2, Max: 359737.3, Diff: 0.1]
      [Ext Root Scanning (ms): Min: 0.7, Avg: 0.7, Max: 0.8, Diff: 0.1, Sum: 5.7]
      [Update RS (ms): Min: 0.0, Avg: 0.0, Max: 0.1, Diff: 0.1, Sum: 0.3]
         [Processed Buffers: Min: 0, Avg: 0.9, Max: 4, Diff: 4, Sum: 7]
      [Scan RS (ms): Min: 0.4, Avg: 0.5, Max: 0.5, Diff: 0.1, Sum: 3.6]
      [Code Root Scanning (ms): Min: 0.0, Avg: 0.0, Max: 0.0, Diff: 0.0, Sum: 0.1]
      [Object Copy (ms): Min: 40.3, Avg: 40.4, Max: 40.4, Diff: 0.1, Sum: 323.1]
      [Termination (ms): Min: 0.0, Avg: 0.0, Max: 0.0, Diff: 0.0, Sum: 0.0]
      [GC Worker Other (ms): Min: 0.0, Avg: 0.0, Max: 0.1, Diff: 0.0, Sum: 0.4]
      [GC Worker Total (ms): Min: 41.6, Avg: 41.7, Max: 41.7, Diff: 0.1, Sum: 333.2]
      [GC Worker End (ms): Min: 359778.9, Avg: 359778.9, Max: 359778.9, Diff: 0.0]
   [Code Root Fixup: 0.1 ms]
   [Code Root Migration: 0.1 ms]
   [Clear CT: 0.5 ms]
   [Other: 0.9 ms]
      [Choose CSet: 0.0 ms]
      [Ref Proc: 0.1 ms]
      [Ref Enq: 0.0 ms]
      [Free CSet: 0.7 ms]
   [Eden: 1024.0M(1024.0M)->0.0B(1019.0M) Survivors: 80.0M->84.0M Heap: 1627.8M(1938.0M)->607.8M(1938.0M)]
 [Times: user=0.33 sys=0.00, real=0.04 secs] 
359.781: Total time for which application threads were stopped: 0.0435530 seconds, Stopping threads took: 0.0000320 seconds
360.269: Application time: 0.4882080 seconds
360.269: [GC pause (young), 0.0531050 secs]
   [Parallel Time: 51.4 ms, GC Workers: 8]
      [GC Worker Start (ms): Min: 360269.0, Avg: 360269.0, Max: 360269.0, Diff: 0.1]
      [Ext Root Scanning (ms): Min: 0.6, Avg: 0.7, Max: 0.7, Diff: 0.1, Sum: 5.4]
      [Update RS (ms): Min: 0.0, Avg: 0.0, Max: 0.1, Diff: 0.1, Sum: 0.2]
         [Processed Buffers: Min: 0, Avg: 0.9, Max: 4, Diff: 4, Sum: 7]
      [Scan RS (ms): Min: 0.4, Avg: 0.4, Max: 0.5, Diff: 0.1, Sum: 3.4]
      [Code Root Scanning (ms): Min: 0.0, Avg: 0.0, Max: 0.0, Diff: 0.0, Sum: 0.1]
      [Object Copy (ms): Min: 50.2, Avg: 50.2, Max: 50.2, Diff: 0.0, Sum: 401.3]
      [Termination (ms): Min: 0.0, Avg: 0.0, Max: 0.0, Diff: 0.0, Sum: 0.0]
      [GC Worker Other (ms): Min: 0.0, Avg: 0.1, Max: 0.1, Diff: 0.0, Sum: 0.5]
      [GC Worker Total (ms): Min: 51.3, Avg: 51.4, Max: 51.4, Diff: 0.1, Sum: 410.9]
      [GC Worker End (ms): Min: 360320.3, Avg: 360320.4, Max: 360320.4, Diff: 0.0]
   [Code Root Fixup: 0.1 ms]
   [Code Root Migration: 0.1 ms]
   [Clear CT: 0.5 ms]
   [Other: 0.9 ms]
      [Choose CSet: 0.0 ms]
      [Ref Proc: 0.1 ms]
      [Ref Enq: 0.0 ms]
      [Free CSet: 0.7 ms]
   [Eden: 1019.0M(1019.0M)->0.0B(994.0M) Survivors: 84.0M->103.0M Heap: 1626.8M(1938.0M)->626.3M(1938.0M)]
 [Times: user=0.42 sys=0.00, real=0.05 secs] 
360.322: Total time for which application threads were stopped: 0.0532920 seconds, Stopping threads took: 0.0000490 seconds
360.800: Application time: 0.4776210 seconds
360.800: [GC pause (young), 0.0619640 secs]
   [Parallel Time: 60.3 ms, GC Workers: 8]
      [GC Worker Start (ms): Min: 360799.9, Avg: 360799.9, Max: 360799.9, Diff: 0.1]
      [Ext Root Scanning (ms): Min: 0.6, Avg: 0.7, Max: 0.7, Diff: 0.1, Sum: 5.2]
      [Update RS (ms): Min: 0.0, Avg: 0.0, Max: 0.1, Diff: 0.1, Sum: 0.2]
         [Processed Buffers: Min: 0, Avg: 0.9, Max: 3, Diff: 3, Sum: 7]
      [Scan RS (ms): Min: 0.4, Avg: 0.4, Max: 0.5, Diff: 0.1, Sum: 3.4]
      [Code Root Scanning (ms): Min: 0.0, Avg: 0.0, Max: 0.0, Diff: 0.0, Sum: 0.1]
      [Object Copy (ms): Min: 59.1, Avg: 59.1, Max: 59.1, Diff: 0.0, Sum: 472.7]
      [Termination (ms): Min: 0.0, Avg: 0.0, Max: 0.0, Diff: 0.0, Sum: 0.1]
      [GC Worker Other (ms): Min: 0.0, Avg: 0.1, Max: 0.1, Diff: 0.0, Sum: 0.5]
      [GC Worker Total (ms): Min: 60.2, Avg: 60.3, Max: 60.3, Diff: 0.1, Sum: 482.1]
      [GC Worker End (ms): Min: 360860.2, Avg: 360860.2, Max: 360860.2, Diff: 0.0]
   [Code Root Fixup: 0.1 ms]
   [Code Root Migration: 0.1 ms]
   [Clear CT: 0.4 ms]
   [Other: 0.9 ms]
      [Choose CSet: 0.0 ms]
      [Ref Proc: 0.1 ms]
      [Ref Enq: 0.0 ms]
      [Free CSet: 0.7 ms]
   [Eden: 994.0M(994.0M)->0.0B(975.0M) Survivors: 103.0M->115.0M Heap: 1620.3M(1938.0M)->638.8M(1938.0M)]
 [Times: user=0.49 sys=0.00, real=0.06 secs] 
360.862: Total time for which application threads were stopped: 0.0621300 seconds, Stopping threads took: 0.0000370 seconds
361.337: Application time: 0.4746730 seconds
361.337: [GC pause (young), 0.0640590 secs]
   [Parallel Time: 62.4 ms, GC Workers: 8]
      [GC Worker Start (ms): Min: 361336.7, Avg: 361336.7, Max: 361336.8, Diff: 0.1]
      [Ext Root Scanning (ms): Min: 0.6, Avg: 0.7, Max: 0.7, Diff: 0.1, Sum: 5.2]
      [Update RS (ms): Min: 0.0, Avg: 0.0, Max: 0.1, Diff: 0.1, Sum: 0.2]
         [Processed Buffers: Min: 0, Avg: 0.9, Max: 3, Diff: 3, Sum: 7]
      [Scan RS (ms): Min: 0.3, Avg: 0.4, Max: 0.5, Diff: 0.2, Sum: 3.5]
      [Code Root Scanning (ms): Min: 0.0, Avg: 0.0, Max: 0.0, Diff: 0.0, Sum: 0.1]
      [Object Copy (ms): Min: 61.1, Avg: 61.1, Max: 61.2, Diff: 0.1, Sum: 489.0]
      [Termination (ms): Min: 0.0, Avg: 0.0, Max: 0.0, Diff: 0.0, Sum: 0.0]
      [GC Worker Other (ms): Min: 0.0, Avg: 0.1, Max: 0.1, Diff: 0.1, Sum: 0.4]
      [GC Worker Total (ms): Min: 62.3, Avg: 62.3, Max: 62.3, Diff: 0.1, Sum: 498.5]
      [GC Worker End (ms): Min: 361399.0, Avg: 361399.0, Max: 361399.1, Diff: 0.0]
   [Code Root Fixup: 0.1 ms]
   [Code Root Migration: 0.1 ms]
   [Clear CT: 0.4 ms]
   [Other: 1.0 ms]
      [Choose CSet: 0.0 ms]
      [Ref Proc: 0.1 ms]
      [Ref Enq: 0.0 ms]
      [Free CSet: 0.8 ms]
   [Eden: 975.0M(975.0M)->0.0B(969.0M) Survivors: 115.0M->115.0M Heap: 1613.8M(1938.0M)->638.8M(1938.0M)]
 [Times: user=0.50 sys=0.00, real=0.06 secs] 
361.401: Total time for which application threads were stopped: 0.0642340 seconds, Stopping threads took: 0.0000470 seconds
361.874: Application time: 0.4733800 seconds
361.874: [GC pause (young), 0.0610120 secs]
   [Parallel Time: 59.4 ms, GC Workers: 8]
      [GC Worker Start (ms): Min: 361874.3, Avg: 361874.4, Max: 361874.4, Diff: 0.1]
      [Ext Root Scanning (ms): Min: 0.6, Avg: 0.6, Max: 0.7, Diff: 0.1, Sum: 5.2]
      [Update RS (ms): Min: 0.0, Avg: 0.0, Max: 0.1, Diff: 0.1, Sum: 0.2]
         [Processed Buffers: Min: 0, Avg: 0.9, Max: 4, Diff: 4, Sum: 7]
      [Scan RS (ms): Min: 0.4, Avg: 0.4, Max: 0.5, Diff: 0.1, Sum: 3.4]
      [Code Root Scanning (ms): Min: 0.0, Avg: 0.0, Max: 0.0, Diff: 0.0, Sum: 0.1]
      [Object Copy (ms): Min: 58.2, Avg: 58.2, Max: 58.2, Diff: 0.1, Sum: 465.5]
      [Termination (ms): Min: 0.0, Avg: 0.0, Max: 0.0, Diff: 0.0, Sum: 0.1]
      [GC Worker Other (ms): Min: 0.0, Avg: 0.1, Max: 0.1, Diff: 0.0, Sum: 0.5]
      [GC Worker Total (ms): Min: 59.3, Avg: 59.4, Max: 59.4, Diff: 0.1, Sum: 474.9]
      [GC Worker End (ms): Min: 361933.7, Avg: 361933.7, Max: 361933.8, Diff: 0.0]
   [Code Root Fixup: 0.1 ms]
   [Code Root Migration: 0.1 ms]
   [Clear CT: 0.4 ms]
   [Other: 0.9 ms]
      [Choose CSet: 0.0 ms]
      [Ref Proc: 0.1 ms]
      [Ref Enq: 0.0 ms]
      [Free CSet: 0.7 ms]
   [Eden: 969.0M(969.0M)->0.0B(972.0M) Survivors: 115.0M->109.0M Heap: 1607.8M(1938.0M)->632.3M(1938.0M)]
 [Times: user=0.47 sys=0.00, real=0.06 secs] 
361.935: Total time for which application threads were stopped: 0.0612210 seconds, Stopping threads took: 0.0000710 seconds
362.413: Application time: 0.4775700 seconds
362.413: [GC pause (young), 0.0577180 secs]
   [Parallel Time: 56.2 ms, GC Workers: 8]
      [GC Worker Start (ms): Min: 362413.1, Avg: 362413.1, Max: 362413.2, Diff: 0.0]
      [Ext Root Scanning (ms): Min: 0.6, Avg: 0.6, Max: 0.7, Diff: 0.1, Sum: 5.2]
      [Update RS (ms): Min: 0.0, Avg: 0.0, Max: 0.1, Diff: 0.1, Sum: 0.2]
         [Processed Buffers: Min: 0, Avg: 0.9, Max: 3, Diff: 3, Sum: 7]
      [Scan RS (ms): Min: 0.4, Avg: 0.4, Max: 0.4, Diff: 0.1, Sum: 3.2]
      [Code Root Scanning (ms): Min: 0.0, Avg: 0.0, Max: 0.0, Diff: 0.0, Sum: 0.1]
      [Object Copy (ms): Min: 54.9, Avg: 55.0, Max: 55.0, Diff: 0.1, Sum: 439.8]
      [Termination (ms): Min: 0.0, Avg: 0.0, Max: 0.0, Diff: 0.0, Sum: 0.0]
      [GC Worker Other (ms): Min: 0.0, Avg: 0.1, Max: 0.1, Diff: 0.0, Sum: 0.4]
      [GC Worker Total (ms): Min: 56.1, Avg: 56.1, Max: 56.2, Diff: 0.1, Sum: 448.9]
      [GC Worker End (ms): Min: 362469.2, Avg: 362469.3, Max: 362469.3, Diff: 0.0]
   [Code Root Fixup: 0.1 ms]
   [Code Root Migration: 0.1 ms]
   [Clear CT: 0.4 ms]
   [Other: 0.9 ms]
      [Choose CSet: 0.0 ms]
      [Ref Proc: 0.1 ms]
      [Ref Enq: 0.0 ms]
      [Free CSet: 0.7 ms]
   [Eden: 972.0M(972.0M)->0.0B(978.0M) Survivors: 109.0M->103.0M Heap: 1604.3M(1938.0M)->626.8M(1938.0M)]
 [Times: user=0.44 sys=0.00, real=0.06 secs] 
362.471: Total time for which application threads were stopped: 0.0578940 seconds, Stopping threads took: 0.0000510 seconds
362.957: Application time: 0.4859820 seconds
362.958: [GC pause (young), 0.0528740 secs]
   [Parallel Time: 51.3 ms, GC Workers: 8]
      [GC Worker Start (ms): Min: 362957.6, Avg: 362957.7, Max: 362957.7, Diff: 0.1]
      [Ext Root Scanning (ms): Min: 0.6, Avg: 0.7, Max: 0.8, Diff: 0.2, Sum: 5.3]
      [Update RS (ms): Min: 0.0, Avg: 0.0, Max: 0.1, Diff: 0.1, Sum: 0.2]
         [Processed Buffers: Min: 0, Avg: 0.9, Max: 4, Diff: 4, Sum: 7]
      [Scan RS (ms): Min: 0.3, Avg: 0.4, Max: 0.5, Diff: 0.2, Sum: 3.4]
      [Code Root Scanning (ms): Min: 0.0, Avg: 0.0, Max: 0.0, Diff: 0.0, Sum: 0.1]
      [Object Copy (ms): Min: 49.9, Avg: 50.0, Max: 50.0, Diff: 0.1, Sum: 399.8]
      [Termination (ms): Min: 0.0, Avg: 0.0, Max: 0.0, Diff: 0.0, Sum: 0.0]
      [GC Worker Other (ms): Min: 0.0, Avg: 0.1, Max: 0.1, Diff: 0.1, Sum: 0.5]
      [GC Worker Total (ms): Min: 51.1, Avg: 51.2, Max: 51.2, Diff: 0.1, Sum: 409.2]
      [GC Worker End (ms): Min: 363008.8, Avg: 363008.8, Max: 363008.9, Diff: 0.1]
   [Code Root Fixup: 0.1 ms]
   [Code Root Migration: 0.1 ms]
   [Clear CT: 0.4 ms]
   [Other: 0.9 ms]
      [Choose CSet: 0.0 ms]
      [Ref Proc: 0.1 ms]
      [Ref Enq: 0.0 ms]
      [Free CSet: 0.7 ms]
   [Eden: 978.0M(978.0M)->0.0B(991.0M) Survivors: 103.0M->93.0M Heap: 1604.8M(1938.0M)->616.8M(1938.0M)]
 [Times: user=0.41 sys=0.00, real=0.05 secs] 
363.011: Total time for which application threads were stopped: 0.0536800 seconds, Stopping threads took: 0.0006800 seconds
363.505: Application time: 0.4948330 seconds
363.505: [GC pause (young), 0.0506310 secs]
   [Parallel Time: 49.1 ms, GC Workers: 8]
      [GC Worker Start (ms): Min: 363505.5, Avg: 363505.6, Max: 363505.6, Diff: 0.1]
      [Ext Root Scanning (ms): Min: 0.6, Avg: 0.6, Max: 0.7, Diff: 0.1, Sum: 5.2]
      [Update RS (ms): Min: 0.0, Avg: 0.0, Max: 0.1, Diff: 0.1, Sum: 0.3]
         [Processed Buffers: Min: 0, Avg: 0.9, Max: 2, Diff: 2, Sum: 7]
      [Scan RS (ms): Min: 0.4, Avg: 0.4, Max: 0.5, Diff: 0.1, Sum: 3.4]
      [Code Root Scanning (ms): Min: 0.0, Avg: 0.0, Max: 0.0, Diff: 0.0, Sum: 0.1]
      [Object Copy (ms): Min: 47.7, Avg: 47.8, Max: 47.8, Diff: 0.1, Sum: 382.3]
      [Termination (ms): Min: 0.0, Avg: 0.0, Max: 0.0, Diff: 0.0, Sum: 0.0]
      [GC Worker Other (ms): Min: 0.0, Avg: 0.1, Max: 0.1, Diff: 0.1, Sum: 0.4]
      [GC Worker Total (ms): Min: 48.9, Avg: 48.9, Max: 49.0, Diff: 0.1, Sum: 391.6]
      [GC Worker End (ms): Min: 363554.5, Avg: 363554.5, Max: 363554.5, Diff: 0.1]
   [Code Root Fixup: 0.1 ms]
   [Code Root Migration: 0.1 ms]
   [Clear CT: 0.4 ms]
   [Other: 0.9 ms]
      [Choose CSet: 0.0 ms]
      [Ref Proc: 0.1 ms]
      [Ref Enq: 0.0 ms]
      [Free CSet: 0.7 ms]
   [Eden: 991.0M(991.0M)->0.0B(1002.0M) Survivors: 93.0M->86.0M Heap: 1607.8M(1938.0M)->609.8M(1938.0M)]
 [Times: user=0.40 sys=0.00, real=0.06 secs] 
363.556: Total time for which application threads were stopped: 0.0508110 seconds, Stopping threads took: 0.0000480 seconds
364.057: Application time: 0.5009580 seconds
364.057: [GC pause (young), 0.0459090 secs]
   [Parallel Time: 44.2 ms, GC Workers: 8]
      [GC Worker Start (ms): Min: 364057.3, Avg: 364057.3, Max: 364057.3, Diff: 0.1]
      [Ext Root Scanning (ms): Min: 0.6, Avg: 0.7, Max: 0.7, Diff: 0.1, Sum: 5.4]
      [Update RS (ms): Min: 0.0, Avg: 0.0, Max: 0.1, Diff: 0.1, Sum: 0.3]
         [Processed Buffers: Min: 0, Avg: 0.9, Max: 2, Diff: 2, Sum: 7]
      [Scan RS (ms): Min: 0.4, Avg: 0.4, Max: 0.5, Diff: 0.1, Sum: 3.5]
      [Code Root Scanning (ms): Min: 0.0, Avg: 0.0, Max: 0.0, Diff: 0.0, Sum: 0.1]
      [Object Copy (ms): Min: 42.8, Avg: 42.9, Max: 43.0, Diff: 0.1, Sum: 343.0]
      [Termination (ms): Min: 0.0, Avg: 0.0, Max: 0.0, Diff: 0.0, Sum: 0.0]
      [GC Worker Other (ms): Min: 0.0, Avg: 0.1, Max: 0.1, Diff: 0.0, Sum: 0.5]
      [GC Worker Total (ms): Min: 44.0, Avg: 44.1, Max: 44.1, Diff: 0.1, Sum: 352.8]
      [GC Worker End (ms): Min: 364101.4, Avg: 364101.4, Max: 364101.4, Diff: 0.0]
   [Code Root Fixup: 0.1 ms]
   [Code Root Migration: 0.1 ms]
   [Clear CT: 0.4 ms]
   [Other: 1.0 ms]
      [Choose CSet: 0.0 ms]
      [Ref Proc: 0.1 ms]
      [Ref Enq: 0.0 ms]
      [Free CSet: 0.8 ms]
   [Eden: 1002.0M(1002.0M)->0.0B(1016.0M) Survivors: 86.0M->77.0M Heap: 1611.8M(1938.0M)->600.8M(1938.0M)]
 [Times: user=0.36 sys=0.00, real=0.04 secs] 
364.103: Total time for which application threads were stopped: 0.0460860 seconds, Stopping threads took: 0.0000510 seconds
364.604: Application time: 0.5010860 seconds
364.604: [GC pause (young), 0.0419490 secs]
   [Parallel Time: 40.3 ms, GC Workers: 8]
      [GC Worker Start (ms): Min: 364604.5, Avg: 364606.7, Max: 364613.5, Diff: 9.0]
      [Ext Root Scanning (ms): Min: 0.0, Avg: 0.5, Max: 0.8, Diff: 0.8, Sum: 4.3]
      [Update RS (ms): Min: 0.0, Avg: 0.0, Max: 0.1, Diff: 0.1, Sum: 0.2]
         [Processed Buffers: Min: 0, Avg: 0.9, Max: 5, Diff: 5, Sum: 7]
      [Scan RS (ms): Min: 0.2, Avg: 0.3, Max: 0.5, Diff: 0.3, Sum: 2.8]
      [Code Root Scanning (ms): Min: 0.0, Avg: 0.0, Max: 0.0, Diff: 0.0, Sum: 0.1]
      [Object Copy (ms): Min: 30.9, Avg: 37.0, Max: 39.0, Diff: 8.0, Sum: 295.7]
      [Termination (ms): Min: 0.0, Avg: 0.0, Max: 0.0, Diff: 0.0, Sum: 0.0]
      [GC Worker Other (ms): Min: 0.0, Avg: 0.1, Max: 0.1, Diff: 0.1, Sum: 0.7]
      [GC Worker Total (ms): Min: 31.2, Avg: 38.0, Max: 40.3, Diff: 9.1, Sum: 303.7]
      [GC Worker End (ms): Min: 364644.7, Avg: 364644.7, Max: 364644.7, Diff: 0.1]
   [Code Root Fixup: 0.1 ms]
   [Code Root Migration: 0.1 ms]
   [Clear CT: 0.5 ms]
   [Other: 0.9 ms]
      [Choose CSet: 0.0 ms]
      [Ref Proc: 0.1 ms]
      [Ref Enq: 0.0 ms]
      [Free CSet: 0.7 ms]
   [Eden: 1016.0M(1016.0M)->0.0B(1026.0M) Survivors: 77.0M->73.0M Heap: 1616.8M(1938.0M)->596.3M(1938.0M)]
 [Times: user=0.31 sys=0.00, real=0.05 secs] 
364.646: Total time for which application threads were stopped: 0.0421410 seconds, Stopping threads took: 0.0000630 seconds
365.145: Application time: 0.4987030 seconds
365.145: [GC pause (young), 0.0300050 secs]
   [Parallel Time: 28.4 ms, GC Workers: 8]
      [GC Worker Start (ms): Min: 365145.3, Avg: 365145.3, Max: 365145.4, Diff: 0.1]
      [Ext Root Scanning (ms): Min: 0.6, Avg: 0.7, Max: 0.8, Diff: 0.1, Sum: 5.6]
      [Update RS (ms): Min: 0.0, Avg: 0.0, Max: 0.1, Diff: 0.1, Sum: 0.2]
         [Processed Buffers: Min: 0, Avg: 0.9, Max: 2, Diff: 2, Sum: 7]
      [Scan RS (ms): Min: 0.4, Avg: 0.4, Max: 0.5, Diff: 0.1, Sum: 3.5]
      [Code Root Scanning (ms): Min: 0.0, Avg: 0.0, Max: 0.0, Diff: 0.0, Sum: 0.1]
      [Object Copy (ms): Min: 27.1, Avg: 27.1, Max: 27.1, Diff: 0.1, Sum: 216.9]
      [Termination (ms): Min: 0.0, Avg: 0.0, Max: 0.0, Diff: 0.0, Sum: 0.0]
      [GC Worker Other (ms): Min: 0.0, Avg: 0.1, Max: 0.1, Diff: 0.0, Sum: 0.4]
      [GC Worker Total (ms): Min: 28.3, Avg: 28.3, Max: 28.4, Diff: 0.1, Sum: 226.7]
      [GC Worker End (ms): Min: 365173.6, Avg: 365173.7, Max: 365173.7, Diff: 0.0]
   [Code Root Fixup: 0.1 ms]
   [Code Root Migration: 0.1 ms]
   [Clear CT: 0.4 ms]
   [Other: 0.9 ms]
      [Choose CSet: 0.0 ms]
      [Ref Proc: 0.1 ms]
      [Ref Enq: 0.0 ms]
      [Free CSet: 0.7 ms]
   [Eden: 1026.0M(1026.0M)->0.0B(1052.0M) Survivors: 73.0M->55.0M Heap: 1622.3M(1938.0M)->578.3M(1938.0M)]
 [Times: user=0.23 sys=0.00, real=0.04 secs] 
365.175: Total time for which application threads were stopped: 0.0301800 seconds, Stopping threads took: 0.0000380 seconds
365.671: Application time: 0.4956980 seconds
365.671: [GC pause (young), 0.0361760 secs]
   [Parallel Time: 34.4 ms, GC Workers: 8]
      [GC Worker Start (ms): Min: 365671.2, Avg: 365671.2, Max: 365671.3, Diff: 0.1]
      [Ext Root Scanning (ms): Min: 0.5, Avg: 0.8, Max: 1.0, Diff: 0.5, Sum: 6.1]
      [Update RS (ms): Min: 0.0, Avg: 0.0, Max: 0.1, Diff: 0.1, Sum: 0.3]
         [Processed Buffers: Min: 0, Avg: 0.9, Max: 2, Diff: 2, Sum: 7]
      [Scan RS (ms): Min: 0.3, Avg: 0.5, Max: 0.5, Diff: 0.2, Sum: 3.8]
      [Code Root Scanning (ms): Min: 0.0, Avg: 0.0, Max: 0.0, Diff: 0.0, Sum: 0.1]
      [Object Copy (ms): Min: 32.9, Avg: 33.0, Max: 33.2, Diff: 0.3, Sum: 263.9]
      [Termination (ms): Min: 0.0, Avg: 0.0, Max: 0.0, Diff: 0.0, Sum: 0.0]
      [GC Worker Other (ms): Min: 0.1, Avg: 0.1, Max: 0.1, Diff: 0.0, Sum: 0.6]
      [GC Worker Total (ms): Min: 34.3, Avg: 34.3, Max: 34.4, Diff: 0.1, Sum: 274.8]
      [GC Worker End (ms): Min: 365705.5, Avg: 365705.6, Max: 365705.6, Diff: 0.0]
   [Code Root Fixup: 0.1 ms]
   [Code Root Migration: 0.1 ms]
   [Clear CT: 0.5 ms]
   [Other: 1.0 ms]
      [Choose CSet: 0.0 ms]
      [Ref Proc: 0.1 ms]
      [Ref Enq: 0.0 ms]
      [Free CSet: 0.8 ms]
   [Eden: 1052.0M(1052.0M)->0.0B(1034.0M) Survivors: 55.0M->74.0M Heap: 1630.3M(1938.0M)->597.3M(1938.0M)]
 [Times: user=0.28 sys=0.00, real=0.04 secs] 
365.707: Total time for which application threads were stopped: 0.0363540 seconds, Stopping threads took: 0.0000470 seconds
366.198: Application time: 0.4906320 seconds
366.198: [GC pause (young), 0.0482600 secs]
   [Parallel Time: 46.6 ms, GC Workers: 8]
      [GC Worker Start (ms): Min: 366198.1, Avg: 366199.5, Max: 366205.6, Diff: 7.4]
      [Ext Root Scanning (ms): Min: 0.0, Avg: 0.6, Max: 0.8, Diff: 0.8, Sum: 4.4]
      [Update RS (ms): Min: 0.0, Avg: 0.0, Max: 0.1, Diff: 0.1, Sum: 0.2]
         [Processed Buffers: Min: 0, Avg: 0.9, Max: 3, Diff: 3, Sum: 7]
      [Scan RS (ms): Min: 0.2, Avg: 0.4, Max: 0.5, Diff: 0.3, Sum: 3.0]
      [Code Root Scanning (ms): Min: 0.0, Avg: 0.0, Max: 0.0, Diff: 0.0, Sum: 0.1]
      [Object Copy (ms): Min: 38.8, Avg: 44.2, Max: 45.3, Diff: 6.5, Sum: 353.2]
      [Termination (ms): Min: 0.0, Avg: 0.0, Max: 0.0, Diff: 0.0, Sum: 0.0]
      [GC Worker Other (ms): Min: 0.0, Avg: 0.1, Max: 0.1, Diff: 0.0, Sum: 0.5]
      [GC Worker Total (ms): Min: 39.1, Avg: 45.2, Max: 46.6, Diff: 7.5, Sum: 361.6]
      [GC Worker End (ms): Min: 366244.7, Avg: 366244.7, Max: 366244.7, Diff: 0.0]
   [Code Root Fixup: 0.1 ms]
   [Code Root Migration: 0.2 ms]
   [Clear CT: 0.5 ms]
   [Other: 1.0 ms]
      [Choose CSet: 0.0 ms]
      [Ref Proc: 0.1 ms]
      [Ref Enq: 0.0 ms]
      [Free CSet: 0.7 ms]
   [Eden: 1034.0M(1034.0M)->0.0B(1005.0M) Survivors: 74.0M->96.0M Heap: 1631.3M(1938.0M)->619.3M(1938.0M)]
 [Times: user=0.37 sys=0.00, real=0.05 secs] 
366.246: Total time for which application threads were stopped: 0.0484140 seconds, Stopping threads took: 0.0000140 seconds
366.728: Application time: 0.4817490 seconds
366.728: [GC pause (young), 0.0625100 secs]
   [Parallel Time: 60.9 ms, GC Workers: 8]
      [GC Worker Start (ms): Min: 366728.4, Avg: 366728.4, Max: 366728.4, Diff: 0.1]
      [Ext Root Scanning (ms): Min: 0.6, Avg: 0.7, Max: 0.7, Diff: 0.1, Sum: 5.4]
      [Update RS (ms): Min: 0.0, Avg: 0.0, Max: 0.1, Diff: 0.1, Sum: 0.2]
         [Processed Buffers: Min: 0, Avg: 0.9, Max: 2, Diff: 2, Sum: 7]
      [Scan RS (ms): Min: 0.4, Avg: 0.4, Max: 0.5, Diff: 0.1, Sum: 3.5]
      [Code Root Scanning (ms): Min: 0.0, Avg: 0.0, Max: 0.0, Diff: 0.0, Sum: 0.1]
      [Object Copy (ms): Min: 59.6, Avg: 59.6, Max: 59.7, Diff: 0.0, Sum: 476.9]
      [Termination (ms): Min: 0.0, Avg: 0.0, Max: 0.0, Diff: 0.0, Sum: 0.0]
      [GC Worker Other (ms): Min: 0.0, Avg: 0.1, Max: 0.1, Diff: 0.0, Sum: 0.4]
      [GC Worker Total (ms): Min: 60.8, Avg: 60.8, Max: 60.8, Diff: 0.1, Sum: 486.5]
      [GC Worker End (ms): Min: 366789.2, Avg: 366789.2, Max: 366789.2, Diff: 0.0]
   [Code Root Fixup: 0.1 ms]
   [Code Root Migration: 0.1 ms]
   [Clear CT: 0.5 ms]
   [Other: 0.9 ms]
      [Choose CSet: 0.0 ms]
      [Ref Proc: 0.1 ms]
      [Ref Enq: 0.0 ms]
      [Free CSet: 0.7 ms]
   [Eden: 1005.0M(1005.0M)->0.0B(973.0M) Survivors: 96.0M->117.0M Heap: 1624.3M(1938.0M)->640.8M(1938.0M)]
 [Times: user=0.49 sys=0.00, real=0.06 secs] 
366.791: Total time for which application threads were stopped: 0.0627030 seconds, Stopping threads took: 0.0000620 seconds
367.259: Application time: 0.4683120 seconds
367.259: [GC pause (young), 0.0618630 secs]
   [Parallel Time: 60.3 ms, GC Workers: 8]
      [GC Worker Start (ms): Min: 367259.4, Avg: 367259.4, Max: 367259.4, Diff: 0.1]
      [Ext Root Scanning (ms): Min: 0.6, Avg: 0.7, Max: 0.7, Diff: 0.0, Sum: 5.3]
      [Update RS (ms): Min: 0.0, Avg: 0.0, Max: 0.1, Diff: 0.1, Sum: 0.2]
         [Processed Buffers: Min: 0, Avg: 1.1, Max: 3, Diff: 3, Sum: 9]
      [Scan RS (ms): Min: 0.4, Avg: 0.4, Max: 0.4, Diff: 0.1, Sum: 3.4]
      [Code Root Scanning (ms): Min: 0.0, Avg: 0.0, Max: 0.0, Diff: 0.0, Sum: 0.1]
      [Object Copy (ms): Min: 59.0, Avg: 59.0, Max: 59.0, Diff: 0.0, Sum: 472.1]
      [Termination (ms): Min: 0.0, Avg: 0.0, Max: 0.0, Diff: 0.0, Sum: 0.0]
      [GC Worker Other (ms): Min: 0.0, Avg: 0.1, Max: 0.1, Diff: 0.0, Sum: 0.5]
      [GC Worker Total (ms): Min: 60.2, Avg: 60.2, Max: 60.2, Diff: 0.1, Sum: 481.6]
      [GC Worker End (ms): Min: 367319.6, Avg: 367319.6, Max: 367319.6, Diff: 0.0]
   [Code Root Fixup: 0.1 ms]
   [Code Root Migration: 0.1 ms]
   [Clear CT: 0.4 ms]
   [Other: 0.9 ms]
      [Choose CSet: 0.0 ms]
      [Ref Proc: 0.1 ms]
      [Ref Enq: 0.0 ms]
      [Free CSet: 0.7 ms]
   [Eden: 973.0M(973.0M)->0.0B(969.0M) Survivors: 117.0M->116.0M Heap: 1613.8M(1938.0M)->639.3M(1938.0M)]
 [Times: user=0.49 sys=0.00, real=0.06 secs] 
367.321: Total time for which application threads were stopped: 0.0620490 seconds, Stopping threads took: 0.0000580 seconds
367.789: Application time: 0.4672350 seconds
367.789: [GC pause (young), 0.0620960 secs]
   [Parallel Time: 60.5 ms, GC Workers: 8]
      [GC Worker Start (ms): Min: 367788.6, Avg: 367788.7, Max: 367788.7, Diff: 0.1]
      [Ext Root Scanning (ms): Min: 0.6, Avg: 0.7, Max: 0.7, Diff: 0.1, Sum: 5.3]
      [Update RS (ms): Min: 0.0, Avg: 0.0, Max: 0.1, Diff: 0.1, Sum: 0.2]
         [Processed Buffers: Min: 0, Avg: 1.1, Max: 4, Diff: 4, Sum: 9]
      [Scan RS (ms): Min: 0.4, Avg: 0.4, Max: 0.4, Diff: 0.1, Sum: 3.4]
      [Code Root Scanning (ms): Min: 0.0, Avg: 0.0, Max: 0.0, Diff: 0.0, Sum: 0.1]
      [Object Copy (ms): Min: 59.2, Avg: 59.2, Max: 59.3, Diff: 0.0, Sum: 473.8]
      [Termination (ms): Min: 0.0, Avg: 0.0, Max: 0.0, Diff: 0.0, Sum: 0.0]
      [GC Worker Other (ms): Min: 0.0, Avg: 0.1, Max: 0.1, Diff: 0.0, Sum: 0.5]
      [GC Worker Total (ms): Min: 60.4, Avg: 60.4, Max: 60.4, Diff: 0.1, Sum: 483.3]
      [GC Worker End (ms): Min: 367849.1, Avg: 367849.1, Max: 367849.1, Diff: 0.0]
   [Code Root Fixup: 0.1 ms]
   [Code Root Migration: 0.1 ms]
   [Clear CT: 0.4 ms]
   [Other: 1.0 ms]
      [Choose CSet: 0.0 ms]
      [Ref Proc: 0.1 ms]
      [Ref Enq: 0.0 ms]
      [Free CSet: 0.7 ms]
   [Eden: 969.0M(969.0M)->0.0B(964.0M) Survivors: 116.0M->117.0M Heap: 1608.3M(1938.0M)->640.8M(1938.0M)]
 [Times: user=0.49 sys=0.00, real=0.06 secs] 
367.851: Total time for which application threads were stopped: 0.0622740 seconds, Stopping threads took: 0.0000410 seconds
368.320: Application time: 0.4688560 seconds
368.320: [GC pause (young), 0.0619050 secs]
   [Parallel Time: 60.3 ms, GC Workers: 8]
      [GC Worker Start (ms): Min: 368319.8, Avg: 368319.8, Max: 368319.8, Diff: 0.1]
      [Ext Root Scanning (ms): Min: 0.6, Avg: 0.6, Max: 0.7, Diff: 0.1, Sum: 5.1]
      [Update RS (ms): Min: 0.0, Avg: 0.0, Max: 0.1, Diff: 0.1, Sum: 0.2]
         [Processed Buffers: Min: 0, Avg: 1.0, Max: 4, Diff: 4, Sum: 8]
      [Scan RS (ms): Min: 0.4, Avg: 0.4, Max: 0.4, Diff: 0.1, Sum: 3.3]
      [Code Root Scanning (ms): Min: 0.0, Avg: 0.0, Max: 0.0, Diff: 0.0, Sum: 0.1]
      [Object Copy (ms): Min: 59.0, Avg: 59.0, Max: 59.1, Diff: 0.0, Sum: 472.3]
      [Termination (ms): Min: 0.0, Avg: 0.0, Max: 0.0, Diff: 0.0, Sum: 0.0]
      [GC Worker Other (ms): Min: 0.0, Avg: 0.1, Max: 0.1, Diff: 0.1, Sum: 0.6]
      [GC Worker Total (ms): Min: 60.2, Avg: 60.2, Max: 60.3, Diff: 0.1, Sum: 481.6]
      [GC Worker End (ms): Min: 368380.0, Avg: 368380.0, Max: 368380.0, Diff: 0.1]
   [Code Root Fixup: 0.1 ms]
   [Code Root Migration: 0.1 ms]
   [Clear CT: 0.5 ms]
   [Other: 0.9 ms]
      [Choose CSet: 0.0 ms]
      [Ref Proc: 0.1 ms]
      [Ref Enq: 0.0 ms]
      [Free CSet: 0.7 ms]
   [Eden: 964.0M(964.0M)->0.0B(965.0M) Survivors: 117.0M->114.0M Heap: 1604.8M(1938.0M)->637.9M(1938.0M)]
 [Times: user=0.48 sys=0.00, real=0.06 secs] 
368.382: Total time for which application threads were stopped: 0.0620770 seconds, Stopping threads took: 0.0000430 seconds
368.852: Application time: 0.4702120 seconds
368.852: [GC pause (young), 0.0622240 secs]
   [Parallel Time: 60.7 ms, GC Workers: 8]
      [GC Worker Start (ms): Min: 368852.1, Avg: 368852.1, Max: 368852.1, Diff: 0.1]
      [Ext Root Scanning (ms): Min: 0.6, Avg: 0.6, Max: 0.7, Diff: 0.1, Sum: 5.2]
      [Update RS (ms): Min: 0.0, Avg: 0.1, Max: 0.8, Diff: 0.8, Sum: 1.0]
         [Processed Buffers: Min: 0, Avg: 1.0, Max: 4, Diff: 4, Sum: 8]
      [Scan RS (ms): Min: 0.0, Avg: 0.4, Max: 0.5, Diff: 0.4, Sum: 3.0]
      [Code Root Scanning (ms): Min: 0.0, Avg: 0.0, Max: 0.0, Diff: 0.0, Sum: 0.1]
      [Object Copy (ms): Min: 59.2, Avg: 59.4, Max: 59.6, Diff: 0.4, Sum: 475.4]
      [Termination (ms): Min: 0.0, Avg: 0.0, Max: 0.0, Diff: 0.0, Sum: 0.1]
      [GC Worker Other (ms): Min: 0.0, Avg: 0.0, Max: 0.1, Diff: 0.1, Sum: 0.4]
      [GC Worker Total (ms): Min: 60.6, Avg: 60.6, Max: 60.7, Diff: 0.1, Sum: 485.2]
      [GC Worker End (ms): Min: 368912.7, Avg: 368912.8, Max: 368912.8, Diff: 0.1]
   [Code Root Fixup: 0.1 ms]
   [Code Root Migration: 0.1 ms]
   [Clear CT: 0.4 ms]
   [Other: 0.9 ms]
      [Choose CSet: 0.0 ms]
      [Ref Proc: 0.1 ms]
      [Ref Enq: 0.0 ms]
      [Free CSet: 0.7 ms]
   [Eden: 965.0M(965.0M)->0.0B(966.0M) Survivors: 114.0M->113.0M Heap: 1602.9M(1938.0M)->636.4M(1938.0M)]
 [Times: user=0.49 sys=0.00, real=0.07 secs] 
368.914: Total time for which application threads were stopped: 0.0623930 seconds, Stopping threads took: 0.0000390 seconds
369.389: Application time: 0.4748260 seconds
369.389: [GC pause (young), 0.0600790 secs]
   [Parallel Time: 58.4 ms, GC Workers: 8]
      [GC Worker Start (ms): Min: 369389.3, Avg: 369389.4, Max: 369389.4, Diff: 0.1]
      [Ext Root Scanning (ms): Min: 0.6, Avg: 0.7, Max: 0.7, Diff: 0.1, Sum: 5.2]
      [Update RS (ms): Min: 0.0, Avg: 0.0, Max: 0.1, Diff: 0.1, Sum: 0.2]
         [Processed Buffers: Min: 0, Avg: 1.0, Max: 5, Diff: 5, Sum: 8]
      [Scan RS (ms): Min: 0.4, Avg: 0.4, Max: 0.5, Diff: 0.1, Sum: 3.3]
      [Code Root Scanning (ms): Min: 0.0, Avg: 0.0, Max: 0.0, Diff: 0.0, Sum: 0.1]
      [Object Copy (ms): Min: 57.1, Avg: 57.2, Max: 57.2, Diff: 0.1, Sum: 457.4]
      [Termination (ms): Min: 0.0, Avg: 0.0, Max: 0.0, Diff: 0.0, Sum: 0.0]
      [GC Worker Other (ms): Min: 0.0, Avg: 0.1, Max: 0.1, Diff: 0.0, Sum: 0.4]
      [GC Worker Total (ms): Min: 58.3, Avg: 58.3, Max: 58.4, Diff: 0.0, Sum: 466.7]
      [GC Worker End (ms): Min: 369447.7, Avg: 369447.7, Max: 369447.7, Diff: 0.0]
   [Code Root Fixup: 0.1 ms]
   [Code Root Migration: 0.1 ms]
   [Clear CT: 0.5 ms]
   [Other: 1.0 ms]
      [Choose CSet: 0.0 ms]
      [Ref Proc: 0.1 ms]
      [Ref Enq: 0.0 ms]
      [Free CSet: 0.8 ms]
   [Eden: 966.0M(966.0M)->0.0B(972.0M) Survivors: 113.0M->107.0M Heap: 1602.4M(1938.0M)->630.9M(1938.0M)]
 [Times: user=0.48 sys=0.00, real=0.06 secs] 
369.449: Total time for which application threads were stopped: 0.0602950 seconds, Stopping threads took: 0.0000770 seconds
369.925: Application time: 0.4753710 seconds
369.925: [GC pause (young), 0.0573580 secs]
   [Parallel Time: 55.8 ms, GC Workers: 8]
      [GC Worker Start (ms): Min: 369925.0, Avg: 369925.0, Max: 369925.0, Diff: 0.1]
      [Ext Root Scanning (ms): Min: 0.6, Avg: 0.6, Max: 0.7, Diff: 0.1, Sum: 5.0]
      [Update RS (ms): Min: 0.0, Avg: 0.0, Max: 0.1, Diff: 0.1, Sum: 0.2]
         [Processed Buffers: Min: 0, Avg: 1.0, Max: 3, Diff: 3, Sum: 8]
      [Scan RS (ms): Min: 0.4, Avg: 0.4, Max: 0.4, Diff: 0.1, Sum: 3.2]
      [Code Root Scanning (ms): Min: 0.0, Avg: 0.0, Max: 0.0, Diff: 0.0, Sum: 0.1]
      [Object Copy (ms): Min: 54.6, Avg: 54.6, Max: 54.6, Diff: 0.0, Sum: 436.8]
      [Termination (ms): Min: 0.0, Avg: 0.0, Max: 0.0, Diff: 0.0, Sum: 0.0]
      [GC Worker Other (ms): Min: 0.0, Avg: 0.1, Max: 0.1, Diff: 0.0, Sum: 0.5]
      [GC Worker Total (ms): Min: 55.7, Avg: 55.7, Max: 55.8, Diff: 0.1, Sum: 445.8]
      [GC Worker End (ms): Min: 369980.7, Avg: 369980.7, Max: 369980.7, Diff: 0.0]
   [Code Root Fixup: 0.1 ms]
   [Code Root Migration: 0.1 ms]
   [Clear CT: 0.4 ms]
   [Other: 0.9 ms]
      [Choose CSet: 0.0 ms]
      [Ref Proc: 0.1 ms]
      [Ref Enq: 0.0 ms]
      [Free CSet: 0.7 ms]
   [Eden: 972.0M(972.0M)->0.0B(978.0M) Survivors: 107.0M->103.0M Heap: 1602.9M(1938.0M)->626.4M(1938.0M)]
 [Times: user=0.45 sys=0.00, real=0.06 secs] 
369.982: Total time for which application threads were stopped: 0.0575380 seconds, Stopping threads took: 0.0000540 seconds
370.469: Application time: 0.4867910 seconds
370.469: [GC pause (young), 0.0543130 secs]
   [Parallel Time: 52.6 ms, GC Workers: 8]
      [GC Worker Start (ms): Min: 370469.3, Avg: 370469.3, Max: 370469.4, Diff: 0.1]
      [Ext Root Scanning (ms): Min: 0.6, Avg: 0.7, Max: 0.7, Diff: 0.1, Sum: 5.3]
      [Update RS (ms): Min: 0.0, Avg: 0.0, Max: 0.1, Diff: 0.1, Sum: 0.2]
         [Processed Buffers: Min: 0, Avg: 1.0, Max: 4, Diff: 4, Sum: 8]
      [Scan RS (ms): Min: 0.4, Avg: 0.4, Max: 0.4, Diff: 0.1, Sum: 3.3]
      [Code Root Scanning (ms): Min: 0.0, Avg: 0.0, Max: 0.0, Diff: 0.0, Sum: 0.1]
      [Object Copy (ms): Min: 51.3, Avg: 51.3, Max: 51.3, Diff: 0.0, Sum: 410.4]
      [Termination (ms): Min: 0.0, Avg: 0.0, Max: 0.0, Diff: 0.0, Sum: 0.0]
      [GC Worker Other (ms): Min: 0.0, Avg: 0.1, Max: 0.1, Diff: 0.1, Sum: 0.6]
      [GC Worker Total (ms): Min: 52.4, Avg: 52.5, Max: 52.5, Diff: 0.1, Sum: 419.9]
      [GC Worker End (ms): Min: 370521.8, Avg: 370521.8, Max: 370521.9, Diff: 0.1]
   [Code Root Fixup: 0.1 ms]
   [Code Root Migration: 0.1 ms]
   [Clear CT: 0.5 ms]
   [Other: 1.0 ms]
      [Choose CSet: 0.0 ms]
      [Ref Proc: 0.1 ms]
      [Ref Enq: 0.0 ms]
      [Free CSet: 0.7 ms]
   [Eden: 978.0M(978.0M)->0.0B(993.0M) Survivors: 103.0M->95.0M Heap: 1604.4M(1938.0M)->618.9M(1942.0M)]
 [Times: user=0.43 sys=0.00, real=0.05 secs] 
370.524: Total time for which application threads were stopped: 0.0545040 seconds, Stopping threads took: 0.0000670 seconds
371.023: Application time: 0.4991580 seconds
371.023: [GC pause (young), 0.0492540 secs]
   [Parallel Time: 47.6 ms, GC Workers: 8]
      [GC Worker Start (ms): Min: 371023.0, Avg: 371023.0, Max: 371023.0, Diff: 0.1]
      [Ext Root Scanning (ms): Min: 0.6, Avg: 0.6, Max: 0.7, Diff: 0.1, Sum: 5.2]
      [Update RS (ms): Min: 0.0, Avg: 0.0, Max: 0.1, Diff: 0.1, Sum: 0.2]
         [Processed Buffers: Min: 0, Avg: 0.9, Max: 3, Diff: 3, Sum: 7]
      [Scan RS (ms): Min: 0.4, Avg: 0.4, Max: 0.5, Diff: 0.1, Sum: 3.4]
      [Code Root Scanning (ms): Min: 0.0, Avg: 0.0, Max: 0.0, Diff: 0.0, Sum: 0.1]
      [Object Copy (ms): Min: 46.3, Avg: 46.4, Max: 46.5, Diff: 0.1, Sum: 371.1]
      [Termination (ms): Min: 0.0, Avg: 0.0, Max: 0.0, Diff: 0.0, Sum: 0.0]
      [GC Worker Other (ms): Min: 0.0, Avg: 0.0, Max: 0.1, Diff: 0.0, Sum: 0.4]
      [GC Worker Total (ms): Min: 47.5, Avg: 47.6, Max: 47.6, Diff: 0.1, Sum: 380.5]
      [GC Worker End (ms): Min: 371070.5, Avg: 371070.6, Max: 371070.6, Diff: 0.0]
   [Code Root Fixup: 0.1 ms]
   [Code Root Migration: 0.1 ms]
   [Clear CT: 0.4 ms]
   [Other: 0.9 ms]
      [Choose CSet: 0.0 ms]
      [Ref Proc: 0.1 ms]
      [Ref Enq: 0.0 ms]
      [Free CSet: 0.7 ms]
   [Eden: 993.0M(993.0M)->0.0B(1013.0M) Survivors: 95.0M->83.0M Heap: 1611.9M(1942.0M)->606.9M(1945.0M)]
 [Times: user=0.39 sys=0.00, real=0.05 secs] 
371.072: Total time for which application threads were stopped: 0.0494280 seconds, Stopping threads took: 0.0000470 seconds
371.573: Application time: 0.5009880 seconds
371.573: [GC pause (young), 0.0348510 secs]
   [Parallel Time: 33.2 ms, GC Workers: 8]
      [GC Worker Start (ms): Min: 371573.4, Avg: 371573.4, Max: 371573.5, Diff: 0.1]
      [Ext Root Scanning (ms): Min: 0.7, Avg: 0.7, Max: 0.8, Diff: 0.1, Sum: 5.7]
      [Update RS (ms): Min: 0.0, Avg: 0.5, Max: 3.4, Diff: 3.4, Sum: 3.6]
         [Processed Buffers: Min: 0, Avg: 0.9, Max: 4, Diff: 4, Sum: 7]
      [Scan RS (ms): Min: 0.2, Avg: 0.4, Max: 0.5, Diff: 0.3, Sum: 3.2]
      [Code Root Scanning (ms): Min: 0.0, Avg: 0.0, Max: 0.0, Diff: 0.0, Sum: 0.1]
      [Object Copy (ms): Min: 28.7, Avg: 31.4, Max: 31.9, Diff: 3.2, Sum: 251.3]
      [Termination (ms): Min: 0.0, Avg: 0.0, Max: 0.0, Diff: 0.0, Sum: 0.0]
      [GC Worker Other (ms): Min: 0.0, Avg: 0.1, Max: 0.1, Diff: 0.1, Sum: 0.5]
      [GC Worker Total (ms): Min: 33.0, Avg: 33.1, Max: 33.1, Diff: 0.1, Sum: 264.5]
      [GC Worker End (ms): Min: 371606.5, Avg: 371606.5, Max: 371606.5, Diff: 0.1]
   [Code Root Fixup: 0.1 ms]
   [Code Root Migration: 0.1 ms]
   [Clear CT: 0.5 ms]
   [Other: 0.9 ms]
      [Choose CSet: 0.0 ms]
      [Ref Proc: 0.1 ms]
      [Ref Enq: 0.0 ms]
      [Free CSet: 0.7 ms]
   [Eden: 1013.0M(1013.0M)->0.0B(1046.0M) Survivors: 83.0M->63.0M Heap: 1619.9M(1945.0M)->586.9M(1947.0M)]
 [Times: user=0.26 sys=0.00, real=0.04 secs] 
371.608: Total time for which application threads were stopped: 0.0350290 seconds, Stopping threads took: 0.0000560 seconds
372.115: Application time: 0.5064390 seconds
372.115: [GC pause (young), 0.0439880 secs]
   [Parallel Time: 42.2 ms, GC Workers: 8]
      [GC Worker Start (ms): Min: 372114.8, Avg: 372114.9, Max: 372114.9, Diff: 0.1]
      [Ext Root Scanning (ms): Min: 0.6, Avg: 0.7, Max: 0.7, Diff: 0.1, Sum: 5.3]
      [Update RS (ms): Min: 0.0, Avg: 0.0, Max: 0.1, Diff: 0.1, Sum: 0.3]
         [Processed Buffers: Min: 0, Avg: 1.0, Max: 3, Diff: 3, Sum: 8]
      [Scan RS (ms): Min: 0.4, Avg: 0.4, Max: 0.5, Diff: 0.1, Sum: 3.5]
      [Code Root Scanning (ms): Min: 0.0, Avg: 0.0, Max: 0.0, Diff: 0.0, Sum: 0.1]
      [Object Copy (ms): Min: 40.9, Avg: 40.9, Max: 40.9, Diff: 0.1, Sum: 327.2]
      [Termination (ms): Min: 0.0, Avg: 0.0, Max: 0.0, Diff: 0.0, Sum: 0.0]
      [GC Worker Other (ms): Min: 0.0, Avg: 0.1, Max: 0.1, Diff: 0.1, Sum: 0.6]
      [GC Worker Total (ms): Min: 42.0, Avg: 42.1, Max: 42.2, Diff: 0.2, Sum: 337.0]
      [GC Worker End (ms): Min: 372156.9, Avg: 372157.0, Max: 372157.0, Diff: 0.1]
   [Code Root Fixup: 0.1 ms]
   [Code Root Migration: 0.1 ms]
   [Clear CT: 0.5 ms]
   [Other: 1.0 ms]
      [Choose CSet: 0.0 ms]
      [Ref Proc: 0.1 ms]
      [Ref Enq: 0.0 ms]
      [Free CSet: 0.8 ms]
   [Eden: 1046.0M(1046.0M)->0.0B(1029.0M) Survivors: 63.0M->82.0M Heap: 1632.9M(1947.0M)->605.4M(1949.0M)]
 [Times: user=0.34 sys=0.00, real=0.04 secs] 
372.159: Total time for which application threads were stopped: 0.0441590 seconds, Stopping threads took: 0.0000410 seconds
372.659: Application time: 0.5005890 seconds
372.660: [GC pause (young), 0.0522250 secs]
   [Parallel Time: 50.6 ms, GC Workers: 8]
      [GC Worker Start (ms): Min: 372659.6, Avg: 372659.6, Max: 372659.7, Diff: 0.1]
      [Ext Root Scanning (ms): Min: 0.6, Avg: 0.7, Max: 0.8, Diff: 0.1, Sum: 5.5]
      [Update RS (ms): Min: 0.0, Avg: 0.0, Max: 0.1, Diff: 0.1, Sum: 0.3]
         [Processed Buffers: Min: 0, Avg: 0.9, Max: 2, Diff: 2, Sum: 7]
      [Scan RS (ms): Min: 0.4, Avg: 0.5, Max: 0.5, Diff: 0.1, Sum: 3.6]
      [Code Root Scanning (ms): Min: 0.0, Avg: 0.0, Max: 0.0, Diff: 0.0, Sum: 0.1]
      [Object Copy (ms): Min: 49.2, Avg: 49.2, Max: 49.3, Diff: 0.1, Sum: 393.8]
      [Termination (ms): Min: 0.0, Avg: 0.0, Max: 0.0, Diff: 0.0, Sum: 0.0]
      [GC Worker Other (ms): Min: 0.0, Avg: 0.1, Max: 0.1, Diff: 0.0, Sum: 0.4]
      [GC Worker Total (ms): Min: 50.4, Avg: 50.5, Max: 50.5, Diff: 0.1, Sum: 403.7]
      [GC Worker End (ms): Min: 372710.1, Avg: 372710.1, Max: 372710.1, Diff: 0.0]
   [Code Root Fixup: 0.1 ms]
   [Code Root Migration: 0.1 ms]
   [Clear CT: 0.5 ms]
   [Other: 0.9 ms]
      [Choose CSet: 0.0 ms]
      [Ref Proc: 0.1 ms]
      [Ref Enq: 0.0 ms]
      [Free CSet: 0.7 ms]
   [Eden: 1029.0M(1029.0M)->0.0B(1011.0M) Survivors: 82.0M->97.0M Heap: 1634.4M(1949.0M)->620.4M(1950.0M)]
 [Times: user=0.40 sys=0.00, real=0.05 secs] 
372.712: Total time for which application threads were stopped: 0.0524090 seconds, Stopping threads took: 0.0000520 seconds
373.211: Application time: 0.4993970 seconds
373.211: [GC pause (young), 0.0544450 secs]
   [Parallel Time: 52.6 ms, GC Workers: 8]
      [GC Worker Start (ms): Min: 373211.4, Avg: 373212.7, Max: 373221.6, Diff: 10.2]
      [Ext Root Scanning (ms): Min: 0.0, Avg: 0.6, Max: 0.9, Diff: 0.8, Sum: 4.9]
      [Update RS (ms): Min: 0.0, Avg: 0.0, Max: 0.1, Diff: 0.1, Sum: 0.2]
         [Processed Buffers: Min: 0, Avg: 0.9, Max: 4, Diff: 4, Sum: 7]
      [Scan RS (ms): Min: 0.3, Avg: 0.4, Max: 0.5, Diff: 0.2, Sum: 3.3]
      [Code Root Scanning (ms): Min: 0.0, Avg: 0.0, Max: 0.0, Diff: 0.0, Sum: 0.1]
      [Object Copy (ms): Min: 42.0, Avg: 50.2, Max: 51.4, Diff: 9.3, Sum: 401.3]
      [Termination (ms): Min: 0.0, Avg: 0.0, Max: 0.0, Diff: 0.0, Sum: 0.0]
      [GC Worker Other (ms): Min: 0.0, Avg: 0.1, Max: 0.1, Diff: 0.1, Sum: 0.6]
      [GC Worker Total (ms): Min: 42.4, Avg: 51.3, Max: 52.6, Diff: 10.2, Sum: 410.4]
      [GC Worker End (ms): Min: 373264.0, Avg: 373264.0, Max: 373264.1, Diff: 0.1]
   [Code Root Fixup: 0.1 ms]
   [Code Root Migration: 0.1 ms]
   [Clear CT: 0.5 ms]
   [Other: 1.0 ms]
      [Choose CSet: 0.0 ms]
      [Ref Proc: 0.2 ms]
      [Ref Enq: 0.0 ms]
      [Free CSet: 0.8 ms]
   [Eden: 1011.0M(1011.0M)->0.0B(1006.0M) Survivors: 97.0M->99.0M Heap: 1631.4M(1950.0M)->622.4M(1950.0M)]
 [Times: user=0.41 sys=0.00, real=0.06 secs] 
373.266: Total time for which application threads were stopped: 0.0546450 seconds, Stopping threads took: 0.0000730 seconds
373.762: Application time: 0.4958890 seconds
373.762: [GC pause (young), 0.0529100 secs]
   [Parallel Time: 47.1 ms, GC Workers: 8]
      [GC Worker Start (ms): Min: 373762.0, Avg: 373762.0, Max: 373762.0, Diff: 0.1]
      [Ext Root Scanning (ms): Min: 0.6, Avg: 0.7, Max: 0.7, Diff: 0.1, Sum: 5.4]
      [Update RS (ms): Min: 0.0, Avg: 0.0, Max: 0.1, Diff: 0.1, Sum: 0.3]
         [Processed Buffers: Min: 0, Avg: 0.9, Max: 3, Diff: 3, Sum: 7]
      [Scan RS (ms): Min: 0.4, Avg: 0.4, Max: 0.5, Diff: 0.1, Sum: 3.6]
      [Code Root Scanning (ms): Min: 0.0, Avg: 0.0, Max: 0.0, Diff: 0.0, Sum: 0.1]
      [Object Copy (ms): Min: 45.8, Avg: 45.8, Max: 45.9, Diff: 0.1, Sum: 366.5]
      [Termination (ms): Min: 0.0, Avg: 0.0, Max: 0.0, Diff: 0.0, Sum: 0.0]
      [GC Worker Other (ms): Min: 0.0, Avg: 0.1, Max: 0.1, Diff: 0.0, Sum: 0.5]
      [GC Worker Total (ms): Min: 47.0, Avg: 47.0, Max: 47.1, Diff: 0.1, Sum: 376.3]
      [GC Worker End (ms): Min: 373809.0, Avg: 373809.0, Max: 373809.0, Diff: 0.0]
   [Code Root Fixup: 0.1 ms]
   [Code Root Migration: 0.2 ms]
   [Clear CT: 4.3 ms]
   [Other: 1.2 ms]
      [Choose CSet: 0.0 ms]
      [Ref Proc: 0.1 ms]
      [Ref Enq: 0.0 ms]
      [Free CSet: 1.0 ms]
   [Eden: 1006.0M(1006.0M)->0.0B(1017.0M) Survivors: 99.0M->90.0M Heap: 1628.4M(1950.0M)->613.9M(1950.0M)]
 [Times: user=0.38 sys=0.00, real=0.06 secs] 
373.815: Total time for which application threads were stopped: 0.0530910 seconds, Stopping threads took: 0.0000510 seconds
374.329: Application time: 0.5139680 seconds
374.329: [GC pause (young), 0.0523230 secs]
   [Parallel Time: 50.7 ms, GC Workers: 8]
      [GC Worker Start (ms): Min: 374329.1, Avg: 374329.1, Max: 374329.1, Diff: 0.1]
      [Ext Root Scanning (ms): Min: 0.6, Avg: 0.7, Max: 0.7, Diff: 0.1, Sum: 5.3]
      [Update RS (ms): Min: 0.0, Avg: 0.0, Max: 0.1, Diff: 0.1, Sum: 0.3]
         [Processed Buffers: Min: 0, Avg: 0.9, Max: 3, Diff: 3, Sum: 7]
      [Scan RS (ms): Min: 0.3, Avg: 0.4, Max: 0.5, Diff: 0.2, Sum: 3.5]
      [Code Root Scanning (ms): Min: 0.0, Avg: 0.0, Max: 0.0, Diff: 0.0, Sum: 0.1]
      [Object Copy (ms): Min: 49.3, Avg: 49.4, Max: 49.4, Diff: 0.1, Sum: 394.9]
      [Termination (ms): Min: 0.0, Avg: 0.0, Max: 0.0, Diff: 0.0, Sum: 0.1]
      [GC Worker Other (ms): Min: 0.0, Avg: 0.1, Max: 0.1, Diff: 0.1, Sum: 0.5]
      [GC Worker Total (ms): Min: 50.5, Avg: 50.6, Max: 50.6, Diff: 0.1, Sum: 404.5]
      [GC Worker End (ms): Min: 374379.6, Avg: 374379.7, Max: 374379.7, Diff: 0.1]
   [Code Root Fixup: 0.1 ms]
   [Code Root Migration: 0.1 ms]
   [Clear CT: 0.5 ms]
   [Other: 0.9 ms]
      [Choose CSet: 0.0 ms]
      [Ref Proc: 0.1 ms]
      [Ref Enq: 0.0 ms]
      [Free CSet: 0.7 ms]
   [Eden: 1017.0M(1017.0M)->0.0B(1015.0M) Survivors: 90.0M->93.0M Heap: 1630.9M(1950.0M)->616.4M(1950.0M)]
 [Times: user=0.41 sys=0.00, real=0.05 secs] 
374.381: Total time for which application threads were stopped: 0.0525610 seconds, Stopping threads took: 0.0001040 seconds
374.881: Application time: 0.4995350 seconds
374.881: [GC pause (young), 0.0491850 secs]
   [Parallel Time: 47.4 ms, GC Workers: 8]
      [GC Worker Start (ms): Min: 374881.1, Avg: 374881.1, Max: 374881.2, Diff: 0.1]
      [Ext Root Scanning (ms): Min: 0.6, Avg: 0.7, Max: 0.7, Diff: 0.1, Sum: 5.5]
      [Update RS (ms): Min: 0.0, Avg: 0.0, Max: 0.1, Diff: 0.1, Sum: 0.2]
         [Processed Buffers: Min: 0, Avg: 0.9, Max: 4, Diff: 4, Sum: 7]
      [Scan RS (ms): Min: 0.4, Avg: 0.4, Max: 0.4, Diff: 0.1, Sum: 3.4]
      [Code Root Scanning (ms): Min: 0.0, Avg: 0.0, Max: 0.0, Diff: 0.0, Sum: 0.1]
      [Object Copy (ms): Min: 46.1, Avg: 46.2, Max: 46.2, Diff: 0.0, Sum: 369.2]
      [Termination (ms): Min: 0.0, Avg: 0.0, Max: 0.0, Diff: 0.0, Sum: 0.0]
      [GC Worker Other (ms): Min: 0.0, Avg: 0.1, Max: 0.1, Diff: 0.1, Sum: 0.5]
      [GC Worker Total (ms): Min: 47.3, Avg: 47.4, Max: 47.4, Diff: 0.1, Sum: 378.8]
      [GC Worker End (ms): Min: 374928.5, Avg: 374928.5, Max: 374928.5, Diff: 0.1]
   [Code Root Fixup: 0.2 ms]
   [Code Root Migration: 0.1 ms]
   [Clear CT: 0.5 ms]
   [Other: 0.9 ms]
      [Choose CSet: 0.0 ms]
      [Ref Proc: 0.1 ms]
      [Ref Enq: 0.0 ms]
      [Free CSet: 0.8 ms]
   [Eden: 1015.0M(1015.0M)->0.0B(1022.0M) Survivors: 93.0M->88.0M Heap: 1631.4M(1950.0M)->611.9M(1950.0M)]
 [Times: user=0.38 sys=0.00, real=0.05 secs] 
374.930: Total time for which application threads were stopped: 0.0493460 seconds, Stopping threads took: 0.0000350 seconds
375.429: Application time: 0.4986130 seconds
375.429: [GC pause (young), 0.0496770 secs]
   [Parallel Time: 48.1 ms, GC Workers: 8]
      [GC Worker Start (ms): Min: 375429.1, Avg: 375429.2, Max: 375429.5, Diff: 0.5]
      [Ext Root Scanning (ms): Min: 0.3, Avg: 0.6, Max: 0.9, Diff: 0.6, Sum: 4.9]
      [Update RS (ms): Min: 0.0, Avg: 0.0, Max: 0.1, Diff: 0.1, Sum: 0.2]
         [Processed Buffers: Min: 0, Avg: 1.0, Max: 3, Diff: 3, Sum: 8]
      [Scan RS (ms): Min: 0.2, Avg: 0.4, Max: 0.5, Diff: 0.2, Sum: 3.4]
      [Code Root Scanning (ms): Min: 0.0, Avg: 0.0, Max: 0.0, Diff: 0.0, Sum: 0.1]
      [Object Copy (ms): Min: 46.8, Avg: 46.8, Max: 46.8, Diff: 0.1, Sum: 374.5]
      [Termination (ms): Min: 0.0, Avg: 0.0, Max: 0.0, Diff: 0.0, Sum: 0.0]
      [GC Worker Other (ms): Min: 0.0, Avg: 0.1, Max: 0.1, Diff: 0.1, Sum: 0.5]
      [GC Worker Total (ms): Min: 47.6, Avg: 47.9, Max: 48.0, Diff: 0.5, Sum: 383.5]
      [GC Worker End (ms): Min: 375477.1, Avg: 375477.1, Max: 375477.1, Diff: 0.1]
   [Code Root Fixup: 0.1 ms]
   [Code Root Migration: 0.1 ms]
   [Clear CT: 0.5 ms]
   [Other: 0.9 ms]
      [Choose CSet: 0.0 ms]
      [Ref Proc: 0.1 ms]
      [Ref Enq: 0.0 ms]
      [Free CSet: 0.7 ms]
   [Eden: 1022.0M(1022.0M)->0.0B(1020.0M) Survivors: 88.0M->91.0M Heap: 1633.9M(1950.0M)->614.5M(1950.0M)]
 [Times: user=0.38 sys=0.00, real=0.05 secs] 
375.479: Total time for which application threads were stopped: 0.0498570 seconds, Stopping threads took: 0.0000450 seconds
375.977: Application time: 0.4981440 seconds
375.977: [GC pause (young), 0.0489030 secs]
   [Parallel Time: 47.2 ms, GC Workers: 8]
      [GC Worker Start (ms): Min: 375977.1, Avg: 375977.1, Max: 375977.1, Diff: 0.1]
      [Ext Root Scanning (ms): Min: 0.7, Avg: 0.7, Max: 0.8, Diff: 0.1, Sum: 5.6]
      [Update RS (ms): Min: 0.0, Avg: 0.0, Max: 0.1, Diff: 0.1, Sum: 0.2]
         [Processed Buffers: Min: 0, Avg: 1.0, Max: 3, Diff: 3, Sum: 8]
      [Scan RS (ms): Min: 0.4, Avg: 0.4, Max: 0.5, Diff: 0.1, Sum: 3.5]
      [Code Root Scanning (ms): Min: 0.0, Avg: 0.0, Max: 0.0, Diff: 0.0, Sum: 0.0]
      [Object Copy (ms): Min: 45.9, Avg: 45.9, Max: 45.9, Diff: 0.0, Sum: 367.0]
      [Termination (ms): Min: 0.0, Avg: 0.0, Max: 0.0, Diff: 0.0, Sum: 0.0]
      [GC Worker Other (ms): Min: 0.0, Avg: 0.1, Max: 0.1, Diff: 0.0, Sum: 0.5]
      [GC Worker Total (ms): Min: 47.1, Avg: 47.1, Max: 47.1, Diff: 0.1, Sum: 376.9]
      [GC Worker End (ms): Min: 376024.2, Avg: 376024.2, Max: 376024.2, Diff: 0.0]
   [Code Root Fixup: 0.1 ms]
   [Code Root Migration: 0.1 ms]
   [Clear CT: 0.5 ms]
   [Other: 1.0 ms]
      [Choose CSet: 0.0 ms]
      [Ref Proc: 0.1 ms]
      [Ref Enq: 0.0 ms]
      [Free CSet: 0.8 ms]
   [Eden: 1020.0M(1020.0M)->0.0B(1023.0M) Survivors: 91.0M->89.0M Heap: 1634.5M(1950.0M)->613.0M(1950.0M)]
 [Times: user=0.37 sys=0.00, real=0.05 secs] 
376.026: Total time for which application threads were stopped: 0.0490850 seconds, Stopping threads took: 0.0000560 seconds
376.533: Application time: 0.5067550 seconds
376.533: [GC pause (young), 0.0511320 secs]
   [Parallel Time: 49.5 ms, GC Workers: 8]
      [GC Worker Start (ms): Min: 376532.9, Avg: 376533.0, Max: 376533.0, Diff: 0.1]
      [Ext Root Scanning (ms): Min: 0.6, Avg: 0.7, Max: 0.7, Diff: 0.0, Sum: 5.3]
      [Update RS (ms): Min: 0.0, Avg: 0.0, Max: 0.1, Diff: 0.1, Sum: 0.2]
         [Processed Buffers: Min: 0, Avg: 1.0, Max: 3, Diff: 3, Sum: 8]
      [Scan RS (ms): Min: 0.4, Avg: 0.4, Max: 0.5, Diff: 0.1, Sum: 3.4]
      [Code Root Scanning (ms): Min: 0.0, Avg: 0.0, Max: 0.0, Diff: 0.0, Sum: 0.1]
      [Object Copy (ms): Min: 48.2, Avg: 48.2, Max: 48.3, Diff: 0.0, Sum: 385.9]
      [Termination (ms): Min: 0.0, Avg: 0.0, Max: 0.0, Diff: 0.0, Sum: 0.0]
      [GC Worker Other (ms): Min: 0.0, Avg: 0.1, Max: 0.1, Diff: 0.1, Sum: 0.4]
      [GC Worker Total (ms): Min: 49.4, Avg: 49.4, Max: 49.4, Diff: 0.0, Sum: 395.4]
      [GC Worker End (ms): Min: 376582.4, Avg: 376582.4, Max: 376582.4, Diff: 0.1]
   [Code Root Fixup: 0.1 ms]
   [Code Root Migration: 0.1 ms]
   [Clear CT: 0.5 ms]
   [Other: 0.9 ms]
      [Choose CSet: 0.0 ms]
      [Ref Proc: 0.1 ms]
      [Ref Enq: 0.0 ms]
      [Free CSet: 0.7 ms]
   [Eden: 1023.0M(1023.0M)->0.0B(1018.0M) Survivors: 89.0M->94.0M Heap: 1636.0M(1950.0M)->617.5M(1950.0M)]
 [Times: user=0.40 sys=0.00, real=0.05 secs] 
376.584: Total time for which application threads were stopped: 0.0513150 seconds, Stopping threads took: 0.0000540 seconds
377.085: Application time: 0.5007960 seconds
377.085: [GC pause (young), 0.0438900 secs]
   [Parallel Time: 42.3 ms, GC Workers: 8]
      [GC Worker Start (ms): Min: 377085.0, Avg: 377085.0, Max: 377085.1, Diff: 0.1]
      [Ext Root Scanning (ms): Min: 0.7, Avg: 0.7, Max: 0.7, Diff: 0.1, Sum: 5.5]
      [Update RS (ms): Min: 0.0, Avg: 0.0, Max: 0.1, Diff: 0.1, Sum: 0.2]
         [Processed Buffers: Min: 0, Avg: 1.0, Max: 3, Diff: 3, Sum: 8]
      [Scan RS (ms): Min: 0.4, Avg: 0.4, Max: 0.5, Diff: 0.1, Sum: 3.5]
      [Code Root Scanning (ms): Min: 0.0, Avg: 0.0, Max: 0.0, Diff: 0.0, Sum: 0.1]
      [Object Copy (ms): Min: 40.9, Avg: 41.0, Max: 41.0, Diff: 0.0, Sum: 327.7]
      [Termination (ms): Min: 0.0, Avg: 0.0, Max: 0.0, Diff: 0.0, Sum: 0.0]
      [GC Worker Other (ms): Min: 0.0, Avg: 0.1, Max: 0.1, Diff: 0.1, Sum: 0.4]
      [GC Worker Total (ms): Min: 42.1, Avg: 42.2, Max: 42.2, Diff: 0.1, Sum: 337.4]
      [GC Worker End (ms): Min: 377127.2, Avg: 377127.2, Max: 377127.2, Diff: 0.0]
   [Code Root Fixup: 0.1 ms]
   [Code Root Migration: 0.1 ms]
   [Clear CT: 0.4 ms]
   [Other: 1.0 ms]
      [Choose CSet: 0.0 ms]
      [Ref Proc: 0.1 ms]
      [Ref Enq: 0.0 ms]
      [Free CSet: 0.7 ms]
   [Eden: 1018.0M(1018.0M)->0.0B(1037.0M) Survivors: 94.0M->79.0M Heap: 1635.5M(1950.0M)->603.0M(1950.0M)]
 [Times: user=0.34 sys=0.00, real=0.05 secs] 
377.129: Total time for which application threads were stopped: 0.0440540 seconds, Stopping threads took: 0.0000240 seconds
377.626: Application time: 0.4975300 seconds
377.627: [GC pause (young), 0.0478450 secs]
   [Parallel Time: 46.2 ms, GC Workers: 8]
      [GC Worker Start (ms): Min: 377626.6, Avg: 377626.7, Max: 377626.7, Diff: 0.1]
      [Ext Root Scanning (ms): Min: 0.6, Avg: 0.7, Max: 0.8, Diff: 0.1, Sum: 5.5]
      [Update RS (ms): Min: 0.0, Avg: 0.0, Max: 0.1, Diff: 0.1, Sum: 0.2]
         [Processed Buffers: Min: 0, Avg: 1.0, Max: 3, Diff: 3, Sum: 8]
      [Scan RS (ms): Min: 0.4, Avg: 0.4, Max: 0.5, Diff: 0.1, Sum: 3.5]
      [Code Root Scanning (ms): Min: 0.0, Avg: 0.0, Max: 0.0, Diff: 0.0, Sum: 0.1]
      [Object Copy (ms): Min: 44.8, Avg: 44.9, Max: 44.9, Diff: 0.1, Sum: 358.9]
      [Termination (ms): Min: 0.0, Avg: 0.0, Max: 0.0, Diff: 0.0, Sum: 0.0]
      [GC Worker Other (ms): Min: 0.0, Avg: 0.1, Max: 0.1, Diff: 0.1, Sum: 0.4]
      [GC Worker Total (ms): Min: 46.0, Avg: 46.1, Max: 46.1, Diff: 0.1, Sum: 368.6]
      [GC Worker End (ms): Min: 377672.7, Avg: 377672.7, Max: 377672.8, Diff: 0.1]
   [Code Root Fixup: 0.1 ms]
   [Code Root Migration: 0.2 ms]
   [Clear CT: 0.4 ms]
   [Other: 0.9 ms]
      [Choose CSet: 0.0 ms]
      [Ref Proc: 0.1 ms]
      [Ref Enq: 0.0 ms]
      [Free CSet: 0.7 ms]
   [Eden: 1037.0M(1037.0M)->0.0B(1025.0M) Survivors: 79.0M->89.0M Heap: 1640.0M(1950.0M)->613.0M(1950.0M)]
 [Times: user=0.36 sys=0.01, real=0.05 secs] 
377.675: Total time for which application threads were stopped: 0.0480260 seconds, Stopping threads took: 0.0000540 seconds
378.179: Application time: 0.5044630 seconds
378.179: [GC pause (young), 0.0598960 secs]
   [Parallel Time: 58.2 ms, GC Workers: 8]
      [GC Worker Start (ms): Min: 378179.1, Avg: 378179.2, Max: 378179.2, Diff: 0.1]
      [Ext Root Scanning (ms): Min: 0.6, Avg: 0.6, Max: 0.7, Diff: 0.2, Sum: 5.2]
      [Update RS (ms): Min: 0.0, Avg: 0.0, Max: 0.1, Diff: 0.1, Sum: 0.2]
         [Processed Buffers: Min: 0, Avg: 1.0, Max: 2, Diff: 2, Sum: 8]
      [Scan RS (ms): Min: 0.4, Avg: 0.4, Max: 0.5, Diff: 0.1, Sum: 3.5]
      [Code Root Scanning (ms): Min: 0.0, Avg: 0.0, Max: 0.0, Diff: 0.0, Sum: 0.1]
      [Object Copy (ms): Min: 56.9, Avg: 57.0, Max: 57.0, Diff: 0.1, Sum: 455.9]
      [Termination (ms): Min: 0.0, Avg: 0.0, Max: 0.0, Diff: 0.0, Sum: 0.0]
      [GC Worker Other (ms): Min: 0.0, Avg: 0.1, Max: 0.1, Diff: 0.0, Sum: 0.4]
      [GC Worker Total (ms): Min: 58.1, Avg: 58.2, Max: 58.2, Diff: 0.1, Sum: 465.3]
      [GC Worker End (ms): Min: 378237.3, Avg: 378237.3, Max: 378237.3, Diff: 0.1]
   [Code Root Fixup: 0.1 ms]
   [Code Root Migration: 0.1 ms]
   [Clear CT: 0.5 ms]
   [Other: 0.9 ms]
      [Choose CSet: 0.0 ms]
      [Ref Proc: 0.1 ms]
      [Ref Enq: 0.0 ms]
      [Free CSet: 0.8 ms]
   [Eden: 1025.0M(1025.0M)->0.0B(1000.0M) Survivors: 89.0M->108.0M Heap: 1638.0M(1950.0M)->631.5M(1950.0M)]
 [Times: user=0.47 sys=0.00, real=0.06 secs] 
378.239: Total time for which application threads were stopped: 0.0600880 seconds, Stopping threads took: 0.0000550 seconds
378.737: Application time: 0.4981710 seconds
378.737: [GC pause (young), 0.0547280 secs]
   [Parallel Time: 53.1 ms, GC Workers: 8]
      [GC Worker Start (ms): Min: 378737.4, Avg: 378737.4, Max: 378737.4, Diff: 0.1]
      [Ext Root Scanning (ms): Min: 0.6, Avg: 0.7, Max: 0.7, Diff: 0.1, Sum: 5.3]
      [Update RS (ms): Min: 0.0, Avg: 0.0, Max: 0.1, Diff: 0.1, Sum: 0.2]
         [Processed Buffers: Min: 0, Avg: 0.9, Max: 3, Diff: 3, Sum: 7]
      [Scan RS (ms): Min: 0.4, Avg: 0.4, Max: 0.5, Diff: 0.1, Sum: 3.5]
      [Code Root Scanning (ms): Min: 0.0, Avg: 0.0, Max: 0.0, Diff: 0.0, Sum: 0.1]
      [Object Copy (ms): Min: 51.8, Avg: 51.8, Max: 51.9, Diff: 0.1, Sum: 414.5]
      [Termination (ms): Min: 0.0, Avg: 0.0, Max: 0.0, Diff: 0.0, Sum: 0.0]
      [GC Worker Other (ms): Min: 0.0, Avg: 0.0, Max: 0.1, Diff: 0.0, Sum: 0.4]
      [GC Worker Total (ms): Min: 53.0, Avg: 53.0, Max: 53.0, Diff: 0.1, Sum: 424.0]
      [GC Worker End (ms): Min: 378790.4, Avg: 378790.4, Max: 378790.4, Diff: 0.0]
   [Code Root Fixup: 0.1 ms]
   [Code Root Migration: 0.1 ms]
   [Clear CT: 0.5 ms]
   [Other: 1.0 ms]
      [Choose CSet: 0.0 ms]
      [Ref Proc: 0.1 ms]
      [Ref Enq: 0.0 ms]
      [Free CSet: 0.7 ms]
   [Eden: 1000.0M(1000.0M)->0.0B(1010.0M) Survivors: 108.0M->96.0M Heap: 1631.5M(1950.0M)->620.0M(1950.0M)]
 [Times: user=0.42 sys=0.00, real=0.05 secs] 
378.792: Total time for which application threads were stopped: 0.0549010 seconds, Stopping threads took: 0.0000430 seconds
379.093: Application time: 0.3005610 seconds
379.093: Total time for which application threads were stopped: 0.0001060 seconds, Stopping threads took: 0.0000850 seconds
379.266: Application time: 0.1733310 seconds
379.266: Total time for which application threads were stopped: 0.0001380 seconds, Stopping threads took: 0.0001070 seconds
379.287: Application time: 0.0207440 seconds
379.287: Total time for which application threads were stopped: 0.0001030 seconds, Stopping threads took: 0.0000820 seconds
379.301: Application time: 0.0137730 seconds
379.301: Total time for which application threads were stopped: 0.0000990 seconds, Stopping threads took: 0.0000790 seconds
379.322: Application time: 0.0214200 seconds
379.323: [GC pause (young), 0.0348050 secs]
   [Parallel Time: 33.2 ms, GC Workers: 8]
      [GC Worker Start (ms): Min: 379322.6, Avg: 379322.6, Max: 379322.6, Diff: 0.1]
      [Ext Root Scanning (ms): Min: 0.6, Avg: 0.7, Max: 0.7, Diff: 0.1, Sum: 5.2]
      [Update RS (ms): Min: 0.0, Avg: 0.0, Max: 0.1, Diff: 0.1, Sum: 0.2]
         [Processed Buffers: Min: 0, Avg: 1.0, Max: 2, Diff: 2, Sum: 8]
      [Scan RS (ms): Min: 0.4, Avg: 0.4, Max: 0.5, Diff: 0.1, Sum: 3.5]
      [Code Root Scanning (ms): Min: 0.0, Avg: 0.0, Max: 0.0, Diff: 0.0, Sum: 0.1]
      [Object Copy (ms): Min: 32.0, Avg: 32.0, Max: 32.0, Diff: 0.0, Sum: 255.8]
      [Termination (ms): Min: 0.0, Avg: 0.0, Max: 0.0, Diff: 0.0, Sum: 0.0]
      [GC Worker Other (ms): Min: 0.0, Avg: 0.1, Max: 0.1, Diff: 0.0, Sum: 0.4]
      [GC Worker Total (ms): Min: 33.1, Avg: 33.2, Max: 33.2, Diff: 0.1, Sum: 265.2]
      [GC Worker End (ms): Min: 379355.7, Avg: 379355.7, Max: 379355.7, Diff: 0.0]
   [Code Root Fixup: 0.1 ms]
   [Code Root Migration: 0.1 ms]
   [Clear CT: 0.4 ms]
   [Other: 0.9 ms]
      [Choose CSet: 0.0 ms]
      [Ref Proc: 0.1 ms]
      [Ref Enq: 0.0 ms]
      [Free CSet: 0.7 ms]
   [Eden: 1010.0M(1010.0M)->0.0B(1057.0M) Survivors: 96.0M->56.0M Heap: 1630.0M(1950.0M)->584.1M(1950.0M)]
 [Times: user=0.27 sys=0.00, real=0.04 secs] 
379.357: Total time for which application threads were stopped: 0.0349530 seconds, Stopping threads took: 0.0000350 seconds
379.388: Application time: 0.0309510 seconds
379.388: Total time for which application threads were stopped: 0.0000510 seconds, Stopping threads took: 0.0000310 seconds
379.698: Application time: 0.3096110 seconds
379.698: Total time for which application threads were stopped: 0.0000430 seconds, Stopping threads took: 0.0000120 seconds
379.763: Application time: 0.0645940 seconds
379.763: Total time for which application threads were stopped: 0.0000320 seconds, Stopping threads took: 0.0000090 seconds
379.778: Application time: 0.0148250 seconds
379.778: Total time for which application threads were stopped: 0.0002070 seconds, Stopping threads took: 0.0000080 seconds
380.493: Application time: 0.7153260 seconds
380.493: Total time for which application threads were stopped: 0.0000760 seconds, Stopping threads took: 0.0000120 seconds
Heap
 garbage-first heap   total 1996800K, used 714928K [0x0000000080c00000, 0x00000000faa00000, 0x00000000fae00000)
  region size 1024K, 167 young (171008K), 56 survivors (57344K)
 compacting perm gen  total 20480K, used 16765K [0x00000000fae00000, 0x00000000fc200000, 0x0000000100000000)
   the space 20480K,  81% used [0x00000000fae00000, 0x00000000fbe5f798, 0x00000000fbe5f800, 0x00000000fc200000)
No shared spaces configured.
380.493: Application time: 0.0001850 seconds
