Java HotSpot(TM) 64-Bit Server VM (24.80-b11) for linux-amd64 JRE (1.7.0_80-b15), built on Apr 10 2015 19:53:14 by "java_re" with gcc 4.3.0 20080428 (Red Hat 4.3.0-8)
Memory: 4k page, physical 8000092k(6334400k free), swap 8218620k(8218620k free)
CommandLine flags: -XX:InitialHeapSize=128001472 -XX:MaxHeapSize=2048023552 -XX:+PrintGC -XX:+PrintGCApplicationConcurrentTime -XX:+PrintGCApplicationStoppedTime -XX:+PrintGCDetails -XX:+PrintGCTimeStamps -XX:+UseCompressedOops -XX:+UseParallelGC 
1.007: Application time: 0.9869390 seconds
1.007: Total time for which application threads were stopped: 0.0000510 seconds, Stopping threads took: 0.0000190 seconds
4.024: Application time: 3.0173860 seconds
4.024: Total time for which application threads were stopped: 0.0000630 seconds, Stopping threads took: 0.0000100 seconds
14.667: Application time: 10.6427960 seconds
14.667: Total time for which application threads were stopped: 0.0000220 seconds, Stopping threads took: 0.0000080 seconds
14.667: Application time: 0.0000640 seconds
14.667: Total time for which application threads were stopped: 0.0000240 seconds, Stopping threads took: 0.0000080 seconds
14.669: Application time: 0.0015390 seconds
14.669: Total time for which application threads were stopped: 0.0000240 seconds, Stopping threads took: 0.0000180 seconds
14.687: Application time: 0.0184800 seconds
14.687: Total time for which application threads were stopped: 0.0000400 seconds, Stopping threads took: 0.0000100 seconds
14.702: Application time: 0.0140850 seconds
14.702: [GC [PSYoungGen: 10773K->3329K(36864K)] 10773K->3337K(119808K), 0.0022840 secs] [Times: user=0.01 sys=0.00, real=0.00 secs] 
14.704: [Full GC [PSYoungGen: 3329K->0K(36864K)] [ParOldGen: 8K->3145K(82944K)] 3337K->3145K(119808K) [PSPermGen: 5076K->5074K(21504K)], 0.0114760 secs] [Times: user=0.02 sys=0.02, real=0.02 secs] 
14.715: Total time for which application threads were stopped: 0.0138930 seconds, Stopping threads took: 0.0000180 seconds
14.716: Application time: 0.0000430 seconds
14.716: [GC [PSYoungGen: 0K->0K(36864K)] 3145K->3145K(119808K), 0.0002710 secs] [Times: user=0.00 sys=0.00, real=0.00 secs] 
14.716: [Full GC [PSYoungGen: 0K->0K(36864K)] [ParOldGen: 3145K->3145K(82944K)] 3145K->3145K(119808K) [PSPermGen: 5074K->5074K(21504K)], 0.0041280 secs] [Times: user=0.01 sys=0.01, real=0.00 secs] 
14.720: Total time for which application threads were stopped: 0.0045020 seconds, Stopping threads took: 0.0000160 seconds
14.720: Application time: 0.0000930 seconds
14.720: Total time for which application threads were stopped: 0.0000240 seconds, Stopping threads took: 0.0000160 seconds
14.720: Application time: 0.0000140 seconds
14.720: Total time for which application threads were stopped: 0.0000110 seconds, Stopping threads took: 0.0000070 seconds
14.720: Application time: 0.0000310 seconds
14.720: Total time for which application threads were stopped: 0.0000150 seconds, Stopping threads took: 0.0000120 seconds
14.720: Application time: 0.0000160 seconds
14.720: Total time for which application threads were stopped: 0.0000140 seconds, Stopping threads took: 0.0000110 seconds
14.720: Application time: 0.0000110 seconds
14.720: Total time for which application threads were stopped: 0.0000130 seconds, Stopping threads took: 0.0000090 seconds
14.720: Application time: 0.0000100 seconds
14.720: Total time for which application threads were stopped: 0.0000140 seconds, Stopping threads took: 0.0000110 seconds
14.720: Application time: 0.0000110 seconds
14.720: Total time for which application threads were stopped: 0.0000150 seconds, Stopping threads took: 0.0000120 seconds
14.720: Application time: 0.0000100 seconds
14.720: Total time for which application threads were stopped: 0.0000150 seconds, Stopping threads took: 0.0000120 seconds
14.720: Application time: 0.0000150 seconds
14.720: Total time for which application threads were stopped: 0.0000130 seconds, Stopping threads took: 0.0000100 seconds
14.720: Application time: 0.0000110 seconds
14.720: Total time for which application threads were stopped: 0.0000140 seconds, Stopping threads took: 0.0000110 seconds
14.720: Application time: 0.0000160 seconds
14.720: Total time for which application threads were stopped: 0.0000150 seconds, Stopping threads took: 0.0000120 seconds
14.720: Application time: 0.0000190 seconds
14.720: Total time for which application threads were stopped: 0.0000080 seconds, Stopping threads took: 0.0000050 seconds
14.720: Application time: 0.0000160 seconds
14.720: Total time for which application threads were stopped: 0.0000150 seconds, Stopping threads took: 0.0000120 seconds
14.720: Application time: 0.0000130 seconds
14.721: Total time for which application threads were stopped: 0.0000230 seconds, Stopping threads took: 0.0000200 seconds
14.721: Application time: 0.0000130 seconds
14.721: Total time for which application threads were stopped: 0.0000120 seconds, Stopping threads took: 0.0000090 seconds
14.721: Application time: 0.0000140 seconds
14.721: Total time for which application threads were stopped: 0.0000140 seconds, Stopping threads took: 0.0000110 seconds
14.721: Application time: 0.0000130 seconds
14.721: Total time for which application threads were stopped: 0.0000140 seconds, Stopping threads took: 0.0000110 seconds
14.721: Application time: 0.0000130 seconds
14.721: Total time for which application threads were stopped: 0.0000140 seconds, Stopping threads took: 0.0000110 seconds
14.721: Application time: 0.0000130 seconds
14.721: Total time for which application threads were stopped: 0.0000140 seconds, Stopping threads took: 0.0000110 seconds
14.721: Application time: 0.0000130 seconds
14.721: Total time for which application threads were stopped: 0.0000220 seconds, Stopping threads took: 0.0000110 seconds
14.721: Application time: 0.0003170 seconds
14.721: Total time for which application threads were stopped: 0.0000160 seconds, Stopping threads took: 0.0000120 seconds
14.795: Application time: 0.0735370 seconds
14.795: Total time for which application threads were stopped: 0.0000570 seconds, Stopping threads took: 0.0000240 seconds
14.795: Application time: 0.0002540 seconds
14.795: Total time for which application threads were stopped: 0.0000540 seconds, Stopping threads took: 0.0000440 seconds
14.796: Application time: 0.0007830 seconds
14.796: Total time for which application threads were stopped: 0.0000280 seconds, Stopping threads took: 0.0000170 seconds
14.802: Application time: 0.0063910 seconds
14.802: Total time for which application threads were stopped: 0.0000540 seconds, Stopping threads took: 0.0000290 seconds
14.803: Application time: 0.0012740 seconds
14.804: Total time for which application threads were stopped: 0.0000350 seconds, Stopping threads took: 0.0000210 seconds
14.807: Application time: 0.0033830 seconds
14.807: Total time for which application threads were stopped: 0.0000240 seconds, Stopping threads took: 0.0000090 seconds
14.809: Application time: 0.0019020 seconds
14.809: Total time for which application threads were stopped: 0.0000480 seconds, Stopping threads took: 0.0000320 seconds
14.817: Application time: 0.0080700 seconds
14.817: Total time for which application threads were stopped: 0.0000370 seconds, Stopping threads took: 0.0000130 seconds
14.817: Application time: 0.0000440 seconds
14.817: Total time for which application threads were stopped: 0.0000140 seconds, Stopping threads took: 0.0000060 seconds
14.817: Application time: 0.0000480 seconds
14.817: Total time for which application threads were stopped: 0.0000320 seconds, Stopping threads took: 0.0000190 seconds
14.823: Application time: 0.0054480 seconds
14.823: Total time for which application threads were stopped: 0.0000580 seconds, Stopping threads took: 0.0000120 seconds
14.825: Application time: 0.0026950 seconds
14.825: Total time for which application threads were stopped: 0.0000500 seconds, Stopping threads took: 0.0000300 seconds
14.844: Application time: 0.0187970 seconds
14.844: Total time for which application threads were stopped: 0.0000870 seconds, Stopping threads took: 0.0000380 seconds
14.844: Application time: 0.0000780 seconds
14.844: Total time for which application threads were stopped: 0.0000300 seconds, Stopping threads took: 0.0000190 seconds
14.845: Application time: 0.0009930 seconds
14.845: Total time for which application threads were stopped: 0.0000160 seconds, Stopping threads took: 0.0000040 seconds
14.846: Application time: 0.0005300 seconds
14.846: Total time for which application threads were stopped: 0.0000150 seconds, Stopping threads took: 0.0000050 seconds
14.846: Application time: 0.0000500 seconds
14.846: Total time for which application threads were stopped: 0.0000530 seconds, Stopping threads took: 0.0000400 seconds
14.877: Application time: 0.0305370 seconds
14.877: Total time for which application threads were stopped: 0.0000600 seconds, Stopping threads took: 0.0000310 seconds
14.877: Application time: 0.0000250 seconds
14.877: Total time for which application threads were stopped: 0.0000260 seconds, Stopping threads took: 0.0000170 seconds
14.877: Application time: 0.0000500 seconds
14.877: Total time for which application threads were stopped: 0.0000970 seconds, Stopping threads took: 0.0000850 seconds
14.877: Application time: 0.0000560 seconds
14.877: Total time for which application threads were stopped: 0.0000300 seconds, Stopping threads took: 0.0000220 seconds
14.877: Application time: 0.0000720 seconds
14.877: Total time for which application threads were stopped: 0.0000180 seconds, Stopping threads took: 0.0000050 seconds
14.877: Application time: 0.0003990 seconds
14.877: Total time for which application threads were stopped: 0.0000410 seconds, Stopping threads took: 0.0000300 seconds
14.878: Application time: 0.0000500 seconds
14.878: Total time for which application threads were stopped: 0.0000330 seconds, Stopping threads took: 0.0000220 seconds
14.878: Application time: 0.0000760 seconds
14.878: Total time for which application threads were stopped: 0.0000240 seconds, Stopping threads took: 0.0000150 seconds
14.886: Application time: 0.0084910 seconds
14.886: Total time for which application threads were stopped: 0.0000550 seconds, Stopping threads took: 0.0000370 seconds
15.019: Application time: 0.1328080 seconds
15.019: [GC [PSYoungGen: 31744K->2494K(36864K)] 34889K->5648K(119808K), 0.0015990 secs] [Times: user=0.01 sys=0.00, real=0.00 secs] 
15.021: Total time for which application threads were stopped: 0.0017550 seconds, Stopping threads took: 0.0000530 seconds
15.021: Application time: 0.0006060 seconds
15.022: Total time for which application threads were stopped: 0.0003560 seconds, Stopping threads took: 0.0003380 seconds
15.022: Application time: 0.0000160 seconds
15.022: Total time for which application threads were stopped: 0.0000270 seconds, Stopping threads took: 0.0000200 seconds
15.022: Application time: 0.0000120 seconds
15.022: Total time for which application threads were stopped: 0.0000280 seconds, Stopping threads took: 0.0000210 seconds
15.022: Application time: 0.0000180 seconds
15.022: Total time for which application threads were stopped: 0.0000390 seconds, Stopping threads took: 0.0000290 seconds
15.022: Application time: 0.0000180 seconds
15.022: Total time for which application threads were stopped: 0.0000280 seconds, Stopping threads took: 0.0000190 seconds
15.022: Application time: 0.0000130 seconds
15.022: Total time for which application threads were stopped: 0.0000270 seconds, Stopping threads took: 0.0000200 seconds
15.022: Application time: 0.0000120 seconds
15.022: Total time for which application threads were stopped: 0.0000240 seconds, Stopping threads took: 0.0000170 seconds
15.022: Application time: 0.0000190 seconds
15.022: Total time for which application threads were stopped: 0.0000310 seconds, Stopping threads took: 0.0000230 seconds
15.022: Application time: 0.0000150 seconds
15.022: Total time for which application threads were stopped: 0.0000310 seconds, Stopping threads took: 0.0000250 seconds
15.022: Application time: 0.0000140 seconds
15.022: Total time for which application threads were stopped: 0.0000320 seconds, Stopping threads took: 0.0000250 seconds
15.022: Application time: 0.0000110 seconds
15.022: Total time for which application threads were stopped: 0.0000210 seconds, Stopping threads took: 0.0000150 seconds
15.022: Application time: 0.0000110 seconds
15.022: Total time for which application threads were stopped: 0.0000290 seconds, Stopping threads took: 0.0000230 seconds
15.022: Application time: 0.0000100 seconds
15.022: Total time for which application threads were stopped: 0.0000260 seconds, Stopping threads took: 0.0000200 seconds
15.022: Application time: 0.0000110 seconds
15.022: Total time for which application threads were stopped: 0.0000260 seconds, Stopping threads took: 0.0000190 seconds
15.022: Application time: 0.0000100 seconds
15.022: Total time for which application threads were stopped: 0.0000240 seconds, Stopping threads took: 0.0000180 seconds
15.022: Application time: 0.0000140 seconds
15.022: Total time for which application threads were stopped: 0.0000260 seconds, Stopping threads took: 0.0000200 seconds
15.022: Application time: 0.0000110 seconds
15.022: Total time for which application threads were stopped: 0.0000280 seconds, Stopping threads took: 0.0000210 seconds
15.022: Application time: 0.0000100 seconds
15.022: Total time for which application threads were stopped: 0.0000280 seconds, Stopping threads took: 0.0000220 seconds
15.022: Application time: 0.0000120 seconds
15.023: Total time for which application threads were stopped: 0.0000210 seconds, Stopping threads took: 0.0000150 seconds
15.023: Application time: 0.0000100 seconds
15.023: Total time for which application threads were stopped: 0.0000640 seconds, Stopping threads took: 0.0000210 seconds
15.023: Application time: 0.0002750 seconds
15.023: Total time for which application threads were stopped: 0.0000400 seconds, Stopping threads took: 0.0000320 seconds
15.023: Application time: 0.0000160 seconds
15.023: Total time for which application threads were stopped: 0.0000310 seconds, Stopping threads took: 0.0000240 seconds
15.023: Application time: 0.0000130 seconds
15.023: Total time for which application threads were stopped: 0.0000280 seconds, Stopping threads took: 0.0000200 seconds
15.023: Application time: 0.0000440 seconds
15.027: Total time for which application threads were stopped: 0.0042650 seconds, Stopping threads took: 0.0042520 seconds
15.027: Application time: 0.0000240 seconds
15.027: Total time for which application threads were stopped: 0.0000620 seconds, Stopping threads took: 0.0000490 seconds
15.027: Application time: 0.0000310 seconds
15.029: Total time for which application threads were stopped: 0.0018460 seconds, Stopping threads took: 0.0018340 seconds
15.029: Application time: 0.0000170 seconds
15.029: Total time for which application threads were stopped: 0.0000320 seconds, Stopping threads took: 0.0000210 seconds
15.035: Application time: 0.0059420 seconds
15.037: Total time for which application threads were stopped: 0.0012620 seconds, Stopping threads took: 0.0012450 seconds
15.234: Application time: 0.1973730 seconds
15.234: [GC [PSYoungGen: 34238K->864K(36864K)] 37392K->4025K(119808K), 0.0008420 secs] [Times: user=0.00 sys=0.00, real=0.00 secs] 
15.235: Total time for which application threads were stopped: 0.0010350 seconds, Stopping threads took: 0.0000910 seconds
15.423: Application time: 0.1883360 seconds
15.423: [GC [PSYoungGen: 32608K->928K(36864K)] 35769K->4089K(119808K), 0.0009290 secs] [Times: user=0.00 sys=0.00, real=0.00 secs] 
15.424: Total time for which application threads were stopped: 0.0010810 seconds, Stopping threads took: 0.0000610 seconds
15.608: Application time: 0.1836550 seconds
15.608: [GC [PSYoungGen: 32672K->928K(36864K)] 35833K->4097K(119808K), 0.0009690 secs] [Times: user=0.00 sys=0.00, real=0.00 secs] 
15.609: Total time for which application threads were stopped: 0.0010950 seconds, Stopping threads took: 0.0000490 seconds
15.764: Application time: 0.1549110 seconds
15.764: Total time for which application threads were stopped: 0.0001550 seconds, Stopping threads took: 0.0000840 seconds
15.788: Application time: 0.0235730 seconds
15.788: [GC [PSYoungGen: 32672K->848K(32256K)] 35841K->4017K(115200K), 0.0008500 secs] [Times: user=0.00 sys=0.01, real=0.00 secs] 
15.789: Total time for which application threads were stopped: 0.0009820 seconds, Stopping threads took: 0.0000700 seconds
15.969: Application time: 0.1801430 seconds
15.969: [GC [PSYoungGen: 32080K->880K(33792K)] 35249K->4049K(116736K), 0.0008300 secs] [Times: user=0.00 sys=0.00, real=0.00 secs] 
15.970: Total time for which application threads were stopped: 0.0010100 seconds, Stopping threads took: 0.0000910 seconds
15.993: Application time: 0.0234790 seconds
15.993: Total time for which application threads were stopped: 0.0000840 seconds, Stopping threads took: 0.0000540 seconds
16.173: Application time: 0.1800360 seconds
16.174: [GC [PSYoungGen: 31600K->480K(30720K)] 34769K->4033K(113664K), 0.0011610 secs] [Times: user=0.00 sys=0.01, real=0.00 secs] 
16.175: Total time for which application threads were stopped: 0.0013670 seconds, Stopping threads took: 0.0000990 seconds
16.368: Application time: 0.1931660 seconds
16.368: [GC [PSYoungGen: 30688K->560K(31744K)] 34241K->4169K(114688K), 0.0006200 secs] [Times: user=0.00 sys=0.00, real=0.00 secs] 
16.369: Total time for which application threads were stopped: 0.0007660 seconds, Stopping threads took: 0.0000640 seconds
16.533: Application time: 0.1644720 seconds
16.533: [GC [PSYoungGen: 30256K->272K(29696K)] 33865K->4145K(112640K), 0.0005390 secs] [Times: user=0.00 sys=0.00, real=0.00 secs] 
16.534: Total time for which application threads were stopped: 0.0006960 seconds, Stopping threads took: 0.0000850 seconds
16.692: Application time: 0.1580180 seconds
16.692: [GC [PSYoungGen: 29456K->512K(31232K)] 33329K->4401K(114176K), 0.0006680 secs] [Times: user=0.00 sys=0.00, real=0.00 secs] 
16.693: Total time for which application threads were stopped: 0.0007930 seconds, Stopping threads took: 0.0000550 seconds
16.852: Application time: 0.1594810 seconds
16.852: [GC [PSYoungGen: 29184K->256K(28672K)] 33073K->4518K(111616K), 0.0005410 secs] [Times: user=0.01 sys=0.00, real=0.00 secs] 
16.853: Total time for which application threads were stopped: 0.0006810 seconds, Stopping threads took: 0.0000670 seconds
17.011: Application time: 0.1582200 seconds
17.011: [GC [PSYoungGen: 28416K->224K(30208K)] 32678K->4510K(113152K), 0.0004610 secs] [Times: user=0.00 sys=0.00, real=0.00 secs] 
17.012: Total time for which application threads were stopped: 0.0006210 seconds, Stopping threads took: 0.0000790 seconds
17.167: Application time: 0.1547290 seconds
17.167: [GC [PSYoungGen: 27872K->224K(27648K)] 32158K->4574K(110592K), 0.0005420 secs] [Times: user=0.00 sys=0.00, real=0.00 secs] 
17.167: Total time for which application threads were stopped: 0.0006780 seconds, Stopping threads took: 0.0000620 seconds
17.318: Application time: 0.1503200 seconds
17.318: [GC [PSYoungGen: 27360K->256K(29184K)] 31710K->4774K(112128K), 0.0005090 secs] [Times: user=0.00 sys=0.00, real=0.00 secs] 
17.318: Total time for which application threads were stopped: 0.0006390 seconds, Stopping threads took: 0.0000600 seconds
17.462: Application time: 0.1438880 seconds
17.462: [GC [PSYoungGen: 26880K->448K(26624K)] 31398K->4966K(109568K), 0.0006020 secs] [Times: user=0.00 sys=0.00, real=0.00 secs] 
17.463: Total time for which application threads were stopped: 0.0007450 seconds, Stopping threads took: 0.0000700 seconds
17.607: Application time: 0.1438790 seconds
17.607: [GC [PSYoungGen: 26560K->256K(27648K)] 31078K->5122K(110592K), 0.0005520 secs] [Times: user=0.00 sys=0.00, real=0.01 secs] 
17.607: Total time for which application threads were stopped: 0.0007080 seconds, Stopping threads took: 0.0000700 seconds
17.749: Application time: 0.1420530 seconds
17.750: [GC [PSYoungGen: 25856K->256K(25600K)] 30722K->5194K(108544K), 0.0004800 secs] [Times: user=0.01 sys=0.00, real=0.00 secs] 
17.750: Total time for which application threads were stopped: 0.0006150 seconds, Stopping threads took: 0.0000600 seconds
17.888: Application time: 0.1379580 seconds
17.891: [GC [PSYoungGen: 25344K->256K(26624K)] 30282K->5194K(109568K), 0.0004560 secs] [Times: user=0.00 sys=0.00, real=0.00 secs] 
17.892: Total time for which application threads were stopped: 0.0037900 seconds, Stopping threads took: 0.0032580 seconds
18.028: Application time: 0.1358140 seconds
18.028: [GC [PSYoungGen: 24832K->256K(24576K)] 29770K->5386K(107520K), 0.0005170 secs] [Times: user=0.00 sys=0.00, real=0.00 secs] 
18.028: Total time for which application threads were stopped: 0.0006750 seconds, Stopping threads took: 0.0000840 seconds
18.162: Application time: 0.1333000 seconds
18.162: [GC [PSYoungGen: 24320K->224K(25088K)] 29450K->5354K(108032K), 0.0004880 secs] [Times: user=0.00 sys=0.00, real=0.00 secs] 
18.163: Total time for which application threads were stopped: 0.0017910 seconds, Stopping threads took: 0.0000690 seconds
18.289: Application time: 0.1257440 seconds
18.289: [GC [PSYoungGen: 23776K->528K(25600K)] 28906K->5658K(108544K), 0.0005010 secs] [Times: user=0.00 sys=0.00, real=0.00 secs] 
18.290: Total time for which application threads were stopped: 0.0006200 seconds, Stopping threads took: 0.0000530 seconds
18.420: Application time: 0.1301110 seconds
18.420: [GC [PSYoungGen: 24080K->224K(25600K)] 29210K->5743K(108544K), 0.0005120 secs] [Times: user=0.00 sys=0.00, real=0.00 secs] 
18.421: Total time for which application threads were stopped: 0.0006470 seconds, Stopping threads took: 0.0000660 seconds
18.551: Application time: 0.1305480 seconds
18.551: [GC [PSYoungGen: 23776K->256K(25600K)] 29295K->5775K(108544K), 0.0003760 secs] [Times: user=0.00 sys=0.00, real=0.00 secs] 
18.552: Total time for which application threads were stopped: 0.0005090 seconds, Stopping threads took: 0.0000560 seconds
18.681: Application time: 0.1295580 seconds
18.681: [GC [PSYoungGen: 23808K->272K(25600K)] 29327K->5791K(108544K), 0.0004200 secs] [Times: user=0.00 sys=0.00, real=0.00 secs] 
18.682: Total time for which application threads were stopped: 0.0005590 seconds, Stopping threads took: 0.0000590 seconds
18.812: Application time: 0.1301980 seconds
18.812: [GC [PSYoungGen: 23824K->256K(24064K)] 29343K->5967K(107008K), 0.0004870 secs] [Times: user=0.00 sys=0.00, real=0.00 secs] 
18.813: Total time for which application threads were stopped: 0.0006180 seconds, Stopping threads took: 0.0000570 seconds
18.943: Application time: 0.1305550 seconds
18.943: [GC [PSYoungGen: 23808K->256K(25088K)] 29519K->5967K(108032K), 0.0004030 secs] [Times: user=0.00 sys=0.00, real=0.00 secs] 
18.944: Total time for which application threads were stopped: 0.0005240 seconds, Stopping threads took: 0.0000550 seconds
19.069: Application time: 0.1258100 seconds
19.070: [GC [PSYoungGen: 23808K->528K(25088K)] 29519K->6239K(108032K), 0.0004940 secs] [Times: user=0.00 sys=0.00, real=0.00 secs] 
19.070: Total time for which application threads were stopped: 0.0006180 seconds, Stopping threads took: 0.0000580 seconds
19.201: Application time: 0.1306910 seconds
19.203: [GC [PSYoungGen: 24080K->256K(25088K)] 29791K->6355K(108032K), 0.0004940 secs] [Times: user=0.01 sys=0.00, real=0.00 secs] 
19.204: Total time for which application threads were stopped: 0.0031270 seconds, Stopping threads took: 0.0025560 seconds
19.334: Application time: 0.1302120 seconds
19.334: [GC [PSYoungGen: 23808K->256K(25088K)] 29907K->6355K(108032K), 0.0004180 secs] [Times: user=0.00 sys=0.00, real=0.00 secs] 
19.335: Total time for which application threads were stopped: 0.0005500 seconds, Stopping threads took: 0.0000610 seconds
19.465: Application time: 0.1302260 seconds
19.465: [GC [PSYoungGen: 23808K->256K(25088K)] 29907K->6355K(108032K), 0.0004200 secs] [Times: user=0.00 sys=0.00, real=0.00 secs] 
19.465: Total time for which application threads were stopped: 0.0005370 seconds, Stopping threads took: 0.0000500 seconds
19.596: Application time: 0.1302820 seconds
19.596: [GC [PSYoungGen: 23808K->256K(25088K)] 29907K->6547K(108032K), 0.0004300 secs] [Times: user=0.00 sys=0.00, real=0.00 secs] 
19.596: Total time for which application threads were stopped: 0.0005500 seconds, Stopping threads took: 0.0000520 seconds
19.726: Application time: 0.1300740 seconds
19.726: [GC [PSYoungGen: 23808K->256K(25088K)] 30099K->6547K(108032K), 0.0004070 secs] [Times: user=0.00 sys=0.00, real=0.00 secs] 
19.727: Total time for which application threads were stopped: 0.0005580 seconds, Stopping threads took: 0.0000620 seconds
19.853: Application time: 0.1260340 seconds
19.855: [GC [PSYoungGen: 23808K->480K(25088K)] 30099K->6771K(108032K), 0.0004960 secs] [Times: user=0.00 sys=0.00, real=0.00 secs] 
19.856: Total time for which application threads were stopped: 0.0029620 seconds, Stopping threads took: 0.0023970 seconds
19.986: Application time: 0.1302830 seconds
19.986: [GC [PSYoungGen: 24032K->256K(24064K)] 30323K->6936K(107008K), 0.0005440 secs] [Times: user=0.00 sys=0.00, real=0.00 secs] 
19.987: Total time for which application threads were stopped: 0.0006750 seconds, Stopping threads took: 0.0000620 seconds
20.117: Application time: 0.1304130 seconds
20.117: [GC [PSYoungGen: 23808K->256K(24576K)] 30488K->6936K(107520K), 0.0003790 secs] [Times: user=0.01 sys=0.00, real=0.00 secs] 
20.118: Total time for which application threads were stopped: 0.0005150 seconds, Stopping threads took: 0.0000730 seconds
20.247: Application time: 0.1297370 seconds
20.248: [GC [PSYoungGen: 23808K->256K(24576K)] 30488K->6936K(107520K), 0.0004340 secs] [Times: user=0.00 sys=0.00, real=0.00 secs] 
20.248: Total time for which application threads were stopped: 0.0005790 seconds, Stopping threads took: 0.0000650 seconds
20.378: Application time: 0.1303130 seconds
20.379: [GC [PSYoungGen: 23808K->256K(24576K)] 30488K->7128K(107520K), 0.0004480 secs] [Times: user=0.01 sys=0.00, real=0.00 secs] 
20.379: Total time for which application threads were stopped: 0.0005810 seconds, Stopping threads took: 0.0000640 seconds
20.509: Application time: 0.1298030 seconds
20.509: [GC [PSYoungGen: 23808K->256K(24576K)] 30680K->7128K(107520K), 0.0003950 secs] [Times: user=0.01 sys=0.00, real=0.00 secs] 
20.509: Total time for which application threads were stopped: 0.0005190 seconds, Stopping threads took: 0.0000530 seconds
20.641: Application time: 0.1312210 seconds
20.641: [GC [PSYoungGen: 23808K->512K(24576K)] 30680K->7384K(107520K), 0.0005040 secs] [Times: user=0.01 sys=0.00, real=0.00 secs] 
20.641: Total time for which application threads were stopped: 0.0006350 seconds, Stopping threads took: 0.0000630 seconds
20.785: Application time: 0.1436910 seconds
20.785: [GC [PSYoungGen: 24064K->256K(24576K)] 30936K->7516K(107520K), 0.0004950 secs] [Times: user=0.00 sys=0.00, real=0.00 secs] 
20.785: Total time for which application threads were stopped: 0.0006260 seconds, Stopping threads took: 0.0000540 seconds
20.929: Application time: 0.1432950 seconds
20.929: [GC [PSYoungGen: 23808K->224K(24576K)] 31068K->7484K(107520K), 0.0004600 secs] [Times: user=0.00 sys=0.00, real=0.00 secs] 
20.929: Total time for which application threads were stopped: 0.0005950 seconds, Stopping threads took: 0.0000550 seconds
21.071: Application time: 0.1420400 seconds
21.072: [GC [PSYoungGen: 23776K->272K(24576K)] 31036K->7532K(107520K), 0.0004810 secs] [Times: user=0.01 sys=0.00, real=0.00 secs] 
21.072: Total time for which application threads were stopped: 0.0006130 seconds, Stopping threads took: 0.0000580 seconds
21.215: Application time: 0.1433050 seconds
21.215: [GC [PSYoungGen: 23824K->256K(24576K)] 31084K->7708K(107520K), 0.0004440 secs] [Times: user=0.00 sys=0.00, real=0.00 secs] 
21.216: Total time for which application threads were stopped: 0.0005680 seconds, Stopping threads took: 0.0000490 seconds
21.359: Application time: 0.1430750 seconds
21.359: [GC [PSYoungGen: 23808K->256K(24576K)] 31260K->7708K(107520K), 0.0003870 secs] [Times: user=0.00 sys=0.00, real=0.00 secs] 
21.360: Total time for which application threads were stopped: 0.0005240 seconds, Stopping threads took: 0.0000550 seconds
21.498: Application time: 0.1383490 seconds
21.498: [GC [PSYoungGen: 23808K->496K(24576K)] 31260K->7948K(107520K), 0.0005070 secs] [Times: user=0.00 sys=0.00, real=0.00 secs] 
21.498: Total time for which application threads were stopped: 0.0006360 seconds, Stopping threads took: 0.0000540 seconds
21.642: Application time: 0.1433860 seconds
21.642: [GC [PSYoungGen: 24048K->256K(24576K)] 31500K->8097K(107520K), 0.0005020 secs] [Times: user=0.00 sys=0.00, real=0.00 secs] 
21.643: Total time for which application threads were stopped: 0.0006320 seconds, Stopping threads took: 0.0000600 seconds
21.786: Application time: 0.1433020 seconds
21.786: [GC [PSYoungGen: 23808K->256K(24576K)] 31649K->8097K(107520K), 0.0004300 secs] [Times: user=0.00 sys=0.00, real=0.00 secs] 
21.786: Total time for which application threads were stopped: 0.0005760 seconds, Stopping threads took: 0.0000710 seconds
21.930: Application time: 0.1431530 seconds
21.930: [GC [PSYoungGen: 23808K->256K(24576K)] 31649K->8097K(107520K), 0.0004360 secs] [Times: user=0.00 sys=0.00, real=0.00 secs] 
21.930: Total time for which application threads were stopped: 0.0005780 seconds, Stopping threads took: 0.0000600 seconds
22.073: Application time: 0.1433630 seconds
22.074: [GC [PSYoungGen: 23808K->256K(24576K)] 31649K->8289K(107520K), 0.0004430 secs] [Times: user=0.00 sys=0.00, real=0.00 secs] 
22.074: Total time for which application threads were stopped: 0.0005860 seconds, Stopping threads took: 0.0000710 seconds
22.217: Application time: 0.1434050 seconds
22.218: [GC [PSYoungGen: 23808K->256K(24576K)] 31841K->8289K(107520K), 0.0004080 secs] [Times: user=0.00 sys=0.00, real=0.00 secs] 
22.218: Total time for which application threads were stopped: 0.0005310 seconds, Stopping threads took: 0.0000540 seconds
22.356: Application time: 0.1383810 seconds
22.357: [GC [PSYoungGen: 23808K->512K(24576K)] 31841K->8545K(107520K), 0.0005270 secs] [Times: user=0.00 sys=0.00, real=0.00 secs] 
22.357: Total time for which application threads were stopped: 0.0006610 seconds, Stopping threads took: 0.0000610 seconds
22.500: Application time: 0.1434190 seconds
22.501: [GC [PSYoungGen: 24064K->256K(24576K)] 32097K->8681K(107520K), 0.0004980 secs] [Times: user=0.00 sys=0.00, real=0.00 secs] 
22.501: Total time for which application threads were stopped: 0.0006350 seconds, Stopping threads took: 0.0000560 seconds
22.643: Application time: 0.1419530 seconds
22.643: [GC [PSYoungGen: 23808K->256K(24576K)] 32233K->8681K(107520K), 0.0004200 secs] [Times: user=0.00 sys=0.00, real=0.00 secs] 
22.644: Total time for which application threads were stopped: 0.0005440 seconds, Stopping threads took: 0.0000560 seconds
22.787: Application time: 0.1429640 seconds
22.787: [GC [PSYoungGen: 23808K->256K(24576K)] 32233K->8681K(107520K), 0.0004470 secs] [Times: user=0.00 sys=0.00, real=0.00 secs] 
22.787: Total time for which application threads were stopped: 0.0005710 seconds, Stopping threads took: 0.0000550 seconds
22.931: Application time: 0.1433780 seconds
22.931: [GC [PSYoungGen: 23808K->256K(24576K)] 32233K->8873K(107520K), 0.0004530 secs] [Times: user=0.00 sys=0.00, real=0.00 secs] 
22.931: Total time for which application threads were stopped: 0.0005900 seconds, Stopping threads took: 0.0000680 seconds
23.075: Application time: 0.1434480 seconds
23.075: [GC [PSYoungGen: 23808K->256K(24576K)] 32425K->8873K(107520K), 0.0004090 secs] [Times: user=0.00 sys=0.00, real=0.00 secs] 
23.075: Total time for which application threads were stopped: 0.0005430 seconds, Stopping threads took: 0.0000550 seconds
23.214: Application time: 0.1387180 seconds
23.214: [GC [PSYoungGen: 23808K->496K(24576K)] 32425K->9113K(107520K), 0.0005410 secs] [Times: user=0.00 sys=0.00, real=0.01 secs] 
23.216: Total time for which application threads were stopped: 0.0017760 seconds, Stopping threads took: 0.0000740 seconds
23.359: Application time: 0.1435880 seconds
23.359: [GC [PSYoungGen: 24048K->192K(24576K)] 32665K->9190K(107520K), 0.0005910 secs] [Times: user=0.00 sys=0.00, real=0.00 secs] 
23.360: Total time for which application threads were stopped: 0.0007430 seconds, Stopping threads took: 0.0000780 seconds
23.503: Application time: 0.1432870 seconds
23.503: [GC [PSYoungGen: 23744K->256K(24576K)] 32742K->9254K(107520K), 0.0004340 secs] [Times: user=0.00 sys=0.00, real=0.00 secs] 
23.504: Total time for which application threads were stopped: 0.0005730 seconds, Stopping threads took: 0.0000580 seconds
23.646: Application time: 0.1424160 seconds
23.646: [GC [PSYoungGen: 23808K->256K(24576K)] 32806K->9254K(107520K), 0.0004860 secs] [Times: user=0.00 sys=0.00, real=0.00 secs] 
23.647: Total time for which application threads were stopped: 0.0006260 seconds, Stopping threads took: 0.0000530 seconds
23.791: Application time: 0.1439300 seconds
23.791: [GC [PSYoungGen: 23808K->256K(24576K)] 32806K->9446K(107520K), 0.0004500 secs] [Times: user=0.00 sys=0.00, real=0.00 secs] 
23.791: Total time for which application threads were stopped: 0.0005780 seconds, Stopping threads took: 0.0000600 seconds
23.937: Application time: 0.1452970 seconds
23.937: [GC [PSYoungGen: 23808K->256K(24064K)] 32998K->9446K(107008K), 0.0004460 secs] [Times: user=0.00 sys=0.00, real=0.00 secs] 
23.937: Total time for which application threads were stopped: 0.0005760 seconds, Stopping threads took: 0.0000600 seconds
24.077: Application time: 0.1399140 seconds
24.077: [GC [PSYoungGen: 23808K->480K(24064K)] 32998K->9670K(107008K), 0.0005970 secs] [Times: user=0.01 sys=0.00, real=0.00 secs] 
24.078: Total time for which application threads were stopped: 0.0007520 seconds, Stopping threads took: 0.0000840 seconds
24.221: Application time: 0.1435590 seconds
24.222: [GC [PSYoungGen: 24032K->256K(24576K)] 33222K->9834K(107520K), 0.0005020 secs] [Times: user=0.00 sys=0.00, real=0.00 secs] 
24.222: Total time for which application threads were stopped: 0.0006540 seconds, Stopping threads took: 0.0000680 seconds
24.366: Application time: 0.1437610 seconds
24.366: [GC [PSYoungGen: 23808K->256K(24576K)] 33386K->9834K(107520K), 0.0004130 secs] [Times: user=0.00 sys=0.00, real=0.00 secs] 
24.366: Total time for which application threads were stopped: 0.0005430 seconds, Stopping threads took: 0.0000570 seconds
24.508: Application time: 0.1420420 seconds
24.509: [GC [PSYoungGen: 23808K->256K(24064K)] 33386K->9834K(107008K), 0.0004680 secs] [Times: user=0.01 sys=0.00, real=0.00 secs] 
24.509: Total time for which application threads were stopped: 0.0006150 seconds, Stopping threads took: 0.0000680 seconds
24.647: Application time: 0.1375180 seconds
24.647: [GC [PSYoungGen: 23808K->192K(24064K)] 33386K->9946K(107008K), 0.0004620 secs] [Times: user=0.00 sys=0.00, real=0.00 secs] 
24.647: Total time for which application threads were stopped: 0.0006010 seconds, Stopping threads took: 0.0000670 seconds
24.778: Application time: 0.1309990 seconds
24.779: [GC [PSYoungGen: 23744K->192K(24064K)] 33498K->9946K(107008K), 0.0004860 secs] [Times: user=0.00 sys=0.00, real=0.00 secs] 
24.779: Total time for which application threads were stopped: 0.0009310 seconds, Stopping threads took: 0.0003660 seconds
24.912: Application time: 0.1332090 seconds
24.912: [GC [PSYoungGen: 23744K->432K(24064K)] 33498K->10186K(107008K), 0.0005340 secs] [Times: user=0.00 sys=0.00, real=0.00 secs] 
24.913: Total time for which application threads were stopped: 0.0006770 seconds, Stopping threads took: 0.0000700 seconds
25.042: Application time: 0.1292680 seconds
25.042: [GC [PSYoungGen: 23984K->256K(24064K)] 33738K->10363K(107008K), 0.0004910 secs] [Times: user=0.00 sys=0.00, real=0.00 secs] 
25.043: Total time for which application threads were stopped: 0.0006220 seconds, Stopping threads took: 0.0000630 seconds
25.173: Application time: 0.1301640 seconds
25.173: [GC [PSYoungGen: 23808K->224K(24064K)] 33915K->10419K(107008K), 0.0004220 secs] [Times: user=0.00 sys=0.00, real=0.00 secs] 
25.174: Total time for which application threads were stopped: 0.0005550 seconds, Stopping threads took: 0.0000660 seconds
25.303: Application time: 0.1295480 seconds
25.303: [GC [PSYoungGen: 23776K->256K(24064K)] 33971K->10451K(107008K), 0.0004170 secs] [Times: user=0.00 sys=0.00, real=0.00 secs] 
25.304: Total time for which application threads were stopped: 0.0005490 seconds, Stopping threads took: 0.0000560 seconds
25.434: Application time: 0.1301370 seconds
25.434: [GC [PSYoungGen: 23808K->256K(24064K)] 34003K->10627K(107008K), 0.0004610 secs] [Times: user=0.00 sys=0.00, real=0.00 secs] 
25.434: Total time for which application threads were stopped: 0.0005850 seconds, Stopping threads took: 0.0000540 seconds
25.564: Application time: 0.1297780 seconds
25.564: [GC [PSYoungGen: 23808K->224K(24064K)] 34179K->10619K(107008K), 0.0004390 secs] [Times: user=0.00 sys=0.00, real=0.00 secs] 
25.565: Total time for which application threads were stopped: 0.0005770 seconds, Stopping threads took: 0.0000670 seconds
25.691: Application time: 0.1261900 seconds
25.691: [GC [PSYoungGen: 23776K->448K(24064K)] 34171K->10843K(107008K), 0.0004990 secs] [Times: user=0.00 sys=0.00, real=0.00 secs] 
25.692: Total time for which application threads were stopped: 0.0006240 seconds, Stopping threads took: 0.0000550 seconds
25.821: Application time: 0.1295460 seconds
25.823: [GC [PSYoungGen: 24000K->192K(24064K)] 34395K->10927K(107008K), 0.0005500 secs] [Times: user=0.00 sys=0.00, real=0.00 secs] 
25.824: Total time for which application threads were stopped: 0.0027240 seconds, Stopping threads took: 0.0020900 seconds
25.955: Application time: 0.1312230 seconds
25.955: [GC [PSYoungGen: 23744K->256K(24064K)] 34479K->11087K(107008K), 0.0004870 secs] [Times: user=0.00 sys=0.00, real=0.00 secs] 
25.956: Total time for which application threads were stopped: 0.0006100 seconds, Stopping threads took: 0.0000490 seconds
26.085: Application time: 0.1290200 seconds
26.085: [GC [PSYoungGen: 23808K->256K(24064K)] 34639K->11087K(107008K), 0.0004830 secs] [Times: user=0.00 sys=0.00, real=0.00 secs] 
26.085: Total time for which application threads were stopped: 0.0006260 seconds, Stopping threads took: 0.0000760 seconds
26.216: Application time: 0.1301370 seconds
26.216: [GC [PSYoungGen: 23808K->256K(24064K)] 34639K->11256K(107008K), 0.0004960 secs] [Times: user=0.00 sys=0.00, real=0.00 secs] 
26.216: Total time for which application threads were stopped: 0.0006310 seconds, Stopping threads took: 0.0000660 seconds
26.346: Application time: 0.1300900 seconds
26.346: [GC [PSYoungGen: 23808K->224K(24064K)] 34808K->11248K(107008K), 0.0004090 secs] [Times: user=0.00 sys=0.00, real=0.00 secs] 
26.347: Total time for which application threads were stopped: 0.0005400 seconds, Stopping threads took: 0.0000540 seconds
26.473: Application time: 0.1262310 seconds
26.473: [GC [PSYoungGen: 23776K->464K(24064K)] 34800K->11488K(107008K), 0.0004810 secs] [Times: user=0.00 sys=0.00, real=0.00 secs] 
26.474: Total time for which application threads were stopped: 0.0006040 seconds, Stopping threads took: 0.0000580 seconds
26.604: Application time: 0.1300710 seconds
26.604: [GC [PSYoungGen: 24016K->256K(24064K)] 35040K->11628K(107008K), 0.0004810 secs] [Times: user=0.00 sys=0.00, real=0.00 secs] 
26.604: Total time for which application threads were stopped: 0.0006010 seconds, Stopping threads took: 0.0000510 seconds
26.735: Application time: 0.1301930 seconds
26.735: [GC [PSYoungGen: 23808K->256K(24064K)] 35180K->11692K(107008K), 0.0003900 secs] [Times: user=0.00 sys=0.00, real=0.00 secs] 
26.735: Total time for which application threads were stopped: 0.0005140 seconds, Stopping threads took: 0.0000570 seconds
26.865: Application time: 0.1296230 seconds
26.865: [GC [PSYoungGen: 23808K->256K(24064K)] 35244K->11692K(107008K), 0.0004230 secs] [Times: user=0.00 sys=0.00, real=0.00 secs] 
26.865: Total time for which application threads were stopped: 0.0005440 seconds, Stopping threads took: 0.0000490 seconds
26.995: Application time: 0.1301350 seconds
26.995: [GC [PSYoungGen: 23808K->256K(24064K)] 35244K->11860K(107008K), 0.0004500 secs] [Times: user=0.00 sys=0.00, real=0.00 secs] 
26.996: Total time for which application threads were stopped: 0.0005850 seconds, Stopping threads took: 0.0000620 seconds
27.126: Application time: 0.1303010 seconds
27.127: [GC [PSYoungGen: 23808K->224K(24064K)] 35412K->11852K(107008K), 0.0004330 secs] [Times: user=0.00 sys=0.00, real=0.00 secs] 
27.128: Total time for which application threads were stopped: 0.0015330 seconds, Stopping threads took: 0.0010290 seconds
27.254: Application time: 0.1264270 seconds
27.254: [GC [PSYoungGen: 23776K->432K(24064K)] 35404K->12060K(107008K), 0.0005100 secs] [Times: user=0.00 sys=0.00, real=0.00 secs] 
27.255: Total time for which application threads were stopped: 0.0006300 seconds, Stopping threads took: 0.0000530 seconds
27.384: Application time: 0.1289490 seconds
27.384: [GC [PSYoungGen: 23984K->256K(24064K)] 35612K->12232K(107008K), 0.0005070 secs] [Times: user=0.00 sys=0.00, real=0.00 secs] 
27.384: Total time for which application threads were stopped: 0.0006490 seconds, Stopping threads took: 0.0000590 seconds
27.515: Application time: 0.1303310 seconds
27.515: [GC [PSYoungGen: 23808K->256K(24064K)] 35784K->12328K(107008K), 0.0004070 secs] [Times: user=0.01 sys=0.00, real=0.01 secs] 
27.515: Total time for which application threads were stopped: 0.0005440 seconds, Stopping threads took: 0.0000590 seconds
27.645: Application time: 0.1298360 seconds
27.645: [GC [PSYoungGen: 23808K->256K(24064K)] 35880K->12328K(107008K), 0.0004290 secs] [Times: user=0.00 sys=0.00, real=0.00 secs] 
27.646: Total time for which application threads were stopped: 0.0005550 seconds, Stopping threads took: 0.0000580 seconds
27.776: Application time: 0.1303000 seconds
27.776: [GC [PSYoungGen: 23808K->256K(24064K)] 35880K->12497K(107008K), 0.0004620 secs] [Times: user=0.00 sys=0.00, real=0.00 secs] 
27.777: Total time for which application threads were stopped: 0.0005950 seconds, Stopping threads took: 0.0000660 seconds
27.907: Application time: 0.1303740 seconds
27.907: [GC [PSYoungGen: 23807K->256K(24064K)] 36049K->12521K(107008K), 0.0003950 secs] [Times: user=0.00 sys=0.00, real=0.01 secs] 
27.908: Total time for which application threads were stopped: 0.0005290 seconds, Stopping threads took: 0.0000580 seconds
28.034: Application time: 0.1267400 seconds
28.034: [GC [PSYoungGen: 23808K->448K(24064K)] 36073K->12713K(107008K), 0.0004890 secs] [Times: user=0.00 sys=0.00, real=0.00 secs] 
28.035: Total time for which application threads were stopped: 0.0006390 seconds, Stopping threads took: 0.0000760 seconds
28.165: Application time: 0.1296400 seconds
28.165: [GC [PSYoungGen: 24000K->288K(24064K)] 36265K->12889K(107008K), 0.0005240 secs] [Times: user=0.00 sys=0.00, real=0.00 secs] 
28.165: Total time for which application threads were stopped: 0.0006530 seconds, Stopping threads took: 0.0000570 seconds
28.296: Application time: 0.1304680 seconds
28.296: [GC [PSYoungGen: 23840K->160K(24064K)] 36441K->12833K(107008K), 0.0004650 secs] [Times: user=0.00 sys=0.00, real=0.00 secs] 
28.297: Total time for which application threads were stopped: 0.0017390 seconds, Stopping threads took: 0.0000570 seconds
28.427: Application time: 0.1298850 seconds
28.427: [GC [PSYoungGen: 23712K->256K(24064K)] 36385K->12929K(107008K), 0.0006720 secs] [Times: user=0.00 sys=0.00, real=0.00 secs] 
28.428: Total time for which application threads were stopped: 0.0008160 seconds, Stopping threads took: 0.0000610 seconds
28.558: Application time: 0.1300200 seconds
28.558: [GC [PSYoungGen: 23808K->256K(24064K)] 36481K->13097K(107008K), 0.0004860 secs] [Times: user=0.01 sys=0.00, real=0.00 secs] 
28.559: Total time for which application threads were stopped: 0.0006380 seconds, Stopping threads took: 0.0000800 seconds
28.689: Application time: 0.1302840 seconds
28.689: [GC [PSYoungGen: 23808K->256K(24064K)] 36649K->13121K(107008K), 0.0004140 secs] [Times: user=0.00 sys=0.00, real=0.00 secs] 
28.690: Total time for which application threads were stopped: 0.0005480 seconds, Stopping threads took: 0.0000580 seconds
28.816: Application time: 0.1260370 seconds
28.816: [GC [PSYoungGen: 23808K->448K(24064K)] 36673K->13313K(107008K), 0.0005330 secs] [Times: user=0.00 sys=0.00, real=0.00 secs] 
28.816: Total time for which application threads were stopped: 0.0006730 seconds, Stopping threads took: 0.0000700 seconds
28.946: Application time: 0.1295360 seconds
28.946: [GC [PSYoungGen: 24000K->224K(24064K)] 36865K->13425K(107008K), 0.0006130 secs] [Times: user=0.01 sys=0.00, real=0.00 secs] 
28.947: Total time for which application threads were stopped: 0.0007680 seconds, Stopping threads took: 0.0000630 seconds
29.077: Application time: 0.1305940 seconds
29.077: [GC [PSYoungGen: 23776K->256K(24064K)] 36977K->13537K(107008K), 0.0004490 secs] [Times: user=0.00 sys=0.00, real=0.00 secs] 
29.078: Total time for which application threads were stopped: 0.0005930 seconds, Stopping threads took: 0.0000730 seconds
29.207: Application time: 0.1290840 seconds
29.207: [GC [PSYoungGen: 23808K->256K(24064K)] 37089K->13537K(107008K), 0.0004660 secs] [Times: user=0.00 sys=0.00, real=0.01 secs] 
29.208: Total time for which application threads were stopped: 0.0005990 seconds, Stopping threads took: 0.0000630 seconds
29.338: Application time: 0.1305510 seconds
29.338: [GC [PSYoungGen: 23808K->256K(24064K)] 37089K->13706K(107008K), 0.0004620 secs] [Times: user=0.01 sys=0.00, real=0.00 secs] 
29.339: Total time for which application threads were stopped: 0.0005970 seconds, Stopping threads took: 0.0000610 seconds
29.469: Application time: 0.1305790 seconds
29.469: [GC [PSYoungGen: 23808K->256K(24064K)] 37258K->13730K(107008K), 0.0003980 secs] [Times: user=0.00 sys=0.00, real=0.00 secs] 
29.470: Total time for which application threads were stopped: 0.0005270 seconds, Stopping threads took: 0.0000520 seconds
29.596: Application time: 0.1266700 seconds
29.597: [GC [PSYoungGen: 23808K->448K(24064K)] 37282K->13922K(107008K), 0.0005090 secs] [Times: user=0.00 sys=0.00, real=0.00 secs] 
29.597: Total time for which application threads were stopped: 0.0006310 seconds, Stopping threads took: 0.0000560 seconds
29.727: Application time: 0.1297400 seconds
29.727: [GC [PSYoungGen: 24000K->224K(24064K)] 37474K->14030K(107008K), 0.0005160 secs] [Times: user=0.00 sys=0.00, real=0.01 secs] 
29.727: Total time for which application threads were stopped: 0.0006380 seconds, Stopping threads took: 0.0000520 seconds
29.858: Application time: 0.1306530 seconds
29.858: [GC [PSYoungGen: 23776K->256K(24064K)] 37582K->14150K(107008K), 0.0004260 secs] [Times: user=0.00 sys=0.00, real=0.00 secs] 
29.859: Total time for which application threads were stopped: 0.0005510 seconds, Stopping threads took: 0.0000540 seconds
29.988: Application time: 0.1294040 seconds
29.988: [GC [PSYoungGen: 23808K->256K(24064K)] 37702K->14150K(107008K), 0.0004380 secs] [Times: user=0.00 sys=0.00, real=0.00 secs] 
29.989: Total time for which application threads were stopped: 0.0005810 seconds, Stopping threads took: 0.0000640 seconds
30.119: Application time: 0.1302480 seconds
30.119: [GC [PSYoungGen: 23808K->256K(24064K)] 37702K->14318K(107008K), 0.0004630 secs] [Times: user=0.00 sys=0.00, real=0.00 secs] 
30.119: Total time for which application threads were stopped: 0.0005930 seconds, Stopping threads took: 0.0000540 seconds
30.250: Application time: 0.1303700 seconds
30.250: [GC [PSYoungGen: 23808K->224K(24064K)] 37870K->14310K(107008K), 0.0004420 secs] [Times: user=0.00 sys=0.00, real=0.00 secs] 
30.250: Total time for which application threads were stopped: 0.0005800 seconds, Stopping threads took: 0.0000670 seconds
30.377: Application time: 0.1268420 seconds
30.377: [GC [PSYoungGen: 23776K->464K(24064K)] 37862K->14550K(107008K), 0.0005310 secs] [Times: user=0.00 sys=0.00, real=0.00 secs] 
30.378: Total time for which application threads were stopped: 0.0006570 seconds, Stopping threads took: 0.0000550 seconds
30.508: Application time: 0.1302010 seconds
30.508: [GC [PSYoungGen: 24016K->256K(24064K)] 38102K->14690K(107008K), 0.0004600 secs] [Times: user=0.00 sys=0.00, real=0.00 secs] 
30.509: Total time for which application threads were stopped: 0.0005930 seconds, Stopping threads took: 0.0000540 seconds
30.639: Application time: 0.1306400 seconds
30.639: [GC [PSYoungGen: 23808K->256K(24064K)] 38242K->14771K(107008K), 0.0004620 secs] [Times: user=0.01 sys=0.00, real=0.00 secs] 
30.640: Total time for which application threads were stopped: 0.0005860 seconds, Stopping threads took: 0.0000570 seconds
30.769: Application time: 0.1292620 seconds
30.769: [GC [PSYoungGen: 23808K->272K(24064K)] 38323K->14787K(107008K), 0.0004930 secs] [Times: user=0.00 sys=0.00, real=0.00 secs] 
30.770: Total time for which application threads were stopped: 0.0006230 seconds, Stopping threads took: 0.0000570 seconds
30.900: Application time: 0.1303400 seconds
30.900: [GC [PSYoungGen: 23824K->256K(24064K)] 38339K->14939K(107008K), 0.0004700 secs] [Times: user=0.00 sys=0.00, real=0.00 secs] 
30.901: Total time for which application threads were stopped: 0.0006040 seconds, Stopping threads took: 0.0000580 seconds
31.031: Application time: 0.1305930 seconds
31.032: [GC [PSYoungGen: 23808K->224K(24064K)] 38491K->14931K(107008K), 0.0004540 secs] [Times: user=0.01 sys=0.00, real=0.00 secs] 
31.032: Total time for which application threads were stopped: 0.0005880 seconds, Stopping threads took: 0.0000540 seconds
31.158: Application time: 0.1263200 seconds
31.158: [GC [PSYoungGen: 23776K->464K(24064K)] 38483K->15171K(107008K), 0.0005000 secs] [Times: user=0.00 sys=0.00, real=0.00 secs] 
31.159: Total time for which application threads were stopped: 0.0006220 seconds, Stopping threads took: 0.0000510 seconds
31.289: Application time: 0.1303220 seconds
31.289: [GC [PSYoungGen: 24016K->256K(24064K)] 38723K->15311K(107008K), 0.0005630 secs] [Times: user=0.01 sys=0.00, real=0.00 secs] 
31.290: Total time for which application threads were stopped: 0.0006910 seconds, Stopping threads took: 0.0000540 seconds
31.420: Application time: 0.1295480 seconds
31.420: [GC [PSYoungGen: 23808K->256K(24064K)] 38863K->15367K(107008K), 0.0004120 secs] [Times: user=0.00 sys=0.00, real=0.00 secs] 
31.420: Total time for which application threads were stopped: 0.0005420 seconds, Stopping threads took: 0.0000620 seconds
31.550: Application time: 0.1295820 seconds
31.550: [GC [PSYoungGen: 23808K->208K(24064K)] 38919K->15319K(107008K), 0.0004460 secs] [Times: user=0.00 sys=0.00, real=0.00 secs] 
31.550: Total time for which application threads were stopped: 0.0005760 seconds, Stopping threads took: 0.0000530 seconds
31.681: Application time: 0.1305080 seconds
31.681: [GC [PSYoungGen: 23760K->160K(24064K)] 38871K->15423K(107008K), 0.0005150 secs] [Times: user=0.01 sys=0.00, real=0.00 secs] 
31.681: Total time for which application threads were stopped: 0.0006400 seconds, Stopping threads took: 0.0000530 seconds
31.811: Application time: 0.1300880 seconds
31.812: [GC [PSYoungGen: 23712K->256K(24064K)] 38975K->15543K(107008K), 0.0004690 secs] [Times: user=0.00 sys=0.00, real=0.00 secs] 
31.812: Total time for which application threads were stopped: 0.0005990 seconds, Stopping threads took: 0.0000610 seconds
31.939: Application time: 0.1266870 seconds
31.939: [GC [PSYoungGen: 23808K->448K(24064K)] 39095K->15735K(107008K), 0.0004920 secs] [Times: user=0.00 sys=0.00, real=0.00 secs] 
31.939: Total time for which application threads were stopped: 0.0006100 seconds, Stopping threads took: 0.0000520 seconds
32.069: Application time: 0.1295060 seconds
32.069: [GC [PSYoungGen: 24000K->256K(24064K)] 39287K->15892K(107008K), 0.0004960 secs] [Times: user=0.00 sys=0.00, real=0.00 secs] 
32.069: Total time for which application threads were stopped: 0.0006250 seconds, Stopping threads took: 0.0000520 seconds
32.200: Application time: 0.1301000 seconds
32.200: [GC [PSYoungGen: 23808K->256K(24064K)] 39444K->15972K(107008K), 0.0004450 secs] [Times: user=0.00 sys=0.00, real=0.00 secs] 
32.200: Total time for which application threads were stopped: 0.0005720 seconds, Stopping threads took: 0.0000590 seconds
32.330: Application time: 0.1297160 seconds
32.330: [GC [PSYoungGen: 23808K->256K(24064K)] 39524K->15972K(107008K), 0.0004190 secs] [Times: user=0.00 sys=0.00, real=0.00 secs] 
32.330: Total time for which application threads were stopped: 0.0005400 seconds, Stopping threads took: 0.0000530 seconds
32.461: Application time: 0.1301640 seconds
32.461: [GC [PSYoungGen: 23808K->256K(24064K)] 39524K->16140K(107008K), 0.0004990 secs] [Times: user=0.00 sys=0.00, real=0.00 secs] 
32.461: Total time for which application threads were stopped: 0.0006420 seconds, Stopping threads took: 0.0000640 seconds
32.591: Application time: 0.1301280 seconds
32.591: [GC [PSYoungGen: 23808K->256K(24064K)] 39692K->16164K(107008K), 0.0004150 secs] [Times: user=0.00 sys=0.00, real=0.00 secs] 
32.592: Total time for which application threads were stopped: 0.0005660 seconds, Stopping threads took: 0.0000700 seconds
32.731: Application time: 0.1389350 seconds
32.731: [GC [PSYoungGen: 23808K->464K(24064K)] 39716K->16372K(107008K), 0.0005090 secs] [Times: user=0.01 sys=0.00, real=0.00 secs] 
32.732: Total time for which application threads were stopped: 0.0006420 seconds, Stopping threads took: 0.0000610 seconds
32.875: Application time: 0.1431130 seconds
32.875: [GC [PSYoungGen: 24016K->256K(24064K)] 39924K->16512K(107008K), 0.0005050 secs] [Times: user=0.01 sys=0.00, real=0.00 secs] 
32.875: Total time for which application threads were stopped: 0.0006480 seconds, Stopping threads took: 0.0000640 seconds
33.019: Application time: 0.1432970 seconds
33.019: [GC [PSYoungGen: 23808K->256K(24064K)] 40064K->16592K(107008K), 0.0004250 secs] [Times: user=0.00 sys=0.00, real=0.00 secs] 
33.019: Total time for which application threads were stopped: 0.0005540 seconds, Stopping threads took: 0.0000560 seconds
33.162: Application time: 0.1431050 seconds
33.162: [GC [PSYoungGen: 23808K->256K(24064K)] 40144K->16592K(107008K), 0.0004930 secs] [Times: user=0.00 sys=0.00, real=0.00 secs] 
33.163: Total time for which application threads were stopped: 0.0006470 seconds, Stopping threads took: 0.0000690 seconds
33.306: Application time: 0.1432980 seconds
33.306: [GC [PSYoungGen: 23808K->256K(24064K)] 40144K->16760K(107008K), 0.0004990 secs] [Times: user=0.01 sys=0.00, real=0.01 secs] 
33.308: Total time for which application threads were stopped: 0.0018120 seconds, Stopping threads took: 0.0000620 seconds
33.451: Application time: 0.1434210 seconds
33.452: [GC [PSYoungGen: 23808K->256K(24064K)] 40312K->16784K(107008K), 0.0004920 secs] [Times: user=0.00 sys=0.00, real=0.00 secs] 
33.452: Total time for which application threads were stopped: 0.0006460 seconds, Stopping threads took: 0.0000800 seconds
33.591: Application time: 0.1388700 seconds
33.591: [GC [PSYoungGen: 23808K->464K(24064K)] 40336K->16992K(107008K), 0.0005400 secs] [Times: user=0.00 sys=0.00, real=0.00 secs] 
33.592: Total time for which application threads were stopped: 0.0006760 seconds, Stopping threads took: 0.0000630 seconds
33.734: Application time: 0.1423980 seconds
33.734: [GC [PSYoungGen: 24016K->256K(24064K)] 40544K->17133K(107008K), 0.0005400 secs] [Times: user=0.00 sys=0.00, real=0.00 secs] 
33.735: Total time for which application threads were stopped: 0.0006920 seconds, Stopping threads took: 0.0000660 seconds
33.878: Application time: 0.1437320 seconds
33.879: [GC [PSYoungGen: 23808K->256K(24064K)] 40685K->17197K(107008K), 0.0004100 secs] [Times: user=0.00 sys=0.00, real=0.00 secs] 
33.879: Total time for which application threads were stopped: 0.0005320 seconds, Stopping threads took: 0.0000560 seconds
34.021: Application time: 0.1420560 seconds
34.021: [GC [PSYoungGen: 23808K->256K(24064K)] 40749K->17197K(107008K), 0.0005290 secs] [Times: user=0.00 sys=0.00, real=0.00 secs] 
34.022: Total time for which application threads were stopped: 0.0006510 seconds, Stopping threads took: 0.0000480 seconds
34.165: Application time: 0.1430410 seconds
34.165: [GC [PSYoungGen: 23808K->256K(24064K)] 40749K->17365K(107008K), 0.0004550 secs] [Times: user=0.00 sys=0.00, real=0.00 secs] 
34.165: Total time for which application threads were stopped: 0.0005960 seconds, Stopping threads took: 0.0000690 seconds
34.309: Application time: 0.1435890 seconds
34.309: [GC [PSYoungGen: 23808K->256K(24064K)] 40917K->17389K(107008K), 0.0004240 secs] [Times: user=0.00 sys=0.00, real=0.00 secs] 
34.309: Total time for which application threads were stopped: 0.0005690 seconds, Stopping threads took: 0.0000630 seconds
34.448: Application time: 0.1386430 seconds
34.448: [GC [PSYoungGen: 23808K->448K(24064K)] 40941K->17581K(107008K), 0.0005000 secs] [Times: user=0.01 sys=0.00, real=0.00 secs] 
34.449: Total time for which application threads were stopped: 0.0006420 seconds, Stopping threads took: 0.0000650 seconds
34.592: Application time: 0.1429180 seconds
34.592: [GC [PSYoungGen: 24000K->256K(24064K)] 41133K->17737K(107008K), 0.0005270 secs] [Times: user=0.00 sys=0.00, real=0.00 secs] 
34.592: Total time for which application threads were stopped: 0.0006500 seconds, Stopping threads took: 0.0000540 seconds
34.736: Application time: 0.1431920 seconds
34.736: [GC [PSYoungGen: 23808K->256K(24064K)] 41289K->17817K(107008K), 0.0004380 secs] [Times: user=0.01 sys=0.00, real=0.00 secs] 
34.736: Total time for which application threads were stopped: 0.0005770 seconds, Stopping threads took: 0.0000660 seconds
34.878: Application time: 0.1423870 seconds
34.879: [GC [PSYoungGen: 23808K->256K(24064K)] 41369K->17817K(107008K), 0.0004720 secs] [Times: user=0.00 sys=0.00, real=0.00 secs] 
34.879: Total time for which application threads were stopped: 0.0006050 seconds, Stopping threads took: 0.0000530 seconds
35.022: Application time: 0.1430050 seconds
35.022: [GC [PSYoungGen: 23808K->224K(24064K)] 41369K->17945K(107008K), 0.0004800 secs] [Times: user=0.00 sys=0.00, real=0.00 secs] 
35.023: Total time for which application threads were stopped: 0.0006030 seconds, Stopping threads took: 0.0000580 seconds
35.166: Application time: 0.1433360 seconds
35.166: [GC [PSYoungGen: 23776K->256K(24064K)] 41497K->18001K(107008K), 0.0004310 secs] [Times: user=0.00 sys=0.00, real=0.00 secs] 
35.167: Total time for which application threads were stopped: 0.0005530 seconds, Stopping threads took: 0.0000530 seconds
35.305: Application time: 0.1385450 seconds
35.305: [GC [PSYoungGen: 23808K->448K(24064K)] 41553K->18193K(107008K), 0.0005820 secs] [Times: user=0.00 sys=0.00, real=0.00 secs] 
35.306: Total time for which application threads were stopped: 0.0007150 seconds, Stopping threads took: 0.0000570 seconds
35.449: Application time: 0.1427850 seconds
35.449: [GC [PSYoungGen: 24000K->256K(24064K)] 41745K->18350K(107008K), 0.0005850 secs] [Times: user=0.00 sys=0.00, real=0.00 secs] 
35.449: Total time for which application threads were stopped: 0.0007300 seconds, Stopping threads took: 0.0000560 seconds
35.593: Application time: 0.1433890 seconds
35.593: [GC [PSYoungGen: 23808K->256K(24064K)] 41902K->18406K(107008K), 0.0004430 secs] [Times: user=0.00 sys=0.00, real=0.00 secs] 
35.593: Total time for which application threads were stopped: 0.0005720 seconds, Stopping threads took: 0.0000550 seconds
35.736: Application time: 0.1422140 seconds
35.736: [GC [PSYoungGen: 23808K->256K(24064K)] 41958K->18406K(107008K), 0.0005290 secs] [Times: user=0.00 sys=0.00, real=0.00 secs] 
35.736: Total time for which application threads were stopped: 0.0006520 seconds, Stopping threads took: 0.0000560 seconds
35.879: Application time: 0.1427340 seconds
35.879: [GC [PSYoungGen: 23808K->224K(24064K)] 41958K->18534K(107008K), 0.0004630 secs] [Times: user=0.00 sys=0.00, real=0.00 secs] 
35.880: Total time for which application threads were stopped: 0.0005870 seconds, Stopping threads took: 0.0000590 seconds
36.023: Application time: 0.1437040 seconds
36.023: [GC [PSYoungGen: 23776K->256K(24064K)] 42086K->18590K(107008K), 0.0004460 secs] [Times: user=0.01 sys=0.00, real=0.00 secs] 
36.024: Total time for which application threads were stopped: 0.0006030 seconds, Stopping threads took: 0.0000700 seconds
36.163: Application time: 0.1390310 seconds
36.163: [GC [PSYoungGen: 23808K->448K(24064K)] 42142K->18782K(107008K), 0.0004950 secs] [Times: user=0.00 sys=0.00, real=0.00 secs] 
36.164: Total time for which application threads were stopped: 0.0006340 seconds, Stopping threads took: 0.0000650 seconds
36.306: Application time: 0.1420380 seconds
36.306: [GC [PSYoungGen: 24000K->256K(24064K)] 42334K->18938K(107008K), 0.0005490 secs] [Times: user=0.00 sys=0.00, real=0.00 secs] 
36.306: Total time for which application threads were stopped: 0.0006790 seconds, Stopping threads took: 0.0000530 seconds
36.449: Application time: 0.1429990 seconds
36.449: [GC [PSYoungGen: 23808K->256K(24064K)] 42490K->19026K(107008K), 0.0004540 secs] [Times: user=0.01 sys=0.00, real=0.00 secs] 
36.450: Total time for which application threads were stopped: 0.0005770 seconds, Stopping threads took: 0.0000550 seconds
36.592: Application time: 0.1422300 seconds
36.592: [GC [PSYoungGen: 23808K->256K(24064K)] 42578K->19026K(107008K), 0.0004120 secs] [Times: user=0.00 sys=0.00, real=0.00 secs] 
36.593: Total time for which application threads were stopped: 0.0005440 seconds, Stopping threads took: 0.0000510 seconds
36.723: Application time: 0.1303830 seconds
36.723: [GC [PSYoungGen: 23808K->256K(24064K)] 42578K->19194K(107008K), 0.0004830 secs] [Times: user=0.00 sys=0.00, real=0.00 secs] 
36.724: Total time for which application threads were stopped: 0.0006230 seconds, Stopping threads took: 0.0000660 seconds
36.854: Application time: 0.1305260 seconds
36.854: [GC [PSYoungGen: 23808K->256K(24064K)] 42746K->19218K(107008K), 0.0004240 secs] [Times: user=0.00 sys=0.00, real=0.00 secs] 
36.855: Total time for which application threads were stopped: 0.0005650 seconds, Stopping threads took: 0.0000660 seconds
36.981: Application time: 0.1266090 seconds
36.983: [GC [PSYoungGen: 23808K->432K(24064K)] 42770K->19394K(107008K), 0.0005530 secs] [Times: user=0.00 sys=0.00, real=0.00 secs] 
36.984: Total time for which application threads were stopped: 0.0025720 seconds, Stopping threads took: 0.0019560 seconds
37.114: Application time: 0.1296260 seconds
37.114: [GC [PSYoungGen: 23984K->256K(24064K)] 42946K->19567K(107008K), 0.0005230 secs] [Times: user=0.00 sys=0.00, real=0.00 secs] 
37.114: Total time for which application threads were stopped: 0.0006570 seconds, Stopping threads took: 0.0000550 seconds
37.245: Application time: 0.1310550 seconds
37.245: [GC [PSYoungGen: 23808K->224K(24064K)] 43119K->19607K(107008K), 0.0004790 secs] [Times: user=0.00 sys=0.00, real=0.00 secs] 
37.246: Total time for which application threads were stopped: 0.0006150 seconds, Stopping threads took: 0.0000630 seconds
37.375: Application time: 0.1290060 seconds
37.375: [GC [PSYoungGen: 23776K->256K(24064K)] 43159K->19639K(107008K), 0.0004470 secs] [Times: user=0.00 sys=0.00, real=0.01 secs] 
37.375: Total time for which application threads were stopped: 0.0005630 seconds, Stopping threads took: 0.0000510 seconds
37.506: Application time: 0.1305190 seconds
37.506: [GC [PSYoungGen: 23808K->256K(24064K)] 43191K->19807K(107008K), 0.0004560 secs] [Times: user=0.00 sys=0.00, real=0.00 secs] 
37.507: Total time for which application threads were stopped: 0.0005930 seconds, Stopping threads took: 0.0000660 seconds
37.638: Application time: 0.1310640 seconds
37.638: [GC [PSYoungGen: 23808K->192K(24064K)] 43359K->19767K(107008K), 0.0004260 secs] [Times: user=0.01 sys=0.00, real=0.00 secs] 
37.638: Total time for which application threads were stopped: 0.0005570 seconds, Stopping threads took: 0.0000530 seconds
37.764: Application time: 0.1260480 seconds
37.764: [GC [PSYoungGen: 23744K->448K(24064K)] 43319K->20023K(107008K), 0.0005140 secs] [Times: user=0.00 sys=0.00, real=0.00 secs] 
37.765: Total time for which application threads were stopped: 0.0006520 seconds, Stopping threads took: 0.0000700 seconds
37.895: Application time: 0.1296350 seconds
37.895: [GC [PSYoungGen: 24000K->256K(24064K)] 43575K->20179K(107008K), 0.0005290 secs] [Times: user=0.01 sys=0.00, real=0.00 secs] 
37.895: Total time for which application threads were stopped: 0.0006700 seconds, Stopping threads took: 0.0000690 seconds
38.025: Application time: 0.1302350 seconds
38.026: [GC [PSYoungGen: 23808K->224K(24064K)] 43731K->20219K(107008K), 0.0004360 secs] [Times: user=0.00 sys=0.00, real=0.00 secs] 
38.026: Total time for which application threads were stopped: 0.0005640 seconds, Stopping threads took: 0.0000600 seconds
38.156: Application time: 0.1298730 seconds
38.156: [GC [PSYoungGen: 23776K->192K(24064K)] 43771K->20187K(107008K), 0.0004700 secs] [Times: user=0.01 sys=0.00, real=0.00 secs] 
38.156: Total time for which application threads were stopped: 0.0006090 seconds, Stopping threads took: 0.0000590 seconds
38.287: Application time: 0.1302850 seconds
38.287: [GC [PSYoungGen: 23744K->256K(24064K)] 43739K->20419K(107008K), 0.0004560 secs] [Times: user=0.00 sys=0.00, real=0.01 secs] 
38.287: Total time for which application threads were stopped: 0.0005800 seconds, Stopping threads took: 0.0000560 seconds
38.418: Application time: 0.1302440 seconds
38.418: [GC [PSYoungGen: 23808K->160K(24064K)] 43971K->20347K(107008K), 0.0004730 secs] [Times: user=0.00 sys=0.00, real=0.00 secs] 
38.419: Total time for which application threads were stopped: 0.0016620 seconds, Stopping threads took: 0.0000560 seconds
38.545: Application time: 0.1259840 seconds
38.545: [GC [PSYoungGen: 23712K->448K(24064K)] 43899K->20635K(107008K), 0.0005260 secs] [Times: user=0.00 sys=0.00, real=0.00 secs] 
38.546: Total time for which application threads were stopped: 0.0006500 seconds, Stopping threads took: 0.0000500 seconds
38.676: Application time: 0.1299960 seconds
38.676: [GC [PSYoungGen: 24000K->256K(24064K)] 44187K->20784K(107008K), 0.0005320 secs] [Times: user=0.01 sys=0.00, real=0.00 secs] 
38.677: Total time for which application threads were stopped: 0.0006680 seconds, Stopping threads took: 0.0000530 seconds
38.807: Application time: 0.1303990 seconds
38.807: [GC [PSYoungGen: 23808K->224K(24064K)] 44336K->20824K(107008K), 0.0004730 secs] [Times: user=0.00 sys=0.00, real=0.01 secs] 
38.808: Total time for which application threads were stopped: 0.0006020 seconds, Stopping threads took: 0.0000600 seconds
38.938: Application time: 0.1303040 seconds
38.938: [GC [PSYoungGen: 23776K->208K(24064K)] 44376K->20808K(107008K), 0.0005230 secs] [Times: user=0.01 sys=0.00, real=0.00 secs] 
38.939: Total time for which application threads were stopped: 0.0006620 seconds, Stopping threads took: 0.0000680 seconds
39.069: Application time: 0.1303740 seconds
39.069: [GC [PSYoungGen: 23760K->256K(24064K)] 44360K->21024K(107008K), 0.0004560 secs] [Times: user=0.00 sys=0.00, real=0.00 secs] 
39.069: Total time for which application threads were stopped: 0.0005840 seconds, Stopping threads took: 0.0000610 seconds
39.200: Application time: 0.1303100 seconds
39.200: [GC [PSYoungGen: 23808K->256K(24064K)] 44576K->21048K(107008K), 0.0004190 secs] [Times: user=0.00 sys=0.00, real=0.00 secs] 
39.200: Total time for which application threads were stopped: 0.0005700 seconds, Stopping threads took: 0.0000670 seconds
39.327: Application time: 0.1264100 seconds
39.327: [GC [PSYoungGen: 23808K->432K(24064K)] 44600K->21224K(107008K), 0.0005180 secs] [Times: user=0.00 sys=0.00, real=0.01 secs] 
39.327: Total time for which application threads were stopped: 0.0006420 seconds, Stopping threads took: 0.0000520 seconds
39.457: Application time: 0.1296560 seconds
39.457: [GC [PSYoungGen: 23984K->192K(24064K)] 44776K->21316K(107008K), 0.0005670 secs] [Times: user=0.01 sys=0.00, real=0.00 secs] 
39.458: Total time for which application threads were stopped: 0.0007080 seconds, Stopping threads took: 0.0000660 seconds
39.588: Application time: 0.1303690 seconds
39.588: [GC [PSYoungGen: 23744K->256K(24064K)] 44868K->21468K(107008K), 0.0004080 secs] [Times: user=0.00 sys=0.00, real=0.00 secs] 
39.589: Total time for which application threads were stopped: 0.0005270 seconds, Stopping threads took: 0.0000540 seconds
39.718: Application time: 0.1296470 seconds
39.718: [GC [PSYoungGen: 23808K->256K(24064K)] 45020K->21468K(107008K), 0.0004640 secs] [Times: user=0.00 sys=0.00, real=0.00 secs] 
39.719: Total time for which application threads were stopped: 0.0006050 seconds, Stopping threads took: 0.0000630 seconds
39.849: Application time: 0.1304650 seconds
39.850: [GC [PSYoungGen: 23808K->256K(24064K)] 45020K->21636K(107008K), 0.0004310 secs] [Times: user=0.00 sys=0.00, real=0.00 secs] 
39.850: Total time for which application threads were stopped: 0.0005600 seconds, Stopping threads took: 0.0000580 seconds
39.980: Application time: 0.1302280 seconds
39.980: [GC [PSYoungGen: 23808K->256K(24064K)] 45188K->21660K(107008K), 0.0004350 secs] [Times: user=0.00 sys=0.00, real=0.00 secs] 
39.981: Total time for which application threads were stopped: 0.0005850 seconds, Stopping threads took: 0.0000690 seconds
40.107: Application time: 0.1264200 seconds
40.107: [GC [PSYoungGen: 23808K->464K(24064K)] 45212K->21868K(107008K), 0.0005300 secs] [Times: user=0.01 sys=0.00, real=0.00 secs] 
40.108: Total time for which application threads were stopped: 0.0006630 seconds, Stopping threads took: 0.0000610 seconds
40.237: Application time: 0.1288510 seconds
40.237: [GC [PSYoungGen: 24016K->288K(24064K)] 45420K->22029K(107008K), 0.0004990 secs] [Times: user=0.00 sys=0.00, real=0.00 secs] 
40.237: Total time for which application threads were stopped: 0.0006410 seconds, Stopping threads took: 0.0000680 seconds
40.368: Application time: 0.1305690 seconds
40.368: [GC [PSYoungGen: 23840K->256K(24064K)] 45581K->22085K(107008K), 0.0004240 secs] [Times: user=0.00 sys=0.00, real=0.00 secs] 
40.368: Total time for which application threads were stopped: 0.0005460 seconds, Stopping threads took: 0.0000530 seconds
40.498: Application time: 0.1299180 seconds
40.499: [GC [PSYoungGen: 23808K->256K(24064K)] 45637K->22085K(107008K), 0.0004360 secs] [Times: user=0.00 sys=0.00, real=0.00 secs] 
40.499: Total time for which application threads were stopped: 0.0005510 seconds, Stopping threads took: 0.0000470 seconds
40.629: Application time: 0.1300090 seconds
40.629: [GC [PSYoungGen: 23808K->256K(24064K)] 45637K->22253K(107008K), 0.0004950 secs] [Times: user=0.00 sys=0.00, real=0.00 secs] 
40.630: Total time for which application threads were stopped: 0.0006320 seconds, Stopping threads took: 0.0000660 seconds
40.760: Application time: 0.1300990 seconds
40.760: [GC [PSYoungGen: 23808K->192K(24064K)] 45805K->22213K(107008K), 0.0005520 secs] [Times: user=0.00 sys=0.00, real=0.00 secs] 
40.760: Total time for which application threads were stopped: 0.0006850 seconds, Stopping threads took: 0.0000550 seconds
40.887: Application time: 0.1267950 seconds
40.887: [GC [PSYoungGen: 23744K->480K(24064K)] 45765K->22501K(107008K), 0.0005040 secs] [Times: user=0.01 sys=0.00, real=0.00 secs] 
40.888: Total time for which application threads were stopped: 0.0006330 seconds, Stopping threads took: 0.0000550 seconds
41.018: Application time: 0.1301680 seconds
41.018: [GC [PSYoungGen: 24032K->288K(24064K)] 46053K->22645K(107008K), 0.0005160 secs] [Times: user=0.00 sys=0.00, real=0.00 secs] 
41.019: Total time for which application threads were stopped: 0.0006450 seconds, Stopping threads took: 0.0000620 seconds
41.149: Application time: 0.1302580 seconds
41.149: [GC [PSYoungGen: 23840K->256K(24064K)] 46197K->22701K(107008K), 0.0004420 secs] [Times: user=0.00 sys=0.00, real=0.00 secs] 
41.149: Total time for which application threads were stopped: 0.0005670 seconds, Stopping threads took: 0.0000540 seconds
41.278: Application time: 0.1289330 seconds
41.279: [GC [PSYoungGen: 23808K->256K(24064K)] 46253K->22701K(107008K), 0.0004340 secs] [Times: user=0.00 sys=0.00, real=0.00 secs] 
41.279: Total time for which application threads were stopped: 0.0005750 seconds, Stopping threads took: 0.0000630 seconds
41.409: Application time: 0.1303140 seconds
41.409: [GC [PSYoungGen: 23808K->256K(24064K)] 46253K->22869K(107008K), 0.0004550 secs] [Times: user=0.00 sys=0.00, real=0.00 secs] 
41.410: Total time for which application threads were stopped: 0.0005750 seconds, Stopping threads took: 0.0000530 seconds
41.541: Application time: 0.1308960 seconds
41.543: [GC [PSYoungGen: 23808K->256K(24064K)] 46421K->22893K(107008K), 0.0004230 secs] [Times: user=0.00 sys=0.00, real=0.00 secs] 
41.544: Total time for which application threads were stopped: 0.0029970 seconds, Stopping threads took: 0.0025110 seconds
41.670: Application time: 0.1263170 seconds
41.670: [GC [PSYoungGen: 23808K->464K(24064K)] 46445K->23101K(107008K), 0.0005010 secs] [Times: user=0.01 sys=0.00, real=0.00 secs] 
41.671: Total time for which application threads were stopped: 0.0006370 seconds, Stopping threads took: 0.0000680 seconds
41.801: Application time: 0.1298240 seconds
41.801: [GC [PSYoungGen: 24016K->256K(24064K)] 46653K->23242K(107008K), 0.0005280 secs] [Times: user=0.01 sys=0.00, real=0.00 secs] 
41.801: Total time for which application threads were stopped: 0.0006690 seconds, Stopping threads took: 0.0000580 seconds
41.932: Application time: 0.1303950 seconds
41.932: [GC [PSYoungGen: 23808K->256K(24064K)] 46794K->23338K(107008K), 0.0004500 secs] [Times: user=0.00 sys=0.00, real=0.00 secs] 
41.932: Total time for which application threads were stopped: 0.0005870 seconds, Stopping threads took: 0.0000630 seconds
42.062: Application time: 0.1295850 seconds
42.062: [GC [PSYoungGen: 23808K->256K(24064K)] 46890K->23338K(107008K), 0.0004610 secs] [Times: user=0.00 sys=0.00, real=0.00 secs] 
42.062: Total time for which application threads were stopped: 0.0005920 seconds, Stopping threads took: 0.0000610 seconds
42.193: Application time: 0.1302750 seconds
42.193: [GC [PSYoungGen: 23808K->256K(24064K)] 46890K->23506K(107008K), 0.0004730 secs] [Times: user=0.00 sys=0.00, real=0.00 secs] 
42.193: Total time for which application threads were stopped: 0.0006030 seconds, Stopping threads took: 0.0000600 seconds
42.324: Application time: 0.1302420 seconds
42.324: [GC [PSYoungGen: 23808K->256K(24064K)] 47058K->23530K(107008K), 0.0004360 secs] [Times: user=0.00 sys=0.00, real=0.00 secs] 
42.324: Total time for which application threads were stopped: 0.0005660 seconds, Stopping threads took: 0.0000530 seconds
42.451: Application time: 0.1265250 seconds
42.451: [GC [PSYoungGen: 23808K->448K(24064K)] 47082K->23722K(107008K), 0.0004800 secs] [Times: user=0.00 sys=0.00, real=0.00 secs] 
42.451: Total time for which application threads were stopped: 0.0006080 seconds, Stopping threads took: 0.0000620 seconds
42.581: Application time: 0.1297360 seconds
42.581: [GC [PSYoungGen: 24000K->256K(24064K)] 47274K->23874K(107008K), 0.0006040 secs] [Times: user=0.00 sys=0.00, real=0.00 secs] 
42.582: Total time for which application threads were stopped: 0.0007350 seconds, Stopping threads took: 0.0000580 seconds
42.713: Application time: 0.1310370 seconds
42.713: [GC [PSYoungGen: 23808K->256K(24064K)] 47426K->23946K(107008K), 0.0004110 secs] [Times: user=0.00 sys=0.00, real=0.00 secs] 
42.713: Total time for which application threads were stopped: 0.0005420 seconds, Stopping threads took: 0.0000620 seconds
42.843: Application time: 0.1298100 seconds
42.843: [GC [PSYoungGen: 23808K->224K(24064K)] 47498K->23914K(107008K), 0.0006190 secs] [Times: user=0.00 sys=0.00, real=0.00 secs] 
42.844: Total time for which application threads were stopped: 0.0007650 seconds, Stopping threads took: 0.0000570 seconds
42.974: Application time: 0.1302700 seconds
42.974: [GC [PSYoungGen: 23776K->224K(24064K)] 47466K->24082K(107008K), 0.0004730 secs] [Times: user=0.00 sys=0.00, real=0.00 secs] 
42.975: Total time for which application threads were stopped: 0.0006040 seconds, Stopping threads took: 0.0000570 seconds
43.105: Application time: 0.1300080 seconds
43.105: [GC [PSYoungGen: 23776K->192K(24064K)] 47634K->24074K(107008K), 0.0004990 secs] [Times: user=0.00 sys=0.00, real=0.00 secs] 
43.105: Total time for which application threads were stopped: 0.0006240 seconds, Stopping threads took: 0.0000540 seconds
43.232: Application time: 0.1265800 seconds
43.232: [GC [PSYoungGen: 23736K->496K(24064K)] 47619K->24378K(107008K), 0.0005440 secs] [Times: user=0.00 sys=0.00, real=0.00 secs] 
43.233: Total time for which application threads were stopped: 0.0006670 seconds, Stopping threads took: 0.0000520 seconds
43.362: Application time: 0.1297670 seconds
43.363: [GC [PSYoungGen: 24048K->288K(24064K)] 47930K->24515K(107008K), 0.0005100 secs] [Times: user=0.00 sys=0.00, real=0.00 secs] 
43.363: Total time for which application threads were stopped: 0.0006480 seconds, Stopping threads took: 0.0000600 seconds
43.493: Application time: 0.1301590 seconds
43.493: [GC [PSYoungGen: 23840K->256K(24064K)] 48067K->24571K(107008K), 0.0004370 secs] [Times: user=0.00 sys=0.00, real=0.00 secs] 
43.495: Total time for which application threads were stopped: 0.0017450 seconds, Stopping threads took: 0.0000560 seconds
43.624: Application time: 0.1290000 seconds
43.624: [GC [PSYoungGen: 23808K->256K(24064K)] 48123K->24571K(107008K), 0.0004920 secs] [Times: user=0.00 sys=0.00, real=0.00 secs] 
43.625: Total time for which application threads were stopped: 0.0006190 seconds, Stopping threads took: 0.0000560 seconds
43.755: Application time: 0.1303890 seconds
43.755: [GC [PSYoungGen: 23808K->256K(24064K)] 48123K->24763K(107008K), 0.0004740 secs] [Times: user=0.00 sys=0.00, real=0.01 secs] 
43.756: Total time for which application threads were stopped: 0.0005980 seconds, Stopping threads took: 0.0000530 seconds
43.887: Application time: 0.1310330 seconds
43.887: [GC [PSYoungGen: 23808K->256K(24064K)] 48315K->24763K(107008K), 0.0003980 secs] [Times: user=0.00 sys=0.00, real=0.00 secs] 
43.887: Total time for which application threads were stopped: 0.0005230 seconds, Stopping threads took: 0.0000470 seconds
44.013: Application time: 0.1260020 seconds
44.013: [GC [PSYoungGen: 23808K->400K(24064K)] 48315K->24907K(107008K), 0.0005460 secs] [Times: user=0.00 sys=0.00, real=0.00 secs] 
44.014: Total time for which application threads were stopped: 0.0006620 seconds, Stopping threads took: 0.0000510 seconds
44.144: Application time: 0.1299720 seconds
44.144: [GC [PSYoungGen: 23952K->256K(24064K)] 48459K->25099K(107008K), 0.0005220 secs] [Times: user=0.00 sys=0.00, real=0.00 secs] 
44.144: Total time for which application threads were stopped: 0.0006460 seconds, Stopping threads took: 0.0000540 seconds
44.275: Application time: 0.1303310 seconds
44.275: [GC [PSYoungGen: 23808K->256K(24064K)] 48651K->25179K(107008K), 0.0004070 secs] [Times: user=0.00 sys=0.01, real=0.01 secs] 
44.275: Total time for which application threads were stopped: 0.0005360 seconds, Stopping threads took: 0.0000590 seconds
44.404: Application time: 0.1289130 seconds
44.404: [GC [PSYoungGen: 23808K->256K(24064K)] 48731K->25179K(107008K), 0.0004590 secs] [Times: user=0.00 sys=0.00, real=0.00 secs] 
44.405: Total time for which application threads were stopped: 0.0006100 seconds, Stopping threads took: 0.0000680 seconds
44.535: Application time: 0.1306350 seconds
44.536: [GC [PSYoungGen: 23808K->256K(24064K)] 48731K->25347K(107008K), 0.0004590 secs] [Times: user=0.01 sys=0.00, real=0.00 secs] 
44.536: Total time for which application threads were stopped: 0.0005880 seconds, Stopping threads took: 0.0000640 seconds
44.666: Application time: 0.1301700 seconds
44.666: [GC [PSYoungGen: 23808K->256K(24064K)] 48899K->25371K(107008K), 0.0004610 secs] [Times: user=0.00 sys=0.00, real=0.00 secs] 
44.667: Total time for which application threads were stopped: 0.0005880 seconds, Stopping threads took: 0.0000550 seconds
44.793: Application time: 0.1258650 seconds
44.793: [GC [PSYoungGen: 23808K->496K(24064K)] 48923K->25611K(107008K), 0.0005330 secs] [Times: user=0.00 sys=0.00, real=0.00 secs] 
44.793: Total time for which application threads were stopped: 0.0006610 seconds, Stopping threads took: 0.0000570 seconds
44.924: Application time: 0.1307720 seconds
44.924: [GC [PSYoungGen: 24048K->256K(24064K)] 49163K->25744K(107008K), 0.0005530 secs] [Times: user=0.01 sys=0.00, real=0.00 secs] 
44.925: Total time for which application threads were stopped: 0.0007130 seconds, Stopping threads took: 0.0000800 seconds
45.055: Application time: 0.1301780 seconds
45.055: [GC [PSYoungGen: 23808K->256K(24064K)] 49296K->25768K(107008K), 0.0004600 secs] [Times: user=0.00 sys=0.00, real=0.01 secs] 
45.056: Total time for which application threads were stopped: 0.0005980 seconds, Stopping threads took: 0.0000660 seconds
45.185: Application time: 0.1293290 seconds
45.185: [GC [PSYoungGen: 23808K->256K(24064K)] 49320K->25768K(107008K), 0.0004760 secs] [Times: user=0.01 sys=0.00, real=0.00 secs] 
45.186: Total time for which application threads were stopped: 0.0006070 seconds, Stopping threads took: 0.0000610 seconds
45.316: Application time: 0.1307200 seconds
45.316: [GC [PSYoungGen: 23808K->256K(24064K)] 49320K->25960K(107008K), 0.0004580 secs] [Times: user=0.00 sys=0.00, real=0.00 secs] 
45.317: Total time for which application threads were stopped: 0.0005900 seconds, Stopping threads took: 0.0000640 seconds
45.446: Application time: 0.1295640 seconds
45.447: [GC [PSYoungGen: 23808K->256K(24064K)] 49512K->25960K(107008K), 0.0004230 secs] [Times: user=0.00 sys=0.00, real=0.00 secs] 
45.447: Total time for which application threads were stopped: 0.0005690 seconds, Stopping threads took: 0.0000700 seconds
45.573: Application time: 0.1262690 seconds
45.573: [GC [PSYoungGen: 23808K->496K(24064K)] 49512K->26200K(107008K), 0.0004960 secs] [Times: user=0.00 sys=0.00, real=0.00 secs] 
45.574: Total time for which application threads were stopped: 0.0006130 seconds, Stopping threads took: 0.0000500 seconds
45.704: Application time: 0.1304160 seconds
45.704: [GC [PSYoungGen: 24048K->256K(24064K)] 49752K->26332K(107008K), 0.0005380 secs] [Times: user=0.00 sys=0.00, real=0.00 secs] 
45.705: Total time for which application threads were stopped: 0.0006690 seconds, Stopping threads took: 0.0000590 seconds
45.835: Application time: 0.1301630 seconds
45.835: [GC [PSYoungGen: 23808K->256K(24064K)] 49884K->26356K(107008K), 0.0004270 secs] [Times: user=0.00 sys=0.00, real=0.01 secs] 
45.836: Total time for which application threads were stopped: 0.0005590 seconds, Stopping threads took: 0.0000610 seconds
45.965: Application time: 0.1294840 seconds
45.965: [GC [PSYoungGen: 23808K->256K(24064K)] 49908K->26356K(107008K), 0.0004880 secs] [Times: user=0.00 sys=0.00, real=0.00 secs] 
45.966: Total time for which application threads were stopped: 0.0006180 seconds, Stopping threads took: 0.0000540 seconds
46.096: Application time: 0.1300770 seconds
46.096: [GC [PSYoungGen: 23808K->224K(24064K)] 49908K->26508K(107008K), 0.0004680 secs] [Times: user=0.00 sys=0.00, real=0.00 secs] 
46.096: Total time for which application threads were stopped: 0.0005970 seconds, Stopping threads took: 0.0000610 seconds
46.227: Application time: 0.1302010 seconds
46.227: [GC [PSYoungGen: 23776K->192K(24064K)] 50060K->26476K(107008K), 0.0004530 secs] [Times: user=0.00 sys=0.00, real=0.00 secs] 
46.227: Total time for which application threads were stopped: 0.0005810 seconds, Stopping threads took: 0.0000540 seconds
46.353: Application time: 0.1260900 seconds
46.353: [GC [PSYoungGen: 23744K->480K(24064K)] 50028K->26772K(107008K), 0.0005540 secs] [Times: user=0.00 sys=0.00, real=0.00 secs] 
46.354: Total time for which application threads were stopped: 0.0006890 seconds, Stopping threads took: 0.0000650 seconds
46.485: Application time: 0.1306920 seconds
46.485: [GC [PSYoungGen: 24032K->256K(24064K)] 50324K->26929K(107008K), 0.0005400 secs] [Times: user=0.01 sys=0.00, real=0.00 secs] 
46.485: Total time for which application threads were stopped: 0.0006890 seconds, Stopping threads took: 0.0000660 seconds
46.616: Application time: 0.1304960 seconds
46.616: [GC [PSYoungGen: 23808K->256K(24064K)] 50481K->26929K(107008K), 0.0004050 secs] [Times: user=0.00 sys=0.00, real=0.00 secs] 
46.616: Total time for which application threads were stopped: 0.0005290 seconds, Stopping threads took: 0.0000570 seconds
46.746: Application time: 0.1298560 seconds
46.746: [GC [PSYoungGen: 23808K->224K(24064K)] 50481K->26897K(107008K), 0.0004650 secs] [Times: user=0.00 sys=0.00, real=0.00 secs] 
46.747: Total time for which application threads were stopped: 0.0005940 seconds, Stopping threads took: 0.0000610 seconds
46.877: Application time: 0.1302980 seconds
46.877: [GC [PSYoungGen: 23776K->256K(24064K)] 50449K->27121K(107008K), 0.0004570 secs] [Times: user=0.00 sys=0.00, real=0.00 secs] 
46.878: Total time for which application threads were stopped: 0.0005740 seconds, Stopping threads took: 0.0000500 seconds
47.008: Application time: 0.1303200 seconds
47.008: [GC [PSYoungGen: 23808K->256K(24064K)] 50673K->27121K(107008K), 0.0004220 secs] [Times: user=0.00 sys=0.00, real=0.00 secs] 
47.009: Total time for which application threads were stopped: 0.0005570 seconds, Stopping threads took: 0.0000580 seconds
47.135: Application time: 0.1262760 seconds
47.135: [GC [PSYoungGen: 23808K->496K(24064K)] 50673K->27361K(107008K), 0.0005310 secs] [Times: user=0.01 sys=0.00, real=0.01 secs] 
47.136: Total time for which application threads were stopped: 0.0006660 seconds, Stopping threads took: 0.0000630 seconds
47.266: Application time: 0.1306150 seconds
47.266: [GC [PSYoungGen: 24048K->256K(24064K)] 50913K->27509K(107008K), 0.0005270 secs] [Times: user=0.00 sys=0.00, real=0.00 secs] 
47.267: Total time for which application threads were stopped: 0.0006510 seconds, Stopping threads took: 0.0000520 seconds
47.397: Application time: 0.1303610 seconds
47.397: [GC [PSYoungGen: 23808K->256K(24064K)] 51061K->27509K(107008K), 0.0004410 secs] [Times: user=0.00 sys=0.00, real=0.00 secs] 
47.398: Total time for which application threads were stopped: 0.0005790 seconds, Stopping threads took: 0.0000610 seconds
47.527: Application time: 0.1288520 seconds
47.527: [GC [PSYoungGen: 23808K->256K(24064K)] 51061K->27509K(107008K), 0.0004740 secs] [Times: user=0.00 sys=0.00, real=0.01 secs] 
47.527: Total time for which application threads were stopped: 0.0006310 seconds, Stopping threads took: 0.0000700 seconds
47.658: Application time: 0.1303590 seconds
47.658: [GC [PSYoungGen: 23808K->256K(24064K)] 51061K->27701K(107008K), 0.0004920 secs] [Times: user=0.00 sys=0.00, real=0.00 secs] 
47.658: Total time for which application threads were stopped: 0.0006290 seconds, Stopping threads took: 0.0000630 seconds
47.789: Application time: 0.1308140 seconds
47.789: [GC [PSYoungGen: 23808K->256K(24064K)] 51253K->27701K(107008K), 0.0004180 secs] [Times: user=0.00 sys=0.00, real=0.00 secs] 
47.790: Total time for which application threads were stopped: 0.0005450 seconds, Stopping threads took: 0.0000510 seconds
47.915: Application time: 0.1256990 seconds
47.919: [GC [PSYoungGen: 23808K->448K(24064K)] 51253K->27894K(107008K), 0.0004980 secs] [Times: user=0.00 sys=0.00, real=0.00 secs] 
47.920: Total time for which application threads were stopped: 0.0045070 seconds, Stopping threads took: 0.0039430 seconds
48.050: Application time: 0.1302260 seconds
48.050: [GC [PSYoungGen: 24000K->256K(24064K)] 51446K->28090K(107008K), 0.0005830 secs] [Times: user=0.00 sys=0.00, real=0.00 secs] 
48.051: Total time for which application threads were stopped: 0.0007490 seconds, Stopping threads took: 0.0000840 seconds
48.181: Application time: 0.1304000 seconds
48.181: [GC [PSYoungGen: 23808K->256K(24064K)] 51642K->28090K(107008K), 0.0004520 secs] [Times: user=0.01 sys=0.00, real=0.00 secs] 
48.182: Total time for which application threads were stopped: 0.0005940 seconds, Stopping threads took: 0.0000680 seconds
48.312: Application time: 0.1301790 seconds
48.312: [GC [PSYoungGen: 23808K->240K(24064K)] 51642K->28074K(107008K), 0.0004930 secs] [Times: user=0.01 sys=0.00, real=0.00 secs] 
48.313: Total time for which application threads were stopped: 0.0006360 seconds, Stopping threads took: 0.0000710 seconds
48.443: Application time: 0.1305310 seconds
48.443: [GC [PSYoungGen: 23792K->256K(24064K)] 51626K->28282K(107008K), 0.0004670 secs] [Times: user=0.00 sys=0.00, real=0.00 secs] 
48.444: Total time for which application threads were stopped: 0.0005920 seconds, Stopping threads took: 0.0000540 seconds
48.574: Application time: 0.1303610 seconds
48.574: [GC [PSYoungGen: 23808K->192K(24064K)] 51834K->28218K(107008K), 0.0004970 secs] [Times: user=0.00 sys=0.00, real=0.01 secs] 
48.576: Total time for which application threads were stopped: 0.0016820 seconds, Stopping threads took: 0.0000680 seconds
48.701: Application time: 0.1250620 seconds
48.701: [GC [PSYoungGen: 23744K->480K(24064K)] 51770K->28514K(107008K), 0.0005450 secs] [Times: user=0.00 sys=0.00, real=0.00 secs] 
48.702: Total time for which application threads were stopped: 0.0006620 seconds, Stopping threads took: 0.0000540 seconds
48.832: Application time: 0.1306630 seconds
48.832: [GC [PSYoungGen: 24032K->224K(24064K)] 52066K->28650K(107008K), 0.0005220 secs] [Times: user=0.00 sys=0.00, real=0.00 secs] 
48.833: Total time for which application threads were stopped: 0.0006520 seconds, Stopping threads took: 0.0000520 seconds
48.964: Application time: 0.1308030 seconds
48.964: [GC [PSYoungGen: 23776K->224K(24064K)] 52202K->28650K(107008K), 0.0004280 secs] [Times: user=0.00 sys=0.00, real=0.00 secs] 
48.964: Total time for which application threads were stopped: 0.0005540 seconds, Stopping threads took: 0.0000540 seconds
49.093: Application time: 0.1287650 seconds
49.093: [GC [PSYoungGen: 23776K->256K(24064K)] 52202K->28682K(107008K), 0.0004670 secs] [Times: user=0.01 sys=0.00, real=0.00 secs] 
49.094: Total time for which application threads were stopped: 0.0006090 seconds, Stopping threads took: 0.0000630 seconds
49.224: Application time: 0.1302570 seconds
49.224: [GC [PSYoungGen: 23808K->256K(24064K)] 52234K->28875K(107008K), 0.0004990 secs] [Times: user=0.00 sys=0.00, real=0.00 secs] 
49.225: Total time for which application threads were stopped: 0.0006470 seconds, Stopping threads took: 0.0000770 seconds
49.355: Application time: 0.1302220 seconds
49.355: [GC [PSYoungGen: 23808K->256K(24064K)] 52427K->28875K(107008K), 0.0004340 secs] [Times: user=0.01 sys=0.00, real=0.01 secs] 
49.355: Total time for which application threads were stopped: 0.0005670 seconds, Stopping threads took: 0.0000660 seconds
49.481: Application time: 0.1257800 seconds
49.483: [GC [PSYoungGen: 23808K->480K(24064K)] 52427K->29099K(107008K), 0.0005550 secs] [Times: user=0.00 sys=0.00, real=0.00 secs] 
49.484: Total time for which application threads were stopped: 0.0028300 seconds, Stopping threads took: 0.0022090 seconds
49.615: Application time: 0.1305990 seconds
49.615: [GC [PSYoungGen: 24032K->256K(24064K)] 52651K->29263K(107008K), 0.0005140 secs] [Times: user=0.00 sys=0.00, real=0.00 secs] 
49.615: Total time for which application threads were stopped: 0.0006490 seconds, Stopping threads took: 0.0000560 seconds
49.746: Application time: 0.1307660 seconds
49.746: [GC [PSYoungGen: 23808K->224K(24064K)] 52815K->29231K(107008K), 0.0004750 secs] [Times: user=0.00 sys=0.00, real=0.00 secs] 
49.747: Total time for which application threads were stopped: 0.0006110 seconds, Stopping threads took: 0.0000640 seconds
49.876: Application time: 0.1299330 seconds
49.877: [GC [PSYoungGen: 23776K->256K(24064K)] 52783K->29263K(107008K), 0.0004560 secs] [Times: user=0.00 sys=0.00, real=0.00 secs] 
49.877: Total time for which application threads were stopped: 0.0005630 seconds, Stopping threads took: 0.0000430 seconds
50.008: Application time: 0.1305460 seconds
50.008: [GC [PSYoungGen: 23808K->256K(24064K)] 52815K->29455K(107008K), 0.0004780 secs] [Times: user=0.00 sys=0.00, real=0.00 secs] 
50.008: Total time for which application threads were stopped: 0.0005940 seconds, Stopping threads took: 0.0000430 seconds
50.138: Application time: 0.1301720 seconds
50.138: [GC [PSYoungGen: 23808K->224K(24064K)] 53007K->29423K(107008K), 0.0004830 secs] [Times: user=0.00 sys=0.00, real=0.00 secs] 
50.139: Total time for which application threads were stopped: 0.0006230 seconds, Stopping threads took: 0.0000520 seconds
50.265: Application time: 0.1263400 seconds
50.265: [GC [PSYoungGen: 23776K->496K(24064K)] 52975K->29727K(107008K), 0.0005490 secs] [Times: user=0.00 sys=0.00, real=0.00 secs] 
50.266: Total time for which application threads were stopped: 0.0006720 seconds, Stopping threads took: 0.0000580 seconds
50.397: Application time: 0.1305610 seconds
50.397: [GC [PSYoungGen: 24048K->256K(24064K)] 53279K->29843K(107008K), 0.0005230 secs] [Times: user=0.00 sys=0.00, real=0.00 secs] 
50.397: Total time for which application threads were stopped: 0.0006480 seconds, Stopping threads took: 0.0000540 seconds
50.528: Application time: 0.1305530 seconds
50.528: [GC [PSYoungGen: 23808K->256K(24064K)] 53395K->29843K(107008K), 0.0004850 secs] [Times: user=0.00 sys=0.00, real=0.00 secs] 
50.528: Total time for which application threads were stopped: 0.0006130 seconds, Stopping threads took: 0.0000540 seconds
50.657: Application time: 0.1290620 seconds
50.658: [GC [PSYoungGen: 23808K->256K(24064K)] 53395K->29843K(107008K), 0.0004590 secs] [Times: user=0.00 sys=0.00, real=0.00 secs] 
50.658: Total time for which application threads were stopped: 0.0005990 seconds, Stopping threads took: 0.0000560 seconds
50.788: Application time: 0.1303640 seconds
50.789: [GC [PSYoungGen: 23808K->256K(24064K)] 53395K->30036K(107008K), 0.0004720 secs] [Times: user=0.00 sys=0.00, real=0.00 secs] 
50.789: Total time for which application threads were stopped: 0.0006050 seconds, Stopping threads took: 0.0000690 seconds
50.920: Application time: 0.1305280 seconds
50.920: [GC [PSYoungGen: 23808K->256K(24064K)] 53588K->30036K(107008K), 0.0004150 secs] [Times: user=0.00 sys=0.00, real=0.00 secs] 
50.920: Total time for which application threads were stopped: 0.0005480 seconds, Stopping threads took: 0.0000650 seconds
51.046: Application time: 0.1257850 seconds
51.046: [GC [PSYoungGen: 23808K->496K(24064K)] 53588K->30284K(107008K), 0.0005680 secs] [Times: user=0.00 sys=0.00, real=0.00 secs] 
51.047: Total time for which application threads were stopped: 0.0007130 seconds, Stopping threads took: 0.0000740 seconds
51.176: Application time: 0.1298710 seconds
51.177: [GC [PSYoungGen: 24048K->256K(24064K)] 53836K->30424K(107008K), 0.0005390 secs] [Times: user=0.00 sys=0.00, real=0.00 secs] 
51.177: Total time for which application threads were stopped: 0.0006860 seconds, Stopping threads took: 0.0000670 seconds
51.308: Application time: 0.1305150 seconds
51.308: [GC [PSYoungGen: 23808K->192K(24064K)] 53976K->30360K(107008K), 0.0004320 secs] [Times: user=0.00 sys=0.00, real=0.00 secs] 
51.308: Total time for which application threads were stopped: 0.0005720 seconds, Stopping threads took: 0.0000740 seconds
51.437: Application time: 0.1291570 seconds
51.438: [GC [PSYoungGen: 23744K->256K(24064K)] 53912K->30424K(107008K), 0.0004800 secs] [Times: user=0.01 sys=0.00, real=0.00 secs] 
51.438: Total time for which application threads were stopped: 0.0006100 seconds, Stopping threads took: 0.0000590 seconds
51.569: Application time: 0.1304940 seconds
51.569: [GC [PSYoungGen: 23808K->256K(24064K)] 53976K->30616K(107008K), 0.0004900 secs] [Times: user=0.00 sys=0.00, real=0.00 secs] 
51.569: Total time for which application threads were stopped: 0.0006190 seconds, Stopping threads took: 0.0000550 seconds
51.699: Application time: 0.1302730 seconds
51.703: [GC [PSYoungGen: 23808K->256K(24064K)] 54168K->30616K(107008K), 0.0004900 secs] [Times: user=0.01 sys=0.00, real=0.00 secs] 
51.704: Total time for which application threads were stopped: 0.0044840 seconds, Stopping threads took: 0.0039190 seconds
51.830: Application time: 0.1256590 seconds
51.830: [GC [PSYoungGen: 23808K->496K(24064K)] 54168K->30872K(107008K), 0.0005040 secs] [Times: user=0.00 sys=0.00, real=0.00 secs] 
51.830: Total time for which application threads were stopped: 0.0006300 seconds, Stopping threads took: 0.0000580 seconds
51.961: Application time: 0.1306280 seconds
51.961: [GC [PSYoungGen: 24048K->224K(24064K)] 54424K->30968K(107008K), 0.0005650 secs] [Times: user=0.00 sys=0.00, real=0.00 secs] 
51.962: Total time for which application threads were stopped: 0.0006880 seconds, Stopping threads took: 0.0000560 seconds
52.092: Application time: 0.1304610 seconds
52.092: [GC [PSYoungGen: 23776K->256K(24064K)] 54520K->31000K(107008K), 0.0004480 secs] [Times: user=0.00 sys=0.00, real=0.00 secs] 
52.093: Total time for which application threads were stopped: 0.0005830 seconds, Stopping threads took: 0.0000650 seconds
52.223: Application time: 0.1300520 seconds
52.223: [GC [PSYoungGen: 23808K->256K(24064K)] 54552K->31000K(107008K), 0.0004300 secs] [Times: user=0.00 sys=0.00, real=0.00 secs] 
52.223: Total time for which application threads were stopped: 0.0005670 seconds, Stopping threads took: 0.0000530 seconds
52.354: Application time: 0.1310460 seconds
52.354: [GC [PSYoungGen: 23808K->256K(24064K)] 54552K->31193K(107008K), 0.0004420 secs] [Times: user=0.00 sys=0.00, real=0.00 secs] 
52.355: Total time for which application threads were stopped: 0.0005660 seconds, Stopping threads took: 0.0000620 seconds
52.485: Application time: 0.1300320 seconds
52.485: [GC [PSYoungGen: 23808K->256K(24064K)] 54745K->31193K(107008K), 0.0004430 secs] [Times: user=0.00 sys=0.00, real=0.00 secs] 
52.485: Total time for which application threads were stopped: 0.0005730 seconds, Stopping threads took: 0.0000610 seconds
52.611: Application time: 0.1260280 seconds
52.612: [GC [PSYoungGen: 23808K->480K(24064K)] 54745K->31417K(107008K), 0.0006150 secs] [Times: user=0.00 sys=0.00, real=0.00 secs] 
52.612: Total time for which application threads were stopped: 0.0007450 seconds, Stopping threads took: 0.0000570 seconds
52.756: Application time: 0.1440550 seconds
52.756: [GC [PSYoungGen: 24032K->256K(24064K)] 54969K->31581K(107008K), 0.0005490 secs] [Times: user=0.00 sys=0.00, real=0.00 secs] 
52.757: Total time for which application threads were stopped: 0.0007160 seconds, Stopping threads took: 0.0000790 seconds
52.900: Application time: 0.1433880 seconds
52.900: [GC [PSYoungGen: 23808K->256K(24064K)] 55133K->31581K(107008K), 0.0004410 secs] [Times: user=0.00 sys=0.00, real=0.00 secs] 
52.901: Total time for which application threads were stopped: 0.0005810 seconds, Stopping threads took: 0.0000630 seconds
53.044: Application time: 0.1432860 seconds
53.044: [GC [PSYoungGen: 23808K->256K(24064K)] 55133K->31581K(107008K), 0.0004740 secs] [Times: user=0.00 sys=0.00, real=0.00 secs] 
53.045: Total time for which application threads were stopped: 0.0005940 seconds, Stopping threads took: 0.0000520 seconds
53.188: Application time: 0.1432440 seconds
53.188: [GC [PSYoungGen: 23808K->256K(24064K)] 55133K->31773K(107008K), 0.0005160 secs] [Times: user=0.00 sys=0.00, real=0.00 secs] 
53.189: Total time for which application threads were stopped: 0.0006440 seconds, Stopping threads took: 0.0000610 seconds
53.332: Application time: 0.1428280 seconds
53.332: [GC [PSYoungGen: 23808K->224K(24064K)] 55325K->31741K(107008K), 0.0004630 secs] [Times: user=0.00 sys=0.00, real=0.00 secs] 
53.332: Total time for which application threads were stopped: 0.0006020 seconds, Stopping threads took: 0.0000600 seconds
53.470: Application time: 0.1382210 seconds
53.470: [GC [PSYoungGen: 23776K->480K(24064K)] 55293K->31997K(107008K), 0.0005360 secs] [Times: user=0.01 sys=0.00, real=0.00 secs] 
53.471: Total time for which application threads were stopped: 0.0006670 seconds, Stopping threads took: 0.0000610 seconds
53.615: Application time: 0.1435300 seconds
53.615: [GC [PSYoungGen: 24032K->256K(24064K)] 55549K->32161K(107008K), 0.0005890 secs] [Times: user=0.00 sys=0.00, real=0.01 secs] 
53.617: Total time for which application threads were stopped: 0.0029010 seconds, Stopping threads took: 0.0000550 seconds
53.761: Application time: 0.1437330 seconds
53.761: [GC [PSYoungGen: 23808K->224K(24064K)] 55713K->32129K(107008K), 0.0004990 secs] [Times: user=0.00 sys=0.00, real=0.00 secs] 
53.762: Total time for which application threads were stopped: 0.0006470 seconds, Stopping threads took: 0.0000790 seconds
53.905: Application time: 0.1427150 seconds
53.905: [GC [PSYoungGen: 23776K->256K(24064K)] 55681K->32161K(107008K), 0.0005190 secs] [Times: user=0.00 sys=0.00, real=0.00 secs] 
53.905: Total time for which application threads were stopped: 0.0006910 seconds, Stopping threads took: 0.0000870 seconds
54.049: Application time: 0.1440520 seconds
54.051: [GC [PSYoungGen: 23808K->256K(24064K)] 55713K->32354K(107008K), 0.0007720 secs] [Times: user=0.01 sys=0.00, real=0.00 secs] 
54.052: Total time for which application threads were stopped: 0.0028860 seconds, Stopping threads took: 0.0020380 seconds
54.196: Application time: 0.1433440 seconds
54.196: [GC [PSYoungGen: 23808K->224K(24064K)] 55906K->32322K(107008K), 0.0005160 secs] [Times: user=0.00 sys=0.00, real=0.00 secs] 
54.196: Total time for which application threads were stopped: 0.0006720 seconds, Stopping threads took: 0.0000790 seconds
54.335: Application time: 0.1388040 seconds
54.335: [GC [PSYoungGen: 23776K->496K(24064K)] 55874K->32594K(107008K), 0.0005710 secs] [Times: user=0.00 sys=0.00, real=0.01 secs] 
54.336: Total time for which application threads were stopped: 0.0007040 seconds, Stopping threads took: 0.0000500 seconds
54.479: Application time: 0.1430070 seconds
54.479: [GC [PSYoungGen: 24048K->256K(24064K)] 56146K->32742K(107008K), 0.0005540 secs] [Times: user=0.00 sys=0.00, real=0.00 secs] 
54.479: Total time for which application threads were stopped: 0.0006930 seconds, Stopping threads took: 0.0000550 seconds
54.623: Application time: 0.1432390 seconds
54.623: [GC [PSYoungGen: 23808K->256K(24064K)] 56294K->32742K(107008K), 0.0004700 secs] [Times: user=0.00 sys=0.00, real=0.00 secs] 
54.623: Total time for which application threads were stopped: 0.0006100 seconds, Stopping threads took: 0.0000600 seconds
54.765: Application time: 0.1416600 seconds
54.765: [GC [PSYoungGen: 23808K->256K(24064K)] 56294K->32742K(107008K), 0.0004670 secs] [Times: user=0.01 sys=0.00, real=0.00 secs] 
54.766: Total time for which application threads were stopped: 0.0005940 seconds, Stopping threads took: 0.0000560 seconds
54.909: Application time: 0.1438920 seconds
54.910: [GC [PSYoungGen: 23808K->256K(24064K)] 56294K->32934K(107008K), 0.0004790 secs] [Times: user=0.00 sys=0.00, real=0.00 secs] 
54.910: Total time for which application threads were stopped: 0.0006100 seconds, Stopping threads took: 0.0000610 seconds
55.054: Application time: 0.1435460 seconds
55.054: [GC [PSYoungGen: 23808K->256K(24064K)] 56486K->32934K(107008K), 0.0004440 secs] [Times: user=0.00 sys=0.00, real=0.00 secs] 
55.054: Total time for which application threads were stopped: 0.0005820 seconds, Stopping threads took: 0.0000550 seconds
55.192: Application time: 0.1383300 seconds
55.193: [GC [PSYoungGen: 23808K->496K(24064K)] 56486K->33198K(107008K), 0.0005820 secs] [Times: user=0.00 sys=0.00, real=0.00 secs] 
55.193: Total time for which application threads were stopped: 0.0007090 seconds, Stopping threads took: 0.0000560 seconds
55.336: Application time: 0.1430400 seconds
55.336: [GC [PSYoungGen: 24048K->256K(24064K)] 56750K->33323K(107008K), 0.0005630 secs] [Times: user=0.00 sys=0.00, real=0.00 secs] 
55.337: Total time for which application threads were stopped: 0.0006920 seconds, Stopping threads took: 0.0000550 seconds
55.480: Application time: 0.1430650 seconds
55.483: [GC [PSYoungGen: 23808K->256K(24064K)] 56875K->33323K(107008K), 0.0004790 secs] [Times: user=0.00 sys=0.00, real=0.00 secs] 
55.484: Total time for which application threads were stopped: 0.0038460 seconds, Stopping threads took: 0.0032980 seconds
55.627: Application time: 0.1426430 seconds
55.627: [GC [PSYoungGen: 23808K->256K(24064K)] 56875K->33323K(107008K), 0.0004880 secs] [Times: user=0.00 sys=0.00, real=0.00 secs] 
55.627: Total time for which application threads were stopped: 0.0006240 seconds, Stopping threads took: 0.0000540 seconds
55.771: Application time: 0.1436750 seconds
55.771: [GC [PSYoungGen: 23808K->256K(24064K)] 56875K->33515K(107008K), 0.0004770 secs] [Times: user=0.00 sys=0.00, real=0.00 secs] 
55.771: Total time for which application threads were stopped: 0.0006150 seconds, Stopping threads took: 0.0000670 seconds
55.915: Application time: 0.1435430 seconds
55.919: [GC [PSYoungGen: 23808K->256K(24064K)] 57067K->33515K(107008K), 0.0004970 secs] [Times: user=0.00 sys=0.00, real=0.00 secs] 
55.920: Total time for which application threads were stopped: 0.0049050 seconds, Stopping threads took: 0.0043370 seconds
56.058: Application time: 0.1385040 seconds
56.058: [GC [PSYoungGen: 23808K->496K(24064K)] 57067K->33771K(107008K), 0.0005950 secs] [Times: user=0.00 sys=0.00, real=0.00 secs] 
56.059: Total time for which application threads were stopped: 0.0007220 seconds, Stopping threads took: 0.0000570 seconds
56.202: Application time: 0.1430530 seconds
56.202: [GC [PSYoungGen: 24048K->256K(24064K)] 57323K->33903K(107008K), 0.0005440 secs] [Times: user=0.00 sys=0.00, real=0.00 secs] 
56.203: Total time for which application threads were stopped: 0.0006930 seconds, Stopping threads took: 0.0000570 seconds
56.346: Application time: 0.1435500 seconds
56.347: [GC [PSYoungGen: 23808K->256K(24064K)] 57455K->33903K(107008K), 0.0005100 secs] [Times: user=0.00 sys=0.00, real=0.00 secs] 
56.347: Total time for which application threads were stopped: 0.0006400 seconds, Stopping threads took: 0.0000570 seconds
56.489: Application time: 0.1424360 seconds
56.490: [GC [PSYoungGen: 23808K->256K(24064K)] 57455K->33903K(107008K), 0.0004760 secs] [Times: user=0.00 sys=0.00, real=0.00 secs] 
56.490: Total time for which application threads were stopped: 0.0006090 seconds, Stopping threads took: 0.0000650 seconds
56.631: Application time: 0.1413030 seconds
56.632: [GC [PSYoungGen: 23808K->256K(24064K)] 57455K->34095K(107008K), 0.0004540 secs] [Times: user=0.00 sys=0.00, real=0.00 secs] 
56.632: Total time for which application threads were stopped: 0.0005900 seconds, Stopping threads took: 0.0000640 seconds
56.763: Application time: 0.1305440 seconds
56.763: [GC [PSYoungGen: 23808K->256K(24064K)] 57647K->34095K(107008K), 0.0004410 secs] [Times: user=0.00 sys=0.00, real=0.00 secs] 
56.763: Total time for which application threads were stopped: 0.0005950 seconds, Stopping threads took: 0.0000730 seconds
56.889: Application time: 0.1258540 seconds
56.889: [GC [PSYoungGen: 23808K->464K(24064K)] 57647K->34303K(107008K), 0.0005410 secs] [Times: user=0.00 sys=0.00, real=0.00 secs] 
56.890: Total time for which application threads were stopped: 0.0006630 seconds, Stopping threads took: 0.0000590 seconds
57.020: Application time: 0.1303390 seconds
57.020: [GC [PSYoungGen: 24016K->256K(24064K)] 57855K->34484K(107008K), 0.0005550 secs] [Times: user=0.00 sys=0.00, real=0.00 secs] 
57.021: Total time for which application threads were stopped: 0.0006870 seconds, Stopping threads took: 0.0000600 seconds
57.151: Application time: 0.1305550 seconds
57.151: [GC [PSYoungGen: 23808K->192K(24064K)] 58036K->34420K(107008K), 0.0005690 secs] [Times: user=0.00 sys=0.00, real=0.00 secs] 
57.152: Total time for which application threads were stopped: 0.0007140 seconds, Stopping threads took: 0.0000700 seconds
57.282: Application time: 0.1300080 seconds
57.282: [GC [PSYoungGen: 23744K->256K(24064K)] 57972K->34484K(107008K), 0.0004890 secs] [Times: user=0.00 sys=0.00, real=0.00 secs] 
57.283: Total time for which application threads were stopped: 0.0006200 seconds, Stopping threads took: 0.0000460 seconds
57.413: Application time: 0.1300350 seconds
57.413: [GC [PSYoungGen: 23808K->224K(24064K)] 58036K->34636K(107008K), 0.0004950 secs] [Times: user=0.00 sys=0.00, real=0.00 secs] 
57.413: Total time for which application threads were stopped: 0.0006160 seconds, Stopping threads took: 0.0000530 seconds
57.543: Application time: 0.1301360 seconds
57.543: [GC [PSYoungGen: 23776K->256K(24064K)] 58188K->34668K(107008K), 0.0004210 secs] [Times: user=0.00 sys=0.00, real=0.00 secs] 
57.544: Total time for which application threads were stopped: 0.0005480 seconds, Stopping threads took: 0.0000590 seconds
57.670: Application time: 0.1260050 seconds
57.670: [GC [PSYoungGen: 23808K->464K(24064K)] 58220K->34876K(107008K), 0.0005150 secs] [Times: user=0.00 sys=0.00, real=0.00 secs] 
57.671: Total time for which application threads were stopped: 0.0006380 seconds, Stopping threads took: 0.0000550 seconds
57.801: Application time: 0.1303780 seconds
57.801: [GC [PSYoungGen: 24016K->256K(24064K)] 58428K->35056K(107008K), 0.0005300 secs] [Times: user=0.00 sys=0.00, real=0.00 secs] 
57.802: Total time for which application threads were stopped: 0.0006790 seconds, Stopping threads took: 0.0000730 seconds
57.933: Application time: 0.1309360 seconds
57.933: [GC [PSYoungGen: 23808K->256K(24064K)] 58608K->35056K(107008K), 0.0004720 secs] [Times: user=0.00 sys=0.00, real=0.00 secs] 
57.933: Total time for which application threads were stopped: 0.0006190 seconds, Stopping threads took: 0.0000740 seconds
58.063: Application time: 0.1296600 seconds
58.063: [GC [PSYoungGen: 23808K->256K(24064K)] 58608K->35056K(107008K), 0.0004920 secs] [Times: user=0.01 sys=0.00, real=0.00 secs] 
58.063: Total time for which application threads were stopped: 0.0006340 seconds, Stopping threads took: 0.0000690 seconds
58.194: Application time: 0.1303230 seconds
58.194: [GC [PSYoungGen: 23808K->256K(24064K)] 58608K->35248K(107008K), 0.0004710 secs] [Times: user=0.00 sys=0.00, real=0.00 secs] 
58.194: Total time for which application threads were stopped: 0.0005930 seconds, Stopping threads took: 0.0000540 seconds
58.325: Application time: 0.1301370 seconds
58.325: [GC [PSYoungGen: 23808K->256K(24064K)] 58800K->35248K(107008K), 0.0004600 secs] [Times: user=0.00 sys=0.00, real=0.00 secs] 
58.325: Total time for which application threads were stopped: 0.0005990 seconds, Stopping threads took: 0.0000570 seconds
58.452: Application time: 0.1264970 seconds
58.452: [GC [PSYoungGen: 23808K->480K(24064K)] 58800K->35472K(107008K), 0.0005750 secs] [Times: user=0.00 sys=0.00, real=0.00 secs] 
58.452: Total time for which application threads were stopped: 0.0007020 seconds, Stopping threads took: 0.0000540 seconds
58.583: Application time: 0.1307320 seconds
58.583: [GC [PSYoungGen: 24032K->256K(24064K)] 59024K->35637K(107008K), 0.0005490 secs] [Times: user=0.00 sys=0.00, real=0.00 secs] 
58.584: Total time for which application threads were stopped: 0.0006810 seconds, Stopping threads took: 0.0000610 seconds
58.714: Application time: 0.1303090 seconds
58.714: [GC [PSYoungGen: 23808K->192K(24064K)] 59189K->35573K(107008K), 0.0004460 secs] [Times: user=0.00 sys=0.00, real=0.01 secs] 
58.716: Total time for which application threads were stopped: 0.0017880 seconds, Stopping threads took: 0.0000500 seconds
58.846: Application time: 0.1299330 seconds
58.846: [GC [PSYoungGen: 23744K->256K(24064K)] 59125K->35637K(107008K), 0.0005110 secs] [Times: user=0.00 sys=0.00, real=0.00 secs] 
58.846: Total time for which application threads were stopped: 0.0006510 seconds, Stopping threads took: 0.0000610 seconds
58.977: Application time: 0.1304120 seconds
58.977: [GC [PSYoungGen: 23808K->256K(24064K)] 59189K->35829K(107008K), 0.0005120 secs] [Times: user=0.00 sys=0.00, real=0.00 secs] 
58.978: Total time for which application threads were stopped: 0.0006490 seconds, Stopping threads took: 0.0000620 seconds
59.108: Application time: 0.1306040 seconds
59.108: [GC [PSYoungGen: 23808K->256K(24064K)] 59381K->35829K(107008K), 0.0004510 secs] [Times: user=0.00 sys=0.00, real=0.00 secs] 
59.109: Total time for which application threads were stopped: 0.0006040 seconds, Stopping threads took: 0.0000800 seconds
59.234: Application time: 0.1257130 seconds
59.235: [GC [PSYoungGen: 23808K->496K(24064K)] 59381K->36085K(107008K), 0.0005480 secs] [Times: user=0.00 sys=0.00, real=0.00 secs] 
59.235: Total time for which application threads were stopped: 0.0006770 seconds, Stopping threads took: 0.0000600 seconds
59.365: Application time: 0.1301310 seconds
59.367: [GC [PSYoungGen: 24048K->256K(24064K)] 59637K->36217K(107008K), 0.0005690 secs] [Times: user=0.01 sys=0.00, real=0.00 secs] 
59.368: Total time for which application threads were stopped: 0.0026850 seconds, Stopping threads took: 0.0020360 seconds
59.499: Application time: 0.1306800 seconds
59.499: [GC [PSYoungGen: 23808K->256K(24064K)] 59769K->36217K(107008K), 0.0004310 secs] [Times: user=0.00 sys=0.00, real=0.00 secs] 
59.499: Total time for which application threads were stopped: 0.0005770 seconds, Stopping threads took: 0.0000800 seconds
59.629: Application time: 0.1298190 seconds
59.629: [GC [PSYoungGen: 23808K->240K(24064K)] 59769K->36201K(107008K), 0.0005270 secs] [Times: user=0.00 sys=0.00, real=0.00 secs] 
59.630: Total time for which application threads were stopped: 0.0006550 seconds, Stopping threads took: 0.0000580 seconds
59.760: Application time: 0.1307300 seconds
59.761: [GC [PSYoungGen: 23792K->256K(24064K)] 59753K->36409K(107008K), 0.0004860 secs] [Times: user=0.00 sys=0.00, real=0.00 secs] 
59.761: Total time for which application threads were stopped: 0.0006220 seconds, Stopping threads took: 0.0000630 seconds
59.891: Application time: 0.1302940 seconds
59.891: [GC [PSYoungGen: 23808K->192K(24064K)] 59961K->36345K(107008K), 0.0004670 secs] [Times: user=0.00 sys=0.00, real=0.00 secs] 
59.892: Total time for which application threads were stopped: 0.0006080 seconds, Stopping threads took: 0.0000510 seconds
60.017: Application time: 0.1254850 seconds
60.018: [GC [PSYoungGen: 23744K->480K(24064K)] 59897K->36637K(107008K), 0.0006240 secs] [Times: user=0.01 sys=0.00, real=0.00 secs] 
60.018: Total time for which application threads were stopped: 0.0007500 seconds, Stopping threads took: 0.0000520 seconds
60.148: Application time: 0.1303190 seconds
60.149: [GC [PSYoungGen: 24032K->224K(24064K)] 60189K->36770K(107008K), 0.0005800 secs] [Times: user=0.00 sys=0.00, real=0.00 secs] 
60.149: Total time for which application threads were stopped: 0.0007060 seconds, Stopping threads took: 0.0000570 seconds
60.280: Application time: 0.1306570 seconds
60.280: [GC [PSYoungGen: 23776K->256K(24064K)] 60322K->36802K(107008K), 0.0004120 secs] [Times: user=0.00 sys=0.00, real=0.00 secs] 
60.280: Total time for which application threads were stopped: 0.0005200 seconds, Stopping threads took: 0.0000440 seconds
60.409: Application time: 0.1288540 seconds
60.409: [GC [PSYoungGen: 23808K->256K(24064K)] 60354K->36802K(107008K), 0.0004750 secs] [Times: user=0.00 sys=0.00, real=0.00 secs] 
60.410: Total time for which application threads were stopped: 0.0006370 seconds, Stopping threads took: 0.0000790 seconds
60.541: Application time: 0.1307140 seconds
60.541: [GC [PSYoungGen: 23808K->256K(24064K)] 60354K->36994K(107008K), 0.0004650 secs] [Times: user=0.00 sys=0.00, real=0.00 secs] 
60.541: Total time for which application threads were stopped: 0.0006020 seconds, Stopping threads took: 0.0000700 seconds
60.672: Application time: 0.1308240 seconds
60.672: [GC [PSYoungGen: 23808K->192K(24064K)] 60546K->36930K(107008K), 0.0004420 secs] [Times: user=0.00 sys=0.00, real=0.00 secs] 
60.673: Total time for which application threads were stopped: 0.0005760 seconds, Stopping threads took: 0.0000700 seconds
60.798: Application time: 0.1249610 seconds
60.798: [GC [PSYoungGen: 23744K->496K(24064K)] 60482K->37234K(107008K), 0.0005610 secs] [Times: user=0.00 sys=0.00, real=0.00 secs] 
60.798: Total time for which application threads were stopped: 0.0006840 seconds, Stopping threads took: 0.0000550 seconds
60.929: Application time: 0.1307500 seconds
60.929: [GC [PSYoungGen: 24048K->256K(24064K)] 60786K->37382K(107008K), 0.0005660 secs] [Times: user=0.01 sys=0.00, real=0.00 secs] 
60.930: Total time for which application threads were stopped: 0.0007330 seconds, Stopping threads took: 0.0000850 seconds
61.060: Application time: 0.1302840 seconds
61.060: [GC [PSYoungGen: 23808K->224K(24064K)] 60934K->37350K(107008K), 0.0004380 secs] [Times: user=0.00 sys=0.00, real=0.00 secs] 
61.061: Total time for which application threads were stopped: 0.0005660 seconds, Stopping threads took: 0.0000600 seconds
61.189: Application time: 0.1288210 seconds
61.190: [GC [PSYoungGen: 23776K->256K(24064K)] 60902K->37382K(107008K), 0.0004570 secs] [Times: user=0.00 sys=0.00, real=0.00 secs] 
61.190: Total time for which application threads were stopped: 0.0005910 seconds, Stopping threads took: 0.0000670 seconds
61.320: Application time: 0.1302570 seconds
61.320: [GC [PSYoungGen: 23808K->256K(24064K)] 60934K->37574K(107008K), 0.0004890 secs] [Times: user=0.01 sys=0.00, real=0.00 secs] 
61.321: Total time for which application threads were stopped: 0.0006310 seconds, Stopping threads took: 0.0000700 seconds
61.451: Application time: 0.1302130 seconds
61.451: [GC [PSYoungGen: 23808K->256K(24064K)] 61126K->37574K(107008K), 0.0004500 secs] [Times: user=0.00 sys=0.00, real=0.00 secs] 
61.452: Total time for which application threads were stopped: 0.0006020 seconds, Stopping threads took: 0.0000730 seconds
61.578: Application time: 0.1263030 seconds
61.578: [GC [PSYoungGen: 23808K->496K(24064K)] 61126K->37814K(107008K), 0.0005330 secs] [Times: user=0.00 sys=0.00, real=0.00 secs] 
61.579: Total time for which application threads were stopped: 0.0006540 seconds, Stopping threads took: 0.0000560 seconds
61.709: Application time: 0.1305510 seconds
61.709: [GC [PSYoungGen: 24048K->256K(24064K)] 61366K->37967K(107008K), 0.0005320 secs] [Times: user=0.00 sys=0.00, real=0.00 secs] 
61.710: Total time for which application threads were stopped: 0.0006580 seconds, Stopping threads took: 0.0000530 seconds
61.840: Application time: 0.1303410 seconds
61.840: [GC [PSYoungGen: 23808K->256K(24064K)] 61519K->37967K(107008K), 0.0004490 secs] [Times: user=0.01 sys=0.00, real=0.00 secs] 
61.841: Total time for which application threads were stopped: 0.0006010 seconds, Stopping threads took: 0.0000810 seconds
61.971: Application time: 0.1296850 seconds
61.971: [GC [PSYoungGen: 23808K->256K(24064K)] 61519K->37967K(107008K), 0.0004890 secs] [Times: user=0.00 sys=0.00, real=0.00 secs] 
61.971: Total time for which application threads were stopped: 0.0006300 seconds, Stopping threads took: 0.0000580 seconds
62.102: Application time: 0.1304160 seconds
62.102: [GC [PSYoungGen: 23808K->256K(24064K)] 61519K->38159K(107008K), 0.0004880 secs] [Times: user=0.01 sys=0.00, real=0.00 secs] 
62.102: Total time for which application threads were stopped: 0.0006250 seconds, Stopping threads took: 0.0000670 seconds
62.232: Application time: 0.1300750 seconds
62.232: [GC [PSYoungGen: 23808K->256K(24064K)] 61711K->38159K(107008K), 0.0004680 secs] [Times: user=0.00 sys=0.00, real=0.00 secs] 
62.233: Total time for which application threads were stopped: 0.0005850 seconds, Stopping threads took: 0.0000510 seconds
62.359: Application time: 0.1258240 seconds
62.359: [GC [PSYoungGen: 23808K->464K(24064K)] 61711K->38367K(107008K), 0.0005240 secs] [Times: user=0.00 sys=0.00, real=0.00 secs] 
62.359: Total time for which application threads were stopped: 0.0006530 seconds, Stopping threads took: 0.0000610 seconds
62.490: Application time: 0.1303080 seconds
62.490: [GC [PSYoungGen: 24016K->256K(24064K)] 61919K->38547K(107008K), 0.0005060 secs] [Times: user=0.01 sys=0.00, real=0.00 secs] 
62.490: Total time for which application threads were stopped: 0.0006420 seconds, Stopping threads took: 0.0000600 seconds
62.621: Application time: 0.1303300 seconds
62.621: [GC [PSYoungGen: 23808K->224K(24064K)] 62099K->38515K(107008K), 0.0004420 secs] [Times: user=0.00 sys=0.00, real=0.00 secs] 
62.621: Total time for which application threads were stopped: 0.0005860 seconds, Stopping threads took: 0.0000730 seconds
62.751: Application time: 0.1301890 seconds
62.751: [GC [PSYoungGen: 23776K->256K(24064K)] 62067K->38547K(107008K), 0.0004870 secs] [Times: user=0.00 sys=0.00, real=0.00 secs] 
62.752: Total time for which application threads were stopped: 0.0006080 seconds, Stopping threads took: 0.0000530 seconds
62.882: Application time: 0.1304200 seconds
62.883: [GC [PSYoungGen: 23808K->256K(24064K)] 62099K->38739K(107008K), 0.0004710 secs] [Times: user=0.00 sys=0.00, real=0.00 secs] 
62.883: Total time for which application threads were stopped: 0.0005880 seconds, Stopping threads took: 0.0000510 seconds
63.013: Application time: 0.1301810 seconds
63.013: [GC [PSYoungGen: 23808K->256K(24064K)] 62291K->38739K(107008K), 0.0004250 secs] [Times: user=0.01 sys=0.00, real=0.00 secs] 
63.014: Total time for which application threads were stopped: 0.0005670 seconds, Stopping threads took: 0.0000630 seconds
63.139: Application time: 0.1257150 seconds
63.140: [GC [PSYoungGen: 23808K->480K(24064K)] 62291K->38963K(107008K), 0.0005990 secs] [Times: user=0.00 sys=0.01, real=0.00 secs] 
63.140: Total time for which application threads were stopped: 0.0007280 seconds, Stopping threads took: 0.0000630 seconds
63.271: Application time: 0.1305980 seconds
63.271: [GC [PSYoungGen: 24032K->256K(24064K)] 62515K->39132K(107008K), 0.0006060 secs] [Times: user=0.00 sys=0.00, real=0.00 secs] 
63.272: Total time for which application threads were stopped: 0.0007380 seconds, Stopping threads took: 0.0000590 seconds
63.401: Application time: 0.1298710 seconds
63.402: [GC [PSYoungGen: 23808K->256K(24064K)] 62684K->39132K(107008K), 0.0004560 secs] [Times: user=0.00 sys=0.00, real=0.00 secs] 
63.402: Total time for which application threads were stopped: 0.0005760 seconds, Stopping threads took: 0.0000500 seconds
63.532: Application time: 0.1296250 seconds
63.532: [GC [PSYoungGen: 23808K->256K(24064K)] 62684K->39132K(107008K), 0.0005320 secs] [Times: user=0.01 sys=0.00, real=0.00 secs] 
63.532: Total time for which application threads were stopped: 0.0006670 seconds, Stopping threads took: 0.0000530 seconds
63.663: Application time: 0.1306780 seconds
63.663: [GC [PSYoungGen: 23808K->256K(24064K)] 62684K->39324K(107008K), 0.0004700 secs] [Times: user=0.00 sys=0.00, real=0.00 secs] 
63.664: Total time for which application threads were stopped: 0.0005910 seconds, Stopping threads took: 0.0000560 seconds
63.794: Application time: 0.1303370 seconds
63.794: [GC [PSYoungGen: 23808K->160K(24064K)] 62876K->39228K(107008K), 0.0004820 secs] [Times: user=0.00 sys=0.00, real=0.01 secs] 
63.796: Total time for which application threads were stopped: 0.0016760 seconds, Stopping threads took: 0.0000550 seconds
63.922: Application time: 0.1259810 seconds
63.922: [GC [PSYoungGen: 23712K->480K(24064K)] 62780K->39556K(107008K), 0.0005370 secs] [Times: user=0.00 sys=0.00, real=0.00 secs] 
63.922: Total time for which application threads were stopped: 0.0006530 seconds, Stopping threads took: 0.0000530 seconds
64.053: Application time: 0.1303970 seconds
64.053: [GC [PSYoungGen: 24032K->256K(24064K)] 63108K->39720K(107008K), 0.0005600 secs] [Times: user=0.01 sys=0.00, real=0.00 secs] 
64.053: Total time for which application threads were stopped: 0.0007030 seconds, Stopping threads took: 0.0000610 seconds
64.184: Application time: 0.1302950 seconds
64.184: [GC [PSYoungGen: 23808K->256K(24064K)] 63272K->39720K(107008K), 0.0004640 secs] [Times: user=0.00 sys=0.00, real=0.00 secs] 
64.184: Total time for which application threads were stopped: 0.0005960 seconds, Stopping threads took: 0.0000600 seconds
64.314: Application time: 0.1294150 seconds
64.314: [GC [PSYoungGen: 23808K->256K(24064K)] 63272K->39720K(107008K), 0.0004890 secs] [Times: user=0.00 sys=0.00, real=0.00 secs] 
64.314: Total time for which application threads were stopped: 0.0006290 seconds, Stopping threads took: 0.0000640 seconds
64.445: Application time: 0.1305530 seconds
64.445: [GC [PSYoungGen: 23808K->256K(24064K)] 63272K->39912K(107008K), 0.0004740 secs] [Times: user=0.01 sys=0.00, real=0.00 secs] 
64.445: Total time for which application threads were stopped: 0.0005990 seconds, Stopping threads took: 0.0000570 seconds
64.576: Application time: 0.1303740 seconds
64.576: [GC [PSYoungGen: 23808K->256K(24064K)] 63464K->39912K(107008K), 0.0004470 secs] [Times: user=0.00 sys=0.00, real=0.00 secs] 
64.576: Total time for which application threads were stopped: 0.0005850 seconds, Stopping threads took: 0.0000570 seconds
64.702: Application time: 0.1258220 seconds
64.702: [GC [PSYoungGen: 23808K->496K(24064K)] 63464K->40168K(107008K), 0.0005470 secs] [Times: user=0.00 sys=0.00, real=0.00 secs] 
64.703: Total time for which application threads were stopped: 0.0006750 seconds, Stopping threads took: 0.0000560 seconds
64.833: Application time: 0.1297590 seconds
64.833: [GC [PSYoungGen: 24048K->256K(24064K)] 63720K->40301K(107008K), 0.0005430 secs] [Times: user=0.00 sys=0.00, real=0.00 secs] 
64.833: Total time for which application threads were stopped: 0.0006650 seconds, Stopping threads took: 0.0000540 seconds
64.964: Application time: 0.1303100 seconds
64.964: [GC [PSYoungGen: 23808K->256K(24064K)] 63853K->40301K(107008K), 0.0004620 secs] [Times: user=0.00 sys=0.00, real=0.00 secs] 
64.964: Total time for which application threads were stopped: 0.0005890 seconds, Stopping threads took: 0.0000550 seconds
65.094: Application time: 0.1294520 seconds
65.094: [GC [PSYoungGen: 23808K->256K(24064K)] 63853K->40301K(107008K), 0.0004880 secs] [Times: user=0.00 sys=0.00, real=0.00 secs] 
65.094: Total time for which application threads were stopped: 0.0006290 seconds, Stopping threads took: 0.0000580 seconds
65.225: Application time: 0.1304910 seconds
65.225: [GC [PSYoungGen: 23808K->256K(24064K)] 63853K->40493K(107008K), 0.0004710 secs] [Times: user=0.00 sys=0.00, real=0.00 secs] 
65.225: Total time for which application threads were stopped: 0.0006220 seconds, Stopping threads took: 0.0000770 seconds
65.356: Application time: 0.1302680 seconds
65.356: [GC [PSYoungGen: 23808K->256K(24064K)] 64045K->40493K(107008K), 0.0004430 secs] [Times: user=0.00 sys=0.00, real=0.00 secs] 
65.356: Total time for which application threads were stopped: 0.0005660 seconds, Stopping threads took: 0.0000550 seconds
65.482: Application time: 0.1259670 seconds
65.482: [GC [PSYoungGen: 23808K->480K(24064K)] 64045K->40717K(107008K), 0.0006220 secs] [Times: user=0.00 sys=0.00, real=0.00 secs] 
65.483: Total time for which application threads were stopped: 0.0007460 seconds, Stopping threads took: 0.0000560 seconds
65.613: Application time: 0.1300250 seconds
65.615: [GC [PSYoungGen: 24032K->256K(24064K)] 64269K->40881K(107008K), 0.0005640 secs] [Times: user=0.00 sys=0.00, real=0.00 secs] 
65.616: Total time for which application threads were stopped: 0.0029400 seconds, Stopping threads took: 0.0022940 seconds
65.746: Application time: 0.1303930 seconds
65.746: [GC [PSYoungGen: 23808K->256K(24064K)] 64433K->40881K(107008K), 0.0004580 secs] [Times: user=0.00 sys=0.00, real=0.00 secs] 
65.747: Total time for which application threads were stopped: 0.0005820 seconds, Stopping threads took: 0.0000550 seconds
65.877: Application time: 0.1302250 seconds
65.877: [GC [PSYoungGen: 23808K->240K(24064K)] 64433K->40865K(107008K), 0.0004550 secs] [Times: user=0.00 sys=0.00, real=0.00 secs] 
65.878: Total time for which application threads were stopped: 0.0005750 seconds, Stopping threads took: 0.0000570 seconds
66.008: Application time: 0.1303690 seconds
66.008: [GC [PSYoungGen: 23792K->256K(24064K)] 64417K->41073K(107008K), 0.0004710 secs] [Times: user=0.00 sys=0.00, real=0.00 secs] 
66.009: Total time for which application threads were stopped: 0.0005870 seconds, Stopping threads took: 0.0000530 seconds
66.139: Application time: 0.1302250 seconds
66.139: [GC [PSYoungGen: 23808K->256K(24064K)] 64625K->41073K(107008K), 0.0004610 secs] [Times: user=0.00 sys=0.00, real=0.00 secs] 
66.140: Total time for which application threads were stopped: 0.0006020 seconds, Stopping threads took: 0.0000580 seconds
66.266: Application time: 0.1266990 seconds
66.266: [GC [PSYoungGen: 23808K->496K(24064K)] 64625K->41329K(107008K), 0.0005280 secs] [Times: user=0.00 sys=0.00, real=0.00 secs] 
66.267: Total time for which application threads were stopped: 0.0006470 seconds, Stopping threads took: 0.0000520 seconds
66.397: Application time: 0.1304440 seconds
66.397: [GC [PSYoungGen: 24048K->256K(24064K)] 64881K->41462K(107008K), 0.0005340 secs] [Times: user=0.00 sys=0.00, real=0.00 secs] 
66.398: Total time for which application threads were stopped: 0.0006630 seconds, Stopping threads took: 0.0000620 seconds
66.528: Application time: 0.1303900 seconds
66.528: [GC [PSYoungGen: 23808K->256K(24064K)] 65014K->41462K(107008K), 0.0004480 secs] [Times: user=0.00 sys=0.00, real=0.00 secs] 
66.529: Total time for which application threads were stopped: 0.0005820 seconds, Stopping threads took: 0.0000600 seconds
66.659: Application time: 0.1300400 seconds
66.659: [GC [PSYoungGen: 23808K->288K(24064K)] 65014K->41494K(107008K), 0.0004710 secs] [Times: user=0.00 sys=0.00, real=0.00 secs] 
66.660: Total time for which application threads were stopped: 0.0006110 seconds, Stopping threads took: 0.0000610 seconds
66.790: Application time: 0.1301830 seconds
66.790: [GC [PSYoungGen: 23840K->192K(24064K)] 65046K->41574K(107008K), 0.0004970 secs] [Times: user=0.00 sys=0.00, real=0.00 secs] 
66.790: Total time for which application threads were stopped: 0.0006180 seconds, Stopping threads took: 0.0000530 seconds
66.920: Application time: 0.1300300 seconds
66.921: [GC [PSYoungGen: 23744K->256K(24064K)] 65126K->41638K(107008K), 0.0004330 secs] [Times: user=0.00 sys=0.00, real=0.00 secs] 
66.921: Total time for which application threads were stopped: 0.0005550 seconds, Stopping threads took: 0.0000550 seconds
67.047: Application time: 0.1259490 seconds
67.047: [GC [PSYoungGen: 23808K->496K(24064K)] 65190K->41882K(107008K), 0.0005520 secs] [Times: user=0.00 sys=0.00, real=0.01 secs] 
67.048: Total time for which application threads were stopped: 0.0006920 seconds, Stopping threads took: 0.0000710 seconds
67.178: Application time: 0.1301580 seconds
67.179: [GC [PSYoungGen: 24048K->256K(24064K)] 65434K->42030K(107008K), 0.0005860 secs] [Times: user=0.00 sys=0.00, real=0.00 secs] 
67.180: Total time for which application threads were stopped: 0.0021710 seconds, Stopping threads took: 0.0015000 seconds
67.311: Application time: 0.1307230 seconds
67.311: [GC [PSYoungGen: 23808K->256K(24064K)] 65582K->42030K(107008K), 0.0004260 secs] [Times: user=0.00 sys=0.00, real=0.00 secs] 
67.311: Total time for which application threads were stopped: 0.0005560 seconds, Stopping threads took: 0.0000580 seconds
67.441: Application time: 0.1295990 seconds
67.441: [GC [PSYoungGen: 23808K->272K(24064K)] 65582K->42046K(107008K), 0.0004970 secs] [Times: user=0.00 sys=0.00, real=0.00 secs] 
67.441: Total time for which application threads were stopped: 0.0006210 seconds, Stopping threads took: 0.0000550 seconds
67.571: Application time: 0.1298610 seconds
67.571: [GC [PSYoungGen: 23824K->256K(24064K)] 65598K->42222K(107008K), 0.0004470 secs] [Times: user=0.00 sys=0.00, real=0.00 secs] 
67.572: Total time for which application threads were stopped: 0.0005860 seconds, Stopping threads took: 0.0000710 seconds
67.702: Application time: 0.1300980 seconds
67.702: [GC [PSYoungGen: 23808K->224K(24064K)] 65774K->42190K(107008K), 0.0005170 secs] [Times: user=0.01 sys=0.00, real=0.00 secs] 
67.703: Total time for which application threads were stopped: 0.0006650 seconds, Stopping threads took: 0.0000680 seconds
67.829: Application time: 0.1266660 seconds
67.831: [GC [PSYoungGen: 23776K->496K(24064K)] 65742K->42479K(107008K), 0.0006120 secs] [Times: user=0.00 sys=0.00, real=0.00 secs] 
67.832: Total time for which application threads were stopped: 0.0026050 seconds, Stopping threads took: 0.0019240 seconds
67.962: Application time: 0.1302510 seconds
67.962: [GC [PSYoungGen: 24048K->224K(24064K)] 66031K->42575K(107008K), 0.0006070 secs] [Times: user=0.00 sys=0.00, real=0.00 secs] 
67.963: Total time for which application threads were stopped: 0.0007430 seconds, Stopping threads took: 0.0000670 seconds
68.094: Application time: 0.1305850 seconds
68.094: [GC [PSYoungGen: 23776K->256K(24064K)] 66127K->42607K(107008K), 0.0004410 secs] [Times: user=0.00 sys=0.00, real=0.00 secs] 
68.094: Total time for which application threads were stopped: 0.0005700 seconds, Stopping threads took: 0.0000620 seconds
68.223: Application time: 0.1291450 seconds
68.223: [GC [PSYoungGen: 23808K->224K(24064K)] 66159K->42575K(107008K), 0.0005110 secs] [Times: user=0.00 sys=0.00, real=0.00 secs] 
68.224: Total time for which application threads were stopped: 0.0006500 seconds, Stopping threads took: 0.0000600 seconds
68.355: Application time: 0.1306830 seconds
68.355: [GC [PSYoungGen: 23776K->256K(24064K)] 66127K->42799K(107008K), 0.0004930 secs] [Times: user=0.00 sys=0.00, real=0.00 secs] 
68.355: Total time for which application threads were stopped: 0.0006230 seconds, Stopping threads took: 0.0000580 seconds
68.486: Application time: 0.1307410 seconds
68.486: [GC [PSYoungGen: 23808K->256K(24064K)] 66351K->42799K(107008K), 0.0004390 secs] [Times: user=0.00 sys=0.00, real=0.00 secs] 
68.487: Total time for which application threads were stopped: 0.0005630 seconds, Stopping threads took: 0.0000560 seconds
68.612: Application time: 0.1251220 seconds
68.612: [GC [PSYoungGen: 23808K->496K(24064K)] 66351K->43039K(107008K), 0.0005700 secs] [Times: user=0.00 sys=0.00, real=0.00 secs] 
68.612: Total time for which application threads were stopped: 0.0006960 seconds, Stopping threads took: 0.0000560 seconds
68.743: Application time: 0.1308800 seconds
68.743: [GC [PSYoungGen: 24048K->224K(24064K)] 66591K->43159K(107008K), 0.0005950 secs] [Times: user=0.00 sys=0.00, real=0.00 secs] 
68.744: Total time for which application threads were stopped: 0.0007330 seconds, Stopping threads took: 0.0000580 seconds
68.875: Application time: 0.1312170 seconds
68.875: [GC [PSYoungGen: 23776K->224K(24064K)] 66711K->43159K(107008K), 0.0019490 secs] [Times: user=0.00 sys=0.00, real=0.00 secs] 
68.877: Total time for which application threads were stopped: 0.0020720 seconds, Stopping threads took: 0.0000560 seconds
69.007: Application time: 0.1296050 seconds
69.007: [GC [PSYoungGen: 23776K->256K(24064K)] 66711K->43191K(107008K), 0.0004830 secs] [Times: user=0.00 sys=0.00, real=0.01 secs] 
69.007: Total time for which application threads were stopped: 0.0006030 seconds, Stopping threads took: 0.0000480 seconds
69.137: Application time: 0.1299480 seconds
69.138: [GC [PSYoungGen: 23808K->256K(24064K)] 66743K->43384K(107008K), 0.0004860 secs] [Times: user=0.00 sys=0.00, real=0.00 secs] 
69.138: Total time for which application threads were stopped: 0.0006230 seconds, Stopping threads took: 0.0000690 seconds
69.268: Application time: 0.1301940 seconds
69.268: [GC [PSYoungGen: 23808K->224K(24064K)] 66936K->43352K(107008K), 0.0004410 secs] [Times: user=0.00 sys=0.00, real=0.00 secs] 
69.269: Total time for which application threads were stopped: 0.0005840 seconds, Stopping threads took: 0.0000630 seconds
69.395: Application time: 0.1259700 seconds
69.395: [GC [PSYoungGen: 23776K->496K(24064K)] 66904K->43640K(107008K), 0.0005800 secs] [Times: user=0.00 sys=0.00, real=0.01 secs] 
69.396: Total time for which application threads were stopped: 0.0007050 seconds, Stopping threads took: 0.0000510 seconds
69.526: Application time: 0.1307580 seconds
69.526: [GC [PSYoungGen: 24048K->256K(24064K)] 67192K->43772K(107008K), 0.0005400 secs] [Times: user=0.00 sys=0.00, real=0.00 secs] 
69.527: Total time for which application threads were stopped: 0.0006890 seconds, Stopping threads took: 0.0000820 seconds
69.657: Application time: 0.1305120 seconds
69.658: [GC [PSYoungGen: 23808K->160K(24064K)] 67324K->43676K(107008K), 0.0004830 secs] [Times: user=0.00 sys=0.00, real=0.00 secs] 
69.658: Total time for which application threads were stopped: 0.0006000 seconds, Stopping threads took: 0.0000480 seconds
69.788: Application time: 0.1295320 seconds
69.788: [GC [PSYoungGen: 23712K->256K(24064K)] 67228K->43772K(107008K), 0.0005010 secs] [Times: user=0.00 sys=0.00, real=0.00 secs] 
69.788: Total time for which application threads were stopped: 0.0006370 seconds, Stopping threads took: 0.0000500 seconds
69.919: Application time: 0.1308140 seconds
69.923: [GC [PSYoungGen: 23808K->256K(24064K)] 67324K->43964K(107008K), 0.0005850 secs] [Times: user=0.00 sys=0.00, real=0.00 secs] 
69.924: Total time for which application threads were stopped: 0.0049010 seconds, Stopping threads took: 0.0042400 seconds
70.054: Application time: 0.1302170 seconds
70.054: [GC [PSYoungGen: 23808K->224K(24064K)] 67516K->43932K(107008K), 0.0004990 secs] [Times: user=0.00 sys=0.00, real=0.00 secs] 
70.055: Total time for which application threads were stopped: 0.0006520 seconds, Stopping threads took: 0.0000780 seconds
70.181: Application time: 0.1258870 seconds
70.181: [GC [PSYoungGen: 23776K->464K(24064K)] 67484K->44172K(107008K), 0.0005890 secs] [Times: user=0.00 sys=0.00, real=0.00 secs] 
70.181: Total time for which application threads were stopped: 0.0007210 seconds, Stopping threads took: 0.0000580 seconds
70.312: Application time: 0.1304050 seconds
70.312: [GC [PSYoungGen: 24016K->256K(24064K)] 67724K->44352K(107008K), 0.0005370 secs] [Times: user=0.01 sys=0.00, real=0.00 secs] 
70.313: Total time for which application threads were stopped: 0.0006680 seconds, Stopping threads took: 0.0000550 seconds
70.443: Application time: 0.1303000 seconds
70.443: [GC [PSYoungGen: 23808K->256K(24064K)] 67904K->44352K(107008K), 0.0004300 secs] [Times: user=0.00 sys=0.00, real=0.00 secs] 
70.443: Total time for which application threads were stopped: 0.0005570 seconds, Stopping threads took: 0.0000590 seconds
70.573: Application time: 0.1295350 seconds
70.573: [GC [PSYoungGen: 23808K->256K(24064K)] 67904K->44352K(107008K), 0.0004750 secs] [Times: user=0.00 sys=0.00, real=0.00 secs] 
70.574: Total time for which application threads were stopped: 0.0006010 seconds, Stopping threads took: 0.0000500 seconds
70.704: Application time: 0.1307780 seconds
70.704: [GC [PSYoungGen: 23808K->224K(24064K)] 67904K->44505K(107008K), 0.0005740 secs] [Times: user=0.00 sys=0.00, real=0.00 secs] 
70.705: Total time for which application threads were stopped: 0.0006970 seconds, Stopping threads took: 0.0000480 seconds
70.835: Application time: 0.1300100 seconds
70.839: [GC [PSYoungGen: 23776K->256K(24064K)] 68057K->44537K(107008K), 0.0004720 secs] [Times: user=0.00 sys=0.00, real=0.00 secs] 
70.840: Total time for which application threads were stopped: 0.0048420 seconds, Stopping threads took: 0.0042920 seconds
70.966: Application time: 0.1263320 seconds
70.966: [GC [PSYoungGen: 23808K->480K(24064K)] 68089K->44761K(107008K), 0.0005780 secs] [Times: user=0.00 sys=0.00, real=0.00 secs] 
70.967: Total time for which application threads were stopped: 0.0007090 seconds, Stopping threads took: 0.0000550 seconds
71.097: Application time: 0.1302280 seconds
71.097: [GC [PSYoungGen: 24032K->256K(24064K)] 68313K->44925K(107008K), 0.0005340 secs] [Times: user=0.00 sys=0.00, real=0.00 secs] 
71.098: Total time for which application threads were stopped: 0.0006720 seconds, Stopping threads took: 0.0000630 seconds
71.228: Application time: 0.1303500 seconds
71.228: [GC [PSYoungGen: 23808K->256K(24064K)] 68477K->44925K(107008K), 0.0004650 secs] [Times: user=0.00 sys=0.00, real=0.00 secs] 
71.229: Total time for which application threads were stopped: 0.0005970 seconds, Stopping threads took: 0.0000590 seconds
71.358: Application time: 0.1295860 seconds
71.358: [GC [PSYoungGen: 23808K->256K(24064K)] 68477K->44925K(107008K), 0.0004710 secs] [Times: user=0.00 sys=0.00, real=0.00 secs] 
71.359: Total time for which application threads were stopped: 0.0006100 seconds, Stopping threads took: 0.0000650 seconds
71.489: Application time: 0.1302110 seconds
71.489: [GC [PSYoungGen: 23808K->256K(24064K)] 68477K->45117K(107008K), 0.0004990 secs] [Times: user=0.00 sys=0.00, real=0.00 secs] 
71.490: Total time for which application threads were stopped: 0.0006260 seconds, Stopping threads took: 0.0000550 seconds
71.620: Application time: 0.1302330 seconds
71.620: [GC [PSYoungGen: 23808K->256K(24064K)] 68669K->45117K(107008K), 0.0005150 secs] [Times: user=0.00 sys=0.00, real=0.00 secs] 
71.621: Total time for which application threads were stopped: 0.0006430 seconds, Stopping threads took: 0.0000590 seconds
71.747: Application time: 0.1262860 seconds
71.747: [GC [PSYoungGen: 23808K->496K(24064K)] 68669K->45361K(107008K), 0.0005890 secs] [Times: user=0.01 sys=0.00, real=0.01 secs] 
71.748: Total time for which application threads were stopped: 0.0007150 seconds, Stopping threads took: 0.0000580 seconds
71.879: Application time: 0.1311120 seconds
71.879: [GC [PSYoungGen: 24048K->256K(24064K)] 68913K->45506K(107008K), 0.0005580 secs] [Times: user=0.01 sys=0.00, real=0.00 secs] 
71.879: Total time for which application threads were stopped: 0.0006920 seconds, Stopping threads took: 0.0000610 seconds
72.010: Application time: 0.1301550 seconds
72.010: [GC [PSYoungGen: 23808K->256K(24064K)] 69058K->45506K(107008K), 0.0004310 secs] [Times: user=0.00 sys=0.00, real=0.00 secs] 
72.010: Total time for which application threads were stopped: 0.0005510 seconds, Stopping threads took: 0.0000560 seconds
72.140: Application time: 0.1295980 seconds
72.140: [GC [PSYoungGen: 23808K->256K(24064K)] 69058K->45506K(107008K), 0.0004990 secs] [Times: user=0.00 sys=0.00, real=0.00 secs] 
72.140: Total time for which application threads were stopped: 0.0006300 seconds, Stopping threads took: 0.0000610 seconds
72.271: Application time: 0.1308360 seconds
72.271: [GC [PSYoungGen: 23808K->256K(24064K)] 69058K->45698K(107008K), 0.0004610 secs] [Times: user=0.00 sys=0.00, real=0.00 secs] 
72.272: Total time for which application threads were stopped: 0.0005800 seconds, Stopping threads took: 0.0000540 seconds
72.402: Application time: 0.1303190 seconds
72.402: [GC [PSYoungGen: 23808K->160K(24064K)] 69250K->45602K(107008K), 0.0005010 secs] [Times: user=0.00 sys=0.00, real=0.00 secs] 
72.403: Total time for which application threads were stopped: 0.0006350 seconds, Stopping threads took: 0.0000540 seconds
72.529: Application time: 0.1262210 seconds
72.529: [GC [PSYoungGen: 23712K->496K(24064K)] 69154K->45954K(107008K), 0.0005580 secs] [Times: user=0.00 sys=0.00, real=0.00 secs] 
72.530: Total time for which application threads were stopped: 0.0006870 seconds, Stopping threads took: 0.0000560 seconds
72.663: Application time: 0.1328390 seconds
72.663: [GC [PSYoungGen: 24048K->192K(24576K)] 69506K->46022K(107520K), 0.0006120 secs] [Times: user=0.01 sys=0.00, real=0.00 secs] 
72.663: Total time for which application threads were stopped: 0.0007380 seconds, Stopping threads took: 0.0000580 seconds
72.807: Application time: 0.1432500 seconds
72.807: [GC [PSYoungGen: 23744K->192K(24576K)] 69574K->46022K(107520K), 0.0005400 secs] [Times: user=0.00 sys=0.00, real=0.00 secs] 
72.807: Total time for which application threads were stopped: 0.0006770 seconds, Stopping threads took: 0.0000610 seconds
72.950: Application time: 0.1426780 seconds
72.950: [GC [PSYoungGen: 23744K->256K(24064K)] 69574K->46086K(107008K), 0.0005270 secs] [Times: user=0.01 sys=0.00, real=0.00 secs] 
72.951: Total time for which application threads were stopped: 0.0006620 seconds, Stopping threads took: 0.0000560 seconds
73.094: Application time: 0.1436360 seconds
73.094: [GC [PSYoungGen: 23808K->256K(24064K)] 69638K->46270K(107008K), 0.0005480 secs] [Times: user=0.01 sys=0.00, real=0.00 secs] 
73.095: Total time for which application threads were stopped: 0.0006730 seconds, Stopping threads took: 0.0000550 seconds
73.238: Application time: 0.1433100 seconds
73.238: [GC [PSYoungGen: 23808K->224K(24064K)] 69822K->46238K(107008K), 0.0004840 secs] [Times: user=0.00 sys=0.00, real=0.00 secs] 
73.239: Total time for which application threads were stopped: 0.0006280 seconds, Stopping threads took: 0.0000720 seconds
73.377: Application time: 0.1377450 seconds
73.377: [GC [PSYoungGen: 23776K->496K(24064K)] 69790K->46526K(107008K), 0.0005570 secs] [Times: user=0.00 sys=0.00, real=0.00 secs] 
73.377: Total time for which application threads were stopped: 0.0006790 seconds, Stopping threads took: 0.0000540 seconds
73.520: Application time: 0.1429320 seconds
73.520: [GC [PSYoungGen: 24048K->256K(24064K)] 70078K->46659K(107008K), 0.0006030 secs] [Times: user=0.00 sys=0.00, real=0.00 secs] 
73.521: Total time for which application threads were stopped: 0.0007420 seconds, Stopping threads took: 0.0000540 seconds
73.665: Application time: 0.1438690 seconds
73.665: [GC [PSYoungGen: 23808K->256K(24064K)] 70211K->46659K(107008K), 0.0004770 secs] [Times: user=0.00 sys=0.00, real=0.00 secs] 
73.665: Total time for which application threads were stopped: 0.0006100 seconds, Stopping threads took: 0.0000640 seconds
73.807: Application time: 0.1415900 seconds
73.807: [GC [PSYoungGen: 23808K->256K(24064K)] 70211K->46659K(107008K), 0.0004950 secs] [Times: user=0.00 sys=0.00, real=0.01 secs] 
73.808: Total time for which application threads were stopped: 0.0006190 seconds, Stopping threads took: 0.0000520 seconds
73.953: Application time: 0.1452900 seconds
73.953: [GC [PSYoungGen: 23808K->256K(24064K)] 70211K->46851K(107008K), 0.0005530 secs] [Times: user=0.00 sys=0.00, real=0.00 secs] 
73.955: Total time for which application threads were stopped: 0.0017170 seconds, Stopping threads took: 0.0000750 seconds
74.098: Application time: 0.1435040 seconds
74.098: [GC [PSYoungGen: 23808K->256K(24064K)] 70403K->46851K(107008K), 0.0006330 secs] [Times: user=0.00 sys=0.00, real=0.00 secs] 
74.099: Total time for which application threads were stopped: 0.0007710 seconds, Stopping threads took: 0.0000600 seconds
74.238: Application time: 0.1386010 seconds
74.238: [GC [PSYoungGen: 23808K->496K(24064K)] 70403K->47091K(107008K), 0.0006390 secs] [Times: user=0.00 sys=0.00, real=0.00 secs] 
74.238: Total time for which application threads were stopped: 0.0007880 seconds, Stopping threads took: 0.0000780 seconds
74.382: Application time: 0.1435860 seconds
74.382: [GC [PSYoungGen: 24048K->224K(24064K)] 70643K->47207K(107008K), 0.0006250 secs] [Times: user=0.00 sys=0.00, real=0.00 secs] 
74.383: Total time for which application threads were stopped: 0.0007610 seconds, Stopping threads took: 0.0000570 seconds
74.526: Application time: 0.1431590 seconds
74.527: [GC [PSYoungGen: 23776K->256K(24064K)] 70759K->47239K(107008K), 0.0005780 secs] [Times: user=0.00 sys=0.00, real=0.00 secs] 
74.528: Total time for which application threads were stopped: 0.0021400 seconds, Stopping threads took: 0.0014880 seconds
74.671: Application time: 0.1428330 seconds
74.671: [GC [PSYoungGen: 23808K->256K(24064K)] 70791K->47239K(107008K), 0.0005510 secs] [Times: user=0.00 sys=0.00, real=0.00 secs] 
74.671: Total time for which application threads were stopped: 0.0006910 seconds, Stopping threads took: 0.0000560 seconds
74.815: Application time: 0.1433080 seconds
74.815: [GC [PSYoungGen: 23808K->256K(24064K)] 70791K->47431K(107008K), 0.0005430 secs] [Times: user=0.00 sys=0.00, real=0.01 secs] 
74.815: Total time for which application threads were stopped: 0.0006740 seconds, Stopping threads took: 0.0000550 seconds
74.959: Application time: 0.1434920 seconds
74.959: [GC [PSYoungGen: 23808K->256K(24064K)] 70983K->47431K(107008K), 0.0005040 secs] [Times: user=0.00 sys=0.00, real=0.00 secs] 
74.960: Total time for which application threads were stopped: 0.0006520 seconds, Stopping threads took: 0.0000660 seconds
75.098: Application time: 0.1382110 seconds
75.098: [GC [PSYoungGen: 23808K->496K(24064K)] 70983K->47691K(107008K), 0.0006430 secs] [Times: user=0.00 sys=0.00, real=0.00 secs] 
75.099: Total time for which application threads were stopped: 0.0007850 seconds, Stopping threads took: 0.0000630 seconds
75.242: Application time: 0.1433830 seconds
75.242: [GC [PSYoungGen: 24048K->256K(24064K)] 71243K->47824K(107008K), 0.0005770 secs] [Times: user=0.00 sys=0.00, real=0.00 secs] 
75.243: Total time for which application threads were stopped: 0.0007240 seconds, Stopping threads took: 0.0000600 seconds
75.386: Application time: 0.1435730 seconds
75.386: [GC [PSYoungGen: 23808K->256K(24064K)] 71376K->47824K(107008K), 0.0004920 secs] [Times: user=0.00 sys=0.00, real=0.00 secs] 
75.387: Total time for which application threads were stopped: 0.0006280 seconds, Stopping threads took: 0.0000570 seconds
75.529: Application time: 0.1415790 seconds
75.531: [GC [PSYoungGen: 23808K->256K(24064K)] 71376K->47824K(107008K), 0.0004920 secs] [Times: user=0.00 sys=0.00, real=0.00 secs] 
75.532: Total time for which application threads were stopped: 0.0033380 seconds, Stopping threads took: 0.0027710 seconds
75.675: Application time: 0.1432680 seconds
75.675: [GC [PSYoungGen: 23808K->256K(24064K)] 71376K->48016K(107008K), 0.0005210 secs] [Times: user=0.01 sys=0.00, real=0.01 secs] 
75.676: Total time for which application threads were stopped: 0.0006540 seconds, Stopping threads took: 0.0000600 seconds
75.819: Application time: 0.1435750 seconds
75.819: [GC [PSYoungGen: 23808K->256K(24064K)] 71568K->48016K(107008K), 0.0004860 secs] [Times: user=0.00 sys=0.00, real=0.00 secs] 
75.820: Total time for which application threads were stopped: 0.0006190 seconds, Stopping threads took: 0.0000490 seconds
75.959: Application time: 0.1387880 seconds
75.959: [GC [PSYoungGen: 23808K->496K(24064K)] 71568K->48256K(107008K), 0.0006240 secs] [Times: user=0.00 sys=0.00, real=0.00 secs] 
75.960: Total time for which application threads were stopped: 0.0007600 seconds, Stopping threads took: 0.0000640 seconds
76.103: Application time: 0.1434010 seconds
76.103: [GC [PSYoungGen: 24048K->256K(24064K)] 71808K->48404K(107008K), 0.0005980 secs] [Times: user=0.00 sys=0.01, real=0.00 secs] 
76.104: Total time for which application threads were stopped: 0.0007410 seconds, Stopping threads took: 0.0000650 seconds
76.247: Application time: 0.1432770 seconds
76.247: [GC [PSYoungGen: 23808K->256K(24064K)] 71956K->48404K(107008K), 0.0005230 secs] [Times: user=0.00 sys=0.00, real=0.01 secs] 
76.248: Total time for which application threads were stopped: 0.0006660 seconds, Stopping threads took: 0.0000560 seconds
76.390: Application time: 0.1419380 seconds
76.390: [GC [PSYoungGen: 23808K->256K(24064K)] 71956K->48404K(107008K), 0.0004910 secs] [Times: user=0.01 sys=0.00, real=0.00 secs] 
76.390: Total time for which application threads were stopped: 0.0006280 seconds, Stopping threads took: 0.0000540 seconds
76.534: Application time: 0.1435270 seconds
76.534: [GC [PSYoungGen: 23808K->256K(24064K)] 71956K->48596K(107008K), 0.0005020 secs] [Times: user=0.01 sys=0.00, real=0.00 secs] 
76.534: Total time for which application threads were stopped: 0.0006570 seconds, Stopping threads took: 0.0000720 seconds
76.674: Application time: 0.1396700 seconds
76.674: [GC [PSYoungGen: 23808K->256K(24064K)] 72148K->48596K(107008K), 0.0004420 secs] [Times: user=0.00 sys=0.00, real=0.00 secs] 
76.675: Total time for which application threads were stopped: 0.0005870 seconds, Stopping threads took: 0.0000710 seconds
76.800: Application time: 0.1254450 seconds
76.800: [GC [PSYoungGen: 23808K->496K(24064K)] 72148K->48852K(107008K), 0.0005650 secs] [Times: user=0.01 sys=0.00, real=0.00 secs] 
76.801: Total time for which application threads were stopped: 0.0007020 seconds, Stopping threads took: 0.0000600 seconds
76.932: Application time: 0.1307680 seconds
76.932: [GC [PSYoungGen: 24048K->256K(24064K)] 72404K->48993K(107008K), 0.0005600 secs] [Times: user=0.00 sys=0.00, real=0.00 secs] 
76.932: Total time for which application threads were stopped: 0.0007080 seconds, Stopping threads took: 0.0000640 seconds
77.063: Application time: 0.1307670 seconds
77.063: [GC [PSYoungGen: 23808K->256K(24064K)] 72545K->48993K(107008K), 0.0005630 secs] [Times: user=0.00 sys=0.00, real=0.00 secs] 
77.064: Total time for which application threads were stopped: 0.0006860 seconds, Stopping threads took: 0.0000530 seconds
77.193: Application time: 0.1288850 seconds
77.193: [GC [PSYoungGen: 23808K->240K(24064K)] 72545K->48977K(107008K), 0.0005640 secs] [Times: user=0.00 sys=0.00, real=0.00 secs] 
77.193: Total time for which application threads were stopped: 0.0007050 seconds, Stopping threads took: 0.0000650 seconds
77.324: Application time: 0.1303560 seconds
77.324: [GC [PSYoungGen: 23792K->160K(24064K)] 72529K->49065K(107008K), 0.0005810 secs] [Times: user=0.00 sys=0.00, real=0.00 secs] 
77.324: Total time for which application threads were stopped: 0.0007030 seconds, Stopping threads took: 0.0000520 seconds
77.455: Application time: 0.1303350 seconds
77.455: [GC [PSYoungGen: 23712K->192K(24064K)] 72617K->49097K(107008K), 0.0004960 secs] [Times: user=0.00 sys=0.00, real=0.01 secs] 
77.455: Total time for which application threads were stopped: 0.0006340 seconds, Stopping threads took: 0.0000540 seconds
77.581: Application time: 0.1257080 seconds
77.581: [GC [PSYoungGen: 23744K->496K(24064K)] 72649K->49401K(107008K), 0.0006010 secs] [Times: user=0.00 sys=0.00, real=0.00 secs] 
77.582: Total time for which application threads were stopped: 0.0007320 seconds, Stopping threads took: 0.0000560 seconds
77.713: Application time: 0.1307780 seconds
77.713: [GC [PSYoungGen: 24048K->256K(24576K)] 72953K->49549K(107520K), 0.0006060 secs] [Times: user=0.00 sys=0.00, real=0.00 secs] 
77.713: Total time for which application threads were stopped: 0.0007450 seconds, Stopping threads took: 0.0000610 seconds
77.843: Application time: 0.1301640 seconds
77.844: [GC [PSYoungGen: 23808K->224K(24576K)] 73101K->49517K(107520K), 0.0006580 secs] [Times: user=0.00 sys=0.00, real=0.00 secs] 
77.844: Total time for which application threads were stopped: 0.0008660 seconds, Stopping threads took: 0.0001210 seconds
77.974: Application time: 0.1299470 seconds
77.974: [GC [PSYoungGen: 23776K->256K(24064K)] 73069K->49549K(107008K), 0.0004980 secs] [Times: user=0.01 sys=0.00, real=0.00 secs] 
77.975: Total time for which application threads were stopped: 0.0006370 seconds, Stopping threads took: 0.0000540 seconds
78.105: Application time: 0.1303920 seconds
78.105: [GC [PSYoungGen: 23808K->224K(24064K)] 73101K->49701K(107008K), 0.0005040 secs] [Times: user=0.00 sys=0.00, real=0.00 secs] 
78.106: Total time for which application threads were stopped: 0.0006380 seconds, Stopping threads took: 0.0000620 seconds
78.236: Application time: 0.1302260 seconds
78.236: [GC [PSYoungGen: 23776K->256K(24064K)] 73253K->49733K(107008K), 0.0004870 secs] [Times: user=0.00 sys=0.00, real=0.00 secs] 
78.237: Total time for which application threads were stopped: 0.0006420 seconds, Stopping threads took: 0.0000760 seconds
78.363: Application time: 0.1258230 seconds
78.363: [GC [PSYoungGen: 23808K->464K(24064K)] 73285K->49941K(107008K), 0.0006050 secs] [Times: user=0.00 sys=0.00, real=0.00 secs] 
78.363: Total time for which application threads were stopped: 0.0007410 seconds, Stopping threads took: 0.0000630 seconds
78.494: Application time: 0.1302200 seconds
78.494: [GC [PSYoungGen: 24016K->224K(24064K)] 73493K->50090K(107008K), 0.0006310 secs] [Times: user=0.01 sys=0.00, real=0.00 secs] 
78.494: Total time for which application threads were stopped: 0.0007730 seconds, Stopping threads took: 0.0000540 seconds
78.625: Application time: 0.1301760 seconds
78.625: [GC [PSYoungGen: 23776K->224K(24064K)] 73642K->50090K(107008K), 0.0005010 secs] [Times: user=0.00 sys=0.00, real=0.00 secs] 
78.625: Total time for which application threads were stopped: 0.0006340 seconds, Stopping threads took: 0.0000630 seconds
78.755: Application time: 0.1297320 seconds
78.755: [GC [PSYoungGen: 23775K->272K(24064K)] 73642K->50138K(107008K), 0.0004920 secs] [Times: user=0.00 sys=0.00, real=0.01 secs] 
78.756: Total time for which application threads were stopped: 0.0006190 seconds, Stopping threads took: 0.0000520 seconds
78.886: Application time: 0.1304240 seconds
78.886: [GC [PSYoungGen: 23824K->224K(24064K)] 73690K->50274K(107008K), 0.0005010 secs] [Times: user=0.00 sys=0.00, real=0.00 secs] 
78.887: Total time for which application threads were stopped: 0.0006430 seconds, Stopping threads took: 0.0000630 seconds
79.016: Application time: 0.1298570 seconds
79.017: [GC [PSYoungGen: 23776K->160K(24064K)] 73826K->50210K(107008K), 0.0005490 secs] [Times: user=0.00 sys=0.00, real=0.00 secs] 
79.018: Total time for which application threads were stopped: 0.0017610 seconds, Stopping threads took: 0.0000530 seconds
79.144: Application time: 0.1259070 seconds
79.144: [GC [PSYoungGen: 23712K->496K(24064K)] 73762K->50546K(107008K), 0.0006080 secs] [Times: user=0.00 sys=0.00, real=0.00 secs] 
79.145: Total time for which application threads were stopped: 0.0007370 seconds, Stopping threads took: 0.0000530 seconds
79.275: Application time: 0.1302010 seconds
79.275: [GC [PSYoungGen: 24048K->256K(24064K)] 74098K->50694K(107008K), 0.0005810 secs] [Times: user=0.00 sys=0.00, real=0.01 secs] 
79.276: Total time for which application threads were stopped: 0.0007140 seconds, Stopping threads took: 0.0000540 seconds
79.406: Application time: 0.1304870 seconds
79.406: [GC [PSYoungGen: 23808K->256K(24064K)] 74246K->50694K(107008K), 0.0004720 secs] [Times: user=0.00 sys=0.00, real=0.00 secs] 
79.407: Total time for which application threads were stopped: 0.0006100 seconds, Stopping threads took: 0.0000610 seconds
79.536: Application time: 0.1291970 seconds
79.536: [GC [PSYoungGen: 23808K->224K(24064K)] 74246K->50662K(107008K), 0.0005020 secs] [Times: user=0.00 sys=0.00, real=0.00 secs] 
79.537: Total time for which application threads were stopped: 0.0006580 seconds, Stopping threads took: 0.0000720 seconds
79.667: Application time: 0.1305440 seconds
79.667: [GC [PSYoungGen: 23776K->256K(24064K)] 74214K->50878K(107008K), 0.0005180 secs] [Times: user=0.01 sys=0.00, real=0.00 secs] 
79.668: Total time for which application threads were stopped: 0.0006390 seconds, Stopping threads took: 0.0000520 seconds
79.798: Application time: 0.1304680 seconds
79.799: [GC [PSYoungGen: 23808K->224K(24064K)] 74430K->50846K(107008K), 0.0004970 secs] [Times: user=0.00 sys=0.00, real=0.00 secs] 
79.799: Total time for which application threads were stopped: 0.0006360 seconds, Stopping threads took: 0.0000570 seconds
79.926: Application time: 0.1265850 seconds
79.926: [GC [PSYoungGen: 23776K->496K(24064K)] 74398K->51118K(107008K), 0.0005980 secs] [Times: user=0.00 sys=0.00, real=0.00 secs] 
79.926: Total time for which application threads were stopped: 0.0007440 seconds, Stopping threads took: 0.0000710 seconds
80.057: Application time: 0.1303250 seconds
80.057: [GC [PSYoungGen: 24048K->224K(24064K)] 74670K->51231K(107008K), 0.0006350 secs] [Times: user=0.00 sys=0.00, real=0.00 secs] 
80.058: Total time for which application threads were stopped: 0.0007810 seconds, Stopping threads took: 0.0000610 seconds
80.188: Application time: 0.1304930 seconds
80.188: [GC [PSYoungGen: 23776K->192K(24064K)] 74783K->51199K(107008K), 0.0004680 secs] [Times: user=0.00 sys=0.00, real=0.00 secs] 
80.189: Total time for which application threads were stopped: 0.0006070 seconds, Stopping threads took: 0.0000610 seconds
80.318: Application time: 0.1298680 seconds
80.319: [GC [PSYoungGen: 23744K->208K(24064K)] 74751K->51215K(107008K), 0.0005520 secs] [Times: user=0.00 sys=0.00, real=0.00 secs] 
80.319: Total time for which application threads were stopped: 0.0006890 seconds, Stopping threads took: 0.0000600 seconds
80.449: Application time: 0.1301960 seconds
80.449: [GC [PSYoungGen: 23760K->224K(24064K)] 74767K->51407K(107008K), 0.0005660 secs] [Times: user=0.01 sys=0.00, real=0.00 secs] 
80.450: Total time for which application threads were stopped: 0.0006970 seconds, Stopping threads took: 0.0000540 seconds
80.580: Application time: 0.1303220 seconds
80.581: [GC [PSYoungGen: 23776K->128K(24064K)] 74959K->51311K(107008K), 0.0005530 secs] [Times: user=0.00 sys=0.00, real=0.00 secs] 
80.581: Total time for which application threads were stopped: 0.0007060 seconds, Stopping threads took: 0.0000600 seconds
80.713: Application time: 0.1319730 seconds
80.713: [GC [PSYoungGen: 23680K->480K(24064K)] 74863K->51671K(107008K), 0.0005990 secs] [Times: user=0.00 sys=0.00, real=0.00 secs] 
80.714: Total time for which application threads were stopped: 0.0007430 seconds, Stopping threads took: 0.0000690 seconds
80.857: Application time: 0.1428080 seconds
80.857: [GC [PSYoungGen: 24032K->256K(24576K)] 75223K->51827K(107520K), 0.0005880 secs] [Times: user=0.00 sys=0.00, real=0.00 secs] 
80.857: Total time for which application threads were stopped: 0.0007270 seconds, Stopping threads took: 0.0000620 seconds
81.001: Application time: 0.1438290 seconds
81.001: [GC [PSYoungGen: 23808K->256K(24576K)] 75379K->51827K(107520K), 0.0005410 secs] [Times: user=0.01 sys=0.00, real=0.00 secs] 
81.002: Total time for which application threads were stopped: 0.0006810 seconds, Stopping threads took: 0.0000620 seconds
81.145: Application time: 0.1426780 seconds
81.145: [GC [PSYoungGen: 23808K->256K(24064K)] 75379K->51827K(107008K), 0.0005010 secs] [Times: user=0.00 sys=0.00, real=0.00 secs] 
81.145: Total time for which application threads were stopped: 0.0006520 seconds, Stopping threads took: 0.0000640 seconds
81.288: Application time: 0.1432010 seconds
81.289: [GC [PSYoungGen: 23808K->256K(24064K)] 75379K->52019K(107008K), 0.0005320 secs] [Times: user=0.01 sys=0.00, real=0.00 secs] 
81.289: Total time for which application threads were stopped: 0.0006600 seconds, Stopping threads took: 0.0000540 seconds
81.432: Application time: 0.1431310 seconds
81.432: [GC [PSYoungGen: 23808K->256K(24064K)] 75571K->52019K(107008K), 0.0004710 secs] [Times: user=0.00 sys=0.00, real=0.00 secs] 
81.433: Total time for which application threads were stopped: 0.0006200 seconds, Stopping threads took: 0.0000760 seconds
81.571: Application time: 0.1381320 seconds
81.571: [GC [PSYoungGen: 23808K->496K(24064K)] 75571K->52260K(107008K), 0.0006100 secs] [Times: user=0.00 sys=0.00, real=0.00 secs] 
81.572: Total time for which application threads were stopped: 0.0007670 seconds, Stopping threads took: 0.0000840 seconds
81.715: Application time: 0.1435520 seconds
81.715: [GC [PSYoungGen: 24048K->256K(24064K)] 75812K->52412K(107008K), 0.0005940 secs] [Times: user=0.00 sys=0.00, real=0.00 secs] 
81.716: Total time for which application threads were stopped: 0.0007550 seconds, Stopping threads took: 0.0000560 seconds
81.860: Application time: 0.1438330 seconds
81.860: [GC [PSYoungGen: 23808K->256K(24064K)] 75964K->52412K(107008K), 0.0004760 secs] [Times: user=0.00 sys=0.00, real=0.00 secs] 
81.861: Total time for which application threads were stopped: 0.0006220 seconds, Stopping threads took: 0.0000720 seconds
82.004: Application time: 0.1430130 seconds
82.004: [GC [PSYoungGen: 23808K->256K(24064K)] 75964K->52412K(107008K), 0.0005600 secs] [Times: user=0.00 sys=0.00, real=0.00 secs] 
82.004: Total time for which application threads were stopped: 0.0006900 seconds, Stopping threads took: 0.0000590 seconds
82.148: Application time: 0.1432930 seconds
82.148: [GC [PSYoungGen: 23808K->256K(24064K)] 75964K->52604K(107008K), 0.0005160 secs] [Times: user=0.00 sys=0.00, real=0.00 secs] 
82.148: Total time for which application threads were stopped: 0.0006410 seconds, Stopping threads took: 0.0000530 seconds
82.291: Application time: 0.1433370 seconds
82.292: [GC [PSYoungGen: 23808K->256K(24064K)] 76156K->52604K(107008K), 0.0004660 secs] [Times: user=0.00 sys=0.00, real=0.00 secs] 
82.292: Total time for which application threads were stopped: 0.0006020 seconds, Stopping threads took: 0.0000540 seconds
82.430: Application time: 0.1379610 seconds
82.430: [GC [PSYoungGen: 23808K->496K(24064K)] 76156K->52876K(107008K), 0.0005750 secs] [Times: user=0.00 sys=0.00, real=0.00 secs] 
82.431: Total time for which application threads were stopped: 0.0007070 seconds, Stopping threads took: 0.0000600 seconds
82.574: Application time: 0.1436010 seconds
82.574: [GC [PSYoungGen: 24048K->192K(24064K)] 76428K->52916K(107008K), 0.0006070 secs] [Times: user=0.00 sys=0.00, real=0.00 secs] 
82.575: Total time for which application threads were stopped: 0.0007610 seconds, Stopping threads took: 0.0000730 seconds
82.719: Application time: 0.1437420 seconds
82.719: [GC [PSYoungGen: 23744K->224K(24064K)] 76468K->52948K(107008K), 0.0005080 secs] [Times: user=0.00 sys=0.00, real=0.00 secs] 
82.720: Total time for which application threads were stopped: 0.0006510 seconds, Stopping threads took: 0.0000650 seconds
82.862: Application time: 0.1428120 seconds
82.862: [GC [PSYoungGen: 23776K->256K(24064K)] 76500K->52980K(107008K), 0.0005300 secs] [Times: user=0.00 sys=0.00, real=0.00 secs] 
82.863: Total time for which application threads were stopped: 0.0006730 seconds, Stopping threads took: 0.0000570 seconds
83.006: Application time: 0.1432140 seconds
83.006: [GC [PSYoungGen: 23808K->256K(24064K)] 76532K->53172K(107008K), 0.0005410 secs] [Times: user=0.00 sys=0.00, real=0.00 secs] 
83.007: Total time for which application threads were stopped: 0.0006880 seconds, Stopping threads took: 0.0000690 seconds
83.151: Application time: 0.1437940 seconds
83.151: [GC [PSYoungGen: 23808K->256K(24064K)] 76724K->53172K(107008K), 0.0004800 secs] [Times: user=0.00 sys=0.00, real=0.00 secs] 
83.151: Total time for which application threads were stopped: 0.0006210 seconds, Stopping threads took: 0.0000600 seconds
83.290: Application time: 0.1382830 seconds
83.290: [GC [PSYoungGen: 23808K->480K(24064K)] 76724K->53401K(107008K), 0.0005980 secs] [Times: user=0.00 sys=0.00, real=0.00 secs] 
83.290: Total time for which application threads were stopped: 0.0007340 seconds, Stopping threads took: 0.0000590 seconds
83.434: Application time: 0.1434240 seconds
83.434: [GC [PSYoungGen: 24032K->256K(24064K)] 76953K->53565K(107008K), 0.0005680 secs] [Times: user=0.00 sys=0.00, real=0.00 secs] 
83.434: Total time for which application threads were stopped: 0.0007090 seconds, Stopping threads took: 0.0000540 seconds
83.578: Application time: 0.1432600 seconds
83.578: [GC [PSYoungGen: 23808K->256K(24064K)] 77117K->53565K(107008K), 0.0004890 secs] [Times: user=0.01 sys=0.00, real=0.00 secs] 
83.578: Total time for which application threads were stopped: 0.0006200 seconds, Stopping threads took: 0.0000580 seconds
83.721: Application time: 0.1426330 seconds
83.721: [GC [PSYoungGen: 23808K->272K(24064K)] 77117K->53581K(107008K), 0.0005190 secs] [Times: user=0.00 sys=0.00, real=0.00 secs] 
83.722: Total time for which application threads were stopped: 0.0006460 seconds, Stopping threads took: 0.0000560 seconds
83.866: Application time: 0.1438880 seconds
83.866: [GC [PSYoungGen: 23824K->256K(24064K)] 77133K->53757K(107008K), 0.0005030 secs] [Times: user=0.00 sys=0.00, real=0.00 secs] 
83.866: Total time for which application threads were stopped: 0.0006300 seconds, Stopping threads took: 0.0000520 seconds
84.010: Application time: 0.1433480 seconds
84.010: [GC [PSYoungGen: 23808K->192K(24064K)] 77309K->53693K(107008K), 0.0005060 secs] [Times: user=0.00 sys=0.00, real=0.00 secs] 
84.010: Total time for which application threads were stopped: 0.0006450 seconds, Stopping threads took: 0.0000520 seconds
84.149: Application time: 0.1383380 seconds
84.149: [GC [PSYoungGen: 23744K->480K(24064K)] 77245K->53989K(107008K), 0.0006070 secs] [Times: user=0.00 sys=0.00, real=0.00 secs] 
84.150: Total time for which application threads were stopped: 0.0018150 seconds, Stopping threads took: 0.0000580 seconds
84.293: Application time: 0.1431430 seconds
84.294: [GC [PSYoungGen: 24032K->256K(24064K)] 77541K->54153K(107008K), 0.0005790 secs] [Times: user=0.00 sys=0.00, real=0.00 secs] 
84.294: Total time for which application threads were stopped: 0.0007350 seconds, Stopping threads took: 0.0000800 seconds
84.438: Application time: 0.1438410 seconds
84.438: [GC [PSYoungGen: 23808K->256K(24064K)] 77705K->54153K(107008K), 0.0004870 secs] [Times: user=0.00 sys=0.00, real=0.00 secs] 
84.439: Total time for which application threads were stopped: 0.0006220 seconds, Stopping threads took: 0.0000570 seconds
84.582: Application time: 0.1431430 seconds
84.582: [GC [PSYoungGen: 23808K->256K(24064K)] 77705K->54153K(107008K), 0.0006060 secs] [Times: user=0.00 sys=0.00, real=0.00 secs] 
84.583: Total time for which application threads were stopped: 0.0007530 seconds, Stopping threads took: 0.0000590 seconds
84.718: Application time: 0.1358710 seconds
84.719: [GC [PSYoungGen: 23808K->160K(24064K)] 77705K->54226K(107008K), 0.0005510 secs] [Times: user=0.00 sys=0.00, real=0.00 secs] 
84.719: Total time for which application threads were stopped: 0.0006970 seconds, Stopping threads took: 0.0000700 seconds
84.849: Application time: 0.1301080 seconds
84.849: [GC [PSYoungGen: 23712K->256K(24064K)] 77778K->54322K(107008K), 0.0004810 secs] [Times: user=0.00 sys=0.00, real=0.00 secs] 
84.850: Total time for which application threads were stopped: 0.0006210 seconds, Stopping threads took: 0.0000640 seconds
84.976: Application time: 0.1258200 seconds
84.976: [GC [PSYoungGen: 23808K->496K(24064K)] 77874K->54562K(107008K), 0.0005690 secs] [Times: user=0.00 sys=0.00, real=0.00 secs] 
84.976: Total time for which application threads were stopped: 0.0006920 seconds, Stopping threads took: 0.0000500 seconds
85.107: Application time: 0.1305530 seconds
85.107: [GC [PSYoungGen: 24048K->256K(24064K)] 78114K->54714K(107008K), 0.0005970 secs] [Times: user=0.00 sys=0.01, real=0.01 secs] 
85.108: Total time for which application threads were stopped: 0.0007510 seconds, Stopping threads took: 0.0000670 seconds
85.238: Application time: 0.1300700 seconds
85.238: [GC [PSYoungGen: 23808K->192K(24064K)] 78266K->54650K(107008K), 0.0005220 secs] [Times: user=0.01 sys=0.00, real=0.00 secs] 
85.238: Total time for which application threads were stopped: 0.0006560 seconds, Stopping threads took: 0.0000600 seconds
85.368: Application time: 0.1295530 seconds
85.368: [GC [PSYoungGen: 23744K->256K(24064K)] 78202K->54714K(107008K), 0.0005060 secs] [Times: user=0.00 sys=0.00, real=0.00 secs] 
85.369: Total time for which application threads were stopped: 0.0006340 seconds, Stopping threads took: 0.0000530 seconds
85.499: Application time: 0.1303990 seconds
85.499: [GC [PSYoungGen: 23808K->256K(24064K)] 78266K->54906K(107008K), 0.0005010 secs] [Times: user=0.00 sys=0.00, real=0.00 secs] 
85.500: Total time for which application threads were stopped: 0.0006470 seconds, Stopping threads took: 0.0000610 seconds
85.630: Application time: 0.1302180 seconds
85.630: [GC [PSYoungGen: 23808K->160K(24064K)] 78458K->54810K(107008K), 0.0005650 secs] [Times: user=0.00 sys=0.00, real=0.00 secs] 
85.631: Total time for which application threads were stopped: 0.0007010 seconds, Stopping threads took: 0.0000530 seconds
85.756: Application time: 0.1256660 seconds
85.756: [GC [PSYoungGen: 23712K->496K(24064K)] 78362K->55162K(107008K), 0.0005970 secs] [Times: user=0.00 sys=0.00, real=0.00 secs] 
85.757: Total time for which application threads were stopped: 0.0007260 seconds, Stopping threads took: 0.0000500 seconds
85.887: Application time: 0.1303530 seconds
85.887: [GC [PSYoungGen: 24048K->256K(24064K)] 78714K->55294K(107008K), 0.0005490 secs] [Times: user=0.00 sys=0.00, real=0.00 secs] 
85.888: Total time for which application threads were stopped: 0.0006710 seconds, Stopping threads took: 0.0000500 seconds
86.018: Application time: 0.1303070 seconds
86.018: [GC [PSYoungGen: 23808K->256K(24064K)] 78846K->55294K(107008K), 0.0004810 secs] [Times: user=0.00 sys=0.00, real=0.00 secs] 
86.019: Total time for which application threads were stopped: 0.0006130 seconds, Stopping threads took: 0.0000550 seconds
86.148: Application time: 0.1289500 seconds
86.148: [GC [PSYoungGen: 23808K->256K(24064K)] 78846K->55294K(107008K), 0.0005150 secs] [Times: user=0.00 sys=0.00, real=0.00 secs] 
86.149: Total time for which application threads were stopped: 0.0006620 seconds, Stopping threads took: 0.0000630 seconds
86.279: Application time: 0.1304040 seconds
86.279: [GC [PSYoungGen: 23808K->256K(24064K)] 78846K->55487K(107008K), 0.0005700 secs] [Times: user=0.00 sys=0.00, real=0.00 secs] 
86.280: Total time for which application threads were stopped: 0.0006970 seconds, Stopping threads took: 0.0000530 seconds
86.410: Application time: 0.1302180 seconds
86.410: [GC [PSYoungGen: 23808K->256K(24064K)] 79039K->55487K(107008K), 0.0004730 secs] [Times: user=0.00 sys=0.00, real=0.00 secs] 
86.410: Total time for which application threads were stopped: 0.0006090 seconds, Stopping threads took: 0.0000600 seconds
86.537: Application time: 0.1260550 seconds
86.537: [GC [PSYoungGen: 23808K->496K(24064K)] 79039K->55727K(107008K), 0.0005680 secs] [Times: user=0.00 sys=0.00, real=0.00 secs] 
86.537: Total time for which application threads were stopped: 0.0006960 seconds, Stopping threads took: 0.0000550 seconds
86.667: Application time: 0.1301160 seconds
86.667: [GC [PSYoungGen: 24048K->160K(24064K)] 79279K->55767K(107008K), 0.0006240 secs] [Times: user=0.00 sys=0.00, real=0.00 secs] 
86.668: Total time for which application threads were stopped: 0.0007690 seconds, Stopping threads took: 0.0000580 seconds
86.799: Application time: 0.1309420 seconds
86.799: [GC [PSYoungGen: 23712K->256K(24064K)] 79319K->55863K(107008K), 0.0004660 secs] [Times: user=0.00 sys=0.00, real=0.00 secs] 
86.800: Total time for which application threads were stopped: 0.0005790 seconds, Stopping threads took: 0.0000420 seconds
86.932: Application time: 0.1319910 seconds
86.932: [GC [PSYoungGen: 23808K->256K(24064K)] 79415K->55863K(107008K), 0.0004740 secs] [Times: user=0.00 sys=0.00, real=0.00 secs] 
86.932: Total time for which application threads were stopped: 0.0006060 seconds, Stopping threads took: 0.0000630 seconds
87.062: Application time: 0.1302330 seconds
87.063: [GC [PSYoungGen: 23808K->256K(24064K)] 79415K->56055K(107008K), 0.0005330 secs] [Times: user=0.00 sys=0.00, real=0.00 secs] 
87.063: Total time for which application threads were stopped: 0.0006600 seconds, Stopping threads took: 0.0000530 seconds
87.193: Application time: 0.1300080 seconds
87.193: [GC [PSYoungGen: 23808K->256K(24064K)] 79607K->56055K(107008K), 0.0004560 secs] [Times: user=0.00 sys=0.00, real=0.00 secs] 
87.194: Total time for which application threads were stopped: 0.0005910 seconds, Stopping threads took: 0.0000550 seconds
87.320: Application time: 0.1259290 seconds
87.320: [GC [PSYoungGen: 23808K->496K(24064K)] 79607K->56311K(107008K), 0.0005590 secs] [Times: user=0.00 sys=0.00, real=0.00 secs] 
87.320: Total time for which application threads were stopped: 0.0006810 seconds, Stopping threads took: 0.0000510 seconds
87.451: Application time: 0.1307670 seconds
87.451: [GC [PSYoungGen: 24048K->256K(24064K)] 79863K->56444K(107008K), 0.0005550 secs] [Times: user=0.01 sys=0.00, real=0.00 secs] 
87.452: Total time for which application threads were stopped: 0.0007000 seconds, Stopping threads took: 0.0000640 seconds
87.582: Application time: 0.1304560 seconds
87.582: [GC [PSYoungGen: 23808K->256K(24064K)] 79996K->56444K(107008K), 0.0004890 secs] [Times: user=0.00 sys=0.00, real=0.00 secs] 
87.583: Total time for which application threads were stopped: 0.0006200 seconds, Stopping threads took: 0.0000560 seconds
87.712: Application time: 0.1289580 seconds
87.715: [GC [PSYoungGen: 23808K->256K(24064K)] 79996K->56444K(107008K), 0.0005490 secs] [Times: user=0.00 sys=0.00, real=0.00 secs] 
87.716: Total time for which application threads were stopped: 0.0040570 seconds, Stopping threads took: 0.0034210 seconds
87.854: Application time: 0.1379840 seconds
87.854: [GC [PSYoungGen: 23808K->256K(24064K)] 79996K->56636K(107008K), 0.0004850 secs] [Times: user=0.00 sys=0.00, real=0.00 secs] 
87.855: Total time for which application threads were stopped: 0.0006110 seconds, Stopping threads took: 0.0000560 seconds
87.984: Application time: 0.1298850 seconds
87.985: [GC [PSYoungGen: 23808K->256K(24064K)] 80188K->56636K(107008K), 0.0004920 secs] [Times: user=0.00 sys=0.00, real=0.00 secs] 
87.985: Total time for which application threads were stopped: 0.0006470 seconds, Stopping threads took: 0.0000770 seconds
88.112: Application time: 0.1265420 seconds
88.112: [GC [PSYoungGen: 23808K->480K(24064K)] 80188K->56860K(107008K), 0.0005770 secs] [Times: user=0.00 sys=0.00, real=0.00 secs] 
88.112: Total time for which application threads were stopped: 0.0007200 seconds, Stopping threads took: 0.0000680 seconds
88.241: Application time: 0.1290260 seconds
88.241: [GC [PSYoungGen: 24032K->256K(24064K)] 80412K->56988K(107008K), 0.0005890 secs] [Times: user=0.01 sys=0.00, real=0.00 secs] 
88.242: Total time for which application threads were stopped: 0.0007360 seconds, Stopping threads took: 0.0000560 seconds
88.372: Application time: 0.1302170 seconds
88.372: [GC [PSYoungGen: 23808K->224K(24064K)] 80540K->57036K(107008K), 0.0004980 secs] [Times: user=0.00 sys=0.00, real=0.00 secs] 
88.373: Total time for which application threads were stopped: 0.0006230 seconds, Stopping threads took: 0.0000530 seconds
88.503: Application time: 0.1298460 seconds
88.503: [GC [PSYoungGen: 23776K->256K(24064K)] 80588K->57068K(107008K), 0.0005510 secs] [Times: user=0.00 sys=0.00, real=0.00 secs] 
88.503: Total time for which application threads were stopped: 0.0006850 seconds, Stopping threads took: 0.0000610 seconds
88.634: Application time: 0.1303580 seconds
88.634: [GC [PSYoungGen: 23808K->256K(24064K)] 80620K->57236K(107008K), 0.0005260 secs] [Times: user=0.00 sys=0.00, real=0.00 secs] 
88.635: Total time for which application threads were stopped: 0.0006600 seconds, Stopping threads took: 0.0000630 seconds
88.776: Application time: 0.1414230 seconds
88.776: [GC [PSYoungGen: 23808K->256K(24064K)] 80788K->57260K(107008K), 0.0005050 secs] [Times: user=0.01 sys=0.00, real=0.00 secs] 
88.777: Total time for which application threads were stopped: 0.0006510 seconds, Stopping threads took: 0.0000590 seconds
88.915: Application time: 0.1388270 seconds
88.916: [GC [PSYoungGen: 23808K->416K(24064K)] 80812K->57420K(107008K), 0.0005570 secs] [Times: user=0.00 sys=0.00, real=0.00 secs] 
88.916: Total time for which application threads were stopped: 0.0006860 seconds, Stopping threads took: 0.0000510 seconds
89.058: Application time: 0.1423440 seconds
89.059: [GC [PSYoungGen: 23968K->288K(24064K)] 80972K->57637K(107008K), 0.0006720 secs] [Times: user=0.00 sys=0.00, real=0.00 secs] 
89.059: Total time for which application threads were stopped: 0.0008170 seconds, Stopping threads took: 0.0000610 seconds
89.203: Application time: 0.1433800 seconds
89.203: [GC [PSYoungGen: 23840K->256K(24064K)] 81189K->57685K(107008K), 0.0020250 secs] [Times: user=0.00 sys=0.00, real=0.00 secs] 
89.205: Total time for which application threads were stopped: 0.0021630 seconds, Stopping threads took: 0.0000570 seconds
89.349: Application time: 0.1437920 seconds
89.349: [GC [PSYoungGen: 23808K->256K(24064K)] 81237K->57685K(107008K), 0.0005250 secs] [Times: user=0.00 sys=0.00, real=0.00 secs] 
89.349: Total time for which application threads were stopped: 0.0006680 seconds, Stopping threads took: 0.0000640 seconds
89.492: Application time: 0.1425430 seconds
89.492: [GC [PSYoungGen: 23808K->256K(24064K)] 81237K->57853K(107008K), 0.0005350 secs] [Times: user=0.00 sys=0.00, real=0.00 secs] 
89.492: Total time for which application threads were stopped: 0.0006750 seconds, Stopping threads took: 0.0000600 seconds
89.636: Application time: 0.1430420 seconds
89.636: [GC [PSYoungGen: 23808K->256K(24064K)] 81405K->57877K(107008K), 0.0005150 secs] [Times: user=0.00 sys=0.00, real=0.00 secs] 
89.636: Total time for which application threads were stopped: 0.0006500 seconds, Stopping threads took: 0.0000590 seconds
89.776: Application time: 0.1396320 seconds
89.776: [GC [PSYoungGen: 23808K->480K(24064K)] 81429K->58101K(107008K), 0.0006530 secs] [Times: user=0.00 sys=0.00, real=0.00 secs] 
89.777: Total time for which application threads were stopped: 0.0007910 seconds, Stopping threads took: 0.0000620 seconds
89.920: Application time: 0.1430820 seconds
89.920: [GC [PSYoungGen: 24032K->288K(24064K)] 81653K->58245K(107008K), 0.0005820 secs] [Times: user=0.00 sys=0.00, real=0.00 secs] 
89.920: Total time for which application threads were stopped: 0.0007270 seconds, Stopping threads took: 0.0000610 seconds
90.064: Application time: 0.1433580 seconds
90.064: [GC [PSYoungGen: 23840K->256K(24064K)] 81797K->58293K(107008K), 0.0005220 secs] [Times: user=0.00 sys=0.00, real=0.00 secs] 
90.064: Total time for which application threads were stopped: 0.0006600 seconds, Stopping threads took: 0.0000600 seconds
90.207: Application time: 0.1424760 seconds
90.207: [GC [PSYoungGen: 23808K->256K(24064K)] 81845K->58293K(107008K), 0.0005590 secs] [Times: user=0.00 sys=0.00, real=0.01 secs] 
90.208: Total time for which application threads were stopped: 0.0006960 seconds, Stopping threads took: 0.0000580 seconds
90.351: Application time: 0.1432360 seconds
90.351: [GC [PSYoungGen: 23808K->256K(24064K)] 81845K->58453K(107008K), 0.0005380 secs] [Times: user=0.00 sys=0.00, real=0.00 secs] 
90.352: Total time for which application threads were stopped: 0.0006750 seconds, Stopping threads took: 0.0000650 seconds
90.495: Application time: 0.1438350 seconds
90.495: [GC [PSYoungGen: 23808K->256K(24064K)] 82005K->58477K(107008K), 0.0005260 secs] [Times: user=0.00 sys=0.00, real=0.00 secs] 
90.496: Total time for which application threads were stopped: 0.0006720 seconds, Stopping threads took: 0.0000580 seconds
90.634: Application time: 0.1384470 seconds
90.635: [GC [PSYoungGen: 23808K->432K(24064K)] 82029K->58653K(107008K), 0.0006010 secs] [Times: user=0.00 sys=0.00, real=0.00 secs] 
90.635: Total time for which application threads were stopped: 0.0007350 seconds, Stopping threads took: 0.0000590 seconds
90.778: Application time: 0.1424830 seconds
90.778: [GC [PSYoungGen: 23984K->256K(24064K)] 82205K->58814K(107008K), 0.0005890 secs] [Times: user=0.00 sys=0.00, real=0.00 secs] 
90.778: Total time for which application threads were stopped: 0.0007240 seconds, Stopping threads took: 0.0000630 seconds
90.922: Application time: 0.1439600 seconds
90.923: [GC [PSYoungGen: 23808K->256K(24064K)] 82366K->58878K(107008K), 0.0004860 secs] [Times: user=0.00 sys=0.00, real=0.00 secs] 
90.923: Total time for which application threads were stopped: 0.0006170 seconds, Stopping threads took: 0.0000520 seconds
91.066: Application time: 0.1428270 seconds
91.066: [GC [PSYoungGen: 23808K->256K(24064K)] 82430K->58878K(107008K), 0.0005730 secs] [Times: user=0.00 sys=0.00, real=0.00 secs] 
91.067: Total time for which application threads were stopped: 0.0007390 seconds, Stopping threads took: 0.0000660 seconds
91.209: Application time: 0.1428000 seconds
91.210: [GC [PSYoungGen: 23808K->256K(24064K)] 82430K->59046K(107008K), 0.0005400 secs] [Times: user=0.00 sys=0.00, real=0.00 secs] 
91.210: Total time for which application threads were stopped: 0.0006820 seconds, Stopping threads took: 0.0000700 seconds
91.353: Application time: 0.1432400 seconds
91.353: [GC [PSYoungGen: 23808K->256K(24064K)] 82598K->59070K(107008K), 0.0004830 secs] [Times: user=0.00 sys=0.00, real=0.00 secs] 
91.354: Total time for which application threads were stopped: 0.0006220 seconds, Stopping threads took: 0.0000670 seconds
91.493: Application time: 0.1390190 seconds
91.493: [GC [PSYoungGen: 23808K->448K(24064K)] 82622K->59262K(107008K), 0.0005640 secs] [Times: user=0.00 sys=0.00, real=0.00 secs] 
91.494: Total time for which application threads were stopped: 0.0007100 seconds, Stopping threads took: 0.0000660 seconds
91.637: Application time: 0.1429740 seconds
91.637: [GC [PSYoungGen: 24000K->256K(24064K)] 82814K->59414K(107008K), 0.0006060 secs] [Times: user=0.00 sys=0.00, real=0.00 secs] 
91.637: Total time for which application threads were stopped: 0.0007750 seconds, Stopping threads took: 0.0000810 seconds
91.781: Application time: 0.1433040 seconds
91.781: [GC [PSYoungGen: 23808K->192K(24064K)] 82966K->59430K(107008K), 0.0005120 secs] [Times: user=0.00 sys=0.00, real=0.00 secs] 
91.781: Total time for which application threads were stopped: 0.0006520 seconds, Stopping threads took: 0.0000660 seconds
91.924: Application time: 0.1428440 seconds
91.924: [GC [PSYoungGen: 23744K->176K(24064K)] 82982K->59414K(107008K), 0.0005440 secs] [Times: user=0.00 sys=0.00, real=0.00 secs] 
91.925: Total time for which application threads were stopped: 0.0006840 seconds, Stopping threads took: 0.0000700 seconds
92.068: Application time: 0.1434560 seconds
92.068: [GC [PSYoungGen: 23728K->224K(24064K)] 82966K->59614K(107008K), 0.0005710 secs] [Times: user=0.00 sys=0.00, real=0.00 secs] 
92.069: Total time for which application threads were stopped: 0.0007130 seconds, Stopping threads took: 0.0000690 seconds
92.212: Application time: 0.1426980 seconds
92.212: [GC [PSYoungGen: 23776K->256K(24064K)] 83166K->59670K(107008K), 0.0005380 secs] [Times: user=0.00 sys=0.00, real=0.00 secs] 
92.212: Total time for which application threads were stopped: 0.0006770 seconds, Stopping threads took: 0.0000530 seconds
92.351: Application time: 0.1389810 seconds
92.352: [GC [PSYoungGen: 23808K->480K(24064K)] 83222K->59894K(107008K), 0.0005720 secs] [Times: user=0.00 sys=0.00, real=0.00 secs] 
92.352: Total time for which application threads were stopped: 0.0007010 seconds, Stopping threads took: 0.0000540 seconds
92.495: Application time: 0.1430390 seconds
92.495: [GC [PSYoungGen: 24032K->272K(24064K)] 83446K->60031K(107008K), 0.0006480 secs] [Times: user=0.00 sys=0.00, real=0.00 secs] 
92.496: Total time for which application threads were stopped: 0.0007950 seconds, Stopping threads took: 0.0000690 seconds
92.639: Application time: 0.1429780 seconds
92.639: [GC [PSYoungGen: 23824K->192K(24064K)] 83583K->60015K(107008K), 0.0005410 secs] [Times: user=0.00 sys=0.01, real=0.00 secs] 
92.640: Total time for which application threads were stopped: 0.0006820 seconds, Stopping threads took: 0.0000580 seconds
92.770: Application time: 0.1303900 seconds
92.770: [GC [PSYoungGen: 23744K->256K(24064K)] 83567K->60079K(107008K), 0.0005390 secs] [Times: user=0.01 sys=0.00, real=0.00 secs] 
92.771: Total time for which application threads were stopped: 0.0006780 seconds, Stopping threads took: 0.0000520 seconds
92.901: Application time: 0.1304550 seconds
92.901: [GC [PSYoungGen: 23808K->256K(24064K)] 83631K->60239K(107008K), 0.0005250 secs] [Times: user=0.00 sys=0.00, real=0.00 secs] 
92.902: Total time for which application threads were stopped: 0.0006550 seconds, Stopping threads took: 0.0000590 seconds
93.033: Application time: 0.1307130 seconds
93.033: [GC [PSYoungGen: 23808K->160K(24064K)] 83791K->60167K(107008K), 0.0005100 secs] [Times: user=0.01 sys=0.00, real=0.00 secs] 
93.033: Total time for which application threads were stopped: 0.0006440 seconds, Stopping threads took: 0.0000610 seconds
93.159: Application time: 0.1261120 seconds
93.159: [GC [PSYoungGen: 23712K->432K(24064K)] 83719K->60439K(107008K), 0.0006230 secs] [Times: user=0.00 sys=0.00, real=0.00 secs] 
93.160: Total time for which application threads were stopped: 0.0007630 seconds, Stopping threads took: 0.0000640 seconds
93.289: Application time: 0.1287260 seconds
93.289: [GC [PSYoungGen: 23984K->256K(24064K)] 83991K->60611K(107008K), 0.0005800 secs] [Times: user=0.01 sys=0.00, real=0.00 secs] 
93.290: Total time for which application threads were stopped: 0.0007280 seconds, Stopping threads took: 0.0000580 seconds
93.420: Application time: 0.1306870 seconds
93.420: [GC [PSYoungGen: 23808K->160K(24064K)] 84163K->60587K(107008K), 0.0005180 secs] [Times: user=0.00 sys=0.00, real=0.00 secs] 
93.421: Total time for which application threads were stopped: 0.0006420 seconds, Stopping threads took: 0.0000550 seconds
93.551: Application time: 0.1297580 seconds
93.551: [GC [PSYoungGen: 23712K->256K(24064K)] 84139K->60683K(107008K), 0.0004860 secs] [Times: user=0.00 sys=0.00, real=0.00 secs] 
93.551: Total time for which application threads were stopped: 0.0006230 seconds, Stopping threads took: 0.0000640 seconds
93.681: Application time: 0.1299500 seconds
93.681: [GC [PSYoungGen: 23808K->192K(24064K)] 84235K->60779K(107008K), 0.0005490 secs] [Times: user=0.00 sys=0.00, real=0.00 secs] 
93.682: Total time for which application threads were stopped: 0.0006780 seconds, Stopping threads took: 0.0000530 seconds
93.812: Application time: 0.1302260 seconds
93.812: [GC [PSYoungGen: 23744K->160K(24064K)] 84331K->60771K(107008K), 0.0005100 secs] [Times: user=0.00 sys=0.00, real=0.00 secs] 
93.813: Total time for which application threads were stopped: 0.0006660 seconds, Stopping threads took: 0.0000730 seconds
93.940: Application time: 0.1271070 seconds
93.940: [GC [PSYoungGen: 23712K->448K(24064K)] 84323K->61059K(107008K), 0.0005730 secs] [Times: user=0.00 sys=0.00, real=0.00 secs] 
93.941: Total time for which application threads were stopped: 0.0007180 seconds, Stopping threads took: 0.0000680 seconds
94.070: Application time: 0.1298610 seconds
94.071: [GC [PSYoungGen: 24000K->256K(24064K)] 84611K->61224K(107008K), 0.0005670 secs] [Times: user=0.00 sys=0.00, real=0.00 secs] 
94.071: Total time for which application threads were stopped: 0.0006930 seconds, Stopping threads took: 0.0000540 seconds
94.202: Application time: 0.1303440 seconds
94.202: [GC [PSYoungGen: 23808K->192K(24064K)] 84776K->61224K(107008K), 0.0005540 secs] [Times: user=0.00 sys=0.00, real=0.00 secs] 
94.203: Total time for which application threads were stopped: 0.0016970 seconds, Stopping threads took: 0.0000520 seconds
94.333: Application time: 0.1296520 seconds
94.333: [GC [PSYoungGen: 23744K->256K(24064K)] 84776K->61288K(107008K), 0.0005670 secs] [Times: user=0.00 sys=0.00, real=0.00 secs] 
94.334: Total time for which application threads were stopped: 0.0007100 seconds, Stopping threads took: 0.0000630 seconds
94.465: Application time: 0.1309510 seconds
94.465: [GC [PSYoungGen: 23808K->256K(24064K)] 84840K->61456K(107008K), 0.0005590 secs] [Times: user=0.00 sys=0.00, real=0.00 secs] 
94.465: Total time for which application threads were stopped: 0.0006940 seconds, Stopping threads took: 0.0000610 seconds
94.596: Application time: 0.1304320 seconds
94.596: [GC [PSYoungGen: 23808K->256K(24064K)] 85008K->61480K(107008K), 0.0004500 secs] [Times: user=0.00 sys=0.00, real=0.00 secs] 
94.596: Total time for which application threads were stopped: 0.0005770 seconds, Stopping threads took: 0.0000560 seconds
94.723: Application time: 0.1271480 seconds
94.723: [GC [PSYoungGen: 23808K->416K(24064K)] 85032K->61640K(107008K), 0.0005960 secs] [Times: user=0.00 sys=0.00, real=0.00 secs] 
94.724: Total time for which application threads were stopped: 0.0007330 seconds, Stopping threads took: 0.0000630 seconds
94.854: Application time: 0.1299880 seconds
94.854: [GC [PSYoungGen: 23968K->192K(24064K)] 85192K->61752K(107008K), 0.0006900 secs] [Times: user=0.00 sys=0.00, real=0.00 secs] 
94.855: Total time for which application threads were stopped: 0.0008500 seconds, Stopping threads took: 0.0000710 seconds
94.985: Application time: 0.1298760 seconds
94.985: [GC [PSYoungGen: 23744K->256K(24064K)] 85304K->61896K(107008K), 0.0004740 secs] [Times: user=0.00 sys=0.00, real=0.00 secs] 
94.985: Total time for which application threads were stopped: 0.0006130 seconds, Stopping threads took: 0.0000630 seconds
95.115: Application time: 0.1291430 seconds
95.115: [GC [PSYoungGen: 23808K->192K(24064K)] 85448K->61832K(107008K), 0.0005870 secs] [Times: user=0.00 sys=0.00, real=0.01 secs] 
95.115: Total time for which application threads were stopped: 0.0007220 seconds, Stopping threads took: 0.0000570 seconds
95.245: Application time: 0.1301320 seconds
95.246: [GC [PSYoungGen: 23744K->224K(24064K)] 85384K->62024K(107008K), 0.0005320 secs] [Times: user=0.00 sys=0.00, real=0.00 secs] 
95.246: Total time for which application threads were stopped: 0.0006660 seconds, Stopping threads took: 0.0000580 seconds
95.377: Application time: 0.1304090 seconds
95.377: [GC [PSYoungGen: 23776K->256K(24064K)] 85576K->62080K(107008K), 0.0004920 secs] [Times: user=0.00 sys=0.00, real=0.00 secs] 
95.377: Total time for which application threads were stopped: 0.0006350 seconds, Stopping threads took: 0.0000550 seconds
95.503: Application time: 0.1262100 seconds
95.503: [GC [PSYoungGen: 23808K->448K(24064K)] 85632K->62272K(107008K), 0.0005730 secs] [Times: user=0.00 sys=0.00, real=0.00 secs] 
95.504: Total time for which application threads were stopped: 0.0007060 seconds, Stopping threads took: 0.0000550 seconds
95.634: Application time: 0.1294280 seconds
95.634: [GC [PSYoungGen: 24000K->256K(24064K)] 85824K->62421K(107008K), 0.0005880 secs] [Times: user=0.00 sys=0.00, real=0.00 secs] 
95.634: Total time for which application threads were stopped: 0.0007290 seconds, Stopping threads took: 0.0000610 seconds
95.765: Application time: 0.1302710 seconds
95.765: [GC [PSYoungGen: 23808K->256K(24064K)] 85973K->62493K(107008K), 0.0004950 secs] [Times: user=0.00 sys=0.00, real=0.00 secs] 
95.765: Total time for which application threads were stopped: 0.0006310 seconds, Stopping threads took: 0.0000560 seconds
95.895: Application time: 0.1300210 seconds
95.895: [GC [PSYoungGen: 23808K->256K(24064K)] 86045K->62493K(107008K), 0.0005560 secs] [Times: user=0.00 sys=0.00, real=0.00 secs] 
95.896: Total time for which application threads were stopped: 0.0007080 seconds, Stopping threads took: 0.0000630 seconds
96.026: Application time: 0.1300860 seconds
96.027: [GC [PSYoungGen: 23808K->256K(24064K)] 86045K->62661K(107008K), 0.0005510 secs] [Times: user=0.00 sys=0.00, real=0.00 secs] 
96.028: Total time for which application threads were stopped: 0.0019610 seconds, Stopping threads took: 0.0013360 seconds
96.159: Application time: 0.1309630 seconds
96.159: [GC [PSYoungGen: 23808K->256K(24064K)] 86213K->62685K(107008K), 0.0004830 secs] [Times: user=0.00 sys=0.00, real=0.00 secs] 
96.160: Total time for which application threads were stopped: 0.0006140 seconds, Stopping threads took: 0.0000530 seconds
96.286: Application time: 0.1264130 seconds
96.286: [GC [PSYoungGen: 23808K->464K(24064K)] 86237K->62893K(107008K), 0.0005800 secs] [Times: user=0.01 sys=0.00, real=0.00 secs] 
96.287: Total time for which application threads were stopped: 0.0007290 seconds, Stopping threads took: 0.0000700 seconds
96.417: Application time: 0.1298740 seconds
96.417: [GC [PSYoungGen: 24016K->256K(24064K)] 86445K->63021K(107008K), 0.0005700 secs] [Times: user=0.00 sys=0.00, real=0.00 secs] 
96.417: Total time for which application threads were stopped: 0.0007130 seconds, Stopping threads took: 0.0000550 seconds
96.547: Application time: 0.1296330 seconds
96.547: [GC [PSYoungGen: 23808K->256K(24064K)] 86573K->63101K(107008K), 0.0005140 secs] [Times: user=0.00 sys=0.00, real=0.01 secs] 
96.548: Total time for which application threads were stopped: 0.0006570 seconds, Stopping threads took: 0.0000540 seconds
96.677: Application time: 0.1294950 seconds
96.677: [GC [PSYoungGen: 23808K->224K(24064K)] 86653K->63069K(107008K), 0.0005260 secs] [Times: user=0.00 sys=0.00, real=0.00 secs] 
96.678: Total time for which application threads were stopped: 0.0006550 seconds, Stopping threads took: 0.0000560 seconds
96.808: Application time: 0.1299720 seconds
96.808: [GC [PSYoungGen: 23776K->192K(24064K)] 86621K->63197K(107008K), 0.0005290 secs] [Times: user=0.00 sys=0.00, real=0.00 secs] 
96.808: Total time for which application threads were stopped: 0.0006680 seconds, Stopping threads took: 0.0000600 seconds
96.939: Application time: 0.1310160 seconds
96.939: [GC [PSYoungGen: 23744K->224K(24064K)] 86749K->63253K(107008K), 0.0004980 secs] [Times: user=0.01 sys=0.00, real=0.00 secs] 
96.940: Total time for which application threads were stopped: 0.0006390 seconds, Stopping threads took: 0.0000570 seconds
97.066: Application time: 0.1256090 seconds
97.066: [GC [PSYoungGen: 23776K->480K(24064K)] 86805K->63509K(107008K), 0.0006270 secs] [Times: user=0.00 sys=0.00, real=0.00 secs] 
97.066: Total time for which application threads were stopped: 0.0007620 seconds, Stopping threads took: 0.0000550 seconds
97.196: Application time: 0.1298770 seconds
97.196: [GC [PSYoungGen: 24032K->256K(24064K)] 87061K->63634K(107008K), 0.0005890 secs] [Times: user=0.00 sys=0.00, real=0.00 secs] 
97.197: Total time for which application threads were stopped: 0.0007300 seconds, Stopping threads took: 0.0000670 seconds
97.327: Application time: 0.1301750 seconds
97.327: [GC [PSYoungGen: 23808K->256K(24064K)] 87186K->63714K(107008K), 0.0004980 secs] [Times: user=0.01 sys=0.00, real=0.00 secs] 
97.328: Total time for which application threads were stopped: 0.0006390 seconds, Stopping threads took: 0.0000590 seconds
97.458: Application time: 0.1297390 seconds
97.458: [GC [PSYoungGen: 23808K->240K(24064K)] 87266K->63698K(107008K), 0.0005700 secs] [Times: user=0.01 sys=0.00, real=0.00 secs] 
97.458: Total time for which application threads were stopped: 0.0007140 seconds, Stopping threads took: 0.0000520 seconds
97.589: Application time: 0.1304510 seconds
97.589: [GC [PSYoungGen: 23792K->256K(24064K)] 87250K->63882K(107008K), 0.0005240 secs] [Times: user=0.00 sys=0.00, real=0.00 secs] 
97.589: Total time for which application threads were stopped: 0.0006580 seconds, Stopping threads took: 0.0000550 seconds
97.720: Application time: 0.1301970 seconds
97.720: [GC [PSYoungGen: 23808K->192K(24064K)] 87434K->63842K(107008K), 0.0005300 secs] [Times: user=0.01 sys=0.00, real=0.00 secs] 
97.720: Total time for which application threads were stopped: 0.0006700 seconds, Stopping threads took: 0.0000620 seconds
97.847: Application time: 0.1268700 seconds
97.847: [GC [PSYoungGen: 23744K->464K(24064K)] 87394K->64114K(107008K), 0.0005660 secs] [Times: user=0.00 sys=0.00, real=0.01 secs] 
97.848: Total time for which application threads were stopped: 0.0007000 seconds, Stopping threads took: 0.0000580 seconds
97.977: Application time: 0.1291970 seconds
97.977: [GC [PSYoungGen: 24016K->256K(24064K)] 87666K->64258K(107008K), 0.0005890 secs] [Times: user=0.00 sys=0.00, real=0.00 secs] 
97.978: Total time for which application threads were stopped: 0.0007400 seconds, Stopping threads took: 0.0000570 seconds
98.108: Application time: 0.1297760 seconds
98.108: [GC [PSYoungGen: 23808K->256K(24064K)] 87810K->64346K(107008K), 0.0005260 secs] [Times: user=0.00 sys=0.00, real=0.00 secs] 
98.108: Total time for which application threads were stopped: 0.0006640 seconds, Stopping threads took: 0.0000610 seconds
98.238: Application time: 0.1298180 seconds
98.238: [GC [PSYoungGen: 23808K->256K(24064K)] 87898K->64346K(107008K), 0.0005220 secs] [Times: user=0.00 sys=0.00, real=0.00 secs] 
98.239: Total time for which application threads were stopped: 0.0006520 seconds, Stopping threads took: 0.0000540 seconds
98.369: Application time: 0.1304000 seconds
98.371: [GC [PSYoungGen: 23808K->256K(24064K)] 87898K->64514K(107008K), 0.0005270 secs] [Times: user=0.00 sys=0.00, real=0.00 secs] 
98.372: Total time for which application threads were stopped: 0.0028140 seconds, Stopping threads took: 0.0022110 seconds
98.503: Application time: 0.1310180 seconds
98.503: [GC [PSYoungGen: 23808K->224K(24064K)] 88066K->64506K(107008K), 0.0004690 secs] [Times: user=0.00 sys=0.00, real=0.00 secs] 
98.504: Total time for which application threads were stopped: 0.0006290 seconds, Stopping threads took: 0.0000710 seconds
98.630: Application time: 0.1264230 seconds
98.630: [GC [PSYoungGen: 23776K->448K(24064K)] 88058K->64730K(107008K), 0.0005760 secs] [Times: user=0.00 sys=0.00, real=0.00 secs] 
98.631: Total time for which application threads were stopped: 0.0007180 seconds, Stopping threads took: 0.0000660 seconds
98.761: Application time: 0.1298950 seconds
98.761: [GC [PSYoungGen: 24000K->256K(24064K)] 88282K->64875K(107008K), 0.0006000 secs] [Times: user=0.00 sys=0.00, real=0.00 secs] 
98.761: Total time for which application threads were stopped: 0.0007420 seconds, Stopping threads took: 0.0000600 seconds
98.891: Application time: 0.1301570 seconds
98.892: [GC [PSYoungGen: 23808K->256K(24064K)] 88427K->64963K(107008K), 0.0004730 secs] [Times: user=0.00 sys=0.00, real=0.00 secs] 
98.892: Total time for which application threads were stopped: 0.0005960 seconds, Stopping threads took: 0.0000510 seconds
99.022: Application time: 0.1299770 seconds
99.022: [GC [PSYoungGen: 23808K->256K(24064K)] 88515K->64963K(107008K), 0.0005390 secs] [Times: user=0.00 sys=0.00, real=0.00 secs] 
99.023: Total time for which application threads were stopped: 0.0006760 seconds, Stopping threads took: 0.0000510 seconds
99.152: Application time: 0.1295070 seconds
99.152: [GC [PSYoungGen: 23808K->224K(24064K)] 88515K->65091K(107008K), 0.0005490 secs] [Times: user=0.01 sys=0.00, real=0.00 secs] 
99.153: Total time for which application threads were stopped: 0.0006810 seconds, Stopping threads took: 0.0000540 seconds
99.284: Application time: 0.1306540 seconds
99.284: [GC [PSYoungGen: 23776K->224K(24064K)] 88643K->65115K(107008K), 0.0005370 secs] [Times: user=0.00 sys=0.00, real=0.00 secs] 
99.285: Total time for which application threads were stopped: 0.0017120 seconds, Stopping threads took: 0.0000610 seconds
99.412: Application time: 0.1264920 seconds
99.412: [GC [PSYoungGen: 23776K->448K(24064K)] 88667K->65339K(107008K), 0.0005670 secs] [Times: user=0.00 sys=0.00, real=0.00 secs] 
99.412: Total time for which application threads were stopped: 0.0006900 seconds, Stopping threads took: 0.0000460 seconds
99.542: Application time: 0.1297380 seconds
99.542: [GC [PSYoungGen: 24000K->256K(24064K)] 88891K->65495K(107008K), 0.0005680 secs] [Times: user=0.01 sys=0.00, real=0.00 secs] 
99.543: Total time for which application threads were stopped: 0.0007100 seconds, Stopping threads took: 0.0000570 seconds
99.673: Application time: 0.1301550 seconds
99.673: [GC [PSYoungGen: 23808K->256K(24064K)] 89047K->65583K(107008K), 0.0005010 secs] [Times: user=0.00 sys=0.00, real=0.00 secs] 
99.674: Total time for which application threads were stopped: 0.0006310 seconds, Stopping threads took: 0.0000530 seconds
99.803: Application time: 0.1294800 seconds
99.803: [GC [PSYoungGen: 23808K->256K(24064K)] 89135K->65583K(107008K), 0.0004940 secs] [Times: user=0.00 sys=0.00, real=0.00 secs] 
99.804: Total time for which application threads were stopped: 0.0006330 seconds, Stopping threads took: 0.0000620 seconds
99.934: Application time: 0.1303190 seconds
99.934: [GC [PSYoungGen: 23808K->256K(24064K)] 89135K->65735K(107008K), 0.0005310 secs] [Times: user=0.00 sys=0.00, real=0.00 secs] 
99.935: Total time for which application threads were stopped: 0.0006720 seconds, Stopping threads took: 0.0000610 seconds
100.065: Application time: 0.1305960 seconds
100.066: [GC [PSYoungGen: 23808K->256K(24064K)] 89287K->65759K(107008K), 0.0004990 secs] [Times: user=0.00 sys=0.00, real=0.00 secs] 
100.066: Total time for which application threads were stopped: 0.0006440 seconds, Stopping threads took: 0.0000540 seconds
100.192: Application time: 0.1260260 seconds
100.192: [GC [PSYoungGen: 23808K->400K(24064K)] 89311K->65904K(107008K), 0.0006390 secs] [Times: user=0.01 sys=0.00, real=0.00 secs] 
100.193: Total time for which application threads were stopped: 0.0007700 seconds, Stopping threads took: 0.0000520 seconds
100.322: Application time: 0.1287520 seconds
100.322: [GC [PSYoungGen: 23952K->256K(24064K)] 89456K->66108K(107008K), 0.0005930 secs] [Times: user=0.00 sys=0.00, real=0.00 secs] 
100.322: Total time for which application threads were stopped: 0.0007580 seconds, Stopping threads took: 0.0000850 seconds
100.453: Application time: 0.1305200 seconds
100.453: [GC [PSYoungGen: 23808K->224K(24064K)] 89660K->66156K(107008K), 0.0005660 secs] [Times: user=0.01 sys=0.00, real=0.00 secs] 
100.454: Total time for which application threads were stopped: 0.0007030 seconds, Stopping threads took: 0.0000600 seconds
100.583: Application time: 0.1297070 seconds
100.583: [GC [PSYoungGen: 23776K->256K(24064K)] 89708K->66188K(107008K), 0.0005220 secs] [Times: user=0.00 sys=0.00, real=0.00 secs] 
100.584: Total time for which application threads were stopped: 0.0006690 seconds, Stopping threads took: 0.0000620 seconds
100.720: Application time: 0.1358570 seconds
100.723: [GC [PSYoungGen: 23808K->256K(24064K)] 89740K->66356K(107008K), 0.0005740 secs] [Times: user=0.00 sys=0.00, real=0.00 secs] 
100.724: Total time for which application threads were stopped: 0.0040890 seconds, Stopping threads took: 0.0034350 seconds
100.867: Application time: 0.1429390 seconds
100.867: [GC [PSYoungGen: 23808K->256K(24064K)] 89908K->66380K(107008K), 0.0004940 secs] [Times: user=0.00 sys=0.01, real=0.01 secs] 
100.868: Total time for which application threads were stopped: 0.0006450 seconds, Stopping threads took: 0.0000750 seconds
101.007: Application time: 0.1391470 seconds
101.007: [GC [PSYoungGen: 23808K->448K(24064K)] 89932K->66572K(107008K), 0.0006260 secs] [Times: user=0.01 sys=0.00, real=0.01 secs] 
101.007: Total time for which application threads were stopped: 0.0007610 seconds, Stopping threads took: 0.0000520 seconds
101.150: Application time: 0.1426860 seconds
101.150: [GC [PSYoungGen: 24000K->192K(24064K)] 90124K->66660K(107008K), 0.0006870 secs] [Times: user=0.01 sys=0.00, real=0.00 secs] 
101.151: Total time for which application threads were stopped: 0.0008520 seconds, Stopping threads took: 0.0000730 seconds
101.294: Application time: 0.1431060 seconds
101.294: [GC [PSYoungGen: 23744K->256K(24064K)] 90212K->66812K(107008K), 0.0005120 secs] [Times: user=0.00 sys=0.00, real=0.00 secs] 
101.295: Total time for which application threads were stopped: 0.0006470 seconds, Stopping threads took: 0.0000540 seconds
101.437: Application time: 0.1421940 seconds
101.437: [GC [PSYoungGen: 23808K->256K(24064K)] 90364K->66812K(107008K), 0.0005400 secs] [Times: user=0.00 sys=0.00, real=0.00 secs] 
101.438: Total time for which application threads were stopped: 0.0006950 seconds, Stopping threads took: 0.0000750 seconds
101.582: Application time: 0.1439270 seconds
101.582: [GC [PSYoungGen: 23808K->256K(24064K)] 90364K->66980K(107008K), 0.0005230 secs] [Times: user=0.01 sys=0.00, real=0.00 secs] 
101.582: Total time for which application threads were stopped: 0.0006640 seconds, Stopping threads took: 0.0000620 seconds
101.726: Application time: 0.1436900 seconds
101.726: [GC [PSYoungGen: 23808K->256K(24064K)] 90532K->67005K(107008K), 0.0005320 secs] [Times: user=0.00 sys=0.00, real=0.00 secs] 
101.727: Total time for which application threads were stopped: 0.0006870 seconds, Stopping threads took: 0.0000640 seconds
101.867: Application time: 0.1401740 seconds
101.867: [GC [PSYoungGen: 23808K->448K(24064K)] 90557K->67197K(107008K), 0.0005640 secs] [Times: user=0.00 sys=0.00, real=0.01 secs] 
101.867: Total time for which application threads were stopped: 0.0007000 seconds, Stopping threads took: 0.0000630 seconds
102.011: Application time: 0.1432030 seconds
102.011: [GC [PSYoungGen: 24000K->256K(24064K)] 90749K->67353K(107008K), 0.0006160 secs] [Times: user=0.00 sys=0.00, real=0.00 secs] 
102.011: Total time for which application threads were stopped: 0.0007730 seconds, Stopping threads took: 0.0000670 seconds
102.155: Application time: 0.1431550 seconds
102.155: [GC [PSYoungGen: 23808K->256K(24064K)] 90905K->67441K(107008K), 0.0005050 secs] [Times: user=0.00 sys=0.00, real=0.00 secs] 
102.155: Total time for which application threads were stopped: 0.0006460 seconds, Stopping threads took: 0.0000550 seconds
102.298: Application time: 0.1423600 seconds
102.298: [GC [PSYoungGen: 23808K->256K(24064K)] 90993K->67441K(107008K), 0.0005300 secs] [Times: user=0.00 sys=0.00, real=0.00 secs] 
102.298: Total time for which application threads were stopped: 0.0006630 seconds, Stopping threads took: 0.0000500 seconds
102.442: Application time: 0.1439330 seconds
102.442: [GC [PSYoungGen: 23808K->224K(24064K)] 90993K->67569K(107008K), 0.0005830 secs] [Times: user=0.00 sys=0.00, real=0.00 secs] 
102.443: Total time for which application threads were stopped: 0.0007330 seconds, Stopping threads took: 0.0000660 seconds
102.586: Application time: 0.1430410 seconds
102.586: [GC [PSYoungGen: 23776K->256K(24064K)] 91121K->67625K(107008K), 0.0005290 secs] [Times: user=0.00 sys=0.00, real=0.00 secs] 
102.587: Total time for which application threads were stopped: 0.0006840 seconds, Stopping threads took: 0.0000720 seconds
102.726: Application time: 0.1389800 seconds
102.726: [GC [PSYoungGen: 23808K->496K(24064K)] 91177K->67865K(107008K), 0.0005820 secs] [Times: user=0.00 sys=0.00, real=0.00 secs] 
102.726: Total time for which application threads were stopped: 0.0007120 seconds, Stopping threads took: 0.0000530 seconds
102.869: Application time: 0.1430510 seconds
102.870: [GC [PSYoungGen: 24048K->256K(24064K)] 91417K->67969K(107008K), 0.0005630 secs] [Times: user=0.00 sys=0.00, real=0.00 secs] 
102.870: Total time for which application threads were stopped: 0.0007110 seconds, Stopping threads took: 0.0000610 seconds
103.014: Application time: 0.1435860 seconds
103.014: [GC [PSYoungGen: 23808K->256K(24064K)] 91521K->68049K(107008K), 0.0005010 secs] [Times: user=0.00 sys=0.00, real=0.00 secs] 
103.014: Total time for which application threads were stopped: 0.0006400 seconds, Stopping threads took: 0.0000610 seconds
103.156: Application time: 0.1419480 seconds
103.156: [GC [PSYoungGen: 23808K->256K(24064K)] 91601K->68049K(107008K), 0.0005100 secs] [Times: user=0.00 sys=0.00, real=0.00 secs] 
103.157: Total time for which application threads were stopped: 0.0006660 seconds, Stopping threads took: 0.0000740 seconds
103.300: Application time: 0.1429270 seconds
103.300: [GC [PSYoungGen: 23808K->256K(24064K)] 91601K->68218K(107008K), 0.0005370 secs] [Times: user=0.00 sys=0.00, real=0.00 secs] 
103.301: Total time for which application threads were stopped: 0.0006770 seconds, Stopping threads took: 0.0000640 seconds
103.444: Application time: 0.1433660 seconds
103.444: [GC [PSYoungGen: 23808K->256K(24064K)] 91770K->68242K(107008K), 0.0005250 secs] [Times: user=0.00 sys=0.00, real=0.00 secs] 
103.445: Total time for which application threads were stopped: 0.0006900 seconds, Stopping threads took: 0.0000760 seconds
103.584: Application time: 0.1392900 seconds
103.584: [GC [PSYoungGen: 23808K->432K(24064K)] 91794K->68418K(107008K), 0.0005820 secs] [Times: user=0.00 sys=0.00, real=0.00 secs] 
103.585: Total time for which application threads were stopped: 0.0007140 seconds, Stopping threads took: 0.0000550 seconds
103.728: Application time: 0.1428930 seconds
103.728: [GC [PSYoungGen: 23984K->256K(24064K)] 91970K->68594K(107008K), 0.0006110 secs] [Times: user=0.01 sys=0.00, real=0.00 secs] 
103.728: Total time for which application threads were stopped: 0.0007600 seconds, Stopping threads took: 0.0000630 seconds
103.872: Application time: 0.1435360 seconds
103.872: [GC [PSYoungGen: 23808K->256K(24064K)] 92146K->68666K(107008K), 0.0005270 secs] [Times: user=0.00 sys=0.00, real=0.00 secs] 
103.873: Total time for which application threads were stopped: 0.0006600 seconds, Stopping threads took: 0.0000580 seconds
104.015: Application time: 0.1428590 seconds
104.015: [GC [PSYoungGen: 23808K->256K(24064K)] 92218K->68666K(107008K), 0.0005080 secs] [Times: user=0.01 sys=0.00, real=0.00 secs] 
104.016: Total time for which application threads were stopped: 0.0006470 seconds, Stopping threads took: 0.0000520 seconds
104.159: Application time: 0.1431510 seconds
104.159: [GC [PSYoungGen: 23808K->256K(24064K)] 92218K->68834K(107008K), 0.0005520 secs] [Times: user=0.00 sys=0.00, real=0.00 secs] 
104.160: Total time for which application threads were stopped: 0.0006970 seconds, Stopping threads took: 0.0000560 seconds
104.303: Application time: 0.1430060 seconds
104.303: [GC [PSYoungGen: 23808K->256K(24064K)] 92386K->68858K(107008K), 0.0005480 secs] [Times: user=0.00 sys=0.00, real=0.00 secs] 
104.305: Total time for which application threads were stopped: 0.0018050 seconds, Stopping threads took: 0.0000670 seconds
104.444: Application time: 0.1389870 seconds
104.444: [GC [PSYoungGen: 23808K->448K(24064K)] 92410K->69050K(107008K), 0.0006260 secs] [Times: user=0.00 sys=0.00, real=0.00 secs] 
104.444: Total time for which application threads were stopped: 0.0007660 seconds, Stopping threads took: 0.0000590 seconds
104.587: Application time: 0.1427610 seconds
104.587: [GC [PSYoungGen: 24000K->256K(24064K)] 92602K->69206K(107008K), 0.0007480 secs] [Times: user=0.00 sys=0.00, real=0.00 secs] 
104.588: Total time for which application threads were stopped: 0.0008990 seconds, Stopping threads took: 0.0000570 seconds
104.725: Application time: 0.1364250 seconds
104.725: [GC [PSYoungGen: 23808K->256K(24064K)] 92758K->69294K(107008K), 0.0005120 secs] [Times: user=0.00 sys=0.00, real=0.00 secs] 
104.725: Total time for which application threads were stopped: 0.0006630 seconds, Stopping threads took: 0.0000700 seconds
104.855: Application time: 0.1300100 seconds
104.855: [GC [PSYoungGen: 23808K->256K(24064K)] 92846K->69294K(107008K), 0.0004880 secs] [Times: user=0.00 sys=0.00, real=0.00 secs] 
104.856: Total time for which application threads were stopped: 0.0006240 seconds, Stopping threads took: 0.0000550 seconds
104.985: Application time: 0.1292890 seconds
104.985: [GC [PSYoungGen: 23808K->256K(24064K)] 92846K->69463K(107008K), 0.0005140 secs] [Times: user=0.00 sys=0.00, real=0.00 secs] 
104.986: Total time for which application threads were stopped: 0.0006520 seconds, Stopping threads took: 0.0000590 seconds
105.116: Application time: 0.1302270 seconds
105.116: [GC [PSYoungGen: 23808K->256K(24064K)] 93015K->69487K(107008K), 0.0005060 secs] [Times: user=0.00 sys=0.00, real=0.00 secs] 
105.117: Total time for which application threads were stopped: 0.0006490 seconds, Stopping threads took: 0.0000580 seconds
105.243: Application time: 0.1262750 seconds
105.243: [GC [PSYoungGen: 23808K->448K(24064K)] 93039K->69679K(107008K), 0.0005830 secs] [Times: user=0.00 sys=0.00, real=0.00 secs] 
105.244: Total time for which application threads were stopped: 0.0007200 seconds, Stopping threads took: 0.0000590 seconds
105.373: Application time: 0.1295290 seconds
105.373: [GC [PSYoungGen: 24000K->192K(24064K)] 93231K->69767K(107008K), 0.0006460 secs] [Times: user=0.00 sys=0.00, real=0.00 secs] 
105.374: Total time for which application threads were stopped: 0.0007770 seconds, Stopping threads took: 0.0000550 seconds
105.504: Application time: 0.1300250 seconds
105.504: [GC [PSYoungGen: 23744K->256K(24064K)] 93319K->69903K(107008K), 0.0005190 secs] [Times: user=0.01 sys=0.00, real=0.00 secs] 
105.505: Total time for which application threads were stopped: 0.0006790 seconds, Stopping threads took: 0.0000800 seconds
105.635: Application time: 0.1299500 seconds
105.635: [GC [PSYoungGen: 23808K->208K(24064K)] 93455K->69855K(107008K), 0.0005530 secs] [Times: user=0.00 sys=0.00, real=0.01 secs] 
105.635: Total time for which application threads were stopped: 0.0006930 seconds, Stopping threads took: 0.0000530 seconds
105.766: Application time: 0.1302400 seconds
105.766: [GC [PSYoungGen: 23760K->256K(24064K)] 93407K->70071K(107008K), 0.0005190 secs] [Times: user=0.00 sys=0.00, real=0.00 secs] 
105.766: Total time for which application threads were stopped: 0.0006530 seconds, Stopping threads took: 0.0000480 seconds
105.897: Application time: 0.1306150 seconds
105.897: [GC [PSYoungGen: 23808K->256K(24064K)] 93623K->70095K(107008K), 0.0004720 secs] [Times: user=0.00 sys=0.00, real=0.00 secs] 
105.897: Total time for which application threads were stopped: 0.0005980 seconds, Stopping threads took: 0.0000520 seconds
106.024: Application time: 0.1262960 seconds
106.024: [GC [PSYoungGen: 23808K->480K(24064K)] 93647K->70319K(107008K), 0.0005490 secs] [Times: user=0.00 sys=0.00, real=0.00 secs] 
106.024: Total time for which application threads were stopped: 0.0007010 seconds, Stopping threads took: 0.0000760 seconds
106.154: Application time: 0.1290670 seconds
106.154: [GC [PSYoungGen: 24032K->272K(24064K)] 93871K->70464K(107008K), 0.0006110 secs] [Times: user=0.00 sys=0.00, real=0.00 secs] 
106.154: Total time for which application threads were stopped: 0.0007520 seconds, Stopping threads took: 0.0000550 seconds
106.285: Application time: 0.1306840 seconds
106.285: [GC [PSYoungGen: 23824K->256K(24064K)] 94016K->70536K(107008K), 0.0005640 secs] [Times: user=0.00 sys=0.00, real=0.00 secs] 
106.286: Total time for which application threads were stopped: 0.0006910 seconds, Stopping threads took: 0.0000490 seconds
106.415: Application time: 0.1294830 seconds
106.415: [GC [PSYoungGen: 23808K->256K(24064K)] 94088K->70536K(107008K), 0.0005230 secs] [Times: user=0.00 sys=0.00, real=0.01 secs] 
106.416: Total time for which application threads were stopped: 0.0006590 seconds, Stopping threads took: 0.0000550 seconds
106.546: Application time: 0.1302630 seconds
106.546: [GC [PSYoungGen: 23808K->224K(24064K)] 94088K->70664K(107008K), 0.0005240 secs] [Times: user=0.00 sys=0.00, real=0.00 secs] 
106.547: Total time for which application threads were stopped: 0.0006640 seconds, Stopping threads took: 0.0000570 seconds
106.677: Application time: 0.1306960 seconds
106.678: [GC [PSYoungGen: 23776K->256K(24064K)] 94216K->70720K(107008K), 0.0004970 secs] [Times: user=0.00 sys=0.00, real=0.00 secs] 
106.678: Total time for which application threads were stopped: 0.0006430 seconds, Stopping threads took: 0.0000540 seconds
106.804: Application time: 0.1260770 seconds
106.804: [GC [PSYoungGen: 23808K->448K(24064K)] 94272K->70912K(107008K), 0.0005610 secs] [Times: user=0.00 sys=0.00, real=0.00 secs] 
106.805: Total time for which application threads were stopped: 0.0007020 seconds, Stopping threads took: 0.0000630 seconds
106.934: Application time: 0.1294630 seconds
106.934: [GC [PSYoungGen: 24000K->288K(24064K)] 94464K->71096K(107008K), 0.0005850 secs] [Times: user=0.00 sys=0.00, real=0.00 secs] 
106.935: Total time for which application threads were stopped: 0.0007160 seconds, Stopping threads took: 0.0000530 seconds
107.065: Application time: 0.1300010 seconds
107.067: [GC [PSYoungGen: 23840K->256K(24064K)] 94648K->71152K(107008K), 0.0004980 secs] [Times: user=0.00 sys=0.00, real=0.00 secs] 
107.068: Total time for which application threads were stopped: 0.0028470 seconds, Stopping threads took: 0.0022720 seconds
107.197: Application time: 0.1294190 seconds
107.197: [GC [PSYoungGen: 23808K->224K(24064K)] 94704K->71120K(107008K), 0.0005570 secs] [Times: user=0.00 sys=0.00, real=0.00 secs] 
107.198: Total time for which application threads were stopped: 0.0007020 seconds, Stopping threads took: 0.0000580 seconds
107.328: Application time: 0.1302530 seconds
107.328: [GC [PSYoungGen: 23776K->256K(24064K)] 94672K->71320K(107008K), 0.0005750 secs] [Times: user=0.00 sys=0.00, real=0.00 secs] 
107.329: Total time for which application threads were stopped: 0.0007290 seconds, Stopping threads took: 0.0000740 seconds
107.459: Application time: 0.1302290 seconds
107.459: [GC [PSYoungGen: 23808K->224K(24064K)] 94872K->71312K(107008K), 0.0005080 secs] [Times: user=0.00 sys=0.00, real=0.00 secs] 
107.460: Total time for which application threads were stopped: 0.0006440 seconds, Stopping threads took: 0.0000570 seconds
107.586: Application time: 0.1259370 seconds
107.586: [GC [PSYoungGen: 23776K->464K(24064K)] 94864K->71552K(107008K), 0.0006050 secs] [Times: user=0.00 sys=0.00, real=0.00 secs] 
107.587: Total time for which application threads were stopped: 0.0007480 seconds, Stopping threads took: 0.0000650 seconds
107.716: Application time: 0.1299530 seconds
107.717: [GC [PSYoungGen: 24016K->256K(24064K)] 95104K->71688K(107008K), 0.0006110 secs] [Times: user=0.00 sys=0.00, real=0.00 secs] 
107.717: Total time for which application threads were stopped: 0.0007640 seconds, Stopping threads took: 0.0000650 seconds
107.848: Application time: 0.1305590 seconds
107.848: [GC [PSYoungGen: 23808K->256K(24064K)] 95240K->71769K(107008K), 0.0005250 secs] [Times: user=0.00 sys=0.00, real=0.00 secs] 
107.848: Total time for which application threads were stopped: 0.0006560 seconds, Stopping threads took: 0.0000500 seconds
107.978: Application time: 0.1294200 seconds
107.978: [GC [PSYoungGen: 23808K->176K(24064K)] 95321K->71689K(107008K), 0.0006530 secs] [Times: user=0.00 sys=0.00, real=0.00 secs] 
107.979: Total time for which application threads were stopped: 0.0007790 seconds, Stopping threads took: 0.0000500 seconds
108.109: Application time: 0.1300290 seconds
108.109: [GC [PSYoungGen: 23728K->192K(24064K)] 95241K->71865K(107008K), 0.0005610 secs] [Times: user=0.00 sys=0.00, real=0.00 secs] 
108.109: Total time for which application threads were stopped: 0.0007220 seconds, Stopping threads took: 0.0000830 seconds
108.240: Application time: 0.1302170 seconds
108.240: [GC [PSYoungGen: 23744K->224K(24064K)] 95417K->71921K(107008K), 0.0005040 secs] [Times: user=0.00 sys=0.00, real=0.00 secs] 
108.240: Total time for which application threads were stopped: 0.0006550 seconds, Stopping threads took: 0.0000640 seconds
108.367: Application time: 0.1265370 seconds
108.367: [GC [PSYoungGen: 23776K->416K(24064K)] 95473K->72113K(107008K), 0.0005940 secs] [Times: user=0.00 sys=0.00, real=0.01 secs] 
108.368: Total time for which application threads were stopped: 0.0007330 seconds, Stopping threads took: 0.0000580 seconds
108.498: Application time: 0.1306770 seconds
108.498: [GC [PSYoungGen: 23968K->272K(24064K)] 95665K->72317K(107008K), 0.0005870 secs] [Times: user=0.01 sys=0.00, real=0.00 secs] 
108.499: Total time for which application threads were stopped: 0.0007190 seconds, Stopping threads took: 0.0000540 seconds
108.629: Application time: 0.1300960 seconds
108.629: [GC [PSYoungGen: 23824K->256K(24064K)] 95869K->72389K(107008K), 0.0005150 secs] [Times: user=0.00 sys=0.00, real=0.00 secs] 
108.630: Total time for which application threads were stopped: 0.0006520 seconds, Stopping threads took: 0.0000560 seconds
108.759: Application time: 0.1290540 seconds
108.759: [GC [PSYoungGen: 23808K->256K(24064K)] 95941K->72389K(107008K), 0.0005120 secs] [Times: user=0.00 sys=0.00, real=0.00 secs] 
108.759: Total time for which application threads were stopped: 0.0006590 seconds, Stopping threads took: 0.0000630 seconds
108.889: Application time: 0.1299700 seconds
108.890: [GC [PSYoungGen: 23808K->256K(24064K)] 95941K->72557K(107008K), 0.0005510 secs] [Times: user=0.00 sys=0.00, real=0.00 secs] 
108.890: Total time for which application threads were stopped: 0.0007050 seconds, Stopping threads took: 0.0000760 seconds
109.020: Application time: 0.1301360 seconds
109.020: [GC [PSYoungGen: 23808K->128K(24064K)] 96109K->72453K(107008K), 0.0005210 secs] [Times: user=0.00 sys=0.00, real=0.00 secs] 
109.021: Total time for which application threads were stopped: 0.0006520 seconds, Stopping threads took: 0.0000550 seconds
109.147: Application time: 0.1261350 seconds
109.147: [GC [PSYoungGen: 23680K->416K(24064K)] 96005K->72741K(107008K), 0.0005670 secs] [Times: user=0.00 sys=0.00, real=0.01 secs] 
109.148: Total time for which application threads were stopped: 0.0007000 seconds, Stopping threads took: 0.0000590 seconds
109.277: Application time: 0.1296730 seconds
109.278: [GC [PSYoungGen: 23968K->240K(24064K)] 96293K->72910K(107008K), 0.0006160 secs] [Times: user=0.01 sys=0.00, real=0.00 secs] 
109.278: Total time for which application threads were stopped: 0.0007700 seconds, Stopping threads took: 0.0000590 seconds
109.409: Application time: 0.1306510 seconds
109.409: [GC [PSYoungGen: 23792K->160K(24064K)] 96462K->72894K(107008K), 0.0005400 secs] [Times: user=0.00 sys=0.00, real=0.00 secs] 
109.411: Total time for which application threads were stopped: 0.0017980 seconds, Stopping threads took: 0.0000650 seconds
109.541: Application time: 0.1300010 seconds
109.541: [GC [PSYoungGen: 23712K->256K(24064K)] 96446K->72990K(107008K), 0.0005640 secs] [Times: user=0.00 sys=0.00, real=0.00 secs] 
109.541: Total time for which application threads were stopped: 0.0007190 seconds, Stopping threads took: 0.0000750 seconds
109.672: Application time: 0.1301180 seconds
109.672: [GC [PSYoungGen: 23808K->256K(24064K)] 96542K->73158K(107008K), 0.0005750 secs] [Times: user=0.00 sys=0.00, real=0.00 secs] 
109.672: Total time for which application threads were stopped: 0.0007270 seconds, Stopping threads took: 0.0000740 seconds
109.802: Application time: 0.1300280 seconds
109.802: [GC [PSYoungGen: 23808K->256K(24064K)] 96710K->73182K(107008K), 0.0004810 secs] [Times: user=0.01 sys=0.00, real=0.00 secs] 
109.803: Total time for which application threads were stopped: 0.0006330 seconds, Stopping threads took: 0.0000570 seconds
109.929: Application time: 0.1261850 seconds
109.929: [GC [PSYoungGen: 23808K->464K(24064K)] 96734K->73390K(107008K), 0.0005630 secs] [Times: user=0.01 sys=0.00, real=0.00 secs] 
109.930: Total time for which application threads were stopped: 0.0006950 seconds, Stopping threads took: 0.0000550 seconds
110.059: Application time: 0.1295920 seconds
110.059: [GC [PSYoungGen: 24016K->256K(24064K)] 96942K->73530K(107008K), 0.0006320 secs] [Times: user=0.01 sys=0.00, real=0.00 secs] 
110.060: Total time for which application threads were stopped: 0.0007600 seconds, Stopping threads took: 0.0000530 seconds
110.190: Application time: 0.1300050 seconds
110.190: [GC [PSYoungGen: 23808K->256K(24064K)] 97082K->73594K(107008K), 0.0005100 secs] [Times: user=0.00 sys=0.00, real=0.00 secs] 
110.191: Total time for which application threads were stopped: 0.0006450 seconds, Stopping threads took: 0.0000550 seconds
110.321: Application time: 0.1300280 seconds
110.321: [GC [PSYoungGen: 23808K->240K(24064K)] 97146K->73578K(107008K), 0.0005100 secs] [Times: user=0.00 sys=0.00, real=0.00 secs] 
110.321: Total time for which application threads were stopped: 0.0006560 seconds, Stopping threads took: 0.0000570 seconds
110.451: Application time: 0.1295940 seconds
110.451: [GC [PSYoungGen: 23792K->256K(24064K)] 97130K->73762K(107008K), 0.0005270 secs] [Times: user=0.00 sys=0.00, real=0.00 secs] 
110.452: Total time for which application threads were stopped: 0.0006590 seconds, Stopping threads took: 0.0000550 seconds
110.582: Application time: 0.1306690 seconds
110.583: [GC [PSYoungGen: 23808K->256K(24064K)] 97314K->73786K(107008K), 0.0005150 secs] [Times: user=0.01 sys=0.00, real=0.00 secs] 
110.583: Total time for which application threads were stopped: 0.0006490 seconds, Stopping threads took: 0.0000560 seconds
110.710: Application time: 0.1266490 seconds
110.710: [GC [PSYoungGen: 23802K->416K(24064K)] 97333K->73946K(107008K), 0.0005870 secs] [Times: user=0.00 sys=0.00, real=0.00 secs] 
110.710: Total time for which application threads were stopped: 0.0007250 seconds, Stopping threads took: 0.0000620 seconds
110.840: Application time: 0.1299170 seconds
110.840: [GC [PSYoungGen: 23968K->256K(24064K)] 97498K->74119K(107008K), 0.0006030 secs] [Times: user=0.00 sys=0.00, real=0.00 secs] 
110.841: Total time for which application threads were stopped: 0.0007520 seconds, Stopping threads took: 0.0000620 seconds
110.972: Application time: 0.1304720 seconds
110.972: [GC [PSYoungGen: 23808K->256K(24064K)] 97671K->74207K(107008K), 0.0004990 secs] [Times: user=0.01 sys=0.00, real=0.00 secs] 
110.972: Total time for which application threads were stopped: 0.0006530 seconds, Stopping threads took: 0.0000790 seconds
111.102: Application time: 0.1296770 seconds
111.102: [GC [PSYoungGen: 23808K->256K(24064K)] 97759K->74207K(107008K), 0.0005340 secs] [Times: user=0.01 sys=0.00, real=0.00 secs] 
111.103: Total time for which application threads were stopped: 0.0006690 seconds, Stopping threads took: 0.0000600 seconds
111.233: Application time: 0.1303420 seconds
111.233: [GC [PSYoungGen: 23808K->256K(24064K)] 97759K->74375K(107008K), 0.0005250 secs] [Times: user=0.00 sys=0.00, real=0.00 secs] 
111.234: Total time for which application threads were stopped: 0.0006680 seconds, Stopping threads took: 0.0000640 seconds
111.364: Application time: 0.1302430 seconds
111.364: [GC [PSYoungGen: 23808K->256K(24064K)] 97927K->74399K(107008K), 0.0005170 secs] [Times: user=0.00 sys=0.00, real=0.00 secs] 
111.364: Total time for which application threads were stopped: 0.0006570 seconds, Stopping threads took: 0.0000520 seconds
111.493: Application time: 0.1287110 seconds
111.493: [GC [PSYoungGen: 23808K->416K(24064K)] 97951K->74559K(107008K), 0.0005810 secs] [Times: user=0.01 sys=0.00, real=0.00 secs] 
111.494: Total time for which application threads were stopped: 0.0007170 seconds, Stopping threads took: 0.0000610 seconds
111.623: Application time: 0.1295170 seconds
111.624: [GC [PSYoungGen: 23968K->256K(24064K)] 98111K->74747K(107008K), 0.0006250 secs] [Times: user=0.01 sys=0.00, real=0.00 secs] 
111.624: Total time for which application threads were stopped: 0.0007630 seconds, Stopping threads took: 0.0000580 seconds
111.755: Application time: 0.1305090 seconds
111.755: [GC [PSYoungGen: 23808K->192K(24064K)] 98299K->74763K(107008K), 0.0006150 secs] [Times: user=0.01 sys=0.00, real=0.01 secs] 
111.755: Total time for which application threads were stopped: 0.0007680 seconds, Stopping threads took: 0.0000700 seconds
111.886: Application time: 0.1301560 seconds
111.887: [GC [PSYoungGen: 23744K->256K(24064K)] 98315K->74827K(107008K), 0.0005990 secs] [Times: user=0.01 sys=0.00, real=0.00 secs] 
111.888: Total time for which application threads were stopped: 0.0023590 seconds, Stopping threads took: 0.0016640 seconds
112.018: Application time: 0.1301840 seconds
112.018: [GC [PSYoungGen: 23808K->256K(24064K)] 98379K->74995K(107008K), 0.0005430 secs] [Times: user=0.00 sys=0.00, real=0.00 secs] 
112.019: Total time for which application threads were stopped: 0.0006860 seconds, Stopping threads took: 0.0000610 seconds
112.149: Application time: 0.1301980 seconds
112.149: [GC [PSYoungGen: 23808K->128K(24064K)] 98547K->74891K(107008K), 0.0005260 secs] [Times: user=0.00 sys=0.00, real=0.00 secs] 
112.150: Total time for which application threads were stopped: 0.0006760 seconds, Stopping threads took: 0.0000690 seconds
112.276: Application time: 0.1264590 seconds
112.276: [GC [PSYoungGen: 23680K->464K(24064K)] 98443K->75227K(107008K), 0.0005950 secs] [Times: user=0.01 sys=0.00, real=0.00 secs] 
112.277: Total time for which application threads were stopped: 0.0007240 seconds, Stopping threads took: 0.0000520 seconds
112.406: Application time: 0.1295250 seconds
112.407: [GC [PSYoungGen: 24016K->224K(24064K)] 98779K->75336K(107008K), 0.0006660 secs] [Times: user=0.01 sys=0.00, real=0.01 secs] 
112.407: Total time for which application threads were stopped: 0.0008160 seconds, Stopping threads took: 0.0000570 seconds
112.538: Application time: 0.1303720 seconds
112.539: [GC [PSYoungGen: 23776K->256K(24064K)] 98888K->75456K(107008K), 0.0005350 secs] [Times: user=0.00 sys=0.00, real=0.00 secs] 
112.540: Total time for which application threads were stopped: 0.0022260 seconds, Stopping threads took: 0.0016150 seconds
112.669: Application time: 0.1294880 seconds
112.670: [GC [PSYoungGen: 23808K->256K(24064K)] 99008K->75456K(107008K), 0.0005330 secs] [Times: user=0.00 sys=0.00, real=0.00 secs] 
112.670: Total time for which application threads were stopped: 0.0006820 seconds, Stopping threads took: 0.0000700 seconds
112.800: Application time: 0.1295830 seconds
112.800: [GC [PSYoungGen: 23808K->256K(24064K)] 99008K->75624K(107008K), 0.0005010 secs] [Times: user=0.01 sys=0.00, real=0.00 secs] 
112.800: Total time for which application threads were stopped: 0.0006410 seconds, Stopping threads took: 0.0000540 seconds
112.930: Application time: 0.1301470 seconds
112.931: [GC [PSYoungGen: 23808K->192K(24064K)] 99176K->75584K(107008K), 0.0005730 secs] [Times: user=0.00 sys=0.00, real=0.00 secs] 
112.931: Total time for which application threads were stopped: 0.0007270 seconds, Stopping threads took: 0.0000620 seconds
113.058: Application time: 0.1267580 seconds
113.058: [GC [PSYoungGen: 23744K->416K(24064K)] 99136K->75808K(107008K), 0.0005840 secs] [Times: user=0.00 sys=0.00, real=0.00 secs] 
113.059: Total time for which application threads were stopped: 0.0007180 seconds, Stopping threads took: 0.0000510 seconds
113.188: Application time: 0.1298130 seconds
113.189: [GC [PSYoungGen: 23968K->256K(24064K)] 99360K->75976K(107008K), 0.0006470 secs] [Times: user=0.01 sys=0.00, real=0.00 secs] 
113.189: Total time for which application threads were stopped: 0.0007850 seconds, Stopping threads took: 0.0000610 seconds
113.320: Application time: 0.1303690 seconds
113.320: [GC [PSYoungGen: 23808K->224K(24064K)] 99528K->76048K(107008K), 0.0005230 secs] [Times: user=0.00 sys=0.00, real=0.00 secs] 
113.320: Total time for which application threads were stopped: 0.0006700 seconds, Stopping threads took: 0.0000690 seconds
113.450: Application time: 0.1299680 seconds
113.450: [GC [PSYoungGen: 23776K->256K(24064K)] 99600K->76080K(107008K), 0.0005490 secs] [Times: user=0.00 sys=0.00, real=0.00 secs] 
113.451: Total time for which application threads were stopped: 0.0006910 seconds, Stopping threads took: 0.0000520 seconds
113.581: Application time: 0.1300860 seconds
113.581: [GC [PSYoungGen: 23808K->192K(24064K)] 99632K->76176K(107008K), 0.0005850 secs] [Times: user=0.00 sys=0.00, real=0.00 secs] 
113.582: Total time for which application threads were stopped: 0.0007210 seconds, Stopping threads took: 0.0000530 seconds
113.712: Application time: 0.1301080 seconds
113.712: [GC [PSYoungGen: 23744K->224K(24064K)] 99728K->76232K(107008K), 0.0005070 secs] [Times: user=0.00 sys=0.00, real=0.00 secs] 
113.713: Total time for which application threads were stopped: 0.0006550 seconds, Stopping threads took: 0.0000700 seconds
113.839: Application time: 0.1261300 seconds
113.839: [GC [PSYoungGen: 23776K->448K(24064K)] 99784K->76456K(107008K), 0.0006000 secs] [Times: user=0.00 sys=0.00, real=0.00 secs] 
113.839: Total time for which application threads were stopped: 0.0007430 seconds, Stopping threads took: 0.0000650 seconds
113.969: Application time: 0.1296920 seconds
113.969: [GC [PSYoungGen: 24000K->224K(24064K)] 100008K->76577K(107008K), 0.0006590 secs] [Times: user=0.00 sys=0.00, real=0.00 secs] 
113.970: Total time for which application threads were stopped: 0.0008100 seconds, Stopping threads took: 0.0000620 seconds
114.100: Application time: 0.1300610 seconds
114.100: [GC [PSYoungGen: 23776K->256K(24064K)] 100129K->76697K(107008K), 0.0005290 secs] [Times: user=0.00 sys=0.00, real=0.00 secs] 
114.101: Total time for which application threads were stopped: 0.0006620 seconds, Stopping threads took: 0.0000560 seconds
114.230: Application time: 0.1290980 seconds
114.230: [GC [PSYoungGen: 23808K->240K(24064K)] 100249K->76681K(107008K), 0.0005350 secs] [Times: user=0.00 sys=0.00, real=0.00 secs] 
114.230: Total time for which application threads were stopped: 0.0006650 seconds, Stopping threads took: 0.0000550 seconds
114.361: Application time: 0.1310470 seconds
114.362: [GC [PSYoungGen: 23792K->256K(24064K)] 100233K->76865K(107008K), 0.0005210 secs] [Times: user=0.00 sys=0.00, real=0.00 secs] 
114.362: Total time for which application threads were stopped: 0.0006630 seconds, Stopping threads took: 0.0000660 seconds
114.493: Application time: 0.1305540 seconds
114.493: [GC [PSYoungGen: 23808K->256K(24064K)] 100417K->76889K(107008K), 0.0005330 secs] [Times: user=0.00 sys=0.00, real=0.00 secs] 
114.494: Total time for which application threads were stopped: 0.0017330 seconds, Stopping threads took: 0.0000560 seconds
114.621: Application time: 0.1266710 seconds
114.621: [GC [PSYoungGen: 23808K->448K(24064K)] 100441K->77081K(107008K), 0.0006530 secs] [Times: user=0.00 sys=0.00, real=0.00 secs] 
114.622: Total time for which application threads were stopped: 0.0008120 seconds, Stopping threads took: 0.0000810 seconds
114.752: Application time: 0.1297010 seconds
114.752: [GC [PSYoungGen: 24000K->272K(24064K)] 100633K->77253K(107008K), 0.0006070 secs] [Times: user=0.00 sys=0.00, real=0.00 secs] 
114.752: Total time for which application threads were stopped: 0.0007440 seconds, Stopping threads took: 0.0000580 seconds
114.883: Application time: 0.1303700 seconds
114.883: [GC [PSYoungGen: 23824K->256K(24064K)] 100805K->77309K(107008K), 0.0004880 secs] [Times: user=0.01 sys=0.00, real=0.00 secs] 
114.883: Total time for which application threads were stopped: 0.0006310 seconds, Stopping threads took: 0.0000690 seconds
115.014: Application time: 0.1303130 seconds
115.014: [GC [PSYoungGen: 23808K->240K(24064K)] 100861K->77293K(107008K), 0.0005480 secs] [Times: user=0.00 sys=0.00, real=0.00 secs] 
115.014: Total time for which application threads were stopped: 0.0006990 seconds, Stopping threads took: 0.0000590 seconds
115.145: Application time: 0.1305900 seconds
115.145: [GC [PSYoungGen: 23792K->224K(24064K)] 100845K->77445K(107008K), 0.0006370 secs] [Times: user=0.01 sys=0.00, real=0.00 secs] 
115.146: Total time for which application threads were stopped: 0.0007720 seconds, Stopping threads took: 0.0000570 seconds
115.277: Application time: 0.1309080 seconds
115.277: [GC [PSYoungGen: 23776K->256K(24064K)] 100997K->77501K(107008K), 0.0005530 secs] [Times: user=0.01 sys=0.00, real=0.00 secs] 
115.277: Total time for which application threads were stopped: 0.0006950 seconds, Stopping threads took: 0.0000660 seconds
115.404: Application time: 0.1262960 seconds
115.404: [GC [PSYoungGen: 23808K->432K(24064K)] 101053K->77677K(107008K), 0.0005880 secs] [Times: user=0.00 sys=0.00, real=0.00 secs] 
115.404: Total time for which application threads were stopped: 0.0007170 seconds, Stopping threads took: 0.0000560 seconds
115.534: Application time: 0.1294920 seconds
115.534: [GC [PSYoungGen: 23984K->272K(24064K)] 101229K->77866K(107008K), 0.0005730 secs] [Times: user=0.00 sys=0.00, real=0.00 secs] 
115.535: Total time for which application threads were stopped: 0.0007130 seconds, Stopping threads took: 0.0000530 seconds
115.665: Application time: 0.1303480 seconds
115.665: [GC [PSYoungGen: 23824K->256K(24064K)] 101418K->77938K(107008K), 0.0004950 secs] [Times: user=0.00 sys=0.00, real=0.00 secs] 
115.666: Total time for which application threads were stopped: 0.0006270 seconds, Stopping threads took: 0.0000570 seconds
115.795: Application time: 0.1294390 seconds
115.795: [GC [PSYoungGen: 23808K->256K(24064K)] 101490K->77938K(107008K), 0.0005740 secs] [Times: user=0.00 sys=0.00, real=0.01 secs] 
115.796: Total time for which application threads were stopped: 0.0007090 seconds, Stopping threads took: 0.0000560 seconds
115.926: Application time: 0.1304680 seconds
115.926: [GC [PSYoungGen: 23808K->224K(24064K)] 101490K->78066K(107008K), 0.0006150 secs] [Times: user=0.01 sys=0.00, real=0.00 secs] 
115.927: Total time for which application threads were stopped: 0.0007520 seconds, Stopping threads took: 0.0000560 seconds
116.057: Application time: 0.1302330 seconds
116.057: [GC [PSYoungGen: 23776K->256K(24064K)] 101618K->78122K(107008K), 0.0004950 secs] [Times: user=0.00 sys=0.00, real=0.00 secs] 
116.058: Total time for which application threads were stopped: 0.0006530 seconds, Stopping threads took: 0.0000690 seconds
116.184: Application time: 0.1265080 seconds
116.184: [GC [PSYoungGen: 23808K->416K(24064K)] 101674K->78282K(107008K), 0.0005740 secs] [Times: user=0.00 sys=0.00, real=0.00 secs] 
116.185: Total time for which application threads were stopped: 0.0007250 seconds, Stopping threads took: 0.0000720 seconds
116.315: Application time: 0.1299950 seconds
116.315: [GC [PSYoungGen: 23968K->272K(24064K)] 101834K->78462K(107008K), 0.0005840 secs] [Times: user=0.01 sys=0.00, real=0.01 secs] 
116.316: Total time for which application threads were stopped: 0.0007300 seconds, Stopping threads took: 0.0000640 seconds
116.446: Application time: 0.1304960 seconds
116.446: [GC [PSYoungGen: 23824K->192K(24064K)] 102014K->78478K(107008K), 0.0005300 secs] [Times: user=0.00 sys=0.00, real=0.00 secs] 
116.447: Total time for which application threads were stopped: 0.0006720 seconds, Stopping threads took: 0.0000640 seconds
116.576: Application time: 0.1293310 seconds
116.576: [GC [PSYoungGen: 23744K->256K(24064K)] 102030K->78542K(107008K), 0.0005650 secs] [Times: user=0.00 sys=0.00, real=0.00 secs] 
116.577: Total time for which application threads were stopped: 0.0007140 seconds, Stopping threads took: 0.0000610 seconds
116.707: Application time: 0.1302130 seconds
116.707: [GC [PSYoungGen: 23808K->256K(24064K)] 102094K->78710K(107008K), 0.0005290 secs] [Times: user=0.01 sys=0.00, real=0.00 secs] 
116.708: Total time for which application threads were stopped: 0.0006700 seconds, Stopping threads took: 0.0000620 seconds
116.839: Application time: 0.1308790 seconds
116.839: [GC [PSYoungGen: 23808K->256K(24064K)] 102262K->78734K(107008K), 0.0005160 secs] [Times: user=0.00 sys=0.00, real=0.00 secs] 
116.839: Total time for which application threads were stopped: 0.0006660 seconds, Stopping threads took: 0.0000700 seconds
116.966: Application time: 0.1265050 seconds
116.966: [GC [PSYoungGen: 23808K->416K(24064K)] 102286K->78894K(107008K), 0.0005990 secs] [Times: user=0.00 sys=0.00, real=0.00 secs] 
116.967: Total time for which application threads were stopped: 0.0007350 seconds, Stopping threads took: 0.0000530 seconds
117.096: Application time: 0.1289630 seconds
117.096: [GC [PSYoungGen: 23968K->256K(24064K)] 102446K->79051K(107008K), 0.0006230 secs] [Times: user=0.00 sys=0.00, real=0.00 secs] 
117.096: Total time for which application threads were stopped: 0.0007790 seconds, Stopping threads took: 0.0000650 seconds
117.227: Application time: 0.1303000 seconds
117.227: [GC [PSYoungGen: 23808K->256K(24064K)] 102603K->79163K(107008K), 0.0005350 secs] [Times: user=0.01 sys=0.00, real=0.01 secs] 
117.227: Total time for which application threads were stopped: 0.0006670 seconds, Stopping threads took: 0.0000560 seconds
117.357: Application time: 0.1291900 seconds
117.357: [GC [PSYoungGen: 23808K->160K(24064K)] 102715K->79067K(107008K), 0.0005780 secs] [Times: user=0.00 sys=0.00, real=0.00 secs] 
117.357: Total time for which application threads were stopped: 0.0007150 seconds, Stopping threads took: 0.0000560 seconds
117.487: Application time: 0.1296620 seconds
117.487: [GC [PSYoungGen: 23712K->176K(24064K)] 102619K->79195K(107008K), 0.0005790 secs] [Times: user=0.00 sys=0.00, real=0.01 secs] 
117.488: Total time for which application threads were stopped: 0.0007170 seconds, Stopping threads took: 0.0000560 seconds
117.618: Application time: 0.1299230 seconds
117.618: [GC [PSYoungGen: 23728K->128K(24064K)] 102747K->79211K(107008K), 0.0005670 secs] [Times: user=0.01 sys=0.00, real=0.00 secs] 
117.618: Total time for which application threads were stopped: 0.0007130 seconds, Stopping threads took: 0.0000530 seconds
117.745: Application time: 0.1271630 seconds
117.746: [GC [PSYoungGen: 23680K->352K(24064K)] 102763K->79435K(107008K), 0.0005650 secs] [Times: user=0.01 sys=0.00, real=0.00 secs] 
117.746: Total time for which application threads were stopped: 0.0007030 seconds, Stopping threads took: 0.0000600 seconds
117.875: Application time: 0.1285750 seconds
117.875: [GC [PSYoungGen: 23904K->304K(24064K)] 102987K->79627K(107008K), 0.0005730 secs] [Times: user=0.00 sys=0.01, real=0.01 secs] 
117.875: Total time for which application threads were stopped: 0.0007160 seconds, Stopping threads took: 0.0000690 seconds
118.005: Application time: 0.1300050 seconds
118.006: [GC [PSYoungGen: 23856K->256K(24064K)] 103179K->79763K(107008K), 0.0005620 secs] [Times: user=0.00 sys=0.00, real=0.00 secs] 
118.006: Total time for which application threads were stopped: 0.0007270 seconds, Stopping threads took: 0.0000870 seconds
118.137: Application time: 0.1303380 seconds
118.137: [GC [PSYoungGen: 23808K->256K(24064K)] 103315K->79763K(107008K), 0.0005560 secs] [Times: user=0.00 sys=0.00, real=0.00 secs] 
118.137: Total time for which application threads were stopped: 0.0007010 seconds, Stopping threads took: 0.0000520 seconds
118.268: Application time: 0.1303720 seconds
118.268: [GC [PSYoungGen: 23808K->256K(24064K)] 103315K->79859K(107008K), 0.0006020 secs] [Times: user=0.00 sys=0.00, real=0.00 secs] 
118.268: Total time for which application threads were stopped: 0.0007310 seconds, Stopping threads took: 0.0000520 seconds
118.399: Application time: 0.1304620 seconds
118.399: [GC [PSYoungGen: 23808K->256K(24064K)] 103411K->79955K(107008K), 0.0005130 secs] [Times: user=0.00 sys=0.00, real=0.00 secs] 
118.399: Total time for which application threads were stopped: 0.0006430 seconds, Stopping threads took: 0.0000530 seconds
118.528: Application time: 0.1282760 seconds
118.528: [GC [PSYoungGen: 23808K->368K(24064K)] 103507K->80067K(107008K), 0.0005510 secs] [Times: user=0.00 sys=0.00, real=0.00 secs] 
118.528: Total time for which application threads were stopped: 0.0006870 seconds, Stopping threads took: 0.0000630 seconds
118.657: Application time: 0.1283070 seconds
118.657: [GC [PSYoungGen: 23920K->320K(24064K)] 103619K->80248K(107008K), 0.0006760 secs] [Times: user=0.00 sys=0.00, real=0.00 secs] 
118.658: Total time for which application threads were stopped: 0.0008160 seconds, Stopping threads took: 0.0000510 seconds
118.788: Application time: 0.1302350 seconds
118.788: [GC [PSYoungGen: 23872K->192K(24064K)] 103800K->80324K(107008K), 0.0005600 secs] [Times: user=0.01 sys=0.00, real=0.00 secs] 
118.788: Total time for which application threads were stopped: 0.0006930 seconds, Stopping threads took: 0.0000590 seconds
118.919: Application time: 0.1302130 seconds
118.919: [GC [PSYoungGen: 23744K->256K(24064K)] 103876K->80388K(107008K), 0.0004990 secs] [Times: user=0.00 sys=0.00, real=0.00 secs] 
118.919: Total time for which application threads were stopped: 0.0006620 seconds, Stopping threads took: 0.0000860 seconds
119.049: Application time: 0.1300040 seconds
119.049: [GC [PSYoungGen: 23808K->256K(24064K)] 103940K->80484K(107008K), 0.0005430 secs] [Times: user=0.00 sys=0.00, real=0.00 secs] 
119.050: Total time for which application threads were stopped: 0.0006760 seconds, Stopping threads took: 0.0000610 seconds
119.181: Application time: 0.1305430 seconds
119.181: [GC [PSYoungGen: 23808K->256K(24064K)] 104036K->80580K(107008K), 0.0005100 secs] [Times: user=0.00 sys=0.00, real=0.00 secs] 
119.181: Total time for which application threads were stopped: 0.0006630 seconds, Stopping threads took: 0.0000620 seconds
119.309: Application time: 0.1278230 seconds
119.309: [GC [PSYoungGen: 23808K->336K(24064K)] 104132K->80660K(107008K), 0.0005390 secs] [Times: user=0.00 sys=0.00, real=0.00 secs] 
119.310: Total time for which application threads were stopped: 0.0006650 seconds, Stopping threads took: 0.0000520 seconds
119.438: Application time: 0.1285540 seconds
119.438: [GC [PSYoungGen: 23888K->288K(24064K)] 104212K->80860K(107008K), 0.0006230 secs] [Times: user=0.00 sys=0.00, real=0.00 secs] 
119.439: Total time for which application threads were stopped: 0.0007630 seconds, Stopping threads took: 0.0000590 seconds
119.570: Application time: 0.1306320 seconds
119.570: [GC [PSYoungGen: 23840K->224K(24064K)] 104412K->80984K(107008K), 0.0005780 secs] [Times: user=0.00 sys=0.00, real=0.00 secs] 
119.571: Total time for which application threads were stopped: 0.0017140 seconds, Stopping threads took: 0.0000530 seconds
119.702: Application time: 0.1301630 seconds
119.702: [GC [PSYoungGen: 23776K->256K(24064K)] 104536K->81016K(107008K), 0.0006260 secs] [Times: user=0.00 sys=0.00, real=0.00 secs] 
119.702: Total time for which application threads were stopped: 0.0007810 seconds, Stopping threads took: 0.0000640 seconds
119.832: Application time: 0.1298540 seconds
119.832: [GC [PSYoungGen: 23808K->256K(24064K)] 104568K->81136K(107008K), 0.0005330 secs] [Times: user=0.00 sys=0.00, real=0.00 secs] 
119.833: Total time for which application threads were stopped: 0.0006720 seconds, Stopping threads took: 0.0000570 seconds
119.963: Application time: 0.1303920 seconds
119.963: [GC [PSYoungGen: 23808K->128K(24064K)] 104688K->81072K(107008K), 0.0006060 secs] [Times: user=0.00 sys=0.00, real=0.00 secs] 
119.964: Total time for which application threads were stopped: 0.0007530 seconds, Stopping threads took: 0.0000720 seconds
120.091: Application time: 0.1273910 seconds
120.092: [GC [PSYoungGen: 23680K->352K(24064K)] 104624K->81297K(107008K), 0.0005980 secs] [Times: user=0.00 sys=0.00, real=0.00 secs] 
120.092: Total time for which application threads were stopped: 0.0007330 seconds, Stopping threads took: 0.0000580 seconds
120.221: Application time: 0.1285200 seconds
120.221: [GC [PSYoungGen: 23904K->352K(24064K)] 104849K->81517K(107008K), 0.0005840 secs] [Times: user=0.00 sys=0.00, real=0.00 secs] 
120.221: Total time for which application threads were stopped: 0.0007300 seconds, Stopping threads took: 0.0000620 seconds
120.352: Application time: 0.1301410 seconds
120.352: [GC [PSYoungGen: 23904K->192K(24064K)] 105069K->81557K(107008K), 0.0005760 secs] [Times: user=0.00 sys=0.00, real=0.00 secs] 
120.352: Total time for which application threads were stopped: 0.0007080 seconds, Stopping threads took: 0.0000540 seconds
120.481: Application time: 0.1291690 seconds
120.482: [GC [PSYoungGen: 23744K->224K(24064K)] 105109K->81589K(107008K), 0.0005210 secs] [Times: user=0.00 sys=0.00, real=0.00 secs] 
120.482: Total time for which application threads were stopped: 0.0006570 seconds, Stopping threads took: 0.0000600 seconds
120.612: Application time: 0.1301030 seconds
120.612: [GC [PSYoungGen: 23776K->144K(24064K)] 105141K->81597K(107008K), 0.0006290 secs] [Times: user=0.00 sys=0.00, real=0.00 secs] 
120.613: Total time for which application threads were stopped: 0.0007650 seconds, Stopping threads took: 0.0000550 seconds
120.749: Application time: 0.1364980 seconds
120.750: [GC [PSYoungGen: 23696K->256K(24064K)] 105149K->81805K(107008K), 0.0005330 secs] [Times: user=0.00 sys=0.00, real=0.00 secs] 
120.750: Total time for which application threads were stopped: 0.0006740 seconds, Stopping threads took: 0.0000520 seconds
120.891: Application time: 0.1408460 seconds
120.891: [GC [PSYoungGen: 23801K->304K(24064K)] 105351K->81853K(107008K), 0.0005520 secs] [Times: user=0.00 sys=0.00, real=0.00 secs] 
120.892: Total time for which application threads were stopped: 0.0006830 seconds, Stopping threads took: 0.0000580 seconds
121.033: Application time: 0.1414090 seconds
121.033: [GC [PSYoungGen: 23856K->288K(24064K)] 105405K->82053K(107008K), 0.0006760 secs] [Times: user=0.00 sys=0.00, real=0.00 secs] 
121.034: Total time for which application threads were stopped: 0.0008190 seconds, Stopping threads took: 0.0000550 seconds
121.177: Application time: 0.1434840 seconds
121.178: [GC [PSYoungGen: 23840K->224K(24064K)] 105605K->82189K(107008K), 0.0006160 secs] [Times: user=0.00 sys=0.00, real=0.00 secs] 
121.178: Total time for which application threads were stopped: 0.0007530 seconds, Stopping threads took: 0.0000610 seconds
121.321: Application time: 0.1433130 seconds
121.322: [GC [PSYoungGen: 23776K->256K(24064K)] 105741K->82221K(107008K), 0.0005340 secs] [Times: user=0.01 sys=0.00, real=0.00 secs] 
121.322: Total time for which application threads were stopped: 0.0006760 seconds, Stopping threads took: 0.0000560 seconds
121.465: Application time: 0.1426510 seconds
121.465: [GC [PSYoungGen: 23808K->256K(24064K)] 105773K->82317K(107008K), 0.0005570 secs] [Times: user=0.00 sys=0.00, real=0.00 secs] 
121.465: Total time for which application threads were stopped: 0.0006930 seconds, Stopping threads took: 0.0000560 seconds
121.609: Application time: 0.1435680 seconds
121.609: [GC [PSYoungGen: 23808K->224K(24064K)] 105869K->82381K(107008K), 0.0005750 secs] [Times: user=0.00 sys=0.00, real=0.00 secs] 
121.610: Total time for which application threads were stopped: 0.0007100 seconds, Stopping threads took: 0.0000540 seconds
121.750: Application time: 0.1402280 seconds
121.750: [GC [PSYoungGen: 23776K->352K(24064K)] 105933K->82510K(107008K), 0.0006390 secs] [Times: user=0.00 sys=0.00, real=0.00 secs] 
121.751: Total time for which application threads were stopped: 0.0007990 seconds, Stopping threads took: 0.0000790 seconds
121.892: Application time: 0.1410640 seconds
121.892: [GC [PSYoungGen: 23904K->272K(24064K)] 106062K->82686K(107008K), 0.0006470 secs] [Times: user=0.00 sys=0.00, real=0.00 secs] 
121.893: Total time for which application threads were stopped: 0.0008010 seconds, Stopping threads took: 0.0000580 seconds
122.036: Application time: 0.1430680 seconds
122.036: [GC [PSYoungGen: 23824K->192K(24064K)] 106238K->82782K(107008K), 0.0006200 secs] [Times: user=0.01 sys=0.00, real=0.00 secs] 
122.037: Total time for which application threads were stopped: 0.0007620 seconds, Stopping threads took: 0.0000590 seconds
122.180: Application time: 0.1430960 seconds
122.180: [GC [PSYoungGen: 23744K->224K(24064K)] 106334K->82814K(107008K), 0.0005230 secs] [Times: user=0.00 sys=0.00, real=0.00 secs] 
122.180: Total time for which application threads were stopped: 0.0006750 seconds, Stopping threads took: 0.0000660 seconds
122.324: Application time: 0.1433940 seconds
122.324: [GC [PSYoungGen: 23776K->256K(24064K)] 106366K->82942K(107008K), 0.0005650 secs] [Times: user=0.00 sys=0.00, real=0.00 secs] 
122.324: [Full GC [PSYoungGen: 256K->0K(24064K)] [ParOldGen: 82686K->2917K(34816K)] 82942K->2917K(58880K) [PSPermGen: 6058K->6055K(21504K)], 0.0215100 secs] [Times: user=0.11 sys=0.00, real=0.02 secs] 
122.346: Total time for which application threads were stopped: 0.0222730 seconds, Stopping threads took: 0.0000620 seconds
122.490: Application time: 0.1440260 seconds
122.490: [GC [PSYoungGen: 23552K->256K(24064K)] 26469K->3173K(58880K), 0.0004410 secs] [Times: user=0.00 sys=0.00, real=0.00 secs] 
122.491: Total time for which application threads were stopped: 0.0005900 seconds, Stopping threads took: 0.0000560 seconds
122.631: Application time: 0.1400940 seconds
122.631: [GC [PSYoungGen: 23807K->368K(24064K)] 26724K->3317K(58880K), 0.0004270 secs] [Times: user=0.01 sys=0.00, real=0.00 secs] 
122.631: Total time for which application threads were stopped: 0.0005650 seconds, Stopping threads took: 0.0000600 seconds
122.772: Application time: 0.1410030 seconds
122.772: [GC [PSYoungGen: 23920K->352K(24064K)] 26869K->3529K(58880K), 0.0005400 secs] [Times: user=0.00 sys=0.00, real=0.00 secs] 
122.773: Total time for which application threads were stopped: 0.0006920 seconds, Stopping threads took: 0.0000690 seconds
122.917: Application time: 0.1440310 seconds
122.917: [GC [PSYoungGen: 23904K->256K(24064K)] 27081K->3645K(58880K), 0.0004720 secs] [Times: user=0.00 sys=0.00, real=0.00 secs] 
122.918: Total time for which application threads were stopped: 0.0006260 seconds, Stopping threads took: 0.0000750 seconds
123.061: Application time: 0.1431550 seconds
123.063: [GC [PSYoungGen: 23808K->224K(24064K)] 27197K->3613K(58880K), 0.0004600 secs] [Times: user=0.00 sys=0.00, real=0.00 secs] 
123.064: Total time for which application threads were stopped: 0.0030880 seconds, Stopping threads took: 0.0025360 seconds
123.207: Application time: 0.1431110 seconds
123.211: [GC [PSYoungGen: 23776K->224K(24064K)] 27165K->3709K(58880K), 0.0004880 secs] [Times: user=0.01 sys=0.00, real=0.00 secs] 
123.212: Total time for which application threads were stopped: 0.0049170 seconds, Stopping threads took: 0.0043490 seconds
123.355: Application time: 0.1433140 seconds
123.355: [GC [PSYoungGen: 23776K->256K(24064K)] 27261K->3837K(58880K), 0.0004410 secs] [Times: user=0.00 sys=0.00, real=0.00 secs] 
123.356: Total time for which application threads were stopped: 0.0006040 seconds, Stopping threads took: 0.0000700 seconds
123.496: Application time: 0.1402800 seconds
123.496: [GC [PSYoungGen: 23808K->352K(24064K)] 27389K->3934K(58880K), 0.0004740 secs] [Times: user=0.00 sys=0.00, real=0.00 secs] 
123.497: Total time for which application threads were stopped: 0.0006070 seconds, Stopping threads took: 0.0000520 seconds
123.638: Application time: 0.1415120 seconds
123.638: [GC [PSYoungGen: 23904K->288K(24064K)] 27486K->4110K(58880K), 0.0005620 secs] [Times: user=0.00 sys=0.00, real=0.00 secs] 
123.639: Total time for which application threads were stopped: 0.0007020 seconds, Stopping threads took: 0.0000540 seconds
123.782: Application time: 0.1431630 seconds
123.782: [GC [PSYoungGen: 23840K->192K(24064K)] 27662K->4190K(58880K), 0.0006160 secs] [Times: user=0.00 sys=0.00, real=0.00 secs] 
123.783: Total time for which application threads were stopped: 0.0007780 seconds, Stopping threads took: 0.0000800 seconds
123.926: Application time: 0.1432920 seconds
123.926: [GC [PSYoungGen: 23744K->256K(24064K)] 27742K->4254K(58880K), 0.0004760 secs] [Times: user=0.00 sys=0.00, real=0.00 secs] 
123.927: Total time for which application threads were stopped: 0.0006030 seconds, Stopping threads took: 0.0000520 seconds
124.070: Application time: 0.1431680 seconds
124.070: [GC [PSYoungGen: 23808K->256K(24064K)] 27806K->4374K(58880K), 0.0004500 secs] [Times: user=0.00 sys=0.00, real=0.00 secs] 
124.071: Total time for which application threads were stopped: 0.0005960 seconds, Stopping threads took: 0.0000660 seconds
124.214: Application time: 0.1432580 seconds
124.214: [GC [PSYoungGen: 23808K->256K(24064K)] 27926K->4446K(58880K), 0.0004440 secs] [Times: user=0.00 sys=0.00, real=0.00 secs] 
124.214: Total time for which application threads were stopped: 0.0006210 seconds, Stopping threads took: 0.0000850 seconds
124.355: Application time: 0.1403150 seconds
124.355: [GC [PSYoungGen: 23808K->336K(24064K)] 27998K->4526K(58880K), 0.0004860 secs] [Times: user=0.00 sys=0.00, real=0.01 secs] 
124.355: Total time for which application threads were stopped: 0.0006220 seconds, Stopping threads took: 0.0000520 seconds
124.496: Application time: 0.1410670 seconds
124.497: [GC [PSYoungGen: 23888K->352K(24064K)] 28078K->4778K(58880K), 0.0005560 secs] [Times: user=0.00 sys=0.00, real=0.00 secs] 
124.497: Total time for which application threads were stopped: 0.0007130 seconds, Stopping threads took: 0.0000770 seconds
124.640: Application time: 0.1432240 seconds
124.640: [GC [PSYoungGen: 23904K->256K(24064K)] 28330K->4878K(58880K), 0.0004620 secs] [Times: user=0.00 sys=0.00, real=0.00 secs] 
124.642: Total time for which application threads were stopped: 0.0017250 seconds, Stopping threads took: 0.0000690 seconds
124.776: Application time: 0.1335980 seconds
124.776: [GC [PSYoungGen: 23808K->256K(24064K)] 28430K->4878K(58880K), 0.0004250 secs] [Times: user=0.00 sys=0.00, real=0.00 secs] 
124.776: Total time for which application threads were stopped: 0.0005790 seconds, Stopping threads took: 0.0000680 seconds
124.907: Application time: 0.1303780 seconds
124.907: [GC [PSYoungGen: 23808K->224K(24064K)] 28430K->4967K(58880K), 0.0004950 secs] [Times: user=0.00 sys=0.00, real=0.01 secs] 
124.907: Total time for which application threads were stopped: 0.0006440 seconds, Stopping threads took: 0.0000620 seconds
125.038: Application time: 0.1303430 seconds
125.038: [GC [PSYoungGen: 23776K->256K(24064K)] 28519K->5071K(58880K), 0.0003780 secs] [Times: user=0.01 sys=0.00, real=0.00 secs] 
125.038: Total time for which application threads were stopped: 0.0005300 seconds, Stopping threads took: 0.0000750 seconds
125.165: Application time: 0.1273470 seconds
125.166: [GC [PSYoungGen: 23808K->336K(24064K)] 28623K->5151K(58880K), 0.0004530 secs] [Times: user=0.01 sys=0.00, real=0.00 secs] 
125.166: Total time for which application threads were stopped: 0.0005940 seconds, Stopping threads took: 0.0000640 seconds
125.295: Application time: 0.1285700 seconds
125.295: [GC [PSYoungGen: 23888K->288K(24064K)] 28703K->5343K(58880K), 0.0005390 secs] [Times: user=0.00 sys=0.00, real=0.01 secs] 
125.295: Total time for which application threads were stopped: 0.0006770 seconds, Stopping threads took: 0.0000530 seconds
125.425: Application time: 0.1296610 seconds
125.425: [GC [PSYoungGen: 23840K->256K(24064K)] 28895K->5503K(58880K), 0.0004240 secs] [Times: user=0.00 sys=0.00, real=0.00 secs] 
125.426: Total time for which application threads were stopped: 0.0005630 seconds, Stopping threads took: 0.0000550 seconds
125.555: Application time: 0.1289270 seconds
125.555: [GC [PSYoungGen: 23808K->256K(24064K)] 29055K->5503K(58880K), 0.0003770 secs] [Times: user=0.00 sys=0.00, real=0.00 secs] 
125.555: Total time for which application threads were stopped: 0.0005210 seconds, Stopping threads took: 0.0000650 seconds
125.685: Application time: 0.1301540 seconds
125.685: [GC [PSYoungGen: 23808K->256K(24064K)] 29055K->5623K(58880K), 0.0004520 secs] [Times: user=0.00 sys=0.00, real=0.00 secs] 
125.686: Total time for which application threads were stopped: 0.0006090 seconds, Stopping threads took: 0.0000810 seconds
125.816: Application time: 0.1302670 seconds
125.816: [GC [PSYoungGen: 23808K->256K(24064K)] 29175K->5695K(58880K), 0.0004120 secs] [Times: user=0.00 sys=0.00, real=0.00 secs] 
125.817: Total time for which application threads were stopped: 0.0005770 seconds, Stopping threads took: 0.0000700 seconds
125.945: Application time: 0.1278720 seconds
125.945: [GC [PSYoungGen: 23808K->352K(24064K)] 29247K->5791K(58880K), 0.0004950 secs] [Times: user=0.00 sys=0.00, real=0.00 secs] 
125.945: Total time for which application threads were stopped: 0.0006300 seconds, Stopping threads took: 0.0000590 seconds
126.073: Application time: 0.1281510 seconds
126.073: [GC [PSYoungGen: 23904K->272K(24064K)] 29343K->5963K(58880K), 0.0004900 secs] [Times: user=0.00 sys=0.00, real=0.00 secs] 
126.074: Total time for which application threads were stopped: 0.0006320 seconds, Stopping threads took: 0.0000670 seconds
126.204: Application time: 0.1305180 seconds
126.205: [GC [PSYoungGen: 23824K->256K(24064K)] 29515K->6143K(58880K), 0.0004560 secs] [Times: user=0.00 sys=0.00, real=0.00 secs] 
126.205: Total time for which application threads were stopped: 0.0005910 seconds, Stopping threads took: 0.0000550 seconds
126.335: Application time: 0.1302680 seconds
126.335: [GC [PSYoungGen: 23808K->224K(24064K)] 29695K->6111K(58880K), 0.0004200 secs] [Times: user=0.00 sys=0.00, real=0.00 secs] 
126.336: Total time for which application threads were stopped: 0.0005620 seconds, Stopping threads took: 0.0000560 seconds
126.466: Application time: 0.1300190 seconds
126.466: [GC [PSYoungGen: 23776K->192K(24064K)] 29663K->6200K(58880K), 0.0005230 secs] [Times: user=0.00 sys=0.00, real=0.00 secs] 
126.467: Total time for which application threads were stopped: 0.0006650 seconds, Stopping threads took: 0.0000630 seconds
126.597: Application time: 0.1303250 seconds
126.597: [GC [PSYoungGen: 23744K->224K(24064K)] 29752K->6296K(58880K), 0.0004640 secs] [Times: user=0.00 sys=0.00, real=0.00 secs] 
126.597: Total time for which application threads were stopped: 0.0006000 seconds, Stopping threads took: 0.0000580 seconds
126.725: Application time: 0.1275310 seconds
126.725: [GC [PSYoungGen: 23776K->368K(24064K)] 29848K->6440K(58880K), 0.0004640 secs] [Times: user=0.01 sys=0.00, real=0.00 secs] 
126.726: Total time for which application threads were stopped: 0.0005980 seconds, Stopping threads took: 0.0000570 seconds
126.854: Application time: 0.1286160 seconds
126.854: [GC [PSYoungGen: 23920K->272K(24064K)] 29992K->6604K(58880K), 0.0005490 secs] [Times: user=0.00 sys=0.00, real=0.00 secs] 
126.855: Total time for which application threads were stopped: 0.0006950 seconds, Stopping threads took: 0.0000620 seconds
126.985: Application time: 0.1301920 seconds
126.985: [GC [PSYoungGen: 23824K->224K(24064K)] 30156K->6716K(58880K), 0.0004480 secs] [Times: user=0.00 sys=0.00, real=0.00 secs] 
126.986: Total time for which application threads were stopped: 0.0005780 seconds, Stopping threads took: 0.0000550 seconds
127.116: Application time: 0.1298310 seconds
127.116: [GC [PSYoungGen: 23776K->256K(24064K)] 30268K->6748K(58880K), 0.0004500 secs] [Times: user=0.00 sys=0.00, real=0.00 secs] 
127.116: Total time for which application threads were stopped: 0.0005850 seconds, Stopping threads took: 0.0000540 seconds
127.246: Application time: 0.1293970 seconds
127.246: [GC [PSYoungGen: 23808K->256K(24064K)] 30300K->6844K(58880K), 0.0004920 secs] [Times: user=0.00 sys=0.00, real=0.00 secs] 
127.246: Total time for which application threads were stopped: 0.0006270 seconds, Stopping threads took: 0.0000560 seconds
127.376: Application time: 0.1302420 seconds
127.379: [GC [PSYoungGen: 23808K->224K(24064K)] 30396K->6908K(58880K), 0.0004220 secs] [Times: user=0.01 sys=0.00, real=0.00 secs] 
127.380: Total time for which application threads were stopped: 0.0033920 seconds, Stopping threads took: 0.0028830 seconds
127.507: Application time: 0.1274760 seconds
127.507: [GC [PSYoungGen: 23776K->288K(24064K)] 30460K->6972K(58880K), 0.0004750 secs] [Times: user=0.00 sys=0.00, real=0.00 secs] 
127.508: Total time for which application threads were stopped: 0.0006280 seconds, Stopping threads took: 0.0000740 seconds
127.637: Application time: 0.1286690 seconds
127.637: [GC [PSYoungGen: 23840K->320K(24064K)] 30524K->7224K(58880K), 0.0004980 secs] [Times: user=0.00 sys=0.00, real=0.00 secs] 
127.637: Total time for which application threads were stopped: 0.0006520 seconds, Stopping threads took: 0.0000760 seconds
127.767: Application time: 0.1301820 seconds
127.768: [GC [PSYoungGen: 23872K->224K(24064K)] 30776K->7333K(58880K), 0.0004870 secs] [Times: user=0.00 sys=0.00, real=0.00 secs] 
127.768: Total time for which application threads were stopped: 0.0006290 seconds, Stopping threads took: 0.0000610 seconds
127.898: Application time: 0.1304640 seconds
127.899: [GC [PSYoungGen: 23776K->224K(24064K)] 30885K->7333K(58880K), 0.0004480 secs] [Times: user=0.00 sys=0.00, real=0.00 secs] 
127.899: Total time for which application threads were stopped: 0.0005970 seconds, Stopping threads took: 0.0000580 seconds
128.029: Application time: 0.1295470 seconds
128.029: [GC [PSYoungGen: 23776K->256K(24064K)] 30885K->7461K(58880K), 0.0004280 secs] [Times: user=0.00 sys=0.00, real=0.00 secs] 
128.029: Total time for which application threads were stopped: 0.0005620 seconds, Stopping threads took: 0.0000580 seconds
128.159: Application time: 0.1302800 seconds
128.160: [GC [PSYoungGen: 23808K->256K(24064K)] 31013K->7557K(58880K), 0.0004340 secs] [Times: user=0.00 sys=0.00, real=0.00 secs] 
128.160: Total time for which application threads were stopped: 0.0005770 seconds, Stopping threads took: 0.0000600 seconds
128.288: Application time: 0.1280410 seconds
128.288: [GC [PSYoungGen: 23808K->352K(24064K)] 31109K->7653K(58880K), 0.0004670 secs] [Times: user=0.00 sys=0.00, real=0.00 secs] 
128.289: Total time for which application threads were stopped: 0.0005960 seconds, Stopping threads took: 0.0000550 seconds
128.417: Application time: 0.1278050 seconds
128.417: [GC [PSYoungGen: 23904K->336K(24064K)] 31205K->7861K(58880K), 0.0004990 secs] [Times: user=0.00 sys=0.00, real=0.00 secs] 
128.417: Total time for which application threads were stopped: 0.0006440 seconds, Stopping threads took: 0.0000560 seconds
128.547: Application time: 0.1301960 seconds
128.547: [GC [PSYoungGen: 23888K->256K(24064K)] 31413K->7989K(58880K), 0.0004380 secs] [Times: user=0.00 sys=0.00, real=0.00 secs] 
128.548: Total time for which application threads were stopped: 0.0005680 seconds, Stopping threads took: 0.0000540 seconds
128.678: Application time: 0.1301570 seconds
128.678: [GC [PSYoungGen: 23808K->256K(24064K)] 31541K->7989K(58880K), 0.0003920 secs] [Times: user=0.00 sys=0.00, real=0.00 secs] 
128.679: Total time for which application threads were stopped: 0.0005190 seconds, Stopping threads took: 0.0000520 seconds
128.809: Application time: 0.1303370 seconds
128.809: [GC [PSYoungGen: 23808K->224K(24064K)] 31541K->8069K(58880K), 0.0004940 secs] [Times: user=0.00 sys=0.00, real=0.00 secs] 
128.810: Total time for which application threads were stopped: 0.0006250 seconds, Stopping threads took: 0.0000550 seconds
128.940: Application time: 0.1303830 seconds
128.940: [GC [PSYoungGen: 23776K->256K(24064K)] 31621K->8173K(58880K), 0.0004060 secs] [Times: user=0.00 sys=0.00, real=0.00 secs] 
128.941: Total time for which application threads were stopped: 0.0005600 seconds, Stopping threads took: 0.0000530 seconds
129.068: Application time: 0.1277570 seconds
129.068: [GC [PSYoungGen: 23808K->416K(24064K)] 31725K->8333K(58880K), 0.0005720 secs] [Times: user=0.00 sys=0.00, real=0.00 secs] 
129.069: Total time for which application threads were stopped: 0.0007180 seconds, Stopping threads took: 0.0000660 seconds
129.197: Application time: 0.1283510 seconds
129.197: [GC [PSYoungGen: 23968K->288K(24064K)] 31885K->8449K(58880K), 0.0005180 secs] [Times: user=0.01 sys=0.00, real=0.00 secs] 
129.198: Total time for which application threads were stopped: 0.0006510 seconds, Stopping threads took: 0.0000580 seconds
129.328: Application time: 0.1302850 seconds
129.328: [GC [PSYoungGen: 23840K->256K(24064K)] 32001K->8610K(58880K), 0.0004330 secs] [Times: user=0.01 sys=0.00, real=0.00 secs] 
129.329: Total time for which application threads were stopped: 0.0005700 seconds, Stopping threads took: 0.0000630 seconds
129.459: Application time: 0.1301870 seconds
129.459: [GC [PSYoungGen: 23808K->256K(24064K)] 32162K->8610K(58880K), 0.0004590 secs] [Times: user=0.00 sys=0.00, real=0.00 secs] 
129.460: Total time for which application threads were stopped: 0.0006090 seconds, Stopping threads took: 0.0000610 seconds
129.590: Application time: 0.1298630 seconds
129.590: [GC [PSYoungGen: 23808K->256K(24064K)] 32162K->8730K(58880K), 0.0004130 secs] [Times: user=0.00 sys=0.00, real=0.00 secs] 
129.590: Total time for which application threads were stopped: 0.0005450 seconds, Stopping threads took: 0.0000600 seconds
129.720: Application time: 0.1301600 seconds
129.723: [GC [PSYoungGen: 23808K->128K(24064K)] 32282K->8674K(58880K), 0.0004780 secs] [Times: user=0.00 sys=0.00, real=0.00 secs] 
129.725: Total time for which application threads were stopped: 0.0046480 seconds, Stopping threads took: 0.0030610 seconds
129.853: Application time: 0.1281060 seconds
129.853: [GC [PSYoungGen: 23680K->336K(24064K)] 32226K->8882K(58880K), 0.0005460 secs] [Times: user=0.00 sys=0.00, real=0.00 secs] 
129.854: Total time for which application threads were stopped: 0.0006950 seconds, Stopping threads took: 0.0000710 seconds
129.982: Application time: 0.1281640 seconds
129.982: [GC [PSYoungGen: 23888K->288K(24064K)] 32434K->9090K(58880K), 0.0005500 secs] [Times: user=0.00 sys=0.00, real=0.00 secs] 
129.983: Total time for which application threads were stopped: 0.0007290 seconds, Stopping threads took: 0.0000910 seconds
130.113: Application time: 0.1303870 seconds
130.113: [GC [PSYoungGen: 23840K->256K(24064K)] 32642K->9230K(58880K), 0.0004240 secs] [Times: user=0.00 sys=0.00, real=0.00 secs] 
130.114: Total time for which application threads were stopped: 0.0005570 seconds, Stopping threads took: 0.0000590 seconds
130.243: Application time: 0.1298270 seconds
130.243: [GC [PSYoungGen: 23808K->256K(24064K)] 32782K->9230K(58880K), 0.0004280 secs] [Times: user=0.00 sys=0.00, real=0.00 secs] 
130.244: Total time for which application threads were stopped: 0.0005670 seconds, Stopping threads took: 0.0000610 seconds
130.374: Application time: 0.1300520 seconds
130.374: [GC [PSYoungGen: 23808K->256K(24064K)] 32782K->9350K(58880K), 0.0004610 secs] [Times: user=0.00 sys=0.00, real=0.00 secs] 
130.375: Total time for which application threads were stopped: 0.0006030 seconds, Stopping threads took: 0.0000650 seconds
130.505: Application time: 0.1304470 seconds
130.505: [GC [PSYoungGen: 23808K->256K(24064K)] 32902K->9422K(58880K), 0.0004610 secs] [Times: user=0.00 sys=0.00, real=0.00 secs] 
130.506: Total time for which application threads were stopped: 0.0006120 seconds, Stopping threads took: 0.0000640 seconds
130.633: Application time: 0.1270010 seconds
130.633: [GC [PSYoungGen: 23808K->416K(24064K)] 32974K->9582K(58880K), 0.0004350 secs] [Times: user=0.00 sys=0.00, real=0.00 secs] 
130.633: Total time for which application threads were stopped: 0.0005650 seconds, Stopping threads took: 0.0000540 seconds
130.762: Application time: 0.1286990 seconds
130.762: [GC [PSYoungGen: 23968K->272K(24064K)] 33134K->9730K(58880K), 0.0005340 secs] [Times: user=0.00 sys=0.00, real=0.00 secs] 
130.763: Total time for which application threads were stopped: 0.0006830 seconds, Stopping threads took: 0.0000690 seconds
130.893: Application time: 0.1299260 seconds
130.893: [GC [PSYoungGen: 23824K->256K(24064K)] 33282K->9859K(58880K), 0.0004520 secs] [Times: user=0.00 sys=0.00, real=0.00 secs] 
130.893: Total time for which application threads were stopped: 0.0005880 seconds, Stopping threads took: 0.0000590 seconds
131.023: Application time: 0.1300070 seconds
131.023: [GC [PSYoungGen: 23808K->256K(24064K)] 33411K->9859K(58880K), 0.0004360 secs] [Times: user=0.00 sys=0.00, real=0.00 secs] 
131.024: Total time for which application threads were stopped: 0.0005900 seconds, Stopping threads took: 0.0000600 seconds
131.154: Application time: 0.1304250 seconds
131.154: [GC [PSYoungGen: 23808K->256K(24064K)] 33411K->9979K(58880K), 0.0004270 secs] [Times: user=0.00 sys=0.00, real=0.00 secs] 
131.155: Total time for which application threads were stopped: 0.0005740 seconds, Stopping threads took: 0.0000710 seconds
131.285: Application time: 0.1305540 seconds
131.287: [GC [PSYoungGen: 23808K->256K(24064K)] 33531K->10051K(58880K), 0.0004260 secs] [Times: user=0.00 sys=0.00, real=0.00 secs] 
131.288: Total time for which application threads were stopped: 0.0025070 seconds, Stopping threads took: 0.0020050 seconds
131.415: Application time: 0.1274160 seconds
131.415: [GC [PSYoungGen: 23808K->400K(24064K)] 33603K->10195K(58880K), 0.0004620 secs] [Times: user=0.00 sys=0.00, real=0.00 secs] 
131.416: Total time for which application threads were stopped: 0.0006110 seconds, Stopping threads took: 0.0000730 seconds
131.544: Application time: 0.1286350 seconds
131.545: [GC [PSYoungGen: 23952K->320K(24064K)] 33747K->10383K(58880K), 0.0005130 secs] [Times: user=0.00 sys=0.00, real=0.00 secs] 
131.545: Total time for which application threads were stopped: 0.0006560 seconds, Stopping threads took: 0.0000550 seconds
131.675: Application time: 0.1302990 seconds
131.676: [GC [PSYoungGen: 23872K->256K(24064K)] 33935K->10487K(58880K), 0.0004500 secs] [Times: user=0.00 sys=0.00, real=0.00 secs] 
131.676: Total time for which application threads were stopped: 0.0005900 seconds, Stopping threads took: 0.0000600 seconds
131.806: Application time: 0.1298560 seconds
131.806: [GC [PSYoungGen: 23808K->208K(24064K)] 34039K->10439K(58880K), 0.0004370 secs] [Times: user=0.00 sys=0.00, real=0.00 secs] 
131.806: Total time for which application threads were stopped: 0.0005760 seconds, Stopping threads took: 0.0000640 seconds
131.937: Application time: 0.1304280 seconds
131.937: [GC [PSYoungGen: 23760K->256K(24064K)] 33991K->10607K(58880K), 0.0004330 secs] [Times: user=0.00 sys=0.00, real=0.00 secs] 
131.937: Total time for which application threads were stopped: 0.0005880 seconds, Stopping threads took: 0.0000820 seconds
132.068: Application time: 0.1302570 seconds
132.068: [GC [PSYoungGen: 23808K->256K(24064K)] 34159K->10679K(58880K), 0.0004660 secs] [Times: user=0.00 sys=0.00, real=0.00 secs] 
132.068: Total time for which application threads were stopped: 0.0006240 seconds, Stopping threads took: 0.0000650 seconds
132.196: Application time: 0.1271960 seconds
132.196: [GC [PSYoungGen: 23808K->368K(24064K)] 34231K->10791K(58880K), 0.0004500 secs] [Times: user=0.00 sys=0.00, real=0.00 secs] 
132.196: Total time for which application threads were stopped: 0.0005750 seconds, Stopping threads took: 0.0000510 seconds
132.325: Application time: 0.1284040 seconds
132.325: [GC [PSYoungGen: 23920K->320K(24064K)] 34343K->11011K(58880K), 0.0005240 secs] [Times: user=0.01 sys=0.00, real=0.00 secs] 
132.325: Total time for which application threads were stopped: 0.0006820 seconds, Stopping threads took: 0.0000770 seconds
132.455: Application time: 0.1300460 seconds
132.459: [GC [PSYoungGen: 23872K->256K(24064K)] 34563K->11116K(58880K), 0.0004780 secs] [Times: user=0.00 sys=0.00, real=0.00 secs] 
132.460: Total time for which application threads were stopped: 0.0045980 seconds, Stopping threads took: 0.0040440 seconds
132.589: Application time: 0.1287440 seconds
132.589: [GC [PSYoungGen: 23808K->256K(24064K)] 34668K->11116K(58880K), 0.0004520 secs] [Times: user=0.00 sys=0.00, real=0.00 secs] 
132.589: Total time for which application threads were stopped: 0.0005990 seconds, Stopping threads took: 0.0000590 seconds
132.719: Application time: 0.1302550 seconds
132.720: [GC [PSYoungGen: 23808K->256K(24064K)] 34668K->11236K(58880K), 0.0004290 secs] [Times: user=0.00 sys=0.00, real=0.00 secs] 
132.720: Total time for which application threads were stopped: 0.0005690 seconds, Stopping threads took: 0.0000640 seconds
132.851: Application time: 0.1311610 seconds
132.851: [GC [PSYoungGen: 23808K->256K(24064K)] 34788K->11308K(58880K), 0.0004060 secs] [Times: user=0.00 sys=0.00, real=0.00 secs] 
132.852: Total time for which application threads were stopped: 0.0005380 seconds, Stopping threads took: 0.0000570 seconds
132.979: Application time: 0.1275570 seconds
132.979: [GC [PSYoungGen: 23808K->352K(24064K)] 34860K->11404K(58880K), 0.0004440 secs] [Times: user=0.00 sys=0.00, real=0.00 secs] 
132.980: Total time for which application threads were stopped: 0.0005770 seconds, Stopping threads took: 0.0000590 seconds
133.107: Application time: 0.1275320 seconds
133.108: [GC [PSYoungGen: 23904K->288K(24064K)] 34956K->11596K(58880K), 0.0004900 secs] [Times: user=0.00 sys=0.00, real=0.00 secs] 
133.108: Total time for which application threads were stopped: 0.0006320 seconds, Stopping threads took: 0.0000570 seconds
133.239: Application time: 0.1312120 seconds
133.239: [GC [PSYoungGen: 23840K->256K(24064K)] 35148K->11724K(58880K), 0.0004430 secs] [Times: user=0.00 sys=0.00, real=0.00 secs] 
133.240: Total time for which application threads were stopped: 0.0005730 seconds, Stopping threads took: 0.0000500 seconds
133.369: Application time: 0.1296500 seconds
133.370: [GC [PSYoungGen: 23808K->256K(24064K)] 35276K->11724K(58880K), 0.0004290 secs] [Times: user=0.00 sys=0.00, real=0.00 secs] 
133.370: Total time for which application threads were stopped: 0.0005590 seconds, Stopping threads took: 0.0000520 seconds
133.500: Application time: 0.1300340 seconds
133.500: [GC [PSYoungGen: 23808K->256K(24064K)] 35276K->11844K(58880K), 0.0004620 secs] [Times: user=0.00 sys=0.00, real=0.00 secs] 
133.501: Total time for which application threads were stopped: 0.0006120 seconds, Stopping threads took: 0.0000660 seconds
133.632: Application time: 0.1310860 seconds
133.632: [GC [PSYoungGen: 23808K->256K(24064K)] 35396K->11916K(58880K), 0.0004330 secs] [Times: user=0.00 sys=0.00, real=0.00 secs] 
133.632: Total time for which application threads were stopped: 0.0005840 seconds, Stopping threads took: 0.0000650 seconds
133.760: Application time: 0.1273720 seconds
133.760: [GC [PSYoungGen: 23808K->352K(24064K)] 35468K->12012K(58880K), 0.0004650 secs] [Times: user=0.00 sys=0.00, real=0.00 secs] 
133.760: Total time for which application threads were stopped: 0.0005960 seconds, Stopping threads took: 0.0000530 seconds
133.889: Application time: 0.1284960 seconds
133.889: [GC [PSYoungGen: 23904K->320K(24064K)] 35564K->12236K(58880K), 0.0005260 secs] [Times: user=0.00 sys=0.00, real=0.00 secs] 
133.889: Total time for which application threads were stopped: 0.0006560 seconds, Stopping threads took: 0.0000510 seconds
134.020: Application time: 0.1306800 seconds
134.020: [GC [PSYoungGen: 23872K->256K(24064K)] 35788K->12349K(58880K), 0.0004260 secs] [Times: user=0.01 sys=0.00, real=0.00 secs] 
134.021: Total time for which application threads were stopped: 0.0005680 seconds, Stopping threads took: 0.0000660 seconds
134.151: Application time: 0.1304030 seconds
134.151: [GC [PSYoungGen: 23808K->256K(24064K)] 35901K->12349K(58880K), 0.0004660 secs] [Times: user=0.00 sys=0.00, real=0.00 secs] 
134.152: Total time for which application threads were stopped: 0.0006050 seconds, Stopping threads took: 0.0000570 seconds
134.282: Application time: 0.1301760 seconds
134.282: [GC [PSYoungGen: 23808K->256K(24064K)] 35901K->12469K(58880K), 0.0004560 secs] [Times: user=0.01 sys=0.00, real=0.00 secs] 
134.283: Total time for which application threads were stopped: 0.0005960 seconds, Stopping threads took: 0.0000510 seconds
134.413: Application time: 0.1302750 seconds
134.413: [GC [PSYoungGen: 23808K->256K(24064K)] 36021K->12541K(58880K), 0.0004210 secs] [Times: user=0.00 sys=0.00, real=0.00 secs] 
134.413: Total time for which application threads were stopped: 0.0005590 seconds, Stopping threads took: 0.0000620 seconds
134.541: Application time: 0.1273510 seconds
134.541: [GC [PSYoungGen: 23808K->352K(24064K)] 36093K->12637K(58880K), 0.0004410 secs] [Times: user=0.00 sys=0.00, real=0.00 secs] 
134.541: Total time for which application threads were stopped: 0.0005710 seconds, Stopping threads took: 0.0000540 seconds
134.670: Application time: 0.1283480 seconds
134.670: [GC [PSYoungGen: 23904K->272K(24064K)] 36189K->12817K(58880K), 0.0005090 secs] [Times: user=0.00 sys=0.00, real=0.00 secs] 
134.670: Total time for which application threads were stopped: 0.0006520 seconds, Stopping threads took: 0.0000550 seconds
134.800: Application time: 0.1297450 seconds
134.800: [GC [PSYoungGen: 23824K->256K(24064K)] 36369K->12961K(58880K), 0.0005190 secs] [Times: user=0.00 sys=0.00, real=0.00 secs] 
134.802: Total time for which application threads were stopped: 0.0016110 seconds, Stopping threads took: 0.0000570 seconds
134.932: Application time: 0.1299530 seconds
134.932: [GC [PSYoungGen: 23808K->256K(24064K)] 36513K->12961K(58880K), 0.0004010 secs] [Times: user=0.00 sys=0.00, real=0.00 secs] 
134.932: Total time for which application threads were stopped: 0.0005440 seconds, Stopping threads took: 0.0000680 seconds
135.062: Application time: 0.1301490 seconds
135.062: [GC [PSYoungGen: 23808K->224K(24064K)] 36513K->13049K(58880K), 0.0004520 secs] [Times: user=0.00 sys=0.00, real=0.00 secs] 
135.063: Total time for which application threads were stopped: 0.0006100 seconds, Stopping threads took: 0.0000840 seconds
135.194: Application time: 0.1308070 seconds
135.194: [GC [PSYoungGen: 23776K->256K(24064K)] 36601K->13153K(58880K), 0.0004280 secs] [Times: user=0.00 sys=0.00, real=0.00 secs] 
135.194: Total time for which application threads were stopped: 0.0005810 seconds, Stopping threads took: 0.0000620 seconds
135.321: Application time: 0.1267530 seconds
135.321: [GC [PSYoungGen: 23807K->336K(24064K)] 36705K->13233K(58880K), 0.0004780 secs] [Times: user=0.01 sys=0.00, real=0.00 secs] 
135.322: Total time for which application threads were stopped: 0.0006040 seconds, Stopping threads took: 0.0000510 seconds
135.341: Application time: 0.0192250 seconds
135.341: Total time for which application threads were stopped: 0.0000650 seconds, Stopping threads took: 0.0000470 seconds
135.452: Application time: 0.1106630 seconds
135.452: [GC [PSYoungGen: 23888K->272K(24064K)] 36785K->13401K(58880K), 0.0004910 secs] [Times: user=0.00 sys=0.00, real=0.00 secs] 
135.452: Total time for which application threads were stopped: 0.0006140 seconds, Stopping threads took: 0.0000510 seconds
135.584: Application time: 0.1318730 seconds
135.584: [GC [PSYoungGen: 23824K->224K(24064K)] 36953K->13498K(58880K), 0.0004350 secs] [Times: user=0.00 sys=0.00, real=0.00 secs] 
135.585: Total time for which application threads were stopped: 0.0005620 seconds, Stopping threads took: 0.0000530 seconds
135.707: Application time: 0.1220510 seconds
135.707: Total time for which application threads were stopped: 0.0000900 seconds, Stopping threads took: 0.0000430 seconds
135.719: Application time: 0.0119920 seconds
135.719: [GC [PSYoungGen: 23776K->224K(24064K)] 37050K->13498K(58880K), 0.0003960 secs] [Times: user=0.00 sys=0.00, real=0.00 secs] 
135.719: Total time for which application threads were stopped: 0.0005070 seconds, Stopping threads took: 0.0000620 seconds
135.868: Application time: 0.1484250 seconds
135.868: [GC [PSYoungGen: 23776K->224K(24064K)] 37050K->13602K(58880K), 0.0005030 secs] [Times: user=0.00 sys=0.00, real=0.00 secs] 
135.868: Total time for which application threads were stopped: 0.0006150 seconds, Stopping threads took: 0.0000370 seconds
135.940: Application time: 0.0711460 seconds
135.940: Total time for which application threads were stopped: 0.0000720 seconds, Stopping threads took: 0.0000360 seconds
135.955: Application time: 0.0152640 seconds
135.955: Total time for which application threads were stopped: 0.0000410 seconds, Stopping threads took: 0.0000290 seconds
136.026: Application time: 0.0710880 seconds
136.026: [GC [PSYoungGen: 23776K->256K(24064K)] 37154K->13658K(58880K), 0.0004320 secs] [Times: user=0.00 sys=0.00, real=0.00 secs] 
136.027: Total time for which application threads were stopped: 0.0005260 seconds, Stopping threads took: 0.0000280 seconds
136.038: Application time: 0.0113680 seconds
136.038: Total time for which application threads were stopped: 0.0000430 seconds, Stopping threads took: 0.0000290 seconds
136.042: Application time: 0.0045490 seconds
136.042: Total time for which application threads were stopped: 0.0000160 seconds, Stopping threads took: 0.0000060 seconds
136.069: Application time: 0.0263460 seconds
136.069: Total time for which application threads were stopped: 0.0000490 seconds, Stopping threads took: 0.0000090 seconds
136.069: Application time: 0.0003220 seconds
136.069: Total time for which application threads were stopped: 0.0000330 seconds, Stopping threads took: 0.0000230 seconds
136.170: Application time: 0.1006150 seconds
136.170: [GC [PSYoungGen: 23808K->480K(24064K)] 37210K->13890K(58880K), 0.0006040 secs] [Times: user=0.00 sys=0.00, real=0.00 secs] 
136.171: Total time for which application threads were stopped: 0.0007580 seconds, Stopping threads took: 0.0000760 seconds
136.301: Application time: 0.1305710 seconds
136.301: [GC [PSYoungGen: 24032K->256K(24064K)] 37442K->14054K(58880K), 0.0005630 secs] [Times: user=0.01 sys=0.00, real=0.00 secs] 
136.302: Total time for which application threads were stopped: 0.0007130 seconds, Stopping threads took: 0.0000610 seconds
136.432: Application time: 0.1305640 seconds
136.433: [GC [PSYoungGen: 23808K->256K(24064K)] 37606K->14054K(58880K), 0.0004240 secs] [Times: user=0.00 sys=0.00, real=0.00 secs] 
136.433: Total time for which application threads were stopped: 0.0005810 seconds, Stopping threads took: 0.0000790 seconds
136.562: Application time: 0.1294260 seconds
136.563: [GC [PSYoungGen: 23808K->224K(24064K)] 37606K->14022K(58880K), 0.0006000 secs] [Times: user=0.01 sys=0.00, real=0.00 secs] 
136.563: Total time for which application threads were stopped: 0.0007400 seconds, Stopping threads took: 0.0000580 seconds
136.694: Application time: 0.1304630 seconds
136.694: [GC [PSYoungGen: 23776K->256K(24064K)] 37574K->14246K(58880K), 0.0005270 secs] [Times: user=0.00 sys=0.00, real=0.00 secs] 
136.694: Total time for which application threads were stopped: 0.0006670 seconds, Stopping threads took: 0.0000600 seconds
136.825: Application time: 0.1301660 seconds
136.825: [GC [PSYoungGen: 23808K->256K(24064K)] 37798K->14246K(58880K), 0.0003760 secs] [Times: user=0.00 sys=0.00, real=0.00 secs] 
136.825: Total time for which application threads were stopped: 0.0005270 seconds, Stopping threads took: 0.0000640 seconds
136.953: Application time: 0.1276410 seconds
136.953: [GC [PSYoungGen: 23808K->480K(24064K)] 37798K->14474K(58880K), 0.0005150 secs] [Times: user=0.00 sys=0.00, real=0.00 secs] 
136.953: Total time for which application threads were stopped: 0.0006470 seconds, Stopping threads took: 0.0000580 seconds
137.084: Application time: 0.1310840 seconds
137.085: [GC [PSYoungGen: 24032K->256K(24064K)] 38026K->14635K(58880K), 0.0005230 secs] [Times: user=0.00 sys=0.00, real=0.00 secs] 
137.085: Total time for which application threads were stopped: 0.0006670 seconds, Stopping threads took: 0.0000600 seconds
137.215: Application time: 0.1299450 seconds
137.215: [GC [PSYoungGen: 23808K->256K(24064K)] 38187K->14635K(58880K), 0.0004210 secs] [Times: user=0.01 sys=0.00, real=0.01 secs] 
137.216: Total time for which application threads were stopped: 0.0005600 seconds, Stopping threads took: 0.0000540 seconds
137.346: Application time: 0.1301240 seconds
137.346: [GC [PSYoungGen: 23808K->240K(24064K)] 38187K->14619K(58880K), 0.0004790 secs] [Times: user=0.00 sys=0.00, real=0.00 secs] 
137.346: Total time for which application threads were stopped: 0.0006340 seconds, Stopping threads took: 0.0000650 seconds
137.477: Application time: 0.1302670 seconds
137.477: [GC [PSYoungGen: 23792K->256K(24064K)] 38171K->14827K(58880K), 0.0004610 secs] [Times: user=0.00 sys=0.00, real=0.00 secs] 
137.477: Total time for which application threads were stopped: 0.0005970 seconds, Stopping threads took: 0.0000590 seconds
137.607: Application time: 0.1300680 seconds
137.607: [GC [PSYoungGen: 23808K->256K(24064K)] 38379K->14827K(58880K), 0.0003990 secs] [Times: user=0.00 sys=0.00, real=0.00 secs] 
137.608: Total time for which application threads were stopped: 0.0005350 seconds, Stopping threads took: 0.0000580 seconds
137.736: Application time: 0.1280530 seconds
137.736: [GC [PSYoungGen: 23808K->496K(24064K)] 38379K->15067K(58880K), 0.0005010 secs] [Times: user=0.00 sys=0.00, real=0.00 secs] 
137.737: Total time for which application threads were stopped: 0.0006330 seconds, Stopping threads took: 0.0000550 seconds
137.867: Application time: 0.1303610 seconds
137.867: [GC [PSYoungGen: 24048K->256K(24064K)] 38619K->15215K(58880K), 0.0005190 secs] [Times: user=0.00 sys=0.00, real=0.01 secs] 
137.868: Total time for which application threads were stopped: 0.0006580 seconds, Stopping threads took: 0.0000500 seconds
137.998: Application time: 0.1301200 seconds
137.998: [GC [PSYoungGen: 23808K->256K(24064K)] 38767K->15215K(58880K), 0.0004140 secs] [Times: user=0.00 sys=0.00, real=0.00 secs] 
137.998: Total time for which application threads were stopped: 0.0005490 seconds, Stopping threads took: 0.0000550 seconds
138.128: Application time: 0.1293890 seconds
138.128: [GC [PSYoungGen: 23808K->256K(24064K)] 38767K->15215K(58880K), 0.0004470 secs] [Times: user=0.00 sys=0.00, real=0.00 secs] 
138.128: Total time for which application threads were stopped: 0.0005830 seconds, Stopping threads took: 0.0000550 seconds
138.258: Application time: 0.1297350 seconds
138.258: [GC [PSYoungGen: 23808K->256K(24064K)] 38767K->15407K(58880K), 0.0004300 secs] [Times: user=0.00 sys=0.00, real=0.00 secs] 
138.259: Total time for which application threads were stopped: 0.0005790 seconds, Stopping threads took: 0.0000670 seconds
138.389: Application time: 0.1302610 seconds
138.389: [GC [PSYoungGen: 23808K->256K(24064K)] 38959K->15407K(58880K), 0.0003920 secs] [Times: user=0.00 sys=0.00, real=0.00 secs] 
138.389: Total time for which application threads were stopped: 0.0005360 seconds, Stopping threads took: 0.0000570 seconds
138.515: Application time: 0.1258300 seconds
138.515: [GC [PSYoungGen: 23808K->496K(24064K)] 38959K->15667K(58880K), 0.0005270 secs] [Times: user=0.01 sys=0.00, real=0.00 secs] 
138.516: Total time for which application threads were stopped: 0.0006930 seconds, Stopping threads took: 0.0000850 seconds
138.646: Application time: 0.1301040 seconds
138.646: [GC [PSYoungGen: 24048K->256K(24064K)] 39219K->15800K(58880K), 0.0005270 secs] [Times: user=0.00 sys=0.00, real=0.00 secs] 
138.647: Total time for which application threads were stopped: 0.0006730 seconds, Stopping threads took: 0.0000650 seconds
138.777: Application time: 0.1307510 seconds
138.778: [GC [PSYoungGen: 23808K->256K(24064K)] 39352K->15800K(58880K), 0.0003920 secs] [Times: user=0.00 sys=0.00, real=0.00 secs] 
138.778: Total time for which application threads were stopped: 0.0005310 seconds, Stopping threads took: 0.0000610 seconds
138.908: Application time: 0.1303470 seconds
138.908: [GC [PSYoungGen: 23808K->256K(24064K)] 39352K->15800K(58880K), 0.0004660 secs] [Times: user=0.00 sys=0.00, real=0.00 secs] 
138.909: Total time for which application threads were stopped: 0.0006180 seconds, Stopping threads took: 0.0000620 seconds
139.040: Application time: 0.1307310 seconds
139.040: [GC [PSYoungGen: 23808K->256K(24064K)] 39352K->15992K(58880K), 0.0004430 secs] [Times: user=0.00 sys=0.00, real=0.00 secs] 
139.040: Total time for which application threads were stopped: 0.0005960 seconds, Stopping threads took: 0.0000710 seconds
139.171: Application time: 0.1303370 seconds
139.171: [GC [PSYoungGen: 23808K->256K(24064K)] 39544K->15992K(58880K), 0.0004790 secs] [Times: user=0.00 sys=0.00, real=0.00 secs] 
139.171: Total time for which application threads were stopped: 0.0006100 seconds, Stopping threads took: 0.0000510 seconds
139.297: Application time: 0.1256860 seconds
139.297: [GC [PSYoungGen: 23808K->464K(24064K)] 39544K->16200K(58880K), 0.0005130 secs] [Times: user=0.00 sys=0.00, real=0.00 secs] 
139.297: Total time for which application threads were stopped: 0.0006380 seconds, Stopping threads took: 0.0000510 seconds
139.428: Application time: 0.1303090 seconds
139.428: [GC [PSYoungGen: 24016K->224K(24064K)] 39752K->16344K(58880K), 0.0005780 secs] [Times: user=0.00 sys=0.00, real=0.00 secs] 
139.429: Total time for which application threads were stopped: 0.0007290 seconds, Stopping threads took: 0.0000660 seconds
139.559: Application time: 0.1302950 seconds
139.559: [GC [PSYoungGen: 23776K->256K(24064K)] 39896K->16376K(58880K), 0.0004020 secs] [Times: user=0.00 sys=0.00, real=0.00 secs] 
139.559: Total time for which application threads were stopped: 0.0005470 seconds, Stopping threads took: 0.0000700 seconds
139.689: Application time: 0.1292640 seconds
139.689: [GC [PSYoungGen: 23808K->256K(24064K)] 39928K->16376K(58880K), 0.0005190 secs] [Times: user=0.00 sys=0.00, real=0.00 secs] 
139.689: Total time for which application threads were stopped: 0.0006620 seconds, Stopping threads took: 0.0000610 seconds
139.820: Application time: 0.1303180 seconds
139.820: [GC [PSYoungGen: 23808K->256K(24064K)] 39928K->16560K(58880K), 0.0004710 secs] [Times: user=0.00 sys=0.00, real=0.00 secs] 
139.821: Total time for which application threads were stopped: 0.0017020 seconds, Stopping threads took: 0.0000650 seconds
139.952: Application time: 0.1305540 seconds
139.952: [GC [PSYoungGen: 23808K->256K(24064K)] 40112K->16560K(58880K), 0.0004350 secs] [Times: user=0.00 sys=0.00, real=0.00 secs] 
139.952: Total time for which application threads were stopped: 0.0005870 seconds, Stopping threads took: 0.0000620 seconds
140.078: Application time: 0.1258870 seconds
140.078: [GC [PSYoungGen: 23808K->496K(24064K)] 40112K->16820K(58880K), 0.0005240 secs] [Times: user=0.00 sys=0.00, real=0.00 secs] 
140.079: Total time for which application threads were stopped: 0.0006580 seconds, Stopping threads took: 0.0000560 seconds
140.210: Application time: 0.1305110 seconds
140.211: [GC [PSYoungGen: 24048K->256K(24064K)] 40372K->16949K(58880K), 0.0005800 secs] [Times: user=0.00 sys=0.00, real=0.00 secs] 
140.212: Total time for which application threads were stopped: 0.0024220 seconds, Stopping threads took: 0.0017640 seconds
140.342: Application time: 0.1300460 seconds
140.342: [GC [PSYoungGen: 23808K->256K(24064K)] 40501K->16949K(58880K), 0.0004390 secs] [Times: user=0.00 sys=0.00, real=0.00 secs] 
140.343: Total time for which application threads were stopped: 0.0005720 seconds, Stopping threads took: 0.0000550 seconds
140.472: Application time: 0.1298290 seconds
140.473: [GC [PSYoungGen: 23808K->256K(24064K)] 40501K->16949K(58880K), 0.0004630 secs] [Times: user=0.00 sys=0.00, real=0.00 secs] 
140.473: Total time for which application threads were stopped: 0.0006210 seconds, Stopping threads took: 0.0000670 seconds
140.603: Application time: 0.1302270 seconds
140.603: [GC [PSYoungGen: 23808K->256K(24064K)] 40501K->17141K(58880K), 0.0004310 secs] [Times: user=0.00 sys=0.00, real=0.00 secs] 
140.604: Total time for which application threads were stopped: 0.0005640 seconds, Stopping threads took: 0.0000550 seconds
140.735: Application time: 0.1308480 seconds
140.735: [GC [PSYoungGen: 23808K->224K(24064K)] 40693K->17109K(58880K), 0.0004270 secs] [Times: user=0.00 sys=0.00, real=0.00 secs] 
140.735: Total time for which application threads were stopped: 0.0005610 seconds, Stopping threads took: 0.0000520 seconds
140.861: Application time: 0.1261320 seconds
140.862: [GC [PSYoungGen: 23776K->496K(24064K)] 40661K->17397K(58880K), 0.0005770 secs] [Times: user=0.00 sys=0.00, real=0.00 secs] 
140.862: Total time for which application threads were stopped: 0.0007200 seconds, Stopping threads took: 0.0000670 seconds
140.993: Application time: 0.1310560 seconds
140.993: [GC [PSYoungGen: 24048K->256K(24064K)] 40949K->17541K(58880K), 0.0006060 secs] [Times: user=0.00 sys=0.00, real=0.00 secs] 
140.994: Total time for which application threads were stopped: 0.0007570 seconds, Stopping threads took: 0.0000600 seconds
141.125: Application time: 0.1306510 seconds
141.125: [GC [PSYoungGen: 23808K->224K(24064K)] 41093K->17509K(58880K), 0.0004440 secs] [Times: user=0.00 sys=0.00, real=0.00 secs] 
141.125: Total time for which application threads were stopped: 0.0005810 seconds, Stopping threads took: 0.0000640 seconds
141.254: Application time: 0.1289340 seconds
141.254: [GC [PSYoungGen: 23776K->256K(24064K)] 41061K->17541K(58880K), 0.0004680 secs] [Times: user=0.00 sys=0.00, real=0.00 secs] 
141.255: Total time for which application threads were stopped: 0.0006120 seconds, Stopping threads took: 0.0000660 seconds
141.385: Application time: 0.1302820 seconds
141.385: [GC [PSYoungGen: 23808K->256K(24064K)] 41093K->17733K(58880K), 0.0004630 secs] [Times: user=0.00 sys=0.00, real=0.00 secs] 
141.386: Total time for which application threads were stopped: 0.0006100 seconds, Stopping threads took: 0.0000630 seconds
141.516: Application time: 0.1301650 seconds
141.516: [GC [PSYoungGen: 23808K->256K(24064K)] 41285K->17733K(58880K), 0.0004270 secs] [Times: user=0.00 sys=0.00, real=0.00 secs] 
141.516: Total time for which application threads were stopped: 0.0005740 seconds, Stopping threads took: 0.0000550 seconds
141.642: Application time: 0.1255460 seconds
141.642: [GC [PSYoungGen: 23808K->496K(24064K)] 41285K->17973K(58880K), 0.0005810 secs] [Times: user=0.00 sys=0.00, real=0.00 secs] 
141.643: Total time for which application threads were stopped: 0.0007170 seconds, Stopping threads took: 0.0000570 seconds
141.773: Application time: 0.1308530 seconds
141.774: [GC [PSYoungGen: 24048K->256K(24064K)] 41525K->18122K(58880K), 0.0005290 secs] [Times: user=0.00 sys=0.00, real=0.00 secs] 
141.774: Total time for which application threads were stopped: 0.0006550 seconds, Stopping threads took: 0.0000530 seconds
141.904: Application time: 0.1302410 seconds
141.904: [GC [PSYoungGen: 23808K->256K(24064K)] 41674K->18122K(58880K), 0.0004250 secs] [Times: user=0.00 sys=0.00, real=0.00 secs] 
141.905: Total time for which application threads were stopped: 0.0005620 seconds, Stopping threads took: 0.0000590 seconds
142.034: Application time: 0.1288370 seconds
142.034: [GC [PSYoungGen: 23808K->256K(24064K)] 41674K->18122K(58880K), 0.0004520 secs] [Times: user=0.00 sys=0.00, real=0.00 secs] 
142.034: Total time for which application threads were stopped: 0.0006040 seconds, Stopping threads took: 0.0000650 seconds
142.164: Application time: 0.1295020 seconds
142.164: [GC [PSYoungGen: 23808K->256K(24064K)] 41674K->18314K(58880K), 0.0004430 secs] [Times: user=0.00 sys=0.00, real=0.00 secs] 
142.164: Total time for which application threads were stopped: 0.0005810 seconds, Stopping threads took: 0.0000640 seconds
142.294: Application time: 0.1298010 seconds
142.294: [GC [PSYoungGen: 23808K->256K(24064K)] 41866K->18314K(58880K), 0.0003990 secs] [Times: user=0.00 sys=0.00, real=0.00 secs] 
142.295: Total time for which application threads were stopped: 0.0005310 seconds, Stopping threads took: 0.0000570 seconds
142.421: Application time: 0.1265390 seconds
142.421: [GC [PSYoungGen: 23808K->496K(24064K)] 41866K->18570K(58880K), 0.0005340 secs] [Times: user=0.00 sys=0.00, real=0.00 secs] 
142.422: Total time for which application threads were stopped: 0.0006640 seconds, Stopping threads took: 0.0000500 seconds
142.552: Application time: 0.1302540 seconds
142.552: [GC [PSYoungGen: 24048K->256K(24064K)] 42122K->18702K(58880K), 0.0005460 secs] [Times: user=0.00 sys=0.00, real=0.00 secs] 
142.553: Total time for which application threads were stopped: 0.0006980 seconds, Stopping threads took: 0.0000570 seconds
142.683: Application time: 0.1305090 seconds
142.684: [GC [PSYoungGen: 23808K->256K(24064K)] 42254K->18702K(58880K), 0.0004250 secs] [Times: user=0.00 sys=0.00, real=0.00 secs] 
142.684: Total time for which application threads were stopped: 0.0005590 seconds, Stopping threads took: 0.0000500 seconds
142.813: Application time: 0.1288910 seconds
142.813: [GC [PSYoungGen: 23808K->256K(24064K)] 42254K->18702K(58880K), 0.0004470 secs] [Times: user=0.00 sys=0.00, real=0.00 secs] 
142.813: Total time for which application threads were stopped: 0.0005770 seconds, Stopping threads took: 0.0000550 seconds
142.944: Application time: 0.1305900 seconds
142.947: [GC [PSYoungGen: 23808K->256K(24064K)] 42254K->18894K(58880K), 0.0004860 secs] [Times: user=0.00 sys=0.00, real=0.00 secs] 
142.948: Total time for which application threads were stopped: 0.0037730 seconds, Stopping threads took: 0.0032060 seconds
143.078: Application time: 0.1304340 seconds
143.078: [GC [PSYoungGen: 23808K->256K(24064K)] 42446K->18894K(58880K), 0.0003850 secs] [Times: user=0.00 sys=0.00, real=0.00 secs] 
143.079: Total time for which application threads were stopped: 0.0005410 seconds, Stopping threads took: 0.0000620 seconds
143.205: Application time: 0.1258170 seconds
143.205: [GC [PSYoungGen: 23808K->496K(24064K)] 42446K->19150K(58880K), 0.0005510 secs] [Times: user=0.01 sys=0.00, real=0.00 secs] 
143.205: Total time for which application threads were stopped: 0.0006840 seconds, Stopping threads took: 0.0000560 seconds
143.336: Application time: 0.1304810 seconds
143.336: [GC [PSYoungGen: 24048K->256K(24064K)] 42702K->19283K(58880K), 0.0005620 secs] [Times: user=0.00 sys=0.00, real=0.00 secs] 
143.337: Total time for which application threads were stopped: 0.0007080 seconds, Stopping threads took: 0.0000610 seconds
143.467: Application time: 0.1301460 seconds
143.467: [GC [PSYoungGen: 23808K->256K(24064K)] 42835K->19283K(58880K), 0.0004020 secs] [Times: user=0.00 sys=0.00, real=0.00 secs] 
143.467: Total time for which application threads were stopped: 0.0005340 seconds, Stopping threads took: 0.0000540 seconds
143.597: Application time: 0.1294210 seconds
143.597: [GC [PSYoungGen: 23808K->256K(24064K)] 42835K->19283K(58880K), 0.0004330 secs] [Times: user=0.00 sys=0.00, real=0.00 secs] 
143.597: Total time for which application threads were stopped: 0.0005800 seconds, Stopping threads took: 0.0000540 seconds
143.728: Application time: 0.1309680 seconds
143.728: [GC [PSYoungGen: 23808K->224K(24064K)] 42835K->19435K(58880K), 0.0004760 secs] [Times: user=0.00 sys=0.00, real=0.00 secs] 
143.729: Total time for which application threads were stopped: 0.0006130 seconds, Stopping threads took: 0.0000590 seconds
143.860: Application time: 0.1310940 seconds
143.860: [GC [PSYoungGen: 23776K->256K(24064K)] 42987K->19467K(58880K), 0.0004880 secs] [Times: user=0.01 sys=0.00, real=0.00 secs] 
143.861: Total time for which application threads were stopped: 0.0006290 seconds, Stopping threads took: 0.0000670 seconds
143.986: Application time: 0.1254540 seconds
143.987: [GC [PSYoungGen: 23808K->480K(24064K)] 43019K->19691K(58880K), 0.0005740 secs] [Times: user=0.00 sys=0.00, real=0.01 secs] 
143.988: Total time for which application threads were stopped: 0.0018570 seconds, Stopping threads took: 0.0012020 seconds
144.118: Application time: 0.1303420 seconds
144.118: [GC [PSYoungGen: 24032K->256K(24064K)] 43243K->19863K(58880K), 0.0005660 secs] [Times: user=0.00 sys=0.00, real=0.00 secs] 
144.119: Total time for which application threads were stopped: 0.0007220 seconds, Stopping threads took: 0.0000670 seconds
144.249: Application time: 0.1302220 seconds
144.249: [GC [PSYoungGen: 23808K->256K(24064K)] 43415K->19863K(58880K), 0.0004500 secs] [Times: user=0.00 sys=0.00, real=0.00 secs] 
144.250: Total time for which application threads were stopped: 0.0005930 seconds, Stopping threads took: 0.0000650 seconds
144.380: Application time: 0.1299120 seconds
144.380: [GC [PSYoungGen: 23808K->256K(24064K)] 43415K->19863K(58880K), 0.0005260 secs] [Times: user=0.00 sys=0.00, real=0.00 secs] 
144.380: Total time for which application threads were stopped: 0.0006600 seconds, Stopping threads took: 0.0000570 seconds
144.511: Application time: 0.1302640 seconds
144.511: [GC [PSYoungGen: 23808K->256K(24064K)] 43415K->20055K(58880K), 0.0004480 secs] [Times: user=0.00 sys=0.00, real=0.00 secs] 
144.512: Total time for which application threads were stopped: 0.0012450 seconds, Stopping threads took: 0.0007210 seconds
144.642: Application time: 0.1302290 seconds
144.642: [GC [PSYoungGen: 23808K->256K(24064K)] 43607K->20055K(58880K), 0.0003800 secs] [Times: user=0.00 sys=0.00, real=0.00 secs] 
144.643: Total time for which application threads were stopped: 0.0005280 seconds, Stopping threads took: 0.0000660 seconds
144.769: Application time: 0.1261350 seconds
144.769: [GC [PSYoungGen: 23808K->496K(24064K)] 43607K->20296K(58880K), 0.0005650 secs] [Times: user=0.01 sys=0.00, real=0.00 secs] 
144.769: Total time for which application threads were stopped: 0.0007080 seconds, Stopping threads took: 0.0000610 seconds
144.900: Application time: 0.1304130 seconds
144.900: [GC [PSYoungGen: 24048K->256K(24064K)] 43848K->20444K(58880K), 0.0005380 secs] [Times: user=0.01 sys=0.01, real=0.00 secs] 
144.901: Total time for which application threads were stopped: 0.0006750 seconds, Stopping threads took: 0.0000640 seconds
145.031: Application time: 0.1302990 seconds
145.031: [GC [PSYoungGen: 23808K->224K(24064K)] 43996K->20412K(58880K), 0.0004820 secs] [Times: user=0.00 sys=0.00, real=0.00 secs] 
145.031: Total time for which application threads were stopped: 0.0006330 seconds, Stopping threads took: 0.0000700 seconds
145.161: Application time: 0.1292130 seconds
145.161: [GC [PSYoungGen: 23776K->240K(24064K)] 43964K->20428K(58880K), 0.0005330 secs] [Times: user=0.00 sys=0.00, real=0.00 secs] 
145.161: Total time for which application threads were stopped: 0.0006940 seconds, Stopping threads took: 0.0000710 seconds
145.292: Application time: 0.1305280 seconds
145.292: [GC [PSYoungGen: 23792K->256K(24064K)] 43980K->20636K(58880K), 0.0004690 secs] [Times: user=0.01 sys=0.00, real=0.00 secs] 
145.293: Total time for which application threads were stopped: 0.0006100 seconds, Stopping threads took: 0.0000600 seconds
145.423: Application time: 0.1303400 seconds
145.427: [GC [PSYoungGen: 23808K->256K(24064K)] 44188K->20636K(58880K), 0.0004530 secs] [Times: user=0.00 sys=0.00, real=0.00 secs] 
145.428: Total time for which application threads were stopped: 0.0049670 seconds, Stopping threads took: 0.0044410 seconds
145.554: Application time: 0.1257960 seconds
145.554: [GC [PSYoungGen: 23808K->496K(24064K)] 44188K->20876K(58880K), 0.0005540 secs] [Times: user=0.01 sys=0.00, real=0.00 secs] 
145.554: Total time for which application threads were stopped: 0.0007090 seconds, Stopping threads took: 0.0000720 seconds
145.685: Application time: 0.1302420 seconds
145.685: [GC [PSYoungGen: 24048K->256K(24064K)] 44428K->21028K(58880K), 0.0005370 secs] [Times: user=0.00 sys=0.00, real=0.00 secs] 
145.685: Total time for which application threads were stopped: 0.0007090 seconds, Stopping threads took: 0.0000780 seconds
145.815: Application time: 0.1300960 seconds
145.815: [GC [PSYoungGen: 23808K->256K(24064K)] 44580K->21028K(58880K), 0.0004130 secs] [Times: user=0.00 sys=0.00, real=0.00 secs] 
145.816: Total time for which application threads were stopped: 0.0005460 seconds, Stopping threads took: 0.0000530 seconds
145.946: Application time: 0.1301380 seconds
145.946: [GC [PSYoungGen: 23808K->256K(24064K)] 44580K->21028K(58880K), 0.0004760 secs] [Times: user=0.01 sys=0.00, real=0.00 secs] 
145.947: Total time for which application threads were stopped: 0.0006090 seconds, Stopping threads took: 0.0000530 seconds
146.077: Application time: 0.1303490 seconds
146.077: [GC [PSYoungGen: 23808K->224K(24064K)] 44580K->21180K(58880K), 0.0004750 secs] [Times: user=0.00 sys=0.00, real=0.00 secs] 
146.078: Total time for which application threads were stopped: 0.0006210 seconds, Stopping threads took: 0.0000710 seconds
146.208: Application time: 0.1302540 seconds
146.208: [GC [PSYoungGen: 23776K->256K(24064K)] 44732K->21212K(58880K), 0.0003990 secs] [Times: user=0.00 sys=0.00, real=0.00 secs] 
146.208: Total time for which application threads were stopped: 0.0005380 seconds, Stopping threads took: 0.0000550 seconds
146.334: Application time: 0.1257090 seconds
146.334: [GC [PSYoungGen: 23808K->480K(24064K)] 44764K->21437K(58880K), 0.0005360 secs] [Times: user=0.00 sys=0.00, real=0.00 secs] 
146.335: Total time for which application threads were stopped: 0.0006810 seconds, Stopping threads took: 0.0000650 seconds
146.465: Application time: 0.1301360 seconds
146.465: [GC [PSYoungGen: 24032K->256K(24064K)] 44989K->21601K(58880K), 0.0005180 secs] [Times: user=0.00 sys=0.00, real=0.00 secs] 
146.466: Total time for which application threads were stopped: 0.0006540 seconds, Stopping threads took: 0.0000610 seconds
146.596: Application time: 0.1302630 seconds
146.596: [GC [PSYoungGen: 23808K->256K(24064K)] 45153K->21601K(58880K), 0.0004050 secs] [Times: user=0.00 sys=0.00, real=0.00 secs] 
146.596: Total time for which application threads were stopped: 0.0005410 seconds, Stopping threads took: 0.0000630 seconds
146.726: Application time: 0.1295380 seconds
146.726: [GC [PSYoungGen: 23808K->256K(24064K)] 45153K->21601K(58880K), 0.0004720 secs] [Times: user=0.00 sys=0.00, real=0.00 secs] 
146.727: Total time for which application threads were stopped: 0.0006250 seconds, Stopping threads took: 0.0000610 seconds
146.857: Application time: 0.1303010 seconds
146.857: [GC [PSYoungGen: 23808K->256K(24064K)] 45153K->21793K(58880K), 0.0004340 secs] [Times: user=0.00 sys=0.00, real=0.00 secs] 
146.857: Total time for which application threads were stopped: 0.0005670 seconds, Stopping threads took: 0.0000570 seconds
146.988: Application time: 0.1306180 seconds
146.988: [GC [PSYoungGen: 23808K->256K(24064K)] 45345K->21793K(58880K), 0.0004320 secs] [Times: user=0.00 sys=0.00, real=0.00 secs] 
146.989: Total time for which application threads were stopped: 0.0005710 seconds, Stopping threads took: 0.0000560 seconds
147.114: Application time: 0.1258390 seconds
147.115: [GC [PSYoungGen: 23808K->496K(24064K)] 45345K->22033K(58880K), 0.0005140 secs] [Times: user=0.01 sys=0.00, real=0.00 secs] 
147.115: Total time for which application threads were stopped: 0.0006610 seconds, Stopping threads took: 0.0000700 seconds
147.245: Application time: 0.1302350 seconds
147.246: [GC [PSYoungGen: 24048K->256K(24064K)] 45585K->22185K(58880K), 0.0006170 secs] [Times: user=0.00 sys=0.00, real=0.00 secs] 
147.246: Total time for which application threads were stopped: 0.0007710 seconds, Stopping threads took: 0.0000640 seconds
147.376: Application time: 0.1299460 seconds
147.376: [GC [PSYoungGen: 23808K->224K(24064K)] 45737K->22153K(58880K), 0.0004190 secs] [Times: user=0.00 sys=0.00, real=0.00 secs] 
147.377: Total time for which application threads were stopped: 0.0005470 seconds, Stopping threads took: 0.0000540 seconds
147.506: Application time: 0.1296450 seconds
147.506: [GC [PSYoungGen: 23776K->256K(24064K)] 45705K->22185K(58880K), 0.0004480 secs] [Times: user=0.00 sys=0.00, real=0.00 secs] 
147.507: Total time for which application threads were stopped: 0.0005910 seconds, Stopping threads took: 0.0000640 seconds
147.637: Application time: 0.1303620 seconds
147.637: [GC [PSYoungGen: 23808K->256K(24064K)] 45737K->22378K(58880K), 0.0005090 secs] [Times: user=0.01 sys=0.00, real=0.00 secs] 
147.638: Total time for which application threads were stopped: 0.0006510 seconds, Stopping threads took: 0.0000650 seconds
147.768: Application time: 0.1301340 seconds
147.768: [GC [PSYoungGen: 23808K->224K(24064K)] 45930K->22346K(58880K), 0.0004530 secs] [Times: user=0.00 sys=0.00, real=0.00 secs] 
147.769: Total time for which application threads were stopped: 0.0006080 seconds, Stopping threads took: 0.0000660 seconds
147.894: Application time: 0.1257250 seconds
147.895: [GC [PSYoungGen: 23776K->480K(24064K)] 45898K->22602K(58880K), 0.0005590 secs] [Times: user=0.01 sys=0.00, real=0.00 secs] 
147.896: Total time for which application threads were stopped: 0.0015440 seconds, Stopping threads took: 0.0008990 seconds
148.026: Application time: 0.1305260 seconds
148.027: [GC [PSYoungGen: 24032K->256K(24064K)] 46154K->22774K(58880K), 0.0005430 secs] [Times: user=0.00 sys=0.00, real=0.00 secs] 
148.027: Total time for which application threads were stopped: 0.0007060 seconds, Stopping threads took: 0.0000840 seconds
148.158: Application time: 0.1305230 seconds
148.158: [GC [PSYoungGen: 23808K->256K(24064K)] 46326K->22774K(58880K), 0.0004200 secs] [Times: user=0.00 sys=0.00, real=0.00 secs] 
148.158: Total time for which application threads were stopped: 0.0005500 seconds, Stopping threads took: 0.0000550 seconds
148.287: Application time: 0.1289910 seconds
148.287: [GC [PSYoungGen: 23808K->256K(24064K)] 46326K->22774K(58880K), 0.0004430 secs] [Times: user=0.00 sys=0.00, real=0.00 secs] 
148.288: Total time for which application threads were stopped: 0.0005920 seconds, Stopping threads took: 0.0000640 seconds
148.419: Application time: 0.1307390 seconds
148.419: [GC [PSYoungGen: 23808K->256K(24064K)] 46326K->22966K(58880K), 0.0004710 secs] [Times: user=0.00 sys=0.00, real=0.00 secs] 
148.419: Total time for which application threads were stopped: 0.0006210 seconds, Stopping threads took: 0.0000710 seconds
148.550: Application time: 0.1304770 seconds
148.550: [GC [PSYoungGen: 23808K->256K(24064K)] 46518K->22966K(58880K), 0.0004110 secs] [Times: user=0.00 sys=0.00, real=0.00 secs] 
148.550: Total time for which application threads were stopped: 0.0005470 seconds, Stopping threads took: 0.0000580 seconds
148.676: Application time: 0.1256690 seconds
148.676: [GC [PSYoungGen: 23808K->496K(24064K)] 46518K->23222K(58880K), 0.0005510 secs] [Times: user=0.00 sys=0.00, real=0.00 secs] 
148.677: Total time for which application threads were stopped: 0.0006920 seconds, Stopping threads took: 0.0000610 seconds
148.807: Application time: 0.1303110 seconds
148.807: [GC [PSYoungGen: 24048K->256K(24064K)] 46774K->23354K(58880K), 0.0005480 secs] [Times: user=0.00 sys=0.01, real=0.01 secs] 
148.808: Total time for which application threads were stopped: 0.0007130 seconds, Stopping threads took: 0.0000710 seconds
148.939: Application time: 0.1310210 seconds
148.939: [GC [PSYoungGen: 23808K->256K(24064K)] 46906K->23354K(58880K), 0.0004280 secs] [Times: user=0.00 sys=0.00, real=0.00 secs] 
148.939: Total time for which application threads were stopped: 0.0005650 seconds, Stopping threads took: 0.0000560 seconds
149.068: Application time: 0.1288200 seconds
149.068: [GC [PSYoungGen: 23808K->256K(24064K)] 46906K->23354K(58880K), 0.0004680 secs] [Times: user=0.00 sys=0.00, real=0.00 secs] 
149.069: Total time for which application threads were stopped: 0.0006050 seconds, Stopping threads took: 0.0000610 seconds
149.199: Application time: 0.1303630 seconds
149.199: [GC [PSYoungGen: 23808K->256K(24064K)] 46906K->23547K(58880K), 0.0004800 secs] [Times: user=0.00 sys=0.00, real=0.00 secs] 
149.200: Total time for which application threads were stopped: 0.0006240 seconds, Stopping threads took: 0.0000600 seconds
149.330: Application time: 0.1306590 seconds
149.330: [GC [PSYoungGen: 23808K->256K(24064K)] 47099K->23547K(58880K), 0.0004230 secs] [Times: user=0.00 sys=0.00, real=0.00 secs] 
149.331: Total time for which application threads were stopped: 0.0005720 seconds, Stopping threads took: 0.0000580 seconds
149.457: Application time: 0.1264770 seconds
149.459: [GC [PSYoungGen: 23808K->480K(24064K)] 47099K->23771K(58880K), 0.0005400 secs] [Times: user=0.00 sys=0.00, real=0.00 secs] 
149.460: Total time for which application threads were stopped: 0.0025620 seconds, Stopping threads took: 0.0019440 seconds
149.590: Application time: 0.1302620 seconds
149.590: [GC [PSYoungGen: 24032K->256K(24064K)] 47323K->23935K(58880K), 0.0005260 secs] [Times: user=0.00 sys=0.00, real=0.00 secs] 
149.591: Total time for which application threads were stopped: 0.0006620 seconds, Stopping threads took: 0.0000620 seconds
149.721: Application time: 0.1306530 seconds
149.722: [GC [PSYoungGen: 23808K->256K(24064K)] 47487K->23935K(58880K), 0.0004730 secs] [Times: user=0.00 sys=0.00, real=0.00 secs] 
149.722: Total time for which application threads were stopped: 0.0006130 seconds, Stopping threads took: 0.0000550 seconds
149.851: Application time: 0.1293740 seconds
149.852: [GC [PSYoungGen: 23808K->224K(24064K)] 47487K->23903K(58880K), 0.0004900 secs] [Times: user=0.00 sys=0.00, real=0.00 secs] 
149.852: Total time for which application threads were stopped: 0.0006350 seconds, Stopping threads took: 0.0000560 seconds
149.984: Application time: 0.1319470 seconds
149.984: [GC [PSYoungGen: 23776K->224K(24064K)] 47455K->24087K(58880K), 0.0004820 secs] [Times: user=0.01 sys=0.00, real=0.00 secs] 
149.986: Total time for which application threads were stopped: 0.0017980 seconds, Stopping threads took: 0.0000530 seconds
150.116: Application time: 0.1298920 seconds
150.116: [GC [PSYoungGen: 23776K->256K(24064K)] 47639K->24119K(58880K), 0.0004330 secs] [Times: user=0.00 sys=0.00, real=0.00 secs] 
150.116: Total time for which application threads were stopped: 0.0005620 seconds, Stopping threads took: 0.0000530 seconds
150.242: Application time: 0.1259500 seconds
150.242: [GC [PSYoungGen: 23808K->496K(24064K)] 47671K->24375K(58880K), 0.0005230 secs] [Times: user=0.00 sys=0.00, real=0.00 secs] 
150.243: Total time for which application threads were stopped: 0.0006670 seconds, Stopping threads took: 0.0000680 seconds
150.373: Application time: 0.1305210 seconds
150.374: [GC [PSYoungGen: 24048K->256K(24064K)] 47927K->24508K(58880K), 0.0005590 secs] [Times: user=0.00 sys=0.00, real=0.00 secs] 
150.374: Total time for which application threads were stopped: 0.0007160 seconds, Stopping threads took: 0.0000640 seconds
150.505: Application time: 0.1305920 seconds
150.505: [GC [PSYoungGen: 23808K->256K(24064K)] 48060K->24508K(58880K), 0.0004070 secs] [Times: user=0.00 sys=0.00, real=0.00 secs] 
150.505: Total time for which application threads were stopped: 0.0005400 seconds, Stopping threads took: 0.0000560 seconds
150.635: Application time: 0.1293430 seconds
150.635: [GC [PSYoungGen: 23808K->256K(24064K)] 48060K->24508K(58880K), 0.0004730 secs] [Times: user=0.00 sys=0.00, real=0.00 secs] 
150.635: Total time for which application threads were stopped: 0.0006000 seconds, Stopping threads took: 0.0000500 seconds
150.767: Application time: 0.1319530 seconds
150.771: [GC [PSYoungGen: 23808K->192K(24064K)] 48060K->24612K(58880K), 0.0008450 secs] [Times: user=0.00 sys=0.00, real=0.00 secs] 
150.772: Total time for which application threads were stopped: 0.0050420 seconds, Stopping threads took: 0.0041060 seconds
150.909: Application time: 0.1368230 seconds
150.909: [GC [PSYoungGen: 23744K->256K(24064K)] 48164K->24676K(58880K), 0.0004270 secs] [Times: user=0.00 sys=0.00, real=0.00 secs] 
150.910: Total time for which application threads were stopped: 0.0005740 seconds, Stopping threads took: 0.0000580 seconds
151.035: Application time: 0.1258250 seconds
151.036: [GC [PSYoungGen: 23808K->496K(24064K)] 48228K->24920K(58880K), 0.0005480 secs] [Times: user=0.00 sys=0.00, real=0.00 secs] 
151.036: Total time for which application threads were stopped: 0.0006710 seconds, Stopping threads took: 0.0000480 seconds
151.166: Application time: 0.1303270 seconds
151.167: [GC [PSYoungGen: 24048K->224K(24064K)] 48472K->25028K(58880K), 0.0005610 secs] [Times: user=0.00 sys=0.00, real=0.00 secs] 
151.167: Total time for which application threads were stopped: 0.0006880 seconds, Stopping threads took: 0.0000510 seconds
151.297: Application time: 0.1298350 seconds
151.297: [GC [PSYoungGen: 23776K->256K(24064K)] 48580K->25060K(58880K), 0.0003840 secs] [Times: user=0.00 sys=0.00, real=0.00 secs] 
151.298: Total time for which application threads were stopped: 0.0005160 seconds, Stopping threads took: 0.0000550 seconds
151.426: Application time: 0.1288750 seconds
151.427: [GC [PSYoungGen: 23808K->256K(24064K)] 48612K->25060K(58880K), 0.0004790 secs] [Times: user=0.00 sys=0.00, real=0.00 secs] 
151.427: Total time for which application threads were stopped: 0.0006460 seconds, Stopping threads took: 0.0000780 seconds
151.558: Application time: 0.1305100 seconds
151.558: [GC [PSYoungGen: 23808K->224K(24064K)] 48612K->25212K(58880K), 0.0004860 secs] [Times: user=0.00 sys=0.00, real=0.00 secs] 
151.558: Total time for which application threads were stopped: 0.0006190 seconds, Stopping threads took: 0.0000540 seconds
151.688: Application time: 0.1302120 seconds
151.689: [GC [PSYoungGen: 23776K->224K(24064K)] 48764K->25212K(58880K), 0.0004310 secs] [Times: user=0.00 sys=0.00, real=0.00 secs] 
151.689: Total time for which application threads were stopped: 0.0005600 seconds, Stopping threads took: 0.0000540 seconds
151.815: Application time: 0.1259640 seconds
151.815: [GC [PSYoungGen: 23776K->480K(24064K)] 48764K->25468K(58880K), 0.0005520 secs] [Times: user=0.00 sys=0.00, real=0.01 secs] 
151.816: Total time for which application threads were stopped: 0.0006950 seconds, Stopping threads took: 0.0000650 seconds
151.946: Application time: 0.1302250 seconds
151.946: [GC [PSYoungGen: 24032K->256K(24064K)] 49020K->25633K(58880K), 0.0005450 secs] [Times: user=0.00 sys=0.00, real=0.00 secs] 
151.947: Total time for which application threads were stopped: 0.0006870 seconds, Stopping threads took: 0.0000570 seconds
152.077: Application time: 0.1303100 seconds
152.077: [GC [PSYoungGen: 23808K->256K(24064K)] 49185K->25633K(58880K), 0.0003990 secs] [Times: user=0.00 sys=0.00, real=0.00 secs] 
152.077: Total time for which application threads were stopped: 0.0005330 seconds, Stopping threads took: 0.0000600 seconds
152.207: Application time: 0.1294140 seconds
152.207: [GC [PSYoungGen: 23808K->256K(24064K)] 49185K->25633K(58880K), 0.0004570 secs] [Times: user=0.00 sys=0.00, real=0.01 secs] 
152.207: Total time for which application threads were stopped: 0.0005910 seconds, Stopping threads took: 0.0000580 seconds
152.338: Application time: 0.1303500 seconds
152.338: [GC [PSYoungGen: 23808K->256K(24064K)] 49185K->25825K(58880K), 0.0004580 secs] [Times: user=0.01 sys=0.00, real=0.00 secs] 
152.338: Total time for which application threads were stopped: 0.0005880 seconds, Stopping threads took: 0.0000550 seconds
152.468: Application time: 0.1300110 seconds
152.469: [GC [PSYoungGen: 23808K->256K(24064K)] 49377K->25825K(58880K), 0.0004610 secs] [Times: user=0.00 sys=0.00, real=0.00 secs] 
152.469: Total time for which application threads were stopped: 0.0006410 seconds, Stopping threads took: 0.0000840 seconds
152.595: Application time: 0.1262310 seconds
152.595: [GC [PSYoungGen: 23808K->496K(24064K)] 49377K->26065K(58880K), 0.0005710 secs] [Times: user=0.01 sys=0.00, real=0.00 secs] 
152.596: Total time for which application threads were stopped: 0.0007180 seconds, Stopping threads took: 0.0000680 seconds
152.727: Application time: 0.1313990 seconds
152.727: [GC [PSYoungGen: 24048K->224K(24064K)] 49617K->26177K(58880K), 0.0006350 secs] [Times: user=0.00 sys=0.00, real=0.00 secs] 
152.728: Total time for which application threads were stopped: 0.0007680 seconds, Stopping threads took: 0.0000530 seconds
152.872: Application time: 0.1436380 seconds
152.872: [GC [PSYoungGen: 23776K->224K(24064K)] 49729K->26177K(58880K), 0.0004610 secs] [Times: user=0.00 sys=0.00, real=0.00 secs] 
152.872: Total time for which application threads were stopped: 0.0005970 seconds, Stopping threads took: 0.0000550 seconds
153.014: Application time: 0.1420270 seconds
153.015: [GC [PSYoungGen: 23776K->240K(24064K)] 49729K->26193K(58880K), 0.0005080 secs] [Times: user=0.00 sys=0.00, real=0.00 secs] 
153.015: Total time for which application threads were stopped: 0.0006620 seconds, Stopping threads took: 0.0000620 seconds
153.159: Application time: 0.1437380 seconds
153.159: [GC [PSYoungGen: 23792K->256K(24064K)] 49745K->26401K(58880K), 0.0004960 secs] [Times: user=0.00 sys=0.00, real=0.00 secs] 
153.159: Total time for which application threads were stopped: 0.0006380 seconds, Stopping threads took: 0.0000580 seconds
153.303: Application time: 0.1434140 seconds
153.303: [GC [PSYoungGen: 23808K->224K(24064K)] 49953K->26369K(58880K), 0.0004390 secs] [Times: user=0.00 sys=0.00, real=0.00 secs] 
153.303: Total time for which application threads were stopped: 0.0005790 seconds, Stopping threads took: 0.0000550 seconds
153.442: Application time: 0.1389450 seconds
153.442: [GC [PSYoungGen: 23776K->496K(24064K)] 49921K->26645K(58880K), 0.0005600 secs] [Times: user=0.00 sys=0.00, real=0.00 secs] 
153.443: Total time for which application threads were stopped: 0.0006940 seconds, Stopping threads took: 0.0000540 seconds
153.586: Application time: 0.1432070 seconds
153.586: [GC [PSYoungGen: 24048K->192K(24576K)] 50197K->26718K(59392K), 0.0005810 secs] [Times: user=0.00 sys=0.00, real=0.00 secs] 
153.587: Total time for which application threads were stopped: 0.0007270 seconds, Stopping threads took: 0.0000600 seconds
153.730: Application time: 0.1430850 seconds
153.730: [GC [PSYoungGen: 23744K->256K(24576K)] 50270K->26782K(59392K), 0.0004530 secs] [Times: user=0.01 sys=0.00, real=0.00 secs] 
153.731: Total time for which application threads were stopped: 0.0006100 seconds, Stopping threads took: 0.0000740 seconds
153.874: Application time: 0.1429570 seconds
153.874: [GC [PSYoungGen: 23808K->256K(24064K)] 50334K->26782K(58880K), 0.0004970 secs] [Times: user=0.00 sys=0.00, real=0.00 secs] 
153.874: Total time for which application threads were stopped: 0.0006460 seconds, Stopping threads took: 0.0000700 seconds
154.018: Application time: 0.1432360 seconds
154.019: [GC [PSYoungGen: 23808K->256K(24064K)] 50334K->26966K(58880K), 0.0005460 secs] [Times: user=0.00 sys=0.00, real=0.00 secs] 
154.020: Total time for which application threads were stopped: 0.0023790 seconds, Stopping threads took: 0.0017540 seconds
154.163: Application time: 0.1431210 seconds
154.163: [GC [PSYoungGen: 23808K->256K(24064K)] 50518K->26966K(58880K), 0.0004530 secs] [Times: user=0.00 sys=0.00, real=0.00 secs] 
154.164: Total time for which application threads were stopped: 0.0006230 seconds, Stopping threads took: 0.0000700 seconds
154.302: Application time: 0.1380090 seconds
154.302: [GC [PSYoungGen: 23808K->496K(24064K)] 50518K->27222K(58880K), 0.0006010 secs] [Times: user=0.00 sys=0.00, real=0.00 secs] 
154.302: Total time for which application threads were stopped: 0.0007420 seconds, Stopping threads took: 0.0000560 seconds
154.446: Application time: 0.1434960 seconds
154.447: [GC [PSYoungGen: 24048K->256K(24064K)] 50774K->27354K(58880K), 0.0006100 secs] [Times: user=0.01 sys=0.00, real=0.00 secs] 
154.448: Total time for which application threads were stopped: 0.0021030 seconds, Stopping threads took: 0.0014140 seconds
154.591: Application time: 0.1434150 seconds
154.592: [GC [PSYoungGen: 23808K->224K(24064K)] 50906K->27322K(58880K), 0.0004570 secs] [Times: user=0.00 sys=0.00, real=0.00 secs] 
154.592: Total time for which application threads were stopped: 0.0005950 seconds, Stopping threads took: 0.0000580 seconds
154.734: Application time: 0.1420110 seconds
154.734: [GC [PSYoungGen: 23776K->256K(24064K)] 50874K->27354K(58880K), 0.0004980 secs] [Times: user=0.00 sys=0.00, real=0.00 secs] 
154.735: Total time for which application threads were stopped: 0.0006560 seconds, Stopping threads took: 0.0000660 seconds
154.879: Application time: 0.1439910 seconds
154.879: [GC [PSYoungGen: 23808K->224K(24064K)] 50906K->27506K(58880K), 0.0005640 secs] [Times: user=0.00 sys=0.00, real=0.00 secs] 
154.879: Total time for which application threads were stopped: 0.0006940 seconds, Stopping threads took: 0.0000540 seconds
155.023: Application time: 0.1433010 seconds
155.023: [GC [PSYoungGen: 23776K->224K(24064K)] 51058K->27506K(58880K), 0.0004870 secs] [Times: user=0.00 sys=0.00, real=0.00 secs] 
155.024: Total time for which application threads were stopped: 0.0017010 seconds, Stopping threads took: 0.0000650 seconds
155.163: Application time: 0.1385560 seconds
155.163: [GC [PSYoungGen: 23776K->512K(24064K)] 51058K->27826K(58880K), 0.0005820 secs] [Times: user=0.00 sys=0.00, real=0.00 secs] 
155.164: Total time for which application threads were stopped: 0.0007320 seconds, Stopping threads took: 0.0000610 seconds
155.307: Application time: 0.1430060 seconds
155.307: [GC [PSYoungGen: 24064K->224K(24576K)] 51378K->27891K(59392K), 0.0006280 secs] [Times: user=0.00 sys=0.00, real=0.01 secs] 
155.307: Total time for which application threads were stopped: 0.0007790 seconds, Stopping threads took: 0.0000570 seconds
155.451: Application time: 0.1435790 seconds
155.451: [GC [PSYoungGen: 23776K->256K(24576K)] 51443K->27923K(59392K), 0.0004850 secs] [Times: user=0.00 sys=0.00, real=0.00 secs] 
155.452: Total time for which application threads were stopped: 0.0006210 seconds, Stopping threads took: 0.0000600 seconds
155.593: Application time: 0.1417490 seconds
155.594: [GC [PSYoungGen: 23808K->256K(24064K)] 51475K->27923K(58880K), 0.0004730 secs] [Times: user=0.00 sys=0.00, real=0.00 secs] 
155.594: Total time for which application threads were stopped: 0.0006050 seconds, Stopping threads took: 0.0000560 seconds
155.737: Application time: 0.1433120 seconds
155.737: [GC [PSYoungGen: 23808K->256K(24064K)] 51475K->28115K(58880K), 0.0005120 secs] [Times: user=0.00 sys=0.00, real=0.00 secs] 
155.738: Total time for which application threads were stopped: 0.0006490 seconds, Stopping threads took: 0.0000550 seconds
155.881: Application time: 0.1433650 seconds
155.881: [GC [PSYoungGen: 23808K->224K(24064K)] 51667K->28083K(58880K), 0.0004590 secs] [Times: user=0.00 sys=0.00, real=0.00 secs] 
155.882: Total time for which application threads were stopped: 0.0005950 seconds, Stopping threads took: 0.0000540 seconds
156.020: Application time: 0.1382620 seconds
156.020: [GC [PSYoungGen: 23776K->496K(24064K)] 51635K->28363K(58880K), 0.0006120 secs] [Times: user=0.00 sys=0.00, real=0.00 secs] 
156.021: Total time for which application threads were stopped: 0.0007460 seconds, Stopping threads took: 0.0000560 seconds
156.164: Application time: 0.1430320 seconds
156.164: [GC [PSYoungGen: 24048K->256K(24064K)] 51915K->28503K(58880K), 0.0005630 secs] [Times: user=0.00 sys=0.00, real=0.00 secs] 
156.165: Total time for which application threads were stopped: 0.0007240 seconds, Stopping threads took: 0.0000730 seconds
156.308: Application time: 0.1433810 seconds
156.308: [GC [PSYoungGen: 23808K->256K(24064K)] 52055K->28503K(58880K), 0.0004610 secs] [Times: user=0.00 sys=0.00, real=0.00 secs] 
156.309: Total time for which application threads were stopped: 0.0005970 seconds, Stopping threads took: 0.0000540 seconds
156.451: Application time: 0.1427150 seconds
156.452: [GC [PSYoungGen: 23808K->240K(24064K)] 52055K->28487K(58880K), 0.0004880 secs] [Times: user=0.00 sys=0.00, real=0.00 secs] 
156.452: Total time for which application threads were stopped: 0.0006310 seconds, Stopping threads took: 0.0000550 seconds
156.595: Application time: 0.1434050 seconds
156.596: [GC [PSYoungGen: 23792K->224K(24064K)] 52039K->28655K(58880K), 0.0005000 secs] [Times: user=0.00 sys=0.00, real=0.00 secs] 
156.596: Total time for which application threads were stopped: 0.0006530 seconds, Stopping threads took: 0.0000650 seconds
156.737: Application time: 0.1407590 seconds
156.737: [GC [PSYoungGen: 23776K->256K(24064K)] 52207K->28687K(58880K), 0.0004550 secs] [Times: user=0.00 sys=0.00, real=0.00 secs] 
156.737: Total time for which application threads were stopped: 0.0005890 seconds, Stopping threads took: 0.0000540 seconds
156.863: Application time: 0.1259030 seconds
156.864: [GC [PSYoungGen: 23808K->496K(24064K)] 52239K->28943K(58880K), 0.0005330 secs] [Times: user=0.00 sys=0.00, real=0.00 secs] 
156.864: Total time for which application threads were stopped: 0.0006720 seconds, Stopping threads took: 0.0000620 seconds
156.994: Application time: 0.1302350 seconds
156.994: [GC [PSYoungGen: 24048K->256K(24064K)] 52495K->29076K(58880K), 0.0005510 secs] [Times: user=0.01 sys=0.00, real=0.00 secs] 
156.995: Total time for which application threads were stopped: 0.0007230 seconds, Stopping threads took: 0.0000780 seconds
157.125: Application time: 0.1301900 seconds
157.125: [GC [PSYoungGen: 23808K->192K(24064K)] 52628K->29012K(58880K), 0.0004200 secs] [Times: user=0.00 sys=0.00, real=0.00 secs] 
157.126: Total time for which application threads were stopped: 0.0005800 seconds, Stopping threads took: 0.0000790 seconds
157.255: Application time: 0.1295050 seconds
157.255: [GC [PSYoungGen: 23744K->256K(24064K)] 52564K->29076K(58880K), 0.0004750 secs] [Times: user=0.00 sys=0.00, real=0.00 secs] 
157.256: Total time for which application threads were stopped: 0.0006040 seconds, Stopping threads took: 0.0000530 seconds
157.387: Application time: 0.1306100 seconds
157.387: [GC [PSYoungGen: 23808K->256K(24064K)] 52628K->29268K(58880K), 0.0004500 secs] [Times: user=0.00 sys=0.00, real=0.00 secs] 
157.387: Total time for which application threads were stopped: 0.0005820 seconds, Stopping threads took: 0.0000570 seconds
157.517: Application time: 0.1302040 seconds
157.517: [GC [PSYoungGen: 23807K->256K(24064K)] 52820K->29268K(58880K), 0.0004370 secs] [Times: user=0.01 sys=0.00, real=0.00 secs] 
157.518: Total time for which application threads were stopped: 0.0005940 seconds, Stopping threads took: 0.0000660 seconds
157.644: Application time: 0.1258510 seconds
157.644: [GC [PSYoungGen: 23808K->496K(24064K)] 52820K->29516K(58880K), 0.0005290 secs] [Times: user=0.00 sys=0.00, real=0.00 secs] 
157.644: Total time for which application threads were stopped: 0.0006610 seconds, Stopping threads took: 0.0000560 seconds
157.775: Application time: 0.1302910 seconds
157.775: [GC [PSYoungGen: 24048K->224K(24064K)] 53068K->29632K(58880K), 0.0006170 secs] [Times: user=0.00 sys=0.00, real=0.01 secs] 
157.776: Total time for which application threads were stopped: 0.0007830 seconds, Stopping threads took: 0.0000860 seconds
157.906: Application time: 0.1302150 seconds
157.906: [GC [PSYoungGen: 23776K->256K(24064K)] 53184K->29664K(58880K), 0.0004390 secs] [Times: user=0.00 sys=0.00, real=0.00 secs] 
157.906: Total time for which application threads were stopped: 0.0005860 seconds, Stopping threads took: 0.0000680 seconds
158.035: Application time: 0.1289140 seconds
158.035: [GC [PSYoungGen: 23808K->256K(24064K)] 53216K->29664K(58880K), 0.0004490 secs] [Times: user=0.00 sys=0.00, real=0.00 secs] 
158.036: Total time for which application threads were stopped: 0.0006030 seconds, Stopping threads took: 0.0000690 seconds
158.166: Application time: 0.1304110 seconds
158.166: [GC [PSYoungGen: 23808K->256K(24064K)] 53216K->29856K(58880K), 0.0004820 secs] [Times: user=0.00 sys=0.00, real=0.00 secs] 
158.167: Total time for which application threads were stopped: 0.0006230 seconds, Stopping threads took: 0.0000610 seconds
158.297: Application time: 0.1300950 seconds
158.297: [GC [PSYoungGen: 23808K->256K(24064K)] 53408K->29856K(58880K), 0.0004260 secs] [Times: user=0.00 sys=0.00, real=0.00 secs] 
158.298: Total time for which application threads were stopped: 0.0005730 seconds, Stopping threads took: 0.0000630 seconds
158.424: Application time: 0.1261870 seconds
158.424: [GC [PSYoungGen: 23808K->496K(24064K)] 53408K->30096K(58880K), 0.0005570 secs] [Times: user=0.00 sys=0.00, real=0.00 secs] 
158.424: Total time for which application threads were stopped: 0.0006930 seconds, Stopping threads took: 0.0000570 seconds
158.555: Application time: 0.1303930 seconds
158.555: [GC [PSYoungGen: 24048K->256K(24064K)] 53648K->30245K(58880K), 0.0005630 secs] [Times: user=0.00 sys=0.00, real=0.01 secs] 
158.556: Total time for which application threads were stopped: 0.0007150 seconds, Stopping threads took: 0.0000650 seconds
158.686: Application time: 0.1303590 seconds
158.686: [GC [PSYoungGen: 23808K->256K(24064K)] 53797K->30245K(58880K), 0.0004450 secs] [Times: user=0.01 sys=0.00, real=0.00 secs] 
158.686: Total time for which application threads were stopped: 0.0005900 seconds, Stopping threads took: 0.0000670 seconds
158.816: Application time: 0.1295530 seconds
158.816: [GC [PSYoungGen: 23808K->256K(24064K)] 53797K->30245K(58880K), 0.0005050 secs] [Times: user=0.00 sys=0.00, real=0.00 secs] 
158.817: Total time for which application threads were stopped: 0.0006580 seconds, Stopping threads took: 0.0000690 seconds
158.948: Application time: 0.1309600 seconds
158.948: [GC [PSYoungGen: 23808K->256K(24064K)] 53797K->30437K(58880K), 0.0005350 secs] [Times: user=0.00 sys=0.00, real=0.00 secs] 
158.948: Total time for which application threads were stopped: 0.0006750 seconds, Stopping threads took: 0.0000580 seconds
159.079: Application time: 0.1303000 seconds
159.079: [GC [PSYoungGen: 23808K->224K(24064K)] 53989K->30405K(58880K), 0.0005090 secs] [Times: user=0.00 sys=0.00, real=0.00 secs] 
159.079: Total time for which application threads were stopped: 0.0006520 seconds, Stopping threads took: 0.0000580 seconds
159.205: Application time: 0.1259340 seconds
159.205: [GC [PSYoungGen: 23776K->480K(24064K)] 53957K->30661K(58880K), 0.0005230 secs] [Times: user=0.00 sys=0.00, real=0.00 secs] 
159.206: Total time for which application threads were stopped: 0.0006420 seconds, Stopping threads took: 0.0000440 seconds
159.336: Application time: 0.1300980 seconds
159.336: [GC [PSYoungGen: 24032K->256K(24064K)] 54213K->30825K(58880K), 0.0005540 secs] [Times: user=0.01 sys=0.00, real=0.00 secs] 
159.337: Total time for which application threads were stopped: 0.0006930 seconds, Stopping threads took: 0.0000600 seconds
159.467: Application time: 0.1303650 seconds
159.467: [GC [PSYoungGen: 23808K->256K(24064K)] 54377K->30825K(58880K), 0.0004470 secs] [Times: user=0.00 sys=0.00, real=0.01 secs] 
159.468: Total time for which application threads were stopped: 0.0006010 seconds, Stopping threads took: 0.0000730 seconds
159.597: Application time: 0.1292770 seconds
159.597: [GC [PSYoungGen: 23808K->256K(24064K)] 54377K->30825K(58880K), 0.0004530 secs] [Times: user=0.00 sys=0.00, real=0.00 secs] 
159.598: Total time for which application threads were stopped: 0.0006060 seconds, Stopping threads took: 0.0000640 seconds
159.728: Application time: 0.1309000 seconds
159.729: [GC [PSYoungGen: 23808K->256K(24064K)] 54377K->31017K(58880K), 0.0004580 secs] [Times: user=0.00 sys=0.00, real=0.00 secs] 
159.729: Total time for which application threads were stopped: 0.0005860 seconds, Stopping threads took: 0.0000520 seconds
159.859: Application time: 0.1303160 seconds
159.859: [GC [PSYoungGen: 23808K->224K(24064K)] 54569K->30985K(58880K), 0.0004300 secs] [Times: user=0.00 sys=0.00, real=0.00 secs] 
159.860: Total time for which application threads were stopped: 0.0005640 seconds, Stopping threads took: 0.0000600 seconds
159.986: Application time: 0.1258690 seconds
159.986: [GC [PSYoungGen: 23776K->496K(24064K)] 54537K->31257K(58880K), 0.0005580 secs] [Times: user=0.01 sys=0.00, real=0.00 secs] 
159.986: Total time for which application threads were stopped: 0.0006860 seconds, Stopping threads took: 0.0000530 seconds
160.117: Application time: 0.1304080 seconds
160.117: [GC [PSYoungGen: 24048K->224K(24064K)] 54809K->31370K(58880K), 0.0005530 secs] [Times: user=0.01 sys=0.00, real=0.00 secs] 
160.118: Total time for which application threads were stopped: 0.0007070 seconds, Stopping threads took: 0.0000600 seconds
160.247: Application time: 0.1295360 seconds
160.247: [GC [PSYoungGen: 23776K->224K(24064K)] 54922K->31370K(58880K), 0.0005030 secs] [Times: user=0.00 sys=0.00, real=0.01 secs] 
160.248: Total time for which application threads were stopped: 0.0006380 seconds, Stopping threads took: 0.0000550 seconds
160.378: Application time: 0.1297630 seconds
160.378: [GC [PSYoungGen: 23776K->256K(24064K)] 54922K->31402K(58880K), 0.0004790 secs] [Times: user=0.00 sys=0.00, real=0.00 secs] 
160.378: Total time for which application threads were stopped: 0.0006290 seconds, Stopping threads took: 0.0000690 seconds
160.508: Application time: 0.1301600 seconds
160.508: [GC [PSYoungGen: 23808K->256K(24064K)] 54954K->31594K(58880K), 0.0004790 secs] [Times: user=0.00 sys=0.00, real=0.00 secs] 
160.509: Total time for which application threads were stopped: 0.0006160 seconds, Stopping threads took: 0.0000600 seconds
160.639: Application time: 0.1304810 seconds
160.640: [GC [PSYoungGen: 23808K->256K(24064K)] 55146K->31594K(58880K), 0.0004440 secs] [Times: user=0.01 sys=0.00, real=0.00 secs] 
160.640: Total time for which application threads were stopped: 0.0005980 seconds, Stopping threads took: 0.0000540 seconds
160.766: Application time: 0.1259010 seconds
160.766: [GC [PSYoungGen: 23808K->496K(24064K)] 55146K->31850K(58880K), 0.0005830 secs] [Times: user=0.01 sys=0.00, real=0.00 secs] 
160.767: Total time for which application threads were stopped: 0.0007160 seconds, Stopping threads took: 0.0000550 seconds
160.897: Application time: 0.1303450 seconds
160.897: [GC [PSYoungGen: 24048K->256K(24064K)] 55402K->31990K(58880K), 0.0005620 secs] [Times: user=0.00 sys=0.00, real=0.00 secs] 
160.898: Total time for which application threads were stopped: 0.0007040 seconds, Stopping threads took: 0.0000600 seconds
161.028: Application time: 0.1302840 seconds
161.028: [GC [PSYoungGen: 23808K->256K(24064K)] 55542K->31990K(58880K), 0.0004390 secs] [Times: user=0.00 sys=0.00, real=0.00 secs] 
161.029: Total time for which application threads were stopped: 0.0005700 seconds, Stopping threads took: 0.0000550 seconds
161.159: Application time: 0.1302240 seconds
161.159: [GC [PSYoungGen: 23808K->240K(24064K)] 55542K->31974K(58880K), 0.0005140 secs] [Times: user=0.00 sys=0.00, real=0.00 secs] 
161.159: Total time for which application threads were stopped: 0.0006610 seconds, Stopping threads took: 0.0000600 seconds
161.290: Application time: 0.1300860 seconds
161.290: [GC [PSYoungGen: 23792K->256K(24064K)] 55526K->32182K(58880K), 0.0004830 secs] [Times: user=0.00 sys=0.00, real=0.00 secs] 
161.290: Total time for which application threads were stopped: 0.0006170 seconds, Stopping threads took: 0.0000530 seconds
161.420: Application time: 0.1303030 seconds
161.421: [GC [PSYoungGen: 23808K->256K(24064K)] 55734K->32182K(58880K), 0.0004180 secs] [Times: user=0.00 sys=0.00, real=0.00 secs] 
161.421: Total time for which application threads were stopped: 0.0005720 seconds, Stopping threads took: 0.0000740 seconds
161.547: Application time: 0.1258650 seconds
161.547: [GC [PSYoungGen: 23808K->496K(24064K)] 55734K->32431K(58880K), 0.0005680 secs] [Times: user=0.00 sys=0.00, real=0.01 secs] 
161.548: Total time for which application threads were stopped: 0.0007100 seconds, Stopping threads took: 0.0000650 seconds
161.677: Application time: 0.1298000 seconds
161.678: [GC [PSYoungGen: 24048K->256K(24064K)] 55983K->32571K(58880K), 0.0005590 secs] [Times: user=0.00 sys=0.00, real=0.00 secs] 
161.678: Total time for which application threads were stopped: 0.0007050 seconds, Stopping threads took: 0.0000610 seconds
161.808: Application time: 0.1298180 seconds
161.808: [GC [PSYoungGen: 23808K->256K(24064K)] 56123K->32571K(58880K), 0.0004680 secs] [Times: user=0.00 sys=0.00, real=0.00 secs] 
161.809: Total time for which application threads were stopped: 0.0006080 seconds, Stopping threads took: 0.0000550 seconds
161.938: Application time: 0.1297560 seconds
161.938: [GC [PSYoungGen: 23808K->256K(24064K)] 56123K->32571K(58880K), 0.0004890 secs] [Times: user=0.01 sys=0.00, real=0.00 secs] 
161.939: Total time for which application threads were stopped: 0.0006460 seconds, Stopping threads took: 0.0000740 seconds
162.069: Application time: 0.1301670 seconds
162.069: [GC [PSYoungGen: 23808K->256K(24064K)] 56123K->32763K(58880K), 0.0004630 secs] [Times: user=0.00 sys=0.00, real=0.00 secs] 
162.070: Total time for which application threads were stopped: 0.0006030 seconds, Stopping threads took: 0.0000620 seconds
162.200: Application time: 0.1302680 seconds
162.200: [GC [PSYoungGen: 23808K->256K(24064K)] 56315K->32763K(58880K), 0.0004520 secs] [Times: user=0.00 sys=0.00, real=0.00 secs] 
162.201: Total time for which application threads were stopped: 0.0005970 seconds, Stopping threads took: 0.0000550 seconds
162.327: Application time: 0.1263530 seconds
162.331: [GC [PSYoungGen: 23808K->496K(24064K)] 56315K->33003K(58880K), 0.0005550 secs] [Times: user=0.00 sys=0.00, real=0.00 secs] 
162.332: Total time for which application threads were stopped: 0.0050070 seconds, Stopping threads took: 0.0043800 seconds
162.462: Application time: 0.1301120 seconds
162.462: [GC [PSYoungGen: 24048K->256K(24064K)] 56555K->33151K(58880K), 0.0005770 secs] [Times: user=0.00 sys=0.00, real=0.00 secs] 
162.463: Total time for which application threads were stopped: 0.0007270 seconds, Stopping threads took: 0.0000700 seconds
162.593: Application time: 0.1304520 seconds
162.593: [GC [PSYoungGen: 23808K->256K(24064K)] 56703K->33151K(58880K), 0.0004500 secs] [Times: user=0.00 sys=0.00, real=0.00 secs] 
162.594: Total time for which application threads were stopped: 0.0005990 seconds, Stopping threads took: 0.0000700 seconds
162.723: Application time: 0.1295930 seconds
162.724: [GC [PSYoungGen: 23808K->240K(24064K)] 56703K->33135K(58880K), 0.0005230 secs] [Times: user=0.00 sys=0.00, real=0.00 secs] 
162.724: Total time for which application threads were stopped: 0.0006780 seconds, Stopping threads took: 0.0000660 seconds
162.855: Application time: 0.1307870 seconds
162.855: [GC [PSYoungGen: 23792K->224K(24064K)] 56687K->33303K(58880K), 0.0005030 secs] [Times: user=0.00 sys=0.00, real=0.01 secs] 
162.856: Total time for which application threads were stopped: 0.0006330 seconds, Stopping threads took: 0.0000500 seconds
162.986: Application time: 0.1302360 seconds
162.986: [GC [PSYoungGen: 23776K->224K(24064K)] 56855K->33303K(58880K), 0.0004740 secs] [Times: user=0.00 sys=0.00, real=0.00 secs] 
162.986: Total time for which application threads were stopped: 0.0006100 seconds, Stopping threads took: 0.0000540 seconds
163.113: Application time: 0.1262710 seconds
163.113: [GC [PSYoungGen: 23776K->496K(24064K)] 56855K->33576K(58880K), 0.0005800 secs] [Times: user=0.01 sys=0.00, real=0.00 secs] 
163.113: Total time for which application threads were stopped: 0.0007120 seconds, Stopping threads took: 0.0000590 seconds
163.244: Application time: 0.1304730 seconds
163.244: [GC [PSYoungGen: 24048K->256K(24064K)] 57128K->33724K(58880K), 0.0005560 secs] [Times: user=0.00 sys=0.00, real=0.00 secs] 
163.245: Total time for which application threads were stopped: 0.0006960 seconds, Stopping threads took: 0.0000540 seconds
163.375: Application time: 0.1302440 seconds
163.375: [GC [PSYoungGen: 23808K->224K(24064K)] 57276K->33692K(58880K), 0.0004620 secs] [Times: user=0.00 sys=0.00, real=0.01 secs] 
163.375: Total time for which application threads were stopped: 0.0006010 seconds, Stopping threads took: 0.0000570 seconds
163.505: Application time: 0.1295350 seconds
163.505: [GC [PSYoungGen: 23776K->256K(24064K)] 57244K->33724K(58880K), 0.0004530 secs] [Times: user=0.00 sys=0.00, real=0.00 secs] 
163.506: Total time for which application threads were stopped: 0.0005890 seconds, Stopping threads took: 0.0000620 seconds
163.636: Application time: 0.1302400 seconds
163.636: [GC [PSYoungGen: 23808K->192K(24064K)] 57276K->33836K(58880K), 0.0005280 secs] [Times: user=0.00 sys=0.00, real=0.00 secs] 
163.636: Total time for which application threads were stopped: 0.0006650 seconds, Stopping threads took: 0.0000580 seconds
163.767: Application time: 0.1305390 seconds
163.767: [GC [PSYoungGen: 23744K->224K(24064K)] 57388K->33868K(58880K), 0.0004500 secs] [Times: user=0.00 sys=0.00, real=0.01 secs] 
163.768: Total time for which application threads were stopped: 0.0005950 seconds, Stopping threads took: 0.0000580 seconds
163.893: Application time: 0.1259490 seconds
163.894: [GC [PSYoungGen: 23776K->480K(24064K)] 57420K->34128K(58880K), 0.0005640 secs] [Times: user=0.00 sys=0.00, real=0.00 secs] 
163.894: Total time for which application threads were stopped: 0.0007210 seconds, Stopping threads took: 0.0000750 seconds
164.024: Application time: 0.1301720 seconds
164.025: [GC [PSYoungGen: 24032K->256K(24064K)] 57680K->34288K(58880K), 0.0005740 secs] [Times: user=0.01 sys=0.00, real=0.00 secs] 
164.025: Total time for which application threads were stopped: 0.0007160 seconds, Stopping threads took: 0.0000620 seconds
164.155: Application time: 0.1298010 seconds
164.155: [GC [PSYoungGen: 23808K->224K(24064K)] 57840K->34256K(58880K), 0.0004720 secs] [Times: user=0.00 sys=0.00, real=0.01 secs] 
164.156: Total time for which application threads were stopped: 0.0006210 seconds, Stopping threads took: 0.0000630 seconds
164.285: Application time: 0.1293870 seconds
164.285: [GC [PSYoungGen: 23776K->240K(24064K)] 57808K->34272K(58880K), 0.0005480 secs] [Times: user=0.00 sys=0.00, real=0.00 secs] 
164.286: Total time for which application threads were stopped: 0.0006930 seconds, Stopping threads took: 0.0000550 seconds
164.415: Application time: 0.1296440 seconds
164.415: [GC [PSYoungGen: 23792K->256K(24064K)] 57824K->34481K(58880K), 0.0004790 secs] [Times: user=0.01 sys=0.00, real=0.00 secs] 
164.416: Total time for which application threads were stopped: 0.0006170 seconds, Stopping threads took: 0.0000600 seconds
164.547: Application time: 0.1311030 seconds
164.547: [GC [PSYoungGen: 23808K->256K(24064K)] 58033K->34481K(58880K), 0.0004500 secs] [Times: user=0.01 sys=0.00, real=0.01 secs] 
164.548: Total time for which application threads were stopped: 0.0005810 seconds, Stopping threads took: 0.0000540 seconds
164.674: Application time: 0.1260080 seconds
164.674: [GC [PSYoungGen: 23808K->464K(24064K)] 58033K->34689K(58880K), 0.0006100 secs] [Times: user=0.01 sys=0.00, real=0.00 secs] 
164.674: Total time for which application threads were stopped: 0.0007500 seconds, Stopping threads took: 0.0000590 seconds
164.804: Application time: 0.1299590 seconds
164.804: [GC [PSYoungGen: 24016K->256K(24064K)] 58241K->34869K(58880K), 0.0005660 secs] [Times: user=0.00 sys=0.00, real=0.00 secs] 
164.805: [Full GC [PSYoungGen: 256K->0K(24064K)] [ParOldGen: 34613K->2981K(34816K)] 34869K->2981K(58880K) [PSPermGen: 6081K->6081K(21504K)], 0.0058130 secs] [Times: user=0.02 sys=0.00, real=0.01 secs] 
164.811: Total time for which application threads were stopped: 0.0065960 seconds, Stopping threads took: 0.0000790 seconds
164.942: Application time: 0.1308470 seconds
164.942: [GC [PSYoungGen: 23552K->256K(24064K)] 26533K->3237K(58880K), 0.0003520 secs] [Times: user=0.00 sys=0.00, real=0.00 secs] 
164.942: Total time for which application threads were stopped: 0.0004840 seconds, Stopping threads took: 0.0000530 seconds
165.072: Application time: 0.1294730 seconds
165.072: [GC [PSYoungGen: 23808K->240K(24064K)] 26789K->3221K(58880K), 0.0005350 secs] [Times: user=0.00 sys=0.00, real=0.00 secs] 
165.072: Total time for which application threads were stopped: 0.0006960 seconds, Stopping threads took: 0.0000780 seconds
165.203: Application time: 0.1305330 seconds
165.203: [GC [PSYoungGen: 23792K->224K(24064K)] 26773K->3389K(58880K), 0.0004860 secs] [Times: user=0.00 sys=0.00, real=0.00 secs] 
165.205: Total time for which application threads were stopped: 0.0016440 seconds, Stopping threads took: 0.0000590 seconds
165.335: Application time: 0.1308660 seconds
165.336: [GC [PSYoungGen: 23776K->256K(24064K)] 26941K->3421K(58880K), 0.0004020 secs] [Times: user=0.00 sys=0.00, real=0.00 secs] 
165.336: Total time for which application threads were stopped: 0.0005260 seconds, Stopping threads took: 0.0000400 seconds
165.462: Application time: 0.1257360 seconds
165.462: [GC [PSYoungGen: 23808K->464K(24064K)] 26973K->3629K(58880K), 0.0005330 secs] [Times: user=0.01 sys=0.00, real=0.00 secs] 
165.462: Total time for which application threads were stopped: 0.0006950 seconds, Stopping threads took: 0.0000830 seconds
165.593: Application time: 0.1303280 seconds
165.593: [GC [PSYoungGen: 24016K->256K(24064K)] 27181K->3810K(58880K), 0.0004820 secs] [Times: user=0.00 sys=0.00, real=0.00 secs] 
165.593: Total time for which application threads were stopped: 0.0006150 seconds, Stopping threads took: 0.0000550 seconds
165.724: Application time: 0.1304540 seconds
165.724: [GC [PSYoungGen: 23808K->224K(24064K)] 27362K->3778K(58880K), 0.0004360 secs] [Times: user=0.00 sys=0.00, real=0.00 secs] 
165.724: Total time for which application threads were stopped: 0.0005890 seconds, Stopping threads took: 0.0000700 seconds
165.854: Application time: 0.1297850 seconds
165.855: [GC [PSYoungGen: 23776K->256K(24064K)] 27330K->3810K(58880K), 0.0004920 secs] [Times: user=0.00 sys=0.00, real=0.00 secs] 
165.856: Total time for which application threads were stopped: 0.0016980 seconds, Stopping threads took: 0.0011140 seconds
165.987: Application time: 0.1306810 seconds
165.987: [GC [PSYoungGen: 23808K->256K(24064K)] 27362K->4002K(58880K), 0.0004180 secs] [Times: user=0.00 sys=0.00, real=0.00 secs] 
165.987: Total time for which application threads were stopped: 0.0005470 seconds, Stopping threads took: 0.0000550 seconds
166.117: Application time: 0.1300550 seconds
166.117: [GC [PSYoungGen: 23808K->256K(24064K)] 27554K->4002K(58880K), 0.0004220 secs] [Times: user=0.00 sys=0.00, real=0.00 secs] 
166.118: Total time for which application threads were stopped: 0.0005630 seconds, Stopping threads took: 0.0000640 seconds
166.243: Application time: 0.1254890 seconds
166.243: [GC [PSYoungGen: 23808K->496K(24064K)] 27554K->4242K(58880K), 0.0005490 secs] [Times: user=0.00 sys=0.00, real=0.00 secs] 
166.244: Total time for which application threads were stopped: 0.0006950 seconds, Stopping threads took: 0.0000680 seconds
166.374: Application time: 0.1301870 seconds
166.374: [GC [PSYoungGen: 24048K->224K(24064K)] 27794K->4354K(58880K), 0.0005270 secs] [Times: user=0.00 sys=0.00, real=0.00 secs] 
166.375: Total time for which application threads were stopped: 0.0006660 seconds, Stopping threads took: 0.0000530 seconds
166.504: Application time: 0.1296490 seconds
166.505: [GC [PSYoungGen: 23776K->256K(24064K)] 27906K->4386K(58880K), 0.0003800 secs] [Times: user=0.00 sys=0.00, real=0.00 secs] 
166.505: Total time for which application threads were stopped: 0.0005130 seconds, Stopping threads took: 0.0000580 seconds
166.635: Application time: 0.1297860 seconds
166.635: [GC [PSYoungGen: 23808K->256K(24064K)] 27938K->4386K(58880K), 0.0004070 secs] [Times: user=0.00 sys=0.00, real=0.01 secs] 
166.635: Total time for which application threads were stopped: 0.0005390 seconds, Stopping threads took: 0.0000530 seconds
166.766: Application time: 0.1303020 seconds
166.767: [GC [PSYoungGen: 23808K->256K(24064K)] 27938K->4578K(58880K), 0.0004970 secs] [Times: user=0.00 sys=0.00, real=0.00 secs] 
166.768: Total time for which application threads were stopped: 0.0022840 seconds, Stopping threads took: 0.0017090 seconds
166.898: Application time: 0.1301830 seconds
166.898: [GC [PSYoungGen: 23808K->256K(24064K)] 28130K->4578K(58880K), 0.0004130 secs] [Times: user=0.00 sys=0.00, real=0.00 secs] 
166.899: Total time for which application threads were stopped: 0.0005590 seconds, Stopping threads took: 0.0000620 seconds
167.024: Application time: 0.1257230 seconds
167.024: [GC [PSYoungGen: 23808K->496K(24064K)] 28130K->4819K(58880K), 0.0006630 secs] [Times: user=0.01 sys=0.00, real=0.00 secs] 
167.025: Total time for which application threads were stopped: 0.0008020 seconds, Stopping threads took: 0.0000560 seconds
167.155: Application time: 0.1298960 seconds
167.155: [GC [PSYoungGen: 24048K->256K(24064K)] 28371K->4975K(58880K), 0.0005360 secs] [Times: user=0.00 sys=0.00, real=0.01 secs] 
167.156: Total time for which application threads were stopped: 0.0006710 seconds, Stopping threads took: 0.0000540 seconds
167.286: Application time: 0.1305010 seconds
167.286: [GC [PSYoungGen: 23808K->256K(24064K)] 28527K->4975K(58880K), 0.0004280 secs] [Times: user=0.00 sys=0.00, real=0.00 secs] 
167.287: Total time for which application threads were stopped: 0.0005610 seconds, Stopping threads took: 0.0000550 seconds
167.416: Application time: 0.1297150 seconds
167.417: [GC [PSYoungGen: 23808K->256K(24064K)] 28527K->4975K(58880K), 0.0004230 secs] [Times: user=0.00 sys=0.00, real=0.00 secs] 
167.417: Total time for which application threads were stopped: 0.0005680 seconds, Stopping threads took: 0.0000590 seconds
167.547: Application time: 0.1298140 seconds
167.547: [GC [PSYoungGen: 23808K->256K(24064K)] 28527K->5167K(58880K), 0.0004470 secs] [Times: user=0.00 sys=0.00, real=0.01 secs] 
167.547: Total time for which application threads were stopped: 0.0005760 seconds, Stopping threads took: 0.0000520 seconds
167.678: Application time: 0.1303110 seconds
167.679: [GC [PSYoungGen: 23808K->256K(24064K)] 28719K->5167K(58880K), 0.0003640 secs] [Times: user=0.00 sys=0.00, real=0.00 secs] 
167.680: Total time for which application threads were stopped: 0.0019720 seconds, Stopping threads took: 0.0015330 seconds
167.806: Application time: 0.1259440 seconds
167.807: [GC [PSYoungGen: 23808K->480K(24064K)] 28719K->5391K(58880K), 0.0005620 secs] [Times: user=0.01 sys=0.00, real=0.00 secs] 
167.808: Total time for which application threads were stopped: 0.0022490 seconds, Stopping threads took: 0.0016130 seconds
167.938: Application time: 0.1302310 seconds
167.938: [GC [PSYoungGen: 24032K->256K(24064K)] 28943K->5555K(58880K), 0.0005210 secs] [Times: user=0.00 sys=0.00, real=0.00 secs] 
167.939: Total time for which application threads were stopped: 0.0006720 seconds, Stopping threads took: 0.0000650 seconds
168.069: Application time: 0.1305810 seconds
168.070: [GC [PSYoungGen: 23808K->256K(24064K)] 29107K->5555K(58880K), 0.0003800 secs] [Times: user=0.00 sys=0.00, real=0.00 secs] 
168.070: Total time for which application threads were stopped: 0.0005110 seconds, Stopping threads took: 0.0000580 seconds
168.199: Application time: 0.1288750 seconds
168.199: [GC [PSYoungGen: 23808K->256K(24064K)] 29107K->5555K(58880K), 0.0004210 secs] [Times: user=0.00 sys=0.00, real=0.00 secs] 
168.199: Total time for which application threads were stopped: 0.0005560 seconds, Stopping threads took: 0.0000540 seconds
168.329: Application time: 0.1300580 seconds
168.330: [GC [PSYoungGen: 23808K->256K(24064K)] 29107K->5748K(58880K), 0.0004660 secs] [Times: user=0.00 sys=0.00, real=0.00 secs] 
168.330: Total time for which application threads were stopped: 0.0006120 seconds, Stopping threads took: 0.0000680 seconds
168.461: Application time: 0.1305160 seconds
168.461: [GC [PSYoungGen: 23808K->256K(24064K)] 29300K->5748K(58880K), 0.0004050 secs] [Times: user=0.00 sys=0.00, real=0.00 secs] 
168.461: Total time for which application threads were stopped: 0.0005500 seconds, Stopping threads took: 0.0000540 seconds
168.587: Application time: 0.1257530 seconds
168.587: [GC [PSYoungGen: 23808K->496K(24064K)] 29300K->5988K(58880K), 0.0005140 secs] [Times: user=0.00 sys=0.00, real=0.01 secs] 
168.588: Total time for which application threads were stopped: 0.0006620 seconds, Stopping threads took: 0.0000710 seconds
168.718: Application time: 0.1302170 seconds
168.718: [GC [PSYoungGen: 24048K->256K(24064K)] 29540K->6140K(58880K), 0.0005040 secs] [Times: user=0.01 sys=0.00, real=0.00 secs] 
168.718: Total time for which application threads were stopped: 0.0006340 seconds, Stopping threads took: 0.0000540 seconds
168.850: Application time: 0.1311440 seconds
168.850: [GC [PSYoungGen: 23808K->256K(24064K)] 29692K->6140K(58880K), 0.0003920 secs] [Times: user=0.00 sys=0.00, real=0.00 secs] 
168.850: Total time for which application threads were stopped: 0.0005250 seconds, Stopping threads took: 0.0000520 seconds
168.979: Application time: 0.1294230 seconds
168.980: [GC [PSYoungGen: 23808K->256K(24064K)] 29692K->6140K(58880K), 0.0004490 secs] [Times: user=0.00 sys=0.00, real=0.00 secs] 
168.980: Total time for which application threads were stopped: 0.0006020 seconds, Stopping threads took: 0.0000640 seconds
169.111: Application time: 0.1308750 seconds
169.111: [GC [PSYoungGen: 23808K->256K(24064K)] 29692K->6332K(58880K), 0.0004670 secs] [Times: user=0.00 sys=0.00, real=0.00 secs] 
169.112: Total time for which application threads were stopped: 0.0005940 seconds, Stopping threads took: 0.0000480 seconds
169.242: Application time: 0.1302590 seconds
169.242: [GC [PSYoungGen: 23808K->256K(24064K)] 29884K->6332K(58880K), 0.0003870 secs] [Times: user=0.00 sys=0.00, real=0.00 secs] 
169.242: Total time for which application threads were stopped: 0.0005320 seconds, Stopping threads took: 0.0000710 seconds
169.368: Application time: 0.1258360 seconds
169.368: [GC [PSYoungGen: 23808K->480K(24064K)] 29884K->6564K(58880K), 0.0005250 secs] [Times: user=0.00 sys=0.00, real=0.00 secs] 
169.369: Total time for which application threads were stopped: 0.0006690 seconds, Stopping threads took: 0.0000570 seconds
169.499: Application time: 0.1297960 seconds
169.499: [GC [PSYoungGen: 24032K->256K(24064K)] 30116K->6724K(58880K), 0.0005060 secs] [Times: user=0.00 sys=0.00, real=0.00 secs] 
169.500: Total time for which application threads were stopped: 0.0012280 seconds, Stopping threads took: 0.0006430 seconds
169.630: Application time: 0.1303040 seconds
169.630: [GC [PSYoungGen: 23808K->224K(24064K)] 30276K->6692K(58880K), 0.0003990 secs] [Times: user=0.01 sys=0.00, real=0.00 secs] 
169.631: Total time for which application threads were stopped: 0.0005340 seconds, Stopping threads took: 0.0000590 seconds
169.760: Application time: 0.1293500 seconds
169.760: [GC [PSYoungGen: 23776K->256K(24064K)] 30244K->6724K(58880K), 0.0004800 secs] [Times: user=0.00 sys=0.00, real=0.00 secs] 
169.761: Total time for which application threads were stopped: 0.0006070 seconds, Stopping threads took: 0.0000530 seconds
169.891: Application time: 0.1306620 seconds
169.891: [GC [PSYoungGen: 23808K->256K(24064K)] 30276K->6917K(58880K), 0.0004250 secs] [Times: user=0.00 sys=0.00, real=0.00 secs] 
169.892: Total time for which application threads were stopped: 0.0005520 seconds, Stopping threads took: 0.0000510 seconds
170.022: Application time: 0.1298810 seconds
170.023: [GC [PSYoungGen: 23808K->256K(24064K)] 30469K->6917K(58880K), 0.0003990 secs] [Times: user=0.00 sys=0.00, real=0.00 secs] 
170.024: Total time for which application threads were stopped: 0.0019940 seconds, Stopping threads took: 0.0015050 seconds
170.150: Application time: 0.1257970 seconds
170.150: [GC [PSYoungGen: 23808K->480K(24064K)] 30469K->7141K(58880K), 0.0004980 secs] [Times: user=0.00 sys=0.00, real=0.00 secs] 
170.150: Total time for which application threads were stopped: 0.0006460 seconds, Stopping threads took: 0.0000730 seconds
170.280: Application time: 0.1299520 seconds
170.280: [GC [PSYoungGen: 24032K->256K(24064K)] 30693K->7305K(58880K), 0.0005490 secs] [Times: user=0.00 sys=0.00, real=0.00 secs] 
170.282: Total time for which application threads were stopped: 0.0016830 seconds, Stopping threads took: 0.0000610 seconds
170.412: Application time: 0.1301740 seconds
170.412: [GC [PSYoungGen: 23808K->224K(24064K)] 30857K->7273K(58880K), 0.0004840 secs] [Times: user=0.01 sys=0.00, real=0.00 secs] 
170.413: Total time for which application threads were stopped: 0.0006340 seconds, Stopping threads took: 0.0000750 seconds
170.542: Application time: 0.1290770 seconds
170.542: [GC [PSYoungGen: 23776K->256K(24064K)] 30825K->7305K(58880K), 0.0004170 secs] [Times: user=0.00 sys=0.00, real=0.00 secs] 
170.542: Total time for which application threads were stopped: 0.0005600 seconds, Stopping threads took: 0.0000580 seconds
170.672: Application time: 0.1299320 seconds
170.672: [GC [PSYoungGen: 23807K->256K(24064K)] 30857K->7497K(58880K), 0.0004500 secs] [Times: user=0.00 sys=0.00, real=0.00 secs] 
170.673: Total time for which application threads were stopped: 0.0006030 seconds, Stopping threads took: 0.0000730 seconds
170.803: Application time: 0.1302400 seconds
170.803: [GC [PSYoungGen: 23808K->224K(24064K)] 31049K->7465K(58880K), 0.0003870 secs] [Times: user=0.00 sys=0.00, real=0.00 secs] 
170.804: Total time for which application threads were stopped: 0.0005340 seconds, Stopping threads took: 0.0000700 seconds
170.929: Application time: 0.1257960 seconds
170.930: [GC [PSYoungGen: 23776K->496K(24064K)] 31017K->7737K(58880K), 0.0005160 secs] [Times: user=0.01 sys=0.00, real=0.00 secs] 
170.930: Total time for which application threads were stopped: 0.0006600 seconds, Stopping threads took: 0.0000650 seconds
171.060: Application time: 0.1296960 seconds
171.060: [GC [PSYoungGen: 24048K->256K(24064K)] 31289K->7885K(58880K), 0.0005560 secs] [Times: user=0.00 sys=0.00, real=0.00 secs] 
171.061: Total time for which application threads were stopped: 0.0007040 seconds, Stopping threads took: 0.0000540 seconds
171.191: Application time: 0.1301890 seconds
171.191: [GC [PSYoungGen: 23808K->256K(24064K)] 31437K->7885K(58880K), 0.0004090 secs] [Times: user=0.00 sys=0.00, real=0.00 secs] 
171.191: Total time for which application threads were stopped: 0.0005770 seconds, Stopping threads took: 0.0000810 seconds
171.321: Application time: 0.1293930 seconds
171.321: [GC [PSYoungGen: 23808K->256K(24064K)] 31437K->7885K(58880K), 0.0004560 secs] [Times: user=0.00 sys=0.00, real=0.00 secs] 
171.321: Total time for which application threads were stopped: 0.0006150 seconds, Stopping threads took: 0.0000780 seconds
171.452: Application time: 0.1304200 seconds
171.452: [GC [PSYoungGen: 23808K->224K(24064K)] 31437K->8038K(58880K), 0.0004820 secs] [Times: user=0.00 sys=0.00, real=0.00 secs] 
171.452: Total time for which application threads were stopped: 0.0006070 seconds, Stopping threads took: 0.0000490 seconds
171.583: Application time: 0.1303420 seconds
171.583: [GC [PSYoungGen: 23776K->256K(24064K)] 31590K->8070K(58880K), 0.0003820 secs] [Times: user=0.00 sys=0.00, real=0.00 secs] 
171.583: Total time for which application threads were stopped: 0.0005170 seconds, Stopping threads took: 0.0000500 seconds
171.709: Application time: 0.1257880 seconds
171.709: [GC [PSYoungGen: 23808K->496K(24064K)] 31622K->8326K(58880K), 0.0005210 secs] [Times: user=0.00 sys=0.00, real=0.00 secs] 
171.710: Total time for which application threads were stopped: 0.0006490 seconds, Stopping threads took: 0.0000550 seconds
171.840: Application time: 0.1303140 seconds
171.840: [GC [PSYoungGen: 24048K->256K(24064K)] 31878K->8458K(58880K), 0.0005140 secs] [Times: user=0.01 sys=0.00, real=0.00 secs] 
171.841: Total time for which application threads were stopped: 0.0006450 seconds, Stopping threads took: 0.0000550 seconds
171.971: Application time: 0.1303920 seconds
171.971: [GC [PSYoungGen: 23808K->256K(24064K)] 32010K->8458K(58880K), 0.0004080 secs] [Times: user=0.00 sys=0.00, real=0.00 secs] 
171.972: Total time for which application threads were stopped: 0.0005500 seconds, Stopping threads took: 0.0000620 seconds
172.101: Application time: 0.1290520 seconds
172.101: [GC [PSYoungGen: 23808K->256K(24064K)] 32010K->8458K(58880K), 0.0004510 secs] [Times: user=0.00 sys=0.00, real=0.00 secs] 
172.101: Total time for which application threads were stopped: 0.0005960 seconds, Stopping threads took: 0.0000540 seconds
172.231: Application time: 0.1299510 seconds
172.231: [GC [PSYoungGen: 23808K->256K(24064K)] 32010K->8650K(58880K), 0.0004950 secs] [Times: user=0.00 sys=0.01, real=0.00 secs] 
172.232: Total time for which application threads were stopped: 0.0006400 seconds, Stopping threads took: 0.0000660 seconds
172.362: Application time: 0.1301270 seconds
172.362: [GC [PSYoungGen: 23808K->256K(24064K)] 32202K->8650K(58880K), 0.0003840 secs] [Times: user=0.00 sys=0.00, real=0.00 secs] 
172.362: Total time for which application threads were stopped: 0.0005390 seconds, Stopping threads took: 0.0000700 seconds
172.488: Application time: 0.1255800 seconds
172.488: [GC [PSYoungGen: 23808K->480K(24064K)] 32202K->8874K(58880K), 0.0005160 secs] [Times: user=0.00 sys=0.00, real=0.00 secs] 
172.489: Total time for which application threads were stopped: 0.0006560 seconds, Stopping threads took: 0.0000640 seconds
172.619: Application time: 0.1304330 seconds
172.619: [GC [PSYoungGen: 24032K->256K(24064K)] 32426K->9039K(58880K), 0.0005060 secs] [Times: user=0.01 sys=0.00, real=0.00 secs] 
172.620: Total time for which application threads were stopped: 0.0006500 seconds, Stopping threads took: 0.0000570 seconds
172.752: Application time: 0.1319150 seconds
172.752: [GC [PSYoungGen: 23808K->256K(24064K)] 32591K->9039K(58880K), 0.0004350 secs] [Times: user=0.00 sys=0.00, real=0.00 secs] 
172.752: Total time for which application threads were stopped: 0.0005830 seconds, Stopping threads took: 0.0000670 seconds
172.895: Application time: 0.1431290 seconds
172.896: [GC [PSYoungGen: 23808K->224K(24064K)] 32591K->9007K(58880K), 0.0004920 secs] [Times: user=0.00 sys=0.00, real=0.00 secs] 
172.896: Total time for which application threads were stopped: 0.0006350 seconds, Stopping threads took: 0.0000630 seconds
173.039: Application time: 0.1427670 seconds
173.039: [GC [PSYoungGen: 23776K->224K(24064K)] 32559K->9191K(58880K), 0.0005220 secs] [Times: user=0.00 sys=0.00, real=0.00 secs] 
173.039: Total time for which application threads were stopped: 0.0006600 seconds, Stopping threads took: 0.0000550 seconds
173.182: Application time: 0.1430020 seconds
173.183: [GC [PSYoungGen: 23776K->256K(24064K)] 32743K->9223K(58880K), 0.0004430 secs] [Times: user=0.00 sys=0.00, real=0.00 secs] 
173.183: Total time for which application threads were stopped: 0.0005850 seconds, Stopping threads took: 0.0000540 seconds
173.321: Application time: 0.1381930 seconds
173.321: [GC [PSYoungGen: 23808K->480K(24064K)] 32775K->9447K(58880K), 0.0005080 secs] [Times: user=0.01 sys=0.00, real=0.00 secs] 
173.322: Total time for which application threads were stopped: 0.0006550 seconds, Stopping threads took: 0.0000680 seconds
173.466: Application time: 0.1436210 seconds
173.467: [GC [PSYoungGen: 24032K->256K(24064K)] 32999K->9611K(58880K), 0.0005840 secs] [Times: user=0.00 sys=0.00, real=0.00 secs] 
173.468: Total time for which application threads were stopped: 0.0024250 seconds, Stopping threads took: 0.0017660 seconds
173.612: Application time: 0.1437800 seconds
173.612: [GC [PSYoungGen: 23808K->256K(24064K)] 33163K->9611K(58880K), 0.0004590 secs] [Times: user=0.00 sys=0.00, real=0.00 secs] 
173.612: Total time for which application threads were stopped: 0.0006030 seconds, Stopping threads took: 0.0000610 seconds
173.755: Application time: 0.1423830 seconds
173.755: [GC [PSYoungGen: 23808K->256K(24064K)] 33163K->9611K(58880K), 0.0004630 secs] [Times: user=0.00 sys=0.00, real=0.01 secs] 
173.755: Total time for which application threads were stopped: 0.0006150 seconds, Stopping threads took: 0.0000590 seconds
173.899: Application time: 0.1433660 seconds
173.899: [GC [PSYoungGen: 23808K->256K(24064K)] 33163K->9803K(58880K), 0.0004630 secs] [Times: user=0.00 sys=0.00, real=0.00 secs] 
173.899: Total time for which application threads were stopped: 0.0006290 seconds, Stopping threads took: 0.0000800 seconds
174.043: Application time: 0.1433930 seconds
174.043: [GC [PSYoungGen: 23808K->192K(24064K)] 33355K->9739K(58880K), 0.0005010 secs] [Times: user=0.00 sys=0.00, real=0.00 secs] 
174.043: Total time for which application threads were stopped: 0.0006350 seconds, Stopping threads took: 0.0000560 seconds
174.182: Application time: 0.1390830 seconds
174.183: [GC [PSYoungGen: 23744K->480K(24064K)] 33291K->10031K(58880K), 0.0005520 secs] [Times: user=0.00 sys=0.00, real=0.00 secs] 
174.183: Total time for which application threads were stopped: 0.0006970 seconds, Stopping threads took: 0.0000630 seconds
174.326: Application time: 0.1432930 seconds
174.327: [GC [PSYoungGen: 24032K->256K(24064K)] 33583K->10196K(58880K), 0.0005270 secs] [Times: user=0.01 sys=0.00, real=0.00 secs] 
174.327: Total time for which application threads were stopped: 0.0006860 seconds, Stopping threads took: 0.0000650 seconds
174.471: Application time: 0.1434050 seconds
174.471: [GC [PSYoungGen: 23808K->160K(24064K)] 33748K->10100K(58880K), 0.0004830 secs] [Times: user=0.00 sys=0.00, real=0.00 secs] 
174.471: Total time for which application threads were stopped: 0.0006210 seconds, Stopping threads took: 0.0000580 seconds
174.614: Application time: 0.1427080 seconds
174.614: [GC [PSYoungGen: 23712K->256K(24064K)] 33652K->10196K(58880K), 0.0004630 secs] [Times: user=0.00 sys=0.00, real=0.00 secs] 
174.614: Total time for which application threads were stopped: 0.0006160 seconds, Stopping threads took: 0.0000720 seconds
174.758: Application time: 0.1430510 seconds
174.758: [GC [PSYoungGen: 23808K->256K(24064K)] 33748K->10388K(58880K), 0.0004650 secs] [Times: user=0.01 sys=0.00, real=0.00 secs] 
174.758: Total time for which application threads were stopped: 0.0006060 seconds, Stopping threads took: 0.0000570 seconds
174.902: Application time: 0.1441010 seconds
174.902: [GC [PSYoungGen: 23808K->256K(24064K)] 33940K->10388K(58880K), 0.0004400 secs] [Times: user=0.00 sys=0.00, real=0.00 secs] 
174.903: Total time for which application threads were stopped: 0.0006030 seconds, Stopping threads took: 0.0000590 seconds
175.041: Application time: 0.1384580 seconds
175.041: [GC [PSYoungGen: 23808K->496K(24064K)] 33940K->10628K(58880K), 0.0005290 secs] [Times: user=0.00 sys=0.00, real=0.00 secs] 
175.042: Total time for which application threads were stopped: 0.0006710 seconds, Stopping threads took: 0.0000640 seconds
175.185: Application time: 0.1435110 seconds
175.186: [GC [PSYoungGen: 24048K->192K(24064K)] 34180K->10704K(58880K), 0.0006370 secs] [Times: user=0.00 sys=0.00, real=0.00 secs] 
175.186: Total time for which application threads were stopped: 0.0007960 seconds, Stopping threads took: 0.0000740 seconds
175.330: Application time: 0.1433210 seconds
175.330: [GC [PSYoungGen: 23744K->256K(24064K)] 34256K->10768K(58880K), 0.0004390 secs] [Times: user=0.00 sys=0.00, real=0.00 secs] 
175.331: Total time for which application threads were stopped: 0.0017280 seconds, Stopping threads took: 0.0000670 seconds
175.474: Application time: 0.1430390 seconds
175.475: [GC [PSYoungGen: 23808K->256K(24064K)] 34320K->10768K(58880K), 0.0004830 secs] [Times: user=0.00 sys=0.00, real=0.00 secs] 
175.475: Total time for which application threads were stopped: 0.0006320 seconds, Stopping threads took: 0.0000610 seconds
175.618: Application time: 0.1433590 seconds
175.619: [GC [PSYoungGen: 23808K->256K(24064K)] 34320K->10960K(58880K), 0.0005100 secs] [Times: user=0.00 sys=0.00, real=0.00 secs] 
175.619: Total time for which application threads were stopped: 0.0006580 seconds, Stopping threads took: 0.0000670 seconds
175.762: Application time: 0.1434510 seconds
175.763: [GC [PSYoungGen: 23808K->256K(24064K)] 34512K->10960K(58880K), 0.0004100 secs] [Times: user=0.00 sys=0.00, real=0.00 secs] 
175.763: Total time for which application threads were stopped: 0.0005480 seconds, Stopping threads took: 0.0000590 seconds
175.902: Application time: 0.1389390 seconds
175.902: [GC [PSYoungGen: 23808K->496K(24064K)] 34512K->11216K(58880K), 0.0005470 secs] [Times: user=0.00 sys=0.00, real=0.00 secs] 
175.903: Total time for which application threads were stopped: 0.0006880 seconds, Stopping threads took: 0.0000560 seconds
176.047: Application time: 0.1440890 seconds
176.047: [GC [PSYoungGen: 24048K->256K(24064K)] 34768K->11349K(58880K), 0.0005340 secs] [Times: user=0.01 sys=0.00, real=0.01 secs] 
176.047: Total time for which application threads were stopped: 0.0006930 seconds, Stopping threads took: 0.0000670 seconds
176.191: Application time: 0.1432430 seconds
176.191: [GC [PSYoungGen: 23808K->256K(24064K)] 34901K->11349K(58880K), 0.0004310 secs] [Times: user=0.00 sys=0.00, real=0.00 secs] 
176.191: Total time for which application threads were stopped: 0.0005760 seconds, Stopping threads took: 0.0000630 seconds
176.333: Application time: 0.1420430 seconds
176.333: [GC [PSYoungGen: 23808K->224K(24064K)] 34901K->11317K(58880K), 0.0005050 secs] [Times: user=0.00 sys=0.00, real=0.00 secs] 
176.334: Total time for which application threads were stopped: 0.0006340 seconds, Stopping threads took: 0.0000530 seconds
176.478: Application time: 0.1440870 seconds
176.478: [GC [PSYoungGen: 23776K->256K(24064K)] 34869K->11541K(58880K), 0.0004980 secs] [Times: user=0.00 sys=0.00, real=0.00 secs] 
176.479: Total time for which application threads were stopped: 0.0006450 seconds, Stopping threads took: 0.0000670 seconds
176.622: Application time: 0.1431480 seconds
176.622: [GC [PSYoungGen: 23808K->256K(24064K)] 35093K->11541K(58880K), 0.0004380 secs] [Times: user=0.00 sys=0.00, real=0.00 secs] 
176.622: Total time for which application threads were stopped: 0.0005950 seconds, Stopping threads took: 0.0000620 seconds
176.759: Application time: 0.1362720 seconds
176.759: [GC [PSYoungGen: 23808K->464K(24064K)] 35093K->11749K(58880K), 0.0005090 secs] [Times: user=0.00 sys=0.00, real=0.00 secs] 
176.759: Total time for which application threads were stopped: 0.0006490 seconds, Stopping threads took: 0.0000600 seconds
176.890: Application time: 0.1302820 seconds
176.890: [GC [PSYoungGen: 24016K->256K(24064K)] 35301K->11937K(58880K), 0.0005150 secs] [Times: user=0.01 sys=0.00, real=0.00 secs] 
176.890: Total time for which application threads were stopped: 0.0006510 seconds, Stopping threads took: 0.0000650 seconds
177.021: Application time: 0.1302540 seconds
177.021: [GC [PSYoungGen: 23808K->256K(24064K)] 35489K->11937K(58880K), 0.0003770 secs] [Times: user=0.00 sys=0.00, real=0.00 secs] 
177.021: Total time for which application threads were stopped: 0.0005060 seconds, Stopping threads took: 0.0000550 seconds
177.150: Application time: 0.1293370 seconds
177.151: [GC [PSYoungGen: 23808K->256K(24064K)] 35489K->11937K(58880K), 0.0004240 secs] [Times: user=0.01 sys=0.00, real=0.00 secs] 
177.151: Total time for which application threads were stopped: 0.0005770 seconds, Stopping threads took: 0.0000660 seconds
177.281: Application time: 0.1301820 seconds
177.281: [GC [PSYoungGen: 23808K->256K(24064K)] 35489K->12129K(58880K), 0.0004490 secs] [Times: user=0.00 sys=0.00, real=0.00 secs] 
177.282: Total time for which application threads were stopped: 0.0005730 seconds, Stopping threads took: 0.0000470 seconds
177.412: Application time: 0.1302160 seconds
177.412: [GC [PSYoungGen: 23808K->224K(24064K)] 35681K->12097K(58880K), 0.0004700 secs] [Times: user=0.00 sys=0.00, real=0.00 secs] 
177.413: Total time for which application threads were stopped: 0.0006010 seconds, Stopping threads took: 0.0000530 seconds
177.539: Application time: 0.1260040 seconds
177.539: [GC [PSYoungGen: 23776K->464K(24064K)] 35649K->12337K(58880K), 0.0005650 secs] [Times: user=0.00 sys=0.00, real=0.00 secs] 
177.539: Total time for which application threads were stopped: 0.0007070 seconds, Stopping threads took: 0.0000630 seconds
177.670: Application time: 0.1302970 seconds
177.670: [GC [PSYoungGen: 24016K->256K(24064K)] 35889K->12518K(58880K), 0.0005170 secs] [Times: user=0.00 sys=0.00, real=0.00 secs] 
177.670: Total time for which application threads were stopped: 0.0006680 seconds, Stopping threads took: 0.0000640 seconds
177.801: Application time: 0.1303590 seconds
177.801: [GC [PSYoungGen: 23808K->256K(24064K)] 36070K->12518K(58880K), 0.0004180 secs] [Times: user=0.00 sys=0.00, real=0.00 secs] 
177.801: Total time for which application threads were stopped: 0.0005640 seconds, Stopping threads took: 0.0000630 seconds
177.931: Application time: 0.1298660 seconds
177.931: [GC [PSYoungGen: 23808K->256K(24064K)] 36070K->12518K(58880K), 0.0004590 secs] [Times: user=0.00 sys=0.00, real=0.00 secs] 
177.932: Total time for which application threads were stopped: 0.0006010 seconds, Stopping threads took: 0.0000620 seconds
178.062: Application time: 0.1305860 seconds
178.062: [GC [PSYoungGen: 23808K->256K(24064K)] 36070K->12710K(58880K), 0.0004580 secs] [Times: user=0.00 sys=0.00, real=0.00 secs] 
178.063: Total time for which application threads were stopped: 0.0005970 seconds, Stopping threads took: 0.0000580 seconds
178.193: Application time: 0.1306550 seconds
178.194: [GC [PSYoungGen: 23808K->256K(24064K)] 36262K->12710K(58880K), 0.0004330 secs] [Times: user=0.01 sys=0.00, real=0.00 secs] 
178.194: Total time for which application threads were stopped: 0.0005800 seconds, Stopping threads took: 0.0000550 seconds
178.320: Application time: 0.1258420 seconds
178.323: [GC [PSYoungGen: 23808K->496K(24064K)] 36262K->12958K(58880K), 0.0005330 secs] [Times: user=0.00 sys=0.00, real=0.00 secs] 
178.324: Total time for which application threads were stopped: 0.0040010 seconds, Stopping threads took: 0.0033890 seconds
178.454: Application time: 0.1304510 seconds
178.454: [GC [PSYoungGen: 24048K->256K(24064K)] 36510K->13098K(58880K), 0.0005070 secs] [Times: user=0.00 sys=0.00, real=0.00 secs] 
178.455: Total time for which application threads were stopped: 0.0006430 seconds, Stopping threads took: 0.0000610 seconds
178.585: Application time: 0.1303390 seconds
178.585: [GC [PSYoungGen: 23808K->256K(24064K)] 36650K->13098K(58880K), 0.0003880 secs] [Times: user=0.00 sys=0.00, real=0.00 secs] 
178.586: Total time for which application threads were stopped: 0.0005300 seconds, Stopping threads took: 0.0000610 seconds
178.715: Application time: 0.1290810 seconds
178.719: [GC [PSYoungGen: 23808K->256K(24064K)] 36650K->13098K(58880K), 0.0005000 secs] [Times: user=0.00 sys=0.00, real=0.00 secs] 
178.720: Total time for which application threads were stopped: 0.0049250 seconds, Stopping threads took: 0.0043350 seconds
178.851: Application time: 0.1310550 seconds
178.851: [GC [PSYoungGen: 23808K->256K(24064K)] 36650K->13290K(58880K), 0.0004390 secs] [Times: user=0.00 sys=0.00, real=0.00 secs] 
178.852: Total time for which application threads were stopped: 0.0005780 seconds, Stopping threads took: 0.0000560 seconds
178.982: Application time: 0.1301960 seconds
178.982: [GC [PSYoungGen: 23808K->256K(24064K)] 36842K->13290K(58880K), 0.0003960 secs] [Times: user=0.00 sys=0.00, real=0.00 secs] 
178.982: Total time for which application threads were stopped: 0.0005340 seconds, Stopping threads took: 0.0000550 seconds
179.108: Application time: 0.1258260 seconds
179.108: [GC [PSYoungGen: 23808K->480K(24064K)] 36842K->13514K(58880K), 0.0005210 secs] [Times: user=0.00 sys=0.00, real=0.00 secs] 
179.109: Total time for which application threads were stopped: 0.0006670 seconds, Stopping threads took: 0.0000630 seconds
179.239: Application time: 0.1303440 seconds
179.239: [GC [PSYoungGen: 24032K->256K(24064K)] 37066K->13687K(58880K), 0.0005350 secs] [Times: user=0.00 sys=0.00, real=0.00 secs] 
179.240: Total time for which application threads were stopped: 0.0006830 seconds, Stopping threads took: 0.0000550 seconds
179.370: Application time: 0.1302950 seconds
179.370: [GC [PSYoungGen: 23808K->256K(24064K)] 37239K->13687K(58880K), 0.0004440 secs] [Times: user=0.00 sys=0.00, real=0.00 secs] 
179.371: Total time for which application threads were stopped: 0.0005780 seconds, Stopping threads took: 0.0000530 seconds
179.499: Application time: 0.1287510 seconds
179.500: [GC [PSYoungGen: 23808K->256K(24064K)] 37239K->13687K(58880K), 0.0004290 secs] [Times: user=0.00 sys=0.00, real=0.00 secs] 
179.500: Total time for which application threads were stopped: 0.0005650 seconds, Stopping threads took: 0.0000590 seconds
179.631: Application time: 0.1307220 seconds
179.631: [GC [PSYoungGen: 23808K->192K(24064K)] 37239K->13799K(58880K), 0.0005940 secs] [Times: user=0.00 sys=0.00, real=0.00 secs] 
179.631: Total time for which application threads were stopped: 0.0007370 seconds, Stopping threads took: 0.0000650 seconds
179.762: Application time: 0.1309560 seconds
179.763: [GC [PSYoungGen: 23744K->256K(24064K)] 37351K->13863K(58880K), 0.0004730 secs] [Times: user=0.00 sys=0.00, real=0.00 secs] 
179.764: Total time for which application threads were stopped: 0.0014590 seconds, Stopping threads took: 0.0008940 seconds
179.890: Application time: 0.1258850 seconds
179.890: [GC [PSYoungGen: 23808K->496K(24064K)] 37415K->14107K(58880K), 0.0005140 secs] [Times: user=0.00 sys=0.00, real=0.00 secs] 
179.890: Total time for which application threads were stopped: 0.0006550 seconds, Stopping threads took: 0.0000600 seconds
180.021: Application time: 0.1302190 seconds
180.021: [GC [PSYoungGen: 24048K->256K(24064K)] 37659K->14255K(58880K), 0.0005490 secs] [Times: user=0.00 sys=0.00, real=0.00 secs] 
180.021: Total time for which application threads were stopped: 0.0007110 seconds, Stopping threads took: 0.0000810 seconds
180.152: Application time: 0.1303540 seconds
180.152: [GC [PSYoungGen: 23808K->224K(24064K)] 37807K->14223K(58880K), 0.0004320 secs] [Times: user=0.00 sys=0.00, real=0.00 secs] 
180.152: Total time for which application threads were stopped: 0.0005760 seconds, Stopping threads took: 0.0000630 seconds
180.283: Application time: 0.1303130 seconds
180.283: [GC [PSYoungGen: 23776K->256K(24064K)] 37775K->14255K(58880K), 0.0004270 secs] [Times: user=0.00 sys=0.00, real=0.00 secs] 
180.283: Total time for which application threads were stopped: 0.0005780 seconds, Stopping threads took: 0.0000640 seconds
180.413: Application time: 0.1301400 seconds
180.413: [GC [PSYoungGen: 23808K->256K(24064K)] 37807K->14447K(58880K), 0.0019250 secs] [Times: user=0.01 sys=0.00, real=0.01 secs] 
180.415: Total time for which application threads were stopped: 0.0020710 seconds, Stopping threads took: 0.0000660 seconds
180.546: Application time: 0.1302280 seconds
180.546: [GC [PSYoungGen: 23808K->256K(24064K)] 37999K->14447K(58880K), 0.0004230 secs] [Times: user=0.00 sys=0.00, real=0.00 secs] 
180.546: Total time for which application threads were stopped: 0.0005480 seconds, Stopping threads took: 0.0000470 seconds
180.672: Application time: 0.1259000 seconds
180.672: [GC [PSYoungGen: 23808K->496K(24064K)] 37999K->14687K(58880K), 0.0005530 secs] [Times: user=0.00 sys=0.00, real=0.00 secs] 
180.673: Total time for which application threads were stopped: 0.0006810 seconds, Stopping threads took: 0.0000520 seconds
180.809: Application time: 0.1366960 seconds
180.810: [GC [PSYoungGen: 24048K->256K(24064K)] 38239K->14836K(58880K), 0.0005250 secs] [Times: user=0.00 sys=0.00, real=0.00 secs] 
180.810: Total time for which application threads were stopped: 0.0006620 seconds, Stopping threads took: 0.0000500 seconds
180.954: Application time: 0.1436160 seconds
180.954: [GC [PSYoungGen: 23808K->256K(24064K)] 38388K->14836K(58880K), 0.0004270 secs] [Times: user=0.00 sys=0.00, real=0.00 secs] 
180.954: Total time for which application threads were stopped: 0.0005760 seconds, Stopping threads took: 0.0000680 seconds
181.096: Application time: 0.1419660 seconds
181.096: [GC [PSYoungGen: 23808K->256K(24064K)] 38388K->14836K(58880K), 0.0004780 secs] [Times: user=0.00 sys=0.00, real=0.00 secs] 
181.097: Total time for which application threads were stopped: 0.0006130 seconds, Stopping threads took: 0.0000550 seconds
181.241: Application time: 0.1437700 seconds
181.241: [GC [PSYoungGen: 23808K->192K(24064K)] 38388K->14948K(58880K), 0.0005510 secs] [Times: user=0.01 sys=0.00, real=0.00 secs] 
181.241: Total time for which application threads were stopped: 0.0006920 seconds, Stopping threads took: 0.0000600 seconds
181.384: Application time: 0.1425260 seconds
181.384: [GC [PSYoungGen: 23744K->256K(24064K)] 38500K->15012K(58880K), 0.0003900 secs] [Times: user=0.00 sys=0.00, real=0.00 secs] 
181.384: Total time for which application threads were stopped: 0.0005660 seconds, Stopping threads took: 0.0000860 seconds
181.523: Application time: 0.1380960 seconds
181.523: [GC [PSYoungGen: 23808K->480K(24064K)] 38564K->15248K(58880K), 0.0005470 secs] [Times: user=0.00 sys=0.00, real=0.00 secs] 
181.523: Total time for which application threads were stopped: 0.0006910 seconds, Stopping threads took: 0.0000660 seconds
181.667: Application time: 0.1434380 seconds
181.667: [GC [PSYoungGen: 24032K->256K(24064K)] 38800K->15400K(58880K), 0.0005550 secs] [Times: user=0.00 sys=0.00, real=0.01 secs] 
181.667: Total time for which application threads were stopped: 0.0006940 seconds, Stopping threads took: 0.0000560 seconds
181.811: Application time: 0.1431280 seconds
181.811: [GC [PSYoungGen: 23808K->256K(24064K)] 38952K->15400K(58880K), 0.0004930 secs] [Times: user=0.00 sys=0.00, real=0.00 secs] 
181.811: Total time for which application threads were stopped: 0.0006300 seconds, Stopping threads took: 0.0000600 seconds
181.954: Application time: 0.1428890 seconds
181.954: [GC [PSYoungGen: 23808K->256K(24064K)] 38952K->15400K(58880K), 0.0004570 secs] [Times: user=0.00 sys=0.00, real=0.00 secs] 
181.955: Total time for which application threads were stopped: 0.0006050 seconds, Stopping threads took: 0.0000580 seconds
182.098: Application time: 0.1431850 seconds
182.098: [GC [PSYoungGen: 23808K->256K(24064K)] 38952K->15592K(58880K), 0.0004500 secs] [Times: user=0.00 sys=0.00, real=0.00 secs] 
182.098: Total time for which application threads were stopped: 0.0005930 seconds, Stopping threads took: 0.0000630 seconds
182.242: Application time: 0.1432620 seconds
182.242: [GC [PSYoungGen: 23808K->256K(24064K)] 39144K->15592K(58880K), 0.0004370 secs] [Times: user=0.00 sys=0.00, real=0.00 secs] 
182.242: Total time for which application threads were stopped: 0.0005850 seconds, Stopping threads took: 0.0000560 seconds
182.381: Application time: 0.1383660 seconds
182.381: [GC [PSYoungGen: 23808K->464K(24064K)] 39144K->15801K(58880K), 0.0005340 secs] [Times: user=0.00 sys=0.00, real=0.00 secs] 
182.381: Total time for which application threads were stopped: 0.0006780 seconds, Stopping threads took: 0.0000660 seconds
182.525: Application time: 0.1437780 seconds
182.525: [GC [PSYoungGen: 24016K->256K(24064K)] 39353K->15989K(58880K), 0.0005730 secs] [Times: user=0.00 sys=0.00, real=0.00 secs] 
182.526: Total time for which application threads were stopped: 0.0007370 seconds, Stopping threads took: 0.0000680 seconds
182.670: Application time: 0.1438390 seconds
182.670: [GC [PSYoungGen: 23808K->256K(24064K)] 39541K->15989K(58880K), 0.0004360 secs] [Times: user=0.00 sys=0.00, real=0.00 secs] 
182.670: Total time for which application threads were stopped: 0.0005800 seconds, Stopping threads took: 0.0000630 seconds
182.813: Application time: 0.1424180 seconds
182.813: [GC [PSYoungGen: 23808K->256K(24064K)] 39541K->15989K(58880K), 0.0004450 secs] [Times: user=0.00 sys=0.00, real=0.00 secs] 
182.813: Total time for which application threads were stopped: 0.0005890 seconds, Stopping threads took: 0.0000660 seconds
182.957: Application time: 0.1438030 seconds
182.957: [GC [PSYoungGen: 23808K->256K(24064K)] 39541K->16181K(58880K), 0.0004860 secs] [Times: user=0.00 sys=0.00, real=0.00 secs] 
182.958: Total time for which application threads were stopped: 0.0006170 seconds, Stopping threads took: 0.0000580 seconds
183.101: Application time: 0.1429230 seconds
183.101: [GC [PSYoungGen: 23808K->256K(24064K)] 39733K->16181K(58880K), 0.0004440 secs] [Times: user=0.00 sys=0.00, real=0.00 secs] 
183.101: Total time for which application threads were stopped: 0.0006000 seconds, Stopping threads took: 0.0000670 seconds
183.240: Application time: 0.1383200 seconds
183.240: [GC [PSYoungGen: 23808K->464K(24064K)] 39733K->16389K(58880K), 0.0005350 secs] [Times: user=0.00 sys=0.00, real=0.00 secs] 
183.240: Total time for which application threads were stopped: 0.0006800 seconds, Stopping threads took: 0.0000630 seconds
183.384: Application time: 0.1437030 seconds
183.384: [GC [PSYoungGen: 24016K->224K(24064K)] 39941K->16533K(58880K), 0.0006020 secs] [Times: user=0.00 sys=0.00, real=0.00 secs] 
183.385: Total time for which application threads were stopped: 0.0007340 seconds, Stopping threads took: 0.0000500 seconds
183.528: Application time: 0.1433700 seconds
183.528: [GC [PSYoungGen: 23776K->256K(24064K)] 40085K->16565K(58880K), 0.0004370 secs] [Times: user=0.00 sys=0.00, real=0.00 secs] 
183.529: Total time for which application threads were stopped: 0.0005760 seconds, Stopping threads took: 0.0000600 seconds
183.670: Application time: 0.1417520 seconds
183.670: [GC [PSYoungGen: 23808K->256K(24064K)] 40117K->16565K(58880K), 0.0004560 secs] [Times: user=0.00 sys=0.00, real=0.00 secs] 
183.671: Total time for which application threads were stopped: 0.0006040 seconds, Stopping threads took: 0.0000550 seconds
183.815: Application time: 0.1438540 seconds
183.815: [GC [PSYoungGen: 23808K->256K(24064K)] 40117K->16758K(58880K), 0.0004580 secs] [Times: user=0.00 sys=0.00, real=0.01 secs] 
183.815: Total time for which application threads were stopped: 0.0005900 seconds, Stopping threads took: 0.0000540 seconds
183.959: Application time: 0.1433660 seconds
183.959: [GC [PSYoungGen: 23808K->256K(24064K)] 40310K->16758K(58880K), 0.0004520 secs] [Times: user=0.00 sys=0.00, real=0.00 secs] 
183.959: Total time for which application threads were stopped: 0.0005900 seconds, Stopping threads took: 0.0000550 seconds
184.098: Application time: 0.1382210 seconds
184.098: [GC [PSYoungGen: 23808K->480K(24064K)] 40310K->16986K(58880K), 0.0005130 secs] [Times: user=0.00 sys=0.00, real=0.00 secs] 
184.098: Total time for which application threads were stopped: 0.0006500 seconds, Stopping threads took: 0.0000550 seconds
184.241: Application time: 0.1432340 seconds
184.242: [GC [PSYoungGen: 24032K->256K(24064K)] 40538K->17154K(58880K), 0.0005640 secs] [Times: user=0.00 sys=0.00, real=0.00 secs] 
184.242: Total time for which application threads were stopped: 0.0007210 seconds, Stopping threads took: 0.0000650 seconds
184.386: Application time: 0.1437540 seconds
184.386: [GC [PSYoungGen: 23808K->256K(24064K)] 40706K->17154K(58880K), 0.0004080 secs] [Times: user=0.00 sys=0.00, real=0.00 secs] 
184.387: Total time for which application threads were stopped: 0.0005490 seconds, Stopping threads took: 0.0000650 seconds
184.530: Application time: 0.1430310 seconds
184.530: [GC [PSYoungGen: 23808K->240K(24064K)] 40706K->17138K(58880K), 0.0005220 secs] [Times: user=0.01 sys=0.00, real=0.00 secs] 
184.530: Total time for which application threads were stopped: 0.0006600 seconds, Stopping threads took: 0.0000600 seconds
184.674: Application time: 0.1437440 seconds
184.674: [GC [PSYoungGen: 23792K->256K(24064K)] 40690K->17346K(58880K), 0.0004430 secs] [Times: user=0.00 sys=0.00, real=0.00 secs] 
184.675: Total time for which application threads were stopped: 0.0005760 seconds, Stopping threads took: 0.0000540 seconds
184.811: Application time: 0.1363980 seconds
184.811: [GC [PSYoungGen: 23808K->224K(24064K)] 40898K->17314K(58880K), 0.0003940 secs] [Times: user=0.00 sys=0.00, real=0.00 secs] 
184.811: Total time for which application threads were stopped: 0.0005550 seconds, Stopping threads took: 0.0000680 seconds
184.938: Application time: 0.1261710 seconds
184.938: [GC [PSYoungGen: 23776K->496K(24064K)] 40866K->17586K(58880K), 0.0005000 secs] [Times: user=0.00 sys=0.00, real=0.00 secs] 
184.938: Total time for which application threads were stopped: 0.0006330 seconds, Stopping threads took: 0.0000560 seconds
185.069: Application time: 0.1303120 seconds
185.069: [GC [PSYoungGen: 24048K->256K(24064K)] 41138K->17734K(58880K), 0.0005310 secs] [Times: user=0.01 sys=0.00, real=0.00 secs] 
185.069: Total time for which application threads were stopped: 0.0006720 seconds, Stopping threads took: 0.0000560 seconds
185.200: Application time: 0.1306720 seconds
185.200: [GC [PSYoungGen: 23808K->256K(24064K)] 41286K->17734K(58880K), 0.0003960 secs] [Times: user=0.00 sys=0.00, real=0.00 secs] 
185.200: Total time for which application threads were stopped: 0.0005310 seconds, Stopping threads took: 0.0000570 seconds
185.330: Application time: 0.1295890 seconds
185.330: [GC [PSYoungGen: 23808K->240K(24064K)] 41286K->17718K(58880K), 0.0005080 secs] [Times: user=0.01 sys=0.00, real=0.00 secs] 
185.331: Total time for which application threads were stopped: 0.0006480 seconds, Stopping threads took: 0.0000530 seconds
185.461: Application time: 0.1303310 seconds
185.461: [GC [PSYoungGen: 23792K->128K(24064K)] 41270K->17767K(58880K), 0.0005730 secs] [Times: user=0.00 sys=0.00, real=0.00 secs] 
185.463: Total time for which application threads were stopped: 0.0016930 seconds, Stopping threads took: 0.0000690 seconds
185.593: Application time: 0.1301620 seconds
185.593: [GC [PSYoungGen: 23680K->256K(24064K)] 41319K->17895K(58880K), 0.0004250 secs] [Times: user=0.00 sys=0.00, real=0.00 secs] 
185.593: Total time for which application threads were stopped: 0.0005610 seconds, Stopping threads took: 0.0000570 seconds
185.719: Application time: 0.1256640 seconds
185.719: [GC [PSYoungGen: 23808K->480K(24064K)] 41447K->18119K(58880K), 0.0005110 secs] [Times: user=0.00 sys=0.00, real=0.00 secs] 
185.720: Total time for which application threads were stopped: 0.0006490 seconds, Stopping threads took: 0.0000590 seconds
185.850: Application time: 0.1301570 seconds
185.850: [GC [PSYoungGen: 24032K->256K(24064K)] 41671K->18283K(58880K), 0.0005120 secs] [Times: user=0.00 sys=0.00, real=0.00 secs] 
185.851: Total time for which application threads were stopped: 0.0006620 seconds, Stopping threads took: 0.0000660 seconds
185.981: Application time: 0.1303730 seconds
185.981: [GC [PSYoungGen: 23808K->256K(24064K)] 41835K->18283K(58880K), 0.0004540 secs] [Times: user=0.01 sys=0.00, real=0.00 secs] 
185.982: Total time for which application threads were stopped: 0.0006010 seconds, Stopping threads took: 0.0000660 seconds
186.111: Application time: 0.1293540 seconds
186.111: [GC [PSYoungGen: 23808K->256K(24064K)] 41835K->18283K(58880K), 0.0004780 secs] [Times: user=0.00 sys=0.00, real=0.00 secs] 
186.112: Total time for which application threads were stopped: 0.0006200 seconds, Stopping threads took: 0.0000640 seconds
186.242: Application time: 0.1302570 seconds
186.242: [GC [PSYoungGen: 23808K->256K(24064K)] 41835K->18475K(58880K), 0.0004730 secs] [Times: user=0.00 sys=0.00, real=0.00 secs] 
186.242: Total time for which application threads were stopped: 0.0006170 seconds, Stopping threads took: 0.0000660 seconds
186.373: Application time: 0.1303340 seconds
186.373: [GC [PSYoungGen: 23808K->160K(24064K)] 42027K->18379K(58880K), 0.0004830 secs] [Times: user=0.01 sys=0.00, real=0.00 secs] 
186.373: Total time for which application threads were stopped: 0.0006290 seconds, Stopping threads took: 0.0000580 seconds
186.499: Application time: 0.1257990 seconds
186.499: [GC [PSYoungGen: 23712K->480K(24064K)] 41931K->18699K(58880K), 0.0005670 secs] [Times: user=0.00 sys=0.00, real=0.00 secs] 
186.500: Total time for which application threads were stopped: 0.0007080 seconds, Stopping threads took: 0.0000620 seconds
186.630: Application time: 0.1303920 seconds
186.630: [GC [PSYoungGen: 24032K->224K(24064K)] 42251K->18832K(58880K), 0.0006050 secs] [Times: user=0.01 sys=0.00, real=0.00 secs] 
186.631: Total time for which application threads were stopped: 0.0007360 seconds, Stopping threads took: 0.0000560 seconds
186.762: Application time: 0.1305470 seconds
186.762: [GC [PSYoungGen: 23776K->256K(24064K)] 42384K->18864K(58880K), 0.0004000 secs] [Times: user=0.00 sys=0.00, real=0.00 secs] 
186.762: Total time for which application threads were stopped: 0.0005320 seconds, Stopping threads took: 0.0000560 seconds
186.892: Application time: 0.1295380 seconds
186.892: [GC [PSYoungGen: 23808K->256K(24064K)] 42416K->18864K(58880K), 0.0004480 secs] [Times: user=0.00 sys=0.00, real=0.00 secs] 
186.892: Total time for which application threads were stopped: 0.0005930 seconds, Stopping threads took: 0.0000650 seconds
187.023: Application time: 0.1305190 seconds
187.023: [GC [PSYoungGen: 23808K->256K(24064K)] 42416K->19056K(58880K), 0.0004500 secs] [Times: user=0.00 sys=0.00, real=0.00 secs] 
187.023: Total time for which application threads were stopped: 0.0005800 seconds, Stopping threads took: 0.0000530 seconds
187.154: Application time: 0.1304200 seconds
187.154: [GC [PSYoungGen: 23808K->256K(24064K)] 42608K->19056K(58880K), 0.0004880 secs] [Times: user=0.01 sys=0.00, real=0.00 secs] 
187.154: Total time for which application threads were stopped: 0.0006310 seconds, Stopping threads took: 0.0000640 seconds
187.280: Application time: 0.1253860 seconds
187.280: [GC [PSYoungGen: 23808K->496K(24064K)] 42608K->19312K(58880K), 0.0005010 secs] [Times: user=0.01 sys=0.00, real=0.00 secs] 
187.280: Total time for which application threads were stopped: 0.0006300 seconds, Stopping threads took: 0.0000540 seconds
187.411: Application time: 0.1301750 seconds
187.411: [GC [PSYoungGen: 24048K->224K(24064K)] 42864K->19408K(58880K), 0.0005440 secs] [Times: user=0.00 sys=0.00, real=0.00 secs] 
187.411: Total time for which application threads were stopped: 0.0006940 seconds, Stopping threads took: 0.0000640 seconds
187.542: Application time: 0.1304770 seconds
187.542: [GC [PSYoungGen: 23776K->256K(24064K)] 42960K->19440K(58880K), 0.0004340 secs] [Times: user=0.00 sys=0.00, real=0.00 secs] 
187.542: Total time for which application threads were stopped: 0.0005700 seconds, Stopping threads took: 0.0000580 seconds
187.671: Application time: 0.1289510 seconds
187.671: [GC [PSYoungGen: 23808K->256K(24064K)] 42992K->19440K(58880K), 0.0004580 secs] [Times: user=0.00 sys=0.00, real=0.00 secs] 
187.672: Total time for which application threads were stopped: 0.0005930 seconds, Stopping threads took: 0.0000530 seconds
187.802: Application time: 0.1301980 seconds
187.802: [GC [PSYoungGen: 23808K->256K(24064K)] 42992K->19632K(58880K), 0.0004640 secs] [Times: user=0.01 sys=0.00, real=0.00 secs] 
187.803: Total time for which application threads were stopped: 0.0006170 seconds, Stopping threads took: 0.0000650 seconds
187.933: Application time: 0.1305050 seconds
187.933: [GC [PSYoungGen: 23808K->256K(24064K)] 43184K->19632K(58880K), 0.0004590 secs] [Times: user=0.00 sys=0.00, real=0.00 secs] 
187.934: Total time for which application threads were stopped: 0.0006080 seconds, Stopping threads took: 0.0000620 seconds
188.060: Application time: 0.1260410 seconds
188.060: [GC [PSYoungGen: 23808K->432K(24064K)] 43184K->19808K(58880K), 0.0005130 secs] [Times: user=0.00 sys=0.00, real=0.00 secs] 
188.061: Total time for which application threads were stopped: 0.0006510 seconds, Stopping threads took: 0.0000620 seconds
188.191: Application time: 0.1303900 seconds
188.191: [GC [PSYoungGen: 23984K->224K(24064K)] 43360K->19989K(58880K), 0.0005420 secs] [Times: user=0.01 sys=0.00, real=0.00 secs] 
188.192: Total time for which application threads were stopped: 0.0006730 seconds, Stopping threads took: 0.0000540 seconds
188.322: Application time: 0.1302200 seconds
188.322: [GC [PSYoungGen: 23776K->256K(24064K)] 43541K->20021K(58880K), 0.0004180 secs] [Times: user=0.00 sys=0.00, real=0.00 secs] 
188.322: Total time for which application threads were stopped: 0.0005500 seconds, Stopping threads took: 0.0000540 seconds
188.452: Application time: 0.1294610 seconds
188.452: [GC [PSYoungGen: 23808K->256K(24064K)] 43573K->20021K(58880K), 0.0004610 secs] [Times: user=0.00 sys=0.00, real=0.00 secs] 
188.452: Total time for which application threads were stopped: 0.0006210 seconds, Stopping threads took: 0.0000680 seconds
188.583: Application time: 0.1308740 seconds
188.583: [GC [PSYoungGen: 23808K->256K(24064K)] 43573K->20213K(58880K), 0.0004490 secs] [Times: user=0.00 sys=0.00, real=0.00 secs] 
188.584: Total time for which application threads were stopped: 0.0005780 seconds, Stopping threads took: 0.0000520 seconds
188.714: Application time: 0.1303330 seconds
188.714: [GC [PSYoungGen: 23808K->256K(24064K)] 43765K->20213K(58880K), 0.0003890 secs] [Times: user=0.01 sys=0.00, real=0.00 secs] 
188.715: Total time for which application threads were stopped: 0.0005230 seconds, Stopping threads took: 0.0000600 seconds
188.841: Application time: 0.1262610 seconds
188.841: [GC [PSYoungGen: 23808K->480K(24064K)] 43765K->20437K(58880K), 0.0005540 secs] [Times: user=0.00 sys=0.00, real=0.00 secs] 
188.842: Total time for which application threads were stopped: 0.0006990 seconds, Stopping threads took: 0.0000650 seconds
188.972: Application time: 0.1302650 seconds
188.972: [GC [PSYoungGen: 24032K->256K(24064K)] 43989K->20601K(58880K), 0.0005500 secs] [Times: user=0.00 sys=0.00, real=0.00 secs] 
188.973: Total time for which application threads were stopped: 0.0007030 seconds, Stopping threads took: 0.0000620 seconds
189.103: Application time: 0.1304480 seconds
189.103: [GC [PSYoungGen: 23808K->256K(24064K)] 44153K->20601K(58880K), 0.0004150 secs] [Times: user=0.00 sys=0.00, real=0.00 secs] 
189.104: Total time for which application threads were stopped: 0.0005660 seconds, Stopping threads took: 0.0000720 seconds
189.233: Application time: 0.1291840 seconds
189.233: [GC [PSYoungGen: 23808K->240K(24064K)] 44153K->20585K(58880K), 0.0004870 secs] [Times: user=0.00 sys=0.00, real=0.00 secs] 
189.234: Total time for which application threads were stopped: 0.0006240 seconds, Stopping threads took: 0.0000560 seconds
189.364: Application time: 0.1307420 seconds
189.364: [GC [PSYoungGen: 23792K->256K(24064K)] 44137K->20793K(58880K), 0.0004600 secs] [Times: user=0.00 sys=0.00, real=0.00 secs] 
189.365: Total time for which application threads were stopped: 0.0005900 seconds, Stopping threads took: 0.0000530 seconds
189.496: Application time: 0.1308350 seconds
189.496: [GC [PSYoungGen: 23808K->256K(24064K)] 44345K->20793K(58880K), 0.0003820 secs] [Times: user=0.01 sys=0.00, real=0.00 secs] 
189.496: Total time for which application threads were stopped: 0.0005310 seconds, Stopping threads took: 0.0000680 seconds
189.621: Application time: 0.1251210 seconds
189.621: [GC [PSYoungGen: 23808K->496K(24064K)] 44345K->21065K(58880K), 0.0005420 secs] [Times: user=0.00 sys=0.00, real=0.00 secs] 
189.622: Total time for which application threads were stopped: 0.0006730 seconds, Stopping threads took: 0.0000520 seconds
189.752: Application time: 0.1301130 seconds
189.752: [GC [PSYoungGen: 24048K->256K(24064K)] 44617K->21186K(58880K), 0.0005740 secs] [Times: user=0.00 sys=0.00, real=0.00 secs] 
189.753: Total time for which application threads were stopped: 0.0007010 seconds, Stopping threads took: 0.0000510 seconds
189.884: Application time: 0.1306900 seconds
189.884: [GC [PSYoungGen: 23808K->224K(24064K)] 44738K->21154K(58880K), 0.0004460 secs] [Times: user=0.01 sys=0.00, real=0.00 secs] 
189.884: Total time for which application threads were stopped: 0.0005820 seconds, Stopping threads took: 0.0000610 seconds
190.013: Application time: 0.1292570 seconds
190.014: [GC [PSYoungGen: 23776K->256K(24064K)] 44706K->21186K(58880K), 0.0004460 secs] [Times: user=0.00 sys=0.00, real=0.00 secs] 
190.014: Total time for which application threads were stopped: 0.0005940 seconds, Stopping threads took: 0.0000570 seconds
190.144: Application time: 0.1304270 seconds
190.145: [GC [PSYoungGen: 23808K->256K(24064K)] 44738K->21378K(58880K), 0.0004690 secs] [Times: user=0.00 sys=0.00, real=0.00 secs] 
190.145: Total time for which application threads were stopped: 0.0006030 seconds, Stopping threads took: 0.0000530 seconds
190.275: Application time: 0.1304630 seconds
190.276: [GC [PSYoungGen: 23808K->256K(24064K)] 44930K->21378K(58880K), 0.0003870 secs] [Times: user=0.00 sys=0.00, real=0.00 secs] 
190.276: Total time for which application threads were stopped: 0.0005160 seconds, Stopping threads took: 0.0000530 seconds
190.402: Application time: 0.1263530 seconds
190.402: [GC [PSYoungGen: 23808K->496K(24064K)] 44930K->21622K(58880K), 0.0005190 secs] [Times: user=0.00 sys=0.00, real=0.00 secs] 
190.403: Total time for which application threads were stopped: 0.0006480 seconds, Stopping threads took: 0.0000520 seconds
190.533: Application time: 0.1301800 seconds
190.533: [GC [PSYoungGen: 24048K->256K(24064K)] 45174K->21770K(58880K), 0.0005340 secs] [Times: user=0.00 sys=0.00, real=0.00 secs] 
190.535: Total time for which application threads were stopped: 0.0017440 seconds, Stopping threads took: 0.0000660 seconds
190.665: Application time: 0.1304130 seconds
190.665: [GC [PSYoungGen: 23808K->256K(24064K)] 45322K->21770K(58880K), 0.0004700 secs] [Times: user=0.01 sys=0.00, real=0.00 secs] 
190.666: Total time for which application threads were stopped: 0.0006070 seconds, Stopping threads took: 0.0000560 seconds
190.796: Application time: 0.1301790 seconds
190.796: [GC [PSYoungGen: 23808K->256K(24064K)] 45322K->21770K(58880K), 0.0005200 secs] [Times: user=0.01 sys=0.00, real=0.00 secs] 
190.797: Total time for which application threads were stopped: 0.0006630 seconds, Stopping threads took: 0.0000590 seconds
190.927: Application time: 0.1305070 seconds
190.931: [GC [PSYoungGen: 23808K->256K(24064K)] 45322K->21962K(58880K), 0.0004510 secs] [Times: user=0.01 sys=0.00, real=0.00 secs] 
190.932: Total time for which application threads were stopped: 0.0044750 seconds, Stopping threads took: 0.0039510 seconds
191.062: Application time: 0.1304310 seconds
191.062: [GC [PSYoungGen: 23808K->256K(24064K)] 45514K->21962K(58880K), 0.0004390 secs] [Times: user=0.00 sys=0.00, real=0.00 secs] 
191.063: Total time for which application threads were stopped: 0.0005880 seconds, Stopping threads took: 0.0000610 seconds
191.188: Application time: 0.1255450 seconds
191.188: [GC [PSYoungGen: 23808K->480K(24064K)] 45514K->22186K(58880K), 0.0005260 secs] [Times: user=0.01 sys=0.00, real=0.00 secs] 
191.189: Total time for which application threads were stopped: 0.0006580 seconds, Stopping threads took: 0.0000560 seconds
191.319: Application time: 0.1303400 seconds
191.320: [GC [PSYoungGen: 24032K->256K(24064K)] 45738K->22355K(58880K), 0.0005150 secs] [Times: user=0.01 sys=0.00, real=0.00 secs] 
191.320: Total time for which application threads were stopped: 0.0006720 seconds, Stopping threads took: 0.0000680 seconds
191.450: Application time: 0.1303470 seconds
191.451: [GC [PSYoungGen: 23808K->256K(24064K)] 45907K->22355K(58880K), 0.0004240 secs] [Times: user=0.00 sys=0.00, real=0.00 secs] 
191.451: Total time for which application threads were stopped: 0.0005710 seconds, Stopping threads took: 0.0000680 seconds
191.581: Application time: 0.1295870 seconds
191.581: [GC [PSYoungGen: 23808K->256K(24064K)] 45907K->22355K(58880K), 0.0004930 secs] [Times: user=0.00 sys=0.00, real=0.00 secs] 
191.581: Total time for which application threads were stopped: 0.0006440 seconds, Stopping threads took: 0.0000590 seconds
191.711: Application time: 0.1302680 seconds
191.712: [GC [PSYoungGen: 23808K->256K(24064K)] 45907K->22547K(58880K), 0.0005440 secs] [Times: user=0.00 sys=0.00, real=0.00 secs] 
191.712: Total time for which application threads were stopped: 0.0007550 seconds, Stopping threads took: 0.0001300 seconds
191.842: Application time: 0.1300270 seconds
191.842: [GC [PSYoungGen: 23808K->224K(24064K)] 46099K->22515K(58880K), 0.0004570 secs] [Times: user=0.00 sys=0.00, real=0.00 secs] 
191.843: Total time for which application threads were stopped: 0.0005920 seconds, Stopping threads took: 0.0000540 seconds
191.970: Application time: 0.1270770 seconds
191.970: [GC [PSYoungGen: 23776K->480K(24064K)] 46067K->22779K(58880K), 0.0005200 secs] [Times: user=0.00 sys=0.00, real=0.00 secs] 
191.971: Total time for which application threads were stopped: 0.0006570 seconds, Stopping threads took: 0.0000600 seconds
192.101: Application time: 0.1299210 seconds
192.101: [GC [PSYoungGen: 24032K->256K(24064K)] 46331K->22935K(58880K), 0.0005560 secs] [Times: user=0.00 sys=0.00, real=0.00 secs] 
192.101: Total time for which application threads were stopped: 0.0007060 seconds, Stopping threads took: 0.0000640 seconds
192.232: Application time: 0.1306590 seconds
192.232: [GC [PSYoungGen: 23808K->256K(24064K)] 46487K->22935K(58880K), 0.0004130 secs] [Times: user=0.00 sys=0.00, real=0.00 secs] 
192.232: Total time for which application threads were stopped: 0.0005500 seconds, Stopping threads took: 0.0000580 seconds
192.362: Application time: 0.1292320 seconds
192.362: [GC [PSYoungGen: 23808K->256K(24064K)] 46487K->22935K(58880K), 0.0004370 secs] [Times: user=0.00 sys=0.00, real=0.00 secs] 
192.362: Total time for which application threads were stopped: 0.0005700 seconds, Stopping threads took: 0.0000560 seconds
192.492: Application time: 0.1301680 seconds
192.493: [GC [PSYoungGen: 23808K->256K(24064K)] 46487K->23127K(58880K), 0.0004430 secs] [Times: user=0.00 sys=0.00, real=0.00 secs] 
192.493: Total time for which application threads were stopped: 0.0005750 seconds, Stopping threads took: 0.0000580 seconds
192.624: Application time: 0.1307770 seconds
192.624: [GC [PSYoungGen: 23808K->192K(24064K)] 46679K->23063K(58880K), 0.0004400 secs] [Times: user=0.00 sys=0.00, real=0.00 secs] 
192.624: Total time for which application threads were stopped: 0.0005940 seconds, Stopping threads took: 0.0000670 seconds
192.750: Application time: 0.1259590 seconds
192.750: [GC [PSYoungGen: 23744K->464K(24064K)] 46615K->23335K(58880K), 0.0005370 secs] [Times: user=0.00 sys=0.00, real=0.00 secs] 
192.751: Total time for which application threads were stopped: 0.0006850 seconds, Stopping threads took: 0.0000700 seconds
192.881: Application time: 0.1304090 seconds
192.882: [GC [PSYoungGen: 24016K->256K(24064K)] 46887K->23516K(58880K), 0.0004860 secs] [Times: user=0.00 sys=0.00, real=0.00 secs] 
192.882: Total time for which application threads were stopped: 0.0006110 seconds, Stopping threads took: 0.0000490 seconds
193.012: Application time: 0.1304480 seconds
193.013: [GC [PSYoungGen: 23808K->256K(24064K)] 47068K->23516K(58880K), 0.0004230 secs] [Times: user=0.00 sys=0.00, real=0.00 secs] 
193.013: Total time for which application threads were stopped: 0.0005640 seconds, Stopping threads took: 0.0000640 seconds
193.143: Application time: 0.1299790 seconds
193.147: [GC [PSYoungGen: 23808K->256K(24064K)] 47068K->23516K(58880K), 0.0004960 secs] [Times: user=0.00 sys=0.00, real=0.00 secs] 
193.148: Total time for which application threads were stopped: 0.0048580 seconds, Stopping threads took: 0.0042800 seconds
193.278: Application time: 0.1304650 seconds
193.278: [GC [PSYoungGen: 23808K->256K(24064K)] 47068K->23708K(58880K), 0.0004960 secs] [Times: user=0.00 sys=0.00, real=0.00 secs] 
193.279: Total time for which application threads were stopped: 0.0006360 seconds, Stopping threads took: 0.0000610 seconds
193.409: Application time: 0.1303870 seconds
193.410: [GC [PSYoungGen: 23808K->256K(24064K)] 47260K->23708K(58880K), 0.0004260 secs] [Times: user=0.00 sys=0.00, real=0.00 secs] 
193.410: Total time for which application threads were stopped: 0.0005720 seconds, Stopping threads took: 0.0000700 seconds
193.536: Application time: 0.1257600 seconds
193.536: [GC [PSYoungGen: 23808K->496K(24064K)] 47260K->23948K(58880K), 0.0005090 secs] [Times: user=0.01 sys=0.00, real=0.00 secs] 
193.536: Total time for which application threads were stopped: 0.0006450 seconds, Stopping threads took: 0.0000590 seconds
193.667: Application time: 0.1305310 seconds
193.667: [GC [PSYoungGen: 24048K->256K(24064K)] 47500K->24096K(58880K), 0.0005300 secs] [Times: user=0.00 sys=0.00, real=0.01 secs] 
193.668: Total time for which application threads were stopped: 0.0006760 seconds, Stopping threads took: 0.0000570 seconds
193.798: Application time: 0.1299350 seconds
193.798: [GC [PSYoungGen: 23808K->224K(24064K)] 47648K->24064K(58880K), 0.0004390 secs] [Times: user=0.00 sys=0.00, real=0.00 secs] 
193.798: Total time for which application threads were stopped: 0.0005790 seconds, Stopping threads took: 0.0000600 seconds
193.927: Application time: 0.1292360 seconds
193.927: [GC [PSYoungGen: 23776K->256K(24064K)] 47616K->24096K(58880K), 0.0004420 secs] [Times: user=0.00 sys=0.00, real=0.00 secs] 
193.928: Total time for which application threads were stopped: 0.0005780 seconds, Stopping threads took: 0.0000570 seconds
194.058: Application time: 0.1300110 seconds
194.058: [GC [PSYoungGen: 23808K->224K(24064K)] 47648K->24240K(58880K), 0.0004480 secs] [Times: user=0.01 sys=0.00, real=0.00 secs] 
194.059: Total time for which application threads were stopped: 0.0005840 seconds, Stopping threads took: 0.0000540 seconds
194.188: Application time: 0.1296820 seconds
194.188: [GC [PSYoungGen: 23776K->256K(24064K)] 47792K->24272K(58880K), 0.0004320 secs] [Times: user=0.00 sys=0.00, real=0.00 secs] 
194.189: Total time for which application threads were stopped: 0.0005870 seconds, Stopping threads took: 0.0000670 seconds
194.315: Application time: 0.1258020 seconds
194.315: [GC [PSYoungGen: 23808K->496K(24064K)] 47824K->24528K(58880K), 0.0005360 secs] [Times: user=0.00 sys=0.00, real=0.00 secs] 
194.315: Total time for which application threads were stopped: 0.0006610 seconds, Stopping threads took: 0.0000500 seconds
194.445: Application time: 0.1299980 seconds
194.445: [GC [PSYoungGen: 24048K->256K(24064K)] 48080K->24661K(58880K), 0.0005680 secs] [Times: user=0.00 sys=0.00, real=0.00 secs] 
194.446: Total time for which application threads were stopped: 0.0007020 seconds, Stopping threads took: 0.0000550 seconds
194.576: Application time: 0.1302670 seconds
194.576: [GC [PSYoungGen: 23808K->256K(24064K)] 48213K->24661K(58880K), 0.0004310 secs] [Times: user=0.00 sys=0.00, real=0.00 secs] 
194.577: Total time for which application threads were stopped: 0.0005680 seconds, Stopping threads took: 0.0000580 seconds
194.706: Application time: 0.1290150 seconds
194.706: [GC [PSYoungGen: 23808K->208K(24064K)] 48213K->24613K(58880K), 0.0005530 secs] [Times: user=0.01 sys=0.00, real=0.00 secs] 
194.706: Total time for which application threads were stopped: 0.0006980 seconds, Stopping threads took: 0.0000520 seconds
194.838: Application time: 0.1312790 seconds
194.838: [GC [PSYoungGen: 23760K->224K(24064K)] 48165K->24813K(58880K), 0.0004890 secs] [Times: user=0.00 sys=0.00, real=0.00 secs] 
194.838: Total time for which application threads were stopped: 0.0006260 seconds, Stopping threads took: 0.0000500 seconds
194.969: Application time: 0.1304760 seconds
194.969: [GC [PSYoungGen: 23776K->224K(24064K)] 48365K->24813K(58880K), 0.0004270 secs] [Times: user=0.00 sys=0.00, real=0.00 secs] 
194.969: Total time for which application threads were stopped: 0.0005620 seconds, Stopping threads took: 0.0000510 seconds
195.096: Application time: 0.1264900 seconds
195.096: [GC [PSYoungGen: 23776K->496K(24064K)] 48365K->25101K(58880K), 0.0005420 secs] [Times: user=0.00 sys=0.00, real=0.00 secs] 
195.097: Total time for which application threads were stopped: 0.0006670 seconds, Stopping threads took: 0.0000490 seconds
195.228: Application time: 0.1309740 seconds
195.228: [GC [PSYoungGen: 24048K->256K(24064K)] 48653K->25233K(58880K), 0.0005310 secs] [Times: user=0.00 sys=0.00, real=0.00 secs] 
195.228: Total time for which application threads were stopped: 0.0006820 seconds, Stopping threads took: 0.0000650 seconds
195.359: Application time: 0.1303310 seconds
195.359: [GC [PSYoungGen: 23808K->256K(24064K)] 48785K->25233K(58880K), 0.0004160 secs] [Times: user=0.00 sys=0.00, real=0.00 secs] 
195.359: Total time for which application threads were stopped: 0.0005520 seconds, Stopping threads took: 0.0000620 seconds
195.488: Application time: 0.1290210 seconds
195.488: [GC [PSYoungGen: 23808K->256K(24064K)] 48785K->25233K(58880K), 0.0004640 secs] [Times: user=0.00 sys=0.00, real=0.00 secs] 
195.489: Total time for which application threads were stopped: 0.0006000 seconds, Stopping threads took: 0.0000560 seconds
195.619: Application time: 0.1303670 seconds
195.619: [GC [PSYoungGen: 23808K->256K(24064K)] 48785K->25417K(58880K), 0.0005090 secs] [Times: user=0.00 sys=0.00, real=0.00 secs] 
195.622: Total time for which application threads were stopped: 0.0029470 seconds, Stopping threads took: 0.0000650 seconds
195.752: Application time: 0.1301950 seconds
195.752: [GC [PSYoungGen: 23808K->256K(24064K)] 48969K->25417K(58880K), 0.0004440 secs] [Times: user=0.00 sys=0.00, real=0.00 secs] 
195.753: Total time for which application threads were stopped: 0.0005940 seconds, Stopping threads took: 0.0000660 seconds
195.879: Application time: 0.1264190 seconds
195.879: [GC [PSYoungGen: 23808K->480K(24064K)] 48969K->25649K(58880K), 0.0005490 secs] [Times: user=0.00 sys=0.00, real=0.00 secs] 
195.880: Total time for which application threads were stopped: 0.0006850 seconds, Stopping threads took: 0.0000580 seconds
196.010: Application time: 0.1296600 seconds
196.010: [GC [PSYoungGen: 24032K->256K(24064K)] 49201K->25814K(58880K), 0.0005230 secs] [Times: user=0.00 sys=0.00, real=0.00 secs] 
196.010: Total time for which application threads were stopped: 0.0006550 seconds, Stopping threads took: 0.0000540 seconds
196.141: Application time: 0.1303450 seconds
196.147: [GC [PSYoungGen: 23808K->256K(24064K)] 49366K->25814K(58880K), 0.0004850 secs] [Times: user=0.00 sys=0.00, real=0.00 secs] 
196.148: Total time for which application threads were stopped: 0.0072110 seconds, Stopping threads took: 0.0066480 seconds
196.278: Application time: 0.1299600 seconds
196.278: [GC [PSYoungGen: 23808K->256K(24064K)] 49366K->25814K(58880K), 0.0005310 secs] [Times: user=0.00 sys=0.00, real=0.00 secs] 
196.279: Total time for which application threads were stopped: 0.0006830 seconds, Stopping threads took: 0.0000590 seconds
196.409: Application time: 0.1309070 seconds
196.410: [GC [PSYoungGen: 23808K->256K(24064K)] 49366K->26006K(58880K), 0.0004570 secs] [Times: user=0.00 sys=0.00, real=0.00 secs] 
196.410: Total time for which application threads were stopped: 0.0005930 seconds, Stopping threads took: 0.0000610 seconds
196.541: Application time: 0.1306410 seconds
196.541: [GC [PSYoungGen: 23808K->256K(24064K)] 49558K->26006K(58880K), 0.0004050 secs] [Times: user=0.00 sys=0.00, real=0.00 secs] 
196.541: Total time for which application threads were stopped: 0.0005390 seconds, Stopping threads took: 0.0000590 seconds
196.667: Application time: 0.1260310 seconds
196.667: [GC [PSYoungGen: 23808K->480K(24064K)] 49558K->26230K(58880K), 0.0005270 secs] [Times: user=0.01 sys=0.00, real=0.00 secs] 
196.668: Total time for which application threads were stopped: 0.0006690 seconds, Stopping threads took: 0.0000630 seconds
196.798: Application time: 0.1305530 seconds
196.799: [GC [PSYoungGen: 24032K->192K(24064K)] 49782K->26326K(58880K), 0.0005730 secs] [Times: user=0.00 sys=0.00, real=0.00 secs] 
196.799: Total time for which application threads were stopped: 0.0007260 seconds, Stopping threads took: 0.0000620 seconds
196.929: Application time: 0.1302900 seconds
196.930: [GC [PSYoungGen: 23744K->160K(24064K)] 49878K->26294K(58880K), 0.0004650 secs] [Times: user=0.00 sys=0.00, real=0.00 secs] 
196.930: Total time for which application threads were stopped: 0.0006230 seconds, Stopping threads took: 0.0000740 seconds
197.060: Application time: 0.1298540 seconds
197.060: [GC [PSYoungGen: 23712K->240K(24064K)] 49846K->26374K(58880K), 0.0004890 secs] [Times: user=0.00 sys=0.00, real=0.00 secs] 
197.061: Total time for which application threads were stopped: 0.0006320 seconds, Stopping threads took: 0.0000580 seconds
197.191: Application time: 0.1301700 seconds
197.191: [GC [PSYoungGen: 23792K->224K(24064K)] 49926K->26542K(58880K), 0.0005140 secs] [Times: user=0.00 sys=0.00, real=0.00 secs] 
197.191: Total time for which application threads were stopped: 0.0006530 seconds, Stopping threads took: 0.0000560 seconds
197.322: Application time: 0.1307770 seconds
197.322: [GC [PSYoungGen: 23776K->224K(24064K)] 50094K->26542K(58880K), 0.0004290 secs] [Times: user=0.00 sys=0.00, real=0.00 secs] 
197.323: Total time for which application threads were stopped: 0.0005720 seconds, Stopping threads took: 0.0000500 seconds
197.448: Application time: 0.1256830 seconds
197.451: [GC [PSYoungGen: 23776K->480K(24064K)] 50094K->26799K(58880K), 0.0005320 secs] [Times: user=0.00 sys=0.00, real=0.00 secs] 
197.452: Total time for which application threads were stopped: 0.0034320 seconds, Stopping threads took: 0.0028250 seconds
197.582: Application time: 0.1301290 seconds
197.582: [GC [PSYoungGen: 24032K->256K(24064K)] 50351K->26963K(58880K), 0.0005700 secs] [Times: user=0.00 sys=0.00, real=0.00 secs] 
197.583: Total time for which application threads were stopped: 0.0007410 seconds, Stopping threads took: 0.0000930 seconds
197.713: Application time: 0.1304880 seconds
197.713: [GC [PSYoungGen: 23808K->256K(24064K)] 50515K->26963K(58880K), 0.0004070 secs] [Times: user=0.00 sys=0.00, real=0.00 secs] 
197.714: Total time for which application threads were stopped: 0.0005410 seconds, Stopping threads took: 0.0000580 seconds
197.843: Application time: 0.1289980 seconds
197.843: [GC [PSYoungGen: 23808K->224K(24064K)] 50515K->26931K(58880K), 0.0004610 secs] [Times: user=0.00 sys=0.00, real=0.00 secs] 
197.843: Total time for which application threads were stopped: 0.0006130 seconds, Stopping threads took: 0.0000650 seconds
197.974: Application time: 0.1308090 seconds
197.974: [GC [PSYoungGen: 23776K->256K(24064K)] 50483K->27155K(58880K), 0.0005230 secs] [Times: user=0.00 sys=0.00, real=0.00 secs] 
197.975: Total time for which application threads were stopped: 0.0006840 seconds, Stopping threads took: 0.0000790 seconds
198.105: Application time: 0.1297220 seconds
198.105: [GC [PSYoungGen: 23808K->224K(24064K)] 50707K->27123K(58880K), 0.0004620 secs] [Times: user=0.00 sys=0.00, real=0.00 secs] 
198.105: Total time for which application threads were stopped: 0.0006100 seconds, Stopping threads took: 0.0000680 seconds
198.232: Application time: 0.1264900 seconds
198.232: [GC [PSYoungGen: 23776K->480K(24064K)] 50675K->27379K(58880K), 0.0006020 secs] [Times: user=0.00 sys=0.00, real=0.00 secs] 
198.232: Total time for which application threads were stopped: 0.0007390 seconds, Stopping threads took: 0.0000580 seconds
198.363: Application time: 0.1302700 seconds
198.363: [GC [PSYoungGen: 24032K->256K(24064K)] 50931K->27543K(58880K), 0.0005780 secs] [Times: user=0.01 sys=0.00, real=0.00 secs] 
198.363: Total time for which application threads were stopped: 0.0007360 seconds, Stopping threads took: 0.0000560 seconds
198.494: Application time: 0.1303070 seconds
198.494: [GC [PSYoungGen: 23808K->256K(24064K)] 51095K->27543K(58880K), 0.0004140 secs] [Times: user=0.00 sys=0.00, real=0.00 secs] 
198.494: Total time for which application threads were stopped: 0.0005540 seconds, Stopping threads took: 0.0000660 seconds
198.624: Application time: 0.1300400 seconds
198.625: [GC [PSYoungGen: 23808K->240K(24064K)] 51095K->27527K(58880K), 0.0005010 secs] [Times: user=0.00 sys=0.00, real=0.00 secs] 
198.625: Total time for which application threads were stopped: 0.0006410 seconds, Stopping threads took: 0.0000600 seconds
198.756: Application time: 0.1305730 seconds
198.756: [GC [PSYoungGen: 23792K->256K(24064K)] 51079K->27736K(58880K), 0.0004900 secs] [Times: user=0.00 sys=0.00, real=0.00 secs] 
198.756: Total time for which application threads were stopped: 0.0006310 seconds, Stopping threads took: 0.0000630 seconds
198.886: Application time: 0.1300710 seconds
198.886: [GC [PSYoungGen: 23808K->256K(24064K)] 51288K->27736K(58880K), 0.0004380 secs] [Times: user=0.00 sys=0.00, real=0.00 secs] 
198.887: Total time for which application threads were stopped: 0.0005890 seconds, Stopping threads took: 0.0000660 seconds
199.013: Application time: 0.1260630 seconds
199.015: [GC [PSYoungGen: 23808K->496K(24064K)] 51288K->27992K(58880K), 0.0005730 secs] [Times: user=0.01 sys=0.00, real=0.00 secs] 
199.016: Total time for which application threads were stopped: 0.0030090 seconds, Stopping threads took: 0.0023590 seconds
199.147: Application time: 0.1305340 seconds
199.147: [GC [PSYoungGen: 24048K->256K(24064K)] 51544K->28124K(58880K), 0.0005280 secs] [Times: user=0.00 sys=0.00, real=0.00 secs] 
199.147: Total time for which application threads were stopped: 0.0006730 seconds, Stopping threads took: 0.0000630 seconds
199.278: Application time: 0.1308380 seconds
199.278: [GC [PSYoungGen: 23808K->256K(24064K)] 51676K->28124K(58880K), 0.0004320 secs] [Times: user=0.00 sys=0.00, real=0.00 secs] 
199.279: Total time for which application threads were stopped: 0.0005720 seconds, Stopping threads took: 0.0000610 seconds
199.407: Application time: 0.1288190 seconds
199.408: [GC [PSYoungGen: 23808K->256K(24064K)] 51676K->28124K(58880K), 0.0005640 secs] [Times: user=0.00 sys=0.00, real=0.00 secs] 
199.408: Total time for which application threads were stopped: 0.0007080 seconds, Stopping threads took: 0.0000540 seconds
199.538: Application time: 0.1303390 seconds
199.539: [GC [PSYoungGen: 23808K->256K(24064K)] 51676K->28316K(58880K), 0.0004520 secs] [Times: user=0.00 sys=0.00, real=0.00 secs] 
199.539: Total time for which application threads were stopped: 0.0005870 seconds, Stopping threads took: 0.0000620 seconds
199.670: Application time: 0.1305980 seconds
199.670: [GC [PSYoungGen: 23808K->256K(24064K)] 51868K->28316K(58880K), 0.0004750 secs] [Times: user=0.00 sys=0.00, real=0.00 secs] 
199.670: Total time for which application threads were stopped: 0.0006150 seconds, Stopping threads took: 0.0000580 seconds
199.796: Application time: 0.1256480 seconds
199.796: [GC [PSYoungGen: 23808K->480K(24064K)] 51868K->28544K(58880K), 0.0005210 secs] [Times: user=0.00 sys=0.00, real=0.00 secs] 
199.797: Total time for which application threads were stopped: 0.0006490 seconds, Stopping threads took: 0.0000520 seconds
199.927: Application time: 0.1300750 seconds
199.927: [GC [PSYoungGen: 24032K->256K(24064K)] 52096K->28704K(58880K), 0.0005210 secs] [Times: user=0.01 sys=0.00, real=0.01 secs] 
199.927: Total time for which application threads were stopped: 0.0006670 seconds, Stopping threads took: 0.0000580 seconds
200.058: Application time: 0.1301890 seconds
200.058: [GC [PSYoungGen: 23808K->192K(24064K)] 52256K->28640K(58880K), 0.0004760 secs] [Times: user=0.00 sys=0.00, real=0.00 secs] 
200.058: Total time for which application threads were stopped: 0.0006250 seconds, Stopping threads took: 0.0000700 seconds
200.188: Application time: 0.1297030 seconds
200.188: [GC [PSYoungGen: 23744K->240K(24064K)] 52192K->28688K(58880K), 0.0004780 secs] [Times: user=0.00 sys=0.00, real=0.00 secs] 
200.188: Total time for which application threads were stopped: 0.0006140 seconds, Stopping threads took: 0.0000600 seconds
200.319: Application time: 0.1303450 seconds
200.319: [GC [PSYoungGen: 23792K->256K(24064K)] 52240K->28897K(58880K), 0.0004550 secs] [Times: user=0.00 sys=0.00, real=0.00 secs] 
200.319: Total time for which application threads were stopped: 0.0005800 seconds, Stopping threads took: 0.0000520 seconds
200.450: Application time: 0.1302070 seconds
200.450: [GC [PSYoungGen: 23808K->256K(24064K)] 52449K->28897K(58880K), 0.0004460 secs] [Times: user=0.00 sys=0.00, real=0.00 secs] 
200.450: Total time for which application threads were stopped: 0.0005850 seconds, Stopping threads took: 0.0000530 seconds
200.577: Application time: 0.1268950 seconds
200.577: [GC [PSYoungGen: 23808K->496K(24064K)] 52449K->29137K(58880K), 0.0005590 secs] [Times: user=0.00 sys=0.00, real=0.00 secs] 
200.578: Total time for which application threads were stopped: 0.0006980 seconds, Stopping threads took: 0.0000570 seconds
200.707: Application time: 0.1295320 seconds
200.707: [GC [PSYoungGen: 24048K->256K(24064K)] 52689K->29289K(58880K), 0.0005810 secs] [Times: user=0.00 sys=0.00, real=0.00 secs] 
200.708: Total time for which application threads were stopped: 0.0007180 seconds, Stopping threads took: 0.0000530 seconds
200.846: Application time: 0.1378450 seconds
200.846: [GC [PSYoungGen: 23808K->256K(24064K)] 52841K->29289K(58880K), 0.0004450 secs] [Times: user=0.00 sys=0.00, real=0.00 secs] 
200.846: Total time for which application threads were stopped: 0.0005810 seconds, Stopping threads took: 0.0000570 seconds
200.989: Application time: 0.1422500 seconds
200.989: [GC [PSYoungGen: 23808K->256K(24064K)] 52841K->29289K(58880K), 0.0005500 secs] [Times: user=0.00 sys=0.00, real=0.00 secs] 
200.989: Total time for which application threads were stopped: 0.0006930 seconds, Stopping threads took: 0.0000540 seconds
201.133: Application time: 0.1432580 seconds
201.133: [GC [PSYoungGen: 23808K->224K(24064K)] 52841K->29441K(58880K), 0.0005250 secs] [Times: user=0.00 sys=0.00, real=0.00 secs] 
201.133: Total time for which application threads were stopped: 0.0006740 seconds, Stopping threads took: 0.0000670 seconds
201.277: Application time: 0.1439020 seconds
201.277: [GC [PSYoungGen: 23776K->192K(24064K)] 52993K->29409K(58880K), 0.0004580 secs] [Times: user=0.00 sys=0.00, real=0.00 secs] 
201.278: Total time for which application threads were stopped: 0.0006060 seconds, Stopping threads took: 0.0000700 seconds
201.416: Application time: 0.1384360 seconds
201.416: [GC [PSYoungGen: 23744K->480K(24064K)] 52961K->29697K(58880K), 0.0005730 secs] [Times: user=0.00 sys=0.00, real=0.00 secs] 
201.417: Total time for which application threads were stopped: 0.0007390 seconds, Stopping threads took: 0.0000800 seconds
201.561: Application time: 0.1436380 seconds
201.561: [GC [PSYoungGen: 24032K->256K(24064K)] 53249K->29861K(58880K), 0.0005950 secs] [Times: user=0.00 sys=0.00, real=0.00 secs] 
201.561: Total time for which application threads were stopped: 0.0007440 seconds, Stopping threads took: 0.0000560 seconds
201.705: Application time: 0.1435620 seconds
201.705: [GC [PSYoungGen: 23808K->224K(24064K)] 53413K->29829K(58880K), 0.0005060 secs] [Times: user=0.01 sys=0.00, real=0.00 secs] 
201.706: Total time for which application threads were stopped: 0.0006580 seconds, Stopping threads took: 0.0000720 seconds
201.848: Application time: 0.1428080 seconds
201.849: [GC [PSYoungGen: 23776K->256K(24064K)] 53381K->29861K(58880K), 0.0005130 secs] [Times: user=0.00 sys=0.00, real=0.00 secs] 
201.849: Total time for which application threads were stopped: 0.0006470 seconds, Stopping threads took: 0.0000540 seconds
201.993: Application time: 0.1435960 seconds
201.993: [GC [PSYoungGen: 23808K->256K(24064K)] 53413K->30054K(58880K), 0.0005070 secs] [Times: user=0.00 sys=0.00, real=0.00 secs] 
201.993: Total time for which application threads were stopped: 0.0006450 seconds, Stopping threads took: 0.0000530 seconds
202.136: Application time: 0.1430520 seconds
202.137: [GC [PSYoungGen: 23808K->256K(24064K)] 53606K->30054K(58880K), 0.0004740 secs] [Times: user=0.00 sys=0.00, real=0.00 secs] 
202.137: Total time for which application threads were stopped: 0.0006240 seconds, Stopping threads took: 0.0000570 seconds
202.275: Application time: 0.1381820 seconds
202.275: [GC [PSYoungGen: 23808K->464K(24064K)] 53606K->30262K(58880K), 0.0005830 secs] [Times: user=0.00 sys=0.00, real=0.00 secs] 
202.276: Total time for which application threads were stopped: 0.0007220 seconds, Stopping threads took: 0.0000590 seconds
202.419: Application time: 0.1428520 seconds
202.419: [GC [PSYoungGen: 24016K->256K(24064K)] 53814K->30450K(58880K), 0.0005970 secs] [Times: user=0.00 sys=0.00, real=0.00 secs] 
202.420: Total time for which application threads were stopped: 0.0007400 seconds, Stopping threads took: 0.0000640 seconds
202.563: Application time: 0.1436790 seconds
202.563: [GC [PSYoungGen: 23808K->256K(24064K)] 54002K->30450K(58880K), 0.0004680 secs] [Times: user=0.00 sys=0.00, real=0.00 secs] 
202.564: Total time for which application threads were stopped: 0.0006200 seconds, Stopping threads took: 0.0000700 seconds
202.706: Application time: 0.1424510 seconds
202.706: [GC [PSYoungGen: 23808K->256K(24064K)] 54002K->30450K(58880K), 0.0004880 secs] [Times: user=0.00 sys=0.00, real=0.00 secs] 
202.707: Total time for which application threads were stopped: 0.0006420 seconds, Stopping threads took: 0.0000610 seconds
202.851: Application time: 0.1437520 seconds
202.851: [GC [PSYoungGen: 23808K->256K(24064K)] 54002K->30642K(58880K), 0.0005260 secs] [Times: user=0.00 sys=0.00, real=0.00 secs] 
202.851: Total time for which application threads were stopped: 0.0006730 seconds, Stopping threads took: 0.0000630 seconds
202.995: Application time: 0.1438320 seconds
202.995: [GC [PSYoungGen: 23808K->192K(24064K)] 54194K->30578K(58880K), 0.0004520 secs] [Times: user=0.00 sys=0.00, real=0.00 secs] 
202.996: Total time for which application threads were stopped: 0.0006030 seconds, Stopping threads took: 0.0000740 seconds
203.133: Application time: 0.1373010 seconds
203.133: [GC [PSYoungGen: 23744K->496K(24064K)] 54130K->30898K(58880K), 0.0006020 secs] [Times: user=0.01 sys=0.00, real=0.00 secs] 
203.134: Total time for which application threads were stopped: 0.0007360 seconds, Stopping threads took: 0.0000530 seconds
203.277: Application time: 0.1430940 seconds
203.277: [GC [PSYoungGen: 24048K->256K(24064K)] 54450K->31031K(58880K), 0.0005760 secs] [Times: user=0.00 sys=0.00, real=0.00 secs] 
203.278: Total time for which application threads were stopped: 0.0007480 seconds, Stopping threads took: 0.0000750 seconds
203.421: Application time: 0.1432660 seconds
203.421: [GC [PSYoungGen: 23808K->256K(24064K)] 54583K->31031K(58880K), 0.0004440 secs] [Times: user=0.00 sys=0.00, real=0.00 secs] 
203.422: Total time for which application threads were stopped: 0.0005880 seconds, Stopping threads took: 0.0000680 seconds
203.564: Application time: 0.1429350 seconds
203.565: [GC [PSYoungGen: 23808K->256K(24064K)] 54583K->31031K(58880K), 0.0004820 secs] [Times: user=0.00 sys=0.00, real=0.00 secs] 
203.565: Total time for which application threads were stopped: 0.0006100 seconds, Stopping threads took: 0.0000510 seconds
203.708: Application time: 0.1432020 seconds
203.708: [GC [PSYoungGen: 23808K->256K(24064K)] 54583K->31223K(58880K), 0.0005300 secs] [Times: user=0.00 sys=0.00, real=0.00 secs] 
203.709: Total time for which application threads were stopped: 0.0006710 seconds, Stopping threads took: 0.0000590 seconds
203.852: Application time: 0.1433410 seconds
203.852: [GC [PSYoungGen: 23808K->256K(24064K)] 54775K->31223K(58880K), 0.0004610 secs] [Times: user=0.00 sys=0.00, real=0.00 secs] 
203.853: Total time for which application threads were stopped: 0.0006010 seconds, Stopping threads took: 0.0000500 seconds
203.991: Application time: 0.1381360 seconds
203.991: [GC [PSYoungGen: 23808K->496K(24064K)] 54775K->31475K(58880K), 0.0005630 secs] [Times: user=0.00 sys=0.00, real=0.00 secs] 
203.992: Total time for which application threads were stopped: 0.0007100 seconds, Stopping threads took: 0.0000560 seconds
204.135: Application time: 0.1428080 seconds
204.135: [GC [PSYoungGen: 24048K->256K(24064K)] 55027K->31623K(58880K), 0.0005960 secs] [Times: user=0.00 sys=0.00, real=0.01 secs] 
204.135: Total time for which application threads were stopped: 0.0007440 seconds, Stopping threads took: 0.0000630 seconds
204.279: Application time: 0.1432050 seconds
204.279: [GC [PSYoungGen: 23808K->224K(24064K)] 55175K->31591K(58880K), 0.0004630 secs] [Times: user=0.00 sys=0.00, real=0.00 secs] 
204.279: Total time for which application threads were stopped: 0.0006050 seconds, Stopping threads took: 0.0000560 seconds
204.422: Application time: 0.1423920 seconds
204.422: [GC [PSYoungGen: 23776K->256K(24064K)] 55143K->31623K(58880K), 0.0004780 secs] [Times: user=0.01 sys=0.00, real=0.00 secs] 
204.422: Total time for which application threads were stopped: 0.0006260 seconds, Stopping threads took: 0.0000550 seconds
204.565: Application time: 0.1432770 seconds
204.566: [GC [PSYoungGen: 23808K->256K(24064K)] 55175K->31815K(58880K), 0.0005230 secs] [Times: user=0.00 sys=0.00, real=0.00 secs] 
204.566: Total time for which application threads were stopped: 0.0006600 seconds, Stopping threads took: 0.0000630 seconds
204.710: Application time: 0.1435580 seconds
204.710: [GC [PSYoungGen: 23808K->256K(24064K)] 55367K->31815K(58880K), 0.0004260 secs] [Times: user=0.00 sys=0.00, real=0.00 secs] 
204.710: Total time for which application threads were stopped: 0.0005710 seconds, Stopping threads took: 0.0000670 seconds
204.840: Application time: 0.1300710 seconds
204.840: [GC [PSYoungGen: 23808K->496K(24064K)] 55367K->32071K(58880K), 0.0005300 secs] [Times: user=0.00 sys=0.00, real=0.00 secs] 
204.841: Total time for which application threads were stopped: 0.0006720 seconds, Stopping threads took: 0.0000670 seconds
204.972: Application time: 0.1306790 seconds
204.972: [GC [PSYoungGen: 24048K->256K(24064K)] 55623K->32208K(58880K), 0.0005540 secs] [Times: user=0.00 sys=0.00, real=0.00 secs] 
204.972: Total time for which application threads were stopped: 0.0007100 seconds, Stopping threads took: 0.0000650 seconds
205.102: Application time: 0.1299970 seconds
205.102: [GC [PSYoungGen: 23808K->256K(24064K)] 55760K->32208K(58880K), 0.0004050 secs] [Times: user=0.00 sys=0.00, real=0.00 secs] 
205.103: Total time for which application threads were stopped: 0.0005330 seconds, Stopping threads took: 0.0000540 seconds
205.232: Application time: 0.1289340 seconds
205.232: [GC [PSYoungGen: 23808K->224K(24064K)] 55760K->32176K(58880K), 0.0005100 secs] [Times: user=0.00 sys=0.00, real=0.00 secs] 
205.233: Total time for which application threads were stopped: 0.0006770 seconds, Stopping threads took: 0.0000860 seconds
205.363: Application time: 0.1304520 seconds
205.363: [GC [PSYoungGen: 23776K->224K(24064K)] 55728K->32360K(58880K), 0.0005200 secs] [Times: user=0.00 sys=0.00, real=0.00 secs] 
205.364: Total time for which application threads were stopped: 0.0006590 seconds, Stopping threads took: 0.0000580 seconds
205.494: Application time: 0.1308790 seconds
205.495: [GC [PSYoungGen: 23776K->256K(24064K)] 55912K->32392K(58880K), 0.0004300 secs] [Times: user=0.01 sys=0.00, real=0.00 secs] 
205.495: Total time for which application threads were stopped: 0.0005770 seconds, Stopping threads took: 0.0000540 seconds
205.621: Application time: 0.1262980 seconds
205.621: [GC [PSYoungGen: 23808K->496K(24064K)] 55944K->32632K(58880K), 0.0005640 secs] [Times: user=0.00 sys=0.00, real=0.00 secs] 
205.622: Total time for which application threads were stopped: 0.0006990 seconds, Stopping threads took: 0.0000600 seconds
205.752: Application time: 0.1296750 seconds
205.752: [GC [PSYoungGen: 24048K->224K(24064K)] 56184K->32744K(58880K), 0.0006180 secs] [Times: user=0.01 sys=0.00, real=0.00 secs] 
205.753: Total time for which application threads were stopped: 0.0017410 seconds, Stopping threads took: 0.0000520 seconds
205.884: Application time: 0.1302470 seconds
205.884: [GC [PSYoungGen: 23776K->224K(24064K)] 56296K->32744K(58880K), 0.0004740 secs] [Times: user=0.00 sys=0.00, real=0.00 secs] 
205.884: Total time for which application threads were stopped: 0.0006070 seconds, Stopping threads took: 0.0000610 seconds
206.014: Application time: 0.1296770 seconds
206.014: [GC [PSYoungGen: 23776K->240K(24064K)] 56296K->32760K(58880K), 0.0004690 secs] [Times: user=0.01 sys=0.00, real=0.00 secs] 
206.015: Total time for which application threads were stopped: 0.0006110 seconds, Stopping threads took: 0.0000540 seconds
206.145: Application time: 0.1303610 seconds
206.145: [GC [PSYoungGen: 23792K->256K(24064K)] 56312K->32968K(58880K), 0.0004880 secs] [Times: user=0.00 sys=0.00, real=0.00 secs] 
206.146: Total time for which application threads were stopped: 0.0006440 seconds, Stopping threads took: 0.0000790 seconds
206.276: Application time: 0.1303080 seconds
206.276: [GC [PSYoungGen: 23808K->256K(24064K)] 56520K->32968K(58880K), 0.0004230 secs] [Times: user=0.01 sys=0.00, real=0.00 secs] 
206.277: Total time for which application threads were stopped: 0.0005690 seconds, Stopping threads took: 0.0000710 seconds
206.402: Application time: 0.1257670 seconds
206.402: [GC [PSYoungGen: 23808K->496K(24064K)] 56520K->33212K(58880K), 0.0005440 secs] [Times: user=0.00 sys=0.00, real=0.00 secs] 
206.403: Total time for which application threads were stopped: 0.0006880 seconds, Stopping threads took: 0.0000680 seconds
206.533: Application time: 0.1296850 seconds
206.533: [GC [PSYoungGen: 24048K->256K(24064K)] 56764K->33357K(58880K), 0.0005980 secs] [Times: user=0.01 sys=0.00, real=0.00 secs] 
206.533: Total time for which application threads were stopped: 0.0007570 seconds, Stopping threads took: 0.0000630 seconds
206.664: Application time: 0.1307210 seconds
206.664: [GC [PSYoungGen: 23808K->256K(24064K)] 56909K->33357K(58880K), 0.0004230 secs] [Times: user=0.00 sys=0.00, real=0.00 secs] 
206.665: Total time for which application threads were stopped: 0.0005530 seconds, Stopping threads took: 0.0000540 seconds
206.794: Application time: 0.1293340 seconds
206.794: [GC [PSYoungGen: 23808K->256K(24064K)] 56909K->33357K(58880K), 0.0004320 secs] [Times: user=0.00 sys=0.00, real=0.00 secs] 
206.795: Total time for which application threads were stopped: 0.0005720 seconds, Stopping threads took: 0.0000660 seconds
206.925: Application time: 0.1308520 seconds
206.926: [GC [PSYoungGen: 23808K->256K(24064K)] 56909K->33549K(58880K), 0.0004840 secs] [Times: user=0.00 sys=0.00, real=0.00 secs] 
206.926: Total time for which application threads were stopped: 0.0006340 seconds, Stopping threads took: 0.0000710 seconds
207.057: Application time: 0.1307500 seconds
207.057: [GC [PSYoungGen: 23808K->256K(24064K)] 57101K->33549K(58880K), 0.0004450 secs] [Times: user=0.00 sys=0.00, real=0.00 secs] 
207.057: Total time for which application threads were stopped: 0.0005880 seconds, Stopping threads took: 0.0000590 seconds
207.183: Application time: 0.1254440 seconds
207.183: [GC [PSYoungGen: 23808K->496K(24064K)] 57101K->33789K(58880K), 0.0005340 secs] [Times: user=0.00 sys=0.00, real=0.00 secs] 
207.184: Total time for which application threads were stopped: 0.0006690 seconds, Stopping threads took: 0.0000560 seconds
207.314: Application time: 0.1306210 seconds
207.314: [GC [PSYoungGen: 24048K->224K(24064K)] 57341K->33901K(58880K), 0.0005550 secs] [Times: user=0.00 sys=0.00, real=0.00 secs] 
207.315: Total time for which application threads were stopped: 0.0007090 seconds, Stopping threads took: 0.0000800 seconds
207.445: Application time: 0.1303860 seconds
207.445: [GC [PSYoungGen: 23776K->256K(24064K)] 57453K->33933K(58880K), 0.0004350 secs] [Times: user=0.01 sys=0.00, real=0.00 secs] 
207.446: Total time for which application threads were stopped: 0.0005640 seconds, Stopping threads took: 0.0000540 seconds
207.575: Application time: 0.1287840 seconds
207.575: [GC [PSYoungGen: 23808K->240K(24064K)] 57485K->33917K(58880K), 0.0005420 secs] [Times: user=0.00 sys=0.00, real=0.01 secs] 
207.575: Total time for which application threads were stopped: 0.0007210 seconds, Stopping threads took: 0.0000810 seconds
207.706: Application time: 0.1302490 seconds
207.706: [GC [PSYoungGen: 23792K->256K(24064K)] 57469K->34125K(58880K), 0.0004770 secs] [Times: user=0.00 sys=0.00, real=0.00 secs] 
207.706: Total time for which application threads were stopped: 0.0006130 seconds, Stopping threads took: 0.0000590 seconds
207.837: Application time: 0.1307490 seconds
207.837: [GC [PSYoungGen: 23808K->192K(24064K)] 57677K->34061K(58880K), 0.0004710 secs] [Times: user=0.00 sys=0.00, real=0.00 secs] 
207.838: Total time for which application threads were stopped: 0.0006160 seconds, Stopping threads took: 0.0000600 seconds
207.964: Application time: 0.1261550 seconds
207.964: [GC [PSYoungGen: 23744K->480K(24064K)] 57613K->34353K(58880K), 0.0005640 secs] [Times: user=0.00 sys=0.00, real=0.00 secs] 
207.964: Total time for which application threads were stopped: 0.0007000 seconds, Stopping threads took: 0.0000590 seconds
208.095: Application time: 0.1305910 seconds
208.095: [GC [PSYoungGen: 24032K->256K(24064K)] 57905K->34518K(58880K), 0.0005490 secs] [Times: user=0.00 sys=0.00, real=0.01 secs] 
208.096: [Full GC [PSYoungGen: 256K->0K(24064K)] [ParOldGen: 34262K->3007K(34304K)] 34518K->3007K(58368K) [PSPermGen: 6081K->6081K(21504K)], 0.0058830 secs] [Times: user=0.02 sys=0.01, real=0.00 secs] 
208.102: Total time for which application threads were stopped: 0.0066610 seconds, Stopping threads took: 0.0000880 seconds
208.233: Application time: 0.1308350 seconds
208.233: [GC [PSYoungGen: 23552K->256K(23552K)] 26559K->3263K(57856K), 0.0004470 secs] [Times: user=0.00 sys=0.00, real=0.00 secs] 
208.233: Total time for which application threads were stopped: 0.0005920 seconds, Stopping threads took: 0.0000650 seconds
208.360: Application time: 0.1271000 seconds
208.360: [GC [PSYoungGen: 23296K->240K(23552K)] 26303K->3255K(57856K), 0.0004390 secs] [Times: user=0.00 sys=0.00, real=0.00 secs] 
208.361: Total time for which application threads were stopped: 0.0005750 seconds, Stopping threads took: 0.0000540 seconds
208.489: Application time: 0.1277550 seconds
208.489: [GC [PSYoungGen: 23280K->256K(23552K)] 26295K->3447K(57856K), 0.0004750 secs] [Times: user=0.00 sys=0.00, real=0.00 secs] 
208.489: Total time for which application threads were stopped: 0.0006270 seconds, Stopping threads took: 0.0000770 seconds
208.617: Application time: 0.1275690 seconds
208.617: [GC [PSYoungGen: 23296K->256K(23552K)] 26487K->3447K(57856K), 0.0003930 secs] [Times: user=0.00 sys=0.00, real=0.00 secs] 
208.617: Total time for which application threads were stopped: 0.0005460 seconds, Stopping threads took: 0.0000640 seconds
208.740: Application time: 0.1228610 seconds
208.740: [GC [PSYoungGen: 23296K->496K(23552K)] 26487K->3695K(57856K), 0.0005130 secs] [Times: user=0.00 sys=0.00, real=0.00 secs] 
208.741: Total time for which application threads were stopped: 0.0006520 seconds, Stopping threads took: 0.0000630 seconds
208.878: Application time: 0.1374300 seconds
208.878: [GC [PSYoungGen: 23536K->256K(23552K)] 26735K->3844K(57856K), 0.0005120 secs] [Times: user=0.00 sys=0.00, real=0.00 secs] 
208.879: Total time for which application threads were stopped: 0.0006480 seconds, Stopping threads took: 0.0000590 seconds
209.019: Application time: 0.1400900 seconds
209.019: [GC [PSYoungGen: 23296K->256K(23552K)] 26884K->3844K(57856K), 0.0004590 secs] [Times: user=0.01 sys=0.00, real=0.00 secs] 
209.020: Total time for which application threads were stopped: 0.0006040 seconds, Stopping threads took: 0.0000570 seconds
209.159: Application time: 0.1392710 seconds
209.159: [GC [PSYoungGen: 23296K->256K(23552K)] 26884K->3844K(57856K), 0.0004870 secs] [Times: user=0.00 sys=0.00, real=0.00 secs] 
209.160: Total time for which application threads were stopped: 0.0006350 seconds, Stopping threads took: 0.0000560 seconds
209.300: Application time: 0.1401520 seconds
209.300: [GC [PSYoungGen: 23296K->256K(23552K)] 26884K->4036K(57856K), 0.0004430 secs] [Times: user=0.00 sys=0.00, real=0.00 secs] 
209.300: Total time for which application threads were stopped: 0.0006080 seconds, Stopping threads took: 0.0000790 seconds
209.441: Application time: 0.1402580 seconds
209.441: [GC [PSYoungGen: 23296K->256K(23552K)] 27076K->4036K(57856K), 0.0003880 secs] [Times: user=0.00 sys=0.00, real=0.00 secs] 
209.441: Total time for which application threads were stopped: 0.0005270 seconds, Stopping threads took: 0.0000620 seconds
209.576: Application time: 0.1354000 seconds
209.577: [GC [PSYoungGen: 23296K->480K(23552K)] 27076K->4268K(57856K), 0.0004910 secs] [Times: user=0.01 sys=0.00, real=0.00 secs] 
209.577: Total time for which application threads were stopped: 0.0006280 seconds, Stopping threads took: 0.0000570 seconds
209.718: Application time: 0.1405480 seconds
209.718: [GC [PSYoungGen: 23520K->224K(23552K)] 27308K->4392K(57856K), 0.0005440 secs] [Times: user=0.00 sys=0.00, real=0.00 secs] 
209.718: Total time for which application threads were stopped: 0.0007010 seconds, Stopping threads took: 0.0000690 seconds
209.859: Application time: 0.1402310 seconds
209.859: [GC [PSYoungGen: 23264K->256K(23552K)] 27432K->4424K(57856K), 0.0004270 secs] [Times: user=0.00 sys=0.00, real=0.00 secs] 
209.859: Total time for which application threads were stopped: 0.0005770 seconds, Stopping threads took: 0.0000690 seconds
209.999: Application time: 0.1398230 seconds
209.999: [GC [PSYoungGen: 23296K->240K(23552K)] 27464K->4408K(57856K), 0.0004390 secs] [Times: user=0.00 sys=0.00, real=0.00 secs] 
210.000: Total time for which application threads were stopped: 0.0005770 seconds, Stopping threads took: 0.0000540 seconds
210.140: Application time: 0.1400210 seconds
210.140: [GC [PSYoungGen: 23280K->224K(23552K)] 27448K->4576K(57856K), 0.0004930 secs] [Times: user=0.00 sys=0.00, real=0.00 secs] 
210.140: Total time for which application threads were stopped: 0.0006340 seconds, Stopping threads took: 0.0000630 seconds
210.281: Application time: 0.1403720 seconds
210.281: [GC [PSYoungGen: 23264K->256K(23552K)] 27616K->4608K(57856K), 0.0003850 secs] [Times: user=0.01 sys=0.00, real=0.00 secs] 
210.281: Total time for which application threads were stopped: 0.0005360 seconds, Stopping threads took: 0.0000630 seconds
210.417: Application time: 0.1355280 seconds
210.417: [GC [PSYoungGen: 23296K->416K(23552K)] 27648K->4768K(57856K), 0.0005140 secs] [Times: user=0.00 sys=0.00, real=0.00 secs] 
210.417: Total time for which application threads were stopped: 0.0006640 seconds, Stopping threads took: 0.0000700 seconds
210.556: Application time: 0.1389920 seconds
210.556: [GC [PSYoungGen: 23456K->256K(23552K)] 27808K->4953K(57856K), 0.0004990 secs] [Times: user=0.00 sys=0.00, real=0.00 secs] 
210.557: Total time for which application threads were stopped: 0.0006400 seconds, Stopping threads took: 0.0000580 seconds
210.698: Application time: 0.1405850 seconds
210.698: [GC [PSYoungGen: 23296K->256K(23552K)] 27993K->5013K(57856K), 0.0004190 secs] [Times: user=0.00 sys=0.00, real=0.00 secs] 
210.698: Total time for which application threads were stopped: 0.0005720 seconds, Stopping threads took: 0.0000780 seconds
210.838: Application time: 0.1397070 seconds
210.838: [GC [PSYoungGen: 23296K->256K(23552K)] 28053K->5013K(57856K), 0.0004590 secs] [Times: user=0.00 sys=0.00, real=0.00 secs] 
210.839: Total time for which application threads were stopped: 0.0016230 seconds, Stopping threads took: 0.0000550 seconds
210.980: Application time: 0.1402330 seconds
210.980: [GC [PSYoungGen: 23296K->256K(23552K)] 28053K->5165K(57856K), 0.0004980 secs] [Times: user=0.00 sys=0.00, real=0.00 secs] 
210.980: Total time for which application threads were stopped: 0.0006400 seconds, Stopping threads took: 0.0000570 seconds
211.121: Application time: 0.1403330 seconds
211.121: [GC [PSYoungGen: 23296K->256K(23552K)] 28205K->5189K(57856K), 0.0004420 secs] [Times: user=0.00 sys=0.00, real=0.00 secs] 
211.121: Total time for which application threads were stopped: 0.0006060 seconds, Stopping threads took: 0.0000850 seconds
211.258: Application time: 0.1362780 seconds
211.258: [GC [PSYoungGen: 23296K->368K(23552K)] 28229K->5301K(57856K), 0.0004530 secs] [Times: user=0.00 sys=0.00, real=0.00 secs] 
211.258: Total time for which application threads were stopped: 0.0005820 seconds, Stopping threads took: 0.0000510 seconds
211.397: Application time: 0.1386040 seconds
211.397: [GC [PSYoungGen: 23408K->304K(23552K)] 28341K->5513K(57856K), 0.0005350 secs] [Times: user=0.00 sys=0.00, real=0.00 secs] 
211.397: Total time for which application threads were stopped: 0.0006910 seconds, Stopping threads took: 0.0000700 seconds
211.538: Application time: 0.1402460 seconds
211.538: [GC [PSYoungGen: 23344K->256K(23552K)] 28553K->5617K(57856K), 0.0004290 secs] [Times: user=0.00 sys=0.00, real=0.00 secs] 
211.538: Total time for which application threads were stopped: 0.0005650 seconds, Stopping threads took: 0.0000610 seconds
211.677: Application time: 0.1392100 seconds
211.678: [GC [PSYoungGen: 23296K->256K(23552K)] 28657K->5617K(57856K), 0.0004200 secs] [Times: user=0.00 sys=0.00, real=0.00 secs] 
211.678: Total time for which application threads were stopped: 0.0005580 seconds, Stopping threads took: 0.0000600 seconds
211.818: Application time: 0.1399320 seconds
211.819: [GC [PSYoungGen: 23296K->224K(23552K)] 28657K->5681K(57856K), 0.0004730 secs] [Times: user=0.00 sys=0.00, real=0.00 secs] 
211.820: Total time for which application threads were stopped: 0.0018720 seconds, Stopping threads took: 0.0013200 seconds
211.960: Application time: 0.1405050 seconds
211.960: [GC [PSYoungGen: 23264K->256K(23552K)] 28721K->5809K(57856K), 0.0004290 secs] [Times: user=0.00 sys=0.00, real=0.00 secs] 
211.961: Total time for which application threads were stopped: 0.0005790 seconds, Stopping threads took: 0.0000550 seconds
212.100: Application time: 0.1388460 seconds
212.100: [GC [PSYoungGen: 23296K->288K(23552K)] 28849K->5841K(57856K), 0.0004600 secs] [Times: user=0.00 sys=0.00, real=0.00 secs] 
212.100: Total time for which application threads were stopped: 0.0006020 seconds, Stopping threads took: 0.0000600 seconds
212.237: Application time: 0.1370760 seconds
212.238: [GC [PSYoungGen: 23328K->336K(23552K)] 28881K->6065K(57856K), 0.0005380 secs] [Times: user=0.00 sys=0.00, real=0.00 secs] 
212.238: Total time for which application threads were stopped: 0.0006950 seconds, Stopping threads took: 0.0000710 seconds
212.378: Application time: 0.1401370 seconds
212.379: [GC [PSYoungGen: 23376K->256K(23552K)] 29105K->6246K(57856K), 0.0004970 secs] [Times: user=0.00 sys=0.00, real=0.00 secs] 
212.380: Total time for which application threads were stopped: 0.0015730 seconds, Stopping threads took: 0.0009970 seconds
212.520: Application time: 0.1396810 seconds
212.520: [GC [PSYoungGen: 23296K->256K(23552K)] 29286K->6246K(57856K), 0.0004090 secs] [Times: user=0.00 sys=0.00, real=0.00 secs] 
212.520: Total time for which application threads were stopped: 0.0005660 seconds, Stopping threads took: 0.0000680 seconds
212.660: Application time: 0.1394860 seconds
212.660: [GC [PSYoungGen: 23296K->256K(23552K)] 29286K->6318K(57856K), 0.0005530 secs] [Times: user=0.01 sys=0.00, real=0.00 secs] 
212.660: Total time for which application threads were stopped: 0.0006930 seconds, Stopping threads took: 0.0000580 seconds
212.797: Application time: 0.1370410 seconds
212.797: [GC [PSYoungGen: 23296K->256K(23552K)] 29358K->6438K(57856K), 0.0004180 secs] [Times: user=0.00 sys=0.00, real=0.00 secs] 
212.798: Total time for which application threads were stopped: 0.0005540 seconds, Stopping threads took: 0.0000570 seconds
212.927: Application time: 0.1286140 seconds
212.927: [GC [PSYoungGen: 23296K->288K(23552K)] 29478K->6470K(57856K), 0.0004180 secs] [Times: user=0.01 sys=0.00, real=0.00 secs] 
212.927: Total time for which application threads were stopped: 0.0005660 seconds, Stopping threads took: 0.0000740 seconds
213.052: Application time: 0.1248970 seconds
213.052: [GC [PSYoungGen: 23328K->416K(23552K)] 29510K->6710K(57856K), 0.0005130 secs] [Times: user=0.00 sys=0.00, real=0.00 secs] 
213.053: Total time for which application threads were stopped: 0.0006830 seconds, Stopping threads took: 0.0000600 seconds
213.180: Application time: 0.1273700 seconds
213.180: [GC [PSYoungGen: 23456K->256K(23552K)] 29750K->6870K(57856K), 0.0004960 secs] [Times: user=0.00 sys=0.00, real=0.00 secs] 
213.181: Total time for which application threads were stopped: 0.0007380 seconds, Stopping threads took: 0.0001640 seconds
213.308: Application time: 0.1275620 seconds
213.308: [GC [PSYoungGen: 23296K->192K(23552K)] 29910K->6806K(57856K), 0.0004210 secs] [Times: user=0.00 sys=0.00, real=0.00 secs] 
213.309: Total time for which application threads were stopped: 0.0005620 seconds, Stopping threads took: 0.0000630 seconds
213.436: Application time: 0.1275960 seconds
213.437: [GC [PSYoungGen: 23232K->256K(23552K)] 29846K->6894K(57856K), 0.0004210 secs] [Times: user=0.00 sys=0.00, real=0.00 secs] 
213.437: Total time for which application threads were stopped: 0.0005580 seconds, Stopping threads took: 0.0000560 seconds
213.565: Application time: 0.1274610 seconds
213.565: [GC [PSYoungGen: 23296K->256K(23552K)] 29934K->7062K(57856K), 0.0004540 secs] [Times: user=0.00 sys=0.00, real=0.00 secs] 
213.565: Total time for which application threads were stopped: 0.0006050 seconds, Stopping threads took: 0.0000630 seconds
213.693: Application time: 0.1277290 seconds
213.693: [GC [PSYoungGen: 23296K->256K(23552K)] 30102K->7062K(57856K), 0.0003980 secs] [Times: user=0.01 sys=0.00, real=0.00 secs] 
213.693: Total time for which application threads were stopped: 0.0005400 seconds, Stopping threads took: 0.0000630 seconds
213.822: Application time: 0.1281770 seconds
213.822: [GC [PSYoungGen: 23296K->448K(23552K)] 30102K->7254K(57856K), 0.0004880 secs] [Times: user=0.01 sys=0.00, real=0.00 secs] 
213.822: Total time for which application threads were stopped: 0.0006190 seconds, Stopping threads took: 0.0000540 seconds
213.949: Application time: 0.1272860 seconds
213.950: [GC [PSYoungGen: 23488K->256K(23552K)] 30294K->7455K(57856K), 0.0005320 secs] [Times: user=0.00 sys=0.00, real=0.00 secs] 
213.950: Total time for which application threads were stopped: 0.0006700 seconds, Stopping threads took: 0.0000580 seconds
214.077: Application time: 0.1271240 seconds
214.077: [GC [PSYoungGen: 23296K->224K(23552K)] 30495K->7423K(57856K), 0.0004600 secs] [Times: user=0.00 sys=0.00, real=0.00 secs] 
214.078: Total time for which application threads were stopped: 0.0006300 seconds, Stopping threads took: 0.0000600 seconds
214.205: Application time: 0.1266070 seconds
214.205: [GC [PSYoungGen: 23264K->256K(23552K)] 30463K->7455K(57856K), 0.0004240 secs] [Times: user=0.00 sys=0.00, real=0.00 secs] 
214.205: Total time for which application threads were stopped: 0.0005550 seconds, Stopping threads took: 0.0000550 seconds
214.333: Application time: 0.1277210 seconds
214.333: [GC [PSYoungGen: 23296K->256K(23552K)] 30495K->7647K(57856K), 0.0004270 secs] [Times: user=0.00 sys=0.00, real=0.00 secs] 
214.333: Total time for which application threads were stopped: 0.0005690 seconds, Stopping threads took: 0.0000640 seconds
214.460: Application time: 0.1268820 seconds
214.460: [GC [PSYoungGen: 23296K->256K(23552K)] 30687K->7647K(57856K), 0.0004450 secs] [Times: user=0.00 sys=0.00, real=0.00 secs] 
214.461: Total time for which application threads were stopped: 0.0005780 seconds, Stopping threads took: 0.0000540 seconds
214.584: Application time: 0.1231310 seconds
214.584: [GC [PSYoungGen: 23296K->496K(23552K)] 30687K->7887K(57856K), 0.0005170 secs] [Times: user=0.01 sys=0.00, real=0.00 secs] 
214.585: Total time for which application threads were stopped: 0.0006540 seconds, Stopping threads took: 0.0000530 seconds
214.712: Application time: 0.1272850 seconds
214.712: [GC [PSYoungGen: 23536K->224K(23552K)] 30927K->7999K(57856K), 0.0005220 secs] [Times: user=0.01 sys=0.00, real=0.00 secs] 
214.713: Total time for which application threads were stopped: 0.0006710 seconds, Stopping threads took: 0.0000710 seconds
214.840: Application time: 0.1274050 seconds
214.840: [GC [PSYoungGen: 23264K->256K(23552K)] 31039K->8031K(57856K), 0.0004000 secs] [Times: user=0.00 sys=0.00, real=0.00 secs] 
214.841: Total time for which application threads were stopped: 0.0005290 seconds, Stopping threads took: 0.0000540 seconds
214.967: Application time: 0.1264920 seconds
214.967: [GC [PSYoungGen: 23296K->256K(23552K)] 31071K->8031K(57856K), 0.0004500 secs] [Times: user=0.00 sys=0.00, real=0.01 secs] 
214.968: Total time for which application threads were stopped: 0.0005840 seconds, Stopping threads took: 0.0000540 seconds
215.095: Application time: 0.1273870 seconds
215.095: [GC [PSYoungGen: 23296K->256K(23552K)] 31071K->8199K(57856K), 0.0004310 secs] [Times: user=0.00 sys=0.00, real=0.01 secs] 
215.096: Total time for which application threads were stopped: 0.0005740 seconds, Stopping threads took: 0.0000550 seconds
215.223: Application time: 0.1273520 seconds
215.223: [GC [PSYoungGen: 23296K->256K(23552K)] 31239K->8223K(57856K), 0.0004060 secs] [Times: user=0.00 sys=0.00, real=0.00 secs] 
215.223: Total time for which application threads were stopped: 0.0005450 seconds, Stopping threads took: 0.0000610 seconds
215.347: Application time: 0.1233200 seconds
215.347: [GC [PSYoungGen: 23296K->432K(23552K)] 31263K->8399K(57856K), 0.0005400 secs] [Times: user=0.00 sys=0.00, real=0.01 secs] 
215.347: Total time for which application threads were stopped: 0.0006940 seconds, Stopping threads took: 0.0000730 seconds
215.475: Application time: 0.1272860 seconds
215.475: [GC [PSYoungGen: 23472K->256K(23552K)] 31439K->8560K(57856K), 0.0004960 secs] [Times: user=0.00 sys=0.00, real=0.01 secs] 
215.475: Total time for which application threads were stopped: 0.0006420 seconds, Stopping threads took: 0.0000650 seconds
215.603: Application time: 0.1273240 seconds
215.603: [GC [PSYoungGen: 23296K->256K(23552K)] 31600K->8632K(57856K), 0.0003950 secs] [Times: user=0.00 sys=0.00, real=0.00 secs] 
215.603: Total time for which application threads were stopped: 0.0005460 seconds, Stopping threads took: 0.0000640 seconds
215.730: Application time: 0.1268260 seconds
215.730: [GC [PSYoungGen: 23296K->256K(23552K)] 31672K->8632K(57856K), 0.0004150 secs] [Times: user=0.00 sys=0.00, real=0.00 secs] 
215.731: Total time for which application threads were stopped: 0.0005480 seconds, Stopping threads took: 0.0000510 seconds
215.858: Application time: 0.1277660 seconds
215.859: [GC [PSYoungGen: 23296K->224K(23552K)] 31672K->8760K(57856K), 0.0004460 secs] [Times: user=0.00 sys=0.00, real=0.00 secs] 
215.860: Total time for which application threads were stopped: 0.0017370 seconds, Stopping threads took: 0.0000580 seconds
215.988: Application time: 0.1277510 seconds
215.988: [GC [PSYoungGen: 23264K->256K(23552K)] 31800K->8816K(57856K), 0.0004400 secs] [Times: user=0.00 sys=0.00, real=0.00 secs] 
215.989: Total time for which application threads were stopped: 0.0005780 seconds, Stopping threads took: 0.0000560 seconds
216.113: Application time: 0.1241450 seconds
216.113: [GC [PSYoungGen: 23296K->400K(23552K)] 31856K->8960K(57856K), 0.0005150 secs] [Times: user=0.00 sys=0.00, real=0.00 secs] 
216.113: Total time for which application threads were stopped: 0.0006810 seconds, Stopping threads took: 0.0000810 seconds
216.239: Application time: 0.1259240 seconds
216.239: [GC [PSYoungGen: 23440K->256K(23552K)] 32000K->9112K(57856K), 0.0004960 secs] [Times: user=0.00 sys=0.00, real=0.00 secs] 
216.240: Total time for which application threads were stopped: 0.0006460 seconds, Stopping threads took: 0.0000750 seconds
216.367: Application time: 0.1273070 seconds
216.367: [GC [PSYoungGen: 23296K->256K(23552K)] 32152K->9236K(57856K), 0.0003890 secs] [Times: user=0.00 sys=0.00, real=0.00 secs] 
216.368: Total time for which application threads were stopped: 0.0005240 seconds, Stopping threads took: 0.0000600 seconds
216.494: Application time: 0.1266400 seconds
216.495: [GC [PSYoungGen: 23296K->256K(23552K)] 32276K->9236K(57856K), 0.0004350 secs] [Times: user=0.00 sys=0.00, real=0.00 secs] 
216.495: Total time for which application threads were stopped: 0.0005760 seconds, Stopping threads took: 0.0000660 seconds
216.622: Application time: 0.1275220 seconds
216.623: [GC [PSYoungGen: 23296K->256K(23552K)] 32276K->9380K(57856K), 0.0004250 secs] [Times: user=0.00 sys=0.00, real=0.00 secs] 
216.623: Total time for which application threads were stopped: 0.0005790 seconds, Stopping threads took: 0.0000650 seconds
216.750: Application time: 0.1270230 seconds
216.750: [GC [PSYoungGen: 23296K->256K(23552K)] 32420K->9428K(57856K), 0.0003770 secs] [Times: user=0.00 sys=0.00, real=0.00 secs] 
216.751: Total time for which application threads were stopped: 0.0005140 seconds, Stopping threads took: 0.0000600 seconds
216.885: Application time: 0.1340420 seconds
216.885: [GC [PSYoungGen: 23296K->368K(23552K)] 32468K->9540K(57856K), 0.0004420 secs] [Times: user=0.00 sys=0.00, real=0.00 secs] 
216.885: Total time for which application threads were stopped: 0.0005790 seconds, Stopping threads took: 0.0000620 seconds
217.024: Application time: 0.1385340 seconds
217.024: [GC [PSYoungGen: 23408K->288K(23552K)] 32580K->9725K(57856K), 0.0005920 secs] [Times: user=0.00 sys=0.00, real=0.00 secs] 
217.025: Total time for which application threads were stopped: 0.0007410 seconds, Stopping threads took: 0.0000680 seconds
217.164: Application time: 0.1398710 seconds
217.165: [GC [PSYoungGen: 23328K->256K(23552K)] 32765K->9873K(57856K), 0.0004790 secs] [Times: user=0.00 sys=0.00, real=0.00 secs] 
217.165: Total time for which application threads were stopped: 0.0006250 seconds, Stopping threads took: 0.0000580 seconds
217.305: Application time: 0.1397780 seconds
217.305: [GC [PSYoungGen: 23296K->256K(23552K)] 32913K->9873K(57856K), 0.0004400 secs] [Times: user=0.00 sys=0.00, real=0.00 secs] 
217.305: Total time for which application threads were stopped: 0.0005810 seconds, Stopping threads took: 0.0000580 seconds
217.445: Application time: 0.1394490 seconds
217.445: [GC [PSYoungGen: 23296K->256K(23552K)] 32913K->9969K(57856K), 0.0004720 secs] [Times: user=0.00 sys=0.00, real=0.00 secs] 
217.445: Total time for which application threads were stopped: 0.0006050 seconds, Stopping threads took: 0.0000540 seconds
217.586: Application time: 0.1401410 seconds
217.586: [GC [PSYoungGen: 23296K->256K(23552K)] 33009K->10065K(57856K), 0.0004780 secs] [Times: user=0.01 sys=0.00, real=0.00 secs] 
217.586: Total time for which application threads were stopped: 0.0006320 seconds, Stopping threads took: 0.0000740 seconds
217.724: Application time: 0.1378820 seconds
217.724: [GC [PSYoungGen: 23296K->288K(23552K)] 33105K->10097K(57856K), 0.0004470 secs] [Times: user=0.00 sys=0.00, real=0.00 secs] 
217.725: Total time for which application threads were stopped: 0.0005930 seconds, Stopping threads took: 0.0000580 seconds
217.862: Application time: 0.1377610 seconds
217.863: [GC [PSYoungGen: 23328K->336K(23552K)] 33137K->10369K(57856K), 0.0005020 secs] [Times: user=0.00 sys=0.00, real=0.00 secs] 
217.863: Total time for which application threads were stopped: 0.0006290 seconds, Stopping threads took: 0.0000500 seconds
218.003: Application time: 0.1398170 seconds
218.003: [GC [PSYoungGen: 23376K->256K(23552K)] 33409K->10509K(57856K), 0.0004780 secs] [Times: user=0.00 sys=0.00, real=0.00 secs] 
218.004: Total time for which application threads were stopped: 0.0006150 seconds, Stopping threads took: 0.0000550 seconds
218.143: Application time: 0.1399000 seconds
218.144: [GC [PSYoungGen: 23296K->256K(23552K)] 33549K->10509K(57856K), 0.0004370 secs] [Times: user=0.01 sys=0.00, real=0.00 secs] 
218.144: Total time for which application threads were stopped: 0.0005770 seconds, Stopping threads took: 0.0000580 seconds
218.284: Application time: 0.1396030 seconds
218.284: [GC [PSYoungGen: 23296K->160K(23552K)] 33549K->10509K(57856K), 0.0004830 secs] [Times: user=0.00 sys=0.00, real=0.00 secs] 
218.284: Total time for which application threads were stopped: 0.0006190 seconds, Stopping threads took: 0.0000520 seconds
218.425: Application time: 0.1406180 seconds
218.425: [GC [PSYoungGen: 23200K->256K(23552K)] 33549K->10701K(57856K), 0.0004490 secs] [Times: user=0.01 sys=0.00, real=0.00 secs] 
218.425: Total time for which application threads were stopped: 0.0005930 seconds, Stopping threads took: 0.0000550 seconds
218.564: Application time: 0.1387810 seconds
218.564: [GC [PSYoungGen: 23296K->272K(23552K)] 33741K->10717K(57856K), 0.0004740 secs] [Times: user=0.01 sys=0.00, real=0.00 secs] 
218.565: Total time for which application threads were stopped: 0.0006150 seconds, Stopping threads took: 0.0000620 seconds
218.701: Application time: 0.1364780 seconds
218.701: [GC [PSYoungGen: 23312K->416K(23552K)] 33757K->10989K(57856K), 0.0005320 secs] [Times: user=0.00 sys=0.00, real=0.00 secs] 
218.702: Total time for which application threads were stopped: 0.0006790 seconds, Stopping threads took: 0.0000650 seconds
218.842: Application time: 0.1400610 seconds
218.842: [GC [PSYoungGen: 23456K->256K(23552K)] 34029K->11138K(57856K), 0.0005220 secs] [Times: user=0.00 sys=0.00, real=0.00 secs] 
218.843: Total time for which application threads were stopped: 0.0006690 seconds, Stopping threads took: 0.0000580 seconds
218.983: Application time: 0.1404980 seconds
218.983: [GC [PSYoungGen: 23296K->256K(23552K)] 34178K->11138K(57856K), 0.0004690 secs] [Times: user=0.00 sys=0.00, real=0.00 secs] 
218.984: Total time for which application threads were stopped: 0.0006200 seconds, Stopping threads took: 0.0000690 seconds
219.123: Application time: 0.1395490 seconds
219.124: [GC [PSYoungGen: 23296K->256K(23552K)] 34178K->11186K(57856K), 0.0004640 secs] [Times: user=0.01 sys=0.00, real=0.00 secs] 
219.124: Total time for which application threads were stopped: 0.0006140 seconds, Stopping threads took: 0.0000660 seconds
219.264: Application time: 0.1402180 seconds
219.264: [GC [PSYoungGen: 23296K->256K(23552K)] 34226K->11330K(57856K), 0.0004680 secs] [Times: user=0.00 sys=0.00, real=0.00 secs] 
219.265: Total time for which application threads were stopped: 0.0006240 seconds, Stopping threads took: 0.0000710 seconds
219.404: Application time: 0.1395580 seconds
219.405: [GC [PSYoungGen: 23296K->224K(23552K)] 34370K->11298K(57856K), 0.0004600 secs] [Times: user=0.00 sys=0.00, real=0.00 secs] 
219.405: Total time for which application threads were stopped: 0.0006190 seconds, Stopping threads took: 0.0000670 seconds
219.541: Application time: 0.1355030 seconds
219.541: [GC [PSYoungGen: 23264K->432K(23552K)] 34338K->11578K(57856K), 0.0005250 secs] [Times: user=0.00 sys=0.00, real=0.00 secs] 
219.541: Total time for which application threads were stopped: 0.0006600 seconds, Stopping threads took: 0.0000530 seconds
219.681: Application time: 0.1400680 seconds
219.681: [GC [PSYoungGen: 23472K->256K(23552K)] 34618K->11750K(57856K), 0.0005110 secs] [Times: user=0.00 sys=0.00, real=0.00 secs] 
219.682: Total time for which application threads were stopped: 0.0006620 seconds, Stopping threads took: 0.0000700 seconds
219.822: Application time: 0.1401100 seconds
219.822: [GC [PSYoungGen: 23296K->224K(23552K)] 34790K->11718K(57856K), 0.0004380 secs] [Times: user=0.00 sys=0.00, real=0.00 secs] 
219.823: Total time for which application threads were stopped: 0.0005910 seconds, Stopping threads took: 0.0000710 seconds
219.962: Application time: 0.1396070 seconds
219.962: [GC [PSYoungGen: 23264K->256K(23552K)] 34758K->11774K(57856K), 0.0004720 secs] [Times: user=0.00 sys=0.00, real=0.00 secs] 
219.963: Total time for which application threads were stopped: 0.0006250 seconds, Stopping threads took: 0.0000670 seconds
220.103: Application time: 0.1400450 seconds
220.103: [GC [PSYoungGen: 23296K->256K(23552K)] 34814K->11942K(57856K), 0.0005460 secs] [Times: user=0.00 sys=0.00, real=0.00 secs] 
220.104: Total time for which application threads were stopped: 0.0007000 seconds, Stopping threads took: 0.0000700 seconds
220.244: Application time: 0.1398850 seconds
220.244: [GC [PSYoungGen: 23296K->256K(23552K)] 34982K->11942K(57856K), 0.0004210 secs] [Times: user=0.00 sys=0.00, real=0.00 secs] 
220.244: Total time for which application threads were stopped: 0.0005530 seconds, Stopping threads took: 0.0000550 seconds
220.380: Application time: 0.1356940 seconds
220.380: [GC [PSYoungGen: 23296K->496K(23552K)] 34982K->12190K(57856K), 0.0005890 secs] [Times: user=0.01 sys=0.00, real=0.00 secs] 
220.380: Total time for which application threads were stopped: 0.0007240 seconds, Stopping threads took: 0.0000540 seconds
220.521: Application time: 0.1404200 seconds
220.521: [GC [PSYoungGen: 23536K->256K(23552K)] 35230K->12339K(57856K), 0.0005260 secs] [Times: user=0.00 sys=0.00, real=0.00 secs] 
220.522: Total time for which application threads were stopped: 0.0006920 seconds, Stopping threads took: 0.0000710 seconds
220.662: Application time: 0.1404140 seconds
220.662: [GC [PSYoungGen: 23296K->256K(23552K)] 35379K->12339K(57856K), 0.0004480 secs] [Times: user=0.00 sys=0.00, real=0.00 secs] 
220.663: Total time for which application threads were stopped: 0.0005780 seconds, Stopping threads took: 0.0000540 seconds
220.800: Application time: 0.1369180 seconds
220.800: [GC [PSYoungGen: 23296K->256K(23552K)] 35379K->12339K(57856K), 0.0004350 secs] [Times: user=0.01 sys=0.00, real=0.00 secs] 
220.800: Total time for which application threads were stopped: 0.0005600 seconds, Stopping threads took: 0.0000510 seconds
220.928: Application time: 0.1282260 seconds
220.928: [GC [PSYoungGen: 23296K->256K(23552K)] 35379K->12507K(57856K), 0.0004570 secs] [Times: user=0.00 sys=0.00, real=0.00 secs] 
220.930: Total time for which application threads were stopped: 0.0016970 seconds, Stopping threads took: 0.0000490 seconds
221.058: Application time: 0.1275960 seconds
221.058: [GC [PSYoungGen: 23296K->256K(23552K)] 35547K->12531K(57856K), 0.0004000 secs] [Times: user=0.00 sys=0.00, real=0.00 secs] 
221.058: Total time for which application threads were stopped: 0.0005370 seconds, Stopping threads took: 0.0000460 seconds
221.182: Application time: 0.1236410 seconds
221.182: [GC [PSYoungGen: 23296K->464K(23552K)] 35571K->12739K(57856K), 0.0005550 secs] [Times: user=0.00 sys=0.00, real=0.00 secs] 
221.182: Total time for which application threads were stopped: 0.0006800 seconds, Stopping threads took: 0.0000490 seconds
221.310: Application time: 0.1272320 seconds
221.310: [GC [PSYoungGen: 23504K->272K(23552K)] 35779K->12895K(57856K), 0.0005220 secs] [Times: user=0.01 sys=0.00, real=0.00 secs] 
221.310: Total time for which application threads were stopped: 0.0006570 seconds, Stopping threads took: 0.0000600 seconds
221.438: Application time: 0.1277420 seconds
221.438: [GC [PSYoungGen: 23312K->256K(23552K)] 35935K->12959K(57856K), 0.0004020 secs] [Times: user=0.00 sys=0.00, real=0.00 secs] 
221.439: Total time for which application threads were stopped: 0.0005320 seconds, Stopping threads took: 0.0000510 seconds
221.565: Application time: 0.1262430 seconds
221.565: [GC [PSYoungGen: 23296K->256K(23552K)] 35999K->12959K(57856K), 0.0004040 secs] [Times: user=0.00 sys=0.00, real=0.00 secs] 
221.565: Total time for which application threads were stopped: 0.0005480 seconds, Stopping threads took: 0.0000540 seconds
221.693: Application time: 0.1277230 seconds
221.693: [GC [PSYoungGen: 23296K->256K(23552K)] 35999K->13127K(57856K), 0.0004730 secs] [Times: user=0.00 sys=0.00, real=0.00 secs] 
221.694: Total time for which application threads were stopped: 0.0006080 seconds, Stopping threads took: 0.0000540 seconds
221.821: Application time: 0.1272280 seconds
221.821: [GC [PSYoungGen: 23296K->256K(23552K)] 36167K->13151K(57856K), 0.0004220 secs] [Times: user=0.00 sys=0.00, real=0.00 secs] 
221.822: Total time for which application threads were stopped: 0.0005620 seconds, Stopping threads took: 0.0000620 seconds
221.946: Application time: 0.1240510 seconds
221.946: [GC [PSYoungGen: 23296K->400K(23552K)] 36191K->13295K(57856K), 0.0004690 secs] [Times: user=0.00 sys=0.00, real=0.00 secs] 
221.946: Total time for which application threads were stopped: 0.0006030 seconds, Stopping threads took: 0.0000580 seconds
222.073: Application time: 0.1270070 seconds
222.073: [GC [PSYoungGen: 23440K->256K(23552K)] 36335K->13484K(57856K), 0.0005240 secs] [Times: user=0.00 sys=0.00, real=0.00 secs] 
222.074: Total time for which application threads were stopped: 0.0006760 seconds, Stopping threads took: 0.0000540 seconds
222.201: Application time: 0.1273070 seconds
222.203: [GC [PSYoungGen: 23296K->256K(23552K)] 36524K->13596K(57856K), 0.0004340 secs] [Times: user=0.01 sys=0.00, real=0.00 secs] 
222.204: Total time for which application threads were stopped: 0.0026220 seconds, Stopping threads took: 0.0021130 seconds
222.330: Application time: 0.1260450 seconds
222.330: [GC [PSYoungGen: 23296K->256K(23552K)] 36636K->13596K(57856K), 0.0004160 secs] [Times: user=0.01 sys=0.00, real=0.00 secs] 
222.330: Total time for which application threads were stopped: 0.0005430 seconds, Stopping threads took: 0.0000530 seconds
222.458: Application time: 0.1276650 seconds
222.458: [GC [PSYoungGen: 23296K->256K(23552K)] 36636K->13740K(57856K), 0.0004440 secs] [Times: user=0.00 sys=0.00, real=0.00 secs] 
222.459: Total time for which application threads were stopped: 0.0005700 seconds, Stopping threads took: 0.0000520 seconds
222.586: Application time: 0.1276510 seconds
222.586: [GC [PSYoungGen: 23296K->256K(23552K)] 36780K->13788K(57856K), 0.0004260 secs] [Times: user=0.00 sys=0.00, real=0.00 secs] 
222.587: Total time for which application threads were stopped: 0.0005780 seconds, Stopping threads took: 0.0000580 seconds
222.711: Application time: 0.1238720 seconds
222.711: [GC [PSYoungGen: 23296K->400K(23552K)] 36828K->13932K(57856K), 0.0004820 secs] [Times: user=0.00 sys=0.00, real=0.00 secs] 
222.711: Total time for which application threads were stopped: 0.0006250 seconds, Stopping threads took: 0.0000620 seconds
222.838: Application time: 0.1263150 seconds
222.839: [GC [PSYoungGen: 23440K->256K(23552K)] 36972K->14092K(57856K), 0.0005440 secs] [Times: user=0.00 sys=0.00, real=0.00 secs] 
222.840: Total time for which application threads were stopped: 0.0022430 seconds, Stopping threads took: 0.0016170 seconds
222.967: Application time: 0.1272090 seconds
222.967: [GC [PSYoungGen: 23296K->256K(23552K)] 37132K->14220K(57856K), 0.0004700 secs] [Times: user=0.00 sys=0.00, real=0.00 secs] 
222.968: Total time for which application threads were stopped: 0.0006430 seconds, Stopping threads took: 0.0000910 seconds
223.095: Application time: 0.1274800 seconds
223.095: [GC [PSYoungGen: 23296K->256K(23552K)] 37260K->14220K(57856K), 0.0004320 secs] [Times: user=0.00 sys=0.00, real=0.00 secs] 
223.096: Total time for which application threads were stopped: 0.0005800 seconds, Stopping threads took: 0.0000610 seconds
223.223: Application time: 0.1270980 seconds
223.223: [GC [PSYoungGen: 23296K->256K(23552K)] 37260K->14340K(57856K), 0.0004310 secs] [Times: user=0.00 sys=0.00, real=0.00 secs] 
223.224: Total time for which application threads were stopped: 0.0005740 seconds, Stopping threads took: 0.0000590 seconds
223.351: Application time: 0.1269980 seconds
223.351: [GC [PSYoungGen: 23296K->256K(23552K)] 37380K->14412K(57856K), 0.0004310 secs] [Times: user=0.00 sys=0.00, real=0.00 secs] 
223.351: Total time for which application threads were stopped: 0.0005730 seconds, Stopping threads took: 0.0000620 seconds
223.477: Application time: 0.1255480 seconds
223.477: [GC [PSYoungGen: 23296K->304K(23552K)] 37452K->14460K(57856K), 0.0005080 secs] [Times: user=0.00 sys=0.00, real=0.00 secs] 
223.477: Total time for which application threads were stopped: 0.0006400 seconds, Stopping threads took: 0.0000510 seconds
223.603: Application time: 0.1252490 seconds
223.603: [GC [PSYoungGen: 23344K->368K(23552K)] 37500K->14729K(57856K), 0.0004940 secs] [Times: user=0.00 sys=0.00, real=0.00 secs] 
223.603: Total time for which application threads were stopped: 0.0006350 seconds, Stopping threads took: 0.0000550 seconds
223.730: Application time: 0.1272030 seconds
223.731: [GC [PSYoungGen: 23408K->256K(23552K)] 37769K->14841K(57856K), 0.0004500 secs] [Times: user=0.00 sys=0.00, real=0.00 secs] 
223.731: Total time for which application threads were stopped: 0.0005820 seconds, Stopping threads took: 0.0000520 seconds
223.858: Application time: 0.1271060 seconds
223.858: [GC [PSYoungGen: 23296K->256K(23552K)] 37881K->14841K(57856K), 0.0004150 secs] [Times: user=0.00 sys=0.00, real=0.00 secs] 
223.859: Total time for which application threads were stopped: 0.0005470 seconds, Stopping threads took: 0.0000540 seconds
223.986: Application time: 0.1272670 seconds
223.986: [GC [PSYoungGen: 23296K->256K(23552K)] 37881K->14929K(57856K), 0.0004430 secs] [Times: user=0.00 sys=0.00, real=0.00 secs] 
223.987: Total time for which application threads were stopped: 0.0005870 seconds, Stopping threads took: 0.0000650 seconds
224.114: Application time: 0.1274840 seconds
224.115: [GC [PSYoungGen: 23296K->256K(23552K)] 37969K->15025K(57856K), 0.0004800 secs] [Times: user=0.01 sys=0.00, real=0.00 secs] 
224.116: Total time for which application threads were stopped: 0.0018810 seconds, Stopping threads took: 0.0013120 seconds
224.241: Application time: 0.1251650 seconds
224.241: [GC [PSYoungGen: 23296K->304K(23552K)] 38065K->15073K(57856K), 0.0004750 secs] [Times: user=0.00 sys=0.00, real=0.00 secs] 
224.242: Total time for which application threads were stopped: 0.0006090 seconds, Stopping threads took: 0.0000520 seconds
224.366: Application time: 0.1247700 seconds
224.367: [GC [PSYoungGen: 23344K->304K(23552K)] 38113K->15289K(57856K), 0.0005780 secs] [Times: user=0.00 sys=0.00, real=0.00 secs] 
224.368: Total time for which application threads were stopped: 0.0015320 seconds, Stopping threads took: 0.0008760 seconds
224.495: Application time: 0.1274240 seconds
224.495: [GC [PSYoungGen: 23344K->256K(23552K)] 38329K->15457K(57856K), 0.0004360 secs] [Times: user=0.00 sys=0.00, real=0.00 secs] 
224.496: Total time for which application threads were stopped: 0.0005760 seconds, Stopping threads took: 0.0000620 seconds
224.623: Application time: 0.1274200 seconds
224.623: [GC [PSYoungGen: 23296K->256K(23552K)] 38497K->15457K(57856K), 0.0004350 secs] [Times: user=0.00 sys=0.00, real=0.00 secs] 
224.624: Total time for which application threads were stopped: 0.0005750 seconds, Stopping threads took: 0.0000490 seconds
224.751: Application time: 0.1268910 seconds
224.751: [GC [PSYoungGen: 23296K->256K(23552K)] 38497K->15481K(57856K), 0.0004690 secs] [Times: user=0.00 sys=0.00, real=0.00 secs] 
224.751: Total time for which application threads were stopped: 0.0006040 seconds, Stopping threads took: 0.0000510 seconds
224.880: Application time: 0.1284470 seconds
224.880: [GC [PSYoungGen: 23296K->256K(23552K)] 38521K->15649K(57856K), 0.0004350 secs] [Times: user=0.00 sys=0.00, real=0.00 secs] 
224.880: Total time for which application threads were stopped: 0.0005670 seconds, Stopping threads took: 0.0000510 seconds
225.008: Application time: 0.1272750 seconds
225.008: [GC [PSYoungGen: 23296K->224K(23552K)] 38689K->15617K(57856K), 0.0004550 secs] [Times: user=0.00 sys=0.00, real=0.00 secs] 
225.009: Total time for which application threads were stopped: 0.0007830 seconds, Stopping threads took: 0.0002420 seconds
225.132: Application time: 0.1234830 seconds
225.132: [GC [PSYoungGen: 23264K->400K(23552K)] 38657K->15858K(57856K), 0.0005170 secs] [Times: user=0.00 sys=0.00, real=0.00 secs] 
225.133: Total time for which application threads were stopped: 0.0006820 seconds, Stopping threads took: 0.0000760 seconds
225.260: Application time: 0.1274730 seconds
225.260: [GC [PSYoungGen: 23440K->256K(23552K)] 38898K->16062K(57856K), 0.0005300 secs] [Times: user=0.01 sys=0.00, real=0.00 secs] 
225.261: Total time for which application threads were stopped: 0.0006760 seconds, Stopping threads took: 0.0000630 seconds
225.388: Application time: 0.1274340 seconds
225.388: [GC [PSYoungGen: 23296K->256K(23552K)] 39102K->16062K(57856K), 0.0004160 secs] [Times: user=0.01 sys=0.00, real=0.00 secs] 
225.389: Total time for which application threads were stopped: 0.0005510 seconds, Stopping threads took: 0.0000570 seconds
225.516: Application time: 0.1271890 seconds
225.516: [GC [PSYoungGen: 23296K->256K(23552K)] 39102K->16086K(57856K), 0.0004620 secs] [Times: user=0.00 sys=0.00, real=0.00 secs] 
225.517: Total time for which application threads were stopped: 0.0006170 seconds, Stopping threads took: 0.0000640 seconds
225.644: Application time: 0.1274580 seconds
225.644: [GC [PSYoungGen: 23296K->256K(23552K)] 39126K->16254K(57856K), 0.0004560 secs] [Times: user=0.00 sys=0.00, real=0.00 secs] 
225.645: Total time for which application threads were stopped: 0.0006120 seconds, Stopping threads took: 0.0000580 seconds
225.772: Application time: 0.1268450 seconds
225.772: [GC [PSYoungGen: 23296K->256K(23552K)] 39294K->16254K(57856K), 0.0003940 secs] [Times: user=0.00 sys=0.00, real=0.00 secs] 
225.772: Total time for which application threads were stopped: 0.0005290 seconds, Stopping threads took: 0.0000540 seconds
225.895: Application time: 0.1233150 seconds
225.896: [GC [PSYoungGen: 23296K->496K(23552K)] 39294K->16494K(57856K), 0.0005180 secs] [Times: user=0.00 sys=0.00, real=0.00 secs] 
225.896: Total time for which application threads were stopped: 0.0006610 seconds, Stopping threads took: 0.0000610 seconds
226.024: Application time: 0.1275240 seconds
226.024: [GC [PSYoungGen: 23536K->256K(23552K)] 39534K->16642K(57856K), 0.0005520 secs] [Times: user=0.00 sys=0.00, real=0.00 secs] 
226.025: Total time for which application threads were stopped: 0.0016900 seconds, Stopping threads took: 0.0000550 seconds
226.153: Application time: 0.1272850 seconds
226.154: [GC [PSYoungGen: 23296K->256K(23552K)] 39682K->16642K(57856K), 0.0006790 secs] [Times: user=0.01 sys=0.00, real=0.00 secs] 
226.155: Total time for which application threads were stopped: 0.0021910 seconds, Stopping threads took: 0.0014140 seconds
226.282: Application time: 0.1267500 seconds
226.282: [GC [PSYoungGen: 23296K->256K(23552K)] 39682K->16642K(57856K), 0.0005100 secs] [Times: user=0.00 sys=0.00, real=0.00 secs] 
226.282: Total time for which application threads were stopped: 0.0006980 seconds, Stopping threads took: 0.0001010 seconds
226.409: Application time: 0.1272690 seconds
226.410: [GC [PSYoungGen: 23296K->256K(23552K)] 39682K->16834K(57856K), 0.0005270 secs] [Times: user=0.00 sys=0.00, real=0.00 secs] 
226.410: Total time for which application threads were stopped: 0.0006610 seconds, Stopping threads took: 0.0000530 seconds
226.537: Application time: 0.1273420 seconds
226.538: [GC [PSYoungGen: 23296K->256K(23552K)] 39874K->16834K(57856K), 0.0003960 secs] [Times: user=0.00 sys=0.00, real=0.00 secs] 
226.538: Total time for which application threads were stopped: 0.0005330 seconds, Stopping threads took: 0.0000560 seconds
226.662: Application time: 0.1241540 seconds
226.662: [GC [PSYoungGen: 23296K->384K(23552K)] 39874K->16962K(57856K), 0.0004620 secs] [Times: user=0.00 sys=0.00, real=0.00 secs] 
226.663: Total time for which application threads were stopped: 0.0006090 seconds, Stopping threads took: 0.0000590 seconds
226.789: Application time: 0.1258890 seconds
226.789: [GC [PSYoungGen: 23424K->272K(23552K)] 40002K->17155K(57856K), 0.0005150 secs] [Times: user=0.00 sys=0.00, real=0.00 secs] 
226.789: Total time for which application threads were stopped: 0.0006550 seconds, Stopping threads took: 0.0000600 seconds
226.917: Application time: 0.1275610 seconds
226.917: [GC [PSYoungGen: 23312K->256K(23552K)] 40195K->17259K(57856K), 0.0004180 secs] [Times: user=0.00 sys=0.00, real=0.00 secs] 
226.917: Total time for which application threads were stopped: 0.0005630 seconds, Stopping threads took: 0.0000650 seconds
227.044: Application time: 0.1263060 seconds
227.044: [GC [PSYoungGen: 23296K->256K(23552K)] 40299K->17259K(57856K), 0.0004760 secs] [Times: user=0.00 sys=0.00, real=0.00 secs] 
227.044: Total time for which application threads were stopped: 0.0006140 seconds, Stopping threads took: 0.0000540 seconds
227.172: Application time: 0.1274370 seconds
227.172: [GC [PSYoungGen: 23296K->256K(23552K)] 40299K->17403K(57856K), 0.0004710 secs] [Times: user=0.00 sys=0.00, real=0.00 secs] 
227.172: Total time for which application threads were stopped: 0.0006210 seconds, Stopping threads took: 0.0000580 seconds
227.300: Application time: 0.1272670 seconds
227.300: [GC [PSYoungGen: 23296K->224K(23552K)] 40443K->17419K(57856K), 0.0004480 secs] [Times: user=0.01 sys=0.00, real=0.00 secs] 
227.300: Total time for which application threads were stopped: 0.0005940 seconds, Stopping threads took: 0.0000640 seconds
227.424: Application time: 0.1238310 seconds
227.424: [GC [PSYoungGen: 23264K->384K(23552K)] 40459K->17579K(57856K), 0.0005500 secs] [Times: user=0.00 sys=0.00, real=0.00 secs] 
227.425: Total time for which application threads were stopped: 0.0006740 seconds, Stopping threads took: 0.0000470 seconds
227.551: Application time: 0.1263780 seconds
227.551: [GC [PSYoungGen: 23424K->256K(23552K)] 40619K->17747K(57856K), 0.0005690 secs] [Times: user=0.01 sys=0.00, real=0.00 secs] 
227.552: Total time for which application threads were stopped: 0.0007200 seconds, Stopping threads took: 0.0000680 seconds
227.679: Application time: 0.1271620 seconds
227.679: [GC [PSYoungGen: 23296K->224K(23552K)] 40787K->17835K(57856K), 0.0004710 secs] [Times: user=0.00 sys=0.00, real=0.00 secs] 
227.680: Total time for which application threads were stopped: 0.0006210 seconds, Stopping threads took: 0.0000580 seconds
227.806: Application time: 0.1267510 seconds
227.807: [GC [PSYoungGen: 23264K->240K(23552K)] 40875K->17851K(57856K), 0.0004430 secs] [Times: user=0.01 sys=0.00, real=0.00 secs] 
227.807: Total time for which application threads were stopped: 0.0005750 seconds, Stopping threads took: 0.0000540 seconds
227.935: Application time: 0.1274720 seconds
227.935: [GC [PSYoungGen: 23280K->256K(23552K)] 40891K->18011K(57856K), 0.0004380 secs] [Times: user=0.00 sys=0.00, real=0.00 secs] 
227.935: Total time for which application threads were stopped: 0.0005720 seconds, Stopping threads took: 0.0000540 seconds
228.062: Application time: 0.1273870 seconds
228.063: [GC [PSYoungGen: 23296K->256K(23552K)] 41051K->18059K(57856K), 0.0004320 secs] [Times: user=0.00 sys=0.00, real=0.00 secs] 
228.063: Total time for which application threads were stopped: 0.0005780 seconds, Stopping threads took: 0.0000620 seconds
228.187: Application time: 0.1240300 seconds
228.187: [GC [PSYoungGen: 23296K->368K(23552K)] 41099K->18172K(57856K), 0.0005190 secs] [Times: user=0.01 sys=0.00, real=0.01 secs] 
228.188: Total time for which application threads were stopped: 0.0006610 seconds, Stopping threads took: 0.0000520 seconds
228.314: Application time: 0.1259860 seconds
228.314: [GC [PSYoungGen: 23408K->256K(23552K)] 41212K->18364K(57856K), 0.0005110 secs] [Times: user=0.01 sys=0.00, real=0.00 secs] 
228.314: Total time for which application threads were stopped: 0.0006420 seconds, Stopping threads took: 0.0000530 seconds
228.442: Application time: 0.1276640 seconds
228.442: [GC [PSYoungGen: 23296K->224K(23552K)] 41404K->18444K(57856K), 0.0004760 secs] [Times: user=0.01 sys=0.00, real=0.00 secs] 
228.443: Total time for which application threads were stopped: 0.0006210 seconds, Stopping threads took: 0.0000630 seconds
228.569: Application time: 0.1265700 seconds
228.569: [GC [PSYoungGen: 23264K->208K(23552K)] 41484K->18428K(57856K), 0.0005190 secs] [Times: user=0.00 sys=0.00, real=0.00 secs] 
228.570: Total time for which application threads were stopped: 0.0006720 seconds, Stopping threads took: 0.0000730 seconds
228.697: Application time: 0.1271450 seconds
228.697: [GC [PSYoungGen: 23248K->256K(23552K)] 41468K->18620K(57856K), 0.0004360 secs] [Times: user=0.00 sys=0.00, real=0.00 secs] 
228.698: Total time for which application threads were stopped: 0.0005870 seconds, Stopping threads took: 0.0000590 seconds
228.825: Application time: 0.1273410 seconds
228.825: [GC [PSYoungGen: 23296K->256K(23552K)] 41660K->18668K(57856K), 0.0004020 secs] [Times: user=0.00 sys=0.00, real=0.00 secs] 
228.826: Total time for which application threads were stopped: 0.0005330 seconds, Stopping threads took: 0.0000520 seconds
228.950: Application time: 0.1242050 seconds
228.950: [GC [PSYoungGen: 23296K->368K(23552K)] 41708K->18780K(57856K), 0.0004820 secs] [Times: user=0.00 sys=0.00, real=0.00 secs] 
228.950: Total time for which application threads were stopped: 0.0006250 seconds, Stopping threads took: 0.0000590 seconds
229.077: Application time: 0.1263890 seconds
229.077: [GC [PSYoungGen: 23408K->288K(23552K)] 41820K->19000K(57856K), 0.0005360 secs] [Times: user=0.00 sys=0.00, real=0.00 secs] 
229.077: Total time for which application threads were stopped: 0.0006750 seconds, Stopping threads took: 0.0000550 seconds
229.205: Application time: 0.1272240 seconds
229.205: [GC [PSYoungGen: 23328K->256K(23552K)] 42040K->19080K(57856K), 0.0004890 secs] [Times: user=0.00 sys=0.00, real=0.00 secs] 
229.205: Total time for which application threads were stopped: 0.0006440 seconds, Stopping threads took: 0.0000630 seconds
229.333: Application time: 0.1272830 seconds
229.333: [GC [PSYoungGen: 23296K->256K(23552K)] 42120K->19080K(57856K), 0.0004360 secs] [Times: user=0.00 sys=0.00, real=0.00 secs] 
229.333: Total time for which application threads were stopped: 0.0005710 seconds, Stopping threads took: 0.0000550 seconds
229.460: Application time: 0.1271110 seconds
229.460: [GC [PSYoungGen: 23296K->256K(23552K)] 42120K->19176K(57856K), 0.0004630 secs] [Times: user=0.00 sys=0.00, real=0.00 secs] 
229.461: Total time for which application threads were stopped: 0.0006020 seconds, Stopping threads took: 0.0000570 seconds
229.589: Application time: 0.1277620 seconds
229.589: [GC [PSYoungGen: 23296K->224K(23552K)] 42216K->19241K(57856K), 0.0004600 secs] [Times: user=0.00 sys=0.00, real=0.00 secs] 
229.589: Total time for which application threads were stopped: 0.0006020 seconds, Stopping threads took: 0.0000630 seconds
229.714: Application time: 0.1252250 seconds
229.715: [GC [PSYoungGen: 23264K->288K(23552K)] 42281K->19305K(57856K), 0.0004490 secs] [Times: user=0.00 sys=0.00, real=0.00 secs] 
229.715: Total time for which application threads were stopped: 0.0006060 seconds, Stopping threads took: 0.0000630 seconds
229.840: Application time: 0.1249630 seconds
229.840: [GC [PSYoungGen: 23328K->272K(23552K)] 42345K->19505K(57856K), 0.0005750 secs] [Times: user=0.00 sys=0.00, real=0.00 secs] 
229.841: Total time for which application threads were stopped: 0.0007080 seconds, Stopping threads took: 0.0000530 seconds
229.968: Application time: 0.1274030 seconds
229.968: [GC [PSYoungGen: 23312K->256K(23552K)] 42545K->19697K(57856K), 0.0004850 secs] [Times: user=0.00 sys=0.00, real=0.00 secs] 
229.969: Total time for which application threads were stopped: 0.0006290 seconds, Stopping threads took: 0.0000590 seconds
230.096: Application time: 0.1271970 seconds
230.096: [GC [PSYoungGen: 23296K->256K(23552K)] 42737K->19697K(57856K), 0.0004110 secs] [Times: user=0.00 sys=0.00, real=0.00 secs] 
230.097: Total time for which application threads were stopped: 0.0005430 seconds, Stopping threads took: 0.0000520 seconds
230.224: Application time: 0.1273400 seconds
230.224: [GC [PSYoungGen: 23296K->256K(23552K)] 42737K->19769K(57856K), 0.0004590 secs] [Times: user=0.00 sys=0.00, real=0.00 secs] 
230.224: Total time for which application threads were stopped: 0.0006120 seconds, Stopping threads took: 0.0000570 seconds
230.352: Application time: 0.1273510 seconds
230.352: [GC [PSYoungGen: 23296K->256K(23552K)] 42809K->19889K(57856K), 0.0004270 secs] [Times: user=0.00 sys=0.00, real=0.00 secs] 
230.352: Total time for which application threads were stopped: 0.0005610 seconds, Stopping threads took: 0.0000550 seconds
230.478: Application time: 0.1260730 seconds
230.479: [GC [PSYoungGen: 23296K->224K(23552K)] 42929K->19857K(57856K), 0.0004410 secs] [Times: user=0.00 sys=0.00, real=0.00 secs] 
230.479: Total time for which application threads were stopped: 0.0005830 seconds, Stopping threads took: 0.0000630 seconds
230.602: Application time: 0.1234250 seconds
230.603: [GC [PSYoungGen: 23264K->432K(23552K)] 42897K->20177K(57856K), 0.0005040 secs] [Times: user=0.00 sys=0.00, real=0.00 secs] 
230.603: Total time for which application threads were stopped: 0.0006420 seconds, Stopping threads took: 0.0000530 seconds
230.730: Application time: 0.1273160 seconds
230.731: [GC [PSYoungGen: 23472K->256K(23552K)] 43217K->20297K(57856K), 0.0005260 secs] [Times: user=0.00 sys=0.00, real=0.00 secs] 
230.731: Total time for which application threads were stopped: 0.0006750 seconds, Stopping threads took: 0.0000510 seconds
230.859: Application time: 0.1275110 seconds
230.859: [GC [PSYoungGen: 23296K->256K(23552K)] 43337K->20297K(57856K), 0.0004540 secs] [Times: user=0.00 sys=0.00, real=0.00 secs] 
230.859: Total time for which application threads were stopped: 0.0005920 seconds, Stopping threads took: 0.0000600 seconds
230.987: Application time: 0.1274330 seconds
230.987: [GC [PSYoungGen: 23296K->256K(23552K)] 43337K->20321K(57856K), 0.0004520 secs] [Times: user=0.00 sys=0.01, real=0.01 secs] 
230.987: Total time for which application threads were stopped: 0.0006050 seconds, Stopping threads took: 0.0000650 seconds
231.114: Application time: 0.1272010 seconds
231.115: [GC [PSYoungGen: 23296K->256K(23552K)] 43361K->20490K(57856K), 0.0005030 secs] [Times: user=0.00 sys=0.00, real=0.00 secs] 
231.115: Total time for which application threads were stopped: 0.0006440 seconds, Stopping threads took: 0.0000570 seconds
231.242: Application time: 0.1273350 seconds
231.243: [GC [PSYoungGen: 23296K->256K(23552K)] 43530K->20490K(57856K), 0.0004260 secs] [Times: user=0.00 sys=0.00, real=0.00 secs] 
231.243: Total time for which application threads were stopped: 0.0005810 seconds, Stopping threads took: 0.0000550 seconds
231.366: Application time: 0.1227550 seconds
231.366: [GC [PSYoungGen: 23296K->480K(23552K)] 43530K->20730K(57856K), 0.0005120 secs] [Times: user=0.00 sys=0.00, real=0.00 secs] 
231.366: Total time for which application threads were stopped: 0.0006510 seconds, Stopping threads took: 0.0000600 seconds
231.494: Application time: 0.1276620 seconds
231.494: [GC [PSYoungGen: 23520K->224K(23552K)] 43770K->20838K(57856K), 0.0005440 secs] [Times: user=0.00 sys=0.00, real=0.00 secs] 
231.495: Total time for which application threads were stopped: 0.0006830 seconds, Stopping threads took: 0.0000590 seconds
231.622: Application time: 0.1271230 seconds
231.622: [GC [PSYoungGen: 23264K->256K(23552K)] 43878K->20894K(57856K), 0.0004260 secs] [Times: user=0.00 sys=0.00, real=0.00 secs] 
231.622: Total time for which application threads were stopped: 0.0005670 seconds, Stopping threads took: 0.0000540 seconds
231.749: Application time: 0.1267880 seconds
231.749: [GC [PSYoungGen: 23296K->240K(23552K)] 43934K->20878K(57856K), 0.0004650 secs] [Times: user=0.00 sys=0.00, real=0.00 secs] 
231.750: Total time for which application threads were stopped: 0.0006170 seconds, Stopping threads took: 0.0000620 seconds
231.877: Application time: 0.1274530 seconds
231.877: [GC [PSYoungGen: 23280K->224K(23552K)] 43918K->21022K(57856K), 0.0005140 secs] [Times: user=0.00 sys=0.00, real=0.00 secs] 
231.878: Total time for which application threads were stopped: 0.0006470 seconds, Stopping threads took: 0.0000510 seconds
232.005: Application time: 0.1273210 seconds
232.005: [GC [PSYoungGen: 23264K->256K(23552K)] 44062K->21078K(57856K), 0.0004050 secs] [Times: user=0.00 sys=0.00, real=0.00 secs] 
232.006: Total time for which application threads were stopped: 0.0005460 seconds, Stopping threads took: 0.0000630 seconds
232.129: Application time: 0.1233390 seconds
232.129: [GC [PSYoungGen: 23296K->336K(23552K)] 44118K->21158K(57856K), 0.0004900 secs] [Times: user=0.00 sys=0.00, real=0.00 secs] 
232.130: Total time for which application threads were stopped: 0.0006600 seconds, Stopping threads took: 0.0000830 seconds
232.257: Application time: 0.1267010 seconds
232.257: [GC [PSYoungGen: 23376K->256K(23552K)] 44198K->21374K(57856K), 0.0005080 secs] [Times: user=0.00 sys=0.00, real=0.00 secs] 
232.257: Total time for which application threads were stopped: 0.0006580 seconds, Stopping threads took: 0.0000590 seconds
232.385: Application time: 0.1273060 seconds
232.385: [GC [PSYoungGen: 23296K->256K(23552K)] 44414K->21486K(57856K), 0.0004550 secs] [Times: user=0.00 sys=0.00, real=0.00 secs] 
232.385: Total time for which application threads were stopped: 0.0006010 seconds, Stopping threads took: 0.0000620 seconds
232.511: Application time: 0.1263380 seconds
232.512: [GC [PSYoungGen: 23296K->256K(23552K)] 44526K->21486K(57856K), 0.0004420 secs] [Times: user=0.00 sys=0.00, real=0.00 secs] 
232.512: Total time for which application threads were stopped: 0.0005760 seconds, Stopping threads took: 0.0000530 seconds
232.639: Application time: 0.1272080 seconds
232.639: [GC [PSYoungGen: 23296K->192K(23552K)] 44526K->21551K(57856K), 0.0004990 secs] [Times: user=0.00 sys=0.00, real=0.00 secs] 
232.640: Total time for which application threads were stopped: 0.0006290 seconds, Stopping threads took: 0.0000510 seconds
232.768: Application time: 0.1281290 seconds
232.768: [GC [PSYoungGen: 23232K->256K(23552K)] 44591K->21663K(57856K), 0.0004050 secs] [Times: user=0.00 sys=0.00, real=0.00 secs] 
232.769: Total time for which application threads were stopped: 0.0005490 seconds, Stopping threads took: 0.0000510 seconds
232.893: Application time: 0.1240490 seconds
232.893: [GC [PSYoungGen: 23296K->416K(23552K)] 44703K->21823K(57856K), 0.0004850 secs] [Times: user=0.00 sys=0.00, real=0.00 secs] 
232.893: Total time for which application threads were stopped: 0.0006270 seconds, Stopping threads took: 0.0000620 seconds
233.019: Application time: 0.1261910 seconds
233.020: [GC [PSYoungGen: 23456K->256K(23552K)] 44863K->21959K(57856K), 0.0005520 secs] [Times: user=0.00 sys=0.00, real=0.00 secs] 
233.020: Total time for which application threads were stopped: 0.0006920 seconds, Stopping threads took: 0.0000560 seconds
233.147: Application time: 0.1272580 seconds
233.148: [GC [PSYoungGen: 23296K->256K(23552K)] 44999K->22079K(57856K), 0.0004530 secs] [Times: user=0.00 sys=0.00, real=0.00 secs] 
233.148: Total time for which application threads were stopped: 0.0005960 seconds, Stopping threads took: 0.0000620 seconds
233.275: Application time: 0.1271810 seconds
233.275: [GC [PSYoungGen: 23296K->256K(23552K)] 45119K->22079K(57856K), 0.0004660 secs] [Times: user=0.00 sys=0.00, real=0.00 secs] 
233.276: Total time for which application threads were stopped: 0.0006140 seconds, Stopping threads took: 0.0000530 seconds
233.403: Application time: 0.1268640 seconds
233.403: [GC [PSYoungGen: 23296K->224K(23552K)] 45119K->22183K(57856K), 0.0004960 secs] [Times: user=0.00 sys=0.00, real=0.00 secs] 
233.403: Total time for which application threads were stopped: 0.0006360 seconds, Stopping threads took: 0.0000630 seconds
233.530: Application time: 0.1269720 seconds
233.530: [GC [PSYoungGen: 23264K->256K(23552K)] 45223K->22263K(57856K), 0.0004220 secs] [Times: user=0.00 sys=0.00, real=0.00 secs] 
233.531: Total time for which application threads were stopped: 0.0005670 seconds, Stopping threads took: 0.0000620 seconds
233.655: Application time: 0.1237580 seconds
233.655: [GC [PSYoungGen: 23296K->368K(23552K)] 45303K->22375K(57856K), 0.0004800 secs] [Times: user=0.00 sys=0.00, real=0.00 secs] 
233.655: Total time for which application threads were stopped: 0.0006200 seconds, Stopping threads took: 0.0000620 seconds
233.782: Application time: 0.1265260 seconds
233.782: [GC [PSYoungGen: 23408K->256K(23552K)] 45415K->22563K(57856K), 0.0005820 secs] [Times: user=0.01 sys=0.00, real=0.00 secs] 
233.783: Total time for which application threads were stopped: 0.0007340 seconds, Stopping threads took: 0.0000630 seconds
233.910: Application time: 0.1271970 seconds
233.910: [GC [PSYoungGen: 23296K->256K(23552K)] 45603K->22699K(57856K), 0.0004770 secs] [Times: user=0.00 sys=0.00, real=0.00 secs] 
233.910: Total time for which application threads were stopped: 0.0006190 seconds, Stopping threads took: 0.0000540 seconds
234.037: Application time: 0.1265740 seconds
234.037: [GC [PSYoungGen: 23296K->256K(23552K)] 45739K->22699K(57856K), 0.0004550 secs] [Times: user=0.01 sys=0.00, real=0.00 secs] 
234.038: Total time for which application threads were stopped: 0.0006070 seconds, Stopping threads took: 0.0000660 seconds
234.165: Application time: 0.1274120 seconds
234.165: [GC [PSYoungGen: 23296K->256K(23552K)] 45739K->22844K(57856K), 0.0004760 secs] [Times: user=0.00 sys=0.00, real=0.00 secs] 
234.166: Total time for which application threads were stopped: 0.0006340 seconds, Stopping threads took: 0.0000600 seconds
234.293: Application time: 0.1274000 seconds
234.293: [GC [PSYoungGen: 23296K->224K(23552K)] 45884K->22860K(57856K), 0.0004710 secs] [Times: user=0.00 sys=0.00, real=0.00 secs] 
234.294: Total time for which application threads were stopped: 0.0006180 seconds, Stopping threads took: 0.0000550 seconds
234.418: Application time: 0.1244280 seconds
234.418: [GC [PSYoungGen: 23264K->336K(23552K)] 45900K->22972K(57856K), 0.0004860 secs] [Times: user=0.00 sys=0.00, real=0.00 secs] 
234.419: Total time for which application threads were stopped: 0.0006220 seconds, Stopping threads took: 0.0000540 seconds
234.544: Application time: 0.1255560 seconds
234.544: [GC [PSYoungGen: 23376K->304K(23552K)] 46012K->23188K(57856K), 0.0005360 secs] [Times: user=0.00 sys=0.00, real=0.00 secs] 
234.545: Total time for which application threads were stopped: 0.0006770 seconds, Stopping threads took: 0.0000600 seconds
234.672: Application time: 0.1271310 seconds
234.672: [GC [PSYoungGen: 23344K->256K(23552K)] 46228K->23308K(57856K), 0.0004640 secs] [Times: user=0.00 sys=0.00, real=0.00 secs] 
234.673: Total time for which application threads were stopped: 0.0006180 seconds, Stopping threads took: 0.0000650 seconds
234.800: Application time: 0.1273140 seconds
234.800: [GC [PSYoungGen: 23296K->256K(23552K)] 46348K->23308K(57856K), 0.0004550 secs] [Times: user=0.00 sys=0.00, real=0.00 secs] 
234.801: Total time for which application threads were stopped: 0.0005980 seconds, Stopping threads took: 0.0000540 seconds
234.928: Application time: 0.1278650 seconds
234.929: [GC [PSYoungGen: 23296K->256K(23552K)] 46348K->23428K(57856K), 0.0004530 secs] [Times: user=0.01 sys=0.00, real=0.00 secs] 
234.929: Total time for which application threads were stopped: 0.0005870 seconds, Stopping threads took: 0.0000540 seconds
235.056: Application time: 0.1272330 seconds
235.056: [GC [PSYoungGen: 23296K->256K(23552K)] 46468K->23500K(57856K), 0.0004250 secs] [Times: user=0.01 sys=0.00, real=0.00 secs] 
235.057: Total time for which application threads were stopped: 0.0005730 seconds, Stopping threads took: 0.0000630 seconds
235.182: Application time: 0.1250910 seconds
235.182: [GC [PSYoungGen: 23296K->304K(23552K)] 46540K->23548K(57856K), 0.0004500 secs] [Times: user=0.01 sys=0.00, real=0.00 secs] 
235.182: Total time for which application threads were stopped: 0.0005810 seconds, Stopping threads took: 0.0000510 seconds
235.308: Application time: 0.1259210 seconds
235.309: [GC [PSYoungGen: 23344K->288K(23552K)] 46588K->23776K(57856K), 0.0005720 secs] [Times: user=0.00 sys=0.00, real=0.00 secs] 
235.309: Total time for which application threads were stopped: 0.0007140 seconds, Stopping threads took: 0.0000510 seconds
235.437: Application time: 0.1274040 seconds
235.437: [GC [PSYoungGen: 23328K->256K(23552K)] 46816K->23936K(57856K), 0.0004610 secs] [Times: user=0.00 sys=0.00, real=0.00 secs] 
235.437: Total time for which application threads were stopped: 0.0006260 seconds, Stopping threads took: 0.0000840 seconds
235.564: Application time: 0.1272770 seconds
235.565: [GC [PSYoungGen: 23296K->256K(23552K)] 46976K->23936K(57856K), 0.0004060 secs] [Times: user=0.00 sys=0.00, real=0.00 secs] 
235.565: Total time for which application threads were stopped: 0.0005410 seconds, Stopping threads took: 0.0000560 seconds
235.691: Application time: 0.1263320 seconds
235.691: [GC [PSYoungGen: 23296K->224K(23552K)] 46976K->23953K(57856K), 0.0004850 secs] [Times: user=0.00 sys=0.00, real=0.00 secs] 
235.692: Total time for which application threads were stopped: 0.0006490 seconds, Stopping threads took: 0.0000800 seconds
235.819: Application time: 0.1272140 seconds
235.819: [GC [PSYoungGen: 23264K->256K(23552K)] 46993K->24129K(57856K), 0.0004670 secs] [Times: user=0.00 sys=0.00, real=0.00 secs] 
235.820: Total time for which application threads were stopped: 0.0006370 seconds, Stopping threads took: 0.0000650 seconds
235.946: Application time: 0.1264680 seconds
235.946: [GC [PSYoungGen: 23296K->256K(23552K)] 47169K->24129K(57856K), 0.0005170 secs] [Times: user=0.00 sys=0.00, real=0.00 secs] 
235.947: Total time for which application threads were stopped: 0.0006560 seconds, Stopping threads took: 0.0000560 seconds
236.071: Application time: 0.1239600 seconds
236.071: [GC [PSYoungGen: 23296K->432K(23552K)] 47169K->24425K(57856K), 0.0005950 secs] [Times: user=0.01 sys=0.00, real=0.00 secs] 
236.072: Total time for which application threads were stopped: 0.0007330 seconds, Stopping threads took: 0.0000570 seconds
236.199: Application time: 0.1277290 seconds
236.199: [GC [PSYoungGen: 23472K->256K(23552K)] 47465K->24557K(57856K), 0.0005170 secs] [Times: user=0.00 sys=0.00, real=0.00 secs] 
236.200: Total time for which application threads were stopped: 0.0006690 seconds, Stopping threads took: 0.0000680 seconds
236.327: Application time: 0.1273550 seconds
236.328: [GC [PSYoungGen: 23296K->256K(23552K)] 47597K->24557K(57856K), 0.0004690 secs] [Times: user=0.00 sys=0.00, real=0.00 secs] 
236.328: Total time for which application threads were stopped: 0.0006220 seconds, Stopping threads took: 0.0000590 seconds
236.455: Application time: 0.1271500 seconds
236.455: [GC [PSYoungGen: 23296K->256K(23552K)] 47597K->24605K(57856K), 0.0004620 secs] [Times: user=0.01 sys=0.00, real=0.00 secs] 
236.456: Total time for which application threads were stopped: 0.0006090 seconds, Stopping threads took: 0.0000620 seconds
236.583: Application time: 0.1274560 seconds
236.583: [GC [PSYoungGen: 23296K->256K(23552K)] 47645K->24749K(57856K), 0.0004590 secs] [Times: user=0.00 sys=0.00, real=0.00 secs] 
236.584: Total time for which application threads were stopped: 0.0006060 seconds, Stopping threads took: 0.0000650 seconds
236.711: Application time: 0.1268030 seconds
236.711: [GC [PSYoungGen: 23296K->256K(23552K)] 47789K->24749K(57856K), 0.0004410 secs] [Times: user=0.00 sys=0.00, real=0.00 secs] 
236.711: Total time for which application threads were stopped: 0.0005860 seconds, Stopping threads took: 0.0000590 seconds
236.835: Application time: 0.1239550 seconds
236.835: [GC [PSYoungGen: 23296K->448K(23552K)] 47789K->25005K(57856K), 0.0005340 secs] [Times: user=0.00 sys=0.00, real=0.00 secs] 
236.836: Total time for which application threads were stopped: 0.0006890 seconds, Stopping threads took: 0.0000530 seconds
236.964: Application time: 0.1276810 seconds
236.964: [GC [PSYoungGen: 23488K->256K(23552K)] 48045K->25158K(57856K), 0.0005050 secs] [Times: user=0.00 sys=0.00, real=0.00 secs] 
236.964: Total time for which application threads were stopped: 0.0006410 seconds, Stopping threads took: 0.0000540 seconds
237.092: Application time: 0.1279540 seconds
237.092: [GC [PSYoungGen: 23296K->256K(23552K)] 48198K->25158K(57856K), 0.0004210 secs] [Times: user=0.00 sys=0.00, real=0.00 secs] 
237.093: Total time for which application threads were stopped: 0.0005660 seconds, Stopping threads took: 0.0000660 seconds
237.219: Application time: 0.1262660 seconds
237.219: [GC [PSYoungGen: 23296K->240K(23552K)] 48198K->25142K(57856K), 0.0004960 secs] [Times: user=0.01 sys=0.00, real=0.00 secs] 
237.221: Total time for which application threads were stopped: 0.0017410 seconds, Stopping threads took: 0.0000690 seconds
237.349: Application time: 0.1281770 seconds
237.349: [GC [PSYoungGen: 23280K->256K(23552K)] 48182K->25350K(57856K), 0.0004810 secs] [Times: user=0.00 sys=0.00, real=0.00 secs] 
237.350: Total time for which application threads were stopped: 0.0006270 seconds, Stopping threads took: 0.0000560 seconds
237.477: Application time: 0.1275380 seconds
237.477: [GC [PSYoungGen: 23296K->256K(23552K)] 48390K->25350K(57856K), 0.0004110 secs] [Times: user=0.01 sys=0.00, real=0.00 secs] 
237.478: Total time for which application threads were stopped: 0.0005570 seconds, Stopping threads took: 0.0000600 seconds
237.601: Application time: 0.1233400 seconds
237.601: [GC [PSYoungGen: 23296K->416K(23552K)] 48390K->25510K(57856K), 0.0005200 secs] [Times: user=0.00 sys=0.00, real=0.00 secs] 
237.602: Total time for which application threads were stopped: 0.0006760 seconds, Stopping threads took: 0.0000640 seconds
237.728: Application time: 0.1268350 seconds
237.729: [GC [PSYoungGen: 23456K->256K(23552K)] 48550K->25694K(57856K), 0.0005620 secs] [Times: user=0.00 sys=0.00, real=0.00 secs] 
237.729: Total time for which application threads were stopped: 0.0007120 seconds, Stopping threads took: 0.0000660 seconds
237.857: Application time: 0.1276550 seconds
237.857: [GC [PSYoungGen: 23296K->256K(23552K)] 48734K->25766K(57856K), 0.0004930 secs] [Times: user=0.00 sys=0.00, real=0.00 secs] 
237.858: Total time for which application threads were stopped: 0.0006430 seconds, Stopping threads took: 0.0000570 seconds
237.984: Application time: 0.1267130 seconds
237.984: [GC [PSYoungGen: 23296K->256K(23552K)] 48806K->25766K(57856K), 0.0004160 secs] [Times: user=0.00 sys=0.00, real=0.00 secs] 
237.985: Total time for which application threads were stopped: 0.0005480 seconds, Stopping threads took: 0.0000540 seconds
238.112: Application time: 0.1275450 seconds
238.112: [GC [PSYoungGen: 23296K->256K(23552K)] 48806K->25934K(57856K), 0.0004880 secs] [Times: user=0.00 sys=0.00, real=0.00 secs] 
238.113: Total time for which application threads were stopped: 0.0006420 seconds, Stopping threads took: 0.0000760 seconds
238.240: Application time: 0.1271750 seconds
238.240: [GC [PSYoungGen: 23296K->256K(23552K)] 48974K->25958K(57856K), 0.0003910 secs] [Times: user=0.00 sys=0.00, real=0.00 secs] 
238.241: Total time for which application threads were stopped: 0.0005280 seconds, Stopping threads took: 0.0000570 seconds
238.364: Application time: 0.1237790 seconds
238.365: [GC [PSYoungGen: 23296K->448K(23552K)] 48998K->26150K(57856K), 0.0005340 secs] [Times: user=0.01 sys=0.00, real=0.00 secs] 
238.365: Total time for which application threads were stopped: 0.0007010 seconds, Stopping threads took: 0.0000710 seconds
238.491: Application time: 0.1258970 seconds
238.491: [GC [PSYoungGen: 23488K->288K(23552K)] 49190K->26298K(57856K), 0.0005790 secs] [Times: user=0.00 sys=0.00, real=0.00 secs] 
238.492: Total time for which application threads were stopped: 0.0007220 seconds, Stopping threads took: 0.0000600 seconds
238.619: Application time: 0.1273630 seconds
238.619: [GC [PSYoungGen: 23328K->256K(23552K)] 49338K->26395K(57856K), 0.0004740 secs] [Times: user=0.00 sys=0.00, real=0.00 secs] 
238.620: Total time for which application threads were stopped: 0.0006250 seconds, Stopping threads took: 0.0000630 seconds
238.746: Application time: 0.1264900 seconds
238.746: [GC [PSYoungGen: 23296K->240K(23552K)] 49435K->26379K(57856K), 0.0005650 secs] [Times: user=0.00 sys=0.00, real=0.00 secs] 
238.747: Total time for which application threads were stopped: 0.0007010 seconds, Stopping threads took: 0.0000540 seconds
238.874: Application time: 0.1273630 seconds
238.874: [GC [PSYoungGen: 23280K->256K(23552K)] 49419K->26539K(57856K), 0.0004580 secs] [Times: user=0.00 sys=0.00, real=0.00 secs] 
238.875: Total time for which application threads were stopped: 0.0006220 seconds, Stopping threads took: 0.0000750 seconds
239.002: Application time: 0.1271570 seconds
239.002: [GC [PSYoungGen: 23296K->224K(23552K)] 49579K->26555K(57856K), 0.0004790 secs] [Times: user=0.00 sys=0.00, real=0.00 secs] 
239.003: Total time for which application threads were stopped: 0.0006130 seconds, Stopping threads took: 0.0000530 seconds
239.127: Application time: 0.1242980 seconds
239.127: [GC [PSYoungGen: 23264K->384K(23552K)] 49595K->26715K(57856K), 0.0005050 secs] [Times: user=0.00 sys=0.00, real=0.01 secs] 
239.128: Total time for which application threads were stopped: 0.0006350 seconds, Stopping threads took: 0.0000530 seconds
239.254: Application time: 0.1259310 seconds
239.254: [GC [PSYoungGen: 23424K->288K(23552K)] 49755K->26927K(57856K), 0.0005320 secs] [Times: user=0.00 sys=0.00, real=0.00 secs] 
239.254: Total time for which application threads were stopped: 0.0006720 seconds, Stopping threads took: 0.0000600 seconds
239.382: Application time: 0.1275560 seconds
239.382: [GC [PSYoungGen: 23328K->256K(23552K)] 49967K->27023K(57856K), 0.0004760 secs] [Times: user=0.00 sys=0.00, real=0.00 secs] 
239.382: Total time for which application threads were stopped: 0.0006290 seconds, Stopping threads took: 0.0000560 seconds
239.508: Application time: 0.1259780 seconds
239.509: [GC [PSYoungGen: 23296K->208K(23552K)] 50063K->26975K(57856K), 0.0004710 secs] [Times: user=0.00 sys=0.00, real=0.00 secs] 
239.509: Total time for which application threads were stopped: 0.0006200 seconds, Stopping threads took: 0.0000620 seconds
239.636: Application time: 0.1272370 seconds
239.636: [GC [PSYoungGen: 23248K->224K(23552K)] 50015K->27103K(57856K), 0.0005050 secs] [Times: user=0.00 sys=0.00, real=0.00 secs] 
239.637: Total time for which application threads were stopped: 0.0006460 seconds, Stopping threads took: 0.0000540 seconds
239.765: Application time: 0.1278320 seconds
239.765: [GC [PSYoungGen: 23264K->256K(23552K)] 50143K->27207K(57856K), 0.0004500 secs] [Times: user=0.00 sys=0.00, real=0.00 secs] 
239.765: Total time for which application threads were stopped: 0.0005860 seconds, Stopping threads took: 0.0000530 seconds
239.890: Application time: 0.1249930 seconds
239.890: [GC [PSYoungGen: 23296K->368K(23552K)] 50247K->27319K(57856K), 0.0004810 secs] [Times: user=0.00 sys=0.00, real=0.00 secs] 
239.891: Total time for which application threads were stopped: 0.0006220 seconds, Stopping threads took: 0.0000520 seconds
240.017: Application time: 0.1256350 seconds
240.017: [GC [PSYoungGen: 23408K->272K(23552K)] 50359K->27479K(57856K), 0.0005590 secs] [Times: user=0.00 sys=0.00, real=0.00 secs] 
240.017: Total time for which application threads were stopped: 0.0006980 seconds, Stopping threads took: 0.0000530 seconds
240.145: Application time: 0.1281180 seconds
240.146: [GC [PSYoungGen: 23312K->192K(23552K)] 50519K->27564K(57856K), 0.0004690 secs] [Times: user=0.00 sys=0.00, real=0.00 secs] 
240.146: Total time for which application threads were stopped: 0.0006040 seconds, Stopping threads took: 0.0000570 seconds
240.273: Application time: 0.1271400 seconds
240.273: [GC [PSYoungGen: 23232K->256K(23552K)] 50604K->27628K(57856K), 0.0004600 secs] [Times: user=0.01 sys=0.00, real=0.00 secs] 
240.274: Total time for which application threads were stopped: 0.0006260 seconds, Stopping threads took: 0.0000830 seconds
240.401: Application time: 0.1267780 seconds
240.401: [GC [PSYoungGen: 23296K->192K(23552K)] 50668K->27676K(57856K), 0.0004550 secs] [Times: user=0.00 sys=0.00, real=0.00 secs] 
240.401: Total time for which application threads were stopped: 0.0006040 seconds, Stopping threads took: 0.0000580 seconds
240.529: Application time: 0.1275210 seconds
240.529: [GC [PSYoungGen: 23232K->224K(23552K)] 50716K->27780K(57856K), 0.0004830 secs] [Times: user=0.00 sys=0.00, real=0.00 secs] 
240.529: Total time for which application threads were stopped: 0.0006290 seconds, Stopping threads took: 0.0000640 seconds
240.654: Application time: 0.1249060 seconds
240.655: [GC [PSYoungGen: 23264K->352K(23552K)] 50820K->27908K(57856K), 0.0005100 secs] [Times: user=0.01 sys=0.00, real=0.00 secs] 
240.656: Total time for which application threads were stopped: 0.0016240 seconds, Stopping threads took: 0.0010330 seconds
240.782: Application time: 0.1260190 seconds
240.782: [GC [PSYoungGen: 23392K->320K(23552K)] 50948K->28136K(57856K), 0.0005210 secs] [Times: user=0.01 sys=0.00, real=0.00 secs] 
240.783: Total time for which application threads were stopped: 0.0006570 seconds, Stopping threads took: 0.0000540 seconds
240.910: Application time: 0.1279430 seconds
240.911: [GC [PSYoungGen: 23360K->256K(23552K)] 51176K->28232K(57856K), 0.0004580 secs] [Times: user=0.00 sys=0.00, real=0.00 secs] 
240.911: Total time for which application threads were stopped: 0.0006230 seconds, Stopping threads took: 0.0000690 seconds
241.038: Application time: 0.1273090 seconds
241.039: [GC [PSYoungGen: 23296K->256K(23552K)] 51272K->28232K(57856K), 0.0004510 secs] [Times: user=0.00 sys=0.00, real=0.00 secs] 
241.039: Total time for which application threads were stopped: 0.0005920 seconds, Stopping threads took: 0.0000580 seconds
241.166: Application time: 0.1272570 seconds
241.166: [GC [PSYoungGen: 23296K->224K(23552K)] 51272K->28296K(57856K), 0.0004650 secs] [Times: user=0.00 sys=0.00, real=0.00 secs] 
241.167: Total time for which application threads were stopped: 0.0006170 seconds, Stopping threads took: 0.0000670 seconds
241.294: Application time: 0.1273540 seconds
241.294: [GC [PSYoungGen: 23264K->256K(23552K)] 51336K->28424K(57856K), 0.0004470 secs] [Times: user=0.00 sys=0.00, real=0.00 secs] 
241.295: Total time for which application threads were stopped: 0.0005860 seconds, Stopping threads took: 0.0000600 seconds
241.422: Application time: 0.1266690 seconds
241.422: [GC [PSYoungGen: 23296K->256K(23552K)] 51464K->28424K(57856K), 0.0004010 secs] [Times: user=0.00 sys=0.00, real=0.00 secs] 
241.422: Total time for which application threads were stopped: 0.0005510 seconds, Stopping threads took: 0.0000570 seconds
241.546: Application time: 0.1239870 seconds
241.546: [GC [PSYoungGen: 23296K->400K(23552K)] 51464K->28688K(57856K), 0.0005440 secs] [Times: user=0.00 sys=0.00, real=0.00 secs] 
241.547: Total time for which application threads were stopped: 0.0006800 seconds, Stopping threads took: 0.0000530 seconds
241.674: Application time: 0.1272770 seconds
241.674: [GC [PSYoungGen: 23440K->256K(23552K)] 51728K->28841K(57856K), 0.0005120 secs] [Times: user=0.00 sys=0.00, real=0.00 secs] 
241.675: Total time for which application threads were stopped: 0.0006490 seconds, Stopping threads took: 0.0000550 seconds
241.802: Application time: 0.1273660 seconds
241.802: [GC [PSYoungGen: 23296K->256K(23552K)] 51881K->28841K(57856K), 0.0004400 secs] [Times: user=0.00 sys=0.00, real=0.00 secs] 
241.803: Total time for which application threads were stopped: 0.0005770 seconds, Stopping threads took: 0.0000530 seconds
241.930: Application time: 0.1275240 seconds
241.930: [GC [PSYoungGen: 23296K->256K(23552K)] 51881K->28889K(57856K), 0.0004810 secs] [Times: user=0.00 sys=0.00, real=0.00 secs] 
241.931: Total time for which application threads were stopped: 0.0006380 seconds, Stopping threads took: 0.0000640 seconds
242.059: Application time: 0.1279140 seconds
242.059: [GC [PSYoungGen: 23296K->224K(23552K)] 51929K->29001K(57856K), 0.0005420 secs] [Times: user=0.00 sys=0.00, real=0.00 secs] 
242.059: Total time for which application threads were stopped: 0.0006800 seconds, Stopping threads took: 0.0000580 seconds
242.185: Application time: 0.1259400 seconds
242.185: [GC [PSYoungGen: 23264K->224K(23552K)] 52041K->29001K(57856K), 0.0004610 secs] [Times: user=0.00 sys=0.00, real=0.00 secs] 
242.186: Total time for which application threads were stopped: 0.0005960 seconds, Stopping threads took: 0.0000540 seconds
242.310: Application time: 0.1240460 seconds
242.310: [GC [PSYoungGen: 23264K->352K(23552K)] 52041K->29257K(57856K), 0.0005600 secs] [Times: user=0.00 sys=0.00, real=0.00 secs] 
242.312: Total time for which application threads were stopped: 0.0016250 seconds, Stopping threads took: 0.0000640 seconds
242.439: Application time: 0.1273310 seconds
242.447: [GC [PSYoungGen: 23392K->256K(23552K)] 52297K->29465K(57856K), 0.0005850 secs] [Times: user=0.00 sys=0.00, real=0.01 secs] 
242.448: Total time for which application threads were stopped: 0.0087050 seconds, Stopping threads took: 0.0080340 seconds
242.575: Application time: 0.1273970 seconds
242.575: [GC [PSYoungGen: 23296K->256K(23552K)] 52505K->29465K(57856K), 0.0005520 secs] [Times: user=0.00 sys=0.00, real=0.01 secs] 
242.576: Total time for which application threads were stopped: 0.0006940 seconds, Stopping threads took: 0.0000580 seconds
242.703: Application time: 0.1274640 seconds
242.703: [GC [PSYoungGen: 23296K->256K(23552K)] 52505K->29465K(57856K), 0.0004980 secs] [Times: user=0.00 sys=0.00, real=0.00 secs] 
242.704: Total time for which application threads were stopped: 0.0006350 seconds, Stopping threads took: 0.0000620 seconds
242.831: Application time: 0.1271970 seconds
242.831: [GC [PSYoungGen: 23296K->256K(23552K)] 52505K->29657K(57856K), 0.0004730 secs] [Times: user=0.00 sys=0.00, real=0.00 secs] 
242.832: Total time for which application threads were stopped: 0.0006290 seconds, Stopping threads took: 0.0000590 seconds
242.959: Application time: 0.1275970 seconds
242.963: [GC [PSYoungGen: 23296K->256K(23552K)] 52697K->29657K(57856K), 0.0004920 secs] [Times: user=0.00 sys=0.00, real=0.00 secs] 
242.964: Total time for which application threads were stopped: 0.0046300 seconds, Stopping threads took: 0.0040430 seconds
243.087: Application time: 0.1231610 seconds
243.087: [GC [PSYoungGen: 23296K->400K(23552K)] 52697K->29801K(57856K), 0.0005940 secs] [Times: user=0.00 sys=0.00, real=0.01 secs] 
243.088: Total time for which application threads were stopped: 0.0007260 seconds, Stopping threads took: 0.0000500 seconds
243.215: Application time: 0.1269480 seconds
243.215: [GC [PSYoungGen: 23440K->288K(23552K)] 52841K->30038K(57856K), 0.0005450 secs] [Times: user=0.00 sys=0.00, real=0.01 secs] 
243.215: Total time for which application threads were stopped: 0.0006980 seconds, Stopping threads took: 0.0000620 seconds
243.343: Application time: 0.1271160 seconds
243.343: [GC [PSYoungGen: 23328K->256K(23552K)] 53078K->30078K(57856K), 0.0004390 secs] [Times: user=0.00 sys=0.00, real=0.00 secs] 
243.343: Total time for which application threads were stopped: 0.0005850 seconds, Stopping threads took: 0.0000650 seconds
243.470: Application time: 0.1267320 seconds
243.470: [GC [PSYoungGen: 23296K->256K(23552K)] 53118K->30078K(57856K), 0.0004690 secs] [Times: user=0.01 sys=0.00, real=0.00 secs] 
243.471: Total time for which application threads were stopped: 0.0006330 seconds, Stopping threads took: 0.0000660 seconds
243.598: Application time: 0.1272250 seconds
243.598: [GC [PSYoungGen: 23296K->256K(23552K)] 53118K->30246K(57856K), 0.0004880 secs] [Times: user=0.00 sys=0.00, real=0.00 secs] 
243.598: Total time for which application threads were stopped: 0.0006280 seconds, Stopping threads took: 0.0000560 seconds
243.726: Application time: 0.1274590 seconds
243.726: [GC [PSYoungGen: 23296K->224K(23552K)] 53286K->30238K(57856K), 0.0004720 secs] [Times: user=0.00 sys=0.00, real=0.00 secs] 
243.726: Total time for which application threads were stopped: 0.0006090 seconds, Stopping threads took: 0.0000580 seconds
243.851: Application time: 0.1246950 seconds
243.855: [GC [PSYoungGen: 23264K->416K(23552K)] 53278K->30430K(57856K), 0.0004850 secs] [Times: user=0.00 sys=0.00, real=0.00 secs] 
243.856: Total time for which application threads were stopped: 0.0047160 seconds, Stopping threads took: 0.0041530 seconds
243.982: Application time: 0.1261150 seconds
243.983: [GC [PSYoungGen: 23456K->256K(23552K)] 53470K->30574K(57856K), 0.0005760 secs] [Times: user=0.01 sys=0.00, real=0.00 secs] 
243.984: Total time for which application threads were stopped: 0.0020500 seconds, Stopping threads took: 0.0013840 seconds
244.112: Application time: 0.1275280 seconds
244.112: [GC [PSYoungGen: 23296K->256K(23552K)] 53614K->30694K(57856K), 0.0004750 secs] [Times: user=0.00 sys=0.00, real=0.00 secs] 
244.112: Total time for which application threads were stopped: 0.0006190 seconds, Stopping threads took: 0.0000570 seconds
244.240: Application time: 0.1273760 seconds
244.240: [GC [PSYoungGen: 23296K->256K(23552K)] 53734K->30694K(57856K), 0.0004890 secs] [Times: user=0.01 sys=0.00, real=0.00 secs] 
244.240: Total time for which application threads were stopped: 0.0006600 seconds, Stopping threads took: 0.0000860 seconds
244.368: Application time: 0.1273380 seconds
244.368: [GC [PSYoungGen: 23296K->224K(23552K)] 53734K->30798K(57856K), 0.0004990 secs] [Times: user=0.01 sys=0.00, real=0.00 secs] 
244.368: Total time for which application threads were stopped: 0.0006440 seconds, Stopping threads took: 0.0000640 seconds
244.496: Application time: 0.1277860 seconds
244.496: [GC [PSYoungGen: 23264K->256K(23552K)] 53838K->30878K(57856K), 0.0004570 secs] [Times: user=0.00 sys=0.00, real=0.00 secs] 
244.497: Total time for which application threads were stopped: 0.0006020 seconds, Stopping threads took: 0.0000540 seconds
244.620: Application time: 0.1236350 seconds
244.620: [GC [PSYoungGen: 23296K->336K(23552K)] 53918K->30958K(57856K), 0.0005340 secs] [Times: user=0.00 sys=0.00, real=0.00 secs] 
244.621: Total time for which application threads were stopped: 0.0006630 seconds, Stopping threads took: 0.0000490 seconds
244.747: Application time: 0.1257820 seconds
244.747: [GC [PSYoungGen: 23376K->256K(23552K)] 53998K->31174K(57856K), 0.0005970 secs] [Times: user=0.01 sys=0.00, real=0.01 secs] 
244.747: Total time for which application threads were stopped: 0.0007370 seconds, Stopping threads took: 0.0000540 seconds
244.875: Application time: 0.1274130 seconds
244.875: [GC [PSYoungGen: 23296K->256K(23552K)] 54214K->31303K(57856K), 0.0004550 secs] [Times: user=0.01 sys=0.00, real=0.01 secs] 
244.875: Total time for which application threads were stopped: 0.0005840 seconds, Stopping threads took: 0.0000490 seconds
245.002: Application time: 0.1268960 seconds
245.002: [GC [PSYoungGen: 23296K->256K(23552K)] 54343K->31303K(57856K), 0.0004350 secs] [Times: user=0.00 sys=0.00, real=0.00 secs] 
245.003: Total time for which application threads were stopped: 0.0005950 seconds, Stopping threads took: 0.0000760 seconds
245.130: Application time: 0.1274570 seconds
245.130: [GC [PSYoungGen: 23296K->256K(23552K)] 54343K->31423K(57856K), 0.0004440 secs] [Times: user=0.01 sys=0.00, real=0.00 secs] 
245.131: Total time for which application threads were stopped: 0.0005880 seconds, Stopping threads took: 0.0000660 seconds
245.258: Application time: 0.1274510 seconds
245.259: [GC [PSYoungGen: 23296K->256K(23552K)] 54463K->31495K(57856K), 0.0004680 secs] [Times: user=0.00 sys=0.00, real=0.00 secs] 
245.259: Total time for which application threads were stopped: 0.0006070 seconds, Stopping threads took: 0.0000550 seconds
245.384: Application time: 0.1248210 seconds
245.384: [GC [PSYoungGen: 23296K->384K(23552K)] 54535K->31623K(57856K), 0.0005100 secs] [Times: user=0.00 sys=0.00, real=0.00 secs] 
245.384: Total time for which application threads were stopped: 0.0006560 seconds, Stopping threads took: 0.0000630 seconds
245.510: Application time: 0.1255510 seconds
245.510: [GC [PSYoungGen: 23424K->288K(23552K)] 54663K->31791K(57856K), 0.0005190 secs] [Times: user=0.00 sys=0.00, real=0.00 secs] 
245.511: Total time for which application threads were stopped: 0.0006770 seconds, Stopping threads took: 0.0000600 seconds
245.639: Application time: 0.1278530 seconds
245.639: [GC [PSYoungGen: 23328K->224K(23552K)] 54831K->31887K(57856K), 0.0004930 secs] [Times: user=0.00 sys=0.00, real=0.00 secs] 
245.639: Total time for which application threads were stopped: 0.0006260 seconds, Stopping threads took: 0.0000550 seconds
245.766: Application time: 0.1271210 seconds
245.766: [GC [PSYoungGen: 23264K->256K(23552K)] 54927K->31919K(57856K), 0.0004420 secs] [Times: user=0.00 sys=0.00, real=0.00 secs] 
245.767: Total time for which application threads were stopped: 0.0005980 seconds, Stopping threads took: 0.0000790 seconds
245.894: Application time: 0.1271100 seconds
245.894: [GC [PSYoungGen: 23296K->256K(23552K)] 54959K->32039K(57856K), 0.0004600 secs] [Times: user=0.00 sys=0.00, real=0.00 secs] 
245.895: Total time for which application threads were stopped: 0.0005980 seconds, Stopping threads took: 0.0000600 seconds
246.022: Application time: 0.1274770 seconds
246.022: [GC [PSYoungGen: 23296K->256K(23552K)] 55079K->32111K(57856K), 0.0004330 secs] [Times: user=0.00 sys=0.00, real=0.00 secs] 
246.023: Total time for which application threads were stopped: 0.0005960 seconds, Stopping threads took: 0.0000720 seconds
246.147: Application time: 0.1247710 seconds
246.148: [GC [PSYoungGen: 23296K->352K(23552K)] 55151K->32207K(57856K), 0.0004590 secs] [Times: user=0.00 sys=0.00, real=0.00 secs] 
246.148: Total time for which application threads were stopped: 0.0005930 seconds, Stopping threads took: 0.0000560 seconds
246.274: Application time: 0.1259840 seconds
246.274: [GC [PSYoungGen: 23392K->320K(23552K)] 55247K->32431K(57856K), 0.0005120 secs] [Times: user=0.00 sys=0.00, real=0.00 secs] 
246.275: Total time for which application threads were stopped: 0.0006690 seconds, Stopping threads took: 0.0000600 seconds
246.402: Application time: 0.1275110 seconds
246.402: [GC [PSYoungGen: 23360K->256K(23552K)] 55471K->32536K(57856K), 0.0004980 secs] [Times: user=0.00 sys=0.00, real=0.00 secs] 
246.403: Total time for which application threads were stopped: 0.0006390 seconds, Stopping threads took: 0.0000560 seconds
246.530: Application time: 0.1267730 seconds
246.530: [GC [PSYoungGen: 23296K->240K(23552K)] 55576K->32520K(57856K), 0.0004680 secs] [Times: user=0.00 sys=0.00, real=0.00 secs] 
246.530: Total time for which application threads were stopped: 0.0006120 seconds, Stopping threads took: 0.0000570 seconds
246.657: Application time: 0.1263330 seconds
246.657: [GC [PSYoungGen: 23280K->256K(23552K)] 55560K->32656K(57856K), 0.0004590 secs] [Times: user=0.00 sys=0.00, real=0.00 secs] 
246.657: Total time for which application threads were stopped: 0.0005940 seconds, Stopping threads took: 0.0000540 seconds
246.784: Application time: 0.1272470 seconds
246.785: [GC [PSYoungGen: 23296K->224K(23552K)] 55696K->32696K(57856K), 0.0004990 secs] [Times: user=0.00 sys=0.00, real=0.00 secs] 
246.785: Total time for which application threads were stopped: 0.0006480 seconds, Stopping threads took: 0.0000670 seconds
246.910: Application time: 0.1252690 seconds
246.911: [GC [PSYoungGen: 23264K->384K(23552K)] 55736K->32856K(57856K), 0.0005040 secs] [Times: user=0.00 sys=0.00, real=0.00 secs] 
246.912: Total time for which application threads were stopped: 0.0015350 seconds, Stopping threads took: 0.0009270 seconds
247.038: Application time: 0.1258460 seconds
247.038: [GC [PSYoungGen: 23424K->256K(23552K)] 55896K->32988K(57856K), 0.0005530 secs] [Times: user=0.00 sys=0.00, real=0.00 secs] 
247.038: Total time for which application threads were stopped: 0.0007020 seconds, Stopping threads took: 0.0000590 seconds
247.166: Application time: 0.1271040 seconds
247.166: [GC [PSYoungGen: 23296K->256K(23552K)] 56028K->33164K(57856K), 0.0004800 secs] [Times: user=0.00 sys=0.00, real=0.00 secs] 
247.166: Total time for which application threads were stopped: 0.0006220 seconds, Stopping threads took: 0.0000560 seconds
247.294: Application time: 0.1276260 seconds
247.294: [GC [PSYoungGen: 23296K->256K(23552K)] 56204K->33164K(57856K), 0.0004890 secs] [Times: user=0.00 sys=0.00, real=0.00 secs] 
247.294: Total time for which application threads were stopped: 0.0006490 seconds, Stopping threads took: 0.0000790 seconds
247.421: Application time: 0.1260650 seconds
247.421: [GC [PSYoungGen: 23296K->192K(23552K)] 56204K->33188K(57856K), 0.0005380 secs] [Times: user=0.00 sys=0.00, real=0.00 secs] 
247.422: Total time for which application threads were stopped: 0.0017500 seconds, Stopping threads took: 0.0000600 seconds
247.549: Application time: 0.1270270 seconds
247.549: [GC [PSYoungGen: 23232K->256K(23552K)] 56228K->33348K(57856K), 0.0004410 secs] [Times: user=0.00 sys=0.00, real=0.00 secs] 
247.550: Total time for which application threads were stopped: 0.0006040 seconds, Stopping threads took: 0.0000710 seconds
247.676: Application time: 0.1261930 seconds
247.676: [GC [PSYoungGen: 23296K->240K(23552K)] 56388K->33332K(57856K), 0.0004800 secs] [Times: user=0.00 sys=0.00, real=0.00 secs] 
247.677: Total time for which application threads were stopped: 0.0006210 seconds, Stopping threads took: 0.0000550 seconds
247.802: Application time: 0.1251740 seconds
247.802: [GC [PSYoungGen: 23280K->352K(23552K)] 56372K->33588K(57856K), 0.0005240 secs] [Times: user=0.00 sys=0.00, real=0.00 secs] 
247.803: Total time for which application threads were stopped: 0.0006520 seconds, Stopping threads took: 0.0000500 seconds
247.929: Application time: 0.1268640 seconds
247.930: [GC [PSYoungGen: 23392K->256K(23552K)] 56628K->33725K(57856K), 0.0004870 secs] [Times: user=0.00 sys=0.00, real=0.00 secs] 
247.930: Total time for which application threads were stopped: 0.0006300 seconds, Stopping threads took: 0.0000600 seconds
248.057: Application time: 0.1267700 seconds
248.057: [GC [PSYoungGen: 23296K->256K(23552K)] 56765K->33797K(57856K), 0.0005020 secs] [Times: user=0.00 sys=0.00, real=0.00 secs] 
248.057: Total time for which application threads were stopped: 0.0006590 seconds, Stopping threads took: 0.0000630 seconds
248.184: Application time: 0.1270070 seconds
248.185: [GC [PSYoungGen: 23296K->256K(23552K)] 56837K->33821K(57856K), 0.0004790 secs] [Times: user=0.00 sys=0.00, real=0.00 secs] 
248.185: Total time for which application threads were stopped: 0.0006240 seconds, Stopping threads took: 0.0000630 seconds
248.313: Application time: 0.1274050 seconds
248.313: [GC [PSYoungGen: 23296K->256K(23552K)] 56861K->33965K(57856K), 0.0004570 secs] [Times: user=0.00 sys=0.00, real=0.00 secs] 
248.313: Total time for which application threads were stopped: 0.0005920 seconds, Stopping threads took: 0.0000560 seconds
248.441: Application time: 0.1278000 seconds
248.441: [GC [PSYoungGen: 23296K->256K(23552K)] 57005K->33989K(57856K), 0.0005290 secs] [Times: user=0.00 sys=0.00, real=0.00 secs] 
248.442: Total time for which application threads were stopped: 0.0006700 seconds, Stopping threads took: 0.0000600 seconds
248.565: Application time: 0.1236120 seconds
248.565: [GC [PSYoungGen: 23296K->448K(23552K)] 57029K->34181K(57856K), 0.0005800 secs] [Times: user=0.00 sys=0.00, real=0.00 secs] 
248.566: Total time for which application threads were stopped: 0.0007320 seconds, Stopping threads took: 0.0000620 seconds
248.692: Application time: 0.1260640 seconds
248.692: [GC [PSYoungGen: 23488K->224K(23552K)] 57221K->34301K(57856K), 0.0005730 secs] [Times: user=0.00 sys=0.00, real=0.00 secs] 
248.693: [Full GC [PSYoungGen: 224K->0K(23552K)] [ParOldGen: 34077K->3037K(33280K)] 34301K->3037K(56832K) [PSPermGen: 6081K->6081K(21504K)], 0.0059440 secs] [Times: user=0.03 sys=0.00, real=0.01 secs] 
248.699: Total time for which application threads were stopped: 0.0067110 seconds, Stopping threads took: 0.0000660 seconds
248.827: Application time: 0.1282430 seconds
248.827: [GC [PSYoungGen: 23040K->256K(23552K)] 26077K->3293K(56832K), 0.0003850 secs] [Times: user=0.00 sys=0.00, real=0.01 secs] 
248.827: Total time for which application threads were stopped: 0.0005250 seconds, Stopping threads took: 0.0000590 seconds
248.954: Application time: 0.1267470 seconds
248.954: [GC [PSYoungGen: 23296K->256K(23552K)] 26333K->3301K(56832K), 0.0004530 secs] [Times: user=0.00 sys=0.00, real=0.00 secs] 
248.955: Total time for which application threads were stopped: 0.0005920 seconds, Stopping threads took: 0.0000590 seconds
249.083: Application time: 0.1278220 seconds
249.083: [GC [PSYoungGen: 23296K->224K(23552K)] 26341K->3430K(56832K), 0.0004370 secs] [Times: user=0.00 sys=0.00, real=0.00 secs] 
249.083: Total time for which application threads were stopped: 0.0005950 seconds, Stopping threads took: 0.0000630 seconds
249.211: Application time: 0.1272580 seconds
249.211: [GC [PSYoungGen: 23264K->224K(23552K)] 26470K->3454K(56832K), 0.0003660 secs] [Times: user=0.01 sys=0.00, real=0.00 secs] 
249.211: Total time for which application threads were stopped: 0.0005170 seconds, Stopping threads took: 0.0000690 seconds
249.335: Application time: 0.1242330 seconds
249.335: [GC [PSYoungGen: 23264K->352K(23552K)] 26494K->3582K(56832K), 0.0004740 secs] [Times: user=0.01 sys=0.00, real=0.00 secs] 
249.336: Total time for which application threads were stopped: 0.0006180 seconds, Stopping threads took: 0.0000660 seconds
249.462: Application time: 0.1260780 seconds
249.462: [GC [PSYoungGen: 23392K->256K(23552K)] 26622K->3794K(56832K), 0.0005020 secs] [Times: user=0.00 sys=0.00, real=0.00 secs] 
249.463: Total time for which application threads were stopped: 0.0006480 seconds, Stopping threads took: 0.0000670 seconds
249.590: Application time: 0.1274150 seconds
249.590: [GC [PSYoungGen: 23296K->256K(23552K)] 26834K->3914K(56832K), 0.0003950 secs] [Times: user=0.00 sys=0.00, real=0.00 secs] 
249.591: Total time for which application threads were stopped: 0.0005730 seconds, Stopping threads took: 0.0000900 seconds
249.718: Application time: 0.1270130 seconds
249.718: [GC [PSYoungGen: 23296K->256K(23552K)] 26954K->3914K(56832K), 0.0004110 secs] [Times: user=0.00 sys=0.00, real=0.00 secs] 
249.718: Total time for which application threads were stopped: 0.0005450 seconds, Stopping threads took: 0.0000530 seconds
249.845: Application time: 0.1270680 seconds
249.846: [GC [PSYoungGen: 23296K->224K(23552K)] 26954K->4018K(56832K), 0.0004510 secs] [Times: user=0.00 sys=0.00, real=0.00 secs] 
249.846: Total time for which application threads were stopped: 0.0007570 seconds, Stopping threads took: 0.0002080 seconds
249.973: Application time: 0.1267640 seconds
249.973: [GC [PSYoungGen: 23264K->256K(23552K)] 27058K->4098K(56832K), 0.0003880 secs] [Times: user=0.00 sys=0.00, real=0.00 secs] 
249.973: Total time for which application threads were stopped: 0.0005250 seconds, Stopping threads took: 0.0000600 seconds
250.097: Application time: 0.1232150 seconds
250.097: [GC [PSYoungGen: 23296K->400K(23552K)] 27138K->4242K(56832K), 0.0004700 secs] [Times: user=0.01 sys=0.00, real=0.00 secs] 
250.097: Total time for which application threads were stopped: 0.0006150 seconds, Stopping threads took: 0.0000560 seconds
250.224: Application time: 0.1268230 seconds
250.224: [GC [PSYoungGen: 23440K->256K(23552K)] 27282K->4406K(56832K), 0.0005450 secs] [Times: user=0.00 sys=0.00, real=0.00 secs] 
250.225: Total time for which application threads were stopped: 0.0006950 seconds, Stopping threads took: 0.0000680 seconds
250.352: Application time: 0.1274280 seconds
250.352: [GC [PSYoungGen: 23296K->256K(23552K)] 27446K->4535K(56832K), 0.0004220 secs] [Times: user=0.00 sys=0.00, real=0.00 secs] 
250.353: Total time for which application threads were stopped: 0.0005590 seconds, Stopping threads took: 0.0000540 seconds
250.480: Application time: 0.1271590 seconds
250.480: [GC [PSYoungGen: 23296K->256K(23552K)] 27575K->4535K(56832K), 0.0003740 secs] [Times: user=0.00 sys=0.00, real=0.00 secs] 
250.480: Total time for which application threads were stopped: 0.0005210 seconds, Stopping threads took: 0.0000680 seconds
250.608: Application time: 0.1274320 seconds
250.608: [GC [PSYoungGen: 23296K->256K(23552K)] 27575K->4679K(56832K), 0.0004350 secs] [Times: user=0.00 sys=0.00, real=0.00 secs] 
250.608: Total time for which application threads were stopped: 0.0005880 seconds, Stopping threads took: 0.0000610 seconds
250.736: Application time: 0.1274170 seconds
250.736: [GC [PSYoungGen: 23296K->192K(23552K)] 27719K->4663K(56832K), 0.0004130 secs] [Times: user=0.00 sys=0.00, real=0.00 secs] 
250.736: Total time for which application threads were stopped: 0.0005480 seconds, Stopping threads took: 0.0000540 seconds
250.861: Application time: 0.1244380 seconds
250.861: [GC [PSYoungGen: 23232K->368K(23552K)] 27703K->4839K(56832K), 0.0004970 secs] [Times: user=0.00 sys=0.00, real=0.00 secs] 
250.861: Total time for which application threads were stopped: 0.0006390 seconds, Stopping threads took: 0.0000600 seconds
250.987: Application time: 0.1259550 seconds
250.987: [GC [PSYoungGen: 23408K->272K(23552K)] 27879K->5007K(56832K), 0.0004820 secs] [Times: user=0.00 sys=0.00, real=0.00 secs] 
250.988: Total time for which application threads were stopped: 0.0006110 seconds, Stopping threads took: 0.0000510 seconds
251.116: Application time: 0.1278890 seconds
251.116: [GC [PSYoungGen: 23312K->256K(23552K)] 28047K->5159K(56832K), 0.0004460 secs] [Times: user=0.00 sys=0.00, real=0.00 secs] 
251.116: Total time for which application threads were stopped: 0.0006280 seconds, Stopping threads took: 0.0000830 seconds
251.243: Application time: 0.1267670 seconds
251.243: [GC [PSYoungGen: 23296K->256K(23552K)] 28199K->5159K(56832K), 0.0004060 secs] [Times: user=0.00 sys=0.00, real=0.00 secs] 
251.244: Total time for which application threads were stopped: 0.0005430 seconds, Stopping threads took: 0.0000600 seconds
251.371: Application time: 0.1271210 seconds
251.371: [GC [PSYoungGen: 23296K->256K(23552K)] 28199K->5279K(56832K), 0.0004360 secs] [Times: user=0.00 sys=0.00, real=0.00 secs] 
251.372: Total time for which application threads were stopped: 0.0005970 seconds, Stopping threads took: 0.0000700 seconds
251.499: Application time: 0.1278080 seconds
251.499: [GC [PSYoungGen: 23296K->256K(23552K)] 28319K->5351K(56832K), 0.0003940 secs] [Times: user=0.00 sys=0.00, real=0.00 secs] 
251.500: Total time for which application threads were stopped: 0.0005520 seconds, Stopping threads took: 0.0000770 seconds
251.625: Application time: 0.1247380 seconds
251.627: [GC [PSYoungGen: 23296K->336K(23552K)] 28391K->5431K(56832K), 0.0004450 secs] [Times: user=0.01 sys=0.00, real=0.00 secs] 
251.628: Total time for which application threads were stopped: 0.0031970 seconds, Stopping threads took: 0.0026660 seconds
251.753: Application time: 0.1251550 seconds
251.753: [GC [PSYoungGen: 23376K->304K(23552K)] 28471K->5659K(56832K), 0.0005540 secs] [Times: user=0.00 sys=0.00, real=0.00 secs] 
251.754: Total time for which application threads were stopped: 0.0006860 seconds, Stopping threads took: 0.0000530 seconds
251.881: Application time: 0.1274520 seconds
251.881: [GC [PSYoungGen: 23344K->256K(23552K)] 28699K->5780K(56832K), 0.0004020 secs] [Times: user=0.00 sys=0.00, real=0.00 secs] 
251.882: Total time for which application threads were stopped: 0.0005300 seconds, Stopping threads took: 0.0000510 seconds
252.008: Application time: 0.1264630 seconds
252.008: [GC [PSYoungGen: 23296K->256K(23552K)] 28820K->5780K(56832K), 0.0004170 secs] [Times: user=0.00 sys=0.00, real=0.00 secs] 
252.009: Total time for which application threads were stopped: 0.0005490 seconds, Stopping threads took: 0.0000520 seconds
252.136: Application time: 0.1269750 seconds
252.136: [GC [PSYoungGen: 23296K->256K(23552K)] 28820K->5900K(56832K), 0.0004220 secs] [Times: user=0.00 sys=0.00, real=0.00 secs] 
252.136: Total time for which application threads were stopped: 0.0005720 seconds, Stopping threads took: 0.0000610 seconds
252.264: Application time: 0.1274350 seconds
252.264: [GC [PSYoungGen: 23296K->256K(23552K)] 28940K->5972K(56832K), 0.0003900 secs] [Times: user=0.00 sys=0.00, real=0.00 secs] 
252.264: Total time for which application threads were stopped: 0.0005260 seconds, Stopping threads took: 0.0000580 seconds
252.390: Application time: 0.1262750 seconds
252.391: [GC [PSYoungGen: 23296K->336K(23552K)] 29012K->6052K(56832K), 0.0004780 secs] [Times: user=0.00 sys=0.00, real=0.00 secs] 
252.391: Total time for which application threads were stopped: 0.0006220 seconds, Stopping threads took: 0.0000620 seconds
252.516: Application time: 0.1250170 seconds
252.516: [GC [PSYoungGen: 23376K->336K(23552K)] 29092K->6264K(56832K), 0.0005490 secs] [Times: user=0.00 sys=0.00, real=0.00 secs] 
252.518: Total time for which application threads were stopped: 0.0016590 seconds, Stopping threads took: 0.0000580 seconds
252.645: Application time: 0.1272860 seconds
252.645: [GC [PSYoungGen: 23376K->256K(23552K)] 29304K->6400K(56832K), 0.0004590 secs] [Times: user=0.00 sys=0.00, real=0.00 secs] 
252.646: Total time for which application threads were stopped: 0.0006120 seconds, Stopping threads took: 0.0000640 seconds
252.773: Application time: 0.1271010 seconds
252.773: [GC [PSYoungGen: 23296K->256K(23552K)] 29440K->6400K(56832K), 0.0004420 secs] [Times: user=0.00 sys=0.00, real=0.00 secs] 
252.773: Total time for which application threads were stopped: 0.0005750 seconds, Stopping threads took: 0.0000550 seconds
252.910: Application time: 0.1363370 seconds
252.910: [GC [PSYoungGen: 23296K->256K(23552K)] 29440K->6496K(56832K), 0.0004700 secs] [Times: user=0.00 sys=0.00, real=0.00 secs] 
252.910: Total time for which application threads were stopped: 0.0006350 seconds, Stopping threads took: 0.0000760 seconds
253.050: Application time: 0.1399390 seconds
253.050: [GC [PSYoungGen: 23296K->192K(23552K)] 29536K->6528K(56832K), 0.0005440 secs] [Times: user=0.00 sys=0.00, real=0.00 secs] 
253.051: Total time for which application threads were stopped: 0.0006810 seconds, Stopping threads took: 0.0000540 seconds
253.190: Application time: 0.1388470 seconds
253.190: [GC [PSYoungGen: 23232K->304K(23552K)] 29568K->6640K(56832K), 0.0005320 secs] [Times: user=0.00 sys=0.00, real=0.00 secs] 
253.190: Total time for which application threads were stopped: 0.0006780 seconds, Stopping threads took: 0.0000540 seconds
253.327: Application time: 0.1367330 seconds
253.327: [GC [PSYoungGen: 23344K->320K(23552K)] 29680K->6824K(56832K), 0.0005070 secs] [Times: user=0.01 sys=0.00, real=0.00 secs] 
253.328: Total time for which application threads were stopped: 0.0006480 seconds, Stopping threads took: 0.0000550 seconds
253.468: Application time: 0.1400330 seconds
253.468: [GC [PSYoungGen: 23360K->256K(23552K)] 29864K->7017K(56832K), 0.0005180 secs] [Times: user=0.00 sys=0.00, real=0.00 secs] 
253.469: Total time for which application threads were stopped: 0.0006510 seconds, Stopping threads took: 0.0000510 seconds
253.609: Application time: 0.1401550 seconds
253.609: [GC [PSYoungGen: 23296K->256K(23552K)] 30057K->7017K(56832K), 0.0004340 secs] [Times: user=0.00 sys=0.00, real=0.00 secs] 
253.609: Total time for which application threads were stopped: 0.0005890 seconds, Stopping threads took: 0.0000680 seconds
253.749: Application time: 0.1397190 seconds
253.749: [GC [PSYoungGen: 23296K->256K(23552K)] 30057K->7017K(56832K), 0.0004900 secs] [Times: user=0.00 sys=0.00, real=0.00 secs] 
253.750: Total time for which application threads were stopped: 0.0006500 seconds, Stopping threads took: 0.0000660 seconds
253.890: Application time: 0.1399670 seconds
253.890: [GC [PSYoungGen: 23296K->256K(23552K)] 30057K->7185K(56832K), 0.0004700 secs] [Times: user=0.00 sys=0.00, real=0.00 secs] 
253.890: Total time for which application threads were stopped: 0.0006180 seconds, Stopping threads took: 0.0000670 seconds
254.030: Application time: 0.1399830 seconds
254.030: [GC [PSYoungGen: 23296K->256K(23552K)] 30225K->7209K(56832K), 0.0004600 secs] [Times: user=0.00 sys=0.00, real=0.00 secs] 
254.031: Total time for which application threads were stopped: 0.0006000 seconds, Stopping threads took: 0.0000560 seconds
254.166: Application time: 0.1351190 seconds
254.166: [GC [PSYoungGen: 23296K->464K(23552K)] 30249K->7417K(56832K), 0.0005330 secs] [Times: user=0.00 sys=0.00, real=0.00 secs] 
254.167: Total time for which application threads were stopped: 0.0006740 seconds, Stopping threads took: 0.0000540 seconds
254.307: Application time: 0.1398940 seconds
254.307: [GC [PSYoungGen: 23504K->256K(23552K)] 30457K->7597K(56832K), 0.0005250 secs] [Times: user=0.00 sys=0.00, real=0.00 secs] 
254.307: Total time for which application threads were stopped: 0.0006700 seconds, Stopping threads took: 0.0000530 seconds
254.448: Application time: 0.1406950 seconds
254.448: [GC [PSYoungGen: 23296K->256K(23552K)] 30637K->7597K(56832K), 0.0004540 secs] [Times: user=0.00 sys=0.00, real=0.00 secs] 
254.448: Total time for which application threads were stopped: 0.0005840 seconds, Stopping threads took: 0.0000440 seconds
254.588: Application time: 0.1391680 seconds
254.588: [GC [PSYoungGen: 23296K->192K(23552K)] 30637K->7533K(56832K), 0.0005430 secs] [Times: user=0.00 sys=0.00, real=0.00 secs] 
254.588: Total time for which application threads were stopped: 0.0007030 seconds, Stopping threads took: 0.0000740 seconds
254.729: Application time: 0.1401630 seconds
254.729: [GC [PSYoungGen: 23232K->256K(23552K)] 30573K->7765K(56832K), 0.0004480 secs] [Times: user=0.00 sys=0.00, real=0.00 secs] 
254.729: Total time for which application threads were stopped: 0.0005930 seconds, Stopping threads took: 0.0000630 seconds
254.869: Application time: 0.1403390 seconds
254.870: [GC [PSYoungGen: 23296K->256K(23552K)] 30805K->7789K(56832K), 0.0004290 secs] [Times: user=0.00 sys=0.00, real=0.00 secs] 
254.870: Total time for which application threads were stopped: 0.0005760 seconds, Stopping threads took: 0.0000570 seconds
255.006: Application time: 0.1356500 seconds
255.006: [GC [PSYoungGen: 23296K->432K(23552K)] 30829K->7965K(56832K), 0.0004840 secs] [Times: user=0.00 sys=0.00, real=0.00 secs] 
255.006: Total time for which application threads were stopped: 0.0006240 seconds, Stopping threads took: 0.0000580 seconds
255.146: Application time: 0.1395580 seconds
255.146: [GC [PSYoungGen: 23472K->256K(23552K)] 31005K->8138K(56832K), 0.0005230 secs] [Times: user=0.00 sys=0.00, real=0.00 secs] 
255.147: Total time for which application threads were stopped: 0.0006630 seconds, Stopping threads took: 0.0000550 seconds
255.287: Application time: 0.1402930 seconds
255.287: [GC [PSYoungGen: 23296K->256K(23552K)] 31178K->8202K(56832K), 0.0004400 secs] [Times: user=0.00 sys=0.00, real=0.01 secs] 
255.287: Total time for which application threads were stopped: 0.0005820 seconds, Stopping threads took: 0.0000550 seconds
255.427: Application time: 0.1392660 seconds
255.427: [GC [PSYoungGen: 23296K->224K(23552K)] 31242K->8170K(56832K), 0.0004570 secs] [Times: user=0.00 sys=0.00, real=0.01 secs] 
255.427: Total time for which application threads were stopped: 0.0006060 seconds, Stopping threads took: 0.0000550 seconds
255.567: Application time: 0.1399340 seconds
255.567: [GC [PSYoungGen: 23264K->256K(23552K)] 31210K->8346K(56832K), 0.0004480 secs] [Times: user=0.00 sys=0.00, real=0.00 secs] 
255.568: Total time for which application threads were stopped: 0.0005860 seconds, Stopping threads took: 0.0000570 seconds
255.709: Application time: 0.1408390 seconds
255.709: [GC [PSYoungGen: 23296K->192K(23552K)] 31386K->8330K(56832K), 0.0004820 secs] [Times: user=0.00 sys=0.00, real=0.00 secs] 
255.709: Total time for which application threads were stopped: 0.0006290 seconds, Stopping threads took: 0.0000630 seconds
255.846: Application time: 0.1363900 seconds
255.846: [GC [PSYoungGen: 23232K->400K(23552K)] 31370K->8538K(56832K), 0.0005550 secs] [Times: user=0.01 sys=0.00, real=0.00 secs] 
255.846: Total time for which application threads were stopped: 0.0006950 seconds, Stopping threads took: 0.0000530 seconds
255.985: Application time: 0.1384470 seconds
255.985: [GC [PSYoungGen: 23440K->288K(23552K)] 31578K->8730K(56832K), 0.0005720 secs] [Times: user=0.01 sys=0.00, real=0.00 secs] 
255.986: Total time for which application threads were stopped: 0.0007200 seconds, Stopping threads took: 0.0000570 seconds
256.126: Application time: 0.1400250 seconds
256.126: [GC [PSYoungGen: 23328K->224K(23552K)] 31770K->8786K(56832K), 0.0004800 secs] [Times: user=0.00 sys=0.00, real=0.00 secs] 
256.126: Total time for which application threads were stopped: 0.0006270 seconds, Stopping threads took: 0.0000620 seconds
256.266: Application time: 0.1400340 seconds
256.266: [GC [PSYoungGen: 23264K->256K(23552K)] 31826K->8818K(56832K), 0.0004150 secs] [Times: user=0.00 sys=0.00, real=0.00 secs] 
256.267: Total time for which application threads were stopped: 0.0005760 seconds, Stopping threads took: 0.0000830 seconds
256.407: Application time: 0.1399530 seconds
256.407: [GC [PSYoungGen: 23296K->256K(23552K)] 31858K->8938K(56832K), 0.0004730 secs] [Times: user=0.01 sys=0.00, real=0.01 secs] 
256.407: Total time for which application threads were stopped: 0.0006140 seconds, Stopping threads took: 0.0000550 seconds
256.547: Application time: 0.1400140 seconds
256.548: [GC [PSYoungGen: 23296K->256K(23552K)] 31978K->9010K(56832K), 0.0004670 secs] [Times: user=0.00 sys=0.00, real=0.00 secs] 
256.548: Total time for which application threads were stopped: 0.0006300 seconds, Stopping threads took: 0.0000710 seconds
256.685: Application time: 0.1365390 seconds
256.685: [GC [PSYoungGen: 23296K->352K(23552K)] 32050K->9106K(56832K), 0.0005160 secs] [Times: user=0.01 sys=0.00, real=0.00 secs] 
256.685: Total time for which application threads were stopped: 0.0006490 seconds, Stopping threads took: 0.0000510 seconds
256.823: Application time: 0.1376940 seconds
256.823: [GC [PSYoungGen: 23392K->256K(23552K)] 32146K->9270K(56832K), 0.0005390 secs] [Times: user=0.00 sys=0.00, real=0.00 secs] 
256.824: Total time for which application threads were stopped: 0.0006730 seconds, Stopping threads took: 0.0000520 seconds
256.952: Application time: 0.1279310 seconds
256.952: [GC [PSYoungGen: 23296K->256K(23552K)] 32310K->9447K(56832K), 0.0004230 secs] [Times: user=0.00 sys=0.00, real=0.00 secs] 
256.952: Total time for which application threads were stopped: 0.0005820 seconds, Stopping threads took: 0.0000680 seconds
257.079: Application time: 0.1266860 seconds
257.079: [GC [PSYoungGen: 23296K->224K(23552K)] 32487K->9415K(56832K), 0.0005230 secs] [Times: user=0.01 sys=0.00, real=0.00 secs] 
257.079: Total time for which application threads were stopped: 0.0006670 seconds, Stopping threads took: 0.0000510 seconds
257.206: Application time: 0.1267100 seconds
257.206: [GC [PSYoungGen: 23264K->256K(23552K)] 32455K->9567K(56832K), 0.0004430 secs] [Times: user=0.00 sys=0.00, real=0.00 secs] 
257.207: Total time for which application threads were stopped: 0.0005860 seconds, Stopping threads took: 0.0000630 seconds
257.334: Application time: 0.1271780 seconds
257.334: [GC [PSYoungGen: 23296K->256K(23552K)] 32607K->9639K(56832K), 0.0004210 secs] [Times: user=0.00 sys=0.00, real=0.00 secs] 
257.335: Total time for which application threads were stopped: 0.0005730 seconds, Stopping threads took: 0.0000710 seconds
257.459: Application time: 0.1249470 seconds
257.460: [GC [PSYoungGen: 23296K->304K(23552K)] 32679K->9687K(56832K), 0.0004670 secs] [Times: user=0.00 sys=0.00, real=0.00 secs] 
257.460: Total time for which application threads were stopped: 0.0006140 seconds, Stopping threads took: 0.0000640 seconds
257.586: Application time: 0.1260100 seconds
257.586: [GC [PSYoungGen: 23344K->288K(23552K)] 32727K->9927K(56832K), 0.0005050 secs] [Times: user=0.00 sys=0.00, real=0.01 secs] 
257.588: Total time for which application threads were stopped: 0.0016640 seconds, Stopping threads took: 0.0000540 seconds
257.715: Application time: 0.1273820 seconds
257.719: [GC [PSYoungGen: 23328K->256K(23552K)] 32967K->10067K(56832K), 0.0005580 secs] [Times: user=0.00 sys=0.00, real=0.00 secs] 
257.720: Total time for which application threads were stopped: 0.0048350 seconds, Stopping threads took: 0.0042000 seconds
257.847: Application time: 0.1268950 seconds
257.847: [GC [PSYoungGen: 23296K->256K(23552K)] 33107K->10067K(56832K), 0.0004560 secs] [Times: user=0.00 sys=0.00, real=0.01 secs] 
257.847: Total time for which application threads were stopped: 0.0005960 seconds, Stopping threads took: 0.0000550 seconds
257.975: Application time: 0.1270940 seconds
257.975: [GC [PSYoungGen: 23296K->256K(23552K)] 33107K->10187K(56832K), 0.0004430 secs] [Times: user=0.00 sys=0.00, real=0.00 secs] 
257.975: Total time for which application threads were stopped: 0.0005850 seconds, Stopping threads took: 0.0000540 seconds
258.102: Application time: 0.1272590 seconds
258.103: [GC [PSYoungGen: 23296K->256K(23552K)] 33227K->10259K(56832K), 0.0004290 secs] [Times: user=0.00 sys=0.00, real=0.00 secs] 
258.103: Total time for which application threads were stopped: 0.0005750 seconds, Stopping threads took: 0.0000560 seconds
258.228: Application time: 0.1252310 seconds
258.228: [GC [PSYoungGen: 23296K->336K(23552K)] 33299K->10339K(56832K), 0.0004960 secs] [Times: user=0.00 sys=0.00, real=0.00 secs] 
258.229: Total time for which application threads were stopped: 0.0006410 seconds, Stopping threads took: 0.0000580 seconds
258.354: Application time: 0.1252040 seconds
258.354: [GC [PSYoungGen: 23376K->256K(23552K)] 33379K->10524K(56832K), 0.0005210 secs] [Times: user=0.01 sys=0.00, real=0.00 secs] 
258.355: Total time for which application threads were stopped: 0.0006530 seconds, Stopping threads took: 0.0000480 seconds
258.482: Application time: 0.1272530 seconds
258.482: [GC [PSYoungGen: 23296K->192K(23552K)] 33564K->10628K(56832K), 0.0005260 secs] [Times: user=0.01 sys=0.00, real=0.00 secs] 
258.483: Total time for which application threads were stopped: 0.0006750 seconds, Stopping threads took: 0.0000660 seconds
258.610: Application time: 0.1272090 seconds
258.610: [GC [PSYoungGen: 23232K->256K(23552K)] 33668K->10692K(56832K), 0.0004250 secs] [Times: user=0.01 sys=0.00, real=0.00 secs] 
258.610: Total time for which application threads were stopped: 0.0005770 seconds, Stopping threads took: 0.0000560 seconds
258.738: Application time: 0.1271030 seconds
258.738: [GC [PSYoungGen: 23296K->256K(23552K)] 33732K->10788K(56832K), 0.0004580 secs] [Times: user=0.00 sys=0.00, real=0.00 secs] 
258.738: Total time for which application threads were stopped: 0.0006120 seconds, Stopping threads took: 0.0000680 seconds
258.865: Application time: 0.1273270 seconds
258.866: [GC [PSYoungGen: 23296K->256K(23552K)] 33828K->10884K(56832K), 0.0004430 secs] [Times: user=0.00 sys=0.00, real=0.00 secs] 
258.866: Total time for which application threads were stopped: 0.0005900 seconds, Stopping threads took: 0.0000660 seconds
258.992: Application time: 0.1259070 seconds
258.992: [GC [PSYoungGen: 23296K->288K(23552K)] 33924K->10916K(56832K), 0.0004220 secs] [Times: user=0.00 sys=0.00, real=0.00 secs] 
258.993: Total time for which application threads were stopped: 0.0005620 seconds, Stopping threads took: 0.0000590 seconds
259.117: Application time: 0.1244760 seconds
259.117: [GC [PSYoungGen: 23328K->384K(23552K)] 33956K->11140K(56832K), 0.0004960 secs] [Times: user=0.00 sys=0.00, real=0.00 secs] 
259.118: Total time for which application threads were stopped: 0.0006410 seconds, Stopping threads took: 0.0000580 seconds
259.246: Application time: 0.1278470 seconds
259.246: [GC [PSYoungGen: 23424K->256K(23552K)] 34180K->11320K(56832K), 0.0005230 secs] [Times: user=0.00 sys=0.00, real=0.00 secs] 
259.246: Total time for which application threads were stopped: 0.0006580 seconds, Stopping threads took: 0.0000520 seconds
259.374: Application time: 0.1273540 seconds
259.374: [GC [PSYoungGen: 23296K->256K(23552K)] 34360K->11320K(56832K), 0.0004340 secs] [Times: user=0.00 sys=0.00, real=0.00 secs] 
259.374: Total time for which application threads were stopped: 0.0005830 seconds, Stopping threads took: 0.0000660 seconds
259.501: Application time: 0.1268410 seconds
259.501: [GC [PSYoungGen: 23296K->256K(23552K)] 34360K->11344K(56832K), 0.0004160 secs] [Times: user=0.00 sys=0.00, real=0.00 secs] 
259.502: Total time for which application threads were stopped: 0.0005520 seconds, Stopping threads took: 0.0000570 seconds
259.629: Application time: 0.1275260 seconds
259.629: [GC [PSYoungGen: 23296K->256K(23552K)] 34384K->11512K(56832K), 0.0004450 secs] [Times: user=0.00 sys=0.00, real=0.00 secs] 
259.630: Total time for which application threads were stopped: 0.0005940 seconds, Stopping threads took: 0.0000570 seconds
259.758: Application time: 0.1279320 seconds
259.758: [GC [PSYoungGen: 23296K->256K(23552K)] 34552K->11512K(56832K), 0.0004150 secs] [Times: user=0.01 sys=0.00, real=0.00 secs] 
259.758: Total time for which application threads were stopped: 0.0005530 seconds, Stopping threads took: 0.0000520 seconds
259.881: Application time: 0.1230180 seconds
259.881: [GC [PSYoungGen: 23296K->464K(23552K)] 34552K->11720K(56832K), 0.0004800 secs] [Times: user=0.01 sys=0.00, real=0.00 secs] 
259.882: Total time for which application threads were stopped: 0.0006150 seconds, Stopping threads took: 0.0000590 seconds
260.009: Application time: 0.1272880 seconds
260.009: [GC [PSYoungGen: 23504K->256K(23552K)] 34760K->11905K(56832K), 0.0005050 secs] [Times: user=0.00 sys=0.00, real=0.00 secs] 
260.010: Total time for which application threads were stopped: 0.0006380 seconds, Stopping threads took: 0.0000540 seconds
260.137: Application time: 0.1271550 seconds
260.137: [GC [PSYoungGen: 23296K->256K(23552K)] 34945K->11905K(56832K), 0.0004000 secs] [Times: user=0.00 sys=0.00, real=0.00 secs] 
260.137: Total time for which application threads were stopped: 0.0005480 seconds, Stopping threads took: 0.0000630 seconds
260.264: Application time: 0.1267330 seconds
260.264: [GC [PSYoungGen: 23296K->256K(23552K)] 34945K->11905K(56832K), 0.0004360 secs] [Times: user=0.01 sys=0.00, real=0.00 secs] 
260.265: Total time for which application threads were stopped: 0.0005850 seconds, Stopping threads took: 0.0000640 seconds
260.392: Application time: 0.1274250 seconds
260.392: [GC [PSYoungGen: 23296K->256K(23552K)] 34945K->12097K(56832K), 0.0004310 secs] [Times: user=0.00 sys=0.00, real=0.00 secs] 
260.393: Total time for which application threads were stopped: 0.0005780 seconds, Stopping threads took: 0.0000540 seconds
260.520: Application time: 0.1272720 seconds
260.520: [GC [PSYoungGen: 23296K->256K(23552K)] 35137K->12097K(56832K), 0.0004260 secs] [Times: user=0.00 sys=0.00, real=0.00 secs] 
260.521: Total time for which application threads were stopped: 0.0005820 seconds, Stopping threads took: 0.0000690 seconds
260.644: Application time: 0.1233690 seconds
260.644: [GC [PSYoungGen: 23296K->464K(23552K)] 35137K->12305K(56832K), 0.0004960 secs] [Times: user=0.00 sys=0.00, real=0.00 secs] 
260.645: Total time for which application threads were stopped: 0.0006430 seconds, Stopping threads took: 0.0000560 seconds
260.771: Application time: 0.1267820 seconds
260.775: [GC [PSYoungGen: 23504K->256K(23552K)] 35345K->12433K(56832K), 0.0005400 secs] [Times: user=0.00 sys=0.00, real=0.00 secs] 
260.776: Total time for which application threads were stopped: 0.0045130 seconds, Stopping threads took: 0.0038890 seconds
260.903: Application time: 0.1275380 seconds
260.904: [GC [PSYoungGen: 23296K->256K(23552K)] 35473K->12497K(56832K), 0.0004210 secs] [Times: user=0.00 sys=0.00, real=0.00 secs] 
260.904: Total time for which application threads were stopped: 0.0005640 seconds, Stopping threads took: 0.0000590 seconds
261.031: Application time: 0.1269330 seconds
261.031: [GC [PSYoungGen: 23296K->256K(23552K)] 35537K->12497K(56832K), 0.0004180 secs] [Times: user=0.00 sys=0.00, real=0.00 secs] 
261.032: Total time for which application threads were stopped: 0.0005560 seconds, Stopping threads took: 0.0000600 seconds
261.159: Application time: 0.1279590 seconds
261.163: [GC [PSYoungGen: 23296K->256K(23552K)] 35537K->12641K(56832K), 0.0004670 secs] [Times: user=0.00 sys=0.00, real=0.00 secs] 
261.164: Total time for which application threads were stopped: 0.0043730 seconds, Stopping threads took: 0.0038110 seconds
261.291: Application time: 0.1273910 seconds
261.291: [GC [PSYoungGen: 23296K->256K(23552K)] 35681K->12689K(56832K), 0.0003990 secs] [Times: user=0.00 sys=0.00, real=0.00 secs] 
261.292: Total time for which application threads were stopped: 0.0005440 seconds, Stopping threads took: 0.0000650 seconds
261.416: Application time: 0.1242170 seconds
261.416: [GC [PSYoungGen: 23296K->400K(23552K)] 35729K->12833K(56832K), 0.0005220 secs] [Times: user=0.01 sys=0.00, real=0.00 secs] 
261.417: Total time for which application threads were stopped: 0.0006760 seconds, Stopping threads took: 0.0000700 seconds
261.543: Application time: 0.1258850 seconds
261.543: [GC [PSYoungGen: 23440K->256K(23552K)] 35873K->12986K(56832K), 0.0005330 secs] [Times: user=0.01 sys=0.00, real=0.00 secs] 
261.543: Total time for which application threads were stopped: 0.0006890 seconds, Stopping threads took: 0.0000680 seconds
261.671: Application time: 0.1275050 seconds
261.671: [GC [PSYoungGen: 23296K->256K(23552K)] 36026K->13122K(56832K), 0.0004170 secs] [Times: user=0.00 sys=0.00, real=0.00 secs] 
261.671: Total time for which application threads were stopped: 0.0005660 seconds, Stopping threads took: 0.0000600 seconds
261.799: Application time: 0.1272900 seconds
261.799: [GC [PSYoungGen: 23296K->256K(23552K)] 36162K->13122K(56832K), 0.0004500 secs] [Times: user=0.00 sys=0.00, real=0.00 secs] 
261.799: Total time for which application threads were stopped: 0.0005890 seconds, Stopping threads took: 0.0000560 seconds
261.927: Application time: 0.1278390 seconds
261.927: [GC [PSYoungGen: 23296K->256K(23552K)] 36162K->13258K(56832K), 0.0004740 secs] [Times: user=0.00 sys=0.00, real=0.01 secs] 
261.928: Total time for which application threads were stopped: 0.0006200 seconds, Stopping threads took: 0.0000670 seconds
262.055: Application time: 0.1275560 seconds
262.055: [GC [PSYoungGen: 23296K->192K(23552K)] 36298K->13242K(56832K), 0.0004870 secs] [Times: user=0.00 sys=0.00, real=0.00 secs] 
262.056: Total time for which application threads were stopped: 0.0006290 seconds, Stopping threads took: 0.0000610 seconds
262.180: Application time: 0.1241140 seconds
262.183: [GC [PSYoungGen: 23232K->368K(23552K)] 36282K->13418K(56832K), 0.0005250 secs] [Times: user=0.00 sys=0.00, real=0.00 secs] 
262.184: Total time for which application threads were stopped: 0.0039380 seconds, Stopping threads took: 0.0033210 seconds
262.310: Application time: 0.1262580 seconds
262.310: [GC [PSYoungGen: 23408K->272K(23552K)] 36458K->13610K(56832K), 0.0005320 secs] [Times: user=0.00 sys=0.00, real=0.00 secs] 
262.311: Total time for which application threads were stopped: 0.0006780 seconds, Stopping threads took: 0.0000670 seconds
262.438: Application time: 0.1274610 seconds
262.438: [GC [PSYoungGen: 23312K->256K(23552K)] 36650K->13714K(56832K), 0.0004480 secs] [Times: user=0.00 sys=0.00, real=0.00 secs] 
262.439: Total time for which application threads were stopped: 0.0005940 seconds, Stopping threads took: 0.0000620 seconds
262.566: Application time: 0.1267990 seconds
262.566: [GC [PSYoungGen: 23296K->256K(23552K)] 36754K->13714K(56832K), 0.0004760 secs] [Times: user=0.00 sys=0.00, real=0.00 secs] 
262.566: Total time for which application threads were stopped: 0.0006250 seconds, Stopping threads took: 0.0000620 seconds
262.693: Application time: 0.1269620 seconds
262.693: [GC [PSYoungGen: 23296K->256K(23552K)] 36754K->13834K(56832K), 0.0004540 secs] [Times: user=0.00 sys=0.00, real=0.00 secs] 
262.695: Total time for which application threads were stopped: 0.0016710 seconds, Stopping threads took: 0.0000530 seconds
262.822: Application time: 0.1273930 seconds
262.823: [GC [PSYoungGen: 23296K->256K(23552K)] 36874K->13906K(56832K), 0.0004630 secs] [Times: user=0.00 sys=0.00, real=0.00 secs] 
262.823: Total time for which application threads were stopped: 0.0006330 seconds, Stopping threads took: 0.0000770 seconds
262.948: Application time: 0.1249120 seconds
262.948: [GC [PSYoungGen: 23296K->384K(23552K)] 36946K->14034K(56832K), 0.0004760 secs] [Times: user=0.00 sys=0.00, real=0.00 secs] 
262.949: Total time for which application threads were stopped: 0.0006220 seconds, Stopping threads took: 0.0000650 seconds
263.074: Application time: 0.1255420 seconds
263.074: [GC [PSYoungGen: 23424K->304K(23552K)] 37074K->14215K(56832K), 0.0005340 secs] [Times: user=0.01 sys=0.00, real=0.00 secs] 
263.075: Total time for which application threads were stopped: 0.0006820 seconds, Stopping threads took: 0.0000600 seconds
263.202: Application time: 0.1275910 seconds
263.202: [GC [PSYoungGen: 23344K->192K(23552K)] 37255K->14255K(56832K), 0.0005380 secs] [Times: user=0.00 sys=0.00, real=0.00 secs] 
263.203: Total time for which application threads were stopped: 0.0006870 seconds, Stopping threads took: 0.0000590 seconds
263.330: Application time: 0.1269870 seconds
263.330: [GC [PSYoungGen: 23232K->256K(23552K)] 37295K->14319K(56832K), 0.0004040 secs] [Times: user=0.00 sys=0.00, real=0.00 secs] 
263.331: Total time for which application threads were stopped: 0.0005360 seconds, Stopping threads took: 0.0000530 seconds
263.458: Application time: 0.1270980 seconds
263.458: [GC [PSYoungGen: 23296K->256K(23552K)] 37359K->14439K(56832K), 0.0004550 secs] [Times: user=0.00 sys=0.00, real=0.00 secs] 
263.458: Total time for which application threads were stopped: 0.0006030 seconds, Stopping threads took: 0.0000620 seconds
263.585: Application time: 0.1265300 seconds
263.585: [GC [PSYoungGen: 23296K->224K(23552K)] 37479K->14479K(56832K), 0.0004190 secs] [Times: user=0.00 sys=0.00, real=0.00 secs] 
263.585: Total time for which application threads were stopped: 0.0005670 seconds, Stopping threads took: 0.0000660 seconds
263.710: Application time: 0.1243370 seconds
263.710: [GC [PSYoungGen: 23264K->336K(23552K)] 37519K->14591K(56832K), 0.0004600 secs] [Times: user=0.00 sys=0.00, real=0.00 secs] 
263.710: Total time for which application threads were stopped: 0.0006020 seconds, Stopping threads took: 0.0000530 seconds
263.836: Application time: 0.1256430 seconds
263.836: [GC [PSYoungGen: 23376K->256K(23552K)] 37631K->14767K(56832K), 0.0005190 secs] [Times: user=0.00 sys=0.00, real=0.00 secs] 
263.837: Total time for which application threads were stopped: 0.0006920 seconds, Stopping threads took: 0.0000830 seconds
263.965: Application time: 0.1278990 seconds
263.965: [GC [PSYoungGen: 23296K->192K(23552K)] 37807K->14863K(56832K), 0.0005270 secs] [Times: user=0.00 sys=0.00, real=0.00 secs] 
263.965: Total time for which application threads were stopped: 0.0006920 seconds, Stopping threads took: 0.0000800 seconds
264.092: Application time: 0.1266820 seconds
264.092: [GC [PSYoungGen: 23232K->272K(23552K)] 37903K->14943K(56832K), 0.0004320 secs] [Times: user=0.01 sys=0.00, real=0.00 secs] 
264.093: Total time for which application threads were stopped: 0.0005850 seconds, Stopping threads took: 0.0000680 seconds
264.220: Application time: 0.1274570 seconds
264.220: [GC [PSYoungGen: 23312K->256K(23552K)] 37983K->15047K(56832K), 0.0004690 secs] [Times: user=0.00 sys=0.00, real=0.00 secs] 
264.221: Total time for which application threads were stopped: 0.0006520 seconds, Stopping threads took: 0.0000860 seconds
264.348: Application time: 0.1273330 seconds
264.348: [GC [PSYoungGen: 23296K->256K(23552K)] 38087K->15119K(56832K), 0.0004250 secs] [Times: user=0.00 sys=0.00, real=0.00 secs] 
264.349: Total time for which application threads were stopped: 0.0005720 seconds, Stopping threads took: 0.0000630 seconds
264.474: Application time: 0.1257660 seconds
264.474: [GC [PSYoungGen: 23296K->288K(23552K)] 38159K->15151K(56832K), 0.0005150 secs] [Times: user=0.00 sys=0.00, real=0.00 secs] 
264.475: Total time for which application threads were stopped: 0.0006490 seconds, Stopping threads took: 0.0000530 seconds
264.600: Application time: 0.1251600 seconds
264.600: [GC [PSYoungGen: 23328K->320K(23552K)] 38191K->15384K(56832K), 0.0005130 secs] [Times: user=0.00 sys=0.00, real=0.00 secs] 
264.601: Total time for which application threads were stopped: 0.0006530 seconds, Stopping threads took: 0.0000590 seconds
264.729: Application time: 0.1277460 seconds
264.729: [GC [PSYoungGen: 23360K->256K(23552K)] 38424K->15556K(56832K), 0.0004480 secs] [Times: user=0.00 sys=0.00, real=0.00 secs] 
264.729: Total time for which application threads were stopped: 0.0005940 seconds, Stopping threads took: 0.0000550 seconds
264.860: Application time: 0.1307520 seconds
264.860: [GC [PSYoungGen: 23296K->256K(23552K)] 38596K->15556K(56832K), 0.0004640 secs] [Times: user=0.00 sys=0.00, real=0.00 secs] 
264.860: Total time for which application threads were stopped: 0.0006150 seconds, Stopping threads took: 0.0000710 seconds
264.999: Application time: 0.1388970 seconds
265.000: [GC [PSYoungGen: 23296K->256K(23552K)] 38596K->15604K(56832K), 0.0004710 secs] [Times: user=0.00 sys=0.00, real=0.00 secs] 
265.000: Total time for which application threads were stopped: 0.0006130 seconds, Stopping threads took: 0.0000590 seconds
265.141: Application time: 0.1405870 seconds
265.141: [GC [PSYoungGen: 23296K->224K(23552K)] 38644K->15716K(56832K), 0.0004590 secs] [Times: user=0.00 sys=0.00, real=0.00 secs] 
265.141: Total time for which application threads were stopped: 0.0006050 seconds, Stopping threads took: 0.0000670 seconds
265.281: Application time: 0.1393150 seconds
265.281: [GC [PSYoungGen: 23264K->256K(23552K)] 38756K->15748K(56832K), 0.0004470 secs] [Times: user=0.00 sys=0.00, real=0.00 secs] 
265.281: Total time for which application threads were stopped: 0.0006100 seconds, Stopping threads took: 0.0000650 seconds
265.417: Application time: 0.1357580 seconds
265.417: [GC [PSYoungGen: 23296K->464K(23552K)] 38788K->16012K(56832K), 0.0005130 secs] [Times: user=0.01 sys=0.00, real=0.00 secs] 
265.418: Total time for which application threads were stopped: 0.0006460 seconds, Stopping threads took: 0.0000520 seconds
265.558: Application time: 0.1399720 seconds
265.558: [GC [PSYoungGen: 23504K->256K(23552K)] 39052K->16164K(56832K), 0.0005570 secs] [Times: user=0.00 sys=0.00, real=0.00 secs] 
265.558: Total time for which application threads were stopped: 0.0006970 seconds, Stopping threads took: 0.0000550 seconds
265.698: Application time: 0.1401110 seconds
265.698: [GC [PSYoungGen: 23296K->256K(23552K)] 39204K->16164K(56832K), 0.0004510 secs] [Times: user=0.00 sys=0.00, real=0.00 secs] 
265.699: Total time for which application threads were stopped: 0.0006060 seconds, Stopping threads took: 0.0000690 seconds
265.838: Application time: 0.1393670 seconds
265.838: [GC [PSYoungGen: 23296K->256K(23552K)] 39204K->16164K(56832K), 0.0004630 secs] [Times: user=0.00 sys=0.00, real=0.00 secs] 
265.839: Total time for which application threads were stopped: 0.0006060 seconds, Stopping threads took: 0.0000520 seconds
265.979: Application time: 0.1403510 seconds
265.979: [GC [PSYoungGen: 23296K->256K(23552K)] 39204K->16356K(56832K), 0.0004770 secs] [Times: user=0.00 sys=0.00, real=0.00 secs] 
265.980: Total time for which application threads were stopped: 0.0006250 seconds, Stopping threads took: 0.0000620 seconds
266.120: Application time: 0.1400250 seconds
266.120: [GC [PSYoungGen: 23296K->256K(23552K)] 39396K->16356K(56832K), 0.0004360 secs] [Times: user=0.00 sys=0.00, real=0.00 secs] 
266.120: Total time for which application threads were stopped: 0.0005800 seconds, Stopping threads took: 0.0000570 seconds
266.256: Application time: 0.1355290 seconds
266.256: [GC [PSYoungGen: 23296K->416K(23552K)] 39396K->16516K(56832K), 0.0005500 secs] [Times: user=0.00 sys=0.00, real=0.00 secs] 
266.257: Total time for which application threads were stopped: 0.0006940 seconds, Stopping threads took: 0.0000590 seconds
266.397: Application time: 0.1398310 seconds
266.397: [GC [PSYoungGen: 23456K->256K(23552K)] 39556K->16705K(56832K), 0.0005400 secs] [Times: user=0.00 sys=0.00, real=0.00 secs] 
266.397: Total time for which application threads were stopped: 0.0006990 seconds, Stopping threads took: 0.0000610 seconds
266.537: Application time: 0.1400130 seconds
266.537: [GC [PSYoungGen: 23296K->256K(23552K)] 39745K->16777K(56832K), 0.0004360 secs] [Times: user=0.00 sys=0.00, real=0.00 secs] 
266.538: Total time for which application threads were stopped: 0.0005830 seconds, Stopping threads took: 0.0000580 seconds
266.677: Application time: 0.1389330 seconds
266.677: [GC [PSYoungGen: 23296K->256K(23552K)] 39817K->16777K(56832K), 0.0004730 secs] [Times: user=0.00 sys=0.00, real=0.00 secs] 
266.677: Total time for which application threads were stopped: 0.0006090 seconds, Stopping threads took: 0.0000550 seconds
266.817: Application time: 0.1400060 seconds
266.818: [GC [PSYoungGen: 23296K->256K(23552K)] 39817K->16945K(56832K), 0.0005740 secs] [Times: user=0.00 sys=0.00, real=0.00 secs] 
266.818: Total time for which application threads were stopped: 0.0007130 seconds, Stopping threads took: 0.0000560 seconds
266.959: Application time: 0.1403900 seconds
266.959: [GC [PSYoungGen: 23296K->256K(23552K)] 39985K->16969K(56832K), 0.0004360 secs] [Times: user=0.00 sys=0.00, real=0.00 secs] 
266.959: Total time for which application threads were stopped: 0.0005940 seconds, Stopping threads took: 0.0000610 seconds
267.095: Application time: 0.1362920 seconds
267.096: [GC [PSYoungGen: 23296K->416K(23552K)] 40009K->17129K(56832K), 0.0005580 secs] [Times: user=0.00 sys=0.00, real=0.00 secs] 
267.096: Total time for which application threads were stopped: 0.0007000 seconds, Stopping threads took: 0.0000590 seconds
267.235: Application time: 0.1390640 seconds
267.235: [GC [PSYoungGen: 23456K->256K(23552K)] 40169K->17273K(56832K), 0.0005960 secs] [Times: user=0.00 sys=0.00, real=0.00 secs] 
267.236: Total time for which application threads were stopped: 0.0007460 seconds, Stopping threads took: 0.0000610 seconds
267.376: Application time: 0.1398870 seconds
267.376: [GC [PSYoungGen: 23296K->256K(23552K)] 40313K->17393K(56832K), 0.0004610 secs] [Times: user=0.01 sys=0.00, real=0.00 secs] 
267.376: Total time for which application threads were stopped: 0.0006160 seconds, Stopping threads took: 0.0000690 seconds
267.515: Application time: 0.1390380 seconds
267.516: [GC [PSYoungGen: 23296K->256K(23552K)] 40433K->17393K(56832K), 0.0004930 secs] [Times: user=0.00 sys=0.00, real=0.00 secs] 
267.516: Total time for which application threads were stopped: 0.0006520 seconds, Stopping threads took: 0.0000590 seconds
267.656: Application time: 0.1401600 seconds
267.656: [GC [PSYoungGen: 23296K->256K(23552K)] 40433K->17537K(56832K), 0.0004760 secs] [Times: user=0.00 sys=0.00, real=0.00 secs] 
267.657: Total time for which application threads were stopped: 0.0006250 seconds, Stopping threads took: 0.0000650 seconds
267.797: Application time: 0.1400100 seconds
267.797: [GC [PSYoungGen: 23296K->256K(23552K)] 40577K->17585K(56832K), 0.0004250 secs] [Times: user=0.00 sys=0.00, real=0.00 secs] 
267.799: Total time for which application threads were stopped: 0.0016170 seconds, Stopping threads took: 0.0000580 seconds
267.935: Application time: 0.1368770 seconds
267.936: [GC [PSYoungGen: 23296K->400K(23552K)] 40625K->17729K(56832K), 0.0005450 secs] [Times: user=0.00 sys=0.00, real=0.00 secs] 
267.936: Total time for which application threads were stopped: 0.0007110 seconds, Stopping threads took: 0.0000790 seconds
268.075: Application time: 0.1389320 seconds
268.075: [GC [PSYoungGen: 23440K->256K(23552K)] 40769K->17878K(56832K), 0.0005850 secs] [Times: user=0.00 sys=0.00, real=0.01 secs] 
268.076: Total time for which application threads were stopped: 0.0007470 seconds, Stopping threads took: 0.0000680 seconds
268.216: Application time: 0.1401570 seconds
268.216: [GC [PSYoungGen: 23296K->256K(23552K)] 40918K->18006K(56832K), 0.0004550 secs] [Times: user=0.01 sys=0.00, real=0.00 secs] 
268.217: Total time for which application threads were stopped: 0.0006070 seconds, Stopping threads took: 0.0000700 seconds
268.356: Application time: 0.1395850 seconds
268.356: [GC [PSYoungGen: 23296K->256K(23552K)] 41046K->18006K(56832K), 0.0004790 secs] [Times: user=0.00 sys=0.00, real=0.00 secs] 
268.357: Total time for which application threads were stopped: 0.0006370 seconds, Stopping threads took: 0.0000690 seconds
268.497: Application time: 0.1403580 seconds
268.497: [GC [PSYoungGen: 23296K->224K(23552K)] 41046K->18110K(56832K), 0.0004810 secs] [Times: user=0.00 sys=0.00, real=0.00 secs] 
268.498: Total time for which application threads were stopped: 0.0006270 seconds, Stopping threads took: 0.0000640 seconds
268.637: Application time: 0.1391840 seconds
268.637: [GC [PSYoungGen: 23264K->224K(23552K)] 41150K->18158K(56832K), 0.0004920 secs] [Times: user=0.00 sys=0.00, real=0.00 secs] 
268.638: Total time for which application threads were stopped: 0.0006560 seconds, Stopping threads took: 0.0000690 seconds
268.775: Application time: 0.1373540 seconds
268.775: [GC [PSYoungGen: 23264K->320K(23552K)] 41198K->18254K(56832K), 0.0005110 secs] [Times: user=0.00 sys=0.00, real=0.01 secs] 
268.776: Total time for which application threads were stopped: 0.0006710 seconds, Stopping threads took: 0.0000760 seconds
268.906: Application time: 0.1302310 seconds
268.906: [GC [PSYoungGen: 23360K->288K(23552K)] 41294K->18482K(56832K), 0.0005400 secs] [Times: user=0.01 sys=0.00, real=0.00 secs] 
268.907: Total time for which application threads were stopped: 0.0006890 seconds, Stopping threads took: 0.0000650 seconds
269.034: Application time: 0.1272910 seconds
269.034: [GC [PSYoungGen: 23328K->256K(23552K)] 41522K->18626K(56832K), 0.0004190 secs] [Times: user=0.01 sys=0.00, real=0.00 secs] 
269.034: Total time for which application threads were stopped: 0.0005630 seconds, Stopping threads took: 0.0000640 seconds
269.162: Application time: 0.1270710 seconds
269.162: [GC [PSYoungGen: 23296K->256K(23552K)] 41666K->18626K(56832K), 0.0004300 secs] [Times: user=0.00 sys=0.00, real=0.00 secs] 
269.162: Total time for which application threads were stopped: 0.0006110 seconds, Stopping threads took: 0.0000890 seconds
269.289: Application time: 0.1270470 seconds
269.289: [GC [PSYoungGen: 23296K->256K(23552K)] 41666K->18746K(56832K), 0.0004600 secs] [Times: user=0.00 sys=0.00, real=0.00 secs] 
269.290: Total time for which application threads were stopped: 0.0006210 seconds, Stopping threads took: 0.0000800 seconds
269.417: Application time: 0.1273190 seconds
269.417: [GC [PSYoungGen: 23296K->256K(23552K)] 41786K->18818K(56832K), 0.0004480 secs] [Times: user=0.00 sys=0.00, real=0.00 secs] 
269.418: Total time for which application threads were stopped: 0.0005940 seconds, Stopping threads took: 0.0000560 seconds
269.542: Application time: 0.1244610 seconds
269.542: [GC [PSYoungGen: 23296K->384K(23552K)] 41858K->18946K(56832K), 0.0004600 secs] [Times: user=0.00 sys=0.00, real=0.00 secs] 
269.543: Total time for which application threads were stopped: 0.0005880 seconds, Stopping threads took: 0.0000500 seconds
269.669: Application time: 0.1261890 seconds
269.669: [GC [PSYoungGen: 23424K->256K(23552K)] 41986K->19071K(56832K), 0.0005340 secs] [Times: user=0.00 sys=0.00, real=0.00 secs] 
269.670: Total time for which application threads were stopped: 0.0007140 seconds, Stopping threads took: 0.0000910 seconds
269.797: Application time: 0.1272980 seconds
269.797: [GC [PSYoungGen: 23296K->256K(23552K)] 42111K->19231K(56832K), 0.0004520 secs] [Times: user=0.00 sys=0.00, real=0.00 secs] 
269.798: Total time for which application threads were stopped: 0.0005940 seconds, Stopping threads took: 0.0000590 seconds
269.925: Application time: 0.1272510 seconds
269.925: [GC [PSYoungGen: 23296K->256K(23552K)] 42271K->19231K(56832K), 0.0004930 secs] [Times: user=0.00 sys=0.00, real=0.00 secs] 
269.925: Total time for which application threads were stopped: 0.0006260 seconds, Stopping threads took: 0.0000520 seconds
270.053: Application time: 0.1274960 seconds
270.053: [GC [PSYoungGen: 23296K->256K(23552K)] 42271K->19351K(56832K), 0.0004430 secs] [Times: user=0.00 sys=0.00, real=0.00 secs] 
270.054: Total time for which application threads were stopped: 0.0005860 seconds, Stopping threads took: 0.0000550 seconds
270.181: Application time: 0.1275430 seconds
270.181: [GC [PSYoungGen: 23296K->256K(23552K)] 42391K->19423K(56832K), 0.0004120 secs] [Times: user=0.01 sys=0.00, real=0.00 secs] 
270.182: Total time for which application threads were stopped: 0.0005570 seconds, Stopping threads took: 0.0000550 seconds
270.306: Application time: 0.1247860 seconds
270.307: [GC [PSYoungGen: 23296K->352K(23552K)] 42463K->19519K(56832K), 0.0004300 secs] [Times: user=0.00 sys=0.00, real=0.00 secs] 
270.307: Total time for which application threads were stopped: 0.0005710 seconds, Stopping threads took: 0.0000560 seconds
270.432: Application time: 0.1254290 seconds
270.433: [GC [PSYoungGen: 23392K->272K(23552K)] 42559K->19651K(56832K), 0.0005700 secs] [Times: user=0.00 sys=0.00, real=0.00 secs] 
270.433: Total time for which application threads were stopped: 0.0007090 seconds, Stopping threads took: 0.0000530 seconds
270.561: Application time: 0.1273880 seconds
270.561: [GC [PSYoungGen: 23312K->256K(23552K)] 42691K->19855K(56832K), 0.0004560 secs] [Times: user=0.01 sys=0.00, real=0.00 secs] 
270.561: Total time for which application threads were stopped: 0.0006040 seconds, Stopping threads took: 0.0000670 seconds
270.688: Application time: 0.1270620 seconds
270.688: [GC [PSYoungGen: 23296K->256K(23552K)] 42895K->19855K(56832K), 0.0004060 secs] [Times: user=0.00 sys=0.00, real=0.00 secs] 
270.689: Total time for which application threads were stopped: 0.0005510 seconds, Stopping threads took: 0.0000520 seconds
270.816: Application time: 0.1272080 seconds
270.816: [GC [PSYoungGen: 23296K->256K(23552K)] 42895K->19903K(56832K), 0.0004370 secs] [Times: user=0.00 sys=0.00, real=0.00 secs] 
270.817: Total time for which application threads were stopped: 0.0005770 seconds, Stopping threads took: 0.0000580 seconds
270.945: Application time: 0.1280900 seconds
270.945: [GC [PSYoungGen: 23296K->224K(23552K)] 42943K->20015K(56832K), 0.0004730 secs] [Times: user=0.00 sys=0.00, real=0.00 secs] 
270.945: Total time for which application threads were stopped: 0.0006090 seconds, Stopping threads took: 0.0000540 seconds
271.072: Application time: 0.1264390 seconds
271.072: [GC [PSYoungGen: 23264K->224K(23552K)] 43055K->20015K(56832K), 0.0004480 secs] [Times: user=0.00 sys=0.00, real=0.00 secs] 
271.072: Total time for which application threads were stopped: 0.0005970 seconds, Stopping threads took: 0.0000720 seconds
271.196: Application time: 0.1240930 seconds
271.197: [GC [PSYoungGen: 23264K->448K(23552K)] 43055K->20296K(56832K), 0.0005220 secs] [Times: user=0.00 sys=0.00, real=0.00 secs] 
271.197: Total time for which application threads were stopped: 0.0006780 seconds, Stopping threads took: 0.0000650 seconds
271.324: Application time: 0.1272870 seconds
271.324: [GC [PSYoungGen: 23488K->256K(23552K)] 43336K->20440K(56832K), 0.0005180 secs] [Times: user=0.00 sys=0.00, real=0.00 secs] 
271.325: Total time for which application threads were stopped: 0.0006550 seconds, Stopping threads took: 0.0000560 seconds
271.452: Application time: 0.1273060 seconds
271.452: [GC [PSYoungGen: 23296K->256K(23552K)] 43480K->20440K(56832K), 0.0004230 secs] [Times: user=0.00 sys=0.00, real=0.00 secs] 
271.453: Total time for which application threads were stopped: 0.0005590 seconds, Stopping threads took: 0.0000540 seconds
271.579: Application time: 0.1264090 seconds
271.579: [GC [PSYoungGen: 23296K->224K(23552K)] 43480K->20432K(56832K), 0.0004830 secs] [Times: user=0.00 sys=0.00, real=0.00 secs] 
271.580: Total time for which application threads were stopped: 0.0006220 seconds, Stopping threads took: 0.0000570 seconds
271.707: Application time: 0.1271420 seconds
271.707: [GC [PSYoungGen: 23264K->256K(23552K)] 43472K->20632K(56832K), 0.0004780 secs] [Times: user=0.00 sys=0.00, real=0.01 secs] 
271.708: Total time for which application threads were stopped: 0.0006320 seconds, Stopping threads took: 0.0000540 seconds
271.835: Application time: 0.1272740 seconds
271.835: [GC [PSYoungGen: 23296K->192K(23552K)] 43672K->20568K(56832K), 0.0004370 secs] [Times: user=0.00 sys=0.00, real=0.01 secs] 
271.836: Total time for which application threads were stopped: 0.0005810 seconds, Stopping threads took: 0.0000640 seconds
271.959: Application time: 0.1235070 seconds
271.959: [GC [PSYoungGen: 23232K->448K(23552K)] 43608K->20824K(56832K), 0.0005190 secs] [Times: user=0.00 sys=0.00, real=0.00 secs] 
271.960: Total time for which application threads were stopped: 0.0006620 seconds, Stopping threads took: 0.0000600 seconds
272.086: Application time: 0.1266820 seconds
272.087: [GC [PSYoungGen: 23488K->256K(23552K)] 43864K->20968K(56832K), 0.0005300 secs] [Times: user=0.01 sys=0.00, real=0.00 secs] 
272.087: Total time for which application threads were stopped: 0.0006820 seconds, Stopping threads took: 0.0000730 seconds
272.215: Application time: 0.1274890 seconds
272.215: [GC [PSYoungGen: 23296K->256K(23552K)] 44008K->21032K(56832K), 0.0004590 secs] [Times: user=0.00 sys=0.00, real=0.00 secs] 
272.215: Total time for which application threads were stopped: 0.0006100 seconds, Stopping threads took: 0.0000580 seconds
272.342: Application time: 0.1263440 seconds
272.342: [GC [PSYoungGen: 23296K->256K(23552K)] 44072K->21032K(56832K), 0.0004300 secs] [Times: user=0.00 sys=0.00, real=0.00 secs] 
272.342: Total time for which application threads were stopped: 0.0005680 seconds, Stopping threads took: 0.0000610 seconds
272.470: Application time: 0.1276980 seconds
272.470: [GC [PSYoungGen: 23296K->256K(23552K)] 44072K->21200K(56832K), 0.0004540 secs] [Times: user=0.00 sys=0.00, real=0.00 secs] 
272.470: Total time for which application threads were stopped: 0.0005900 seconds, Stopping threads took: 0.0000560 seconds
272.598: Application time: 0.1275070 seconds
272.598: [GC [PSYoungGen: 23296K->256K(23552K)] 44240K->21224K(56832K), 0.0004150 secs] [Times: user=0.00 sys=0.00, real=0.00 secs] 
272.598: Total time for which application threads were stopped: 0.0005530 seconds, Stopping threads took: 0.0000550 seconds
272.722: Application time: 0.1232580 seconds
272.722: [GC [PSYoungGen: 23296K->400K(23552K)] 44264K->21369K(56832K), 0.0005050 secs] [Times: user=0.00 sys=0.00, real=0.00 secs] 
272.722: Total time for which application threads were stopped: 0.0006510 seconds, Stopping threads took: 0.0000570 seconds
272.849: Application time: 0.1264580 seconds
272.849: [GC [PSYoungGen: 23440K->224K(23552K)] 44409K->21473K(56832K), 0.0005690 secs] [Times: user=0.01 sys=0.00, real=0.00 secs] 
272.850: Total time for which application threads were stopped: 0.0016660 seconds, Stopping threads took: 0.0000580 seconds
272.978: Application time: 0.1278670 seconds
272.978: [GC [PSYoungGen: 23264K->256K(23552K)] 44513K->21633K(56832K), 0.0005350 secs] [Times: user=0.00 sys=0.00, real=0.00 secs] 
272.979: Total time for which application threads were stopped: 0.0006820 seconds, Stopping threads took: 0.0000640 seconds
273.106: Application time: 0.1273890 seconds
273.107: [GC [PSYoungGen: 23296K->256K(23552K)] 44673K->21633K(56832K), 0.0004240 secs] [Times: user=0.00 sys=0.00, real=0.00 secs] 
273.107: Total time for which application threads were stopped: 0.0005680 seconds, Stopping threads took: 0.0000650 seconds
273.234: Application time: 0.1268940 seconds
273.234: [GC [PSYoungGen: 23296K->256K(23552K)] 44673K->21777K(56832K), 0.0004630 secs] [Times: user=0.00 sys=0.00, real=0.00 secs] 
273.235: Total time for which application threads were stopped: 0.0006150 seconds, Stopping threads took: 0.0000610 seconds
273.362: Application time: 0.1276350 seconds
273.362: [GC [PSYoungGen: 23296K->256K(23552K)] 44817K->21825K(56832K), 0.0004700 secs] [Times: user=0.00 sys=0.00, real=0.00 secs] 
273.363: Total time for which application threads were stopped: 0.0006220 seconds, Stopping threads took: 0.0000650 seconds
273.486: Application time: 0.1234760 seconds
273.486: [GC [PSYoungGen: 23296K->352K(23552K)] 44865K->21921K(56832K), 0.0005400 secs] [Times: user=0.01 sys=0.00, real=0.00 secs] 
273.487: Total time for which application threads were stopped: 0.0006760 seconds, Stopping threads took: 0.0000530 seconds
273.614: Application time: 0.1266650 seconds
273.614: [GC [PSYoungGen: 23392K->288K(23552K)] 44961K->22157K(56832K), 0.0005120 secs] [Times: user=0.00 sys=0.00, real=0.00 secs] 
273.614: Total time for which application threads were stopped: 0.0006420 seconds, Stopping threads took: 0.0000530 seconds
273.742: Application time: 0.1281630 seconds
273.743: [GC [PSYoungGen: 23328K->256K(23552K)] 45197K->22253K(56832K), 0.0004520 secs] [Times: user=0.01 sys=0.00, real=0.00 secs] 
273.743: Total time for which application threads were stopped: 0.0006260 seconds, Stopping threads took: 0.0000790 seconds
273.870: Application time: 0.1274450 seconds
273.871: [GC [PSYoungGen: 23296K->240K(23552K)] 45293K->22237K(56832K), 0.0004880 secs] [Times: user=0.00 sys=0.00, real=0.00 secs] 
273.871: Total time for which application threads were stopped: 0.0006380 seconds, Stopping threads took: 0.0000700 seconds
273.998: Application time: 0.1270140 seconds
273.998: [GC [PSYoungGen: 23280K->224K(23552K)] 45277K->22357K(56832K), 0.0005220 secs] [Times: user=0.00 sys=0.00, real=0.00 secs] 
273.999: Total time for which application threads were stopped: 0.0006590 seconds, Stopping threads took: 0.0000560 seconds
274.126: Application time: 0.1275870 seconds
274.127: [GC [PSYoungGen: 23264K->256K(23552K)] 45397K->22438K(56832K), 0.0004320 secs] [Times: user=0.00 sys=0.00, real=0.00 secs] 
274.127: Total time for which application threads were stopped: 0.0005810 seconds, Stopping threads took: 0.0000680 seconds
274.252: Application time: 0.1252070 seconds
274.252: [GC [PSYoungGen: 23296K->352K(23552K)] 45478K->22534K(56832K), 0.0004940 secs] [Times: user=0.00 sys=0.00, real=0.00 secs] 
274.253: Total time for which application threads were stopped: 0.0006440 seconds, Stopping threads took: 0.0000540 seconds
274.378: Application time: 0.1256810 seconds
274.379: [GC [PSYoungGen: 23392K->272K(23552K)] 45574K->22714K(56832K), 0.0005520 secs] [Times: user=0.00 sys=0.00, real=0.00 secs] 
274.380: Total time for which application threads were stopped: 0.0014610 seconds, Stopping threads took: 0.0008270 seconds
274.507: Application time: 0.1272940 seconds
274.507: [GC [PSYoungGen: 23312K->256K(23552K)] 45754K->22866K(56832K), 0.0004820 secs] [Times: user=0.00 sys=0.00, real=0.00 secs] 
274.508: Total time for which application threads were stopped: 0.0006480 seconds, Stopping threads took: 0.0000810 seconds
274.635: Application time: 0.1268240 seconds
274.635: [GC [PSYoungGen: 23296K->224K(23552K)] 45906K->22834K(56832K), 0.0004680 secs] [Times: user=0.00 sys=0.00, real=0.01 secs] 
274.635: Total time for which application threads were stopped: 0.0006080 seconds, Stopping threads took: 0.0000590 seconds
274.762: Application time: 0.1262120 seconds
274.762: [GC [PSYoungGen: 23264K->256K(23552K)] 45874K->22986K(56832K), 0.0004960 secs] [Times: user=0.00 sys=0.00, real=0.00 secs] 
274.762: Total time for which application threads were stopped: 0.0006420 seconds, Stopping threads took: 0.0000560 seconds
274.890: Application time: 0.1277260 seconds
274.890: [GC [PSYoungGen: 23296K->224K(23552K)] 46026K->23026K(56832K), 0.0004480 secs] [Times: user=0.00 sys=0.00, real=0.00 secs] 
274.891: Total time for which application threads were stopped: 0.0005860 seconds, Stopping threads took: 0.0000610 seconds
275.015: Application time: 0.1247600 seconds
275.015: [GC [PSYoungGen: 23264K->368K(23552K)] 46066K->23170K(56832K), 0.0004850 secs] [Times: user=0.00 sys=0.00, real=0.00 secs] 
275.016: Total time for which application threads were stopped: 0.0006310 seconds, Stopping threads took: 0.0000640 seconds
275.142: Application time: 0.1260310 seconds
275.142: [GC [PSYoungGen: 23408K->320K(23552K)] 46210K->23386K(56832K), 0.0005570 secs] [Times: user=0.01 sys=0.00, real=0.00 secs] 
275.143: Total time for which application threads were stopped: 0.0006980 seconds, Stopping threads took: 0.0000590 seconds
275.270: Application time: 0.1274070 seconds
275.270: [GC [PSYoungGen: 23360K->256K(23552K)] 46426K->23502K(56832K), 0.0004380 secs] [Times: user=0.00 sys=0.00, real=0.00 secs] 
275.271: Total time for which application threads were stopped: 0.0005960 seconds, Stopping threads took: 0.0000680 seconds
275.398: Application time: 0.1270890 seconds
275.398: [GC [PSYoungGen: 23296K->256K(23552K)] 46542K->23502K(56832K), 0.0004260 secs] [Times: user=0.01 sys=0.00, real=0.00 secs] 
275.398: Total time for which application threads were stopped: 0.0005600 seconds, Stopping threads took: 0.0000570 seconds
275.525: Application time: 0.1270890 seconds
275.526: [GC [PSYoungGen: 23296K->256K(23552K)] 46542K->23623K(56832K), 0.0004400 secs] [Times: user=0.00 sys=0.00, real=0.00 secs] 
275.526: Total time for which application threads were stopped: 0.0005860 seconds, Stopping threads took: 0.0000710 seconds
275.653: Application time: 0.1275010 seconds
275.654: [GC [PSYoungGen: 23296K->256K(23552K)] 46663K->23695K(56832K), 0.0004160 secs] [Times: user=0.00 sys=0.00, real=0.00 secs] 
275.654: Total time for which application threads were stopped: 0.0005700 seconds, Stopping threads took: 0.0000690 seconds
275.779: Application time: 0.1245610 seconds
275.779: [GC [PSYoungGen: 23296K->352K(23552K)] 46735K->23791K(56832K), 0.0004750 secs] [Times: user=0.00 sys=0.00, real=0.00 secs] 
275.779: Total time for which application threads were stopped: 0.0006230 seconds, Stopping threads took: 0.0000570 seconds
275.905: Application time: 0.1260780 seconds
275.905: [GC [PSYoungGen: 23392K->288K(23552K)] 46831K->23975K(56832K), 0.0006070 secs] [Times: user=0.01 sys=0.00, real=0.00 secs] 
275.906: Total time for which application threads were stopped: 0.0007350 seconds, Stopping threads took: 0.0000460 seconds
276.036: Application time: 0.1295070 seconds
276.036: [GC [PSYoungGen: 23328K->256K(23552K)] 47015K->24111K(56832K), 0.0004640 secs] [Times: user=0.00 sys=0.00, real=0.00 secs] 
276.036: Total time for which application threads were stopped: 0.0006280 seconds, Stopping threads took: 0.0000820 seconds
276.163: Application time: 0.1269770 seconds
276.163: [GC [PSYoungGen: 23296K->256K(23552K)] 47151K->24111K(56832K), 0.0004160 secs] [Times: user=0.00 sys=0.00, real=0.00 secs] 
276.164: Total time for which application threads were stopped: 0.0005620 seconds, Stopping threads took: 0.0000660 seconds
276.291: Application time: 0.1267730 seconds
276.291: [GC [PSYoungGen: 23296K->256K(23552K)] 47151K->24183K(56832K), 0.0004470 secs] [Times: user=0.00 sys=0.00, real=0.00 secs] 
276.291: Total time for which application threads were stopped: 0.0006110 seconds, Stopping threads took: 0.0000580 seconds
276.420: Application time: 0.1289790 seconds
276.420: [GC [PSYoungGen: 23296K->256K(23552K)] 47223K->24303K(56832K), 0.0004380 secs] [Times: user=0.00 sys=0.00, real=0.00 secs] 
276.421: Total time for which application threads were stopped: 0.0005810 seconds, Stopping threads took: 0.0000560 seconds
276.547: Application time: 0.1264680 seconds
276.547: [GC [PSYoungGen: 23296K->272K(23552K)] 47343K->24319K(56832K), 0.0004630 secs] [Times: user=0.00 sys=0.00, real=0.00 secs] 
276.548: Total time for which application threads were stopped: 0.0006070 seconds, Stopping threads took: 0.0000560 seconds
276.672: Application time: 0.1240250 seconds
276.672: [GC [PSYoungGen: 23312K->432K(23552K)] 47359K->24591K(56832K), 0.0005250 secs] [Times: user=0.01 sys=0.00, real=0.00 secs] 
276.672: Total time for which application threads were stopped: 0.0006560 seconds, Stopping threads took: 0.0000510 seconds
276.804: Application time: 0.1313580 seconds
276.805: [GC [PSYoungGen: 23472K->224K(23552K)] 47631K->24687K(56832K), 0.0005460 secs] [Times: user=0.00 sys=0.00, real=0.00 secs] 
276.806: Total time for which application threads were stopped: 0.0020210 seconds, Stopping threads took: 0.0013840 seconds
276.935: Application time: 0.1296170 seconds
276.936: [GC [PSYoungGen: 23264K->256K(23552K)] 47727K->24719K(56832K), 0.0004260 secs] [Times: user=0.01 sys=0.00, real=0.00 secs] 
276.936: Total time for which application threads were stopped: 0.0005690 seconds, Stopping threads took: 0.0000560 seconds
277.063: Application time: 0.1268880 seconds
277.063: [GC [PSYoungGen: 23296K->208K(23552K)] 47759K->24695K(56832K), 0.0005140 secs] [Times: user=0.00 sys=0.00, real=0.00 secs] 
277.064: Total time for which application threads were stopped: 0.0006610 seconds, Stopping threads took: 0.0000610 seconds
277.193: Application time: 0.1291820 seconds
277.193: [GC [PSYoungGen: 23248K->224K(23552K)] 47735K->24880K(56832K), 0.0004710 secs] [Times: user=0.00 sys=0.00, real=0.00 secs] 
277.193: Total time for which application threads were stopped: 0.0006070 seconds, Stopping threads took: 0.0000570 seconds
277.321: Application time: 0.1272320 seconds
277.321: [GC [PSYoungGen: 23264K->256K(23552K)] 47920K->24912K(56832K), 0.0004280 secs] [Times: user=0.01 sys=0.00, real=0.00 secs] 
277.321: Total time for which application threads were stopped: 0.0005770 seconds, Stopping threads took: 0.0000600 seconds
277.445: Application time: 0.1235520 seconds
277.445: [GC [PSYoungGen: 23296K->448K(23552K)] 47952K->25168K(56832K), 0.0005190 secs] [Times: user=0.01 sys=0.00, real=0.00 secs] 
277.445: Total time for which application threads were stopped: 0.0006530 seconds, Stopping threads took: 0.0000530 seconds
277.572: Application time: 0.1266590 seconds
277.572: [GC [PSYoungGen: 23488K->224K(23552K)] 48208K->25284K(56832K), 0.0005330 secs] [Times: user=0.00 sys=0.00, real=0.00 secs] 
277.573: Total time for which application threads were stopped: 0.0006780 seconds, Stopping threads took: 0.0000670 seconds
277.701: Application time: 0.1283280 seconds
277.701: [GC [PSYoungGen: 23264K->256K(23552K)] 48324K->25316K(56832K), 0.0004300 secs] [Times: user=0.00 sys=0.00, real=0.00 secs] 
277.702: Total time for which application threads were stopped: 0.0005800 seconds, Stopping threads took: 0.0000640 seconds
277.828: Application time: 0.1260880 seconds
277.828: [GC [PSYoungGen: 23296K->256K(23552K)] 48356K->25316K(56832K), 0.0004800 secs] [Times: user=0.00 sys=0.00, real=0.00 secs] 
277.828: Total time for which application threads were stopped: 0.0006330 seconds, Stopping threads took: 0.0000610 seconds
277.957: Application time: 0.1282240 seconds
277.957: [GC [PSYoungGen: 23296K->256K(23552K)] 48356K->25508K(56832K), 0.0004860 secs] [Times: user=0.00 sys=0.00, real=0.00 secs] 
277.957: Total time for which application threads were stopped: 0.0006260 seconds, Stopping threads took: 0.0000620 seconds
278.085: Application time: 0.1274020 seconds
278.085: [GC [PSYoungGen: 23296K->256K(23552K)] 48548K->25508K(56832K), 0.0004450 secs] [Times: user=0.00 sys=0.00, real=0.00 secs] 
278.085: Total time for which application threads were stopped: 0.0005820 seconds, Stopping threads took: 0.0000570 seconds
278.209: Application time: 0.1234230 seconds
278.209: [GC [PSYoungGen: 23296K->432K(23552K)] 48548K->25684K(56832K), 0.0005600 secs] [Times: user=0.00 sys=0.00, real=0.00 secs] 
278.209: Total time for which application threads were stopped: 0.0007000 seconds, Stopping threads took: 0.0000580 seconds
278.336: Application time: 0.1266720 seconds
278.336: [GC [PSYoungGen: 23472K->224K(23552K)] 48724K->25824K(56832K), 0.0005790 secs] [Times: user=0.01 sys=0.00, real=0.00 secs] 
278.337: Total time for which application threads were stopped: 0.0007270 seconds, Stopping threads took: 0.0000550 seconds
278.465: Application time: 0.1277720 seconds
278.465: [GC [PSYoungGen: 23264K->224K(23552K)] 48864K->25913K(56832K), 0.0004660 secs] [Times: user=0.01 sys=0.00, real=0.00 secs] 
278.465: Total time for which application threads were stopped: 0.0006050 seconds, Stopping threads took: 0.0000570 seconds
278.592: Application time: 0.1267440 seconds
278.592: [GC [PSYoungGen: 23264K->256K(23552K)] 48953K->25945K(56832K), 0.0004690 secs] [Times: user=0.00 sys=0.00, real=0.00 secs] 
278.592: Total time for which application threads were stopped: 0.0006070 seconds, Stopping threads took: 0.0000550 seconds
278.720: Application time: 0.1271300 seconds
278.720: [GC [PSYoungGen: 23296K->256K(23552K)] 48985K->26089K(56832K), 0.0004910 secs] [Times: user=0.00 sys=0.00, real=0.00 secs] 
278.720: Total time for which application threads were stopped: 0.0006360 seconds, Stopping threads took: 0.0000630 seconds
278.848: Application time: 0.1277350 seconds
278.848: [GC [PSYoungGen: 23296K->256K(23552K)] 49129K->26137K(56832K), 0.0004220 secs] [Times: user=0.00 sys=0.00, real=0.00 secs] 
278.849: Total time for which application threads were stopped: 0.0005640 seconds, Stopping threads took: 0.0000530 seconds
278.973: Application time: 0.1240580 seconds
278.973: [GC [PSYoungGen: 23296K->416K(23552K)] 49177K->26297K(56832K), 0.0005430 secs] [Times: user=0.00 sys=0.00, real=0.00 secs] 
278.973: Total time for which application threads were stopped: 0.0006880 seconds, Stopping threads took: 0.0000650 seconds
279.099: Application time: 0.1259660 seconds
279.099: [GC [PSYoungGen: 23456K->272K(23552K)] 49337K->26449K(56832K), 0.0005430 secs] [Times: user=0.01 sys=0.00, real=0.00 secs] 
279.100: Total time for which application threads were stopped: 0.0006800 seconds, Stopping threads took: 0.0000560 seconds
279.228: Application time: 0.1278670 seconds
279.228: [GC [PSYoungGen: 23312K->224K(23552K)] 49489K->26521K(56832K), 0.0004500 secs] [Times: user=0.00 sys=0.00, real=0.00 secs] 
279.228: Total time for which application threads were stopped: 0.0005850 seconds, Stopping threads took: 0.0000580 seconds
279.355: Application time: 0.1270030 seconds
279.356: [GC [PSYoungGen: 23264K->256K(23552K)] 49561K->26553K(56832K), 0.0004340 secs] [Times: user=0.00 sys=0.00, real=0.00 secs] 
279.356: Total time for which application threads were stopped: 0.0005800 seconds, Stopping threads took: 0.0000560 seconds
279.483: Application time: 0.1273530 seconds
279.483: [GC [PSYoungGen: 23296K->256K(23552K)] 49593K->26697K(56832K), 0.0004850 secs] [Times: user=0.00 sys=0.00, real=0.00 secs] 
279.484: Total time for which application threads were stopped: 0.0006210 seconds, Stopping threads took: 0.0000530 seconds
279.611: Application time: 0.1272570 seconds
279.615: [GC [PSYoungGen: 23296K->256K(23552K)] 49737K->26745K(56832K), 0.0004610 secs] [Times: user=0.01 sys=0.00, real=0.00 secs] 
279.616: Total time for which application threads were stopped: 0.0046110 seconds, Stopping threads took: 0.0040660 seconds
279.741: Application time: 0.1250190 seconds
279.741: [GC [PSYoungGen: 23296K->288K(23552K)] 49785K->26777K(56832K), 0.0004740 secs] [Times: user=0.00 sys=0.00, real=0.00 secs] 
279.741: Total time for which application threads were stopped: 0.0006170 seconds, Stopping threads took: 0.0000520 seconds
279.867: Application time: 0.1257580 seconds
279.867: [GC [PSYoungGen: 23328K->304K(23552K)] 49817K->27053K(56832K), 0.0005370 secs] [Times: user=0.00 sys=0.00, real=0.00 secs] 
279.868: Total time for which application threads were stopped: 0.0006990 seconds, Stopping threads took: 0.0000700 seconds
279.995: Application time: 0.1274940 seconds
279.996: [GC [PSYoungGen: 23344K->256K(23552K)] 50093K->27174K(56832K), 0.0004770 secs] [Times: user=0.00 sys=0.00, real=0.00 secs] 
279.996: Total time for which application threads were stopped: 0.0006320 seconds, Stopping threads took: 0.0000710 seconds
280.123: Application time: 0.1267570 seconds
280.123: [GC [PSYoungGen: 23296K->256K(23552K)] 50214K->27174K(56832K), 0.0004680 secs] [Times: user=0.00 sys=0.00, real=0.00 secs] 
280.123: Total time for which application threads were stopped: 0.0006110 seconds, Stopping threads took: 0.0000620 seconds
280.251: Application time: 0.1273620 seconds
280.251: [GC [PSYoungGen: 23296K->256K(23552K)] 50214K->27294K(56832K), 0.0005340 secs] [Times: user=0.01 sys=0.00, real=0.00 secs] 
280.251: Total time for which application threads were stopped: 0.0006680 seconds, Stopping threads took: 0.0000490 seconds
280.379: Application time: 0.1272190 seconds
280.379: [GC [PSYoungGen: 23296K->256K(23552K)] 50334K->27366K(56832K), 0.0004380 secs] [Times: user=0.00 sys=0.00, real=0.00 secs] 
280.379: Total time for which application threads were stopped: 0.0005950 seconds, Stopping threads took: 0.0000620 seconds
280.504: Application time: 0.1244460 seconds
280.504: [GC [PSYoungGen: 23296K->352K(23552K)] 50406K->27462K(56832K), 0.0004820 secs] [Times: user=0.00 sys=0.00, real=0.00 secs] 
280.504: Total time for which application threads were stopped: 0.0006260 seconds, Stopping threads took: 0.0000650 seconds
280.629: Application time: 0.1250330 seconds
280.630: [GC [PSYoungGen: 23392K->240K(23552K)] 50502K->27602K(56832K), 0.0005860 secs] [Times: user=0.01 sys=0.00, real=0.00 secs] 
280.630: Total time for which application threads were stopped: 0.0007300 seconds, Stopping threads took: 0.0000610 seconds
280.757: Application time: 0.1271960 seconds
280.757: [GC [PSYoungGen: 23280K->224K(23552K)] 50642K->27754K(56832K), 0.0004910 secs] [Times: user=0.00 sys=0.00, real=0.00 secs] 
280.758: Total time for which application threads were stopped: 0.0006330 seconds, Stopping threads took: 0.0000590 seconds
280.889: Application time: 0.1311350 seconds
280.889: [GC [PSYoungGen: 23264K->256K(23552K)] 50794K->27786K(56832K), 0.0004680 secs] [Times: user=0.00 sys=0.00, real=0.00 secs] 
280.890: Total time for which application threads were stopped: 0.0006090 seconds, Stopping threads took: 0.0000500 seconds
281.029: Application time: 0.1397860 seconds
281.030: [GC [PSYoungGen: 23296K->256K(23552K)] 50826K->27906K(56832K), 0.0004780 secs] [Times: user=0.01 sys=0.00, real=0.00 secs] 
281.030: Total time for which application threads were stopped: 0.0006210 seconds, Stopping threads took: 0.0000600 seconds
281.170: Application time: 0.1403020 seconds
281.171: [GC [PSYoungGen: 23296K->256K(23552K)] 50946K->27978K(56832K), 0.0004480 secs] [Times: user=0.00 sys=0.00, real=0.00 secs] 
281.171: Total time for which application threads were stopped: 0.0005980 seconds, Stopping threads took: 0.0000730 seconds
281.309: Application time: 0.1382250 seconds
281.311: [GC [PSYoungGen: 23296K->336K(23552K)] 51018K->28058K(56832K), 0.0005180 secs] [Times: user=0.00 sys=0.00, real=0.00 secs] 
281.312: Total time for which application threads were stopped: 0.0026470 seconds, Stopping threads took: 0.0020480 seconds
281.449: Application time: 0.1370300 seconds
281.449: [GC [PSYoungGen: 23376K->320K(23552K)] 51098K->28270K(56832K), 0.0005580 secs] [Times: user=0.00 sys=0.00, real=0.00 secs] 
281.450: Total time for which application threads were stopped: 0.0007270 seconds, Stopping threads took: 0.0000770 seconds
281.590: Application time: 0.1401350 seconds
281.590: [GC [PSYoungGen: 23360K->256K(23552K)] 51310K->28431K(56832K), 0.0004880 secs] [Times: user=0.01 sys=0.00, real=0.00 secs] 
281.590: Total time for which application threads were stopped: 0.0006200 seconds, Stopping threads took: 0.0000510 seconds
281.731: Application time: 0.1402300 seconds
281.731: [GC [PSYoungGen: 23296K->256K(23552K)] 51471K->28431K(56832K), 0.0004630 secs] [Times: user=0.00 sys=0.00, real=0.00 secs] 
281.731: Total time for which application threads were stopped: 0.0006040 seconds, Stopping threads took: 0.0000580 seconds
281.872: Application time: 0.1410790 seconds
281.872: [GC [PSYoungGen: 23296K->256K(23552K)] 51471K->28503K(56832K), 0.0005270 secs] [Times: user=0.01 sys=0.00, real=0.00 secs] 
281.874: Total time for which application threads were stopped: 0.0017210 seconds, Stopping threads took: 0.0000780 seconds
282.014: Application time: 0.1398740 seconds
282.014: [GC [PSYoungGen: 23296K->256K(23552K)] 51543K->28623K(56832K), 0.0005420 secs] [Times: user=0.00 sys=0.00, real=0.00 secs] 
282.015: Total time for which application threads were stopped: 0.0007010 seconds, Stopping threads took: 0.0000560 seconds
282.154: Application time: 0.1397800 seconds
282.155: [GC [PSYoungGen: 23296K->256K(23552K)] 51663K->28623K(56832K), 0.0004700 secs] [Times: user=0.00 sys=0.00, real=0.00 secs] 
282.155: Total time for which application threads were stopped: 0.0006100 seconds, Stopping threads took: 0.0000540 seconds
282.291: Application time: 0.1355500 seconds
282.291: [GC [PSYoungGen: 23296K->416K(23552K)] 51663K->28847K(56832K), 0.0005570 secs] [Times: user=0.00 sys=0.00, real=0.00 secs] 
282.291: Total time for which application threads were stopped: 0.0007000 seconds, Stopping threads took: 0.0000530 seconds
282.432: Application time: 0.1405740 seconds
282.432: [GC [PSYoungGen: 23456K->256K(23552K)] 51887K->29031K(56832K), 0.0005950 secs] [Times: user=0.00 sys=0.00, real=0.00 secs] 
282.433: Total time for which application threads were stopped: 0.0007340 seconds, Stopping threads took: 0.0000580 seconds
282.573: Application time: 0.1401050 seconds
282.573: [GC [PSYoungGen: 23296K->256K(23552K)] 52071K->29031K(56832K), 0.0004630 secs] [Times: user=0.00 sys=0.00, real=0.00 secs] 
282.573: Total time for which application threads were stopped: 0.0006250 seconds, Stopping threads took: 0.0000610 seconds
282.713: Application time: 0.1392970 seconds
282.713: [GC [PSYoungGen: 23296K->256K(23552K)] 52071K->29055K(56832K), 0.0004770 secs] [Times: user=0.00 sys=0.00, real=0.00 secs] 
282.713: Total time for which application threads were stopped: 0.0006140 seconds, Stopping threads took: 0.0000530 seconds
282.854: Application time: 0.1407200 seconds
282.854: [GC [PSYoungGen: 23296K->224K(23552K)] 52095K->29191K(56832K), 0.0005120 secs] [Times: user=0.00 sys=0.00, real=0.00 secs] 
282.855: Total time for which application threads were stopped: 0.0006650 seconds, Stopping threads took: 0.0000690 seconds
282.994: Application time: 0.1394800 seconds
282.994: [GC [PSYoungGen: 23264K->256K(23552K)] 52231K->29223K(56832K), 0.0005070 secs] [Times: user=0.00 sys=0.00, real=0.00 secs] 
282.995: Total time for which application threads were stopped: 0.0006520 seconds, Stopping threads took: 0.0000600 seconds
283.130: Application time: 0.1353250 seconds
283.130: [GC [PSYoungGen: 23296K->416K(23552K)] 52263K->29447K(56832K), 0.0005430 secs] [Times: user=0.00 sys=0.00, real=0.00 secs] 
283.131: Total time for which application threads were stopped: 0.0006950 seconds, Stopping threads took: 0.0000540 seconds
283.271: Application time: 0.1407170 seconds
283.275: [GC [PSYoungGen: 23456K->256K(23552K)] 52487K->29636K(56832K), 0.0005290 secs] [Times: user=0.00 sys=0.00, real=0.00 secs] 
283.276: Total time for which application threads were stopped: 0.0044300 seconds, Stopping threads took: 0.0038180 seconds
283.416: Application time: 0.1401580 seconds
283.416: [GC [PSYoungGen: 23296K->256K(23552K)] 52676K->29636K(56832K), 0.0004480 secs] [Times: user=0.00 sys=0.00, real=0.00 secs] 
283.417: Total time for which application threads were stopped: 0.0005980 seconds, Stopping threads took: 0.0000690 seconds
283.556: Application time: 0.1395220 seconds
283.559: [GC [PSYoungGen: 23296K->256K(23552K)] 52676K->29660K(56832K), 0.0005600 secs] [Times: user=0.00 sys=0.00, real=0.00 secs] 
283.560: Total time for which application threads were stopped: 0.0037580 seconds, Stopping threads took: 0.0031110 seconds
283.700: Application time: 0.1402180 seconds
283.700: [GC [PSYoungGen: 23296K->256K(23552K)] 52700K->29828K(56832K), 0.0005390 secs] [Times: user=0.00 sys=0.00, real=0.00 secs] 
283.701: Total time for which application threads were stopped: 0.0007150 seconds, Stopping threads took: 0.0000790 seconds
283.841: Application time: 0.1404210 seconds
283.841: [GC [PSYoungGen: 23296K->256K(23552K)] 52868K->29828K(56832K), 0.0004700 secs] [Times: user=0.00 sys=0.00, real=0.00 secs] 
283.842: Total time for which application threads were stopped: 0.0006120 seconds, Stopping threads took: 0.0000580 seconds
283.977: Application time: 0.1354950 seconds
283.978: [GC [PSYoungGen: 23296K->496K(23552K)] 52868K->30076K(56832K), 0.0005240 secs] [Times: user=0.00 sys=0.00, real=0.00 secs] 
283.978: Total time for which application threads were stopped: 0.0006610 seconds, Stopping threads took: 0.0000550 seconds
284.118: Application time: 0.1397960 seconds
284.118: [GC [PSYoungGen: 23536K->256K(23552K)] 53116K->30208K(56832K), 0.0005730 secs] [Times: user=0.00 sys=0.00, real=0.00 secs] 
284.119: Total time for which application threads were stopped: 0.0007140 seconds, Stopping threads took: 0.0000540 seconds
284.259: Application time: 0.1405030 seconds
284.259: [GC [PSYoungGen: 23296K->224K(23552K)] 53248K->30200K(56832K), 0.0005180 secs] [Times: user=0.00 sys=0.00, real=0.00 secs] 
284.260: Total time for which application threads were stopped: 0.0006750 seconds, Stopping threads took: 0.0000620 seconds
284.399: Application time: 0.1396130 seconds
284.400: [GC [PSYoungGen: 23264K->256K(23552K)] 53240K->30232K(56832K), 0.0004510 secs] [Times: user=0.00 sys=0.00, real=0.00 secs] 
284.400: Total time for which application threads were stopped: 0.0006080 seconds, Stopping threads took: 0.0000660 seconds
284.541: Application time: 0.1406150 seconds
284.541: [GC [PSYoungGen: 23296K->256K(23552K)] 53272K->30400K(56832K), 0.0004660 secs] [Times: user=0.00 sys=0.00, real=0.00 secs] 
284.541: Total time for which application threads were stopped: 0.0006090 seconds, Stopping threads took: 0.0000620 seconds
284.682: Application time: 0.1407280 seconds
284.682: [GC [PSYoungGen: 23296K->256K(23552K)] 53440K->30424K(56832K), 0.0004470 secs] [Times: user=0.00 sys=0.00, real=0.00 secs] 
284.683: Total time for which application threads were stopped: 0.0005810 seconds, Stopping threads took: 0.0000530 seconds
284.819: Application time: 0.1365340 seconds
284.819: [GC [PSYoungGen: 23296K->400K(23552K)] 53464K->30568K(56832K), 0.0005330 secs] [Times: user=0.00 sys=0.00, real=0.00 secs] 
284.820: Total time for which application threads were stopped: 0.0006840 seconds, Stopping threads took: 0.0000570 seconds
284.948: Application time: 0.1282080 seconds
284.948: [GC [PSYoungGen: 23440K->288K(23552K)] 53608K->30753K(56832K), 0.0006030 secs] [Times: user=0.00 sys=0.00, real=0.00 secs] 
284.949: Total time for which application threads were stopped: 0.0007490 seconds, Stopping threads took: 0.0000600 seconds
285.076: Application time: 0.1270010 seconds
285.076: [GC [PSYoungGen: 23328K->256K(23552K)] 53793K->30849K(56832K), 0.0004680 secs] [Times: user=0.01 sys=0.00, real=0.00 secs] 
285.076: Total time for which application threads were stopped: 0.0006180 seconds, Stopping threads took: 0.0000660 seconds
285.203: Application time: 0.1263440 seconds
285.203: [GC [PSYoungGen: 23296K->256K(23552K)] 53889K->30849K(56832K), 0.0004420 secs] [Times: user=0.00 sys=0.00, real=0.00 secs] 
285.203: Total time for which application threads were stopped: 0.0005840 seconds, Stopping threads took: 0.0000590 seconds
285.331: Application time: 0.1277220 seconds
285.331: [GC [PSYoungGen: 23296K->256K(23552K)] 53889K->30993K(56832K), 0.0004940 secs] [Times: user=0.00 sys=0.00, real=0.00 secs] 
285.332: Total time for which application threads were stopped: 0.0006580 seconds, Stopping threads took: 0.0000620 seconds
285.459: Application time: 0.1274410 seconds
285.463: [GC [PSYoungGen: 23296K->256K(23552K)] 54033K->31041K(56832K), 0.0005270 secs] [Times: user=0.01 sys=0.00, real=0.00 secs] 
285.464: Total time for which application threads were stopped: 0.0048060 seconds, Stopping threads took: 0.0041950 seconds
285.588: Application time: 0.1244060 seconds
285.588: [GC [PSYoungGen: 23296K->352K(23552K)] 54081K->31137K(56832K), 0.0005230 secs] [Times: user=0.00 sys=0.00, real=0.00 secs] 
285.589: Total time for which application threads were stopped: 0.0006890 seconds, Stopping threads took: 0.0000800 seconds
285.715: Application time: 0.1257820 seconds
285.715: [GC [PSYoungGen: 23392K->304K(23552K)] 54177K->31389K(56832K), 0.0005260 secs] [Times: user=0.00 sys=0.00, real=0.01 secs] 
285.715: Total time for which application threads were stopped: 0.0006650 seconds, Stopping threads took: 0.0000590 seconds
285.843: Application time: 0.1272540 seconds
285.843: [GC [PSYoungGen: 23344K->256K(23552K)] 54429K->31465K(56832K), 0.0004710 secs] [Times: user=0.01 sys=0.00, real=0.00 secs] 
285.843: Total time for which application threads were stopped: 0.0006320 seconds, Stopping threads took: 0.0000670 seconds
285.970: Application time: 0.1268660 seconds
285.970: [GC [PSYoungGen: 23296K->256K(23552K)] 54505K->31465K(56832K), 0.0004350 secs] [Times: user=0.00 sys=0.00, real=0.00 secs] 
285.971: Total time for which application threads were stopped: 0.0005820 seconds, Stopping threads took: 0.0000650 seconds
286.098: Application time: 0.1267820 seconds
286.098: [GC [PSYoungGen: 23296K->256K(23552K)] 54505K->31585K(56832K), 0.0004910 secs] [Times: user=0.00 sys=0.00, real=0.00 secs] 
286.098: Total time for which application threads were stopped: 0.0006470 seconds, Stopping threads took: 0.0000700 seconds
286.225: Application time: 0.1272070 seconds
286.226: [GC [PSYoungGen: 23296K->256K(23552K)] 54625K->31657K(56832K), 0.0004530 secs] [Times: user=0.00 sys=0.00, real=0.00 secs] 
286.226: Total time for which application threads were stopped: 0.0005860 seconds, Stopping threads took: 0.0000490 seconds
286.351: Application time: 0.1245880 seconds
286.351: [GC [PSYoungGen: 23296K->368K(23552K)] 54697K->31769K(56832K), 0.0004970 secs] [Times: user=0.00 sys=0.00, real=0.00 secs] 
286.351: Total time for which application threads were stopped: 0.0006370 seconds, Stopping threads took: 0.0000520 seconds
286.477: Application time: 0.1256360 seconds
286.477: [GC [PSYoungGen: 23408K->256K(23552K)] 54809K->31921K(56832K), 0.0005240 secs] [Times: user=0.00 sys=0.00, real=0.00 secs] 
286.478: Total time for which application threads were stopped: 0.0006660 seconds, Stopping threads took: 0.0000550 seconds
286.605: Application time: 0.1272690 seconds
286.605: [GC [PSYoungGen: 23296K->224K(23552K)] 54961K->32058K(56832K), 0.0005050 secs] [Times: user=0.00 sys=0.00, real=0.00 secs] 
286.606: Total time for which application threads were stopped: 0.0006560 seconds, Stopping threads took: 0.0000680 seconds
286.733: Application time: 0.1271360 seconds
286.733: [GC [PSYoungGen: 23264K->256K(23552K)] 55098K->32090K(56832K), 0.0004280 secs] [Times: user=0.00 sys=0.00, real=0.00 secs] 
286.733: Total time for which application threads were stopped: 0.0005640 seconds, Stopping threads took: 0.0000580 seconds
286.861: Application time: 0.1275670 seconds
286.861: [GC [PSYoungGen: 23296K->256K(23552K)] 55130K->32210K(56832K), 0.0005180 secs] [Times: user=0.00 sys=0.00, real=0.00 secs] 
286.861: Total time for which application threads were stopped: 0.0006650 seconds, Stopping threads took: 0.0000560 seconds
286.989: Application time: 0.1274010 seconds
286.989: [GC [PSYoungGen: 23296K->224K(23552K)] 55250K->32250K(56832K), 0.0004760 secs] [Times: user=0.00 sys=0.00, real=0.00 secs] 
286.991: Total time for which application threads were stopped: 0.0017250 seconds, Stopping threads took: 0.0000650 seconds
287.116: Application time: 0.1253500 seconds
287.116: [GC [PSYoungGen: 23264K->288K(23552K)] 55290K->32314K(56832K), 0.0005000 secs] [Times: user=0.01 sys=0.00, real=0.00 secs] 
287.117: Total time for which application threads were stopped: 0.0006750 seconds, Stopping threads took: 0.0000890 seconds
287.242: Application time: 0.1258290 seconds
287.243: [GC [PSYoungGen: 23328K->304K(23552K)] 55354K->32550K(56832K), 0.0005420 secs] [Times: user=0.01 sys=0.00, real=0.00 secs] 
287.243: Total time for which application threads were stopped: 0.0007100 seconds, Stopping threads took: 0.0000880 seconds
287.371: Application time: 0.1276730 seconds
287.371: [GC [PSYoungGen: 23344K->256K(23552K)] 55590K->32718K(56832K), 0.0004740 secs] [Times: user=0.00 sys=0.00, real=0.00 secs] 
287.371: Total time for which application threads were stopped: 0.0006190 seconds, Stopping threads took: 0.0000560 seconds
287.499: Application time: 0.1271930 seconds
287.499: [GC [PSYoungGen: 23296K->224K(23552K)] 55758K->32686K(56832K), 0.0004630 secs] [Times: user=0.00 sys=0.00, real=0.00 secs] 
287.499: Total time for which application threads were stopped: 0.0006300 seconds, Stopping threads took: 0.0000830 seconds
287.626: Application time: 0.1266670 seconds
287.626: [GC [PSYoungGen: 23264K->256K(23552K)] 55726K->32814K(56832K), 0.0005070 secs] [Times: user=0.00 sys=0.00, real=0.00 secs] 
287.627: Total time for which application threads were stopped: 0.0006560 seconds, Stopping threads took: 0.0000670 seconds
287.754: Application time: 0.1277060 seconds
287.754: [GC [PSYoungGen: 23296K->224K(23552K)] 55854K->32878K(56832K), 0.0004730 secs] [Times: user=0.00 sys=0.00, real=0.00 secs] 
287.755: Total time for which application threads were stopped: 0.0006130 seconds, Stopping threads took: 0.0000570 seconds
287.881: Application time: 0.1260600 seconds
287.881: [GC [PSYoungGen: 23264K->256K(23552K)] 55918K->32910K(56832K), 0.0004600 secs] [Times: user=0.00 sys=0.00, real=0.00 secs] 
287.882: Total time for which application threads were stopped: 0.0006110 seconds, Stopping threads took: 0.0000640 seconds
288.006: Application time: 0.1240960 seconds
288.006: [GC [PSYoungGen: 23296K->416K(23552K)] 55950K->33190K(56832K), 0.0005660 secs] [Times: user=0.00 sys=0.00, real=0.00 secs] 
288.006: Total time for which application threads were stopped: 0.0007010 seconds, Stopping threads took: 0.0000570 seconds
288.134: Application time: 0.1278610 seconds
288.134: [GC [PSYoungGen: 23456K->256K(23552K)] 56230K->33335K(56832K), 0.0005130 secs] [Times: user=0.00 sys=0.00, real=0.00 secs] 
288.135: [Full GC [PSYoungGen: 256K->0K(23552K)] [ParOldGen: 33079K->3065K(32768K)] 33335K->3065K(56320K) [PSPermGen: 6081K->6081K(21504K)], 0.0061150 secs] [Times: user=0.02 sys=0.00, real=0.01 secs] 
288.141: Total time for which application threads were stopped: 0.0068210 seconds, Stopping threads took: 0.0000620 seconds
288.268: Application time: 0.1273430 seconds
288.269: [GC [PSYoungGen: 23040K->256K(23552K)] 26105K->3321K(56320K), 0.0004010 secs] [Times: user=0.00 sys=0.00, real=0.00 secs] 
288.269: Total time for which application threads were stopped: 0.0005450 seconds, Stopping threads took: 0.0000580 seconds
288.395: Application time: 0.1260480 seconds
288.395: [GC [PSYoungGen: 23296K->256K(23552K)] 26361K->3353K(56320K), 0.0004450 secs] [Times: user=0.00 sys=0.00, real=0.01 secs] 
288.396: Total time for which application threads were stopped: 0.0005930 seconds, Stopping threads took: 0.0000620 seconds
288.524: Application time: 0.1281200 seconds
288.524: [GC [PSYoungGen: 23296K->256K(23552K)] 26393K->3521K(56320K), 0.0004310 secs] [Times: user=0.00 sys=0.00, real=0.00 secs] 
288.524: Total time for which application threads were stopped: 0.0005780 seconds, Stopping threads took: 0.0000650 seconds
288.651: Application time: 0.1270550 seconds
288.651: [GC [PSYoungGen: 23296K->256K(23552K)] 26561K->3521K(56320K), 0.0004310 secs] [Times: user=0.00 sys=0.00, real=0.00 secs] 
288.652: Total time for which application threads were stopped: 0.0005690 seconds, Stopping threads took: 0.0000580 seconds
288.775: Application time: 0.1231250 seconds
288.775: [GC [PSYoungGen: 23296K->416K(23552K)] 26561K->3745K(56320K), 0.0005060 secs] [Times: user=0.00 sys=0.00, real=0.01 secs] 
288.776: Total time for which application threads were stopped: 0.0006610 seconds, Stopping threads took: 0.0000710 seconds
288.904: Application time: 0.1285680 seconds
288.904: [GC [PSYoungGen: 23456K->256K(23552K)] 26785K->3934K(56320K), 0.0005140 secs] [Times: user=0.00 sys=0.00, real=0.00 secs] 
288.905: Total time for which application threads were stopped: 0.0006650 seconds, Stopping threads took: 0.0000600 seconds
289.032: Application time: 0.1272830 seconds
289.032: [GC [PSYoungGen: 23296K->192K(23552K)] 26974K->3870K(56320K), 0.0004010 secs] [Times: user=0.00 sys=0.00, real=0.00 secs] 
289.033: Total time for which application threads were stopped: 0.0005530 seconds, Stopping threads took: 0.0000690 seconds
289.160: Application time: 0.1268440 seconds
289.160: [GC [PSYoungGen: 23232K->256K(23552K)] 26910K->3958K(56320K), 0.0004500 secs] [Times: user=0.00 sys=0.00, real=0.00 secs] 
289.160: Total time for which application threads were stopped: 0.0005870 seconds, Stopping threads took: 0.0000510 seconds
289.288: Application time: 0.1273800 seconds
289.288: [GC [PSYoungGen: 23296K->256K(23552K)] 26998K->4126K(56320K), 0.0004310 secs] [Times: user=0.00 sys=0.00, real=0.00 secs] 
289.288: Total time for which application threads were stopped: 0.0005780 seconds, Stopping threads took: 0.0000610 seconds
289.415: Application time: 0.1267670 seconds
289.415: [GC [PSYoungGen: 23296K->256K(23552K)] 27166K->4126K(56320K), 0.0003670 secs] [Times: user=0.00 sys=0.00, real=0.01 secs] 
289.415: Total time for which application threads were stopped: 0.0005210 seconds, Stopping threads took: 0.0000590 seconds
289.539: Application time: 0.1234950 seconds
289.539: [GC [PSYoungGen: 23296K->448K(23552K)] 27166K->4382K(56320K), 0.0004810 secs] [Times: user=0.00 sys=0.00, real=0.00 secs] 
289.540: Total time for which application threads were stopped: 0.0006260 seconds, Stopping threads took: 0.0000660 seconds
289.667: Application time: 0.1271960 seconds
289.667: [GC [PSYoungGen: 23488K->256K(23552K)] 27422K->4546K(56320K), 0.0004860 secs] [Times: user=0.00 sys=0.00, real=0.01 secs] 
289.667: Total time for which application threads were stopped: 0.0006260 seconds, Stopping threads took: 0.0000550 seconds
289.795: Application time: 0.1272790 seconds
289.795: [GC [PSYoungGen: 23296K->224K(23552K)] 27586K->4514K(56320K), 0.0004960 secs] [Times: user=0.00 sys=0.00, real=0.01 secs] 
289.795: Total time for which application threads were stopped: 0.0006360 seconds, Stopping threads took: 0.0000590 seconds
289.922: Application time: 0.1265810 seconds
289.922: [GC [PSYoungGen: 23264K->256K(23552K)] 27554K->4546K(56320K), 0.0004040 secs] [Times: user=0.00 sys=0.00, real=0.00 secs] 
289.922: Total time for which application threads were stopped: 0.0005450 seconds, Stopping threads took: 0.0000540 seconds
290.050: Application time: 0.1273880 seconds
290.050: [GC [PSYoungGen: 23296K->224K(23552K)] 27586K->4674K(56320K), 0.0004640 secs] [Times: user=0.00 sys=0.00, real=0.00 secs] 
290.051: Total time for which application threads were stopped: 0.0006140 seconds, Stopping threads took: 0.0000680 seconds
290.178: Application time: 0.1279860 seconds
290.179: [GC [PSYoungGen: 23264K->256K(23552K)] 27714K->4730K(56320K), 0.0003750 secs] [Times: user=0.00 sys=0.00, real=0.00 secs] 
290.179: Total time for which application threads were stopped: 0.0005110 seconds, Stopping threads took: 0.0000550 seconds
290.303: Application time: 0.1236790 seconds
290.303: [GC [PSYoungGen: 23296K->432K(23552K)] 27770K->4906K(56320K), 0.0004930 secs] [Times: user=0.00 sys=0.00, real=0.00 secs] 
290.303: Total time for which application threads were stopped: 0.0006560 seconds, Stopping threads took: 0.0000780 seconds
290.431: Application time: 0.1271930 seconds
290.431: [GC [PSYoungGen: 23472K->256K(23552K)] 27946K->5031K(56320K), 0.0005750 secs] [Times: user=0.00 sys=0.00, real=0.00 secs] 
290.431: Total time for which application threads were stopped: 0.0007350 seconds, Stopping threads took: 0.0000580 seconds
290.559: Application time: 0.1277800 seconds
290.559: [GC [PSYoungGen: 23296K->256K(23552K)] 28071K->5151K(56320K), 0.0003950 secs] [Times: user=0.00 sys=0.00, real=0.00 secs] 
290.560: Total time for which application threads were stopped: 0.0005370 seconds, Stopping threads took: 0.0000600 seconds
290.687: Application time: 0.1275600 seconds
290.687: [GC [PSYoungGen: 23296K->256K(23552K)] 28191K->5151K(56320K), 0.0004130 secs] [Times: user=0.00 sys=0.00, real=0.00 secs] 
290.688: Total time for which application threads were stopped: 0.0005470 seconds, Stopping threads took: 0.0000520 seconds
290.814: Application time: 0.1266300 seconds
290.814: [GC [PSYoungGen: 23296K->256K(23552K)] 28191K->5271K(56320K), 0.0004460 secs] [Times: user=0.00 sys=0.00, real=0.00 secs] 
290.815: Total time for which application threads were stopped: 0.0006100 seconds, Stopping threads took: 0.0000810 seconds
290.942: Application time: 0.1273150 seconds
290.942: [GC [PSYoungGen: 23296K->256K(23552K)] 28311K->5343K(56320K), 0.0004410 secs] [Times: user=0.00 sys=0.00, real=0.00 secs] 
290.943: Total time for which application threads were stopped: 0.0005990 seconds, Stopping threads took: 0.0000620 seconds
291.068: Application time: 0.1246960 seconds
291.068: [GC [PSYoungGen: 23296K->304K(23552K)] 28383K->5391K(56320K), 0.0004430 secs] [Times: user=0.00 sys=0.00, real=0.00 secs] 
291.068: Total time for which application threads were stopped: 0.0005860 seconds, Stopping threads took: 0.0000620 seconds
291.193: Application time: 0.1252370 seconds
291.193: [GC [PSYoungGen: 23344K->288K(23552K)] 28431K->5631K(56320K), 0.0005220 secs] [Times: user=0.00 sys=0.00, real=0.00 secs] 
291.194: Total time for which application threads were stopped: 0.0006620 seconds, Stopping threads took: 0.0000570 seconds
291.322: Application time: 0.1281900 seconds
291.322: [GC [PSYoungGen: 23328K->256K(23552K)] 28671K->5767K(56320K), 0.0004550 secs] [Times: user=0.00 sys=0.00, real=0.00 secs] 
291.323: Total time for which application threads were stopped: 0.0005910 seconds, Stopping threads took: 0.0000550 seconds
291.449: Application time: 0.1258560 seconds
291.449: [GC [PSYoungGen: 23296K->256K(23552K)] 28807K->5767K(56320K), 0.0004010 secs] [Times: user=0.00 sys=0.00, real=0.00 secs] 
291.449: Total time for which application threads were stopped: 0.0005550 seconds, Stopping threads took: 0.0000650 seconds
291.576: Application time: 0.1271740 seconds
291.577: [GC [PSYoungGen: 23296K->256K(23552K)] 28807K->5887K(56320K), 0.0004170 secs] [Times: user=0.00 sys=0.00, real=0.00 secs] 
291.577: Total time for which application threads were stopped: 0.0005540 seconds, Stopping threads took: 0.0000570 seconds
291.704: Application time: 0.1272370 seconds
291.704: [GC [PSYoungGen: 23296K->256K(23552K)] 28927K->5959K(56320K), 0.0004230 secs] [Times: user=0.00 sys=0.00, real=0.00 secs] 
291.705: Total time for which application threads were stopped: 0.0005710 seconds, Stopping threads took: 0.0000620 seconds
291.829: Application time: 0.1243820 seconds
291.829: [GC [PSYoungGen: 23296K->384K(23552K)] 28999K->6087K(56320K), 0.0004420 secs] [Times: user=0.00 sys=0.00, real=0.00 secs] 
291.830: Total time for which application threads were stopped: 0.0005970 seconds, Stopping threads took: 0.0000700 seconds
291.956: Application time: 0.1258930 seconds
291.956: [GC [PSYoungGen: 23424K->288K(23552K)] 29127K->6247K(56320K), 0.0005230 secs] [Times: user=0.01 sys=0.00, real=0.00 secs] 
291.956: Total time for which application threads were stopped: 0.0006690 seconds, Stopping threads took: 0.0000540 seconds
292.084: Application time: 0.1276970 seconds
292.084: [GC [PSYoungGen: 23328K->256K(23552K)] 29287K->6376K(56320K), 0.0004320 secs] [Times: user=0.00 sys=0.00, real=0.00 secs] 
292.086: Total time for which application threads were stopped: 0.0016050 seconds, Stopping threads took: 0.0000540 seconds
292.213: Application time: 0.1269580 seconds
292.213: [GC [PSYoungGen: 23296K->256K(23552K)] 29416K->6376K(56320K), 0.0004590 secs] [Times: user=0.01 sys=0.00, real=0.00 secs] 
292.213: Total time for which application threads were stopped: 0.0006490 seconds, Stopping threads took: 0.0001040 seconds
292.341: Application time: 0.1276610 seconds
292.341: [GC [PSYoungGen: 23296K->256K(23552K)] 29416K->6496K(56320K), 0.0004490 secs] [Times: user=0.00 sys=0.00, real=0.00 secs] 
292.342: Total time for which application threads were stopped: 0.0005810 seconds, Stopping threads took: 0.0000530 seconds
292.469: Application time: 0.1275540 seconds
292.469: [GC [PSYoungGen: 23296K->256K(23552K)] 29536K->6568K(56320K), 0.0004200 secs] [Times: user=0.01 sys=0.00, real=0.00 secs] 
292.470: Total time for which application threads were stopped: 0.0005500 seconds, Stopping threads took: 0.0000450 seconds
292.594: Application time: 0.1245750 seconds
292.594: [GC [PSYoungGen: 23296K->384K(23552K)] 29608K->6696K(56320K), 0.0004430 secs] [Times: user=0.00 sys=0.00, real=0.00 secs] 
292.595: Total time for which application threads were stopped: 0.0005720 seconds, Stopping threads took: 0.0000520 seconds
292.721: Application time: 0.1264200 seconds
292.721: [GC [PSYoungGen: 23424K->320K(23552K)] 29736K->6892K(56320K), 0.0005310 secs] [Times: user=0.00 sys=0.00, real=0.00 secs] 
292.722: Total time for which application threads were stopped: 0.0006750 seconds, Stopping threads took: 0.0000640 seconds
292.849: Application time: 0.1274390 seconds
292.849: [GC [PSYoungGen: 23360K->256K(23552K)] 29932K->6996K(56320K), 0.0004170 secs] [Times: user=0.00 sys=0.00, real=0.00 secs] 
292.850: Total time for which application threads were stopped: 0.0005520 seconds, Stopping threads took: 0.0000570 seconds
292.977: Application time: 0.1270560 seconds
292.979: [GC [PSYoungGen: 23296K->256K(23552K)] 30036K->6996K(56320K), 0.0004700 secs] [Times: user=0.00 sys=0.00, real=0.00 secs] 
292.980: Total time for which application threads were stopped: 0.0029480 seconds, Stopping threads took: 0.0023850 seconds
293.107: Application time: 0.1272450 seconds
293.107: [GC [PSYoungGen: 23296K->224K(23552K)] 30036K->7084K(56320K), 0.0004730 secs] [Times: user=0.00 sys=0.00, real=0.01 secs] 
293.108: Total time for which application threads were stopped: 0.0006120 seconds, Stopping threads took: 0.0000520 seconds
293.235: Application time: 0.1274530 seconds
293.235: [GC [PSYoungGen: 23264K->256K(23552K)] 30124K->7188K(56320K), 0.0005260 secs] [Times: user=0.00 sys=0.00, real=0.00 secs] 
293.236: Total time for which application threads were stopped: 0.0006710 seconds, Stopping threads took: 0.0000590 seconds
293.362: Application time: 0.1260630 seconds
293.362: [GC [PSYoungGen: 23296K->272K(23552K)] 30228K->7204K(56320K), 0.0004400 secs] [Times: user=0.00 sys=0.00, real=0.00 secs] 
293.363: Total time for which application threads were stopped: 0.0005920 seconds, Stopping threads took: 0.0000670 seconds
293.487: Application time: 0.1242830 seconds
293.487: [GC [PSYoungGen: 23312K->368K(23552K)] 30244K->7468K(56320K), 0.0004910 secs] [Times: user=0.01 sys=0.00, real=0.01 secs] 
293.487: Total time for which application threads were stopped: 0.0006500 seconds, Stopping threads took: 0.0000660 seconds
293.614: Application time: 0.1269360 seconds
293.614: [GC [PSYoungGen: 23408K->256K(23552K)] 30508K->7613K(56320K), 0.0004570 secs] [Times: user=0.00 sys=0.00, real=0.00 secs] 
293.615: Total time for which application threads were stopped: 0.0005980 seconds, Stopping threads took: 0.0000570 seconds
293.742: Application time: 0.1271810 seconds
293.742: [GC [PSYoungGen: 23296K->256K(23552K)] 30653K->7613K(56320K), 0.0003840 secs] [Times: user=0.00 sys=0.00, real=0.00 secs] 
293.743: Total time for which application threads were stopped: 0.0005290 seconds, Stopping threads took: 0.0000610 seconds
293.870: Application time: 0.1268560 seconds
293.870: [GC [PSYoungGen: 23296K->256K(23552K)] 30653K->7685K(56320K), 0.0004580 secs] [Times: user=0.00 sys=0.00, real=0.00 secs] 
293.870: Total time for which application threads were stopped: 0.0006000 seconds, Stopping threads took: 0.0000520 seconds
293.997: Application time: 0.1273390 seconds
293.998: [GC [PSYoungGen: 23296K->224K(23552K)] 30725K->7773K(56320K), 0.0004400 secs] [Times: user=0.00 sys=0.00, real=0.00 secs] 
293.998: Total time for which application threads were stopped: 0.0005850 seconds, Stopping threads took: 0.0000570 seconds
294.125: Application time: 0.1269520 seconds
294.125: [GC [PSYoungGen: 23261K->256K(23552K)] 30810K->7805K(56320K), 0.0004510 secs] [Times: user=0.00 sys=0.00, real=0.00 secs] 
294.126: Total time for which application threads were stopped: 0.0005860 seconds, Stopping threads took: 0.0000560 seconds
294.250: Application time: 0.1241250 seconds
294.250: [GC [PSYoungGen: 23296K->416K(23552K)] 30845K->8061K(56320K), 0.0005130 secs] [Times: user=0.01 sys=0.00, real=0.00 secs] 
294.250: Total time for which application threads were stopped: 0.0006440 seconds, Stopping threads took: 0.0000500 seconds
294.378: Application time: 0.1274540 seconds
294.378: [GC [PSYoungGen: 23456K->256K(23552K)] 31101K->8241K(56320K), 0.0005100 secs] [Times: user=0.00 sys=0.00, real=0.00 secs] 
294.378: Total time for which application threads were stopped: 0.0006490 seconds, Stopping threads took: 0.0000600 seconds
294.506: Application time: 0.1272950 seconds
294.506: [GC [PSYoungGen: 23296K->192K(23552K)] 31281K->8177K(56320K), 0.0004070 secs] [Times: user=0.00 sys=0.00, real=0.00 secs] 
294.506: Total time for which application threads were stopped: 0.0005600 seconds, Stopping threads took: 0.0000620 seconds
294.633: Application time: 0.1271350 seconds
294.634: [GC [PSYoungGen: 23232K->256K(23552K)] 31217K->8265K(56320K), 0.0004020 secs] [Times: user=0.01 sys=0.00, real=0.00 secs] 
294.634: Total time for which application threads were stopped: 0.0005400 seconds, Stopping threads took: 0.0000570 seconds
294.761: Application time: 0.1274030 seconds
294.762: [GC [PSYoungGen: 23296K->256K(23552K)] 31305K->8433K(56320K), 0.0004470 secs] [Times: user=0.01 sys=0.00, real=0.00 secs] 
294.762: Total time for which application threads were stopped: 0.0006000 seconds, Stopping threads took: 0.0000700 seconds
294.889: Application time: 0.1270650 seconds
294.889: [GC [PSYoungGen: 23296K->256K(23552K)] 31473K->8433K(56320K), 0.0004090 secs] [Times: user=0.00 sys=0.00, real=0.00 secs] 
294.890: Total time for which application threads were stopped: 0.0005580 seconds, Stopping threads took: 0.0000700 seconds
295.014: Application time: 0.1243550 seconds
295.014: [GC [PSYoungGen: 23296K->400K(23552K)] 31473K->8641K(56320K), 0.0005110 secs] [Times: user=0.00 sys=0.00, real=0.00 secs] 
295.015: Total time for which application threads were stopped: 0.0006670 seconds, Stopping threads took: 0.0000620 seconds
295.142: Application time: 0.1268940 seconds
295.142: [GC [PSYoungGen: 23440K->256K(23552K)] 31681K->8794K(56320K), 0.0004820 secs] [Times: user=0.00 sys=0.00, real=0.00 secs] 
295.142: Total time for which application threads were stopped: 0.0006410 seconds, Stopping threads took: 0.0000700 seconds
295.270: Application time: 0.1279610 seconds
295.270: [GC [PSYoungGen: 23296K->256K(23552K)] 31834K->8874K(56320K), 0.0004080 secs] [Times: user=0.00 sys=0.00, real=0.00 secs] 
295.271: Total time for which application threads were stopped: 0.0005400 seconds, Stopping threads took: 0.0000520 seconds
295.398: Application time: 0.1272670 seconds
295.398: [GC [PSYoungGen: 23296K->256K(23552K)] 31914K->8898K(56320K), 0.0004130 secs] [Times: user=0.00 sys=0.00, real=0.00 secs] 
295.399: Total time for which application threads were stopped: 0.0005600 seconds, Stopping threads took: 0.0000680 seconds
295.526: Application time: 0.1272540 seconds
295.526: [GC [PSYoungGen: 23296K->256K(23552K)] 31938K->9018K(56320K), 0.0004220 secs] [Times: user=0.00 sys=0.00, real=0.00 secs] 
295.526: Total time for which application threads were stopped: 0.0005680 seconds, Stopping threads took: 0.0000610 seconds
295.653: Application time: 0.1269630 seconds
295.653: [GC [PSYoungGen: 23296K->256K(23552K)] 32058K->9066K(56320K), 0.0004790 secs] [Times: user=0.00 sys=0.00, real=0.00 secs] 
295.654: Total time for which application threads were stopped: 0.0006180 seconds, Stopping threads took: 0.0000540 seconds
295.778: Application time: 0.1244750 seconds
295.779: [GC [PSYoungGen: 23296K->368K(23552K)] 32106K->9242K(56320K), 0.0004830 secs] [Times: user=0.00 sys=0.00, real=0.00 secs] 
295.779: Total time for which application threads were stopped: 0.0006260 seconds, Stopping threads took: 0.0000630 seconds
295.906: Application time: 0.1265280 seconds
295.906: [GC [PSYoungGen: 23408K->288K(23552K)] 32282K->9422K(56320K), 0.0005170 secs] [Times: user=0.00 sys=0.00, real=0.00 secs] 
295.906: Total time for which application threads were stopped: 0.0006640 seconds, Stopping threads took: 0.0000620 seconds
296.034: Application time: 0.1273770 seconds
296.034: [GC [PSYoungGen: 23328K->256K(23552K)] 32462K->9502K(56320K), 0.0004380 secs] [Times: user=0.00 sys=0.00, real=0.00 secs] 
296.034: Total time for which application threads were stopped: 0.0006000 seconds, Stopping threads took: 0.0000680 seconds
296.162: Application time: 0.1272540 seconds
296.162: [GC [PSYoungGen: 23296K->256K(23552K)] 32542K->9502K(56320K), 0.0004250 secs] [Times: user=0.00 sys=0.00, real=0.00 secs] 
296.162: Total time for which application threads were stopped: 0.0005740 seconds, Stopping threads took: 0.0000630 seconds
296.289: Application time: 0.1268870 seconds
296.289: [GC [PSYoungGen: 23296K->256K(23552K)] 32542K->9622K(56320K), 0.0004730 secs] [Times: user=0.00 sys=0.00, real=0.00 secs] 
296.290: Total time for which application threads were stopped: 0.0006310 seconds, Stopping threads took: 0.0000760 seconds
296.417: Application time: 0.1271510 seconds
296.417: [GC [PSYoungGen: 23296K->256K(23552K)] 32662K->9694K(56320K), 0.0004070 secs] [Times: user=0.00 sys=0.00, real=0.00 secs] 
296.417: Total time for which application threads were stopped: 0.0005430 seconds, Stopping threads took: 0.0000540 seconds
296.542: Application time: 0.1251030 seconds
296.543: [GC [PSYoungGen: 23296K->368K(23552K)] 32734K->9806K(56320K), 0.0004630 secs] [Times: user=0.00 sys=0.00, real=0.00 secs] 
296.543: Total time for which application threads were stopped: 0.0006070 seconds, Stopping threads took: 0.0000510 seconds
296.669: Application time: 0.1256880 seconds
296.669: [GC [PSYoungGen: 23408K->336K(23552K)] 32846K->10039K(56320K), 0.0005270 secs] [Times: user=0.00 sys=0.00, real=0.00 secs] 
296.669: Total time for which application threads were stopped: 0.0006620 seconds, Stopping threads took: 0.0000500 seconds
296.797: Application time: 0.1273170 seconds
296.797: [GC [PSYoungGen: 23376K->256K(23552K)] 33079K->10123K(56320K), 0.0004680 secs] [Times: user=0.00 sys=0.00, real=0.00 secs] 
296.797: Total time for which application threads were stopped: 0.0006070 seconds, Stopping threads took: 0.0000560 seconds
296.924: Application time: 0.1271860 seconds
296.925: [GC [PSYoungGen: 23296K->256K(23552K)] 33163K->10123K(56320K), 0.0004340 secs] [Times: user=0.00 sys=0.00, real=0.00 secs] 
296.925: Total time for which application threads were stopped: 0.0005840 seconds, Stopping threads took: 0.0000680 seconds
297.052: Application time: 0.1271070 seconds
297.052: [GC [PSYoungGen: 23296K->256K(23552K)] 33163K->10243K(56320K), 0.0004560 secs] [Times: user=0.00 sys=0.00, real=0.00 secs] 
297.053: Total time for which application threads were stopped: 0.0005970 seconds, Stopping threads took: 0.0000470 seconds
297.180: Application time: 0.1272740 seconds
297.180: [GC [PSYoungGen: 23296K->256K(23552K)] 33283K->10315K(56320K), 0.0004470 secs] [Times: user=0.00 sys=0.00, real=0.00 secs] 
297.182: Total time for which application threads were stopped: 0.0016690 seconds, Stopping threads took: 0.0000590 seconds
297.306: Application time: 0.1241930 seconds
297.306: [GC [PSYoungGen: 23296K->368K(23552K)] 33355K->10427K(56320K), 0.0004800 secs] [Times: user=0.01 sys=0.00, real=0.00 secs] 
297.307: Total time for which application threads were stopped: 0.0006190 seconds, Stopping threads took: 0.0000610 seconds
297.432: Application time: 0.1258790 seconds
297.433: [GC [PSYoungGen: 23408K->272K(23552K)] 33467K->10575K(56320K), 0.0005790 secs] [Times: user=0.00 sys=0.00, real=0.00 secs] 
297.433: Total time for which application threads were stopped: 0.0007270 seconds, Stopping threads took: 0.0000630 seconds
297.561: Application time: 0.1278990 seconds
297.561: [GC [PSYoungGen: 23312K->256K(23552K)] 33615K->10743K(56320K), 0.0004540 secs] [Times: user=0.00 sys=0.00, real=0.00 secs] 
297.562: Total time for which application threads were stopped: 0.0006070 seconds, Stopping threads took: 0.0000590 seconds
297.688: Application time: 0.1264230 seconds
297.688: [GC [PSYoungGen: 23296K->256K(23552K)] 33783K->10743K(56320K), 0.0004630 secs] [Times: user=0.01 sys=0.00, real=0.00 secs] 
297.689: Total time for which application threads were stopped: 0.0006060 seconds, Stopping threads took: 0.0000610 seconds
297.815: Application time: 0.1267260 seconds
297.816: [GC [PSYoungGen: 23296K->224K(23552K)] 33783K->10823K(56320K), 0.0004800 secs] [Times: user=0.01 sys=0.00, real=0.00 secs] 
297.816: Total time for which application threads were stopped: 0.0006300 seconds, Stopping threads took: 0.0000660 seconds
297.944: Application time: 0.1278140 seconds
297.944: [GC [PSYoungGen: 23264K->256K(23552K)] 33863K->10927K(56320K), 0.0004140 secs] [Times: user=0.00 sys=0.00, real=0.00 secs] 
297.944: Total time for which application threads were stopped: 0.0005610 seconds, Stopping threads took: 0.0000660 seconds
298.069: Application time: 0.1245070 seconds
298.069: [GC [PSYoungGen: 23296K->336K(23552K)] 33967K->11007K(56320K), 0.0004760 secs] [Times: user=0.00 sys=0.00, real=0.00 secs] 
298.070: Total time for which application threads were stopped: 0.0006140 seconds, Stopping threads took: 0.0000490 seconds
298.195: Application time: 0.1251290 seconds
298.195: [GC [PSYoungGen: 23376K->304K(23552K)] 34047K->11244K(56320K), 0.0004920 secs] [Times: user=0.00 sys=0.00, real=0.01 secs] 
298.195: Total time for which application threads were stopped: 0.0006230 seconds, Stopping threads took: 0.0000530 seconds
298.322: Application time: 0.1268940 seconds
298.322: [GC [PSYoungGen: 23344K->256K(23552K)] 34284K->11372K(56320K), 0.0004540 secs] [Times: user=0.00 sys=0.00, real=0.00 secs] 
298.323: Total time for which application threads were stopped: 0.0005920 seconds, Stopping threads took: 0.0000550 seconds
298.450: Application time: 0.1267480 seconds
298.450: [GC [PSYoungGen: 23296K->240K(23552K)] 34412K->11356K(56320K), 0.0004740 secs] [Times: user=0.00 sys=0.00, real=0.00 secs] 
298.450: Total time for which application threads were stopped: 0.0006160 seconds, Stopping threads took: 0.0000630 seconds
298.576: Application time: 0.1261600 seconds
298.576: [GC [PSYoungGen: 23280K->256K(23552K)] 34396K->11492K(56320K), 0.0004410 secs] [Times: user=0.00 sys=0.00, real=0.00 secs] 
298.577: Total time for which application threads were stopped: 0.0005920 seconds, Stopping threads took: 0.0000590 seconds
298.705: Application time: 0.1277810 seconds
298.705: [GC [PSYoungGen: 23296K->256K(23552K)] 34532K->11564K(56320K), 0.0003820 secs] [Times: user=0.01 sys=0.00, real=0.00 secs] 
298.705: Total time for which application threads were stopped: 0.0005270 seconds, Stopping threads took: 0.0000640 seconds
298.831: Application time: 0.1256820 seconds
298.831: [GC [PSYoungGen: 23296K->336K(23552K)] 34604K->11644K(56320K), 0.0004560 secs] [Times: user=0.00 sys=0.00, real=0.00 secs] 
298.832: Total time for which application threads were stopped: 0.0005980 seconds, Stopping threads took: 0.0000580 seconds
298.957: Application time: 0.1257270 seconds
298.957: [GC [PSYoungGen: 23376K->320K(23552K)] 34684K->11828K(56320K), 0.0005200 secs] [Times: user=0.00 sys=0.00, real=0.00 secs] 
298.958: Total time for which application threads were stopped: 0.0006630 seconds, Stopping threads took: 0.0000580 seconds
299.085: Application time: 0.1268130 seconds
299.085: [GC [PSYoungGen: 23360K->256K(23552K)] 34868K->11980K(56320K), 0.0004410 secs] [Times: user=0.00 sys=0.00, real=0.00 secs] 
299.085: Total time for which application threads were stopped: 0.0005870 seconds, Stopping threads took: 0.0000490 seconds
299.213: Application time: 0.1272550 seconds
299.213: [GC [PSYoungGen: 23296K->256K(23552K)] 35020K->11980K(56320K), 0.0003970 secs] [Times: user=0.00 sys=0.00, real=0.00 secs] 
299.213: Total time for which application threads were stopped: 0.0005350 seconds, Stopping threads took: 0.0000590 seconds
299.340: Application time: 0.1272330 seconds
299.340: [GC [PSYoungGen: 23296K->256K(23552K)] 35020K->12076K(56320K), 0.0004030 secs] [Times: user=0.00 sys=0.00, real=0.00 secs] 
299.341: Total time for which application threads were stopped: 0.0005390 seconds, Stopping threads took: 0.0000580 seconds
299.469: Application time: 0.1276950 seconds
299.469: [GC [PSYoungGen: 23296K->224K(23552K)] 35116K->12140K(56320K), 0.0004550 secs] [Times: user=0.00 sys=0.00, real=0.00 secs] 
299.469: Total time for which application threads were stopped: 0.0006000 seconds, Stopping threads took: 0.0000610 seconds
299.595: Application time: 0.1257520 seconds
299.595: [GC [PSYoungGen: 23264K->272K(23552K)] 35180K->12188K(56320K), 0.0004640 secs] [Times: user=0.00 sys=0.00, real=0.01 secs] 
299.596: Total time for which application threads were stopped: 0.0006100 seconds, Stopping threads took: 0.0000520 seconds
299.720: Application time: 0.1248850 seconds
299.721: [GC [PSYoungGen: 23312K->352K(23552K)] 35228K->12444K(56320K), 0.0005000 secs] [Times: user=0.00 sys=0.00, real=0.00 secs] 
299.721: Total time for which application threads were stopped: 0.0006290 seconds, Stopping threads took: 0.0000520 seconds
299.849: Application time: 0.1278450 seconds
299.849: [GC [PSYoungGen: 23392K->256K(23552K)] 35484K->12609K(56320K), 0.0005190 secs] [Times: user=0.00 sys=0.00, real=0.00 secs] 
299.850: Total time for which application threads were stopped: 0.0006580 seconds, Stopping threads took: 0.0000570 seconds
299.977: Application time: 0.1273190 seconds
299.977: [GC [PSYoungGen: 23296K->256K(23552K)] 35649K->12609K(56320K), 0.0004340 secs] [Times: user=0.00 sys=0.00, real=0.00 secs] 
299.977: Total time for which application threads were stopped: 0.0005750 seconds, Stopping threads took: 0.0000610 seconds
300.104: Application time: 0.1262480 seconds
300.104: [GC [PSYoungGen: 23296K->224K(23552K)] 35649K->12601K(56320K), 0.0004500 secs] [Times: user=0.00 sys=0.00, real=0.00 secs] 
300.104: Total time for which application threads were stopped: 0.0006010 seconds, Stopping threads took: 0.0000620 seconds
300.232: Application time: 0.1280070 seconds
300.232: [GC [PSYoungGen: 23264K->256K(23552K)] 35641K->12801K(56320K), 0.0004510 secs] [Times: user=0.00 sys=0.00, real=0.00 secs] 
300.233: Total time for which application threads were stopped: 0.0005960 seconds, Stopping threads took: 0.0000610 seconds
300.359: Application time: 0.1265330 seconds
300.360: [GC [PSYoungGen: 23296K->256K(23552K)] 35841K->12801K(56320K), 0.0003900 secs] [Times: user=0.00 sys=0.00, real=0.00 secs] 
300.360: Total time for which application threads were stopped: 0.0005280 seconds, Stopping threads took: 0.0000590 seconds
300.484: Application time: 0.1237030 seconds
300.484: [GC [PSYoungGen: 23296K->448K(23552K)] 35841K->13057K(56320K), 0.0004940 secs] [Times: user=0.01 sys=0.00, real=0.00 secs] 
300.484: Total time for which application threads were stopped: 0.0006320 seconds, Stopping threads took: 0.0000570 seconds
300.612: Application time: 0.1273560 seconds
300.612: [GC [PSYoungGen: 23488K->256K(23552K)] 36097K->13213K(56320K), 0.0005040 secs] [Times: user=0.01 sys=0.00, real=0.00 secs] 
300.612: Total time for which application threads were stopped: 0.0006630 seconds, Stopping threads took: 0.0000670 seconds
300.740: Application time: 0.1273050 seconds
300.740: [GC [PSYoungGen: 23296K->256K(23552K)] 36253K->13213K(56320K), 0.0003840 secs] [Times: user=0.00 sys=0.00, real=0.00 secs] 
300.740: Total time for which application threads were stopped: 0.0005170 seconds, Stopping threads took: 0.0000540 seconds
300.867: Application time: 0.1271790 seconds
300.867: [GC [PSYoungGen: 23296K->256K(23552K)] 36253K->13237K(56320K), 0.0004130 secs] [Times: user=0.01 sys=0.00, real=0.00 secs] 
300.868: Total time for which application threads were stopped: 0.0005420 seconds, Stopping threads took: 0.0000560 seconds
300.995: Application time: 0.1273040 seconds
300.995: [GC [PSYoungGen: 23296K->256K(23552K)] 36277K->13381K(56320K), 0.0004190 secs] [Times: user=0.00 sys=0.00, real=0.00 secs] 
300.996: Total time for which application threads were stopped: 0.0005640 seconds, Stopping threads took: 0.0000670 seconds
301.122: Application time: 0.1267120 seconds
301.123: [GC [PSYoungGen: 23296K->256K(23552K)] 36421K->13405K(56320K), 0.0004440 secs] [Times: user=0.00 sys=0.00, real=0.00 secs] 
301.123: Total time for which application threads were stopped: 0.0006020 seconds, Stopping threads took: 0.0000680 seconds
301.248: Application time: 0.1244830 seconds
301.248: [GC [PSYoungGen: 23296K->320K(23552K)] 36445K->13541K(56320K), 0.0004900 secs] [Times: user=0.00 sys=0.00, real=0.00 secs] 
301.248: Total time for which application threads were stopped: 0.0006230 seconds, Stopping threads took: 0.0000520 seconds
301.374: Application time: 0.1256640 seconds
301.374: [GC [PSYoungGen: 23360K->272K(23552K)] 36581K->13746K(56320K), 0.0005000 secs] [Times: user=0.00 sys=0.00, real=0.00 secs] 
301.374: Total time for which application threads were stopped: 0.0006360 seconds, Stopping threads took: 0.0000580 seconds
301.501: Application time: 0.1269010 seconds
301.502: [GC [PSYoungGen: 23312K->256K(23552K)] 36786K->13866K(56320K), 0.0004310 secs] [Times: user=0.01 sys=0.00, real=0.00 secs] 
301.502: Total time for which application threads were stopped: 0.0005780 seconds, Stopping threads took: 0.0000650 seconds
301.629: Application time: 0.1270370 seconds
301.629: [GC [PSYoungGen: 23296K->256K(23552K)] 36906K->13890K(56320K), 0.0004350 secs] [Times: user=0.00 sys=0.00, real=0.00 secs] 
301.630: Total time for which application threads were stopped: 0.0005820 seconds, Stopping threads took: 0.0000540 seconds
301.756: Application time: 0.1268990 seconds
301.757: [GC [PSYoungGen: 23296K->256K(23552K)] 36930K->13986K(56320K), 0.0004180 secs] [Times: user=0.00 sys=0.00, real=0.00 secs] 
301.757: Total time for which application threads were stopped: 0.0005640 seconds, Stopping threads took: 0.0000650 seconds
301.884: Application time: 0.1273540 seconds
301.885: [GC [PSYoungGen: 23296K->256K(23552K)] 37026K->14058K(56320K), 0.0004590 secs] [Times: user=0.01 sys=0.00, real=0.00 secs] 
301.885: Total time for which application threads were stopped: 0.0005860 seconds, Stopping threads took: 0.0000510 seconds
302.010: Application time: 0.1250950 seconds
302.010: [GC [PSYoungGen: 23296K->400K(23552K)] 37098K->14202K(56320K), 0.0004910 secs] [Times: user=0.00 sys=0.00, real=0.00 secs] 
302.011: Total time for which application threads were stopped: 0.0006300 seconds, Stopping threads took: 0.0000590 seconds
302.137: Application time: 0.1258320 seconds
302.137: [GC [PSYoungGen: 23440K->320K(23552K)] 37242K->14374K(56320K), 0.0006120 secs] [Times: user=0.00 sys=0.00, real=0.00 secs] 
302.137: Total time for which application threads were stopped: 0.0007660 seconds, Stopping threads took: 0.0000550 seconds
302.265: Application time: 0.1274840 seconds
302.265: [GC [PSYoungGen: 23360K->224K(23552K)] 37414K->14438K(56320K), 0.0004650 secs] [Times: user=0.00 sys=0.00, real=0.00 secs] 
302.267: Total time for which application threads were stopped: 0.0017750 seconds, Stopping threads took: 0.0000610 seconds
302.393: Application time: 0.1266160 seconds
302.393: [GC [PSYoungGen: 23264K->256K(23552K)] 37478K->14470K(56320K), 0.0004480 secs] [Times: user=0.00 sys=0.00, real=0.00 secs] 
302.394: Total time for which application threads were stopped: 0.0005910 seconds, Stopping threads took: 0.0000610 seconds
302.521: Application time: 0.1273360 seconds
302.521: [GC [PSYoungGen: 23296K->256K(23552K)] 37510K->14590K(56320K), 0.0004520 secs] [Times: user=0.00 sys=0.00, real=0.00 secs] 
302.522: Total time for which application threads were stopped: 0.0005980 seconds, Stopping threads took: 0.0000580 seconds
302.649: Application time: 0.1273690 seconds
302.649: [GC [PSYoungGen: 23295K->256K(23552K)] 37630K->14662K(56320K), 0.0004260 secs] [Times: user=0.00 sys=0.00, real=0.00 secs] 
302.650: Total time for which application threads were stopped: 0.0005850 seconds, Stopping threads took: 0.0000670 seconds
302.775: Application time: 0.1251630 seconds
302.775: [GC [PSYoungGen: 23296K->400K(23552K)] 37702K->14806K(56320K), 0.0004800 secs] [Times: user=0.00 sys=0.00, real=0.01 secs] 
302.775: Total time for which application threads were stopped: 0.0006100 seconds, Stopping threads took: 0.0000510 seconds
302.901: Application time: 0.1257930 seconds
302.901: [GC [PSYoungGen: 23440K->288K(23552K)] 37846K->14943K(56320K), 0.0004990 secs] [Times: user=0.00 sys=0.00, real=0.00 secs] 
302.902: Total time for which application threads were stopped: 0.0006400 seconds, Stopping threads took: 0.0000640 seconds
303.029: Application time: 0.1272360 seconds
303.029: [GC [PSYoungGen: 23328K->256K(23552K)] 37983K->15063K(56320K), 0.0004250 secs] [Times: user=0.00 sys=0.00, real=0.00 secs] 
303.030: Total time for which application threads were stopped: 0.0005560 seconds, Stopping threads took: 0.0000510 seconds
303.156: Application time: 0.1264560 seconds
303.156: [GC [PSYoungGen: 23296K->256K(23552K)] 38103K->15063K(56320K), 0.0004660 secs] [Times: user=0.00 sys=0.00, real=0.00 secs] 
303.157: Total time for which application threads were stopped: 0.0006280 seconds, Stopping threads took: 0.0000680 seconds
303.285: Application time: 0.1277690 seconds
303.287: [GC [PSYoungGen: 23296K->256K(23552K)] 38103K->15183K(56320K), 0.0004970 secs] [Times: user=0.00 sys=0.00, real=0.00 secs] 
303.288: Total time for which application threads were stopped: 0.0032920 seconds, Stopping threads took: 0.0027160 seconds
303.415: Application time: 0.1272470 seconds
303.419: [GC [PSYoungGen: 23296K->256K(23552K)] 38223K->15255K(56320K), 0.0004760 secs] [Times: user=0.00 sys=0.00, real=0.00 secs] 
303.420: Total time for which application threads were stopped: 0.0047280 seconds, Stopping threads took: 0.0041740 seconds
303.544: Application time: 0.1242300 seconds
303.544: [GC [PSYoungGen: 23296K->320K(23552K)] 38295K->15319K(56320K), 0.0004830 secs] [Times: user=0.00 sys=0.00, real=0.00 secs] 
303.545: Total time for which application threads were stopped: 0.0006200 seconds, Stopping threads took: 0.0000540 seconds
303.670: Application time: 0.1255460 seconds
303.671: [GC [PSYoungGen: 23360K->304K(23552K)] 38359K->15559K(56320K), 0.0005650 secs] [Times: user=0.01 sys=0.00, real=0.00 secs] 
303.672: Total time for which application threads were stopped: 0.0017150 seconds, Stopping threads took: 0.0010580 seconds
303.800: Application time: 0.1275830 seconds
303.800: [GC [PSYoungGen: 23344K->256K(23552K)] 38599K->15687K(56320K), 0.0005040 secs] [Times: user=0.00 sys=0.00, real=0.00 secs] 
303.800: Total time for which application threads were stopped: 0.0006680 seconds, Stopping threads took: 0.0000810 seconds
303.928: Application time: 0.1273190 seconds
303.928: [GC [PSYoungGen: 23296K->256K(23552K)] 38727K->15687K(56320K), 0.0004350 secs] [Times: user=0.00 sys=0.00, real=0.00 secs] 
303.928: Total time for which application threads were stopped: 0.0005870 seconds, Stopping threads took: 0.0000710 seconds
304.055: Application time: 0.1273820 seconds
304.056: [GC [PSYoungGen: 23296K->192K(23552K)] 38727K->15743K(56320K), 0.0005390 secs] [Times: user=0.00 sys=0.00, real=0.00 secs] 
304.056: Total time for which application threads were stopped: 0.0006820 seconds, Stopping threads took: 0.0000600 seconds
304.184: Application time: 0.1273190 seconds
304.184: [GC [PSYoungGen: 23232K->256K(23552K)] 38783K->15879K(56320K), 0.0004420 secs] [Times: user=0.00 sys=0.00, real=0.00 secs] 
304.184: Total time for which application threads were stopped: 0.0006010 seconds, Stopping threads took: 0.0000620 seconds
304.310: Application time: 0.1255540 seconds
304.310: [GC [PSYoungGen: 23296K->320K(23552K)] 38919K->15943K(56320K), 0.0004950 secs] [Times: user=0.00 sys=0.00, real=0.00 secs] 
304.310: Total time for which application threads were stopped: 0.0006410 seconds, Stopping threads took: 0.0000640 seconds
304.436: Application time: 0.1256870 seconds
304.436: [GC [PSYoungGen: 23360K->304K(23552K)] 38983K->16156K(56320K), 0.0005280 secs] [Times: user=0.00 sys=0.00, real=0.00 secs] 
304.437: Total time for which application threads were stopped: 0.0006690 seconds, Stopping threads took: 0.0000590 seconds
304.564: Application time: 0.1274310 seconds
304.564: [GC [PSYoungGen: 23344K->256K(23552K)] 39196K->16328K(56320K), 0.0004410 secs] [Times: user=0.00 sys=0.00, real=0.00 secs] 
304.565: Total time for which application threads were stopped: 0.0005750 seconds, Stopping threads took: 0.0000510 seconds
304.691: Application time: 0.1266450 seconds
304.691: [GC [PSYoungGen: 23296K->192K(23552K)] 39368K->16264K(56320K), 0.0005160 secs] [Times: user=0.00 sys=0.00, real=0.00 secs] 
304.692: Total time for which application threads were stopped: 0.0006790 seconds, Stopping threads took: 0.0000750 seconds
304.819: Application time: 0.1272380 seconds
304.819: [GC [PSYoungGen: 23232K->256K(23552K)] 39304K->16424K(56320K), 0.0004280 secs] [Times: user=0.00 sys=0.00, real=0.00 secs] 
304.820: Total time for which application threads were stopped: 0.0005680 seconds, Stopping threads took: 0.0000540 seconds
304.955: Application time: 0.1352300 seconds
304.955: [GC [PSYoungGen: 23296K->256K(23552K)] 39464K->16520K(56320K), 0.0004400 secs] [Times: user=0.00 sys=0.00, real=0.01 secs] 
304.956: Total time for which application threads were stopped: 0.0005880 seconds, Stopping threads took: 0.0000630 seconds
305.094: Application time: 0.1386740 seconds
305.094: [GC [PSYoungGen: 23282K->272K(23552K)] 39547K->16536K(56320K), 0.0004670 secs] [Times: user=0.00 sys=0.00, real=0.00 secs] 
305.095: Total time for which application threads were stopped: 0.0006060 seconds, Stopping threads took: 0.0000540 seconds
305.232: Application time: 0.1367500 seconds
305.232: [GC [PSYoungGen: 23312K->368K(23552K)] 39576K->16760K(56320K), 0.0005320 secs] [Times: user=0.01 sys=0.00, real=0.00 secs] 
305.232: Total time for which application threads were stopped: 0.0006790 seconds, Stopping threads took: 0.0000530 seconds
305.373: Application time: 0.1401990 seconds
305.373: [GC [PSYoungGen: 23408K->256K(23552K)] 39800K->16944K(56320K), 0.0005450 secs] [Times: user=0.00 sys=0.00, real=0.00 secs] 
305.373: Total time for which application threads were stopped: 0.0006980 seconds, Stopping threads took: 0.0000690 seconds
305.513: Application time: 0.1401200 seconds
305.513: [GC [PSYoungGen: 23296K->224K(23552K)] 39984K->16912K(56320K), 0.0004950 secs] [Times: user=0.00 sys=0.00, real=0.00 secs] 
305.514: Total time for which application threads were stopped: 0.0006320 seconds, Stopping threads took: 0.0000550 seconds
305.654: Application time: 0.1397980 seconds
305.654: [GC [PSYoungGen: 23264K->256K(23552K)] 39952K->16968K(56320K), 0.0004660 secs] [Times: user=0.00 sys=0.00, real=0.00 secs] 
305.654: Total time for which application threads were stopped: 0.0006030 seconds, Stopping threads took: 0.0000550 seconds
305.795: Application time: 0.1403650 seconds
305.795: [GC [PSYoungGen: 23296K->256K(23552K)] 40008K->17136K(56320K), 0.0004680 secs] [Times: user=0.00 sys=0.00, real=0.01 secs] 
305.795: Total time for which application threads were stopped: 0.0006300 seconds, Stopping threads took: 0.0000700 seconds
305.935: Application time: 0.1398120 seconds
305.935: [GC [PSYoungGen: 23296K->224K(23552K)] 40176K->17104K(56320K), 0.0004360 secs] [Times: user=0.00 sys=0.00, real=0.00 secs] 
305.936: Total time for which application threads were stopped: 0.0005820 seconds, Stopping threads took: 0.0000650 seconds
306.072: Application time: 0.1360550 seconds
306.072: [GC [PSYoungGen: 23264K->432K(23552K)] 40144K->17377K(56320K), 0.0005870 secs] [Times: user=0.00 sys=0.00, real=0.00 secs] 
306.073: Total time for which application threads were stopped: 0.0007360 seconds, Stopping threads took: 0.0000610 seconds
306.213: Application time: 0.1401710 seconds
306.213: [GC [PSYoungGen: 23472K->224K(23552K)] 40417K->17509K(56320K), 0.0005500 secs] [Times: user=0.00 sys=0.00, real=0.00 secs] 
306.213: Total time for which application threads were stopped: 0.0006910 seconds, Stopping threads took: 0.0000590 seconds
306.353: Application time: 0.1398670 seconds
306.353: [GC [PSYoungGen: 23264K->224K(23552K)] 40549K->17509K(56320K), 0.0004340 secs] [Times: user=0.00 sys=0.00, real=0.00 secs] 
306.354: Total time for which application threads were stopped: 0.0005910 seconds, Stopping threads took: 0.0000590 seconds
306.495: Application time: 0.1405900 seconds
306.495: [GC [PSYoungGen: 23264K->256K(23552K)] 40549K->17565K(56320K), 0.0004940 secs] [Times: user=0.00 sys=0.00, real=0.00 secs] 
306.495: Total time for which application threads were stopped: 0.0006480 seconds, Stopping threads took: 0.0000720 seconds
306.635: Application time: 0.1395080 seconds
306.635: [GC [PSYoungGen: 23296K->256K(23552K)] 40605K->17709K(56320K), 0.0004740 secs] [Times: user=0.00 sys=0.00, real=0.01 secs] 
306.635: Total time for which application threads were stopped: 0.0006120 seconds, Stopping threads took: 0.0000520 seconds
306.775: Application time: 0.1392260 seconds
306.775: [GC [PSYoungGen: 23296K->224K(23552K)] 40749K->17701K(56320K), 0.0005060 secs] [Times: user=0.00 sys=0.00, real=0.00 secs] 
306.775: Total time for which application threads were stopped: 0.0006440 seconds, Stopping threads took: 0.0000520 seconds
306.912: Application time: 0.1372110 seconds
306.913: [GC [PSYoungGen: 23264K->320K(23552K)] 40741K->17869K(56320K), 0.0005310 secs] [Times: user=0.00 sys=0.00, real=0.00 secs] 
306.913: Total time for which application threads were stopped: 0.0006840 seconds, Stopping threads took: 0.0000580 seconds
307.052: Application time: 0.1387840 seconds
307.052: [GC [PSYoungGen: 23360K->256K(23552K)] 40909K->18061K(56320K), 0.0005900 secs] [Times: user=0.00 sys=0.00, real=0.00 secs] 
307.053: Total time for which application threads were stopped: 0.0007400 seconds, Stopping threads took: 0.0000600 seconds
307.193: Application time: 0.1408770 seconds
307.194: [GC [PSYoungGen: 23296K->256K(23552K)] 41101K->18181K(56320K), 0.0004780 secs] [Times: user=0.01 sys=0.00, real=0.00 secs] 
307.194: Total time for which application threads were stopped: 0.0006370 seconds, Stopping threads took: 0.0000750 seconds
307.333: Application time: 0.1392650 seconds
307.334: [GC [PSYoungGen: 23296K->240K(23552K)] 41221K->18189K(56320K), 0.0005040 secs] [Times: user=0.00 sys=0.00, real=0.00 secs] 
307.335: Total time for which application threads were stopped: 0.0016770 seconds, Stopping threads took: 0.0000570 seconds
307.475: Application time: 0.1400920 seconds
307.475: [GC [PSYoungGen: 23280K->256K(23552K)] 41229K->18301K(56320K), 0.0005370 secs] [Times: user=0.00 sys=0.00, real=0.00 secs] 
307.476: Total time for which application threads were stopped: 0.0006930 seconds, Stopping threads took: 0.0000570 seconds
307.615: Application time: 0.1393730 seconds
307.619: [GC [PSYoungGen: 23296K->256K(23552K)] 41341K->18373K(56320K), 0.0004380 secs] [Times: user=0.01 sys=0.00, real=0.00 secs] 
307.620: Total time for which application threads were stopped: 0.0045880 seconds, Stopping threads took: 0.0040680 seconds
307.757: Application time: 0.1373310 seconds
307.757: [GC [PSYoungGen: 23296K->352K(23552K)] 41413K->18542K(56320K), 0.0004730 secs] [Times: user=0.01 sys=0.00, real=0.00 secs] 
307.758: Total time for which application threads were stopped: 0.0006480 seconds, Stopping threads took: 0.0000790 seconds
307.897: Application time: 0.1391630 seconds
307.897: [GC [PSYoungGen: 23392K->272K(23552K)] 41582K->18678K(56320K), 0.0005380 secs] [Times: user=0.00 sys=0.00, real=0.00 secs] 
307.898: Total time for which application threads were stopped: 0.0006810 seconds, Stopping threads took: 0.0000610 seconds
308.037: Application time: 0.1398470 seconds
308.038: [GC [PSYoungGen: 23312K->256K(23552K)] 41718K->18822K(56320K), 0.0005130 secs] [Times: user=0.00 sys=0.00, real=0.00 secs] 
308.038: Total time for which application threads were stopped: 0.0006680 seconds, Stopping threads took: 0.0000660 seconds
308.178: Application time: 0.1400110 seconds
308.178: [GC [PSYoungGen: 23296K->256K(23552K)] 41862K->18822K(56320K), 0.0004440 secs] [Times: user=0.00 sys=0.00, real=0.00 secs] 
308.179: Total time for which application threads were stopped: 0.0005770 seconds, Stopping threads took: 0.0000530 seconds
308.319: Application time: 0.1401320 seconds
308.319: [GC [PSYoungGen: 23296K->256K(23552K)] 41862K->18942K(56320K), 0.0004890 secs] [Times: user=0.00 sys=0.00, real=0.00 secs] 
308.320: Total time for which application threads were stopped: 0.0006460 seconds, Stopping threads took: 0.0000660 seconds
308.459: Application time: 0.1398950 seconds
308.460: [GC [PSYoungGen: 23296K->256K(23552K)] 41982K->19014K(56320K), 0.0004890 secs] [Times: user=0.00 sys=0.00, real=0.00 secs] 
308.460: Total time for which application threads were stopped: 0.0006310 seconds, Stopping threads took: 0.0000610 seconds
308.597: Application time: 0.1367880 seconds
308.597: [GC [PSYoungGen: 23296K->352K(23552K)] 42054K->19110K(56320K), 0.0004870 secs] [Times: user=0.00 sys=0.00, real=0.00 secs] 
308.598: Total time for which application threads were stopped: 0.0006440 seconds, Stopping threads took: 0.0000670 seconds
308.736: Application time: 0.1382140 seconds
308.736: [GC [PSYoungGen: 23392K->304K(23552K)] 42150K->19322K(56320K), 0.0005630 secs] [Times: user=0.00 sys=0.00, real=0.00 secs] 
308.736: Total time for which application threads were stopped: 0.0007020 seconds, Stopping threads took: 0.0000530 seconds
308.875: Application time: 0.1386470 seconds
308.875: [GC [PSYoungGen: 23344K->256K(23552K)] 42362K->19442K(56320K), 0.0004390 secs] [Times: user=0.01 sys=0.00, real=0.01 secs] 
308.876: Total time for which application threads were stopped: 0.0005710 seconds, Stopping threads took: 0.0000520 seconds
309.003: Application time: 0.1268850 seconds
309.003: [GC [PSYoungGen: 23296K->224K(23552K)] 42482K->19410K(56320K), 0.0004990 secs] [Times: user=0.00 sys=0.00, real=0.00 secs] 
309.003: Total time for which application threads were stopped: 0.0006370 seconds, Stopping threads took: 0.0000620 seconds
309.131: Application time: 0.1273730 seconds
309.131: [GC [PSYoungGen: 23264K->256K(23552K)] 42450K->19554K(56320K), 0.0004510 secs] [Times: user=0.00 sys=0.00, real=0.00 secs] 
309.131: Total time for which application threads were stopped: 0.0005990 seconds, Stopping threads took: 0.0000570 seconds
309.258: Application time: 0.1272670 seconds
309.259: [GC [PSYoungGen: 23296K->256K(23552K)] 42594K->19627K(56320K), 0.0004380 secs] [Times: user=0.00 sys=0.00, real=0.00 secs] 
309.259: Total time for which application threads were stopped: 0.0005780 seconds, Stopping threads took: 0.0000630 seconds
309.384: Application time: 0.1247870 seconds
309.384: [GC [PSYoungGen: 23296K->352K(23552K)] 42667K->19723K(56320K), 0.0004770 secs] [Times: user=0.00 sys=0.00, real=0.00 secs] 
309.384: Total time for which application threads were stopped: 0.0006210 seconds, Stopping threads took: 0.0000620 seconds
309.510: Application time: 0.1255070 seconds
309.510: [GC [PSYoungGen: 23392K->320K(23552K)] 42763K->19955K(56320K), 0.0005110 secs] [Times: user=0.00 sys=0.00, real=0.00 secs] 
309.511: Total time for which application threads were stopped: 0.0006470 seconds, Stopping threads took: 0.0000570 seconds
309.638: Application time: 0.1277680 seconds
309.638: [GC [PSYoungGen: 23360K->224K(23552K)] 42995K->20027K(56320K), 0.0004920 secs] [Times: user=0.00 sys=0.00, real=0.00 secs] 
309.639: Total time for which application threads were stopped: 0.0006440 seconds, Stopping threads took: 0.0000630 seconds
309.766: Application time: 0.1266430 seconds
309.766: [GC [PSYoungGen: 23264K->240K(23552K)] 43067K->20043K(56320K), 0.0004600 secs] [Times: user=0.01 sys=0.00, real=0.00 secs] 
309.766: Total time for which application threads were stopped: 0.0006000 seconds, Stopping threads took: 0.0000560 seconds
309.894: Application time: 0.1275000 seconds
309.894: [GC [PSYoungGen: 23280K->224K(23552K)] 43083K->20147K(56320K), 0.0004700 secs] [Times: user=0.01 sys=0.00, real=0.00 secs] 
309.894: Total time for which application threads were stopped: 0.0006040 seconds, Stopping threads took: 0.0000530 seconds
310.022: Application time: 0.1272530 seconds
310.023: [GC [PSYoungGen: 23264K->256K(23552K)] 43187K->20251K(56320K), 0.0005190 secs] [Times: user=0.00 sys=0.00, real=0.00 secs] 
310.024: Total time for which application threads were stopped: 0.0023160 seconds, Stopping threads took: 0.0017190 seconds
310.149: Application time: 0.1246330 seconds
310.149: [GC [PSYoungGen: 23296K->368K(23552K)] 43291K->20363K(56320K), 0.0004590 secs] [Times: user=0.00 sys=0.00, real=0.00 secs] 
310.149: Total time for which application threads were stopped: 0.0006010 seconds, Stopping threads took: 0.0000510 seconds
310.275: Application time: 0.1254140 seconds
310.275: [GC [PSYoungGen: 23408K->320K(23552K)] 43403K->20575K(56320K), 0.0005160 secs] [Times: user=0.00 sys=0.00, real=0.00 secs] 
310.275: Total time for which application threads were stopped: 0.0006560 seconds, Stopping threads took: 0.0000600 seconds
310.403: Application time: 0.1277020 seconds
310.403: [GC [PSYoungGen: 23360K->256K(23552K)] 43615K->20679K(56320K), 0.0004730 secs] [Times: user=0.00 sys=0.01, real=0.00 secs] 
310.404: Total time for which application threads were stopped: 0.0006100 seconds, Stopping threads took: 0.0000530 seconds
310.530: Application time: 0.1266290 seconds
310.530: [GC [PSYoungGen: 23296K->256K(23552K)] 43719K->20679K(56320K), 0.0004110 secs] [Times: user=0.00 sys=0.00, real=0.00 secs] 
310.531: Total time for which application threads were stopped: 0.0005520 seconds, Stopping threads took: 0.0000640 seconds
310.658: Application time: 0.1271770 seconds
310.658: [GC [PSYoungGen: 23296K->256K(23552K)] 43719K->20775K(56320K), 0.0004400 secs] [Times: user=0.00 sys=0.00, real=0.00 secs] 
310.658: Total time for which application threads were stopped: 0.0006040 seconds, Stopping threads took: 0.0000700 seconds
310.786: Application time: 0.1271090 seconds
310.786: [GC [PSYoungGen: 23296K->256K(23552K)] 43815K->20872K(56320K), 0.0004140 secs] [Times: user=0.00 sys=0.00, real=0.00 secs] 
310.786: Total time for which application threads were stopped: 0.0005500 seconds, Stopping threads took: 0.0000560 seconds
310.912: Application time: 0.1262630 seconds
310.913: [GC [PSYoungGen: 23296K->288K(23552K)] 43912K->20904K(56320K), 0.0004770 secs] [Times: user=0.00 sys=0.00, real=0.00 secs] 
310.913: Total time for which application threads were stopped: 0.0006160 seconds, Stopping threads took: 0.0000590 seconds
311.038: Application time: 0.1248260 seconds
311.038: [GC [PSYoungGen: 23328K->352K(23552K)] 43944K->21128K(56320K), 0.0005530 secs] [Times: user=0.00 sys=0.00, real=0.00 secs] 
311.039: Total time for which application threads were stopped: 0.0006940 seconds, Stopping threads took: 0.0000600 seconds
311.166: Application time: 0.1274890 seconds
311.167: [GC [PSYoungGen: 23392K->256K(23552K)] 44168K->21288K(56320K), 0.0005480 secs] [Times: user=0.01 sys=0.00, real=0.00 secs] 
311.168: Total time for which application threads were stopped: 0.0018780 seconds, Stopping threads took: 0.0012420 seconds
311.296: Application time: 0.1277070 seconds
311.296: [GC [PSYoungGen: 23296K->256K(23552K)] 44328K->21288K(56320K), 0.0004430 secs] [Times: user=0.00 sys=0.00, real=0.00 secs] 
311.296: Total time for which application threads were stopped: 0.0005760 seconds, Stopping threads took: 0.0000530 seconds
311.423: Application time: 0.1272190 seconds
311.424: [GC [PSYoungGen: 23296K->256K(23552K)] 44328K->21336K(56320K), 0.0004310 secs] [Times: user=0.00 sys=0.00, real=0.00 secs] 
311.424: Total time for which application threads were stopped: 0.0005630 seconds, Stopping threads took: 0.0000520 seconds
311.551: Application time: 0.1273930 seconds
311.552: [GC [PSYoungGen: 23296K->256K(23552K)] 44376K->21480K(56320K), 0.0004350 secs] [Times: user=0.00 sys=0.00, real=0.00 secs] 
311.552: Total time for which application threads were stopped: 0.0005790 seconds, Stopping threads took: 0.0000570 seconds
311.678: Application time: 0.1263260 seconds
311.678: [GC [PSYoungGen: 23296K->224K(23552K)] 44520K->21448K(56320K), 0.0004180 secs] [Times: user=0.00 sys=0.00, real=0.00 secs] 
311.679: Total time for which application threads were stopped: 0.0005550 seconds, Stopping threads took: 0.0000490 seconds
311.802: Application time: 0.1232610 seconds
311.802: [GC [PSYoungGen: 23264K->416K(23552K)] 44488K->21712K(56320K), 0.0005560 secs] [Times: user=0.01 sys=0.00, real=0.00 secs] 
311.803: Total time for which application threads were stopped: 0.0007020 seconds, Stopping threads took: 0.0000650 seconds
311.931: Application time: 0.1280820 seconds
311.931: [GC [PSYoungGen: 23456K->256K(23552K)] 44752K->21900K(56320K), 0.0005510 secs] [Times: user=0.01 sys=0.00, real=0.00 secs] 
311.932: Total time for which application threads were stopped: 0.0007010 seconds, Stopping threads took: 0.0000630 seconds
312.059: Application time: 0.1277730 seconds
312.060: [GC [PSYoungGen: 23296K->256K(23552K)] 44940K->21900K(56320K), 0.0004570 secs] [Times: user=0.00 sys=0.00, real=0.00 secs] 
312.060: Total time for which application threads were stopped: 0.0006200 seconds, Stopping threads took: 0.0000790 seconds
312.187: Application time: 0.1272580 seconds
312.187: [GC [PSYoungGen: 23296K->256K(23552K)] 44940K->21924K(56320K), 0.0004390 secs] [Times: user=0.00 sys=0.00, real=0.00 secs] 
312.188: Total time for which application threads were stopped: 0.0005860 seconds, Stopping threads took: 0.0000590 seconds
312.316: Application time: 0.1278420 seconds
312.316: [GC [PSYoungGen: 23296K->256K(23552K)] 44964K->22093K(56320K), 0.0004840 secs] [Times: user=0.01 sys=0.00, real=0.00 secs] 
312.316: Total time for which application threads were stopped: 0.0006330 seconds, Stopping threads took: 0.0000680 seconds
312.443: Application time: 0.1264600 seconds
312.443: [GC [PSYoungGen: 23296K->224K(23552K)] 45133K->22061K(56320K), 0.0004780 secs] [Times: user=0.00 sys=0.00, real=0.00 secs] 
312.444: Total time for which application threads were stopped: 0.0016840 seconds, Stopping threads took: 0.0000540 seconds
312.569: Application time: 0.1241960 seconds
312.569: [GC [PSYoungGen: 23264K->384K(23552K)] 45101K->22293K(56320K), 0.0005230 secs] [Times: user=0.01 sys=0.00, real=0.00 secs] 
312.569: Total time for which application threads were stopped: 0.0006630 seconds, Stopping threads took: 0.0000640 seconds
312.696: Application time: 0.1268520 seconds
312.696: [GC [PSYoungGen: 23424K->256K(23552K)] 45333K->22457K(56320K), 0.0005120 secs] [Times: user=0.00 sys=0.00, real=0.00 secs] 
312.697: Total time for which application threads were stopped: 0.0006640 seconds, Stopping threads took: 0.0000610 seconds
312.824: Application time: 0.1274850 seconds
312.824: [GC [PSYoungGen: 23296K->256K(23552K)] 45497K->22561K(56320K), 0.0004490 secs] [Times: user=0.00 sys=0.00, real=0.00 secs] 
312.825: Total time for which application threads were stopped: 0.0006030 seconds, Stopping threads took: 0.0000700 seconds
312.952: Application time: 0.1272030 seconds
312.952: [GC [PSYoungGen: 23296K->256K(23552K)] 45601K->22585K(56320K), 0.0004630 secs] [Times: user=0.01 sys=0.00, real=0.00 secs] 
312.953: Total time for which application threads were stopped: 0.0006050 seconds, Stopping threads took: 0.0000580 seconds
313.079: Application time: 0.1266850 seconds
313.080: [GC [PSYoungGen: 23296K->192K(23552K)] 45625K->22633K(56320K), 0.0004890 secs] [Times: user=0.00 sys=0.00, real=0.00 secs] 
313.080: Total time for which application threads were stopped: 0.0006370 seconds, Stopping threads took: 0.0000620 seconds
313.207: Application time: 0.1267060 seconds
313.207: [GC [PSYoungGen: 23232K->256K(23552K)] 45673K->22745K(56320K), 0.0004120 secs] [Times: user=0.01 sys=0.00, real=0.01 secs] 
313.207: Total time for which application threads were stopped: 0.0005680 seconds, Stopping threads took: 0.0000640 seconds
313.332: Application time: 0.1249350 seconds
313.332: [GC [PSYoungGen: 23296K->352K(23552K)] 45785K->22905K(56320K), 0.0005300 secs] [Times: user=0.00 sys=0.00, real=0.00 secs] 
313.333: Total time for which application threads were stopped: 0.0006640 seconds, Stopping threads took: 0.0000560 seconds
313.459: Application time: 0.1264000 seconds
313.459: [GC [PSYoungGen: 23392K->272K(23552K)] 45945K->23073K(56320K), 0.0005570 secs] [Times: user=0.00 sys=0.00, real=0.00 secs] 
313.460: Total time for which application threads were stopped: 0.0006930 seconds, Stopping threads took: 0.0000560 seconds
313.588: Application time: 0.1281440 seconds
313.588: [GC [PSYoungGen: 23312K->256K(23552K)] 46113K->23177K(56320K), 0.0004470 secs] [Times: user=0.00 sys=0.00, real=0.00 secs] 
313.589: Total time for which application threads were stopped: 0.0005920 seconds, Stopping threads took: 0.0000610 seconds
313.716: Application time: 0.1271670 seconds
313.716: [GC [PSYoungGen: 23296K->256K(23552K)] 46217K->23201K(56320K), 0.0004280 secs] [Times: user=0.00 sys=0.00, real=0.00 secs] 
313.717: Total time for which application threads were stopped: 0.0005750 seconds, Stopping threads took: 0.0000560 seconds
313.843: Application time: 0.1263310 seconds
313.843: [GC [PSYoungGen: 23296K->224K(23552K)] 46241K->23266K(56320K), 0.0004980 secs] [Times: user=0.00 sys=0.00, real=0.00 secs] 
313.844: Total time for which application threads were stopped: 0.0006400 seconds, Stopping threads took: 0.0000590 seconds
313.971: Application time: 0.1272530 seconds
313.971: [GC [PSYoungGen: 23264K->256K(23552K)] 46306K->23370K(56320K), 0.0004300 secs] [Times: user=0.00 sys=0.00, real=0.00 secs] 
313.971: Total time for which application threads were stopped: 0.0005710 seconds, Stopping threads took: 0.0000560 seconds
314.097: Application time: 0.1253480 seconds
314.097: [GC [PSYoungGen: 23296K->352K(23552K)] 46410K->23466K(56320K), 0.0005400 secs] [Times: user=0.00 sys=0.00, real=0.00 secs] 
314.097: Total time for which application threads were stopped: 0.0006740 seconds, Stopping threads took: 0.0000490 seconds
314.223: Application time: 0.1256590 seconds
314.223: [GC [PSYoungGen: 23392K->304K(23552K)] 46506K->23686K(56320K), 0.0005490 secs] [Times: user=0.01 sys=0.00, real=0.00 secs] 
314.224: Total time for which application threads were stopped: 0.0007060 seconds, Stopping threads took: 0.0000620 seconds
314.351: Application time: 0.1273510 seconds
314.351: [GC [PSYoungGen: 23344K->256K(23552K)] 46726K->23806K(56320K), 0.0004590 secs] [Times: user=0.00 sys=0.00, real=0.00 secs] 
314.352: Total time for which application threads were stopped: 0.0006090 seconds, Stopping threads took: 0.0000680 seconds
314.478: Application time: 0.1262060 seconds
314.478: [GC [PSYoungGen: 23296K->256K(23552K)] 46846K->23806K(56320K), 0.0004380 secs] [Times: user=0.00 sys=0.00, real=0.00 secs] 
314.479: Total time for which application threads were stopped: 0.0005920 seconds, Stopping threads took: 0.0000720 seconds
314.606: Application time: 0.1274600 seconds
314.606: [GC [PSYoungGen: 23296K->256K(23552K)] 46846K->23926K(56320K), 0.0004890 secs] [Times: user=0.00 sys=0.00, real=0.00 secs] 
314.607: Total time for which application threads were stopped: 0.0006240 seconds, Stopping threads took: 0.0000550 seconds
314.734: Application time: 0.1275080 seconds
314.734: [GC [PSYoungGen: 23296K->256K(23552K)] 46966K->23998K(56320K), 0.0003950 secs] [Times: user=0.00 sys=0.00, real=0.00 secs] 
314.735: Total time for which application threads were stopped: 0.0005430 seconds, Stopping threads took: 0.0000610 seconds
314.860: Application time: 0.1249430 seconds
314.860: [GC [PSYoungGen: 23296K->384K(23552K)] 47038K->24126K(56320K), 0.0004920 secs] [Times: user=0.00 sys=0.00, real=0.00 secs] 
314.860: Total time for which application threads were stopped: 0.0006390 seconds, Stopping threads took: 0.0000670 seconds
314.986: Application time: 0.1256790 seconds
314.986: [GC [PSYoungGen: 23424K->288K(23552K)] 47166K->24298K(56320K), 0.0005430 secs] [Times: user=0.00 sys=0.00, real=0.00 secs] 
314.987: Total time for which application threads were stopped: 0.0006870 seconds, Stopping threads took: 0.0000540 seconds
315.114: Application time: 0.1271310 seconds
315.114: [GC [PSYoungGen: 23328K->256K(23552K)] 47338K->24438K(56320K), 0.0004610 secs] [Times: user=0.00 sys=0.00, real=0.00 secs] 
315.114: Total time for which application threads were stopped: 0.0006140 seconds, Stopping threads took: 0.0000730 seconds
315.241: Application time: 0.1265450 seconds
315.241: [GC [PSYoungGen: 23296K->256K(23552K)] 47478K->24438K(56320K), 0.0004140 secs] [Times: user=0.01 sys=0.00, real=0.00 secs] 
315.241: Total time for which application threads were stopped: 0.0005620 seconds, Stopping threads took: 0.0000590 seconds
315.368: Application time: 0.1263660 seconds
315.368: [GC [PSYoungGen: 23296K->256K(23552K)] 47478K->24559K(56320K), 0.0004460 secs] [Times: user=0.00 sys=0.00, real=0.00 secs] 
315.368: Total time for which application threads were stopped: 0.0005830 seconds, Stopping threads took: 0.0000590 seconds
315.496: Application time: 0.1275900 seconds
315.496: [GC [PSYoungGen: 23296K->224K(23552K)] 47599K->24599K(56320K), 0.0004690 secs] [Times: user=0.00 sys=0.00, real=0.00 secs] 
315.497: Total time for which application threads were stopped: 0.0006060 seconds, Stopping threads took: 0.0000530 seconds
315.621: Application time: 0.1243340 seconds
315.621: [GC [PSYoungGen: 23264K->336K(23552K)] 47639K->24711K(56320K), 0.0004740 secs] [Times: user=0.01 sys=0.00, real=0.00 secs] 
315.622: Total time for which application threads were stopped: 0.0006210 seconds, Stopping threads took: 0.0000650 seconds
315.747: Application time: 0.1256510 seconds
315.747: [GC [PSYoungGen: 23376K->288K(23552K)] 47751K->24919K(56320K), 0.0005260 secs] [Times: user=0.00 sys=0.00, real=0.00 secs] 
315.748: Total time for which application threads were stopped: 0.0006740 seconds, Stopping threads took: 0.0000580 seconds
315.876: Application time: 0.1276140 seconds
315.876: [GC [PSYoungGen: 23328K->256K(23552K)] 47959K->25075K(56320K), 0.0004230 secs] [Times: user=0.00 sys=0.00, real=0.00 secs] 
315.876: Total time for which application threads were stopped: 0.0005640 seconds, Stopping threads took: 0.0000650 seconds
316.004: Application time: 0.1277840 seconds
316.004: [GC [PSYoungGen: 23296K->256K(23552K)] 48115K->25075K(56320K), 0.0004110 secs] [Times: user=0.00 sys=0.00, real=0.00 secs] 
316.004: Total time for which application threads were stopped: 0.0005400 seconds, Stopping threads took: 0.0000540 seconds
316.131: Application time: 0.1267180 seconds
316.131: [GC [PSYoungGen: 23296K->256K(23552K)] 48115K->25171K(56320K), 0.0004450 secs] [Times: user=0.00 sys=0.00, real=0.00 secs] 
316.132: Total time for which application threads were stopped: 0.0005770 seconds, Stopping threads took: 0.0000540 seconds
316.259: Application time: 0.1268870 seconds
316.259: [GC [PSYoungGen: 23296K->224K(23552K)] 48211K->25235K(56320K), 0.0004710 secs] [Times: user=0.01 sys=0.00, real=0.00 secs] 
316.259: Total time for which application threads were stopped: 0.0006220 seconds, Stopping threads took: 0.0000540 seconds
316.386: Application time: 0.1263960 seconds
316.386: [GC [PSYoungGen: 23264K->256K(23552K)] 48275K->25267K(56320K), 0.0004650 secs] [Times: user=0.00 sys=0.00, real=0.00 secs] 
316.386: Total time for which application threads were stopped: 0.0006000 seconds, Stopping threads took: 0.0000540 seconds
316.510: Application time: 0.1239070 seconds
316.510: [GC [PSYoungGen: 23296K->416K(23552K)] 48307K->25555K(56320K), 0.0005240 secs] [Times: user=0.00 sys=0.00, real=0.00 secs] 
316.511: Total time for which application threads were stopped: 0.0006560 seconds, Stopping threads took: 0.0000520 seconds
316.639: Application time: 0.1278160 seconds
316.639: [GC [PSYoungGen: 23456K->224K(23552K)] 48595K->25664K(56320K), 0.0005290 secs] [Times: user=0.00 sys=0.00, real=0.00 secs] 
316.639: Total time for which application threads were stopped: 0.0006710 seconds, Stopping threads took: 0.0000530 seconds
316.767: Application time: 0.1274930 seconds
316.767: [GC [PSYoungGen: 23264K->256K(23552K)] 48704K->25696K(56320K), 0.0004750 secs] [Times: user=0.00 sys=0.00, real=0.01 secs] 
316.767: Total time for which application threads were stopped: 0.0006240 seconds, Stopping threads took: 0.0000550 seconds
316.896: Application time: 0.1286990 seconds
316.896: [GC [PSYoungGen: 23296K->256K(23552K)] 48736K->25744K(56320K), 0.0004920 secs] [Times: user=0.00 sys=0.00, real=0.00 secs] 
316.897: Total time for which application threads were stopped: 0.0006300 seconds, Stopping threads took: 0.0000540 seconds
317.037: Application time: 0.1400730 seconds
317.037: [GC [PSYoungGen: 23296K->256K(23552K)] 48784K->25888K(56320K), 0.0004670 secs] [Times: user=0.00 sys=0.00, real=0.00 secs] 
317.037: Total time for which application threads were stopped: 0.0006170 seconds, Stopping threads took: 0.0000650 seconds
317.176: Application time: 0.1388540 seconds
317.176: [GC [PSYoungGen: 23296K->272K(23552K)] 48928K->25904K(56320K), 0.0004980 secs] [Times: user=0.00 sys=0.00, real=0.00 secs] 
317.177: Total time for which application threads were stopped: 0.0006440 seconds, Stopping threads took: 0.0000590 seconds
317.313: Application time: 0.1362640 seconds
317.315: [GC [PSYoungGen: 23312K->384K(23552K)] 48944K->26128K(56320K), 0.0005710 secs] [Times: user=0.00 sys=0.00, real=0.00 secs] 
317.316: Total time for which application threads were stopped: 0.0027590 seconds, Stopping threads took: 0.0020950 seconds
317.456: Application time: 0.1401050 seconds
317.456: [GC [PSYoungGen: 23424K->256K(23552K)] 49168K->26292K(56320K), 0.0005490 secs] [Times: user=0.00 sys=0.00, real=0.00 secs] 
317.458: Total time for which application threads were stopped: 0.0017240 seconds, Stopping threads took: 0.0000600 seconds
317.598: Application time: 0.1407020 seconds
317.599: [GC [PSYoungGen: 23296K->256K(23552K)] 49332K->26316K(56320K), 0.0004790 secs] [Times: user=0.00 sys=0.00, real=0.00 secs] 
317.599: Total time for which application threads were stopped: 0.0006420 seconds, Stopping threads took: 0.0000770 seconds
317.739: Application time: 0.1394330 seconds
317.739: [GC [PSYoungGen: 23296K->256K(23552K)] 49356K->26340K(56320K), 0.0004820 secs] [Times: user=0.00 sys=0.00, real=0.00 secs] 
317.739: Total time for which application threads were stopped: 0.0006250 seconds, Stopping threads took: 0.0000560 seconds
317.880: Application time: 0.1406920 seconds
317.880: [GC [PSYoungGen: 23296K->160K(23552K)] 49380K->26372K(56320K), 0.0005670 secs] [Times: user=0.00 sys=0.00, real=0.00 secs] 
317.881: Total time for which application threads were stopped: 0.0007100 seconds, Stopping threads took: 0.0000560 seconds
318.021: Application time: 0.1399610 seconds
318.021: [GC [PSYoungGen: 23200K->256K(23552K)] 49412K->26492K(56320K), 0.0004820 secs] [Times: user=0.00 sys=0.00, real=0.00 secs] 
318.021: Total time for which application threads were stopped: 0.0006250 seconds, Stopping threads took: 0.0000640 seconds
318.158: Application time: 0.1365490 seconds
318.158: [GC [PSYoungGen: 23296K->352K(23552K)] 49532K->26644K(56320K), 0.0005700 secs] [Times: user=0.00 sys=0.00, real=0.00 secs] 
318.158: Total time for which application threads were stopped: 0.0007210 seconds, Stopping threads took: 0.0000660 seconds
318.298: Application time: 0.1393550 seconds
318.298: [GC [PSYoungGen: 23392K->256K(23552K)] 49684K->26824K(56320K), 0.0005590 secs] [Times: user=0.00 sys=0.00, real=0.00 secs] 
318.299: Total time for which application threads were stopped: 0.0007010 seconds, Stopping threads took: 0.0000570 seconds
318.438: Application time: 0.1398910 seconds
318.439: [GC [PSYoungGen: 23296K->224K(23552K)] 49864K->26897K(56320K), 0.0005220 secs] [Times: user=0.00 sys=0.00, real=0.00 secs] 
318.439: Total time for which application threads were stopped: 0.0006870 seconds, Stopping threads took: 0.0000720 seconds
318.579: Application time: 0.1395970 seconds
318.579: [GC [PSYoungGen: 23264K->256K(23552K)] 49937K->26953K(56320K), 0.0004590 secs] [Times: user=0.00 sys=0.00, real=0.00 secs] 
318.579: Total time for which application threads were stopped: 0.0006240 seconds, Stopping threads took: 0.0000730 seconds
318.720: Application time: 0.1403190 seconds
318.720: [GC [PSYoungGen: 23296K->256K(23552K)] 49993K->27073K(56320K), 0.0004390 secs] [Times: user=0.00 sys=0.00, real=0.00 secs] 
318.720: Total time for which application threads were stopped: 0.0005700 seconds, Stopping threads took: 0.0000480 seconds
318.860: Application time: 0.1395320 seconds
318.860: [GC [PSYoungGen: 23296K->256K(23552K)] 50113K->27121K(56320K), 0.0005420 secs] [Times: user=0.00 sys=0.00, real=0.00 secs] 
318.860: Total time for which application threads were stopped: 0.0006880 seconds, Stopping threads took: 0.0000610 seconds
318.997: Application time: 0.1364270 seconds
318.997: [GC [PSYoungGen: 23296K->352K(23552K)] 50161K->27281K(56320K), 0.0005120 secs] [Times: user=0.00 sys=0.00, real=0.00 secs] 
318.998: Total time for which application threads were stopped: 0.0006610 seconds, Stopping threads took: 0.0000550 seconds
319.137: Application time: 0.1391620 seconds
319.137: [GC [PSYoungGen: 23392K->256K(23552K)] 50321K->27445K(56320K), 0.0006480 secs] [Times: user=0.00 sys=0.00, real=0.00 secs] 
319.138: Total time for which application threads were stopped: 0.0008050 seconds, Stopping threads took: 0.0000670 seconds
319.278: Application time: 0.1400260 seconds
319.278: [GC [PSYoungGen: 23296K->224K(23552K)] 50485K->27533K(56320K), 0.0005490 secs] [Times: user=0.00 sys=0.00, real=0.00 secs] 
319.278: Total time for which application threads were stopped: 0.0006870 seconds, Stopping threads took: 0.0000550 seconds
319.418: Application time: 0.1398490 seconds
319.418: [GC [PSYoungGen: 23264K->256K(23552K)] 50573K->27589K(56320K), 0.0005080 secs] [Times: user=0.00 sys=0.00, real=0.00 secs] 
319.419: Total time for which application threads were stopped: 0.0006570 seconds, Stopping threads took: 0.0000630 seconds
319.559: Application time: 0.1399980 seconds
319.559: [GC [PSYoungGen: 23296K->256K(23552K)] 50629K->27709K(56320K), 0.0005130 secs] [Times: user=0.00 sys=0.00, real=0.00 secs] 
319.559: Total time for which application threads were stopped: 0.0006720 seconds, Stopping threads took: 0.0000660 seconds
319.699: Application time: 0.1393840 seconds
319.699: [GC [PSYoungGen: 23296K->256K(23552K)] 50749K->27757K(56320K), 0.0004450 secs] [Times: user=0.00 sys=0.00, real=0.00 secs] 
319.699: Total time for which application threads were stopped: 0.0005780 seconds, Stopping threads took: 0.0000510 seconds
319.836: Application time: 0.1367860 seconds
319.836: [GC [PSYoungGen: 23296K->336K(23552K)] 50797K->27893K(56320K), 0.0005500 secs] [Times: user=0.00 sys=0.00, real=0.00 secs] 
319.837: Total time for which application threads were stopped: 0.0006920 seconds, Stopping threads took: 0.0000530 seconds
319.976: Application time: 0.1390390 seconds
319.976: [GC [PSYoungGen: 23376K->288K(23552K)] 50933K->28129K(56320K), 0.0005660 secs] [Times: user=0.00 sys=0.00, real=0.00 secs] 
319.977: Total time for which application threads were stopped: 0.0007150 seconds, Stopping threads took: 0.0000610 seconds
320.116: Application time: 0.1398080 seconds
320.117: [GC [PSYoungGen: 23328K->224K(23552K)] 51169K->28186K(56320K), 0.0005280 secs] [Times: user=0.00 sys=0.00, real=0.00 secs] 
320.117: Total time for which application threads were stopped: 0.0006920 seconds, Stopping threads took: 0.0000740 seconds
320.257: Application time: 0.1399420 seconds
320.257: [GC [PSYoungGen: 23264K->240K(23552K)] 51226K->28202K(56320K), 0.0005210 secs] [Times: user=0.00 sys=0.00, real=0.00 secs] 
320.258: Total time for which application threads were stopped: 0.0006680 seconds, Stopping threads took: 0.0000640 seconds
320.398: Application time: 0.1399520 seconds
320.398: [GC [PSYoungGen: 23280K->224K(23552K)] 51242K->28298K(56320K), 0.0005330 secs] [Times: user=0.00 sys=0.00, real=0.00 secs] 
320.398: Total time for which application threads were stopped: 0.0006720 seconds, Stopping threads took: 0.0000570 seconds
320.539: Application time: 0.1401870 seconds
320.539: [GC [PSYoungGen: 23264K->256K(23552K)] 51338K->28402K(56320K), 0.0004810 secs] [Times: user=0.00 sys=0.00, real=0.00 secs] 
320.539: Total time for which application threads were stopped: 0.0006190 seconds, Stopping threads took: 0.0000550 seconds
320.676: Application time: 0.1369620 seconds
320.676: [GC [PSYoungGen: 23296K->368K(23552K)] 51442K->28514K(56320K), 0.0004910 secs] [Times: user=0.00 sys=0.00, real=0.00 secs] 
320.677: Total time for which application threads were stopped: 0.0006450 seconds, Stopping threads took: 0.0000640 seconds
320.815: Application time: 0.1381440 seconds
320.815: [GC [PSYoungGen: 23408K->320K(23552K)] 51554K->28726K(56320K), 0.0005530 secs] [Times: user=0.00 sys=0.00, real=0.01 secs] 
320.816: Total time for which application threads were stopped: 0.0006950 seconds, Stopping threads took: 0.0000550 seconds
320.949: Application time: 0.1330110 seconds
320.949: [GC [PSYoungGen: 23360K->192K(23552K)] 51766K->28766K(56320K), 0.0005100 secs] [Times: user=0.00 sys=0.00, real=0.00 secs] 
320.949: Total time for which application threads were stopped: 0.0006640 seconds, Stopping threads took: 0.0000670 seconds
321.077: Application time: 0.1273150 seconds
321.077: [GC [PSYoungGen: 23232K->256K(23552K)] 51806K->28830K(56320K), 0.0004900 secs] [Times: user=0.00 sys=0.00, real=0.00 secs] 
321.077: Total time for which application threads were stopped: 0.0006260 seconds, Stopping threads took: 0.0000530 seconds
321.204: Application time: 0.1266490 seconds
321.204: [GC [PSYoungGen: 23296K->256K(23552K)] 51870K->28950K(56320K), 0.0004800 secs] [Times: user=0.00 sys=0.00, real=0.00 secs] 
321.205: Total time for which application threads were stopped: 0.0006500 seconds, Stopping threads took: 0.0000780 seconds
321.332: Application time: 0.1276140 seconds
321.332: [GC [PSYoungGen: 23296K->256K(23552K)] 51990K->29022K(56320K), 0.0004330 secs] [Times: user=0.00 sys=0.00, real=0.00 secs] 
321.333: Total time for which application threads were stopped: 0.0005710 seconds, Stopping threads took: 0.0000590 seconds
321.458: Application time: 0.1250470 seconds
321.458: [GC [PSYoungGen: 23296K->336K(23552K)] 52062K->29102K(56320K), 0.0004930 secs] [Times: user=0.00 sys=0.00, real=0.00 secs] 
321.458: Total time for which application threads were stopped: 0.0006500 seconds, Stopping threads took: 0.0000760 seconds
321.584: Application time: 0.1256670 seconds
321.584: [GC [PSYoungGen: 23376K->272K(23552K)] 52142K->29294K(56320K), 0.0006540 secs] [Times: user=0.00 sys=0.00, real=0.00 secs] 
321.585: Total time for which application threads were stopped: 0.0007790 seconds, Stopping threads took: 0.0000470 seconds
321.712: Application time: 0.1274180 seconds
321.712: [GC [PSYoungGen: 23312K->256K(23552K)] 52334K->29455K(56320K), 0.0004520 secs] [Times: user=0.00 sys=0.00, real=0.00 secs] 
321.713: Total time for which application threads were stopped: 0.0006020 seconds, Stopping threads took: 0.0000580 seconds
321.840: Application time: 0.1271360 seconds
321.840: [GC [PSYoungGen: 23296K->256K(23552K)] 52495K->29455K(56320K), 0.0004840 secs] [Times: user=0.00 sys=0.00, real=0.00 secs] 
321.841: Total time for which application threads were stopped: 0.0006290 seconds, Stopping threads took: 0.0000590 seconds
321.968: Application time: 0.1274080 seconds
321.968: [GC [PSYoungGen: 23296K->256K(23552K)] 52495K->29575K(56320K), 0.0004530 secs] [Times: user=0.00 sys=0.00, real=0.00 secs] 
321.969: Total time for which application threads were stopped: 0.0005980 seconds, Stopping threads took: 0.0000660 seconds
322.096: Application time: 0.1273770 seconds
322.096: [GC [PSYoungGen: 23296K->224K(23552K)] 52615K->29615K(56320K), 0.0004630 secs] [Times: user=0.00 sys=0.00, real=0.00 secs] 
322.097: Total time for which application threads were stopped: 0.0006240 seconds, Stopping threads took: 0.0000770 seconds
322.222: Application time: 0.1256540 seconds
322.222: [GC [PSYoungGen: 23264K->288K(23552K)] 52655K->29679K(56320K), 0.0005010 secs] [Times: user=0.01 sys=0.00, real=0.00 secs] 
322.223: Total time for which application threads were stopped: 0.0006520 seconds, Stopping threads took: 0.0000650 seconds
322.348: Application time: 0.1251410 seconds
322.348: [GC [PSYoungGen: 23328K->320K(23552K)] 52719K->29935K(56320K), 0.0005310 secs] [Times: user=0.00 sys=0.00, real=0.00 secs] 
322.349: Total time for which application threads were stopped: 0.0006760 seconds, Stopping threads took: 0.0000670 seconds
322.476: Application time: 0.1272830 seconds
322.476: [GC [PSYoungGen: 23360K->256K(23552K)] 52975K->30087K(56320K), 0.0004960 secs] [Times: user=0.00 sys=0.00, real=0.00 secs] 
322.477: Total time for which application threads were stopped: 0.0006470 seconds, Stopping threads took: 0.0000690 seconds
322.604: Application time: 0.1274570 seconds
322.604: [GC [PSYoungGen: 23296K->256K(23552K)] 53127K->30087K(56320K), 0.0004700 secs] [Times: user=0.00 sys=0.00, real=0.00 secs] 
322.605: Total time for which application threads were stopped: 0.0006280 seconds, Stopping threads took: 0.0000780 seconds
322.732: Application time: 0.1268220 seconds
322.732: [GC [PSYoungGen: 23296K->256K(23552K)] 53127K->30159K(56320K), 0.0004910 secs] [Times: user=0.00 sys=0.00, real=0.00 secs] 
322.732: Total time for which application threads were stopped: 0.0006540 seconds, Stopping threads took: 0.0000670 seconds
322.860: Application time: 0.1279090 seconds
322.860: [GC [PSYoungGen: 23296K->256K(23552K)] 53199K->30279K(56320K), 0.0004340 secs] [Times: user=0.01 sys=0.00, real=0.00 secs] 
322.861: Total time for which application threads were stopped: 0.0005680 seconds, Stopping threads took: 0.0000560 seconds
322.987: Application time: 0.1259380 seconds
322.987: [GC [PSYoungGen: 23296K->256K(23552K)] 53319K->30279K(56320K), 0.0005010 secs] [Times: user=0.00 sys=0.00, real=0.01 secs] 
322.987: Total time for which application threads were stopped: 0.0006440 seconds, Stopping threads took: 0.0000590 seconds
323.112: Application time: 0.1242200 seconds
323.112: [GC [PSYoungGen: 23296K->368K(23552K)] 53319K->30511K(56320K), 0.0005750 secs] [Times: user=0.00 sys=0.00, real=0.00 secs] 
323.112: Total time for which application threads were stopped: 0.0007170 seconds, Stopping threads took: 0.0000580 seconds
323.240: Application time: 0.1272370 seconds
323.240: [GC [PSYoungGen: 23408K->256K(23552K)] 53551K->30712K(56320K), 0.0005310 secs] [Times: user=0.00 sys=0.00, real=0.00 secs] 
323.240: Total time for which application threads were stopped: 0.0006910 seconds, Stopping threads took: 0.0000620 seconds
323.367: Application time: 0.1271290 seconds
323.367: [GC [PSYoungGen: 23296K->256K(23552K)] 53752K->30712K(56320K), 0.0004500 secs] [Times: user=0.01 sys=0.00, real=0.00 secs] 
323.368: Total time for which application threads were stopped: 0.0005990 seconds, Stopping threads took: 0.0000660 seconds
323.495: Application time: 0.1269350 seconds
323.495: [GC [PSYoungGen: 23296K->192K(23552K)] 53752K->30696K(56320K), 0.0005490 secs] [Times: user=0.00 sys=0.00, real=0.01 secs] 
323.496: Total time for which application threads were stopped: 0.0006880 seconds, Stopping threads took: 0.0000610 seconds
323.623: Application time: 0.1274160 seconds
323.623: [GC [PSYoungGen: 23232K->256K(23552K)] 53736K->30904K(56320K), 0.0004930 secs] [Times: user=0.00 sys=0.00, real=0.00 secs] 
323.624: Total time for which application threads were stopped: 0.0006440 seconds, Stopping threads took: 0.0000680 seconds
323.750: Application time: 0.1268220 seconds
323.751: [GC [PSYoungGen: 23296K->256K(23552K)] 53944K->30904K(56320K), 0.0004170 secs] [Times: user=0.00 sys=0.00, real=0.00 secs] 
323.751: Total time for which application threads were stopped: 0.0005620 seconds, Stopping threads took: 0.0000530 seconds
323.875: Application time: 0.1240620 seconds
323.875: [GC [PSYoungGen: 23296K->320K(23552K)] 53944K->31032K(56320K), 0.0004840 secs] [Times: user=0.00 sys=0.00, real=0.01 secs] 
323.876: Total time for which application threads were stopped: 0.0006140 seconds, Stopping threads took: 0.0000470 seconds
324.003: Application time: 0.1269200 seconds
324.003: [GC [PSYoungGen: 23360K->256K(23552K)] 54072K->31240K(56320K), 0.0005590 secs] [Times: user=0.00 sys=0.00, real=0.00 secs] 
324.003: Total time for which application threads were stopped: 0.0007070 seconds, Stopping threads took: 0.0000530 seconds
324.131: Application time: 0.1275540 seconds
324.131: [GC [PSYoungGen: 23296K->256K(23552K)] 54280K->31352K(56320K), 0.0004470 secs] [Times: user=0.00 sys=0.00, real=0.00 secs] 
324.132: Total time for which application threads were stopped: 0.0005910 seconds, Stopping threads took: 0.0000550 seconds
324.258: Application time: 0.1267120 seconds
324.258: [GC [PSYoungGen: 23296K->256K(23552K)] 54392K->31376K(56320K), 0.0004550 secs] [Times: user=0.00 sys=0.00, real=0.00 secs] 
324.259: Total time for which application threads were stopped: 0.0006000 seconds, Stopping threads took: 0.0000540 seconds
324.386: Application time: 0.1273150 seconds
324.386: [GC [PSYoungGen: 23296K->256K(23552K)] 54416K->31496K(56320K), 0.0004780 secs] [Times: user=0.00 sys=0.00, real=0.00 secs] 
324.387: Total time for which application threads were stopped: 0.0006270 seconds, Stopping threads took: 0.0000680 seconds
324.513: Application time: 0.1266620 seconds
324.514: [GC [PSYoungGen: 23296K->256K(23552K)] 54536K->31544K(56320K), 0.0004610 secs] [Times: user=0.01 sys=0.00, real=0.00 secs] 
324.514: Total time for which application threads were stopped: 0.0006070 seconds, Stopping threads took: 0.0000650 seconds
324.639: Application time: 0.1246130 seconds
324.639: [GC [PSYoungGen: 23296K->336K(23552K)] 54584K->31688K(56320K), 0.0005330 secs] [Times: user=0.01 sys=0.00, real=0.00 secs] 
324.640: Total time for which application threads were stopped: 0.0012490 seconds, Stopping threads took: 0.0006340 seconds
324.766: Application time: 0.1260710 seconds
324.766: [GC [PSYoungGen: 23376K->288K(23552K)] 54728K->31897K(56320K), 0.0005480 secs] [Times: user=0.01 sys=0.00, real=0.00 secs] 
324.767: Total time for which application threads were stopped: 0.0007030 seconds, Stopping threads took: 0.0000620 seconds
324.894: Application time: 0.1276940 seconds
324.894: [GC [PSYoungGen: 23328K->224K(23552K)] 54937K->31969K(56320K), 0.0004630 secs] [Times: user=0.00 sys=0.00, real=0.00 secs] 
324.895: Total time for which application threads were stopped: 0.0005950 seconds, Stopping threads took: 0.0000540 seconds
325.022: Application time: 0.1270800 seconds
325.022: [GC [PSYoungGen: 23264K->256K(23552K)] 55009K->32001K(56320K), 0.0004380 secs] [Times: user=0.01 sys=0.00, real=0.00 secs] 
325.023: Total time for which application threads were stopped: 0.0005790 seconds, Stopping threads took: 0.0000610 seconds
325.150: Application time: 0.1270560 seconds
325.150: [GC [PSYoungGen: 23296K->256K(23552K)] 55041K->32145K(56320K), 0.0004870 secs] [Times: user=0.00 sys=0.00, real=0.00 secs] 
325.150: Total time for which application threads were stopped: 0.0006240 seconds, Stopping threads took: 0.0000530 seconds
325.278: Application time: 0.1274510 seconds
325.278: [GC [PSYoungGen: 23296K->256K(23552K)] 55185K->32193K(56320K), 0.0004260 secs] [Times: user=0.00 sys=0.00, real=0.00 secs] 
325.278: Total time for which application threads were stopped: 0.0005710 seconds, Stopping threads took: 0.0000560 seconds
325.403: Application time: 0.1243970 seconds
325.403: [GC [PSYoungGen: 23296K->416K(23552K)] 55233K->32353K(56320K), 0.0005280 secs] [Times: user=0.00 sys=0.00, real=0.00 secs] 
325.403: Total time for which application threads were stopped: 0.0006620 seconds, Stopping threads took: 0.0000550 seconds
325.530: Application time: 0.1263310 seconds
325.530: [GC [PSYoungGen: 23456K->256K(23552K)] 55393K->32501K(56320K), 0.0005190 secs] [Times: user=0.00 sys=0.00, real=0.00 secs] 
325.530: Total time for which application threads were stopped: 0.0006680 seconds, Stopping threads took: 0.0000660 seconds
325.658: Application time: 0.1275910 seconds
325.658: [GC [PSYoungGen: 23296K->256K(23552K)] 55541K->32637K(56320K), 0.0004620 secs] [Times: user=0.00 sys=0.00, real=0.00 secs] 
325.659: Total time for which application threads were stopped: 0.0006030 seconds, Stopping threads took: 0.0000540 seconds
325.786: Application time: 0.1272700 seconds
325.786: [GC [PSYoungGen: 23296K->256K(23552K)] 55677K->32637K(56320K), 0.0004620 secs] [Times: user=0.00 sys=0.00, real=0.00 secs] 
325.786: Total time for which application threads were stopped: 0.0006110 seconds, Stopping threads took: 0.0000570 seconds
325.914: Application time: 0.1274060 seconds
325.914: [GC [PSYoungGen: 23296K->256K(23552K)] 55677K->32757K(56320K), 0.0004840 secs] [Times: user=0.00 sys=0.00, real=0.00 secs] 
325.915: [Full GC [PSYoungGen: 256K->0K(23552K)] [ParOldGen: 32501K->3085K(32256K)] 32757K->3085K(55808K) [PSPermGen: 6081K->6081K(21504K)], 0.0062640 secs] [Times: user=0.03 sys=0.00, real=0.01 secs] 
325.921: Total time for which application threads were stopped: 0.0069330 seconds, Stopping threads took: 0.0000540 seconds
326.048: Application time: 0.1274930 seconds
326.048: [GC [PSYoungGen: 23040K->256K(23040K)] 26125K->3341K(55296K), 0.0004210 secs] [Times: user=0.00 sys=0.00, real=0.00 secs] 
326.049: Total time for which application threads were stopped: 0.0005710 seconds, Stopping threads took: 0.0000660 seconds
326.171: Application time: 0.1219660 seconds
326.171: [GC [PSYoungGen: 22784K->320K(23040K)] 25869K->3421K(55296K), 0.0004600 secs] [Times: user=0.00 sys=0.00, real=0.00 secs] 
326.171: Total time for which application threads were stopped: 0.0006020 seconds, Stopping threads took: 0.0000580 seconds
326.294: Application time: 0.1226880 seconds
326.294: [GC [PSYoungGen: 22848K->272K(23040K)] 25949K->3613K(55296K), 0.0006190 secs] [Times: user=0.00 sys=0.00, real=0.00 secs] 
326.295: Total time for which application threads were stopped: 0.0007670 seconds, Stopping threads took: 0.0000550 seconds
326.420: Application time: 0.1248950 seconds
326.420: [GC [PSYoungGen: 22800K->256K(23040K)] 26141K->3765K(55296K), 0.0004430 secs] [Times: user=0.00 sys=0.00, real=0.00 secs] 
326.420: Total time for which application threads were stopped: 0.0005890 seconds, Stopping threads took: 0.0000620 seconds
326.544: Application time: 0.1240480 seconds
326.545: [GC [PSYoungGen: 22784K->272K(23040K)] 26293K->3781K(55296K), 0.0004290 secs] [Times: user=0.00 sys=0.00, real=0.00 secs] 
326.545: Total time for which application threads were stopped: 0.0005800 seconds, Stopping threads took: 0.0000690 seconds
326.669: Application time: 0.1240990 seconds
326.669: [GC [PSYoungGen: 22800K->192K(23040K)] 26309K->3813K(55296K), 0.0004750 secs] [Times: user=0.00 sys=0.00, real=0.00 secs] 
326.670: Total time for which application threads were stopped: 0.0006310 seconds, Stopping threads took: 0.0000710 seconds
326.794: Application time: 0.1243280 seconds
326.794: [GC [PSYoungGen: 22720K->160K(23040K)] 26341K->3845K(55296K), 0.0004540 secs] [Times: user=0.00 sys=0.00, real=0.00 secs] 
326.795: Total time for which application threads were stopped: 0.0006030 seconds, Stopping threads took: 0.0000660 seconds
326.917: Application time: 0.1221760 seconds
326.917: [GC [PSYoungGen: 22688K->368K(23040K)] 26373K->4054K(55296K), 0.0004830 secs] [Times: user=0.01 sys=0.00, real=0.00 secs] 
326.918: Total time for which application threads were stopped: 0.0006300 seconds, Stopping threads took: 0.0000630 seconds
327.040: Application time: 0.1226140 seconds
327.040: [GC [PSYoungGen: 22896K->352K(23040K)] 26582K->4282K(55296K), 0.0004910 secs] [Times: user=0.00 sys=0.00, real=0.00 secs] 
327.041: Total time for which application threads were stopped: 0.0006320 seconds, Stopping threads took: 0.0000550 seconds
327.166: Application time: 0.1248140 seconds
327.166: [GC [PSYoungGen: 22880K->224K(23040K)] 26810K->4338K(55296K), 0.0004620 secs] [Times: user=0.00 sys=0.00, real=0.00 secs] 
327.166: Total time for which application threads were stopped: 0.0006060 seconds, Stopping threads took: 0.0000580 seconds
327.290: Application time: 0.1241540 seconds
327.290: [GC [PSYoungGen: 22752K->256K(23040K)] 26866K->4370K(55296K), 0.0003930 secs] [Times: user=0.00 sys=0.00, real=0.00 secs] 
327.291: Total time for which application threads were stopped: 0.0005370 seconds, Stopping threads took: 0.0000560 seconds
327.414: Application time: 0.1232700 seconds
327.414: [GC [PSYoungGen: 22784K->256K(23040K)] 26898K->4418K(55296K), 0.0004220 secs] [Times: user=0.00 sys=0.00, real=0.00 secs] 
327.415: Total time for which application threads were stopped: 0.0005710 seconds, Stopping threads took: 0.0000690 seconds
327.539: Application time: 0.1244870 seconds
327.539: [GC [PSYoungGen: 22784K->256K(23040K)] 26946K->4562K(55296K), 0.0004620 secs] [Times: user=0.00 sys=0.00, real=0.00 secs] 
327.541: Total time for which application threads were stopped: 0.0017350 seconds, Stopping threads took: 0.0000750 seconds
327.665: Application time: 0.1238450 seconds
327.665: [GC [PSYoungGen: 22784K->272K(23040K)] 27090K->4578K(55296K), 0.0004810 secs] [Times: user=0.00 sys=0.00, real=0.00 secs] 
327.665: Total time for which application threads were stopped: 0.0006250 seconds, Stopping threads took: 0.0000610 seconds
327.786: Application time: 0.1210330 seconds
327.787: [GC [PSYoungGen: 22800K->384K(23040K)] 27106K->4762K(55296K), 0.0005680 secs] [Times: user=0.00 sys=0.00, real=0.00 secs] 
327.787: Total time for which application threads were stopped: 0.0007070 seconds, Stopping threads took: 0.0000530 seconds
327.911: Application time: 0.1241900 seconds
327.915: [GC [PSYoungGen: 22912K->256K(23040K)] 27290K->4934K(55296K), 0.0005170 secs] [Times: user=0.00 sys=0.00, real=0.00 secs] 
327.916: Total time for which application threads were stopped: 0.0045090 seconds, Stopping threads took: 0.0039090 seconds
328.041: Application time: 0.1248760 seconds
328.041: [GC [PSYoungGen: 22784K->256K(23040K)] 27462K->4998K(55296K), 0.0003960 secs] [Times: user=0.00 sys=0.00, real=0.00 secs] 
328.041: Total time for which application threads were stopped: 0.0005370 seconds, Stopping threads took: 0.0000520 seconds
328.166: Application time: 0.1242530 seconds
328.166: [GC [PSYoungGen: 22784K->256K(23040K)] 27526K->5022K(55296K), 0.0004040 secs] [Times: user=0.01 sys=0.00, real=0.00 secs] 
328.166: Total time for which application threads were stopped: 0.0005430 seconds, Stopping threads took: 0.0000610 seconds
328.291: Application time: 0.1246180 seconds
328.291: [GC [PSYoungGen: 22784K->256K(23040K)] 27550K->5142K(55296K), 0.0004420 secs] [Times: user=0.00 sys=0.00, real=0.00 secs] 
328.291: Total time for which application threads were stopped: 0.0005940 seconds, Stopping threads took: 0.0000710 seconds
328.416: Application time: 0.1246410 seconds
328.416: [GC [PSYoungGen: 22784K->256K(23040K)] 27670K->5191K(55296K), 0.0003840 secs] [Times: user=0.00 sys=0.00, real=0.00 secs] 
328.416: Total time for which application threads were stopped: 0.0005210 seconds, Stopping threads took: 0.0000550 seconds
328.538: Application time: 0.1211490 seconds
328.538: [GC [PSYoungGen: 22784K->368K(23040K)] 27719K->5303K(55296K), 0.0004450 secs] [Times: user=0.01 sys=0.00, real=0.00 secs] 
328.538: Total time for which application threads were stopped: 0.0005860 seconds, Stopping threads took: 0.0000590 seconds
328.662: Application time: 0.1234030 seconds
328.662: [GC [PSYoungGen: 22896K->240K(23040K)] 27831K->5447K(55296K), 0.0005230 secs] [Times: user=0.00 sys=0.00, real=0.00 secs] 
328.662: Total time for which application threads were stopped: 0.0006750 seconds, Stopping threads took: 0.0000590 seconds
328.787: Application time: 0.1247660 seconds
328.787: [GC [PSYoungGen: 22768K->256K(23040K)] 27975K->5599K(55296K), 0.0004680 secs] [Times: user=0.00 sys=0.00, real=0.01 secs] 
328.788: Total time for which application threads were stopped: 0.0006200 seconds, Stopping threads took: 0.0000690 seconds
328.914: Application time: 0.1265650 seconds
328.915: [GC [PSYoungGen: 22784K->256K(23040K)] 28127K->5599K(55296K), 0.0004340 secs] [Times: user=0.00 sys=0.00, real=0.00 secs] 
328.916: Total time for which application threads were stopped: 0.0015590 seconds, Stopping threads took: 0.0010440 seconds
329.052: Application time: 0.1366120 seconds
329.053: [GC [PSYoungGen: 22784K->256K(23040K)] 28127K->5719K(55296K), 0.0004580 secs] [Times: user=0.00 sys=0.00, real=0.00 secs] 
329.053: Total time for which application threads were stopped: 0.0006040 seconds, Stopping threads took: 0.0000550 seconds
329.190: Application time: 0.1367850 seconds
329.190: [GC [PSYoungGen: 22784K->256K(23040K)] 28247K->5791K(55296K), 0.0004160 secs] [Times: user=0.01 sys=0.00, real=0.00 secs] 
329.190: Total time for which application threads were stopped: 0.0005730 seconds, Stopping threads took: 0.0000630 seconds
329.324: Application time: 0.1336370 seconds
329.324: [GC [PSYoungGen: 22784K->336K(23040K)] 28319K->5871K(55296K), 0.0005230 secs] [Times: user=0.00 sys=0.00, real=0.00 secs] 
329.325: Total time for which application threads were stopped: 0.0006680 seconds, Stopping threads took: 0.0000610 seconds
329.460: Application time: 0.1355040 seconds
329.460: [GC [PSYoungGen: 22864K->320K(23040K)] 28399K->6103K(55296K), 0.0005150 secs] [Times: user=0.01 sys=0.00, real=0.00 secs] 
329.461: Total time for which application threads were stopped: 0.0006660 seconds, Stopping threads took: 0.0000650 seconds
329.598: Application time: 0.1373120 seconds
329.598: [GC [PSYoungGen: 22848K->256K(23040K)] 28631K->6223K(55296K), 0.0004710 secs] [Times: user=0.00 sys=0.00, real=0.00 secs] 
329.599: Total time for which application threads were stopped: 0.0006210 seconds, Stopping threads took: 0.0000700 seconds
329.735: Application time: 0.1364980 seconds
329.735: [GC [PSYoungGen: 22784K->256K(23040K)] 28751K->6223K(55296K), 0.0004440 secs] [Times: user=0.00 sys=0.00, real=0.00 secs] 
329.736: Total time for which application threads were stopped: 0.0005890 seconds, Stopping threads took: 0.0000510 seconds
329.873: Application time: 0.1372230 seconds
329.873: [GC [PSYoungGen: 22784K->224K(23040K)] 28751K->6312K(55296K), 0.0005060 secs] [Times: user=0.01 sys=0.00, real=0.00 secs] 
329.874: Total time for which application threads were stopped: 0.0006540 seconds, Stopping threads took: 0.0000620 seconds
330.011: Application time: 0.1367570 seconds
330.011: [GC [PSYoungGen: 22752K->256K(23040K)] 28840K->6416K(55296K), 0.0004250 secs] [Times: user=0.00 sys=0.00, real=0.00 secs] 
330.011: Total time for which application threads were stopped: 0.0005570 seconds, Stopping threads took: 0.0000520 seconds
330.145: Application time: 0.1342920 seconds
330.146: [GC [PSYoungGen: 22784K->272K(23040K)] 28944K->6432K(55296K), 0.0004270 secs] [Times: user=0.01 sys=0.00, real=0.00 secs] 
330.146: Total time for which application threads were stopped: 0.0005640 seconds, Stopping threads took: 0.0000580 seconds
330.281: Application time: 0.1348510 seconds
330.281: [GC [PSYoungGen: 22800K->288K(23040K)] 28960K->6672K(55296K), 0.0005220 secs] [Times: user=0.00 sys=0.00, real=0.00 secs] 
330.281: Total time for which application threads were stopped: 0.0006740 seconds, Stopping threads took: 0.0000580 seconds
330.418: Application time: 0.1367290 seconds
330.418: [GC [PSYoungGen: 22816K->256K(23040K)] 29200K->6856K(55296K), 0.0004630 secs] [Times: user=0.00 sys=0.00, real=0.00 secs] 
330.419: Total time for which application threads were stopped: 0.0006000 seconds, Stopping threads took: 0.0000540 seconds
330.556: Application time: 0.1373400 seconds
330.556: [GC [PSYoungGen: 22784K->256K(23040K)] 29384K->6856K(55296K), 0.0004400 secs] [Times: user=0.00 sys=0.00, real=0.00 secs] 
330.557: Total time for which application threads were stopped: 0.0005790 seconds, Stopping threads took: 0.0000550 seconds
330.693: Application time: 0.1365020 seconds
330.693: [GC [PSYoungGen: 22784K->256K(23040K)] 29384K->6880K(55296K), 0.0004630 secs] [Times: user=0.00 sys=0.00, real=0.00 secs] 
330.694: Total time for which application threads were stopped: 0.0006030 seconds, Stopping threads took: 0.0000550 seconds
330.831: Application time: 0.1374160 seconds
330.831: [GC [PSYoungGen: 22784K->224K(23040K)] 29408K->7016K(55296K), 0.0005270 secs] [Times: user=0.00 sys=0.00, real=0.00 secs] 
330.832: Total time for which application threads were stopped: 0.0006820 seconds, Stopping threads took: 0.0000610 seconds
330.969: Application time: 0.1367000 seconds
330.971: [GC [PSYoungGen: 22752K->256K(23040K)] 29544K->7048K(55296K), 0.0005200 secs] [Times: user=0.00 sys=0.00, real=0.00 secs] 
330.972: Total time for which application threads were stopped: 0.0032280 seconds, Stopping threads took: 0.0026260 seconds
331.106: Application time: 0.1340210 seconds
331.106: [GC [PSYoungGen: 22784K->336K(23040K)] 29576K->7192K(55296K), 0.0005330 secs] [Times: user=0.00 sys=0.00, real=0.00 secs] 
331.107: Total time for which application threads were stopped: 0.0006860 seconds, Stopping threads took: 0.0000710 seconds
331.242: Application time: 0.1356070 seconds
331.242: [GC [PSYoungGen: 22864K->256K(23040K)] 29720K->7376K(55296K), 0.0005280 secs] [Times: user=0.00 sys=0.00, real=0.00 secs] 
331.243: Total time for which application threads were stopped: 0.0006830 seconds, Stopping threads took: 0.0000690 seconds
331.379: Application time: 0.1364580 seconds
331.379: [GC [PSYoungGen: 22784K->224K(23040K)] 29904K->7464K(55296K), 0.0004900 secs] [Times: user=0.00 sys=0.00, real=0.00 secs] 
331.380: Total time for which application threads were stopped: 0.0006480 seconds, Stopping threads took: 0.0000620 seconds
331.517: Application time: 0.1365110 seconds
331.517: [GC [PSYoungGen: 22752K->256K(23040K)] 29992K->7496K(55296K), 0.0004510 secs] [Times: user=0.00 sys=0.00, real=0.00 secs] 
331.517: Total time for which application threads were stopped: 0.0006060 seconds, Stopping threads took: 0.0000720 seconds
331.654: Application time: 0.1371630 seconds
331.654: [GC [PSYoungGen: 22784K->256K(23040K)] 30024K->7641K(55296K), 0.0004610 secs] [Times: user=0.00 sys=0.00, real=0.00 secs] 
331.655: Total time for which application threads were stopped: 0.0006060 seconds, Stopping threads took: 0.0000630 seconds
331.792: Application time: 0.1367270 seconds
331.792: [GC [PSYoungGen: 22784K->256K(23040K)] 30169K->7689K(55296K), 0.0004640 secs] [Times: user=0.00 sys=0.00, real=0.00 secs] 
331.792: Total time for which application threads were stopped: 0.0006020 seconds, Stopping threads took: 0.0000530 seconds
331.927: Application time: 0.1344900 seconds
331.927: [GC [PSYoungGen: 22784K->320K(23040K)] 30217K->7753K(55296K), 0.0005270 secs] [Times: user=0.00 sys=0.00, real=0.01 secs] 
331.927: Total time for which application threads were stopped: 0.0006890 seconds, Stopping threads took: 0.0000670 seconds
332.063: Application time: 0.1354200 seconds
332.063: [GC [PSYoungGen: 22848K->320K(23040K)] 30281K->8021K(55296K), 0.0005320 secs] [Times: user=0.00 sys=0.00, real=0.00 secs] 
332.064: Total time for which application threads were stopped: 0.0006790 seconds, Stopping threads took: 0.0000570 seconds
332.201: Application time: 0.1375240 seconds
332.201: [GC [PSYoungGen: 22848K->256K(23040K)] 30549K->8125K(55296K), 0.0004860 secs] [Times: user=0.00 sys=0.00, real=0.00 secs] 
332.202: Total time for which application threads were stopped: 0.0006310 seconds, Stopping threads took: 0.0000620 seconds
332.338: Application time: 0.1364650 seconds
332.338: [GC [PSYoungGen: 22784K->256K(23040K)] 30653K->8125K(55296K), 0.0004420 secs] [Times: user=0.00 sys=0.00, real=0.00 secs] 
332.339: Total time for which application threads were stopped: 0.0005890 seconds, Stopping threads took: 0.0000610 seconds
332.476: Application time: 0.1367770 seconds
332.476: [GC [PSYoungGen: 22784K->256K(23040K)] 30653K->8245K(55296K), 0.0004750 secs] [Times: user=0.00 sys=0.00, real=0.00 secs] 
332.476: Total time for which application threads were stopped: 0.0006310 seconds, Stopping threads took: 0.0000620 seconds
332.613: Application time: 0.1367900 seconds
332.613: [GC [PSYoungGen: 22784K->256K(23040K)] 30773K->8317K(55296K), 0.0004860 secs] [Times: user=0.01 sys=0.00, real=0.00 secs] 
332.615: Total time for which application threads were stopped: 0.0016450 seconds, Stopping threads took: 0.0000600 seconds
332.749: Application time: 0.1346000 seconds
332.749: [GC [PSYoungGen: 22784K->336K(23040K)] 30845K->8397K(55296K), 0.0004510 secs] [Times: user=0.00 sys=0.00, real=0.00 secs] 
332.750: Total time for which application threads were stopped: 0.0005910 seconds, Stopping threads took: 0.0000520 seconds
332.885: Application time: 0.1348510 seconds
332.885: [GC [PSYoungGen: 22864K->320K(23040K)] 30925K->8629K(55296K), 0.0004980 secs] [Times: user=0.00 sys=0.00, real=0.00 secs] 
332.885: Total time for which application threads were stopped: 0.0006380 seconds, Stopping threads took: 0.0000640 seconds
333.010: Application time: 0.1245330 seconds
333.010: [GC [PSYoungGen: 22848K->256K(23040K)] 31157K->8745K(55296K), 0.0004660 secs] [Times: user=0.00 sys=0.00, real=0.00 secs] 
333.010: Total time for which application threads were stopped: 0.0006290 seconds, Stopping threads took: 0.0000730 seconds
333.135: Application time: 0.1241190 seconds
333.135: [GC [PSYoungGen: 22784K->208K(23040K)] 31273K->8697K(55296K), 0.0004790 secs] [Times: user=0.00 sys=0.00, real=0.00 secs] 
333.135: Total time for which application threads were stopped: 0.0006260 seconds, Stopping threads took: 0.0000600 seconds
333.259: Application time: 0.1237230 seconds
333.259: [GC [PSYoungGen: 22736K->256K(23040K)] 31225K->8842K(55296K), 0.0004430 secs] [Times: user=0.00 sys=0.00, real=0.00 secs] 
333.259: Total time for which application threads were stopped: 0.0005830 seconds, Stopping threads took: 0.0000560 seconds
333.384: Application time: 0.1249320 seconds
333.385: [GC [PSYoungGen: 22784K->256K(23040K)] 31370K->8938K(55296K), 0.0004280 secs] [Times: user=0.00 sys=0.00, real=0.00 secs] 
333.385: Total time for which application threads were stopped: 0.0005640 seconds, Stopping threads took: 0.0000520 seconds
333.509: Application time: 0.1239340 seconds
333.509: [GC [PSYoungGen: 22784K->224K(23040K)] 31466K->8906K(55296K), 0.0004370 secs] [Times: user=0.01 sys=0.00, real=0.00 secs] 
333.510: Total time for which application threads were stopped: 0.0005820 seconds, Stopping threads took: 0.0000650 seconds
333.630: Application time: 0.1202460 seconds
333.630: [GC [PSYoungGen: 22752K->464K(23040K)] 31434K->9210K(55296K), 0.0005720 secs] [Times: user=0.00 sys=0.00, real=0.00 secs] 
333.630: Total time for which application threads were stopped: 0.0007170 seconds, Stopping threads took: 0.0000530 seconds
333.755: Application time: 0.1246470 seconds
333.755: [GC [PSYoungGen: 22992K->256K(23040K)] 31738K->9350K(55296K), 0.0004990 secs] [Times: user=0.00 sys=0.00, real=0.00 secs] 
333.756: Total time for which application threads were stopped: 0.0006590 seconds, Stopping threads took: 0.0000730 seconds
333.881: Application time: 0.1251190 seconds
333.881: [GC [PSYoungGen: 22784K->256K(23040K)] 31878K->9350K(55296K), 0.0004070 secs] [Times: user=0.01 sys=0.00, real=0.00 secs] 
333.881: Total time for which application threads were stopped: 0.0005290 seconds, Stopping threads took: 0.0000500 seconds
334.005: Application time: 0.1239630 seconds
334.006: [GC [PSYoungGen: 22784K->256K(23040K)] 31878K->9374K(55296K), 0.0004140 secs] [Times: user=0.00 sys=0.00, real=0.00 secs] 
334.006: Total time for which application threads were stopped: 0.0005450 seconds, Stopping threads took: 0.0000510 seconds
334.130: Application time: 0.1245160 seconds
334.131: [GC [PSYoungGen: 22784K->224K(23040K)] 31902K->9486K(55296K), 0.0005020 secs] [Times: user=0.00 sys=0.00, real=0.00 secs] 
334.131: Total time for which application threads were stopped: 0.0006590 seconds, Stopping threads took: 0.0000610 seconds
334.255: Application time: 0.1242970 seconds
334.256: [GC [PSYoungGen: 22752K->192K(23040K)] 32014K->9478K(55296K), 0.0004360 secs] [Times: user=0.00 sys=0.00, real=0.00 secs] 
334.256: Total time for which application threads were stopped: 0.0005770 seconds, Stopping threads took: 0.0000570 seconds
334.377: Application time: 0.1211800 seconds
334.377: [GC [PSYoungGen: 22720K->416K(23040K)] 32006K->9702K(55296K), 0.0004680 secs] [Times: user=0.00 sys=0.00, real=0.00 secs] 
334.378: Total time for which application threads were stopped: 0.0006070 seconds, Stopping threads took: 0.0000630 seconds
334.501: Application time: 0.1232870 seconds
334.501: [GC [PSYoungGen: 22944K->256K(23040K)] 32230K->9838K(55296K), 0.0005340 secs] [Times: user=0.00 sys=0.00, real=0.00 secs] 
334.502: Total time for which application threads were stopped: 0.0006700 seconds, Stopping threads took: 0.0000540 seconds
334.627: Application time: 0.1249770 seconds
334.627: [GC [PSYoungGen: 22784K->224K(23040K)] 32366K->9934K(55296K), 0.0004730 secs] [Times: user=0.00 sys=0.00, real=0.01 secs] 
334.627: Total time for which application threads were stopped: 0.0006070 seconds, Stopping threads took: 0.0000590 seconds
334.752: Application time: 0.1242960 seconds
334.755: [GC [PSYoungGen: 22752K->256K(23040K)] 32462K->9966K(55296K), 0.0004280 secs] [Times: user=0.00 sys=0.00, real=0.00 secs] 
334.756: Total time for which application threads were stopped: 0.0041760 seconds, Stopping threads took: 0.0036570 seconds
334.880: Application time: 0.1242280 seconds
334.880: [GC [PSYoungGen: 22784K->256K(23040K)] 32494K->10087K(55296K), 0.0004300 secs] [Times: user=0.00 sys=0.00, real=0.00 secs] 
334.881: Total time for which application threads were stopped: 0.0005680 seconds, Stopping threads took: 0.0000570 seconds
335.006: Application time: 0.1249040 seconds
335.006: [GC [PSYoungGen: 22784K->256K(23040K)] 32615K->10159K(55296K), 0.0004770 secs] [Times: user=0.00 sys=0.00, real=0.00 secs] 
335.006: Total time for which application threads were stopped: 0.0006100 seconds, Stopping threads took: 0.0000530 seconds
335.128: Application time: 0.1221060 seconds
335.128: [GC [PSYoungGen: 22784K->368K(23040K)] 32687K->10271K(55296K), 0.0004590 secs] [Times: user=0.00 sys=0.00, real=0.00 secs] 
335.129: Total time for which application threads were stopped: 0.0005920 seconds, Stopping threads took: 0.0000460 seconds
335.252: Application time: 0.1227120 seconds
335.252: [GC [PSYoungGen: 22896K->272K(23040K)] 32799K->10423K(55296K), 0.0005570 secs] [Times: user=0.00 sys=0.00, real=0.00 secs] 
335.252: Total time for which application threads were stopped: 0.0006950 seconds, Stopping threads took: 0.0000540 seconds
335.377: Application time: 0.1249880 seconds
335.377: [GC [PSYoungGen: 22800K->256K(23040K)] 32951K->10579K(55296K), 0.0004560 secs] [Times: user=0.00 sys=0.00, real=0.00 secs] 
335.378: Total time for which application threads were stopped: 0.0006070 seconds, Stopping threads took: 0.0000620 seconds
335.502: Application time: 0.1243710 seconds
335.502: [GC [PSYoungGen: 22784K->256K(23040K)] 33107K->10579K(55296K), 0.0004180 secs] [Times: user=0.00 sys=0.00, real=0.00 secs] 
335.503: Total time for which application threads were stopped: 0.0005540 seconds, Stopping threads took: 0.0000530 seconds
335.627: Application time: 0.1243440 seconds
335.627: [GC [PSYoungGen: 22784K->192K(23040K)] 33107K->10611K(55296K), 0.0004670 secs] [Times: user=0.01 sys=0.00, real=0.01 secs] 
335.628: Total time for which application threads were stopped: 0.0006150 seconds, Stopping threads took: 0.0000630 seconds
335.753: Application time: 0.1248630 seconds
335.753: [GC [PSYoungGen: 22720K->256K(23040K)] 33139K->10771K(55296K), 0.0004520 secs] [Times: user=0.00 sys=0.00, real=0.00 secs] 
335.753: Total time for which application threads were stopped: 0.0005910 seconds, Stopping threads took: 0.0000540 seconds
335.876: Application time: 0.1225810 seconds
335.876: [GC [PSYoungGen: 22784K->320K(23040K)] 33299K->10835K(55296K), 0.0004430 secs] [Times: user=0.00 sys=0.00, real=0.00 secs] 
335.876: Total time for which application threads were stopped: 0.0005770 seconds, Stopping threads took: 0.0000540 seconds
335.999: Application time: 0.1225660 seconds
335.999: [GC [PSYoungGen: 22848K->288K(23040K)] 33363K->11011K(55296K), 0.0005150 secs] [Times: user=0.00 sys=0.00, real=0.00 secs] 
336.000: Total time for which application threads were stopped: 0.0006860 seconds, Stopping threads took: 0.0000780 seconds
336.124: Application time: 0.1246110 seconds
336.124: [GC [PSYoungGen: 22816K->256K(23040K)] 33539K->11196K(55296K), 0.0004630 secs] [Times: user=0.00 sys=0.00, real=0.00 secs] 
336.125: Total time for which application threads were stopped: 0.0006030 seconds, Stopping threads took: 0.0000550 seconds
336.249: Application time: 0.1244440 seconds
336.249: [GC [PSYoungGen: 22784K->256K(23040K)] 33724K->11196K(55296K), 0.0004140 secs] [Times: user=0.00 sys=0.00, real=0.00 secs] 
336.250: Total time for which application threads were stopped: 0.0005580 seconds, Stopping threads took: 0.0000590 seconds
336.374: Application time: 0.1245690 seconds
336.375: [GC [PSYoungGen: 22784K->256K(23040K)] 33724K->11268K(55296K), 0.0004320 secs] [Times: user=0.00 sys=0.00, real=0.00 secs] 
336.375: Total time for which application threads were stopped: 0.0005750 seconds, Stopping threads took: 0.0000620 seconds
336.499: Application time: 0.1242670 seconds
336.499: [GC [PSYoungGen: 22784K->192K(23040K)] 33796K->11316K(55296K), 0.0005000 secs] [Times: user=0.00 sys=0.00, real=0.00 secs] 
336.500: Total time for which application threads were stopped: 0.0006580 seconds, Stopping threads took: 0.0000680 seconds
336.624: Application time: 0.1236880 seconds
336.624: [GC [PSYoungGen: 22720K->272K(23040K)] 33844K->11396K(55296K), 0.0004160 secs] [Times: user=0.00 sys=0.00, real=0.00 secs] 
336.624: Total time for which application threads were stopped: 0.0005600 seconds, Stopping threads took: 0.0000630 seconds
336.745: Application time: 0.1208960 seconds
336.745: [GC [PSYoungGen: 22800K->368K(23040K)] 33924K->11556K(55296K), 0.0005120 secs] [Times: user=0.00 sys=0.00, real=0.00 secs] 
336.746: Total time for which application threads were stopped: 0.0006480 seconds, Stopping threads took: 0.0000510 seconds
336.870: Application time: 0.1238610 seconds
336.870: [GC [PSYoungGen: 22896K->272K(23040K)] 34084K->11744K(55296K), 0.0004840 secs] [Times: user=0.00 sys=0.00, real=0.00 secs] 
336.870: Total time for which application threads were stopped: 0.0006260 seconds, Stopping threads took: 0.0000640 seconds
337.005: Application time: 0.1351740 seconds
337.007: [GC [PSYoungGen: 22800K->256K(23040K)] 34272K->11816K(55296K), 0.0004400 secs] [Times: user=0.00 sys=0.00, real=0.00 secs] 
337.008: Total time for which application threads were stopped: 0.0024650 seconds, Stopping threads took: 0.0019300 seconds
337.144: Application time: 0.1359290 seconds
337.144: [GC [PSYoungGen: 22784K->272K(23040K)] 34344K->11832K(55296K), 0.0004310 secs] [Times: user=0.00 sys=0.00, real=0.00 secs] 
337.144: Total time for which application threads were stopped: 0.0005740 seconds, Stopping threads took: 0.0000600 seconds
337.281: Application time: 0.1366020 seconds
337.281: [GC [PSYoungGen: 22800K->256K(23040K)] 34360K->11960K(55296K), 0.0004370 secs] [Times: user=0.00 sys=0.00, real=0.00 secs] 
337.282: Total time for which application threads were stopped: 0.0005720 seconds, Stopping threads took: 0.0000560 seconds
337.418: Application time: 0.1369660 seconds
337.419: [GC [PSYoungGen: 22784K->224K(23040K)] 34488K->11976K(55296K), 0.0005750 secs] [Times: user=0.00 sys=0.00, real=0.00 secs] 
337.419: Total time for which application threads were stopped: 0.0007290 seconds, Stopping threads took: 0.0000700 seconds
337.553: Application time: 0.1340980 seconds
337.553: [GC [PSYoungGen: 22752K->320K(23040K)] 34504K->12072K(55296K), 0.0004930 secs] [Times: user=0.00 sys=0.00, real=0.00 secs] 
337.554: Total time for which application threads were stopped: 0.0006480 seconds, Stopping threads took: 0.0000640 seconds
337.689: Application time: 0.1353970 seconds
337.689: [GC [PSYoungGen: 22848K->272K(23040K)] 34600K->12280K(55296K), 0.0005560 secs] [Times: user=0.01 sys=0.00, real=0.00 secs] 
337.691: Total time for which application threads were stopped: 0.0016400 seconds, Stopping threads took: 0.0000560 seconds
337.828: Application time: 0.1371160 seconds
337.828: [GC [PSYoungGen: 22800K->256K(23040K)] 34808K->12437K(55296K), 0.0004620 secs] [Times: user=0.00 sys=0.00, real=0.00 secs] 
337.829: Total time for which application threads were stopped: 0.0006320 seconds, Stopping threads took: 0.0000830 seconds
337.965: Application time: 0.1365300 seconds
337.965: [GC [PSYoungGen: 22784K->256K(23040K)] 34965K->12437K(55296K), 0.0004750 secs] [Times: user=0.00 sys=0.00, real=0.00 secs] 
337.966: Total time for which application threads were stopped: 0.0006440 seconds, Stopping threads took: 0.0000710 seconds
338.103: Application time: 0.1372230 seconds
338.103: [GC [PSYoungGen: 22784K->256K(23040K)] 34965K->12557K(55296K), 0.0004430 secs] [Times: user=0.00 sys=0.00, real=0.00 secs] 
338.104: Total time for which application threads were stopped: 0.0006120 seconds, Stopping threads took: 0.0000680 seconds
338.241: Application time: 0.1369070 seconds
338.243: [GC [PSYoungGen: 22784K->256K(23040K)] 35085K->12629K(55296K), 0.0004680 secs] [Times: user=0.00 sys=0.00, real=0.00 secs] 
338.244: Total time for which application threads were stopped: 0.0031900 seconds, Stopping threads took: 0.0026420 seconds
338.377: Application time: 0.1336070 seconds
338.378: [GC [PSYoungGen: 22784K->352K(23040K)] 35157K->12725K(55296K), 0.0004910 secs] [Times: user=0.00 sys=0.00, real=0.00 secs] 
338.378: Total time for which application threads were stopped: 0.0006450 seconds, Stopping threads took: 0.0000660 seconds
338.514: Application time: 0.1354240 seconds
338.514: [GC [PSYoungGen: 22880K->336K(23040K)] 35253K->12977K(55296K), 0.0005190 secs] [Times: user=0.00 sys=0.00, real=0.00 secs] 
338.514: Total time for which application threads were stopped: 0.0006530 seconds, Stopping threads took: 0.0000530 seconds
338.652: Application time: 0.1378330 seconds
338.655: [GC [PSYoungGen: 22864K->256K(23040K)] 35505K->13073K(55296K), 0.0005210 secs] [Times: user=0.00 sys=0.00, real=0.00 secs] 
338.656: Total time for which application threads were stopped: 0.0038640 seconds, Stopping threads took: 0.0032470 seconds
338.792: Application time: 0.1365510 seconds
338.793: [GC [PSYoungGen: 22784K->256K(23040K)] 35601K->13073K(55296K), 0.0004590 secs] [Times: user=0.00 sys=0.00, real=0.00 secs] 
338.793: Total time for which application threads were stopped: 0.0006020 seconds, Stopping threads took: 0.0000560 seconds
338.932: Application time: 0.1391230 seconds
338.932: [GC [PSYoungGen: 22784K->176K(23040K)] 35601K->13081K(55296K), 0.0005050 secs] [Times: user=0.00 sys=0.00, real=0.00 secs] 
338.933: Total time for which application threads were stopped: 0.0006360 seconds, Stopping threads took: 0.0000490 seconds
339.070: Application time: 0.1368610 seconds
339.070: [GC [PSYoungGen: 22704K->256K(23040K)] 35609K->13257K(55296K), 0.0004950 secs] [Times: user=0.00 sys=0.00, real=0.00 secs] 
339.070: Total time for which application threads were stopped: 0.0006830 seconds, Stopping threads took: 0.0000980 seconds
339.204: Application time: 0.1340910 seconds
339.205: [GC [PSYoungGen: 22784K->304K(23040K)] 35785K->13305K(55296K), 0.0004450 secs] [Times: user=0.00 sys=0.00, real=0.00 secs] 
339.205: Total time for which application threads were stopped: 0.0005960 seconds, Stopping threads took: 0.0000620 seconds
339.340: Application time: 0.1354100 seconds
339.341: [GC [PSYoungGen: 22832K->336K(23040K)] 35833K->13553K(55296K), 0.0005140 secs] [Times: user=0.00 sys=0.00, real=0.00 secs] 
339.341: Total time for which application threads were stopped: 0.0006530 seconds, Stopping threads took: 0.0000510 seconds
339.479: Application time: 0.1374570 seconds
339.479: [GC [PSYoungGen: 22864K->256K(23040K)] 36081K->13702K(55296K), 0.0004880 secs] [Times: user=0.00 sys=0.00, real=0.00 secs] 
339.479: Total time for which application threads were stopped: 0.0006430 seconds, Stopping threads took: 0.0000670 seconds
339.616: Application time: 0.1368820 seconds
339.616: [GC [PSYoungGen: 22784K->256K(23040K)] 36230K->13702K(55296K), 0.0004080 secs] [Times: user=0.00 sys=0.00, real=0.00 secs] 
339.617: Total time for which application threads were stopped: 0.0005450 seconds, Stopping threads took: 0.0000530 seconds
339.753: Application time: 0.1364300 seconds
339.753: [GC [PSYoungGen: 22784K->256K(23040K)] 36230K->13726K(55296K), 0.0005010 secs] [Times: user=0.00 sys=0.00, real=0.00 secs] 
339.754: Total time for which application threads were stopped: 0.0006500 seconds, Stopping threads took: 0.0000550 seconds
339.899: Application time: 0.1456000 seconds
339.899: [GC [PSYoungGen: 22784K->256K(23040K)] 36254K->13870K(55296K), 0.0004560 secs] [Times: user=0.00 sys=0.00, real=0.00 secs] 
339.900: Total time for which application threads were stopped: 0.0006060 seconds, Stopping threads took: 0.0000600 seconds
340.037: Application time: 0.1368390 seconds
340.037: [GC [PSYoungGen: 22784K->256K(23040K)] 36398K->13894K(55296K), 0.0004710 secs] [Times: user=0.00 sys=0.00, real=0.00 secs] 
340.037: Total time for which application threads were stopped: 0.0006140 seconds, Stopping threads took: 0.0000590 seconds
340.171: Application time: 0.1332330 seconds
340.171: [GC [PSYoungGen: 22784K->384K(23040K)] 36422K->14022K(55296K), 0.0004860 secs] [Times: user=0.00 sys=0.00, real=0.00 secs] 
340.171: Total time for which application threads were stopped: 0.0006320 seconds, Stopping threads took: 0.0000670 seconds
340.307: Application time: 0.1358470 seconds
340.307: [GC [PSYoungGen: 22912K->256K(23040K)] 36550K->14198K(55296K), 0.0006040 secs] [Times: user=0.00 sys=0.00, real=0.00 secs] 
340.308: Total time for which application threads were stopped: 0.0007650 seconds, Stopping threads took: 0.0000620 seconds
340.444: Application time: 0.1363530 seconds
340.444: [GC [PSYoungGen: 22784K->256K(23040K)] 36726K->14318K(55296K), 0.0004600 secs] [Times: user=0.01 sys=0.00, real=0.00 secs] 
340.445: Total time for which application threads were stopped: 0.0006030 seconds, Stopping threads took: 0.0000550 seconds
340.581: Application time: 0.1365240 seconds
340.582: [GC [PSYoungGen: 22784K->256K(23040K)] 36846K->14318K(55296K), 0.0005250 secs] [Times: user=0.00 sys=0.00, real=0.00 secs] 
340.582: Total time for which application threads were stopped: 0.0006780 seconds, Stopping threads took: 0.0000680 seconds
340.719: Application time: 0.1366110 seconds
340.719: [GC [PSYoungGen: 22784K->256K(23040K)] 36846K->14462K(55296K), 0.0005110 secs] [Times: user=0.00 sys=0.00, real=0.00 secs] 
340.719: Total time for which application threads were stopped: 0.0006550 seconds, Stopping threads took: 0.0000620 seconds
340.857: Application time: 0.1373520 seconds
340.857: [GC [PSYoungGen: 22784K->256K(23040K)] 36990K->14510K(55296K), 0.0004400 secs] [Times: user=0.00 sys=0.00, real=0.00 secs] 
340.857: Total time for which application threads were stopped: 0.0005850 seconds, Stopping threads took: 0.0000520 seconds
340.983: Application time: 0.1256030 seconds
340.983: [GC [PSYoungGen: 22784K->352K(23040K)] 37038K->14606K(55296K), 0.0004760 secs] [Times: user=0.00 sys=0.00, real=0.00 secs] 
340.983: Total time for which application threads were stopped: 0.0006090 seconds, Stopping threads took: 0.0000540 seconds
341.106: Application time: 0.1229220 seconds
341.107: [GC [PSYoungGen: 22880K->304K(23040K)] 37134K->14822K(55296K), 0.0005240 secs] [Times: user=0.00 sys=0.00, real=0.00 secs] 
341.107: Total time for which application threads were stopped: 0.0006630 seconds, Stopping threads took: 0.0000510 seconds
341.232: Application time: 0.1244670 seconds
341.232: [GC [PSYoungGen: 22832K->256K(23040K)] 37350K->14963K(55296K), 0.0004220 secs] [Times: user=0.00 sys=0.00, real=0.00 secs] 
341.232: Total time for which application threads were stopped: 0.0005700 seconds, Stopping threads took: 0.0000690 seconds
341.356: Application time: 0.1239400 seconds
341.356: [GC [PSYoungGen: 22784K->256K(23040K)] 37491K->14963K(55296K), 0.0004430 secs] [Times: user=0.00 sys=0.00, real=0.00 secs] 
341.357: Total time for which application threads were stopped: 0.0005860 seconds, Stopping threads took: 0.0000630 seconds
341.481: Application time: 0.1240810 seconds
341.481: [GC [PSYoungGen: 22784K->224K(23040K)] 37491K->15051K(55296K), 0.0004570 secs] [Times: user=0.00 sys=0.00, real=0.00 secs] 
341.481: Total time for which application threads were stopped: 0.0006020 seconds, Stopping threads took: 0.0000590 seconds
341.608: Application time: 0.1262530 seconds
341.608: [GC [PSYoungGen: 22752K->256K(23040K)] 37579K->15155K(55296K), 0.0005000 secs] [Times: user=0.00 sys=0.00, real=0.00 secs] 
341.608: Total time for which application threads were stopped: 0.0006460 seconds, Stopping threads took: 0.0000540 seconds
341.730: Application time: 0.1216760 seconds
341.730: [GC [PSYoungGen: 22784K->384K(23040K)] 37683K->15283K(55296K), 0.0004580 secs] [Times: user=0.01 sys=0.00, real=0.00 secs] 
341.731: Total time for which application threads were stopped: 0.0005910 seconds, Stopping threads took: 0.0000520 seconds
341.854: Application time: 0.1238030 seconds
341.854: [GC [PSYoungGen: 22912K->256K(23040K)] 37811K->15395K(55296K), 0.0005110 secs] [Times: user=0.00 sys=0.00, real=0.00 secs] 
341.855: Total time for which application threads were stopped: 0.0006610 seconds, Stopping threads took: 0.0000680 seconds
341.978: Application time: 0.1234330 seconds
341.979: [GC [PSYoungGen: 22784K->256K(23040K)] 37923K->15531K(55296K), 0.0004500 secs] [Times: user=0.00 sys=0.00, real=0.00 secs] 
341.979: Total time for which application threads were stopped: 0.0005850 seconds, Stopping threads took: 0.0000550 seconds
342.104: Application time: 0.1247320 seconds
342.104: [GC [PSYoungGen: 22784K->256K(23040K)] 38059K->15603K(55296K), 0.0004510 secs] [Times: user=0.00 sys=0.00, real=0.00 secs] 
342.104: Total time for which application threads were stopped: 0.0006280 seconds, Stopping threads took: 0.0000800 seconds
342.228: Application time: 0.1238720 seconds
342.228: [GC [PSYoungGen: 22784K->224K(23040K)] 38131K->15643K(55296K), 0.0005160 secs] [Times: user=0.00 sys=0.00, real=0.00 secs] 
342.229: Total time for which application threads were stopped: 0.0006570 seconds, Stopping threads took: 0.0000550 seconds
342.353: Application time: 0.1242500 seconds
342.353: [GC [PSYoungGen: 22752K->224K(23040K)] 38171K->15739K(55296K), 0.0004650 secs] [Times: user=0.00 sys=0.00, real=0.00 secs] 
342.354: Total time for which application threads were stopped: 0.0006110 seconds, Stopping threads took: 0.0000620 seconds
342.477: Application time: 0.1235640 seconds
342.477: [GC [PSYoungGen: 22752K->272K(23040K)] 38267K->15811K(55296K), 0.0004820 secs] [Times: user=0.00 sys=0.00, real=0.00 secs] 
342.478: Total time for which application threads were stopped: 0.0006230 seconds, Stopping threads took: 0.0000570 seconds
342.600: Application time: 0.1219930 seconds
342.600: [GC [PSYoungGen: 22800K->352K(23040K)] 38339K->16011K(55296K), 0.0005050 secs] [Times: user=0.00 sys=0.00, real=0.00 secs] 
342.601: Total time for which application threads were stopped: 0.0006360 seconds, Stopping threads took: 0.0000500 seconds
342.725: Application time: 0.1243740 seconds
342.725: [GC [PSYoungGen: 22880K->224K(23040K)] 38539K->16140K(55296K), 0.0005140 secs] [Times: user=0.00 sys=0.00, real=0.00 secs] 
342.727: Total time for which application threads were stopped: 0.0016870 seconds, Stopping threads took: 0.0000550 seconds
342.852: Application time: 0.1248940 seconds
342.852: [GC [PSYoungGen: 22752K->256K(23040K)] 38668K->16228K(55296K), 0.0004650 secs] [Times: user=0.00 sys=0.00, real=0.00 secs] 
342.852: Total time for which application threads were stopped: 0.0006140 seconds, Stopping threads took: 0.0000620 seconds
342.976: Application time: 0.1239630 seconds
342.976: [GC [PSYoungGen: 22784K->256K(23040K)] 38756K->16252K(55296K), 0.0004420 secs] [Times: user=0.00 sys=0.00, real=0.00 secs] 
342.977: Total time for which application threads were stopped: 0.0005800 seconds, Stopping threads took: 0.0000560 seconds
343.102: Application time: 0.1255740 seconds
343.102: [GC [PSYoungGen: 22784K->256K(23040K)] 38780K->16396K(55296K), 0.0005250 secs] [Times: user=0.00 sys=0.00, real=0.00 secs] 
343.103: Total time for which application threads were stopped: 0.0006880 seconds, Stopping threads took: 0.0000840 seconds
343.227: Application time: 0.1243310 seconds
343.227: [GC [PSYoungGen: 22784K->256K(23040K)] 38924K->16420K(55296K), 0.0004250 secs] [Times: user=0.00 sys=0.00, real=0.00 secs] 
343.228: Total time for which application threads were stopped: 0.0005850 seconds, Stopping threads took: 0.0000680 seconds
343.349: Application time: 0.1211650 seconds
343.349: [GC [PSYoungGen: 22784K->368K(23040K)] 38948K->16532K(55296K), 0.0005050 secs] [Times: user=0.00 sys=0.00, real=0.00 secs] 
343.350: Total time for which application threads were stopped: 0.0006410 seconds, Stopping threads took: 0.0000510 seconds
343.473: Application time: 0.1230950 seconds
343.473: [GC [PSYoungGen: 22896K->288K(23040K)] 39060K->16740K(55296K), 0.0005050 secs] [Times: user=0.00 sys=0.00, real=0.00 secs] 
343.473: Total time for which application threads were stopped: 0.0006410 seconds, Stopping threads took: 0.0000580 seconds
343.599: Application time: 0.1252190 seconds
343.599: [GC [PSYoungGen: 22816K->256K(23040K)] 39268K->16860K(55296K), 0.0004150 secs] [Times: user=0.00 sys=0.00, real=0.00 secs] 
343.599: Total time for which application threads were stopped: 0.0005490 seconds, Stopping threads took: 0.0000530 seconds
343.723: Application time: 0.1236510 seconds
343.723: [GC [PSYoungGen: 22784K->256K(23040K)] 39388K->16860K(55296K), 0.0004880 secs] [Times: user=0.00 sys=0.00, real=0.00 secs] 
343.723: Total time for which application threads were stopped: 0.0006280 seconds, Stopping threads took: 0.0000520 seconds
343.848: Application time: 0.1248890 seconds
343.848: [GC [PSYoungGen: 22784K->256K(23040K)] 39388K->16980K(55296K), 0.0004590 secs] [Times: user=0.00 sys=0.00, real=0.00 secs] 
343.849: Total time for which application threads were stopped: 0.0006060 seconds, Stopping threads took: 0.0000560 seconds
343.974: Application time: 0.1248490 seconds
343.974: [GC [PSYoungGen: 22784K->256K(23040K)] 39508K->17052K(55296K), 0.0004260 secs] [Times: user=0.00 sys=0.00, real=0.00 secs] 
343.974: Total time for which application threads were stopped: 0.0005560 seconds, Stopping threads took: 0.0000490 seconds
344.096: Application time: 0.1217280 seconds
344.096: [GC [PSYoungGen: 22784K->368K(23040K)] 39580K->17164K(55296K), 0.0005260 secs] [Times: user=0.00 sys=0.00, real=0.00 secs] 
344.097: Total time for which application threads were stopped: 0.0006590 seconds, Stopping threads took: 0.0000530 seconds
344.220: Application time: 0.1233710 seconds
344.220: [GC [PSYoungGen: 22896K->272K(23040K)] 39692K->17317K(55296K), 0.0005270 secs] [Times: user=0.00 sys=0.00, real=0.00 secs] 
344.221: Total time for which application threads were stopped: 0.0006670 seconds, Stopping threads took: 0.0000560 seconds
344.345: Application time: 0.1244090 seconds
344.345: [GC [PSYoungGen: 22800K->224K(23040K)] 39845K->17445K(55296K), 0.0004390 secs] [Times: user=0.00 sys=0.00, real=0.00 secs] 
344.346: Total time for which application threads were stopped: 0.0005730 seconds, Stopping threads took: 0.0000560 seconds
344.471: Application time: 0.1254820 seconds
344.471: [GC [PSYoungGen: 22752K->256K(23040K)] 39973K->17477K(55296K), 0.0004590 secs] [Times: user=0.00 sys=0.00, real=0.00 secs] 
344.472: Total time for which application threads were stopped: 0.0006150 seconds, Stopping threads took: 0.0000660 seconds
344.596: Application time: 0.1241240 seconds
344.596: [GC [PSYoungGen: 22784K->256K(23040K)] 40005K->17573K(55296K), 0.0004810 secs] [Times: user=0.00 sys=0.00, real=0.00 secs] 
344.597: Total time for which application threads were stopped: 0.0006330 seconds, Stopping threads took: 0.0000700 seconds
344.721: Application time: 0.1238820 seconds
344.721: [GC [PSYoungGen: 22784K->256K(23040K)] 40101K->17669K(55296K), 0.0004170 secs] [Times: user=0.00 sys=0.00, real=0.00 secs] 
344.721: Total time for which application threads were stopped: 0.0005560 seconds, Stopping threads took: 0.0000540 seconds
344.844: Application time: 0.1233630 seconds
344.845: [GC [PSYoungGen: 22784K->320K(23040K)] 40197K->17733K(55296K), 0.0004310 secs] [Times: user=0.00 sys=0.00, real=0.00 secs] 
344.845: Total time for which application threads were stopped: 0.0010080 seconds, Stopping threads took: 0.0004820 seconds
344.973: Application time: 0.1278580 seconds
344.973: [GC [PSYoungGen: 22848K->368K(23040K)] 40261K->17949K(55296K), 0.0005360 secs] [Times: user=0.00 sys=0.00, real=0.00 secs] 
344.974: Total time for which application threads were stopped: 0.0007130 seconds, Stopping threads took: 0.0000710 seconds
345.111: Application time: 0.1365600 seconds
345.111: [GC [PSYoungGen: 22896K->256K(23040K)] 40477K->18037K(55296K), 0.0005460 secs] [Times: user=0.00 sys=0.00, real=0.00 secs] 
345.111: Total time for which application threads were stopped: 0.0007040 seconds, Stopping threads took: 0.0000720 seconds
345.248: Application time: 0.1370280 seconds
345.248: [GC [PSYoungGen: 22784K->256K(23040K)] 40565K->18101K(55296K), 0.0004210 secs] [Times: user=0.00 sys=0.00, real=0.00 secs] 
345.249: Total time for which application threads were stopped: 0.0005610 seconds, Stopping threads took: 0.0000590 seconds
345.385: Application time: 0.1362780 seconds
345.385: [GC [PSYoungGen: 22784K->256K(23040K)] 40629K->18149K(55296K), 0.0005250 secs] [Times: user=0.00 sys=0.00, real=0.00 secs] 
345.386: Total time for which application threads were stopped: 0.0006930 seconds, Stopping threads took: 0.0000810 seconds
345.523: Application time: 0.1366980 seconds
345.523: [GC [PSYoungGen: 22784K->256K(23040K)] 40677K->18269K(55296K), 0.0004950 secs] [Times: user=0.00 sys=0.00, real=0.00 secs] 
345.523: Total time for which application threads were stopped: 0.0006400 seconds, Stopping threads took: 0.0000550 seconds
345.660: Application time: 0.1364670 seconds
345.663: [GC [PSYoungGen: 22784K->256K(23040K)] 40797K->18293K(55296K), 0.0004930 secs] [Times: user=0.00 sys=0.00, real=0.00 secs] 
345.664: Total time for which application threads were stopped: 0.0041680 seconds, Stopping threads took: 0.0035940 seconds
345.798: Application time: 0.1336540 seconds
345.798: [GC [PSYoungGen: 22784K->384K(23040K)] 40821K->18485K(55296K), 0.0005320 secs] [Times: user=0.00 sys=0.00, real=0.00 secs] 
345.798: Total time for which application threads were stopped: 0.0006720 seconds, Stopping threads took: 0.0000560 seconds
345.935: Application time: 0.1364450 seconds
345.935: [GC [PSYoungGen: 22912K->288K(23040K)] 41013K->18686K(55296K), 0.0005200 secs] [Times: user=0.00 sys=0.00, real=0.01 secs] 
345.935: Total time for which application threads were stopped: 0.0006640 seconds, Stopping threads took: 0.0000610 seconds
346.072: Application time: 0.1368170 seconds
346.072: [GC [PSYoungGen: 22816K->256K(23040K)] 41214K->18734K(55296K), 0.0004510 secs] [Times: user=0.00 sys=0.00, real=0.00 secs] 
346.073: Total time for which application threads were stopped: 0.0006070 seconds, Stopping threads took: 0.0000530 seconds
346.209: Application time: 0.1362930 seconds
346.209: [GC [PSYoungGen: 22784K->256K(23040K)] 41262K->18734K(55296K), 0.0004480 secs] [Times: user=0.01 sys=0.00, real=0.00 secs] 
346.210: Total time for which application threads were stopped: 0.0005900 seconds, Stopping threads took: 0.0000570 seconds
346.346: Application time: 0.1366260 seconds
346.346: [GC [PSYoungGen: 22784K->256K(23040K)] 41262K->18878K(55296K), 0.0004740 secs] [Times: user=0.00 sys=0.00, real=0.00 secs] 
346.347: Total time for which application threads were stopped: 0.0006180 seconds, Stopping threads took: 0.0000620 seconds
346.484: Application time: 0.1375420 seconds
346.485: [GC [PSYoungGen: 22784K->256K(23040K)] 41406K->18926K(55296K), 0.0004680 secs] [Times: user=0.00 sys=0.00, real=0.00 secs] 
346.485: Total time for which application threads were stopped: 0.0006170 seconds, Stopping threads took: 0.0000680 seconds
346.619: Application time: 0.1335800 seconds
346.619: [GC [PSYoungGen: 22784K->320K(23040K)] 41454K->18990K(55296K), 0.0005390 secs] [Times: user=0.00 sys=0.00, real=0.00 secs] 
346.619: Total time for which application threads were stopped: 0.0006910 seconds, Stopping threads took: 0.0000620 seconds
346.755: Application time: 0.1353830 seconds
346.755: [GC [PSYoungGen: 22848K->320K(23040K)] 41518K->19258K(55296K), 0.0005510 secs] [Times: user=0.01 sys=0.00, real=0.01 secs] 
346.755: Total time for which application threads were stopped: 0.0006940 seconds, Stopping threads took: 0.0000610 seconds
346.893: Application time: 0.1373010 seconds
346.893: [GC [PSYoungGen: 22848K->256K(23040K)] 41786K->19362K(55296K), 0.0004650 secs] [Times: user=0.00 sys=0.00, real=0.00 secs] 
346.893: Total time for which application threads were stopped: 0.0005890 seconds, Stopping threads took: 0.0000470 seconds
347.029: Application time: 0.1359680 seconds
347.029: [GC [PSYoungGen: 22784K->256K(23040K)] 41890K->19362K(55296K), 0.0004720 secs] [Times: user=0.00 sys=0.00, real=0.00 secs] 
347.030: Total time for which application threads were stopped: 0.0006190 seconds, Stopping threads took: 0.0000620 seconds
347.166: Application time: 0.1364410 seconds
347.166: [GC [PSYoungGen: 22784K->256K(23040K)] 41890K->19482K(55296K), 0.0004990 secs] [Times: user=0.00 sys=0.00, real=0.00 secs] 
347.167: Total time for which application threads were stopped: 0.0006510 seconds, Stopping threads took: 0.0000550 seconds
347.305: Application time: 0.1375360 seconds
347.305: [GC [PSYoungGen: 22784K->256K(23040K)] 42010K->19554K(55296K), 0.0004430 secs] [Times: user=0.00 sys=0.00, real=0.00 secs] 
347.305: Total time for which application threads were stopped: 0.0005790 seconds, Stopping threads took: 0.0000550 seconds
347.439: Application time: 0.1337800 seconds
347.439: [GC [PSYoungGen: 22784K->320K(23040K)] 42082K->19618K(55296K), 0.0004830 secs] [Times: user=0.01 sys=0.00, real=0.00 secs] 
347.439: Total time for which application threads were stopped: 0.0006210 seconds, Stopping threads took: 0.0000570 seconds
347.576: Application time: 0.1361260 seconds
347.576: [GC [PSYoungGen: 22848K->256K(23040K)] 42146K->19802K(55296K), 0.0005090 secs] [Times: user=0.00 sys=0.00, real=0.00 secs] 
347.576: Total time for which application threads were stopped: 0.0006460 seconds, Stopping threads took: 0.0000490 seconds
347.713: Application time: 0.1365900 seconds
347.713: [GC [PSYoungGen: 22784K->256K(23040K)] 42330K->19955K(55296K), 0.0004800 secs] [Times: user=0.00 sys=0.00, real=0.00 secs] 
347.713: Total time for which application threads were stopped: 0.0006300 seconds, Stopping threads took: 0.0000520 seconds
347.850: Application time: 0.1363730 seconds
347.850: [GC [PSYoungGen: 22784K->224K(23040K)] 42483K->19963K(55296K), 0.0005230 secs] [Times: user=0.00 sys=0.00, real=0.00 secs] 
347.852: Total time for which application threads were stopped: 0.0017280 seconds, Stopping threads took: 0.0000610 seconds
347.988: Application time: 0.1364970 seconds
347.988: [GC [PSYoungGen: 22752K->256K(23040K)] 42491K->20067K(55296K), 0.0005300 secs] [Times: user=0.00 sys=0.00, real=0.00 secs] 
347.989: Total time for which application threads were stopped: 0.0006730 seconds, Stopping threads took: 0.0000560 seconds
348.126: Application time: 0.1371680 seconds
348.126: [GC [PSYoungGen: 22784K->256K(23040K)] 42595K->20163K(55296K), 0.0004410 secs] [Times: user=0.00 sys=0.00, real=0.00 secs] 
348.127: Total time for which application threads were stopped: 0.0005880 seconds, Stopping threads took: 0.0000630 seconds
348.262: Application time: 0.1357730 seconds
348.262: [GC [PSYoungGen: 22784K->272K(23040K)] 42691K->20203K(55296K), 0.0004520 secs] [Times: user=0.00 sys=0.00, real=0.00 secs] 
348.263: Total time for which application threads were stopped: 0.0005960 seconds, Stopping threads took: 0.0000520 seconds
348.397: Application time: 0.1337650 seconds
348.397: [GC [PSYoungGen: 22800K->368K(23040K)] 42731K->20419K(55296K), 0.0005380 secs] [Times: user=0.01 sys=0.00, real=0.00 secs] 
348.397: Total time for which application threads were stopped: 0.0006780 seconds, Stopping threads took: 0.0000600 seconds
348.533: Application time: 0.1359730 seconds
348.533: [GC [PSYoungGen: 22896K->256K(23040K)] 42947K->20567K(55296K), 0.0005740 secs] [Times: user=0.01 sys=0.00, real=0.00 secs] 
348.534: Total time for which application threads were stopped: 0.0007190 seconds, Stopping threads took: 0.0000610 seconds
348.671: Application time: 0.1371210 seconds
348.671: [GC [PSYoungGen: 22784K->224K(23040K)] 43095K->20607K(55296K), 0.0004920 secs] [Times: user=0.00 sys=0.00, real=0.00 secs] 
348.672: Total time for which application threads were stopped: 0.0006320 seconds, Stopping threads took: 0.0000520 seconds
348.808: Application time: 0.1360060 seconds
348.808: [GC [PSYoungGen: 22752K->256K(23040K)] 43135K->20663K(55296K), 0.0005060 secs] [Times: user=0.00 sys=0.00, real=0.00 secs] 
348.808: Total time for which application threads were stopped: 0.0006650 seconds, Stopping threads took: 0.0000660 seconds
348.942: Application time: 0.1334540 seconds
348.942: [GC [PSYoungGen: 22784K->256K(23040K)] 43191K->20807K(55296K), 0.0004420 secs] [Times: user=0.00 sys=0.00, real=0.00 secs] 
348.943: Total time for which application threads were stopped: 0.0005850 seconds, Stopping threads took: 0.0000620 seconds
349.068: Application time: 0.1250610 seconds
349.071: [GC [PSYoungGen: 22784K->256K(23040K)] 43335K->20831K(55296K), 0.0004500 secs] [Times: user=0.00 sys=0.00, real=0.00 secs] 
349.072: Total time for which application threads were stopped: 0.0042270 seconds, Stopping threads took: 0.0037000 seconds
349.193: Application time: 0.1208620 seconds
349.193: [GC [PSYoungGen: 22784K->416K(23040K)] 43359K->20991K(55296K), 0.0005030 secs] [Times: user=0.00 sys=0.00, real=0.00 secs] 
349.193: Total time for which application threads were stopped: 0.0006330 seconds, Stopping threads took: 0.0000500 seconds
349.317: Application time: 0.1235160 seconds
349.317: [GC [PSYoungGen: 22944K->256K(23040K)] 43519K->21140K(55296K), 0.0005450 secs] [Times: user=0.00 sys=0.00, real=0.00 secs] 
349.318: Total time for which application threads were stopped: 0.0006960 seconds, Stopping threads took: 0.0000600 seconds
349.442: Application time: 0.1245090 seconds
349.442: [GC [PSYoungGen: 22784K->256K(23040K)] 43668K->21260K(55296K), 0.0004490 secs] [Times: user=0.00 sys=0.00, real=0.00 secs] 
349.443: Total time for which application threads were stopped: 0.0005900 seconds, Stopping threads took: 0.0000610 seconds
349.566: Application time: 0.1238450 seconds
349.567: [GC [PSYoungGen: 22784K->224K(23040K)] 43788K->21228K(55296K), 0.0005010 secs] [Times: user=0.01 sys=0.00, real=0.00 secs] 
349.567: Total time for which application threads were stopped: 0.0006380 seconds, Stopping threads took: 0.0000510 seconds
349.692: Application time: 0.1246390 seconds
349.692: [GC [PSYoungGen: 22752K->256K(23040K)] 43756K->21380K(55296K), 0.0004500 secs] [Times: user=0.00 sys=0.00, real=0.00 secs] 
349.692: Total time for which application threads were stopped: 0.0005840 seconds, Stopping threads took: 0.0000540 seconds
349.817: Application time: 0.1247450 seconds
349.817: [GC [PSYoungGen: 22784K->256K(23040K)] 43908K->21452K(55296K), 0.0003890 secs] [Times: user=0.00 sys=0.00, real=0.00 secs] 
349.818: Total time for which application threads were stopped: 0.0005350 seconds, Stopping threads took: 0.0000660 seconds
349.940: Application time: 0.1224560 seconds
349.940: [GC [PSYoungGen: 22784K->336K(23040K)] 43980K->21532K(55296K), 0.0005330 secs] [Times: user=0.00 sys=0.00, real=0.00 secs] 
349.941: Total time for which application threads were stopped: 0.0006810 seconds, Stopping threads took: 0.0000530 seconds
350.064: Application time: 0.1228960 seconds
350.064: [GC [PSYoungGen: 22864K->320K(23040K)] 44060K->21776K(55296K), 0.0005430 secs] [Times: user=0.00 sys=0.00, real=0.00 secs] 
350.064: Total time for which application threads were stopped: 0.0006850 seconds, Stopping threads took: 0.0000580 seconds
350.189: Application time: 0.1243480 seconds
350.189: [GC [PSYoungGen: 22848K->224K(23040K)] 44304K->21852K(55296K), 0.0004830 secs] [Times: user=0.00 sys=0.00, real=0.00 secs] 
350.189: Total time for which application threads were stopped: 0.0006230 seconds, Stopping threads took: 0.0000600 seconds
350.313: Application time: 0.1235020 seconds
350.313: [GC [PSYoungGen: 22752K->256K(23040K)] 44380K->21884K(55296K), 0.0004660 secs] [Times: user=0.01 sys=0.00, real=0.00 secs] 
350.313: Total time for which application threads were stopped: 0.0006000 seconds, Stopping threads took: 0.0000500 seconds
350.438: Application time: 0.1241290 seconds
350.438: [GC [PSYoungGen: 22784K->192K(23040K)] 44412K->21924K(55296K), 0.0004730 secs] [Times: user=0.00 sys=0.00, real=0.00 secs] 
350.438: Total time for which application threads were stopped: 0.0006110 seconds, Stopping threads took: 0.0000520 seconds
350.563: Application time: 0.1247970 seconds
350.563: [GC [PSYoungGen: 22720K->256K(23040K)] 44452K->22060K(55296K), 0.0004240 secs] [Times: user=0.00 sys=0.00, real=0.00 secs] 
350.564: Total time for which application threads were stopped: 0.0005800 seconds, Stopping threads took: 0.0000610 seconds
350.686: Application time: 0.1223110 seconds
350.686: [GC [PSYoungGen: 22784K->288K(23040K)] 44588K->22092K(55296K), 0.0004690 secs] [Times: user=0.00 sys=0.00, real=0.00 secs] 
350.686: Total time for which application threads were stopped: 0.0006220 seconds, Stopping threads took: 0.0000690 seconds
350.809: Application time: 0.1229790 seconds
350.810: [GC [PSYoungGen: 22816K->288K(23040K)] 44620K->22309K(55296K), 0.0005320 secs] [Times: user=0.00 sys=0.00, real=0.00 secs] 
350.810: Total time for which application threads were stopped: 0.0006720 seconds, Stopping threads took: 0.0000580 seconds
350.934: Application time: 0.1241230 seconds
350.934: [GC [PSYoungGen: 22816K->256K(23040K)] 44837K->22457K(55296K), 0.0004660 secs] [Times: user=0.00 sys=0.00, real=0.00 secs] 
350.935: Total time for which application threads were stopped: 0.0006040 seconds, Stopping threads took: 0.0000550 seconds
351.059: Application time: 0.1244020 seconds
351.059: [GC [PSYoungGen: 22784K->256K(23040K)] 44985K->22537K(55296K), 0.0004160 secs] [Times: user=0.00 sys=0.00, real=0.00 secs] 
351.060: Total time for which application threads were stopped: 0.0005570 seconds, Stopping threads took: 0.0000630 seconds
351.184: Application time: 0.1243420 seconds
351.184: [GC [PSYoungGen: 22784K->256K(23040K)] 45065K->22585K(55296K), 0.0004400 secs] [Times: user=0.00 sys=0.00, real=0.00 secs] 
351.185: Total time for which application threads were stopped: 0.0005950 seconds, Stopping threads took: 0.0000650 seconds
351.310: Application time: 0.1247600 seconds
351.310: [GC [PSYoungGen: 22784K->224K(23040K)] 45113K->22673K(55296K), 0.0004810 secs] [Times: user=0.01 sys=0.00, real=0.00 secs] 
351.310: Total time for which application threads were stopped: 0.0006320 seconds, Stopping threads took: 0.0000700 seconds
351.435: Application time: 0.1245360 seconds
351.435: [GC [PSYoungGen: 22752K->224K(23040K)] 45201K->22697K(55296K), 0.0005220 secs] [Times: user=0.00 sys=0.00, real=0.01 secs] 
351.435: Total time for which application threads were stopped: 0.0006680 seconds, Stopping threads took: 0.0000610 seconds
351.557: Application time: 0.1213030 seconds
351.557: [GC [PSYoungGen: 22752K->384K(23040K)] 45225K->22929K(55296K), 0.0005720 secs] [Times: user=0.00 sys=0.00, real=0.00 secs] 
351.557: Total time for which application threads were stopped: 0.0007110 seconds, Stopping threads took: 0.0000610 seconds
351.682: Application time: 0.1244180 seconds
351.682: [GC [PSYoungGen: 22912K->256K(23040K)] 45457K->23109K(55296K), 0.0004880 secs] [Times: user=0.01 sys=0.00, real=0.00 secs] 
351.682: Total time for which application threads were stopped: 0.0006210 seconds, Stopping threads took: 0.0000550 seconds
351.807: Application time: 0.1250000 seconds
351.808: [GC [PSYoungGen: 22784K->256K(23040K)] 45637K->23181K(55296K), 0.0004370 secs] [Times: user=0.00 sys=0.00, real=0.00 secs] 
351.808: Total time for which application threads were stopped: 0.0005850 seconds, Stopping threads took: 0.0000610 seconds
351.932: Application time: 0.1241830 seconds
351.932: [GC [PSYoungGen: 22784K->256K(23040K)] 45709K->23181K(55296K), 0.0004300 secs] [Times: user=0.00 sys=0.00, real=0.00 secs] 
351.933: Total time for which application threads were stopped: 0.0005610 seconds, Stopping threads took: 0.0000560 seconds
352.057: Application time: 0.1244890 seconds
352.059: [GC [PSYoungGen: 22784K->256K(23040K)] 45709K->23349K(55296K), 0.0004270 secs] [Times: user=0.00 sys=0.00, real=0.00 secs] 
352.060: Total time for which application threads were stopped: 0.0025290 seconds, Stopping threads took: 0.0020250 seconds
352.185: Application time: 0.1247920 seconds
352.185: [GC [PSYoungGen: 22784K->256K(23040K)] 45877K->23373K(55296K), 0.0004490 secs] [Times: user=0.00 sys=0.00, real=0.00 secs] 
352.185: Total time for which application threads were stopped: 0.0005890 seconds, Stopping threads took: 0.0000630 seconds
352.307: Application time: 0.1215890 seconds
352.307: [GC [PSYoungGen: 22784K->304K(23040K)] 45901K->23421K(55296K), 0.0005100 secs] [Times: user=0.00 sys=0.00, real=0.01 secs] 
352.307: Total time for which application threads were stopped: 0.0006780 seconds, Stopping threads took: 0.0000860 seconds
352.430: Application time: 0.1229270 seconds
352.430: [GC [PSYoungGen: 22832K->272K(23040K)] 45949K->23634K(55296K), 0.0006010 secs] [Times: user=0.00 sys=0.00, real=0.00 secs] 
352.431: Total time for which application threads were stopped: 0.0007490 seconds, Stopping threads took: 0.0000520 seconds
352.556: Application time: 0.1248450 seconds
352.556: [GC [PSYoungGen: 22800K->256K(23040K)] 46162K->23802K(55296K), 0.0004530 secs] [Times: user=0.00 sys=0.00, real=0.00 secs] 
352.557: Total time for which application threads were stopped: 0.0005850 seconds, Stopping threads took: 0.0000540 seconds
352.681: Application time: 0.1244360 seconds
352.681: [GC [PSYoungGen: 22784K->256K(23040K)] 46330K->23802K(55296K), 0.0004560 secs] [Times: user=0.00 sys=0.00, real=0.00 secs] 
352.682: Total time for which application threads were stopped: 0.0005920 seconds, Stopping threads took: 0.0000550 seconds
352.806: Application time: 0.1248610 seconds
352.807: [GC [PSYoungGen: 22784K->224K(23040K)] 46330K->23882K(55296K), 0.0004570 secs] [Times: user=0.00 sys=0.00, real=0.00 secs] 
352.807: Total time for which application threads were stopped: 0.0005940 seconds, Stopping threads took: 0.0000570 seconds
352.932: Application time: 0.1246360 seconds
352.932: [GC [PSYoungGen: 22752K->256K(23040K)] 46410K->23986K(55296K), 0.0004700 secs] [Times: user=0.00 sys=0.00, real=0.00 secs] 
352.933: Total time for which application threads were stopped: 0.0016770 seconds, Stopping threads took: 0.0000620 seconds
353.056: Application time: 0.1221600 seconds
353.056: [GC [PSYoungGen: 22784K->368K(23040K)] 46514K->24098K(55296K), 0.0004930 secs] [Times: user=0.00 sys=0.00, real=0.00 secs] 
353.056: Total time for which application threads were stopped: 0.0006290 seconds, Stopping threads took: 0.0000540 seconds
353.179: Application time: 0.1229820 seconds
353.179: [GC [PSYoungGen: 22896K->288K(23040K)] 46626K->24278K(55296K), 0.0005450 secs] [Times: user=0.00 sys=0.00, real=0.00 secs] 
353.180: Total time for which application threads were stopped: 0.0006840 seconds, Stopping threads took: 0.0000540 seconds
353.304: Application time: 0.1238320 seconds
353.304: [GC [PSYoungGen: 22816K->256K(23040K)] 46806K->24366K(55296K), 0.0004720 secs] [Times: user=0.01 sys=0.00, real=0.00 secs] 
353.304: Total time for which application threads were stopped: 0.0006090 seconds, Stopping threads took: 0.0000550 seconds
353.428: Application time: 0.1237910 seconds
353.428: [GC [PSYoungGen: 22784K->256K(23040K)] 46894K->24438K(55296K), 0.0004440 secs] [Times: user=0.00 sys=0.00, real=0.00 secs] 
353.429: Total time for which application threads were stopped: 0.0005850 seconds, Stopping threads took: 0.0000610 seconds
353.553: Application time: 0.1246820 seconds
353.553: [GC [PSYoungGen: 22784K->256K(23040K)] 46966K->24534K(55296K), 0.0004620 secs] [Times: user=0.00 sys=0.00, real=0.00 secs] 
353.554: Total time for which application threads were stopped: 0.0006160 seconds, Stopping threads took: 0.0000640 seconds
353.678: Application time: 0.1242020 seconds
353.678: [GC [PSYoungGen: 22784K->256K(23040K)] 47062K->24606K(55296K), 0.0004570 secs] [Times: user=0.00 sys=0.00, real=0.00 secs] 
353.679: Total time for which application threads were stopped: 0.0006070 seconds, Stopping threads took: 0.0000670 seconds
353.802: Application time: 0.1228900 seconds
353.802: [GC [PSYoungGen: 22784K->256K(23040K)] 47134K->24630K(55296K), 0.0004070 secs] [Times: user=0.00 sys=0.00, real=0.00 secs] 
353.802: Total time for which application threads were stopped: 0.0005490 seconds, Stopping threads took: 0.0000570 seconds
353.925: Application time: 0.1225540 seconds
353.925: [GC [PSYoungGen: 22784K->352K(23040K)] 47158K->24847K(55296K), 0.0005420 secs] [Times: user=0.00 sys=0.00, real=0.00 secs] 
353.925: Total time for which application threads were stopped: 0.0006750 seconds, Stopping threads took: 0.0000520 seconds
354.049: Application time: 0.1239070 seconds
354.049: [GC [PSYoungGen: 22880K->240K(23040K)] 47375K->24991K(55296K), 0.0005400 secs] [Times: user=0.00 sys=0.00, real=0.00 secs] 
354.050: Total time for which application threads were stopped: 0.0006830 seconds, Stopping threads took: 0.0000610 seconds
354.175: Application time: 0.1247450 seconds
354.179: [GC [PSYoungGen: 22768K->256K(23040K)] 47519K->25063K(55296K), 0.0006750 secs] [Times: user=0.00 sys=0.00, real=0.00 secs] 
354.180: Total time for which application threads were stopped: 0.0054070 seconds, Stopping threads took: 0.0046250 seconds
354.305: Application time: 0.1243610 seconds
354.305: [GC [PSYoungGen: 22784K->256K(23040K)] 47591K->25087K(55296K), 0.0004830 secs] [Times: user=0.01 sys=0.00, real=0.00 secs] 
354.305: Total time for which application threads were stopped: 0.0006390 seconds, Stopping threads took: 0.0000700 seconds
354.430: Application time: 0.1243900 seconds
354.430: [GC [PSYoungGen: 22784K->192K(23040K)] 47615K->25159K(55296K), 0.0004950 secs] [Times: user=0.01 sys=0.00, real=0.00 secs] 
354.430: Total time for which application threads were stopped: 0.0006300 seconds, Stopping threads took: 0.0000520 seconds
354.554: Application time: 0.1242380 seconds
354.555: [GC [PSYoungGen: 22720K->192K(23040K)] 47687K->25183K(55296K), 0.0005070 secs] [Times: user=0.00 sys=0.00, real=0.00 secs] 
354.555: Total time for which application threads were stopped: 0.0006710 seconds, Stopping threads took: 0.0000820 seconds
354.676: Application time: 0.1209840 seconds
354.676: [GC [PSYoungGen: 22720K->448K(23040K)] 47711K->25447K(55296K), 0.0005230 secs] [Times: user=0.00 sys=0.00, real=0.00 secs] 
354.677: Total time for which application threads were stopped: 0.0006620 seconds, Stopping threads took: 0.0000550 seconds
354.801: Application time: 0.1243050 seconds
354.801: [GC [PSYoungGen: 22976K->256K(23040K)] 47975K->25603K(55296K), 0.0005630 secs] [Times: user=0.00 sys=0.00, real=0.00 secs] 
354.802: Total time for which application threads were stopped: 0.0007130 seconds, Stopping threads took: 0.0000540 seconds
354.926: Application time: 0.1241530 seconds
354.926: [GC [PSYoungGen: 22784K->256K(23040K)] 48131K->25675K(55296K), 0.0004550 secs] [Times: user=0.00 sys=0.00, real=0.00 secs] 
354.927: Total time for which application threads were stopped: 0.0005990 seconds, Stopping threads took: 0.0000600 seconds
355.051: Application time: 0.1242760 seconds
355.051: [GC [PSYoungGen: 22784K->256K(23040K)] 48203K->25675K(55296K), 0.0004420 secs] [Times: user=0.01 sys=0.00, real=0.00 secs] 
355.051: Total time for which application threads were stopped: 0.0005810 seconds, Stopping threads took: 0.0000590 seconds
355.176: Application time: 0.1241870 seconds
355.176: [GC [PSYoungGen: 22784K->256K(23040K)] 48203K->25795K(55296K), 0.0004660 secs] [Times: user=0.00 sys=0.00, real=0.00 secs] 
355.176: Total time for which application threads were stopped: 0.0006020 seconds, Stopping threads took: 0.0000510 seconds
355.301: Application time: 0.1245720 seconds
355.301: [GC [PSYoungGen: 22784K->256K(23040K)] 48323K->25867K(55296K), 0.0004220 secs] [Times: user=0.00 sys=0.00, real=0.00 secs] 
355.301: Total time for which application threads were stopped: 0.0005540 seconds, Stopping threads took: 0.0000510 seconds
355.423: Application time: 0.1214970 seconds
355.423: [GC [PSYoungGen: 22784K->352K(23040K)] 48395K->25963K(55296K), 0.0004860 secs] [Times: user=0.00 sys=0.00, real=0.00 secs] 
355.423: Total time for which application threads were stopped: 0.0006310 seconds, Stopping threads took: 0.0000510 seconds
355.546: Application time: 0.1230340 seconds
355.547: [GC [PSYoungGen: 22880K->336K(23040K)] 48491K->26212K(55296K), 0.0005570 secs] [Times: user=0.00 sys=0.00, real=0.00 secs] 
355.547: Total time for which application threads were stopped: 0.0007000 seconds, Stopping threads took: 0.0000620 seconds
355.672: Application time: 0.1246930 seconds
355.672: [GC [PSYoungGen: 22864K->256K(23040K)] 48740K->26308K(55296K), 0.0004770 secs] [Times: user=0.00 sys=0.00, real=0.00 secs] 
355.673: Total time for which application threads were stopped: 0.0006230 seconds, Stopping threads took: 0.0000630 seconds
355.797: Application time: 0.1246320 seconds
355.797: [GC [PSYoungGen: 22784K->256K(23040K)] 48836K->26308K(55296K), 0.0004260 secs] [Times: user=0.00 sys=0.00, real=0.00 secs] 
355.798: Total time for which application threads were stopped: 0.0005620 seconds, Stopping threads took: 0.0000560 seconds
355.922: Application time: 0.1243430 seconds
355.922: [GC [PSYoungGen: 22784K->256K(23040K)] 48836K->26428K(55296K), 0.0004410 secs] [Times: user=0.00 sys=0.00, real=0.00 secs] 
355.923: Total time for which application threads were stopped: 0.0005780 seconds, Stopping threads took: 0.0000600 seconds
356.047: Application time: 0.1246790 seconds
356.047: [GC [PSYoungGen: 22784K->256K(23040K)] 48956K->26500K(55296K), 0.0004210 secs] [Times: user=0.00 sys=0.00, real=0.00 secs] 
356.048: Total time for which application threads were stopped: 0.0005640 seconds, Stopping threads took: 0.0000530 seconds
356.171: Application time: 0.1228360 seconds
356.171: [GC [PSYoungGen: 22784K->304K(23040K)] 49028K->26548K(55296K), 0.0004440 secs] [Times: user=0.00 sys=0.00, real=0.00 secs] 
356.171: Total time for which application threads were stopped: 0.0005950 seconds, Stopping threads took: 0.0000720 seconds
356.294: Application time: 0.1228930 seconds
356.294: [GC [PSYoungGen: 22832K->288K(23040K)] 49076K->26740K(55296K), 0.0005080 secs] [Times: user=0.01 sys=0.00, real=0.00 secs] 
356.295: Total time for which application threads were stopped: 0.0006500 seconds, Stopping threads took: 0.0000660 seconds
356.419: Application time: 0.1241980 seconds
356.419: [GC [PSYoungGen: 22816K->224K(23040K)] 49268K->26832K(55296K), 0.0005410 secs] [Times: user=0.00 sys=0.00, real=0.00 secs] 
356.420: Total time for which application threads were stopped: 0.0006850 seconds, Stopping threads took: 0.0000580 seconds
356.544: Application time: 0.1247160 seconds
356.545: [GC [PSYoungGen: 22752K->224K(23040K)] 49360K->26904K(55296K), 0.0004700 secs] [Times: user=0.00 sys=0.00, real=0.00 secs] 
356.545: Total time for which application threads were stopped: 0.0006020 seconds, Stopping threads took: 0.0000550 seconds
356.669: Application time: 0.1243220 seconds
356.670: [GC [PSYoungGen: 22752K->256K(23040K)] 49432K->26984K(55296K), 0.0004630 secs] [Times: user=0.00 sys=0.00, real=0.00 secs] 
356.670: Total time for which application threads were stopped: 0.0006200 seconds, Stopping threads took: 0.0000630 seconds
356.795: Application time: 0.1246450 seconds
356.795: [GC [PSYoungGen: 22784K->224K(23040K)] 49512K->27072K(55296K), 0.0004860 secs] [Times: user=0.00 sys=0.00, real=0.01 secs] 
356.795: Total time for which application threads were stopped: 0.0006280 seconds, Stopping threads took: 0.0000600 seconds
356.919: Application time: 0.1239680 seconds
356.919: [GC [PSYoungGen: 22752K->256K(23040K)] 49600K->27128K(55296K), 0.0004250 secs] [Times: user=0.00 sys=0.00, real=0.00 secs] 
356.920: Total time for which application threads were stopped: 0.0005670 seconds, Stopping threads took: 0.0000630 seconds
357.041: Application time: 0.1211870 seconds
357.041: [GC [PSYoungGen: 22784K->384K(23040K)] 49656K->27337K(55296K), 0.0005300 secs] [Times: user=0.01 sys=0.00, real=0.00 secs] 
357.042: Total time for which application threads were stopped: 0.0006760 seconds, Stopping threads took: 0.0000600 seconds
357.165: Application time: 0.1231390 seconds
357.165: [GC [PSYoungGen: 22912K->256K(23040K)] 49865K->27517K(55296K), 0.0005520 secs] [Times: user=0.00 sys=0.00, real=0.00 secs] 
357.166: Total time for which application threads were stopped: 0.0007180 seconds, Stopping threads took: 0.0000720 seconds
357.290: Application time: 0.1248160 seconds
357.291: [GC [PSYoungGen: 22784K->256K(23040K)] 50045K->27581K(55296K), 0.0004930 secs] [Times: user=0.00 sys=0.00, real=0.00 secs] 
357.291: Total time for which application threads were stopped: 0.0006590 seconds, Stopping threads took: 0.0000810 seconds
357.415: Application time: 0.1241080 seconds
357.415: [GC [PSYoungGen: 22784K->256K(23040K)] 50109K->27605K(55296K), 0.0004700 secs] [Times: user=0.00 sys=0.00, real=0.00 secs] 
357.416: Total time for which application threads were stopped: 0.0006250 seconds, Stopping threads took: 0.0000680 seconds
357.540: Application time: 0.1244940 seconds
357.540: [GC [PSYoungGen: 22784K->256K(23040K)] 50133K->27749K(55296K), 0.0004640 secs] [Times: user=0.01 sys=0.00, real=0.00 secs] 
357.541: Total time for which application threads were stopped: 0.0006070 seconds, Stopping threads took: 0.0000610 seconds
357.665: Application time: 0.1242440 seconds
357.665: [GC [PSYoungGen: 22784K->256K(23040K)] 50277K->27773K(55296K), 0.0004290 secs] [Times: user=0.00 sys=0.00, real=0.00 secs] 
357.666: Total time for which application threads were stopped: 0.0005710 seconds, Stopping threads took: 0.0000580 seconds
357.787: Application time: 0.1213850 seconds
357.787: [GC [PSYoungGen: 22781K->384K(23040K)] 50299K->27901K(55296K), 0.0005230 secs] [Times: user=0.01 sys=0.00, real=0.01 secs] 
357.788: Total time for which application threads were stopped: 0.0006750 seconds, Stopping threads took: 0.0000670 seconds
357.912: Application time: 0.1241120 seconds
357.912: [GC [PSYoungGen: 22912K->272K(23040K)] 50429K->28053K(55296K), 0.0005600 secs] [Times: user=0.01 sys=0.00, real=0.00 secs] 
357.913: Total time for which application threads were stopped: 0.0007100 seconds, Stopping threads took: 0.0000570 seconds
358.037: Application time: 0.1246740 seconds
358.037: [GC [PSYoungGen: 22800K->160K(23040K)] 50581K->28085K(55296K), 0.0005450 secs] [Times: user=0.00 sys=0.00, real=0.00 secs] 
358.039: Total time for which application threads were stopped: 0.0017010 seconds, Stopping threads took: 0.0000570 seconds
358.163: Application time: 0.1238980 seconds
358.163: [GC [PSYoungGen: 22688K->256K(23040K)] 50613K->28181K(55296K), 0.0004850 secs] [Times: user=0.00 sys=0.00, real=0.00 secs] 
358.163: Total time for which application threads were stopped: 0.0006260 seconds, Stopping threads took: 0.0000620 seconds
358.288: Application time: 0.1243270 seconds
358.288: [GC [PSYoungGen: 22784K->256K(23040K)] 50709K->28301K(55296K), 0.0004670 secs] [Times: user=0.00 sys=0.00, real=0.00 secs] 
358.288: Total time for which application threads were stopped: 0.0005990 seconds, Stopping threads took: 0.0000530 seconds
358.413: Application time: 0.1244880 seconds
358.413: [GC [PSYoungGen: 22784K->256K(23040K)] 50829K->28373K(55296K), 0.0004660 secs] [Times: user=0.00 sys=0.00, real=0.00 secs] 
358.414: Total time for which application threads were stopped: 0.0006150 seconds, Stopping threads took: 0.0000570 seconds
358.535: Application time: 0.1215490 seconds
358.535: [GC [PSYoungGen: 22784K->320K(23040K)] 50901K->28437K(55296K), 0.0004890 secs] [Times: user=0.00 sys=0.00, real=0.01 secs] 
358.536: Total time for which application threads were stopped: 0.0006470 seconds, Stopping threads took: 0.0000770 seconds
358.659: Application time: 0.1227880 seconds
358.659: [GC [PSYoungGen: 22848K->304K(23040K)] 50965K->28670K(55296K), 0.0005370 secs] [Times: user=0.00 sys=0.00, real=0.00 secs] 
358.659: Total time for which application threads were stopped: 0.0006780 seconds, Stopping threads took: 0.0000580 seconds
358.784: Application time: 0.1251140 seconds
358.784: [GC [PSYoungGen: 22832K->256K(23040K)] 51198K->28810K(55296K), 0.0004820 secs] [Times: user=0.00 sys=0.00, real=0.00 secs] 
358.785: Total time for which application threads were stopped: 0.0006380 seconds, Stopping threads took: 0.0000720 seconds
358.909: Application time: 0.1240110 seconds
358.909: [GC [PSYoungGen: 22784K->272K(23040K)] 51338K->28826K(55296K), 0.0005020 secs] [Times: user=0.00 sys=0.00, real=0.00 secs] 
358.910: Total time for which application threads were stopped: 0.0006440 seconds, Stopping threads took: 0.0000580 seconds
359.034: Application time: 0.1243460 seconds
359.034: [GC [PSYoungGen: 22800K->256K(23040K)] 51354K->28930K(55296K), 0.0004900 secs] [Times: user=0.00 sys=0.00, real=0.00 secs] 
359.035: Total time for which application threads were stopped: 0.0006390 seconds, Stopping threads took: 0.0000560 seconds
359.159: Application time: 0.1246360 seconds
359.159: [GC [PSYoungGen: 22784K->224K(23040K)] 51458K->28946K(55296K), 0.0004580 secs] [Times: user=0.00 sys=0.00, real=0.00 secs] 
359.160: Total time for which application threads were stopped: 0.0006000 seconds, Stopping threads took: 0.0000580 seconds
359.283: Application time: 0.1228650 seconds
359.283: [GC [PSYoungGen: 22752K->304K(23040K)] 51474K->29050K(55296K), 0.0005110 secs] [Times: user=0.00 sys=0.00, real=0.00 secs] 
359.283: Total time for which application threads were stopped: 0.0006420 seconds, Stopping threads took: 0.0000520 seconds
359.406: Application time: 0.1224110 seconds
359.406: [GC [PSYoungGen: 22832K->304K(23040K)] 51578K->29210K(55296K), 0.0005620 secs] [Times: user=0.00 sys=0.00, real=0.00 secs] 
359.406: Total time for which application threads were stopped: 0.0007050 seconds, Stopping threads took: 0.0000620 seconds
359.531: Application time: 0.1242460 seconds
359.531: [GC [PSYoungGen: 22832K->256K(23040K)] 51738K->29382K(55296K), 0.0006130 secs] [Times: user=0.00 sys=0.01, real=0.00 secs] 
359.531: Total time for which application threads were stopped: 0.0007620 seconds, Stopping threads took: 0.0000620 seconds
359.656: Application time: 0.1243100 seconds
359.656: [GC [PSYoungGen: 22784K->256K(23040K)] 51910K->29446K(55296K), 0.0004710 secs] [Times: user=0.00 sys=0.00, real=0.00 secs] 
359.656: Total time for which application threads were stopped: 0.0006360 seconds, Stopping threads took: 0.0000730 seconds
359.781: Application time: 0.1246070 seconds
359.781: [GC [PSYoungGen: 22784K->256K(23040K)] 51974K->29470K(55296K), 0.0004760 secs] [Times: user=0.01 sys=0.00, real=0.00 secs] 
359.782: Total time for which application threads were stopped: 0.0006110 seconds, Stopping threads took: 0.0000540 seconds
359.906: Application time: 0.1245430 seconds
359.906: [GC [PSYoungGen: 22784K->256K(23040K)] 51998K->29614K(55296K), 0.0004800 secs] [Times: user=0.00 sys=0.00, real=0.00 secs] 
359.907: Total time for which application threads were stopped: 0.0006180 seconds, Stopping threads took: 0.0000540 seconds
360.031: Application time: 0.1246630 seconds
360.032: [GC [PSYoungGen: 22784K->272K(23040K)] 52142K->29654K(55296K), 0.0004180 secs] [Times: user=0.00 sys=0.00, real=0.00 secs] 
360.032: Total time for which application threads were stopped: 0.0005460 seconds, Stopping threads took: 0.0000530 seconds
360.153: Application time: 0.1213230 seconds
360.153: [GC [PSYoungGen: 22800K->400K(23040K)] 52182K->29863K(55296K), 0.0005020 secs] [Times: user=0.00 sys=0.00, real=0.00 secs] 
360.154: Total time for which application threads were stopped: 0.0006380 seconds, Stopping threads took: 0.0000620 seconds
360.277: Application time: 0.1233300 seconds
360.277: [GC [PSYoungGen: 22928K->256K(23040K)] 52391K->30027K(55296K), 0.0005290 secs] [Times: user=0.00 sys=0.00, real=0.00 secs] 
360.278: Total time for which application threads were stopped: 0.0006840 seconds, Stopping threads took: 0.0000600 seconds
360.402: Application time: 0.1244550 seconds
360.403: [GC [PSYoungGen: 22784K->224K(23040K)] 52555K->30059K(55296K), 0.0005070 secs] [Times: user=0.00 sys=0.00, real=0.00 secs] 
360.403: Total time for which application threads were stopped: 0.0006520 seconds, Stopping threads took: 0.0000660 seconds
360.527: Application time: 0.1239260 seconds
360.531: [GC [PSYoungGen: 22752K->272K(23040K)] 52587K->30107K(55296K), 0.0004790 secs] [Times: user=0.00 sys=0.00, real=0.00 secs] 
360.532: Total time for which application threads were stopped: 0.0048150 seconds, Stopping threads took: 0.0042480 seconds
360.657: Application time: 0.1250900 seconds
360.657: [GC [PSYoungGen: 22800K->224K(23040K)] 52635K->30219K(55296K), 0.0005040 secs] [Times: user=0.00 sys=0.00, real=0.00 secs] 
360.658: Total time for which application threads were stopped: 0.0006670 seconds, Stopping threads took: 0.0000750 seconds
360.782: Application time: 0.1242630 seconds
360.782: [GC [PSYoungGen: 22752K->256K(23040K)] 52747K->30275K(55296K), 0.0005010 secs] [Times: user=0.01 sys=0.00, real=0.00 secs] 
360.783: Total time for which application threads were stopped: 0.0006540 seconds, Stopping threads took: 0.0000620 seconds
360.905: Application time: 0.1223940 seconds
360.907: [GC [PSYoungGen: 22784K->320K(23040K)] 52803K->30339K(55296K), 0.0005200 secs] [Times: user=0.00 sys=0.00, real=0.00 secs] 
360.908: Total time for which application threads were stopped: 0.0029640 seconds, Stopping threads took: 0.0023690 seconds
361.031: Application time: 0.1227850 seconds
361.031: [GC [PSYoungGen: 22848K->272K(23040K)] 52867K->30555K(55296K), 0.0005570 secs] [Times: user=0.00 sys=0.00, real=0.00 secs] 
361.031: Total time for which application threads were stopped: 0.0007130 seconds, Stopping threads took: 0.0000770 seconds
361.156: Application time: 0.1250610 seconds
361.157: [GC [PSYoungGen: 22800K->256K(23040K)] 53083K->30707K(55296K), 0.0004740 secs] [Times: user=0.00 sys=0.00, real=0.00 secs] 
361.157: Total time for which application threads were stopped: 0.0006190 seconds, Stopping threads took: 0.0000610 seconds
361.281: Application time: 0.1241690 seconds
361.281: [GC [PSYoungGen: 22784K->256K(23040K)] 53235K->30707K(55296K), 0.0004820 secs] [Times: user=0.01 sys=0.00, real=0.00 secs] 
361.282: Total time for which application threads were stopped: 0.0006390 seconds, Stopping threads took: 0.0000770 seconds
361.406: Application time: 0.1240950 seconds
361.407: [GC [PSYoungGen: 22784K->256K(23040K)] 53235K->30827K(55296K), 0.0005160 secs] [Times: user=0.00 sys=0.00, real=0.00 secs] 
361.408: Total time for which application threads were stopped: 0.0019280 seconds, Stopping threads took: 0.0013180 seconds
361.532: Application time: 0.1237480 seconds
361.532: [GC [PSYoungGen: 22784K->160K(23040K)] 53355K->30803K(55296K), 0.0005230 secs] [Times: user=0.00 sys=0.00, real=0.00 secs] 
361.532: Total time for which application threads were stopped: 0.0006610 seconds, Stopping threads took: 0.0000570 seconds
361.655: Application time: 0.1226070 seconds
361.655: [GC [PSYoungGen: 22688K->304K(23040K)] 53331K->30948K(55296K), 0.0005000 secs] [Times: user=0.01 sys=0.00, real=0.01 secs] 
361.656: Total time for which application threads were stopped: 0.0006600 seconds, Stopping threads took: 0.0000780 seconds
361.779: Application time: 0.1232400 seconds
361.779: [GC [PSYoungGen: 22832K->272K(23040K)] 53476K->31140K(55296K), 0.0005380 secs] [Times: user=0.00 sys=0.01, real=0.00 secs] 
361.780: Total time for which application threads were stopped: 0.0006730 seconds, Stopping threads took: 0.0000550 seconds
361.904: Application time: 0.1244260 seconds
361.904: [GC [PSYoungGen: 22800K->272K(23040K)] 53668K->31316K(55296K), 0.0004830 secs] [Times: user=0.01 sys=0.00, real=0.00 secs] 
361.905: Total time for which application threads were stopped: 0.0006270 seconds, Stopping threads took: 0.0000650 seconds
362.029: Application time: 0.1240170 seconds
362.029: [GC [PSYoungGen: 22800K->256K(23040K)] 53844K->31380K(55296K), 0.0004420 secs] [Times: user=0.00 sys=0.00, real=0.00 secs] 
362.029: Total time for which application threads were stopped: 0.0005990 seconds, Stopping threads took: 0.0000610 seconds
362.153: Application time: 0.1241820 seconds
362.154: [GC [PSYoungGen: 22784K->256K(23040K)] 53908K->31452K(55296K), 0.0004770 secs] [Times: user=0.01 sys=0.00, real=0.00 secs] 
362.154: Total time for which application threads were stopped: 0.0006290 seconds, Stopping threads took: 0.0000640 seconds
362.279: Application time: 0.1247950 seconds
362.279: [GC [PSYoungGen: 22784K->256K(23040K)] 53980K->31548K(55296K), 0.0004730 secs] [Times: user=0.01 sys=0.00, real=0.00 secs] 
362.279: Total time for which application threads were stopped: 0.0006140 seconds, Stopping threads took: 0.0000630 seconds
362.404: Application time: 0.1241420 seconds
362.404: [GC [PSYoungGen: 22784K->192K(23040K)] 54076K->31508K(55296K), 0.0004350 secs] [Times: user=0.00 sys=0.00, real=0.00 secs] 
362.404: Total time for which application threads were stopped: 0.0005670 seconds, Stopping threads took: 0.0000560 seconds
362.525: Application time: 0.1212390 seconds
362.525: [GC [PSYoungGen: 22720K->384K(23040K)] 54036K->31772K(55296K), 0.0005620 secs] [Times: user=0.00 sys=0.00, real=0.00 secs] 
362.526: Total time for which application threads were stopped: 0.0006930 seconds, Stopping threads took: 0.0000530 seconds
362.650: Application time: 0.1244310 seconds
362.651: [GC [PSYoungGen: 22912K->256K(23040K)] 54300K->31952K(55296K), 0.0005080 secs] [Times: user=0.00 sys=0.00, real=0.00 secs] 
362.651: Total time for which application threads were stopped: 0.0006600 seconds, Stopping threads took: 0.0000590 seconds
362.775: Application time: 0.1241770 seconds
362.775: [GC [PSYoungGen: 22784K->256K(23040K)] 54480K->32032K(55296K), 0.0005800 secs] [Times: user=0.00 sys=0.00, real=0.00 secs] 
362.776: Total time for which application threads were stopped: 0.0007490 seconds, Stopping threads took: 0.0000880 seconds
362.900: Application time: 0.1242650 seconds
362.900: [GC [PSYoungGen: 22784K->256K(23040K)] 54560K->32056K(55296K), 0.0004430 secs] [Times: user=0.00 sys=0.00, real=0.00 secs] 
362.901: Total time for which application threads were stopped: 0.0005830 seconds, Stopping threads took: 0.0000610 seconds
363.026: Application time: 0.1246330 seconds
363.026: [GC [PSYoungGen: 22784K->256K(23040K)] 54584K->32200K(55296K), 0.0004880 secs] [Times: user=0.00 sys=0.00, real=0.00 secs] 
363.026: Total time for which application threads were stopped: 0.0006200 seconds, Stopping threads took: 0.0000520 seconds
363.151: Application time: 0.1246360 seconds
363.151: [GC [PSYoungGen: 22784K->160K(23040K)] 54728K->32129K(55296K), 0.0005280 secs] [Times: user=0.00 sys=0.00, real=0.00 secs] 
363.152: [Full GC [PSYoungGen: 160K->0K(23040K)] [ParOldGen: 31969K->3104K(31744K)] 32129K->3104K(54784K) [PSPermGen: 6083K->6083K(21504K)], 0.0064420 secs] [Times: user=0.03 sys=0.00, real=0.01 secs] 
363.158: Total time for which application threads were stopped: 0.0071630 seconds, Stopping threads took: 0.0000620 seconds
363.278: Application time: 0.1201280 seconds
363.278: [GC [PSYoungGen: 22528K->416K(23040K)] 25632K->3520K(54784K), 0.0004830 secs] [Times: user=0.00 sys=0.00, real=0.00 secs] 
363.279: Total time for which application threads were stopped: 0.0006260 seconds, Stopping threads took: 0.0000520 seconds
363.403: Application time: 0.1239070 seconds
363.403: [GC [PSYoungGen: 22944K->256K(23040K)] 26048K->3704K(54784K), 0.0005770 secs] [Times: user=0.01 sys=0.00, real=0.00 secs] 
363.403: Total time for which application threads were stopped: 0.0007160 seconds, Stopping threads took: 0.0000610 seconds
363.529: Application time: 0.1251970 seconds
363.529: [GC [PSYoungGen: 22784K->256K(23040K)] 26232K->3784K(54784K), 0.0004120 secs] [Times: user=0.01 sys=0.00, real=0.00 secs] 
363.529: Total time for which application threads were stopped: 0.0005540 seconds, Stopping threads took: 0.0000560 seconds
363.653: Application time: 0.1242160 seconds
363.653: [GC [PSYoungGen: 22784K->256K(23040K)] 26312K->3784K(54784K), 0.0005010 secs] [Times: user=0.00 sys=0.00, real=0.00 secs] 
363.654: Total time for which application threads were stopped: 0.0006340 seconds, Stopping threads took: 0.0000520 seconds
363.778: Application time: 0.1241600 seconds
363.778: [GC [PSYoungGen: 22784K->256K(23040K)] 26312K->3929K(54784K), 0.0004320 secs] [Times: user=0.01 sys=0.00, real=0.00 secs] 
363.779: Total time for which application threads were stopped: 0.0005700 seconds, Stopping threads took: 0.0000540 seconds
363.904: Application time: 0.1248020 seconds
363.904: [GC [PSYoungGen: 22784K->256K(23040K)] 26457K->3977K(54784K), 0.0004130 secs] [Times: user=0.01 sys=0.00, real=0.00 secs] 
363.904: Total time for which application threads were stopped: 0.0005950 seconds, Stopping threads took: 0.0000880 seconds
364.026: Application time: 0.1217730 seconds
364.026: [GC [PSYoungGen: 22784K->352K(23040K)] 26505K->4073K(54784K), 0.0004390 secs] [Times: user=0.00 sys=0.00, real=0.00 secs] 
364.026: Total time for which application threads were stopped: 0.0005720 seconds, Stopping threads took: 0.0000550 seconds
364.150: Application time: 0.1232060 seconds
364.150: [GC [PSYoungGen: 22880K->304K(23040K)] 26601K->4273K(54784K), 0.0005350 secs] [Times: user=0.00 sys=0.00, real=0.00 secs] 
364.150: Total time for which application threads were stopped: 0.0006710 seconds, Stopping threads took: 0.0000540 seconds
364.275: Application time: 0.1244140 seconds
364.275: [GC [PSYoungGen: 22832K->256K(23040K)] 26801K->4413K(54784K), 0.0004320 secs] [Times: user=0.00 sys=0.00, real=0.01 secs] 
364.275: Total time for which application threads were stopped: 0.0005650 seconds, Stopping threads took: 0.0000540 seconds
364.399: Application time: 0.1241510 seconds
364.400: [GC [PSYoungGen: 22784K->224K(23040K)] 26941K->4381K(54784K), 0.0004540 secs] [Times: user=0.00 sys=0.00, real=0.00 secs] 
364.400: Total time for which application threads were stopped: 0.0005980 seconds, Stopping threads took: 0.0000630 seconds
364.524: Application time: 0.1243140 seconds
364.525: [GC [PSYoungGen: 22752K->256K(23040K)] 26909K->4509K(54784K), 0.0004170 secs] [Times: user=0.00 sys=0.00, real=0.00 secs] 
364.525: Total time for which application threads were stopped: 0.0005640 seconds, Stopping threads took: 0.0000580 seconds
364.649: Application time: 0.1241900 seconds
364.649: [GC [PSYoungGen: 22784K->256K(23040K)] 27037K->4605K(54784K), 0.0004250 secs] [Times: user=0.00 sys=0.00, real=0.00 secs] 
364.650: Total time for which application threads were stopped: 0.0005600 seconds, Stopping threads took: 0.0000540 seconds
364.772: Application time: 0.1224810 seconds
364.772: [GC [PSYoungGen: 22784K->320K(23040K)] 27133K->4669K(54784K), 0.0003940 secs] [Times: user=0.01 sys=0.00, real=0.00 secs] 
364.773: Total time for which application threads were stopped: 0.0005380 seconds, Stopping threads took: 0.0000650 seconds
364.895: Application time: 0.1226980 seconds
364.896: [GC [PSYoungGen: 22848K->288K(23040K)] 27197K->4853K(54784K), 0.0004860 secs] [Times: user=0.00 sys=0.00, real=0.00 secs] 
364.896: Total time for which application threads were stopped: 0.0006250 seconds, Stopping threads took: 0.0000570 seconds
365.020: Application time: 0.1239510 seconds
365.020: [GC [PSYoungGen: 22816K->256K(23040K)] 27381K->4997K(54784K), 0.0004450 secs] [Times: user=0.01 sys=0.00, real=0.00 secs] 
365.021: Total time for which application threads were stopped: 0.0005790 seconds, Stopping threads took: 0.0000520 seconds
365.145: Application time: 0.1246100 seconds
365.145: [GC [PSYoungGen: 22784K->256K(23040K)] 27525K->5069K(54784K), 0.0004480 secs] [Times: user=0.00 sys=0.00, real=0.00 secs] 
365.146: Total time for which application threads were stopped: 0.0005980 seconds, Stopping threads took: 0.0000600 seconds
365.270: Application time: 0.1240870 seconds
365.270: [GC [PSYoungGen: 22784K->224K(23040K)] 27597K->5061K(54784K), 0.0004460 secs] [Times: user=0.00 sys=0.00, real=0.00 secs] 
365.270: Total time for which application threads were stopped: 0.0005840 seconds, Stopping threads took: 0.0000580 seconds
365.395: Application time: 0.1244330 seconds
365.395: [GC [PSYoungGen: 22752K->224K(23040K)] 27589K->5198K(54784K), 0.0004600 secs] [Times: user=0.01 sys=0.00, real=0.01 secs] 
365.396: Total time for which application threads were stopped: 0.0005980 seconds, Stopping threads took: 0.0000560 seconds
365.519: Application time: 0.1236580 seconds
365.519: [GC [PSYoungGen: 22752K->160K(23040K)] 27726K->5158K(54784K), 0.0004470 secs] [Times: user=0.00 sys=0.00, real=0.00 secs] 
365.520: Total time for which application threads were stopped: 0.0005970 seconds, Stopping threads took: 0.0000690 seconds
365.641: Application time: 0.1212670 seconds
365.643: [GC [PSYoungGen: 22688K->400K(23040K)] 27686K->5462K(54784K), 0.0005150 secs] [Times: user=0.01 sys=0.00, real=0.00 secs] 
365.644: Total time for which application threads were stopped: 0.0028320 seconds, Stopping threads took: 0.0022400 seconds
365.767: Application time: 0.1232960 seconds
365.767: [GC [PSYoungGen: 22928K->240K(23040K)] 27990K->5598K(54784K), 0.0005600 secs] [Times: user=0.00 sys=0.00, real=0.00 secs] 
365.768: Total time for which application threads were stopped: 0.0007130 seconds, Stopping threads took: 0.0000560 seconds
365.892: Application time: 0.1245490 seconds
365.893: [GC [PSYoungGen: 22768K->256K(23040K)] 28126K->5678K(54784K), 0.0004010 secs] [Times: user=0.00 sys=0.00, real=0.00 secs] 
365.893: Total time for which application threads were stopped: 0.0005360 seconds, Stopping threads took: 0.0000560 seconds
366.017: Application time: 0.1244270 seconds
366.018: [GC [PSYoungGen: 22784K->256K(23040K)] 28206K->5678K(54784K), 0.0004300 secs] [Times: user=0.00 sys=0.00, real=0.00 secs] 
366.018: Total time for which application threads were stopped: 0.0005610 seconds, Stopping threads took: 0.0000490 seconds
366.142: Application time: 0.1244170 seconds
366.143: [GC [PSYoungGen: 22784K->256K(23040K)] 28206K->5846K(54784K), 0.0003870 secs] [Times: user=0.01 sys=0.00, real=0.00 secs] 
366.143: Total time for which application threads were stopped: 0.0005280 seconds, Stopping threads took: 0.0000610 seconds
366.267: Application time: 0.1236530 seconds
366.267: [GC [PSYoungGen: 22784K->192K(23040K)] 28374K->5806K(54784K), 0.0004350 secs] [Times: user=0.01 sys=0.00, real=0.00 secs] 
366.267: Total time for which application threads were stopped: 0.0005780 seconds, Stopping threads took: 0.0000610 seconds
366.389: Application time: 0.1218290 seconds
366.389: [GC [PSYoungGen: 22720K->400K(23040K)] 28334K->6014K(54784K), 0.0004980 secs] [Times: user=0.00 sys=0.00, real=0.00 secs] 
366.390: Total time for which application threads were stopped: 0.0006520 seconds, Stopping threads took: 0.0000610 seconds
366.513: Application time: 0.1236060 seconds
366.513: [GC [PSYoungGen: 22928K->272K(23040K)] 28542K->6186K(54784K), 0.0004900 secs] [Times: user=0.00 sys=0.00, real=0.00 secs] 
366.514: Total time for which application threads were stopped: 0.0006250 seconds, Stopping threads took: 0.0000560 seconds
366.638: Application time: 0.1245710 seconds
366.639: [GC [PSYoungGen: 22800K->256K(23040K)] 28714K->6290K(54784K), 0.0004330 secs] [Times: user=0.00 sys=0.00, real=0.00 secs] 
366.640: Total time for which application threads were stopped: 0.0013750 seconds, Stopping threads took: 0.0008560 seconds
366.764: Application time: 0.1239340 seconds
366.764: [GC [PSYoungGen: 22784K->256K(23040K)] 28818K->6290K(54784K), 0.0004050 secs] [Times: user=0.00 sys=0.00, real=0.00 secs] 
366.764: Total time for which application threads were stopped: 0.0005560 seconds, Stopping threads took: 0.0000740 seconds
366.889: Application time: 0.1245830 seconds
366.889: [GC [PSYoungGen: 22784K->256K(23040K)] 28818K->6411K(54784K), 0.0004370 secs] [Times: user=0.00 sys=0.00, real=0.00 secs] 
366.889: Total time for which application threads were stopped: 0.0005710 seconds, Stopping threads took: 0.0000560 seconds
367.014: Application time: 0.1241330 seconds
367.014: [GC [PSYoungGen: 22783K->256K(23040K)] 28938K->6483K(54784K), 0.0004180 secs] [Times: user=0.00 sys=0.00, real=0.00 secs] 
367.014: Total time for which application threads were stopped: 0.0005880 seconds, Stopping threads took: 0.0000750 seconds
367.137: Application time: 0.1226960 seconds
367.137: [GC [PSYoungGen: 22784K->320K(23040K)] 29011K->6547K(54784K), 0.0004450 secs] [Times: user=0.00 sys=0.00, real=0.00 secs] 
367.137: Total time for which application threads were stopped: 0.0005890 seconds, Stopping threads took: 0.0000660 seconds
367.260: Application time: 0.1222030 seconds
367.260: [GC [PSYoungGen: 22848K->320K(23040K)] 29075K->6767K(54784K), 0.0004850 secs] [Times: user=0.00 sys=0.00, real=0.00 secs] 
367.260: Total time for which application threads were stopped: 0.0006390 seconds, Stopping threads took: 0.0000680 seconds
367.385: Application time: 0.1251200 seconds
367.387: [GC [PSYoungGen: 22848K->256K(23040K)] 29295K->6927K(54784K), 0.0004910 secs] [Times: user=0.00 sys=0.00, real=0.00 secs] 
367.388: Total time for which application threads were stopped: 0.0024100 seconds, Stopping threads took: 0.0018350 seconds
367.512: Application time: 0.1239930 seconds
367.512: [GC [PSYoungGen: 22784K->256K(23040K)] 29455K->6927K(54784K), 0.0004110 secs] [Times: user=0.00 sys=0.00, real=0.00 secs] 
367.512: Total time for which application threads were stopped: 0.0005540 seconds, Stopping threads took: 0.0000600 seconds
367.636: Application time: 0.1239350 seconds
367.636: [GC [PSYoungGen: 22784K->256K(23040K)] 29455K->6975K(54784K), 0.0004220 secs] [Times: user=0.00 sys=0.00, real=0.00 secs] 
367.637: Total time for which application threads were stopped: 0.0005880 seconds, Stopping threads took: 0.0000680 seconds
367.762: Application time: 0.1248980 seconds
367.762: [GC [PSYoungGen: 22784K->224K(23040K)] 29503K->7087K(54784K), 0.0004990 secs] [Times: user=0.00 sys=0.00, real=0.00 secs] 
367.762: Total time for which application threads were stopped: 0.0006350 seconds, Stopping threads took: 0.0000580 seconds
367.886: Application time: 0.1239640 seconds
367.887: [GC [PSYoungGen: 22752K->256K(23040K)] 29615K->7119K(54784K), 0.0004190 secs] [Times: user=0.00 sys=0.00, real=0.00 secs] 
367.887: Total time for which application threads were stopped: 0.0005630 seconds, Stopping threads took: 0.0000630 seconds
368.009: Application time: 0.1216510 seconds
368.009: [GC [PSYoungGen: 22784K->368K(23040K)] 29647K->7351K(54784K), 0.0005150 secs] [Times: user=0.01 sys=0.00, real=0.00 secs] 
368.009: Total time for which application threads were stopped: 0.0006480 seconds, Stopping threads took: 0.0000530 seconds
368.133: Application time: 0.1239600 seconds
368.133: [GC [PSYoungGen: 22896K->256K(23040K)] 29879K->7491K(54784K), 0.0004450 secs] [Times: user=0.01 sys=0.00, real=0.00 secs] 
368.134: Total time for which application threads were stopped: 0.0005950 seconds, Stopping threads took: 0.0000700 seconds
368.258: Application time: 0.1244900 seconds
368.258: [GC [PSYoungGen: 22784K->256K(23040K)] 30019K->7563K(54784K), 0.0004200 secs] [Times: user=0.00 sys=0.00, real=0.00 secs] 
368.259: Total time for which application threads were stopped: 0.0005660 seconds, Stopping threads took: 0.0000650 seconds
368.383: Application time: 0.1237890 seconds
368.383: [GC [PSYoungGen: 22784K->224K(23040K)] 30091K->7555K(54784K), 0.0004630 secs] [Times: user=0.00 sys=0.00, real=0.00 secs] 
368.384: Total time for which application threads were stopped: 0.0011290 seconds, Stopping threads took: 0.0005860 seconds
368.508: Application time: 0.1245310 seconds
368.509: [GC [PSYoungGen: 22752K->256K(23040K)] 30083K->7732K(54784K), 0.0004160 secs] [Times: user=0.00 sys=0.00, real=0.00 secs] 
368.509: Total time for which application threads were stopped: 0.0005600 seconds, Stopping threads took: 0.0000610 seconds
368.633: Application time: 0.1242370 seconds
368.633: [GC [PSYoungGen: 22784K->256K(23040K)] 30260K->7756K(54784K), 0.0003940 secs] [Times: user=0.00 sys=0.00, real=0.00 secs] 
368.634: Total time for which application threads were stopped: 0.0005290 seconds, Stopping threads took: 0.0000540 seconds
368.754: Application time: 0.1207500 seconds
368.755: [GC [PSYoungGen: 22784K->464K(23040K)] 30284K->7964K(54784K), 0.0004730 secs] [Times: user=0.00 sys=0.00, real=0.00 secs] 
368.755: Total time for which application threads were stopped: 0.0006210 seconds, Stopping threads took: 0.0000620 seconds
368.880: Application time: 0.1245250 seconds
368.880: [GC [PSYoungGen: 22992K->256K(23040K)] 30492K->8104K(54784K), 0.0004770 secs] [Times: user=0.01 sys=0.00, real=0.00 secs] 
368.880: Total time for which application threads were stopped: 0.0006150 seconds, Stopping threads took: 0.0000510 seconds
369.005: Application time: 0.1242820 seconds
369.005: [GC [PSYoungGen: 22784K->256K(23040K)] 30632K->8176K(54784K), 0.0004300 secs] [Times: user=0.00 sys=0.00, real=0.00 secs] 
369.005: Total time for which application threads were stopped: 0.0005720 seconds, Stopping threads took: 0.0000610 seconds
369.129: Application time: 0.1241170 seconds
369.129: [GC [PSYoungGen: 22784K->256K(23040K)] 30704K->8176K(54784K), 0.0004350 secs] [Times: user=0.00 sys=0.00, real=0.00 secs] 
369.130: Total time for which application threads were stopped: 0.0005950 seconds, Stopping threads took: 0.0000670 seconds
369.254: Application time: 0.1243300 seconds
369.254: [GC [PSYoungGen: 22784K->256K(23040K)] 30704K->8344K(54784K), 0.0004370 secs] [Times: user=0.00 sys=0.00, real=0.00 secs] 
369.255: Total time for which application threads were stopped: 0.0005820 seconds, Stopping threads took: 0.0000630 seconds
369.379: Application time: 0.1244490 seconds
369.379: [GC [PSYoungGen: 22784K->256K(23040K)] 30872K->8368K(54784K), 0.0004200 secs] [Times: user=0.00 sys=0.00, real=0.00 secs] 
369.380: Total time for which application threads were stopped: 0.0005590 seconds, Stopping threads took: 0.0000560 seconds
369.501: Application time: 0.1212540 seconds
369.501: [GC [PSYoungGen: 22784K->384K(23040K)] 30896K->8496K(54784K), 0.0005480 secs] [Times: user=0.01 sys=0.00, real=0.00 secs] 
369.502: Total time for which application threads were stopped: 0.0007050 seconds, Stopping threads took: 0.0000640 seconds
369.625: Application time: 0.1228320 seconds
369.625: [GC [PSYoungGen: 22912K->272K(23040K)] 31024K->8680K(54784K), 0.0004980 secs] [Times: user=0.00 sys=0.00, real=0.00 secs] 
369.625: Total time for which application threads were stopped: 0.0006470 seconds, Stopping threads took: 0.0000610 seconds
369.750: Application time: 0.1243670 seconds
369.751: [GC [PSYoungGen: 22800K->256K(23040K)] 31208K->8825K(54784K), 0.0004370 secs] [Times: user=0.00 sys=0.00, real=0.00 secs] 
369.752: Total time for which application threads were stopped: 0.0022740 seconds, Stopping threads took: 0.0017590 seconds
369.876: Application time: 0.1243170 seconds
369.876: [GC [PSYoungGen: 22784K->256K(23040K)] 31353K->8825K(54784K), 0.0004060 secs] [Times: user=0.00 sys=0.00, real=0.00 secs] 
369.877: Total time for which application threads were stopped: 0.0005330 seconds, Stopping threads took: 0.0000480 seconds
370.001: Application time: 0.1239550 seconds
370.003: [GC [PSYoungGen: 22784K->256K(23040K)] 31353K->8921K(54784K), 0.0004560 secs] [Times: user=0.01 sys=0.00, real=0.00 secs] 
370.004: Total time for which application threads were stopped: 0.0031970 seconds, Stopping threads took: 0.0026500 seconds
370.128: Application time: 0.1242620 seconds
370.128: [GC [PSYoungGen: 22784K->256K(23040K)] 31449K->9017K(54784K), 0.0004250 secs] [Times: user=0.00 sys=0.00, real=0.00 secs] 
370.129: Total time for which application threads were stopped: 0.0005720 seconds, Stopping threads took: 0.0000590 seconds
370.252: Application time: 0.1230210 seconds
370.252: [GC [PSYoungGen: 22784K->352K(23040K)] 31545K->9113K(54784K), 0.0004280 secs] [Times: user=0.00 sys=0.00, real=0.00 secs] 
370.252: Total time for which application threads were stopped: 0.0005660 seconds, Stopping threads took: 0.0000580 seconds
370.374: Application time: 0.1220770 seconds
370.374: [GC [PSYoungGen: 22880K->368K(23040K)] 31641K->9281K(54784K), 0.0004850 secs] [Times: user=0.00 sys=0.00, real=0.00 secs] 
370.375: Total time for which application threads were stopped: 0.0006180 seconds, Stopping threads took: 0.0000520 seconds
370.499: Application time: 0.1244910 seconds
370.500: [GC [PSYoungGen: 22896K->256K(23040K)] 31809K->9433K(54784K), 0.0004950 secs] [Times: user=0.00 sys=0.00, real=0.00 secs] 
370.500: Total time for which application threads were stopped: 0.0006350 seconds, Stopping threads took: 0.0000540 seconds
370.625: Application time: 0.1245680 seconds
370.625: [GC [PSYoungGen: 22784K->256K(23040K)] 31961K->9433K(54784K), 0.0003920 secs] [Times: user=0.00 sys=0.00, real=0.00 secs] 
370.625: Total time for which application threads were stopped: 0.0005460 seconds, Stopping threads took: 0.0000570 seconds
370.750: Application time: 0.1243630 seconds
370.750: [GC [PSYoungGen: 22784K->256K(23040K)] 31961K->9473K(54784K), 0.0004400 secs] [Times: user=0.00 sys=0.00, real=0.00 secs] 
370.750: Total time for which application threads were stopped: 0.0005940 seconds, Stopping threads took: 0.0000700 seconds
370.874: Application time: 0.1240160 seconds
370.874: [GC [PSYoungGen: 22784K->256K(23040K)] 32001K->9593K(54784K), 0.0004580 secs] [Times: user=0.00 sys=0.00, real=0.00 secs] 
370.875: Total time for which application threads were stopped: 0.0005860 seconds, Stopping threads took: 0.0000500 seconds
370.998: Application time: 0.1233800 seconds
370.998: [GC [PSYoungGen: 22784K->272K(23040K)] 32121K->9633K(54784K), 0.0004180 secs] [Times: user=0.00 sys=0.00, real=0.00 secs] 
370.999: Total time for which application threads were stopped: 0.0005510 seconds, Stopping threads took: 0.0000560 seconds
371.121: Application time: 0.1218240 seconds
371.121: [GC [PSYoungGen: 22800K->336K(23040K)] 32161K->9817K(54784K), 0.0005110 secs] [Times: user=0.01 sys=0.00, real=0.00 secs] 
371.121: Total time for which application threads were stopped: 0.0006480 seconds, Stopping threads took: 0.0000540 seconds
371.246: Application time: 0.1244150 seconds
371.246: [GC [PSYoungGen: 22864K->256K(23040K)] 32345K->10002K(54784K), 0.0004960 secs] [Times: user=0.00 sys=0.00, real=0.00 secs] 
371.246: Total time for which application threads were stopped: 0.0006370 seconds, Stopping threads took: 0.0000520 seconds
371.371: Application time: 0.1244120 seconds
371.371: [GC [PSYoungGen: 22784K->256K(23040K)] 32530K->10058K(54784K), 0.0004220 secs] [Times: user=0.00 sys=0.00, real=0.00 secs] 
371.371: Total time for which application threads were stopped: 0.0005600 seconds, Stopping threads took: 0.0000550 seconds
371.495: Application time: 0.1234000 seconds
371.495: [GC [PSYoungGen: 22784K->256K(23040K)] 32586K->10058K(54784K), 0.0004100 secs] [Times: user=0.01 sys=0.00, real=0.00 secs] 
371.495: Total time for which application threads were stopped: 0.0005450 seconds, Stopping threads took: 0.0000540 seconds
371.619: Application time: 0.1240260 seconds
371.619: [GC [PSYoungGen: 22784K->256K(23040K)] 32586K->10226K(54784K), 0.0004300 secs] [Times: user=0.01 sys=0.00, real=0.00 secs] 
371.620: Total time for which application threads were stopped: 0.0005770 seconds, Stopping threads took: 0.0000550 seconds
371.744: Application time: 0.1246450 seconds
371.745: [GC [PSYoungGen: 22784K->256K(23040K)] 32754K->10250K(54784K), 0.0004470 secs] [Times: user=0.00 sys=0.00, real=0.00 secs] 
371.745: Total time for which application threads were stopped: 0.0006050 seconds, Stopping threads took: 0.0000750 seconds
371.866: Application time: 0.1208580 seconds
371.866: [GC [PSYoungGen: 22784K->416K(23040K)] 32778K->10410K(54784K), 0.0004490 secs] [Times: user=0.01 sys=0.00, real=0.00 secs] 
371.866: Total time for which application threads were stopped: 0.0005890 seconds, Stopping threads took: 0.0000570 seconds
371.991: Application time: 0.1242850 seconds
371.991: [GC [PSYoungGen: 22944K->224K(23040K)] 32938K->10562K(54784K), 0.0005510 secs] [Times: user=0.00 sys=0.00, real=0.00 secs] 
371.991: Total time for which application threads were stopped: 0.0006910 seconds, Stopping threads took: 0.0000570 seconds
372.116: Application time: 0.1243770 seconds
372.116: [GC [PSYoungGen: 22752K->256K(23040K)] 33090K->10666K(54784K), 0.0003940 secs] [Times: user=0.00 sys=0.00, real=0.00 secs] 
372.116: Total time for which application threads were stopped: 0.0005370 seconds, Stopping threads took: 0.0000570 seconds
372.241: Application time: 0.1244680 seconds
372.241: [GC [PSYoungGen: 22784K->256K(23040K)] 33194K->10666K(54784K), 0.0004220 secs] [Times: user=0.00 sys=0.00, real=0.00 secs] 
372.241: Total time for which application threads were stopped: 0.0005610 seconds, Stopping threads took: 0.0000580 seconds
372.366: Application time: 0.1244240 seconds
372.366: [GC [PSYoungGen: 22784K->256K(23040K)] 33194K->10786K(54784K), 0.0004400 secs] [Times: user=0.00 sys=0.00, real=0.00 secs] 
372.366: Total time for which application threads were stopped: 0.0005720 seconds, Stopping threads took: 0.0000520 seconds
372.491: Application time: 0.1241440 seconds
372.491: [GC [PSYoungGen: 22784K->256K(23040K)] 33314K->10858K(54784K), 0.0004130 secs] [Times: user=0.00 sys=0.00, real=0.00 secs] 
372.491: Total time for which application threads were stopped: 0.0005580 seconds, Stopping threads took: 0.0000540 seconds
372.614: Application time: 0.1224940 seconds
372.614: [GC [PSYoungGen: 22784K->304K(23040K)] 33386K->10906K(54784K), 0.0004740 secs] [Times: user=0.00 sys=0.00, real=0.00 secs] 
372.614: Total time for which application threads were stopped: 0.0006110 seconds, Stopping threads took: 0.0000550 seconds
372.737: Application time: 0.1225270 seconds
372.737: [GC [PSYoungGen: 22832K->336K(23040K)] 33434K->11146K(54784K), 0.0005270 secs] [Times: user=0.00 sys=0.00, real=0.00 secs] 
372.737: Total time for which application threads were stopped: 0.0006720 seconds, Stopping threads took: 0.0000650 seconds
372.863: Application time: 0.1250980 seconds
372.863: [GC [PSYoungGen: 22864K->256K(23040K)] 33674K->11283K(54784K), 0.0004560 secs] [Times: user=0.00 sys=0.00, real=0.00 secs] 
372.863: Total time for which application threads were stopped: 0.0005980 seconds, Stopping threads took: 0.0000600 seconds
372.993: Application time: 0.1296740 seconds
372.993: [GC [PSYoungGen: 22784K->256K(23040K)] 33811K->11283K(54784K), 0.0004490 secs] [Times: user=0.00 sys=0.00, real=0.00 secs] 
372.993: Total time for which application threads were stopped: 0.0006040 seconds, Stopping threads took: 0.0000580 seconds
373.130: Application time: 0.1364280 seconds
373.130: [GC [PSYoungGen: 22784K->256K(23040K)] 33811K->11355K(54784K), 0.0004670 secs] [Times: user=0.00 sys=0.00, real=0.00 secs] 
373.130: Total time for which application threads were stopped: 0.0006080 seconds, Stopping threads took: 0.0000540 seconds
373.267: Application time: 0.1370370 seconds
373.268: [GC [PSYoungGen: 22784K->256K(23040K)] 33883K->11475K(54784K), 0.0004310 secs] [Times: user=0.00 sys=0.00, real=0.00 secs] 
373.269: Total time for which application threads were stopped: 0.0016790 seconds, Stopping threads took: 0.0000540 seconds
373.404: Application time: 0.1351570 seconds
373.404: [GC [PSYoungGen: 22784K->256K(23040K)] 34003K->11475K(54784K), 0.0004790 secs] [Times: user=0.00 sys=0.00, real=0.00 secs] 
373.405: Total time for which application threads were stopped: 0.0006180 seconds, Stopping threads took: 0.0000550 seconds
373.538: Application time: 0.1333470 seconds
373.538: [GC [PSYoungGen: 22784K->352K(23040K)] 34003K->11691K(54784K), 0.0005000 secs] [Times: user=0.01 sys=0.00, real=0.00 secs] 
373.539: Total time for which application threads were stopped: 0.0006570 seconds, Stopping threads took: 0.0000650 seconds
373.676: Application time: 0.1374990 seconds
373.677: [GC [PSYoungGen: 22880K->256K(23040K)] 34219K->11883K(54784K), 0.0005050 secs] [Times: user=0.00 sys=0.00, real=0.00 secs] 
373.677: Total time for which application threads were stopped: 0.0006470 seconds, Stopping threads took: 0.0000570 seconds
373.814: Application time: 0.1369670 seconds
373.815: [GC [PSYoungGen: 22784K->224K(23040K)] 34411K->11875K(54784K), 0.0004720 secs] [Times: user=0.00 sys=0.00, real=0.00 secs] 
373.816: Total time for which application threads were stopped: 0.0017890 seconds, Stopping threads took: 0.0012310 seconds
373.952: Application time: 0.1365750 seconds
373.953: [GC [PSYoungGen: 22752K->256K(23040K)] 34403K->11955K(54784K), 0.0004830 secs] [Times: user=0.00 sys=0.00, real=0.00 secs] 
373.953: Total time for which application threads were stopped: 0.0006590 seconds, Stopping threads took: 0.0000850 seconds
374.090: Application time: 0.1368230 seconds
374.090: [GC [PSYoungGen: 22784K->256K(23040K)] 34483K->12075K(54784K), 0.0004350 secs] [Times: user=0.00 sys=0.00, real=0.00 secs] 
374.090: Total time for which application threads were stopped: 0.0005830 seconds, Stopping threads took: 0.0000550 seconds
374.227: Application time: 0.1367050 seconds
374.227: [GC [PSYoungGen: 22784K->256K(23040K)] 34603K->12099K(54784K), 0.0004270 secs] [Times: user=0.00 sys=0.00, real=0.00 secs] 
374.228: Total time for which application threads were stopped: 0.0005650 seconds, Stopping threads took: 0.0000580 seconds
374.361: Application time: 0.1333310 seconds
374.361: [GC [PSYoungGen: 22784K->432K(23040K)] 34627K->12275K(54784K), 0.0004900 secs] [Times: user=0.01 sys=0.00, real=0.00 secs] 
374.362: Total time for which application threads were stopped: 0.0006180 seconds, Stopping threads took: 0.0000430 seconds
374.498: Application time: 0.1365230 seconds
374.498: [GC [PSYoungGen: 22960K->256K(23040K)] 34803K->12448K(54784K), 0.0005510 secs] [Times: user=0.00 sys=0.00, real=0.00 secs] 
374.499: Total time for which application threads were stopped: 0.0006960 seconds, Stopping threads took: 0.0000580 seconds
374.636: Application time: 0.1368570 seconds
374.636: [GC [PSYoungGen: 22784K->256K(23040K)] 34976K->12520K(54784K), 0.0004300 secs] [Times: user=0.01 sys=0.00, real=0.00 secs] 
374.636: Total time for which application threads were stopped: 0.0005820 seconds, Stopping threads took: 0.0000630 seconds
374.772: Application time: 0.1360030 seconds
374.773: [GC [PSYoungGen: 22784K->256K(23040K)] 35048K->12520K(54784K), 0.0004420 secs] [Times: user=0.01 sys=0.00, real=0.00 secs] 
374.773: Total time for which application threads were stopped: 0.0005860 seconds, Stopping threads took: 0.0000590 seconds
374.910: Application time: 0.1372440 seconds
374.910: [GC [PSYoungGen: 22784K->256K(23040K)] 35048K->12688K(54784K), 0.0004740 secs] [Times: user=0.00 sys=0.00, real=0.00 secs] 
374.911: Total time for which application threads were stopped: 0.0006220 seconds, Stopping threads took: 0.0000630 seconds
375.048: Application time: 0.1369510 seconds
375.048: [GC [PSYoungGen: 22784K->256K(23040K)] 35216K->12712K(54784K), 0.0004420 secs] [Times: user=0.00 sys=0.00, real=0.00 secs] 
375.048: Total time for which application threads were stopped: 0.0005850 seconds, Stopping threads took: 0.0000600 seconds
375.182: Application time: 0.1337270 seconds
375.182: [GC [PSYoungGen: 22784K->336K(23040K)] 35240K->12792K(54784K), 0.0004520 secs] [Times: user=0.00 sys=0.00, real=0.00 secs] 
375.183: Total time for which application threads were stopped: 0.0006210 seconds, Stopping threads took: 0.0000790 seconds
375.318: Application time: 0.1352380 seconds
375.318: [GC [PSYoungGen: 22864K->256K(23040K)] 35320K->12972K(54784K), 0.0005380 secs] [Times: user=0.00 sys=0.00, real=0.00 secs] 
375.319: Total time for which application threads were stopped: 0.0006780 seconds, Stopping threads took: 0.0000520 seconds
375.455: Application time: 0.1366700 seconds
375.455: [GC [PSYoungGen: 22784K->224K(23040K)] 35500K->13100K(54784K), 0.0004960 secs] [Times: user=0.00 sys=0.00, real=0.00 secs] 
375.456: Total time for which application threads were stopped: 0.0006510 seconds, Stopping threads took: 0.0000700 seconds
375.592: Application time: 0.1363630 seconds
375.592: [GC [PSYoungGen: 22752K->240K(23040K)] 35628K->13116K(54784K), 0.0005080 secs] [Times: user=0.00 sys=0.00, real=0.00 secs] 
375.593: Total time for which application threads were stopped: 0.0006490 seconds, Stopping threads took: 0.0000560 seconds
375.730: Application time: 0.1367230 seconds
375.730: [GC [PSYoungGen: 22768K->256K(23040K)] 35644K->13228K(54784K), 0.0004280 secs] [Times: user=0.00 sys=0.00, real=0.00 secs] 
375.730: Total time for which application threads were stopped: 0.0005770 seconds, Stopping threads took: 0.0000550 seconds
375.867: Application time: 0.1371280 seconds
375.868: [GC [PSYoungGen: 22784K->256K(23040K)] 35756K->13324K(54784K), 0.0004220 secs] [Times: user=0.00 sys=0.00, real=0.00 secs] 
375.868: Total time for which application threads were stopped: 0.0005560 seconds, Stopping threads took: 0.0000540 seconds
376.004: Application time: 0.1358080 seconds
376.004: [GC [PSYoungGen: 22784K->304K(23040K)] 35852K->13372K(54784K), 0.0004660 secs] [Times: user=0.00 sys=0.00, real=0.00 secs] 
376.004: Total time for which application threads were stopped: 0.0006150 seconds, Stopping threads took: 0.0000550 seconds
376.138: Application time: 0.1334130 seconds
376.138: [GC [PSYoungGen: 22832K->384K(23040K)] 35900K->13608K(54784K), 0.0005480 secs] [Times: user=0.00 sys=0.00, real=0.00 secs] 
376.139: Total time for which application threads were stopped: 0.0006970 seconds, Stopping threads took: 0.0000670 seconds
376.276: Application time: 0.1372010 seconds
376.276: [GC [PSYoungGen: 22912K->256K(23040K)] 36136K->13737K(54784K), 0.0005160 secs] [Times: user=0.00 sys=0.00, real=0.00 secs] 
376.276: Total time for which application threads were stopped: 0.0006670 seconds, Stopping threads took: 0.0000610 seconds
376.413: Application time: 0.1367360 seconds
376.413: [GC [PSYoungGen: 22784K->256K(23040K)] 36265K->13737K(54784K), 0.0004340 secs] [Times: user=0.00 sys=0.00, real=0.00 secs] 
376.414: Total time for which application threads were stopped: 0.0005850 seconds, Stopping threads took: 0.0000660 seconds
376.550: Application time: 0.1365590 seconds
376.550: [GC [PSYoungGen: 22784K->256K(23040K)] 36265K->13809K(54784K), 0.0004970 secs] [Times: user=0.00 sys=0.00, real=0.00 secs] 
376.551: Total time for which application threads were stopped: 0.0006400 seconds, Stopping threads took: 0.0000550 seconds
376.687: Application time: 0.1365160 seconds
376.688: [GC [PSYoungGen: 22784K->256K(23040K)] 36337K->13929K(54784K), 0.0004400 secs] [Times: user=0.00 sys=0.00, real=0.00 secs] 
376.688: Total time for which application threads were stopped: 0.0005950 seconds, Stopping threads took: 0.0000730 seconds
376.824: Application time: 0.1357260 seconds
376.824: [GC [PSYoungGen: 22784K->256K(23040K)] 36457K->13929K(54784K), 0.0004200 secs] [Times: user=0.01 sys=0.00, real=0.00 secs] 
376.824: Total time for which application threads were stopped: 0.0005610 seconds, Stopping threads took: 0.0000510 seconds
376.929: Application time: 0.1046490 seconds
376.929: Total time for which application threads were stopped: 0.0000960 seconds, Stopping threads took: 0.0000530 seconds
376.957: Application time: 0.0276260 seconds
376.957: [GC [PSYoungGen: 22784K->320K(23040K)] 36457K->14113K(54784K), 0.0004910 secs] [Times: user=0.00 sys=0.00, real=0.00 secs] 
376.957: Total time for which application threads were stopped: 0.0006180 seconds, Stopping threads took: 0.0000550 seconds
376.965: Application time: 0.0080470 seconds
376.965: Total time for which application threads were stopped: 0.0000490 seconds, Stopping threads took: 0.0000310 seconds
377.091: Application time: 0.1254170 seconds
377.091: [GC [PSYoungGen: 22848K->256K(23040K)] 36641K->14273K(54784K), 0.0005820 secs] [Times: user=0.00 sys=0.00, real=0.00 secs] 
377.092: Total time for which application threads were stopped: 0.0007080 seconds, Stopping threads took: 0.0000480 seconds
377.218: Application time: 0.1268490 seconds
377.219: [GC [PSYoungGen: 22784K->256K(23040K)] 36801K->14281K(54784K), 0.0004020 secs] [Times: user=0.00 sys=0.00, real=0.00 secs] 
377.219: Total time for which application threads were stopped: 0.0005310 seconds, Stopping threads took: 0.0000530 seconds
377.339: Application time: 0.1205060 seconds
377.340: Total time for which application threads were stopped: 0.0000930 seconds, Stopping threads took: 0.0000400 seconds
377.349: Application time: 0.0094060 seconds
377.349: [GC [PSYoungGen: 22784K->224K(23040K)] 36809K->14321K(54784K), 0.0004430 secs] [Times: user=0.00 sys=0.00, real=0.00 secs] 
377.349: Total time for which application threads were stopped: 0.0005360 seconds, Stopping threads took: 0.0000430 seconds
377.354: Application time: 0.0040280 seconds
377.354: Total time for which application threads were stopped: 0.0000460 seconds, Stopping threads took: 0.0000340 seconds
377.493: Application time: 0.1396280 seconds
377.493: [GC [PSYoungGen: 22752K->224K(23040K)] 36849K->14377K(54784K), 0.0004250 secs] [Times: user=0.00 sys=0.00, real=0.00 secs] 
377.494: Total time for which application threads were stopped: 0.0005460 seconds, Stopping threads took: 0.0000310 seconds
377.576: Application time: 0.0821640 seconds
377.576: Total time for which application threads were stopped: 0.0000830 seconds, Stopping threads took: 0.0000080 seconds
377.794: Application time: 0.2178920 seconds
377.794: Total time for which application threads were stopped: 0.0000520 seconds, Stopping threads took: 0.0000090 seconds
377.794: Application time: 0.0000210 seconds
377.794: Total time for which application threads were stopped: 0.0000120 seconds, Stopping threads took: 0.0000040 seconds
377.831: Application time: 0.0366060 seconds
377.831: [GC [PSYoungGen: 22752K->512K(22528K)] 36905K->20363K(54272K), 0.0038100 secs] [Times: user=0.02 sys=0.00, real=0.00 secs] 
377.835: Total time for which application threads were stopped: 0.0039230 seconds, Stopping threads took: 0.0000150 seconds
377.835: Application time: 0.0007290 seconds
377.835: Total time for which application threads were stopped: 0.0000710 seconds, Stopping threads took: 0.0000310 seconds
377.835: Application time: 0.0000480 seconds
377.835: Total time for which application threads were stopped: 0.0000330 seconds, Stopping threads took: 0.0000140 seconds
378.258: Application time: 0.4226250 seconds
378.258: [GC [PSYoungGen: 22528K->2557K(24576K)] 42379K->30487K(56320K), 0.0037100 secs] [Times: user=0.02 sys=0.00, real=0.00 secs] 
378.262: [Full GC [PSYoungGen: 2557K->0K(24576K)] [ParOldGen: 27929K->10274K(43008K)] 30487K->10274K(67584K) [PSPermGen: 13323K->13319K(21504K)], 0.0261280 secs] [Times: user=0.11 sys=0.01, real=0.03 secs] 
378.288: Total time for which application threads were stopped: 0.0300460 seconds, Stopping threads took: 0.0000100 seconds
378.288: Application time: 0.0000870 seconds
378.288: Total time for which application threads were stopped: 0.0000670 seconds, Stopping threads took: 0.0000230 seconds
378.288: Application time: 0.0000610 seconds
378.288: Total time for which application threads were stopped: 0.0000260 seconds, Stopping threads took: 0.0000160 seconds
378.288: Application time: 0.0000320 seconds
378.288: Total time for which application threads were stopped: 0.0000340 seconds, Stopping threads took: 0.0000230 seconds
378.288: Application time: 0.0000110 seconds
378.288: Total time for which application threads were stopped: 0.0000180 seconds, Stopping threads took: 0.0000070 seconds
378.288: Application time: 0.0000130 seconds
378.288: Total time for which application threads were stopped: 0.0000310 seconds, Stopping threads took: 0.0000150 seconds
378.332: Application time: 0.0432020 seconds
378.332: Total time for which application threads were stopped: 0.0000660 seconds, Stopping threads took: 0.0000150 seconds
378.334: Application time: 0.0018500 seconds
378.334: Total time for which application threads were stopped: 0.0000280 seconds, Stopping threads took: 0.0000090 seconds
Heap
 PSYoungGen      total 24576K, used 9362K [0x00000000d7480000, 0x00000000d9600000, 0x0000000100000000)
  eden space 22016K, 42% used [0x00000000d7480000,0x00000000d7da4820,0x00000000d8a00000)
  from space 2560K, 0% used [0x00000000d8a00000,0x00000000d8a00000,0x00000000d8c80000)
  to   space 6144K, 0% used [0x00000000d9000000,0x00000000d9000000,0x00000000d9600000)
 ParOldGen       total 43008K, used 10274K [0x0000000085e00000, 0x0000000088800000, 0x00000000d7480000)
  object space 43008K, 23% used [0x0000000085e00000,0x0000000086808828,0x0000000088800000)
 PSPermGen       total 21504K, used 13575K [0x0000000080c00000, 0x0000000082100000, 0x0000000085e00000)
  object space 21504K, 63% used [0x0000000080c00000,0x0000000081941f48,0x0000000082100000)
378.334: Application time: 0.0001710 seconds
