Java HotSpot(TM) 64-Bit Server VM (24.80-b11) for linux-amd64 JRE (1.7.0_80-b15), built on Apr 10 2015 19:53:14 by "java_re" with gcc 4.3.0 20080428 (Red Hat 4.3.0-8)
Memory: 4k page, physical 8000092k(6279592k free), swap 8218620k(8218620k free)
CommandLine flags: -XX:InitialHeapSize=128001472 -XX:MaxHeapSize=2048023552 -XX:+PrintGC -XX:+PrintGCApplicationConcurrentTime -XX:+PrintGCApplicationStoppedTime -XX:+PrintGCDetails -XX:+PrintGCTimeStamps -XX:+UseCompressedOops -XX:+UseParallelGC -XX:+UseParallelOldGC 
1.007: Application time: 0.9865690 seconds
1.007: Total time for which application threads were stopped: 0.0000440 seconds, Stopping threads took: 0.0000100 seconds
4.026: Application time: 3.0187970 seconds
4.026: Total time for which application threads were stopped: 0.0000680 seconds, Stopping threads took: 0.0000110 seconds
14.726: Application time: 10.6998460 seconds
14.726: Total time for which application threads were stopped: 0.0000320 seconds, Stopping threads took: 0.0000180 seconds
14.726: Application time: 0.0000880 seconds
14.726: Total time for which application threads were stopped: 0.0000090 seconds, Stopping threads took: 0.0000040 seconds
14.727: Application time: 0.0014900 seconds
14.727: Total time for which application threads were stopped: 0.0000110 seconds, Stopping threads took: 0.0000040 seconds
14.745: Application time: 0.0175870 seconds
14.745: Total time for which application threads were stopped: 0.0000390 seconds, Stopping threads took: 0.0000100 seconds
14.757: Application time: 0.0122620 seconds
14.757: [GC [PSYoungGen: 10773K->3321K(36864K)] 10773K->3329K(119808K), 0.0022120 secs] [Times: user=0.01 sys=0.00, real=0.01 secs] 
14.760: [Full GC [PSYoungGen: 3321K->0K(36864K)] [ParOldGen: 8K->3145K(82944K)] 3329K->3145K(119808K) [PSPermGen: 5076K->5074K(21504K)], 0.0110390 secs] [Times: user=0.03 sys=0.01, real=0.01 secs] 
14.771: Total time for which application threads were stopped: 0.0133810 seconds, Stopping threads took: 0.0000180 seconds
14.771: Application time: 0.0000430 seconds
14.771: [GC [PSYoungGen: 0K->0K(36864K)] 3145K->3145K(119808K), 0.0003290 secs] [Times: user=0.00 sys=0.00, real=0.00 secs] 
14.771: [Full GC [PSYoungGen: 0K->0K(36864K)] [ParOldGen: 3145K->3145K(82944K)] 3145K->3145K(119808K) [PSPermGen: 5074K->5074K(21504K)], 0.0040520 secs] [Times: user=0.02 sys=0.00, real=0.00 secs] 
14.775: Total time for which application threads were stopped: 0.0044680 seconds, Stopping threads took: 0.0000050 seconds
14.775: Application time: 0.0000670 seconds
14.775: Total time for which application threads were stopped: 0.0000330 seconds, Stopping threads took: 0.0000230 seconds
14.775: Application time: 0.0000380 seconds
14.775: Total time for which application threads were stopped: 0.0000260 seconds, Stopping threads took: 0.0000190 seconds
14.775: Application time: 0.0000170 seconds
14.775: Total time for which application threads were stopped: 0.0000110 seconds, Stopping threads took: 0.0000070 seconds
14.775: Application time: 0.0000270 seconds
14.775: Total time for which application threads were stopped: 0.0000180 seconds, Stopping threads took: 0.0000140 seconds
14.775: Application time: 0.0000130 seconds
14.775: Total time for which application threads were stopped: 0.0000170 seconds, Stopping threads took: 0.0000140 seconds
14.775: Application time: 0.0000190 seconds
14.775: Total time for which application threads were stopped: 0.0000170 seconds, Stopping threads took: 0.0000130 seconds
14.775: Application time: 0.0000330 seconds
14.776: Total time for which application threads were stopped: 0.0000170 seconds, Stopping threads took: 0.0000140 seconds
14.776: Application time: 0.0000110 seconds
14.776: Total time for which application threads were stopped: 0.0000130 seconds, Stopping threads took: 0.0000100 seconds
14.776: Application time: 0.0000110 seconds
14.776: Total time for which application threads were stopped: 0.0000150 seconds, Stopping threads took: 0.0000120 seconds
14.776: Application time: 0.0000100 seconds
14.776: Total time for which application threads were stopped: 0.0000160 seconds, Stopping threads took: 0.0000130 seconds
14.776: Application time: 0.0001320 seconds
14.776: Total time for which application threads were stopped: 0.0000230 seconds, Stopping threads took: 0.0000200 seconds
14.776: Application time: 0.0000110 seconds
14.776: Total time for which application threads were stopped: 0.0000140 seconds, Stopping threads took: 0.0000100 seconds
14.776: Application time: 0.0000120 seconds
14.776: Total time for which application threads were stopped: 0.0000230 seconds, Stopping threads took: 0.0000190 seconds
14.776: Application time: 0.0000110 seconds
14.776: Total time for which application threads were stopped: 0.0000120 seconds, Stopping threads took: 0.0000090 seconds
14.776: Application time: 0.0000120 seconds
14.776: Total time for which application threads were stopped: 0.0000140 seconds, Stopping threads took: 0.0000110 seconds
14.776: Application time: 0.0000110 seconds
14.776: Total time for which application threads were stopped: 0.0000150 seconds, Stopping threads took: 0.0000120 seconds
14.776: Application time: 0.0000100 seconds
14.776: Total time for which application threads were stopped: 0.0000130 seconds, Stopping threads took: 0.0000090 seconds
14.776: Application time: 0.0000110 seconds
14.776: Total time for which application threads were stopped: 0.0000120 seconds, Stopping threads took: 0.0000090 seconds
14.776: Application time: 0.0000110 seconds
14.776: Total time for which application threads were stopped: 0.0000070 seconds, Stopping threads took: 0.0000040 seconds
14.776: Application time: 0.0000110 seconds
14.776: Total time for which application threads were stopped: 0.0000120 seconds, Stopping threads took: 0.0000040 seconds
14.776: Application time: 0.0002860 seconds
14.776: Total time for which application threads were stopped: 0.0000150 seconds, Stopping threads took: 0.0000110 seconds
14.838: Application time: 0.0621830 seconds
14.839: Total time for which application threads were stopped: 0.0000630 seconds, Stopping threads took: 0.0000330 seconds
14.839: Application time: 0.0002220 seconds
14.839: Total time for which application threads were stopped: 0.0000420 seconds, Stopping threads took: 0.0000290 seconds
14.839: Application time: 0.0004140 seconds
14.839: Total time for which application threads were stopped: 0.0000930 seconds, Stopping threads took: 0.0000850 seconds
14.840: Application time: 0.0003540 seconds
14.840: Total time for which application threads were stopped: 0.0000290 seconds, Stopping threads took: 0.0000180 seconds
14.846: Application time: 0.0058430 seconds
14.846: Total time for which application threads were stopped: 0.0000490 seconds, Stopping threads took: 0.0000270 seconds
14.847: Application time: 0.0011040 seconds
14.847: Total time for which application threads were stopped: 0.0000410 seconds, Stopping threads took: 0.0000230 seconds
14.852: Application time: 0.0051650 seconds
14.852: Total time for which application threads were stopped: 0.0000250 seconds, Stopping threads took: 0.0000100 seconds
14.855: Application time: 0.0028780 seconds
14.855: Total time for which application threads were stopped: 0.0000410 seconds, Stopping threads took: 0.0000280 seconds
14.867: Application time: 0.0116430 seconds
14.867: Total time for which application threads were stopped: 0.0000300 seconds, Stopping threads took: 0.0000120 seconds
14.867: Application time: 0.0000640 seconds
14.867: Total time for which application threads were stopped: 0.0000150 seconds, Stopping threads took: 0.0000070 seconds
14.867: Application time: 0.0000690 seconds
14.867: Total time for which application threads were stopped: 0.0000150 seconds, Stopping threads took: 0.0000070 seconds
14.873: Application time: 0.0060230 seconds
14.873: Total time for which application threads were stopped: 0.0000510 seconds, Stopping threads took: 0.0000100 seconds
14.879: Application time: 0.0059340 seconds
14.879: Total time for which application threads were stopped: 0.0000370 seconds, Stopping threads took: 0.0000190 seconds
14.903: Application time: 0.0246910 seconds
14.904: Total time for which application threads were stopped: 0.0001000 seconds, Stopping threads took: 0.0000610 seconds
14.904: Application time: 0.0000820 seconds
14.904: Total time for which application threads were stopped: 0.0000330 seconds, Stopping threads took: 0.0000210 seconds
14.905: Application time: 0.0009020 seconds
14.905: Total time for which application threads were stopped: 0.0000100 seconds, Stopping threads took: 0.0000050 seconds
14.905: Application time: 0.0005060 seconds
14.905: Total time for which application threads were stopped: 0.0000210 seconds, Stopping threads took: 0.0000110 seconds
14.905: Application time: 0.0000450 seconds
14.905: Total time for which application threads were stopped: 0.0000300 seconds, Stopping threads took: 0.0000190 seconds
14.928: Application time: 0.0232810 seconds
14.929: Total time for which application threads were stopped: 0.0000400 seconds, Stopping threads took: 0.0000200 seconds
14.929: Application time: 0.0000600 seconds
14.929: Total time for which application threads were stopped: 0.0000380 seconds, Stopping threads took: 0.0000240 seconds
14.929: Application time: 0.0000360 seconds
14.929: Total time for which application threads were stopped: 0.0000660 seconds, Stopping threads took: 0.0000540 seconds
14.929: Application time: 0.0000630 seconds
14.929: Total time for which application threads were stopped: 0.0000280 seconds, Stopping threads took: 0.0000190 seconds
14.929: Application time: 0.0000480 seconds
14.929: Total time for which application threads were stopped: 0.0000180 seconds, Stopping threads took: 0.0000060 seconds
14.929: Application time: 0.0003920 seconds
14.929: Total time for which application threads were stopped: 0.0000490 seconds, Stopping threads took: 0.0000390 seconds
14.929: Application time: 0.0000340 seconds
14.929: Total time for which application threads were stopped: 0.0000290 seconds, Stopping threads took: 0.0000210 seconds
14.938: Application time: 0.0081320 seconds
14.938: Total time for which application threads were stopped: 0.0000570 seconds, Stopping threads took: 0.0000450 seconds
15.072: Application time: 0.1346810 seconds
15.072: [GC [PSYoungGen: 31744K->2511K(36864K)] 34889K->5664K(119808K), 0.0017350 secs] [Times: user=0.01 sys=0.00, real=0.00 secs] 
15.074: Total time for which application threads were stopped: 0.0019180 seconds, Stopping threads took: 0.0000920 seconds
15.075: Application time: 0.0007430 seconds
15.075: Total time for which application threads were stopped: 0.0005700 seconds, Stopping threads took: 0.0005580 seconds
15.076: Application time: 0.0000200 seconds
15.076: Total time for which application threads were stopped: 0.0000370 seconds, Stopping threads took: 0.0000300 seconds
15.076: Application time: 0.0000160 seconds
15.076: Total time for which application threads were stopped: 0.0000300 seconds, Stopping threads took: 0.0000240 seconds
15.076: Application time: 0.0000160 seconds
15.076: Total time for which application threads were stopped: 0.0000340 seconds, Stopping threads took: 0.0000290 seconds
15.076: Application time: 0.0000130 seconds
15.076: Total time for which application threads were stopped: 0.0000240 seconds, Stopping threads took: 0.0000190 seconds
15.076: Application time: 0.0000120 seconds
15.076: Total time for which application threads were stopped: 0.0000240 seconds, Stopping threads took: 0.0000190 seconds
15.076: Application time: 0.0000120 seconds
15.076: Total time for which application threads were stopped: 0.0000270 seconds, Stopping threads took: 0.0000220 seconds
15.076: Application time: 0.0000100 seconds
15.076: Total time for which application threads were stopped: 0.0000240 seconds, Stopping threads took: 0.0000190 seconds
15.076: Application time: 0.0000120 seconds
15.076: Total time for which application threads were stopped: 0.0000260 seconds, Stopping threads took: 0.0000200 seconds
15.076: Application time: 0.0000120 seconds
15.076: Total time for which application threads were stopped: 0.0000310 seconds, Stopping threads took: 0.0000260 seconds
15.076: Application time: 0.0000120 seconds
15.076: Total time for which application threads were stopped: 0.0000250 seconds, Stopping threads took: 0.0000190 seconds
15.076: Application time: 0.0000100 seconds
15.076: Total time for which application threads were stopped: 0.0000230 seconds, Stopping threads took: 0.0000180 seconds
15.076: Application time: 0.0000120 seconds
15.076: Total time for which application threads were stopped: 0.0000290 seconds, Stopping threads took: 0.0000230 seconds
15.076: Application time: 0.0000120 seconds
15.076: Total time for which application threads were stopped: 0.0000220 seconds, Stopping threads took: 0.0000180 seconds
15.076: Application time: 0.0000110 seconds
15.076: Total time for which application threads were stopped: 0.0000310 seconds, Stopping threads took: 0.0000250 seconds
15.076: Application time: 0.0000090 seconds
15.076: Total time for which application threads were stopped: 0.0000220 seconds, Stopping threads took: 0.0000180 seconds
15.076: Application time: 0.0000120 seconds
15.076: Total time for which application threads were stopped: 0.0000290 seconds, Stopping threads took: 0.0000230 seconds
15.076: Application time: 0.0000110 seconds
15.076: Total time for which application threads were stopped: 0.0000220 seconds, Stopping threads took: 0.0000170 seconds
15.076: Application time: 0.0000120 seconds
15.076: Total time for which application threads were stopped: 0.0000230 seconds, Stopping threads took: 0.0000170 seconds
15.076: Application time: 0.0000100 seconds
15.076: Total time for which application threads were stopped: 0.0000620 seconds, Stopping threads took: 0.0000210 seconds
15.076: Application time: 0.0000350 seconds
15.076: Total time for which application threads were stopped: 0.0000430 seconds, Stopping threads took: 0.0000330 seconds
15.076: Application time: 0.0000130 seconds
15.076: Total time for which application threads were stopped: 0.0000230 seconds, Stopping threads took: 0.0000140 seconds
15.077: Application time: 0.0001650 seconds
15.080: Total time for which application threads were stopped: 0.0029370 seconds, Stopping threads took: 0.0028980 seconds
15.080: Application time: 0.0000510 seconds
15.080: Total time for which application threads were stopped: 0.0000400 seconds, Stopping threads took: 0.0000290 seconds
15.080: Application time: 0.0000230 seconds
15.080: Total time for which application threads were stopped: 0.0000380 seconds, Stopping threads took: 0.0000270 seconds
15.080: Application time: 0.0000240 seconds
15.080: Total time for which application threads were stopped: 0.0000410 seconds, Stopping threads took: 0.0000320 seconds
15.288: Application time: 0.2080900 seconds
15.288: [GC [PSYoungGen: 34255K->896K(36864K)] 37408K->4057K(119808K), 0.0009020 secs] [Times: user=0.00 sys=0.00, real=0.00 secs] 
15.289: Total time for which application threads were stopped: 0.0011030 seconds, Stopping threads took: 0.0001060 seconds
15.480: Application time: 0.1911470 seconds
15.480: [GC [PSYoungGen: 32640K->912K(36864K)] 35801K->4073K(119808K), 0.0007640 secs] [Times: user=0.00 sys=0.00, real=0.00 secs] 
15.481: Total time for which application threads were stopped: 0.0009040 seconds, Stopping threads took: 0.0000560 seconds
15.665: Application time: 0.1835140 seconds
15.665: [GC [PSYoungGen: 32656K->880K(36864K)] 35817K->4049K(119808K), 0.0008780 secs] [Times: user=0.00 sys=0.00, real=0.00 secs] 
15.666: Total time for which application threads were stopped: 0.0009920 seconds, Stopping threads took: 0.0000470 seconds
15.814: Application time: 0.1483680 seconds
15.814: Total time for which application threads were stopped: 0.0001190 seconds, Stopping threads took: 0.0000610 seconds
15.845: Application time: 0.0306870 seconds
15.845: [GC [PSYoungGen: 32624K->832K(32256K)] 35793K->4001K(115200K), 0.0008620 secs] [Times: user=0.01 sys=0.00, real=0.00 secs] 
15.846: Total time for which application threads were stopped: 0.0009640 seconds, Stopping threads took: 0.0000430 seconds
16.027: Application time: 0.1815650 seconds
16.027: [GC [PSYoungGen: 32064K->928K(33792K)] 35233K->4097K(116736K), 0.0008070 secs] [Times: user=0.00 sys=0.00, real=0.01 secs] 
16.028: Total time for which application threads were stopped: 0.0009430 seconds, Stopping threads took: 0.0000540 seconds
16.226: Application time: 0.1974140 seconds
16.226: [GC [PSYoungGen: 31648K->560K(31232K)] 34817K->4129K(114176K), 0.0009370 secs] [Times: user=0.00 sys=0.00, real=0.00 secs] 
16.227: Total time for which application threads were stopped: 0.0010920 seconds, Stopping threads took: 0.0000780 seconds
16.412: Application time: 0.1858230 seconds
16.413: [GC [PSYoungGen: 30768K->512K(31744K)] 34337K->4137K(114688K), 0.0005790 secs] [Times: user=0.00 sys=0.00, real=0.00 secs] 
16.413: Total time for which application threads were stopped: 0.0007240 seconds, Stopping threads took: 0.0000750 seconds
16.578: Application time: 0.1650020 seconds
16.578: [GC [PSYoungGen: 30208K->272K(29696K)] 33833K->4161K(112640K), 0.0006030 secs] [Times: user=0.00 sys=0.00, real=0.00 secs] 
16.579: Total time for which application threads were stopped: 0.0007360 seconds, Stopping threads took: 0.0000640 seconds
16.738: Application time: 0.1595330 seconds
16.739: [GC [PSYoungGen: 29456K->448K(31232K)] 33345K->4385K(114176K), 0.0005050 secs] [Times: user=0.00 sys=0.00, real=0.00 secs] 
16.739: Total time for which application threads were stopped: 0.0006180 seconds, Stopping threads took: 0.0000530 seconds
16.899: Application time: 0.1597350 seconds
16.899: [GC [PSYoungGen: 29120K->256K(28672K)] 33057K->4542K(111616K), 0.0005290 secs] [Times: user=0.00 sys=0.00, real=0.01 secs] 
16.900: Total time for which application threads were stopped: 0.0006450 seconds, Stopping threads took: 0.0000550 seconds
17.058: Application time: 0.1580070 seconds
17.058: [GC [PSYoungGen: 28416K->224K(30208K)] 32702K->4582K(113152K), 0.0004730 secs] [Times: user=0.00 sys=0.00, real=0.00 secs] 
17.058: Total time for which application threads were stopped: 0.0005980 seconds, Stopping threads took: 0.0000560 seconds
17.216: Application time: 0.1576220 seconds
17.216: [GC [PSYoungGen: 27872K->256K(27648K)] 32230K->4702K(110592K), 0.0004880 secs] [Times: user=0.00 sys=0.00, real=0.00 secs] 
17.216: Total time for which application threads were stopped: 0.0006150 seconds, Stopping threads took: 0.0000660 seconds
17.368: Application time: 0.1512580 seconds
17.368: [GC [PSYoungGen: 27392K->256K(29184K)] 31838K->4846K(112128K), 0.0004450 secs] [Times: user=0.00 sys=0.00, real=0.00 secs] 
17.368: Total time for which application threads were stopped: 0.0005620 seconds, Stopping threads took: 0.0000550 seconds
17.513: Application time: 0.1448460 seconds
17.513: [GC [PSYoungGen: 26880K->416K(26624K)] 31470K->5006K(109568K), 0.0005510 secs] [Times: user=0.00 sys=0.00, real=0.00 secs] 
17.514: Total time for which application threads were stopped: 0.0006700 seconds, Stopping threads took: 0.0000540 seconds
17.658: Application time: 0.1443100 seconds
17.658: [GC [PSYoungGen: 26528K->304K(27648K)] 31118K->5202K(110592K), 0.0005250 secs] [Times: user=0.00 sys=0.00, real=0.00 secs] 
17.659: Total time for which application threads were stopped: 0.0006590 seconds, Stopping threads took: 0.0000630 seconds
17.801: Application time: 0.1424890 seconds
17.801: [GC [PSYoungGen: 25904K->256K(25600K)] 30802K->5282K(108544K), 0.0004790 secs] [Times: user=0.00 sys=0.00, real=0.00 secs] 
17.802: Total time for which application threads were stopped: 0.0005920 seconds, Stopping threads took: 0.0000520 seconds
17.941: Application time: 0.1394030 seconds
17.941: [GC [PSYoungGen: 25344K->256K(26624K)] 30370K->5306K(109568K), 0.0004510 secs] [Times: user=0.00 sys=0.00, real=0.00 secs] 
17.942: Total time for which application threads were stopped: 0.0005790 seconds, Stopping threads took: 0.0000670 seconds
18.079: Application time: 0.1370820 seconds
18.079: [GC [PSYoungGen: 24832K->256K(24576K)] 29882K->5474K(107520K), 0.0004960 secs] [Times: user=0.00 sys=0.00, real=0.00 secs] 
18.079: Total time for which application threads were stopped: 0.0006190 seconds, Stopping threads took: 0.0000580 seconds
18.212: Application time: 0.1325690 seconds
18.212: [GC [PSYoungGen: 24320K->240K(25088K)] 29538K->5458K(108032K), 0.0004690 secs] [Times: user=0.00 sys=0.00, real=0.00 secs] 
18.213: Total time for which application threads were stopped: 0.0005990 seconds, Stopping threads took: 0.0000590 seconds
18.341: Application time: 0.1279880 seconds
18.341: [GC [PSYoungGen: 23792K->368K(25600K)] 29010K->5698K(108544K), 0.0005150 secs] [Times: user=0.01 sys=0.00, real=0.00 secs] 
18.341: Total time for which application threads were stopped: 0.0006410 seconds, Stopping threads took: 0.0000640 seconds
18.472: Application time: 0.1310280 seconds
18.472: [GC [PSYoungGen: 23920K->256K(25600K)] 29250K->5891K(108544K), 0.0004560 secs] [Times: user=0.00 sys=0.00, real=0.00 secs] 
18.473: Total time for which application threads were stopped: 0.0005690 seconds, Stopping threads took: 0.0000530 seconds
18.604: Application time: 0.1307900 seconds
18.604: [GC [PSYoungGen: 23808K->256K(25600K)] 29443K->5891K(108544K), 0.0004040 secs] [Times: user=0.00 sys=0.00, real=0.00 secs] 
18.604: Total time for which application threads were stopped: 0.0005350 seconds, Stopping threads took: 0.0000700 seconds
18.735: Application time: 0.1308200 seconds
18.735: [GC [PSYoungGen: 23808K->256K(25600K)] 29443K->5939K(108544K), 0.0004390 secs] [Times: user=0.00 sys=0.00, real=0.00 secs] 
18.736: Total time for which application threads were stopped: 0.0005720 seconds, Stopping threads took: 0.0000600 seconds
18.867: Application time: 0.1311110 seconds
18.867: [GC [PSYoungGen: 23808K->256K(24064K)] 29491K->6083K(107008K), 0.0005490 secs] [Times: user=0.01 sys=0.00, real=0.00 secs] 
18.867: Total time for which application threads were stopped: 0.0006860 seconds, Stopping threads took: 0.0000730 seconds
18.997: Application time: 0.1300550 seconds
18.998: [GC [PSYoungGen: 23808K->288K(25088K)] 29635K->6115K(108032K), 0.0004500 secs] [Times: user=0.00 sys=0.00, real=0.01 secs] 
19.001: Total time for which application threads were stopped: 0.0033750 seconds, Stopping threads took: 0.0000610 seconds
19.128: Application time: 0.1276600 seconds
19.129: [GC [PSYoungGen: 23840K->400K(25088K)] 29667K->6347K(108032K), 0.0004980 secs] [Times: user=0.00 sys=0.00, real=0.00 secs] 
19.129: Total time for which application threads were stopped: 0.0006110 seconds, Stopping threads took: 0.0000510 seconds
19.261: Application time: 0.1314340 seconds
19.261: [GC [PSYoungGen: 23952K->256K(25088K)] 29899K->6503K(108032K), 0.0004670 secs] [Times: user=0.00 sys=0.00, real=0.00 secs] 
19.261: Total time for which application threads were stopped: 0.0006680 seconds, Stopping threads took: 0.0001280 seconds
19.392: Application time: 0.1311270 seconds
19.392: [GC [PSYoungGen: 23808K->256K(25088K)] 30055K->6503K(108032K), 0.0003940 secs] [Times: user=0.00 sys=0.00, real=0.00 secs] 
19.393: Total time for which application threads were stopped: 0.0005220 seconds, Stopping threads took: 0.0000660 seconds
19.524: Application time: 0.1309570 seconds
19.524: [GC [PSYoungGen: 23808K->256K(25088K)] 30055K->6551K(108032K), 0.0004230 secs] [Times: user=0.00 sys=0.00, real=0.00 secs] 
19.524: Total time for which application threads were stopped: 0.0005380 seconds, Stopping threads took: 0.0000550 seconds
19.655: Application time: 0.1308120 seconds
19.655: [GC [PSYoungGen: 23808K->256K(25088K)] 30103K->6695K(108032K), 0.0004080 secs] [Times: user=0.00 sys=0.00, real=0.00 secs] 
19.656: Total time for which application threads were stopped: 0.0005220 seconds, Stopping threads took: 0.0000540 seconds
19.786: Application time: 0.1299820 seconds
19.786: [GC [PSYoungGen: 23808K->256K(24064K)] 30247K->6695K(107008K), 0.0004490 secs] [Times: user=0.00 sys=0.00, real=0.00 secs] 
19.786: Total time for which application threads were stopped: 0.0005730 seconds, Stopping threads took: 0.0000490 seconds
19.914: Application time: 0.1280140 seconds
19.914: [GC [PSYoungGen: 23808K->400K(24576K)] 30247K->6975K(107520K), 0.0004840 secs] [Times: user=0.00 sys=0.00, real=0.00 secs] 
19.915: Total time for which application threads were stopped: 0.0006020 seconds, Stopping threads took: 0.0000520 seconds
20.046: Application time: 0.1312230 seconds
20.046: [GC [PSYoungGen: 23952K->256K(24576K)] 30527K->7132K(107520K), 0.0004270 secs] [Times: user=0.00 sys=0.00, real=0.00 secs] 
20.047: Total time for which application threads were stopped: 0.0005410 seconds, Stopping threads took: 0.0000560 seconds
20.178: Application time: 0.1317790 seconds
20.178: [GC [PSYoungGen: 23808K->256K(24576K)] 30684K->7132K(107520K), 0.0003920 secs] [Times: user=0.01 sys=0.00, real=0.00 secs] 
20.179: Total time for which application threads were stopped: 0.0005050 seconds, Stopping threads took: 0.0000540 seconds
20.309: Application time: 0.1304690 seconds
20.309: [GC [PSYoungGen: 23808K->256K(24576K)] 30684K->7180K(107520K), 0.0004140 secs] [Times: user=0.00 sys=0.00, real=0.00 secs] 
20.310: Total time for which application threads were stopped: 0.0005410 seconds, Stopping threads took: 0.0000570 seconds
20.442: Application time: 0.1316440 seconds
20.442: [GC [PSYoungGen: 23808K->224K(24576K)] 30732K->7292K(107520K), 0.0004280 secs] [Times: user=0.00 sys=0.00, real=0.00 secs] 
20.442: Total time for which application threads were stopped: 0.0005430 seconds, Stopping threads took: 0.0000540 seconds
20.572: Application time: 0.1297440 seconds
20.572: [GC [PSYoungGen: 23776K->240K(24576K)] 30844K->7308K(107520K), 0.0004120 secs] [Times: user=0.00 sys=0.00, real=0.00 secs] 
20.572: Total time for which application threads were stopped: 0.0005310 seconds, Stopping threads took: 0.0000610 seconds
20.700: Application time: 0.1279460 seconds
20.700: [GC [PSYoungGen: 23792K->400K(24576K)] 30860K->7596K(107520K), 0.0004710 secs] [Times: user=0.01 sys=0.00, real=0.00 secs] 
20.701: Total time for which application threads were stopped: 0.0005820 seconds, Stopping threads took: 0.0000510 seconds
20.832: Application time: 0.1311080 seconds
20.832: [GC [PSYoungGen: 23952K->256K(24576K)] 31148K->7760K(107520K), 0.0004570 secs] [Times: user=0.01 sys=0.00, real=0.00 secs] 
20.833: Total time for which application threads were stopped: 0.0005760 seconds, Stopping threads took: 0.0000550 seconds
20.964: Application time: 0.1309080 seconds
20.964: [GC [PSYoungGen: 23808K->256K(24576K)] 31312K->7760K(107520K), 0.0003800 secs] [Times: user=0.00 sys=0.00, real=0.00 secs] 
20.964: Total time for which application threads were stopped: 0.0004920 seconds, Stopping threads took: 0.0000530 seconds
21.095: Application time: 0.1309690 seconds
21.095: [GC [PSYoungGen: 23808K->256K(24576K)] 31312K->7808K(107520K), 0.0004250 secs] [Times: user=0.00 sys=0.00, real=0.00 secs] 
21.096: Total time for which application threads were stopped: 0.0005420 seconds, Stopping threads took: 0.0000570 seconds
21.227: Application time: 0.1311410 seconds
21.227: [GC [PSYoungGen: 23808K->256K(24576K)] 31360K->7952K(107520K), 0.0003990 secs] [Times: user=0.00 sys=0.00, real=0.00 secs] 
21.227: Total time for which application threads were stopped: 0.0005280 seconds, Stopping threads took: 0.0000680 seconds
21.357: Application time: 0.1297740 seconds
21.357: [GC [PSYoungGen: 23808K->272K(24576K)] 31504K->7968K(107520K), 0.0003940 secs] [Times: user=0.00 sys=0.00, real=0.00 secs] 
21.357: Total time for which application threads were stopped: 0.0005130 seconds, Stopping threads took: 0.0000500 seconds
21.485: Application time: 0.1278440 seconds
21.485: [GC [PSYoungGen: 23824K->416K(24576K)] 31520K->8232K(107520K), 0.0004730 secs] [Times: user=0.00 sys=0.00, real=0.00 secs] 
21.486: Total time for which application threads were stopped: 0.0005920 seconds, Stopping threads took: 0.0000580 seconds
21.617: Application time: 0.1306210 seconds
21.617: [GC [PSYoungGen: 23968K->256K(24576K)] 31784K->8381K(107520K), 0.0004620 secs] [Times: user=0.00 sys=0.00, real=0.00 secs] 
21.617: Total time for which application threads were stopped: 0.0005860 seconds, Stopping threads took: 0.0000660 seconds
21.748: Application time: 0.1310530 seconds
21.748: [GC [PSYoungGen: 23808K->224K(24576K)] 31933K->8349K(107520K), 0.0003830 secs] [Times: user=0.00 sys=0.00, real=0.00 secs] 
21.749: Total time for which application threads were stopped: 0.0005040 seconds, Stopping threads took: 0.0000550 seconds
21.879: Application time: 0.1305310 seconds
21.879: [GC [PSYoungGen: 23776K->256K(24576K)] 31901K->8429K(107520K), 0.0004140 secs] [Times: user=0.00 sys=0.00, real=0.01 secs] 
21.880: Total time for which application threads were stopped: 0.0005450 seconds, Stopping threads took: 0.0000570 seconds
22.011: Application time: 0.1311030 seconds
22.011: [GC [PSYoungGen: 23808K->256K(24576K)] 31981K->8573K(107520K), 0.0004470 secs] [Times: user=0.00 sys=0.00, real=0.00 secs] 
22.011: Total time for which application threads were stopped: 0.0005690 seconds, Stopping threads took: 0.0000580 seconds
22.142: Application time: 0.1309080 seconds
22.142: [GC [PSYoungGen: 23808K->240K(24576K)] 32125K->8557K(107520K), 0.0004210 secs] [Times: user=0.00 sys=0.00, real=0.00 secs] 
22.143: Total time for which application threads were stopped: 0.0005370 seconds, Stopping threads took: 0.0000570 seconds
22.270: Application time: 0.1275080 seconds
22.270: [GC [PSYoungGen: 23792K->432K(24576K)] 32109K->8869K(107520K), 0.0004890 secs] [Times: user=0.00 sys=0.00, real=0.00 secs] 
22.271: Total time for which application threads were stopped: 0.0006020 seconds, Stopping threads took: 0.0000540 seconds
22.402: Application time: 0.1312730 seconds
22.402: [GC [PSYoungGen: 23984K->256K(24576K)] 32421K->9001K(107520K), 0.0004520 secs] [Times: user=0.01 sys=0.00, real=0.00 secs] 
22.403: Total time for which application threads were stopped: 0.0005750 seconds, Stopping threads took: 0.0000510 seconds
22.534: Application time: 0.1310280 seconds
22.534: [GC [PSYoungGen: 23808K->256K(24576K)] 32553K->9001K(107520K), 0.0003900 secs] [Times: user=0.00 sys=0.00, real=0.00 secs] 
22.534: Total time for which application threads were stopped: 0.0005080 seconds, Stopping threads took: 0.0000590 seconds
22.665: Application time: 0.1307700 seconds
22.665: [GC [PSYoungGen: 23808K->256K(24064K)] 32553K->9049K(107008K), 0.0004530 secs] [Times: user=0.00 sys=0.00, real=0.00 secs] 
22.666: Total time for which application threads were stopped: 0.0005680 seconds, Stopping threads took: 0.0000540 seconds
22.797: Application time: 0.1312770 seconds
22.797: [GC [PSYoungGen: 23808K->256K(24064K)] 32601K->9193K(107008K), 0.0004170 secs] [Times: user=0.00 sys=0.00, real=0.00 secs] 
22.798: Total time for which application threads were stopped: 0.0005340 seconds, Stopping threads took: 0.0000550 seconds
22.927: Application time: 0.1297290 seconds
22.927: [GC [PSYoungGen: 23808K->256K(24064K)] 32745K->9193K(107008K), 0.0004010 secs] [Times: user=0.00 sys=0.00, real=0.01 secs] 
22.928: Total time for which application threads were stopped: 0.0005220 seconds, Stopping threads took: 0.0000510 seconds
23.056: Application time: 0.1277270 seconds
23.056: [GC [PSYoungGen: 23808K->432K(24064K)] 32745K->9489K(107008K), 0.0004600 secs] [Times: user=0.00 sys=0.00, real=0.00 secs] 
23.056: Total time for which application threads were stopped: 0.0005800 seconds, Stopping threads took: 0.0000620 seconds
23.188: Application time: 0.1315580 seconds
23.188: [GC [PSYoungGen: 23984K->192K(24064K)] 33041K->9550K(107008K), 0.0005310 secs] [Times: user=0.00 sys=0.00, real=0.00 secs] 
23.188: Total time for which application threads were stopped: 0.0006630 seconds, Stopping threads took: 0.0000710 seconds
23.320: Application time: 0.1312410 seconds
23.320: [GC [PSYoungGen: 23744K->256K(24064K)] 33102K->9614K(107008K), 0.0003940 secs] [Times: user=0.00 sys=0.00, real=0.00 secs] 
23.320: Total time for which application threads were stopped: 0.0005130 seconds, Stopping threads took: 0.0000620 seconds
23.450: Application time: 0.1297840 seconds
23.450: [GC [PSYoungGen: 23808K->256K(24064K)] 33166K->9662K(107008K), 0.0004440 secs] [Times: user=0.00 sys=0.00, real=0.00 secs] 
23.450: Total time for which application threads were stopped: 0.0005760 seconds, Stopping threads took: 0.0000620 seconds
23.582: Application time: 0.1310480 seconds
23.582: [GC [PSYoungGen: 23808K->256K(24064K)] 33214K->9806K(107008K), 0.0003970 secs] [Times: user=0.00 sys=0.00, real=0.00 secs] 
23.582: Total time for which application threads were stopped: 0.0005200 seconds, Stopping threads took: 0.0000620 seconds
23.712: Application time: 0.1300230 seconds
23.712: [GC [PSYoungGen: 23808K->256K(24064K)] 33358K->9806K(107008K), 0.0004120 secs] [Times: user=0.00 sys=0.00, real=0.00 secs] 
23.713: Total time for which application threads were stopped: 0.0005240 seconds, Stopping threads took: 0.0000510 seconds
23.840: Application time: 0.1277630 seconds
23.840: [GC [PSYoungGen: 23808K->448K(24064K)] 33358K->10110K(107008K), 0.0004860 secs] [Times: user=0.00 sys=0.00, real=0.00 secs] 
23.841: Total time for which application threads were stopped: 0.0006050 seconds, Stopping threads took: 0.0000610 seconds
23.972: Application time: 0.1311070 seconds
23.972: [GC [PSYoungGen: 24000K->256K(24064K)] 33662K->10226K(107008K), 0.0004510 secs] [Times: user=0.01 sys=0.00, real=0.00 secs] 
23.973: Total time for which application threads were stopped: 0.0005740 seconds, Stopping threads took: 0.0000530 seconds
24.104: Application time: 0.1312290 seconds
24.104: [GC [PSYoungGen: 23808K->256K(24064K)] 33778K->10226K(107008K), 0.0004440 secs] [Times: user=0.00 sys=0.00, real=0.00 secs] 
24.104: Total time for which application threads were stopped: 0.0005590 seconds, Stopping threads took: 0.0000540 seconds
24.235: Application time: 0.1301390 seconds
24.235: [GC [PSYoungGen: 23808K->272K(24064K)] 33778K->10290K(107008K), 0.0004310 secs] [Times: user=0.00 sys=0.00, real=0.00 secs] 
24.235: Total time for which application threads were stopped: 0.0005410 seconds, Stopping threads took: 0.0000510 seconds
24.366: Application time: 0.1307960 seconds
24.366: [GC [PSYoungGen: 23824K->224K(24064K)] 33842K->10378K(107008K), 0.0004360 secs] [Times: user=0.00 sys=0.00, real=0.00 secs] 
24.366: Total time for which application threads were stopped: 0.0005540 seconds, Stopping threads took: 0.0000590 seconds
24.496: Application time: 0.1296150 seconds
24.496: [GC [PSYoungGen: 23776K->256K(24064K)] 33930K->10410K(107008K), 0.0004320 secs] [Times: user=0.00 sys=0.00, real=0.00 secs] 
24.497: Total time for which application threads were stopped: 0.0005620 seconds, Stopping threads took: 0.0000560 seconds
24.625: Application time: 0.1278550 seconds
24.625: [GC [PSYoungGen: 23808K->416K(24064K)] 33962K->10691K(107008K), 0.0005270 secs] [Times: user=0.00 sys=0.00, real=0.00 secs] 
24.625: Total time for which application threads were stopped: 0.0006470 seconds, Stopping threads took: 0.0000610 seconds
24.756: Application time: 0.1310780 seconds
24.756: [GC [PSYoungGen: 23968K->256K(24064K)] 34243K->10839K(107008K), 0.0004580 secs] [Times: user=0.00 sys=0.00, real=0.00 secs] 
24.757: Total time for which application threads were stopped: 0.0005910 seconds, Stopping threads took: 0.0000740 seconds
24.888: Application time: 0.1312360 seconds
24.888: [GC [PSYoungGen: 23808K->256K(24064K)] 34391K->10839K(107008K), 0.0003880 secs] [Times: user=0.00 sys=0.00, real=0.00 secs] 
24.889: Total time for which application threads were stopped: 0.0005040 seconds, Stopping threads took: 0.0000550 seconds
25.020: Application time: 0.1312890 seconds
25.020: [GC [PSYoungGen: 23808K->256K(24064K)] 34391K->10887K(107008K), 0.0004230 secs] [Times: user=0.00 sys=0.00, real=0.00 secs] 
25.020: Total time for which application threads were stopped: 0.0005520 seconds, Stopping threads took: 0.0000570 seconds
25.152: Application time: 0.1313820 seconds
25.152: [GC [PSYoungGen: 23808K->256K(24064K)] 34439K->11039K(107008K), 0.0004310 secs] [Times: user=0.00 sys=0.00, real=0.00 secs] 
25.152: Total time for which application threads were stopped: 0.0005420 seconds, Stopping threads took: 0.0000510 seconds
25.282: Application time: 0.1300420 seconds
25.282: [GC [PSYoungGen: 23808K->272K(24064K)] 34591K->11055K(107008K), 0.0004740 secs] [Times: user=0.01 sys=0.00, real=0.00 secs] 
25.283: Total time for which application threads were stopped: 0.0005880 seconds, Stopping threads took: 0.0000460 seconds
25.411: Application time: 0.1280770 seconds
25.411: [GC [PSYoungGen: 23824K->432K(24064K)] 34607K->11343K(107008K), 0.0005320 secs] [Times: user=0.00 sys=0.00, real=0.00 secs] 
25.412: Total time for which application threads were stopped: 0.0006490 seconds, Stopping threads took: 0.0000580 seconds
25.543: Application time: 0.1316660 seconds
25.543: [GC [PSYoungGen: 23984K->256K(24064K)] 34895K->11467K(107008K), 0.0004600 secs] [Times: user=0.00 sys=0.00, real=0.00 secs] 
25.544: Total time for which application threads were stopped: 0.0006000 seconds, Stopping threads took: 0.0000690 seconds
25.675: Application time: 0.1314010 seconds
25.675: [GC [PSYoungGen: 23808K->256K(24064K)] 35019K->11467K(107008K), 0.0004050 secs] [Times: user=0.00 sys=0.00, real=0.00 secs] 
25.676: Total time for which application threads were stopped: 0.0005180 seconds, Stopping threads took: 0.0000510 seconds
25.806: Application time: 0.1303690 seconds
25.806: [GC [PSYoungGen: 23808K->256K(24064K)] 35019K->11515K(107008K), 0.0004060 secs] [Times: user=0.00 sys=0.00, real=0.00 secs] 
25.807: Total time for which application threads were stopped: 0.0005170 seconds, Stopping threads took: 0.0000510 seconds
25.938: Application time: 0.1314500 seconds
25.938: [GC [PSYoungGen: 23808K->256K(24064K)] 35067K->11659K(107008K), 0.0004260 secs] [Times: user=0.00 sys=0.00, real=0.00 secs] 
25.939: Total time for which application threads were stopped: 0.0005470 seconds, Stopping threads took: 0.0000610 seconds
26.071: Application time: 0.1320990 seconds
26.071: [GC [PSYoungGen: 23808K->240K(24064K)] 35211K->11643K(107008K), 0.0004330 secs] [Times: user=0.00 sys=0.00, real=0.00 secs] 
26.071: Total time for which application threads were stopped: 0.0005670 seconds, Stopping threads took: 0.0000570 seconds
26.199: Application time: 0.1279840 seconds
26.200: [GC [PSYoungGen: 23792K->368K(24064K)] 35195K->11892K(107008K), 0.0004810 secs] [Times: user=0.00 sys=0.00, real=0.00 secs] 
26.200: Total time for which application threads were stopped: 0.0006000 seconds, Stopping threads took: 0.0000590 seconds
26.331: Application time: 0.1312730 seconds
26.331: [GC [PSYoungGen: 23920K->256K(24064K)] 35444K->12088K(107008K), 0.0004770 secs] [Times: user=0.00 sys=0.00, real=0.00 secs] 
26.332: Total time for which application threads were stopped: 0.0005930 seconds, Stopping threads took: 0.0000570 seconds
26.463: Application time: 0.1306300 seconds
26.463: [GC [PSYoungGen: 23808K->256K(24064K)] 35640K->12088K(107008K), 0.0004180 secs] [Times: user=0.01 sys=0.00, real=0.00 secs] 
26.463: Total time for which application threads were stopped: 0.0005400 seconds, Stopping threads took: 0.0000630 seconds
26.594: Application time: 0.1307990 seconds
26.594: [GC [PSYoungGen: 23808K->256K(24064K)] 35640K->12136K(107008K), 0.0004360 secs] [Times: user=0.00 sys=0.00, real=0.00 secs] 
26.594: Total time for which application threads were stopped: 0.0005660 seconds, Stopping threads took: 0.0000600 seconds
26.725: Application time: 0.1310070 seconds
26.726: [GC [PSYoungGen: 23808K->256K(24064K)] 35688K->12280K(107008K), 0.0004440 secs] [Times: user=0.00 sys=0.00, real=0.00 secs] 
26.726: Total time for which application threads were stopped: 0.0005690 seconds, Stopping threads took: 0.0000660 seconds
26.856: Application time: 0.1303190 seconds
26.856: [GC [PSYoungGen: 23808K->256K(24064K)] 35832K->12280K(107008K), 0.0004250 secs] [Times: user=0.00 sys=0.00, real=0.00 secs] 
26.857: Total time for which application threads were stopped: 0.0005340 seconds, Stopping threads took: 0.0000480 seconds
26.992: Application time: 0.1356000 seconds
26.993: [GC [PSYoungGen: 23808K->384K(24064K)] 35832K->12536K(107008K), 0.0004860 secs] [Times: user=0.00 sys=0.00, real=0.00 secs] 
26.993: Total time for which application threads were stopped: 0.0006200 seconds, Stopping threads took: 0.0000720 seconds
27.124: Application time: 0.1310420 seconds
27.124: [GC [PSYoungGen: 23936K->288K(24064K)] 36088K->12708K(107008K), 0.0004930 secs] [Times: user=0.00 sys=0.00, real=0.00 secs] 
27.125: Total time for which application threads were stopped: 0.0006340 seconds, Stopping threads took: 0.0000650 seconds
27.256: Application time: 0.1308020 seconds
27.256: [GC [PSYoungGen: 23840K->256K(24064K)] 36260K->12764K(107008K), 0.0004090 secs] [Times: user=0.00 sys=0.00, real=0.00 secs] 
27.256: Total time for which application threads were stopped: 0.0005220 seconds, Stopping threads took: 0.0000520 seconds
27.387: Application time: 0.1308990 seconds
27.387: [GC [PSYoungGen: 23808K->256K(24064K)] 36316K->12812K(107008K), 0.0004360 secs] [Times: user=0.00 sys=0.00, real=0.01 secs] 
27.388: Total time for which application threads were stopped: 0.0005610 seconds, Stopping threads took: 0.0000640 seconds
27.518: Application time: 0.1306060 seconds
27.518: [GC [PSYoungGen: 23808K->256K(24064K)] 36364K->12932K(107008K), 0.0004350 secs] [Times: user=0.00 sys=0.00, real=0.00 secs] 
27.519: Total time for which application threads were stopped: 0.0005560 seconds, Stopping threads took: 0.0000590 seconds
27.648: Application time: 0.1296670 seconds
27.649: [GC [PSYoungGen: 23808K->256K(24064K)] 36484K->12956K(107008K), 0.0004230 secs] [Times: user=0.00 sys=0.00, real=0.00 secs] 
27.649: Total time for which application threads were stopped: 0.0005540 seconds, Stopping threads took: 0.0000620 seconds
27.777: Application time: 0.1283180 seconds
27.777: [GC [PSYoungGen: 23808K->368K(24064K)] 36508K->13189K(107008K), 0.0004900 secs] [Times: user=0.00 sys=0.00, real=0.00 secs] 
27.778: Total time for which application threads were stopped: 0.0006050 seconds, Stopping threads took: 0.0000580 seconds
27.908: Application time: 0.1304040 seconds
27.908: [GC [PSYoungGen: 23920K->288K(24064K)] 36741K->13373K(107008K), 0.0004750 secs] [Times: user=0.00 sys=0.00, real=0.00 secs] 
27.909: Total time for which application threads were stopped: 0.0006000 seconds, Stopping threads took: 0.0000650 seconds
28.040: Application time: 0.1311760 seconds
28.040: [GC [PSYoungGen: 23840K->256K(24064K)] 36925K->13421K(107008K), 0.0004020 secs] [Times: user=0.00 sys=0.00, real=0.00 secs] 
28.041: Total time for which application threads were stopped: 0.0005140 seconds, Stopping threads took: 0.0000580 seconds
28.171: Application time: 0.1306540 seconds
28.171: [GC [PSYoungGen: 23808K->256K(24064K)] 36973K->13469K(107008K), 0.0004220 secs] [Times: user=0.00 sys=0.00, real=0.00 secs] 
28.172: Total time for which application threads were stopped: 0.0005420 seconds, Stopping threads took: 0.0000500 seconds
28.303: Application time: 0.1309450 seconds
28.303: [GC [PSYoungGen: 23808K->256K(24064K)] 37021K->13589K(107008K), 0.0004290 secs] [Times: user=0.00 sys=0.00, real=0.00 secs] 
28.303: Total time for which application threads were stopped: 0.0005440 seconds, Stopping threads took: 0.0000540 seconds
28.433: Application time: 0.1298630 seconds
28.433: [GC [PSYoungGen: 23808K->256K(24064K)] 37141K->13613K(107008K), 0.0004220 secs] [Times: user=0.00 sys=0.00, real=0.00 secs] 
28.434: Total time for which application threads were stopped: 0.0005370 seconds, Stopping threads took: 0.0000560 seconds
28.562: Application time: 0.1281340 seconds
28.562: [GC [PSYoungGen: 23808K->368K(24064K)] 37165K->13845K(107008K), 0.0004810 secs] [Times: user=0.00 sys=0.00, real=0.00 secs] 
28.562: Total time for which application threads were stopped: 0.0005950 seconds, Stopping threads took: 0.0000530 seconds
28.693: Application time: 0.1306990 seconds
28.693: [GC [PSYoungGen: 23920K->288K(24064K)] 37397K->14017K(107008K), 0.0004600 secs] [Times: user=0.00 sys=0.00, real=0.00 secs] 
28.694: Total time for which application threads were stopped: 0.0005950 seconds, Stopping threads took: 0.0000580 seconds
28.825: Application time: 0.1310200 seconds
28.825: [GC [PSYoungGen: 23840K->256K(24064K)] 37569K->14049K(107008K), 0.0004220 secs] [Times: user=0.00 sys=0.00, real=0.00 secs] 
28.825: Total time for which application threads were stopped: 0.0005360 seconds, Stopping threads took: 0.0000570 seconds
28.956: Application time: 0.1307340 seconds
28.956: [GC [PSYoungGen: 23808K->224K(24064K)] 37601K->14065K(107008K), 0.0004510 secs] [Times: user=0.00 sys=0.00, real=0.00 secs] 
28.957: Total time for which application threads were stopped: 0.0005690 seconds, Stopping threads took: 0.0000600 seconds
29.088: Application time: 0.1309400 seconds
29.088: [GC [PSYoungGen: 23776K->256K(24064K)] 37617K->14217K(107008K), 0.0004290 secs] [Times: user=0.00 sys=0.00, real=0.00 secs] 
29.088: Total time for which application threads were stopped: 0.0005520 seconds, Stopping threads took: 0.0000650 seconds
29.217: Application time: 0.1293490 seconds
29.218: [GC [PSYoungGen: 23808K->272K(24064K)] 37769K->14257K(107008K), 0.0004230 secs] [Times: user=0.00 sys=0.00, real=0.00 secs] 
29.218: Total time for which application threads were stopped: 0.0005440 seconds, Stopping threads took: 0.0000510 seconds
29.346: Application time: 0.1284800 seconds
29.347: [GC [PSYoungGen: 23824K->320K(24064K)] 37809K->14426K(107008K), 0.0005440 secs] [Times: user=0.01 sys=0.00, real=0.00 secs] 
29.347: Total time for which application threads were stopped: 0.0006640 seconds, Stopping threads took: 0.0000600 seconds
29.477: Application time: 0.1303360 seconds
29.478: [GC [PSYoungGen: 23872K->288K(24064K)] 37978K->14650K(107008K), 0.0004550 secs] [Times: user=0.01 sys=0.00, real=0.00 secs] 
29.478: Total time for which application threads were stopped: 0.0005710 seconds, Stopping threads took: 0.0000560 seconds
29.609: Application time: 0.1309730 seconds
29.609: [GC [PSYoungGen: 23840K->256K(24064K)] 38202K->14698K(107008K), 0.0004140 secs] [Times: user=0.00 sys=0.00, real=0.00 secs] 
29.610: Total time for which application threads were stopped: 0.0005270 seconds, Stopping threads took: 0.0000510 seconds
29.740: Application time: 0.1304540 seconds
29.740: [GC [PSYoungGen: 23808K->256K(24064K)] 38250K->14746K(107008K), 0.0004140 secs] [Times: user=0.00 sys=0.00, real=0.00 secs] 
29.741: Total time for which application threads were stopped: 0.0005420 seconds, Stopping threads took: 0.0000610 seconds
29.872: Application time: 0.1311400 seconds
29.872: [GC [PSYoungGen: 23808K->256K(24064K)] 38298K->14866K(107008K), 0.0004260 secs] [Times: user=0.00 sys=0.00, real=0.00 secs] 
29.872: Total time for which application threads were stopped: 0.0005470 seconds, Stopping threads took: 0.0000570 seconds
30.002: Application time: 0.1298880 seconds
30.002: [GC [PSYoungGen: 23808K->288K(24064K)] 38418K->14922K(107008K), 0.0004570 secs] [Times: user=0.00 sys=0.00, real=0.00 secs] 
30.003: Total time for which application threads were stopped: 0.0005810 seconds, Stopping threads took: 0.0000610 seconds
30.132: Application time: 0.1290670 seconds
30.132: [GC [PSYoungGen: 23840K->336K(24064K)] 38474K->15098K(107008K), 0.0004910 secs] [Times: user=0.00 sys=0.00, real=0.00 secs] 
30.132: Total time for which application threads were stopped: 0.0005970 seconds, Stopping threads took: 0.0000480 seconds
30.262: Application time: 0.1298650 seconds
30.262: [GC [PSYoungGen: 23888K->256K(24064K)] 38650K->15282K(107008K), 0.0004680 secs] [Times: user=0.01 sys=0.00, real=0.00 secs] 
30.263: Total time for which application threads were stopped: 0.0005970 seconds, Stopping threads took: 0.0000630 seconds
30.394: Application time: 0.1314610 seconds
30.394: [GC [PSYoungGen: 23808K->256K(24064K)] 38834K->15370K(107008K), 0.0004250 secs] [Times: user=0.01 sys=0.00, real=0.00 secs] 
30.395: Total time for which application threads were stopped: 0.0005420 seconds, Stopping threads took: 0.0000580 seconds
30.525: Application time: 0.1304150 seconds
30.525: [GC [PSYoungGen: 23808K->240K(24064K)] 38922K->15402K(107008K), 0.0004510 secs] [Times: user=0.00 sys=0.00, real=0.00 secs] 
30.526: Total time for which application threads were stopped: 0.0005660 seconds, Stopping threads took: 0.0000560 seconds
30.657: Application time: 0.1312410 seconds
30.657: [GC [PSYoungGen: 23792K->256K(24064K)] 38954K->15538K(107008K), 0.0004230 secs] [Times: user=0.00 sys=0.00, real=0.00 secs] 
30.658: Total time for which application threads were stopped: 0.0005490 seconds, Stopping threads took: 0.0000600 seconds
30.788: Application time: 0.1299350 seconds
30.788: [GC [PSYoungGen: 23808K->272K(24064K)] 39090K->15578K(107008K), 0.0004060 secs] [Times: user=0.01 sys=0.00, real=0.00 secs] 
30.788: Total time for which application threads were stopped: 0.0005370 seconds, Stopping threads took: 0.0000600 seconds
30.916: Application time: 0.1281650 seconds
30.916: [GC [PSYoungGen: 23824K->384K(24064K)] 39130K->15819K(107008K), 0.0004910 secs] [Times: user=0.00 sys=0.00, real=0.00 secs] 
30.917: Total time for which application threads were stopped: 0.0006030 seconds, Stopping threads took: 0.0000490 seconds
31.048: Application time: 0.1308140 seconds
31.048: [GC [PSYoungGen: 23936K->288K(24064K)] 39371K->15979K(107008K), 0.0004470 secs] [Times: user=0.01 sys=0.00, real=0.00 secs] 
31.048: Total time for which application threads were stopped: 0.0005680 seconds, Stopping threads took: 0.0000620 seconds
31.179: Application time: 0.1306690 seconds
31.179: [GC [PSYoungGen: 23840K->256K(24064K)] 39531K->16027K(107008K), 0.0004020 secs] [Times: user=0.00 sys=0.00, real=0.00 secs] 
31.179: Total time for which application threads were stopped: 0.0005190 seconds, Stopping threads took: 0.0000570 seconds
31.310: Application time: 0.1305900 seconds
31.310: [GC [PSYoungGen: 23808K->256K(24064K)] 39579K->16075K(107008K), 0.0004230 secs] [Times: user=0.00 sys=0.00, real=0.00 secs] 
31.311: Total time for which application threads were stopped: 0.0005480 seconds, Stopping threads took: 0.0000570 seconds
31.442: Application time: 0.1309440 seconds
31.442: [GC [PSYoungGen: 23808K->224K(24064K)] 39627K->16163K(107008K), 0.0004420 secs] [Times: user=0.00 sys=0.00, real=0.00 secs] 
31.442: Total time for which application threads were stopped: 0.0005550 seconds, Stopping threads took: 0.0000540 seconds
31.572: Application time: 0.1301210 seconds
31.572: [GC [PSYoungGen: 23776K->256K(24064K)] 39715K->16219K(107008K), 0.0004050 secs] [Times: user=0.00 sys=0.00, real=0.00 secs] 
31.573: Total time for which application threads were stopped: 0.0005330 seconds, Stopping threads took: 0.0000700 seconds
31.701: Application time: 0.1283210 seconds
31.701: [GC [PSYoungGen: 23808K->352K(24064K)] 39771K->16443K(107008K), 0.0004750 secs] [Times: user=0.00 sys=0.00, real=0.00 secs] 
31.702: Total time for which application threads were stopped: 0.0005920 seconds, Stopping threads took: 0.0000580 seconds
31.833: Application time: 0.1308470 seconds
31.833: [GC [PSYoungGen: 23904K->256K(24064K)] 39995K->16607K(107008K), 0.0004870 secs] [Times: user=0.00 sys=0.00, real=0.00 secs] 
31.833: Total time for which application threads were stopped: 0.0006110 seconds, Stopping threads took: 0.0000530 seconds
31.964: Application time: 0.1305300 seconds
31.964: [GC [PSYoungGen: 23808K->256K(24064K)] 40159K->16687K(107008K), 0.0004610 secs] [Times: user=0.00 sys=0.00, real=0.00 secs] 
31.964: Total time for which application threads were stopped: 0.0005860 seconds, Stopping threads took: 0.0000670 seconds
32.095: Application time: 0.1310950 seconds
32.095: [GC [PSYoungGen: 23808K->256K(24064K)] 40239K->16735K(107008K), 0.0004270 secs] [Times: user=0.00 sys=0.00, real=0.00 secs] 
32.096: Total time for which application threads were stopped: 0.0005460 seconds, Stopping threads took: 0.0000580 seconds
32.227: Application time: 0.1312780 seconds
32.227: [GC [PSYoungGen: 23808K->224K(24064K)] 40287K->16823K(107008K), 0.0004560 secs] [Times: user=0.00 sys=0.00, real=0.01 secs] 
32.228: Total time for which application threads were stopped: 0.0005690 seconds, Stopping threads took: 0.0000540 seconds
32.357: Application time: 0.1295350 seconds
32.357: [GC [PSYoungGen: 23776K->256K(24064K)] 40375K->16879K(107008K), 0.0004200 secs] [Times: user=0.00 sys=0.00, real=0.00 secs] 
32.358: Total time for which application threads were stopped: 0.0005360 seconds, Stopping threads took: 0.0000430 seconds
32.486: Application time: 0.1281850 seconds
32.486: [GC [PSYoungGen: 23808K->336K(24064K)] 40431K->17072K(107008K), 0.0004890 secs] [Times: user=0.00 sys=0.00, real=0.00 secs] 
32.487: Total time for which application threads were stopped: 0.0006050 seconds, Stopping threads took: 0.0000540 seconds
32.618: Application time: 0.1309670 seconds
32.618: [GC [PSYoungGen: 23888K->256K(24064K)] 40624K->17248K(107008K), 0.0004610 secs] [Times: user=0.00 sys=0.00, real=0.00 secs] 
32.618: Total time for which application threads were stopped: 0.0005770 seconds, Stopping threads took: 0.0000570 seconds
32.749: Application time: 0.1309750 seconds
32.749: [GC [PSYoungGen: 23808K->224K(24064K)] 40800K->17288K(107008K), 0.0004540 secs] [Times: user=0.00 sys=0.00, real=0.00 secs] 
32.750: Total time for which application threads were stopped: 0.0005650 seconds, Stopping threads took: 0.0000520 seconds
32.880: Application time: 0.1305620 seconds
32.880: [GC [PSYoungGen: 23776K->240K(24064K)] 40840K->17352K(107008K), 0.0004440 secs] [Times: user=0.00 sys=0.00, real=0.00 secs] 
32.881: Total time for which application threads were stopped: 0.0005670 seconds, Stopping threads took: 0.0000550 seconds
33.012: Application time: 0.1312340 seconds
33.012: [GC [PSYoungGen: 23792K->256K(24064K)] 40904K->17488K(107008K), 0.0004300 secs] [Times: user=0.00 sys=0.00, real=0.00 secs] 
33.013: Total time for which application threads were stopped: 0.0005490 seconds, Stopping threads took: 0.0000580 seconds
33.142: Application time: 0.1297750 seconds
33.142: [GC [PSYoungGen: 23808K->272K(24064K)] 41040K->17528K(107008K), 0.0004220 secs] [Times: user=0.00 sys=0.00, real=0.00 secs] 
33.143: Total time for which application threads were stopped: 0.0005480 seconds, Stopping threads took: 0.0000640 seconds
33.271: Application time: 0.1280700 seconds
33.271: [GC [PSYoungGen: 23824K->336K(24064K)] 41080K->17712K(107008K), 0.0005030 secs] [Times: user=0.00 sys=0.00, real=0.00 secs] 
33.272: Total time for which application threads were stopped: 0.0006220 seconds, Stopping threads took: 0.0000580 seconds
33.403: Application time: 0.1310930 seconds
33.403: [GC [PSYoungGen: 23888K->272K(24064K)] 41264K->17908K(107008K), 0.0004960 secs] [Times: user=0.00 sys=0.00, real=0.00 secs] 
33.403: Total time for which application threads were stopped: 0.0006190 seconds, Stopping threads took: 0.0000540 seconds
33.534: Application time: 0.1308270 seconds
33.534: [GC [PSYoungGen: 23824K->256K(24064K)] 41460K->17980K(107008K), 0.0004170 secs] [Times: user=0.00 sys=0.00, real=0.00 secs] 
33.535: Total time for which application threads were stopped: 0.0005290 seconds, Stopping threads took: 0.0000550 seconds
33.665: Application time: 0.1299780 seconds
33.665: [GC [PSYoungGen: 23808K->240K(24064K)] 41532K->18012K(107008K), 0.0004620 secs] [Times: user=0.00 sys=0.00, real=0.00 secs] 
33.665: Total time for which application threads were stopped: 0.0005730 seconds, Stopping threads took: 0.0000510 seconds
33.796: Application time: 0.1308530 seconds
33.796: [GC [PSYoungGen: 23792K->256K(24064K)] 41564K->18148K(107008K), 0.0004300 secs] [Times: user=0.00 sys=0.00, real=0.00 secs] 
33.797: Total time for which application threads were stopped: 0.0005400 seconds, Stopping threads took: 0.0000500 seconds
33.927: Application time: 0.1299150 seconds
33.927: [GC [PSYoungGen: 23808K->240K(24064K)] 41700K->18157K(107008K), 0.0004440 secs] [Times: user=0.00 sys=0.00, real=0.00 secs] 
33.927: Total time for which application threads were stopped: 0.0005600 seconds, Stopping threads took: 0.0000510 seconds
34.056: Application time: 0.1287070 seconds
34.056: [GC [PSYoungGen: 23792K->368K(24064K)] 41709K->18405K(107008K), 0.0004960 secs] [Times: user=0.01 sys=0.00, real=0.00 secs] 
34.056: Total time for which application threads were stopped: 0.0006080 seconds, Stopping threads took: 0.0000500 seconds
34.186: Application time: 0.1299610 seconds
34.187: [GC [PSYoungGen: 23920K->256K(24064K)] 41957K->18561K(107008K), 0.0004750 secs] [Times: user=0.01 sys=0.00, real=0.00 secs] 
34.187: Total time for which application threads were stopped: 0.0005910 seconds, Stopping threads took: 0.0000540 seconds
34.318: Application time: 0.1307810 seconds
34.318: [GC [PSYoungGen: 23808K->256K(24064K)] 42113K->18641K(107008K), 0.0004300 secs] [Times: user=0.00 sys=0.00, real=0.00 secs] 
34.318: Total time for which application threads were stopped: 0.0005460 seconds, Stopping threads took: 0.0000590 seconds
34.449: Application time: 0.1308880 seconds
34.449: [GC [PSYoungGen: 23808K->256K(24064K)] 42193K->18689K(107008K), 0.0004150 secs] [Times: user=0.00 sys=0.00, real=0.00 secs] 
34.450: Total time for which application threads were stopped: 0.0005570 seconds, Stopping threads took: 0.0000680 seconds
34.581: Application time: 0.1315960 seconds
34.581: [GC [PSYoungGen: 23808K->256K(24064K)] 42241K->18809K(107008K), 0.0004190 secs] [Times: user=0.00 sys=0.00, real=0.00 secs] 
34.582: Total time for which application threads were stopped: 0.0005350 seconds, Stopping threads took: 0.0000560 seconds
34.712: Application time: 0.1301150 seconds
34.712: [GC [PSYoungGen: 23808K->256K(24064K)] 42361K->18833K(107008K), 0.0004660 secs] [Times: user=0.00 sys=0.00, real=0.00 secs] 
34.713: Total time for which application threads were stopped: 0.0005860 seconds, Stopping threads took: 0.0000620 seconds
34.841: Application time: 0.1286670 seconds
34.841: [GC [PSYoungGen: 23808K->400K(24064K)] 42385K->19097K(107008K), 0.0004920 secs] [Times: user=0.00 sys=0.00, real=0.00 secs] 
34.842: Total time for which application threads were stopped: 0.0006100 seconds, Stopping threads took: 0.0000590 seconds
34.972: Application time: 0.1301550 seconds
34.972: [GC [PSYoungGen: 23952K->272K(24064K)] 42649K->19229K(107008K), 0.0004770 secs] [Times: user=0.00 sys=0.00, real=0.00 secs] 
34.973: Total time for which application threads were stopped: 0.0006100 seconds, Stopping threads took: 0.0000560 seconds
35.103: Application time: 0.1307620 seconds
35.104: [GC [PSYoungGen: 23824K->224K(24064K)] 42781K->19261K(107008K), 0.0004210 secs] [Times: user=0.00 sys=0.00, real=0.00 secs] 
35.104: Total time for which application threads were stopped: 0.0005420 seconds, Stopping threads took: 0.0000630 seconds
35.234: Application time: 0.1304670 seconds
35.235: [GC [PSYoungGen: 23775K->256K(24064K)] 42813K->19341K(107008K), 0.0004060 secs] [Times: user=0.00 sys=0.00, real=0.00 secs] 
35.235: Total time for which application threads were stopped: 0.0005270 seconds, Stopping threads took: 0.0000620 seconds
35.366: Application time: 0.1313640 seconds
35.366: [GC [PSYoungGen: 23808K->256K(24064K)] 42893K->19462K(107008K), 0.0004650 secs] [Times: user=0.00 sys=0.00, real=0.00 secs] 
35.367: Total time for which application threads were stopped: 0.0005800 seconds, Stopping threads took: 0.0000550 seconds
35.496: Application time: 0.1293750 seconds
35.496: [GC [PSYoungGen: 23808K->272K(24064K)] 43014K->19502K(107008K), 0.0004380 secs] [Times: user=0.00 sys=0.00, real=0.00 secs] 
35.497: Total time for which application threads were stopped: 0.0005730 seconds, Stopping threads took: 0.0000650 seconds
35.626: Application time: 0.1293650 seconds
35.626: [GC [PSYoungGen: 23824K->320K(24064K)] 43054K->19678K(107008K), 0.0004470 secs] [Times: user=0.01 sys=0.00, real=0.00 secs] 
35.627: Total time for which application threads were stopped: 0.0005560 seconds, Stopping threads took: 0.0000510 seconds
35.758: Application time: 0.1309410 seconds
35.758: [GC [PSYoungGen: 23872K->160K(24064K)] 43230K->19762K(107008K), 0.0005330 secs] [Times: user=0.00 sys=0.00, real=0.00 secs] 
35.758: Total time for which application threads were stopped: 0.0006470 seconds, Stopping threads took: 0.0000520 seconds
35.889: Application time: 0.1307160 seconds
35.889: [GC [PSYoungGen: 23712K->192K(24064K)] 43314K->19874K(107008K), 0.0005120 secs] [Times: user=0.00 sys=0.00, real=0.00 secs] 
35.890: Total time for which application threads were stopped: 0.0006220 seconds, Stopping threads took: 0.0000510 seconds
36.020: Application time: 0.1305860 seconds
36.020: [GC [PSYoungGen: 23744K->256K(24064K)] 43426K->19986K(107008K), 0.0004040 secs] [Times: user=0.00 sys=0.00, real=0.00 secs] 
36.021: Total time for which application threads were stopped: 0.0005340 seconds, Stopping threads took: 0.0000550 seconds
36.152: Application time: 0.1307370 seconds
36.152: [GC [PSYoungGen: 23808K->256K(24064K)] 43538K->20106K(107008K), 0.0004550 secs] [Times: user=0.00 sys=0.00, real=0.00 secs] 
36.152: Total time for which application threads were stopped: 0.0005680 seconds, Stopping threads took: 0.0000540 seconds
36.282: Application time: 0.1300860 seconds
36.282: [GC [PSYoungGen: 23808K->224K(24064K)] 43658K->20098K(107008K), 0.0004340 secs] [Times: user=0.00 sys=0.00, real=0.00 secs] 
36.283: Total time for which application threads were stopped: 0.0005530 seconds, Stopping threads took: 0.0000600 seconds
36.411: Application time: 0.1286340 seconds
36.412: [GC [PSYoungGen: 23776K->304K(24064K)] 43650K->20298K(107008K), 0.0004880 secs] [Times: user=0.00 sys=0.00, real=0.00 secs] 
36.412: Total time for which application threads were stopped: 0.0006060 seconds, Stopping threads took: 0.0000570 seconds
36.542: Application time: 0.1300900 seconds
36.542: [GC [PSYoungGen: 23856K->304K(24064K)] 43850K->20566K(107008K), 0.0004840 secs] [Times: user=0.00 sys=0.00, real=0.00 secs] 
36.543: Total time for which application threads were stopped: 0.0006090 seconds, Stopping threads took: 0.0000580 seconds
36.674: Application time: 0.1310230 seconds
36.674: [GC [PSYoungGen: 23856K->256K(24064K)] 44118K->20606K(107008K), 0.0004260 secs] [Times: user=0.00 sys=0.00, real=0.00 secs] 
36.674: Total time for which application threads were stopped: 0.0005390 seconds, Stopping threads took: 0.0000550 seconds
36.805: Application time: 0.1302590 seconds
36.805: [GC [PSYoungGen: 23808K->240K(24064K)] 44158K->20638K(107008K), 0.0004480 secs] [Times: user=0.00 sys=0.00, real=0.00 secs] 
36.805: Total time for which application threads were stopped: 0.0005700 seconds, Stopping threads took: 0.0000600 seconds
36.937: Application time: 0.1314410 seconds
36.937: [GC [PSYoungGen: 23792K->256K(24064K)] 44190K->20775K(107008K), 0.0004730 secs] [Times: user=0.00 sys=0.00, real=0.00 secs] 
36.937: Total time for which application threads were stopped: 0.0006050 seconds, Stopping threads took: 0.0000700 seconds
37.068: Application time: 0.1307760 seconds
37.068: [GC [PSYoungGen: 23808K->240K(24064K)] 44327K->20783K(107008K), 0.0004540 secs] [Times: user=0.01 sys=0.00, real=0.00 secs] 
37.070: Total time for which application threads were stopped: 0.0017540 seconds, Stopping threads took: 0.0000530 seconds
37.198: Application time: 0.1282500 seconds
37.198: [GC [PSYoungGen: 23792K->352K(24064K)] 44335K->21015K(107008K), 0.0005100 secs] [Times: user=0.00 sys=0.00, real=0.00 secs] 
37.199: Total time for which application threads were stopped: 0.0006320 seconds, Stopping threads took: 0.0000590 seconds
37.328: Application time: 0.1298180 seconds
37.329: [GC [PSYoungGen: 23904K->288K(24064K)] 44567K->21199K(107008K), 0.0005080 secs] [Times: user=0.00 sys=0.00, real=0.00 secs] 
37.329: Total time for which application threads were stopped: 0.0006350 seconds, Stopping threads took: 0.0000590 seconds
37.460: Application time: 0.1309650 seconds
37.460: [GC [PSYoungGen: 23840K->256K(24064K)] 44751K->21247K(107008K), 0.0004360 secs] [Times: user=0.00 sys=0.00, real=0.00 secs] 
37.461: Total time for which application threads were stopped: 0.0005540 seconds, Stopping threads took: 0.0000560 seconds
37.591: Application time: 0.1303760 seconds
37.591: [GC [PSYoungGen: 23808K->256K(24064K)] 44799K->21295K(107008K), 0.0004120 secs] [Times: user=0.00 sys=0.00, real=0.00 secs] 
37.592: Total time for which application threads were stopped: 0.0005510 seconds, Stopping threads took: 0.0000640 seconds
37.723: Application time: 0.1309950 seconds
37.723: [GC [PSYoungGen: 23808K->224K(24064K)] 44847K->21383K(107008K), 0.0004540 secs] [Times: user=0.00 sys=0.00, real=0.00 secs] 
37.723: Total time for which application threads were stopped: 0.0005780 seconds, Stopping threads took: 0.0000610 seconds
37.853: Application time: 0.1298700 seconds
37.853: [GC [PSYoungGen: 23776K->288K(24064K)] 44935K->21471K(107008K), 0.0004190 secs] [Times: user=0.00 sys=0.00, real=0.00 secs] 
37.854: Total time for which application threads were stopped: 0.0005290 seconds, Stopping threads took: 0.0000510 seconds
37.982: Application time: 0.1280860 seconds
37.982: [GC [PSYoungGen: 23840K->368K(24064K)] 45023K->21683K(107008K), 0.0005040 secs] [Times: user=0.01 sys=0.00, real=0.00 secs] 
37.982: Total time for which application threads were stopped: 0.0006240 seconds, Stopping threads took: 0.0000560 seconds
38.113: Application time: 0.1307600 seconds
38.113: [GC [PSYoungGen: 23920K->224K(24064K)] 45235K->21799K(107008K), 0.0005020 secs] [Times: user=0.00 sys=0.00, real=0.00 secs] 
38.114: Total time for which application threads were stopped: 0.0006320 seconds, Stopping threads took: 0.0000560 seconds
38.245: Application time: 0.1312920 seconds
38.245: [GC [PSYoungGen: 23776K->256K(24064K)] 45351K->21911K(107008K), 0.0004720 secs] [Times: user=0.00 sys=0.00, real=0.00 secs] 
38.246: Total time for which application threads were stopped: 0.0005940 seconds, Stopping threads took: 0.0000590 seconds
38.376: Application time: 0.1307310 seconds
38.376: [GC [PSYoungGen: 23808K->256K(24064K)] 45463K->21960K(107008K), 0.0004280 secs] [Times: user=0.00 sys=0.00, real=0.00 secs] 
38.377: Total time for which application threads were stopped: 0.0005480 seconds, Stopping threads took: 0.0000530 seconds
38.508: Application time: 0.1315480 seconds
38.508: [GC [PSYoungGen: 23808K->256K(24064K)] 45512K->22080K(107008K), 0.0004220 secs] [Times: user=0.00 sys=0.00, real=0.00 secs] 
38.509: Total time for which application threads were stopped: 0.0005430 seconds, Stopping threads took: 0.0000540 seconds
38.646: Application time: 0.1366060 seconds
38.646: [GC [PSYoungGen: 23808K->256K(24064K)] 45632K->22104K(107008K), 0.0004490 secs] [Times: user=0.00 sys=0.00, real=0.00 secs] 
38.646: Total time for which application threads were stopped: 0.0005800 seconds, Stopping threads took: 0.0000550 seconds
38.787: Application time: 0.1413280 seconds
38.788: [GC [PSYoungGen: 23808K->320K(24064K)] 45656K->22296K(107008K), 0.0005210 secs] [Times: user=0.00 sys=0.00, real=0.00 secs] 
38.788: Total time for which application threads were stopped: 0.0006640 seconds, Stopping threads took: 0.0000790 seconds
38.931: Application time: 0.1428810 seconds
38.931: [GC [PSYoungGen: 23872K->224K(24064K)] 45848K->22440K(107008K), 0.0005310 secs] [Times: user=0.00 sys=0.00, real=0.00 secs] 
38.932: Total time for which application threads were stopped: 0.0006580 seconds, Stopping threads took: 0.0000560 seconds
39.076: Application time: 0.1444810 seconds
39.076: [GC [PSYoungGen: 23776K->256K(24064K)] 45992K->22544K(107008K), 0.0004480 secs] [Times: user=0.00 sys=0.00, real=0.00 secs] 
39.077: Total time for which application threads were stopped: 0.0005840 seconds, Stopping threads took: 0.0000700 seconds
39.221: Application time: 0.1439290 seconds
39.221: [GC [PSYoungGen: 23808K->256K(24064K)] 46096K->22592K(107008K), 0.0004710 secs] [Times: user=0.00 sys=0.00, real=0.00 secs] 
39.221: Total time for which application threads were stopped: 0.0006050 seconds, Stopping threads took: 0.0000600 seconds
39.365: Application time: 0.1442310 seconds
39.366: [GC [PSYoungGen: 23808K->256K(24064K)] 46144K->22712K(107008K), 0.0004560 secs] [Times: user=0.00 sys=0.00, real=0.00 secs] 
39.366: Total time for which application threads were stopped: 0.0005770 seconds, Stopping threads took: 0.0000560 seconds
39.509: Application time: 0.1428360 seconds
39.509: [GC [PSYoungGen: 23808K->256K(24064K)] 46264K->22736K(107008K), 0.0004310 secs] [Times: user=0.00 sys=0.00, real=0.00 secs] 
39.509: Total time for which application threads were stopped: 0.0005530 seconds, Stopping threads took: 0.0000540 seconds
39.650: Application time: 0.1409190 seconds
39.650: [GC [PSYoungGen: 23808K->352K(24064K)] 46288K->22936K(107008K), 0.0005660 secs] [Times: user=0.00 sys=0.00, real=0.00 secs] 
39.651: Total time for which application threads were stopped: 0.0006900 seconds, Stopping threads took: 0.0000550 seconds
39.795: Application time: 0.1437740 seconds
39.795: [GC [PSYoungGen: 23904K->288K(24064K)] 46488K->23104K(107008K), 0.0005290 secs] [Times: user=0.00 sys=0.00, real=0.00 secs] 
39.795: Total time for which application threads were stopped: 0.0006680 seconds, Stopping threads took: 0.0000630 seconds
39.940: Application time: 0.1443280 seconds
39.940: [GC [PSYoungGen: 23840K->256K(24064K)] 46656K->23176K(107008K), 0.0004510 secs] [Times: user=0.00 sys=0.00, real=0.00 secs] 
39.940: Total time for which application threads were stopped: 0.0005720 seconds, Stopping threads took: 0.0000540 seconds
40.084: Application time: 0.1434500 seconds
40.084: [GC [PSYoungGen: 23808K->256K(24064K)] 46728K->23225K(107008K), 0.0004670 secs] [Times: user=0.00 sys=0.00, real=0.00 secs] 
40.084: Total time for which application threads were stopped: 0.0005880 seconds, Stopping threads took: 0.0000560 seconds
40.228: Application time: 0.1437300 seconds
40.228: [GC [PSYoungGen: 23808K->256K(24064K)] 46777K->23321K(107008K), 0.0004600 secs] [Times: user=0.01 sys=0.00, real=0.00 secs] 
40.229: Total time for which application threads were stopped: 0.0005860 seconds, Stopping threads took: 0.0000610 seconds
40.372: Application time: 0.1433400 seconds
40.372: [GC [PSYoungGen: 23808K->224K(24064K)] 46873K->23337K(107008K), 0.0004720 secs] [Times: user=0.00 sys=0.00, real=0.00 secs] 
40.373: Total time for which application threads were stopped: 0.0006050 seconds, Stopping threads took: 0.0000570 seconds
40.515: Application time: 0.1425780 seconds
40.515: [GC [PSYoungGen: 23776K->336K(24064K)] 46889K->23577K(107008K), 0.0005100 secs] [Times: user=0.00 sys=0.00, real=0.00 secs] 
40.516: Total time for which application threads were stopped: 0.0006230 seconds, Stopping threads took: 0.0000470 seconds
40.659: Application time: 0.1429610 seconds
40.659: [GC [PSYoungGen: 23888K->288K(24064K)] 47129K->23737K(107008K), 0.0005230 secs] [Times: user=0.00 sys=0.00, real=0.01 secs] 
40.660: Total time for which application threads were stopped: 0.0006440 seconds, Stopping threads took: 0.0000540 seconds
40.804: Application time: 0.1441710 seconds
40.804: [GC [PSYoungGen: 23840K->224K(24064K)] 47289K->23785K(107008K), 0.0004860 secs] [Times: user=0.00 sys=0.00, real=0.00 secs] 
40.804: Total time for which application threads were stopped: 0.0006030 seconds, Stopping threads took: 0.0000520 seconds
40.947: Application time: 0.1428780 seconds
40.947: [GC [PSYoungGen: 23776K->208K(24064K)] 47337K->23817K(107008K), 0.0004630 secs] [Times: user=0.00 sys=0.00, real=0.01 secs] 
40.948: Total time for which application threads were stopped: 0.0005990 seconds, Stopping threads took: 0.0000570 seconds
41.092: Application time: 0.1443840 seconds
41.092: [GC [PSYoungGen: 23760K->256K(24064K)] 47369K->23961K(107008K), 0.0004460 secs] [Times: user=0.00 sys=0.00, real=0.00 secs] 
41.093: Total time for which application threads were stopped: 0.0005660 seconds, Stopping threads took: 0.0000480 seconds
41.235: Application time: 0.1425680 seconds
41.235: [GC [PSYoungGen: 23808K->272K(24064K)] 47513K->24025K(107008K), 0.0004590 secs] [Times: user=0.00 sys=0.00, real=0.00 secs] 
41.236: Total time for which application threads were stopped: 0.0006110 seconds, Stopping threads took: 0.0000840 seconds
41.378: Application time: 0.1418110 seconds
41.378: [GC [PSYoungGen: 23824K->352K(24064K)] 47577K->24225K(107008K), 0.0005750 secs] [Times: user=0.01 sys=0.00, real=0.00 secs] 
41.378: Total time for which application threads were stopped: 0.0006970 seconds, Stopping threads took: 0.0000570 seconds
41.522: Application time: 0.1432330 seconds
41.522: [GC [PSYoungGen: 23904K->256K(24064K)] 47777K->24349K(107008K), 0.0005180 secs] [Times: user=0.00 sys=0.00, real=0.00 secs] 
41.522: Total time for which application threads were stopped: 0.0006600 seconds, Stopping threads took: 0.0000650 seconds
41.666: Application time: 0.1438690 seconds
41.666: [GC [PSYoungGen: 23808K->192K(24064K)] 47901K->24397K(107008K), 0.0006410 secs] [Times: user=0.00 sys=0.00, real=0.00 secs] 
41.667: Total time for which application threads were stopped: 0.0007690 seconds, Stopping threads took: 0.0000520 seconds
41.810: Application time: 0.1433500 seconds
41.810: [GC [PSYoungGen: 23744K->256K(24064K)] 47949K->24510K(107008K), 0.0004470 secs] [Times: user=0.00 sys=0.00, real=0.00 secs] 
41.811: Total time for which application threads were stopped: 0.0005710 seconds, Stopping threads took: 0.0000590 seconds
41.955: Application time: 0.1442670 seconds
41.955: [GC [PSYoungGen: 23808K->224K(24064K)] 48062K->24574K(107008K), 0.0004440 secs] [Times: user=0.00 sys=0.00, real=0.00 secs] 
41.956: Total time for which application threads were stopped: 0.0005650 seconds, Stopping threads took: 0.0000550 seconds
42.099: Application time: 0.1430410 seconds
42.099: [GC [PSYoungGen: 23776K->256K(24064K)] 48126K->24654K(107008K), 0.0004680 secs] [Times: user=0.00 sys=0.00, real=0.01 secs] 
42.100: Total time for which application threads were stopped: 0.0016810 seconds, Stopping threads took: 0.0000610 seconds
42.243: Application time: 0.1421510 seconds
42.243: [GC [PSYoungGen: 23808K->320K(24064K)] 48206K->24846K(107008K), 0.0005360 secs] [Times: user=0.00 sys=0.00, real=0.00 secs] 
42.243: Total time for which application threads were stopped: 0.0006730 seconds, Stopping threads took: 0.0000690 seconds
42.386: Application time: 0.1429460 seconds
42.386: [GC [PSYoungGen: 23872K->288K(24064K)] 48398K->25022K(107008K), 0.0005590 secs] [Times: user=0.00 sys=0.00, real=0.00 secs] 
42.387: Total time for which application threads were stopped: 0.0006860 seconds, Stopping threads took: 0.0000600 seconds
42.531: Application time: 0.1441840 seconds
42.531: [GC [PSYoungGen: 23840K->256K(24064K)] 48574K->25126K(107008K), 0.0004720 secs] [Times: user=0.00 sys=0.00, real=0.00 secs] 
42.532: Total time for which application threads were stopped: 0.0006020 seconds, Stopping threads took: 0.0000640 seconds
42.666: Application time: 0.1338080 seconds
42.666: [GC [PSYoungGen: 23808K->256K(24064K)] 48678K->25174K(107008K), 0.0004650 secs] [Times: user=0.00 sys=0.00, real=0.00 secs] 
42.666: Total time for which application threads were stopped: 0.0005940 seconds, Stopping threads took: 0.0000550 seconds
42.797: Application time: 0.1310600 seconds
42.797: [GC [PSYoungGen: 23808K->256K(24064K)] 48726K->25270K(107008K), 0.0004430 secs] [Times: user=0.00 sys=0.00, real=0.00 secs] 
42.798: Total time for which application threads were stopped: 0.0005600 seconds, Stopping threads took: 0.0000540 seconds
42.927: Application time: 0.1296570 seconds
42.927: [GC [PSYoungGen: 23808K->208K(24064K)] 48822K->25270K(107008K), 0.0004530 secs] [Times: user=0.00 sys=0.00, real=0.00 secs] 
42.928: Total time for which application threads were stopped: 0.0005720 seconds, Stopping threads took: 0.0000540 seconds
43.057: Application time: 0.1291360 seconds
43.057: [GC [PSYoungGen: 23760K->304K(24064K)] 48822K->25494K(107008K), 0.0004800 secs] [Times: user=0.00 sys=0.00, real=0.00 secs] 
43.058: Total time for which application threads were stopped: 0.0005970 seconds, Stopping threads took: 0.0000540 seconds
43.187: Application time: 0.1294040 seconds
43.187: [GC [PSYoungGen: 23856K->256K(24064K)] 49046K->25662K(107008K), 0.0004830 secs] [Times: user=0.00 sys=0.00, real=0.01 secs] 
43.188: Total time for which application threads were stopped: 0.0006200 seconds, Stopping threads took: 0.0000620 seconds
43.319: Application time: 0.1308850 seconds
43.319: [GC [PSYoungGen: 23808K->224K(24064K)] 49214K->25758K(107008K), 0.0004470 secs] [Times: user=0.01 sys=0.00, real=0.00 secs] 
43.319: Total time for which application threads were stopped: 0.0005950 seconds, Stopping threads took: 0.0000850 seconds
43.450: Application time: 0.1311270 seconds
43.450: [GC [PSYoungGen: 23776K->256K(24064K)] 49310K->25815K(107008K), 0.0004370 secs] [Times: user=0.01 sys=0.00, real=0.00 secs] 
43.451: Total time for which application threads were stopped: 0.0005620 seconds, Stopping threads took: 0.0000600 seconds
43.582: Application time: 0.1309290 seconds
43.582: [GC [PSYoungGen: 23808K->256K(24064K)] 49367K->25935K(107008K), 0.0004500 secs] [Times: user=0.00 sys=0.00, real=0.00 secs] 
43.582: Total time for which application threads were stopped: 0.0005680 seconds, Stopping threads took: 0.0000550 seconds
43.712: Application time: 0.1296670 seconds
43.716: [GC [PSYoungGen: 23808K->256K(24064K)] 49487K->25983K(107008K), 0.0005580 secs] [Times: user=0.00 sys=0.00, real=0.00 secs] 
43.716: Total time for which application threads were stopped: 0.0040570 seconds, Stopping threads took: 0.0034210 seconds
43.845: Application time: 0.1289480 seconds
43.845: [GC [PSYoungGen: 23808K->320K(24064K)] 49535K->26151K(107008K), 0.0005160 secs] [Times: user=0.01 sys=0.00, real=0.00 secs] 
43.846: Total time for which application threads were stopped: 0.0006380 seconds, Stopping threads took: 0.0000600 seconds
43.976: Application time: 0.1303290 seconds
43.976: [GC [PSYoungGen: 23872K->240K(24064K)] 49703K->26299K(107008K), 0.0005170 secs] [Times: user=0.00 sys=0.00, real=0.00 secs] 
43.977: Total time for which application threads were stopped: 0.0006340 seconds, Stopping threads took: 0.0000540 seconds
44.108: Application time: 0.1311180 seconds
44.108: [GC [PSYoungGen: 23792K->256K(24064K)] 49851K->26451K(107008K), 0.0004380 secs] [Times: user=0.00 sys=0.00, real=0.00 secs] 
44.108: Total time for which application threads were stopped: 0.0005800 seconds, Stopping threads took: 0.0000800 seconds
44.239: Application time: 0.1309100 seconds
44.239: [GC [PSYoungGen: 23808K->256K(24064K)] 50003K->26475K(107008K), 0.0004230 secs] [Times: user=0.00 sys=0.00, real=0.01 secs] 
44.240: Total time for which application threads were stopped: 0.0005580 seconds, Stopping threads took: 0.0000600 seconds
44.371: Application time: 0.1313070 seconds
44.371: [GC [PSYoungGen: 23808K->256K(24064K)] 50027K->26595K(107008K), 0.0004870 secs] [Times: user=0.00 sys=0.00, real=0.00 secs] 
44.372: Total time for which application threads were stopped: 0.0005990 seconds, Stopping threads took: 0.0000480 seconds
44.501: Application time: 0.1293970 seconds
44.501: [GC [PSYoungGen: 23808K->224K(24064K)] 50147K->26611K(107008K), 0.0004770 secs] [Times: user=0.00 sys=0.00, real=0.00 secs] 
44.502: Total time for which application threads were stopped: 0.0005940 seconds, Stopping threads took: 0.0000520 seconds
44.630: Application time: 0.1286720 seconds
44.631: [GC [PSYoungGen: 23776K->352K(24064K)] 50163K->26843K(107008K), 0.0004830 secs] [Times: user=0.00 sys=0.00, real=0.00 secs] 
44.631: Total time for which application threads were stopped: 0.0006080 seconds, Stopping threads took: 0.0000610 seconds
44.761: Application time: 0.1303690 seconds
44.762: [GC [PSYoungGen: 23904K->272K(24064K)] 50395K->27007K(107008K), 0.0005110 secs] [Times: user=0.00 sys=0.00, real=0.00 secs] 
44.762: Total time for which application threads were stopped: 0.0006590 seconds, Stopping threads took: 0.0000700 seconds
44.893: Application time: 0.1308260 seconds
44.893: [GC [PSYoungGen: 23824K->256K(24064K)] 50559K->27128K(107008K), 0.0004460 secs] [Times: user=0.00 sys=0.00, real=0.00 secs] 
44.893: Total time for which application threads were stopped: 0.0005710 seconds, Stopping threads took: 0.0000610 seconds
45.025: Application time: 0.1310210 seconds
45.025: [GC [PSYoungGen: 23808K->224K(24064K)] 50680K->27120K(107008K), 0.0004380 secs] [Times: user=0.01 sys=0.00, real=0.00 secs] 
45.025: Total time for which application threads were stopped: 0.0005660 seconds, Stopping threads took: 0.0000660 seconds
45.155: Application time: 0.1303820 seconds
45.156: [GC [PSYoungGen: 23776K->256K(24064K)] 50672K->27272K(107008K), 0.0004720 secs] [Times: user=0.00 sys=0.00, real=0.00 secs] 
45.156: Total time for which application threads were stopped: 0.0005920 seconds, Stopping threads took: 0.0000550 seconds
45.286: Application time: 0.1300310 seconds
45.286: [GC [PSYoungGen: 23808K->192K(24064K)] 50824K->27256K(107008K), 0.0004500 secs] [Times: user=0.00 sys=0.00, real=0.00 secs] 
45.287: Total time for which application threads were stopped: 0.0005810 seconds, Stopping threads took: 0.0000590 seconds
45.415: Application time: 0.1282240 seconds
45.415: [GC [PSYoungGen: 23744K->352K(24064K)] 50808K->27472K(107008K), 0.0006490 secs] [Times: user=0.00 sys=0.00, real=0.00 secs] 
45.416: Total time for which application threads were stopped: 0.0007890 seconds, Stopping threads took: 0.0000730 seconds
45.545: Application time: 0.1295520 seconds
45.545: [GC [PSYoungGen: 23904K->256K(24064K)] 51024K->27632K(107008K), 0.0005180 secs] [Times: user=0.01 sys=0.00, real=0.00 secs] 
45.546: Total time for which application threads were stopped: 0.0006440 seconds, Stopping threads took: 0.0000610 seconds
45.677: Application time: 0.1309600 seconds
45.677: [GC [PSYoungGen: 23808K->256K(24064K)] 51184K->27768K(107008K), 0.0004530 secs] [Times: user=0.01 sys=0.00, real=0.00 secs] 
45.677: Total time for which application threads were stopped: 0.0005710 seconds, Stopping threads took: 0.0000540 seconds
45.809: Application time: 0.1311670 seconds
45.809: [GC [PSYoungGen: 23808K->256K(24064K)] 51320K->27792K(107008K), 0.0004280 secs] [Times: user=0.00 sys=0.00, real=0.00 secs] 
45.809: Total time for which application threads were stopped: 0.0005630 seconds, Stopping threads took: 0.0000600 seconds
45.940: Application time: 0.1303720 seconds
45.940: [GC [PSYoungGen: 23808K->256K(24064K)] 51344K->27912K(107008K), 0.0004490 secs] [Times: user=0.01 sys=0.00, real=0.00 secs] 
45.940: Total time for which application threads were stopped: 0.0005690 seconds, Stopping threads took: 0.0000570 seconds
46.071: Application time: 0.1306090 seconds
46.071: [GC [PSYoungGen: 23808K->256K(24064K)] 51464K->27960K(107008K), 0.0004510 secs] [Times: user=0.00 sys=0.00, real=0.00 secs] 
46.071: Total time for which application threads were stopped: 0.0005720 seconds, Stopping threads took: 0.0000580 seconds
46.200: Application time: 0.1286930 seconds
46.200: [GC [PSYoungGen: 23808K->400K(24064K)] 51512K->28168K(107008K), 0.0005640 secs] [Times: user=0.01 sys=0.00, real=0.00 secs] 
46.201: Total time for which application threads were stopped: 0.0006760 seconds, Stopping threads took: 0.0000500 seconds
46.331: Application time: 0.1302790 seconds
46.331: [GC [PSYoungGen: 23952K->288K(24064K)] 51720K->28308K(107008K), 0.0005030 secs] [Times: user=0.00 sys=0.00, real=0.00 secs] 
46.332: Total time for which application threads were stopped: 0.0006600 seconds, Stopping threads took: 0.0000830 seconds
46.463: Application time: 0.1312230 seconds
46.463: [GC [PSYoungGen: 23840K->256K(24064K)] 51860K->28397K(107008K), 0.0004360 secs] [Times: user=0.00 sys=0.00, real=0.00 secs] 
46.463: Total time for which application threads were stopped: 0.0005660 seconds, Stopping threads took: 0.0000660 seconds
46.594: Application time: 0.1304740 seconds
46.594: [GC [PSYoungGen: 23808K->256K(24064K)] 51949K->28421K(107008K), 0.0004420 secs] [Times: user=0.00 sys=0.00, real=0.00 secs] 
46.594: Total time for which application threads were stopped: 0.0005680 seconds, Stopping threads took: 0.0000630 seconds
46.725: Application time: 0.1307830 seconds
46.725: [GC [PSYoungGen: 23808K->256K(24064K)] 51973K->28541K(107008K), 0.0004520 secs] [Times: user=0.01 sys=0.00, real=0.00 secs] 
46.726: Total time for which application threads were stopped: 0.0005780 seconds, Stopping threads took: 0.0000620 seconds
46.856: Application time: 0.1303670 seconds
46.856: [GC [PSYoungGen: 23808K->256K(24064K)] 52093K->28589K(107008K), 0.0004280 secs] [Times: user=0.00 sys=0.00, real=0.00 secs] 
46.857: Total time for which application threads were stopped: 0.0005550 seconds, Stopping threads took: 0.0000530 seconds
46.984: Application time: 0.1275530 seconds
46.984: [GC [PSYoungGen: 23808K->368K(24064K)] 52141K->28773K(107008K), 0.0004970 secs] [Times: user=0.00 sys=0.00, real=0.00 secs] 
46.985: Total time for which application threads were stopped: 0.0006110 seconds, Stopping threads took: 0.0000510 seconds
47.116: Application time: 0.1309430 seconds
47.116: [GC [PSYoungGen: 23920K->192K(24064K)] 52325K->28845K(107008K), 0.0005330 secs] [Times: user=0.00 sys=0.00, real=0.00 secs] 
47.118: Total time for which application threads were stopped: 0.0016690 seconds, Stopping threads took: 0.0000520 seconds
47.248: Application time: 0.1308470 seconds
47.248: [GC [PSYoungGen: 23744K->256K(24064K)] 52397K->29045K(107008K), 0.0004280 secs] [Times: user=0.00 sys=0.00, real=0.00 secs] 
47.249: Total time for which application threads were stopped: 0.0005500 seconds, Stopping threads took: 0.0000590 seconds
47.379: Application time: 0.1301230 seconds
47.379: [GC [PSYoungGen: 23808K->224K(24064K)] 52597K->29037K(107008K), 0.0004910 secs] [Times: user=0.00 sys=0.00, real=0.01 secs] 
47.380: Total time for which application threads were stopped: 0.0006370 seconds, Stopping threads took: 0.0000700 seconds
47.511: Application time: 0.1316470 seconds
47.511: [GC [PSYoungGen: 23776K->256K(24064K)] 52589K->29189K(107008K), 0.0004530 secs] [Times: user=0.00 sys=0.00, real=0.00 secs] 
47.512: Total time for which application threads were stopped: 0.0005820 seconds, Stopping threads took: 0.0000620 seconds
47.642: Application time: 0.1304400 seconds
47.644: [GC [PSYoungGen: 23808K->256K(24064K)] 52741K->29237K(107008K), 0.0004710 secs] [Times: user=0.01 sys=0.00, real=0.00 secs] 
47.644: Total time for which application threads were stopped: 0.0016580 seconds, Stopping threads took: 0.0011260 seconds
47.773: Application time: 0.1287200 seconds
47.773: [GC [PSYoungGen: 23808K->352K(24064K)] 52789K->29397K(107008K), 0.0005200 secs] [Times: user=0.00 sys=0.00, real=0.00 secs] 
47.773: Total time for which application threads were stopped: 0.0006330 seconds, Stopping threads took: 0.0000500 seconds
47.903: Application time: 0.1299690 seconds
47.903: [GC [PSYoungGen: 23904K->288K(24064K)] 52949K->29593K(107008K), 0.0005090 secs] [Times: user=0.00 sys=0.01, real=0.00 secs] 
47.904: Total time for which application threads were stopped: 0.0006560 seconds, Stopping threads took: 0.0000660 seconds
48.035: Application time: 0.1311360 seconds
48.035: [GC [PSYoungGen: 23840K->256K(24064K)] 53145K->29690K(107008K), 0.0004260 secs] [Times: user=0.01 sys=0.00, real=0.00 secs] 
48.036: Total time for which application threads were stopped: 0.0005500 seconds, Stopping threads took: 0.0000600 seconds
48.167: Application time: 0.1316730 seconds
48.167: [GC [PSYoungGen: 23808K->256K(24064K)] 53242K->29714K(107008K), 0.0004330 secs] [Times: user=0.00 sys=0.00, real=0.00 secs] 
48.168: Total time for which application threads were stopped: 0.0005550 seconds, Stopping threads took: 0.0000570 seconds
48.299: Application time: 0.1308430 seconds
48.299: [GC [PSYoungGen: 23808K->256K(24064K)] 53266K->29834K(107008K), 0.0004550 secs] [Times: user=0.00 sys=0.00, real=0.00 secs] 
48.299: Total time for which application threads were stopped: 0.0005780 seconds, Stopping threads took: 0.0000570 seconds
48.430: Application time: 0.1307380 seconds
48.430: [GC [PSYoungGen: 23808K->256K(24064K)] 53386K->29882K(107008K), 0.0004330 secs] [Times: user=0.00 sys=0.00, real=0.00 secs] 
48.431: Total time for which application threads were stopped: 0.0005820 seconds, Stopping threads took: 0.0000750 seconds
48.560: Application time: 0.1292260 seconds
48.560: [GC [PSYoungGen: 23808K->304K(24064K)] 53434K->30034K(107008K), 0.0005450 secs] [Times: user=0.00 sys=0.00, real=0.00 secs] 
48.561: Total time for which application threads were stopped: 0.0006630 seconds, Stopping threads took: 0.0000540 seconds
48.690: Application time: 0.1299090 seconds
48.691: [GC [PSYoungGen: 23856K->256K(24064K)] 53586K->30210K(107008K), 0.0005140 secs] [Times: user=0.00 sys=0.00, real=0.00 secs] 
48.691: Total time for which application threads were stopped: 0.0006420 seconds, Stopping threads took: 0.0000630 seconds
48.822: Application time: 0.1309760 seconds
48.822: [GC [PSYoungGen: 23808K->224K(24064K)] 53762K->30306K(107008K), 0.0004760 secs] [Times: user=0.00 sys=0.00, real=0.00 secs] 
48.823: Total time for which application threads were stopped: 0.0005980 seconds, Stopping threads took: 0.0000600 seconds
48.953: Application time: 0.1306890 seconds
48.953: [GC [PSYoungGen: 23776K->240K(24064K)] 53858K->30346K(107008K), 0.0004880 secs] [Times: user=0.00 sys=0.00, real=0.00 secs] 
48.954: Total time for which application threads were stopped: 0.0006180 seconds, Stopping threads took: 0.0000510 seconds
49.085: Application time: 0.1313950 seconds
49.088: [GC [PSYoungGen: 23792K->224K(24064K)] 53898K->30450K(107008K), 0.0005240 secs] [Times: user=0.00 sys=0.00, real=0.00 secs] 
49.088: Total time for which application threads were stopped: 0.0026920 seconds, Stopping threads took: 0.0021050 seconds
49.218: Application time: 0.1303110 seconds
49.218: [GC [PSYoungGen: 23776K->288K(24064K)] 54002K->30562K(107008K), 0.0004620 secs] [Times: user=0.00 sys=0.00, real=0.00 secs] 
49.219: Total time for which application threads were stopped: 0.0005690 seconds, Stopping threads took: 0.0000440 seconds
49.348: Application time: 0.1288220 seconds
49.348: [GC [PSYoungGen: 23840K->320K(24064K)] 54114K->30706K(107008K), 0.0005030 secs] [Times: user=0.00 sys=0.00, real=0.00 secs] 
49.348: Total time for which application threads were stopped: 0.0006180 seconds, Stopping threads took: 0.0000490 seconds
49.478: Application time: 0.1298990 seconds
49.478: [GC [PSYoungGen: 23872K->288K(24064K)] 54258K->30898K(107008K), 0.0005070 secs] [Times: user=0.00 sys=0.00, real=0.00 secs] 
49.479: Total time for which application threads were stopped: 0.0006360 seconds, Stopping threads took: 0.0000550 seconds
49.610: Application time: 0.1306930 seconds
49.610: [GC [PSYoungGen: 23840K->256K(24064K)] 54450K->30995K(107008K), 0.0004230 secs] [Times: user=0.01 sys=0.00, real=0.00 secs] 
49.610: Total time for which application threads were stopped: 0.0005350 seconds, Stopping threads took: 0.0000490 seconds
49.741: Application time: 0.1308460 seconds
49.741: [GC [PSYoungGen: 23808K->240K(24064K)] 54547K->31003K(107008K), 0.0004610 secs] [Times: user=0.00 sys=0.00, real=0.00 secs] 
49.742: Total time for which application threads were stopped: 0.0005820 seconds, Stopping threads took: 0.0000510 seconds
49.873: Application time: 0.1309970 seconds
49.873: [GC [PSYoungGen: 23792K->224K(24064K)] 54555K->31099K(107008K), 0.0004990 secs] [Times: user=0.00 sys=0.00, real=0.00 secs] 
49.873: Total time for which application threads were stopped: 0.0006260 seconds, Stopping threads took: 0.0000590 seconds
50.003: Application time: 0.1296510 seconds
50.003: [GC [PSYoungGen: 23776K->256K(24064K)] 54651K->31179K(107008K), 0.0004220 secs] [Times: user=0.00 sys=0.00, real=0.00 secs] 
50.003: Total time for which application threads were stopped: 0.0005670 seconds, Stopping threads took: 0.0000570 seconds
50.133: Application time: 0.1290530 seconds
50.133: [GC [PSYoungGen: 23808K->352K(24064K)] 54731K->31379K(107008K), 0.0005570 secs] [Times: user=0.01 sys=0.00, real=0.00 secs] 
50.133: Total time for which application threads were stopped: 0.0006890 seconds, Stopping threads took: 0.0000660 seconds
50.263: Application time: 0.1296250 seconds
50.263: [GC [PSYoungGen: 23904K->288K(24064K)] 54931K->31551K(107008K), 0.0005220 secs] [Times: user=0.00 sys=0.00, real=0.00 secs] 
50.263: Total time for which application threads were stopped: 0.0006500 seconds, Stopping threads took: 0.0000600 seconds
50.395: Application time: 0.1317080 seconds
50.395: [GC [PSYoungGen: 23840K->224K(24064K)] 55103K->31599K(107008K), 0.0004690 secs] [Times: user=0.00 sys=0.00, real=0.00 secs] 
50.396: Total time for which application threads were stopped: 0.0005840 seconds, Stopping threads took: 0.0000490 seconds
50.526: Application time: 0.1300330 seconds
50.526: [GC [PSYoungGen: 23776K->256K(24064K)] 55151K->31655K(107008K), 0.0004490 secs] [Times: user=0.00 sys=0.00, real=0.00 secs] 
50.526: Total time for which application threads were stopped: 0.0005890 seconds, Stopping threads took: 0.0000610 seconds
50.658: Application time: 0.1312200 seconds
50.658: [GC [PSYoungGen: 23808K->192K(24064K)] 55207K->31711K(107008K), 0.0004900 secs] [Times: user=0.00 sys=0.00, real=0.00 secs] 
50.658: Total time for which application threads were stopped: 0.0006260 seconds, Stopping threads took: 0.0000690 seconds
50.789: Application time: 0.1308350 seconds
50.789: [GC [PSYoungGen: 23744K->256K(24064K)] 55263K->31823K(107008K), 0.0004670 secs] [Times: user=0.00 sys=0.00, real=0.00 secs] 
50.790: Total time for which application threads were stopped: 0.0005990 seconds, Stopping threads took: 0.0000610 seconds
50.918: Application time: 0.1284690 seconds
50.918: [GC [PSYoungGen: 23808K->320K(24064K)] 55375K->31959K(107008K), 0.0005100 secs] [Times: user=0.00 sys=0.00, real=0.00 secs] 
50.919: Total time for which application threads were stopped: 0.0006400 seconds, Stopping threads took: 0.0000590 seconds
51.049: Application time: 0.1302460 seconds
51.049: [GC [PSYoungGen: 23872K->272K(24064K)] 55511K->32172K(107008K), 0.0004870 secs] [Times: user=0.00 sys=0.00, real=0.00 secs] 
51.050: Total time for which application threads were stopped: 0.0006230 seconds, Stopping threads took: 0.0000570 seconds
51.181: Application time: 0.1310900 seconds
51.181: [GC [PSYoungGen: 23824K->256K(24064K)] 55724K->32284K(107008K), 0.0004690 secs] [Times: user=0.00 sys=0.00, real=0.00 secs] 
51.181: Total time for which application threads were stopped: 0.0005960 seconds, Stopping threads took: 0.0000610 seconds
51.311: Application time: 0.1301070 seconds
51.312: [GC [PSYoungGen: 23808K->256K(24064K)] 55836K->32308K(107008K), 0.0004380 secs] [Times: user=0.00 sys=0.00, real=0.00 secs] 
51.312: Total time for which application threads were stopped: 0.0005570 seconds, Stopping threads took: 0.0000490 seconds
51.443: Application time: 0.1310780 seconds
51.443: [GC [PSYoungGen: 23808K->256K(24064K)] 55860K->32428K(107008K), 0.0004600 secs] [Times: user=0.00 sys=0.00, real=0.00 secs] 
51.444: Total time for which application threads were stopped: 0.0005930 seconds, Stopping threads took: 0.0000640 seconds
51.575: Application time: 0.1309360 seconds
51.575: [GC [PSYoungGen: 23808K->272K(24064K)] 55980K->32492K(107008K), 0.0004950 secs] [Times: user=0.00 sys=0.00, real=0.00 secs] 
51.575: Total time for which application threads were stopped: 0.0006270 seconds, Stopping threads took: 0.0000550 seconds
51.704: Application time: 0.1284320 seconds
51.704: [GC [PSYoungGen: 23824K->336K(24064K)] 56044K->32628K(107008K), 0.0005380 secs] [Times: user=0.00 sys=0.00, real=0.00 secs] 
51.704: Total time for which application threads were stopped: 0.0006640 seconds, Stopping threads took: 0.0000570 seconds
51.834: Application time: 0.1294170 seconds
51.834: [GC [PSYoungGen: 23888K->224K(24064K)] 56180K->32772K(107008K), 0.0006240 secs] [Times: user=0.00 sys=0.00, real=0.00 secs] 
51.835: Total time for which application threads were stopped: 0.0007510 seconds, Stopping threads took: 0.0000560 seconds
51.966: Application time: 0.1310240 seconds
51.966: [GC [PSYoungGen: 23776K->224K(24064K)] 56324K->32892K(107008K), 0.0004770 secs] [Times: user=0.00 sys=0.00, real=0.00 secs] 
51.966: Total time for which application threads were stopped: 0.0006030 seconds, Stopping threads took: 0.0000600 seconds
52.096: Application time: 0.1301090 seconds
52.096: [GC [PSYoungGen: 23776K->256K(24064K)] 56444K->32948K(107008K), 0.0004340 secs] [Times: user=0.00 sys=0.00, real=0.00 secs] 
52.097: Total time for which application threads were stopped: 0.0005830 seconds, Stopping threads took: 0.0000680 seconds
52.228: Application time: 0.1312000 seconds
52.228: [GC [PSYoungGen: 23808K->192K(24064K)] 56500K->32996K(107008K), 0.0005430 secs] [Times: user=0.00 sys=0.00, real=0.00 secs] 
52.230: Total time for which application threads were stopped: 0.0017290 seconds, Stopping threads took: 0.0000680 seconds
52.361: Application time: 0.1309860 seconds
52.361: [GC [PSYoungGen: 23744K->224K(24064K)] 56548K->33076K(107008K), 0.0005180 secs] [Times: user=0.00 sys=0.00, real=0.00 secs] 
52.361: Total time for which application threads were stopped: 0.0006400 seconds, Stopping threads took: 0.0000550 seconds
52.489: Application time: 0.1278310 seconds
52.489: [GC [PSYoungGen: 23776K->352K(24064K)] 56628K->33276K(107008K), 0.0005010 secs] [Times: user=0.00 sys=0.00, real=0.00 secs] 
52.490: Total time for which application threads were stopped: 0.0006770 seconds, Stopping threads took: 0.0001020 seconds
52.620: Application time: 0.1299450 seconds
52.620: [GC [PSYoungGen: 23904K->256K(24064K)] 56828K->33449K(107008K), 0.0005520 secs] [Times: user=0.00 sys=0.00, real=0.00 secs] 
52.621: Total time for which application threads were stopped: 0.0006910 seconds, Stopping threads took: 0.0000550 seconds
52.751: Application time: 0.1306450 seconds
52.751: [GC [PSYoungGen: 23808K->256K(24064K)] 57001K->33585K(107008K), 0.0004640 secs] [Times: user=0.00 sys=0.00, real=0.00 secs] 
52.752: Total time for which application threads were stopped: 0.0005940 seconds, Stopping threads took: 0.0000580 seconds
52.882: Application time: 0.1304750 seconds
52.882: [GC [PSYoungGen: 23808K->256K(24064K)] 57137K->33609K(107008K), 0.0004530 secs] [Times: user=0.00 sys=0.00, real=0.00 secs] 
52.883: Total time for which application threads were stopped: 0.0005830 seconds, Stopping threads took: 0.0000630 seconds
53.013: Application time: 0.1304390 seconds
53.013: [GC [PSYoungGen: 23808K->256K(24064K)] 57161K->33729K(107008K), 0.0004520 secs] [Times: user=0.00 sys=0.00, real=0.00 secs] 
53.014: Total time for which application threads were stopped: 0.0005740 seconds, Stopping threads took: 0.0000540 seconds
53.144: Application time: 0.1304160 seconds
53.144: [GC [PSYoungGen: 23808K->256K(24064K)] 57281K->33777K(107008K), 0.0004460 secs] [Times: user=0.00 sys=0.00, real=0.00 secs] 
53.145: Total time for which application threads were stopped: 0.0005850 seconds, Stopping threads took: 0.0000610 seconds
53.273: Application time: 0.1284650 seconds
53.273: [GC [PSYoungGen: 23808K->352K(24064K)] 57329K->33929K(107008K), 0.0005880 secs] [Times: user=0.00 sys=0.00, real=0.00 secs] 
53.274: Total time for which application threads were stopped: 0.0007120 seconds, Stopping threads took: 0.0000560 seconds
53.404: Application time: 0.1299160 seconds
53.408: [GC [PSYoungGen: 23904K->256K(24064K)] 57481K->34097K(107008K), 0.0005030 secs] [Times: user=0.01 sys=0.00, real=0.00 secs] 
53.408: Total time for which application threads were stopped: 0.0040540 seconds, Stopping threads took: 0.0034850 seconds
53.539: Application time: 0.1305700 seconds
53.539: [GC [PSYoungGen: 23808K->256K(24064K)] 57649K->34225K(107008K), 0.0004730 secs] [Times: user=0.00 sys=0.00, real=0.00 secs] 
53.539: Total time for which application threads were stopped: 0.0006000 seconds, Stopping threads took: 0.0000580 seconds
53.670: Application time: 0.1309650 seconds
53.670: [GC [PSYoungGen: 23808K->256K(24064K)] 57777K->34249K(107008K), 0.0004740 secs] [Times: user=0.00 sys=0.00, real=0.00 secs] 
53.671: Total time for which application threads were stopped: 0.0006230 seconds, Stopping threads took: 0.0000670 seconds
53.802: Application time: 0.1309050 seconds
53.802: [GC [PSYoungGen: 23808K->224K(24064K)] 57801K->34337K(107008K), 0.0005100 secs] [Times: user=0.00 sys=0.00, real=0.00 secs] 
53.802: Total time for which application threads were stopped: 0.0006340 seconds, Stopping threads took: 0.0000540 seconds
53.933: Application time: 0.1302070 seconds
53.933: [GC [PSYoungGen: 23776K->256K(24064K)] 57889K->34417K(107008K), 0.0004430 secs] [Times: user=0.00 sys=0.00, real=0.00 secs] 
53.933: Total time for which application threads were stopped: 0.0005730 seconds, Stopping threads took: 0.0000620 seconds
54.062: Application time: 0.1286640 seconds
54.062: [GC [PSYoungGen: 23808K->352K(24064K)] 57969K->34585K(107008K), 0.0004850 secs] [Times: user=0.00 sys=0.00, real=0.00 secs] 
54.062: Total time for which application threads were stopped: 0.0006140 seconds, Stopping threads took: 0.0000610 seconds
54.192: Application time: 0.1294140 seconds
54.192: [GC [PSYoungGen: 23904K->256K(24064K)] 58137K->34750K(107008K), 0.0005280 secs] [Times: user=0.00 sys=0.00, real=0.00 secs] 
54.193: Total time for which application threads were stopped: 0.0006580 seconds, Stopping threads took: 0.0000520 seconds
54.324: Application time: 0.1310770 seconds
54.324: [GC [PSYoungGen: 23808K->256K(24064K)] 58302K->34878K(107008K), 0.0004710 secs] [Times: user=0.00 sys=0.00, real=0.00 secs] 
54.324: Total time for which application threads were stopped: 0.0006140 seconds, Stopping threads took: 0.0000750 seconds
54.455: Application time: 0.1312920 seconds
54.456: [GC [PSYoungGen: 23808K->256K(24064K)] 58430K->34902K(107008K), 0.0004680 secs] [Times: user=0.00 sys=0.00, real=0.00 secs] 
54.456: Total time for which application threads were stopped: 0.0005920 seconds, Stopping threads took: 0.0000560 seconds
54.587: Application time: 0.1307850 seconds
54.587: [GC [PSYoungGen: 23808K->256K(24064K)] 58454K->35022K(107008K), 0.0004520 secs] [Times: user=0.00 sys=0.00, real=0.00 secs] 
54.587: Total time for which application threads were stopped: 0.0005780 seconds, Stopping threads took: 0.0000540 seconds
54.731: Application time: 0.1433660 seconds
54.731: [GC [PSYoungGen: 23808K->256K(24064K)] 58574K->35070K(107008K), 0.0004530 secs] [Times: user=0.00 sys=0.00, real=0.00 secs] 
54.731: Total time for which application threads were stopped: 0.0006010 seconds, Stopping threads took: 0.0000650 seconds
54.873: Application time: 0.1413340 seconds
54.873: [GC [PSYoungGen: 23808K->352K(24064K)] 58622K->35238K(107008K), 0.0005500 secs] [Times: user=0.00 sys=0.00, real=0.00 secs] 
54.873: Total time for which application threads were stopped: 0.0006650 seconds, Stopping threads took: 0.0000490 seconds
55.017: Application time: 0.1433260 seconds
55.017: [GC [PSYoungGen: 23904K->320K(24064K)] 58790K->35470K(107008K), 0.0005730 secs] [Times: user=0.00 sys=0.00, real=0.00 secs] 
55.018: Total time for which application threads were stopped: 0.0011310 seconds, Stopping threads took: 0.0004830 seconds
55.162: Application time: 0.1442160 seconds
55.162: [GC [PSYoungGen: 23872K->256K(24064K)] 59022K->35542K(107008K), 0.0005100 secs] [Times: user=0.01 sys=0.00, real=0.00 secs] 
55.163: Total time for which application threads were stopped: 0.0006480 seconds, Stopping threads took: 0.0000630 seconds
55.306: Application time: 0.1431430 seconds
55.306: [GC [PSYoungGen: 23808K->240K(24064K)] 59094K->35550K(107008K), 0.0004980 secs] [Times: user=0.00 sys=0.00, real=0.00 secs] 
55.307: Total time for which application threads were stopped: 0.0006470 seconds, Stopping threads took: 0.0000670 seconds
55.450: Application time: 0.1432900 seconds
55.450: [GC [PSYoungGen: 23792K->256K(24064K)] 59102K->35686K(107008K), 0.0004770 secs] [Times: user=0.00 sys=0.00, real=0.00 secs] 
55.450: Total time for which application threads were stopped: 0.0006030 seconds, Stopping threads took: 0.0000560 seconds
55.594: Application time: 0.1435800 seconds
55.594: [GC [PSYoungGen: 23808K->256K(24064K)] 59238K->35734K(107008K), 0.0004610 secs] [Times: user=0.01 sys=0.00, real=0.00 secs] 
55.595: Total time for which application threads were stopped: 0.0005840 seconds, Stopping threads took: 0.0000530 seconds
55.735: Application time: 0.1407180 seconds
55.735: [GC [PSYoungGen: 23808K->352K(24064K)] 59286K->35886K(107008K), 0.0005860 secs] [Times: user=0.00 sys=0.00, real=0.00 secs] 
55.736: Total time for which application threads were stopped: 0.0007180 seconds, Stopping threads took: 0.0000580 seconds
55.879: Application time: 0.1430670 seconds
55.879: [GC [PSYoungGen: 23904K->288K(24064K)] 59438K->36079K(107008K), 0.0005530 secs] [Times: user=0.00 sys=0.00, real=0.01 secs] 
55.880: Total time for which application threads were stopped: 0.0006950 seconds, Stopping threads took: 0.0000540 seconds
56.025: Application time: 0.1448930 seconds
56.025: [GC [PSYoungGen: 23840K->224K(24064K)] 59631K->36139K(107008K), 0.0004980 secs] [Times: user=0.00 sys=0.00, real=0.00 secs] 
56.025: Total time for which application threads were stopped: 0.0006250 seconds, Stopping threads took: 0.0000580 seconds
56.169: Application time: 0.1440140 seconds
56.169: [GC [PSYoungGen: 23776K->224K(24064K)] 59691K->36163K(107008K), 0.0005310 secs] [Times: user=0.00 sys=0.00, real=0.00 secs] 
56.170: Total time for which application threads were stopped: 0.0006540 seconds, Stopping threads took: 0.0000540 seconds
56.314: Application time: 0.1440030 seconds
56.314: [GC [PSYoungGen: 23776K->192K(24064K)] 59715K->36251K(107008K), 0.0005860 secs] [Times: user=0.01 sys=0.00, real=0.00 secs] 
56.315: Total time for which application threads were stopped: 0.0007140 seconds, Stopping threads took: 0.0000580 seconds
56.458: Application time: 0.1429260 seconds
56.458: [GC [PSYoungGen: 23744K->256K(24064K)] 59803K->36363K(107008K), 0.0004540 secs] [Times: user=0.00 sys=0.00, real=0.00 secs] 
56.458: Total time for which application threads were stopped: 0.0005980 seconds, Stopping threads took: 0.0000630 seconds
56.599: Application time: 0.1411200 seconds
56.599: [GC [PSYoungGen: 23808K->352K(24064K)] 59915K->36531K(107008K), 0.0005420 secs] [Times: user=0.00 sys=0.00, real=0.00 secs] 
56.600: Total time for which application threads were stopped: 0.0006750 seconds, Stopping threads took: 0.0000630 seconds
56.743: Application time: 0.1430290 seconds
56.743: [GC [PSYoungGen: 23904K->288K(24064K)] 60083K->36723K(107008K), 0.0005580 secs] [Times: user=0.00 sys=0.00, real=0.00 secs] 
56.744: Total time for which application threads were stopped: 0.0006830 seconds, Stopping threads took: 0.0000550 seconds
56.888: Application time: 0.1444780 seconds
56.888: [GC [PSYoungGen: 23840K->256K(24064K)] 60275K->36819K(107008K), 0.0004930 secs] [Times: user=0.00 sys=0.00, real=0.00 secs] 
56.889: Total time for which application threads were stopped: 0.0006270 seconds, Stopping threads took: 0.0000610 seconds
57.033: Application time: 0.1438850 seconds
57.033: [GC [PSYoungGen: 23808K->176K(24064K)] 60371K->36763K(107008K), 0.0004970 secs] [Times: user=0.00 sys=0.00, real=0.00 secs] 
57.033: Total time for which application threads were stopped: 0.0006250 seconds, Stopping threads took: 0.0000490 seconds
57.177: Application time: 0.1438740 seconds
57.177: [GC [PSYoungGen: 23728K->256K(24064K)] 60315K->36963K(107008K), 0.0004730 secs] [Times: user=0.00 sys=0.00, real=0.00 secs] 
57.178: Total time for which application threads were stopped: 0.0006140 seconds, Stopping threads took: 0.0000710 seconds
57.322: Application time: 0.1440030 seconds
57.322: [GC [PSYoungGen: 23808K->224K(24064K)] 60515K->36979K(107008K), 0.0005070 secs] [Times: user=0.00 sys=0.00, real=0.00 secs] 
57.324: Total time for which application threads were stopped: 0.0017200 seconds, Stopping threads took: 0.0000520 seconds
57.464: Application time: 0.1407380 seconds
57.464: [GC [PSYoungGen: 23776K->384K(24064K)] 60531K->37211K(107008K), 0.0006540 secs] [Times: user=0.01 sys=0.00, real=0.00 secs] 
57.465: Total time for which application threads were stopped: 0.0008000 seconds, Stopping threads took: 0.0000780 seconds
57.608: Application time: 0.1425280 seconds
57.608: [GC [PSYoungGen: 23936K->304K(24064K)] 60763K->37388K(107008K), 0.0005640 secs] [Times: user=0.01 sys=0.00, real=0.00 secs] 
57.608: Total time for which application threads were stopped: 0.0007030 seconds, Stopping threads took: 0.0000540 seconds
57.752: Application time: 0.1437090 seconds
57.752: [GC [PSYoungGen: 23856K->256K(24064K)] 60940K->37460K(107008K), 0.0005070 secs] [Times: user=0.00 sys=0.00, real=0.00 secs] 
57.753: Total time for which application threads were stopped: 0.0006290 seconds, Stopping threads took: 0.0000530 seconds
57.895: Application time: 0.1425510 seconds
57.895: [GC [PSYoungGen: 23808K->256K(24064K)] 61012K->37484K(107008K), 0.0004870 secs] [Times: user=0.00 sys=0.00, real=0.00 secs] 
57.896: Total time for which application threads were stopped: 0.0006190 seconds, Stopping threads took: 0.0000610 seconds
58.040: Application time: 0.1439350 seconds
58.040: [GC [PSYoungGen: 23808K->256K(24064K)] 61036K->37604K(107008K), 0.0004770 secs] [Times: user=0.00 sys=0.00, real=0.00 secs] 
58.040: Total time for which application threads were stopped: 0.0006080 seconds, Stopping threads took: 0.0000620 seconds
58.184: Application time: 0.1432200 seconds
58.184: [GC [PSYoungGen: 23808K->224K(24064K)] 61156K->37620K(107008K), 0.0004870 secs] [Times: user=0.00 sys=0.00, real=0.00 secs] 
58.184: Total time for which application threads were stopped: 0.0006260 seconds, Stopping threads took: 0.0000540 seconds
58.325: Application time: 0.1404610 seconds
58.325: [GC [PSYoungGen: 23776K->352K(24064K)] 61172K->37820K(107008K), 0.0005340 secs] [Times: user=0.00 sys=0.00, real=0.00 secs] 
58.325: Total time for which application threads were stopped: 0.0006700 seconds, Stopping threads took: 0.0000650 seconds
58.468: Application time: 0.1428170 seconds
58.468: [GC [PSYoungGen: 23904K->288K(24064K)] 61372K->38012K(107008K), 0.0006030 secs] [Times: user=0.00 sys=0.00, real=0.00 secs] 
58.469: Total time for which application threads were stopped: 0.0007340 seconds, Stopping threads took: 0.0000590 seconds
58.610: Application time: 0.1405310 seconds
58.610: [GC [PSYoungGen: 23840K->224K(24064K)] 61564K->38060K(107008K), 0.0004710 secs] [Times: user=0.00 sys=0.00, real=0.00 secs] 
58.610: Total time for which application threads were stopped: 0.0006010 seconds, Stopping threads took: 0.0000640 seconds
58.741: Application time: 0.1304570 seconds
58.741: [GC [PSYoungGen: 23776K->240K(24064K)] 61612K->38100K(107008K), 0.0004850 secs] [Times: user=0.01 sys=0.00, real=0.00 secs] 
58.741: Total time for which application threads were stopped: 0.0006170 seconds, Stopping threads took: 0.0000530 seconds
58.873: Application time: 0.1313740 seconds
58.873: [GC [PSYoungGen: 23792K->256K(24064K)] 61652K->38236K(107008K), 0.0004600 secs] [Times: user=0.00 sys=0.00, real=0.00 secs] 
58.873: Total time for which application threads were stopped: 0.0005750 seconds, Stopping threads took: 0.0000510 seconds
59.004: Application time: 0.1304890 seconds
59.004: [GC [PSYoungGen: 23808K->256K(24064K)] 61788K->38284K(107008K), 0.0004380 secs] [Times: user=0.00 sys=0.00, real=0.00 secs] 
59.004: Total time for which application threads were stopped: 0.0005610 seconds, Stopping threads took: 0.0000570 seconds
59.133: Application time: 0.1289220 seconds
59.133: [GC [PSYoungGen: 23808K->384K(24064K)] 61836K->38484K(107008K), 0.0005150 secs] [Times: user=0.00 sys=0.00, real=0.00 secs] 
59.134: Total time for which application threads were stopped: 0.0006380 seconds, Stopping threads took: 0.0000550 seconds
59.263: Application time: 0.1297130 seconds
59.264: [GC [PSYoungGen: 23936K->256K(24064K)] 62036K->38613K(107008K), 0.0005160 secs] [Times: user=0.00 sys=0.00, real=0.00 secs] 
59.264: Total time for which application threads were stopped: 0.0006540 seconds, Stopping threads took: 0.0000610 seconds
59.395: Application time: 0.1312540 seconds
59.396: [GC [PSYoungGen: 23808K->256K(24064K)] 62165K->38733K(107008K), 0.0004690 secs] [Times: user=0.00 sys=0.00, real=0.00 secs] 
59.396: Total time for which application threads were stopped: 0.0006080 seconds, Stopping threads took: 0.0000680 seconds
59.527: Application time: 0.1306540 seconds
59.527: [GC [PSYoungGen: 23808K->256K(24064K)] 62285K->38757K(107008K), 0.0004480 secs] [Times: user=0.00 sys=0.00, real=0.00 secs] 
59.527: Total time for which application threads were stopped: 0.0005660 seconds, Stopping threads took: 0.0000510 seconds
59.659: Application time: 0.1313020 seconds
59.659: [GC [PSYoungGen: 23808K->256K(24064K)] 62309K->38877K(107008K), 0.0004940 secs] [Times: user=0.00 sys=0.00, real=0.00 secs] 
59.659: Total time for which application threads were stopped: 0.0006160 seconds, Stopping threads took: 0.0000530 seconds
59.790: Application time: 0.1308890 seconds
59.790: [GC [PSYoungGen: 23808K->256K(24064K)] 62429K->38925K(107008K), 0.0004170 secs] [Times: user=0.00 sys=0.00, real=0.00 secs] 
59.791: Total time for which application threads were stopped: 0.0005530 seconds, Stopping threads took: 0.0000600 seconds
59.918: Application time: 0.1277300 seconds
59.918: [GC [PSYoungGen: 23808K->352K(24064K)] 62477K->39093K(107008K), 0.0005240 secs] [Times: user=0.00 sys=0.00, real=0.00 secs] 
59.919: Total time for which application threads were stopped: 0.0006570 seconds, Stopping threads took: 0.0000640 seconds
60.049: Application time: 0.1301210 seconds
60.049: [GC [PSYoungGen: 23904K->288K(24064K)] 62645K->39285K(107008K), 0.0005000 secs] [Times: user=0.00 sys=0.00, real=0.00 secs] 
60.050: Total time for which application threads were stopped: 0.0006450 seconds, Stopping threads took: 0.0000770 seconds
60.181: Application time: 0.1308110 seconds
60.181: [GC [PSYoungGen: 23840K->256K(24064K)] 62837K->39389K(107008K), 0.0004740 secs] [Times: user=0.00 sys=0.00, real=0.00 secs] 
60.181: Total time for which application threads were stopped: 0.0005950 seconds, Stopping threads took: 0.0000550 seconds
60.312: Application time: 0.1305830 seconds
60.312: [GC [PSYoungGen: 23808K->256K(24064K)] 62941K->39413K(107008K), 0.0004700 secs] [Times: user=0.00 sys=0.00, real=0.00 secs] 
60.312: Total time for which application threads were stopped: 0.0006140 seconds, Stopping threads took: 0.0000630 seconds
60.444: Application time: 0.1315260 seconds
60.444: [GC [PSYoungGen: 23808K->256K(24064K)] 62965K->39525K(107008K), 0.0004920 secs] [Times: user=0.00 sys=0.00, real=0.00 secs] 
60.445: Total time for which application threads were stopped: 0.0006200 seconds, Stopping threads took: 0.0000600 seconds
60.575: Application time: 0.1304290 seconds
60.575: [GC [PSYoungGen: 23808K->272K(24064K)] 63077K->39589K(107008K), 0.0004510 secs] [Times: user=0.00 sys=0.00, real=0.00 secs] 
60.576: Total time for which application threads were stopped: 0.0005790 seconds, Stopping threads took: 0.0000630 seconds
60.704: Application time: 0.1288420 seconds
60.704: [GC [PSYoungGen: 23824K->368K(24064K)] 63141K->39765K(107008K), 0.0005580 secs] [Times: user=0.01 sys=0.00, real=0.00 secs] 
60.705: Total time for which application threads were stopped: 0.0006760 seconds, Stopping threads took: 0.0000510 seconds
60.834: Application time: 0.1294080 seconds
60.835: [GC [PSYoungGen: 23920K->208K(24064K)] 63317K->39846K(107008K), 0.0005470 secs] [Times: user=0.00 sys=0.00, real=0.00 secs] 
60.835: Total time for which application threads were stopped: 0.0006810 seconds, Stopping threads took: 0.0000540 seconds
60.966: Application time: 0.1312970 seconds
60.967: [GC [PSYoungGen: 23760K->192K(24064K)] 63398K->39950K(107008K), 0.0004920 secs] [Times: user=0.00 sys=0.00, real=0.00 secs] 
60.967: Total time for which application threads were stopped: 0.0006160 seconds, Stopping threads took: 0.0000550 seconds
61.097: Application time: 0.1301980 seconds
61.097: [GC [PSYoungGen: 23744K->272K(24064K)] 63502K->40054K(107008K), 0.0004870 secs] [Times: user=0.00 sys=0.00, real=0.00 secs] 
61.098: Total time for which application threads were stopped: 0.0006040 seconds, Stopping threads took: 0.0000530 seconds
61.229: Application time: 0.1310940 seconds
61.229: [GC [PSYoungGen: 23824K->224K(24064K)] 63606K->40126K(107008K), 0.0005330 secs] [Times: user=0.00 sys=0.00, real=0.00 secs] 
61.230: Total time for which application threads were stopped: 0.0006630 seconds, Stopping threads took: 0.0000600 seconds
61.360: Application time: 0.1307440 seconds
61.360: [GC [PSYoungGen: 23776K->224K(24064K)] 63678K->40174K(107008K), 0.0004530 secs] [Times: user=0.00 sys=0.00, real=0.00 secs] 
61.361: Total time for which application threads were stopped: 0.0005890 seconds, Stopping threads took: 0.0000600 seconds
61.489: Application time: 0.1279200 seconds
61.489: [GC [PSYoungGen: 23776K->352K(24064K)] 63726K->40374K(107008K), 0.0005380 secs] [Times: user=0.00 sys=0.00, real=0.00 secs] 
61.490: Total time for which application threads were stopped: 0.0006640 seconds, Stopping threads took: 0.0000580 seconds
61.619: Application time: 0.1293910 seconds
61.619: [GC [PSYoungGen: 23904K->288K(24064K)] 63926K->40566K(107008K), 0.0005620 secs] [Times: user=0.00 sys=0.00, real=0.01 secs] 
61.620: Total time for which application threads were stopped: 0.0006990 seconds, Stopping threads took: 0.0000680 seconds
61.750: Application time: 0.1308030 seconds
61.751: [GC [PSYoungGen: 23840K->256K(24064K)] 64118K->40670K(107008K), 0.0004580 secs] [Times: user=0.00 sys=0.00, real=0.00 secs] 
61.751: Total time for which application threads were stopped: 0.0005760 seconds, Stopping threads took: 0.0000510 seconds
61.882: Application time: 0.1309260 seconds
61.882: [GC [PSYoungGen: 23808K->256K(24064K)] 64222K->40694K(107008K), 0.0004760 secs] [Times: user=0.00 sys=0.00, real=0.00 secs] 
61.883: Total time for which application threads were stopped: 0.0006070 seconds, Stopping threads took: 0.0000560 seconds
62.013: Application time: 0.1301710 seconds
62.013: [GC [PSYoungGen: 23808K->224K(24064K)] 64246K->40782K(107008K), 0.0004970 secs] [Times: user=0.00 sys=0.00, real=0.00 secs] 
62.013: Total time for which application threads were stopped: 0.0006230 seconds, Stopping threads took: 0.0000600 seconds
62.144: Application time: 0.1310790 seconds
62.145: [GC [PSYoungGen: 23776K->192K(24064K)] 64334K->40798K(107008K), 0.0004750 secs] [Times: user=0.00 sys=0.00, real=0.00 secs] 
62.145: Total time for which application threads were stopped: 0.0006010 seconds, Stopping threads took: 0.0000610 seconds
62.273: Application time: 0.1281300 seconds
62.273: [GC [PSYoungGen: 23744K->352K(24064K)] 64350K->41030K(107008K), 0.0005110 secs] [Times: user=0.00 sys=0.00, real=0.00 secs] 
62.274: Total time for which application threads were stopped: 0.0006400 seconds, Stopping threads took: 0.0000610 seconds
62.403: Application time: 0.1296170 seconds
62.404: [GC [PSYoungGen: 23904K->208K(24064K)] 64582K->41135K(107008K), 0.0005940 secs] [Times: user=0.00 sys=0.00, real=0.00 secs] 
62.405: Total time for which application threads were stopped: 0.0017540 seconds, Stopping threads took: 0.0000610 seconds
62.536: Application time: 0.1311310 seconds
62.536: [GC [PSYoungGen: 23760K->256K(24064K)] 64687K->41319K(107008K), 0.0004920 secs] [Times: user=0.00 sys=0.00, real=0.00 secs] 
62.537: Total time for which application threads were stopped: 0.0006160 seconds, Stopping threads took: 0.0000550 seconds
62.677: Application time: 0.1396330 seconds
62.677: [GC [PSYoungGen: 23808K->240K(24064K)] 64871K->41327K(107008K), 0.0005140 secs] [Times: user=0.01 sys=0.00, real=0.00 secs] 
62.677: Total time for which application threads were stopped: 0.0006460 seconds, Stopping threads took: 0.0000610 seconds
62.822: Application time: 0.1443120 seconds
62.822: [GC [PSYoungGen: 23792K->256K(24064K)] 64879K->41463K(107008K), 0.0004900 secs] [Times: user=0.00 sys=0.00, real=0.00 secs] 
62.822: Total time for which application threads were stopped: 0.0006200 seconds, Stopping threads took: 0.0000620 seconds
62.966: Application time: 0.1433930 seconds
62.966: [GC [PSYoungGen: 23808K->256K(24064K)] 65015K->41511K(107008K), 0.0004730 secs] [Times: user=0.01 sys=0.00, real=0.00 secs] 
62.966: Total time for which application threads were stopped: 0.0006150 seconds, Stopping threads took: 0.0000650 seconds
63.107: Application time: 0.1410690 seconds
63.107: [GC [PSYoungGen: 23808K->384K(24064K)] 65063K->41711K(107008K), 0.0005500 secs] [Times: user=0.00 sys=0.00, real=0.01 secs] 
63.108: Total time for which application threads were stopped: 0.0006710 seconds, Stopping threads took: 0.0000530 seconds
63.251: Application time: 0.1426470 seconds
63.251: [GC [PSYoungGen: 23936K->288K(24064K)] 65263K->41871K(107008K), 0.0005590 secs] [Times: user=0.01 sys=0.00, real=0.00 secs] 
63.251: Total time for which application threads were stopped: 0.0007020 seconds, Stopping threads took: 0.0000730 seconds
63.396: Application time: 0.1443990 seconds
63.396: [GC [PSYoungGen: 23840K->192K(24064K)] 65423K->41899K(107008K), 0.0005390 secs] [Times: user=0.00 sys=0.00, real=0.00 secs] 
63.396: Total time for which application threads were stopped: 0.0006650 seconds, Stopping threads took: 0.0000590 seconds
63.540: Application time: 0.1439580 seconds
63.540: [GC [PSYoungGen: 23744K->256K(24064K)] 65451K->41987K(107008K), 0.0004820 secs] [Times: user=0.00 sys=0.00, real=0.00 secs] 
63.541: Total time for which application threads were stopped: 0.0006170 seconds, Stopping threads took: 0.0000540 seconds
63.685: Application time: 0.1444890 seconds
63.686: [GC [PSYoungGen: 23808K->256K(24064K)] 65539K->42107K(107008K), 0.0004880 secs] [Times: user=0.00 sys=0.00, real=0.00 secs] 
63.686: Total time for which application threads were stopped: 0.0006240 seconds, Stopping threads took: 0.0000590 seconds
63.829: Application time: 0.1434250 seconds
63.830: [GC [PSYoungGen: 23808K->256K(24064K)] 65659K->42155K(107008K), 0.0004680 secs] [Times: user=0.00 sys=0.00, real=0.00 secs] 
63.830: Total time for which application threads were stopped: 0.0005890 seconds, Stopping threads took: 0.0000520 seconds
63.971: Application time: 0.1413730 seconds
63.972: [GC [PSYoungGen: 23808K->336K(24064K)] 65707K->42308K(107008K), 0.0005410 secs] [Times: user=0.00 sys=0.00, real=0.00 secs] 
63.972: Total time for which application threads were stopped: 0.0006760 seconds, Stopping threads took: 0.0000640 seconds
64.116: Application time: 0.1437650 seconds
64.116: [GC [PSYoungGen: 23888K->256K(24064K)] 65860K->42496K(107008K), 0.0005730 secs] [Times: user=0.00 sys=0.00, real=0.00 secs] 
64.117: Total time for which application threads were stopped: 0.0007090 seconds, Stopping threads took: 0.0000540 seconds
64.260: Application time: 0.1438280 seconds
64.261: [GC [PSYoungGen: 23808K->256K(24064K)] 66048K->42608K(107008K), 0.0004910 secs] [Times: user=0.00 sys=0.00, real=0.00 secs] 
64.261: Total time for which application threads were stopped: 0.0006300 seconds, Stopping threads took: 0.0000660 seconds
64.404: Application time: 0.1429610 seconds
64.404: [GC [PSYoungGen: 23808K->256K(24064K)] 66160K->42632K(107008K), 0.0004810 secs] [Times: user=0.00 sys=0.00, real=0.00 secs] 
64.405: Total time for which application threads were stopped: 0.0006090 seconds, Stopping threads took: 0.0000580 seconds
64.549: Application time: 0.1439790 seconds
64.549: [GC [PSYoungGen: 23808K->256K(24064K)] 66184K->42752K(107008K), 0.0005240 secs] [Times: user=0.00 sys=0.00, real=0.00 secs] 
64.549: Total time for which application threads were stopped: 0.0006480 seconds, Stopping threads took: 0.0000540 seconds
64.692: Application time: 0.1427680 seconds
64.692: [GC [PSYoungGen: 23808K->256K(24064K)] 66304K->42800K(107008K), 0.0004850 secs] [Times: user=0.01 sys=0.00, real=0.00 secs] 
64.693: Total time for which application threads were stopped: 0.0006370 seconds, Stopping threads took: 0.0000690 seconds
64.834: Application time: 0.1410770 seconds
64.836: [GC [PSYoungGen: 23808K->352K(24064K)] 66352K->42976K(107008K), 0.0005520 secs] [Times: user=0.00 sys=0.00, real=0.00 secs] 
64.836: Total time for which application threads were stopped: 0.0023740 seconds, Stopping threads took: 0.0017480 seconds
64.979: Application time: 0.1426450 seconds
64.979: [GC [PSYoungGen: 23904K->320K(24064K)] 66528K->43192K(107008K), 0.0005590 secs] [Times: user=0.00 sys=0.00, real=0.00 secs] 
64.979: Total time for which application threads were stopped: 0.0006830 seconds, Stopping threads took: 0.0000520 seconds
65.124: Application time: 0.1442460 seconds
65.124: [GC [PSYoungGen: 23872K->256K(24064K)] 66744K->43256K(107008K), 0.0005100 secs] [Times: user=0.00 sys=0.00, real=0.00 secs] 
65.124: Total time for which application threads were stopped: 0.0006390 seconds, Stopping threads took: 0.0000600 seconds
65.268: Application time: 0.1437750 seconds
65.268: [GC [PSYoungGen: 23808K->240K(24064K)] 66808K->43264K(107008K), 0.0005060 secs] [Times: user=0.00 sys=0.00, real=0.00 secs] 
65.269: Total time for which application threads were stopped: 0.0006610 seconds, Stopping threads took: 0.0000650 seconds
65.413: Application time: 0.1441620 seconds
65.413: [GC [PSYoungGen: 23792K->256K(24064K)] 66816K->43400K(107008K), 0.0004950 secs] [Times: user=0.00 sys=0.00, real=0.00 secs] 
65.414: Total time for which application threads were stopped: 0.0006270 seconds, Stopping threads took: 0.0000630 seconds
65.557: Application time: 0.1431050 seconds
65.557: [GC [PSYoungGen: 23808K->224K(24064K)] 66952K->43416K(107008K), 0.0005370 secs] [Times: user=0.00 sys=0.00, real=0.00 secs] 
65.557: Total time for which application threads were stopped: 0.0006650 seconds, Stopping threads took: 0.0000560 seconds
65.699: Application time: 0.1413340 seconds
65.699: [GC [PSYoungGen: 23776K->384K(24064K)] 66968K->43640K(107008K), 0.0005340 secs] [Times: user=0.00 sys=0.00, real=0.00 secs] 
65.699: Total time for which application threads were stopped: 0.0006520 seconds, Stopping threads took: 0.0000500 seconds
65.842: Application time: 0.1427560 seconds
65.842: [GC [PSYoungGen: 23936K->256K(24064K)] 67192K->43765K(107008K), 0.0006360 secs] [Times: user=0.00 sys=0.00, real=0.00 secs] 
65.843: Total time for which application threads were stopped: 0.0007800 seconds, Stopping threads took: 0.0000600 seconds
65.987: Application time: 0.1442330 seconds
65.987: [GC [PSYoungGen: 23808K->256K(24064K)] 67317K->43901K(107008K), 0.0004870 secs] [Times: user=0.00 sys=0.00, real=0.01 secs] 
65.988: Total time for which application threads were stopped: 0.0006190 seconds, Stopping threads took: 0.0000610 seconds
66.131: Application time: 0.1436070 seconds
66.131: [GC [PSYoungGen: 23808K->256K(24064K)] 67453K->43925K(107008K), 0.0005150 secs] [Times: user=0.00 sys=0.00, real=0.00 secs] 
66.132: Total time for which application threads were stopped: 0.0006530 seconds, Stopping threads took: 0.0000660 seconds
66.276: Application time: 0.1439050 seconds
66.276: [GC [PSYoungGen: 23808K->256K(24064K)] 67477K->44045K(107008K), 0.0005240 secs] [Times: user=0.00 sys=0.00, real=0.00 secs] 
66.277: Total time for which application threads were stopped: 0.0006760 seconds, Stopping threads took: 0.0000790 seconds
66.420: Application time: 0.1434170 seconds
66.420: [GC [PSYoungGen: 23808K->256K(24064K)] 67597K->44093K(107008K), 0.0005000 secs] [Times: user=0.00 sys=0.00, real=0.00 secs] 
66.421: Total time for which application threads were stopped: 0.0006330 seconds, Stopping threads took: 0.0000530 seconds
66.562: Application time: 0.1409340 seconds
66.562: [GC [PSYoungGen: 23808K->320K(24064K)] 67645K->44221K(107008K), 0.0005980 secs] [Times: user=0.00 sys=0.00, real=0.00 secs] 
66.562: Total time for which application threads were stopped: 0.0007320 seconds, Stopping threads took: 0.0000620 seconds
66.694: Application time: 0.1321570 seconds
66.695: [GC [PSYoungGen: 23872K->208K(24064K)] 67773K->44353K(107008K), 0.0006280 secs] [Times: user=0.00 sys=0.00, real=0.00 secs] 
66.695: Total time for which application threads were stopped: 0.0007530 seconds, Stopping threads took: 0.0000560 seconds
66.826: Application time: 0.1311500 seconds
66.826: [GC [PSYoungGen: 23760K->256K(24064K)] 67905K->44521K(107008K), 0.0004870 secs] [Times: user=0.00 sys=0.00, real=0.00 secs] 
66.827: Total time for which application threads were stopped: 0.0006150 seconds, Stopping threads took: 0.0000620 seconds
66.958: Application time: 0.1306830 seconds
66.958: [GC [PSYoungGen: 23808K->256K(24064K)] 68073K->44545K(107008K), 0.0004850 secs] [Times: user=0.00 sys=0.00, real=0.00 secs] 
66.958: Total time for which application threads were stopped: 0.0006090 seconds, Stopping threads took: 0.0000480 seconds
67.090: Application time: 0.1320430 seconds
67.090: [GC [PSYoungGen: 23808K->256K(24064K)] 68097K->44665K(107008K), 0.0005220 secs] [Times: user=0.00 sys=0.00, real=0.00 secs] 
67.091: Total time for which application threads were stopped: 0.0006500 seconds, Stopping threads took: 0.0000570 seconds
67.222: Application time: 0.1309680 seconds
67.222: [GC [PSYoungGen: 23808K->256K(24064K)] 68217K->44713K(107008K), 0.0004340 secs] [Times: user=0.00 sys=0.00, real=0.00 secs] 
67.222: Total time for which application threads were stopped: 0.0005620 seconds, Stopping threads took: 0.0000630 seconds
67.351: Application time: 0.1287950 seconds
67.351: [GC [PSYoungGen: 23808K->368K(24064K)] 68265K->44898K(107008K), 0.0005510 secs] [Times: user=0.00 sys=0.00, real=0.00 secs] 
67.352: Total time for which application threads were stopped: 0.0006720 seconds, Stopping threads took: 0.0000520 seconds
67.481: Application time: 0.1294760 seconds
67.482: [GC [PSYoungGen: 23920K->256K(24064K)] 68450K->45050K(107008K), 0.0005320 secs] [Times: user=0.01 sys=0.00, real=0.00 secs] 
67.482: Total time for which application threads were stopped: 0.0006760 seconds, Stopping threads took: 0.0000570 seconds
67.613: Application time: 0.1311720 seconds
67.613: [GC [PSYoungGen: 23808K->256K(24064K)] 68602K->45186K(107008K), 0.0004720 secs] [Times: user=0.01 sys=0.00, real=0.00 secs] 
67.614: Total time for which application threads were stopped: 0.0005970 seconds, Stopping threads took: 0.0000570 seconds
67.744: Application time: 0.1302290 seconds
67.744: [GC [PSYoungGen: 23808K->240K(24064K)] 68738K->45194K(107008K), 0.0005110 secs] [Times: user=0.00 sys=0.00, real=0.00 secs] 
67.745: Total time for which application threads were stopped: 0.0006400 seconds, Stopping threads took: 0.0000610 seconds
67.875: Application time: 0.1305600 seconds
67.875: [GC [PSYoungGen: 23792K->224K(24064K)] 68746K->45298K(107008K), 0.0005100 secs] [Times: user=0.00 sys=0.01, real=0.00 secs] 
67.876: Total time for which application threads were stopped: 0.0006330 seconds, Stopping threads took: 0.0000580 seconds
68.006: Application time: 0.1304900 seconds
68.007: [GC [PSYoungGen: 23776K->256K(24064K)] 68850K->45378K(107008K), 0.0004670 secs] [Times: user=0.00 sys=0.00, real=0.00 secs] 
68.007: Total time for which application threads were stopped: 0.0006080 seconds, Stopping threads took: 0.0000650 seconds
68.136: Application time: 0.1290370 seconds
68.136: [GC [PSYoungGen: 23808K->368K(24064K)] 68930K->45562K(107008K), 0.0005630 secs] [Times: user=0.00 sys=0.00, real=0.00 secs] 
68.137: Total time for which application threads were stopped: 0.0006860 seconds, Stopping threads took: 0.0000560 seconds
68.267: Application time: 0.1297180 seconds
68.267: [GC [PSYoungGen: 23920K->272K(24064K)] 69114K->45714K(107008K), 0.0005790 secs] [Times: user=0.00 sys=0.00, real=0.00 secs] 
68.267: Total time for which application threads were stopped: 0.0007080 seconds, Stopping threads took: 0.0000600 seconds
68.398: Application time: 0.1312370 seconds
68.399: [GC [PSYoungGen: 23824K->224K(24064K)] 69266K->45794K(107008K), 0.0005180 secs] [Times: user=0.00 sys=0.00, real=0.00 secs] 
68.399: Total time for which application threads were stopped: 0.0006400 seconds, Stopping threads took: 0.0000510 seconds
68.530: Application time: 0.1307580 seconds
68.530: [GC [PSYoungGen: 23776K->256K(24064K)] 69346K->45850K(107008K), 0.0004640 secs] [Times: user=0.00 sys=0.00, real=0.00 secs] 
68.530: Total time for which application threads were stopped: 0.0005940 seconds, Stopping threads took: 0.0000560 seconds
68.661: Application time: 0.1305060 seconds
68.661: [GC [PSYoungGen: 23808K->224K(24064K)] 69402K->45938K(107008K), 0.0005030 secs] [Times: user=0.00 sys=0.00, real=0.00 secs] 
68.662: Total time for which application threads were stopped: 0.0006270 seconds, Stopping threads took: 0.0000560 seconds
68.792: Application time: 0.1303810 seconds
68.792: [GC [PSYoungGen: 23776K->256K(24064K)] 69490K->46018K(107008K), 0.0004680 secs] [Times: user=0.00 sys=0.00, real=0.00 secs] 
68.793: Total time for which application threads were stopped: 0.0005940 seconds, Stopping threads took: 0.0000590 seconds
68.920: Application time: 0.1274200 seconds
68.920: [GC [PSYoungGen: 23808K->384K(24064K)] 69570K->46211K(107008K), 0.0005490 secs] [Times: user=0.00 sys=0.00, real=0.00 secs] 
68.921: Total time for which application threads were stopped: 0.0006670 seconds, Stopping threads took: 0.0000530 seconds
69.051: Application time: 0.1303540 seconds
69.051: [GC [PSYoungGen: 23936K->256K(24064K)] 69763K->46351K(107008K), 0.0005350 secs] [Times: user=0.00 sys=0.01, real=0.00 secs] 
69.052: Total time for which application threads were stopped: 0.0006630 seconds, Stopping threads took: 0.0000530 seconds
69.183: Application time: 0.1310690 seconds
69.183: [GC [PSYoungGen: 23808K->256K(24064K)] 69903K->46487K(107008K), 0.0004670 secs] [Times: user=0.00 sys=0.00, real=0.00 secs] 
69.183: Total time for which application threads were stopped: 0.0005910 seconds, Stopping threads took: 0.0000540 seconds
69.315: Application time: 0.1312570 seconds
69.315: [GC [PSYoungGen: 23808K->256K(24064K)] 70039K->46511K(107008K), 0.0004990 secs] [Times: user=0.00 sys=0.00, real=0.00 secs] 
69.315: Total time for which application threads were stopped: 0.0006470 seconds, Stopping threads took: 0.0000730 seconds
69.446: Application time: 0.1310140 seconds
69.446: [GC [PSYoungGen: 23808K->256K(24064K)] 70063K->46631K(107008K), 0.0004990 secs] [Times: user=0.00 sys=0.00, real=0.00 secs] 
69.447: Total time for which application threads were stopped: 0.0006400 seconds, Stopping threads took: 0.0000720 seconds
69.578: Application time: 0.1307080 seconds
69.578: [GC [PSYoungGen: 23808K->224K(24064K)] 70183K->46647K(107008K), 0.0004820 secs] [Times: user=0.00 sys=0.00, real=0.00 secs] 
69.578: Total time for which application threads were stopped: 0.0006160 seconds, Stopping threads took: 0.0000570 seconds
69.706: Application time: 0.1272740 seconds
69.706: [GC [PSYoungGen: 23776K->368K(24064K)] 70199K->46791K(107008K), 0.0005030 secs] [Times: user=0.00 sys=0.00, real=0.00 secs] 
69.706: Total time for which application threads were stopped: 0.0006230 seconds, Stopping threads took: 0.0000530 seconds
69.836: Application time: 0.1302690 seconds
69.837: [GC [PSYoungGen: 23920K->208K(24064K)] 70343K->46923K(107008K), 0.0005910 secs] [Times: user=0.01 sys=0.00, real=0.00 secs] 
69.837: Total time for which application threads were stopped: 0.0007100 seconds, Stopping threads took: 0.0000520 seconds
69.968: Application time: 0.1310780 seconds
69.968: [GC [PSYoungGen: 23760K->224K(24064K)] 70475K->47067K(107008K), 0.0005330 secs] [Times: user=0.01 sys=0.00, real=0.00 secs] 
69.969: Total time for which application threads were stopped: 0.0006620 seconds, Stopping threads took: 0.0000610 seconds
70.100: Application time: 0.1309790 seconds
70.100: [GC [PSYoungGen: 23776K->256K(24064K)] 70619K->47099K(107008K), 0.0004840 secs] [Times: user=0.00 sys=0.00, real=0.00 secs] 
70.100: Total time for which application threads were stopped: 0.0006140 seconds, Stopping threads took: 0.0000500 seconds
70.232: Application time: 0.1313820 seconds
70.232: [GC [PSYoungGen: 23808K->256K(24064K)] 70651K->47243K(107008K), 0.0005100 secs] [Times: user=0.00 sys=0.00, real=0.00 secs] 
70.232: Total time for which application threads were stopped: 0.0006150 seconds, Stopping threads took: 0.0000370 seconds
70.363: Application time: 0.1309930 seconds
70.364: [GC [PSYoungGen: 23808K->256K(24064K)] 70795K->47292K(107008K), 0.0004590 secs] [Times: user=0.00 sys=0.00, real=0.00 secs] 
70.364: Total time for which application threads were stopped: 0.0005900 seconds, Stopping threads took: 0.0000640 seconds
70.492: Application time: 0.1278900 seconds
70.492: [GC [PSYoungGen: 23808K->384K(24064K)] 70844K->47420K(107008K), 0.0005220 secs] [Times: user=0.00 sys=0.00, real=0.00 secs] 
70.493: Total time for which application threads were stopped: 0.0006550 seconds, Stopping threads took: 0.0000630 seconds
70.622: Application time: 0.1297820 seconds
70.622: [GC [PSYoungGen: 23936K->288K(24064K)] 70972K->47620K(107008K), 0.0005520 secs] [Times: user=0.00 sys=0.00, real=0.00 secs] 
70.623: Total time for which application threads were stopped: 0.0006870 seconds, Stopping threads took: 0.0000580 seconds
70.755: Application time: 0.1314790 seconds
70.755: [GC [PSYoungGen: 23840K->192K(24064K)] 71172K->47644K(107008K), 0.0004960 secs] [Times: user=0.00 sys=0.00, real=0.00 secs] 
70.755: Total time for which application threads were stopped: 0.0006300 seconds, Stopping threads took: 0.0000650 seconds
70.886: Application time: 0.1306730 seconds
70.886: [GC [PSYoungGen: 23744K->256K(24064K)] 71196K->47708K(107008K), 0.0004490 secs] [Times: user=0.00 sys=0.00, real=0.00 secs] 
70.886: Total time for which application threads were stopped: 0.0005800 seconds, Stopping threads took: 0.0000620 seconds
71.017: Application time: 0.1305770 seconds
71.020: [GC [PSYoungGen: 23808K->256K(24064K)] 71260K->47852K(107008K), 0.0004910 secs] [Times: user=0.00 sys=0.00, real=0.00 secs] 
71.020: Total time for which application threads were stopped: 0.0030360 seconds, Stopping threads took: 0.0024610 seconds
71.151: Application time: 0.1308270 seconds
71.152: [GC [PSYoungGen: 23808K->256K(24064K)] 71404K->47900K(107008K), 0.0005210 secs] [Times: user=0.00 sys=0.00, real=0.00 secs] 
71.152: Total time for which application threads were stopped: 0.0012370 seconds, Stopping threads took: 0.0006370 seconds
71.280: Application time: 0.1277650 seconds
71.280: [GC [PSYoungGen: 23808K->432K(24064K)] 71452K->48076K(107008K), 0.0005580 secs] [Times: user=0.00 sys=0.00, real=0.00 secs] 
71.281: Total time for which application threads were stopped: 0.0006920 seconds, Stopping threads took: 0.0000630 seconds
71.411: Application time: 0.1299820 seconds
71.411: [GC [PSYoungGen: 23984K->272K(24064K)] 71628K->48212K(107008K), 0.0005650 secs] [Times: user=0.00 sys=0.00, real=0.00 secs] 
71.411: Total time for which application threads were stopped: 0.0006910 seconds, Stopping threads took: 0.0000600 seconds
71.543: Application time: 0.1313300 seconds
71.543: [GC [PSYoungGen: 23824K->224K(24064K)] 71764K->48284K(107008K), 0.0005600 secs] [Times: user=0.01 sys=0.00, real=0.00 secs] 
71.543: Total time for which application threads were stopped: 0.0006860 seconds, Stopping threads took: 0.0000550 seconds
71.674: Application time: 0.1308000 seconds
71.674: [GC [PSYoungGen: 23776K->224K(24064K)] 71836K->48284K(107008K), 0.0005240 secs] [Times: user=0.00 sys=0.00, real=0.00 secs] 
71.675: Total time for which application threads were stopped: 0.0006650 seconds, Stopping threads took: 0.0000650 seconds
71.805: Application time: 0.1307280 seconds
71.806: [GC [PSYoungGen: 23776K->224K(24064K)] 71836K->48428K(107008K), 0.0005330 secs] [Times: user=0.00 sys=0.00, real=0.00 secs] 
71.806: Total time for which application threads were stopped: 0.0006850 seconds, Stopping threads took: 0.0000840 seconds
71.937: Application time: 0.1312050 seconds
71.937: [GC [PSYoungGen: 23776K->256K(24064K)] 71980K->48509K(107008K), 0.0004610 secs] [Times: user=0.00 sys=0.00, real=0.00 secs] 
71.938: Total time for which application threads were stopped: 0.0005820 seconds, Stopping threads took: 0.0000540 seconds
72.066: Application time: 0.1282720 seconds
72.066: [GC [PSYoungGen: 23808K->384K(24064K)] 72061K->48637K(107008K), 0.0005190 secs] [Times: user=0.00 sys=0.00, real=0.00 secs] 
72.067: Total time for which application threads were stopped: 0.0006380 seconds, Stopping threads took: 0.0000510 seconds
72.196: Application time: 0.1292730 seconds
72.196: [GC [PSYoungGen: 23936K->256K(24064K)] 72189K->48813K(107008K), 0.0005640 secs] [Times: user=0.00 sys=0.00, real=0.00 secs] 
72.197: Total time for which application threads were stopped: 0.0007000 seconds, Stopping threads took: 0.0000610 seconds
72.328: Application time: 0.1312690 seconds
72.328: [GC [PSYoungGen: 23808K->256K(24064K)] 72365K->48949K(107008K), 0.0004710 secs] [Times: user=0.00 sys=0.00, real=0.00 secs] 
72.329: Total time for which application threads were stopped: 0.0005900 seconds, Stopping threads took: 0.0000540 seconds
72.459: Application time: 0.1305660 seconds
72.459: [GC [PSYoungGen: 23808K->256K(24064K)] 72501K->48949K(107008K), 0.0004840 secs] [Times: user=0.00 sys=0.01, real=0.01 secs] 
72.460: Total time for which application threads were stopped: 0.0006130 seconds, Stopping threads took: 0.0000600 seconds
72.590: Application time: 0.1302710 seconds
72.590: [GC [PSYoungGen: 23808K->224K(24064K)] 72501K->49045K(107008K), 0.0005850 secs] [Times: user=0.00 sys=0.00, real=0.00 secs] 
72.592: Total time for which application threads were stopped: 0.0016990 seconds, Stopping threads took: 0.0000530 seconds
72.723: Application time: 0.1313520 seconds
72.723: [GC [PSYoungGen: 23776K->256K(24064K)] 72597K->49125K(107008K), 0.0005190 secs] [Times: user=0.00 sys=0.00, real=0.00 secs] 
72.724: Total time for which application threads were stopped: 0.0006720 seconds, Stopping threads took: 0.0000730 seconds
72.852: Application time: 0.1281780 seconds
72.852: [GC [PSYoungGen: 23808K->400K(24064K)] 72677K->49269K(107008K), 0.0005210 secs] [Times: user=0.00 sys=0.00, real=0.00 secs] 
72.853: Total time for which application threads were stopped: 0.0006540 seconds, Stopping threads took: 0.0000590 seconds
72.983: Application time: 0.1303290 seconds
72.983: [GC [PSYoungGen: 23952K->240K(24064K)] 72821K->49401K(107008K), 0.0005920 secs] [Times: user=0.00 sys=0.00, real=0.00 secs] 
72.984: Total time for which application threads were stopped: 0.0007170 seconds, Stopping threads took: 0.0000560 seconds
73.115: Application time: 0.1307860 seconds
73.115: [GC [PSYoungGen: 23792K->256K(24064K)] 72953K->49553K(107008K), 0.0004840 secs] [Times: user=0.00 sys=0.00, real=0.00 secs] 
73.115: Total time for which application threads were stopped: 0.0006120 seconds, Stopping threads took: 0.0000600 seconds
73.245: Application time: 0.1298800 seconds
73.245: [GC [PSYoungGen: 23808K->240K(24064K)] 73105K->49537K(107008K), 0.0005100 secs] [Times: user=0.00 sys=0.00, real=0.00 secs] 
73.246: Total time for which application threads were stopped: 0.0006470 seconds, Stopping threads took: 0.0000550 seconds
73.378: Application time: 0.1320380 seconds
73.378: [GC [PSYoungGen: 23792K->256K(24064K)] 73089K->49697K(107008K), 0.0004880 secs] [Times: user=0.00 sys=0.00, real=0.00 secs] 
73.378: Total time for which application threads were stopped: 0.0006120 seconds, Stopping threads took: 0.0000540 seconds
73.509: Application time: 0.1306840 seconds
73.509: [GC [PSYoungGen: 23808K->256K(24064K)] 73249K->49746K(107008K), 0.0004450 secs] [Times: user=0.00 sys=0.00, real=0.00 secs] 
73.510: Total time for which application threads were stopped: 0.0005740 seconds, Stopping threads took: 0.0000630 seconds
73.637: Application time: 0.1277940 seconds
73.638: [GC [PSYoungGen: 23808K->352K(24064K)] 73298K->49842K(107008K), 0.0005260 secs] [Times: user=0.00 sys=0.00, real=0.00 secs] 
73.638: Total time for which application threads were stopped: 0.0006520 seconds, Stopping threads took: 0.0000570 seconds
73.768: Application time: 0.1303530 seconds
73.769: [GC [PSYoungGen: 23904K->288K(24064K)] 73394K->50078K(107008K), 0.0005720 secs] [Times: user=0.01 sys=0.00, real=0.00 secs] 
73.769: Total time for which application threads were stopped: 0.0007030 seconds, Stopping threads took: 0.0000540 seconds
73.901: Application time: 0.1314270 seconds
73.901: [GC [PSYoungGen: 23840K->224K(24064K)] 73630K->50142K(107008K), 0.0005000 secs] [Times: user=0.00 sys=0.00, real=0.00 secs] 
73.901: Total time for which application threads were stopped: 0.0006310 seconds, Stopping threads took: 0.0000630 seconds
74.032: Application time: 0.1308390 seconds
74.032: [GC [PSYoungGen: 23776K->224K(24064K)] 73694K->50142K(107008K), 0.0004760 secs] [Times: user=0.00 sys=0.00, real=0.00 secs] 
74.033: Total time for which application threads were stopped: 0.0006070 seconds, Stopping threads took: 0.0000680 seconds
74.163: Application time: 0.1305150 seconds
74.163: [GC [PSYoungGen: 23776K->256K(24064K)] 73694K->50318K(107008K), 0.0005430 secs] [Times: user=0.00 sys=0.00, real=0.00 secs] 
74.164: Total time for which application threads were stopped: 0.0006660 seconds, Stopping threads took: 0.0000550 seconds
74.295: Application time: 0.1307480 seconds
74.295: [GC [PSYoungGen: 23808K->256K(24064K)] 73870K->50366K(107008K), 0.0004520 secs] [Times: user=0.00 sys=0.00, real=0.00 secs] 
74.295: Total time for which application threads were stopped: 0.0005790 seconds, Stopping threads took: 0.0000510 seconds
74.423: Application time: 0.1282320 seconds
74.423: [GC [PSYoungGen: 23808K->320K(24064K)] 73918K->50486K(107008K), 0.0005330 secs] [Times: user=0.00 sys=0.00, real=0.00 secs] 
74.424: Total time for which application threads were stopped: 0.0006620 seconds, Stopping threads took: 0.0000630 seconds
74.554: Application time: 0.1295600 seconds
74.554: [GC [PSYoungGen: 23872K->256K(24064K)] 74038K->50682K(107008K), 0.0005870 secs] [Times: user=0.00 sys=0.00, real=0.00 secs] 
74.554: Total time for which application threads were stopped: 0.0007160 seconds, Stopping threads took: 0.0000590 seconds
74.685: Application time: 0.1308360 seconds
74.685: [GC [PSYoungGen: 23808K->256K(24064K)] 74234K->50810K(107008K), 0.0004890 secs] [Times: user=0.00 sys=0.00, real=0.00 secs] 
74.686: Total time for which application threads were stopped: 0.0006480 seconds, Stopping threads took: 0.0000820 seconds
74.816: Application time: 0.1304900 seconds
74.816: [GC [PSYoungGen: 23808K->240K(24064K)] 74362K->50794K(107008K), 0.0004880 secs] [Times: user=0.00 sys=0.00, real=0.00 secs] 
74.817: Total time for which application threads were stopped: 0.0006210 seconds, Stopping threads took: 0.0000570 seconds
74.948: Application time: 0.1308050 seconds
74.948: [GC [PSYoungGen: 23792K->256K(24064K)] 74346K->50955K(107008K), 0.0004920 secs] [Times: user=0.00 sys=0.00, real=0.00 secs] 
74.948: Total time for which application threads were stopped: 0.0006130 seconds, Stopping threads took: 0.0000530 seconds
75.079: Application time: 0.1309000 seconds
75.079: [GC [PSYoungGen: 23808K->192K(24064K)] 74507K->50939K(107008K), 0.0004730 secs] [Times: user=0.00 sys=0.00, real=0.01 secs] 
75.080: Total time for which application threads were stopped: 0.0005850 seconds, Stopping threads took: 0.0000410 seconds
75.208: Application time: 0.1281660 seconds
75.208: [GC [PSYoungGen: 23744K->400K(24064K)] 74491K->51203K(107008K), 0.0005360 secs] [Times: user=0.00 sys=0.00, real=0.00 secs] 
75.209: Total time for which application threads were stopped: 0.0006550 seconds, Stopping threads took: 0.0000530 seconds
75.339: Application time: 0.1300940 seconds
75.339: [GC [PSYoungGen: 23952K->288K(24064K)] 74755K->51371K(107008K), 0.0005470 secs] [Times: user=0.00 sys=0.00, real=0.00 secs] 
75.339: Total time for which application threads were stopped: 0.0006870 seconds, Stopping threads took: 0.0000560 seconds
75.471: Application time: 0.1314370 seconds
75.471: [GC [PSYoungGen: 23840K->256K(24064K)] 74923K->51467K(107008K), 0.0005230 secs] [Times: user=0.00 sys=0.00, real=0.00 secs] 
75.472: Total time for which application threads were stopped: 0.0006390 seconds, Stopping threads took: 0.0000490 seconds
75.602: Application time: 0.1306520 seconds
75.602: [GC [PSYoungGen: 23808K->256K(24064K)] 75019K->51467K(107008K), 0.0004740 secs] [Times: user=0.00 sys=0.00, real=0.00 secs] 
75.603: Total time for which application threads were stopped: 0.0005900 seconds, Stopping threads took: 0.0000500 seconds
75.734: Application time: 0.1309280 seconds
75.734: [GC [PSYoungGen: 23808K->256K(24064K)] 75019K->51611K(107008K), 0.0004930 secs] [Times: user=0.00 sys=0.00, real=0.00 secs] 
75.734: Total time for which application threads were stopped: 0.0006180 seconds, Stopping threads took: 0.0000550 seconds
75.864: Application time: 0.1301730 seconds
75.865: [GC [PSYoungGen: 23808K->256K(24064K)] 75163K->51659K(107008K), 0.0004650 secs] [Times: user=0.00 sys=0.00, real=0.00 secs] 
75.865: Total time for which application threads were stopped: 0.0005940 seconds, Stopping threads took: 0.0000490 seconds
75.994: Application time: 0.1285470 seconds
75.994: [GC [PSYoungGen: 23808K->400K(24064K)] 75211K->51859K(107008K), 0.0005360 secs] [Times: user=0.00 sys=0.00, real=0.00 secs] 
75.994: Total time for which application threads were stopped: 0.0006710 seconds, Stopping threads took: 0.0000690 seconds
76.125: Application time: 0.1303940 seconds
76.125: [GC [PSYoungGen: 23952K->256K(24064K)] 75411K->51995K(107008K), 0.0005480 secs] [Times: user=0.00 sys=0.00, real=0.00 secs] 
76.125: Total time for which application threads were stopped: 0.0006950 seconds, Stopping threads took: 0.0000770 seconds
76.257: Application time: 0.1311970 seconds
76.257: [GC [PSYoungGen: 23808K->256K(24064K)] 75547K->52123K(107008K), 0.0004910 secs] [Times: user=0.00 sys=0.00, real=0.00 secs] 
76.257: Total time for which application threads were stopped: 0.0006140 seconds, Stopping threads took: 0.0000570 seconds
76.387: Application time: 0.1302490 seconds
76.388: [GC [PSYoungGen: 23807K->256K(24064K)] 75675K->52123K(107008K), 0.0004840 secs] [Times: user=0.00 sys=0.00, real=0.00 secs] 
76.388: Total time for which application threads were stopped: 0.0006210 seconds, Stopping threads took: 0.0000590 seconds
76.520: Application time: 0.1315720 seconds
76.520: [GC [PSYoungGen: 23808K->256K(24064K)] 75675K->52268K(107008K), 0.0004990 secs] [Times: user=0.00 sys=0.00, real=0.00 secs] 
76.520: Total time for which application threads were stopped: 0.0006240 seconds, Stopping threads took: 0.0000580 seconds
76.651: Application time: 0.1308980 seconds
76.651: [GC [PSYoungGen: 23808K->256K(24064K)] 75820K->52316K(107008K), 0.0004720 secs] [Times: user=0.00 sys=0.00, real=0.00 secs] 
76.652: Total time for which application threads were stopped: 0.0005890 seconds, Stopping threads took: 0.0000490 seconds
76.780: Application time: 0.1279680 seconds
76.780: [GC [PSYoungGen: 23808K->400K(24064K)] 75868K->52468K(107008K), 0.0005290 secs] [Times: user=0.01 sys=0.00, real=0.00 secs] 
76.780: Total time for which application threads were stopped: 0.0006480 seconds, Stopping threads took: 0.0000480 seconds
76.910: Application time: 0.1298510 seconds
76.910: [GC [PSYoungGen: 23952K->224K(24064K)] 76020K->52588K(107008K), 0.0005670 secs] [Times: user=0.00 sys=0.00, real=0.00 secs] 
76.911: Total time for which application threads were stopped: 0.0007090 seconds, Stopping threads took: 0.0000620 seconds
77.043: Application time: 0.1316030 seconds
77.043: [GC [PSYoungGen: 23776K->224K(24064K)] 76140K->52716K(107008K), 0.0004850 secs] [Times: user=0.00 sys=0.00, real=0.00 secs] 
77.043: Total time for which application threads were stopped: 0.0006090 seconds, Stopping threads took: 0.0000590 seconds
77.174: Application time: 0.1303200 seconds
77.174: [GC [PSYoungGen: 23776K->256K(24064K)] 76268K->52748K(107008K), 0.0005590 secs] [Times: user=0.00 sys=0.00, real=0.00 secs] 
77.174: Total time for which application threads were stopped: 0.0006790 seconds, Stopping threads took: 0.0000520 seconds
77.305: Application time: 0.1309330 seconds
77.305: [GC [PSYoungGen: 23808K->256K(24064K)] 76300K->52892K(107008K), 0.0005110 secs] [Times: user=0.00 sys=0.00, real=0.00 secs] 
77.306: Total time for which application threads were stopped: 0.0006390 seconds, Stopping threads took: 0.0000590 seconds
77.437: Application time: 0.1308520 seconds
77.437: [GC [PSYoungGen: 23808K->256K(24064K)] 76444K->52940K(107008K), 0.0004640 secs] [Times: user=0.01 sys=0.00, real=0.00 secs] 
77.437: Total time for which application threads were stopped: 0.0006020 seconds, Stopping threads took: 0.0000590 seconds
77.565: Application time: 0.1282070 seconds
77.566: [GC [PSYoungGen: 23808K->352K(24064K)] 76492K->53092K(107008K), 0.0005800 secs] [Times: user=0.00 sys=0.00, real=0.00 secs] 
77.566: Total time for which application threads were stopped: 0.0006960 seconds, Stopping threads took: 0.0000520 seconds
77.696: Application time: 0.1300420 seconds
77.696: [GC [PSYoungGen: 23904K->256K(24064K)] 76644K->53260K(107008K), 0.0006070 secs] [Times: user=0.00 sys=0.00, real=0.00 secs] 
77.698: Total time for which application threads were stopped: 0.0017210 seconds, Stopping threads took: 0.0000480 seconds
77.829: Application time: 0.1309130 seconds
77.829: [GC [PSYoungGen: 23808K->256K(24064K)] 76812K->53396K(107008K), 0.0005290 secs] [Times: user=0.00 sys=0.00, real=0.00 secs] 
77.829: Total time for which application threads were stopped: 0.0006490 seconds, Stopping threads took: 0.0000540 seconds
77.960: Application time: 0.1302970 seconds
77.960: [GC [PSYoungGen: 23808K->256K(24064K)] 76948K->53396K(107008K), 0.0005540 secs] [Times: user=0.00 sys=0.00, real=0.00 secs] 
77.960: Total time for which application threads were stopped: 0.0007110 seconds, Stopping threads took: 0.0000760 seconds
78.092: Application time: 0.1314710 seconds
78.092: [GC [PSYoungGen: 23808K->256K(24064K)] 76948K->53541K(107008K), 0.0005120 secs] [Times: user=0.01 sys=0.00, real=0.00 secs] 
78.093: Total time for which application threads were stopped: 0.0006370 seconds, Stopping threads took: 0.0000540 seconds
78.223: Application time: 0.1305910 seconds
78.223: [GC [PSYoungGen: 23808K->256K(24064K)] 77093K->53589K(107008K), 0.0004610 secs] [Times: user=0.00 sys=0.00, real=0.00 secs] 
78.224: Total time for which application threads were stopped: 0.0005900 seconds, Stopping threads took: 0.0000520 seconds
78.352: Application time: 0.1280280 seconds
78.353: [GC [PSYoungGen: 23808K->400K(24064K)] 77141K->53733K(107008K), 0.0005860 secs] [Times: user=0.01 sys=0.00, real=0.00 secs] 
78.354: Total time for which application threads were stopped: 0.0019750 seconds, Stopping threads took: 0.0013200 seconds
78.484: Application time: 0.1298280 seconds
78.484: [GC [PSYoungGen: 23952K->288K(24064K)] 77285K->53933K(107008K), 0.0005990 secs] [Times: user=0.00 sys=0.00, real=0.00 secs] 
78.484: Total time for which application threads were stopped: 0.0007560 seconds, Stopping threads took: 0.0000750 seconds
78.615: Application time: 0.1310050 seconds
78.615: [GC [PSYoungGen: 23840K->256K(24064K)] 77485K->54037K(107008K), 0.0004830 secs] [Times: user=0.00 sys=0.00, real=0.00 secs] 
78.616: Total time for which application threads were stopped: 0.0006030 seconds, Stopping threads took: 0.0000520 seconds
78.746: Application time: 0.1303320 seconds
78.746: [GC [PSYoungGen: 23808K->256K(24064K)] 77589K->54037K(107008K), 0.0004850 secs] [Times: user=0.00 sys=0.00, real=0.00 secs] 
78.747: Total time for which application threads were stopped: 0.0006100 seconds, Stopping threads took: 0.0000590 seconds
78.878: Application time: 0.1306600 seconds
78.878: [GC [PSYoungGen: 23808K->208K(24064K)] 77589K->54125K(107008K), 0.0005370 secs] [Times: user=0.00 sys=0.00, real=0.00 secs] 
78.878: Total time for which application threads were stopped: 0.0006710 seconds, Stopping threads took: 0.0000620 seconds
79.009: Application time: 0.1305250 seconds
79.009: [GC [PSYoungGen: 23760K->256K(24064K)] 77677K->54221K(107008K), 0.0004640 secs] [Times: user=0.00 sys=0.00, real=0.00 secs] 
79.009: Total time for which application threads were stopped: 0.0006000 seconds, Stopping threads took: 0.0000580 seconds
79.137: Application time: 0.1278840 seconds
79.137: [GC [PSYoungGen: 23808K->352K(24064K)] 77773K->54317K(107008K), 0.0005520 secs] [Times: user=0.00 sys=0.00, real=0.00 secs] 
79.138: Total time for which application threads were stopped: 0.0006770 seconds, Stopping threads took: 0.0000570 seconds
79.268: Application time: 0.1297320 seconds
79.268: [GC [PSYoungGen: 23904K->208K(24064K)] 77869K->54445K(107008K), 0.0005990 secs] [Times: user=0.00 sys=0.00, real=0.00 secs] 
79.268: Total time for which application threads were stopped: 0.0007210 seconds, Stopping threads took: 0.0000560 seconds
79.400: Application time: 0.1315500 seconds
79.400: [GC [PSYoungGen: 23760K->256K(24064K)] 77997K->54645K(107008K), 0.0004980 secs] [Times: user=0.00 sys=0.00, real=0.00 secs] 
79.401: Total time for which application threads were stopped: 0.0006240 seconds, Stopping threads took: 0.0000590 seconds
79.533: Application time: 0.1321500 seconds
79.533: [GC [PSYoungGen: 23808K->256K(24064K)] 78197K->54645K(107008K), 0.0004870 secs] [Times: user=0.01 sys=0.00, real=0.00 secs] 
79.533: Total time for which application threads were stopped: 0.0006170 seconds, Stopping threads took: 0.0000520 seconds
79.664: Application time: 0.1306520 seconds
79.664: [GC [PSYoungGen: 23808K->256K(24064K)] 78197K->54766K(107008K), 0.0004960 secs] [Times: user=0.00 sys=0.00, real=0.00 secs] 
79.665: Total time for which application threads were stopped: 0.0006290 seconds, Stopping threads took: 0.0000660 seconds
79.795: Application time: 0.1307100 seconds
79.795: [GC [PSYoungGen: 23808K->256K(24064K)] 78318K->54838K(107008K), 0.0004690 secs] [Times: user=0.00 sys=0.00, real=0.00 secs] 
79.796: Total time for which application threads were stopped: 0.0006030 seconds, Stopping threads took: 0.0000600 seconds
79.924: Application time: 0.1284130 seconds
79.924: [GC [PSYoungGen: 23808K->304K(24064K)] 78390K->54886K(107008K), 0.0005290 secs] [Times: user=0.00 sys=0.00, real=0.00 secs] 
79.925: Total time for which application threads were stopped: 0.0006470 seconds, Stopping threads took: 0.0000520 seconds
80.054: Application time: 0.1293280 seconds
80.054: [GC [PSYoungGen: 23856K->288K(24064K)] 78438K->55126K(107008K), 0.0005610 secs] [Times: user=0.01 sys=0.00, real=0.00 secs] 
80.055: Total time for which application threads were stopped: 0.0006940 seconds, Stopping threads took: 0.0000550 seconds
80.186: Application time: 0.1310550 seconds
80.186: [GC [PSYoungGen: 23840K->224K(24064K)] 78678K->55238K(107008K), 0.0005140 secs] [Times: user=0.01 sys=0.00, real=0.00 secs] 
80.187: Total time for which application threads were stopped: 0.0006320 seconds, Stopping threads took: 0.0000540 seconds
80.317: Application time: 0.1302910 seconds
80.317: [GC [PSYoungGen: 23776K->160K(24064K)] 78790K->55174K(107008K), 0.0005820 secs] [Times: user=0.00 sys=0.00, real=0.00 secs] 
80.318: Total time for which application threads were stopped: 0.0007030 seconds, Stopping threads took: 0.0000530 seconds
80.449: Application time: 0.1310290 seconds
80.449: [GC [PSYoungGen: 23712K->208K(24064K)] 78726K->55334K(107008K), 0.0005830 secs] [Times: user=0.01 sys=0.00, real=0.00 secs] 
80.449: Total time for which application threads were stopped: 0.0007000 seconds, Stopping threads took: 0.0000500 seconds
80.581: Application time: 0.1312490 seconds
80.581: [GC [PSYoungGen: 23760K->224K(24064K)] 78886K->55422K(107008K), 0.0004980 secs] [Times: user=0.00 sys=0.00, real=0.00 secs] 
80.581: Total time for which application threads were stopped: 0.0006440 seconds, Stopping threads took: 0.0000700 seconds
80.709: Application time: 0.1281330 seconds
80.710: [GC [PSYoungGen: 23776K->288K(24064K)] 78974K->55486K(107008K), 0.0005980 secs] [Times: user=0.00 sys=0.00, real=0.00 secs] 
80.710: Total time for which application threads were stopped: 0.0007210 seconds, Stopping threads took: 0.0000530 seconds
80.840: Application time: 0.1294880 seconds
80.840: [GC [PSYoungGen: 23840K->304K(24064K)] 79038K->55770K(107008K), 0.0006130 secs] [Times: user=0.00 sys=0.00, real=0.00 secs] 
80.840: Total time for which application threads were stopped: 0.0007330 seconds, Stopping threads took: 0.0000480 seconds
80.972: Application time: 0.1312750 seconds
80.972: [GC [PSYoungGen: 23856K->256K(24064K)] 79322K->55906K(107008K), 0.0005010 secs] [Times: user=0.01 sys=0.00, real=0.00 secs] 
80.972: Total time for which application threads were stopped: 0.0006280 seconds, Stopping threads took: 0.0000550 seconds
81.103: Application time: 0.1304430 seconds
81.103: [GC [PSYoungGen: 23808K->256K(24064K)] 79458K->55906K(107008K), 0.0004900 secs] [Times: user=0.00 sys=0.00, real=0.00 secs] 
81.103: Total time for which application threads were stopped: 0.0006410 seconds, Stopping threads took: 0.0000700 seconds
81.234: Application time: 0.1304020 seconds
81.234: [GC [PSYoungGen: 23808K->208K(24064K)] 79458K->55971K(107008K), 0.0005100 secs] [Times: user=0.00 sys=0.00, real=0.00 secs] 
81.234: Total time for which application threads were stopped: 0.0006310 seconds, Stopping threads took: 0.0000520 seconds
81.366: Application time: 0.1311570 seconds
81.366: [GC [PSYoungGen: 23760K->224K(24064K)] 79523K->56059K(107008K), 0.0005270 secs] [Times: user=0.00 sys=0.00, real=0.00 secs] 
81.366: Total time for which application threads were stopped: 0.0006670 seconds, Stopping threads took: 0.0000700 seconds
81.494: Application time: 0.1279900 seconds
81.494: [GC [PSYoungGen: 23776K->384K(24064K)] 79611K->56219K(107008K), 0.0005520 secs] [Times: user=0.00 sys=0.00, real=0.00 secs] 
81.495: Total time for which application threads were stopped: 0.0006830 seconds, Stopping threads took: 0.0000630 seconds
81.624: Application time: 0.1294110 seconds
81.624: [GC [PSYoungGen: 23936K->272K(24064K)] 79771K->56359K(107008K), 0.0005730 secs] [Times: user=0.00 sys=0.00, real=0.00 secs] 
81.625: Total time for which application threads were stopped: 0.0007060 seconds, Stopping threads took: 0.0000520 seconds
81.756: Application time: 0.1312890 seconds
81.756: [GC [PSYoungGen: 23824K->224K(24064K)] 79911K->56463K(107008K), 0.0004970 secs] [Times: user=0.00 sys=0.00, real=0.00 secs] 
81.757: Total time for which application threads were stopped: 0.0006220 seconds, Stopping threads took: 0.0000540 seconds
81.888: Application time: 0.1309080 seconds
81.888: [GC [PSYoungGen: 23776K->256K(24064K)] 80015K->56495K(107008K), 0.0004900 secs] [Times: user=0.01 sys=0.00, real=0.00 secs] 
81.889: Total time for which application threads were stopped: 0.0006170 seconds, Stopping threads took: 0.0000550 seconds
82.020: Application time: 0.1312070 seconds
82.020: [GC [PSYoungGen: 23807K->256K(24064K)] 80047K->56615K(107008K), 0.0004870 secs] [Times: user=0.01 sys=0.00, real=0.00 secs] 
82.020: Total time for which application threads were stopped: 0.0006210 seconds, Stopping threads took: 0.0000660 seconds
82.152: Application time: 0.1318970 seconds
82.152: [GC [PSYoungGen: 23808K->256K(24064K)] 80167K->56687K(107008K), 0.0004920 secs] [Times: user=0.00 sys=0.00, real=0.00 secs] 
82.153: Total time for which application threads were stopped: 0.0006410 seconds, Stopping threads took: 0.0000660 seconds
82.281: Application time: 0.1277830 seconds
82.281: [GC [PSYoungGen: 23808K->320K(24064K)] 80239K->56751K(107008K), 0.0005880 secs] [Times: user=0.00 sys=0.00, real=0.00 secs] 
82.281: Total time for which application threads were stopped: 0.0007080 seconds, Stopping threads took: 0.0000540 seconds
82.411: Application time: 0.1295220 seconds
82.412: [GC [PSYoungGen: 23872K->272K(24064K)] 80303K->56967K(107008K), 0.0006210 secs] [Times: user=0.01 sys=0.00, real=0.00 secs] 
82.412: Total time for which application threads were stopped: 0.0012390 seconds, Stopping threads took: 0.0005510 seconds
82.543: Application time: 0.1312450 seconds
82.548: [GC [PSYoungGen: 23824K->256K(24064K)] 80519K->57119K(107008K), 0.0005190 secs] [Times: user=0.00 sys=0.00, real=0.00 secs] 
82.548: Total time for which application threads were stopped: 0.0046470 seconds, Stopping threads took: 0.0040570 seconds
82.686: Application time: 0.1375070 seconds
82.686: [GC [PSYoungGen: 23808K->256K(24064K)] 80671K->57119K(107008K), 0.0005090 secs] [Times: user=0.01 sys=0.00, real=0.00 secs] 
82.686: Total time for which application threads were stopped: 0.0006570 seconds, Stopping threads took: 0.0000670 seconds
82.830: Application time: 0.1434920 seconds
82.830: [GC [PSYoungGen: 23808K->208K(24064K)] 80671K->57184K(107008K), 0.0005940 secs] [Times: user=0.00 sys=0.00, real=0.00 secs] 
82.830: Total time for which application threads were stopped: 0.0007340 seconds, Stopping threads took: 0.0000710 seconds
82.974: Application time: 0.1438790 seconds
82.974: [GC [PSYoungGen: 23760K->256K(24064K)] 80736K->57304K(107008K), 0.0005070 secs] [Times: user=0.00 sys=0.00, real=0.00 secs] 
82.975: Total time for which application threads were stopped: 0.0006330 seconds, Stopping threads took: 0.0000580 seconds
83.116: Application time: 0.1410500 seconds
83.116: [GC [PSYoungGen: 23808K->336K(24064K)] 80856K->57384K(107008K), 0.0005780 secs] [Times: user=0.00 sys=0.00, real=0.00 secs] 
83.117: Total time for which application threads were stopped: 0.0007140 seconds, Stopping threads took: 0.0000620 seconds
83.260: Application time: 0.1429150 seconds
83.260: [GC [PSYoungGen: 23888K->288K(24064K)] 80936K->57592K(107008K), 0.0006050 secs] [Times: user=0.00 sys=0.00, real=0.00 secs] 
83.260: Total time for which application threads were stopped: 0.0007470 seconds, Stopping threads took: 0.0000620 seconds
83.405: Application time: 0.1442890 seconds
83.405: [GC [PSYoungGen: 23840K->256K(24064K)] 81144K->57736K(107008K), 0.0005240 secs] [Times: user=0.00 sys=0.00, real=0.00 secs] 
83.405: Total time for which application threads were stopped: 0.0006780 seconds, Stopping threads took: 0.0000830 seconds
83.549: Application time: 0.1440220 seconds
83.549: [GC [PSYoungGen: 23808K->208K(24064K)] 81288K->57688K(107008K), 0.0005160 secs] [Times: user=0.00 sys=0.00, real=0.00 secs] 
83.550: Total time for which application threads were stopped: 0.0006390 seconds, Stopping threads took: 0.0000560 seconds
83.694: Application time: 0.1435190 seconds
83.694: [GC [PSYoungGen: 23760K->256K(24064K)] 81240K->57880K(107008K), 0.0005460 secs] [Times: user=0.00 sys=0.00, real=0.00 secs] 
83.694: Total time for which application threads were stopped: 0.0007210 seconds, Stopping threads took: 0.0000930 seconds
83.838: Application time: 0.1437860 seconds
83.838: [GC [PSYoungGen: 23808K->256K(24064K)] 81432K->57928K(107008K), 0.0004860 secs] [Times: user=0.00 sys=0.00, real=0.00 secs] 
83.839: Total time for which application threads were stopped: 0.0006330 seconds, Stopping threads took: 0.0000610 seconds
83.980: Application time: 0.1408950 seconds
83.980: [GC [PSYoungGen: 23808K->400K(24064K)] 81480K->58072K(107008K), 0.0005430 secs] [Times: user=0.00 sys=0.00, real=0.00 secs] 
83.980: Total time for which application threads were stopped: 0.0006650 seconds, Stopping threads took: 0.0000500 seconds
84.123: Application time: 0.1426170 seconds
84.123: [GC [PSYoungGen: 23952K->288K(24064K)] 81624K->58216K(107008K), 0.0006170 secs] [Times: user=0.00 sys=0.00, real=0.00 secs] 
84.124: Total time for which application threads were stopped: 0.0007520 seconds, Stopping threads took: 0.0000630 seconds
84.268: Application time: 0.1438770 seconds
84.268: [GC [PSYoungGen: 23840K->192K(24064K)] 81768K->58277K(107008K), 0.0006050 secs] [Times: user=0.00 sys=0.00, real=0.00 secs] 
84.268: Total time for which application threads were stopped: 0.0007290 seconds, Stopping threads took: 0.0000540 seconds
84.412: Application time: 0.1434890 seconds
84.412: [GC [PSYoungGen: 23744K->256K(24064K)] 81829K->58341K(107008K), 0.0005580 secs] [Times: user=0.00 sys=0.00, real=0.00 secs] 
84.412: Total time for which application threads were stopped: 0.0007020 seconds, Stopping threads took: 0.0000630 seconds
84.556: Application time: 0.1434540 seconds
84.556: [GC [PSYoungGen: 23808K->256K(24064K)] 81893K->58461K(107008K), 0.0005280 secs] [Times: user=0.01 sys=0.00, real=0.00 secs] 
84.557: Total time for which application threads were stopped: 0.0006720 seconds, Stopping threads took: 0.0000750 seconds
84.700: Application time: 0.1438670 seconds
84.701: [GC [PSYoungGen: 23808K->256K(24064K)] 82013K->58533K(107008K), 0.0004980 secs] [Times: user=0.00 sys=0.00, real=0.00 secs] 
84.701: Total time for which application threads were stopped: 0.0006240 seconds, Stopping threads took: 0.0000590 seconds
84.842: Application time: 0.1407990 seconds
84.842: [GC [PSYoungGen: 23808K->368K(24064K)] 82085K->58645K(107008K), 0.0005500 secs] [Times: user=0.00 sys=0.00, real=0.00 secs] 
84.843: Total time for which application threads were stopped: 0.0006730 seconds, Stopping threads took: 0.0000530 seconds
84.986: Application time: 0.1429600 seconds
84.986: [GC [PSYoungGen: 23920K->272K(24064K)] 82197K->58829K(107008K), 0.0006670 secs] [Times: user=0.00 sys=0.00, real=0.00 secs] 
84.986: Total time for which application threads were stopped: 0.0008090 seconds, Stopping threads took: 0.0000570 seconds
85.131: Application time: 0.1444420 seconds
85.131: [GC [PSYoungGen: 23824K->256K(24064K)] 82381K->58965K(107008K), 0.0005470 secs] [Times: user=0.00 sys=0.00, real=0.00 secs] 
85.131: Total time for which application threads were stopped: 0.0006940 seconds, Stopping threads took: 0.0000680 seconds
85.275: Application time: 0.1436300 seconds
85.275: [GC [PSYoungGen: 23808K->256K(24064K)] 82517K->58965K(107008K), 0.0004950 secs] [Times: user=0.00 sys=0.00, real=0.00 secs] 
85.276: Total time for which application threads were stopped: 0.0006230 seconds, Stopping threads took: 0.0000560 seconds
85.420: Application time: 0.1444000 seconds
85.420: [GC [PSYoungGen: 23808K->256K(24064K)] 82517K->59109K(107008K), 0.0005660 secs] [Times: user=0.00 sys=0.00, real=0.00 secs] 
85.421: Total time for which application threads were stopped: 0.0006890 seconds, Stopping threads took: 0.0000520 seconds
85.565: Application time: 0.1444210 seconds
85.565: [GC [PSYoungGen: 23808K->224K(24064K)] 82661K->59125K(107008K), 0.0005530 secs] [Times: user=0.00 sys=0.00, real=0.00 secs] 
85.566: Total time for which application threads were stopped: 0.0006880 seconds, Stopping threads took: 0.0000560 seconds
85.707: Application time: 0.1407510 seconds
85.707: [GC [PSYoungGen: 23776K->400K(24064K)] 82677K->59301K(107008K), 0.0005730 secs] [Times: user=0.00 sys=0.00, real=0.00 secs] 
85.707: Total time for which application threads were stopped: 0.0006970 seconds, Stopping threads took: 0.0000560 seconds
85.850: Application time: 0.1429150 seconds
85.850: [GC [PSYoungGen: 23952K->256K(24064K)] 82853K->59441K(107008K), 0.0006450 secs] [Times: user=0.01 sys=0.00, real=0.00 secs] 
85.851: Total time for which application threads were stopped: 0.0007940 seconds, Stopping threads took: 0.0000770 seconds
85.996: Application time: 0.1450970 seconds
85.996: [GC [PSYoungGen: 23808K->256K(24064K)] 82993K->59594K(107008K), 0.0005250 secs] [Times: user=0.00 sys=0.00, real=0.00 secs] 
85.997: Total time for which application threads were stopped: 0.0006520 seconds, Stopping threads took: 0.0000580 seconds
86.141: Application time: 0.1438770 seconds
86.141: [GC [PSYoungGen: 23808K->256K(24064K)] 83146K->59594K(107008K), 0.0005000 secs] [Times: user=0.00 sys=0.00, real=0.00 secs] 
86.141: Total time for which application threads were stopped: 0.0006400 seconds, Stopping threads took: 0.0000560 seconds
86.286: Application time: 0.1442050 seconds
86.286: [GC [PSYoungGen: 23808K->192K(24064K)] 83146K->59658K(107008K), 0.0005670 secs] [Times: user=0.00 sys=0.00, real=0.00 secs] 
86.286: Total time for which application threads were stopped: 0.0006900 seconds, Stopping threads took: 0.0000510 seconds
86.430: Application time: 0.1440780 seconds
86.430: [GC [PSYoungGen: 23744K->160K(24064K)] 83210K->59674K(107008K), 0.0005220 secs] [Times: user=0.00 sys=0.00, real=0.00 secs] 
86.431: Total time for which application threads were stopped: 0.0006600 seconds, Stopping threads took: 0.0000700 seconds
86.572: Application time: 0.1409620 seconds
86.572: [GC [PSYoungGen: 23712K->352K(24064K)] 83226K->59866K(107008K), 0.0005610 secs] [Times: user=0.00 sys=0.00, real=0.00 secs] 
86.573: Total time for which application threads were stopped: 0.0006860 seconds, Stopping threads took: 0.0000580 seconds
86.706: Application time: 0.1332650 seconds
86.706: [GC [PSYoungGen: 23904K->304K(24064K)] 83418K->60078K(107008K), 0.0005710 secs] [Times: user=0.00 sys=0.00, real=0.00 secs] 
86.707: Total time for which application threads were stopped: 0.0007000 seconds, Stopping threads took: 0.0000510 seconds
86.838: Application time: 0.1310550 seconds
86.838: [GC [PSYoungGen: 23856K->192K(24064K)] 83630K->60134K(107008K), 0.0005350 secs] [Times: user=0.00 sys=0.00, real=0.00 secs] 
86.838: Total time for which application threads were stopped: 0.0006750 seconds, Stopping threads took: 0.0000750 seconds
86.969: Application time: 0.1307340 seconds
86.969: [GC [PSYoungGen: 23744K->208K(24064K)] 83686K->60150K(107008K), 0.0004880 secs] [Times: user=0.00 sys=0.00, real=0.00 secs] 
86.970: Total time for which application threads were stopped: 0.0006160 seconds, Stopping threads took: 0.0000580 seconds
87.101: Application time: 0.1310630 seconds
87.101: [GC [PSYoungGen: 23760K->256K(24064K)] 83702K->60318K(107008K), 0.0004870 secs] [Times: user=0.01 sys=0.00, real=0.00 secs] 
87.101: Total time for which application threads were stopped: 0.0006230 seconds, Stopping threads took: 0.0000670 seconds
87.232: Application time: 0.1309400 seconds
87.232: [GC [PSYoungGen: 23808K->224K(24064K)] 83870K->60358K(107008K), 0.0005410 secs] [Times: user=0.00 sys=0.00, real=0.00 secs] 
87.233: Total time for which application threads were stopped: 0.0006780 seconds, Stopping threads took: 0.0000550 seconds
87.361: Application time: 0.1279530 seconds
87.361: [GC [PSYoungGen: 23776K->400K(24064K)] 83910K->60534K(107008K), 0.0005280 secs] [Times: user=0.00 sys=0.00, real=0.00 secs] 
87.362: Total time for which application threads were stopped: 0.0006480 seconds, Stopping threads took: 0.0000510 seconds
87.491: Application time: 0.1292850 seconds
87.491: [GC [PSYoungGen: 23952K->336K(24064K)] 84086K->60734K(107008K), 0.0005680 secs] [Times: user=0.00 sys=0.00, real=0.00 secs] 
87.492: Total time for which application threads were stopped: 0.0007010 seconds, Stopping threads took: 0.0000650 seconds
87.623: Application time: 0.1315600 seconds
87.623: [GC [PSYoungGen: 23888K->256K(24064K)] 84286K->60831K(107008K), 0.0005370 secs] [Times: user=0.00 sys=0.00, real=0.00 secs] 
87.624: Total time for which application threads were stopped: 0.0006670 seconds, Stopping threads took: 0.0000590 seconds
87.754: Application time: 0.1300500 seconds
87.754: [GC [PSYoungGen: 23808K->256K(24064K)] 84383K->60831K(107008K), 0.0004870 secs] [Times: user=0.00 sys=0.00, real=0.00 secs] 
87.755: Total time for which application threads were stopped: 0.0006200 seconds, Stopping threads took: 0.0000520 seconds
87.885: Application time: 0.1307550 seconds
87.885: [GC [PSYoungGen: 23808K->224K(24064K)] 84383K->60919K(107008K), 0.0005930 secs] [Times: user=0.00 sys=0.00, real=0.00 secs] 
87.887: Total time for which application threads were stopped: 0.0017390 seconds, Stopping threads took: 0.0000540 seconds
88.018: Application time: 0.1312780 seconds
88.018: [GC [PSYoungGen: 23776K->256K(24064K)] 84471K->61023K(107008K), 0.0004930 secs] [Times: user=0.00 sys=0.00, real=0.00 secs] 
88.019: Total time for which application threads were stopped: 0.0006200 seconds, Stopping threads took: 0.0000570 seconds
88.147: Application time: 0.1284680 seconds
88.147: [GC [PSYoungGen: 23808K->384K(24064K)] 84575K->61151K(107008K), 0.0005460 secs] [Times: user=0.00 sys=0.00, real=0.00 secs] 
88.148: Total time for which application threads were stopped: 0.0006700 seconds, Stopping threads took: 0.0000560 seconds
88.278: Application time: 0.1296590 seconds
88.278: [GC [PSYoungGen: 23936K->304K(24064K)] 84703K->61339K(107008K), 0.0005870 secs] [Times: user=0.00 sys=0.00, real=0.00 secs] 
88.278: Total time for which application threads were stopped: 0.0007250 seconds, Stopping threads took: 0.0000610 seconds
88.410: Application time: 0.1311150 seconds
88.410: [GC [PSYoungGen: 23856K->256K(24064K)] 84891K->61467K(107008K), 0.0005150 secs] [Times: user=0.00 sys=0.00, real=0.00 secs] 
88.410: Total time for which application threads were stopped: 0.0006480 seconds, Stopping threads took: 0.0000640 seconds
88.541: Application time: 0.1310780 seconds
88.541: [GC [PSYoungGen: 23808K->160K(24064K)] 85019K->61371K(107008K), 0.0005270 secs] [Times: user=0.00 sys=0.00, real=0.00 secs] 
88.542: Total time for which application threads were stopped: 0.0006470 seconds, Stopping threads took: 0.0000540 seconds
88.672: Application time: 0.1301500 seconds
88.672: [GC [PSYoungGen: 23712K->160K(24064K)] 84923K->61459K(107008K), 0.0005340 secs] [Times: user=0.00 sys=0.00, real=0.00 secs] 
88.673: Total time for which application threads were stopped: 0.0006720 seconds, Stopping threads took: 0.0000670 seconds
88.804: Application time: 0.1315160 seconds
88.804: [GC [PSYoungGen: 23712K->256K(24064K)] 85011K->61651K(107008K), 0.0004970 secs] [Times: user=0.00 sys=0.00, real=0.00 secs] 
88.805: Total time for which application threads were stopped: 0.0006320 seconds, Stopping threads took: 0.0000590 seconds
88.934: Application time: 0.1285960 seconds
88.934: [GC [PSYoungGen: 23808K->352K(24064K)] 85203K->61747K(107008K), 0.0005200 secs] [Times: user=0.00 sys=0.00, real=0.00 secs] 
88.934: Total time for which application threads were stopped: 0.0006400 seconds, Stopping threads took: 0.0000510 seconds
89.066: Application time: 0.1322030 seconds
89.066: [GC [PSYoungGen: 23904K->288K(24064K)] 85299K->61927K(107008K), 0.0006110 secs] [Times: user=0.00 sys=0.00, real=0.00 secs] 
89.067: Total time for which application threads were stopped: 0.0007380 seconds, Stopping threads took: 0.0000590 seconds
89.198: Application time: 0.1308540 seconds
89.198: [GC [PSYoungGen: 23840K->256K(24064K)] 85479K->62092K(107008K), 0.0005190 secs] [Times: user=0.00 sys=0.00, real=0.00 secs] 
89.199: Total time for which application threads were stopped: 0.0006390 seconds, Stopping threads took: 0.0000510 seconds
89.330: Application time: 0.1310280 seconds
89.330: [GC [PSYoungGen: 23808K->256K(24064K)] 85644K->62092K(107008K), 0.0004860 secs] [Times: user=0.00 sys=0.00, real=0.00 secs] 
89.330: Total time for which application threads were stopped: 0.0006310 seconds, Stopping threads took: 0.0000540 seconds
89.461: Application time: 0.1303730 seconds
89.461: [GC [PSYoungGen: 23808K->256K(24064K)] 85644K->62212K(107008K), 0.0005060 secs] [Times: user=0.00 sys=0.00, real=0.00 secs] 
89.461: Total time for which application threads were stopped: 0.0006250 seconds, Stopping threads took: 0.0000510 seconds
89.592: Application time: 0.1311930 seconds
89.593: [GC [PSYoungGen: 23808K->256K(24064K)] 85764K->62284K(107008K), 0.0004960 secs] [Times: user=0.00 sys=0.00, real=0.00 secs] 
89.593: Total time for which application threads were stopped: 0.0006200 seconds, Stopping threads took: 0.0000540 seconds
89.723: Application time: 0.1297540 seconds
89.723: [GC [PSYoungGen: 23808K->368K(24064K)] 85836K->62396K(107008K), 0.0005220 secs] [Times: user=0.00 sys=0.00, real=0.00 secs] 
89.723: Total time for which application threads were stopped: 0.0006490 seconds, Stopping threads took: 0.0000620 seconds
89.853: Application time: 0.1296550 seconds
89.853: [GC [PSYoungGen: 23920K->240K(24064K)] 85948K->62516K(107008K), 0.0006170 secs] [Times: user=0.01 sys=0.00, real=0.00 secs] 
89.854: Total time for which application threads were stopped: 0.0007650 seconds, Stopping threads took: 0.0000730 seconds
89.993: Application time: 0.1394820 seconds
89.993: [GC [PSYoungGen: 23792K->256K(24064K)] 86068K->62700K(107008K), 0.0005580 secs] [Times: user=0.00 sys=0.00, real=0.00 secs] 
89.994: Total time for which application threads were stopped: 0.0006760 seconds, Stopping threads took: 0.0000510 seconds
90.125: Application time: 0.1309730 seconds
90.125: [GC [PSYoungGen: 23808K->256K(24064K)] 86252K->62724K(107008K), 0.0004910 secs] [Times: user=0.00 sys=0.00, real=0.00 secs] 
90.126: Total time for which application threads were stopped: 0.0006390 seconds, Stopping threads took: 0.0000790 seconds
90.255: Application time: 0.1297930 seconds
90.256: [GC [PSYoungGen: 23808K->256K(24064K)] 86276K->62820K(107008K), 0.0005090 secs] [Times: user=0.01 sys=0.00, real=0.00 secs] 
90.256: Total time for which application threads were stopped: 0.0006450 seconds, Stopping threads took: 0.0000680 seconds
90.387: Application time: 0.1308860 seconds
90.392: [GC [PSYoungGen: 23808K->256K(24064K)] 86372K->62892K(107008K), 0.0005850 secs] [Times: user=0.00 sys=0.00, real=0.00 secs] 
90.392: Total time for which application threads were stopped: 0.0051620 seconds, Stopping threads took: 0.0044960 seconds
90.521: Application time: 0.1284500 seconds
90.521: [GC [PSYoungGen: 23808K->320K(24064K)] 86444K->63020K(107008K), 0.0005370 secs] [Times: user=0.00 sys=0.00, real=0.00 secs] 
90.521: Total time for which application threads were stopped: 0.0006700 seconds, Stopping threads took: 0.0000650 seconds
90.654: Application time: 0.1329960 seconds
90.654: [GC [PSYoungGen: 23872K->320K(24064K)] 86572K->63237K(107008K), 0.0005930 secs] [Times: user=0.00 sys=0.00, real=0.00 secs] 
90.655: Total time for which application threads were stopped: 0.0007270 seconds, Stopping threads took: 0.0000590 seconds
90.799: Application time: 0.1440840 seconds
90.799: [GC [PSYoungGen: 23872K->256K(24064K)] 86789K->63349K(107008K), 0.0005190 secs] [Times: user=0.00 sys=0.00, real=0.01 secs] 
90.800: Total time for which application threads were stopped: 0.0006480 seconds, Stopping threads took: 0.0000610 seconds
90.944: Application time: 0.1439700 seconds
90.944: [GC [PSYoungGen: 23808K->256K(24064K)] 86901K->63349K(107008K), 0.0005610 secs] [Times: user=0.00 sys=0.00, real=0.00 secs] 
90.944: Total time for which application threads were stopped: 0.0007180 seconds, Stopping threads took: 0.0000810 seconds
91.089: Application time: 0.1442050 seconds
91.089: [GC [PSYoungGen: 23808K->256K(24064K)] 86901K->63469K(107008K), 0.0005610 secs] [Times: user=0.00 sys=0.00, real=0.00 secs] 
91.089: Total time for which application threads were stopped: 0.0006850 seconds, Stopping threads took: 0.0000510 seconds
91.233: Application time: 0.1434710 seconds
91.233: [GC [PSYoungGen: 23808K->256K(24064K)] 87021K->63541K(107008K), 0.0005070 secs] [Times: user=0.00 sys=0.00, real=0.00 secs] 
91.233: Total time for which application threads were stopped: 0.0006400 seconds, Stopping threads took: 0.0000610 seconds
91.376: Application time: 0.1422820 seconds
91.376: [GC [PSYoungGen: 23808K->272K(24064K)] 87093K->63621K(107008K), 0.0005930 secs] [Times: user=0.00 sys=0.00, real=0.00 secs] 
91.376: Total time for which application threads were stopped: 0.0007200 seconds, Stopping threads took: 0.0000520 seconds
91.518: Application time: 0.1416910 seconds
91.518: [GC [PSYoungGen: 23824K->320K(24064K)] 87173K->63837K(107008K), 0.0006500 secs] [Times: user=0.00 sys=0.00, real=0.00 secs] 
91.519: Total time for which application threads were stopped: 0.0008010 seconds, Stopping threads took: 0.0000670 seconds
91.664: Application time: 0.1445500 seconds
91.664: [GC [PSYoungGen: 23872K->256K(24064K)] 87389K->63997K(107008K), 0.0005850 secs] [Times: user=0.01 sys=0.00, real=0.00 secs] 
91.664: Total time for which application threads were stopped: 0.0007120 seconds, Stopping threads took: 0.0000540 seconds
91.808: Application time: 0.1438640 seconds
91.808: [GC [PSYoungGen: 23808K->256K(24064K)] 87549K->64021K(107008K), 0.0005100 secs] [Times: user=0.00 sys=0.00, real=0.00 secs] 
91.809: Total time for which application threads were stopped: 0.0006340 seconds, Stopping threads took: 0.0000550 seconds
91.952: Application time: 0.1434130 seconds
91.952: [GC [PSYoungGen: 23808K->256K(24064K)] 87573K->64093K(107008K), 0.0005500 secs] [Times: user=0.00 sys=0.00, real=0.00 secs] 
91.953: Total time for which application threads were stopped: 0.0006840 seconds, Stopping threads took: 0.0000660 seconds
92.097: Application time: 0.1440130 seconds
92.097: [GC [PSYoungGen: 23808K->256K(24064K)] 87645K->64189K(107008K), 0.0005320 secs] [Times: user=0.00 sys=0.00, real=0.00 secs] 
92.098: Total time for which application threads were stopped: 0.0006720 seconds, Stopping threads took: 0.0000570 seconds
92.239: Application time: 0.1417050 seconds
92.239: [GC [PSYoungGen: 23808K->352K(24064K)] 87741K->64357K(107008K), 0.0005430 secs] [Times: user=0.00 sys=0.00, real=0.01 secs] 
92.240: Total time for which application threads were stopped: 0.0006710 seconds, Stopping threads took: 0.0000590 seconds
92.382: Application time: 0.1424540 seconds
92.382: [GC [PSYoungGen: 23904K->288K(24064K)] 87909K->64518K(107008K), 0.0006070 secs] [Times: user=0.00 sys=0.00, real=0.00 secs] 
92.383: Total time for which application threads were stopped: 0.0007410 seconds, Stopping threads took: 0.0000600 seconds
92.527: Application time: 0.1440330 seconds
92.527: [GC [PSYoungGen: 23840K->256K(24064K)] 88070K->64662K(107008K), 0.0005470 secs] [Times: user=0.00 sys=0.00, real=0.01 secs] 
92.528: Total time for which application threads were stopped: 0.0006740 seconds, Stopping threads took: 0.0000570 seconds
92.672: Application time: 0.1442040 seconds
92.676: [GC [PSYoungGen: 23808K->256K(24064K)] 88214K->64686K(107008K), 0.0005730 secs] [Times: user=0.00 sys=0.00, real=0.00 secs] 
92.676: Total time for which application threads were stopped: 0.0041180 seconds, Stopping threads took: 0.0034700 seconds
92.820: Application time: 0.1440520 seconds
92.820: [GC [PSYoungGen: 23808K->256K(24064K)] 88238K->64782K(107008K), 0.0005330 secs] [Times: user=0.00 sys=0.00, real=0.00 secs] 
92.821: Total time for which application threads were stopped: 0.0006600 seconds, Stopping threads took: 0.0000560 seconds
92.964: Application time: 0.1428790 seconds
92.964: [GC [PSYoungGen: 23808K->256K(24064K)] 88334K->64854K(107008K), 0.0005060 secs] [Times: user=0.00 sys=0.00, real=0.00 secs] 
92.964: Total time for which application threads were stopped: 0.0006360 seconds, Stopping threads took: 0.0000590 seconds
93.107: Application time: 0.1423210 seconds
93.107: [GC [PSYoungGen: 23808K->336K(24064K)] 88406K->64998K(107008K), 0.0005680 secs] [Times: user=0.00 sys=0.00, real=0.00 secs] 
93.107: Total time for which application threads were stopped: 0.0007030 seconds, Stopping threads took: 0.0000630 seconds
93.250: Application time: 0.1426040 seconds
93.250: [GC [PSYoungGen: 23888K->304K(24064K)] 88550K->65178K(107008K), 0.0005980 secs] [Times: user=0.00 sys=0.00, real=0.00 secs] 
93.251: Total time for which application threads were stopped: 0.0007480 seconds, Stopping threads took: 0.0000700 seconds
93.395: Application time: 0.1442550 seconds
93.395: [GC [PSYoungGen: 23856K->256K(24064K)] 88730K->65298K(107008K), 0.0005480 secs] [Times: user=0.00 sys=0.00, real=0.00 secs] 
93.396: Total time for which application threads were stopped: 0.0006720 seconds, Stopping threads took: 0.0000560 seconds
93.539: Application time: 0.1438030 seconds
93.540: [GC [PSYoungGen: 23808K->176K(24064K)] 88850K->65242K(107008K), 0.0005640 secs] [Times: user=0.00 sys=0.00, real=0.00 secs] 
93.540: Total time for which application threads were stopped: 0.0006890 seconds, Stopping threads took: 0.0000530 seconds
93.684: Application time: 0.1441150 seconds
93.684: [GC [PSYoungGen: 23728K->256K(24064K)] 88794K->65418K(107008K), 0.0005360 secs] [Times: user=0.00 sys=0.00, real=0.00 secs] 
93.685: Total time for which application threads were stopped: 0.0006710 seconds, Stopping threads took: 0.0000660 seconds
93.829: Application time: 0.1437070 seconds
93.829: [GC [PSYoungGen: 23808K->256K(24064K)] 88970K->65490K(107008K), 0.0005220 secs] [Times: user=0.00 sys=0.00, real=0.00 secs] 
93.829: Total time for which application threads were stopped: 0.0006550 seconds, Stopping threads took: 0.0000550 seconds
93.971: Application time: 0.1417990 seconds
93.971: [GC [PSYoungGen: 23808K->336K(24064K)] 89042K->65626K(107008K), 0.0006260 secs] [Times: user=0.01 sys=0.00, real=0.00 secs] 
93.972: Total time for which application threads were stopped: 0.0007630 seconds, Stopping threads took: 0.0000660 seconds
94.114: Application time: 0.1423630 seconds
94.114: [GC [PSYoungGen: 23888K->320K(24064K)] 89178K->65827K(107008K), 0.0006080 secs] [Times: user=0.00 sys=0.00, real=0.00 secs] 
94.115: Total time for which application threads were stopped: 0.0007420 seconds, Stopping threads took: 0.0000640 seconds
94.259: Application time: 0.1438990 seconds
94.259: [GC [PSYoungGen: 23872K->256K(24064K)] 89379K->65939K(107008K), 0.0005500 secs] [Times: user=0.00 sys=0.00, real=0.01 secs] 
94.260: Total time for which application threads were stopped: 0.0006770 seconds, Stopping threads took: 0.0000530 seconds
94.403: Application time: 0.1436440 seconds
94.403: [GC [PSYoungGen: 23808K->256K(24064K)] 89491K->65963K(107008K), 0.0005250 secs] [Times: user=0.00 sys=0.00, real=0.00 secs] 
94.404: Total time for which application threads were stopped: 0.0006590 seconds, Stopping threads took: 0.0000520 seconds
94.547: Application time: 0.1431620 seconds
94.547: [GC [PSYoungGen: 23808K->256K(24064K)] 89515K->66059K(107008K), 0.0005410 secs] [Times: user=0.00 sys=0.00, real=0.01 secs] 
94.548: Total time for which application threads were stopped: 0.0006820 seconds, Stopping threads took: 0.0000690 seconds
94.685: Application time: 0.1374250 seconds
94.685: [GC [PSYoungGen: 23808K->224K(24064K)] 89611K->66099K(107008K), 0.0005280 secs] [Times: user=0.01 sys=0.00, real=0.00 secs] 
94.686: Total time for which application threads were stopped: 0.0006550 seconds, Stopping threads took: 0.0000600 seconds
94.815: Application time: 0.1288530 seconds
94.815: [GC [PSYoungGen: 23776K->304K(24064K)] 89651K->66235K(107008K), 0.0005410 secs] [Times: user=0.00 sys=0.01, real=0.00 secs] 
94.815: Total time for which application threads were stopped: 0.0006670 seconds, Stopping threads took: 0.0000590 seconds
94.945: Application time: 0.1295440 seconds
94.945: [GC [PSYoungGen: 23856K->288K(24064K)] 89787K->66455K(107008K), 0.0005800 secs] [Times: user=0.00 sys=0.00, real=0.00 secs] 
94.946: Total time for which application threads were stopped: 0.0007100 seconds, Stopping threads took: 0.0000510 seconds
95.077: Application time: 0.1313530 seconds
95.077: [GC [PSYoungGen: 23840K->256K(24064K)] 90007K->66599K(107008K), 0.0005260 secs] [Times: user=0.01 sys=0.00, real=0.00 secs] 
95.078: Total time for which application threads were stopped: 0.0006520 seconds, Stopping threads took: 0.0000530 seconds
95.208: Application time: 0.1304300 seconds
95.208: [GC [PSYoungGen: 23808K->256K(24064K)] 90151K->66599K(107008K), 0.0005080 secs] [Times: user=0.00 sys=0.00, real=0.00 secs] 
95.209: Total time for which application threads were stopped: 0.0006340 seconds, Stopping threads took: 0.0000550 seconds
95.340: Application time: 0.1310670 seconds
95.340: [GC [PSYoungGen: 23808K->192K(24064K)] 90151K->66655K(107008K), 0.0005670 secs] [Times: user=0.00 sys=0.00, real=0.00 secs] 
95.340: Total time for which application threads were stopped: 0.0006850 seconds, Stopping threads took: 0.0000510 seconds
95.471: Application time: 0.1304730 seconds
95.471: [GC [PSYoungGen: 23744K->256K(24064K)] 90207K->66791K(107008K), 0.0004850 secs] [Times: user=0.01 sys=0.00, real=0.00 secs] 
95.472: Total time for which application threads were stopped: 0.0006260 seconds, Stopping threads took: 0.0000590 seconds
95.600: Application time: 0.1288170 seconds
95.600: [GC [PSYoungGen: 23808K->304K(24064K)] 90343K->66895K(107008K), 0.0005620 secs] [Times: user=0.00 sys=0.00, real=0.00 secs] 
95.601: Total time for which application threads were stopped: 0.0006810 seconds, Stopping threads took: 0.0000510 seconds
95.730: Application time: 0.1293950 seconds
95.731: [GC [PSYoungGen: 23856K->320K(24064K)] 90447K->67124K(107008K), 0.0006200 secs] [Times: user=0.00 sys=0.00, real=0.00 secs] 
95.731: Total time for which application threads were stopped: 0.0007430 seconds, Stopping threads took: 0.0000510 seconds
95.863: Application time: 0.1313940 seconds
95.863: [GC [PSYoungGen: 23872K->256K(24064K)] 90676K->67260K(107008K), 0.0005260 secs] [Times: user=0.00 sys=0.00, real=0.00 secs] 
95.863: Total time for which application threads were stopped: 0.0006590 seconds, Stopping threads took: 0.0000630 seconds
95.994: Application time: 0.1309350 seconds
95.994: [GC [PSYoungGen: 23808K->256K(24064K)] 90812K->67260K(107008K), 0.0004980 secs] [Times: user=0.00 sys=0.00, real=0.00 secs] 
95.995: Total time for which application threads were stopped: 0.0006480 seconds, Stopping threads took: 0.0000600 seconds
96.125: Application time: 0.1306000 seconds
96.126: [GC [PSYoungGen: 23808K->256K(24064K)] 90812K->67356K(107008K), 0.0005300 secs] [Times: user=0.00 sys=0.00, real=0.00 secs] 
96.126: Total time for which application threads were stopped: 0.0006680 seconds, Stopping threads took: 0.0000670 seconds
96.257: Application time: 0.1310650 seconds
96.257: [GC [PSYoungGen: 23808K->256K(24064K)] 90908K->67452K(107008K), 0.0005140 secs] [Times: user=0.00 sys=0.00, real=0.00 secs] 
96.258: Total time for which application threads were stopped: 0.0006650 seconds, Stopping threads took: 0.0000840 seconds
96.387: Application time: 0.1290590 seconds
96.387: [GC [PSYoungGen: 23808K->352K(24064K)] 91004K->67548K(107008K), 0.0005630 secs] [Times: user=0.00 sys=0.00, real=0.01 secs] 
96.388: Total time for which application threads were stopped: 0.0006920 seconds, Stopping threads took: 0.0000570 seconds
96.517: Application time: 0.1289780 seconds
96.517: [GC [PSYoungGen: 23904K->288K(24064K)] 91100K->67752K(107008K), 0.0006400 secs] [Times: user=0.00 sys=0.00, real=0.00 secs] 
96.517: Total time for which application threads were stopped: 0.0007740 seconds, Stopping threads took: 0.0000550 seconds
96.648: Application time: 0.1309670 seconds
96.648: [GC [PSYoungGen: 23840K->256K(24064K)] 91304K->67892K(107008K), 0.0005330 secs] [Times: user=0.00 sys=0.00, real=0.00 secs] 
96.649: Total time for which application threads were stopped: 0.0006560 seconds, Stopping threads took: 0.0000530 seconds
96.780: Application time: 0.1310940 seconds
96.780: [GC [PSYoungGen: 23808K->256K(24064K)] 91444K->67892K(107008K), 0.0005040 secs] [Times: user=0.00 sys=0.00, real=0.00 secs] 
96.781: Total time for which application threads were stopped: 0.0006200 seconds, Stopping threads took: 0.0000500 seconds
96.911: Application time: 0.1308260 seconds
96.912: [GC [PSYoungGen: 23808K->256K(24064K)] 91444K->68012K(107008K), 0.0005260 secs] [Times: user=0.00 sys=0.00, real=0.00 secs] 
96.912: Total time for which application threads were stopped: 0.0006520 seconds, Stopping threads took: 0.0000580 seconds
97.044: Application time: 0.1318350 seconds
97.044: [GC [PSYoungGen: 23808K->256K(24064K)] 91564K->68084K(107008K), 0.0004760 secs] [Times: user=0.00 sys=0.00, real=0.00 secs] 
97.045: Total time for which application threads were stopped: 0.0006020 seconds, Stopping threads took: 0.0000520 seconds
97.173: Application time: 0.1281310 seconds
97.173: [GC [PSYoungGen: 23808K->368K(24064K)] 91636K->68196K(107008K), 0.0005740 secs] [Times: user=0.00 sys=0.00, real=0.00 secs] 
97.173: Total time for which application threads were stopped: 0.0006980 seconds, Stopping threads took: 0.0000590 seconds
97.303: Application time: 0.1294270 seconds
97.303: [GC [PSYoungGen: 23920K->256K(24064K)] 91748K->68345K(107008K), 0.0005980 secs] [Times: user=0.00 sys=0.00, real=0.00 secs] 
97.304: Total time for which application threads were stopped: 0.0007260 seconds, Stopping threads took: 0.0000600 seconds
97.436: Application time: 0.1319410 seconds
97.436: [GC [PSYoungGen: 23808K->224K(24064K)] 91897K->68481K(107008K), 0.0005460 secs] [Times: user=0.00 sys=0.00, real=0.00 secs] 
97.436: Total time for which application threads were stopped: 0.0006740 seconds, Stopping threads took: 0.0000610 seconds
97.566: Application time: 0.1298860 seconds
97.566: [GC [PSYoungGen: 23776K->256K(24064K)] 92033K->68513K(107008K), 0.0005120 secs] [Times: user=0.00 sys=0.00, real=0.00 secs] 
97.567: Total time for which application threads were stopped: 0.0006590 seconds, Stopping threads took: 0.0000660 seconds
97.698: Application time: 0.1310020 seconds
97.698: [GC [PSYoungGen: 23808K->256K(24064K)] 92065K->68633K(107008K), 0.0005270 secs] [Times: user=0.00 sys=0.00, real=0.00 secs] 
97.698: Total time for which application threads were stopped: 0.0006490 seconds, Stopping threads took: 0.0000540 seconds
97.830: Application time: 0.1311300 seconds
97.830: [GC [PSYoungGen: 23808K->256K(24064K)] 92185K->68705K(107008K), 0.0005020 secs] [Times: user=0.00 sys=0.00, real=0.00 secs] 
97.830: Total time for which application threads were stopped: 0.0006230 seconds, Stopping threads took: 0.0000510 seconds
97.959: Application time: 0.1284190 seconds
97.959: [GC [PSYoungGen: 23808K->400K(24064K)] 92257K->68849K(107008K), 0.0005490 secs] [Times: user=0.00 sys=0.00, real=0.00 secs] 
97.959: Total time for which application threads were stopped: 0.0006730 seconds, Stopping threads took: 0.0000550 seconds
98.089: Application time: 0.1295330 seconds
98.089: [GC [PSYoungGen: 23952K->256K(24064K)] 92401K->68961K(107008K), 0.0006370 secs] [Times: user=0.00 sys=0.00, real=0.00 secs] 
98.090: Total time for which application threads were stopped: 0.0016800 seconds, Stopping threads took: 0.0000610 seconds
98.222: Application time: 0.1310830 seconds
98.222: [GC [PSYoungGen: 23808K->256K(24064K)] 92513K->69141K(107008K), 0.0005700 secs] [Times: user=0.00 sys=0.00, real=0.00 secs] 
98.222: Total time for which application threads were stopped: 0.0006920 seconds, Stopping threads took: 0.0000530 seconds
98.353: Application time: 0.1303080 seconds
98.353: [GC [PSYoungGen: 23808K->192K(24064K)] 92693K->69077K(107008K), 0.0005200 secs] [Times: user=0.00 sys=0.00, real=0.00 secs] 
98.353: Total time for which application threads were stopped: 0.0006540 seconds, Stopping threads took: 0.0000630 seconds
98.485: Application time: 0.1313620 seconds
98.485: [GC [PSYoungGen: 23744K->256K(24064K)] 92629K->69261K(107008K), 0.0005440 secs] [Times: user=0.00 sys=0.00, real=0.00 secs] 
98.485: Total time for which application threads were stopped: 0.0006650 seconds, Stopping threads took: 0.0000520 seconds
98.617: Application time: 0.1312610 seconds
98.617: [GC [PSYoungGen: 23808K->192K(24064K)] 92813K->69269K(107008K), 0.0005030 secs] [Times: user=0.00 sys=0.00, real=0.00 secs] 
98.617: Total time for which application threads were stopped: 0.0006260 seconds, Stopping threads took: 0.0000470 seconds
98.746: Application time: 0.1284670 seconds
98.746: [GC [PSYoungGen: 23744K->304K(24064K)] 92821K->69381K(107008K), 0.0005640 secs] [Times: user=0.01 sys=0.00, real=0.00 secs] 
98.746: Total time for which application threads were stopped: 0.0006860 seconds, Stopping threads took: 0.0000540 seconds
98.876: Application time: 0.1292650 seconds
98.876: [GC [PSYoungGen: 23856K->240K(24064K)] 92933K->69578K(107008K), 0.0006290 secs] [Times: user=0.00 sys=0.00, real=0.00 secs] 
98.876: Total time for which application threads were stopped: 0.0007470 seconds, Stopping threads took: 0.0000490 seconds
99.008: Application time: 0.1318180 seconds
99.008: [GC [PSYoungGen: 23792K->256K(24064K)] 93130K->69762K(107008K), 0.0005260 secs] [Times: user=0.01 sys=0.00, real=0.00 secs] 
99.009: Total time for which application threads were stopped: 0.0006570 seconds, Stopping threads took: 0.0000610 seconds
99.140: Application time: 0.1310130 seconds
99.140: [GC [PSYoungGen: 23808K->256K(24064K)] 93314K->69762K(107008K), 0.0005020 secs] [Times: user=0.00 sys=0.00, real=0.00 secs] 
99.140: Total time for which application threads were stopped: 0.0006440 seconds, Stopping threads took: 0.0000650 seconds
99.271: Application time: 0.1308620 seconds
99.271: [GC [PSYoungGen: 23808K->192K(24064K)] 93314K->69818K(107008K), 0.0005370 secs] [Times: user=0.00 sys=0.00, real=0.00 secs] 
99.272: Total time for which application threads were stopped: 0.0006570 seconds, Stopping threads took: 0.0000490 seconds
99.403: Application time: 0.1305950 seconds
99.403: [GC [PSYoungGen: 23744K->192K(24064K)] 93370K->69890K(107008K), 0.0005440 secs] [Times: user=0.01 sys=0.00, real=0.00 secs] 
99.403: Total time for which application threads were stopped: 0.0006830 seconds, Stopping threads took: 0.0000730 seconds
99.532: Application time: 0.1284370 seconds
99.532: [GC [PSYoungGen: 23744K->320K(24064K)] 93442K->70066K(107008K), 0.0005810 secs] [Times: user=0.00 sys=0.00, real=0.00 secs] 
99.532: Total time for which application threads were stopped: 0.0007080 seconds, Stopping threads took: 0.0000570 seconds
99.661: Application time: 0.1289600 seconds
99.662: [GC [PSYoungGen: 23872K->320K(24064K)] 93618K->70306K(107008K), 0.0006230 secs] [Times: user=0.01 sys=0.00, real=0.00 secs] 
99.662: Total time for which application threads were stopped: 0.0008110 seconds, Stopping threads took: 0.0001070 seconds
99.793: Application time: 0.1306710 seconds
99.793: [GC [PSYoungGen: 23872K->256K(24064K)] 93858K->70410K(107008K), 0.0005330 secs] [Times: user=0.00 sys=0.00, real=0.00 secs] 
99.793: Total time for which application threads were stopped: 0.0006520 seconds, Stopping threads took: 0.0000500 seconds
99.923: Application time: 0.1299350 seconds
99.924: [GC [PSYoungGen: 23808K->208K(24064K)] 93962K->70362K(107008K), 0.0005460 secs] [Times: user=0.00 sys=0.00, real=0.00 secs] 
99.924: Total time for which application threads were stopped: 0.0006650 seconds, Stopping threads took: 0.0000520 seconds
100.055: Application time: 0.1309220 seconds
100.055: [GC [PSYoungGen: 23760K->256K(24064K)] 93914K->70530K(107008K), 0.0005380 secs] [Times: user=0.00 sys=0.01, real=0.00 secs] 
100.056: Total time for which application threads were stopped: 0.0006590 seconds, Stopping threads took: 0.0000550 seconds
100.187: Application time: 0.1308260 seconds
100.187: [GC [PSYoungGen: 23808K->256K(24064K)] 94082K->70602K(107008K), 0.0005050 secs] [Times: user=0.00 sys=0.00, real=0.00 secs] 
100.187: Total time for which application threads were stopped: 0.0006520 seconds, Stopping threads took: 0.0000690 seconds
100.316: Application time: 0.1289150 seconds
100.316: [GC [PSYoungGen: 23808K->384K(24064K)] 94154K->70730K(107008K), 0.0005620 secs] [Times: user=0.00 sys=0.00, real=0.00 secs] 
100.317: Total time for which application threads were stopped: 0.0006800 seconds, Stopping threads took: 0.0000510 seconds
100.445: Application time: 0.1286070 seconds
100.445: [GC [PSYoungGen: 23936K->304K(24064K)] 94282K->70907K(107008K), 0.0005990 secs] [Times: user=0.00 sys=0.00, real=0.00 secs] 
100.446: Total time for which application threads were stopped: 0.0007270 seconds, Stopping threads took: 0.0000530 seconds
100.577: Application time: 0.1311610 seconds
100.577: [GC [PSYoungGen: 23856K->256K(24064K)] 94459K->71035K(107008K), 0.0005350 secs] [Times: user=0.01 sys=0.00, real=0.00 secs] 
100.578: Total time for which application threads were stopped: 0.0006580 seconds, Stopping threads took: 0.0000550 seconds
100.709: Application time: 0.1308080 seconds
100.709: [GC [PSYoungGen: 23808K->256K(24064K)] 94587K->71035K(107008K), 0.0005050 secs] [Times: user=0.01 sys=0.00, real=0.00 secs] 
100.709: Total time for which application threads were stopped: 0.0006390 seconds, Stopping threads took: 0.0000520 seconds
100.841: Application time: 0.1315700 seconds
100.841: [GC [PSYoungGen: 23808K->256K(24064K)] 94587K->71155K(107008K), 0.0005130 secs] [Times: user=0.01 sys=0.00, real=0.00 secs] 
100.842: Total time for which application threads were stopped: 0.0006250 seconds, Stopping threads took: 0.0000500 seconds
100.972: Application time: 0.1308870 seconds
100.973: [GC [PSYoungGen: 23808K->256K(24064K)] 94707K->71227K(107008K), 0.0005180 secs] [Times: user=0.00 sys=0.00, real=0.00 secs] 
100.973: Total time for which application threads were stopped: 0.0006480 seconds, Stopping threads took: 0.0000610 seconds
101.102: Application time: 0.1285110 seconds
101.102: [GC [PSYoungGen: 23808K->336K(24064K)] 94779K->71307K(107008K), 0.0005450 secs] [Times: user=0.01 sys=0.00, real=0.00 secs] 
101.102: Total time for which application threads were stopped: 0.0006560 seconds, Stopping threads took: 0.0000470 seconds
101.232: Application time: 0.1293690 seconds
101.232: [GC [PSYoungGen: 23888K->288K(24064K)] 94859K->71531K(107008K), 0.0006160 secs] [Times: user=0.00 sys=0.00, real=0.00 secs] 
101.232: Total time for which application threads were stopped: 0.0007520 seconds, Stopping threads took: 0.0000530 seconds
101.363: Application time: 0.1310780 seconds
101.364: [GC [PSYoungGen: 23840K->256K(24064K)] 95083K->71675K(107008K), 0.0005220 secs] [Times: user=0.00 sys=0.00, real=0.00 secs] 
101.364: Total time for which application threads were stopped: 0.0006440 seconds, Stopping threads took: 0.0000540 seconds
101.495: Application time: 0.1304810 seconds
101.495: [GC [PSYoungGen: 23808K->112K(24064K)] 95227K->71531K(107008K), 0.0005400 secs] [Times: user=0.00 sys=0.00, real=0.00 secs] 
101.495: Total time for which application threads were stopped: 0.0006600 seconds, Stopping threads took: 0.0000560 seconds
101.627: Application time: 0.1313330 seconds
101.627: [GC [PSYoungGen: 23664K->256K(24064K)] 95083K->71795K(107008K), 0.0005350 secs] [Times: user=0.00 sys=0.00, real=0.00 secs] 
101.627: Total time for which application threads were stopped: 0.0006580 seconds, Stopping threads took: 0.0000510 seconds
101.758: Application time: 0.1310310 seconds
101.758: [GC [PSYoungGen: 23808K->64K(24064K)] 95347K->71659K(107008K), 0.0005460 secs] [Times: user=0.00 sys=0.00, real=0.00 secs] 
101.759: Total time for which application threads were stopped: 0.0006780 seconds, Stopping threads took: 0.0000550 seconds
101.887: Application time: 0.1279640 seconds
101.887: [GC [PSYoungGen: 23616K->416K(24064K)] 95211K->72011K(107008K), 0.0005800 secs] [Times: user=0.00 sys=0.00, real=0.01 secs] 
101.888: Total time for which application threads were stopped: 0.0007000 seconds, Stopping threads took: 0.0000520 seconds
102.017: Application time: 0.1294700 seconds
102.018: [GC [PSYoungGen: 23968K->288K(24064K)] 95563K->72148K(107008K), 0.0006140 secs] [Times: user=0.00 sys=0.00, real=0.00 secs] 
102.019: Total time for which application threads were stopped: 0.0016200 seconds, Stopping threads took: 0.0009210 seconds
102.150: Application time: 0.1310000 seconds
102.150: [GC [PSYoungGen: 23840K->256K(24064K)] 95700K->72292K(107008K), 0.0005210 secs] [Times: user=0.01 sys=0.00, real=0.00 secs] 
102.150: Total time for which application threads were stopped: 0.0006430 seconds, Stopping threads took: 0.0000520 seconds
102.281: Application time: 0.1308070 seconds
102.281: [GC [PSYoungGen: 23808K->256K(24064K)] 95844K->72292K(107008K), 0.0005180 secs] [Times: user=0.00 sys=0.00, real=0.00 secs] 
102.282: Total time for which application threads were stopped: 0.0006480 seconds, Stopping threads took: 0.0000520 seconds
102.413: Application time: 0.1312300 seconds
102.413: [GC [PSYoungGen: 23808K->176K(24064K)] 95844K->72316K(107008K), 0.0005590 secs] [Times: user=0.00 sys=0.00, real=0.00 secs] 
102.414: Total time for which application threads were stopped: 0.0006840 seconds, Stopping threads took: 0.0000610 seconds
102.545: Application time: 0.1316620 seconds
102.546: [GC [PSYoungGen: 23728K->256K(24064K)] 95868K->72468K(107008K), 0.0004990 secs] [Times: user=0.01 sys=0.00, real=0.00 secs] 
102.546: Total time for which application threads were stopped: 0.0006330 seconds, Stopping threads took: 0.0000670 seconds
102.678: Application time: 0.1321330 seconds
102.678: [GC [PSYoungGen: 23808K->352K(24064K)] 96020K->72572K(107008K), 0.0006270 secs] [Times: user=0.01 sys=0.00, real=0.00 secs] 
102.679: Total time for which application threads were stopped: 0.0007480 seconds, Stopping threads took: 0.0000510 seconds
102.821: Application time: 0.1419610 seconds
102.821: [GC [PSYoungGen: 23904K->304K(24064K)] 96124K->72784K(107008K), 0.0006700 secs] [Times: user=0.01 sys=0.00, real=0.00 secs] 
102.822: Total time for which application threads were stopped: 0.0008170 seconds, Stopping threads took: 0.0000650 seconds
102.966: Application time: 0.1442890 seconds
102.966: [GC [PSYoungGen: 23856K->256K(24064K)] 96336K->72912K(107008K), 0.0005520 secs] [Times: user=0.00 sys=0.00, real=0.00 secs] 
102.967: Total time for which application threads were stopped: 0.0006790 seconds, Stopping threads took: 0.0000570 seconds
103.110: Application time: 0.1437100 seconds
103.111: [GC [PSYoungGen: 23807K->176K(24064K)] 96464K->72832K(107008K), 0.0005800 secs] [Times: user=0.00 sys=0.00, real=0.00 secs] 
103.112: Total time for which application threads were stopped: 0.0019660 seconds, Stopping threads took: 0.0002710 seconds
103.256: Application time: 0.1433980 seconds
103.256: [GC [PSYoungGen: 23728K->256K(24064K)] 96384K->73032K(107008K), 0.0006230 secs] [Times: user=0.00 sys=0.00, real=0.00 secs] 
103.257: Total time for which application threads were stopped: 0.0007480 seconds, Stopping threads took: 0.0000560 seconds
103.401: Application time: 0.1442230 seconds
103.401: [GC [PSYoungGen: 23808K->256K(24064K)] 96584K->73104K(107008K), 0.0005670 secs] [Times: user=0.01 sys=0.00, real=0.00 secs] 
103.401: Total time for which application threads were stopped: 0.0007110 seconds, Stopping threads took: 0.0000600 seconds
103.542: Application time: 0.1406810 seconds
103.542: [GC [PSYoungGen: 23808K->368K(24064K)] 96656K->73217K(107008K), 0.0005640 secs] [Times: user=0.00 sys=0.00, real=0.00 secs] 
103.543: Total time for which application threads were stopped: 0.0006940 seconds, Stopping threads took: 0.0000580 seconds
103.685: Application time: 0.1418730 seconds
103.685: [GC [PSYoungGen: 23920K->304K(24064K)] 96769K->73409K(107008K), 0.0006270 secs] [Times: user=0.00 sys=0.00, real=0.00 secs] 
103.685: Total time for which application threads were stopped: 0.0007700 seconds, Stopping threads took: 0.0000710 seconds
103.830: Application time: 0.1444980 seconds
103.830: [GC [PSYoungGen: 23856K->256K(24064K)] 96961K->73537K(107008K), 0.0005960 secs] [Times: user=0.00 sys=0.00, real=0.00 secs] 
103.831: Total time for which application threads were stopped: 0.0007320 seconds, Stopping threads took: 0.0000660 seconds
103.975: Application time: 0.1438590 seconds
103.975: [GC [PSYoungGen: 23808K->256K(24064K)] 97089K->73537K(107008K), 0.0005410 secs] [Times: user=0.01 sys=0.00, real=0.00 secs] 
103.975: Total time for which application threads were stopped: 0.0006840 seconds, Stopping threads took: 0.0000590 seconds
104.120: Application time: 0.1451370 seconds
104.124: [GC [PSYoungGen: 23808K->256K(24064K)] 97089K->73657K(107008K), 0.0006390 secs] [Times: user=0.01 sys=0.00, real=0.00 secs] 
104.124: Total time for which application threads were stopped: 0.0037980 seconds, Stopping threads took: 0.0030770 seconds
104.268: Application time: 0.1441770 seconds
104.268: [GC [PSYoungGen: 23808K->256K(24064K)] 97209K->73729K(107008K), 0.0005960 secs] [Times: user=0.00 sys=0.00, real=0.00 secs] 
104.269: Total time for which application threads were stopped: 0.0007160 seconds, Stopping threads took: 0.0000470 seconds
104.410: Application time: 0.1413460 seconds
104.411: [GC [PSYoungGen: 23808K->288K(24064K)] 97281K->73769K(107008K), 0.0005650 secs] [Times: user=0.00 sys=0.00, real=0.00 secs] 
104.411: Total time for which application threads were stopped: 0.0006860 seconds, Stopping threads took: 0.0000510 seconds
104.554: Application time: 0.1424210 seconds
104.554: [GC [PSYoungGen: 23840K->320K(24064K)] 97321K->74013K(107008K), 0.0006500 secs] [Times: user=0.01 sys=0.00, real=0.00 secs] 
104.554: Total time for which application threads were stopped: 0.0008000 seconds, Stopping threads took: 0.0000670 seconds
104.699: Application time: 0.1444200 seconds
104.699: [GC [PSYoungGen: 23872K->256K(24064K)] 97565K->74165K(107008K), 0.0005740 secs] [Times: user=0.00 sys=0.00, real=0.01 secs] 
104.699: Total time for which application threads were stopped: 0.0006930 seconds, Stopping threads took: 0.0000480 seconds
104.843: Application time: 0.1436300 seconds
104.843: [GC [PSYoungGen: 23808K->256K(24064K)] 97717K->74165K(107008K), 0.0005330 secs] [Times: user=0.00 sys=0.00, real=0.00 secs] 
104.844: Total time for which application threads were stopped: 0.0006590 seconds, Stopping threads took: 0.0000550 seconds
104.987: Application time: 0.1431680 seconds
104.987: [GC [PSYoungGen: 23808K->256K(24064K)] 97717K->74261K(107008K), 0.0005630 secs] [Times: user=0.01 sys=0.00, real=0.01 secs] 
104.988: Total time for which application threads were stopped: 0.0006960 seconds, Stopping threads took: 0.0000610 seconds
105.132: Application time: 0.1447720 seconds
105.133: [GC [PSYoungGen: 23808K->256K(24064K)] 97813K->74357K(107008K), 0.0005610 secs] [Times: user=0.01 sys=0.00, real=0.00 secs] 
105.133: Total time for which application threads were stopped: 0.0006950 seconds, Stopping threads took: 0.0000570 seconds
105.275: Application time: 0.1415720 seconds
105.275: [GC [PSYoungGen: 23808K->352K(24064K)] 97909K->74453K(107008K), 0.0005660 secs] [Times: user=0.00 sys=0.00, real=0.00 secs] 
105.275: Total time for which application threads were stopped: 0.0007000 seconds, Stopping threads took: 0.0000600 seconds
105.417: Application time: 0.1417980 seconds
105.417: [GC [PSYoungGen: 23904K->320K(24064K)] 98005K->74642K(107008K), 0.0006350 secs] [Times: user=0.00 sys=0.00, real=0.00 secs] 
105.418: Total time for which application threads were stopped: 0.0007740 seconds, Stopping threads took: 0.0000660 seconds
105.563: Application time: 0.1447910 seconds
105.563: [GC [PSYoungGen: 23872K->192K(24064K)] 98194K->74718K(107008K), 0.0006100 secs] [Times: user=0.00 sys=0.00, real=0.00 secs] 
105.563: Total time for which application threads were stopped: 0.0007310 seconds, Stopping threads took: 0.0000520 seconds
105.707: Application time: 0.1433580 seconds
105.707: [GC [PSYoungGen: 23744K->256K(24064K)] 98270K->74782K(107008K), 0.0005850 secs] [Times: user=0.00 sys=0.00, real=0.01 secs] 
105.708: Total time for which application threads were stopped: 0.0007260 seconds, Stopping threads took: 0.0000570 seconds
105.851: Application time: 0.1435850 seconds
105.851: [GC [PSYoungGen: 23808K->208K(24064K)] 98334K->74830K(107008K), 0.0005940 secs] [Times: user=0.00 sys=0.00, real=0.00 secs] 
105.852: Total time for which application threads were stopped: 0.0007440 seconds, Stopping threads took: 0.0000790 seconds
105.996: Application time: 0.1445830 seconds
105.997: [GC [PSYoungGen: 23760K->256K(24064K)] 98382K->74974K(107008K), 0.0005300 secs] [Times: user=0.00 sys=0.00, real=0.00 secs] 
105.997: Total time for which application threads were stopped: 0.0006660 seconds, Stopping threads took: 0.0000650 seconds
106.139: Application time: 0.1422090 seconds
106.139: [GC [PSYoungGen: 23808K->288K(24064K)] 98526K->75006K(107008K), 0.0005640 secs] [Times: user=0.00 sys=0.01, real=0.00 secs] 
106.140: Total time for which application threads were stopped: 0.0007080 seconds, Stopping threads took: 0.0000700 seconds
106.282: Application time: 0.1416100 seconds
106.282: [GC [PSYoungGen: 23840K->304K(24064K)] 98558K->75242K(107008K), 0.0007000 secs] [Times: user=0.00 sys=0.00, real=0.00 secs] 
106.283: Total time for which application threads were stopped: 0.0008390 seconds, Stopping threads took: 0.0000550 seconds
106.427: Application time: 0.1443350 seconds
106.427: [GC [PSYoungGen: 23856K->256K(24064K)] 98794K->75402K(107008K), 0.0005760 secs] [Times: user=0.01 sys=0.00, real=0.01 secs] 
106.428: Total time for which application threads were stopped: 0.0007130 seconds, Stopping threads took: 0.0000640 seconds
106.571: Application time: 0.1434270 seconds
106.576: [GC [PSYoungGen: 23808K->192K(24064K)] 98954K->75338K(107008K), 0.0005720 secs] [Times: user=0.01 sys=0.00, real=0.00 secs] 
106.576: Total time for which application threads were stopped: 0.0051060 seconds, Stopping threads took: 0.0044610 seconds
106.712: Application time: 0.1355240 seconds
106.712: [GC [PSYoungGen: 23744K->240K(24064K)] 98890K->75482K(107008K), 0.0005450 secs] [Times: user=0.00 sys=0.00, real=0.00 secs] 
106.712: Total time for which application threads were stopped: 0.0006710 seconds, Stopping threads took: 0.0000580 seconds
106.843: Application time: 0.1310990 seconds
106.844: [GC [PSYoungGen: 23792K->256K(24064K)] 99034K->75595K(107008K), 0.0005120 secs] [Times: user=0.01 sys=0.00, real=0.00 secs] 
106.844: Total time for which application threads were stopped: 0.0006560 seconds, Stopping threads took: 0.0000630 seconds
106.972: Application time: 0.1284050 seconds
106.973: [GC [PSYoungGen: 23808K->320K(24064K)] 99147K->75659K(107008K), 0.0005290 secs] [Times: user=0.00 sys=0.00, real=0.00 secs] 
106.973: Total time for which application threads were stopped: 0.0006620 seconds, Stopping threads took: 0.0000660 seconds
107.102: Application time: 0.1285760 seconds
107.102: [GC [PSYoungGen: 23872K->352K(24064K)] 99211K->75911K(107008K), 0.0006070 secs] [Times: user=0.00 sys=0.00, real=0.00 secs] 
107.102: Total time for which application threads were stopped: 0.0007280 seconds, Stopping threads took: 0.0000530 seconds
107.233: Application time: 0.1308180 seconds
107.233: [GC [PSYoungGen: 23904K->160K(24064K)] 99463K->75927K(107008K), 0.0006230 secs] [Times: user=0.01 sys=0.00, real=0.00 secs] 
107.234: Total time for which application threads were stopped: 0.0007450 seconds, Stopping threads took: 0.0000530 seconds
107.365: Application time: 0.1307120 seconds
107.365: [GC [PSYoungGen: 23712K->256K(24064K)] 99479K->76023K(107008K), 0.0005040 secs] [Times: user=0.00 sys=0.00, real=0.00 secs] 
107.365: Total time for which application threads were stopped: 0.0006360 seconds, Stopping threads took: 0.0000530 seconds
107.496: Application time: 0.1302500 seconds
107.496: [GC [PSYoungGen: 23808K->144K(24064K)] 99575K->75999K(107008K), 0.0005610 secs] [Times: user=0.00 sys=0.00, real=0.00 secs] 
107.496: Total time for which application threads were stopped: 0.0006780 seconds, Stopping threads took: 0.0000480 seconds
107.627: Application time: 0.1311590 seconds
107.628: [GC [PSYoungGen: 23696K->256K(24064K)] 99551K->76207K(107008K), 0.0005210 secs] [Times: user=0.00 sys=0.00, real=0.00 secs] 
107.628: Total time for which application threads were stopped: 0.0006430 seconds, Stopping threads took: 0.0000550 seconds
107.757: Application time: 0.1293530 seconds
107.758: [GC [PSYoungGen: 23808K->320K(24064K)] 99759K->76271K(107008K), 0.0005660 secs] [Times: user=0.00 sys=0.00, real=0.00 secs] 
107.758: Total time for which application threads were stopped: 0.0006920 seconds, Stopping threads took: 0.0000540 seconds
107.887: Application time: 0.1286650 seconds
107.887: [GC [PSYoungGen: 23872K->304K(24064K)] 99823K->76455K(107008K), 0.0006530 secs] [Times: user=0.01 sys=0.00, real=0.01 secs] 
107.888: Total time for which application threads were stopped: 0.0008030 seconds, Stopping threads took: 0.0000660 seconds
108.019: Application time: 0.1311080 seconds
108.019: [GC [PSYoungGen: 23856K->160K(24064K)] 100007K->76515K(107008K), 0.0006080 secs] [Times: user=0.01 sys=0.00, real=0.01 secs] 
108.019: Total time for which application threads were stopped: 0.0007410 seconds, Stopping threads took: 0.0000640 seconds
108.150: Application time: 0.1307630 seconds
108.150: [GC [PSYoungGen: 23712K->144K(24064K)] 100067K->76499K(107008K), 0.0005800 secs] [Times: user=0.01 sys=0.00, real=0.00 secs] 
108.152: Total time for which application threads were stopped: 0.0017350 seconds, Stopping threads took: 0.0000560 seconds
108.283: Application time: 0.1309030 seconds
108.283: [GC [PSYoungGen: 23696K->256K(24064K)] 100051K->76708K(107008K), 0.0005560 secs] [Times: user=0.00 sys=0.00, real=0.00 secs] 
108.284: Total time for which application threads were stopped: 0.0006780 seconds, Stopping threads took: 0.0000530 seconds
108.415: Application time: 0.1314400 seconds
108.415: [GC [PSYoungGen: 23808K->256K(24064K)] 100260K->76804K(107008K), 0.0005490 secs] [Times: user=0.00 sys=0.00, real=0.00 secs] 
108.416: Total time for which application threads were stopped: 0.0006880 seconds, Stopping threads took: 0.0000600 seconds
108.545: Application time: 0.1293890 seconds
108.545: [GC [PSYoungGen: 23808K->320K(24064K)] 100356K->76868K(107008K), 0.0005610 secs] [Times: user=0.00 sys=0.00, real=0.00 secs] 
108.546: Total time for which application threads were stopped: 0.0006810 seconds, Stopping threads took: 0.0000510 seconds
108.674: Application time: 0.1281430 seconds
108.674: [GC [PSYoungGen: 23872K->304K(24064K)] 100420K->77060K(107008K), 0.0006240 secs] [Times: user=0.00 sys=0.00, real=0.00 secs] 
108.675: Total time for which application threads were stopped: 0.0007500 seconds, Stopping threads took: 0.0000520 seconds
108.806: Application time: 0.1317550 seconds
108.807: [GC [PSYoungGen: 23856K->256K(24064K)] 100612K->77228K(107008K), 0.0005630 secs] [Times: user=0.01 sys=0.00, real=0.00 secs] 
108.807: Total time for which application threads were stopped: 0.0006880 seconds, Stopping threads took: 0.0000550 seconds
108.938: Application time: 0.1310510 seconds
108.938: [GC [PSYoungGen: 23808K->256K(24064K)] 100780K->77228K(107008K), 0.0005140 secs] [Times: user=0.01 sys=0.00, real=0.00 secs] 
108.939: Total time for which application threads were stopped: 0.0006390 seconds, Stopping threads took: 0.0000510 seconds
109.070: Application time: 0.1311790 seconds
109.070: [GC [PSYoungGen: 23808K->256K(24064K)] 100780K->77324K(107008K), 0.0005530 secs] [Times: user=0.00 sys=0.00, real=0.00 secs] 
109.071: Total time for which application threads were stopped: 0.0006760 seconds, Stopping threads took: 0.0000560 seconds
109.202: Application time: 0.1313550 seconds
109.202: [GC [PSYoungGen: 23808K->256K(24064K)] 100876K->77420K(107008K), 0.0005170 secs] [Times: user=0.01 sys=0.00, real=0.00 secs] 
109.203: Total time for which application threads were stopped: 0.0006410 seconds, Stopping threads took: 0.0000550 seconds
109.331: Application time: 0.1283300 seconds
109.331: [GC [PSYoungGen: 23808K->304K(24064K)] 100972K->77468K(107008K), 0.0005840 secs] [Times: user=0.00 sys=0.00, real=0.00 secs] 
109.332: Total time for which application threads were stopped: 0.0007100 seconds, Stopping threads took: 0.0000560 seconds
109.461: Application time: 0.1293920 seconds
109.461: [GC [PSYoungGen: 23856K->304K(24064K)] 101020K->77684K(107008K), 0.0006180 secs] [Times: user=0.00 sys=0.00, real=0.00 secs] 
109.462: Total time for which application threads were stopped: 0.0007600 seconds, Stopping threads took: 0.0000610 seconds
109.593: Application time: 0.1311360 seconds
109.593: [GC [PSYoungGen: 23856K->256K(24064K)] 101236K->77864K(107008K), 0.0005590 secs] [Times: user=0.00 sys=0.00, real=0.00 secs] 
109.594: Total time for which application threads were stopped: 0.0006820 seconds, Stopping threads took: 0.0000530 seconds
109.725: Application time: 0.1310630 seconds
109.725: [GC [PSYoungGen: 23808K->256K(24064K)] 101416K->77864K(107008K), 0.0005110 secs] [Times: user=0.01 sys=0.00, real=0.00 secs] 
109.725: Total time for which application threads were stopped: 0.0006310 seconds, Stopping threads took: 0.0000520 seconds
109.857: Application time: 0.1314830 seconds
109.857: [GC [PSYoungGen: 23808K->240K(24064K)] 101416K->77945K(107008K), 0.0005970 secs] [Times: user=0.01 sys=0.00, real=0.00 secs] 
109.858: Total time for which application threads were stopped: 0.0007230 seconds, Stopping threads took: 0.0000540 seconds
109.989: Application time: 0.1317430 seconds
109.989: [GC [PSYoungGen: 23792K->256K(24064K)] 101497K->78057K(107008K), 0.0005090 secs] [Times: user=0.00 sys=0.00, real=0.00 secs] 
109.990: Total time for which application threads were stopped: 0.0006470 seconds, Stopping threads took: 0.0000540 seconds
110.119: Application time: 0.1289340 seconds
110.119: [GC [PSYoungGen: 23808K->288K(24064K)] 101609K->78089K(107008K), 0.0005650 secs] [Times: user=0.00 sys=0.00, real=0.01 secs] 
110.120: Total time for which application threads were stopped: 0.0006980 seconds, Stopping threads took: 0.0000640 seconds
110.249: Application time: 0.1291300 seconds
110.249: [GC [PSYoungGen: 23840K->320K(24064K)] 101641K->78337K(107008K), 0.0006100 secs] [Times: user=0.01 sys=0.00, real=0.00 secs] 
110.249: Total time for which application threads were stopped: 0.0007310 seconds, Stopping threads took: 0.0000530 seconds
110.381: Application time: 0.1311220 seconds
110.381: [GC [PSYoungGen: 23872K->256K(24064K)] 101889K->78501K(107008K), 0.0005440 secs] [Times: user=0.00 sys=0.00, real=0.00 secs] 
110.381: Total time for which application threads were stopped: 0.0006650 seconds, Stopping threads took: 0.0000550 seconds
110.512: Application time: 0.1310010 seconds
110.512: [GC [PSYoungGen: 23808K->256K(24064K)] 102053K->78501K(107008K), 0.0005170 secs] [Times: user=0.01 sys=0.00, real=0.00 secs] 
110.513: Total time for which application threads were stopped: 0.0006600 seconds, Stopping threads took: 0.0000670 seconds
110.643: Application time: 0.1305250 seconds
110.644: [GC [PSYoungGen: 23808K->256K(24064K)] 102053K->78597K(107008K), 0.0005450 secs] [Times: user=0.00 sys=0.00, real=0.00 secs] 
110.644: Total time for which application threads were stopped: 0.0006630 seconds, Stopping threads took: 0.0000490 seconds
110.775: Application time: 0.1309950 seconds
110.775: [GC [PSYoungGen: 23808K->256K(24064K)] 102149K->78693K(107008K), 0.0005040 secs] [Times: user=0.00 sys=0.00, real=0.00 secs] 
110.776: Total time for which application threads were stopped: 0.0006260 seconds, Stopping threads took: 0.0000560 seconds
110.905: Application time: 0.1292290 seconds
110.905: [GC [PSYoungGen: 23808K->320K(24064K)] 102245K->78757K(107008K), 0.0006110 secs] [Times: user=0.00 sys=0.00, real=0.00 secs] 
110.906: Total time for which application threads were stopped: 0.0007330 seconds, Stopping threads took: 0.0000560 seconds
111.034: Application time: 0.1283890 seconds
111.034: [GC [PSYoungGen: 23872K->320K(24064K)] 102309K->78973K(107008K), 0.0005630 secs] [Times: user=0.00 sys=0.00, real=0.00 secs] 
111.035: Total time for which application threads were stopped: 0.0006970 seconds, Stopping threads took: 0.0000590 seconds
111.167: Application time: 0.1319240 seconds
111.167: [GC [PSYoungGen: 23872K->256K(24064K)] 102525K->79130K(107008K), 0.0005920 secs] [Times: user=0.01 sys=0.00, real=0.01 secs] 
111.167: Total time for which application threads were stopped: 0.0007230 seconds, Stopping threads took: 0.0000600 seconds
111.298: Application time: 0.1308970 seconds
111.298: [GC [PSYoungGen: 23808K->192K(24064K)] 102682K->79066K(107008K), 0.0005700 secs] [Times: user=0.00 sys=0.00, real=0.00 secs] 
111.299: Total time for which application threads were stopped: 0.0006950 seconds, Stopping threads took: 0.0000550 seconds
111.430: Application time: 0.1305020 seconds
111.430: [GC [PSYoungGen: 23744K->176K(24064K)] 102618K->79130K(107008K), 0.0006270 secs] [Times: user=0.01 sys=0.00, real=0.00 secs] 
111.430: Total time for which application threads were stopped: 0.0007480 seconds, Stopping threads took: 0.0000490 seconds
111.561: Application time: 0.1310280 seconds
111.561: [GC [PSYoungGen: 23728K->256K(24064K)] 102682K->79306K(107008K), 0.0005130 secs] [Times: user=0.01 sys=0.00, real=0.00 secs] 
111.562: Total time for which application threads were stopped: 0.0006430 seconds, Stopping threads took: 0.0000530 seconds
111.693: Application time: 0.1311590 seconds
111.693: [GC [PSYoungGen: 23808K->320K(24064K)] 102858K->79370K(107008K), 0.0005260 secs] [Times: user=0.00 sys=0.00, real=0.00 secs] 
111.694: Total time for which application threads were stopped: 0.0006700 seconds, Stopping threads took: 0.0000760 seconds
111.822: Application time: 0.1280700 seconds
111.822: [GC [PSYoungGen: 23872K->400K(24064K)] 102922K->79626K(107008K), 0.0006380 secs] [Times: user=0.00 sys=0.00, real=0.00 secs] 
111.823: Total time for which application threads were stopped: 0.0007710 seconds, Stopping threads took: 0.0000610 seconds
111.953: Application time: 0.1305180 seconds
111.953: [GC [PSYoungGen: 23952K->256K(24064K)] 103178K->79738K(107008K), 0.0005860 secs] [Times: user=0.00 sys=0.00, real=0.00 secs] 
111.954: Total time for which application threads were stopped: 0.0007140 seconds, Stopping threads took: 0.0000560 seconds
112.085: Application time: 0.1310860 seconds
112.085: [GC [PSYoungGen: 23808K->256K(24064K)] 103290K->79738K(107008K), 0.0005080 secs] [Times: user=0.00 sys=0.00, real=0.00 secs] 
112.086: Total time for which application threads were stopped: 0.0006430 seconds, Stopping threads took: 0.0000530 seconds
112.216: Application time: 0.1305790 seconds
112.216: [GC [PSYoungGen: 23808K->256K(24064K)] 103290K->79810K(107008K), 0.0005760 secs] [Times: user=0.01 sys=0.00, real=0.00 secs] 
112.217: Total time for which application threads were stopped: 0.0006940 seconds, Stopping threads took: 0.0000510 seconds
112.348: Application time: 0.1308570 seconds
112.348: [GC [PSYoungGen: 23808K->224K(24064K)] 103362K->79898K(107008K), 0.0005580 secs] [Times: user=0.01 sys=0.00, real=0.00 secs] 
112.348: Total time for which application threads were stopped: 0.0006830 seconds, Stopping threads took: 0.0000550 seconds
112.478: Application time: 0.1294120 seconds
112.478: [GC [PSYoungGen: 23776K->304K(24064K)] 103450K->79978K(107008K), 0.0005330 secs] [Times: user=0.00 sys=0.00, real=0.00 secs] 
112.479: Total time for which application threads were stopped: 0.0006560 seconds, Stopping threads took: 0.0000560 seconds
112.607: Application time: 0.1285800 seconds
112.607: [GC [PSYoungGen: 23856K->384K(24064K)] 103530K->80234K(107008K), 0.0006300 secs] [Times: user=0.00 sys=0.00, real=0.01 secs] 
112.608: Total time for which application threads were stopped: 0.0007650 seconds, Stopping threads took: 0.0000520 seconds
112.739: Application time: 0.1309880 seconds
112.739: [GC [PSYoungGen: 23936K->256K(24064K)] 103786K->80363K(107008K), 0.0005670 secs] [Times: user=0.00 sys=0.00, real=0.01 secs] 
112.740: Total time for which application threads were stopped: 0.0006940 seconds, Stopping threads took: 0.0000550 seconds
112.871: Application time: 0.1309980 seconds
112.871: [GC [PSYoungGen: 23808K->256K(24064K)] 103915K->80363K(107008K), 0.0005120 secs] [Times: user=0.00 sys=0.00, real=0.00 secs] 
112.871: Total time for which application threads were stopped: 0.0006300 seconds, Stopping threads took: 0.0000510 seconds
113.001: Application time: 0.1298020 seconds
113.001: [GC [PSYoungGen: 23808K->176K(24064K)] 103915K->80355K(107008K), 0.0005790 secs] [Times: user=0.01 sys=0.00, real=0.00 secs] 
113.002: Total time for which application threads were stopped: 0.0007050 seconds, Stopping threads took: 0.0000580 seconds
113.134: Application time: 0.1321060 seconds
113.134: [GC [PSYoungGen: 23728K->128K(24064K)] 103907K->80419K(107008K), 0.0006050 secs] [Times: user=0.00 sys=0.00, real=0.00 secs] 
113.135: Total time for which application threads were stopped: 0.0007470 seconds, Stopping threads took: 0.0000610 seconds
113.263: Application time: 0.1287820 seconds
113.263: [GC [PSYoungGen: 23680K->288K(24064K)] 103971K->80579K(107008K), 0.0005830 secs] [Times: user=0.01 sys=0.00, real=0.00 secs] 
113.264: Total time for which application threads were stopped: 0.0007140 seconds, Stopping threads took: 0.0000630 seconds
113.393: Application time: 0.1292830 seconds
113.393: [GC [PSYoungGen: 23840K->336K(24064K)] 104131K->80795K(107008K), 0.0006300 secs] [Times: user=0.01 sys=0.00, real=0.00 secs] 
113.394: Total time for which application threads were stopped: 0.0007630 seconds, Stopping threads took: 0.0000660 seconds
113.525: Application time: 0.1311110 seconds
113.525: [GC [PSYoungGen: 23888K->256K(24064K)] 104347K->80971K(107008K), 0.0005740 secs] [Times: user=0.01 sys=0.00, real=0.00 secs] 
113.526: Total time for which application threads were stopped: 0.0007160 seconds, Stopping threads took: 0.0000720 seconds
113.657: Application time: 0.1310700 seconds
113.657: [GC [PSYoungGen: 23808K->192K(24064K)] 104523K->80907K(107008K), 0.0005390 secs] [Times: user=0.01 sys=0.00, real=0.00 secs] 
113.658: Total time for which application threads were stopped: 0.0006740 seconds, Stopping threads took: 0.0000540 seconds
113.788: Application time: 0.1306350 seconds
113.788: [GC [PSYoungGen: 23744K->256K(24064K)] 104459K->81043K(107008K), 0.0005970 secs] [Times: user=0.01 sys=0.00, real=0.00 secs] 
113.789: Total time for which application threads were stopped: 0.0007190 seconds, Stopping threads took: 0.0000530 seconds
113.921: Application time: 0.1319690 seconds
113.921: [GC [PSYoungGen: 23808K->256K(24064K)] 104595K->81163K(107008K), 0.0005120 secs] [Times: user=0.00 sys=0.00, real=0.00 secs] 
113.922: Total time for which application threads were stopped: 0.0006600 seconds, Stopping threads took: 0.0000780 seconds
114.051: Application time: 0.1296510 seconds
114.051: [GC [PSYoungGen: 23808K->208K(24064K)] 104715K->81115K(107008K), 0.0006080 secs] [Times: user=0.00 sys=0.00, real=0.00 secs] 
114.052: Total time for which application threads were stopped: 0.0007200 seconds, Stopping threads took: 0.0000490 seconds
114.180: Application time: 0.1281440 seconds
114.180: [GC [PSYoungGen: 23760K->400K(24064K)] 104667K->81467K(107008K), 0.0006200 secs] [Times: user=0.00 sys=0.00, real=0.00 secs] 
114.181: Total time for which application threads were stopped: 0.0007550 seconds, Stopping threads took: 0.0000570 seconds
114.312: Application time: 0.1311040 seconds
114.312: [GC [PSYoungGen: 23952K->224K(24064K)] 105019K->81544K(107008K), 0.0006130 secs] [Times: user=0.00 sys=0.00, real=0.00 secs] 
114.313: Total time for which application threads were stopped: 0.0007410 seconds, Stopping threads took: 0.0000550 seconds
114.444: Application time: 0.1310740 seconds
114.448: [GC [PSYoungGen: 23776K->256K(24064K)] 105096K->81576K(107008K), 0.0005040 secs] [Times: user=0.01 sys=0.00, real=0.00 secs] 
114.448: Total time for which application threads were stopped: 0.0041720 seconds, Stopping threads took: 0.0036020 seconds
114.578: Application time: 0.1301200 seconds
114.578: [GC [PSYoungGen: 23808K->256K(24064K)] 105128K->81648K(107008K), 0.0005480 secs] [Times: user=0.01 sys=0.00, real=0.00 secs] 
114.579: Total time for which application threads were stopped: 0.0006710 seconds, Stopping threads took: 0.0000530 seconds
114.710: Application time: 0.1308810 seconds
114.710: [GC [PSYoungGen: 23808K->256K(24064K)] 105200K->81768K(107008K), 0.0005660 secs] [Times: user=0.00 sys=0.00, real=0.00 secs] 
114.710: Total time for which application threads were stopped: 0.0006950 seconds, Stopping threads took: 0.0000540 seconds
114.840: Application time: 0.1295120 seconds
114.840: [GC [PSYoungGen: 23808K->288K(24064K)] 105320K->81800K(107008K), 0.0005420 secs] [Times: user=0.00 sys=0.00, real=0.00 secs] 
114.841: Total time for which application threads were stopped: 0.0006680 seconds, Stopping threads took: 0.0000550 seconds
114.969: Application time: 0.1285830 seconds
114.969: [GC [PSYoungGen: 23840K->400K(24064K)] 105352K->82080K(107008K), 0.0006400 secs] [Times: user=0.00 sys=0.00, real=0.00 secs] 
114.970: Total time for which application threads were stopped: 0.0007700 seconds, Stopping threads took: 0.0000510 seconds
115.101: Application time: 0.1307090 seconds
115.101: [GC [PSYoungGen: 23952K->256K(24064K)] 105632K->82196K(107008K), 0.0005730 secs] [Times: user=0.00 sys=0.00, real=0.00 secs] 
115.101: Total time for which application threads were stopped: 0.0007110 seconds, Stopping threads took: 0.0000700 seconds
115.232: Application time: 0.1309630 seconds
115.232: [GC [PSYoungGen: 23808K->256K(24064K)] 105748K->82196K(107008K), 0.0005420 secs] [Times: user=0.00 sys=0.00, real=0.00 secs] 
115.233: Total time for which application threads were stopped: 0.0006750 seconds, Stopping threads took: 0.0000510 seconds
115.364: Application time: 0.1305210 seconds
115.364: [GC [PSYoungGen: 23808K->256K(24064K)] 105748K->82268K(107008K), 0.0005550 secs] [Times: user=0.01 sys=0.00, real=0.00 secs] 
115.364: Total time for which application threads were stopped: 0.0006870 seconds, Stopping threads took: 0.0000630 seconds
115.495: Application time: 0.1309900 seconds
115.495: [GC [PSYoungGen: 23808K->256K(24064K)] 105820K->82388K(107008K), 0.0005350 secs] [Times: user=0.00 sys=0.00, real=0.00 secs] 
115.496: Total time for which application threads were stopped: 0.0006560 seconds, Stopping threads took: 0.0000540 seconds
115.625: Application time: 0.1293200 seconds
115.625: [GC [PSYoungGen: 23808K->224K(24064K)] 105940K->82356K(107008K), 0.0005870 secs] [Times: user=0.00 sys=0.00, real=0.00 secs] 
115.626: Total time for which application threads were stopped: 0.0007090 seconds, Stopping threads took: 0.0000570 seconds
115.755: Application time: 0.1287980 seconds
115.755: [GC [PSYoungGen: 23776K->384K(24064K)] 105908K->82676K(107008K), 0.0006400 secs] [Times: user=0.00 sys=0.00, real=0.00 secs] 
115.756: Total time for which application threads were stopped: 0.0007980 seconds, Stopping threads took: 0.0000770 seconds
115.887: Application time: 0.1315660 seconds
115.887: [GC [PSYoungGen: 23936K->256K(24064K)] 106228K->82809K(107008K), 0.0005650 secs] [Times: user=0.00 sys=0.00, real=0.01 secs] 
115.888: Total time for which application threads were stopped: 0.0006950 seconds, Stopping threads took: 0.0000610 seconds
116.018: Application time: 0.1303300 seconds
116.018: [GC [PSYoungGen: 23808K->256K(24064K)] 106361K->82809K(107008K), 0.0005170 secs] [Times: user=0.00 sys=0.00, real=0.00 secs] 
116.019: Total time for which application threads were stopped: 0.0006410 seconds, Stopping threads took: 0.0000560 seconds
116.149: Application time: 0.1303730 seconds
116.149: [GC [PSYoungGen: 23808K->256K(24064K)] 106361K->82881K(107008K), 0.0005590 secs] [Times: user=0.00 sys=0.00, real=0.00 secs] 
116.150: Total time for which application threads were stopped: 0.0006890 seconds, Stopping threads took: 0.0000590 seconds
116.281: Application time: 0.1316030 seconds
116.282: [GC [PSYoungGen: 23808K->160K(24064K)] 106433K->82905K(107008K), 0.0006020 secs] [Times: user=0.01 sys=0.00, real=0.00 secs] 
116.282: [Full GC [PSYoungGen: 160K->0K(24064K)] [ParOldGen: 82745K->2907K(34816K)] 82905K->2907K(58880K) [PSPermGen: 6070K->6054K(21504K)], 0.0182330 secs] [Times: user=0.08 sys=0.00, real=0.02 secs] 
116.300: Total time for which application threads were stopped: 0.0190240 seconds, Stopping threads took: 0.0000510 seconds
116.430: Application time: 0.1292890 seconds
116.430: [GC [PSYoungGen: 23552K->288K(24064K)] 26459K->3195K(58880K), 0.0004150 secs] [Times: user=0.00 sys=0.00, real=0.00 secs] 
116.430: Total time for which application threads were stopped: 0.0005410 seconds, Stopping threads took: 0.0000540 seconds
116.559: Application time: 0.1287080 seconds
116.559: [GC [PSYoungGen: 23840K->336K(24064K)] 26747K->3411K(58880K), 0.0005090 secs] [Times: user=0.00 sys=0.00, real=0.01 secs] 
116.560: Total time for which application threads were stopped: 0.0006480 seconds, Stopping threads took: 0.0000710 seconds
116.691: Application time: 0.1311210 seconds
116.691: [GC [PSYoungGen: 23888K->256K(24064K)] 26963K->3603K(58880K), 0.0004780 secs] [Times: user=0.00 sys=0.00, real=0.00 secs] 
116.691: Total time for which application threads were stopped: 0.0005950 seconds, Stopping threads took: 0.0000500 seconds
116.822: Application time: 0.1305910 seconds
116.822: [GC [PSYoungGen: 23808K->256K(24064K)] 27155K->3603K(58880K), 0.0003870 secs] [Times: user=0.00 sys=0.00, real=0.00 secs] 
116.822: Total time for which application threads were stopped: 0.0005180 seconds, Stopping threads took: 0.0000540 seconds
116.953: Application time: 0.1301700 seconds
116.953: [GC [PSYoungGen: 23808K->224K(24064K)] 27155K->3643K(58880K), 0.0004770 secs] [Times: user=0.00 sys=0.00, real=0.00 secs] 
116.953: Total time for which application threads were stopped: 0.0006060 seconds, Stopping threads took: 0.0000650 seconds
117.085: Application time: 0.1313080 seconds
117.085: [GC [PSYoungGen: 23776K->256K(24064K)] 27195K->3795K(58880K), 0.0004010 secs] [Times: user=0.00 sys=0.00, real=0.00 secs] 
117.085: Total time for which application threads were stopped: 0.0005330 seconds, Stopping threads took: 0.0000650 seconds
117.215: Application time: 0.1296110 seconds
117.215: [GC [PSYoungGen: 23808K->288K(24064K)] 27347K->3827K(58880K), 0.0004370 secs] [Times: user=0.00 sys=0.00, real=0.00 secs] 
117.215: Total time for which application threads were stopped: 0.0005650 seconds, Stopping threads took: 0.0000630 seconds
117.344: Application time: 0.1285840 seconds
117.344: [GC [PSYoungGen: 23840K->304K(24064K)] 27379K->4011K(58880K), 0.0005180 secs] [Times: user=0.00 sys=0.00, real=0.00 secs] 
117.345: Total time for which application threads were stopped: 0.0006570 seconds, Stopping threads took: 0.0000570 seconds
117.476: Application time: 0.1310350 seconds
117.476: [GC [PSYoungGen: 23856K->256K(24064K)] 27563K->4220K(58880K), 0.0004510 secs] [Times: user=0.00 sys=0.00, real=0.00 secs] 
117.476: Total time for which application threads were stopped: 0.0005810 seconds, Stopping threads took: 0.0000600 seconds
117.607: Application time: 0.1313420 seconds
117.608: [GC [PSYoungGen: 23808K->256K(24064K)] 27772K->4220K(58880K), 0.0003750 secs] [Times: user=0.00 sys=0.00, real=0.00 secs] 
117.608: Total time for which application threads were stopped: 0.0005010 seconds, Stopping threads took: 0.0000560 seconds
117.738: Application time: 0.1303280 seconds
117.738: [GC [PSYoungGen: 23808K->256K(24064K)] 27772K->4292K(58880K), 0.0003920 secs] [Times: user=0.00 sys=0.00, real=0.00 secs] 
117.739: Total time for which application threads were stopped: 0.0005280 seconds, Stopping threads took: 0.0000660 seconds
117.870: Application time: 0.1310020 seconds
117.870: [GC [PSYoungGen: 23808K->224K(24064K)] 27844K->4380K(58880K), 0.0004080 secs] [Times: user=0.00 sys=0.00, real=0.00 secs] 
117.870: Total time for which application threads were stopped: 0.0005460 seconds, Stopping threads took: 0.0000640 seconds
118.000: Application time: 0.1295290 seconds
118.000: [GC [PSYoungGen: 23776K->288K(24064K)] 27932K->4444K(58880K), 0.0004010 secs] [Times: user=0.01 sys=0.00, real=0.00 secs] 
118.000: Total time for which application threads were stopped: 0.0005410 seconds, Stopping threads took: 0.0000740 seconds
118.129: Application time: 0.1288830 seconds
118.129: [GC [PSYoungGen: 23840K->368K(24064K)] 27996K->4684K(58880K), 0.0004980 secs] [Times: user=0.01 sys=0.00, real=0.00 secs] 
118.130: Total time for which application threads were stopped: 0.0006260 seconds, Stopping threads took: 0.0000610 seconds
118.262: Application time: 0.1317470 seconds
118.262: [GC [PSYoungGen: 23920K->256K(24064K)] 28236K->4828K(58880K), 0.0004280 secs] [Times: user=0.00 sys=0.00, real=0.00 secs] 
118.262: Total time for which application threads were stopped: 0.0005430 seconds, Stopping threads took: 0.0000510 seconds
118.393: Application time: 0.1311370 seconds
118.394: [GC [PSYoungGen: 23808K->256K(24064K)] 28380K->4828K(58880K), 0.0004080 secs] [Times: user=0.00 sys=0.00, real=0.00 secs] 
118.395: Total time for which application threads were stopped: 0.0017240 seconds, Stopping threads took: 0.0000640 seconds
118.525: Application time: 0.1299150 seconds
118.525: [GC [PSYoungGen: 23808K->256K(24064K)] 28380K->4900K(58880K), 0.0004460 secs] [Times: user=0.00 sys=0.00, real=0.00 secs] 
118.526: Total time for which application threads were stopped: 0.0005600 seconds, Stopping threads took: 0.0000450 seconds
118.658: Application time: 0.1327150 seconds
118.658: [GC [PSYoungGen: 23808K->256K(24064K)] 28452K->5012K(58880K), 0.0004420 secs] [Times: user=0.00 sys=0.00, real=0.00 secs] 
118.659: Total time for which application threads were stopped: 0.0005690 seconds, Stopping threads took: 0.0000570 seconds
118.801: Application time: 0.1415900 seconds
118.801: [GC [PSYoungGen: 23808K->288K(24064K)] 28564K->5044K(58880K), 0.0004440 secs] [Times: user=0.00 sys=0.00, real=0.00 secs] 
118.801: Total time for which application threads were stopped: 0.0005760 seconds, Stopping threads took: 0.0000570 seconds
118.943: Application time: 0.1417770 seconds
118.943: [GC [PSYoungGen: 23840K->368K(24064K)] 28596K->5284K(58880K), 0.0005650 secs] [Times: user=0.00 sys=0.00, real=0.00 secs] 
118.944: Total time for which application threads were stopped: 0.0007270 seconds, Stopping threads took: 0.0000760 seconds
119.088: Application time: 0.1445210 seconds
119.088: [GC [PSYoungGen: 23920K->224K(24064K)] 28836K->5397K(58880K), 0.0004910 secs] [Times: user=0.00 sys=0.00, real=0.00 secs] 
119.089: Total time for which application threads were stopped: 0.0006450 seconds, Stopping threads took: 0.0000810 seconds
119.232: Application time: 0.1433140 seconds
119.232: [GC [PSYoungGen: 23776K->256K(24064K)] 28949K->5429K(58880K), 0.0004140 secs] [Times: user=0.00 sys=0.00, real=0.00 secs] 
119.233: Total time for which application threads were stopped: 0.0005390 seconds, Stopping threads took: 0.0000540 seconds
119.377: Application time: 0.1439560 seconds
119.377: [GC [PSYoungGen: 23808K->192K(24064K)] 28981K->5461K(58880K), 0.0004740 secs] [Times: user=0.00 sys=0.00, real=0.00 secs] 
119.377: Total time for which application threads were stopped: 0.0006010 seconds, Stopping threads took: 0.0000590 seconds
119.521: Application time: 0.1440520 seconds
119.521: [GC [PSYoungGen: 23744K->256K(24064K)] 29013K->5621K(58880K), 0.0004020 secs] [Times: user=0.00 sys=0.00, real=0.00 secs] 
119.522: Total time for which application threads were stopped: 0.0005370 seconds, Stopping threads took: 0.0000550 seconds
119.664: Application time: 0.1419770 seconds
119.664: [GC [PSYoungGen: 23808K->304K(24064K)] 29173K->5669K(58880K), 0.0004420 secs] [Times: user=0.00 sys=0.00, real=0.00 secs] 
119.664: Total time for which application threads were stopped: 0.0005750 seconds, Stopping threads took: 0.0000620 seconds
119.805: Application time: 0.1410700 seconds
119.805: [GC [PSYoungGen: 23856K->304K(24064K)] 29221K->5881K(58880K), 0.0005630 secs] [Times: user=0.00 sys=0.00, real=0.00 secs] 
119.806: Total time for which application threads were stopped: 0.0006900 seconds, Stopping threads took: 0.0000550 seconds
119.950: Application time: 0.1438120 seconds
119.950: [GC [PSYoungGen: 23856K->256K(24064K)] 29433K->6061K(58880K), 0.0004720 secs] [Times: user=0.00 sys=0.00, real=0.00 secs] 
119.951: Total time for which application threads were stopped: 0.0005960 seconds, Stopping threads took: 0.0000540 seconds
120.095: Application time: 0.1446130 seconds
120.095: [GC [PSYoungGen: 23808K->256K(24064K)] 29613K->6061K(58880K), 0.0004310 secs] [Times: user=0.00 sys=0.00, real=0.00 secs] 
120.096: Total time for which application threads were stopped: 0.0005720 seconds, Stopping threads took: 0.0000580 seconds
120.240: Application time: 0.1441930 seconds
120.240: [GC [PSYoungGen: 23808K->224K(24064K)] 29613K->6117K(58880K), 0.0004660 secs] [Times: user=0.00 sys=0.00, real=0.00 secs] 
120.240: Total time for which application threads were stopped: 0.0005890 seconds, Stopping threads took: 0.0000540 seconds
120.385: Application time: 0.1442860 seconds
120.385: [GC [PSYoungGen: 23776K->256K(24064K)] 29669K->6245K(58880K), 0.0004300 secs] [Times: user=0.00 sys=0.00, real=0.00 secs] 
120.385: Total time for which application threads were stopped: 0.0005690 seconds, Stopping threads took: 0.0000630 seconds
120.527: Application time: 0.1421280 seconds
120.528: [GC [PSYoungGen: 23808K->336K(24064K)] 29797K->6325K(58880K), 0.0004490 secs] [Times: user=0.00 sys=0.00, real=0.00 secs] 
120.528: Total time for which application threads were stopped: 0.0005820 seconds, Stopping threads took: 0.0000610 seconds
120.670: Application time: 0.1423530 seconds
120.671: [GC [PSYoungGen: 23888K->320K(24064K)] 29877K->6534K(58880K), 0.0005180 secs] [Times: user=0.00 sys=0.00, real=0.00 secs] 
120.671: Total time for which application threads were stopped: 0.0006780 seconds, Stopping threads took: 0.0000780 seconds
120.816: Application time: 0.1444490 seconds
120.816: [GC [PSYoungGen: 23872K->256K(24064K)] 30086K->6690K(58880K), 0.0004870 secs] [Times: user=0.00 sys=0.00, real=0.00 secs] 
120.816: Total time for which application threads were stopped: 0.0006310 seconds, Stopping threads took: 0.0000750 seconds
120.960: Application time: 0.1439950 seconds
120.960: [GC [PSYoungGen: 23808K->256K(24064K)] 30242K->6690K(58880K), 0.0004010 secs] [Times: user=0.00 sys=0.00, real=0.00 secs] 
120.961: Total time for which application threads were stopped: 0.0005310 seconds, Stopping threads took: 0.0000610 seconds
121.105: Application time: 0.1444070 seconds
121.105: [GC [PSYoungGen: 23808K->256K(24064K)] 30242K->6786K(58880K), 0.0004470 secs] [Times: user=0.00 sys=0.00, real=0.00 secs] 
121.106: Total time for which application threads were stopped: 0.0005760 seconds, Stopping threads took: 0.0000620 seconds
121.250: Application time: 0.1448010 seconds
121.251: [GC [PSYoungGen: 23808K->256K(24064K)] 30338K->6882K(58880K), 0.0004120 secs] [Times: user=0.00 sys=0.00, real=0.00 secs] 
121.251: Total time for which application threads were stopped: 0.0005780 seconds, Stopping threads took: 0.0000820 seconds
121.393: Application time: 0.1420160 seconds
121.393: [GC [PSYoungGen: 23808K->288K(24064K)] 30434K->6914K(58880K), 0.0004530 secs] [Times: user=0.00 sys=0.00, real=0.00 secs] 
121.394: Total time for which application threads were stopped: 0.0005860 seconds, Stopping threads took: 0.0000620 seconds
121.535: Application time: 0.1412550 seconds
121.535: [GC [PSYoungGen: 23840K->304K(24064K)] 30466K->7138K(58880K), 0.0005240 secs] [Times: user=0.01 sys=0.00, real=0.00 secs] 
121.536: Total time for which application threads were stopped: 0.0006540 seconds, Stopping threads took: 0.0000570 seconds
121.680: Application time: 0.1442620 seconds
121.680: [GC [PSYoungGen: 23856K->256K(24064K)] 30690K->7306K(58880K), 0.0004910 secs] [Times: user=0.00 sys=0.00, real=0.00 secs] 
121.680: Total time for which application threads were stopped: 0.0006150 seconds, Stopping threads took: 0.0000530 seconds
121.825: Application time: 0.1442030 seconds
121.825: [GC [PSYoungGen: 23808K->224K(24064K)] 30858K->7274K(58880K), 0.0004310 secs] [Times: user=0.00 sys=0.00, real=0.00 secs] 
121.825: Total time for which application threads were stopped: 0.0005790 seconds, Stopping threads took: 0.0000650 seconds
121.969: Application time: 0.1440540 seconds
121.969: [GC [PSYoungGen: 23776K->256K(24064K)] 30826K->7402K(58880K), 0.0004510 secs] [Times: user=0.00 sys=0.00, real=0.00 secs] 
121.970: Total time for which application threads were stopped: 0.0005770 seconds, Stopping threads took: 0.0000570 seconds
122.114: Application time: 0.1439470 seconds
122.114: [GC [PSYoungGen: 23808K->256K(24064K)] 30954K->7498K(58880K), 0.0004210 secs] [Times: user=0.00 sys=0.00, real=0.00 secs] 
122.114: Total time for which application threads were stopped: 0.0005420 seconds, Stopping threads took: 0.0000520 seconds
122.256: Application time: 0.1418660 seconds
122.256: [GC [PSYoungGen: 23808K->336K(24064K)] 31050K->7578K(58880K), 0.0004350 secs] [Times: user=0.00 sys=0.00, real=0.00 secs] 
122.257: Total time for which application threads were stopped: 0.0005600 seconds, Stopping threads took: 0.0000560 seconds
122.399: Application time: 0.1423480 seconds
122.399: [GC [PSYoungGen: 23888K->320K(24064K)] 31130K->7791K(58880K), 0.0005130 secs] [Times: user=0.00 sys=0.00, real=0.01 secs] 
122.400: Total time for which application threads were stopped: 0.0006570 seconds, Stopping threads took: 0.0000650 seconds
122.544: Application time: 0.1442820 seconds
122.544: [GC [PSYoungGen: 23872K->256K(24064K)] 31343K->7943K(58880K), 0.0004770 secs] [Times: user=0.00 sys=0.00, real=0.00 secs] 
122.545: Total time for which application threads were stopped: 0.0006010 seconds, Stopping threads took: 0.0000530 seconds
122.684: Application time: 0.1397010 seconds
122.684: [GC [PSYoungGen: 23808K->256K(24064K)] 31495K->7943K(58880K), 0.0003980 secs] [Times: user=0.00 sys=0.00, real=0.00 secs] 
122.685: Total time for which application threads were stopped: 0.0005230 seconds, Stopping threads took: 0.0000550 seconds
122.816: Application time: 0.1308490 seconds
122.816: [GC [PSYoungGen: 23808K->256K(24064K)] 31495K->8039K(58880K), 0.0004350 secs] [Times: user=0.00 sys=0.00, real=0.00 secs] 
122.816: Total time for which application threads were stopped: 0.0005590 seconds, Stopping threads took: 0.0000530 seconds
122.948: Application time: 0.1312260 seconds
122.948: [GC [PSYoungGen: 23808K->256K(24064K)] 31591K->8135K(58880K), 0.0004110 secs] [Times: user=0.00 sys=0.00, real=0.00 secs] 
122.948: Total time for which application threads were stopped: 0.0005550 seconds, Stopping threads took: 0.0000600 seconds
123.077: Application time: 0.1285370 seconds
123.077: [GC [PSYoungGen: 23808K->304K(24064K)] 31687K->8183K(58880K), 0.0004930 secs] [Times: user=0.00 sys=0.00, real=0.00 secs] 
123.077: Total time for which application threads were stopped: 0.0006190 seconds, Stopping threads took: 0.0000590 seconds
123.206: Application time: 0.1287110 seconds
123.206: [GC [PSYoungGen: 23855K->352K(24064K)] 31735K->8443K(58880K), 0.0005010 secs] [Times: user=0.00 sys=0.00, real=0.00 secs] 
123.207: Total time for which application threads were stopped: 0.0006230 seconds, Stopping threads took: 0.0000560 seconds
123.338: Application time: 0.1313840 seconds
123.338: [GC [PSYoungGen: 23904K->256K(24064K)] 31995K->8563K(58880K), 0.0004600 secs] [Times: user=0.00 sys=0.00, real=0.00 secs] 
123.339: Total time for which application threads were stopped: 0.0005810 seconds, Stopping threads took: 0.0000560 seconds
123.470: Application time: 0.1311630 seconds
123.470: [GC [PSYoungGen: 23808K->256K(24064K)] 32115K->8563K(58880K), 0.0004040 secs] [Times: user=0.00 sys=0.00, real=0.00 secs] 
123.471: Total time for which application threads were stopped: 0.0017150 seconds, Stopping threads took: 0.0000550 seconds
123.601: Application time: 0.1298340 seconds
123.601: [GC [PSYoungGen: 23808K->256K(24064K)] 32115K->8659K(58880K), 0.0004510 secs] [Times: user=0.00 sys=0.00, real=0.00 secs] 
123.602: Total time for which application threads were stopped: 0.0005980 seconds, Stopping threads took: 0.0000810 seconds
123.734: Application time: 0.1318850 seconds
123.734: [GC [PSYoungGen: 23808K->256K(24064K)] 32211K->8755K(58880K), 0.0003980 secs] [Times: user=0.00 sys=0.00, real=0.00 secs] 
123.734: Total time for which application threads were stopped: 0.0005220 seconds, Stopping threads took: 0.0000590 seconds
123.863: Application time: 0.1287310 seconds
123.863: [GC [PSYoungGen: 23808K->272K(24064K)] 32307K->8771K(58880K), 0.0004300 secs] [Times: user=0.00 sys=0.00, real=0.00 secs] 
123.864: Total time for which application threads were stopped: 0.0005580 seconds, Stopping threads took: 0.0000580 seconds
123.993: Application time: 0.1292900 seconds
123.993: [GC [PSYoungGen: 23824K->352K(24064K)] 32323K->9068K(58880K), 0.0005260 secs] [Times: user=0.00 sys=0.00, real=0.00 secs] 
123.994: Total time for which application threads were stopped: 0.0006580 seconds, Stopping threads took: 0.0000530 seconds
124.125: Application time: 0.1311780 seconds
124.125: [GC [PSYoungGen: 23904K->256K(24064K)] 32620K->9192K(58880K), 0.0004530 secs] [Times: user=0.00 sys=0.00, real=0.00 secs] 
124.125: Total time for which application threads were stopped: 0.0005990 seconds, Stopping threads took: 0.0000710 seconds
124.256: Application time: 0.1310640 seconds
124.257: [GC [PSYoungGen: 23808K->256K(24064K)] 32744K->9192K(58880K), 0.0003980 secs] [Times: user=0.00 sys=0.00, real=0.00 secs] 
124.257: Total time for which application threads were stopped: 0.0005250 seconds, Stopping threads took: 0.0000600 seconds
124.388: Application time: 0.1306400 seconds
124.388: [GC [PSYoungGen: 23808K->256K(24064K)] 32744K->9288K(58880K), 0.0004270 secs] [Times: user=0.01 sys=0.00, real=0.00 secs] 
124.388: Total time for which application threads were stopped: 0.0005490 seconds, Stopping threads took: 0.0000570 seconds
124.520: Application time: 0.1316760 seconds
124.520: [GC [PSYoungGen: 23808K->256K(24064K)] 32840K->9384K(58880K), 0.0004030 secs] [Times: user=0.00 sys=0.00, real=0.00 secs] 
124.520: Total time for which application threads were stopped: 0.0005350 seconds, Stopping threads took: 0.0000550 seconds
124.649: Application time: 0.1283440 seconds
124.649: [GC [PSYoungGen: 23808K->320K(24064K)] 32936K->9448K(58880K), 0.0004440 secs] [Times: user=0.00 sys=0.00, real=0.00 secs] 
124.649: Total time for which application threads were stopped: 0.0005710 seconds, Stopping threads took: 0.0000610 seconds
124.778: Application time: 0.1287730 seconds
124.778: [GC [PSYoungGen: 23872K->352K(24064K)] 33000K->9692K(58880K), 0.0005070 secs] [Times: user=0.00 sys=0.00, real=0.00 secs] 
124.779: Total time for which application threads were stopped: 0.0006360 seconds, Stopping threads took: 0.0000620 seconds
124.910: Application time: 0.1314810 seconds
124.910: [GC [PSYoungGen: 23904K->256K(24064K)] 33244K->9816K(58880K), 0.0004540 secs] [Times: user=0.00 sys=0.00, real=0.00 secs] 
124.911: Total time for which application threads were stopped: 0.0005810 seconds, Stopping threads took: 0.0000580 seconds
125.042: Application time: 0.1309870 seconds
125.042: [GC [PSYoungGen: 23808K->256K(24064K)] 33368K->9816K(58880K), 0.0003820 secs] [Times: user=0.00 sys=0.00, real=0.00 secs] 
125.042: Total time for which application threads were stopped: 0.0005160 seconds, Stopping threads took: 0.0000610 seconds
125.173: Application time: 0.1307820 seconds
125.173: [GC [PSYoungGen: 23808K->256K(24064K)] 33368K->9912K(58880K), 0.0004280 secs] [Times: user=0.01 sys=0.00, real=0.00 secs] 
125.174: Total time for which application threads were stopped: 0.0005630 seconds, Stopping threads took: 0.0000650 seconds
125.305: Application time: 0.1312020 seconds
125.305: [GC [PSYoungGen: 23808K->256K(24064K)] 33464K->10008K(58880K), 0.0004140 secs] [Times: user=0.00 sys=0.00, real=0.00 secs] 
125.305: Total time for which application threads were stopped: 0.0005440 seconds, Stopping threads took: 0.0000620 seconds
125.434: Application time: 0.1290640 seconds
125.435: [GC [PSYoungGen: 23808K->320K(24064K)] 33560K->10072K(58880K), 0.0004330 secs] [Times: user=0.00 sys=0.00, real=0.00 secs] 
125.435: Total time for which application threads were stopped: 0.0005530 seconds, Stopping threads took: 0.0000490 seconds
125.564: Application time: 0.1290660 seconds
125.564: [GC [PSYoungGen: 23872K->336K(24064K)] 33624K->10297K(58880K), 0.0005210 secs] [Times: user=0.00 sys=0.00, real=0.00 secs] 
125.565: Total time for which application threads were stopped: 0.0006500 seconds, Stopping threads took: 0.0000500 seconds
125.696: Application time: 0.1311030 seconds
125.696: [GC [PSYoungGen: 23888K->256K(24064K)] 33849K->10437K(58880K), 0.0004510 secs] [Times: user=0.00 sys=0.00, real=0.00 secs] 
125.696: Total time for which application threads were stopped: 0.0005710 seconds, Stopping threads took: 0.0000540 seconds
125.827: Application time: 0.1308020 seconds
125.827: [GC [PSYoungGen: 23808K->256K(24064K)] 33989K->10437K(58880K), 0.0004170 secs] [Times: user=0.00 sys=0.01, real=0.01 secs] 
125.828: Total time for which application threads were stopped: 0.0005440 seconds, Stopping threads took: 0.0000580 seconds
125.959: Application time: 0.1310010 seconds
125.959: [GC [PSYoungGen: 23808K->256K(24064K)] 33989K->10533K(58880K), 0.0004140 secs] [Times: user=0.00 sys=0.00, real=0.00 secs] 
125.959: Total time for which application threads were stopped: 0.0005390 seconds, Stopping threads took: 0.0000550 seconds
126.091: Application time: 0.1317370 seconds
126.091: [GC [PSYoungGen: 23808K->256K(24064K)] 34085K->10629K(58880K), 0.0004300 secs] [Times: user=0.00 sys=0.00, real=0.00 secs] 
126.092: Total time for which application threads were stopped: 0.0005710 seconds, Stopping threads took: 0.0000620 seconds
126.220: Application time: 0.1282270 seconds
126.220: [GC [PSYoungGen: 23808K->352K(24064K)] 34181K->10725K(58880K), 0.0004530 secs] [Times: user=0.01 sys=0.00, real=0.00 secs] 
126.220: Total time for which application threads were stopped: 0.0005870 seconds, Stopping threads took: 0.0000640 seconds
126.349: Application time: 0.1285720 seconds
126.349: [GC [PSYoungGen: 23904K->320K(24064K)] 34277K->10909K(58880K), 0.0005190 secs] [Times: user=0.00 sys=0.00, real=0.00 secs] 
126.350: Total time for which application threads were stopped: 0.0006470 seconds, Stopping threads took: 0.0000590 seconds
126.481: Application time: 0.1314080 seconds
126.481: [GC [PSYoungGen: 23872K->256K(24064K)] 34461K->11065K(58880K), 0.0004440 secs] [Times: user=0.00 sys=0.00, real=0.00 secs] 
126.482: Total time for which application threads were stopped: 0.0005650 seconds, Stopping threads took: 0.0000540 seconds
126.613: Application time: 0.1310660 seconds
126.613: [GC [PSYoungGen: 23808K->224K(24064K)] 34617K->11033K(58880K), 0.0004630 secs] [Times: user=0.00 sys=0.00, real=0.00 secs] 
126.613: Total time for which application threads were stopped: 0.0006150 seconds, Stopping threads took: 0.0000700 seconds
126.753: Application time: 0.1393700 seconds
126.756: [GC [PSYoungGen: 23776K->256K(24064K)] 34585K->11161K(58880K), 0.0005370 secs] [Times: user=0.00 sys=0.00, real=0.00 secs] 
126.756: Total time for which application threads were stopped: 0.0034630 seconds, Stopping threads took: 0.0028520 seconds
126.900: Application time: 0.1441650 seconds
126.900: [GC [PSYoungGen: 23808K->256K(24064K)] 34713K->11257K(58880K), 0.0004430 secs] [Times: user=0.00 sys=0.00, real=0.00 secs] 
126.901: Total time for which application threads were stopped: 0.0005710 seconds, Stopping threads took: 0.0000590 seconds
127.043: Application time: 0.1422900 seconds
127.043: [GC [PSYoungGen: 23808K->352K(24064K)] 34809K->11354K(58880K), 0.0004430 secs] [Times: user=0.00 sys=0.01, real=0.00 secs] 
127.044: Total time for which application threads were stopped: 0.0005650 seconds, Stopping threads took: 0.0000560 seconds
127.185: Application time: 0.1414760 seconds
127.185: [GC [PSYoungGen: 23904K->368K(24064K)] 34906K->11586K(58880K), 0.0005410 secs] [Times: user=0.00 sys=0.00, real=0.00 secs] 
127.186: Total time for which application threads were stopped: 0.0007060 seconds, Stopping threads took: 0.0000820 seconds
127.330: Application time: 0.1438070 seconds
127.330: [GC [PSYoungGen: 23920K->256K(24064K)] 35138K->11690K(58880K), 0.0004790 secs] [Times: user=0.00 sys=0.00, real=0.00 secs] 
127.330: Total time for which application threads were stopped: 0.0006110 seconds, Stopping threads took: 0.0000610 seconds
127.474: Application time: 0.1436280 seconds
127.476: [GC [PSYoungGen: 23808K->256K(24064K)] 35242K->11690K(58880K), 0.0004700 secs] [Times: user=0.01 sys=0.00, real=0.00 secs] 
127.476: Total time for which application threads were stopped: 0.0020790 seconds, Stopping threads took: 0.0015410 seconds
127.620: Application time: 0.1441610 seconds
127.620: [GC [PSYoungGen: 23808K->256K(24064K)] 35242K->11786K(58880K), 0.0004640 secs] [Times: user=0.00 sys=0.00, real=0.00 secs] 
127.621: Total time for which application threads were stopped: 0.0006080 seconds, Stopping threads took: 0.0000730 seconds
127.765: Application time: 0.1440290 seconds
127.768: [GC [PSYoungGen: 23808K->224K(24064K)] 35338K->11850K(58880K), 0.0005080 secs] [Times: user=0.00 sys=0.00, real=0.00 secs] 
127.768: Total time for which application threads were stopped: 0.0032450 seconds, Stopping threads took: 0.0026530 seconds
127.911: Application time: 0.1426720 seconds
127.911: [GC [PSYoungGen: 23776K->304K(24064K)] 35402K->11930K(58880K), 0.0004500 secs] [Times: user=0.00 sys=0.00, real=0.00 secs] 
127.911: Total time for which application threads were stopped: 0.0005800 seconds, Stopping threads took: 0.0000620 seconds
128.054: Application time: 0.1422770 seconds
128.054: [GC [PSYoungGen: 23856K->288K(24064K)] 35482K->12122K(58880K), 0.0004960 secs] [Times: user=0.01 sys=0.00, real=0.00 secs] 
128.054: Total time for which application threads were stopped: 0.0006230 seconds, Stopping threads took: 0.0000560 seconds
128.198: Application time: 0.1441490 seconds
128.200: [GC [PSYoungGen: 23840K->256K(24064K)] 35674K->12306K(58880K), 0.0004650 secs] [Times: user=0.00 sys=0.00, real=0.00 secs] 
128.200: Total time for which application threads were stopped: 0.0016400 seconds, Stopping threads took: 0.0011030 seconds
128.344: Application time: 0.1436690 seconds
128.344: [GC [PSYoungGen: 23808K->224K(24064K)] 35858K->12274K(58880K), 0.0005240 secs] [Times: user=0.00 sys=0.00, real=0.00 secs] 
128.344: Total time for which application threads were stopped: 0.0006600 seconds, Stopping threads took: 0.0000580 seconds
128.488: Application time: 0.1438700 seconds
128.488: [GC [PSYoungGen: 23776K->256K(24064K)] 35826K->12402K(58880K), 0.0004750 secs] [Times: user=0.00 sys=0.00, real=0.00 secs] 
128.490: Total time for which application threads were stopped: 0.0016780 seconds, Stopping threads took: 0.0000580 seconds
128.634: Application time: 0.1445990 seconds
128.635: [GC [PSYoungGen: 23808K->256K(24064K)] 35954K->12498K(58880K), 0.0004730 secs] [Times: user=0.00 sys=0.00, real=0.00 secs] 
128.635: Total time for which application threads were stopped: 0.0006000 seconds, Stopping threads took: 0.0000560 seconds
128.776: Application time: 0.1410860 seconds
128.776: [GC [PSYoungGen: 23808K->336K(24064K)] 36050K->12578K(58880K), 0.0004610 secs] [Times: user=0.00 sys=0.00, real=0.00 secs] 
128.777: Total time for which application threads were stopped: 0.0005860 seconds, Stopping threads took: 0.0000530 seconds
128.919: Application time: 0.1423480 seconds
128.919: [GC [PSYoungGen: 23888K->352K(24064K)] 36130K->12819K(58880K), 0.0005380 secs] [Times: user=0.00 sys=0.00, real=0.01 secs] 
128.920: Total time for which application threads were stopped: 0.0006810 seconds, Stopping threads took: 0.0000570 seconds
129.065: Application time: 0.1448230 seconds
129.065: [GC [PSYoungGen: 23904K->160K(24064K)] 36371K->12819K(58880K), 0.0005290 secs] [Times: user=0.00 sys=0.00, real=0.00 secs] 
129.065: Total time for which application threads were stopped: 0.0006780 seconds, Stopping threads took: 0.0000820 seconds
129.209: Application time: 0.1439610 seconds
129.209: [GC [PSYoungGen: 23712K->256K(24064K)] 36371K->12915K(58880K), 0.0004360 secs] [Times: user=0.00 sys=0.00, real=0.00 secs] 
129.210: Total time for which application threads were stopped: 0.0005680 seconds, Stopping threads took: 0.0000590 seconds
129.353: Application time: 0.1433650 seconds
129.353: [GC [PSYoungGen: 23808K->256K(24064K)] 36467K->13011K(58880K), 0.0004680 secs] [Times: user=0.00 sys=0.00, real=0.00 secs] 
129.354: Total time for which application threads were stopped: 0.0006070 seconds, Stopping threads took: 0.0000700 seconds
129.498: Application time: 0.1445200 seconds
129.498: [GC [PSYoungGen: 23808K->256K(24064K)] 36563K->13107K(58880K), 0.0004270 secs] [Times: user=0.00 sys=0.00, real=0.00 secs] 
129.499: Total time for which application threads were stopped: 0.0005840 seconds, Stopping threads took: 0.0000740 seconds
129.641: Application time: 0.1421280 seconds
129.641: [GC [PSYoungGen: 23808K->288K(24064K)] 36659K->13139K(58880K), 0.0004660 secs] [Times: user=0.00 sys=0.00, real=0.00 secs] 
129.642: Total time for which application threads were stopped: 0.0005990 seconds, Stopping threads took: 0.0000600 seconds
129.783: Application time: 0.1417590 seconds
129.784: [GC [PSYoungGen: 23840K->320K(24064K)] 36691K->13379K(58880K), 0.0005290 secs] [Times: user=0.00 sys=0.00, real=0.00 secs] 
129.784: Total time for which application threads were stopped: 0.0006680 seconds, Stopping threads took: 0.0000600 seconds
129.929: Application time: 0.1446410 seconds
129.929: [GC [PSYoungGen: 23872K->256K(24064K)] 36931K->13535K(58880K), 0.0004620 secs] [Times: user=0.00 sys=0.00, real=0.00 secs] 
129.929: Total time for which application threads were stopped: 0.0006100 seconds, Stopping threads took: 0.0000810 seconds
130.072: Application time: 0.1429580 seconds
130.072: [GC [PSYoungGen: 23808K->256K(24064K)] 37087K->13535K(58880K), 0.0004260 secs] [Times: user=0.00 sys=0.00, real=0.00 secs] 
130.073: Total time for which application threads were stopped: 0.0005740 seconds, Stopping threads took: 0.0000680 seconds
130.217: Application time: 0.1437370 seconds
130.217: [GC [PSYoungGen: 23808K->256K(24064K)] 37087K->13631K(58880K), 0.0004590 secs] [Times: user=0.00 sys=0.00, real=0.00 secs] 
130.217: Total time for which application threads were stopped: 0.0005870 seconds, Stopping threads took: 0.0000570 seconds
130.361: Application time: 0.1440210 seconds
130.361: [GC [PSYoungGen: 23808K->256K(24064K)] 37183K->13727K(58880K), 0.0004300 secs] [Times: user=0.01 sys=0.00, real=0.00 secs] 
130.362: Total time for which application threads were stopped: 0.0005650 seconds, Stopping threads took: 0.0000630 seconds
130.504: Application time: 0.1422890 seconds
130.504: [GC [PSYoungGen: 23808K->304K(24064K)] 37279K->13776K(58880K), 0.0004580 secs] [Times: user=0.01 sys=0.00, real=0.00 secs] 
130.505: Total time for which application threads were stopped: 0.0005860 seconds, Stopping threads took: 0.0000580 seconds
130.646: Application time: 0.1416550 seconds
130.646: [GC [PSYoungGen: 23856K->368K(24064K)] 37328K->14048K(58880K), 0.0005420 secs] [Times: user=0.00 sys=0.00, real=0.00 secs] 
130.647: Total time for which application threads were stopped: 0.0006850 seconds, Stopping threads took: 0.0000590 seconds
130.779: Application time: 0.1317450 seconds
130.779: [GC [PSYoungGen: 23920K->256K(24064K)] 37600K->14152K(58880K), 0.0004370 secs] [Times: user=0.01 sys=0.00, real=0.00 secs] 
130.779: Total time for which application threads were stopped: 0.0005570 seconds, Stopping threads took: 0.0000520 seconds
130.910: Application time: 0.1306760 seconds
130.910: [GC [PSYoungGen: 23808K->256K(24064K)] 37704K->14152K(58880K), 0.0004210 secs] [Times: user=0.01 sys=0.00, real=0.00 secs] 
130.911: Total time for which application threads were stopped: 0.0005380 seconds, Stopping threads took: 0.0000500 seconds
131.041: Application time: 0.1309270 seconds
131.042: [GC [PSYoungGen: 23808K->256K(24064K)] 37704K->14248K(58880K), 0.0004100 secs] [Times: user=0.00 sys=0.00, real=0.00 secs] 
131.042: Total time for which application threads were stopped: 0.0005280 seconds, Stopping threads took: 0.0000560 seconds
131.173: Application time: 0.1309170 seconds
131.173: [GC [PSYoungGen: 23808K->256K(24064K)] 37800K->14344K(58880K), 0.0004140 secs] [Times: user=0.01 sys=0.00, real=0.00 secs] 
131.173: Total time for which application threads were stopped: 0.0005430 seconds, Stopping threads took: 0.0000520 seconds
131.303: Application time: 0.1291020 seconds
131.303: [GC [PSYoungGen: 23808K->288K(24064K)] 37896K->14376K(58880K), 0.0004340 secs] [Times: user=0.00 sys=0.00, real=0.00 secs] 
131.303: Total time for which application threads were stopped: 0.0005570 seconds, Stopping threads took: 0.0000520 seconds
131.432: Application time: 0.1286120 seconds
131.432: [GC [PSYoungGen: 23840K->352K(24064K)] 37928K->14664K(58880K), 0.0005230 secs] [Times: user=0.01 sys=0.00, real=0.00 secs] 
131.432: Total time for which application threads were stopped: 0.0006580 seconds, Stopping threads took: 0.0000660 seconds
131.564: Application time: 0.1311290 seconds
131.564: [GC [PSYoungGen: 23904K->256K(24064K)] 38216K->14784K(58880K), 0.0004580 secs] [Times: user=0.00 sys=0.00, real=0.00 secs] 
131.564: Total time for which application threads were stopped: 0.0005830 seconds, Stopping threads took: 0.0000570 seconds
131.695: Application time: 0.1311950 seconds
131.695: [GC [PSYoungGen: 23808K->256K(24064K)] 38336K->14784K(58880K), 0.0004290 secs] [Times: user=0.00 sys=0.01, real=0.00 secs] 
131.696: Total time for which application threads were stopped: 0.0005700 seconds, Stopping threads took: 0.0000660 seconds
131.826: Application time: 0.1300440 seconds
131.826: [GC [PSYoungGen: 23808K->256K(24064K)] 38336K->14880K(58880K), 0.0004290 secs] [Times: user=0.00 sys=0.00, real=0.00 secs] 
131.827: Total time for which application threads were stopped: 0.0005710 seconds, Stopping threads took: 0.0000740 seconds
131.957: Application time: 0.1309670 seconds
131.958: [GC [PSYoungGen: 23808K->256K(24064K)] 38432K->14976K(58880K), 0.0004450 secs] [Times: user=0.01 sys=0.00, real=0.00 secs] 
131.958: Total time for which application threads were stopped: 0.0005820 seconds, Stopping threads took: 0.0000660 seconds
132.087: Application time: 0.1288970 seconds
132.087: [GC [PSYoungGen: 23808K->320K(24064K)] 38528K->15041K(58880K), 0.0004860 secs] [Times: user=0.01 sys=0.00, real=0.01 secs] 
132.088: Total time for which application threads were stopped: 0.0006340 seconds, Stopping threads took: 0.0000790 seconds
132.216: Application time: 0.1285970 seconds
132.216: [GC [PSYoungGen: 23872K->320K(24064K)] 38593K->15257K(58880K), 0.0005220 secs] [Times: user=0.00 sys=0.00, real=0.00 secs] 
132.217: Total time for which application threads were stopped: 0.0006670 seconds, Stopping threads took: 0.0000620 seconds
132.348: Application time: 0.1308370 seconds
132.348: [GC [PSYoungGen: 23872K->256K(24064K)] 38809K->15417K(58880K), 0.0004660 secs] [Times: user=0.00 sys=0.00, real=0.00 secs] 
132.348: Total time for which application threads were stopped: 0.0005880 seconds, Stopping threads took: 0.0000540 seconds
132.479: Application time: 0.1306860 seconds
132.479: [GC [PSYoungGen: 23808K->224K(24064K)] 38969K->15385K(58880K), 0.0004450 secs] [Times: user=0.01 sys=0.00, real=0.01 secs] 
132.480: Total time for which application threads were stopped: 0.0005800 seconds, Stopping threads took: 0.0000650 seconds
132.610: Application time: 0.1302520 seconds
132.610: [GC [PSYoungGen: 23776K->256K(24064K)] 38937K->15513K(58880K), 0.0004580 secs] [Times: user=0.01 sys=0.00, real=0.00 secs] 
132.610: Total time for which application threads were stopped: 0.0005790 seconds, Stopping threads took: 0.0000520 seconds
132.741: Application time: 0.1310570 seconds
132.742: [GC [PSYoungGen: 23808K->256K(24064K)] 39065K->15609K(58880K), 0.0004300 secs] [Times: user=0.01 sys=0.00, real=0.00 secs] 
132.742: Total time for which application threads were stopped: 0.0005670 seconds, Stopping threads took: 0.0000590 seconds
132.871: Application time: 0.1289760 seconds
132.871: [GC [PSYoungGen: 23808K->272K(24064K)] 39161K->15625K(58880K), 0.0004420 secs] [Times: user=0.00 sys=0.00, real=0.00 secs] 
132.872: Total time for which application threads were stopped: 0.0005710 seconds, Stopping threads took: 0.0000620 seconds
133.001: Application time: 0.1289480 seconds
133.001: [GC [PSYoungGen: 23824K->336K(24064K)] 39177K->15909K(58880K), 0.0005150 secs] [Times: user=0.00 sys=0.00, real=0.00 secs] 
133.001: Total time for which application threads were stopped: 0.0006310 seconds, Stopping threads took: 0.0000480 seconds
133.134: Application time: 0.1326030 seconds
133.134: [GC [PSYoungGen: 23888K->256K(24064K)] 39461K->16033K(58880K), 0.0005410 secs] [Times: user=0.00 sys=0.00, real=0.00 secs] 
133.134: Total time for which application threads were stopped: 0.0006650 seconds, Stopping threads took: 0.0000550 seconds
133.264: Application time: 0.1297660 seconds
133.264: [GC [PSYoungGen: 23808K->256K(24064K)] 39585K->16033K(58880K), 0.0004090 secs] [Times: user=0.00 sys=0.00, real=0.00 secs] 
133.265: Total time for which application threads were stopped: 0.0005490 seconds, Stopping threads took: 0.0000630 seconds
133.395: Application time: 0.1302580 seconds
133.395: [GC [PSYoungGen: 23808K->256K(24064K)] 39585K->16129K(58880K), 0.0004330 secs] [Times: user=0.00 sys=0.00, real=0.00 secs] 
133.396: Total time for which application threads were stopped: 0.0005650 seconds, Stopping threads took: 0.0000550 seconds
133.527: Application time: 0.1312760 seconds
133.527: [GC [PSYoungGen: 23808K->224K(24064K)] 39681K->16194K(58880K), 0.0005350 secs] [Times: user=0.01 sys=0.00, real=0.01 secs] 
133.529: Total time for which application threads were stopped: 0.0016930 seconds, Stopping threads took: 0.0000610 seconds
133.657: Application time: 0.1288100 seconds
133.657: [GC [PSYoungGen: 23776K->288K(24064K)] 39746K->16258K(58880K), 0.0004760 secs] [Times: user=0.00 sys=0.00, real=0.00 secs] 
133.658: Total time for which application threads were stopped: 0.0005990 seconds, Stopping threads took: 0.0000560 seconds
133.787: Application time: 0.1289670 seconds
133.787: [GC [PSYoungGen: 23840K->352K(24064K)] 39810K->16546K(58880K), 0.0005180 secs] [Times: user=0.00 sys=0.00, real=0.01 secs] 
133.788: Total time for which application threads were stopped: 0.0006480 seconds, Stopping threads took: 0.0000540 seconds
133.919: Application time: 0.1313090 seconds
133.919: [GC [PSYoungGen: 23904K->256K(24064K)] 40098K->16666K(58880K), 0.0004670 secs] [Times: user=0.01 sys=0.00, real=0.01 secs] 
133.919: Total time for which application threads were stopped: 0.0006000 seconds, Stopping threads took: 0.0000610 seconds
134.050: Application time: 0.1304200 seconds
134.050: [GC [PSYoungGen: 23808K->256K(24064K)] 40218K->16666K(58880K), 0.0003980 secs] [Times: user=0.00 sys=0.00, real=0.00 secs] 
134.050: Total time for which application threads were stopped: 0.0005260 seconds, Stopping threads took: 0.0000640 seconds
134.181: Application time: 0.1302700 seconds
134.181: [GC [PSYoungGen: 23808K->256K(24064K)] 40218K->16762K(58880K), 0.0004260 secs] [Times: user=0.00 sys=0.00, real=0.00 secs] 
134.181: Total time for which application threads were stopped: 0.0005480 seconds, Stopping threads took: 0.0000510 seconds
134.312: Application time: 0.1308850 seconds
134.312: [GC [PSYoungGen: 23808K->256K(24064K)] 40314K->16858K(58880K), 0.0004290 secs] [Times: user=0.00 sys=0.00, real=0.00 secs] 
134.313: Total time for which application threads were stopped: 0.0005700 seconds, Stopping threads took: 0.0000610 seconds
134.442: Application time: 0.1288940 seconds
134.442: [GC [PSYoungGen: 23808K->320K(24064K)] 40410K->16922K(58880K), 0.0004900 secs] [Times: user=0.00 sys=0.00, real=0.00 secs] 
134.442: Total time for which application threads were stopped: 0.0006040 seconds, Stopping threads took: 0.0000470 seconds
134.571: Application time: 0.1284100 seconds
134.571: [GC [PSYoungGen: 23872K->320K(24064K)] 40474K->17134K(58880K), 0.0005670 secs] [Times: user=0.01 sys=0.00, real=0.00 secs] 
134.571: Total time for which application threads were stopped: 0.0007000 seconds, Stopping threads took: 0.0000620 seconds
134.706: Application time: 0.1348650 seconds
134.706: [GC [PSYoungGen: 23872K->256K(24064K)] 40686K->17286K(58880K), 0.0004960 secs] [Times: user=0.01 sys=0.00, real=0.00 secs] 
134.707: Total time for which application threads were stopped: 0.0006230 seconds, Stopping threads took: 0.0000580 seconds
134.851: Application time: 0.1437830 seconds
134.851: [GC [PSYoungGen: 23808K->256K(24064K)] 40838K->17286K(58880K), 0.0004290 secs] [Times: user=0.00 sys=0.00, real=0.00 secs] 
134.851: Total time for which application threads were stopped: 0.0005680 seconds, Stopping threads took: 0.0000630 seconds
134.995: Application time: 0.1441090 seconds
134.995: [GC [PSYoungGen: 23808K->224K(24064K)] 40838K->17342K(58880K), 0.0004740 secs] [Times: user=0.00 sys=0.00, real=0.00 secs] 
134.996: Total time for which application threads were stopped: 0.0006080 seconds, Stopping threads took: 0.0000620 seconds
135.141: Application time: 0.1450840 seconds
135.141: [GC [PSYoungGen: 23776K->256K(24064K)] 40894K->17471K(58880K), 0.0004490 secs] [Times: user=0.00 sys=0.00, real=0.00 secs] 
135.142: Total time for which application threads were stopped: 0.0005810 seconds, Stopping threads took: 0.0000620 seconds
135.283: Application time: 0.1416060 seconds
135.283: [GC [PSYoungGen: 23808K->384K(24064K)] 41023K->17599K(58880K), 0.0005350 secs] [Times: user=0.00 sys=0.00, real=0.00 secs] 
135.284: Total time for which application threads were stopped: 0.0006590 seconds, Stopping threads took: 0.0000530 seconds
135.361: Application time: 0.0775430 seconds
135.361: Total time for which application threads were stopped: 0.0000960 seconds, Stopping threads took: 0.0000520 seconds
135.427: Application time: 0.0658140 seconds
135.427: [GC [PSYoungGen: 23936K->240K(24064K)] 41151K->17671K(58880K), 0.0005410 secs] [Times: user=0.00 sys=0.00, real=0.01 secs] 
135.428: Total time for which application threads were stopped: 0.0006480 seconds, Stopping threads took: 0.0000400 seconds
135.574: Application time: 0.1456320 seconds
135.574: [GC [PSYoungGen: 23792K->224K(24064K)] 41223K->17823K(58880K), 0.0005410 secs] [Times: user=0.00 sys=0.00, real=0.00 secs] 
135.574: Total time for which application threads were stopped: 0.0006620 seconds, Stopping threads took: 0.0000490 seconds
135.719: Application time: 0.1452680 seconds
135.720: [GC [PSYoungGen: 23776K->224K(24064K)] 41375K->17847K(58880K), 0.0004790 secs] [Times: user=0.00 sys=0.00, real=0.00 secs] 
135.720: Total time for which application threads were stopped: 0.0006010 seconds, Stopping threads took: 0.0000490 seconds
135.851: Application time: 0.1312320 seconds
135.851: Total time for which application threads were stopped: 0.0000820 seconds, Stopping threads took: 0.0000500 seconds
135.870: Application time: 0.0186990 seconds
135.870: [GC [PSYoungGen: 23776K->256K(24064K)] 41399K->17951K(58880K), 0.0004580 secs] [Times: user=0.00 sys=0.00, real=0.00 secs] 
135.871: Total time for which application threads were stopped: 0.0005730 seconds, Stopping threads took: 0.0000510 seconds
135.962: Application time: 0.0917240 seconds
135.963: Total time for which application threads were stopped: 0.0000800 seconds, Stopping threads took: 0.0000490 seconds
135.969: Application time: 0.0062770 seconds
135.969: Total time for which application threads were stopped: 0.0000610 seconds, Stopping threads took: 0.0000490 seconds
136.036: Application time: 0.0671290 seconds
136.036: [GC [PSYoungGen: 23808K->160K(24064K)] 41503K->17911K(58880K), 0.0005190 secs] [Times: user=0.00 sys=0.00, real=0.00 secs] 
136.037: Total time for which application threads were stopped: 0.0006150 seconds, Stopping threads took: 0.0000310 seconds
136.050: Application time: 0.0130810 seconds
136.050: Total time for which application threads were stopped: 0.0000450 seconds, Stopping threads took: 0.0000310 seconds
136.114: Application time: 0.0644230 seconds
136.114: Total time for which application threads were stopped: 0.0000600 seconds, Stopping threads took: 0.0000250 seconds
136.214: Application time: 0.1000470 seconds
136.214: [GC [PSYoungGen: 23712K->496K(24064K)] 41463K->18279K(58880K), 0.0006370 secs] [Times: user=0.00 sys=0.00, real=0.00 secs] 
136.215: Total time for which application threads were stopped: 0.0007790 seconds, Stopping threads took: 0.0000700 seconds
136.359: Application time: 0.1441900 seconds
136.359: [GC [PSYoungGen: 24048K->256K(24064K)] 41831K->18411K(58880K), 0.0005650 secs] [Times: user=0.00 sys=0.00, real=0.01 secs] 
136.360: Total time for which application threads were stopped: 0.0006910 seconds, Stopping threads took: 0.0000560 seconds
136.505: Application time: 0.1447500 seconds
136.505: [GC [PSYoungGen: 23808K->224K(24064K)] 41963K->18379K(58880K), 0.0004510 secs] [Times: user=0.01 sys=0.00, real=0.00 secs] 
136.505: Total time for which application threads were stopped: 0.0006030 seconds, Stopping threads took: 0.0000750 seconds
136.649: Application time: 0.1440280 seconds
136.652: [GC [PSYoungGen: 23776K->256K(24064K)] 41931K->18411K(58880K), 0.0005120 secs] [Times: user=0.00 sys=0.00, real=0.00 secs] 
136.652: Total time for which application threads were stopped: 0.0027450 seconds, Stopping threads took: 0.0021580 seconds
136.796: Application time: 0.1438890 seconds
136.796: [GC [PSYoungGen: 23808K->256K(24064K)] 41963K->18603K(58880K), 0.0004910 secs] [Times: user=0.00 sys=0.00, real=0.00 secs] 
136.797: Total time for which application threads were stopped: 0.0006310 seconds, Stopping threads took: 0.0000680 seconds
136.940: Application time: 0.1439150 seconds
136.941: [GC [PSYoungGen: 23808K->224K(24064K)] 42155K->18571K(58880K), 0.0004570 secs] [Times: user=0.00 sys=0.00, real=0.00 secs] 
136.941: Total time for which application threads were stopped: 0.0005970 seconds, Stopping threads took: 0.0000670 seconds
137.080: Application time: 0.1391160 seconds
137.080: [GC [PSYoungGen: 23776K->480K(24064K)] 42123K->18832K(58880K), 0.0005860 secs] [Times: user=0.00 sys=0.00, real=0.00 secs] 
137.081: Total time for which application threads were stopped: 0.0007360 seconds, Stopping threads took: 0.0000660 seconds
137.227: Application time: 0.1457590 seconds
137.227: [GC [PSYoungGen: 24032K->224K(24064K)] 42384K->18960K(58880K), 0.0005760 secs] [Times: user=0.00 sys=0.00, real=0.00 secs] 
137.227: Total time for which application threads were stopped: 0.0006960 seconds, Stopping threads took: 0.0000550 seconds
137.371: Application time: 0.1433870 seconds
137.371: [GC [PSYoungGen: 23776K->256K(24064K)] 42512K->18992K(58880K), 0.0004690 secs] [Times: user=0.00 sys=0.00, real=0.00 secs] 
137.371: Total time for which application threads were stopped: 0.0005980 seconds, Stopping threads took: 0.0000570 seconds
137.516: Application time: 0.1448490 seconds
137.516: [GC [PSYoungGen: 23808K->256K(24064K)] 42544K->18992K(58880K), 0.0004720 secs] [Times: user=0.00 sys=0.00, real=0.00 secs] 
137.517: Total time for which application threads were stopped: 0.0006170 seconds, Stopping threads took: 0.0000720 seconds
137.661: Application time: 0.1440410 seconds
137.661: [GC [PSYoungGen: 23808K->256K(24064K)] 42544K->19184K(58880K), 0.0004670 secs] [Times: user=0.00 sys=0.00, real=0.00 secs] 
137.662: Total time for which application threads were stopped: 0.0006210 seconds, Stopping threads took: 0.0000760 seconds
137.806: Application time: 0.1444930 seconds
137.806: [GC [PSYoungGen: 23808K->256K(24064K)] 42736K->19184K(58880K), 0.0004320 secs] [Times: user=0.00 sys=0.00, real=0.00 secs] 
137.807: Total time for which application threads were stopped: 0.0005560 seconds, Stopping threads took: 0.0000540 seconds
137.946: Application time: 0.1392100 seconds
137.946: [GC [PSYoungGen: 23808K->480K(24064K)] 42736K->19432K(58880K), 0.0006030 secs] [Times: user=0.00 sys=0.00, real=0.00 secs] 
137.947: Total time for which application threads were stopped: 0.0007330 seconds, Stopping threads took: 0.0000560 seconds
138.091: Application time: 0.1443560 seconds
138.091: [GC [PSYoungGen: 24032K->160K(24064K)] 42984K->19480K(58880K), 0.0006250 secs] [Times: user=0.01 sys=0.00, real=0.00 secs] 
138.092: Total time for which application threads were stopped: 0.0007660 seconds, Stopping threads took: 0.0000690 seconds
138.236: Application time: 0.1442650 seconds
138.236: [GC [PSYoungGen: 23712K->256K(24064K)] 43032K->19576K(58880K), 0.0004530 secs] [Times: user=0.00 sys=0.00, real=0.00 secs] 
138.237: Total time for which application threads were stopped: 0.0006050 seconds, Stopping threads took: 0.0000680 seconds
138.380: Application time: 0.1439030 seconds
138.381: [GC [PSYoungGen: 23808K->256K(24064K)] 43128K->19576K(58880K), 0.0004560 secs] [Times: user=0.00 sys=0.00, real=0.00 secs] 
138.381: Total time for which application threads were stopped: 0.0005840 seconds, Stopping threads took: 0.0000540 seconds
138.525: Application time: 0.1442880 seconds
138.525: [GC [PSYoungGen: 23808K->256K(24064K)] 43128K->19769K(58880K), 0.0004350 secs] [Times: user=0.00 sys=0.00, real=0.00 secs] 
138.526: Total time for which application threads were stopped: 0.0005780 seconds, Stopping threads took: 0.0000740 seconds
138.670: Application time: 0.1438910 seconds
138.670: [GC [PSYoungGen: 23808K->224K(24064K)] 43321K->19737K(58880K), 0.0004460 secs] [Times: user=0.00 sys=0.00, real=0.00 secs] 
138.671: Total time for which application threads were stopped: 0.0016700 seconds, Stopping threads took: 0.0000710 seconds
138.798: Application time: 0.1265710 seconds
138.798: [GC [PSYoungGen: 23776K->480K(24064K)] 43289K->19993K(58880K), 0.0005850 secs] [Times: user=0.00 sys=0.00, real=0.00 secs] 
138.799: Total time for which application threads were stopped: 0.0007210 seconds, Stopping threads took: 0.0000540 seconds
138.930: Application time: 0.1311110 seconds
138.930: [GC [PSYoungGen: 24032K->224K(24064K)] 43545K->20129K(58880K), 0.0006080 secs] [Times: user=0.00 sys=0.00, real=0.00 secs] 
138.931: Total time for which application threads were stopped: 0.0007580 seconds, Stopping threads took: 0.0000840 seconds
139.062: Application time: 0.1310890 seconds
139.062: [GC [PSYoungGen: 23776K->256K(24064K)] 43681K->20161K(58880K), 0.0003870 secs] [Times: user=0.00 sys=0.00, real=0.00 secs] 
139.062: Total time for which application threads were stopped: 0.0005250 seconds, Stopping threads took: 0.0000710 seconds
139.193: Application time: 0.1303060 seconds
139.196: [GC [PSYoungGen: 23808K->256K(24064K)] 43713K->20161K(58880K), 0.0004780 secs] [Times: user=0.00 sys=0.00, real=0.00 secs] 
139.196: Total time for which application threads were stopped: 0.0034690 seconds, Stopping threads took: 0.0029230 seconds
139.327: Application time: 0.1308000 seconds
139.327: [GC [PSYoungGen: 23808K->256K(24064K)] 43713K->20353K(58880K), 0.0004570 secs] [Times: user=0.00 sys=0.00, real=0.00 secs] 
139.327: Total time for which application threads were stopped: 0.0005920 seconds, Stopping threads took: 0.0000520 seconds
139.459: Application time: 0.1312860 seconds
139.459: [GC [PSYoungGen: 23808K->224K(24064K)] 43905K->20321K(58880K), 0.0004300 secs] [Times: user=0.00 sys=0.00, real=0.00 secs] 
139.459: Total time for which application threads were stopped: 0.0005680 seconds, Stopping threads took: 0.0000720 seconds
139.586: Application time: 0.1268940 seconds
139.586: [GC [PSYoungGen: 23776K->480K(24064K)] 43873K->20585K(58880K), 0.0005290 secs] [Times: user=0.01 sys=0.00, real=0.00 secs] 
139.587: Total time for which application threads were stopped: 0.0006530 seconds, Stopping threads took: 0.0000570 seconds
139.718: Application time: 0.1316120 seconds
139.720: [GC [PSYoungGen: 24032K->256K(24064K)] 44137K->20746K(58880K), 0.0005220 secs] [Times: user=0.00 sys=0.00, real=0.00 secs] 
139.720: Total time for which application threads were stopped: 0.0016190 seconds, Stopping threads took: 0.0010260 seconds
139.851: Application time: 0.1310970 seconds
139.851: [GC [PSYoungGen: 23808K->256K(24064K)] 44298K->20746K(58880K), 0.0004050 secs] [Times: user=0.00 sys=0.00, real=0.00 secs] 
139.852: Total time for which application threads were stopped: 0.0005470 seconds, Stopping threads took: 0.0000670 seconds
139.982: Application time: 0.1301700 seconds
139.982: [GC [PSYoungGen: 23808K->240K(24064K)] 44298K->20730K(58880K), 0.0004580 secs] [Times: user=0.00 sys=0.00, real=0.00 secs] 
139.982: Total time for which application threads were stopped: 0.0005950 seconds, Stopping threads took: 0.0000710 seconds
140.114: Application time: 0.1312720 seconds
140.114: [GC [PSYoungGen: 23792K->256K(24064K)] 44282K->20938K(58880K), 0.0004460 secs] [Times: user=0.00 sys=0.00, real=0.00 secs] 
140.114: Total time for which application threads were stopped: 0.0005850 seconds, Stopping threads took: 0.0000710 seconds
140.245: Application time: 0.1308910 seconds
140.245: [GC [PSYoungGen: 23808K->256K(24064K)] 44490K->20938K(58880K), 0.0004130 secs] [Times: user=0.00 sys=0.00, real=0.00 secs] 
140.246: Total time for which application threads were stopped: 0.0005320 seconds, Stopping threads took: 0.0000520 seconds
140.373: Application time: 0.1267900 seconds
140.373: [GC [PSYoungGen: 23808K->496K(24064K)] 44490K->21210K(58880K), 0.0005750 secs] [Times: user=0.00 sys=0.00, real=0.00 secs] 
140.373: Total time for which application threads were stopped: 0.0007190 seconds, Stopping threads took: 0.0000630 seconds
140.504: Application time: 0.1310580 seconds
140.504: [GC [PSYoungGen: 24048K->256K(24064K)] 44762K->21326K(58880K), 0.0005190 secs] [Times: user=0.00 sys=0.00, real=0.00 secs] 
140.505: Total time for which application threads were stopped: 0.0006440 seconds, Stopping threads took: 0.0000490 seconds
140.636: Application time: 0.1309430 seconds
140.636: [GC [PSYoungGen: 23808K->256K(24064K)] 44878K->21326K(58880K), 0.0004100 secs] [Times: user=0.00 sys=0.00, real=0.00 secs] 
140.636: Total time for which application threads were stopped: 0.0005400 seconds, Stopping threads took: 0.0000630 seconds
140.766: Application time: 0.1299080 seconds
140.767: [GC [PSYoungGen: 23808K->256K(24064K)] 44878K->21326K(58880K), 0.0004590 secs] [Times: user=0.00 sys=0.00, real=0.00 secs] 
140.767: Total time for which application threads were stopped: 0.0006130 seconds, Stopping threads took: 0.0000850 seconds
140.898: Application time: 0.1312230 seconds
140.898: [GC [PSYoungGen: 23808K->256K(24064K)] 44878K->21518K(58880K), 0.0004480 secs] [Times: user=0.01 sys=0.00, real=0.00 secs] 
140.899: Total time for which application threads were stopped: 0.0005880 seconds, Stopping threads took: 0.0000630 seconds
141.030: Application time: 0.1310660 seconds
141.030: [GC [PSYoungGen: 23808K->256K(24064K)] 45070K->21518K(58880K), 0.0003910 secs] [Times: user=0.00 sys=0.00, real=0.00 secs] 
141.030: Total time for which application threads were stopped: 0.0005320 seconds, Stopping threads took: 0.0000720 seconds
141.157: Application time: 0.1265040 seconds
141.157: [GC [PSYoungGen: 23808K->496K(24064K)] 45070K->21758K(58880K), 0.0005370 secs] [Times: user=0.01 sys=0.00, real=0.00 secs] 
141.158: Total time for which application threads were stopped: 0.0006600 seconds, Stopping threads took: 0.0000510 seconds
141.289: Application time: 0.1309370 seconds
141.289: [GC [PSYoungGen: 24048K->256K(24064K)] 45310K->21907K(58880K), 0.0005350 secs] [Times: user=0.01 sys=0.00, real=0.00 secs] 
141.289: Total time for which application threads were stopped: 0.0006710 seconds, Stopping threads took: 0.0000680 seconds
141.420: Application time: 0.1309510 seconds
141.420: [GC [PSYoungGen: 23808K->256K(24064K)] 45459K->21907K(58880K), 0.0004200 secs] [Times: user=0.00 sys=0.00, real=0.00 secs] 
141.421: Total time for which application threads were stopped: 0.0005670 seconds, Stopping threads took: 0.0000690 seconds
141.551: Application time: 0.1305120 seconds
141.551: [GC [PSYoungGen: 23808K->256K(24064K)] 45459K->21907K(58880K), 0.0004560 secs] [Times: user=0.00 sys=0.00, real=0.00 secs] 
141.552: Total time for which application threads were stopped: 0.0005750 seconds, Stopping threads took: 0.0000520 seconds
141.683: Application time: 0.1312240 seconds
141.683: [GC [PSYoungGen: 23807K->256K(24064K)] 45459K->22099K(58880K), 0.0004480 secs] [Times: user=0.00 sys=0.00, real=0.00 secs] 
141.684: Total time for which application threads were stopped: 0.0005870 seconds, Stopping threads took: 0.0000680 seconds
141.814: Application time: 0.1304900 seconds
141.814: [GC [PSYoungGen: 23808K->256K(24064K)] 45651K->22099K(58880K), 0.0004100 secs] [Times: user=0.00 sys=0.00, real=0.00 secs] 
141.815: Total time for which application threads were stopped: 0.0005490 seconds, Stopping threads took: 0.0000730 seconds
141.942: Application time: 0.1268820 seconds
141.942: [GC [PSYoungGen: 23808K->496K(24064K)] 45651K->22347K(58880K), 0.0005180 secs] [Times: user=0.00 sys=0.00, real=0.00 secs] 
141.942: Total time for which application threads were stopped: 0.0006610 seconds, Stopping threads took: 0.0000640 seconds
142.073: Application time: 0.1311990 seconds
142.074: [GC [PSYoungGen: 24048K->256K(24064K)] 45899K->22487K(58880K), 0.0005260 secs] [Times: user=0.01 sys=0.00, real=0.00 secs] 
142.074: Total time for which application threads were stopped: 0.0006480 seconds, Stopping threads took: 0.0000540 seconds
142.205: Application time: 0.1309230 seconds
142.205: [GC [PSYoungGen: 23808K->256K(24064K)] 46039K->22487K(58880K), 0.0004080 secs] [Times: user=0.01 sys=0.00, real=0.00 secs] 
142.206: Total time for which application threads were stopped: 0.0005250 seconds, Stopping threads took: 0.0000460 seconds
142.336: Application time: 0.1304100 seconds
142.336: [GC [PSYoungGen: 23808K->256K(24064K)] 46039K->22487K(58880K), 0.0004560 secs] [Times: user=0.00 sys=0.00, real=0.00 secs] 
142.337: Total time for which application threads were stopped: 0.0005970 seconds, Stopping threads took: 0.0000730 seconds
142.467: Application time: 0.1309770 seconds
142.468: [GC [PSYoungGen: 23808K->256K(24064K)] 46039K->22679K(58880K), 0.0004540 secs] [Times: user=0.00 sys=0.00, real=0.00 secs] 
142.468: Total time for which application threads were stopped: 0.0005910 seconds, Stopping threads took: 0.0000620 seconds
142.599: Application time: 0.1311670 seconds
142.599: [GC [PSYoungGen: 23808K->224K(24064K)] 46231K->22647K(58880K), 0.0004250 secs] [Times: user=0.00 sys=0.00, real=0.01 secs] 
142.600: Total time for which application threads were stopped: 0.0005590 seconds, Stopping threads took: 0.0000690 seconds
142.727: Application time: 0.1269410 seconds
142.727: [GC [PSYoungGen: 23776K->496K(24064K)] 46199K->22935K(58880K), 0.0005730 secs] [Times: user=0.01 sys=0.00, real=0.01 secs] 
142.727: Total time for which application threads were stopped: 0.0007060 seconds, Stopping threads took: 0.0000660 seconds
142.859: Application time: 0.1313170 seconds
142.859: [GC [PSYoungGen: 24048K->256K(24064K)] 46487K->23068K(58880K), 0.0005330 secs] [Times: user=0.00 sys=0.00, real=0.00 secs] 
142.859: Total time for which application threads were stopped: 0.0006630 seconds, Stopping threads took: 0.0000590 seconds
142.991: Application time: 0.1310780 seconds
142.991: [GC [PSYoungGen: 23808K->256K(24064K)] 46620K->23068K(58880K), 0.0004000 secs] [Times: user=0.00 sys=0.00, real=0.00 secs] 
142.991: Total time for which application threads were stopped: 0.0005430 seconds, Stopping threads took: 0.0000660 seconds
143.122: Application time: 0.1313590 seconds
143.123: [GC [PSYoungGen: 23808K->256K(24064K)] 46620K->23068K(58880K), 0.0004420 secs] [Times: user=0.00 sys=0.00, real=0.00 secs] 
143.123: Total time for which application threads were stopped: 0.0005710 seconds, Stopping threads took: 0.0000620 seconds
143.254: Application time: 0.1312350 seconds
143.254: [GC [PSYoungGen: 23808K->256K(24064K)] 46620K->23260K(58880K), 0.0004510 secs] [Times: user=0.00 sys=0.00, real=0.00 secs] 
143.255: Total time for which application threads were stopped: 0.0005790 seconds, Stopping threads took: 0.0000600 seconds
143.386: Application time: 0.1311690 seconds
143.386: [GC [PSYoungGen: 23808K->256K(24064K)] 46812K->23260K(58880K), 0.0004290 secs] [Times: user=0.00 sys=0.00, real=0.00 secs] 
143.387: Total time for which application threads were stopped: 0.0005780 seconds, Stopping threads took: 0.0000800 seconds
143.513: Application time: 0.1268980 seconds
143.514: [GC [PSYoungGen: 23808K->496K(24064K)] 46812K->23516K(58880K), 0.0005440 secs] [Times: user=0.01 sys=0.00, real=0.00 secs] 
143.514: Total time for which application threads were stopped: 0.0006820 seconds, Stopping threads took: 0.0000600 seconds
143.645: Application time: 0.1304180 seconds
143.645: [GC [PSYoungGen: 24048K->256K(24064K)] 47068K->23648K(58880K), 0.0005360 secs] [Times: user=0.00 sys=0.00, real=0.00 secs] 
143.645: Total time for which application threads were stopped: 0.0006660 seconds, Stopping threads took: 0.0000620 seconds
143.776: Application time: 0.1312140 seconds
143.777: [GC [PSYoungGen: 23808K->256K(24064K)] 47200K->23648K(58880K), 0.0004070 secs] [Times: user=0.00 sys=0.00, real=0.00 secs] 
143.777: Total time for which application threads were stopped: 0.0005400 seconds, Stopping threads took: 0.0000670 seconds
143.908: Application time: 0.1311000 seconds
143.908: [GC [PSYoungGen: 23808K->256K(24064K)] 47200K->23648K(58880K), 0.0004490 secs] [Times: user=0.01 sys=0.00, real=0.00 secs] 
143.909: Total time for which application threads were stopped: 0.0005710 seconds, Stopping threads took: 0.0000550 seconds
144.041: Application time: 0.1318890 seconds
144.041: [GC [PSYoungGen: 23808K->224K(24064K)] 47200K->23800K(58880K), 0.0004960 secs] [Times: user=0.01 sys=0.00, real=0.00 secs] 
144.041: Total time for which application threads were stopped: 0.0006380 seconds, Stopping threads took: 0.0000600 seconds
144.172: Application time: 0.1308460 seconds
144.172: [GC [PSYoungGen: 23776K->224K(24064K)] 47352K->23800K(58880K), 0.0004320 secs] [Times: user=0.00 sys=0.00, real=0.00 secs] 
144.173: Total time for which application threads were stopped: 0.0005590 seconds, Stopping threads took: 0.0000610 seconds
144.299: Application time: 0.1267550 seconds
144.299: [GC [PSYoungGen: 23776K->496K(24064K)] 47352K->24088K(58880K), 0.0005310 secs] [Times: user=0.00 sys=0.00, real=0.00 secs] 
144.300: Total time for which application threads were stopped: 0.0006580 seconds, Stopping threads took: 0.0000540 seconds
144.431: Application time: 0.1312900 seconds
144.431: [GC [PSYoungGen: 24048K->256K(24064K)] 47640K->24221K(58880K), 0.0005450 secs] [Times: user=0.00 sys=0.00, real=0.00 secs] 
144.432: Total time for which application threads were stopped: 0.0006860 seconds, Stopping threads took: 0.0000670 seconds
144.563: Application time: 0.1314560 seconds
144.564: [GC [PSYoungGen: 23808K->256K(24064K)] 47773K->24221K(58880K), 0.0004060 secs] [Times: user=0.00 sys=0.00, real=0.00 secs] 
144.564: Total time for which application threads were stopped: 0.0005480 seconds, Stopping threads took: 0.0000580 seconds
144.694: Application time: 0.1302940 seconds
144.694: [GC [PSYoungGen: 23808K->256K(24064K)] 47773K->24221K(58880K), 0.0004450 secs] [Times: user=0.00 sys=0.00, real=0.00 secs] 
144.695: Total time for which application threads were stopped: 0.0005820 seconds, Stopping threads took: 0.0000690 seconds
144.826: Application time: 0.1312780 seconds
144.826: [GC [PSYoungGen: 23808K->256K(24064K)] 47773K->24413K(58880K), 0.0004290 secs] [Times: user=0.00 sys=0.00, real=0.00 secs] 
144.827: Total time for which application threads were stopped: 0.0005600 seconds, Stopping threads took: 0.0000620 seconds
144.958: Application time: 0.1313480 seconds
144.958: [GC [PSYoungGen: 23808K->256K(24064K)] 47965K->24413K(58880K), 0.0003960 secs] [Times: user=0.00 sys=0.00, real=0.00 secs] 
144.959: Total time for which application threads were stopped: 0.0005270 seconds, Stopping threads took: 0.0000610 seconds
145.086: Application time: 0.1269420 seconds
145.086: [GC [PSYoungGen: 23808K->480K(24064K)] 47965K->24637K(58880K), 0.0005220 secs] [Times: user=0.00 sys=0.00, real=0.00 secs] 
145.086: Total time for which application threads were stopped: 0.0006520 seconds, Stopping threads took: 0.0000530 seconds
145.217: Application time: 0.1311650 seconds
145.217: [GC [PSYoungGen: 24032K->224K(24064K)] 48189K->24765K(58880K), 0.0005650 secs] [Times: user=0.01 sys=0.00, real=0.00 secs] 
145.218: Total time for which application threads were stopped: 0.0006940 seconds, Stopping threads took: 0.0000600 seconds
145.349: Application time: 0.1310720 seconds
145.349: [GC [PSYoungGen: 23776K->256K(24064K)] 48317K->24797K(58880K), 0.0004160 secs] [Times: user=0.01 sys=0.00, real=0.00 secs] 
145.350: Total time for which application threads were stopped: 0.0005490 seconds, Stopping threads took: 0.0000650 seconds
145.479: Application time: 0.1297260 seconds
145.480: [GC [PSYoungGen: 23808K->256K(24064K)] 48349K->24797K(58880K), 0.0004600 secs] [Times: user=0.00 sys=0.00, real=0.00 secs] 
145.480: Total time for which application threads were stopped: 0.0005910 seconds, Stopping threads took: 0.0000620 seconds
145.611: Application time: 0.1310500 seconds
145.612: [GC [PSYoungGen: 23808K->256K(24064K)] 48349K->24989K(58880K), 0.0004730 secs] [Times: user=0.01 sys=0.00, real=0.00 secs] 
145.612: Total time for which application threads were stopped: 0.0009450 seconds, Stopping threads took: 0.0003930 seconds
145.744: Application time: 0.1318850 seconds
145.744: [GC [PSYoungGen: 23808K->256K(24064K)] 48541K->24989K(58880K), 0.0004060 secs] [Times: user=0.00 sys=0.00, real=0.00 secs] 
145.744: Total time for which application threads were stopped: 0.0005370 seconds, Stopping threads took: 0.0000640 seconds
145.872: Application time: 0.1271570 seconds
145.872: [GC [PSYoungGen: 23808K->496K(24064K)] 48541K->25229K(58880K), 0.0005500 secs] [Times: user=0.00 sys=0.00, real=0.00 secs] 
145.872: Total time for which application threads were stopped: 0.0006920 seconds, Stopping threads took: 0.0000750 seconds
146.003: Application time: 0.1311800 seconds
146.004: [GC [PSYoungGen: 24048K->256K(24064K)] 48781K->25378K(58880K), 0.0005390 secs] [Times: user=0.01 sys=0.00, real=0.00 secs] 
146.004: Total time for which application threads were stopped: 0.0006590 seconds, Stopping threads took: 0.0000510 seconds
146.135: Application time: 0.1313620 seconds
146.136: [GC [PSYoungGen: 23808K->256K(24064K)] 48930K->25378K(58880K), 0.0004310 secs] [Times: user=0.01 sys=0.00, real=0.00 secs] 
146.137: Total time for which application threads were stopped: 0.0013040 seconds, Stopping threads took: 0.0007930 seconds
146.267: Application time: 0.1298950 seconds
146.267: [GC [PSYoungGen: 23808K->256K(24064K)] 48930K->25378K(58880K), 0.0004400 secs] [Times: user=0.00 sys=0.00, real=0.00 secs] 
146.267: Total time for which application threads were stopped: 0.0005730 seconds, Stopping threads took: 0.0000680 seconds
146.398: Application time: 0.1310380 seconds
146.398: [GC [PSYoungGen: 23808K->256K(24064K)] 48930K->25570K(58880K), 0.0004280 secs] [Times: user=0.00 sys=0.00, real=0.00 secs] 
146.399: Total time for which application threads were stopped: 0.0005610 seconds, Stopping threads took: 0.0000650 seconds
146.530: Application time: 0.1308520 seconds
146.530: [GC [PSYoungGen: 23808K->256K(24064K)] 49122K->25570K(58880K), 0.0004260 secs] [Times: user=0.00 sys=0.00, real=0.00 secs] 
146.530: Total time for which application threads were stopped: 0.0005670 seconds, Stopping threads took: 0.0000750 seconds
146.657: Application time: 0.1265800 seconds
146.657: [GC [PSYoungGen: 23808K->496K(24064K)] 49122K->25810K(58880K), 0.0005360 secs] [Times: user=0.00 sys=0.00, real=0.00 secs] 
146.658: Total time for which application threads were stopped: 0.0006880 seconds, Stopping threads took: 0.0000680 seconds
146.789: Application time: 0.1309540 seconds
146.789: [GC [PSYoungGen: 24048K->256K(24064K)] 49362K->25958K(58880K), 0.0005480 secs] [Times: user=0.00 sys=0.00, real=0.00 secs] 
146.789: Total time for which application threads were stopped: 0.0006700 seconds, Stopping threads took: 0.0000550 seconds
146.921: Application time: 0.1313720 seconds
146.921: [GC [PSYoungGen: 23808K->256K(24064K)] 49510K->25958K(58880K), 0.0004280 secs] [Times: user=0.00 sys=0.00, real=0.00 secs] 
146.921: Total time for which application threads were stopped: 0.0005640 seconds, Stopping threads took: 0.0000690 seconds
147.052: Application time: 0.1308410 seconds
147.052: [GC [PSYoungGen: 23808K->256K(24064K)] 49510K->25958K(58880K), 0.0004270 secs] [Times: user=0.00 sys=0.00, real=0.00 secs] 
147.053: Total time for which application threads were stopped: 0.0005670 seconds, Stopping threads took: 0.0000740 seconds
147.184: Application time: 0.1310660 seconds
147.184: [GC [PSYoungGen: 23808K->256K(24064K)] 49510K->26150K(58880K), 0.0004490 secs] [Times: user=0.00 sys=0.00, real=0.00 secs] 
147.184: Total time for which application threads were stopped: 0.0005950 seconds, Stopping threads took: 0.0000670 seconds
147.315: Application time: 0.1311050 seconds
147.315: [GC [PSYoungGen: 23808K->192K(24064K)] 49702K->26086K(58880K), 0.0004840 secs] [Times: user=0.00 sys=0.00, real=0.00 secs] 
147.316: Total time for which application threads were stopped: 0.0006240 seconds, Stopping threads took: 0.0000670 seconds
147.443: Application time: 0.1267690 seconds
147.443: [GC [PSYoungGen: 23744K->448K(24064K)] 49638K->26342K(58880K), 0.0005220 secs] [Times: user=0.00 sys=0.00, real=0.00 secs] 
147.443: Total time for which application threads were stopped: 0.0006520 seconds, Stopping threads took: 0.0000630 seconds
147.575: Application time: 0.1313620 seconds
147.575: [GC [PSYoungGen: 24000K->192K(24064K)] 49894K->26471K(58880K), 0.0005850 secs] [Times: user=0.00 sys=0.00, real=0.00 secs] 
147.575: Total time for which application threads were stopped: 0.0007200 seconds, Stopping threads took: 0.0000530 seconds
147.706: Application time: 0.1309910 seconds
147.707: [GC [PSYoungGen: 23744K->256K(24064K)] 50023K->26535K(58880K), 0.0004080 secs] [Times: user=0.00 sys=0.00, real=0.00 secs] 
147.707: Total time for which application threads were stopped: 0.0005510 seconds, Stopping threads took: 0.0000640 seconds
147.837: Application time: 0.1302810 seconds
147.837: [GC [PSYoungGen: 23808K->256K(24064K)] 50087K->26535K(58880K), 0.0004740 secs] [Times: user=0.00 sys=0.00, real=0.00 secs] 
147.838: Total time for which application threads were stopped: 0.0006050 seconds, Stopping threads took: 0.0000640 seconds
147.969: Application time: 0.1315380 seconds
147.970: [GC [PSYoungGen: 23808K->224K(24064K)] 50087K->26687K(58880K), 0.0004720 secs] [Times: user=0.00 sys=0.00, real=0.00 secs] 
147.970: Total time for which application threads were stopped: 0.0005970 seconds, Stopping threads took: 0.0000580 seconds
148.101: Application time: 0.1314150 seconds
148.102: [GC [PSYoungGen: 23776K->256K(24064K)] 50239K->26719K(58880K), 0.0004030 secs] [Times: user=0.00 sys=0.00, real=0.00 secs] 
148.102: Total time for which application threads were stopped: 0.0005230 seconds, Stopping threads took: 0.0000530 seconds
148.229: Application time: 0.1265620 seconds
148.229: [GC [PSYoungGen: 23808K->496K(24064K)] 50271K->26959K(58880K), 0.0005380 secs] [Times: user=0.00 sys=0.00, real=0.00 secs] 
148.229: Total time for which application threads were stopped: 0.0006820 seconds, Stopping threads took: 0.0000670 seconds
148.360: Application time: 0.1311650 seconds
148.360: [GC [PSYoungGen: 24048K->256K(24064K)] 50511K->27107K(58880K), 0.0005520 secs] [Times: user=0.00 sys=0.00, real=0.00 secs] 
148.361: Total time for which application threads were stopped: 0.0006730 seconds, Stopping threads took: 0.0000490 seconds
148.492: Application time: 0.1312500 seconds
148.492: [GC [PSYoungGen: 23808K->256K(24064K)] 50659K->27107K(58880K), 0.0004090 secs] [Times: user=0.00 sys=0.00, real=0.00 secs] 
148.493: Total time for which application threads were stopped: 0.0005280 seconds, Stopping threads took: 0.0000530 seconds
148.624: Application time: 0.1308180 seconds
148.624: [GC [PSYoungGen: 23808K->256K(24064K)] 50659K->27107K(58880K), 0.0004540 secs] [Times: user=0.00 sys=0.00, real=0.00 secs] 
148.624: Total time for which application threads were stopped: 0.0005900 seconds, Stopping threads took: 0.0000660 seconds
148.755: Application time: 0.1310680 seconds
148.755: [GC [PSYoungGen: 23808K->256K(24064K)] 50659K->27299K(58880K), 0.0004680 secs] [Times: user=0.00 sys=0.00, real=0.00 secs] 
148.756: Total time for which application threads were stopped: 0.0006040 seconds, Stopping threads took: 0.0000510 seconds
148.888: Application time: 0.1319810 seconds
148.888: [GC [PSYoungGen: 23808K->256K(24064K)] 50851K->27299K(58880K), 0.0004360 secs] [Times: user=0.00 sys=0.00, real=0.00 secs] 
148.888: Total time for which application threads were stopped: 0.0005730 seconds, Stopping threads took: 0.0000690 seconds
149.015: Application time: 0.1267530 seconds
149.015: [GC [PSYoungGen: 23808K->496K(24064K)] 50851K->27539K(58880K), 0.0025830 secs] [Times: user=0.01 sys=0.00, real=0.00 secs] 
149.018: Total time for which application threads were stopped: 0.0027260 seconds, Stopping threads took: 0.0000680 seconds
149.149: Application time: 0.1309290 seconds
149.149: [GC [PSYoungGen: 24048K->256K(24064K)] 51091K->27688K(58880K), 0.0005420 secs] [Times: user=0.00 sys=0.00, real=0.00 secs] 
149.150: Total time for which application threads were stopped: 0.0006810 seconds, Stopping threads took: 0.0000700 seconds
149.280: Application time: 0.1308540 seconds
149.281: [GC [PSYoungGen: 23808K->256K(24064K)] 51240K->27688K(58880K), 0.0004060 secs] [Times: user=0.00 sys=0.00, real=0.00 secs] 
149.281: Total time for which application threads were stopped: 0.0005490 seconds, Stopping threads took: 0.0000660 seconds
149.411: Application time: 0.1298960 seconds
149.411: [GC [PSYoungGen: 23808K->256K(24064K)] 51240K->27688K(58880K), 0.0004600 secs] [Times: user=0.00 sys=0.00, real=0.00 secs] 
149.411: Total time for which application threads were stopped: 0.0005980 seconds, Stopping threads took: 0.0000700 seconds
149.543: Application time: 0.1312320 seconds
149.543: [GC [PSYoungGen: 23808K->224K(24064K)] 51240K->27840K(58880K), 0.0004880 secs] [Times: user=0.00 sys=0.00, real=0.00 secs] 
149.543: Total time for which application threads were stopped: 0.0006130 seconds, Stopping threads took: 0.0000570 seconds
149.675: Application time: 0.1311760 seconds
149.675: [GC [PSYoungGen: 23776K->256K(24064K)] 51392K->27872K(58880K), 0.0004260 secs] [Times: user=0.00 sys=0.00, real=0.00 secs] 
149.675: Total time for which application threads were stopped: 0.0005500 seconds, Stopping threads took: 0.0000560 seconds
149.802: Application time: 0.1267320 seconds
149.802: [GC [PSYoungGen: 23808K->480K(24064K)] 51424K->28096K(58880K), 0.0005440 secs] [Times: user=0.00 sys=0.00, real=0.00 secs] 
149.802: Total time for which application threads were stopped: 0.0006820 seconds, Stopping threads took: 0.0000570 seconds
149.933: Application time: 0.1305600 seconds
149.933: [GC [PSYoungGen: 24032K->256K(24064K)] 51648K->28260K(58880K), 0.0005420 secs] [Times: user=0.01 sys=0.00, real=0.00 secs] 
149.934: Total time for which application threads were stopped: 0.0006660 seconds, Stopping threads took: 0.0000580 seconds
150.065: Application time: 0.1314530 seconds
150.065: [GC [PSYoungGen: 23808K->256K(24064K)] 51812K->28260K(58880K), 0.0003990 secs] [Times: user=0.00 sys=0.00, real=0.00 secs] 
150.066: Total time for which application threads were stopped: 0.0005370 seconds, Stopping threads took: 0.0000720 seconds
150.196: Application time: 0.1303440 seconds
150.196: [GC [PSYoungGen: 23808K->240K(24064K)] 51812K->28244K(58880K), 0.0004810 secs] [Times: user=0.01 sys=0.00, real=0.00 secs] 
150.197: Total time for which application threads were stopped: 0.0006110 seconds, Stopping threads took: 0.0000660 seconds
150.328: Application time: 0.1315160 seconds
150.328: [GC [PSYoungGen: 23792K->256K(24064K)] 51796K->28452K(58880K), 0.0004620 secs] [Times: user=0.00 sys=0.00, real=0.00 secs] 
150.329: Total time for which application threads were stopped: 0.0006110 seconds, Stopping threads took: 0.0000640 seconds
150.460: Application time: 0.1313420 seconds
150.460: [GC [PSYoungGen: 23808K->256K(24064K)] 52004K->28452K(58880K), 0.0003880 secs] [Times: user=0.00 sys=0.00, real=0.00 secs] 
150.461: Total time for which application threads were stopped: 0.0005260 seconds, Stopping threads took: 0.0000700 seconds
150.587: Application time: 0.1267110 seconds
150.587: [GC [PSYoungGen: 23808K->496K(24064K)] 52004K->28697K(58880K), 0.0005420 secs] [Times: user=0.00 sys=0.00, real=0.00 secs] 
150.588: Total time for which application threads were stopped: 0.0006740 seconds, Stopping threads took: 0.0000660 seconds
150.719: Application time: 0.1311340 seconds
150.719: [GC [PSYoungGen: 24048K->256K(24064K)] 52249K->28845K(58880K), 0.0005500 secs] [Times: user=0.00 sys=0.01, real=0.01 secs] 
150.720: Total time for which application threads were stopped: 0.0006880 seconds, Stopping threads took: 0.0000710 seconds
150.851: Application time: 0.1314890 seconds
150.852: [GC [PSYoungGen: 23808K->256K(24064K)] 52397K->28845K(58880K), 0.0004090 secs] [Times: user=0.00 sys=0.00, real=0.00 secs] 
150.852: Total time for which application threads were stopped: 0.0005690 seconds, Stopping threads took: 0.0000710 seconds
150.982: Application time: 0.1305400 seconds
150.983: [GC [PSYoungGen: 23808K->224K(24064K)] 52397K->28813K(58880K), 0.0004700 secs] [Times: user=0.01 sys=0.00, real=0.00 secs] 
150.983: Total time for which application threads were stopped: 0.0006020 seconds, Stopping threads took: 0.0000650 seconds
151.115: Application time: 0.1315790 seconds
151.115: [GC [PSYoungGen: 23776K->256K(24064K)] 52365K->29037K(58880K), 0.0004810 secs] [Times: user=0.00 sys=0.00, real=0.00 secs] 
151.115: Total time for which application threads were stopped: 0.0006220 seconds, Stopping threads took: 0.0000740 seconds
151.246: Application time: 0.1311310 seconds
151.247: [GC [PSYoungGen: 23808K->256K(24064K)] 52589K->29037K(58880K), 0.0004290 secs] [Times: user=0.00 sys=0.00, real=0.00 secs] 
151.247: Total time for which application threads were stopped: 0.0005610 seconds, Stopping threads took: 0.0000620 seconds
151.374: Application time: 0.1272920 seconds
151.374: [GC [PSYoungGen: 23808K->480K(24064K)] 52589K->29261K(58880K), 0.0006310 secs] [Times: user=0.01 sys=0.00, real=0.00 secs] 
151.375: Total time for which application threads were stopped: 0.0007740 seconds, Stopping threads took: 0.0000620 seconds
151.506: Application time: 0.1308750 seconds
151.506: [GC [PSYoungGen: 24032K->256K(24064K)] 52813K->29425K(58880K), 0.0005350 secs] [Times: user=0.00 sys=0.00, real=0.00 secs] 
151.507: Total time for which application threads were stopped: 0.0006580 seconds, Stopping threads took: 0.0000550 seconds
151.638: Application time: 0.1310850 seconds
151.638: [GC [PSYoungGen: 23808K->256K(24064K)] 52977K->29425K(58880K), 0.0004060 secs] [Times: user=0.00 sys=0.00, real=0.00 secs] 
151.638: Total time for which application threads were stopped: 0.0005400 seconds, Stopping threads took: 0.0000650 seconds
151.769: Application time: 0.1305160 seconds
151.769: [GC [PSYoungGen: 23808K->256K(24064K)] 52977K->29425K(58880K), 0.0004880 secs] [Times: user=0.00 sys=0.00, real=0.00 secs] 
151.769: Total time for which application threads were stopped: 0.0006090 seconds, Stopping threads took: 0.0000540 seconds
151.901: Application time: 0.1314590 seconds
151.901: [GC [PSYoungGen: 23808K->256K(24064K)] 52977K->29618K(58880K), 0.0004680 secs] [Times: user=0.01 sys=0.00, real=0.00 secs] 
151.901: Total time for which application threads were stopped: 0.0006070 seconds, Stopping threads took: 0.0000580 seconds
152.032: Application time: 0.1309900 seconds
152.033: [GC [PSYoungGen: 23808K->256K(24064K)] 53170K->29618K(58880K), 0.0004120 secs] [Times: user=0.00 sys=0.00, real=0.00 secs] 
152.033: Total time for which application threads were stopped: 0.0005310 seconds, Stopping threads took: 0.0000560 seconds
152.162: Application time: 0.1288180 seconds
152.162: [GC [PSYoungGen: 23808K->496K(24064K)] 53170K->29874K(58880K), 0.0005430 secs] [Times: user=0.01 sys=0.00, real=0.00 secs] 
152.162: Total time for which application threads were stopped: 0.0006790 seconds, Stopping threads took: 0.0000690 seconds
152.294: Application time: 0.1316610 seconds
152.296: [GC [PSYoungGen: 24048K->256K(24064K)] 53426K->30006K(58880K), 0.0005620 secs] [Times: user=0.00 sys=0.00, real=0.00 secs] 
152.296: Total time for which application threads were stopped: 0.0019910 seconds, Stopping threads took: 0.0013590 seconds
152.428: Application time: 0.1315500 seconds
152.428: [GC [PSYoungGen: 23808K->256K(24064K)] 53558K->30006K(58880K), 0.0004110 secs] [Times: user=0.00 sys=0.00, real=0.00 secs] 
152.428: Total time for which application threads were stopped: 0.0005540 seconds, Stopping threads took: 0.0000630 seconds
152.559: Application time: 0.1311590 seconds
152.559: [GC [PSYoungGen: 23808K->240K(24064K)] 53558K->29990K(58880K), 0.0004670 secs] [Times: user=0.00 sys=0.00, real=0.00 secs] 
152.560: Total time for which application threads were stopped: 0.0006020 seconds, Stopping threads took: 0.0000610 seconds
152.690: Application time: 0.1303610 seconds
152.690: [GC [PSYoungGen: 23792K->256K(24064K)] 53542K->30198K(58880K), 0.0004670 secs] [Times: user=0.01 sys=0.00, real=0.00 secs] 
152.691: Total time for which application threads were stopped: 0.0005960 seconds, Stopping threads took: 0.0000630 seconds
152.823: Application time: 0.1315740 seconds
152.823: [GC [PSYoungGen: 23808K->256K(24064K)] 53750K->30198K(58880K), 0.0004450 secs] [Times: user=0.00 sys=0.00, real=0.00 secs] 
152.823: Total time for which application threads were stopped: 0.0005670 seconds, Stopping threads took: 0.0000530 seconds
152.954: Application time: 0.1312140 seconds
152.954: [GC [PSYoungGen: 23808K->480K(24064K)] 53750K->30422K(58880K), 0.0005610 secs] [Times: user=0.00 sys=0.00, real=0.00 secs] 
152.955: Total time for which application threads were stopped: 0.0006750 seconds, Stopping threads took: 0.0000320 seconds
153.091: Application time: 0.1358510 seconds
153.091: [GC [PSYoungGen: 24032K->256K(24064K)] 53974K->30586K(58880K), 0.0005430 secs] [Times: user=0.01 sys=0.00, real=0.00 secs] 
153.091: Total time for which application threads were stopped: 0.0006730 seconds, Stopping threads took: 0.0000610 seconds
153.223: Application time: 0.1312270 seconds
153.223: [GC [PSYoungGen: 23808K->192K(24064K)] 54138K->30522K(58880K), 0.0004870 secs] [Times: user=0.00 sys=0.00, real=0.00 secs] 
153.223: Total time for which application threads were stopped: 0.0006270 seconds, Stopping threads took: 0.0000690 seconds
153.354: Application time: 0.1307190 seconds
153.354: [GC [PSYoungGen: 23744K->256K(24064K)] 54074K->30586K(58880K), 0.0004790 secs] [Times: user=0.00 sys=0.00, real=0.00 secs] 
153.355: Total time for which application threads were stopped: 0.0006010 seconds, Stopping threads took: 0.0000540 seconds
153.486: Application time: 0.1309620 seconds
153.486: [GC [PSYoungGen: 23808K->256K(24064K)] 54138K->30779K(58880K), 0.0004580 secs] [Times: user=0.00 sys=0.00, real=0.00 secs] 
153.486: Total time for which application threads were stopped: 0.0006040 seconds, Stopping threads took: 0.0000690 seconds
153.617: Application time: 0.1306990 seconds
153.617: [GC [PSYoungGen: 23808K->256K(24064K)] 54331K->30779K(58880K), 0.0004160 secs] [Times: user=0.01 sys=0.00, real=0.00 secs] 
153.617: Total time for which application threads were stopped: 0.0005470 seconds, Stopping threads took: 0.0000630 seconds
153.744: Application time: 0.1265620 seconds
153.744: [GC [PSYoungGen: 23808K->496K(24064K)] 54331K->31027K(58880K), 0.0005380 secs] [Times: user=0.00 sys=0.00, real=0.00 secs] 
153.745: Total time for which application threads were stopped: 0.0006750 seconds, Stopping threads took: 0.0000670 seconds
153.876: Application time: 0.1310590 seconds
153.876: [GC [PSYoungGen: 24048K->224K(24064K)] 54579K->31143K(58880K), 0.0006180 secs] [Times: user=0.00 sys=0.00, real=0.00 secs] 
153.877: Total time for which application threads were stopped: 0.0007470 seconds, Stopping threads took: 0.0000520 seconds
154.008: Application time: 0.1315930 seconds
154.008: [GC [PSYoungGen: 23776K->256K(24064K)] 54695K->31175K(58880K), 0.0005260 secs] [Times: user=0.00 sys=0.00, real=0.00 secs] 
154.011: Total time for which application threads were stopped: 0.0027870 seconds, Stopping threads took: 0.0000620 seconds
154.142: Application time: 0.1306710 seconds
154.142: [GC [PSYoungGen: 23808K->256K(24064K)] 54727K->31199K(58880K), 0.0005000 secs] [Times: user=0.00 sys=0.00, real=0.00 secs] 
154.142: Total time for which application threads were stopped: 0.0006550 seconds, Stopping threads took: 0.0000900 seconds
154.274: Application time: 0.1312590 seconds
154.274: [GC [PSYoungGen: 23808K->256K(24064K)] 54751K->31367K(58880K), 0.0004660 secs] [Times: user=0.00 sys=0.00, real=0.00 secs] 
154.274: Total time for which application threads were stopped: 0.0006070 seconds, Stopping threads took: 0.0000710 seconds
154.404: Application time: 0.1299780 seconds
154.404: [GC [PSYoungGen: 23808K->256K(24064K)] 54919K->31367K(58880K), 0.0004180 secs] [Times: user=0.00 sys=0.00, real=0.00 secs] 
154.405: Total time for which application threads were stopped: 0.0005480 seconds, Stopping threads took: 0.0000640 seconds
154.532: Application time: 0.1275190 seconds
154.532: [GC [PSYoungGen: 23808K->496K(24064K)] 54919K->31663K(58880K), 0.0005550 secs] [Times: user=0.00 sys=0.00, real=0.00 secs] 
154.533: Total time for which application threads were stopped: 0.0007000 seconds, Stopping threads took: 0.0000610 seconds
154.664: Application time: 0.1314440 seconds
154.664: [GC [PSYoungGen: 24048K->256K(24064K)] 55215K->31771K(58880K), 0.0005590 secs] [Times: user=0.00 sys=0.00, real=0.00 secs] 
154.665: Total time for which application threads were stopped: 0.0006820 seconds, Stopping threads took: 0.0000520 seconds
154.796: Application time: 0.1311670 seconds
154.796: [GC [PSYoungGen: 23808K->224K(24064K)] 55323K->31739K(58880K), 0.0004610 secs] [Times: user=0.00 sys=0.00, real=0.00 secs] 
154.797: Total time for which application threads were stopped: 0.0005760 seconds, Stopping threads took: 0.0000510 seconds
154.926: Application time: 0.1294520 seconds
154.926: [GC [PSYoungGen: 23776K->256K(24064K)] 55291K->31796K(58880K), 0.0004700 secs] [Times: user=0.01 sys=0.00, real=0.00 secs] 
154.927: Total time for which application threads were stopped: 0.0005940 seconds, Stopping threads took: 0.0000560 seconds
155.058: Application time: 0.1313060 seconds
155.058: [GC [PSYoungGen: 23808K->256K(24064K)] 55348K->31964K(58880K), 0.0004370 secs] [Times: user=0.00 sys=0.00, real=0.00 secs] 
155.059: Total time for which application threads were stopped: 0.0005730 seconds, Stopping threads took: 0.0000610 seconds
155.189: Application time: 0.1307000 seconds
155.189: [GC [PSYoungGen: 23808K->256K(24064K)] 55516K->31964K(58880K), 0.0004110 secs] [Times: user=0.00 sys=0.00, real=0.00 secs] 
155.190: Total time for which application threads were stopped: 0.0005310 seconds, Stopping threads took: 0.0000520 seconds
155.317: Application time: 0.1268590 seconds
155.317: [GC [PSYoungGen: 23808K->432K(24064K)] 55516K->32212K(58880K), 0.0005430 secs] [Times: user=0.00 sys=0.00, real=0.00 secs] 
155.317: Total time for which application threads were stopped: 0.0006760 seconds, Stopping threads took: 0.0000650 seconds
155.449: Application time: 0.1312370 seconds
155.449: [GC [PSYoungGen: 23984K->256K(24064K)] 55764K->32388K(58880K), 0.0005190 secs] [Times: user=0.00 sys=0.00, real=0.00 secs] 
155.449: Total time for which application threads were stopped: 0.0006430 seconds, Stopping threads took: 0.0000560 seconds
155.580: Application time: 0.1308360 seconds
155.580: [GC [PSYoungGen: 23808K->272K(24064K)] 55940K->32404K(58880K), 0.0004530 secs] [Times: user=0.00 sys=0.00, real=0.00 secs] 
155.581: Total time for which application threads were stopped: 0.0005950 seconds, Stopping threads took: 0.0000660 seconds
155.711: Application time: 0.1301890 seconds
155.711: [GC [PSYoungGen: 23824K->224K(24064K)] 55956K->32372K(58880K), 0.0005200 secs] [Times: user=0.00 sys=0.00, real=0.00 secs] 
155.712: Total time for which application threads were stopped: 0.0006570 seconds, Stopping threads took: 0.0000680 seconds
155.843: Application time: 0.1316730 seconds
155.843: [GC [PSYoungGen: 23776K->256K(24064K)] 55924K->32572K(58880K), 0.0004990 secs] [Times: user=0.00 sys=0.00, real=0.00 secs] 
155.844: Total time for which application threads were stopped: 0.0006310 seconds, Stopping threads took: 0.0000630 seconds
155.975: Application time: 0.1308160 seconds
155.975: [GC [PSYoungGen: 23808K->256K(24064K)] 56124K->32572K(58880K), 0.0004060 secs] [Times: user=0.00 sys=0.00, real=0.00 secs] 
155.975: Total time for which application threads were stopped: 0.0005370 seconds, Stopping threads took: 0.0000640 seconds
156.102: Application time: 0.1271920 seconds
156.103: [GC [PSYoungGen: 23808K->496K(24064K)] 56124K->32892K(58880K), 0.0005450 secs] [Times: user=0.00 sys=0.00, real=0.00 secs] 
156.103: Total time for which application threads were stopped: 0.0006910 seconds, Stopping threads took: 0.0000650 seconds
156.234: Application time: 0.1311330 seconds
156.234: [GC [PSYoungGen: 24048K->256K(24064K)] 56444K->32989K(58880K), 0.0005150 secs] [Times: user=0.00 sys=0.00, real=0.00 secs] 
156.235: Total time for which application threads were stopped: 0.0006510 seconds, Stopping threads took: 0.0000660 seconds
156.366: Application time: 0.1310320 seconds
156.366: [GC [PSYoungGen: 23808K->192K(24064K)] 56541K->32925K(58880K), 0.0004550 secs] [Times: user=0.00 sys=0.00, real=0.00 secs] 
156.367: Total time for which application threads were stopped: 0.0005830 seconds, Stopping threads took: 0.0000580 seconds
156.497: Application time: 0.1301640 seconds
156.497: [GC [PSYoungGen: 23744K->240K(24064K)] 56477K->32997K(58880K), 0.0005780 secs] [Times: user=0.00 sys=0.00, real=0.00 secs] 
156.497: Total time for which application threads were stopped: 0.0007200 seconds, Stopping threads took: 0.0000680 seconds
156.628: Application time: 0.1309640 seconds
156.629: [GC [PSYoungGen: 23792K->256K(24064K)] 56549K->33181K(58880K), 0.0004510 secs] [Times: user=0.00 sys=0.00, real=0.00 secs] 
156.629: Total time for which application threads were stopped: 0.0005980 seconds, Stopping threads took: 0.0000700 seconds
156.760: Application time: 0.1305160 seconds
156.760: [GC [PSYoungGen: 23808K->256K(24064K)] 56733K->33181K(58880K), 0.0004250 secs] [Times: user=0.01 sys=0.00, real=0.00 secs] 
156.760: Total time for which application threads were stopped: 0.0005580 seconds, Stopping threads took: 0.0000630 seconds
156.887: Application time: 0.1269600 seconds
156.887: [GC [PSYoungGen: 23808K->496K(24064K)] 56733K->33493K(58880K), 0.0005870 secs] [Times: user=0.00 sys=0.00, real=0.01 secs] 
156.888: Total time for which application threads were stopped: 0.0007180 seconds, Stopping threads took: 0.0000590 seconds
157.019: Application time: 0.1310770 seconds
157.019: [GC [PSYoungGen: 24048K->160K(24064K)] 57045K->33489K(58880K), 0.0005990 secs] [Times: user=0.00 sys=0.00, real=0.01 secs] 
157.020: Total time for which application threads were stopped: 0.0007400 seconds, Stopping threads took: 0.0000700 seconds
157.151: Application time: 0.1310080 seconds
157.151: [GC [PSYoungGen: 23712K->224K(24064K)] 57041K->33553K(58880K), 0.0004500 secs] [Times: user=0.00 sys=0.00, real=0.00 secs] 
157.151: Total time for which application threads were stopped: 0.0005840 seconds, Stopping threads took: 0.0000540 seconds
157.282: Application time: 0.1305780 seconds
157.282: [GC [PSYoungGen: 23776K->256K(24064K)] 57105K->33609K(58880K), 0.0004640 secs] [Times: user=0.01 sys=0.00, real=0.00 secs] 
157.282: Total time for which application threads were stopped: 0.0005920 seconds, Stopping threads took: 0.0000590 seconds
157.414: Application time: 0.1312830 seconds
157.414: [GC [PSYoungGen: 23808K->256K(24064K)] 57161K->33777K(58880K), 0.0004560 secs] [Times: user=0.00 sys=0.00, real=0.00 secs] 
157.414: Total time for which application threads were stopped: 0.0006020 seconds, Stopping threads took: 0.0000670 seconds
157.545: Application time: 0.1306460 seconds
157.545: [GC [PSYoungGen: 23808K->256K(24064K)] 57329K->33777K(58880K), 0.0004350 secs] [Times: user=0.00 sys=0.00, real=0.00 secs] 
157.545: Total time for which application threads were stopped: 0.0005590 seconds, Stopping threads took: 0.0000560 seconds
157.673: Application time: 0.1271950 seconds
157.673: [GC [PSYoungGen: 23808K->464K(24064K)] 57329K->34041K(58880K), 0.0005930 secs] [Times: user=0.00 sys=0.00, real=0.00 secs] 
157.673: Total time for which application threads were stopped: 0.0007450 seconds, Stopping threads took: 0.0000720 seconds
157.805: Application time: 0.1311090 seconds
157.808: [GC [PSYoungGen: 24016K->160K(24064K)] 57593K->34070K(58880K), 0.0006530 secs] [Times: user=0.01 sys=0.00, real=0.00 secs] 
157.808: Total time for which application threads were stopped: 0.0036570 seconds, Stopping threads took: 0.0029360 seconds
157.939: Application time: 0.1312510 seconds
157.940: [GC [PSYoungGen: 23712K->192K(24064K)] 57622K->34102K(58880K), 0.0004720 secs] [Times: user=0.00 sys=0.00, real=0.00 secs] 
157.940: Total time for which application threads were stopped: 0.0006190 seconds, Stopping threads took: 0.0000800 seconds
158.071: Application time: 0.1306400 seconds
158.071: [GC [PSYoungGen: 23744K->256K(24064K)] 57654K->34190K(58880K), 0.0004600 secs] [Times: user=0.00 sys=0.00, real=0.00 secs] 
158.071: Total time for which application threads were stopped: 0.0005950 seconds, Stopping threads took: 0.0000650 seconds
158.202: Application time: 0.1309940 seconds
158.202: [GC [PSYoungGen: 23808K->256K(24064K)] 57742K->34358K(58880K), 0.0004620 secs] [Times: user=0.00 sys=0.00, real=0.00 secs] 
158.203: Total time for which application threads were stopped: 0.0006120 seconds, Stopping threads took: 0.0000690 seconds
158.333: Application time: 0.1302500 seconds
158.333: [GC [PSYoungGen: 23808K->256K(24064K)] 57910K->34358K(58880K), 0.0004380 secs] [Times: user=0.00 sys=0.00, real=0.00 secs] 
158.334: Total time for which application threads were stopped: 0.0005710 seconds, Stopping threads took: 0.0000670 seconds
158.461: Application time: 0.1271880 seconds
158.461: [GC [PSYoungGen: 23808K->448K(24064K)] 57910K->34622K(58880K), 0.0005450 secs] [Times: user=0.01 sys=0.00, real=0.00 secs] 
158.462: Total time for which application threads were stopped: 0.0006850 seconds, Stopping threads took: 0.0000670 seconds
158.593: Application time: 0.1311540 seconds
158.593: [GC [PSYoungGen: 24000K->224K(24064K)] 58174K->34738K(58880K), 0.0005570 secs] [Times: user=0.00 sys=0.00, real=0.00 secs] 
158.593: [Full GC [PSYoungGen: 224K->0K(24064K)] [ParOldGen: 34514K->2975K(34304K)] 34738K->2975K(58368K) [PSPermGen: 6082K->6082K(21504K)], 0.0056090 secs] [Times: user=0.03 sys=0.00, real=0.00 secs] 
158.599: Total time for which application threads were stopped: 0.0063560 seconds, Stopping threads took: 0.0000690 seconds
158.730: Application time: 0.1313410 seconds
158.731: [GC [PSYoungGen: 23552K->256K(24064K)] 26527K->3231K(58368K), 0.0003830 secs] [Times: user=0.00 sys=0.00, real=0.00 secs] 
158.731: Total time for which application threads were stopped: 0.0005310 seconds, Stopping threads took: 0.0000640 seconds
158.861: Application time: 0.1301660 seconds
158.861: [GC [PSYoungGen: 23808K->256K(24064K)] 26783K->3263K(58368K), 0.0004210 secs] [Times: user=0.00 sys=0.00, real=0.00 secs] 
158.862: Total time for which application threads were stopped: 0.0005510 seconds, Stopping threads took: 0.0000640 seconds
158.993: Application time: 0.1317530 seconds
158.994: [GC [PSYoungGen: 23808K->256K(24064K)] 26815K->3432K(58368K), 0.0004060 secs] [Times: user=0.00 sys=0.00, real=0.00 secs] 
158.994: Total time for which application threads were stopped: 0.0005360 seconds, Stopping threads took: 0.0000660 seconds
159.125: Application time: 0.1306120 seconds
159.125: [GC [PSYoungGen: 23808K->256K(24064K)] 26984K->3432K(58368K), 0.0004710 secs] [Times: user=0.00 sys=0.00, real=0.00 secs] 
159.125: Total time for which application threads were stopped: 0.0006040 seconds, Stopping threads took: 0.0000640 seconds
159.252: Application time: 0.1271350 seconds
159.252: [GC [PSYoungGen: 23808K->464K(24064K)] 26984K->3720K(58368K), 0.0004990 secs] [Times: user=0.00 sys=0.00, real=0.00 secs] 
159.253: Total time for which application threads were stopped: 0.0006500 seconds, Stopping threads took: 0.0000730 seconds
159.385: Application time: 0.1316810 seconds
159.385: [GC [PSYoungGen: 24016K->256K(24064K)] 27272K->3860K(58368K), 0.0004950 secs] [Times: user=0.00 sys=0.00, real=0.00 secs] 
159.385: Total time for which application threads were stopped: 0.0006250 seconds, Stopping threads took: 0.0000640 seconds
159.516: Application time: 0.1311210 seconds
159.517: [GC [PSYoungGen: 23808K->256K(24064K)] 27412K->3860K(58368K), 0.0004110 secs] [Times: user=0.00 sys=0.00, real=0.00 secs] 
159.517: Total time for which application threads were stopped: 0.0005420 seconds, Stopping threads took: 0.0000600 seconds
159.647: Application time: 0.1297870 seconds
159.647: [GC [PSYoungGen: 23808K->256K(24064K)] 27412K->3884K(58368K), 0.0004230 secs] [Times: user=0.01 sys=0.00, real=0.00 secs] 
159.647: Total time for which application threads were stopped: 0.0005560 seconds, Stopping threads took: 0.0000660 seconds
159.778: Application time: 0.1310850 seconds
159.779: [GC [PSYoungGen: 23808K->256K(24064K)] 27436K->4052K(58368K), 0.0004040 secs] [Times: user=0.00 sys=0.00, real=0.00 secs] 
159.779: Total time for which application threads were stopped: 0.0005350 seconds, Stopping threads took: 0.0000500 seconds
159.910: Application time: 0.1307380 seconds
159.910: [GC [PSYoungGen: 23808K->224K(24064K)] 27604K->4020K(58368K), 0.0004430 secs] [Times: user=0.00 sys=0.00, real=0.00 secs] 
159.910: Total time for which application threads were stopped: 0.0005660 seconds, Stopping threads took: 0.0000530 seconds
160.038: Application time: 0.1272820 seconds
160.038: [GC [PSYoungGen: 23776K->432K(24064K)] 27572K->4292K(58368K), 0.0004840 secs] [Times: user=0.01 sys=0.00, real=0.00 secs] 
160.038: Total time for which application threads were stopped: 0.0006070 seconds, Stopping threads took: 0.0000590 seconds
160.169: Application time: 0.1311580 seconds
160.169: [GC [PSYoungGen: 23984K->224K(24064K)] 27844K->4425K(58368K), 0.0005450 secs] [Times: user=0.01 sys=0.00, real=0.00 secs] 
160.170: Total time for which application threads were stopped: 0.0006710 seconds, Stopping threads took: 0.0000600 seconds
160.301: Application time: 0.1314560 seconds
160.302: [GC [PSYoungGen: 23776K->256K(24064K)] 27977K->4457K(58368K), 0.0003660 secs] [Times: user=0.00 sys=0.00, real=0.00 secs] 
160.302: Total time for which application threads were stopped: 0.0005080 seconds, Stopping threads took: 0.0000610 seconds
160.432: Application time: 0.1303880 seconds
160.432: [GC [PSYoungGen: 23808K->240K(24064K)] 28009K->4465K(58368K), 0.0004300 secs] [Times: user=0.00 sys=0.00, real=0.00 secs] 
160.433: Total time for which application threads were stopped: 0.0005630 seconds, Stopping threads took: 0.0000660 seconds
160.564: Application time: 0.1315630 seconds
160.565: [GC [PSYoungGen: 23792K->256K(24064K)] 28017K->4649K(58368K), 0.0004210 secs] [Times: user=0.00 sys=0.00, real=0.00 secs] 
160.565: Total time for which application threads were stopped: 0.0005410 seconds, Stopping threads took: 0.0000550 seconds
160.695: Application time: 0.1303790 seconds
160.696: [GC [PSYoungGen: 23808K->256K(24064K)] 28201K->4649K(58368K), 0.0004590 secs] [Times: user=0.01 sys=0.00, real=0.00 secs] 
160.696: Total time for which application threads were stopped: 0.0005800 seconds, Stopping threads took: 0.0000530 seconds
160.823: Application time: 0.1272660 seconds
160.823: [GC [PSYoungGen: 23808K->448K(24064K)] 28201K->4905K(58368K), 0.0005160 secs] [Times: user=0.00 sys=0.01, real=0.00 secs] 
160.824: Total time for which application threads were stopped: 0.0006650 seconds, Stopping threads took: 0.0000720 seconds
160.955: Application time: 0.1310610 seconds
160.955: [GC [PSYoungGen: 24000K->256K(24064K)] 28457K->5061K(58368K), 0.0004940 secs] [Times: user=0.00 sys=0.00, real=0.00 secs] 
160.956: Total time for which application threads were stopped: 0.0006320 seconds, Stopping threads took: 0.0000660 seconds
161.087: Application time: 0.1311050 seconds
161.087: [GC [PSYoungGen: 23808K->160K(24064K)] 28613K->4965K(58368K), 0.0004100 secs] [Times: user=0.00 sys=0.00, real=0.00 secs] 
161.087: Total time for which application threads were stopped: 0.0005370 seconds, Stopping threads took: 0.0000590 seconds
161.217: Application time: 0.1297300 seconds
161.217: [GC [PSYoungGen: 23712K->256K(24064K)] 28517K->5085K(58368K), 0.0004340 secs] [Times: user=0.00 sys=0.00, real=0.00 secs] 
161.218: Total time for which application threads were stopped: 0.0005610 seconds, Stopping threads took: 0.0000610 seconds
161.349: Application time: 0.1314760 seconds
161.352: [GC [PSYoungGen: 23808K->256K(24064K)] 28637K->5253K(58368K), 0.0004330 secs] [Times: user=0.00 sys=0.00, real=0.00 secs] 
161.352: Total time for which application threads were stopped: 0.0029520 seconds, Stopping threads took: 0.0024420 seconds
161.482: Application time: 0.1301990 seconds
161.482: [GC [PSYoungGen: 23808K->256K(24064K)] 28805K->5253K(58368K), 0.0003900 secs] [Times: user=0.00 sys=0.00, real=0.00 secs] 
161.483: Total time for which application threads were stopped: 0.0005420 seconds, Stopping threads took: 0.0000840 seconds
161.610: Application time: 0.1271860 seconds
161.610: [GC [PSYoungGen: 23808K->464K(24064K)] 28805K->5533K(58368K), 0.0004920 secs] [Times: user=0.00 sys=0.00, real=0.00 secs] 
161.611: Total time for which application threads were stopped: 0.0006190 seconds, Stopping threads took: 0.0000600 seconds
161.742: Application time: 0.1312870 seconds
161.742: [GC [PSYoungGen: 24016K->256K(24064K)] 29085K->5674K(58368K), 0.0005000 secs] [Times: user=0.00 sys=0.00, real=0.00 secs] 
161.742: Total time for which application threads were stopped: 0.0006290 seconds, Stopping threads took: 0.0000540 seconds
161.874: Application time: 0.1312110 seconds
161.874: [GC [PSYoungGen: 23808K->256K(24064K)] 29226K->5674K(58368K), 0.0003780 secs] [Times: user=0.01 sys=0.00, real=0.00 secs] 
161.874: Total time for which application threads were stopped: 0.0005300 seconds, Stopping threads took: 0.0000720 seconds
162.004: Application time: 0.1299660 seconds
162.004: [GC [PSYoungGen: 23808K->240K(24064K)] 29226K->5682K(58368K), 0.0004310 secs] [Times: user=0.00 sys=0.00, real=0.00 secs] 
162.005: Total time for which application threads were stopped: 0.0005550 seconds, Stopping threads took: 0.0000560 seconds
162.136: Application time: 0.1314560 seconds
162.136: [GC [PSYoungGen: 23792K->256K(24064K)] 29234K->5866K(58368K), 0.0004250 secs] [Times: user=0.01 sys=0.00, real=0.00 secs] 
162.137: Total time for which application threads were stopped: 0.0005780 seconds, Stopping threads took: 0.0000830 seconds
162.267: Application time: 0.1305130 seconds
162.267: [GC [PSYoungGen: 23808K->256K(24064K)] 29418K->5866K(58368K), 0.0003780 secs] [Times: user=0.00 sys=0.00, real=0.01 secs] 
162.268: Total time for which application threads were stopped: 0.0005140 seconds, Stopping threads took: 0.0000670 seconds
162.394: Application time: 0.1265910 seconds
162.395: [GC [PSYoungGen: 23808K->416K(24064K)] 29418K->6098K(58368K), 0.0005090 secs] [Times: user=0.00 sys=0.00, real=0.00 secs] 
162.395: Total time for which application threads were stopped: 0.0006670 seconds, Stopping threads took: 0.0000810 seconds
162.526: Application time: 0.1311250 seconds
162.526: [GC [PSYoungGen: 23968K->256K(24064K)] 29650K->6286K(58368K), 0.0004820 secs] [Times: user=0.00 sys=0.00, real=0.00 secs] 
162.527: Total time for which application threads were stopped: 0.0006150 seconds, Stopping threads took: 0.0000670 seconds
162.658: Application time: 0.1311540 seconds
162.660: [GC [PSYoungGen: 23808K->256K(24064K)] 29838K->6286K(58368K), 0.0004040 secs] [Times: user=0.01 sys=0.00, real=0.00 secs] 
162.660: Total time for which application threads were stopped: 0.0019880 seconds, Stopping threads took: 0.0015140 seconds
162.790: Application time: 0.1296400 seconds
162.790: [GC [PSYoungGen: 23808K->240K(24064K)] 29838K->6294K(58368K), 0.0004460 secs] [Times: user=0.00 sys=0.00, real=0.00 secs] 
162.790: Total time for which application threads were stopped: 0.0005690 seconds, Stopping threads took: 0.0000560 seconds
162.921: Application time: 0.1310110 seconds
162.921: [GC [PSYoungGen: 23792K->256K(24064K)] 29846K->6478K(58368K), 0.0004230 secs] [Times: user=0.00 sys=0.00, real=0.00 secs] 
162.922: Total time for which application threads were stopped: 0.0005590 seconds, Stopping threads took: 0.0000570 seconds
163.053: Application time: 0.1310340 seconds
163.053: [GC [PSYoungGen: 23808K->256K(24064K)] 30030K->6478K(58368K), 0.0003770 secs] [Times: user=0.00 sys=0.00, real=0.00 secs] 
163.053: Total time for which application threads were stopped: 0.0004980 seconds, Stopping threads took: 0.0000580 seconds
163.181: Application time: 0.1280490 seconds
163.181: [GC [PSYoungGen: 23808K->448K(24064K)] 30030K->6734K(58368K), 0.0004880 secs] [Times: user=0.00 sys=0.00, real=0.00 secs] 
163.182: Total time for which application threads were stopped: 0.0006090 seconds, Stopping threads took: 0.0000550 seconds
163.313: Application time: 0.1307530 seconds
163.313: [GC [PSYoungGen: 24000K->256K(24064K)] 30286K->6887K(58368K), 0.0004920 secs] [Times: user=0.00 sys=0.00, real=0.00 secs] 
163.313: Total time for which application threads were stopped: 0.0006270 seconds, Stopping threads took: 0.0000680 seconds
163.445: Application time: 0.1312530 seconds
163.445: [GC [PSYoungGen: 23808K->256K(24064K)] 30439K->6887K(58368K), 0.0005110 secs] [Times: user=0.00 sys=0.00, real=0.00 secs] 
163.445: Total time for which application threads were stopped: 0.0006770 seconds, Stopping threads took: 0.0000740 seconds
163.576: Application time: 0.1309300 seconds
163.580: [GC [PSYoungGen: 23808K->256K(24064K)] 30439K->6911K(58368K), 0.0004800 secs] [Times: user=0.00 sys=0.00, real=0.00 secs] 
163.580: Total time for which application threads were stopped: 0.0038780 seconds, Stopping threads took: 0.0033270 seconds
163.712: Application time: 0.1315680 seconds
163.712: [GC [PSYoungGen: 23808K->256K(24064K)] 30463K->7079K(58368K), 0.0004490 secs] [Times: user=0.00 sys=0.00, real=0.00 secs] 
163.712: Total time for which application threads were stopped: 0.0006020 seconds, Stopping threads took: 0.0000810 seconds
163.843: Application time: 0.1305450 seconds
163.843: [GC [PSYoungGen: 23808K->256K(24064K)] 30631K->7079K(58368K), 0.0004170 secs] [Times: user=0.00 sys=0.00, real=0.00 secs] 
163.843: Total time for which application threads were stopped: 0.0005590 seconds, Stopping threads took: 0.0000740 seconds
163.970: Application time: 0.1268450 seconds
163.970: [GC [PSYoungGen: 23808K->432K(24064K)] 30631K->7327K(58368K), 0.0005430 secs] [Times: user=0.00 sys=0.00, real=0.00 secs] 
163.971: Total time for which application threads were stopped: 0.0006870 seconds, Stopping threads took: 0.0000660 seconds
164.102: Application time: 0.1315300 seconds
164.103: [GC [PSYoungGen: 23984K->256K(24064K)] 30879K->7487K(58368K), 0.0004880 secs] [Times: user=0.00 sys=0.00, real=0.00 secs] 
164.103: Total time for which application threads were stopped: 0.0006240 seconds, Stopping threads took: 0.0000680 seconds
164.234: Application time: 0.1306810 seconds
164.234: [GC [PSYoungGen: 23808K->256K(24064K)] 31039K->7487K(58368K), 0.0004160 secs] [Times: user=0.01 sys=0.00, real=0.00 secs] 
164.235: Total time for which application threads were stopped: 0.0016410 seconds, Stopping threads took: 0.0000510 seconds
164.366: Application time: 0.1306120 seconds
164.366: [GC [PSYoungGen: 23808K->256K(24064K)] 31039K->7511K(58368K), 0.0004050 secs] [Times: user=0.00 sys=0.00, real=0.00 secs] 
164.367: Total time for which application threads were stopped: 0.0005390 seconds, Stopping threads took: 0.0000640 seconds
164.498: Application time: 0.1311820 seconds
164.498: [GC [PSYoungGen: 23808K->256K(24064K)] 31063K->7671K(58368K), 0.0004540 secs] [Times: user=0.00 sys=0.00, real=0.00 secs] 
164.498: Total time for which application threads were stopped: 0.0006130 seconds, Stopping threads took: 0.0000810 seconds
164.628: Application time: 0.1301330 seconds
164.629: [GC [PSYoungGen: 23808K->256K(24064K)] 31223K->7671K(58368K), 0.0003910 secs] [Times: user=0.00 sys=0.00, real=0.00 secs] 
164.629: Total time for which application threads were stopped: 0.0005150 seconds, Stopping threads took: 0.0000530 seconds
164.756: Application time: 0.1266870 seconds
164.756: [GC [PSYoungGen: 23808K->448K(24064K)] 31223K->7919K(58368K), 0.0005040 secs] [Times: user=0.01 sys=0.00, real=0.00 secs] 
164.756: Total time for which application threads were stopped: 0.0006430 seconds, Stopping threads took: 0.0000700 seconds
164.888: Application time: 0.1318230 seconds
164.888: [GC [PSYoungGen: 24000K->256K(24064K)] 31471K->8076K(58368K), 0.0004830 secs] [Times: user=0.00 sys=0.00, real=0.00 secs] 
164.889: Total time for which application threads were stopped: 0.0006050 seconds, Stopping threads took: 0.0000540 seconds
165.020: Application time: 0.1314200 seconds
165.020: [GC [PSYoungGen: 23808K->256K(24064K)] 31628K->8076K(58368K), 0.0003990 secs] [Times: user=0.00 sys=0.00, real=0.00 secs] 
165.021: Total time for which application threads were stopped: 0.0005380 seconds, Stopping threads took: 0.0000630 seconds
165.151: Application time: 0.1306860 seconds
165.151: [GC [PSYoungGen: 23808K->256K(24064K)] 31628K->8100K(58368K), 0.0004230 secs] [Times: user=0.00 sys=0.00, real=0.00 secs] 
165.152: Total time for which application threads were stopped: 0.0005570 seconds, Stopping threads took: 0.0000660 seconds
165.283: Application time: 0.1312000 seconds
165.283: [GC [PSYoungGen: 23808K->256K(24064K)] 31652K->8268K(58368K), 0.0004290 secs] [Times: user=0.00 sys=0.01, real=0.00 secs] 
165.284: Total time for which application threads were stopped: 0.0005630 seconds, Stopping threads took: 0.0000680 seconds
165.415: Application time: 0.1309660 seconds
165.415: [GC [PSYoungGen: 23808K->256K(24064K)] 31820K->8268K(58368K), 0.0003920 secs] [Times: user=0.00 sys=0.00, real=0.00 secs] 
165.415: Total time for which application threads were stopped: 0.0005360 seconds, Stopping threads took: 0.0000770 seconds
165.543: Application time: 0.1277150 seconds
165.543: [GC [PSYoungGen: 23808K->448K(24064K)] 31820K->8532K(58368K), 0.0005060 secs] [Times: user=0.00 sys=0.00, real=0.00 secs] 
165.544: Total time for which application threads were stopped: 0.0006560 seconds, Stopping threads took: 0.0000700 seconds
165.675: Application time: 0.1311340 seconds
165.675: [GC [PSYoungGen: 24000K->256K(24064K)] 32084K->8684K(58368K), 0.0005040 secs] [Times: user=0.00 sys=0.00, real=0.00 secs] 
165.675: Total time for which application threads were stopped: 0.0006290 seconds, Stopping threads took: 0.0000530 seconds
165.806: Application time: 0.1310670 seconds
165.807: [GC [PSYoungGen: 23808K->256K(24064K)] 32236K->8684K(58368K), 0.0003750 secs] [Times: user=0.00 sys=0.00, real=0.00 secs] 
165.807: Total time for which application threads were stopped: 0.0005100 seconds, Stopping threads took: 0.0000690 seconds
165.937: Application time: 0.1299130 seconds
165.937: [GC [PSYoungGen: 23808K->256K(24064K)] 32236K->8708K(58368K), 0.0004170 secs] [Times: user=0.00 sys=0.00, real=0.00 secs] 
165.937: Total time for which application threads were stopped: 0.0005530 seconds, Stopping threads took: 0.0000690 seconds
166.069: Application time: 0.1316410 seconds
166.069: [GC [PSYoungGen: 23808K->256K(24064K)] 32260K->8876K(58368K), 0.0004260 secs] [Times: user=0.00 sys=0.00, real=0.00 secs] 
166.070: Total time for which application threads were stopped: 0.0005720 seconds, Stopping threads took: 0.0000690 seconds
166.199: Application time: 0.1298740 seconds
166.200: [GC [PSYoungGen: 23808K->256K(24064K)] 32428K->8876K(58368K), 0.0004240 secs] [Times: user=0.00 sys=0.00, real=0.00 secs] 
166.200: Total time for which application threads were stopped: 0.0005470 seconds, Stopping threads took: 0.0000560 seconds
166.328: Application time: 0.1275040 seconds
166.328: [GC [PSYoungGen: 23808K->432K(24064K)] 32428K->9116K(58368K), 0.0004930 secs] [Times: user=0.00 sys=0.00, real=0.00 secs] 
166.328: Total time for which application threads were stopped: 0.0006340 seconds, Stopping threads took: 0.0000690 seconds
166.459: Application time: 0.1309480 seconds
166.459: [GC [PSYoungGen: 23984K->256K(24064K)] 32668K->9289K(58368K), 0.0005130 secs] [Times: user=0.00 sys=0.00, real=0.01 secs] 
166.460: Total time for which application threads were stopped: 0.0006320 seconds, Stopping threads took: 0.0000520 seconds
166.591: Application time: 0.1310850 seconds
166.591: [GC [PSYoungGen: 23808K->224K(24064K)] 32841K->9257K(58368K), 0.0004470 secs] [Times: user=0.00 sys=0.00, real=0.00 secs] 
166.591: Total time for which application threads were stopped: 0.0005780 seconds, Stopping threads took: 0.0000530 seconds
166.722: Application time: 0.1306600 seconds
166.722: [GC [PSYoungGen: 23776K->240K(24064K)] 32809K->9297K(58368K), 0.0004280 secs] [Times: user=0.00 sys=0.00, real=0.00 secs] 
166.723: Total time for which application threads were stopped: 0.0005640 seconds, Stopping threads took: 0.0000670 seconds
166.853: Application time: 0.1303980 seconds
166.853: [GC [PSYoungGen: 23792K->192K(24064K)] 32849K->9401K(58368K), 0.0004450 secs] [Times: user=0.01 sys=0.00, real=0.00 secs] 
166.854: Total time for which application threads were stopped: 0.0005760 seconds, Stopping threads took: 0.0000590 seconds
166.984: Application time: 0.1303330 seconds
166.984: [GC [PSYoungGen: 23743K->256K(24064K)] 32953K->9465K(58368K), 0.0003810 secs] [Times: user=0.00 sys=0.00, real=0.00 secs] 
166.984: Total time for which application threads were stopped: 0.0005120 seconds, Stopping threads took: 0.0000640 seconds
167.111: Application time: 0.1268300 seconds
167.111: [GC [PSYoungGen: 23808K->464K(24064K)] 33017K->9737K(58368K), 0.0004920 secs] [Times: user=0.00 sys=0.00, real=0.00 secs] 
167.112: Total time for which application threads were stopped: 0.0006460 seconds, Stopping threads took: 0.0000640 seconds
167.243: Application time: 0.1311600 seconds
167.243: [GC [PSYoungGen: 24016K->256K(24064K)] 33289K->9881K(58368K), 0.0005260 secs] [Times: user=0.00 sys=0.00, real=0.00 secs] 
167.244: Total time for which application threads were stopped: 0.0006420 seconds, Stopping threads took: 0.0000490 seconds
167.375: Application time: 0.1309380 seconds
167.375: [GC [PSYoungGen: 23808K->256K(24064K)] 33433K->9881K(58368K), 0.0003930 secs] [Times: user=0.00 sys=0.00, real=0.00 secs] 
167.375: Total time for which application threads were stopped: 0.0005150 seconds, Stopping threads took: 0.0000550 seconds
167.505: Application time: 0.1301190 seconds
167.505: [GC [PSYoungGen: 23808K->256K(24064K)] 33433K->9905K(58368K), 0.0004120 secs] [Times: user=0.00 sys=0.00, real=0.00 secs] 
167.506: Total time for which application threads were stopped: 0.0005530 seconds, Stopping threads took: 0.0000720 seconds
167.637: Application time: 0.1312350 seconds
167.637: [GC [PSYoungGen: 23808K->256K(24064K)] 33457K->10073K(58368K), 0.0004180 secs] [Times: user=0.00 sys=0.00, real=0.00 secs] 
167.638: Total time for which application threads were stopped: 0.0005570 seconds, Stopping threads took: 0.0000630 seconds
167.768: Application time: 0.1305800 seconds
167.768: [GC [PSYoungGen: 23808K->272K(24064K)] 33625K->10089K(58368K), 0.0003950 secs] [Times: user=0.00 sys=0.00, real=0.00 secs] 
167.769: Total time for which application threads were stopped: 0.0005130 seconds, Stopping threads took: 0.0000520 seconds
167.896: Application time: 0.1272970 seconds
167.896: [GC [PSYoungGen: 23824K->496K(24064K)] 33641K->10385K(58368K), 0.0005070 secs] [Times: user=0.01 sys=0.00, real=0.00 secs] 
167.897: Total time for which application threads were stopped: 0.0006290 seconds, Stopping threads took: 0.0000510 seconds
168.028: Application time: 0.1310970 seconds
168.028: [GC [PSYoungGen: 24048K->256K(24064K)] 33937K->10498K(58368K), 0.0004670 secs] [Times: user=0.00 sys=0.00, real=0.00 secs] 
168.028: Total time for which application threads were stopped: 0.0005920 seconds, Stopping threads took: 0.0000570 seconds
168.160: Application time: 0.1312390 seconds
168.160: [GC [PSYoungGen: 23808K->256K(24064K)] 34050K->10498K(58368K), 0.0004040 secs] [Times: user=0.00 sys=0.00, real=0.00 secs] 
168.160: Total time for which application threads were stopped: 0.0005300 seconds, Stopping threads took: 0.0000470 seconds
168.290: Application time: 0.1298440 seconds
168.290: [GC [PSYoungGen: 23808K->256K(24064K)] 34050K->10522K(58368K), 0.0004060 secs] [Times: user=0.00 sys=0.00, real=0.00 secs] 
168.291: Total time for which application threads were stopped: 0.0005320 seconds, Stopping threads took: 0.0000590 seconds
168.422: Application time: 0.1312870 seconds
168.422: [GC [PSYoungGen: 23808K->256K(24064K)] 34074K->10682K(58368K), 0.0004320 secs] [Times: user=0.00 sys=0.00, real=0.00 secs] 
168.422: Total time for which application threads were stopped: 0.0005710 seconds, Stopping threads took: 0.0000720 seconds
168.553: Application time: 0.1302340 seconds
168.553: [GC [PSYoungGen: 23808K->272K(24064K)] 34234K->10698K(58368K), 0.0004060 secs] [Times: user=0.01 sys=0.00, real=0.00 secs] 
168.553: Total time for which application threads were stopped: 0.0005320 seconds, Stopping threads took: 0.0000590 seconds
168.681: Application time: 0.1273420 seconds
168.681: [GC [PSYoungGen: 23824K->464K(24064K)] 34250K->10954K(58368K), 0.0004930 secs] [Times: user=0.01 sys=0.00, real=0.00 secs] 
168.681: Total time for which application threads were stopped: 0.0006320 seconds, Stopping threads took: 0.0000630 seconds
168.812: Application time: 0.1312470 seconds
168.813: [GC [PSYoungGen: 24016K->256K(24064K)] 34506K->11098K(58368K), 0.0005140 secs] [Times: user=0.00 sys=0.00, real=0.00 secs] 
168.813: Total time for which application threads were stopped: 0.0006540 seconds, Stopping threads took: 0.0000730 seconds
168.944: Application time: 0.1313210 seconds
168.945: [GC [PSYoungGen: 23808K->256K(24064K)] 34650K->11098K(58368K), 0.0003870 secs] [Times: user=0.00 sys=0.00, real=0.00 secs] 
168.945: Total time for which application threads were stopped: 0.0005180 seconds, Stopping threads took: 0.0000640 seconds
169.076: Application time: 0.1307830 seconds
169.076: [GC [PSYoungGen: 23808K->256K(24064K)] 34650K->11122K(58368K), 0.0004220 secs] [Times: user=0.00 sys=0.00, real=0.00 secs] 
169.076: Total time for which application threads were stopped: 0.0005550 seconds, Stopping threads took: 0.0000660 seconds
169.207: Application time: 0.1304180 seconds
169.207: [GC [PSYoungGen: 23808K->256K(24064K)] 34674K->11290K(58368K), 0.0004490 secs] [Times: user=0.00 sys=0.00, real=0.00 secs] 
169.207: Total time for which application threads were stopped: 0.0006010 seconds, Stopping threads took: 0.0000710 seconds
169.338: Application time: 0.1304630 seconds
169.338: [GC [PSYoungGen: 23808K->288K(24064K)] 34842K->11322K(58368K), 0.0004450 secs] [Times: user=0.00 sys=0.00, real=0.01 secs] 
169.339: Total time for which application threads were stopped: 0.0017450 seconds, Stopping threads took: 0.0000450 seconds
169.467: Application time: 0.1270610 seconds
169.467: [GC [PSYoungGen: 23840K->464K(24064K)] 34874K->11578K(58368K), 0.0005190 secs] [Times: user=0.00 sys=0.00, real=0.00 secs] 
169.467: Total time for which application threads were stopped: 0.0006480 seconds, Stopping threads took: 0.0000570 seconds
169.598: Application time: 0.1308250 seconds
169.598: [GC [PSYoungGen: 24016K->256K(24064K)] 35130K->11723K(58368K), 0.0004910 secs] [Times: user=0.00 sys=0.00, real=0.00 secs] 
169.599: Total time for which application threads were stopped: 0.0006170 seconds, Stopping threads took: 0.0000570 seconds
169.730: Application time: 0.1311090 seconds
169.730: [GC [PSYoungGen: 23808K->256K(24064K)] 35275K->11723K(58368K), 0.0003940 secs] [Times: user=0.00 sys=0.00, real=0.00 secs] 
169.730: Total time for which application threads were stopped: 0.0005460 seconds, Stopping threads took: 0.0000680 seconds
169.861: Application time: 0.1304580 seconds
169.861: [GC [PSYoungGen: 23808K->256K(24064K)] 35275K->11747K(58368K), 0.0004230 secs] [Times: user=0.00 sys=0.00, real=0.00 secs] 
169.861: Total time for which application threads were stopped: 0.0005420 seconds, Stopping threads took: 0.0000510 seconds
169.993: Application time: 0.1312610 seconds
169.993: [GC [PSYoungGen: 23808K->256K(24064K)] 35299K->11915K(58368K), 0.0004480 secs] [Times: user=0.00 sys=0.00, real=0.00 secs] 
169.993: Total time for which application threads were stopped: 0.0005910 seconds, Stopping threads took: 0.0000740 seconds
170.124: Application time: 0.1310030 seconds
170.124: [GC [PSYoungGen: 23808K->256K(24064K)] 35467K->11915K(58368K), 0.0003950 secs] [Times: user=0.00 sys=0.00, real=0.00 secs] 
170.125: Total time for which application threads were stopped: 0.0005170 seconds, Stopping threads took: 0.0000550 seconds
170.252: Application time: 0.1269290 seconds
170.252: [GC [PSYoungGen: 23808K->432K(24064K)] 35467K->12155K(58368K), 0.0005040 secs] [Times: user=0.01 sys=0.00, real=0.00 secs] 
170.252: Total time for which application threads were stopped: 0.0006590 seconds, Stopping threads took: 0.0000770 seconds
170.384: Application time: 0.1315000 seconds
170.384: [GC [PSYoungGen: 23984K->256K(24064K)] 35707K->12327K(58368K), 0.0005020 secs] [Times: user=0.00 sys=0.00, real=0.00 secs] 
170.384: Total time for which application threads were stopped: 0.0006570 seconds, Stopping threads took: 0.0000880 seconds
170.516: Application time: 0.1317100 seconds
170.516: [GC [PSYoungGen: 23808K->256K(24064K)] 35879K->12327K(58368K), 0.0003960 secs] [Times: user=0.00 sys=0.00, real=0.00 secs] 
170.517: Total time for which application threads were stopped: 0.0005280 seconds, Stopping threads took: 0.0000630 seconds
170.647: Application time: 0.1304780 seconds
170.647: [GC [PSYoungGen: 23808K->256K(24064K)] 35879K->12351K(58368K), 0.0004200 secs] [Times: user=0.00 sys=0.00, real=0.01 secs] 
170.648: Total time for which application threads were stopped: 0.0005510 seconds, Stopping threads took: 0.0000570 seconds
170.786: Application time: 0.1387510 seconds
170.787: [GC [PSYoungGen: 23808K->256K(24064K)] 35903K->12519K(58368K), 0.0004520 secs] [Times: user=0.00 sys=0.00, real=0.00 secs] 
170.787: Total time for which application threads were stopped: 0.0006210 seconds, Stopping threads took: 0.0000870 seconds
170.930: Application time: 0.1432780 seconds
170.930: [GC [PSYoungGen: 23808K->256K(24064K)] 36071K->12519K(58368K), 0.0004080 secs] [Times: user=0.00 sys=0.00, real=0.00 secs] 
170.931: Total time for which application threads were stopped: 0.0005210 seconds, Stopping threads took: 0.0000470 seconds
171.071: Application time: 0.1399960 seconds
171.071: [GC [PSYoungGen: 23808K->448K(24064K)] 36071K->12784K(58368K), 0.0005090 secs] [Times: user=0.00 sys=0.00, real=0.00 secs] 
171.072: Total time for which application threads were stopped: 0.0006410 seconds, Stopping threads took: 0.0000630 seconds
171.216: Application time: 0.1440490 seconds
171.216: [GC [PSYoungGen: 24000K->256K(24064K)] 36336K->12944K(58368K), 0.0005160 secs] [Times: user=0.00 sys=0.00, real=0.00 secs] 
171.216: Total time for which application threads were stopped: 0.0006410 seconds, Stopping threads took: 0.0000570 seconds
171.360: Application time: 0.1441250 seconds
171.360: [GC [PSYoungGen: 23808K->256K(24064K)] 36496K->12944K(58368K), 0.0004070 secs] [Times: user=0.00 sys=0.00, real=0.00 secs] 
171.361: Total time for which application threads were stopped: 0.0005420 seconds, Stopping threads took: 0.0000570 seconds
171.504: Application time: 0.1427130 seconds
171.504: [GC [PSYoungGen: 23808K->256K(24064K)] 36496K->12968K(58368K), 0.0004770 secs] [Times: user=0.01 sys=0.00, real=0.00 secs] 
171.504: Total time for which application threads were stopped: 0.0006190 seconds, Stopping threads took: 0.0000730 seconds
171.648: Application time: 0.1440310 seconds
171.648: [GC [PSYoungGen: 23808K->256K(24064K)] 36520K->13136K(58368K), 0.0004580 secs] [Times: user=0.00 sys=0.00, real=0.00 secs] 
171.649: Total time for which application threads were stopped: 0.0006000 seconds, Stopping threads took: 0.0000750 seconds
171.793: Application time: 0.1437490 seconds
171.793: [GC [PSYoungGen: 23808K->256K(24064K)] 36688K->13136K(58368K), 0.0004020 secs] [Times: user=0.00 sys=0.00, real=0.00 secs] 
171.793: Total time for which application threads were stopped: 0.0005410 seconds, Stopping threads took: 0.0000700 seconds
171.933: Application time: 0.1394940 seconds
171.933: [GC [PSYoungGen: 23808K->448K(24064K)] 36688K->13392K(58368K), 0.0005140 secs] [Times: user=0.00 sys=0.00, real=0.00 secs] 
171.933: Total time for which application threads were stopped: 0.0006530 seconds, Stopping threads took: 0.0000610 seconds
172.077: Application time: 0.1441190 seconds
172.078: [GC [PSYoungGen: 24000K->256K(24064K)] 36944K->13552K(58368K), 0.0005040 secs] [Times: user=0.00 sys=0.00, real=0.00 secs] 
172.078: Total time for which application threads were stopped: 0.0006360 seconds, Stopping threads took: 0.0000630 seconds
172.223: Application time: 0.1446740 seconds
172.223: [GC [PSYoungGen: 23808K->224K(24064K)] 37104K->13520K(58368K), 0.0004440 secs] [Times: user=0.00 sys=0.00, real=0.00 secs] 
172.223: Total time for which application threads were stopped: 0.0005790 seconds, Stopping threads took: 0.0000650 seconds
172.366: Application time: 0.1426060 seconds
172.366: [GC [PSYoungGen: 23776K->240K(24064K)] 37072K->13560K(58368K), 0.0004690 secs] [Times: user=0.00 sys=0.00, real=0.00 secs] 
172.367: Total time for which application threads were stopped: 0.0006120 seconds, Stopping threads took: 0.0000730 seconds
172.511: Application time: 0.1441650 seconds
172.511: [GC [PSYoungGen: 23792K->256K(24064K)] 37112K->13744K(58368K), 0.0004580 secs] [Times: user=0.00 sys=0.00, real=0.00 secs] 
172.511: Total time for which application threads were stopped: 0.0006240 seconds, Stopping threads took: 0.0000840 seconds
172.654: Application time: 0.1428800 seconds
172.654: [GC [PSYoungGen: 23808K->272K(24064K)] 37296K->13760K(58368K), 0.0004230 secs] [Times: user=0.00 sys=0.00, real=0.00 secs] 
172.655: Total time for which application threads were stopped: 0.0005550 seconds, Stopping threads took: 0.0000630 seconds
172.794: Application time: 0.1396890 seconds
172.795: [GC [PSYoungGen: 23824K->432K(24064K)] 37312K->13985K(58368K), 0.0005330 secs] [Times: user=0.00 sys=0.00, real=0.00 secs] 
172.795: Total time for which application threads were stopped: 0.0006700 seconds, Stopping threads took: 0.0000620 seconds
172.940: Application time: 0.1444770 seconds
172.940: [GC [PSYoungGen: 23984K->256K(24064K)] 37537K->14157K(58368K), 0.0005270 secs] [Times: user=0.00 sys=0.00, real=0.00 secs] 
172.940: Total time for which application threads were stopped: 0.0006520 seconds, Stopping threads took: 0.0000530 seconds
173.085: Application time: 0.1443760 seconds
173.085: [GC [PSYoungGen: 23808K->256K(24064K)] 37709K->14157K(58368K), 0.0004200 secs] [Times: user=0.00 sys=0.00, real=0.00 secs] 
173.085: Total time for which application threads were stopped: 0.0005710 seconds, Stopping threads took: 0.0000690 seconds
173.229: Application time: 0.1436540 seconds
173.229: [GC [PSYoungGen: 23808K->256K(24064K)] 37709K->14181K(58368K), 0.0004530 secs] [Times: user=0.00 sys=0.00, real=0.00 secs] 
173.229: Total time for which application threads were stopped: 0.0005800 seconds, Stopping threads took: 0.0000570 seconds
173.374: Application time: 0.1443350 seconds
173.374: [GC [PSYoungGen: 23808K->256K(24064K)] 37733K->14349K(58368K), 0.0004490 secs] [Times: user=0.00 sys=0.00, real=0.00 secs] 
173.374: Total time for which application threads were stopped: 0.0005730 seconds, Stopping threads took: 0.0000560 seconds
173.517: Application time: 0.1429210 seconds
173.517: [GC [PSYoungGen: 23808K->272K(24064K)] 37901K->14365K(58368K), 0.0004440 secs] [Times: user=0.00 sys=0.00, real=0.00 secs] 
173.518: Total time for which application threads were stopped: 0.0005890 seconds, Stopping threads took: 0.0000710 seconds
173.658: Application time: 0.1399030 seconds
173.658: [GC [PSYoungGen: 23824K->464K(24064K)] 37917K->14621K(58368K), 0.0005920 secs] [Times: user=0.00 sys=0.00, real=0.00 secs] 
173.659: Total time for which application threads were stopped: 0.0007450 seconds, Stopping threads took: 0.0000700 seconds
173.803: Application time: 0.1445110 seconds
173.803: [GC [PSYoungGen: 24016K->256K(24064K)] 38173K->14769K(58368K), 0.0005650 secs] [Times: user=0.01 sys=0.00, real=0.00 secs] 
173.804: Total time for which application threads were stopped: 0.0007030 seconds, Stopping threads took: 0.0000650 seconds
173.948: Application time: 0.1442610 seconds
173.948: [GC [PSYoungGen: 23808K->256K(24064K)] 38321K->14769K(58368K), 0.0004360 secs] [Times: user=0.00 sys=0.00, real=0.00 secs] 
173.949: Total time for which application threads were stopped: 0.0005600 seconds, Stopping threads took: 0.0000540 seconds
174.093: Application time: 0.1441060 seconds
174.093: [GC [PSYoungGen: 23808K->240K(24064K)] 38321K->14777K(58368K), 0.0004750 secs] [Times: user=0.00 sys=0.00, real=0.00 secs] 
174.093: Total time for which application threads were stopped: 0.0006050 seconds, Stopping threads took: 0.0000590 seconds
174.238: Application time: 0.1444760 seconds
174.238: [GC [PSYoungGen: 23792K->256K(24064K)] 38329K->14962K(58368K), 0.0004450 secs] [Times: user=0.00 sys=0.00, real=0.00 secs] 
174.238: Total time for which application threads were stopped: 0.0005970 seconds, Stopping threads took: 0.0000710 seconds
174.381: Application time: 0.1429100 seconds
174.381: [GC [PSYoungGen: 23808K->256K(24064K)] 38514K->14962K(58368K), 0.0004310 secs] [Times: user=0.00 sys=0.00, real=0.00 secs] 
174.383: Total time for which application threads were stopped: 0.0016820 seconds, Stopping threads took: 0.0000530 seconds
174.523: Application time: 0.1397930 seconds
174.523: [GC [PSYoungGen: 23808K->480K(24064K)] 38514K->15250K(58368K), 0.0005880 secs] [Times: user=0.00 sys=0.00, real=0.00 secs] 
174.524: Total time for which application threads were stopped: 0.0007610 seconds, Stopping threads took: 0.0000940 seconds
174.667: Application time: 0.1437020 seconds
174.667: [GC [PSYoungGen: 24032K->256K(24064K)] 38802K->15374K(58368K), 0.0005240 secs] [Times: user=0.00 sys=0.00, real=0.01 secs] 
174.668: Total time for which application threads were stopped: 0.0006530 seconds, Stopping threads took: 0.0000610 seconds
174.801: Application time: 0.1334750 seconds
174.801: [GC [PSYoungGen: 23808K->256K(24064K)] 38926K->15374K(58368K), 0.0003740 secs] [Times: user=0.00 sys=0.00, real=0.00 secs] 
174.802: Total time for which application threads were stopped: 0.0005180 seconds, Stopping threads took: 0.0000680 seconds
174.933: Application time: 0.1307140 seconds
174.933: [GC [PSYoungGen: 23808K->240K(24064K)] 38926K->15382K(58368K), 0.0005270 secs] [Times: user=0.00 sys=0.00, real=0.00 secs] 
174.933: Total time for which application threads were stopped: 0.0006930 seconds, Stopping threads took: 0.0000950 seconds
175.065: Application time: 0.1314900 seconds
175.065: [GC [PSYoungGen: 23792K->256K(24064K)] 38934K->15566K(58368K), 0.0004220 secs] [Times: user=0.00 sys=0.00, real=0.00 secs] 
175.065: Total time for which application threads were stopped: 0.0005420 seconds, Stopping threads took: 0.0000540 seconds
175.195: Application time: 0.1298940 seconds
175.195: [GC [PSYoungGen: 23808K->256K(24064K)] 39118K->15566K(58368K), 0.0004030 secs] [Times: user=0.00 sys=0.00, real=0.00 secs] 
175.196: Total time for which application threads were stopped: 0.0005380 seconds, Stopping threads took: 0.0000660 seconds
175.323: Application time: 0.1275530 seconds
175.323: [GC [PSYoungGen: 23808K->448K(24064K)] 39118K->15822K(58368K), 0.0005260 secs] [Times: user=0.00 sys=0.01, real=0.00 secs] 
175.324: Total time for which application threads were stopped: 0.0006620 seconds, Stopping threads took: 0.0000550 seconds
175.455: Application time: 0.1308800 seconds
175.455: [GC [PSYoungGen: 24000K->224K(24064K)] 39374K->15938K(58368K), 0.0005230 secs] [Times: user=0.00 sys=0.00, real=0.00 secs] 
175.456: Total time for which application threads were stopped: 0.0006680 seconds, Stopping threads took: 0.0000740 seconds
175.587: Application time: 0.1309770 seconds
175.587: [GC [PSYoungGen: 23776K->256K(24064K)] 39490K->15970K(58368K), 0.0004260 secs] [Times: user=0.00 sys=0.00, real=0.00 secs] 
175.587: Total time for which application threads were stopped: 0.0005560 seconds, Stopping threads took: 0.0000630 seconds
175.717: Application time: 0.1302710 seconds
175.717: [GC [PSYoungGen: 23808K->256K(24064K)] 39522K->15994K(58368K), 0.0004220 secs] [Times: user=0.00 sys=0.00, real=0.00 secs] 
175.718: Total time for which application threads were stopped: 0.0005430 seconds, Stopping threads took: 0.0000560 seconds
175.849: Application time: 0.1312980 seconds
175.849: [GC [PSYoungGen: 23808K->256K(24064K)] 39546K->16163K(58368K), 0.0004550 secs] [Times: user=0.00 sys=0.00, real=0.00 secs] 
175.850: Total time for which application threads were stopped: 0.0005850 seconds, Stopping threads took: 0.0000510 seconds
175.980: Application time: 0.1306820 seconds
175.981: [GC [PSYoungGen: 23808K->256K(24064K)] 39715K->16163K(58368K), 0.0004050 secs] [Times: user=0.00 sys=0.00, real=0.00 secs] 
175.981: Total time for which application threads were stopped: 0.0005410 seconds, Stopping threads took: 0.0000650 seconds
176.108: Application time: 0.1267710 seconds
176.108: [GC [PSYoungGen: 23808K->464K(24064K)] 39715K->16427K(58368K), 0.0005150 secs] [Times: user=0.00 sys=0.00, real=0.00 secs] 
176.108: Total time for which application threads were stopped: 0.0006440 seconds, Stopping threads took: 0.0000620 seconds
176.240: Application time: 0.1311830 seconds
176.240: [GC [PSYoungGen: 24016K->256K(24064K)] 39979K->16567K(58368K), 0.0005060 secs] [Times: user=0.00 sys=0.00, real=0.00 secs] 
176.240: Total time for which application threads were stopped: 0.0006740 seconds, Stopping threads took: 0.0001020 seconds
176.372: Application time: 0.1316400 seconds
176.372: [GC [PSYoungGen: 23808K->256K(24064K)] 40119K->16567K(58368K), 0.0004130 secs] [Times: user=0.00 sys=0.00, real=0.00 secs] 
176.372: Total time for which application threads were stopped: 0.0005510 seconds, Stopping threads took: 0.0000530 seconds
176.502: Application time: 0.1298780 seconds
176.502: [GC [PSYoungGen: 23808K->256K(24064K)] 40119K->16591K(58368K), 0.0004400 secs] [Times: user=0.00 sys=0.00, real=0.00 secs] 
176.503: Total time for which application threads were stopped: 0.0005690 seconds, Stopping threads took: 0.0000630 seconds
176.634: Application time: 0.1309480 seconds
176.634: [GC [PSYoungGen: 23808K->192K(24064K)] 40143K->16679K(58368K), 0.0004470 secs] [Times: user=0.00 sys=0.00, real=0.00 secs] 
176.634: Total time for which application threads were stopped: 0.0005740 seconds, Stopping threads took: 0.0000600 seconds
176.765: Application time: 0.1305510 seconds
176.765: [GC [PSYoungGen: 23744K->272K(24064K)] 40231K->16759K(58368K), 0.0004040 secs] [Times: user=0.00 sys=0.00, real=0.00 secs] 
176.766: Total time for which application threads were stopped: 0.0005340 seconds, Stopping threads took: 0.0000600 seconds
176.893: Application time: 0.1272110 seconds
176.893: [GC [PSYoungGen: 23824K->464K(24064K)] 40311K->17023K(58368K), 0.0005430 secs] [Times: user=0.00 sys=0.00, real=0.00 secs] 
176.893: Total time for which application threads were stopped: 0.0006840 seconds, Stopping threads took: 0.0000630 seconds
177.025: Application time: 0.1311060 seconds
177.025: [GC [PSYoungGen: 24016K->256K(24064K)] 40575K->17159K(58368K), 0.0004760 secs] [Times: user=0.00 sys=0.00, real=0.00 secs] 
177.025: Total time for which application threads were stopped: 0.0006020 seconds, Stopping threads took: 0.0000590 seconds
177.156: Application time: 0.1311130 seconds
177.156: [GC [PSYoungGen: 23808K->256K(24064K)] 40711K->17159K(58368K), 0.0004200 secs] [Times: user=0.00 sys=0.00, real=0.00 secs] 
177.157: Total time for which application threads were stopped: 0.0005440 seconds, Stopping threads took: 0.0000560 seconds
177.287: Application time: 0.1305610 seconds
177.287: [GC [PSYoungGen: 23808K->256K(24064K)] 40711K->17183K(58368K), 0.0004340 secs] [Times: user=0.00 sys=0.00, real=0.00 secs] 
177.288: Total time for which application threads were stopped: 0.0005700 seconds, Stopping threads took: 0.0000640 seconds
177.419: Application time: 0.1311410 seconds
177.419: [GC [PSYoungGen: 23808K->224K(24064K)] 40735K->17312K(58368K), 0.0004580 secs] [Times: user=0.00 sys=0.00, real=0.01 secs] 
177.420: Total time for which application threads were stopped: 0.0006040 seconds, Stopping threads took: 0.0000660 seconds
177.550: Application time: 0.1304800 seconds
177.550: [GC [PSYoungGen: 23776K->256K(24064K)] 40864K->17344K(58368K), 0.0004010 secs] [Times: user=0.00 sys=0.00, real=0.00 secs] 
177.551: Total time for which application threads were stopped: 0.0005220 seconds, Stopping threads took: 0.0000510 seconds
177.677: Application time: 0.1265340 seconds
177.677: [GC [PSYoungGen: 23808K->464K(24064K)] 40896K->17616K(58368K), 0.0005050 secs] [Times: user=0.00 sys=0.00, real=0.00 secs] 
177.678: Total time for which application threads were stopped: 0.0006310 seconds, Stopping threads took: 0.0000580 seconds
177.809: Application time: 0.1313390 seconds
177.809: [GC [PSYoungGen: 24016K->256K(24064K)] 41168K->17756K(58368K), 0.0005280 secs] [Times: user=0.00 sys=0.00, real=0.00 secs] 
177.810: Total time for which application threads were stopped: 0.0006610 seconds, Stopping threads took: 0.0000650 seconds
177.941: Application time: 0.1309630 seconds
177.941: [GC [PSYoungGen: 23808K->224K(24064K)] 41308K->17724K(58368K), 0.0004170 secs] [Times: user=0.00 sys=0.00, real=0.00 secs] 
177.941: Total time for which application threads were stopped: 0.0005680 seconds, Stopping threads took: 0.0000700 seconds
178.072: Application time: 0.1301570 seconds
178.072: [GC [PSYoungGen: 23776K->256K(24064K)] 41276K->17756K(58368K), 0.0004360 secs] [Times: user=0.00 sys=0.00, real=0.00 secs] 
178.072: Total time for which application threads were stopped: 0.0005550 seconds, Stopping threads took: 0.0000510 seconds
178.204: Application time: 0.1317730 seconds
178.204: [GC [PSYoungGen: 23808K->256K(24064K)] 41308K->17948K(58368K), 0.0004780 secs] [Times: user=0.00 sys=0.00, real=0.00 secs] 
178.204: Total time for which application threads were stopped: 0.0005940 seconds, Stopping threads took: 0.0000480 seconds
178.335: Application time: 0.1308500 seconds
178.335: [GC [PSYoungGen: 23808K->256K(24064K)] 41500K->17948K(58368K), 0.0003900 secs] [Times: user=0.01 sys=0.00, real=0.00 secs] 
178.336: Total time for which application threads were stopped: 0.0005250 seconds, Stopping threads took: 0.0000650 seconds
178.462: Application time: 0.1258640 seconds
178.462: [GC [PSYoungGen: 23808K->496K(24064K)] 41500K->18188K(58368K), 0.0005450 secs] [Times: user=0.00 sys=0.00, real=0.00 secs] 
178.462: Total time for which application threads were stopped: 0.0006790 seconds, Stopping threads took: 0.0000540 seconds
178.594: Application time: 0.1313290 seconds
178.594: [GC [PSYoungGen: 24048K->256K(24064K)] 41740K->18336K(58368K), 0.0005660 secs] [Times: user=0.00 sys=0.00, real=0.00 secs] 
178.594: Total time for which application threads were stopped: 0.0006880 seconds, Stopping threads took: 0.0000520 seconds
178.726: Application time: 0.1312330 seconds
178.726: [GC [PSYoungGen: 23808K->256K(24064K)] 41888K->18336K(58368K), 0.0003870 secs] [Times: user=0.00 sys=0.00, real=0.00 secs] 
178.726: Total time for which application threads were stopped: 0.0005220 seconds, Stopping threads took: 0.0000670 seconds
178.856: Application time: 0.1296260 seconds
178.856: [GC [PSYoungGen: 23808K->256K(24064K)] 41888K->18336K(58368K), 0.0004430 secs] [Times: user=0.00 sys=0.00, real=0.00 secs] 
178.856: Total time for which application threads were stopped: 0.0005610 seconds, Stopping threads took: 0.0000520 seconds
178.987: Application time: 0.1310520 seconds
178.992: [GC [PSYoungGen: 23808K->256K(24064K)] 41888K->18529K(58368K), 0.0004840 secs] [Times: user=0.00 sys=0.00, real=0.00 secs] 
178.992: Total time for which application threads were stopped: 0.0046240 seconds, Stopping threads took: 0.0040580 seconds
179.123: Application time: 0.1311420 seconds
179.123: [GC [PSYoungGen: 23800K->256K(24064K)] 42074K->18529K(58368K), 0.0004280 secs] [Times: user=0.00 sys=0.00, real=0.00 secs] 
179.124: Total time for which application threads were stopped: 0.0005620 seconds, Stopping threads took: 0.0000620 seconds
179.251: Application time: 0.1270730 seconds
179.251: [GC [PSYoungGen: 23808K->480K(24064K)] 42081K->18785K(58368K), 0.0005060 secs] [Times: user=0.00 sys=0.00, real=0.00 secs] 
179.251: Total time for which application threads were stopped: 0.0006420 seconds, Stopping threads took: 0.0000670 seconds
179.383: Application time: 0.1311480 seconds
179.383: [GC [PSYoungGen: 24032K->256K(24064K)] 42337K->18941K(58368K), 0.0005390 secs] [Times: user=0.00 sys=0.00, real=0.00 secs] 
179.383: Total time for which application threads were stopped: 0.0006720 seconds, Stopping threads took: 0.0000670 seconds
179.514: Application time: 0.1308830 seconds
179.514: [GC [PSYoungGen: 23808K->256K(24064K)] 42493K->18941K(58368K), 0.0004190 secs] [Times: user=0.00 sys=0.00, real=0.00 secs] 
179.515: Total time for which application threads were stopped: 0.0005510 seconds, Stopping threads took: 0.0000530 seconds
179.646: Application time: 0.1309280 seconds
179.646: [GC [PSYoungGen: 23808K->256K(24064K)] 42493K->18965K(58368K), 0.0004250 secs] [Times: user=0.00 sys=0.00, real=0.00 secs] 
179.646: Total time for which application threads were stopped: 0.0005570 seconds, Stopping threads took: 0.0000630 seconds
179.777: Application time: 0.1312580 seconds
179.778: [GC [PSYoungGen: 23808K->224K(24064K)] 42517K->19101K(58368K), 0.0004470 secs] [Times: user=0.00 sys=0.00, real=0.00 secs] 
179.778: Total time for which application threads were stopped: 0.0005720 seconds, Stopping threads took: 0.0000560 seconds
179.909: Application time: 0.1307010 seconds
179.909: [GC [PSYoungGen: 23776K->256K(24064K)] 42653K->19133K(58368K), 0.0003920 secs] [Times: user=0.00 sys=0.00, real=0.00 secs] 
179.909: Total time for which application threads were stopped: 0.0005390 seconds, Stopping threads took: 0.0000680 seconds
180.037: Application time: 0.1273750 seconds
180.037: [GC [PSYoungGen: 23808K->416K(24064K)] 42685K->19365K(58368K), 0.0004830 secs] [Times: user=0.00 sys=0.00, real=0.00 secs] 
180.037: Total time for which application threads were stopped: 0.0006210 seconds, Stopping threads took: 0.0000590 seconds
180.169: Application time: 0.1313730 seconds
180.169: [GC [PSYoungGen: 23968K->256K(24064K)] 42917K->19554K(58368K), 0.0005090 secs] [Times: user=0.01 sys=0.00, real=0.00 secs] 
180.169: Total time for which application threads were stopped: 0.0006480 seconds, Stopping threads took: 0.0000710 seconds
180.301: Application time: 0.1313740 seconds
180.301: [GC [PSYoungGen: 23808K->256K(24064K)] 43106K->19554K(58368K), 0.0003840 secs] [Times: user=0.00 sys=0.00, real=0.00 secs] 
180.301: Total time for which application threads were stopped: 0.0005030 seconds, Stopping threads took: 0.0000530 seconds
180.432: Application time: 0.1303130 seconds
180.432: [GC [PSYoungGen: 23808K->240K(24064K)] 43106K->19562K(58368K), 0.0004470 secs] [Times: user=0.00 sys=0.00, real=0.00 secs] 
180.432: Total time for which application threads were stopped: 0.0005680 seconds, Stopping threads took: 0.0000550 seconds
180.564: Application time: 0.1314460 seconds
180.564: [GC [PSYoungGen: 23792K->256K(24064K)] 43114K->19746K(58368K), 0.0004320 secs] [Times: user=0.00 sys=0.00, real=0.00 secs] 
180.564: Total time for which application threads were stopped: 0.0005640 seconds, Stopping threads took: 0.0000570 seconds
180.695: Application time: 0.1307140 seconds
180.695: [GC [PSYoungGen: 23808K->256K(24064K)] 43298K->19746K(58368K), 0.0004010 secs] [Times: user=0.00 sys=0.00, real=0.00 secs] 
180.695: Total time for which application threads were stopped: 0.0005310 seconds, Stopping threads took: 0.0000640 seconds
180.823: Application time: 0.1279420 seconds
180.823: [GC [PSYoungGen: 23808K->464K(24064K)] 43298K->20018K(58368K), 0.0005260 secs] [Times: user=0.01 sys=0.00, real=0.00 secs] 
180.824: Total time for which application threads were stopped: 0.0006650 seconds, Stopping threads took: 0.0000720 seconds
180.955: Application time: 0.1309380 seconds
180.955: [GC [PSYoungGen: 24016K->256K(24064K)] 43570K->20158K(58368K), 0.0005150 secs] [Times: user=0.01 sys=0.00, real=0.00 secs] 
180.956: Total time for which application threads were stopped: 0.0006560 seconds, Stopping threads took: 0.0000690 seconds
181.087: Application time: 0.1311380 seconds
181.087: [GC [PSYoungGen: 23808K->256K(24064K)] 43710K->20158K(58368K), 0.0004040 secs] [Times: user=0.00 sys=0.00, real=0.00 secs] 
181.087: Total time for which application threads were stopped: 0.0005400 seconds, Stopping threads took: 0.0000530 seconds
181.218: Application time: 0.1304090 seconds
181.218: [GC [PSYoungGen: 23808K->256K(24064K)] 43710K->20182K(58368K), 0.0004280 secs] [Times: user=0.00 sys=0.00, real=0.00 secs] 
181.218: Total time for which application threads were stopped: 0.0005660 seconds, Stopping threads took: 0.0000690 seconds
181.350: Application time: 0.1313680 seconds
181.350: [GC [PSYoungGen: 23808K->256K(24064K)] 43734K->20350K(58368K), 0.0004460 secs] [Times: user=0.00 sys=0.00, real=0.00 secs] 
181.350: Total time for which application threads were stopped: 0.0005720 seconds, Stopping threads took: 0.0000590 seconds
181.480: Application time: 0.1302880 seconds
181.481: [GC [PSYoungGen: 23808K->272K(24064K)] 43902K->20366K(58368K), 0.0003970 secs] [Times: user=0.00 sys=0.00, real=0.00 secs] 
181.481: Total time for which application threads were stopped: 0.0005140 seconds, Stopping threads took: 0.0000490 seconds
181.608: Application time: 0.1268900 seconds
181.608: [GC [PSYoungGen: 23824K->464K(24064K)] 43918K->20622K(58368K), 0.0005120 secs] [Times: user=0.01 sys=0.00, real=0.00 secs] 
181.609: Total time for which application threads were stopped: 0.0006480 seconds, Stopping threads took: 0.0000540 seconds
181.740: Application time: 0.1313530 seconds
181.740: [GC [PSYoungGen: 24016K->256K(24064K)] 44174K->20759K(58368K), 0.0005310 secs] [Times: user=0.00 sys=0.00, real=0.00 secs] 
181.741: Total time for which application threads were stopped: 0.0006720 seconds, Stopping threads took: 0.0000710 seconds
181.871: Application time: 0.1305220 seconds
181.871: [GC [PSYoungGen: 23808K->256K(24064K)] 44311K->20759K(58368K), 0.0003980 secs] [Times: user=0.01 sys=0.00, real=0.00 secs] 
181.872: Total time for which application threads were stopped: 0.0005150 seconds, Stopping threads took: 0.0000500 seconds
182.002: Application time: 0.1301370 seconds
182.002: [GC [PSYoungGen: 23808K->256K(24064K)] 44311K->20783K(58368K), 0.0004460 secs] [Times: user=0.00 sys=0.00, real=0.00 secs] 
182.002: Total time for which application threads were stopped: 0.0005980 seconds, Stopping threads took: 0.0000840 seconds
182.134: Application time: 0.1317710 seconds
182.134: [GC [PSYoungGen: 23808K->256K(24064K)] 44335K->20951K(58368K), 0.0004390 secs] [Times: user=0.00 sys=0.00, real=0.00 secs] 
182.135: Total time for which application threads were stopped: 0.0005880 seconds, Stopping threads took: 0.0000680 seconds
182.265: Application time: 0.1307870 seconds
182.266: [GC [PSYoungGen: 23808K->256K(24064K)] 44503K->20951K(58368K), 0.0003950 secs] [Times: user=0.00 sys=0.00, real=0.00 secs] 
182.266: Total time for which application threads were stopped: 0.0005260 seconds, Stopping threads took: 0.0000620 seconds
182.393: Application time: 0.1270360 seconds
182.393: [GC [PSYoungGen: 23808K->432K(24064K)] 44503K->21183K(58368K), 0.0005260 secs] [Times: user=0.00 sys=0.00, real=0.00 secs] 
182.394: Total time for which application threads were stopped: 0.0006530 seconds, Stopping threads took: 0.0000590 seconds
182.525: Application time: 0.1310560 seconds
182.525: [GC [PSYoungGen: 23984K->256K(24064K)] 44735K->21355K(58368K), 0.0005050 secs] [Times: user=0.00 sys=0.00, real=0.00 secs] 
182.525: Total time for which application threads were stopped: 0.0006350 seconds, Stopping threads took: 0.0000630 seconds
182.656: Application time: 0.1309030 seconds
182.660: [GC [PSYoungGen: 23808K->256K(24064K)] 44907K->21355K(58368K), 0.0004360 secs] [Times: user=0.00 sys=0.00, real=0.00 secs] 
182.660: Total time for which application threads were stopped: 0.0037390 seconds, Stopping threads took: 0.0032230 seconds
182.791: Application time: 0.1306350 seconds
182.791: [GC [PSYoungGen: 23808K->256K(24064K)] 44907K->21379K(58368K), 0.0004230 secs] [Times: user=0.00 sys=0.00, real=0.00 secs] 
182.791: Total time for which application threads were stopped: 0.0005740 seconds, Stopping threads took: 0.0000800 seconds
182.922: Application time: 0.1311650 seconds
182.923: [GC [PSYoungGen: 23808K->224K(24064K)] 44931K->21507K(58368K), 0.0004690 secs] [Times: user=0.01 sys=0.00, real=0.00 secs] 
182.923: Total time for which application threads were stopped: 0.0006110 seconds, Stopping threads took: 0.0000720 seconds
183.053: Application time: 0.1303850 seconds
183.054: [GC [PSYoungGen: 23776K->256K(24064K)] 45059K->21539K(58368K), 0.0003940 secs] [Times: user=0.00 sys=0.00, real=0.00 secs] 
183.054: Total time for which application threads were stopped: 0.0005220 seconds, Stopping threads took: 0.0000640 seconds
183.181: Application time: 0.1268670 seconds
183.181: [GC [PSYoungGen: 23808K->464K(24064K)] 45091K->21811K(58368K), 0.0006080 secs] [Times: user=0.00 sys=0.00, real=0.00 secs] 
183.182: Total time for which application threads were stopped: 0.0007420 seconds, Stopping threads took: 0.0000510 seconds
183.313: Application time: 0.1312920 seconds
183.313: [GC [PSYoungGen: 24016K->256K(24064K)] 45363K->21952K(58368K), 0.0005070 secs] [Times: user=0.01 sys=0.00, real=0.00 secs] 
183.313: Total time for which application threads were stopped: 0.0006370 seconds, Stopping threads took: 0.0000590 seconds
183.445: Application time: 0.1310520 seconds
183.445: [GC [PSYoungGen: 23808K->256K(24064K)] 45504K->21952K(58368K), 0.0004000 secs] [Times: user=0.01 sys=0.00, real=0.00 secs] 
183.445: Total time for which application threads were stopped: 0.0005340 seconds, Stopping threads took: 0.0000580 seconds
183.575: Application time: 0.1303210 seconds
183.575: [GC [PSYoungGen: 23808K->256K(24064K)] 45504K->21976K(58368K), 0.0004510 secs] [Times: user=0.00 sys=0.00, real=0.00 secs] 
183.576: Total time for which application threads were stopped: 0.0005730 seconds, Stopping threads took: 0.0000540 seconds
183.707: Application time: 0.1312450 seconds
183.707: [GC [PSYoungGen: 23808K->256K(24064K)] 45528K->22144K(58368K), 0.0004570 secs] [Times: user=0.00 sys=0.00, real=0.01 secs] 
183.708: Total time for which application threads were stopped: 0.0005910 seconds, Stopping threads took: 0.0000540 seconds
183.838: Application time: 0.1301710 seconds
183.838: [GC [PSYoungGen: 23808K->192K(24064K)] 45696K->22080K(58368K), 0.0004520 secs] [Times: user=0.00 sys=0.00, real=0.00 secs] 
183.839: Total time for which application threads were stopped: 0.0005850 seconds, Stopping threads took: 0.0000670 seconds
183.966: Application time: 0.1276970 seconds
183.966: [GC [PSYoungGen: 23744K->480K(24064K)] 45632K->22432K(58368K), 0.0005250 secs] [Times: user=0.01 sys=0.00, real=0.00 secs] 
183.967: Total time for which application threads were stopped: 0.0006440 seconds, Stopping threads took: 0.0000530 seconds
184.098: Application time: 0.1306240 seconds
184.098: [GC [PSYoungGen: 24032K->224K(24064K)] 45984K->22516K(58368K), 0.0005370 secs] [Times: user=0.00 sys=0.00, real=0.00 secs] 
184.098: Total time for which application threads were stopped: 0.0006600 seconds, Stopping threads took: 0.0000550 seconds
184.229: Application time: 0.1308220 seconds
184.229: [GC [PSYoungGen: 23776K->256K(24064K)] 46068K->22548K(58368K), 0.0004040 secs] [Times: user=0.01 sys=0.00, real=0.00 secs] 
184.230: Total time for which application threads were stopped: 0.0005480 seconds, Stopping threads took: 0.0000710 seconds
184.360: Application time: 0.1304040 seconds
184.360: [GC [PSYoungGen: 23808K->256K(24064K)] 46100K->22572K(58368K), 0.0004520 secs] [Times: user=0.01 sys=0.00, real=0.00 secs] 
184.361: Total time for which application threads were stopped: 0.0005780 seconds, Stopping threads took: 0.0000570 seconds
184.492: Application time: 0.1314150 seconds
184.492: [GC [PSYoungGen: 23808K->256K(24064K)] 46124K->22740K(58368K), 0.0004670 secs] [Times: user=0.00 sys=0.00, real=0.00 secs] 
184.494: Total time for which application threads were stopped: 0.0016720 seconds, Stopping threads took: 0.0000630 seconds
184.625: Application time: 0.1309240 seconds
184.625: [GC [PSYoungGen: 23808K->256K(24064K)] 46292K->22740K(58368K), 0.0004390 secs] [Times: user=0.00 sys=0.00, real=0.00 secs] 
184.625: Total time for which application threads were stopped: 0.0005560 seconds, Stopping threads took: 0.0000520 seconds
184.753: Application time: 0.1276710 seconds
184.753: [GC [PSYoungGen: 23808K->416K(24064K)] 46292K->22964K(58368K), 0.0005780 secs] [Times: user=0.00 sys=0.00, real=0.00 secs] 
184.754: Total time for which application threads were stopped: 0.0007100 seconds, Stopping threads took: 0.0000580 seconds
184.885: Application time: 0.1310720 seconds
184.885: [GC [PSYoungGen: 23968K->256K(24064K)] 46516K->23153K(58368K), 0.0005120 secs] [Times: user=0.00 sys=0.00, real=0.00 secs] 
184.885: Total time for which application threads were stopped: 0.0006380 seconds, Stopping threads took: 0.0000600 seconds
185.016: Application time: 0.1311470 seconds
185.017: [GC [PSYoungGen: 23808K->256K(24064K)] 46705K->23153K(58368K), 0.0003980 secs] [Times: user=0.00 sys=0.00, real=0.00 secs] 
185.017: Total time for which application threads were stopped: 0.0011170 seconds, Stopping threads took: 0.0006490 seconds
185.148: Application time: 0.1308900 seconds
185.148: [GC [PSYoungGen: 23808K->256K(24064K)] 46705K->23177K(58368K), 0.0004480 secs] [Times: user=0.00 sys=0.00, real=0.00 secs] 
185.149: Total time for which application threads were stopped: 0.0005770 seconds, Stopping threads took: 0.0000590 seconds
185.280: Application time: 0.1311200 seconds
185.280: [GC [PSYoungGen: 23808K->256K(24064K)] 46729K->23345K(58368K), 0.0004490 secs] [Times: user=0.00 sys=0.00, real=0.00 secs] 
185.281: Total time for which application threads were stopped: 0.0006100 seconds, Stopping threads took: 0.0000780 seconds
185.411: Application time: 0.1300540 seconds
185.411: [GC [PSYoungGen: 23808K->256K(24064K)] 46897K->23345K(58368K), 0.0003980 secs] [Times: user=0.00 sys=0.00, real=0.00 secs] 
185.411: Total time for which application threads were stopped: 0.0005250 seconds, Stopping threads took: 0.0000610 seconds
185.539: Application time: 0.1276080 seconds
185.539: [GC [PSYoungGen: 23808K->448K(24064K)] 46897K->23601K(58368K), 0.0005740 secs] [Times: user=0.00 sys=0.00, real=0.01 secs] 
185.540: Total time for which application threads were stopped: 0.0007080 seconds, Stopping threads took: 0.0000640 seconds
185.671: Application time: 0.1311200 seconds
185.671: [GC [PSYoungGen: 24000K->256K(24064K)] 47153K->23753K(58368K), 0.0005190 secs] [Times: user=0.01 sys=0.00, real=0.00 secs] 
185.671: Total time for which application threads were stopped: 0.0006420 seconds, Stopping threads took: 0.0000550 seconds
185.803: Application time: 0.1311560 seconds
185.803: [GC [PSYoungGen: 23808K->256K(24064K)] 47305K->23753K(58368K), 0.0004200 secs] [Times: user=0.00 sys=0.00, real=0.00 secs] 
185.803: Total time for which application threads were stopped: 0.0005540 seconds, Stopping threads took: 0.0000570 seconds
185.934: Application time: 0.1304740 seconds
185.934: [GC [PSYoungGen: 23808K->256K(24064K)] 47305K->23777K(58368K), 0.0004480 secs] [Times: user=0.00 sys=0.00, real=0.00 secs] 
185.934: Total time for which application threads were stopped: 0.0005940 seconds, Stopping threads took: 0.0000790 seconds
186.065: Application time: 0.1310310 seconds
186.065: [GC [PSYoungGen: 23808K->224K(24064K)] 47329K->23905K(58368K), 0.0005160 secs] [Times: user=0.01 sys=0.00, real=0.00 secs] 
186.066: Total time for which application threads were stopped: 0.0006450 seconds, Stopping threads took: 0.0000610 seconds
186.197: Application time: 0.1309010 seconds
186.197: [GC [PSYoungGen: 23776K->272K(24064K)] 47457K->23953K(58368K), 0.0004130 secs] [Times: user=0.00 sys=0.00, real=0.00 secs] 
186.197: Total time for which application threads were stopped: 0.0005340 seconds, Stopping threads took: 0.0000530 seconds
186.324: Application time: 0.1268970 seconds
186.324: [GC [PSYoungGen: 23824K->448K(24064K)] 47505K->24185K(58368K), 0.0005550 secs] [Times: user=0.00 sys=0.00, real=0.00 secs] 
186.325: Total time for which application threads were stopped: 0.0006910 seconds, Stopping threads took: 0.0000600 seconds
186.456: Application time: 0.1311410 seconds
186.456: [GC [PSYoungGen: 24000K->256K(24064K)] 47737K->24342K(58368K), 0.0005120 secs] [Times: user=0.00 sys=0.00, real=0.00 secs] 
186.457: Total time for which application threads were stopped: 0.0006430 seconds, Stopping threads took: 0.0000640 seconds
186.589: Application time: 0.1319510 seconds
186.589: [GC [PSYoungGen: 23808K->256K(24064K)] 47894K->24342K(58368K), 0.0004010 secs] [Times: user=0.00 sys=0.00, real=0.00 secs] 
186.589: Total time for which application threads were stopped: 0.0005280 seconds, Stopping threads took: 0.0000630 seconds
186.720: Application time: 0.1304470 seconds
186.720: [GC [PSYoungGen: 23808K->240K(24064K)] 47894K->24350K(58368K), 0.0004860 secs] [Times: user=0.00 sys=0.00, real=0.00 secs] 
186.720: Total time for which application threads were stopped: 0.0006150 seconds, Stopping threads took: 0.0000600 seconds
186.865: Application time: 0.1448870 seconds
186.865: [GC [PSYoungGen: 23792K->256K(24064K)] 47902K->24534K(58368K), 0.0004600 secs] [Times: user=0.00 sys=0.00, real=0.00 secs] 
186.866: Total time for which application threads were stopped: 0.0006090 seconds, Stopping threads took: 0.0000700 seconds
187.009: Application time: 0.1429960 seconds
187.009: [GC [PSYoungGen: 23808K->256K(24064K)] 48086K->24534K(58368K), 0.0004090 secs] [Times: user=0.00 sys=0.00, real=0.00 secs] 
187.009: Total time for which application threads were stopped: 0.0005540 seconds, Stopping threads took: 0.0000640 seconds
187.149: Application time: 0.1402180 seconds
187.150: [GC [PSYoungGen: 23808K->448K(24064K)] 48086K->24790K(58368K), 0.0006100 secs] [Times: user=0.00 sys=0.00, real=0.00 secs] 
187.150: Total time for which application threads were stopped: 0.0007340 seconds, Stopping threads took: 0.0000530 seconds
187.294: Application time: 0.1442640 seconds
187.295: [GC [PSYoungGen: 24000K->256K(24064K)] 48342K->24942K(58368K), 0.0005590 secs] [Times: user=0.00 sys=0.00, real=0.00 secs] 
187.295: Total time for which application threads were stopped: 0.0007030 seconds, Stopping threads took: 0.0000690 seconds
187.439: Application time: 0.1440970 seconds
187.439: [GC [PSYoungGen: 23808K->256K(24064K)] 48494K->24942K(58368K), 0.0004030 secs] [Times: user=0.00 sys=0.00, real=0.01 secs] 
187.440: Total time for which application threads were stopped: 0.0005420 seconds, Stopping threads took: 0.0000580 seconds
187.583: Application time: 0.1432460 seconds
187.588: [GC [PSYoungGen: 23808K->256K(24064K)] 48494K->24966K(58368K), 0.0005320 secs] [Times: user=0.01 sys=0.00, real=0.00 secs] 
187.588: Total time for which application threads were stopped: 0.0050640 seconds, Stopping threads took: 0.0044570 seconds
187.732: Application time: 0.1440240 seconds
187.736: [GC [PSYoungGen: 23808K->256K(24064K)] 48518K->25134K(58368K), 0.0005260 secs] [Times: user=0.00 sys=0.00, real=0.00 secs] 
187.736: Total time for which application threads were stopped: 0.0039320 seconds, Stopping threads took: 0.0033360 seconds
187.880: Application time: 0.1437450 seconds
187.884: [GC [PSYoungGen: 23808K->256K(24064K)] 48686K->25134K(58368K), 0.0005630 secs] [Times: user=0.00 sys=0.00, real=0.00 secs] 
187.884: Total time for which application threads were stopped: 0.0043700 seconds, Stopping threads took: 0.0037180 seconds
188.025: Application time: 0.1404030 seconds
188.025: [GC [PSYoungGen: 23808K->432K(24064K)] 48686K->25374K(58368K), 0.0005610 secs] [Times: user=0.01 sys=0.00, real=0.00 secs] 
188.025: Total time for which application threads were stopped: 0.0007190 seconds, Stopping threads took: 0.0000810 seconds
188.169: Application time: 0.1440380 seconds
188.169: [GC [PSYoungGen: 23984K->256K(24064K)] 48926K->25535K(58368K), 0.0005300 secs] [Times: user=0.00 sys=0.00, real=0.00 secs] 
188.170: Total time for which application threads were stopped: 0.0006700 seconds, Stopping threads took: 0.0000550 seconds
188.315: Application time: 0.1445450 seconds
188.315: [GC [PSYoungGen: 23808K->224K(24064K)] 49087K->25503K(58368K), 0.0004710 secs] [Times: user=0.00 sys=0.00, real=0.00 secs] 
188.315: Total time for which application threads were stopped: 0.0006200 seconds, Stopping threads took: 0.0000800 seconds
188.458: Application time: 0.1428120 seconds
188.458: [GC [PSYoungGen: 23776K->256K(24064K)] 49055K->25559K(58368K), 0.0005190 secs] [Times: user=0.00 sys=0.00, real=0.00 secs] 
188.459: Total time for which application threads were stopped: 0.0006500 seconds, Stopping threads took: 0.0000580 seconds
188.603: Application time: 0.1447050 seconds
188.604: [GC [PSYoungGen: 23808K->256K(24064K)] 49111K->25727K(58368K), 0.0004850 secs] [Times: user=0.00 sys=0.00, real=0.00 secs] 
188.604: Total time for which application threads were stopped: 0.0006500 seconds, Stopping threads took: 0.0000840 seconds
188.747: Application time: 0.1431240 seconds
188.747: [GC [PSYoungGen: 23808K->256K(24064K)] 49279K->25727K(58368K), 0.0004640 secs] [Times: user=0.00 sys=0.00, real=0.01 secs] 
188.748: Total time for which application threads were stopped: 0.0005950 seconds, Stopping threads took: 0.0000620 seconds
188.887: Application time: 0.1395570 seconds
188.887: [GC [PSYoungGen: 23808K->464K(24064K)] 49279K->26015K(58368K), 0.0005480 secs] [Times: user=0.00 sys=0.00, real=0.01 secs] 
188.888: Total time for which application threads were stopped: 0.0006730 seconds, Stopping threads took: 0.0000540 seconds
189.032: Application time: 0.1443810 seconds
189.032: [GC [PSYoungGen: 24016K->224K(24064K)] 49567K->26111K(58368K), 0.0005440 secs] [Times: user=0.00 sys=0.00, real=0.00 secs] 
189.033: Total time for which application threads were stopped: 0.0006790 seconds, Stopping threads took: 0.0000630 seconds
189.177: Application time: 0.1437170 seconds
189.177: [GC [PSYoungGen: 23776K->256K(24064K)] 49663K->26143K(58368K), 0.0004600 secs] [Times: user=0.01 sys=0.00, real=0.00 secs] 
189.177: Total time for which application threads were stopped: 0.0006160 seconds, Stopping threads took: 0.0000740 seconds
189.321: Application time: 0.1439100 seconds
189.321: [GC [PSYoungGen: 23808K->224K(24064K)] 49695K->26135K(58368K), 0.0005100 secs] [Times: user=0.00 sys=0.00, real=0.00 secs] 
189.322: Total time for which application threads were stopped: 0.0006400 seconds, Stopping threads took: 0.0000620 seconds
189.466: Application time: 0.1436690 seconds
189.466: [GC [PSYoungGen: 23776K->256K(24064K)] 49687K->26335K(58368K), 0.0004980 secs] [Times: user=0.00 sys=0.00, real=0.00 secs] 
189.466: Total time for which application threads were stopped: 0.0006350 seconds, Stopping threads took: 0.0000670 seconds
189.610: Application time: 0.1435330 seconds
189.610: [GC [PSYoungGen: 23808K->208K(24064K)] 49887K->26287K(58368K), 0.0005040 secs] [Times: user=0.00 sys=0.00, real=0.00 secs] 
189.611: Total time for which application threads were stopped: 0.0017120 seconds, Stopping threads took: 0.0000710 seconds
189.751: Application time: 0.1394190 seconds
189.751: [GC [PSYoungGen: 23760K->496K(24064K)] 49839K->26651K(58368K), 0.0005590 secs] [Times: user=0.00 sys=0.00, real=0.00 secs] 
189.752: Total time for which application threads were stopped: 0.0007200 seconds, Stopping threads took: 0.0000760 seconds
189.896: Application time: 0.1443570 seconds
189.900: [GC [PSYoungGen: 24048K->256K(24064K)] 50203K->26752K(58368K), 0.0005780 secs] [Times: user=0.00 sys=0.00, real=0.00 secs] 
189.900: Total time for which application threads were stopped: 0.0041380 seconds, Stopping threads took: 0.0034890 seconds
190.045: Application time: 0.1446840 seconds
190.045: [GC [PSYoungGen: 23808K->256K(24064K)] 50304K->26752K(58368K), 0.0004500 secs] [Times: user=0.01 sys=0.00, real=0.00 secs] 
190.045: Total time for which application threads were stopped: 0.0006060 seconds, Stopping threads took: 0.0000910 seconds
190.189: Application time: 0.1434550 seconds
190.189: [GC [PSYoungGen: 23808K->256K(24064K)] 50304K->26776K(58368K), 0.0004740 secs] [Times: user=0.00 sys=0.00, real=0.00 secs] 
190.189: Total time for which application threads were stopped: 0.0005980 seconds, Stopping threads took: 0.0000530 seconds
190.334: Application time: 0.1443410 seconds
190.334: [GC [PSYoungGen: 23808K->256K(24064K)] 50328K->26944K(58368K), 0.0004770 secs] [Times: user=0.01 sys=0.00, real=0.00 secs] 
190.334: Total time for which application threads were stopped: 0.0006240 seconds, Stopping threads took: 0.0000630 seconds
190.478: Application time: 0.1435370 seconds
190.478: [GC [PSYoungGen: 23808K->256K(24064K)] 50496K->26944K(58368K), 0.0004530 secs] [Times: user=0.00 sys=0.00, real=0.00 secs] 
190.479: Total time for which application threads were stopped: 0.0005970 seconds, Stopping threads took: 0.0000750 seconds
190.619: Application time: 0.1403130 seconds
190.619: [GC [PSYoungGen: 23808K->432K(24064K)] 50496K->27184K(58368K), 0.0005670 secs] [Times: user=0.01 sys=0.00, real=0.01 secs] 
190.620: Total time for which application threads were stopped: 0.0007130 seconds, Stopping threads took: 0.0000790 seconds
190.759: Application time: 0.1393810 seconds
190.759: [GC [PSYoungGen: 23984K->224K(24064K)] 50736K->27316K(58368K), 0.0005660 secs] [Times: user=0.00 sys=0.00, real=0.01 secs] 
190.760: Total time for which application threads were stopped: 0.0006900 seconds, Stopping threads took: 0.0000570 seconds
190.891: Application time: 0.1310250 seconds
190.891: [GC [PSYoungGen: 23776K->224K(24064K)] 50868K->27316K(58368K), 0.0004380 secs] [Times: user=0.00 sys=0.00, real=0.00 secs] 
190.891: Total time for which application threads were stopped: 0.0005730 seconds, Stopping threads took: 0.0000530 seconds
191.022: Application time: 0.1309010 seconds
191.024: [GC [PSYoungGen: 23776K->256K(24064K)] 50868K->27372K(58368K), 0.0004540 secs] [Times: user=0.00 sys=0.00, real=0.00 secs] 
191.024: Total time for which application threads were stopped: 0.0017870 seconds, Stopping threads took: 0.0012620 seconds
191.155: Application time: 0.1311070 seconds
191.155: [GC [PSYoungGen: 23808K->256K(24064K)] 50924K->27540K(58368K), 0.0004360 secs] [Times: user=0.00 sys=0.00, real=0.00 secs] 
191.156: Total time for which application threads were stopped: 0.0005860 seconds, Stopping threads took: 0.0000820 seconds
191.286: Application time: 0.1307830 seconds
191.287: [GC [PSYoungGen: 23808K->240K(24064K)] 51092K->27524K(58368K), 0.0004880 secs] [Times: user=0.00 sys=0.00, real=0.00 secs] 
191.287: Total time for which application threads were stopped: 0.0006110 seconds, Stopping threads took: 0.0000540 seconds
191.413: Application time: 0.1264000 seconds
191.414: [GC [PSYoungGen: 23792K->416K(24064K)] 51076K->27772K(58368K), 0.0005160 secs] [Times: user=0.00 sys=0.00, real=0.00 secs] 
191.414: Total time for which application threads were stopped: 0.0006690 seconds, Stopping threads took: 0.0000730 seconds
191.545: Application time: 0.1311880 seconds
191.548: [GC [PSYoungGen: 23968K->256K(24064K)] 51324K->27961K(58368K), 0.0005120 secs] [Times: user=0.00 sys=0.00, real=0.00 secs] 
191.548: Total time for which application threads were stopped: 0.0027100 seconds, Stopping threads took: 0.0021300 seconds
191.679: Application time: 0.1312080 seconds
191.679: [GC [PSYoungGen: 23808K->256K(24064K)] 51513K->27961K(58368K), 0.0004300 secs] [Times: user=0.00 sys=0.00, real=0.01 secs] 
191.680: Total time for which application threads were stopped: 0.0005750 seconds, Stopping threads took: 0.0000760 seconds
191.810: Application time: 0.1305990 seconds
191.811: [GC [PSYoungGen: 23808K->256K(24064K)] 51513K->27985K(58368K), 0.0004300 secs] [Times: user=0.00 sys=0.00, real=0.00 secs] 
191.811: Total time for which application threads were stopped: 0.0005660 seconds, Stopping threads took: 0.0000650 seconds
191.942: Application time: 0.1313310 seconds
191.942: [GC [PSYoungGen: 23808K->256K(24064K)] 51537K->28153K(58368K), 0.0004450 secs] [Times: user=0.00 sys=0.00, real=0.00 secs] 
191.943: Total time for which application threads were stopped: 0.0005960 seconds, Stopping threads took: 0.0000720 seconds
192.074: Application time: 0.1306960 seconds
192.074: [GC [PSYoungGen: 23808K->256K(24064K)] 51705K->28153K(58368K), 0.0004350 secs] [Times: user=0.01 sys=0.00, real=0.00 secs] 
192.074: Total time for which application threads were stopped: 0.0005660 seconds, Stopping threads took: 0.0000640 seconds
192.202: Application time: 0.1273030 seconds
192.202: [GC [PSYoungGen: 23808K->480K(24064K)] 51705K->28449K(58368K), 0.0005260 secs] [Times: user=0.00 sys=0.00, real=0.00 secs] 
192.202: Total time for which application threads were stopped: 0.0006680 seconds, Stopping threads took: 0.0000710 seconds
192.334: Application time: 0.1315000 seconds
192.334: [GC [PSYoungGen: 24032K->224K(24064K)] 52001K->28533K(58368K), 0.0005660 secs] [Times: user=0.01 sys=0.00, real=0.00 secs] 
192.334: Total time for which application threads were stopped: 0.0006990 seconds, Stopping threads took: 0.0000660 seconds
192.465: Application time: 0.1309710 seconds
192.465: [GC [PSYoungGen: 23776K->224K(24064K)] 52085K->28533K(58368K), 0.0004920 secs] [Times: user=0.00 sys=0.00, real=0.00 secs] 
192.466: Total time for which application threads were stopped: 0.0006450 seconds, Stopping threads took: 0.0000760 seconds
192.596: Application time: 0.1303710 seconds
192.596: [GC [PSYoungGen: 23776K->256K(24064K)] 52085K->28589K(58368K), 0.0004550 secs] [Times: user=0.00 sys=0.00, real=0.00 secs] 
192.597: Total time for which application threads were stopped: 0.0005890 seconds, Stopping threads took: 0.0000670 seconds
192.728: Application time: 0.1313400 seconds
192.728: [GC [PSYoungGen: 23808K->256K(24064K)] 52141K->28757K(58368K), 0.0004760 secs] [Times: user=0.01 sys=0.00, real=0.00 secs] 
192.729: Total time for which application threads were stopped: 0.0006110 seconds, Stopping threads took: 0.0000670 seconds
192.859: Application time: 0.1305720 seconds
192.860: [GC [PSYoungGen: 23808K->256K(24064K)] 52309K->28757K(58368K), 0.0004200 secs] [Times: user=0.00 sys=0.00, real=0.00 secs] 
192.860: Total time for which application threads were stopped: 0.0005550 seconds, Stopping threads took: 0.0000660 seconds
192.987: Application time: 0.1272400 seconds
192.987: [GC [PSYoungGen: 23808K->448K(24064K)] 52309K->29021K(58368K), 0.0005350 secs] [Times: user=0.00 sys=0.01, real=0.01 secs] 
192.988: Total time for which application threads were stopped: 0.0006730 seconds, Stopping threads took: 0.0000570 seconds
193.119: Application time: 0.1314840 seconds
193.120: [GC [PSYoungGen: 24000K->256K(24064K)] 52573K->29178K(58368K), 0.0005230 secs] [Times: user=0.00 sys=0.00, real=0.00 secs] 
193.120: Total time for which application threads were stopped: 0.0006660 seconds, Stopping threads took: 0.0000730 seconds
193.251: Application time: 0.1311500 seconds
193.251: [GC [PSYoungGen: 23808K->256K(24064K)] 52730K->29178K(58368K), 0.0004180 secs] [Times: user=0.00 sys=0.00, real=0.00 secs] 
193.252: Total time for which application threads were stopped: 0.0005390 seconds, Stopping threads took: 0.0000540 seconds
193.382: Application time: 0.1303380 seconds
193.382: [GC [PSYoungGen: 23808K->256K(24064K)] 52730K->29202K(58368K), 0.0004560 secs] [Times: user=0.00 sys=0.00, real=0.00 secs] 
193.383: Total time for which application threads were stopped: 0.0005840 seconds, Stopping threads took: 0.0000560 seconds
193.514: Application time: 0.1310330 seconds
193.514: [GC [PSYoungGen: 23808K->256K(24064K)] 52754K->29370K(58368K), 0.0004500 secs] [Times: user=0.00 sys=0.00, real=0.00 secs] 
193.514: Total time for which application threads were stopped: 0.0005980 seconds, Stopping threads took: 0.0000700 seconds
193.645: Application time: 0.1306360 seconds
193.645: [GC [PSYoungGen: 23808K->256K(24064K)] 52922K->29370K(58368K), 0.0004260 secs] [Times: user=0.00 sys=0.00, real=0.00 secs] 
193.646: Total time for which application threads were stopped: 0.0005610 seconds, Stopping threads took: 0.0000680 seconds
193.773: Application time: 0.1269600 seconds
193.773: [GC [PSYoungGen: 23808K->432K(24064K)] 52922K->29618K(58368K), 0.0005490 secs] [Times: user=0.00 sys=0.00, real=0.00 secs] 
193.773: Total time for which application threads were stopped: 0.0006810 seconds, Stopping threads took: 0.0000640 seconds
193.904: Application time: 0.1309510 seconds
193.904: [GC [PSYoungGen: 23984K->256K(24064K)] 53170K->29790K(58368K), 0.0005210 secs] [Times: user=0.00 sys=0.00, real=0.00 secs] 
193.905: Total time for which application threads were stopped: 0.0006600 seconds, Stopping threads took: 0.0000680 seconds
194.036: Application time: 0.1310200 seconds
194.036: [GC [PSYoungGen: 23808K->224K(24064K)] 53342K->29758K(58368K), 0.0004260 secs] [Times: user=0.00 sys=0.00, real=0.00 secs] 
194.036: Total time for which application threads were stopped: 0.0005550 seconds, Stopping threads took: 0.0000520 seconds
194.166: Application time: 0.1300450 seconds
194.167: [GC [PSYoungGen: 23776K->256K(24064K)] 53310K->29814K(58368K), 0.0004460 secs] [Times: user=0.00 sys=0.00, real=0.00 secs] 
194.167: Total time for which application threads were stopped: 0.0005880 seconds, Stopping threads took: 0.0000730 seconds
194.298: Application time: 0.1312380 seconds
194.298: [GC [PSYoungGen: 23808K->256K(24064K)] 53366K->29982K(58368K), 0.0004450 secs] [Times: user=0.00 sys=0.00, real=0.00 secs] 
194.299: Total time for which application threads were stopped: 0.0005780 seconds, Stopping threads took: 0.0000620 seconds
194.429: Application time: 0.1298200 seconds
194.429: [GC [PSYoungGen: 23808K->224K(24064K)] 53534K->29950K(58368K), 0.0004210 secs] [Times: user=0.00 sys=0.00, real=0.00 secs] 
194.429: Total time for which application threads were stopped: 0.0005660 seconds, Stopping threads took: 0.0000760 seconds
194.557: Application time: 0.1272740 seconds
194.557: [GC [PSYoungGen: 23776K->448K(24064K)] 53502K->30222K(58368K), 0.0005360 secs] [Times: user=0.00 sys=0.00, real=0.00 secs] 
194.557: Total time for which application threads were stopped: 0.0006740 seconds, Stopping threads took: 0.0000590 seconds
194.688: Application time: 0.1310310 seconds
194.688: [GC [PSYoungGen: 24000K->256K(24064K)] 53774K->30395K(58368K), 0.0005520 secs] [Times: user=0.00 sys=0.00, real=0.00 secs] 
194.690: Total time for which application threads were stopped: 0.0017270 seconds, Stopping threads took: 0.0000720 seconds
194.821: Application time: 0.1312290 seconds
194.821: [GC [PSYoungGen: 23808K->256K(24064K)] 53947K->30395K(58368K), 0.0004480 secs] [Times: user=0.00 sys=0.00, real=0.00 secs] 
194.822: Total time for which application threads were stopped: 0.0006060 seconds, Stopping threads took: 0.0000900 seconds
194.951: Application time: 0.1296590 seconds
194.952: [GC [PSYoungGen: 23808K->256K(24064K)] 53947K->30395K(58368K), 0.0004480 secs] [Times: user=0.00 sys=0.00, real=0.00 secs] 
194.952: Total time for which application threads were stopped: 0.0005840 seconds, Stopping threads took: 0.0000690 seconds
195.084: Application time: 0.1318320 seconds
195.084: [GC [PSYoungGen: 23808K->256K(24064K)] 53947K->30587K(58368K), 0.0004560 secs] [Times: user=0.00 sys=0.00, real=0.00 secs] 
195.084: Total time for which application threads were stopped: 0.0005880 seconds, Stopping threads took: 0.0000550 seconds
195.215: Application time: 0.1307040 seconds
195.215: [GC [PSYoungGen: 23808K->256K(24064K)] 54139K->30587K(58368K), 0.0004290 secs] [Times: user=0.00 sys=0.00, real=0.00 secs] 
195.216: Total time for which application threads were stopped: 0.0005460 seconds, Stopping threads took: 0.0000520 seconds
195.343: Application time: 0.1270070 seconds
195.343: [GC [PSYoungGen: 23808K->448K(24064K)] 54139K->30835K(58368K), 0.0006280 secs] [Times: user=0.01 sys=0.00, real=0.00 secs] 
195.344: Total time for which application threads were stopped: 0.0007600 seconds, Stopping threads took: 0.0000630 seconds
195.475: Application time: 0.1310990 seconds
195.475: [GC [PSYoungGen: 24000K->256K(24064K)] 54387K->31007K(58368K), 0.0005240 secs] [Times: user=0.00 sys=0.00, real=0.00 secs] 
195.475: Total time for which application threads were stopped: 0.0006600 seconds, Stopping threads took: 0.0000620 seconds
195.606: Application time: 0.1310970 seconds
195.606: [GC [PSYoungGen: 23808K->256K(24064K)] 54559K->31007K(58368K), 0.0004190 secs] [Times: user=0.00 sys=0.00, real=0.00 secs] 
195.607: Total time for which application threads were stopped: 0.0005530 seconds, Stopping threads took: 0.0000560 seconds
195.738: Application time: 0.1309140 seconds
195.738: [GC [PSYoungGen: 23808K->256K(24064K)] 54559K->31007K(58368K), 0.0004330 secs] [Times: user=0.00 sys=0.00, real=0.00 secs] 
195.738: Total time for which application threads were stopped: 0.0005680 seconds, Stopping threads took: 0.0000680 seconds
195.870: Application time: 0.1311670 seconds
195.870: [GC [PSYoungGen: 23808K->256K(24064K)] 54559K->31191K(58368K), 0.0004800 secs] [Times: user=0.00 sys=0.00, real=0.00 secs] 
195.870: Total time for which application threads were stopped: 0.0006160 seconds, Stopping threads took: 0.0000670 seconds
196.000: Application time: 0.1300350 seconds
196.000: [GC [PSYoungGen: 23808K->256K(24064K)] 54743K->31191K(58368K), 0.0004330 secs] [Times: user=0.00 sys=0.00, real=0.00 secs] 
196.001: Total time for which application threads were stopped: 0.0005670 seconds, Stopping threads took: 0.0000660 seconds
196.129: Application time: 0.1278270 seconds
196.129: [GC [PSYoungGen: 23808K->432K(24064K)] 54743K->31424K(58368K), 0.0005380 secs] [Times: user=0.00 sys=0.00, real=0.00 secs] 
196.129: Total time for which application threads were stopped: 0.0006760 seconds, Stopping threads took: 0.0000620 seconds
196.260: Application time: 0.1310890 seconds
196.261: [GC [PSYoungGen: 23984K->256K(24064K)] 54976K->31596K(58368K), 0.0005270 secs] [Times: user=0.00 sys=0.00, real=0.00 secs] 
196.261: Total time for which application threads were stopped: 0.0006650 seconds, Stopping threads took: 0.0000620 seconds
196.393: Application time: 0.1318040 seconds
196.393: [GC [PSYoungGen: 23808K->224K(24064K)] 55148K->31564K(58368K), 0.0004470 secs] [Times: user=0.00 sys=0.00, real=0.00 secs] 
196.393: Total time for which application threads were stopped: 0.0005970 seconds, Stopping threads took: 0.0000830 seconds
196.524: Application time: 0.1309180 seconds
196.524: [GC [PSYoungGen: 23776K->256K(24064K)] 55116K->31620K(58368K), 0.0004640 secs] [Times: user=0.00 sys=0.00, real=0.00 secs] 
196.525: Total time for which application threads were stopped: 0.0005860 seconds, Stopping threads took: 0.0000540 seconds
196.656: Application time: 0.1311620 seconds
196.656: [GC [PSYoungGen: 23808K->256K(24064K)] 55172K->31788K(58368K), 0.0004730 secs] [Times: user=0.01 sys=0.00, real=0.00 secs] 
196.657: Total time for which application threads were stopped: 0.0006210 seconds, Stopping threads took: 0.0000700 seconds
196.787: Application time: 0.1299980 seconds
196.787: [GC [PSYoungGen: 23808K->272K(24064K)] 55340K->31804K(58368K), 0.0004350 secs] [Times: user=0.00 sys=0.00, real=0.00 secs] 
196.787: Total time for which application threads were stopped: 0.0005660 seconds, Stopping threads took: 0.0000630 seconds
196.915: Application time: 0.1277150 seconds
196.915: [GC [PSYoungGen: 23824K->416K(24064K)] 55356K->32012K(58368K), 0.0005330 secs] [Times: user=0.01 sys=0.00, real=0.00 secs] 
196.916: Total time for which application threads were stopped: 0.0006640 seconds, Stopping threads took: 0.0000640 seconds
197.047: Application time: 0.1309940 seconds
197.047: [GC [PSYoungGen: 23968K->256K(24064K)] 55564K->32200K(58368K), 0.0005390 secs] [Times: user=0.00 sys=0.00, real=0.00 secs] 
197.047: Total time for which application threads were stopped: 0.0006550 seconds, Stopping threads took: 0.0000520 seconds
197.178: Application time: 0.1309430 seconds
197.178: [GC [PSYoungGen: 23808K->256K(24064K)] 55752K->32200K(58368K), 0.0004500 secs] [Times: user=0.00 sys=0.00, real=0.00 secs] 
197.179: Total time for which application threads were stopped: 0.0005760 seconds, Stopping threads took: 0.0000510 seconds
197.309: Application time: 0.1300950 seconds
197.309: [GC [PSYoungGen: 23808K->256K(24064K)] 55752K->32224K(58368K), 0.0004510 secs] [Times: user=0.00 sys=0.00, real=0.00 secs] 
197.310: Total time for which application threads were stopped: 0.0005830 seconds, Stopping threads took: 0.0000650 seconds
197.441: Application time: 0.1317720 seconds
197.441: [GC [PSYoungGen: 23808K->256K(24064K)] 55776K->32392K(58368K), 0.0004230 secs] [Times: user=0.00 sys=0.00, real=0.00 secs] 
197.442: Total time for which application threads were stopped: 0.0005560 seconds, Stopping threads took: 0.0000660 seconds
197.572: Application time: 0.1300400 seconds
197.572: [GC [PSYoungGen: 23808K->256K(24064K)] 55944K->32392K(58368K), 0.0004280 secs] [Times: user=0.00 sys=0.00, real=0.00 secs] 
197.572: Total time for which application threads were stopped: 0.0005570 seconds, Stopping threads took: 0.0000600 seconds
197.700: Application time: 0.1273460 seconds
197.700: [GC [PSYoungGen: 23808K->464K(24064K)] 55944K->32673K(58368K), 0.0005390 secs] [Times: user=0.00 sys=0.00, real=0.00 secs] 
197.701: Total time for which application threads were stopped: 0.0006680 seconds, Stopping threads took: 0.0000490 seconds
197.831: Application time: 0.1309600 seconds
197.832: [GC [PSYoungGen: 24016K->256K(24064K)] 56225K->32813K(58368K), 0.0005270 secs] [Times: user=0.01 sys=0.00, real=0.00 secs] 
197.832: Total time for which application threads were stopped: 0.0006520 seconds, Stopping threads took: 0.0000570 seconds
197.963: Application time: 0.1310950 seconds
197.963: [GC [PSYoungGen: 23808K->256K(24064K)] 56365K->32813K(58368K), 0.0004260 secs] [Times: user=0.00 sys=0.00, real=0.00 secs] 
197.964: Total time for which application threads were stopped: 0.0005560 seconds, Stopping threads took: 0.0000590 seconds
198.094: Application time: 0.1301190 seconds
198.094: [GC [PSYoungGen: 23808K->240K(24064K)] 56365K->32821K(58368K), 0.0005040 secs] [Times: user=0.00 sys=0.00, real=0.00 secs] 
198.095: Total time for which application threads were stopped: 0.0006290 seconds, Stopping threads took: 0.0000600 seconds
198.225: Application time: 0.1309260 seconds
198.226: [GC [PSYoungGen: 23792K->256K(24064K)] 56373K->33005K(58368K), 0.0004590 secs] [Times: user=0.00 sys=0.00, real=0.00 secs] 
198.226: Total time for which application threads were stopped: 0.0005980 seconds, Stopping threads took: 0.0000610 seconds
198.357: Application time: 0.1308980 seconds
198.357: [GC [PSYoungGen: 23808K->256K(24064K)] 56557K->33005K(58368K), 0.0004240 secs] [Times: user=0.00 sys=0.00, real=0.00 secs] 
198.358: Total time for which application threads were stopped: 0.0005570 seconds, Stopping threads took: 0.0000670 seconds
198.484: Application time: 0.1265920 seconds
198.484: [GC [PSYoungGen: 23808K->448K(24064K)] 56557K->33261K(58368K), 0.0005670 secs] [Times: user=0.00 sys=0.00, real=0.00 secs] 
198.485: Total time for which application threads were stopped: 0.0006940 seconds, Stopping threads took: 0.0000590 seconds
198.616: Application time: 0.1311410 seconds
198.616: [GC [PSYoungGen: 24000K->256K(24064K)] 56813K->33405K(58368K), 0.0005260 secs] [Times: user=0.00 sys=0.00, real=0.00 secs] 
198.617: Total time for which application threads were stopped: 0.0006470 seconds, Stopping threads took: 0.0000520 seconds
198.748: Application time: 0.1309400 seconds
198.748: [GC [PSYoungGen: 23808K->224K(24064K)] 56957K->33373K(58368K), 0.0004960 secs] [Times: user=0.00 sys=0.00, real=0.00 secs] 
198.748: Total time for which application threads were stopped: 0.0006250 seconds, Stopping threads took: 0.0000570 seconds
198.879: Application time: 0.1307460 seconds
198.879: [GC [PSYoungGen: 23776K->192K(24064K)] 56925K->33365K(58368K), 0.0004940 secs] [Times: user=0.00 sys=0.00, real=0.01 secs] 
198.880: Total time for which application threads were stopped: 0.0006190 seconds, Stopping threads took: 0.0000530 seconds
199.011: Application time: 0.1309830 seconds
199.011: [GC [PSYoungGen: 23744K->256K(24064K)] 56917K->33597K(58368K), 0.0004500 secs] [Times: user=0.00 sys=0.00, real=0.00 secs] 
199.011: Total time for which application threads were stopped: 0.0005840 seconds, Stopping threads took: 0.0000680 seconds
199.141: Application time: 0.1299490 seconds
199.141: [GC [PSYoungGen: 23808K->256K(24064K)] 57149K->33597K(58368K), 0.0004370 secs] [Times: user=0.00 sys=0.00, real=0.00 secs] 
199.142: Total time for which application threads were stopped: 0.0005580 seconds, Stopping threads took: 0.0000550 seconds
199.269: Application time: 0.1275610 seconds
199.269: [GC [PSYoungGen: 23808K->448K(24064K)] 57149K->33854K(58368K), 0.0005540 secs] [Times: user=0.01 sys=0.00, real=0.00 secs] 
199.270: Total time for which application threads were stopped: 0.0007110 seconds, Stopping threads took: 0.0000780 seconds
199.401: Application time: 0.1306240 seconds
199.401: [GC [PSYoungGen: 24000K->256K(24064K)] 57406K->34014K(58368K), 0.0005610 secs] [Times: user=0.00 sys=0.00, real=0.00 secs] 
199.401: Total time for which application threads were stopped: 0.0006830 seconds, Stopping threads took: 0.0000520 seconds
199.532: Application time: 0.1307720 seconds
199.532: [GC [PSYoungGen: 23808K->256K(24064K)] 57566K->34014K(58368K), 0.0004230 secs] [Times: user=0.00 sys=0.00, real=0.00 secs] 
199.533: Total time for which application threads were stopped: 0.0005540 seconds, Stopping threads took: 0.0000640 seconds
199.663: Application time: 0.1305960 seconds
199.663: [GC [PSYoungGen: 23808K->256K(24064K)] 57566K->34038K(58368K), 0.0004800 secs] [Times: user=0.00 sys=0.00, real=0.00 secs] 
199.664: Total time for which application threads were stopped: 0.0006070 seconds, Stopping threads took: 0.0000580 seconds
199.795: Application time: 0.1309490 seconds
199.796: [GC [PSYoungGen: 23808K->224K(24064K)] 57590K->34166K(58368K), 0.0005190 secs] [Times: user=0.00 sys=0.00, real=0.00 secs] 
199.797: [Full GC [PSYoungGen: 224K->0K(24064K)] [ParOldGen: 33942K->3004K(33792K)] 34166K->3004K(57856K) [PSPermGen: 6082K->6082K(21504K)], 0.0056970 secs] [Times: user=0.03 sys=0.00, real=0.01 secs] 
199.803: Total time for which application threads were stopped: 0.0082490 seconds, Stopping threads took: 0.0007760 seconds
199.933: Application time: 0.1297330 seconds
199.933: [GC [PSYoungGen: 23552K->256K(23552K)] 26556K->3260K(57344K), 0.0003880 secs] [Times: user=0.00 sys=0.00, real=0.00 secs] 
199.933: Total time for which application threads were stopped: 0.0005080 seconds, Stopping threads took: 0.0000500 seconds
200.058: Application time: 0.1244670 seconds
200.058: [GC [PSYoungGen: 23296K->448K(23552K)] 26300K->3524K(57344K), 0.0004570 secs] [Times: user=0.00 sys=0.00, real=0.00 secs] 
200.058: Total time for which application threads were stopped: 0.0005820 seconds, Stopping threads took: 0.0000590 seconds
200.186: Application time: 0.1281240 seconds
200.186: [GC [PSYoungGen: 23488K->256K(23552K)] 26564K->3681K(57344K), 0.0004900 secs] [Times: user=0.00 sys=0.00, real=0.00 secs] 
200.187: Total time for which application threads were stopped: 0.0006130 seconds, Stopping threads took: 0.0000530 seconds
200.315: Application time: 0.1279910 seconds
200.315: [GC [PSYoungGen: 23296K->256K(23552K)] 26721K->3681K(57344K), 0.0003910 secs] [Times: user=0.00 sys=0.00, real=0.00 secs] 
200.316: Total time for which application threads were stopped: 0.0005270 seconds, Stopping threads took: 0.0000550 seconds
200.443: Application time: 0.1277320 seconds
200.443: [GC [PSYoungGen: 23296K->240K(23552K)] 26721K->3689K(57344K), 0.0004360 secs] [Times: user=0.00 sys=0.00, real=0.00 secs] 
200.444: Total time for which application threads were stopped: 0.0005720 seconds, Stopping threads took: 0.0000690 seconds
200.572: Application time: 0.1277460 seconds
200.572: [GC [PSYoungGen: 23280K->256K(23552K)] 26729K->3873K(57344K), 0.0004030 secs] [Times: user=0.00 sys=0.00, real=0.00 secs] 
200.572: Total time for which application threads were stopped: 0.0005370 seconds, Stopping threads took: 0.0000690 seconds
200.700: Application time: 0.1281180 seconds
200.700: [GC [PSYoungGen: 23296K->256K(23552K)] 26913K->3873K(57344K), 0.0004140 secs] [Times: user=0.00 sys=0.00, real=0.00 secs] 
200.701: Total time for which application threads were stopped: 0.0005360 seconds, Stopping threads took: 0.0000550 seconds
200.825: Application time: 0.1239300 seconds
200.825: [GC [PSYoungGen: 23296K->496K(23552K)] 26913K->4113K(57344K), 0.0004850 secs] [Times: user=0.00 sys=0.00, real=0.00 secs] 
200.825: Total time for which application threads were stopped: 0.0006570 seconds, Stopping threads took: 0.0000920 seconds
200.954: Application time: 0.1282610 seconds
200.954: [GC [PSYoungGen: 23536K->256K(23552K)] 27153K->4261K(57344K), 0.0004970 secs] [Times: user=0.01 sys=0.00, real=0.00 secs] 
200.954: Total time for which application threads were stopped: 0.0006350 seconds, Stopping threads took: 0.0000710 seconds
201.083: Application time: 0.1282890 seconds
201.083: [GC [PSYoungGen: 23296K->256K(23552K)] 27301K->4261K(57344K), 0.0003690 secs] [Times: user=0.00 sys=0.00, real=0.00 secs] 
201.083: Total time for which application threads were stopped: 0.0005150 seconds, Stopping threads took: 0.0000750 seconds
201.210: Application time: 0.1270740 seconds
201.210: [GC [PSYoungGen: 23296K->256K(23552K)] 27301K->4261K(57344K), 0.0004100 secs] [Times: user=0.00 sys=0.00, real=0.00 secs] 
201.211: Total time for which application threads were stopped: 0.0005310 seconds, Stopping threads took: 0.0000540 seconds
201.339: Application time: 0.1283060 seconds
201.339: [GC [PSYoungGen: 23296K->256K(23552K)] 27301K->4429K(57344K), 0.0004230 secs] [Times: user=0.00 sys=0.00, real=0.01 secs] 
201.340: Total time for which application threads were stopped: 0.0005710 seconds, Stopping threads took: 0.0000650 seconds
201.468: Application time: 0.1281350 seconds
201.468: [GC [PSYoungGen: 23296K->256K(23552K)] 27469K->4453K(57344K), 0.0003800 secs] [Times: user=0.00 sys=0.00, real=0.00 secs] 
201.468: Total time for which application threads were stopped: 0.0005420 seconds, Stopping threads took: 0.0000870 seconds
201.593: Application time: 0.1244670 seconds
201.593: [GC [PSYoungGen: 23296K->464K(23552K)] 27493K->4661K(57344K), 0.0004680 secs] [Times: user=0.00 sys=0.00, real=0.00 secs] 
201.593: Total time for which application threads were stopped: 0.0005850 seconds, Stopping threads took: 0.0000500 seconds
201.721: Application time: 0.1273390 seconds
201.721: [GC [PSYoungGen: 23504K->256K(23552K)] 27701K->4794K(57344K), 0.0004840 secs] [Times: user=0.00 sys=0.00, real=0.00 secs] 
201.721: Total time for which application threads were stopped: 0.0006260 seconds, Stopping threads took: 0.0000730 seconds
201.850: Application time: 0.1286960 seconds
201.850: [GC [PSYoungGen: 23296K->256K(23552K)] 27834K->4866K(57344K), 0.0004050 secs] [Times: user=0.01 sys=0.00, real=0.00 secs] 
201.850: Total time for which application threads were stopped: 0.0005390 seconds, Stopping threads took: 0.0000580 seconds
201.978: Application time: 0.1275120 seconds
201.978: [GC [PSYoungGen: 23296K->256K(23552K)] 27906K->4866K(57344K), 0.0004480 secs] [Times: user=0.00 sys=0.00, real=0.00 secs] 
201.979: Total time for which application threads were stopped: 0.0005730 seconds, Stopping threads took: 0.0000600 seconds
202.107: Application time: 0.1287250 seconds
202.107: [GC [PSYoungGen: 23296K->256K(23552K)] 27906K->5034K(57344K), 0.0004130 secs] [Times: user=0.00 sys=0.00, real=0.01 secs] 
202.108: Total time for which application threads were stopped: 0.0005460 seconds, Stopping threads took: 0.0000650 seconds
202.236: Application time: 0.1282040 seconds
202.236: [GC [PSYoungGen: 23296K->256K(23552K)] 28074K->5058K(57344K), 0.0003840 secs] [Times: user=0.00 sys=0.00, real=0.00 secs] 
202.237: Total time for which application threads were stopped: 0.0005060 seconds, Stopping threads took: 0.0000540 seconds
202.361: Application time: 0.1247830 seconds
202.361: [GC [PSYoungGen: 23296K->400K(23552K)] 28098K->5202K(57344K), 0.0004750 secs] [Times: user=0.00 sys=0.00, real=0.00 secs] 
202.362: Total time for which application threads were stopped: 0.0006330 seconds, Stopping threads took: 0.0000750 seconds
202.489: Application time: 0.1268170 seconds
202.489: [GC [PSYoungGen: 23440K->256K(23552K)] 28242K->5350K(57344K), 0.0005020 secs] [Times: user=0.00 sys=0.00, real=0.00 secs] 
202.489: Total time for which application threads were stopped: 0.0006490 seconds, Stopping threads took: 0.0000800 seconds
202.617: Application time: 0.1279020 seconds
202.617: [GC [PSYoungGen: 23296K->256K(23552K)] 28390K->5494K(57344K), 0.0004060 secs] [Times: user=0.00 sys=0.00, real=0.00 secs] 
202.618: Total time for which application threads were stopped: 0.0005300 seconds, Stopping threads took: 0.0000540 seconds
202.747: Application time: 0.1293990 seconds
202.747: [GC [PSYoungGen: 23296K->256K(23552K)] 28534K->5494K(57344K), 0.0004100 secs] [Times: user=0.00 sys=0.00, real=0.01 secs] 
202.748: Total time for which application threads were stopped: 0.0005500 seconds, Stopping threads took: 0.0000710 seconds
202.888: Application time: 0.1405150 seconds
202.888: [GC [PSYoungGen: 23296K->256K(23552K)] 28534K->5566K(57344K), 0.0004390 secs] [Times: user=0.00 sys=0.00, real=0.00 secs] 
202.889: Total time for which application threads were stopped: 0.0005870 seconds, Stopping threads took: 0.0000680 seconds
203.030: Application time: 0.1415420 seconds
203.031: [GC [PSYoungGen: 23296K->256K(23552K)] 28606K->5686K(57344K), 0.0004180 secs] [Times: user=0.00 sys=0.00, real=0.00 secs] 
203.031: Total time for which application threads were stopped: 0.0005600 seconds, Stopping threads took: 0.0000770 seconds
203.170: Application time: 0.1391590 seconds
203.170: [GC [PSYoungGen: 23296K->272K(23552K)] 28726K->5702K(57344K), 0.0004200 secs] [Times: user=0.00 sys=0.00, real=0.00 secs] 
203.171: Total time for which application threads were stopped: 0.0005630 seconds, Stopping threads took: 0.0000740 seconds
203.308: Application time: 0.1372320 seconds
203.308: [GC [PSYoungGen: 23312K->416K(23552K)] 28742K->5975K(57344K), 0.0005360 secs] [Times: user=0.01 sys=0.00, real=0.00 secs] 
203.309: Total time for which application threads were stopped: 0.0006740 seconds, Stopping threads took: 0.0000620 seconds
203.450: Application time: 0.1409050 seconds
203.450: [GC [PSYoungGen: 23456K->256K(23552K)] 29015K->6111K(57344K), 0.0004850 secs] [Times: user=0.00 sys=0.00, real=0.00 secs] 
203.450: Total time for which application threads were stopped: 0.0006400 seconds, Stopping threads took: 0.0000760 seconds
203.591: Application time: 0.1407450 seconds
203.591: [GC [PSYoungGen: 23296K->256K(23552K)] 29151K->6111K(57344K), 0.0004130 secs] [Times: user=0.00 sys=0.00, real=0.00 secs] 
203.592: Total time for which application threads were stopped: 0.0005500 seconds, Stopping threads took: 0.0000670 seconds
203.732: Application time: 0.1407400 seconds
203.732: [GC [PSYoungGen: 23296K->256K(23552K)] 29151K->6159K(57344K), 0.0004330 secs] [Times: user=0.00 sys=0.00, real=0.00 secs] 
203.733: Total time for which application threads were stopped: 0.0005740 seconds, Stopping threads took: 0.0000730 seconds
203.874: Application time: 0.1409210 seconds
203.874: [GC [PSYoungGen: 23296K->256K(23552K)] 29199K->6303K(57344K), 0.0004410 secs] [Times: user=0.00 sys=0.00, real=0.00 secs] 
203.874: Total time for which application threads were stopped: 0.0005690 seconds, Stopping threads took: 0.0000580 seconds
204.014: Application time: 0.1399230 seconds
204.014: [GC [PSYoungGen: 23296K->256K(23552K)] 29343K->6303K(57344K), 0.0004420 secs] [Times: user=0.00 sys=0.00, real=0.00 secs] 
204.015: Total time for which application threads were stopped: 0.0005780 seconds, Stopping threads took: 0.0000550 seconds
204.151: Application time: 0.1365220 seconds
204.151: [GC [PSYoungGen: 23296K->416K(23552K)] 29343K->6591K(57344K), 0.0005360 secs] [Times: user=0.00 sys=0.00, real=0.00 secs] 
204.152: Total time for which application threads were stopped: 0.0006690 seconds, Stopping threads took: 0.0000580 seconds
204.294: Application time: 0.1418340 seconds
204.294: [GC [PSYoungGen: 23456K->256K(23552K)] 29631K->6735K(57344K), 0.0005100 secs] [Times: user=0.00 sys=0.00, real=0.00 secs] 
204.295: Total time for which application threads were stopped: 0.0006370 seconds, Stopping threads took: 0.0000560 seconds
204.435: Application time: 0.1402410 seconds
204.435: [GC [PSYoungGen: 23296K->256K(23552K)] 29775K->6735K(57344K), 0.0004200 secs] [Times: user=0.00 sys=0.00, real=0.00 secs] 
204.435: Total time for which application threads were stopped: 0.0005500 seconds, Stopping threads took: 0.0000570 seconds
204.575: Application time: 0.1400180 seconds
204.575: [GC [PSYoungGen: 23296K->256K(23552K)] 29775K->6759K(57344K), 0.0004300 secs] [Times: user=0.00 sys=0.00, real=0.00 secs] 
204.576: Total time for which application threads were stopped: 0.0005780 seconds, Stopping threads took: 0.0000590 seconds
204.717: Application time: 0.1411610 seconds
204.717: [GC [PSYoungGen: 23296K->224K(23552K)] 29799K->6879K(57344K), 0.0005370 secs] [Times: user=0.00 sys=0.00, real=0.00 secs] 
204.718: Total time for which application threads were stopped: 0.0006640 seconds, Stopping threads took: 0.0000550 seconds
204.859: Application time: 0.1408610 seconds
204.859: [GC [PSYoungGen: 23264K->256K(23552K)] 29919K->6911K(57344K), 0.0004440 secs] [Times: user=0.00 sys=0.00, real=0.00 secs] 
204.859: Total time for which application threads were stopped: 0.0006000 seconds, Stopping threads took: 0.0000870 seconds
204.996: Application time: 0.1366680 seconds
204.996: [GC [PSYoungGen: 23296K->448K(23552K)] 29951K->7176K(57344K), 0.0005120 secs] [Times: user=0.00 sys=0.00, real=0.00 secs] 
204.997: Total time for which application threads were stopped: 0.0006550 seconds, Stopping threads took: 0.0000710 seconds
205.138: Application time: 0.1416040 seconds
205.138: [GC [PSYoungGen: 23488K->256K(23552K)] 30216K->7340K(57344K), 0.0005570 secs] [Times: user=0.00 sys=0.00, real=0.00 secs] 
205.139: Total time for which application threads were stopped: 0.0007120 seconds, Stopping threads took: 0.0000610 seconds
205.280: Application time: 0.1409230 seconds
205.280: [GC [PSYoungGen: 23296K->256K(23552K)] 30380K->7340K(57344K), 0.0003900 secs] [Times: user=0.00 sys=0.00, real=0.00 secs] 
205.280: Total time for which application threads were stopped: 0.0005290 seconds, Stopping threads took: 0.0000700 seconds
205.422: Application time: 0.1415480 seconds
205.422: [GC [PSYoungGen: 23296K->256K(23552K)] 30380K->7364K(57344K), 0.0004230 secs] [Times: user=0.00 sys=0.00, real=0.00 secs] 
205.422: Total time for which application threads were stopped: 0.0005500 seconds, Stopping threads took: 0.0000600 seconds
205.563: Application time: 0.1406890 seconds
205.563: [GC [PSYoungGen: 23296K->256K(23552K)] 30404K->7532K(57344K), 0.0004710 secs] [Times: user=0.00 sys=0.00, real=0.00 secs] 
205.564: Total time for which application threads were stopped: 0.0006140 seconds, Stopping threads took: 0.0000710 seconds
205.704: Application time: 0.1406780 seconds
205.705: [GC [PSYoungGen: 23296K->256K(23552K)] 30572K->7532K(57344K), 0.0004190 secs] [Times: user=0.00 sys=0.00, real=0.00 secs] 
205.705: Total time for which application threads were stopped: 0.0005650 seconds, Stopping threads took: 0.0000660 seconds
205.842: Application time: 0.1368230 seconds
205.842: [GC [PSYoungGen: 23296K->448K(23552K)] 30572K->7796K(57344K), 0.0005160 secs] [Times: user=0.00 sys=0.00, real=0.00 secs] 
205.842: Total time for which application threads were stopped: 0.0006570 seconds, Stopping threads took: 0.0000710 seconds
205.984: Application time: 0.1412660 seconds
205.984: [GC [PSYoungGen: 23488K->256K(23552K)] 30836K->7952K(57344K), 0.0005050 secs] [Times: user=0.00 sys=0.00, real=0.00 secs] 
205.984: Total time for which application threads were stopped: 0.0006300 seconds, Stopping threads took: 0.0000550 seconds
206.125: Application time: 0.1406630 seconds
206.125: [GC [PSYoungGen: 23296K->256K(23552K)] 30992K->7952K(57344K), 0.0004170 secs] [Times: user=0.01 sys=0.00, real=0.00 secs] 
206.126: Total time for which application threads were stopped: 0.0005530 seconds, Stopping threads took: 0.0000670 seconds
206.265: Application time: 0.1397000 seconds
206.268: [GC [PSYoungGen: 23296K->256K(23552K)] 30992K->7976K(57344K), 0.0004740 secs] [Times: user=0.00 sys=0.00, real=0.00 secs] 
206.268: Total time for which application threads were stopped: 0.0027670 seconds, Stopping threads took: 0.0022160 seconds
206.409: Application time: 0.1409920 seconds
206.409: [GC [PSYoungGen: 23296K->256K(23552K)] 31016K->8144K(57344K), 0.0004320 secs] [Times: user=0.00 sys=0.00, real=0.00 secs] 
206.410: Total time for which application threads were stopped: 0.0005640 seconds, Stopping threads took: 0.0000630 seconds
206.550: Application time: 0.1404000 seconds
206.550: [GC [PSYoungGen: 23296K->256K(23552K)] 31184K->8144K(57344K), 0.0004370 secs] [Times: user=0.00 sys=0.00, real=0.00 secs] 
206.551: Total time for which application threads were stopped: 0.0005670 seconds, Stopping threads took: 0.0000600 seconds
206.688: Application time: 0.1375760 seconds
206.688: [GC [PSYoungGen: 23296K->416K(23552K)] 31184K->8369K(57344K), 0.0004940 secs] [Times: user=0.00 sys=0.00, real=0.00 secs] 
206.689: Total time for which application threads were stopped: 0.0006290 seconds, Stopping threads took: 0.0000660 seconds
206.820: Application time: 0.1314410 seconds
206.820: [GC [PSYoungGen: 23456K->256K(23552K)] 31409K->8505K(57344K), 0.0005090 secs] [Times: user=0.00 sys=0.00, real=0.00 secs] 
206.821: Total time for which application threads were stopped: 0.0006430 seconds, Stopping threads took: 0.0000510 seconds
206.949: Application time: 0.1283490 seconds
206.949: [GC [PSYoungGen: 23296K->256K(23552K)] 31545K->8577K(57344K), 0.0003990 secs] [Times: user=0.00 sys=0.00, real=0.00 secs] 
206.950: Total time for which application threads were stopped: 0.0005190 seconds, Stopping threads took: 0.0000510 seconds
207.078: Application time: 0.1277860 seconds
207.078: [GC [PSYoungGen: 23296K->256K(23552K)] 31617K->8577K(57344K), 0.0004120 secs] [Times: user=0.00 sys=0.00, real=0.00 secs] 
207.078: Total time for which application threads were stopped: 0.0005330 seconds, Stopping threads took: 0.0000550 seconds
207.206: Application time: 0.1279220 seconds
207.206: [GC [PSYoungGen: 23296K->256K(23552K)] 31617K->8745K(57344K), 0.0004590 secs] [Times: user=0.00 sys=0.00, real=0.00 secs] 
207.207: Total time for which application threads were stopped: 0.0005830 seconds, Stopping threads took: 0.0000570 seconds
207.335: Application time: 0.1279660 seconds
207.335: [GC [PSYoungGen: 23296K->256K(23552K)] 31785K->8769K(57344K), 0.0004080 secs] [Times: user=0.01 sys=0.00, real=0.00 secs] 
207.335: Total time for which application threads were stopped: 0.0005700 seconds, Stopping threads took: 0.0000860 seconds
207.460: Application time: 0.1246120 seconds
207.460: [GC [PSYoungGen: 23296K->464K(23552K)] 31809K->8977K(57344K), 0.0004630 secs] [Times: user=0.00 sys=0.00, real=0.00 secs] 
207.460: Total time for which application threads were stopped: 0.0006020 seconds, Stopping threads took: 0.0000680 seconds
207.588: Application time: 0.1281160 seconds
207.589: [GC [PSYoungGen: 23504K->256K(23552K)] 32017K->9117K(57344K), 0.0004980 secs] [Times: user=0.00 sys=0.00, real=0.00 secs] 
207.589: Total time for which application threads were stopped: 0.0006260 seconds, Stopping threads took: 0.0000590 seconds
207.717: Application time: 0.1283790 seconds
207.718: [GC [PSYoungGen: 23296K->256K(23552K)] 32157K->9189K(57344K), 0.0004150 secs] [Times: user=0.00 sys=0.00, real=0.00 secs] 
207.718: Total time for which application threads were stopped: 0.0005450 seconds, Stopping threads took: 0.0000640 seconds
207.846: Application time: 0.1277430 seconds
207.846: [GC [PSYoungGen: 23296K->224K(23552K)] 32229K->9157K(57344K), 0.0004390 secs] [Times: user=0.00 sys=0.00, real=0.00 secs] 
207.846: Total time for which application threads were stopped: 0.0005890 seconds, Stopping threads took: 0.0000650 seconds
207.975: Application time: 0.1285530 seconds
207.975: [GC [PSYoungGen: 23264K->224K(23552K)] 32197K->9325K(57344K), 0.0004490 secs] [Times: user=0.00 sys=0.00, real=0.00 secs] 
207.975: Total time for which application threads were stopped: 0.0005660 seconds, Stopping threads took: 0.0000460 seconds
208.104: Application time: 0.1285220 seconds
208.104: [GC [PSYoungGen: 23264K->256K(23552K)] 32365K->9381K(57344K), 0.0004000 secs] [Times: user=0.00 sys=0.00, real=0.00 secs] 
208.104: Total time for which application threads were stopped: 0.0005210 seconds, Stopping threads took: 0.0000520 seconds
208.230: Application time: 0.1252220 seconds
208.230: [GC [PSYoungGen: 23296K->416K(23552K)] 32421K->9542K(57344K), 0.0004450 secs] [Times: user=0.00 sys=0.00, real=0.00 secs] 
208.230: Total time for which application threads were stopped: 0.0005900 seconds, Stopping threads took: 0.0000750 seconds
208.357: Application time: 0.1267460 seconds
208.357: [GC [PSYoungGen: 23456K->304K(23552K)] 32582K->9718K(57344K), 0.0004950 secs] [Times: user=0.00 sys=0.00, real=0.00 secs] 
208.358: Total time for which application threads were stopped: 0.0006330 seconds, Stopping threads took: 0.0000600 seconds
208.486: Application time: 0.1280840 seconds
208.486: [GC [PSYoungGen: 23344K->256K(23552K)] 32758K->9806K(57344K), 0.0004170 secs] [Times: user=0.01 sys=0.00, real=0.00 secs] 
208.486: Total time for which application threads were stopped: 0.0005440 seconds, Stopping threads took: 0.0000580 seconds
208.613: Application time: 0.1270450 seconds
208.613: [GC [PSYoungGen: 23296K->256K(23552K)] 32846K->9806K(57344K), 0.0004090 secs] [Times: user=0.00 sys=0.00, real=0.00 secs] 
208.614: Total time for which application threads were stopped: 0.0005410 seconds, Stopping threads took: 0.0000660 seconds
208.742: Application time: 0.1281330 seconds
208.742: [GC [PSYoungGen: 23296K->256K(23552K)] 32846K->9926K(57344K), 0.0004490 secs] [Times: user=0.00 sys=0.00, real=0.00 secs] 
208.743: Total time for which application threads were stopped: 0.0005890 seconds, Stopping threads took: 0.0000700 seconds
208.871: Application time: 0.1279860 seconds
208.871: [GC [PSYoungGen: 23296K->256K(23552K)] 32966K->9998K(57344K), 0.0004100 secs] [Times: user=0.00 sys=0.00, real=0.00 secs] 
208.871: Total time for which application threads were stopped: 0.0005540 seconds, Stopping threads took: 0.0000680 seconds
208.997: Application time: 0.1260060 seconds
208.997: [GC [PSYoungGen: 23296K->288K(23552K)] 33038K->10030K(57344K), 0.0004230 secs] [Times: user=0.00 sys=0.00, real=0.00 secs] 
208.998: Total time for which application threads were stopped: 0.0005450 seconds, Stopping threads took: 0.0000550 seconds
209.124: Application time: 0.1262850 seconds
209.124: [GC [PSYoungGen: 23328K->304K(23552K)] 33070K->10238K(57344K), 0.0005070 secs] [Times: user=0.00 sys=0.00, real=0.00 secs] 
209.125: Total time for which application threads were stopped: 0.0006550 seconds, Stopping threads took: 0.0000800 seconds
209.253: Application time: 0.1284150 seconds
209.253: [GC [PSYoungGen: 23344K->256K(23552K)] 33278K->10426K(57344K), 0.0004470 secs] [Times: user=0.00 sys=0.00, real=0.00 secs] 
209.254: Total time for which application threads were stopped: 0.0005800 seconds, Stopping threads took: 0.0000630 seconds
209.381: Application time: 0.1273190 seconds
209.381: [GC [PSYoungGen: 23296K->256K(23552K)] 33466K->10426K(57344K), 0.0003980 secs] [Times: user=0.00 sys=0.00, real=0.00 secs] 
209.382: Total time for which application threads were stopped: 0.0005480 seconds, Stopping threads took: 0.0000680 seconds
209.509: Application time: 0.1275230 seconds
209.509: [GC [PSYoungGen: 23296K->224K(23552K)] 33466K->10442K(57344K), 0.0004780 secs] [Times: user=0.01 sys=0.00, real=0.00 secs] 
209.510: Total time for which application threads were stopped: 0.0005960 seconds, Stopping threads took: 0.0000520 seconds
209.638: Application time: 0.1284960 seconds
209.638: [GC [PSYoungGen: 23264K->256K(23552K)] 33482K->10619K(57344K), 0.0004440 secs] [Times: user=0.01 sys=0.00, real=0.00 secs] 
209.639: Total time for which application threads were stopped: 0.0005890 seconds, Stopping threads took: 0.0000750 seconds
209.766: Application time: 0.1272620 seconds
209.766: [GC [PSYoungGen: 23296K->256K(23552K)] 33659K->10619K(57344K), 0.0003980 secs] [Times: user=0.00 sys=0.00, real=0.00 secs] 
209.767: Total time for which application threads were stopped: 0.0005280 seconds, Stopping threads took: 0.0000620 seconds
209.891: Application time: 0.1248100 seconds
209.891: [GC [PSYoungGen: 23296K->416K(23552K)] 33659K->10891K(57344K), 0.0005230 secs] [Times: user=0.01 sys=0.00, real=0.00 secs] 
209.893: Total time for which application threads were stopped: 0.0017580 seconds, Stopping threads took: 0.0000610 seconds
210.022: Application time: 0.1286670 seconds
210.022: [GC [PSYoungGen: 23456K->256K(23552K)] 33931K->11035K(57344K), 0.0004550 secs] [Times: user=0.01 sys=0.00, real=0.00 secs] 
210.022: Total time for which application threads were stopped: 0.0005950 seconds, Stopping threads took: 0.0000730 seconds
210.151: Application time: 0.1283520 seconds
210.151: [GC [PSYoungGen: 23296K->256K(23552K)] 34075K->11035K(57344K), 0.0003930 secs] [Times: user=0.00 sys=0.00, real=0.00 secs] 
210.151: Total time for which application threads were stopped: 0.0005130 seconds, Stopping threads took: 0.0000540 seconds
210.278: Application time: 0.1269690 seconds
210.278: [GC [PSYoungGen: 23296K->256K(23552K)] 34075K->11083K(57344K), 0.0004330 secs] [Times: user=0.00 sys=0.00, real=0.00 secs] 
210.279: Total time for which application threads were stopped: 0.0005640 seconds, Stopping threads took: 0.0000640 seconds
210.407: Application time: 0.1285810 seconds
210.407: [GC [PSYoungGen: 23296K->256K(23552K)] 34123K->11227K(57344K), 0.0004340 secs] [Times: user=0.00 sys=0.00, real=0.00 secs] 
210.408: Total time for which application threads were stopped: 0.0005730 seconds, Stopping threads took: 0.0000550 seconds
210.535: Application time: 0.1275280 seconds
210.536: [GC [PSYoungGen: 23296K->256K(23552K)] 34267K->11227K(57344K), 0.0004260 secs] [Times: user=0.00 sys=0.00, real=0.00 secs] 
210.536: Total time for which application threads were stopped: 0.0005650 seconds, Stopping threads took: 0.0000620 seconds
210.660: Application time: 0.1242870 seconds
210.660: [GC [PSYoungGen: 23296K->448K(23552K)] 34267K->11491K(57344K), 0.0005380 secs] [Times: user=0.00 sys=0.00, real=0.00 secs] 
210.661: Total time for which application threads were stopped: 0.0006740 seconds, Stopping threads took: 0.0000720 seconds
210.794: Application time: 0.1329610 seconds
210.796: [GC [PSYoungGen: 23488K->256K(23552K)] 34531K->11643K(57344K), 0.0005280 secs] [Times: user=0.00 sys=0.00, real=0.00 secs] 
210.796: Total time for which application threads were stopped: 0.0021110 seconds, Stopping threads took: 0.0015100 seconds
210.937: Application time: 0.1409420 seconds
210.937: [GC [PSYoungGen: 23296K->256K(23552K)] 34683K->11643K(57344K), 0.0004070 secs] [Times: user=0.00 sys=0.00, real=0.00 secs] 
210.938: Total time for which application threads were stopped: 0.0005850 seconds, Stopping threads took: 0.0000990 seconds
211.078: Application time: 0.1406280 seconds
211.078: [GC [PSYoungGen: 23296K->256K(23552K)] 34683K->11667K(57344K), 0.0004460 secs] [Times: user=0.01 sys=0.00, real=0.00 secs] 
211.079: Total time for which application threads were stopped: 0.0005830 seconds, Stopping threads took: 0.0000660 seconds
211.220: Application time: 0.1408340 seconds
211.220: [GC [PSYoungGen: 23296K->256K(23552K)] 34707K->11836K(57344K), 0.0004450 secs] [Times: user=0.00 sys=0.00, real=0.00 secs] 
211.220: Total time for which application threads were stopped: 0.0005850 seconds, Stopping threads took: 0.0000690 seconds
211.360: Application time: 0.1396610 seconds
211.360: [GC [PSYoungGen: 23296K->256K(23552K)] 34876K->11836K(57344K), 0.0004110 secs] [Times: user=0.00 sys=0.00, real=0.00 secs] 
211.360: Total time for which application threads were stopped: 0.0005470 seconds, Stopping threads took: 0.0000670 seconds
211.497: Application time: 0.1363010 seconds
211.497: [GC [PSYoungGen: 23296K->480K(23552K)] 34876K->12132K(57344K), 0.0005480 secs] [Times: user=0.00 sys=0.00, real=0.00 secs] 
211.497: Total time for which application threads were stopped: 0.0007160 seconds, Stopping threads took: 0.0000820 seconds
211.638: Application time: 0.1406490 seconds
211.638: [GC [PSYoungGen: 23520K->224K(23552K)] 35172K->12216K(57344K), 0.0005380 secs] [Times: user=0.00 sys=0.00, real=0.00 secs] 
211.639: Total time for which application threads were stopped: 0.0006690 seconds, Stopping threads took: 0.0000600 seconds
211.780: Application time: 0.1411010 seconds
211.780: [GC [PSYoungGen: 23264K->256K(23552K)] 35256K->12248K(57344K), 0.0004190 secs] [Times: user=0.00 sys=0.00, real=0.00 secs] 
211.780: Total time for which application threads were stopped: 0.0005630 seconds, Stopping threads took: 0.0000720 seconds
211.921: Application time: 0.1406680 seconds
211.921: [GC [PSYoungGen: 23296K->256K(23552K)] 35288K->12272K(57344K), 0.0004490 secs] [Times: user=0.00 sys=0.00, real=0.00 secs] 
211.922: Total time for which application threads were stopped: 0.0005890 seconds, Stopping threads took: 0.0000690 seconds
212.064: Application time: 0.1417790 seconds
212.068: [GC [PSYoungGen: 23296K->256K(23552K)] 35312K->12416K(57344K), 0.0004760 secs] [Times: user=0.00 sys=0.00, real=0.00 secs] 
212.068: Total time for which application threads were stopped: 0.0045290 seconds, Stopping threads took: 0.0039740 seconds
212.208: Application time: 0.1400610 seconds
212.208: [GC [PSYoungGen: 23296K->256K(23552K)] 35456K->12440K(57344K), 0.0004120 secs] [Times: user=0.00 sys=0.00, real=0.00 secs] 
212.209: Total time for which application threads were stopped: 0.0005560 seconds, Stopping threads took: 0.0000750 seconds
212.346: Application time: 0.1369380 seconds
212.346: [GC [PSYoungGen: 23296K->384K(23552K)] 35480K->12632K(57344K), 0.0005030 secs] [Times: user=0.00 sys=0.00, real=0.00 secs] 
212.346: Total time for which application threads were stopped: 0.0006350 seconds, Stopping threads took: 0.0000630 seconds
212.486: Application time: 0.1401950 seconds
212.487: [GC [PSYoungGen: 23424K->256K(23552K)] 35672K->12800K(57344K), 0.0005290 secs] [Times: user=0.00 sys=0.00, real=0.00 secs] 
212.487: Total time for which application threads were stopped: 0.0006720 seconds, Stopping threads took: 0.0000730 seconds
212.628: Application time: 0.1407090 seconds
212.628: [GC [PSYoungGen: 23296K->256K(23552K)] 35840K->12872K(57344K), 0.0004310 secs] [Times: user=0.00 sys=0.00, real=0.00 secs] 
212.628: Total time for which application threads were stopped: 0.0005790 seconds, Stopping threads took: 0.0000680 seconds
212.770: Application time: 0.1415980 seconds
212.770: [GC [PSYoungGen: 23296K->256K(23552K)] 35912K->12896K(57344K), 0.0004340 secs] [Times: user=0.00 sys=0.00, real=0.00 secs] 
212.771: Total time for which application threads were stopped: 0.0005660 seconds, Stopping threads took: 0.0000640 seconds
212.911: Application time: 0.1407440 seconds
212.911: [GC [PSYoungGen: 23296K->256K(23552K)] 35936K->13041K(57344K), 0.0004720 secs] [Times: user=0.00 sys=0.00, real=0.00 secs] 
212.912: Total time for which application threads were stopped: 0.0006090 seconds, Stopping threads took: 0.0000620 seconds
213.052: Application time: 0.1400870 seconds
213.052: [GC [PSYoungGen: 23296K->224K(23552K)] 36081K->13033K(57344K), 0.0004380 secs] [Times: user=0.00 sys=0.00, real=0.00 secs] 
213.053: Total time for which application threads were stopped: 0.0005660 seconds, Stopping threads took: 0.0000600 seconds
213.190: Application time: 0.1371020 seconds
213.190: [GC [PSYoungGen: 23264K->400K(23552K)] 36073K->13273K(57344K), 0.0006180 secs] [Times: user=0.00 sys=0.00, real=0.00 secs] 
213.190: Total time for which application threads were stopped: 0.0007680 seconds, Stopping threads took: 0.0000650 seconds
213.331: Application time: 0.1402310 seconds
213.331: [GC [PSYoungGen: 23440K->256K(23552K)] 36313K->13433K(57344K), 0.0005520 secs] [Times: user=0.00 sys=0.00, real=0.00 secs] 
213.331: Total time for which application threads were stopped: 0.0006910 seconds, Stopping threads took: 0.0000620 seconds
213.473: Application time: 0.1412350 seconds
213.473: [GC [PSYoungGen: 23296K->256K(23552K)] 36473K->13505K(57344K), 0.0004230 secs] [Times: user=0.00 sys=0.00, real=0.00 secs] 
213.473: Total time for which application threads were stopped: 0.0005700 seconds, Stopping threads took: 0.0000700 seconds
213.614: Application time: 0.1403780 seconds
213.614: [GC [PSYoungGen: 23296K->256K(23552K)] 36545K->13505K(57344K), 0.0004410 secs] [Times: user=0.00 sys=0.00, real=0.00 secs] 
213.614: Total time for which application threads were stopped: 0.0005760 seconds, Stopping threads took: 0.0000620 seconds
213.754: Application time: 0.1400980 seconds
213.754: [GC [PSYoungGen: 23296K->224K(23552K)] 36545K->13617K(57344K), 0.0004710 secs] [Times: user=0.01 sys=0.00, real=0.00 secs] 
213.755: Total time for which application threads were stopped: 0.0006210 seconds, Stopping threads took: 0.0000700 seconds
213.896: Application time: 0.1408280 seconds
213.896: [GC [PSYoungGen: 23264K->256K(23552K)] 36657K->13697K(57344K), 0.0004160 secs] [Times: user=0.00 sys=0.00, real=0.00 secs] 
213.896: Total time for which application threads were stopped: 0.0005540 seconds, Stopping threads took: 0.0000630 seconds
214.034: Application time: 0.1380360 seconds
214.034: [GC [PSYoungGen: 23296K->336K(23552K)] 36737K->13777K(57344K), 0.0004610 secs] [Times: user=0.00 sys=0.00, real=0.00 secs] 
214.035: Total time for which application threads were stopped: 0.0005930 seconds, Stopping threads took: 0.0000620 seconds
214.174: Application time: 0.1390420 seconds
214.174: [GC [PSYoungGen: 23376K->320K(23552K)] 36817K->14021K(57344K), 0.0005230 secs] [Times: user=0.00 sys=0.00, real=0.00 secs] 
214.175: Total time for which application threads were stopped: 0.0006700 seconds, Stopping threads took: 0.0000690 seconds
214.315: Application time: 0.1408270 seconds
214.316: [GC [PSYoungGen: 23360K->256K(23552K)] 37061K->14133K(57344K), 0.0004520 secs] [Times: user=0.00 sys=0.00, real=0.00 secs] 
214.316: Total time for which application threads were stopped: 0.0006310 seconds, Stopping threads took: 0.0000850 seconds
214.456: Application time: 0.1402640 seconds
214.456: [GC [PSYoungGen: 23296K->256K(23552K)] 37173K->14133K(57344K), 0.0004870 secs] [Times: user=0.00 sys=0.00, real=0.00 secs] 
214.457: Total time for which application threads were stopped: 0.0006180 seconds, Stopping threads took: 0.0000570 seconds
214.598: Application time: 0.1407510 seconds
214.598: [GC [PSYoungGen: 23296K->256K(23552K)] 37173K->14253K(57344K), 0.0004900 secs] [Times: user=0.00 sys=0.00, real=0.00 secs] 
214.598: Total time for which application threads were stopped: 0.0006290 seconds, Stopping threads took: 0.0000690 seconds
214.739: Application time: 0.1404270 seconds
214.739: [GC [PSYoungGen: 23296K->256K(23552K)] 37293K->14326K(57344K), 0.0003850 secs] [Times: user=0.00 sys=0.00, real=0.00 secs] 
214.739: Total time for which application threads were stopped: 0.0005170 seconds, Stopping threads took: 0.0000620 seconds
214.865: Application time: 0.1260310 seconds
214.865: [GC [PSYoungGen: 23296K->320K(23552K)] 37366K->14390K(57344K), 0.0005010 secs] [Times: user=0.00 sys=0.00, real=0.00 secs] 
214.866: Total time for which application threads were stopped: 0.0006510 seconds, Stopping threads took: 0.0000670 seconds
214.993: Application time: 0.1265600 seconds
214.993: [GC [PSYoungGen: 23360K->288K(23552K)] 37430K->14574K(57344K), 0.0005390 secs] [Times: user=0.00 sys=0.00, real=0.00 secs] 
214.993: Total time for which application threads were stopped: 0.0006750 seconds, Stopping threads took: 0.0000670 seconds
215.124: Application time: 0.1309370 seconds
215.124: [GC [PSYoungGen: 23328K->256K(23552K)] 37614K->14770K(57344K), 0.0004340 secs] [Times: user=0.00 sys=0.00, real=0.00 secs] 
215.125: Total time for which application threads were stopped: 0.0005610 seconds, Stopping threads took: 0.0000580 seconds
215.253: Application time: 0.1283680 seconds
215.253: [GC [PSYoungGen: 23296K->256K(23552K)] 37810K->14770K(57344K), 0.0004250 secs] [Times: user=0.00 sys=0.00, real=0.00 secs] 
215.254: Total time for which application threads were stopped: 0.0005760 seconds, Stopping threads took: 0.0000760 seconds
215.381: Application time: 0.1272640 seconds
215.381: [GC [PSYoungGen: 23296K->256K(23552K)] 37810K->14842K(57344K), 0.0004680 secs] [Times: user=0.00 sys=0.00, real=0.00 secs] 
215.382: Total time for which application threads were stopped: 0.0006070 seconds, Stopping threads took: 0.0000580 seconds
215.510: Application time: 0.1281950 seconds
215.510: [GC [PSYoungGen: 23296K->256K(23552K)] 37882K->14962K(57344K), 0.0003930 secs] [Times: user=0.00 sys=0.00, real=0.00 secs] 
215.510: Total time for which application threads were stopped: 0.0005460 seconds, Stopping threads took: 0.0000800 seconds
215.637: Application time: 0.1270920 seconds
215.637: [GC [PSYoungGen: 23296K->256K(23552K)] 38002K->14962K(57344K), 0.0004100 secs] [Times: user=0.00 sys=0.00, real=0.00 secs] 
215.638: Total time for which application threads were stopped: 0.0005440 seconds, Stopping threads took: 0.0000650 seconds
215.763: Application time: 0.1253010 seconds
215.763: [GC [PSYoungGen: 23296K->416K(23552K)] 38002K->15250K(57344K), 0.0005120 secs] [Times: user=0.01 sys=0.00, real=0.00 secs] 
215.764: Total time for which application threads were stopped: 0.0006740 seconds, Stopping threads took: 0.0000850 seconds
215.892: Application time: 0.1282260 seconds
215.892: [GC [PSYoungGen: 23456K->256K(23552K)] 38290K->15398K(57344K), 0.0004930 secs] [Times: user=0.01 sys=0.00, real=0.00 secs] 
215.893: Total time for which application threads were stopped: 0.0006390 seconds, Stopping threads took: 0.0000670 seconds
216.027: Application time: 0.1343920 seconds
216.027: [GC [PSYoungGen: 23296K->256K(23552K)] 38438K->15398K(57344K), 0.0003960 secs] [Times: user=0.00 sys=0.00, real=0.01 secs] 
216.028: Total time for which application threads were stopped: 0.0005220 seconds, Stopping threads took: 0.0000520 seconds
216.156: Application time: 0.1280150 seconds
216.156: [GC [PSYoungGen: 23296K->256K(23552K)] 38438K->15446K(57344K), 0.0004310 secs] [Times: user=0.00 sys=0.00, real=0.00 secs] 
216.156: Total time for which application threads were stopped: 0.0005770 seconds, Stopping threads took: 0.0000740 seconds
216.284: Application time: 0.1273860 seconds
216.284: [GC [PSYoungGen: 23296K->224K(23552K)] 38486K->15559K(57344K), 0.0004570 secs] [Times: user=0.00 sys=0.00, real=0.00 secs] 
216.284: Total time for which application threads were stopped: 0.0005880 seconds, Stopping threads took: 0.0000580 seconds
216.411: Application time: 0.1271340 seconds
216.412: [GC [PSYoungGen: 23264K->256K(23552K)] 38599K->15591K(57344K), 0.0004100 secs] [Times: user=0.01 sys=0.00, real=0.00 secs] 
216.412: Total time for which application threads were stopped: 0.0005570 seconds, Stopping threads took: 0.0000670 seconds
216.536: Application time: 0.1243290 seconds
216.536: [GC [PSYoungGen: 23296K->416K(23552K)] 38631K->15863K(57344K), 0.0005710 secs] [Times: user=0.00 sys=0.00, real=0.00 secs] 
216.537: Total time for which application threads were stopped: 0.0006990 seconds, Stopping threads took: 0.0000560 seconds
216.666: Application time: 0.1285670 seconds
216.666: [GC [PSYoungGen: 23456K->256K(23552K)] 38903K->15999K(57344K), 0.0005400 secs] [Times: user=0.00 sys=0.00, real=0.00 secs] 
216.666: Total time for which application threads were stopped: 0.0006810 seconds, Stopping threads took: 0.0000680 seconds
216.794: Application time: 0.1279780 seconds
216.794: [GC [PSYoungGen: 23296K->256K(23552K)] 39039K->15999K(57344K), 0.0003920 secs] [Times: user=0.00 sys=0.00, real=0.00 secs] 
216.795: Total time for which application threads were stopped: 0.0005230 seconds, Stopping threads took: 0.0000610 seconds
216.922: Application time: 0.1269580 seconds
216.922: [GC [PSYoungGen: 23296K->256K(23552K)] 39039K->15999K(57344K), 0.0004350 secs] [Times: user=0.00 sys=0.00, real=0.00 secs] 
216.922: Total time for which application threads were stopped: 0.0005750 seconds, Stopping threads took: 0.0000570 seconds
217.051: Application time: 0.1286420 seconds
217.051: [GC [PSYoungGen: 23296K->192K(23552K)] 39039K->16111K(57344K), 0.0004560 secs] [Times: user=0.00 sys=0.00, real=0.00 secs] 
217.051: Total time for which application threads were stopped: 0.0005810 seconds, Stopping threads took: 0.0000580 seconds
217.180: Application time: 0.1281520 seconds
217.180: [GC [PSYoungGen: 23232K->256K(23552K)] 39151K->16175K(57344K), 0.0004370 secs] [Times: user=0.00 sys=0.00, real=0.00 secs] 
217.180: Total time for which application threads were stopped: 0.0005650 seconds, Stopping threads took: 0.0000600 seconds
217.304: Application time: 0.1236800 seconds
217.304: [GC [PSYoungGen: 23296K->496K(23552K)] 39215K->16415K(57344K), 0.0005150 secs] [Times: user=0.00 sys=0.00, real=0.00 secs] 
217.305: Total time for which application threads were stopped: 0.0006620 seconds, Stopping threads took: 0.0000730 seconds
217.433: Application time: 0.1281930 seconds
217.433: [GC [PSYoungGen: 23536K->256K(23552K)] 39455K->16563K(57344K), 0.0005140 secs] [Times: user=0.00 sys=0.00, real=0.00 secs] 
217.433: Total time for which application threads were stopped: 0.0006630 seconds, Stopping threads took: 0.0000640 seconds
217.562: Application time: 0.1285540 seconds
217.562: [GC [PSYoungGen: 23296K->256K(23552K)] 39603K->16563K(57344K), 0.0003950 secs] [Times: user=0.00 sys=0.00, real=0.00 secs] 
217.563: Total time for which application threads were stopped: 0.0005520 seconds, Stopping threads took: 0.0000840 seconds
217.690: Application time: 0.1273660 seconds
217.690: [GC [PSYoungGen: 23296K->256K(23552K)] 39603K->16563K(57344K), 0.0004420 secs] [Times: user=0.00 sys=0.00, real=0.00 secs] 
217.690: Total time for which application threads were stopped: 0.0005780 seconds, Stopping threads took: 0.0000630 seconds
217.819: Application time: 0.1286740 seconds
217.819: [GC [PSYoungGen: 23296K->256K(23552K)] 39603K->16756K(57344K), 0.0004650 secs] [Times: user=0.00 sys=0.00, real=0.01 secs] 
217.820: Total time for which application threads were stopped: 0.0006130 seconds, Stopping threads took: 0.0000650 seconds
217.948: Application time: 0.1282090 seconds
217.948: [GC [PSYoungGen: 23296K->256K(23552K)] 39796K->16756K(57344K), 0.0004140 secs] [Times: user=0.00 sys=0.00, real=0.00 secs] 
217.949: Total time for which application threads were stopped: 0.0005610 seconds, Stopping threads took: 0.0000680 seconds
218.073: Application time: 0.1243170 seconds
218.073: [GC [PSYoungGen: 23296K->432K(23552K)] 39796K->16932K(57344K), 0.0004840 secs] [Times: user=0.00 sys=0.00, real=0.00 secs] 
218.073: Total time for which application threads were stopped: 0.0006190 seconds, Stopping threads took: 0.0000660 seconds
218.201: Application time: 0.1279250 seconds
218.202: [GC [PSYoungGen: 23472K->256K(23552K)] 39972K->17092K(57344K), 0.0005380 secs] [Times: user=0.00 sys=0.00, real=0.00 secs] 
218.202: Total time for which application threads were stopped: 0.0006730 seconds, Stopping threads took: 0.0000660 seconds
218.331: Application time: 0.1284660 seconds
218.331: [GC [PSYoungGen: 23296K->192K(23552K)] 40132K->17100K(57344K), 0.0004620 secs] [Times: user=0.00 sys=0.00, real=0.00 secs] 
218.331: Total time for which application threads were stopped: 0.0005910 seconds, Stopping threads took: 0.0000560 seconds
218.459: Application time: 0.1275160 seconds
218.459: [GC [PSYoungGen: 23232K->224K(23552K)] 40140K->17132K(57344K), 0.0004420 secs] [Times: user=0.00 sys=0.00, real=0.00 secs] 
218.459: Total time for which application threads were stopped: 0.0005960 seconds, Stopping threads took: 0.0000690 seconds
218.588: Application time: 0.1285140 seconds
218.588: [GC [PSYoungGen: 23264K->256K(23552K)] 40172K->17332K(57344K), 0.0004160 secs] [Times: user=0.00 sys=0.00, real=0.00 secs] 
218.588: Total time for which application threads were stopped: 0.0005620 seconds, Stopping threads took: 0.0000760 seconds
218.716: Application time: 0.1278830 seconds
218.716: [GC [PSYoungGen: 23296K->256K(23552K)] 40372K->17356K(57344K), 0.0003900 secs] [Times: user=0.00 sys=0.00, real=0.00 secs] 
218.717: Total time for which application threads were stopped: 0.0005180 seconds, Stopping threads took: 0.0000540 seconds
218.850: Application time: 0.1335210 seconds
218.850: [GC [PSYoungGen: 23296K->496K(23552K)] 40396K->17596K(57344K), 0.0005360 secs] [Times: user=0.00 sys=0.00, real=0.00 secs] 
218.851: Total time for which application threads were stopped: 0.0006820 seconds, Stopping threads took: 0.0000640 seconds
218.991: Application time: 0.1400800 seconds
218.991: [GC [PSYoungGen: 23536K->224K(23552K)] 40636K->17664K(57344K), 0.0005540 secs] [Times: user=0.00 sys=0.00, real=0.00 secs] 
218.992: Total time for which application threads were stopped: 0.0006960 seconds, Stopping threads took: 0.0000570 seconds
219.132: Application time: 0.1406690 seconds
219.132: [GC [PSYoungGen: 23264K->256K(23552K)] 40704K->17776K(57344K), 0.0004620 secs] [Times: user=0.00 sys=0.00, real=0.00 secs] 
219.133: Total time for which application threads were stopped: 0.0005890 seconds, Stopping threads took: 0.0000530 seconds
219.273: Application time: 0.1404140 seconds
219.274: [GC [PSYoungGen: 23296K->256K(23552K)] 40816K->17776K(57344K), 0.0004560 secs] [Times: user=0.01 sys=0.00, real=0.00 secs] 
219.274: Total time for which application threads were stopped: 0.0005880 seconds, Stopping threads took: 0.0000590 seconds
219.415: Application time: 0.1411050 seconds
219.415: [GC [PSYoungGen: 23296K->224K(23552K)] 40816K->17913K(57344K), 0.0005580 secs] [Times: user=0.00 sys=0.00, real=0.00 secs] 
219.416: Total time for which application threads were stopped: 0.0007060 seconds, Stopping threads took: 0.0000700 seconds
219.557: Application time: 0.1410800 seconds
219.557: [GC [PSYoungGen: 23264K->256K(23552K)] 40953K->17969K(57344K), 0.0004400 secs] [Times: user=0.00 sys=0.00, real=0.00 secs] 
219.557: Total time for which application threads were stopped: 0.0005780 seconds, Stopping threads took: 0.0000540 seconds
219.695: Application time: 0.1371190 seconds
219.695: [GC [PSYoungGen: 23296K->448K(23552K)] 41009K->18161K(57344K), 0.0005030 secs] [Times: user=0.00 sys=0.00, real=0.00 secs] 
219.695: Total time for which application threads were stopped: 0.0006430 seconds, Stopping threads took: 0.0000650 seconds
219.835: Application time: 0.1401110 seconds
219.835: [GC [PSYoungGen: 23488K->256K(23552K)] 41201K->18313K(57344K), 0.0005650 secs] [Times: user=0.00 sys=0.00, real=0.00 secs] 
219.836: Total time for which application threads were stopped: 0.0007140 seconds, Stopping threads took: 0.0000700 seconds
219.977: Application time: 0.1410900 seconds
219.977: [GC [PSYoungGen: 23296K->256K(23552K)] 41353K->18393K(57344K), 0.0004480 secs] [Times: user=0.00 sys=0.00, real=0.00 secs] 
219.978: Total time for which application threads were stopped: 0.0005970 seconds, Stopping threads took: 0.0000750 seconds
220.118: Application time: 0.1401670 seconds
220.118: [GC [PSYoungGen: 23296K->256K(23552K)] 41433K->18393K(57344K), 0.0004660 secs] [Times: user=0.01 sys=0.00, real=0.00 secs] 
220.119: Total time for which application threads were stopped: 0.0006180 seconds, Stopping threads took: 0.0000690 seconds
220.260: Application time: 0.1414490 seconds
220.260: [GC [PSYoungGen: 23296K->256K(23552K)] 41433K->18561K(57344K), 0.0004650 secs] [Times: user=0.00 sys=0.00, real=0.00 secs] 
220.261: Total time for which application threads were stopped: 0.0006130 seconds, Stopping threads took: 0.0000740 seconds
220.402: Application time: 0.1409160 seconds
220.402: [GC [PSYoungGen: 23296K->256K(23552K)] 41601K->18585K(57344K), 0.0004040 secs] [Times: user=0.00 sys=0.00, real=0.00 secs] 
220.402: Total time for which application threads were stopped: 0.0005310 seconds, Stopping threads took: 0.0000550 seconds
220.539: Application time: 0.1373490 seconds
220.540: [GC [PSYoungGen: 23296K->400K(23552K)] 41625K->18729K(57344K), 0.0004750 secs] [Times: user=0.00 sys=0.00, real=0.00 secs] 
220.540: Total time for which application threads were stopped: 0.0006170 seconds, Stopping threads took: 0.0000640 seconds
220.680: Application time: 0.1395870 seconds
220.680: [GC [PSYoungGen: 23440K->288K(23552K)] 41769K->18913K(57344K), 0.0005810 secs] [Times: user=0.01 sys=0.00, real=0.00 secs] 
220.680: Total time for which application threads were stopped: 0.0007310 seconds, Stopping threads took: 0.0000630 seconds
220.821: Application time: 0.1407580 seconds
220.821: [GC [PSYoungGen: 23328K->256K(23552K)] 41953K->19001K(57344K), 0.0004390 secs] [Times: user=0.00 sys=0.00, real=0.00 secs] 
220.822: Total time for which application threads were stopped: 0.0005990 seconds, Stopping threads took: 0.0000850 seconds
220.963: Application time: 0.1409550 seconds
220.963: [GC [PSYoungGen: 23296K->224K(23552K)] 42041K->18969K(57344K), 0.0004370 secs] [Times: user=0.01 sys=0.00, real=0.00 secs] 
220.963: Total time for which application threads were stopped: 0.0005740 seconds, Stopping threads took: 0.0000650 seconds
221.104: Application time: 0.1411450 seconds
221.105: [GC [PSYoungGen: 23264K->224K(23552K)] 42009K->19090K(57344K), 0.0005470 secs] [Times: user=0.00 sys=0.00, real=0.00 secs] 
221.105: Total time for which application threads were stopped: 0.0007000 seconds, Stopping threads took: 0.0000780 seconds
221.247: Application time: 0.1416940 seconds
221.247: [GC [PSYoungGen: 23264K->256K(23552K)] 42130K->19194K(57344K), 0.0005340 secs] [Times: user=0.00 sys=0.00, real=0.01 secs] 
221.247: Total time for which application threads were stopped: 0.0006790 seconds, Stopping threads took: 0.0000540 seconds
221.385: Application time: 0.1380360 seconds
221.386: [GC [PSYoungGen: 23296K->304K(23552K)] 42234K->19242K(57344K), 0.0005220 secs] [Times: user=0.00 sys=0.00, real=0.00 secs] 
221.386: Total time for which application threads were stopped: 0.0006510 seconds, Stopping threads took: 0.0000540 seconds
221.525: Application time: 0.1391050 seconds
221.525: [GC [PSYoungGen: 23344K->320K(23552K)] 42282K->19450K(57344K), 0.0005330 secs] [Times: user=0.00 sys=0.00, real=0.00 secs] 
221.526: Total time for which application threads were stopped: 0.0006690 seconds, Stopping threads took: 0.0000630 seconds
221.667: Application time: 0.1407150 seconds
221.667: [GC [PSYoungGen: 23360K->224K(23552K)] 42490K->19566K(57344K), 0.0005190 secs] [Times: user=0.00 sys=0.00, real=0.00 secs] 
221.667: Total time for which application threads were stopped: 0.0006620 seconds, Stopping threads took: 0.0000700 seconds
221.808: Application time: 0.1410830 seconds
221.809: [GC [PSYoungGen: 23264K->256K(23552K)] 42606K->19598K(57344K), 0.0004270 secs] [Times: user=0.00 sys=0.00, real=0.00 secs] 
221.809: Total time for which application threads were stopped: 0.0005590 seconds, Stopping threads took: 0.0000500 seconds
221.949: Application time: 0.1402430 seconds
221.949: [GC [PSYoungGen: 23296K->256K(23552K)] 42638K->19622K(57344K), 0.0004820 secs] [Times: user=0.01 sys=0.00, real=0.00 secs] 
221.950: Total time for which application threads were stopped: 0.0006170 seconds, Stopping threads took: 0.0000620 seconds
222.091: Application time: 0.1413700 seconds
222.091: [GC [PSYoungGen: 23296K->256K(23552K)] 42662K->19782K(57344K), 0.0005200 secs] [Times: user=0.00 sys=0.00, real=0.00 secs] 
222.092: Total time for which application threads were stopped: 0.0006460 seconds, Stopping threads took: 0.0000530 seconds
222.232: Application time: 0.1402130 seconds
222.232: [GC [PSYoungGen: 23296K->224K(23552K)] 42822K->19750K(57344K), 0.0004240 secs] [Times: user=0.01 sys=0.00, real=0.00 secs] 
222.233: Total time for which application threads were stopped: 0.0005510 seconds, Stopping threads took: 0.0000500 seconds
222.369: Application time: 0.1366420 seconds
222.369: [GC [PSYoungGen: 23264K->400K(23552K)] 42790K->19998K(57344K), 0.0005480 secs] [Times: user=0.00 sys=0.00, real=0.00 secs] 
222.370: Total time for which application threads were stopped: 0.0006930 seconds, Stopping threads took: 0.0000580 seconds
222.511: Application time: 0.1408130 seconds
222.512: [GC [PSYoungGen: 23440K->256K(23552K)] 43038K->20203K(57344K), 0.0005650 secs] [Times: user=0.00 sys=0.00, real=0.00 secs] 
222.512: Total time for which application threads were stopped: 0.0013500 seconds, Stopping threads took: 0.0007130 seconds
222.654: Application time: 0.1414560 seconds
222.654: [GC [PSYoungGen: 23296K->256K(23552K)] 43243K->20203K(57344K), 0.0004240 secs] [Times: user=0.00 sys=0.00, real=0.00 secs] 
222.654: Total time for which application threads were stopped: 0.0005540 seconds, Stopping threads took: 0.0000550 seconds
222.789: Application time: 0.1353760 seconds
222.790: [GC [PSYoungGen: 23296K->240K(23552K)] 43243K->20187K(57344K), 0.0004980 secs] [Times: user=0.00 sys=0.00, real=0.00 secs] 
222.790: Total time for which application threads were stopped: 0.0006210 seconds, Stopping threads took: 0.0000530 seconds
222.919: Application time: 0.1289670 seconds
222.919: [GC [PSYoungGen: 23280K->256K(23552K)] 43227K->20395K(57344K), 0.0004530 secs] [Times: user=0.00 sys=0.00, real=0.01 secs] 
222.920: Total time for which application threads were stopped: 0.0006010 seconds, Stopping threads took: 0.0000680 seconds
223.048: Application time: 0.1280470 seconds
223.048: [GC [PSYoungGen: 23296K->256K(23552K)] 43435K->20395K(57344K), 0.0004180 secs] [Times: user=0.00 sys=0.00, real=0.00 secs] 
223.048: Total time for which application threads were stopped: 0.0005330 seconds, Stopping threads took: 0.0000500 seconds
223.172: Application time: 0.1236120 seconds
223.172: [GC [PSYoungGen: 23296K->464K(23552K)] 43435K->20603K(57344K), 0.0005250 secs] [Times: user=0.00 sys=0.00, real=0.00 secs] 
223.173: Total time for which application threads were stopped: 0.0006480 seconds, Stopping threads took: 0.0000510 seconds
223.300: Application time: 0.1278150 seconds
223.300: [GC [PSYoungGen: 23504K->256K(23552K)] 43643K->20783K(57344K), 0.0005200 secs] [Times: user=0.00 sys=0.00, real=0.00 secs] 
223.301: Total time for which application threads were stopped: 0.0006490 seconds, Stopping threads took: 0.0000590 seconds
223.429: Application time: 0.1282400 seconds
223.429: [GC [PSYoungGen: 23296K->256K(23552K)] 43823K->20783K(57344K), 0.0003930 secs] [Times: user=0.01 sys=0.00, real=0.00 secs] 
223.430: Total time for which application threads were stopped: 0.0005470 seconds, Stopping threads took: 0.0000610 seconds
223.557: Application time: 0.1275930 seconds
223.560: [GC [PSYoungGen: 23296K->256K(23552K)] 43823K->20783K(57344K), 0.0004620 secs] [Times: user=0.00 sys=0.00, real=0.00 secs] 
223.560: Total time for which application threads were stopped: 0.0026300 seconds, Stopping threads took: 0.0020940 seconds
223.688: Application time: 0.1282820 seconds
223.688: [GC [PSYoungGen: 23296K->256K(23552K)] 43823K->20975K(57344K), 0.0004570 secs] [Times: user=0.00 sys=0.00, real=0.00 secs] 
223.689: Total time for which application threads were stopped: 0.0005960 seconds, Stopping threads took: 0.0000660 seconds
223.817: Application time: 0.1283680 seconds
223.817: [GC [PSYoungGen: 23296K->256K(23552K)] 44015K->20975K(57344K), 0.0004000 secs] [Times: user=0.00 sys=0.00, real=0.00 secs] 
223.818: Total time for which application threads were stopped: 0.0005390 seconds, Stopping threads took: 0.0000660 seconds
223.942: Application time: 0.1242390 seconds
223.942: [GC [PSYoungGen: 23296K->400K(23552K)] 44015K->21119K(57344K), 0.0005480 secs] [Times: user=0.00 sys=0.00, real=0.00 secs] 
223.943: Total time for which application threads were stopped: 0.0006880 seconds, Stopping threads took: 0.0000550 seconds
224.071: Application time: 0.1279900 seconds
224.071: [GC [PSYoungGen: 23440K->256K(23552K)] 44159K->21315K(57344K), 0.0005530 secs] [Times: user=0.00 sys=0.00, real=0.00 secs] 
224.071: Total time for which application threads were stopped: 0.0006820 seconds, Stopping threads took: 0.0000590 seconds
224.200: Application time: 0.1282010 seconds
224.200: [GC [PSYoungGen: 23296K->256K(23552K)] 44355K->21388K(57344K), 0.0004070 secs] [Times: user=0.00 sys=0.00, real=0.00 secs] 
224.200: Total time for which application threads were stopped: 0.0005390 seconds, Stopping threads took: 0.0000630 seconds
224.328: Application time: 0.1273400 seconds
224.328: [GC [PSYoungGen: 23296K->256K(23552K)] 44428K->21388K(57344K), 0.0004490 secs] [Times: user=0.00 sys=0.00, real=0.00 secs] 
224.328: Total time for which application threads were stopped: 0.0005720 seconds, Stopping threads took: 0.0000520 seconds
224.456: Application time: 0.1281410 seconds
224.456: [GC [PSYoungGen: 23296K->256K(23552K)] 44428K->21556K(57344K), 0.0004680 secs] [Times: user=0.00 sys=0.00, real=0.00 secs] 
224.457: Total time for which application threads were stopped: 0.0006080 seconds, Stopping threads took: 0.0000540 seconds
224.585: Application time: 0.1279930 seconds
224.585: [GC [PSYoungGen: 23296K->256K(23552K)] 44596K->21580K(57344K), 0.0004230 secs] [Times: user=0.01 sys=0.00, real=0.00 secs] 
224.585: Total time for which application threads were stopped: 0.0005580 seconds, Stopping threads took: 0.0000640 seconds
224.710: Application time: 0.1249690 seconds
224.710: [GC [PSYoungGen: 23296K->416K(23552K)] 44620K->21740K(57344K), 0.0005130 secs] [Times: user=0.00 sys=0.00, real=0.00 secs] 
224.711: Total time for which application threads were stopped: 0.0006430 seconds, Stopping threads took: 0.0000610 seconds
224.839: Application time: 0.1276410 seconds
224.839: [GC [PSYoungGen: 23456K->256K(23552K)] 44780K->21928K(57344K), 0.0005170 secs] [Times: user=0.00 sys=0.00, real=0.00 secs] 
224.839: Total time for which application threads were stopped: 0.0006580 seconds, Stopping threads took: 0.0000690 seconds
224.968: Application time: 0.1283570 seconds
224.968: [GC [PSYoungGen: 23296K->256K(23552K)] 44968K->22000K(57344K), 0.0004350 secs] [Times: user=0.00 sys=0.00, real=0.00 secs] 
224.968: Total time for which application threads were stopped: 0.0005850 seconds, Stopping threads took: 0.0000710 seconds
225.096: Application time: 0.1278470 seconds
225.096: [GC [PSYoungGen: 23296K->224K(23552K)] 45040K->21968K(57344K), 0.0004750 secs] [Times: user=0.00 sys=0.00, real=0.00 secs] 
225.097: Total time for which application threads were stopped: 0.0006000 seconds, Stopping threads took: 0.0000510 seconds
225.225: Application time: 0.1282430 seconds
225.225: [GC [PSYoungGen: 23264K->256K(23552K)] 45008K->22168K(57344K), 0.0004830 secs] [Times: user=0.00 sys=0.00, real=0.00 secs] 
225.226: Total time for which application threads were stopped: 0.0006070 seconds, Stopping threads took: 0.0000530 seconds
225.354: Application time: 0.1283740 seconds
225.354: [GC [PSYoungGen: 23296K->256K(23552K)] 45208K->22192K(57344K), 0.0004100 secs] [Times: user=0.00 sys=0.00, real=0.00 secs] 
225.354: Total time for which application threads were stopped: 0.0005500 seconds, Stopping threads took: 0.0000650 seconds
225.479: Application time: 0.1244170 seconds
225.480: [GC [PSYoungGen: 23296K->432K(23552K)] 45232K->22368K(57344K), 0.0005880 secs] [Times: user=0.01 sys=0.00, real=0.00 secs] 
225.480: Total time for which application threads were stopped: 0.0012400 seconds, Stopping threads took: 0.0005690 seconds
225.608: Application time: 0.1278430 seconds
225.608: [GC [PSYoungGen: 23472K->256K(23552K)] 45408K->22541K(57344K), 0.0005170 secs] [Times: user=0.00 sys=0.00, real=0.00 secs] 
225.609: Total time for which application threads were stopped: 0.0006670 seconds, Stopping threads took: 0.0000750 seconds
225.737: Application time: 0.1280010 seconds
225.737: [GC [PSYoungGen: 23296K->256K(23552K)] 45581K->22637K(57344K), 0.0004320 secs] [Times: user=0.00 sys=0.00, real=0.00 secs] 
225.737: Total time for which application threads were stopped: 0.0005560 seconds, Stopping threads took: 0.0000540 seconds
225.864: Application time: 0.1268870 seconds
225.864: [GC [PSYoungGen: 23296K->256K(23552K)] 45677K->22637K(57344K), 0.0004440 secs] [Times: user=0.00 sys=0.00, real=0.00 secs] 
225.865: Total time for which application threads were stopped: 0.0005990 seconds, Stopping threads took: 0.0000810 seconds
225.993: Application time: 0.1279810 seconds
225.993: [GC [PSYoungGen: 23296K->256K(23552K)] 45677K->22805K(57344K), 0.0004510 secs] [Times: user=0.00 sys=0.00, real=0.00 secs] 
225.993: Total time for which application threads were stopped: 0.0006010 seconds, Stopping threads took: 0.0000670 seconds
226.122: Application time: 0.1287310 seconds
226.122: [GC [PSYoungGen: 23296K->256K(23552K)] 45845K->22829K(57344K), 0.0004220 secs] [Times: user=0.00 sys=0.00, real=0.00 secs] 
226.123: Total time for which application threads were stopped: 0.0005530 seconds, Stopping threads took: 0.0000600 seconds
226.247: Application time: 0.1242100 seconds
226.247: [GC [PSYoungGen: 23296K->400K(23552K)] 45869K->22973K(57344K), 0.0004810 secs] [Times: user=0.01 sys=0.00, real=0.00 secs] 
226.247: Total time for which application threads were stopped: 0.0006370 seconds, Stopping threads took: 0.0000840 seconds
226.375: Application time: 0.1276070 seconds
226.375: [GC [PSYoungGen: 23440K->288K(23552K)] 46013K->23169K(57344K), 0.0005390 secs] [Times: user=0.01 sys=0.00, real=0.00 secs] 
226.376: Total time for which application threads were stopped: 0.0006830 seconds, Stopping threads took: 0.0000700 seconds
226.504: Application time: 0.1280930 seconds
226.504: [GC [PSYoungGen: 23328K->256K(23552K)] 46209K->23257K(57344K), 0.0004680 secs] [Times: user=0.01 sys=0.00, real=0.00 secs] 
226.504: Total time for which application threads were stopped: 0.0006110 seconds, Stopping threads took: 0.0000580 seconds
226.632: Application time: 0.1279700 seconds
226.633: [GC [PSYoungGen: 23296K->256K(23552K)] 46297K->23257K(57344K), 0.0004220 secs] [Times: user=0.00 sys=0.00, real=0.00 secs] 
226.633: Total time for which application threads were stopped: 0.0005570 seconds, Stopping threads took: 0.0000630 seconds
226.761: Application time: 0.1281210 seconds
226.761: [GC [PSYoungGen: 23296K->256K(23552K)] 46297K->23377K(57344K), 0.0004420 secs] [Times: user=0.00 sys=0.00, real=0.00 secs] 
226.762: Total time for which application threads were stopped: 0.0005630 seconds, Stopping threads took: 0.0000510 seconds
226.890: Application time: 0.1280750 seconds
226.890: [GC [PSYoungGen: 23296K->224K(23552K)] 46417K->23417K(57344K), 0.0004930 secs] [Times: user=0.00 sys=0.00, real=0.00 secs] 
226.890: Total time for which application threads were stopped: 0.0006300 seconds, Stopping threads took: 0.0000570 seconds
227.016: Application time: 0.1258050 seconds
227.017: [GC [PSYoungGen: 23264K->336K(23552K)] 46457K->23529K(57344K), 0.0004870 secs] [Times: user=0.00 sys=0.00, real=0.00 secs] 
227.018: Total time for which application threads were stopped: 0.0014450 seconds, Stopping threads took: 0.0008660 seconds
227.145: Application time: 0.1270000 seconds
227.145: [GC [PSYoungGen: 23376K->288K(23552K)] 46569K->23749K(57344K), 0.0005360 secs] [Times: user=0.00 sys=0.00, real=0.00 secs] 
227.145: Total time for which application threads were stopped: 0.0006680 seconds, Stopping threads took: 0.0000590 seconds
227.273: Application time: 0.1280930 seconds
227.274: [GC [PSYoungGen: 23328K->224K(23552K)] 46789K->23858K(57344K), 0.0004480 secs] [Times: user=0.00 sys=0.00, real=0.00 secs] 
227.274: Total time for which application threads were stopped: 0.0006020 seconds, Stopping threads took: 0.0000790 seconds
227.402: Application time: 0.1280300 seconds
227.402: [GC [PSYoungGen: 23264K->256K(23552K)] 46898K->23890K(57344K), 0.0004140 secs] [Times: user=0.00 sys=0.00, real=0.00 secs] 
227.403: Total time for which application threads were stopped: 0.0005440 seconds, Stopping threads took: 0.0000580 seconds
227.530: Application time: 0.1275520 seconds
227.530: [GC [PSYoungGen: 23296K->256K(23552K)] 46930K->23962K(57344K), 0.0004500 secs] [Times: user=0.00 sys=0.00, real=0.00 secs] 
227.531: Total time for which application threads were stopped: 0.0005880 seconds, Stopping threads took: 0.0000570 seconds
227.660: Application time: 0.1288700 seconds
227.660: [GC [PSYoungGen: 23296K->256K(23552K)] 47002K->24082K(57344K), 0.0004470 secs] [Times: user=0.00 sys=0.00, real=0.00 secs] 
227.660: Total time for which application threads were stopped: 0.0005780 seconds, Stopping threads took: 0.0000600 seconds
227.787: Application time: 0.1263530 seconds
227.787: [GC [PSYoungGen: 23296K->304K(23552K)] 47122K->24130K(57344K), 0.0004660 secs] [Times: user=0.00 sys=0.00, real=0.00 secs] 
227.787: Total time for which application threads were stopped: 0.0005830 seconds, Stopping threads took: 0.0000460 seconds
227.912: Application time: 0.1250880 seconds
227.916: [GC [PSYoungGen: 23344K->352K(23552K)] 47170K->24346K(57344K), 0.0005500 secs] [Times: user=0.01 sys=0.00, real=0.00 secs] 
227.916: Total time for which application threads were stopped: 0.0039260 seconds, Stopping threads took: 0.0033040 seconds
228.045: Application time: 0.1285560 seconds
228.045: [GC [PSYoungGen: 23392K->256K(23552K)] 47386K->24514K(57344K), 0.0004660 secs] [Times: user=0.00 sys=0.00, real=0.00 secs] 
228.045: Total time for which application threads were stopped: 0.0006030 seconds, Stopping threads took: 0.0000550 seconds
228.174: Application time: 0.1282800 seconds
228.174: [GC [PSYoungGen: 23296K->224K(23552K)] 47554K->24482K(57344K), 0.0004590 secs] [Times: user=0.00 sys=0.00, real=0.00 secs] 
228.174: Total time for which application threads were stopped: 0.0006060 seconds, Stopping threads took: 0.0000750 seconds
228.301: Application time: 0.1270840 seconds
228.301: [GC [PSYoungGen: 23264K->256K(23552K)] 47522K->24538K(57344K), 0.0004730 secs] [Times: user=0.00 sys=0.00, real=0.00 secs] 
228.302: Total time for which application threads were stopped: 0.0006070 seconds, Stopping threads took: 0.0000590 seconds
228.430: Application time: 0.1281960 seconds
228.430: [GC [PSYoungGen: 23296K->256K(23552K)] 47578K->24706K(57344K), 0.0004360 secs] [Times: user=0.00 sys=0.00, real=0.00 secs] 
228.431: Total time for which application threads were stopped: 0.0005760 seconds, Stopping threads took: 0.0000690 seconds
228.559: Application time: 0.1284850 seconds
228.559: [GC [PSYoungGen: 23296K->192K(23552K)] 47746K->24642K(57344K), 0.0004570 secs] [Times: user=0.00 sys=0.00, real=0.01 secs] 
228.560: Total time for which application threads were stopped: 0.0005970 seconds, Stopping threads took: 0.0000600 seconds
228.683: Application time: 0.1237790 seconds
228.684: [GC [PSYoungGen: 23232K->496K(23552K)] 47682K->24954K(57344K), 0.0005570 secs] [Times: user=0.00 sys=0.00, real=0.00 secs] 
228.684: Total time for which application threads were stopped: 0.0007080 seconds, Stopping threads took: 0.0000740 seconds
228.812: Application time: 0.1280730 seconds
228.812: [GC [PSYoungGen: 23536K->256K(23552K)] 47994K->25103K(57344K), 0.0005240 secs] [Times: user=0.00 sys=0.00, real=0.00 secs] 
228.813: Total time for which application threads were stopped: 0.0006550 seconds, Stopping threads took: 0.0000590 seconds
228.941: Application time: 0.1280380 seconds
228.941: [GC [PSYoungGen: 23296K->192K(23552K)] 48143K->25039K(57344K), 0.0004310 secs] [Times: user=0.00 sys=0.00, real=0.00 secs] 
228.942: Total time for which application threads were stopped: 0.0005680 seconds, Stopping threads took: 0.0000670 seconds
229.070: Application time: 0.1283050 seconds
229.070: [GC [PSYoungGen: 23232K->256K(23552K)] 48079K->25103K(57344K), 0.0004610 secs] [Times: user=0.00 sys=0.00, real=0.00 secs] 
229.070: Total time for which application threads were stopped: 0.0005960 seconds, Stopping threads took: 0.0000520 seconds
229.198: Application time: 0.1278070 seconds
229.198: [GC [PSYoungGen: 23296K->192K(23552K)] 48143K->25215K(57344K), 0.0005130 secs] [Times: user=0.00 sys=0.00, real=0.00 secs] 
229.199: Total time for which application threads were stopped: 0.0006440 seconds, Stopping threads took: 0.0000600 seconds
229.328: Application time: 0.1289310 seconds
229.328: [GC [PSYoungGen: 23232K->256K(23552K)] 48255K->25279K(57344K), 0.0004130 secs] [Times: user=0.00 sys=0.00, real=0.00 secs] 
229.328: Total time for which application threads were stopped: 0.0005600 seconds, Stopping threads took: 0.0000740 seconds
229.453: Application time: 0.1246070 seconds
229.453: [GC [PSYoungGen: 23296K->464K(23552K)] 48319K->25487K(57344K), 0.0005210 secs] [Times: user=0.00 sys=0.00, real=0.00 secs] 
229.454: Total time for which application threads were stopped: 0.0006700 seconds, Stopping threads took: 0.0000760 seconds
229.581: Application time: 0.1274220 seconds
229.581: [GC [PSYoungGen: 23504K->224K(23552K)] 48527K->25587K(57344K), 0.0005720 secs] [Times: user=0.00 sys=0.00, real=0.00 secs] 
229.582: Total time for which application threads were stopped: 0.0007070 seconds, Stopping threads took: 0.0000540 seconds
229.710: Application time: 0.1285040 seconds
229.710: [GC [PSYoungGen: 23264K->256K(23552K)] 48627K->25691K(57344K), 0.0004330 secs] [Times: user=0.00 sys=0.00, real=0.00 secs] 
229.711: Total time for which application threads were stopped: 0.0005580 seconds, Stopping threads took: 0.0000540 seconds
229.838: Application time: 0.1271730 seconds
229.838: [GC [PSYoungGen: 23296K->224K(23552K)] 48731K->25659K(57344K), 0.0004560 secs] [Times: user=0.00 sys=0.00, real=0.00 secs] 
229.839: Total time for which application threads were stopped: 0.0006090 seconds, Stopping threads took: 0.0000770 seconds
229.967: Application time: 0.1284220 seconds
229.967: [GC [PSYoungGen: 23264K->256K(23552K)] 48699K->25859K(57344K), 0.0004580 secs] [Times: user=0.00 sys=0.00, real=0.01 secs] 
229.968: Total time for which application threads were stopped: 0.0006070 seconds, Stopping threads took: 0.0000720 seconds
230.097: Application time: 0.1288140 seconds
230.097: [GC [PSYoungGen: 23296K->256K(23552K)] 48899K->25883K(57344K), 0.0004220 secs] [Times: user=0.00 sys=0.00, real=0.00 secs] 
230.097: Total time for which application threads were stopped: 0.0005580 seconds, Stopping threads took: 0.0000580 seconds
230.221: Application time: 0.1243600 seconds
230.222: [GC [PSYoungGen: 23296K->416K(23552K)] 48923K->26043K(57344K), 0.0005100 secs] [Times: user=0.00 sys=0.00, real=0.00 secs] 
230.222: Total time for which application threads were stopped: 0.0006460 seconds, Stopping threads took: 0.0000620 seconds
230.350: Application time: 0.1279460 seconds
230.350: [GC [PSYoungGen: 23456K->256K(23552K)] 49083K->26232K(57344K), 0.0005480 secs] [Times: user=0.00 sys=0.00, real=0.00 secs] 
230.352: Total time for which application threads were stopped: 0.0016340 seconds, Stopping threads took: 0.0000710 seconds
230.480: Application time: 0.1286410 seconds
230.481: [GC [PSYoungGen: 23296K->256K(23552K)] 49272K->26304K(57344K), 0.0005100 secs] [Times: user=0.00 sys=0.00, real=0.00 secs] 
230.481: Total time for which application threads were stopped: 0.0007410 seconds, Stopping threads took: 0.0001590 seconds
230.609: Application time: 0.1275330 seconds
230.609: [GC [PSYoungGen: 23296K->224K(23552K)] 49344K->26272K(57344K), 0.0004800 secs] [Times: user=0.01 sys=0.00, real=0.00 secs] 
230.609: Total time for which application threads were stopped: 0.0006520 seconds, Stopping threads took: 0.0000890 seconds
230.738: Application time: 0.1284640 seconds
230.738: [GC [PSYoungGen: 23264K->256K(23552K)] 49312K->26472K(57344K), 0.0004620 secs] [Times: user=0.01 sys=0.00, real=0.00 secs] 
230.738: Total time for which application threads were stopped: 0.0005890 seconds, Stopping threads took: 0.0000550 seconds
230.866: Application time: 0.1281540 seconds
230.867: [GC [PSYoungGen: 23296K->256K(23552K)] 49512K->26496K(57344K), 0.0004210 secs] [Times: user=0.00 sys=0.00, real=0.00 secs] 
230.867: Total time for which application threads were stopped: 0.0005540 seconds, Stopping threads took: 0.0000560 seconds
230.991: Application time: 0.1240870 seconds
230.991: [GC [PSYoungGen: 23296K->448K(23552K)] 49536K->26688K(57344K), 0.0005150 secs] [Times: user=0.00 sys=0.00, real=0.00 secs] 
230.992: Total time for which application threads were stopped: 0.0006470 seconds, Stopping threads took: 0.0000600 seconds
231.120: Application time: 0.1283900 seconds
231.120: [GC [PSYoungGen: 23488K->256K(23552K)] 49728K->26844K(57344K), 0.0005500 secs] [Times: user=0.01 sys=0.00, real=0.00 secs] 
231.121: Total time for which application threads were stopped: 0.0006960 seconds, Stopping threads took: 0.0000630 seconds
231.249: Application time: 0.1282030 seconds
231.249: [GC [PSYoungGen: 23296K->256K(23552K)] 49884K->26932K(57344K), 0.0004300 secs] [Times: user=0.00 sys=0.00, real=0.00 secs] 
231.250: Total time for which application threads were stopped: 0.0005930 seconds, Stopping threads took: 0.0000920 seconds
231.376: Application time: 0.1266340 seconds
231.376: [GC [PSYoungGen: 23296K->208K(23552K)] 49972K->26884K(57344K), 0.0005060 secs] [Times: user=0.00 sys=0.00, real=0.00 secs] 
231.377: Total time for which application threads were stopped: 0.0006290 seconds, Stopping threads took: 0.0000530 seconds
231.505: Application time: 0.1281520 seconds
231.508: [GC [PSYoungGen: 23248K->256K(23552K)] 49924K->27100K(57344K), 0.0005030 secs] [Times: user=0.00 sys=0.00, real=0.00 secs] 
231.508: Total time for which application threads were stopped: 0.0029900 seconds, Stopping threads took: 0.0024210 seconds
231.636: Application time: 0.1280090 seconds
231.636: [GC [PSYoungGen: 23296K->256K(23552K)] 50140K->27124K(57344K), 0.0003970 secs] [Times: user=0.00 sys=0.00, real=0.00 secs] 
231.637: Total time for which application threads were stopped: 0.0005370 seconds, Stopping threads took: 0.0000580 seconds
231.761: Application time: 0.1247820 seconds
231.761: [GC [PSYoungGen: 23296K->448K(23552K)] 50164K->27316K(57344K), 0.0005760 secs] [Times: user=0.00 sys=0.00, real=0.00 secs] 
231.762: Total time for which application threads were stopped: 0.0007220 seconds, Stopping threads took: 0.0000740 seconds
231.890: Application time: 0.1277470 seconds
231.890: [GC [PSYoungGen: 23488K->224K(23552K)] 50356K->27433K(57344K), 0.0005660 secs] [Times: user=0.00 sys=0.00, real=0.00 secs] 
231.891: Total time for which application threads were stopped: 0.0007090 seconds, Stopping threads took: 0.0000700 seconds
232.019: Application time: 0.1285050 seconds
232.019: [GC [PSYoungGen: 23264K->256K(23552K)] 50473K->27529K(57344K), 0.0004260 secs] [Times: user=0.00 sys=0.00, real=0.01 secs] 
232.020: Total time for which application threads were stopped: 0.0005510 seconds, Stopping threads took: 0.0000490 seconds
232.148: Application time: 0.1278920 seconds
232.148: [GC [PSYoungGen: 23296K->256K(23552K)] 50569K->27529K(57344K), 0.0004490 secs] [Times: user=0.00 sys=0.00, real=0.00 secs] 
232.148: Total time for which application threads were stopped: 0.0006020 seconds, Stopping threads took: 0.0000660 seconds
232.276: Application time: 0.1281850 seconds
232.276: [GC [PSYoungGen: 23296K->224K(23552K)] 50569K->27641K(57344K), 0.0005010 secs] [Times: user=0.00 sys=0.00, real=0.00 secs] 
232.277: Total time for which application threads were stopped: 0.0006220 seconds, Stopping threads took: 0.0000470 seconds
232.405: Application time: 0.1281380 seconds
232.405: [GC [PSYoungGen: 23264K->224K(23552K)] 50681K->27689K(57344K), 0.0005120 secs] [Times: user=0.00 sys=0.00, real=0.00 secs] 
232.406: Total time for which application threads were stopped: 0.0006610 seconds, Stopping threads took: 0.0000760 seconds
232.532: Application time: 0.1263190 seconds
232.532: [GC [PSYoungGen: 23264K->336K(23552K)] 50729K->27801K(57344K), 0.0004720 secs] [Times: user=0.00 sys=0.00, real=0.00 secs] 
232.533: Total time for which application threads were stopped: 0.0006070 seconds, Stopping threads took: 0.0000620 seconds
232.659: Application time: 0.1265170 seconds
232.659: [GC [PSYoungGen: 23376K->304K(23552K)] 50841K->28037K(57344K), 0.0005430 secs] [Times: user=0.00 sys=0.00, real=0.01 secs] 
232.660: Total time for which application threads were stopped: 0.0006810 seconds, Stopping threads took: 0.0000540 seconds
232.788: Application time: 0.1276640 seconds
232.788: [GC [PSYoungGen: 23344K->224K(23552K)] 51077K->28125K(57344K), 0.0004830 secs] [Times: user=0.00 sys=0.00, real=0.00 secs] 
232.788: Total time for which application threads were stopped: 0.0006140 seconds, Stopping threads took: 0.0000560 seconds
232.916: Application time: 0.1275600 seconds
232.916: [GC [PSYoungGen: 23264K->256K(23552K)] 51165K->28157K(57344K), 0.0004270 secs] [Times: user=0.00 sys=0.00, real=0.00 secs] 
232.916: Total time for which application threads were stopped: 0.0005620 seconds, Stopping threads took: 0.0000620 seconds
233.045: Application time: 0.1284090 seconds
233.045: [GC [PSYoungGen: 23296K->256K(23552K)] 51197K->28277K(57344K), 0.0004340 secs] [Times: user=0.00 sys=0.00, real=0.00 secs] 
233.045: Total time for which application threads were stopped: 0.0005640 seconds, Stopping threads took: 0.0000620 seconds
233.174: Application time: 0.1283670 seconds
233.174: [GC [PSYoungGen: 23296K->256K(23552K)] 51317K->28349K(57344K), 0.0004230 secs] [Times: user=0.00 sys=0.00, real=0.00 secs] 
233.174: Total time for which application threads were stopped: 0.0005690 seconds, Stopping threads took: 0.0000640 seconds
233.300: Application time: 0.1258350 seconds
233.300: [GC [PSYoungGen: 23296K->288K(23552K)] 51389K->28381K(57344K), 0.0004450 secs] [Times: user=0.00 sys=0.00, real=0.00 secs] 
233.301: Total time for which application threads were stopped: 0.0005830 seconds, Stopping threads took: 0.0000670 seconds
233.427: Application time: 0.1263470 seconds
233.427: [GC [PSYoungGen: 23328K->288K(23552K)] 51421K->28630K(57344K), 0.0005580 secs] [Times: user=0.00 sys=0.00, real=0.01 secs] 
233.428: Total time for which application threads were stopped: 0.0006850 seconds, Stopping threads took: 0.0000560 seconds
233.556: Application time: 0.1280960 seconds
233.556: [GC [PSYoungGen: 23328K->256K(23552K)] 51670K->28766K(57344K), 0.0004690 secs] [Times: user=0.00 sys=0.00, real=0.00 secs] 
233.556: Total time for which application threads were stopped: 0.0006010 seconds, Stopping threads took: 0.0000600 seconds
233.684: Application time: 0.1279870 seconds
233.684: [GC [PSYoungGen: 23296K->256K(23552K)] 51806K->28766K(57344K), 0.0004010 secs] [Times: user=0.00 sys=0.00, real=0.00 secs] 
233.685: Total time for which application threads were stopped: 0.0005480 seconds, Stopping threads took: 0.0000680 seconds
233.813: Application time: 0.1280070 seconds
233.813: [GC [PSYoungGen: 23296K->256K(23552K)] 51806K->28838K(57344K), 0.0004480 secs] [Times: user=0.00 sys=0.00, real=0.00 secs] 
233.813: Total time for which application threads were stopped: 0.0005810 seconds, Stopping threads took: 0.0000630 seconds
233.942: Application time: 0.1287400 seconds
233.942: [GC [PSYoungGen: 23296K->256K(23552K)] 51878K->28958K(57344K), 0.0004420 secs] [Times: user=0.00 sys=0.00, real=0.00 secs] 
233.943: Total time for which application threads were stopped: 0.0005750 seconds, Stopping threads took: 0.0000610 seconds
234.072: Application time: 0.1289340 seconds
234.072: [GC [PSYoungGen: 23296K->256K(23552K)] 51998K->28958K(57344K), 0.0004150 secs] [Times: user=0.00 sys=0.00, real=0.00 secs] 
234.072: Total time for which application threads were stopped: 0.0005500 seconds, Stopping threads took: 0.0000630 seconds
234.196: Application time: 0.1237420 seconds
234.196: [GC [PSYoungGen: 23296K->464K(23552K)] 51998K->29166K(57344K), 0.0005130 secs] [Times: user=0.00 sys=0.00, real=0.00 secs] 
234.197: Total time for which application threads were stopped: 0.0006570 seconds, Stopping threads took: 0.0000640 seconds
234.325: Application time: 0.1280250 seconds
234.325: [GC [PSYoungGen: 23504K->256K(23552K)] 52206K->29350K(57344K), 0.0005530 secs] [Times: user=0.01 sys=0.00, real=0.00 secs] 
234.325: Total time for which application threads were stopped: 0.0006780 seconds, Stopping threads took: 0.0000540 seconds
234.453: Application time: 0.1280410 seconds
234.454: [GC [PSYoungGen: 23296K->256K(23552K)] 52390K->29350K(57344K), 0.0004200 secs] [Times: user=0.00 sys=0.00, real=0.00 secs] 
234.454: Total time for which application threads were stopped: 0.0005530 seconds, Stopping threads took: 0.0000600 seconds
234.582: Application time: 0.1279790 seconds
234.582: [GC [PSYoungGen: 23296K->256K(23552K)] 52390K->29350K(57344K), 0.0004600 secs] [Times: user=0.00 sys=0.00, real=0.00 secs] 
234.583: Total time for which application threads were stopped: 0.0006030 seconds, Stopping threads took: 0.0000710 seconds
234.711: Application time: 0.1281910 seconds
234.712: [GC [PSYoungGen: 23296K->256K(23552K)] 52390K->29542K(57344K), 0.0004720 secs] [Times: user=0.00 sys=0.00, real=0.00 secs] 
234.712: Total time for which application threads were stopped: 0.0012640 seconds, Stopping threads took: 0.0007100 seconds
234.841: Application time: 0.1286000 seconds
234.841: [GC [PSYoungGen: 23296K->256K(23552K)] 52582K->29542K(57344K), 0.0004390 secs] [Times: user=0.01 sys=0.00, real=0.00 secs] 
234.841: Total time for which application threads were stopped: 0.0005730 seconds, Stopping threads took: 0.0000610 seconds
234.965: Application time: 0.1239030 seconds
234.965: [GC [PSYoungGen: 23296K->416K(23552K)] 52582K->29702K(57344K), 0.0005320 secs] [Times: user=0.00 sys=0.00, real=0.00 secs] 
234.966: Total time for which application threads were stopped: 0.0006630 seconds, Stopping threads took: 0.0000590 seconds
235.093: Application time: 0.1274970 seconds
235.093: [GC [PSYoungGen: 23456K->256K(23552K)] 52742K->29891K(57344K), 0.0005530 secs] [Times: user=0.01 sys=0.00, real=0.00 secs] 
235.094: Total time for which application threads were stopped: 0.0006910 seconds, Stopping threads took: 0.0000650 seconds
235.222: Application time: 0.1282840 seconds
235.222: [GC [PSYoungGen: 23296K->256K(23552K)] 52931K->29971K(57344K), 0.0004460 secs] [Times: user=0.00 sys=0.00, real=0.00 secs] 
235.223: Total time for which application threads were stopped: 0.0006050 seconds, Stopping threads took: 0.0000740 seconds
235.350: Application time: 0.1274570 seconds
235.350: [GC [PSYoungGen: 23296K->224K(23552K)] 53011K->29939K(57344K), 0.0004930 secs] [Times: user=0.01 sys=0.00, real=0.00 secs] 
235.352: Total time for which application threads were stopped: 0.0016680 seconds, Stopping threads took: 0.0000550 seconds
235.480: Application time: 0.1281120 seconds
235.480: [GC [PSYoungGen: 23264K->256K(23552K)] 52979K->30139K(57344K), 0.0004980 secs] [Times: user=0.00 sys=0.00, real=0.00 secs] 
235.481: Total time for which application threads were stopped: 0.0006250 seconds, Stopping threads took: 0.0000550 seconds
235.609: Application time: 0.1287360 seconds
235.610: [GC [PSYoungGen: 23296K->256K(23552K)] 53179K->30163K(57344K), 0.0004370 secs] [Times: user=0.00 sys=0.00, real=0.00 secs] 
235.610: Total time for which application threads were stopped: 0.0005780 seconds, Stopping threads took: 0.0000650 seconds
235.734: Application time: 0.1237640 seconds
235.734: [GC [PSYoungGen: 23296K->448K(23552K)] 53203K->30355K(57344K), 0.0005480 secs] [Times: user=0.00 sys=0.00, real=0.00 secs] 
235.734: Total time for which application threads were stopped: 0.0006830 seconds, Stopping threads took: 0.0000510 seconds
235.862: Application time: 0.1275880 seconds
235.862: [GC [PSYoungGen: 23488K->256K(23552K)] 53395K->30511K(57344K), 0.0005710 secs] [Times: user=0.01 sys=0.00, real=0.00 secs] 
235.863: Total time for which application threads were stopped: 0.0007040 seconds, Stopping threads took: 0.0000610 seconds
235.991: Application time: 0.1281580 seconds
235.991: [GC [PSYoungGen: 23296K->256K(23552K)] 53551K->30583K(57344K), 0.0004160 secs] [Times: user=0.00 sys=0.00, real=0.00 secs] 
235.992: Total time for which application threads were stopped: 0.0005580 seconds, Stopping threads took: 0.0000690 seconds
236.119: Application time: 0.1273640 seconds
236.119: [GC [PSYoungGen: 23296K->256K(23552K)] 53623K->30583K(57344K), 0.0004240 secs] [Times: user=0.00 sys=0.00, real=0.00 secs] 
236.119: Total time for which application threads were stopped: 0.0005710 seconds, Stopping threads took: 0.0000710 seconds
236.247: Application time: 0.1279730 seconds
236.248: [GC [PSYoungGen: 23296K->256K(23552K)] 53623K->30751K(57344K), 0.0004790 secs] [Times: user=0.00 sys=0.00, real=0.00 secs] 
236.248: Total time for which application threads were stopped: 0.0006340 seconds, Stopping threads took: 0.0000740 seconds
236.376: Application time: 0.1282580 seconds
236.376: [GC [PSYoungGen: 23296K->256K(23552K)] 53791K->30775K(57344K), 0.0004320 secs] [Times: user=0.00 sys=0.00, real=0.00 secs] 
236.377: Total time for which application threads were stopped: 0.0005730 seconds, Stopping threads took: 0.0000680 seconds
236.502: Application time: 0.1247030 seconds
236.502: [GC [PSYoungGen: 23296K->416K(23552K)] 53815K->30936K(57344K), 0.0005060 secs] [Times: user=0.01 sys=0.00, real=0.00 secs] 
236.502: Total time for which application threads were stopped: 0.0006250 seconds, Stopping threads took: 0.0000480 seconds
236.630: Application time: 0.1279310 seconds
236.630: [GC [PSYoungGen: 23456K->256K(23552K)] 53976K->31124K(57344K), 0.0005730 secs] [Times: user=0.00 sys=0.00, real=0.00 secs] 
236.631: Total time for which application threads were stopped: 0.0007130 seconds, Stopping threads took: 0.0000670 seconds
236.759: Application time: 0.1284360 seconds
236.759: [GC [PSYoungGen: 23296K->256K(23552K)] 54164K->31196K(57344K), 0.0004460 secs] [Times: user=0.00 sys=0.00, real=0.01 secs] 
236.760: Total time for which application threads were stopped: 0.0005880 seconds, Stopping threads took: 0.0000630 seconds
236.887: Application time: 0.1271140 seconds
236.887: [GC [PSYoungGen: 23296K->192K(23552K)] 54236K->31132K(57344K), 0.0004880 secs] [Times: user=0.00 sys=0.00, real=0.01 secs] 
236.888: Total time for which application threads were stopped: 0.0006640 seconds, Stopping threads took: 0.0001070 seconds
237.016: Application time: 0.1285260 seconds
237.017: [GC [PSYoungGen: 23232K->256K(23552K)] 54172K->31364K(57344K), 0.0004950 secs] [Times: user=0.01 sys=0.00, real=0.00 secs] 
237.018: Total time for which application threads were stopped: 0.0014510 seconds, Stopping threads took: 0.0008680 seconds
237.146: Application time: 0.1281270 seconds
237.146: [GC [PSYoungGen: 23296K->256K(23552K)] 54404K->31388K(57344K), 0.0004600 secs] [Times: user=0.01 sys=0.00, real=0.00 secs] 
237.146: Total time for which application threads were stopped: 0.0005860 seconds, Stopping threads took: 0.0000550 seconds
237.271: Application time: 0.1249740 seconds
237.271: [GC [PSYoungGen: 23296K->336K(23552K)] 54428K->31468K(57344K), 0.0004990 secs] [Times: user=0.00 sys=0.00, real=0.00 secs] 
237.272: Total time for which application threads were stopped: 0.0006370 seconds, Stopping threads took: 0.0000490 seconds
237.398: Application time: 0.1265120 seconds
237.399: [GC [PSYoungGen: 23376K->224K(23552K)] 54508K->31644K(57344K), 0.0005880 secs] [Times: user=0.00 sys=0.00, real=0.00 secs] 
237.399: Total time for which application threads were stopped: 0.0007140 seconds, Stopping threads took: 0.0000530 seconds
237.527: Application time: 0.1280300 seconds
237.527: [GC [PSYoungGen: 23264K->256K(23552K)] 54684K->31800K(57344K), 0.0004790 secs] [Times: user=0.00 sys=0.00, real=0.01 secs] 
237.528: Total time for which application threads were stopped: 0.0006200 seconds, Stopping threads took: 0.0000660 seconds
237.655: Application time: 0.1272310 seconds
237.655: [GC [PSYoungGen: 23296K->256K(23552K)] 54840K->31800K(57344K), 0.0004450 secs] [Times: user=0.00 sys=0.00, real=0.00 secs] 
237.656: Total time for which application threads were stopped: 0.0005930 seconds, Stopping threads took: 0.0000750 seconds
237.784: Application time: 0.1280730 seconds
237.784: [GC [PSYoungGen: 23296K->256K(23552K)] 54840K->31944K(57344K), 0.0004690 secs] [Times: user=0.00 sys=0.00, real=0.00 secs] 
237.784: Total time for which application threads were stopped: 0.0006070 seconds, Stopping threads took: 0.0000490 seconds
237.912: Application time: 0.1277880 seconds
237.912: [GC [PSYoungGen: 23296K->224K(23552K)] 54984K->31960K(57344K), 0.0005120 secs] [Times: user=0.00 sys=0.00, real=0.00 secs] 
237.913: Total time for which application threads were stopped: 0.0006390 seconds, Stopping threads took: 0.0000580 seconds
238.038: Application time: 0.1253620 seconds
238.038: [GC [PSYoungGen: 23264K->384K(23552K)] 55000K->32120K(57344K), 0.0005150 secs] [Times: user=0.00 sys=0.00, real=0.00 secs] 
238.039: Total time for which application threads were stopped: 0.0006290 seconds, Stopping threads took: 0.0000450 seconds
238.165: Application time: 0.1265920 seconds
238.166: [GC [PSYoungGen: 23424K->256K(23552K)] 55160K->32293K(57344K), 0.0005730 secs] [Times: user=0.01 sys=0.00, real=0.00 secs] 
238.166: Total time for which application threads were stopped: 0.0007100 seconds, Stopping threads took: 0.0000640 seconds
238.294: Application time: 0.1282700 seconds
238.295: [GC [PSYoungGen: 23296K->256K(23552K)] 55333K->32421K(57344K), 0.0004610 secs] [Times: user=0.00 sys=0.00, real=0.00 secs] 
238.295: Total time for which application threads were stopped: 0.0006130 seconds, Stopping threads took: 0.0000660 seconds
238.422: Application time: 0.1273280 seconds
238.422: [GC [PSYoungGen: 23296K->256K(23552K)] 55461K->32421K(57344K), 0.0004340 secs] [Times: user=0.00 sys=0.00, real=0.00 secs] 
238.423: Total time for which application threads were stopped: 0.0005720 seconds, Stopping threads took: 0.0000640 seconds
238.551: Application time: 0.1284200 seconds
238.551: [GC [PSYoungGen: 23296K->256K(23552K)] 55461K->32565K(57344K), 0.0004620 secs] [Times: user=0.00 sys=0.00, real=0.00 secs] 
238.552: Total time for which application threads were stopped: 0.0006110 seconds, Stopping threads took: 0.0000720 seconds
238.680: Application time: 0.1284700 seconds
238.681: [GC [PSYoungGen: 23296K->256K(23552K)] 55605K->32613K(57344K), 0.0004310 secs] [Times: user=0.00 sys=0.00, real=0.00 secs] 
238.681: Total time for which application threads were stopped: 0.0005620 seconds, Stopping threads took: 0.0000580 seconds
238.811: Application time: 0.1301180 seconds
238.811: [GC [PSYoungGen: 23296K->304K(23552K)] 55653K->32661K(57344K), 0.0004790 secs] [Times: user=0.00 sys=0.00, real=0.00 secs] 
238.812: Total time for which application threads were stopped: 0.0006150 seconds, Stopping threads took: 0.0000500 seconds
238.950: Application time: 0.1383750 seconds
238.950: [GC [PSYoungGen: 23344K->320K(23552K)] 55701K->32893K(57344K), 0.0005930 secs] [Times: user=0.00 sys=0.00, real=0.00 secs] 
238.951: Total time for which application threads were stopped: 0.0007370 seconds, Stopping threads took: 0.0000700 seconds
239.091: Application time: 0.1405640 seconds
239.092: [GC [PSYoungGen: 23360K->256K(23552K)] 55933K->33037K(57344K), 0.0005490 secs] [Times: user=0.00 sys=0.00, real=0.00 secs] 
239.092: Total time for which application threads were stopped: 0.0007080 seconds, Stopping threads took: 0.0000740 seconds
239.233: Application time: 0.1410490 seconds
239.233: [GC [PSYoungGen: 23296K->256K(23552K)] 56077K->33037K(57344K), 0.0004340 secs] [Times: user=0.00 sys=0.00, real=0.00 secs] 
239.234: Total time for which application threads were stopped: 0.0005770 seconds, Stopping threads took: 0.0000680 seconds
239.374: Application time: 0.1405590 seconds
239.374: [GC [PSYoungGen: 23296K->256K(23552K)] 56077K->33109K(57344K), 0.0005000 secs] [Times: user=0.00 sys=0.00, real=0.00 secs] 
239.375: Total time for which application threads were stopped: 0.0006460 seconds, Stopping threads took: 0.0000640 seconds
239.517: Application time: 0.1416680 seconds
239.517: [GC [PSYoungGen: 23296K->224K(23552K)] 56149K->33197K(57344K), 0.0005010 secs] [Times: user=0.00 sys=0.00, real=0.00 secs] 
239.517: Total time for which application threads were stopped: 0.0006430 seconds, Stopping threads took: 0.0000700 seconds
239.657: Application time: 0.1392670 seconds
239.657: [GC [PSYoungGen: 23264K->272K(23552K)] 56237K->33245K(57344K), 0.0004490 secs] [Times: user=0.00 sys=0.00, real=0.00 secs] 
239.657: Total time for which application threads were stopped: 0.0005780 seconds, Stopping threads took: 0.0000560 seconds
239.794: Application time: 0.1374060 seconds
239.795: [GC [PSYoungGen: 23312K->368K(23552K)] 56285K->33474K(57344K), 0.0005320 secs] [Times: user=0.01 sys=0.00, real=0.00 secs] 
239.795: Total time for which application threads were stopped: 0.0006690 seconds, Stopping threads took: 0.0000650 seconds
239.936: Application time: 0.1409250 seconds
239.940: [GC [PSYoungGen: 23408K->256K(23552K)] 56514K->33658K(57344K), 0.0005290 secs] [Times: user=0.00 sys=0.00, real=0.00 secs] 
239.940: Total time for which application threads were stopped: 0.0040120 seconds, Stopping threads took: 0.0033970 seconds
240.081: Application time: 0.1410270 seconds
240.081: [GC [PSYoungGen: 23296K->256K(23552K)] 56698K->33658K(57344K), 0.0005100 secs] [Times: user=0.00 sys=0.00, real=0.00 secs] 
240.082: Total time for which application threads were stopped: 0.0006760 seconds, Stopping threads took: 0.0000870 seconds
240.222: Application time: 0.1401090 seconds
240.222: [GC [PSYoungGen: 23296K->256K(23552K)] 56698K->33682K(57344K), 0.0005300 secs] [Times: user=0.00 sys=0.00, real=0.00 secs] 
240.223: Total time for which application threads were stopped: 0.0006690 seconds, Stopping threads took: 0.0000650 seconds
240.364: Application time: 0.1414960 seconds
240.364: [GC [PSYoungGen: 23296K->256K(23552K)] 56722K->33850K(57344K), 0.0005230 secs] [Times: user=0.00 sys=0.00, real=0.00 secs] 
240.365: [Full GC [PSYoungGen: 256K->0K(23552K)] [ParOldGen: 33594K->3033K(33280K)] 33850K->3033K(56832K) [PSPermGen: 6082K->6082K(21504K)], 0.0063500 secs] [Times: user=0.03 sys=0.00, real=0.01 secs] 
240.371: Total time for which application threads were stopped: 0.0070880 seconds, Stopping threads took: 0.0000870 seconds
240.512: Application time: 0.1410080 seconds
240.512: [GC [PSYoungGen: 23040K->256K(23552K)] 26073K->3289K(56832K), 0.0004380 secs] [Times: user=0.00 sys=0.00, real=0.00 secs] 
240.513: Total time for which application threads were stopped: 0.0006010 seconds, Stopping threads took: 0.0000730 seconds
240.650: Application time: 0.1367150 seconds
240.650: [GC [PSYoungGen: 23296K->480K(23552K)] 26329K->3529K(56832K), 0.0005210 secs] [Times: user=0.01 sys=0.00, real=0.00 secs] 
240.650: Total time for which application threads were stopped: 0.0006610 seconds, Stopping threads took: 0.0000660 seconds
240.791: Application time: 0.1409760 seconds
240.791: [GC [PSYoungGen: 23520K->256K(23552K)] 26569K->3649K(56832K), 0.0005270 secs] [Times: user=0.00 sys=0.00, real=0.00 secs] 
240.792: Total time for which application threads were stopped: 0.0006780 seconds, Stopping threads took: 0.0000780 seconds
240.933: Application time: 0.1408960 seconds
240.933: [GC [PSYoungGen: 23296K->256K(23552K)] 26689K->3721K(56832K), 0.0004400 secs] [Times: user=0.00 sys=0.00, real=0.00 secs] 
240.933: Total time for which application threads were stopped: 0.0005890 seconds, Stopping threads took: 0.0000660 seconds
241.074: Application time: 0.1406250 seconds
241.074: [GC [PSYoungGen: 23296K->224K(23552K)] 26761K->3689K(56832K), 0.0004780 secs] [Times: user=0.00 sys=0.00, real=0.00 secs] 
241.075: Total time for which application threads were stopped: 0.0006590 seconds, Stopping threads took: 0.0000890 seconds
241.216: Application time: 0.1409530 seconds
241.216: [GC [PSYoungGen: 23264K->256K(23552K)] 26729K->3889K(56832K), 0.0004300 secs] [Times: user=0.00 sys=0.00, real=0.00 secs] 
241.216: Total time for which application threads were stopped: 0.0005810 seconds, Stopping threads took: 0.0000760 seconds
241.357: Application time: 0.1412390 seconds
241.357: [GC [PSYoungGen: 23296K->256K(23552K)] 26929K->3913K(56832K), 0.0003930 secs] [Times: user=0.00 sys=0.00, real=0.00 secs] 
241.358: Total time for which application threads were stopped: 0.0005260 seconds, Stopping threads took: 0.0000600 seconds
241.494: Application time: 0.1362290 seconds
241.494: [GC [PSYoungGen: 23296K->464K(23552K)] 26953K->4121K(56832K), 0.0005210 secs] [Times: user=0.00 sys=0.00, real=0.00 secs] 
241.495: Total time for which application threads were stopped: 0.0006620 seconds, Stopping threads took: 0.0000670 seconds
241.635: Application time: 0.1404850 seconds
241.635: [GC [PSYoungGen: 23504K->256K(23552K)] 27161K->4262K(56832K), 0.0005390 secs] [Times: user=0.00 sys=0.00, real=0.00 secs] 
241.636: Total time for which application threads were stopped: 0.0006950 seconds, Stopping threads took: 0.0000690 seconds
241.777: Application time: 0.1412100 seconds
241.777: [GC [PSYoungGen: 23296K->256K(23552K)] 27302K->4334K(56832K), 0.0004730 secs] [Times: user=0.00 sys=0.00, real=0.00 secs] 
241.778: Total time for which application threads were stopped: 0.0006130 seconds, Stopping threads took: 0.0000670 seconds
241.918: Application time: 0.1406280 seconds
241.919: [GC [PSYoungGen: 23296K->256K(23552K)] 27374K->4334K(56832K), 0.0004610 secs] [Times: user=0.00 sys=0.00, real=0.00 secs] 
241.919: Total time for which application threads were stopped: 0.0005910 seconds, Stopping threads took: 0.0000560 seconds
242.060: Application time: 0.1407840 seconds
242.060: [GC [PSYoungGen: 23296K->192K(23552K)] 27374K->4430K(56832K), 0.0005260 secs] [Times: user=0.00 sys=0.00, real=0.00 secs] 
242.060: Total time for which application threads were stopped: 0.0006490 seconds, Stopping threads took: 0.0000570 seconds
242.202: Application time: 0.1414530 seconds
242.202: [GC [PSYoungGen: 23232K->256K(23552K)] 27470K->4518K(56832K), 0.0004390 secs] [Times: user=0.01 sys=0.00, real=0.00 secs] 
242.203: Total time for which application threads were stopped: 0.0005690 seconds, Stopping threads took: 0.0000470 seconds
242.339: Application time: 0.1366900 seconds
242.339: [GC [PSYoungGen: 23296K->464K(23552K)] 27558K->4726K(56832K), 0.0004910 secs] [Times: user=0.00 sys=0.00, real=0.01 secs] 
242.340: Total time for which application threads were stopped: 0.0006340 seconds, Stopping threads took: 0.0000650 seconds
242.481: Application time: 0.1409820 seconds
242.481: [GC [PSYoungGen: 23504K->256K(23552K)] 27766K->4866K(56832K), 0.0005260 secs] [Times: user=0.00 sys=0.00, real=0.00 secs] 
242.481: Total time for which application threads were stopped: 0.0006580 seconds, Stopping threads took: 0.0000580 seconds
242.622: Application time: 0.1408150 seconds
242.622: [GC [PSYoungGen: 23296K->224K(23552K)] 27906K->4906K(56832K), 0.0004300 secs] [Times: user=0.00 sys=0.00, real=0.00 secs] 
242.623: Total time for which application threads were stopped: 0.0005550 seconds, Stopping threads took: 0.0000550 seconds
242.763: Application time: 0.1402950 seconds
242.763: [GC [PSYoungGen: 23264K->256K(23552K)] 27946K->4938K(56832K), 0.0003950 secs] [Times: user=0.00 sys=0.00, real=0.00 secs] 
242.764: Total time for which application threads were stopped: 0.0005470 seconds, Stopping threads took: 0.0000730 seconds
242.892: Application time: 0.1281190 seconds
242.892: [GC [PSYoungGen: 23296K->224K(23552K)] 27978K->5074K(56832K), 0.0004670 secs] [Times: user=0.00 sys=0.00, real=0.00 secs] 
242.892: Total time for which application threads were stopped: 0.0006080 seconds, Stopping threads took: 0.0000720 seconds
243.021: Application time: 0.1284050 seconds
243.021: [GC [PSYoungGen: 23264K->256K(23552K)] 28114K->5130K(56832K), 0.0003770 secs] [Times: user=0.00 sys=0.00, real=0.00 secs] 
243.021: Total time for which application threads were stopped: 0.0005100 seconds, Stopping threads took: 0.0000610 seconds
243.146: Application time: 0.1246760 seconds
243.146: [GC [PSYoungGen: 23296K->448K(23552K)] 28170K->5322K(56832K), 0.0004740 secs] [Times: user=0.00 sys=0.00, real=0.00 secs] 
243.147: Total time for which application threads were stopped: 0.0006150 seconds, Stopping threads took: 0.0000690 seconds
243.274: Application time: 0.1275410 seconds
243.274: [GC [PSYoungGen: 23488K->256K(23552K)] 28362K->5479K(56832K), 0.0004990 secs] [Times: user=0.01 sys=0.00, real=0.00 secs] 
243.275: Total time for which application threads were stopped: 0.0006430 seconds, Stopping threads took: 0.0000600 seconds
243.403: Application time: 0.1283340 seconds
243.403: [GC [PSYoungGen: 23296K->256K(23552K)] 28519K->5559K(56832K), 0.0003830 secs] [Times: user=0.00 sys=0.00, real=0.00 secs] 
243.404: Total time for which application threads were stopped: 0.0005210 seconds, Stopping threads took: 0.0000660 seconds
243.531: Application time: 0.1271730 seconds
243.531: [GC [PSYoungGen: 23296K->256K(23552K)] 28599K->5559K(56832K), 0.0003980 secs] [Times: user=0.00 sys=0.00, real=0.00 secs] 
243.531: Total time for which application threads were stopped: 0.0005200 seconds, Stopping threads took: 0.0000510 seconds
243.659: Application time: 0.1280620 seconds
243.664: [GC [PSYoungGen: 23296K->256K(23552K)] 28599K->5703K(56832K), 0.0004970 secs] [Times: user=0.00 sys=0.00, real=0.00 secs] 
243.664: Total time for which application threads were stopped: 0.0046020 seconds, Stopping threads took: 0.0040320 seconds
243.792: Application time: 0.1280540 seconds
243.792: [GC [PSYoungGen: 23296K->256K(23552K)] 28743K->5751K(56832K), 0.0003850 secs] [Times: user=0.00 sys=0.00, real=0.00 secs] 
243.793: Total time for which application threads were stopped: 0.0005470 seconds, Stopping threads took: 0.0000810 seconds
243.917: Application time: 0.1247390 seconds
243.917: [GC [PSYoungGen: 23296K->416K(23552K)] 28791K->5911K(56832K), 0.0004560 secs] [Times: user=0.00 sys=0.00, real=0.00 secs] 
243.918: Total time for which application threads were stopped: 0.0005790 seconds, Stopping threads took: 0.0000510 seconds
244.045: Application time: 0.1268240 seconds
244.045: [GC [PSYoungGen: 23456K->288K(23552K)] 28951K->6079K(56832K), 0.0004740 secs] [Times: user=0.00 sys=0.00, real=0.00 secs] 
244.045: Total time for which application threads were stopped: 0.0005900 seconds, Stopping threads took: 0.0000490 seconds
244.173: Application time: 0.1280250 seconds
244.174: [GC [PSYoungGen: 23328K->224K(23552K)] 29119K->6127K(56832K), 0.0004190 secs] [Times: user=0.00 sys=0.00, real=0.00 secs] 
244.174: Total time for which application threads were stopped: 0.0005420 seconds, Stopping threads took: 0.0000540 seconds
244.302: Application time: 0.1278870 seconds
244.302: [GC [PSYoungGen: 23264K->256K(23552K)] 29167K->6159K(56832K), 0.0004020 secs] [Times: user=0.00 sys=0.00, real=0.00 secs] 
244.302: Total time for which application threads were stopped: 0.0005510 seconds, Stopping threads took: 0.0000640 seconds
244.431: Application time: 0.1282570 seconds
244.431: [GC [PSYoungGen: 23296K->256K(23552K)] 29199K->6303K(56832K), 0.0004250 secs] [Times: user=0.01 sys=0.00, real=0.00 secs] 
244.431: Total time for which application threads were stopped: 0.0005640 seconds, Stopping threads took: 0.0000650 seconds
244.559: Application time: 0.1278480 seconds
244.559: [GC [PSYoungGen: 23296K->256K(23552K)] 29343K->6351K(56832K), 0.0003830 secs] [Times: user=0.00 sys=0.00, real=0.01 secs] 
244.560: Total time for which application threads were stopped: 0.0005300 seconds, Stopping threads took: 0.0000700 seconds
244.685: Application time: 0.1250570 seconds
244.685: [GC [PSYoungGen: 23296K->432K(23552K)] 29391K->6527K(56832K), 0.0004770 secs] [Times: user=0.00 sys=0.00, real=0.00 secs] 
244.685: Total time for which application threads were stopped: 0.0006130 seconds, Stopping threads took: 0.0000670 seconds
244.812: Application time: 0.1267050 seconds
244.812: [GC [PSYoungGen: 23472K->256K(23552K)] 29567K->6660K(56832K), 0.0004820 secs] [Times: user=0.00 sys=0.00, real=0.00 secs] 
244.813: Total time for which application threads were stopped: 0.0006190 seconds, Stopping threads took: 0.0000540 seconds
244.942: Application time: 0.1289620 seconds
244.942: [GC [PSYoungGen: 23296K->256K(23552K)] 29700K->6796K(56832K), 0.0004570 secs] [Times: user=0.00 sys=0.00, real=0.00 secs] 
244.942: Total time for which application threads were stopped: 0.0005840 seconds, Stopping threads took: 0.0000560 seconds
245.070: Application time: 0.1277880 seconds
245.070: [GC [PSYoungGen: 23296K->256K(23552K)] 29836K->6796K(56832K), 0.0003820 secs] [Times: user=0.00 sys=0.00, real=0.00 secs] 
245.070: Total time for which application threads were stopped: 0.0005260 seconds, Stopping threads took: 0.0000740 seconds
245.198: Application time: 0.1274680 seconds
245.198: [GC [PSYoungGen: 23296K->256K(23552K)] 29836K->6916K(56832K), 0.0004170 secs] [Times: user=0.00 sys=0.00, real=0.00 secs] 
245.198: Total time for which application threads were stopped: 0.0005420 seconds, Stopping threads took: 0.0000530 seconds
245.327: Application time: 0.1282250 seconds
245.327: [GC [PSYoungGen: 23296K->256K(23552K)] 29956K->6988K(56832K), 0.0003940 secs] [Times: user=0.00 sys=0.00, real=0.00 secs] 
245.327: Total time for which application threads were stopped: 0.0005510 seconds, Stopping threads took: 0.0000730 seconds
245.454: Application time: 0.1264520 seconds
245.454: [GC [PSYoungGen: 23296K->272K(23552K)] 30028K->7004K(56832K), 0.0004360 secs] [Times: user=0.00 sys=0.00, real=0.00 secs] 
245.454: Total time for which application threads were stopped: 0.0005710 seconds, Stopping threads took: 0.0000650 seconds
245.579: Application time: 0.1248280 seconds
245.579: [GC [PSYoungGen: 23312K->400K(23552K)] 30044K->7244K(56832K), 0.0005010 secs] [Times: user=0.00 sys=0.00, real=0.01 secs] 
245.580: Total time for which application threads were stopped: 0.0006390 seconds, Stopping threads took: 0.0000670 seconds
245.708: Application time: 0.1283500 seconds
245.708: [GC [PSYoungGen: 23440K->256K(23552K)] 30284K->7408K(56832K), 0.0005000 secs] [Times: user=0.01 sys=0.00, real=0.00 secs] 
245.709: Total time for which application threads were stopped: 0.0006400 seconds, Stopping threads took: 0.0000690 seconds
245.837: Application time: 0.1280450 seconds
245.837: [GC [PSYoungGen: 23296K->256K(23552K)] 30448K->7408K(56832K), 0.0004120 secs] [Times: user=0.00 sys=0.00, real=0.00 secs] 
245.837: Total time for which application threads were stopped: 0.0005680 seconds, Stopping threads took: 0.0000760 seconds
245.965: Application time: 0.1273290 seconds
245.965: [GC [PSYoungGen: 23296K->256K(23552K)] 30448K->7456K(56832K), 0.0004200 secs] [Times: user=0.00 sys=0.00, real=0.00 secs] 
245.965: Total time for which application threads were stopped: 0.0005500 seconds, Stopping threads took: 0.0000550 seconds
246.094: Application time: 0.1283070 seconds
246.096: [GC [PSYoungGen: 23296K->256K(23552K)] 30496K->7600K(56832K), 0.0004450 secs] [Times: user=0.00 sys=0.00, real=0.00 secs] 
246.096: Total time for which application threads were stopped: 0.0024400 seconds, Stopping threads took: 0.0019240 seconds
246.225: Application time: 0.1285930 seconds
246.225: [GC [PSYoungGen: 23296K->256K(23552K)] 30640K->7600K(56832K), 0.0003750 secs] [Times: user=0.00 sys=0.00, real=0.00 secs] 
246.225: Total time for which application threads were stopped: 0.0005090 seconds, Stopping threads took: 0.0000570 seconds
246.349: Application time: 0.1243120 seconds
246.350: [GC [PSYoungGen: 23296K->432K(23552K)] 30640K->7777K(56832K), 0.0005020 secs] [Times: user=0.00 sys=0.00, real=0.00 secs] 
246.350: Total time for which application threads were stopped: 0.0006590 seconds, Stopping threads took: 0.0000720 seconds
246.478: Application time: 0.1276420 seconds
246.478: [GC [PSYoungGen: 23472K->256K(23552K)] 30817K->7937K(56832K), 0.0005090 secs] [Times: user=0.00 sys=0.00, real=0.00 secs] 
246.478: Total time for which application threads were stopped: 0.0006480 seconds, Stopping threads took: 0.0000670 seconds
246.606: Application time: 0.1280940 seconds
246.607: [GC [PSYoungGen: 23296K->256K(23552K)] 30977K->8009K(56832K), 0.0003910 secs] [Times: user=0.00 sys=0.00, real=0.00 secs] 
246.607: Total time for which application threads were stopped: 0.0005140 seconds, Stopping threads took: 0.0000510 seconds
246.735: Application time: 0.1278090 seconds
246.735: [GC [PSYoungGen: 23296K->256K(23552K)] 31049K->8009K(56832K), 0.0004250 secs] [Times: user=0.00 sys=0.00, real=0.00 secs] 
246.735: Total time for which application threads were stopped: 0.0005510 seconds, Stopping threads took: 0.0000550 seconds
246.863: Application time: 0.1280180 seconds
246.864: [GC [PSYoungGen: 23296K->256K(23552K)] 31049K->8177K(56832K), 0.0004310 secs] [Times: user=0.00 sys=0.00, real=0.00 secs] 
246.864: Total time for which application threads were stopped: 0.0005840 seconds, Stopping threads took: 0.0000730 seconds
246.992: Application time: 0.1282100 seconds
246.992: [GC [PSYoungGen: 23296K->256K(23552K)] 31217K->8201K(56832K), 0.0004410 secs] [Times: user=0.01 sys=0.00, real=0.00 secs] 
246.993: Total time for which application threads were stopped: 0.0005640 seconds, Stopping threads took: 0.0000510 seconds
247.117: Application time: 0.1245950 seconds
247.117: [GC [PSYoungGen: 23296K->448K(23552K)] 31241K->8393K(56832K), 0.0004900 secs] [Times: user=0.00 sys=0.00, real=0.00 secs] 
247.118: Total time for which application threads were stopped: 0.0006310 seconds, Stopping threads took: 0.0000720 seconds
247.245: Application time: 0.1270860 seconds
247.245: [GC [PSYoungGen: 23488K->224K(23552K)] 31433K->8509K(56832K), 0.0005610 secs] [Times: user=0.01 sys=0.00, real=0.00 secs] 
247.246: Total time for which application threads were stopped: 0.0007080 seconds, Stopping threads took: 0.0000760 seconds
247.374: Application time: 0.1285460 seconds
247.374: [GC [PSYoungGen: 23264K->256K(23552K)] 31549K->8621K(56832K), 0.0004090 secs] [Times: user=0.00 sys=0.00, real=0.00 secs] 
247.375: Total time for which application threads were stopped: 0.0005610 seconds, Stopping threads took: 0.0000690 seconds
247.503: Application time: 0.1276960 seconds
247.503: [GC [PSYoungGen: 23296K->256K(23552K)] 31661K->8621K(56832K), 0.0004170 secs] [Times: user=0.00 sys=0.00, real=0.00 secs] 
247.503: Total time for which application threads were stopped: 0.0005500 seconds, Stopping threads took: 0.0000630 seconds
247.631: Application time: 0.1280390 seconds
247.631: [GC [PSYoungGen: 23296K->256K(23552K)] 31661K->8789K(56832K), 0.0004610 secs] [Times: user=0.00 sys=0.00, real=0.00 secs] 
247.632: Total time for which application threads were stopped: 0.0005930 seconds, Stopping threads took: 0.0000610 seconds
247.760: Application time: 0.1285900 seconds
247.760: [GC [PSYoungGen: 23296K->256K(23552K)] 31829K->8813K(56832K), 0.0003680 secs] [Times: user=0.00 sys=0.00, real=0.00 secs] 
247.761: Total time for which application threads were stopped: 0.0004990 seconds, Stopping threads took: 0.0000590 seconds
247.885: Application time: 0.1239980 seconds
247.885: [GC [PSYoungGen: 23296K->448K(23552K)] 31853K->9006K(56832K), 0.0004740 secs] [Times: user=0.01 sys=0.00, real=0.00 secs] 
247.885: Total time for which application threads were stopped: 0.0006160 seconds, Stopping threads took: 0.0000590 seconds
248.013: Application time: 0.1278500 seconds
248.013: [GC [PSYoungGen: 23488K->256K(23552K)] 32046K->9158K(56832K), 0.0005000 secs] [Times: user=0.01 sys=0.00, real=0.00 secs] 
248.014: Total time for which application threads were stopped: 0.0006230 seconds, Stopping threads took: 0.0000520 seconds
248.142: Application time: 0.1283140 seconds
248.142: [GC [PSYoungGen: 23296K->256K(23552K)] 32198K->9230K(56832K), 0.0004280 secs] [Times: user=0.00 sys=0.00, real=0.00 secs] 
248.143: Total time for which application threads were stopped: 0.0005510 seconds, Stopping threads took: 0.0000480 seconds
248.271: Application time: 0.1280890 seconds
248.271: [GC [PSYoungGen: 23296K->224K(23552K)] 32270K->9198K(56832K), 0.0004130 secs] [Times: user=0.00 sys=0.00, real=0.00 secs] 
248.271: Total time for which application threads were stopped: 0.0005520 seconds, Stopping threads took: 0.0000620 seconds
248.399: Application time: 0.1278150 seconds
248.399: [GC [PSYoungGen: 23264K->256K(23552K)] 32238K->9398K(56832K), 0.0004320 secs] [Times: user=0.00 sys=0.00, real=0.01 secs] 
248.400: Total time for which application threads were stopped: 0.0005860 seconds, Stopping threads took: 0.0000700 seconds
248.528: Application time: 0.1279760 seconds
248.528: [GC [PSYoungGen: 23296K->256K(23552K)] 32438K->9422K(56832K), 0.0003970 secs] [Times: user=0.00 sys=0.00, real=0.00 secs] 
248.528: Total time for which application threads were stopped: 0.0005350 seconds, Stopping threads took: 0.0000680 seconds
248.653: Application time: 0.1248060 seconds
248.653: [GC [PSYoungGen: 23296K->448K(23552K)] 32462K->9614K(56832K), 0.0004590 secs] [Times: user=0.00 sys=0.00, real=0.00 secs] 
248.654: Total time for which application threads were stopped: 0.0005910 seconds, Stopping threads took: 0.0000600 seconds
248.781: Application time: 0.1276300 seconds
248.782: [GC [PSYoungGen: 23488K->256K(23552K)] 32654K->9770K(56832K), 0.0005130 secs] [Times: user=0.01 sys=0.00, real=0.00 secs] 
248.782: Total time for which application threads were stopped: 0.0006410 seconds, Stopping threads took: 0.0000500 seconds
248.910: Application time: 0.1281120 seconds
248.910: [GC [PSYoungGen: 23296K->256K(23552K)] 32810K->9850K(56832K), 0.0004120 secs] [Times: user=0.00 sys=0.00, real=0.00 secs] 
248.911: Total time for which application threads were stopped: 0.0005620 seconds, Stopping threads took: 0.0000690 seconds
249.039: Application time: 0.1278860 seconds
249.039: [GC [PSYoungGen: 23296K->224K(23552K)] 32890K->9818K(56832K), 0.0004120 secs] [Times: user=0.00 sys=0.00, real=0.00 secs] 
249.039: Total time for which application threads were stopped: 0.0005300 seconds, Stopping threads took: 0.0000540 seconds
249.167: Application time: 0.1277870 seconds
249.167: [GC [PSYoungGen: 23264K->224K(23552K)] 32858K->9986K(56832K), 0.0004990 secs] [Times: user=0.00 sys=0.00, real=0.01 secs] 
249.168: Total time for which application threads were stopped: 0.0006230 seconds, Stopping threads took: 0.0000520 seconds
249.295: Application time: 0.1278520 seconds
249.296: [GC [PSYoungGen: 23264K->256K(23552K)] 33026K->10042K(56832K), 0.0003960 secs] [Times: user=0.00 sys=0.00, real=0.00 secs] 
249.296: Total time for which application threads were stopped: 0.0005400 seconds, Stopping threads took: 0.0000710 seconds
249.421: Application time: 0.1249560 seconds
249.421: [GC [PSYoungGen: 23296K->384K(23552K)] 33082K->10171K(56832K), 0.0004910 secs] [Times: user=0.01 sys=0.00, real=0.00 secs] 
249.422: Total time for which application threads were stopped: 0.0006270 seconds, Stopping threads took: 0.0000560 seconds
249.549: Application time: 0.1270200 seconds
249.549: [GC [PSYoungGen: 23424K->288K(23552K)] 33211K->10383K(56832K), 0.0005340 secs] [Times: user=0.00 sys=0.00, real=0.00 secs] 
249.549: Total time for which application threads were stopped: 0.0006630 seconds, Stopping threads took: 0.0000500 seconds
249.678: Application time: 0.1286050 seconds
249.678: [GC [PSYoungGen: 23328K->256K(23552K)] 33423K->10479K(56832K), 0.0004130 secs] [Times: user=0.00 sys=0.00, real=0.00 secs] 
249.678: Total time for which application threads were stopped: 0.0005570 seconds, Stopping threads took: 0.0000700 seconds
249.806: Application time: 0.1272940 seconds
249.806: [GC [PSYoungGen: 23296K->256K(23552K)] 33519K->10479K(56832K), 0.0004090 secs] [Times: user=0.00 sys=0.00, real=0.00 secs] 
249.806: Total time for which application threads were stopped: 0.0005400 seconds, Stopping threads took: 0.0000510 seconds
249.935: Application time: 0.1283830 seconds
249.935: [GC [PSYoungGen: 23296K->256K(23552K)] 33519K->10623K(56832K), 0.0004420 secs] [Times: user=0.00 sys=0.00, real=0.00 secs] 
249.935: Total time for which application threads were stopped: 0.0005780 seconds, Stopping threads took: 0.0000530 seconds
250.063: Application time: 0.1282940 seconds
250.064: [GC [PSYoungGen: 23296K->256K(23552K)] 33663K->10671K(56832K), 0.0003860 secs] [Times: user=0.00 sys=0.00, real=0.00 secs] 
250.064: Total time for which application threads were stopped: 0.0005130 seconds, Stopping threads took: 0.0000570 seconds
250.188: Application time: 0.1241850 seconds
250.188: [GC [PSYoungGen: 23296K->416K(23552K)] 33711K->10831K(56832K), 0.0004380 secs] [Times: user=0.00 sys=0.00, real=0.00 secs] 
250.189: Total time for which application threads were stopped: 0.0005700 seconds, Stopping threads took: 0.0000620 seconds
250.316: Application time: 0.1271170 seconds
250.316: [GC [PSYoungGen: 23456K->272K(23552K)] 33871K->10999K(56832K), 0.0004880 secs] [Times: user=0.01 sys=0.00, real=0.00 secs] 
250.317: Total time for which application threads were stopped: 0.0006490 seconds, Stopping threads took: 0.0000900 seconds
250.445: Application time: 0.1280370 seconds
250.445: [GC [PSYoungGen: 23312K->256K(23552K)] 34039K->11111K(56832K), 0.0004210 secs] [Times: user=0.00 sys=0.00, real=0.00 secs] 
250.445: Total time for which application threads were stopped: 0.0005790 seconds, Stopping threads took: 0.0000790 seconds
250.572: Application time: 0.1271920 seconds
250.572: [GC [PSYoungGen: 23296K->256K(23552K)] 34151K->11111K(56832K), 0.0004480 secs] [Times: user=0.00 sys=0.00, real=0.00 secs] 
250.574: Total time for which application threads were stopped: 0.0016520 seconds, Stopping threads took: 0.0000550 seconds
250.702: Application time: 0.1279680 seconds
250.702: [GC [PSYoungGen: 23296K->256K(23552K)] 34151K->11256K(56832K), 0.0004230 secs] [Times: user=0.00 sys=0.00, real=0.00 secs] 
250.703: Total time for which application threads were stopped: 0.0005480 seconds, Stopping threads took: 0.0000510 seconds
250.836: Application time: 0.1335090 seconds
250.836: [GC [PSYoungGen: 23296K->256K(23552K)] 34296K->11304K(56832K), 0.0004660 secs] [Times: user=0.00 sys=0.00, real=0.00 secs] 
250.837: Total time for which application threads were stopped: 0.0005960 seconds, Stopping threads took: 0.0000550 seconds
250.975: Application time: 0.1385370 seconds
250.980: [GC [PSYoungGen: 23296K->336K(23552K)] 34344K->11384K(56832K), 0.0005130 secs] [Times: user=0.00 sys=0.00, real=0.00 secs] 
250.980: Total time for which application threads were stopped: 0.0049060 seconds, Stopping threads took: 0.0043130 seconds
251.119: Application time: 0.1388240 seconds
251.119: [GC [PSYoungGen: 23376K->368K(23552K)] 34424K->11588K(56832K), 0.0005700 secs] [Times: user=0.01 sys=0.00, real=0.01 secs] 
251.120: Total time for which application threads were stopped: 0.0007360 seconds, Stopping threads took: 0.0000880 seconds
251.261: Application time: 0.1409640 seconds
251.261: [GC [PSYoungGen: 23408K->256K(23552K)] 34628K->11732K(56832K), 0.0004870 secs] [Times: user=0.01 sys=0.00, real=0.00 secs] 
251.261: Total time for which application threads were stopped: 0.0006320 seconds, Stopping threads took: 0.0000710 seconds
251.402: Application time: 0.1407890 seconds
251.402: [GC [PSYoungGen: 23296K->256K(23552K)] 34772K->11732K(56832K), 0.0004220 secs] [Times: user=0.00 sys=0.00, real=0.00 secs] 
251.403: Total time for which application threads were stopped: 0.0005500 seconds, Stopping threads took: 0.0000540 seconds
251.543: Application time: 0.1406550 seconds
251.543: [GC [PSYoungGen: 23296K->256K(23552K)] 34772K->11780K(56832K), 0.0004500 secs] [Times: user=0.00 sys=0.00, real=0.00 secs] 
251.544: Total time for which application threads were stopped: 0.0006060 seconds, Stopping threads took: 0.0000680 seconds
251.685: Application time: 0.1412360 seconds
251.685: [GC [PSYoungGen: 23296K->160K(23552K)] 34820K->11812K(56832K), 0.0004920 secs] [Times: user=0.00 sys=0.00, real=0.00 secs] 
251.686: Total time for which application threads were stopped: 0.0006210 seconds, Stopping threads took: 0.0000520 seconds
251.826: Application time: 0.1398540 seconds
251.826: [GC [PSYoungGen: 23200K->256K(23552K)] 34852K->11908K(56832K), 0.0004040 secs] [Times: user=0.01 sys=0.00, real=0.00 secs] 
251.826: Total time for which application threads were stopped: 0.0005600 seconds, Stopping threads took: 0.0000820 seconds
251.963: Application time: 0.1371660 seconds
251.963: [GC [PSYoungGen: 23296K->400K(23552K)] 34948K->12156K(56832K), 0.0005110 secs] [Times: user=0.00 sys=0.00, real=0.00 secs] 
251.964: Total time for which application threads were stopped: 0.0006370 seconds, Stopping threads took: 0.0000520 seconds
252.105: Application time: 0.1412780 seconds
252.105: [GC [PSYoungGen: 23440K->256K(23552K)] 35196K->12312K(56832K), 0.0004920 secs] [Times: user=0.00 sys=0.00, real=0.00 secs] 
252.106: Total time for which application threads were stopped: 0.0006420 seconds, Stopping threads took: 0.0000650 seconds
252.247: Application time: 0.1410940 seconds
252.247: [GC [PSYoungGen: 23296K->256K(23552K)] 35352K->12336K(56832K), 0.0004200 secs] [Times: user=0.00 sys=0.00, real=0.01 secs] 
252.248: Total time for which application threads were stopped: 0.0005530 seconds, Stopping threads took: 0.0000570 seconds
252.388: Application time: 0.1407510 seconds
252.388: [GC [PSYoungGen: 23296K->208K(23552K)] 35376K->12288K(56832K), 0.0004810 secs] [Times: user=0.00 sys=0.00, real=0.00 secs] 
252.389: Total time for which application threads were stopped: 0.0006170 seconds, Stopping threads took: 0.0000640 seconds
252.529: Application time: 0.1399640 seconds
252.529: [GC [PSYoungGen: 23248K->256K(23552K)] 35328K->12505K(56832K), 0.0004560 secs] [Times: user=0.00 sys=0.00, real=0.00 secs] 
252.529: Total time for which application threads were stopped: 0.0006110 seconds, Stopping threads took: 0.0000770 seconds
252.670: Application time: 0.1406740 seconds
252.670: [GC [PSYoungGen: 23296K->256K(23552K)] 35545K->12529K(56832K), 0.0004090 secs] [Times: user=0.01 sys=0.00, real=0.00 secs] 
252.671: Total time for which application threads were stopped: 0.0005540 seconds, Stopping threads took: 0.0000580 seconds
252.807: Application time: 0.1367550 seconds
252.808: [GC [PSYoungGen: 23296K->480K(23552K)] 35569K->12753K(56832K), 0.0005340 secs] [Times: user=0.00 sys=0.00, real=0.00 secs] 
252.808: Total time for which application threads were stopped: 0.0007020 seconds, Stopping threads took: 0.0000910 seconds
252.948: Application time: 0.1401820 seconds
252.948: [GC [PSYoungGen: 23520K->192K(23552K)] 35793K->12801K(56832K), 0.0006130 secs] [Times: user=0.01 sys=0.00, real=0.00 secs] 
252.949: Total time for which application threads were stopped: 0.0007430 seconds, Stopping threads took: 0.0000540 seconds
253.090: Application time: 0.1412240 seconds
253.090: [GC [PSYoungGen: 23232K->256K(23552K)] 35841K->12953K(56832K), 0.0004330 secs] [Times: user=0.00 sys=0.00, real=0.00 secs] 
253.091: Total time for which application threads were stopped: 0.0005730 seconds, Stopping threads took: 0.0000660 seconds
253.231: Application time: 0.1402700 seconds
253.231: [GC [PSYoungGen: 23296K->256K(23552K)] 35993K->12953K(56832K), 0.0004560 secs] [Times: user=0.00 sys=0.00, real=0.00 secs] 
253.232: Total time for which application threads were stopped: 0.0006000 seconds, Stopping threads took: 0.0000590 seconds
253.373: Application time: 0.1409980 seconds
253.373: [GC [PSYoungGen: 23296K->224K(23552K)] 35993K->13081K(56832K), 0.0004870 secs] [Times: user=0.00 sys=0.00, real=0.00 secs] 
253.373: Total time for which application threads were stopped: 0.0006390 seconds, Stopping threads took: 0.0000770 seconds
253.514: Application time: 0.1410690 seconds
253.515: [GC [PSYoungGen: 23264K->256K(23552K)] 36121K->13137K(56832K), 0.0004110 secs] [Times: user=0.00 sys=0.00, real=0.00 secs] 
253.515: Total time for which application threads were stopped: 0.0005510 seconds, Stopping threads took: 0.0000540 seconds
253.652: Application time: 0.1366180 seconds
253.652: [GC [PSYoungGen: 23296K->416K(23552K)] 36177K->13297K(56832K), 0.0005230 secs] [Times: user=0.00 sys=0.00, real=0.00 secs] 
253.652: Total time for which application threads were stopped: 0.0006680 seconds, Stopping threads took: 0.0000710 seconds
253.793: Application time: 0.1409610 seconds
253.793: [GC [PSYoungGen: 23456K->256K(23552K)] 36337K->13485K(56832K), 0.0005330 secs] [Times: user=0.00 sys=0.00, real=0.00 secs] 
253.794: Total time for which application threads were stopped: 0.0006790 seconds, Stopping threads took: 0.0000570 seconds
253.935: Application time: 0.1415390 seconds
253.936: [GC [PSYoungGen: 23296K->256K(23552K)] 36525K->13557K(56832K), 0.0004600 secs] [Times: user=0.00 sys=0.00, real=0.00 secs] 
253.936: Total time for which application threads were stopped: 0.0006020 seconds, Stopping threads took: 0.0000650 seconds
254.077: Application time: 0.1406890 seconds
254.077: [GC [PSYoungGen: 23296K->256K(23552K)] 36597K->13557K(56832K), 0.0004370 secs] [Times: user=0.01 sys=0.00, real=0.00 secs] 
254.077: Total time for which application threads were stopped: 0.0005870 seconds, Stopping threads took: 0.0000750 seconds
254.219: Application time: 0.1413650 seconds
254.219: [GC [PSYoungGen: 23296K->224K(23552K)] 36597K->13694K(56832K), 0.0004810 secs] [Times: user=0.00 sys=0.00, real=0.00 secs] 
254.219: Total time for which application threads were stopped: 0.0006090 seconds, Stopping threads took: 0.0000530 seconds
254.360: Application time: 0.1410590 seconds
254.361: [GC [PSYoungGen: 23264K->224K(23552K)] 36734K->13718K(56832K), 0.0004380 secs] [Times: user=0.00 sys=0.00, real=0.00 secs] 
254.361: Total time for which application threads were stopped: 0.0005880 seconds, Stopping threads took: 0.0000680 seconds
254.498: Application time: 0.1371750 seconds
254.498: [GC [PSYoungGen: 23264K->432K(23552K)] 36758K->13926K(56832K), 0.0005120 secs] [Times: user=0.00 sys=0.00, real=0.00 secs] 
254.499: Total time for which application threads were stopped: 0.0006530 seconds, Stopping threads took: 0.0000640 seconds
254.640: Application time: 0.1408210 seconds
254.640: [GC [PSYoungGen: 23472K->256K(23552K)] 36966K->14098K(56832K), 0.0005230 secs] [Times: user=0.00 sys=0.00, real=0.00 secs] 
254.640: Total time for which application threads were stopped: 0.0006660 seconds, Stopping threads took: 0.0000660 seconds
254.781: Application time: 0.1404360 seconds
254.781: [GC [PSYoungGen: 23296K->256K(23552K)] 37138K->14170K(56832K), 0.0003930 secs] [Times: user=0.00 sys=0.00, real=0.00 secs] 
254.781: Total time for which application threads were stopped: 0.0005200 seconds, Stopping threads took: 0.0000550 seconds
254.909: Application time: 0.1275940 seconds
254.909: [GC [PSYoungGen: 23296K->256K(23552K)] 37210K->14170K(56832K), 0.0004420 secs] [Times: user=0.00 sys=0.00, real=0.00 secs] 
254.909: Total time for which application threads were stopped: 0.0005820 seconds, Stopping threads took: 0.0000520 seconds
255.038: Application time: 0.1280690 seconds
255.038: [GC [PSYoungGen: 23296K->224K(23552K)] 37210K->14306K(56832K), 0.0004270 secs] [Times: user=0.01 sys=0.00, real=0.00 secs] 
255.038: Total time for which application threads were stopped: 0.0005540 seconds, Stopping threads took: 0.0000610 seconds
255.166: Application time: 0.1281630 seconds
255.168: [GC [PSYoungGen: 23264K->256K(23552K)] 37346K->14362K(56832K), 0.0003950 secs] [Times: user=0.00 sys=0.00, real=0.00 secs] 
255.168: Total time for which application threads were stopped: 0.0017080 seconds, Stopping threads took: 0.0012410 seconds
255.293: Application time: 0.1250020 seconds
255.293: [GC [PSYoungGen: 23296K->400K(23552K)] 37402K->14506K(56832K), 0.0004850 secs] [Times: user=0.00 sys=0.00, real=0.00 secs] 
255.294: Total time for which application threads were stopped: 0.0006180 seconds, Stopping threads took: 0.0000630 seconds
255.420: Application time: 0.1264730 seconds
255.420: [GC [PSYoungGen: 23440K->256K(23552K)] 37546K->14666K(56832K), 0.0005170 secs] [Times: user=0.00 sys=0.00, real=0.00 secs] 
255.421: Total time for which application threads were stopped: 0.0006480 seconds, Stopping threads took: 0.0000500 seconds
255.549: Application time: 0.1284830 seconds
255.549: [GC [PSYoungGen: 23296K->256K(23552K)] 37706K->14795K(56832K), 0.0005090 secs] [Times: user=0.00 sys=0.00, real=0.00 secs] 
255.550: Total time for which application threads were stopped: 0.0006400 seconds, Stopping threads took: 0.0000540 seconds
255.677: Application time: 0.1276650 seconds
255.678: [GC [PSYoungGen: 23296K->224K(23552K)] 37835K->14763K(56832K), 0.0004620 secs] [Times: user=0.00 sys=0.00, real=0.00 secs] 
255.678: Total time for which application threads were stopped: 0.0005960 seconds, Stopping threads took: 0.0000640 seconds
255.806: Application time: 0.1281690 seconds
255.806: [GC [PSYoungGen: 23264K->256K(23552K)] 37803K->14939K(56832K), 0.0004400 secs] [Times: user=0.01 sys=0.00, real=0.00 secs] 
255.807: Total time for which application threads were stopped: 0.0005820 seconds, Stopping threads took: 0.0000740 seconds
255.935: Application time: 0.1281780 seconds
255.935: [GC [PSYoungGen: 23296K->256K(23552K)] 37979K->14987K(56832K), 0.0003980 secs] [Times: user=0.00 sys=0.00, real=0.00 secs] 
255.936: Total time for which application threads were stopped: 0.0005390 seconds, Stopping threads took: 0.0000610 seconds
256.062: Application time: 0.1260750 seconds
256.062: [GC [PSYoungGen: 23296K->336K(23552K)] 38027K->15067K(56832K), 0.0004420 secs] [Times: user=0.00 sys=0.00, real=0.00 secs] 
256.062: Total time for which application threads were stopped: 0.0005840 seconds, Stopping threads took: 0.0000720 seconds
256.189: Application time: 0.1264240 seconds
256.189: [GC [PSYoungGen: 23376K->272K(23552K)] 38107K->15259K(56832K), 0.0005150 secs] [Times: user=0.00 sys=0.00, real=0.00 secs] 
256.189: Total time for which application threads were stopped: 0.0006510 seconds, Stopping threads took: 0.0000650 seconds
256.317: Application time: 0.1280510 seconds
256.317: [GC [PSYoungGen: 23312K->256K(23552K)] 38299K->15419K(56832K), 0.0004570 secs] [Times: user=0.00 sys=0.00, real=0.00 secs] 
256.318: Total time for which application threads were stopped: 0.0005980 seconds, Stopping threads took: 0.0000690 seconds
256.446: Application time: 0.1282220 seconds
256.446: [GC [PSYoungGen: 23296K->224K(23552K)] 38459K->15387K(56832K), 0.0004370 secs] [Times: user=0.01 sys=0.00, real=0.00 secs] 
256.447: Total time for which application threads were stopped: 0.0005810 seconds, Stopping threads took: 0.0000620 seconds
256.575: Application time: 0.1278080 seconds
256.575: [GC [PSYoungGen: 23264K->256K(23552K)] 38427K->15515K(56832K), 0.0004480 secs] [Times: user=0.00 sys=0.00, real=0.00 secs] 
256.575: Total time for which application threads were stopped: 0.0005930 seconds, Stopping threads took: 0.0000730 seconds
256.704: Application time: 0.1283920 seconds
256.704: [GC [PSYoungGen: 23296K->256K(23552K)] 38555K->15611K(56832K), 0.0004070 secs] [Times: user=0.00 sys=0.00, real=0.00 secs] 
256.704: Total time for which application threads were stopped: 0.0005450 seconds, Stopping threads took: 0.0000660 seconds
256.830: Application time: 0.1255430 seconds
256.830: [GC [PSYoungGen: 23296K->320K(23552K)] 38651K->15675K(56832K), 0.0004380 secs] [Times: user=0.00 sys=0.00, real=0.00 secs] 
256.830: Total time for which application threads were stopped: 0.0005690 seconds, Stopping threads took: 0.0000580 seconds
256.956: Application time: 0.1261650 seconds
256.957: [GC [PSYoungGen: 23360K->336K(23552K)] 38715K->15943K(56832K), 0.0005120 secs] [Times: user=0.00 sys=0.00, real=0.00 secs] 
256.957: Total time for which application threads were stopped: 0.0006600 seconds, Stopping threads took: 0.0000670 seconds
257.086: Application time: 0.1291150 seconds
257.086: [GC [PSYoungGen: 23376K->256K(23552K)] 38983K->16048K(56832K), 0.0004340 secs] [Times: user=0.00 sys=0.00, real=0.00 secs] 
257.087: Total time for which application threads were stopped: 0.0005860 seconds, Stopping threads took: 0.0000740 seconds
257.215: Application time: 0.1279280 seconds
257.215: [GC [PSYoungGen: 23296K->256K(23552K)] 39088K->16048K(56832K), 0.0004000 secs] [Times: user=0.01 sys=0.00, real=0.00 secs] 
257.215: Total time for which application threads were stopped: 0.0005290 seconds, Stopping threads took: 0.0000580 seconds
257.343: Application time: 0.1275850 seconds
257.343: [GC [PSYoungGen: 23296K->160K(23552K)] 39088K->16048K(56832K), 0.0004620 secs] [Times: user=0.00 sys=0.00, real=0.00 secs] 
257.343: Total time for which application threads were stopped: 0.0006040 seconds, Stopping threads took: 0.0000690 seconds
257.472: Application time: 0.1281670 seconds
257.472: [GC [PSYoungGen: 23200K->256K(23552K)] 39088K->16240K(56832K), 0.0004260 secs] [Times: user=0.00 sys=0.00, real=0.00 secs] 
257.472: Total time for which application threads were stopped: 0.0005870 seconds, Stopping threads took: 0.0000800 seconds
257.599: Application time: 0.1264880 seconds
257.599: [GC [PSYoungGen: 23296K->272K(23552K)] 39280K->16256K(56832K), 0.0004200 secs] [Times: user=0.00 sys=0.00, real=0.00 secs] 
257.599: Total time for which application threads were stopped: 0.0005580 seconds, Stopping threads took: 0.0000670 seconds
257.724: Application time: 0.1251820 seconds
257.725: [GC [PSYoungGen: 23312K->384K(23552K)] 39296K->16528K(56832K), 0.0005040 secs] [Times: user=0.00 sys=0.00, real=0.00 secs] 
257.725: Total time for which application threads were stopped: 0.0006400 seconds, Stopping threads took: 0.0000660 seconds
257.854: Application time: 0.1287240 seconds
257.854: [GC [PSYoungGen: 23424K->256K(23552K)] 39568K->16656K(56832K), 0.0004880 secs] [Times: user=0.00 sys=0.00, real=0.00 secs] 
257.854: Total time for which application threads were stopped: 0.0006180 seconds, Stopping threads took: 0.0000540 seconds
257.983: Application time: 0.1281550 seconds
257.983: [GC [PSYoungGen: 23296K->224K(23552K)] 39696K->16624K(56832K), 0.0004090 secs] [Times: user=0.00 sys=0.00, real=0.00 secs] 
257.983: Total time for which application threads were stopped: 0.0005550 seconds, Stopping threads took: 0.0000640 seconds
258.111: Application time: 0.1280010 seconds
258.111: [GC [PSYoungGen: 23264K->256K(23552K)] 39664K->16704K(56832K), 0.0004360 secs] [Times: user=0.00 sys=0.01, real=0.00 secs] 
258.112: Total time for which application threads were stopped: 0.0005580 seconds, Stopping threads took: 0.0000490 seconds
258.240: Application time: 0.1282050 seconds
258.240: [GC [PSYoungGen: 23296K->256K(23552K)] 39744K->16824K(56832K), 0.0004210 secs] [Times: user=0.00 sys=0.00, real=0.00 secs] 
258.240: Total time for which application threads were stopped: 0.0005600 seconds, Stopping threads took: 0.0000680 seconds
258.369: Application time: 0.1286220 seconds
258.369: [GC [PSYoungGen: 23296K->224K(23552K)] 39864K->16816K(56832K), 0.0004500 secs] [Times: user=0.00 sys=0.00, real=0.00 secs] 
258.370: Total time for which application threads were stopped: 0.0005680 seconds, Stopping threads took: 0.0000470 seconds
258.495: Application time: 0.1250040 seconds
258.495: [GC [PSYoungGen: 23264K->368K(23552K)] 39856K->17008K(56832K), 0.0005340 secs] [Times: user=0.01 sys=0.00, real=0.00 secs] 
258.495: Total time for which application threads were stopped: 0.0006800 seconds, Stopping threads took: 0.0000600 seconds
258.622: Application time: 0.1270560 seconds
258.622: [GC [PSYoungGen: 23408K->288K(23552K)] 40048K->17240K(56832K), 0.0005090 secs] [Times: user=0.00 sys=0.00, real=0.00 secs] 
258.623: Total time for which application threads were stopped: 0.0006470 seconds, Stopping threads took: 0.0000650 seconds
258.752: Application time: 0.1289120 seconds
258.752: [GC [PSYoungGen: 23328K->224K(23552K)] 40280K->17249K(56832K), 0.0004110 secs] [Times: user=0.00 sys=0.00, real=0.00 secs] 
258.752: Total time for which application threads were stopped: 0.0005420 seconds, Stopping threads took: 0.0000580 seconds
258.880: Application time: 0.1272260 seconds
258.880: [GC [PSYoungGen: 23264K->256K(23552K)] 40289K->17281K(56832K), 0.0004660 secs] [Times: user=0.00 sys=0.00, real=0.00 secs] 
258.880: Total time for which application threads were stopped: 0.0006000 seconds, Stopping threads took: 0.0000630 seconds
259.008: Application time: 0.1280620 seconds
259.009: [GC [PSYoungGen: 23296K->256K(23552K)] 40321K->17449K(56832K), 0.0004340 secs] [Times: user=0.01 sys=0.00, real=0.00 secs] 
259.009: Total time for which application threads were stopped: 0.0005830 seconds, Stopping threads took: 0.0000680 seconds
259.138: Application time: 0.1289710 seconds
259.138: [GC [PSYoungGen: 23295K->256K(23552K)] 40489K->17473K(56832K), 0.0004160 secs] [Times: user=0.01 sys=0.00, real=0.00 secs] 
259.138: Total time for which application threads were stopped: 0.0005480 seconds, Stopping threads took: 0.0000600 seconds
259.262: Application time: 0.1237600 seconds
259.262: [GC [PSYoungGen: 23296K->448K(23552K)] 40513K->17665K(56832K), 0.0004930 secs] [Times: user=0.00 sys=0.00, real=0.00 secs] 
259.263: Total time for which application threads were stopped: 0.0006200 seconds, Stopping threads took: 0.0000540 seconds
259.391: Application time: 0.1276810 seconds
259.391: [GC [PSYoungGen: 23488K->256K(23552K)] 40705K->17809K(56832K), 0.0005260 secs] [Times: user=0.00 sys=0.00, real=0.00 secs] 
259.391: Total time for which application threads were stopped: 0.0006520 seconds, Stopping threads took: 0.0000540 seconds
259.519: Application time: 0.1279870 seconds
259.519: [GC [PSYoungGen: 23296K->224K(23552K)] 40849K->17849K(56832K), 0.0004150 secs] [Times: user=0.00 sys=0.00, real=0.01 secs] 
259.520: Total time for which application threads were stopped: 0.0005560 seconds, Stopping threads took: 0.0000630 seconds
259.647: Application time: 0.1277010 seconds
259.648: [GC [PSYoungGen: 23264K->256K(23552K)] 40889K->17881K(56832K), 0.0004310 secs] [Times: user=0.00 sys=0.00, real=0.00 secs] 
259.648: Total time for which application threads were stopped: 0.0005650 seconds, Stopping threads took: 0.0000630 seconds
259.776: Application time: 0.1280780 seconds
259.776: [GC [PSYoungGen: 23296K->256K(23552K)] 40921K->18049K(56832K), 0.0004400 secs] [Times: user=0.00 sys=0.00, real=0.00 secs] 
259.777: Total time for which application threads were stopped: 0.0005690 seconds, Stopping threads took: 0.0000580 seconds
259.906: Application time: 0.1289190 seconds
259.906: [GC [PSYoungGen: 23296K->256K(23552K)] 41089K->18073K(56832K), 0.0003800 secs] [Times: user=0.00 sys=0.00, real=0.00 secs] 
259.906: Total time for which application threads were stopped: 0.0005090 seconds, Stopping threads took: 0.0000610 seconds
260.030: Application time: 0.1243440 seconds
260.031: [GC [PSYoungGen: 23296K->448K(23552K)] 41113K->18265K(56832K), 0.0005120 secs] [Times: user=0.01 sys=0.00, real=0.00 secs] 
260.031: Total time for which application threads were stopped: 0.0006510 seconds, Stopping threads took: 0.0000550 seconds
260.158: Application time: 0.1273480 seconds
260.159: [GC [PSYoungGen: 23488K->192K(23552K)] 41305K->18350K(56832K), 0.0005560 secs] [Times: user=0.00 sys=0.00, real=0.00 secs] 
260.159: Total time for which application threads were stopped: 0.0007100 seconds, Stopping threads took: 0.0000820 seconds
260.288: Application time: 0.1283730 seconds
260.288: [GC [PSYoungGen: 23232K->256K(23552K)] 41390K->18486K(56832K), 0.0004000 secs] [Times: user=0.01 sys=0.00, real=0.00 secs] 
260.288: Total time for which application threads were stopped: 0.0005350 seconds, Stopping threads took: 0.0000620 seconds
260.416: Application time: 0.1278270 seconds
260.416: [GC [PSYoungGen: 23296K->256K(23552K)] 41526K->18486K(56832K), 0.0004420 secs] [Times: user=0.00 sys=0.00, real=0.00 secs] 
260.416: Total time for which application threads were stopped: 0.0005790 seconds, Stopping threads took: 0.0000650 seconds
260.545: Application time: 0.1286560 seconds
260.545: [GC [PSYoungGen: 23296K->256K(23552K)] 41526K->18654K(56832K), 0.0004410 secs] [Times: user=0.00 sys=0.00, real=0.00 secs] 
260.546: Total time for which application threads were stopped: 0.0005970 seconds, Stopping threads took: 0.0000720 seconds
260.674: Application time: 0.1282300 seconds
260.674: [GC [PSYoungGen: 23296K->256K(23552K)] 41694K->18678K(56832K), 0.0004040 secs] [Times: user=0.00 sys=0.00, real=0.00 secs] 
260.675: Total time for which application threads were stopped: 0.0005310 seconds, Stopping threads took: 0.0000570 seconds
260.799: Application time: 0.1249550 seconds
260.800: [GC [PSYoungGen: 23296K->352K(23552K)] 41718K->18774K(56832K), 0.0005390 secs] [Times: user=0.00 sys=0.00, real=0.00 secs] 
260.800: Total time for which application threads were stopped: 0.0006810 seconds, Stopping threads took: 0.0000670 seconds
260.927: Application time: 0.1268000 seconds
260.927: [GC [PSYoungGen: 23392K->256K(23552K)] 41814K->18986K(56832K), 0.0005270 secs] [Times: user=0.01 sys=0.00, real=0.01 secs] 
260.928: Total time for which application threads were stopped: 0.0006630 seconds, Stopping threads took: 0.0000640 seconds
261.056: Application time: 0.1285760 seconds
261.060: [GC [PSYoungGen: 23296K->256K(23552K)] 42026K->19110K(56832K), 0.0004320 secs] [Times: user=0.00 sys=0.00, real=0.00 secs] 
261.060: Total time for which application threads were stopped: 0.0037870 seconds, Stopping threads took: 0.0032780 seconds
261.188: Application time: 0.1279860 seconds
261.188: [GC [PSYoungGen: 23296K->256K(23552K)] 42150K->19110K(56832K), 0.0004380 secs] [Times: user=0.00 sys=0.00, real=0.00 secs] 
261.189: Total time for which application threads were stopped: 0.0005600 seconds, Stopping threads took: 0.0000510 seconds
261.317: Application time: 0.1281760 seconds
261.317: [GC [PSYoungGen: 23296K->256K(23552K)] 42150K->19254K(56832K), 0.0004340 secs] [Times: user=0.00 sys=0.00, real=0.00 secs] 
261.317: Total time for which application threads were stopped: 0.0005790 seconds, Stopping threads took: 0.0000730 seconds
261.445: Application time: 0.1279500 seconds
261.445: [GC [PSYoungGen: 23296K->256K(23552K)] 42294K->19302K(56832K), 0.0004170 secs] [Times: user=0.00 sys=0.00, real=0.00 secs] 
261.446: Total time for which application threads were stopped: 0.0005550 seconds, Stopping threads took: 0.0000670 seconds
261.571: Application time: 0.1247190 seconds
261.571: [GC [PSYoungGen: 23296K->384K(23552K)] 42342K->19430K(56832K), 0.0005060 secs] [Times: user=0.00 sys=0.00, real=0.00 secs] 
261.571: Total time for which application threads were stopped: 0.0006510 seconds, Stopping threads took: 0.0000630 seconds
261.698: Application time: 0.1268420 seconds
261.698: [GC [PSYoungGen: 23424K->288K(23552K)] 42470K->19631K(56832K), 0.0005340 secs] [Times: user=0.00 sys=0.00, real=0.00 secs] 
261.699: Total time for which application threads were stopped: 0.0006600 seconds, Stopping threads took: 0.0000540 seconds
261.827: Application time: 0.1281360 seconds
261.827: [GC [PSYoungGen: 23328K->224K(23552K)] 42671K->19679K(56832K), 0.0004640 secs] [Times: user=0.00 sys=0.00, real=0.00 secs] 
261.827: Total time for which application threads were stopped: 0.0006100 seconds, Stopping threads took: 0.0000720 seconds
261.955: Application time: 0.1278890 seconds
261.955: [GC [PSYoungGen: 23264K->256K(23552K)] 42719K->19711K(56832K), 0.0004210 secs] [Times: user=0.00 sys=0.00, real=0.00 secs] 
261.956: Total time for which application threads were stopped: 0.0005580 seconds, Stopping threads took: 0.0000630 seconds
262.084: Application time: 0.1278480 seconds
262.084: [GC [PSYoungGen: 23296K->256K(23552K)] 42751K->19831K(56832K), 0.0004160 secs] [Times: user=0.01 sys=0.00, real=0.00 secs] 
262.084: Total time for which application threads were stopped: 0.0005460 seconds, Stopping threads took: 0.0000500 seconds
262.213: Application time: 0.1284090 seconds
262.213: [GC [PSYoungGen: 23296K->256K(23552K)] 42871K->19903K(56832K), 0.0004320 secs] [Times: user=0.01 sys=0.00, real=0.00 secs] 
262.213: Total time for which application threads were stopped: 0.0005680 seconds, Stopping threads took: 0.0000630 seconds
262.339: Application time: 0.1253160 seconds
262.339: [GC [PSYoungGen: 23296K->368K(23552K)] 42943K->20015K(56832K), 0.0004500 secs] [Times: user=0.00 sys=0.00, real=0.00 secs] 
262.339: Total time for which application threads were stopped: 0.0006050 seconds, Stopping threads took: 0.0000710 seconds
262.465: Application time: 0.1262480 seconds
262.466: [GC [PSYoungGen: 23408K->288K(23552K)] 43055K->20203K(56832K), 0.0005080 secs] [Times: user=0.00 sys=0.00, real=0.00 secs] 
262.466: Total time for which application threads were stopped: 0.0006280 seconds, Stopping threads took: 0.0000500 seconds
262.594: Application time: 0.1280880 seconds
262.594: [GC [PSYoungGen: 23328K->256K(23552K)] 43243K->20347K(56832K), 0.0004320 secs] [Times: user=0.00 sys=0.00, real=0.00 secs] 
262.595: Total time for which application threads were stopped: 0.0005760 seconds, Stopping threads took: 0.0000600 seconds
262.723: Application time: 0.1278590 seconds
262.723: [GC [PSYoungGen: 23296K->256K(23552K)] 43387K->20347K(56832K), 0.0004500 secs] [Times: user=0.00 sys=0.00, real=0.00 secs] 
262.723: Total time for which application threads were stopped: 0.0005860 seconds, Stopping threads took: 0.0000670 seconds
262.851: Application time: 0.1279820 seconds
262.851: [GC [PSYoungGen: 23296K->256K(23552K)] 43387K->20467K(56832K), 0.0004580 secs] [Times: user=0.00 sys=0.00, real=0.00 secs] 
262.852: Total time for which application threads were stopped: 0.0006000 seconds, Stopping threads took: 0.0000680 seconds
262.980: Application time: 0.1282610 seconds
262.984: [GC [PSYoungGen: 23296K->256K(23552K)] 43507K->20539K(56832K), 0.0004160 secs] [Times: user=0.00 sys=0.00, real=0.00 secs] 
262.984: Total time for which application threads were stopped: 0.0039310 seconds, Stopping threads took: 0.0034470 seconds
263.110: Application time: 0.1262360 seconds
263.110: [GC [PSYoungGen: 23296K->336K(23552K)] 43579K->20619K(56832K), 0.0004440 secs] [Times: user=0.00 sys=0.00, real=0.00 secs] 
263.111: Total time for which application threads were stopped: 0.0005950 seconds, Stopping threads took: 0.0000680 seconds
263.236: Application time: 0.1254540 seconds
263.236: [GC [PSYoungGen: 23376K->336K(23552K)] 43659K->20827K(56832K), 0.0005130 secs] [Times: user=0.01 sys=0.00, real=0.00 secs] 
263.237: Total time for which application threads were stopped: 0.0006430 seconds, Stopping threads took: 0.0000580 seconds
263.365: Application time: 0.1282590 seconds
263.365: [GC [PSYoungGen: 23376K->256K(23552K)] 43867K->20968K(56832K), 0.0004670 secs] [Times: user=0.00 sys=0.00, real=0.00 secs] 
263.366: Total time for which application threads were stopped: 0.0005950 seconds, Stopping threads took: 0.0000580 seconds
263.494: Application time: 0.1278390 seconds
263.494: [GC [PSYoungGen: 23296K->256K(23552K)] 44008K->20968K(56832K), 0.0004060 secs] [Times: user=0.00 sys=0.00, real=0.00 secs] 
263.494: Total time for which application threads were stopped: 0.0005330 seconds, Stopping threads took: 0.0000530 seconds
263.622: Application time: 0.1279800 seconds
263.622: [GC [PSYoungGen: 23296K->256K(23552K)] 44008K->21064K(56832K), 0.0004390 secs] [Times: user=0.00 sys=0.00, real=0.00 secs] 
263.623: Total time for which application threads were stopped: 0.0005860 seconds, Stopping threads took: 0.0000680 seconds
263.751: Application time: 0.1281640 seconds
263.751: [GC [PSYoungGen: 23296K->224K(23552K)] 44104K->21104K(56832K), 0.0004590 secs] [Times: user=0.00 sys=0.00, real=0.00 secs] 
263.751: Total time for which application threads were stopped: 0.0005960 seconds, Stopping threads took: 0.0000600 seconds
263.879: Application time: 0.1278230 seconds
263.879: [GC [PSYoungGen: 23264K->256K(23552K)] 44144K->21160K(56832K), 0.0004190 secs] [Times: user=0.00 sys=0.00, real=0.01 secs] 
263.880: Total time for which application threads were stopped: 0.0005500 seconds, Stopping threads took: 0.0000590 seconds
264.004: Application time: 0.1246580 seconds
264.005: [GC [PSYoungGen: 23296K->416K(23552K)] 44200K->21392K(56832K), 0.0005020 secs] [Times: user=0.00 sys=0.00, real=0.00 secs] 
264.005: Total time for which application threads were stopped: 0.0006380 seconds, Stopping threads took: 0.0000680 seconds
264.133: Application time: 0.1277820 seconds
264.133: [GC [PSYoungGen: 23456K->256K(23552K)] 44432K->21536K(56832K), 0.0005130 secs] [Times: user=0.00 sys=0.00, real=0.00 secs] 
264.134: Total time for which application threads were stopped: 0.0006550 seconds, Stopping threads took: 0.0000610 seconds
264.262: Application time: 0.1284830 seconds
264.262: [GC [PSYoungGen: 23296K->256K(23552K)] 44576K->21600K(56832K), 0.0004310 secs] [Times: user=0.00 sys=0.00, real=0.00 secs] 
264.263: Total time for which application threads were stopped: 0.0005700 seconds, Stopping threads took: 0.0000640 seconds
264.390: Application time: 0.1278530 seconds
264.391: [GC [PSYoungGen: 23296K->256K(23552K)] 44640K->21624K(56832K), 0.0004290 secs] [Times: user=0.00 sys=0.00, real=0.00 secs] 
264.391: Total time for which application threads were stopped: 0.0005590 seconds, Stopping threads took: 0.0000560 seconds
264.519: Application time: 0.1280570 seconds
264.519: [GC [PSYoungGen: 23296K->256K(23552K)] 44664K->21768K(56832K), 0.0004580 secs] [Times: user=0.00 sys=0.00, real=0.01 secs] 
264.520: Total time for which application threads were stopped: 0.0005860 seconds, Stopping threads took: 0.0000560 seconds
264.647: Application time: 0.1276500 seconds
264.647: [GC [PSYoungGen: 23296K->256K(23552K)] 44808K->21792K(56832K), 0.0004080 secs] [Times: user=0.00 sys=0.00, real=0.00 secs] 
264.648: Total time for which application threads were stopped: 0.0005450 seconds, Stopping threads took: 0.0000530 seconds
264.773: Application time: 0.1246880 seconds
264.773: [GC [PSYoungGen: 23296K->416K(23552K)] 44832K->21952K(56832K), 0.0005090 secs] [Times: user=0.00 sys=0.00, real=0.00 secs] 
264.773: Total time for which application threads were stopped: 0.0006350 seconds, Stopping threads took: 0.0000560 seconds
264.901: Application time: 0.1273210 seconds
264.901: [GC [PSYoungGen: 23456K->256K(23552K)] 44992K->22141K(56832K), 0.0005030 secs] [Times: user=0.00 sys=0.00, real=0.00 secs] 
264.901: Total time for which application threads were stopped: 0.0006480 seconds, Stopping threads took: 0.0000720 seconds
265.030: Application time: 0.1283270 seconds
265.032: [GC [PSYoungGen: 23296K->256K(23552K)] 45181K->22213K(56832K), 0.0004450 secs] [Times: user=0.00 sys=0.00, real=0.00 secs] 
265.032: Total time for which application threads were stopped: 0.0024870 seconds, Stopping threads took: 0.0019720 seconds
265.160: Application time: 0.1276970 seconds
265.160: [GC [PSYoungGen: 23296K->256K(23552K)] 45253K->22213K(56832K), 0.0004640 secs] [Times: user=0.00 sys=0.00, real=0.00 secs] 
265.160: Total time for which application threads were stopped: 0.0006450 seconds, Stopping threads took: 0.0000950 seconds
265.288: Application time: 0.1279590 seconds
265.288: [GC [PSYoungGen: 23296K->256K(23552K)] 45253K->22381K(56832K), 0.0004380 secs] [Times: user=0.00 sys=0.00, real=0.00 secs] 
265.289: Total time for which application threads were stopped: 0.0005720 seconds, Stopping threads took: 0.0000620 seconds
265.417: Application time: 0.1281080 seconds
265.420: [GC [PSYoungGen: 23296K->256K(23552K)] 45421K->22405K(56832K), 0.0004340 secs] [Times: user=0.00 sys=0.00, real=0.00 secs] 
265.420: Total time for which application threads were stopped: 0.0029990 seconds, Stopping threads took: 0.0024960 seconds
265.544: Application time: 0.1237960 seconds
265.544: [GC [PSYoungGen: 23296K->448K(23552K)] 45445K->22597K(56832K), 0.0005580 secs] [Times: user=0.00 sys=0.00, real=0.00 secs] 
265.544: Total time for which application threads were stopped: 0.0006840 seconds, Stopping threads took: 0.0000540 seconds
265.672: Application time: 0.1276440 seconds
265.672: [GC [PSYoungGen: 23488K->256K(23552K)] 45637K->22745K(56832K), 0.0005300 secs] [Times: user=0.00 sys=0.00, real=0.00 secs] 
265.673: Total time for which application threads were stopped: 0.0007000 seconds, Stopping threads took: 0.0000860 seconds
265.801: Application time: 0.1280990 seconds
265.801: [GC [PSYoungGen: 23296K->256K(23552K)] 45785K->22809K(56832K), 0.0004630 secs] [Times: user=0.01 sys=0.00, real=0.00 secs] 
265.802: Total time for which application threads were stopped: 0.0006190 seconds, Stopping threads took: 0.0000740 seconds
265.930: Application time: 0.1279830 seconds
265.930: [GC [PSYoungGen: 23296K->224K(23552K)] 45849K->22777K(56832K), 0.0004610 secs] [Times: user=0.00 sys=0.00, real=0.00 secs] 
265.930: Total time for which application threads were stopped: 0.0006030 seconds, Stopping threads took: 0.0000670 seconds
266.059: Application time: 0.1284760 seconds
266.059: [GC [PSYoungGen: 23264K->256K(23552K)] 45817K->22977K(56832K), 0.0004750 secs] [Times: user=0.01 sys=0.00, real=0.00 secs] 
266.059: Total time for which application threads were stopped: 0.0006080 seconds, Stopping threads took: 0.0000630 seconds
266.187: Application time: 0.1281060 seconds
266.187: [GC [PSYoungGen: 23296K->256K(23552K)] 46017K->23001K(56832K), 0.0004060 secs] [Times: user=0.00 sys=0.00, real=0.00 secs] 
266.188: Total time for which application threads were stopped: 0.0005680 seconds, Stopping threads took: 0.0000760 seconds
266.313: Application time: 0.1246810 seconds
266.313: [GC [PSYoungGen: 23296K->384K(23552K)] 46041K->23129K(56832K), 0.0005260 secs] [Times: user=0.00 sys=0.00, real=0.00 secs] 
266.313: Total time for which application threads were stopped: 0.0006690 seconds, Stopping threads took: 0.0000710 seconds
266.440: Application time: 0.1266770 seconds
266.440: [GC [PSYoungGen: 23424K->224K(23552K)] 46169K->23270K(56832K), 0.0005750 secs] [Times: user=0.00 sys=0.00, real=0.00 secs] 
266.441: Total time for which application threads were stopped: 0.0007020 seconds, Stopping threads took: 0.0000560 seconds
266.569: Application time: 0.1280880 seconds
266.569: [GC [PSYoungGen: 23264K->224K(23552K)] 46310K->23390K(56832K), 0.0004510 secs] [Times: user=0.00 sys=0.00, real=0.00 secs] 
266.569: Total time for which application threads were stopped: 0.0005870 seconds, Stopping threads took: 0.0000650 seconds
266.697: Application time: 0.1279860 seconds
266.697: [GC [PSYoungGen: 23264K->256K(23552K)] 46430K->23422K(56832K), 0.0004250 secs] [Times: user=0.00 sys=0.00, real=0.00 secs] 
266.698: Total time for which application threads were stopped: 0.0005800 seconds, Stopping threads took: 0.0000720 seconds
266.829: Application time: 0.1314030 seconds
266.829: [GC [PSYoungGen: 23296K->256K(23552K)] 46462K->23566K(56832K), 0.0004620 secs] [Times: user=0.00 sys=0.00, real=0.00 secs] 
266.830: Total time for which application threads were stopped: 0.0005900 seconds, Stopping threads took: 0.0000560 seconds
266.972: Application time: 0.1417840 seconds
266.972: [GC [PSYoungGen: 23296K->256K(23552K)] 46606K->23614K(56832K), 0.0004170 secs] [Times: user=0.00 sys=0.00, real=0.00 secs] 
266.972: Total time for which application threads were stopped: 0.0005430 seconds, Stopping threads took: 0.0000520 seconds
267.110: Application time: 0.1379490 seconds
267.110: [GC [PSYoungGen: 23296K->400K(23552K)] 46654K->23758K(56832K), 0.0005250 secs] [Times: user=0.00 sys=0.00, real=0.00 secs] 
267.111: Total time for which application threads were stopped: 0.0006670 seconds, Stopping threads took: 0.0000670 seconds
267.250: Application time: 0.1395680 seconds
267.251: [GC [PSYoungGen: 23440K->272K(23552K)] 46798K->23926K(56832K), 0.0005350 secs] [Times: user=0.00 sys=0.00, real=0.00 secs] 
267.251: Total time for which application threads were stopped: 0.0006910 seconds, Stopping threads took: 0.0000730 seconds
267.392: Application time: 0.1408510 seconds
267.392: [GC [PSYoungGen: 23312K->256K(23552K)] 46966K->24030K(56832K), 0.0004780 secs] [Times: user=0.00 sys=0.00, real=0.00 secs] 
267.393: Total time for which application threads were stopped: 0.0006330 seconds, Stopping threads took: 0.0000830 seconds
267.533: Application time: 0.1406860 seconds
267.533: [GC [PSYoungGen: 23296K->224K(23552K)] 47070K->23998K(56832K), 0.0005160 secs] [Times: user=0.00 sys=0.00, real=0.00 secs] 
267.534: Total time for which application threads were stopped: 0.0006540 seconds, Stopping threads took: 0.0000660 seconds
267.675: Application time: 0.1407040 seconds
267.675: [GC [PSYoungGen: 23264K->256K(23552K)] 47038K->24150K(56832K), 0.0004670 secs] [Times: user=0.00 sys=0.00, real=0.00 secs] 
267.675: Total time for which application threads were stopped: 0.0006140 seconds, Stopping threads took: 0.0000740 seconds
267.816: Application time: 0.1408010 seconds
267.816: [GC [PSYoungGen: 23296K->256K(23552K)] 47190K->24222K(56832K), 0.0004280 secs] [Times: user=0.00 sys=0.00, real=0.00 secs] 
267.817: Total time for which application threads were stopped: 0.0005680 seconds, Stopping threads took: 0.0000560 seconds
267.955: Application time: 0.1385140 seconds
267.955: [GC [PSYoungGen: 23296K->368K(23552K)] 47262K->24334K(56832K), 0.0004780 secs] [Times: user=0.00 sys=0.00, real=0.00 secs] 
267.956: Total time for which application threads were stopped: 0.0006190 seconds, Stopping threads took: 0.0000670 seconds
268.095: Application time: 0.1393480 seconds
268.095: [GC [PSYoungGen: 23408K->304K(23552K)] 47374K->24527K(56832K), 0.0005670 secs] [Times: user=0.00 sys=0.00, real=0.00 secs] 
268.096: Total time for which application threads were stopped: 0.0007080 seconds, Stopping threads took: 0.0000670 seconds
268.237: Application time: 0.1408910 seconds
268.237: [GC [PSYoungGen: 23344K->256K(23552K)] 47567K->24655K(56832K), 0.0005630 secs] [Times: user=0.00 sys=0.00, real=0.00 secs] 
268.237: Total time for which application threads were stopped: 0.0006930 seconds, Stopping threads took: 0.0000530 seconds
268.378: Application time: 0.1404760 seconds
268.378: [GC [PSYoungGen: 23296K->256K(23552K)] 47695K->24655K(56832K), 0.0004450 secs] [Times: user=0.00 sys=0.00, real=0.00 secs] 
268.378: Total time for which application threads were stopped: 0.0006030 seconds, Stopping threads took: 0.0000720 seconds
268.519: Application time: 0.1409560 seconds
268.520: [GC [PSYoungGen: 23296K->256K(23552K)] 47695K->24775K(56832K), 0.0004770 secs] [Times: user=0.00 sys=0.00, real=0.00 secs] 
268.520: Total time for which application threads were stopped: 0.0006140 seconds, Stopping threads took: 0.0000620 seconds
268.661: Application time: 0.1407210 seconds
268.661: [GC [PSYoungGen: 23296K->224K(23552K)] 47815K->24815K(56832K), 0.0004960 secs] [Times: user=0.00 sys=0.00, real=0.00 secs] 
268.661: Total time for which application threads were stopped: 0.0006450 seconds, Stopping threads took: 0.0000740 seconds
268.800: Application time: 0.1389720 seconds
268.804: [GC [PSYoungGen: 23264K->368K(23552K)] 47855K->24959K(56832K), 0.0005090 secs] [Times: user=0.00 sys=0.00, real=0.00 secs] 
268.804: Total time for which application threads were stopped: 0.0036570 seconds, Stopping threads took: 0.0030750 seconds
268.942: Application time: 0.1382290 seconds
268.942: [GC [PSYoungGen: 23408K->368K(23552K)] 47999K->25175K(56832K), 0.0005510 secs] [Times: user=0.00 sys=0.00, real=0.00 secs] 
268.943: Total time for which application threads were stopped: 0.0007160 seconds, Stopping threads took: 0.0000800 seconds
269.084: Application time: 0.1412670 seconds
269.084: [GC [PSYoungGen: 23408K->256K(23552K)] 48215K->25279K(56832K), 0.0005110 secs] [Times: user=0.01 sys=0.00, real=0.00 secs] 
269.085: Total time for which application threads were stopped: 0.0006740 seconds, Stopping threads took: 0.0000890 seconds
269.226: Application time: 0.1408250 seconds
269.226: [GC [PSYoungGen: 23296K->256K(23552K)] 48319K->25279K(56832K), 0.0004490 secs] [Times: user=0.00 sys=0.00, real=0.00 secs] 
269.226: Total time for which application threads were stopped: 0.0005750 seconds, Stopping threads took: 0.0000530 seconds
269.367: Application time: 0.1406630 seconds
269.367: [GC [PSYoungGen: 23296K->256K(23552K)] 48319K->25375K(56832K), 0.0004990 secs] [Times: user=0.00 sys=0.00, real=0.01 secs] 
269.368: Total time for which application threads were stopped: 0.0006290 seconds, Stopping threads took: 0.0000550 seconds
269.509: Application time: 0.1409600 seconds
269.509: [GC [PSYoungGen: 23296K->224K(23552K)] 48415K->25415K(56832K), 0.0004900 secs] [Times: user=0.00 sys=0.00, real=0.00 secs] 
269.509: Total time for which application threads were stopped: 0.0006460 seconds, Stopping threads took: 0.0000560 seconds
269.648: Application time: 0.1389170 seconds
269.648: [GC [PSYoungGen: 23264K->304K(23552K)] 48455K->25519K(56832K), 0.0004770 secs] [Times: user=0.00 sys=0.00, real=0.00 secs] 
269.649: Total time for which application threads were stopped: 0.0006200 seconds, Stopping threads took: 0.0000650 seconds
269.787: Application time: 0.1385560 seconds
269.787: [GC [PSYoungGen: 23344K->304K(23552K)] 48559K->25728K(56832K), 0.0005360 secs] [Times: user=0.00 sys=0.00, real=0.00 secs] 
269.788: Total time for which application threads were stopped: 0.0006690 seconds, Stopping threads took: 0.0000570 seconds
269.928: Application time: 0.1399680 seconds
269.928: [GC [PSYoungGen: 23344K->256K(23552K)] 48768K->25860K(56832K), 0.0004850 secs] [Times: user=0.00 sys=0.00, real=0.00 secs] 
269.929: Total time for which application threads were stopped: 0.0006280 seconds, Stopping threads took: 0.0000700 seconds
270.070: Application time: 0.1412170 seconds
270.070: [GC [PSYoungGen: 23296K->256K(23552K)] 48900K->25940K(56832K), 0.0004420 secs] [Times: user=0.00 sys=0.00, real=0.00 secs] 
270.070: Total time for which application threads were stopped: 0.0005830 seconds, Stopping threads took: 0.0000540 seconds
270.212: Application time: 0.1413920 seconds
270.216: [GC [PSYoungGen: 23296K->224K(23552K)] 48980K->25932K(56832K), 0.0005480 secs] [Times: user=0.00 sys=0.00, real=0.00 secs] 
270.216: Total time for which application threads were stopped: 0.0042890 seconds, Stopping threads took: 0.0036710 seconds
270.357: Application time: 0.1408190 seconds
270.357: [GC [PSYoungGen: 23264K->256K(23552K)] 48972K->26108K(56832K), 0.0004770 secs] [Times: user=0.00 sys=0.00, real=0.00 secs] 
270.358: Total time for which application threads were stopped: 0.0006120 seconds, Stopping threads took: 0.0000610 seconds
270.497: Application time: 0.1398950 seconds
270.498: [GC [PSYoungGen: 23296K->272K(23552K)] 49148K->26148K(56832K), 0.0004320 secs] [Times: user=0.00 sys=0.00, real=0.00 secs] 
270.498: Total time for which application threads were stopped: 0.0005610 seconds, Stopping threads took: 0.0000530 seconds
270.636: Application time: 0.1384060 seconds
270.637: [GC [PSYoungGen: 23312K->336K(23552K)] 49188K->26332K(56832K), 0.0005170 secs] [Times: user=0.00 sys=0.00, real=0.00 secs] 
270.637: Total time for which application threads were stopped: 0.0006540 seconds, Stopping threads took: 0.0000560 seconds
270.777: Application time: 0.1403550 seconds
270.778: [GC [PSYoungGen: 23376K->256K(23552K)] 49372K->26512K(56832K), 0.0005180 secs] [Times: user=0.00 sys=0.00, real=0.00 secs] 
270.778: Total time for which application threads were stopped: 0.0006740 seconds, Stopping threads took: 0.0000810 seconds
270.908: Application time: 0.1297390 seconds
270.908: [GC [PSYoungGen: 23296K->256K(23552K)] 49552K->26592K(56832K), 0.0004660 secs] [Times: user=0.00 sys=0.00, real=0.00 secs] 
270.908: Total time for which application threads were stopped: 0.0006190 seconds, Stopping threads took: 0.0000810 seconds
271.036: Application time: 0.1279490 seconds
271.037: [GC [PSYoungGen: 23296K->224K(23552K)] 49632K->26560K(56832K), 0.0004590 secs] [Times: user=0.00 sys=0.00, real=0.00 secs] 
271.037: Total time for which application threads were stopped: 0.0005850 seconds, Stopping threads took: 0.0000590 seconds
271.165: Application time: 0.1280520 seconds
271.165: [GC [PSYoungGen: 23264K->256K(23552K)] 49600K->26760K(56832K), 0.0004590 secs] [Times: user=0.01 sys=0.00, real=0.00 secs] 
271.166: Total time for which application threads were stopped: 0.0006310 seconds, Stopping threads took: 0.0000840 seconds
271.294: Application time: 0.1287380 seconds
271.295: [GC [PSYoungGen: 23296K->256K(23552K)] 49800K->26784K(56832K), 0.0004510 secs] [Times: user=0.00 sys=0.00, real=0.00 secs] 
271.295: Total time for which application threads were stopped: 0.0005780 seconds, Stopping threads took: 0.0000540 seconds
271.419: Application time: 0.1236670 seconds
271.419: [GC [PSYoungGen: 23296K->416K(23552K)] 49824K->26944K(56832K), 0.0005280 secs] [Times: user=0.00 sys=0.00, real=0.00 secs] 
271.419: Total time for which application threads were stopped: 0.0006690 seconds, Stopping threads took: 0.0000700 seconds
271.546: Application time: 0.1270380 seconds
271.546: [GC [PSYoungGen: 23456K->256K(23552K)] 49984K->27133K(56832K), 0.0005340 secs] [Times: user=0.00 sys=0.00, real=0.00 secs] 
271.547: Total time for which application threads were stopped: 0.0006620 seconds, Stopping threads took: 0.0000560 seconds
271.675: Application time: 0.1283920 seconds
271.676: [GC [PSYoungGen: 23296K->224K(23552K)] 50173K->27165K(56832K), 0.0004520 secs] [Times: user=0.00 sys=0.00, real=0.00 secs] 
271.676: Total time for which application threads were stopped: 0.0005890 seconds, Stopping threads took: 0.0000520 seconds
271.803: Application time: 0.1272520 seconds
271.803: [GC [PSYoungGen: 23264K->256K(23552K)] 50205K->27197K(56832K), 0.0004540 secs] [Times: user=0.00 sys=0.00, real=0.00 secs] 
271.804: Total time for which application threads were stopped: 0.0006030 seconds, Stopping threads took: 0.0000720 seconds
271.932: Application time: 0.1282260 seconds
271.932: [GC [PSYoungGen: 23296K->192K(23552K)] 50237K->27293K(56832K), 0.0004700 secs] [Times: user=0.00 sys=0.00, real=0.00 secs] 
271.933: Total time for which application threads were stopped: 0.0005940 seconds, Stopping threads took: 0.0000530 seconds
272.061: Application time: 0.1284820 seconds
272.061: [GC [PSYoungGen: 23232K->224K(23552K)] 50333K->27349K(56832K), 0.0004390 secs] [Times: user=0.00 sys=0.00, real=0.00 secs] 
272.062: Total time for which application threads were stopped: 0.0005680 seconds, Stopping threads took: 0.0000610 seconds
272.186: Application time: 0.1242370 seconds
272.186: [GC [PSYoungGen: 23264K->432K(23552K)] 50389K->27557K(56832K), 0.0004860 secs] [Times: user=0.00 sys=0.00, real=0.00 secs] 
272.187: Total time for which application threads were stopped: 0.0006300 seconds, Stopping threads took: 0.0000660 seconds
272.314: Application time: 0.1271530 seconds
272.314: [GC [PSYoungGen: 23472K->256K(23552K)] 50597K->27725K(56832K), 0.0005220 secs] [Times: user=0.01 sys=0.00, real=0.00 secs] 
272.314: Total time for which application threads were stopped: 0.0006610 seconds, Stopping threads took: 0.0000680 seconds
272.443: Application time: 0.1281100 seconds
272.443: [GC [PSYoungGen: 23296K->224K(23552K)] 50765K->27757K(56832K), 0.0004550 secs] [Times: user=0.00 sys=0.00, real=0.00 secs] 
272.443: Total time for which application threads were stopped: 0.0005920 seconds, Stopping threads took: 0.0000640 seconds
272.571: Application time: 0.1274340 seconds
272.571: [GC [PSYoungGen: 23264K->256K(23552K)] 50797K->27789K(56832K), 0.0004400 secs] [Times: user=0.00 sys=0.00, real=0.00 secs] 
272.571: Total time for which application threads were stopped: 0.0005790 seconds, Stopping threads took: 0.0000640 seconds
272.699: Application time: 0.1279430 seconds
272.699: [GC [PSYoungGen: 23296K->192K(23552K)] 50829K->27861K(56832K), 0.0005240 secs] [Times: user=0.00 sys=0.00, real=0.01 secs] 
272.700: Total time for which application threads were stopped: 0.0006600 seconds, Stopping threads took: 0.0000550 seconds
272.828: Application time: 0.1281140 seconds
272.828: [GC [PSYoungGen: 23232K->192K(23552K)] 50901K->27909K(56832K), 0.0005190 secs] [Times: user=0.00 sys=0.00, real=0.00 secs] 
272.829: Total time for which application threads were stopped: 0.0006580 seconds, Stopping threads took: 0.0000700 seconds
272.953: Application time: 0.1248840 seconds
272.954: [GC [PSYoungGen: 23232K->368K(23552K)] 50949K->28085K(56832K), 0.0004870 secs] [Times: user=0.00 sys=0.00, real=0.00 secs] 
272.954: Total time for which application threads were stopped: 0.0006160 seconds, Stopping threads took: 0.0000590 seconds
273.082: Application time: 0.1275550 seconds
273.082: [GC [PSYoungGen: 23408K->272K(23552K)] 51125K->28298K(56832K), 0.0005070 secs] [Times: user=0.01 sys=0.00, real=0.00 secs] 
273.082: Total time for which application threads were stopped: 0.0006400 seconds, Stopping threads took: 0.0000620 seconds
273.210: Application time: 0.1277460 seconds
273.210: [GC [PSYoungGen: 23312K->256K(23552K)] 51338K->28418K(56832K), 0.0004440 secs] [Times: user=0.01 sys=0.00, real=0.00 secs] 
273.211: Total time for which application threads were stopped: 0.0005970 seconds, Stopping threads took: 0.0000700 seconds
273.338: Application time: 0.1274290 seconds
273.338: [GC [PSYoungGen: 23296K->256K(23552K)] 51458K->28418K(56832K), 0.0004750 secs] [Times: user=0.01 sys=0.00, real=0.00 secs] 
273.339: Total time for which application threads were stopped: 0.0006050 seconds, Stopping threads took: 0.0000530 seconds
273.466: Application time: 0.1277330 seconds
273.466: [GC [PSYoungGen: 23296K->256K(23552K)] 51458K->28562K(56832K), 0.0004550 secs] [Times: user=0.00 sys=0.00, real=0.00 secs] 
273.467: Total time for which application threads were stopped: 0.0005770 seconds, Stopping threads took: 0.0000510 seconds
273.595: Application time: 0.1280950 seconds
273.595: [GC [PSYoungGen: 23296K->256K(23552K)] 51602K->28610K(56832K), 0.0004390 secs] [Times: user=0.00 sys=0.00, real=0.00 secs] 
273.596: Total time for which application threads were stopped: 0.0005730 seconds, Stopping threads took: 0.0000640 seconds
273.720: Application time: 0.1246790 seconds
273.720: [GC [PSYoungGen: 23296K->368K(23552K)] 51650K->28722K(56832K), 0.0005150 secs] [Times: user=0.00 sys=0.00, real=0.00 secs] 
273.721: Total time for which application threads were stopped: 0.0006700 seconds, Stopping threads took: 0.0000740 seconds
273.847: Application time: 0.1265030 seconds
273.848: [GC [PSYoungGen: 23408K->288K(23552K)] 51762K->28938K(56832K), 0.0005650 secs] [Times: user=0.01 sys=0.00, real=0.00 secs] 
273.848: Total time for which application threads were stopped: 0.0006870 seconds, Stopping threads took: 0.0000500 seconds
273.977: Application time: 0.1287240 seconds
273.977: [GC [PSYoungGen: 23328K->256K(23552K)] 51978K->29026K(56832K), 0.0004470 secs] [Times: user=0.00 sys=0.00, real=0.00 secs] 
273.977: Total time for which application threads were stopped: 0.0005820 seconds, Stopping threads took: 0.0000590 seconds
274.106: Application time: 0.1281750 seconds
274.106: [GC [PSYoungGen: 23296K->256K(23552K)] 52066K->29026K(56832K), 0.0004060 secs] [Times: user=0.00 sys=0.00, real=0.00 secs] 
274.106: Total time for which application threads were stopped: 0.0005380 seconds, Stopping threads took: 0.0000630 seconds
274.234: Application time: 0.1279030 seconds
274.234: [GC [PSYoungGen: 23296K->256K(23552K)] 52066K->29122K(56832K), 0.0004590 secs] [Times: user=0.00 sys=0.00, real=0.00 secs] 
274.235: Total time for which application threads were stopped: 0.0006130 seconds, Stopping threads took: 0.0000700 seconds
274.363: Application time: 0.1283810 seconds
274.363: [GC [PSYoungGen: 23296K->224K(23552K)] 52162K->29162K(56832K), 0.0004740 secs] [Times: user=0.00 sys=0.01, real=0.00 secs] 
274.364: Total time for which application threads were stopped: 0.0005980 seconds, Stopping threads took: 0.0000520 seconds
274.490: Application time: 0.1264280 seconds
274.490: [GC [PSYoungGen: 23264K->304K(23552K)] 52202K->29266K(56832K), 0.0005010 secs] [Times: user=0.00 sys=0.00, real=0.00 secs] 
274.491: Total time for which application threads were stopped: 0.0006210 seconds, Stopping threads took: 0.0000480 seconds
274.617: Application time: 0.1264880 seconds
274.617: [GC [PSYoungGen: 23344K->224K(23552K)] 52306K->29395K(56832K), 0.0005510 secs] [Times: user=0.00 sys=0.00, real=0.00 secs] 
274.618: Total time for which application threads were stopped: 0.0006830 seconds, Stopping threads took: 0.0000590 seconds
274.746: Application time: 0.1279170 seconds
274.746: [GC [PSYoungGen: 23264K->256K(23552K)] 52435K->29595K(56832K), 0.0004970 secs] [Times: user=0.00 sys=0.00, real=0.00 secs] 
274.747: Total time for which application threads were stopped: 0.0006630 seconds, Stopping threads took: 0.0000810 seconds
274.881: Application time: 0.1347440 seconds
274.881: [GC [PSYoungGen: 23296K->256K(23552K)] 52635K->29659K(56832K), 0.0004640 secs] [Times: user=0.00 sys=0.00, real=0.00 secs] 
274.882: Total time for which application threads were stopped: 0.0006010 seconds, Stopping threads took: 0.0000640 seconds
275.022: Application time: 0.1405510 seconds
275.023: [GC [PSYoungGen: 23296K->192K(23552K)] 52699K->29691K(56832K), 0.0004920 secs] [Times: user=0.00 sys=0.00, real=0.00 secs] 
275.023: Total time for which application threads were stopped: 0.0006260 seconds, Stopping threads took: 0.0000640 seconds
275.164: Application time: 0.1413140 seconds
275.164: [GC [PSYoungGen: 23232K->256K(23552K)] 52731K->29827K(56832K), 0.0004700 secs] [Times: user=0.00 sys=0.00, real=0.00 secs] 
275.165: Total time for which application threads were stopped: 0.0006110 seconds, Stopping threads took: 0.0000680 seconds
275.304: Application time: 0.1387470 seconds
275.304: [GC [PSYoungGen: 23296K->304K(23552K)] 52867K->29899K(56832K), 0.0004960 secs] [Times: user=0.00 sys=0.00, real=0.00 secs] 
275.304: Total time for which application threads were stopped: 0.0006430 seconds, Stopping threads took: 0.0000610 seconds
275.444: Application time: 0.1391580 seconds
275.444: [GC [PSYoungGen: 23344K->288K(23552K)] 52939K->30103K(56832K), 0.0005360 secs] [Times: user=0.00 sys=0.00, real=0.00 secs] 
275.444: Total time for which application threads were stopped: 0.0006860 seconds, Stopping threads took: 0.0000740 seconds
275.585: Application time: 0.1404590 seconds
275.585: [GC [PSYoungGen: 23328K->240K(23552K)] 53143K->30215K(56832K), 0.0005280 secs] [Times: user=0.00 sys=0.00, real=0.00 secs] 
275.585: Total time for which application threads were stopped: 0.0006630 seconds, Stopping threads took: 0.0000600 seconds
275.726: Application time: 0.1404150 seconds
275.726: [GC [PSYoungGen: 23280K->256K(23552K)] 53255K->30303K(56832K), 0.0004720 secs] [Times: user=0.00 sys=0.00, real=0.00 secs] 
275.726: Total time for which application threads were stopped: 0.0005990 seconds, Stopping threads took: 0.0000520 seconds
275.866: Application time: 0.1401030 seconds
275.867: [GC [PSYoungGen: 23296K->256K(23552K)] 53343K->30351K(56832K), 0.0004690 secs] [Times: user=0.00 sys=0.00, real=0.00 secs] 
275.867: Total time for which application threads were stopped: 0.0006180 seconds, Stopping threads took: 0.0000660 seconds
276.008: Application time: 0.1407940 seconds
276.008: [GC [PSYoungGen: 23296K->192K(23552K)] 53391K->30407K(56832K), 0.0005530 secs] [Times: user=0.00 sys=0.00, real=0.00 secs] 
276.011: Total time for which application threads were stopped: 0.0029770 seconds, Stopping threads took: 0.0000550 seconds
276.151: Application time: 0.1400370 seconds
276.151: [GC [PSYoungGen: 23232K->288K(23552K)] 53447K->30527K(56832K), 0.0004840 secs] [Times: user=0.00 sys=0.00, real=0.00 secs] 
276.152: Total time for which application threads were stopped: 0.0006340 seconds, Stopping threads took: 0.0000750 seconds
276.289: Application time: 0.1375480 seconds
276.289: [GC [PSYoungGen: 23328K->352K(23552K)] 53567K->30720K(56832K), 0.0005560 secs] [Times: user=0.00 sys=0.00, real=0.00 secs] 
276.290: Total time for which application threads were stopped: 0.0007200 seconds, Stopping threads took: 0.0000890 seconds
276.430: Application time: 0.1403950 seconds
276.430: [GC [PSYoungGen: 23392K->256K(23552K)] 53760K->30892K(56832K), 0.0005130 secs] [Times: user=0.00 sys=0.00, real=0.00 secs] 
276.431: Total time for which application threads were stopped: 0.0006770 seconds, Stopping threads took: 0.0000730 seconds
276.572: Application time: 0.1410350 seconds
276.572: [GC [PSYoungGen: 23296K->256K(23552K)] 53932K->30964K(56832K), 0.0004710 secs] [Times: user=0.00 sys=0.00, real=0.00 secs] 
276.573: Total time for which application threads were stopped: 0.0006290 seconds, Stopping threads took: 0.0000850 seconds
276.713: Application time: 0.1407330 seconds
276.713: [GC [PSYoungGen: 23296K->224K(23552K)] 54004K->30932K(56832K), 0.0004940 secs] [Times: user=0.01 sys=0.00, real=0.00 secs] 
276.714: Total time for which application threads were stopped: 0.0006140 seconds, Stopping threads took: 0.0000480 seconds
276.855: Application time: 0.1415570 seconds
276.856: [GC [PSYoungGen: 23264K->256K(23552K)] 53972K->31132K(56832K), 0.0005010 secs] [Times: user=0.00 sys=0.00, real=0.00 secs] 
276.856: Total time for which application threads were stopped: 0.0006400 seconds, Stopping threads took: 0.0000620 seconds
276.998: Application time: 0.1416970 seconds
276.998: [GC [PSYoungGen: 23296K->256K(23552K)] 54172K->31156K(56832K), 0.0004650 secs] [Times: user=0.00 sys=0.00, real=0.00 secs] 
276.998: Total time for which application threads were stopped: 0.0006260 seconds, Stopping threads took: 0.0000760 seconds
277.136: Application time: 0.1372090 seconds
277.136: [GC [PSYoungGen: 23296K->464K(23552K)] 54196K->31364K(56832K), 0.0006020 secs] [Times: user=0.00 sys=0.00, real=0.00 secs] 
277.136: Total time for which application threads were stopped: 0.0007320 seconds, Stopping threads took: 0.0000570 seconds
277.277: Application time: 0.1404220 seconds
277.277: [GC [PSYoungGen: 23504K->256K(23552K)] 54404K->31504K(56832K), 0.0005600 secs] [Times: user=0.00 sys=0.00, real=0.00 secs] 
277.277: Total time for which application threads were stopped: 0.0007120 seconds, Stopping threads took: 0.0000730 seconds
277.418: Application time: 0.1410020 seconds
277.419: [GC [PSYoungGen: 23296K->256K(23552K)] 54544K->31576K(56832K), 0.0004520 secs] [Times: user=0.00 sys=0.00, real=0.00 secs] 
277.419: Total time for which application threads were stopped: 0.0006050 seconds, Stopping threads took: 0.0000750 seconds
277.559: Application time: 0.1401410 seconds
277.559: [GC [PSYoungGen: 23296K->256K(23552K)] 54616K->31576K(56832K), 0.0004800 secs] [Times: user=0.00 sys=0.00, real=0.01 secs] 
277.560: Total time for which application threads were stopped: 0.0006250 seconds, Stopping threads took: 0.0000600 seconds
277.701: Application time: 0.1411230 seconds
277.701: [GC [PSYoungGen: 23296K->256K(23552K)] 54616K->31744K(56832K), 0.0004810 secs] [Times: user=0.00 sys=0.00, real=0.00 secs] 
277.702: Total time for which application threads were stopped: 0.0006040 seconds, Stopping threads took: 0.0000490 seconds
277.843: Application time: 0.1413070 seconds
277.843: [GC [PSYoungGen: 23296K->192K(23552K)] 54784K->31704K(56832K), 0.0004730 secs] [Times: user=0.00 sys=0.00, real=0.00 secs] 
277.844: Total time for which application threads were stopped: 0.0006080 seconds, Stopping threads took: 0.0000600 seconds
277.979: Application time: 0.1359430 seconds
277.980: [GC [PSYoungGen: 23232K->448K(23552K)] 54744K->31960K(56832K), 0.0005250 secs] [Times: user=0.00 sys=0.00, real=0.00 secs] 
277.980: Total time for which application threads were stopped: 0.0006530 seconds, Stopping threads took: 0.0000530 seconds
278.123: Application time: 0.1430170 seconds
278.123: [GC [PSYoungGen: 23488K->256K(23552K)] 55000K->32109K(56832K), 0.0005300 secs] [Times: user=0.00 sys=0.00, real=0.00 secs] 
278.124: Total time for which application threads were stopped: 0.0006880 seconds, Stopping threads took: 0.0000750 seconds
278.265: Application time: 0.1407550 seconds
278.265: [GC [PSYoungGen: 23296K->256K(23552K)] 55149K->32181K(56832K), 0.0004410 secs] [Times: user=0.00 sys=0.00, real=0.00 secs] 
278.265: Total time for which application threads were stopped: 0.0005940 seconds, Stopping threads took: 0.0000750 seconds
278.406: Application time: 0.1404970 seconds
278.406: [GC [PSYoungGen: 23296K->224K(23552K)] 55221K->32149K(56832K), 0.0005560 secs] [Times: user=0.00 sys=0.00, real=0.00 secs] 
278.406: Total time for which application threads were stopped: 0.0006860 seconds, Stopping threads took: 0.0000520 seconds
278.547: Application time: 0.1406320 seconds
278.547: [GC [PSYoungGen: 23264K->224K(23552K)] 55189K->32317K(56832K), 0.0005720 secs] [Times: user=0.00 sys=0.00, real=0.01 secs] 
278.548: Total time for which application threads were stopped: 0.0007060 seconds, Stopping threads took: 0.0000560 seconds
278.689: Application time: 0.1411950 seconds
278.689: [GC [PSYoungGen: 23264K->256K(23552K)] 55357K->32373K(56832K), 0.0004390 secs] [Times: user=0.00 sys=0.00, real=0.00 secs] 
278.690: Total time for which application threads were stopped: 0.0006050 seconds, Stopping threads took: 0.0000730 seconds
278.825: Application time: 0.1352440 seconds
278.825: [GC [PSYoungGen: 23296K->368K(23552K)] 55413K->32485K(56832K), 0.0005240 secs] [Times: user=0.00 sys=0.00, real=0.00 secs] 
278.825: Total time for which application threads were stopped: 0.0006480 seconds, Stopping threads took: 0.0000570 seconds
278.955: Application time: 0.1298900 seconds
278.956: [GC [PSYoungGen: 23408K->240K(23552K)] 55525K->32653K(56832K), 0.0008040 secs] [Times: user=0.01 sys=0.00, real=0.00 secs] 
278.957: Total time for which application threads were stopped: 0.0014960 seconds, Stopping threads took: 0.0006200 seconds
279.090: Application time: 0.1333300 seconds
279.090: [GC [PSYoungGen: 23280K->224K(23552K)] 55693K->32773K(56832K), 0.0005790 secs] [Times: user=0.00 sys=0.00, real=0.00 secs] 
279.091: Total time for which application threads were stopped: 0.0007040 seconds, Stopping threads took: 0.0000550 seconds
279.218: Application time: 0.1275340 seconds
279.219: [GC [PSYoungGen: 23264K->256K(23552K)] 55813K->32805K(56832K), 0.0005440 secs] [Times: user=0.00 sys=0.00, real=0.00 secs] 
279.219: Total time for which application threads were stopped: 0.0007020 seconds, Stopping threads took: 0.0000740 seconds
279.347: Application time: 0.1279300 seconds
279.347: [GC [PSYoungGen: 23296K->192K(23552K)] 55845K->32861K(56832K), 0.0005170 secs] [Times: user=0.00 sys=0.00, real=0.01 secs] 
279.348: Total time for which application threads were stopped: 0.0006710 seconds, Stopping threads took: 0.0000810 seconds
279.476: Application time: 0.1283300 seconds
279.476: [GC [PSYoungGen: 23232K->256K(23552K)] 55901K->32997K(56832K), 0.0004260 secs] [Times: user=0.00 sys=0.00, real=0.00 secs] 
279.477: Total time for which application threads were stopped: 0.0005510 seconds, Stopping threads took: 0.0000500 seconds
279.602: Application time: 0.1257740 seconds
279.604: [GC [PSYoungGen: 23296K->352K(23552K)] 56037K->33094K(56832K), 0.0005060 secs] [Times: user=0.00 sys=0.00, real=0.00 secs] 
279.604: Total time for which application threads were stopped: 0.0017030 seconds, Stopping threads took: 0.0011260 seconds
279.731: Application time: 0.1264880 seconds
279.731: [GC [PSYoungGen: 23392K->368K(23552K)] 56134K->33326K(56832K), 0.0005400 secs] [Times: user=0.00 sys=0.00, real=0.00 secs] 
279.731: [Full GC [PSYoungGen: 368K->0K(23552K)] [ParOldGen: 32958K->3062K(32768K)] 33326K->3062K(56320K) [PSPermGen: 6082K->6082K(21504K)], 0.0059530 secs] [Times: user=0.03 sys=0.00, real=0.00 secs] 
279.737: Total time for which application threads were stopped: 0.0066890 seconds, Stopping threads took: 0.0000640 seconds
279.865: Application time: 0.1279890 seconds
279.865: [GC [PSYoungGen: 23040K->256K(23552K)] 26102K->3318K(56320K), 0.0003590 secs] [Times: user=0.00 sys=0.00, real=0.00 secs] 
279.866: Total time for which application threads were stopped: 0.0004970 seconds, Stopping threads took: 0.0000640 seconds
279.994: Application time: 0.1277780 seconds
279.994: [GC [PSYoungGen: 23295K->256K(23552K)] 26358K->3342K(56320K), 0.0003950 secs] [Times: user=0.00 sys=0.00, real=0.00 secs] 
279.994: Total time for which application threads were stopped: 0.0005200 seconds, Stopping threads took: 0.0000520 seconds
280.122: Application time: 0.1284730 seconds
280.123: [GC [PSYoungGen: 23296K->192K(23552K)] 26382K->3375K(56320K), 0.0004630 secs] [Times: user=0.00 sys=0.00, real=0.00 secs] 
280.123: Total time for which application threads were stopped: 0.0006050 seconds, Stopping threads took: 0.0000720 seconds
280.251: Application time: 0.1279620 seconds
280.251: [GC [PSYoungGen: 23232K->192K(23552K)] 26415K->3471K(56320K), 0.0004170 secs] [Times: user=0.01 sys=0.00, real=0.00 secs] 
280.252: Total time for which application threads were stopped: 0.0005670 seconds, Stopping threads took: 0.0000620 seconds
280.378: Application time: 0.1262240 seconds
280.378: [GC [PSYoungGen: 23232K->368K(23552K)] 26511K->3647K(56320K), 0.0004490 secs] [Times: user=0.00 sys=0.00, real=0.00 secs] 
280.378: Total time for which application threads were stopped: 0.0005790 seconds, Stopping threads took: 0.0000590 seconds
280.505: Application time: 0.1262620 seconds
280.505: [GC [PSYoungGen: 23408K->368K(23552K)] 26687K->3859K(56320K), 0.0005080 secs] [Times: user=0.00 sys=0.00, real=0.00 secs] 
280.505: Total time for which application threads were stopped: 0.0006370 seconds, Stopping threads took: 0.0000600 seconds
280.633: Application time: 0.1281440 seconds
280.634: [GC [PSYoungGen: 23408K->256K(23552K)] 26899K->3947K(56320K), 0.0004420 secs] [Times: user=0.00 sys=0.00, real=0.00 secs] 
280.634: Total time for which application threads were stopped: 0.0005790 seconds, Stopping threads took: 0.0000660 seconds
280.762: Application time: 0.1276680 seconds
280.762: [GC [PSYoungGen: 23296K->192K(23552K)] 26987K->3907K(56320K), 0.0004390 secs] [Times: user=0.00 sys=0.00, real=0.00 secs] 
280.762: Total time for which application threads were stopped: 0.0005740 seconds, Stopping threads took: 0.0000570 seconds
280.890: Application time: 0.1274360 seconds
280.890: [GC [PSYoungGen: 23232K->256K(23552K)] 26947K->4067K(56320K), 0.0004310 secs] [Times: user=0.00 sys=0.00, real=0.00 secs] 
280.890: Total time for which application threads were stopped: 0.0005730 seconds, Stopping threads took: 0.0000670 seconds
281.019: Application time: 0.1285340 seconds
281.020: [GC [PSYoungGen: 23296K->256K(23552K)] 27107K->4139K(56320K), 0.0003860 secs] [Times: user=0.00 sys=0.00, real=0.00 secs] 
281.020: Total time for which application threads were stopped: 0.0010610 seconds, Stopping threads took: 0.0006030 seconds
281.146: Application time: 0.1257910 seconds
281.146: [GC [PSYoungGen: 23296K->320K(23552K)] 27179K->4227K(56320K), 0.0004590 secs] [Times: user=0.00 sys=0.00, real=0.00 secs] 
281.146: Total time for which application threads were stopped: 0.0005850 seconds, Stopping threads took: 0.0000550 seconds
281.273: Application time: 0.1263620 seconds
281.273: [GC [PSYoungGen: 23360K->272K(23552K)] 27267K->4399K(56320K), 0.0004800 secs] [Times: user=0.00 sys=0.00, real=0.00 secs] 
281.273: Total time for which application threads were stopped: 0.0006230 seconds, Stopping threads took: 0.0000610 seconds
281.401: Application time: 0.1277320 seconds
281.401: [GC [PSYoungGen: 23312K->160K(23552K)] 27439K->4439K(56320K), 0.0004710 secs] [Times: user=0.00 sys=0.00, real=0.00 secs] 
281.402: Total time for which application threads were stopped: 0.0006080 seconds, Stopping threads took: 0.0000660 seconds
281.529: Application time: 0.1276860 seconds
281.529: [GC [PSYoungGen: 23200K->256K(23552K)] 27479K->4600K(56320K), 0.0004080 secs] [Times: user=0.00 sys=0.00, real=0.00 secs] 
281.530: Total time for which application threads were stopped: 0.0005340 seconds, Stopping threads took: 0.0000540 seconds
281.658: Application time: 0.1278450 seconds
281.658: [GC [PSYoungGen: 23296K->256K(23552K)] 27640K->4696K(56320K), 0.0004200 secs] [Times: user=0.00 sys=0.00, real=0.00 secs] 
281.658: Total time for which application threads were stopped: 0.0005430 seconds, Stopping threads took: 0.0000520 seconds
281.787: Application time: 0.1285420 seconds
281.787: [GC [PSYoungGen: 23296K->224K(23552K)] 27736K->4736K(56320K), 0.0004350 secs] [Times: user=0.00 sys=0.00, real=0.00 secs] 
281.787: Total time for which application threads were stopped: 0.0005720 seconds, Stopping threads took: 0.0000570 seconds
281.914: Application time: 0.1262040 seconds
281.914: [GC [PSYoungGen: 23264K->288K(23552K)] 27776K->4824K(56320K), 0.0004100 secs] [Times: user=0.01 sys=0.00, real=0.00 secs] 
281.914: Total time for which application threads were stopped: 0.0005480 seconds, Stopping threads took: 0.0000670 seconds
282.041: Application time: 0.1265480 seconds
282.041: [GC [PSYoungGen: 23328K->272K(23552K)] 27864K->5020K(56320K), 0.0004670 secs] [Times: user=0.00 sys=0.00, real=0.00 secs] 
282.041: Total time for which application threads were stopped: 0.0005830 seconds, Stopping threads took: 0.0000470 seconds
282.169: Application time: 0.1276610 seconds
282.169: [GC [PSYoungGen: 23312K->224K(23552K)] 28060K->5140K(56320K), 0.0004670 secs] [Times: user=0.00 sys=0.00, real=0.00 secs] 
282.170: Total time for which application threads were stopped: 0.0005930 seconds, Stopping threads took: 0.0000560 seconds
282.297: Application time: 0.1271330 seconds
282.297: [GC [PSYoungGen: 23264K->224K(23552K)] 28180K->5212K(56320K), 0.0004230 secs] [Times: user=0.00 sys=0.00, real=0.00 secs] 
282.297: Total time for which application threads were stopped: 0.0005630 seconds, Stopping threads took: 0.0000610 seconds
282.425: Application time: 0.1279470 seconds
282.425: [GC [PSYoungGen: 23264K->256K(23552K)] 28252K->5316K(56320K), 0.0004130 secs] [Times: user=0.00 sys=0.00, real=0.00 secs] 
282.426: Total time for which application threads were stopped: 0.0005620 seconds, Stopping threads took: 0.0000760 seconds
282.554: Application time: 0.1286640 seconds
282.555: [GC [PSYoungGen: 23296K->224K(23552K)] 28356K->5380K(56320K), 0.0004380 secs] [Times: user=0.00 sys=0.00, real=0.00 secs] 
282.555: Total time for which application threads were stopped: 0.0005660 seconds, Stopping threads took: 0.0000540 seconds
282.682: Application time: 0.1268540 seconds
282.682: [GC [PSYoungGen: 23264K->288K(23552K)] 28420K->5468K(56320K), 0.0004220 secs] [Times: user=0.00 sys=0.00, real=0.00 secs] 
282.682: Total time for which application threads were stopped: 0.0005570 seconds, Stopping threads took: 0.0000630 seconds
282.809: Application time: 0.1264500 seconds
282.809: [GC [PSYoungGen: 23328K->320K(23552K)] 28508K->5668K(56320K), 0.0004580 secs] [Times: user=0.00 sys=0.00, real=0.00 secs] 
282.809: Total time for which application threads were stopped: 0.0006070 seconds, Stopping threads took: 0.0000670 seconds
282.950: Application time: 0.1404810 seconds
282.950: [GC [PSYoungGen: 23360K->272K(23552K)] 28708K->5844K(56320K), 0.0004670 secs] [Times: user=0.00 sys=0.00, real=0.00 secs] 
282.951: Total time for which application threads were stopped: 0.0006130 seconds, Stopping threads took: 0.0000700 seconds
283.092: Application time: 0.1411340 seconds
283.092: [GC [PSYoungGen: 23312K->256K(23552K)] 28884K->5909K(56320K), 0.0004150 secs] [Times: user=0.00 sys=0.00, real=0.00 secs] 
283.092: Total time for which application threads were stopped: 0.0005580 seconds, Stopping threads took: 0.0000710 seconds
283.233: Application time: 0.1405990 seconds
283.233: [GC [PSYoungGen: 23296K->256K(23552K)] 28949K->5933K(56320K), 0.0004420 secs] [Times: user=0.00 sys=0.00, real=0.00 secs] 
283.233: Total time for which application threads were stopped: 0.0005790 seconds, Stopping threads took: 0.0000630 seconds
283.374: Application time: 0.1409260 seconds
283.374: [GC [PSYoungGen: 23296K->256K(23552K)] 28973K->6077K(56320K), 0.0004740 secs] [Times: user=0.00 sys=0.00, real=0.00 secs] 
283.375: Total time for which application threads were stopped: 0.0006240 seconds, Stopping threads took: 0.0000640 seconds
283.515: Application time: 0.1403410 seconds
283.515: [GC [PSYoungGen: 23296K->224K(23552K)] 29117K->6069K(56320K), 0.0004600 secs] [Times: user=0.01 sys=0.00, real=0.00 secs] 
283.516: Total time for which application threads were stopped: 0.0006000 seconds, Stopping threads took: 0.0000680 seconds
283.653: Application time: 0.1372430 seconds
283.653: [GC [PSYoungGen: 23264K->432K(23552K)] 29109K->6277K(56320K), 0.0004900 secs] [Times: user=0.00 sys=0.00, real=0.00 secs] 
283.654: Total time for which application threads were stopped: 0.0006230 seconds, Stopping threads took: 0.0000560 seconds
283.794: Application time: 0.1402340 seconds
283.794: [GC [PSYoungGen: 23472K->256K(23552K)] 29317K->6433K(56320K), 0.0005240 secs] [Times: user=0.01 sys=0.00, real=0.00 secs] 
283.795: Total time for which application threads were stopped: 0.0006660 seconds, Stopping threads took: 0.0000660 seconds
283.936: Application time: 0.1409400 seconds
283.936: [GC [PSYoungGen: 23296K->256K(23552K)] 29473K->6521K(56320K), 0.0004900 secs] [Times: user=0.00 sys=0.00, real=0.00 secs] 
283.936: Total time for which application threads were stopped: 0.0006390 seconds, Stopping threads took: 0.0000520 seconds
284.077: Application time: 0.1409110 seconds
284.077: [GC [PSYoungGen: 23296K->176K(23552K)] 29561K->6441K(56320K), 0.0005520 secs] [Times: user=0.00 sys=0.00, real=0.00 secs] 
284.079: Total time for which application threads were stopped: 0.0017230 seconds, Stopping threads took: 0.0000610 seconds
284.220: Application time: 0.1407910 seconds
284.220: [GC [PSYoungGen: 23216K->256K(23552K)] 29481K->6665K(56320K), 0.0004970 secs] [Times: user=0.00 sys=0.00, real=0.00 secs] 
284.220: Total time for which application threads were stopped: 0.0006190 seconds, Stopping threads took: 0.0000510 seconds
284.361: Application time: 0.1407830 seconds
284.361: [GC [PSYoungGen: 23296K->256K(23552K)] 29705K->6713K(56320K), 0.0004330 secs] [Times: user=0.00 sys=0.00, real=0.00 secs] 
284.362: Total time for which application threads were stopped: 0.0005660 seconds, Stopping threads took: 0.0000590 seconds
284.500: Application time: 0.1386640 seconds
284.500: [GC [PSYoungGen: 23296K->336K(23552K)] 29753K->6793K(56320K), 0.0004920 secs] [Times: user=0.01 sys=0.00, real=0.00 secs] 
284.501: Total time for which application threads were stopped: 0.0006590 seconds, Stopping threads took: 0.0000800 seconds
284.640: Application time: 0.1390120 seconds
284.640: [GC [PSYoungGen: 23376K->352K(23552K)] 29833K->7069K(56320K), 0.0005360 secs] [Times: user=0.01 sys=0.00, real=0.00 secs] 
284.641: Total time for which application threads were stopped: 0.0006930 seconds, Stopping threads took: 0.0000790 seconds
284.782: Application time: 0.1409530 seconds
284.782: [GC [PSYoungGen: 23392K->256K(23552K)] 30109K->7158K(56320K), 0.0004420 secs] [Times: user=0.01 sys=0.00, real=0.00 secs] 
284.782: Total time for which application threads were stopped: 0.0005840 seconds, Stopping threads took: 0.0000660 seconds
284.923: Application time: 0.1405190 seconds
284.923: [GC [PSYoungGen: 23296K->224K(23552K)] 30198K->7126K(56320K), 0.0004390 secs] [Times: user=0.00 sys=0.00, real=0.00 secs] 
284.923: Total time for which application threads were stopped: 0.0005830 seconds, Stopping threads took: 0.0000690 seconds
285.064: Application time: 0.1408330 seconds
285.064: [GC [PSYoungGen: 23264K->224K(23552K)] 30166K->7246K(56320K), 0.0004940 secs] [Times: user=0.00 sys=0.00, real=0.00 secs] 
285.065: Total time for which application threads were stopped: 0.0006480 seconds, Stopping threads took: 0.0000700 seconds
285.206: Application time: 0.1407470 seconds
285.206: [GC [PSYoungGen: 23264K->256K(23552K)] 30286K->7350K(56320K), 0.0004160 secs] [Times: user=0.00 sys=0.00, real=0.00 secs] 
285.206: Total time for which application threads were stopped: 0.0005440 seconds, Stopping threads took: 0.0000540 seconds
285.344: Application time: 0.1381810 seconds
285.344: [GC [PSYoungGen: 23296K->336K(23552K)] 30390K->7430K(56320K), 0.0004850 secs] [Times: user=0.00 sys=0.00, real=0.00 secs] 
285.345: Total time for which application threads were stopped: 0.0006240 seconds, Stopping threads took: 0.0000690 seconds
285.484: Application time: 0.1393730 seconds
285.484: [GC [PSYoungGen: 23376K->272K(23552K)] 30470K->7614K(56320K), 0.0005350 secs] [Times: user=0.00 sys=0.00, real=0.00 secs] 
285.485: Total time for which application threads were stopped: 0.0006800 seconds, Stopping threads took: 0.0000740 seconds
285.626: Application time: 0.1412580 seconds
285.626: [GC [PSYoungGen: 23312K->192K(23552K)] 30654K->7698K(56320K), 0.0005860 secs] [Times: user=0.01 sys=0.00, real=0.00 secs] 
285.627: Total time for which application threads were stopped: 0.0007260 seconds, Stopping threads took: 0.0000500 seconds
285.768: Application time: 0.1409390 seconds
285.768: [GC [PSYoungGen: 23232K->256K(23552K)] 30738K->7762K(56320K), 0.0004360 secs] [Times: user=0.00 sys=0.00, real=0.00 secs] 
285.769: Total time for which application threads were stopped: 0.0005940 seconds, Stopping threads took: 0.0000820 seconds
285.909: Application time: 0.1403380 seconds
285.909: [GC [PSYoungGen: 23296K->240K(23552K)] 30802K->7842K(56320K), 0.0004820 secs] [Times: user=0.00 sys=0.00, real=0.00 secs] 
285.909: Total time for which application threads were stopped: 0.0006320 seconds, Stopping threads took: 0.0000770 seconds
286.051: Application time: 0.1411120 seconds
286.051: [GC [PSYoungGen: 23280K->256K(23552K)] 30882K->7954K(56320K), 0.0004070 secs] [Times: user=0.00 sys=0.00, real=0.00 secs] 
286.051: Total time for which application threads were stopped: 0.0005350 seconds, Stopping threads took: 0.0000600 seconds
286.190: Application time: 0.1388550 seconds
286.190: [GC [PSYoungGen: 23296K->336K(23552K)] 30994K->8034K(56320K), 0.0004590 secs] [Times: user=0.01 sys=0.00, real=0.00 secs] 
286.191: Total time for which application threads were stopped: 0.0006080 seconds, Stopping threads took: 0.0000610 seconds
286.329: Application time: 0.1379970 seconds
286.329: [GC [PSYoungGen: 23376K->304K(23552K)] 31074K->8218K(56320K), 0.0005110 secs] [Times: user=0.00 sys=0.00, real=0.00 secs] 
286.329: Total time for which application threads were stopped: 0.0006560 seconds, Stopping threads took: 0.0000700 seconds
286.470: Application time: 0.1406030 seconds
286.470: [GC [PSYoungGen: 23344K->256K(23552K)] 31258K->8387K(56320K), 0.0004440 secs] [Times: user=0.00 sys=0.00, real=0.00 secs] 
286.470: Total time for which application threads were stopped: 0.0005920 seconds, Stopping threads took: 0.0000750 seconds
286.611: Application time: 0.1406380 seconds
286.611: [GC [PSYoungGen: 23296K->256K(23552K)] 31427K->8387K(56320K), 0.0004210 secs] [Times: user=0.00 sys=0.00, real=0.00 secs] 
286.612: Total time for which application threads were stopped: 0.0005660 seconds, Stopping threads took: 0.0000690 seconds
286.752: Application time: 0.1403840 seconds
286.752: [GC [PSYoungGen: 23296K->256K(23552K)] 31427K->8483K(56320K), 0.0004360 secs] [Times: user=0.01 sys=0.00, real=0.00 secs] 
286.753: Total time for which application threads were stopped: 0.0005800 seconds, Stopping threads took: 0.0000610 seconds
286.886: Application time: 0.1329120 seconds
286.886: [GC [PSYoungGen: 23296K->256K(23552K)] 31523K->8555K(56320K), 0.0004080 secs] [Times: user=0.00 sys=0.00, real=0.00 secs] 
286.886: Total time for which application threads were stopped: 0.0005330 seconds, Stopping threads took: 0.0000530 seconds
287.012: Application time: 0.1257170 seconds
287.012: [GC [PSYoungGen: 23296K->320K(23552K)] 31595K->8643K(56320K), 0.0004480 secs] [Times: user=0.00 sys=0.00, real=0.00 secs] 
287.012: Total time for which application threads were stopped: 0.0005890 seconds, Stopping threads took: 0.0000700 seconds
287.139: Application time: 0.1268390 seconds
287.144: [GC [PSYoungGen: 23360K->288K(23552K)] 31683K->8819K(56320K), 0.0005260 secs] [Times: user=0.00 sys=0.00, real=0.00 secs] 
287.144: Total time for which application threads were stopped: 0.0048250 seconds, Stopping threads took: 0.0042270 seconds
287.272: Application time: 0.1276060 seconds
287.272: [GC [PSYoungGen: 23328K->256K(23552K)] 31859K->8963K(56320K), 0.0004520 secs] [Times: user=0.00 sys=0.00, real=0.00 secs] 
287.272: Total time for which application threads were stopped: 0.0005940 seconds, Stopping threads took: 0.0000600 seconds
287.400: Application time: 0.1275780 seconds
287.400: [GC [PSYoungGen: 23296K->256K(23552K)] 32003K->9043K(56320K), 0.0004050 secs] [Times: user=0.00 sys=0.00, real=0.00 secs] 
287.400: Total time for which application threads were stopped: 0.0005380 seconds, Stopping threads took: 0.0000590 seconds
287.529: Application time: 0.1283750 seconds
287.529: [GC [PSYoungGen: 23296K->256K(23552K)] 32083K->9139K(56320K), 0.0004450 secs] [Times: user=0.00 sys=0.00, real=0.00 secs] 
287.529: Total time for which application threads were stopped: 0.0005840 seconds, Stopping threads took: 0.0000670 seconds
287.657: Application time: 0.1279450 seconds
287.657: [GC [PSYoungGen: 23296K->256K(23552K)] 32179K->9211K(56320K), 0.0003840 secs] [Times: user=0.00 sys=0.00, real=0.00 secs] 
287.658: Total time for which application threads were stopped: 0.0005140 seconds, Stopping threads took: 0.0000600 seconds
287.784: Application time: 0.1260300 seconds
287.784: [GC [PSYoungGen: 23296K->320K(23552K)] 32251K->9299K(56320K), 0.0004730 secs] [Times: user=0.00 sys=0.00, real=0.00 secs] 
287.784: Total time for which application threads were stopped: 0.0006230 seconds, Stopping threads took: 0.0000700 seconds
287.911: Application time: 0.1266880 seconds
287.911: [GC [PSYoungGen: 23360K->304K(23552K)] 32339K->9499K(56320K), 0.0004880 secs] [Times: user=0.00 sys=0.00, real=0.00 secs] 
287.912: Total time for which application threads were stopped: 0.0006270 seconds, Stopping threads took: 0.0000650 seconds
288.040: Application time: 0.1284590 seconds
288.040: [GC [PSYoungGen: 23344K->256K(23552K)] 32539K->9620K(56320K), 0.0004220 secs] [Times: user=0.00 sys=0.00, real=0.00 secs] 
288.041: Total time for which application threads were stopped: 0.0005440 seconds, Stopping threads took: 0.0000550 seconds
288.169: Application time: 0.1278350 seconds
288.169: [GC [PSYoungGen: 23296K->256K(23552K)] 32660K->9684K(56320K), 0.0004190 secs] [Times: user=0.01 sys=0.00, real=0.00 secs] 
288.169: Total time for which application threads were stopped: 0.0005630 seconds, Stopping threads took: 0.0000710 seconds
288.297: Application time: 0.1273320 seconds
288.297: [GC [PSYoungGen: 23296K->256K(23552K)] 32724K->9756K(56320K), 0.0004040 secs] [Times: user=0.01 sys=0.00, real=0.00 secs] 
288.297: Total time for which application threads were stopped: 0.0005460 seconds, Stopping threads took: 0.0000580 seconds
288.425: Application time: 0.1279920 seconds
288.425: [GC [PSYoungGen: 23296K->256K(23552K)] 32796K->9852K(56320K), 0.0004150 secs] [Times: user=0.00 sys=0.00, real=0.00 secs] 
288.426: Total time for which application threads were stopped: 0.0005560 seconds, Stopping threads took: 0.0000670 seconds
288.552: Application time: 0.1262690 seconds
288.552: [GC [PSYoungGen: 23296K->304K(23552K)] 32892K->9924K(56320K), 0.0004060 secs] [Times: user=0.00 sys=0.00, real=0.00 secs] 
288.552: Total time for which application threads were stopped: 0.0005410 seconds, Stopping threads took: 0.0000590 seconds
288.679: Application time: 0.1263040 seconds
288.679: [GC [PSYoungGen: 23344K->320K(23552K)] 32964K->10092K(56320K), 0.0005080 secs] [Times: user=0.00 sys=0.00, real=0.00 secs] 
288.679: Total time for which application threads were stopped: 0.0006440 seconds, Stopping threads took: 0.0000640 seconds
288.807: Application time: 0.1278230 seconds
288.807: [GC [PSYoungGen: 23360K->256K(23552K)] 33132K->10244K(56320K), 0.0004770 secs] [Times: user=0.00 sys=0.00, real=0.01 secs] 
288.808: Total time for which application threads were stopped: 0.0006230 seconds, Stopping threads took: 0.0000630 seconds
288.936: Application time: 0.1277730 seconds
288.936: [GC [PSYoungGen: 23296K->256K(23552K)] 33284K->10308K(56320K), 0.0004100 secs] [Times: user=0.00 sys=0.00, real=0.00 secs] 
288.936: Total time for which application threads were stopped: 0.0005310 seconds, Stopping threads took: 0.0000500 seconds
289.064: Application time: 0.1276310 seconds
289.064: [GC [PSYoungGen: 23296K->256K(23552K)] 33348K->10380K(56320K), 0.0004260 secs] [Times: user=0.00 sys=0.00, real=0.00 secs] 
289.064: Total time for which application threads were stopped: 0.0005630 seconds, Stopping threads took: 0.0000690 seconds
289.193: Application time: 0.1282490 seconds
289.193: [GC [PSYoungGen: 23296K->192K(23552K)] 33420K->10412K(56320K), 0.0005000 secs] [Times: user=0.01 sys=0.00, real=0.00 secs] 
289.194: Total time for which application threads were stopped: 0.0016330 seconds, Stopping threads took: 0.0000590 seconds
289.322: Application time: 0.1276660 seconds
289.322: [GC [PSYoungGen: 23232K->256K(23552K)] 33452K->10500K(56320K), 0.0004120 secs] [Times: user=0.00 sys=0.00, real=0.00 secs] 
289.322: Total time for which application threads were stopped: 0.0005470 seconds, Stopping threads took: 0.0000530 seconds
289.448: Application time: 0.1250840 seconds
289.448: [GC [PSYoungGen: 23296K->336K(23552K)] 33540K->10684K(56320K), 0.0004980 secs] [Times: user=0.00 sys=0.00, real=0.00 secs] 
289.448: Total time for which application threads were stopped: 0.0006540 seconds, Stopping threads took: 0.0000750 seconds
289.576: Application time: 0.1276970 seconds
289.576: [GC [PSYoungGen: 23376K->256K(23552K)] 33724K->10873K(56320K), 0.0005170 secs] [Times: user=0.00 sys=0.00, real=0.00 secs] 
289.577: Total time for which application threads were stopped: 0.0006420 seconds, Stopping threads took: 0.0000520 seconds
289.705: Application time: 0.1280830 seconds
289.705: [GC [PSYoungGen: 23296K->224K(23552K)] 33913K->10905K(56320K), 0.0004650 secs] [Times: user=0.00 sys=0.00, real=0.00 secs] 
289.705: Total time for which application threads were stopped: 0.0005950 seconds, Stopping threads took: 0.0000570 seconds
289.833: Application time: 0.1273370 seconds
289.833: [GC [PSYoungGen: 23264K->256K(23552K)] 33945K->10937K(56320K), 0.0004510 secs] [Times: user=0.00 sys=0.00, real=0.00 secs] 
289.833: Total time for which application threads were stopped: 0.0005990 seconds, Stopping threads took: 0.0000640 seconds
289.961: Application time: 0.1283170 seconds
289.962: [GC [PSYoungGen: 23296K->256K(23552K)] 33977K->11105K(56320K), 0.0004240 secs] [Times: user=0.00 sys=0.00, real=0.00 secs] 
289.962: Total time for which application threads were stopped: 0.0005520 seconds, Stopping threads took: 0.0000600 seconds
290.091: Application time: 0.1286880 seconds
290.091: [GC [PSYoungGen: 23296K->224K(23552K)] 34145K->11097K(56320K), 0.0004450 secs] [Times: user=0.01 sys=0.00, real=0.00 secs] 
290.091: Total time for which application threads were stopped: 0.0005730 seconds, Stopping threads took: 0.0000540 seconds
290.217: Application time: 0.1256360 seconds
290.217: [GC [PSYoungGen: 23264K->336K(23552K)] 34137K->11209K(56320K), 0.0004620 secs] [Times: user=0.01 sys=0.00, real=0.00 secs] 
290.218: Total time for which application threads were stopped: 0.0006090 seconds, Stopping threads took: 0.0000700 seconds
290.344: Application time: 0.1263220 seconds
290.344: [GC [PSYoungGen: 23376K->272K(23552K)] 34249K->11393K(56320K), 0.0005220 secs] [Times: user=0.00 sys=0.00, real=0.00 secs] 
290.345: Total time for which application threads were stopped: 0.0006700 seconds, Stopping threads took: 0.0000670 seconds
290.473: Application time: 0.1282910 seconds
290.473: [GC [PSYoungGen: 23312K->256K(23552K)] 34433K->11545K(56320K), 0.0004200 secs] [Times: user=0.01 sys=0.00, real=0.00 secs] 
290.473: Total time for which application threads were stopped: 0.0005610 seconds, Stopping threads took: 0.0000710 seconds
290.601: Application time: 0.1278270 seconds
290.601: [GC [PSYoungGen: 23296K->256K(23552K)] 34585K->11545K(56320K), 0.0004220 secs] [Times: user=0.00 sys=0.00, real=0.00 secs] 
290.602: Total time for which application threads were stopped: 0.0005720 seconds, Stopping threads took: 0.0000790 seconds
290.730: Application time: 0.1278650 seconds
290.730: [GC [PSYoungGen: 23296K->256K(23552K)] 34585K->11665K(56320K), 0.0004490 secs] [Times: user=0.00 sys=0.00, real=0.00 secs] 
290.730: Total time for which application threads were stopped: 0.0005830 seconds, Stopping threads took: 0.0000630 seconds
290.859: Application time: 0.1283510 seconds
290.859: [GC [PSYoungGen: 23296K->256K(23552K)] 34705K->11737K(56320K), 0.0004020 secs] [Times: user=0.00 sys=0.00, real=0.00 secs] 
290.859: Total time for which application threads were stopped: 0.0005430 seconds, Stopping threads took: 0.0000550 seconds
290.985: Application time: 0.1256050 seconds
290.985: [GC [PSYoungGen: 23296K->336K(23552K)] 34777K->11817K(56320K), 0.0004590 secs] [Times: user=0.01 sys=0.00, real=0.00 secs] 
290.985: Total time for which application threads were stopped: 0.0006000 seconds, Stopping threads took: 0.0000700 seconds
291.112: Application time: 0.1270110 seconds
291.112: [GC [PSYoungGen: 23376K->336K(23552K)] 34857K->12078K(56320K), 0.0005010 secs] [Times: user=0.00 sys=0.00, real=0.00 secs] 
291.113: Total time for which application threads were stopped: 0.0006370 seconds, Stopping threads took: 0.0000620 seconds
291.241: Application time: 0.1282970 seconds
291.241: [GC [PSYoungGen: 23376K->224K(23552K)] 35118K->12126K(56320K), 0.0004820 secs] [Times: user=0.00 sys=0.00, real=0.00 secs] 
291.242: Total time for which application threads were stopped: 0.0006110 seconds, Stopping threads took: 0.0000580 seconds
291.369: Application time: 0.1269700 seconds
291.369: [GC [PSYoungGen: 23264K->256K(23552K)] 35166K->12158K(56320K), 0.0004150 secs] [Times: user=0.00 sys=0.00, real=0.00 secs] 
291.369: Total time for which application threads were stopped: 0.0005550 seconds, Stopping threads took: 0.0000550 seconds
291.497: Application time: 0.1277120 seconds
291.497: [GC [PSYoungGen: 23296K->256K(23552K)] 35198K->12254K(56320K), 0.0004410 secs] [Times: user=0.00 sys=0.00, real=0.00 secs] 
291.498: Total time for which application threads were stopped: 0.0005650 seconds, Stopping threads took: 0.0000520 seconds
291.626: Application time: 0.1284480 seconds
291.626: [GC [PSYoungGen: 23296K->256K(23552K)] 35294K->12326K(56320K), 0.0004260 secs] [Times: user=0.00 sys=0.00, real=0.00 secs] 
291.627: Total time for which application threads were stopped: 0.0005520 seconds, Stopping threads took: 0.0000540 seconds
291.752: Application time: 0.1256780 seconds
291.753: [GC [PSYoungGen: 23296K->320K(23552K)] 35366K->12414K(56320K), 0.0004570 secs] [Times: user=0.00 sys=0.00, real=0.00 secs] 
291.753: Total time for which application threads were stopped: 0.0005890 seconds, Stopping threads took: 0.0000610 seconds
291.880: Application time: 0.1265860 seconds
291.880: [GC [PSYoungGen: 23360K->288K(23552K)] 35454K->12590K(56320K), 0.0005010 secs] [Times: user=0.01 sys=0.00, real=0.00 secs] 
291.880: Total time for which application threads were stopped: 0.0006390 seconds, Stopping threads took: 0.0000610 seconds
292.008: Application time: 0.1279190 seconds
292.008: [GC [PSYoungGen: 23328K->272K(23552K)] 35630K->12742K(56320K), 0.0004740 secs] [Times: user=0.00 sys=0.00, real=0.00 secs] 
292.009: Total time for which application threads were stopped: 0.0006150 seconds, Stopping threads took: 0.0000670 seconds
292.137: Application time: 0.1281420 seconds
292.140: [GC [PSYoungGen: 23312K->256K(23552K)] 35782K->12790K(56320K), 0.0004670 secs] [Times: user=0.00 sys=0.00, real=0.00 secs] 
292.140: Total time for which application threads were stopped: 0.0031030 seconds, Stopping threads took: 0.0025640 seconds
292.268: Application time: 0.1279050 seconds
292.268: [GC [PSYoungGen: 23296K->256K(23552K)] 35830K->12886K(56320K), 0.0004290 secs] [Times: user=0.00 sys=0.00, real=0.00 secs] 
292.268: Total time for which application threads were stopped: 0.0005730 seconds, Stopping threads took: 0.0000690 seconds
292.396: Application time: 0.1275110 seconds
292.396: [GC [PSYoungGen: 23296K->256K(23552K)] 35926K->12958K(56320K), 0.0003990 secs] [Times: user=0.00 sys=0.00, real=0.00 secs] 
292.397: Total time for which application threads were stopped: 0.0005390 seconds, Stopping threads took: 0.0000600 seconds
292.522: Application time: 0.1259120 seconds
292.523: [GC [PSYoungGen: 23296K->352K(23552K)] 35998K->13078K(56320K), 0.0004600 secs] [Times: user=0.00 sys=0.00, real=0.00 secs] 
292.523: Total time for which application threads were stopped: 0.0005940 seconds, Stopping threads took: 0.0000600 seconds
292.650: Application time: 0.1264950 seconds
292.652: [GC [PSYoungGen: 23392K->304K(23552K)] 36118K->13254K(56320K), 0.0005860 secs] [Times: user=0.01 sys=0.00, real=0.00 secs] 
292.652: Total time for which application threads were stopped: 0.0025910 seconds, Stopping threads took: 0.0019320 seconds
292.779: Application time: 0.1269390 seconds
292.779: [GC [PSYoungGen: 23344K->272K(23552K)] 36294K->13395K(56320K), 0.0004510 secs] [Times: user=0.00 sys=0.01, real=0.01 secs] 
292.780: Total time for which application threads were stopped: 0.0005830 seconds, Stopping threads took: 0.0000600 seconds
292.907: Application time: 0.1277900 seconds
292.908: [GC [PSYoungGen: 23312K->256K(23552K)] 36435K->13451K(56320K), 0.0004410 secs] [Times: user=0.01 sys=0.00, real=0.00 secs] 
292.908: Total time for which application threads were stopped: 0.0005940 seconds, Stopping threads took: 0.0000660 seconds
293.036: Application time: 0.1280620 seconds
293.036: [GC [PSYoungGen: 23296K->256K(23552K)] 36491K->13547K(56320K), 0.0004270 secs] [Times: user=0.01 sys=0.00, real=0.00 secs] 
293.037: Total time for which application threads were stopped: 0.0005530 seconds, Stopping threads took: 0.0000540 seconds
293.165: Application time: 0.1281350 seconds
293.165: [GC [PSYoungGen: 23296K->256K(23552K)] 36587K->13619K(56320K), 0.0003990 secs] [Times: user=0.00 sys=0.00, real=0.00 secs] 
293.165: Total time for which application threads were stopped: 0.0005400 seconds, Stopping threads took: 0.0000700 seconds
293.292: Application time: 0.1263410 seconds
293.292: [GC [PSYoungGen: 23296K->304K(23552K)] 36659K->13691K(56320K), 0.0004280 secs] [Times: user=0.00 sys=0.00, real=0.00 secs] 
293.292: Total time for which application threads were stopped: 0.0005770 seconds, Stopping threads took: 0.0000810 seconds
293.419: Application time: 0.1265050 seconds
293.419: [GC [PSYoungGen: 23344K->304K(23552K)] 36731K->13899K(56320K), 0.0005060 secs] [Times: user=0.00 sys=0.00, real=0.00 secs] 
293.419: Total time for which application threads were stopped: 0.0006600 seconds, Stopping threads took: 0.0000650 seconds
293.547: Application time: 0.1275890 seconds
293.547: [GC [PSYoungGen: 23344K->256K(23552K)] 36939K->14023K(56320K), 0.0004510 secs] [Times: user=0.00 sys=0.00, real=0.01 secs] 
293.548: Total time for which application threads were stopped: 0.0005810 seconds, Stopping threads took: 0.0000570 seconds
293.675: Application time: 0.1273040 seconds
293.675: [GC [PSYoungGen: 23296K->256K(23552K)] 37063K->14095K(56320K), 0.0004270 secs] [Times: user=0.00 sys=0.00, real=0.00 secs] 
293.675: Total time for which application threads were stopped: 0.0005580 seconds, Stopping threads took: 0.0000600 seconds
293.803: Application time: 0.1276970 seconds
293.803: [GC [PSYoungGen: 23296K->256K(23552K)] 37135K->14191K(56320K), 0.0004330 secs] [Times: user=0.00 sys=0.00, real=0.00 secs] 
293.804: Total time for which application threads were stopped: 0.0005730 seconds, Stopping threads took: 0.0000690 seconds
293.932: Application time: 0.1282040 seconds
293.932: [GC [PSYoungGen: 23296K->256K(23552K)] 37231K->14263K(56320K), 0.0003940 secs] [Times: user=0.00 sys=0.00, real=0.00 secs] 
293.933: Total time for which application threads were stopped: 0.0005570 seconds, Stopping threads took: 0.0000710 seconds
294.058: Application time: 0.1259750 seconds
294.059: [GC [PSYoungGen: 23296K->256K(23552K)] 37303K->14287K(56320K), 0.0004450 secs] [Times: user=0.01 sys=0.00, real=0.00 secs] 
294.059: Total time for which application threads were stopped: 0.0005830 seconds, Stopping threads took: 0.0000680 seconds
294.185: Application time: 0.1263280 seconds
294.186: [GC [PSYoungGen: 23296K->320K(23552K)] 37327K->14567K(56320K), 0.0004760 secs] [Times: user=0.00 sys=0.00, real=0.00 secs] 
294.186: Total time for which application threads were stopped: 0.0006050 seconds, Stopping threads took: 0.0000600 seconds
294.314: Application time: 0.1281910 seconds
294.314: [GC [PSYoungGen: 23360K->256K(23552K)] 37607K->14664K(56320K), 0.0004650 secs] [Times: user=0.00 sys=0.00, real=0.00 secs] 
294.316: Total time for which application threads were stopped: 0.0017780 seconds, Stopping threads took: 0.0000880 seconds
294.444: Application time: 0.1276010 seconds
294.444: [GC [PSYoungGen: 23296K->256K(23552K)] 37704K->14728K(56320K), 0.0004110 secs] [Times: user=0.00 sys=0.00, real=0.00 secs] 
294.444: Total time for which application threads were stopped: 0.0005750 seconds, Stopping threads took: 0.0000830 seconds
294.572: Application time: 0.1280670 seconds
294.572: [GC [PSYoungGen: 23296K->256K(23552K)] 37768K->14824K(56320K), 0.0004680 secs] [Times: user=0.00 sys=0.00, real=0.00 secs] 
294.573: Total time for which application threads were stopped: 0.0006020 seconds, Stopping threads took: 0.0000600 seconds
294.701: Application time: 0.1280190 seconds
294.701: [GC [PSYoungGen: 23296K->256K(23552K)] 37864K->14896K(56320K), 0.0004340 secs] [Times: user=0.00 sys=0.00, real=0.00 secs] 
294.701: Total time for which application threads were stopped: 0.0005840 seconds, Stopping threads took: 0.0000790 seconds
294.829: Application time: 0.1271420 seconds
294.829: [GC [PSYoungGen: 23296K->272K(23552K)] 37936K->14936K(56320K), 0.0004040 secs] [Times: user=0.00 sys=0.00, real=0.00 secs] 
294.829: Total time for which application threads were stopped: 0.0005370 seconds, Stopping threads took: 0.0000630 seconds
294.955: Application time: 0.1257720 seconds
294.955: [GC [PSYoungGen: 23312K->352K(23552K)] 37976K->15136K(56320K), 0.0004880 secs] [Times: user=0.00 sys=0.00, real=0.00 secs] 
294.956: Total time for which application threads were stopped: 0.0006310 seconds, Stopping threads took: 0.0000620 seconds
295.084: Application time: 0.1281850 seconds
295.084: [GC [PSYoungGen: 23392K->192K(23552K)] 38176K->15220K(56320K), 0.0005280 secs] [Times: user=0.00 sys=0.00, real=0.00 secs] 
295.084: Total time for which application threads were stopped: 0.0006590 seconds, Stopping threads took: 0.0000620 seconds
295.212: Application time: 0.1280250 seconds
295.213: [GC [PSYoungGen: 23232K->224K(23552K)] 38260K->15324K(56320K), 0.0004760 secs] [Times: user=0.00 sys=0.00, real=0.00 secs] 
295.213: Total time for which application threads were stopped: 0.0006210 seconds, Stopping threads took: 0.0000730 seconds
295.341: Application time: 0.1280350 seconds
295.344: [GC [PSYoungGen: 23264K->256K(23552K)] 38364K->15380K(56320K), 0.0004890 secs] [Times: user=0.00 sys=0.00, real=0.00 secs] 
295.344: Total time for which application threads were stopped: 0.0030130 seconds, Stopping threads took: 0.0024530 seconds
295.472: Application time: 0.1279810 seconds
295.472: [GC [PSYoungGen: 23296K->256K(23552K)] 38420K->15500K(56320K), 0.0004910 secs] [Times: user=0.00 sys=0.00, real=0.00 secs] 
295.473: Total time for which application threads were stopped: 0.0006290 seconds, Stopping threads took: 0.0000560 seconds
295.601: Application time: 0.1279880 seconds
295.604: [GC [PSYoungGen: 23296K->256K(23552K)] 38540K->15548K(56320K), 0.0004420 secs] [Times: user=0.00 sys=0.00, real=0.00 secs] 
295.604: Total time for which application threads were stopped: 0.0032900 seconds, Stopping threads took: 0.0027800 seconds
295.730: Application time: 0.1264190 seconds
295.731: [GC [PSYoungGen: 23296K->336K(23552K)] 38588K->15708K(56320K), 0.0004810 secs] [Times: user=0.00 sys=0.00, real=0.00 secs] 
295.731: Total time for which application threads were stopped: 0.0006200 seconds, Stopping threads took: 0.0000700 seconds
295.858: Application time: 0.1265980 seconds
295.858: [GC [PSYoungGen: 23376K->288K(23552K)] 38748K->15889K(56320K), 0.0005010 secs] [Times: user=0.00 sys=0.00, real=0.00 secs] 
295.858: Total time for which application threads were stopped: 0.0006400 seconds, Stopping threads took: 0.0000670 seconds
295.986: Application time: 0.1282120 seconds
295.987: [GC [PSYoungGen: 23328K->224K(23552K)] 38929K->16001K(56320K), 0.0004440 secs] [Times: user=0.00 sys=0.00, real=0.00 secs] 
295.987: Total time for which application threads were stopped: 0.0005760 seconds, Stopping threads took: 0.0000510 seconds
296.115: Application time: 0.1279680 seconds
296.115: [GC [PSYoungGen: 23264K->256K(23552K)] 39041K->16033K(56320K), 0.0004280 secs] [Times: user=0.01 sys=0.00, real=0.00 secs] 
296.116: Total time for which application threads were stopped: 0.0005600 seconds, Stopping threads took: 0.0000580 seconds
296.243: Application time: 0.1278510 seconds
296.244: [GC [PSYoungGen: 23296K->256K(23552K)] 39073K->16153K(56320K), 0.0004310 secs] [Times: user=0.00 sys=0.00, real=0.00 secs] 
296.244: Total time for which application threads were stopped: 0.0005690 seconds, Stopping threads took: 0.0000680 seconds
296.372: Application time: 0.1281980 seconds
296.372: [GC [PSYoungGen: 23296K->224K(23552K)] 39193K->16193K(56320K), 0.0004520 secs] [Times: user=0.00 sys=0.00, real=0.00 secs] 
296.373: Total time for which application threads were stopped: 0.0005870 seconds, Stopping threads took: 0.0000530 seconds
296.498: Application time: 0.1255700 seconds
296.499: [GC [PSYoungGen: 23264K->384K(23552K)] 39233K->16353K(56320K), 0.0004610 secs] [Times: user=0.00 sys=0.00, real=0.00 secs] 
296.499: Total time for which application threads were stopped: 0.0006120 seconds, Stopping threads took: 0.0000710 seconds
296.626: Application time: 0.1265620 seconds
296.626: [GC [PSYoungGen: 23424K->288K(23552K)] 39393K->16501K(56320K), 0.0005430 secs] [Times: user=0.00 sys=0.00, real=0.00 secs] 
296.626: Total time for which application threads were stopped: 0.0006850 seconds, Stopping threads took: 0.0000690 seconds
296.754: Application time: 0.1279040 seconds
296.754: [GC [PSYoungGen: 23328K->192K(23552K)] 39541K->16565K(56320K), 0.0004750 secs] [Times: user=0.00 sys=0.00, real=0.00 secs] 
296.755: Total time for which application threads were stopped: 0.0006200 seconds, Stopping threads took: 0.0000700 seconds
296.883: Application time: 0.1280800 seconds
296.883: [GC [PSYoungGen: 23232K->256K(23552K)] 39605K->16629K(56320K), 0.0004740 secs] [Times: user=0.00 sys=0.00, real=0.00 secs] 
296.883: Total time for which application threads were stopped: 0.0005860 seconds, Stopping threads took: 0.0000410 seconds
297.011: Application time: 0.1278850 seconds
297.011: [GC [PSYoungGen: 23296K->256K(23552K)] 39669K->16749K(56320K), 0.0004350 secs] [Times: user=0.00 sys=0.00, real=0.00 secs] 
297.012: Total time for which application threads were stopped: 0.0005950 seconds, Stopping threads took: 0.0000690 seconds
297.141: Application time: 0.1286780 seconds
297.141: [GC [PSYoungGen: 23296K->256K(23552K)] 39789K->16797K(56320K), 0.0004380 secs] [Times: user=0.00 sys=0.00, real=0.00 secs] 
297.141: Total time for which application threads were stopped: 0.0005930 seconds, Stopping threads took: 0.0000820 seconds
297.266: Application time: 0.1250970 seconds
297.266: [GC [PSYoungGen: 23296K->352K(23552K)] 39837K->16917K(56320K), 0.0004590 secs] [Times: user=0.00 sys=0.00, real=0.00 secs] 
297.267: Total time for which application threads were stopped: 0.0005980 seconds, Stopping threads took: 0.0000670 seconds
297.394: Application time: 0.1272130 seconds
297.394: [GC [PSYoungGen: 23392K->288K(23552K)] 39957K->17114K(56320K), 0.0004920 secs] [Times: user=0.00 sys=0.00, real=0.00 secs] 
297.395: Total time for which application threads were stopped: 0.0006210 seconds, Stopping threads took: 0.0000570 seconds
297.522: Application time: 0.1275720 seconds
297.522: [GC [PSYoungGen: 23328K->256K(23552K)] 40154K->17202K(56320K), 0.0004630 secs] [Times: user=0.01 sys=0.00, real=0.00 secs] 
297.523: Total time for which application threads were stopped: 0.0006050 seconds, Stopping threads took: 0.0000590 seconds
297.651: Application time: 0.1280110 seconds
297.651: [GC [PSYoungGen: 23296K->256K(23552K)] 40242K->17274K(56320K), 0.0004970 secs] [Times: user=0.00 sys=0.00, real=0.00 secs] 
297.652: Total time for which application threads were stopped: 0.0006530 seconds, Stopping threads took: 0.0000850 seconds
297.779: Application time: 0.1279050 seconds
297.780: [GC [PSYoungGen: 23296K->192K(23552K)] 40314K->17306K(56320K), 0.0004570 secs] [Times: user=0.00 sys=0.00, real=0.00 secs] 
297.780: Total time for which application threads were stopped: 0.0005880 seconds, Stopping threads took: 0.0000600 seconds
297.908: Application time: 0.1282550 seconds
297.908: [GC [PSYoungGen: 23232K->256K(23552K)] 40346K->17442K(56320K), 0.0004190 secs] [Times: user=0.00 sys=0.00, real=0.00 secs] 
297.909: Total time for which application threads were stopped: 0.0005460 seconds, Stopping threads took: 0.0000570 seconds
298.036: Application time: 0.1266580 seconds
298.036: [GC [PSYoungGen: 23296K->288K(23552K)] 40482K->17498K(56320K), 0.0004470 secs] [Times: user=0.00 sys=0.00, real=0.00 secs] 
298.036: Total time for which application threads were stopped: 0.0005780 seconds, Stopping threads took: 0.0000550 seconds
298.162: Application time: 0.1258460 seconds
298.162: [GC [PSYoungGen: 23328K->288K(23552K)] 40538K->17706K(56320K), 0.0005160 secs] [Times: user=0.00 sys=0.00, real=0.00 secs] 
298.163: Total time for which application threads were stopped: 0.0006500 seconds, Stopping threads took: 0.0000580 seconds
298.291: Application time: 0.1279850 seconds
298.291: [GC [PSYoungGen: 23328K->256K(23552K)] 40746K->17850K(56320K), 0.0004350 secs] [Times: user=0.00 sys=0.00, real=0.00 secs] 
298.291: Total time for which application threads were stopped: 0.0005710 seconds, Stopping threads took: 0.0000650 seconds
298.419: Application time: 0.1275380 seconds
298.419: [GC [PSYoungGen: 23296K->256K(23552K)] 40890K->17922K(56320K), 0.0004270 secs] [Times: user=0.00 sys=0.00, real=0.00 secs] 
298.419: Total time for which application threads were stopped: 0.0005580 seconds, Stopping threads took: 0.0000570 seconds
298.548: Application time: 0.1285230 seconds
298.556: [GC [PSYoungGen: 23296K->256K(23552K)] 40962K->18018K(56320K), 0.0004210 secs] [Times: user=0.00 sys=0.00, real=0.00 secs] 
298.556: Total time for which application threads were stopped: 0.0081960 seconds, Stopping threads took: 0.0076950 seconds
298.684: Application time: 0.1283580 seconds
298.685: [GC [PSYoungGen: 23296K->256K(23552K)] 41058K->18090K(56320K), 0.0004240 secs] [Times: user=0.00 sys=0.00, real=0.00 secs] 
298.685: Total time for which application threads were stopped: 0.0006060 seconds, Stopping threads took: 0.0001090 seconds
298.811: Application time: 0.1262380 seconds
298.811: [GC [PSYoungGen: 23296K->304K(23552K)] 41130K->18162K(56320K), 0.0004600 secs] [Times: user=0.00 sys=0.00, real=0.00 secs] 
298.812: Total time for which application threads were stopped: 0.0005980 seconds, Stopping threads took: 0.0000670 seconds
298.939: Application time: 0.1268460 seconds
298.940: [GC [PSYoungGen: 23344K->272K(23552K)] 41202K->18339K(56320K), 0.0004980 secs] [Times: user=0.01 sys=0.00, real=0.00 secs] 
298.940: Total time for which application threads were stopped: 0.0013980 seconds, Stopping threads took: 0.0008300 seconds
299.068: Application time: 0.1279500 seconds
299.072: [GC [PSYoungGen: 23312K->256K(23552K)] 41379K->18483K(56320K), 0.0004870 secs] [Times: user=0.00 sys=0.00, real=0.00 secs] 
299.072: Total time for which application threads were stopped: 0.0041150 seconds, Stopping threads took: 0.0035470 seconds
299.200: Application time: 0.1280470 seconds
299.204: [GC [PSYoungGen: 23296K->256K(23552K)] 41523K->18571K(56320K), 0.0004960 secs] [Times: user=0.00 sys=0.00, real=0.00 secs] 
299.204: Total time for which application threads were stopped: 0.0038980 seconds, Stopping threads took: 0.0033290 seconds
299.332: Application time: 0.1283370 seconds
299.333: [GC [PSYoungGen: 23296K->256K(23552K)] 41611K->18667K(56320K), 0.0004600 secs] [Times: user=0.00 sys=0.00, real=0.00 secs] 
299.333: Total time for which application threads were stopped: 0.0006140 seconds, Stopping threads took: 0.0000830 seconds
299.462: Application time: 0.1286280 seconds
299.462: [GC [PSYoungGen: 23296K->256K(23552K)] 41707K->18739K(56320K), 0.0004190 secs] [Times: user=0.00 sys=0.00, real=0.00 secs] 
299.462: Total time for which application threads were stopped: 0.0005690 seconds, Stopping threads took: 0.0000760 seconds
299.589: Application time: 0.1265240 seconds
299.589: [GC [PSYoungGen: 23296K->288K(23552K)] 41779K->18795K(56320K), 0.0004910 secs] [Times: user=0.00 sys=0.00, real=0.00 secs] 
299.589: Total time for which application threads were stopped: 0.0006390 seconds, Stopping threads took: 0.0000610 seconds
299.716: Application time: 0.1266490 seconds
299.716: [GC [PSYoungGen: 23328K->288K(23552K)] 41835K->19011K(56320K), 0.0005110 secs] [Times: user=0.00 sys=0.00, real=0.00 secs] 
299.717: Total time for which application threads were stopped: 0.0006350 seconds, Stopping threads took: 0.0000550 seconds
299.844: Application time: 0.1273580 seconds
299.844: [GC [PSYoungGen: 23328K->272K(23552K)] 42051K->19155K(56320K), 0.0004580 secs] [Times: user=0.01 sys=0.00, real=0.00 secs] 
299.845: Total time for which application threads were stopped: 0.0006200 seconds, Stopping threads took: 0.0000810 seconds
299.973: Application time: 0.1283350 seconds
299.976: [GC [PSYoungGen: 23312K->256K(23552K)] 42195K->19211K(56320K), 0.0004760 secs] [Times: user=0.00 sys=0.00, real=0.00 secs] 
299.976: Total time for which application threads were stopped: 0.0030750 seconds, Stopping threads took: 0.0025270 seconds
300.104: Application time: 0.1281150 seconds
300.104: [GC [PSYoungGen: 23296K->256K(23552K)] 42251K->19283K(56320K), 0.0004090 secs] [Times: user=0.00 sys=0.00, real=0.00 secs] 
300.105: Total time for which application threads were stopped: 0.0005500 seconds, Stopping threads took: 0.0000560 seconds
300.233: Application time: 0.1279630 seconds
300.233: [GC [PSYoungGen: 23296K->256K(23552K)] 42323K->19379K(56320K), 0.0004480 secs] [Times: user=0.01 sys=0.00, real=0.00 secs] 
300.233: Total time for which application threads were stopped: 0.0006090 seconds, Stopping threads took: 0.0000920 seconds
300.360: Application time: 0.1263840 seconds
300.360: [GC [PSYoungGen: 23296K->288K(23552K)] 42419K->19435K(56320K), 0.0004490 secs] [Times: user=0.00 sys=0.00, real=0.00 secs] 
300.360: Total time for which application threads were stopped: 0.0005850 seconds, Stopping threads took: 0.0000640 seconds
300.486: Application time: 0.1258720 seconds
300.486: [GC [PSYoungGen: 23328K->320K(23552K)] 42475K->19644K(56320K), 0.0005020 secs] [Times: user=0.00 sys=0.00, real=0.00 secs] 
300.487: Total time for which application threads were stopped: 0.0006340 seconds, Stopping threads took: 0.0000590 seconds
300.614: Application time: 0.1271850 seconds
300.614: [GC [PSYoungGen: 23360K->272K(23552K)] 42684K->19796K(56320K), 0.0004810 secs] [Times: user=0.00 sys=0.00, real=0.00 secs] 
300.615: Total time for which application threads were stopped: 0.0006220 seconds, Stopping threads took: 0.0000560 seconds
300.742: Application time: 0.1274590 seconds
300.742: [GC [PSYoungGen: 23312K->256K(23552K)] 42836K->19852K(56320K), 0.0004400 secs] [Times: user=0.00 sys=0.00, real=0.00 secs] 
300.743: Total time for which application threads were stopped: 0.0005700 seconds, Stopping threads took: 0.0000580 seconds
300.871: Application time: 0.1280400 seconds
300.871: [GC [PSYoungGen: 23296K->256K(23552K)] 42892K->19924K(56320K), 0.0004110 secs] [Times: user=0.00 sys=0.00, real=0.00 secs] 
300.871: Total time for which application threads were stopped: 0.0005390 seconds, Stopping threads took: 0.0000560 seconds
301.000: Application time: 0.1285770 seconds
301.000: [GC [PSYoungGen: 23296K->256K(23552K)] 42964K->20020K(56320K), 0.0004490 secs] [Times: user=0.00 sys=0.00, real=0.00 secs] 
301.000: Total time for which application threads were stopped: 0.0005780 seconds, Stopping threads took: 0.0000590 seconds
301.127: Application time: 0.1266560 seconds
301.127: [GC [PSYoungGen: 23296K->272K(23552K)] 43060K->20060K(56320K), 0.0004580 secs] [Times: user=0.00 sys=0.00, real=0.01 secs] 
301.128: Total time for which application threads were stopped: 0.0006030 seconds, Stopping threads took: 0.0000660 seconds
301.254: Application time: 0.1259220 seconds
301.254: [GC [PSYoungGen: 23312K->336K(23552K)] 43100K->20284K(56320K), 0.0004740 secs] [Times: user=0.00 sys=0.00, real=0.00 secs] 
301.254: Total time for which application threads were stopped: 0.0006130 seconds, Stopping threads took: 0.0000660 seconds
301.381: Application time: 0.1272950 seconds
301.382: [GC [PSYoungGen: 23376K->288K(23552K)] 43324K->20388K(56320K), 0.0005240 secs] [Times: user=0.00 sys=0.00, real=0.00 secs] 
301.382: Total time for which application threads were stopped: 0.0006620 seconds, Stopping threads took: 0.0000670 seconds
301.510: Application time: 0.1282170 seconds
301.510: [GC [PSYoungGen: 23328K->256K(23552K)] 43428K->20492K(56320K), 0.0004270 secs] [Times: user=0.01 sys=0.00, real=0.00 secs] 
301.511: Total time for which application threads were stopped: 0.0005640 seconds, Stopping threads took: 0.0000620 seconds
301.639: Application time: 0.1276600 seconds
301.639: [GC [PSYoungGen: 23296K->256K(23552K)] 43532K->20540K(56320K), 0.0004280 secs] [Times: user=0.00 sys=0.00, real=0.00 secs] 
301.639: Total time for which application threads were stopped: 0.0005800 seconds, Stopping threads took: 0.0000680 seconds
301.767: Application time: 0.1273960 seconds
301.767: [GC [PSYoungGen: 23296K->224K(23552K)] 43580K->20580K(56320K), 0.0004600 secs] [Times: user=0.00 sys=0.00, real=0.00 secs] 
301.767: Total time for which application threads were stopped: 0.0006010 seconds, Stopping threads took: 0.0000680 seconds
301.896: Application time: 0.1285890 seconds
301.896: [GC [PSYoungGen: 23264K->256K(23552K)] 43620K->20684K(56320K), 0.0004030 secs] [Times: user=0.00 sys=0.00, real=0.00 secs] 
301.896: Total time for which application threads were stopped: 0.0005420 seconds, Stopping threads took: 0.0000680 seconds
302.022: Application time: 0.1254660 seconds
302.022: [GC [PSYoungGen: 23296K->352K(23552K)] 43724K->20780K(56320K), 0.0004640 secs] [Times: user=0.00 sys=0.00, real=0.00 secs] 
302.022: Total time for which application threads were stopped: 0.0005950 seconds, Stopping threads took: 0.0000620 seconds
302.150: Application time: 0.1271710 seconds
302.150: [GC [PSYoungGen: 23392K->256K(23552K)] 43820K->20941K(56320K), 0.0005000 secs] [Times: user=0.00 sys=0.00, real=0.00 secs] 
302.150: Total time for which application threads were stopped: 0.0006530 seconds, Stopping threads took: 0.0000640 seconds
302.278: Application time: 0.1275950 seconds
302.280: [GC [PSYoungGen: 23296K->256K(23552K)] 43981K->21069K(56320K), 0.0005590 secs] [Times: user=0.00 sys=0.00, real=0.00 secs] 
302.280: Total time for which application threads were stopped: 0.0023140 seconds, Stopping threads took: 0.0016820 seconds
302.408: Application time: 0.1274760 seconds
302.408: [GC [PSYoungGen: 23296K->256K(23552K)] 44109K->21149K(56320K), 0.0004440 secs] [Times: user=0.00 sys=0.00, real=0.00 secs] 
302.408: Total time for which application threads were stopped: 0.0006020 seconds, Stopping threads took: 0.0000870 seconds
302.536: Application time: 0.1279400 seconds
302.536: [GC [PSYoungGen: 23296K->256K(23552K)] 44189K->21269K(56320K), 0.0004440 secs] [Times: user=0.00 sys=0.00, real=0.00 secs] 
302.537: Total time for which application threads were stopped: 0.0005810 seconds, Stopping threads took: 0.0000660 seconds
302.666: Application time: 0.1291940 seconds
302.666: [GC [PSYoungGen: 23296K->256K(23552K)] 44309K->21317K(56320K), 0.0004830 secs] [Times: user=0.00 sys=0.00, real=0.00 secs] 
302.667: Total time for which application threads were stopped: 0.0006260 seconds, Stopping threads took: 0.0000570 seconds
302.792: Application time: 0.1252060 seconds
302.792: [GC [PSYoungGen: 23296K->368K(23552K)] 44357K->21453K(56320K), 0.0004870 secs] [Times: user=0.01 sys=0.00, real=0.00 secs] 
302.792: Total time for which application threads were stopped: 0.0006130 seconds, Stopping threads took: 0.0000510 seconds
302.928: Application time: 0.1355520 seconds
302.928: [GC [PSYoungGen: 23408K->304K(23552K)] 44493K->21657K(56320K), 0.0005280 secs] [Times: user=0.00 sys=0.00, real=0.00 secs] 
302.929: Total time for which application threads were stopped: 0.0006730 seconds, Stopping threads took: 0.0000700 seconds
303.069: Application time: 0.1404790 seconds
303.069: [GC [PSYoungGen: 23344K->272K(23552K)] 44697K->21749K(56320K), 0.0004570 secs] [Times: user=0.00 sys=0.00, real=0.00 secs] 
303.070: Total time for which application threads were stopped: 0.0005900 seconds, Stopping threads took: 0.0000620 seconds
303.210: Application time: 0.1406130 seconds
303.210: [GC [PSYoungGen: 23312K->256K(23552K)] 44789K->21797K(56320K), 0.0004770 secs] [Times: user=0.01 sys=0.00, real=0.00 secs] 
303.211: Total time for which application threads were stopped: 0.0006190 seconds, Stopping threads took: 0.0000540 seconds
303.352: Application time: 0.1409550 seconds
303.352: [GC [PSYoungGen: 23296K->256K(23552K)] 44837K->21917K(56320K), 0.0004710 secs] [Times: user=0.00 sys=0.00, real=0.00 secs] 
303.352: Total time for which application threads were stopped: 0.0006030 seconds, Stopping threads took: 0.0000580 seconds
303.493: Application time: 0.1408390 seconds
303.493: [GC [PSYoungGen: 23296K->224K(23552K)] 44957K->21933K(56320K), 0.0004690 secs] [Times: user=0.00 sys=0.00, real=0.00 secs] 
303.494: Total time for which application threads were stopped: 0.0006030 seconds, Stopping threads took: 0.0000610 seconds
303.631: Application time: 0.1373760 seconds
303.631: [GC [PSYoungGen: 23264K->352K(23552K)] 44973K->22085K(56320K), 0.0004970 secs] [Times: user=0.00 sys=0.00, real=0.00 secs] 
303.632: Total time for which application threads were stopped: 0.0006220 seconds, Stopping threads took: 0.0000510 seconds
303.772: Application time: 0.1399400 seconds
303.772: [GC [PSYoungGen: 23392K->272K(23552K)] 45125K->22254K(56320K), 0.0005220 secs] [Times: user=0.00 sys=0.00, real=0.00 secs] 
303.773: Total time for which application threads were stopped: 0.0006680 seconds, Stopping threads took: 0.0000620 seconds
303.913: Application time: 0.1405580 seconds
303.913: [GC [PSYoungGen: 23312K->256K(23552K)] 45294K->22362K(56320K), 0.0004660 secs] [Times: user=0.00 sys=0.00, real=0.00 secs] 
303.914: Total time for which application threads were stopped: 0.0006080 seconds, Stopping threads took: 0.0000670 seconds
304.054: Application time: 0.1407220 seconds
304.055: [GC [PSYoungGen: 23296K->256K(23552K)] 45402K->22426K(56320K), 0.0004210 secs] [Times: user=0.00 sys=0.00, real=0.00 secs] 
304.055: Total time for which application threads were stopped: 0.0005570 seconds, Stopping threads took: 0.0000660 seconds
304.197: Application time: 0.1416010 seconds
304.197: [GC [PSYoungGen: 23296K->256K(23552K)] 45466K->22522K(56320K), 0.0004590 secs] [Times: user=0.00 sys=0.00, real=0.00 secs] 
304.197: Total time for which application threads were stopped: 0.0005860 seconds, Stopping threads took: 0.0000540 seconds
304.338: Application time: 0.1409090 seconds
304.338: [GC [PSYoungGen: 23296K->224K(23552K)] 45562K->22562K(56320K), 0.0005030 secs] [Times: user=0.00 sys=0.00, real=0.01 secs] 
304.340: Total time for which application threads were stopped: 0.0016820 seconds, Stopping threads took: 0.0000740 seconds
304.478: Application time: 0.1386460 seconds
304.479: [GC [PSYoungGen: 23264K->320K(23552K)] 45602K->22682K(56320K), 0.0006370 secs] [Times: user=0.01 sys=0.00, real=0.00 secs] 
304.479: Total time for which application threads were stopped: 0.0007980 seconds, Stopping threads took: 0.0000850 seconds
304.618: Application time: 0.1391920 seconds
304.619: [GC [PSYoungGen: 23360K->320K(23552K)] 45722K->22890K(56320K), 0.0005250 secs] [Times: user=0.00 sys=0.00, real=0.00 secs] 
304.619: Total time for which application threads were stopped: 0.0006690 seconds, Stopping threads took: 0.0000700 seconds
304.760: Application time: 0.1404580 seconds
304.760: [GC [PSYoungGen: 23360K->256K(23552K)] 45930K->22994K(56320K), 0.0004920 secs] [Times: user=0.00 sys=0.00, real=0.00 secs] 
304.760: Total time for which application threads were stopped: 0.0006330 seconds, Stopping threads took: 0.0000640 seconds
304.901: Application time: 0.1411050 seconds
304.901: [GC [PSYoungGen: 23296K->224K(23552K)] 46034K->23034K(56320K), 0.0004930 secs] [Times: user=0.00 sys=0.00, real=0.00 secs] 
304.902: Total time for which application threads were stopped: 0.0006340 seconds, Stopping threads took: 0.0000530 seconds
305.043: Application time: 0.1409530 seconds
305.043: [GC [PSYoungGen: 23264K->256K(23552K)] 46074K->23162K(56320K), 0.0004420 secs] [Times: user=0.00 sys=0.00, real=0.00 secs] 
305.043: Total time for which application threads were stopped: 0.0005890 seconds, Stopping threads took: 0.0000730 seconds
305.184: Application time: 0.1409740 seconds
305.185: [GC [PSYoungGen: 23296K->256K(23552K)] 46202K->23234K(56320K), 0.0004770 secs] [Times: user=0.00 sys=0.00, real=0.00 secs] 
305.185: Total time for which application threads were stopped: 0.0006060 seconds, Stopping threads took: 0.0000550 seconds
305.323: Application time: 0.1383730 seconds
305.324: [GC [PSYoungGen: 23296K->336K(23552K)] 46274K->23338K(56320K), 0.0005140 secs] [Times: user=0.00 sys=0.00, real=0.00 secs] 
305.324: Total time for which application threads were stopped: 0.0006820 seconds, Stopping threads took: 0.0000810 seconds
305.464: Application time: 0.1395160 seconds
305.464: [GC [PSYoungGen: 23376K->304K(23552K)] 46378K->23531K(56320K), 0.0005160 secs] [Times: user=0.00 sys=0.00, real=0.00 secs] 
305.464: Total time for which application threads were stopped: 0.0006670 seconds, Stopping threads took: 0.0000650 seconds
305.605: Application time: 0.1410320 seconds
305.608: [GC [PSYoungGen: 23344K->272K(23552K)] 46571K->23675K(56320K), 0.0005050 secs] [Times: user=0.00 sys=0.00, real=0.00 secs] 
305.608: Total time for which application threads were stopped: 0.0027660 seconds, Stopping threads took: 0.0021870 seconds
305.748: Application time: 0.1398580 seconds
305.748: [GC [PSYoungGen: 23312K->256K(23552K)] 46715K->23731K(56320K), 0.0004560 secs] [Times: user=0.00 sys=0.00, real=0.00 secs] 
305.749: Total time for which application threads were stopped: 0.0005870 seconds, Stopping threads took: 0.0000560 seconds
305.889: Application time: 0.1406160 seconds
305.889: [GC [PSYoungGen: 23296K->256K(23552K)] 46771K->23827K(56320K), 0.0004600 secs] [Times: user=0.00 sys=0.00, real=0.00 secs] 
305.890: Total time for which application threads were stopped: 0.0005950 seconds, Stopping threads took: 0.0000610 seconds
306.031: Application time: 0.1410850 seconds
306.031: [GC [PSYoungGen: 23296K->256K(23552K)] 46867K->23899K(56320K), 0.0004360 secs] [Times: user=0.00 sys=0.00, real=0.00 secs] 
306.031: Total time for which application threads were stopped: 0.0005770 seconds, Stopping threads took: 0.0000530 seconds
306.170: Application time: 0.1388420 seconds
306.170: [GC [PSYoungGen: 23296K->304K(23552K)] 46939K->23971K(56320K), 0.0004660 secs] [Times: user=0.00 sys=0.00, real=0.00 secs] 
306.171: Total time for which application threads were stopped: 0.0005990 seconds, Stopping threads took: 0.0000580 seconds
306.310: Application time: 0.1388280 seconds
306.310: [GC [PSYoungGen: 23344K->272K(23552K)] 47011K->24155K(56320K), 0.0005010 secs] [Times: user=0.01 sys=0.00, real=0.00 secs] 
306.310: Total time for which application threads were stopped: 0.0006440 seconds, Stopping threads took: 0.0000690 seconds
306.450: Application time: 0.1396400 seconds
306.450: [GC [PSYoungGen: 23312K->256K(23552K)] 47195K->24311K(56320K), 0.0004930 secs] [Times: user=0.01 sys=0.00, real=0.00 secs] 
306.451: Total time for which application threads were stopped: 0.0006180 seconds, Stopping threads took: 0.0000510 seconds
306.591: Application time: 0.1406100 seconds
306.591: [GC [PSYoungGen: 23296K->256K(23552K)] 47351K->24375K(56320K), 0.0004680 secs] [Times: user=0.00 sys=0.00, real=0.00 secs] 
306.592: Total time for which application threads were stopped: 0.0006060 seconds, Stopping threads took: 0.0000560 seconds
306.734: Application time: 0.1422800 seconds
306.734: [GC [PSYoungGen: 23296K->256K(23552K)] 47415K->24471K(56320K), 0.0004860 secs] [Times: user=0.01 sys=0.00, real=0.00 secs] 
306.735: Total time for which application threads were stopped: 0.0006510 seconds, Stopping threads took: 0.0000910 seconds
306.871: Application time: 0.1366540 seconds
306.872: [GC [PSYoungGen: 23296K->256K(23552K)] 47511K->24543K(56320K), 0.0004300 secs] [Times: user=0.00 sys=0.00, real=0.00 secs] 
306.872: Total time for which application threads were stopped: 0.0005750 seconds, Stopping threads took: 0.0000750 seconds
306.998: Application time: 0.1263330 seconds
306.998: [GC [PSYoungGen: 23296K->256K(23552K)] 47583K->24567K(56320K), 0.0004360 secs] [Times: user=0.00 sys=0.00, real=0.00 secs] 
306.999: Total time for which application threads were stopped: 0.0005640 seconds, Stopping threads took: 0.0000560 seconds
307.126: Application time: 0.1267220 seconds
307.126: [GC [PSYoungGen: 23296K->272K(23552K)] 47607K->24744K(56320K), 0.0004750 secs] [Times: user=0.00 sys=0.00, real=0.00 secs] 
307.126: Total time for which application threads were stopped: 0.0006120 seconds, Stopping threads took: 0.0000520 seconds
307.253: Application time: 0.1268600 seconds
307.253: [GC [PSYoungGen: 23312K->272K(23552K)] 47784K->24932K(56320K), 0.0004880 secs] [Times: user=0.00 sys=0.00, real=0.00 secs] 
307.254: Total time for which application threads were stopped: 0.0006220 seconds, Stopping threads took: 0.0000640 seconds
307.382: Application time: 0.1281460 seconds
307.382: [GC [PSYoungGen: 23312K->256K(23552K)] 47972K->25036K(56320K), 0.0004510 secs] [Times: user=0.00 sys=0.00, real=0.00 secs] 
307.382: Total time for which application threads were stopped: 0.0005910 seconds, Stopping threads took: 0.0000690 seconds
307.510: Application time: 0.1279740 seconds
307.511: [GC [PSYoungGen: 23296K->256K(23552K)] 48076K->25084K(56320K), 0.0004270 secs] [Times: user=0.00 sys=0.00, real=0.00 secs] 
307.511: Total time for which application threads were stopped: 0.0005620 seconds, Stopping threads took: 0.0000620 seconds
307.639: Application time: 0.1277680 seconds
307.639: [GC [PSYoungGen: 23296K->256K(23552K)] 48124K->25180K(56320K), 0.0004450 secs] [Times: user=0.01 sys=0.00, real=0.00 secs] 
307.639: Total time for which application threads were stopped: 0.0005880 seconds, Stopping threads took: 0.0000600 seconds
307.767: Application time: 0.1274830 seconds
307.767: [GC [PSYoungGen: 23296K->256K(23552K)] 48220K->25228K(56320K), 0.0004220 secs] [Times: user=0.00 sys=0.00, real=0.00 secs] 
307.767: Total time for which application threads were stopped: 0.0005430 seconds, Stopping threads took: 0.0000510 seconds
307.892: Application time: 0.1246000 seconds
307.892: [GC [PSYoungGen: 23296K->368K(23552K)] 48268K->25340K(56320K), 0.0005060 secs] [Times: user=0.00 sys=0.00, real=0.00 secs] 
307.893: Total time for which application threads were stopped: 0.0006380 seconds, Stopping threads took: 0.0000580 seconds
308.021: Application time: 0.1279990 seconds
308.021: [GC [PSYoungGen: 23408K->256K(23552K)] 48380K->25520K(56320K), 0.0005100 secs] [Times: user=0.01 sys=0.00, real=0.00 secs] 
308.021: Total time for which application threads were stopped: 0.0006370 seconds, Stopping threads took: 0.0000560 seconds
308.149: Application time: 0.1275290 seconds
308.149: [GC [PSYoungGen: 23296K->272K(23552K)] 48560K->25624K(56320K), 0.0004540 secs] [Times: user=0.00 sys=0.00, real=0.00 secs] 
308.149: Total time for which application threads were stopped: 0.0006050 seconds, Stopping threads took: 0.0000680 seconds
308.277: Application time: 0.1274260 seconds
308.277: [GC [PSYoungGen: 23312K->256K(23552K)] 48664K->25672K(56320K), 0.0004530 secs] [Times: user=0.00 sys=0.00, real=0.00 secs] 
308.277: Total time for which application threads were stopped: 0.0005970 seconds, Stopping threads took: 0.0000690 seconds
308.405: Application time: 0.1276630 seconds
308.405: [GC [PSYoungGen: 23296K->256K(23552K)] 48712K->25792K(56320K), 0.0004520 secs] [Times: user=0.00 sys=0.00, real=0.00 secs] 
308.406: Total time for which application threads were stopped: 0.0005810 seconds, Stopping threads took: 0.0000550 seconds
308.534: Application time: 0.1282400 seconds
308.534: [GC [PSYoungGen: 23296K->256K(23552K)] 48832K->25840K(56320K), 0.0004240 secs] [Times: user=0.00 sys=0.00, real=0.00 secs] 
308.534: Total time for which application threads were stopped: 0.0005500 seconds, Stopping threads took: 0.0000530 seconds
308.660: Application time: 0.1251890 seconds
308.660: [GC [PSYoungGen: 23296K->336K(23552K)] 48880K->25944K(56320K), 0.0004860 secs] [Times: user=0.00 sys=0.00, real=0.00 secs] 
308.660: Total time for which application threads were stopped: 0.0006310 seconds, Stopping threads took: 0.0000630 seconds
308.787: Application time: 0.1263460 seconds
308.787: [GC [PSYoungGen: 23376K->256K(23552K)] 48984K->26121K(56320K), 0.0005070 secs] [Times: user=0.01 sys=0.00, real=0.00 secs] 
308.787: Total time for which application threads were stopped: 0.0006500 seconds, Stopping threads took: 0.0000690 seconds
308.915: Application time: 0.1279440 seconds
308.915: [GC [PSYoungGen: 23296K->256K(23552K)] 49161K->26233K(56320K), 0.0004580 secs] [Times: user=0.00 sys=0.00, real=0.00 secs] 
308.916: Total time for which application threads were stopped: 0.0006090 seconds, Stopping threads took: 0.0000710 seconds
309.044: Application time: 0.1281010 seconds
309.044: [GC [PSYoungGen: 23296K->224K(23552K)] 49273K->26273K(56320K), 0.0004530 secs] [Times: user=0.01 sys=0.00, real=0.00 secs] 
309.045: Total time for which application threads were stopped: 0.0005780 seconds, Stopping threads took: 0.0000590 seconds
309.172: Application time: 0.1279570 seconds
309.173: [GC [PSYoungGen: 23264K->256K(23552K)] 49313K->26425K(56320K), 0.0004570 secs] [Times: user=0.00 sys=0.00, real=0.00 secs] 
309.173: Total time for which application threads were stopped: 0.0005990 seconds, Stopping threads took: 0.0000560 seconds
309.301: Application time: 0.1278030 seconds
309.301: [GC [PSYoungGen: 23296K->256K(23552K)] 49465K->26473K(56320K), 0.0004360 secs] [Times: user=0.00 sys=0.00, real=0.00 secs] 
309.301: Total time for which application threads were stopped: 0.0005630 seconds, Stopping threads took: 0.0000570 seconds
309.427: Application time: 0.1258540 seconds
309.427: [GC [PSYoungGen: 23296K->320K(23552K)] 49513K->26561K(56320K), 0.0005050 secs] [Times: user=0.00 sys=0.00, real=0.01 secs] 
309.429: Total time for which application threads were stopped: 0.0016680 seconds, Stopping threads took: 0.0000500 seconds
309.556: Application time: 0.1272020 seconds
309.556: [GC [PSYoungGen: 23360K->272K(23552K)] 49601K->26769K(56320K), 0.0005440 secs] [Times: user=0.01 sys=0.00, real=0.00 secs] 
309.557: Total time for which application threads were stopped: 0.0006760 seconds, Stopping threads took: 0.0000570 seconds
309.684: Application time: 0.1272070 seconds
309.684: [GC [PSYoungGen: 23312K->256K(23552K)] 49809K->26865K(56320K), 0.0004760 secs] [Times: user=0.01 sys=0.00, real=0.00 secs] 
309.685: Total time for which application threads were stopped: 0.0006180 seconds, Stopping threads took: 0.0000540 seconds
309.813: Application time: 0.1278390 seconds
309.813: [GC [PSYoungGen: 23296K->256K(23552K)] 49905K->26945K(56320K), 0.0004520 secs] [Times: user=0.00 sys=0.00, real=0.00 secs] 
309.813: Total time for which application threads were stopped: 0.0005870 seconds, Stopping threads took: 0.0000610 seconds
309.941: Application time: 0.1282110 seconds
309.941: [GC [PSYoungGen: 23296K->256K(23552K)] 49985K->27065K(56320K), 0.0004560 secs] [Times: user=0.00 sys=0.00, real=0.00 secs] 
309.942: Total time for which application threads were stopped: 0.0005910 seconds, Stopping threads took: 0.0000620 seconds
310.070: Application time: 0.1285040 seconds
310.071: [GC [PSYoungGen: 23296K->256K(23552K)] 50105K->27113K(56320K), 0.0004410 secs] [Times: user=0.00 sys=0.00, real=0.00 secs] 
310.071: Total time for which application threads were stopped: 0.0005700 seconds, Stopping threads took: 0.0000590 seconds
310.197: Application time: 0.1259410 seconds
310.197: [GC [PSYoungGen: 23296K->288K(23552K)] 50153K->27169K(56320K), 0.0004900 secs] [Times: user=0.00 sys=0.00, real=0.00 secs] 
310.198: Total time for which application threads were stopped: 0.0006210 seconds, Stopping threads took: 0.0000480 seconds
310.324: Application time: 0.1268470 seconds
310.325: [GC [PSYoungGen: 23328K->304K(23552K)] 50209K->27394K(56320K), 0.0005260 secs] [Times: user=0.00 sys=0.00, real=0.00 secs] 
310.325: Total time for which application threads were stopped: 0.0006590 seconds, Stopping threads took: 0.0000590 seconds
310.453: Application time: 0.1274510 seconds
310.453: [GC [PSYoungGen: 23344K->272K(23552K)] 50434K->27526K(56320K), 0.0004860 secs] [Times: user=0.00 sys=0.00, real=0.00 secs] 
310.453: Total time for which application threads were stopped: 0.0006230 seconds, Stopping threads took: 0.0000640 seconds
310.581: Application time: 0.1278780 seconds
310.581: [GC [PSYoungGen: 23312K->256K(23552K)] 50566K->27582K(56320K), 0.0004590 secs] [Times: user=0.00 sys=0.00, real=0.00 secs] 
310.582: Total time for which application threads were stopped: 0.0005840 seconds, Stopping threads took: 0.0000510 seconds
310.710: Application time: 0.1279320 seconds
310.710: [GC [PSYoungGen: 23296K->256K(23552K)] 50622K->27678K(56320K), 0.0004550 secs] [Times: user=0.00 sys=0.00, real=0.00 secs] 
310.710: Total time for which application threads were stopped: 0.0006040 seconds, Stopping threads took: 0.0000670 seconds
310.838: Application time: 0.1279880 seconds
310.838: [GC [PSYoungGen: 23296K->256K(23552K)] 50718K->27750K(56320K), 0.0005080 secs] [Times: user=0.00 sys=0.00, real=0.00 secs] 
310.839: Total time for which application threads were stopped: 0.0006400 seconds, Stopping threads took: 0.0000620 seconds
310.964: Application time: 0.1254320 seconds
310.964: [GC [PSYoungGen: 23296K->304K(23552K)] 50790K->27822K(56320K), 0.0004700 secs] [Times: user=0.01 sys=0.00, real=0.00 secs] 
310.965: Total time for which application threads were stopped: 0.0006050 seconds, Stopping threads took: 0.0000550 seconds
311.091: Application time: 0.1264940 seconds
311.091: [GC [PSYoungGen: 23344K->272K(23552K)] 50862K->27990K(56320K), 0.0005240 secs] [Times: user=0.00 sys=0.00, real=0.00 secs] 
311.092: Total time for which application threads were stopped: 0.0006840 seconds, Stopping threads took: 0.0000840 seconds
311.220: Application time: 0.1275380 seconds
311.220: [GC [PSYoungGen: 23312K->256K(23552K)] 51030K->28142K(56320K), 0.0004940 secs] [Times: user=0.00 sys=0.00, real=0.00 secs] 
311.220: Total time for which application threads were stopped: 0.0006380 seconds, Stopping threads took: 0.0000630 seconds
311.347: Application time: 0.1270730 seconds
311.347: [GC [PSYoungGen: 23296K->256K(23552K)] 51182K->28206K(56320K), 0.0004640 secs] [Times: user=0.00 sys=0.00, real=0.01 secs] 
311.348: Total time for which application threads were stopped: 0.0005900 seconds, Stopping threads took: 0.0000530 seconds
311.476: Application time: 0.1283810 seconds
311.476: [GC [PSYoungGen: 23296K->224K(23552K)] 51246K->28270K(56320K), 0.0005120 secs] [Times: user=0.01 sys=0.00, real=0.00 secs] 
311.477: Total time for which application threads were stopped: 0.0006390 seconds, Stopping threads took: 0.0000540 seconds
311.605: Application time: 0.1281460 seconds
311.605: [GC [PSYoungGen: 23264K->224K(23552K)] 51310K->28342K(56320K), 0.0004440 secs] [Times: user=0.00 sys=0.00, real=0.00 secs] 
311.606: Total time for which application threads were stopped: 0.0005870 seconds, Stopping threads took: 0.0000710 seconds
311.732: Application time: 0.1260160 seconds
311.732: [GC [PSYoungGen: 23264K->320K(23552K)] 51382K->28462K(56320K), 0.0004650 secs] [Times: user=0.00 sys=0.00, real=0.00 secs] 
311.732: Total time for which application threads were stopped: 0.0006020 seconds, Stopping threads took: 0.0000570 seconds
311.858: Application time: 0.1257980 seconds
311.858: [GC [PSYoungGen: 23360K->272K(23552K)] 51502K->28615K(56320K), 0.0005040 secs] [Times: user=0.00 sys=0.00, real=0.00 secs] 
311.859: Total time for which application threads were stopped: 0.0006370 seconds, Stopping threads took: 0.0000600 seconds
311.986: Application time: 0.1273390 seconds
311.986: [GC [PSYoungGen: 23312K->256K(23552K)] 51655K->28783K(56320K), 0.0004690 secs] [Times: user=0.00 sys=0.00, real=0.00 secs] 
311.987: Total time for which application threads were stopped: 0.0006060 seconds, Stopping threads took: 0.0000660 seconds
312.115: Application time: 0.1281070 seconds
312.115: [GC [PSYoungGen: 23296K->256K(23552K)] 51823K->28863K(56320K), 0.0004390 secs] [Times: user=0.01 sys=0.00, real=0.00 secs] 
312.115: Total time for which application threads were stopped: 0.0005880 seconds, Stopping threads took: 0.0000740 seconds
312.243: Application time: 0.1273060 seconds
312.243: [GC [PSYoungGen: 23296K->256K(23552K)] 51903K->28935K(56320K), 0.0004330 secs] [Times: user=0.01 sys=0.00, real=0.00 secs] 
312.243: Total time for which application threads were stopped: 0.0005670 seconds, Stopping threads took: 0.0000510 seconds
312.372: Application time: 0.1284140 seconds
312.372: [GC [PSYoungGen: 23296K->256K(23552K)] 51975K->29031K(56320K), 0.0004530 secs] [Times: user=0.00 sys=0.00, real=0.00 secs] 
312.372: Total time for which application threads were stopped: 0.0005990 seconds, Stopping threads took: 0.0000650 seconds
312.499: Application time: 0.1263990 seconds
312.499: [GC [PSYoungGen: 23296K->304K(23552K)] 52071K->29079K(56320K), 0.0004470 secs] [Times: user=0.01 sys=0.00, real=0.00 secs] 
312.499: Total time for which application threads were stopped: 0.0005730 seconds, Stopping threads took: 0.0000550 seconds
312.625: Application time: 0.1255940 seconds
312.625: [GC [PSYoungGen: 23344K->288K(23552K)] 52119K->29247K(56320K), 0.0005040 secs] [Times: user=0.00 sys=0.00, real=0.00 secs] 
312.625: Total time for which application threads were stopped: 0.0006260 seconds, Stopping threads took: 0.0000510 seconds
312.753: Application time: 0.1279060 seconds
312.756: [GC [PSYoungGen: 23328K->256K(23552K)] 52287K->29407K(56320K), 0.0004730 secs] [Times: user=0.00 sys=0.00, real=0.00 secs] 
312.756: Total time for which application threads were stopped: 0.0027370 seconds, Stopping threads took: 0.0021810 seconds
312.884: Application time: 0.1278690 seconds
312.884: [GC [PSYoungGen: 23295K->256K(23552K)] 52447K->29447K(56320K), 0.0004690 secs] [Times: user=0.00 sys=0.00, real=0.00 secs] 
312.885: Total time for which application threads were stopped: 0.0006390 seconds, Stopping threads took: 0.0000950 seconds
313.012: Application time: 0.1276340 seconds
313.012: [GC [PSYoungGen: 23296K->256K(23552K)] 52487K->29575K(56320K), 0.0005000 secs] [Times: user=0.00 sys=0.00, real=0.00 secs] 
313.013: Total time for which application threads were stopped: 0.0006230 seconds, Stopping threads took: 0.0000530 seconds
313.141: Application time: 0.1285640 seconds
313.141: [GC [PSYoungGen: 23296K->256K(23552K)] 52615K->29647K(56320K), 0.0004660 secs] [Times: user=0.00 sys=0.00, real=0.00 secs] 
313.142: Total time for which application threads were stopped: 0.0005980 seconds, Stopping threads took: 0.0000570 seconds
313.269: Application time: 0.1270550 seconds
313.269: [GC [PSYoungGen: 23296K->256K(23552K)] 52687K->29671K(56320K), 0.0004150 secs] [Times: user=0.00 sys=0.00, real=0.00 secs] 
313.270: Total time for which application threads were stopped: 0.0005550 seconds, Stopping threads took: 0.0000580 seconds
313.395: Application time: 0.1252050 seconds
313.395: [GC [PSYoungGen: 23296K->400K(23552K)] 52711K->29888K(56320K), 0.0004980 secs] [Times: user=0.00 sys=0.00, real=0.00 secs] 
313.395: Total time for which application threads were stopped: 0.0006430 seconds, Stopping threads took: 0.0000660 seconds
313.523: Application time: 0.1275650 seconds
313.523: [GC [PSYoungGen: 23440K->256K(23552K)] 52928K->30020K(56320K), 0.0005280 secs] [Times: user=0.00 sys=0.00, real=0.00 secs] 
313.524: Total time for which application threads were stopped: 0.0006570 seconds, Stopping threads took: 0.0000550 seconds
313.650: Application time: 0.1265030 seconds
313.650: [GC [PSYoungGen: 23296K->256K(23552K)] 53060K->30100K(56320K), 0.0004570 secs] [Times: user=0.00 sys=0.00, real=0.00 secs] 
313.651: Total time for which application threads were stopped: 0.0005920 seconds, Stopping threads took: 0.0000630 seconds
313.779: Application time: 0.1279500 seconds
313.779: [GC [PSYoungGen: 23296K->160K(23552K)] 53140K->30068K(56320K), 0.0004890 secs] [Times: user=0.00 sys=0.00, real=0.00 secs] 
313.779: Total time for which application threads were stopped: 0.0006220 seconds, Stopping threads took: 0.0000540 seconds
313.908: Application time: 0.1282310 seconds
313.908: [GC [PSYoungGen: 23200K->256K(23552K)] 53108K->30284K(56320K), 0.0004650 secs] [Times: user=0.00 sys=0.00, real=0.00 secs] 
313.908: Total time for which application threads were stopped: 0.0006040 seconds, Stopping threads took: 0.0000670 seconds
314.037: Application time: 0.1290770 seconds
314.037: [GC [PSYoungGen: 23296K->256K(23552K)] 53324K->30332K(56320K), 0.0004060 secs] [Times: user=0.00 sys=0.00, real=0.00 secs] 
314.038: Total time for which application threads were stopped: 0.0005280 seconds, Stopping threads took: 0.0000580 seconds
314.163: Application time: 0.1253360 seconds
314.168: [GC [PSYoungGen: 23296K->336K(23552K)] 53372K->30436K(56320K), 0.0005390 secs] [Times: user=0.00 sys=0.00, real=0.00 secs] 
314.168: Total time for which application threads were stopped: 0.0049560 seconds, Stopping threads took: 0.0043450 seconds
314.295: Application time: 0.1266260 seconds
314.295: [GC [PSYoungGen: 23376K->272K(23552K)] 53476K->30640K(56320K), 0.0005310 secs] [Times: user=0.00 sys=0.00, real=0.00 secs] 
314.295: Total time for which application threads were stopped: 0.0006650 seconds, Stopping threads took: 0.0000520 seconds
314.423: Application time: 0.1277820 seconds
314.423: [GC [PSYoungGen: 23312K->224K(23552K)] 53680K->30704K(56320K), 0.0005490 secs] [Times: user=0.00 sys=0.00, real=0.00 secs] 
314.424: Total time for which application threads were stopped: 0.0006900 seconds, Stopping threads took: 0.0000680 seconds
314.552: Application time: 0.1276850 seconds
314.552: [GC [PSYoungGen: 23264K->224K(23552K)] 53744K->30776K(56320K), 0.0004730 secs] [Times: user=0.00 sys=0.00, real=0.00 secs] 
314.553: Total time for which application threads were stopped: 0.0017410 seconds, Stopping threads took: 0.0000680 seconds
314.681: Application time: 0.1279950 seconds
314.681: [GC [PSYoungGen: 23264K->256K(23552K)] 53816K->30928K(56320K), 0.0004960 secs] [Times: user=0.00 sys=0.00, real=0.00 secs] 
314.682: Total time for which application threads were stopped: 0.0006660 seconds, Stopping threads took: 0.0000960 seconds
314.810: Application time: 0.1280140 seconds
314.810: [GC [PSYoungGen: 23296K->256K(23552K)] 53968K->30976K(56320K), 0.0004300 secs] [Times: user=0.00 sys=0.00, real=0.00 secs] 
314.811: Total time for which application threads were stopped: 0.0005680 seconds, Stopping threads took: 0.0000570 seconds
314.936: Application time: 0.1259220 seconds
314.937: [GC [PSYoungGen: 23296K->320K(23552K)] 54016K->31064K(56320K), 0.0005140 secs] [Times: user=0.00 sys=0.00, real=0.00 secs] 
314.937: Total time for which application threads were stopped: 0.0006390 seconds, Stopping threads took: 0.0000570 seconds
315.065: Application time: 0.1276710 seconds
315.065: [GC [PSYoungGen: 23360K->272K(23552K)] 54104K->31277K(56320K), 0.0005200 secs] [Times: user=0.00 sys=0.00, real=0.00 secs] 
315.065: Total time for which application threads were stopped: 0.0006420 seconds, Stopping threads took: 0.0000520 seconds
315.192: Application time: 0.1269590 seconds
315.192: [GC [PSYoungGen: 23312K->272K(23552K)] 54317K->31405K(56320K), 0.0004520 secs] [Times: user=0.01 sys=0.00, real=0.00 secs] 
315.193: Total time for which application threads were stopped: 0.0005960 seconds, Stopping threads took: 0.0000730 seconds
315.321: Application time: 0.1277860 seconds
315.321: [GC [PSYoungGen: 23312K->256K(23552K)] 54445K->31453K(56320K), 0.0004490 secs] [Times: user=0.00 sys=0.00, real=0.00 secs] 
315.321: Total time for which application threads were stopped: 0.0005970 seconds, Stopping threads took: 0.0000660 seconds
315.450: Application time: 0.1282830 seconds
315.450: [GC [PSYoungGen: 23296K->224K(23552K)] 54493K->31541K(56320K), 0.0004960 secs] [Times: user=0.00 sys=0.00, real=0.00 secs] 
315.450: Total time for which application threads were stopped: 0.0006350 seconds, Stopping threads took: 0.0000680 seconds
315.578: Application time: 0.1279730 seconds
315.578: [GC [PSYoungGen: 23264K->256K(23552K)] 54581K->31621K(56320K), 0.0004370 secs] [Times: user=0.00 sys=0.00, real=0.00 secs] 
315.579: Total time for which application threads were stopped: 0.0005820 seconds, Stopping threads took: 0.0000710 seconds
315.705: Application time: 0.1263450 seconds
315.705: [GC [PSYoungGen: 23296K->288K(23552K)] 54661K->31677K(56320K), 0.0005280 secs] [Times: user=0.00 sys=0.00, real=0.00 secs] 
315.706: Total time for which application threads were stopped: 0.0006580 seconds, Stopping threads took: 0.0000560 seconds
315.832: Application time: 0.1261030 seconds
315.832: [GC [PSYoungGen: 23328K->288K(23552K)] 54717K->31897K(56320K), 0.0005510 secs] [Times: user=0.00 sys=0.00, real=0.00 secs] 
315.833: Total time for which application threads were stopped: 0.0006850 seconds, Stopping threads took: 0.0000530 seconds
315.960: Application time: 0.1277950 seconds
315.961: [GC [PSYoungGen: 23328K->192K(23552K)] 54937K->31953K(56320K), 0.0005790 secs] [Times: user=0.00 sys=0.00, real=0.00 secs] 
315.961: Total time for which application threads were stopped: 0.0007010 seconds, Stopping threads took: 0.0000520 seconds
316.089: Application time: 0.1277440 seconds
316.089: [GC [PSYoungGen: 23232K->256K(23552K)] 54993K->32081K(56320K), 0.0004540 secs] [Times: user=0.00 sys=0.00, real=0.00 secs] 
316.089: Total time for which application threads were stopped: 0.0005850 seconds, Stopping threads took: 0.0000590 seconds
316.218: Application time: 0.1281940 seconds
316.218: [GC [PSYoungGen: 23296K->256K(23552K)] 55121K->32177K(56320K), 0.0004590 secs] [Times: user=0.00 sys=0.00, real=0.00 secs] 
316.218: Total time for which application threads were stopped: 0.0005850 seconds, Stopping threads took: 0.0000520 seconds
316.346: Application time: 0.1279450 seconds
316.346: [GC [PSYoungGen: 23296K->256K(23552K)] 55217K->32250K(56320K), 0.0004390 secs] [Times: user=0.00 sys=0.00, real=0.00 secs] 
316.347: Total time for which application threads were stopped: 0.0005850 seconds, Stopping threads took: 0.0000590 seconds
316.473: Application time: 0.1265130 seconds
316.473: [GC [PSYoungGen: 23296K->304K(23552K)] 55290K->32322K(56320K), 0.0004840 secs] [Times: user=0.00 sys=0.00, real=0.00 secs] 
316.474: Total time for which application threads were stopped: 0.0006240 seconds, Stopping threads took: 0.0000680 seconds
316.600: Application time: 0.1263850 seconds
316.600: [GC [PSYoungGen: 23344K->288K(23552K)] 55362K->32522K(56320K), 0.0005250 secs] [Times: user=0.00 sys=0.00, real=0.00 secs] 
316.601: Total time for which application threads were stopped: 0.0006630 seconds, Stopping threads took: 0.0000670 seconds
316.729: Application time: 0.1280660 seconds
316.729: [GC [PSYoungGen: 23328K->256K(23552K)] 55562K->32658K(56320K), 0.0004910 secs] [Times: user=0.00 sys=0.00, real=0.00 secs] 
316.730: Total time for which application threads were stopped: 0.0006320 seconds, Stopping threads took: 0.0000710 seconds
316.858: Application time: 0.1279310 seconds
316.858: [GC [PSYoungGen: 23296K->256K(23552K)] 55698K->32730K(56320K), 0.0004660 secs] [Times: user=0.00 sys=0.00, real=0.00 secs] 
316.858: Total time for which application threads were stopped: 0.0006170 seconds, Stopping threads took: 0.0000680 seconds
316.986: Application time: 0.1277940 seconds
316.986: [GC [PSYoungGen: 23296K->208K(23552K)] 55770K->32770K(56320K), 0.0004850 secs] [Times: user=0.00 sys=0.00, real=0.00 secs] 
316.987: [Full GC [PSYoungGen: 208K->0K(23552K)] [ParOldGen: 32562K->3091K(32256K)] 32770K->3091K(55808K) [PSPermGen: 6082K->6082K(21504K)], 0.0060940 secs] [Times: user=0.02 sys=0.00, real=0.01 secs] 
316.993: Total time for which application threads were stopped: 0.0067620 seconds, Stopping threads took: 0.0000610 seconds
317.122: Application time: 0.1290980 seconds
317.122: [GC [PSYoungGen: 23040K->256K(23040K)] 26131K->3347K(55296K), 0.0003840 secs] [Times: user=0.00 sys=0.00, real=0.00 secs] 
317.122: Total time for which application threads were stopped: 0.0005170 seconds, Stopping threads took: 0.0000570 seconds
317.246: Application time: 0.1231540 seconds
317.246: [GC [PSYoungGen: 22784K->336K(23040K)] 25875K->3459K(55296K), 0.0004210 secs] [Times: user=0.00 sys=0.00, real=0.00 secs] 
317.246: Total time for which application threads were stopped: 0.0005430 seconds, Stopping threads took: 0.0000510 seconds
317.370: Application time: 0.1239130 seconds
317.370: [GC [PSYoungGen: 22864K->304K(23040K)] 25987K->3643K(55296K), 0.0004520 secs] [Times: user=0.00 sys=0.00, real=0.00 secs] 
317.371: Total time for which application threads were stopped: 0.0006030 seconds, Stopping threads took: 0.0000680 seconds
317.496: Application time: 0.1254010 seconds
317.496: [GC [PSYoungGen: 22832K->256K(23040K)] 26171K->3771K(55296K), 0.0004190 secs] [Times: user=0.01 sys=0.00, real=0.00 secs] 
317.497: Total time for which application threads were stopped: 0.0005570 seconds, Stopping threads took: 0.0000530 seconds
317.621: Application time: 0.1243850 seconds
317.621: [GC [PSYoungGen: 22784K->224K(23040K)] 26299K->3739K(55296K), 0.0004180 secs] [Times: user=0.00 sys=0.00, real=0.00 secs] 
317.622: Total time for which application threads were stopped: 0.0005580 seconds, Stopping threads took: 0.0000680 seconds
317.747: Application time: 0.1250880 seconds
317.747: [GC [PSYoungGen: 22752K->256K(23040K)] 26267K->3907K(55296K), 0.0004140 secs] [Times: user=0.00 sys=0.00, real=0.00 secs] 
317.747: Total time for which application threads were stopped: 0.0005480 seconds, Stopping threads took: 0.0000590 seconds
317.873: Application time: 0.1259930 seconds
317.873: [GC [PSYoungGen: 22784K->256K(23040K)] 26435K->3979K(55296K), 0.0003890 secs] [Times: user=0.00 sys=0.00, real=0.00 secs] 
317.874: Total time for which application threads were stopped: 0.0005390 seconds, Stopping threads took: 0.0000690 seconds
317.999: Application time: 0.1248520 seconds
317.999: [GC [PSYoungGen: 22784K->256K(23040K)] 26507K->4003K(55296K), 0.0004040 secs] [Times: user=0.00 sys=0.00, real=0.00 secs] 
317.999: Total time for which application threads were stopped: 0.0005260 seconds, Stopping threads took: 0.0000500 seconds
318.122: Application time: 0.1226090 seconds
318.122: [GC [PSYoungGen: 22784K->384K(23040K)] 26531K->4220K(55296K), 0.0004570 secs] [Times: user=0.00 sys=0.00, real=0.00 secs] 
318.122: Total time for which application threads were stopped: 0.0005910 seconds, Stopping threads took: 0.0000620 seconds
318.247: Application time: 0.1246590 seconds
318.247: [GC [PSYoungGen: 22912K->256K(23040K)] 26748K->4340K(55296K), 0.0004780 secs] [Times: user=0.00 sys=0.00, real=0.01 secs] 
318.248: Total time for which application threads were stopped: 0.0006320 seconds, Stopping threads took: 0.0000800 seconds
318.372: Application time: 0.1241230 seconds
318.372: [GC [PSYoungGen: 22784K->256K(23040K)] 26868K->4404K(55296K), 0.0004890 secs] [Times: user=0.00 sys=0.00, real=0.00 secs] 
318.372: Total time for which application threads were stopped: 0.0006160 seconds, Stopping threads took: 0.0000540 seconds
318.497: Application time: 0.1249180 seconds
318.497: [GC [PSYoungGen: 22784K->256K(23040K)] 26932K->4484K(55296K), 0.0004300 secs] [Times: user=0.00 sys=0.00, real=0.00 secs] 
318.498: Total time for which application threads were stopped: 0.0005610 seconds, Stopping threads took: 0.0000520 seconds
318.623: Application time: 0.1248890 seconds
318.623: [GC [PSYoungGen: 22784K->224K(23040K)] 27012K->4572K(55296K), 0.0004260 secs] [Times: user=0.00 sys=0.00, real=0.00 secs] 
318.623: Total time for which application threads were stopped: 0.0005530 seconds, Stopping threads took: 0.0000540 seconds
318.749: Application time: 0.1254270 seconds
318.749: [GC [PSYoungGen: 22752K->256K(23040K)] 27100K->4652K(55296K), 0.0003900 secs] [Times: user=0.00 sys=0.00, real=0.00 secs] 
318.749: Total time for which application threads were stopped: 0.0005290 seconds, Stopping threads took: 0.0000680 seconds
318.872: Application time: 0.1225330 seconds
318.872: [GC [PSYoungGen: 22784K->400K(23040K)] 27180K->4820K(55296K), 0.0004370 secs] [Times: user=0.00 sys=0.00, real=0.00 secs] 
318.872: Total time for which application threads were stopped: 0.0005770 seconds, Stopping threads took: 0.0000690 seconds
318.996: Application time: 0.1239160 seconds
318.996: [GC [PSYoungGen: 22928K->272K(23040K)] 27348K->4956K(55296K), 0.0005220 secs] [Times: user=0.00 sys=0.00, real=0.00 secs] 
318.997: Total time for which application threads were stopped: 0.0006640 seconds, Stopping threads took: 0.0000710 seconds
319.122: Application time: 0.1248480 seconds
319.122: [GC [PSYoungGen: 22800K->288K(23040K)] 27484K->5108K(55296K), 0.0004220 secs] [Times: user=0.00 sys=0.00, real=0.00 secs] 
319.122: Total time for which application threads were stopped: 0.0005560 seconds, Stopping threads took: 0.0000530 seconds
319.247: Application time: 0.1251500 seconds
319.248: [GC [PSYoungGen: 22816K->256K(23040K)] 27636K->5140K(55296K), 0.0004090 secs] [Times: user=0.00 sys=0.00, real=0.00 secs] 
319.248: Total time for which application threads were stopped: 0.0005340 seconds, Stopping threads took: 0.0000540 seconds
319.374: Application time: 0.1258330 seconds
319.374: [GC [PSYoungGen: 22784K->256K(23040K)] 27668K->5236K(55296K), 0.0004200 secs] [Times: user=0.00 sys=0.00, real=0.00 secs] 
319.374: Total time for which application threads were stopped: 0.0005450 seconds, Stopping threads took: 0.0000490 seconds
319.500: Application time: 0.1255030 seconds
319.500: [GC [PSYoungGen: 22784K->256K(23040K)] 27764K->5308K(55296K), 0.0003870 secs] [Times: user=0.01 sys=0.00, real=0.00 secs] 
319.500: Total time for which application threads were stopped: 0.0005180 seconds, Stopping threads took: 0.0000600 seconds
319.623: Application time: 0.1229960 seconds
319.624: [GC [PSYoungGen: 22784K->288K(23040K)] 27836K->5365K(55296K), 0.0004770 secs] [Times: user=0.00 sys=0.00, real=0.00 secs] 
319.625: Total time for which application threads were stopped: 0.0017070 seconds, Stopping threads took: 0.0000680 seconds
319.749: Application time: 0.1235900 seconds
319.749: [GC [PSYoungGen: 22816K->304K(23040K)] 27893K->5601K(55296K), 0.0004970 secs] [Times: user=0.00 sys=0.00, real=0.00 secs] 
319.749: Total time for which application threads were stopped: 0.0006880 seconds, Stopping threads took: 0.0001190 seconds
319.874: Application time: 0.1250350 seconds
319.875: [GC [PSYoungGen: 22832K->256K(23040K)] 28129K->5721K(55296K), 0.0004160 secs] [Times: user=0.00 sys=0.00, real=0.00 secs] 
319.875: Total time for which application threads were stopped: 0.0005560 seconds, Stopping threads took: 0.0000640 seconds
319.999: Application time: 0.1243930 seconds
319.999: [GC [PSYoungGen: 22784K->272K(23040K)] 28249K->5737K(55296K), 0.0004000 secs] [Times: user=0.00 sys=0.00, real=0.00 secs] 
320.000: Total time for which application threads were stopped: 0.0005250 seconds, Stopping threads took: 0.0000540 seconds
320.125: Application time: 0.1249530 seconds
320.125: [GC [PSYoungGen: 22800K->224K(23040K)] 28265K->5833K(55296K), 0.0004400 secs] [Times: user=0.00 sys=0.00, real=0.00 secs] 
320.125: Total time for which application threads were stopped: 0.0005770 seconds, Stopping threads took: 0.0000540 seconds
320.251: Application time: 0.1259970 seconds
320.252: [GC [PSYoungGen: 22752K->256K(23040K)] 28361K->5937K(55296K), 0.0004180 secs] [Times: user=0.00 sys=0.00, real=0.00 secs] 
320.252: Total time for which application threads were stopped: 0.0005510 seconds, Stopping threads took: 0.0000640 seconds
320.375: Application time: 0.1231910 seconds
320.375: [GC [PSYoungGen: 22784K->320K(23040K)] 28465K->6001K(55296K), 0.0004170 secs] [Times: user=0.00 sys=0.00, real=0.00 secs] 
320.376: Total time for which application threads were stopped: 0.0005480 seconds, Stopping threads took: 0.0000610 seconds
320.499: Application time: 0.1234060 seconds
320.499: [GC [PSYoungGen: 22848K->304K(23040K)] 28529K->6209K(55296K), 0.0004990 secs] [Times: user=0.00 sys=0.00, real=0.01 secs] 
320.500: Total time for which application threads were stopped: 0.0006270 seconds, Stopping threads took: 0.0000570 seconds
320.625: Application time: 0.1249650 seconds
320.625: [GC [PSYoungGen: 22832K->256K(23040K)] 28737K->6329K(55296K), 0.0004520 secs] [Times: user=0.00 sys=0.00, real=0.00 secs] 
320.625: Total time for which application threads were stopped: 0.0005950 seconds, Stopping threads took: 0.0000720 seconds
320.750: Application time: 0.1243870 seconds
320.750: [GC [PSYoungGen: 22784K->256K(23040K)] 28857K->6329K(55296K), 0.0003900 secs] [Times: user=0.00 sys=0.00, real=0.00 secs] 
320.750: Total time for which application threads were stopped: 0.0005250 seconds, Stopping threads took: 0.0000510 seconds
320.875: Application time: 0.1247280 seconds
320.875: [GC [PSYoungGen: 22784K->256K(23040K)] 28857K->6393K(55296K), 0.0004200 secs] [Times: user=0.00 sys=0.00, real=0.00 secs] 
320.876: Total time for which application threads were stopped: 0.0005590 seconds, Stopping threads took: 0.0000670 seconds
321.001: Application time: 0.1257640 seconds
321.001: [GC [PSYoungGen: 22784K->256K(23040K)] 28921K->6537K(55296K), 0.0004310 secs] [Times: user=0.00 sys=0.00, real=0.00 secs] 
321.002: Total time for which application threads were stopped: 0.0005680 seconds, Stopping threads took: 0.0000630 seconds
321.127: Application time: 0.1255240 seconds
321.128: [GC [PSYoungGen: 22784K->256K(23040K)] 29065K->6562K(55296K), 0.0003860 secs] [Times: user=0.00 sys=0.00, real=0.00 secs] 
321.128: Total time for which application threads were stopped: 0.0005170 seconds, Stopping threads took: 0.0000600 seconds
321.250: Application time: 0.1223410 seconds
321.250: [GC [PSYoungGen: 22784K->384K(23040K)] 29090K->6714K(55296K), 0.0004500 secs] [Times: user=0.00 sys=0.00, real=0.00 secs] 
321.251: Total time for which application threads were stopped: 0.0005840 seconds, Stopping threads took: 0.0000610 seconds
321.376: Application time: 0.1248820 seconds
321.376: [GC [PSYoungGen: 22912K->256K(23040K)] 29242K->6890K(55296K), 0.0004710 secs] [Times: user=0.01 sys=0.00, real=0.00 secs] 
321.376: Total time for which application threads were stopped: 0.0006120 seconds, Stopping threads took: 0.0000580 seconds
321.501: Application time: 0.1249540 seconds
321.501: [GC [PSYoungGen: 22784K->224K(23040K)] 29418K->6922K(55296K), 0.0004370 secs] [Times: user=0.00 sys=0.00, real=0.00 secs] 
321.502: Total time for which application threads were stopped: 0.0005640 seconds, Stopping threads took: 0.0000520 seconds
321.625: Application time: 0.1235830 seconds
321.626: [GC [PSYoungGen: 22752K->224K(23040K)] 29450K->6986K(55296K), 0.0004720 secs] [Times: user=0.00 sys=0.00, real=0.00 secs] 
321.626: Total time for which application threads were stopped: 0.0006040 seconds, Stopping threads took: 0.0000630 seconds
321.751: Application time: 0.1250250 seconds
321.751: [GC [PSYoungGen: 22752K->256K(23040K)] 29514K->7162K(55296K), 0.0004280 secs] [Times: user=0.00 sys=0.00, real=0.00 secs] 
321.752: Total time for which application threads were stopped: 0.0005580 seconds, Stopping threads took: 0.0000570 seconds
321.878: Application time: 0.1261990 seconds
321.880: [GC [PSYoungGen: 22784K->256K(23040K)] 29690K->7186K(55296K), 0.0004440 secs] [Times: user=0.00 sys=0.00, real=0.00 secs] 
321.880: Total time for which application threads were stopped: 0.0021350 seconds, Stopping threads took: 0.0016120 seconds
322.003: Application time: 0.1228770 seconds
322.003: [GC [PSYoungGen: 22784K->368K(23040K)] 29714K->7322K(55296K), 0.0004770 secs] [Times: user=0.00 sys=0.00, real=0.00 secs] 
322.003: Total time for which application threads were stopped: 0.0006070 seconds, Stopping threads took: 0.0000600 seconds
322.128: Application time: 0.1247720 seconds
322.128: [GC [PSYoungGen: 22896K->256K(23040K)] 29850K->7478K(55296K), 0.0004890 secs] [Times: user=0.00 sys=0.00, real=0.00 secs] 
322.129: Total time for which application threads were stopped: 0.0006210 seconds, Stopping threads took: 0.0000600 seconds
322.254: Application time: 0.1247660 seconds
322.254: [GC [PSYoungGen: 22784K->256K(23040K)] 30006K->7614K(55296K), 0.0004310 secs] [Times: user=0.00 sys=0.00, real=0.00 secs] 
322.254: Total time for which application threads were stopped: 0.0005690 seconds, Stopping threads took: 0.0000670 seconds
322.379: Application time: 0.1249150 seconds
322.379: [GC [PSYoungGen: 22784K->256K(23040K)] 30142K->7686K(55296K), 0.0003990 secs] [Times: user=0.00 sys=0.00, real=0.01 secs] 
322.380: Total time for which application threads were stopped: 0.0005340 seconds, Stopping threads took: 0.0000640 seconds
322.505: Application time: 0.1251130 seconds
322.505: [GC [PSYoungGen: 22784K->256K(23040K)] 30214K->7782K(55296K), 0.0004130 secs] [Times: user=0.00 sys=0.00, real=0.00 secs] 
322.505: Total time for which application threads were stopped: 0.0005620 seconds, Stopping threads took: 0.0000660 seconds
322.631: Application time: 0.1252070 seconds
322.631: [GC [PSYoungGen: 22784K->256K(23040K)] 30310K->7855K(55296K), 0.0004000 secs] [Times: user=0.01 sys=0.00, real=0.00 secs] 
322.631: Total time for which application threads were stopped: 0.0005320 seconds, Stopping threads took: 0.0000510 seconds
322.753: Application time: 0.1222670 seconds
322.753: [GC [PSYoungGen: 22784K->352K(23040K)] 30383K->7975K(55296K), 0.0004440 secs] [Times: user=0.01 sys=0.00, real=0.00 secs] 
322.754: Total time for which application threads were stopped: 0.0005870 seconds, Stopping threads took: 0.0000690 seconds
322.881: Application time: 0.1267250 seconds
322.881: [GC [PSYoungGen: 22880K->288K(23040K)] 30503K->8115K(55296K), 0.0005400 secs] [Times: user=0.00 sys=0.00, real=0.00 secs] 
322.881: Total time for which application threads were stopped: 0.0006750 seconds, Stopping threads took: 0.0000620 seconds
323.020: Application time: 0.1381670 seconds
323.020: [GC [PSYoungGen: 22816K->256K(23040K)] 30643K->8251K(55296K), 0.0004790 secs] [Times: user=0.00 sys=0.00, real=0.00 secs] 
323.020: Total time for which application threads were stopped: 0.0006290 seconds, Stopping threads took: 0.0000660 seconds
323.157: Application time: 0.1369590 seconds
323.157: [GC [PSYoungGen: 22784K->272K(23040K)] 30779K->8267K(55296K), 0.0004230 secs] [Times: user=0.01 sys=0.00, real=0.00 secs] 
323.158: Total time for which application threads were stopped: 0.0005710 seconds, Stopping threads took: 0.0000710 seconds
323.295: Application time: 0.1375390 seconds
323.295: [GC [PSYoungGen: 22800K->256K(23040K)] 30795K->8387K(55296K), 0.0004500 secs] [Times: user=0.00 sys=0.00, real=0.00 secs] 
323.296: Total time for which application threads were stopped: 0.0005990 seconds, Stopping threads took: 0.0000740 seconds
323.433: Application time: 0.1376600 seconds
323.434: [GC [PSYoungGen: 22784K->256K(23040K)] 30915K->8483K(55296K), 0.0003980 secs] [Times: user=0.00 sys=0.00, real=0.00 secs] 
323.434: Total time for which application threads were stopped: 0.0005390 seconds, Stopping threads took: 0.0000670 seconds
323.571: Application time: 0.1371200 seconds
323.571: [GC [PSYoungGen: 22784K->224K(23040K)] 31011K->8451K(55296K), 0.0004450 secs] [Times: user=0.00 sys=0.00, real=0.00 secs] 
323.572: Total time for which application threads were stopped: 0.0005770 seconds, Stopping threads took: 0.0000490 seconds
323.706: Application time: 0.1338350 seconds
323.706: [GC [PSYoungGen: 22752K->400K(23040K)] 30979K->8731K(55296K), 0.0005100 secs] [Times: user=0.00 sys=0.00, real=0.00 secs] 
323.706: Total time for which application threads were stopped: 0.0006600 seconds, Stopping threads took: 0.0000750 seconds
323.844: Application time: 0.1375880 seconds
323.848: [GC [PSYoungGen: 22928K->256K(23040K)] 31259K->8899K(55296K), 0.0004920 secs] [Times: user=0.00 sys=0.00, real=0.00 secs] 
323.848: Total time for which application threads were stopped: 0.0042290 seconds, Stopping threads took: 0.0036620 seconds
323.985: Application time: 0.1369310 seconds
323.985: [GC [PSYoungGen: 22784K->272K(23040K)] 31427K->8915K(55296K), 0.0004120 secs] [Times: user=0.00 sys=0.00, real=0.00 secs] 
323.986: Total time for which application threads were stopped: 0.0005400 seconds, Stopping threads took: 0.0000540 seconds
324.123: Application time: 0.1377230 seconds
324.123: [GC [PSYoungGen: 22800K->256K(23040K)] 31443K->8971K(55296K), 0.0004400 secs] [Times: user=0.00 sys=0.00, real=0.00 secs] 
324.124: Total time for which application threads were stopped: 0.0005870 seconds, Stopping threads took: 0.0000570 seconds
324.262: Application time: 0.1381140 seconds
324.262: [GC [PSYoungGen: 22784K->256K(23040K)] 31499K->9116K(55296K), 0.0004430 secs] [Times: user=0.00 sys=0.00, real=0.00 secs] 
324.263: Total time for which application threads were stopped: 0.0005750 seconds, Stopping threads took: 0.0000590 seconds
324.401: Application time: 0.1380520 seconds
324.401: [GC [PSYoungGen: 22784K->256K(23040K)] 31644K->9140K(55296K), 0.0004220 secs] [Times: user=0.00 sys=0.00, real=0.00 secs] 
324.401: Total time for which application threads were stopped: 0.0005480 seconds, Stopping threads took: 0.0000530 seconds
324.536: Application time: 0.1343920 seconds
324.536: [GC [PSYoungGen: 22784K->384K(23040K)] 31668K->9292K(55296K), 0.0004930 secs] [Times: user=0.00 sys=0.00, real=0.00 secs] 
324.536: Total time for which application threads were stopped: 0.0006230 seconds, Stopping threads took: 0.0000570 seconds
324.673: Application time: 0.1373340 seconds
324.674: [GC [PSYoungGen: 22912K->256K(23040K)] 31820K->9472K(55296K), 0.0005380 secs] [Times: user=0.00 sys=0.00, real=0.00 secs] 
324.674: Total time for which application threads were stopped: 0.0006930 seconds, Stopping threads took: 0.0000700 seconds
324.810: Application time: 0.1362400 seconds
324.811: [GC [PSYoungGen: 22784K->256K(23040K)] 32000K->9536K(55296K), 0.0004180 secs] [Times: user=0.01 sys=0.00, real=0.00 secs] 
324.811: Total time for which application threads were stopped: 0.0005520 seconds, Stopping threads took: 0.0000610 seconds
324.948: Application time: 0.1373300 seconds
324.948: [GC [PSYoungGen: 22784K->256K(23040K)] 32064K->9592K(55296K), 0.0004250 secs] [Times: user=0.01 sys=0.00, real=0.00 secs] 
324.949: Total time for which application threads were stopped: 0.0005590 seconds, Stopping threads took: 0.0000590 seconds
325.087: Application time: 0.1380120 seconds
325.087: [GC [PSYoungGen: 22784K->256K(23040K)] 32120K->9712K(55296K), 0.0004380 secs] [Times: user=0.00 sys=0.00, real=0.01 secs] 
325.087: Total time for which application threads were stopped: 0.0005870 seconds, Stopping threads took: 0.0000690 seconds
325.225: Application time: 0.1374830 seconds
325.225: [GC [PSYoungGen: 22784K->192K(23040K)] 32240K->9696K(55296K), 0.0004450 secs] [Times: user=0.00 sys=0.00, real=0.00 secs] 
325.226: Total time for which application threads were stopped: 0.0005890 seconds, Stopping threads took: 0.0000560 seconds
325.361: Application time: 0.1356240 seconds
325.361: [GC [PSYoungGen: 22720K->288K(23040K)] 32224K->9816K(55296K), 0.0005210 secs] [Times: user=0.00 sys=0.00, real=0.00 secs] 
325.362: Total time for which application threads were stopped: 0.0006470 seconds, Stopping threads took: 0.0000530 seconds
325.497: Application time: 0.1356640 seconds
325.498: [GC [PSYoungGen: 22816K->256K(23040K)] 32344K->10004K(55296K), 0.0005430 secs] [Times: user=0.00 sys=0.00, real=0.00 secs] 
325.498: Total time for which application threads were stopped: 0.0006840 seconds, Stopping threads took: 0.0000670 seconds
325.635: Application time: 0.1367380 seconds
325.635: [GC [PSYoungGen: 22784K->272K(23040K)] 32532K->10192K(55296K), 0.0004980 secs] [Times: user=0.00 sys=0.00, real=0.00 secs] 
325.636: Total time for which application threads were stopped: 0.0006350 seconds, Stopping threads took: 0.0000630 seconds
325.773: Application time: 0.1374750 seconds
325.773: [GC [PSYoungGen: 22800K->256K(23040K)] 32720K->10249K(55296K), 0.0004270 secs] [Times: user=0.00 sys=0.00, real=0.00 secs] 
325.774: Total time for which application threads were stopped: 0.0005670 seconds, Stopping threads took: 0.0000600 seconds
325.911: Application time: 0.1375420 seconds
325.911: [GC [PSYoungGen: 22784K->256K(23040K)] 32777K->10345K(55296K), 0.0004430 secs] [Times: user=0.01 sys=0.00, real=0.00 secs] 
325.912: Total time for which application threads were stopped: 0.0005890 seconds, Stopping threads took: 0.0000720 seconds
326.049: Application time: 0.1373790 seconds
326.049: [GC [PSYoungGen: 22784K->256K(23040K)] 32873K->10417K(55296K), 0.0004100 secs] [Times: user=0.00 sys=0.00, real=0.00 secs] 
326.050: Total time for which application threads were stopped: 0.0005480 seconds, Stopping threads took: 0.0000690 seconds
326.186: Application time: 0.1362520 seconds
326.186: [GC [PSYoungGen: 22784K->304K(23040K)] 32945K->10465K(55296K), 0.0004410 secs] [Times: user=0.01 sys=0.00, real=0.00 secs] 
326.186: Total time for which application threads were stopped: 0.0005810 seconds, Stopping threads took: 0.0000660 seconds
326.323: Application time: 0.1363490 seconds
326.323: [GC [PSYoungGen: 22832K->288K(23040K)] 32993K->10665K(55296K), 0.0005310 secs] [Times: user=0.00 sys=0.00, real=0.00 secs] 
326.324: Total time for which application threads were stopped: 0.0006760 seconds, Stopping threads took: 0.0000510 seconds
326.461: Application time: 0.1376340 seconds
326.461: [GC [PSYoungGen: 22816K->256K(23040K)] 33193K->10829K(55296K), 0.0004800 secs] [Times: user=0.00 sys=0.00, real=0.00 secs] 
326.462: Total time for which application threads were stopped: 0.0006060 seconds, Stopping threads took: 0.0000560 seconds
326.599: Application time: 0.1370100 seconds
326.599: [GC [PSYoungGen: 22784K->224K(23040K)] 33357K->10797K(55296K), 0.0004540 secs] [Times: user=0.00 sys=0.00, real=0.00 secs] 
326.599: Total time for which application threads were stopped: 0.0006000 seconds, Stopping threads took: 0.0000730 seconds
326.737: Application time: 0.1374640 seconds
326.737: [GC [PSYoungGen: 22752K->256K(23040K)] 33325K->10933K(55296K), 0.0004490 secs] [Times: user=0.01 sys=0.00, real=0.00 secs] 
326.737: Total time for which application threads were stopped: 0.0005900 seconds, Stopping threads took: 0.0000670 seconds
326.873: Application time: 0.1356370 seconds
326.873: [GC [PSYoungGen: 22784K->224K(23040K)] 33461K->11021K(55296K), 0.0004170 secs] [Times: user=0.00 sys=0.00, real=0.00 secs] 
326.874: Total time for which application threads were stopped: 0.0005660 seconds, Stopping threads took: 0.0000710 seconds
326.999: Application time: 0.1256700 seconds
326.999: [GC [PSYoungGen: 22752K->224K(23040K)] 33549K->11021K(55296K), 0.0004150 secs] [Times: user=0.00 sys=0.00, real=0.01 secs] 
327.000: Total time for which application threads were stopped: 0.0005620 seconds, Stopping threads took: 0.0000720 seconds
327.122: Application time: 0.1218680 seconds
327.122: [GC [PSYoungGen: 22752K->400K(23040K)] 33549K->11221K(55296K), 0.0004710 secs] [Times: user=0.00 sys=0.00, real=0.00 secs] 
327.122: Total time for which application threads were stopped: 0.0006000 seconds, Stopping threads took: 0.0000560 seconds
327.247: Application time: 0.1245560 seconds
327.247: [GC [PSYoungGen: 22928K->256K(23040K)] 33749K->11365K(55296K), 0.0004800 secs] [Times: user=0.01 sys=0.00, real=0.01 secs] 
327.248: Total time for which application threads were stopped: 0.0006250 seconds, Stopping threads took: 0.0000730 seconds
327.373: Application time: 0.1250270 seconds
327.373: [GC [PSYoungGen: 22784K->256K(23040K)] 33893K->11437K(55296K), 0.0004280 secs] [Times: user=0.00 sys=0.00, real=0.00 secs] 
327.373: Total time for which application threads were stopped: 0.0005700 seconds, Stopping threads took: 0.0000710 seconds
327.497: Application time: 0.1242810 seconds
327.498: [GC [PSYoungGen: 22784K->256K(23040K)] 33965K->11510K(55296K), 0.0004550 secs] [Times: user=0.00 sys=0.00, real=0.00 secs] 
327.498: Total time for which application threads were stopped: 0.0006000 seconds, Stopping threads took: 0.0000640 seconds
327.623: Application time: 0.1254170 seconds
327.624: [GC [PSYoungGen: 22784K->256K(23040K)] 34038K->11654K(55296K), 0.0004120 secs] [Times: user=0.00 sys=0.00, real=0.00 secs] 
327.624: Total time for which application threads were stopped: 0.0005380 seconds, Stopping threads took: 0.0000520 seconds
327.749: Application time: 0.1253610 seconds
327.749: [GC [PSYoungGen: 22784K->256K(23040K)] 34182K->11678K(55296K), 0.0003960 secs] [Times: user=0.01 sys=0.00, real=0.00 secs] 
327.750: Total time for which application threads were stopped: 0.0005310 seconds, Stopping threads took: 0.0000650 seconds
327.873: Application time: 0.1227130 seconds
327.873: [GC [PSYoungGen: 22784K->352K(23040K)] 34206K->11798K(55296K), 0.0004910 secs] [Times: user=0.00 sys=0.00, real=0.00 secs] 
327.873: Total time for which application threads were stopped: 0.0006200 seconds, Stopping threads took: 0.0000580 seconds
327.997: Application time: 0.1242610 seconds
327.998: [GC [PSYoungGen: 22880K->256K(23040K)] 34326K->11950K(55296K), 0.0004950 secs] [Times: user=0.00 sys=0.00, real=0.00 secs] 
327.998: Total time for which application threads were stopped: 0.0006300 seconds, Stopping threads took: 0.0000650 seconds
328.123: Application time: 0.1252570 seconds
328.123: [GC [PSYoungGen: 22784K->256K(23040K)] 34478K->12078K(55296K), 0.0004270 secs] [Times: user=0.00 sys=0.00, real=0.00 secs] 
328.124: Total time for which application threads were stopped: 0.0005840 seconds, Stopping threads took: 0.0000690 seconds
328.249: Application time: 0.1247010 seconds
328.249: [GC [PSYoungGen: 22784K->256K(23040K)] 34606K->12142K(55296K), 0.0004190 secs] [Times: user=0.00 sys=0.00, real=0.00 secs] 
328.249: Total time for which application threads were stopped: 0.0005650 seconds, Stopping threads took: 0.0000710 seconds
328.374: Application time: 0.1246980 seconds
328.374: [GC [PSYoungGen: 22784K->256K(23040K)] 34670K->12262K(55296K), 0.0004290 secs] [Times: user=0.00 sys=0.00, real=0.00 secs] 
328.374: Total time for which application threads were stopped: 0.0005640 seconds, Stopping threads took: 0.0000640 seconds
328.499: Application time: 0.1249590 seconds
328.500: [GC [PSYoungGen: 22784K->256K(23040K)] 34790K->12310K(55296K), 0.0004070 secs] [Times: user=0.00 sys=0.00, real=0.00 secs] 
328.500: Total time for which application threads were stopped: 0.0005340 seconds, Stopping threads took: 0.0000570 seconds
328.623: Application time: 0.1226280 seconds
328.623: [GC [PSYoungGen: 22784K->352K(23040K)] 34838K->12430K(55296K), 0.0004740 secs] [Times: user=0.00 sys=0.00, real=0.00 secs] 
328.623: Total time for which application threads were stopped: 0.0005990 seconds, Stopping threads took: 0.0000500 seconds
328.747: Application time: 0.1237890 seconds
328.747: [GC [PSYoungGen: 22880K->304K(23040K)] 34958K->12582K(55296K), 0.0004890 secs] [Times: user=0.01 sys=0.00, real=0.01 secs] 
328.748: Total time for which application threads were stopped: 0.0006370 seconds, Stopping threads took: 0.0000670 seconds
328.872: Application time: 0.1248290 seconds
328.873: [GC [PSYoungGen: 22832K->256K(23040K)] 35110K->12702K(55296K), 0.0004520 secs] [Times: user=0.00 sys=0.00, real=0.00 secs] 
328.873: Total time for which application threads were stopped: 0.0005870 seconds, Stopping threads took: 0.0000660 seconds
328.998: Application time: 0.1245960 seconds
328.998: [GC [PSYoungGen: 22784K->272K(23040K)] 35230K->12718K(55296K), 0.0004300 secs] [Times: user=0.00 sys=0.00, real=0.00 secs] 
328.998: Total time for which application threads were stopped: 0.0005740 seconds, Stopping threads took: 0.0000710 seconds
329.123: Application time: 0.1251900 seconds
329.124: [GC [PSYoungGen: 22800K->256K(23040K)] 35246K->12871K(55296K), 0.0004600 secs] [Times: user=0.01 sys=0.00, real=0.00 secs] 
329.124: Total time for which application threads were stopped: 0.0005910 seconds, Stopping threads took: 0.0000580 seconds
329.250: Application time: 0.1256550 seconds
329.250: [GC [PSYoungGen: 22784K->256K(23040K)] 35399K->12943K(55296K), 0.0003970 secs] [Times: user=0.00 sys=0.00, real=0.00 secs] 
329.250: Total time for which application threads were stopped: 0.0005510 seconds, Stopping threads took: 0.0000690 seconds
329.374: Application time: 0.1236770 seconds
329.374: [GC [PSYoungGen: 22784K->272K(23040K)] 35471K->12959K(55296K), 0.0004030 secs] [Times: user=0.00 sys=0.00, real=0.00 secs] 
329.374: Total time for which application threads were stopped: 0.0005360 seconds, Stopping threads took: 0.0000650 seconds
329.497: Application time: 0.1228730 seconds
329.497: [GC [PSYoungGen: 22800K->336K(23040K)] 35487K->13167K(55296K), 0.0004970 secs] [Times: user=0.00 sys=0.00, real=0.00 secs] 
329.498: Total time for which application threads were stopped: 0.0006190 seconds, Stopping threads took: 0.0000510 seconds
329.623: Application time: 0.1251140 seconds
329.623: [GC [PSYoungGen: 22864K->224K(23040K)] 35695K->13311K(55296K), 0.0005360 secs] [Times: user=0.00 sys=0.00, real=0.00 secs] 
329.624: Total time for which application threads were stopped: 0.0006700 seconds, Stopping threads took: 0.0000620 seconds
329.749: Application time: 0.1248480 seconds
329.749: [GC [PSYoungGen: 22752K->256K(23040K)] 35839K->13343K(55296K), 0.0004180 secs] [Times: user=0.00 sys=0.00, real=0.00 secs] 
329.749: Total time for which application threads were stopped: 0.0005460 seconds, Stopping threads took: 0.0000580 seconds
329.873: Application time: 0.1243010 seconds
329.874: [GC [PSYoungGen: 22784K->256K(23040K)] 35871K->13423K(55296K), 0.0004620 secs] [Times: user=0.00 sys=0.00, real=0.00 secs] 
329.874: Total time for which application threads were stopped: 0.0006110 seconds, Stopping threads took: 0.0000680 seconds
329.999: Application time: 0.1252630 seconds
329.999: [GC [PSYoungGen: 22784K->256K(23040K)] 35951K->13567K(55296K), 0.0004310 secs] [Times: user=0.00 sys=0.00, real=0.01 secs] 
330.000: Total time for which application threads were stopped: 0.0005620 seconds, Stopping threads took: 0.0000550 seconds
330.125: Application time: 0.1251750 seconds
330.125: [GC [PSYoungGen: 22784K->256K(23040K)] 36095K->13591K(55296K), 0.0004070 secs] [Times: user=0.00 sys=0.00, real=0.00 secs] 
330.126: Total time for which application threads were stopped: 0.0005440 seconds, Stopping threads took: 0.0000640 seconds
330.248: Application time: 0.1219310 seconds
330.248: [GC [PSYoungGen: 22784K->432K(23040K)] 36119K->13791K(55296K), 0.0005170 secs] [Times: user=0.00 sys=0.00, real=0.00 secs] 
330.248: Total time for which application threads were stopped: 0.0006460 seconds, Stopping threads took: 0.0000590 seconds
330.373: Application time: 0.1245550 seconds
330.373: [GC [PSYoungGen: 22960K->288K(23040K)] 36319K->13955K(55296K), 0.0005360 secs] [Times: user=0.00 sys=0.00, real=0.00 secs] 
330.373: Total time for which application threads were stopped: 0.0006620 seconds, Stopping threads took: 0.0000500 seconds
330.498: Application time: 0.1245640 seconds
330.498: [GC [PSYoungGen: 22816K->272K(23040K)] 36483K->14012K(55296K), 0.0004400 secs] [Times: user=0.00 sys=0.00, real=0.00 secs] 
330.499: Total time for which application threads were stopped: 0.0005910 seconds, Stopping threads took: 0.0000700 seconds
330.623: Application time: 0.1249540 seconds
330.624: [GC [PSYoungGen: 22800K->224K(23040K)] 36540K->14028K(55296K), 0.0004510 secs] [Times: user=0.00 sys=0.00, real=0.00 secs] 
330.624: Total time for which application threads were stopped: 0.0006060 seconds, Stopping threads took: 0.0000850 seconds
330.749: Application time: 0.1248060 seconds
330.749: [GC [PSYoungGen: 22752K->192K(23040K)] 36556K->14116K(55296K), 0.0004460 secs] [Times: user=0.01 sys=0.00, real=0.00 secs] 
330.749: Total time for which application threads were stopped: 0.0005820 seconds, Stopping threads took: 0.0000650 seconds
330.875: Application time: 0.1253920 seconds
330.875: [GC [PSYoungGen: 22720K->256K(23040K)] 36644K->14228K(55296K), 0.0004410 secs] [Times: user=0.00 sys=0.00, real=0.00 secs] 
330.875: Total time for which application threads were stopped: 0.0005790 seconds, Stopping threads took: 0.0000670 seconds
330.998: Application time: 0.1226460 seconds
330.998: [GC [PSYoungGen: 22784K->368K(23040K)] 36756K->14364K(55296K), 0.0004450 secs] [Times: user=0.00 sys=0.00, real=0.00 secs] 
330.999: Total time for which application threads were stopped: 0.0005850 seconds, Stopping threads took: 0.0000690 seconds
331.123: Application time: 0.1242430 seconds
331.123: [GC [PSYoungGen: 22896K->304K(23040K)] 36892K->14568K(55296K), 0.0004930 secs] [Times: user=0.00 sys=0.00, real=0.00 secs] 
331.124: Total time for which application threads were stopped: 0.0006480 seconds, Stopping threads took: 0.0000730 seconds
331.249: Application time: 0.1255200 seconds
331.249: [GC [PSYoungGen: 22832K->256K(23040K)] 37096K->14656K(55296K), 0.0004230 secs] [Times: user=0.00 sys=0.00, real=0.00 secs] 
331.250: Total time for which application threads were stopped: 0.0005770 seconds, Stopping threads took: 0.0000810 seconds
331.374: Application time: 0.1244600 seconds
331.374: [GC [PSYoungGen: 22784K->256K(23040K)] 37184K->14656K(55296K), 0.0004110 secs] [Times: user=0.00 sys=0.00, real=0.00 secs] 
331.375: Total time for which application threads were stopped: 0.0005500 seconds, Stopping threads took: 0.0000660 seconds
331.500: Application time: 0.1251570 seconds
331.500: [GC [PSYoungGen: 22784K->256K(23040K)] 37184K->14816K(55296K), 0.0004660 secs] [Times: user=0.01 sys=0.00, real=0.00 secs] 
331.500: Total time for which application threads were stopped: 0.0006010 seconds, Stopping threads took: 0.0000540 seconds
331.626: Application time: 0.1257760 seconds
331.626: [GC [PSYoungGen: 22784K->256K(23040K)] 37344K->14888K(55296K), 0.0004040 secs] [Times: user=0.00 sys=0.00, real=0.00 secs] 
331.627: Total time for which application threads were stopped: 0.0005390 seconds, Stopping threads took: 0.0000550 seconds
331.750: Application time: 0.1233410 seconds
331.750: [GC [PSYoungGen: 22784K->336K(23040K)] 37416K->14968K(55296K), 0.0004140 secs] [Times: user=0.00 sys=0.00, real=0.00 secs] 
331.751: Total time for which application threads were stopped: 0.0005490 seconds, Stopping threads took: 0.0000650 seconds
331.875: Application time: 0.1240500 seconds
331.875: [GC [PSYoungGen: 22864K->304K(23040K)] 37496K->15152K(55296K), 0.0005020 secs] [Times: user=0.00 sys=0.00, real=0.00 secs] 
331.875: Total time for which application threads were stopped: 0.0006290 seconds, Stopping threads took: 0.0000560 seconds
332.000: Application time: 0.1250640 seconds
332.001: [GC [PSYoungGen: 22832K->256K(23040K)] 37680K->15289K(55296K), 0.0004320 secs] [Times: user=0.00 sys=0.00, real=0.00 secs] 
332.001: Total time for which application threads were stopped: 0.0005650 seconds, Stopping threads took: 0.0000640 seconds
332.126: Application time: 0.1248150 seconds
332.126: [GC [PSYoungGen: 22784K->224K(23040K)] 37817K->15257K(55296K), 0.0004390 secs] [Times: user=0.01 sys=0.00, real=0.00 secs] 
332.126: Total time for which application threads were stopped: 0.0005660 seconds, Stopping threads took: 0.0000540 seconds
332.251: Application time: 0.1250570 seconds
332.252: [GC [PSYoungGen: 22752K->256K(23040K)] 37785K->15409K(55296K), 0.0004380 secs] [Times: user=0.00 sys=0.00, real=0.00 secs] 
332.252: Total time for which application threads were stopped: 0.0005870 seconds, Stopping threads took: 0.0000600 seconds
332.377: Application time: 0.1254060 seconds
332.378: [GC [PSYoungGen: 22784K->256K(23040K)] 37937K->15529K(55296K), 0.0004200 secs] [Times: user=0.01 sys=0.00, real=0.00 secs] 
332.378: Total time for which application threads were stopped: 0.0005620 seconds, Stopping threads took: 0.0000720 seconds
332.502: Application time: 0.1244380 seconds
332.503: [GC [PSYoungGen: 22784K->272K(23040K)] 38057K->15545K(55296K), 0.0003940 secs] [Times: user=0.00 sys=0.00, real=0.00 secs] 
332.503: Total time for which application threads were stopped: 0.0005270 seconds, Stopping threads took: 0.0000590 seconds
332.626: Application time: 0.1229630 seconds
332.626: [GC [PSYoungGen: 22800K->368K(23040K)] 38073K->15729K(55296K), 0.0004910 secs] [Times: user=0.00 sys=0.00, real=0.00 secs] 
332.627: Total time for which application threads were stopped: 0.0006130 seconds, Stopping threads took: 0.0000500 seconds
332.751: Application time: 0.1243140 seconds
332.751: [GC [PSYoungGen: 22896K->256K(23040K)] 38257K->15881K(55296K), 0.0004740 secs] [Times: user=0.01 sys=0.00, real=0.00 secs] 
332.751: Total time for which application threads were stopped: 0.0006300 seconds, Stopping threads took: 0.0000820 seconds
332.876: Application time: 0.1244670 seconds
332.876: [GC [PSYoungGen: 22784K->256K(23040K)] 38409K->15953K(55296K), 0.0004160 secs] [Times: user=0.00 sys=0.00, real=0.00 secs] 
332.877: Total time for which application threads were stopped: 0.0005670 seconds, Stopping threads took: 0.0000700 seconds
333.001: Application time: 0.1249130 seconds
333.002: [GC [PSYoungGen: 22784K->256K(23040K)] 38481K->16017K(55296K), 0.0004500 secs] [Times: user=0.00 sys=0.00, real=0.00 secs] 
333.002: Total time for which application threads were stopped: 0.0005850 seconds, Stopping threads took: 0.0000650 seconds
333.128: Application time: 0.1259010 seconds
333.128: [GC [PSYoungGen: 22784K->256K(23040K)] 38545K->16161K(55296K), 0.0004310 secs] [Times: user=0.00 sys=0.00, real=0.00 secs] 
333.129: Total time for which application threads were stopped: 0.0005630 seconds, Stopping threads took: 0.0000600 seconds
333.253: Application time: 0.1245650 seconds
333.253: [GC [PSYoungGen: 22784K->256K(23040K)] 38689K->16185K(55296K), 0.0004220 secs] [Times: user=0.00 sys=0.00, real=0.00 secs] 
333.254: Total time for which application threads were stopped: 0.0005610 seconds, Stopping threads took: 0.0000690 seconds
333.376: Application time: 0.1220910 seconds
333.376: [GC [PSYoungGen: 22784K->416K(23040K)] 38713K->16369K(55296K), 0.0004990 secs] [Times: user=0.00 sys=0.00, real=0.00 secs] 
333.376: Total time for which application threads were stopped: 0.0006450 seconds, Stopping threads took: 0.0000710 seconds
333.501: Application time: 0.1242070 seconds
333.501: [GC [PSYoungGen: 22944K->224K(23040K)] 38897K->16482K(55296K), 0.0005450 secs] [Times: user=0.00 sys=0.00, real=0.00 secs] 
333.501: Total time for which application threads were stopped: 0.0006770 seconds, Stopping threads took: 0.0000530 seconds
333.626: Application time: 0.1248360 seconds
333.626: [GC [PSYoungGen: 22752K->192K(23040K)] 39010K->16514K(55296K), 0.0004390 secs] [Times: user=0.00 sys=0.00, real=0.00 secs] 
333.627: Total time for which application threads were stopped: 0.0005680 seconds, Stopping threads took: 0.0000590 seconds
333.752: Application time: 0.1249470 seconds
333.752: [GC [PSYoungGen: 22720K->224K(23040K)] 39042K->16610K(55296K), 0.0004670 secs] [Times: user=0.00 sys=0.00, real=0.00 secs] 
333.752: Total time for which application threads were stopped: 0.0005920 seconds, Stopping threads took: 0.0000530 seconds
333.877: Application time: 0.1248670 seconds
333.877: [GC [PSYoungGen: 22752K->256K(23040K)] 39138K->16762K(55296K), 0.0004280 secs] [Times: user=0.00 sys=0.00, real=0.00 secs] 
333.878: Total time for which application threads were stopped: 0.0005470 seconds, Stopping threads took: 0.0000480 seconds
334.003: Application time: 0.1258390 seconds
334.004: [GC [PSYoungGen: 22784K->224K(23040K)] 39290K->16778K(55296K), 0.0004720 secs] [Times: user=0.00 sys=0.00, real=0.00 secs] 
334.004: Total time for which application threads were stopped: 0.0006190 seconds, Stopping threads took: 0.0000640 seconds
334.127: Application time: 0.1232900 seconds
334.127: [GC [PSYoungGen: 22752K->320K(23040K)] 39306K->16898K(55296K), 0.0004530 secs] [Times: user=0.00 sys=0.00, real=0.00 secs] 
334.128: Total time for which application threads were stopped: 0.0005790 seconds, Stopping threads took: 0.0000560 seconds
334.251: Application time: 0.1235390 seconds
334.252: [GC [PSYoungGen: 22848K->288K(23040K)] 39426K->17082K(55296K), 0.0004950 secs] [Times: user=0.00 sys=0.00, real=0.00 secs] 
334.252: Total time for which application threads were stopped: 0.0006330 seconds, Stopping threads took: 0.0000690 seconds
334.378: Application time: 0.1255790 seconds
334.380: [GC [PSYoungGen: 22816K->256K(23040K)] 39610K->17218K(55296K), 0.0004610 secs] [Times: user=0.00 sys=0.00, real=0.00 secs] 
334.380: Total time for which application threads were stopped: 0.0022770 seconds, Stopping threads took: 0.0017450 seconds
334.504: Application time: 0.1242980 seconds
334.504: [GC [PSYoungGen: 22784K->256K(23040K)] 39746K->17218K(55296K), 0.0004290 secs] [Times: user=0.00 sys=0.00, real=0.00 secs] 
334.505: Total time for which application threads were stopped: 0.0005510 seconds, Stopping threads took: 0.0000510 seconds
334.630: Application time: 0.1252810 seconds
334.630: [GC [PSYoungGen: 22784K->256K(23040K)] 39746K->17370K(55296K), 0.0004600 secs] [Times: user=0.00 sys=0.00, real=0.00 secs] 
334.631: Total time for which application threads were stopped: 0.0006120 seconds, Stopping threads took: 0.0000660 seconds
334.756: Application time: 0.1256900 seconds
334.757: [GC [PSYoungGen: 22784K->256K(23040K)] 39898K->17442K(55296K), 0.0004220 secs] [Times: user=0.00 sys=0.00, real=0.00 secs] 
334.757: Total time for which application threads were stopped: 0.0005560 seconds, Stopping threads took: 0.0000640 seconds
334.881: Application time: 0.1242640 seconds
334.881: [GC [PSYoungGen: 22784K->256K(23040K)] 39970K->17442K(55296K), 0.0004180 secs] [Times: user=0.00 sys=0.00, real=0.00 secs] 
334.882: Total time for which application threads were stopped: 0.0005670 seconds, Stopping threads took: 0.0000680 seconds
335.004: Application time: 0.1222430 seconds
335.004: [GC [PSYoungGen: 22784K->400K(23040K)] 39970K->17722K(55296K), 0.0004920 secs] [Times: user=0.00 sys=0.00, real=0.00 secs] 
335.005: Total time for which application threads were stopped: 0.0006290 seconds, Stopping threads took: 0.0000660 seconds
335.130: Application time: 0.1252120 seconds
335.130: [GC [PSYoungGen: 22928K->256K(23040K)] 40250K->17835K(55296K), 0.0004970 secs] [Times: user=0.00 sys=0.00, real=0.00 secs] 
335.131: Total time for which application threads were stopped: 0.0006510 seconds, Stopping threads took: 0.0000810 seconds
335.256: Application time: 0.1249460 seconds
335.256: [GC [PSYoungGen: 22784K->256K(23040K)] 40363K->17835K(55296K), 0.0004110 secs] [Times: user=0.01 sys=0.00, real=0.00 secs] 
335.256: Total time for which application threads were stopped: 0.0005830 seconds, Stopping threads took: 0.0000880 seconds
335.381: Application time: 0.1251340 seconds
335.381: [GC [PSYoungGen: 22784K->256K(23040K)] 40363K->17923K(55296K), 0.0004350 secs] [Times: user=0.00 sys=0.00, real=0.00 secs] 
335.382: Total time for which application threads were stopped: 0.0005770 seconds, Stopping threads took: 0.0000700 seconds
335.507: Application time: 0.1254470 seconds
335.507: [GC [PSYoungGen: 22784K->256K(23040K)] 40451K->18043K(55296K), 0.0004300 secs] [Times: user=0.00 sys=0.00, real=0.01 secs] 
335.508: Total time for which application threads were stopped: 0.0005740 seconds, Stopping threads took: 0.0000700 seconds
335.633: Application time: 0.1251420 seconds
335.633: [GC [PSYoungGen: 22784K->256K(23040K)] 40571K->18067K(55296K), 0.0004000 secs] [Times: user=0.00 sys=0.00, real=0.00 secs] 
335.634: Total time for which application threads were stopped: 0.0005370 seconds, Stopping threads took: 0.0000670 seconds
335.755: Application time: 0.1219600 seconds
335.756: [GC [PSYoungGen: 22784K->384K(23040K)] 40595K->18219K(55296K), 0.0004700 secs] [Times: user=0.00 sys=0.00, real=0.00 secs] 
335.756: Total time for which application threads were stopped: 0.0006030 seconds, Stopping threads took: 0.0000630 seconds
335.880: Application time: 0.1242750 seconds
335.880: [GC [PSYoungGen: 22912K->256K(23040K)] 40747K->18399K(55296K), 0.0005120 secs] [Times: user=0.01 sys=0.00, real=0.00 secs] 
335.881: Total time for which application threads were stopped: 0.0006500 seconds, Stopping threads took: 0.0000530 seconds
336.006: Application time: 0.1248750 seconds
336.006: [GC [PSYoungGen: 22784K->224K(23040K)] 40927K->18431K(55296K), 0.0004360 secs] [Times: user=0.00 sys=0.00, real=0.00 secs] 
336.006: Total time for which application threads were stopped: 0.0005630 seconds, Stopping threads took: 0.0000580 seconds
336.131: Application time: 0.1247710 seconds
336.131: [GC [PSYoungGen: 22752K->256K(23040K)] 40959K->18527K(55296K), 0.0004600 secs] [Times: user=0.00 sys=0.00, real=0.00 secs] 
336.132: Total time for which application threads were stopped: 0.0005890 seconds, Stopping threads took: 0.0000580 seconds
336.257: Application time: 0.1249180 seconds
336.257: [GC [PSYoungGen: 22784K->256K(23040K)] 41055K->18671K(55296K), 0.0004730 secs] [Times: user=0.01 sys=0.00, real=0.00 secs] 
336.257: Total time for which application threads were stopped: 0.0006140 seconds, Stopping threads took: 0.0000680 seconds
336.382: Application time: 0.1250040 seconds
336.382: [GC [PSYoungGen: 22784K->256K(23040K)] 41199K->18695K(55296K), 0.0003940 secs] [Times: user=0.00 sys=0.00, real=0.00 secs] 
336.383: Total time for which application threads were stopped: 0.0005300 seconds, Stopping threads took: 0.0000550 seconds
336.506: Application time: 0.1229970 seconds
336.506: [GC [PSYoungGen: 22784K->368K(23040K)] 41223K->18831K(55296K), 0.0004660 secs] [Times: user=0.00 sys=0.00, real=0.00 secs] 
336.507: Total time for which application threads were stopped: 0.0006070 seconds, Stopping threads took: 0.0000660 seconds
336.654: Application time: 0.1471500 seconds
336.654: [GC [PSYoungGen: 22896K->272K(23040K)] 41359K->19000K(55296K), 0.0005170 secs] [Times: user=0.01 sys=0.00, real=0.00 secs] 
336.654: Total time for which application threads were stopped: 0.0006600 seconds, Stopping threads took: 0.0000710 seconds
336.775: Application time: 0.1204350 seconds
336.775: [GC [PSYoungGen: 22800K->256K(23040K)] 41528K->19112K(55296K), 0.0004190 secs] [Times: user=0.00 sys=0.00, real=0.00 secs] 
336.775: Total time for which application threads were stopped: 0.0005590 seconds, Stopping threads took: 0.0000640 seconds
336.895: Application time: 0.1201790 seconds
336.896: [GC [PSYoungGen: 22784K->272K(23040K)] 41640K->19136K(55296K), 0.0004300 secs] [Times: user=0.00 sys=0.00, real=0.00 secs] 
336.896: Total time for which application threads were stopped: 0.0005820 seconds, Stopping threads took: 0.0000710 seconds
337.017: Application time: 0.1209680 seconds
337.017: [GC [PSYoungGen: 22800K->256K(23040K)] 41664K->19272K(55296K), 0.0004880 secs] [Times: user=0.00 sys=0.00, real=0.00 secs] 
337.018: Total time for which application threads were stopped: 0.0008250 seconds, Stopping threads took: 0.0002560 seconds
337.139: Application time: 0.1209290 seconds
337.139: [GC [PSYoungGen: 22784K->256K(23040K)] 41800K->19344K(55296K), 0.0004090 secs] [Times: user=0.01 sys=0.00, real=0.00 secs] 
337.139: Total time for which application threads were stopped: 0.0005480 seconds, Stopping threads took: 0.0000700 seconds
337.259: Application time: 0.1191730 seconds
337.259: [GC [PSYoungGen: 22784K->320K(23040K)] 41872K->19408K(55296K), 0.0004310 secs] [Times: user=0.00 sys=0.00, real=0.00 secs] 
337.259: Total time for which application threads were stopped: 0.0005730 seconds, Stopping threads took: 0.0000710 seconds
337.378: Application time: 0.1190970 seconds
337.378: [GC [PSYoungGen: 22848K->224K(23040K)] 41936K->19536K(55296K), 0.0005290 secs] [Times: user=0.00 sys=0.00, real=0.00 secs] 
337.379: Total time for which application threads were stopped: 0.0006650 seconds, Stopping threads took: 0.0000640 seconds
337.500: Application time: 0.1208310 seconds
337.500: [GC [PSYoungGen: 22752K->256K(23040K)] 42064K->19736K(55296K), 0.0004510 secs] [Times: user=0.00 sys=0.00, real=0.00 secs] 
337.500: Total time for which application threads were stopped: 0.0005900 seconds, Stopping threads took: 0.0000530 seconds
337.620: Application time: 0.1201510 seconds
337.621: [GC [PSYoungGen: 22784K->256K(23040K)] 42264K->19736K(55296K), 0.0004220 secs] [Times: user=0.00 sys=0.00, real=0.00 secs] 
337.621: Total time for which application threads were stopped: 0.0005620 seconds, Stopping threads took: 0.0000710 seconds
337.742: Application time: 0.1209360 seconds
337.742: [GC [PSYoungGen: 22784K->256K(23040K)] 42264K->19848K(55296K), 0.0004560 secs] [Times: user=0.00 sys=0.00, real=0.00 secs] 
337.743: Total time for which application threads were stopped: 0.0005910 seconds, Stopping threads took: 0.0000630 seconds
337.863: Application time: 0.1205880 seconds
337.863: [GC [PSYoungGen: 22784K->256K(23040K)] 42376K->19968K(55296K), 0.0004370 secs] [Times: user=0.00 sys=0.00, real=0.00 secs] 
337.864: Total time for which application threads were stopped: 0.0005680 seconds, Stopping threads took: 0.0000590 seconds
337.983: Application time: 0.1194150 seconds
337.983: [GC [PSYoungGen: 22784K->288K(23040K)] 42496K->20000K(55296K), 0.0004010 secs] [Times: user=0.00 sys=0.00, real=0.00 secs] 
337.984: Total time for which application threads were stopped: 0.0005280 seconds, Stopping threads took: 0.0000560 seconds
338.102: Application time: 0.1186350 seconds
338.102: [GC [PSYoungGen: 22816K->336K(23040K)] 42528K->20144K(55296K), 0.0004930 secs] [Times: user=0.00 sys=0.00, real=0.00 secs] 
338.103: Total time for which application threads were stopped: 0.0006400 seconds, Stopping threads took: 0.0000660 seconds
338.223: Application time: 0.1204590 seconds
338.224: [GC [PSYoungGen: 22864K->256K(23040K)] 42672K->20321K(55296K), 0.0005000 secs] [Times: user=0.00 sys=0.00, real=0.00 secs] 
338.224: Total time for which application threads were stopped: 0.0006470 seconds, Stopping threads took: 0.0000640 seconds
338.344: Application time: 0.1202630 seconds
338.348: [GC [PSYoungGen: 22784K->256K(23040K)] 42849K->20385K(55296K), 0.0004320 secs] [Times: user=0.00 sys=0.00, real=0.00 secs] 
338.348: Total time for which application threads were stopped: 0.0036860 seconds, Stopping threads took: 0.0031830 seconds
338.469: Application time: 0.1207650 seconds
338.469: [GC [PSYoungGen: 22784K->256K(23040K)] 42913K->20449K(55296K), 0.0004490 secs] [Times: user=0.00 sys=0.00, real=0.00 secs] 
338.469: Total time for which application threads were stopped: 0.0005780 seconds, Stopping threads took: 0.0000530 seconds
338.591: Application time: 0.1212900 seconds
338.591: [GC [PSYoungGen: 22784K->256K(23040K)] 42977K->20593K(55296K), 0.0004550 secs] [Times: user=0.00 sys=0.00, real=0.00 secs] 
338.591: Total time for which application threads were stopped: 0.0005760 seconds, Stopping threads took: 0.0000490 seconds
338.712: Application time: 0.1206400 seconds
338.712: [GC [PSYoungGen: 22784K->256K(23040K)] 43121K->20617K(55296K), 0.0004010 secs] [Times: user=0.00 sys=0.00, real=0.00 secs] 
338.712: Total time for which application threads were stopped: 0.0005530 seconds, Stopping threads took: 0.0000680 seconds
338.830: Application time: 0.1174670 seconds
338.830: [GC [PSYoungGen: 22784K->432K(23040K)] 43145K->20817K(55296K), 0.0004840 secs] [Times: user=0.00 sys=0.00, real=0.00 secs] 
338.831: Total time for which application threads were stopped: 0.0006340 seconds, Stopping threads took: 0.0000780 seconds
338.951: Application time: 0.1200880 seconds
338.951: [GC [PSYoungGen: 22960K->256K(23040K)] 43345K->20949K(55296K), 0.0005190 secs] [Times: user=0.00 sys=0.00, real=0.00 secs] 
338.951: Total time for which application threads were stopped: 0.0006500 seconds, Stopping threads took: 0.0000570 seconds
339.071: Application time: 0.1201520 seconds
339.072: [GC [PSYoungGen: 22784K->256K(23040K)] 43477K->21013K(55296K), 0.0004350 secs] [Times: user=0.00 sys=0.00, real=0.00 secs] 
339.072: Total time for which application threads were stopped: 0.0005730 seconds, Stopping threads took: 0.0000680 seconds
339.192: Application time: 0.1202140 seconds
339.192: [GC [PSYoungGen: 22784K->256K(23040K)] 43541K->21093K(55296K), 0.0004540 secs] [Times: user=0.00 sys=0.00, real=0.00 secs] 
339.193: Total time for which application threads were stopped: 0.0005930 seconds, Stopping threads took: 0.0000680 seconds
339.314: Application time: 0.1207500 seconds
339.314: [GC [PSYoungGen: 22784K->256K(23040K)] 43621K->21213K(55296K), 0.0004340 secs] [Times: user=0.00 sys=0.00, real=0.00 secs] 
339.314: Total time for which application threads were stopped: 0.0005710 seconds, Stopping threads took: 0.0000530 seconds
339.435: Application time: 0.1211780 seconds
339.435: [GC [PSYoungGen: 22784K->192K(23040K)] 43741K->21197K(55296K), 0.0004650 secs] [Times: user=0.01 sys=0.00, real=0.00 secs] 
339.436: Total time for which application threads were stopped: 0.0006160 seconds, Stopping threads took: 0.0000800 seconds
339.553: Application time: 0.1175980 seconds
339.554: [GC [PSYoungGen: 22720K->368K(23040K)] 43725K->21373K(55296K), 0.0004780 secs] [Times: user=0.00 sys=0.00, real=0.00 secs] 
339.554: Total time for which application threads were stopped: 0.0006190 seconds, Stopping threads took: 0.0000710 seconds
339.673: Application time: 0.1192920 seconds
339.674: [GC [PSYoungGen: 22896K->272K(23040K)] 43901K->21554K(55296K), 0.0005280 secs] [Times: user=0.00 sys=0.00, real=0.00 secs] 
339.674: Total time for which application threads were stopped: 0.0006650 seconds, Stopping threads took: 0.0000650 seconds
339.795: Application time: 0.1211370 seconds
339.795: [GC [PSYoungGen: 22800K->256K(23040K)] 44082K->21674K(55296K), 0.0004520 secs] [Times: user=0.01 sys=0.00, real=0.00 secs] 
339.797: Total time for which application threads were stopped: 0.0016740 seconds, Stopping threads took: 0.0000540 seconds
339.917: Application time: 0.1196850 seconds
339.917: [GC [PSYoungGen: 22784K->272K(23040K)] 44202K->21690K(55296K), 0.0004640 secs] [Times: user=0.00 sys=0.00, real=0.00 secs] 
339.917: Total time for which application threads were stopped: 0.0006230 seconds, Stopping threads took: 0.0000720 seconds
340.038: Application time: 0.1212880 seconds
340.039: [GC [PSYoungGen: 22800K->256K(23040K)] 44218K->21858K(55296K), 0.0004500 secs] [Times: user=0.00 sys=0.00, real=0.00 secs] 
340.039: Total time for which application threads were stopped: 0.0005890 seconds, Stopping threads took: 0.0000700 seconds
340.160: Application time: 0.1208190 seconds
340.160: [GC [PSYoungGen: 22784K->256K(23040K)] 44386K->21906K(55296K), 0.0003990 secs] [Times: user=0.00 sys=0.00, real=0.00 secs] 
340.160: Total time for which application threads were stopped: 0.0005270 seconds, Stopping threads took: 0.0000570 seconds
340.279: Application time: 0.1187020 seconds
340.279: [GC [PSYoungGen: 22784K->304K(23040K)] 44434K->21954K(55296K), 0.0004360 secs] [Times: user=0.00 sys=0.00, real=0.01 secs] 
340.280: Total time for which application threads were stopped: 0.0005730 seconds, Stopping threads took: 0.0000660 seconds
340.399: Application time: 0.1191980 seconds
340.399: [GC [PSYoungGen: 22832K->256K(23040K)] 44482K->22098K(55296K), 0.0004950 secs] [Times: user=0.00 sys=0.00, real=0.01 secs] 
340.400: Total time for which application threads were stopped: 0.0006250 seconds, Stopping threads took: 0.0000580 seconds
340.520: Application time: 0.1204750 seconds
340.520: [GC [PSYoungGen: 22784K->192K(23040K)] 44626K->22226K(55296K), 0.0004880 secs] [Times: user=0.01 sys=0.00, real=0.00 secs] 
340.521: Total time for which application threads were stopped: 0.0006290 seconds, Stopping threads took: 0.0000610 seconds
340.641: Application time: 0.1202970 seconds
340.641: [GC [PSYoungGen: 22720K->240K(23040K)] 44754K->22274K(55296K), 0.0004460 secs] [Times: user=0.00 sys=0.00, real=0.00 secs] 
340.642: Total time for which application threads were stopped: 0.0005840 seconds, Stopping threads took: 0.0000670 seconds
340.762: Application time: 0.1202040 seconds
340.762: [GC [PSYoungGen: 22768K->224K(23040K)] 44802K->22354K(55296K), 0.0004840 secs] [Times: user=0.00 sys=0.00, real=0.00 secs] 
340.762: Total time for which application threads were stopped: 0.0006230 seconds, Stopping threads took: 0.0000670 seconds
340.883: Application time: 0.1208240 seconds
340.883: [GC [PSYoungGen: 22752K->256K(23040K)] 44882K->22482K(55296K), 0.0004370 secs] [Times: user=0.00 sys=0.00, real=0.00 secs] 
340.884: Total time for which application threads were stopped: 0.0005700 seconds, Stopping threads took: 0.0000610 seconds
341.005: Application time: 0.1208220 seconds
341.005: [GC [PSYoungGen: 22784K->224K(23040K)] 45010K->22474K(55296K), 0.0004530 secs] [Times: user=0.00 sys=0.00, real=0.00 secs] 
341.005: Total time for which application threads were stopped: 0.0005840 seconds, Stopping threads took: 0.0000570 seconds
341.125: Application time: 0.1203170 seconds
341.126: [GC [PSYoungGen: 22752K->384K(23040K)] 45002K->22658K(55296K), 0.0005070 secs] [Times: user=0.00 sys=0.00, real=0.00 secs] 
341.126: Total time for which application threads were stopped: 0.0006510 seconds, Stopping threads took: 0.0000620 seconds
341.246: Application time: 0.1202400 seconds
341.247: [GC [PSYoungGen: 22912K->256K(23040K)] 45186K->22839K(55296K), 0.0005010 secs] [Times: user=0.00 sys=0.00, real=0.00 secs] 
341.247: Total time for which application threads were stopped: 0.0006440 seconds, Stopping threads took: 0.0000720 seconds
341.367: Application time: 0.1203810 seconds
341.368: [GC [PSYoungGen: 22784K->256K(23040K)] 45367K->22911K(55296K), 0.0004360 secs] [Times: user=0.00 sys=0.00, real=0.00 secs] 
341.368: Total time for which application threads were stopped: 0.0005710 seconds, Stopping threads took: 0.0000610 seconds
341.489: Application time: 0.1205360 seconds
341.489: [GC [PSYoungGen: 22784K->256K(23040K)] 45439K->22983K(55296K), 0.0004710 secs] [Times: user=0.00 sys=0.00, real=0.00 secs] 
341.489: Total time for which application threads were stopped: 0.0005970 seconds, Stopping threads took: 0.0000540 seconds
341.610: Application time: 0.1203940 seconds
341.610: [GC [PSYoungGen: 22784K->256K(23040K)] 45511K->23127K(55296K), 0.0004460 secs] [Times: user=0.00 sys=0.00, real=0.00 secs] 
341.610: Total time for which application threads were stopped: 0.0005820 seconds, Stopping threads took: 0.0000640 seconds
341.731: Application time: 0.1206220 seconds
341.731: [GC [PSYoungGen: 22784K->256K(23040K)] 45655K->23151K(55296K), 0.0003980 secs] [Times: user=0.00 sys=0.00, real=0.00 secs] 
341.731: Total time for which application threads were stopped: 0.0005430 seconds, Stopping threads took: 0.0000610 seconds
341.850: Application time: 0.1187080 seconds
341.850: [GC [PSYoungGen: 22784K->368K(23040K)] 45679K->23287K(55296K), 0.0004810 secs] [Times: user=0.00 sys=0.00, real=0.00 secs] 
341.851: Total time for which application threads were stopped: 0.0006130 seconds, Stopping threads took: 0.0000610 seconds
341.977: Application time: 0.1266730 seconds
341.977: [GC [PSYoungGen: 22896K->256K(23040K)] 45815K->23415K(55296K), 0.0006360 secs] [Times: user=0.00 sys=0.00, real=0.00 secs] 
341.978: Total time for which application threads were stopped: 0.0007860 seconds, Stopping threads took: 0.0000780 seconds
342.099: Application time: 0.1209590 seconds
342.099: [GC [PSYoungGen: 22784K->256K(23040K)] 45943K->23551K(55296K), 0.0004580 secs] [Times: user=0.01 sys=0.00, real=0.01 secs] 
342.100: Total time for which application threads were stopped: 0.0005990 seconds, Stopping threads took: 0.0000670 seconds
342.219: Application time: 0.1198020 seconds
342.220: [GC [PSYoungGen: 22784K->256K(23040K)] 46079K->23551K(55296K), 0.0004350 secs] [Times: user=0.00 sys=0.00, real=0.00 secs] 
342.220: Total time for which application threads were stopped: 0.0005820 seconds, Stopping threads took: 0.0000770 seconds
342.341: Application time: 0.1207840 seconds
342.341: [GC [PSYoungGen: 22784K->256K(23040K)] 46079K->23719K(55296K), 0.0004520 secs] [Times: user=0.00 sys=0.00, real=0.00 secs] 
342.341: Total time for which application threads were stopped: 0.0006050 seconds, Stopping threads took: 0.0000660 seconds
342.462: Application time: 0.1202740 seconds
342.462: [GC [PSYoungGen: 22784K->256K(23040K)] 46247K->23767K(55296K), 0.0004420 secs] [Times: user=0.01 sys=0.00, real=0.00 secs] 
342.462: Total time for which application threads were stopped: 0.0005730 seconds, Stopping threads took: 0.0000600 seconds
342.580: Application time: 0.1174480 seconds
342.580: [GC [PSYoungGen: 22784K->352K(23040K)] 46295K->23863K(55296K), 0.0004740 secs] [Times: user=0.00 sys=0.00, real=0.00 secs] 
342.580: Total time for which application threads were stopped: 0.0006070 seconds, Stopping threads took: 0.0000630 seconds
342.700: Application time: 0.1200300 seconds
342.700: [GC [PSYoungGen: 22880K->272K(23040K)] 46391K->24048K(55296K), 0.0005160 secs] [Times: user=0.00 sys=0.00, real=0.00 secs] 
342.701: Total time for which application threads were stopped: 0.0006630 seconds, Stopping threads took: 0.0000770 seconds
342.822: Application time: 0.1207990 seconds
342.822: [GC [PSYoungGen: 22800K->256K(23040K)] 46576K->24160K(55296K), 0.0004410 secs] [Times: user=0.00 sys=0.00, real=0.00 secs] 
342.822: Total time for which application threads were stopped: 0.0005990 seconds, Stopping threads took: 0.0000850 seconds
342.943: Application time: 0.1201020 seconds
342.943: [GC [PSYoungGen: 22784K->288K(23040K)] 46688K->24192K(55296K), 0.0004440 secs] [Times: user=0.01 sys=0.00, real=0.00 secs] 
342.943: Total time for which application threads were stopped: 0.0005910 seconds, Stopping threads took: 0.0000660 seconds
343.065: Application time: 0.1215110 seconds
343.065: [GC [PSYoungGen: 22816K->256K(23040K)] 46720K->24304K(55296K), 0.0004610 secs] [Times: user=0.01 sys=0.00, real=0.00 secs] 
343.065: Total time for which application threads were stopped: 0.0006000 seconds, Stopping threads took: 0.0000680 seconds
343.186: Application time: 0.1205150 seconds
343.186: [GC [PSYoungGen: 22784K->256K(23040K)] 46832K->24352K(55296K), 0.0004440 secs] [Times: user=0.00 sys=0.00, real=0.00 secs] 
343.186: Total time for which application threads were stopped: 0.0005840 seconds, Stopping threads took: 0.0000610 seconds
343.306: Application time: 0.1199990 seconds
343.306: [GC [PSYoungGen: 22784K->256K(23040K)] 46880K->24376K(55296K), 0.0004420 secs] [Times: user=0.00 sys=0.00, real=0.00 secs] 
343.307: Total time for which application threads were stopped: 0.0005950 seconds, Stopping threads took: 0.0000790 seconds
343.425: Application time: 0.1178910 seconds
343.425: [GC [PSYoungGen: 22784K->368K(23040K)] 46904K->24584K(55296K), 0.0005010 secs] [Times: user=0.00 sys=0.00, real=0.00 secs] 
343.425: Total time for which application threads were stopped: 0.0006350 seconds, Stopping threads took: 0.0000630 seconds
343.546: Application time: 0.1203080 seconds
343.546: [GC [PSYoungGen: 22896K->256K(23040K)] 47112K->24740K(55296K), 0.0005020 secs] [Times: user=0.00 sys=0.00, real=0.00 secs] 
343.546: Total time for which application threads were stopped: 0.0006450 seconds, Stopping threads took: 0.0000600 seconds
343.667: Application time: 0.1204490 seconds
343.667: [GC [PSYoungGen: 22784K->256K(23040K)] 47268K->24820K(55296K), 0.0004210 secs] [Times: user=0.00 sys=0.00, real=0.00 secs] 
343.667: Total time for which application threads were stopped: 0.0005610 seconds, Stopping threads took: 0.0000700 seconds
343.788: Application time: 0.1206850 seconds
343.788: [GC [PSYoungGen: 22784K->256K(23040K)] 47348K->24916K(55296K), 0.0004520 secs] [Times: user=0.00 sys=0.00, real=0.00 secs] 
343.789: Total time for which application threads were stopped: 0.0005900 seconds, Stopping threads took: 0.0000670 seconds
343.909: Application time: 0.1206540 seconds
343.909: [GC [PSYoungGen: 22784K->192K(23040K)] 47444K->24972K(55296K), 0.0005170 secs] [Times: user=0.00 sys=0.00, real=0.00 secs] 
343.910: Total time for which application threads were stopped: 0.0006530 seconds, Stopping threads took: 0.0000660 seconds
344.031: Application time: 0.1213130 seconds
344.031: [GC [PSYoungGen: 22720K->256K(23040K)] 47500K->25060K(55296K), 0.0004230 secs] [Times: user=0.00 sys=0.00, real=0.00 secs] 
344.032: Total time for which application threads were stopped: 0.0005450 seconds, Stopping threads took: 0.0000540 seconds
344.149: Application time: 0.1175910 seconds
344.150: [GC [PSYoungGen: 22784K->384K(23040K)] 47588K->25212K(55296K), 0.0004980 secs] [Times: user=0.00 sys=0.00, real=0.00 secs] 
344.150: Total time for which application threads were stopped: 0.0006430 seconds, Stopping threads took: 0.0000600 seconds
344.271: Application time: 0.1206310 seconds
344.271: [GC [PSYoungGen: 22912K->256K(23040K)] 47740K->25389K(55296K), 0.0005250 secs] [Times: user=0.00 sys=0.00, real=0.00 secs] 
344.271: Total time for which application threads were stopped: 0.0006650 seconds, Stopping threads took: 0.0000680 seconds
344.392: Application time: 0.1207490 seconds
344.392: [GC [PSYoungGen: 22784K->256K(23040K)] 47917K->25461K(55296K), 0.0004180 secs] [Times: user=0.00 sys=0.00, real=0.00 secs] 
344.393: Total time for which application threads were stopped: 0.0005520 seconds, Stopping threads took: 0.0000630 seconds
344.513: Application time: 0.1199180 seconds
344.513: [GC [PSYoungGen: 22784K->272K(23040K)] 47989K->25477K(55296K), 0.0004530 secs] [Times: user=0.00 sys=0.00, real=0.00 secs] 
344.513: Total time for which application threads were stopped: 0.0005840 seconds, Stopping threads took: 0.0000570 seconds
344.634: Application time: 0.1209780 seconds
344.634: [GC [PSYoungGen: 22800K->256K(23040K)] 48005K->25661K(55296K), 0.0004480 secs] [Times: user=0.01 sys=0.00, real=0.00 secs] 
344.635: Total time for which application threads were stopped: 0.0005910 seconds, Stopping threads took: 0.0000720 seconds
344.755: Application time: 0.1203950 seconds
344.755: [GC [PSYoungGen: 22784K->256K(23040K)] 48189K->25685K(55296K), 0.0004210 secs] [Times: user=0.00 sys=0.00, real=0.00 secs] 
344.756: Total time for which application threads were stopped: 0.0005880 seconds, Stopping threads took: 0.0000860 seconds
344.874: Application time: 0.1180520 seconds
344.874: [GC [PSYoungGen: 22784K->368K(23040K)] 48213K->25797K(55296K), 0.0005250 secs] [Times: user=0.00 sys=0.00, real=0.00 secs] 
344.874: Total time for which application threads were stopped: 0.0006500 seconds, Stopping threads took: 0.0000540 seconds
344.994: Application time: 0.1198750 seconds
344.994: [GC [PSYoungGen: 22896K->256K(23040K)] 48325K->25965K(55296K), 0.0005040 secs] [Times: user=0.00 sys=0.00, real=0.00 secs] 
344.995: Total time for which application threads were stopped: 0.0006370 seconds, Stopping threads took: 0.0000620 seconds
345.116: Application time: 0.1213000 seconds
345.116: [GC [PSYoungGen: 22784K->256K(23040K)] 48493K->26077K(55296K), 0.0004320 secs] [Times: user=0.00 sys=0.00, real=0.00 secs] 
345.117: Total time for which application threads were stopped: 0.0005650 seconds, Stopping threads took: 0.0000600 seconds
345.237: Application time: 0.1199600 seconds
345.237: [GC [PSYoungGen: 22784K->272K(23040K)] 48605K->26093K(55296K), 0.0004530 secs] [Times: user=0.00 sys=0.00, real=0.00 secs] 
345.237: Total time for which application threads were stopped: 0.0005880 seconds, Stopping threads took: 0.0000640 seconds
345.358: Application time: 0.1207460 seconds
345.358: [GC [PSYoungGen: 22800K->256K(23040K)] 48621K->26253K(55296K), 0.0004610 secs] [Times: user=0.00 sys=0.00, real=0.00 secs] 
345.359: Total time for which application threads were stopped: 0.0005980 seconds, Stopping threads took: 0.0000580 seconds
345.479: Application time: 0.1202350 seconds
345.479: [GC [PSYoungGen: 22784K->256K(23040K)] 48781K->26301K(55296K), 0.0004220 secs] [Times: user=0.00 sys=0.00, real=0.01 secs] 
345.480: Total time for which application threads were stopped: 0.0005570 seconds, Stopping threads took: 0.0000650 seconds
345.598: Application time: 0.1182850 seconds
345.598: [GC [PSYoungGen: 22784K->400K(23040K)] 48829K->26445K(55296K), 0.0004590 secs] [Times: user=0.01 sys=0.00, real=0.00 secs] 
345.598: Total time for which application threads were stopped: 0.0006110 seconds, Stopping threads took: 0.0000800 seconds
345.718: Application time: 0.1195550 seconds
345.718: [GC [PSYoungGen: 22928K->224K(23040K)] 48973K->26542K(55296K), 0.0005480 secs] [Times: user=0.00 sys=0.00, real=0.00 secs] 
345.719: Total time for which application threads were stopped: 0.0006730 seconds, Stopping threads took: 0.0000520 seconds
345.839: Application time: 0.1204650 seconds
345.839: [GC [PSYoungGen: 22752K->256K(23040K)] 49070K->26638K(55296K), 0.0004360 secs] [Times: user=0.01 sys=0.00, real=0.01 secs] 
345.840: Total time for which application threads were stopped: 0.0005760 seconds, Stopping threads took: 0.0000690 seconds
345.960: Application time: 0.1201160 seconds
345.960: [GC [PSYoungGen: 22768K->272K(23040K)] 49150K->26726K(55296K), 0.0004280 secs] [Times: user=0.00 sys=0.00, real=0.00 secs] 
345.960: Total time for which application threads were stopped: 0.0005690 seconds, Stopping threads took: 0.0000630 seconds
346.081: Application time: 0.1206260 seconds
346.081: [GC [PSYoungGen: 22800K->192K(23040K)] 49254K->26758K(55296K), 0.0004840 secs] [Times: user=0.00 sys=0.00, real=0.00 secs] 
346.082: Total time for which application threads were stopped: 0.0006150 seconds, Stopping threads took: 0.0000580 seconds
346.203: Application time: 0.1209450 seconds
346.203: [GC [PSYoungGen: 22720K->256K(23040K)] 49286K->26918K(55296K), 0.0004360 secs] [Times: user=0.00 sys=0.00, real=0.00 secs] 
346.203: Total time for which application threads were stopped: 0.0005640 seconds, Stopping threads took: 0.0000520 seconds
346.323: Application time: 0.1197240 seconds
346.323: [GC [PSYoungGen: 22784K->240K(23040K)] 49446K->26926K(55296K), 0.0004530 secs] [Times: user=0.00 sys=0.00, real=0.00 secs] 
346.323: Total time for which application threads were stopped: 0.0005930 seconds, Stopping threads took: 0.0000710 seconds
346.441: Application time: 0.1178390 seconds
346.441: [GC [PSYoungGen: 22768K->320K(23040K)] 49454K->27094K(55296K), 0.0004890 secs] [Times: user=0.01 sys=0.00, real=0.00 secs] 
346.442: Total time for which application threads were stopped: 0.0006260 seconds, Stopping threads took: 0.0000580 seconds
346.562: Application time: 0.1202980 seconds
346.562: [GC [PSYoungGen: 22848K->224K(23040K)] 49622K->27250K(55296K), 0.0005830 secs] [Times: user=0.00 sys=0.00, real=0.00 secs] 
346.563: Total time for which application threads were stopped: 0.0007260 seconds, Stopping threads took: 0.0000580 seconds
346.684: Application time: 0.1205220 seconds
346.684: [GC [PSYoungGen: 22752K->256K(23040K)] 49778K->27354K(55296K), 0.0004310 secs] [Times: user=0.00 sys=0.00, real=0.00 secs] 
346.684: Total time for which application threads were stopped: 0.0005580 seconds, Stopping threads took: 0.0000570 seconds
346.804: Application time: 0.1203730 seconds
346.805: [GC [PSYoungGen: 22784K->256K(23040K)] 49882K->27426K(55296K), 0.0004670 secs] [Times: user=0.00 sys=0.00, real=0.00 secs] 
346.805: Total time for which application threads were stopped: 0.0006060 seconds, Stopping threads took: 0.0000680 seconds
346.926: Application time: 0.1205110 seconds
346.926: [GC [PSYoungGen: 22784K->256K(23040K)] 49954K->27570K(55296K), 0.0004470 secs] [Times: user=0.00 sys=0.00, real=0.00 secs] 
346.926: Total time for which application threads were stopped: 0.0005910 seconds, Stopping threads took: 0.0000670 seconds
347.048: Application time: 0.1214060 seconds
347.048: [GC [PSYoungGen: 22784K->256K(23040K)] 50098K->27594K(55296K), 0.0004650 secs] [Times: user=0.01 sys=0.00, real=0.00 secs] 
347.048: Total time for which application threads were stopped: 0.0005980 seconds, Stopping threads took: 0.0000650 seconds
347.165: Application time: 0.1171690 seconds
347.165: [GC [PSYoungGen: 22784K->400K(23040K)] 50122K->27738K(55296K), 0.0005010 secs] [Times: user=0.01 sys=0.00, real=0.00 secs] 
347.166: Total time for which application threads were stopped: 0.0006420 seconds, Stopping threads took: 0.0000600 seconds
347.286: Application time: 0.1204910 seconds
347.287: [GC [PSYoungGen: 22928K->288K(23040K)] 50266K->27943K(55296K), 0.0005370 secs] [Times: user=0.00 sys=0.00, real=0.00 secs] 
347.287: Total time for which application threads were stopped: 0.0006680 seconds, Stopping threads took: 0.0000620 seconds
347.408: Application time: 0.1204920 seconds
347.408: [GC [PSYoungGen: 22816K->256K(23040K)] 50471K->27983K(55296K), 0.0004220 secs] [Times: user=0.00 sys=0.00, real=0.00 secs] 
347.408: Total time for which application threads were stopped: 0.0005530 seconds, Stopping threads took: 0.0000600 seconds
347.529: Application time: 0.1203170 seconds
347.529: [GC [PSYoungGen: 22784K->272K(23040K)] 50511K->27999K(55296K), 0.0004570 secs] [Times: user=0.00 sys=0.00, real=0.00 secs] 
347.529: Total time for which application threads were stopped: 0.0005890 seconds, Stopping threads took: 0.0000590 seconds
347.649: Application time: 0.1202590 seconds
347.649: [GC [PSYoungGen: 22800K->256K(23040K)] 50527K->28151K(55296K), 0.0004570 secs] [Times: user=0.00 sys=0.00, real=0.00 secs] 
347.650: Total time for which application threads were stopped: 0.0006010 seconds, Stopping threads took: 0.0000710 seconds
347.771: Application time: 0.1206380 seconds
347.771: [GC [PSYoungGen: 22784K->256K(23040K)] 50679K->28199K(55296K), 0.0004200 secs] [Times: user=0.00 sys=0.00, real=0.00 secs] 
347.771: Total time for which application threads were stopped: 0.0005700 seconds, Stopping threads took: 0.0000680 seconds
347.889: Application time: 0.1178120 seconds
347.889: [GC [PSYoungGen: 22784K->368K(23040K)] 50727K->28311K(55296K), 0.0004900 secs] [Times: user=0.00 sys=0.00, real=0.00 secs] 
347.890: Total time for which application threads were stopped: 0.0006360 seconds, Stopping threads took: 0.0000740 seconds
348.010: Application time: 0.1199930 seconds
348.010: [GC [PSYoungGen: 22896K->256K(23040K)] 50839K->28471K(55296K), 0.0005060 secs] [Times: user=0.00 sys=0.00, real=0.00 secs] 
348.010: Total time for which application threads were stopped: 0.0006300 seconds, Stopping threads took: 0.0000530 seconds
348.131: Application time: 0.1207360 seconds
348.131: [GC [PSYoungGen: 22784K->256K(23040K)] 50999K->28591K(55296K), 0.0004600 secs] [Times: user=0.00 sys=0.00, real=0.00 secs] 
348.132: Total time for which application threads were stopped: 0.0005950 seconds, Stopping threads took: 0.0000610 seconds
348.252: Application time: 0.1199440 seconds
348.252: [GC [PSYoungGen: 22784K->272K(23040K)] 51119K->28607K(55296K), 0.0004280 secs] [Times: user=0.00 sys=0.00, real=0.00 secs] 
348.252: Total time for which application threads were stopped: 0.0005720 seconds, Stopping threads took: 0.0000700 seconds
348.373: Application time: 0.1208700 seconds
348.376: [GC [PSYoungGen: 22800K->256K(23040K)] 51135K->28767K(55296K), 0.0005380 secs] [Times: user=0.00 sys=0.00, real=0.00 secs] 
348.376: Total time for which application threads were stopped: 0.0031340 seconds, Stopping threads took: 0.0025120 seconds
348.497: Application time: 0.1208180 seconds
348.497: [GC [PSYoungGen: 22784K->256K(23040K)] 51295K->28791K(55296K), 0.0004520 secs] [Times: user=0.00 sys=0.00, real=0.00 secs] 
348.498: Total time for which application threads were stopped: 0.0005880 seconds, Stopping threads took: 0.0000620 seconds
348.617: Application time: 0.1191220 seconds
348.617: [GC [PSYoungGen: 22784K->288K(23040K)] 51319K->28847K(55296K), 0.0004340 secs] [Times: user=0.00 sys=0.00, real=0.00 secs] 
348.617: Total time for which application threads were stopped: 0.0005700 seconds, Stopping threads took: 0.0000640 seconds
348.737: Application time: 0.1197960 seconds
348.737: [GC [PSYoungGen: 22816K->256K(23040K)] 51375K->29024K(55296K), 0.0005250 secs] [Times: user=0.00 sys=0.00, real=0.00 secs] 
348.738: Total time for which application threads were stopped: 0.0006760 seconds, Stopping threads took: 0.0000790 seconds
348.857: Application time: 0.1196740 seconds
348.857: [GC [PSYoungGen: 22784K->256K(23040K)] 51552K->29176K(55296K), 0.0004660 secs] [Times: user=0.00 sys=0.00, real=0.00 secs] 
348.858: Total time for which application threads were stopped: 0.0005990 seconds, Stopping threads took: 0.0000610 seconds
348.978: Application time: 0.1200920 seconds
348.978: [GC [PSYoungGen: 22784K->224K(23040K)] 51704K->29216K(55296K), 0.0004740 secs] [Times: user=0.00 sys=0.00, real=0.00 secs] 
348.979: Total time for which application threads were stopped: 0.0006090 seconds, Stopping threads took: 0.0000520 seconds
349.099: Application time: 0.1206630 seconds
349.099: [GC [PSYoungGen: 22752K->256K(23040K)] 51744K->29360K(55296K), 0.0004520 secs] [Times: user=0.01 sys=0.00, real=0.00 secs] 
349.100: Total time for which application threads were stopped: 0.0006100 seconds, Stopping threads took: 0.0000840 seconds
349.221: Application time: 0.1209070 seconds
349.221: [GC [PSYoungGen: 22784K->256K(23040K)] 51888K->29456K(55296K), 0.0004530 secs] [Times: user=0.00 sys=0.00, real=0.00 secs] 
349.221: Total time for which application threads were stopped: 0.0005790 seconds, Stopping threads took: 0.0000550 seconds
349.341: Application time: 0.1198830 seconds
349.341: [GC [PSYoungGen: 22784K->256K(23040K)] 51984K->29480K(55296K), 0.0004250 secs] [Times: user=0.00 sys=0.00, real=0.00 secs] 
349.342: Total time for which application threads were stopped: 0.0005610 seconds, Stopping threads took: 0.0000650 seconds
349.460: Application time: 0.1184160 seconds
349.460: [GC [PSYoungGen: 22784K->416K(23040K)] 52008K->29712K(55296K), 0.0005310 secs] [Times: user=0.00 sys=0.00, real=0.00 secs] 
349.461: Total time for which application threads were stopped: 0.0006690 seconds, Stopping threads took: 0.0000650 seconds
349.581: Application time: 0.1204070 seconds
349.581: [GC [PSYoungGen: 22944K->256K(23040K)] 52240K->29828K(55296K), 0.0005430 secs] [Times: user=0.00 sys=0.00, real=0.00 secs] 
349.582: Total time for which application threads were stopped: 0.0006830 seconds, Stopping threads took: 0.0000520 seconds
349.703: Application time: 0.1205380 seconds
349.703: [GC [PSYoungGen: 22784K->256K(23040K)] 52356K->29900K(55296K), 0.0004200 secs] [Times: user=0.00 sys=0.00, real=0.00 secs] 
349.703: Total time for which application threads were stopped: 0.0005580 seconds, Stopping threads took: 0.0000560 seconds
349.823: Application time: 0.1194720 seconds
349.823: [GC [PSYoungGen: 22784K->272K(23040K)] 52428K->29916K(55296K), 0.0004880 secs] [Times: user=0.01 sys=0.00, real=0.00 secs] 
349.823: Total time for which application threads were stopped: 0.0006220 seconds, Stopping threads took: 0.0000620 seconds
349.944: Application time: 0.1204360 seconds
349.944: [GC [PSYoungGen: 22800K->256K(23040K)] 52444K->30084K(55296K), 0.0005740 secs] [Times: user=0.00 sys=0.00, real=0.00 secs] 
349.945: Total time for which application threads were stopped: 0.0017420 seconds, Stopping threads took: 0.0000580 seconds
350.067: Application time: 0.1211610 seconds
350.067: [GC [PSYoungGen: 22784K->256K(23040K)] 52612K->30108K(55296K), 0.0004180 secs] [Times: user=0.00 sys=0.00, real=0.00 secs] 
350.067: Total time for which application threads were stopped: 0.0005740 seconds, Stopping threads took: 0.0000880 seconds
350.185: Application time: 0.1176320 seconds
350.185: [GC [PSYoungGen: 22784K->320K(23040K)] 52636K->30172K(55296K), 0.0005120 secs] [Times: user=0.01 sys=0.00, real=0.00 secs] 
350.185: Total time for which application threads were stopped: 0.0006830 seconds, Stopping threads took: 0.0000870 seconds
350.305: Application time: 0.1196690 seconds
350.305: [GC [PSYoungGen: 22848K->288K(23040K)] 52700K->30417K(55296K), 0.0005240 secs] [Times: user=0.00 sys=0.00, real=0.00 secs] 
350.306: Total time for which application threads were stopped: 0.0006460 seconds, Stopping threads took: 0.0000520 seconds
350.427: Application time: 0.1210200 seconds
350.427: [GC [PSYoungGen: 22816K->256K(23040K)] 52945K->30521K(55296K), 0.0004690 secs] [Times: user=0.00 sys=0.00, real=0.00 secs] 
350.427: Total time for which application threads were stopped: 0.0006140 seconds, Stopping threads took: 0.0000670 seconds
350.547: Application time: 0.1199160 seconds
350.547: [GC [PSYoungGen: 22784K->272K(23040K)] 53049K->30537K(55296K), 0.0004510 secs] [Times: user=0.00 sys=0.00, real=0.00 secs] 
350.548: Total time for which application threads were stopped: 0.0005860 seconds, Stopping threads took: 0.0000590 seconds
350.669: Application time: 0.1210290 seconds
350.669: [GC [PSYoungGen: 22800K->256K(23040K)] 53065K->30697K(55296K), 0.0004460 secs] [Times: user=0.01 sys=0.00, real=0.00 secs] 
350.670: Total time for which application threads were stopped: 0.0005850 seconds, Stopping threads took: 0.0000660 seconds
350.791: Application time: 0.1210010 seconds
350.791: [GC [PSYoungGen: 22784K->224K(23040K)] 53225K->30713K(55296K), 0.0004550 secs] [Times: user=0.00 sys=0.00, real=0.00 secs] 
350.791: Total time for which application threads were stopped: 0.0005980 seconds, Stopping threads took: 0.0000580 seconds
350.909: Application time: 0.1177890 seconds
350.909: [GC [PSYoungGen: 22752K->352K(23040K)] 53241K->30841K(55296K), 0.0005750 secs] [Times: user=0.00 sys=0.00, real=0.00 secs] 
350.910: Total time for which application threads were stopped: 0.0007110 seconds, Stopping threads took: 0.0000620 seconds
351.030: Application time: 0.1200610 seconds
351.030: [GC [PSYoungGen: 22880K->304K(23040K)] 53369K->31065K(55296K), 0.0004930 secs] [Times: user=0.00 sys=0.00, real=0.00 secs] 
351.030: Total time for which application threads were stopped: 0.0006300 seconds, Stopping threads took: 0.0000650 seconds
351.151: Application time: 0.1209290 seconds
351.151: [GC [PSYoungGen: 22832K->256K(23040K)] 53593K->31141K(55296K), 0.0004740 secs] [Times: user=0.01 sys=0.00, real=0.00 secs] 
351.152: Total time for which application threads were stopped: 0.0006080 seconds, Stopping threads took: 0.0000620 seconds
351.272: Application time: 0.1196890 seconds
351.272: [GC [PSYoungGen: 22784K->256K(23040K)] 53669K->31141K(55296K), 0.0004650 secs] [Times: user=0.00 sys=0.00, real=0.00 secs] 
351.272: Total time for which application threads were stopped: 0.0006220 seconds, Stopping threads took: 0.0000850 seconds
351.393: Application time: 0.1204290 seconds
351.393: [GC [PSYoungGen: 22784K->224K(23040K)] 53669K->31261K(55296K), 0.0004900 secs] [Times: user=0.00 sys=0.00, real=0.00 secs] 
351.393: Total time for which application threads were stopped: 0.0006380 seconds, Stopping threads took: 0.0000680 seconds
351.514: Application time: 0.1207870 seconds
351.516: [GC [PSYoungGen: 22752K->256K(23040K)] 53789K->31341K(55296K), 0.0004500 secs] [Times: user=0.00 sys=0.00, real=0.00 secs] 
351.516: Total time for which application threads were stopped: 0.0019120 seconds, Stopping threads took: 0.0013900 seconds
351.636: Application time: 0.1201290 seconds
351.636: [GC [PSYoungGen: 22784K->288K(23040K)] 53869K->31397K(55296K), 0.0004400 secs] [Times: user=0.01 sys=0.00, real=0.00 secs] 
351.637: Total time for which application threads were stopped: 0.0005770 seconds, Stopping threads took: 0.0000660 seconds
351.756: Application time: 0.1188090 seconds
351.756: [GC [PSYoungGen: 22816K->288K(23040K)] 53925K->31526K(55296K), 0.0005460 secs] [Times: user=0.00 sys=0.00, real=0.00 secs] 
351.756: Total time for which application threads were stopped: 0.0006670 seconds, Stopping threads took: 0.0000490 seconds
351.878: Application time: 0.1213560 seconds
351.878: [GC [PSYoungGen: 22816K->256K(23040K)] 54054K->31714K(55296K), 0.0004900 secs] [Times: user=0.00 sys=0.00, real=0.00 secs] 
351.878: Total time for which application threads were stopped: 0.0006280 seconds, Stopping threads took: 0.0000680 seconds
351.998: Application time: 0.1198700 seconds
351.998: [GC [PSYoungGen: 22784K->256K(23040K)] 54242K->31794K(55296K), 0.0004420 secs] [Times: user=0.00 sys=0.00, real=0.00 secs] 
351.999: Total time for which application threads were stopped: 0.0005790 seconds, Stopping threads took: 0.0000580 seconds
352.120: Application time: 0.1214960 seconds
352.120: [GC [PSYoungGen: 22784K->256K(23040K)] 54322K->31866K(55296K), 0.0004830 secs] [Times: user=0.00 sys=0.00, real=0.00 secs] 
352.121: Total time for which application threads were stopped: 0.0006140 seconds, Stopping threads took: 0.0000600 seconds
352.242: Application time: 0.1215530 seconds
352.242: [GC [PSYoungGen: 22784K->256K(23040K)] 54394K->32010K(55296K), 0.0004990 secs] [Times: user=0.00 sys=0.00, real=0.00 secs] 
352.243: Total time for which application threads were stopped: 0.0006380 seconds, Stopping threads took: 0.0000680 seconds
352.364: Application time: 0.1206640 seconds
352.364: [GC [PSYoungGen: 22784K->256K(23040K)] 54538K->32034K(55296K), 0.0004310 secs] [Times: user=0.00 sys=0.00, real=0.00 secs] 
352.364: Total time for which application threads were stopped: 0.0005730 seconds, Stopping threads took: 0.0000720 seconds
352.482: Application time: 0.1173270 seconds
352.482: [GC [PSYoungGen: 22784K->384K(23040K)] 54562K->32162K(55296K), 0.0005120 secs] [Times: user=0.00 sys=0.00, real=0.00 secs] 
352.482: Total time for which application threads were stopped: 0.0006680 seconds, Stopping threads took: 0.0000830 seconds
352.603: Application time: 0.1206950 seconds
352.603: [GC [PSYoungGen: 22912K->256K(23040K)] 54690K->32338K(55296K), 0.0005250 secs] [Times: user=0.00 sys=0.00, real=0.00 secs] 
352.604: [Full GC [PSYoungGen: 256K->0K(23040K)] [ParOldGen: 32082K->3117K(31744K)] 32338K->3117K(54784K) [PSPermGen: 6084K->6084K(21504K)], 0.0063260 secs] [Times: user=0.03 sys=0.00, real=0.01 secs] 
352.610: Total time for which application threads were stopped: 0.0070490 seconds, Stopping threads took: 0.0000630 seconds
352.731: Application time: 0.1208420 seconds
352.731: [GC [PSYoungGen: 22528K->256K(23040K)] 25645K->3373K(54784K), 0.0003880 secs] [Times: user=0.00 sys=0.00, real=0.00 secs] 
352.731: Total time for which application threads were stopped: 0.0005500 seconds, Stopping threads took: 0.0000910 seconds
352.852: Application time: 0.1203250 seconds
352.852: [GC [PSYoungGen: 22784K->272K(23040K)] 25901K->3397K(54784K), 0.0004080 secs] [Times: user=0.00 sys=0.00, real=0.00 secs] 
352.852: Total time for which application threads were stopped: 0.0005240 seconds, Stopping threads took: 0.0000460 seconds
352.973: Application time: 0.1210210 seconds
352.973: [GC [PSYoungGen: 22800K->256K(23040K)] 25925K->3549K(54784K), 0.0004580 secs] [Times: user=0.00 sys=0.00, real=0.00 secs] 
352.974: Total time for which application threads were stopped: 0.0005830 seconds, Stopping threads took: 0.0000540 seconds
353.095: Application time: 0.1217080 seconds
353.096: [GC [PSYoungGen: 22784K->256K(23040K)] 26077K->3597K(54784K), 0.0003960 secs] [Times: user=0.00 sys=0.00, real=0.00 secs] 
353.096: Total time for which application threads were stopped: 0.0005200 seconds, Stopping threads took: 0.0000560 seconds
353.214: Application time: 0.1177340 seconds
353.214: [GC [PSYoungGen: 22784K->400K(23040K)] 26125K->3741K(54784K), 0.0004480 secs] [Times: user=0.00 sys=0.00, real=0.00 secs] 
353.214: Total time for which application threads were stopped: 0.0005950 seconds, Stopping threads took: 0.0000610 seconds
353.335: Application time: 0.1201920 seconds
353.335: [GC [PSYoungGen: 22928K->304K(23040K)] 26269K->3925K(54784K), 0.0004790 secs] [Times: user=0.00 sys=0.00, real=0.00 secs] 
353.335: Total time for which application threads were stopped: 0.0006230 seconds, Stopping threads took: 0.0000720 seconds
353.456: Application time: 0.1205100 seconds
353.456: [GC [PSYoungGen: 22832K->256K(23040K)] 26453K->3997K(54784K), 0.0004280 secs] [Times: user=0.00 sys=0.00, real=0.00 secs] 
353.456: Total time for which application threads were stopped: 0.0005630 seconds, Stopping threads took: 0.0000610 seconds
353.576: Application time: 0.1201610 seconds
353.577: [GC [PSYoungGen: 22784K->272K(23040K)] 26525K->4013K(54784K), 0.0004060 secs] [Times: user=0.01 sys=0.00, real=0.00 secs] 
353.577: Total time for which application threads were stopped: 0.0005390 seconds, Stopping threads took: 0.0000630 seconds
353.698: Application time: 0.1205730 seconds
353.698: [GC [PSYoungGen: 22800K->256K(23040K)] 26541K->4174K(54784K), 0.0004390 secs] [Times: user=0.00 sys=0.00, real=0.00 secs] 
353.698: Total time for which application threads were stopped: 0.0005800 seconds, Stopping threads took: 0.0000660 seconds
353.819: Application time: 0.1212450 seconds
353.819: [GC [PSYoungGen: 22784K->256K(23040K)] 26702K->4222K(54784K), 0.0003810 secs] [Times: user=0.00 sys=0.00, real=0.00 secs] 
353.820: Total time for which application threads were stopped: 0.0005430 seconds, Stopping threads took: 0.0000740 seconds
353.938: Application time: 0.1184710 seconds
353.938: [GC [PSYoungGen: 22784K->352K(23040K)] 26750K->4318K(54784K), 0.0004050 secs] [Times: user=0.00 sys=0.00, real=0.00 secs] 
353.939: Total time for which application threads were stopped: 0.0005240 seconds, Stopping threads took: 0.0000490 seconds
354.059: Application time: 0.1199240 seconds
354.059: [GC [PSYoungGen: 22880K->256K(23040K)] 26846K->4466K(54784K), 0.0004550 secs] [Times: user=0.01 sys=0.00, real=0.00 secs] 
354.059: Total time for which application threads were stopped: 0.0005900 seconds, Stopping threads took: 0.0000660 seconds
354.180: Application time: 0.1202170 seconds
354.180: [GC [PSYoungGen: 22784K->256K(23040K)] 26994K->4594K(54784K), 0.0004130 secs] [Times: user=0.01 sys=0.00, real=0.00 secs] 
354.180: Total time for which application threads were stopped: 0.0005360 seconds, Stopping threads took: 0.0000530 seconds
354.300: Application time: 0.1198410 seconds
354.300: [GC [PSYoungGen: 22784K->256K(23040K)] 27122K->4674K(54784K), 0.0004210 secs] [Times: user=0.00 sys=0.00, real=0.00 secs] 
354.301: Total time for which application threads were stopped: 0.0005730 seconds, Stopping threads took: 0.0000780 seconds
354.421: Application time: 0.1203240 seconds
354.421: [GC [PSYoungGen: 22784K->256K(23040K)] 27202K->4786K(54784K), 0.0004080 secs] [Times: user=0.01 sys=0.00, real=0.00 secs] 
354.421: Total time for which application threads were stopped: 0.0005580 seconds, Stopping threads took: 0.0000700 seconds
354.543: Application time: 0.1210340 seconds
354.543: [GC [PSYoungGen: 22784K->256K(23040K)] 27314K->4882K(54784K), 0.0004020 secs] [Times: user=0.01 sys=0.00, real=0.00 secs] 
354.543: Total time for which application threads were stopped: 0.0005550 seconds, Stopping threads took: 0.0000740 seconds
354.663: Application time: 0.1199350 seconds
354.663: [GC [PSYoungGen: 22784K->256K(23040K)] 27410K->4906K(54784K), 0.0003900 secs] [Times: user=0.01 sys=0.00, real=0.00 secs] 
354.664: Total time for which application threads were stopped: 0.0005230 seconds, Stopping threads took: 0.0000630 seconds
354.781: Application time: 0.1177320 seconds
354.781: [GC [PSYoungGen: 22784K->368K(23040K)] 27434K->5106K(54784K), 0.0004670 secs] [Times: user=0.00 sys=0.00, real=0.00 secs] 
354.782: Total time for which application threads were stopped: 0.0006010 seconds, Stopping threads took: 0.0000640 seconds
354.903: Application time: 0.1211520 seconds
354.903: [GC [PSYoungGen: 22896K->256K(23040K)] 27634K->5262K(54784K), 0.0004730 secs] [Times: user=0.00 sys=0.00, real=0.00 secs] 
354.904: Total time for which application threads were stopped: 0.0006010 seconds, Stopping threads took: 0.0000570 seconds
355.025: Application time: 0.1209760 seconds
355.025: [GC [PSYoungGen: 22784K->128K(23040K)] 27790K->5198K(54784K), 0.0004450 secs] [Times: user=0.00 sys=0.00, real=0.00 secs] 
355.026: Total time for which application threads were stopped: 0.0016220 seconds, Stopping threads took: 0.0000500 seconds
355.146: Application time: 0.1197520 seconds
355.146: [GC [PSYoungGen: 22656K->272K(23040K)] 27726K->5342K(54784K), 0.0004280 secs] [Times: user=0.00 sys=0.00, real=0.00 secs] 
355.147: Total time for which application threads were stopped: 0.0005540 seconds, Stopping threads took: 0.0000570 seconds
355.267: Application time: 0.1204250 seconds
355.267: [GC [PSYoungGen: 22800K->256K(23040K)] 27870K->5519K(54784K), 0.0004580 secs] [Times: user=0.01 sys=0.00, real=0.01 secs] 
355.268: Total time for which application threads were stopped: 0.0006040 seconds, Stopping threads took: 0.0000710 seconds
355.388: Application time: 0.1206910 seconds
355.388: [GC [PSYoungGen: 22784K->256K(23040K)] 28047K->5543K(54784K), 0.0003790 secs] [Times: user=0.00 sys=0.00, real=0.00 secs] 
355.389: Total time for which application threads were stopped: 0.0005220 seconds, Stopping threads took: 0.0000700 seconds
355.506: Application time: 0.1175110 seconds
355.506: [GC [PSYoungGen: 22784K->432K(23040K)] 28071K->5719K(54784K), 0.0004950 secs] [Times: user=0.00 sys=0.00, real=0.00 secs] 
355.507: Total time for which application threads were stopped: 0.0006350 seconds, Stopping threads took: 0.0000640 seconds
355.627: Application time: 0.1200970 seconds
355.627: [GC [PSYoungGen: 22960K->240K(23040K)] 28247K->5843K(54784K), 0.0005220 secs] [Times: user=0.00 sys=0.00, real=0.01 secs] 
355.628: Total time for which application threads were stopped: 0.0006660 seconds, Stopping threads took: 0.0000630 seconds
355.748: Application time: 0.1207910 seconds
355.749: [GC [PSYoungGen: 22768K->256K(23040K)] 28371K->5939K(54784K), 0.0004020 secs] [Times: user=0.00 sys=0.00, real=0.00 secs] 
355.749: Total time for which application threads were stopped: 0.0005370 seconds, Stopping threads took: 0.0000620 seconds
355.868: Application time: 0.1194210 seconds
355.869: [GC [PSYoungGen: 22784K->272K(23040K)] 28467K->5955K(54784K), 0.0004160 secs] [Times: user=0.01 sys=0.00, real=0.00 secs] 
355.869: Total time for which application threads were stopped: 0.0005460 seconds, Stopping threads took: 0.0000570 seconds
355.989: Application time: 0.1204440 seconds
355.990: [GC [PSYoungGen: 22800K->256K(23040K)] 28483K->6107K(54784K), 0.0004450 secs] [Times: user=0.01 sys=0.00, real=0.00 secs] 
355.990: Total time for which application threads were stopped: 0.0005950 seconds, Stopping threads took: 0.0000770 seconds
356.111: Application time: 0.1209250 seconds
356.111: [GC [PSYoungGen: 22784K->256K(23040K)] 28635K->6155K(54784K), 0.0003940 secs] [Times: user=0.00 sys=0.00, real=0.00 secs] 
356.111: Total time for which application threads were stopped: 0.0005340 seconds, Stopping threads took: 0.0000630 seconds
356.229: Application time: 0.1178650 seconds
356.229: [GC [PSYoungGen: 22784K->384K(23040K)] 28683K->6283K(54784K), 0.0004570 secs] [Times: user=0.00 sys=0.00, real=0.00 secs] 
356.230: Total time for which application threads were stopped: 0.0006030 seconds, Stopping threads took: 0.0000640 seconds
356.350: Application time: 0.1197240 seconds
356.350: [GC [PSYoungGen: 22912K->304K(23040K)] 28811K->6467K(54784K), 0.0004720 secs] [Times: user=0.00 sys=0.00, real=0.00 secs] 
356.350: Total time for which application threads were stopped: 0.0006030 seconds, Stopping threads took: 0.0000570 seconds
356.471: Application time: 0.1204730 seconds
356.471: [GC [PSYoungGen: 22832K->256K(23040K)] 28995K->6531K(54784K), 0.0004080 secs] [Times: user=0.00 sys=0.00, real=0.00 secs] 
356.471: Total time for which application threads were stopped: 0.0005350 seconds, Stopping threads took: 0.0000570 seconds
356.591: Application time: 0.1194560 seconds
356.591: [GC [PSYoungGen: 22784K->272K(23040K)] 29059K->6547K(54784K), 0.0004080 secs] [Times: user=0.00 sys=0.00, real=0.00 secs] 
356.591: Total time for which application threads were stopped: 0.0005490 seconds, Stopping threads took: 0.0000710 seconds
356.712: Application time: 0.1206660 seconds
356.712: [GC [PSYoungGen: 22800K->256K(23040K)] 29075K->6684K(54784K), 0.0004450 secs] [Times: user=0.00 sys=0.00, real=0.00 secs] 
356.713: Total time for which application threads were stopped: 0.0005890 seconds, Stopping threads took: 0.0000690 seconds
356.834: Application time: 0.1209300 seconds
356.834: [GC [PSYoungGen: 22784K->256K(23040K)] 29212K->6732K(54784K), 0.0003960 secs] [Times: user=0.00 sys=0.00, real=0.00 secs] 
356.834: Total time for which application threads were stopped: 0.0005500 seconds, Stopping threads took: 0.0000700 seconds
356.953: Application time: 0.1191930 seconds
356.953: [GC [PSYoungGen: 22784K->256K(23040K)] 29260K->6756K(54784K), 0.0004120 secs] [Times: user=0.00 sys=0.00, real=0.00 secs] 
356.954: Total time for which application threads were stopped: 0.0005390 seconds, Stopping threads took: 0.0000580 seconds
357.073: Application time: 0.1190540 seconds
357.073: [GC [PSYoungGen: 22784K->304K(23040K)] 29284K->6948K(54784K), 0.0004940 secs] [Times: user=0.00 sys=0.00, real=0.00 secs] 
357.073: Total time for which application threads were stopped: 0.0006300 seconds, Stopping threads took: 0.0000690 seconds
357.194: Application time: 0.1203850 seconds
357.194: [GC [PSYoungGen: 22832K->256K(23040K)] 29476K->7108K(54784K), 0.0004550 secs] [Times: user=0.01 sys=0.00, real=0.00 secs] 
357.194: Total time for which application threads were stopped: 0.0006000 seconds, Stopping threads took: 0.0000710 seconds
357.315: Application time: 0.1208700 seconds
357.315: [GC [PSYoungGen: 22784K->192K(23040K)] 29636K->7108K(54784K), 0.0004570 secs] [Times: user=0.00 sys=0.00, real=0.00 secs] 
357.316: Total time for which application threads were stopped: 0.0005810 seconds, Stopping threads took: 0.0000550 seconds
357.437: Application time: 0.1209270 seconds
357.437: [GC [PSYoungGen: 22720K->256K(23040K)] 29636K->7260K(54784K), 0.0004300 secs] [Times: user=0.01 sys=0.00, real=0.00 secs] 
357.437: Total time for which application threads were stopped: 0.0005750 seconds, Stopping threads took: 0.0000630 seconds
357.558: Application time: 0.1205940 seconds
357.558: [GC [PSYoungGen: 22784K->256K(23040K)] 29788K->7380K(54784K), 0.0004440 secs] [Times: user=0.00 sys=0.00, real=0.00 secs] 
357.559: Total time for which application threads were stopped: 0.0005680 seconds, Stopping threads took: 0.0000540 seconds
357.679: Application time: 0.1204930 seconds
357.679: [GC [PSYoungGen: 22784K->256K(23040K)] 29908K->7404K(54784K), 0.0003850 secs] [Times: user=0.01 sys=0.00, real=0.01 secs] 
357.680: Total time for which application threads were stopped: 0.0005160 seconds, Stopping threads took: 0.0000600 seconds
357.798: Application time: 0.1186590 seconds
357.798: [GC [PSYoungGen: 22784K->368K(23040K)] 29932K->7588K(54784K), 0.0004760 secs] [Times: user=0.00 sys=0.00, real=0.00 secs] 
357.799: Total time for which application threads were stopped: 0.0006110 seconds, Stopping threads took: 0.0000610 seconds
357.919: Application time: 0.1201040 seconds
357.919: [GC [PSYoungGen: 22896K->256K(23040K)] 30116K->7764K(54784K), 0.0004890 secs] [Times: user=0.01 sys=0.00, real=0.01 secs] 
357.920: Total time for which application threads were stopped: 0.0006280 seconds, Stopping threads took: 0.0000670 seconds
358.041: Application time: 0.1214230 seconds
358.041: [GC [PSYoungGen: 22784K->256K(23040K)] 30292K->7837K(54784K), 0.0003750 secs] [Times: user=0.00 sys=0.00, real=0.00 secs] 
358.042: Total time for which application threads were stopped: 0.0005140 seconds, Stopping threads took: 0.0000630 seconds
358.161: Application time: 0.1192380 seconds
358.161: [GC [PSYoungGen: 22784K->272K(23040K)] 30365K->7853K(54784K), 0.0004070 secs] [Times: user=0.00 sys=0.00, real=0.00 secs] 
358.161: Total time for which application threads were stopped: 0.0005400 seconds, Stopping threads took: 0.0000630 seconds
358.283: Application time: 0.1217290 seconds
358.283: [GC [PSYoungGen: 22800K->256K(23040K)] 30381K->8029K(54784K), 0.0004290 secs] [Times: user=0.00 sys=0.00, real=0.00 secs] 
358.284: Total time for which application threads were stopped: 0.0005590 seconds, Stopping threads took: 0.0000590 seconds
358.404: Application time: 0.1206070 seconds
358.404: [GC [PSYoungGen: 22784K->256K(23040K)] 30557K->8053K(54784K), 0.0003930 secs] [Times: user=0.00 sys=0.00, real=0.00 secs] 
358.405: Total time for which application threads were stopped: 0.0005330 seconds, Stopping threads took: 0.0000690 seconds
358.523: Application time: 0.1182370 seconds
358.523: [GC [PSYoungGen: 22784K->352K(23040K)] 30581K->8149K(54784K), 0.0005100 secs] [Times: user=0.00 sys=0.00, real=0.00 secs] 
358.524: Total time for which application threads were stopped: 0.0006330 seconds, Stopping threads took: 0.0000500 seconds
358.643: Application time: 0.1197060 seconds
358.643: [GC [PSYoungGen: 22880K->272K(23040K)] 30677K->8353K(54784K), 0.0004930 secs] [Times: user=0.00 sys=0.00, real=0.00 secs] 
358.644: Total time for which application threads were stopped: 0.0006340 seconds, Stopping threads took: 0.0000570 seconds
358.765: Application time: 0.1207290 seconds
358.765: [GC [PSYoungGen: 22800K->256K(23040K)] 30881K->8457K(54784K), 0.0004120 secs] [Times: user=0.00 sys=0.00, real=0.00 secs] 
358.765: Total time for which application threads were stopped: 0.0005420 seconds, Stopping threads took: 0.0000590 seconds
358.885: Application time: 0.1201300 seconds
358.886: [GC [PSYoungGen: 22784K->272K(23040K)] 30985K->8473K(54784K), 0.0004270 secs] [Times: user=0.00 sys=0.00, real=0.00 secs] 
358.886: Total time for which application threads were stopped: 0.0005550 seconds, Stopping threads took: 0.0000580 seconds
359.007: Application time: 0.1207300 seconds
359.007: [GC [PSYoungGen: 22800K->256K(23040K)] 31001K->8625K(54784K), 0.0004150 secs] [Times: user=0.00 sys=0.00, real=0.00 secs] 
359.007: Total time for which application threads were stopped: 0.0005460 seconds, Stopping threads took: 0.0000600 seconds
359.128: Application time: 0.1209810 seconds
359.128: [GC [PSYoungGen: 22784K->256K(23040K)] 31153K->8673K(54784K), 0.0004030 secs] [Times: user=0.00 sys=0.00, real=0.00 secs] 
359.129: Total time for which application threads were stopped: 0.0005660 seconds, Stopping threads took: 0.0000880 seconds
359.247: Application time: 0.1185590 seconds
359.247: [GC [PSYoungGen: 22784K->320K(23040K)] 31201K->8737K(54784K), 0.0004390 secs] [Times: user=0.01 sys=0.00, real=0.00 secs] 
359.248: Total time for which application threads were stopped: 0.0005880 seconds, Stopping threads took: 0.0000640 seconds
359.368: Application time: 0.1200440 seconds
359.368: [GC [PSYoungGen: 22848K->304K(23040K)] 31265K->8961K(54784K), 0.0005030 secs] [Times: user=0.00 sys=0.00, real=0.00 secs] 
359.369: Total time for which application threads were stopped: 0.0006410 seconds, Stopping threads took: 0.0000660 seconds
359.489: Application time: 0.1202060 seconds
359.489: [GC [PSYoungGen: 22832K->272K(23040K)] 31489K->9049K(54784K), 0.0004250 secs] [Times: user=0.00 sys=0.00, real=0.00 secs] 
359.489: Total time for which application threads were stopped: 0.0005580 seconds, Stopping threads took: 0.0000540 seconds
359.609: Application time: 0.1199150 seconds
359.609: [GC [PSYoungGen: 22800K->224K(23040K)] 31577K->9066K(54784K), 0.0004940 secs] [Times: user=0.01 sys=0.00, real=0.00 secs] 
359.610: Total time for which application threads were stopped: 0.0006290 seconds, Stopping threads took: 0.0000610 seconds
359.731: Application time: 0.1206800 seconds
359.731: [GC [PSYoungGen: 22752K->256K(23040K)] 31594K->9218K(54784K), 0.0004300 secs] [Times: user=0.00 sys=0.00, real=0.00 secs] 
359.731: Total time for which application threads were stopped: 0.0005730 seconds, Stopping threads took: 0.0000680 seconds
359.852: Application time: 0.1205710 seconds
359.856: [GC [PSYoungGen: 22784K->256K(23040K)] 31746K->9314K(54784K), 0.0004330 secs] [Times: user=0.00 sys=0.00, real=0.00 secs] 
359.856: Total time for which application threads were stopped: 0.0042400 seconds, Stopping threads took: 0.0037240 seconds
359.976: Application time: 0.1200720 seconds
359.976: [GC [PSYoungGen: 22784K->256K(23040K)] 31842K->9338K(54784K), 0.0003920 secs] [Times: user=0.00 sys=0.00, real=0.00 secs] 
359.977: Total time for which application threads were stopped: 0.0005450 seconds, Stopping threads took: 0.0000810 seconds
360.094: Application time: 0.1178040 seconds
360.095: [GC [PSYoungGen: 22784K->368K(23040K)] 31866K->9538K(54784K), 0.0005070 secs] [Times: user=0.00 sys=0.00, real=0.00 secs] 
360.096: Total time for which application threads were stopped: 0.0017000 seconds, Stopping threads took: 0.0000690 seconds
360.216: Application time: 0.1203420 seconds
360.217: [GC [PSYoungGen: 22896K->256K(23040K)] 32066K->9686K(54784K), 0.0004990 secs] [Times: user=0.00 sys=0.00, real=0.00 secs] 
360.217: Total time for which application threads were stopped: 0.0006270 seconds, Stopping threads took: 0.0000570 seconds
360.337: Application time: 0.1199990 seconds
360.337: [GC [PSYoungGen: 22784K->256K(23040K)] 32214K->9758K(54784K), 0.0004110 secs] [Times: user=0.00 sys=0.00, real=0.00 secs] 
360.338: Total time for which application threads were stopped: 0.0005850 seconds, Stopping threads took: 0.0000970 seconds
360.458: Application time: 0.1201700 seconds
360.458: [GC [PSYoungGen: 22784K->256K(23040K)] 32286K->9846K(54784K), 0.0004320 secs] [Times: user=0.00 sys=0.00, real=0.00 secs] 
360.458: Total time for which application threads were stopped: 0.0005960 seconds, Stopping threads took: 0.0000770 seconds
360.580: Application time: 0.1214020 seconds
360.580: [GC [PSYoungGen: 22784K->256K(23040K)] 32374K->9966K(54784K), 0.0004210 secs] [Times: user=0.00 sys=0.00, real=0.00 secs] 
360.580: Total time for which application threads were stopped: 0.0005630 seconds, Stopping threads took: 0.0000710 seconds
360.701: Application time: 0.1205570 seconds
360.701: [GC [PSYoungGen: 22784K->256K(23040K)] 32494K->9990K(54784K), 0.0003860 secs] [Times: user=0.01 sys=0.00, real=0.00 secs] 
360.702: Total time for which application threads were stopped: 0.0005120 seconds, Stopping threads took: 0.0000510 seconds
360.819: Application time: 0.1173240 seconds
360.819: [GC [PSYoungGen: 22784K->464K(23040K)] 32518K->10198K(54784K), 0.0004750 secs] [Times: user=0.01 sys=0.00, real=0.00 secs] 
360.819: Total time for which application threads were stopped: 0.0006000 seconds, Stopping threads took: 0.0000520 seconds
360.940: Application time: 0.1205920 seconds
360.940: [GC [PSYoungGen: 22992K->256K(23040K)] 32726K->10315K(54784K), 0.0005100 secs] [Times: user=0.01 sys=0.00, real=0.00 secs] 
360.941: Total time for which application threads were stopped: 0.0006530 seconds, Stopping threads took: 0.0000690 seconds
361.062: Application time: 0.1209050 seconds
361.062: [GC [PSYoungGen: 22784K->256K(23040K)] 32843K->10387K(54784K), 0.0003940 secs] [Times: user=0.00 sys=0.00, real=0.00 secs] 
361.062: Total time for which application threads were stopped: 0.0005360 seconds, Stopping threads took: 0.0000620 seconds
361.182: Application time: 0.1198870 seconds
361.182: [GC [PSYoungGen: 22784K->256K(23040K)] 32915K->10387K(54784K), 0.0004950 secs] [Times: user=0.00 sys=0.00, real=0.00 secs] 
361.183: Total time for which application threads were stopped: 0.0006450 seconds, Stopping threads took: 0.0000780 seconds
361.303: Application time: 0.1205340 seconds
361.303: [GC [PSYoungGen: 22784K->256K(23040K)] 32915K->10571K(54784K), 0.0004570 secs] [Times: user=0.00 sys=0.00, real=0.00 secs] 
361.304: Total time for which application threads were stopped: 0.0006040 seconds, Stopping threads took: 0.0000730 seconds
361.424: Application time: 0.1205850 seconds
361.424: [GC [PSYoungGen: 22784K->256K(23040K)] 33099K->10619K(54784K), 0.0004000 secs] [Times: user=0.00 sys=0.00, real=0.00 secs] 
361.425: Total time for which application threads were stopped: 0.0005300 seconds, Stopping threads took: 0.0000580 seconds
361.543: Application time: 0.1179710 seconds
361.543: [GC [PSYoungGen: 22784K->384K(23040K)] 33147K->10747K(54784K), 0.0004580 secs] [Times: user=0.01 sys=0.00, real=0.00 secs] 
361.544: Total time for which application threads were stopped: 0.0006130 seconds, Stopping threads took: 0.0000800 seconds
361.663: Application time: 0.1197040 seconds
361.663: [GC [PSYoungGen: 22912K->256K(23040K)] 33275K->10899K(54784K), 0.0004990 secs] [Times: user=0.01 sys=0.00, real=0.00 secs] 
361.664: Total time for which application threads were stopped: 0.0006520 seconds, Stopping threads took: 0.0000710 seconds
361.785: Application time: 0.1207980 seconds
361.785: [GC [PSYoungGen: 22784K->256K(23040K)] 33427K->11019K(54784K), 0.0004130 secs] [Times: user=0.00 sys=0.00, real=0.00 secs] 
361.785: Total time for which application threads were stopped: 0.0005400 seconds, Stopping threads took: 0.0000560 seconds
361.905: Application time: 0.1193810 seconds
361.905: [GC [PSYoungGen: 22784K->272K(23040K)] 33547K->11035K(54784K), 0.0004060 secs] [Times: user=0.00 sys=0.00, real=0.00 secs] 
361.905: Total time for which application threads were stopped: 0.0005360 seconds, Stopping threads took: 0.0000550 seconds
362.026: Application time: 0.1213390 seconds
362.027: [GC [PSYoungGen: 22800K->256K(23040K)] 33563K->11187K(54784K), 0.0004480 secs] [Times: user=0.00 sys=0.00, real=0.00 secs] 
362.027: Total time for which application threads were stopped: 0.0005800 seconds, Stopping threads took: 0.0000650 seconds
362.147: Application time: 0.1202010 seconds
362.147: [GC [PSYoungGen: 22784K->256K(23040K)] 33715K->11211K(54784K), 0.0004050 secs] [Times: user=0.01 sys=0.00, real=0.01 secs] 
362.148: Total time for which application threads were stopped: 0.0005480 seconds, Stopping threads took: 0.0000680 seconds
362.267: Application time: 0.1191600 seconds
362.267: [GC [PSYoungGen: 22784K->304K(23040K)] 33739K->11283K(54784K), 0.0004130 secs] [Times: user=0.00 sys=0.00, real=0.01 secs] 
362.268: Total time for which application threads were stopped: 0.0005640 seconds, Stopping threads took: 0.0000690 seconds
362.387: Application time: 0.1190220 seconds
362.387: [GC [PSYoungGen: 22832K->256K(23040K)] 33811K->11411K(54784K), 0.0005460 secs] [Times: user=0.00 sys=0.00, real=0.00 secs] 
362.387: Total time for which application threads were stopped: 0.0006840 seconds, Stopping threads took: 0.0000660 seconds
362.507: Application time: 0.1199370 seconds
362.507: [GC [PSYoungGen: 22784K->256K(23040K)] 33939K->11584K(54784K), 0.0004630 secs] [Times: user=0.01 sys=0.00, real=0.01 secs] 
362.508: Total time for which application threads were stopped: 0.0005990 seconds, Stopping threads took: 0.0000650 seconds
362.627: Application time: 0.1197070 seconds
362.628: [GC [PSYoungGen: 22784K->256K(23040K)] 34112K->11656K(54784K), 0.0004230 secs] [Times: user=0.01 sys=0.00, real=0.00 secs] 
362.628: Total time for which application threads were stopped: 0.0005520 seconds, Stopping threads took: 0.0000580 seconds
362.748: Application time: 0.1199500 seconds
362.748: [GC [PSYoungGen: 22784K->256K(23040K)] 34184K->11728K(54784K), 0.0004060 secs] [Times: user=0.00 sys=0.00, real=0.00 secs] 
362.749: Total time for which application threads were stopped: 0.0005440 seconds, Stopping threads took: 0.0000580 seconds
362.870: Application time: 0.1212530 seconds
362.870: [GC [PSYoungGen: 22784K->256K(23040K)] 34256K->11848K(54784K), 0.0004450 secs] [Times: user=0.00 sys=0.00, real=0.00 secs] 
362.870: Total time for which application threads were stopped: 0.0006070 seconds, Stopping threads took: 0.0000820 seconds
362.990: Application time: 0.1195470 seconds
362.990: [GC [PSYoungGen: 22784K->256K(23040K)] 34376K->11872K(54784K), 0.0003910 secs] [Times: user=0.01 sys=0.00, real=0.00 secs] 
362.990: Total time for which application threads were stopped: 0.0005170 seconds, Stopping threads took: 0.0000500 seconds
363.109: Application time: 0.1189520 seconds
363.110: [GC [PSYoungGen: 22784K->336K(23040K)] 34400K->12032K(54784K), 0.0005070 secs] [Times: user=0.00 sys=0.00, real=0.00 secs] 
363.110: Total time for which application threads were stopped: 0.0006380 seconds, Stopping threads took: 0.0000580 seconds
363.231: Application time: 0.1206990 seconds
363.231: [GC [PSYoungGen: 22864K->256K(23040K)] 34560K->12208K(54784K), 0.0005490 secs] [Times: user=0.00 sys=0.00, real=0.00 secs] 
363.231: Total time for which application threads were stopped: 0.0007020 seconds, Stopping threads took: 0.0000810 seconds
363.352: Application time: 0.1209280 seconds
363.353: [GC [PSYoungGen: 22784K->256K(23040K)] 34736K->12280K(54784K), 0.0003930 secs] [Times: user=0.00 sys=0.00, real=0.00 secs] 
363.353: Total time for which application threads were stopped: 0.0005340 seconds, Stopping threads took: 0.0000700 seconds
363.472: Application time: 0.1193620 seconds
363.472: [GC [PSYoungGen: 22784K->272K(23040K)] 34808K->12296K(54784K), 0.0004520 secs] [Times: user=0.00 sys=0.00, real=0.00 secs] 
363.473: Total time for which application threads were stopped: 0.0005970 seconds, Stopping threads took: 0.0000660 seconds
363.594: Application time: 0.1210540 seconds
363.594: [GC [PSYoungGen: 22800K->256K(23040K)] 34824K->12472K(54784K), 0.0004490 secs] [Times: user=0.01 sys=0.00, real=0.00 secs] 
363.595: Total time for which application threads were stopped: 0.0005880 seconds, Stopping threads took: 0.0000700 seconds
363.715: Application time: 0.1209020 seconds
363.716: [GC [PSYoungGen: 22784K->224K(23040K)] 35000K->12464K(54784K), 0.0004190 secs] [Times: user=0.00 sys=0.00, real=0.00 secs] 
363.716: Total time for which application threads were stopped: 0.0005560 seconds, Stopping threads took: 0.0000670 seconds
363.834: Application time: 0.1179020 seconds
363.834: [GC [PSYoungGen: 22752K->352K(23040K)] 34992K->12592K(54784K), 0.0004910 secs] [Times: user=0.01 sys=0.00, real=0.00 secs] 
363.835: Total time for which application threads were stopped: 0.0006280 seconds, Stopping threads took: 0.0000630 seconds
363.954: Application time: 0.1193550 seconds
363.954: [GC [PSYoungGen: 22880K->288K(23040K)] 35120K->12808K(54784K), 0.0005000 secs] [Times: user=0.00 sys=0.00, real=0.00 secs] 
363.955: Total time for which application threads were stopped: 0.0006280 seconds, Stopping threads took: 0.0000570 seconds
364.076: Application time: 0.1213890 seconds
364.076: [GC [PSYoungGen: 22816K->256K(23040K)] 35336K->12897K(54784K), 0.0004430 secs] [Times: user=0.00 sys=0.00, real=0.00 secs] 
364.077: Total time for which application threads were stopped: 0.0005980 seconds, Stopping threads took: 0.0000730 seconds
364.197: Application time: 0.1201270 seconds
364.197: [GC [PSYoungGen: 22784K->256K(23040K)] 35425K->12897K(54784K), 0.0004170 secs] [Times: user=0.00 sys=0.00, real=0.00 secs] 
364.197: Total time for which application threads were stopped: 0.0005430 seconds, Stopping threads took: 0.0000560 seconds
364.317: Application time: 0.1202960 seconds
364.318: [GC [PSYoungGen: 22784K->256K(23040K)] 35425K->13065K(54784K), 0.0004630 secs] [Times: user=0.01 sys=0.00, real=0.00 secs] 
364.318: Total time for which application threads were stopped: 0.0006050 seconds, Stopping threads took: 0.0000720 seconds
364.439: Application time: 0.1205630 seconds
364.439: [GC [PSYoungGen: 22784K->256K(23040K)] 35593K->13113K(54784K), 0.0003910 secs] [Times: user=0.00 sys=0.00, real=0.00 secs] 
364.439: Total time for which application threads were stopped: 0.0005310 seconds, Stopping threads took: 0.0000690 seconds
364.557: Application time: 0.1180370 seconds
364.557: [GC [PSYoungGen: 22784K->368K(23040K)] 35641K->13225K(54784K), 0.0004580 secs] [Times: user=0.00 sys=0.00, real=0.00 secs] 
364.558: Total time for which application threads were stopped: 0.0006030 seconds, Stopping threads took: 0.0000730 seconds
364.678: Application time: 0.1202200 seconds
364.678: [GC [PSYoungGen: 22896K->256K(23040K)] 35753K->13393K(54784K), 0.0004880 secs] [Times: user=0.00 sys=0.00, real=0.00 secs] 
364.679: Total time for which application threads were stopped: 0.0006330 seconds, Stopping threads took: 0.0000650 seconds
364.799: Application time: 0.1200690 seconds
364.799: [GC [PSYoungGen: 22784K->272K(23040K)] 35921K->13473K(54784K), 0.0004120 secs] [Times: user=0.00 sys=0.00, real=0.00 secs] 
364.799: Total time for which application threads were stopped: 0.0005550 seconds, Stopping threads took: 0.0000730 seconds
364.919: Application time: 0.1198570 seconds
364.919: [GC [PSYoungGen: 22800K->288K(23040K)] 36001K->13553K(54784K), 0.0004360 secs] [Times: user=0.01 sys=0.00, real=0.01 secs] 
364.920: Total time for which application threads were stopped: 0.0005680 seconds, Stopping threads took: 0.0000610 seconds
365.040: Application time: 0.1204900 seconds
365.040: [GC [PSYoungGen: 22816K->256K(23040K)] 36081K->13665K(54784K), 0.0004110 secs] [Times: user=0.00 sys=0.00, real=0.00 secs] 
365.041: Total time for which application threads were stopped: 0.0005430 seconds, Stopping threads took: 0.0000640 seconds
365.161: Application time: 0.1205070 seconds
365.161: [GC [PSYoungGen: 22784K->256K(23040K)] 36193K->13737K(54784K), 0.0004420 secs] [Times: user=0.00 sys=0.00, real=0.00 secs] 
365.163: Total time for which application threads were stopped: 0.0016830 seconds, Stopping threads took: 0.0000580 seconds
365.282: Application time: 0.1194790 seconds
365.283: [GC [PSYoungGen: 22784K->288K(23040K)] 36265K->13793K(54784K), 0.0004120 secs] [Times: user=0.00 sys=0.00, real=0.00 secs] 
365.283: Total time for which application threads were stopped: 0.0005680 seconds, Stopping threads took: 0.0000750 seconds
365.402: Application time: 0.1185930 seconds
365.404: [GC [PSYoungGen: 22816K->288K(23040K)] 36321K->13913K(54784K), 0.0005610 secs] [Times: user=0.00 sys=0.00, real=0.00 secs] 
365.404: Total time for which application threads were stopped: 0.0024940 seconds, Stopping threads took: 0.0018640 seconds
365.525: Application time: 0.1204100 seconds
365.525: [GC [PSYoungGen: 22816K->256K(23040K)] 36441K->14090K(54784K), 0.0004660 secs] [Times: user=0.01 sys=0.00, real=0.00 secs] 
365.525: Total time for which application threads were stopped: 0.0006150 seconds, Stopping threads took: 0.0000780 seconds
365.645: Application time: 0.1201070 seconds
365.645: [GC [PSYoungGen: 22784K->256K(23040K)] 36618K->14154K(54784K), 0.0004160 secs] [Times: user=0.00 sys=0.00, real=0.00 secs] 
365.646: Total time for which application threads were stopped: 0.0005550 seconds, Stopping threads took: 0.0000680 seconds
365.766: Application time: 0.1197800 seconds
365.766: [GC [PSYoungGen: 22784K->256K(23040K)] 36682K->14242K(54784K), 0.0004180 secs] [Times: user=0.00 sys=0.00, real=0.00 secs] 
365.766: Total time for which application threads were stopped: 0.0005580 seconds, Stopping threads took: 0.0000670 seconds
365.887: Application time: 0.1209630 seconds
365.887: [GC [PSYoungGen: 22784K->256K(23040K)] 36770K->14362K(54784K), 0.0004340 secs] [Times: user=0.00 sys=0.00, real=0.01 secs] 
365.888: Total time for which application threads were stopped: 0.0005830 seconds, Stopping threads took: 0.0000680 seconds
366.008: Application time: 0.1204930 seconds
366.008: [GC [PSYoungGen: 22784K->256K(23040K)] 36890K->14386K(54784K), 0.0003880 secs] [Times: user=0.00 sys=0.00, real=0.00 secs] 
366.009: Total time for which application threads were stopped: 0.0005150 seconds, Stopping threads took: 0.0000540 seconds
366.126: Application time: 0.1176910 seconds
366.127: [GC [PSYoungGen: 22784K->432K(23040K)] 36914K->14562K(54784K), 0.0004880 secs] [Times: user=0.00 sys=0.00, real=0.00 secs] 
366.127: Total time for which application threads were stopped: 0.0006310 seconds, Stopping threads took: 0.0000710 seconds
366.247: Application time: 0.1204440 seconds
366.248: [GC [PSYoungGen: 22960K->256K(23040K)] 37090K->14710K(54784K), 0.0005130 secs] [Times: user=0.00 sys=0.00, real=0.00 secs] 
366.248: Total time for which application threads were stopped: 0.0006640 seconds, Stopping threads took: 0.0000790 seconds
366.369: Application time: 0.1211910 seconds
366.369: [GC [PSYoungGen: 22784K->224K(23040K)] 37238K->14742K(54784K), 0.0004210 secs] [Times: user=0.00 sys=0.00, real=0.00 secs] 
366.370: Total time for which application threads were stopped: 0.0005640 seconds, Stopping threads took: 0.0000720 seconds
366.489: Application time: 0.1194360 seconds
366.489: [GC [PSYoungGen: 22752K->240K(23040K)] 37270K->14758K(54784K), 0.0004650 secs] [Times: user=0.00 sys=0.00, real=0.00 secs] 
366.490: Total time for which application threads were stopped: 0.0006180 seconds, Stopping threads took: 0.0000670 seconds
366.610: Application time: 0.1205130 seconds
366.611: [GC [PSYoungGen: 22768K->256K(23040K)] 37286K->14950K(54784K), 0.0004520 secs] [Times: user=0.00 sys=0.00, real=0.00 secs] 
366.611: Total time for which application threads were stopped: 0.0005830 seconds, Stopping threads took: 0.0000580 seconds
366.732: Application time: 0.1211010 seconds
366.732: [GC [PSYoungGen: 22784K->256K(23040K)] 37478K->14998K(54784K), 0.0004100 secs] [Times: user=0.00 sys=0.00, real=0.00 secs] 
366.733: Total time for which application threads were stopped: 0.0005500 seconds, Stopping threads took: 0.0000690 seconds
366.850: Application time: 0.1177710 seconds
366.851: [GC [PSYoungGen: 22784K->416K(23040K)] 37526K->15158K(54784K), 0.0004490 secs] [Times: user=0.00 sys=0.00, real=0.00 secs] 
366.851: Total time for which application threads were stopped: 0.0005940 seconds, Stopping threads took: 0.0000720 seconds
366.970: Application time: 0.1192690 seconds
366.970: [GC [PSYoungGen: 22944K->288K(23040K)] 37686K->15315K(54784K), 0.0004840 secs] [Times: user=0.00 sys=0.00, real=0.00 secs] 
366.971: Total time for which application threads were stopped: 0.0006260 seconds, Stopping threads took: 0.0000700 seconds
367.092: Application time: 0.1212910 seconds
367.092: [GC [PSYoungGen: 22816K->256K(23040K)] 37843K->15419K(54784K), 0.0004270 secs] [Times: user=0.00 sys=0.00, real=0.00 secs] 
367.093: Total time for which application threads were stopped: 0.0005810 seconds, Stopping threads took: 0.0000680 seconds
367.212: Application time: 0.1193890 seconds
367.212: [GC [PSYoungGen: 22784K->240K(23040K)] 37947K->15403K(54784K), 0.0004580 secs] [Times: user=0.00 sys=0.00, real=0.00 secs] 
367.213: Total time for which application threads were stopped: 0.0005790 seconds, Stopping threads took: 0.0000490 seconds
367.334: Application time: 0.1215820 seconds
367.335: [GC [PSYoungGen: 22768K->256K(23040K)] 37931K->15579K(54784K), 0.0004370 secs] [Times: user=0.00 sys=0.00, real=0.00 secs] 
367.335: Total time for which application threads were stopped: 0.0005660 seconds, Stopping threads took: 0.0000590 seconds
367.455: Application time: 0.1204400 seconds
367.460: [GC [PSYoungGen: 22784K->256K(23040K)] 38107K->15627K(54784K), 0.0004730 secs] [Times: user=0.00 sys=0.00, real=0.00 secs] 
367.460: Total time for which application threads were stopped: 0.0045970 seconds, Stopping threads took: 0.0040530 seconds
367.579: Application time: 0.1190540 seconds
367.579: [GC [PSYoungGen: 22784K->272K(23040K)] 38155K->15643K(54784K), 0.0004380 secs] [Times: user=0.00 sys=0.00, real=0.01 secs] 
367.580: Total time for which application threads were stopped: 0.0005740 seconds, Stopping threads took: 0.0000630 seconds
367.699: Application time: 0.1190170 seconds
367.699: [GC [PSYoungGen: 22800K->272K(23040K)] 38171K->15835K(54784K), 0.0004900 secs] [Times: user=0.01 sys=0.00, real=0.00 secs] 
367.699: Total time for which application threads were stopped: 0.0006550 seconds, Stopping threads took: 0.0000680 seconds
367.820: Application time: 0.1203220 seconds
367.820: [GC [PSYoungGen: 22800K->240K(23040K)] 38363K->15963K(54784K), 0.0004790 secs] [Times: user=0.00 sys=0.00, real=0.00 secs] 
367.820: Total time for which application threads were stopped: 0.0006180 seconds, Stopping threads took: 0.0000710 seconds
367.941: Application time: 0.1204000 seconds
367.941: [GC [PSYoungGen: 22768K->256K(23040K)] 38491K->16051K(54784K), 0.0004890 secs] [Times: user=0.01 sys=0.00, real=0.00 secs] 
367.941: Total time for which application threads were stopped: 0.0006280 seconds, Stopping threads took: 0.0000660 seconds
368.062: Application time: 0.1209780 seconds
368.062: [GC [PSYoungGen: 22784K->256K(23040K)] 38579K->16155K(54784K), 0.0004200 secs] [Times: user=0.00 sys=0.00, real=0.00 secs] 
368.063: Total time for which application threads were stopped: 0.0005450 seconds, Stopping threads took: 0.0000540 seconds
368.183: Application time: 0.1204470 seconds
368.183: [GC [PSYoungGen: 22784K->256K(23040K)] 38683K->16251K(54784K), 0.0004330 secs] [Times: user=0.00 sys=0.00, real=0.00 secs] 
368.184: Total time for which application threads were stopped: 0.0005730 seconds, Stopping threads took: 0.0000690 seconds
368.304: Application time: 0.1200420 seconds
368.304: [GC [PSYoungGen: 22784K->256K(23040K)] 38779K->16275K(54784K), 0.0003920 secs] [Times: user=0.00 sys=0.00, real=0.00 secs] 
368.304: Total time for which application threads were stopped: 0.0005430 seconds, Stopping threads took: 0.0000670 seconds
368.423: Application time: 0.1180910 seconds
368.423: [GC [PSYoungGen: 22784K->336K(23040K)] 38803K->16443K(54784K), 0.0004970 secs] [Times: user=0.00 sys=0.00, real=0.00 secs] 
368.423: Total time for which application threads were stopped: 0.0006480 seconds, Stopping threads took: 0.0000770 seconds
368.544: Application time: 0.1204020 seconds
368.544: [GC [PSYoungGen: 22864K->256K(23040K)] 38971K->16624K(54784K), 0.0004850 secs] [Times: user=0.00 sys=0.00, real=0.00 secs] 
368.544: Total time for which application threads were stopped: 0.0006250 seconds, Stopping threads took: 0.0000680 seconds
368.665: Application time: 0.1210270 seconds
368.665: [GC [PSYoungGen: 22784K->256K(23040K)] 39152K->16696K(54784K), 0.0004520 secs] [Times: user=0.00 sys=0.00, real=0.00 secs] 
368.666: Total time for which application threads were stopped: 0.0005820 seconds, Stopping threads took: 0.0000540 seconds
368.786: Application time: 0.1198500 seconds
368.786: [GC [PSYoungGen: 22784K->272K(23040K)] 39224K->16712K(54784K), 0.0004380 secs] [Times: user=0.00 sys=0.00, real=0.00 secs] 
368.786: Total time for which application threads were stopped: 0.0005780 seconds, Stopping threads took: 0.0000680 seconds
368.908: Application time: 0.1215860 seconds
368.908: [GC [PSYoungGen: 22800K->224K(23040K)] 39240K->16848K(54784K), 0.0005010 secs] [Times: user=0.01 sys=0.00, real=0.00 secs] 
368.909: Total time for which application threads were stopped: 0.0006640 seconds, Stopping threads took: 0.0000790 seconds
369.029: Application time: 0.1207350 seconds
369.029: [GC [PSYoungGen: 22752K->224K(23040K)] 39376K->16872K(54784K), 0.0004100 secs] [Times: user=0.00 sys=0.00, real=0.00 secs] 
369.030: Total time for which application threads were stopped: 0.0005300 seconds, Stopping threads took: 0.0000500 seconds
369.148: Application time: 0.1178820 seconds
369.148: [GC [PSYoungGen: 22752K->352K(23040K)] 39400K->17000K(54784K), 0.0004610 secs] [Times: user=0.00 sys=0.00, real=0.00 secs] 
369.148: Total time for which application threads were stopped: 0.0005990 seconds, Stopping threads took: 0.0000670 seconds
369.268: Application time: 0.1199370 seconds
369.268: [GC [PSYoungGen: 22880K->272K(23040K)] 39528K->17196K(54784K), 0.0005130 secs] [Times: user=0.00 sys=0.00, real=0.00 secs] 
369.269: Total time for which application threads were stopped: 0.0006520 seconds, Stopping threads took: 0.0000680 seconds
369.389: Application time: 0.1205220 seconds
369.389: [GC [PSYoungGen: 22800K->256K(23040K)] 39724K->17312K(54784K), 0.0004430 secs] [Times: user=0.00 sys=0.00, real=0.00 secs] 
369.390: Total time for which application threads were stopped: 0.0005770 seconds, Stopping threads took: 0.0000590 seconds
369.510: Application time: 0.1200460 seconds
369.510: [GC [PSYoungGen: 22784K->272K(23040K)] 39840K->17328K(54784K), 0.0004150 secs] [Times: user=0.00 sys=0.00, real=0.00 secs] 
369.511: Total time for which application threads were stopped: 0.0005650 seconds, Stopping threads took: 0.0000640 seconds
369.631: Application time: 0.1204990 seconds
369.631: [GC [PSYoungGen: 22800K->256K(23040K)] 39856K->17488K(54784K), 0.0004490 secs] [Times: user=0.00 sys=0.00, real=0.00 secs] 
369.632: Total time for which application threads were stopped: 0.0005790 seconds, Stopping threads took: 0.0000570 seconds
369.753: Application time: 0.1209220 seconds
369.753: [GC [PSYoungGen: 22784K->192K(23040K)] 40016K->17472K(54784K), 0.0004350 secs] [Times: user=0.00 sys=0.00, real=0.00 secs] 
369.753: Total time for which application threads were stopped: 0.0005790 seconds, Stopping threads took: 0.0000730 seconds
369.871: Application time: 0.1178150 seconds
369.871: [GC [PSYoungGen: 22720K->368K(23040K)] 40000K->17648K(54784K), 0.0005660 secs] [Times: user=0.00 sys=0.00, real=0.00 secs] 
369.872: Total time for which application threads were stopped: 0.0006900 seconds, Stopping threads took: 0.0000540 seconds
369.991: Application time: 0.1193030 seconds
369.996: [GC [PSYoungGen: 22896K->272K(23040K)] 40176K->17809K(54784K), 0.0005400 secs] [Times: user=0.00 sys=0.00, real=0.00 secs] 
369.996: Total time for which application threads were stopped: 0.0051120 seconds, Stopping threads took: 0.0044990 seconds
370.118: Application time: 0.1215920 seconds
370.118: [GC [PSYoungGen: 22800K->256K(23040K)] 40337K->17945K(54784K), 0.0004350 secs] [Times: user=0.00 sys=0.00, real=0.00 secs] 
370.118: Total time for which application threads were stopped: 0.0005920 seconds, Stopping threads took: 0.0000690 seconds
370.238: Application time: 0.1197640 seconds
370.238: [GC [PSYoungGen: 22784K->272K(23040K)] 40473K->17961K(54784K), 0.0004070 secs] [Times: user=0.00 sys=0.00, real=0.00 secs] 
370.239: Total time for which application threads were stopped: 0.0005600 seconds, Stopping threads took: 0.0000830 seconds
370.359: Application time: 0.1202990 seconds
370.359: [GC [PSYoungGen: 22800K->256K(23040K)] 40489K->18097K(54784K), 0.0004430 secs] [Times: user=0.00 sys=0.00, real=0.01 secs] 
370.359: Total time for which application threads were stopped: 0.0005740 seconds, Stopping threads took: 0.0000600 seconds
370.480: Application time: 0.1208980 seconds
370.481: [GC [PSYoungGen: 22784K->256K(23040K)] 40625K->18169K(54784K), 0.0004530 secs] [Times: user=0.00 sys=0.00, real=0.00 secs] 
370.481: Total time for which application threads were stopped: 0.0006170 seconds, Stopping threads took: 0.0000880 seconds
370.600: Application time: 0.1194390 seconds
370.604: [GC [PSYoungGen: 22784K->304K(23040K)] 40697K->18241K(54784K), 0.0004800 secs] [Times: user=0.00 sys=0.00, real=0.00 secs] 
370.604: Total time for which application threads were stopped: 0.0035980 seconds, Stopping threads took: 0.0030470 seconds
370.723: Application time: 0.1191420 seconds
370.723: [GC [PSYoungGen: 22832K->336K(23040K)] 40769K->18417K(54784K), 0.0004780 secs] [Times: user=0.00 sys=0.00, real=0.00 secs] 
370.724: Total time for which application threads were stopped: 0.0006410 seconds, Stopping threads took: 0.0000820 seconds
370.844: Application time: 0.1205230 seconds
370.844: [GC [PSYoungGen: 22864K->256K(23040K)] 40945K->18557K(54784K), 0.0004710 secs] [Times: user=0.00 sys=0.00, real=0.00 secs] 
370.845: Total time for which application threads were stopped: 0.0006070 seconds, Stopping threads took: 0.0000630 seconds
370.965: Application time: 0.1202930 seconds
370.965: [GC [PSYoungGen: 22784K->288K(23040K)] 41085K->18661K(54784K), 0.0004260 secs] [Times: user=0.00 sys=0.00, real=0.00 secs] 
370.966: Total time for which application threads were stopped: 0.0005670 seconds, Stopping threads took: 0.0000630 seconds
371.086: Application time: 0.1205150 seconds
371.086: [GC [PSYoungGen: 22816K->224K(23040K)] 41189K->18685K(54784K), 0.0004730 secs] [Times: user=0.00 sys=0.00, real=0.00 secs] 
371.087: Total time for which application threads were stopped: 0.0006030 seconds, Stopping threads took: 0.0000580 seconds
371.207: Application time: 0.1204590 seconds
371.208: [GC [PSYoungGen: 22752K->256K(23040K)] 41213K->18837K(54784K), 0.0004320 secs] [Times: user=0.00 sys=0.00, real=0.00 secs] 
371.208: Total time for which application threads were stopped: 0.0005670 seconds, Stopping threads took: 0.0000620 seconds
371.328: Application time: 0.1199130 seconds
371.328: [GC [PSYoungGen: 22784K->256K(23040K)] 41365K->18861K(54784K), 0.0003890 secs] [Times: user=0.00 sys=0.00, real=0.00 secs] 
371.328: Total time for which application threads were stopped: 0.0005250 seconds, Stopping threads took: 0.0000530 seconds
371.447: Application time: 0.1186150 seconds
371.447: [GC [PSYoungGen: 22784K->336K(23040K)] 41389K->19005K(54784K), 0.0005060 secs] [Times: user=0.01 sys=0.00, real=0.01 secs] 
371.448: Total time for which application threads were stopped: 0.0006480 seconds, Stopping threads took: 0.0000660 seconds
371.569: Application time: 0.1215870 seconds
371.569: [GC [PSYoungGen: 22864K->256K(23040K)] 41533K->19202K(54784K), 0.0005070 secs] [Times: user=0.00 sys=0.00, real=0.00 secs] 
371.570: Total time for which application threads were stopped: 0.0006310 seconds, Stopping threads took: 0.0000530 seconds
371.690: Application time: 0.1204050 seconds
371.690: [GC [PSYoungGen: 22784K->256K(23040K)] 41730K->19266K(54784K), 0.0004340 secs] [Times: user=0.00 sys=0.00, real=0.00 secs] 
371.691: Total time for which application threads were stopped: 0.0005910 seconds, Stopping threads took: 0.0000850 seconds
371.811: Application time: 0.1199080 seconds
371.811: [GC [PSYoungGen: 22784K->256K(23040K)] 41794K->19266K(54784K), 0.0004670 secs] [Times: user=0.00 sys=0.00, real=0.00 secs] 
371.811: Total time for which application threads were stopped: 0.0006060 seconds, Stopping threads took: 0.0000690 seconds
371.932: Application time: 0.1209090 seconds
371.932: [GC [PSYoungGen: 22784K->256K(23040K)] 41794K->19434K(54784K), 0.0004620 secs] [Times: user=0.00 sys=0.00, real=0.00 secs] 
371.933: Total time for which application threads were stopped: 0.0006040 seconds, Stopping threads took: 0.0000580 seconds
372.054: Application time: 0.1211750 seconds
372.054: [GC [PSYoungGen: 22784K->256K(23040K)] 41962K->19482K(54784K), 0.0004070 secs] [Times: user=0.00 sys=0.00, real=0.00 secs] 
372.055: Total time for which application threads were stopped: 0.0005350 seconds, Stopping threads took: 0.0000580 seconds
372.173: Application time: 0.1183750 seconds
372.173: [GC [PSYoungGen: 22784K->400K(23040K)] 42010K->19626K(54784K), 0.0005030 secs] [Times: user=0.00 sys=0.00, real=0.00 secs] 
372.174: Total time for which application threads were stopped: 0.0006510 seconds, Stopping threads took: 0.0000770 seconds
372.294: Application time: 0.1198570 seconds
372.294: [GC [PSYoungGen: 22928K->256K(23040K)] 42154K->19766K(54784K), 0.0004840 secs] [Times: user=0.00 sys=0.00, real=0.00 secs] 
372.294: Total time for which application threads were stopped: 0.0006070 seconds, Stopping threads took: 0.0000540 seconds
372.415: Application time: 0.1207220 seconds
372.415: [GC [PSYoungGen: 22784K->256K(23040K)] 42294K->19886K(54784K), 0.0004380 secs] [Times: user=0.01 sys=0.00, real=0.00 secs] 
372.415: Total time for which application threads were stopped: 0.0005900 seconds, Stopping threads took: 0.0000700 seconds
372.535: Application time: 0.1199910 seconds
372.536: [GC [PSYoungGen: 22784K->240K(23040K)] 42414K->19870K(54784K), 0.0004610 secs] [Times: user=0.00 sys=0.00, real=0.00 secs] 
372.536: Total time for which application threads were stopped: 0.0005980 seconds, Stopping threads took: 0.0000550 seconds
372.657: Application time: 0.1206260 seconds
372.657: [GC [PSYoungGen: 22768K->224K(23040K)] 42398K->20030K(54784K), 0.0004880 secs] [Times: user=0.00 sys=0.00, real=0.00 secs] 
372.657: Total time for which application threads were stopped: 0.0006450 seconds, Stopping threads took: 0.0000810 seconds
372.779: Application time: 0.1211830 seconds
372.779: [GC [PSYoungGen: 22752K->256K(23040K)] 42558K->20110K(54784K), 0.0004130 secs] [Times: user=0.00 sys=0.00, real=0.00 secs] 
372.779: Total time for which application threads were stopped: 0.0005400 seconds, Stopping threads took: 0.0000550 seconds
372.897: Application time: 0.1179500 seconds
372.897: [GC [PSYoungGen: 22784K->336K(23040K)] 42638K->20190K(54784K), 0.0004580 secs] [Times: user=0.00 sys=0.00, real=0.00 secs] 
372.898: Total time for which application threads were stopped: 0.0005870 seconds, Stopping threads took: 0.0000590 seconds
373.017: Application time: 0.1198060 seconds
373.018: [GC [PSYoungGen: 22864K->256K(23040K)] 42718K->20343K(54784K), 0.0005040 secs] [Times: user=0.01 sys=0.00, real=0.00 secs] 
373.018: Total time for which application threads were stopped: 0.0007090 seconds, Stopping threads took: 0.0001300 seconds
373.138: Application time: 0.1198700 seconds
373.138: [GC [PSYoungGen: 22784K->256K(23040K)] 42871K->20455K(54784K), 0.0004630 secs] [Times: user=0.01 sys=0.00, real=0.00 secs] 
373.139: Total time for which application threads were stopped: 0.0006070 seconds, Stopping threads took: 0.0000570 seconds
373.258: Application time: 0.1197890 seconds
373.258: [GC [PSYoungGen: 22784K->256K(23040K)] 42983K->20519K(54784K), 0.0004570 secs] [Times: user=0.01 sys=0.00, real=0.00 secs] 
373.259: Total time for which application threads were stopped: 0.0005830 seconds, Stopping threads took: 0.0000560 seconds
373.380: Application time: 0.1206380 seconds
373.380: [GC [PSYoungGen: 22784K->256K(23040K)] 43047K->20631K(54784K), 0.0004820 secs] [Times: user=0.00 sys=0.00, real=0.00 secs] 
373.380: Total time for which application threads were stopped: 0.0006340 seconds, Stopping threads took: 0.0000780 seconds
373.501: Application time: 0.1209170 seconds
373.501: [GC [PSYoungGen: 22784K->256K(23040K)] 43159K->20727K(54784K), 0.0004290 secs] [Times: user=0.00 sys=0.00, real=0.00 secs] 
373.502: Total time for which application threads were stopped: 0.0005800 seconds, Stopping threads took: 0.0000780 seconds
373.622: Application time: 0.1199960 seconds
373.622: [GC [PSYoungGen: 22784K->256K(23040K)] 43255K->20751K(54784K), 0.0004090 secs] [Times: user=0.00 sys=0.00, real=0.00 secs] 
373.622: Total time for which application threads were stopped: 0.0005490 seconds, Stopping threads took: 0.0000680 seconds
373.740: Application time: 0.1179600 seconds
373.740: [GC [PSYoungGen: 22784K->320K(23040K)] 43279K->20903K(54784K), 0.0005330 secs] [Times: user=0.00 sys=0.00, real=0.00 secs] 
373.741: Total time for which application threads were stopped: 0.0006940 seconds, Stopping threads took: 0.0000780 seconds
373.861: Application time: 0.1196920 seconds
373.861: [GC [PSYoungGen: 22848K->192K(23040K)] 43431K->21023K(54784K), 0.0005630 secs] [Times: user=0.00 sys=0.00, real=0.00 secs] 
373.861: Total time for which application threads were stopped: 0.0007070 seconds, Stopping threads took: 0.0000710 seconds
373.982: Application time: 0.1211010 seconds
373.983: [GC [PSYoungGen: 22720K->256K(23040K)] 43551K->21159K(54784K), 0.0004200 secs] [Times: user=0.00 sys=0.00, real=0.00 secs] 
373.983: Total time for which application threads were stopped: 0.0005540 seconds, Stopping threads took: 0.0000650 seconds
374.103: Application time: 0.1202360 seconds
374.103: [GC [PSYoungGen: 22784K->272K(23040K)] 43687K->21199K(54784K), 0.0004400 secs] [Times: user=0.01 sys=0.00, real=0.00 secs] 
374.104: Total time for which application threads were stopped: 0.0005740 seconds, Stopping threads took: 0.0000620 seconds
374.225: Application time: 0.1207290 seconds
374.225: [GC [PSYoungGen: 22800K->256K(23040K)] 43727K->21359K(54784K), 0.0004810 secs] [Times: user=0.00 sys=0.00, real=0.00 secs] 
374.225: Total time for which application threads were stopped: 0.0006300 seconds, Stopping threads took: 0.0000710 seconds
374.346: Application time: 0.1207020 seconds
374.346: [GC [PSYoungGen: 22784K->256K(23040K)] 43887K->21383K(54784K), 0.0004230 secs] [Times: user=0.00 sys=0.00, real=0.00 secs] 
374.346: Total time for which application threads were stopped: 0.0005650 seconds, Stopping threads took: 0.0000620 seconds
374.464: Application time: 0.1176330 seconds
374.464: [GC [PSYoungGen: 22784K->352K(23040K)] 43911K->21479K(54784K), 0.0004860 secs] [Times: user=0.00 sys=0.00, real=0.00 secs] 
374.465: Total time for which application threads were stopped: 0.0006150 seconds, Stopping threads took: 0.0000570 seconds
374.584: Application time: 0.1193350 seconds
374.584: [GC [PSYoungGen: 22880K->304K(23040K)] 44007K->21696K(54784K), 0.0005110 secs] [Times: user=0.00 sys=0.00, real=0.00 secs] 
374.585: Total time for which application threads were stopped: 0.0006470 seconds, Stopping threads took: 0.0000650 seconds
374.705: Application time: 0.1208040 seconds
374.706: [GC [PSYoungGen: 22832K->160K(23040K)] 44224K->21664K(54784K), 0.0004710 secs] [Times: user=0.00 sys=0.00, real=0.00 secs] 
374.706: Total time for which application threads were stopped: 0.0006110 seconds, Stopping threads took: 0.0000630 seconds
374.826: Application time: 0.1199840 seconds
374.826: [GC [PSYoungGen: 22688K->208K(23040K)] 44192K->21712K(54784K), 0.0005010 secs] [Times: user=0.01 sys=0.00, real=0.00 secs] 
374.827: Total time for which application threads were stopped: 0.0006470 seconds, Stopping threads took: 0.0000710 seconds
374.947: Application time: 0.1204280 seconds
374.947: [GC [PSYoungGen: 22736K->256K(23040K)] 44240K->21928K(54784K), 0.0004450 secs] [Times: user=0.00 sys=0.00, real=0.01 secs] 
374.948: Total time for which application threads were stopped: 0.0006010 seconds, Stopping threads took: 0.0000730 seconds
375.069: Application time: 0.1207660 seconds
375.069: [GC [PSYoungGen: 22784K->256K(23040K)] 44456K->21976K(54784K), 0.0004090 secs] [Times: user=0.00 sys=0.00, real=0.00 secs] 
375.069: Total time for which application threads were stopped: 0.0005410 seconds, Stopping threads took: 0.0000610 seconds
375.187: Application time: 0.1182970 seconds
375.188: [GC [PSYoungGen: 22784K->336K(23040K)] 44504K->22056K(54784K), 0.0004600 secs] [Times: user=0.00 sys=0.00, real=0.00 secs] 
375.188: Total time for which application threads were stopped: 0.0005990 seconds, Stopping threads took: 0.0000670 seconds
375.307: Application time: 0.1193480 seconds
375.307: [GC [PSYoungGen: 22864K->256K(23040K)] 44584K->22240K(54784K), 0.0005730 secs] [Times: user=0.00 sys=0.00, real=0.00 secs] 
375.308: Total time for which application threads were stopped: 0.0007060 seconds, Stopping threads took: 0.0000600 seconds
375.429: Application time: 0.1205890 seconds
375.429: [GC [PSYoungGen: 22784K->256K(23040K)] 44768K->22368K(54784K), 0.0004350 secs] [Times: user=0.00 sys=0.00, real=0.00 secs] 
375.429: Total time for which application threads were stopped: 0.0005730 seconds, Stopping threads took: 0.0000680 seconds
375.549: Application time: 0.1198960 seconds
375.549: [GC [PSYoungGen: 22784K->272K(23040K)] 44896K->22384K(54784K), 0.0004350 secs] [Times: user=0.01 sys=0.00, real=0.00 secs] 
375.550: Total time for which application threads were stopped: 0.0005950 seconds, Stopping threads took: 0.0000750 seconds
375.670: Application time: 0.1204770 seconds
375.670: [GC [PSYoungGen: 22800K->256K(23040K)] 44912K->22544K(54784K), 0.0004680 secs] [Times: user=0.01 sys=0.00, real=0.00 secs] 
375.671: Total time for which application threads were stopped: 0.0005990 seconds, Stopping threads took: 0.0000620 seconds
375.791: Application time: 0.1205180 seconds
375.791: [GC [PSYoungGen: 22784K->224K(23040K)] 45072K->22536K(54784K), 0.0004370 secs] [Times: user=0.00 sys=0.00, real=0.00 secs] 
375.792: Total time for which application threads were stopped: 0.0005790 seconds, Stopping threads took: 0.0000700 seconds
375.911: Application time: 0.1193240 seconds
375.911: [GC [PSYoungGen: 22752K->272K(23040K)] 45064K->22608K(54784K), 0.0004690 secs] [Times: user=0.00 sys=0.00, real=0.00 secs] 
375.912: Total time for which application threads were stopped: 0.0006100 seconds, Stopping threads took: 0.0000660 seconds
376.031: Application time: 0.1186950 seconds
376.031: [GC [PSYoungGen: 22800K->304K(23040K)] 45136K->22784K(54784K), 0.0004780 secs] [Times: user=0.00 sys=0.00, real=0.00 secs] 
376.031: Total time for which application threads were stopped: 0.0006100 seconds, Stopping threads took: 0.0000640 seconds
376.151: Application time: 0.1202120 seconds
376.151: [GC [PSYoungGen: 22832K->224K(23040K)] 45312K->22897K(54784K), 0.0005080 secs] [Times: user=0.00 sys=0.00, real=0.00 secs] 
376.152: Total time for which application threads were stopped: 0.0006600 seconds, Stopping threads took: 0.0000680 seconds
376.272: Application time: 0.1202600 seconds
376.272: [GC [PSYoungGen: 22752K->256K(23040K)] 45425K->22985K(54784K), 0.0004320 secs] [Times: user=0.00 sys=0.00, real=0.00 secs] 
376.273: Total time for which application threads were stopped: 0.0005650 seconds, Stopping threads took: 0.0000610 seconds
376.393: Application time: 0.1200070 seconds
376.393: [GC [PSYoungGen: 22784K->256K(23040K)] 45513K->23081K(54784K), 0.0004550 secs] [Times: user=0.00 sys=0.00, real=0.00 secs] 
376.393: Total time for which application threads were stopped: 0.0005870 seconds, Stopping threads took: 0.0000600 seconds
376.515: Application time: 0.1211640 seconds
376.515: [GC [PSYoungGen: 22784K->256K(23040K)] 45609K->23201K(54784K), 0.0004280 secs] [Times: user=0.00 sys=0.00, real=0.00 secs] 
376.515: Total time for which application threads were stopped: 0.0005550 seconds, Stopping threads took: 0.0000550 seconds
376.635: Application time: 0.1201420 seconds
376.635: [GC [PSYoungGen: 22784K->256K(23040K)] 45729K->23225K(54784K), 0.0004430 secs] [Times: user=0.00 sys=0.00, real=0.00 secs] 
376.636: Total time for which application threads were stopped: 0.0005670 seconds, Stopping threads took: 0.0000530 seconds
376.754: Application time: 0.1178000 seconds
376.754: [GC [PSYoungGen: 22784K->352K(23040K)] 45753K->23401K(54784K), 0.0004750 secs] [Times: user=0.00 sys=0.00, real=0.00 secs] 
376.754: Total time for which application threads were stopped: 0.0006140 seconds, Stopping threads took: 0.0000590 seconds
376.819: Application time: 0.0643380 seconds
376.819: Total time for which application threads were stopped: 0.0000960 seconds, Stopping threads took: 0.0000600 seconds
376.876: Application time: 0.0570070 seconds
376.876: [GC [PSYoungGen: 22880K->224K(23040K)] 45929K->23525K(54784K), 0.0005240 secs] [Times: user=0.00 sys=0.00, real=0.00 secs] 
376.876: Total time for which application threads were stopped: 0.0006640 seconds, Stopping threads took: 0.0000720 seconds
377.012: Application time: 0.1357830 seconds
377.012: [GC [PSYoungGen: 22752K->256K(23040K)] 46053K->23565K(54784K), 0.0004290 secs] [Times: user=0.01 sys=0.00, real=0.00 secs] 
377.013: Total time for which application threads were stopped: 0.0005450 seconds, Stopping threads took: 0.0000450 seconds
377.138: Application time: 0.1248220 seconds
377.138: [GC [PSYoungGen: 22784K->256K(23040K)] 46093K->23621K(54784K), 0.0004480 secs] [Times: user=0.01 sys=0.00, real=0.00 secs] 
377.138: Total time for which application threads were stopped: 0.0005720 seconds, Stopping threads took: 0.0000490 seconds
377.235: Application time: 0.0968700 seconds
377.235: Total time for which application threads were stopped: 0.0000800 seconds, Stopping threads took: 0.0000440 seconds
377.265: Application time: 0.0294420 seconds
377.265: [GC [PSYoungGen: 22784K->256K(23040K)] 46149K->23693K(54784K), 0.0004460 secs] [Times: user=0.00 sys=0.00, real=0.00 secs] 
377.265: Total time for which application threads were stopped: 0.0005380 seconds, Stopping threads took: 0.0000240 seconds
377.310: Application time: 0.0445090 seconds
377.310: Total time for which application threads were stopped: 0.0000510 seconds, Stopping threads took: 0.0000270 seconds
377.349: Application time: 0.0395930 seconds
377.349: Total time for which application threads were stopped: 0.0000390 seconds, Stopping threads took: 0.0000190 seconds
377.410: Application time: 0.0611550 seconds
377.410: Total time for which application threads were stopped: 0.0000850 seconds, Stopping threads took: 0.0000180 seconds
377.502: Application time: 0.0918790 seconds
377.502: [GC [PSYoungGen: 22784K->480K(23040K)] 46221K->26560K(54784K), 0.0019870 secs] [Times: user=0.02 sys=0.00, real=0.00 secs] 
377.504: Total time for which application threads were stopped: 0.0021130 seconds, Stopping threads took: 0.0000140 seconds
377.614: Application time: 0.1093420 seconds
377.614: Total time for which application threads were stopped: 0.0000470 seconds, Stopping threads took: 0.0000090 seconds
377.614: Application time: 0.0000450 seconds
377.614: Total time for which application threads were stopped: 0.0000080 seconds, Stopping threads took: 0.0000030 seconds
377.808: Application time: 0.1935840 seconds
377.808: [GC [PSYoungGen: 23008K->1013K(22528K)] 49088K->30288K(54272K), 0.0028130 secs] [Times: user=0.01 sys=0.00, real=0.00 secs] 
377.810: Total time for which application threads were stopped: 0.0029550 seconds, Stopping threads took: 0.0000100 seconds
377.811: Application time: 0.0000920 seconds
377.811: Total time for which application threads were stopped: 0.0000910 seconds, Stopping threads took: 0.0000570 seconds
377.811: Application time: 0.0000330 seconds
377.811: Total time for which application threads were stopped: 0.0000470 seconds, Stopping threads took: 0.0000280 seconds
377.811: Application time: 0.0000700 seconds
377.811: Total time for which application threads were stopped: 0.0000260 seconds, Stopping threads took: 0.0000150 seconds
377.811: Application time: 0.0001930 seconds
377.811: Total time for which application threads were stopped: 0.0000190 seconds, Stopping threads took: 0.0000100 seconds
377.811: Application time: 0.0001120 seconds
377.811: Total time for which application threads were stopped: 0.0000240 seconds, Stopping threads took: 0.0000140 seconds
377.811: Application time: 0.0000350 seconds
377.811: Total time for which application threads were stopped: 0.0000180 seconds, Stopping threads took: 0.0000100 seconds
377.811: Application time: 0.0000150 seconds
377.811: Total time for which application threads were stopped: 0.0000170 seconds, Stopping threads took: 0.0000090 seconds
378.101: Application time: 0.2901690 seconds
378.102: Total time for which application threads were stopped: 0.0000800 seconds, Stopping threads took: 0.0000150 seconds
378.103: Application time: 0.0017760 seconds
378.103: Total time for which application threads were stopped: 0.0000290 seconds, Stopping threads took: 0.0000100 seconds
Heap
 PSYoungGen      total 22528K, used 20149K [0x00000000d7480000, 0x00000000d9080000, 0x0000000100000000)
  eden space 21504K, 88% used [0x00000000d7480000,0x00000000d87300c0,0x00000000d8980000)
  from space 1024K, 98% used [0x00000000d8c80000,0x00000000d8d7d480,0x00000000d8d80000)
  to   space 3072K, 0% used [0x00000000d8980000,0x00000000d8980000,0x00000000d8c80000)
 ParOldGen       total 31744K, used 29275K [0x0000000085e00000, 0x0000000087d00000, 0x00000000d7480000)
  object space 31744K, 92% used [0x0000000085e00000,0x0000000087a96e60,0x0000000087d00000)
 PSPermGen       total 21504K, used 13581K [0x0000000080c00000, 0x0000000082100000, 0x0000000085e00000)
  object space 21504K, 63% used [0x0000000080c00000,0x00000000819434e0,0x0000000082100000)
378.104: Application time: 0.0001730 seconds
