Java HotSpot(TM) 64-Bit Server VM (24.80-b11) for linux-amd64 JRE (1.7.0_80-b15), built on Apr 10 2015 19:53:14 by "java_re" with gcc 4.3.0 20080428 (Red Hat 4.3.0-8)
Memory: 4k page, physical 8000092k(6117748k free), swap 8218620k(8218620k free)
CommandLine flags: -XX:InitialHeapSize=128001472 -XX:MaxHeapSize=2048023552 -XX:+PrintGC -XX:+PrintGCApplicationConcurrentTime -XX:+PrintGCApplicationStoppedTime -XX:+PrintGCDetails -XX:+PrintGCTimeStamps -XX:+UseCompressedOops -XX:+UseParNewGC 
1.009: Application time: 0.9849300 seconds
1.009: Total time for which application threads were stopped: 0.0000440 seconds, Stopping threads took: 0.0000110 seconds
4.029: Application time: 3.0204710 seconds
4.029: Total time for which application threads were stopped: 0.0000630 seconds, Stopping threads took: 0.0000100 seconds
14.812: Application time: 10.7829840 seconds
14.812: Total time for which application threads were stopped: 0.0000340 seconds, Stopping threads took: 0.0000190 seconds
14.813: Application time: 0.0000410 seconds
14.813: Total time for which application threads were stopped: 0.0000090 seconds, Stopping threads took: 0.0000030 seconds
14.814: Application time: 0.0015080 seconds
14.814: Total time for which application threads were stopped: 0.0000230 seconds, Stopping threads took: 0.0000170 seconds
14.832: Application time: 0.0183880 seconds
14.833: Total time for which application threads were stopped: 0.0000390 seconds, Stopping threads took: 0.0000100 seconds
14.846: Application time: 0.0139240 seconds
14.846: [Full GC14.846: [Tenured: 0K->3145K(83392K), 0.0088260 secs] 10876K->3145K(120896K), [Perm : 5076K->5076K(21248K)], 0.0088840 secs] [Times: user=0.01 sys=0.00, real=0.01 secs] 
14.855: Total time for which application threads were stopped: 0.0089490 seconds, Stopping threads took: 0.0000170 seconds
14.855: Application time: 0.0000670 seconds
14.855: [Full GC14.855: [Tenured: 3145K->3145K(83392K), 0.0058020 secs] 3145K->3145K(120960K), [Perm : 5076K->5076K(21248K)], 0.0058270 secs] [Times: user=0.01 sys=0.00, real=0.01 secs] 
14.861: Total time for which application threads were stopped: 0.0058750 seconds, Stopping threads took: 0.0000060 seconds
14.862: Application time: 0.0002090 seconds
14.862: Total time for which application threads were stopped: 0.0001050 seconds, Stopping threads took: 0.0000710 seconds
14.862: Application time: 0.0000820 seconds
14.862: Total time for which application threads were stopped: 0.0001020 seconds, Stopping threads took: 0.0000690 seconds
14.862: Application time: 0.0000820 seconds
14.862: Total time for which application threads were stopped: 0.0000270 seconds, Stopping threads took: 0.0000210 seconds
14.862: Application time: 0.0000480 seconds
14.862: Total time for which application threads were stopped: 0.0000210 seconds, Stopping threads took: 0.0000170 seconds
14.862: Application time: 0.0000260 seconds
14.862: Total time for which application threads were stopped: 0.0000160 seconds, Stopping threads took: 0.0000120 seconds
14.862: Application time: 0.0000250 seconds
14.862: Total time for which application threads were stopped: 0.0000120 seconds, Stopping threads took: 0.0000090 seconds
14.862: Application time: 0.0000090 seconds
14.862: Total time for which application threads were stopped: 0.0000120 seconds, Stopping threads took: 0.0000090 seconds
14.862: Application time: 0.0000090 seconds
14.862: Total time for which application threads were stopped: 0.0000130 seconds, Stopping threads took: 0.0000090 seconds
14.862: Application time: 0.0000090 seconds
14.862: Total time for which application threads were stopped: 0.0000120 seconds, Stopping threads took: 0.0000090 seconds
14.862: Application time: 0.0000080 seconds
14.862: Total time for which application threads were stopped: 0.0000150 seconds, Stopping threads took: 0.0000110 seconds
14.862: Application time: 0.0000090 seconds
14.862: Total time for which application threads were stopped: 0.0000130 seconds, Stopping threads took: 0.0000090 seconds
14.862: Application time: 0.0000090 seconds
14.862: Total time for which application threads were stopped: 0.0000120 seconds, Stopping threads took: 0.0000090 seconds
14.862: Application time: 0.0000100 seconds
14.862: Total time for which application threads were stopped: 0.0000120 seconds, Stopping threads took: 0.0000080 seconds
14.862: Application time: 0.0000080 seconds
14.862: Total time for which application threads were stopped: 0.0000130 seconds, Stopping threads took: 0.0000090 seconds
14.862: Application time: 0.0000080 seconds
14.862: Total time for which application threads were stopped: 0.0000130 seconds, Stopping threads took: 0.0000090 seconds
14.862: Application time: 0.0000100 seconds
14.862: Total time for which application threads were stopped: 0.0000120 seconds, Stopping threads took: 0.0000080 seconds
14.862: Application time: 0.0000090 seconds
14.862: Total time for which application threads were stopped: 0.0000230 seconds, Stopping threads took: 0.0000190 seconds
14.862: Application time: 0.0000080 seconds
14.862: Total time for which application threads were stopped: 0.0000160 seconds, Stopping threads took: 0.0000110 seconds
14.862: Application time: 0.0000110 seconds
14.862: Total time for which application threads were stopped: 0.0000160 seconds, Stopping threads took: 0.0000120 seconds
14.862: Application time: 0.0000100 seconds
14.862: Total time for which application threads were stopped: 0.0000140 seconds, Stopping threads took: 0.0000050 seconds
14.939: Application time: 0.0763470 seconds
14.939: [GC14.939: [ParNew: 33408K->4159K(37568K), 0.0075500 secs] 36553K->14709K(120960K), 0.0075930 secs] [Times: user=0.06 sys=0.00, real=0.01 secs] 
14.946: Total time for which application threads were stopped: 0.0076690 seconds, Stopping threads took: 0.0000110 seconds
14.947: Application time: 0.0000680 seconds
14.947: Total time for which application threads were stopped: 0.0000270 seconds, Stopping threads took: 0.0000130 seconds
14.947: Application time: 0.0000240 seconds
14.947: Total time for which application threads were stopped: 0.0000110 seconds, Stopping threads took: 0.0000070 seconds
14.947: Application time: 0.0000190 seconds
14.947: Total time for which application threads were stopped: 0.0000080 seconds, Stopping threads took: 0.0000050 seconds
14.947: Application time: 0.0000180 seconds
14.947: Total time for which application threads were stopped: 0.0000170 seconds, Stopping threads took: 0.0000130 seconds
14.947: Application time: 0.0000180 seconds
14.947: Total time for which application threads were stopped: 0.0000220 seconds, Stopping threads took: 0.0000180 seconds
14.947: Application time: 0.0000110 seconds
14.947: Total time for which application threads were stopped: 0.0000060 seconds, Stopping threads took: 0.0000030 seconds
14.947: Application time: 0.0000090 seconds
14.947: Total time for which application threads were stopped: 0.0000080 seconds, Stopping threads took: 0.0000050 seconds
14.947: Application time: 0.0000080 seconds
14.947: Total time for which application threads were stopped: 0.0000080 seconds, Stopping threads took: 0.0000050 seconds
14.947: Application time: 0.0000090 seconds
14.947: Total time for which application threads were stopped: 0.0000120 seconds, Stopping threads took: 0.0000080 seconds
14.947: Application time: 0.0000080 seconds
14.947: Total time for which application threads were stopped: 0.0000130 seconds, Stopping threads took: 0.0000100 seconds
14.947: Application time: 0.0000090 seconds
14.947: Total time for which application threads were stopped: 0.0000150 seconds, Stopping threads took: 0.0000110 seconds
14.947: Application time: 0.0000080 seconds
14.947: Total time for which application threads were stopped: 0.0000060 seconds, Stopping threads took: 0.0000030 seconds
14.947: Application time: 0.0000090 seconds
14.947: Total time for which application threads were stopped: 0.0000120 seconds, Stopping threads took: 0.0000080 seconds
14.947: Application time: 0.0000090 seconds
14.947: Total time for which application threads were stopped: 0.0000090 seconds, Stopping threads took: 0.0000060 seconds
14.947: Application time: 0.0000080 seconds
14.947: Total time for which application threads were stopped: 0.0000070 seconds, Stopping threads took: 0.0000040 seconds
14.947: Application time: 0.0000090 seconds
14.947: Total time for which application threads were stopped: 0.0000080 seconds, Stopping threads took: 0.0000050 seconds
14.947: Application time: 0.0000090 seconds
14.947: Total time for which application threads were stopped: 0.0000120 seconds, Stopping threads took: 0.0000080 seconds
14.947: Application time: 0.0000080 seconds
14.947: Total time for which application threads were stopped: 0.0000070 seconds, Stopping threads took: 0.0000040 seconds
14.947: Application time: 0.0000120 seconds
14.947: Total time for which application threads were stopped: 0.0000210 seconds, Stopping threads took: 0.0000050 seconds
14.947: Application time: 0.0000090 seconds
14.947: Total time for which application threads were stopped: 0.0000090 seconds, Stopping threads took: 0.0000050 seconds
14.947: Application time: 0.0000090 seconds
14.947: Total time for which application threads were stopped: 0.0000180 seconds, Stopping threads took: 0.0000050 seconds
15.167: Application time: 0.2202940 seconds
15.167: Total time for which application threads were stopped: 0.0000840 seconds, Stopping threads took: 0.0000200 seconds
15.191: Application time: 0.0232850 seconds
15.191: Total time for which application threads were stopped: 0.0000370 seconds, Stopping threads took: 0.0000180 seconds
15.213: Application time: 0.0223770 seconds
15.213: Total time for which application threads were stopped: 0.0000400 seconds, Stopping threads took: 0.0000180 seconds
15.248: Application time: 0.0348620 seconds
15.248: Total time for which application threads were stopped: 0.0000380 seconds, Stopping threads took: 0.0000110 seconds
15.248: Application time: 0.0000420 seconds
15.248: Total time for which application threads were stopped: 0.0000250 seconds, Stopping threads took: 0.0000060 seconds
15.261: Application time: 0.0133930 seconds
15.262: Total time for which application threads were stopped: 0.0000420 seconds, Stopping threads took: 0.0000180 seconds
15.264: Application time: 0.0024170 seconds
15.264: Total time for which application threads were stopped: 0.0000340 seconds, Stopping threads took: 0.0000070 seconds
15.265: Application time: 0.0009090 seconds
15.265: Total time for which application threads were stopped: 0.0000350 seconds, Stopping threads took: 0.0000070 seconds
15.321: Application time: 0.0563680 seconds
15.321: Total time for which application threads were stopped: 0.0000450 seconds, Stopping threads took: 0.0000080 seconds
15.321: Application time: 0.0000140 seconds
15.321: Total time for which application threads were stopped: 0.0000210 seconds, Stopping threads took: 0.0000050 seconds
15.333: Application time: 0.0112080 seconds
15.333: Total time for which application threads were stopped: 0.0000390 seconds, Stopping threads took: 0.0000170 seconds
15.351: Application time: 0.0185490 seconds
15.351: Total time for which application threads were stopped: 0.0000370 seconds, Stopping threads took: 0.0000080 seconds
15.352: Application time: 0.0008630 seconds
15.352: Total time for which application threads were stopped: 0.0000350 seconds, Stopping threads took: 0.0000080 seconds
15.460: Application time: 0.1077660 seconds
15.460: Total time for which application threads were stopped: 0.0000420 seconds, Stopping threads took: 0.0000130 seconds
15.463: Application time: 0.0029890 seconds
15.463: Total time for which application threads were stopped: 0.0000250 seconds, Stopping threads took: 0.0000070 seconds
15.471: Application time: 0.0081070 seconds
15.471: Total time for which application threads were stopped: 0.0000450 seconds, Stopping threads took: 0.0000080 seconds
15.481: Application time: 0.0097640 seconds
15.481: Total time for which application threads were stopped: 0.0000270 seconds, Stopping threads took: 0.0000040 seconds
15.764: Application time: 0.2830660 seconds
15.764: [GC15.764: [ParNew: 37567K->4160K(37568K), 0.0056430 secs] 48117K->22282K(120960K), 0.0056820 secs] [Times: user=0.03 sys=0.00, real=0.01 secs] 
15.770: Total time for which application threads were stopped: 0.0057710 seconds, Stopping threads took: 0.0000200 seconds
15.772: Application time: 0.0018850 seconds
15.772: Total time for which application threads were stopped: 0.0000470 seconds, Stopping threads took: 0.0000200 seconds
15.826: Application time: 0.0544180 seconds
15.826: Total time for which application threads were stopped: 0.0000530 seconds, Stopping threads took: 0.0000200 seconds
16.001: Application time: 0.1750840 seconds
16.001: Total time for which application threads were stopped: 0.0000900 seconds, Stopping threads took: 0.0000190 seconds
16.001: Application time: 0.0000810 seconds
16.001: Total time for which application threads were stopped: 0.0000300 seconds, Stopping threads took: 0.0000070 seconds
16.002: Application time: 0.0000690 seconds
16.002: Total time for which application threads were stopped: 0.0000300 seconds, Stopping threads took: 0.0000070 seconds
16.003: Application time: 0.0009960 seconds
16.003: Total time for which application threads were stopped: 0.0000300 seconds, Stopping threads took: 0.0000070 seconds
16.003: Application time: 0.0000760 seconds
16.003: Total time for which application threads were stopped: 0.0000300 seconds, Stopping threads took: 0.0000080 seconds
16.003: Application time: 0.0000720 seconds
16.003: Total time for which application threads were stopped: 0.0000170 seconds, Stopping threads took: 0.0000040 seconds
16.003: Application time: 0.0000100 seconds
16.003: Total time for which application threads were stopped: 0.0000130 seconds, Stopping threads took: 0.0000030 seconds
16.003: Application time: 0.0000590 seconds
16.003: Total time for which application threads were stopped: 0.0000160 seconds, Stopping threads took: 0.0000040 seconds
16.003: Application time: 0.0000160 seconds
16.003: Total time for which application threads were stopped: 0.0000120 seconds, Stopping threads took: 0.0000030 seconds
16.003: Application time: 0.0000620 seconds
16.003: Total time for which application threads were stopped: 0.0000120 seconds, Stopping threads took: 0.0000020 seconds
16.003: Application time: 0.0000100 seconds
16.003: Total time for which application threads were stopped: 0.0000120 seconds, Stopping threads took: 0.0000020 seconds
16.003: Application time: 0.0000520 seconds
16.003: Total time for which application threads were stopped: 0.0000120 seconds, Stopping threads took: 0.0000030 seconds
16.003: Application time: 0.0000470 seconds
16.003: Total time for which application threads were stopped: 0.0000120 seconds, Stopping threads took: 0.0000020 seconds
16.003: Application time: 0.0000750 seconds
16.003: Total time for which application threads were stopped: 0.0000120 seconds, Stopping threads took: 0.0000030 seconds
16.003: Application time: 0.0000530 seconds
16.003: Total time for which application threads were stopped: 0.0000120 seconds, Stopping threads took: 0.0000020 seconds
16.003: Application time: 0.0001030 seconds
16.003: Total time for which application threads were stopped: 0.0000110 seconds, Stopping threads took: 0.0000020 seconds
16.004: Application time: 0.0000590 seconds
16.004: Total time for which application threads were stopped: 0.0000110 seconds, Stopping threads took: 0.0000020 seconds
16.004: Application time: 0.0004590 seconds
16.004: Total time for which application threads were stopped: 0.0000110 seconds, Stopping threads took: 0.0000020 seconds
16.004: Application time: 0.0000510 seconds
16.004: Total time for which application threads were stopped: 0.0000120 seconds, Stopping threads took: 0.0000030 seconds
16.004: Application time: 0.0001940 seconds
16.004: Total time for which application threads were stopped: 0.0000120 seconds, Stopping threads took: 0.0000020 seconds
16.004: Application time: 0.0000220 seconds
16.004: Total time for which application threads were stopped: 0.0000120 seconds, Stopping threads took: 0.0000030 seconds
16.004: Application time: 0.0000150 seconds
16.004: Total time for which application threads were stopped: 0.0000130 seconds, Stopping threads took: 0.0000030 seconds
16.004: Application time: 0.0000160 seconds
16.004: Total time for which application threads were stopped: 0.0000130 seconds, Stopping threads took: 0.0000030 seconds
16.006: Application time: 0.0011300 seconds
16.006: Total time for which application threads were stopped: 0.0000160 seconds, Stopping threads took: 0.0000040 seconds
16.006: Application time: 0.0000700 seconds
16.006: Total time for which application threads were stopped: 0.0000160 seconds, Stopping threads took: 0.0000040 seconds
16.006: Application time: 0.0000940 seconds
16.006: Total time for which application threads were stopped: 0.0000160 seconds, Stopping threads took: 0.0000040 seconds
16.006: Application time: 0.0000490 seconds
16.006: Total time for which application threads were stopped: 0.0000130 seconds, Stopping threads took: 0.0000030 seconds
16.006: Application time: 0.0001450 seconds
16.006: Total time for which application threads were stopped: 0.0000120 seconds, Stopping threads took: 0.0000030 seconds
16.006: Application time: 0.0003550 seconds
16.006: Total time for which application threads were stopped: 0.0000140 seconds, Stopping threads took: 0.0000030 seconds
16.007: Application time: 0.0008450 seconds
16.007: Total time for which application threads were stopped: 0.0000180 seconds, Stopping threads took: 0.0000040 seconds
16.007: Application time: 0.0001030 seconds
16.007: Total time for which application threads were stopped: 0.0000170 seconds, Stopping threads took: 0.0000040 seconds
16.008: Application time: 0.0002320 seconds
16.008: Total time for which application threads were stopped: 0.0000170 seconds, Stopping threads took: 0.0000040 seconds
16.008: Application time: 0.0000370 seconds
16.008: Total time for which application threads were stopped: 0.0000160 seconds, Stopping threads took: 0.0000040 seconds
16.008: Application time: 0.0000650 seconds
16.008: Total time for which application threads were stopped: 0.0000160 seconds, Stopping threads took: 0.0000040 seconds
16.008: Application time: 0.0000960 seconds
16.008: Total time for which application threads were stopped: 0.0000160 seconds, Stopping threads took: 0.0000040 seconds
16.008: Application time: 0.0000390 seconds
16.008: Total time for which application threads were stopped: 0.0000160 seconds, Stopping threads took: 0.0000040 seconds
16.013: Application time: 0.0048150 seconds
16.013: Total time for which application threads were stopped: 0.0000520 seconds, Stopping threads took: 0.0000230 seconds
16.013: Application time: 0.0000700 seconds
16.013: Total time for which application threads were stopped: 0.0000280 seconds, Stopping threads took: 0.0000080 seconds
16.013: Application time: 0.0000230 seconds
16.013: Total time for which application threads were stopped: 0.0000270 seconds, Stopping threads took: 0.0000070 seconds
16.013: Application time: 0.0000250 seconds
16.013: Total time for which application threads were stopped: 0.0000230 seconds, Stopping threads took: 0.0000070 seconds
16.013: Application time: 0.0000250 seconds
16.013: Total time for which application threads were stopped: 0.0000240 seconds, Stopping threads took: 0.0000070 seconds
16.013: Application time: 0.0000820 seconds
16.013: Total time for which application threads were stopped: 0.0000230 seconds, Stopping threads took: 0.0000070 seconds
16.013: Application time: 0.0000220 seconds
16.013: Total time for which application threads were stopped: 0.0000230 seconds, Stopping threads took: 0.0000070 seconds
16.013: Application time: 0.0000290 seconds
16.013: Total time for which application threads were stopped: 0.0000210 seconds, Stopping threads took: 0.0000060 seconds
16.013: Application time: 0.0001150 seconds
16.013: Total time for which application threads were stopped: 0.0000280 seconds, Stopping threads took: 0.0000070 seconds
16.013: Application time: 0.0000250 seconds
16.013: Total time for which application threads were stopped: 0.0000220 seconds, Stopping threads took: 0.0000070 seconds
16.013: Application time: 0.0000620 seconds
16.013: Total time for which application threads were stopped: 0.0000230 seconds, Stopping threads took: 0.0000060 seconds
16.014: Application time: 0.0000250 seconds
16.014: Total time for which application threads were stopped: 0.0000250 seconds, Stopping threads took: 0.0000080 seconds
16.014: Application time: 0.0007150 seconds
16.014: Total time for which application threads were stopped: 0.0000260 seconds, Stopping threads took: 0.0000090 seconds
16.014: Application time: 0.0000140 seconds
16.014: Total time for which application threads were stopped: 0.0000210 seconds, Stopping threads took: 0.0000060 seconds
16.014: Application time: 0.0000180 seconds
16.014: Total time for which application threads were stopped: 0.0000210 seconds, Stopping threads took: 0.0000060 seconds
16.036: Application time: 0.0212080 seconds
16.036: Total time for which application threads were stopped: 0.0000280 seconds, Stopping threads took: 0.0000080 seconds
16.050: Application time: 0.0139050 seconds
16.050: Total time for which application threads were stopped: 0.0000360 seconds, Stopping threads took: 0.0000080 seconds
16.197: Application time: 0.1478430 seconds
16.198: Total time for which application threads were stopped: 0.0001230 seconds, Stopping threads took: 0.0000140 seconds
16.271: Application time: 0.0732310 seconds
16.271: Total time for which application threads were stopped: 0.0000920 seconds, Stopping threads took: 0.0000160 seconds
16.282: Application time: 0.0111120 seconds
16.282: Total time for which application threads were stopped: 0.0000700 seconds, Stopping threads took: 0.0000130 seconds
16.291: Application time: 0.0088670 seconds
16.291: [GC16.291: [ParNew: 37568K->3559K(37568K), 0.0025270 secs] 55690K->24738K(120960K), 0.0025630 secs] [Times: user=0.02 sys=0.00, real=0.00 secs] 
16.294: Total time for which application threads were stopped: 0.0026490 seconds, Stopping threads took: 0.0000110 seconds
16.628: Application time: 0.3348500 seconds
16.629: [GC16.629: [ParNew: 36967K->4042K(37568K), 0.0021020 secs] 58146K->25221K(120960K), 0.0021320 secs] [Times: user=0.02 sys=0.00, real=0.00 secs] 
16.631: Total time for which application threads were stopped: 0.0024330 seconds, Stopping threads took: 0.0000100 seconds
16.677: Application time: 0.0458830 seconds
16.677: Total time for which application threads were stopped: 0.0001710 seconds, Stopping threads took: 0.0000210 seconds
16.863: Application time: 0.1864550 seconds
16.864: [GC16.864: [ParNew: 37450K->3334K(37568K), 0.0023150 secs] 58629K->27611K(120960K), 0.0023520 secs] [Times: user=0.02 sys=0.00, real=0.00 secs] 
16.866: Total time for which application threads were stopped: 0.0026100 seconds, Stopping threads took: 0.0000150 seconds
16.914: Application time: 0.0476290 seconds
16.914: Total time for which application threads were stopped: 0.0001710 seconds, Stopping threads took: 0.0000150 seconds
17.031: Application time: 0.1169330 seconds
17.031: [GC17.031: [ParNew: 36742K->3625K(37568K), 0.0023140 secs] 61019K->30052K(120960K), 0.0023430 secs] [Times: user=0.02 sys=0.00, real=0.00 secs] 
17.033: Total time for which application threads were stopped: 0.0025780 seconds, Stopping threads took: 0.0000110 seconds
17.121: Application time: 0.0880010 seconds
17.121: Total time for which application threads were stopped: 0.0001880 seconds, Stopping threads took: 0.0000120 seconds
17.162: Application time: 0.0408430 seconds
17.162: [GC17.162: [ParNew: 37033K->3539K(37568K), 0.0019610 secs] 63460K->32245K(120960K), 0.0019960 secs] [Times: user=0.02 sys=0.00, real=0.00 secs] 
17.165: Total time for which application threads were stopped: 0.0021800 seconds, Stopping threads took: 0.0000110 seconds
17.335: Application time: 0.1701980 seconds
17.335: [GC17.335: [ParNew: 36947K->4092K(37568K), 0.0022800 secs] 65653K->35089K(120960K), 0.0023150 secs] [Times: user=0.01 sys=0.00, real=0.00 secs] 
17.337: Total time for which application threads were stopped: 0.0026010 seconds, Stopping threads took: 0.0000110 seconds
17.461: Application time: 0.1235640 seconds
17.461: Total time for which application threads were stopped: 0.0002290 seconds, Stopping threads took: 0.0000130 seconds
17.461: Application time: 0.0001420 seconds
17.461: Total time for which application threads were stopped: 0.0000780 seconds, Stopping threads took: 0.0000220 seconds
17.461: Application time: 0.0000710 seconds
17.461: Total time for which application threads were stopped: 0.0000320 seconds, Stopping threads took: 0.0000060 seconds
17.461: Application time: 0.0000490 seconds
17.462: Total time for which application threads were stopped: 0.0000340 seconds, Stopping threads took: 0.0000080 seconds
17.462: Application time: 0.0000460 seconds
17.462: Total time for which application threads were stopped: 0.0000370 seconds, Stopping threads took: 0.0000110 seconds
17.462: Application time: 0.0000410 seconds
17.462: Total time for which application threads were stopped: 0.0000360 seconds, Stopping threads took: 0.0000100 seconds
17.462: Application time: 0.0001910 seconds
17.462: Total time for which application threads were stopped: 0.0000350 seconds, Stopping threads took: 0.0000020 seconds
17.491: Application time: 0.0286760 seconds
17.491: Total time for which application threads were stopped: 0.0001670 seconds, Stopping threads took: 0.0000130 seconds
17.491: Application time: 0.0000870 seconds
17.491: Total time for which application threads were stopped: 0.0000300 seconds, Stopping threads took: 0.0000050 seconds
17.491: Application time: 0.0000490 seconds
17.491: Total time for which application threads were stopped: 0.0000280 seconds, Stopping threads took: 0.0000040 seconds
17.491: Application time: 0.0001760 seconds
17.491: Total time for which application threads were stopped: 0.0000290 seconds, Stopping threads took: 0.0000050 seconds
17.491: Application time: 0.0001570 seconds
17.491: Total time for which application threads were stopped: 0.0000330 seconds, Stopping threads took: 0.0000090 seconds
17.491: Application time: 0.0001030 seconds
17.491: Total time for which application threads were stopped: 0.0000280 seconds, Stopping threads took: 0.0000050 seconds
17.492: Application time: 0.0000590 seconds
17.492: Total time for which application threads were stopped: 0.0000290 seconds, Stopping threads took: 0.0000070 seconds
17.492: Application time: 0.0000810 seconds
17.492: Total time for which application threads were stopped: 0.0000270 seconds, Stopping threads took: 0.0000050 seconds
17.495: Application time: 0.0034970 seconds
17.495: Total time for which application threads were stopped: 0.0000360 seconds, Stopping threads took: 0.0000120 seconds
17.495: Application time: 0.0000930 seconds
17.495: Total time for which application threads were stopped: 0.0000300 seconds, Stopping threads took: 0.0000070 seconds
17.495: Application time: 0.0000890 seconds
17.495: Total time for which application threads were stopped: 0.0000260 seconds, Stopping threads took: 0.0000040 seconds
17.495: Application time: 0.0000330 seconds
17.496: Total time for which application threads were stopped: 0.0000290 seconds, Stopping threads took: 0.0000040 seconds
17.496: Application time: 0.0001560 seconds
17.496: Total time for which application threads were stopped: 0.0000270 seconds, Stopping threads took: 0.0000050 seconds
17.496: Application time: 0.0000330 seconds
17.496: Total time for which application threads were stopped: 0.0000260 seconds, Stopping threads took: 0.0000040 seconds
17.496: Application time: 0.0000320 seconds
17.496: Total time for which application threads were stopped: 0.0000300 seconds, Stopping threads took: 0.0000070 seconds
17.496: Application time: 0.0000310 seconds
17.496: Total time for which application threads were stopped: 0.0000260 seconds, Stopping threads took: 0.0000040 seconds
17.496: Application time: 0.0000330 seconds
17.496: [GC17.496: [ParNew: 37500K->3447K(37568K), 0.0020150 secs] 68497K->36894K(120960K), 0.0020500 secs] [Times: user=0.01 sys=0.01, real=0.00 secs] 
17.498: Total time for which application threads were stopped: 0.0021300 seconds, Stopping threads took: 0.0000100 seconds
17.498: Application time: 0.0001180 seconds
17.498: Total time for which application threads were stopped: 0.0001560 seconds, Stopping threads took: 0.0000150 seconds
17.498: Application time: 0.0000530 seconds
17.498: Total time for which application threads were stopped: 0.0000370 seconds, Stopping threads took: 0.0000110 seconds
17.499: Application time: 0.0000960 seconds
17.499: Total time for which application threads were stopped: 0.0000340 seconds, Stopping threads took: 0.0000070 seconds
17.499: Application time: 0.0000960 seconds
17.499: Total time for which application threads were stopped: 0.0000300 seconds, Stopping threads took: 0.0000050 seconds
17.499: Application time: 0.0001150 seconds
17.499: Total time for which application threads were stopped: 0.0000380 seconds, Stopping threads took: 0.0000050 seconds
17.499: Application time: 0.0000500 seconds
17.499: Total time for which application threads were stopped: 0.0000490 seconds, Stopping threads took: 0.0000040 seconds
17.499: Application time: 0.0000730 seconds
17.499: Total time for which application threads were stopped: 0.0000250 seconds, Stopping threads took: 0.0000030 seconds
17.499: Application time: 0.0000570 seconds
17.499: Total time for which application threads were stopped: 0.0000250 seconds, Stopping threads took: 0.0000020 seconds
17.502: Application time: 0.0030590 seconds
17.502: Total time for which application threads were stopped: 0.0000270 seconds, Stopping threads took: 0.0000030 seconds
17.508: Application time: 0.0053710 seconds
17.508: Total time for which application threads were stopped: 0.0000320 seconds, Stopping threads took: 0.0000060 seconds
17.515: Application time: 0.0071860 seconds
17.515: Total time for which application threads were stopped: 0.0000360 seconds, Stopping threads took: 0.0000110 seconds
17.531: Application time: 0.0158990 seconds
17.531: Total time for which application threads were stopped: 0.0000410 seconds, Stopping threads took: 0.0000170 seconds
17.532: Application time: 0.0009530 seconds
17.532: Total time for which application threads were stopped: 0.0000280 seconds, Stopping threads took: 0.0000040 seconds
17.534: Application time: 0.0018270 seconds
17.534: Total time for which application threads were stopped: 0.0000320 seconds, Stopping threads took: 0.0000080 seconds
17.539: Application time: 0.0058080 seconds
17.539: Total time for which application threads were stopped: 0.0000390 seconds, Stopping threads took: 0.0000150 seconds
17.540: Application time: 0.0007200 seconds
17.540: Total time for which application threads were stopped: 0.0000320 seconds, Stopping threads took: 0.0000080 seconds
17.541: Application time: 0.0008080 seconds
17.541: Total time for which application threads were stopped: 0.0000310 seconds, Stopping threads took: 0.0000080 seconds
17.542: Application time: 0.0007830 seconds
17.542: Total time for which application threads were stopped: 0.0000360 seconds, Stopping threads took: 0.0000110 seconds
17.548: Application time: 0.0058630 seconds
17.548: Total time for which application threads were stopped: 0.0000290 seconds, Stopping threads took: 0.0000050 seconds
17.549: Application time: 0.0007760 seconds
17.549: Total time for which application threads were stopped: 0.0000290 seconds, Stopping threads took: 0.0000050 seconds
17.549: Application time: 0.0008110 seconds
17.549: Total time for which application threads were stopped: 0.0000460 seconds, Stopping threads took: 0.0000090 seconds
17.556: Application time: 0.0064840 seconds
17.556: Total time for which application threads were stopped: 0.0000340 seconds, Stopping threads took: 0.0000060 seconds
17.557: Application time: 0.0008200 seconds
17.557: Total time for which application threads were stopped: 0.0000330 seconds, Stopping threads took: 0.0000060 seconds
17.558: Application time: 0.0007520 seconds
17.558: Total time for which application threads were stopped: 0.0000320 seconds, Stopping threads took: 0.0000050 seconds
17.558: Application time: 0.0007520 seconds
17.558: Total time for which application threads were stopped: 0.0000560 seconds, Stopping threads took: 0.0000070 seconds
17.689: Application time: 0.1302280 seconds
17.689: [GC17.689: [ParNew: 36855K->3261K(37568K), 0.0022160 secs] 70302K->39007K(120960K), 0.0022550 secs] [Times: user=0.01 sys=0.01, real=0.00 secs] 
17.691: Total time for which application threads were stopped: 0.0025320 seconds, Stopping threads took: 0.0000100 seconds
17.839: Application time: 0.1475130 seconds
17.839: [GC17.839: [ParNew: 36669K->3292K(37568K), 0.0021760 secs] 72415K->41390K(120960K), 0.0022090 secs] [Times: user=0.01 sys=0.00, real=0.01 secs] 
17.841: Total time for which application threads were stopped: 0.0024500 seconds, Stopping threads took: 0.0000120 seconds
17.985: Application time: 0.1440520 seconds
17.985: [GC17.985: [ParNew: 36700K->3376K(37568K), 0.0023790 secs] 74798K->43640K(120960K), 0.0024270 secs] [Times: user=0.01 sys=0.00, real=0.01 secs] 
17.988: Total time for which application threads were stopped: 0.0027020 seconds, Stopping threads took: 0.0000120 seconds
18.079: Application time: 0.0915640 seconds
18.080: Total time for which application threads were stopped: 0.0002130 seconds, Stopping threads took: 0.0000210 seconds
18.080: Application time: 0.0000830 seconds
18.080: Total time for which application threads were stopped: 0.0000550 seconds, Stopping threads took: 0.0000170 seconds
18.137: Application time: 0.0575510 seconds
18.138: [GC18.138: [ParNew: 36784K->3502K(37568K), 0.0023360 secs] 77048K->46155K(120960K), 0.0023690 secs] [Times: user=0.01 sys=0.00, real=0.01 secs] 
18.140: Total time for which application threads were stopped: 0.0025530 seconds, Stopping threads took: 0.0000090 seconds
18.296: Application time: 0.1560260 seconds
18.296: [GC18.296: [ParNew: 36910K->3529K(37568K), 0.0023850 secs] 79563K->48633K(120960K), 0.0024210 secs] [Times: user=0.01 sys=0.01, real=0.00 secs] 
18.299: Total time for which application threads were stopped: 0.0027470 seconds, Stopping threads took: 0.0000120 seconds
18.420: Application time: 0.1208940 seconds
18.420: Total time for which application threads were stopped: 0.0002330 seconds, Stopping threads took: 0.0000120 seconds
18.434: Application time: 0.0143860 seconds
18.434: Total time for which application threads were stopped: 0.0001540 seconds, Stopping threads took: 0.0000150 seconds
18.434: Application time: 0.0000700 seconds
18.435: [GC18.435: [ParNew: 36938K->3138K(37568K), 0.0023370 secs] 82042K->50622K(120960K), 0.0023690 secs] [Times: user=0.02 sys=0.00, real=0.00 secs] 
18.437: Total time for which application threads were stopped: 0.0024640 seconds, Stopping threads took: 0.0000030 seconds
18.437: Application time: 0.0000820 seconds
18.437: [GC18.437: [ParNew: 3805K->871K(37568K), 0.0010000 secs] 51289K->50935K(120960K), 0.0010180 secs] [Times: user=0.00 sys=0.00, real=0.00 secs] 
18.438: Total time for which application threads were stopped: 0.0012180 seconds, Stopping threads took: 0.0000370 seconds
18.521: Application time: 0.0832180 seconds
18.522: Total time for which application threads were stopped: 0.0001650 seconds, Stopping threads took: 0.0000090 seconds
18.646: Application time: 0.1247030 seconds
18.647: [GC18.647: [ParNew: 34279K->2947K(37568K), 0.0018390 secs] 84343K->53010K(120960K), 0.0018750 secs] [Times: user=0.01 sys=0.00, real=0.01 secs] 
18.648: Total time for which application threads were stopped: 0.0021210 seconds, Stopping threads took: 0.0000120 seconds
18.797: Application time: 0.1481230 seconds
18.797: [GC18.797: [ParNew: 36355K->3396K(37568K), 0.0022420 secs] 86418K->55886K(120960K), 0.0022740 secs] [Times: user=0.01 sys=0.00, real=0.00 secs] 
18.799: Total time for which application threads were stopped: 0.0025790 seconds, Stopping threads took: 0.0000090 seconds
18.938: Application time: 0.1387770 seconds
18.938: [GC18.938: [ParNew: 36804K->3069K(37568K), 0.0024120 secs] 89294K->57986K(120960K), 0.0024450 secs] [Times: user=0.02 sys=0.00, real=0.01 secs] 
18.941: Total time for which application threads were stopped: 0.0027510 seconds, Stopping threads took: 0.0000130 seconds
19.094: Application time: 0.1533670 seconds
19.094: [GC19.094: [ParNew: 36477K->3597K(37568K), 0.0023610 secs] 91394K->60754K(120960K), 0.0023970 secs] [Times: user=0.01 sys=0.00, real=0.00 secs] 
19.097: Total time for which application threads were stopped: 0.0026650 seconds, Stopping threads took: 0.0000120 seconds
19.268: Application time: 0.1714240 seconds
19.268: [GC19.268: [ParNew: 37005K->3736K(37568K), 0.0023010 secs] 94162K->63042K(120960K), 0.0023380 secs] [Times: user=0.02 sys=0.00, real=0.00 secs] 
19.271: Total time for which application threads were stopped: 0.0026240 seconds, Stopping threads took: 0.0000140 seconds
19.402: Application time: 0.1312740 seconds
19.402: [GC19.402: [ParNew: 37144K->3132K(37568K), 0.0025390 secs] 96450K->64758K(120960K), 0.0025740 secs] [Times: user=0.02 sys=0.00, real=0.00 secs] 
19.405: Total time for which application threads were stopped: 0.0028750 seconds, Stopping threads took: 0.0000130 seconds
19.447: Application time: 0.0421130 seconds
19.447: Total time for which application threads were stopped: 0.0001640 seconds, Stopping threads took: 0.0000110 seconds
19.586: Application time: 0.1384210 seconds
19.586: [GC19.586: [ParNew: 36540K->3623K(37568K), 0.0025290 secs] 98166K->67657K(120960K), 0.0025620 secs] [Times: user=0.02 sys=0.00, real=0.01 secs] 
19.588: Total time for which application threads were stopped: 0.0028280 seconds, Stopping threads took: 0.0000120 seconds
19.728: Application time: 0.1395350 seconds
19.728: [GC19.728: [ParNew: 37031K->3597K(37568K), 0.0025160 secs] 101065K->70010K(120960K), 0.0025500 secs] [Times: user=0.02 sys=0.01, real=0.00 secs] 
19.731: Total time for which application threads were stopped: 0.0028520 seconds, Stopping threads took: 0.0000120 seconds
19.884: Application time: 0.1530500 seconds
19.884: [GC19.884: [ParNew: 37005K->3666K(37568K), 0.0025610 secs] 103418K->72537K(120960K), 0.0025970 secs] [Times: user=0.01 sys=0.00, real=0.00 secs] 
19.887: Total time for which application threads were stopped: 0.0029010 seconds, Stopping threads took: 0.0000120 seconds
20.046: Application time: 0.1589110 seconds
20.046: [GC20.046: [ParNew: 37074K->3804K(37568K), 0.0023090 secs] 105945K->75072K(120960K), 0.0023450 secs] [Times: user=0.02 sys=0.00, real=0.01 secs] 
20.048: Total time for which application threads were stopped: 0.0026570 seconds, Stopping threads took: 0.0000120 seconds
20.179: Application time: 0.1308990 seconds
20.180: [GC20.180: [ParNew: 37212K->3638K(37568K), 0.0026380 secs] 108480K->77312K(120960K), 0.0026690 secs] [Times: user=0.01 sys=0.00, real=0.00 secs] 
20.182: Total time for which application threads were stopped: 0.0029670 seconds, Stopping threads took: 0.0000130 seconds
20.358: Application time: 0.1757190 seconds
20.358: [GC20.358: [ParNew: 37046K->3767K(37568K), 0.0022180 secs] 110720K->79679K(120960K), 0.0022580 secs] [Times: user=0.01 sys=0.00, real=0.01 secs] 
20.360: Total time for which application threads were stopped: 0.0025370 seconds, Stopping threads took: 0.0000100 seconds
20.378: Application time: 0.0172920 seconds
20.378: Total time for which application threads were stopped: 0.0001540 seconds, Stopping threads took: 0.0000090 seconds
20.529: Application time: 0.1507800 seconds
20.529: [GC20.529: [ParNew: 37175K->3409K(37568K), 0.0024500 secs] 113087K->81731K(120960K), 0.0024830 secs] [Times: user=0.01 sys=0.01, real=0.00 secs] 
20.531: Total time for which application threads were stopped: 0.0027460 seconds, Stopping threads took: 0.0000130 seconds
20.576: Application time: 0.0440960 seconds
20.576: Total time for which application threads were stopped: 0.0001920 seconds, Stopping threads took: 0.0000110 seconds
20.698: Application time: 0.1221960 seconds
20.698: [GC20.698: [ParNew: 36817K->3291K(37568K), 0.0021580 secs] 115139K->83929K(120960K), 0.0021960 secs] [Times: user=0.02 sys=0.00, real=0.01 secs] 
20.700: Total time for which application threads were stopped: 0.0024660 seconds, Stopping threads took: 0.0000110 seconds
20.841: Application time: 0.1407120 seconds
20.841: [GC20.841: [ParNew: 36699K->3764K(37568K), 0.0025100 secs] 117337K->86810K(120960K), 0.0025480 secs] [Times: user=0.02 sys=0.00, real=0.00 secs] 
20.844: Total time for which application threads were stopped: 0.0028500 seconds, Stopping threads took: 0.0000110 seconds
20.977: Application time: 0.1333220 seconds
20.978: [GC20.978: [ParNew: 37172K->3911K(37568K), 0.0023940 secs]20.980: [Tenured: 85448K->79683K(85504K), 0.0653360 secs] 120218K->79683K(123072K), [Perm : 12604K->12604K(21248K)], 0.0678400 secs] [Times: user=0.08 sys=0.00, real=0.07 secs] 
21.045: Total time for which application threads were stopped: 0.0681410 seconds, Stopping threads took: 0.0000120 seconds
21.282: Application time: 0.2365260 seconds
21.282: [GC21.282: [ParNew: 53248K->5411K(59840K), 0.0024150 secs] 132931K->85094K(192648K), 0.0024500 secs] [Times: user=0.02 sys=0.00, real=0.00 secs] 
21.285: Total time for which application threads were stopped: 0.0029150 seconds, Stopping threads took: 0.0000110 seconds
21.346: Application time: 0.0615370 seconds
21.347: Total time for which application threads were stopped: 0.0002590 seconds, Stopping threads took: 0.0000110 seconds
21.564: Application time: 0.2170660 seconds
21.564: [GC21.564: [ParNew: 58659K->4960K(59840K), 0.0033760 secs] 138342K->88368K(192648K), 0.0034100 secs] [Times: user=0.01 sys=0.01, real=0.01 secs] 
21.567: Total time for which application threads were stopped: 0.0037060 seconds, Stopping threads took: 0.0000120 seconds
21.794: Application time: 0.2265330 seconds
21.794: [GC21.794: [ParNew: 58208K->4954K(59840K), 0.0034090 secs] 141616K->91687K(192648K), 0.0034440 secs] [Times: user=0.02 sys=0.00, real=0.00 secs] 
21.798: Total time for which application threads were stopped: 0.0038360 seconds, Stopping threads took: 0.0000120 seconds
22.043: Application time: 0.2447440 seconds
22.043: [GC22.043: [ParNew: 58202K->5309K(59840K), 0.0037330 secs] 144935K->95619K(192648K), 0.0037720 secs] [Times: user=0.02 sys=0.00, real=0.00 secs] 
22.047: Total time for which application threads were stopped: 0.0041760 seconds, Stopping threads took: 0.0000140 seconds
22.291: Application time: 0.2441430 seconds
22.291: [GC22.291: [ParNew: 58557K->5341K(59840K), 0.0033380 secs] 148867K->99145K(192648K), 0.0033760 secs] [Times: user=0.01 sys=0.01, real=0.00 secs] 
22.295: Total time for which application threads were stopped: 0.0038030 seconds, Stopping threads took: 0.0000120 seconds
22.441: Application time: 0.1467020 seconds
22.442: Total time for which application threads were stopped: 0.0003490 seconds, Stopping threads took: 0.0000120 seconds
22.551: Application time: 0.1097560 seconds
22.552: [GC22.552: [ParNew: 58589K->5690K(59840K), 0.0035650 secs] 152393K->103319K(192648K), 0.0036000 secs] [Times: user=0.02 sys=0.01, real=0.00 secs] 
22.555: Total time for which application threads were stopped: 0.0038870 seconds, Stopping threads took: 0.0000120 seconds
22.790: Application time: 0.2344420 seconds
22.790: [GC22.790: [ParNew: 58938K->5694K(59840K), 0.0035460 secs] 156567K->107023K(192648K), 0.0035840 secs] [Times: user=0.03 sys=0.00, real=0.00 secs] 
22.794: Total time for which application threads were stopped: 0.0040490 seconds, Stopping threads took: 0.0000130 seconds
23.046: Application time: 0.2516780 seconds
23.046: [GC23.046: [ParNew: 58942K->5818K(59840K), 0.0037440 secs] 160271K->110957K(192648K), 0.0037780 secs] [Times: user=0.03 sys=0.00, real=0.01 secs] 
23.050: Total time for which application threads were stopped: 0.0042770 seconds, Stopping threads took: 0.0000120 seconds
23.299: Application time: 0.2491600 seconds
23.299: [GC23.299: [ParNew: 59066K->6421K(59840K), 0.0036500 secs] 164205K->115394K(192648K), 0.0036830 secs] [Times: user=0.02 sys=0.01, real=0.00 secs] 
23.303: Total time for which application threads were stopped: 0.0041590 seconds, Stopping threads took: 0.0000110 seconds
23.349: Application time: 0.0461520 seconds
23.350: Total time for which application threads were stopped: 0.0002720 seconds, Stopping threads took: 0.0000120 seconds
23.592: Application time: 0.2425930 seconds
23.593: [GC23.593: [ParNew: 59669K->5841K(59840K), 0.0038080 secs] 168642K->118593K(192648K), 0.0038490 secs] [Times: user=0.02 sys=0.00, real=0.00 secs] 
23.596: Total time for which application threads were stopped: 0.0042680 seconds, Stopping threads took: 0.0000120 seconds
23.809: Application time: 0.2126000 seconds
23.809: [GC23.809: [ParNew: 59089K->6344K(59840K), 0.0035220 secs] 171841K->122857K(192648K), 0.0035570 secs] [Times: user=0.03 sys=0.00, real=0.00 secs] 
23.813: Total time for which application threads were stopped: 0.0039950 seconds, Stopping threads took: 0.0000120 seconds
24.058: Application time: 0.2451580 seconds
24.059: [GC24.059: [ParNew: 59592K->5761K(59840K), 0.0035700 secs] 176105K->125934K(192648K), 0.0036060 secs] [Times: user=0.02 sys=0.00, real=0.01 secs] 
24.062: Total time for which application threads were stopped: 0.0039680 seconds, Stopping threads took: 0.0000130 seconds
24.284: Application time: 0.2221450 seconds
24.285: [GC24.285: [ParNew: 59009K->5441K(59840K), 0.0036680 secs] 179182K->129015K(192648K), 0.0037030 secs] [Times: user=0.02 sys=0.00, real=0.01 secs] 
24.288: Total time for which application threads were stopped: 0.0041650 seconds, Stopping threads took: 0.0000120 seconds
24.398: Application time: 0.1093960 seconds
24.398: Total time for which application threads were stopped: 0.0003300 seconds, Stopping threads took: 0.0000490 seconds
24.408: Application time: 0.0097260 seconds
24.408: Total time for which application threads were stopped: 0.0001970 seconds, Stopping threads took: 0.0000110 seconds
24.432: Application time: 0.0237470 seconds
24.432: Total time for which application threads were stopped: 0.0001510 seconds, Stopping threads took: 0.0000110 seconds
24.584: Application time: 0.1523860 seconds
24.585: [GC24.585: [ParNew: 58689K->5226K(59840K), 0.0029760 secs] 182263K->132614K(192648K), 0.0030110 secs] [Times: user=0.02 sys=0.00, real=0.01 secs] 
24.588: Total time for which application threads were stopped: 0.0033460 seconds, Stopping threads took: 0.0000110 seconds
24.847: Application time: 0.2590080 seconds
24.847: [GC24.847: [ParNew: 58474K->6592K(59840K), 0.0032110 secs] 185862K->134232K(192648K), 0.0032460 secs] [Times: user=0.01 sys=0.01, real=0.00 secs] 
24.851: Total time for which application threads were stopped: 0.0037310 seconds, Stopping threads took: 0.0000110 seconds
25.082: Application time: 0.2317190 seconds
25.083: [GC25.083: [ParNew: 59840K->6328K(59840K), 0.0037460 secs]25.086: [Tenured: 133510K->129958K(133768K), 0.0997970 secs] 187480K->129958K(193608K), [Perm : 12743K->12737K(21248K)], 0.1036860 secs] [Times: user=0.13 sys=0.00, real=0.10 secs] 
25.186: Total time for which application threads were stopped: 0.1041180 seconds, Stopping threads took: 0.0000120 seconds
25.514: Application time: 0.3277310 seconds
25.515: Total time for which application threads were stopped: 0.0005100 seconds, Stopping threads took: 0.0000100 seconds
25.623: Application time: 0.1081850 seconds
25.623: [GC25.623: [ParNew: 86720K->8082K(97536K), 0.0031670 secs] 216678K->138041K(314136K), 0.0032020 secs] [Times: user=0.02 sys=0.01, real=0.00 secs] 
25.626: Total time for which application threads were stopped: 0.0035300 seconds, Stopping threads took: 0.0000110 seconds
26.012: Application time: 0.3851950 seconds
26.012: [GC26.012: [ParNew: 94802K->8630K(97536K), 0.0046060 secs] 224761K->144438K(314136K), 0.0046430 secs] [Times: user=0.04 sys=0.00, real=0.00 secs] 
26.017: Total time for which application threads were stopped: 0.0052010 seconds, Stopping threads took: 0.0000110 seconds
26.435: Application time: 0.4186050 seconds
26.436: [GC26.436: [ParNew: 95350K->8869K(97536K), 0.0049360 secs] 231158K->150381K(314136K), 0.0049710 secs] [Times: user=0.04 sys=0.00, real=0.01 secs] 
26.441: Total time for which application threads were stopped: 0.0056410 seconds, Stopping threads took: 0.0000100 seconds
26.494: Application time: 0.0526800 seconds
26.494: Total time for which application threads were stopped: 0.0003660 seconds, Stopping threads took: 0.0000120 seconds
26.880: Application time: 0.3862700 seconds
26.881: [GC26.881: [ParNew: 95589K->10184K(97536K), 0.0050550 secs] 237101K->157865K(314136K), 0.0050990 secs] [Times: user=0.03 sys=0.01, real=0.00 secs] 
26.886: Total time for which application threads were stopped: 0.0056870 seconds, Stopping threads took: 0.0000100 seconds
27.280: Application time: 0.3935400 seconds
27.280: [GC27.280: [ParNew: 96904K->9670K(97536K), 0.0047720 secs] 244585K->163370K(314136K), 0.0048100 secs] [Times: user=0.04 sys=0.00, real=0.00 secs] 
27.285: Total time for which application threads were stopped: 0.0053780 seconds, Stopping threads took: 0.0000120 seconds
27.529: Application time: 0.2440540 seconds
27.529: Total time for which application threads were stopped: 0.0004960 seconds, Stopping threads took: 0.0000120 seconds
27.760: Application time: 0.2308740 seconds
27.761: [GC27.761: [ParNew: 96390K->9867K(97536K), 0.0051420 secs] 250090K->169202K(314136K), 0.0051790 secs] [Times: user=0.04 sys=0.01, real=0.00 secs] 
27.766: Total time for which application threads were stopped: 0.0056880 seconds, Stopping threads took: 0.0000130 seconds
28.157: Application time: 0.3911770 seconds
28.158: [GC28.158: [ParNew: 96587K->9479K(97536K), 0.0052950 secs] 255922K->174954K(314136K), 0.0053390 secs] [Times: user=0.04 sys=0.00, real=0.01 secs] 
28.163: Total time for which application threads were stopped: 0.0060780 seconds, Stopping threads took: 0.0000100 seconds
28.523: Application time: 0.3592670 seconds
28.523: Total time for which application threads were stopped: 0.0005960 seconds, Stopping threads took: 0.0000110 seconds
28.534: Application time: 0.0110260 seconds
28.535: Total time for which application threads were stopped: 0.0003320 seconds, Stopping threads took: 0.0000430 seconds
28.592: Application time: 0.0577120 seconds
28.593: [GC28.593: [ParNew: 96199K->8863K(97536K), 0.0056660 secs] 261674K->180430K(314136K), 0.0057090 secs] [Times: user=0.03 sys=0.01, real=0.00 secs] 
28.598: Total time for which application threads were stopped: 0.0060800 seconds, Stopping threads took: 0.0000150 seconds
29.008: Application time: 0.4095890 seconds
29.009: [GC29.009: [ParNew: 95583K->9449K(97536K), 0.0051890 secs] 267150K->186960K(314136K), 0.0052270 secs] [Times: user=0.04 sys=0.00, real=0.00 secs] 
29.014: Total time for which application threads were stopped: 0.0059670 seconds, Stopping threads took: 0.0000120 seconds
29.408: Application time: 0.3940430 seconds
29.409: [GC29.409: [ParNew: 96169K->9658K(97536K), 0.0053210 secs] 273680K->193297K(314136K), 0.0053550 secs] [Times: user=0.02 sys=0.01, real=0.00 secs] 
29.414: Total time for which application threads were stopped: 0.0060520 seconds, Stopping threads took: 0.0000110 seconds
29.486: Application time: 0.0723220 seconds
29.487: Total time for which application threads were stopped: 0.0003780 seconds, Stopping threads took: 0.0000110 seconds
29.812: Application time: 0.3255990 seconds
29.813: [GC29.813: [ParNew: 96378K->8734K(97536K), 0.0048610 secs] 280017K->198174K(314136K), 0.0048980 secs] [Times: user=0.03 sys=0.01, real=0.00 secs] 
29.818: Total time for which application threads were stopped: 0.0054000 seconds, Stopping threads took: 0.0000120 seconds
30.211: Application time: 0.3933720 seconds
30.212: [GC30.212: [ParNew: 95454K->9795K(97536K), 0.0051100 secs] 284894K->204776K(314136K), 0.0051460 secs] [Times: user=0.04 sys=0.01, real=0.00 secs] 
30.217: Total time for which application threads were stopped: 0.0057950 seconds, Stopping threads took: 0.0000120 seconds
30.575: Application time: 0.3582190 seconds
30.576: Total time for which application threads were stopped: 0.0006350 seconds, Stopping threads took: 0.0000110 seconds
30.661: Application time: 0.0853050 seconds
30.661: [GC30.661: [ParNew: 96515K->9295K(97536K), 0.0051890 secs] 291496K->210089K(314136K), 0.0052250 secs] [Times: user=0.03 sys=0.01, real=0.00 secs] 
30.667: Total time for which application threads were stopped: 0.0056380 seconds, Stopping threads took: 0.0000120 seconds
31.079: Application time: 0.4128550 seconds
31.080: [GC31.080: [ParNew: 96015K->9681K(97536K), 0.0057920 secs] 296809K->216569K(314136K), 0.0058350 secs] [Times: user=0.03 sys=0.02, real=0.00 secs] 
31.086: Total time for which application threads were stopped: 0.0065840 seconds, Stopping threads took: 0.0000120 seconds
31.467: Application time: 0.3813250 seconds
31.468: [GC31.468: [ParNew: 96401K->9924K(97536K), 0.0057230 secs] 303289K->223018K(314136K), 0.0057590 secs] [Times: user=0.03 sys=0.01, real=0.00 secs] 
31.474: Total time for which application threads were stopped: 0.0064800 seconds, Stopping threads took: 0.0000120 seconds
31.493: Application time: 0.0195910 seconds
31.494: Total time for which application threads were stopped: 0.0003610 seconds, Stopping threads took: 0.0000190 seconds
31.919: Application time: 0.4256570 seconds
31.920: [GC31.920: [ParNew: 96644K->8131K(97536K), 0.0054340 secs]31.926: [Tenured: 219105K->219288K(219288K), 0.0984540 secs] 309738K->225691K(316824K), [Perm : 12776K->12776K(21248K)], 0.1040710 secs] [Times: user=0.12 sys=0.02, real=0.10 secs] 
32.024: Total time for which application threads were stopped: 0.1047990 seconds, Stopping threads took: 0.0000130 seconds
32.551: Application time: 0.5270330 seconds
32.552: Total time for which application threads were stopped: 0.0006920 seconds, Stopping threads took: 0.0000110 seconds
32.553: Application time: 0.0005640 seconds
32.553: Total time for which application threads were stopped: 0.0001000 seconds, Stopping threads took: 0.0000040 seconds
32.554: Application time: 0.0012460 seconds
32.554: Total time for which application threads were stopped: 0.0001410 seconds, Stopping threads took: 0.0000040 seconds
32.556: Application time: 0.0015970 seconds
32.556: Total time for which application threads were stopped: 0.0000640 seconds, Stopping threads took: 0.0000040 seconds
32.562: Application time: 0.0066180 seconds
32.563: Total time for which application threads were stopped: 0.0001480 seconds, Stopping threads took: 0.0000160 seconds
32.567: Application time: 0.0048390 seconds
32.568: Total time for which application threads were stopped: 0.0001940 seconds, Stopping threads took: 0.0000190 seconds
32.625: Application time: 0.0577030 seconds
32.625: Total time for which application threads were stopped: 0.0002200 seconds, Stopping threads took: 0.0000110 seconds
32.647: Application time: 0.0219820 seconds
32.648: Total time for which application threads were stopped: 0.0000790 seconds, Stopping threads took: 0.0000080 seconds
32.926: Application time: 0.2789540 seconds
32.927: Total time for which application threads were stopped: 0.0002150 seconds, Stopping threads took: 0.0000090 seconds
32.983: Application time: 0.0566600 seconds
32.984: Total time for which application threads were stopped: 0.0002140 seconds, Stopping threads took: 0.0000090 seconds
33.169: Application time: 0.1854890 seconds
33.169: Total time for which application threads were stopped: 0.0002960 seconds, Stopping threads took: 0.0000100 seconds
33.664: Application time: 0.4950650 seconds
33.665: Total time for which application threads were stopped: 0.0002400 seconds, Stopping threads took: 0.0000210 seconds
33.674: Application time: 0.0091050 seconds
33.674: Total time for which application threads were stopped: 0.0001530 seconds, Stopping threads took: 0.0000180 seconds
33.679: Application time: 0.0051420 seconds
33.679: Total time for which application threads were stopped: 0.0002640 seconds, Stopping threads took: 0.0001140 seconds
33.680: Application time: 0.0003960 seconds
33.680: Total time for which application threads were stopped: 0.0000950 seconds, Stopping threads took: 0.0000060 seconds
33.680: Application time: 0.0000140 seconds
33.680: Total time for which application threads were stopped: 0.0000950 seconds, Stopping threads took: 0.0000150 seconds
33.680: Application time: 0.0000320 seconds
33.680: Total time for which application threads were stopped: 0.0000800 seconds, Stopping threads took: 0.0000310 seconds
33.680: Application time: 0.0002570 seconds
33.680: Total time for which application threads were stopped: 0.0000660 seconds, Stopping threads took: 0.0000150 seconds
33.680: Application time: 0.0000340 seconds
33.680: Total time for which application threads were stopped: 0.0000620 seconds, Stopping threads took: 0.0000140 seconds
33.681: Application time: 0.0000280 seconds
33.681: Total time for which application threads were stopped: 0.0000650 seconds, Stopping threads took: 0.0000170 seconds
33.681: Application time: 0.0000330 seconds
33.681: Total time for which application threads were stopped: 0.0000630 seconds, Stopping threads took: 0.0000140 seconds
33.681: Application time: 0.0000590 seconds
33.681: Total time for which application threads were stopped: 0.0001100 seconds, Stopping threads took: 0.0000390 seconds
33.681: Application time: 0.0002260 seconds
33.681: Total time for which application threads were stopped: 0.0000760 seconds, Stopping threads took: 0.0000260 seconds
33.681: Application time: 0.0000600 seconds
33.681: Total time for which application threads were stopped: 0.0001520 seconds, Stopping threads took: 0.0000390 seconds
33.681: Application time: 0.0000130 seconds
33.681: Total time for which application threads were stopped: 0.0000670 seconds, Stopping threads took: 0.0000190 seconds
33.682: Application time: 0.0000800 seconds
33.682: Total time for which application threads were stopped: 0.0000880 seconds, Stopping threads took: 0.0000280 seconds
33.682: Application time: 0.0001540 seconds
33.682: Total time for which application threads were stopped: 0.0000820 seconds, Stopping threads took: 0.0000290 seconds
33.682: Application time: 0.0001320 seconds
33.682: Total time for which application threads were stopped: 0.0000980 seconds, Stopping threads took: 0.0000380 seconds
33.682: Application time: 0.0000340 seconds
33.682: Total time for which application threads were stopped: 0.0000760 seconds, Stopping threads took: 0.0000230 seconds
33.685: Application time: 0.0031640 seconds
33.685: Total time for which application threads were stopped: 0.0000750 seconds, Stopping threads took: 0.0000090 seconds
33.688: Application time: 0.0022860 seconds
33.688: Total time for which application threads were stopped: 0.0000930 seconds, Stopping threads took: 0.0000160 seconds
33.688: Application time: 0.0006430 seconds
33.689: Total time for which application threads were stopped: 0.0000800 seconds, Stopping threads took: 0.0000160 seconds
33.689: Application time: 0.0003120 seconds
33.689: Total time for which application threads were stopped: 0.0000700 seconds, Stopping threads took: 0.0000150 seconds
33.689: Application time: 0.0002820 seconds
33.689: Total time for which application threads were stopped: 0.0000680 seconds, Stopping threads took: 0.0000150 seconds
33.690: Application time: 0.0004260 seconds
33.690: Total time for which application threads were stopped: 0.0000700 seconds, Stopping threads took: 0.0000160 seconds
33.692: Application time: 0.0019330 seconds
33.692: Total time for which application threads were stopped: 0.0000980 seconds, Stopping threads took: 0.0000200 seconds
33.692: Application time: 0.0005140 seconds
33.692: Total time for which application threads were stopped: 0.0000800 seconds, Stopping threads took: 0.0000090 seconds
33.693: Application time: 0.0007530 seconds
33.693: Total time for which application threads were stopped: 0.0001020 seconds, Stopping threads took: 0.0000250 seconds
33.695: Application time: 0.0014300 seconds
33.695: Total time for which application threads were stopped: 0.0000860 seconds, Stopping threads took: 0.0000220 seconds
33.695: Application time: 0.0004410 seconds
33.695: Total time for which application threads were stopped: 0.0000630 seconds, Stopping threads took: 0.0000070 seconds
33.696: Application time: 0.0002660 seconds
33.696: Total time for which application threads were stopped: 0.0000700 seconds, Stopping threads took: 0.0000150 seconds
33.696: Application time: 0.0004450 seconds
33.696: Total time for which application threads were stopped: 0.0000900 seconds, Stopping threads took: 0.0000360 seconds
33.697: Application time: 0.0006390 seconds
33.697: Total time for which application threads were stopped: 0.0000610 seconds, Stopping threads took: 0.0000060 seconds
33.698: Application time: 0.0013500 seconds
33.698: Total time for which application threads were stopped: 0.0000760 seconds, Stopping threads took: 0.0000180 seconds
33.700: Application time: 0.0013530 seconds
33.700: Total time for which application threads were stopped: 0.0000700 seconds, Stopping threads took: 0.0000080 seconds
33.700: Application time: 0.0001970 seconds
33.700: Total time for which application threads were stopped: 0.0001410 seconds, Stopping threads took: 0.0000040 seconds
33.701: Application time: 0.0005360 seconds
33.701: Total time for which application threads were stopped: 0.0001310 seconds, Stopping threads took: 0.0000640 seconds
33.701: Application time: 0.0002490 seconds
33.701: Total time for which application threads were stopped: 0.0000760 seconds, Stopping threads took: 0.0000140 seconds
33.701: Application time: 0.0001960 seconds
33.701: Total time for which application threads were stopped: 0.0000660 seconds, Stopping threads took: 0.0000080 seconds
33.701: Application time: 0.0000780 seconds
33.702: Total time for which application threads were stopped: 0.0000610 seconds, Stopping threads took: 0.0000050 seconds
33.702: Application time: 0.0000660 seconds
33.702: Total time for which application threads were stopped: 0.0000630 seconds, Stopping threads took: 0.0000050 seconds
33.702: Application time: 0.0000910 seconds
33.702: Total time for which application threads were stopped: 0.0000720 seconds, Stopping threads took: 0.0000130 seconds
33.702: Application time: 0.0000470 seconds
33.702: Total time for which application threads were stopped: 0.0000670 seconds, Stopping threads took: 0.0000100 seconds
33.702: Application time: 0.0001100 seconds
33.702: Total time for which application threads were stopped: 0.0000590 seconds, Stopping threads took: 0.0000060 seconds
33.702: Application time: 0.0001680 seconds
33.702: Total time for which application threads were stopped: 0.0000740 seconds, Stopping threads took: 0.0000190 seconds
33.703: Application time: 0.0001960 seconds
33.703: Total time for which application threads were stopped: 0.0000770 seconds, Stopping threads took: 0.0000200 seconds
33.703: Application time: 0.0000530 seconds
33.703: Total time for which application threads were stopped: 0.0000670 seconds, Stopping threads took: 0.0000110 seconds
33.703: Application time: 0.0001720 seconds
33.703: Total time for which application threads were stopped: 0.0000670 seconds, Stopping threads took: 0.0000140 seconds
33.703: Application time: 0.0000710 seconds
33.703: Total time for which application threads were stopped: 0.0000680 seconds, Stopping threads took: 0.0000120 seconds
33.703: Application time: 0.0000090 seconds
33.703: Total time for which application threads were stopped: 0.0000630 seconds, Stopping threads took: 0.0000100 seconds
33.703: Application time: 0.0000110 seconds
33.703: Total time for which application threads were stopped: 0.0000750 seconds, Stopping threads took: 0.0000110 seconds
33.704: Application time: 0.0005050 seconds
33.704: Total time for which application threads were stopped: 0.0000670 seconds, Stopping threads took: 0.0000110 seconds
33.706: Application time: 0.0019570 seconds
33.706: Total time for which application threads were stopped: 0.0001130 seconds, Stopping threads took: 0.0000280 seconds
33.707: Application time: 0.0011940 seconds
33.707: Total time for which application threads were stopped: 0.0001030 seconds, Stopping threads took: 0.0000220 seconds
33.708: Application time: 0.0007430 seconds
33.708: Total time for which application threads were stopped: 0.0001440 seconds, Stopping threads took: 0.0000600 seconds
33.714: Application time: 0.0063000 seconds
33.715: Total time for which application threads were stopped: 0.0002240 seconds, Stopping threads took: 0.0000300 seconds
33.715: Application time: 0.0000550 seconds
33.715: Total time for which application threads were stopped: 0.0001420 seconds, Stopping threads took: 0.0000340 seconds
33.715: Application time: 0.0000510 seconds
33.715: Total time for which application threads were stopped: 0.0001470 seconds, Stopping threads took: 0.0000300 seconds
33.717: Application time: 0.0018790 seconds
33.717: Total time for which application threads were stopped: 0.0001840 seconds, Stopping threads took: 0.0000520 seconds
33.717: Application time: 0.0000830 seconds
33.717: Total time for which application threads were stopped: 0.0001760 seconds, Stopping threads took: 0.0000540 seconds
33.719: Application time: 0.0012250 seconds
33.719: Total time for which application threads were stopped: 0.0001340 seconds, Stopping threads took: 0.0000440 seconds
33.720: Application time: 0.0011150 seconds
33.720: Total time for which application threads were stopped: 0.0001620 seconds, Stopping threads took: 0.0000630 seconds
33.720: Application time: 0.0000470 seconds
33.720: Total time for which application threads were stopped: 0.0002850 seconds, Stopping threads took: 0.0001890 seconds
33.722: Application time: 0.0018690 seconds
33.722: Total time for which application threads were stopped: 0.0001410 seconds, Stopping threads took: 0.0000430 seconds
33.722: Application time: 0.0000650 seconds
33.723: Total time for which application threads were stopped: 0.0002060 seconds, Stopping threads took: 0.0001410 seconds
33.723: Application time: 0.0004140 seconds
33.723: Total time for which application threads were stopped: 0.0001140 seconds, Stopping threads took: 0.0000320 seconds
33.723: Application time: 0.0000730 seconds
33.723: Total time for which application threads were stopped: 0.0001600 seconds, Stopping threads took: 0.0000820 seconds
33.724: Application time: 0.0002280 seconds
33.724: Total time for which application threads were stopped: 0.0001370 seconds, Stopping threads took: 0.0000790 seconds
33.724: Application time: 0.0001270 seconds
33.724: Total time for which application threads were stopped: 0.0001040 seconds, Stopping threads took: 0.0000500 seconds
33.750: Application time: 0.0260480 seconds
33.750: Total time for which application threads were stopped: 0.0004010 seconds, Stopping threads took: 0.0000660 seconds
33.751: Application time: 0.0000840 seconds
33.751: [GC33.751: [ParNew: 146336K->18240K(164544K), 0.0166420 secs] 365624K->241570K(530024K), 0.0166840 secs] [Times: user=0.12 sys=0.01, real=0.02 secs] 
33.767: Total time for which application threads were stopped: 0.0168860 seconds, Stopping threads took: 0.0000720 seconds
33.768: Application time: 0.0001230 seconds
33.768: [GC33.768: [ParNew: 21985K->13242K(164544K), 0.0052650 secs] 245316K->254629K(530024K), 0.0052970 secs] [Times: user=0.03 sys=0.02, real=0.00 secs] 
33.773: Total time for which application threads were stopped: 0.0056750 seconds, Stopping threads took: 0.0000500 seconds
33.774: Application time: 0.0009550 seconds
33.775: Total time for which application threads were stopped: 0.0003820 seconds, Stopping threads took: 0.0000520 seconds
33.821: Application time: 0.0462890 seconds
33.821: Total time for which application threads were stopped: 0.0003680 seconds, Stopping threads took: 0.0000520 seconds
33.822: Application time: 0.0012230 seconds
33.823: Total time for which application threads were stopped: 0.0003530 seconds, Stopping threads took: 0.0000550 seconds
33.825: Application time: 0.0019190 seconds
33.825: Total time for which application threads were stopped: 0.0002510 seconds, Stopping threads took: 0.0000420 seconds
33.830: Application time: 0.0049570 seconds
33.832: Total time for which application threads were stopped: 0.0016150 seconds, Stopping threads took: 0.0013460 seconds
33.832: Application time: 0.0003760 seconds
33.835: Total time for which application threads were stopped: 0.0034660 seconds, Stopping threads took: 0.0033710 seconds
34.168: Application time: 0.3328220 seconds
34.169: [GC34.169: [ParNew: 159546K->17054K(164544K), 0.0058370 secs] 400933K->258441K(530024K), 0.0058980 secs] [Times: user=0.04 sys=0.01, real=0.00 secs] 
34.175: Total time for which application threads were stopped: 0.0065100 seconds, Stopping threads took: 0.0000830 seconds
34.376: Application time: 0.2008460 seconds
34.376: [GC34.376: [ParNew: 163358K->13094K(164544K), 0.0060580 secs] 404745K->268689K(530024K), 0.0061050 secs] [Times: user=0.04 sys=0.01, real=0.01 secs] 
34.382: Total time for which application threads were stopped: 0.0066220 seconds, Stopping threads took: 0.0000800 seconds
34.453: Application time: 0.0703490 seconds
34.456: Total time for which application threads were stopped: 0.0030540 seconds, Stopping threads took: 0.0027380 seconds
34.458: Application time: 0.0024490 seconds
34.458: Total time for which application threads were stopped: 0.0003530 seconds, Stopping threads took: 0.0000720 seconds
34.469: Application time: 0.0105110 seconds
34.469: Total time for which application threads were stopped: 0.0003860 seconds, Stopping threads took: 0.0000640 seconds
34.483: Application time: 0.0135920 seconds
34.483: Total time for which application threads were stopped: 0.0005030 seconds, Stopping threads took: 0.0000840 seconds
34.485: Application time: 0.0018450 seconds
34.486: [GC34.486: [ParNew: 159398K->15482K(164544K), 0.0050600 secs] 414993K->271076K(530024K), 0.0051050 secs] [Times: user=0.04 sys=0.01, real=0.01 secs] 
34.491: Total time for which application threads were stopped: 0.0055480 seconds, Stopping threads took: 0.0000570 seconds
34.494: Application time: 0.0034200 seconds
34.495: Total time for which application threads were stopped: 0.0004070 seconds, Stopping threads took: 0.0000590 seconds
34.561: Application time: 0.0667320 seconds
34.562: [GC34.562: [ParNew: 161786K->17769K(164544K), 0.0067980 secs] 417380K->279940K(530024K), 0.0068370 secs] [Times: user=0.05 sys=0.00, real=0.01 secs] 
34.569: Total time for which application threads were stopped: 0.0073950 seconds, Stopping threads took: 0.0001010 seconds
34.624: Application time: 0.0554490 seconds
34.625: [GC34.625: [ParNew: 164073K->16428K(164544K), 0.0060240 secs] 426244K->284811K(530024K), 0.0060670 secs] [Times: user=0.03 sys=0.01, real=0.01 secs] 
34.631: Total time for which application threads were stopped: 0.0065650 seconds, Stopping threads took: 0.0000750 seconds
34.642: Application time: 0.0109460 seconds
34.642: Total time for which application threads were stopped: 0.0004700 seconds, Stopping threads took: 0.0001040 seconds
34.668: Application time: 0.0259390 seconds
34.669: [GC34.669: [ParNew: 162732K->15047K(164544K), 0.0061250 secs] 431115K->289500K(530024K), 0.0061670 secs] [Times: user=0.04 sys=0.01, real=0.00 secs] 
34.675: Total time for which application threads were stopped: 0.0065780 seconds, Stopping threads took: 0.0000520 seconds
34.712: Application time: 0.0369500 seconds
34.712: [GC34.712: [ParNew: 161351K->16050K(164544K), 0.0060460 secs] 435804K->295037K(530024K), 0.0060890 secs] [Times: user=0.03 sys=0.02, real=0.00 secs] 
34.718: Total time for which application threads were stopped: 0.0065470 seconds, Stopping threads took: 0.0000640 seconds
34.755: Application time: 0.0372680 seconds
34.756: [GC34.756: [ParNew: 162354K->15981K(164544K), 0.0070610 secs] 441341K->301065K(530024K), 0.0071040 secs] [Times: user=0.05 sys=0.00, real=0.01 secs] 
34.763: Total time for which application threads were stopped: 0.0075740 seconds, Stopping threads took: 0.0000580 seconds
34.799: Application time: 0.0363130 seconds
34.800: [GC34.800: [ParNew: 162285K->14913K(164544K), 0.0065610 secs] 447369K->305866K(530024K), 0.0066010 secs] [Times: user=0.03 sys=0.01, real=0.00 secs] 
34.806: Total time for which application threads were stopped: 0.0070480 seconds, Stopping threads took: 0.0000480 seconds
34.843: Application time: 0.0361260 seconds
34.843: [GC34.843: [ParNew: 161217K->16420K(164544K), 0.0065430 secs] 452170K->313577K(530024K), 0.0065860 secs] [Times: user=0.05 sys=0.00, real=0.01 secs] 
34.850: Total time for which application threads were stopped: 0.0069930 seconds, Stopping threads took: 0.0000440 seconds
34.897: Application time: 0.0472540 seconds
34.897: [GC34.897: [ParNew: 162724K->16646K(164544K), 0.0065230 secs] 459881K->319579K(530024K), 0.0065800 secs] [Times: user=0.05 sys=0.01, real=0.01 secs] 
34.904: Total time for which application threads were stopped: 0.0071400 seconds, Stopping threads took: 0.0000670 seconds
34.951: Application time: 0.0471120 seconds
34.952: [GC34.952: [ParNew: 162950K->18240K(164544K), 0.0081830 secs] 465883K->327580K(530024K), 0.0082260 secs] [Times: user=0.05 sys=0.00, real=0.01 secs] 
34.960: Total time for which application threads were stopped: 0.0087880 seconds, Stopping threads took: 0.0000550 seconds
34.998: Application time: 0.0382190 seconds
34.999: [GC34.999: [ParNew: 164544K->17039K(164544K), 0.0068970 secs] 473884K->331864K(530024K), 0.0069380 secs] [Times: user=0.05 sys=0.01, real=0.01 secs] 
35.005: Total time for which application threads were stopped: 0.0073730 seconds, Stopping threads took: 0.0000430 seconds
35.040: Application time: 0.0347820 seconds
35.041: [GC35.041: [ParNew: 163343K->18201K(164544K), 0.0070220 secs] 478168K->340108K(530024K), 0.0070630 secs] [Times: user=0.06 sys=0.00, real=0.01 secs] 
35.048: Total time for which application threads were stopped: 0.0075120 seconds, Stopping threads took: 0.0000530 seconds
35.084: Application time: 0.0360650 seconds
35.084: [GC35.084: [ParNew: 164505K->17721K(164544K), 0.0069640 secs] 486412K->346074K(530024K), 0.0070060 secs] [Times: user=0.05 sys=0.00, real=0.01 secs] 
35.091: Total time for which application threads were stopped: 0.0074760 seconds, Stopping threads took: 0.0000420 seconds
35.129: Application time: 0.0377900 seconds
35.130: [GC35.130: [ParNew: 164025K->17732K(164544K), 0.0073010 secs] 492378K->352435K(530024K), 0.0073430 secs] [Times: user=0.06 sys=0.00, real=0.00 secs] 
35.137: Total time for which application threads were stopped: 0.0078050 seconds, Stopping threads took: 0.0000570 seconds
35.173: Application time: 0.0364680 seconds
35.174: Total time for which application threads were stopped: 0.0004110 seconds, Stopping threads took: 0.0000510 seconds
35.174: Application time: 0.0000480 seconds
35.174: [GC35.174: [ParNew: 164036K->18006K(164544K), 0.0071360 secs] 498739K->359279K(530024K), 0.0071770 secs] [Times: user=0.05 sys=0.00, real=0.01 secs] 
35.181: Total time for which application threads were stopped: 0.0073230 seconds, Stopping threads took: 0.0000240 seconds
35.182: Application time: 0.0004810 seconds
35.182: [GC35.182: [ParNew: 20554K->14385K(164544K), 0.0041780 secs] 361827K->362243K(530024K), 0.0042130 secs] [Times: user=0.02 sys=0.00, real=0.00 secs] 
35.186: Total time for which application threads were stopped: 0.0046150 seconds, Stopping threads took: 0.0000480 seconds
35.225: Application time: 0.0384080 seconds
35.225: [GC35.225: [ParNew: 160689K->16540K(164544K), 0.0055080 secs] 508547K->364398K(530024K), 0.0055510 secs] [Times: user=0.04 sys=0.01, real=0.01 secs] 
35.231: Total time for which application threads were stopped: 0.0059610 seconds, Stopping threads took: 0.0000420 seconds
35.267: Application time: 0.0360960 seconds
35.267: [GC35.267: [ParNew: 162844K->18240K(164544K), 0.0069730 secs] 510702K->372233K(530024K), 0.0070170 secs] [Times: user=0.05 sys=0.01, real=0.01 secs] 
35.274: Total time for which application threads were stopped: 0.0074670 seconds, Stopping threads took: 0.0000340 seconds
35.310: Application time: 0.0357340 seconds
35.310: [GC35.310: [ParNew: 164544K->18030K(164544K), 0.0071930 secs] 518537K->379280K(530024K), 0.0072370 secs] [Times: user=0.06 sys=0.00, real=0.00 secs] 
35.318: Total time for which application threads were stopped: 0.0076660 seconds, Stopping threads took: 0.0000610 seconds
35.353: Application time: 0.0353360 seconds
35.353: [GC35.353: [ParNew: 164334K->18193K(164544K), 0.0070440 secs]35.360: [Tenured: 367689K->367757K(367784K), 0.1422250 secs] 525584K->381509K(532328K), [Perm : 13547K->13547K(21248K)], 0.1495210 secs] [Times: user=0.20 sys=0.00, real=0.15 secs] 
35.503: Total time for which application threads were stopped: 0.1500090 seconds, Stopping threads took: 0.0000740 seconds
35.560: Application time: 0.0565340 seconds
35.560: [GC35.560: [ParNew: 245248K->30656K(275904K), 0.0220580 secs] 613005K->398605K(888836K), 0.0221000 secs] [Times: user=0.17 sys=0.00, real=0.02 secs] 
35.582: Total time for which application threads were stopped: 0.0226170 seconds, Stopping threads took: 0.0000640 seconds
35.598: Application time: 0.0155600 seconds
35.598: Total time for which application threads were stopped: 0.0003880 seconds, Stopping threads took: 0.0000530 seconds
35.626: Application time: 0.0277560 seconds
35.626: Total time for which application threads were stopped: 0.0004660 seconds, Stopping threads took: 0.0000740 seconds
35.646: Application time: 0.0197020 seconds
35.646: [GC35.646: [ParNew: 275904K->23725K(275904K), 0.0103630 secs] 643853K->415213K(888836K), 0.0104080 secs] [Times: user=0.07 sys=0.00, real=0.01 secs] 
35.657: Total time for which application threads were stopped: 0.0108710 seconds, Stopping threads took: 0.0000610 seconds
35.718: Application time: 0.0610650 seconds
35.718: [GC35.718: [ParNew: 268973K->22199K(275904K), 0.0070150 secs] 660461K->413687K(888836K), 0.0070600 secs] [Times: user=0.05 sys=0.00, real=0.01 secs] 
35.725: Total time for which application threads were stopped: 0.0074890 seconds, Stopping threads took: 0.0000510 seconds
35.763: Application time: 0.0380130 seconds
35.764: Total time for which application threads were stopped: 0.0005180 seconds, Stopping threads took: 0.0000790 seconds
35.825: Application time: 0.0611590 seconds
35.826: [GC35.826: [ParNew: 267447K->14897K(275904K), 0.0086080 secs] 658935K->417205K(888836K), 0.0086540 secs] [Times: user=0.05 sys=0.01, real=0.01 secs] 
35.834: Total time for which application threads were stopped: 0.0091060 seconds, Stopping threads took: 0.0000810 seconds
35.856: Application time: 0.0215170 seconds
35.856: Total time for which application threads were stopped: 0.0004490 seconds, Stopping threads took: 0.0000540 seconds
35.924: Application time: 0.0675760 seconds
35.924: [GC35.924: [ParNew: 260145K->14342K(275904K), 0.0052490 secs] 662453K->416650K(888836K), 0.0052980 secs] [Times: user=0.04 sys=0.00, real=0.01 secs] 
35.930: Total time for which application threads were stopped: 0.0058210 seconds, Stopping threads took: 0.0000620 seconds
35.995: Application time: 0.0650690 seconds
35.995: [GC35.995: [ParNew: 259590K->13908K(275904K), 0.0049210 secs] 661898K->416217K(888836K), 0.0049660 secs] [Times: user=0.04 sys=0.00, real=0.01 secs] 
36.000: Total time for which application threads were stopped: 0.0055460 seconds, Stopping threads took: 0.0000740 seconds
36.059: Application time: 0.0588950 seconds
36.060: [GC36.060: [ParNew: 259156K->13838K(275904K), 0.0047540 secs] 661465K->416146K(888836K), 0.0047980 secs] [Times: user=0.03 sys=0.00, real=0.00 secs] 
36.064: Total time for which application threads were stopped: 0.0052590 seconds, Stopping threads took: 0.0000610 seconds
36.126: Application time: 0.0616680 seconds
36.127: [GC36.127: [ParNew: 259086K->12480K(275904K), 0.0052620 secs] 661394K->414788K(888836K), 0.0053120 secs] [Times: user=0.04 sys=0.00, real=0.01 secs] 
36.132: Total time for which application threads were stopped: 0.0058400 seconds, Stopping threads took: 0.0000820 seconds
36.193: Application time: 0.0614130 seconds
36.194: [GC36.194: [ParNew: 257728K->15302K(275904K), 0.0051120 secs] 660036K->417611K(888836K), 0.0051590 secs] [Times: user=0.03 sys=0.00, real=0.00 secs] 
36.199: Total time for which application threads were stopped: 0.0055920 seconds, Stopping threads took: 0.0000570 seconds
36.257: Application time: 0.0581340 seconds
36.257: [GC36.257: [ParNew: 260550K->13966K(275904K), 0.0048210 secs] 662859K->416275K(888836K), 0.0048660 secs] [Times: user=0.03 sys=0.00, real=0.01 secs] 
36.262: Total time for which application threads were stopped: 0.0052860 seconds, Stopping threads took: 0.0000440 seconds
36.321: Application time: 0.0583080 seconds
36.321: [GC36.321: [ParNew: 259214K->12620K(275904K), 0.0050250 secs] 661523K->414929K(888836K), 0.0050780 secs] [Times: user=0.04 sys=0.00, real=0.00 secs] 
36.326: Total time for which application threads were stopped: 0.0055760 seconds, Stopping threads took: 0.0000440 seconds
36.398: Application time: 0.0717190 seconds
36.398: [GC36.398: [ParNew: 257868K->14073K(275904K), 0.0050430 secs] 660177K->416381K(888836K), 0.0050900 secs] [Times: user=0.04 sys=0.00, real=0.01 secs] 
36.404: Total time for which application threads were stopped: 0.0056110 seconds, Stopping threads took: 0.0000720 seconds
36.463: Application time: 0.0595130 seconds
36.464: [GC36.464: [ParNew: 259321K->14130K(275904K), 0.0048380 secs] 661629K->416438K(888836K), 0.0048840 secs] [Times: user=0.04 sys=0.00, real=0.01 secs] 
36.468: Total time for which application threads were stopped: 0.0053450 seconds, Stopping threads took: 0.0000560 seconds
36.526: Application time: 0.0575850 seconds
36.526: [GC36.526: [ParNew: 259378K->14180K(275904K), 0.0048970 secs] 661686K->416488K(888836K), 0.0049440 secs] [Times: user=0.03 sys=0.00, real=0.01 secs] 
36.531: Total time for which application threads were stopped: 0.0053720 seconds, Stopping threads took: 0.0000560 seconds
36.597: Application time: 0.0659270 seconds
36.598: [GC36.598: [ParNew: 259428K->17079K(275904K), 0.0052660 secs] 661736K->419388K(888836K), 0.0053120 secs] [Times: user=0.05 sys=0.01, real=0.01 secs] 
36.603: Total time for which application threads were stopped: 0.0058250 seconds, Stopping threads took: 0.0000680 seconds
36.669: Application time: 0.0662610 seconds
36.670: [GC36.670: [ParNew: 262327K->14292K(275904K), 0.0046640 secs] 664636K->416600K(888836K), 0.0047090 secs] [Times: user=0.03 sys=0.00, real=0.00 secs] 
36.675: Total time for which application threads were stopped: 0.0052170 seconds, Stopping threads took: 0.0000680 seconds
36.731: Application time: 0.0559290 seconds
36.731: [GC36.731: [ParNew: 259540K->14347K(275904K), 0.0046850 secs] 661848K->416655K(888836K), 0.0047310 secs] [Times: user=0.03 sys=0.00, real=0.00 secs] 
36.736: Total time for which application threads were stopped: 0.0052020 seconds, Stopping threads took: 0.0000530 seconds
36.792: Application time: 0.0566190 seconds
36.793: [GC36.793: [ParNew: 259595K->11528K(275904K), 0.0045640 secs] 661903K->419743K(888836K), 0.0046080 secs] [Times: user=0.04 sys=0.00, real=0.00 secs] 
36.798: Total time for which application threads were stopped: 0.0051210 seconds, Stopping threads took: 0.0000760 seconds
36.856: Application time: 0.0580780 seconds
36.856: [GC36.856: [ParNew: 256776K->4422K(275904K), 0.0029690 secs] 664991K->417054K(888836K), 0.0030110 secs] [Times: user=0.01 sys=0.00, real=0.00 secs] 
36.859: Total time for which application threads were stopped: 0.0034850 seconds, Stopping threads took: 0.0000540 seconds
36.921: Application time: 0.0615820 seconds
36.921: [GC36.921: [ParNew: 249670K->1429K(275904K), 0.0016960 secs] 662302K->414691K(888836K), 0.0017320 secs] [Times: user=0.01 sys=0.00, real=0.00 secs] 
36.923: Total time for which application threads were stopped: 0.0022440 seconds, Stopping threads took: 0.0000810 seconds
36.948: Application time: 0.0250430 seconds
36.948: Total time for which application threads were stopped: 0.0004140 seconds, Stopping threads took: 0.0000540 seconds
36.981: Application time: 0.0321910 seconds
36.981: [GC36.981: [ParNew: 246677K->996K(275904K), 0.0012410 secs] 659939K->414314K(888836K), 0.0012730 secs] [Times: user=0.01 sys=0.00, real=0.00 secs] 
36.982: Total time for which application threads were stopped: 0.0017250 seconds, Stopping threads took: 0.0000570 seconds
37.038: Application time: 0.0554160 seconds
37.038: [GC37.038: [ParNew: 246244K->1104K(275904K), 0.0012150 secs] 659562K->414478K(888836K), 0.0012490 secs] [Times: user=0.01 sys=0.00, real=0.01 secs] 
37.039: Total time for which application threads were stopped: 0.0017030 seconds, Stopping threads took: 0.0000610 seconds
37.095: Application time: 0.0556090 seconds
37.096: [GC37.096: [ParNew: 246352K->1189K(275904K), 0.0012240 secs] 659726K->414611K(888836K), 0.0012630 secs] [Times: user=0.00 sys=0.00, real=0.00 secs] 
37.097: Total time for which application threads were stopped: 0.0017340 seconds, Stopping threads took: 0.0000550 seconds
37.152: Application time: 0.0550130 seconds
37.152: [GC37.152: [ParNew: 246437K->1158K(275904K), 0.0012610 secs] 659859K->414644K(888836K), 0.0012920 secs] [Times: user=0.01 sys=0.00, real=0.00 secs] 
37.154: Total time for which application threads were stopped: 0.0017550 seconds, Stopping threads took: 0.0000540 seconds
37.213: Application time: 0.0596010 seconds
37.214: [GC37.214: [ParNew: 246406K->1171K(275904K), 0.0014890 secs] 659892K->414697K(888836K), 0.0015240 secs] [Times: user=0.01 sys=0.01, real=0.00 secs] 
37.215: Total time for which application threads were stopped: 0.0020460 seconds, Stopping threads took: 0.0000540 seconds
37.270: Application time: 0.0545910 seconds
37.270: [GC37.270: [ParNew: 246419K->1277K(275904K), 0.0012330 secs] 659945K->414868K(888836K), 0.0012700 secs] [Times: user=0.01 sys=0.00, real=0.00 secs] 
37.272: Total time for which application threads were stopped: 0.0017340 seconds, Stopping threads took: 0.0000520 seconds
37.332: Application time: 0.0602990 seconds
37.332: [GC37.332: [ParNew: 246525K->1265K(275904K), 0.0014870 secs] 660116K->414911K(888836K), 0.0015220 secs] [Times: user=0.01 sys=0.00, real=0.00 secs] 
37.334: Total time for which application threads were stopped: 0.0020190 seconds, Stopping threads took: 0.0000520 seconds
37.391: Application time: 0.0572390 seconds
37.396: [GC37.396: [ParNew: 246513K->1304K(275904K), 0.0012810 secs] 660159K->414999K(888836K), 0.0013130 secs] [Times: user=0.01 sys=0.00, real=0.00 secs] 
37.397: Total time for which application threads were stopped: 0.0058770 seconds, Stopping threads took: 0.0041530 seconds
37.457: Application time: 0.0595320 seconds
37.457: [GC37.457: [ParNew: 246552K->1378K(275904K), 0.0013760 secs] 660247K->415136K(888836K), 0.0014110 secs] [Times: user=0.01 sys=0.00, real=0.00 secs] 
37.458: Total time for which application threads were stopped: 0.0018420 seconds, Stopping threads took: 0.0000570 seconds
37.514: Application time: 0.0555360 seconds
37.514: [GC37.514: [ParNew: 246626K->1602K(275904K), 0.0014540 secs] 660384K->415408K(888836K), 0.0014910 secs] [Times: user=0.01 sys=0.00, real=0.00 secs] 
37.516: Total time for which application threads were stopped: 0.0019130 seconds, Stopping threads took: 0.0000570 seconds
37.571: Application time: 0.0550540 seconds
37.571: [GC37.571: [ParNew: 246850K->1681K(275904K), 0.0012780 secs] 660656K->415528K(888836K), 0.0013120 secs] [Times: user=0.01 sys=0.00, real=0.00 secs] 
37.573: Total time for which application threads were stopped: 0.0017680 seconds, Stopping threads took: 0.0000420 seconds
37.628: Application time: 0.0549120 seconds
37.628: [GC37.628: [ParNew: 246929K->1494K(275904K), 0.0013230 secs] 660776K->415381K(888836K), 0.0013570 secs] [Times: user=0.01 sys=0.00, real=0.00 secs] 
37.629: Total time for which application threads were stopped: 0.0018020 seconds, Stopping threads took: 0.0000430 seconds
37.685: Application time: 0.0554370 seconds
37.685: [GC37.685: [ParNew: 246742K->1677K(275904K), 0.0012850 secs] 660629K->415625K(888836K), 0.0013190 secs] [Times: user=0.01 sys=0.00, real=0.00 secs] 
37.687: Total time for which application threads were stopped: 0.0017670 seconds, Stopping threads took: 0.0000420 seconds
37.742: Application time: 0.0554840 seconds
37.742: [GC37.742: [ParNew: 246925K->1567K(275904K), 0.0014330 secs] 660873K->415572K(888836K), 0.0014680 secs] [Times: user=0.01 sys=0.00, real=0.00 secs] 
37.744: Total time for which application threads were stopped: 0.0019020 seconds, Stopping threads took: 0.0000470 seconds
37.801: Application time: 0.0570640 seconds
37.804: [GC37.804: [ParNew: 246815K->1453K(275904K), 0.0014080 secs] 660820K->415649K(888836K), 0.0014410 secs] [Times: user=0.01 sys=0.00, real=0.00 secs] 
37.805: Total time for which application threads were stopped: 0.0040660 seconds, Stopping threads took: 0.0022170 seconds
37.818: Application time: 0.0129790 seconds
37.819: Total time for which application threads were stopped: 0.0004350 seconds, Stopping threads took: 0.0000850 seconds
37.864: Application time: 0.0459210 seconds
37.872: [GC37.872: [ParNew: 246701K->1233K(275904K), 0.0013970 secs] 660897K->415683K(888836K), 0.0014360 secs] [Times: user=0.01 sys=0.00, real=0.00 secs] 
37.873: Total time for which application threads were stopped: 0.0086920 seconds, Stopping threads took: 0.0068180 seconds
37.930: Application time: 0.0570740 seconds
37.931: [GC37.931: [ParNew: 246481K->1012K(275904K), 0.0013580 secs] 660931K->415526K(888836K), 0.0013920 secs] [Times: user=0.01 sys=0.00, real=0.00 secs] 
37.932: Total time for which application threads were stopped: 0.0018190 seconds, Stopping threads took: 0.0000630 seconds
37.988: Application time: 0.0559660 seconds
37.988: [GC37.988: [ParNew: 246260K->1216K(275904K), 0.0013130 secs] 660774K->415785K(888836K), 0.0013490 secs] [Times: user=0.01 sys=0.01, real=0.00 secs] 
37.990: Total time for which application threads were stopped: 0.0017760 seconds, Stopping threads took: 0.0000440 seconds
38.046: Application time: 0.0563510 seconds
38.047: [GC38.047: [ParNew: 246464K->1286K(275904K), 0.0012420 secs] 661033K->415920K(888836K), 0.0012740 secs] [Times: user=0.01 sys=0.00, real=0.01 secs] 
38.048: Total time for which application threads were stopped: 0.0017280 seconds, Stopping threads took: 0.0000410 seconds
38.104: Application time: 0.0558870 seconds
38.108: [GC38.108: [ParNew: 246534K->1166K(275904K), 0.0013600 secs] 661168K->415864K(888836K), 0.0013930 secs] [Times: user=0.01 sys=0.00, real=0.00 secs] 
38.109: Total time for which application threads were stopped: 0.0052460 seconds, Stopping threads took: 0.0034960 seconds
38.165: Application time: 0.0562510 seconds
38.166: [GC38.166: [ParNew: 246414K->1275K(275904K), 0.0012420 secs] 661112K->416037K(888836K), 0.0012740 secs] [Times: user=0.01 sys=0.00, real=0.00 secs] 
38.167: Total time for which application threads were stopped: 0.0017250 seconds, Stopping threads took: 0.0000470 seconds
38.223: Application time: 0.0564170 seconds
38.228: [GC38.228: [ParNew: 246523K->1218K(275904K), 0.0012660 secs] 661285K->416043K(888836K), 0.0012980 secs] [Times: user=0.01 sys=0.01, real=0.00 secs] 
38.229: Total time for which application threads were stopped: 0.0055650 seconds, Stopping threads took: 0.0038680 seconds
38.285: Application time: 0.0555340 seconds
38.288: [GC38.288: [ParNew: 246466K->1380K(275904K), 0.0012330 secs] 661291K->416270K(888836K), 0.0012680 secs] [Times: user=0.01 sys=0.00, real=0.00 secs] 
38.289: Total time for which application threads were stopped: 0.0044360 seconds, Stopping threads took: 0.0027420 seconds
38.344: Application time: 0.0548280 seconds
38.348: [GC38.348: [ParNew: 246628K->1509K(275904K), 0.0012710 secs] 661518K->416463K(888836K), 0.0013030 secs] [Times: user=0.01 sys=0.00, real=0.00 secs] 
38.349: Total time for which application threads were stopped: 0.0051870 seconds, Stopping threads took: 0.0034770 seconds
38.404: Application time: 0.0551040 seconds
38.405: [GC38.405: [ParNew: 246757K->1429K(275904K), 0.0013680 secs] 661711K->416430K(888836K), 0.0014030 secs] [Times: user=0.01 sys=0.00, real=0.00 secs] 
38.406: Total time for which application threads were stopped: 0.0018470 seconds, Stopping threads took: 0.0000380 seconds
38.461: Application time: 0.0548450 seconds
38.464: [GC38.464: [ParNew: 246677K->1593K(275904K), 0.0013350 secs] 661678K->416659K(888836K), 0.0013690 secs] [Times: user=0.01 sys=0.00, real=0.00 secs] 
38.465: Total time for which application threads were stopped: 0.0042470 seconds, Stopping threads took: 0.0024740 seconds
38.521: Application time: 0.0557710 seconds
38.524: [GC38.524: [ParNew: 246841K->1612K(275904K), 0.0013250 secs] 661907K->416741K(888836K), 0.0013590 secs] [Times: user=0.01 sys=0.00, real=0.00 secs] 
38.525: Total time for which application threads were stopped: 0.0042230 seconds, Stopping threads took: 0.0024580 seconds
38.580: Application time: 0.0552220 seconds
38.584: [GC38.584: [ParNew: 246860K->1644K(275904K), 0.0013580 secs] 661989K->416838K(888836K), 0.0013980 secs] [Times: user=0.01 sys=0.00, real=0.00 secs] 
38.585: Total time for which application threads were stopped: 0.0048040 seconds, Stopping threads took: 0.0030050 seconds
38.641: Application time: 0.0563340 seconds
38.642: [GC38.642: [ParNew: 246892K->1656K(275904K), 0.0013320 secs] 662086K->416908K(888836K), 0.0013670 secs] [Times: user=0.01 sys=0.01, real=0.00 secs] 
38.643: Total time for which application threads were stopped: 0.0018130 seconds, Stopping threads took: 0.0000440 seconds
38.699: Application time: 0.0553510 seconds
38.699: [GC38.699: [ParNew: 246904K->1599K(275904K), 0.0014000 secs] 662156K->416917K(888836K), 0.0014450 secs] [Times: user=0.01 sys=0.00, real=0.01 secs] 
38.700: Total time for which application threads were stopped: 0.0018870 seconds, Stopping threads took: 0.0000410 seconds
38.757: Application time: 0.0561640 seconds
38.760: [GC38.760: [ParNew: 246847K->1579K(275904K), 0.0013690 secs] 662165K->417021K(888836K), 0.0014000 secs] [Times: user=0.01 sys=0.00, real=0.00 secs] 
38.761: Total time for which application threads were stopped: 0.0044380 seconds, Stopping threads took: 0.0026420 seconds
38.817: Application time: 0.0560630 seconds
38.820: [GC38.820: [ParNew: 246827K->1082K(275904K), 0.0013910 secs] 662269K->416748K(888836K), 0.0014220 secs] [Times: user=0.01 sys=0.00, real=0.00 secs] 
38.821: Total time for which application threads were stopped: 0.0039910 seconds, Stopping threads took: 0.0021420 seconds
38.878: Application time: 0.0563970 seconds
38.878: [GC38.878: [ParNew: 246330K->1078K(275904K), 0.0013680 secs] 661996K->416848K(888836K), 0.0013990 secs] [Times: user=0.01 sys=0.01, real=0.01 secs] 
38.879: Total time for which application threads were stopped: 0.0018480 seconds, Stopping threads took: 0.0000420 seconds
38.936: Application time: 0.0571200 seconds
38.937: [GC38.937: [ParNew: 246326K->1201K(275904K), 0.0013260 secs] 662096K->417035K(888836K), 0.0013570 secs] [Times: user=0.01 sys=0.00, real=0.00 secs] 
38.938: Total time for which application threads were stopped: 0.0018230 seconds, Stopping threads took: 0.0000590 seconds
38.993: Application time: 0.0549290 seconds
38.994: [GC38.994: [ParNew: 246449K->1122K(275904K), 0.0013520 secs] 662283K->417004K(888836K), 0.0013850 secs] [Times: user=0.01 sys=0.00, real=0.00 secs] 
38.995: Total time for which application threads were stopped: 0.0017990 seconds, Stopping threads took: 0.0000480 seconds
39.050: Application time: 0.0547170 seconds
39.050: [GC39.050: [ParNew: 246370K->1190K(275904K), 0.0012490 secs] 662252K->417112K(888836K), 0.0012800 secs] [Times: user=0.01 sys=0.00, real=0.00 secs] 
39.052: Total time for which application threads were stopped: 0.0017270 seconds, Stopping threads took: 0.0000410 seconds
39.106: Application time: 0.0546590 seconds
39.108: [GC39.108: [ParNew: 246438K->1323K(275904K), 0.0012400 secs] 662360K->417285K(888836K), 0.0012710 secs] [Times: user=0.00 sys=0.00, real=0.00 secs] 
39.109: Total time for which application threads were stopped: 0.0027760 seconds, Stopping threads took: 0.0011040 seconds
39.164: Application time: 0.0547720 seconds
39.168: [GC39.168: [ParNew: 246571K->1197K(275904K), 0.0012140 secs] 662533K->417199K(888836K), 0.0012480 secs] [Times: user=0.01 sys=0.00, real=0.00 secs] 
39.169: Total time for which application threads were stopped: 0.0052020 seconds, Stopping threads took: 0.0035440 seconds
39.225: Application time: 0.0558910 seconds
39.225: [GC39.225: [ParNew: 246445K->1301K(275904K), 0.0013760 secs] 662447K->417343K(888836K), 0.0014080 secs] [Times: user=0.01 sys=0.00, real=0.00 secs] 
39.227: Total time for which application threads were stopped: 0.0018550 seconds, Stopping threads took: 0.0000460 seconds
39.282: Application time: 0.0552630 seconds
39.284: [GC39.284: [ParNew: 246549K->1442K(275904K), 0.0012330 secs] 662591K->417540K(888836K), 0.0012650 secs] [Times: user=0.01 sys=0.00, real=0.00 secs] 
39.285: Total time for which application threads were stopped: 0.0030080 seconds, Stopping threads took: 0.0013270 seconds
39.339: Application time: 0.0541790 seconds
39.340: [GC39.340: [ParNew: 246690K->1354K(275904K), 0.0012470 secs] 662788K->417500K(888836K), 0.0012800 secs] [Times: user=0.01 sys=0.00, real=0.00 secs] 
39.341: Total time for which application threads were stopped: 0.0017610 seconds, Stopping threads took: 0.0000410 seconds
39.395: Application time: 0.0545820 seconds
39.400: [GC39.400: [ParNew: 246602K->1407K(275904K), 0.0012740 secs] 662748K->417617K(888836K), 0.0013060 secs] [Times: user=0.01 sys=0.00, real=0.00 secs] 
39.401: Total time for which application threads were stopped: 0.0054890 seconds, Stopping threads took: 0.0037840 seconds
39.457: Application time: 0.0559600 seconds
39.457: [GC39.457: [ParNew: 246655K->1353K(275904K), 0.0013310 secs] 662865K->417611K(888836K), 0.0013640 secs] [Times: user=0.01 sys=0.00, real=0.00 secs] 
39.459: Total time for which application threads were stopped: 0.0018140 seconds, Stopping threads took: 0.0000420 seconds
39.513: Application time: 0.0543160 seconds
39.514: [GC39.514: [ParNew: 246601K->1494K(275904K), 0.0014420 secs] 662859K->417800K(888836K), 0.0014760 secs] [Times: user=0.01 sys=0.00, real=0.00 secs] 
39.515: Total time for which application threads were stopped: 0.0019310 seconds, Stopping threads took: 0.0000520 seconds
39.570: Application time: 0.0546620 seconds
39.572: [GC39.572: [ParNew: 246742K->1590K(275904K), 0.0014410 secs] 663048K->417927K(888836K), 0.0014730 secs] [Times: user=0.01 sys=0.00, real=0.00 secs] 
39.573: Total time for which application threads were stopped: 0.0034850 seconds, Stopping threads took: 0.0015990 seconds
39.628: Application time: 0.0551940 seconds
39.632: [GC39.632: [ParNew: 246838K->1615K(275904K), 0.0012900 secs] 663175K->418081K(888836K), 0.0013220 secs] [Times: user=0.00 sys=0.01, real=0.00 secs] 
39.633: Total time for which application threads were stopped: 0.0046440 seconds, Stopping threads took: 0.0029180 seconds
39.689: Application time: 0.0558030 seconds
39.689: [GC39.689: [ParNew: 246863K->1250K(275904K), 0.0013830 secs] 663329K->417829K(888836K), 0.0014150 secs] [Times: user=0.01 sys=0.00, real=0.00 secs] 
39.691: Total time for which application threads were stopped: 0.0018830 seconds, Stopping threads took: 0.0000650 seconds
39.747: Application time: 0.0564250 seconds
39.752: [GC39.752: [ParNew: 246498K->1353K(275904K), 0.0013230 secs] 663077K->417996K(888836K), 0.0013540 secs] [Times: user=0.01 sys=0.00, real=0.00 secs] 
39.753: Total time for which application threads were stopped: 0.0059110 seconds, Stopping threads took: 0.0041510 seconds
39.811: Application time: 0.0583590 seconds
39.816: [GC39.816: [ParNew: 246601K->1122K(275904K), 0.0014000 secs] 663244K->418014K(888836K), 0.0014340 secs] [Times: user=0.01 sys=0.00, real=0.00 secs] 
39.817: Total time for which application threads were stopped: 0.0057280 seconds, Stopping threads took: 0.0038720 seconds
39.882: Application time: 0.0652150 seconds
39.883: [GC39.883: [ParNew: 246370K->1086K(275904K), 0.0012590 secs] 663262K->418041K(888836K), 0.0012880 secs] [Times: user=0.01 sys=0.00, real=0.00 secs] 
39.884: Total time for which application threads were stopped: 0.0019550 seconds, Stopping threads took: 0.0002300 seconds
39.942: Application time: 0.0578530 seconds
39.944: [GC39.944: [ParNew: 246334K->1134K(275904K), 0.0012750 secs] 663289K->418153K(888836K), 0.0013070 secs] [Times: user=0.01 sys=0.01, real=0.00 secs] 
39.945: Total time for which application threads were stopped: 0.0028400 seconds, Stopping threads took: 0.0011300 seconds
39.999: Application time: 0.0543880 seconds
40.004: [GC40.004: [ParNew: 246382K->1139K(275904K), 0.0012700 secs] 663401K->418223K(888836K), 0.0013050 secs] [Times: user=0.01 sys=0.00, real=0.00 secs] 
40.005: Total time for which application threads were stopped: 0.0055900 seconds, Stopping threads took: 0.0038750 seconds
40.060: Application time: 0.0550040 seconds
40.060: [GC40.060: [ParNew: 246387K->1234K(275904K), 0.0014210 secs] 663471K->418381K(888836K), 0.0014650 secs] [Times: user=0.01 sys=0.00, real=0.00 secs] 
40.062: Total time for which application threads were stopped: 0.0018780 seconds, Stopping threads took: 0.0000370 seconds
40.117: Application time: 0.0549380 seconds
40.120: [GC40.120: [ParNew: 246482K->1285K(275904K), 0.0012950 secs] 663629K->418496K(888836K), 0.0013260 secs] [Times: user=0.00 sys=0.00, real=0.00 secs] 
40.121: Total time for which application threads were stopped: 0.0041940 seconds, Stopping threads took: 0.0024610 seconds
40.175: Application time: 0.0544010 seconds
40.180: [GC40.180: [ParNew: 246533K->1342K(275904K), 0.0013430 secs] 663744K->418617K(888836K), 0.0013750 secs] [Times: user=0.01 sys=0.00, real=0.00 secs] 
40.181: Total time for which application threads were stopped: 0.0056290 seconds, Stopping threads took: 0.0038540 seconds
40.236: Application time: 0.0552810 seconds
40.240: [GC40.240: [ParNew: 246590K->1378K(275904K), 0.0013110 secs] 663865K->418717K(888836K), 0.0013450 secs] [Times: user=0.01 sys=0.00, real=0.00 secs] 
40.241: Total time for which application threads were stopped: 0.0046950 seconds, Stopping threads took: 0.0029430 seconds
40.296: Application time: 0.0547560 seconds
40.300: [GC40.300: [ParNew: 246626K->1281K(275904K), 0.0012890 secs] 663965K->418684K(888836K), 0.0013200 secs] [Times: user=0.01 sys=0.00, real=0.00 secs] 
40.301: Total time for which application threads were stopped: 0.0052060 seconds, Stopping threads took: 0.0034800 seconds
40.356: Application time: 0.0547590 seconds
40.356: [GC40.356: [ParNew: 246529K->1388K(275904K), 0.0013390 secs] 663932K->418855K(888836K), 0.0013740 secs] [Times: user=0.01 sys=0.00, real=0.00 secs] 
40.358: Total time for which application threads were stopped: 0.0018390 seconds, Stopping threads took: 0.0000530 seconds
40.412: Application time: 0.0543740 seconds
40.416: [GC40.416: [ParNew: 246636K->1627K(275904K), 0.0013380 secs] 664103K->419150K(888836K), 0.0013720 secs] [Times: user=0.00 sys=0.00, real=0.00 secs] 
40.417: Total time for which application threads were stopped: 0.0050790 seconds, Stopping threads took: 0.0032890 seconds
40.472: Application time: 0.0546410 seconds
40.476: [GC40.476: [ParNew: 246875K->1600K(275904K), 0.0013600 secs] 664398K->419187K(888836K), 0.0013950 secs] [Times: user=0.01 sys=0.00, real=0.00 secs] 
40.477: Total time for which application threads were stopped: 0.0053730 seconds, Stopping threads took: 0.0035700 seconds
40.532: Application time: 0.0547720 seconds
40.536: [GC40.536: [ParNew: 246848K->1627K(275904K), 0.0013220 secs] 664435K->419254K(888836K), 0.0013570 secs] [Times: user=0.01 sys=0.00, real=0.00 secs] 
40.537: Total time for which application threads were stopped: 0.0051770 seconds, Stopping threads took: 0.0034190 seconds
40.593: Application time: 0.0559100 seconds
40.596: [GC40.596: [ParNew: 246875K->1422K(275904K), 0.0013960 secs] 664502K->419221K(888836K), 0.0014300 secs] [Times: user=0.01 sys=0.00, real=0.00 secs] 
40.597: Total time for which application threads were stopped: 0.0041600 seconds, Stopping threads took: 0.0023300 seconds
40.653: Application time: 0.0561310 seconds
40.654: [GC40.654: [ParNew: 246670K->1311K(275904K), 0.0014020 secs] 664469K->419176K(888836K), 0.0014350 secs] [Times: user=0.01 sys=0.00, real=0.00 secs] 
40.655: Total time for which application threads were stopped: 0.0018780 seconds, Stopping threads took: 0.0000450 seconds
40.711: Application time: 0.0559810 seconds
40.712: [GC40.712: [ParNew: 246559K->1244K(275904K), 0.0013950 secs] 664424K->419173K(888836K), 0.0014300 secs] [Times: user=0.01 sys=0.00, real=0.00 secs] 
40.713: Total time for which application threads were stopped: 0.0018560 seconds, Stopping threads took: 0.0000510 seconds
40.768: Application time: 0.0552090 seconds
40.772: [GC40.772: [ParNew: 246492K->1218K(275904K), 0.0014090 secs] 664421K->419243K(888836K), 0.0014400 secs] [Times: user=0.01 sys=0.00, real=0.00 secs] 
40.773: Total time for which application threads were stopped: 0.0049400 seconds, Stopping threads took: 0.0031030 seconds
40.829: Application time: 0.0559890 seconds
40.830: [GC40.830: [ParNew: 246466K->997K(275904K), 0.0015000 secs] 664491K->419208K(888836K), 0.0015400 secs] [Times: user=0.01 sys=0.00, real=0.00 secs] 
40.831: Total time for which application threads were stopped: 0.0020110 seconds, Stopping threads took: 0.0000750 seconds
40.887: Application time: 0.0556210 seconds
40.888: [GC40.888: [ParNew: 246245K->1165K(275904K), 0.0013800 secs] 664456K->419431K(888836K), 0.0014120 secs] [Times: user=0.01 sys=0.00, real=0.00 secs] 
40.889: Total time for which application threads were stopped: 0.0023210 seconds, Stopping threads took: 0.0005480 seconds
40.945: Application time: 0.0557980 seconds
40.948: [GC40.948: [ParNew: 246413K->1325K(275904K), 0.0012530 secs] 664679K->419656K(888836K), 0.0012850 secs] [Times: user=0.01 sys=0.00, real=0.00 secs] 
40.949: Total time for which application threads were stopped: 0.0041170 seconds, Stopping threads took: 0.0024090 seconds
41.004: Application time: 0.0550060 seconds
41.004: [GC41.004: [ParNew: 246573K->1104K(275904K), 0.0013680 secs] 664904K->419490K(888836K), 0.0014020 secs] [Times: user=0.00 sys=0.00, real=0.00 secs] 
41.006: Total time for which application threads were stopped: 0.0018640 seconds, Stopping threads took: 0.0000520 seconds
41.062: Application time: 0.0559770 seconds
41.064: [GC41.064: [ParNew: 246352K->1279K(275904K), 0.0012570 secs] 664738K->419729K(888836K), 0.0012910 secs] [Times: user=0.01 sys=0.00, real=0.00 secs] 
41.065: Total time for which application threads were stopped: 0.0031140 seconds, Stopping threads took: 0.0014260 seconds
41.120: Application time: 0.0547280 seconds
41.124: [GC41.124: [ParNew: 246527K->1289K(275904K), 0.0012810 secs] 664977K->419796K(888836K), 0.0013150 secs] [Times: user=0.00 sys=0.00, real=0.00 secs] 
41.125: Total time for which application threads were stopped: 0.0053010 seconds, Stopping threads took: 0.0035770 seconds
41.180: Application time: 0.0545610 seconds
41.180: [GC41.180: [ParNew: 246537K->1328K(275904K), 0.0012890 secs] 665044K->419898K(888836K), 0.0013220 secs] [Times: user=0.01 sys=0.00, real=0.00 secs] 
41.181: Total time for which application threads were stopped: 0.0017640 seconds, Stopping threads took: 0.0000410 seconds
41.237: Application time: 0.0555740 seconds
41.237: [GC41.237: [ParNew: 246576K->1386K(275904K), 0.0014020 secs] 665146K->420013K(888836K), 0.0014350 secs] [Times: user=0.00 sys=0.00, real=0.00 secs] 
41.239: Total time for which application threads were stopped: 0.0018740 seconds, Stopping threads took: 0.0000390 seconds
41.293: Application time: 0.0543480 seconds
41.294: [GC41.294: [ParNew: 246634K->1360K(275904K), 0.0014030 secs] 665261K->420043K(888836K), 0.0014380 secs] [Times: user=0.01 sys=0.00, real=0.00 secs] 
41.295: Total time for which application threads were stopped: 0.0018830 seconds, Stopping threads took: 0.0000470 seconds
41.349: Application time: 0.0541470 seconds
41.350: [GC41.350: [ParNew: 246608K->1560K(275904K), 0.0013380 secs] 665291K->420314K(888836K), 0.0013730 secs] [Times: user=0.01 sys=0.01, real=0.00 secs] 
41.351: Total time for which application threads were stopped: 0.0018210 seconds, Stopping threads took: 0.0000520 seconds
41.405: Application time: 0.0542750 seconds
41.406: [GC41.406: [ParNew: 246808K->1502K(275904K), 0.0013320 secs] 665562K->420320K(888836K), 0.0013670 secs] [Times: user=0.01 sys=0.00, real=0.00 secs] 
41.407: Total time for which application threads were stopped: 0.0018160 seconds, Stopping threads took: 0.0000410 seconds
41.462: Application time: 0.0547650 seconds
41.462: [GC41.462: [ParNew: 246750K->1232K(275904K), 0.0015110 secs] 665568K->420139K(888836K), 0.0015470 secs] [Times: user=0.01 sys=0.00, real=0.00 secs] 
41.464: Total time for which application threads were stopped: 0.0020130 seconds, Stopping threads took: 0.0000460 seconds
41.520: Application time: 0.0557420 seconds
41.524: [GC41.524: [ParNew: 246480K->1260K(275904K), 0.0013680 secs] 665387K->420301K(888836K), 0.0014010 secs] [Times: user=0.01 sys=0.00, real=0.00 secs] 
41.525: Total time for which application threads were stopped: 0.0054560 seconds, Stopping threads took: 0.0036480 seconds
41.581: Application time: 0.0558260 seconds
41.584: [GC41.584: [ParNew: 246508K->1353K(275904K), 0.0014100 secs] 665549K->420453K(888836K), 0.0014430 secs] [Times: user=0.01 sys=0.01, real=0.00 secs] 
41.585: Total time for which application threads were stopped: 0.0042150 seconds, Stopping threads took: 0.0023630 seconds
41.641: Application time: 0.0555080 seconds
41.644: [GC41.644: [ParNew: 246601K->1430K(275904K), 0.0014350 secs] 665701K->420590K(888836K), 0.0014670 secs] [Times: user=0.01 sys=0.00, real=0.00 secs] 
41.645: Total time for which application threads were stopped: 0.0045010 seconds, Stopping threads took: 0.0026320 seconds
41.701: Application time: 0.0554910 seconds
41.701: [GC41.701: [ParNew: 246678K->1217K(275904K), 0.0014480 secs] 665838K->420477K(888836K), 0.0014800 secs] [Times: user=0.01 sys=0.01, real=0.00 secs] 
41.703: Total time for which application threads were stopped: 0.0019390 seconds, Stopping threads took: 0.0000500 seconds
41.758: Application time: 0.0550950 seconds
41.760: [GC41.760: [ParNew: 246465K->1212K(275904K), 0.0013590 secs] 665725K->420577K(888836K), 0.0013900 secs] [Times: user=0.01 sys=0.00, real=0.00 secs] 
41.761: Total time for which application threads were stopped: 0.0034020 seconds, Stopping threads took: 0.0016090 seconds
41.817: Application time: 0.0557970 seconds
41.817: [GC41.817: [ParNew: 246460K->1235K(275904K), 0.0014650 secs] 665825K->420741K(888836K), 0.0014990 secs] [Times: user=0.01 sys=0.00, real=0.00 secs] 
41.819: Total time for which application threads were stopped: 0.0019520 seconds, Stopping threads took: 0.0000480 seconds
41.874: Application time: 0.0548820 seconds
41.874: [GC41.874: [ParNew: 246483K->1247K(275904K), 0.0014820 secs] 665989K->420793K(888836K), 0.0015160 secs] [Times: user=0.01 sys=0.00, real=0.00 secs] 
41.876: Total time for which application threads were stopped: 0.0019570 seconds, Stopping threads took: 0.0000450 seconds
41.930: Application time: 0.0546810 seconds
41.931: [GC41.931: [ParNew: 246495K->1266K(275904K), 0.0012890 secs] 666041K->420859K(888836K), 0.0013250 secs] [Times: user=0.01 sys=0.00, real=0.00 secs] 
41.932: Total time for which application threads were stopped: 0.0017800 seconds, Stopping threads took: 0.0000520 seconds
41.987: Application time: 0.0545460 seconds
41.987: [GC41.987: [ParNew: 246514K->1277K(275904K), 0.0013390 secs] 666107K->420918K(888836K), 0.0013730 secs] [Times: user=0.01 sys=0.00, real=0.01 secs] 
41.989: Total time for which application threads were stopped: 0.0018480 seconds, Stopping threads took: 0.0000490 seconds
42.043: Application time: 0.0545690 seconds
42.044: [GC42.044: [ParNew: 246525K->1513K(275904K), 0.0012470 secs] 666166K->421202K(888836K), 0.0012810 secs] [Times: user=0.00 sys=0.00, real=0.00 secs] 
42.045: Total time for which application threads were stopped: 0.0017450 seconds, Stopping threads took: 0.0000480 seconds
42.100: Application time: 0.0547700 seconds
42.100: [GC42.100: [ParNew: 246761K->1574K(275904K), 0.0012930 secs] 666450K->421312K(888836K), 0.0013260 secs] [Times: user=0.01 sys=0.00, real=0.00 secs] 
42.101: Total time for which application threads were stopped: 0.0017830 seconds, Stopping threads took: 0.0000500 seconds
42.156: Application time: 0.0545850 seconds
42.156: [GC42.156: [ParNew: 246822K->1168K(275904K), 0.0013110 secs] 666560K->420970K(888836K), 0.0013450 secs] [Times: user=0.01 sys=0.00, real=0.00 secs] 
42.158: Total time for which application threads were stopped: 0.0017950 seconds, Stopping threads took: 0.0000460 seconds
42.213: Application time: 0.0554500 seconds
42.216: [GC42.216: [ParNew: 246416K->1348K(275904K), 0.0013310 secs] 666218K->421207K(888836K), 0.0013650 secs] [Times: user=0.01 sys=0.00, real=0.00 secs] 
42.217: Total time for which application threads were stopped: 0.0037830 seconds, Stopping threads took: 0.0020120 seconds
42.272: Application time: 0.0544690 seconds
42.276: [GC42.276: [ParNew: 246596K->1562K(275904K), 0.0014280 secs] 666455K->421478K(888836K), 0.0014700 secs] [Times: user=0.01 sys=0.00, real=0.00 secs] 
42.277: Total time for which application threads were stopped: 0.0056260 seconds, Stopping threads took: 0.0037490 seconds
42.332: Application time: 0.0546840 seconds
42.332: [GC42.332: [ParNew: 246810K->1567K(275904K), 0.0013300 secs] 666726K->421533K(888836K), 0.0013630 secs] [Times: user=0.01 sys=0.00, real=0.00 secs] 
42.334: Total time for which application threads were stopped: 0.0018190 seconds, Stopping threads took: 0.0000490 seconds
42.390: Application time: 0.0560300 seconds
42.392: [GC42.392: [ParNew: 246815K->1261K(275904K), 0.0014020 secs] 666781K->421355K(888836K), 0.0014360 secs] [Times: user=0.01 sys=0.00, real=0.00 secs] 
42.393: Total time for which application threads were stopped: 0.0034280 seconds, Stopping threads took: 0.0015900 seconds
42.448: Application time: 0.0546560 seconds
42.448: [GC42.448: [ParNew: 246509K->1153K(275904K), 0.0013430 secs] 666603K->421351K(888836K), 0.0013750 secs] [Times: user=0.01 sys=0.00, real=0.00 secs] 
42.450: Total time for which application threads were stopped: 0.0017910 seconds, Stopping threads took: 0.0000540 seconds
42.504: Application time: 0.0549180 seconds
42.508: [GC42.508: [ParNew: 246401K->1337K(275904K), 0.0014120 secs] 666599K->421593K(888836K), 0.0014460 secs] [Times: user=0.01 sys=0.00, real=0.00 secs] 
42.509: Total time for which application threads were stopped: 0.0046190 seconds, Stopping threads took: 0.0027890 seconds
42.565: Application time: 0.0555870 seconds
42.565: [GC42.565: [ParNew: 246585K->1365K(275904K), 0.0013770 secs] 666841K->421689K(888836K), 0.0014090 secs] [Times: user=0.01 sys=0.00, real=0.00 secs] 
42.567: Total time for which application threads were stopped: 0.0018630 seconds, Stopping threads took: 0.0000510 seconds
42.623: Application time: 0.0562600 seconds
42.627: [GC42.627: [ParNew: 246613K->1299K(275904K), 0.0014940 secs] 666937K->421689K(888836K), 0.0015200 secs] [Times: user=0.01 sys=0.00, real=0.00 secs] 
42.629: Total time for which application threads were stopped: 0.0060330 seconds, Stopping threads took: 0.0041050 seconds
42.686: Application time: 0.0568470 seconds
42.686: [GC42.686: [ParNew: 246547K->1198K(275904K), 0.0015780 secs] 666937K->421692K(888836K), 0.0016100 secs] [Times: user=0.01 sys=0.00, real=0.01 secs] 
42.688: Total time for which application threads were stopped: 0.0020130 seconds, Stopping threads took: 0.0000450 seconds
42.744: Application time: 0.0565260 seconds
42.745: [GC42.745: [ParNew: 246446K->1125K(275904K), 0.0012900 secs] 666940K->421815K(888836K), 0.0013230 secs] [Times: user=0.01 sys=0.00, real=0.00 secs] 
42.746: Total time for which application threads were stopped: 0.0017650 seconds, Stopping threads took: 0.0000510 seconds
42.801: Application time: 0.0551290 seconds
42.804: [GC42.804: [ParNew: 246373K->1186K(275904K), 0.0012700 secs] 667063K->421940K(888836K), 0.0013040 secs] [Times: user=0.01 sys=0.00, real=0.00 secs] 
42.805: Total time for which application threads were stopped: 0.0038080 seconds, Stopping threads took: 0.0021100 seconds
42.860: Application time: 0.0545620 seconds
42.860: [GC42.860: [ParNew: 246434K->1137K(275904K), 0.0012710 secs] 667188K->421955K(888836K), 0.0013060 secs] [Times: user=0.01 sys=0.00, real=0.00 secs] 
42.861: Total time for which application threads were stopped: 0.0017550 seconds, Stopping threads took: 0.0000470 seconds
42.916: Application time: 0.0545100 seconds
42.916: [GC42.916: [ParNew: 246385K->1157K(275904K), 0.0013980 secs] 667203K->422031K(888836K), 0.0014330 secs] [Times: user=0.01 sys=0.00, real=0.00 secs] 
42.918: Total time for which application threads were stopped: 0.0018820 seconds, Stopping threads took: 0.0000420 seconds
42.972: Application time: 0.0547570 seconds
42.973: [GC42.973: [ParNew: 246405K->1361K(275904K), 0.0014890 secs] 667279K->422283K(888836K), 0.0015210 secs] [Times: user=0.00 sys=0.00, real=0.00 secs] 
42.974: Total time for which application threads were stopped: 0.0019560 seconds, Stopping threads took: 0.0000430 seconds
43.029: Application time: 0.0547360 seconds
43.030: [GC43.030: [ParNew: 246609K->1350K(275904K), 0.0014050 secs] 667531K->422320K(888836K), 0.0014480 secs] [Times: user=0.01 sys=0.01, real=0.00 secs] 
43.031: Total time for which application threads were stopped: 0.0019210 seconds, Stopping threads took: 0.0000530 seconds
43.086: Application time: 0.0549860 seconds
43.088: [GC43.088: [ParNew: 246598K->1379K(275904K), 0.0013210 secs] 667568K->422413K(888836K), 0.0013560 secs] [Times: user=0.01 sys=0.00, real=0.00 secs] 
43.089: Total time for which application threads were stopped: 0.0029720 seconds, Stopping threads took: 0.0012150 seconds
43.144: Application time: 0.0547060 seconds
43.144: [GC43.144: [ParNew: 246627K->1546K(275904K), 0.0013170 secs] 667661K->422644K(888836K), 0.0013520 secs] [Times: user=0.00 sys=0.00, real=0.00 secs] 
43.146: Total time for which application threads were stopped: 0.0017970 seconds, Stopping threads took: 0.0000430 seconds
43.201: Application time: 0.0553150 seconds
43.201: [GC43.201: [ParNew: 246794K->1588K(275904K), 0.0013140 secs] 667892K->422750K(888836K), 0.0013460 secs] [Times: user=0.01 sys=0.00, real=0.00 secs] 
43.203: Total time for which application threads were stopped: 0.0017820 seconds, Stopping threads took: 0.0000490 seconds
43.257: Application time: 0.0546450 seconds
43.258: [GC43.258: [ParNew: 246836K->1574K(275904K), 0.0013390 secs] 667998K->422880K(888836K), 0.0013740 secs] [Times: user=0.01 sys=0.00, real=0.00 secs] 
43.259: Total time for which application threads were stopped: 0.0018280 seconds, Stopping threads took: 0.0000490 seconds
43.315: Application time: 0.0556090 seconds
43.315: [GC43.315: [ParNew: 246822K->1143K(275904K), 0.0014830 secs] 668128K->422541K(888836K), 0.0015180 secs] [Times: user=0.01 sys=0.00, real=0.00 secs] 
43.317: Total time for which application threads were stopped: 0.0019770 seconds, Stopping threads took: 0.0000570 seconds
43.372: Application time: 0.0552740 seconds
43.372: [GC43.372: [ParNew: 246391K->1334K(275904K), 0.0013810 secs] 667789K->422804K(888836K), 0.0014160 secs] [Times: user=0.01 sys=0.00, real=0.00 secs] 
43.374: Total time for which application threads were stopped: 0.0018610 seconds, Stopping threads took: 0.0000440 seconds
43.429: Application time: 0.0553640 seconds
43.432: [GC43.432: [ParNew: 246582K->1345K(275904K), 0.0013550 secs] 668052K->422879K(888836K), 0.0013860 secs] [Times: user=0.01 sys=0.01, real=0.00 secs] 
43.433: Total time for which application threads were stopped: 0.0038380 seconds, Stopping threads took: 0.0020500 seconds
43.488: Application time: 0.0553470 seconds
43.492: [GC43.492: [ParNew: 246593K->1339K(275904K), 0.0013870 secs] 668127K->422937K(888836K), 0.0014190 secs] [Times: user=0.01 sys=0.00, real=0.00 secs] 
43.493: Total time for which application threads were stopped: 0.0046800 seconds, Stopping threads took: 0.0028560 seconds
43.549: Application time: 0.0558910 seconds
43.552: [GC43.552: [ParNew: 246587K->1302K(275904K), 0.0014630 secs] 668185K->422972K(888836K), 0.0014970 secs] [Times: user=0.01 sys=0.00, real=0.00 secs] 
43.553: Total time for which application threads were stopped: 0.0041820 seconds, Stopping threads took: 0.0023050 seconds
43.609: Application time: 0.0555020 seconds
43.612: [GC43.612: [ParNew: 246550K->1262K(275904K), 0.0014640 secs] 668220K->423037K(888836K), 0.0014960 secs] [Times: user=0.01 sys=0.01, real=0.00 secs] 
43.613: Total time for which application threads were stopped: 0.0044660 seconds, Stopping threads took: 0.0025900 seconds
43.668: Application time: 0.0546340 seconds
43.668: [GC43.668: [ParNew: 246510K->1161K(275904K), 0.0014490 secs] 668285K->423039K(888836K), 0.0014840 secs] [Times: user=0.01 sys=0.00, real=0.00 secs] 
43.670: Total time for which application threads were stopped: 0.0019380 seconds, Stopping threads took: 0.0000560 seconds
43.727: Application time: 0.0575260 seconds
43.728: [GC43.728: [ParNew: 246409K->1280K(275904K), 0.0013940 secs] 668287K->423315K(888836K), 0.0014300 secs] [Times: user=0.01 sys=0.00, real=0.00 secs] 
43.729: Total time for which application threads were stopped: 0.0018750 seconds, Stopping threads took: 0.0000410 seconds
43.773: Application time: 0.0436730 seconds
43.776: Total time for which application threads were stopped: 0.0028310 seconds, Stopping threads took: 0.0024650 seconds
43.788: Application time: 0.0127730 seconds
43.792: [GC43.792: [ParNew: 246528K->1405K(275904K), 0.0013330 secs] 668563K->423497K(888836K), 0.0013700 secs] [Times: user=0.00 sys=0.01, real=0.00 secs] 
43.793: Total time for which application threads were stopped: 0.0046250 seconds, Stopping threads took: 0.0028770 seconds
43.848: Application time: 0.0547460 seconds
43.848: [GC43.848: [ParNew: 246653K->1479K(275904K), 0.0012890 secs] 668745K->423618K(888836K), 0.0013250 secs] [Times: user=0.01 sys=0.00, real=0.00 secs] 
43.850: Total time for which application threads were stopped: 0.0017920 seconds, Stopping threads took: 0.0000470 seconds
43.905: Application time: 0.0550570 seconds
43.905: [GC43.905: [ParNew: 246727K->1508K(275904K), 0.0012760 secs] 668866K->423695K(888836K), 0.0013110 secs] [Times: user=0.01 sys=0.00, real=0.00 secs] 
43.906: Total time for which application threads were stopped: 0.0017480 seconds, Stopping threads took: 0.0000330 seconds
43.961: Application time: 0.0548400 seconds
43.964: [GC43.964: [ParNew: 246756K->1461K(275904K), 0.0013020 secs] 668943K->423704K(888836K), 0.0013370 secs] [Times: user=0.01 sys=0.00, real=0.00 secs] 
43.965: Total time for which application threads were stopped: 0.0037670 seconds, Stopping threads took: 0.0020290 seconds
44.020: Application time: 0.0549480 seconds
44.024: [GC44.024: [ParNew: 246709K->1493K(275904K), 0.0013100 secs] 668952K->423794K(888836K), 0.0013470 secs] [Times: user=0.01 sys=0.00, real=0.00 secs] 
44.025: Total time for which application threads were stopped: 0.0050500 seconds, Stopping threads took: 0.0033010 seconds
44.080: Application time: 0.0554010 seconds
44.084: [GC44.084: [ParNew: 246741K->1565K(275904K), 0.0013300 secs] 669042K->423933K(888836K), 0.0013650 secs] [Times: user=0.01 sys=0.00, real=0.00 secs] 
44.085: Total time for which application threads were stopped: 0.0046240 seconds, Stopping threads took: 0.0028430 seconds
44.140: Application time: 0.0550480 seconds
44.141: [GC44.141: [ParNew: 246813K->1573K(275904K), 0.0013540 secs] 669181K->424004K(888836K), 0.0013890 secs] [Times: user=0.01 sys=0.00, real=0.00 secs] 
44.142: Total time for which application threads were stopped: 0.0018270 seconds, Stopping threads took: 0.0000390 seconds
44.198: Application time: 0.0563510 seconds
44.200: [GC44.200: [ParNew: 246821K->1566K(275904K), 0.0013230 secs] 669252K->424079K(888836K), 0.0013540 secs] [Times: user=0.01 sys=0.00, real=0.00 secs] 
44.201: Total time for which application threads were stopped: 0.0027360 seconds, Stopping threads took: 0.0009970 seconds
44.257: Application time: 0.0561140 seconds
44.258: [GC44.258: [ParNew: 246814K->1334K(275904K), 0.0013080 secs] 669327K->423955K(888836K), 0.0013440 secs] [Times: user=0.01 sys=0.00, real=0.00 secs] 
44.259: Total time for which application threads were stopped: 0.0018090 seconds, Stopping threads took: 0.0000680 seconds
44.315: Application time: 0.0560870 seconds
44.315: [GC44.316: [ParNew: 246582K->1309K(275904K), 0.0012810 secs] 669203K->423977K(888836K), 0.0013170 secs] [Times: user=0.01 sys=0.00, real=0.00 secs] 
44.317: Total time for which application threads were stopped: 0.0017900 seconds, Stopping threads took: 0.0000360 seconds
44.371: Application time: 0.0545540 seconds
44.376: [GC44.376: [ParNew: 246557K->1331K(275904K), 0.0013330 secs] 669225K->424039K(888836K), 0.0013660 secs] [Times: user=0.01 sys=0.00, real=0.00 secs] 
44.377: Total time for which application threads were stopped: 0.0056470 seconds, Stopping threads took: 0.0038820 seconds
44.433: Application time: 0.0556530 seconds
44.433: [GC44.433: [ParNew: 246579K->1450K(275904K), 0.0014990 secs] 669287K->424214K(888836K), 0.0015340 secs] [Times: user=0.01 sys=0.00, real=0.00 secs] 
44.435: Total time for which application threads were stopped: 0.0019960 seconds, Stopping threads took: 0.0000900 seconds
44.490: Application time: 0.0557030 seconds
44.491: [GC44.491: [ParNew: 246698K->1485K(275904K), 0.0013330 secs] 669462K->424309K(888836K), 0.0013660 secs] [Times: user=0.01 sys=0.00, real=0.00 secs] 
44.492: Total time for which application threads were stopped: 0.0018240 seconds, Stopping threads took: 0.0000540 seconds
44.548: Application time: 0.0558540 seconds
44.552: [GC44.552: [ParNew: 246733K->1412K(275904K), 0.0014340 secs] 669557K->424295K(888836K), 0.0014680 secs] [Times: user=0.01 sys=0.00, real=0.00 secs] 
44.553: Total time for which application threads were stopped: 0.0050090 seconds, Stopping threads took: 0.0031860 seconds
44.608: Application time: 0.0549020 seconds
44.612: [GC44.612: [ParNew: 246253K->1403K(275904K), 0.0014090 secs] 669135K->424486K(888836K), 0.0014430 secs] [Times: user=0.01 sys=0.00, real=0.00 secs] 
44.613: Total time for which application threads were stopped: 0.0051150 seconds, Stopping threads took: 0.0032560 seconds
44.668: Application time: 0.0548830 seconds
44.668: [GC44.668: [ParNew: 246651K->1155K(275904K), 0.0014600 secs] 669734K->424424K(888836K), 0.0014920 secs] [Times: user=0.01 sys=0.00, real=0.00 secs] 
44.670: Total time for which application threads were stopped: 0.0019390 seconds, Stopping threads took: 0.0000550 seconds
44.726: Application time: 0.0558120 seconds
44.726: [GC44.726: [ParNew: 246403K->1241K(275904K), 0.0014170 secs] 669672K->424573K(888836K), 0.0014530 secs] [Times: user=0.01 sys=0.00, real=0.01 secs] 
44.728: Total time for which application threads were stopped: 0.0018970 seconds, Stopping threads took: 0.0000520 seconds
44.785: Application time: 0.0576710 seconds
44.788: [GC44.788: [ParNew: 246489K->1163K(275904K), 0.0014970 secs] 669821K->424544K(888836K), 0.0015290 secs] [Times: user=0.01 sys=0.00, real=0.00 secs] 
44.789: Total time for which application threads were stopped: 0.0038710 seconds, Stopping threads took: 0.0019450 seconds
44.845: Application time: 0.0561740 seconds
44.846: [GC44.846: [ParNew: 246411K->1282K(275904K), 0.0014290 secs] 669792K->424719K(888836K), 0.0014660 secs] [Times: user=0.01 sys=0.00, real=0.01 secs] 
44.847: Total time for which application threads were stopped: 0.0019170 seconds, Stopping threads took: 0.0000500 seconds
44.902: Application time: 0.0549370 seconds
44.904: [GC44.904: [ParNew: 246530K->1322K(275904K), 0.0014130 secs] 669967K->424807K(888836K), 0.0014460 secs] [Times: user=0.01 sys=0.00, real=0.00 secs] 
44.905: Total time for which application threads were stopped: 0.0028820 seconds, Stopping threads took: 0.0010330 seconds
44.960: Application time: 0.0550390 seconds
44.961: [GC44.961: [ParNew: 246570K->1348K(275904K), 0.0013330 secs] 670055K->424896K(888836K), 0.0013670 secs] [Times: user=0.01 sys=0.00, real=0.00 secs] 
44.962: Total time for which application threads were stopped: 0.0018110 seconds, Stopping threads took: 0.0000450 seconds
45.017: Application time: 0.0549280 seconds
45.017: [GC45.017: [ParNew: 246596K->1391K(275904K), 0.0015190 secs] 670144K->424987K(888836K), 0.0015540 secs] [Times: user=0.01 sys=0.00, real=0.00 secs] 
45.019: Total time for which application threads were stopped: 0.0019910 seconds, Stopping threads took: 0.0000430 seconds
45.074: Application time: 0.0548930 seconds
45.074: [GC45.074: [ParNew: 246639K->1438K(275904K), 0.0013630 secs] 670235K->425177K(888836K), 0.0013990 secs] [Times: user=0.01 sys=0.00, real=0.00 secs] 
45.076: Total time for which application threads were stopped: 0.0018510 seconds, Stopping threads took: 0.0000480 seconds
45.131: Application time: 0.0554200 seconds
45.132: [GC45.132: [ParNew: 246686K->1294K(275904K), 0.0014430 secs] 670425K->425121K(888836K), 0.0014780 secs] [Times: user=0.01 sys=0.00, real=0.00 secs] 
45.133: Total time for which application threads were stopped: 0.0019650 seconds, Stopping threads took: 0.0000480 seconds
45.188: Application time: 0.0548120 seconds
45.192: [GC45.192: [ParNew: 246542K->1351K(275904K), 0.0013190 secs] 670369K->425293K(888836K), 0.0013610 secs] [Times: user=0.01 sys=0.00, real=0.00 secs] 
45.193: Total time for which application threads were stopped: 0.0051830 seconds, Stopping threads took: 0.0034220 seconds
45.249: Application time: 0.0557560 seconds
45.249: [GC45.249: [ParNew: 246599K->1337K(275904K), 0.0013120 secs] 670541K->425336K(888836K), 0.0013460 secs] [Times: user=0.01 sys=0.00, real=0.00 secs] 
45.251: Total time for which application threads were stopped: 0.0017890 seconds, Stopping threads took: 0.0000430 seconds
45.306: Application time: 0.0549820 seconds
45.306: [GC45.306: [ParNew: 246585K->1382K(275904K), 0.0015170 secs] 670584K->425421K(888836K), 0.0015520 secs] [Times: user=0.01 sys=0.00, real=0.01 secs] 
45.308: Total time for which application threads were stopped: 0.0019670 seconds, Stopping threads took: 0.0000440 seconds
45.362: Application time: 0.0547710 seconds
45.364: [GC45.364: [ParNew: 246630K->1282K(275904K), 0.0015200 secs] 670669K->425377K(888836K), 0.0015550 secs] [Times: user=0.01 sys=0.00, real=0.00 secs] 
45.365: Total time for which application threads were stopped: 0.0028670 seconds, Stopping threads took: 0.0009490 seconds
45.421: Application time: 0.0556780 seconds
45.424: [GC45.424: [ParNew: 246530K->1421K(275904K), 0.0014670 secs] 670625K->425566K(888836K), 0.0014990 secs] [Times: user=0.01 sys=0.01, real=0.00 secs] 
45.425: Total time for which application threads were stopped: 0.0042960 seconds, Stopping threads took: 0.0023960 seconds
45.481: Application time: 0.0555650 seconds
45.484: [GC45.484: [ParNew: 246669K->1349K(275904K), 0.0013840 secs] 670814K->425568K(888836K), 0.0014180 secs] [Times: user=0.01 sys=0.00, real=0.00 secs] 
45.485: Total time for which application threads were stopped: 0.0043390 seconds, Stopping threads took: 0.0025240 seconds
45.540: Application time: 0.0551300 seconds
45.544: [GC45.544: [ParNew: 246597K->1555K(275904K), 0.0014150 secs] 670816K->425830K(888836K), 0.0014500 secs] [Times: user=0.01 sys=0.01, real=0.00 secs] 
45.545: Total time for which application threads were stopped: 0.0048940 seconds, Stopping threads took: 0.0030470 seconds
45.600: Application time: 0.0551960 seconds
45.601: [GC45.601: [ParNew: 246803K->1500K(275904K), 0.0014790 secs] 671078K->425879K(888836K), 0.0015140 secs] [Times: user=0.01 sys=0.00, real=0.00 secs] 
45.602: Total time for which application threads were stopped: 0.0020100 seconds, Stopping threads took: 0.0000950 seconds
45.658: Application time: 0.0554990 seconds
45.658: [GC45.658: [ParNew: 246748K->1124K(275904K), 0.0013700 secs] 671127K->425707K(888836K), 0.0014060 secs] [Times: user=0.01 sys=0.00, real=0.01 secs] 
45.660: Total time for which application threads were stopped: 0.0018810 seconds, Stopping threads took: 0.0000540 seconds
45.715: Application time: 0.0554010 seconds
45.716: [GC45.716: [ParNew: 246372K->1241K(275904K), 0.0012850 secs] 670955K->425888K(888836K), 0.0013170 secs] [Times: user=0.01 sys=0.00, real=0.00 secs] 
45.717: Total time for which application threads were stopped: 0.0017700 seconds, Stopping threads took: 0.0000480 seconds
45.772: Application time: 0.0553720 seconds
45.773: [GC45.773: [ParNew: 246489K->1224K(275904K), 0.0013150 secs] 671136K->425927K(888836K), 0.0013500 secs] [Times: user=0.01 sys=0.00, real=0.00 secs] 
45.774: Total time for which application threads were stopped: 0.0017990 seconds, Stopping threads took: 0.0000450 seconds
45.829: Application time: 0.0546740 seconds
45.829: [GC45.829: [ParNew: 246472K->1248K(275904K), 0.0013390 secs] 671175K->426009K(888836K), 0.0013740 secs] [Times: user=0.01 sys=0.00, real=0.00 secs] 
45.831: Total time for which application threads were stopped: 0.0018190 seconds, Stopping threads took: 0.0000410 seconds
45.885: Application time: 0.0547720 seconds
45.888: [GC45.888: [ParNew: 246496K->1308K(275904K), 0.0013500 secs] 671257K->426141K(888836K), 0.0013840 secs] [Times: user=0.01 sys=0.00, real=0.00 secs] 
45.889: Total time for which application threads were stopped: 0.0037190 seconds, Stopping threads took: 0.0019360 seconds
45.944: Application time: 0.0551170 seconds
45.948: [GC45.948: [ParNew: 246556K->1323K(275904K), 0.0013450 secs] 671389K->426222K(888836K), 0.0013870 secs] [Times: user=0.01 sys=0.00, real=0.00 secs] 
45.949: Total time for which application threads were stopped: 0.0048750 seconds, Stopping threads took: 0.0030900 seconds
46.007: Application time: 0.0578800 seconds
46.007: [GC46.007: [ParNew: 246571K->1315K(275904K), 0.0014190 secs] 671470K->426363K(888836K), 0.0014560 secs] [Times: user=0.01 sys=0.00, real=0.00 secs] 
46.009: Total time for which application threads were stopped: 0.0019320 seconds, Stopping threads took: 0.0000600 seconds
46.053: Application time: 0.0439560 seconds
46.053: Total time for which application threads were stopped: 0.0004220 seconds, Stopping threads took: 0.0000450 seconds
46.064: Application time: 0.0108400 seconds
46.065: [GC46.065: [ParNew: 246563K->1466K(275904K), 0.0013340 secs] 671611K->426593K(888836K), 0.0013690 secs] [Times: user=0.01 sys=0.00, real=0.00 secs] 
46.066: Total time for which application threads were stopped: 0.0018160 seconds, Stopping threads took: 0.0000530 seconds
46.121: Application time: 0.0546630 seconds
46.121: [GC46.121: [ParNew: 246714K->1360K(275904K), 0.0012920 secs] 671841K->426587K(888836K), 0.0013210 secs] [Times: user=0.01 sys=0.00, real=0.00 secs] 
46.122: Total time for which application threads were stopped: 0.0017880 seconds, Stopping threads took: 0.0000560 seconds
46.177: Application time: 0.0544680 seconds
46.177: [GC46.177: [ParNew: 246608K->1393K(275904K), 0.0014320 secs] 671835K->426676K(888836K), 0.0014680 secs] [Times: user=0.01 sys=0.00, real=0.00 secs] 
46.179: Total time for which application threads were stopped: 0.0019280 seconds, Stopping threads took: 0.0000430 seconds
46.234: Application time: 0.0554540 seconds
46.236: [GC46.236: [ParNew: 246641K->1410K(275904K), 0.0013350 secs] 671924K->426741K(888836K), 0.0013690 secs] [Times: user=0.01 sys=0.00, real=0.00 secs] 
46.237: Total time for which application threads were stopped: 0.0028160 seconds, Stopping threads took: 0.0010430 seconds
46.292: Application time: 0.0547220 seconds
46.292: [GC46.292: [ParNew: 246658K->1457K(275904K), 0.0013800 secs] 671989K->426844K(888836K), 0.0014150 secs] [Times: user=0.01 sys=0.00, real=0.00 secs] 
46.294: Total time for which application threads were stopped: 0.0018620 seconds, Stopping threads took: 0.0000450 seconds
46.349: Application time: 0.0550150 seconds
46.349: [GC46.349: [ParNew: 246705K->1545K(275904K), 0.0014320 secs] 672092K->426988K(888836K), 0.0014650 secs] [Times: user=0.01 sys=0.00, real=0.00 secs] 
46.351: Total time for which application threads were stopped: 0.0019180 seconds, Stopping threads took: 0.0000470 seconds
46.406: Application time: 0.0554100 seconds
46.406: [GC46.406: [ParNew: 246793K->1428K(275904K), 0.0015150 secs] 672236K->426903K(888836K), 0.0015500 secs] [Times: user=0.01 sys=0.00, real=0.01 secs] 
46.408: Total time for which application threads were stopped: 0.0019870 seconds, Stopping threads took: 0.0000380 seconds
46.463: Application time: 0.0552320 seconds
46.464: [GC46.464: [ParNew: 246676K->1691K(275904K), 0.0014740 secs] 672151K->427208K(888836K), 0.0015090 secs] [Times: user=0.01 sys=0.00, real=0.00 secs] 
46.465: Total time for which application threads were stopped: 0.0019490 seconds, Stopping threads took: 0.0000430 seconds
46.520: Application time: 0.0548400 seconds
46.520: [GC46.520: [ParNew: 246939K->1500K(275904K), 0.0015000 secs] 672456K->427113K(888836K), 0.0015360 secs] [Times: user=0.01 sys=0.00, real=0.00 secs] 
46.522: Total time for which application threads were stopped: 0.0019820 seconds, Stopping threads took: 0.0000460 seconds
46.577: Application time: 0.0549260 seconds
46.577: [GC46.577: [ParNew: 246748K->1537K(275904K), 0.0014220 secs] 672361K->427255K(888836K), 0.0014510 secs] [Times: user=0.01 sys=0.00, real=0.00 secs] 
46.579: Total time for which application threads were stopped: 0.0018790 seconds, Stopping threads took: 0.0000370 seconds
46.635: Application time: 0.0560850 seconds
46.640: [GC46.640: [ParNew: 246785K->1364K(275904K), 0.0013810 secs] 672503K->427229K(888836K), 0.0014270 secs] [Times: user=0.01 sys=0.01, real=0.00 secs] 
46.641: Total time for which application threads were stopped: 0.0061980 seconds, Stopping threads took: 0.0043740 seconds
46.697: Application time: 0.0557590 seconds
46.697: [GC46.697: [ParNew: 246612K->1339K(275904K), 0.0013660 secs] 672477K->427254K(888836K), 0.0014020 secs] [Times: user=0.01 sys=0.00, real=0.00 secs] 
46.699: Total time for which application threads were stopped: 0.0018670 seconds, Stopping threads took: 0.0000430 seconds
46.753: Application time: 0.0546700 seconds
46.754: [GC46.754: [ParNew: 246587K->1638K(275904K), 0.0013430 secs] 672502K->427612K(888836K), 0.0013780 secs] [Times: user=0.01 sys=0.00, real=0.00 secs] 
46.755: Total time for which application threads were stopped: 0.0018330 seconds, Stopping threads took: 0.0000470 seconds
46.813: Application time: 0.0576350 seconds
46.816: [GC46.816: [ParNew: 246886K->1536K(275904K), 0.0013540 secs] 672860K->427557K(888836K), 0.0013880 secs] [Times: user=0.01 sys=0.00, real=0.00 secs] 
46.817: Total time for which application threads were stopped: 0.0042030 seconds, Stopping threads took: 0.0024080 seconds
46.872: Application time: 0.0549440 seconds
46.872: [GC46.872: [ParNew: 246784K->1676K(275904K), 0.0013330 secs] 672805K->427762K(888836K), 0.0013680 secs] [Times: user=0.01 sys=0.00, real=0.00 secs] 
46.874: Total time for which application threads were stopped: 0.0018230 seconds, Stopping threads took: 0.0000510 seconds
46.930: Application time: 0.0560390 seconds
46.930: [GC46.930: [ParNew: 246924K->1310K(275904K), 0.0014230 secs] 673010K->427643K(888836K), 0.0014580 secs] [Times: user=0.01 sys=0.00, real=0.00 secs] 
46.932: Total time for which application threads were stopped: 0.0019210 seconds, Stopping threads took: 0.0000620 seconds
46.986: Application time: 0.0546130 seconds
46.988: [GC46.988: [ParNew: 246558K->1140K(275904K), 0.0012890 secs] 672891K->427529K(888836K), 0.0013240 secs] [Times: user=0.01 sys=0.00, real=0.00 secs] 
46.989: Total time for which application threads were stopped: 0.0025740 seconds, Stopping threads took: 0.0008470 seconds
47.044: Application time: 0.0552020 seconds
47.048: [GC47.048: [ParNew: 246388K->1174K(275904K), 0.0013040 secs] 672777K->427628K(888836K), 0.0013370 secs] [Times: user=0.01 sys=0.00, real=0.00 secs] 
47.049: Total time for which application threads were stopped: 0.0048000 seconds, Stopping threads took: 0.0030600 seconds
47.104: Application time: 0.0545980 seconds
47.104: [GC47.104: [ParNew: 246422K->1231K(275904K), 0.0012770 secs] 672876K->427732K(888836K), 0.0013110 secs] [Times: user=0.01 sys=0.00, real=0.00 secs] 
47.105: Total time for which application threads were stopped: 0.0017650 seconds, Stopping threads took: 0.0000490 seconds
47.160: Application time: 0.0546320 seconds
47.164: [GC47.164: [ParNew: 246479K->1335K(275904K), 0.0012910 secs] 672980K->427884K(888836K), 0.0013230 secs] [Times: user=0.01 sys=0.00, real=0.00 secs] 
47.165: Total time for which application threads were stopped: 0.0049790 seconds, Stopping threads took: 0.0032540 seconds
47.220: Application time: 0.0553930 seconds
47.221: [GC47.221: [ParNew: 246583K->1289K(275904K), 0.0014160 secs] 673132K->427887K(888836K), 0.0014500 secs] [Times: user=0.01 sys=0.00, real=0.00 secs] 
47.222: Total time for which application threads were stopped: 0.0019290 seconds, Stopping threads took: 0.0000520 seconds
47.277: Application time: 0.0548060 seconds
47.280: [GC47.280: [ParNew: 246537K->1239K(275904K), 0.0013260 secs] 673135K->427876K(888836K), 0.0013590 secs] [Times: user=0.01 sys=0.00, real=0.00 secs] 
47.281: Total time for which application threads were stopped: 0.0039020 seconds, Stopping threads took: 0.0021420 seconds
47.336: Application time: 0.0551100 seconds
47.337: [GC47.337: [ParNew: 246487K->1602K(275904K), 0.0013650 secs] 673124K->428281K(888836K), 0.0013980 secs] [Times: user=0.01 sys=0.00, real=0.00 secs] 
47.338: Total time for which application threads were stopped: 0.0018630 seconds, Stopping threads took: 0.0000530 seconds
47.393: Application time: 0.0548370 seconds
47.393: [GC47.393: [ParNew: 246850K->1183K(275904K), 0.0013830 secs] 673529K->427928K(888836K), 0.0014190 secs] [Times: user=0.01 sys=0.00, real=0.00 secs] 
47.395: Total time for which application threads were stopped: 0.0018730 seconds, Stopping threads took: 0.0000480 seconds
47.449: Application time: 0.0545780 seconds
47.450: [GC47.450: [ParNew: 246431K->1323K(275904K), 0.0013690 secs] 673176K->428116K(888836K), 0.0014040 secs] [Times: user=0.01 sys=0.00, real=0.00 secs] 
47.451: Total time for which application threads were stopped: 0.0018490 seconds, Stopping threads took: 0.0000470 seconds
47.506: Application time: 0.0545720 seconds
47.506: [GC47.506: [ParNew: 246571K->1361K(275904K), 0.0015120 secs] 673364K->428250K(888836K), 0.0015460 secs] [Times: user=0.01 sys=0.00, real=0.01 secs] 
47.508: Total time for which application threads were stopped: 0.0019940 seconds, Stopping threads took: 0.0000470 seconds
47.563: Application time: 0.0551160 seconds
47.563: [GC47.563: [ParNew: 246609K->1176K(275904K), 0.0013820 secs] 673498K->428250K(888836K), 0.0014180 secs] [Times: user=0.01 sys=0.00, real=0.00 secs] 
47.565: Total time for which application threads were stopped: 0.0018690 seconds, Stopping threads took: 0.0000440 seconds
47.620: Application time: 0.0550580 seconds
47.620: [GC47.620: [ParNew: 246424K->1317K(275904K), 0.0013180 secs] 673498K->428455K(888836K), 0.0013520 secs] [Times: user=0.01 sys=0.00, real=0.00 secs] 
47.622: Total time for which application threads were stopped: 0.0017930 seconds, Stopping threads took: 0.0000420 seconds
47.676: Application time: 0.0547700 seconds
47.680: [GC47.680: [ParNew: 246565K->1236K(275904K), 0.0013780 secs] 673703K->428433K(888836K), 0.0014120 secs] [Times: user=0.01 sys=0.00, real=0.00 secs] 
47.681: Total time for which application threads were stopped: 0.0047160 seconds, Stopping threads took: 0.0029050 seconds
47.736: Application time: 0.0545090 seconds
47.736: [GC47.736: [ParNew: 246484K->1398K(275904K), 0.0013510 secs] 673681K->428642K(888836K), 0.0013840 secs] [Times: user=0.01 sys=0.00, real=0.00 secs] 
47.737: Total time for which application threads were stopped: 0.0018590 seconds, Stopping threads took: 0.0000490 seconds
47.792: Application time: 0.0547740 seconds
47.793: [GC47.793: [ParNew: 246646K->1289K(275904K), 0.0013910 secs] 673890K->428678K(888836K), 0.0014240 secs] [Times: user=0.01 sys=0.00, real=0.00 secs] 
47.794: Total time for which application threads were stopped: 0.0018690 seconds, Stopping threads took: 0.0000490 seconds
47.850: Application time: 0.0558430 seconds
47.852: [GC47.852: [ParNew: 246537K->1346K(275904K), 0.0013040 secs] 673926K->428798K(888836K), 0.0013390 secs] [Times: user=0.01 sys=0.00, real=0.00 secs] 
47.853: Total time for which application threads were stopped: 0.0030780 seconds, Stopping threads took: 0.0013390 seconds
47.908: Application time: 0.0549850 seconds
47.908: [GC47.908: [ParNew: 246594K->1191K(275904K), 0.0013320 secs] 674046K->428740K(888836K), 0.0013650 secs] [Times: user=0.01 sys=0.00, real=0.00 secs] 
47.910: Total time for which application threads were stopped: 0.0018170 seconds, Stopping threads took: 0.0000540 seconds
47.965: Application time: 0.0550330 seconds
47.968: [GC47.968: [ParNew: 246439K->1289K(275904K), 0.0012860 secs] 673988K->428902K(888836K), 0.0013210 secs] [Times: user=0.01 sys=0.00, real=0.00 secs] 
47.969: Total time for which application threads were stopped: 0.0041180 seconds, Stopping threads took: 0.0023990 seconds
48.024: Application time: 0.0546380 seconds
48.024: [GC48.024: [ParNew: 246537K->1278K(275904K), 0.0012950 secs] 674150K->428938K(888836K), 0.0013290 secs] [Times: user=0.01 sys=0.01, real=0.00 secs] 
48.025: Total time for which application threads were stopped: 0.0017790 seconds, Stopping threads took: 0.0000490 seconds
48.080: Application time: 0.0549720 seconds
48.081: [GC48.081: [ParNew: 246526K->1253K(275904K), 0.0013330 secs] 674186K->428962K(888836K), 0.0013660 secs] [Times: user=0.00 sys=0.00, real=0.00 secs] 
48.082: Total time for which application threads were stopped: 0.0018140 seconds, Stopping threads took: 0.0000460 seconds
48.137: Application time: 0.0547080 seconds
48.137: [GC48.137: [ParNew: 246501K->1354K(275904K), 0.0013160 secs] 674210K->429118K(888836K), 0.0013500 secs] [Times: user=0.01 sys=0.00, real=0.00 secs] 
48.139: Total time for which application threads were stopped: 0.0018100 seconds, Stopping threads took: 0.0000580 seconds
48.194: Application time: 0.0548120 seconds
48.194: [GC48.194: [ParNew: 246602K->1274K(275904K), 0.0015310 secs] 674366K->429087K(888836K), 0.0015680 secs] [Times: user=0.01 sys=0.00, real=0.00 secs] 
48.196: Total time for which application threads were stopped: 0.0020310 seconds, Stopping threads took: 0.0000570 seconds
48.251: Application time: 0.0552060 seconds
48.251: [GC48.251: [ParNew: 246522K->1335K(275904K), 0.0013750 secs] 674335K->429206K(888836K), 0.0014110 secs] [Times: user=0.01 sys=0.00, real=0.00 secs] 
48.253: Total time for which application threads were stopped: 0.0018860 seconds, Stopping threads took: 0.0000470 seconds
48.308: Application time: 0.0551010 seconds
48.312: [GC48.312: [ParNew: 246583K->1551K(275904K), 0.0014600 secs] 674454K->429469K(888836K), 0.0014930 secs] [Times: user=0.01 sys=0.00, real=0.00 secs] 
48.313: Total time for which application threads were stopped: 0.0053700 seconds, Stopping threads took: 0.0034780 seconds
48.368: Application time: 0.0551430 seconds
48.369: [GC48.369: [ParNew: 246799K->1304K(275904K), 0.0014750 secs] 674717K->429281K(888836K), 0.0015120 secs] [Times: user=0.01 sys=0.00, real=0.00 secs] 
48.370: Total time for which application threads were stopped: 0.0019610 seconds, Stopping threads took: 0.0000480 seconds
48.425: Application time: 0.0548850 seconds
48.428: [GC48.428: [ParNew: 246552K->1256K(275904K), 0.0015660 secs] 674529K->429317K(888836K), 0.0016000 secs] [Times: user=0.01 sys=0.01, real=0.00 secs] 
48.429: Total time for which application threads were stopped: 0.0041210 seconds, Stopping threads took: 0.0021130 seconds
48.485: Application time: 0.0553800 seconds
48.485: [GC48.485: [ParNew: 246504K->1251K(275904K), 0.0014910 secs] 674565K->429417K(888836K), 0.0015250 secs] [Times: user=0.01 sys=0.00, real=0.00 secs] 
48.487: Total time for which application threads were stopped: 0.0019880 seconds, Stopping threads took: 0.0000560 seconds
48.541: Application time: 0.0546920 seconds
48.542: [GC48.542: [ParNew: 246499K->1371K(275904K), 0.0013520 secs] 674665K->429679K(888836K), 0.0013890 secs] [Times: user=0.01 sys=0.00, real=0.00 secs] 
48.543: Total time for which application threads were stopped: 0.0018570 seconds, Stopping threads took: 0.0000610 seconds
48.598: Application time: 0.0552530 seconds
48.599: [GC48.599: [ParNew: 246619K->1293K(275904K), 0.0013750 secs] 674927K->429665K(888836K), 0.0014100 secs] [Times: user=0.01 sys=0.00, real=0.01 secs] 
48.600: Total time for which application threads were stopped: 0.0018520 seconds, Stopping threads took: 0.0000370 seconds
48.655: Application time: 0.0548510 seconds
48.660: [GC48.660: [ParNew: 246541K->1253K(275904K), 0.0013360 secs] 674913K->429691K(888836K), 0.0013700 secs] [Times: user=0.01 sys=0.00, real=0.00 secs] 
48.661: Total time for which application threads were stopped: 0.0058680 seconds, Stopping threads took: 0.0040970 seconds
48.717: Application time: 0.0557000 seconds
48.717: [GC48.717: [ParNew: 246501K->1291K(275904K), 0.0013300 secs] 674939K->429889K(888836K), 0.0013650 secs] [Times: user=0.01 sys=0.00, real=0.00 secs] 
48.719: Total time for which application threads were stopped: 0.0018190 seconds, Stopping threads took: 0.0000510 seconds
48.774: Application time: 0.0552880 seconds
48.774: [GC48.774: [ParNew: 246539K->1175K(275904K), 0.0013220 secs] 675137K->429838K(888836K), 0.0013570 secs] [Times: user=0.01 sys=0.00, real=0.00 secs] 
48.776: Total time for which application threads were stopped: 0.0018320 seconds, Stopping threads took: 0.0000490 seconds
48.831: Application time: 0.0553520 seconds
48.836: [GC48.836: [ParNew: 246423K->1394K(275904K), 0.0013250 secs] 675086K->430164K(888836K), 0.0013660 secs] [Times: user=0.01 sys=0.00, real=0.00 secs] 
48.837: Total time for which application threads were stopped: 0.0060120 seconds, Stopping threads took: 0.0042350 seconds
48.892: Application time: 0.0553310 seconds
48.893: [GC48.893: [ParNew: 246642K->1363K(275904K), 0.0014320 secs] 675412K->430189K(888836K), 0.0014660 secs] [Times: user=0.01 sys=0.00, real=0.00 secs] 
48.894: Total time for which application threads were stopped: 0.0019300 seconds, Stopping threads took: 0.0000500 seconds
48.950: Application time: 0.0554950 seconds
48.950: [GC48.950: [ParNew: 246611K->1291K(275904K), 0.0014560 secs] 675437K->430173K(888836K), 0.0014890 secs] [Times: user=0.01 sys=0.00, real=0.00 secs] 
48.952: Total time for which application threads were stopped: 0.0019440 seconds, Stopping threads took: 0.0000410 seconds
49.007: Application time: 0.0553520 seconds
49.012: [GC49.012: [ParNew: 246539K->1340K(275904K), 0.0015020 secs] 675421K->430278K(888836K), 0.0015380 secs] [Times: user=0.01 sys=0.00, real=0.00 secs] 
49.013: Total time for which application threads were stopped: 0.0060410 seconds, Stopping threads took: 0.0041480 seconds
49.068: Application time: 0.0547900 seconds
49.072: [GC49.072: [ParNew: 246588K->1262K(275904K), 0.0013300 secs] 675526K->430264K(888836K), 0.0013640 secs] [Times: user=0.01 sys=0.01, real=0.00 secs] 
49.073: Total time for which application threads were stopped: 0.0050610 seconds, Stopping threads took: 0.0032930 seconds
49.128: Application time: 0.0545490 seconds
49.128: [GC49.128: [ParNew: 246510K->1346K(275904K), 0.0014870 secs] 675512K->430404K(888836K), 0.0015220 secs] [Times: user=0.01 sys=0.00, real=0.00 secs] 
49.130: Total time for which application threads were stopped: 0.0019660 seconds, Stopping threads took: 0.0000430 seconds
49.184: Application time: 0.0544720 seconds
49.188: [GC49.188: [ParNew: 246594K->1530K(275904K), 0.0013370 secs] 675652K->430644K(888836K), 0.0013720 secs] [Times: user=0.01 sys=0.00, real=0.00 secs] 
49.189: Total time for which application threads were stopped: 0.0050150 seconds, Stopping threads took: 0.0032390 seconds
49.245: Application time: 0.0558170 seconds
49.248: [GC49.248: [ParNew: 246778K->1339K(275904K), 0.0014890 secs] 675892K->430511K(888836K), 0.0015230 secs] [Times: user=0.01 sys=0.00, real=0.00 secs] 
49.249: Total time for which application threads were stopped: 0.0043590 seconds, Stopping threads took: 0.0024310 seconds
49.305: Application time: 0.0554760 seconds
49.308: [GC49.308: [ParNew: 246587K->1522K(275904K), 0.0013940 secs] 675759K->430760K(888836K), 0.0014280 secs] [Times: user=0.01 sys=0.00, real=0.00 secs] 
49.309: Total time for which application threads were stopped: 0.0044110 seconds, Stopping threads took: 0.0025700 seconds
49.364: Application time: 0.0550450 seconds
49.368: [GC49.368: [ParNew: 246770K->1497K(275904K), 0.0014120 secs] 676008K->430827K(888836K), 0.0014470 secs] [Times: user=0.01 sys=0.00, real=0.00 secs] 
49.369: Total time for which application threads were stopped: 0.0049510 seconds, Stopping threads took: 0.0031050 seconds
49.424: Application time: 0.0548330 seconds
49.428: [GC49.428: [ParNew: 246745K->1367K(275904K), 0.0013990 secs] 676075K->430770K(888836K), 0.0014340 secs] [Times: user=0.01 sys=0.00, real=0.00 secs] 
49.429: Total time for which application threads were stopped: 0.0051530 seconds, Stopping threads took: 0.0033170 seconds
49.485: Application time: 0.0556090 seconds
49.485: [GC49.485: [ParNew: 246615K->1387K(275904K), 0.0014230 secs] 676018K->430994K(888836K), 0.0014580 secs] [Times: user=0.01 sys=0.00, real=0.00 secs] 
49.487: Total time for which application threads were stopped: 0.0019030 seconds, Stopping threads took: 0.0000460 seconds
49.542: Application time: 0.0553720 seconds
49.542: [GC49.542: [ParNew: 246635K->1305K(275904K), 0.0013460 secs] 676242K->430968K(888836K), 0.0013810 secs] [Times: user=0.01 sys=0.00, real=0.00 secs] 
49.544: Total time for which application threads were stopped: 0.0018320 seconds, Stopping threads took: 0.0000570 seconds
49.599: Application time: 0.0550260 seconds
49.599: [GC49.599: [ParNew: 246553K->1330K(275904K), 0.0013680 secs] 676216K->431101K(888836K), 0.0014030 secs] [Times: user=0.01 sys=0.00, real=0.00 secs] 
49.601: Total time for which application threads were stopped: 0.0018670 seconds, Stopping threads took: 0.0000510 seconds
49.657: Application time: 0.0561610 seconds
49.657: [GC49.657: [ParNew: 246578K->1176K(275904K), 0.0012970 secs] 676349K->431036K(888836K), 0.0013320 secs] [Times: user=0.01 sys=0.00, real=0.00 secs] 
49.659: Total time for which application threads were stopped: 0.0017880 seconds, Stopping threads took: 0.0000600 seconds
49.713: Application time: 0.0546620 seconds
49.716: [GC49.716: [ParNew: 246424K->1047K(275904K), 0.0014570 secs] 676284K->430954K(888836K), 0.0014880 secs] [Times: user=0.01 sys=0.00, real=0.00 secs] 
49.717: Total time for which application threads were stopped: 0.0037940 seconds, Stopping threads took: 0.0019290 seconds
49.773: Application time: 0.0553990 seconds
49.776: [GC49.776: [ParNew: 246295K->1108K(275904K), 0.0014390 secs] 676202K->431079K(888836K), 0.0014710 secs] [Times: user=0.01 sys=0.00, real=0.00 secs] 
49.777: Total time for which application threads were stopped: 0.0045870 seconds, Stopping threads took: 0.0027210 seconds
49.833: Application time: 0.0557580 seconds
49.833: [GC49.833: [ParNew: 246356K->1206K(275904K), 0.0013100 secs] 676327K->431233K(888836K), 0.0013410 secs] [Times: user=0.01 sys=0.00, real=0.00 secs] 
49.835: Total time for which application threads were stopped: 0.0018080 seconds, Stopping threads took: 0.0000540 seconds
49.890: Application time: 0.0550310 seconds
49.892: [GC49.892: [ParNew: 246454K->1230K(275904K), 0.0013320 secs] 676481K->431313K(888836K), 0.0013640 secs] [Times: user=0.01 sys=0.00, real=0.00 secs] 
49.893: Total time for which application threads were stopped: 0.0033050 seconds, Stopping threads took: 0.0015420 seconds
49.948: Application time: 0.0548390 seconds
49.952: [GC49.952: [ParNew: 246478K->1341K(275904K), 0.0013630 secs] 676561K->431488K(888836K), 0.0013990 secs] [Times: user=0.01 sys=0.00, real=0.00 secs] 
49.953: Total time for which application threads were stopped: 0.0051770 seconds, Stopping threads took: 0.0033840 seconds
50.008: Application time: 0.0546930 seconds
50.012: [GC50.012: [ParNew: 246589K->1260K(275904K), 0.0013660 secs] 676736K->431471K(888836K), 0.0013990 secs] [Times: user=0.01 sys=0.00, real=0.00 secs] 
50.013: Total time for which application threads were stopped: 0.0052970 seconds, Stopping threads took: 0.0034980 seconds
50.068: Application time: 0.0548130 seconds
50.068: [GC50.068: [ParNew: 246508K->1331K(275904K), 0.0014290 secs] 676719K->431598K(888836K), 0.0014620 secs] [Times: user=0.00 sys=0.01, real=0.00 secs] 
50.070: Total time for which application threads were stopped: 0.0019070 seconds, Stopping threads took: 0.0000440 seconds
50.125: Application time: 0.0548510 seconds
50.125: [GC50.125: [ParNew: 246579K->1375K(275904K), 0.0015140 secs] 676846K->431690K(888836K), 0.0015480 secs] [Times: user=0.01 sys=0.00, real=0.00 secs] 
50.127: Total time for which application threads were stopped: 0.0020010 seconds, Stopping threads took: 0.0000550 seconds
50.182: Application time: 0.0552360 seconds
50.184: [GC50.184: [ParNew: 246623K->1379K(275904K), 0.0015170 secs] 676938K->431744K(888836K), 0.0015510 secs] [Times: user=0.01 sys=0.00, real=0.00 secs] 
50.185: Total time for which application threads were stopped: 0.0033240 seconds, Stopping threads took: 0.0013820 seconds
50.241: Application time: 0.0559760 seconds
50.242: [GC50.242: [ParNew: 246627K->1461K(275904K), 0.0013560 secs] 676992K->431869K(888836K), 0.0013930 secs] [Times: user=0.01 sys=0.00, real=0.00 secs] 
50.243: Total time for which application threads were stopped: 0.0018410 seconds, Stopping threads took: 0.0000500 seconds
50.298: Application time: 0.0549550 seconds
50.300: [GC50.300: [ParNew: 246709K->1514K(275904K), 0.0015270 secs] 677117K->431981K(888836K), 0.0015690 secs] [Times: user=0.01 sys=0.00, real=0.00 secs] 
50.301: Total time for which application threads were stopped: 0.0032640 seconds, Stopping threads took: 0.0012940 seconds
50.356: Application time: 0.0549110 seconds
50.360: [GC50.360: [ParNew: 246762K->1528K(275904K), 0.0015330 secs] 677229K->432099K(888836K), 0.0015670 secs] [Times: user=0.02 sys=0.01, real=0.00 secs] 
50.361: Total time for which application threads were stopped: 0.0050630 seconds, Stopping threads took: 0.0030800 seconds
50.417: Application time: 0.0558010 seconds
50.418: [GC50.418: [ParNew: 246776K->1390K(275904K), 0.0014820 secs] 677347K->432097K(888836K), 0.0015170 secs] [Times: user=0.01 sys=0.00, real=0.00 secs] 
50.419: Total time for which application threads were stopped: 0.0019920 seconds, Stopping threads took: 0.0000580 seconds
50.475: Application time: 0.0554850 seconds
50.475: [GC50.475: [ParNew: 246638K->1373K(275904K), 0.0014070 secs] 677345K->432193K(888836K), 0.0014440 secs] [Times: user=0.01 sys=0.00, real=0.00 secs] 
50.476: Total time for which application threads were stopped: 0.0018930 seconds, Stopping threads took: 0.0000500 seconds
50.533: Application time: 0.0561900 seconds
50.533: [GC50.533: [ParNew: 246621K->1253K(275904K), 0.0014060 secs] 677441K->432232K(888836K), 0.0014410 secs] [Times: user=0.01 sys=0.00, real=0.00 secs] 
50.535: Total time for which application threads were stopped: 0.0018920 seconds, Stopping threads took: 0.0000530 seconds
50.590: Application time: 0.0555570 seconds
50.592: [GC50.592: [ParNew: 246501K->1204K(275904K), 0.0013470 secs] 677480K->432247K(888836K), 0.0013820 secs] [Times: user=0.01 sys=0.00, real=0.00 secs] 
50.593: Total time for which application threads were stopped: 0.0029800 seconds, Stopping threads took: 0.0012000 seconds
50.649: Application time: 0.0558040 seconds
50.649: [GC50.649: [ParNew: 246452K->1301K(275904K), 0.0013190 secs] 677495K->432448K(888836K), 0.0013520 secs] [Times: user=0.00 sys=0.00, real=0.00 secs] 
50.651: Total time for which application threads were stopped: 0.0017980 seconds, Stopping threads took: 0.0000540 seconds
50.706: Application time: 0.0553700 seconds
50.706: [GC50.706: [ParNew: 246549K->1298K(275904K), 0.0013250 secs] 677696K->432509K(888836K), 0.0013610 secs] [Times: user=0.01 sys=0.00, real=0.01 secs] 
50.708: Total time for which application threads were stopped: 0.0018250 seconds, Stopping threads took: 0.0000680 seconds
50.763: Application time: 0.0550250 seconds
50.763: [GC50.763: [ParNew: 246546K->1236K(275904K), 0.0013370 secs] 677757K->432511K(888836K), 0.0013710 secs] [Times: user=0.01 sys=0.00, real=0.00 secs] 
50.765: Total time for which application threads were stopped: 0.0018300 seconds, Stopping threads took: 0.0000530 seconds
50.820: Application time: 0.0548620 seconds
50.820: [GC50.820: [ParNew: 246484K->1339K(275904K), 0.0013670 secs] 677759K->432678K(888836K), 0.0014020 secs] [Times: user=0.01 sys=0.01, real=0.00 secs] 
50.821: Total time for which application threads were stopped: 0.0018470 seconds, Stopping threads took: 0.0000490 seconds
50.877: Application time: 0.0551290 seconds
50.880: [GC50.880: [ParNew: 246587K->1415K(275904K), 0.0013580 secs] 677926K->432818K(888836K), 0.0013920 secs] [Times: user=0.01 sys=0.00, real=0.00 secs] 
50.881: Total time for which application threads were stopped: 0.0045010 seconds, Stopping threads took: 0.0026930 seconds
50.936: Application time: 0.0549320 seconds
50.936: [GC50.936: [ParNew: 246663K->1495K(275904K), 0.0013530 secs] 678066K->432955K(888836K), 0.0013880 secs] [Times: user=0.01 sys=0.00, real=0.00 secs] 
50.938: Total time for which application threads were stopped: 0.0018250 seconds, Stopping threads took: 0.0000420 seconds
50.993: Application time: 0.0551350 seconds
50.996: [GC50.996: [ParNew: 246743K->1496K(275904K), 0.0013750 secs] 678203K->433019K(888836K), 0.0014090 secs] [Times: user=0.01 sys=0.00, real=0.00 secs] 
50.997: Total time for which application threads were stopped: 0.0040660 seconds, Stopping threads took: 0.0022890 seconds
51.052: Application time: 0.0547200 seconds
51.052: [GC51.052: [ParNew: 246744K->1539K(275904K), 0.0013980 secs] 678267K->433119K(888836K), 0.0016360 secs] [Times: user=0.01 sys=0.00, real=0.00 secs] 
51.054: Total time for which application threads were stopped: 0.0020860 seconds, Stopping threads took: 0.0000500 seconds
51.108: Application time: 0.0545220 seconds
51.109: [GC51.109: [ParNew: 246787K->1427K(275904K), 0.0015220 secs] 678367K->433063K(888836K), 0.0015560 secs] [Times: user=0.01 sys=0.01, real=0.00 secs] 
51.110: Total time for which application threads were stopped: 0.0020040 seconds, Stopping threads took: 0.0000480 seconds
51.165: Application time: 0.0550360 seconds
51.166: [GC51.166: [ParNew: 246675K->1456K(275904K), 0.0015060 secs] 678311K->433142K(888836K), 0.0015400 secs] [Times: user=0.01 sys=0.00, real=0.01 secs] 
51.167: Total time for which application threads were stopped: 0.0019820 seconds, Stopping threads took: 0.0000430 seconds
51.223: Application time: 0.0557090 seconds
51.228: [GC51.228: [ParNew: 246704K->1857K(275904K), 0.0014470 secs] 678390K->433607K(888836K), 0.0014820 secs] [Times: user=0.01 sys=0.00, real=0.00 secs] 
51.229: Total time for which application threads were stopped: 0.0060160 seconds, Stopping threads took: 0.0041410 seconds
51.286: Application time: 0.0563690 seconds
51.286: [GC51.286: [ParNew: 247105K->1287K(275904K), 0.0014580 secs] 678855K->433142K(888836K), 0.0014930 secs] [Times: user=0.01 sys=0.00, real=0.01 secs] 
51.287: Total time for which application threads were stopped: 0.0019390 seconds, Stopping threads took: 0.0000470 seconds
51.343: Application time: 0.0550900 seconds
51.343: [GC51.343: [ParNew: 246535K->1636K(275904K), 0.0014250 secs] 678390K->433555K(888836K), 0.0014590 secs] [Times: user=0.01 sys=0.00, real=0.00 secs] 
51.344: Total time for which application threads were stopped: 0.0019030 seconds, Stopping threads took: 0.0000430 seconds
51.400: Application time: 0.0556290 seconds
51.401: [GC51.401: [ParNew: 246884K->1469K(275904K), 0.0014720 secs] 678803K->433633K(888836K), 0.0015070 secs] [Times: user=0.01 sys=0.00, real=0.00 secs] 
51.402: Total time for which application threads were stopped: 0.0019900 seconds, Stopping threads took: 0.0000440 seconds
51.459: Application time: 0.0572070 seconds
51.460: [GC51.460: [ParNew: 246717K->1009K(275904K), 0.0014380 secs] 678881K->433313K(888836K), 0.0014680 secs] [Times: user=0.01 sys=0.00, real=0.00 secs] 
51.461: Total time for which application threads were stopped: 0.0019260 seconds, Stopping threads took: 0.0000690 seconds
51.517: Application time: 0.0556520 seconds
51.517: [GC51.517: [ParNew: 246257K->1199K(275904K), 0.0013410 secs] 678561K->433567K(888836K), 0.0013750 secs] [Times: user=0.01 sys=0.00, real=0.00 secs] 
51.519: Total time for which application threads were stopped: 0.0018150 seconds, Stopping threads took: 0.0000420 seconds
51.574: Application time: 0.0552350 seconds
51.576: [GC51.576: [ParNew: 246447K->1239K(275904K), 0.0013140 secs] 678815K->433711K(888836K), 0.0013470 secs] [Times: user=0.01 sys=0.00, real=0.00 secs] 
51.577: Total time for which application threads were stopped: 0.0030870 seconds, Stopping threads took: 0.0013410 seconds
51.632: Application time: 0.0554850 seconds
51.633: [GC51.633: [ParNew: 246487K->1338K(275904K), 0.0014240 secs] 678959K->433866K(888836K), 0.0014580 secs] [Times: user=0.01 sys=0.00, real=0.00 secs] 
51.634: Total time for which application threads were stopped: 0.0018780 seconds, Stopping threads took: 0.0000540 seconds
51.690: Application time: 0.0554800 seconds
51.690: [GC51.690: [ParNew: 246586K->1374K(275904K), 0.0013500 secs] 679114K->433966K(888836K), 0.0013830 secs] [Times: user=0.01 sys=0.00, real=0.00 secs] 
51.692: Total time for which application threads were stopped: 0.0018460 seconds, Stopping threads took: 0.0000630 seconds
51.747: Application time: 0.0554580 seconds
51.748: [GC51.748: [ParNew: 246622K->1396K(275904K), 0.0014350 secs] 679214K->434044K(888836K), 0.0014710 secs] [Times: user=0.01 sys=0.00, real=0.00 secs] 
51.749: Total time for which application threads were stopped: 0.0019070 seconds, Stopping threads took: 0.0000670 seconds
51.804: Application time: 0.0548690 seconds
51.804: [GC51.804: [ParNew: 246644K->1356K(275904K), 0.0014730 secs] 679292K->434052K(888836K), 0.0015070 secs] [Times: user=0.01 sys=0.00, real=0.00 secs] 
51.806: Total time for which application threads were stopped: 0.0019520 seconds, Stopping threads took: 0.0000480 seconds
51.861: Application time: 0.0553020 seconds
51.862: [GC51.862: [ParNew: 246604K->1482K(275904K), 0.0013510 secs] 679300K->434250K(888836K), 0.0013860 secs] [Times: user=0.01 sys=0.00, real=0.00 secs] 
51.863: Total time for which application threads were stopped: 0.0018280 seconds, Stopping threads took: 0.0000450 seconds
51.918: Application time: 0.0552130 seconds
51.920: [GC51.920: [ParNew: 246730K->1533K(275904K), 0.0013420 secs] 679498K->434365K(888836K), 0.0013760 secs] [Times: user=0.01 sys=0.00, real=0.00 secs] 
51.921: Total time for which application threads were stopped: 0.0028020 seconds, Stopping threads took: 0.0009940 seconds
51.976: Application time: 0.0546160 seconds
51.976: [GC51.976: [ParNew: 246781K->1435K(275904K), 0.0015220 secs] 679613K->434315K(888836K), 0.0015560 secs] [Times: user=0.01 sys=0.00, real=0.00 secs] 
51.978: Total time for which application threads were stopped: 0.0019990 seconds, Stopping threads took: 0.0000420 seconds
52.032: Application time: 0.0543500 seconds
52.032: [GC52.032: [ParNew: 246683K->1644K(275904K), 0.0014080 secs] 679563K->434588K(888836K), 0.0014430 secs] [Times: user=0.01 sys=0.00, real=0.00 secs] 
52.034: Total time for which application threads were stopped: 0.0018800 seconds, Stopping threads took: 0.0000410 seconds
52.089: Application time: 0.0547480 seconds
52.092: [GC52.092: [ParNew: 246892K->1633K(275904K), 0.0014140 secs] 679836K->434651K(888836K), 0.0014490 secs] [Times: user=0.01 sys=0.00, real=0.00 secs] 
52.093: Total time for which application threads were stopped: 0.0044350 seconds, Stopping threads took: 0.0025880 seconds
52.148: Application time: 0.0549780 seconds
52.152: [GC52.152: [ParNew: 246881K->1692K(275904K), 0.0014300 secs] 679899K->434784K(888836K), 0.0014640 secs] [Times: user=0.01 sys=0.00, real=0.00 secs] 
52.153: Total time for which application threads were stopped: 0.0050200 seconds, Stopping threads took: 0.0031560 seconds
52.209: Application time: 0.0556830 seconds
52.212: [GC52.212: [ParNew: 246940K->1543K(275904K), 0.0014900 secs] 680032K->434719K(888836K), 0.0015270 secs] [Times: user=0.01 sys=0.00, real=0.00 secs] 
52.213: Total time for which application threads were stopped: 0.0044010 seconds, Stopping threads took: 0.0024710 seconds
52.269: Application time: 0.0554830 seconds
52.269: [GC52.269: [ParNew: 246791K->1444K(275904K), 0.0014300 secs] 679967K->434728K(888836K), 0.0014650 secs] [Times: user=0.01 sys=0.00, real=0.00 secs] 
52.271: Total time for which application threads were stopped: 0.0019320 seconds, Stopping threads took: 0.0000690 seconds
52.327: Application time: 0.0566990 seconds
52.328: [GC52.328: [ParNew: 246692K->1305K(275904K), 0.0014890 secs] 679976K->434753K(888836K), 0.0015220 secs] [Times: user=0.01 sys=0.00, real=0.00 secs] 
52.329: Total time for which application threads were stopped: 0.0019770 seconds, Stopping threads took: 0.0000710 seconds
52.385: Application time: 0.0554960 seconds
52.388: [GC52.388: [ParNew: 246553K->1228K(275904K), 0.0013800 secs] 680001K->434850K(888836K), 0.0014130 secs] [Times: user=0.01 sys=0.00, real=0.00 secs] 
52.389: Total time for which application threads were stopped: 0.0042760 seconds, Stopping threads took: 0.0024650 seconds
52.445: Application time: 0.0559920 seconds
52.448: [GC52.448: [ParNew: 246476K->1180K(275904K), 0.0013530 secs] 680098K->434842K(888836K), 0.0013870 secs] [Times: user=0.01 sys=0.00, real=0.00 secs] 
52.449: Total time for which application threads were stopped: 0.0039720 seconds, Stopping threads took: 0.0021660 seconds
52.504: Application time: 0.0551220 seconds
52.505: [GC52.505: [ParNew: 246428K->1125K(275904K), 0.0014910 secs] 680090K->434851K(888836K), 0.0015330 secs] [Times: user=0.01 sys=0.00, real=0.00 secs] 
52.506: Total time for which application threads were stopped: 0.0019790 seconds, Stopping threads took: 0.0000410 seconds
52.562: Application time: 0.0556060 seconds
52.564: [GC52.564: [ParNew: 246373K->1065K(275904K), 0.0013290 secs] 680099K->434839K(888836K), 0.0013610 secs] [Times: user=0.01 sys=0.00, real=0.00 secs] 
52.565: Total time for which application threads were stopped: 0.0032550 seconds, Stopping threads took: 0.0014920 seconds
52.622: Application time: 0.0565240 seconds
52.622: [GC52.622: [ParNew: 246313K->1114K(275904K), 0.0016500 secs] 680087K->434928K(888836K), 0.0016850 secs] [Times: user=0.01 sys=0.00, real=0.00 secs] 
52.624: Total time for which application threads were stopped: 0.0021240 seconds, Stopping threads took: 0.0000820 seconds
52.680: Application time: 0.0559320 seconds
52.680: [GC52.680: [ParNew: 246362K->1283K(275904K), 0.0013490 secs] 680176K->435129K(888836K), 0.0013820 secs] [Times: user=0.01 sys=0.00, real=0.00 secs] 
52.681: Total time for which application threads were stopped: 0.0018090 seconds, Stopping threads took: 0.0000490 seconds
52.737: Application time: 0.0554840 seconds
52.737: [GC52.737: [ParNew: 246531K->1122K(275904K), 0.0016230 secs] 680377K->435008K(888836K), 0.0016570 secs] [Times: user=0.01 sys=0.00, real=0.00 secs] 
52.739: Total time for which application threads were stopped: 0.0021260 seconds, Stopping threads took: 0.0000670 seconds
52.795: Application time: 0.0555680 seconds
52.796: [GC52.796: [ParNew: 246370K->1292K(275904K), 0.0013940 secs] 680256K->435211K(888836K), 0.0014290 secs] [Times: user=0.01 sys=0.00, real=0.00 secs] 
52.797: Total time for which application threads were stopped: 0.0024760 seconds, Stopping threads took: 0.0006480 seconds
52.852: Application time: 0.0550790 seconds
52.853: [GC52.853: [ParNew: 246540K->1421K(275904K), 0.0014150 secs] 680459K->435396K(888836K), 0.0014510 secs] [Times: user=0.01 sys=0.00, real=0.00 secs] 
52.854: Total time for which application threads were stopped: 0.0019140 seconds, Stopping threads took: 0.0000590 seconds
52.909: Application time: 0.0552200 seconds
52.910: [GC52.910: [ParNew: 246669K->1448K(275904K), 0.0014160 secs] 680644K->435470K(888836K), 0.0014510 secs] [Times: user=0.01 sys=0.00, real=0.00 secs] 
52.911: Total time for which application threads were stopped: 0.0019180 seconds, Stopping threads took: 0.0000510 seconds
52.967: Application time: 0.0552900 seconds
52.967: [GC52.967: [ParNew: 246696K->1509K(275904K), 0.0014200 secs] 680718K->435587K(888836K), 0.0014550 secs] [Times: user=0.01 sys=0.00, real=0.01 secs] 
52.968: Total time for which application threads were stopped: 0.0019530 seconds, Stopping threads took: 0.0000730 seconds
53.024: Application time: 0.0553350 seconds
53.024: [GC53.024: [ParNew: 246757K->1558K(275904K), 0.0014380 secs] 680835K->435692K(888836K), 0.0014750 secs] [Times: user=0.01 sys=0.00, real=0.00 secs] 
53.026: Total time for which application threads were stopped: 0.0019240 seconds, Stopping threads took: 0.0000450 seconds
53.081: Application time: 0.0551210 seconds
53.081: [GC53.081: [ParNew: 246806K->1464K(275904K), 0.0014520 secs] 680940K->435656K(888836K), 0.0014880 secs] [Times: user=0.01 sys=0.00, real=0.00 secs] 
53.083: Total time for which application threads were stopped: 0.0019700 seconds, Stopping threads took: 0.0000820 seconds
53.138: Application time: 0.0548590 seconds
53.140: [GC53.140: [ParNew: 246712K->1660K(275904K), 0.0014250 secs] 680904K->435916K(888836K), 0.0014600 secs] [Times: user=0.01 sys=0.00, real=0.00 secs] 
53.141: Total time for which application threads were stopped: 0.0034260 seconds, Stopping threads took: 0.0015690 seconds
53.196: Application time: 0.0552300 seconds
53.197: [GC53.197: [ParNew: 246908K->1413K(275904K), 0.0016850 secs] 681164K->435789K(888836K), 0.0017250 secs] [Times: user=0.01 sys=0.00, real=0.00 secs] 
53.199: Total time for which application threads were stopped: 0.0022950 seconds, Stopping threads took: 0.0000830 seconds
53.255: Application time: 0.0558650 seconds
53.255: [GC53.255: [ParNew: 246661K->1500K(275904K), 0.0014400 secs] 681037K->435984K(888836K), 0.0014830 secs] [Times: user=0.01 sys=0.00, real=0.00 secs] 
53.256: Total time for which application threads were stopped: 0.0019350 seconds, Stopping threads took: 0.0000520 seconds
53.313: Application time: 0.0566540 seconds
53.314: [GC53.314: [ParNew: 246748K->1194K(275904K), 0.0014360 secs] 681232K->435911K(888836K), 0.0014720 secs] [Times: user=0.01 sys=0.00, real=0.00 secs] 
53.315: Total time for which application threads were stopped: 0.0019390 seconds, Stopping threads took: 0.0000620 seconds
53.371: Application time: 0.0561920 seconds
53.372: [GC53.372: [ParNew: 246442K->1149K(275904K), 0.0013540 secs] 681159K->435962K(888836K), 0.0013880 secs] [Times: user=0.01 sys=0.00, real=0.00 secs] 
53.373: Total time for which application threads were stopped: 0.0018450 seconds, Stopping threads took: 0.0000590 seconds
53.429: Application time: 0.0562250 seconds
53.430: [GC53.430: [ParNew: 246397K->1154K(275904K), 0.0014370 secs] 681210K->436015K(888836K), 0.0014720 secs] [Times: user=0.01 sys=0.00, real=0.00 secs] 
53.431: Total time for which application threads were stopped: 0.0019180 seconds, Stopping threads took: 0.0000440 seconds
53.487: Application time: 0.0558790 seconds
53.488: [GC53.488: [ParNew: 246402K->1324K(275904K), 0.0014290 secs] 681263K->436240K(888836K), 0.0014630 secs] [Times: user=0.01 sys=0.00, real=0.00 secs] 
53.489: Total time for which application threads were stopped: 0.0019530 seconds, Stopping threads took: 0.0000490 seconds
53.545: Application time: 0.0558290 seconds
53.548: [GC53.548: [ParNew: 246572K->1148K(275904K), 0.0013730 secs] 681488K->436129K(888836K), 0.0014050 secs] [Times: user=0.01 sys=0.00, real=0.00 secs] 
53.549: Total time for which application threads were stopped: 0.0041420 seconds, Stopping threads took: 0.0023430 seconds
53.605: Application time: 0.0557870 seconds
53.605: [GC53.605: [ParNew: 246396K->1262K(275904K), 0.0013480 secs] 681377K->436307K(888836K), 0.0013800 secs] [Times: user=0.01 sys=0.00, real=0.00 secs] 
53.607: Total time for which application threads were stopped: 0.0018490 seconds, Stopping threads took: 0.0000660 seconds
53.662: Application time: 0.0552560 seconds
53.662: [GC53.662: [ParNew: 246510K->1421K(275904K), 0.0013760 secs] 681555K->436529K(888836K), 0.0014130 secs] [Times: user=0.01 sys=0.00, real=0.00 secs] 
53.664: Total time for which application threads were stopped: 0.0018650 seconds, Stopping threads took: 0.0000550 seconds
53.719: Application time: 0.0550260 seconds
53.724: [GC53.724: [ParNew: 246669K->1473K(275904K), 0.0013880 secs] 681777K->436645K(888836K), 0.0014240 secs] [Times: user=0.01 sys=0.00, real=0.00 secs] 
53.725: Total time for which application threads were stopped: 0.0061960 seconds, Stopping threads took: 0.0043770 seconds
53.781: Application time: 0.0555690 seconds
53.781: [GC53.781: [ParNew: 246721K->1369K(275904K), 0.0013880 secs] 681893K->436605K(888836K), 0.0014230 secs] [Times: user=0.01 sys=0.00, real=0.00 secs] 
53.783: Total time for which application threads were stopped: 0.0018730 seconds, Stopping threads took: 0.0000440 seconds
53.838: Application time: 0.0552770 seconds
53.838: [GC53.838: [ParNew: 246617K->1549K(275904K), 0.0014160 secs] 681853K->436850K(888836K), 0.0014520 secs] [Times: user=0.01 sys=0.00, real=0.01 secs] 
53.840: Total time for which application threads were stopped: 0.0019070 seconds, Stopping threads took: 0.0000520 seconds
53.895: Application time: 0.0551550 seconds
53.896: [GC53.896: [ParNew: 246797K->1437K(275904K), 0.0015720 secs] 682098K->436794K(888836K), 0.0016060 secs] [Times: user=0.00 sys=0.01, real=0.00 secs] 
53.897: Total time for which application threads were stopped: 0.0024030 seconds, Stopping threads took: 0.0003970 seconds
53.952: Application time: 0.0549440 seconds
53.953: [GC53.953: [ParNew: 246685K->1502K(275904K), 0.0014380 secs] 682042K->436915K(888836K), 0.0014810 secs] [Times: user=0.01 sys=0.00, real=0.00 secs] 
53.954: Total time for which application threads were stopped: 0.0019340 seconds, Stopping threads took: 0.0000510 seconds
54.010: Application time: 0.0553530 seconds
54.010: [GC54.010: [ParNew: 246750K->1626K(275904K), 0.0014980 secs] 682163K->437104K(888836K), 0.0015330 secs] [Times: user=0.01 sys=0.00, real=0.00 secs] 
54.012: Total time for which application threads were stopped: 0.0020200 seconds, Stopping threads took: 0.0000650 seconds
54.067: Application time: 0.0552160 seconds
54.068: [GC54.068: [ParNew: 246874K->1584K(275904K), 0.0014530 secs] 682352K->437139K(888836K), 0.0014880 secs] [Times: user=0.01 sys=0.00, real=0.00 secs] 
54.069: Total time for which application threads were stopped: 0.0023890 seconds, Stopping threads took: 0.0005010 seconds
54.125: Application time: 0.0561290 seconds
54.128: [GC54.128: [ParNew: 246832K->1690K(275904K), 0.0014770 secs] 682387K->437329K(888836K), 0.0015110 secs] [Times: user=0.02 sys=0.00, real=0.00 secs] 
54.129: Total time for which application threads were stopped: 0.0038830 seconds, Stopping threads took: 0.0019800 seconds
54.185: Application time: 0.0554570 seconds
54.185: [GC54.185: [ParNew: 246938K->1199K(275904K), 0.0015150 secs] 682577K->436991K(888836K), 0.0015480 secs] [Times: user=0.01 sys=0.00, real=0.00 secs] 
54.187: Total time for which application threads were stopped: 0.0019990 seconds, Stopping threads took: 0.0000520 seconds
54.245: Application time: 0.0579000 seconds
54.245: [GC54.245: [ParNew: 246447K->1238K(275904K), 0.0015260 secs] 682239K->437154K(888836K), 0.0015560 secs] [Times: user=0.02 sys=0.00, real=0.00 secs] 
54.247: Total time for which application threads were stopped: 0.0020140 seconds, Stopping threads took: 0.0000720 seconds
54.303: Application time: 0.0564750 seconds
54.303: [GC54.304: [ParNew: 246486K->1116K(275904K), 0.0014540 secs] 682402K->437200K(888836K), 0.0014880 secs] [Times: user=0.01 sys=0.00, real=0.00 secs] 
54.305: Total time for which application threads were stopped: 0.0019650 seconds, Stopping threads took: 0.0000710 seconds
54.364: Application time: 0.0586220 seconds
54.364: Total time for which application threads were stopped: 0.0004240 seconds, Stopping threads took: 0.0000840 seconds
54.364: Application time: 0.0003740 seconds
54.365: [GC54.365: [ParNew: 246364K->1224K(275904K), 0.0014440 secs] 682448K->437372K(888836K), 0.0014750 secs] [Times: user=0.01 sys=0.00, real=0.00 secs] 
54.366: Total time for which application threads were stopped: 0.0017230 seconds, Stopping threads took: 0.0000590 seconds
54.421: Application time: 0.0553330 seconds
54.424: [GC54.424: [ParNew: 246472K->1267K(275904K), 0.0013610 secs] 682620K->437471K(888836K), 0.0013960 secs] [Times: user=0.01 sys=0.00, real=0.00 secs] 
54.425: Total time for which application threads were stopped: 0.0035810 seconds, Stopping threads took: 0.0017880 seconds
54.480: Application time: 0.0548690 seconds
54.480: [GC54.480: [ParNew: 246515K->1120K(275904K), 0.0014030 secs] 682719K->437388K(888836K), 0.0014350 secs] [Times: user=0.01 sys=0.00, real=0.00 secs] 
54.482: Total time for which application threads were stopped: 0.0018800 seconds, Stopping threads took: 0.0000470 seconds
54.537: Application time: 0.0550360 seconds
54.537: [GC54.537: [ParNew: 246368K->1363K(275904K), 0.0014930 secs] 682636K->437679K(888836K), 0.0015280 secs] [Times: user=0.01 sys=0.00, real=0.00 secs] 
54.539: Total time for which application threads were stopped: 0.0020010 seconds, Stopping threads took: 0.0000540 seconds
54.594: Application time: 0.0547220 seconds
54.594: [GC54.594: [ParNew: 246611K->1382K(275904K), 0.0014010 secs] 682927K->437738K(888836K), 0.0014370 secs] [Times: user=0.01 sys=0.00, real=0.00 secs] 
54.595: Total time for which application threads were stopped: 0.0018820 seconds, Stopping threads took: 0.0000490 seconds
54.650: Application time: 0.0544710 seconds
54.650: [GC54.650: [ParNew: 246630K->1529K(275904K), 0.0013680 secs] 682986K->437933K(888836K), 0.0014020 secs] [Times: user=0.01 sys=0.00, real=0.00 secs] 
54.652: Total time for which application threads were stopped: 0.0018790 seconds, Stopping threads took: 0.0000700 seconds
54.707: Application time: 0.0549520 seconds
54.707: [GC54.707: [ParNew: 246777K->1722K(275904K), 0.0013780 secs] 683181K->438173K(888836K), 0.0014130 secs] [Times: user=0.00 sys=0.00, real=0.00 secs] 
54.709: Total time for which application threads were stopped: 0.0018770 seconds, Stopping threads took: 0.0000590 seconds
54.764: Application time: 0.0548350 seconds
54.764: [GC54.764: [ParNew: 246970K->1284K(275904K), 0.0013740 secs] 683421K->437784K(888836K), 0.0014090 secs] [Times: user=0.01 sys=0.00, real=0.00 secs] 
54.765: Total time for which application threads were stopped: 0.0018530 seconds, Stopping threads took: 0.0000440 seconds
54.820: Application time: 0.0548870 seconds
54.824: [GC54.824: [ParNew: 246532K->1628K(275904K), 0.0013990 secs] 683032K->438168K(888836K), 0.0014340 secs] [Times: user=0.01 sys=0.00, real=0.00 secs] 
54.825: Total time for which application threads were stopped: 0.0048330 seconds, Stopping threads took: 0.0030000 seconds
54.880: Application time: 0.0549710 seconds
54.884: [GC54.884: [ParNew: 246876K->1435K(275904K), 0.0014760 secs] 683416K->438015K(888836K), 0.0015100 secs] [Times: user=0.00 sys=0.00, real=0.00 secs] 
54.885: Total time for which application threads were stopped: 0.0051080 seconds, Stopping threads took: 0.0031960 seconds
54.940: Application time: 0.0549050 seconds
54.941: [GC54.941: [ParNew: 246683K->1679K(275904K), 0.0015070 secs] 683263K->438327K(888836K), 0.0015430 secs] [Times: user=0.01 sys=0.00, real=0.00 secs] 
54.942: Total time for which application threads were stopped: 0.0020080 seconds, Stopping threads took: 0.0000660 seconds
54.997: Application time: 0.0553400 seconds
54.998: [GC54.998: [ParNew: 246927K->1630K(275904K), 0.0015000 secs] 683575K->438386K(888836K), 0.0015350 secs] [Times: user=0.02 sys=0.00, real=0.01 secs] 
54.999: Total time for which application threads were stopped: 0.0019780 seconds, Stopping threads took: 0.0000460 seconds
55.055: Application time: 0.0559380 seconds
55.060: [GC55.060: [ParNew: 246878K->1595K(275904K), 0.0014900 secs] 683634K->438417K(888836K), 0.0015250 secs] [Times: user=0.01 sys=0.00, real=0.00 secs] 
55.061: Total time for which application threads were stopped: 0.0058360 seconds, Stopping threads took: 0.0038930 seconds
55.117: Application time: 0.0554520 seconds
55.120: [GC55.120: [ParNew: 246843K->1711K(275904K), 0.0014600 secs] 683665K->438691K(888836K), 0.0014940 secs] [Times: user=0.01 sys=0.00, real=0.00 secs] 
55.121: Total time for which application threads were stopped: 0.0045100 seconds, Stopping threads took: 0.0026200 seconds
55.177: Application time: 0.0556640 seconds
55.177: [GC55.177: [ParNew: 246959K->1165K(275904K), 0.0014340 secs] 683939K->438234K(888836K), 0.0014680 secs] [Times: user=0.01 sys=0.00, real=0.00 secs] 
55.179: Total time for which application threads were stopped: 0.0019200 seconds, Stopping threads took: 0.0000650 seconds
55.235: Application time: 0.0565090 seconds
55.236: [GC55.236: [ParNew: 246413K->1186K(275904K), 0.0013280 secs] 683482K->438492K(888836K), 0.0013610 secs] [Times: user=0.01 sys=0.00, real=0.00 secs] 
55.237: Total time for which application threads were stopped: 0.0018100 seconds, Stopping threads took: 0.0000470 seconds
55.292: Application time: 0.0551460 seconds
55.293: [GC55.293: [ParNew: 246434K->1147K(275904K), 0.0013470 secs] 683740K->438565K(888836K), 0.0013820 secs] [Times: user=0.01 sys=0.00, real=0.00 secs] 
55.294: Total time for which application threads were stopped: 0.0018290 seconds, Stopping threads took: 0.0000490 seconds
55.350: Application time: 0.0555780 seconds
55.350: [GC55.350: [ParNew: 246395K->1107K(275904K), 0.0013850 secs] 683813K->438589K(888836K), 0.0014180 secs] [Times: user=0.01 sys=0.00, real=0.00 secs] 
55.352: Total time for which application threads were stopped: 0.0018520 seconds, Stopping threads took: 0.0000550 seconds
55.408: Application time: 0.0567900 seconds
55.409: [GC55.409: [ParNew: 246355K->1174K(275904K), 0.0013930 secs] 683837K->438719K(888836K), 0.0014360 secs] [Times: user=0.01 sys=0.00, real=0.00 secs] 
55.410: Total time for which application threads were stopped: 0.0018970 seconds, Stopping threads took: 0.0000440 seconds
55.465: Application time: 0.0552520 seconds
55.466: [GC55.466: [ParNew: 246422K->1217K(275904K), 0.0013750 secs] 683967K->438826K(888836K), 0.0014100 secs] [Times: user=0.01 sys=0.00, real=0.01 secs] 
55.467: Total time for which application threads were stopped: 0.0018540 seconds, Stopping threads took: 0.0000420 seconds
55.522: Application time: 0.0550200 seconds
55.523: [GC55.523: [ParNew: 246465K->1297K(275904K), 0.0013300 secs] 684074K->438971K(888836K), 0.0013650 secs] [Times: user=0.01 sys=0.00, real=0.00 secs] 
55.524: Total time for which application threads were stopped: 0.0018190 seconds, Stopping threads took: 0.0000550 seconds
55.579: Application time: 0.0548920 seconds
55.584: [GC55.584: [ParNew: 246545K->1388K(275904K), 0.0013890 secs] 684219K->439117K(888836K), 0.0014230 secs] [Times: user=0.01 sys=0.00, real=0.00 secs] 
55.585: Total time for which application threads were stopped: 0.0060700 seconds, Stopping threads took: 0.0042220 seconds
55.640: Application time: 0.0549770 seconds
55.641: [GC55.641: [ParNew: 246636K->1318K(275904K), 0.0013760 secs] 684365K->439112K(888836K), 0.0014130 secs] [Times: user=0.01 sys=0.00, real=0.00 secs] 
55.642: Total time for which application threads were stopped: 0.0018770 seconds, Stopping threads took: 0.0000630 seconds
55.697: Application time: 0.0548770 seconds
55.697: [GC55.697: [ParNew: 246566K->1495K(275904K), 0.0014110 secs] 684360K->439345K(888836K), 0.0014460 secs] [Times: user=0.01 sys=0.00, real=0.00 secs] 
55.699: Total time for which application threads were stopped: 0.0018870 seconds, Stopping threads took: 0.0000480 seconds
55.754: Application time: 0.0548350 seconds
55.754: [GC55.754: [ParNew: 246743K->1448K(275904K), 0.0014310 secs] 684593K->439361K(888836K), 0.0014660 secs] [Times: user=0.01 sys=0.00, real=0.00 secs] 
55.756: Total time for which application threads were stopped: 0.0019240 seconds, Stopping threads took: 0.0000550 seconds
55.810: Application time: 0.0547020 seconds
55.812: [GC55.812: [ParNew: 246696K->1426K(275904K), 0.0013910 secs] 684609K->439406K(888836K), 0.0014260 secs] [Times: user=0.01 sys=0.00, real=0.00 secs] 
55.813: Total time for which application threads were stopped: 0.0028760 seconds, Stopping threads took: 0.0010490 seconds
55.868: Application time: 0.0546950 seconds
55.868: [GC55.868: [ParNew: 246674K->1272K(275904K), 0.0015670 secs] 684654K->439291K(888836K), 0.0016030 secs] [Times: user=0.01 sys=0.00, real=0.00 secs] 
55.870: Total time for which application threads were stopped: 0.0020500 seconds, Stopping threads took: 0.0000520 seconds
55.925: Application time: 0.0548660 seconds
55.925: [GC55.925: [ParNew: 246520K->1483K(275904K), 0.0014070 secs] 684539K->439599K(888836K), 0.0014420 secs] [Times: user=0.01 sys=0.00, real=0.00 secs] 
55.927: Total time for which application threads were stopped: 0.0018940 seconds, Stopping threads took: 0.0000530 seconds
55.983: Application time: 0.0566550 seconds
55.984: [GC55.984: [ParNew: 246731K->1496K(275904K), 0.0014680 secs] 684847K->439704K(888836K), 0.0015030 secs] [Times: user=0.01 sys=0.00, real=0.00 secs] 
55.985: Total time for which application threads were stopped: 0.0019450 seconds, Stopping threads took: 0.0000460 seconds
56.040: Application time: 0.0550780 seconds
56.041: [GC56.041: [ParNew: 246744K->1769K(275904K), 0.0014360 secs] 684952K->440124K(888836K), 0.0014710 secs] [Times: user=0.01 sys=0.00, real=0.00 secs] 
56.042: Total time for which application threads were stopped: 0.0019240 seconds, Stopping threads took: 0.0000530 seconds
56.063: Application time: 0.0211670 seconds
56.064: Total time for which application threads were stopped: 0.0004160 seconds, Stopping threads took: 0.0000510 seconds
56.098: Application time: 0.0344260 seconds
56.099: [GC56.099: [ParNew: 247017K->1388K(275904K), 0.0015070 secs] 685372K->439856K(888836K), 0.0015390 secs] [Times: user=0.01 sys=0.00, real=0.01 secs] 
56.100: Total time for which application threads were stopped: 0.0020480 seconds, Stopping threads took: 0.0000930 seconds
56.156: Application time: 0.0558330 seconds
56.157: [GC56.157: [ParNew: 246636K->1410K(275904K), 0.0015780 secs] 685104K->439942K(888836K), 0.0016130 secs] [Times: user=0.01 sys=0.00, real=0.00 secs] 
56.158: Total time for which application threads were stopped: 0.0020470 seconds, Stopping threads took: 0.0000720 seconds
56.215: Application time: 0.0564560 seconds
56.215: [GC56.215: [ParNew: 246658K->1364K(275904K), 0.0015500 secs] 685190K->440104K(888836K), 0.0015810 secs] [Times: user=0.01 sys=0.00, real=0.00 secs] 
56.217: Total time for which application threads were stopped: 0.0020420 seconds, Stopping threads took: 0.0000570 seconds
56.274: Application time: 0.0570310 seconds
56.274: [GC56.274: [ParNew: 246612K->1318K(275904K), 0.0014140 secs] 685352K->440123K(888836K), 0.0014420 secs] [Times: user=0.01 sys=0.00, real=0.00 secs] 
56.276: Total time for which application threads were stopped: 0.0018990 seconds, Stopping threads took: 0.0000680 seconds
56.332: Application time: 0.0566060 seconds
56.333: [GC56.333: [ParNew: 246566K->1284K(275904K), 0.0013510 secs] 685371K->440152K(888836K), 0.0013850 secs] [Times: user=0.01 sys=0.00, real=0.00 secs] 
56.334: Total time for which application threads were stopped: 0.0018300 seconds, Stopping threads took: 0.0000530 seconds
56.389: Application time: 0.0550370 seconds
56.392: [GC56.392: [ParNew: 246532K->1418K(275904K), 0.0013820 secs] 685400K->440343K(888836K), 0.0014170 secs] [Times: user=0.00 sys=0.00, real=0.00 secs] 
56.393: Total time for which application threads were stopped: 0.0039830 seconds, Stopping threads took: 0.0021700 seconds
56.448: Application time: 0.0553670 seconds
56.449: [GC56.449: [ParNew: 246666K->1342K(275904K), 0.0013650 secs] 685591K->440331K(888836K), 0.0014010 secs] [Times: user=0.01 sys=0.00, real=0.00 secs] 
56.450: Total time for which application threads were stopped: 0.0018540 seconds, Stopping threads took: 0.0000560 seconds
56.505: Application time: 0.0550870 seconds
56.506: [GC56.506: [ParNew: 246590K->1468K(275904K), 0.0013950 secs] 685579K->440520K(888836K), 0.0014310 secs] [Times: user=0.01 sys=0.00, real=0.01 secs] 
56.507: Total time for which application threads were stopped: 0.0018940 seconds, Stopping threads took: 0.0000640 seconds
56.562: Application time: 0.0549360 seconds
56.564: [GC56.564: [ParNew: 246716K->1446K(275904K), 0.0014100 secs] 685768K->440554K(888836K), 0.0014460 secs] [Times: user=0.01 sys=0.00, real=0.00 secs] 
56.565: Total time for which application threads were stopped: 0.0028680 seconds, Stopping threads took: 0.0010230 seconds
56.620: Application time: 0.0547330 seconds
56.620: [GC56.620: [ParNew: 246694K->1542K(275904K), 0.0016100 secs] 685802K->440683K(888836K), 0.0016450 secs] [Times: user=0.01 sys=0.00, real=0.00 secs] 
56.622: Total time for which application threads were stopped: 0.0021420 seconds, Stopping threads took: 0.0000840 seconds
56.677: Application time: 0.0550310 seconds
56.677: [GC56.677: [ParNew: 246790K->1491K(275904K), 0.0015290 secs] 685931K->440687K(888836K), 0.0015640 secs] [Times: user=0.01 sys=0.00, real=0.00 secs] 
56.679: Total time for which application threads were stopped: 0.0020200 seconds, Stopping threads took: 0.0000500 seconds
56.734: Application time: 0.0549380 seconds
56.736: [GC56.736: [ParNew: 246739K->1773K(275904K), 0.0014130 secs] 685935K->441034K(888836K), 0.0014470 secs] [Times: user=0.01 sys=0.00, real=0.00 secs] 
56.737: Total time for which application threads were stopped: 0.0031250 seconds, Stopping threads took: 0.0012790 seconds
56.792: Application time: 0.0553660 seconds
56.793: [GC56.793: [ParNew: 247021K->1820K(275904K), 0.0014630 secs] 686282K->441139K(888836K), 0.0014980 secs] [Times: user=0.01 sys=0.00, real=0.00 secs] 
56.794: Total time for which application threads were stopped: 0.0019500 seconds, Stopping threads took: 0.0000620 seconds
56.850: Application time: 0.0557160 seconds
56.852: [GC56.852: [ParNew: 247068K->1561K(275904K), 0.0014160 secs] 686387K->441048K(888836K), 0.0014600 secs] [Times: user=0.01 sys=0.00, real=0.00 secs] 
56.853: Total time for which application threads were stopped: 0.0029670 seconds, Stopping threads took: 0.0011090 seconds
56.910: Application time: 0.0566200 seconds
56.912: [GC56.912: [ParNew: 246809K->1515K(275904K), 0.0014580 secs] 686296K->441074K(888836K), 0.0014930 secs] [Times: user=0.01 sys=0.00, real=0.00 secs] 
56.913: Total time for which application threads were stopped: 0.0034180 seconds, Stopping threads took: 0.0015280 seconds
56.969: Application time: 0.0554030 seconds
56.969: [GC56.969: [ParNew: 246763K->1455K(275904K), 0.0014910 secs] 686322K->441158K(888836K), 0.0015260 secs] [Times: user=0.01 sys=0.00, real=0.00 secs] 
56.971: Total time for which application threads were stopped: 0.0019850 seconds, Stopping threads took: 0.0000600 seconds
57.027: Application time: 0.0560860 seconds
57.027: [GC57.027: [ParNew: 246703K->1089K(275904K), 0.0015200 secs] 686406K->440889K(888836K), 0.0015540 secs] [Times: user=0.01 sys=0.00, real=0.01 secs] 
57.029: Total time for which application threads were stopped: 0.0020030 seconds, Stopping threads took: 0.0000490 seconds
57.084: Application time: 0.0556140 seconds
57.085: [GC57.085: [ParNew: 246337K->1233K(275904K), 0.0015630 secs] 686137K->441097K(888836K), 0.0015970 secs] [Times: user=0.02 sys=0.00, real=0.00 secs] 
57.086: Total time for which application threads were stopped: 0.0020030 seconds, Stopping threads took: 0.0000450 seconds
57.143: Application time: 0.0570290 seconds
57.148: [GC57.148: [ParNew: 246481K->1306K(275904K), 0.0014560 secs] 686345K->441318K(888836K), 0.0014890 secs] [Times: user=0.01 sys=0.00, real=0.00 secs] 
57.149: Total time for which application threads were stopped: 0.0058590 seconds, Stopping threads took: 0.0039470 seconds
57.205: Application time: 0.0560740 seconds
57.206: [GC57.206: [ParNew: 246554K->1194K(275904K), 0.0013650 secs] 686566K->441317K(888836K), 0.0014020 secs] [Times: user=0.01 sys=0.00, real=0.00 secs] 
57.207: Total time for which application threads were stopped: 0.0018500 seconds, Stopping threads took: 0.0000510 seconds
57.263: Application time: 0.0555990 seconds
57.263: [GC57.263: [ParNew: 246442K->1123K(275904K), 0.0015190 secs] 686565K->441287K(888836K), 0.0015550 secs] [Times: user=0.01 sys=0.00, real=0.00 secs] 
57.265: Total time for which application threads were stopped: 0.0020090 seconds, Stopping threads took: 0.0000600 seconds
57.320: Application time: 0.0552450 seconds
57.320: [GC57.320: [ParNew: 246371K->1224K(275904K), 0.0014100 secs] 686535K->441428K(888836K), 0.0014460 secs] [Times: user=0.01 sys=0.00, real=0.00 secs] 
57.322: Total time for which application threads were stopped: 0.0018870 seconds, Stopping threads took: 0.0000430 seconds
57.377: Application time: 0.0549620 seconds
57.377: [GC57.377: [ParNew: 246472K->1166K(275904K), 0.0015310 secs] 686676K->441410K(888836K), 0.0015660 secs] [Times: user=0.00 sys=0.00, real=0.00 secs] 
57.379: Total time for which application threads were stopped: 0.0020110 seconds, Stopping threads took: 0.0000460 seconds
57.434: Application time: 0.0550400 seconds
57.434: [GC57.434: [ParNew: 246414K->1310K(275904K), 0.0014390 secs] 686658K->441610K(888836K), 0.0014750 secs] [Times: user=0.01 sys=0.00, real=0.00 secs] 
57.436: Total time for which application threads were stopped: 0.0019260 seconds, Stopping threads took: 0.0000530 seconds
57.491: Application time: 0.0550030 seconds
57.491: [GC57.491: [ParNew: 246558K->1383K(275904K), 0.0013830 secs] 686858K->441731K(888836K), 0.0014180 secs] [Times: user=0.01 sys=0.00, real=0.00 secs] 
57.493: Total time for which application threads were stopped: 0.0018780 seconds, Stopping threads took: 0.0000540 seconds
57.548: Application time: 0.0553360 seconds
57.548: [GC57.548: [ParNew: 246631K->1476K(275904K), 0.0013780 secs] 686979K->441872K(888836K), 0.0014120 secs] [Times: user=0.01 sys=0.01, real=0.00 secs] 
57.550: Total time for which application threads were stopped: 0.0018570 seconds, Stopping threads took: 0.0000410 seconds
57.605: Application time: 0.0550550 seconds
57.608: [GC57.608: [ParNew: 246724K->1397K(275904K), 0.0014100 secs] 687120K->441849K(888836K), 0.0014450 secs] [Times: user=0.01 sys=0.00, real=0.00 secs] 
57.609: Total time for which application threads were stopped: 0.0041600 seconds, Stopping threads took: 0.0023190 seconds
57.664: Application time: 0.0552940 seconds
57.665: [GC57.665: [ParNew: 246645K->1440K(275904K), 0.0014250 secs] 687097K->441956K(888836K), 0.0014580 secs] [Times: user=0.01 sys=0.00, real=0.00 secs] 
57.666: Total time for which application threads were stopped: 0.0019480 seconds, Stopping threads took: 0.0000780 seconds
57.721: Application time: 0.0548210 seconds
57.724: [GC57.724: [ParNew: 246688K->1486K(275904K), 0.0014170 secs] 687204K->442097K(888836K), 0.0014500 secs] [Times: user=0.01 sys=0.01, real=0.00 secs] 
57.725: Total time for which application threads were stopped: 0.0039330 seconds, Stopping threads took: 0.0020850 seconds
57.781: Application time: 0.0558780 seconds
57.784: [GC57.784: [ParNew: 246734K->1416K(275904K), 0.0015750 secs] 687345K->442122K(888836K), 0.0016090 secs] [Times: user=0.01 sys=0.00, real=0.00 secs] 
57.785: Total time for which application threads were stopped: 0.0042650 seconds, Stopping threads took: 0.0022650 seconds
57.841: Application time: 0.0553610 seconds
57.841: [GC57.841: [ParNew: 246664K->1463K(275904K), 0.0014200 secs] 687370K->442233K(888836K), 0.0014550 secs] [Times: user=0.01 sys=0.00, real=0.00 secs] 
57.843: Total time for which application threads were stopped: 0.0018970 seconds, Stopping threads took: 0.0000500 seconds
57.898: Application time: 0.0556230 seconds
57.899: [GC57.899: [ParNew: 246711K->1325K(275904K), 0.0015210 secs] 687481K->442263K(888836K), 0.0015560 secs] [Times: user=0.01 sys=0.00, real=0.01 secs] 
57.900: Total time for which application threads were stopped: 0.0020080 seconds, Stopping threads took: 0.0000480 seconds
57.956: Application time: 0.0555610 seconds
57.960: [GC57.960: [ParNew: 246573K->1615K(275904K), 0.0014390 secs] 687511K->442623K(888836K), 0.0014730 secs] [Times: user=0.01 sys=0.00, real=0.00 secs] 
57.961: Total time for which application threads were stopped: 0.0054070 seconds, Stopping threads took: 0.0035280 seconds
58.017: Application time: 0.0561620 seconds
58.020: [GC58.020: [ParNew: 246863K->1208K(275904K), 0.0015100 secs] 687871K->442328K(888836K), 0.0015440 secs] [Times: user=0.01 sys=0.00, real=0.00 secs] 
58.021: Total time for which application threads were stopped: 0.0039290 seconds, Stopping threads took: 0.0019850 seconds
58.080: Application time: 0.0583150 seconds
58.080: [GC58.080: [ParNew: 246456K->1151K(275904K), 0.0014450 secs] 687576K->442343K(888836K), 0.0014760 secs] [Times: user=0.01 sys=0.00, real=0.00 secs] 
58.082: Total time for which application threads were stopped: 0.0019470 seconds, Stopping threads took: 0.0000700 seconds
58.137: Application time: 0.0556400 seconds
58.140: [GC58.140: [ParNew: 246399K->1118K(275904K), 0.0014680 secs] 687591K->442516K(888836K), 0.0015020 secs] [Times: user=0.01 sys=0.00, real=0.00 secs] 
58.141: Total time for which application threads were stopped: 0.0040140 seconds, Stopping threads took: 0.0021180 seconds
58.197: Application time: 0.0562730 seconds
58.200: [GC58.200: [ParNew: 246366K->1386K(275904K), 0.0014030 secs] 687764K->442847K(888836K), 0.0014350 secs] [Times: user=0.01 sys=0.00, real=0.00 secs] 
58.201: Total time for which application threads were stopped: 0.0036760 seconds, Stopping threads took: 0.0018430 seconds
58.256: Application time: 0.0550820 seconds
58.260: [GC58.260: [ParNew: 246634K->1266K(275904K), 0.0013800 secs] 688095K->442792K(888836K), 0.0014160 secs] [Times: user=0.01 sys=0.00, real=0.00 secs] 
58.261: Total time for which application threads were stopped: 0.0048850 seconds, Stopping threads took: 0.0030710 seconds
58.316: Application time: 0.0552920 seconds
58.317: [GC58.317: [ParNew: 246514K->1342K(275904K), 0.0013400 secs] 688040K->442931K(888836K), 0.0013850 secs] [Times: user=0.01 sys=0.01, real=0.00 secs] 
58.318: Total time for which application threads were stopped: 0.0018290 seconds, Stopping threads took: 0.0000440 seconds
58.373: Application time: 0.0551370 seconds
58.376: [GC58.376: [ParNew: 246590K->1379K(275904K), 0.0013720 secs] 688179K->443032K(888836K), 0.0014070 secs] [Times: user=0.01 sys=0.00, real=0.00 secs] 
58.377: Total time for which application threads were stopped: 0.0037170 seconds, Stopping threads took: 0.0019100 seconds
58.432: Application time: 0.0551340 seconds
58.433: [GC58.433: [ParNew: 246627K->1484K(275904K), 0.0014050 secs] 688280K->443201K(888836K), 0.0014400 secs] [Times: user=0.01 sys=0.00, real=0.00 secs] 
58.434: Total time for which application threads were stopped: 0.0018980 seconds, Stopping threads took: 0.0000630 seconds
58.489: Application time: 0.0549260 seconds
58.489: [GC58.489: [ParNew: 246732K->1563K(275904K), 0.0014100 secs] 688449K->443344K(888836K), 0.0014450 secs] [Times: user=0.01 sys=0.00, real=0.00 secs] 
58.491: Total time for which application threads were stopped: 0.0018910 seconds, Stopping threads took: 0.0000470 seconds
58.546: Application time: 0.0553760 seconds
58.547: [GC58.547: [ParNew: 246811K->1640K(275904K), 0.0014380 secs] 688592K->443485K(888836K), 0.0014740 secs] [Times: user=0.01 sys=0.00, real=0.01 secs] 
58.548: Total time for which application threads were stopped: 0.0019480 seconds, Stopping threads took: 0.0000710 seconds
58.604: Application time: 0.0552460 seconds
58.604: [GC58.604: [ParNew: 246888K->1602K(275904K), 0.0014070 secs] 688733K->443503K(888836K), 0.0014420 secs] [Times: user=0.01 sys=0.00, real=0.00 secs] 
58.605: Total time for which application threads were stopped: 0.0018990 seconds, Stopping threads took: 0.0000500 seconds
58.662: Application time: 0.0567190 seconds
58.664: [GC58.664: [ParNew: 246850K->1367K(275904K), 0.0014900 secs] 688751K->443342K(888836K), 0.0015250 secs] [Times: user=0.01 sys=0.00, real=0.00 secs] 
58.665: Total time for which application threads were stopped: 0.0030500 seconds, Stopping threads took: 0.0011230 seconds
58.721: Application time: 0.0553140 seconds
58.724: [GC58.724: [ParNew: 246615K->1321K(275904K), 0.0014790 secs] 688590K->443367K(888836K), 0.0015150 secs] [Times: user=0.01 sys=0.00, real=0.00 secs] 
58.725: Total time for which application threads were stopped: 0.0046810 seconds, Stopping threads took: 0.0027440 seconds
58.780: Application time: 0.0552690 seconds
58.781: [GC58.781: [ParNew: 246569K->1199K(275904K), 0.0015080 secs] 688615K->443301K(888836K), 0.0015420 secs] [Times: user=0.01 sys=0.00, real=0.00 secs] 
58.782: Total time for which application threads were stopped: 0.0019940 seconds, Stopping threads took: 0.0000500 seconds
58.839: Application time: 0.0560830 seconds
58.839: [GC58.839: [ParNew: 246447K->1391K(275904K), 0.0014040 secs] 688549K->443581K(888836K), 0.0014370 secs] [Times: user=0.01 sys=0.00, real=0.01 secs] 
58.840: Total time for which application threads were stopped: 0.0018920 seconds, Stopping threads took: 0.0000520 seconds
58.896: Application time: 0.0553980 seconds
58.896: [GC58.896: [ParNew: 246639K->1145K(275904K), 0.0013960 secs] 688829K->443379K(888836K), 0.0014310 secs] [Times: user=0.01 sys=0.00, real=0.00 secs] 
58.898: Total time for which application threads were stopped: 0.0018810 seconds, Stopping threads took: 0.0000460 seconds
58.953: Application time: 0.0554960 seconds
58.954: [GC58.954: [ParNew: 246393K->1222K(275904K), 0.0014010 secs] 688627K->443538K(888836K), 0.0014360 secs] [Times: user=0.01 sys=0.00, real=0.00 secs] 
58.955: Total time for which application threads were stopped: 0.0019050 seconds, Stopping threads took: 0.0000540 seconds
59.010: Application time: 0.0553350 seconds
59.011: [GC59.011: [ParNew: 246470K->1344K(275904K), 0.0015030 secs] 688786K->443724K(888836K), 0.0015370 secs] [Times: user=0.01 sys=0.00, real=0.00 secs] 
59.012: Total time for which application threads were stopped: 0.0019970 seconds, Stopping threads took: 0.0000550 seconds
59.068: Application time: 0.0560240 seconds
59.069: [GC59.069: [ParNew: 246592K->1151K(275904K), 0.0014580 secs] 688972K->443671K(888836K), 0.0015010 secs] [Times: user=0.01 sys=0.00, real=0.00 secs] 
59.070: Total time for which application threads were stopped: 0.0019760 seconds, Stopping threads took: 0.0000780 seconds
59.125: Application time: 0.0549640 seconds
59.128: [GC59.128: [ParNew: 246399K->1216K(275904K), 0.0014560 secs] 688919K->443840K(888836K), 0.0014920 secs] [Times: user=0.01 sys=0.00, real=0.00 secs] 
59.129: Total time for which application threads were stopped: 0.0037250 seconds, Stopping threads took: 0.0018380 seconds
59.185: Application time: 0.0559700 seconds
59.188: [GC59.188: [ParNew: 246464K->1188K(275904K), 0.0013580 secs] 689088K->443876K(888836K), 0.0013920 secs] [Times: user=0.01 sys=0.00, real=0.00 secs] 
59.189: Total time for which application threads were stopped: 0.0039210 seconds, Stopping threads took: 0.0021310 seconds
59.245: Application time: 0.0558260 seconds
59.245: [GC59.245: [ParNew: 246436K->1136K(275904K), 0.0014560 secs] 689124K->443864K(888836K), 0.0014900 secs] [Times: user=0.01 sys=0.00, real=0.00 secs] 
59.247: Total time for which application threads were stopped: 0.0019760 seconds, Stopping threads took: 0.0000650 seconds
59.302: Application time: 0.0550600 seconds
59.302: [GC59.302: [ParNew: 246384K->1228K(275904K), 0.0014180 secs] 689112K->443997K(888836K), 0.0014530 secs] [Times: user=0.01 sys=0.00, real=0.00 secs] 
59.304: Total time for which application threads were stopped: 0.0019180 seconds, Stopping threads took: 0.0000670 seconds
59.359: Application time: 0.0551140 seconds
59.359: [GC59.359: [ParNew: 246476K->1511K(275904K), 0.0014120 secs] 689245K->444319K(888836K), 0.0014480 secs] [Times: user=0.00 sys=0.01, real=0.00 secs] 
59.361: Total time for which application threads were stopped: 0.0019180 seconds, Stopping threads took: 0.0000600 seconds
59.416: Application time: 0.0551480 seconds
59.416: [GC59.417: [ParNew: 246759K->1443K(275904K), 0.0013730 secs] 689567K->444299K(888836K), 0.0014090 secs] [Times: user=0.01 sys=0.00, real=0.00 secs] 
59.418: Total time for which application threads were stopped: 0.0018760 seconds, Stopping threads took: 0.0000640 seconds
59.473: Application time: 0.0550450 seconds
59.476: [GC59.476: [ParNew: 246691K->1447K(275904K), 0.0014880 secs] 689547K->444344K(888836K), 0.0015220 secs] [Times: user=0.01 sys=0.00, real=0.00 secs] 
59.477: Total time for which application threads were stopped: 0.0042240 seconds, Stopping threads took: 0.0023060 seconds
59.533: Application time: 0.0557040 seconds
59.536: [GC59.536: [ParNew: 246695K->1532K(275904K), 0.0013970 secs] 689592K->444524K(888836K), 0.0014300 secs] [Times: user=0.01 sys=0.00, real=0.00 secs] 
59.537: Total time for which application threads were stopped: 0.0041850 seconds, Stopping threads took: 0.0023620 seconds
59.593: Application time: 0.0561480 seconds
59.596: [GC59.596: [ParNew: 246780K->1528K(275904K), 0.0014360 secs] 689772K->444621K(888836K), 0.0014730 secs] [Times: user=0.01 sys=0.00, real=0.00 secs] 
59.597: Total time for which application threads were stopped: 0.0039030 seconds, Stopping threads took: 0.0020380 seconds
59.652: Application time: 0.0552870 seconds
59.653: [GC59.653: [ParNew: 246776K->1257K(275904K), 0.0015470 secs] 689869K->444406K(888836K), 0.0015820 secs] [Times: user=0.01 sys=0.00, real=0.00 secs] 
59.654: Total time for which application threads were stopped: 0.0020370 seconds, Stopping threads took: 0.0000690 seconds
59.710: Application time: 0.0550580 seconds
59.710: [GC59.710: [ParNew: 246505K->1337K(275904K), 0.0015450 secs] 689654K->444610K(888836K), 0.0015810 secs] [Times: user=0.01 sys=0.00, real=0.00 secs] 
59.712: Total time for which application threads were stopped: 0.0020440 seconds, Stopping threads took: 0.0000650 seconds
59.767: Application time: 0.0559090 seconds
59.768: [GC59.768: [ParNew: 246585K->1593K(275904K), 0.0015670 secs] 689858K->444924K(888836K), 0.0016030 secs] [Times: user=0.01 sys=0.00, real=0.00 secs] 
59.770: Total time for which application threads were stopped: 0.0020790 seconds, Stopping threads took: 0.0000470 seconds
59.825: Application time: 0.0554810 seconds
59.825: [GC59.826: [ParNew: 246841K->1265K(275904K), 0.0016410 secs] 690172K->444644K(888836K), 0.0016760 secs] [Times: user=0.01 sys=0.00, real=0.00 secs] 
59.827: Total time for which application threads were stopped: 0.0021050 seconds, Stopping threads took: 0.0000610 seconds
59.883: Application time: 0.0559960 seconds
59.884: [GC59.884: [ParNew: 246513K->1441K(275904K), 0.0014960 secs] 689892K->444880K(888836K), 0.0015310 secs] [Times: user=0.01 sys=0.00, real=0.00 secs] 
59.885: Total time for which application threads were stopped: 0.0019920 seconds, Stopping threads took: 0.0000640 seconds
59.941: Application time: 0.0557580 seconds
59.941: [GC59.941: [ParNew: 246689K->1520K(275904K), 0.0014670 secs] 690128K->445063K(888836K), 0.0015010 secs] [Times: user=0.01 sys=0.00, real=0.00 secs] 
59.943: Total time for which application threads were stopped: 0.0019580 seconds, Stopping threads took: 0.0000560 seconds
59.999: Application time: 0.0563350 seconds
60.004: [GC60.004: [ParNew: 246768K->1431K(275904K), 0.0014830 secs] 690311K->445030K(888836K), 0.0015170 secs] [Times: user=0.01 sys=0.00, real=0.00 secs] 
60.005: Total time for which application threads were stopped: 0.0059530 seconds, Stopping threads took: 0.0040410 seconds
60.061: Application time: 0.0553380 seconds
60.064: [GC60.064: [ParNew: 246679K->1202K(275904K), 0.0014550 secs] 690278K->444993K(888836K), 0.0014910 secs] [Times: user=0.01 sys=0.00, real=0.00 secs] 
60.065: Total time for which application threads were stopped: 0.0046410 seconds, Stopping threads took: 0.0027590 seconds
60.121: Application time: 0.0560110 seconds
60.124: [GC60.124: [ParNew: 246450K->1440K(275904K), 0.0014390 secs] 690241K->445295K(888836K), 0.0014750 secs] [Times: user=0.01 sys=0.00, real=0.00 secs] 
60.125: Total time for which application threads were stopped: 0.0039510 seconds, Stopping threads took: 0.0020800 seconds
60.181: Application time: 0.0557080 seconds
60.181: [GC60.181: [ParNew: 246688K->1307K(275904K), 0.0014420 secs] 690543K->445226K(888836K), 0.0014780 secs] [Times: user=0.01 sys=0.00, real=0.00 secs] 
60.183: Total time for which application threads were stopped: 0.0019190 seconds, Stopping threads took: 0.0000480 seconds
60.239: Application time: 0.0559890 seconds
60.239: [GC60.239: [ParNew: 246555K->1358K(275904K), 0.0014090 secs] 690474K->445341K(888836K), 0.0014440 secs] [Times: user=0.01 sys=0.00, real=0.01 secs] 
60.241: Total time for which application threads were stopped: 0.0018880 seconds, Stopping threads took: 0.0000490 seconds
60.297: Application time: 0.0562320 seconds
60.300: [GC60.300: [ParNew: 246606K->1477K(275904K), 0.0014170 secs] 690589K->445523K(888836K), 0.0014530 secs] [Times: user=0.01 sys=0.01, real=0.00 secs] 
60.301: Total time for which application threads were stopped: 0.0042860 seconds, Stopping threads took: 0.0024220 seconds
60.356: Application time: 0.0550210 seconds
60.357: [GC60.357: [ParNew: 246725K->1526K(275904K), 0.0014260 secs] 690771K->445637K(888836K), 0.0014610 secs] [Times: user=0.01 sys=0.00, real=0.00 secs] 
60.358: Total time for which application threads were stopped: 0.0019370 seconds, Stopping threads took: 0.0000800 seconds
60.413: Application time: 0.0551250 seconds
60.414: [GC60.414: [ParNew: 246774K->1462K(275904K), 0.0014290 secs] 690885K->445629K(888836K), 0.0014660 secs] [Times: user=0.01 sys=0.00, real=0.00 secs] 
60.415: Total time for which application threads were stopped: 0.0019210 seconds, Stopping threads took: 0.0000580 seconds
60.471: Application time: 0.0558140 seconds
60.471: [GC60.471: [ParNew: 246710K->1344K(275904K), 0.0015640 secs] 690877K->445586K(888836K), 0.0016010 secs] [Times: user=0.01 sys=0.00, real=0.00 secs] 
60.473: Total time for which application threads were stopped: 0.0020400 seconds, Stopping threads took: 0.0000430 seconds
60.528: Application time: 0.0554210 seconds
60.529: [GC60.529: [ParNew: 246592K->1434K(275904K), 0.0013970 secs] 690834K->445750K(888836K), 0.0014410 secs] [Times: user=0.01 sys=0.00, real=0.00 secs] 
60.530: Total time for which application threads were stopped: 0.0019230 seconds, Stopping threads took: 0.0000900 seconds
60.585: Application time: 0.0548960 seconds
60.586: [GC60.586: [ParNew: 246682K->1543K(275904K), 0.0013780 secs] 690998K->445915K(888836K), 0.0014130 secs] [Times: user=0.01 sys=0.00, real=0.00 secs] 
60.587: Total time for which application threads were stopped: 0.0018780 seconds, Stopping threads took: 0.0000690 seconds
60.643: Application time: 0.0553320 seconds
60.644: [GC60.644: [ParNew: 246791K->1294K(275904K), 0.0014200 secs] 691163K->445786K(888836K), 0.0014560 secs] [Times: user=0.00 sys=0.00, real=0.00 secs] 
60.645: Total time for which application threads were stopped: 0.0026000 seconds, Stopping threads took: 0.0007460 seconds
60.701: Application time: 0.0554970 seconds
60.701: [GC60.701: [ParNew: 246542K->1189K(275904K), 0.0014110 secs] 691034K->445729K(888836K), 0.0014430 secs] [Times: user=0.01 sys=0.00, real=0.00 secs] 
60.703: Total time for which application threads were stopped: 0.0019250 seconds, Stopping threads took: 0.0000870 seconds
60.758: Application time: 0.0558780 seconds
60.759: [GC60.759: [ParNew: 246437K->1276K(275904K), 0.0015110 secs] 690977K->445866K(888836K), 0.0015430 secs] [Times: user=0.02 sys=0.00, real=0.01 secs] 
60.760: Total time for which application threads were stopped: 0.0020070 seconds, Stopping threads took: 0.0000590 seconds
60.817: Application time: 0.0567400 seconds
60.818: [GC60.818: [ParNew: 246524K->1272K(275904K), 0.0014900 secs] 691114K->445918K(888836K), 0.0015250 secs] [Times: user=0.01 sys=0.00, real=0.00 secs] 
60.819: Total time for which application threads were stopped: 0.0019680 seconds, Stopping threads took: 0.0000620 seconds
60.875: Application time: 0.0555470 seconds
60.875: [GC60.875: [ParNew: 246520K->1340K(275904K), 0.0015000 secs] 691166K->446088K(888836K), 0.0015340 secs] [Times: user=0.01 sys=0.00, real=0.00 secs] 
60.877: Total time for which application threads were stopped: 0.0019830 seconds, Stopping threads took: 0.0000540 seconds
60.932: Application time: 0.0552140 seconds
60.936: [GC60.936: [ParNew: 246588K->1453K(275904K), 0.0015160 secs] 691336K->446265K(888836K), 0.0015510 secs] [Times: user=0.01 sys=0.00, real=0.00 secs] 
60.937: Total time for which application threads were stopped: 0.0052720 seconds, Stopping threads took: 0.0033630 seconds
60.993: Application time: 0.0560930 seconds
60.994: [GC60.994: [ParNew: 246701K->1442K(275904K), 0.0015130 secs] 691513K->446350K(888836K), 0.0015510 secs] [Times: user=0.01 sys=0.00, real=0.00 secs] 
60.995: Total time for which application threads were stopped: 0.0019900 seconds, Stopping threads took: 0.0000440 seconds
61.051: Application time: 0.0554910 seconds
61.051: [GC61.051: [ParNew: 246690K->1145K(275904K), 0.0015580 secs] 691598K->446201K(888836K), 0.0015930 secs] [Times: user=0.01 sys=0.00, real=0.00 secs] 
61.053: Total time for which application threads were stopped: 0.0020400 seconds, Stopping threads took: 0.0000480 seconds
61.109: Application time: 0.0558990 seconds
61.109: [GC61.109: [ParNew: 246393K->1343K(275904K), 0.0013860 secs] 691449K->446463K(888836K), 0.0014200 secs] [Times: user=0.01 sys=0.00, real=0.00 secs] 
61.111: Total time for which application threads were stopped: 0.0018630 seconds, Stopping threads took: 0.0000510 seconds
61.166: Application time: 0.0551520 seconds
61.166: [GC61.166: [ParNew: 246591K->1313K(275904K), 0.0014110 secs] 691711K->446497K(888836K), 0.0014470 secs] [Times: user=0.01 sys=0.00, real=0.01 secs] 
61.168: Total time for which application threads were stopped: 0.0018970 seconds, Stopping threads took: 0.0000530 seconds
61.224: Application time: 0.0559380 seconds
61.224: [GC61.224: [ParNew: 246561K->1337K(275904K), 0.0014000 secs] 691745K->446578K(888836K), 0.0014360 secs] [Times: user=0.01 sys=0.00, real=0.00 secs] 
61.225: Total time for which application threads were stopped: 0.0018670 seconds, Stopping threads took: 0.0000370 seconds
61.281: Application time: 0.0552990 seconds
61.281: [GC61.281: [ParNew: 246585K->1367K(275904K), 0.0013880 secs] 691826K->446671K(888836K), 0.0014330 secs] [Times: user=0.01 sys=0.00, real=0.00 secs] 
61.283: Total time for which application threads were stopped: 0.0018810 seconds, Stopping threads took: 0.0000500 seconds
61.338: Application time: 0.0555980 seconds
61.339: [GC61.339: [ParNew: 246615K->1394K(275904K), 0.0014200 secs] 691919K->446802K(888836K), 0.0014560 secs] [Times: user=0.01 sys=0.00, real=0.01 secs] 
61.340: Total time for which application threads were stopped: 0.0019130 seconds, Stopping threads took: 0.0000360 seconds
61.396: Application time: 0.0557030 seconds
61.396: [GC61.396: [ParNew: 246642K->1521K(275904K), 0.0014090 secs] 692050K->447034K(888836K), 0.0014440 secs] [Times: user=0.01 sys=0.00, real=0.00 secs] 
61.398: Total time for which application threads were stopped: 0.0018750 seconds, Stopping threads took: 0.0000550 seconds
61.454: Application time: 0.0559390 seconds
61.454: [GC61.454: [ParNew: 246769K->1403K(275904K), 0.0014080 secs] 692282K->446981K(888836K), 0.0014440 secs] [Times: user=0.01 sys=0.00, real=0.00 secs] 
61.456: Total time for which application threads were stopped: 0.0018770 seconds, Stopping threads took: 0.0000420 seconds
61.511: Application time: 0.0552230 seconds
61.516: [GC61.516: [ParNew: 246651K->1267K(275904K), 0.0014050 secs] 692229K->446953K(888836K), 0.0014380 secs] [Times: user=0.01 sys=0.00, real=0.00 secs] 
61.517: Total time for which application threads were stopped: 0.0062950 seconds, Stopping threads took: 0.0044610 seconds
61.573: Application time: 0.0561510 seconds
61.574: [GC61.574: [ParNew: 246515K->1407K(275904K), 0.0014110 secs] 692201K->447193K(888836K), 0.0014450 secs] [Times: user=0.01 sys=0.00, real=0.00 secs] 
61.575: Total time for which application threads were stopped: 0.0019110 seconds, Stopping threads took: 0.0000680 seconds
61.631: Application time: 0.0558750 seconds
61.631: [GC61.631: [ParNew: 246655K->1480K(275904K), 0.0015270 secs] 692441K->447330K(888836K), 0.0015630 secs] [Times: user=0.01 sys=0.00, real=0.00 secs] 
61.633: Total time for which application threads were stopped: 0.0019820 seconds, Stopping threads took: 0.0000510 seconds
61.689: Application time: 0.0559970 seconds
61.689: [GC61.689: [ParNew: 246728K->1170K(275904K), 0.0015970 secs] 692578K->447078K(888836K), 0.0016310 secs] [Times: user=0.01 sys=0.00, real=0.00 secs] 
61.691: Total time for which application threads were stopped: 0.0020500 seconds, Stopping threads took: 0.0000550 seconds
61.747: Application time: 0.0557550 seconds
61.747: [GC61.747: [ParNew: 246418K->1660K(275904K), 0.0016270 secs] 692326K->447624K(888836K), 0.0016620 secs] [Times: user=0.01 sys=0.00, real=0.00 secs] 
61.749: Total time for which application threads were stopped: 0.0020970 seconds, Stopping threads took: 0.0000670 seconds
61.804: Application time: 0.0555290 seconds
61.805: [GC61.805: [ParNew: 246908K->1293K(275904K), 0.0015280 secs] 692872K->447321K(888836K), 0.0015640 secs] [Times: user=0.01 sys=0.00, real=0.00 secs] 
61.806: Total time for which application threads were stopped: 0.0020310 seconds, Stopping threads took: 0.0000700 seconds
61.862: Application time: 0.0554670 seconds
61.864: [GC61.864: [ParNew: 246541K->1309K(275904K), 0.0016910 secs] 692569K->447446K(888836K), 0.0017260 secs] [Times: user=0.01 sys=0.00, real=0.00 secs] 
61.865: Total time for which application threads were stopped: 0.0034690 seconds, Stopping threads took: 0.0013130 seconds
61.921: Application time: 0.0555700 seconds
61.921: [GC61.921: [ParNew: 246557K->1520K(275904K), 0.0014290 secs] 692694K->447729K(888836K), 0.0014590 secs] [Times: user=0.01 sys=0.00, real=0.00 secs] 
61.923: Total time for which application threads were stopped: 0.0019000 seconds, Stopping threads took: 0.0000430 seconds
61.978: Application time: 0.0550240 seconds
61.978: [GC61.978: [ParNew: 246768K->1330K(275904K), 0.0014430 secs] 692977K->447731K(888836K), 0.0014810 secs] [Times: user=0.01 sys=0.00, real=0.01 secs] 
61.980: Total time for which application threads were stopped: 0.0019370 seconds, Stopping threads took: 0.0000560 seconds
62.035: Application time: 0.0555120 seconds
62.036: [GC62.036: [ParNew: 246578K->1365K(275904K), 0.0013810 secs] 692979K->447830K(888836K), 0.0014160 secs] [Times: user=0.01 sys=0.00, real=0.00 secs] 
62.037: Total time for which application threads were stopped: 0.0018570 seconds, Stopping threads took: 0.0000440 seconds
62.092: Application time: 0.0552040 seconds
62.096: [GC62.096: [ParNew: 246613K->1430K(275904K), 0.0014070 secs] 693078K->447959K(888836K), 0.0014420 secs] [Times: user=0.01 sys=0.00, real=0.00 secs] 
62.097: Total time for which application threads were stopped: 0.0046540 seconds, Stopping threads took: 0.0028100 seconds
62.152: Application time: 0.0550130 seconds
62.153: [GC62.153: [ParNew: 246678K->1480K(275904K), 0.0013780 secs] 693207K->448073K(888836K), 0.0014120 secs] [Times: user=0.01 sys=0.00, real=0.00 secs] 
62.154: Total time for which application threads were stopped: 0.0018550 seconds, Stopping threads took: 0.0000500 seconds
62.210: Application time: 0.0561970 seconds
62.212: [GC62.212: [ParNew: 246728K->1404K(275904K), 0.0014300 secs] 693321K->448055K(888836K), 0.0014660 secs] [Times: user=0.01 sys=0.00, real=0.00 secs] 
62.213: Total time for which application threads were stopped: 0.0029640 seconds, Stopping threads took: 0.0011000 seconds
62.268: Application time: 0.0552100 seconds
62.272: [GC62.272: [ParNew: 246652K->1567K(275904K), 0.0014320 secs] 693303K->448322K(888836K), 0.0014690 secs] [Times: user=0.01 sys=0.00, real=0.00 secs] 
62.273: Total time for which application threads were stopped: 0.0047850 seconds, Stopping threads took: 0.0029170 seconds
62.329: Application time: 0.0562140 seconds
62.330: [GC62.330: [ParNew: 246815K->1210K(275904K), 0.0013950 secs] 693570K->448062K(888836K), 0.0014320 secs] [Times: user=0.01 sys=0.00, real=0.00 secs] 
62.331: Total time for which application threads were stopped: 0.0018970 seconds, Stopping threads took: 0.0000710 seconds
62.386: Application time: 0.0551090 seconds
62.387: [GC62.387: [ParNew: 246458K->1312K(275904K), 0.0014120 secs] 693310K->448235K(888836K), 0.0014470 secs] [Times: user=0.01 sys=0.00, real=0.01 secs] 
62.388: Total time for which application threads were stopped: 0.0019090 seconds, Stopping threads took: 0.0000490 seconds
62.444: Application time: 0.0556530 seconds
62.444: [GC62.444: [ParNew: 246560K->1347K(275904K), 0.0013510 secs] 693483K->448350K(888836K), 0.0013850 secs] [Times: user=0.01 sys=0.00, real=0.00 secs] 
62.446: Total time for which application threads were stopped: 0.0018250 seconds, Stopping threads took: 0.0000380 seconds
62.501: Application time: 0.0552890 seconds
62.502: [GC62.502: [ParNew: 246595K->1239K(275904K), 0.0013630 secs] 693598K->448323K(888836K), 0.0013960 secs] [Times: user=0.01 sys=0.00, real=0.00 secs] 
62.503: Total time for which application threads were stopped: 0.0018500 seconds, Stopping threads took: 0.0000530 seconds
62.558: Application time: 0.0546990 seconds
62.558: [GC62.558: [ParNew: 246487K->1295K(275904K), 0.0013620 secs] 693571K->448450K(888836K), 0.0013960 secs] [Times: user=0.01 sys=0.00, real=0.01 secs] 
62.559: Total time for which application threads were stopped: 0.0018560 seconds, Stopping threads took: 0.0000590 seconds
62.615: Application time: 0.0553770 seconds
62.615: [GC62.615: [ParNew: 246543K->1221K(275904K), 0.0014890 secs] 693698K->448449K(888836K), 0.0015210 secs] [Times: user=0.01 sys=0.00, real=0.00 secs] 
62.617: Total time for which application threads were stopped: 0.0019910 seconds, Stopping threads took: 0.0000560 seconds
62.673: Application time: 0.0560360 seconds
62.673: [GC62.673: [ParNew: 246469K->1339K(275904K), 0.0016870 secs] 693697K->448609K(888836K), 0.0017190 secs] [Times: user=0.01 sys=0.00, real=0.00 secs] 
62.675: Total time for which application threads were stopped: 0.0021740 seconds, Stopping threads took: 0.0000550 seconds
62.730: Application time: 0.0550780 seconds
62.731: [GC62.731: [ParNew: 246587K->1461K(275904K), 0.0013930 secs] 693857K->448795K(888836K), 0.0014370 secs] [Times: user=0.01 sys=0.00, real=0.00 secs] 
62.732: Total time for which application threads were stopped: 0.0018940 seconds, Stopping threads took: 0.0000530 seconds
62.787: Application time: 0.0552780 seconds
62.788: [GC62.788: [ParNew: 246709K->1275K(275904K), 0.0015370 secs] 694043K->448658K(888836K), 0.0015710 secs] [Times: user=0.00 sys=0.00, real=0.00 secs] 
62.789: Total time for which application threads were stopped: 0.0020200 seconds, Stopping threads took: 0.0000510 seconds
62.845: Application time: 0.0552780 seconds
62.845: [GC62.845: [ParNew: 246523K->1321K(275904K), 0.0014160 secs] 693906K->448802K(888836K), 0.0014510 secs] [Times: user=0.01 sys=0.00, real=0.00 secs] 
62.847: Total time for which application threads were stopped: 0.0018980 seconds, Stopping threads took: 0.0000470 seconds
62.902: Application time: 0.0554140 seconds
62.904: [GC62.904: [ParNew: 246569K->1358K(275904K), 0.0013940 secs] 694050K->448984K(888836K), 0.0014290 secs] [Times: user=0.01 sys=0.00, real=0.00 secs] 
62.905: Total time for which application threads were stopped: 0.0031590 seconds, Stopping threads took: 0.0013100 seconds
62.960: Application time: 0.0549040 seconds
62.960: [GC62.960: [ParNew: 246606K->1192K(275904K), 0.0015060 secs] 694232K->448910K(888836K), 0.0015400 secs] [Times: user=0.01 sys=0.00, real=0.00 secs] 
62.962: Total time for which application threads were stopped: 0.0019820 seconds, Stopping threads took: 0.0000490 seconds
63.018: Application time: 0.0556740 seconds
63.018: [GC63.018: [ParNew: 246440K->1317K(275904K), 0.0016120 secs] 694158K->449091K(888836K), 0.0016480 secs] [Times: user=0.01 sys=0.00, real=0.01 secs] 
63.020: Total time for which application threads were stopped: 0.0020940 seconds, Stopping threads took: 0.0000480 seconds
63.075: Application time: 0.0549220 seconds
63.076: [GC63.076: [ParNew: 246565K->1251K(275904K), 0.0014570 secs] 694339K->449077K(888836K), 0.0014900 secs] [Times: user=0.01 sys=0.00, real=0.00 secs] 
63.077: Total time for which application threads were stopped: 0.0024460 seconds, Stopping threads took: 0.0005620 seconds
63.133: Application time: 0.0554530 seconds
63.133: [GC63.133: [ParNew: 246499K->1459K(275904K), 0.0013890 secs] 694325K->449341K(888836K), 0.0014230 secs] [Times: user=0.01 sys=0.00, real=0.00 secs] 
63.134: Total time for which application threads were stopped: 0.0018530 seconds, Stopping threads took: 0.0000340 seconds
63.189: Application time: 0.0549440 seconds
63.192: [GC63.192: [ParNew: 246707K->1416K(275904K), 0.0014280 secs] 694589K->449398K(888836K), 0.0014630 secs] [Times: user=0.01 sys=0.00, real=0.00 secs] 
63.193: Total time for which application threads were stopped: 0.0037160 seconds, Stopping threads took: 0.0018550 seconds
63.250: Application time: 0.0564080 seconds
63.250: [GC63.250: [ParNew: 246664K->1570K(275904K), 0.0014330 secs] 694646K->449652K(888836K), 0.0014630 secs] [Times: user=0.01 sys=0.00, real=0.00 secs] 
63.251: Total time for which application threads were stopped: 0.0019100 seconds, Stopping threads took: 0.0000510 seconds
63.306: Application time: 0.0549300 seconds
63.308: [GC63.308: [ParNew: 246818K->1120K(275904K), 0.0013910 secs] 694900K->449298K(888836K), 0.0014270 secs] [Times: user=0.01 sys=0.00, real=0.00 secs] 
63.309: Total time for which application threads were stopped: 0.0027030 seconds, Stopping threads took: 0.0008830 seconds
63.365: Application time: 0.0556860 seconds
63.368: [GC63.368: [ParNew: 246368K->1374K(275904K), 0.0013950 secs] 694546K->449664K(888836K), 0.0014300 secs] [Times: user=0.01 sys=0.00, real=0.00 secs] 
63.369: Total time for which application threads were stopped: 0.0043210 seconds, Stopping threads took: 0.0024980 seconds
63.424: Application time: 0.0549360 seconds
63.425: [GC63.425: [ParNew: 246622K->1450K(275904K), 0.0013820 secs] 694912K->449795K(888836K), 0.0014160 secs] [Times: user=0.01 sys=0.00, real=0.00 secs] 
63.426: Total time for which application threads were stopped: 0.0019120 seconds, Stopping threads took: 0.0000760 seconds
63.481: Application time: 0.0548400 seconds
63.481: [GC63.481: [ParNew: 246698K->1462K(275904K), 0.0013590 secs] 695043K->449872K(888836K), 0.0014010 secs] [Times: user=0.01 sys=0.00, real=0.00 secs] 
63.483: Total time for which application threads were stopped: 0.0018520 seconds, Stopping threads took: 0.0000470 seconds
63.537: Application time: 0.0547730 seconds
63.538: [GC63.538: [ParNew: 246710K->1210K(275904K), 0.0014320 secs] 695120K->449684K(888836K), 0.0014670 secs] [Times: user=0.00 sys=0.00, real=0.01 secs] 
63.539: Total time for which application threads were stopped: 0.0019100 seconds, Stopping threads took: 0.0000440 seconds
63.594: Application time: 0.0548300 seconds
63.596: [GC63.596: [ParNew: 246458K->1376K(275904K), 0.0014770 secs] 694932K->449914K(888836K), 0.0015110 secs] [Times: user=0.01 sys=0.00, real=0.00 secs] 
63.597: Total time for which application threads were stopped: 0.0029970 seconds, Stopping threads took: 0.0010880 seconds
63.655: Application time: 0.0580530 seconds
63.656: [GC63.656: [ParNew: 246624K->1315K(275904K), 0.0014690 secs] 695162K->449919K(888836K), 0.0015040 secs] [Times: user=0.01 sys=0.00, real=0.00 secs] 
63.657: Total time for which application threads were stopped: 0.0019580 seconds, Stopping threads took: 0.0000550 seconds
63.712: Application time: 0.0552510 seconds
63.716: [GC63.716: [ParNew: 246563K->1681K(275904K), 0.0014480 secs] 695167K->450351K(888836K), 0.0014830 secs] [Times: user=0.01 sys=0.00, real=0.00 secs] 
63.717: Total time for which application threads were stopped: 0.0046990 seconds, Stopping threads took: 0.0028100 seconds
63.772: Application time: 0.0551950 seconds
63.773: [GC63.773: [ParNew: 246929K->1601K(275904K), 0.0014660 secs] 695599K->450367K(888836K), 0.0015010 secs] [Times: user=0.01 sys=0.00, real=0.00 secs] 
63.774: Total time for which application threads were stopped: 0.0019520 seconds, Stopping threads took: 0.0000510 seconds
63.830: Application time: 0.0552680 seconds
63.830: [GC63.830: [ParNew: 246849K->1631K(275904K), 0.0015630 secs] 695615K->450461K(888836K), 0.0016010 secs] [Times: user=0.01 sys=0.00, real=0.00 secs] 
63.832: Total time for which application threads were stopped: 0.0020250 seconds, Stopping threads took: 0.0000430 seconds
63.887: Application time: 0.0552240 seconds
63.887: [GC63.887: [ParNew: 246879K->1120K(275904K), 0.0015180 secs] 695709K->450141K(888836K), 0.0015530 secs] [Times: user=0.01 sys=0.00, real=0.00 secs] 
63.889: Total time for which application threads were stopped: 0.0020110 seconds, Stopping threads took: 0.0000500 seconds
63.944: Application time: 0.0552400 seconds
63.945: [GC63.945: [ParNew: 246368K->1235K(275904K), 0.0014790 secs] 695389K->450314K(888836K), 0.0015130 secs] [Times: user=0.01 sys=0.00, real=0.00 secs] 
63.946: Total time for which application threads were stopped: 0.0019790 seconds, Stopping threads took: 0.0000490 seconds
64.001: Application time: 0.0550990 seconds
64.002: [GC64.002: [ParNew: 246483K->1375K(275904K), 0.0014770 secs] 695562K->450511K(888836K), 0.0015100 secs] [Times: user=0.01 sys=0.00, real=0.00 secs] 
64.003: Total time for which application threads were stopped: 0.0019580 seconds, Stopping threads took: 0.0000520 seconds
64.058: Application time: 0.0550430 seconds
64.059: [GC64.059: [ParNew: 246623K->1430K(275904K), 0.0014950 secs] 695759K->450623K(888836K), 0.0015300 secs] [Times: user=0.01 sys=0.00, real=0.01 secs] 
64.060: Total time for which application threads were stopped: 0.0019750 seconds, Stopping threads took: 0.0000470 seconds
64.116: Application time: 0.0562870 seconds
64.117: [GC64.117: [ParNew: 246678K->1461K(275904K), 0.0014480 secs] 695871K->450727K(888836K), 0.0014840 secs] [Times: user=0.01 sys=0.00, real=0.00 secs] 
64.118: Total time for which application threads were stopped: 0.0019420 seconds, Stopping threads took: 0.0000650 seconds
64.173: Application time: 0.0549230 seconds
64.174: [GC64.174: [ParNew: 246709K->1262K(275904K), 0.0013910 secs] 695975K->450600K(888836K), 0.0014310 secs] [Times: user=0.01 sys=0.00, real=0.00 secs] 
64.175: Total time for which application threads were stopped: 0.0019050 seconds, Stopping threads took: 0.0000670 seconds
64.231: Application time: 0.0558310 seconds
64.231: [GC64.232: [ParNew: 246510K->1228K(275904K), 0.0013560 secs] 695848K->450667K(888836K), 0.0013840 secs] [Times: user=0.01 sys=0.00, real=0.00 secs] 
64.233: Total time for which application threads were stopped: 0.0018420 seconds, Stopping threads took: 0.0000510 seconds
64.289: Application time: 0.0556700 seconds
64.289: [GC64.289: [ParNew: 246476K->1258K(275904K), 0.0014110 secs] 695915K->450769K(888836K), 0.0014490 secs] [Times: user=0.01 sys=0.00, real=0.00 secs] 
64.290: Total time for which application threads were stopped: 0.0018910 seconds, Stopping threads took: 0.0000730 seconds
64.346: Application time: 0.0551970 seconds
64.346: [GC64.346: [ParNew: 246506K->1240K(275904K), 0.0013080 secs] 696017K->450806K(888836K), 0.0013440 secs] [Times: user=0.01 sys=0.00, real=0.01 secs] 
64.347: Total time for which application threads were stopped: 0.0017840 seconds, Stopping threads took: 0.0000440 seconds
64.402: Application time: 0.0547160 seconds
64.404: [GC64.404: [ParNew: 246488K->1423K(275904K), 0.0013280 secs] 696054K->451046K(888836K), 0.0013630 secs] [Times: user=0.01 sys=0.00, real=0.00 secs] 
64.405: Total time for which application threads were stopped: 0.0028630 seconds, Stopping threads took: 0.0011000 seconds
64.460: Application time: 0.0548770 seconds
64.464: [GC64.464: [ParNew: 246671K->1291K(275904K), 0.0013910 secs] 696294K->450969K(888836K), 0.0014250 secs] [Times: user=0.01 sys=0.00, real=0.00 secs] 
64.465: Total time for which application threads were stopped: 0.0051880 seconds, Stopping threads took: 0.0033480 seconds
64.520: Application time: 0.0548980 seconds
64.520: [GC64.520: [ParNew: 246539K->1507K(275904K), 0.0014470 secs] 696217K->451241K(888836K), 0.0014820 secs] [Times: user=0.01 sys=0.00, real=0.00 secs] 
64.522: Total time for which application threads were stopped: 0.0019340 seconds, Stopping threads took: 0.0000560 seconds
64.577: Application time: 0.0547750 seconds
64.577: [GC64.577: [ParNew: 246755K->1553K(275904K), 0.0013620 secs] 696489K->451345K(888836K), 0.0013990 secs] [Times: user=0.01 sys=0.00, real=0.00 secs] 
64.579: Total time for which application threads were stopped: 0.0018500 seconds, Stopping threads took: 0.0000510 seconds
64.634: Application time: 0.0550570 seconds
64.634: [GC64.634: [ParNew: 246801K->1393K(275904K), 0.0014270 secs] 696593K->451253K(888836K), 0.0014640 secs] [Times: user=0.01 sys=0.00, real=0.00 secs] 
64.636: Total time for which application threads were stopped: 0.0019110 seconds, Stopping threads took: 0.0000470 seconds
64.690: Application time: 0.0549200 seconds
64.691: [GC64.691: [ParNew: 246294K->1562K(275904K), 0.0014720 secs] 696155K->451472K(888836K), 0.0015080 secs] [Times: user=0.01 sys=0.00, real=0.00 secs] 
64.692: Total time for which application threads were stopped: 0.0019560 seconds, Stopping threads took: 0.0000520 seconds
64.748: Application time: 0.0552540 seconds
64.748: [GC64.748: [ParNew: 246810K->1585K(275904K), 0.0015050 secs] 696720K->451591K(888836K), 0.0015410 secs] [Times: user=0.01 sys=0.00, real=0.00 secs] 
64.750: Total time for which application threads were stopped: 0.0019880 seconds, Stopping threads took: 0.0000450 seconds
64.807: Application time: 0.0573860 seconds
64.808: [GC64.808: [ParNew: 246833K->1433K(275904K), 0.0015100 secs] 696839K->451580K(888836K), 0.0015440 secs] [Times: user=0.01 sys=0.00, real=0.00 secs] 
64.809: Total time for which application threads were stopped: 0.0020240 seconds, Stopping threads took: 0.0000510 seconds
64.864: Application time: 0.0550200 seconds
64.868: [GC64.868: [ParNew: 246681K->1456K(275904K), 0.0014670 secs] 696828K->451698K(888836K), 0.0015020 secs] [Times: user=0.01 sys=0.00, real=0.00 secs] 
64.869: Total time for which application threads were stopped: 0.0050680 seconds, Stopping threads took: 0.0031750 seconds
64.899: Application time: 0.0296360 seconds
64.904: Total time for which application threads were stopped: 0.0048290 seconds, Stopping threads took: 0.0044650 seconds
64.930: Application time: 0.0258880 seconds
64.930: [GC64.930: [ParNew: 246704K->1411K(275904K), 0.0014340 secs] 696946K->451717K(888836K), 0.0014790 secs] [Times: user=0.01 sys=0.00, real=0.00 secs] 
64.932: Total time for which application threads were stopped: 0.0019510 seconds, Stopping threads took: 0.0000870 seconds
64.986: Application time: 0.0549710 seconds
64.987: [GC64.987: [ParNew: 246659K->1409K(275904K), 0.0013950 secs] 696965K->451812K(888836K), 0.0014310 secs] [Times: user=0.01 sys=0.00, real=0.01 secs] 
64.988: Total time for which application threads were stopped: 0.0019130 seconds, Stopping threads took: 0.0000570 seconds
65.045: Application time: 0.0564500 seconds
65.045: [GC65.045: [ParNew: 246657K->1503K(275904K), 0.0013870 secs] 697060K->451969K(888836K), 0.0014230 secs] [Times: user=0.01 sys=0.00, real=0.00 secs] 
65.047: Total time for which application threads were stopped: 0.0018940 seconds, Stopping threads took: 0.0000510 seconds
65.102: Application time: 0.0552820 seconds
65.102: [GC65.102: [ParNew: 246751K->1488K(275904K), 0.0013740 secs] 697217K->452010K(888836K), 0.0014120 secs] [Times: user=0.01 sys=0.00, real=0.00 secs] 
65.104: Total time for which application threads were stopped: 0.0018760 seconds, Stopping threads took: 0.0000650 seconds
65.159: Application time: 0.0555760 seconds
65.160: [GC65.160: [ParNew: 246736K->1147K(275904K), 0.0012860 secs] 697258K->451757K(888836K), 0.0013200 secs] [Times: user=0.01 sys=0.00, real=0.00 secs] 
65.161: Total time for which application threads were stopped: 0.0017870 seconds, Stopping threads took: 0.0000640 seconds
65.217: Application time: 0.0558050 seconds
65.218: [GC65.218: [ParNew: 246395K->1408K(275904K), 0.0014560 secs] 697005K->452059K(888836K), 0.0014910 secs] [Times: user=0.01 sys=0.01, real=0.00 secs] 
65.219: Total time for which application threads were stopped: 0.0019560 seconds, Stopping threads took: 0.0000530 seconds
65.274: Application time: 0.0550940 seconds
65.275: [GC65.275: [ParNew: 246656K->1282K(275904K), 0.0013530 secs] 697307K->451973K(888836K), 0.0013880 secs] [Times: user=0.01 sys=0.00, real=0.00 secs] 
65.276: Total time for which application threads were stopped: 0.0018430 seconds, Stopping threads took: 0.0000560 seconds
65.331: Application time: 0.0550240 seconds
65.331: [GC65.331: [ParNew: 246530K->1268K(275904K), 0.0013190 secs] 697221K->452015K(888836K), 0.0013550 secs] [Times: user=0.01 sys=0.00, real=0.00 secs] 
65.333: Total time for which application threads were stopped: 0.0018240 seconds, Stopping threads took: 0.0000570 seconds
65.388: Application time: 0.0550550 seconds
65.392: [GC65.392: [ParNew: 246516K->1284K(275904K), 0.0013400 secs] 697263K->452079K(888836K), 0.0013750 secs] [Times: user=0.01 sys=0.00, real=0.00 secs] 
65.393: Total time for which application threads were stopped: 0.0051470 seconds, Stopping threads took: 0.0033710 seconds
65.448: Application time: 0.0550650 seconds
65.452: [GC65.452: [ParNew: 246532K->1549K(275904K), 0.0013910 secs] 697327K->452391K(888836K), 0.0014270 secs] [Times: user=0.01 sys=0.00, real=0.00 secs] 
65.453: Total time for which application threads were stopped: 0.0049950 seconds, Stopping threads took: 0.0031720 seconds
65.508: Application time: 0.0544920 seconds
65.508: [GC65.508: [ParNew: 246797K->1547K(275904K), 0.0013700 secs] 697639K->452430K(888836K), 0.0014060 secs] [Times: user=0.01 sys=0.00, real=0.00 secs] 
65.509: Total time for which application threads were stopped: 0.0018640 seconds, Stopping threads took: 0.0000490 seconds
65.565: Application time: 0.0551620 seconds
65.565: [GC65.565: [ParNew: 246795K->1550K(275904K), 0.0014750 secs] 697678K->452481K(888836K), 0.0015100 secs] [Times: user=0.01 sys=0.00, real=0.00 secs] 
65.567: Total time for which application threads were stopped: 0.0019580 seconds, Stopping threads took: 0.0000510 seconds
65.622: Application time: 0.0552380 seconds
65.624: [GC65.624: [ParNew: 246798K->1730K(275904K), 0.0014850 secs] 697729K->452729K(888836K), 0.0015290 secs] [Times: user=0.01 sys=0.00, real=0.00 secs] 
65.625: Total time for which application threads were stopped: 0.0033520 seconds, Stopping threads took: 0.0014300 seconds
65.680: Application time: 0.0551060 seconds
65.684: [GC65.684: [ParNew: 246978K->1367K(275904K), 0.0015100 secs] 697977K->452431K(888836K), 0.0015440 secs] [Times: user=0.01 sys=0.00, real=0.00 secs] 
65.685: Total time for which application threads were stopped: 0.0049000 seconds, Stopping threads took: 0.0029610 seconds
65.741: Application time: 0.0553940 seconds
65.744: [GC65.744: [ParNew: 246615K->1517K(275904K), 0.0014390 secs] 697679K->452782K(888836K), 0.0014720 secs] [Times: user=0.01 sys=0.00, real=0.00 secs] 
65.745: Total time for which application threads were stopped: 0.0045320 seconds, Stopping threads took: 0.0026640 seconds
65.801: Application time: 0.0557560 seconds
65.808: [GC65.808: [ParNew: 246765K->1416K(275904K), 0.0014730 secs] 698030K->452868K(888836K), 0.0015110 secs] [Times: user=0.01 sys=0.00, real=0.00 secs] 
65.809: Total time for which application threads were stopped: 0.0083260 seconds, Stopping threads took: 0.0064200 seconds
65.864: Application time: 0.0551650 seconds
65.868: [GC65.868: [ParNew: 246664K->1144K(275904K), 0.0013840 secs] 698116K->452668K(888836K), 0.0014180 secs] [Times: user=0.01 sys=0.00, real=0.00 secs] 
65.869: Total time for which application threads were stopped: 0.0046930 seconds, Stopping threads took: 0.0028760 seconds
65.927: Application time: 0.0579660 seconds
65.928: [GC65.928: [ParNew: 246392K->1466K(275904K), 0.0014630 secs] 697916K->453110K(888836K), 0.0015020 secs] [Times: user=0.00 sys=0.00, real=0.00 secs] 
65.929: Total time for which application threads were stopped: 0.0019820 seconds, Stopping threads took: 0.0000790 seconds
65.984: Application time: 0.0550080 seconds
65.984: [GC65.985: [ParNew: 246714K->1493K(275904K), 0.0013960 secs] 698358K->453202K(888836K), 0.0014320 secs] [Times: user=0.01 sys=0.00, real=0.00 secs] 
65.986: Total time for which application threads were stopped: 0.0018810 seconds, Stopping threads took: 0.0000560 seconds
66.041: Application time: 0.0547630 seconds
66.041: Total time for which application threads were stopped: 0.0004680 seconds, Stopping threads took: 0.0000540 seconds
66.041: Application time: 0.0000360 seconds
66.041: [GC66.041: [ParNew: 246741K->1368K(275904K), 0.0013740 secs] 698450K->453205K(888836K), 0.0014020 secs] [Times: user=0.01 sys=0.00, real=0.00 secs] 
66.043: Total time for which application threads were stopped: 0.0015410 seconds, Stopping threads took: 0.0000290 seconds
66.100: Application time: 0.0569390 seconds
66.100: [GC66.100: [ParNew: 246616K->1396K(275904K), 0.0013700 secs] 698453K->453313K(888836K), 0.0013970 secs] [Times: user=0.01 sys=0.00, real=0.00 secs] 
66.102: Total time for which application threads were stopped: 0.0018880 seconds, Stopping threads took: 0.0000130 seconds
66.157: Application time: 0.0558020 seconds
66.158: [GC66.158: [ParNew: 246644K->1424K(275904K), 0.0013710 secs] 698561K->453405K(888836K), 0.0014070 secs] [Times: user=0.00 sys=0.00, real=0.01 secs] 
66.159: Total time for which application threads were stopped: 0.0018600 seconds, Stopping threads took: 0.0000480 seconds
66.215: Application time: 0.0559320 seconds
66.216: [GC66.216: [ParNew: 246672K->1493K(275904K), 0.0015450 secs] 698653K->453530K(888836K), 0.0015770 secs] [Times: user=0.01 sys=0.00, real=0.00 secs] 
66.217: Total time for which application threads were stopped: 0.0020500 seconds, Stopping threads took: 0.0000730 seconds
66.273: Application time: 0.0559630 seconds
66.274: [GC66.274: [ParNew: 246741K->1543K(275904K), 0.0015280 secs] 698778K->453644K(888836K), 0.0015640 secs] [Times: user=0.02 sys=0.00, real=0.00 secs] 
66.275: Total time for which application threads were stopped: 0.0019790 seconds, Stopping threads took: 0.0000540 seconds
66.330: Application time: 0.0544090 seconds
66.330: [GC66.330: [ParNew: 246791K->1500K(275904K), 0.0015240 secs] 698892K->453657K(888836K), 0.0015690 secs] [Times: user=0.01 sys=0.00, real=0.00 secs] 
66.332: Total time for which application threads were stopped: 0.0020230 seconds, Stopping threads took: 0.0000560 seconds
66.386: Application time: 0.0546930 seconds
66.388: [GC66.388: [ParNew: 246748K->1424K(275904K), 0.0015520 secs] 698905K->453637K(888836K), 0.0015860 secs] [Times: user=0.01 sys=0.00, real=0.00 secs] 
66.389: Total time for which application threads were stopped: 0.0029290 seconds, Stopping threads took: 0.0009450 seconds
66.444: Application time: 0.0545440 seconds
66.444: [GC66.444: [ParNew: 246672K->1669K(275904K), 0.0014260 secs] 698885K->453946K(888836K), 0.0014600 secs] [Times: user=0.01 sys=0.00, real=0.00 secs] 
66.446: Total time for which application threads were stopped: 0.0019180 seconds, Stopping threads took: 0.0000570 seconds
66.500: Application time: 0.0546510 seconds
66.501: [GC66.501: [ParNew: 246917K->1697K(275904K), 0.0014310 secs] 699194K->454038K(888836K), 0.0014660 secs] [Times: user=0.01 sys=0.00, real=0.00 secs] 
66.502: Total time for which application threads were stopped: 0.0019130 seconds, Stopping threads took: 0.0000500 seconds
66.557: Application time: 0.0550330 seconds
66.558: [GC66.558: [ParNew: 246945K->1708K(275904K), 0.0014680 secs] 699286K->454115K(888836K), 0.0015050 secs] [Times: user=0.01 sys=0.00, real=0.01 secs] 
66.559: Total time for which application threads were stopped: 0.0019710 seconds, Stopping threads took: 0.0000480 seconds
66.614: Application time: 0.0548320 seconds
66.615: [GC66.615: [ParNew: 246956K->1946K(275904K), 0.0014560 secs] 699363K->454413K(888836K), 0.0014910 secs] [Times: user=0.01 sys=0.00, real=0.00 secs] 
66.616: Total time for which application threads were stopped: 0.0019590 seconds, Stopping threads took: 0.0000690 seconds
66.671: Application time: 0.0549010 seconds
66.671: [GC66.671: [ParNew: 247194K->1307K(275904K), 0.0015480 secs] 699661K->453870K(888836K), 0.0015850 secs] [Times: user=0.01 sys=0.00, real=0.00 secs] 
66.673: Total time for which application threads were stopped: 0.0020410 seconds, Stopping threads took: 0.0000460 seconds
66.730: Application time: 0.0566660 seconds
66.730: [GC66.730: [ParNew: 246555K->1558K(275904K), 0.0014490 secs] 699118K->454185K(888836K), 0.0014850 secs] [Times: user=0.01 sys=0.00, real=0.00 secs] 
66.732: Total time for which application threads were stopped: 0.0019270 seconds, Stopping threads took: 0.0000410 seconds
66.787: Application time: 0.0554880 seconds
66.792: [GC66.792: [ParNew: 246806K->1368K(275904K), 0.0014810 secs] 699433K->454328K(888836K), 0.0015160 secs] [Times: user=0.01 sys=0.00, real=0.00 secs] 
66.793: Total time for which application threads were stopped: 0.0060510 seconds, Stopping threads took: 0.0041400 seconds
66.849: Application time: 0.0562370 seconds
66.850: [GC66.850: [ParNew: 246616K->1352K(275904K), 0.0014150 secs] 699576K->454416K(888836K), 0.0014500 secs] [Times: user=0.01 sys=0.00, real=0.00 secs] 
66.851: Total time for which application threads were stopped: 0.0019150 seconds, Stopping threads took: 0.0000660 seconds
66.906: Application time: 0.0550910 seconds
66.908: [GC66.908: [ParNew: 246600K->1215K(275904K), 0.0014200 secs] 699664K->454343K(888836K), 0.0014580 secs] [Times: user=0.01 sys=0.00, real=0.00 secs] 
66.909: Total time for which application threads were stopped: 0.0026670 seconds, Stopping threads took: 0.0008310 seconds
66.964: Application time: 0.0552810 seconds
66.965: [GC66.965: [ParNew: 246463K->1269K(275904K), 0.0013680 secs] 699591K->454505K(888836K), 0.0014010 secs] [Times: user=0.01 sys=0.00, real=0.00 secs] 
66.966: Total time for which application threads were stopped: 0.0018510 seconds, Stopping threads took: 0.0000550 seconds
67.022: Application time: 0.0552980 seconds
67.022: [GC67.022: [ParNew: 246517K->1226K(275904K), 0.0013560 secs] 699753K->454526K(888836K), 0.0013900 secs] [Times: user=0.01 sys=0.00, real=0.00 secs] 
67.023: Total time for which application threads were stopped: 0.0018430 seconds, Stopping threads took: 0.0000510 seconds
67.079: Application time: 0.0557450 seconds
67.080: [GC67.080: [ParNew: 246474K->1344K(275904K), 0.0013590 secs] 699774K->454708K(888836K), 0.0014010 secs] [Times: user=0.01 sys=0.00, real=0.00 secs] 
67.081: Total time for which application threads were stopped: 0.0018760 seconds, Stopping threads took: 0.0000490 seconds
67.136: Application time: 0.0554860 seconds
67.137: [GC67.137: [ParNew: 246592K->1273K(275904K), 0.0013610 secs] 699956K->454702K(888836K), 0.0013950 secs] [Times: user=0.01 sys=0.00, real=0.00 secs] 
67.138: Total time for which application threads were stopped: 0.0018750 seconds, Stopping threads took: 0.0000770 seconds
67.193: Application time: 0.0548480 seconds
67.196: [GC67.196: [ParNew: 246521K->1203K(275904K), 0.0017130 secs] 699950K->454687K(888836K), 0.0017510 secs] [Times: user=0.01 sys=0.00, real=0.00 secs] 
67.198: Total time for which application threads were stopped: 0.0042900 seconds, Stopping threads took: 0.0020320 seconds
67.253: Application time: 0.0551050 seconds
67.253: [GC67.253: [ParNew: 246451K->1233K(275904K), 0.0016320 secs] 699935K->454765K(888836K), 0.0016680 secs] [Times: user=0.00 sys=0.00, real=0.00 secs] 
67.255: Total time for which application threads were stopped: 0.0021230 seconds, Stopping threads took: 0.0000600 seconds
67.310: Application time: 0.0550030 seconds
67.310: [GC67.310: [ParNew: 246481K->1594K(275904K), 0.0014000 secs] 700013K->455190K(888836K), 0.0014380 secs] [Times: user=0.02 sys=0.00, real=0.00 secs] 
67.312: Total time for which application threads were stopped: 0.0018910 seconds, Stopping threads took: 0.0000510 seconds
67.366: Application time: 0.0546770 seconds
67.368: [GC67.368: [ParNew: 246842K->1264K(275904K), 0.0013520 secs] 700438K->454908K(888836K), 0.0013860 secs] [Times: user=0.01 sys=0.00, real=0.00 secs] 
67.369: Total time for which application threads were stopped: 0.0027180 seconds, Stopping threads took: 0.0009280 seconds
67.424: Application time: 0.0553820 seconds
67.425: [GC67.425: [ParNew: 246512K->1442K(275904K), 0.0013910 secs] 700156K->455150K(888836K), 0.0014260 secs] [Times: user=0.01 sys=0.01, real=0.00 secs] 
67.426: Total time for which application threads were stopped: 0.0018740 seconds, Stopping threads took: 0.0000500 seconds
67.481: Application time: 0.0547880 seconds
67.484: [GC67.484: [ParNew: 246690K->1608K(275904K), 0.0013620 secs] 700398K->455380K(888836K), 0.0013970 secs] [Times: user=0.01 sys=0.00, real=0.00 secs] 
67.485: Total time for which application threads were stopped: 0.0039410 seconds, Stopping threads took: 0.0021490 seconds
67.540: Application time: 0.0552980 seconds
67.541: [GC67.541: [ParNew: 246856K->1605K(275904K), 0.0014780 secs] 700628K->455444K(888836K), 0.0015120 secs] [Times: user=0.01 sys=0.00, real=0.00 secs] 
67.542: Total time for which application threads were stopped: 0.0019610 seconds, Stopping threads took: 0.0000460 seconds
67.597: Application time: 0.0550070 seconds
67.598: [GC67.598: [ParNew: 246853K->1637K(275904K), 0.0014910 secs] 700692K->455539K(888836K), 0.0015270 secs] [Times: user=0.01 sys=0.00, real=0.01 secs] 
67.599: Total time for which application threads were stopped: 0.0020030 seconds, Stopping threads took: 0.0000590 seconds
67.654: Application time: 0.0551400 seconds
67.656: [GC67.656: [ParNew: 246885K->1566K(275904K), 0.0014690 secs] 700787K->455577K(888836K), 0.0015040 secs] [Times: user=0.01 sys=0.00, real=0.00 secs] 
67.657: Total time for which application threads were stopped: 0.0026830 seconds, Stopping threads took: 0.0007780 seconds
67.714: Application time: 0.0571150 seconds
67.715: [GC67.715: [ParNew: 246814K->1295K(275904K), 0.0014400 secs] 700825K->455518K(888836K), 0.0014770 secs] [Times: user=0.01 sys=0.00, real=0.00 secs] 
67.716: Total time for which application threads were stopped: 0.0019300 seconds, Stopping threads took: 0.0000610 seconds
67.771: Application time: 0.0552360 seconds
67.772: [GC67.772: [ParNew: 246543K->1118K(275904K), 0.0013400 secs] 700766K->455429K(888836K), 0.0013730 secs] [Times: user=0.01 sys=0.00, real=0.00 secs] 
67.773: Total time for which application threads were stopped: 0.0018180 seconds, Stopping threads took: 0.0000450 seconds
67.829: Application time: 0.0556220 seconds
67.832: [GC67.832: [ParNew: 246366K->1139K(275904K), 0.0013640 secs] 700677K->455542K(888836K), 0.0013970 secs] [Times: user=0.01 sys=0.00, real=0.00 secs] 
67.833: Total time for which application threads were stopped: 0.0041640 seconds, Stopping threads took: 0.0023660 seconds
67.890: Application time: 0.0566440 seconds
67.892: [GC67.892: [ParNew: 246387K->1104K(275904K), 0.0013180 secs] 700790K->455579K(888836K), 0.0013520 secs] [Times: user=0.01 sys=0.00, real=0.00 secs] 
67.893: Total time for which application threads were stopped: 0.0032840 seconds, Stopping threads took: 0.0015440 seconds
67.948: Application time: 0.0553420 seconds
67.949: [GC67.949: [ParNew: 246352K->1256K(275904K), 0.0013480 secs] 700827K->455787K(888836K), 0.0013810 secs] [Times: user=0.01 sys=0.00, real=0.00 secs] 
67.950: Total time for which application threads were stopped: 0.0018290 seconds, Stopping threads took: 0.0000500 seconds
68.006: Application time: 0.0557500 seconds
68.006: [GC68.006: [ParNew: 246504K->1286K(275904K), 0.0013300 secs] 701035K->455850K(888836K), 0.0013640 secs] [Times: user=0.01 sys=0.00, real=0.01 secs] 
68.008: Total time for which application threads were stopped: 0.0018270 seconds, Stopping threads took: 0.0000590 seconds
68.063: Application time: 0.0553240 seconds
68.064: [GC68.064: [ParNew: 246534K->1282K(275904K), 0.0014080 secs] 701098K->455893K(888836K), 0.0014420 secs] [Times: user=0.01 sys=0.00, real=0.00 secs] 
68.065: Total time for which application threads were stopped: 0.0019110 seconds, Stopping threads took: 0.0000550 seconds
68.120: Application time: 0.0552790 seconds
68.121: [GC68.121: [ParNew: 246530K->1280K(275904K), 0.0013450 secs] 701141K->455956K(888836K), 0.0013800 secs] [Times: user=0.01 sys=0.00, real=0.00 secs] 
68.122: Total time for which application threads were stopped: 0.0018520 seconds, Stopping threads took: 0.0000470 seconds
68.177: Application time: 0.0550320 seconds
68.180: [GC68.180: [ParNew: 246528K->1358K(275904K), 0.0013330 secs] 701204K->456073K(888836K), 0.0013670 secs] [Times: user=0.01 sys=0.00, real=0.00 secs] 
68.181: Total time for which application threads were stopped: 0.0038580 seconds, Stopping threads took: 0.0020930 seconds
68.236: Application time: 0.0553140 seconds
68.240: [GC68.240: [ParNew: 246606K->1338K(275904K), 0.0014030 secs] 701321K->456117K(888836K), 0.0014380 secs] [Times: user=0.01 sys=0.00, real=0.00 secs] 
68.241: Total time for which application threads were stopped: 0.0047490 seconds, Stopping threads took: 0.0029120 seconds
68.296: Application time: 0.0546070 seconds
68.296: [GC68.296: [ParNew: 246586K->1310K(275904K), 0.0013620 secs] 701365K->456138K(888836K), 0.0013960 secs] [Times: user=0.01 sys=0.00, real=0.00 secs] 
68.298: Total time for which application threads were stopped: 0.0018510 seconds, Stopping threads took: 0.0000500 seconds
68.352: Application time: 0.0546990 seconds
68.353: [GC68.353: [ParNew: 246558K->1348K(275904K), 0.0015910 secs] 701386K->456208K(888836K), 0.0016260 secs] [Times: user=0.00 sys=0.00, real=0.00 secs] 
68.354: Total time for which application threads were stopped: 0.0020750 seconds, Stopping threads took: 0.0000460 seconds
68.409: Application time: 0.0548140 seconds
68.410: [GC68.410: [ParNew: 246596K->1462K(275904K), 0.0013840 secs] 701456K->456369K(888836K), 0.0014210 secs] [Times: user=0.01 sys=0.01, real=0.00 secs] 
68.411: Total time for which application threads were stopped: 0.0018700 seconds, Stopping threads took: 0.0000440 seconds
68.466: Application time: 0.0550080 seconds
68.468: [GC68.468: [ParNew: 246710K->1358K(275904K), 0.0014770 secs] 701617K->456332K(888836K), 0.0015140 secs] [Times: user=0.01 sys=0.00, real=0.00 secs] 
68.469: Total time for which application threads were stopped: 0.0031340 seconds, Stopping threads took: 0.0012140 seconds
68.524: Application time: 0.0548200 seconds
68.524: [GC68.524: [ParNew: 246606K->1396K(275904K), 0.0015210 secs] 701580K->456427K(888836K), 0.0015640 secs] [Times: user=0.01 sys=0.00, real=0.00 secs] 
68.526: Total time for which application threads were stopped: 0.0020140 seconds, Stopping threads took: 0.0000490 seconds
68.581: Application time: 0.0548530 seconds
68.581: [GC68.581: [ParNew: 246644K->1131K(275904K), 0.0015000 secs] 701675K->456290K(888836K), 0.0015360 secs] [Times: user=0.01 sys=0.00, real=0.00 secs] 
68.583: Total time for which application threads were stopped: 0.0019880 seconds, Stopping threads took: 0.0000550 seconds
68.638: Application time: 0.0552260 seconds
68.639: [GC68.639: [ParNew: 246249K->1445K(275904K), 0.0014800 secs] 701409K->456701K(888836K), 0.0015170 secs] [Times: user=0.01 sys=0.00, real=0.01 secs] 
68.640: Total time for which application threads were stopped: 0.0020110 seconds, Stopping threads took: 0.0000760 seconds
68.696: Application time: 0.0559110 seconds
68.696: [GC68.696: [ParNew: 246693K->1323K(275904K), 0.0013860 secs] 701949K->456780K(888836K), 0.0014210 secs] [Times: user=0.01 sys=0.00, real=0.00 secs] 
68.698: Total time for which application threads were stopped: 0.0018820 seconds, Stopping threads took: 0.0000580 seconds
68.754: Application time: 0.0559360 seconds
68.756: [GC68.756: [ParNew: 246571K->1119K(275904K), 0.0013340 secs] 702028K->456689K(888836K), 0.0013670 secs] [Times: user=0.01 sys=0.00, real=0.00 secs] 
68.757: Total time for which application threads were stopped: 0.0031800 seconds, Stopping threads took: 0.0014230 seconds
68.812: Application time: 0.0550570 seconds
68.813: [GC68.813: [ParNew: 246367K->1119K(275904K), 0.0013490 secs] 701937K->456752K(888836K), 0.0013830 secs] [Times: user=0.01 sys=0.00, real=0.00 secs] 
68.814: Total time for which application threads were stopped: 0.0018310 seconds, Stopping threads took: 0.0000480 seconds
68.869: Application time: 0.0549840 seconds
68.872: [GC68.872: [ParNew: 246367K->1304K(275904K), 0.0013300 secs] 702000K->457002K(888836K), 0.0013620 secs] [Times: user=0.00 sys=0.00, real=0.00 secs] 
68.873: Total time for which application threads were stopped: 0.0041200 seconds, Stopping threads took: 0.0023530 seconds
68.928: Application time: 0.0551350 seconds
68.932: [GC68.932: [ParNew: 246552K->1401K(275904K), 0.0014250 secs] 702250K->457162K(888836K), 0.0014610 secs] [Times: user=0.01 sys=0.00, real=0.00 secs] 
68.933: Total time for which application threads were stopped: 0.0049140 seconds, Stopping threads took: 0.0030850 seconds
68.988: Application time: 0.0550860 seconds
68.992: [GC68.992: [ParNew: 246649K->1100K(275904K), 0.0014950 secs] 702410K->456918K(888836K), 0.0015300 secs] [Times: user=0.01 sys=0.00, real=0.00 secs] 
68.993: Total time for which application threads were stopped: 0.0049770 seconds, Stopping threads took: 0.0030830 seconds
69.048: Application time: 0.0551020 seconds
69.049: [GC69.049: [ParNew: 246348K->1414K(275904K), 0.0013470 secs] 702166K->457295K(888836K), 0.0013830 secs] [Times: user=0.01 sys=0.01, real=0.00 secs] 
69.050: Total time for which application threads were stopped: 0.0018250 seconds, Stopping threads took: 0.0000390 seconds
69.105: Application time: 0.0546610 seconds
69.105: [GC69.105: [ParNew: 246662K->1492K(275904K), 0.0013490 secs] 702543K->457438K(888836K), 0.0013850 secs] [Times: user=0.01 sys=0.00, real=0.00 secs] 
69.107: Total time for which application threads were stopped: 0.0018390 seconds, Stopping threads took: 0.0000500 seconds
69.161: Application time: 0.0546190 seconds
69.164: [GC69.164: [ParNew: 246740K->1349K(275904K), 0.0014780 secs] 702686K->457350K(888836K), 0.0015110 secs] [Times: user=0.01 sys=0.00, real=0.00 secs] 
69.165: Total time for which application threads were stopped: 0.0039770 seconds, Stopping threads took: 0.0020400 seconds
69.221: Application time: 0.0554630 seconds
69.224: [GC69.224: [ParNew: 246597K->1612K(275904K), 0.0013550 secs] 702598K->457669K(888836K), 0.0013880 secs] [Times: user=0.01 sys=0.00, real=0.00 secs] 
69.225: Total time for which application threads were stopped: 0.0043920 seconds, Stopping threads took: 0.0026040 seconds
69.280: Application time: 0.0547470 seconds
69.280: [GC69.280: [ParNew: 246860K->1291K(275904K), 0.0014090 secs] 702917K->457405K(888836K), 0.0014510 secs] [Times: user=0.01 sys=0.00, real=0.00 secs] 
69.282: Total time for which application threads were stopped: 0.0019060 seconds, Stopping threads took: 0.0000480 seconds
69.336: Application time: 0.0547570 seconds
69.337: [GC69.337: [ParNew: 246539K->1194K(275904K), 0.0015310 secs] 702653K->457356K(888836K), 0.0015670 secs] [Times: user=0.01 sys=0.00, real=0.00 secs] 
69.339: Total time for which application threads were stopped: 0.0020220 seconds, Stopping threads took: 0.0000520 seconds
69.393: Application time: 0.0548010 seconds
69.394: [GC69.394: [ParNew: 246442K->1592K(275904K), 0.0014200 secs] 702604K->457817K(888836K), 0.0014550 secs] [Times: user=0.01 sys=0.00, real=0.00 secs] 
69.395: Total time for which application threads were stopped: 0.0019180 seconds, Stopping threads took: 0.0000490 seconds
69.451: Application time: 0.0555540 seconds
69.452: [GC69.452: [ParNew: 246840K->1493K(275904K), 0.0015520 secs] 703065K->457777K(888836K), 0.0015860 secs] [Times: user=0.01 sys=0.00, real=0.00 secs] 
69.453: Total time for which application threads were stopped: 0.0024810 seconds, Stopping threads took: 0.0004930 seconds
69.509: Application time: 0.0555010 seconds
69.509: [GC69.509: [ParNew: 246741K->1576K(275904K), 0.0014910 secs] 703025K->457976K(888836K), 0.0015240 secs] [Times: user=0.01 sys=0.00, real=0.00 secs] 
69.511: Total time for which application threads were stopped: 0.0019530 seconds, Stopping threads took: 0.0000310 seconds
69.567: Application time: 0.0560330 seconds
69.568: [GC69.568: [ParNew: 246824K->1283K(275904K), 0.0015540 secs] 703224K->457803K(888836K), 0.0015870 secs] [Times: user=0.01 sys=0.00, real=0.00 secs] 
69.569: Total time for which application threads were stopped: 0.0024990 seconds, Stopping threads took: 0.0005080 seconds
69.625: Application time: 0.0554330 seconds
69.628: [GC69.628: [ParNew: 246531K->1300K(275904K), 0.0015820 secs] 703051K->458004K(888836K), 0.0016160 secs] [Times: user=0.01 sys=0.00, real=0.00 secs] 
69.629: Total time for which application threads were stopped: 0.0045480 seconds, Stopping threads took: 0.0025660 seconds
69.686: Application time: 0.0568390 seconds
69.688: [GC69.688: [ParNew: 246548K->1071K(275904K), 0.0013690 secs] 703252K->457901K(888836K), 0.0013990 secs] [Times: user=0.00 sys=0.00, real=0.00 secs] 
69.689: Total time for which application threads were stopped: 0.0030050 seconds, Stopping threads took: 0.0011940 seconds
69.746: Application time: 0.0573850 seconds
69.747: [GC69.747: [ParNew: 246319K->1038K(275904K), 0.0013460 secs] 703149K->457932K(888836K), 0.0013800 secs] [Times: user=0.01 sys=0.00, real=0.01 secs] 
69.748: Total time for which application threads were stopped: 0.0018420 seconds, Stopping threads took: 0.0000590 seconds
69.804: Application time: 0.0554050 seconds
69.808: [GC69.808: [ParNew: 246286K->1176K(275904K), 0.0014410 secs] 703180K->458134K(888836K), 0.0014750 secs] [Times: user=0.01 sys=0.00, real=0.00 secs] 
69.809: Total time for which application threads were stopped: 0.0053690 seconds, Stopping threads took: 0.0035330 seconds
69.864: Application time: 0.0550230 seconds
69.865: [GC69.865: [ParNew: 246424K->1178K(275904K), 0.0014290 secs] 703382K->458192K(888836K), 0.0014650 secs] [Times: user=0.01 sys=0.00, real=0.00 secs] 
69.866: Total time for which application threads were stopped: 0.0018960 seconds, Stopping threads took: 0.0000720 seconds
69.921: Application time: 0.0547330 seconds
69.924: [GC69.924: [ParNew: 246426K->1213K(275904K), 0.0013370 secs] 703440K->458291K(888836K), 0.0013700 secs] [Times: user=0.01 sys=0.00, real=0.00 secs] 
69.925: Total time for which application threads were stopped: 0.0042670 seconds, Stopping threads took: 0.0024970 seconds
69.980: Application time: 0.0546860 seconds
69.984: [GC69.984: [ParNew: 246461K->1402K(275904K), 0.0013160 secs] 703539K->458536K(888836K), 0.0013490 secs] [Times: user=0.01 sys=0.00, real=0.00 secs] 
69.985: Total time for which application threads were stopped: 0.0052890 seconds, Stopping threads took: 0.0035350 seconds
70.040: Application time: 0.0548560 seconds
70.044: [GC70.044: [ParNew: 246650K->1292K(275904K), 0.0013400 secs] 703784K->458474K(888836K), 0.0013750 secs] [Times: user=0.01 sys=0.00, real=0.00 secs] 
70.045: Total time for which application threads were stopped: 0.0051470 seconds, Stopping threads took: 0.0033720 seconds
70.100: Application time: 0.0551650 seconds
70.101: [GC70.101: [ParNew: 246540K->1446K(275904K), 0.0014880 secs] 703722K->458676K(888836K), 0.0015220 secs] [Times: user=0.01 sys=0.00, real=0.00 secs] 
70.102: Total time for which application threads were stopped: 0.0019720 seconds, Stopping threads took: 0.0000460 seconds
70.157: Application time: 0.0548390 seconds
70.157: [GC70.157: [ParNew: 246694K->1521K(275904K), 0.0013590 secs] 703924K->458807K(888836K), 0.0013950 secs] [Times: user=0.01 sys=0.00, real=0.00 secs] 
70.159: Total time for which application threads were stopped: 0.0018540 seconds, Stopping threads took: 0.0000510 seconds
70.214: Application time: 0.0554430 seconds
70.216: [GC70.216: [ParNew: 246769K->1430K(275904K), 0.0013640 secs] 704055K->458780K(888836K), 0.0014010 secs] [Times: user=0.01 sys=0.00, real=0.00 secs] 
70.217: Total time for which application threads were stopped: 0.0027730 seconds, Stopping threads took: 0.0009500 seconds
70.271: Application time: 0.0542820 seconds
70.276: [GC70.276: [ParNew: 246678K->1634K(275904K), 0.0014310 secs] 704028K->459042K(888836K), 0.0014650 secs] [Times: user=0.01 sys=0.00, real=0.00 secs] 
70.277: Total time for which application threads were stopped: 0.0057580 seconds, Stopping threads took: 0.0039030 seconds
70.332: Application time: 0.0547450 seconds
70.332: [GC70.332: [ParNew: 246882K->1706K(275904K), 0.0014050 secs] 704290K->459170K(888836K), 0.0014420 secs] [Times: user=0.01 sys=0.00, real=0.00 secs] 
70.334: Total time for which application threads were stopped: 0.0018890 seconds, Stopping threads took: 0.0000450 seconds
70.389: Application time: 0.0549470 seconds
70.389: [GC70.389: [ParNew: 246954K->1458K(275904K), 0.0014280 secs] 704418K->458980K(888836K), 0.0014650 secs] [Times: user=0.01 sys=0.00, real=0.00 secs] 
70.391: Total time for which application threads were stopped: 0.0019120 seconds, Stopping threads took: 0.0000410 seconds
70.446: Application time: 0.0553960 seconds
70.446: [GC70.446: [ParNew: 246706K->1346K(275904K), 0.0014430 secs] 704228K->458972K(888836K), 0.0014790 secs] [Times: user=0.01 sys=0.00, real=0.01 secs] 
70.448: Total time for which application threads were stopped: 0.0019250 seconds, Stopping threads took: 0.0000430 seconds
70.503: Application time: 0.0548740 seconds
70.503: [GC70.503: [ParNew: 246594K->1530K(275904K), 0.0015550 secs] 704220K->459225K(888836K), 0.0015900 secs] [Times: user=0.01 sys=0.00, real=0.00 secs] 
70.505: Total time for which application threads were stopped: 0.0020120 seconds, Stopping threads took: 0.0000550 seconds
70.561: Application time: 0.0561440 seconds
70.564: [GC70.564: [ParNew: 246778K->1555K(275904K), 0.0014910 secs] 704473K->459445K(888836K), 0.0015240 secs] [Times: user=0.01 sys=0.00, real=0.00 secs] 
70.565: Total time for which application threads were stopped: 0.0041870 seconds, Stopping threads took: 0.0022690 seconds
70.622: Application time: 0.0573090 seconds
70.623: [GC70.623: [ParNew: 246803K->1049K(275904K), 0.0014990 secs] 704693K->459130K(888836K), 0.0015310 secs] [Times: user=0.01 sys=0.00, real=0.00 secs] 
70.625: Total time for which application threads were stopped: 0.0020210 seconds, Stopping threads took: 0.0000920 seconds
70.681: Application time: 0.0563340 seconds
70.681: [GC70.681: [ParNew: 246297K->1091K(275904K), 0.0013930 secs] 704378K->459228K(888836K), 0.0014240 secs] [Times: user=0.01 sys=0.00, real=0.00 secs] 
70.683: Total time for which application threads were stopped: 0.0018820 seconds, Stopping threads took: 0.0000660 seconds
70.739: Application time: 0.0562030 seconds
70.744: [GC70.744: [ParNew: 246339K->1178K(275904K), 0.0014200 secs] 704476K->459355K(888836K), 0.0014580 secs] [Times: user=0.01 sys=0.00, real=0.00 secs] 
70.745: Total time for which application threads were stopped: 0.0062030 seconds, Stopping threads took: 0.0043190 seconds
70.801: Application time: 0.0554320 seconds
70.801: [GC70.801: [ParNew: 246426K->1144K(275904K), 0.0013960 secs] 704603K->459368K(888836K), 0.0014300 secs] [Times: user=0.01 sys=0.00, real=0.00 secs] 
70.802: Total time for which application threads were stopped: 0.0018710 seconds, Stopping threads took: 0.0000390 seconds
70.857: Application time: 0.0549330 seconds
70.860: [GC70.860: [ParNew: 246392K->1260K(275904K), 0.0015740 secs] 704616K->459524K(888836K), 0.0016070 secs] [Times: user=0.01 sys=0.00, real=0.00 secs] 
70.861: Total time for which application threads were stopped: 0.0038680 seconds, Stopping threads took: 0.0018590 seconds
70.917: Application time: 0.0554060 seconds
70.917: [GC70.917: [ParNew: 246508K->1342K(275904K), 0.0013890 secs] 704772K->459646K(888836K), 0.0014220 secs] [Times: user=0.01 sys=0.00, real=0.00 secs] 
70.919: Total time for which application threads were stopped: 0.0018740 seconds, Stopping threads took: 0.0000530 seconds
70.973: Application time: 0.0547080 seconds
70.974: [GC70.974: [ParNew: 246590K->1346K(275904K), 0.0016640 secs] 704894K->459690K(888836K), 0.0017020 secs] [Times: user=0.01 sys=0.00, real=0.00 secs] 
70.975: Total time for which application threads were stopped: 0.0021550 seconds, Stopping threads took: 0.0000500 seconds
71.030: Application time: 0.0548810 seconds
71.032: [GC71.032: [ParNew: 246594K->1359K(275904K), 0.0013760 secs] 704938K->459735K(888836K), 0.0014120 secs] [Times: user=0.01 sys=0.00, real=0.00 secs] 
71.033: Total time for which application threads were stopped: 0.0027600 seconds, Stopping threads took: 0.0009480 seconds
71.088: Application time: 0.0549000 seconds
71.088: [GC71.088: [ParNew: 246607K->1525K(275904K), 0.0013640 secs] 704983K->459949K(888836K), 0.0013990 secs] [Times: user=0.01 sys=0.00, real=0.00 secs] 
71.090: Total time for which application threads were stopped: 0.0018520 seconds, Stopping threads took: 0.0000500 seconds
71.145: Application time: 0.0549000 seconds
71.145: [GC71.145: [ParNew: 246773K->1580K(275904K), 0.0013870 secs] 705197K->460053K(888836K), 0.0014220 secs] [Times: user=0.01 sys=0.00, real=0.00 secs] 
71.147: Total time for which application threads were stopped: 0.0018670 seconds, Stopping threads took: 0.0000400 seconds
71.202: Application time: 0.0555390 seconds
71.203: [GC71.203: [ParNew: 246828K->1489K(275904K), 0.0014290 secs] 705301K->460012K(888836K), 0.0014650 secs] [Times: user=0.01 sys=0.00, real=0.00 secs] 
71.204: Total time for which application threads were stopped: 0.0019390 seconds, Stopping threads took: 0.0000710 seconds
71.259: Application time: 0.0546350 seconds
71.260: [GC71.260: [ParNew: 246737K->1404K(275904K), 0.0014200 secs] 705260K->459974K(888836K), 0.0014550 secs] [Times: user=0.01 sys=0.00, real=0.00 secs] 
71.261: Total time for which application threads were stopped: 0.0024280 seconds, Stopping threads took: 0.0005430 seconds
71.317: Application time: 0.0557400 seconds
71.317: [GC71.317: [ParNew: 246652K->1382K(275904K), 0.0014180 secs] 705222K->460016K(888836K), 0.0014520 secs] [Times: user=0.01 sys=0.00, real=0.00 secs] 
71.319: Total time for which application threads were stopped: 0.0018910 seconds, Stopping threads took: 0.0000540 seconds
71.374: Application time: 0.0552440 seconds
71.376: [GC71.376: [ParNew: 246630K->1144K(275904K), 0.0015140 secs] 705264K->459887K(888836K), 0.0015430 secs] [Times: user=0.00 sys=0.01, real=0.00 secs] 
71.377: Total time for which application threads were stopped: 0.0031530 seconds, Stopping threads took: 0.0012200 seconds
71.433: Application time: 0.0554130 seconds
71.433: [GC71.433: [ParNew: 246392K->1341K(275904K), 0.0014220 secs] 705135K->460132K(888836K), 0.0014590 secs] [Times: user=0.01 sys=0.00, real=0.00 secs] 
71.435: Total time for which application threads were stopped: 0.0019210 seconds, Stopping threads took: 0.0000600 seconds
71.490: Application time: 0.0558980 seconds
71.491: [GC71.491: [ParNew: 246589K->1180K(275904K), 0.0014500 secs] 705380K->460122K(888836K), 0.0014880 secs] [Times: user=0.01 sys=0.00, real=0.00 secs] 
71.492: Total time for which application threads were stopped: 0.0019300 seconds, Stopping threads took: 0.0000480 seconds
71.548: Application time: 0.0556430 seconds
71.552: [GC71.552: [ParNew: 246428K->1056K(275904K), 0.0014620 secs] 705370K->460103K(888836K), 0.0014920 secs] [Times: user=0.01 sys=0.00, real=0.00 secs] 
71.553: Total time for which application threads were stopped: 0.0051430 seconds, Stopping threads took: 0.0032470 seconds
71.610: Application time: 0.0571660 seconds
71.612: [GC71.612: [ParNew: 246304K->991K(275904K), 0.0014580 secs] 705351K->460186K(888836K), 0.0014900 secs] [Times: user=0.01 sys=0.00, real=0.00 secs] 
71.613: Total time for which application threads were stopped: 0.0028350 seconds, Stopping threads took: 0.0009460 seconds
71.670: Application time: 0.0563860 seconds
71.670: [GC71.670: [ParNew: 246239K->1020K(275904K), 0.0013280 secs] 705434K->460270K(888836K), 0.0013570 secs] [Times: user=0.01 sys=0.00, real=0.00 secs] 
71.671: Total time for which application threads were stopped: 0.0018170 seconds, Stopping threads took: 0.0000720 seconds
71.726: Application time: 0.0550930 seconds
71.727: [GC71.727: [ParNew: 246268K->914K(275904K), 0.0015300 secs] 705518K->460213K(888836K), 0.0015660 secs] [Times: user=0.00 sys=0.00, real=0.01 secs] 
71.728: Total time for which application threads were stopped: 0.0020180 seconds, Stopping threads took: 0.0000530 seconds
71.783: Application time: 0.0548650 seconds
71.788: [GC71.788: [ParNew: 246162K->1295K(275904K), 0.0013510 secs] 705461K->460658K(888836K), 0.0013850 secs] [Times: user=0.01 sys=0.00, real=0.00 secs] 
71.789: Total time for which application threads were stopped: 0.0057040 seconds, Stopping threads took: 0.0039050 seconds
71.844: Application time: 0.0552410 seconds
71.848: [GC71.848: [ParNew: 246543K->1330K(275904K), 0.0013570 secs] 705906K->460757K(888836K), 0.0013930 secs] [Times: user=0.00 sys=0.00, real=0.00 secs] 
71.849: Total time for which application threads were stopped: 0.0047470 seconds, Stopping threads took: 0.0029530 seconds
71.904: Application time: 0.0551670 seconds
71.905: [GC71.905: [ParNew: 246578K->1269K(275904K), 0.0014480 secs] 706005K->460744K(888836K), 0.0014850 secs] [Times: user=0.01 sys=0.00, real=0.00 secs] 
71.906: Total time for which application threads were stopped: 0.0019460 seconds, Stopping threads took: 0.0000570 seconds
71.961: Application time: 0.0548830 seconds
71.964: [GC71.964: [ParNew: 246517K->1322K(275904K), 0.0013800 secs] 705992K->460861K(888836K), 0.0014140 secs] [Times: user=0.01 sys=0.00, real=0.00 secs] 
71.965: Total time for which application threads were stopped: 0.0040170 seconds, Stopping threads took: 0.0022000 seconds
72.020: Application time: 0.0545740 seconds
72.024: [GC72.024: [ParNew: 246570K->1439K(275904K), 0.0014370 secs] 706109K->461042K(888836K), 0.0014710 secs] [Times: user=0.00 sys=0.00, real=0.00 secs] 
72.025: Total time for which application threads were stopped: 0.0054540 seconds, Stopping threads took: 0.0035830 seconds
72.081: Application time: 0.0563100 seconds
72.084: [GC72.084: [ParNew: 246687K->1520K(275904K), 0.0014250 secs] 706290K->461186K(888836K), 0.0014620 secs] [Times: user=0.01 sys=0.00, real=0.00 secs] 
72.085: Total time for which application threads were stopped: 0.0037150 seconds, Stopping threads took: 0.0018590 seconds
72.140: Application time: 0.0547920 seconds
72.140: [GC72.140: [ParNew: 246768K->1432K(275904K), 0.0013750 secs] 706434K->461163K(888836K), 0.0014100 secs] [Times: user=0.01 sys=0.00, real=0.00 secs] 
72.142: Total time for which application threads were stopped: 0.0018680 seconds, Stopping threads took: 0.0000550 seconds
72.197: Application time: 0.0551650 seconds
72.198: [GC72.198: [ParNew: 246680K->1474K(275904K), 0.0014470 secs] 706411K->461289K(888836K), 0.0014900 secs] [Times: user=0.01 sys=0.00, real=0.01 secs] 
72.200: Total time for which application threads were stopped: 0.0028440 seconds, Stopping threads took: 0.0008940 seconds
72.256: Application time: 0.0557330 seconds
72.260: [GC72.260: [ParNew: 246722K->1468K(275904K), 0.0014850 secs] 706537K->461346K(888836K), 0.0015210 secs] [Times: user=0.01 sys=0.00, real=0.00 secs] 
72.261: Total time for which application threads were stopped: 0.0056230 seconds, Stopping threads took: 0.0037060 seconds
72.317: Application time: 0.0556220 seconds
72.317: [GC72.317: [ParNew: 246716K->1514K(275904K), 0.0015080 secs] 706594K->461464K(888836K), 0.0015400 secs] [Times: user=0.01 sys=0.00, real=0.00 secs] 
72.319: Total time for which application threads were stopped: 0.0020340 seconds, Stopping threads took: 0.0000710 seconds
72.375: Application time: 0.0557990 seconds
72.375: [GC72.375: [ParNew: 246762K->1303K(275904K), 0.0015270 secs] 706712K->461362K(888836K), 0.0015650 secs] [Times: user=0.01 sys=0.00, real=0.00 secs] 
72.377: Total time for which application threads were stopped: 0.0020290 seconds, Stopping threads took: 0.0000610 seconds
72.433: Application time: 0.0563040 seconds
72.436: [GC72.436: [ParNew: 246551K->1445K(275904K), 0.0015700 secs] 706610K->461616K(888836K), 0.0016040 secs] [Times: user=0.01 sys=0.00, real=0.00 secs] 
72.437: Total time for which application threads were stopped: 0.0042720 seconds, Stopping threads took: 0.0022740 seconds
72.494: Application time: 0.0564900 seconds
72.496: [GC72.496: [ParNew: 246693K->1243K(275904K), 0.0016840 secs] 706864K->461522K(888836K), 0.0017200 secs] [Times: user=0.01 sys=0.00, real=0.00 secs] 
72.497: Total time for which application threads were stopped: 0.0036140 seconds, Stopping threads took: 0.0015310 seconds
72.554: Application time: 0.0570230 seconds
72.555: [GC72.555: [ParNew: 246491K->1261K(275904K), 0.0016000 secs] 706770K->461680K(888836K), 0.0016310 secs] [Times: user=0.01 sys=0.00, real=0.00 secs] 
72.557: Total time for which application threads were stopped: 0.0021140 seconds, Stopping threads took: 0.0000860 seconds
72.613: Application time: 0.0560840 seconds
72.613: [GC72.613: [ParNew: 246509K->1300K(275904K), 0.0015140 secs] 706928K->461814K(888836K), 0.0015500 secs] [Times: user=0.01 sys=0.00, real=0.00 secs] 
72.615: Total time for which application threads were stopped: 0.0019600 seconds, Stopping threads took: 0.0000500 seconds
72.670: Application time: 0.0555750 seconds
72.672: [GC72.672: [ParNew: 246548K->1300K(275904K), 0.0014170 secs] 707062K->461871K(888836K), 0.0014530 secs] [Times: user=0.01 sys=0.00, real=0.00 secs] 
72.673: Total time for which application threads were stopped: 0.0029490 seconds, Stopping threads took: 0.0011000 seconds
72.728: Application time: 0.0552660 seconds
72.729: [GC72.729: [ParNew: 246101K->1181K(275904K), 0.0015660 secs] 706672K->461808K(888836K), 0.0016010 secs] [Times: user=0.01 sys=0.00, real=0.00 secs] 
72.730: Total time for which application threads were stopped: 0.0020500 seconds, Stopping threads took: 0.0000520 seconds
72.786: Application time: 0.0553120 seconds
72.788: [GC72.788: [ParNew: 246429K->1221K(275904K), 0.0014370 secs] 707056K->461904K(888836K), 0.0014730 secs] [Times: user=0.01 sys=0.00, real=0.00 secs] 
72.789: Total time for which application threads were stopped: 0.0033830 seconds, Stopping threads took: 0.0015110 seconds
72.845: Application time: 0.0556570 seconds
72.845: [GC72.845: [ParNew: 246469K->1324K(275904K), 0.0014100 secs] 707152K->462063K(888836K), 0.0014460 secs] [Times: user=0.01 sys=0.00, real=0.00 secs] 
72.847: Total time for which application threads were stopped: 0.0019360 seconds, Stopping threads took: 0.0000630 seconds
72.902: Application time: 0.0554050 seconds
72.903: [GC72.903: [ParNew: 246572K->1387K(275904K), 0.0015430 secs] 707311K->462174K(888836K), 0.0015790 secs] [Times: user=0.01 sys=0.01, real=0.00 secs] 
72.904: Total time for which application threads were stopped: 0.0020420 seconds, Stopping threads took: 0.0000540 seconds
72.959: Application time: 0.0549280 seconds
72.964: [GC72.964: [ParNew: 246635K->1392K(275904K), 0.0013910 secs] 707422K->462243K(888836K), 0.0014350 secs] [Times: user=0.01 sys=0.00, real=0.00 secs] 
72.965: Total time for which application threads were stopped: 0.0059860 seconds, Stopping threads took: 0.0041500 seconds
73.021: Application time: 0.0556860 seconds
73.021: [GC73.021: [ParNew: 246640K->1538K(275904K), 0.0014020 secs] 707491K->462447K(888836K), 0.0014390 secs] [Times: user=0.01 sys=0.00, real=0.00 secs] 
73.023: Total time for which application threads were stopped: 0.0019210 seconds, Stopping threads took: 0.0000800 seconds
73.078: Application time: 0.0548850 seconds
73.078: [GC73.078: [ParNew: 246786K->1508K(275904K), 0.0014330 secs] 707695K->462481K(888836K), 0.0014710 secs] [Times: user=0.01 sys=0.00, real=0.01 secs] 
73.080: Total time for which application threads were stopped: 0.0019170 seconds, Stopping threads took: 0.0000400 seconds
73.134: Application time: 0.0548580 seconds
73.135: [GC73.135: [ParNew: 246756K->1635K(275904K), 0.0014410 secs] 707729K->462704K(888836K), 0.0014770 secs] [Times: user=0.01 sys=0.00, real=0.00 secs] 
73.136: Total time for which application threads were stopped: 0.0019380 seconds, Stopping threads took: 0.0000580 seconds
73.193: Application time: 0.0563500 seconds
73.193: [GC73.193: [ParNew: 246883K->1201K(275904K), 0.0014230 secs] 707952K->462346K(888836K), 0.0014590 secs] [Times: user=0.01 sys=0.00, real=0.00 secs] 
73.195: Total time for which application threads were stopped: 0.0019100 seconds, Stopping threads took: 0.0000610 seconds
73.250: Application time: 0.0558880 seconds
73.252: [GC73.252: [ParNew: 246449K->1475K(275904K), 0.0015440 secs] 707594K->462684K(888836K), 0.0015800 secs] [Times: user=0.01 sys=0.00, real=0.00 secs] 
73.253: Total time for which application threads were stopped: 0.0027600 seconds, Stopping threads took: 0.0007810 seconds
73.309: Application time: 0.0557300 seconds
73.309: [GC73.309: [ParNew: 246723K->1329K(275904K), 0.0015420 secs] 707932K->462646K(888836K), 0.0015760 secs] [Times: user=0.01 sys=0.00, real=0.00 secs] 
73.311: Total time for which application threads were stopped: 0.0020370 seconds, Stopping threads took: 0.0000500 seconds
73.367: Application time: 0.0559320 seconds
73.367: [GC73.367: [ParNew: 246577K->1327K(275904K), 0.0014080 secs] 707894K->462710K(888836K), 0.0014440 secs] [Times: user=0.01 sys=0.00, real=0.00 secs] 
73.369: Total time for which application threads were stopped: 0.0019300 seconds, Stopping threads took: 0.0000510 seconds
73.425: Application time: 0.0558590 seconds
73.425: [GC73.425: [ParNew: 246575K->1299K(275904K), 0.0014970 secs] 707958K->462779K(888836K), 0.0015280 secs] [Times: user=0.01 sys=0.00, real=0.00 secs] 
73.427: Total time for which application threads were stopped: 0.0019820 seconds, Stopping threads took: 0.0000450 seconds
73.485: Application time: 0.0578220 seconds
73.485: [GC73.485: [ParNew: 246547K->1329K(275904K), 0.0015170 secs] 708027K->462913K(888836K), 0.0015510 secs] [Times: user=0.01 sys=0.00, real=0.00 secs] 
73.487: Total time for which application threads were stopped: 0.0020280 seconds, Stopping threads took: 0.0000810 seconds
73.542: Application time: 0.0558900 seconds
73.544: [GC73.544: [ParNew: 246577K->1179K(275904K), 0.0015450 secs] 708161K->462914K(888836K), 0.0015770 secs] [Times: user=0.01 sys=0.00, real=0.00 secs] 
73.545: Total time for which application threads were stopped: 0.0028200 seconds, Stopping threads took: 0.0008450 seconds
73.602: Application time: 0.0567860 seconds
73.603: [GC73.603: [ParNew: 246427K->1152K(275904K), 0.0016200 secs] 708162K->462951K(888836K), 0.0016510 secs] [Times: user=0.01 sys=0.00, real=0.00 secs] 
73.604: Total time for which application threads were stopped: 0.0021270 seconds, Stopping threads took: 0.0000800 seconds
73.660: Application time: 0.0558110 seconds
73.664: [GC73.664: [ParNew: 246400K->1181K(275904K), 0.0014550 secs] 708199K->463044K(888836K), 0.0014910 secs] [Times: user=0.01 sys=0.00, real=0.00 secs] 
73.665: Total time for which application threads were stopped: 0.0051430 seconds, Stopping threads took: 0.0032550 seconds
73.720: Application time: 0.0551610 seconds
73.721: [GC73.721: [ParNew: 246429K->1284K(275904K), 0.0014090 secs] 708292K->463211K(888836K), 0.0014430 secs] [Times: user=0.01 sys=0.00, real=0.00 secs] 
73.722: Total time for which application threads were stopped: 0.0018930 seconds, Stopping threads took: 0.0000480 seconds
73.778: Application time: 0.0553000 seconds
73.778: [GC73.778: [ParNew: 246532K->1387K(275904K), 0.0014240 secs] 708459K->463378K(888836K), 0.0014610 secs] [Times: user=0.01 sys=0.00, real=0.01 secs] 
73.779: Total time for which application threads were stopped: 0.0019140 seconds, Stopping threads took: 0.0000550 seconds
73.835: Application time: 0.0551660 seconds
73.835: [GC73.835: [ParNew: 246635K->1426K(275904K), 0.0014460 secs] 708626K->463481K(888836K), 0.0014820 secs] [Times: user=0.01 sys=0.00, real=0.00 secs] 
73.837: Total time for which application threads were stopped: 0.0019340 seconds, Stopping threads took: 0.0000520 seconds
73.891: Application time: 0.0548000 seconds
73.896: [GC73.896: [ParNew: 246674K->1266K(275904K), 0.0014400 secs] 708729K->463386K(888836K), 0.0014750 secs] [Times: user=0.01 sys=0.00, real=0.00 secs] 
73.897: Total time for which application threads were stopped: 0.0057880 seconds, Stopping threads took: 0.0038910 seconds
73.952: Application time: 0.0549910 seconds
73.953: [GC73.953: [ParNew: 246514K->1430K(275904K), 0.0015770 secs] 708634K->463598K(888836K), 0.0016130 secs] [Times: user=0.01 sys=0.00, real=0.00 secs] 
73.954: Total time for which application threads were stopped: 0.0020850 seconds, Stopping threads took: 0.0000750 seconds
74.009: Application time: 0.0550700 seconds
74.010: [GC74.010: [ParNew: 246678K->1435K(275904K), 0.0014940 secs] 708846K->463667K(888836K), 0.0015300 secs] [Times: user=0.01 sys=0.00, real=0.00 secs] 
74.011: Total time for which application threads were stopped: 0.0019880 seconds, Stopping threads took: 0.0000570 seconds
74.067: Application time: 0.0553940 seconds
74.067: [GC74.067: [ParNew: 246683K->1384K(275904K), 0.0015060 secs] 708915K->463759K(888836K), 0.0015440 secs] [Times: user=0.01 sys=0.00, real=0.01 secs] 
74.069: Total time for which application threads were stopped: 0.0019990 seconds, Stopping threads took: 0.0000480 seconds
74.125: Application time: 0.0558470 seconds
74.128: [GC74.128: [ParNew: 246632K->1410K(275904K), 0.0015410 secs] 709007K->463857K(888836K), 0.0015770 secs] [Times: user=0.01 sys=0.00, real=0.00 secs] 
74.129: Total time for which application threads were stopped: 0.0046970 seconds, Stopping threads took: 0.0027330 seconds
74.185: Application time: 0.0553680 seconds
74.188: [GC74.188: [ParNew: 246658K->1326K(275904K), 0.0014830 secs] 709105K->463837K(888836K), 0.0015180 secs] [Times: user=0.01 sys=0.00, real=0.00 secs] 
74.189: Total time for which application threads were stopped: 0.0045500 seconds, Stopping threads took: 0.0026350 seconds
74.246: Application time: 0.0568460 seconds
74.246: [GC74.246: [ParNew: 246574K->1458K(275904K), 0.0015770 secs] 709085K->464097K(888836K), 0.0016130 secs] [Times: user=0.01 sys=0.00, real=0.01 secs] 
74.248: Total time for which application threads were stopped: 0.0020210 seconds, Stopping threads took: 0.0000500 seconds
74.304: Application time: 0.0560300 seconds
74.304: [GC74.304: [ParNew: 246706K->1400K(275904K), 0.0016660 secs] 709345K->464095K(888836K), 0.0017010 secs] [Times: user=0.01 sys=0.00, real=0.00 secs] 
74.306: Total time for which application threads were stopped: 0.0021030 seconds, Stopping threads took: 0.0000480 seconds
74.362: Application time: 0.0558410 seconds
74.362: [GC74.362: [ParNew: 246648K->1373K(275904K), 0.0018000 secs] 709343K->464185K(888836K), 0.0018330 secs] [Times: user=0.01 sys=0.00, real=0.00 secs] 
74.364: Total time for which application threads were stopped: 0.0022890 seconds, Stopping threads took: 0.0000590 seconds
74.420: Application time: 0.0559360 seconds
74.421: [GC74.421: [ParNew: 246621K->1262K(275904K), 0.0015340 secs] 709433K->464130K(888836K), 0.0015750 secs] [Times: user=0.01 sys=0.00, real=0.00 secs] 
74.422: Total time for which application threads were stopped: 0.0020670 seconds, Stopping threads took: 0.0000730 seconds
74.478: Application time: 0.0561380 seconds
74.479: [GC74.479: [ParNew: 246510K->1261K(275904K), 0.0015110 secs] 709378K->464229K(888836K), 0.0015470 secs] [Times: user=0.01 sys=0.00, real=0.01 secs] 
74.480: Total time for which application threads were stopped: 0.0019990 seconds, Stopping threads took: 0.0000590 seconds
74.536: Application time: 0.0556740 seconds
74.540: [GC74.540: [ParNew: 246509K->1333K(275904K), 0.0014190 secs] 709477K->464440K(888836K), 0.0014560 secs] [Times: user=0.01 sys=0.00, real=0.00 secs] 
74.541: Total time for which application threads were stopped: 0.0049740 seconds, Stopping threads took: 0.0031310 seconds
74.597: Application time: 0.0562850 seconds
74.598: [GC74.598: [ParNew: 246581K->1272K(275904K), 0.0014110 secs] 709688K->464435K(888836K), 0.0014480 secs] [Times: user=0.01 sys=0.00, real=0.01 secs] 
74.599: Total time for which application threads were stopped: 0.0018940 seconds, Stopping threads took: 0.0000510 seconds
74.655: Application time: 0.0552300 seconds
74.655: [GC74.655: [ParNew: 246520K->1303K(275904K), 0.0014240 secs] 709683K->464507K(888836K), 0.0014600 secs] [Times: user=0.01 sys=0.00, real=0.00 secs] 
74.656: Total time for which application threads were stopped: 0.0019110 seconds, Stopping threads took: 0.0000510 seconds
74.712: Application time: 0.0552460 seconds
74.712: [GC74.712: [ParNew: 246551K->1241K(275904K), 0.0013960 secs] 709755K->464493K(888836K), 0.0014320 secs] [Times: user=0.01 sys=0.00, real=0.00 secs] 
74.714: Total time for which application threads were stopped: 0.0018830 seconds, Stopping threads took: 0.0000510 seconds
74.769: Application time: 0.0557560 seconds
74.770: [GC74.770: [ParNew: 246489K->1497K(275904K), 0.0014120 secs] 709741K->464813K(888836K), 0.0014500 secs] [Times: user=0.01 sys=0.00, real=0.00 secs] 
74.771: Total time for which application threads were stopped: 0.0019090 seconds, Stopping threads took: 0.0000610 seconds
74.826: Application time: 0.0551860 seconds
74.828: [GC74.828: [ParNew: 246745K->1475K(275904K), 0.0014860 secs] 710061K->464839K(888836K), 0.0015200 secs] [Times: user=0.01 sys=0.00, real=0.00 secs] 
74.829: Total time for which application threads were stopped: 0.0027190 seconds, Stopping threads took: 0.0008050 seconds
74.884: Application time: 0.0552870 seconds
74.888: [GC74.888: [ParNew: 246723K->1327K(275904K), 0.0014580 secs] 710087K->464748K(888836K), 0.0014930 secs] [Times: user=0.01 sys=0.00, real=0.00 secs] 
74.889: Total time for which application threads were stopped: 0.0046870 seconds, Stopping threads took: 0.0027970 seconds
74.945: Application time: 0.0559500 seconds
74.948: [GC74.948: [ParNew: 246575K->1465K(275904K), 0.0014800 secs] 709996K->464942K(888836K), 0.0015150 secs] [Times: user=0.01 sys=0.00, real=0.00 secs] 
74.949: Total time for which application threads were stopped: 0.0041000 seconds, Stopping threads took: 0.0021710 seconds
75.006: Application time: 0.0569730 seconds
75.007: [GC75.007: [ParNew: 246713K->1479K(275904K), 0.0015460 secs] 710190K->465088K(888836K), 0.0015830 secs] [Times: user=0.01 sys=0.00, real=0.01 secs] 
75.008: Total time for which application threads were stopped: 0.0020180 seconds, Stopping threads took: 0.0000660 seconds
75.064: Application time: 0.0554170 seconds
75.064: [GC75.064: [ParNew: 246727K->1524K(275904K), 0.0015340 secs] 710336K->465191K(888836K), 0.0015680 secs] [Times: user=0.01 sys=0.00, real=0.00 secs] 
75.066: Total time for which application threads were stopped: 0.0020200 seconds, Stopping threads took: 0.0000480 seconds
75.122: Application time: 0.0560580 seconds
75.122: [GC75.122: [ParNew: 246772K->1415K(275904K), 0.0015030 secs] 710439K->465182K(888836K), 0.0015360 secs] [Times: user=0.02 sys=0.00, real=0.00 secs] 
75.124: Total time for which application threads were stopped: 0.0020090 seconds, Stopping threads took: 0.0000720 seconds
75.180: Application time: 0.0558070 seconds
75.184: [GC75.184: [ParNew: 246663K->1276K(275904K), 0.0015290 secs] 710430K->465155K(888836K), 0.0015730 secs] [Times: user=0.01 sys=0.00, real=0.00 secs] 
75.185: Total time for which application threads were stopped: 0.0057060 seconds, Stopping threads took: 0.0037350 seconds
75.242: Application time: 0.0570750 seconds
75.243: [GC75.243: [ParNew: 246524K->1608K(275904K), 0.0016160 secs] 710403K->465545K(888836K), 0.0016520 secs] [Times: user=0.01 sys=0.00, real=0.00 secs] 
75.244: Total time for which application threads were stopped: 0.0020790 seconds, Stopping threads took: 0.0000750 seconds
75.300: Application time: 0.0560910 seconds
75.301: [GC75.301: [ParNew: 246856K->1272K(275904K), 0.0014940 secs] 710793K->465275K(888836K), 0.0015270 secs] [Times: user=0.01 sys=0.00, real=0.00 secs] 
75.303: Total time for which application threads were stopped: 0.0019920 seconds, Stopping threads took: 0.0000610 seconds
75.358: Application time: 0.0556040 seconds
75.359: [GC75.359: [ParNew: 246520K->1278K(275904K), 0.0014750 secs] 710523K->465387K(888836K), 0.0015100 secs] [Times: user=0.01 sys=0.00, real=0.01 secs] 
75.360: Total time for which application threads were stopped: 0.0019680 seconds, Stopping threads took: 0.0000610 seconds
75.418: Application time: 0.0582750 seconds
75.419: [GC75.419: [ParNew: 246526K->1457K(275904K), 0.0014550 secs] 710635K->465662K(888836K), 0.0014940 secs] [Times: user=0.01 sys=0.00, real=0.01 secs] 
75.420: Total time for which application threads were stopped: 0.0019500 seconds, Stopping threads took: 0.0000630 seconds
75.476: Application time: 0.0555250 seconds
75.476: [GC75.476: [ParNew: 246705K->1424K(275904K), 0.0014600 secs] 710910K->465778K(888836K), 0.0014950 secs] [Times: user=0.01 sys=0.00, real=0.00 secs] 
75.478: Total time for which application threads were stopped: 0.0019970 seconds, Stopping threads took: 0.0000700 seconds
75.533: Application time: 0.0555990 seconds
75.534: [GC75.534: [ParNew: 246672K->1329K(275904K), 0.0014350 secs] 711026K->465747K(888836K), 0.0014710 secs] [Times: user=0.00 sys=0.00, real=0.00 secs] 
75.535: Total time for which application threads were stopped: 0.0019100 seconds, Stopping threads took: 0.0000480 seconds
75.558: Application time: 0.0227720 seconds
75.559: Total time for which application threads were stopped: 0.0004110 seconds, Stopping threads took: 0.0000490 seconds
75.592: Application time: 0.0331500 seconds
75.592: [GC75.592: [ParNew: 246577K->1412K(275904K), 0.0015830 secs] 710995K->465885K(888836K), 0.0016200 secs] [Times: user=0.01 sys=0.00, real=0.00 secs] 
75.594: Total time for which application threads were stopped: 0.0020690 seconds, Stopping threads took: 0.0000640 seconds
75.649: Application time: 0.0554810 seconds
75.650: [GC75.650: [ParNew: 246660K->1554K(275904K), 0.0014900 secs] 711133K->466084K(888836K), 0.0015270 secs] [Times: user=0.01 sys=0.00, real=0.00 secs] 
75.651: Total time for which application threads were stopped: 0.0019870 seconds, Stopping threads took: 0.0000550 seconds
75.707: Application time: 0.0556910 seconds
75.707: [GC75.707: [ParNew: 246802K->1606K(275904K), 0.0014850 secs] 711332K->466200K(888836K), 0.0015220 secs] [Times: user=0.01 sys=0.00, real=0.00 secs] 
75.709: Total time for which application threads were stopped: 0.0019770 seconds, Stopping threads took: 0.0000480 seconds
75.765: Application time: 0.0559030 seconds
75.765: [GC75.765: [ParNew: 246854K->1585K(275904K), 0.0015990 secs] 711448K->466235K(888836K), 0.0016360 secs] [Times: user=0.01 sys=0.00, real=0.00 secs] 
75.767: Total time for which application threads were stopped: 0.0020870 seconds, Stopping threads took: 0.0000490 seconds
75.822: Application time: 0.0554810 seconds
75.823: [GC75.823: [ParNew: 246833K->1692K(275904K), 0.0016140 secs] 711483K->466398K(888836K), 0.0016510 secs] [Times: user=0.02 sys=0.00, real=0.00 secs] 
75.824: Total time for which application threads were stopped: 0.0020960 seconds, Stopping threads took: 0.0000490 seconds
75.880: Application time: 0.0559960 seconds
75.881: [GC75.881: [ParNew: 246940K->1510K(275904K), 0.0015650 secs] 711646K->466312K(888836K), 0.0015980 secs] [Times: user=0.01 sys=0.00, real=0.00 secs] 
75.883: Total time for which application threads were stopped: 0.0020850 seconds, Stopping threads took: 0.0000510 seconds
75.941: Application time: 0.0589210 seconds
75.942: [GC75.942: [ParNew: 246758K->1708K(275904K), 0.0014700 secs] 711560K->466586K(888836K), 0.0015080 secs] [Times: user=0.01 sys=0.00, real=0.00 secs] 
75.943: Total time for which application threads were stopped: 0.0019880 seconds, Stopping threads took: 0.0000830 seconds
75.999: Application time: 0.0553770 seconds
75.999: [GC75.999: [ParNew: 246956K->1689K(275904K), 0.0014680 secs] 711834K->466631K(888836K), 0.0015050 secs] [Times: user=0.01 sys=0.00, real=0.00 secs] 
76.001: Total time for which application threads were stopped: 0.0020050 seconds, Stopping threads took: 0.0000720 seconds
76.040: Application time: 0.0389600 seconds
76.040: Total time for which application threads were stopped: 0.0004320 seconds, Stopping threads took: 0.0000580 seconds
76.057: Application time: 0.0167460 seconds
76.057: [GC76.057: [ParNew: 246937K->1629K(275904K), 0.0014810 secs] 711879K->466643K(888836K), 0.0015170 secs] [Times: user=0.01 sys=0.00, real=0.00 secs] 
76.059: Total time for which application threads were stopped: 0.0019490 seconds, Stopping threads took: 0.0000470 seconds
76.115: Application time: 0.0557750 seconds
76.115: [GC76.115: [ParNew: 246877K->1411K(275904K), 0.0014850 secs] 711891K->466497K(888836K), 0.0015270 secs] [Times: user=0.01 sys=0.01, real=0.00 secs] 
76.117: Total time for which application threads were stopped: 0.0019950 seconds, Stopping threads took: 0.0000620 seconds
76.172: Application time: 0.0555960 seconds
76.173: [GC76.173: [ParNew: 246659K->1280K(275904K), 0.0016630 secs] 711745K->466416K(888836K), 0.0017000 secs] [Times: user=0.01 sys=0.00, real=0.00 secs] 
76.174: Total time for which application threads were stopped: 0.0021230 seconds, Stopping threads took: 0.0000640 seconds
76.231: Application time: 0.0567860 seconds
76.232: [GC76.232: [ParNew: 246528K->1484K(275904K), 0.0015090 secs] 711664K->466643K(888836K), 0.0015440 secs] [Times: user=0.01 sys=0.00, real=0.00 secs] 
76.233: Total time for which application threads were stopped: 0.0020060 seconds, Stopping threads took: 0.0000630 seconds
76.289: Application time: 0.0557640 seconds
76.289: [GC76.290: [ParNew: 246732K->1413K(275904K), 0.0015290 secs] 711891K->466801K(888836K), 0.0015670 secs] [Times: user=0.01 sys=0.01, real=0.00 secs] 
76.291: Total time for which application threads were stopped: 0.0020210 seconds, Stopping threads took: 0.0000570 seconds
76.347: Application time: 0.0557260 seconds
76.347: [GC76.347: [ParNew: 246661K->1396K(275904K), 0.0015280 secs] 712049K->466850K(888836K), 0.0015640 secs] [Times: user=0.01 sys=0.00, real=0.00 secs] 
76.349: Total time for which application threads were stopped: 0.0020280 seconds, Stopping threads took: 0.0000630 seconds
76.405: Application time: 0.0558540 seconds
76.405: [GC76.405: [ParNew: 246644K->1485K(275904K), 0.0016090 secs] 712098K->467035K(888836K), 0.0016440 secs] [Times: user=0.01 sys=0.00, real=0.00 secs] 
76.407: Total time for which application threads were stopped: 0.0020950 seconds, Stopping threads took: 0.0000540 seconds
76.462: Application time: 0.0555550 seconds
76.463: [GC76.463: [ParNew: 246733K->1514K(275904K), 0.0015590 secs] 712283K->467208K(888836K), 0.0015940 secs] [Times: user=0.01 sys=0.00, real=0.00 secs] 
76.464: Total time for which application threads were stopped: 0.0020630 seconds, Stopping threads took: 0.0000680 seconds
76.520: Application time: 0.0557180 seconds
76.521: [GC76.521: [ParNew: 246762K->1246K(275904K), 0.0014380 secs] 712456K->467005K(888836K), 0.0014740 secs] [Times: user=0.01 sys=0.00, real=0.00 secs] 
76.522: Total time for which application threads were stopped: 0.0019600 seconds, Stopping threads took: 0.0000610 seconds
76.578: Application time: 0.0561590 seconds
76.579: [GC76.579: [ParNew: 246494K->1273K(275904K), 0.0014780 secs] 712253K->467095K(888836K), 0.0015220 secs] [Times: user=0.01 sys=0.00, real=0.01 secs] 
76.580: Total time for which application threads were stopped: 0.0019810 seconds, Stopping threads took: 0.0000690 seconds
76.636: Application time: 0.0555480 seconds
76.636: [GC76.636: [ParNew: 246521K->1479K(275904K), 0.0014670 secs] 712343K->467365K(888836K), 0.0015040 secs] [Times: user=0.01 sys=0.00, real=0.00 secs] 
76.638: Total time for which application threads were stopped: 0.0019500 seconds, Stopping threads took: 0.0000480 seconds
76.693: Application time: 0.0554690 seconds
76.694: [GC76.694: [ParNew: 246727K->1495K(275904K), 0.0015310 secs] 712613K->467437K(888836K), 0.0015660 secs] [Times: user=0.01 sys=0.00, real=0.00 secs] 
76.695: Total time for which application threads were stopped: 0.0020220 seconds, Stopping threads took: 0.0000500 seconds
76.751: Application time: 0.0557150 seconds
76.751: [GC76.751: [ParNew: 246743K->1631K(275904K), 0.0015480 secs] 712685K->467629K(888836K), 0.0015850 secs] [Times: user=0.01 sys=0.00, real=0.00 secs] 
76.753: Total time for which application threads were stopped: 0.0020390 seconds, Stopping threads took: 0.0000490 seconds
76.809: Application time: 0.0560020 seconds
76.809: [GC76.809: [ParNew: 246879K->1345K(275904K), 0.0014620 secs] 712877K->467555K(888836K), 0.0015000 secs] [Times: user=0.01 sys=0.00, real=0.00 secs] 
76.811: Total time for which application threads were stopped: 0.0019530 seconds, Stopping threads took: 0.0000620 seconds
76.867: Application time: 0.0555910 seconds
76.867: [GC76.867: [ParNew: 246593K->1349K(275904K), 0.0015010 secs] 712803K->467623K(888836K), 0.0015360 secs] [Times: user=0.01 sys=0.00, real=0.01 secs] 
76.869: Total time for which application threads were stopped: 0.0019880 seconds, Stopping threads took: 0.0000610 seconds
76.924: Application time: 0.0554370 seconds
76.924: [GC76.924: [ParNew: 246597K->1361K(275904K), 0.0014710 secs] 712871K->467731K(888836K), 0.0015060 secs] [Times: user=0.01 sys=0.00, real=0.00 secs] 
76.926: Total time for which application threads were stopped: 0.0019610 seconds, Stopping threads took: 0.0000580 seconds
76.982: Application time: 0.0557900 seconds
76.982: [GC76.982: [ParNew: 246609K->1338K(275904K), 0.0014890 secs] 712979K->467812K(888836K), 0.0015270 secs] [Times: user=0.01 sys=0.00, real=0.00 secs] 
76.984: Total time for which application threads were stopped: 0.0019910 seconds, Stopping threads took: 0.0000650 seconds
77.039: Application time: 0.0554580 seconds
77.040: [GC77.040: [ParNew: 246586K->1332K(275904K), 0.0014540 secs] 713060K->467862K(888836K), 0.0014890 secs] [Times: user=0.01 sys=0.00, real=0.00 secs] 
77.041: Total time for which application threads were stopped: 0.0019770 seconds, Stopping threads took: 0.0000670 seconds
77.097: Application time: 0.0559120 seconds
77.097: [GC77.098: [ParNew: 246580K->1414K(275904K), 0.0015730 secs] 713110K->468008K(888836K), 0.0016110 secs] [Times: user=0.01 sys=0.00, real=0.00 secs] 
77.099: Total time for which application threads were stopped: 0.0020240 seconds, Stopping threads took: 0.0000510 seconds
77.155: Application time: 0.0557160 seconds
77.155: [GC77.155: [ParNew: 246662K->1277K(275904K), 0.0015270 secs] 713256K->467928K(888836K), 0.0015620 secs] [Times: user=0.02 sys=0.00, real=0.00 secs] 
77.157: Total time for which application threads were stopped: 0.0020220 seconds, Stopping threads took: 0.0000550 seconds
77.214: Application time: 0.0566730 seconds
77.214: [GC77.214: [ParNew: 246525K->1375K(275904K), 0.0015750 secs] 713176K->468082K(888836K), 0.0016130 secs] [Times: user=0.01 sys=0.00, real=0.00 secs] 
77.216: Total time for which application threads were stopped: 0.0020660 seconds, Stopping threads took: 0.0000570 seconds
77.271: Application time: 0.0556660 seconds
77.272: [GC77.272: [ParNew: 246623K->1442K(275904K), 0.0015430 secs] 713330K->468246K(888836K), 0.0015790 secs] [Times: user=0.01 sys=0.00, real=0.00 secs] 
77.273: Total time for which application threads were stopped: 0.0020440 seconds, Stopping threads took: 0.0000700 seconds
77.330: Application time: 0.0562510 seconds
77.330: [GC77.330: [ParNew: 246690K->1341K(275904K), 0.0014920 secs] 713494K->468249K(888836K), 0.0015360 secs] [Times: user=0.01 sys=0.00, real=0.00 secs] 
77.332: Total time for which application threads were stopped: 0.0019900 seconds, Stopping threads took: 0.0000610 seconds
77.387: Application time: 0.0556670 seconds
77.388: [GC77.388: [ParNew: 246589K->1397K(275904K), 0.0015120 secs] 713497K->468377K(888836K), 0.0015480 secs] [Times: user=0.01 sys=0.00, real=0.00 secs] 
77.389: Total time for which application threads were stopped: 0.0020000 seconds, Stopping threads took: 0.0000660 seconds
77.445: Application time: 0.0555810 seconds
77.445: [GC77.445: [ParNew: 246645K->1375K(275904K), 0.0014240 secs] 713625K->468500K(888836K), 0.0014600 secs] [Times: user=0.01 sys=0.00, real=0.00 secs] 
77.447: Total time for which application threads were stopped: 0.0018990 seconds, Stopping threads took: 0.0000460 seconds
77.503: Application time: 0.0559130 seconds
77.503: [GC77.503: [ParNew: 246623K->1386K(275904K), 0.0014260 secs] 713748K->468574K(888836K), 0.0014620 secs] [Times: user=0.01 sys=0.00, real=0.00 secs] 
77.505: Total time for which application threads were stopped: 0.0019230 seconds, Stopping threads took: 0.0000600 seconds
77.560: Application time: 0.0550890 seconds
77.560: [GC77.560: [ParNew: 246634K->1439K(275904K), 0.0014190 secs] 713822K->468693K(888836K), 0.0014540 secs] [Times: user=0.01 sys=0.00, real=0.00 secs] 
77.562: Total time for which application threads were stopped: 0.0019310 seconds, Stopping threads took: 0.0000540 seconds
77.617: Application time: 0.0553630 seconds
77.617: [GC77.617: [ParNew: 246687K->1406K(275904K), 0.0014370 secs] 713941K->468716K(888836K), 0.0014710 secs] [Times: user=0.01 sys=0.00, real=0.00 secs] 
77.619: Total time for which application threads were stopped: 0.0019280 seconds, Stopping threads took: 0.0000570 seconds
77.674: Application time: 0.0556000 seconds
77.675: [GC77.675: [ParNew: 246654K->1332K(275904K), 0.0014170 secs] 713964K->468742K(888836K), 0.0014540 secs] [Times: user=0.01 sys=0.00, real=0.00 secs] 
77.676: Total time for which application threads were stopped: 0.0019010 seconds, Stopping threads took: 0.0000460 seconds
77.733: Application time: 0.0564260 seconds
77.733: [GC77.733: [ParNew: 246580K->1277K(275904K), 0.0014360 secs] 713990K->468770K(888836K), 0.0014720 secs] [Times: user=0.01 sys=0.00, real=0.00 secs] 
77.735: Total time for which application threads were stopped: 0.0019090 seconds, Stopping threads took: 0.0000530 seconds
77.790: Application time: 0.0554580 seconds
77.791: [GC77.791: [ParNew: 246525K->1230K(275904K), 0.0016180 secs] 714018K->468756K(888836K), 0.0016530 secs] [Times: user=0.01 sys=0.00, real=0.00 secs] 
77.792: Total time for which application threads were stopped: 0.0021030 seconds, Stopping threads took: 0.0000520 seconds
77.848: Application time: 0.0558070 seconds
77.849: [GC77.849: [ParNew: 246478K->1218K(275904K), 0.0015060 secs] 714004K->468808K(888836K), 0.0015400 secs] [Times: user=0.01 sys=0.00, real=0.00 secs] 
77.850: Total time for which application threads were stopped: 0.0019850 seconds, Stopping threads took: 0.0000450 seconds
77.906: Application time: 0.0560570 seconds
77.907: [GC77.907: [ParNew: 246466K->1333K(275904K), 0.0014420 secs] 714056K->468994K(888836K), 0.0014780 secs] [Times: user=0.01 sys=0.00, real=0.01 secs] 
77.908: Total time for which application threads were stopped: 0.0019470 seconds, Stopping threads took: 0.0000710 seconds
77.963: Application time: 0.0553550 seconds
77.964: [GC77.964: [ParNew: 246581K->1143K(275904K), 0.0015780 secs] 714242K->468853K(888836K), 0.0016130 secs] [Times: user=0.01 sys=0.00, real=0.00 secs] 
77.966: Total time for which application threads were stopped: 0.0020580 seconds, Stopping threads took: 0.0000490 seconds
78.021: Application time: 0.0556440 seconds
78.022: [GC78.022: [ParNew: 246391K->1274K(275904K), 0.0016640 secs] 714101K->469031K(888836K), 0.0017000 secs] [Times: user=0.01 sys=0.00, real=0.00 secs] 
78.023: Total time for which application threads were stopped: 0.0021510 seconds, Stopping threads took: 0.0000480 seconds
78.079: Application time: 0.0555400 seconds
78.079: [GC78.079: [ParNew: 246522K->1341K(275904K), 0.0014160 secs] 714279K->469147K(888836K), 0.0014510 secs] [Times: user=0.01 sys=0.00, real=0.00 secs] 
78.081: Total time for which application threads were stopped: 0.0019290 seconds, Stopping threads took: 0.0000560 seconds
78.137: Application time: 0.0557700 seconds
78.137: [GC78.137: [ParNew: 246589K->1418K(275904K), 0.0013940 secs] 714395K->469271K(888836K), 0.0014300 secs] [Times: user=0.01 sys=0.00, real=0.00 secs] 
78.138: Total time for which application threads were stopped: 0.0018770 seconds, Stopping threads took: 0.0000540 seconds
78.194: Application time: 0.0557440 seconds
78.195: [GC78.195: [ParNew: 246666K->1505K(275904K), 0.0029270 secs] 714519K->469467K(888836K), 0.0029660 secs] [Times: user=0.02 sys=0.00, real=0.00 secs] 
78.198: Total time for which application threads were stopped: 0.0034210 seconds, Stopping threads took: 0.0000590 seconds
78.254: Application time: 0.0560460 seconds
78.254: [GC78.254: [ParNew: 246753K->1183K(275904K), 0.0015060 secs] 714715K->469209K(888836K), 0.0015430 secs] [Times: user=0.02 sys=0.00, real=0.00 secs] 
78.256: Total time for which application threads were stopped: 0.0019780 seconds, Stopping threads took: 0.0000450 seconds
78.312: Application time: 0.0562000 seconds
78.312: [GC78.312: [ParNew: 246431K->1403K(275904K), 0.0014560 secs] 714457K->469524K(888836K), 0.0014920 secs] [Times: user=0.01 sys=0.00, real=0.00 secs] 
78.314: Total time for which application threads were stopped: 0.0019710 seconds, Stopping threads took: 0.0000820 seconds
78.369: Application time: 0.0555680 seconds
78.370: [GC78.370: [ParNew: 246651K->1135K(275904K), 0.0015910 secs] 714772K->469394K(888836K), 0.0016270 secs] [Times: user=0.01 sys=0.00, real=0.00 secs] 
78.372: Total time for which application threads were stopped: 0.0020780 seconds, Stopping threads took: 0.0000540 seconds
78.427: Application time: 0.0554810 seconds
78.427: [GC78.427: [ParNew: 246383K->1324K(275904K), 0.0015920 secs] 714642K->469639K(888836K), 0.0016280 secs] [Times: user=0.01 sys=0.00, real=0.00 secs] 
78.429: Total time for which application threads were stopped: 0.0020910 seconds, Stopping threads took: 0.0000580 seconds
78.485: Application time: 0.0560150 seconds
78.486: [GC78.486: [ParNew: 246572K->1367K(275904K), 0.0016590 secs] 714887K->469739K(888836K), 0.0016940 secs] [Times: user=0.01 sys=0.00, real=0.00 secs] 
78.487: Total time for which application threads were stopped: 0.0021460 seconds, Stopping threads took: 0.0000540 seconds
78.543: Application time: 0.0556670 seconds
78.543: [GC78.543: [ParNew: 246615K->1332K(275904K), 0.0014800 secs] 714987K->469760K(888836K), 0.0015170 secs] [Times: user=0.01 sys=0.00, real=0.00 secs] 
78.545: Total time for which application threads were stopped: 0.0019890 seconds, Stopping threads took: 0.0000650 seconds
78.601: Application time: 0.0558910 seconds
78.601: [GC78.601: [ParNew: 246580K->1415K(275904K), 0.0015500 secs] 715008K->469971K(888836K), 0.0015840 secs] [Times: user=0.01 sys=0.00, real=0.00 secs] 
78.603: Total time for which application threads were stopped: 0.0020570 seconds, Stopping threads took: 0.0000590 seconds
78.659: Application time: 0.0564700 seconds
78.660: [GC78.660: [ParNew: 246663K->1471K(275904K), 0.0014810 secs] 715219K->470091K(888836K), 0.0015170 secs] [Times: user=0.01 sys=0.00, real=0.00 secs] 
78.661: Total time for which application threads were stopped: 0.0019640 seconds, Stopping threads took: 0.0000510 seconds
78.717: Application time: 0.0555760 seconds
78.717: [GC78.717: [ParNew: 246719K->1457K(275904K), 0.0014600 secs] 715339K->470185K(888836K), 0.0014960 secs] [Times: user=0.01 sys=0.00, real=0.00 secs] 
78.719: Total time for which application threads were stopped: 0.0019480 seconds, Stopping threads took: 0.0000560 seconds
78.774: Application time: 0.0556660 seconds
78.775: [GC78.775: [ParNew: 246705K->1234K(275904K), 0.0014490 secs] 715433K->470046K(888836K), 0.0014930 secs] [Times: user=0.01 sys=0.00, real=0.00 secs] 
78.776: Total time for which application threads were stopped: 0.0019570 seconds, Stopping threads took: 0.0000570 seconds
78.832: Application time: 0.0556400 seconds
78.833: [GC78.833: [ParNew: 246482K->1336K(275904K), 0.0015620 secs] 715294K->470204K(888836K), 0.0015960 secs] [Times: user=0.01 sys=0.00, real=0.00 secs] 
78.834: Total time for which application threads were stopped: 0.0020370 seconds, Stopping threads took: 0.0000470 seconds
78.889: Application time: 0.0551220 seconds
78.890: [GC78.890: [ParNew: 246584K->1345K(275904K), 0.0016070 secs] 715452K->470268K(888836K), 0.0016430 secs] [Times: user=0.01 sys=0.00, real=0.00 secs] 
78.891: Total time for which application threads were stopped: 0.0020970 seconds, Stopping threads took: 0.0000550 seconds
78.947: Application time: 0.0556480 seconds
78.947: [GC78.947: [ParNew: 246593K->1263K(275904K), 0.0016590 secs] 715516K->470227K(888836K), 0.0016940 secs] [Times: user=0.01 sys=0.00, real=0.00 secs] 
78.949: Total time for which application threads were stopped: 0.0021410 seconds, Stopping threads took: 0.0000430 seconds
79.005: Application time: 0.0555650 seconds
79.005: [GC79.005: [ParNew: 246511K->1369K(275904K), 0.0015230 secs] 715475K->470399K(888836K), 0.0015580 secs] [Times: user=0.01 sys=0.00, real=0.00 secs] 
79.007: Total time for which application threads were stopped: 0.0020020 seconds, Stopping threads took: 0.0000500 seconds
79.062: Application time: 0.0553020 seconds
79.062: [GC79.062: [ParNew: 246617K->1334K(275904K), 0.0014620 secs] 715647K->470422K(888836K), 0.0015010 secs] [Times: user=0.01 sys=0.00, real=0.00 secs] 
79.064: Total time for which application threads were stopped: 0.0019560 seconds, Stopping threads took: 0.0000590 seconds
79.120: Application time: 0.0558360 seconds
79.120: [GC79.120: [ParNew: 246582K->1705K(275904K), 0.0014900 secs] 715670K->470849K(888836K), 0.0015260 secs] [Times: user=0.01 sys=0.00, real=0.00 secs] 
79.122: Total time for which application threads were stopped: 0.0019930 seconds, Stopping threads took: 0.0000510 seconds
79.177: Application time: 0.0554330 seconds
79.178: [GC79.178: [ParNew: 246953K->1269K(275904K), 0.0015610 secs] 716097K->470526K(888836K), 0.0015980 secs] [Times: user=0.01 sys=0.00, real=0.01 secs] 
79.179: Total time for which application threads were stopped: 0.0020570 seconds, Stopping threads took: 0.0000630 seconds
79.236: Application time: 0.0569150 seconds
79.237: [GC79.237: [ParNew: 246517K->1530K(275904K), 0.0014540 secs] 715774K->470885K(888836K), 0.0014890 secs] [Times: user=0.01 sys=0.00, real=0.00 secs] 
79.238: Total time for which application threads were stopped: 0.0019250 seconds, Stopping threads took: 0.0000440 seconds
79.294: Application time: 0.0556940 seconds
79.294: [GC79.294: [ParNew: 246778K->1509K(275904K), 0.0015330 secs] 716133K->470928K(888836K), 0.0015680 secs] [Times: user=0.01 sys=0.00, real=0.00 secs] 
79.296: Total time for which application threads were stopped: 0.0020200 seconds, Stopping threads took: 0.0000640 seconds
79.352: Application time: 0.0557850 seconds
79.352: [GC79.352: [ParNew: 246757K->1587K(275904K), 0.0015550 secs] 716176K->471151K(888836K), 0.0015910 secs] [Times: user=0.01 sys=0.00, real=0.00 secs] 
79.354: Total time for which application threads were stopped: 0.0020620 seconds, Stopping threads took: 0.0000970 seconds
79.410: Application time: 0.0560250 seconds
79.410: [GC79.410: [ParNew: 246835K->1242K(275904K), 0.0013960 secs] 716399K->470872K(888836K), 0.0014320 secs] [Times: user=0.01 sys=0.00, real=0.00 secs] 
79.412: Total time for which application threads were stopped: 0.0018960 seconds, Stopping threads took: 0.0000740 seconds
79.467: Application time: 0.0556110 seconds
79.468: [GC79.468: [ParNew: 246490K->1271K(275904K), 0.0014440 secs] 716120K->470965K(888836K), 0.0014790 secs] [Times: user=0.01 sys=0.00, real=0.00 secs] 
79.469: Total time for which application threads were stopped: 0.0019450 seconds, Stopping threads took: 0.0000640 seconds
79.525: Application time: 0.0562710 seconds
79.526: [GC79.526: [ParNew: 246519K->1398K(275904K), 0.0014400 secs] 716213K->471197K(888836K), 0.0014770 secs] [Times: user=0.01 sys=0.00, real=0.01 secs] 
79.527: Total time for which application threads were stopped: 0.0019480 seconds, Stopping threads took: 0.0000640 seconds
79.583: Application time: 0.0560040 seconds
79.584: [GC79.584: [ParNew: 246646K->1124K(275904K), 0.0016630 secs] 716445K->470965K(888836K), 0.0017000 secs] [Times: user=0.01 sys=0.00, real=0.00 secs] 
79.586: Total time for which application threads were stopped: 0.0021600 seconds, Stopping threads took: 0.0000590 seconds
79.641: Application time: 0.0558370 seconds
79.642: [GC79.642: [ParNew: 246372K->1106K(275904K), 0.0015410 secs] 716213K->471011K(888836K), 0.0015760 secs] [Times: user=0.01 sys=0.00, real=0.00 secs] 
79.644: Total time for which application threads were stopped: 0.0020520 seconds, Stopping threads took: 0.0000560 seconds
79.699: Application time: 0.0555980 seconds
79.700: [GC79.700: [ParNew: 246354K->1267K(275904K), 0.0015250 secs] 716259K->471272K(888836K), 0.0015540 secs] [Times: user=0.01 sys=0.00, real=0.00 secs] 
79.701: Total time for which application threads were stopped: 0.0020210 seconds, Stopping threads took: 0.0000540 seconds
79.757: Application time: 0.0558990 seconds
79.757: [GC79.757: [ParNew: 246515K->1343K(275904K), 0.0014140 secs] 716520K->471412K(888836K), 0.0014500 secs] [Times: user=0.01 sys=0.00, real=0.00 secs] 
79.759: Total time for which application threads were stopped: 0.0018970 seconds, Stopping threads took: 0.0000520 seconds
79.814: Application time: 0.0554080 seconds
79.815: [GC79.815: [ParNew: 246591K->1417K(275904K), 0.0014370 secs] 716660K->471550K(888836K), 0.0014730 secs] [Times: user=0.01 sys=0.00, real=0.00 secs] 
79.816: Total time for which application threads were stopped: 0.0019210 seconds, Stopping threads took: 0.0000530 seconds
79.871: Application time: 0.0552230 seconds
79.872: [GC79.872: [ParNew: 246665K->1380K(275904K), 0.0014280 secs] 716798K->471569K(888836K), 0.0014620 secs] [Times: user=0.01 sys=0.00, real=0.00 secs] 
79.873: Total time for which application threads were stopped: 0.0019010 seconds, Stopping threads took: 0.0000440 seconds
79.929: Application time: 0.0559960 seconds
79.930: [GC79.930: [ParNew: 246628K->1451K(275904K), 0.0014720 secs] 716817K->471704K(888836K), 0.0015080 secs] [Times: user=0.01 sys=0.01, real=0.00 secs] 
79.931: Total time for which application threads were stopped: 0.0019510 seconds, Stopping threads took: 0.0000520 seconds
79.987: Application time: 0.0556050 seconds
79.987: [GC79.987: [ParNew: 246699K->1515K(275904K), 0.0015000 secs] 716952K->471826K(888836K), 0.0015380 secs] [Times: user=0.01 sys=0.00, real=0.00 secs] 
79.989: Total time for which application threads were stopped: 0.0020160 seconds, Stopping threads took: 0.0000730 seconds
80.044: Application time: 0.0553320 seconds
80.045: [GC80.045: [ParNew: 246763K->1419K(275904K), 0.0015120 secs] 717074K->471788K(888836K), 0.0015480 secs] [Times: user=0.01 sys=0.00, real=0.00 secs] 
80.046: Total time for which application threads were stopped: 0.0020000 seconds, Stopping threads took: 0.0000490 seconds
80.102: Application time: 0.0555990 seconds
80.102: [GC80.102: [ParNew: 246667K->1434K(275904K), 0.0015620 secs] 717036K->471907K(888836K), 0.0015970 secs] [Times: user=0.01 sys=0.00, real=0.00 secs] 
80.104: Total time for which application threads were stopped: 0.0020460 seconds, Stopping threads took: 0.0000510 seconds
80.160: Application time: 0.0557700 seconds
80.160: [GC80.160: [ParNew: 246682K->1458K(275904K), 0.0015180 secs] 717155K->472003K(888836K), 0.0015540 secs] [Times: user=0.01 sys=0.00, real=0.00 secs] 
80.162: Total time for which application threads were stopped: 0.0020200 seconds, Stopping threads took: 0.0000470 seconds
80.219: Application time: 0.0571610 seconds
80.219: [GC80.219: [ParNew: 246706K->1202K(275904K), 0.0014810 secs] 717251K->471851K(888836K), 0.0015230 secs] [Times: user=0.01 sys=0.00, real=0.00 secs] 
80.221: Total time for which application threads were stopped: 0.0019850 seconds, Stopping threads took: 0.0000590 seconds
80.276: Application time: 0.0555020 seconds
80.277: [GC80.277: [ParNew: 246450K->1301K(275904K), 0.0014850 secs] 717099K->472090K(888836K), 0.0015200 secs] [Times: user=0.01 sys=0.00, real=0.00 secs] 
80.278: Total time for which application threads were stopped: 0.0019610 seconds, Stopping threads took: 0.0000490 seconds
80.334: Application time: 0.0557210 seconds
80.335: [GC80.335: [ParNew: 246549K->1381K(275904K), 0.0015210 secs] 717338K->472243K(888836K), 0.0015590 secs] [Times: user=0.01 sys=0.00, real=0.00 secs] 
80.336: Total time for which application threads were stopped: 0.0020120 seconds, Stopping threads took: 0.0000610 seconds
80.392: Application time: 0.0559450 seconds
80.396: [GC80.396: [ParNew: 246629K->1244K(275904K), 0.0015090 secs] 717491K->472205K(888836K), 0.0015440 secs] [Times: user=0.01 sys=0.00, real=0.00 secs] 
80.397: Total time for which application threads were stopped: 0.0051230 seconds, Stopping threads took: 0.0031840 seconds
80.454: Application time: 0.0565840 seconds
80.454: [GC80.454: [ParNew: 246492K->1283K(275904K), 0.0014570 secs] 717453K->472310K(888836K), 0.0014940 secs] [Times: user=0.01 sys=0.00, real=0.00 secs] 
80.456: Total time for which application threads were stopped: 0.0019300 seconds, Stopping threads took: 0.0000430 seconds
80.511: Application time: 0.0554250 seconds
80.512: [GC80.512: [ParNew: 246531K->1193K(275904K), 0.0014340 secs] 717558K->472320K(888836K), 0.0014680 secs] [Times: user=0.01 sys=0.00, real=0.00 secs] 
80.513: Total time for which application threads were stopped: 0.0019310 seconds, Stopping threads took: 0.0000640 seconds
80.569: Application time: 0.0560650 seconds
80.570: [GC80.570: [ParNew: 246441K->1357K(275904K), 0.0014020 secs] 717568K->472541K(888836K), 0.0014370 secs] [Times: user=0.01 sys=0.00, real=0.00 secs] 
80.571: Total time for which application threads were stopped: 0.0018710 seconds, Stopping threads took: 0.0000430 seconds
80.627: Application time: 0.0558880 seconds
80.627: [GC80.627: [ParNew: 246605K->1315K(275904K), 0.0014130 secs] 717789K->472570K(888836K), 0.0014470 secs] [Times: user=0.01 sys=0.00, real=0.00 secs] 
80.629: Total time for which application threads were stopped: 0.0019050 seconds, Stopping threads took: 0.0000520 seconds
80.685: Application time: 0.0556840 seconds
80.685: [GC80.685: [ParNew: 246563K->1273K(275904K), 0.0014190 secs] 717818K->472584K(888836K), 0.0014540 secs] [Times: user=0.01 sys=0.00, real=0.00 secs] 
80.686: Total time for which application threads were stopped: 0.0019230 seconds, Stopping threads took: 0.0000530 seconds
80.743: Application time: 0.0565300 seconds
80.743: [GC80.743: [ParNew: 246521K->1462K(275904K), 0.0014070 secs] 717832K->472829K(888836K), 0.0014440 secs] [Times: user=0.01 sys=0.01, real=0.00 secs] 
80.745: Total time for which application threads were stopped: 0.0019080 seconds, Stopping threads took: 0.0000570 seconds
80.800: Application time: 0.0555620 seconds
80.801: [GC80.801: [ParNew: 246710K->1235K(275904K), 0.0014720 secs] 718077K->472659K(888836K), 0.0015090 secs] [Times: user=0.01 sys=0.00, real=0.00 secs] 
80.802: Total time for which application threads were stopped: 0.0019530 seconds, Stopping threads took: 0.0000440 seconds
80.858: Application time: 0.0553060 seconds
80.858: [GC80.858: [ParNew: 246483K->1365K(275904K), 0.0014320 secs] 717907K->472845K(888836K), 0.0014680 secs] [Times: user=0.01 sys=0.00, real=0.01 secs] 
80.860: Total time for which application threads were stopped: 0.0019180 seconds, Stopping threads took: 0.0000470 seconds
80.915: Application time: 0.0549350 seconds
80.915: [GC80.915: [ParNew: 246613K->1418K(275904K), 0.0014900 secs] 718093K->472955K(888836K), 0.0015260 secs] [Times: user=0.02 sys=0.00, real=0.00 secs] 
80.917: Total time for which application threads were stopped: 0.0019740 seconds, Stopping threads took: 0.0000570 seconds
80.972: Application time: 0.0552390 seconds
80.972: [GC80.972: [ParNew: 246666K->1634K(275904K), 0.0015140 secs] 718203K->473236K(888836K), 0.0015660 secs] [Times: user=0.01 sys=0.00, real=0.00 secs] 
80.974: Total time for which application threads were stopped: 0.0020120 seconds, Stopping threads took: 0.0000510 seconds
81.030: Application time: 0.0558150 seconds
81.030: [GC81.030: [ParNew: 246882K->1214K(275904K), 0.0015380 secs] 718484K->472881K(888836K), 0.0015750 secs] [Times: user=0.01 sys=0.00, real=0.00 secs] 
81.032: Total time for which application threads were stopped: 0.0020350 seconds, Stopping threads took: 0.0000540 seconds
81.087: Application time: 0.0555040 seconds
81.088: [GC81.088: [ParNew: 246462K->1515K(275904K), 0.0015260 secs] 718129K->473289K(888836K), 0.0015630 secs] [Times: user=0.01 sys=0.00, real=0.00 secs] 
81.089: Total time for which application threads were stopped: 0.0020250 seconds, Stopping threads took: 0.0000660 seconds
81.145: Application time: 0.0560590 seconds
81.146: [GC81.146: [ParNew: 246763K->1570K(275904K), 0.0014640 secs] 718537K->473418K(888836K), 0.0015010 secs] [Times: user=0.01 sys=0.00, real=0.00 secs] 
81.147: Total time for which application threads were stopped: 0.0019550 seconds, Stopping threads took: 0.0000550 seconds
81.203: Application time: 0.0561280 seconds
81.204: [GC81.204: [ParNew: 246818K->1448K(275904K), 0.0014730 secs] 718666K->473392K(888836K), 0.0015090 secs] [Times: user=0.01 sys=0.00, real=0.00 secs] 
81.205: Total time for which application threads were stopped: 0.0019690 seconds, Stopping threads took: 0.0000490 seconds
81.261: Application time: 0.0559500 seconds
81.262: [GC81.262: [ParNew: 246696K->1348K(275904K), 0.0015250 secs] 718640K->473450K(888836K), 0.0015620 secs] [Times: user=0.01 sys=0.00, real=0.00 secs] 
81.263: Total time for which application threads were stopped: 0.0020080 seconds, Stopping threads took: 0.0000610 seconds
81.320: Application time: 0.0563720 seconds
81.320: [GC81.320: [ParNew: 246596K->1266K(275904K), 0.0014850 secs] 718698K->473482K(888836K), 0.0015220 secs] [Times: user=0.01 sys=0.00, real=0.00 secs] 
81.322: Total time for which application threads were stopped: 0.0019730 seconds, Stopping threads took: 0.0000570 seconds
81.377: Application time: 0.0557940 seconds
81.378: [GC81.378: [ParNew: 246514K->1191K(275904K), 0.0014880 secs] 718730K->473471K(888836K), 0.0015240 secs] [Times: user=0.00 sys=0.01, real=0.01 secs] 
81.379: Total time for which application threads were stopped: 0.0019730 seconds, Stopping threads took: 0.0000550 seconds
81.435: Application time: 0.0558780 seconds
81.436: [GC81.436: [ParNew: 246439K->1187K(275904K), 0.0013960 secs] 718719K->473539K(888836K), 0.0014310 secs] [Times: user=0.01 sys=0.00, real=0.00 secs] 
81.437: Total time for which application threads were stopped: 0.0018810 seconds, Stopping threads took: 0.0000530 seconds
81.493: Application time: 0.0556670 seconds
81.493: [GC81.493: [ParNew: 246435K->1158K(275904K), 0.0017400 secs] 718787K->473610K(888836K), 0.0017750 secs] [Times: user=0.01 sys=0.00, real=0.00 secs] 
81.495: Total time for which application threads were stopped: 0.0021870 seconds, Stopping threads took: 0.0000480 seconds
81.551: Application time: 0.0561460 seconds
81.552: [GC81.552: [ParNew: 246406K->1151K(275904K), 0.0016610 secs] 718858K->473659K(888836K), 0.0016990 secs] [Times: user=0.01 sys=0.00, real=0.00 secs] 
81.553: Total time for which application threads were stopped: 0.0021160 seconds, Stopping threads took: 0.0000620 seconds
81.610: Application time: 0.0570820 seconds
81.611: [GC81.611: [ParNew: 246399K->1376K(275904K), 0.0014800 secs] 718907K->473940K(888836K), 0.0015170 secs] [Times: user=0.01 sys=0.00, real=0.00 secs] 
81.612: Total time for which application threads were stopped: 0.0019710 seconds, Stopping threads took: 0.0000600 seconds
81.668: Application time: 0.0554850 seconds
81.668: [GC81.668: [ParNew: 246624K->1337K(275904K), 0.0014560 secs] 719188K->473957K(888836K), 0.0014900 secs] [Times: user=0.01 sys=0.00, real=0.00 secs] 
81.670: Total time for which application threads were stopped: 0.0019350 seconds, Stopping threads took: 0.0000510 seconds
81.725: Application time: 0.0556220 seconds
81.726: [GC81.726: [ParNew: 246585K->1300K(275904K), 0.0016790 secs] 719205K->473968K(888836K), 0.0017230 secs] [Times: user=0.01 sys=0.00, real=0.01 secs] 
81.728: Total time for which application threads were stopped: 0.0021980 seconds, Stopping threads took: 0.0000560 seconds
81.783: Application time: 0.0551910 seconds
81.783: [GC81.783: [ParNew: 246548K->1450K(275904K), 0.0014230 secs] 719216K->474182K(888836K), 0.0014580 secs] [Times: user=0.01 sys=0.00, real=0.00 secs] 
81.785: Total time for which application threads were stopped: 0.0019190 seconds, Stopping threads took: 0.0000510 seconds
81.840: Application time: 0.0552400 seconds
81.840: [GC81.840: [ParNew: 246698K->1620K(275904K), 0.0014530 secs] 719430K->474416K(888836K), 0.0014900 secs] [Times: user=0.01 sys=0.00, real=0.00 secs] 
81.842: Total time for which application threads were stopped: 0.0019330 seconds, Stopping threads took: 0.0000530 seconds
81.897: Application time: 0.0555220 seconds
81.898: [GC81.898: [ParNew: 246868K->1294K(275904K), 0.0014920 secs] 719664K->474153K(888836K), 0.0015280 secs] [Times: user=0.01 sys=0.00, real=0.01 secs] 
81.899: Total time for which application threads were stopped: 0.0019720 seconds, Stopping threads took: 0.0000480 seconds
81.955: Application time: 0.0560670 seconds
81.956: [GC81.956: [ParNew: 246542K->1372K(275904K), 0.0014940 secs] 719401K->474282K(888836K), 0.0015300 secs] [Times: user=0.01 sys=0.01, real=0.00 secs] 
81.957: Total time for which application threads were stopped: 0.0019830 seconds, Stopping threads took: 0.0000460 seconds
82.013: Application time: 0.0556040 seconds
82.014: [GC82.014: [ParNew: 246620K->1374K(275904K), 0.0015860 secs] 719530K->474381K(888836K), 0.0016210 secs] [Times: user=0.01 sys=0.00, real=0.00 secs] 
82.015: Total time for which application threads were stopped: 0.0020750 seconds, Stopping threads took: 0.0000530 seconds
82.071: Application time: 0.0558840 seconds
82.071: [GC82.072: [ParNew: 246622K->1502K(275904K), 0.0015550 secs] 719629K->474560K(888836K), 0.0015910 secs] [Times: user=0.01 sys=0.00, real=0.00 secs] 
82.073: Total time for which application threads were stopped: 0.0020510 seconds, Stopping threads took: 0.0000460 seconds
82.129: Application time: 0.0562260 seconds
82.132: [GC82.132: [ParNew: 246750K->1383K(275904K), 0.0014820 secs] 719808K->474514K(888836K), 0.0015160 secs] [Times: user=0.01 sys=0.00, real=0.00 secs] 
82.133: Total time for which application threads were stopped: 0.0038740 seconds, Stopping threads took: 0.0019590 seconds
82.188: Application time: 0.0552960 seconds
82.189: [GC82.189: [ParNew: 246631K->1606K(275904K), 0.0015120 secs] 719762K->474853K(888836K), 0.0015500 secs] [Times: user=0.01 sys=0.00, real=0.00 secs] 
82.191: Total time for which application threads were stopped: 0.0020020 seconds, Stopping threads took: 0.0000520 seconds
82.248: Application time: 0.0571400 seconds
82.248: [GC82.248: [ParNew: 246854K->1147K(275904K), 0.0015300 secs] 720101K->474555K(888836K), 0.0015660 secs] [Times: user=0.01 sys=0.00, real=0.00 secs] 
82.250: Total time for which application threads were stopped: 0.0020080 seconds, Stopping threads took: 0.0000530 seconds
82.306: Application time: 0.0560940 seconds
82.306: [GC82.306: [ParNew: 246395K->1139K(275904K), 0.0013770 secs] 719803K->474647K(888836K), 0.0014130 secs] [Times: user=0.01 sys=0.00, real=0.01 secs] 
82.308: Total time for which application threads were stopped: 0.0018560 seconds, Stopping threads took: 0.0000460 seconds
82.363: Application time: 0.0556490 seconds
82.364: [GC82.364: [ParNew: 246387K->1257K(275904K), 0.0013710 secs] 719895K->474829K(888836K), 0.0014050 secs] [Times: user=0.01 sys=0.00, real=0.00 secs] 
82.365: Total time for which application threads were stopped: 0.0018490 seconds, Stopping threads took: 0.0000470 seconds
82.421: Application time: 0.0557780 seconds
82.421: [GC82.421: [ParNew: 246505K->1107K(275904K), 0.0013950 secs] 720077K->474743K(888836K), 0.0014350 secs] [Times: user=0.01 sys=0.00, real=0.00 secs] 
82.423: Total time for which application threads were stopped: 0.0018830 seconds, Stopping threads took: 0.0000540 seconds
82.478: Application time: 0.0556790 seconds
82.479: [GC82.479: [ParNew: 246355K->1109K(275904K), 0.0014340 secs] 719991K->474801K(888836K), 0.0014680 secs] [Times: user=0.01 sys=0.00, real=0.01 secs] 
82.480: Total time for which application threads were stopped: 0.0018870 seconds, Stopping threads took: 0.0000470 seconds
82.536: Application time: 0.0554810 seconds
82.536: [GC82.536: [ParNew: 246357K->1152K(275904K), 0.0015380 secs] 720049K->474892K(888836K), 0.0015740 secs] [Times: user=0.01 sys=0.00, real=0.00 secs] 
82.538: Total time for which application threads were stopped: 0.0020190 seconds, Stopping threads took: 0.0000430 seconds
82.593: Application time: 0.0554030 seconds
82.594: [GC82.594: [ParNew: 246400K->1350K(275904K), 0.0015480 secs] 720140K->475138K(888836K), 0.0015840 secs] [Times: user=0.01 sys=0.00, real=0.00 secs] 
82.595: Total time for which application threads were stopped: 0.0020350 seconds, Stopping threads took: 0.0000540 seconds
82.650: Application time: 0.0549930 seconds
82.651: [GC82.651: [ParNew: 246598K->1287K(275904K), 0.0014480 secs] 720386K->475123K(888836K), 0.0014840 secs] [Times: user=0.01 sys=0.00, real=0.00 secs] 
82.652: Total time for which application threads were stopped: 0.0019370 seconds, Stopping threads took: 0.0000510 seconds
82.708: Application time: 0.0554890 seconds
82.708: [GC82.708: [ParNew: 246535K->1500K(275904K), 0.0014400 secs] 720371K->475401K(888836K), 0.0014760 secs] [Times: user=0.01 sys=0.00, real=0.00 secs] 
82.710: Total time for which application threads were stopped: 0.0019250 seconds, Stopping threads took: 0.0000480 seconds
82.765: Application time: 0.0550140 seconds
82.765: [GC82.765: [ParNew: 246748K->1489K(275904K), 0.0014130 secs] 720649K->475445K(888836K), 0.0014490 secs] [Times: user=0.01 sys=0.00, real=0.00 secs] 
82.767: Total time for which application threads were stopped: 0.0019410 seconds, Stopping threads took: 0.0000520 seconds
82.822: Application time: 0.0553640 seconds
82.822: [GC82.822: [ParNew: 246737K->1611K(275904K), 0.0014410 secs] 720693K->475632K(888836K), 0.0014780 secs] [Times: user=0.02 sys=0.00, real=0.00 secs] 
82.824: Total time for which application threads were stopped: 0.0019370 seconds, Stopping threads took: 0.0000540 seconds
82.879: Application time: 0.0553760 seconds
82.880: [GC82.880: [ParNew: 246859K->1517K(275904K), 0.0015050 secs] 720880K->475601K(888836K), 0.0015410 secs] [Times: user=0.01 sys=0.00, real=0.00 secs] 
82.881: Total time for which application threads were stopped: 0.0019900 seconds, Stopping threads took: 0.0000460 seconds
82.937: Application time: 0.0557310 seconds
82.937: [GC82.937: [ParNew: 246765K->1772K(275904K), 0.0014820 secs] 720849K->475914K(888836K), 0.0015160 secs] [Times: user=0.01 sys=0.00, real=0.00 secs] 
82.939: Total time for which application threads were stopped: 0.0019740 seconds, Stopping threads took: 0.0000440 seconds
82.995: Application time: 0.0557570 seconds
82.995: [GC82.995: [ParNew: 247020K->1343K(275904K), 0.0014940 secs] 721162K->475603K(888836K), 0.0015300 secs] [Times: user=0.01 sys=0.00, real=0.00 secs] 
82.997: Total time for which application threads were stopped: 0.0020190 seconds, Stopping threads took: 0.0000780 seconds
83.053: Application time: 0.0560570 seconds
83.053: [GC83.053: [ParNew: 246591K->1450K(275904K), 0.0015000 secs] 720851K->475776K(888836K), 0.0015360 secs] [Times: user=0.01 sys=0.00, real=0.00 secs] 
83.055: Total time for which application threads were stopped: 0.0019960 seconds, Stopping threads took: 0.0000660 seconds
83.111: Application time: 0.0558660 seconds
83.111: [GC83.111: [ParNew: 246698K->1504K(275904K), 0.0014710 secs] 721024K->476026K(888836K), 0.0015070 secs] [Times: user=0.01 sys=0.00, real=0.00 secs] 
83.113: Total time for which application threads were stopped: 0.0019500 seconds, Stopping threads took: 0.0000730 seconds
83.169: Application time: 0.0566640 seconds
83.170: [GC83.170: [ParNew: 246752K->1179K(275904K), 0.0015040 secs] 721274K->475854K(888836K), 0.0015500 secs] [Times: user=0.01 sys=0.00, real=0.00 secs] 
83.171: Total time for which application threads were stopped: 0.0019940 seconds, Stopping threads took: 0.0000450 seconds
83.228: Application time: 0.0569980 seconds
83.229: [GC83.229: [ParNew: 246427K->1181K(275904K), 0.0015220 secs] 721102K->475936K(888836K), 0.0015560 secs] [Times: user=0.01 sys=0.00, real=0.00 secs] 
83.230: Total time for which application threads were stopped: 0.0020060 seconds, Stopping threads took: 0.0000570 seconds
83.287: Application time: 0.0562360 seconds
83.287: [GC83.287: [ParNew: 246429K->1303K(275904K), 0.0013870 secs] 721184K->476123K(888836K), 0.0014240 secs] [Times: user=0.01 sys=0.00, real=0.01 secs] 
83.288: Total time for which application threads were stopped: 0.0019040 seconds, Stopping threads took: 0.0000750 seconds
83.344: Application time: 0.0558170 seconds
83.345: [GC83.345: [ParNew: 246551K->1041K(275904K), 0.0014740 secs] 721371K->475916K(888836K), 0.0015070 secs] [Times: user=0.01 sys=0.00, real=0.00 secs] 
83.346: Total time for which application threads were stopped: 0.0019660 seconds, Stopping threads took: 0.0000590 seconds
83.402: Application time: 0.0555910 seconds
83.402: [GC83.402: [ParNew: 246289K->1128K(275904K), 0.0016600 secs] 721164K->476052K(888836K), 0.0016950 secs] [Times: user=0.01 sys=0.00, real=0.00 secs] 
83.404: Total time for which application threads were stopped: 0.0021580 seconds, Stopping threads took: 0.0000640 seconds
83.459: Application time: 0.0554460 seconds
83.460: [GC83.460: [ParNew: 246376K->1217K(275904K), 0.0016860 secs] 721300K->476188K(888836K), 0.0017180 secs] [Times: user=0.01 sys=0.00, real=0.00 secs] 
83.462: Total time for which application threads were stopped: 0.0021580 seconds, Stopping threads took: 0.0000480 seconds
83.517: Application time: 0.0555720 seconds
83.518: [GC83.518: [ParNew: 246465K->1344K(275904K), 0.0014110 secs] 721436K->476371K(888836K), 0.0014460 secs] [Times: user=0.01 sys=0.00, real=0.00 secs] 
83.519: Total time for which application threads were stopped: 0.0019000 seconds, Stopping threads took: 0.0000580 seconds
83.575: Application time: 0.0556260 seconds
83.575: [GC83.575: [ParNew: 246592K->1334K(275904K), 0.0014320 secs] 721619K->476409K(888836K), 0.0014690 secs] [Times: user=0.01 sys=0.00, real=0.00 secs] 
83.577: Total time for which application threads were stopped: 0.0019050 seconds, Stopping threads took: 0.0000440 seconds
83.632: Application time: 0.0554580 seconds
83.633: [GC83.633: [ParNew: 246582K->1479K(275904K), 0.0014470 secs] 721657K->476610K(888836K), 0.0014830 secs] [Times: user=0.01 sys=0.00, real=0.00 secs] 
83.634: Total time for which application threads were stopped: 0.0019360 seconds, Stopping threads took: 0.0000610 seconds
83.689: Application time: 0.0553460 seconds
83.690: [GC83.690: [ParNew: 246727K->1459K(275904K), 0.0014830 secs] 721858K->476654K(888836K), 0.0015210 secs] [Times: user=0.01 sys=0.00, real=0.00 secs] 
83.691: Total time for which application threads were stopped: 0.0019680 seconds, Stopping threads took: 0.0000520 seconds
83.747: Application time: 0.0552820 seconds
83.747: [GC83.747: [ParNew: 246707K->1510K(275904K), 0.0014740 secs] 721902K->476769K(888836K), 0.0015100 secs] [Times: user=0.01 sys=0.00, real=0.01 secs] 
83.749: Total time for which application threads were stopped: 0.0019700 seconds, Stopping threads took: 0.0000630 seconds
83.804: Application time: 0.0552020 seconds
83.804: [GC83.804: [ParNew: 246758K->1439K(275904K), 0.0016080 secs] 722017K->476748K(888836K), 0.0016440 secs] [Times: user=0.01 sys=0.00, real=0.00 secs] 
83.806: Total time for which application threads were stopped: 0.0021180 seconds, Stopping threads took: 0.0000530 seconds
83.861: Application time: 0.0550260 seconds
83.861: [GC83.861: [ParNew: 246687K->1573K(275904K), 0.0015600 secs] 721996K->476941K(888836K), 0.0015960 secs] [Times: user=0.01 sys=0.00, real=0.00 secs] 
83.863: Total time for which application threads were stopped: 0.0020680 seconds, Stopping threads took: 0.0000690 seconds
83.918: Application time: 0.0552520 seconds
83.919: [GC83.919: [ParNew: 246821K->1625K(275904K), 0.0015290 secs] 722189K->477089K(888836K), 0.0015660 secs] [Times: user=0.01 sys=0.00, real=0.01 secs] 
83.920: Total time for which application threads were stopped: 0.0020170 seconds, Stopping threads took: 0.0000560 seconds
83.976: Application time: 0.0557730 seconds
83.977: [GC83.977: [ParNew: 246873K->1507K(275904K), 0.0015350 secs] 722337K->477036K(888836K), 0.0015700 secs] [Times: user=0.02 sys=0.00, real=0.00 secs] 
83.978: Total time for which application threads were stopped: 0.0020190 seconds, Stopping threads took: 0.0000540 seconds
84.035: Application time: 0.0566820 seconds
84.035: [GC84.035: [ParNew: 246755K->1237K(275904K), 0.0016120 secs] 722284K->476847K(888836K), 0.0016480 secs] [Times: user=0.01 sys=0.00, real=0.00 secs] 
84.037: Total time for which application threads were stopped: 0.0021100 seconds, Stopping threads took: 0.0000570 seconds
84.093: Application time: 0.0558600 seconds
84.093: [GC84.093: [ParNew: 246485K->1053K(275904K), 0.0016480 secs] 722095K->476803K(888836K), 0.0016810 secs] [Times: user=0.01 sys=0.00, real=0.00 secs] 
84.095: Total time for which application threads were stopped: 0.0021300 seconds, Stopping threads took: 0.0000560 seconds
84.151: Application time: 0.0560140 seconds
84.151: [GC84.151: [ParNew: 246301K->1086K(275904K), 0.0014680 secs] 722051K->477023K(888836K), 0.0015030 secs] [Times: user=0.01 sys=0.00, real=0.00 secs] 
84.153: Total time for which application threads were stopped: 0.0019530 seconds, Stopping threads took: 0.0000470 seconds
84.210: Application time: 0.0568690 seconds
84.210: [GC84.210: [ParNew: 246334K->1261K(275904K), 0.0014250 secs] 722271K->477263K(888836K), 0.0014610 secs] [Times: user=0.01 sys=0.00, real=0.00 secs] 
84.212: Total time for which application threads were stopped: 0.0019090 seconds, Stopping threads took: 0.0000530 seconds
84.267: Application time: 0.0556190 seconds
84.268: [GC84.268: [ParNew: 246509K->1075K(275904K), 0.0014620 secs] 722511K->477142K(888836K), 0.0014980 secs] [Times: user=0.01 sys=0.00, real=0.00 secs] 
84.269: Total time for which application threads were stopped: 0.0019390 seconds, Stopping threads took: 0.0000480 seconds
84.325: Application time: 0.0557590 seconds
84.325: [GC84.325: [ParNew: 246323K->1200K(275904K), 0.0014570 secs] 722390K->477331K(888836K), 0.0014890 secs] [Times: user=0.01 sys=0.00, real=0.00 secs] 
84.327: Total time for which application threads were stopped: 0.0019690 seconds, Stopping threads took: 0.0000640 seconds
84.383: Application time: 0.0555750 seconds
84.383: [GC84.383: [ParNew: 246448K->1260K(275904K), 0.0014600 secs] 722579K->477455K(888836K), 0.0014950 secs] [Times: user=0.02 sys=0.00, real=0.00 secs] 
84.385: Total time for which application threads were stopped: 0.0019400 seconds, Stopping threads took: 0.0000520 seconds
84.440: Application time: 0.0554050 seconds
84.440: [GC84.440: [ParNew: 246508K->1178K(275904K), 0.0015680 secs] 722703K->477428K(888836K), 0.0016030 secs] [Times: user=0.01 sys=0.00, real=0.00 secs] 
84.442: Total time for which application threads were stopped: 0.0020480 seconds, Stopping threads took: 0.0000480 seconds
84.497: Application time: 0.0552470 seconds
84.498: [GC84.498: [ParNew: 246426K->1525K(275904K), 0.0014340 secs] 722676K->477839K(888836K), 0.0014700 secs] [Times: user=0.01 sys=0.00, real=0.00 secs] 
84.499: Total time for which application threads were stopped: 0.0019170 seconds, Stopping threads took: 0.0000500 seconds
84.555: Application time: 0.0554510 seconds
84.555: [GC84.555: [ParNew: 246773K->1248K(275904K), 0.0014370 secs] 723087K->477627K(888836K), 0.0014730 secs] [Times: user=0.01 sys=0.00, real=0.00 secs] 
84.557: Total time for which application threads were stopped: 0.0019120 seconds, Stopping threads took: 0.0000420 seconds
84.612: Application time: 0.0554120 seconds
84.616: [GC84.616: [ParNew: 246496K->1308K(275904K), 0.0014710 secs] 722875K->477751K(888836K), 0.0015050 secs] [Times: user=0.01 sys=0.00, real=0.00 secs] 
84.617: Total time for which application threads were stopped: 0.0052380 seconds, Stopping threads took: 0.0033400 seconds
84.672: Application time: 0.0552270 seconds
84.673: [GC84.673: [ParNew: 246556K->1470K(275904K), 0.0014800 secs] 722999K->477969K(888836K), 0.0015160 secs] [Times: user=0.01 sys=0.00, real=0.00 secs] 
84.674: Total time for which application threads were stopped: 0.0019580 seconds, Stopping threads took: 0.0000400 seconds
84.729: Application time: 0.0549620 seconds
84.730: [GC84.730: [ParNew: 246718K->1548K(275904K), 0.0015250 secs] 723217K->478111K(888836K), 0.0015620 secs] [Times: user=0.01 sys=0.00, real=0.00 secs] 
84.731: Total time for which application threads were stopped: 0.0020540 seconds, Stopping threads took: 0.0000940 seconds
84.787: Application time: 0.0552730 seconds
84.787: [GC84.787: [ParNew: 246796K->1663K(275904K), 0.0015160 secs] 723359K->478290K(888836K), 0.0015530 secs] [Times: user=0.02 sys=0.00, real=0.01 secs] 
84.789: Total time for which application threads were stopped: 0.0019870 seconds, Stopping threads took: 0.0000400 seconds
84.843: Application time: 0.0547510 seconds
84.844: [GC84.844: [ParNew: 246911K->1757K(275904K), 0.0015350 secs] 723538K->478449K(888836K), 0.0015710 secs] [Times: user=0.01 sys=0.00, real=0.00 secs] 
84.845: Total time for which application threads were stopped: 0.0020380 seconds, Stopping threads took: 0.0000460 seconds
84.901: Application time: 0.0553690 seconds
84.901: [GC84.901: [ParNew: 247005K->1369K(275904K), 0.0015250 secs] 723697K->478259K(888836K), 0.0015610 secs] [Times: user=0.01 sys=0.00, real=0.00 secs] 
84.903: Total time for which application threads were stopped: 0.0020280 seconds, Stopping threads took: 0.0000730 seconds
84.960: Application time: 0.0571660 seconds
84.960: [GC84.960: [ParNew: 246617K->1489K(275904K), 0.0015250 secs] 723507K->478445K(888836K), 0.0015620 secs] [Times: user=0.01 sys=0.00, real=0.00 secs] 
84.962: Total time for which application threads were stopped: 0.0020330 seconds, Stopping threads took: 0.0000750 seconds
85.018: Application time: 0.0557890 seconds
85.018: [GC85.018: [ParNew: 246737K->1284K(275904K), 0.0015180 secs] 723693K->478354K(888836K), 0.0015540 secs] [Times: user=0.01 sys=0.00, real=0.01 secs] 
85.020: Total time for which application threads were stopped: 0.0019750 seconds, Stopping threads took: 0.0000490 seconds
85.076: Application time: 0.0558630 seconds
85.076: [GC85.076: [ParNew: 246532K->1045K(275904K), 0.0017610 secs] 723602K->478224K(888836K), 0.0017930 secs] [Times: user=0.01 sys=0.00, real=0.00 secs] 
85.078: Total time for which application threads were stopped: 0.0022410 seconds, Stopping threads took: 0.0000490 seconds
85.135: Application time: 0.0566820 seconds
85.135: [GC85.135: [ParNew: 246293K->1101K(275904K), 0.0015540 secs] 723472K->478384K(888836K), 0.0015860 secs] [Times: user=0.02 sys=0.00, real=0.00 secs] 
85.137: Total time for which application threads were stopped: 0.0021040 seconds, Stopping threads took: 0.0000860 seconds
85.194: Application time: 0.0571180 seconds
85.194: [GC85.194: [ParNew: 246349K->1281K(275904K), 0.0031540 secs] 723632K->478620K(888836K), 0.0031940 secs] [Times: user=0.02 sys=0.00, real=0.00 secs] 
85.197: Total time for which application threads were stopped: 0.0036500 seconds, Stopping threads took: 0.0000610 seconds
85.254: Application time: 0.0561090 seconds
85.254: [GC85.254: [ParNew: 246529K->1239K(275904K), 0.0016660 secs] 723868K->478626K(888836K), 0.0017020 secs] [Times: user=0.01 sys=0.00, real=0.00 secs] 
85.256: Total time for which application threads were stopped: 0.0021560 seconds, Stopping threads took: 0.0000540 seconds
85.311: Application time: 0.0552750 seconds
85.311: [GC85.311: [ParNew: 246487K->1335K(275904K), 0.0015350 secs] 723874K->478770K(888836K), 0.0015720 secs] [Times: user=0.01 sys=0.00, real=0.00 secs] 
85.313: Total time for which application threads were stopped: 0.0020390 seconds, Stopping threads took: 0.0000610 seconds
85.368: Application time: 0.0553180 seconds
85.369: [GC85.369: [ParNew: 246583K->1331K(275904K), 0.0014200 secs] 724018K->478822K(888836K), 0.0014650 secs] [Times: user=0.01 sys=0.00, real=0.00 secs] 
85.370: Total time for which application threads were stopped: 0.0019390 seconds, Stopping threads took: 0.0000540 seconds
85.426: Application time: 0.0552560 seconds
85.426: [GC85.426: [ParNew: 246579K->1423K(275904K), 0.0014250 secs] 724070K->478962K(888836K), 0.0014620 secs] [Times: user=0.01 sys=0.00, real=0.01 secs] 
85.428: Total time for which application threads were stopped: 0.0019200 seconds, Stopping threads took: 0.0000580 seconds
85.483: Application time: 0.0551770 seconds
85.483: [GC85.483: [ParNew: 246671K->1221K(275904K), 0.0014550 secs] 724210K->478808K(888836K), 0.0014910 secs] [Times: user=0.01 sys=0.00, real=0.00 secs] 
85.485: Total time for which application threads were stopped: 0.0019440 seconds, Stopping threads took: 0.0000570 seconds
85.540: Application time: 0.0555210 seconds
85.541: [GC85.541: [ParNew: 246469K->1415K(275904K), 0.0014830 secs] 724056K->479050K(888836K), 0.0015190 secs] [Times: user=0.01 sys=0.00, real=0.00 secs] 
85.542: Total time for which application threads were stopped: 0.0019570 seconds, Stopping threads took: 0.0000460 seconds
85.597: Application time: 0.0553100 seconds
85.598: [GC85.598: [ParNew: 246663K->1549K(275904K), 0.0015280 secs] 724298K->479232K(888836K), 0.0015640 secs] [Times: user=0.01 sys=0.00, real=0.01 secs] 
85.599: Total time for which application threads were stopped: 0.0020090 seconds, Stopping threads took: 0.0000450 seconds
85.655: Application time: 0.0551210 seconds
85.656: [GC85.656: [ParNew: 246797K->1638K(275904K), 0.0015100 secs] 724480K->479369K(888836K), 0.0015440 secs] [Times: user=0.02 sys=0.00, real=0.00 secs] 
85.657: Total time for which application threads were stopped: 0.0026290 seconds, Stopping threads took: 0.0006890 seconds
85.715: Application time: 0.0580630 seconds
85.716: [GC85.716: [ParNew: 246886K->1601K(275904K), 0.0015250 secs] 724617K->479398K(888836K), 0.0015620 secs] [Times: user=0.01 sys=0.00, real=0.00 secs] 
85.717: Total time for which application threads were stopped: 0.0020100 seconds, Stopping threads took: 0.0000520 seconds
85.772: Application time: 0.0551360 seconds
85.773: [GC85.773: [ParNew: 246849K->1642K(275904K), 0.0015400 secs] 724646K->479503K(888836K), 0.0015760 secs] [Times: user=0.02 sys=0.00, real=0.00 secs] 
85.774: Total time for which application threads were stopped: 0.0020150 seconds, Stopping threads took: 0.0000470 seconds
85.830: Application time: 0.0554890 seconds
85.830: [GC85.830: [ParNew: 246890K->1293K(275904K), 0.0015010 secs] 724751K->479350K(888836K), 0.0015400 secs] [Times: user=0.01 sys=0.00, real=0.00 secs] 
85.832: Total time for which application threads were stopped: 0.0019870 seconds, Stopping threads took: 0.0000540 seconds
85.891: Application time: 0.0594270 seconds
85.892: [GC85.892: [ParNew: 246541K->1497K(275904K), 0.0016130 secs] 724598K->479654K(888836K), 0.0016460 secs] [Times: user=0.01 sys=0.00, real=0.00 secs] 
85.893: Total time for which application threads were stopped: 0.0021280 seconds, Stopping threads took: 0.0000550 seconds
85.920: Application time: 0.0266590 seconds
85.921: Total time for which application threads were stopped: 0.0004760 seconds, Stopping threads took: 0.0001100 seconds
85.952: Application time: 0.0308970 seconds
85.952: [GC85.952: [ParNew: 246745K->1781K(275904K), 0.0015320 secs] 724902K->480042K(888836K), 0.0015700 secs] [Times: user=0.01 sys=0.00, real=0.00 secs] 
85.954: Total time for which application threads were stopped: 0.0020270 seconds, Stopping threads took: 0.0000670 seconds
86.010: Application time: 0.0559520 seconds
86.010: [GC86.010: [ParNew: 247029K->1464K(275904K), 0.0015630 secs] 725290K->479830K(888836K), 0.0015990 secs] [Times: user=0.01 sys=0.00, real=0.00 secs] 
86.012: Total time for which application threads were stopped: 0.0020160 seconds, Stopping threads took: 0.0000600 seconds
86.068: Application time: 0.0567920 seconds
86.069: [GC86.069: [ParNew: 246712K->1460K(275904K), 0.0017340 secs] 725078K->479929K(888836K), 0.0017790 secs] [Times: user=0.01 sys=0.00, real=0.00 secs] 
86.071: Total time for which application threads were stopped: 0.0022020 seconds, Stopping threads took: 0.0000640 seconds
86.103: Application time: 0.0320060 seconds
86.103: Total time for which application threads were stopped: 0.0004230 seconds, Stopping threads took: 0.0000920 seconds
86.128: Application time: 0.0252420 seconds
86.129: [GC86.129: [ParNew: 246708K->1422K(275904K), 0.0016910 secs] 725177K->479996K(888836K), 0.0017290 secs] [Times: user=0.02 sys=0.00, real=0.00 secs] 
86.130: Total time for which application threads were stopped: 0.0021520 seconds, Stopping threads took: 0.0000760 seconds
86.186: Application time: 0.0560290 seconds
86.187: [GC86.187: [ParNew: 246670K->1629K(275904K), 0.0014770 secs] 725244K->480266K(888836K), 0.0015150 secs] [Times: user=0.01 sys=0.00, real=0.01 secs] 
86.188: Total time for which application threads were stopped: 0.0019610 seconds, Stopping threads took: 0.0000530 seconds
86.245: Application time: 0.0561910 seconds
86.245: [GC86.245: [ParNew: 246877K->1383K(275904K), 0.0015020 secs] 725514K->480084K(888836K), 0.0015390 secs] [Times: user=0.01 sys=0.00, real=0.00 secs] 
86.247: Total time for which application threads were stopped: 0.0019870 seconds, Stopping threads took: 0.0000520 seconds
86.302: Application time: 0.0550610 seconds
86.302: [GC86.302: [ParNew: 246631K->1593K(275904K), 0.0015100 secs] 725332K->480359K(888836K), 0.0015480 secs] [Times: user=0.01 sys=0.00, real=0.00 secs] 
86.304: Total time for which application threads were stopped: 0.0019950 seconds, Stopping threads took: 0.0000550 seconds
86.359: Application time: 0.0551590 seconds
86.359: [GC86.359: [ParNew: 246841K->1541K(275904K), 0.0014950 secs] 725607K->480370K(888836K), 0.0015420 secs] [Times: user=0.01 sys=0.00, real=0.01 secs] 
86.361: Total time for which application threads were stopped: 0.0019890 seconds, Stopping threads took: 0.0000520 seconds
86.416: Application time: 0.0552940 seconds
86.417: [GC86.417: [ParNew: 246789K->1748K(275904K), 0.0015090 secs] 725618K->480641K(888836K), 0.0015470 secs] [Times: user=0.01 sys=0.00, real=0.00 secs] 
86.418: Total time for which application threads were stopped: 0.0020110 seconds, Stopping threads took: 0.0000440 seconds
86.473: Application time: 0.0551910 seconds
86.474: [GC86.474: [ParNew: 246996K->1594K(275904K), 0.0015340 secs] 725889K->480544K(888836K), 0.0015740 secs] [Times: user=0.01 sys=0.00, real=0.00 secs] 
86.475: Total time for which application threads were stopped: 0.0020190 seconds, Stopping threads took: 0.0000520 seconds
86.531: Application time: 0.0553240 seconds
86.531: [GC86.531: [ParNew: 246842K->1786K(275904K), 0.0015800 secs] 725792K->480799K(888836K), 0.0016190 secs] [Times: user=0.01 sys=0.00, real=0.00 secs] 
86.533: Total time for which application threads were stopped: 0.0020630 seconds, Stopping threads took: 0.0000520 seconds
86.588: Application time: 0.0551400 seconds
86.588: [GC86.588: [ParNew: 247034K->1977K(275904K), 0.0015420 secs] 726047K->481046K(888836K), 0.0015800 secs] [Times: user=0.01 sys=0.00, real=0.00 secs] 
86.590: Total time for which application threads were stopped: 0.0020160 seconds, Stopping threads took: 0.0000390 seconds
86.645: Application time: 0.0550630 seconds
86.645: [GC86.645: [ParNew: 247225K->1628K(275904K), 0.0016810 secs] 726294K->480747K(888836K), 0.0017180 secs] [Times: user=0.01 sys=0.00, real=0.00 secs] 
86.647: Total time for which application threads were stopped: 0.0021590 seconds, Stopping threads took: 0.0000500 seconds
86.702: Application time: 0.0551870 seconds
86.703: [GC86.703: [ParNew: 246876K->1700K(275904K), 0.0016500 secs] 725995K->480875K(888836K), 0.0016880 secs] [Times: user=0.01 sys=0.00, real=0.00 secs] 
86.704: Total time for which application threads were stopped: 0.0021330 seconds, Stopping threads took: 0.0000520 seconds
86.761: Application time: 0.0564800 seconds
86.761: [GC86.761: [ParNew: 246948K->1447K(275904K), 0.0015290 secs] 726123K->480825K(888836K), 0.0015740 secs] [Times: user=0.02 sys=0.00, real=0.00 secs] 
86.763: Total time for which application threads were stopped: 0.0020110 seconds, Stopping threads took: 0.0000510 seconds
86.818: Application time: 0.0553370 seconds
86.819: [GC86.819: [ParNew: 246695K->1427K(275904K), 0.0015050 secs] 726073K->481041K(888836K), 0.0015410 secs] [Times: user=0.01 sys=0.00, real=0.01 secs] 
86.820: Total time for which application threads were stopped: 0.0020000 seconds, Stopping threads took: 0.0000730 seconds
86.878: Application time: 0.0574000 seconds
86.878: [GC86.878: [ParNew: 246675K->1024K(275904K), 0.0015050 secs] 726289K->480736K(888836K), 0.0015350 secs] [Times: user=0.01 sys=0.00, real=0.01 secs] 
86.880: Total time for which application threads were stopped: 0.0019970 seconds, Stopping threads took: 0.0000740 seconds
86.936: Application time: 0.0564260 seconds
86.937: [GC86.937: [ParNew: 246272K->1165K(275904K), 0.0014870 secs] 725984K->480976K(888836K), 0.0015210 secs] [Times: user=0.01 sys=0.00, real=0.00 secs] 
86.938: Total time for which application threads were stopped: 0.0020100 seconds, Stopping threads took: 0.0000680 seconds
86.995: Application time: 0.0566160 seconds
86.995: [GC86.995: [ParNew: 246413K->1075K(275904K), 0.0016350 secs] 726224K->480990K(888836K), 0.0016700 secs] [Times: user=0.01 sys=0.00, real=0.00 secs] 
86.997: Total time for which application threads were stopped: 0.0020860 seconds, Stopping threads took: 0.0000580 seconds
87.053: Application time: 0.0563780 seconds
87.054: [GC87.054: [ParNew: 246323K->1027K(275904K), 0.0015070 secs] 726238K->481047K(888836K), 0.0015430 secs] [Times: user=0.01 sys=0.00, real=0.00 secs] 
87.055: Total time for which application threads were stopped: 0.0019550 seconds, Stopping threads took: 0.0000570 seconds
87.111: Application time: 0.0561590 seconds
87.112: [GC87.112: [ParNew: 246275K->1195K(275904K), 0.0015140 secs] 726295K->481279K(888836K), 0.0015490 secs] [Times: user=0.01 sys=0.00, real=0.00 secs] 
87.113: Total time for which application threads were stopped: 0.0019470 seconds, Stopping threads took: 0.0000440 seconds
87.169: Application time: 0.0559150 seconds
87.170: [GC87.170: [ParNew: 246443K->1403K(275904K), 0.0015380 secs] 726527K->481543K(888836K), 0.0015730 secs] [Times: user=0.01 sys=0.00, real=0.00 secs] 
87.171: Total time for which application threads were stopped: 0.0020240 seconds, Stopping threads took: 0.0000560 seconds
87.227: Application time: 0.0561600 seconds
87.228: [GC87.228: [ParNew: 246651K->1202K(275904K), 0.0014100 secs] 726791K->481406K(888836K), 0.0014470 secs] [Times: user=0.01 sys=0.00, real=0.00 secs] 
87.229: Total time for which application threads were stopped: 0.0018880 seconds, Stopping threads took: 0.0000450 seconds
87.285: Application time: 0.0554620 seconds
87.285: [GC87.285: [ParNew: 246450K->1296K(275904K), 0.0016080 secs] 726654K->481548K(888836K), 0.0016420 secs] [Times: user=0.01 sys=0.00, real=0.00 secs] 
87.287: Total time for which application threads were stopped: 0.0020910 seconds, Stopping threads took: 0.0000530 seconds
87.342: Application time: 0.0551020 seconds
87.342: [GC87.342: [ParNew: 246544K->1344K(275904K), 0.0015730 secs] 726796K->481660K(888836K), 0.0016100 secs] [Times: user=0.01 sys=0.00, real=0.00 secs] 
87.344: Total time for which application threads were stopped: 0.0020570 seconds, Stopping threads took: 0.0000540 seconds
87.399: Application time: 0.0554220 seconds
87.400: [GC87.400: [ParNew: 246592K->1273K(275904K), 0.0015360 secs] 726908K->481645K(888836K), 0.0015720 secs] [Times: user=0.01 sys=0.00, real=0.00 secs] 
87.401: Total time for which application threads were stopped: 0.0020020 seconds, Stopping threads took: 0.0000410 seconds
87.457: Application time: 0.0554250 seconds
87.457: [GC87.457: [ParNew: 246521K->1407K(275904K), 0.0016120 secs] 726893K->481835K(888836K), 0.0016500 secs] [Times: user=0.01 sys=0.00, real=0.00 secs] 
87.459: Total time for which application threads were stopped: 0.0021110 seconds, Stopping threads took: 0.0000480 seconds
87.514: Application time: 0.0548670 seconds
87.514: [GC87.514: [ParNew: 246655K->1476K(275904K), 0.0016270 secs] 727083K->481960K(888836K), 0.0016730 secs] [Times: user=0.01 sys=0.00, real=0.00 secs] 
87.516: Total time for which application threads were stopped: 0.0021150 seconds, Stopping threads took: 0.0000470 seconds
87.571: Application time: 0.0550000 seconds
87.571: [GC87.571: [ParNew: 246724K->1500K(275904K), 0.0015670 secs] 727208K->482040K(888836K), 0.0016030 secs] [Times: user=0.01 sys=0.00, real=0.00 secs] 
87.573: Total time for which application threads were stopped: 0.0020230 seconds, Stopping threads took: 0.0000460 seconds
87.628: Application time: 0.0555080 seconds
87.629: [GC87.629: [ParNew: 246748K->1287K(275904K), 0.0016180 secs] 727288K->481963K(888836K), 0.0016550 secs] [Times: user=0.01 sys=0.00, real=0.00 secs] 
87.631: Total time for which application threads were stopped: 0.0021100 seconds, Stopping threads took: 0.0000610 seconds
87.687: Application time: 0.0560060 seconds
87.687: [GC87.687: [ParNew: 246535K->1618K(275904K), 0.0015350 secs] 727211K->482366K(888836K), 0.0015700 secs] [Times: user=0.01 sys=0.00, real=0.01 secs] 
87.689: Total time for which application threads were stopped: 0.0020100 seconds, Stopping threads took: 0.0000540 seconds
87.745: Application time: 0.0565600 seconds
87.748: [GC87.748: [ParNew: 246866K->1345K(275904K), 0.0016330 secs] 727614K->482205K(888836K), 0.0016720 secs] [Times: user=0.01 sys=0.00, real=0.00 secs] 
87.749: Total time for which application threads were stopped: 0.0041350 seconds, Stopping threads took: 0.0020680 seconds
87.806: Application time: 0.0571730 seconds
87.807: [GC87.807: [ParNew: 246593K->1236K(275904K), 0.0015380 secs] 727453K->482176K(888836K), 0.0015720 secs] [Times: user=0.01 sys=0.00, real=0.01 secs] 
87.809: Total time for which application threads were stopped: 0.0020660 seconds, Stopping threads took: 0.0000940 seconds
87.865: Application time: 0.0568500 seconds
87.866: [GC87.866: [ParNew: 246484K->1404K(275904K), 0.0014490 secs] 727424K->482408K(888836K), 0.0014830 secs] [Times: user=0.01 sys=0.01, real=0.01 secs] 
87.867: Total time for which application threads were stopped: 0.0019350 seconds, Stopping threads took: 0.0000600 seconds
87.923: Application time: 0.0559040 seconds
87.924: [GC87.924: [ParNew: 246652K->1188K(275904K), 0.0014680 secs] 727656K->482288K(888836K), 0.0015010 secs] [Times: user=0.01 sys=0.00, real=0.00 secs] 
87.925: Total time for which application threads were stopped: 0.0019450 seconds, Stopping threads took: 0.0000500 seconds
87.981: Application time: 0.0560520 seconds
87.982: [GC87.982: [ParNew: 246436K->1178K(275904K), 0.0016400 secs] 727536K->482370K(888836K), 0.0016740 secs] [Times: user=0.01 sys=0.00, real=0.00 secs] 
87.983: Total time for which application threads were stopped: 0.0021420 seconds, Stopping threads took: 0.0000520 seconds
88.039: Application time: 0.0558960 seconds
88.040: [GC88.040: [ParNew: 246426K->1043K(275904K), 0.0016580 secs] 727618K->482323K(888836K), 0.0016910 secs] [Times: user=0.00 sys=0.00, real=0.00 secs] 
88.041: Total time for which application threads were stopped: 0.0021360 seconds, Stopping threads took: 0.0000490 seconds
88.097: Application time: 0.0554360 seconds
88.097: [GC88.097: [ParNew: 246291K->1243K(275904K), 0.0013880 secs] 727571K->482571K(888836K), 0.0014240 secs] [Times: user=0.01 sys=0.00, real=0.00 secs] 
88.099: Total time for which application threads were stopped: 0.0018750 seconds, Stopping threads took: 0.0000580 seconds
88.154: Application time: 0.0549590 seconds
88.154: [GC88.154: [ParNew: 246491K->1268K(275904K), 0.0014160 secs] 727819K->482644K(888836K), 0.0014540 secs] [Times: user=0.01 sys=0.00, real=0.00 secs] 
88.156: Total time for which application threads were stopped: 0.0019030 seconds, Stopping threads took: 0.0000500 seconds
88.211: Application time: 0.0558630 seconds
88.212: [GC88.212: [ParNew: 246516K->1337K(275904K), 0.0014130 secs] 727892K->482769K(888836K), 0.0014490 secs] [Times: user=0.01 sys=0.00, real=0.00 secs] 
88.213: Total time for which application threads were stopped: 0.0019040 seconds, Stopping threads took: 0.0000500 seconds
88.268: Application time: 0.0550480 seconds
88.269: [GC88.269: [ParNew: 246585K->1426K(275904K), 0.0014250 secs] 728017K->482905K(888836K), 0.0014600 secs] [Times: user=0.01 sys=0.00, real=0.00 secs] 
88.270: Total time for which application threads were stopped: 0.0019030 seconds, Stopping threads took: 0.0000480 seconds
88.325: Application time: 0.0550900 seconds
88.326: [GC88.326: [ParNew: 246674K->1383K(275904K), 0.0014190 secs] 728153K->482911K(888836K), 0.0014570 secs] [Times: user=0.01 sys=0.00, real=0.01 secs] 
88.327: Total time for which application threads were stopped: 0.0019090 seconds, Stopping threads took: 0.0000580 seconds
88.383: Application time: 0.0555620 seconds
88.383: [GC88.383: [ParNew: 246631K->1388K(275904K), 0.0015370 secs] 728159K->482964K(888836K), 0.0015750 secs] [Times: user=0.01 sys=0.00, real=0.00 secs] 
88.385: Total time for which application threads were stopped: 0.0020380 seconds, Stopping threads took: 0.0000530 seconds
88.441: Application time: 0.0555630 seconds
88.441: [GC88.441: [ParNew: 246636K->1423K(275904K), 0.0015580 secs] 728212K->483041K(888836K), 0.0015940 secs] [Times: user=0.01 sys=0.00, real=0.00 secs] 
88.443: Total time for which application threads were stopped: 0.0020390 seconds, Stopping threads took: 0.0000510 seconds
88.498: Application time: 0.0552310 seconds
88.498: [GC88.498: [ParNew: 246671K->1615K(275904K), 0.0015070 secs] 728289K->483297K(888836K), 0.0015430 secs] [Times: user=0.01 sys=0.00, real=0.01 secs] 
88.500: Total time for which application threads were stopped: 0.0020180 seconds, Stopping threads took: 0.0000530 seconds
88.555: Application time: 0.0554400 seconds
88.556: [GC88.556: [ParNew: 246863K->1247K(275904K), 0.0016220 secs] 728545K->483073K(888836K), 0.0016570 secs] [Times: user=0.01 sys=0.00, real=0.00 secs] 
88.557: Total time for which application threads were stopped: 0.0020960 seconds, Stopping threads took: 0.0000390 seconds
88.614: Application time: 0.0561870 seconds
88.614: [GC88.614: [ParNew: 246495K->1464K(275904K), 0.0016500 secs] 728321K->483374K(888836K), 0.0016860 secs] [Times: user=0.01 sys=0.00, real=0.00 secs] 
88.616: Total time for which application threads were stopped: 0.0021550 seconds, Stopping threads took: 0.0000730 seconds
88.671: Application time: 0.0557720 seconds
88.672: [GC88.672: [ParNew: 246712K->1185K(275904K), 0.0016590 secs] 728622K->483175K(888836K), 0.0016960 secs] [Times: user=0.01 sys=0.00, real=0.00 secs] 
88.674: Total time for which application threads were stopped: 0.0021040 seconds, Stopping threads took: 0.0000540 seconds
88.730: Application time: 0.0560190 seconds
88.730: [GC88.730: [ParNew: 246433K->1161K(275904K), 0.0015190 secs] 728423K->483259K(888836K), 0.0015530 secs] [Times: user=0.01 sys=0.00, real=0.00 secs] 
88.732: Total time for which application threads were stopped: 0.0020220 seconds, Stopping threads took: 0.0000750 seconds
88.788: Application time: 0.0564480 seconds
88.789: [GC88.789: [ParNew: 246409K->1225K(275904K), 0.0014420 secs] 728507K->483388K(888836K), 0.0014750 secs] [Times: user=0.01 sys=0.00, real=0.00 secs] 
88.790: Total time for which application threads were stopped: 0.0019300 seconds, Stopping threads took: 0.0000630 seconds
88.846: Application time: 0.0561230 seconds
88.847: [GC88.847: [ParNew: 246473K->1208K(275904K), 0.0014600 secs] 728636K->483478K(888836K), 0.0014960 secs] [Times: user=0.01 sys=0.00, real=0.01 secs] 
88.848: Total time for which application threads were stopped: 0.0019450 seconds, Stopping threads took: 0.0000600 seconds
88.904: Application time: 0.0563820 seconds
88.905: [GC88.905: [ParNew: 246456K->1369K(275904K), 0.0014490 secs] 728726K->483735K(888836K), 0.0014830 secs] [Times: user=0.01 sys=0.00, real=0.00 secs] 
88.906: Total time for which application threads were stopped: 0.0019330 seconds, Stopping threads took: 0.0000550 seconds
88.962: Application time: 0.0553530 seconds
88.962: [GC88.962: [ParNew: 246617K->1249K(275904K), 0.0014520 secs] 728983K->483717K(888836K), 0.0014960 secs] [Times: user=0.01 sys=0.00, real=0.00 secs] 
88.964: Total time for which application threads were stopped: 0.0019410 seconds, Stopping threads took: 0.0000470 seconds
89.020: Application time: 0.0558360 seconds
89.020: [GC89.020: [ParNew: 246497K->1065K(275904K), 0.0014560 secs] 728965K->483596K(888836K), 0.0014930 secs] [Times: user=0.01 sys=0.00, real=0.00 secs] 
89.022: Total time for which application threads were stopped: 0.0019610 seconds, Stopping threads took: 0.0000480 seconds
89.078: Application time: 0.0568500 seconds
89.079: [GC89.079: [ParNew: 246313K->1405K(275904K), 0.0014260 secs] 728844K->484000K(888836K), 0.0014630 secs] [Times: user=0.01 sys=0.00, real=0.01 secs] 
89.080: Total time for which application threads were stopped: 0.0019330 seconds, Stopping threads took: 0.0000730 seconds
89.135: Application time: 0.0551150 seconds
89.136: [GC89.136: [ParNew: 246653K->1239K(275904K), 0.0014280 secs] 729248K->483898K(888836K), 0.0014640 secs] [Times: user=0.02 sys=0.00, real=0.00 secs] 
89.137: Total time for which application threads were stopped: 0.0019150 seconds, Stopping threads took: 0.0000520 seconds
89.193: Application time: 0.0555860 seconds
89.193: [GC89.193: [ParNew: 246487K->1325K(275904K), 0.0014420 secs] 729146K->484049K(888836K), 0.0014790 secs] [Times: user=0.01 sys=0.00, real=0.00 secs] 
89.195: Total time for which application threads were stopped: 0.0019350 seconds, Stopping threads took: 0.0000480 seconds
89.251: Application time: 0.0559310 seconds
89.251: [GC89.251: [ParNew: 246573K->1661K(275904K), 0.0014470 secs] 729297K->484448K(888836K), 0.0014840 secs] [Times: user=0.01 sys=0.00, real=0.00 secs] 
89.253: Total time for which application threads were stopped: 0.0019430 seconds, Stopping threads took: 0.0000500 seconds
89.308: Application time: 0.0549850 seconds
89.308: [GC89.308: [ParNew: 246909K->1331K(275904K), 0.0014960 secs] 729696K->484183K(888836K), 0.0015320 secs] [Times: user=0.01 sys=0.00, real=0.00 secs] 
89.310: Total time for which application threads were stopped: 0.0019820 seconds, Stopping threads took: 0.0000500 seconds
89.365: Application time: 0.0553050 seconds
89.365: [GC89.365: [ParNew: 246579K->1417K(275904K), 0.0015070 secs] 729431K->484332K(888836K), 0.0015430 secs] [Times: user=0.01 sys=0.00, real=0.00 secs] 
89.367: Total time for which application threads were stopped: 0.0019920 seconds, Stopping threads took: 0.0000500 seconds
89.423: Application time: 0.0555980 seconds
89.424: [GC89.424: [ParNew: 246665K->1541K(275904K), 0.0014990 secs] 729580K->484504K(888836K), 0.0015350 secs] [Times: user=0.01 sys=0.00, real=0.00 secs] 
89.425: Total time for which application threads were stopped: 0.0025650 seconds, Stopping threads took: 0.0006320 seconds
89.481: Application time: 0.0561060 seconds
89.482: [GC89.482: [ParNew: 246789K->1490K(275904K), 0.0014430 secs] 729752K->484542K(888836K), 0.0014870 secs] [Times: user=0.00 sys=0.01, real=0.00 secs] 
89.483: Total time for which application threads were stopped: 0.0019460 seconds, Stopping threads took: 0.0000660 seconds
89.539: Application time: 0.0554990 seconds
89.540: [GC89.540: [ParNew: 246738K->1156K(275904K), 0.0014650 secs] 729790K->484314K(888836K), 0.0015000 secs] [Times: user=0.01 sys=0.00, real=0.00 secs] 
89.541: Total time for which application threads were stopped: 0.0024050 seconds, Stopping threads took: 0.0005000 seconds
89.597: Application time: 0.0559330 seconds
89.598: [GC89.598: [ParNew: 246404K->1381K(275904K), 0.0014340 secs] 729562K->484589K(888836K), 0.0014680 secs] [Times: user=0.01 sys=0.00, real=0.00 secs] 
89.599: Total time for which application threads were stopped: 0.0019420 seconds, Stopping threads took: 0.0000810 seconds
89.655: Application time: 0.0555730 seconds
89.655: [GC89.655: [ParNew: 246629K->1087K(275904K), 0.0015650 secs] 729837K->484375K(888836K), 0.0015990 secs] [Times: user=0.01 sys=0.00, real=0.00 secs] 
89.657: Total time for which application threads were stopped: 0.0020830 seconds, Stopping threads took: 0.0000830 seconds
89.713: Application time: 0.0559830 seconds
89.713: [GC89.713: [ParNew: 246335K->1230K(275904K), 0.0016030 secs] 729623K->484582K(888836K), 0.0016450 secs] [Times: user=0.01 sys=0.01, real=0.00 secs] 
89.715: Total time for which application threads were stopped: 0.0020800 seconds, Stopping threads took: 0.0000590 seconds
89.771: Application time: 0.0565820 seconds
89.772: [GC89.772: [ParNew: 246478K->1182K(275904K), 0.0014590 secs] 729830K->484627K(888836K), 0.0014930 secs] [Times: user=0.01 sys=0.00, real=0.00 secs] 
89.773: Total time for which application threads were stopped: 0.0019510 seconds, Stopping threads took: 0.0000600 seconds
89.829: Application time: 0.0556090 seconds
89.829: [GC89.829: [ParNew: 246430K->1284K(275904K), 0.0015010 secs] 729875K->484793K(888836K), 0.0015350 secs] [Times: user=0.01 sys=0.00, real=0.00 secs] 
89.831: Total time for which application threads were stopped: 0.0019870 seconds, Stopping threads took: 0.0000550 seconds
89.887: Application time: 0.0556600 seconds
89.888: [GC89.888: [ParNew: 246532K->1352K(275904K), 0.0014440 secs] 730041K->484960K(888836K), 0.0014790 secs] [Times: user=0.01 sys=0.00, real=0.00 secs] 
89.889: Total time for which application threads were stopped: 0.0025590 seconds, Stopping threads took: 0.0006810 seconds
89.944: Application time: 0.0553580 seconds
89.945: [GC89.945: [ParNew: 246600K->1113K(275904K), 0.0016010 secs] 730208K->484811K(888836K), 0.0016350 secs] [Times: user=0.01 sys=0.00, real=0.00 secs] 
89.947: Total time for which application threads were stopped: 0.0020870 seconds, Stopping threads took: 0.0000550 seconds
90.002: Application time: 0.0554880 seconds
90.003: [GC90.003: [ParNew: 246361K->1228K(275904K), 0.0014880 secs] 730059K->484989K(888836K), 0.0015240 secs] [Times: user=0.01 sys=0.00, real=0.00 secs] 
90.004: Total time for which application threads were stopped: 0.0019730 seconds, Stopping threads took: 0.0000500 seconds
90.060: Application time: 0.0558550 seconds
90.060: [GC90.060: [ParNew: 246476K->1263K(275904K), 0.0014540 secs] 730237K->485088K(888836K), 0.0014900 secs] [Times: user=0.01 sys=0.00, real=0.00 secs] 
90.062: Total time for which application threads were stopped: 0.0019630 seconds, Stopping threads took: 0.0000490 seconds
90.118: Application time: 0.0559720 seconds
90.118: [GC90.118: [ParNew: 246511K->1402K(275904K), 0.0014670 secs] 730336K->485284K(888836K), 0.0015010 secs] [Times: user=0.01 sys=0.00, real=0.01 secs] 
90.120: Total time for which application threads were stopped: 0.0019620 seconds, Stopping threads took: 0.0000530 seconds
90.176: Application time: 0.0556920 seconds
90.176: [GC90.176: [ParNew: 246650K->1467K(275904K), 0.0014450 secs] 730532K->485413K(888836K), 0.0014800 secs] [Times: user=0.01 sys=0.00, real=0.00 secs] 
90.177: Total time for which application threads were stopped: 0.0019360 seconds, Stopping threads took: 0.0000490 seconds
90.234: Application time: 0.0568370 seconds
90.235: [GC90.235: [ParNew: 246715K->1387K(275904K), 0.0014880 secs] 730661K->485396K(888836K), 0.0015240 secs] [Times: user=0.01 sys=0.00, real=0.00 secs] 
90.236: Total time for which application threads were stopped: 0.0019950 seconds, Stopping threads took: 0.0000790 seconds
90.292: Application time: 0.0556320 seconds
90.292: [GC90.292: [ParNew: 246635K->1378K(275904K), 0.0015810 secs] 730644K->485444K(888836K), 0.0016160 secs] [Times: user=0.01 sys=0.00, real=0.00 secs] 
90.294: Total time for which application threads were stopped: 0.0020660 seconds, Stopping threads took: 0.0000500 seconds
90.349: Application time: 0.0553600 seconds
90.350: [GC90.350: [ParNew: 246626K->1322K(275904K), 0.0015590 secs] 730692K->485524K(888836K), 0.0015960 secs] [Times: user=0.01 sys=0.00, real=0.00 secs] 
90.351: Total time for which application threads were stopped: 0.0020530 seconds, Stopping threads took: 0.0000570 seconds
90.408: Application time: 0.0564120 seconds
90.408: [GC90.408: [ParNew: 246570K->1545K(275904K), 0.0016120 secs] 730772K->485839K(888836K), 0.0016550 secs] [Times: user=0.01 sys=0.00, real=0.00 secs] 
90.410: Total time for which application threads were stopped: 0.0021280 seconds, Stopping threads took: 0.0000690 seconds
90.466: Application time: 0.0561620 seconds
90.467: [GC90.467: [ParNew: 246793K->1404K(275904K), 0.0015810 secs] 731087K->485819K(888836K), 0.0016180 secs] [Times: user=0.01 sys=0.01, real=0.01 secs] 
90.468: Total time for which application threads were stopped: 0.0020310 seconds, Stopping threads took: 0.0000560 seconds
90.524: Application time: 0.0559650 seconds
90.525: [GC90.525: [ParNew: 246652K->1379K(275904K), 0.0015570 secs] 731067K->485857K(888836K), 0.0015920 secs] [Times: user=0.01 sys=0.00, real=0.00 secs] 
90.526: Total time for which application threads were stopped: 0.0020060 seconds, Stopping threads took: 0.0000510 seconds
90.582: Application time: 0.0555470 seconds
90.582: [GC90.582: [ParNew: 246627K->1344K(275904K), 0.0016100 secs] 731105K->485889K(888836K), 0.0016440 secs] [Times: user=0.01 sys=0.00, real=0.00 secs] 
90.584: Total time for which application threads were stopped: 0.0021260 seconds, Stopping threads took: 0.0000530 seconds
90.640: Application time: 0.0564020 seconds
90.641: [GC90.641: [ParNew: 246592K->1408K(275904K), 0.0016900 secs] 731137K->486057K(888836K), 0.0017240 secs] [Times: user=0.01 sys=0.01, real=0.00 secs] 
90.642: Total time for which application threads were stopped: 0.0021910 seconds, Stopping threads took: 0.0001050 seconds
90.699: Application time: 0.0564320 seconds
90.699: [GC90.699: [ParNew: 246656K->1425K(275904K), 0.0015330 secs] 731305K->486138K(888836K), 0.0015660 secs] [Times: user=0.01 sys=0.00, real=0.00 secs] 
90.701: Total time for which application threads were stopped: 0.0020590 seconds, Stopping threads took: 0.0000820 seconds
90.756: Application time: 0.0554110 seconds
90.757: [GC90.757: [ParNew: 246673K->1401K(275904K), 0.0015570 secs] 731386K->486216K(888836K), 0.0015930 secs] [Times: user=0.01 sys=0.00, real=0.00 secs] 
90.758: Total time for which application threads were stopped: 0.0020400 seconds, Stopping threads took: 0.0000520 seconds
90.814: Application time: 0.0555600 seconds
90.814: [GC90.814: [ParNew: 246649K->1492K(275904K), 0.0014640 secs] 731464K->486371K(888836K), 0.0015010 secs] [Times: user=0.01 sys=0.00, real=0.00 secs] 
90.816: Total time for which application threads were stopped: 0.0019530 seconds, Stopping threads took: 0.0000570 seconds
90.871: Application time: 0.0556030 seconds
90.872: [GC90.872: [ParNew: 246740K->1165K(275904K), 0.0016620 secs] 731619K->486144K(888836K), 0.0016980 secs] [Times: user=0.00 sys=0.00, real=0.00 secs] 
90.874: Total time for which application threads were stopped: 0.0021400 seconds, Stopping threads took: 0.0000440 seconds
90.929: Application time: 0.0553640 seconds
90.929: [GC90.929: [ParNew: 246413K->1405K(275904K), 0.0015710 secs] 731392K->486496K(888836K), 0.0016130 secs] [Times: user=0.01 sys=0.00, real=0.00 secs] 
90.931: Total time for which application threads were stopped: 0.0020380 seconds, Stopping threads took: 0.0000520 seconds
90.987: Application time: 0.0556790 seconds
90.987: [GC90.987: [ParNew: 246653K->1336K(275904K), 0.0016910 secs] 731744K->486484K(888836K), 0.0017200 secs] [Times: user=0.01 sys=0.00, real=0.01 secs] 
90.989: Total time for which application threads were stopped: 0.0021940 seconds, Stopping threads took: 0.0000830 seconds
91.044: Application time: 0.0554100 seconds
91.045: [GC91.045: [ParNew: 246584K->1400K(275904K), 0.0016040 secs] 731732K->486604K(888836K), 0.0016400 secs] [Times: user=0.01 sys=0.00, real=0.00 secs] 
91.046: Total time for which application threads were stopped: 0.0020850 seconds, Stopping threads took: 0.0000460 seconds
91.102: Application time: 0.0553830 seconds
91.102: [GC91.102: [ParNew: 246648K->1314K(275904K), 0.0014660 secs] 731852K->486582K(888836K), 0.0015030 secs] [Times: user=0.01 sys=0.00, real=0.00 secs] 
91.104: Total time for which application threads were stopped: 0.0019810 seconds, Stopping threads took: 0.0000630 seconds
91.159: Application time: 0.0549460 seconds
91.159: [GC91.159: [ParNew: 246562K->1402K(275904K), 0.0017090 secs] 731830K->486726K(888836K), 0.0017550 secs] [Times: user=0.01 sys=0.00, real=0.01 secs] 
91.161: Total time for which application threads were stopped: 0.0021950 seconds, Stopping threads took: 0.0000500 seconds
91.217: Application time: 0.0563190 seconds
91.218: [GC91.218: [ParNew: 246650K->1493K(275904K), 0.0014940 secs] 731974K->486875K(888836K), 0.0015310 secs] [Times: user=0.02 sys=0.00, real=0.01 secs] 
91.219: Total time for which application threads were stopped: 0.0019910 seconds, Stopping threads took: 0.0000590 seconds
91.275: Application time: 0.0560690 seconds
91.276: [GC91.276: [ParNew: 246741K->1460K(275904K), 0.0014900 secs] 732123K->486962K(888836K), 0.0015270 secs] [Times: user=0.01 sys=0.00, real=0.00 secs] 
91.277: Total time for which application threads were stopped: 0.0019920 seconds, Stopping threads took: 0.0000710 seconds
91.333: Application time: 0.0556570 seconds
91.333: [GC91.333: [ParNew: 246708K->1141K(275904K), 0.0016220 secs] 732210K->486700K(888836K), 0.0016560 secs] [Times: user=0.01 sys=0.00, real=0.00 secs] 
91.335: Total time for which application threads were stopped: 0.0021300 seconds, Stopping threads took: 0.0000890 seconds
91.391: Application time: 0.0553900 seconds
91.391: [GC91.391: [ParNew: 246389K->1214K(275904K), 0.0015120 secs] 731948K->486845K(888836K), 0.0015490 secs] [Times: user=0.01 sys=0.00, real=0.00 secs] 
91.393: Total time for which application threads were stopped: 0.0019710 seconds, Stopping threads took: 0.0000460 seconds
91.448: Application time: 0.0555220 seconds
91.448: [GC91.448: [ParNew: 246462K->1240K(275904K), 0.0014720 secs] 732093K->486937K(888836K), 0.0015040 secs] [Times: user=0.01 sys=0.00, real=0.00 secs] 
91.450: Total time for which application threads were stopped: 0.0019570 seconds, Stopping threads took: 0.0000490 seconds
91.506: Application time: 0.0561700 seconds
91.507: [GC91.507: [ParNew: 246488K->1370K(275904K), 0.0015630 secs] 732185K->487133K(888836K), 0.0015970 secs] [Times: user=0.01 sys=0.00, real=0.01 secs] 
91.508: Total time for which application threads were stopped: 0.0020570 seconds, Stopping threads took: 0.0000610 seconds
91.564: Application time: 0.0557750 seconds
91.564: [GC91.564: [ParNew: 246618K->1247K(275904K), 0.0016230 secs] 732381K->487106K(888836K), 0.0016560 secs] [Times: user=0.01 sys=0.00, real=0.00 secs] 
91.566: Total time for which application threads were stopped: 0.0021230 seconds, Stopping threads took: 0.0000610 seconds
91.622: Application time: 0.0560610 seconds
91.623: [GC91.623: [ParNew: 246495K->1247K(275904K), 0.0014740 secs] 732354K->487170K(888836K), 0.0015080 secs] [Times: user=0.01 sys=0.00, real=0.00 secs] 
91.624: Total time for which application threads were stopped: 0.0019800 seconds, Stopping threads took: 0.0000570 seconds
91.680: Application time: 0.0556920 seconds
91.680: [GC91.680: [ParNew: 246495K->1382K(275904K), 0.0014760 secs] 732418K->487409K(888836K), 0.0015120 secs] [Times: user=0.01 sys=0.00, real=0.00 secs] 
91.682: Total time for which application threads were stopped: 0.0019710 seconds, Stopping threads took: 0.0000630 seconds
91.737: Application time: 0.0554360 seconds
91.738: [GC91.738: [ParNew: 246630K->1449K(275904K), 0.0014630 secs] 732657K->487544K(888836K), 0.0015000 secs] [Times: user=0.01 sys=0.00, real=0.00 secs] 
91.739: Total time for which application threads were stopped: 0.0019500 seconds, Stopping threads took: 0.0000490 seconds
91.795: Application time: 0.0553090 seconds
91.795: [GC91.795: [ParNew: 246697K->1476K(275904K), 0.0015330 secs] 732792K->487635K(888836K), 0.0015680 secs] [Times: user=0.01 sys=0.00, real=0.00 secs] 
91.797: Total time for which application threads were stopped: 0.0020140 seconds, Stopping threads took: 0.0000490 seconds
91.852: Application time: 0.0559440 seconds
91.853: [GC91.853: [ParNew: 246724K->1278K(275904K), 0.0015000 secs] 732883K->487541K(888836K), 0.0015350 secs] [Times: user=0.01 sys=0.00, real=0.00 secs] 
91.854: Total time for which application threads were stopped: 0.0019710 seconds, Stopping threads took: 0.0000410 seconds
91.910: Application time: 0.0552960 seconds
91.910: [GC91.910: [ParNew: 246526K->1319K(275904K), 0.0014680 secs] 732789K->487686K(888836K), 0.0015030 secs] [Times: user=0.02 sys=0.00, real=0.00 secs] 
91.912: Total time for which application threads were stopped: 0.0019650 seconds, Stopping threads took: 0.0000520 seconds
91.968: Application time: 0.0562650 seconds
91.968: [GC91.968: [ParNew: 246567K->1317K(275904K), 0.0014720 secs] 732934K->487748K(888836K), 0.0015060 secs] [Times: user=0.01 sys=0.00, real=0.00 secs] 
91.970: Total time for which application threads were stopped: 0.0019550 seconds, Stopping threads took: 0.0000510 seconds
92.025: Application time: 0.0553050 seconds
92.026: [GC92.026: [ParNew: 246565K->1512K(275904K), 0.0014550 secs] 732996K->488001K(888836K), 0.0014900 secs] [Times: user=0.01 sys=0.00, real=0.00 secs] 
92.027: Total time for which application threads were stopped: 0.0019520 seconds, Stopping threads took: 0.0000540 seconds
92.082: Application time: 0.0550340 seconds
92.083: [GC92.083: [ParNew: 246760K->1373K(275904K), 0.0014620 secs] 733249K->487927K(888836K), 0.0014970 secs] [Times: user=0.01 sys=0.00, real=0.00 secs] 
92.084: Total time for which application threads were stopped: 0.0019750 seconds, Stopping threads took: 0.0000760 seconds
92.140: Application time: 0.0555280 seconds
92.140: [GC92.140: [ParNew: 246621K->1474K(275904K), 0.0015110 secs] 733175K->488116K(888836K), 0.0015430 secs] [Times: user=0.01 sys=0.00, real=0.00 secs] 
92.142: Total time for which application threads were stopped: 0.0020300 seconds, Stopping threads took: 0.0000540 seconds
92.199: Application time: 0.0567950 seconds
92.199: [GC92.199: [ParNew: 246722K->1419K(275904K), 0.0017160 secs] 733364K->488161K(888836K), 0.0017540 secs] [Times: user=0.01 sys=0.00, real=0.01 secs] 
92.201: Total time for which application threads were stopped: 0.0023000 seconds, Stopping threads took: 0.0000830 seconds
92.258: Application time: 0.0566460 seconds
92.258: [GC92.258: [ParNew: 246667K->1233K(275904K), 0.0014200 secs] 733409K->488056K(888836K), 0.0014560 secs] [Times: user=0.01 sys=0.00, real=0.01 secs] 
92.259: Total time for which application threads were stopped: 0.0019220 seconds, Stopping threads took: 0.0000690 seconds
92.315: Application time: 0.0557720 seconds
92.316: [GC92.316: [ParNew: 246481K->1366K(275904K), 0.0014860 secs] 733304K->488252K(888836K), 0.0015170 secs] [Times: user=0.01 sys=0.00, real=0.00 secs] 
92.317: Total time for which application threads were stopped: 0.0019700 seconds, Stopping threads took: 0.0000540 seconds
92.374: Application time: 0.0563370 seconds
92.374: [GC92.374: [ParNew: 246614K->1273K(275904K), 0.0016820 secs] 733500K->488225K(888836K), 0.0017180 secs] [Times: user=0.01 sys=0.00, real=0.00 secs] 
92.376: Total time for which application threads were stopped: 0.0021490 seconds, Stopping threads took: 0.0000640 seconds
92.432: Application time: 0.0559990 seconds
92.432: [GC92.432: [ParNew: 246521K->1286K(275904K), 0.0015310 secs] 733473K->488294K(888836K), 0.0015670 secs] [Times: user=0.01 sys=0.00, real=0.00 secs] 
92.434: Total time for which application threads were stopped: 0.0020030 seconds, Stopping threads took: 0.0000730 seconds
92.490: Application time: 0.0560570 seconds
92.490: [GC92.490: [ParNew: 246534K->1246K(275904K), 0.0017070 secs] 733542K->488302K(888836K), 0.0017430 secs] [Times: user=0.01 sys=0.00, real=0.00 secs] 
92.492: Total time for which application threads were stopped: 0.0022210 seconds, Stopping threads took: 0.0000740 seconds
92.547: Application time: 0.0554100 seconds
92.549: [GC92.549: [ParNew: 246494K->1170K(275904K), 0.0016800 secs] 733550K->488315K(888836K), 0.0017130 secs] [Times: user=0.01 sys=0.00, real=0.00 secs] 
92.550: Total time for which application threads were stopped: 0.0028810 seconds, Stopping threads took: 0.0007750 seconds
92.606: Application time: 0.0554790 seconds
92.606: [GC92.606: [ParNew: 246418K->1315K(275904K), 0.0014670 secs] 733563K->488515K(888836K), 0.0015110 secs] [Times: user=0.01 sys=0.00, real=0.01 secs] 
92.608: Total time for which application threads were stopped: 0.0019660 seconds, Stopping threads took: 0.0000540 seconds
92.663: Application time: 0.0554780 seconds
92.664: [GC92.664: [ParNew: 246563K->1284K(275904K), 0.0014680 secs] 733763K->488590K(888836K), 0.0015040 secs] [Times: user=0.01 sys=0.00, real=0.00 secs] 
92.665: Total time for which application threads were stopped: 0.0019700 seconds, Stopping threads took: 0.0000440 seconds
92.721: Application time: 0.0555550 seconds
92.724: [GC92.724: [ParNew: 246532K->1366K(275904K), 0.0014650 secs] 733838K->488730K(888836K), 0.0015030 secs] [Times: user=0.01 sys=0.00, real=0.00 secs] 
92.725: Total time for which application threads were stopped: 0.0043980 seconds, Stopping threads took: 0.0024970 seconds
92.781: Application time: 0.0556170 seconds
92.781: [GC92.781: [ParNew: 246614K->1408K(275904K), 0.0014600 secs] 733978K->488828K(888836K), 0.0014950 secs] [Times: user=0.01 sys=0.00, real=0.00 secs] 
92.783: Total time for which application threads were stopped: 0.0019490 seconds, Stopping threads took: 0.0000560 seconds
92.838: Application time: 0.0556170 seconds
92.839: [GC92.839: [ParNew: 246656K->1311K(275904K), 0.0015350 secs] 734076K->488872K(888836K), 0.0015710 secs] [Times: user=0.01 sys=0.00, real=0.01 secs] 
92.840: Total time for which application threads were stopped: 0.0020230 seconds, Stopping threads took: 0.0000530 seconds
92.896: Application time: 0.0556070 seconds
92.900: [GC92.900: [ParNew: 246559K->1423K(275904K), 0.0014890 secs] 734120K->489048K(888836K), 0.0015240 secs] [Times: user=0.01 sys=0.00, real=0.00 secs] 
92.901: Total time for which application threads were stopped: 0.0051930 seconds, Stopping threads took: 0.0032730 seconds
92.957: Application time: 0.0558520 seconds
92.957: [GC92.957: [ParNew: 246671K->1497K(275904K), 0.0014680 secs] 734296K->489181K(888836K), 0.0015040 secs] [Times: user=0.01 sys=0.00, real=0.00 secs] 
92.959: Total time for which application threads were stopped: 0.0019400 seconds, Stopping threads took: 0.0000380 seconds
93.014: Application time: 0.0552760 seconds
93.016: [GC93.016: [ParNew: 246745K->1521K(275904K), 0.0014570 secs] 734429K->489252K(888836K), 0.0014930 secs] [Times: user=0.01 sys=0.00, real=0.00 secs] 
93.017: Total time for which application threads were stopped: 0.0028790 seconds, Stopping threads took: 0.0009860 seconds
93.075: Application time: 0.0577240 seconds
93.075: [GC93.075: [ParNew: 246769K->1294K(275904K), 0.0014910 secs] 734500K->489142K(888836K), 0.0015280 secs] [Times: user=0.01 sys=0.00, real=0.00 secs] 
93.077: Total time for which application threads were stopped: 0.0019850 seconds, Stopping threads took: 0.0000580 seconds
93.133: Application time: 0.0562460 seconds
93.134: [GC93.134: [ParNew: 246542K->1150K(275904K), 0.0014480 secs] 734390K->489111K(888836K), 0.0014820 secs] [Times: user=0.01 sys=0.00, real=0.00 secs] 
93.135: Total time for which application threads were stopped: 0.0019380 seconds, Stopping threads took: 0.0000520 seconds
93.191: Application time: 0.0557290 seconds
93.191: [GC93.191: [ParNew: 246398K->1328K(275904K), 0.0014360 secs] 734359K->489352K(888836K), 0.0014720 secs] [Times: user=0.01 sys=0.00, real=0.00 secs] 
93.193: Total time for which application threads were stopped: 0.0019690 seconds, Stopping threads took: 0.0000630 seconds
93.249: Application time: 0.0561070 seconds
93.249: [GC93.249: [ParNew: 246576K->1296K(275904K), 0.0015110 secs] 734600K->489377K(888836K), 0.0015450 secs] [Times: user=0.01 sys=0.00, real=0.00 secs] 
93.251: Total time for which application threads were stopped: 0.0020060 seconds, Stopping threads took: 0.0000540 seconds
93.307: Application time: 0.0556360 seconds
93.307: [GC93.307: [ParNew: 246544K->1277K(275904K), 0.0014910 secs] 734625K->489424K(888836K), 0.0015280 secs] [Times: user=0.01 sys=0.00, real=0.01 secs] 
93.309: Total time for which application threads were stopped: 0.0019980 seconds, Stopping threads took: 0.0000640 seconds
93.365: Application time: 0.0562440 seconds
93.365: [GC93.365: [ParNew: 246525K->1528K(275904K), 0.0014520 secs] 734672K->489731K(888836K), 0.0014930 secs] [Times: user=0.02 sys=0.00, real=0.00 secs] 
93.367: Total time for which application threads were stopped: 0.0019620 seconds, Stopping threads took: 0.0000600 seconds
93.422: Application time: 0.0556360 seconds
93.423: [GC93.423: [ParNew: 246776K->1130K(275904K), 0.0016330 secs] 734979K->489389K(888836K), 0.0016690 secs] [Times: user=0.01 sys=0.00, real=0.00 secs] 
93.425: Total time for which application threads were stopped: 0.0021310 seconds, Stopping threads took: 0.0000610 seconds
93.480: Application time: 0.0556470 seconds
93.481: [GC93.481: [ParNew: 246378K->1270K(275904K), 0.0015840 secs] 734637K->489633K(888836K), 0.0016190 secs] [Times: user=0.01 sys=0.00, real=0.00 secs] 
93.482: Total time for which application threads were stopped: 0.0020680 seconds, Stopping threads took: 0.0000490 seconds
93.538: Application time: 0.0557440 seconds
93.538: [GC93.538: [ParNew: 246518K->1345K(275904K), 0.0014640 secs] 734881K->489771K(888836K), 0.0015000 secs] [Times: user=0.01 sys=0.00, real=0.01 secs] 
93.540: Total time for which application threads were stopped: 0.0019460 seconds, Stopping threads took: 0.0000410 seconds
93.596: Application time: 0.0559800 seconds
93.596: [GC93.596: [ParNew: 246593K->1493K(275904K), 0.0014600 secs] 735019K->490019K(888836K), 0.0014960 secs] [Times: user=0.01 sys=0.00, real=0.00 secs] 
93.598: Total time for which application threads were stopped: 0.0019260 seconds, Stopping threads took: 0.0000380 seconds
93.653: Application time: 0.0555740 seconds
93.654: [GC93.654: [ParNew: 246741K->1366K(275904K), 0.0014690 secs] 735267K->489949K(888836K), 0.0015040 secs] [Times: user=0.01 sys=0.00, real=0.00 secs] 
93.655: Total time for which application threads were stopped: 0.0019360 seconds, Stopping threads took: 0.0000470 seconds
93.711: Application time: 0.0557840 seconds
93.712: [GC93.712: [ParNew: 246614K->1608K(275904K), 0.0015080 secs] 735197K->490250K(888836K), 0.0015450 secs] [Times: user=0.01 sys=0.00, real=0.00 secs] 
93.713: Total time for which application threads were stopped: 0.0020170 seconds, Stopping threads took: 0.0000580 seconds
93.769: Application time: 0.0553530 seconds
93.772: [GC93.772: [ParNew: 246856K->1223K(275904K), 0.0015040 secs] 735498K->489922K(888836K), 0.0015390 secs] [Times: user=0.01 sys=0.00, real=0.00 secs] 
93.773: Total time for which application threads were stopped: 0.0046860 seconds, Stopping threads took: 0.0027520 seconds
93.829: Application time: 0.0553410 seconds
93.829: [GC93.829: [ParNew: 246471K->1211K(275904K), 0.0015250 secs] 735170K->490058K(888836K), 0.0015620 secs] [Times: user=0.01 sys=0.00, real=0.00 secs] 
93.831: Total time for which application threads were stopped: 0.0020150 seconds, Stopping threads took: 0.0000520 seconds
93.886: Application time: 0.0555400 seconds
93.888: [GC93.888: [ParNew: 246459K->1435K(275904K), 0.0016080 secs] 735306K->490338K(888836K), 0.0016440 secs] [Times: user=0.01 sys=0.00, real=0.00 secs] 
93.889: Total time for which application threads were stopped: 0.0031980 seconds, Stopping threads took: 0.0011520 seconds
93.945: Application time: 0.0558290 seconds
93.946: [GC93.946: [ParNew: 246683K->1175K(275904K), 0.0014830 secs] 735586K->490178K(888836K), 0.0015200 secs] [Times: user=0.01 sys=0.00, real=0.00 secs] 
93.947: Total time for which application threads were stopped: 0.0019680 seconds, Stopping threads took: 0.0000420 seconds
94.003: Application time: 0.0563830 seconds
94.004: [GC94.004: [ParNew: 246423K->1263K(275904K), 0.0014720 secs] 735426K->490386K(888836K), 0.0015090 secs] [Times: user=0.01 sys=0.00, real=0.00 secs] 
94.005: Total time for which application threads were stopped: 0.0019610 seconds, Stopping threads took: 0.0000620 seconds
94.061: Application time: 0.0555740 seconds
94.061: [GC94.061: [ParNew: 246511K->1299K(275904K), 0.0014120 secs] 735634K->490494K(888836K), 0.0014460 secs] [Times: user=0.01 sys=0.00, real=0.00 secs] 
94.063: Total time for which application threads were stopped: 0.0019100 seconds, Stopping threads took: 0.0000600 seconds
94.119: Application time: 0.0557260 seconds
94.119: [GC94.119: [ParNew: 246547K->1386K(275904K), 0.0014770 secs] 735742K->490637K(888836K), 0.0015120 secs] [Times: user=0.01 sys=0.00, real=0.01 secs] 
94.121: Total time for which application threads were stopped: 0.0019390 seconds, Stopping threads took: 0.0000560 seconds
94.177: Application time: 0.0568310 seconds
94.178: [GC94.178: [ParNew: 246634K->1124K(275904K), 0.0015670 secs] 735885K->490440K(888836K), 0.0016010 secs] [Times: user=0.01 sys=0.00, real=0.01 secs] 
94.180: Total time for which application threads were stopped: 0.0020400 seconds, Stopping threads took: 0.0000690 seconds
94.236: Application time: 0.0564140 seconds
94.236: [GC94.236: [ParNew: 246372K->1170K(275904K), 0.0014900 secs] 735688K->490544K(888836K), 0.0015250 secs] [Times: user=0.01 sys=0.00, real=0.00 secs] 
94.238: Total time for which application threads were stopped: 0.0020160 seconds, Stopping threads took: 0.0000690 seconds
94.293: Application time: 0.0553750 seconds
94.294: [GC94.294: [ParNew: 246418K->1452K(275904K), 0.0015320 secs] 735792K->490874K(888836K), 0.0015670 secs] [Times: user=0.01 sys=0.00, real=0.00 secs] 
94.295: Total time for which application threads were stopped: 0.0020210 seconds, Stopping threads took: 0.0000550 seconds
94.351: Application time: 0.0555700 seconds
94.351: [GC94.351: [ParNew: 246700K->1314K(275904K), 0.0015200 secs] 736122K->490794K(888836K), 0.0015560 secs] [Times: user=0.01 sys=0.00, real=0.00 secs] 
94.353: Total time for which application threads were stopped: 0.0020170 seconds, Stopping threads took: 0.0000520 seconds
94.408: Application time: 0.0555330 seconds
94.409: [GC94.409: [ParNew: 246562K->1363K(275904K), 0.0015060 secs] 736042K->490951K(888836K), 0.0015430 secs] [Times: user=0.01 sys=0.00, real=0.00 secs] 
94.410: Total time for which application threads were stopped: 0.0020010 seconds, Stopping threads took: 0.0000570 seconds
94.466: Application time: 0.0558270 seconds
94.467: [GC94.467: [ParNew: 246611K->1396K(275904K), 0.0015150 secs] 736199K->491048K(888836K), 0.0015510 secs] [Times: user=0.01 sys=0.00, real=0.01 secs] 
94.468: Total time for which application threads were stopped: 0.0019930 seconds, Stopping threads took: 0.0000460 seconds
94.524: Application time: 0.0552810 seconds
94.524: [GC94.524: [ParNew: 246644K->1420K(275904K), 0.0014570 secs] 736296K->491164K(888836K), 0.0014950 secs] [Times: user=0.01 sys=0.00, real=0.00 secs] 
94.526: Total time for which application threads were stopped: 0.0019390 seconds, Stopping threads took: 0.0000460 seconds
94.581: Application time: 0.0551320 seconds
94.581: [GC94.581: [ParNew: 246668K->1490K(275904K), 0.0015010 secs] 736412K->491298K(888836K), 0.0015370 secs] [Times: user=0.01 sys=0.00, real=0.00 secs] 
94.583: Total time for which application threads were stopped: 0.0019850 seconds, Stopping threads took: 0.0000510 seconds
94.638: Application time: 0.0553610 seconds
94.638: [GC94.638: [ParNew: 246738K->1485K(275904K), 0.0014530 secs] 736546K->491349K(888836K), 0.0014890 secs] [Times: user=0.01 sys=0.00, real=0.01 secs] 
94.640: Total time for which application threads were stopped: 0.0019350 seconds, Stopping threads took: 0.0000490 seconds
94.695: Application time: 0.0555600 seconds
94.696: [GC94.696: [ParNew: 246733K->1451K(275904K), 0.0014730 secs] 736597K->491383K(888836K), 0.0015090 secs] [Times: user=0.01 sys=0.00, real=0.00 secs] 
94.697: Total time for which application threads were stopped: 0.0019470 seconds, Stopping threads took: 0.0000430 seconds
94.753: Application time: 0.0556780 seconds
94.756: [GC94.756: [ParNew: 246699K->1602K(275904K), 0.0014950 secs] 736631K->491600K(888836K), 0.0015310 secs] [Times: user=0.02 sys=0.00, real=0.00 secs] 
94.757: Total time for which application threads were stopped: 0.0040730 seconds, Stopping threads took: 0.0021230 seconds
94.813: Application time: 0.0556000 seconds
94.813: [GC94.813: [ParNew: 246850K->1584K(275904K), 0.0015020 secs] 736848K->491678K(888836K), 0.0015470 secs] [Times: user=0.01 sys=0.00, real=0.00 secs] 
94.815: Total time for which application threads were stopped: 0.0019960 seconds, Stopping threads took: 0.0000500 seconds
94.871: Application time: 0.0564580 seconds
94.872: [GC94.872: [ParNew: 246832K->1367K(275904K), 0.0015510 secs] 736926K->491634K(888836K), 0.0015880 secs] [Times: user=0.01 sys=0.00, real=0.00 secs] 
94.873: Total time for which application threads were stopped: 0.0020360 seconds, Stopping threads took: 0.0000500 seconds
94.930: Application time: 0.0562630 seconds
94.930: [GC94.930: [ParNew: 246615K->1217K(275904K), 0.0015080 secs] 736882K->491572K(888836K), 0.0015440 secs] [Times: user=0.02 sys=0.00, real=0.00 secs] 
94.932: Total time for which application threads were stopped: 0.0019920 seconds, Stopping threads took: 0.0000540 seconds
94.987: Application time: 0.0553040 seconds
94.992: [GC94.992: [ParNew: 246465K->1201K(275904K), 0.0016080 secs] 736820K->491612K(888836K), 0.0016400 secs] [Times: user=0.01 sys=0.00, real=0.00 secs] 
94.993: Total time for which application threads were stopped: 0.0064100 seconds, Stopping threads took: 0.0043800 seconds
95.049: Application time: 0.0560150 seconds
95.050: [GC95.050: [ParNew: 246449K->1092K(275904K), 0.0015970 secs] 736860K->491559K(888836K), 0.0016330 secs] [Times: user=0.01 sys=0.00, real=0.00 secs] 
95.051: Total time for which application threads were stopped: 0.0020830 seconds, Stopping threads took: 0.0000510 seconds
95.107: Application time: 0.0556450 seconds
95.108: [GC95.108: [ParNew: 246340K->1064K(275904K), 0.0015990 secs] 736807K->491587K(888836K), 0.0016320 secs] [Times: user=0.01 sys=0.00, real=0.00 secs] 
95.109: Total time for which application threads were stopped: 0.0021020 seconds, Stopping threads took: 0.0000610 seconds
95.165: Application time: 0.0561220 seconds
95.166: [GC95.166: [ParNew: 246312K->1306K(275904K), 0.0014240 secs] 736835K->491894K(888836K), 0.0014600 secs] [Times: user=0.01 sys=0.00, real=0.00 secs] 
95.167: Total time for which application threads were stopped: 0.0019300 seconds, Stopping threads took: 0.0000660 seconds
95.223: Application time: 0.0560460 seconds
95.224: [GC95.224: [ParNew: 246554K->1290K(275904K), 0.0014630 secs] 737142K->491943K(888836K), 0.0015000 secs] [Times: user=0.01 sys=0.00, real=0.00 secs] 
95.225: Total time for which application threads were stopped: 0.0019490 seconds, Stopping threads took: 0.0000530 seconds
95.281: Application time: 0.0555040 seconds
95.281: [GC95.281: [ParNew: 246538K->1401K(275904K), 0.0015210 secs] 737191K->492118K(888836K), 0.0015580 secs] [Times: user=0.02 sys=0.00, real=0.00 secs] 
95.283: Total time for which application threads were stopped: 0.0020280 seconds, Stopping threads took: 0.0000480 seconds
95.338: Application time: 0.0551460 seconds
95.338: [GC95.338: [ParNew: 246649K->1236K(275904K), 0.0014440 secs] 737366K->492052K(888836K), 0.0014810 secs] [Times: user=0.02 sys=0.00, real=0.01 secs] 
95.340: Total time for which application threads were stopped: 0.0019270 seconds, Stopping threads took: 0.0000490 seconds
95.395: Application time: 0.0553490 seconds
95.396: [GC95.396: [ParNew: 246484K->1461K(275904K), 0.0015160 secs] 737300K->492340K(888836K), 0.0015510 secs] [Times: user=0.01 sys=0.00, real=0.00 secs] 
95.397: Total time for which application threads were stopped: 0.0020150 seconds, Stopping threads took: 0.0000610 seconds
95.453: Application time: 0.0553810 seconds
95.453: [GC95.453: [ParNew: 246709K->1465K(275904K), 0.0014670 secs] 737588K->492408K(888836K), 0.0015040 secs] [Times: user=0.01 sys=0.00, real=0.00 secs] 
95.455: Total time for which application threads were stopped: 0.0019510 seconds, Stopping threads took: 0.0000470 seconds
95.510: Application time: 0.0551970 seconds
95.510: [GC95.510: [ParNew: 246713K->1304K(275904K), 0.0015810 secs] 737656K->492351K(888836K), 0.0016170 secs] [Times: user=0.01 sys=0.00, real=0.00 secs] 
95.512: Total time for which application threads were stopped: 0.0020680 seconds, Stopping threads took: 0.0000540 seconds
95.567: Application time: 0.0553220 seconds
95.568: [GC95.568: [ParNew: 246552K->1368K(275904K), 0.0016100 secs] 737599K->492471K(888836K), 0.0016540 secs] [Times: user=0.01 sys=0.00, real=0.00 secs] 
95.569: Total time for which application threads were stopped: 0.0021090 seconds, Stopping threads took: 0.0000480 seconds
95.625: Application time: 0.0553220 seconds
95.625: [GC95.625: [ParNew: 246616K->1533K(275904K), 0.0015080 secs] 737719K->492703K(888836K), 0.0015450 secs] [Times: user=0.01 sys=0.00, real=0.00 secs] 
95.627: Total time for which application threads were stopped: 0.0019960 seconds, Stopping threads took: 0.0000550 seconds
95.681: Application time: 0.0549050 seconds
95.684: [GC95.684: [ParNew: 246781K->1668K(275904K), 0.0015020 secs] 737951K->492901K(888836K), 0.0015390 secs] [Times: user=0.01 sys=0.00, real=0.00 secs] 
95.685: Total time for which application threads were stopped: 0.0037300 seconds, Stopping threads took: 0.0017900 seconds
95.741: Application time: 0.0555410 seconds
95.741: [GC95.741: [ParNew: 246916K->1591K(275904K), 0.0015390 secs] 738149K->492924K(888836K), 0.0015760 secs] [Times: user=0.01 sys=0.00, real=0.00 secs] 
95.743: Total time for which application threads were stopped: 0.0020370 seconds, Stopping threads took: 0.0000710 seconds
95.802: Application time: 0.0592240 seconds
95.802: [GC95.803: [ParNew: 246839K->1510K(275904K), 0.0016060 secs] 738172K->493051K(888836K), 0.0016420 secs] [Times: user=0.01 sys=0.00, real=0.00 secs] 
95.804: Total time for which application threads were stopped: 0.0021220 seconds, Stopping threads took: 0.0000570 seconds
95.815: Application time: 0.0107260 seconds
95.820: Total time for which application threads were stopped: 0.0047700 seconds, Stopping threads took: 0.0044050 seconds
95.865: Application time: 0.0452160 seconds
95.865: [GC95.865: [ParNew: 246758K->1061K(275904K), 0.0015600 secs] 738299K->492711K(888836K), 0.0015940 secs] [Times: user=0.01 sys=0.00, real=0.00 secs] 
95.867: Total time for which application threads were stopped: 0.0020460 seconds, Stopping threads took: 0.0000540 seconds
95.923: Application time: 0.0559810 seconds
95.923: [GC95.923: [ParNew: 246309K->1353K(275904K), 0.0014900 secs] 737959K->493058K(888836K), 0.0015240 secs] [Times: user=0.01 sys=0.00, real=0.00 secs] 
95.925: Total time for which application threads were stopped: 0.0020020 seconds, Stopping threads took: 0.0000630 seconds
95.981: Application time: 0.0560190 seconds
95.984: [GC95.984: [ParNew: 246601K->1244K(275904K), 0.0014960 secs] 738306K->493014K(888836K), 0.0015270 secs] [Times: user=0.01 sys=0.00, real=0.00 secs] 
95.985: Total time for which application threads were stopped: 0.0042670 seconds, Stopping threads took: 0.0023410 seconds
96.041: Application time: 0.0555940 seconds
96.041: [GC96.041: [ParNew: 246492K->1354K(275904K), 0.0015630 secs] 738262K->493179K(888836K), 0.0016010 secs] [Times: user=0.01 sys=0.00, real=0.00 secs] 
96.043: Total time for which application threads were stopped: 0.0020090 seconds, Stopping threads took: 0.0000540 seconds
96.098: Application time: 0.0556480 seconds
96.099: [GC96.099: [ParNew: 246602K->1421K(275904K), 0.0015120 secs] 738427K->493310K(888836K), 0.0015470 secs] [Times: user=0.01 sys=0.00, real=0.01 secs] 
96.100: Total time for which application threads were stopped: 0.0020020 seconds, Stopping threads took: 0.0000520 seconds
96.156: Application time: 0.0551850 seconds
96.156: [GC96.156: [ParNew: 246669K->1442K(275904K), 0.0015920 secs] 738558K->493388K(888836K), 0.0016290 secs] [Times: user=0.01 sys=0.00, real=0.00 secs] 
96.158: Total time for which application threads were stopped: 0.0020740 seconds, Stopping threads took: 0.0000470 seconds
96.214: Application time: 0.0561390 seconds
96.214: [GC96.214: [ParNew: 246690K->1587K(275904K), 0.0015820 secs] 738636K->493599K(888836K), 0.0016190 secs] [Times: user=0.01 sys=0.00, real=0.00 secs] 
96.216: Total time for which application threads were stopped: 0.0020580 seconds, Stopping threads took: 0.0000420 seconds
96.271: Application time: 0.0555270 seconds
96.272: [GC96.272: [ParNew: 246835K->1643K(275904K), 0.0015950 secs] 738847K->493711K(888836K), 0.0016410 secs] [Times: user=0.01 sys=0.00, real=0.00 secs] 
96.274: Total time for which application threads were stopped: 0.0020870 seconds, Stopping threads took: 0.0000470 seconds
96.329: Application time: 0.0553660 seconds
96.329: [GC96.329: [ParNew: 246891K->1505K(275904K), 0.0016950 secs] 738959K->493679K(888836K), 0.0017300 secs] [Times: user=0.02 sys=0.00, real=0.00 secs] 
96.331: Total time for which application threads were stopped: 0.0021930 seconds, Stopping threads took: 0.0000400 seconds
96.386: Application time: 0.0553680 seconds
96.387: [GC96.387: [ParNew: 246753K->1669K(275904K), 0.0015580 secs] 738927K->493907K(888836K), 0.0015890 secs] [Times: user=0.01 sys=0.00, real=0.01 secs] 
96.389: Total time for which application threads were stopped: 0.0020320 seconds, Stopping threads took: 0.0000520 seconds
96.446: Application time: 0.0574630 seconds
96.446: [GC96.446: [ParNew: 246917K->1742K(275904K), 0.0015130 secs] 739155K->494043K(888836K), 0.0015530 secs] [Times: user=0.01 sys=0.00, real=0.01 secs] 
96.448: Total time for which application threads were stopped: 0.0020070 seconds, Stopping threads took: 0.0000530 seconds
96.503: Application time: 0.0553670 seconds
96.504: [GC96.504: [ParNew: 246990K->1512K(275904K), 0.0015360 secs] 739291K->493918K(888836K), 0.0015710 secs] [Times: user=0.01 sys=0.00, real=0.00 secs] 
96.505: Total time for which application threads were stopped: 0.0020270 seconds, Stopping threads took: 0.0000600 seconds
96.561: Application time: 0.0552820 seconds
96.561: [GC96.561: [ParNew: 246760K->1732K(275904K), 0.0015840 secs] 739166K->494212K(888836K), 0.0016190 secs] [Times: user=0.01 sys=0.00, real=0.00 secs] 
96.563: Total time for which application threads were stopped: 0.0020690 seconds, Stopping threads took: 0.0000550 seconds
96.618: Application time: 0.0555510 seconds
96.619: [GC96.619: [ParNew: 246980K->1841K(275904K), 0.0015840 secs] 739460K->494385K(888836K), 0.0016220 secs] [Times: user=0.01 sys=0.00, real=0.01 secs] 
96.620: Total time for which application threads were stopped: 0.0020710 seconds, Stopping threads took: 0.0000510 seconds
96.677: Application time: 0.0565770 seconds
96.677: [GC96.677: [ParNew: 247089K->1519K(275904K), 0.0015120 secs] 739633K->494241K(888836K), 0.0015460 secs] [Times: user=0.01 sys=0.00, real=0.00 secs] 
96.679: Total time for which application threads were stopped: 0.0019870 seconds, Stopping threads took: 0.0000540 seconds
96.735: Application time: 0.0557190 seconds
96.736: [GC96.736: [ParNew: 246767K->1384K(275904K), 0.0014650 secs] 739489K->494194K(888836K), 0.0014990 secs] [Times: user=0.01 sys=0.00, real=0.00 secs] 
96.737: Total time for which application threads were stopped: 0.0024920 seconds, Stopping threads took: 0.0006050 seconds
96.795: Application time: 0.0581980 seconds
96.796: [GC96.796: [ParNew: 246632K->1189K(275904K), 0.0015280 secs] 739442K->494099K(888836K), 0.0015630 secs] [Times: user=0.01 sys=0.00, real=0.00 secs] 
96.797: Total time for which application threads were stopped: 0.0020140 seconds, Stopping threads took: 0.0000510 seconds
96.853: Application time: 0.0554610 seconds
96.856: [GC96.856: [ParNew: 246437K->1159K(275904K), 0.0015090 secs] 739347K->494165K(888836K), 0.0015430 secs] [Times: user=0.01 sys=0.00, real=0.00 secs] 
96.857: Total time for which application threads were stopped: 0.0043730 seconds, Stopping threads took: 0.0024170 seconds
96.877: Application time: 0.0194090 seconds
96.877: Total time for which application threads were stopped: 0.0004360 seconds, Stopping threads took: 0.0000690 seconds
96.913: Application time: 0.0363350 seconds
96.916: [GC96.916: [ParNew: 246407K->1471K(275904K), 0.0014270 secs] 739413K->494541K(888836K), 0.0014620 secs] [Times: user=0.02 sys=0.00, real=0.00 secs] 
96.917: Total time for which application threads were stopped: 0.0037160 seconds, Stopping threads took: 0.0018630 seconds
96.972: Application time: 0.0552860 seconds
96.976: [GC96.976: [ParNew: 246719K->1120K(275904K), 0.0014780 secs] 739789K->494254K(888836K), 0.0015190 secs] [Times: user=0.01 sys=0.00, real=0.00 secs] 
96.977: Total time for which application threads were stopped: 0.0047650 seconds, Stopping threads took: 0.0028470 seconds
97.033: Application time: 0.0555630 seconds
97.036: [GC97.036: [ParNew: 246368K->1249K(275904K), 0.0014810 secs] 739502K->494440K(888836K), 0.0015160 secs] [Times: user=0.01 sys=0.00, real=0.00 secs] 
97.037: Total time for which application threads were stopped: 0.0044260 seconds, Stopping threads took: 0.0025150 seconds
97.093: Application time: 0.0557610 seconds
97.093: [GC97.093: [ParNew: 246497K->1281K(275904K), 0.0017220 secs] 739688K->494520K(888836K), 0.0017560 secs] [Times: user=0.01 sys=0.00, real=0.00 secs] 
97.095: Total time for which application threads were stopped: 0.0022090 seconds, Stopping threads took: 0.0000480 seconds
97.151: Application time: 0.0554320 seconds
97.151: [GC97.151: [ParNew: 246529K->1569K(275904K), 0.0015270 secs] 739768K->494871K(888836K), 0.0015630 secs] [Times: user=0.01 sys=0.00, real=0.00 secs] 
97.153: Total time for which application threads were stopped: 0.0020130 seconds, Stopping threads took: 0.0000500 seconds
97.208: Application time: 0.0558670 seconds
97.209: [GC97.209: [ParNew: 246817K->1490K(275904K), 0.0015140 secs] 740119K->494840K(888836K), 0.0015510 secs] [Times: user=0.01 sys=0.00, real=0.00 secs] 
97.210: Total time for which application threads were stopped: 0.0020040 seconds, Stopping threads took: 0.0000550 seconds
97.266: Application time: 0.0551620 seconds
97.266: [GC97.266: [ParNew: 246738K->1747K(275904K), 0.0015140 secs] 740088K->495163K(888836K), 0.0015500 secs] [Times: user=0.01 sys=0.00, real=0.01 secs] 
97.268: Total time for which application threads were stopped: 0.0019990 seconds, Stopping threads took: 0.0000510 seconds
97.323: Application time: 0.0549740 seconds
97.323: [GC97.323: [ParNew: 246995K->1111K(275904K), 0.0015360 secs] 740411K->494711K(888836K), 0.0015740 secs] [Times: user=0.01 sys=0.00, real=0.00 secs] 
97.325: Total time for which application threads were stopped: 0.0020320 seconds, Stopping threads took: 0.0000570 seconds
97.380: Application time: 0.0556250 seconds
97.381: [GC97.381: [ParNew: 246359K->1338K(275904K), 0.0014830 secs] 739959K->494995K(888836K), 0.0015190 secs] [Times: user=0.01 sys=0.00, real=0.00 secs] 
97.382: Total time for which application threads were stopped: 0.0019950 seconds, Stopping threads took: 0.0000440 seconds
97.438: Application time: 0.0553890 seconds
97.438: [GC97.438: [ParNew: 246586K->1539K(275904K), 0.0014810 secs] 740243K->495296K(888836K), 0.0015170 secs] [Times: user=0.01 sys=0.00, real=0.01 secs] 
97.440: Total time for which application threads were stopped: 0.0019650 seconds, Stopping threads took: 0.0000460 seconds
97.495: Application time: 0.0553670 seconds
97.495: [GC97.495: [ParNew: 246787K->1487K(275904K), 0.0014880 secs] 740544K->495300K(888836K), 0.0015240 secs] [Times: user=0.01 sys=0.00, real=0.00 secs] 
97.497: Total time for which application threads were stopped: 0.0019800 seconds, Stopping threads took: 0.0000450 seconds
97.553: Application time: 0.0560670 seconds
97.556: [GC97.556: [ParNew: 246735K->1455K(275904K), 0.0014870 secs] 740548K->495400K(888836K), 0.0015230 secs] [Times: user=0.01 sys=0.00, real=0.00 secs] 
97.557: Total time for which application threads were stopped: 0.0041160 seconds, Stopping threads took: 0.0021910 seconds
97.614: Application time: 0.0563920 seconds
97.614: [GC97.614: [ParNew: 246703K->1260K(275904K), 0.0014980 secs] 740648K->495357K(888836K), 0.0015350 secs] [Times: user=0.02 sys=0.00, real=0.00 secs] 
97.616: Total time for which application threads were stopped: 0.0019770 seconds, Stopping threads took: 0.0000450 seconds
97.672: Application time: 0.0559650 seconds
97.676: [GC97.676: [ParNew: 246508K->1434K(275904K), 0.0014410 secs] 740605K->495597K(888836K), 0.0014760 secs] [Times: user=0.01 sys=0.00, real=0.00 secs] 
97.677: Total time for which application threads were stopped: 0.0056100 seconds, Stopping threads took: 0.0037340 seconds
97.733: Application time: 0.0555090 seconds
97.733: [GC97.733: [ParNew: 246682K->1083K(275904K), 0.0014580 secs] 740845K->495310K(888836K), 0.0015030 secs] [Times: user=0.01 sys=0.00, real=0.00 secs] 
97.735: Total time for which application threads were stopped: 0.0019520 seconds, Stopping threads took: 0.0000420 seconds
97.790: Application time: 0.0554710 seconds
97.791: [GC97.791: [ParNew: 246331K->1218K(275904K), 0.0015410 secs] 740558K->495593K(888836K), 0.0015760 secs] [Times: user=0.01 sys=0.00, real=0.00 secs] 
97.792: Total time for which application threads were stopped: 0.0020290 seconds, Stopping threads took: 0.0000530 seconds
97.848: Application time: 0.0559740 seconds
97.849: [GC97.849: [ParNew: 246466K->1273K(275904K), 0.0015880 secs] 740841K->495712K(888836K), 0.0016220 secs] [Times: user=0.01 sys=0.00, real=0.00 secs] 
97.850: Total time for which application threads were stopped: 0.0020810 seconds, Stopping threads took: 0.0000560 seconds
97.907: Application time: 0.0566760 seconds
97.912: [GC97.912: [ParNew: 246521K->1263K(275904K), 0.0014690 secs] 740960K->495766K(888836K), 0.0015010 secs] [Times: user=0.01 sys=0.00, real=0.00 secs] 
97.913: Total time for which application threads were stopped: 0.0063140 seconds, Stopping threads took: 0.0043950 seconds
97.969: Application time: 0.0554700 seconds
97.969: [GC97.969: [ParNew: 246511K->1374K(275904K), 0.0014530 secs] 741014K->495941K(888836K), 0.0014880 secs] [Times: user=0.01 sys=0.00, real=0.00 secs] 
97.971: Total time for which application threads were stopped: 0.0019310 seconds, Stopping threads took: 0.0000490 seconds
98.026: Application time: 0.0553840 seconds
98.026: [GC98.026: [ParNew: 246622K->1501K(275904K), 0.0014420 secs] 741189K->496132K(888836K), 0.0014810 secs] [Times: user=0.01 sys=0.00, real=0.01 secs] 
98.028: Total time for which application threads were stopped: 0.0019350 seconds, Stopping threads took: 0.0000550 seconds
98.083: Application time: 0.0554010 seconds
98.084: [GC98.084: [ParNew: 246749K->1510K(275904K), 0.0015670 secs] 741380K->496199K(888836K), 0.0016020 secs] [Times: user=0.01 sys=0.00, real=0.00 secs] 
98.085: Total time for which application threads were stopped: 0.0020690 seconds, Stopping threads took: 0.0000680 seconds
98.140: Application time: 0.0551110 seconds
98.141: [GC98.141: [ParNew: 246758K->1277K(275904K), 0.0016430 secs] 741447K->496022K(888836K), 0.0016770 secs] [Times: user=0.01 sys=0.00, real=0.00 secs] 
98.143: Total time for which application threads were stopped: 0.0021290 seconds, Stopping threads took: 0.0000540 seconds
98.198: Application time: 0.0557130 seconds
98.199: [GC98.199: [ParNew: 246525K->1566K(275904K), 0.0014850 secs] 741270K->496376K(888836K), 0.0015190 secs] [Times: user=0.01 sys=0.00, real=0.00 secs] 
98.201: Total time for which application threads were stopped: 0.0025750 seconds, Stopping threads took: 0.0005720 seconds
98.256: Application time: 0.0555730 seconds
98.257: [GC98.257: [ParNew: 246814K->1469K(275904K), 0.0015560 secs] 741624K->496379K(888836K), 0.0015920 secs] [Times: user=0.01 sys=0.00, real=0.00 secs] 
98.259: Total time for which application threads were stopped: 0.0020550 seconds, Stopping threads took: 0.0000660 seconds
98.314: Application time: 0.0551230 seconds
98.314: [GC98.314: [ParNew: 246717K->1537K(275904K), 0.0015790 secs] 741627K->496511K(888836K), 0.0016190 secs] [Times: user=0.01 sys=0.00, real=0.00 secs] 
98.316: Total time for which application threads were stopped: 0.0020590 seconds, Stopping threads took: 0.0000440 seconds
98.371: Application time: 0.0555120 seconds
98.372: [GC98.372: [ParNew: 246785K->1570K(275904K), 0.0015120 secs] 741759K->496603K(888836K), 0.0015480 secs] [Times: user=0.01 sys=0.00, real=0.00 secs] 
98.373: Total time for which application threads were stopped: 0.0019950 seconds, Stopping threads took: 0.0000480 seconds
98.429: Application time: 0.0555210 seconds
98.429: [GC98.429: [ParNew: 246818K->1380K(275904K), 0.0016730 secs] 741851K->496517K(888836K), 0.0017160 secs] [Times: user=0.01 sys=0.00, real=0.00 secs] 
98.431: Total time for which application threads were stopped: 0.0021840 seconds, Stopping threads took: 0.0000520 seconds
98.487: Application time: 0.0565140 seconds
98.488: [GC98.488: [ParNew: 246628K->1365K(275904K), 0.0015060 secs] 741765K->496590K(888836K), 0.0015420 secs] [Times: user=0.01 sys=0.00, real=0.00 secs] 
98.489: Total time for which application threads were stopped: 0.0020020 seconds, Stopping threads took: 0.0000680 seconds
98.546: Application time: 0.0564000 seconds
98.548: [GC98.548: [ParNew: 246613K->1120K(275904K), 0.0016230 secs] 741838K->496418K(888836K), 0.0016560 secs] [Times: user=0.01 sys=0.00, real=0.00 secs] 
98.549: Total time for which application threads were stopped: 0.0034310 seconds, Stopping threads took: 0.0013790 seconds
98.605: Application time: 0.0557890 seconds
98.606: [GC98.606: [ParNew: 246368K->1029K(275904K), 0.0015990 secs] 741666K->496384K(888836K), 0.0016320 secs] [Times: user=0.01 sys=0.00, real=0.00 secs] 
98.607: Total time for which application threads were stopped: 0.0020850 seconds, Stopping threads took: 0.0000560 seconds
98.663: Application time: 0.0555340 seconds
98.664: [GC98.664: [ParNew: 246277K->1144K(275904K), 0.0014530 secs] 741632K->496539K(888836K), 0.0014870 secs] [Times: user=0.01 sys=0.00, real=0.00 secs] 
98.665: Total time for which application threads were stopped: 0.0024130 seconds, Stopping threads took: 0.0005280 seconds
98.721: Application time: 0.0559390 seconds
98.722: [GC98.722: [ParNew: 246392K->1325K(275904K), 0.0015250 secs] 741787K->496760K(888836K), 0.0015580 secs] [Times: user=0.01 sys=0.00, real=0.00 secs] 
98.723: Total time for which application threads were stopped: 0.0020460 seconds, Stopping threads took: 0.0000900 seconds
98.779: Application time: 0.0555160 seconds
98.780: [GC98.780: [ParNew: 246573K->1146K(275904K), 0.0015590 secs] 742008K->496728K(888836K), 0.0015930 secs] [Times: user=0.01 sys=0.00, real=0.00 secs] 
98.781: Total time for which application threads were stopped: 0.0026110 seconds, Stopping threads took: 0.0006190 seconds
98.837: Application time: 0.0560440 seconds
98.838: [GC98.838: [ParNew: 246394K->1243K(275904K), 0.0016040 secs] 741976K->496881K(888836K), 0.0016380 secs] [Times: user=0.01 sys=0.00, real=0.01 secs] 
98.839: Total time for which application threads were stopped: 0.0020980 seconds, Stopping threads took: 0.0000660 seconds
98.895: Application time: 0.0560180 seconds
98.900: [GC98.900: [ParNew: 246491K->1253K(275904K), 0.0014430 secs] 742129K->496955K(888836K), 0.0014800 secs] [Times: user=0.01 sys=0.00, real=0.00 secs] 
98.901: Total time for which application threads were stopped: 0.0056830 seconds, Stopping threads took: 0.0038130 seconds
98.957: Application time: 0.0557500 seconds
98.960: [GC98.960: [ParNew: 246501K->1339K(275904K), 0.0014440 secs] 742203K->497089K(888836K), 0.0014810 secs] [Times: user=0.01 sys=0.00, real=0.00 secs] 
98.961: Total time for which application threads were stopped: 0.0042660 seconds, Stopping threads took: 0.0023630 seconds
99.017: Application time: 0.0557040 seconds
99.017: [GC99.017: [ParNew: 246587K->1482K(275904K), 0.0014890 secs] 742337K->497281K(888836K), 0.0015250 secs] [Times: user=0.01 sys=0.00, real=0.00 secs] 
99.019: Total time for which application threads were stopped: 0.0019790 seconds, Stopping threads took: 0.0000520 seconds
99.074: Application time: 0.0552630 seconds
99.076: [GC99.076: [ParNew: 246730K->1352K(275904K), 0.0015310 secs] 742529K->497198K(888836K), 0.0015650 secs] [Times: user=0.01 sys=0.00, real=0.00 secs] 
99.077: Total time for which application threads were stopped: 0.0031130 seconds, Stopping threads took: 0.0011510 seconds
99.132: Application time: 0.0551720 seconds
99.133: [GC99.133: [ParNew: 246600K->1395K(275904K), 0.0014590 secs] 742446K->497281K(888836K), 0.0014930 secs] [Times: user=0.01 sys=0.00, real=0.00 secs] 
99.134: Total time for which application threads were stopped: 0.0019580 seconds, Stopping threads took: 0.0000700 seconds
99.189: Application time: 0.0548650 seconds
99.190: [GC99.190: [ParNew: 246643K->1604K(275904K), 0.0014960 secs] 742529K->497531K(888836K), 0.0015420 secs] [Times: user=0.01 sys=0.00, real=0.00 secs] 
99.191: Total time for which application threads were stopped: 0.0020040 seconds, Stopping threads took: 0.0000590 seconds
99.247: Application time: 0.0557390 seconds
99.247: [GC99.247: [ParNew: 246852K->1456K(275904K), 0.0014550 secs] 742779K->497490K(888836K), 0.0014910 secs] [Times: user=0.01 sys=0.00, real=0.00 secs] 
99.249: Total time for which application threads were stopped: 0.0019680 seconds, Stopping threads took: 0.0000660 seconds
99.304: Application time: 0.0547240 seconds
99.304: [GC99.304: [ParNew: 246704K->1232K(275904K), 0.0016690 secs] 742738K->497314K(888836K), 0.0017050 secs] [Times: user=0.01 sys=0.00, real=0.00 secs] 
99.306: Total time for which application threads were stopped: 0.0021620 seconds, Stopping threads took: 0.0000630 seconds
99.361: Application time: 0.0552380 seconds
99.362: [GC99.362: [ParNew: 246480K->1392K(275904K), 0.0014870 secs] 742562K->497607K(888836K), 0.0015240 secs] [Times: user=0.01 sys=0.00, real=0.00 secs] 
99.363: Total time for which application threads were stopped: 0.0019760 seconds, Stopping threads took: 0.0000510 seconds
99.419: Application time: 0.0560810 seconds
99.420: [GC99.420: [ParNew: 246640K->1164K(275904K), 0.0014090 secs] 742855K->497516K(888836K), 0.0014440 secs] [Times: user=0.01 sys=0.00, real=0.00 secs] 
99.421: Total time for which application threads were stopped: 0.0019310 seconds, Stopping threads took: 0.0000770 seconds
99.476: Application time: 0.0553380 seconds
99.477: [GC99.477: [ParNew: 246412K->1143K(275904K), 0.0014190 secs] 742764K->497535K(888836K), 0.0014520 secs] [Times: user=0.01 sys=0.00, real=0.00 secs] 
99.478: Total time for which application threads were stopped: 0.0019250 seconds, Stopping threads took: 0.0000510 seconds
99.534: Application time: 0.0557170 seconds
99.535: [GC99.535: [ParNew: 246391K->1283K(275904K), 0.0016290 secs] 742783K->497738K(888836K), 0.0016620 secs] [Times: user=0.01 sys=0.00, real=0.00 secs] 
99.536: Total time for which application threads were stopped: 0.0021180 seconds, Stopping threads took: 0.0000560 seconds
99.592: Application time: 0.0555430 seconds
99.592: [GC99.592: [ParNew: 246531K->1394K(275904K), 0.0014580 secs] 742986K->497922K(888836K), 0.0014910 secs] [Times: user=0.01 sys=0.00, real=0.00 secs] 
99.594: Total time for which application threads were stopped: 0.0019370 seconds, Stopping threads took: 0.0000430 seconds
99.650: Application time: 0.0559270 seconds
99.650: [GC99.650: [ParNew: 246642K->1362K(275904K), 0.0015370 secs] 743170K->497954K(888836K), 0.0015720 secs] [Times: user=0.01 sys=0.00, real=0.00 secs] 
99.652: Total time for which application threads were stopped: 0.0019810 seconds, Stopping threads took: 0.0000460 seconds
99.708: Application time: 0.0559910 seconds
99.708: [GC99.708: [ParNew: 246610K->1374K(275904K), 0.0014740 secs] 743202K->498029K(888836K), 0.0015090 secs] [Times: user=0.01 sys=0.00, real=0.00 secs] 
99.710: Total time for which application threads were stopped: 0.0019570 seconds, Stopping threads took: 0.0000490 seconds
99.765: Application time: 0.0555560 seconds
99.766: [GC99.766: [ParNew: 246622K->1236K(275904K), 0.0014370 secs] 743277K->498036K(888836K), 0.0014730 secs] [Times: user=0.01 sys=0.00, real=0.00 secs] 
99.767: Total time for which application threads were stopped: 0.0019200 seconds, Stopping threads took: 0.0000470 seconds
99.822: Application time: 0.0553360 seconds
99.823: [GC99.823: [ParNew: 246484K->1299K(275904K), 0.0014600 secs] 743284K->498163K(888836K), 0.0014970 secs] [Times: user=0.01 sys=0.00, real=0.00 secs] 
99.824: Total time for which application threads were stopped: 0.0019430 seconds, Stopping threads took: 0.0000490 seconds
99.880: Application time: 0.0557820 seconds
99.881: [GC99.881: [ParNew: 246547K->1422K(275904K), 0.0014850 secs] 743411K->498349K(888836K), 0.0015200 secs] [Times: user=0.01 sys=0.00, real=0.00 secs] 
99.882: Total time for which application threads were stopped: 0.0019680 seconds, Stopping threads took: 0.0000460 seconds
99.937: Application time: 0.0550370 seconds
99.940: [GC99.940: [ParNew: 246670K->1494K(275904K), 0.0014340 secs] 743597K->498486K(888836K), 0.0014690 secs] [Times: user=0.01 sys=0.00, real=0.00 secs] 
99.941: Total time for which application threads were stopped: 0.0040270 seconds, Stopping threads took: 0.0021590 seconds
99.996: Application time: 0.0552070 seconds
100.000: [GC100.000: [ParNew: 246742K->1610K(275904K), 0.0015720 secs] 743734K->498666K(888836K), 0.0016090 secs] [Times: user=0.01 sys=0.00, real=0.00 secs] 
100.001: Total time for which application threads were stopped: 0.0048980 seconds, Stopping threads took: 0.0029130 seconds
100.056: Application time: 0.0548370 seconds
100.057: [GC100.057: [ParNew: 246858K->1233K(275904K), 0.0014990 secs] 743914K->498355K(888836K), 0.0015340 secs] [Times: user=0.02 sys=0.00, real=0.00 secs] 
100.058: Total time for which application threads were stopped: 0.0019860 seconds, Stopping threads took: 0.0000480 seconds
100.113: Application time: 0.0551090 seconds
100.114: [GC100.114: [ParNew: 246481K->1464K(275904K), 0.0014990 secs] 743603K->498654K(888836K), 0.0015360 secs] [Times: user=0.01 sys=0.01, real=0.00 secs] 
100.115: Total time for which application threads were stopped: 0.0019900 seconds, Stopping threads took: 0.0000500 seconds
100.170: Application time: 0.0550930 seconds
100.171: [GC100.171: [ParNew: 246712K->1550K(275904K), 0.0014930 secs] 743902K->498804K(888836K), 0.0015300 secs] [Times: user=0.01 sys=0.00, real=0.00 secs] 
100.172: Total time for which application threads were stopped: 0.0019730 seconds, Stopping threads took: 0.0000450 seconds
100.228: Application time: 0.0560820 seconds
100.229: [GC100.229: [ParNew: 246798K->1625K(275904K), 0.0015470 secs] 744052K->498975K(888836K), 0.0015840 secs] [Times: user=0.01 sys=0.00, real=0.00 secs] 
100.230: Total time for which application threads were stopped: 0.0020300 seconds, Stopping threads took: 0.0000440 seconds
100.287: Application time: 0.0564530 seconds
100.287: [GC100.287: [ParNew: 246873K->1298K(275904K), 0.0015720 secs] 744223K->498848K(888836K), 0.0016020 secs] [Times: user=0.01 sys=0.00, real=0.00 secs] 
100.289: Total time for which application threads were stopped: 0.0020690 seconds, Stopping threads took: 0.0000580 seconds
100.345: Application time: 0.0556540 seconds
100.345: [GC100.345: [ParNew: 246546K->1232K(275904K), 0.0014280 secs] 744096K->498886K(888836K), 0.0014630 secs] [Times: user=0.01 sys=0.00, real=0.00 secs] 
100.346: Total time for which application threads were stopped: 0.0019130 seconds, Stopping threads took: 0.0000560 seconds
100.402: Application time: 0.0552730 seconds
100.402: [GC100.402: [ParNew: 246480K->1223K(275904K), 0.0014580 secs] 744134K->498941K(888836K), 0.0014920 secs] [Times: user=0.01 sys=0.00, real=0.00 secs] 
100.404: Total time for which application threads were stopped: 0.0019490 seconds, Stopping threads took: 0.0000540 seconds
100.459: Application time: 0.0557640 seconds
100.464: [GC100.464: [ParNew: 246471K->1277K(275904K), 0.0016620 secs] 744189K->499050K(888836K), 0.0016960 secs] [Times: user=0.02 sys=0.00, real=0.00 secs] 
100.465: Total time for which application threads were stopped: 0.0058690 seconds, Stopping threads took: 0.0038000 seconds
100.521: Application time: 0.0552490 seconds
100.524: [GC100.524: [ParNew: 246525K->1262K(275904K), 0.0016130 secs] 744298K->499076K(888836K), 0.0016480 secs] [Times: user=0.02 sys=0.00, real=0.00 secs] 
100.525: Total time for which application threads were stopped: 0.0047050 seconds, Stopping threads took: 0.0026790 seconds
100.581: Application time: 0.0556990 seconds
100.584: [GC100.584: [ParNew: 246510K->1297K(275904K), 0.0016110 secs] 744324K->499169K(888836K), 0.0016460 secs] [Times: user=0.02 sys=0.00, real=0.00 secs] 
100.585: Total time for which application threads were stopped: 0.0043220 seconds, Stopping threads took: 0.0022790 seconds
100.641: Application time: 0.0558480 seconds
100.642: [GC100.642: [ParNew: 246545K->1442K(275904K), 0.0015400 secs] 744417K->499371K(888836K), 0.0015920 secs] [Times: user=0.01 sys=0.00, real=0.00 secs] 
100.643: Total time for which application threads were stopped: 0.0020750 seconds, Stopping threads took: 0.0000830 seconds
100.699: Application time: 0.0555340 seconds
100.699: [GC100.699: [ParNew: 246690K->1422K(275904K), 0.0014980 secs] 744619K->499408K(888836K), 0.0015320 secs] [Times: user=0.01 sys=0.00, real=0.00 secs] 
100.701: Total time for which application threads were stopped: 0.0020050 seconds, Stopping threads took: 0.0000500 seconds
100.756: Application time: 0.0556050 seconds
100.760: [GC100.760: [ParNew: 246670K->1297K(275904K), 0.0015600 secs] 744656K->499431K(888836K), 0.0015960 secs] [Times: user=0.01 sys=0.00, real=0.00 secs] 
100.761: Total time for which application threads were stopped: 0.0048530 seconds, Stopping threads took: 0.0028600 seconds
100.817: Application time: 0.0554150 seconds
100.817: [GC100.817: [ParNew: 246545K->1223K(275904K), 0.0015470 secs] 744679K->499421K(888836K), 0.0015840 secs] [Times: user=0.01 sys=0.00, real=0.00 secs] 
100.819: Total time for which application threads were stopped: 0.0020330 seconds, Stopping threads took: 0.0000560 seconds
100.874: Application time: 0.0555050 seconds
100.875: [GC100.875: [ParNew: 246471K->1462K(275904K), 0.0014560 secs] 744669K->499716K(888836K), 0.0014930 secs] [Times: user=0.01 sys=0.00, real=0.00 secs] 
100.876: Total time for which application threads were stopped: 0.0019360 seconds, Stopping threads took: 0.0000460 seconds
100.931: Application time: 0.0552070 seconds
100.936: [GC100.936: [ParNew: 246710K->1423K(275904K), 0.0014340 secs] 744964K->499741K(888836K), 0.0014680 secs] [Times: user=0.01 sys=0.00, real=0.00 secs] 
100.937: Total time for which application threads were stopped: 0.0057630 seconds, Stopping threads took: 0.0038970 seconds
100.992: Application time: 0.0551980 seconds
100.996: [GC100.996: [ParNew: 246671K->1676K(275904K), 0.0015030 secs] 744989K->500066K(888836K), 0.0015400 secs] [Times: user=0.02 sys=0.00, real=0.00 secs] 
100.997: Total time for which application threads were stopped: 0.0048620 seconds, Stopping threads took: 0.0029290 seconds
101.052: Application time: 0.0551570 seconds
101.053: [GC101.053: [ParNew: 246924K->1345K(275904K), 0.0014690 secs] 745314K->499807K(888836K), 0.0015050 secs] [Times: user=0.01 sys=0.00, real=0.00 secs] 
101.054: Total time for which application threads were stopped: 0.0019750 seconds, Stopping threads took: 0.0000460 seconds
101.110: Application time: 0.0555720 seconds
101.110: [GC101.110: [ParNew: 246593K->1478K(275904K), 0.0014960 secs] 745055K->500006K(888836K), 0.0015330 secs] [Times: user=0.01 sys=0.00, real=0.00 secs] 
101.112: Total time for which application threads were stopped: 0.0019830 seconds, Stopping threads took: 0.0000520 seconds
101.168: Application time: 0.0558070 seconds
101.168: [GC101.168: [ParNew: 246726K->1435K(275904K), 0.0014870 secs] 745254K->500127K(888836K), 0.0015240 secs] [Times: user=0.01 sys=0.00, real=0.00 secs] 
101.170: Total time for which application threads were stopped: 0.0019640 seconds, Stopping threads took: 0.0000420 seconds
101.227: Application time: 0.0576660 seconds
101.228: [GC101.228: [ParNew: 246683K->1069K(275904K), 0.0013930 secs] 745375K->499866K(888836K), 0.0014280 secs] [Times: user=0.01 sys=0.00, real=0.00 secs] 
101.229: Total time for which application threads were stopped: 0.0018610 seconds, Stopping threads took: 0.0000490 seconds
101.284: Application time: 0.0548600 seconds
101.288: [GC101.288: [ParNew: 246317K->1444K(275904K), 0.0014400 secs] 745114K->500305K(888836K), 0.0014760 secs] [Times: user=0.01 sys=0.00, real=0.00 secs] 
101.289: Total time for which application threads were stopped: 0.0050720 seconds, Stopping threads took: 0.0032050 seconds
101.344: Application time: 0.0552180 seconds
101.345: [GC101.345: [ParNew: 246692K->1101K(275904K), 0.0014060 secs] 745553K->500074K(888836K), 0.0014410 secs] [Times: user=0.01 sys=0.00, real=0.00 secs] 
101.346: Total time for which application threads were stopped: 0.0018820 seconds, Stopping threads took: 0.0000510 seconds
101.401: Application time: 0.0552230 seconds
101.402: [GC101.402: [ParNew: 246349K->1029K(275904K), 0.0017090 secs] 745322K->500058K(888836K), 0.0017450 secs] [Times: user=0.01 sys=0.00, real=0.00 secs] 
101.404: Total time for which application threads were stopped: 0.0021650 seconds, Stopping threads took: 0.0000580 seconds
101.459: Application time: 0.0550260 seconds
101.459: [GC101.459: [ParNew: 246277K->1163K(275904K), 0.0014650 secs] 745306K->500256K(888836K), 0.0015050 secs] [Times: user=0.01 sys=0.00, real=0.01 secs] 
101.461: Total time for which application threads were stopped: 0.0019460 seconds, Stopping threads took: 0.0000410 seconds
101.516: Application time: 0.0554940 seconds
101.517: [GC101.517: [ParNew: 246411K->1216K(275904K), 0.0015560 secs] 745504K->500365K(888836K), 0.0015920 secs] [Times: user=0.01 sys=0.00, real=0.00 secs] 
101.518: Total time for which application threads were stopped: 0.0020380 seconds, Stopping threads took: 0.0000490 seconds
101.573: Application time: 0.0553220 seconds
101.574: [GC101.574: [ParNew: 246464K->1245K(275904K), 0.0016510 secs] 745613K->500450K(888836K), 0.0016860 secs] [Times: user=0.01 sys=0.00, real=0.00 secs] 
101.576: Total time for which application threads were stopped: 0.0021660 seconds, Stopping threads took: 0.0000540 seconds
101.631: Application time: 0.0553810 seconds
101.631: [GC101.632: [ParNew: 246493K->1230K(275904K), 0.0015680 secs] 745698K->500483K(888836K), 0.0016040 secs] [Times: user=0.01 sys=0.00, real=0.00 secs] 
101.633: Total time for which application threads were stopped: 0.0020710 seconds, Stopping threads took: 0.0000540 seconds
101.688: Application time: 0.0553090 seconds
101.689: [GC101.689: [ParNew: 246478K->1258K(275904K), 0.0016580 secs] 745731K->500551K(888836K), 0.0016940 secs] [Times: user=0.01 sys=0.00, real=0.00 secs] 
101.691: Total time for which application threads were stopped: 0.0021480 seconds, Stopping threads took: 0.0000510 seconds
101.746: Application time: 0.0554110 seconds
101.748: [GC101.748: [ParNew: 246506K->1408K(275904K), 0.0015440 secs] 745799K->500833K(888836K), 0.0015790 secs] [Times: user=0.01 sys=0.00, real=0.00 secs] 
101.749: Total time for which application threads were stopped: 0.0032690 seconds, Stopping threads took: 0.0012880 seconds
101.805: Application time: 0.0555270 seconds
101.808: [GC101.808: [ParNew: 246656K->1447K(275904K), 0.0014900 secs] 746081K->500928K(888836K), 0.0015260 secs] [Times: user=0.01 sys=0.00, real=0.00 secs] 
101.809: Total time for which application threads were stopped: 0.0043990 seconds, Stopping threads took: 0.0024750 seconds
101.864: Application time: 0.0548970 seconds
101.865: [GC101.865: [ParNew: 246695K->1483K(275904K), 0.0015220 secs] 746176K->501028K(888836K), 0.0015590 secs] [Times: user=0.01 sys=0.00, real=0.00 secs] 
101.866: Total time for which application threads were stopped: 0.0020140 seconds, Stopping threads took: 0.0000590 seconds
101.921: Application time: 0.0551470 seconds
101.924: [GC101.924: [ParNew: 246731K->1480K(275904K), 0.0018630 secs] 746276K->501083K(888836K), 0.0019000 secs] [Times: user=0.02 sys=0.00, real=0.00 secs] 
101.926: Total time for which application threads were stopped: 0.0043120 seconds, Stopping threads took: 0.0020130 seconds
101.981: Application time: 0.0554730 seconds
101.981: [GC101.981: [ParNew: 246728K->1571K(275904K), 0.0015870 secs] 746331K->501224K(888836K), 0.0016230 secs] [Times: user=0.01 sys=0.00, real=0.00 secs] 
101.983: Total time for which application threads were stopped: 0.0020750 seconds, Stopping threads took: 0.0000520 seconds
102.039: Application time: 0.0561390 seconds
102.044: [GC102.044: [ParNew: 246819K->1383K(275904K), 0.0015260 secs] 746472K->501092K(888836K), 0.0015630 secs] [Times: user=0.01 sys=0.00, real=0.00 secs] 
102.045: Total time for which application threads were stopped: 0.0059500 seconds, Stopping threads took: 0.0039920 seconds
102.102: Application time: 0.0564470 seconds
102.102: [GC102.102: [ParNew: 246631K->1138K(275904K), 0.0014850 secs] 746340K->501067K(888836K), 0.0015300 secs] [Times: user=0.01 sys=0.00, real=0.00 secs] 
102.104: Total time for which application threads were stopped: 0.0020010 seconds, Stopping threads took: 0.0000580 seconds
102.159: Application time: 0.0555870 seconds
102.163: [GC102.163: [ParNew: 246386K->1318K(275904K), 0.0015110 secs] 746315K->501311K(888836K), 0.0015450 secs] [Times: user=0.01 sys=0.00, real=0.00 secs] 
102.164: Total time for which application threads were stopped: 0.0049430 seconds, Stopping threads took: 0.0030040 seconds
102.221: Application time: 0.0563400 seconds
102.221: [GC102.221: [ParNew: 246566K->1228K(275904K), 0.0014520 secs] 746559K->501285K(888836K), 0.0014890 secs] [Times: user=0.01 sys=0.00, real=0.00 secs] 
102.222: Total time for which application threads were stopped: 0.0019410 seconds, Stopping threads took: 0.0000570 seconds
102.278: Application time: 0.0557250 seconds
102.279: [GC102.279: [ParNew: 246476K->1380K(275904K), 0.0014630 secs] 746533K->501542K(888836K), 0.0014990 secs] [Times: user=0.01 sys=0.00, real=0.01 secs] 
102.280: Total time for which application threads were stopped: 0.0019510 seconds, Stopping threads took: 0.0000480 seconds
102.336: Application time: 0.0557860 seconds
102.336: [GC102.336: [ParNew: 246628K->1049K(275904K), 0.0015960 secs] 746790K->501267K(888836K), 0.0016310 secs] [Times: user=0.01 sys=0.00, real=0.00 secs] 
102.338: Total time for which application threads were stopped: 0.0020800 seconds, Stopping threads took: 0.0000540 seconds
102.394: Application time: 0.0557910 seconds
102.396: [GC102.396: [ParNew: 246297K->1418K(275904K), 0.0014950 secs] 746515K->501700K(888836K), 0.0015310 secs] [Times: user=0.02 sys=0.00, real=0.00 secs] 
102.397: Total time for which application threads were stopped: 0.0033770 seconds, Stopping threads took: 0.0014420 seconds
102.454: Application time: 0.0568380 seconds
102.454: [GC102.455: [ParNew: 246666K->1489K(275904K), 0.0014780 secs] 746948K->501834K(888836K), 0.0015150 secs] [Times: user=0.01 sys=0.00, real=0.00 secs] 
102.456: Total time for which application threads were stopped: 0.0019570 seconds, Stopping threads took: 0.0000500 seconds
102.512: Application time: 0.0556660 seconds
102.516: [GC102.516: [ParNew: 246737K->1097K(275904K), 0.0014700 secs] 747082K->501507K(888836K), 0.0015050 secs] [Times: user=0.01 sys=0.00, real=0.00 secs] 
102.517: Total time for which application threads were stopped: 0.0054710 seconds, Stopping threads took: 0.0035790 seconds
102.573: Application time: 0.0556330 seconds
102.573: [GC102.573: [ParNew: 246345K->1419K(275904K), 0.0015050 secs] 746755K->501886K(888836K), 0.0015420 secs] [Times: user=0.01 sys=0.00, real=0.00 secs] 
102.575: Total time for which application threads were stopped: 0.0019920 seconds, Stopping threads took: 0.0000550 seconds
102.630: Application time: 0.0556120 seconds
102.632: [GC102.632: [ParNew: 246667K->1458K(275904K), 0.0014480 secs] 747134K->501981K(888836K), 0.0014840 secs] [Times: user=0.01 sys=0.00, real=0.00 secs] 
102.633: Total time for which application threads were stopped: 0.0027640 seconds, Stopping threads took: 0.0008590 seconds
102.688: Application time: 0.0552770 seconds
102.689: [GC102.689: [ParNew: 246706K->1445K(275904K), 0.0015150 secs] 747229K->502065K(888836K), 0.0015530 secs] [Times: user=0.01 sys=0.00, real=0.00 secs] 
102.690: Total time for which application threads were stopped: 0.0020090 seconds, Stopping threads took: 0.0000580 seconds
102.746: Application time: 0.0555950 seconds
102.746: [GC102.747: [ParNew: 246693K->1404K(275904K), 0.0014980 secs] 747313K->502132K(888836K), 0.0015340 secs] [Times: user=0.02 sys=0.00, real=0.01 secs] 
102.748: Total time for which application threads were stopped: 0.0019750 seconds, Stopping threads took: 0.0000440 seconds
102.804: Application time: 0.0559770 seconds
102.804: [GC102.804: [ParNew: 246652K->1546K(275904K), 0.0014820 secs] 747380K->502338K(888836K), 0.0015190 secs] [Times: user=0.01 sys=0.00, real=0.00 secs] 
102.806: Total time for which application threads were stopped: 0.0019700 seconds, Stopping threads took: 0.0000520 seconds
102.862: Application time: 0.0556540 seconds
102.862: [GC102.862: [ParNew: 246794K->1490K(275904K), 0.0015210 secs] 747586K->502337K(888836K), 0.0015570 secs] [Times: user=0.01 sys=0.00, real=0.00 secs] 
102.864: Total time for which application threads were stopped: 0.0020010 seconds, Stopping threads took: 0.0000520 seconds
102.919: Application time: 0.0552370 seconds
102.924: [GC102.924: [ParNew: 246738K->1429K(275904K), 0.0015290 secs] 747585K->502333K(888836K), 0.0015640 secs] [Times: user=0.01 sys=0.00, real=0.00 secs] 
102.925: Total time for which application threads were stopped: 0.0063150 seconds, Stopping threads took: 0.0043630 seconds
102.981: Application time: 0.0557450 seconds
102.981: [GC102.981: [ParNew: 246677K->1539K(275904K), 0.0016560 secs] 747581K->502583K(888836K), 0.0016910 secs] [Times: user=0.02 sys=0.00, real=0.00 secs] 
102.983: Total time for which application threads were stopped: 0.0021370 seconds, Stopping threads took: 0.0000490 seconds
103.040: Application time: 0.0564960 seconds
103.040: [GC103.040: [ParNew: 246787K->1189K(275904K), 0.0016060 secs] 747831K->502348K(888836K), 0.0016430 secs] [Times: user=0.01 sys=0.00, real=0.00 secs] 
103.042: Total time for which application threads were stopped: 0.0020810 seconds, Stopping threads took: 0.0000440 seconds
103.097: Application time: 0.0555820 seconds
103.100: [GC103.100: [ParNew: 246437K->1391K(275904K), 0.0014870 secs] 747596K->502654K(888836K), 0.0015220 secs] [Times: user=0.02 sys=0.00, real=0.00 secs] 
103.101: Total time for which application threads were stopped: 0.0039200 seconds, Stopping threads took: 0.0020050 seconds
103.157: Application time: 0.0555780 seconds
103.157: [GC103.157: [ParNew: 246639K->1114K(275904K), 0.0018560 secs] 747902K->502434K(888836K), 0.0018890 secs] [Times: user=0.01 sys=0.00, real=0.00 secs] 
103.159: Total time for which application threads were stopped: 0.0023500 seconds, Stopping threads took: 0.0000470 seconds
103.215: Application time: 0.0562400 seconds
103.216: [GC103.216: [ParNew: 246362K->1242K(275904K), 0.0014430 secs] 747682K->502626K(888836K), 0.0014800 secs] [Times: user=0.01 sys=0.00, real=0.00 secs] 
103.217: Total time for which application threads were stopped: 0.0019220 seconds, Stopping threads took: 0.0000480 seconds
103.273: Application time: 0.0557250 seconds
103.276: [GC103.276: [ParNew: 246490K->1217K(275904K), 0.0015490 secs] 747874K->502701K(888836K), 0.0015830 secs] [Times: user=0.01 sys=0.00, real=0.00 secs] 
103.277: Total time for which application threads were stopped: 0.0042280 seconds, Stopping threads took: 0.0022470 seconds
103.333: Application time: 0.0554880 seconds
103.333: [GC103.333: [ParNew: 246465K->1284K(275904K), 0.0015330 secs] 747949K->502832K(888836K), 0.0015690 secs] [Times: user=0.02 sys=0.00, real=0.00 secs] 
103.335: Total time for which application threads were stopped: 0.0020120 seconds, Stopping threads took: 0.0000470 seconds
103.390: Application time: 0.0554590 seconds
103.391: [GC103.391: [ParNew: 246532K->1281K(275904K), 0.0014880 secs] 748080K->502885K(888836K), 0.0015260 secs] [Times: user=0.01 sys=0.00, real=0.00 secs] 
103.392: Total time for which application threads were stopped: 0.0019770 seconds, Stopping threads took: 0.0000550 seconds
103.447: Application time: 0.0552060 seconds
103.448: [GC103.448: [ParNew: 246529K->1384K(275904K), 0.0014930 secs] 748133K->503052K(888836K), 0.0015310 secs] [Times: user=0.01 sys=0.00, real=0.00 secs] 
103.449: Total time for which application threads were stopped: 0.0019750 seconds, Stopping threads took: 0.0000510 seconds
103.505: Application time: 0.0553780 seconds
103.505: [GC103.505: [ParNew: 246632K->1377K(275904K), 0.0016550 secs] 748300K->503093K(888836K), 0.0016910 secs] [Times: user=0.02 sys=0.00, real=0.00 secs] 
103.507: Total time for which application threads were stopped: 0.0021240 seconds, Stopping threads took: 0.0000400 seconds
103.562: Application time: 0.0552160 seconds
103.564: [GC103.564: [ParNew: 246625K->1471K(275904K), 0.0015330 secs] 748341K->503253K(888836K), 0.0015780 secs] [Times: user=0.01 sys=0.00, real=0.00 secs] 
103.565: Total time for which application threads were stopped: 0.0031350 seconds, Stopping threads took: 0.0011650 seconds
103.621: Application time: 0.0555150 seconds
103.621: [GC103.621: [ParNew: 246719K->1517K(275904K), 0.0015620 secs] 748501K->503362K(888836K), 0.0015990 secs] [Times: user=0.01 sys=0.00, real=0.00 secs] 
103.623: Total time for which application threads were stopped: 0.0020450 seconds, Stopping threads took: 0.0000520 seconds
103.678: Application time: 0.0556780 seconds
103.679: [GC103.679: [ParNew: 246765K->1492K(275904K), 0.0015970 secs] 748610K->503434K(888836K), 0.0016350 secs] [Times: user=0.02 sys=0.00, real=0.01 secs] 
103.681: Total time for which application threads were stopped: 0.0020970 seconds, Stopping threads took: 0.0000490 seconds
103.736: Application time: 0.0552660 seconds
103.740: [GC103.740: [ParNew: 246740K->1448K(275904K), 0.0015280 secs] 748682K->503514K(888836K), 0.0015660 secs] [Times: user=0.02 sys=0.00, real=0.00 secs] 
103.741: Total time for which application threads were stopped: 0.0053780 seconds, Stopping threads took: 0.0034220 seconds
103.797: Application time: 0.0556760 seconds
103.797: [GC103.797: [ParNew: 246696K->1408K(275904K), 0.0015290 secs] 748762K->503540K(888836K), 0.0015650 secs] [Times: user=0.01 sys=0.00, real=0.00 secs] 
103.799: Total time for which application threads were stopped: 0.0020160 seconds, Stopping threads took: 0.0000590 seconds
103.855: Application time: 0.0556170 seconds
103.855: [GC103.855: [ParNew: 246656K->1470K(275904K), 0.0015360 secs] 748788K->503666K(888836K), 0.0015740 secs] [Times: user=0.01 sys=0.00, real=0.00 secs] 
103.857: Total time for which application threads were stopped: 0.0020260 seconds, Stopping threads took: 0.0000580 seconds
103.913: Application time: 0.0563220 seconds
103.913: [GC103.913: [ParNew: 246718K->1380K(275904K), 0.0014940 secs] 748914K->503705K(888836K), 0.0015300 secs] [Times: user=0.01 sys=0.00, real=0.00 secs] 
103.915: Total time for which application threads were stopped: 0.0019700 seconds, Stopping threads took: 0.0000490 seconds
103.971: Application time: 0.0557540 seconds
103.972: [GC103.972: [ParNew: 246628K->1034K(275904K), 0.0015730 secs] 748953K->503424K(888836K), 0.0016080 secs] [Times: user=0.01 sys=0.00, real=0.00 secs] 
103.973: Total time for which application threads were stopped: 0.0026390 seconds, Stopping threads took: 0.0006370 seconds
104.030: Application time: 0.0563430 seconds
104.030: [GC104.030: [ParNew: 246282K->1181K(275904K), 0.0014820 secs] 748672K->503669K(888836K), 0.0015150 secs] [Times: user=0.01 sys=0.00, real=0.00 secs] 
104.032: Total time for which application threads were stopped: 0.0019600 seconds, Stopping threads took: 0.0000520 seconds
104.088: Application time: 0.0561720 seconds
104.088: [GC104.088: [ParNew: 246429K->1098K(275904K), 0.0015310 secs] 748917K->503650K(888836K), 0.0015640 secs] [Times: user=0.01 sys=0.00, real=0.00 secs] 
104.090: Total time for which application threads were stopped: 0.0020380 seconds, Stopping threads took: 0.0000730 seconds
104.146: Application time: 0.0560920 seconds
104.146: [GC104.146: [ParNew: 246346K->1329K(275904K), 0.0015380 secs] 748898K->503945K(888836K), 0.0015880 secs] [Times: user=0.02 sys=0.00, real=0.01 secs] 
104.148: Total time for which application threads were stopped: 0.0020370 seconds, Stopping threads took: 0.0000580 seconds
104.204: Application time: 0.0563060 seconds
104.208: [GC104.208: [ParNew: 246577K->1308K(275904K), 0.0015790 secs] 749193K->504028K(888836K), 0.0016150 secs] [Times: user=0.01 sys=0.00, real=0.00 secs] 
104.209: Total time for which application threads were stopped: 0.0050520 seconds, Stopping threads took: 0.0030200 seconds
104.265: Application time: 0.0557850 seconds
104.266: [GC104.266: [ParNew: 246556K->1337K(275904K), 0.0015310 secs] 749276K->504121K(888836K), 0.0015670 secs] [Times: user=0.01 sys=0.00, real=0.00 secs] 
104.267: Total time for which application threads were stopped: 0.0020210 seconds, Stopping threads took: 0.0000620 seconds
104.323: Application time: 0.0557490 seconds
104.328: [GC104.328: [ParNew: 246585K->1349K(275904K), 0.0014830 secs] 749369K->504197K(888836K), 0.0015200 secs] [Times: user=0.02 sys=0.00, real=0.00 secs] 
104.329: Total time for which application threads were stopped: 0.0063160 seconds, Stopping threads took: 0.0044030 seconds
104.385: Application time: 0.0555370 seconds
104.385: [GC104.385: [ParNew: 246597K->1381K(275904K), 0.0015030 secs] 749445K->504293K(888836K), 0.0015400 secs] [Times: user=0.01 sys=0.00, real=0.00 secs] 
104.387: Total time for which application threads were stopped: 0.0020110 seconds, Stopping threads took: 0.0000850 seconds
104.442: Application time: 0.0552020 seconds
104.444: [GC104.444: [ParNew: 246629K->1462K(275904K), 0.0015200 secs] 749541K->504438K(888836K), 0.0015570 secs] [Times: user=0.01 sys=0.00, real=0.00 secs] 
104.445: Total time for which application threads were stopped: 0.0032800 seconds, Stopping threads took: 0.0013310 seconds
104.501: Application time: 0.0553310 seconds
104.509: [GC104.509: [ParNew: 246710K->1567K(275904K), 0.0015000 secs] 749686K->504601K(888836K), 0.0015360 secs] [Times: user=0.01 sys=0.00, real=0.00 secs] 
104.511: Total time for which application threads were stopped: 0.0099420 seconds, Stopping threads took: 0.0080160 seconds
104.566: Application time: 0.0555350 seconds
104.566: [GC104.566: [ParNew: 246815K->1450K(275904K), 0.0015270 secs] 749849K->504550K(888836K), 0.0015640 secs] [Times: user=0.01 sys=0.00, real=0.01 secs] 
104.568: Total time for which application threads were stopped: 0.0020140 seconds, Stopping threads took: 0.0000540 seconds
104.624: Application time: 0.0554730 seconds
104.624: [GC104.624: [ParNew: 246698K->1443K(275904K), 0.0017140 secs] 749798K->504591K(888836K), 0.0017520 secs] [Times: user=0.01 sys=0.00, real=0.00 secs] 
104.626: Total time for which application threads were stopped: 0.0022050 seconds, Stopping threads took: 0.0000470 seconds
104.681: Application time: 0.0554520 seconds
104.682: [GC104.682: [ParNew: 246691K->1613K(275904K), 0.0015350 secs] 749839K->504861K(888836K), 0.0015710 secs] [Times: user=0.01 sys=0.00, real=0.00 secs] 
104.683: Total time for which application threads were stopped: 0.0020400 seconds, Stopping threads took: 0.0000680 seconds
104.739: Application time: 0.0559030 seconds
104.740: [GC104.740: [ParNew: 246861K->1479K(275904K), 0.0015530 secs] 750109K->504827K(888836K), 0.0015920 secs] [Times: user=0.01 sys=0.00, real=0.00 secs] 
104.741: Total time for which application threads were stopped: 0.0020740 seconds, Stopping threads took: 0.0000570 seconds
104.797: Application time: 0.0559130 seconds
104.800: [GC104.800: [ParNew: 246727K->1478K(275904K), 0.0014910 secs] 750075K->504975K(888836K), 0.0015270 secs] [Times: user=0.01 sys=0.00, real=0.00 secs] 
104.801: Total time for which application threads were stopped: 0.0040470 seconds, Stopping threads took: 0.0021350 seconds
104.858: Application time: 0.0565600 seconds
104.858: [GC104.858: [ParNew: 246726K->1360K(275904K), 0.0016870 secs] 750223K->504984K(888836K), 0.0017220 secs] [Times: user=0.01 sys=0.00, real=0.01 secs] 
104.860: Total time for which application threads were stopped: 0.0021780 seconds, Stopping threads took: 0.0000640 seconds
104.916: Application time: 0.0556090 seconds
104.916: [GC104.916: [ParNew: 246608K->1198K(275904K), 0.0018150 secs] 750232K->504855K(888836K), 0.0018530 secs] [Times: user=0.01 sys=0.00, real=0.00 secs] 
104.918: Total time for which application threads were stopped: 0.0022890 seconds, Stopping threads took: 0.0000770 seconds
104.974: Application time: 0.0564360 seconds
104.976: [GC104.976: [ParNew: 246446K->1360K(275904K), 0.0016820 secs] 750103K->505064K(888836K), 0.0017170 secs] [Times: user=0.01 sys=0.00, real=0.00 secs] 
104.977: Total time for which application threads were stopped: 0.0030590 seconds, Stopping threads took: 0.0009880 seconds
105.034: Application time: 0.0564410 seconds
105.034: [GC105.034: [ParNew: 246608K->1401K(275904K), 0.0016770 secs] 750312K->505203K(888836K), 0.0017220 secs] [Times: user=0.01 sys=0.00, real=0.00 secs] 
105.036: Total time for which application threads were stopped: 0.0021570 seconds, Stopping threads took: 0.0000770 seconds
105.092: Application time: 0.0565670 seconds
105.093: [GC105.093: [ParNew: 246649K->1292K(275904K), 0.0015140 secs] 750451K->505143K(888836K), 0.0015500 secs] [Times: user=0.01 sys=0.00, real=0.00 secs] 
105.095: Total time for which application threads were stopped: 0.0020130 seconds, Stopping threads took: 0.0000770 seconds
105.150: Application time: 0.0559640 seconds
105.151: [GC105.151: [ParNew: 246540K->1279K(275904K), 0.0016320 secs] 750391K->505185K(888836K), 0.0016680 secs] [Times: user=0.01 sys=0.00, real=0.00 secs] 
105.153: Total time for which application threads were stopped: 0.0021040 seconds, Stopping threads took: 0.0000780 seconds
105.209: Application time: 0.0565990 seconds
105.210: [GC105.210: [ParNew: 246527K->1317K(275904K), 0.0015050 secs] 750433K->505331K(888836K), 0.0015420 secs] [Times: user=0.01 sys=0.00, real=0.00 secs] 
105.211: Total time for which application threads were stopped: 0.0019930 seconds, Stopping threads took: 0.0000530 seconds
105.267: Application time: 0.0553610 seconds
105.267: [GC105.267: [ParNew: 246565K->1336K(275904K), 0.0016180 secs] 750579K->505407K(888836K), 0.0016530 secs] [Times: user=0.01 sys=0.00, real=0.01 secs] 
105.269: Total time for which application threads were stopped: 0.0021140 seconds, Stopping threads took: 0.0000430 seconds
105.325: Application time: 0.0560620 seconds
105.325: [GC105.325: [ParNew: 246584K->1218K(275904K), 0.0017270 secs] 750655K->505336K(888836K), 0.0017630 secs] [Times: user=0.01 sys=0.00, real=0.00 secs] 
105.327: Total time for which application threads were stopped: 0.0022110 seconds, Stopping threads took: 0.0000460 seconds
105.382: Application time: 0.0554940 seconds
105.384: [GC105.384: [ParNew: 246466K->1492K(275904K), 0.0014980 secs] 750584K->505667K(888836K), 0.0015340 secs] [Times: user=0.01 sys=0.00, real=0.00 secs] 
105.385: Total time for which application threads were stopped: 0.0027650 seconds, Stopping threads took: 0.0008330 seconds
105.441: Application time: 0.0553500 seconds
105.441: [GC105.441: [ParNew: 246740K->1522K(275904K), 0.0015300 secs] 750915K->505760K(888836K), 0.0015670 secs] [Times: user=0.01 sys=0.00, real=0.00 secs] 
105.443: Total time for which application threads were stopped: 0.0020110 seconds, Stopping threads took: 0.0000460 seconds
105.498: Application time: 0.0554790 seconds
105.498: [GC105.499: [ParNew: 246770K->1476K(275904K), 0.0015450 secs] 751008K->505780K(888836K), 0.0015820 secs] [Times: user=0.01 sys=0.00, real=0.01 secs] 
105.500: Total time for which application threads were stopped: 0.0020300 seconds, Stopping threads took: 0.0000550 seconds
105.555: Application time: 0.0552680 seconds
105.556: [GC105.556: [ParNew: 246724K->1735K(275904K), 0.0015750 secs] 751028K->506099K(888836K), 0.0016120 secs] [Times: user=0.01 sys=0.00, real=0.00 secs] 
105.557: Total time for which application threads were stopped: 0.0020600 seconds, Stopping threads took: 0.0000560 seconds
105.613: Application time: 0.0552440 seconds
105.613: [GC105.613: [ParNew: 246983K->1233K(275904K), 0.0018200 secs] 751347K->505694K(888836K), 0.0018550 secs] [Times: user=0.01 sys=0.00, real=0.00 secs] 
105.615: Total time for which application threads were stopped: 0.0023600 seconds, Stopping threads took: 0.0000680 seconds
105.671: Application time: 0.0556720 seconds
105.671: [GC105.671: [ParNew: 246481K->1540K(275904K), 0.0019750 secs] 750942K->506093K(888836K), 0.0020130 secs] [Times: user=0.01 sys=0.00, real=0.00 secs] 
105.673: Total time for which application threads were stopped: 0.0024650 seconds, Stopping threads took: 0.0000560 seconds
105.732: Application time: 0.0589170 seconds
105.736: Total time for which application threads were stopped: 0.0034980 seconds, Stopping threads took: 0.0031900 seconds
105.736: Application time: 0.0002030 seconds
105.736: [GC105.736: [ParNew: 246788K->1308K(275904K), 0.0015260 secs] 751341K->506012K(888836K), 0.0015610 secs] [Times: user=0.01 sys=0.00, real=0.00 secs] 
105.738: Total time for which application threads were stopped: 0.0018240 seconds, Stopping threads took: 0.0000800 seconds
105.793: Application time: 0.0555120 seconds
105.794: [GC105.794: [ParNew: 246556K->1371K(275904K), 0.0016380 secs] 751260K->506178K(888836K), 0.0016750 secs] [Times: user=0.01 sys=0.00, real=0.00 secs] 
105.795: Total time for which application threads were stopped: 0.0021330 seconds, Stopping threads took: 0.0000430 seconds
105.851: Application time: 0.0556440 seconds
105.856: [GC105.856: [ParNew: 246619K->1562K(275904K), 0.0016830 secs] 751426K->506436K(888836K), 0.0017200 secs] [Times: user=0.02 sys=0.00, real=0.00 secs] 
105.857: Total time for which application threads were stopped: 0.0064140 seconds, Stopping threads took: 0.0043350 seconds
105.913: Application time: 0.0555360 seconds
105.913: [GC105.913: [ParNew: 246810K->1143K(275904K), 0.0015090 secs] 751684K->506081K(888836K), 0.0015430 secs] [Times: user=0.01 sys=0.00, real=0.00 secs] 
105.915: Total time for which application threads were stopped: 0.0019960 seconds, Stopping threads took: 0.0000560 seconds
105.971: Application time: 0.0560820 seconds
105.971: [GC105.971: [ParNew: 246391K->1385K(275904K), 0.0015030 secs] 751329K->506411K(888836K), 0.0015360 secs] [Times: user=0.01 sys=0.00, real=0.00 secs] 
105.973: Total time for which application threads were stopped: 0.0019990 seconds, Stopping threads took: 0.0000590 seconds
106.029: Application time: 0.0556930 seconds
106.029: [GC106.029: [ParNew: 246633K->1419K(275904K), 0.0014870 secs] 751659K->506516K(888836K), 0.0015230 secs] [Times: user=0.01 sys=0.00, real=0.00 secs] 
106.031: Total time for which application threads were stopped: 0.0019700 seconds, Stopping threads took: 0.0000500 seconds
106.086: Application time: 0.0554210 seconds
106.087: [GC106.087: [ParNew: 246667K->1383K(275904K), 0.0015060 secs] 751764K->506545K(888836K), 0.0015430 secs] [Times: user=0.01 sys=0.00, real=0.01 secs] 
106.088: Total time for which application threads were stopped: 0.0020100 seconds, Stopping threads took: 0.0000720 seconds
106.143: Application time: 0.0553610 seconds
106.148: [GC106.148: [ParNew: 246631K->1528K(275904K), 0.0014890 secs] 751793K->506754K(888836K), 0.0015260 secs] [Times: user=0.01 sys=0.00, real=0.00 secs] 
106.149: Total time for which application threads were stopped: 0.0057470 seconds, Stopping threads took: 0.0038270 seconds
106.205: Application time: 0.0559610 seconds
106.206: [GC106.206: [ParNew: 246776K->1353K(275904K), 0.0015310 secs] 752002K->506683K(888836K), 0.0015680 secs] [Times: user=0.01 sys=0.00, real=0.00 secs] 
106.207: Total time for which application threads were stopped: 0.0020250 seconds, Stopping threads took: 0.0000630 seconds
106.263: Application time: 0.0556330 seconds
106.263: [GC106.263: [ParNew: 246601K->1621K(275904K), 0.0015090 secs] 751931K->507014K(888836K), 0.0015470 secs] [Times: user=0.01 sys=0.00, real=0.00 secs] 
106.265: Total time for which application threads were stopped: 0.0020190 seconds, Stopping threads took: 0.0000630 seconds
106.320: Application time: 0.0552370 seconds
106.321: [GC106.321: [ParNew: 246869K->1459K(275904K), 0.0017510 secs] 752262K->506901K(888836K), 0.0017860 secs] [Times: user=0.01 sys=0.00, real=0.00 secs] 
106.322: Total time for which application threads were stopped: 0.0022490 seconds, Stopping threads took: 0.0000490 seconds
106.378: Application time: 0.0553330 seconds
106.378: [GC106.378: [ParNew: 246707K->1435K(275904K), 0.0015550 secs] 752149K->506940K(888836K), 0.0015920 secs] [Times: user=0.01 sys=0.00, real=0.01 secs] 
106.380: Total time for which application threads were stopped: 0.0020370 seconds, Stopping threads took: 0.0000470 seconds
106.435: Application time: 0.0553230 seconds
106.435: [GC106.435: [ParNew: 246683K->1708K(275904K), 0.0015420 secs] 752188K->507278K(888836K), 0.0015790 secs] [Times: user=0.01 sys=0.00, real=0.00 secs] 
106.437: Total time for which application threads were stopped: 0.0020430 seconds, Stopping threads took: 0.0000510 seconds
106.492: Application time: 0.0554280 seconds
106.493: [GC106.493: [ParNew: 246956K->1507K(275904K), 0.0015700 secs] 752526K->507140K(888836K), 0.0016080 secs] [Times: user=0.01 sys=0.00, real=0.00 secs] 
106.495: Total time for which application threads were stopped: 0.0020540 seconds, Stopping threads took: 0.0000500 seconds
106.550: Application time: 0.0557650 seconds
106.551: [GC106.551: [ParNew: 246755K->1863K(275904K), 0.0015830 secs] 752388K->507565K(888836K), 0.0016210 secs] [Times: user=0.01 sys=0.00, real=0.00 secs] 
106.552: Total time for which application threads were stopped: 0.0020730 seconds, Stopping threads took: 0.0000540 seconds
106.608: Application time: 0.0558740 seconds
106.609: [GC106.609: [ParNew: 247111K->1567K(275904K), 0.0015940 secs] 752813K->507552K(888836K), 0.0016300 secs] [Times: user=0.01 sys=0.00, real=0.00 secs] 
106.610: Total time for which application threads were stopped: 0.0020700 seconds, Stopping threads took: 0.0000480 seconds
106.667: Application time: 0.0566510 seconds
106.672: [GC106.672: [ParNew: 246815K->1083K(275904K), 0.0015630 secs] 752800K->507198K(888836K), 0.0015980 secs] [Times: user=0.01 sys=0.00, real=0.00 secs] 
106.673: Total time for which application threads were stopped: 0.0062770 seconds, Stopping threads took: 0.0042860 seconds
106.730: Application time: 0.0564270 seconds
106.730: [GC106.730: [ParNew: 246331K->1214K(275904K), 0.0014410 secs] 752446K->507401K(888836K), 0.0014780 secs] [Times: user=0.01 sys=0.00, real=0.00 secs] 
106.732: Total time for which application threads were stopped: 0.0019300 seconds, Stopping threads took: 0.0000640 seconds
106.787: Application time: 0.0557230 seconds
106.788: [GC106.788: [ParNew: 246462K->1392K(275904K), 0.0014820 secs] 752649K->507637K(888836K), 0.0015160 secs] [Times: user=0.01 sys=0.00, real=0.00 secs] 
106.789: Total time for which application threads were stopped: 0.0019670 seconds, Stopping threads took: 0.0000520 seconds
106.846: Application time: 0.0561900 seconds
106.848: [GC106.848: [ParNew: 246640K->1126K(275904K), 0.0014940 secs] 752885K->507410K(888836K), 0.0015270 secs] [Times: user=0.01 sys=0.00, real=0.00 secs] 
106.849: Total time for which application threads were stopped: 0.0036830 seconds, Stopping threads took: 0.0017350 seconds
106.906: Application time: 0.0572420 seconds
106.907: [GC106.907: [ParNew: 246374K->1405K(275904K), 0.0016630 secs] 752658K->507754K(888836K), 0.0016980 secs] [Times: user=0.01 sys=0.00, real=0.01 secs] 
106.909: Total time for which application threads were stopped: 0.0021390 seconds, Stopping threads took: 0.0000770 seconds
106.965: Application time: 0.0564910 seconds
106.966: [GC106.966: [ParNew: 246653K->1353K(275904K), 0.0014930 secs] 753002K->507812K(888836K), 0.0015280 secs] [Times: user=0.01 sys=0.00, real=0.00 secs] 
106.967: Total time for which application threads were stopped: 0.0019840 seconds, Stopping threads took: 0.0000560 seconds
107.023: Application time: 0.0554350 seconds
107.024: [GC107.024: [ParNew: 246601K->1376K(275904K), 0.0014520 secs] 753060K->507891K(888836K), 0.0014880 secs] [Times: user=0.01 sys=0.00, real=0.00 secs] 
107.025: Total time for which application threads were stopped: 0.0026210 seconds, Stopping threads took: 0.0007350 seconds
107.082: Application time: 0.0571660 seconds
107.083: [GC107.083: [ParNew: 246624K->1632K(275904K), 0.0014910 secs] 753139K->508211K(888836K), 0.0015330 secs] [Times: user=0.01 sys=0.00, real=0.00 secs] 
107.084: Total time for which application threads were stopped: 0.0019790 seconds, Stopping threads took: 0.0000530 seconds
107.140: Application time: 0.0555560 seconds
107.140: [GC107.140: [ParNew: 246880K->1405K(275904K), 0.0015150 secs] 753459K->508092K(888836K), 0.0015530 secs] [Times: user=0.01 sys=0.00, real=0.00 secs] 
107.142: Total time for which application threads were stopped: 0.0019940 seconds, Stopping threads took: 0.0000430 seconds
107.198: Application time: 0.0556850 seconds
107.199: [GC107.199: [ParNew: 246653K->1406K(275904K), 0.0016440 secs] 753340K->508157K(888836K), 0.0016870 secs] [Times: user=0.01 sys=0.00, real=0.01 secs] 
107.201: Total time for which application threads were stopped: 0.0031270 seconds, Stopping threads took: 0.0010060 seconds
107.257: Application time: 0.0561240 seconds
107.257: [GC107.257: [ParNew: 246654K->1419K(275904K), 0.0017220 secs] 753405K->508218K(888836K), 0.0017590 secs] [Times: user=0.01 sys=0.00, real=0.00 secs] 
107.259: Total time for which application threads were stopped: 0.0021950 seconds, Stopping threads took: 0.0000400 seconds
107.315: Application time: 0.0555810 seconds
107.315: [GC107.315: [ParNew: 246667K->1551K(275904K), 0.0015440 secs] 753466K->508414K(888836K), 0.0015810 secs] [Times: user=0.01 sys=0.00, real=0.00 secs] 
107.317: Total time for which application threads were stopped: 0.0020410 seconds, Stopping threads took: 0.0000580 seconds
107.372: Application time: 0.0554520 seconds
107.373: [GC107.373: [ParNew: 246799K->1646K(275904K), 0.0015230 secs] 753662K->508581K(888836K), 0.0015600 secs] [Times: user=0.01 sys=0.00, real=0.00 secs] 
107.374: Total time for which application threads were stopped: 0.0020370 seconds, Stopping threads took: 0.0000520 seconds
107.430: Application time: 0.0554900 seconds
107.432: [GC107.432: [ParNew: 246894K->1508K(275904K), 0.0015580 secs] 753829K->508507K(888836K), 0.0015970 secs] [Times: user=0.01 sys=0.00, real=0.00 secs] 
107.433: Total time for which application threads were stopped: 0.0036450 seconds, Stopping threads took: 0.0016480 seconds
107.489: Application time: 0.0557340 seconds
107.489: [GC107.489: [ParNew: 246756K->1812K(275904K), 0.0015840 secs] 753755K->508879K(888836K), 0.0016220 secs] [Times: user=0.01 sys=0.00, real=0.00 secs] 
107.491: Total time for which application threads were stopped: 0.0020760 seconds, Stopping threads took: 0.0000520 seconds
107.549: Application time: 0.0574790 seconds
107.549: [GC107.549: [ParNew: 247060K->1408K(275904K), 0.0015720 secs] 754127K->508574K(888836K), 0.0016080 secs] [Times: user=0.01 sys=0.00, real=0.00 secs] 
107.551: Total time for which application threads were stopped: 0.0020650 seconds, Stopping threads took: 0.0000600 seconds
107.606: Application time: 0.0557410 seconds
107.608: [GC107.608: [ParNew: 246656K->1326K(275904K), 0.0015440 secs] 753822K->508625K(888836K), 0.0015790 secs] [Times: user=0.01 sys=0.00, real=0.00 secs] 
107.609: Total time for which application threads were stopped: 0.0028730 seconds, Stopping threads took: 0.0008960 seconds
107.666: Application time: 0.0571770 seconds
107.668: [GC107.668: [ParNew: 246574K->1126K(275904K), 0.0016810 secs] 753873K->508520K(888836K), 0.0017120 secs] [Times: user=0.01 sys=0.00, real=0.00 secs] 
107.669: Total time for which application threads were stopped: 0.0029760 seconds, Stopping threads took: 0.0008710 seconds
107.711: Application time: 0.0411270 seconds
107.711: Total time for which application threads were stopped: 0.0004400 seconds, Stopping threads took: 0.0000610 seconds
107.726: Application time: 0.0150790 seconds
107.726: [GC107.727: [ParNew: 246374K->1379K(275904K), 0.0014930 secs] 753768K->508837K(888836K), 0.0015260 secs] [Times: user=0.01 sys=0.00, real=0.01 secs] 
107.728: Total time for which application threads were stopped: 0.0019710 seconds, Stopping threads took: 0.0000690 seconds
107.784: Application time: 0.0563660 seconds
107.785: [GC107.785: [ParNew: 246627K->1322K(275904K), 0.0015120 secs] 754085K->508846K(888836K), 0.0015480 secs] [Times: user=0.01 sys=0.00, real=0.00 secs] 
107.786: Total time for which application threads were stopped: 0.0020160 seconds, Stopping threads took: 0.0000660 seconds
107.843: Application time: 0.0562830 seconds
107.843: [GC107.843: [ParNew: 246570K->1422K(275904K), 0.0017760 secs] 754094K->509002K(888836K), 0.0018110 secs] [Times: user=0.01 sys=0.00, real=0.00 secs] 
107.845: Total time for which application threads were stopped: 0.0022670 seconds, Stopping threads took: 0.0000510 seconds
107.901: Application time: 0.0563070 seconds
107.902: [GC107.902: [ParNew: 246670K->1376K(275904K), 0.0016100 secs] 754250K->509004K(888836K), 0.0016570 secs] [Times: user=0.01 sys=0.00, real=0.00 secs] 
107.903: Total time for which application threads were stopped: 0.0020990 seconds, Stopping threads took: 0.0000560 seconds
107.959: Application time: 0.0552360 seconds
107.959: [GC107.959: [ParNew: 246624K->1427K(275904K), 0.0015210 secs] 754252K->509249K(888836K), 0.0015590 secs] [Times: user=0.01 sys=0.00, real=0.01 secs] 
107.961: Total time for which application threads were stopped: 0.0020190 seconds, Stopping threads took: 0.0000630 seconds
108.016: Application time: 0.0554630 seconds
108.017: [GC108.017: [ParNew: 246675K->1430K(275904K), 0.0015010 secs] 754497K->509292K(888836K), 0.0015370 secs] [Times: user=0.02 sys=0.00, real=0.00 secs] 
108.018: Total time for which application threads were stopped: 0.0020000 seconds, Stopping threads took: 0.0000600 seconds
108.074: Application time: 0.0554560 seconds
108.076: [GC108.076: [ParNew: 246678K->1357K(275904K), 0.0014770 secs] 754540K->509267K(888836K), 0.0015140 secs] [Times: user=0.01 sys=0.00, real=0.00 secs] 
108.077: Total time for which application threads were stopped: 0.0036000 seconds, Stopping threads took: 0.0016940 seconds
108.133: Application time: 0.0554540 seconds
108.133: [GC108.133: [ParNew: 246605K->1232K(275904K), 0.0015240 secs] 754515K->509255K(888836K), 0.0015610 secs] [Times: user=0.01 sys=0.00, real=0.00 secs] 
108.135: Total time for which application threads were stopped: 0.0020140 seconds, Stopping threads took: 0.0000630 seconds
108.190: Application time: 0.0554250 seconds
108.191: [GC108.191: [ParNew: 246480K->1467K(275904K), 0.0016090 secs] 754503K->509537K(888836K), 0.0016470 secs] [Times: user=0.01 sys=0.00, real=0.00 secs] 
108.192: Total time for which application threads were stopped: 0.0021040 seconds, Stopping threads took: 0.0000610 seconds
108.248: Application time: 0.0559430 seconds
108.249: [GC108.249: [ParNew: 246715K->1417K(275904K), 0.0015500 secs] 754785K->509552K(888836K), 0.0015850 secs] [Times: user=0.01 sys=0.00, real=0.00 secs] 
108.250: Total time for which application threads were stopped: 0.0020500 seconds, Stopping threads took: 0.0000660 seconds
108.306: Application time: 0.0553440 seconds
108.308: [GC108.308: [ParNew: 246665K->1450K(275904K), 0.0015240 secs] 754800K->509648K(888836K), 0.0015590 secs] [Times: user=0.01 sys=0.00, real=0.00 secs] 
108.309: Total time for which application threads were stopped: 0.0036980 seconds, Stopping threads took: 0.0017410 seconds
108.365: Application time: 0.0556970 seconds
108.365: [GC108.365: [ParNew: 246698K->1575K(275904K), 0.0015320 secs] 754896K->509830K(888836K), 0.0015690 secs] [Times: user=0.01 sys=0.00, real=0.00 secs] 
108.367: Total time for which application threads were stopped: 0.0020290 seconds, Stopping threads took: 0.0000620 seconds
108.423: Application time: 0.0564890 seconds
108.424: [GC108.424: [ParNew: 246823K->1406K(275904K), 0.0015760 secs] 755078K->509820K(888836K), 0.0016160 secs] [Times: user=0.01 sys=0.00, real=0.00 secs] 
108.426: Total time for which application threads were stopped: 0.0020940 seconds, Stopping threads took: 0.0000650 seconds
108.482: Application time: 0.0560350 seconds
108.482: [GC108.482: [ParNew: 246654K->1433K(275904K), 0.0014850 secs] 755068K->509915K(888836K), 0.0015220 secs] [Times: user=0.01 sys=0.00, real=0.00 secs] 
108.484: Total time for which application threads were stopped: 0.0019310 seconds, Stopping threads took: 0.0000410 seconds
108.540: Application time: 0.0559960 seconds
108.540: [GC108.540: [ParNew: 246681K->1251K(275904K), 0.0017650 secs] 755163K->509799K(888836K), 0.0018020 secs] [Times: user=0.01 sys=0.00, real=0.00 secs] 
108.542: Total time for which application threads were stopped: 0.0022140 seconds, Stopping threads took: 0.0000440 seconds
108.598: Application time: 0.0558130 seconds
108.598: [GC108.598: [ParNew: 246499K->1320K(275904K), 0.0016040 secs] 755047K->509972K(888836K), 0.0016400 secs] [Times: user=0.01 sys=0.00, real=0.01 secs] 
108.600: Total time for which application threads were stopped: 0.0021200 seconds, Stopping threads took: 0.0000720 seconds
108.656: Application time: 0.0558560 seconds
108.656: [GC108.656: [ParNew: 246568K->1077K(275904K), 0.0015670 secs] 755220K->509829K(888836K), 0.0015990 secs] [Times: user=0.02 sys=0.00, real=0.00 secs] 
108.658: Total time for which application threads were stopped: 0.0020600 seconds, Stopping threads took: 0.0000570 seconds
108.714: Application time: 0.0564610 seconds
108.716: [GC108.716: [ParNew: 246325K->1246K(275904K), 0.0015390 secs] 755077K->510064K(888836K), 0.0015750 secs] [Times: user=0.01 sys=0.00, real=0.00 secs] 
108.717: Total time for which application threads were stopped: 0.0031490 seconds, Stopping threads took: 0.0011990 seconds
108.773: Application time: 0.0556240 seconds
108.773: [GC108.773: [ParNew: 246494K->1270K(275904K), 0.0015270 secs] 755312K->510152K(888836K), 0.0015630 secs] [Times: user=0.02 sys=0.00, real=0.00 secs] 
108.775: Total time for which application threads were stopped: 0.0020080 seconds, Stopping threads took: 0.0000530 seconds
108.830: Application time: 0.0554160 seconds
108.832: [GC108.832: [ParNew: 246518K->1380K(275904K), 0.0015380 secs] 755400K->510326K(888836K), 0.0015740 secs] [Times: user=0.01 sys=0.00, real=0.00 secs] 
108.833: Total time for which application threads were stopped: 0.0029640 seconds, Stopping threads took: 0.0009940 seconds
108.888: Application time: 0.0552270 seconds
108.892: [GC108.892: [ParNew: 246628K->1312K(275904K), 0.0014980 secs] 755574K->510361K(888836K), 0.0015340 secs] [Times: user=0.01 sys=0.00, real=0.00 secs] 
108.893: Total time for which application threads were stopped: 0.0047300 seconds, Stopping threads took: 0.0028010 seconds
108.949: Application time: 0.0553100 seconds
108.949: [GC108.949: [ParNew: 246560K->1400K(275904K), 0.0014970 secs] 755609K->510513K(888836K), 0.0015340 secs] [Times: user=0.01 sys=0.00, real=0.00 secs] 
108.951: Total time for which application threads were stopped: 0.0020100 seconds, Stopping threads took: 0.0000560 seconds
109.006: Application time: 0.0555130 seconds
109.006: [GC109.006: [ParNew: 246648K->1430K(275904K), 0.0015670 secs] 755761K->510607K(888836K), 0.0016040 secs] [Times: user=0.01 sys=0.00, real=0.01 secs] 
109.008: Total time for which application threads were stopped: 0.0020510 seconds, Stopping threads took: 0.0000470 seconds
109.064: Application time: 0.0556350 seconds
109.068: [GC109.068: [ParNew: 246678K->1197K(275904K), 0.0015080 secs] 755855K->510471K(888836K), 0.0015450 secs] [Times: user=0.01 sys=0.00, real=0.00 secs] 
109.069: Total time for which application threads were stopped: 0.0054700 seconds, Stopping threads took: 0.0035280 seconds
109.125: Application time: 0.0554890 seconds
109.128: [GC109.128: [ParNew: 246445K->1487K(275904K), 0.0015150 secs] 755719K->510824K(888836K), 0.0015510 secs] [Times: user=0.01 sys=0.00, real=0.00 secs] 
109.129: Total time for which application threads were stopped: 0.0045180 seconds, Stopping threads took: 0.0025660 seconds
109.185: Application time: 0.0553500 seconds
109.185: [GC109.185: [ParNew: 246735K->1703K(275904K), 0.0015220 secs] 756072K->511099K(888836K), 0.0015590 secs] [Times: user=0.02 sys=0.00, real=0.00 secs] 
109.187: Total time for which application threads were stopped: 0.0020050 seconds, Stopping threads took: 0.0000490 seconds
109.243: Application time: 0.0565690 seconds
109.244: [GC109.244: [ParNew: 246951K->1367K(275904K), 0.0015360 secs] 756347K->510829K(888836K), 0.0015750 secs] [Times: user=0.01 sys=0.00, real=0.00 secs] 
109.245: Total time for which application threads were stopped: 0.0020410 seconds, Stopping threads took: 0.0000550 seconds
109.301: Application time: 0.0553560 seconds
109.301: [GC109.301: [ParNew: 246615K->1410K(275904K), 0.0015490 secs] 756077K->510972K(888836K), 0.0015850 secs] [Times: user=0.01 sys=0.00, real=0.00 secs] 
109.303: Total time for which application threads were stopped: 0.0020510 seconds, Stopping threads took: 0.0000650 seconds
109.359: Application time: 0.0562710 seconds
109.359: [GC109.359: [ParNew: 246658K->1292K(275904K), 0.0017020 secs] 756220K->510943K(888836K), 0.0017440 secs] [Times: user=0.01 sys=0.00, real=0.00 secs] 
109.361: Total time for which application threads were stopped: 0.0022100 seconds, Stopping threads took: 0.0000610 seconds
109.417: Application time: 0.0558970 seconds
109.420: [GC109.420: [ParNew: 246540K->1465K(275904K), 0.0015030 secs] 756191K->511203K(888836K), 0.0015370 secs] [Times: user=0.02 sys=0.00, real=0.00 secs] 
109.421: Total time for which application threads were stopped: 0.0042170 seconds, Stopping threads took: 0.0022850 seconds
109.477: Application time: 0.0559040 seconds
109.478: [GC109.478: [ParNew: 246713K->1110K(275904K), 0.0016530 secs] 756451K->510901K(888836K), 0.0016900 secs] [Times: user=0.01 sys=0.00, real=0.01 secs] 
109.479: Total time for which application threads were stopped: 0.0021700 seconds, Stopping threads took: 0.0000630 seconds
109.535: Application time: 0.0557330 seconds
109.535: [GC109.535: [ParNew: 246358K->1311K(275904K), 0.0015230 secs] 756149K->511150K(888836K), 0.0015560 secs] [Times: user=0.02 sys=0.00, real=0.00 secs] 
109.537: Total time for which application threads were stopped: 0.0020280 seconds, Stopping threads took: 0.0000660 seconds
109.593: Application time: 0.0561040 seconds
109.596: [GC109.596: [ParNew: 246559K->1268K(275904K), 0.0016470 secs] 756398K->511218K(888836K), 0.0016800 secs] [Times: user=0.01 sys=0.00, real=0.00 secs] 
109.597: Total time for which application threads were stopped: 0.0042040 seconds, Stopping threads took: 0.0021130 seconds
109.653: Application time: 0.0557290 seconds
109.656: [GC109.656: [ParNew: 246516K->1191K(275904K), 0.0015480 secs] 756466K->511250K(888836K), 0.0015830 secs] [Times: user=0.01 sys=0.00, real=0.00 secs] 
109.657: Total time for which application threads were stopped: 0.0041350 seconds, Stopping threads took: 0.0021580 seconds
109.714: Application time: 0.0565410 seconds
109.714: [GC109.714: [ParNew: 246439K->1290K(275904K), 0.0015120 secs] 756498K->511414K(888836K), 0.0015500 secs] [Times: user=0.01 sys=0.00, real=0.00 secs] 
109.716: Total time for which application threads were stopped: 0.0019910 seconds, Stopping threads took: 0.0000450 seconds
109.771: Application time: 0.0550170 seconds
109.771: [GC109.771: [ParNew: 246538K->1289K(275904K), 0.0014450 secs] 756662K->511462K(888836K), 0.0014820 secs] [Times: user=0.01 sys=0.00, real=0.00 secs] 
109.773: Total time for which application threads were stopped: 0.0019320 seconds, Stopping threads took: 0.0000490 seconds
109.828: Application time: 0.0551520 seconds
109.828: [GC109.828: [ParNew: 246537K->1364K(275904K), 0.0014780 secs] 756710K->511593K(888836K), 0.0015150 secs] [Times: user=0.01 sys=0.00, real=0.00 secs] 
109.830: Total time for which application threads were stopped: 0.0019650 seconds, Stopping threads took: 0.0000530 seconds
109.885: Application time: 0.0555790 seconds
109.888: [GC109.888: [ParNew: 246612K->1292K(275904K), 0.0014800 secs] 756841K->511625K(888836K), 0.0015140 secs] [Times: user=0.02 sys=0.00, real=0.00 secs] 
109.889: Total time for which application threads were stopped: 0.0037290 seconds, Stopping threads took: 0.0018310 seconds
109.945: Application time: 0.0559020 seconds
109.945: [GC109.946: [ParNew: 246540K->1255K(275904K), 0.0016660 secs] 756873K->511636K(888836K), 0.0017020 secs] [Times: user=0.01 sys=0.00, real=0.00 secs] 
109.947: Total time for which application threads were stopped: 0.0021360 seconds, Stopping threads took: 0.0000410 seconds
110.003: Application time: 0.0554840 seconds
110.003: [GC110.003: [ParNew: 246503K->1502K(275904K), 0.0017110 secs] 756884K->511939K(888836K), 0.0017470 secs] [Times: user=0.01 sys=0.00, real=0.00 secs] 
110.005: Total time for which application threads were stopped: 0.0022150 seconds, Stopping threads took: 0.0000480 seconds
110.060: Application time: 0.0554520 seconds
110.064: [GC110.064: [ParNew: 246750K->1297K(275904K), 0.0015880 secs] 757187K->511834K(888836K), 0.0016250 secs] [Times: user=0.01 sys=0.00, real=0.00 secs] 
110.065: Total time for which application threads were stopped: 0.0049240 seconds, Stopping threads took: 0.0028840 seconds
110.121: Application time: 0.0555870 seconds
110.124: [GC110.124: [ParNew: 246545K->1389K(275904K), 0.0015430 secs] 757082K->511989K(888836K), 0.0015790 secs] [Times: user=0.01 sys=0.00, real=0.00 secs] 
110.125: Total time for which application threads were stopped: 0.0043550 seconds, Stopping threads took: 0.0023710 seconds
110.181: Application time: 0.0555010 seconds
110.181: [GC110.181: [ParNew: 246637K->1597K(275904K), 0.0015420 secs] 757237K->512262K(888836K), 0.0015800 secs] [Times: user=0.01 sys=0.00, real=0.00 secs] 
110.183: Total time for which application threads were stopped: 0.0020500 seconds, Stopping threads took: 0.0000720 seconds
110.240: Application time: 0.0576450 seconds
110.241: [GC110.241: [ParNew: 246845K->1231K(275904K), 0.0015080 secs] 757510K->512025K(888836K), 0.0015470 secs] [Times: user=0.01 sys=0.00, real=0.00 secs] 
110.242: Total time for which application threads were stopped: 0.0019990 seconds, Stopping threads took: 0.0000540 seconds
110.298: Application time: 0.0553170 seconds
110.298: [GC110.298: [ParNew: 246479K->1526K(275904K), 0.0014670 secs] 757273K->512376K(888836K), 0.0015040 secs] [Times: user=0.01 sys=0.00, real=0.01 secs] 
110.300: Total time for which application threads were stopped: 0.0019630 seconds, Stopping threads took: 0.0000550 seconds
110.355: Application time: 0.0554630 seconds
110.360: [GC110.360: [ParNew: 246774K->1085K(275904K), 0.0014900 secs] 757624K->511999K(888836K), 0.0015250 secs] [Times: user=0.01 sys=0.00, real=0.00 secs] 
110.361: Total time for which application threads were stopped: 0.0059800 seconds, Stopping threads took: 0.0040530 seconds
110.419: Application time: 0.0573220 seconds
110.419: [GC110.419: [ParNew: 246333K->1242K(275904K), 0.0014930 secs] 757247K->512220K(888836K), 0.0015290 secs] [Times: user=0.01 sys=0.00, real=0.01 secs] 
110.420: Total time for which application threads were stopped: 0.0019770 seconds, Stopping threads took: 0.0000520 seconds
110.476: Application time: 0.0555920 seconds
110.477: [GC110.477: [ParNew: 246490K->1317K(275904K), 0.0014520 secs] 757468K->512361K(888836K), 0.0014870 secs] [Times: user=0.01 sys=0.00, real=0.00 secs] 
110.478: Total time for which application threads were stopped: 0.0019530 seconds, Stopping threads took: 0.0000680 seconds
110.534: Application time: 0.0555260 seconds
110.534: [GC110.534: [ParNew: 246565K->1409K(275904K), 0.0015090 secs] 757609K->512517K(888836K), 0.0015430 secs] [Times: user=0.01 sys=0.00, real=0.00 secs] 
110.536: Total time for which application threads were stopped: 0.0020090 seconds, Stopping threads took: 0.0000500 seconds
110.591: Application time: 0.0554420 seconds
110.596: [GC110.596: [ParNew: 246657K->1309K(275904K), 0.0015130 secs] 757765K->512561K(888836K), 0.0015490 secs] [Times: user=0.01 sys=0.00, real=0.00 secs] 
110.597: Total time for which application threads were stopped: 0.0061790 seconds, Stopping threads took: 0.0042300 seconds
110.653: Application time: 0.0556160 seconds
110.656: [GC110.656: [ParNew: 246557K->1248K(275904K), 0.0015840 secs] 757809K->512573K(888836K), 0.0016210 secs] [Times: user=0.01 sys=0.00, real=0.00 secs] 
110.657: Total time for which application threads were stopped: 0.0044720 seconds, Stopping threads took: 0.0024530 seconds
110.713: Application time: 0.0560240 seconds
110.714: [GC110.714: [ParNew: 246496K->1369K(275904K), 0.0015080 secs] 757821K->512757K(888836K), 0.0015440 secs] [Times: user=0.01 sys=0.01, real=0.00 secs] 
110.715: Total time for which application threads were stopped: 0.0020240 seconds, Stopping threads took: 0.0000720 seconds
110.770: Application time: 0.0551010 seconds
110.771: [GC110.771: [ParNew: 246617K->1510K(275904K), 0.0014820 secs] 758005K->512962K(888836K), 0.0015210 secs] [Times: user=0.02 sys=0.00, real=0.00 secs] 
110.772: Total time for which application threads were stopped: 0.0019690 seconds, Stopping threads took: 0.0000510 seconds
110.828: Application time: 0.0553670 seconds
110.828: [GC110.828: [ParNew: 246758K->1397K(275904K), 0.0014710 secs] 758210K->512953K(888836K), 0.0015150 secs] [Times: user=0.01 sys=0.00, real=0.00 secs] 
110.830: Total time for which application threads were stopped: 0.0019670 seconds, Stopping threads took: 0.0000500 seconds
110.885: Application time: 0.0554620 seconds
110.888: [GC110.888: [ParNew: 246645K->1333K(275904K), 0.0014870 secs] 758201K->512945K(888836K), 0.0015230 secs] [Times: user=0.01 sys=0.00, real=0.00 secs] 
110.889: Total time for which application threads were stopped: 0.0039450 seconds, Stopping threads took: 0.0020250 seconds
110.945: Application time: 0.0557450 seconds
110.948: [GC110.948: [ParNew: 246581K->1426K(275904K), 0.0014890 secs] 758193K->513102K(888836K), 0.0015260 secs] [Times: user=0.02 sys=0.00, real=0.00 secs] 
110.949: Total time for which application threads were stopped: 0.0042520 seconds, Stopping threads took: 0.0023300 seconds
111.004: Application time: 0.0552230 seconds
111.008: [GC111.008: [ParNew: 246674K->1348K(275904K), 0.0015100 secs] 758350K->513121K(888836K), 0.0015460 secs] [Times: user=0.01 sys=0.00, real=0.00 secs] 
111.009: Total time for which application threads were stopped: 0.0047920 seconds, Stopping threads took: 0.0028470 seconds
111.065: Application time: 0.0557290 seconds
111.068: [GC111.068: [ParNew: 246596K->1295K(275904K), 0.0014850 secs] 758369K->513116K(888836K), 0.0015220 secs] [Times: user=0.01 sys=0.00, real=0.00 secs] 
111.069: Total time for which application threads were stopped: 0.0042670 seconds, Stopping threads took: 0.0023320 seconds
111.125: Application time: 0.0557260 seconds
111.125: [GC111.125: [ParNew: 246543K->1208K(275904K), 0.0015330 secs] 758364K->513176K(888836K), 0.0015710 secs] [Times: user=0.01 sys=0.00, real=0.00 secs] 
111.127: Total time for which application threads were stopped: 0.0020210 seconds, Stopping threads took: 0.0000530 seconds
111.183: Application time: 0.0563660 seconds
111.184: [GC111.184: [ParNew: 246456K->1259K(275904K), 0.0014790 secs] 758424K->513299K(888836K), 0.0015160 secs] [Times: user=0.01 sys=0.00, real=0.00 secs] 
111.185: Total time for which application threads were stopped: 0.0019500 seconds, Stopping threads took: 0.0000420 seconds
111.242: Application time: 0.0565950 seconds
111.242: [GC111.242: [ParNew: 246507K->1407K(275904K), 0.0014790 secs] 758547K->513543K(888836K), 0.0015170 secs] [Times: user=0.01 sys=0.00, real=0.00 secs] 
111.244: Total time for which application threads were stopped: 0.0019660 seconds, Stopping threads took: 0.0000500 seconds
111.300: Application time: 0.0561510 seconds
111.300: [GC111.300: [ParNew: 246655K->1402K(275904K), 0.0014640 secs] 758791K->513602K(888836K), 0.0015000 secs] [Times: user=0.01 sys=0.00, real=0.00 secs] 
111.302: Total time for which application threads were stopped: 0.0019510 seconds, Stopping threads took: 0.0000480 seconds
111.358: Application time: 0.0556670 seconds
111.358: [GC111.358: [ParNew: 246650K->1188K(275904K), 0.0016080 secs] 758850K->513436K(888836K), 0.0016460 secs] [Times: user=0.01 sys=0.00, real=0.01 secs] 
111.360: Total time for which application threads were stopped: 0.0020950 seconds, Stopping threads took: 0.0000520 seconds
111.416: Application time: 0.0559800 seconds
111.420: [GC111.420: [ParNew: 246436K->1355K(275904K), 0.0015730 secs] 758684K->513667K(888836K), 0.0016060 secs] [Times: user=0.01 sys=0.00, real=0.00 secs] 
111.421: Total time for which application threads were stopped: 0.0055780 seconds, Stopping threads took: 0.0035820 seconds
111.477: Application time: 0.0562180 seconds
111.480: [GC111.480: [ParNew: 246603K->1295K(275904K), 0.0015840 secs] 758915K->513673K(888836K), 0.0016210 secs] [Times: user=0.01 sys=0.00, real=0.00 secs] 
111.481: Total time for which application threads were stopped: 0.0037670 seconds, Stopping threads took: 0.0017860 seconds
111.537: Application time: 0.0554880 seconds
111.537: [GC111.537: [ParNew: 246543K->1483K(275904K), 0.0014880 secs] 758921K->513934K(888836K), 0.0015230 secs] [Times: user=0.01 sys=0.00, real=0.00 secs] 
111.539: Total time for which application threads were stopped: 0.0019810 seconds, Stopping threads took: 0.0000540 seconds
111.594: Application time: 0.0552530 seconds
111.596: [GC111.596: [ParNew: 246731K->1513K(275904K), 0.0015330 secs] 759182K->514060K(888836K), 0.0015690 secs] [Times: user=0.01 sys=0.00, real=0.00 secs] 
111.597: Total time for which application threads were stopped: 0.0032460 seconds, Stopping threads took: 0.0012600 seconds
111.652: Application time: 0.0551300 seconds
111.656: [GC111.656: [ParNew: 246761K->1393K(275904K), 0.0015410 secs] 759308K->514050K(888836K), 0.0015750 secs] [Times: user=0.01 sys=0.00, real=0.00 secs] 
111.657: Total time for which application threads were stopped: 0.0048460 seconds, Stopping threads took: 0.0028750 seconds
111.713: Application time: 0.0557130 seconds
111.713: [GC111.713: [ParNew: 246641K->1486K(275904K), 0.0014680 secs] 759298K->514206K(888836K), 0.0014970 secs] [Times: user=0.01 sys=0.00, real=0.00 secs] 
111.715: Total time for which application threads were stopped: 0.0019680 seconds, Stopping threads took: 0.0000640 seconds
111.770: Application time: 0.0553860 seconds
111.772: [GC111.772: [ParNew: 246734K->1399K(275904K), 0.0015160 secs] 759454K->514225K(888836K), 0.0015540 secs] [Times: user=0.01 sys=0.00, real=0.00 secs] 
111.773: Total time for which application threads were stopped: 0.0029050 seconds, Stopping threads took: 0.0009580 seconds
111.829: Application time: 0.0555060 seconds
111.829: [GC111.829: [ParNew: 246647K->1501K(275904K), 0.0014710 secs] 759473K->514391K(888836K), 0.0015080 secs] [Times: user=0.01 sys=0.00, real=0.00 secs] 
111.831: Total time for which application threads were stopped: 0.0019510 seconds, Stopping threads took: 0.0000440 seconds
111.887: Application time: 0.0559210 seconds
111.887: [GC111.887: [ParNew: 246749K->1410K(275904K), 0.0015190 secs] 759639K->514374K(888836K), 0.0015560 secs] [Times: user=0.02 sys=0.00, real=0.01 secs] 
111.889: Total time for which application threads were stopped: 0.0019980 seconds, Stopping threads took: 0.0000500 seconds
111.944: Application time: 0.0557400 seconds
111.945: [GC111.945: [ParNew: 246658K->1211K(275904K), 0.0015100 secs] 759622K->514280K(888836K), 0.0015470 secs] [Times: user=0.01 sys=0.00, real=0.00 secs] 
111.946: Total time for which application threads were stopped: 0.0019890 seconds, Stopping threads took: 0.0000490 seconds
112.001: Application time: 0.0550630 seconds
112.002: [GC112.002: [ParNew: 246459K->1349K(275904K), 0.0015070 secs] 759528K->514481K(888836K), 0.0015450 secs] [Times: user=0.01 sys=0.00, real=0.00 secs] 
112.003: Total time for which application threads were stopped: 0.0020070 seconds, Stopping threads took: 0.0000680 seconds
112.059: Application time: 0.0557110 seconds
112.060: [GC112.060: [ParNew: 246597K->1300K(275904K), 0.0015450 secs] 759729K->514629K(888836K), 0.0015820 secs] [Times: user=0.01 sys=0.00, real=0.00 secs] 
112.061: Total time for which application threads were stopped: 0.0020300 seconds, Stopping threads took: 0.0000420 seconds
112.118: Application time: 0.0563550 seconds
112.118: [GC112.118: [ParNew: 246548K->1455K(275904K), 0.0014790 secs] 759877K->514848K(888836K), 0.0015260 secs] [Times: user=0.01 sys=0.00, real=0.01 secs] 
112.120: Total time for which application threads were stopped: 0.0020040 seconds, Stopping threads took: 0.0000540 seconds
112.175: Application time: 0.0557680 seconds
112.176: [GC112.176: [ParNew: 246703K->1372K(275904K), 0.0014660 secs] 760096K->514837K(888836K), 0.0015010 secs] [Times: user=0.01 sys=0.00, real=0.00 secs] 
112.177: Total time for which application threads were stopped: 0.0019420 seconds, Stopping threads took: 0.0000440 seconds
112.233: Application time: 0.0558040 seconds
112.233: [GC112.234: [ParNew: 246620K->1445K(275904K), 0.0014170 secs] 760085K->514973K(888836K), 0.0014540 secs] [Times: user=0.01 sys=0.00, real=0.00 secs] 
112.235: Total time for which application threads were stopped: 0.0019040 seconds, Stopping threads took: 0.0000520 seconds
112.290: Application time: 0.0553510 seconds
112.291: [GC112.291: [ParNew: 246693K->1387K(275904K), 0.0014970 secs] 760221K->514964K(888836K), 0.0015430 secs] [Times: user=0.01 sys=0.00, real=0.00 secs] 
112.292: Total time for which application threads were stopped: 0.0019950 seconds, Stopping threads took: 0.0000570 seconds
112.348: Application time: 0.0553210 seconds
112.348: [GC112.348: [ParNew: 246635K->1324K(275904K), 0.0016990 secs] 760212K->514948K(888836K), 0.0017340 secs] [Times: user=0.01 sys=0.00, real=0.00 secs] 
112.350: Total time for which application threads were stopped: 0.0021920 seconds, Stopping threads took: 0.0000540 seconds
112.405: Application time: 0.0553840 seconds
112.406: [GC112.406: [ParNew: 246572K->1462K(275904K), 0.0014880 secs] 760196K->515151K(888836K), 0.0015240 secs] [Times: user=0.01 sys=0.00, real=0.00 secs] 
112.407: Total time for which application threads were stopped: 0.0019790 seconds, Stopping threads took: 0.0000560 seconds
112.463: Application time: 0.0556460 seconds
112.468: [GC112.468: [ParNew: 246710K->1628K(275904K), 0.0014990 secs] 760399K->515390K(888836K), 0.0015350 secs] [Times: user=0.01 sys=0.00, real=0.00 secs] 
112.469: Total time for which application threads were stopped: 0.0063620 seconds, Stopping threads took: 0.0044280 seconds
112.524: Application time: 0.0551640 seconds
112.525: [GC112.525: [ParNew: 246876K->1246K(275904K), 0.0015760 secs] 760638K->515056K(888836K), 0.0016140 secs] [Times: user=0.01 sys=0.00, real=0.00 secs] 
112.526: Total time for which application threads were stopped: 0.0020640 seconds, Stopping threads took: 0.0000530 seconds
112.581: Application time: 0.0550030 seconds
112.582: [GC112.582: [ParNew: 246494K->1413K(275904K), 0.0015770 secs] 760304K->515332K(888836K), 0.0016140 secs] [Times: user=0.01 sys=0.00, real=0.00 secs] 
112.584: Total time for which application threads were stopped: 0.0020780 seconds, Stopping threads took: 0.0000680 seconds
112.639: Application time: 0.0555390 seconds
112.640: [GC112.640: [ParNew: 246661K->1356K(275904K), 0.0016870 secs] 760580K->515363K(888836K), 0.0017210 secs] [Times: user=0.01 sys=0.00, real=0.00 secs] 
112.641: Total time for which application threads were stopped: 0.0022060 seconds, Stopping threads took: 0.0000550 seconds
112.697: Application time: 0.0556740 seconds
112.700: [GC112.700: [ParNew: 246604K->1420K(275904K), 0.0014810 secs] 760611K->515483K(888836K), 0.0015170 secs] [Times: user=0.01 sys=0.00, real=0.00 secs] 
112.701: Total time for which application threads were stopped: 0.0042500 seconds, Stopping threads took: 0.0023350 seconds
112.757: Application time: 0.0559580 seconds
112.758: [GC112.758: [ParNew: 246668K->1523K(275904K), 0.0015280 secs] 760731K->515692K(888836K), 0.0015650 secs] [Times: user=0.02 sys=0.00, real=0.00 secs] 
112.759: Total time for which application threads were stopped: 0.0020200 seconds, Stopping threads took: 0.0000510 seconds
112.815: Application time: 0.0562600 seconds
112.816: [GC112.816: [ParNew: 246771K->1448K(275904K), 0.0014870 secs] 760940K->515691K(888836K), 0.0015220 secs] [Times: user=0.01 sys=0.00, real=0.00 secs] 
112.817: Total time for which application threads were stopped: 0.0019680 seconds, Stopping threads took: 0.0000370 seconds
112.872: Application time: 0.0550530 seconds
112.873: [GC112.873: [ParNew: 246696K->1544K(275904K), 0.0016080 secs] 760939K->515835K(888836K), 0.0016420 secs] [Times: user=0.01 sys=0.00, real=0.00 secs] 
112.875: Total time for which application threads were stopped: 0.0021020 seconds, Stopping threads took: 0.0000630 seconds
112.930: Application time: 0.0554350 seconds
112.930: [GC112.930: [ParNew: 246792K->1503K(275904K), 0.0015100 secs] 761083K->515897K(888836K), 0.0015480 secs] [Times: user=0.01 sys=0.00, real=0.00 secs] 
112.932: Total time for which application threads were stopped: 0.0020070 seconds, Stopping threads took: 0.0000540 seconds
112.989: Application time: 0.0573070 seconds
112.990: [GC112.990: [ParNew: 246751K->1317K(275904K), 0.0014810 secs] 761145K->515810K(888836K), 0.0015170 secs] [Times: user=0.01 sys=0.00, real=0.00 secs] 
112.991: Total time for which application threads were stopped: 0.0019700 seconds, Stopping threads took: 0.0000430 seconds
113.047: Application time: 0.0555390 seconds
113.047: [GC113.047: [ParNew: 246565K->886K(275904K), 0.0015240 secs] 761058K->515484K(888836K), 0.0015590 secs] [Times: user=0.01 sys=0.00, real=0.00 secs] 
113.049: Total time for which application threads were stopped: 0.0020120 seconds, Stopping threads took: 0.0000420 seconds
113.104: Application time: 0.0555140 seconds
113.108: [GC113.108: [ParNew: 246134K->1225K(275904K), 0.0014910 secs] 760732K->515887K(888836K), 0.0015230 secs] [Times: user=0.01 sys=0.00, real=0.00 secs] 
113.109: Total time for which application threads were stopped: 0.0048280 seconds, Stopping threads took: 0.0028990 seconds
113.165: Application time: 0.0556950 seconds
113.165: [GC113.165: [ParNew: 246473K->1345K(275904K), 0.0014140 secs] 761135K->516063K(888836K), 0.0014500 secs] [Times: user=0.01 sys=0.00, real=0.00 secs] 
113.167: Total time for which application threads were stopped: 0.0019150 seconds, Stopping threads took: 0.0000500 seconds
113.223: Application time: 0.0558240 seconds
113.223: [GC113.223: [ParNew: 246593K->1215K(275904K), 0.0014440 secs] 761311K->515981K(888836K), 0.0014820 secs] [Times: user=0.01 sys=0.00, real=0.00 secs] 
113.225: Total time for which application threads were stopped: 0.0019330 seconds, Stopping threads took: 0.0000540 seconds
113.280: Application time: 0.0551980 seconds
113.280: [GC113.280: [ParNew: 246463K->1261K(275904K), 0.0014460 secs] 761229K->516091K(888836K), 0.0014820 secs] [Times: user=0.01 sys=0.00, real=0.00 secs] 
113.282: Total time for which application threads were stopped: 0.0019290 seconds, Stopping threads took: 0.0000470 seconds
113.337: Application time: 0.0553780 seconds
113.338: [GC113.338: [ParNew: 246509K->1372K(275904K), 0.0014800 secs] 761339K->516250K(888836K), 0.0015170 secs] [Times: user=0.01 sys=0.00, real=0.00 secs] 
113.339: Total time for which application threads were stopped: 0.0019670 seconds, Stopping threads took: 0.0000530 seconds
113.394: Application time: 0.0552250 seconds
113.395: [GC113.395: [ParNew: 246620K->1360K(275904K), 0.0015370 secs] 761498K->516304K(888836K), 0.0015740 secs] [Times: user=0.01 sys=0.00, real=0.00 secs] 
113.396: Total time for which application threads were stopped: 0.0020200 seconds, Stopping threads took: 0.0000510 seconds
113.452: Application time: 0.0560900 seconds
113.453: [GC113.453: [ParNew: 246608K->1371K(275904K), 0.0015250 secs] 761552K->516371K(888836K), 0.0015620 secs] [Times: user=0.02 sys=0.00, real=0.00 secs] 
113.454: Total time for which application threads were stopped: 0.0020160 seconds, Stopping threads took: 0.0000580 seconds
113.509: Application time: 0.0549520 seconds
113.510: [GC113.510: [ParNew: 246619K->1572K(275904K), 0.0014990 secs] 761619K->516636K(888836K), 0.0015360 secs] [Times: user=0.01 sys=0.00, real=0.00 secs] 
113.511: Total time for which application threads were stopped: 0.0019820 seconds, Stopping threads took: 0.0000530 seconds
113.566: Application time: 0.0550820 seconds
113.567: [GC113.567: [ParNew: 246820K->1333K(275904K), 0.0015450 secs] 761884K->516549K(888836K), 0.0015810 secs] [Times: user=0.01 sys=0.00, real=0.01 secs] 
113.569: Total time for which application threads were stopped: 0.0020330 seconds, Stopping threads took: 0.0000560 seconds
113.624: Application time: 0.0552130 seconds
113.624: [GC113.624: [ParNew: 246581K->1384K(275904K), 0.0015430 secs] 761797K->516664K(888836K), 0.0015780 secs] [Times: user=0.01 sys=0.00, real=0.00 secs] 
113.626: Total time for which application threads were stopped: 0.0020230 seconds, Stopping threads took: 0.0000500 seconds
113.681: Application time: 0.0553620 seconds
113.684: [GC113.684: [ParNew: 246632K->1394K(275904K), 0.0014770 secs] 761912K->516778K(888836K), 0.0015130 secs] [Times: user=0.01 sys=0.00, real=0.00 secs] 
113.685: Total time for which application threads were stopped: 0.0040870 seconds, Stopping threads took: 0.0021600 seconds
113.740: Application time: 0.0551370 seconds
113.744: [GC113.744: [ParNew: 246642K->1503K(275904K), 0.0014720 secs] 762026K->516943K(888836K), 0.0015110 secs] [Times: user=0.01 sys=0.00, real=0.00 secs] 
113.745: Total time for which application threads were stopped: 0.0048300 seconds, Stopping threads took: 0.0029280 seconds
113.801: Application time: 0.0555220 seconds
113.801: [GC113.801: [ParNew: 246751K->1400K(275904K), 0.0015740 secs] 762191K->516896K(888836K), 0.0016100 secs] [Times: user=0.01 sys=0.00, real=0.00 secs] 
113.803: Total time for which application threads were stopped: 0.0020610 seconds, Stopping threads took: 0.0000490 seconds
113.858: Application time: 0.0555560 seconds
113.860: [GC113.860: [ParNew: 246648K->1228K(275904K), 0.0015410 secs] 762144K->516957K(888836K), 0.0015770 secs] [Times: user=0.01 sys=0.00, real=0.00 secs] 
113.861: Total time for which application threads were stopped: 0.0029520 seconds, Stopping threads took: 0.0009770 seconds
113.917: Application time: 0.0561970 seconds
113.920: [GC113.920: [ParNew: 246476K->1119K(275904K), 0.0016560 secs] 762205K->516911K(888836K), 0.0016880 secs] [Times: user=0.01 sys=0.00, real=0.00 secs] 
113.921: Total time for which application threads were stopped: 0.0039180 seconds, Stopping threads took: 0.0018210 seconds
113.977: Application time: 0.0557250 seconds
113.978: [GC113.978: [ParNew: 246367K->1278K(275904K), 0.0015000 secs] 762159K->517134K(888836K), 0.0015360 secs] [Times: user=0.01 sys=0.00, real=0.00 secs] 
113.979: Total time for which application threads were stopped: 0.0019940 seconds, Stopping threads took: 0.0000570 seconds
114.035: Application time: 0.0555270 seconds
114.035: [GC114.035: [ParNew: 246526K->1162K(275904K), 0.0014910 secs] 762382K->517058K(888836K), 0.0015280 secs] [Times: user=0.01 sys=0.00, real=0.00 secs] 
114.037: Total time for which application threads were stopped: 0.0019850 seconds, Stopping threads took: 0.0000640 seconds
114.092: Application time: 0.0552190 seconds
114.096: [GC114.096: [ParNew: 246410K->1341K(275904K), 0.0015150 secs] 762306K->517277K(888836K), 0.0015480 secs] [Times: user=0.01 sys=0.00, real=0.00 secs] 
114.097: Total time for which application threads were stopped: 0.0053590 seconds, Stopping threads took: 0.0034200 seconds
114.153: Application time: 0.0558110 seconds
114.153: [GC114.153: [ParNew: 246589K->1393K(275904K), 0.0016820 secs] 762525K->517401K(888836K), 0.0017160 secs] [Times: user=0.01 sys=0.00, real=0.00 secs] 
114.155: Total time for which application threads were stopped: 0.0021780 seconds, Stopping threads took: 0.0000610 seconds
114.211: Application time: 0.0562250 seconds
114.212: [GC114.212: [ParNew: 246641K->1235K(275904K), 0.0014690 secs] 762649K->517291K(888836K), 0.0015040 secs] [Times: user=0.01 sys=0.00, real=0.00 secs] 
114.213: Total time for which application threads were stopped: 0.0020060 seconds, Stopping threads took: 0.0000600 seconds
114.269: Application time: 0.0555640 seconds
114.269: [GC114.269: [ParNew: 246483K->1433K(275904K), 0.0015170 secs] 762539K->517538K(888836K), 0.0015540 secs] [Times: user=0.01 sys=0.00, real=0.00 secs] 
114.271: Total time for which application threads were stopped: 0.0020120 seconds, Stopping threads took: 0.0000530 seconds
114.327: Application time: 0.0555730 seconds
114.327: [GC114.327: [ParNew: 246681K->1404K(275904K), 0.0015060 secs] 762786K->517564K(888836K), 0.0015440 secs] [Times: user=0.01 sys=0.00, real=0.01 secs] 
114.329: Total time for which application threads were stopped: 0.0019890 seconds, Stopping threads took: 0.0000420 seconds
114.384: Application time: 0.0554970 seconds
114.385: [GC114.385: [ParNew: 246652K->1462K(275904K), 0.0015000 secs] 762812K->517679K(888836K), 0.0015360 secs] [Times: user=0.01 sys=0.00, real=0.00 secs] 
114.386: Total time for which application threads were stopped: 0.0019850 seconds, Stopping threads took: 0.0000490 seconds
114.441: Application time: 0.0550440 seconds
114.442: [GC114.442: [ParNew: 246710K->1437K(275904K), 0.0015410 secs] 762927K->517717K(888836K), 0.0015760 secs] [Times: user=0.01 sys=0.00, real=0.00 secs] 
114.443: Total time for which application threads were stopped: 0.0020250 seconds, Stopping threads took: 0.0000420 seconds
114.498: Application time: 0.0550320 seconds
114.500: [GC114.500: [ParNew: 246685K->1582K(275904K), 0.0014900 secs] 762965K->517904K(888836K), 0.0015260 secs] [Times: user=0.01 sys=0.00, real=0.00 secs] 
114.501: Total time for which application threads were stopped: 0.0030150 seconds, Stopping threads took: 0.0010880 seconds
114.556: Application time: 0.0551830 seconds
114.560: [GC114.560: [ParNew: 246830K->1273K(275904K), 0.0016260 secs] 763152K->517759K(888836K), 0.0016610 secs] [Times: user=0.01 sys=0.00, real=0.00 secs] 
114.561: Total time for which application threads were stopped: 0.0049370 seconds, Stopping threads took: 0.0028820 seconds
114.616: Application time: 0.0549810 seconds
114.620: [GC114.620: [ParNew: 246521K->1327K(275904K), 0.0015960 secs] 763007K->517881K(888836K), 0.0016310 secs] [Times: user=0.01 sys=0.00, real=0.00 secs] 
114.621: Total time for which application threads were stopped: 0.0049810 seconds, Stopping threads took: 0.0029550 seconds
114.677: Application time: 0.0555030 seconds
114.677: [GC114.677: [ParNew: 246575K->1337K(275904K), 0.0015180 secs] 763129K->518012K(888836K), 0.0015550 secs] [Times: user=0.01 sys=0.00, real=0.00 secs] 
114.679: Total time for which application threads were stopped: 0.0020130 seconds, Stopping threads took: 0.0000530 seconds
114.735: Application time: 0.0557270 seconds
114.735: [GC114.735: [ParNew: 246585K->1415K(275904K), 0.0014780 secs] 763260K->518154K(888836K), 0.0015140 secs] [Times: user=0.01 sys=0.00, real=0.00 secs] 
114.737: Total time for which application threads were stopped: 0.0019850 seconds, Stopping threads took: 0.0000430 seconds
114.793: Application time: 0.0562130 seconds
114.796: [GC114.796: [ParNew: 246663K->1228K(275904K), 0.0014280 secs] 763402K->518063K(888836K), 0.0014630 secs] [Times: user=0.01 sys=0.00, real=0.00 secs] 
114.797: Total time for which application threads were stopped: 0.0043790 seconds, Stopping threads took: 0.0025260 seconds
114.852: Application time: 0.0547900 seconds
114.856: [GC114.856: [ParNew: 246476K->1305K(275904K), 0.0013860 secs] 763311K->518284K(888836K), 0.0014210 secs] [Times: user=0.01 sys=0.00, real=0.00 secs] 
114.857: Total time for which application threads were stopped: 0.0051730 seconds, Stopping threads took: 0.0033510 seconds
114.913: Application time: 0.0556550 seconds
114.916: [GC114.916: [ParNew: 246553K->980K(275904K), 0.0015790 secs] 763532K->518023K(888836K), 0.0016140 secs] [Times: user=0.01 sys=0.00, real=0.00 secs] 
114.917: Total time for which application threads were stopped: 0.0045010 seconds, Stopping threads took: 0.0025180 seconds
114.972: Application time: 0.0550280 seconds
114.973: [GC114.973: [ParNew: 246228K->1150K(275904K), 0.0014090 secs] 763271K->518248K(888836K), 0.0014430 secs] [Times: user=0.01 sys=0.00, real=0.00 secs] 
114.974: Total time for which application threads were stopped: 0.0018920 seconds, Stopping threads took: 0.0000460 seconds
115.029: Application time: 0.0551230 seconds
115.030: [GC115.030: [ParNew: 246398K->1201K(275904K), 0.0014330 secs] 763496K->518363K(888836K), 0.0014690 secs] [Times: user=0.01 sys=0.00, real=0.00 secs] 
115.031: Total time for which application threads were stopped: 0.0019230 seconds, Stopping threads took: 0.0000450 seconds
115.086: Application time: 0.0547450 seconds
115.088: [GC115.088: [ParNew: 246449K->1262K(275904K), 0.0014400 secs] 763611K->518488K(888836K), 0.0014730 secs] [Times: user=0.01 sys=0.00, real=0.00 secs] 
115.089: Total time for which application threads were stopped: 0.0031730 seconds, Stopping threads took: 0.0012890 seconds
115.145: Application time: 0.0559000 seconds
115.148: [GC115.148: [ParNew: 246510K->1455K(275904K), 0.0014460 secs] 763736K->518737K(888836K), 0.0014820 secs] [Times: user=0.01 sys=0.00, real=0.00 secs] 
115.149: Total time for which application threads were stopped: 0.0040890 seconds, Stopping threads took: 0.0022070 seconds
115.206: Application time: 0.0564830 seconds
115.208: [GC115.208: [ParNew: 246703K->1291K(275904K), 0.0014460 secs] 763985K->518638K(888836K), 0.0014910 secs] [Times: user=0.01 sys=0.00, real=0.00 secs] 
115.209: Total time for which application threads were stopped: 0.0035250 seconds, Stopping threads took: 0.0016370 seconds
115.264: Application time: 0.0549510 seconds
115.265: [GC115.265: [ParNew: 246539K->1463K(275904K), 0.0015130 secs] 763886K->518865K(888836K), 0.0015500 secs] [Times: user=0.01 sys=0.00, real=0.00 secs] 
115.266: Total time for which application threads were stopped: 0.0020220 seconds, Stopping threads took: 0.0000460 seconds
115.322: Application time: 0.0553920 seconds
115.324: [GC115.324: [ParNew: 246711K->1283K(275904K), 0.0015060 secs] 764113K->518741K(888836K), 0.0015420 secs] [Times: user=0.01 sys=0.00, real=0.00 secs] 
115.325: Total time for which application threads were stopped: 0.0036700 seconds, Stopping threads took: 0.0017340 seconds
115.380: Application time: 0.0547820 seconds
115.380: [GC115.380: [ParNew: 246531K->1554K(275904K), 0.0015240 secs] 763989K->519076K(888836K), 0.0015620 secs] [Times: user=0.01 sys=0.00, real=0.00 secs] 
115.382: Total time for which application threads were stopped: 0.0020050 seconds, Stopping threads took: 0.0000450 seconds
115.437: Application time: 0.0549660 seconds
115.440: [GC115.440: [ParNew: 246802K->1620K(275904K), 0.0015080 secs] 764324K->519200K(888836K), 0.0015450 secs] [Times: user=0.01 sys=0.00, real=0.00 secs] 
115.441: Total time for which application threads were stopped: 0.0042550 seconds, Stopping threads took: 0.0023010 seconds
115.496: Application time: 0.0548650 seconds
115.497: [GC115.497: [ParNew: 246868K->1590K(275904K), 0.0015120 secs] 764448K->519234K(888836K), 0.0015490 secs] [Times: user=0.01 sys=0.00, real=0.00 secs] 
115.498: Total time for which application threads were stopped: 0.0019960 seconds, Stopping threads took: 0.0000470 seconds
115.553: Application time: 0.0549280 seconds
115.556: [GC115.556: [ParNew: 246838K->1428K(275904K), 0.0015240 secs] 764482K->519220K(888836K), 0.0015600 secs] [Times: user=0.01 sys=0.00, real=0.00 secs] 
115.557: Total time for which application threads were stopped: 0.0041740 seconds, Stopping threads took: 0.0022420 seconds
115.613: Application time: 0.0558410 seconds
115.613: [GC115.613: [ParNew: 246676K->1506K(275904K), 0.0016230 secs] 764468K->519387K(888836K), 0.0016600 secs] [Times: user=0.01 sys=0.00, real=0.00 secs] 
115.615: Total time for which application threads were stopped: 0.0021140 seconds, Stopping threads took: 0.0000540 seconds
115.670: Application time: 0.0552600 seconds
115.671: [GC115.671: [ParNew: 246754K->1274K(275904K), 0.0015710 secs] 764635K->519337K(888836K), 0.0016090 secs] [Times: user=0.01 sys=0.00, real=0.00 secs] 
115.672: Total time for which application threads were stopped: 0.0020540 seconds, Stopping threads took: 0.0000430 seconds
115.708: Application time: 0.0356250 seconds
115.712: Total time for which application threads were stopped: 0.0035340 seconds, Stopping threads took: 0.0031710 seconds
115.734: Application time: 0.0226970 seconds
115.735: [GC115.735: [ParNew: 246522K->1331K(275904K), 0.0015070 secs] 764585K->519434K(888836K), 0.0015440 secs] [Times: user=0.02 sys=0.00, real=0.00 secs] 
115.736: Total time for which application threads were stopped: 0.0019940 seconds, Stopping threads took: 0.0000550 seconds
115.791: Application time: 0.0546760 seconds
115.791: [GC115.792: [ParNew: 246579K->1292K(275904K), 0.0016040 secs] 764682K->519539K(888836K), 0.0016390 secs] [Times: user=0.01 sys=0.00, real=0.00 secs] 
115.793: Total time for which application threads were stopped: 0.0021260 seconds, Stopping threads took: 0.0000550 seconds
115.849: Application time: 0.0556540 seconds
115.852: [GC115.852: [ParNew: 246540K->1328K(275904K), 0.0015430 secs] 764787K->519639K(888836K), 0.0015780 secs] [Times: user=0.01 sys=0.00, real=0.00 secs] 
115.853: Total time for which application threads were stopped: 0.0044300 seconds, Stopping threads took: 0.0024930 seconds
115.909: Application time: 0.0552760 seconds
115.912: [GC115.912: [ParNew: 246576K->1196K(275904K), 0.0015060 secs] 764887K->519563K(888836K), 0.0015490 secs] [Times: user=0.01 sys=0.00, real=0.00 secs] 
115.913: Total time for which application threads were stopped: 0.0046960 seconds, Stopping threads took: 0.0027470 seconds
115.968: Application time: 0.0551990 seconds
115.969: [GC115.969: [ParNew: 246444K->1498K(275904K), 0.0016160 secs] 764811K->519913K(888836K), 0.0016510 secs] [Times: user=0.01 sys=0.00, real=0.00 secs] 
115.970: Total time for which application threads were stopped: 0.0020620 seconds, Stopping threads took: 0.0000630 seconds
116.026: Application time: 0.0553310 seconds
116.026: [GC116.026: [ParNew: 246746K->1481K(275904K), 0.0015630 secs] 765161K->519952K(888836K), 0.0015970 secs] [Times: user=0.01 sys=0.00, real=0.01 secs] 
116.028: Total time for which application threads were stopped: 0.0020510 seconds, Stopping threads took: 0.0000520 seconds
116.083: Application time: 0.0548080 seconds
116.083: [GC116.083: [ParNew: 246729K->1583K(275904K), 0.0015270 secs] 765200K->520110K(888836K), 0.0015610 secs] [Times: user=0.02 sys=0.00, real=0.00 secs] 
116.085: Total time for which application threads were stopped: 0.0020090 seconds, Stopping threads took: 0.0000490 seconds
116.140: Application time: 0.0548710 seconds
116.140: [GC116.140: [ParNew: 246831K->1512K(275904K), 0.0014800 secs] 765358K->520094K(888836K), 0.0015150 secs] [Times: user=0.01 sys=0.00, real=0.00 secs] 
116.142: Total time for which application threads were stopped: 0.0019620 seconds, Stopping threads took: 0.0000440 seconds
116.197: Application time: 0.0551270 seconds
116.198: [GC116.198: [ParNew: 246760K->1756K(275904K), 0.0014620 secs] 765342K->520387K(888836K), 0.0014990 secs] [Times: user=0.01 sys=0.00, real=0.01 secs] 
116.200: Total time for which application threads were stopped: 0.0029890 seconds, Stopping threads took: 0.0010580 seconds
116.255: Application time: 0.0550050 seconds
116.255: [GC116.255: [ParNew: 247004K->1568K(275904K), 0.0016060 secs] 765635K->520247K(888836K), 0.0016440 secs] [Times: user=0.01 sys=0.00, real=0.00 secs] 
116.257: Total time for which application threads were stopped: 0.0020990 seconds, Stopping threads took: 0.0000490 seconds
116.312: Application time: 0.0549440 seconds
116.312: [GC116.312: [ParNew: 246816K->1743K(275904K), 0.0014880 secs] 765495K->520461K(888836K), 0.0015250 secs] [Times: user=0.01 sys=0.00, real=0.00 secs] 
116.314: Total time for which application threads were stopped: 0.0019780 seconds, Stopping threads took: 0.0000420 seconds
116.369: Application time: 0.0548310 seconds
116.369: [GC116.369: [ParNew: 246991K->1684K(275904K), 0.0014850 secs] 765709K->520461K(888836K), 0.0015210 secs] [Times: user=0.01 sys=0.00, real=0.00 secs] 
116.370: Total time for which application threads were stopped: 0.0019710 seconds, Stopping threads took: 0.0000480 seconds
116.425: Application time: 0.0548130 seconds
116.428: [GC116.428: [ParNew: 246932K->1898K(275904K), 0.0015400 secs] 765709K->520749K(888836K), 0.0015780 secs] [Times: user=0.01 sys=0.00, real=0.00 secs] 
116.429: Total time for which application threads were stopped: 0.0039330 seconds, Stopping threads took: 0.0019580 seconds
116.484: Application time: 0.0548590 seconds
116.485: [GC116.485: [ParNew: 247146K->1436K(275904K), 0.0016020 secs] 765997K->520439K(888836K), 0.0016400 secs] [Times: user=0.01 sys=0.00, real=0.00 secs] 
116.486: Total time for which application threads were stopped: 0.0020900 seconds, Stopping threads took: 0.0000530 seconds
116.541: Application time: 0.0547980 seconds
116.541: [GC116.541: [ParNew: 246684K->1407K(275904K), 0.0015200 secs] 765687K->520526K(888836K), 0.0015570 secs] [Times: user=0.01 sys=0.00, real=0.00 secs] 
116.543: Total time for which application threads were stopped: 0.0020090 seconds, Stopping threads took: 0.0000490 seconds
116.599: Application time: 0.0564870 seconds
116.604: [GC116.604: [ParNew: 246655K->1314K(275904K), 0.0014560 secs] 765774K->520670K(888836K), 0.0014950 secs] [Times: user=0.01 sys=0.00, real=0.00 secs] 
116.605: Total time for which application threads were stopped: 0.0056470 seconds, Stopping threads took: 0.0037600 seconds
116.660: Application time: 0.0550410 seconds
116.664: [GC116.664: [ParNew: 246562K->986K(275904K), 0.0014140 secs] 765918K->520406K(888836K), 0.0014500 secs] [Times: user=0.01 sys=0.00, real=0.00 secs] 
116.665: Total time for which application threads were stopped: 0.0049210 seconds, Stopping threads took: 0.0030720 seconds
116.720: Application time: 0.0550700 seconds
116.721: [GC116.721: [ParNew: 246234K->1128K(275904K), 0.0015450 secs] 765654K->520668K(888836K), 0.0015810 secs] [Times: user=0.01 sys=0.00, real=0.00 secs] 
116.722: Total time for which application threads were stopped: 0.0019950 seconds, Stopping threads took: 0.0000490 seconds
116.778: Application time: 0.0553820 seconds
116.780: [GC116.780: [ParNew: 246376K->1049K(275904K), 0.0014180 secs] 765916K->520653K(888836K), 0.0014510 secs] [Times: user=0.01 sys=0.00, real=0.00 secs] 
116.781: Total time for which application threads were stopped: 0.0035530 seconds, Stopping threads took: 0.0016960 seconds
116.837: Application time: 0.0556350 seconds
116.837: [GC116.837: [ParNew: 246297K->1334K(275904K), 0.0014710 secs] 765901K->521002K(888836K), 0.0015030 secs] [Times: user=0.01 sys=0.01, real=0.00 secs] 
116.839: Total time for which application threads were stopped: 0.0019800 seconds, Stopping threads took: 0.0000520 seconds
116.894: Application time: 0.0548850 seconds
116.894: [GC116.894: [ParNew: 246582K->1049K(275904K), 0.0014510 secs] 766250K->520781K(888836K), 0.0014850 secs] [Times: user=0.01 sys=0.00, real=0.00 secs] 
116.896: Total time for which application threads were stopped: 0.0019370 seconds, Stopping threads took: 0.0000480 seconds
116.950: Application time: 0.0548270 seconds
116.951: [GC116.951: [ParNew: 246297K->1265K(275904K), 0.0014230 secs] 766029K->521045K(888836K), 0.0014580 secs] [Times: user=0.01 sys=0.00, real=0.00 secs] 
116.952: Total time for which application threads were stopped: 0.0019100 seconds, Stopping threads took: 0.0000530 seconds
117.007: Application time: 0.0546350 seconds
117.007: [GC117.007: [ParNew: 246513K->1324K(275904K), 0.0014270 secs] 766293K->521168K(888836K), 0.0014640 secs] [Times: user=0.01 sys=0.00, real=0.00 secs] 
117.009: Total time for which application threads were stopped: 0.0019210 seconds, Stopping threads took: 0.0000430 seconds
117.063: Application time: 0.0545160 seconds
117.064: [GC117.064: [ParNew: 246572K->1367K(275904K), 0.0014170 secs] 766416K->521275K(888836K), 0.0014520 secs] [Times: user=0.01 sys=0.00, real=0.00 secs] 
117.065: Total time for which application threads were stopped: 0.0018940 seconds, Stopping threads took: 0.0000430 seconds
117.120: Application time: 0.0548880 seconds
117.124: [GC117.124: [ParNew: 246615K->1471K(275904K), 0.0014520 secs] 766523K->521435K(888836K), 0.0014880 secs] [Times: user=0.01 sys=0.00, real=0.00 secs] 
117.125: Total time for which application threads were stopped: 0.0049730 seconds, Stopping threads took: 0.0030820 seconds
117.180: Application time: 0.0544550 seconds
117.184: [GC117.184: [ParNew: 246719K->1468K(275904K), 0.0014490 secs] 766683K->521496K(888836K), 0.0014840 secs] [Times: user=0.01 sys=0.00, real=0.00 secs] 
117.185: Total time for which application threads were stopped: 0.0055260 seconds, Stopping threads took: 0.0036430 seconds
117.241: Application time: 0.0554780 seconds
117.241: [GC117.241: [ParNew: 246716K->1424K(275904K), 0.0014640 secs] 766744K->521508K(888836K), 0.0015010 secs] [Times: user=0.01 sys=0.00, real=0.00 secs] 
117.243: Total time for which application threads were stopped: 0.0019500 seconds, Stopping threads took: 0.0000510 seconds
117.297: Application time: 0.0545210 seconds
117.298: [GC117.298: [ParNew: 246672K->1512K(275904K), 0.0014770 secs] 766756K->521660K(888836K), 0.0015110 secs] [Times: user=0.01 sys=0.00, real=0.00 secs] 
117.299: Total time for which application threads were stopped: 0.0019630 seconds, Stopping threads took: 0.0000520 seconds
117.354: Application time: 0.0547150 seconds
117.356: [GC117.356: [ParNew: 246760K->1641K(275904K), 0.0014670 secs] 766908K->521849K(888836K), 0.0015100 secs] [Times: user=0.01 sys=0.00, real=0.00 secs] 
117.357: Total time for which application threads were stopped: 0.0034340 seconds, Stopping threads took: 0.0014920 seconds
117.412: Application time: 0.0548450 seconds
117.412: [GC117.413: [ParNew: 246889K->1512K(275904K), 0.0014990 secs] 767097K->521768K(888836K), 0.0015360 secs] [Times: user=0.01 sys=0.00, real=0.00 secs] 
117.414: Total time for which application threads were stopped: 0.0019840 seconds, Stopping threads took: 0.0000430 seconds
117.469: Application time: 0.0550690 seconds
117.470: [GC117.470: [ParNew: 246760K->1294K(275904K), 0.0015210 secs] 767016K->521783K(888836K), 0.0015570 secs] [Times: user=0.01 sys=0.00, real=0.00 secs] 
117.471: Total time for which application threads were stopped: 0.0020040 seconds, Stopping threads took: 0.0000450 seconds
117.527: Application time: 0.0561270 seconds
117.528: [GC117.528: [ParNew: 246542K->1290K(275904K), 0.0016190 secs] 767031K->521899K(888836K), 0.0016510 secs] [Times: user=0.01 sys=0.00, real=0.00 secs] 
117.529: Total time for which application threads were stopped: 0.0021150 seconds, Stopping threads took: 0.0000520 seconds
117.587: Application time: 0.0571430 seconds
117.587: [GC117.587: [ParNew: 246538K->1334K(275904K), 0.0014700 secs] 767147K->522016K(888836K), 0.0015060 secs] [Times: user=0.02 sys=0.00, real=0.01 secs] 
117.588: Total time for which application threads were stopped: 0.0019670 seconds, Stopping threads took: 0.0000570 seconds
117.644: Application time: 0.0553630 seconds
117.648: [GC117.648: [ParNew: 246582K->1406K(275904K), 0.0015020 secs] 767264K->522144K(888836K), 0.0015390 secs] [Times: user=0.01 sys=0.00, real=0.00 secs] 
117.649: Total time for which application threads were stopped: 0.0053000 seconds, Stopping threads took: 0.0033950 seconds
117.705: Application time: 0.0556260 seconds
117.705: [GC117.705: [ParNew: 246654K->1371K(275904K), 0.0015230 secs] 767392K->522209K(888836K), 0.0015610 secs] [Times: user=0.01 sys=0.00, real=0.00 secs] 
117.707: Total time for which application threads were stopped: 0.0019840 seconds, Stopping threads took: 0.0000540 seconds
117.762: Application time: 0.0556800 seconds
117.763: [GC117.763: [ParNew: 246619K->1208K(275904K), 0.0014710 secs] 767457K->522102K(888836K), 0.0015050 secs] [Times: user=0.01 sys=0.00, real=0.00 secs] 
117.764: Total time for which application threads were stopped: 0.0019630 seconds, Stopping threads took: 0.0000560 seconds
117.797: Application time: 0.0325810 seconds
117.797: Total time for which application threads were stopped: 0.0004210 seconds, Stopping threads took: 0.0000450 seconds
117.820: Application time: 0.0225470 seconds
117.824: [GC117.824: [ParNew: 246456K->1349K(275904K), 0.0014520 secs] 767350K->522307K(888836K), 0.0014890 secs] [Times: user=0.01 sys=0.00, real=0.00 secs] 
117.826: Total time for which application threads were stopped: 0.0059360 seconds, Stopping threads took: 0.0040520 seconds
117.881: Application time: 0.0546110 seconds
117.881: [GC117.881: [ParNew: 246597K->1343K(275904K), 0.0014430 secs] 767555K->522365K(888836K), 0.0014800 secs] [Times: user=0.01 sys=0.00, real=0.00 secs] 
117.882: Total time for which application threads were stopped: 0.0019490 seconds, Stopping threads took: 0.0000460 seconds
117.937: Application time: 0.0542460 seconds
117.937: [GC117.937: [ParNew: 246591K->1510K(275904K), 0.0014510 secs] 767613K->522597K(888836K), 0.0014860 secs] [Times: user=0.01 sys=0.00, real=0.00 secs] 
117.939: Total time for which application threads were stopped: 0.0019540 seconds, Stopping threads took: 0.0000580 seconds
117.994: Application time: 0.0548640 seconds
117.994: [GC117.994: [ParNew: 246758K->1436K(275904K), 0.0015950 secs] 767845K->522570K(888836K), 0.0016320 secs] [Times: user=0.01 sys=0.00, real=0.00 secs] 
117.996: Total time for which application threads were stopped: 0.0020840 seconds, Stopping threads took: 0.0000440 seconds
118.050: Application time: 0.0544660 seconds
118.051: [GC118.051: [ParNew: 246684K->1409K(275904K), 0.0014810 secs] 767818K->522607K(888836K), 0.0015260 secs] [Times: user=0.01 sys=0.00, real=0.00 secs] 
118.052: Total time for which application threads were stopped: 0.0019880 seconds, Stopping threads took: 0.0000540 seconds
118.107: Application time: 0.0548670 seconds
118.112: [GC118.112: [ParNew: 246657K->1792K(275904K), 0.0014790 secs] 767855K->523055K(888836K), 0.0015150 secs] [Times: user=0.02 sys=0.00, real=0.00 secs] 
118.113: Total time for which application threads were stopped: 0.0062230 seconds, Stopping threads took: 0.0043050 seconds
118.168: Application time: 0.0549600 seconds
118.172: [GC118.172: [ParNew: 247040K->1317K(275904K), 0.0014770 secs] 768303K->522643K(888836K), 0.0015130 secs] [Times: user=0.01 sys=0.00, real=0.00 secs] 
118.173: Total time for which application threads were stopped: 0.0050080 seconds, Stopping threads took: 0.0030990 seconds
118.229: Application time: 0.0554830 seconds
118.229: [GC118.229: [ParNew: 246565K->1676K(275904K), 0.0014660 secs] 767891K->523068K(888836K), 0.0015030 secs] [Times: user=0.01 sys=0.00, real=0.00 secs] 
118.231: Total time for which application threads were stopped: 0.0019620 seconds, Stopping threads took: 0.0000530 seconds
118.285: Application time: 0.0545350 seconds
118.288: [GC118.288: [ParNew: 246924K->1420K(275904K), 0.0016980 secs] 768316K->522860K(888836K), 0.0017340 secs] [Times: user=0.01 sys=0.00, real=0.00 secs] 
118.289: Total time for which application threads were stopped: 0.0042530 seconds, Stopping threads took: 0.0021130 seconds
118.344: Application time: 0.0549390 seconds
118.348: [GC118.348: [ParNew: 246668K->1753K(275904K), 0.0015230 secs] 768108K->523260K(888836K), 0.0015600 secs] [Times: user=0.01 sys=0.00, real=0.00 secs] 
118.349: Total time for which application threads were stopped: 0.0048750 seconds, Stopping threads took: 0.0029120 seconds
118.405: Application time: 0.0556390 seconds
118.405: [GC118.405: [ParNew: 247001K->1466K(275904K), 0.0016670 secs] 768508K->523101K(888836K), 0.0017010 secs] [Times: user=0.01 sys=0.00, real=0.00 secs] 
118.407: Total time for which application threads were stopped: 0.0021630 seconds, Stopping threads took: 0.0000520 seconds
118.462: Application time: 0.0552610 seconds
118.463: [GC118.463: [ParNew: 246714K->1246K(275904K), 0.0016970 secs] 768349K->523210K(888836K), 0.0017350 secs] [Times: user=0.01 sys=0.00, real=0.00 secs] 
118.464: Total time for which application threads were stopped: 0.0021600 seconds, Stopping threads took: 0.0000560 seconds
118.520: Application time: 0.0557200 seconds
118.524: [GC118.524: [ParNew: 246494K->1083K(275904K), 0.0016420 secs] 768458K->523111K(888836K), 0.0016770 secs] [Times: user=0.01 sys=0.00, real=0.00 secs] 
118.525: Total time for which application threads were stopped: 0.0051240 seconds, Stopping threads took: 0.0030830 seconds
118.581: Application time: 0.0557600 seconds
118.582: [GC118.582: [ParNew: 246331K->1000K(275904K), 0.0016380 secs] 768359K->523067K(888836K), 0.0016720 secs] [Times: user=0.01 sys=0.00, real=0.00 secs] 
118.583: Total time for which application threads were stopped: 0.0021330 seconds, Stopping threads took: 0.0000620 seconds
118.639: Application time: 0.0553130 seconds
118.640: [GC118.640: [ParNew: 246248K->1142K(275904K), 0.0015480 secs] 768315K->523242K(888836K), 0.0015840 secs] [Times: user=0.01 sys=0.00, real=0.00 secs] 
118.641: Total time for which application threads were stopped: 0.0027200 seconds, Stopping threads took: 0.0007690 seconds
118.697: Application time: 0.0554500 seconds
118.697: [GC118.697: [ParNew: 246390K->1166K(275904K), 0.0014900 secs] 768490K->523370K(888836K), 0.0015270 secs] [Times: user=0.02 sys=0.00, real=0.00 secs] 
118.699: Total time for which application threads were stopped: 0.0019890 seconds, Stopping threads took: 0.0000660 seconds
118.754: Application time: 0.0551690 seconds
118.756: [GC118.756: [ParNew: 246414K->1080K(275904K), 0.0014870 secs] 768618K->523347K(888836K), 0.0015270 secs] [Times: user=0.01 sys=0.00, real=0.00 secs] 
118.757: Total time for which application threads were stopped: 0.0033310 seconds, Stopping threads took: 0.0014070 seconds
118.812: Application time: 0.0550040 seconds
118.813: [GC118.813: [ParNew: 246328K->1378K(275904K), 0.0014480 secs] 768595K->523701K(888836K), 0.0014840 secs] [Times: user=0.01 sys=0.00, real=0.00 secs] 
118.814: Total time for which application threads were stopped: 0.0019260 seconds, Stopping threads took: 0.0000420 seconds
118.869: Application time: 0.0546400 seconds
118.869: [GC118.869: [ParNew: 246626K->1443K(275904K), 0.0014010 secs] 768949K->523815K(888836K), 0.0014370 secs] [Times: user=0.01 sys=0.00, real=0.00 secs] 
118.871: Total time for which application threads were stopped: 0.0018860 seconds, Stopping threads took: 0.0000520 seconds
118.926: Application time: 0.0549410 seconds
118.928: [GC118.928: [ParNew: 246691K->1495K(275904K), 0.0014080 secs] 769063K->523931K(888836K), 0.0014420 secs] [Times: user=0.01 sys=0.00, real=0.00 secs] 
118.929: Total time for which application threads were stopped: 0.0035300 seconds, Stopping threads took: 0.0016660 seconds
118.984: Application time: 0.0548470 seconds
118.984: [GC118.984: [ParNew: 246743K->1322K(275904K), 0.0015690 secs] 769179K->523805K(888836K), 0.0016020 secs] [Times: user=0.01 sys=0.00, real=0.00 secs] 
118.986: Total time for which application threads were stopped: 0.0020450 seconds, Stopping threads took: 0.0000450 seconds
119.041: Application time: 0.0551160 seconds
119.042: [GC119.042: [ParNew: 246570K->1398K(275904K), 0.0014660 secs] 769053K->523938K(888836K), 0.0015030 secs] [Times: user=0.01 sys=0.00, real=0.00 secs] 
119.043: Total time for which application threads were stopped: 0.0019520 seconds, Stopping threads took: 0.0000440 seconds
119.098: Application time: 0.0551010 seconds
119.099: [GC119.099: [ParNew: 246646K->1564K(275904K), 0.0014640 secs] 769186K->524152K(888836K), 0.0015000 secs] [Times: user=0.01 sys=0.00, real=0.01 secs] 
119.100: Total time for which application threads were stopped: 0.0019510 seconds, Stopping threads took: 0.0000480 seconds
119.155: Application time: 0.0549530 seconds
119.156: [GC119.156: [ParNew: 246812K->1469K(275904K), 0.0015440 secs] 769400K->524106K(888836K), 0.0015800 secs] [Times: user=0.01 sys=0.00, real=0.00 secs] 
119.157: Total time for which application threads were stopped: 0.0020300 seconds, Stopping threads took: 0.0000420 seconds
119.213: Application time: 0.0560290 seconds
119.216: [GC119.216: [ParNew: 246717K->1541K(275904K), 0.0015840 secs] 769354K->524251K(888836K), 0.0016210 secs] [Times: user=0.01 sys=0.00, real=0.00 secs] 
119.217: Total time for which application threads were stopped: 0.0041080 seconds, Stopping threads took: 0.0020850 seconds
119.273: Application time: 0.0553490 seconds
119.273: [GC119.273: [ParNew: 246789K->1565K(275904K), 0.0015400 secs] 769499K->524431K(888836K), 0.0015750 secs] [Times: user=0.01 sys=0.00, real=0.00 secs] 
119.275: Total time for which application threads were stopped: 0.0020210 seconds, Stopping threads took: 0.0000470 seconds
119.332: Application time: 0.0569590 seconds
119.332: [GC119.332: [ParNew: 246813K->1491K(275904K), 0.0016120 secs] 769679K->524438K(888836K), 0.0016470 secs] [Times: user=0.01 sys=0.00, real=0.00 secs] 
119.334: Total time for which application threads were stopped: 0.0020650 seconds, Stopping threads took: 0.0000520 seconds
119.390: Application time: 0.0561400 seconds
119.392: [GC119.392: [ParNew: 246739K->1198K(275904K), 0.0017010 secs] 769686K->524224K(888836K), 0.0017360 secs] [Times: user=0.01 sys=0.00, real=0.00 secs] 
119.393: Total time for which application threads were stopped: 0.0035180 seconds, Stopping threads took: 0.0014210 seconds
119.449: Application time: 0.0556140 seconds
119.452: [GC119.452: [ParNew: 246446K->1234K(275904K), 0.0015480 secs] 769472K->524457K(888836K), 0.0015800 secs] [Times: user=0.01 sys=0.00, real=0.00 secs] 
119.453: Total time for which application threads were stopped: 0.0043370 seconds, Stopping threads took: 0.0023390 seconds
119.512: Application time: 0.0582670 seconds
119.516: [GC119.516: [ParNew: 246482K->1221K(275904K), 0.0014970 secs] 769705K->524510K(888836K), 0.0015380 secs] [Times: user=0.01 sys=0.00, real=0.00 secs] 
119.517: Total time for which application threads were stopped: 0.0056260 seconds, Stopping threads took: 0.0036910 seconds
119.572: Application time: 0.0551650 seconds
119.576: [GC119.576: [ParNew: 246469K->1225K(275904K), 0.0014720 secs] 769758K->524578K(888836K), 0.0015050 secs] [Times: user=0.01 sys=0.00, real=0.00 secs] 
119.577: Total time for which application threads were stopped: 0.0047890 seconds, Stopping threads took: 0.0028780 seconds
119.632: Application time: 0.0548590 seconds
119.632: [GC119.632: [ParNew: 246473K->1255K(275904K), 0.0015250 secs] 769826K->524672K(888836K), 0.0015610 secs] [Times: user=0.01 sys=0.00, real=0.00 secs] 
119.634: Total time for which application threads were stopped: 0.0019770 seconds, Stopping threads took: 0.0000500 seconds
119.689: Application time: 0.0550180 seconds
119.689: [GC119.689: [ParNew: 246503K->1185K(275904K), 0.0014310 secs] 769920K->524694K(888836K), 0.0014670 secs] [Times: user=0.01 sys=0.00, real=0.00 secs] 
119.691: Total time for which application threads were stopped: 0.0019260 seconds, Stopping threads took: 0.0000530 seconds
119.746: Application time: 0.0549920 seconds
119.748: [GC119.748: [ParNew: 246433K->1253K(275904K), 0.0015140 secs] 769942K->524810K(888836K), 0.0015470 secs] [Times: user=0.01 sys=0.00, real=0.00 secs] 
119.749: Total time for which application threads were stopped: 0.0032460 seconds, Stopping threads took: 0.0013060 seconds
119.804: Application time: 0.0551300 seconds
119.805: [GC119.805: [ParNew: 246501K->1262K(275904K), 0.0016150 secs] 770058K->524875K(888836K), 0.0016520 secs] [Times: user=0.01 sys=0.00, real=0.00 secs] 
119.806: Total time for which application threads were stopped: 0.0020890 seconds, Stopping threads took: 0.0000410 seconds
119.861: Application time: 0.0547990 seconds
119.862: [GC119.862: [ParNew: 246510K->1450K(275904K), 0.0014520 secs] 770123K->525119K(888836K), 0.0014880 secs] [Times: user=0.01 sys=0.00, real=0.00 secs] 
119.863: Total time for which application threads were stopped: 0.0019410 seconds, Stopping threads took: 0.0000480 seconds
119.918: Application time: 0.0544900 seconds
119.920: [GC119.920: [ParNew: 246698K->1565K(275904K), 0.0014610 secs] 770367K->525282K(888836K), 0.0014970 secs] [Times: user=0.01 sys=0.00, real=0.00 secs] 
119.921: Total time for which application threads were stopped: 0.0034930 seconds, Stopping threads took: 0.0015970 seconds
119.976: Application time: 0.0551200 seconds
119.980: [GC119.980: [ParNew: 246813K->1532K(275904K), 0.0014560 secs] 770530K->525313K(888836K), 0.0014920 secs] [Times: user=0.02 sys=0.00, real=0.00 secs] 
119.981: Total time for which application threads were stopped: 0.0049020 seconds, Stopping threads took: 0.0029780 seconds
120.036: Application time: 0.0551260 seconds
120.040: [GC120.040: [ParNew: 246780K->1538K(275904K), 0.0015200 secs] 770561K->525377K(888836K), 0.0015550 secs] [Times: user=0.01 sys=0.00, real=0.00 secs] 
120.041: Total time for which application threads were stopped: 0.0049010 seconds, Stopping threads took: 0.0029450 seconds
120.096: Application time: 0.0547950 seconds
120.100: [GC120.100: [ParNew: 246786K->1716K(275904K), 0.0015310 secs] 770625K->525619K(888836K), 0.0015680 secs] [Times: user=0.01 sys=0.00, real=0.00 secs] 
120.101: Total time for which application threads were stopped: 0.0052010 seconds, Stopping threads took: 0.0032360 seconds
120.156: Application time: 0.0551040 seconds
120.157: [GC120.157: [ParNew: 246964K->1367K(275904K), 0.0014870 secs] 770867K->525334K(888836K), 0.0015230 secs] [Times: user=0.01 sys=0.00, real=0.00 secs] 
120.158: Total time for which application threads were stopped: 0.0019680 seconds, Stopping threads took: 0.0000400 seconds
120.215: Application time: 0.0567240 seconds
120.215: [GC120.215: [ParNew: 246615K->1486K(275904K), 0.0015480 secs] 770582K->525653K(888836K), 0.0015880 secs] [Times: user=0.01 sys=0.00, real=0.00 secs] 
120.217: Total time for which application threads were stopped: 0.0020350 seconds, Stopping threads took: 0.0000370 seconds
120.273: Application time: 0.0555150 seconds
120.273: [GC120.273: [ParNew: 246734K->1279K(275904K), 0.0015200 secs] 770901K->525558K(888836K), 0.0015570 secs] [Times: user=0.01 sys=0.00, real=0.00 secs] 
120.275: Total time for which application threads were stopped: 0.0020070 seconds, Stopping threads took: 0.0000440 seconds
120.330: Application time: 0.0556140 seconds
120.331: [GC120.331: [ParNew: 246527K->1473K(275904K), 0.0016250 secs] 770806K->525808K(888836K), 0.0016570 secs] [Times: user=0.01 sys=0.00, real=0.00 secs] 
120.332: Total time for which application threads were stopped: 0.0021150 seconds, Stopping threads took: 0.0000530 seconds
120.388: Application time: 0.0559330 seconds
120.389: [GC120.389: [ParNew: 246721K->1296K(275904K), 0.0016540 secs] 771056K->525828K(888836K), 0.0016850 secs] [Times: user=0.01 sys=0.00, real=0.00 secs] 
120.390: Total time for which application threads were stopped: 0.0021370 seconds, Stopping threads took: 0.0000520 seconds
120.449: Application time: 0.0581210 seconds
120.452: [GC120.452: [ParNew: 246544K->1193K(275904K), 0.0015730 secs] 771076K->525791K(888836K), 0.0016040 secs] [Times: user=0.02 sys=0.00, real=0.00 secs] 
120.453: Total time for which application threads were stopped: 0.0047550 seconds, Stopping threads took: 0.0027470 seconds
120.509: Application time: 0.0560870 seconds
120.512: [GC120.512: [ParNew: 246441K->1274K(275904K), 0.0015720 secs] 771039K->525937K(888836K), 0.0016040 secs] [Times: user=0.01 sys=0.00, real=0.00 secs] 
120.513: Total time for which application threads were stopped: 0.0039250 seconds, Stopping threads took: 0.0018960 seconds
120.569: Application time: 0.0558220 seconds
120.572: [GC120.572: [ParNew: 246522K->1241K(275904K), 0.0015540 secs] 771185K->525960K(888836K), 0.0015880 secs] [Times: user=0.02 sys=0.00, real=0.00 secs] 
120.573: Total time for which application threads were stopped: 0.0040950 seconds, Stopping threads took: 0.0021450 seconds
120.629: Application time: 0.0555310 seconds
120.632: [GC120.632: [ParNew: 246489K->1256K(275904K), 0.0015450 secs] 771208K->526039K(888836K), 0.0015830 secs] [Times: user=0.01 sys=0.00, real=0.00 secs] 
120.633: Total time for which application threads were stopped: 0.0044610 seconds, Stopping threads took: 0.0025110 seconds
120.689: Application time: 0.0553260 seconds
120.689: [GC120.689: [ParNew: 246504K->1438K(275904K), 0.0014670 secs] 771287K->526324K(888836K), 0.0015030 secs] [Times: user=0.01 sys=0.00, real=0.00 secs] 
120.691: Total time for which application threads were stopped: 0.0019480 seconds, Stopping threads took: 0.0000460 seconds
120.745: Application time: 0.0549530 seconds
120.746: [GC120.746: [ParNew: 246686K->1447K(275904K), 0.0015070 secs] 771572K->526390K(888836K), 0.0015440 secs] [Times: user=0.01 sys=0.00, real=0.01 secs] 
120.747: Total time for which application threads were stopped: 0.0019920 seconds, Stopping threads took: 0.0000530 seconds
120.803: Application time: 0.0552900 seconds
120.804: [GC120.804: [ParNew: 246695K->1340K(275904K), 0.0014590 secs] 771638K->526347K(888836K), 0.0014960 secs] [Times: user=0.01 sys=0.00, real=0.00 secs] 
120.805: Total time for which application threads were stopped: 0.0024110 seconds, Stopping threads took: 0.0005150 seconds
120.860: Application time: 0.0551670 seconds
120.861: [GC120.861: [ParNew: 246588K->1328K(275904K), 0.0015900 secs] 771595K->526390K(888836K), 0.0016270 secs] [Times: user=0.01 sys=0.00, real=0.00 secs] 
120.862: Total time for which application threads were stopped: 0.0020770 seconds, Stopping threads took: 0.0000510 seconds
120.917: Application time: 0.0546860 seconds
120.920: [GC120.920: [ParNew: 246576K->1413K(275904K), 0.0014770 secs] 771638K->526539K(888836K), 0.0015120 secs] [Times: user=0.01 sys=0.00, real=0.00 secs] 
120.921: Total time for which application threads were stopped: 0.0040900 seconds, Stopping threads took: 0.0021840 seconds
120.976: Application time: 0.0546990 seconds
120.980: [GC120.980: [ParNew: 246661K->1388K(275904K), 0.0014830 secs] 771787K->526588K(888836K), 0.0015270 secs] [Times: user=0.01 sys=0.00, real=0.00 secs] 
120.981: Total time for which application threads were stopped: 0.0052960 seconds, Stopping threads took: 0.0033770 seconds
121.036: Application time: 0.0547340 seconds
121.040: [GC121.040: [ParNew: 246636K->1610K(275904K), 0.0015100 secs] 771836K->526876K(888836K), 0.0015480 secs] [Times: user=0.01 sys=0.00, real=0.00 secs] 
121.041: Total time for which application threads were stopped: 0.0053110 seconds, Stopping threads took: 0.0033390 seconds
121.096: Application time: 0.0552480 seconds
121.100: [GC121.100: [ParNew: 246858K->1669K(275904K), 0.0015010 secs] 772124K->527000K(888836K), 0.0015360 secs] [Times: user=0.01 sys=0.00, real=0.00 secs] 
121.101: Total time for which application threads were stopped: 0.0047110 seconds, Stopping threads took: 0.0027760 seconds
121.157: Application time: 0.0561570 seconds
121.160: [GC121.160: [ParNew: 246917K->1306K(275904K), 0.0014540 secs] 772248K->526734K(888836K), 0.0014890 secs] [Times: user=0.01 sys=0.00, real=0.00 secs] 
121.161: Total time for which application threads were stopped: 0.0038010 seconds, Stopping threads took: 0.0019140 seconds
121.217: Application time: 0.0558820 seconds
121.217: [GC121.218: [ParNew: 246554K->1321K(275904K), 0.0014460 secs] 771982K->526858K(888836K), 0.0014770 secs] [Times: user=0.01 sys=0.00, real=0.00 secs] 
121.219: Total time for which application threads were stopped: 0.0019340 seconds, Stopping threads took: 0.0000690 seconds
121.274: Application time: 0.0551130 seconds
121.275: [GC121.275: [ParNew: 246569K->1247K(275904K), 0.0016710 secs] 772106K->526841K(888836K), 0.0017070 secs] [Times: user=0.01 sys=0.00, real=0.00 secs] 
121.276: Total time for which application threads were stopped: 0.0021300 seconds, Stopping threads took: 0.0000580 seconds
121.332: Application time: 0.0557300 seconds
121.336: [GC121.336: [ParNew: 246495K->1393K(275904K), 0.0015450 secs] 772089K->527087K(888836K), 0.0015780 secs] [Times: user=0.01 sys=0.00, real=0.00 secs] 
121.337: Total time for which application threads were stopped: 0.0052350 seconds, Stopping threads took: 0.0032970 seconds
121.394: Application time: 0.0566470 seconds
121.394: [GC121.394: [ParNew: 246641K->1160K(275904K), 0.0016940 secs] 772335K->527011K(888836K), 0.0017240 secs] [Times: user=0.01 sys=0.00, real=0.00 secs] 
121.396: Total time for which application threads were stopped: 0.0021290 seconds, Stopping threads took: 0.0000530 seconds
121.452: Application time: 0.0564010 seconds
121.456: [GC121.456: [ParNew: 246408K->1207K(275904K), 0.0014520 secs] 772259K->527121K(888836K), 0.0014870 secs] [Times: user=0.01 sys=0.00, real=0.00 secs] 
121.457: Total time for which application threads were stopped: 0.0047530 seconds, Stopping threads took: 0.0028750 seconds
121.513: Application time: 0.0556760 seconds
121.513: [GC121.513: [ParNew: 246455K->1335K(275904K), 0.0015010 secs] 772369K->527305K(888836K), 0.0015360 secs] [Times: user=0.01 sys=0.00, real=0.00 secs] 
121.515: Total time for which application threads were stopped: 0.0019890 seconds, Stopping threads took: 0.0000580 seconds
121.570: Application time: 0.0555650 seconds
121.572: [GC121.572: [ParNew: 246583K->1307K(275904K), 0.0016050 secs] 772553K->527334K(888836K), 0.0016370 secs] [Times: user=0.01 sys=0.00, real=0.00 secs] 
121.573: Total time for which application threads were stopped: 0.0029360 seconds, Stopping threads took: 0.0008850 seconds
121.629: Application time: 0.0555270 seconds
121.632: [GC121.632: [ParNew: 246555K->1328K(275904K), 0.0014850 secs] 772582K->527459K(888836K), 0.0015210 secs] [Times: user=0.01 sys=0.00, real=0.00 secs] 
121.633: Total time for which application threads were stopped: 0.0043590 seconds, Stopping threads took: 0.0024420 seconds
121.688: Application time: 0.0549300 seconds
121.692: [GC121.692: [ParNew: 246576K->1171K(275904K), 0.0014720 secs] 772707K->527350K(888836K), 0.0015070 secs] [Times: user=0.01 sys=0.00, real=0.00 secs] 
121.693: Total time for which application threads were stopped: 0.0050240 seconds, Stopping threads took: 0.0031300 seconds
121.749: Application time: 0.0554080 seconds
121.749: [GC121.749: [ParNew: 246419K->1308K(275904K), 0.0015990 secs] 772598K->527527K(888836K), 0.0016360 secs] [Times: user=0.01 sys=0.00, real=0.00 secs] 
121.751: Total time for which application threads were stopped: 0.0020800 seconds, Stopping threads took: 0.0000490 seconds
121.806: Application time: 0.0555050 seconds
121.807: [GC121.807: [ParNew: 246556K->1391K(275904K), 0.0015110 secs] 772775K->527665K(888836K), 0.0015470 secs] [Times: user=0.01 sys=0.00, real=0.01 secs] 
121.808: Total time for which application threads were stopped: 0.0019820 seconds, Stopping threads took: 0.0000440 seconds
121.864: Application time: 0.0554140 seconds
121.868: [GC121.868: [ParNew: 246639K->1585K(275904K), 0.0014780 secs] 772913K->527908K(888836K), 0.0015160 secs] [Times: user=0.01 sys=0.00, real=0.00 secs] 
121.869: Total time for which application threads were stopped: 0.0056100 seconds, Stopping threads took: 0.0036930 seconds
121.924: Application time: 0.0549260 seconds
121.928: [GC121.928: [ParNew: 246833K->1695K(275904K), 0.0015020 secs] 773156K->528074K(888836K), 0.0015380 secs] [Times: user=0.01 sys=0.00, real=0.00 secs] 
121.929: Total time for which application threads were stopped: 0.0050980 seconds, Stopping threads took: 0.0031650 seconds
121.984: Application time: 0.0551080 seconds
121.985: [GC121.985: [ParNew: 246943K->1356K(275904K), 0.0015160 secs] 773322K->527800K(888836K), 0.0015520 secs] [Times: user=0.01 sys=0.00, real=0.00 secs] 
121.986: Total time for which application threads were stopped: 0.0020060 seconds, Stopping threads took: 0.0000520 seconds
122.042: Application time: 0.0558490 seconds
122.043: [GC122.043: [ParNew: 246604K->1301K(275904K), 0.0015350 secs] 773048K->527897K(888836K), 0.0015710 secs] [Times: user=0.01 sys=0.00, real=0.00 secs] 
122.044: Total time for which application threads were stopped: 0.0020160 seconds, Stopping threads took: 0.0000530 seconds
122.100: Application time: 0.0554630 seconds
122.104: [GC122.104: [ParNew: 246549K->1302K(275904K), 0.0014640 secs] 773145K->527955K(888836K), 0.0014990 secs] [Times: user=0.01 sys=0.00, real=0.00 secs] 
122.105: Total time for which application threads were stopped: 0.0055080 seconds, Stopping threads took: 0.0035880 seconds
122.161: Application time: 0.0556200 seconds
122.164: [GC122.164: [ParNew: 246550K->1379K(275904K), 0.0014780 secs] 773203K->528114K(888836K), 0.0015130 secs] [Times: user=0.01 sys=0.00, real=0.00 secs] 
122.165: Total time for which application threads were stopped: 0.0043710 seconds, Stopping threads took: 0.0024670 seconds
122.222: Application time: 0.0566250 seconds
122.224: [GC122.224: [ParNew: 246627K->1310K(275904K), 0.0015710 secs] 773362K->528113K(888836K), 0.0016040 secs] [Times: user=0.01 sys=0.00, real=0.00 secs] 
122.225: Total time for which application threads were stopped: 0.0034620 seconds, Stopping threads took: 0.0014620 seconds
122.281: Application time: 0.0562150 seconds
122.282: [GC122.282: [ParNew: 246558K->1385K(275904K), 0.0015980 secs] 773361K->528252K(888836K), 0.0016300 secs] [Times: user=0.02 sys=0.00, real=0.00 secs] 
122.284: Total time for which application threads were stopped: 0.0020940 seconds, Stopping threads took: 0.0000580 seconds
122.340: Application time: 0.0566010 seconds
122.341: [GC122.341: [ParNew: 246633K->1210K(275904K), 0.0017030 secs] 773500K->528177K(888836K), 0.0017350 secs] [Times: user=0.01 sys=0.00, real=0.00 secs] 
122.342: Total time for which application threads were stopped: 0.0021980 seconds, Stopping threads took: 0.0000620 seconds
122.399: Application time: 0.0565760 seconds
122.399: [GC122.399: [ParNew: 246458K->1465K(275904K), 0.0015100 secs] 773425K->528580K(888836K), 0.0015430 secs] [Times: user=0.01 sys=0.00, real=0.00 secs] 
122.401: Total time for which application threads were stopped: 0.0020010 seconds, Stopping threads took: 0.0000470 seconds
122.457: Application time: 0.0565170 seconds
122.458: [GC122.458: [ParNew: 246713K->1168K(275904K), 0.0015780 secs] 773828K->528347K(888836K), 0.0016220 secs] [Times: user=0.01 sys=0.00, real=0.01 secs] 
122.460: Total time for which application threads were stopped: 0.0020530 seconds, Stopping threads took: 0.0000490 seconds
122.515: Application time: 0.0552110 seconds
122.515: [GC122.515: [ParNew: 246416K->1253K(275904K), 0.0014810 secs] 773595K->528496K(888836K), 0.0015180 secs] [Times: user=0.01 sys=0.01, real=0.00 secs] 
122.517: Total time for which application threads were stopped: 0.0019680 seconds, Stopping threads took: 0.0000520 seconds
122.572: Application time: 0.0553000 seconds
122.572: [GC122.572: [ParNew: 246501K->1423K(275904K), 0.0014840 secs] 773744K->528730K(888836K), 0.0015220 secs] [Times: user=0.01 sys=0.00, real=0.00 secs] 
122.574: Total time for which application threads were stopped: 0.0019710 seconds, Stopping threads took: 0.0000510 seconds
122.630: Application time: 0.0557620 seconds
122.630: [GC122.630: [ParNew: 246671K->1191K(275904K), 0.0016450 secs] 773978K->528598K(888836K), 0.0016820 secs] [Times: user=0.01 sys=0.00, real=0.00 secs] 
122.632: Total time for which application threads were stopped: 0.0021750 seconds, Stopping threads took: 0.0000650 seconds
122.688: Application time: 0.0560070 seconds
122.688: [GC122.688: [ParNew: 246439K->1328K(275904K), 0.0015000 secs] 773846K->528791K(888836K), 0.0015360 secs] [Times: user=0.02 sys=0.00, real=0.00 secs] 
122.690: Total time for which application threads were stopped: 0.0019820 seconds, Stopping threads took: 0.0000470 seconds
122.745: Application time: 0.0554530 seconds
122.746: [GC122.746: [ParNew: 246576K->1500K(275904K), 0.0014870 secs] 774039K->529027K(888836K), 0.0015240 secs] [Times: user=0.01 sys=0.00, real=0.01 secs] 
122.747: Total time for which application threads were stopped: 0.0019610 seconds, Stopping threads took: 0.0000410 seconds
122.803: Application time: 0.0552640 seconds
122.803: [GC122.803: [ParNew: 246748K->1492K(275904K), 0.0015130 secs] 774275K->529085K(888836K), 0.0015500 secs] [Times: user=0.01 sys=0.00, real=0.00 secs] 
122.805: Total time for which application threads were stopped: 0.0019970 seconds, Stopping threads took: 0.0000490 seconds
122.860: Application time: 0.0551360 seconds
122.864: [GC122.864: [ParNew: 246740K->1476K(275904K), 0.0015400 secs] 774333K->529133K(888836K), 0.0015770 secs] [Times: user=0.01 sys=0.01, real=0.00 secs] 
122.865: Total time for which application threads were stopped: 0.0054750 seconds, Stopping threads took: 0.0034990 seconds
122.921: Application time: 0.0556640 seconds
122.921: [GC122.921: [ParNew: 246724K->1588K(275904K), 0.0015210 secs] 774381K->529349K(888836K), 0.0015580 secs] [Times: user=0.01 sys=0.00, real=0.00 secs] 
122.923: Total time for which application threads were stopped: 0.0020160 seconds, Stopping threads took: 0.0000550 seconds
122.979: Application time: 0.0563260 seconds
122.980: [GC122.980: [ParNew: 246836K->1481K(275904K), 0.0015540 secs] 774597K->529367K(888836K), 0.0015830 secs] [Times: user=0.01 sys=0.00, real=0.00 secs] 
122.981: Total time for which application threads were stopped: 0.0020260 seconds, Stopping threads took: 0.0000440 seconds
123.037: Application time: 0.0555630 seconds
123.037: [GC123.037: [ParNew: 246729K->1128K(275904K), 0.0015530 secs] 774615K->529106K(888836K), 0.0015890 secs] [Times: user=0.01 sys=0.00, real=0.00 secs] 
123.039: Total time for which application threads were stopped: 0.0020520 seconds, Stopping threads took: 0.0000700 seconds
123.094: Application time: 0.0554700 seconds
123.095: [GC123.095: [ParNew: 246376K->1431K(275904K), 0.0015390 secs] 774354K->529473K(888836K), 0.0015750 secs] [Times: user=0.01 sys=0.00, real=0.00 secs] 
123.096: Total time for which application threads were stopped: 0.0020270 seconds, Stopping threads took: 0.0000540 seconds
123.153: Application time: 0.0561670 seconds
123.156: [GC123.156: [ParNew: 246679K->1469K(275904K), 0.0015280 secs] 774721K->529576K(888836K), 0.0015640 secs] [Times: user=0.01 sys=0.00, real=0.00 secs] 
123.157: Total time for which application threads were stopped: 0.0046590 seconds, Stopping threads took: 0.0026860 seconds
123.214: Application time: 0.0562920 seconds
123.214: [GC123.214: [ParNew: 246717K->1392K(275904K), 0.0017320 secs] 774824K->529554K(888836K), 0.0017680 secs] [Times: user=0.01 sys=0.00, real=0.00 secs] 
123.216: Total time for which application threads were stopped: 0.0022110 seconds, Stopping threads took: 0.0000470 seconds
123.271: Application time: 0.0556300 seconds
123.272: [GC123.272: [ParNew: 246640K->1387K(275904K), 0.0015260 secs] 774802K->529663K(888836K), 0.0015630 secs] [Times: user=0.01 sys=0.00, real=0.00 secs] 
123.273: Total time for which application threads were stopped: 0.0020160 seconds, Stopping threads took: 0.0000560 seconds
123.329: Application time: 0.0558810 seconds
123.330: [GC123.330: [ParNew: 246635K->1159K(275904K), 0.0015290 secs] 774911K->529580K(888836K), 0.0015660 secs] [Times: user=0.01 sys=0.00, real=0.00 secs] 
123.331: Total time for which application threads were stopped: 0.0020400 seconds, Stopping threads took: 0.0000820 seconds
123.387: Application time: 0.0555580 seconds
123.387: [GC123.387: [ParNew: 246407K->1304K(275904K), 0.0015030 secs] 774828K->529800K(888836K), 0.0015390 secs] [Times: user=0.01 sys=0.00, real=0.00 secs] 
123.389: Total time for which application threads were stopped: 0.0019960 seconds, Stopping threads took: 0.0000620 seconds
123.445: Application time: 0.0556510 seconds
123.445: [GC123.445: [ParNew: 246552K->1287K(275904K), 0.0014730 secs] 775048K->529840K(888836K), 0.0015110 secs] [Times: user=0.01 sys=0.00, real=0.00 secs] 
123.446: Total time for which application threads were stopped: 0.0019510 seconds, Stopping threads took: 0.0000460 seconds
123.502: Application time: 0.0558930 seconds
123.503: [GC123.503: [ParNew: 246535K->1385K(275904K), 0.0014550 secs] 775088K->530001K(888836K), 0.0014930 secs] [Times: user=0.01 sys=0.00, real=0.00 secs] 
123.504: Total time for which application threads were stopped: 0.0019540 seconds, Stopping threads took: 0.0000600 seconds
123.560: Application time: 0.0556880 seconds
123.560: [GC123.560: [ParNew: 246633K->1486K(275904K), 0.0016140 secs] 775249K->530207K(888836K), 0.0016510 secs] [Times: user=0.01 sys=0.00, real=0.00 secs] 
123.562: Total time for which application threads were stopped: 0.0020910 seconds, Stopping threads took: 0.0000440 seconds
123.618: Application time: 0.0557710 seconds
123.618: [GC123.618: [ParNew: 246734K->1366K(275904K), 0.0017250 secs] 775455K->530143K(888836K), 0.0017550 secs] [Times: user=0.01 sys=0.00, real=0.01 secs] 
123.620: Total time for which application threads were stopped: 0.0022140 seconds, Stopping threads took: 0.0000440 seconds
123.676: Application time: 0.0556580 seconds
123.676: [GC123.676: [ParNew: 246614K->1526K(275904K), 0.0015150 secs] 775391K->530358K(888836K), 0.0015520 secs] [Times: user=0.01 sys=0.00, real=0.00 secs] 
123.678: Total time for which application threads were stopped: 0.0020360 seconds, Stopping threads took: 0.0000610 seconds
123.733: Application time: 0.0554630 seconds
123.734: [GC123.734: [ParNew: 246774K->1534K(275904K), 0.0015360 secs] 775606K->530427K(888836K), 0.0015730 secs] [Times: user=0.01 sys=0.00, real=0.00 secs] 
123.735: Total time for which application threads were stopped: 0.0020290 seconds, Stopping threads took: 0.0000560 seconds
123.791: Application time: 0.0557120 seconds
123.791: [GC123.791: [ParNew: 246782K->1562K(275904K), 0.0015310 secs] 775675K->530518K(888836K), 0.0015680 secs] [Times: user=0.01 sys=0.00, real=0.00 secs] 
123.793: Total time for which application threads were stopped: 0.0020330 seconds, Stopping threads took: 0.0000540 seconds
123.850: Application time: 0.0565980 seconds
123.850: [GC123.850: [ParNew: 246810K->1446K(275904K), 0.0015520 secs] 775766K->530519K(888836K), 0.0015890 secs] [Times: user=0.01 sys=0.00, real=0.00 secs] 
123.852: Total time for which application threads were stopped: 0.0020440 seconds, Stopping threads took: 0.0000520 seconds
123.907: Application time: 0.0557030 seconds
123.912: [GC123.912: [ParNew: 246694K->1478K(275904K), 0.0015380 secs] 775767K->530666K(888836K), 0.0015800 secs] [Times: user=0.02 sys=0.00, real=0.00 secs] 
123.913: Total time for which application threads were stopped: 0.0058460 seconds, Stopping threads took: 0.0038670 seconds
123.971: Application time: 0.0576120 seconds
123.976: [GC123.976: [ParNew: 246726K->1180K(275904K), 0.0015660 secs] 775914K->530469K(888836K), 0.0015970 secs] [Times: user=0.01 sys=0.00, real=0.00 secs] 
123.977: Total time for which application threads were stopped: 0.0063870 seconds, Stopping threads took: 0.0043960 seconds
124.033: Application time: 0.0560190 seconds
124.036: [GC124.036: [ParNew: 246428K->1429K(275904K), 0.0015600 secs] 775717K->530782K(888836K), 0.0015930 secs] [Times: user=0.01 sys=0.00, real=0.00 secs] 
124.037: Total time for which application threads were stopped: 0.0039770 seconds, Stopping threads took: 0.0019920 seconds
124.094: Application time: 0.0568140 seconds
124.095: [GC124.095: [ParNew: 246677K->1183K(275904K), 0.0016360 secs] 776030K->530600K(888836K), 0.0016700 secs] [Times: user=0.01 sys=0.00, real=0.00 secs] 
124.096: Total time for which application threads were stopped: 0.0021710 seconds, Stopping threads took: 0.0000970 seconds
124.153: Application time: 0.0563320 seconds
124.156: [GC124.156: [ParNew: 246431K->1492K(275904K), 0.0015820 secs] 775848K->530969K(888836K), 0.0016190 secs] [Times: user=0.01 sys=0.00, real=0.00 secs] 
124.157: Total time for which application threads were stopped: 0.0046880 seconds, Stopping threads took: 0.0026820 seconds
124.214: Application time: 0.0565420 seconds
124.214: [GC124.214: [ParNew: 246740K->1393K(275904K), 0.0016040 secs] 776217K->530973K(888836K), 0.0016400 secs] [Times: user=0.01 sys=0.00, real=0.00 secs] 
124.216: Total time for which application threads were stopped: 0.0021370 seconds, Stopping threads took: 0.0000730 seconds
124.271: Application time: 0.0554220 seconds
124.272: [GC124.272: [ParNew: 246641K->1283K(275904K), 0.0016570 secs] 776221K->530977K(888836K), 0.0016900 secs] [Times: user=0.01 sys=0.00, real=0.00 secs] 
124.274: Total time for which application threads were stopped: 0.0021390 seconds, Stopping threads took: 0.0000510 seconds
124.330: Application time: 0.0560890 seconds
124.330: [GC124.330: [ParNew: 246531K->1398K(275904K), 0.0016670 secs] 776225K->531204K(888836K), 0.0017040 secs] [Times: user=0.01 sys=0.00, real=0.00 secs] 
124.332: Total time for which application threads were stopped: 0.0021670 seconds, Stopping threads took: 0.0000640 seconds
124.388: Application time: 0.0560050 seconds
124.388: [GC124.388: [ParNew: 246646K->1311K(275904K), 0.0017350 secs] 776452K->531173K(888836K), 0.0017730 secs] [Times: user=0.01 sys=0.00, real=0.00 secs] 
124.390: Total time for which application threads were stopped: 0.0021890 seconds, Stopping threads took: 0.0000540 seconds
124.445: Application time: 0.0551980 seconds
124.446: [GC124.446: [ParNew: 246559K->1245K(275904K), 0.0016190 secs] 776421K->531163K(888836K), 0.0016590 secs] [Times: user=0.01 sys=0.00, real=0.01 secs] 
124.447: Total time for which application threads were stopped: 0.0021300 seconds, Stopping threads took: 0.0000740 seconds
124.503: Application time: 0.0553810 seconds
124.503: [GC124.503: [ParNew: 246493K->1312K(275904K), 0.0016760 secs] 776411K->531278K(888836K), 0.0017130 secs] [Times: user=0.01 sys=0.00, real=0.00 secs] 
124.505: Total time for which application threads were stopped: 0.0021830 seconds, Stopping threads took: 0.0000700 seconds
124.560: Application time: 0.0552570 seconds
124.561: [GC124.561: [ParNew: 246560K->1481K(275904K), 0.0015550 secs] 776526K->531544K(888836K), 0.0015940 secs] [Times: user=0.01 sys=0.00, real=0.00 secs] 
124.562: Total time for which application threads were stopped: 0.0020590 seconds, Stopping threads took: 0.0000660 seconds
124.618: Application time: 0.0554950 seconds
124.618: [GC124.618: [ParNew: 246729K->1298K(275904K), 0.0015860 secs] 776792K->531425K(888836K), 0.0016330 secs] [Times: user=0.01 sys=0.00, real=0.01 secs] 
124.620: Total time for which application threads were stopped: 0.0020770 seconds, Stopping threads took: 0.0000490 seconds
124.675: Application time: 0.0555110 seconds
124.676: [GC124.676: [ParNew: 246546K->1321K(275904K), 0.0015670 secs] 776673K->531512K(888836K), 0.0016050 secs] [Times: user=0.01 sys=0.00, real=0.00 secs] 
124.677: Total time for which application threads were stopped: 0.0020560 seconds, Stopping threads took: 0.0000540 seconds
124.733: Application time: 0.0551340 seconds
124.733: [GC124.733: [ParNew: 246569K->1463K(275904K), 0.0015910 secs] 776760K->531762K(888836K), 0.0016300 secs] [Times: user=0.01 sys=0.00, real=0.00 secs] 
124.735: Total time for which application threads were stopped: 0.0021020 seconds, Stopping threads took: 0.0000540 seconds
124.791: Application time: 0.0565700 seconds
124.792: [GC124.792: [ParNew: 246711K->1576K(275904K), 0.0015460 secs] 777010K->531938K(888836K), 0.0015830 secs] [Times: user=0.01 sys=0.00, real=0.00 secs] 
124.793: Total time for which application threads were stopped: 0.0020320 seconds, Stopping threads took: 0.0000500 seconds
124.849: Application time: 0.0555850 seconds
124.849: [GC124.849: [ParNew: 246824K->1457K(275904K), 0.0015190 secs] 777186K->531908K(888836K), 0.0015570 secs] [Times: user=0.01 sys=0.00, real=0.00 secs] 
124.851: Total time for which application threads were stopped: 0.0020190 seconds, Stopping threads took: 0.0000640 seconds
124.906: Application time: 0.0550210 seconds
124.906: [GC124.906: [ParNew: 246705K->1032K(275904K), 0.0015240 secs] 777156K->531555K(888836K), 0.0015620 secs] [Times: user=0.01 sys=0.00, real=0.01 secs] 
124.908: Total time for which application threads were stopped: 0.0020200 seconds, Stopping threads took: 0.0000540 seconds
124.964: Application time: 0.0557950 seconds
124.968: [GC124.968: [ParNew: 246280K->1198K(275904K), 0.0016570 secs] 776803K->531769K(888836K), 0.0016910 secs] [Times: user=0.02 sys=0.00, real=0.00 secs] 
124.969: Total time for which application threads were stopped: 0.0056490 seconds, Stopping threads took: 0.0035880 seconds
125.025: Application time: 0.0560090 seconds
125.028: [GC125.028: [ParNew: 246446K->1213K(275904K), 0.0015440 secs] 777017K->531841K(888836K), 0.0015750 secs] [Times: user=0.01 sys=0.00, real=0.00 secs] 
125.029: Total time for which application threads were stopped: 0.0039040 seconds, Stopping threads took: 0.0019300 seconds
125.085: Application time: 0.0562290 seconds
125.086: [GC125.086: [ParNew: 246461K->1285K(275904K), 0.0016550 secs] 777089K->531979K(888836K), 0.0016900 secs] [Times: user=0.02 sys=0.00, real=0.01 secs] 
125.088: Total time for which application threads were stopped: 0.0021460 seconds, Stopping threads took: 0.0000550 seconds
125.143: Application time: 0.0553120 seconds
125.143: [GC125.143: [ParNew: 246533K->1347K(275904K), 0.0015170 secs] 777227K->532092K(888836K), 0.0015530 secs] [Times: user=0.01 sys=0.00, real=0.00 secs] 
125.145: Total time for which application threads were stopped: 0.0020130 seconds, Stopping threads took: 0.0000560 seconds
125.201: Application time: 0.0558140 seconds
125.201: [GC125.201: [ParNew: 246595K->1114K(275904K), 0.0017240 secs] 777340K->531939K(888836K), 0.0017580 secs] [Times: user=0.01 sys=0.00, real=0.00 secs] 
125.203: Total time for which application threads were stopped: 0.0021790 seconds, Stopping threads took: 0.0000500 seconds
125.259: Application time: 0.0556170 seconds
125.259: [GC125.259: [ParNew: 246362K->1366K(275904K), 0.0016880 secs] 777187K->532340K(888836K), 0.0017260 secs] [Times: user=0.01 sys=0.00, real=0.01 secs] 
125.261: Total time for which application threads were stopped: 0.0021910 seconds, Stopping threads took: 0.0000500 seconds
125.316: Application time: 0.0552540 seconds
125.316: [GC125.316: [ParNew: 246614K->1266K(275904K), 0.0014550 secs] 777588K->532306K(888836K), 0.0014910 secs] [Times: user=0.01 sys=0.00, real=0.00 secs] 
125.318: Total time for which application threads were stopped: 0.0019510 seconds, Stopping threads took: 0.0000630 seconds
125.374: Application time: 0.0555970 seconds
125.374: [GC125.374: [ParNew: 246514K->1198K(275904K), 0.0017440 secs] 777554K->532286K(888836K), 0.0017880 secs] [Times: user=0.01 sys=0.00, real=0.00 secs] 
125.376: Total time for which application threads were stopped: 0.0022410 seconds, Stopping threads took: 0.0000540 seconds
125.431: Application time: 0.0553810 seconds
125.432: [GC125.432: [ParNew: 246446K->1359K(275904K), 0.0014920 secs] 777534K->532510K(888836K), 0.0015280 secs] [Times: user=0.01 sys=0.00, real=0.00 secs] 
125.433: Total time for which application threads were stopped: 0.0019940 seconds, Stopping threads took: 0.0000760 seconds
125.489: Application time: 0.0554170 seconds
125.489: [GC125.489: [ParNew: 246607K->1381K(275904K), 0.0015010 secs] 777758K->532633K(888836K), 0.0015390 secs] [Times: user=0.01 sys=0.00, real=0.00 secs] 
125.491: Total time for which application threads were stopped: 0.0019940 seconds, Stopping threads took: 0.0000590 seconds
125.546: Application time: 0.0556460 seconds
125.547: [GC125.547: [ParNew: 246629K->1360K(275904K), 0.0015170 secs] 777881K->532675K(888836K), 0.0015550 secs] [Times: user=0.01 sys=0.00, real=0.01 secs] 
125.548: Total time for which application threads were stopped: 0.0020050 seconds, Stopping threads took: 0.0000530 seconds
125.604: Application time: 0.0553400 seconds
125.604: [GC125.604: [ParNew: 246608K->1503K(275904K), 0.0016140 secs] 777923K->532875K(888836K), 0.0016490 secs] [Times: user=0.01 sys=0.00, real=0.00 secs] 
125.606: Total time for which application threads were stopped: 0.0021010 seconds, Stopping threads took: 0.0000560 seconds
125.661: Application time: 0.0556340 seconds
125.662: [GC125.662: [ParNew: 246751K->1414K(275904K), 0.0015020 secs] 778123K->532890K(888836K), 0.0015380 secs] [Times: user=0.01 sys=0.01, real=0.00 secs] 
125.663: Total time for which application threads were stopped: 0.0019850 seconds, Stopping threads took: 0.0000480 seconds
125.720: Application time: 0.0569740 seconds
125.721: [GC125.721: [ParNew: 246662K->1498K(275904K), 0.0015180 secs] 778138K->533118K(888836K), 0.0015560 secs] [Times: user=0.01 sys=0.00, real=0.00 secs] 
125.722: Total time for which application threads were stopped: 0.0020040 seconds, Stopping threads took: 0.0000530 seconds
125.756: Application time: 0.0338840 seconds
125.757: Total time for which application threads were stopped: 0.0004090 seconds, Stopping threads took: 0.0000510 seconds
125.778: Application time: 0.0217720 seconds
125.779: [GC125.779: [ParNew: 246746K->1547K(275904K), 0.0016670 secs] 778366K->533271K(888836K), 0.0017050 secs] [Times: user=0.02 sys=0.00, real=0.01 secs] 
125.781: Total time for which application threads were stopped: 0.0021800 seconds, Stopping threads took: 0.0000590 seconds
125.836: Application time: 0.0550820 seconds
125.836: [GC125.836: [ParNew: 246795K->1574K(275904K), 0.0015430 secs] 778519K->533354K(888836K), 0.0015790 secs] [Times: user=0.01 sys=0.00, real=0.00 secs] 
125.838: Total time for which application threads were stopped: 0.0020260 seconds, Stopping threads took: 0.0000470 seconds
125.894: Application time: 0.0566550 seconds
125.895: [GC125.895: [ParNew: 246822K->1508K(275904K), 0.0017840 secs] 778602K->533353K(888836K), 0.0018190 secs] [Times: user=0.02 sys=0.00, real=0.00 secs] 
125.897: Total time for which application threads were stopped: 0.0022450 seconds, Stopping threads took: 0.0000620 seconds
125.953: Application time: 0.0564680 seconds
125.954: [GC125.954: [ParNew: 246756K->1576K(275904K), 0.0016440 secs] 778601K->533478K(888836K), 0.0016770 secs] [Times: user=0.01 sys=0.00, real=0.00 secs] 
125.955: Total time for which application threads were stopped: 0.0021400 seconds, Stopping threads took: 0.0000570 seconds
126.011: Application time: 0.0553500 seconds
126.012: [GC126.012: [ParNew: 246824K->1724K(275904K), 0.0016690 secs] 778726K->533690K(888836K), 0.0017030 secs] [Times: user=0.02 sys=0.00, real=0.00 secs] 
126.013: Total time for which application threads were stopped: 0.0027990 seconds, Stopping threads took: 0.0006950 seconds
126.069: Application time: 0.0553600 seconds
126.072: [GC126.072: [ParNew: 246972K->1623K(275904K), 0.0016160 secs] 778938K->533647K(888836K), 0.0016600 secs] [Times: user=0.02 sys=0.00, real=0.00 secs] 
126.073: Total time for which application threads were stopped: 0.0045770 seconds, Stopping threads took: 0.0025230 seconds
126.129: Application time: 0.0554210 seconds
126.129: [GC126.129: [ParNew: 246871K->1511K(275904K), 0.0016670 secs] 778895K->533655K(888836K), 0.0017040 secs] [Times: user=0.01 sys=0.00, real=0.00 secs] 
126.131: Total time for which application threads were stopped: 0.0021210 seconds, Stopping threads took: 0.0000620 seconds
126.187: Application time: 0.0561950 seconds
126.188: [GC126.188: [ParNew: 246759K->1532K(275904K), 0.0016880 secs] 778903K->533724K(888836K), 0.0017220 secs] [Times: user=0.02 sys=0.00, real=0.00 secs] 
126.189: Total time for which application threads were stopped: 0.0021870 seconds, Stopping threads took: 0.0000520 seconds
126.246: Application time: 0.0564000 seconds
126.246: [GC126.246: [ParNew: 246780K->1338K(275904K), 0.0016290 secs] 778972K->533679K(888836K), 0.0016670 secs] [Times: user=0.01 sys=0.00, real=0.01 secs] 
126.248: Total time for which application threads were stopped: 0.0021140 seconds, Stopping threads took: 0.0000420 seconds
126.303: Application time: 0.0555690 seconds
126.304: [GC126.304: [ParNew: 246586K->1461K(275904K), 0.0017870 secs] 778927K->533841K(888836K), 0.0018240 secs] [Times: user=0.01 sys=0.00, real=0.00 secs] 
126.306: Total time for which application threads were stopped: 0.0023010 seconds, Stopping threads took: 0.0000490 seconds
126.361: Application time: 0.0552460 seconds
126.361: [GC126.361: [ParNew: 246709K->1587K(275904K), 0.0016900 secs] 779089K->534015K(888836K), 0.0017270 secs] [Times: user=0.01 sys=0.00, real=0.00 secs] 
126.363: Total time for which application threads were stopped: 0.0021820 seconds, Stopping threads took: 0.0000550 seconds
126.418: Application time: 0.0551830 seconds
126.419: [GC126.419: [ParNew: 246835K->1516K(275904K), 0.0016070 secs] 779263K->534048K(888836K), 0.0016450 secs] [Times: user=0.02 sys=0.00, real=0.01 secs] 
126.420: Total time for which application threads were stopped: 0.0021060 seconds, Stopping threads took: 0.0000550 seconds
126.476: Application time: 0.0552580 seconds
126.476: [GC126.476: [ParNew: 246764K->1531K(275904K), 0.0015440 secs] 779296K->534128K(888836K), 0.0015820 secs] [Times: user=0.01 sys=0.00, real=0.00 secs] 
126.478: Total time for which application threads were stopped: 0.0020340 seconds, Stopping threads took: 0.0000460 seconds
126.534: Application time: 0.0558940 seconds
126.534: [GC126.534: [ParNew: 246779K->1678K(275904K), 0.0015710 secs] 779376K->534341K(888836K), 0.0016090 secs] [Times: user=0.01 sys=0.00, real=0.00 secs] 
126.536: Total time for which application threads were stopped: 0.0020530 seconds, Stopping threads took: 0.0000400 seconds
126.591: Application time: 0.0557320 seconds
126.592: [GC126.592: [ParNew: 246926K->1308K(275904K), 0.0016140 secs] 779589K->534172K(888836K), 0.0016520 secs] [Times: user=0.01 sys=0.00, real=0.00 secs] 
126.593: Total time for which application threads were stopped: 0.0020960 seconds, Stopping threads took: 0.0000440 seconds
126.649: Application time: 0.0553390 seconds
126.649: [GC126.649: [ParNew: 246556K->1210K(275904K), 0.0015710 secs] 779420K->534209K(888836K), 0.0016080 secs] [Times: user=0.01 sys=0.00, real=0.00 secs] 
126.651: Total time for which application threads were stopped: 0.0020600 seconds, Stopping threads took: 0.0000520 seconds
126.707: Application time: 0.0557620 seconds
126.707: [GC126.707: [ParNew: 246458K->1220K(275904K), 0.0014630 secs] 779457K->534283K(888836K), 0.0014970 secs] [Times: user=0.01 sys=0.00, real=0.01 secs] 
126.709: Total time for which application threads were stopped: 0.0019480 seconds, Stopping threads took: 0.0000500 seconds
126.764: Application time: 0.0550500 seconds
126.764: [GC126.764: [ParNew: 246468K->1346K(275904K), 0.0014960 secs] 779531K->534474K(888836K), 0.0015390 secs] [Times: user=0.01 sys=0.00, real=0.00 secs] 
126.766: Total time for which application threads were stopped: 0.0020010 seconds, Stopping threads took: 0.0000450 seconds
126.822: Application time: 0.0564130 seconds
126.822: [GC126.823: [ParNew: 246594K->1291K(275904K), 0.0016200 secs] 779722K->534483K(888836K), 0.0016570 secs] [Times: user=0.01 sys=0.00, real=0.00 secs] 
126.824: Total time for which application threads were stopped: 0.0021070 seconds, Stopping threads took: 0.0000530 seconds
126.880: Application time: 0.0559960 seconds
126.881: [GC126.881: [ParNew: 246539K->1306K(275904K), 0.0016560 secs] 779731K->534561K(888836K), 0.0016920 secs] [Times: user=0.01 sys=0.00, real=0.00 secs] 
126.882: Total time for which application threads were stopped: 0.0021190 seconds, Stopping threads took: 0.0000650 seconds
126.938: Application time: 0.0554200 seconds
126.938: [GC126.938: [ParNew: 246554K->1430K(275904K), 0.0015070 secs] 779809K->534743K(888836K), 0.0015430 secs] [Times: user=0.01 sys=0.00, real=0.01 secs] 
126.940: Total time for which application threads were stopped: 0.0019930 seconds, Stopping threads took: 0.0000520 seconds
126.995: Application time: 0.0552390 seconds
126.995: [GC126.995: [ParNew: 246678K->1374K(275904K), 0.0015180 secs] 779991K->534744K(888836K), 0.0015570 secs] [Times: user=0.01 sys=0.00, real=0.00 secs] 
126.997: Total time for which application threads were stopped: 0.0020360 seconds, Stopping threads took: 0.0000660 seconds
127.052: Application time: 0.0552740 seconds
127.053: [GC127.053: [ParNew: 246622K->1309K(275904K), 0.0017150 secs] 779992K->534776K(888836K), 0.0017530 secs] [Times: user=0.01 sys=0.00, real=0.00 secs] 
127.054: Total time for which application threads were stopped: 0.0022070 seconds, Stopping threads took: 0.0000540 seconds
127.110: Application time: 0.0553790 seconds
127.110: [GC127.110: [ParNew: 246557K->1375K(275904K), 0.0015660 secs] 780024K->534906K(888836K), 0.0016010 secs] [Times: user=0.01 sys=0.00, real=0.00 secs] 
127.112: Total time for which application threads were stopped: 0.0020550 seconds, Stopping threads took: 0.0000530 seconds
127.167: Application time: 0.0554350 seconds
127.168: [GC127.168: [ParNew: 246623K->1296K(275904K), 0.0015010 secs] 780154K->534983K(888836K), 0.0015390 secs] [Times: user=0.01 sys=0.00, real=0.00 secs] 
127.169: Total time for which application threads were stopped: 0.0019800 seconds, Stopping threads took: 0.0000450 seconds
127.225: Application time: 0.0557230 seconds
127.225: [GC127.226: [ParNew: 246544K->1348K(275904K), 0.0015170 secs] 780231K->535100K(888836K), 0.0015520 secs] [Times: user=0.01 sys=0.00, real=0.00 secs] 
127.227: Total time for which application threads were stopped: 0.0020110 seconds, Stopping threads took: 0.0000550 seconds
127.283: Application time: 0.0555050 seconds
127.283: [GC127.283: [ParNew: 246596K->1383K(275904K), 0.0015220 secs] 780348K->535199K(888836K), 0.0015620 secs] [Times: user=0.01 sys=0.00, real=0.00 secs] 
127.285: Total time for which application threads were stopped: 0.0020100 seconds, Stopping threads took: 0.0000490 seconds
127.340: Application time: 0.0552210 seconds
127.340: [GC127.340: [ParNew: 246631K->1623K(275904K), 0.0015000 secs] 780447K->535502K(888836K), 0.0015370 secs] [Times: user=0.01 sys=0.00, real=0.00 secs] 
127.342: Total time for which application threads were stopped: 0.0020210 seconds, Stopping threads took: 0.0000600 seconds
127.397: Application time: 0.0554260 seconds
127.398: [GC127.398: [ParNew: 246871K->1245K(275904K), 0.0015310 secs] 780750K->535241K(888836K), 0.0015660 secs] [Times: user=0.01 sys=0.00, real=0.01 secs] 
127.399: Total time for which application threads were stopped: 0.0020460 seconds, Stopping threads took: 0.0000790 seconds
127.455: Application time: 0.0557050 seconds
127.455: [GC127.455: [ParNew: 246493K->1406K(275904K), 0.0015320 secs] 780489K->535490K(888836K), 0.0015700 secs] [Times: user=0.01 sys=0.00, real=0.00 secs] 
127.457: Total time for which application threads were stopped: 0.0020300 seconds, Stopping threads took: 0.0000430 seconds
127.513: Application time: 0.0560470 seconds
127.514: [GC127.514: [ParNew: 246654K->1392K(275904K), 0.0015040 secs] 780738K->535540K(888836K), 0.0015420 secs] [Times: user=0.01 sys=0.00, real=0.00 secs] 
127.515: Total time for which application threads were stopped: 0.0020010 seconds, Stopping threads took: 0.0000590 seconds
127.571: Application time: 0.0556800 seconds
127.571: [GC127.571: [ParNew: 246640K->1153K(275904K), 0.0017250 secs] 780788K->535437K(888836K), 0.0017680 secs] [Times: user=0.01 sys=0.00, real=0.00 secs] 
127.573: Total time for which application threads were stopped: 0.0022080 seconds, Stopping threads took: 0.0000550 seconds
127.629: Application time: 0.0556040 seconds
127.629: [GC127.629: [ParNew: 246401K->1096K(275904K), 0.0017710 secs] 780685K->535436K(888836K), 0.0018040 secs] [Times: user=0.01 sys=0.00, real=0.00 secs] 
127.631: Total time for which application threads were stopped: 0.0022570 seconds, Stopping threads took: 0.0000520 seconds
127.686: Application time: 0.0553910 seconds
127.687: [GC127.687: [ParNew: 246344K->1244K(275904K), 0.0016200 secs] 780684K->535648K(888836K), 0.0016530 secs] [Times: user=0.01 sys=0.00, real=0.01 secs] 
127.688: Total time for which application threads were stopped: 0.0020910 seconds, Stopping threads took: 0.0000520 seconds
127.744: Application time: 0.0554940 seconds
127.744: [GC127.744: [ParNew: 246492K->1394K(275904K), 0.0015230 secs] 780896K->535862K(888836K), 0.0015590 secs] [Times: user=0.01 sys=0.00, real=0.00 secs] 
127.746: Total time for which application threads were stopped: 0.0019980 seconds, Stopping threads took: 0.0000500 seconds
127.801: Application time: 0.0555420 seconds
127.802: [GC127.802: [ParNew: 246642K->1273K(275904K), 0.0015790 secs] 781110K->535805K(888836K), 0.0016120 secs] [Times: user=0.01 sys=0.00, real=0.00 secs] 
127.803: Total time for which application threads were stopped: 0.0020750 seconds, Stopping threads took: 0.0000620 seconds
127.858: Application time: 0.0549760 seconds
127.859: [GC127.859: [ParNew: 246521K->1200K(275904K), 0.0015140 secs] 781053K->535798K(888836K), 0.0015510 secs] [Times: user=0.01 sys=0.00, real=0.01 secs] 
127.861: Total time for which application threads were stopped: 0.0020280 seconds, Stopping threads took: 0.0000540 seconds
127.916: Application time: 0.0551490 seconds
127.916: [GC127.916: [ParNew: 246448K->1468K(275904K), 0.0015790 secs] 781046K->536122K(888836K), 0.0016170 secs] [Times: user=0.01 sys=0.00, real=0.00 secs] 
127.918: Total time for which application threads were stopped: 0.0020770 seconds, Stopping threads took: 0.0000520 seconds
127.973: Application time: 0.0551390 seconds
127.973: [GC127.973: [ParNew: 246716K->1609K(275904K), 0.0015090 secs] 781370K->536323K(888836K), 0.0015440 secs] [Times: user=0.01 sys=0.00, real=0.00 secs] 
127.975: Total time for which application threads were stopped: 0.0019970 seconds, Stopping threads took: 0.0000490 seconds
128.030: Application time: 0.0553320 seconds
128.031: [GC128.031: [ParNew: 246857K->1335K(275904K), 0.0017380 secs] 781571K->536145K(888836K), 0.0017730 secs] [Times: user=0.01 sys=0.00, real=0.00 secs] 
128.032: Total time for which application threads were stopped: 0.0021970 seconds, Stopping threads took: 0.0000600 seconds
128.089: Application time: 0.0567400 seconds
128.090: [GC128.090: [ParNew: 246583K->1322K(275904K), 0.0015900 secs] 781393K->536195K(888836K), 0.0016240 secs] [Times: user=0.01 sys=0.00, real=0.00 secs] 
128.091: Total time for which application threads were stopped: 0.0020830 seconds, Stopping threads took: 0.0000400 seconds
128.146: Application time: 0.0550690 seconds
128.148: [GC128.148: [ParNew: 246570K->1700K(275904K), 0.0015330 secs] 781443K->536722K(888836K), 0.0015710 secs] [Times: user=0.01 sys=0.00, real=0.00 secs] 
128.149: Total time for which application threads were stopped: 0.0029340 seconds, Stopping threads took: 0.0009660 seconds
128.205: Application time: 0.0560400 seconds
128.206: Total time for which application threads were stopped: 0.0004230 seconds, Stopping threads took: 0.0000580 seconds
128.206: Application time: 0.0004680 seconds
128.206: [GC128.206: [ParNew: 246948K->1258K(275904K), 0.0015430 secs] 781970K->536346K(888836K), 0.0015800 secs] [Times: user=0.02 sys=0.00, real=0.01 secs] 
128.208: Total time for which application threads were stopped: 0.0017620 seconds, Stopping threads took: 0.0000330 seconds
128.263: Application time: 0.0554070 seconds
128.264: [GC128.264: [ParNew: 246506K->1503K(275904K), 0.0015030 secs] 781594K->536654K(888836K), 0.0015410 secs] [Times: user=0.01 sys=0.00, real=0.00 secs] 
128.265: Total time for which application threads were stopped: 0.0019950 seconds, Stopping threads took: 0.0000610 seconds
128.321: Application time: 0.0553970 seconds
128.321: [GC128.321: [ParNew: 246751K->1616K(275904K), 0.0015440 secs] 781902K->536882K(888836K), 0.0015810 secs] [Times: user=0.01 sys=0.00, real=0.00 secs] 
128.323: Total time for which application threads were stopped: 0.0020380 seconds, Stopping threads took: 0.0000570 seconds
128.379: Application time: 0.0560040 seconds
128.379: [GC128.379: [ParNew: 246864K->1383K(275904K), 0.0015730 secs] 782130K->536722K(888836K), 0.0016080 secs] [Times: user=0.01 sys=0.00, real=0.00 secs] 
128.381: Total time for which application threads were stopped: 0.0021190 seconds, Stopping threads took: 0.0000780 seconds
128.436: Application time: 0.0555710 seconds
128.437: [GC128.437: [ParNew: 246631K->1420K(275904K), 0.0015490 secs] 781970K->536899K(888836K), 0.0015860 secs] [Times: user=0.01 sys=0.00, real=0.00 secs] 
128.439: Total time for which application threads were stopped: 0.0020330 seconds, Stopping threads took: 0.0000520 seconds
128.495: Application time: 0.0561000 seconds
128.495: [GC128.495: [ParNew: 246668K->1402K(275904K), 0.0014920 secs] 782147K->536945K(888836K), 0.0015280 secs] [Times: user=0.01 sys=0.00, real=0.00 secs] 
128.497: Total time for which application threads were stopped: 0.0019970 seconds, Stopping threads took: 0.0000590 seconds
128.552: Application time: 0.0556090 seconds
128.553: [GC128.553: [ParNew: 246650K->1275K(275904K), 0.0015160 secs] 782193K->536882K(888836K), 0.0015520 secs] [Times: user=0.01 sys=0.00, real=0.00 secs] 
128.554: Total time for which application threads were stopped: 0.0020060 seconds, Stopping threads took: 0.0000530 seconds
128.610: Application time: 0.0559150 seconds
128.611: [GC128.611: [ParNew: 246523K->1323K(275904K), 0.0015960 secs] 782130K->536994K(888836K), 0.0016330 secs] [Times: user=0.01 sys=0.00, real=0.00 secs] 
128.612: Total time for which application threads were stopped: 0.0020430 seconds, Stopping threads took: 0.0000500 seconds
128.667: Application time: 0.0552210 seconds
128.668: [GC128.668: [ParNew: 246571K->1349K(275904K), 0.0014950 secs] 782242K->537084K(888836K), 0.0015320 secs] [Times: user=0.01 sys=0.00, real=0.00 secs] 
128.669: Total time for which application threads were stopped: 0.0019710 seconds, Stopping threads took: 0.0000450 seconds
128.725: Application time: 0.0553690 seconds
128.725: [GC128.725: [ParNew: 246597K->1303K(275904K), 0.0014910 secs] 782332K->537102K(888836K), 0.0015290 secs] [Times: user=0.01 sys=0.00, real=0.00 secs] 
128.727: Total time for which application threads were stopped: 0.0019710 seconds, Stopping threads took: 0.0000480 seconds
128.782: Application time: 0.0554070 seconds
128.783: [GC128.783: [ParNew: 246551K->1485K(275904K), 0.0015060 secs] 782350K->537340K(888836K), 0.0015420 secs] [Times: user=0.01 sys=0.00, real=0.00 secs] 
128.784: Total time for which application threads were stopped: 0.0019960 seconds, Stopping threads took: 0.0000590 seconds
128.840: Application time: 0.0555400 seconds
128.840: [GC128.840: [ParNew: 246733K->1641K(275904K), 0.0015920 secs] 782588K->537552K(888836K), 0.0016290 secs] [Times: user=0.01 sys=0.00, real=0.00 secs] 
128.842: Total time for which application threads were stopped: 0.0020920 seconds, Stopping threads took: 0.0000510 seconds
128.897: Application time: 0.0554520 seconds
128.898: [GC128.898: [ParNew: 246889K->1451K(275904K), 0.0015700 secs] 782800K->537418K(888836K), 0.0016150 secs] [Times: user=0.01 sys=0.00, real=0.01 secs] 
128.899: Total time for which application threads were stopped: 0.0020980 seconds, Stopping threads took: 0.0000570 seconds
128.955: Application time: 0.0554100 seconds
128.955: [GC128.955: [ParNew: 246699K->1488K(275904K), 0.0016330 secs] 782666K->537519K(888836K), 0.0016690 secs] [Times: user=0.01 sys=0.00, real=0.00 secs] 
128.957: Total time for which application threads were stopped: 0.0021100 seconds, Stopping threads took: 0.0000500 seconds
129.012: Application time: 0.0554670 seconds
129.013: [GC129.013: [ParNew: 246736K->1397K(275904K), 0.0016310 secs] 782767K->537628K(888836K), 0.0016670 secs] [Times: user=0.01 sys=0.00, real=0.00 secs] 
129.014: Total time for which application threads were stopped: 0.0021100 seconds, Stopping threads took: 0.0000460 seconds
129.070: Application time: 0.0554340 seconds
129.070: [GC129.070: [ParNew: 246645K->1460K(275904K), 0.0015740 secs] 782876K->537788K(888836K), 0.0016120 secs] [Times: user=0.01 sys=0.00, real=0.00 secs] 
129.072: Total time for which application threads were stopped: 0.0020650 seconds, Stopping threads took: 0.0000560 seconds
129.128: Application time: 0.0556440 seconds
129.128: [GC129.128: [ParNew: 246708K->1312K(275904K), 0.0017190 secs] 783036K->537742K(888836K), 0.0017560 secs] [Times: user=0.01 sys=0.00, real=0.00 secs] 
129.130: Total time for which application threads were stopped: 0.0021970 seconds, Stopping threads took: 0.0000440 seconds
129.186: Application time: 0.0557470 seconds
129.186: [GC129.186: [ParNew: 246560K->1289K(275904K), 0.0015470 secs] 782990K->537768K(888836K), 0.0015840 secs] [Times: user=0.02 sys=0.00, real=0.01 secs] 
129.188: Total time for which application threads were stopped: 0.0020370 seconds, Stopping threads took: 0.0000540 seconds
129.244: Application time: 0.0562770 seconds
129.248: [GC129.248: [ParNew: 246537K->1493K(275904K), 0.0015280 secs] 783016K->538077K(888836K), 0.0015660 secs] [Times: user=0.01 sys=0.00, real=0.00 secs] 
129.249: Total time for which application threads were stopped: 0.0053440 seconds, Stopping threads took: 0.0033840 seconds
129.305: Application time: 0.0560220 seconds
129.306: [GC129.306: [ParNew: 246741K->1264K(275904K), 0.0015220 secs] 783325K->537949K(888836K), 0.0015600 secs] [Times: user=0.02 sys=0.00, real=0.01 secs] 
129.307: Total time for which application threads were stopped: 0.0020240 seconds, Stopping threads took: 0.0000660 seconds
129.363: Application time: 0.0555640 seconds
129.368: [GC129.368: [ParNew: 246512K->1388K(275904K), 0.0014730 secs] 783197K->538265K(888836K), 0.0015110 secs] [Times: user=0.01 sys=0.00, real=0.00 secs] 
129.369: Total time for which application threads were stopped: 0.0063830 seconds, Stopping threads took: 0.0044190 seconds
129.425: Application time: 0.0560920 seconds
129.426: [GC129.426: [ParNew: 246636K->1110K(275904K), 0.0014810 secs] 783513K->538051K(888836K), 0.0015190 secs] [Times: user=0.01 sys=0.00, real=0.01 secs] 
129.427: Total time for which application threads were stopped: 0.0020010 seconds, Stopping threads took: 0.0000640 seconds
129.483: Application time: 0.0552120 seconds
129.483: [GC129.483: [ParNew: 246358K->1151K(275904K), 0.0014910 secs] 783299K->538155K(888836K), 0.0015290 secs] [Times: user=0.01 sys=0.00, real=0.00 secs] 
129.485: Total time for which application threads were stopped: 0.0019770 seconds, Stopping threads took: 0.0000500 seconds
129.540: Application time: 0.0558030 seconds
129.541: [GC129.541: [ParNew: 246399K->1189K(275904K), 0.0015290 secs] 783403K->538257K(888836K), 0.0015660 secs] [Times: user=0.01 sys=0.00, real=0.00 secs] 
129.542: Total time for which application threads were stopped: 0.0020290 seconds, Stopping threads took: 0.0000570 seconds
129.597: Application time: 0.0547880 seconds
129.600: [GC129.600: [ParNew: 246437K->1221K(275904K), 0.0015160 secs] 783505K->538354K(888836K), 0.0015520 secs] [Times: user=0.01 sys=0.00, real=0.00 secs] 
129.601: Total time for which application threads were stopped: 0.0040780 seconds, Stopping threads took: 0.0021250 seconds
129.656: Application time: 0.0551750 seconds
129.657: [GC129.657: [ParNew: 246469K->1344K(275904K), 0.0015190 secs] 783602K->538540K(888836K), 0.0015560 secs] [Times: user=0.01 sys=0.00, real=0.00 secs] 
129.658: Total time for which application threads were stopped: 0.0020170 seconds, Stopping threads took: 0.0000670 seconds
129.714: Application time: 0.0551500 seconds
129.714: [GC129.714: [ParNew: 246592K->1425K(275904K), 0.0015420 secs] 783788K->538685K(888836K), 0.0015790 secs] [Times: user=0.01 sys=0.00, real=0.00 secs] 
129.716: Total time for which application threads were stopped: 0.0020360 seconds, Stopping threads took: 0.0000630 seconds
129.771: Application time: 0.0553030 seconds
129.771: [GC129.771: [ParNew: 246673K->1264K(275904K), 0.0018070 secs] 783933K->538574K(888836K), 0.0018450 secs] [Times: user=0.01 sys=0.00, real=0.00 secs] 
129.773: Total time for which application threads were stopped: 0.0023160 seconds, Stopping threads took: 0.0000610 seconds
129.829: Application time: 0.0555530 seconds
129.829: [GC129.829: [ParNew: 246512K->1572K(275904K), 0.0016910 secs] 783822K->538946K(888836K), 0.0017290 secs] [Times: user=0.01 sys=0.00, real=0.00 secs] 
129.831: Total time for which application threads were stopped: 0.0021750 seconds, Stopping threads took: 0.0000470 seconds
129.886: Application time: 0.0553470 seconds
129.887: [GC129.887: [ParNew: 246820K->1756K(275904K), 0.0015740 secs] 784194K->539197K(888836K), 0.0016110 secs] [Times: user=0.01 sys=0.00, real=0.01 secs] 
129.888: Total time for which application threads were stopped: 0.0020700 seconds, Stopping threads took: 0.0000590 seconds
129.944: Application time: 0.0553100 seconds
129.944: [GC129.944: [ParNew: 247004K->1275K(275904K), 0.0015250 secs] 784445K->538823K(888836K), 0.0015630 secs] [Times: user=0.01 sys=0.00, real=0.00 secs] 
129.946: Total time for which application threads were stopped: 0.0020490 seconds, Stopping threads took: 0.0000710 seconds
130.002: Application time: 0.0558570 seconds
130.004: [GC130.004: [ParNew: 246523K->1310K(275904K), 0.0015400 secs] 784071K->538922K(888836K), 0.0015770 secs] [Times: user=0.01 sys=0.00, real=0.00 secs] 
130.005: Total time for which application threads were stopped: 0.0036360 seconds, Stopping threads took: 0.0016650 seconds
130.060: Application time: 0.0550980 seconds
130.061: [GC130.061: [ParNew: 246558K->1336K(275904K), 0.0016230 secs] 784170K->539112K(888836K), 0.0016610 secs] [Times: user=0.01 sys=0.00, real=0.00 secs] 
130.062: Total time for which application threads were stopped: 0.0021210 seconds, Stopping threads took: 0.0000640 seconds
130.118: Application time: 0.0557540 seconds
130.119: [GC130.119: [ParNew: 246584K->1381K(275904K), 0.0016050 secs] 784360K->539219K(888836K), 0.0016400 secs] [Times: user=0.01 sys=0.00, real=0.01 secs] 
130.120: Total time for which application threads were stopped: 0.0021020 seconds, Stopping threads took: 0.0000690 seconds
130.176: Application time: 0.0556620 seconds
130.176: [GC130.176: [ParNew: 246629K->1351K(275904K), 0.0015860 secs] 784467K->539298K(888836K), 0.0016240 secs] [Times: user=0.02 sys=0.00, real=0.00 secs] 
130.178: Total time for which application threads were stopped: 0.0020830 seconds, Stopping threads took: 0.0000600 seconds
130.235: Application time: 0.0570990 seconds
130.236: [GC130.236: [ParNew: 246599K->1505K(275904K), 0.0015410 secs] 784546K->539556K(888836K), 0.0015790 secs] [Times: user=0.01 sys=0.00, real=0.00 secs] 
130.237: Total time for which application threads were stopped: 0.0020580 seconds, Stopping threads took: 0.0000770 seconds
130.294: Application time: 0.0563020 seconds
130.294: [GC130.294: [ParNew: 246753K->1188K(275904K), 0.0015270 secs] 784804K->539399K(888836K), 0.0015650 secs] [Times: user=0.01 sys=0.00, real=0.00 secs] 
130.296: Total time for which application threads were stopped: 0.0020310 seconds, Stopping threads took: 0.0000660 seconds
130.352: Application time: 0.0566020 seconds
130.353: [GC130.353: [ParNew: 246436K->1224K(275904K), 0.0016120 secs] 784647K->539499K(888836K), 0.0016590 secs] [Times: user=0.01 sys=0.00, real=0.00 secs] 
130.354: Total time for which application threads were stopped: 0.0020820 seconds, Stopping threads took: 0.0000560 seconds
130.410: Application time: 0.0561280 seconds
130.411: [GC130.411: [ParNew: 246472K->1437K(275904K), 0.0015180 secs] 784747K->539775K(888836K), 0.0015540 secs] [Times: user=0.02 sys=0.00, real=0.00 secs] 
130.412: Total time for which application threads were stopped: 0.0020160 seconds, Stopping threads took: 0.0000550 seconds
130.469: Application time: 0.0566510 seconds
130.470: [GC130.470: [ParNew: 246685K->1100K(275904K), 0.0016750 secs] 785023K->539495K(888836K), 0.0017100 secs] [Times: user=0.01 sys=0.00, real=0.00 secs] 
130.471: Total time for which application threads were stopped: 0.0022190 seconds, Stopping threads took: 0.0000800 seconds
130.528: Application time: 0.0562280 seconds
130.528: [GC130.528: [ParNew: 246348K->1141K(275904K), 0.0017450 secs] 784743K->539591K(888836K), 0.0017800 secs] [Times: user=0.01 sys=0.01, real=0.00 secs] 
130.530: Total time for which application threads were stopped: 0.0022310 seconds, Stopping threads took: 0.0000480 seconds
130.585: Application time: 0.0549270 seconds
130.585: [GC130.585: [ParNew: 246389K->1175K(275904K), 0.0017180 secs] 784839K->539674K(888836K), 0.0017530 secs] [Times: user=0.02 sys=0.00, real=0.00 secs] 
130.587: Total time for which application threads were stopped: 0.0022030 seconds, Stopping threads took: 0.0000530 seconds
130.642: Application time: 0.0553270 seconds
130.643: [GC130.643: [ParNew: 246423K->1504K(275904K), 0.0015310 secs] 784922K->540059K(888836K), 0.0015690 secs] [Times: user=0.01 sys=0.00, real=0.00 secs] 
130.644: Total time for which application threads were stopped: 0.0020190 seconds, Stopping threads took: 0.0000570 seconds
130.700: Application time: 0.0555000 seconds
130.700: [GC130.700: [ParNew: 246752K->1609K(275904K), 0.0015140 secs] 785307K->540212K(888836K), 0.0015510 secs] [Times: user=0.01 sys=0.00, real=0.00 secs] 
130.702: Total time for which application threads were stopped: 0.0020000 seconds, Stopping threads took: 0.0000530 seconds
130.757: Application time: 0.0555040 seconds
130.758: [GC130.758: [ParNew: 246857K->1203K(275904K), 0.0015870 secs] 785460K->539856K(888836K), 0.0016240 secs] [Times: user=0.01 sys=0.00, real=0.01 secs] 
130.759: Total time for which application threads were stopped: 0.0020790 seconds, Stopping threads took: 0.0000540 seconds
130.815: Application time: 0.0555410 seconds
130.815: [GC130.815: [ParNew: 246451K->1461K(275904K), 0.0015060 secs] 785104K->540178K(888836K), 0.0015430 secs] [Times: user=0.01 sys=0.00, real=0.00 secs] 
130.817: Total time for which application threads were stopped: 0.0020140 seconds, Stopping threads took: 0.0000610 seconds
130.872: Application time: 0.0555400 seconds
130.873: [GC130.873: [ParNew: 246709K->1544K(275904K), 0.0015910 secs] 785426K->540360K(888836K), 0.0016290 secs] [Times: user=0.01 sys=0.00, real=0.00 secs] 
130.875: Total time for which application threads were stopped: 0.0020800 seconds, Stopping threads took: 0.0000520 seconds
130.930: Application time: 0.0554640 seconds
130.930: [GC130.930: [ParNew: 246792K->1374K(275904K), 0.0016360 secs] 785608K->540256K(888836K), 0.0016730 secs] [Times: user=0.01 sys=0.00, real=0.00 secs] 
130.932: Total time for which application threads were stopped: 0.0021180 seconds, Stopping threads took: 0.0000530 seconds
130.988: Application time: 0.0558170 seconds
130.988: [GC130.988: [ParNew: 246622K->1452K(275904K), 0.0015780 secs] 785504K->540470K(888836K), 0.0016150 secs] [Times: user=0.01 sys=0.00, real=0.00 secs] 
130.990: Total time for which application threads were stopped: 0.0020780 seconds, Stopping threads took: 0.0000510 seconds
131.045: Application time: 0.0554690 seconds
131.048: [GC131.048: [ParNew: 246700K->1409K(275904K), 0.0016180 secs] 785718K->540499K(888836K), 0.0016550 secs] [Times: user=0.01 sys=0.00, real=0.00 secs] 
131.049: Total time for which application threads were stopped: 0.0038250 seconds, Stopping threads took: 0.0017700 seconds
131.106: Application time: 0.0566680 seconds
131.106: [GC131.106: [ParNew: 246657K->1311K(275904K), 0.0015740 secs] 785747K->540482K(888836K), 0.0016110 secs] [Times: user=0.01 sys=0.00, real=0.01 secs] 
131.108: Total time for which application threads were stopped: 0.0020670 seconds, Stopping threads took: 0.0000590 seconds
131.164: Application time: 0.0556000 seconds
131.164: [GC131.164: [ParNew: 246559K->1416K(275904K), 0.0016160 secs] 785730K->540675K(888836K), 0.0016520 secs] [Times: user=0.01 sys=0.00, real=0.00 secs] 
131.166: Total time for which application threads were stopped: 0.0021000 seconds, Stopping threads took: 0.0000500 seconds
131.223: Application time: 0.0567420 seconds
131.223: [GC131.223: [ParNew: 246664K->1153K(275904K), 0.0014820 secs] 785923K->540556K(888836K), 0.0015180 secs] [Times: user=0.01 sys=0.00, real=0.00 secs] 
131.225: Total time for which application threads were stopped: 0.0019750 seconds, Stopping threads took: 0.0000610 seconds
131.280: Application time: 0.0558700 seconds
131.281: [GC131.281: [ParNew: 246401K->1085K(275904K), 0.0015620 secs] 785804K->540552K(888836K), 0.0016010 secs] [Times: user=0.01 sys=0.00, real=0.00 secs] 
131.282: Total time for which application threads were stopped: 0.0019790 seconds, Stopping threads took: 0.0000470 seconds
131.338: Application time: 0.0556570 seconds
131.338: [GC131.338: [ParNew: 246333K->1244K(275904K), 0.0014660 secs] 785800K->540768K(888836K), 0.0015010 secs] [Times: user=0.01 sys=0.00, real=0.01 secs] 
131.340: Total time for which application threads were stopped: 0.0019470 seconds, Stopping threads took: 0.0000470 seconds
131.395: Application time: 0.0554250 seconds
131.400: [GC131.400: [ParNew: 246492K->1114K(275904K), 0.0017730 secs] 786016K->540677K(888836K), 0.0018080 secs] [Times: user=0.01 sys=0.00, real=0.00 secs] 
131.401: Total time for which application threads were stopped: 0.0060790 seconds, Stopping threads took: 0.0038710 seconds
131.457: Application time: 0.0554330 seconds
131.457: [GC131.457: [ParNew: 246362K->1265K(275904K), 0.0014800 secs] 785925K->540892K(888836K), 0.0015160 secs] [Times: user=0.01 sys=0.00, real=0.00 secs] 
131.459: Total time for which application threads were stopped: 0.0019690 seconds, Stopping threads took: 0.0000520 seconds
131.514: Application time: 0.0551760 seconds
131.515: [GC131.515: [ParNew: 246513K->1348K(275904K), 0.0015010 secs] 786140K->541031K(888836K), 0.0015390 secs] [Times: user=0.01 sys=0.01, real=0.00 secs] 
131.516: Total time for which application threads were stopped: 0.0020080 seconds, Stopping threads took: 0.0000530 seconds
131.571: Application time: 0.0550710 seconds
131.572: [GC131.572: [ParNew: 246596K->1501K(275904K), 0.0015030 secs] 786279K->541248K(888836K), 0.0015390 secs] [Times: user=0.01 sys=0.00, real=0.00 secs] 
131.573: Total time for which application threads were stopped: 0.0020000 seconds, Stopping threads took: 0.0000550 seconds
131.628: Application time: 0.0553300 seconds
131.629: [GC131.629: [ParNew: 246749K->1216K(275904K), 0.0017080 secs] 786496K->541011K(888836K), 0.0017450 secs] [Times: user=0.01 sys=0.00, real=0.00 secs] 
131.631: Total time for which application threads were stopped: 0.0021960 seconds, Stopping threads took: 0.0000530 seconds
131.686: Application time: 0.0553070 seconds
131.686: [GC131.686: [ParNew: 246464K->1491K(275904K), 0.0015410 secs] 786259K->541344K(888836K), 0.0015780 secs] [Times: user=0.02 sys=0.00, real=0.01 secs] 
131.688: Total time for which application threads were stopped: 0.0020240 seconds, Stopping threads took: 0.0000590 seconds
131.743: Application time: 0.0553260 seconds
131.744: [GC131.744: [ParNew: 246739K->1521K(275904K), 0.0015580 secs] 786592K->541438K(888836K), 0.0015940 secs] [Times: user=0.01 sys=0.00, real=0.00 secs] 
131.745: Total time for which application threads were stopped: 0.0020300 seconds, Stopping threads took: 0.0000440 seconds
131.801: Application time: 0.0553960 seconds
131.801: [GC131.801: [ParNew: 246769K->1171K(275904K), 0.0018430 secs] 786686K->541128K(888836K), 0.0018870 secs] [Times: user=0.01 sys=0.00, real=0.00 secs] 
131.803: Total time for which application threads were stopped: 0.0023300 seconds, Stopping threads took: 0.0000480 seconds
131.859: Application time: 0.0555060 seconds
131.859: [GC131.859: [ParNew: 246419K->1449K(275904K), 0.0016020 secs] 786376K->541518K(888836K), 0.0016380 secs] [Times: user=0.01 sys=0.00, real=0.01 secs] 
131.861: Total time for which application threads were stopped: 0.0020800 seconds, Stopping threads took: 0.0000480 seconds
131.916: Application time: 0.0556980 seconds
131.917: [GC131.917: [ParNew: 246697K->1466K(275904K), 0.0016890 secs] 786766K->541591K(888836K), 0.0017250 secs] [Times: user=0.01 sys=0.00, real=0.00 secs] 
131.919: Total time for which application threads were stopped: 0.0021850 seconds, Stopping threads took: 0.0000660 seconds
131.974: Application time: 0.0556650 seconds
131.975: [GC131.975: [ParNew: 246714K->1374K(275904K), 0.0015540 secs] 786839K->541691K(888836K), 0.0015920 secs] [Times: user=0.01 sys=0.00, real=0.00 secs] 
131.976: Total time for which application threads were stopped: 0.0020450 seconds, Stopping threads took: 0.0000550 seconds
132.033: Application time: 0.0565760 seconds
132.033: [GC132.033: [ParNew: 246622K->1386K(275904K), 0.0016780 secs] 786939K->541767K(888836K), 0.0017120 secs] [Times: user=0.01 sys=0.00, real=0.00 secs] 
132.035: Total time for which application threads were stopped: 0.0021440 seconds, Stopping threads took: 0.0000580 seconds
132.091: Application time: 0.0558990 seconds
132.096: [GC132.096: [ParNew: 246634K->1399K(275904K), 0.0017260 secs] 787015K->541981K(888836K), 0.0017640 secs] [Times: user=0.01 sys=0.00, real=0.00 secs] 
132.097: Total time for which application threads were stopped: 0.0064490 seconds, Stopping threads took: 0.0043300 seconds
132.154: Application time: 0.0564830 seconds
132.156: [GC132.156: [ParNew: 246647K->1028K(275904K), 0.0015220 secs] 787229K->541710K(888836K), 0.0015560 secs] [Times: user=0.01 sys=0.00, real=0.00 secs] 
132.157: Total time for which application threads were stopped: 0.0033570 seconds, Stopping threads took: 0.0014070 seconds
132.215: Application time: 0.0573730 seconds
132.215: [GC132.215: [ParNew: 246276K->1183K(275904K), 0.0015540 secs] 786958K->541920K(888836K), 0.0015890 secs] [Times: user=0.01 sys=0.00, real=0.00 secs] 
132.217: Total time for which application threads were stopped: 0.0020390 seconds, Stopping threads took: 0.0000590 seconds
132.273: Application time: 0.0565220 seconds
132.274: [GC132.274: [ParNew: 246431K->1296K(275904K), 0.0015910 secs] 787168K->542089K(888836K), 0.0016340 secs] [Times: user=0.01 sys=0.00, real=0.00 secs] 
132.275: Total time for which application threads were stopped: 0.0020920 seconds, Stopping threads took: 0.0000580 seconds
132.331: Application time: 0.0554830 seconds
132.331: [GC132.331: [ParNew: 246544K->1400K(275904K), 0.0015420 secs] 787337K->542242K(888836K), 0.0015750 secs] [Times: user=0.01 sys=0.00, real=0.00 secs] 
132.333: Total time for which application threads were stopped: 0.0020260 seconds, Stopping threads took: 0.0000560 seconds
132.388: Application time: 0.0552490 seconds
132.388: [GC132.388: [ParNew: 246648K->1339K(275904K), 0.0015210 secs] 787490K->542229K(888836K), 0.0015580 secs] [Times: user=0.01 sys=0.00, real=0.00 secs] 
132.390: Total time for which application threads were stopped: 0.0020010 seconds, Stopping threads took: 0.0000510 seconds
132.445: Application time: 0.0552990 seconds
132.446: [GC132.446: [ParNew: 246587K->1439K(275904K), 0.0018160 secs] 787477K->542376K(888836K), 0.0018570 secs] [Times: user=0.01 sys=0.00, real=0.01 secs] 
132.448: Total time for which application threads were stopped: 0.0022810 seconds, Stopping threads took: 0.0000650 seconds
132.503: Application time: 0.0551600 seconds
132.503: [GC132.503: [ParNew: 246687K->1599K(275904K), 0.0015320 secs] 787624K->542577K(888836K), 0.0015690 secs] [Times: user=0.01 sys=0.00, real=0.00 secs] 
132.505: Total time for which application threads were stopped: 0.0020470 seconds, Stopping threads took: 0.0000650 seconds
132.560: Application time: 0.0555530 seconds
132.561: [GC132.561: [ParNew: 246847K->1217K(275904K), 0.0015190 secs] 787825K->542250K(888836K), 0.0015560 secs] [Times: user=0.01 sys=0.00, real=0.00 secs] 
132.562: Total time for which application threads were stopped: 0.0020330 seconds, Stopping threads took: 0.0000480 seconds
132.618: Application time: 0.0554930 seconds
132.618: [GC132.618: [ParNew: 246465K->1387K(275904K), 0.0016220 secs] 787498K->542460K(888836K), 0.0016600 secs] [Times: user=0.01 sys=0.00, real=0.01 secs] 
132.620: Total time for which application threads were stopped: 0.0021090 seconds, Stopping threads took: 0.0000510 seconds
132.676: Application time: 0.0555520 seconds
132.680: [GC132.680: [ParNew: 246635K->1540K(275904K), 0.0016440 secs] 787708K->542663K(888836K), 0.0016800 secs] [Times: user=0.02 sys=0.00, real=0.00 secs] 
132.681: Total time for which application threads were stopped: 0.0057380 seconds, Stopping threads took: 0.0036580 seconds
132.737: Application time: 0.0552340 seconds
132.737: [GC132.737: [ParNew: 246788K->1635K(275904K), 0.0016080 secs] 787911K->542822K(888836K), 0.0016460 secs] [Times: user=0.02 sys=0.00, real=0.00 secs] 
132.739: Total time for which application threads were stopped: 0.0020980 seconds, Stopping threads took: 0.0000510 seconds
132.794: Application time: 0.0551170 seconds
132.794: [GC132.794: [ParNew: 246883K->1509K(275904K), 0.0015920 secs] 788070K->542810K(888836K), 0.0016300 secs] [Times: user=0.01 sys=0.00, real=0.00 secs] 
132.796: Total time for which application threads were stopped: 0.0020820 seconds, Stopping threads took: 0.0000500 seconds
132.851: Application time: 0.0551720 seconds
132.851: [GC132.852: [ParNew: 246757K->1531K(275904K), 0.0015930 secs] 788058K->542905K(888836K), 0.0016290 secs] [Times: user=0.01 sys=0.00, real=0.00 secs] 
132.853: Total time for which application threads were stopped: 0.0020890 seconds, Stopping threads took: 0.0000510 seconds
132.909: Application time: 0.0563520 seconds
132.912: [GC132.912: [ParNew: 246779K->1273K(275904K), 0.0016570 secs] 788153K->542844K(888836K), 0.0016940 secs] [Times: user=0.01 sys=0.00, real=0.00 secs] 
132.913: Total time for which application threads were stopped: 0.0038750 seconds, Stopping threads took: 0.0017870 seconds
132.970: Application time: 0.0563890 seconds
132.970: [GC132.970: [ParNew: 246521K->1305K(275904K), 0.0015790 secs] 788092K->542955K(888836K), 0.0016170 secs] [Times: user=0.01 sys=0.00, real=0.00 secs] 
132.972: Total time for which application threads were stopped: 0.0020730 seconds, Stopping threads took: 0.0000680 seconds
133.028: Application time: 0.0563130 seconds
133.029: [GC133.029: [ParNew: 246553K->1293K(275904K), 0.0015500 secs] 788203K->543112K(888836K), 0.0015880 secs] [Times: user=0.01 sys=0.00, real=0.00 secs] 
133.030: Total time for which application threads were stopped: 0.0020440 seconds, Stopping threads took: 0.0000560 seconds
133.086: Application time: 0.0559080 seconds
133.087: [GC133.087: [ParNew: 246541K->1193K(275904K), 0.0014850 secs] 788360K->543112K(888836K), 0.0015240 secs] [Times: user=0.01 sys=0.00, real=0.01 secs] 
133.088: Total time for which application threads were stopped: 0.0021460 seconds, Stopping threads took: 0.0000560 seconds
133.144: Application time: 0.0557490 seconds
133.144: [GC133.144: [ParNew: 246441K->1124K(275904K), 0.0017880 secs] 788360K->543108K(888836K), 0.0018230 secs] [Times: user=0.01 sys=0.00, real=0.00 secs] 
133.146: Total time for which application threads were stopped: 0.0022760 seconds, Stopping threads took: 0.0000590 seconds
133.203: Application time: 0.0563180 seconds
133.203: [GC133.203: [ParNew: 246372K->1312K(275904K), 0.0015300 secs] 788356K->543360K(888836K), 0.0015650 secs] [Times: user=0.01 sys=0.00, real=0.00 secs] 
133.205: Total time for which application threads were stopped: 0.0020170 seconds, Stopping threads took: 0.0000630 seconds
133.260: Application time: 0.0551740 seconds
133.260: [GC133.260: [ParNew: 246560K->1253K(275904K), 0.0017330 secs] 788608K->543356K(888836K), 0.0017770 secs] [Times: user=0.01 sys=0.00, real=0.00 secs] 
133.262: Total time for which application threads were stopped: 0.0022410 seconds, Stopping threads took: 0.0000670 seconds
133.318: Application time: 0.0555160 seconds
133.318: [GC133.318: [ParNew: 246501K->1270K(275904K), 0.0017860 secs] 788604K->543430K(888836K), 0.0018220 secs] [Times: user=0.01 sys=0.00, real=0.01 secs] 
133.320: Total time for which application threads were stopped: 0.0022630 seconds, Stopping threads took: 0.0000480 seconds
133.375: Application time: 0.0555470 seconds
133.376: [GC133.376: [ParNew: 246518K->1313K(275904K), 0.0016420 secs] 788678K->543521K(888836K), 0.0016790 secs] [Times: user=0.01 sys=0.00, real=0.00 secs] 
133.378: Total time for which application threads were stopped: 0.0021300 seconds, Stopping threads took: 0.0000540 seconds
133.433: Application time: 0.0550630 seconds
133.433: [GC133.433: [ParNew: 246561K->1264K(275904K), 0.0017550 secs] 788769K->543528K(888836K), 0.0017930 secs] [Times: user=0.01 sys=0.00, real=0.00 secs] 
133.435: Total time for which application threads were stopped: 0.0023390 seconds, Stopping threads took: 0.0000530 seconds
133.490: Application time: 0.0553350 seconds
133.491: [GC133.491: [ParNew: 246512K->1360K(275904K), 0.0015480 secs] 788776K->543680K(888836K), 0.0015870 secs] [Times: user=0.01 sys=0.00, real=0.00 secs] 
133.492: Total time for which application threads were stopped: 0.0020430 seconds, Stopping threads took: 0.0000570 seconds
133.547: Application time: 0.0551950 seconds
133.548: [GC133.548: [ParNew: 246608K->1676K(275904K), 0.0015450 secs] 788928K->544059K(888836K), 0.0015820 secs] [Times: user=0.02 sys=0.00, real=0.00 secs] 
133.550: Total time for which application threads were stopped: 0.0020290 seconds, Stopping threads took: 0.0000510 seconds
133.605: Application time: 0.0551130 seconds
133.605: [GC133.605: [ParNew: 246924K->1269K(275904K), 0.0015730 secs] 789307K->543716K(888836K), 0.0016110 secs] [Times: user=0.02 sys=0.00, real=0.00 secs] 
133.607: Total time for which application threads were stopped: 0.0020860 seconds, Stopping threads took: 0.0000510 seconds
133.662: Application time: 0.0552990 seconds
133.662: [GC133.663: [ParNew: 246517K->1405K(275904K), 0.0017100 secs] 788964K->543916K(888836K), 0.0017480 secs] [Times: user=0.01 sys=0.00, real=0.00 secs] 
133.664: Total time for which application threads were stopped: 0.0022130 seconds, Stopping threads took: 0.0000620 seconds
133.719: Application time: 0.0552290 seconds
133.724: [GC133.724: [ParNew: 246653K->1500K(275904K), 0.0015970 secs] 789164K->544075K(888836K), 0.0016340 secs] [Times: user=0.02 sys=0.00, real=0.00 secs] 
133.725: Total time for which application threads were stopped: 0.0058090 seconds, Stopping threads took: 0.0037730 seconds
133.781: Application time: 0.0556340 seconds
133.784: [GC133.784: [ParNew: 246748K->1285K(275904K), 0.0018980 secs] 789323K->543957K(888836K), 0.0019320 secs] [Times: user=0.02 sys=0.00, real=0.00 secs] 
133.786: Total time for which application threads were stopped: 0.0046760 seconds, Stopping threads took: 0.0023490 seconds
133.842: Application time: 0.0566010 seconds
133.843: [GC133.843: [ParNew: 246533K->1551K(275904K), 0.0016540 secs] 789205K->544328K(888836K), 0.0016870 secs] [Times: user=0.01 sys=0.00, real=0.00 secs] 
133.844: Total time for which application threads were stopped: 0.0021300 seconds, Stopping threads took: 0.0000820 seconds
133.846: Application time: 0.0018240 seconds
133.846: Total time for which application threads were stopped: 0.0003070 seconds, Stopping threads took: 0.0000300 seconds
133.848: Application time: 0.0012200 seconds
133.848: Total time for which application threads were stopped: 0.0003770 seconds, Stopping threads took: 0.0000780 seconds
133.902: Application time: 0.0539380 seconds
133.902: [GC133.902: [ParNew: 246799K->1249K(275904K), 0.0015620 secs] 789576K->544214K(888836K), 0.0015990 secs] [Times: user=0.01 sys=0.00, real=0.00 secs] 
133.904: Total time for which application threads were stopped: 0.0020630 seconds, Stopping threads took: 0.0000590 seconds
133.961: Application time: 0.0564740 seconds
133.961: [GC133.961: [ParNew: 246497K->1164K(275904K), 0.0016480 secs] 789462K->544217K(888836K), 0.0016830 secs] [Times: user=0.01 sys=0.00, real=0.00 secs] 
133.963: Total time for which application threads were stopped: 0.0021060 seconds, Stopping threads took: 0.0000610 seconds
134.019: Application time: 0.0558710 seconds
134.019: [GC134.019: [ParNew: 246412K->1023K(275904K), 0.0015240 secs] 789465K->544140K(888836K), 0.0015560 secs] [Times: user=0.01 sys=0.00, real=0.01 secs] 
134.021: Total time for which application threads were stopped: 0.0019930 seconds, Stopping threads took: 0.0000560 seconds
134.077: Application time: 0.0564810 seconds
134.077: [GC134.077: [ParNew: 246271K->1030K(275904K), 0.0016270 secs] 789388K->544258K(888836K), 0.0016630 secs] [Times: user=0.01 sys=0.00, real=0.00 secs] 
134.079: Total time for which application threads were stopped: 0.0020870 seconds, Stopping threads took: 0.0000570 seconds
134.135: Application time: 0.0559940 seconds
134.136: [GC134.136: [ParNew: 246278K->1220K(275904K), 0.0016140 secs] 789506K->544505K(888836K), 0.0016500 secs] [Times: user=0.01 sys=0.00, real=0.00 secs] 
134.137: Total time for which application threads were stopped: 0.0021000 seconds, Stopping threads took: 0.0000610 seconds
134.193: Application time: 0.0554680 seconds
134.193: [GC134.193: [ParNew: 246468K->1253K(275904K), 0.0015030 secs] 789753K->544594K(888836K), 0.0015390 secs] [Times: user=0.01 sys=0.00, real=0.00 secs] 
134.195: Total time for which application threads were stopped: 0.0019850 seconds, Stopping threads took: 0.0000470 seconds
134.250: Application time: 0.0557580 seconds
134.251: [GC134.251: [ParNew: 246501K->1351K(275904K), 0.0014690 secs] 789842K->544748K(888836K), 0.0015060 secs] [Times: user=0.01 sys=0.00, real=0.00 secs] 
134.252: Total time for which application threads were stopped: 0.0019670 seconds, Stopping threads took: 0.0000650 seconds
134.307: Application time: 0.0549070 seconds
134.308: [GC134.308: [ParNew: 246599K->1267K(275904K), 0.0014860 secs] 789996K->544720K(888836K), 0.0015230 secs] [Times: user=0.01 sys=0.00, real=0.00 secs] 
134.309: Total time for which application threads were stopped: 0.0019850 seconds, Stopping threads took: 0.0000560 seconds
134.364: Application time: 0.0547810 seconds
134.368: [GC134.368: [ParNew: 246515K->1547K(275904K), 0.0014940 secs] 789968K->545056K(888836K), 0.0015300 secs] [Times: user=0.01 sys=0.00, real=0.00 secs] 
134.369: Total time for which application threads were stopped: 0.0051040 seconds, Stopping threads took: 0.0031710 seconds
134.424: Application time: 0.0548640 seconds
134.424: [GC134.425: [ParNew: 246795K->1184K(275904K), 0.0015010 secs] 790304K->544741K(888836K), 0.0015370 secs] [Times: user=0.01 sys=0.00, real=0.00 secs] 
134.426: Total time for which application threads were stopped: 0.0019840 seconds, Stopping threads took: 0.0000450 seconds
134.481: Application time: 0.0552470 seconds
134.484: [GC134.484: [ParNew: 246432K->1402K(275904K), 0.0015420 secs] 789989K->545023K(888836K), 0.0015780 secs] [Times: user=0.01 sys=0.00, real=0.00 secs] 
134.485: Total time for which application threads were stopped: 0.0039500 seconds, Stopping threads took: 0.0019740 seconds
134.540: Application time: 0.0551170 seconds
134.544: [GC134.544: [ParNew: 246650K->1501K(275904K), 0.0015680 secs] 790271K->545178K(888836K), 0.0016070 secs] [Times: user=0.01 sys=0.00, real=0.00 secs] 
134.545: Total time for which application threads were stopped: 0.0049100 seconds, Stopping threads took: 0.0029100 seconds
134.601: Application time: 0.0554790 seconds
134.601: [GC134.601: [ParNew: 246749K->1555K(275904K), 0.0015650 secs] 790426K->545288K(888836K), 0.0016020 secs] [Times: user=0.01 sys=0.00, real=0.00 secs] 
134.603: Total time for which application threads were stopped: 0.0020500 seconds, Stopping threads took: 0.0000420 seconds
134.658: Application time: 0.0552520 seconds
134.659: [GC134.659: [ParNew: 246803K->1655K(275904K), 0.0015380 secs] 790536K->545451K(888836K), 0.0015830 secs] [Times: user=0.01 sys=0.00, real=0.01 secs] 
134.660: Total time for which application threads were stopped: 0.0020540 seconds, Stopping threads took: 0.0000490 seconds
134.715: Application time: 0.0553070 seconds
134.720: [GC134.720: [ParNew: 246903K->1629K(275904K), 0.0015530 secs] 790699K->545538K(888836K), 0.0015900 secs] [Times: user=0.01 sys=0.00, real=0.00 secs] 
134.721: Total time for which application threads were stopped: 0.0058110 seconds, Stopping threads took: 0.0038200 seconds
134.777: Application time: 0.0561900 seconds
134.778: [GC134.778: [ParNew: 246877K->1496K(275904K), 0.0016050 secs] 790786K->545486K(888836K), 0.0016410 secs] [Times: user=0.01 sys=0.00, real=0.01 secs] 
134.780: Total time for which application threads were stopped: 0.0021050 seconds, Stopping threads took: 0.0000650 seconds
134.835: Application time: 0.0557770 seconds
134.836: [GC134.836: [ParNew: 246744K->1345K(275904K), 0.0015470 secs] 790734K->545630K(888836K), 0.0015810 secs] [Times: user=0.01 sys=0.00, real=0.00 secs] 
134.837: Total time for which application threads were stopped: 0.0020260 seconds, Stopping threads took: 0.0000470 seconds
134.895: Application time: 0.0572900 seconds
134.895: [GC134.895: [ParNew: 246593K->1018K(275904K), 0.0016610 secs] 790878K->545374K(888836K), 0.0016940 secs] [Times: user=0.01 sys=0.00, real=0.00 secs] 
134.897: Total time for which application threads were stopped: 0.0021570 seconds, Stopping threads took: 0.0000630 seconds
134.953: Application time: 0.0564560 seconds
134.954: [GC134.954: [ParNew: 246266K->1263K(275904K), 0.0015940 secs] 790622K->545683K(888836K), 0.0016300 secs] [Times: user=0.01 sys=0.00, real=0.00 secs] 
134.955: Total time for which application threads were stopped: 0.0020890 seconds, Stopping threads took: 0.0000670 seconds
135.012: Application time: 0.0562800 seconds
135.012: [GC135.012: [ParNew: 246511K->1190K(275904K), 0.0016110 secs] 790931K->545658K(888836K), 0.0016440 secs] [Times: user=0.01 sys=0.00, real=0.00 secs] 
135.014: Total time for which application threads were stopped: 0.0021120 seconds, Stopping threads took: 0.0000650 seconds
135.069: Application time: 0.0551460 seconds
135.069: [GC135.069: [ParNew: 246438K->1340K(275904K), 0.0015970 secs] 790906K->545916K(888836K), 0.0016320 secs] [Times: user=0.01 sys=0.00, real=0.00 secs] 
135.071: Total time for which application threads were stopped: 0.0020860 seconds, Stopping threads took: 0.0000570 seconds
135.126: Application time: 0.0552530 seconds
135.127: [GC135.127: [ParNew: 246588K->1329K(275904K), 0.0016140 secs] 791164K->545962K(888836K), 0.0016500 secs] [Times: user=0.02 sys=0.00, real=0.01 secs] 
135.128: Total time for which application threads were stopped: 0.0020870 seconds, Stopping threads took: 0.0000610 seconds
135.184: Application time: 0.0552290 seconds
135.184: [GC135.184: [ParNew: 246577K->1372K(275904K), 0.0015520 secs] 791210K->546052K(888836K), 0.0015890 secs] [Times: user=0.02 sys=0.00, real=0.00 secs] 
135.186: Total time for which application threads were stopped: 0.0020470 seconds, Stopping threads took: 0.0000450 seconds
135.242: Application time: 0.0562830 seconds
135.242: [GC135.242: [ParNew: 246620K->1319K(275904K), 0.0015040 secs] 791300K->546047K(888836K), 0.0015420 secs] [Times: user=0.02 sys=0.00, real=0.00 secs] 
135.244: Total time for which application threads were stopped: 0.0019850 seconds, Stopping threads took: 0.0000450 seconds
135.299: Application time: 0.0550090 seconds
135.299: [GC135.299: [ParNew: 246567K->1516K(275904K), 0.0014970 secs] 791295K->546284K(888836K), 0.0015340 secs] [Times: user=0.01 sys=0.00, real=0.00 secs] 
135.301: Total time for which application threads were stopped: 0.0020040 seconds, Stopping threads took: 0.0000550 seconds
135.356: Application time: 0.0547730 seconds
135.356: [GC135.356: [ParNew: 246764K->1370K(275904K), 0.0016930 secs] 791532K->546194K(888836K), 0.0017280 secs] [Times: user=0.01 sys=0.00, real=0.00 secs] 
135.358: Total time for which application threads were stopped: 0.0021910 seconds, Stopping threads took: 0.0000510 seconds
135.413: Application time: 0.0547340 seconds
135.413: [GC135.413: [ParNew: 246618K->1599K(275904K), 0.0015260 secs] 791442K->546480K(888836K), 0.0015640 secs] [Times: user=0.01 sys=0.00, real=0.00 secs] 
135.415: Total time for which application threads were stopped: 0.0020210 seconds, Stopping threads took: 0.0000550 seconds
135.470: Application time: 0.0548910 seconds
135.470: [GC135.470: [ParNew: 246847K->1564K(275904K), 0.0015800 secs] 791728K->546500K(888836K), 0.0016160 secs] [Times: user=0.02 sys=0.00, real=0.00 secs] 
135.472: Total time for which application threads were stopped: 0.0020740 seconds, Stopping threads took: 0.0000540 seconds
135.527: Application time: 0.0552070 seconds
135.527: [GC135.527: [ParNew: 246812K->1524K(275904K), 0.0015660 secs] 791748K->546527K(888836K), 0.0016030 secs] [Times: user=0.01 sys=0.00, real=0.00 secs] 
135.529: Total time for which application threads were stopped: 0.0020700 seconds, Stopping threads took: 0.0000540 seconds
135.584: Application time: 0.0552480 seconds
135.585: [GC135.585: [ParNew: 246772K->1610K(275904K), 0.0015340 secs] 791775K->546678K(888836K), 0.0015700 secs] [Times: user=0.01 sys=0.00, real=0.00 secs] 
135.586: Total time for which application threads were stopped: 0.0020240 seconds, Stopping threads took: 0.0000490 seconds
135.642: Application time: 0.0558520 seconds
135.642: [GC135.642: [ParNew: 246858K->1685K(275904K), 0.0016040 secs] 791926K->546871K(888836K), 0.0016380 secs] [Times: user=0.01 sys=0.00, real=0.00 secs] 
135.644: Total time for which application threads were stopped: 0.0020920 seconds, Stopping threads took: 0.0000500 seconds
135.702: Application time: 0.0574710 seconds
135.704: [GC135.704: [ParNew: 246933K->1422K(275904K), 0.0016420 secs] 792119K->546717K(888836K), 0.0016790 secs] [Times: user=0.02 sys=0.00, real=0.00 secs] 
135.705: Total time for which application threads were stopped: 0.0037640 seconds, Stopping threads took: 0.0016710 seconds
135.749: Application time: 0.0439210 seconds
135.750: Total time for which application threads were stopped: 0.0004100 seconds, Stopping threads took: 0.0000830 seconds
135.762: Application time: 0.0125070 seconds
135.763: [GC135.763: [ParNew: 246670K->1505K(275904K), 0.0016330 secs] 791965K->546939K(888836K), 0.0016710 secs] [Times: user=0.01 sys=0.00, real=0.00 secs] 
135.764: Total time for which application threads were stopped: 0.0021100 seconds, Stopping threads took: 0.0000540 seconds
135.821: Application time: 0.0562820 seconds
135.821: [GC135.821: [ParNew: 246753K->1179K(275904K), 0.0016050 secs] 792187K->546762K(888836K), 0.0016390 secs] [Times: user=0.01 sys=0.00, real=0.00 secs] 
135.823: Total time for which application threads were stopped: 0.0021100 seconds, Stopping threads took: 0.0000750 seconds
135.879: Application time: 0.0560930 seconds
135.883: [GC135.883: [ParNew: 246427K->1478K(275904K), 0.0016520 secs] 792010K->547119K(888836K), 0.0016850 secs] [Times: user=0.01 sys=0.00, real=0.00 secs] 
135.885: Total time for which application threads were stopped: 0.0059930 seconds, Stopping threads took: 0.0039170 seconds
135.941: Application time: 0.0559110 seconds
135.944: [GC135.944: [ParNew: 246726K->1179K(275904K), 0.0015750 secs] 792367K->546885K(888836K), 0.0016090 secs] [Times: user=0.01 sys=0.00, real=0.00 secs] 
135.945: Total time for which application threads were stopped: 0.0046380 seconds, Stopping threads took: 0.0026200 seconds
136.001: Application time: 0.0553110 seconds
136.001: [GC136.001: [ParNew: 246427K->1318K(275904K), 0.0015110 secs] 792133K->547088K(888836K), 0.0015480 secs] [Times: user=0.01 sys=0.00, real=0.00 secs] 
136.003: Total time for which application threads were stopped: 0.0020000 seconds, Stopping threads took: 0.0000530 seconds
136.058: Application time: 0.0551560 seconds
136.058: [GC136.058: [ParNew: 246566K->1305K(275904K), 0.0015860 secs] 792336K->547179K(888836K), 0.0016240 secs] [Times: user=0.01 sys=0.00, real=0.01 secs] 
136.060: Total time for which application threads were stopped: 0.0020820 seconds, Stopping threads took: 0.0000540 seconds
136.116: Application time: 0.0555720 seconds
136.120: [GC136.120: [ParNew: 246553K->1426K(275904K), 0.0015260 secs] 792427K->547364K(888836K), 0.0015620 secs] [Times: user=0.01 sys=0.00, real=0.00 secs] 
136.121: Total time for which application threads were stopped: 0.0056960 seconds, Stopping threads took: 0.0037440 seconds
136.176: Application time: 0.0552700 seconds
136.177: [GC136.177: [ParNew: 246674K->1471K(275904K), 0.0015050 secs] 792612K->547472K(888836K), 0.0015420 secs] [Times: user=0.01 sys=0.00, real=0.00 secs] 
136.178: Total time for which application threads were stopped: 0.0019950 seconds, Stopping threads took: 0.0000560 seconds
136.234: Application time: 0.0557160 seconds
136.235: [GC136.235: [ParNew: 246719K->1388K(275904K), 0.0017620 secs] 792720K->547430K(888836K), 0.0018000 secs] [Times: user=0.01 sys=0.00, real=0.00 secs] 
136.236: Total time for which application threads were stopped: 0.0022750 seconds, Stopping threads took: 0.0000560 seconds
136.291: Application time: 0.0549710 seconds
136.292: [GC136.292: [ParNew: 246636K->1585K(275904K), 0.0015500 secs] 792678K->547691K(888836K), 0.0015890 secs] [Times: user=0.01 sys=0.00, real=0.00 secs] 
136.294: Total time for which application threads were stopped: 0.0020460 seconds, Stopping threads took: 0.0000530 seconds
136.349: Application time: 0.0551430 seconds
136.349: [GC136.349: [ParNew: 246833K->1711K(275904K), 0.0015430 secs] 792939K->547872K(888836K), 0.0015810 secs] [Times: user=0.01 sys=0.00, real=0.00 secs] 
136.351: Total time for which application threads were stopped: 0.0020320 seconds, Stopping threads took: 0.0000490 seconds
136.406: Application time: 0.0551280 seconds
136.406: [GC136.406: [ParNew: 246959K->1548K(275904K), 0.0016780 secs] 793120K->547767K(888836K), 0.0017140 secs] [Times: user=0.01 sys=0.00, real=0.01 secs] 
136.408: Total time for which application threads were stopped: 0.0021630 seconds, Stopping threads took: 0.0000480 seconds
136.464: Application time: 0.0560250 seconds
136.464: [GC136.464: [ParNew: 246796K->1623K(275904K), 0.0015820 secs] 793015K->547898K(888836K), 0.0016190 secs] [Times: user=0.01 sys=0.00, real=0.00 secs] 
136.466: Total time for which application threads were stopped: 0.0020660 seconds, Stopping threads took: 0.0000470 seconds
136.521: Application time: 0.0553340 seconds
136.522: [GC136.522: [ParNew: 246871K->1471K(275904K), 0.0017850 secs] 793146K->547794K(888836K), 0.0018220 secs] [Times: user=0.01 sys=0.00, real=0.00 secs] 
136.524: Total time for which application threads were stopped: 0.0022700 seconds, Stopping threads took: 0.0000480 seconds
136.580: Application time: 0.0561170 seconds
136.584: [GC136.584: [ParNew: 246719K->1576K(275904K), 0.0015530 secs] 793042K->548092K(888836K), 0.0015910 secs] [Times: user=0.02 sys=0.00, real=0.00 secs] 
136.585: Total time for which application threads were stopped: 0.0054340 seconds, Stopping threads took: 0.0034560 seconds
136.641: Application time: 0.0553850 seconds
136.641: [GC136.641: [ParNew: 246824K->1403K(275904K), 0.0016080 secs] 793340K->548072K(888836K), 0.0016450 secs] [Times: user=0.02 sys=0.00, real=0.00 secs] 
136.643: Total time for which application threads were stopped: 0.0020860 seconds, Stopping threads took: 0.0000460 seconds
136.699: Application time: 0.0563710 seconds
136.704: [GC136.704: [ParNew: 246651K->1288K(275904K), 0.0016910 secs] 793320K->548081K(888836K), 0.0017270 secs] [Times: user=0.01 sys=0.00, real=0.00 secs] 
136.705: Total time for which application threads were stopped: 0.0062400 seconds, Stopping threads took: 0.0041500 seconds
136.762: Application time: 0.0571550 seconds
136.763: [GC136.763: [ParNew: 246536K->1125K(275904K), 0.0016220 secs] 793329K->548067K(888836K), 0.0016600 secs] [Times: user=0.01 sys=0.00, real=0.00 secs] 
136.765: Total time for which application threads were stopped: 0.0021130 seconds, Stopping threads took: 0.0000750 seconds
136.822: Application time: 0.0570910 seconds
136.822: [GC136.822: [ParNew: 246373K->1000K(275904K), 0.0016960 secs] 793315K->548000K(888836K), 0.0017410 secs] [Times: user=0.01 sys=0.00, real=0.00 secs] 
136.824: Total time for which application threads were stopped: 0.0021790 seconds, Stopping threads took: 0.0000800 seconds
136.881: Application time: 0.0570030 seconds
136.881: [GC136.881: [ParNew: 246248K->1192K(275904K), 0.0016260 secs] 793248K->548256K(888836K), 0.0016620 secs] [Times: user=0.01 sys=0.00, real=0.00 secs] 
136.883: Total time for which application threads were stopped: 0.0020890 seconds, Stopping threads took: 0.0000740 seconds
136.939: Application time: 0.0560020 seconds
136.939: [GC136.939: [ParNew: 246440K->1344K(275904K), 0.0017580 secs] 793504K->548448K(888836K), 0.0017940 secs] [Times: user=0.01 sys=0.01, real=0.00 secs] 
136.941: Total time for which application threads were stopped: 0.0022540 seconds, Stopping threads took: 0.0000540 seconds
136.997: Application time: 0.0556080 seconds
136.997: [GC136.997: [ParNew: 246592K->1164K(275904K), 0.0016320 secs] 793696K->548352K(888836K), 0.0016690 secs] [Times: user=0.01 sys=0.00, real=0.00 secs] 
136.999: Total time for which application threads were stopped: 0.0021210 seconds, Stopping threads took: 0.0000580 seconds
137.054: Application time: 0.0554170 seconds
137.055: [GC137.055: [ParNew: 246412K->1170K(275904K), 0.0014970 secs] 793600K->548422K(888836K), 0.0015340 secs] [Times: user=0.01 sys=0.00, real=0.00 secs] 
137.056: Total time for which application threads were stopped: 0.0019950 seconds, Stopping threads took: 0.0000630 seconds
137.112: Application time: 0.0557520 seconds
137.113: [GC137.113: [ParNew: 246418K->1313K(275904K), 0.0014850 secs] 793670K->548629K(888836K), 0.0015200 secs] [Times: user=0.01 sys=0.00, real=0.00 secs] 
137.114: Total time for which application threads were stopped: 0.0019630 seconds, Stopping threads took: 0.0000470 seconds
137.170: Application time: 0.0554180 seconds
137.170: [GC137.170: [ParNew: 246561K->1477K(275904K), 0.0015350 secs] 793877K->548849K(888836K), 0.0015710 secs] [Times: user=0.01 sys=0.00, real=0.00 secs] 
137.172: Total time for which application threads were stopped: 0.0020160 seconds, Stopping threads took: 0.0000520 seconds
137.228: Application time: 0.0563890 seconds
137.228: [GC137.228: [ParNew: 246725K->1584K(275904K), 0.0015300 secs] 794097K->549020K(888836K), 0.0015670 secs] [Times: user=0.01 sys=0.00, real=0.00 secs] 
137.230: Total time for which application threads were stopped: 0.0020140 seconds, Stopping threads took: 0.0000500 seconds
137.285: Application time: 0.0554200 seconds
137.286: [GC137.286: [ParNew: 246832K->1121K(275904K), 0.0017660 secs] 794268K->548597K(888836K), 0.0018040 secs] [Times: user=0.01 sys=0.00, real=0.01 secs] 
137.288: Total time for which application threads were stopped: 0.0022720 seconds, Stopping threads took: 0.0000540 seconds
137.343: Application time: 0.0553980 seconds
137.344: [GC137.344: [ParNew: 246369K->1358K(275904K), 0.0017920 secs] 793845K->548882K(888836K), 0.0018280 secs] [Times: user=0.01 sys=0.00, real=0.00 secs] 
137.345: Total time for which application threads were stopped: 0.0023150 seconds, Stopping threads took: 0.0000880 seconds
137.401: Application time: 0.0553240 seconds
137.401: [GC137.401: [ParNew: 246606K->1353K(275904K), 0.0016550 secs] 794130K->548925K(888836K), 0.0016920 secs] [Times: user=0.01 sys=0.00, real=0.00 secs] 
137.403: Total time for which application threads were stopped: 0.0021550 seconds, Stopping threads took: 0.0000750 seconds
137.458: Application time: 0.0554360 seconds
137.459: [GC137.459: [ParNew: 246601K->1605K(275904K), 0.0015560 secs] 794173K->549285K(888836K), 0.0015950 secs] [Times: user=0.01 sys=0.00, real=0.01 secs] 
137.460: Total time for which application threads were stopped: 0.0020540 seconds, Stopping threads took: 0.0000660 seconds
137.517: Application time: 0.0564580 seconds
137.517: [GC137.517: [ParNew: 246853K->1586K(275904K), 0.0016450 secs] 794533K->549330K(888836K), 0.0016810 secs] [Times: user=0.01 sys=0.00, real=0.00 secs] 
137.519: Total time for which application threads were stopped: 0.0021590 seconds, Stopping threads took: 0.0000780 seconds
137.575: Application time: 0.0561500 seconds
137.576: [GC137.576: [ParNew: 246834K->1396K(275904K), 0.0015740 secs] 794578K->549312K(888836K), 0.0016110 secs] [Times: user=0.01 sys=0.00, real=0.00 secs] 
137.577: Total time for which application threads were stopped: 0.0020710 seconds, Stopping threads took: 0.0000530 seconds
137.634: Application time: 0.0563130 seconds
137.634: [GC137.634: [ParNew: 246644K->1180K(275904K), 0.0017200 secs] 794560K->549200K(888836K), 0.0017540 secs] [Times: user=0.01 sys=0.00, real=0.00 secs] 
137.636: Total time for which application threads were stopped: 0.0022190 seconds, Stopping threads took: 0.0000650 seconds
137.693: Application time: 0.0570670 seconds
137.693: [GC137.693: [ParNew: 246428K->1296K(275904K), 0.0016310 secs] 794448K->549380K(888836K), 0.0016670 secs] [Times: user=0.01 sys=0.00, real=0.00 secs] 
137.695: Total time for which application threads were stopped: 0.0020950 seconds, Stopping threads took: 0.0000690 seconds
137.752: Application time: 0.0570620 seconds
137.752: [GC137.752: [ParNew: 246544K->1120K(275904K), 0.0018030 secs] 794628K->549349K(888836K), 0.0018370 secs] [Times: user=0.01 sys=0.00, real=0.00 secs] 
137.754: Total time for which application threads were stopped: 0.0023240 seconds, Stopping threads took: 0.0000930 seconds
137.811: Application time: 0.0571260 seconds
137.812: [GC137.812: [ParNew: 246368K->1352K(275904K), 0.0016100 secs] 794597K->549645K(888836K), 0.0016440 secs] [Times: user=0.01 sys=0.00, real=0.00 secs] 
137.814: Total time for which application threads were stopped: 0.0021450 seconds, Stopping threads took: 0.0000810 seconds
137.870: Application time: 0.0561690 seconds
137.870: [GC137.870: [ParNew: 246600K->1464K(275904K), 0.0015650 secs] 794893K->549822K(888836K), 0.0016020 secs] [Times: user=0.01 sys=0.00, real=0.00 secs] 
137.872: Total time for which application threads were stopped: 0.0020750 seconds, Stopping threads took: 0.0000780 seconds
137.927: Application time: 0.0554110 seconds
137.928: [GC137.928: [ParNew: 246712K->1173K(275904K), 0.0015340 secs] 795070K->549594K(888836K), 0.0015720 secs] [Times: user=0.01 sys=0.00, real=0.00 secs] 
137.929: Total time for which application threads were stopped: 0.0020560 seconds, Stopping threads took: 0.0000910 seconds
137.985: Application time: 0.0556240 seconds
137.985: [GC137.985: [ParNew: 246421K->1325K(275904K), 0.0015710 secs] 794842K->549855K(888836K), 0.0016090 secs] [Times: user=0.01 sys=0.00, real=0.00 secs] 
137.987: Total time for which application threads were stopped: 0.0020530 seconds, Stopping threads took: 0.0000510 seconds
138.043: Application time: 0.0559990 seconds
138.043: [GC138.043: [ParNew: 246573K->1433K(275904K), 0.0015600 secs] 795103K->550018K(888836K), 0.0015970 secs] [Times: user=0.01 sys=0.00, real=0.00 secs] 
138.045: Total time for which application threads were stopped: 0.0020540 seconds, Stopping threads took: 0.0000600 seconds
138.101: Application time: 0.0556190 seconds
138.101: [GC138.101: [ParNew: 246681K->1551K(275904K), 0.0015600 secs] 795266K->550192K(888836K), 0.0015970 secs] [Times: user=0.02 sys=0.00, real=0.00 secs] 
138.103: Total time for which application threads were stopped: 0.0020420 seconds, Stopping threads took: 0.0000510 seconds
138.158: Application time: 0.0556320 seconds
138.159: [GC138.159: [ParNew: 246799K->1401K(275904K), 0.0017110 secs] 795440K->550099K(888836K), 0.0017480 secs] [Times: user=0.01 sys=0.00, real=0.01 secs] 
138.161: Total time for which application threads were stopped: 0.0022180 seconds, Stopping threads took: 0.0000790 seconds
138.217: Application time: 0.0563590 seconds
138.217: [GC138.217: [ParNew: 246649K->1664K(275904K), 0.0015450 secs] 795347K->550428K(888836K), 0.0015810 secs] [Times: user=0.02 sys=0.00, real=0.00 secs] 
138.219: Total time for which application threads were stopped: 0.0020270 seconds, Stopping threads took: 0.0000570 seconds
138.274: Application time: 0.0551250 seconds
138.275: [GC138.275: [ParNew: 246912K->1259K(275904K), 0.0015850 secs] 795676K->550078K(888836K), 0.0016330 secs] [Times: user=0.01 sys=0.00, real=0.00 secs] 
138.276: Total time for which application threads were stopped: 0.0020870 seconds, Stopping threads took: 0.0000600 seconds
138.332: Application time: 0.0555170 seconds
138.332: [GC138.332: [ParNew: 246507K->1554K(275904K), 0.0016430 secs] 795326K->550430K(888836K), 0.0016790 secs] [Times: user=0.01 sys=0.00, real=0.00 secs] 
138.334: Total time for which application threads were stopped: 0.0021590 seconds, Stopping threads took: 0.0000670 seconds
138.390: Application time: 0.0558530 seconds
138.390: [GC138.390: [ParNew: 246802K->1660K(275904K), 0.0015840 secs] 795678K->550599K(888836K), 0.0016210 secs] [Times: user=0.01 sys=0.00, real=0.00 secs] 
138.392: Total time for which application threads were stopped: 0.0020930 seconds, Stopping threads took: 0.0000830 seconds
138.448: Application time: 0.0557800 seconds
138.448: [GC138.448: [ParNew: 246908K->1259K(275904K), 0.0016020 secs] 795847K->550303K(888836K), 0.0016400 secs] [Times: user=0.01 sys=0.00, real=0.00 secs] 
138.450: Total time for which application threads were stopped: 0.0021140 seconds, Stopping threads took: 0.0000840 seconds
138.506: Application time: 0.0563910 seconds
138.507: [GC138.507: [ParNew: 246507K->1258K(275904K), 0.0016300 secs] 795551K->550418K(888836K), 0.0016680 secs] [Times: user=0.01 sys=0.00, real=0.01 secs] 
138.508: Total time for which application threads were stopped: 0.0021180 seconds, Stopping threads took: 0.0000510 seconds
138.565: Application time: 0.0563880 seconds
138.565: [GC138.565: [ParNew: 246506K->1285K(275904K), 0.0016340 secs] 795666K->550552K(888836K), 0.0016700 secs] [Times: user=0.01 sys=0.00, real=0.00 secs] 
138.567: Total time for which application threads were stopped: 0.0021230 seconds, Stopping threads took: 0.0000540 seconds
138.623: Application time: 0.0562880 seconds
138.623: [GC138.623: [ParNew: 246533K->1269K(275904K), 0.0017500 secs] 795800K->550600K(888836K), 0.0017870 secs] [Times: user=0.02 sys=0.00, real=0.00 secs] 
138.625: Total time for which application threads were stopped: 0.0022110 seconds, Stopping threads took: 0.0000570 seconds
138.683: Application time: 0.0577410 seconds
138.683: [GC138.683: [ParNew: 246517K->1409K(275904K), 0.0017210 secs] 795848K->550840K(888836K), 0.0017600 secs] [Times: user=0.02 sys=0.00, real=0.00 secs] 
138.685: Total time for which application threads were stopped: 0.0022240 seconds, Stopping threads took: 0.0001040 seconds
138.742: Application time: 0.0563480 seconds
138.742: [GC138.742: [ParNew: 246657K->1247K(275904K), 0.0017130 secs] 796088K->550781K(888836K), 0.0017510 secs] [Times: user=0.02 sys=0.00, real=0.00 secs] 
138.744: Total time for which application threads were stopped: 0.0021820 seconds, Stopping threads took: 0.0000780 seconds
138.793: Application time: 0.0494190 seconds
138.794: Total time for which application threads were stopped: 0.0005330 seconds, Stopping threads took: 0.0000680 seconds
138.801: Application time: 0.0069660 seconds
138.801: [GC138.801: [ParNew: 246495K->1378K(275904K), 0.0015910 secs] 796029K->550977K(888836K), 0.0016270 secs] [Times: user=0.01 sys=0.00, real=0.00 secs] 
138.803: Total time for which application threads were stopped: 0.0021170 seconds, Stopping threads took: 0.0001090 seconds
138.858: Application time: 0.0552580 seconds
138.859: [GC138.859: [ParNew: 246626K->1402K(275904K), 0.0015480 secs] 796225K->551065K(888836K), 0.0015860 secs] [Times: user=0.01 sys=0.00, real=0.01 secs] 
138.860: Total time for which application threads were stopped: 0.0020690 seconds, Stopping threads took: 0.0000720 seconds
138.916: Application time: 0.0554870 seconds
138.916: [GC138.916: [ParNew: 246650K->1357K(275904K), 0.0015760 secs] 796313K->551132K(888836K), 0.0016140 secs] [Times: user=0.01 sys=0.00, real=0.00 secs] 
138.918: Total time for which application threads were stopped: 0.0020590 seconds, Stopping threads took: 0.0000520 seconds
138.973: Application time: 0.0554870 seconds
138.974: [GC138.974: [ParNew: 246605K->1408K(275904K), 0.0015650 secs] 796380K->551247K(888836K), 0.0016220 secs] [Times: user=0.00 sys=0.00, real=0.00 secs] 
138.975: Total time for which application threads were stopped: 0.0020750 seconds, Stopping threads took: 0.0000640 seconds
138.995: Application time: 0.0199150 seconds
138.996: Total time for which application threads were stopped: 0.0004250 seconds, Stopping threads took: 0.0000640 seconds
139.032: Application time: 0.0361390 seconds
139.032: [GC139.032: [ParNew: 246656K->1401K(275904K), 0.0015880 secs] 796495K->551295K(888836K), 0.0016240 secs] [Times: user=0.01 sys=0.00, real=0.00 secs] 
139.034: Total time for which application threads were stopped: 0.0020760 seconds, Stopping threads took: 0.0000630 seconds
139.090: Application time: 0.0557710 seconds
139.090: [GC139.090: [ParNew: 246649K->1446K(275904K), 0.0015860 secs] 796543K->551397K(888836K), 0.0016260 secs] [Times: user=0.02 sys=0.00, real=0.00 secs] 
139.092: Total time for which application threads were stopped: 0.0020710 seconds, Stopping threads took: 0.0000520 seconds
139.147: Application time: 0.0555170 seconds
139.148: [GC139.148: [ParNew: 246694K->1833K(275904K), 0.0015680 secs] 796645K->551847K(888836K), 0.0016060 secs] [Times: user=0.01 sys=0.00, real=0.00 secs] 
139.149: Total time for which application threads were stopped: 0.0020690 seconds, Stopping threads took: 0.0000700 seconds
139.205: Application time: 0.0559740 seconds
139.206: [GC139.206: [ParNew: 247081K->1423K(275904K), 0.0015930 secs] 797095K->551501K(888836K), 0.0016310 secs] [Times: user=0.01 sys=0.00, real=0.01 secs] 
139.207: Total time for which application threads were stopped: 0.0020820 seconds, Stopping threads took: 0.0000560 seconds
139.263: Application time: 0.0552400 seconds
139.263: [GC139.263: [ParNew: 246671K->1509K(275904K), 0.0016100 secs] 796749K->551695K(888836K), 0.0016480 secs] [Times: user=0.01 sys=0.00, real=0.00 secs] 
139.265: Total time for which application threads were stopped: 0.0021020 seconds, Stopping threads took: 0.0000600 seconds
139.321: Application time: 0.0563540 seconds
139.321: [GC139.321: [ParNew: 246757K->1746K(275904K), 0.0016190 secs] 796943K->551989K(888836K), 0.0016560 secs] [Times: user=0.02 sys=0.00, real=0.00 secs] 
139.323: Total time for which application threads were stopped: 0.0021050 seconds, Stopping threads took: 0.0000530 seconds
139.379: Application time: 0.0559520 seconds
139.380: [GC139.380: [ParNew: 246994K->1565K(275904K), 0.0015950 secs] 797237K->551921K(888836K), 0.0016310 secs] [Times: user=0.01 sys=0.00, real=0.00 secs] 
139.381: Total time for which application threads were stopped: 0.0020940 seconds, Stopping threads took: 0.0000450 seconds
139.438: Application time: 0.0563280 seconds
139.438: [GC139.438: [ParNew: 246813K->1315K(275904K), 0.0017220 secs] 797169K->551736K(888836K), 0.0017570 secs] [Times: user=0.01 sys=0.00, real=0.01 secs] 
139.440: Total time for which application threads were stopped: 0.0022100 seconds, Stopping threads took: 0.0000630 seconds
139.496: Application time: 0.0567700 seconds
139.497: [GC139.497: [ParNew: 246563K->1422K(275904K), 0.0017600 secs] 796984K->551902K(888836K), 0.0017930 secs] [Times: user=0.01 sys=0.00, real=0.00 secs] 
139.499: Total time for which application threads were stopped: 0.0022480 seconds, Stopping threads took: 0.0000570 seconds
139.556: Application time: 0.0572170 seconds
139.556: [GC139.556: [ParNew: 246670K->1149K(275904K), 0.0018020 secs] 797150K->551829K(888836K), 0.0018330 secs] [Times: user=0.01 sys=0.00, real=0.00 secs] 
139.558: Total time for which application threads were stopped: 0.0022900 seconds, Stopping threads took: 0.0000580 seconds
139.616: Application time: 0.0577940 seconds
139.617: [GC139.617: [ParNew: 246397K->1182K(275904K), 0.0018220 secs] 797077K->551909K(888836K), 0.0018540 secs] [Times: user=0.01 sys=0.00, real=0.00 secs] 
139.618: Total time for which application threads were stopped: 0.0023180 seconds, Stopping threads took: 0.0000710 seconds
139.676: Application time: 0.0574310 seconds
139.676: [GC139.676: [ParNew: 246430K->1215K(275904K), 0.0018410 secs] 797157K->552092K(888836K), 0.0018870 secs] [Times: user=0.01 sys=0.00, real=0.00 secs] 
139.678: Total time for which application threads were stopped: 0.0022940 seconds, Stopping threads took: 0.0000540 seconds
139.734: Application time: 0.0557350 seconds
139.734: [GC139.734: [ParNew: 246463K->1456K(275904K), 0.0015120 secs] 797340K->552400K(888836K), 0.0015520 secs] [Times: user=0.01 sys=0.00, real=0.00 secs] 
139.736: Total time for which application threads were stopped: 0.0020050 seconds, Stopping threads took: 0.0000630 seconds
139.792: Application time: 0.0557340 seconds
139.792: [GC139.792: [ParNew: 246704K->1050K(275904K), 0.0015350 secs] 797648K->552050K(888836K), 0.0015710 secs] [Times: user=0.01 sys=0.00, real=0.00 secs] 
139.794: Total time for which application threads were stopped: 0.0020130 seconds, Stopping threads took: 0.0000580 seconds
139.850: Application time: 0.0559260 seconds
139.850: [GC139.850: [ParNew: 246298K->1346K(275904K), 0.0015410 secs] 797298K->552402K(888836K), 0.0015790 secs] [Times: user=0.01 sys=0.00, real=0.00 secs] 
139.852: Total time for which application threads were stopped: 0.0020410 seconds, Stopping threads took: 0.0000760 seconds
139.908: Application time: 0.0561610 seconds
139.908: [GC139.908: [ParNew: 246594K->1448K(275904K), 0.0015920 secs] 797650K->552600K(888836K), 0.0016300 secs] [Times: user=0.01 sys=0.00, real=0.00 secs] 
139.910: Total time for which application threads were stopped: 0.0021190 seconds, Stopping threads took: 0.0000750 seconds
139.966: Application time: 0.0558820 seconds
139.966: [GC139.966: [ParNew: 246696K->1402K(275904K), 0.0015920 secs] 797848K->552610K(888836K), 0.0016290 secs] [Times: user=0.01 sys=0.00, real=0.01 secs] 
139.968: Total time for which application threads were stopped: 0.0020840 seconds, Stopping threads took: 0.0000610 seconds
140.023: Application time: 0.0553910 seconds
140.024: [GC140.024: [ParNew: 246650K->1427K(275904K), 0.0015170 secs] 797858K->552683K(888836K), 0.0015540 secs] [Times: user=0.01 sys=0.00, real=0.00 secs] 
140.025: Total time for which application threads were stopped: 0.0019970 seconds, Stopping threads took: 0.0000510 seconds
140.081: Application time: 0.0553550 seconds
140.081: [GC140.081: [ParNew: 246675K->1498K(275904K), 0.0015420 secs] 797931K->552802K(888836K), 0.0015790 secs] [Times: user=0.01 sys=0.00, real=0.00 secs] 
140.083: Total time for which application threads were stopped: 0.0020200 seconds, Stopping threads took: 0.0000520 seconds
140.138: Application time: 0.0554470 seconds
140.139: [GC140.139: [ParNew: 246746K->1642K(275904K), 0.0015900 secs] 798050K->553010K(888836K), 0.0016280 secs] [Times: user=0.01 sys=0.00, real=0.01 secs] 
140.140: Total time for which application threads were stopped: 0.0020720 seconds, Stopping threads took: 0.0000490 seconds
140.196: Application time: 0.0555230 seconds
140.196: [GC140.196: [ParNew: 246890K->1351K(275904K), 0.0028960 secs] 798258K->552817K(888836K), 0.0029350 secs] [Times: user=0.02 sys=0.00, real=0.00 secs] 
140.199: Total time for which application threads were stopped: 0.0033840 seconds, Stopping threads took: 0.0000500 seconds
140.256: Application time: 0.0568440 seconds
140.256: [GC140.256: [ParNew: 246599K->1588K(275904K), 0.0015770 secs] 798065K->553142K(888836K), 0.0016150 secs] [Times: user=0.01 sys=0.00, real=0.00 secs] 
140.258: Total time for which application threads were stopped: 0.0020620 seconds, Stopping threads took: 0.0000510 seconds
140.314: Application time: 0.0559830 seconds
140.314: [GC140.314: [ParNew: 246836K->1205K(275904K), 0.0016140 secs] 798390K->552884K(888836K), 0.0016520 secs] [Times: user=0.01 sys=0.00, real=0.00 secs] 
140.316: Total time for which application threads were stopped: 0.0021160 seconds, Stopping threads took: 0.0000720 seconds
140.372: Application time: 0.0557400 seconds
140.372: [GC140.372: [ParNew: 246453K->1424K(275904K), 0.0015640 secs] 798132K->553161K(888836K), 0.0016060 secs] [Times: user=0.01 sys=0.00, real=0.00 secs] 
140.374: Total time for which application threads were stopped: 0.0020430 seconds, Stopping threads took: 0.0000440 seconds
140.430: Application time: 0.0558400 seconds
140.430: [GC140.430: [ParNew: 246672K->1404K(275904K), 0.0016830 secs] 798409K->553206K(888836K), 0.0017190 secs] [Times: user=0.01 sys=0.00, real=0.00 secs] 
140.432: Total time for which application threads were stopped: 0.0021940 seconds, Stopping threads took: 0.0000590 seconds
140.488: Application time: 0.0563630 seconds
140.489: [GC140.489: [ParNew: 246652K->1290K(275904K), 0.0016480 secs] 798454K->553197K(888836K), 0.0016850 secs] [Times: user=0.01 sys=0.00, real=0.00 secs] 
140.490: Total time for which application threads were stopped: 0.0021710 seconds, Stopping threads took: 0.0000890 seconds
140.548: Application time: 0.0570960 seconds
140.548: [GC140.548: [ParNew: 246538K->1305K(275904K), 0.0017660 secs] 798445K->553275K(888836K), 0.0017990 secs] [Times: user=0.01 sys=0.00, real=0.00 secs] 
140.550: Total time for which application threads were stopped: 0.0022710 seconds, Stopping threads took: 0.0000740 seconds
140.607: Application time: 0.0574380 seconds
140.608: [GC140.608: [ParNew: 246553K->1347K(275904K), 0.0016650 secs] 798523K->553425K(888836K), 0.0017000 secs] [Times: user=0.01 sys=0.00, real=0.00 secs] 
140.609: Total time for which application threads were stopped: 0.0021660 seconds, Stopping threads took: 0.0000750 seconds
140.665: Application time: 0.0557020 seconds
140.666: [GC140.666: [ParNew: 246595K->1322K(275904K), 0.0014980 secs] 798673K->553506K(888836K), 0.0015300 secs] [Times: user=0.01 sys=0.00, real=0.00 secs] 
140.667: Total time for which application threads were stopped: 0.0019810 seconds, Stopping threads took: 0.0000630 seconds
140.722: Application time: 0.0553750 seconds
140.723: [GC140.723: [ParNew: 246570K->1202K(275904K), 0.0017130 secs] 798754K->553442K(888836K), 0.0017510 secs] [Times: user=0.01 sys=0.00, real=0.00 secs] 
140.725: Total time for which application threads were stopped: 0.0021970 seconds, Stopping threads took: 0.0000540 seconds
140.781: Application time: 0.0558600 seconds
140.781: [GC140.781: [ParNew: 246450K->1501K(275904K), 0.0015230 secs] 798690K->553805K(888836K), 0.0015590 secs] [Times: user=0.01 sys=0.00, real=0.00 secs] 
140.783: Total time for which application threads were stopped: 0.0019980 seconds, Stopping threads took: 0.0000470 seconds
140.838: Application time: 0.0554920 seconds
140.838: [GC140.838: [ParNew: 246749K->1477K(275904K), 0.0015230 secs] 799053K->553889K(888836K), 0.0015610 secs] [Times: user=0.01 sys=0.00, real=0.01 secs] 
140.840: Total time for which application threads were stopped: 0.0020040 seconds, Stopping threads took: 0.0000530 seconds
140.895: Application time: 0.0551970 seconds
140.896: [GC140.896: [ParNew: 246725K->1465K(275904K), 0.0015360 secs] 799137K->553949K(888836K), 0.0015730 secs] [Times: user=0.01 sys=0.00, real=0.00 secs] 
140.897: Total time for which application threads were stopped: 0.0020250 seconds, Stopping threads took: 0.0000590 seconds
140.953: Application time: 0.0556620 seconds
140.953: [GC140.953: [ParNew: 246713K->1444K(275904K), 0.0015780 secs] 799197K->553993K(888836K), 0.0016140 secs] [Times: user=0.02 sys=0.00, real=0.00 secs] 
140.955: Total time for which application threads were stopped: 0.0020750 seconds, Stopping threads took: 0.0000490 seconds
141.010: Application time: 0.0554350 seconds
141.011: [GC141.011: [ParNew: 246692K->1391K(275904K), 0.0015900 secs] 799241K->554003K(888836K), 0.0016270 secs] [Times: user=0.02 sys=0.00, real=0.00 secs] 
141.013: Total time for which application threads were stopped: 0.0020730 seconds, Stopping threads took: 0.0000560 seconds
141.068: Application time: 0.0552610 seconds
141.068: [GC141.068: [ParNew: 246639K->1662K(275904K), 0.0015730 secs] 799251K->554340K(888836K), 0.0016100 secs] [Times: user=0.01 sys=0.00, real=0.00 secs] 
141.070: Total time for which application threads were stopped: 0.0020520 seconds, Stopping threads took: 0.0000510 seconds
141.125: Application time: 0.0553360 seconds
141.128: [GC141.128: [ParNew: 246910K->1343K(275904K), 0.0015940 secs] 799588K->554117K(888836K), 0.0016380 secs] [Times: user=0.01 sys=0.00, real=0.00 secs] 
141.129: Total time for which application threads were stopped: 0.0041110 seconds, Stopping threads took: 0.0020760 seconds
141.185: Application time: 0.0556170 seconds
141.185: [GC141.185: [ParNew: 246591K->1239K(275904K), 0.0015750 secs] 799365K->554153K(888836K), 0.0016120 secs] [Times: user=0.01 sys=0.00, real=0.00 secs] 
141.187: Total time for which application threads were stopped: 0.0020930 seconds, Stopping threads took: 0.0000850 seconds
141.244: Application time: 0.0569220 seconds
141.244: [GC141.244: [ParNew: 246487K->1249K(275904K), 0.0015280 secs] 799401K->554243K(888836K), 0.0015650 secs] [Times: user=0.01 sys=0.00, real=0.00 secs] 
141.246: Total time for which application threads were stopped: 0.0020170 seconds, Stopping threads took: 0.0000610 seconds
141.302: Application time: 0.0555620 seconds
141.302: [GC141.302: [ParNew: 246497K->1337K(275904K), 0.0017550 secs] 799491K->554397K(888836K), 0.0017920 secs] [Times: user=0.02 sys=0.00, real=0.00 secs] 
141.304: Total time for which application threads were stopped: 0.0022080 seconds, Stopping threads took: 0.0000580 seconds
141.360: Application time: 0.0564400 seconds
141.361: [GC141.361: [ParNew: 246585K->1211K(275904K), 0.0016660 secs] 799645K->554335K(888836K), 0.0016990 secs] [Times: user=0.01 sys=0.00, real=0.00 secs] 
141.362: Total time for which application threads were stopped: 0.0021510 seconds, Stopping threads took: 0.0000550 seconds
141.419: Application time: 0.0562960 seconds
141.419: [GC141.419: [ParNew: 246459K->1389K(275904K), 0.0016770 secs] 799583K->554579K(888836K), 0.0017150 secs] [Times: user=0.01 sys=0.00, real=0.01 secs] 
141.421: Total time for which application threads were stopped: 0.0021800 seconds, Stopping threads took: 0.0000690 seconds
141.477: Application time: 0.0562470 seconds
141.478: [GC141.478: [ParNew: 246637K->1370K(275904K), 0.0017520 secs] 799827K->554666K(888836K), 0.0017870 secs] [Times: user=0.01 sys=0.01, real=0.01 secs] 
141.479: Total time for which application threads were stopped: 0.0022670 seconds, Stopping threads took: 0.0000670 seconds
141.536: Application time: 0.0561740 seconds
141.536: [GC141.536: [ParNew: 246618K->1358K(275904K), 0.0016440 secs] 799914K->554718K(888836K), 0.0016810 secs] [Times: user=0.01 sys=0.00, real=0.00 secs] 
141.538: Total time for which application threads were stopped: 0.0021520 seconds, Stopping threads took: 0.0000730 seconds
141.593: Application time: 0.0558180 seconds
141.594: [GC141.594: [ParNew: 246606K->1476K(275904K), 0.0016220 secs] 799966K->554941K(888836K), 0.0016610 secs] [Times: user=0.01 sys=0.00, real=0.00 secs] 
141.596: Total time for which application threads were stopped: 0.0021480 seconds, Stopping threads took: 0.0000980 seconds
141.651: Application time: 0.0557000 seconds
141.652: [GC141.652: [ParNew: 246724K->1461K(275904K), 0.0015440 secs] 800189K->555029K(888836K), 0.0015810 secs] [Times: user=0.01 sys=0.00, real=0.00 secs] 
141.653: Total time for which application threads were stopped: 0.0020360 seconds, Stopping threads took: 0.0000590 seconds
141.709: Application time: 0.0558280 seconds
141.712: [GC141.712: [ParNew: 246709K->1455K(275904K), 0.0015330 secs] 800277K->555087K(888836K), 0.0015710 secs] [Times: user=0.01 sys=0.00, real=0.00 secs] 
141.713: Total time for which application threads were stopped: 0.0040090 seconds, Stopping threads took: 0.0020540 seconds
141.770: Application time: 0.0566680 seconds
141.772: [GC141.772: [ParNew: 246703K->1384K(275904K), 0.0015500 secs] 800335K->555080K(888836K), 0.0015880 secs] [Times: user=0.02 sys=0.00, real=0.00 secs] 
141.773: Total time for which application threads were stopped: 0.0033530 seconds, Stopping threads took: 0.0013760 seconds
141.828: Application time: 0.0552310 seconds
141.832: [GC141.832: [ParNew: 246632K->1320K(275904K), 0.0016670 secs] 800328K->555116K(888836K), 0.0017100 secs] [Times: user=0.01 sys=0.00, real=0.00 secs] 
141.833: Total time for which application threads were stopped: 0.0048880 seconds, Stopping threads took: 0.0028090 seconds
141.889: Application time: 0.0557410 seconds
141.890: [GC141.890: [ParNew: 246568K->1300K(275904K), 0.0015760 secs] 800364K->555162K(888836K), 0.0016140 secs] [Times: user=0.02 sys=0.00, real=0.00 secs] 
141.891: Total time for which application threads were stopped: 0.0020620 seconds, Stopping threads took: 0.0000510 seconds
141.946: Application time: 0.0553030 seconds
141.947: [GC141.947: [ParNew: 246548K->1304K(275904K), 0.0015860 secs] 800410K->555238K(888836K), 0.0016230 secs] [Times: user=0.01 sys=0.00, real=0.01 secs] 
141.949: Total time for which application threads were stopped: 0.0020610 seconds, Stopping threads took: 0.0000440 seconds
142.004: Application time: 0.0554310 seconds
142.004: [GC142.004: [ParNew: 246552K->1411K(275904K), 0.0016080 secs] 800486K->555417K(888836K), 0.0016450 secs] [Times: user=0.01 sys=0.00, real=0.00 secs] 
142.006: Total time for which application threads were stopped: 0.0021120 seconds, Stopping threads took: 0.0000540 seconds
142.062: Application time: 0.0563810 seconds
142.063: [GC142.063: [ParNew: 246659K->1371K(275904K), 0.0015510 secs] 800665K->555450K(888836K), 0.0015880 secs] [Times: user=0.01 sys=0.00, real=0.00 secs] 
142.065: Total time for which application threads were stopped: 0.0020410 seconds, Stopping threads took: 0.0000620 seconds
142.120: Application time: 0.0553870 seconds
142.120: [GC142.120: [ParNew: 246619K->1188K(275904K), 0.0017520 secs] 800698K->555393K(888836K), 0.0017870 secs] [Times: user=0.02 sys=0.00, real=0.00 secs] 
142.122: Total time for which application threads were stopped: 0.0022320 seconds, Stopping threads took: 0.0000540 seconds
142.178: Application time: 0.0554670 seconds
142.178: [GC142.178: [ParNew: 246436K->1152K(275904K), 0.0015290 secs] 800641K->555421K(888836K), 0.0015640 secs] [Times: user=0.01 sys=0.00, real=0.01 secs] 
142.180: Total time for which application threads were stopped: 0.0020240 seconds, Stopping threads took: 0.0000640 seconds
142.236: Application time: 0.0560790 seconds
142.236: [GC142.236: [ParNew: 246400K->1448K(275904K), 0.0015300 secs] 800669K->555781K(888836K), 0.0015640 secs] [Times: user=0.01 sys=0.00, real=0.00 secs] 
142.238: Total time for which application threads were stopped: 0.0020130 seconds, Stopping threads took: 0.0000530 seconds
142.294: Application time: 0.0561040 seconds
142.296: [GC142.296: [ParNew: 246696K->1111K(275904K), 0.0018340 secs] 801029K->555492K(888836K), 0.0018670 secs] [Times: user=0.01 sys=0.00, real=0.00 secs] 
142.298: Total time for which application threads were stopped: 0.0036820 seconds, Stopping threads took: 0.0014140 seconds
142.354: Application time: 0.0565660 seconds
142.355: [GC142.355: [ParNew: 246359K->1164K(275904K), 0.0016660 secs] 800740K->555593K(888836K), 0.0017010 secs] [Times: user=0.01 sys=0.00, real=0.00 secs] 
142.356: Total time for which application threads were stopped: 0.0021640 seconds, Stopping threads took: 0.0000640 seconds
142.412: Application time: 0.0555270 seconds
142.412: [GC142.412: [ParNew: 246412K->1403K(275904K), 0.0015880 secs] 800841K->555928K(888836K), 0.0016250 secs] [Times: user=0.02 sys=0.00, real=0.00 secs] 
142.414: Total time for which application threads were stopped: 0.0020860 seconds, Stopping threads took: 0.0000650 seconds
142.469: Application time: 0.0552780 seconds
142.470: [GC142.470: [ParNew: 246651K->1188K(275904K), 0.0017760 secs] 801176K->555769K(888836K), 0.0018140 secs] [Times: user=0.01 sys=0.00, real=0.00 secs] 
142.471: Total time for which application threads were stopped: 0.0022490 seconds, Stopping threads took: 0.0000440 seconds
142.527: Application time: 0.0555100 seconds
142.527: [GC142.527: [ParNew: 246436K->1368K(275904K), 0.0015380 secs] 801017K->556045K(888836K), 0.0015750 secs] [Times: user=0.01 sys=0.00, real=0.00 secs] 
142.529: Total time for which application threads were stopped: 0.0020420 seconds, Stopping threads took: 0.0000490 seconds
142.585: Application time: 0.0555830 seconds
142.585: [GC142.585: [ParNew: 246616K->1419K(275904K), 0.0015150 secs] 801293K->556195K(888836K), 0.0015590 secs] [Times: user=0.01 sys=0.00, real=0.00 secs] 
142.587: Total time for which application threads were stopped: 0.0020250 seconds, Stopping threads took: 0.0000730 seconds
142.642: Application time: 0.0558300 seconds
142.643: [GC142.643: [ParNew: 246667K->1418K(275904K), 0.0015640 secs] 801443K->556243K(888836K), 0.0016010 secs] [Times: user=0.01 sys=0.00, real=0.00 secs] 
142.644: Total time for which application threads were stopped: 0.0020460 seconds, Stopping threads took: 0.0000530 seconds
142.700: Application time: 0.0559490 seconds
142.701: [GC142.701: [ParNew: 246666K->1303K(275904K), 0.0017150 secs] 801491K->556176K(888836K), 0.0017510 secs] [Times: user=0.01 sys=0.00, real=0.00 secs] 
142.703: Total time for which application threads were stopped: 0.0021890 seconds, Stopping threads took: 0.0000430 seconds
142.758: Application time: 0.0556300 seconds
142.760: [GC142.760: [ParNew: 246551K->1354K(275904K), 0.0015210 secs] 801424K->556331K(888836K), 0.0015570 secs] [Times: user=0.02 sys=0.00, real=0.00 secs] 
142.761: Total time for which application threads were stopped: 0.0029630 seconds, Stopping threads took: 0.0010130 seconds
142.817: Application time: 0.0555660 seconds
142.820: [GC142.820: [ParNew: 246602K->1253K(275904K), 0.0015640 secs] 801579K->556294K(888836K), 0.0016000 secs] [Times: user=0.01 sys=0.00, real=0.00 secs] 
142.821: Total time for which application threads were stopped: 0.0044910 seconds, Stopping threads took: 0.0025000 seconds
142.877: Application time: 0.0558260 seconds
142.880: [GC142.880: [ParNew: 246501K->1393K(275904K), 0.0015940 secs] 801542K->556499K(888836K), 0.0016320 secs] [Times: user=0.01 sys=0.01, real=0.00 secs] 
142.881: Total time for which application threads were stopped: 0.0041750 seconds, Stopping threads took: 0.0021510 seconds
142.939: Application time: 0.0577080 seconds
142.939: [GC142.939: [ParNew: 246641K->1354K(275904K), 0.0015760 secs] 801747K->556556K(888836K), 0.0016140 secs] [Times: user=0.01 sys=0.00, real=0.00 secs] 
142.941: Total time for which application threads were stopped: 0.0020850 seconds, Stopping threads took: 0.0000690 seconds
142.997: Application time: 0.0558530 seconds
142.997: [GC142.997: [ParNew: 246602K->1199K(275904K), 0.0016540 secs] 801804K->556534K(888836K), 0.0016910 secs] [Times: user=0.01 sys=0.00, real=0.00 secs] 
142.999: Total time for which application threads were stopped: 0.0021610 seconds, Stopping threads took: 0.0000760 seconds
143.055: Application time: 0.0559250 seconds
143.056: [GC143.056: [ParNew: 246447K->1348K(275904K), 0.0015010 secs] 801782K->556771K(888836K), 0.0015380 secs] [Times: user=0.01 sys=0.00, real=0.00 secs] 
143.057: Total time for which application threads were stopped: 0.0021960 seconds, Stopping threads took: 0.0002420 seconds
143.113: Application time: 0.0552960 seconds
143.113: [GC143.113: [ParNew: 246596K->1370K(275904K), 0.0015130 secs] 802019K->556849K(888836K), 0.0015490 secs] [Times: user=0.01 sys=0.00, real=0.00 secs] 
143.115: Total time for which application threads were stopped: 0.0020160 seconds, Stopping threads took: 0.0000730 seconds
143.170: Application time: 0.0554370 seconds
143.170: [GC143.170: [ParNew: 246618K->1403K(275904K), 0.0015210 secs] 802097K->556945K(888836K), 0.0015570 secs] [Times: user=0.01 sys=0.00, real=0.00 secs] 
143.172: Total time for which application threads were stopped: 0.0020080 seconds, Stopping threads took: 0.0000510 seconds
143.228: Application time: 0.0560410 seconds
143.228: [GC143.228: [ParNew: 246651K->1254K(275904K), 0.0017030 secs] 802193K->556855K(888836K), 0.0017390 secs] [Times: user=0.01 sys=0.00, real=0.00 secs] 
143.230: Total time for which application threads were stopped: 0.0021840 seconds, Stopping threads took: 0.0000530 seconds
143.285: Application time: 0.0551610 seconds
143.288: [GC143.288: [ParNew: 246502K->1412K(275904K), 0.0015050 secs] 802103K->557077K(888836K), 0.0015500 secs] [Times: user=0.01 sys=0.00, real=0.00 secs] 
143.289: Total time for which application threads were stopped: 0.0038330 seconds, Stopping threads took: 0.0018890 seconds
143.345: Application time: 0.0555540 seconds
143.345: [GC143.345: [ParNew: 246660K->1386K(275904K), 0.0016610 secs] 802325K->557109K(888836K), 0.0016990 secs] [Times: user=0.01 sys=0.00, real=0.00 secs] 
143.347: Total time for which application threads were stopped: 0.0021310 seconds, Stopping threads took: 0.0000430 seconds
143.402: Application time: 0.0552590 seconds
143.403: [GC143.403: [ParNew: 246634K->1448K(275904K), 0.0016640 secs] 802357K->557275K(888836K), 0.0017010 secs] [Times: user=0.01 sys=0.00, real=0.00 secs] 
143.404: Total time for which application threads were stopped: 0.0021590 seconds, Stopping threads took: 0.0000660 seconds
143.460: Application time: 0.0557360 seconds
143.461: [GC143.461: [ParNew: 246696K->1409K(275904K), 0.0015720 secs] 802523K->557340K(888836K), 0.0016090 secs] [Times: user=0.01 sys=0.00, real=0.00 secs] 
143.462: Total time for which application threads were stopped: 0.0020530 seconds, Stopping threads took: 0.0000480 seconds
143.518: Application time: 0.0559870 seconds
143.519: [GC143.519: [ParNew: 246657K->1272K(275904K), 0.0017690 secs] 802588K->557260K(888836K), 0.0018050 secs] [Times: user=0.01 sys=0.00, real=0.01 secs] 
143.520: Total time for which application threads were stopped: 0.0022480 seconds, Stopping threads took: 0.0000480 seconds
143.577: Application time: 0.0564210 seconds
143.577: [GC143.577: [ParNew: 246520K->1288K(275904K), 0.0015420 secs] 802508K->557374K(888836K), 0.0015800 secs] [Times: user=0.01 sys=0.00, real=0.00 secs] 
143.579: Total time for which application threads were stopped: 0.0020520 seconds, Stopping threads took: 0.0000540 seconds
143.635: Application time: 0.0564460 seconds
143.636: [GC143.636: [ParNew: 246536K->1498K(275904K), 0.0015830 secs] 802622K->557648K(888836K), 0.0016190 secs] [Times: user=0.01 sys=0.00, real=0.00 secs] 
143.637: Total time for which application threads were stopped: 0.0020530 seconds, Stopping threads took: 0.0000390 seconds
143.693: Application time: 0.0555410 seconds
143.693: [GC143.693: [ParNew: 246746K->1529K(275904K), 0.0015420 secs] 802896K->557735K(888836K), 0.0015800 secs] [Times: user=0.02 sys=0.00, real=0.00 secs] 
143.695: Total time for which application threads were stopped: 0.0020370 seconds, Stopping threads took: 0.0000610 seconds
143.750: Application time: 0.0552760 seconds
143.751: [GC143.751: [ParNew: 246777K->1448K(275904K), 0.0015830 secs] 802983K->557750K(888836K), 0.0016200 secs] [Times: user=0.01 sys=0.00, real=0.00 secs] 
143.752: Total time for which application threads were stopped: 0.0020710 seconds, Stopping threads took: 0.0000510 seconds
143.808: Application time: 0.0555000 seconds
143.808: [GC143.808: [ParNew: 246696K->1410K(275904K), 0.0015700 secs] 802998K->557776K(888836K), 0.0016080 secs] [Times: user=0.01 sys=0.00, real=0.00 secs] 
143.810: Total time for which application threads were stopped: 0.0020590 seconds, Stopping threads took: 0.0000490 seconds
143.865: Application time: 0.0556060 seconds
143.866: [GC143.866: [ParNew: 246658K->1571K(275904K), 0.0016000 secs] 803024K->558041K(888836K), 0.0016390 secs] [Times: user=0.01 sys=0.00, real=0.01 secs] 
143.868: Total time for which application threads were stopped: 0.0020730 seconds, Stopping threads took: 0.0000480 seconds
143.924: Application time: 0.0561230 seconds
143.924: [GC143.924: [ParNew: 246819K->1322K(275904K), 0.0015440 secs] 803289K->557980K(888836K), 0.0015810 secs] [Times: user=0.01 sys=0.00, real=0.00 secs] 
143.926: Total time for which application threads were stopped: 0.0020270 seconds, Stopping threads took: 0.0000540 seconds
143.981: Application time: 0.0558060 seconds
143.982: [GC143.982: [ParNew: 246570K->1550K(275904K), 0.0015390 secs] 803228K->558272K(888836K), 0.0015760 secs] [Times: user=0.01 sys=0.00, real=0.00 secs] 
143.984: Total time for which application threads were stopped: 0.0020210 seconds, Stopping threads took: 0.0000520 seconds
144.039: Application time: 0.0555020 seconds
144.039: [GC144.039: [ParNew: 246798K->1120K(275904K), 0.0017080 secs] 803520K->557882K(888836K), 0.0017530 secs] [Times: user=0.01 sys=0.00, real=0.00 secs] 
144.041: Total time for which application threads were stopped: 0.0022090 seconds, Stopping threads took: 0.0000460 seconds
144.096: Application time: 0.0550190 seconds
144.100: [GC144.100: [ParNew: 246368K->1178K(275904K), 0.0016040 secs] 803130K->557996K(888836K), 0.0016390 secs] [Times: user=0.01 sys=0.00, real=0.00 secs] 
144.101: Total time for which application threads were stopped: 0.0050480 seconds, Stopping threads took: 0.0030000 seconds
144.157: Application time: 0.0555220 seconds
144.157: [GC144.157: [ParNew: 246426K->1400K(275904K), 0.0015290 secs] 803244K->558282K(888836K), 0.0015640 secs] [Times: user=0.01 sys=0.00, real=0.00 secs] 
144.159: Total time for which application threads were stopped: 0.0020100 seconds, Stopping threads took: 0.0000510 seconds
144.215: Application time: 0.0559490 seconds
144.215: [GC144.215: [ParNew: 246648K->1327K(275904K), 0.0015660 secs] 803530K->558273K(888836K), 0.0016030 secs] [Times: user=0.01 sys=0.01, real=0.00 secs] 
144.217: Total time for which application threads were stopped: 0.0020600 seconds, Stopping threads took: 0.0000530 seconds
144.272: Application time: 0.0552930 seconds
144.276: [GC144.276: [ParNew: 246575K->1534K(275904K), 0.0015740 secs] 803521K->558538K(888836K), 0.0016100 secs] [Times: user=0.01 sys=0.00, real=0.00 secs] 
144.277: Total time for which application threads were stopped: 0.0051020 seconds, Stopping threads took: 0.0031020 seconds
144.333: Application time: 0.0553960 seconds
144.336: [GC144.336: [ParNew: 246782K->1361K(275904K), 0.0016000 secs] 803786K->558461K(888836K), 0.0016390 secs] [Times: user=0.01 sys=0.00, real=0.00 secs] 
144.337: Total time for which application threads were stopped: 0.0046310 seconds, Stopping threads took: 0.0026060 seconds
144.393: Application time: 0.0554220 seconds
144.393: [GC144.393: [ParNew: 246609K->1426K(275904K), 0.0016170 secs] 803709K->558584K(888836K), 0.0016550 secs] [Times: user=0.01 sys=0.00, real=0.00 secs] 
144.395: Total time for which application threads were stopped: 0.0021160 seconds, Stopping threads took: 0.0000710 seconds
144.450: Application time: 0.0556200 seconds
144.451: [GC144.451: [ParNew: 246674K->1486K(275904K), 0.0015320 secs] 803832K->558750K(888836K), 0.0015710 secs] [Times: user=0.01 sys=0.00, real=0.00 secs] 
144.453: Total time for which application threads were stopped: 0.0020370 seconds, Stopping threads took: 0.0000710 seconds
144.508: Application time: 0.0553140 seconds
144.508: [GC144.508: [ParNew: 246734K->1421K(275904K), 0.0015280 secs] 803998K->558786K(888836K), 0.0015660 secs] [Times: user=0.01 sys=0.00, real=0.00 secs] 
144.510: Total time for which application threads were stopped: 0.0020200 seconds, Stopping threads took: 0.0000570 seconds
144.565: Application time: 0.0553270 seconds
144.566: [GC144.566: [ParNew: 246669K->1514K(275904K), 0.0015230 secs] 804034K->558943K(888836K), 0.0015610 secs] [Times: user=0.02 sys=0.00, real=0.00 secs] 
144.567: Total time for which application threads were stopped: 0.0020040 seconds, Stopping threads took: 0.0000490 seconds
144.623: Application time: 0.0553340 seconds
144.623: [GC144.623: [ParNew: 246762K->1544K(275904K), 0.0015460 secs] 804191K->559031K(888836K), 0.0015840 secs] [Times: user=0.01 sys=0.00, real=0.00 secs] 
144.625: Total time for which application threads were stopped: 0.0020620 seconds, Stopping threads took: 0.0000560 seconds
144.680: Application time: 0.0551210 seconds
144.680: [GC144.680: [ParNew: 246792K->1320K(275904K), 0.0018080 secs] 804279K->558920K(888836K), 0.0018480 secs] [Times: user=0.01 sys=0.00, real=0.00 secs] 
144.682: Total time for which application threads were stopped: 0.0022940 seconds, Stopping threads took: 0.0000510 seconds
144.737: Application time: 0.0553640 seconds
144.738: [GC144.738: [ParNew: 246568K->1522K(275904K), 0.0015640 secs] 804168K->559180K(888836K), 0.0016020 secs] [Times: user=0.01 sys=0.00, real=0.01 secs] 
144.739: Total time for which application threads were stopped: 0.0020710 seconds, Stopping threads took: 0.0000770 seconds
144.796: Application time: 0.0561080 seconds
144.796: [GC144.796: [ParNew: 246770K->1562K(275904K), 0.0015390 secs] 804428K->559292K(888836K), 0.0015760 secs] [Times: user=0.01 sys=0.00, real=0.00 secs] 
144.798: Total time for which application threads were stopped: 0.0020160 seconds, Stopping threads took: 0.0000460 seconds
144.853: Application time: 0.0553800 seconds
144.853: [GC144.853: [ParNew: 246810K->1002K(275904K), 0.0016430 secs] 804540K->558886K(888836K), 0.0016800 secs] [Times: user=0.01 sys=0.00, real=0.00 secs] 
144.855: Total time for which application threads were stopped: 0.0021370 seconds, Stopping threads took: 0.0000630 seconds
144.911: Application time: 0.0559750 seconds
144.911: [GC144.912: [ParNew: 246250K->1256K(275904K), 0.0018550 secs] 804134K->559195K(888836K), 0.0018900 secs] [Times: user=0.01 sys=0.00, real=0.00 secs] 
144.913: Total time for which application threads were stopped: 0.0023140 seconds, Stopping threads took: 0.0000560 seconds
144.969: Application time: 0.0552110 seconds
144.969: [GC144.969: [ParNew: 246504K->1402K(275904K), 0.0015110 secs] 804443K->559406K(888836K), 0.0015450 secs] [Times: user=0.01 sys=0.00, real=0.00 secs] 
144.971: Total time for which application threads were stopped: 0.0019980 seconds, Stopping threads took: 0.0000550 seconds
145.026: Application time: 0.0551960 seconds
145.026: [GC145.026: [ParNew: 246650K->1156K(275904K), 0.0015200 secs] 804654K->559215K(888836K), 0.0015570 secs] [Times: user=0.01 sys=0.00, real=0.01 secs] 
145.028: Total time for which application threads were stopped: 0.0020080 seconds, Stopping threads took: 0.0000570 seconds
145.083: Application time: 0.0552090 seconds
145.083: [GC145.083: [ParNew: 246404K->1191K(275904K), 0.0015130 secs] 804463K->559306K(888836K), 0.0015480 secs] [Times: user=0.01 sys=0.00, real=0.00 secs] 
145.085: Total time for which application threads were stopped: 0.0020070 seconds, Stopping threads took: 0.0000540 seconds
145.140: Application time: 0.0552140 seconds
145.141: [GC145.141: [ParNew: 246439K->1384K(275904K), 0.0015430 secs] 804554K->559566K(888836K), 0.0015780 secs] [Times: user=0.01 sys=0.00, real=0.00 secs] 
145.142: Total time for which application threads were stopped: 0.0020440 seconds, Stopping threads took: 0.0000550 seconds
145.198: Application time: 0.0552770 seconds
145.199: [GC145.199: [ParNew: 246632K->1335K(275904K), 0.0015990 secs] 804814K->559581K(888836K), 0.0016340 secs] [Times: user=0.01 sys=0.00, real=0.01 secs] 
145.200: Total time for which application threads were stopped: 0.0027720 seconds, Stopping threads took: 0.0006810 seconds
145.255: Application time: 0.0551070 seconds
145.256: [GC145.256: [ParNew: 246583K->1332K(275904K), 0.0017360 secs] 804829K->559618K(888836K), 0.0017740 secs] [Times: user=0.01 sys=0.00, real=0.00 secs] 
145.258: Total time for which application threads were stopped: 0.0022090 seconds, Stopping threads took: 0.0000440 seconds
145.313: Application time: 0.0552560 seconds
145.313: [GC145.313: [ParNew: 246580K->1385K(275904K), 0.0015740 secs] 804866K->559779K(888836K), 0.0016100 secs] [Times: user=0.01 sys=0.00, real=0.00 secs] 
145.315: Total time for which application threads were stopped: 0.0020520 seconds, Stopping threads took: 0.0000480 seconds
145.370: Application time: 0.0552010 seconds
145.371: [GC145.371: [ParNew: 246633K->1523K(275904K), 0.0016050 secs] 805027K->560021K(888836K), 0.0016380 secs] [Times: user=0.01 sys=0.00, real=0.00 secs] 
145.372: Total time for which application threads were stopped: 0.0020750 seconds, Stopping threads took: 0.0000440 seconds
145.428: Application time: 0.0553770 seconds
145.428: [GC145.428: [ParNew: 246771K->1271K(275904K), 0.0016290 secs] 805269K->559833K(888836K), 0.0016660 secs] [Times: user=0.02 sys=0.00, real=0.00 secs] 
145.430: Total time for which application threads were stopped: 0.0021090 seconds, Stopping threads took: 0.0000490 seconds
145.485: Application time: 0.0554350 seconds
145.486: [GC145.486: [ParNew: 246519K->1361K(275904K), 0.0015420 secs] 805081K->560019K(888836K), 0.0015970 secs] [Times: user=0.01 sys=0.00, real=0.01 secs] 
145.487: Total time for which application threads were stopped: 0.0020440 seconds, Stopping threads took: 0.0000510 seconds
145.542: Application time: 0.0550790 seconds
145.543: [GC145.543: [ParNew: 246609K->1375K(275904K), 0.0015430 secs] 805267K->560097K(888836K), 0.0015800 secs] [Times: user=0.01 sys=0.00, real=0.00 secs] 
145.544: Total time for which application threads were stopped: 0.0020380 seconds, Stopping threads took: 0.0000620 seconds
145.599: Application time: 0.0550890 seconds
145.600: [GC145.600: [ParNew: 246623K->1386K(275904K), 0.0015500 secs] 805345K->560176K(888836K), 0.0015850 secs] [Times: user=0.01 sys=0.00, real=0.00 secs] 
145.602: Total time for which application threads were stopped: 0.0020250 seconds, Stopping threads took: 0.0000470 seconds
145.657: Application time: 0.0552970 seconds
145.657: [GC145.657: [ParNew: 246634K->1373K(275904K), 0.0015720 secs] 805424K->560303K(888836K), 0.0016090 secs] [Times: user=0.01 sys=0.00, real=0.00 secs] 
145.659: Total time for which application threads were stopped: 0.0020880 seconds, Stopping threads took: 0.0000460 seconds
145.717: Application time: 0.0577570 seconds
145.717: [GC145.717: [ParNew: 246621K->1409K(275904K), 0.0016150 secs] 805551K->560431K(888836K), 0.0016550 secs] [Times: user=0.01 sys=0.00, real=0.00 secs] 
145.719: Total time for which application threads were stopped: 0.0021210 seconds, Stopping threads took: 0.0000760 seconds
145.752: Application time: 0.0329590 seconds
145.752: Total time for which application threads were stopped: 0.0004220 seconds, Stopping threads took: 0.0000500 seconds
145.775: Application time: 0.0225830 seconds
145.775: [GC145.775: [ParNew: 246657K->1244K(275904K), 0.0014630 secs] 805679K->560354K(888836K), 0.0015000 secs] [Times: user=0.01 sys=0.00, real=0.00 secs] 
145.777: Total time for which application threads were stopped: 0.0019500 seconds, Stopping threads took: 0.0000610 seconds
145.832: Application time: 0.0554280 seconds
145.833: [GC145.833: [ParNew: 246492K->1287K(275904K), 0.0014510 secs] 805602K->560453K(888836K), 0.0014860 secs] [Times: user=0.01 sys=0.00, real=0.00 secs] 
145.834: Total time for which application threads were stopped: 0.0019300 seconds, Stopping threads took: 0.0000490 seconds
145.889: Application time: 0.0552200 seconds
145.890: [GC145.890: [ParNew: 246535K->1310K(275904K), 0.0014830 secs] 805701K->560523K(888836K), 0.0015270 secs] [Times: user=0.01 sys=0.01, real=0.00 secs] 
145.891: Total time for which application threads were stopped: 0.0019750 seconds, Stopping threads took: 0.0000510 seconds
145.946: Application time: 0.0550100 seconds
145.947: [GC145.947: [ParNew: 246558K->1501K(275904K), 0.0015160 secs] 805771K->560771K(888836K), 0.0015530 secs] [Times: user=0.01 sys=0.00, real=0.01 secs] 
145.948: Total time for which application threads were stopped: 0.0020050 seconds, Stopping threads took: 0.0000490 seconds
146.004: Application time: 0.0552490 seconds
146.008: [GC146.008: [ParNew: 246749K->1542K(275904K), 0.0016080 secs] 806019K->560876K(888836K), 0.0016440 secs] [Times: user=0.02 sys=0.00, real=0.00 secs] 
146.009: Total time for which application threads were stopped: 0.0057350 seconds, Stopping threads took: 0.0037310 seconds
146.065: Application time: 0.0552720 seconds
146.068: [GC146.068: [ParNew: 246790K->1430K(275904K), 0.0015330 secs] 806124K->560820K(888836K), 0.0015680 secs] [Times: user=0.01 sys=0.00, real=0.00 secs] 
146.069: Total time for which application threads were stopped: 0.0046940 seconds, Stopping threads took: 0.0027270 seconds
146.125: Application time: 0.0553630 seconds
146.125: [GC146.125: [ParNew: 246678K->1460K(275904K), 0.0015330 secs] 806068K->560908K(888836K), 0.0015680 secs] [Times: user=0.01 sys=0.00, real=0.00 secs] 
146.127: Total time for which application threads were stopped: 0.0020120 seconds, Stopping threads took: 0.0000510 seconds
146.182: Application time: 0.0554800 seconds
146.183: [GC146.183: [ParNew: 246708K->1486K(275904K), 0.0017150 secs] 806156K->560992K(888836K), 0.0017590 secs] [Times: user=0.01 sys=0.00, real=0.00 secs] 
146.184: Total time for which application threads were stopped: 0.0022310 seconds, Stopping threads took: 0.0000490 seconds
146.240: Application time: 0.0557630 seconds
146.241: [GC146.241: [ParNew: 246734K->1503K(275904K), 0.0016630 secs] 806240K->561073K(888836K), 0.0017010 secs] [Times: user=0.02 sys=0.00, real=0.00 secs] 
146.242: Total time for which application threads were stopped: 0.0021480 seconds, Stopping threads took: 0.0000480 seconds
146.297: Application time: 0.0550840 seconds
146.300: [GC146.300: [ParNew: 246751K->1505K(275904K), 0.0016750 secs] 806321K->561181K(888836K), 0.0017130 secs] [Times: user=0.02 sys=0.00, real=0.00 secs] 
146.301: Total time for which application threads were stopped: 0.0040420 seconds, Stopping threads took: 0.0019340 seconds
146.357: Application time: 0.0555850 seconds
146.360: [GC146.360: [ParNew: 246753K->1594K(275904K), 0.0016030 secs] 806429K->561378K(888836K), 0.0016390 secs] [Times: user=0.01 sys=0.00, real=0.00 secs] 
146.361: Total time for which application threads were stopped: 0.0043160 seconds, Stopping threads took: 0.0022880 seconds
146.417: Application time: 0.0554060 seconds
146.420: [GC146.420: [ParNew: 246842K->1479K(275904K), 0.0015310 secs] 806626K->561368K(888836K), 0.0015670 secs] [Times: user=0.01 sys=0.00, real=0.00 secs] 
146.421: Total time for which application threads were stopped: 0.0045540 seconds, Stopping threads took: 0.0025960 seconds
146.476: Application time: 0.0549450 seconds
146.477: [GC146.477: [ParNew: 246727K->1546K(275904K), 0.0015570 secs] 806616K->561509K(888836K), 0.0015920 secs] [Times: user=0.01 sys=0.00, real=0.00 secs] 
146.478: Total time for which application threads were stopped: 0.0020360 seconds, Stopping threads took: 0.0000470 seconds
146.534: Application time: 0.0553870 seconds
146.534: [GC146.534: [ParNew: 246794K->1573K(275904K), 0.0015870 secs] 806757K->561600K(888836K), 0.0016250 secs] [Times: user=0.02 sys=0.00, real=0.00 secs] 
146.536: Total time for which application threads were stopped: 0.0020750 seconds, Stopping threads took: 0.0000530 seconds
146.591: Application time: 0.0552860 seconds
146.591: [GC146.591: [ParNew: 246821K->1348K(275904K), 0.0016810 secs] 806848K->561599K(888836K), 0.0017190 secs] [Times: user=0.01 sys=0.00, real=0.00 secs] 
146.593: Total time for which application threads were stopped: 0.0021740 seconds, Stopping threads took: 0.0000470 seconds
146.649: Application time: 0.0558050 seconds
146.652: [GC146.652: [ParNew: 246596K->1058K(275904K), 0.0015120 secs] 806847K->561506K(888836K), 0.0015480 secs] [Times: user=0.01 sys=0.00, real=0.00 secs] 
146.653: Total time for which application threads were stopped: 0.0042240 seconds, Stopping threads took: 0.0022830 seconds
146.709: Application time: 0.0556110 seconds
146.709: [GC146.709: [ParNew: 246306K->1080K(275904K), 0.0015750 secs] 806754K->561593K(888836K), 0.0016110 secs] [Times: user=0.01 sys=0.00, real=0.00 secs] 
146.711: Total time for which application threads were stopped: 0.0020780 seconds, Stopping threads took: 0.0000500 seconds
146.766: Application time: 0.0553840 seconds
146.768: [GC146.768: [ParNew: 246328K->1236K(275904K), 0.0015660 secs] 806841K->561813K(888836K), 0.0016000 secs] [Times: user=0.01 sys=0.00, real=0.00 secs] 
146.769: Total time for which application threads were stopped: 0.0029720 seconds, Stopping threads took: 0.0009750 seconds
146.824: Application time: 0.0551490 seconds
146.828: [GC146.828: [ParNew: 246484K->1412K(275904K), 0.0015270 secs] 807061K->562052K(888836K), 0.0015610 secs] [Times: user=0.01 sys=0.00, real=0.00 secs] 
146.829: Total time for which application threads were stopped: 0.0048160 seconds, Stopping threads took: 0.0028520 seconds
146.885: Application time: 0.0553170 seconds
146.885: [GC146.885: [ParNew: 246660K->1434K(275904K), 0.0016240 secs] 807300K->562130K(888836K), 0.0016690 secs] [Times: user=0.01 sys=0.00, real=0.00 secs] 
146.887: Total time for which application threads were stopped: 0.0020860 seconds, Stopping threads took: 0.0000550 seconds
146.941: Application time: 0.0547930 seconds
146.944: [GC146.944: [ParNew: 246682K->1478K(275904K), 0.0015280 secs] 807378K->562230K(888836K), 0.0015650 secs] [Times: user=0.01 sys=0.00, real=0.00 secs] 
146.945: Total time for which application threads were stopped: 0.0037850 seconds, Stopping threads took: 0.0018230 seconds
147.000: Application time: 0.0552140 seconds
147.001: [GC147.001: [ParNew: 246726K->1462K(275904K), 0.0015470 secs] 807478K->562278K(888836K), 0.0015840 secs] [Times: user=0.01 sys=0.00, real=0.00 secs] 
147.002: Total time for which application threads were stopped: 0.0020220 seconds, Stopping threads took: 0.0000410 seconds
147.058: Application time: 0.0552640 seconds
147.060: [GC147.060: [ParNew: 246710K->1562K(275904K), 0.0015440 secs] 807526K->562444K(888836K), 0.0015810 secs] [Times: user=0.01 sys=0.00, real=0.00 secs] 
147.061: Total time for which application threads were stopped: 0.0035070 seconds, Stopping threads took: 0.0015330 seconds
147.117: Application time: 0.0554090 seconds
147.120: [GC147.120: [ParNew: 246810K->1528K(275904K), 0.0015580 secs] 807692K->562474K(888836K), 0.0015960 secs] [Times: user=0.01 sys=0.00, real=0.00 secs] 
147.121: Total time for which application threads were stopped: 0.0046290 seconds, Stopping threads took: 0.0026330 seconds
147.177: Application time: 0.0552460 seconds
147.177: [GC147.177: [ParNew: 246776K->1594K(275904K), 0.0016970 secs] 807722K->562588K(888836K), 0.0017330 secs] [Times: user=0.01 sys=0.00, real=0.00 secs] 
147.179: Total time for which application threads were stopped: 0.0021880 seconds, Stopping threads took: 0.0000620 seconds
147.235: Application time: 0.0560580 seconds
147.236: [GC147.236: [ParNew: 246842K->1634K(275904K), 0.0016640 secs] 807836K->562735K(888836K), 0.0017010 secs] [Times: user=0.02 sys=0.00, real=0.00 secs] 
147.237: Total time for which application threads were stopped: 0.0026030 seconds, Stopping threads took: 0.0004830 seconds
147.293: Application time: 0.0554840 seconds
147.296: [GC147.296: [ParNew: 246882K->1504K(275904K), 0.0015610 secs] 807983K->562705K(888836K), 0.0015960 secs] [Times: user=0.01 sys=0.00, real=0.00 secs] 
147.297: Total time for which application threads were stopped: 0.0043840 seconds, Stopping threads took: 0.0023950 seconds
147.353: Application time: 0.0553320 seconds
147.356: [GC147.356: [ParNew: 246752K->1567K(275904K), 0.0015740 secs] 807953K->562831K(888836K), 0.0016110 secs] [Times: user=0.01 sys=0.00, real=0.00 secs] 
147.357: Total time for which application threads were stopped: 0.0046900 seconds, Stopping threads took: 0.0026870 seconds
147.413: Application time: 0.0555680 seconds
147.416: [GC147.416: [ParNew: 246815K->1472K(275904K), 0.0015450 secs] 808079K->562857K(888836K), 0.0015820 secs] [Times: user=0.01 sys=0.00, real=0.00 secs] 
147.417: Total time for which application threads were stopped: 0.0043620 seconds, Stopping threads took: 0.0023900 seconds
147.473: Application time: 0.0552960 seconds
147.476: [GC147.476: [ParNew: 246720K->1460K(275904K), 0.0015240 secs] 808105K->562900K(888836K), 0.0015610 secs] [Times: user=0.01 sys=0.00, real=0.00 secs] 
147.477: Total time for which application threads were stopped: 0.0047080 seconds, Stopping threads took: 0.0027560 seconds
147.533: Application time: 0.0555310 seconds
147.533: [GC147.533: [ParNew: 246708K->1354K(275904K), 0.0017160 secs] 808148K->562898K(888836K), 0.0017530 secs] [Times: user=0.01 sys=0.00, real=0.00 secs] 
147.535: Total time for which application threads were stopped: 0.0021900 seconds, Stopping threads took: 0.0000440 seconds
147.594: Application time: 0.0588960 seconds
147.594: [GC147.594: [ParNew: 246602K->1098K(275904K), 0.0018200 secs] 808146K->562783K(888836K), 0.0018540 secs] [Times: user=0.01 sys=0.00, real=0.00 secs] 
147.596: Total time for which application threads were stopped: 0.0022600 seconds, Stopping threads took: 0.0000460 seconds
147.652: Application time: 0.0554250 seconds
147.652: [GC147.652: [ParNew: 246346K->1177K(275904K), 0.0014900 secs] 808031K->562926K(888836K), 0.0015320 secs] [Times: user=0.01 sys=0.00, real=0.00 secs] 
147.654: Total time for which application threads were stopped: 0.0019770 seconds, Stopping threads took: 0.0000490 seconds
147.709: Application time: 0.0554420 seconds
147.709: [GC147.709: [ParNew: 246425K->1117K(275904K), 0.0015460 secs] 808174K->562931K(888836K), 0.0015810 secs] [Times: user=0.01 sys=0.00, real=0.00 secs] 
147.711: Total time for which application threads were stopped: 0.0020180 seconds, Stopping threads took: 0.0000560 seconds
147.767: Application time: 0.0555960 seconds
147.768: [GC147.768: [ParNew: 246365K->1208K(275904K), 0.0015040 secs] 808179K->563086K(888836K), 0.0015390 secs] [Times: user=0.01 sys=0.00, real=0.00 secs] 
147.769: Total time for which application threads were stopped: 0.0026470 seconds, Stopping threads took: 0.0006820 seconds
147.825: Application time: 0.0554440 seconds
147.825: [GC147.825: [ParNew: 246456K->1313K(275904K), 0.0015230 secs] 808334K->563247K(888836K), 0.0015580 secs] [Times: user=0.01 sys=0.00, real=0.00 secs] 
147.827: Total time for which application threads were stopped: 0.0020070 seconds, Stopping threads took: 0.0000500 seconds
147.882: Application time: 0.0550070 seconds
147.882: [GC147.882: [ParNew: 246561K->1135K(275904K), 0.0015040 secs] 808495K->563116K(888836K), 0.0015410 secs] [Times: user=0.01 sys=0.00, real=0.00 secs] 
147.884: Total time for which application threads were stopped: 0.0020030 seconds, Stopping threads took: 0.0000610 seconds
147.938: Application time: 0.0547580 seconds
147.939: [GC147.939: [ParNew: 246383K->1322K(275904K), 0.0015060 secs] 808364K->563368K(888836K), 0.0015410 secs] [Times: user=0.01 sys=0.00, real=0.01 secs] 
147.940: Total time for which application threads were stopped: 0.0019790 seconds, Stopping threads took: 0.0000410 seconds
147.996: Application time: 0.0551490 seconds
147.996: [GC147.996: [ParNew: 246570K->1433K(275904K), 0.0015370 secs] 808616K->563542K(888836K), 0.0015740 secs] [Times: user=0.01 sys=0.00, real=0.00 secs] 
147.998: Total time for which application threads were stopped: 0.0020290 seconds, Stopping threads took: 0.0000550 seconds
148.053: Application time: 0.0552290 seconds
148.056: [GC148.056: [ParNew: 246681K->1451K(275904K), 0.0014820 secs] 808790K->563624K(888836K), 0.0015170 secs] [Times: user=0.01 sys=0.00, real=0.00 secs] 
148.057: Total time for which application threads were stopped: 0.0043040 seconds, Stopping threads took: 0.0023950 seconds
148.112: Application time: 0.0551500 seconds
148.113: [GC148.113: [ParNew: 246699K->1526K(275904K), 0.0016150 secs] 808872K->563765K(888836K), 0.0016500 secs] [Times: user=0.01 sys=0.00, real=0.00 secs] 
148.114: Total time for which application threads were stopped: 0.0021050 seconds, Stopping threads took: 0.0000600 seconds
148.170: Application time: 0.0552440 seconds
148.170: [GC148.170: [ParNew: 246774K->1518K(275904K), 0.0015570 secs] 809013K->563858K(888836K), 0.0015940 secs] [Times: user=0.01 sys=0.00, real=0.00 secs] 
148.172: Total time for which application threads were stopped: 0.0020380 seconds, Stopping threads took: 0.0000450 seconds
148.228: Application time: 0.0558480 seconds
148.228: [GC148.228: [ParNew: 246766K->1407K(275904K), 0.0015750 secs] 809106K->563811K(888836K), 0.0016130 secs] [Times: user=0.01 sys=0.00, real=0.00 secs] 
148.230: Total time for which application threads were stopped: 0.0020620 seconds, Stopping threads took: 0.0000460 seconds
148.285: Application time: 0.0551610 seconds
148.285: [GC148.285: [ParNew: 246655K->1470K(275904K), 0.0015320 secs] 809059K->563969K(888836K), 0.0015680 secs] [Times: user=0.01 sys=0.00, real=0.00 secs] 
148.287: Total time for which application threads were stopped: 0.0020360 seconds, Stopping threads took: 0.0000520 seconds
148.342: Application time: 0.0550900 seconds
148.342: [GC148.342: [ParNew: 246718K->1435K(275904K), 0.0015450 secs] 809217K->564046K(888836K), 0.0015910 secs] [Times: user=0.01 sys=0.00, real=0.00 secs] 
148.344: Total time for which application threads were stopped: 0.0020240 seconds, Stopping threads took: 0.0000360 seconds
148.400: Application time: 0.0556240 seconds
148.400: [GC148.400: [ParNew: 246683K->1321K(275904K), 0.0015520 secs] 809294K->563989K(888836K), 0.0015890 secs] [Times: user=0.01 sys=0.00, real=0.00 secs] 
148.402: Total time for which application threads were stopped: 0.0020440 seconds, Stopping threads took: 0.0000560 seconds
148.457: Application time: 0.0556130 seconds
148.458: [GC148.458: [ParNew: 246569K->1206K(275904K), 0.0014830 secs] 809237K->564066K(888836K), 0.0015190 secs] [Times: user=0.01 sys=0.00, real=0.00 secs] 
148.459: Total time for which application threads were stopped: 0.0019480 seconds, Stopping threads took: 0.0000420 seconds
148.515: Application time: 0.0561000 seconds
148.520: [GC148.520: [ParNew: 246454K->1191K(275904K), 0.0015190 secs] 809314K->564143K(888836K), 0.0015570 secs] [Times: user=0.01 sys=0.00, real=0.00 secs] 
148.521: Total time for which application threads were stopped: 0.0059000 seconds, Stopping threads took: 0.0039670 seconds
148.576: Application time: 0.0552810 seconds
148.577: [GC148.577: [ParNew: 246439K->1389K(275904K), 0.0014840 secs] 809391K->564397K(888836K), 0.0015190 secs] [Times: user=0.01 sys=0.00, real=0.00 secs] 
148.578: Total time for which application threads were stopped: 0.0019760 seconds, Stopping threads took: 0.0000580 seconds
148.634: Application time: 0.0554720 seconds
148.634: [GC148.634: [ParNew: 246637K->1163K(275904K), 0.0015040 secs] 809645K->564219K(888836K), 0.0015400 secs] [Times: user=0.01 sys=0.00, real=0.00 secs] 
148.636: Total time for which application threads were stopped: 0.0019920 seconds, Stopping threads took: 0.0000580 seconds
148.691: Application time: 0.0552400 seconds
148.692: [GC148.692: [ParNew: 246411K->1035K(275904K), 0.0016470 secs] 809467K->564147K(888836K), 0.0016840 secs] [Times: user=0.01 sys=0.00, real=0.00 secs] 
148.693: Total time for which application threads were stopped: 0.0021450 seconds, Stopping threads took: 0.0000610 seconds
148.749: Application time: 0.0554300 seconds
148.752: [GC148.752: [ParNew: 246283K->1289K(275904K), 0.0016040 secs] 809395K->564448K(888836K), 0.0016380 secs] [Times: user=0.01 sys=0.00, real=0.00 secs] 
148.753: Total time for which application threads were stopped: 0.0045400 seconds, Stopping threads took: 0.0025010 seconds
148.809: Application time: 0.0552500 seconds
148.812: [GC148.812: [ParNew: 246537K->1389K(275904K), 0.0015660 secs] 809696K->564605K(888836K), 0.0016030 secs] [Times: user=0.01 sys=0.00, real=0.00 secs] 
148.813: Total time for which application threads were stopped: 0.0047500 seconds, Stopping threads took: 0.0027270 seconds
148.869: Application time: 0.0552410 seconds
148.869: [GC148.869: [ParNew: 246637K->1462K(275904K), 0.0015120 secs] 809853K->564742K(888836K), 0.0015480 secs] [Times: user=0.01 sys=0.00, real=0.00 secs] 
148.871: Total time for which application threads were stopped: 0.0019950 seconds, Stopping threads took: 0.0000500 seconds
148.926: Application time: 0.0552170 seconds
148.928: [GC148.928: [ParNew: 246710K->1525K(275904K), 0.0015070 secs] 809990K->564861K(888836K), 0.0015430 secs] [Times: user=0.01 sys=0.00, real=0.00 secs] 
148.929: Total time for which application threads were stopped: 0.0034440 seconds, Stopping threads took: 0.0015050 seconds
148.984: Application time: 0.0551160 seconds
148.988: [GC148.988: [ParNew: 246773K->1451K(275904K), 0.0015280 secs] 810109K->564845K(888836K), 0.0015640 secs] [Times: user=0.01 sys=0.01, real=0.00 secs] 
148.989: Total time for which application threads were stopped: 0.0048990 seconds, Stopping threads took: 0.0029350 seconds
149.044: Application time: 0.0552020 seconds
149.045: [GC149.045: [ParNew: 246699K->1314K(275904K), 0.0018850 secs] 810093K->564756K(888836K), 0.0019240 secs] [Times: user=0.01 sys=0.00, real=0.00 secs] 
149.047: Total time for which application threads were stopped: 0.0023390 seconds, Stopping threads took: 0.0000500 seconds
149.102: Application time: 0.0551010 seconds
149.102: [GC149.102: [ParNew: 246562K->1386K(275904K), 0.0016140 secs] 810004K->564876K(888836K), 0.0016600 secs] [Times: user=0.01 sys=0.00, real=0.00 secs] 
149.104: Total time for which application threads were stopped: 0.0021010 seconds, Stopping threads took: 0.0000470 seconds
149.159: Application time: 0.0549240 seconds
149.159: [GC149.159: [ParNew: 246634K->1393K(275904K), 0.0016360 secs] 810124K->564985K(888836K), 0.0016700 secs] [Times: user=0.01 sys=0.01, real=0.00 secs] 
149.161: Total time for which application threads were stopped: 0.0021650 seconds, Stopping threads took: 0.0000870 seconds
149.218: Application time: 0.0566090 seconds
149.218: [GC149.218: [ParNew: 246641K->1386K(275904K), 0.0016660 secs] 810233K->565044K(888836K), 0.0017010 secs] [Times: user=0.01 sys=0.00, real=0.01 secs] 
149.220: Total time for which application threads were stopped: 0.0021530 seconds, Stopping threads took: 0.0000380 seconds
149.275: Application time: 0.0550730 seconds
149.280: [GC149.280: [ParNew: 246634K->1575K(275904K), 0.0016180 secs] 810292K->565377K(888836K), 0.0016550 secs] [Times: user=0.01 sys=0.00, real=0.00 secs] 
149.281: Total time for which application threads were stopped: 0.0063980 seconds, Stopping threads took: 0.0043480 seconds
149.337: Application time: 0.0556090 seconds
149.337: [GC149.337: [ParNew: 246823K->1579K(275904K), 0.0015460 secs] 810625K->565485K(888836K), 0.0015830 secs] [Times: user=0.02 sys=0.00, real=0.00 secs] 
149.339: Total time for which application threads were stopped: 0.0020610 seconds, Stopping threads took: 0.0000580 seconds
149.347: Application time: 0.0081020 seconds
149.348: Total time for which application threads were stopped: 0.0004250 seconds, Stopping threads took: 0.0000540 seconds
149.396: Application time: 0.0482750 seconds
149.396: [GC149.396: [ParNew: 246827K->1500K(275904K), 0.0014820 secs] 810733K->565554K(888836K), 0.0015190 secs] [Times: user=0.01 sys=0.00, real=0.00 secs] 
149.398: Total time for which application threads were stopped: 0.0019620 seconds, Stopping threads took: 0.0000580 seconds
149.453: Application time: 0.0551500 seconds
149.453: [GC149.453: [ParNew: 246748K->1185K(275904K), 0.0016320 secs] 810802K->565296K(888836K), 0.0016680 secs] [Times: user=0.01 sys=0.00, real=0.00 secs] 
149.455: Total time for which application threads were stopped: 0.0021190 seconds, Stopping threads took: 0.0000480 seconds
149.510: Application time: 0.0554540 seconds
149.511: [GC149.511: [ParNew: 246433K->1231K(275904K), 0.0015470 secs] 810544K->565437K(888836K), 0.0015820 secs] [Times: user=0.01 sys=0.00, real=0.00 secs] 
149.513: Total time for which application threads were stopped: 0.0020550 seconds, Stopping threads took: 0.0000640 seconds
149.568: Application time: 0.0553020 seconds
149.568: [GC149.568: [ParNew: 246479K->1308K(275904K), 0.0014810 secs] 810685K->565571K(888836K), 0.0015160 secs] [Times: user=0.01 sys=0.00, real=0.00 secs] 
149.570: Total time for which application threads were stopped: 0.0019670 seconds, Stopping threads took: 0.0000530 seconds
149.626: Application time: 0.0556870 seconds
149.626: [GC149.626: [ParNew: 246556K->1463K(275904K), 0.0015750 secs] 810819K->565789K(888836K), 0.0016120 secs] [Times: user=0.01 sys=0.00, real=0.01 secs] 
149.628: Total time for which application threads were stopped: 0.0020750 seconds, Stopping threads took: 0.0000670 seconds
149.684: Application time: 0.0560540 seconds
149.684: [GC149.684: [ParNew: 246711K->1274K(275904K), 0.0017510 secs] 811037K->565648K(888836K), 0.0017850 secs] [Times: user=0.01 sys=0.00, real=0.00 secs] 
149.686: Total time for which application threads were stopped: 0.0022380 seconds, Stopping threads took: 0.0000540 seconds
149.741: Application time: 0.0549390 seconds
149.741: [GC149.741: [ParNew: 246522K->1557K(275904K), 0.0015050 secs] 810896K->565995K(888836K), 0.0015410 secs] [Times: user=0.01 sys=0.00, real=0.00 secs] 
149.743: Total time for which application threads were stopped: 0.0019910 seconds, Stopping threads took: 0.0000440 seconds
149.797: Application time: 0.0545330 seconds
149.800: [GC149.800: [ParNew: 246805K->1504K(275904K), 0.0015270 secs] 811243K->566006K(888836K), 0.0015630 secs] [Times: user=0.01 sys=0.00, real=0.00 secs] 
149.801: Total time for which application threads were stopped: 0.0038650 seconds, Stopping threads took: 0.0018970 seconds
149.856: Application time: 0.0549390 seconds
149.857: [GC149.857: [ParNew: 246752K->1579K(275904K), 0.0015340 secs] 811254K->566145K(888836K), 0.0015710 secs] [Times: user=0.02 sys=0.00, real=0.00 secs] 
149.858: Total time for which application threads were stopped: 0.0020390 seconds, Stopping threads took: 0.0000460 seconds
149.913: Application time: 0.0549370 seconds
149.914: [GC149.914: [ParNew: 246827K->1772K(275904K), 0.0015220 secs] 811393K->566394K(888836K), 0.0015590 secs] [Times: user=0.01 sys=0.00, real=0.00 secs] 
149.915: Total time for which application threads were stopped: 0.0020040 seconds, Stopping threads took: 0.0000480 seconds
149.970: Application time: 0.0549270 seconds
149.971: [GC149.971: [ParNew: 247020K->1312K(275904K), 0.0016870 secs] 811642K->565991K(888836K), 0.0017230 secs] [Times: user=0.01 sys=0.00, real=0.00 secs] 
149.972: Total time for which application threads were stopped: 0.0021670 seconds, Stopping threads took: 0.0000470 seconds
150.027: Application time: 0.0552350 seconds
150.028: [GC150.028: [ParNew: 246560K->1464K(275904K), 0.0016500 secs] 811239K->566200K(888836K), 0.0016850 secs] [Times: user=0.01 sys=0.00, real=0.00 secs] 
150.030: Total time for which application threads were stopped: 0.0021330 seconds, Stopping threads took: 0.0000450 seconds
150.085: Application time: 0.0553230 seconds
150.085: [GC150.085: [ParNew: 246712K->1625K(275904K), 0.0015710 secs] 811448K->566427K(888836K), 0.0016060 secs] [Times: user=0.01 sys=0.00, real=0.00 secs] 
150.087: Total time for which application threads were stopped: 0.0020390 seconds, Stopping threads took: 0.0000380 seconds
150.142: Application time: 0.0549310 seconds
150.142: [GC150.142: [ParNew: 246873K->1580K(275904K), 0.0016430 secs] 811675K->566574K(888836K), 0.0016800 secs] [Times: user=0.01 sys=0.00, real=0.00 secs] 
150.144: Total time for which application threads were stopped: 0.0021380 seconds, Stopping threads took: 0.0000540 seconds
150.200: Application time: 0.0563140 seconds
150.204: [GC150.204: [ParNew: 246828K->1508K(275904K), 0.0015810 secs] 811822K->566602K(888836K), 0.0016150 secs] [Times: user=0.01 sys=0.00, real=0.00 secs] 
150.205: Total time for which application threads were stopped: 0.0048630 seconds, Stopping threads took: 0.0028690 seconds
150.261: Application time: 0.0559400 seconds
150.264: [GC150.264: [ParNew: 246756K->1240K(275904K), 0.0015770 secs] 811850K->566575K(888836K), 0.0016130 secs] [Times: user=0.01 sys=0.00, real=0.00 secs] 
150.265: Total time for which application threads were stopped: 0.0040940 seconds, Stopping threads took: 0.0020850 seconds
150.322: Application time: 0.0566260 seconds
150.324: [GC150.324: [ParNew: 246488K->1242K(275904K), 0.0015400 secs] 811823K->566691K(888836K), 0.0015760 secs] [Times: user=0.01 sys=0.00, real=0.00 secs] 
150.325: Total time for which application threads were stopped: 0.0033110 seconds, Stopping threads took: 0.0013440 seconds
150.381: Application time: 0.0560050 seconds
150.384: [GC150.384: [ParNew: 246490K->1279K(275904K), 0.0015900 secs] 811939K->566792K(888836K), 0.0016270 secs] [Times: user=0.01 sys=0.01, real=0.00 secs] 
150.385: Total time for which application threads were stopped: 0.0040110 seconds, Stopping threads took: 0.0020050 seconds
150.441: Application time: 0.0557360 seconds
150.441: [GC150.441: [ParNew: 246527K->1234K(275904K), 0.0014920 secs] 812040K->566810K(888836K), 0.0015280 secs] [Times: user=0.01 sys=0.00, real=0.00 secs] 
150.443: Total time for which application threads were stopped: 0.0019890 seconds, Stopping threads took: 0.0000630 seconds
150.499: Application time: 0.0557010 seconds
150.499: [GC150.499: [ParNew: 246482K->1223K(275904K), 0.0015390 secs] 812058K->566903K(888836K), 0.0015830 secs] [Times: user=0.01 sys=0.00, real=0.01 secs] 
150.501: Total time for which application threads were stopped: 0.0020340 seconds, Stopping threads took: 0.0000480 seconds
150.557: Application time: 0.0567080 seconds
150.558: [GC150.558: [ParNew: 246471K->1179K(275904K), 0.0015320 secs] 812151K->566924K(888836K), 0.0015670 secs] [Times: user=0.01 sys=0.00, real=0.01 secs] 
150.559: Total time for which application threads were stopped: 0.0020100 seconds, Stopping threads took: 0.0000470 seconds
150.615: Application time: 0.0558950 seconds
150.620: [GC150.620: [ParNew: 246427K->1327K(275904K), 0.0015300 secs] 812172K->567136K(888836K), 0.0015650 secs] [Times: user=0.01 sys=0.00, real=0.00 secs] 
150.621: Total time for which application threads were stopped: 0.0058680 seconds, Stopping threads took: 0.0039050 seconds
150.677: Application time: 0.0554070 seconds
150.677: [GC150.677: [ParNew: 246575K->1504K(275904K), 0.0014710 secs] 812384K->567384K(888836K), 0.0015060 secs] [Times: user=0.01 sys=0.00, real=0.00 secs] 
150.679: Total time for which application threads were stopped: 0.0019460 seconds, Stopping threads took: 0.0000460 seconds
150.733: Application time: 0.0545900 seconds
150.736: [GC150.736: [ParNew: 246752K->1376K(275904K), 0.0014920 secs] 812632K->567320K(888836K), 0.0015280 secs] [Times: user=0.01 sys=0.00, real=0.00 secs] 
150.737: Total time for which application threads were stopped: 0.0040010 seconds, Stopping threads took: 0.0020800 seconds
150.792: Application time: 0.0548200 seconds
150.792: [GC150.792: [ParNew: 246624K->1433K(275904K), 0.0015150 secs] 812568K->567449K(888836K), 0.0015520 secs] [Times: user=0.01 sys=0.00, real=0.00 secs] 
150.794: Total time for which application threads were stopped: 0.0019950 seconds, Stopping threads took: 0.0000520 seconds
150.849: Application time: 0.0550060 seconds
150.852: [GC150.852: [ParNew: 246681K->1549K(275904K), 0.0015200 secs] 812697K->567638K(888836K), 0.0015570 secs] [Times: user=0.01 sys=0.00, real=0.00 secs] 
150.853: Total time for which application threads were stopped: 0.0042030 seconds, Stopping threads took: 0.0022470 seconds
150.908: Application time: 0.0550110 seconds
150.909: [GC150.909: [ParNew: 246797K->1631K(275904K), 0.0015310 secs] 812886K->567793K(888836K), 0.0015660 secs] [Times: user=0.01 sys=0.00, real=0.00 secs] 
150.910: Total time for which application threads were stopped: 0.0020310 seconds, Stopping threads took: 0.0000490 seconds
150.965: Application time: 0.0550550 seconds
150.966: [GC150.966: [ParNew: 246879K->1610K(275904K), 0.0015810 secs] 813041K->567837K(888836K), 0.0016180 secs] [Times: user=0.01 sys=0.00, real=0.01 secs] 
150.967: Total time for which application threads were stopped: 0.0020780 seconds, Stopping threads took: 0.0000610 seconds
151.023: Application time: 0.0551890 seconds
151.023: [GC151.023: [ParNew: 246858K->1621K(275904K), 0.0015630 secs] 813085K->567905K(888836K), 0.0016010 secs] [Times: user=0.01 sys=0.00, real=0.00 secs] 
151.025: Total time for which application threads were stopped: 0.0020440 seconds, Stopping threads took: 0.0000530 seconds
151.079: Application time: 0.0548400 seconds
151.084: [GC151.084: [ParNew: 246869K->1373K(275904K), 0.0017420 secs] 813153K->567757K(888836K), 0.0017780 secs] [Times: user=0.02 sys=0.00, real=0.00 secs] 
151.085: Total time for which application threads were stopped: 0.0059490 seconds, Stopping threads took: 0.0037750 seconds
151.141: Application time: 0.0551600 seconds
151.141: [GC151.141: [ParNew: 246621K->1384K(275904K), 0.0015570 secs] 813005K->567880K(888836K), 0.0015900 secs] [Times: user=0.01 sys=0.00, real=0.00 secs] 
151.143: Total time for which application threads were stopped: 0.0020390 seconds, Stopping threads took: 0.0000480 seconds
151.199: Application time: 0.0559890 seconds
151.200: [GC151.200: [ParNew: 246632K->1219K(275904K), 0.0015650 secs] 813128K->567968K(888836K), 0.0015980 secs] [Times: user=0.01 sys=0.00, real=0.00 secs] 
151.201: Total time for which application threads were stopped: 0.0025320 seconds, Stopping threads took: 0.0004350 seconds
151.258: Application time: 0.0566070 seconds
151.258: [GC151.258: [ParNew: 246467K->1215K(275904K), 0.0015320 secs] 813216K->568045K(888836K), 0.0015670 secs] [Times: user=0.01 sys=0.00, real=0.01 secs] 
151.260: Total time for which application threads were stopped: 0.0020160 seconds, Stopping threads took: 0.0000600 seconds
151.315: Application time: 0.0553320 seconds
151.316: [GC151.316: [ParNew: 246463K->1323K(275904K), 0.0014770 secs] 813293K->568209K(888836K), 0.0015110 secs] [Times: user=0.01 sys=0.00, real=0.00 secs] 
151.317: Total time for which application threads were stopped: 0.0019600 seconds, Stopping threads took: 0.0000490 seconds
151.373: Application time: 0.0559630 seconds
151.376: [GC151.376: [ParNew: 246571K->1182K(275904K), 0.0015800 secs] 813457K->568132K(888836K), 0.0016190 secs] [Times: user=0.01 sys=0.00, real=0.00 secs] 
151.377: Total time for which application threads were stopped: 0.0041790 seconds, Stopping threads took: 0.0022080 seconds
151.433: Application time: 0.0556760 seconds
151.436: [GC151.436: [ParNew: 246430K->1347K(275904K), 0.0015870 secs] 813380K->568393K(888836K), 0.0016250 secs] [Times: user=0.01 sys=0.00, real=0.00 secs] 
151.437: Total time for which application threads were stopped: 0.0043550 seconds, Stopping threads took: 0.0023440 seconds
151.494: Application time: 0.0565190 seconds
151.494: [GC151.494: [ParNew: 246595K->1354K(275904K), 0.0015620 secs] 813641K->568464K(888836K), 0.0016010 secs] [Times: user=0.01 sys=0.00, real=0.00 secs] 
151.496: Total time for which application threads were stopped: 0.0020140 seconds, Stopping threads took: 0.0000530 seconds
151.551: Application time: 0.0555710 seconds
151.556: [GC151.556: [ParNew: 246602K->1293K(275904K), 0.0016220 secs] 813712K->568458K(888836K), 0.0016590 secs] [Times: user=0.01 sys=0.00, real=0.00 secs] 
151.557: Total time for which application threads were stopped: 0.0058830 seconds, Stopping threads took: 0.0038610 seconds
151.613: Application time: 0.0553720 seconds
151.613: [GC151.613: [ParNew: 246541K->1438K(275904K), 0.0014850 secs] 813706K->568660K(888836K), 0.0015210 secs] [Times: user=0.01 sys=0.00, real=0.00 secs] 
151.615: Total time for which application threads were stopped: 0.0019730 seconds, Stopping threads took: 0.0000560 seconds
151.669: Application time: 0.0548370 seconds
151.670: [GC151.670: [ParNew: 246686K->1468K(275904K), 0.0015230 secs] 813908K->568754K(888836K), 0.0015600 secs] [Times: user=0.01 sys=0.00, real=0.00 secs] 
151.671: Total time for which application threads were stopped: 0.0020110 seconds, Stopping threads took: 0.0000530 seconds
151.726: Application time: 0.0549590 seconds
151.728: [GC151.728: [ParNew: 246716K->1431K(275904K), 0.0014940 secs] 814002K->568773K(888836K), 0.0015300 secs] [Times: user=0.02 sys=0.00, real=0.00 secs] 
151.729: Total time for which application threads were stopped: 0.0027240 seconds, Stopping threads took: 0.0007910 seconds
151.784: Application time: 0.0548510 seconds
151.784: [GC151.784: [ParNew: 246679K->1535K(275904K), 0.0015620 secs] 814021K->568941K(888836K), 0.0015960 secs] [Times: user=0.01 sys=0.00, real=0.00 secs] 
151.786: Total time for which application threads were stopped: 0.0020310 seconds, Stopping threads took: 0.0000440 seconds
151.841: Application time: 0.0548410 seconds
151.844: [GC151.844: [ParNew: 246783K->1550K(275904K), 0.0015380 secs] 814189K->569012K(888836K), 0.0015740 secs] [Times: user=0.01 sys=0.00, real=0.00 secs] 
151.845: Total time for which application threads were stopped: 0.0043270 seconds, Stopping threads took: 0.0023590 seconds
151.900: Application time: 0.0551920 seconds
151.901: [GC151.901: [ParNew: 246798K->1517K(275904K), 0.0015300 secs] 814260K->569045K(888836K), 0.0015680 secs] [Times: user=0.01 sys=0.00, real=0.00 secs] 
151.902: Total time for which application threads were stopped: 0.0020130 seconds, Stopping threads took: 0.0000520 seconds
151.957: Application time: 0.0549360 seconds
151.960: [GC151.960: [ParNew: 246765K->1502K(275904K), 0.0015490 secs] 814293K->569096K(888836K), 0.0015930 secs] [Times: user=0.02 sys=0.00, real=0.00 secs] 
151.961: Total time for which application threads were stopped: 0.0039020 seconds, Stopping threads took: 0.0018920 seconds
152.016: Application time: 0.0550370 seconds
152.017: [GC152.017: [ParNew: 246750K->1384K(275904K), 0.0017590 secs] 814344K->569044K(888836K), 0.0017950 secs] [Times: user=0.01 sys=0.00, real=0.00 secs] 
152.019: Total time for which application threads were stopped: 0.0022380 seconds, Stopping threads took: 0.0000460 seconds
152.074: Application time: 0.0553900 seconds
152.074: [GC152.074: [ParNew: 246632K->1571K(275904K), 0.0016970 secs] 814292K->569323K(888836K), 0.0017350 secs] [Times: user=0.01 sys=0.00, real=0.00 secs] 
152.076: Total time for which application threads were stopped: 0.0021830 seconds, Stopping threads took: 0.0000470 seconds
152.132: Application time: 0.0562230 seconds
152.136: [GC152.136: [ParNew: 246819K->1187K(275904K), 0.0016510 secs] 814571K->569188K(888836K), 0.0016890 secs] [Times: user=0.02 sys=0.00, real=0.00 secs] 
152.137: Total time for which application threads were stopped: 0.0049480 seconds, Stopping threads took: 0.0028980 seconds
152.193: Application time: 0.0554260 seconds
152.196: [GC152.196: [ParNew: 246435K->1328K(275904K), 0.0018250 secs] 814436K->569401K(888836K), 0.0018700 secs] [Times: user=0.01 sys=0.00, real=0.00 secs] 
152.198: Total time for which application threads were stopped: 0.0048590 seconds, Stopping threads took: 0.0025070 seconds
152.253: Application time: 0.0551890 seconds
152.253: [GC152.253: [ParNew: 246576K->971K(275904K), 0.0015640 secs] 814649K->569108K(888836K), 0.0016030 secs] [Times: user=0.01 sys=0.00, real=0.00 secs] 
152.255: Total time for which application threads were stopped: 0.0020260 seconds, Stopping threads took: 0.0000610 seconds
152.310: Application time: 0.0552160 seconds
152.310: [GC152.310: [ParNew: 246219K->1130K(275904K), 0.0015800 secs] 814356K->569331K(888836K), 0.0016170 secs] [Times: user=0.01 sys=0.00, real=0.00 secs] 
152.312: Total time for which application threads were stopped: 0.0020420 seconds, Stopping threads took: 0.0000600 seconds
152.368: Application time: 0.0560370 seconds
152.369: [GC152.369: [ParNew: 246378K->1225K(275904K), 0.0017780 secs] 814579K->569482K(888836K), 0.0018160 secs] [Times: user=0.01 sys=0.00, real=0.00 secs] 
152.370: Total time for which application threads were stopped: 0.0022260 seconds, Stopping threads took: 0.0000490 seconds
152.426: Application time: 0.0555790 seconds
152.426: [GC152.426: [ParNew: 246473K->1139K(275904K), 0.0015190 secs] 814730K->569492K(888836K), 0.0015540 secs] [Times: user=0.01 sys=0.00, real=0.01 secs] 
152.428: Total time for which application threads were stopped: 0.0020130 seconds, Stopping threads took: 0.0000590 seconds
152.483: Application time: 0.0551880 seconds
152.488: [GC152.488: [ParNew: 246387K->1292K(275904K), 0.0014820 secs] 814740K->569709K(888836K), 0.0015180 secs] [Times: user=0.01 sys=0.00, real=0.00 secs] 
152.489: Total time for which application threads were stopped: 0.0060360 seconds, Stopping threads took: 0.0041000 seconds
152.545: Application time: 0.0555930 seconds
152.545: [GC152.545: [ParNew: 246540K->1336K(275904K), 0.0014840 secs] 814957K->569817K(888836K), 0.0015210 secs] [Times: user=0.01 sys=0.00, real=0.00 secs] 
152.547: Total time for which application threads were stopped: 0.0019600 seconds, Stopping threads took: 0.0000430 seconds
152.602: Application time: 0.0552730 seconds
152.604: [GC152.604: [ParNew: 246584K->1358K(275904K), 0.0014910 secs] 815065K->569903K(888836K), 0.0015270 secs] [Times: user=0.01 sys=0.00, real=0.00 secs] 
152.605: Total time for which application threads were stopped: 0.0031600 seconds, Stopping threads took: 0.0012340 seconds
152.660: Application time: 0.0549490 seconds
152.664: [GC152.664: [ParNew: 246606K->1459K(275904K), 0.0015050 secs] 815151K->570068K(888836K), 0.0015400 secs] [Times: user=0.01 sys=0.00, real=0.00 secs] 
152.665: Total time for which application threads were stopped: 0.0050600 seconds, Stopping threads took: 0.0031190 seconds
152.721: Application time: 0.0553470 seconds
152.721: [GC152.721: [ParNew: 246707K->1494K(275904K), 0.0015430 secs] 815316K->570159K(888836K), 0.0015790 secs] [Times: user=0.01 sys=0.00, real=0.00 secs] 
152.723: Total time for which application threads were stopped: 0.0020240 seconds, Stopping threads took: 0.0000490 seconds
152.778: Application time: 0.0551320 seconds
152.778: [GC152.778: [ParNew: 246742K->1518K(275904K), 0.0015230 secs] 815407K->570239K(888836K), 0.0015590 secs] [Times: user=0.01 sys=0.00, real=0.01 secs] 
152.780: Total time for which application threads were stopped: 0.0020100 seconds, Stopping threads took: 0.0000510 seconds
152.835: Application time: 0.0552860 seconds
152.835: [GC152.835: [ParNew: 246766K->1344K(275904K), 0.0015290 secs] 815487K->570129K(888836K), 0.0015660 secs] [Times: user=0.01 sys=0.00, real=0.00 secs] 
152.837: Total time for which application threads were stopped: 0.0020190 seconds, Stopping threads took: 0.0000490 seconds
152.892: Application time: 0.0551510 seconds
152.896: [GC152.896: [ParNew: 246592K->1504K(275904K), 0.0015300 secs] 815377K->570353K(888836K), 0.0015670 secs] [Times: user=0.01 sys=0.00, real=0.00 secs] 
152.897: Total time for which application threads were stopped: 0.0050300 seconds, Stopping threads took: 0.0030640 seconds
152.953: Application time: 0.0553010 seconds
152.956: [GC152.956: [ParNew: 246752K->1683K(275904K), 0.0015400 secs] 815601K->570593K(888836K), 0.0015770 secs] [Times: user=0.02 sys=0.00, real=0.00 secs] 
152.957: Total time for which application threads were stopped: 0.0047110 seconds, Stopping threads took: 0.0027340 seconds
153.013: Application time: 0.0562420 seconds
153.014: [GC153.014: [ParNew: 246931K->1435K(275904K), 0.0016190 secs] 815841K->570532K(888836K), 0.0016560 secs] [Times: user=0.00 sys=0.01, real=0.00 secs] 
153.016: Total time for which application threads were stopped: 0.0021200 seconds, Stopping threads took: 0.0000450 seconds
153.072: Application time: 0.0566550 seconds
153.073: [GC153.073: [ParNew: 246683K->1366K(275904K), 0.0015130 secs] 815780K->570623K(888836K), 0.0015500 secs] [Times: user=0.01 sys=0.00, real=0.00 secs] 
153.074: Total time for which application threads were stopped: 0.0019970 seconds, Stopping threads took: 0.0000490 seconds
153.130: Application time: 0.0555880 seconds
153.132: [GC153.132: [ParNew: 246614K->976K(275904K), 0.0015060 secs] 815871K->570334K(888836K), 0.0015400 secs] [Times: user=0.01 sys=0.00, real=0.00 secs] 
153.133: Total time for which application threads were stopped: 0.0033430 seconds, Stopping threads took: 0.0014060 seconds
153.189: Application time: 0.0556560 seconds
153.192: [GC153.192: [ParNew: 246224K->1156K(275904K), 0.0014810 secs] 815582K->570570K(888836K), 0.0015160 secs] [Times: user=0.01 sys=0.00, real=0.00 secs] 
153.193: Total time for which application threads were stopped: 0.0043160 seconds, Stopping threads took: 0.0024030 seconds
153.250: Application time: 0.0564960 seconds
153.250: [GC153.250: [ParNew: 246404K->1263K(275904K), 0.0015340 secs] 815818K->570734K(888836K), 0.0015710 secs] [Times: user=0.01 sys=0.00, real=0.00 secs] 
153.252: Total time for which application threads were stopped: 0.0020190 seconds, Stopping threads took: 0.0000470 seconds
153.307: Application time: 0.0554720 seconds
153.312: [GC153.312: [ParNew: 246511K->1320K(275904K), 0.0015780 secs] 815982K->570855K(888836K), 0.0016170 secs] [Times: user=0.01 sys=0.00, real=0.00 secs] 
153.313: Total time for which application threads were stopped: 0.0060690 seconds, Stopping threads took: 0.0040980 seconds
153.369: Application time: 0.0558020 seconds
153.369: [GC153.369: [ParNew: 246568K->1323K(275904K), 0.0015920 secs] 816103K->570922K(888836K), 0.0016310 secs] [Times: user=0.01 sys=0.00, real=0.00 secs] 
153.371: Total time for which application threads were stopped: 0.0020430 seconds, Stopping threads took: 0.0000570 seconds
153.426: Application time: 0.0550190 seconds
153.427: [GC153.427: [ParNew: 246571K->1345K(275904K), 0.0016590 secs] 816170K->571048K(888836K), 0.0017050 secs] [Times: user=0.02 sys=0.00, real=0.01 secs] 
153.428: Total time for which application threads were stopped: 0.0021700 seconds, Stopping threads took: 0.0000710 seconds
153.484: Application time: 0.0553470 seconds
153.488: [GC153.488: [ParNew: 246593K->1413K(275904K), 0.0015320 secs] 816296K->571173K(888836K), 0.0015700 secs] [Times: user=0.01 sys=0.00, real=0.00 secs] 
153.489: Total time for which application threads were stopped: 0.0056010 seconds, Stopping threads took: 0.0036410 seconds
153.544: Application time: 0.0551000 seconds
153.548: [GC153.548: [ParNew: 246661K->1483K(275904K), 0.0015220 secs] 816421K->571299K(888836K), 0.0015580 secs] [Times: user=0.01 sys=0.00, real=0.00 secs] 
153.549: Total time for which application threads were stopped: 0.0048910 seconds, Stopping threads took: 0.0029200 seconds
153.604: Application time: 0.0551180 seconds
153.605: [GC153.605: [ParNew: 246731K->1379K(275904K), 0.0015330 secs] 816547K->571251K(888836K), 0.0015640 secs] [Times: user=0.01 sys=0.00, real=0.00 secs] 
153.606: Total time for which application threads were stopped: 0.0020140 seconds, Stopping threads took: 0.0000370 seconds
153.662: Application time: 0.0556040 seconds
153.664: [GC153.664: [ParNew: 246627K->1337K(275904K), 0.0016160 secs] 816499K->571265K(888836K), 0.0016520 secs] [Times: user=0.01 sys=0.00, real=0.00 secs] 
153.665: Total time for which application threads were stopped: 0.0033350 seconds, Stopping threads took: 0.0012870 seconds
153.721: Application time: 0.0553500 seconds
153.724: [GC153.724: [ParNew: 246585K->1459K(275904K), 0.0015010 secs] 816513K->571451K(888836K), 0.0015370 secs] [Times: user=0.01 sys=0.00, real=0.00 secs] 
153.725: Total time for which application threads were stopped: 0.0045250 seconds, Stopping threads took: 0.0025910 seconds
153.781: Application time: 0.0555280 seconds
153.784: [GC153.784: [ParNew: 246707K->1469K(275904K), 0.0015760 secs] 816699K->571527K(888836K), 0.0016140 secs] [Times: user=0.01 sys=0.00, real=0.00 secs] 
153.785: Total time for which application threads were stopped: 0.0045430 seconds, Stopping threads took: 0.0025350 seconds
153.840: Application time: 0.0551460 seconds
153.844: [GC153.844: [ParNew: 246717K->1549K(275904K), 0.0015760 secs] 816775K->571680K(888836K), 0.0016120 secs] [Times: user=0.01 sys=0.00, real=0.00 secs] 
153.845: Total time for which application threads were stopped: 0.0048580 seconds, Stopping threads took: 0.0028530 seconds
153.901: Application time: 0.0553300 seconds
153.901: [GC153.901: [ParNew: 246797K->1654K(275904K), 0.0015670 secs] 816928K->571857K(888836K), 0.0016050 secs] [Times: user=0.01 sys=0.00, real=0.00 secs] 
153.903: Total time for which application threads were stopped: 0.0020710 seconds, Stopping threads took: 0.0000750 seconds
153.959: Application time: 0.0561200 seconds
153.959: [GC153.959: [ParNew: 246902K->1556K(275904K), 0.0016130 secs] 817105K->571888K(888836K), 0.0016530 secs] [Times: user=0.02 sys=0.00, real=0.00 secs] 
153.961: Total time for which application threads were stopped: 0.0021340 seconds, Stopping threads took: 0.0000790 seconds
154.017: Application time: 0.0556070 seconds
154.017: [GC154.017: [ParNew: 246804K->1061K(275904K), 0.0015000 secs] 817136K->571520K(888836K), 0.0015390 secs] [Times: user=0.02 sys=0.00, real=0.00 secs] 
154.019: Total time for which application threads were stopped: 0.0019800 seconds, Stopping threads took: 0.0000470 seconds
154.074: Application time: 0.0555550 seconds
154.076: [GC154.076: [ParNew: 246309K->1145K(275904K), 0.0015880 secs] 816768K->571743K(888836K), 0.0016240 secs] [Times: user=0.01 sys=0.00, real=0.00 secs] 
154.077: Total time for which application threads were stopped: 0.0032240 seconds, Stopping threads took: 0.0011770 seconds
154.133: Application time: 0.0556770 seconds
154.133: [GC154.133: [ParNew: 246393K->1035K(275904K), 0.0016530 secs] 816991K->571688K(888836K), 0.0016900 secs] [Times: user=0.01 sys=0.00, real=0.00 secs] 
154.135: Total time for which application threads were stopped: 0.0021520 seconds, Stopping threads took: 0.0000620 seconds
154.191: Application time: 0.0557760 seconds
154.191: [GC154.191: [ParNew: 246283K->1210K(275904K), 0.0015680 secs] 816936K->571928K(888836K), 0.0016010 secs] [Times: user=0.01 sys=0.00, real=0.00 secs] 
154.193: Total time for which application threads were stopped: 0.0020590 seconds, Stopping threads took: 0.0000540 seconds
154.249: Application time: 0.0563980 seconds
154.252: [GC154.252: [ParNew: 246458K->1331K(275904K), 0.0017000 secs] 817176K->572105K(888836K), 0.0017390 secs] [Times: user=0.01 sys=0.00, real=0.00 secs] 
154.253: Total time for which application threads were stopped: 0.0039580 seconds, Stopping threads took: 0.0018600 seconds
154.309: Application time: 0.0553240 seconds
154.309: [GC154.309: [ParNew: 246579K->1345K(275904K), 0.0015310 secs] 817353K->572175K(888836K), 0.0015690 secs] [Times: user=0.01 sys=0.00, real=0.00 secs] 
154.311: Total time for which application threads were stopped: 0.0020210 seconds, Stopping threads took: 0.0000570 seconds
154.366: Application time: 0.0552320 seconds
154.366: [GC154.366: [ParNew: 246593K->1149K(275904K), 0.0016150 secs] 817423K->572083K(888836K), 0.0016530 secs] [Times: user=0.01 sys=0.00, real=0.01 secs] 
154.368: Total time for which application threads were stopped: 0.0020960 seconds, Stopping threads took: 0.0000440 seconds
154.423: Application time: 0.0552830 seconds
154.424: [GC154.424: [ParNew: 246397K->1381K(275904K), 0.0014870 secs] 817331K->572379K(888836K), 0.0015240 secs] [Times: user=0.01 sys=0.00, real=0.00 secs] 
154.425: Total time for which application threads were stopped: 0.0019660 seconds, Stopping threads took: 0.0000460 seconds
154.481: Application time: 0.0555570 seconds
154.481: [GC154.481: [ParNew: 246629K->1400K(275904K), 0.0015010 secs] 817627K->572454K(888836K), 0.0015370 secs] [Times: user=0.01 sys=0.00, real=0.00 secs] 
154.483: Total time for which application threads were stopped: 0.0019820 seconds, Stopping threads took: 0.0000490 seconds
154.538: Application time: 0.0548230 seconds
154.538: [GC154.538: [ParNew: 246648K->1409K(275904K), 0.0014480 secs] 817702K->572519K(888836K), 0.0014840 secs] [Times: user=0.01 sys=0.00, real=0.01 secs] 
154.540: Total time for which application threads were stopped: 0.0019340 seconds, Stopping threads took: 0.0000500 seconds
154.593: Application time: 0.0538540 seconds
154.594: [GC154.594: [ParNew: 246657K->1385K(275904K), 0.0015650 secs] 817767K->572535K(888836K), 0.0016010 secs] [Times: user=0.01 sys=0.01, real=0.00 secs] 
154.596: Total time for which application threads were stopped: 0.0020720 seconds, Stopping threads took: 0.0000500 seconds
154.650: Application time: 0.0549580 seconds
154.651: [GC154.651: [ParNew: 246633K->1364K(275904K), 0.0014380 secs] 817783K->572553K(888836K), 0.0014740 secs] [Times: user=0.01 sys=0.00, real=0.00 secs] 
154.652: Total time for which application threads were stopped: 0.0019220 seconds, Stopping threads took: 0.0000500 seconds
154.707: Application time: 0.0545930 seconds
154.707: [GC154.707: [ParNew: 246612K->1372K(275904K), 0.0014320 secs] 817801K->572604K(888836K), 0.0014670 secs] [Times: user=0.01 sys=0.00, real=0.00 secs] 
154.709: Total time for which application threads were stopped: 0.0019250 seconds, Stopping threads took: 0.0000420 seconds
154.764: Application time: 0.0548820 seconds
154.767: [GC154.767: [ParNew: 246620K->1440K(275904K), 0.0014360 secs] 817852K->572719K(888836K), 0.0014700 secs] [Times: user=0.01 sys=0.00, real=0.00 secs] 
154.769: Total time for which application threads were stopped: 0.0051080 seconds, Stopping threads took: 0.0032370 seconds
154.827: Application time: 0.0576880 seconds
154.827: [GC154.827: [ParNew: 246688K->1125K(275904K), 0.0015190 secs] 817967K->572493K(888836K), 0.0015570 secs] [Times: user=0.01 sys=0.00, real=0.01 secs] 
154.829: Total time for which application threads were stopped: 0.0020180 seconds, Stopping threads took: 0.0000570 seconds
154.829: Application time: 0.0001170 seconds
154.829: Total time for which application threads were stopped: 0.0002500 seconds, Stopping threads took: 0.0000650 seconds
154.918: Application time: 0.0894630 seconds
154.919: [GC154.919: [ParNew: 246373K->588K(275904K), 0.0014360 secs] 817741K->572030K(888836K), 0.0014790 secs] [Times: user=0.01 sys=0.00, real=0.01 secs] 
154.920: Total time for which application threads were stopped: 0.0018490 seconds, Stopping threads took: 0.0000140 seconds
154.920: Application time: 0.0000800 seconds
154.921: Total time for which application threads were stopped: 0.0001970 seconds, Stopping threads took: 0.0000160 seconds
154.921: Application time: 0.0000290 seconds
154.921: Total time for which application threads were stopped: 0.0000900 seconds, Stopping threads took: 0.0000120 seconds
154.958: Application time: 0.0368320 seconds
154.958: Total time for which application threads were stopped: 0.0003540 seconds, Stopping threads took: 0.0000220 seconds
155.009: Application time: 0.0510920 seconds
155.009: [GC155.009: [ParNew: 245836K->760K(275904K), 0.0013340 secs] 817278K->572250K(888836K), 0.0013680 secs] [Times: user=0.01 sys=0.00, real=0.00 secs] 
155.011: Total time for which application threads were stopped: 0.0018180 seconds, Stopping threads took: 0.0000450 seconds
155.011: Application time: 0.0000990 seconds
155.011: Total time for which application threads were stopped: 0.0002240 seconds, Stopping threads took: 0.0000380 seconds
155.064: Application time: 0.0533260 seconds
155.065: [GC155.065: [ParNew: 246008K->864K(275904K), 0.0013550 secs] 817498K->572410K(888836K), 0.0013860 secs] [Times: user=0.01 sys=0.00, real=0.00 secs] 
155.066: Total time for which application threads were stopped: 0.0018380 seconds, Stopping threads took: 0.0000450 seconds
155.121: Application time: 0.0544400 seconds
155.121: [GC155.121: [ParNew: 246112K->908K(275904K), 0.0015240 secs] 817658K->572510K(888836K), 0.0015570 secs] [Times: user=0.01 sys=0.00, real=0.00 secs] 
155.123: Total time for which application threads were stopped: 0.0020460 seconds, Stopping threads took: 0.0000450 seconds
155.176: Application time: 0.0530610 seconds
155.176: [GC155.176: [ParNew: 246156K->950K(275904K), 0.0012900 secs] 817758K->572592K(888836K), 0.0013240 secs] [Times: user=0.01 sys=0.00, real=0.00 secs] 
155.178: Total time for which application threads were stopped: 0.0017760 seconds, Stopping threads took: 0.0000450 seconds
155.231: Application time: 0.0536170 seconds
155.232: [GC155.232: [ParNew: 246198K->1050K(275904K), 0.0013000 secs] 817840K->572718K(888836K), 0.0013380 secs] [Times: user=0.01 sys=0.00, real=0.00 secs] 
155.233: Total time for which application threads were stopped: 0.0017920 seconds, Stopping threads took: 0.0000440 seconds
155.288: Application time: 0.0551300 seconds
155.289: [GC155.289: [ParNew: 246298K->1174K(275904K), 0.0012970 secs] 817966K->572881K(888836K), 0.0013310 secs] [Times: user=0.01 sys=0.00, real=0.00 secs] 
155.290: Total time for which application threads were stopped: 0.0017850 seconds, Stopping threads took: 0.0000450 seconds
155.345: Application time: 0.0546100 seconds
155.348: [GC155.348: [ParNew: 246422K->1207K(275904K), 0.0013090 secs] 818129K->572963K(888836K), 0.0013440 secs] [Times: user=0.01 sys=0.00, real=0.00 secs] 
155.349: Total time for which application threads were stopped: 0.0044030 seconds, Stopping threads took: 0.0026500 seconds
155.404: Application time: 0.0552160 seconds
155.408: [GC155.408: [ParNew: 246455K->1191K(275904K), 0.0013330 secs] 818211K->573011K(888836K), 0.0013660 secs] [Times: user=0.01 sys=0.00, real=0.00 secs] 
155.409: Total time for which application threads were stopped: 0.0047960 seconds, Stopping threads took: 0.0030260 seconds
155.463: Application time: 0.0541200 seconds
155.464: [GC155.464: [ParNew: 246439K->1480K(275904K), 0.0013340 secs] 818259K->573332K(888836K), 0.0013700 secs] [Times: user=0.01 sys=0.01, real=0.00 secs] 
155.465: Total time for which application threads were stopped: 0.0018450 seconds, Stopping threads took: 0.0000460 seconds
155.520: Application time: 0.0553340 seconds
155.524: [GC155.524: [ParNew: 246728K->1154K(275904K), 0.0013920 secs] 818580K->573029K(888836K), 0.0014340 secs] [Times: user=0.01 sys=0.00, real=0.00 secs] 
155.525: Total time for which application threads were stopped: 0.0047690 seconds, Stopping threads took: 0.0029220 seconds
155.579: Application time: 0.0543210 seconds
155.580: [GC155.580: [ParNew: 246402K->1443K(275904K), 0.0014330 secs] 818277K->573359K(888836K), 0.0014680 secs] [Times: user=0.01 sys=0.00, real=0.00 secs] 
155.581: Total time for which application threads were stopped: 0.0019340 seconds, Stopping threads took: 0.0000560 seconds
155.636: Application time: 0.0547640 seconds
155.640: [GC155.640: [ParNew: 246691K->1486K(275904K), 0.0013630 secs] 818607K->573426K(888836K), 0.0013990 secs] [Times: user=0.01 sys=0.00, real=0.00 secs] 
155.641: Total time for which application threads were stopped: 0.0049500 seconds, Stopping threads took: 0.0031260 seconds
155.695: Application time: 0.0537290 seconds
155.700: [GC155.700: [ParNew: 246734K->1443K(275904K), 0.0014370 secs] 818674K->573414K(888836K), 0.0014720 secs] [Times: user=0.01 sys=0.00, real=0.00 secs] 
155.701: Total time for which application threads were stopped: 0.0063180 seconds, Stopping threads took: 0.0044390 seconds
155.756: Application time: 0.0545290 seconds
155.760: [GC155.760: [ParNew: 246691K->1581K(275904K), 0.0014630 secs] 818662K->573584K(888836K), 0.0014970 secs] [Times: user=0.01 sys=0.00, real=0.00 secs] 
155.761: Total time for which application threads were stopped: 0.0054910 seconds, Stopping threads took: 0.0035880 seconds
155.816: Application time: 0.0547370 seconds
155.816: [GC155.816: [ParNew: 246829K->1524K(275904K), 0.0014190 secs] 818832K->573552K(888836K), 0.0014570 secs] [Times: user=0.01 sys=0.01, real=0.00 secs] 
155.818: Total time for which application threads were stopped: 0.0018900 seconds, Stopping threads took: 0.0000320 seconds
155.874: Application time: 0.0559150 seconds
155.874: Total time for which application threads were stopped: 0.0004230 seconds, Stopping threads took: 0.0000430 seconds
155.876: Application time: 0.0019390 seconds
155.880: [GC155.880: [ParNew: 246772K->1187K(275904K), 0.0015350 secs] 818800K->573508K(888836K), 0.0015720 secs] [Times: user=0.01 sys=0.00, real=0.00 secs] 
155.881: Total time for which application threads were stopped: 0.0050920 seconds, Stopping threads took: 0.0031610 seconds
155.936: Application time: 0.0547970 seconds
155.940: [GC155.940: [ParNew: 246435K->1197K(275904K), 0.0013550 secs] 818756K->573582K(888836K), 0.0013890 secs] [Times: user=0.01 sys=0.00, real=0.00 secs] 
155.941: Total time for which application threads were stopped: 0.0050780 seconds, Stopping threads took: 0.0032850 seconds
155.995: Application time: 0.0544070 seconds
156.000: [GC156.000: [ParNew: 246445K->1341K(275904K), 0.0013690 secs] 818830K->573790K(888836K), 0.0014040 secs] [Times: user=0.01 sys=0.00, real=0.00 secs] 
156.001: Total time for which application threads were stopped: 0.0056070 seconds, Stopping threads took: 0.0037930 seconds
156.056: Application time: 0.0545860 seconds
156.060: [GC156.060: [ParNew: 246589K->1100K(275904K), 0.0013840 secs] 819038K->573613K(888836K), 0.0014170 secs] [Times: user=0.01 sys=0.00, real=0.00 secs] 
156.061: Total time for which application threads were stopped: 0.0054260 seconds, Stopping threads took: 0.0036020 seconds
156.116: Application time: 0.0553020 seconds
156.124: [GC156.124: [ParNew: 246348K->1171K(275904K), 0.0016210 secs] 818861K->573740K(888836K), 0.0016520 secs] [Times: user=0.01 sys=0.00, real=0.00 secs] 
156.125: Total time for which application threads were stopped: 0.0089270 seconds, Stopping threads took: 0.0068910 seconds
156.182: Application time: 0.0571390 seconds
156.183: [GC156.183: [ParNew: 246419K->1214K(275904K), 0.0015940 secs] 818988K->573839K(888836K), 0.0016310 secs] [Times: user=0.01 sys=0.00, real=0.00 secs] 
156.185: Total time for which application threads were stopped: 0.0021110 seconds, Stopping threads took: 0.0000580 seconds
156.239: Application time: 0.0549150 seconds
156.244: [GC156.244: [ParNew: 246462K->1352K(275904K), 0.0013580 secs] 819087K->574041K(888836K), 0.0014010 secs] [Times: user=0.01 sys=0.00, real=0.00 secs] 
156.245: Total time for which application threads were stopped: 0.0055630 seconds, Stopping threads took: 0.0037570 seconds
156.299: Application time: 0.0543910 seconds
156.304: [GC156.304: [ParNew: 246600K->1445K(275904K), 0.0015330 secs] 819289K->574190K(888836K), 0.0015680 secs] [Times: user=0.01 sys=0.00, real=0.00 secs] 
156.305: Total time for which application threads were stopped: 0.0057850 seconds, Stopping threads took: 0.0038050 seconds
156.360: Application time: 0.0543450 seconds
156.364: [GC156.364: [ParNew: 246693K->1450K(275904K), 0.0014320 secs] 819438K->574251K(888836K), 0.0014670 secs] [Times: user=0.01 sys=0.00, real=0.00 secs] 
156.365: Total time for which application threads were stopped: 0.0055500 seconds, Stopping threads took: 0.0036690 seconds
156.419: Application time: 0.0540820 seconds
156.424: [GC156.424: [ParNew: 246698K->1371K(275904K), 0.0014380 secs] 819499K->574236K(888836K), 0.0014730 secs] [Times: user=0.01 sys=0.00, real=0.00 secs] 
156.425: Total time for which application threads were stopped: 0.0059060 seconds, Stopping threads took: 0.0040210 seconds
156.479: Application time: 0.0540410 seconds
156.480: [GC156.480: [ParNew: 246619K->1498K(275904K), 0.0015440 secs] 819484K->574419K(888836K), 0.0015810 secs] [Times: user=0.01 sys=0.00, real=0.00 secs] 
156.481: Total time for which application threads were stopped: 0.0020440 seconds, Stopping threads took: 0.0000500 seconds
156.535: Application time: 0.0542590 seconds
156.536: [GC156.536: [ParNew: 246746K->1721K(275904K), 0.0014640 secs] 819667K->574690K(888836K), 0.0014990 secs] [Times: user=0.01 sys=0.00, real=0.00 secs] 
156.537: Total time for which application threads were stopped: 0.0019610 seconds, Stopping threads took: 0.0000440 seconds
156.592: Application time: 0.0542950 seconds
156.596: [GC156.596: [ParNew: 246969K->1725K(275904K), 0.0014380 secs] 819938K->574750K(888836K), 0.0014740 secs] [Times: user=0.01 sys=0.00, real=0.00 secs] 
156.597: Total time for which application threads were stopped: 0.0053950 seconds, Stopping threads took: 0.0035110 seconds
156.651: Application time: 0.0539800 seconds
156.656: [GC156.656: [ParNew: 246973K->1667K(275904K), 0.0014840 secs] 819998K->574760K(888836K), 0.0015190 secs] [Times: user=0.02 sys=0.00, real=0.00 secs] 
156.657: Total time for which application threads were stopped: 0.0060550 seconds, Stopping threads took: 0.0041310 seconds
156.711: Application time: 0.0542660 seconds
156.716: [GC156.716: [ParNew: 246915K->1662K(275904K), 0.0014750 secs] 820008K->574823K(888836K), 0.0015120 secs] [Times: user=0.01 sys=0.00, real=0.00 secs] 
156.717: Total time for which application threads were stopped: 0.0057300 seconds, Stopping threads took: 0.0037890 seconds
156.773: Application time: 0.0558210 seconds
156.773: [GC156.773: [ParNew: 246910K->1296K(275904K), 0.0014910 secs] 820071K->574753K(888836K), 0.0015270 secs] [Times: user=0.01 sys=0.00, real=0.00 secs] 
156.775: Total time for which application threads were stopped: 0.0019760 seconds, Stopping threads took: 0.0000560 seconds
156.830: Application time: 0.0553090 seconds
156.832: [GC156.832: [ParNew: 246544K->1223K(275904K), 0.0016590 secs] 820001K->574931K(888836K), 0.0016930 secs] [Times: user=0.01 sys=0.00, real=0.00 secs] 
156.833: Total time for which application threads were stopped: 0.0030240 seconds, Stopping threads took: 0.0009610 seconds
156.888: Application time: 0.0544760 seconds
156.892: [GC156.892: [ParNew: 246471K->1176K(275904K), 0.0014930 secs] 820179K->574956K(888836K), 0.0015260 secs] [Times: user=0.01 sys=0.00, real=0.00 secs] 
156.893: Total time for which application threads were stopped: 0.0053810 seconds, Stopping threads took: 0.0034440 seconds
156.948: Application time: 0.0549990 seconds
156.949: [GC156.949: [ParNew: 246424K->1156K(275904K), 0.0013650 secs] 820204K->575001K(888836K), 0.0013990 secs] [Times: user=0.01 sys=0.00, real=0.00 secs] 
156.950: Total time for which application threads were stopped: 0.0018580 seconds, Stopping threads took: 0.0000410 seconds
157.004: Application time: 0.0544080 seconds
157.005: [GC157.005: [ParNew: 246404K->1121K(275904K), 0.0014700 secs] 820249K->575030K(888836K), 0.0015020 secs] [Times: user=0.01 sys=0.00, real=0.00 secs] 
157.006: Total time for which application threads were stopped: 0.0019540 seconds, Stopping threads took: 0.0000410 seconds
157.061: Application time: 0.0544750 seconds
157.064: [GC157.064: [ParNew: 246369K->1220K(275904K), 0.0013870 secs] 820278K->575193K(888836K), 0.0014190 secs] [Times: user=0.01 sys=0.01, real=0.00 secs] 
157.065: Total time for which application threads were stopped: 0.0041930 seconds, Stopping threads took: 0.0023640 seconds
157.119: Application time: 0.0540610 seconds
157.124: [GC157.124: [ParNew: 246468K->1215K(275904K), 0.0013800 secs] 820441K->575235K(888836K), 0.0014130 secs] [Times: user=0.01 sys=0.00, real=0.00 secs] 
157.125: Total time for which application threads were stopped: 0.0059150 seconds, Stopping threads took: 0.0040950 seconds
157.179: Application time: 0.0541870 seconds
157.184: [GC157.184: [ParNew: 246463K->1362K(275904K), 0.0013660 secs] 820483K->575455K(888836K), 0.0014010 secs] [Times: user=0.01 sys=0.00, real=0.00 secs] 
157.185: Total time for which application threads were stopped: 0.0057920 seconds, Stopping threads took: 0.0039910 seconds
157.240: Application time: 0.0548750 seconds
157.244: [GC157.244: [ParNew: 246610K->1323K(275904K), 0.0014040 secs] 820703K->575487K(888836K), 0.0014390 secs] [Times: user=0.01 sys=0.00, real=0.00 secs] 
157.245: Total time for which application threads were stopped: 0.0051930 seconds, Stopping threads took: 0.0033220 seconds
157.299: Application time: 0.0543420 seconds
157.304: [GC157.304: [ParNew: 246571K->1271K(275904K), 0.0014130 secs] 820735K->575499K(888836K), 0.0014480 secs] [Times: user=0.01 sys=0.00, real=0.00 secs] 
157.305: Total time for which application threads were stopped: 0.0056460 seconds, Stopping threads took: 0.0037840 seconds
157.359: Application time: 0.0540460 seconds
157.360: [GC157.360: [ParNew: 246519K->1504K(275904K), 0.0014000 secs] 820747K->575796K(888836K), 0.0014350 secs] [Times: user=0.01 sys=0.00, real=0.00 secs] 
157.361: Total time for which application threads were stopped: 0.0019040 seconds, Stopping threads took: 0.0000580 seconds
157.415: Application time: 0.0539800 seconds
157.416: [GC157.416: [ParNew: 246752K->1505K(275904K), 0.0013870 secs] 821044K->575862K(888836K), 0.0014230 secs] [Times: user=0.01 sys=0.00, real=0.00 secs] 
157.417: Total time for which application threads were stopped: 0.0020430 seconds, Stopping threads took: 0.0002090 seconds
157.471: Application time: 0.0534660 seconds
157.472: [GC157.472: [ParNew: 246753K->1446K(275904K), 0.0013760 secs] 821110K->575866K(888836K), 0.0014110 secs] [Times: user=0.01 sys=0.00, real=0.00 secs] 
157.473: Total time for which application threads were stopped: 0.0025290 seconds, Stopping threads took: 0.0006920 seconds
157.527: Application time: 0.0537650 seconds
157.532: [GC157.532: [ParNew: 246694K->1383K(275904K), 0.0014650 secs] 821114K->575876K(888836K), 0.0015000 secs] [Times: user=0.01 sys=0.00, real=0.00 secs] 
157.533: Total time for which application threads were stopped: 0.0062990 seconds, Stopping threads took: 0.0043890 seconds
157.587: Application time: 0.0535200 seconds
157.588: [GC157.588: [ParNew: 246631K->1434K(275904K), 0.0014340 secs] 821124K->575986K(888836K), 0.0014710 secs] [Times: user=0.01 sys=0.00, real=0.00 secs] 
157.589: Total time for which application threads were stopped: 0.0024450 seconds, Stopping threads took: 0.0005620 seconds
157.644: Application time: 0.0549550 seconds
157.645: [GC157.645: [ParNew: 246682K->1568K(275904K), 0.0014330 secs] 821234K->576217K(888836K), 0.0014690 secs] [Times: user=0.01 sys=0.00, real=0.00 secs] 
157.646: Total time for which application threads were stopped: 0.0019260 seconds, Stopping threads took: 0.0000430 seconds
157.701: Application time: 0.0553200 seconds
157.704: [GC157.704: [ParNew: 246816K->1174K(275904K), 0.0013400 secs] 821465K->575930K(888836K), 0.0013820 secs] [Times: user=0.01 sys=0.00, real=0.00 secs] 
157.705: Total time for which application threads were stopped: 0.0037060 seconds, Stopping threads took: 0.0019140 seconds
157.760: Application time: 0.0546080 seconds
157.764: [GC157.764: [ParNew: 246422K->1234K(275904K), 0.0014880 secs] 821178K->576046K(888836K), 0.0015230 secs] [Times: user=0.01 sys=0.00, real=0.00 secs] 
157.765: Total time for which application threads were stopped: 0.0055430 seconds, Stopping threads took: 0.0035820 seconds
157.820: Application time: 0.0543880 seconds
157.824: [GC157.824: [ParNew: 246482K->1084K(275904K), 0.0016070 secs] 821294K->576144K(888836K), 0.0016430 secs] [Times: user=0.01 sys=0.00, real=0.00 secs] 
157.825: Total time for which application threads were stopped: 0.0056610 seconds, Stopping threads took: 0.0036500 seconds
157.880: Application time: 0.0548200 seconds
157.881: [GC157.881: [ParNew: 246332K->1005K(275904K), 0.0014670 secs] 821392K->576138K(888836K), 0.0014950 secs] [Times: user=0.01 sys=0.00, real=0.00 secs] 
157.882: Total time for which application threads were stopped: 0.0019290 seconds, Stopping threads took: 0.0000340 seconds
157.937: Application time: 0.0553060 seconds
157.940: [GC157.940: [ParNew: 246253K->1006K(275904K), 0.0014330 secs] 821386K->576178K(888836K), 0.0014660 secs] [Times: user=0.01 sys=0.00, real=0.00 secs] 
157.941: Total time for which application threads were stopped: 0.0037960 seconds, Stopping threads took: 0.0019300 seconds
157.995: Application time: 0.0543240 seconds
157.996: [GC157.996: [ParNew: 246254K->1003K(275904K), 0.0015110 secs] 821426K->576215K(888836K), 0.0015460 secs] [Times: user=0.01 sys=0.00, real=0.00 secs] 
157.997: Total time for which application threads were stopped: 0.0019980 seconds, Stopping threads took: 0.0000390 seconds
158.053: Application time: 0.0550770 seconds
158.056: [GC158.056: [ParNew: 246251K->1257K(275904K), 0.0015110 secs] 821463K->576517K(888836K), 0.0015470 secs] [Times: user=0.02 sys=0.00, real=0.00 secs] 
158.057: Total time for which application threads were stopped: 0.0046460 seconds, Stopping threads took: 0.0027260 seconds
158.112: Application time: 0.0543590 seconds
158.116: [GC158.116: [ParNew: 246505K->1332K(275904K), 0.0013710 secs] 821765K->576640K(888836K), 0.0014060 secs] [Times: user=0.01 sys=0.00, real=0.00 secs] 
158.117: Total time for which application threads were stopped: 0.0055140 seconds, Stopping threads took: 0.0037080 seconds
158.172: Application time: 0.0548840 seconds
158.176: [GC158.176: [ParNew: 246580K->1280K(275904K), 0.0013830 secs] 821888K->576629K(888836K), 0.0014190 secs] [Times: user=0.01 sys=0.00, real=0.00 secs] 
158.177: Total time for which application threads were stopped: 0.0051340 seconds, Stopping threads took: 0.0033070 seconds
158.232: Application time: 0.0553980 seconds
158.236: [GC158.236: [ParNew: 246528K->1161K(275904K), 0.0013470 secs] 821877K->576549K(888836K), 0.0013820 secs] [Times: user=0.01 sys=0.00, real=0.00 secs] 
158.237: Total time for which application threads were stopped: 0.0045650 seconds, Stopping threads took: 0.0027760 seconds
158.291: Application time: 0.0542420 seconds
158.296: [GC158.296: [ParNew: 246409K->1414K(275904K), 0.0013700 secs] 821797K->576858K(888836K), 0.0014050 secs] [Times: user=0.01 sys=0.00, real=0.00 secs] 
158.297: Total time for which application threads were stopped: 0.0057950 seconds, Stopping threads took: 0.0039590 seconds
158.351: Application time: 0.0539270 seconds
158.356: [GC158.356: [ParNew: 246662K->1404K(275904K), 0.0013910 secs] 822106K->576897K(888836K), 0.0014250 secs] [Times: user=0.01 sys=0.00, real=0.00 secs] 
158.357: Total time for which application threads were stopped: 0.0060630 seconds, Stopping threads took: 0.0042300 seconds
158.411: Application time: 0.0537710 seconds
158.416: [GC158.416: [ParNew: 246652K->1354K(275904K), 0.0013990 secs] 822145K->576905K(888836K), 0.0014350 secs] [Times: user=0.01 sys=0.00, real=0.00 secs] 
158.417: Total time for which application threads were stopped: 0.0062460 seconds, Stopping threads took: 0.0043950 seconds
158.470: Application time: 0.0533040 seconds
158.471: [GC158.471: [ParNew: 246602K->1538K(275904K), 0.0014520 secs] 822153K->577144K(888836K), 0.0014890 secs] [Times: user=0.01 sys=0.00, real=0.00 secs] 
158.472: Total time for which application threads were stopped: 0.0019510 seconds, Stopping threads took: 0.0000500 seconds
158.526: Application time: 0.0539720 seconds
158.527: [GC158.527: [ParNew: 246786K->1492K(275904K), 0.0015370 secs] 822392K->577138K(888836K), 0.0015730 secs] [Times: user=0.01 sys=0.00, real=0.01 secs] 
158.528: Total time for which application threads were stopped: 0.0020190 seconds, Stopping threads took: 0.0000410 seconds
158.584: Application time: 0.0561000 seconds
158.588: [GC158.588: [ParNew: 246740K->1211K(275904K), 0.0014960 secs] 822386K->577026K(888836K), 0.0015300 secs] [Times: user=0.01 sys=0.00, real=0.00 secs] 
158.589: Total time for which application threads were stopped: 0.0047320 seconds, Stopping threads took: 0.0027970 seconds
158.644: Application time: 0.0544980 seconds
158.648: [GC158.648: [ParNew: 246459K->1343K(275904K), 0.0014320 secs] 822274K->577226K(888836K), 0.0014670 secs] [Times: user=0.01 sys=0.00, real=0.00 secs] 
158.649: Total time for which application threads were stopped: 0.0054340 seconds, Stopping threads took: 0.0035620 seconds
158.704: Application time: 0.0550880 seconds
158.705: [GC158.705: [ParNew: 246591K->1208K(275904K), 0.0014250 secs] 822474K->577155K(888836K), 0.0014590 secs] [Times: user=0.01 sys=0.00, real=0.00 secs] 
158.706: Total time for which application threads were stopped: 0.0019270 seconds, Stopping threads took: 0.0000520 seconds
158.761: Application time: 0.0545720 seconds
158.761: [GC158.761: [ParNew: 246456K->1212K(275904K), 0.0016770 secs] 822403K->577215K(888836K), 0.0017080 secs] [Times: user=0.01 sys=0.00, real=0.00 secs] 
158.763: Total time for which application threads were stopped: 0.0021690 seconds, Stopping threads took: 0.0000580 seconds
158.817: Application time: 0.0544540 seconds
158.820: [GC158.820: [ParNew: 246460K->1022K(275904K), 0.0015850 secs] 822463K->577266K(888836K), 0.0016170 secs] [Times: user=0.01 sys=0.00, real=0.00 secs] 
158.821: Total time for which application threads were stopped: 0.0039490 seconds, Stopping threads took: 0.0019010 seconds
158.877: Application time: 0.0552240 seconds
158.877: [GC158.877: [ParNew: 246270K->1093K(275904K), 0.0014490 secs] 822514K->577401K(888836K), 0.0014790 secs] [Times: user=0.01 sys=0.00, real=0.00 secs] 
158.878: Total time for which application threads were stopped: 0.0018940 seconds, Stopping threads took: 0.0000590 seconds
158.933: Application time: 0.0540940 seconds
158.936: [GC158.936: [ParNew: 246341K->1183K(275904K), 0.0013610 secs] 822649K->577555K(888836K), 0.0013940 secs] [Times: user=0.01 sys=0.00, real=0.00 secs] 
158.937: Total time for which application threads were stopped: 0.0045160 seconds, Stopping threads took: 0.0027220 seconds
158.992: Application time: 0.0545740 seconds
158.996: [GC158.996: [ParNew: 246431K->1252K(275904K), 0.0013770 secs] 822803K->577688K(888836K), 0.0014110 secs] [Times: user=0.01 sys=0.00, real=0.00 secs] 
158.997: Total time for which application threads were stopped: 0.0054410 seconds, Stopping threads took: 0.0036250 seconds
159.051: Application time: 0.0542130 seconds
159.052: [GC159.052: [ParNew: 246500K->1410K(275904K), 0.0013790 secs] 822936K->577910K(888836K), 0.0014130 secs] [Times: user=0.01 sys=0.00, real=0.00 secs] 
159.053: Total time for which application threads were stopped: 0.0018630 seconds, Stopping threads took: 0.0000450 seconds
159.108: Application time: 0.0544480 seconds
159.112: [GC159.112: [ParNew: 246658K->1273K(275904K), 0.0013980 secs] 823158K->577837K(888836K), 0.0014350 secs] [Times: user=0.01 sys=0.00, real=0.00 secs] 
159.113: Total time for which application threads were stopped: 0.0054810 seconds, Stopping threads took: 0.0036420 seconds
159.167: Application time: 0.0541000 seconds
159.172: [GC159.172: [ParNew: 246521K->1409K(275904K), 0.0014050 secs] 823085K->578037K(888836K), 0.0014470 secs] [Times: user=0.01 sys=0.00, real=0.00 secs] 
159.173: Total time for which application threads were stopped: 0.0059210 seconds, Stopping threads took: 0.0040660 seconds
159.228: Application time: 0.0548540 seconds
159.228: [GC159.228: [ParNew: 246657K->1399K(275904K), 0.0014150 secs] 823285K->578091K(888836K), 0.0014510 secs] [Times: user=0.02 sys=0.00, real=0.00 secs] 
159.230: Total time for which application threads were stopped: 0.0019120 seconds, Stopping threads took: 0.0000490 seconds
159.284: Application time: 0.0541150 seconds
159.288: [GC159.288: [ParNew: 246647K->1445K(275904K), 0.0014110 secs] 823339K->578201K(888836K), 0.0014460 secs] [Times: user=0.01 sys=0.00, real=0.00 secs] 
159.289: Total time for which application threads were stopped: 0.0051020 seconds, Stopping threads took: 0.0032530 seconds
159.343: Application time: 0.0539080 seconds
159.343: [GC159.344: [ParNew: 246693K->1428K(275904K), 0.0014530 secs] 823449K->578248K(888836K), 0.0014890 secs] [Times: user=0.01 sys=0.00, real=0.00 secs] 
159.345: Total time for which application threads were stopped: 0.0019730 seconds, Stopping threads took: 0.0000450 seconds
159.399: Application time: 0.0542530 seconds
159.404: [GC159.404: [ParNew: 246676K->1526K(275904K), 0.0014500 secs] 823496K->578394K(888836K), 0.0014840 secs] [Times: user=0.01 sys=0.00, real=0.00 secs] 
159.405: Total time for which application threads were stopped: 0.0058820 seconds, Stopping threads took: 0.0039890 seconds
159.459: Application time: 0.0541200 seconds
159.464: [GC159.464: [ParNew: 246774K->1538K(275904K), 0.0014450 secs] 823642K->578554K(888836K), 0.0014800 secs] [Times: user=0.01 sys=0.00, real=0.00 secs] 
159.465: Total time for which application threads were stopped: 0.0058790 seconds, Stopping threads took: 0.0039940 seconds
159.521: Application time: 0.0555860 seconds
159.524: [GC159.524: [ParNew: 246786K->1361K(275904K), 0.0014760 secs] 823802K->578473K(888836K), 0.0015110 secs] [Times: user=0.01 sys=0.00, real=0.00 secs] 
159.525: Total time for which application threads were stopped: 0.0044370 seconds, Stopping threads took: 0.0025310 seconds
159.581: Application time: 0.0554670 seconds
159.584: [GC159.584: [ParNew: 246609K->1187K(275904K), 0.0016250 secs] 823721K->578363K(888836K), 0.0016600 secs] [Times: user=0.01 sys=0.00, real=0.00 secs] 
159.585: Total time for which application threads were stopped: 0.0046580 seconds, Stopping threads took: 0.0026290 seconds
159.641: Application time: 0.0556130 seconds
159.641: [GC159.641: [ParNew: 246435K->1218K(275904K), 0.0015720 secs] 823611K->578458K(888836K), 0.0016080 secs] [Times: user=0.02 sys=0.00, real=0.00 secs] 
159.643: Total time for which application threads were stopped: 0.0020340 seconds, Stopping threads took: 0.0000570 seconds
159.699: Application time: 0.0556770 seconds
159.699: [GC159.699: [ParNew: 246466K->1208K(275904K), 0.0016610 secs] 823706K->578512K(888836K), 0.0016970 secs] [Times: user=0.01 sys=0.00, real=0.01 secs] 
159.701: Total time for which application threads were stopped: 0.0021160 seconds, Stopping threads took: 0.0000570 seconds
159.757: Application time: 0.0562540 seconds
159.760: [GC159.760: [ParNew: 246456K->1115K(275904K), 0.0015750 secs] 823760K->578603K(888836K), 0.0016130 secs] [Times: user=0.01 sys=0.00, real=0.00 secs] 
159.761: Total time for which application threads were stopped: 0.0042760 seconds, Stopping threads took: 0.0022640 seconds
159.817: Application time: 0.0557950 seconds
159.818: [GC159.818: [ParNew: 246363K->1167K(275904K), 0.0016280 secs] 823851K->578755K(888836K), 0.0016600 secs] [Times: user=0.01 sys=0.00, real=0.00 secs] 
159.819: Total time for which application threads were stopped: 0.0021100 seconds, Stopping threads took: 0.0000500 seconds
159.869: Application time: 0.0496470 seconds
159.869: Total time for which application threads were stopped: 0.0004580 seconds, Stopping threads took: 0.0000570 seconds
159.876: Application time: 0.0071340 seconds
159.880: [GC159.880: [ParNew: 246415K->1414K(275904K), 0.0014030 secs] 824003K->579058K(888836K), 0.0014460 secs] [Times: user=0.01 sys=0.00, real=0.00 secs] 
159.881: Total time for which application threads were stopped: 0.0046570 seconds, Stopping threads took: 0.0028320 seconds
159.936: Application time: 0.0544460 seconds
159.936: [GC159.936: [ParNew: 246662K->1346K(275904K), 0.0013910 secs] 824306K->579046K(888836K), 0.0014260 secs] [Times: user=0.01 sys=0.00, real=0.00 secs] 
159.937: Total time for which application threads were stopped: 0.0018640 seconds, Stopping threads took: 0.0000430 seconds
159.992: Application time: 0.0542110 seconds
159.996: [GC159.996: [ParNew: 246594K->1381K(275904K), 0.0013680 secs] 824294K->579145K(888836K), 0.0014030 secs] [Times: user=0.01 sys=0.00, real=0.00 secs] 
159.997: Total time for which application threads were stopped: 0.0054390 seconds, Stopping threads took: 0.0036320 seconds
160.052: Application time: 0.0550220 seconds
160.053: [GC160.053: [ParNew: 246629K->1420K(275904K), 0.0014690 secs] 824393K->579232K(888836K), 0.0015010 secs] [Times: user=0.02 sys=0.00, real=0.00 secs] 
160.054: Total time for which application threads were stopped: 0.0019470 seconds, Stopping threads took: 0.0000370 seconds
160.109: Application time: 0.0545980 seconds
160.112: [GC160.112: [ParNew: 246668K->1480K(275904K), 0.0014170 secs] 824480K->579356K(888836K), 0.0014520 secs] [Times: user=0.01 sys=0.00, real=0.00 secs] 
160.113: Total time for which application threads were stopped: 0.0044810 seconds, Stopping threads took: 0.0026190 seconds
160.168: Application time: 0.0548160 seconds
160.172: [GC160.172: [ParNew: 246728K->1469K(275904K), 0.0013910 secs] 824604K->579385K(888836K), 0.0014270 secs] [Times: user=0.01 sys=0.00, real=0.00 secs] 
160.173: Total time for which application threads were stopped: 0.0051430 seconds, Stopping threads took: 0.0033110 seconds
160.229: Application time: 0.0556310 seconds
160.229: [GC160.229: [ParNew: 246717K->1464K(275904K), 0.0015490 secs] 824633K->579430K(888836K), 0.0015830 secs] [Times: user=0.01 sys=0.00, real=0.00 secs] 
160.231: Total time for which application threads were stopped: 0.0020240 seconds, Stopping threads took: 0.0000360 seconds
160.285: Application time: 0.0544220 seconds
160.286: [GC160.286: [ParNew: 246712K->1613K(275904K), 0.0016860 secs] 824678K->579612K(888836K), 0.0017200 secs] [Times: user=0.01 sys=0.00, real=0.01 secs] 
160.287: Total time for which application threads were stopped: 0.0021630 seconds, Stopping threads took: 0.0000390 seconds
160.341: Application time: 0.0539740 seconds
160.344: [GC160.344: [ParNew: 246861K->1592K(275904K), 0.0014450 secs] 824860K->579662K(888836K), 0.0014810 secs] [Times: user=0.01 sys=0.00, real=0.00 secs] 
160.345: Total time for which application threads were stopped: 0.0038330 seconds, Stopping threads took: 0.0019510 seconds
160.401: Application time: 0.0554990 seconds
160.404: [GC160.404: [ParNew: 246840K->1546K(275904K), 0.0014840 secs] 824910K->579756K(888836K), 0.0015200 secs] [Times: user=0.01 sys=0.00, real=0.00 secs] 
160.405: Total time for which application threads were stopped: 0.0045680 seconds, Stopping threads took: 0.0026130 seconds
160.459: Application time: 0.0538690 seconds
160.464: [GC160.464: [ParNew: 246794K->1260K(275904K), 0.0013850 secs] 825004K->579544K(888836K), 0.0014210 secs] [Times: user=0.01 sys=0.00, real=0.00 secs] 
160.465: Total time for which application threads were stopped: 0.0059970 seconds, Stopping threads took: 0.0041680 seconds
160.519: Application time: 0.0536990 seconds
160.519: [GC160.519: [ParNew: 246508K->1273K(275904K), 0.0016060 secs] 824792K->579612K(888836K), 0.0016420 secs] [Times: user=0.01 sys=0.00, real=0.01 secs] 
160.521: Total time for which application threads were stopped: 0.0020440 seconds, Stopping threads took: 0.0000370 seconds
160.576: Application time: 0.0548860 seconds
160.580: [GC160.580: [ParNew: 246521K->1384K(275904K), 0.0014170 secs] 824860K->579790K(888836K), 0.0014580 secs] [Times: user=0.01 sys=0.00, real=0.00 secs] 
160.581: Total time for which application threads were stopped: 0.0053960 seconds, Stopping threads took: 0.0035340 seconds
160.636: Application time: 0.0547950 seconds
160.640: [GC160.640: [ParNew: 246632K->1257K(275904K), 0.0014770 secs] 825038K->579728K(888836K), 0.0015110 secs] [Times: user=0.01 sys=0.00, real=0.00 secs] 
160.641: Total time for which application threads were stopped: 0.0052420 seconds, Stopping threads took: 0.0033210 seconds
160.696: Application time: 0.0548410 seconds
160.700: [GC160.700: [ParNew: 246505K->1500K(275904K), 0.0014650 secs] 824976K->580020K(888836K), 0.0015010 secs] [Times: user=0.01 sys=0.00, real=0.00 secs] 
160.701: Total time for which application threads were stopped: 0.0051560 seconds, Stopping threads took: 0.0032510 seconds
160.756: Application time: 0.0543490 seconds
160.760: [GC160.760: [ParNew: 246748K->1319K(275904K), 0.0014700 secs] 825268K->580122K(888836K), 0.0015060 secs] [Times: user=0.01 sys=0.00, real=0.00 secs] 
160.761: Total time for which application threads were stopped: 0.0056520 seconds, Stopping threads took: 0.0037400 seconds
160.816: Application time: 0.0547350 seconds
160.820: [GC160.820: [ParNew: 246567K->1150K(275904K), 0.0014180 secs] 825370K->580065K(888836K), 0.0014530 secs] [Times: user=0.01 sys=0.00, real=0.00 secs] 
160.821: Total time for which application threads were stopped: 0.0051770 seconds, Stopping threads took: 0.0033380 seconds
160.876: Application time: 0.0548560 seconds
160.876: [GC160.876: [ParNew: 246398K->1117K(275904K), 0.0015990 secs] 825313K->580080K(888836K), 0.0016330 secs] [Times: user=0.01 sys=0.00, real=0.00 secs] 
160.878: Total time for which application threads were stopped: 0.0020760 seconds, Stopping threads took: 0.0000500 seconds
160.932: Application time: 0.0540620 seconds
160.936: [GC160.936: [ParNew: 246365K->1259K(275904K), 0.0014170 secs] 825328K->580279K(888836K), 0.0014510 secs] [Times: user=0.01 sys=0.00, real=0.00 secs] 
160.937: Total time for which application threads were stopped: 0.0050450 seconds, Stopping threads took: 0.0031710 seconds
160.992: Application time: 0.0543830 seconds
160.996: [GC160.996: [ParNew: 246507K->1359K(275904K), 0.0014670 secs] 825527K->580434K(888836K), 0.0015020 secs] [Times: user=0.01 sys=0.00, real=0.00 secs] 
160.997: Total time for which application threads were stopped: 0.0056320 seconds, Stopping threads took: 0.0037350 seconds
161.052: Application time: 0.0543790 seconds
161.056: [GC161.056: [ParNew: 246607K->1487K(275904K), 0.0014390 secs] 825682K->580626K(888836K), 0.0014740 secs] [Times: user=0.01 sys=0.00, real=0.00 secs] 
161.057: Total time for which application threads were stopped: 0.0055980 seconds, Stopping threads took: 0.0037210 seconds
161.111: Application time: 0.0540580 seconds
161.116: [GC161.116: [ParNew: 246735K->1340K(275904K), 0.0014850 secs] 825874K->580544K(888836K), 0.0015190 secs] [Times: user=0.01 sys=0.00, real=0.00 secs] 
161.117: Total time for which application threads were stopped: 0.0059650 seconds, Stopping threads took: 0.0040440 seconds
161.171: Application time: 0.0542650 seconds
161.176: [GC161.176: [ParNew: 246588K->1306K(275904K), 0.0014880 secs] 825792K->580573K(888836K), 0.0015240 secs] [Times: user=0.01 sys=0.00, real=0.00 secs] 
161.177: Total time for which application threads were stopped: 0.0057420 seconds, Stopping threads took: 0.0038210 seconds
161.233: Application time: 0.0555740 seconds
161.233: [GC161.233: [ParNew: 246554K->1431K(275904K), 0.0015710 secs] 825821K->580755K(888836K), 0.0016080 secs] [Times: user=0.01 sys=0.00, real=0.00 secs] 
161.235: Total time for which application threads were stopped: 0.0020550 seconds, Stopping threads took: 0.0000410 seconds
161.289: Application time: 0.0546910 seconds
161.290: [GC161.290: [ParNew: 246679K->1265K(275904K), 0.0016480 secs] 826003K->580741K(888836K), 0.0016860 secs] [Times: user=0.01 sys=0.00, real=0.00 secs] 
161.292: Total time for which application threads were stopped: 0.0021460 seconds, Stopping threads took: 0.0000550 seconds
161.347: Application time: 0.0551930 seconds
161.352: [GC161.352: [ParNew: 246513K->1343K(275904K), 0.0014140 secs] 825989K->580883K(888836K), 0.0014600 secs] [Times: user=0.01 sys=0.01, real=0.00 secs] 
161.353: Total time for which application threads were stopped: 0.0062910 seconds, Stopping threads took: 0.0044280 seconds
161.407: Application time: 0.0543170 seconds
161.412: [GC161.412: [ParNew: 246591K->1268K(275904K), 0.0013810 secs] 826131K->580863K(888836K), 0.0014180 secs] [Times: user=0.01 sys=0.00, real=0.00 secs] 
161.413: Total time for which application threads were stopped: 0.0056140 seconds, Stopping threads took: 0.0037980 seconds
161.468: Application time: 0.0545850 seconds
161.468: [GC161.468: [ParNew: 246516K->1363K(275904K), 0.0014040 secs] 826111K->580991K(888836K), 0.0014390 secs] [Times: user=0.01 sys=0.00, real=0.00 secs] 
161.470: Total time for which application threads were stopped: 0.0019050 seconds, Stopping threads took: 0.0000370 seconds
161.524: Application time: 0.0548080 seconds
161.528: [GC161.528: [ParNew: 246611K->1312K(275904K), 0.0015750 secs] 826239K->580995K(888836K), 0.0016090 secs] [Times: user=0.01 sys=0.00, real=0.00 secs] 
161.529: Total time for which application threads were stopped: 0.0048600 seconds, Stopping threads took: 0.0028860 seconds
161.584: Application time: 0.0549100 seconds
161.588: [GC161.588: [ParNew: 246560K->1443K(275904K), 0.0014760 secs] 826243K->581172K(888836K), 0.0015110 secs] [Times: user=0.01 sys=0.01, real=0.00 secs] 
161.589: Total time for which application threads were stopped: 0.0050150 seconds, Stopping threads took: 0.0031040 seconds
161.644: Application time: 0.0549980 seconds
161.645: [GC161.645: [ParNew: 246691K->1302K(275904K), 0.0015060 secs] 826420K->581090K(888836K), 0.0015430 secs] [Times: user=0.01 sys=0.00, real=0.00 secs] 
161.646: Total time for which application threads were stopped: 0.0019860 seconds, Stopping threads took: 0.0000450 seconds
161.701: Application time: 0.0545870 seconds
161.704: [GC161.704: [ParNew: 246550K->1286K(275904K), 0.0014100 secs] 826338K->581166K(888836K), 0.0014470 secs] [Times: user=0.02 sys=0.00, real=0.00 secs] 
161.705: Total time for which application threads were stopped: 0.0043530 seconds, Stopping threads took: 0.0025050 seconds
161.760: Application time: 0.0545970 seconds
161.764: [GC161.764: [ParNew: 246534K->1404K(275904K), 0.0015370 secs] 826414K->581492K(888836K), 0.0015720 secs] [Times: user=0.01 sys=0.01, real=0.00 secs] 
161.765: Total time for which application threads were stopped: 0.0055240 seconds, Stopping threads took: 0.0035520 seconds
161.820: Application time: 0.0551180 seconds
161.824: [GC161.824: [ParNew: 246652K->1126K(275904K), 0.0014090 secs] 826740K->581279K(888836K), 0.0014440 secs] [Times: user=0.01 sys=0.00, real=0.00 secs] 
161.825: Total time for which application threads were stopped: 0.0047430 seconds, Stopping threads took: 0.0029060 seconds
161.880: Application time: 0.0551440 seconds
161.884: [GC161.884: [ParNew: 246374K->1137K(275904K), 0.0014110 secs] 826527K->581346K(888836K), 0.0014470 secs] [Times: user=0.01 sys=0.00, real=0.00 secs] 
161.885: Total time for which application threads were stopped: 0.0048560 seconds, Stopping threads took: 0.0030100 seconds
161.940: Application time: 0.0544950 seconds
161.944: [GC161.944: [ParNew: 246385K->1240K(275904K), 0.0014020 secs] 826594K->581505K(888836K), 0.0014380 secs] [Times: user=0.01 sys=0.00, real=0.00 secs] 
161.945: Total time for which application threads were stopped: 0.0054920 seconds, Stopping threads took: 0.0036490 seconds
161.999: Application time: 0.0541590 seconds
162.000: [GC162.000: [ParNew: 246488K->1336K(275904K), 0.0014370 secs] 826753K->581665K(888836K), 0.0014730 secs] [Times: user=0.01 sys=0.00, real=0.00 secs] 
162.001: Total time for which application threads were stopped: 0.0019440 seconds, Stopping threads took: 0.0000500 seconds
162.056: Application time: 0.0545400 seconds
162.060: [GC162.060: [ParNew: 246584K->1388K(275904K), 0.0014490 secs] 826913K->581788K(888836K), 0.0014910 secs] [Times: user=0.01 sys=0.00, real=0.00 secs] 
162.061: Total time for which application threads were stopped: 0.0053980 seconds, Stopping threads took: 0.0035070 seconds
162.115: Application time: 0.0538960 seconds
162.120: [GC162.120: [ParNew: 246636K->1246K(275904K), 0.0014850 secs] 827036K->581710K(888836K), 0.0015210 secs] [Times: user=0.01 sys=0.00, real=0.00 secs] 
162.121: Total time for which application threads were stopped: 0.0061430 seconds, Stopping threads took: 0.0042220 seconds
162.176: Application time: 0.0544100 seconds
162.176: [GC162.176: [ParNew: 246494K->1296K(275904K), 0.0014770 secs] 826958K->581861K(888836K), 0.0015080 secs] [Times: user=0.01 sys=0.00, real=0.00 secs] 
162.178: Total time for which application threads were stopped: 0.0019420 seconds, Stopping threads took: 0.0000320 seconds
162.233: Application time: 0.0556030 seconds
162.234: [GC162.234: [ParNew: 246544K->1197K(275904K), 0.0015030 secs] 827109K->581890K(888836K), 0.0015380 secs] [Times: user=0.01 sys=0.00, real=0.00 secs] 
162.235: Total time for which application threads were stopped: 0.0019830 seconds, Stopping threads took: 0.0000470 seconds
162.290: Application time: 0.0544580 seconds
162.292: [GC162.292: [ParNew: 246445K->1259K(275904K), 0.0015980 secs] 827138K->582008K(888836K), 0.0016300 secs] [Times: user=0.01 sys=0.00, real=0.00 secs] 
162.293: Total time for which application threads were stopped: 0.0037010 seconds, Stopping threads took: 0.0016610 seconds
162.348: Application time: 0.0545160 seconds
162.348: [GC162.348: [ParNew: 246507K->1234K(275904K), 0.0014300 secs] 827256K->582047K(888836K), 0.0014650 secs] [Times: user=0.01 sys=0.00, real=0.00 secs] 
162.350: Total time for which application threads were stopped: 0.0019240 seconds, Stopping threads took: 0.0000580 seconds
162.404: Application time: 0.0542420 seconds
162.404: [GC162.404: [ParNew: 246482K->1281K(275904K), 0.0015070 secs] 827295K->582141K(888836K), 0.0015450 secs] [Times: user=0.01 sys=0.00, real=0.00 secs] 
162.406: Total time for which application threads were stopped: 0.0019530 seconds, Stopping threads took: 0.0000400 seconds
162.461: Application time: 0.0546320 seconds
162.461: [GC162.461: [ParNew: 246529K->1441K(275904K), 0.0016480 secs] 827389K->582358K(888836K), 0.0016800 secs] [Times: user=0.01 sys=0.00, real=0.00 secs] 
162.463: Total time for which application threads were stopped: 0.0021310 seconds, Stopping threads took: 0.0000460 seconds
162.517: Application time: 0.0545870 seconds
162.520: [GC162.520: [ParNew: 246689K->1135K(275904K), 0.0015620 secs] 827606K->582118K(888836K), 0.0015960 secs] [Times: user=0.01 sys=0.00, real=0.00 secs] 
162.521: Total time for which application threads were stopped: 0.0039680 seconds, Stopping threads took: 0.0019420 seconds
162.575: Application time: 0.0540530 seconds
162.580: [GC162.580: [ParNew: 246383K->1287K(275904K), 0.0015030 secs] 827366K->582336K(888836K), 0.0015370 secs] [Times: user=0.01 sys=0.00, real=0.00 secs] 
162.581: Total time for which application threads were stopped: 0.0058640 seconds, Stopping threads took: 0.0039230 seconds
162.636: Application time: 0.0550050 seconds
162.640: [GC162.640: [ParNew: 246535K->1379K(275904K), 0.0015570 secs] 827584K->582478K(888836K), 0.0015930 secs] [Times: user=0.01 sys=0.00, real=0.00 secs] 
162.641: Total time for which application threads were stopped: 0.0050330 seconds, Stopping threads took: 0.0030400 seconds
162.696: Application time: 0.0548960 seconds
162.697: [GC162.697: [ParNew: 246627K->1444K(275904K), 0.0015880 secs] 827726K->582680K(888836K), 0.0016220 secs] [Times: user=0.01 sys=0.00, real=0.00 secs] 
162.698: Total time for which application threads were stopped: 0.0020720 seconds, Stopping threads took: 0.0000450 seconds
162.753: Application time: 0.0548230 seconds
162.756: [GC162.756: [ParNew: 246692K->1164K(275904K), 0.0016320 secs] 827928K->582556K(888836K), 0.0016670 secs] [Times: user=0.01 sys=0.00, real=0.00 secs] 
162.757: Total time for which application threads were stopped: 0.0042540 seconds, Stopping threads took: 0.0022170 seconds
162.815: Application time: 0.0572580 seconds
162.816: [GC162.816: [ParNew: 246412K->1209K(275904K), 0.0014910 secs] 827804K->582657K(888836K), 0.0015350 secs] [Times: user=0.01 sys=0.00, real=0.00 secs] 
162.817: Total time for which application threads were stopped: 0.0026570 seconds, Stopping threads took: 0.0007220 seconds
162.872: Application time: 0.0545070 seconds
162.876: [GC162.876: [ParNew: 246457K->1219K(275904K), 0.0014670 secs] 827905K->582715K(888836K), 0.0015020 secs] [Times: user=0.01 sys=0.00, real=0.00 secs] 
162.877: Total time for which application threads were stopped: 0.0054370 seconds, Stopping threads took: 0.0035300 seconds
162.932: Application time: 0.0543870 seconds
162.936: [GC162.936: [ParNew: 246467K->1204K(275904K), 0.0014940 secs] 827963K->582748K(888836K), 0.0015310 secs] [Times: user=0.01 sys=0.00, real=0.00 secs] 
162.937: Total time for which application threads were stopped: 0.0056300 seconds, Stopping threads took: 0.0036920 seconds
162.992: Application time: 0.0544580 seconds
162.996: [GC162.996: [ParNew: 246452K->1315K(275904K), 0.0014890 secs] 827996K->582907K(888836K), 0.0015250 secs] [Times: user=0.01 sys=0.01, real=0.00 secs] 
162.997: Total time for which application threads were stopped: 0.0055390 seconds, Stopping threads took: 0.0036040 seconds
163.052: Application time: 0.0547730 seconds
163.052: [GC163.052: [ParNew: 246563K->1461K(275904K), 0.0015150 secs] 828155K->583119K(888836K), 0.0015520 secs] [Times: user=0.01 sys=0.00, real=0.00 secs] 
163.054: Total time for which application threads were stopped: 0.0020280 seconds, Stopping threads took: 0.0000430 seconds
163.109: Application time: 0.0546210 seconds
163.109: [GC163.109: [ParNew: 246709K->1211K(275904K), 0.0014540 secs] 828367K->583025K(888836K), 0.0014910 secs] [Times: user=0.01 sys=0.00, real=0.00 secs] 
163.111: Total time for which application threads were stopped: 0.0019370 seconds, Stopping threads took: 0.0000420 seconds
163.165: Application time: 0.0542140 seconds
163.165: [GC163.165: [ParNew: 246459K->1042K(275904K), 0.0015830 secs] 828273K->582952K(888836K), 0.0016190 secs] [Times: user=0.01 sys=0.00, real=0.00 secs] 
163.167: Total time for which application threads were stopped: 0.0020670 seconds, Stopping threads took: 0.0000410 seconds
163.222: Application time: 0.0554730 seconds
163.223: [GC163.223: [ParNew: 246290K->1260K(275904K), 0.0014300 secs] 828200K->583235K(888836K), 0.0014660 secs] [Times: user=0.01 sys=0.00, real=0.00 secs] 
163.224: Total time for which application threads were stopped: 0.0019160 seconds, Stopping threads took: 0.0000410 seconds
163.279: Application time: 0.0544320 seconds
163.279: [GC163.279: [ParNew: 246508K->1287K(275904K), 0.0016400 secs] 828483K->583317K(888836K), 0.0016790 secs] [Times: user=0.01 sys=0.00, real=0.01 secs] 
163.281: Total time for which application threads were stopped: 0.0020940 seconds, Stopping threads took: 0.0000450 seconds
163.335: Application time: 0.0543170 seconds
163.336: [GC163.336: [ParNew: 246535K->1267K(275904K), 0.0015500 secs] 828565K->583346K(888836K), 0.0015870 secs] [Times: user=0.01 sys=0.00, real=0.00 secs] 
163.337: Total time for which application threads were stopped: 0.0020510 seconds, Stopping threads took: 0.0000480 seconds
163.391: Application time: 0.0543380 seconds
163.392: [GC163.392: [ParNew: 246515K->1227K(275904K), 0.0015620 secs] 828594K->583353K(888836K), 0.0016000 secs] [Times: user=0.01 sys=0.00, real=0.00 secs] 
163.394: Total time for which application threads were stopped: 0.0020700 seconds, Stopping threads took: 0.0000610 seconds
163.448: Application time: 0.0544950 seconds
163.448: [GC163.449: [ParNew: 246475K->1375K(275904K), 0.0014640 secs] 828601K->583557K(888836K), 0.0015000 secs] [Times: user=0.01 sys=0.00, real=0.00 secs] 
163.450: Total time for which application threads were stopped: 0.0019500 seconds, Stopping threads took: 0.0000460 seconds
163.505: Application time: 0.0545540 seconds
163.505: [GC163.505: [ParNew: 246623K->1505K(275904K), 0.0014300 secs] 828805K->583753K(888836K), 0.0014740 secs] [Times: user=0.01 sys=0.00, real=0.00 secs] 
163.507: Total time for which application threads were stopped: 0.0019270 seconds, Stopping threads took: 0.0000420 seconds
163.561: Application time: 0.0547970 seconds
163.564: [GC163.564: [ParNew: 246753K->1357K(275904K), 0.0014870 secs] 829001K->583673K(888836K), 0.0015220 secs] [Times: user=0.01 sys=0.00, real=0.00 secs] 
163.565: Total time for which application threads were stopped: 0.0039200 seconds, Stopping threads took: 0.0019690 seconds
163.620: Application time: 0.0549550 seconds
163.621: [GC163.621: [ParNew: 246605K->1357K(275904K), 0.0014750 secs] 828921K->583737K(888836K), 0.0015110 secs] [Times: user=0.01 sys=0.00, real=0.00 secs] 
163.622: Total time for which application threads were stopped: 0.0019720 seconds, Stopping threads took: 0.0000490 seconds
163.676: Application time: 0.0543510 seconds
163.680: [GC163.680: [ParNew: 246605K->1128K(275904K), 0.0016010 secs] 828985K->583692K(888836K), 0.0016340 secs] [Times: user=0.01 sys=0.00, real=0.00 secs] 
163.681: Total time for which application threads were stopped: 0.0047960 seconds, Stopping threads took: 0.0027530 seconds
163.736: Application time: 0.0545620 seconds
163.736: [GC163.736: [ParNew: 246376K->1140K(275904K), 0.0016280 secs] 828940K->583809K(888836K), 0.0016610 secs] [Times: user=0.01 sys=0.00, real=0.00 secs] 
163.738: Total time for which application threads were stopped: 0.0021320 seconds, Stopping threads took: 0.0000650 seconds
163.794: Application time: 0.0556120 seconds
163.796: [GC163.796: [ParNew: 246388K->1293K(275904K), 0.0015840 secs] 829057K->584009K(888836K), 0.0016190 secs] [Times: user=0.01 sys=0.00, real=0.00 secs] 
163.797: Total time for which application threads were stopped: 0.0036570 seconds, Stopping threads took: 0.0016400 seconds
163.852: Application time: 0.0542450 seconds
163.856: [GC163.856: [ParNew: 246541K->1255K(275904K), 0.0015120 secs] 829257K->584030K(888836K), 0.0015480 secs] [Times: user=0.01 sys=0.00, real=0.00 secs] 
163.857: Total time for which application threads were stopped: 0.0056820 seconds, Stopping threads took: 0.0037320 seconds
163.912: Application time: 0.0545330 seconds
163.912: [GC163.912: [ParNew: 246503K->1326K(275904K), 0.0014880 secs] 829278K->584140K(888836K), 0.0015240 secs] [Times: user=0.01 sys=0.00, real=0.00 secs] 
163.914: Total time for which application threads were stopped: 0.0019750 seconds, Stopping threads took: 0.0000400 seconds
163.969: Application time: 0.0552440 seconds
163.972: [GC163.972: [ParNew: 246574K->1308K(275904K), 0.0014280 secs] 829388K->584188K(888836K), 0.0014650 secs] [Times: user=0.01 sys=0.00, real=0.00 secs] 
163.973: Total time for which application threads were stopped: 0.0041610 seconds, Stopping threads took: 0.0022920 seconds
164.028: Application time: 0.0552400 seconds
164.032: [GC164.032: [ParNew: 246556K->1181K(275904K), 0.0014030 secs] 829436K->584150K(888836K), 0.0014370 secs] [Times: user=0.01 sys=0.00, real=0.00 secs] 
164.033: Total time for which application threads were stopped: 0.0047480 seconds, Stopping threads took: 0.0029050 seconds
164.087: Application time: 0.0540420 seconds
164.088: [GC164.088: [ParNew: 246429K->1031K(275904K), 0.0013380 secs] 829398K->584065K(888836K), 0.0013730 secs] [Times: user=0.01 sys=0.00, real=0.00 secs] 
164.089: Total time for which application threads were stopped: 0.0018550 seconds, Stopping threads took: 0.0000540 seconds
164.144: Application time: 0.0544780 seconds
164.144: [GC164.144: [ParNew: 246279K->1113K(275904K), 0.0013430 secs] 829313K->584187K(888836K), 0.0013780 secs] [Times: user=0.01 sys=0.00, real=0.00 secs] 
164.145: Total time for which application threads were stopped: 0.0018270 seconds, Stopping threads took: 0.0000400 seconds
164.201: Application time: 0.0552050 seconds
164.201: [GC164.201: [ParNew: 246361K->1027K(275904K), 0.0013830 secs] 829435K->584157K(888836K), 0.0014180 secs] [Times: user=0.01 sys=0.00, real=0.00 secs] 
164.202: Total time for which application threads were stopped: 0.0018670 seconds, Stopping threads took: 0.0000510 seconds
164.257: Application time: 0.0544450 seconds
164.257: [GC164.257: [ParNew: 246275K->1178K(275904K), 0.0014380 secs] 829405K->584339K(888836K), 0.0014790 secs] [Times: user=0.01 sys=0.00, real=0.00 secs] 
164.259: Total time for which application threads were stopped: 0.0019290 seconds, Stopping threads took: 0.0000410 seconds
164.313: Application time: 0.0540760 seconds
164.316: [GC164.316: [ParNew: 246426K->1246K(275904K), 0.0014000 secs] 829587K->584455K(888836K), 0.0014330 secs] [Times: user=0.01 sys=0.00, real=0.00 secs] 
164.317: Total time for which application threads were stopped: 0.0042180 seconds, Stopping threads took: 0.0023790 seconds
164.371: Application time: 0.0543240 seconds
164.372: [GC164.372: [ParNew: 246494K->1329K(275904K), 0.0015530 secs] 829703K->584579K(888836K), 0.0015890 secs] [Times: user=0.01 sys=0.00, real=0.00 secs] 
164.373: Total time for which application threads were stopped: 0.0020380 seconds, Stopping threads took: 0.0000450 seconds
164.428: Application time: 0.0545500 seconds
164.428: [GC164.428: [ParNew: 246577K->1124K(275904K), 0.0016270 secs] 829827K->584405K(888836K), 0.0016620 secs] [Times: user=0.01 sys=0.00, real=0.00 secs] 
164.430: Total time for which application threads were stopped: 0.0021220 seconds, Stopping threads took: 0.0000490 seconds
164.485: Application time: 0.0545830 seconds
164.485: [GC164.485: [ParNew: 246372K->1352K(275904K), 0.0014560 secs] 829653K->584691K(888836K), 0.0014920 secs] [Times: user=0.01 sys=0.00, real=0.00 secs] 
164.487: Total time for which application threads were stopped: 0.0019580 seconds, Stopping threads took: 0.0000500 seconds
164.541: Application time: 0.0543640 seconds
164.541: [GC164.542: [ParNew: 246600K->1311K(275904K), 0.0015500 secs] 829939K->584694K(888836K), 0.0015860 secs] [Times: user=0.01 sys=0.00, real=0.00 secs] 
164.543: Total time for which application threads were stopped: 0.0020420 seconds, Stopping threads took: 0.0000500 seconds
164.598: Application time: 0.0546560 seconds
164.600: [GC164.600: [ParNew: 246559K->1529K(275904K), 0.0014810 secs] 829942K->584976K(888836K), 0.0015160 secs] [Times: user=0.01 sys=0.00, real=0.00 secs] 
164.601: Total time for which application threads were stopped: 0.0034370 seconds, Stopping threads took: 0.0014950 seconds
164.656: Application time: 0.0545020 seconds
164.660: [GC164.660: [ParNew: 246777K->1260K(275904K), 0.0015300 secs] 830224K->584945K(888836K), 0.0015650 secs] [Times: user=0.01 sys=0.00, real=0.00 secs] 
164.661: Total time for which application threads were stopped: 0.0055170 seconds, Stopping threads took: 0.0035460 seconds
164.715: Application time: 0.0540830 seconds
164.720: [GC164.720: [ParNew: 246508K->1232K(275904K), 0.0014770 secs] 830193K->584981K(888836K), 0.0015110 secs] [Times: user=0.01 sys=0.00, real=0.00 secs] 
164.721: Total time for which application threads were stopped: 0.0058490 seconds, Stopping threads took: 0.0039420 seconds
164.777: Application time: 0.0556640 seconds
164.777: [GC164.777: [ParNew: 246480K->1262K(275904K), 0.0014430 secs] 830229K->585074K(888836K), 0.0014790 secs] [Times: user=0.01 sys=0.00, real=0.00 secs] 
164.779: Total time for which application threads were stopped: 0.0019240 seconds, Stopping threads took: 0.0000430 seconds
164.833: Application time: 0.0542360 seconds
164.833: [GC164.833: [ParNew: 246510K->1286K(275904K), 0.0014490 secs] 830322K->585195K(888836K), 0.0014850 secs] [Times: user=0.01 sys=0.00, real=0.00 secs] 
164.835: Total time for which application threads were stopped: 0.0019320 seconds, Stopping threads took: 0.0000410 seconds
164.890: Application time: 0.0552570 seconds
164.891: [GC164.891: [ParNew: 246534K->1240K(275904K), 0.0015370 secs] 830443K->585261K(888836K), 0.0015720 secs] [Times: user=0.01 sys=0.00, real=0.00 secs] 
164.892: Total time for which application threads were stopped: 0.0020210 seconds, Stopping threads took: 0.0000530 seconds
164.947: Application time: 0.0544920 seconds
164.947: [GC164.947: [ParNew: 246488K->1270K(275904K), 0.0014180 secs] 830509K->585387K(888836K), 0.0014600 secs] [Times: user=0.01 sys=0.00, real=0.01 secs] 
164.949: Total time for which application threads were stopped: 0.0019150 seconds, Stopping threads took: 0.0000460 seconds
165.003: Application time: 0.0543510 seconds
165.008: [GC165.008: [ParNew: 246518K->1214K(275904K), 0.0014090 secs] 830635K->585395K(888836K), 0.0014440 secs] [Times: user=0.01 sys=0.00, real=0.00 secs] 
165.009: Total time for which application threads were stopped: 0.0061380 seconds, Stopping threads took: 0.0042890 seconds
165.064: Application time: 0.0544250 seconds
165.064: [GC165.064: [ParNew: 246462K->1110K(275904K), 0.0015580 secs] 830643K->585347K(888836K), 0.0015920 secs] [Times: user=0.01 sys=0.00, real=0.00 secs] 
165.066: Total time for which application threads were stopped: 0.0020430 seconds, Stopping threads took: 0.0000390 seconds
165.120: Application time: 0.0545040 seconds
165.121: [GC165.121: [ParNew: 246358K->1101K(275904K), 0.0014540 secs] 830595K->585386K(888836K), 0.0014870 secs] [Times: user=0.01 sys=0.00, real=0.00 secs] 
165.122: Total time for which application threads were stopped: 0.0019720 seconds, Stopping threads took: 0.0000480 seconds
165.176: Application time: 0.0543450 seconds
165.177: [GC165.177: [ParNew: 246349K->1211K(275904K), 0.0015330 secs] 830634K->585568K(888836K), 0.0015670 secs] [Times: user=0.01 sys=0.00, real=0.00 secs] 
165.178: Total time for which application threads were stopped: 0.0019930 seconds, Stopping threads took: 0.0000400 seconds
165.235: Application time: 0.0563490 seconds
165.235: [GC165.235: [ParNew: 246459K->1320K(275904K), 0.0014040 secs] 830816K->585749K(888836K), 0.0014510 secs] [Times: user=0.01 sys=0.00, real=0.00 secs] 
165.237: Total time for which application threads were stopped: 0.0019130 seconds, Stopping threads took: 0.0000510 seconds
165.291: Application time: 0.0543150 seconds
165.291: [GC165.291: [ParNew: 246568K->1281K(275904K), 0.0017020 secs] 830997K->585765K(888836K), 0.0017370 secs] [Times: user=0.01 sys=0.00, real=0.00 secs] 
165.293: Total time for which application threads were stopped: 0.0021940 seconds, Stopping threads took: 0.0000420 seconds
165.347: Application time: 0.0541520 seconds
165.348: [GC165.348: [ParNew: 246529K->1509K(275904K), 0.0014500 secs] 831013K->586058K(888836K), 0.0014880 secs] [Times: user=0.01 sys=0.00, real=0.00 secs] 
165.349: Total time for which application threads were stopped: 0.0019460 seconds, Stopping threads took: 0.0000470 seconds
165.404: Application time: 0.0544410 seconds
165.404: [GC165.404: [ParNew: 246757K->1474K(275904K), 0.0014650 secs] 831306K->586079K(888836K), 0.0015010 secs] [Times: user=0.02 sys=0.00, real=0.00 secs] 
165.406: Total time for which application threads were stopped: 0.0019520 seconds, Stopping threads took: 0.0000390 seconds
165.460: Application time: 0.0545430 seconds
165.461: [GC165.461: [ParNew: 246722K->1425K(275904K), 0.0020980 secs] 831327K->586092K(888836K), 0.0021340 secs] [Times: user=0.01 sys=0.00, real=0.00 secs] 
165.463: Total time for which application threads were stopped: 0.0025840 seconds, Stopping threads took: 0.0000430 seconds
165.517: Application time: 0.0543710 seconds
165.520: [GC165.520: [ParNew: 246673K->1513K(275904K), 0.0015830 secs] 831340K->586244K(888836K), 0.0016200 secs] [Times: user=0.01 sys=0.00, real=0.00 secs] 
165.521: Total time for which application threads were stopped: 0.0040840 seconds, Stopping threads took: 0.0020570 seconds
165.576: Application time: 0.0542680 seconds
165.580: [GC165.580: [ParNew: 246761K->1535K(275904K), 0.0015430 secs] 831492K->586332K(888836K), 0.0015800 secs] [Times: user=0.02 sys=0.00, real=0.00 secs] 
165.581: Total time for which application threads were stopped: 0.0056900 seconds, Stopping threads took: 0.0037060 seconds
165.635: Application time: 0.0541200 seconds
165.640: [GC165.640: [ParNew: 246783K->1430K(275904K), 0.0014920 secs] 831580K->586467K(888836K), 0.0015250 secs] [Times: user=0.01 sys=0.00, real=0.00 secs] 
165.641: Total time for which application threads were stopped: 0.0058810 seconds, Stopping threads took: 0.0038910 seconds
165.696: Application time: 0.0549770 seconds
165.697: [GC165.697: [ParNew: 246678K->1192K(275904K), 0.0015780 secs] 831715K->586295K(888836K), 0.0016220 secs] [Times: user=0.02 sys=0.00, real=0.00 secs] 
165.698: Total time for which application threads were stopped: 0.0020800 seconds, Stopping threads took: 0.0000570 seconds
165.755: Application time: 0.0570340 seconds
165.760: [GC165.760: [ParNew: 246440K->1357K(275904K), 0.0016480 secs] 831543K->586572K(888836K), 0.0016840 secs] [Times: user=0.01 sys=0.00, real=0.00 secs] 
165.761: Total time for which application threads were stopped: 0.0059820 seconds, Stopping threads took: 0.0039030 seconds
165.797: Application time: 0.0352410 seconds
165.800: Total time for which application threads were stopped: 0.0030570 seconds, Stopping threads took: 0.0026820 seconds
165.819: Application time: 0.0192930 seconds
165.823: [GC165.824: [ParNew: 246605K->1301K(275904K), 0.0014480 secs] 831820K->586588K(888836K), 0.0014840 secs] [Times: user=0.01 sys=0.00, real=0.00 secs] 
165.825: Total time for which application threads were stopped: 0.0060640 seconds, Stopping threads took: 0.0041850 seconds
165.880: Application time: 0.0546090 seconds
165.880: [GC165.880: [ParNew: 246549K->1156K(275904K), 0.0013850 secs] 831836K->586515K(888836K), 0.0014210 secs] [Times: user=0.01 sys=0.00, real=0.00 secs] 
165.881: Total time for which application threads were stopped: 0.0018750 seconds, Stopping threads took: 0.0000430 seconds
165.936: Application time: 0.0547410 seconds
165.937: [GC165.937: [ParNew: 246404K->1300K(275904K), 0.0015010 secs] 831763K->586715K(888836K), 0.0015390 secs] [Times: user=0.01 sys=0.00, real=0.00 secs] 
165.938: Total time for which application threads were stopped: 0.0019540 seconds, Stopping threads took: 0.0000490 seconds
165.993: Application time: 0.0548470 seconds
165.993: [GC165.994: [ParNew: 246548K->1310K(275904K), 0.0014260 secs] 831963K->586765K(888836K), 0.0014610 secs] [Times: user=0.01 sys=0.00, real=0.00 secs] 
165.995: Total time for which application threads were stopped: 0.0019150 seconds, Stopping threads took: 0.0000560 seconds
166.050: Application time: 0.0550720 seconds
166.050: [GC166.050: [ParNew: 246558K->1354K(275904K), 0.0015320 secs] 832013K->586857K(888836K), 0.0015650 secs] [Times: user=0.00 sys=0.01, real=0.00 secs] 
166.052: Total time for which application threads were stopped: 0.0020240 seconds, Stopping threads took: 0.0000520 seconds
166.107: Application time: 0.0550530 seconds
166.108: [GC166.108: [ParNew: 246602K->1317K(275904K), 0.0015210 secs] 832105K->586860K(888836K), 0.0015550 secs] [Times: user=0.01 sys=0.00, real=0.00 secs] 
166.109: Total time for which application threads were stopped: 0.0020300 seconds, Stopping threads took: 0.0000560 seconds
166.164: Application time: 0.0543650 seconds
166.164: [GC166.164: [ParNew: 246565K->1586K(275904K), 0.0014690 secs] 832108K->587185K(888836K), 0.0015060 secs] [Times: user=0.01 sys=0.00, real=0.00 secs] 
166.166: Total time for which application threads were stopped: 0.0019730 seconds, Stopping threads took: 0.0000470 seconds
166.221: Application time: 0.0555320 seconds
166.221: [GC166.221: [ParNew: 246834K->1347K(275904K), 0.0014970 secs] 832433K->586994K(888836K), 0.0015330 secs] [Times: user=0.01 sys=0.00, real=0.00 secs] 
166.223: Total time for which application threads were stopped: 0.0019860 seconds, Stopping threads took: 0.0000510 seconds
166.277: Application time: 0.0539960 seconds
166.280: [GC166.280: [ParNew: 246595K->1345K(275904K), 0.0016080 secs] 832242K->587040K(888836K), 0.0016420 secs] [Times: user=0.01 sys=0.00, real=0.00 secs] 
166.281: Total time for which application threads were stopped: 0.0042850 seconds, Stopping threads took: 0.0022390 seconds
166.335: Application time: 0.0540770 seconds
166.336: [GC166.336: [ParNew: 246593K->1500K(275904K), 0.0014970 secs] 832288K->587243K(888836K), 0.0015330 secs] [Times: user=0.01 sys=0.00, real=0.00 secs] 
166.337: Total time for which application threads were stopped: 0.0019790 seconds, Stopping threads took: 0.0000470 seconds
166.392: Application time: 0.0546180 seconds
166.392: [GC166.392: [ParNew: 246748K->1550K(275904K), 0.0015540 secs] 832491K->587349K(888836K), 0.0015970 secs] [Times: user=0.01 sys=0.00, real=0.00 secs] 
166.394: Total time for which application threads were stopped: 0.0020490 seconds, Stopping threads took: 0.0000450 seconds
166.448: Application time: 0.0543380 seconds
166.449: [GC166.449: [ParNew: 246798K->1518K(275904K), 0.0015580 secs] 832597K->587386K(888836K), 0.0015960 secs] [Times: user=0.01 sys=0.00, real=0.00 secs] 
166.450: Total time for which application threads were stopped: 0.0020100 seconds, Stopping threads took: 0.0000430 seconds
166.505: Application time: 0.0545780 seconds
166.505: [GC166.505: [ParNew: 246766K->1615K(275904K), 0.0015150 secs] 832634K->587540K(888836K), 0.0015510 secs] [Times: user=0.01 sys=0.00, real=0.00 secs] 
166.507: Total time for which application threads were stopped: 0.0020060 seconds, Stopping threads took: 0.0000500 seconds
166.562: Application time: 0.0546890 seconds
166.562: [GC166.562: [ParNew: 246863K->1714K(275904K), 0.0016040 secs] 832788K->587735K(888836K), 0.0016430 secs] [Times: user=0.01 sys=0.00, real=0.00 secs] 
166.564: Total time for which application threads were stopped: 0.0020980 seconds, Stopping threads took: 0.0000460 seconds
166.619: Application time: 0.0553780 seconds
166.624: [GC166.624: [ParNew: 246962K->1502K(275904K), 0.0015720 secs] 832983K->587874K(888836K), 0.0016090 secs] [Times: user=0.01 sys=0.00, real=0.00 secs] 
166.625: Total time for which application threads were stopped: 0.0061130 seconds, Stopping threads took: 0.0041010 seconds
166.682: Application time: 0.0571050 seconds
166.683: [GC166.683: [ParNew: 246750K->1016K(275904K), 0.0014150 secs] 833122K->587508K(888836K), 0.0014510 secs] [Times: user=0.00 sys=0.00, real=0.00 secs] 
166.684: Total time for which application threads were stopped: 0.0019150 seconds, Stopping threads took: 0.0000440 seconds
166.739: Application time: 0.0544080 seconds
166.740: [GC166.740: [ParNew: 246264K->1045K(275904K), 0.0014020 secs] 832756K->587648K(888836K), 0.0014370 secs] [Times: user=0.01 sys=0.00, real=0.00 secs] 
166.741: Total time for which application threads were stopped: 0.0024000 seconds, Stopping threads took: 0.0005570 seconds
166.797: Application time: 0.0554030 seconds
166.797: [GC166.797: [ParNew: 246293K->1018K(275904K), 0.0016940 secs] 832896K->587661K(888836K), 0.0017260 secs] [Times: user=0.01 sys=0.00, real=0.00 secs] 
166.799: Total time for which application threads were stopped: 0.0021900 seconds, Stopping threads took: 0.0000520 seconds
166.853: Application time: 0.0546580 seconds
166.854: [GC166.854: [ParNew: 246266K->1375K(275904K), 0.0014670 secs] 832909K->588074K(888836K), 0.0015010 secs] [Times: user=0.01 sys=0.00, real=0.00 secs] 
166.855: Total time for which application threads were stopped: 0.0019620 seconds, Stopping threads took: 0.0000500 seconds
166.910: Application time: 0.0548230 seconds
166.911: [GC166.911: [ParNew: 246623K->1303K(275904K), 0.0014340 secs] 833322K->588067K(888836K), 0.0014690 secs] [Times: user=0.01 sys=0.00, real=0.00 secs] 
166.912: Total time for which application threads were stopped: 0.0019290 seconds, Stopping threads took: 0.0000530 seconds
166.967: Application time: 0.0544670 seconds
166.968: [GC166.968: [ParNew: 246551K->1176K(275904K), 0.0014260 secs] 833315K->588003K(888836K), 0.0014610 secs] [Times: user=0.01 sys=0.00, real=0.00 secs] 
166.969: Total time for which application threads were stopped: 0.0025580 seconds, Stopping threads took: 0.0006950 seconds
167.024: Application time: 0.0550770 seconds
167.025: [GC167.025: [ParNew: 246424K->1356K(275904K), 0.0014410 secs] 833251K->588247K(888836K), 0.0014770 secs] [Times: user=0.01 sys=0.00, real=0.00 secs] 
167.026: Total time for which application threads were stopped: 0.0019280 seconds, Stopping threads took: 0.0000440 seconds
167.081: Application time: 0.0545000 seconds
167.084: [GC167.084: [ParNew: 246604K->1323K(275904K), 0.0014650 secs] 833495K->588279K(888836K), 0.0015010 secs] [Times: user=0.01 sys=0.00, real=0.00 secs] 
167.085: Total time for which application threads were stopped: 0.0045260 seconds, Stopping threads took: 0.0026150 seconds
167.140: Application time: 0.0549190 seconds
167.141: [GC167.141: [ParNew: 246571K->1305K(275904K), 0.0014810 secs] 833527K->588316K(888836K), 0.0015150 secs] [Times: user=0.01 sys=0.00, real=0.00 secs] 
167.142: Total time for which application threads were stopped: 0.0019660 seconds, Stopping threads took: 0.0000410 seconds
167.197: Application time: 0.0547160 seconds
167.198: [GC167.198: [ParNew: 246553K->1406K(275904K), 0.0014990 secs] 833564K->588482K(888836K), 0.0015340 secs] [Times: user=0.01 sys=0.00, real=0.01 secs] 
167.200: Total time for which application threads were stopped: 0.0028980 seconds, Stopping threads took: 0.0009080 seconds
167.254: Application time: 0.0542540 seconds
167.254: [GC167.254: [ParNew: 246654K->1346K(275904K), 0.0015300 secs] 833730K->588486K(888836K), 0.0015690 secs] [Times: user=0.01 sys=0.00, real=0.00 secs] 
167.256: Total time for which application threads were stopped: 0.0020190 seconds, Stopping threads took: 0.0000460 seconds
167.310: Application time: 0.0544340 seconds
167.311: [GC167.311: [ParNew: 246594K->1452K(275904K), 0.0015550 secs] 833734K->588655K(888836K), 0.0015930 secs] [Times: user=0.02 sys=0.00, real=0.00 secs] 
167.312: Total time for which application threads were stopped: 0.0020480 seconds, Stopping threads took: 0.0000530 seconds
167.367: Application time: 0.0546340 seconds
167.368: [GC167.368: [ParNew: 246700K->1536K(275904K), 0.0015480 secs] 833903K->588801K(888836K), 0.0015840 secs] [Times: user=0.01 sys=0.00, real=0.00 secs] 
167.369: Total time for which application threads were stopped: 0.0020410 seconds, Stopping threads took: 0.0000430 seconds
167.424: Application time: 0.0547560 seconds
167.424: [GC167.424: [ParNew: 246784K->1301K(275904K), 0.0016850 secs] 834049K->588622K(888836K), 0.0017210 secs] [Times: user=0.01 sys=0.00, real=0.00 secs] 
167.426: Total time for which application threads were stopped: 0.0021650 seconds, Stopping threads took: 0.0000430 seconds
167.481: Application time: 0.0550060 seconds
167.481: [GC167.482: [ParNew: 246549K->1686K(275904K), 0.0016470 secs] 833870K->589072K(888836K), 0.0016840 secs] [Times: user=0.01 sys=0.00, real=0.00 secs] 
167.483: Total time for which application threads were stopped: 0.0021380 seconds, Stopping threads took: 0.0000530 seconds
167.539: Application time: 0.0560050 seconds
167.544: [GC167.544: [ParNew: 246934K->1218K(275904K), 0.0016820 secs] 834320K->588897K(888836K), 0.0017170 secs] [Times: user=0.01 sys=0.00, real=0.00 secs] 
167.545: Total time for which application threads were stopped: 0.0061850 seconds, Stopping threads took: 0.0040660 seconds
167.601: Application time: 0.0560390 seconds
167.602: [GC167.602: [ParNew: 246466K->1088K(275904K), 0.0016520 secs] 834145K->588863K(888836K), 0.0016830 secs] [Times: user=0.01 sys=0.00, real=0.00 secs] 
167.604: Total time for which application threads were stopped: 0.0020940 seconds, Stopping threads took: 0.0000360 seconds
167.659: Application time: 0.0554450 seconds
167.664: [GC167.664: [ParNew: 246336K->982K(275904K), 0.0015310 secs] 834111K->588838K(888836K), 0.0015660 secs] [Times: user=0.01 sys=0.00, real=0.00 secs] 
167.665: Total time for which application threads were stopped: 0.0062510 seconds, Stopping threads took: 0.0042890 seconds
167.720: Application time: 0.0549100 seconds
167.724: [GC167.724: [ParNew: 246230K->1123K(275904K), 0.0016940 secs] 834086K->589027K(888836K), 0.0017280 secs] [Times: user=0.01 sys=0.00, real=0.00 secs] 
167.725: Total time for which application threads were stopped: 0.0052280 seconds, Stopping threads took: 0.0031060 seconds
167.780: Application time: 0.0550900 seconds
167.784: [GC167.784: [ParNew: 246371K->1057K(275904K), 0.0015530 secs] 834275K->589009K(888836K), 0.0015860 secs] [Times: user=0.01 sys=0.00, real=0.00 secs] 
167.785: Total time for which application threads were stopped: 0.0047590 seconds, Stopping threads took: 0.0027910 seconds
167.841: Application time: 0.0558230 seconds
167.844: [GC167.844: [ParNew: 246305K->1039K(275904K), 0.0016270 secs] 834257K->589047K(888836K), 0.0016690 secs] [Times: user=0.01 sys=0.00, real=0.00 secs] 
167.845: Total time for which application threads were stopped: 0.0042850 seconds, Stopping threads took: 0.0022050 seconds
167.901: Application time: 0.0559840 seconds
167.904: [GC167.904: [ParNew: 246287K->1119K(275904K), 0.0014970 secs] 834295K->589182K(888836K), 0.0015320 secs] [Times: user=0.01 sys=0.00, real=0.00 secs] 
167.905: Total time for which application threads were stopped: 0.0038560 seconds, Stopping threads took: 0.0019270 seconds
167.960: Application time: 0.0551290 seconds
167.961: [GC167.961: [ParNew: 246367K->1129K(275904K), 0.0015210 secs] 834430K->589240K(888836K), 0.0015570 secs] [Times: user=0.02 sys=0.00, real=0.00 secs] 
167.962: Total time for which application threads were stopped: 0.0020080 seconds, Stopping threads took: 0.0000460 seconds
168.017: Application time: 0.0547480 seconds
168.018: [GC168.018: [ParNew: 246377K->1296K(275904K), 0.0014610 secs] 834488K->589455K(888836K), 0.0014970 secs] [Times: user=0.01 sys=0.00, real=0.00 secs] 
168.019: Total time for which application threads were stopped: 0.0019530 seconds, Stopping threads took: 0.0000420 seconds
168.073: Application time: 0.0541130 seconds
168.074: [GC168.074: [ParNew: 246544K->1202K(275904K), 0.0014760 secs] 834703K->589410K(888836K), 0.0015120 secs] [Times: user=0.01 sys=0.00, real=0.00 secs] 
168.075: Total time for which application threads were stopped: 0.0019670 seconds, Stopping threads took: 0.0000470 seconds
168.129: Application time: 0.0543090 seconds
168.130: [GC168.130: [ParNew: 246450K->1234K(275904K), 0.0015000 secs] 834658K->589498K(888836K), 0.0015370 secs] [Times: user=0.02 sys=0.00, real=0.00 secs] 
168.131: Total time for which application threads were stopped: 0.0019900 seconds, Stopping threads took: 0.0000470 seconds
168.186: Application time: 0.0543390 seconds
168.186: [GC168.186: [ParNew: 246482K->1306K(275904K), 0.0015150 secs] 834746K->589625K(888836K), 0.0015520 secs] [Times: user=0.01 sys=0.00, real=0.01 secs] 
168.188: Total time for which application threads were stopped: 0.0019990 seconds, Stopping threads took: 0.0000390 seconds
168.243: Application time: 0.0552530 seconds
168.243: [GC168.244: [ParNew: 246554K->1347K(275904K), 0.0014840 secs] 834873K->589723K(888836K), 0.0015190 secs] [Times: user=0.01 sys=0.00, real=0.00 secs] 
168.245: Total time for which application threads were stopped: 0.0020000 seconds, Stopping threads took: 0.0000470 seconds
168.300: Application time: 0.0545290 seconds
168.304: [GC168.304: [ParNew: 246595K->1481K(275904K), 0.0015430 secs] 834971K->589907K(888836K), 0.0015780 secs] [Times: user=0.02 sys=0.00, real=0.00 secs] 
168.305: Total time for which application threads were stopped: 0.0056760 seconds, Stopping threads took: 0.0036920 seconds
168.361: Application time: 0.0558020 seconds
168.361: [GC168.361: [ParNew: 246729K->1363K(275904K), 0.0014940 secs] 835155K->589847K(888836K), 0.0015320 secs] [Times: user=0.01 sys=0.00, real=0.00 secs] 
168.363: Total time for which application threads were stopped: 0.0019760 seconds, Stopping threads took: 0.0000380 seconds
168.418: Application time: 0.0551090 seconds
168.420: [GC168.420: [ParNew: 246611K->1455K(275904K), 0.0015120 secs] 835095K->590031K(888836K), 0.0015460 secs] [Times: user=0.02 sys=0.00, real=0.00 secs] 
168.421: Total time for which application threads were stopped: 0.0030760 seconds, Stopping threads took: 0.0011320 seconds
168.478: Application time: 0.0565320 seconds
168.478: [GC168.478: [ParNew: 246703K->1274K(275904K), 0.0016750 secs] 835279K->589947K(888836K), 0.0017070 secs] [Times: user=0.02 sys=0.00, real=0.01 secs] 
168.480: Total time for which application threads were stopped: 0.0021590 seconds, Stopping threads took: 0.0000440 seconds
168.536: Application time: 0.0556240 seconds
168.540: [GC168.540: [ParNew: 246522K->1163K(275904K), 0.0015890 secs] 835195K->590112K(888836K), 0.0016250 secs] [Times: user=0.01 sys=0.00, real=0.00 secs] 
168.541: Total time for which application threads were stopped: 0.0057200 seconds, Stopping threads took: 0.0037290 seconds
168.597: Application time: 0.0559710 seconds
168.598: [GC168.598: [ParNew: 246411K->902K(275904K), 0.0014950 secs] 835360K->589916K(888836K), 0.0015280 secs] [Times: user=0.01 sys=0.00, real=0.00 secs] 
168.599: Total time for which application threads were stopped: 0.0020050 seconds, Stopping threads took: 0.0000540 seconds
168.654: Application time: 0.0552560 seconds
168.655: [GC168.655: [ParNew: 246150K->1166K(275904K), 0.0015160 secs] 835164K->590221K(888836K), 0.0015510 secs] [Times: user=0.01 sys=0.00, real=0.00 secs] 
168.657: Total time for which application threads were stopped: 0.0020020 seconds, Stopping threads took: 0.0000490 seconds
168.712: Application time: 0.0553380 seconds
168.716: [GC168.716: [ParNew: 246414K->1038K(275904K), 0.0016050 secs] 835469K->590149K(888836K), 0.0016390 secs] [Times: user=0.01 sys=0.00, real=0.00 secs] 
168.717: Total time for which application threads were stopped: 0.0054790 seconds, Stopping threads took: 0.0034260 seconds
168.773: Application time: 0.0556600 seconds
168.776: [GC168.776: [ParNew: 246286K->1187K(275904K), 0.0017080 secs] 835397K->590362K(888836K), 0.0017440 secs] [Times: user=0.01 sys=0.00, real=0.00 secs] 
168.777: Total time for which application threads were stopped: 0.0043910 seconds, Stopping threads took: 0.0022730 seconds
168.832: Application time: 0.0548520 seconds
168.836: [GC168.836: [ParNew: 246435K->1323K(275904K), 0.0014980 secs] 835610K->590562K(888836K), 0.0015320 secs] [Times: user=0.01 sys=0.00, real=0.00 secs] 
168.837: Total time for which application threads were stopped: 0.0049590 seconds, Stopping threads took: 0.0030260 seconds
168.892: Application time: 0.0545440 seconds
168.896: [GC168.896: [ParNew: 246571K->1183K(275904K), 0.0014760 secs] 835810K->590486K(888836K), 0.0015100 secs] [Times: user=0.01 sys=0.00, real=0.00 secs] 
168.897: Total time for which application threads were stopped: 0.0054300 seconds, Stopping threads took: 0.0035200 seconds
168.952: Application time: 0.0549300 seconds
168.956: [GC168.956: [ParNew: 246431K->1454K(275904K), 0.0014650 secs] 835734K->590829K(888836K), 0.0015010 secs] [Times: user=0.01 sys=0.00, real=0.00 secs] 
168.957: Total time for which application threads were stopped: 0.0050540 seconds, Stopping threads took: 0.0031610 seconds
169.012: Application time: 0.0543660 seconds
169.012: [GC169.012: [ParNew: 246702K->1433K(275904K), 0.0015060 secs] 836077K->590880K(888836K), 0.0015430 secs] [Times: user=0.01 sys=0.00, real=0.00 secs] 
169.014: Total time for which application threads were stopped: 0.0019990 seconds, Stopping threads took: 0.0000450 seconds
169.068: Application time: 0.0541800 seconds
169.068: [GC169.068: [ParNew: 246681K->1407K(275904K), 0.0014510 secs] 836128K->590926K(888836K), 0.0014790 secs] [Times: user=0.01 sys=0.00, real=0.00 secs] 
169.070: Total time for which application threads were stopped: 0.0020600 seconds, Stopping threads took: 0.0001310 seconds
169.124: Application time: 0.0543620 seconds
169.128: [GC169.128: [ParNew: 246655K->1417K(275904K), 0.0015000 secs] 836174K->591008K(888836K), 0.0015380 secs] [Times: user=0.02 sys=0.00, real=0.00 secs] 
169.129: Total time for which application threads were stopped: 0.0050660 seconds, Stopping threads took: 0.0031240 seconds
169.183: Application time: 0.0540330 seconds
169.184: [GC169.184: [ParNew: 246665K->1383K(275904K), 0.0015420 secs] 836256K->591024K(888836K), 0.0015790 secs] [Times: user=0.01 sys=0.00, real=0.00 secs] 
169.185: Total time for which application threads were stopped: 0.0020350 seconds, Stopping threads took: 0.0000460 seconds
169.240: Application time: 0.0549300 seconds
169.244: [GC169.244: [ParNew: 246631K->1488K(275904K), 0.0014980 secs] 836272K->591185K(888836K), 0.0015320 secs] [Times: user=0.01 sys=0.00, real=0.00 secs] 
169.245: Total time for which application threads were stopped: 0.0049890 seconds, Stopping threads took: 0.0030500 seconds
169.300: Application time: 0.0551540 seconds
169.301: [GC169.301: [ParNew: 246736K->1551K(275904K), 0.0015640 secs] 836433K->591288K(888836K), 0.0016090 secs] [Times: user=0.01 sys=0.00, real=0.00 secs] 
169.302: Total time for which application threads were stopped: 0.0020820 seconds, Stopping threads took: 0.0000500 seconds
169.358: Application time: 0.0555650 seconds
169.358: [GC169.358: [ParNew: 246799K->1305K(275904K), 0.0016020 secs] 836536K->591220K(888836K), 0.0016400 secs] [Times: user=0.01 sys=0.00, real=0.01 secs] 
169.360: Total time for which application threads were stopped: 0.0020820 seconds, Stopping threads took: 0.0000410 seconds
169.415: Application time: 0.0550950 seconds
169.420: [GC169.420: [ParNew: 246553K->1298K(275904K), 0.0014980 secs] 836468K->591277K(888836K), 0.0015330 secs] [Times: user=0.01 sys=0.00, real=0.00 secs] 
169.421: Total time for which application threads were stopped: 0.0060060 seconds, Stopping threads took: 0.0040690 seconds
169.477: Application time: 0.0553920 seconds
169.477: [GC169.477: [ParNew: 246546K->1204K(275904K), 0.0015860 secs] 836525K->591328K(888836K), 0.0016170 secs] [Times: user=0.02 sys=0.00, real=0.00 secs] 
169.479: Total time for which application threads were stopped: 0.0020710 seconds, Stopping threads took: 0.0000540 seconds
169.534: Application time: 0.0557600 seconds
169.536: [GC169.536: [ParNew: 246452K->1025K(275904K), 0.0016450 secs] 836576K->591345K(888836K), 0.0016780 secs] [Times: user=0.01 sys=0.00, real=0.00 secs] 
169.537: Total time for which application threads were stopped: 0.0029240 seconds, Stopping threads took: 0.0008340 seconds
169.594: Application time: 0.0568100 seconds
169.595: [GC169.595: [ParNew: 246273K->1221K(275904K), 0.0016320 secs] 836593K->591589K(888836K), 0.0016600 secs] [Times: user=0.01 sys=0.00, real=0.00 secs] 
169.596: Total time for which application threads were stopped: 0.0021430 seconds, Stopping threads took: 0.0000820 seconds
169.652: Application time: 0.0558120 seconds
169.653: [GC169.653: [ParNew: 246469K->1114K(275904K), 0.0014170 secs] 836837K->591546K(888836K), 0.0014510 secs] [Times: user=0.02 sys=0.00, real=0.00 secs] 
169.654: Total time for which application threads were stopped: 0.0019040 seconds, Stopping threads took: 0.0000570 seconds
169.709: Application time: 0.0548040 seconds
169.712: [GC169.712: [ParNew: 246362K->1188K(275904K), 0.0015220 secs] 836794K->591684K(888836K), 0.0015580 secs] [Times: user=0.01 sys=0.00, real=0.00 secs] 
169.713: Total time for which application threads were stopped: 0.0043440 seconds, Stopping threads took: 0.0024190 seconds
169.768: Application time: 0.0548690 seconds
169.769: [GC169.769: [ParNew: 246436K->1248K(275904K), 0.0014210 secs] 836932K->591801K(888836K), 0.0014570 secs] [Times: user=0.01 sys=0.00, real=0.00 secs] 
169.770: Total time for which application threads were stopped: 0.0019180 seconds, Stopping threads took: 0.0000520 seconds
169.824: Application time: 0.0543720 seconds
169.828: [GC169.828: [ParNew: 246496K->1238K(275904K), 0.0014150 secs] 837049K->591838K(888836K), 0.0014490 secs] [Times: user=0.02 sys=0.00, real=0.00 secs] 
169.829: Total time for which application threads were stopped: 0.0047680 seconds, Stopping threads took: 0.0028960 seconds
169.884: Application time: 0.0544490 seconds
169.884: [GC169.884: [ParNew: 246486K->1181K(275904K), 0.0014340 secs] 837086K->591845K(888836K), 0.0014700 secs] [Times: user=0.01 sys=0.00, real=0.00 secs] 
169.886: Total time for which application threads were stopped: 0.0019200 seconds, Stopping threads took: 0.0000460 seconds
169.940: Application time: 0.0545450 seconds
169.944: [GC169.944: [ParNew: 246429K->1276K(275904K), 0.0014580 secs] 837093K->592004K(888836K), 0.0014940 secs] [Times: user=0.01 sys=0.00, real=0.00 secs] 
169.945: Total time for which application threads were stopped: 0.0051100 seconds, Stopping threads took: 0.0032100 seconds
169.999: Application time: 0.0543120 seconds
170.004: [GC170.004: [ParNew: 246524K->1487K(275904K), 0.0014300 secs] 837252K->592279K(888836K), 0.0014720 secs] [Times: user=0.01 sys=0.00, real=0.00 secs] 
170.005: Total time for which application threads were stopped: 0.0056540 seconds, Stopping threads took: 0.0037780 seconds
170.059: Application time: 0.0542580 seconds
170.060: [GC170.060: [ParNew: 246735K->1524K(275904K), 0.0014500 secs] 837527K->592380K(888836K), 0.0014850 secs] [Times: user=0.01 sys=0.00, real=0.00 secs] 
170.061: Total time for which application threads were stopped: 0.0019400 seconds, Stopping threads took: 0.0000450 seconds
170.116: Application time: 0.0542840 seconds
170.120: [GC170.120: [ParNew: 246772K->1501K(275904K), 0.0014580 secs] 837628K->592415K(888836K), 0.0014930 secs] [Times: user=0.01 sys=0.00, real=0.00 secs] 
170.121: Total time for which application threads were stopped: 0.0055310 seconds, Stopping threads took: 0.0036310 seconds
170.175: Application time: 0.0537850 seconds
170.175: [GC170.175: [ParNew: 246749K->1473K(275904K), 0.0014880 secs] 837663K->592451K(888836K), 0.0015240 secs] [Times: user=0.01 sys=0.00, real=0.00 secs] 
170.177: Total time for which application threads were stopped: 0.0019820 seconds, Stopping threads took: 0.0000450 seconds
170.232: Application time: 0.0553220 seconds
170.236: [GC170.236: [ParNew: 246721K->1447K(275904K), 0.0016100 secs] 837699K->592517K(888836K), 0.0016470 secs] [Times: user=0.01 sys=0.00, real=0.00 secs] 
170.237: Total time for which application threads were stopped: 0.0050530 seconds, Stopping threads took: 0.0030020 seconds
170.293: Application time: 0.0555550 seconds
170.293: [GC170.293: [ParNew: 246695K->1280K(275904K), 0.0015100 secs] 837765K->592439K(888836K), 0.0015460 secs] [Times: user=0.01 sys=0.00, real=0.00 secs] 
170.295: Total time for which application threads were stopped: 0.0020100 seconds, Stopping threads took: 0.0000560 seconds
170.350: Application time: 0.0550770 seconds
170.350: [GC170.350: [ParNew: 246528K->1365K(275904K), 0.0015320 secs] 837687K->592592K(888836K), 0.0015710 secs] [Times: user=0.01 sys=0.01, real=0.00 secs] 
170.352: Total time for which application threads were stopped: 0.0020510 seconds, Stopping threads took: 0.0000520 seconds
170.408: Application time: 0.0556770 seconds
170.412: [GC170.412: [ParNew: 246613K->1186K(275904K), 0.0015670 secs] 837840K->592480K(888836K), 0.0016010 secs] [Times: user=0.01 sys=0.00, real=0.00 secs] 
170.413: Total time for which application threads were stopped: 0.0055790 seconds, Stopping threads took: 0.0035740 seconds
170.470: Application time: 0.0568190 seconds
170.472: [GC170.472: [ParNew: 246434K->999K(275904K), 0.0015850 secs] 837728K->592481K(888836K), 0.0016190 secs] [Times: user=0.01 sys=0.00, real=0.00 secs] 
170.473: Total time for which application threads were stopped: 0.0032070 seconds, Stopping threads took: 0.0011910 seconds
170.529: Application time: 0.0556880 seconds
170.529: [GC170.529: [ParNew: 246247K->1067K(275904K), 0.0015540 secs] 837729K->592652K(888836K), 0.0015870 secs] [Times: user=0.01 sys=0.00, real=0.00 secs] 
170.531: Total time for which application threads were stopped: 0.0020660 seconds, Stopping threads took: 0.0000750 seconds
170.576: Application time: 0.0446470 seconds
170.580: Total time for which application threads were stopped: 0.0039180 seconds, Stopping threads took: 0.0035470 seconds
170.593: Application time: 0.0135650 seconds
170.594: [GC170.594: [ParNew: 246315K->1286K(275904K), 0.0014680 secs] 837900K->592936K(888836K), 0.0015060 secs] [Times: user=0.01 sys=0.00, real=0.00 secs] 
170.595: Total time for which application threads were stopped: 0.0019450 seconds, Stopping threads took: 0.0000510 seconds
170.650: Application time: 0.0546660 seconds
170.652: [GC170.652: [ParNew: 246534K->1242K(275904K), 0.0014750 secs] 838184K->592947K(888836K), 0.0015110 secs] [Times: user=0.01 sys=0.00, real=0.00 secs] 
170.653: Total time for which application threads were stopped: 0.0033610 seconds, Stopping threads took: 0.0014480 seconds
170.708: Application time: 0.0547980 seconds
170.708: [GC170.708: [ParNew: 246490K->1212K(275904K), 0.0014920 secs] 838195K->592974K(888836K), 0.0015370 secs] [Times: user=0.01 sys=0.00, real=0.00 secs] 
170.710: Total time for which application threads were stopped: 0.0019880 seconds, Stopping threads took: 0.0000400 seconds
170.765: Application time: 0.0546480 seconds
170.768: [GC170.768: [ParNew: 246460K->1428K(275904K), 0.0014450 secs] 838222K->593237K(888836K), 0.0014820 secs] [Times: user=0.01 sys=0.00, real=0.00 secs] 
170.769: Total time for which application threads were stopped: 0.0045260 seconds, Stopping threads took: 0.0026380 seconds
170.823: Application time: 0.0540800 seconds
170.824: [GC170.824: [ParNew: 246676K->1309K(275904K), 0.0014700 secs] 838485K->593174K(888836K), 0.0015050 secs] [Times: user=0.01 sys=0.00, real=0.00 secs] 
170.825: Total time for which application threads were stopped: 0.0019540 seconds, Stopping threads took: 0.0000500 seconds
170.880: Application time: 0.0545060 seconds
170.880: [GC170.880: [ParNew: 246557K->1497K(275904K), 0.0014470 secs] 838422K->593419K(888836K), 0.0014850 secs] [Times: user=0.01 sys=0.00, real=0.00 secs] 
170.882: Total time for which application threads were stopped: 0.0019650 seconds, Stopping threads took: 0.0000430 seconds
170.936: Application time: 0.0545890 seconds
170.937: [GC170.937: [ParNew: 246745K->1300K(275904K), 0.0015720 secs] 838667K->593270K(888836K), 0.0016100 secs] [Times: user=0.01 sys=0.00, real=0.00 secs] 
170.938: Total time for which application threads were stopped: 0.0020600 seconds, Stopping threads took: 0.0000460 seconds
170.993: Application time: 0.0546900 seconds
170.996: [GC170.996: [ParNew: 246548K->1509K(275904K), 0.0014710 secs] 838518K->593543K(888836K), 0.0015060 secs] [Times: user=0.01 sys=0.00, real=0.00 secs] 
170.997: Total time for which application threads were stopped: 0.0041640 seconds, Stopping threads took: 0.0022490 seconds
171.052: Application time: 0.0544600 seconds
171.052: [GC171.052: [ParNew: 246757K->1560K(275904K), 0.0015240 secs] 838791K->593649K(888836K), 0.0015610 secs] [Times: user=0.01 sys=0.00, real=0.00 secs] 
171.054: Total time for which application threads were stopped: 0.0020040 seconds, Stopping threads took: 0.0000370 seconds
171.108: Application time: 0.0546340 seconds
171.109: [GC171.109: [ParNew: 246808K->1636K(275904K), 0.0015230 secs] 838897K->593774K(888836K), 0.0015590 secs] [Times: user=0.01 sys=0.00, real=0.00 secs] 
171.110: Total time for which application threads were stopped: 0.0020090 seconds, Stopping threads took: 0.0000410 seconds
171.166: Application time: 0.0556820 seconds
171.168: [GC171.168: [ParNew: 246884K->1446K(275904K), 0.0014910 secs] 839022K->593671K(888836K), 0.0015260 secs] [Times: user=0.01 sys=0.00, real=0.00 secs] 
171.169: Total time for which application threads were stopped: 0.0032040 seconds, Stopping threads took: 0.0012850 seconds
171.225: Application time: 0.0555420 seconds
171.225: [GC171.225: [ParNew: 246694K->1417K(275904K), 0.0014570 secs] 838919K->593699K(888836K), 0.0014940 secs] [Times: user=0.01 sys=0.00, real=0.00 secs] 
171.227: Total time for which application threads were stopped: 0.0019440 seconds, Stopping threads took: 0.0000520 seconds
171.282: Application time: 0.0549790 seconds
171.282: [GC171.282: [ParNew: 246665K->1300K(275904K), 0.0015140 secs] 838947K->593659K(888836K), 0.0015530 secs] [Times: user=0.01 sys=0.00, real=0.00 secs] 
171.284: Total time for which application threads were stopped: 0.0020130 seconds, Stopping threads took: 0.0000530 seconds
171.339: Application time: 0.0550680 seconds
171.340: [GC171.340: [ParNew: 246548K->1392K(275904K), 0.0014860 secs] 838907K->593817K(888836K), 0.0015220 secs] [Times: user=0.01 sys=0.00, real=0.00 secs] 
171.341: Total time for which application threads were stopped: 0.0024420 seconds, Stopping threads took: 0.0005160 seconds
171.396: Application time: 0.0552550 seconds
171.400: [GC171.400: [ParNew: 246640K->1351K(275904K), 0.0016630 secs] 839065K->593825K(888836K), 0.0016960 secs] [Times: user=0.01 sys=0.00, real=0.00 secs] 
171.401: Total time for which application threads were stopped: 0.0049330 seconds, Stopping threads took: 0.0028100 seconds
171.457: Application time: 0.0560020 seconds
171.458: [GC171.458: [ParNew: 246599K->1098K(275904K), 0.0017120 secs] 839073K->593898K(888836K), 0.0017550 secs] [Times: user=0.01 sys=0.00, real=0.01 secs] 
171.460: Total time for which application threads were stopped: 0.0021750 seconds, Stopping threads took: 0.0000510 seconds
171.515: Application time: 0.0558080 seconds
171.516: [GC171.516: [ParNew: 246346K->1140K(275904K), 0.0015500 secs] 839146K->594012K(888836K), 0.0015840 secs] [Times: user=0.02 sys=0.00, real=0.00 secs] 
171.517: Total time for which application threads were stopped: 0.0020430 seconds, Stopping threads took: 0.0000540 seconds
171.573: Application time: 0.0554720 seconds
171.573: [GC171.573: [ParNew: 246388K->1157K(275904K), 0.0016180 secs] 839260K->594085K(888836K), 0.0016530 secs] [Times: user=0.01 sys=0.00, real=0.00 secs] 
171.575: Total time for which application threads were stopped: 0.0021070 seconds, Stopping threads took: 0.0000460 seconds
171.630: Application time: 0.0552150 seconds
171.632: [GC171.632: [ParNew: 246405K->1249K(275904K), 0.0014240 secs] 839333K->594232K(888836K), 0.0014610 secs] [Times: user=0.01 sys=0.00, real=0.00 secs] 
171.633: Total time for which application threads were stopped: 0.0028960 seconds, Stopping threads took: 0.0010330 seconds
171.688: Application time: 0.0548970 seconds
171.688: [GC171.688: [ParNew: 246497K->1102K(275904K), 0.0015180 secs] 839480K->594150K(888836K), 0.0015570 secs] [Times: user=0.01 sys=0.00, real=0.00 secs] 
171.690: Total time for which application threads were stopped: 0.0019730 seconds, Stopping threads took: 0.0000440 seconds
171.745: Application time: 0.0547280 seconds
171.745: [GC171.745: [ParNew: 246350K->1463K(275904K), 0.0014540 secs] 839398K->594575K(888836K), 0.0014920 secs] [Times: user=0.01 sys=0.00, real=0.00 secs] 
171.747: Total time for which application threads were stopped: 0.0019350 seconds, Stopping threads took: 0.0000420 seconds
171.801: Application time: 0.0546850 seconds
171.804: [GC171.804: [ParNew: 246711K->1293K(275904K), 0.0014300 secs] 839823K->594469K(888836K), 0.0014620 secs] [Times: user=0.01 sys=0.00, real=0.00 secs] 
171.805: Total time for which application threads were stopped: 0.0037680 seconds, Stopping threads took: 0.0019040 seconds
171.860: Application time: 0.0545580 seconds
171.860: [GC171.860: [ParNew: 246541K->1388K(275904K), 0.0014420 secs] 839717K->594628K(888836K), 0.0014780 secs] [Times: user=0.01 sys=0.00, real=0.00 secs] 
171.862: Total time for which application threads were stopped: 0.0019310 seconds, Stopping threads took: 0.0000470 seconds
171.916: Application time: 0.0547020 seconds
171.920: [GC171.920: [ParNew: 246636K->1492K(275904K), 0.0014700 secs] 839876K->594796K(888836K), 0.0015040 secs] [Times: user=0.01 sys=0.00, real=0.00 secs] 
171.921: Total time for which application threads were stopped: 0.0048660 seconds, Stopping threads took: 0.0029350 seconds
171.977: Application time: 0.0555040 seconds
171.977: [GC171.977: [ParNew: 246740K->1555K(275904K), 0.0015090 secs] 840044K->594915K(888836K), 0.0015440 secs] [Times: user=0.01 sys=0.00, real=0.00 secs] 
171.979: Total time for which application threads were stopped: 0.0019910 seconds, Stopping threads took: 0.0000460 seconds
172.034: Application time: 0.0552350 seconds
172.034: [GC172.034: [ParNew: 246803K->1365K(275904K), 0.0015330 secs] 840163K->594869K(888836K), 0.0015690 secs] [Times: user=0.01 sys=0.00, real=0.00 secs] 
172.036: Total time for which application threads were stopped: 0.0020190 seconds, Stopping threads took: 0.0000430 seconds
172.092: Application time: 0.0558460 seconds
172.092: [GC172.092: [ParNew: 246613K->1367K(275904K), 0.0014420 secs] 840117K->594942K(888836K), 0.0014790 secs] [Times: user=0.01 sys=0.00, real=0.00 secs] 
172.094: Total time for which application threads were stopped: 0.0019280 seconds, Stopping threads took: 0.0000410 seconds
172.148: Application time: 0.0543410 seconds
172.152: [GC172.152: [ParNew: 246615K->1213K(275904K), 0.0014530 secs] 840190K->594861K(888836K), 0.0014970 secs] [Times: user=0.01 sys=0.00, real=0.00 secs] 
172.153: Total time for which application threads were stopped: 0.0050850 seconds, Stopping threads took: 0.0031820 seconds
172.209: Application time: 0.0556960 seconds
172.209: [GC172.209: [ParNew: 246461K->1318K(275904K), 0.0014480 secs] 840109K->595022K(888836K), 0.0014840 secs] [Times: user=0.01 sys=0.00, real=0.00 secs] 
172.211: Total time for which application threads were stopped: 0.0019400 seconds, Stopping threads took: 0.0000540 seconds
172.266: Application time: 0.0548480 seconds
172.266: [GC172.266: [ParNew: 246566K->1112K(275904K), 0.0016400 secs] 840270K->594882K(888836K), 0.0016770 secs] [Times: user=0.02 sys=0.00, real=0.01 secs] 
172.268: Total time for which application threads were stopped: 0.0021000 seconds, Stopping threads took: 0.0000530 seconds
172.323: Application time: 0.0550160 seconds
172.328: [GC172.328: [ParNew: 246360K->1223K(275904K), 0.0015530 secs] 840130K->595051K(888836K), 0.0015900 secs] [Times: user=0.01 sys=0.00, real=0.00 secs] 
172.329: Total time for which application threads were stopped: 0.0064710 seconds, Stopping threads took: 0.0044770 seconds
172.384: Application time: 0.0545150 seconds
172.388: [GC172.388: [ParNew: 246471K->1316K(275904K), 0.0015400 secs] 840299K->595200K(888836K), 0.0015770 secs] [Times: user=0.01 sys=0.00, real=0.00 secs] 
172.389: Total time for which application threads were stopped: 0.0054720 seconds, Stopping threads took: 0.0034940 seconds
172.444: Application time: 0.0549710 seconds
172.448: [GC172.448: [ParNew: 246564K->1035K(275904K), 0.0015710 secs] 840448K->595155K(888836K), 0.0016090 secs] [Times: user=0.01 sys=0.00, real=0.00 secs] 
172.449: Total time for which application threads were stopped: 0.0050740 seconds, Stopping threads took: 0.0030440 seconds
172.505: Application time: 0.0554890 seconds
172.505: [GC172.505: [ParNew: 246283K->1244K(275904K), 0.0014200 secs] 840403K->595429K(888836K), 0.0014550 secs] [Times: user=0.01 sys=0.00, real=0.00 secs] 
172.507: Total time for which application threads were stopped: 0.0019040 seconds, Stopping threads took: 0.0000480 seconds
172.562: Application time: 0.0551020 seconds
172.562: [GC172.562: [ParNew: 246492K->1301K(275904K), 0.0014190 secs] 840677K->595549K(888836K), 0.0014560 secs] [Times: user=0.01 sys=0.00, real=0.00 secs] 
172.564: Total time for which application threads were stopped: 0.0019050 seconds, Stopping threads took: 0.0000460 seconds
172.618: Application time: 0.0546640 seconds
172.619: [GC172.619: [ParNew: 246549K->1296K(275904K), 0.0014210 secs] 840797K->595600K(888836K), 0.0014580 secs] [Times: user=0.01 sys=0.00, real=0.01 secs] 
172.620: Total time for which application threads were stopped: 0.0018990 seconds, Stopping threads took: 0.0000390 seconds
172.675: Application time: 0.0549790 seconds
172.680: [GC172.680: [ParNew: 246544K->1520K(275904K), 0.0014620 secs] 840848K->595888K(888836K), 0.0014980 secs] [Times: user=0.01 sys=0.00, real=0.00 secs] 
172.681: Total time for which application threads were stopped: 0.0058980 seconds, Stopping threads took: 0.0039950 seconds
172.736: Application time: 0.0544510 seconds
172.736: [GC172.736: [ParNew: 246768K->1357K(275904K), 0.0014400 secs] 841136K->595782K(888836K), 0.0014760 secs] [Times: user=0.01 sys=0.00, real=0.00 secs] 
172.738: Total time for which application threads were stopped: 0.0019240 seconds, Stopping threads took: 0.0000420 seconds
172.792: Application time: 0.0546500 seconds
172.793: [GC172.793: [ParNew: 246605K->1319K(275904K), 0.0014860 secs] 841030K->595801K(888836K), 0.0015230 secs] [Times: user=0.01 sys=0.00, real=0.00 secs] 
172.794: Total time for which application threads were stopped: 0.0019680 seconds, Stopping threads took: 0.0000420 seconds
172.849: Application time: 0.0547360 seconds
172.849: [GC172.849: [ParNew: 246567K->1319K(275904K), 0.0015900 secs] 841049K->595852K(888836K), 0.0016270 secs] [Times: user=0.01 sys=0.00, real=0.00 secs] 
172.851: Total time for which application threads were stopped: 0.0020860 seconds, Stopping threads took: 0.0000480 seconds
172.906: Application time: 0.0547620 seconds
172.906: [GC172.906: [ParNew: 246567K->1344K(275904K), 0.0015700 secs] 841100K->595980K(888836K), 0.0016080 secs] [Times: user=0.01 sys=0.00, real=0.01 secs] 
172.908: Total time for which application threads were stopped: 0.0020620 seconds, Stopping threads took: 0.0000500 seconds
172.963: Application time: 0.0552860 seconds
172.964: [GC172.964: [ParNew: 246592K->1095K(275904K), 0.0015820 secs] 841228K->595819K(888836K), 0.0016170 secs] [Times: user=0.02 sys=0.00, real=0.00 secs] 
172.965: Total time for which application threads were stopped: 0.0022060 seconds, Stopping threads took: 0.0001690 seconds
173.020: Application time: 0.0543200 seconds
173.024: [GC173.024: [ParNew: 246343K->1292K(275904K), 0.0015630 secs] 841067K->596112K(888836K), 0.0015980 secs] [Times: user=0.01 sys=0.00, real=0.00 secs] 
173.025: Total time for which application threads were stopped: 0.0056330 seconds, Stopping threads took: 0.0036340 seconds
173.081: Application time: 0.0554110 seconds
173.081: [GC173.081: [ParNew: 246540K->1274K(275904K), 0.0015510 secs] 841360K->596151K(888836K), 0.0015850 secs] [Times: user=0.01 sys=0.00, real=0.00 secs] 
173.083: Total time for which application threads were stopped: 0.0020420 seconds, Stopping threads took: 0.0000480 seconds
173.138: Application time: 0.0555790 seconds
173.139: [GC173.139: [ParNew: 246522K->1284K(275904K), 0.0018110 secs] 841399K->596208K(888836K), 0.0018440 secs] [Times: user=0.01 sys=0.00, real=0.01 secs] 
173.141: Total time for which application threads were stopped: 0.0023220 seconds, Stopping threads took: 0.0000640 seconds
173.197: Application time: 0.0559920 seconds
173.198: [GC173.198: [ParNew: 246532K->1492K(275904K), 0.0015190 secs] 841456K->596464K(888836K), 0.0015490 secs] [Times: user=0.01 sys=0.00, real=0.01 secs] 
173.200: Total time for which application threads were stopped: 0.0033390 seconds, Stopping threads took: 0.0013530 seconds
173.256: Application time: 0.0557370 seconds
173.260: [GC173.260: [ParNew: 246740K->1386K(275904K), 0.0014800 secs] 841712K->596406K(888836K), 0.0015150 secs] [Times: user=0.01 sys=0.00, real=0.00 secs] 
173.261: Total time for which application threads were stopped: 0.0054730 seconds, Stopping threads took: 0.0035500 seconds
173.316: Application time: 0.0551730 seconds
173.320: [GC173.320: [ParNew: 246634K->1261K(275904K), 0.0014870 secs] 841654K->596337K(888836K), 0.0015230 secs] [Times: user=0.01 sys=0.00, real=0.00 secs] 
173.321: Total time for which application threads were stopped: 0.0048370 seconds, Stopping threads took: 0.0029130 seconds
173.376: Application time: 0.0550030 seconds
173.380: [GC173.380: [ParNew: 246509K->1203K(275904K), 0.0015400 secs] 841585K->596388K(888836K), 0.0015780 secs] [Times: user=0.01 sys=0.00, real=0.00 secs] 
173.381: Total time for which application threads were stopped: 0.0050390 seconds, Stopping threads took: 0.0030610 seconds
173.437: Application time: 0.0554180 seconds
173.440: [GC173.440: [ParNew: 246451K->1147K(275904K), 0.0015720 secs] 841636K->596534K(888836K), 0.0016130 secs] [Times: user=0.01 sys=0.00, real=0.00 secs] 
173.441: Total time for which application threads were stopped: 0.0046130 seconds, Stopping threads took: 0.0025980 seconds
173.497: Application time: 0.0555250 seconds
173.500: [GC173.500: [ParNew: 246395K->1172K(275904K), 0.0015000 secs] 841782K->596622K(888836K), 0.0015350 secs] [Times: user=0.01 sys=0.00, real=0.00 secs] 
173.501: Total time for which application threads were stopped: 0.0044100 seconds, Stopping threads took: 0.0024590 seconds
173.556: Application time: 0.0549150 seconds
173.557: [GC173.557: [ParNew: 246420K->1083K(275904K), 0.0015070 secs] 841870K->596598K(888836K), 0.0015440 secs] [Times: user=0.01 sys=0.00, real=0.00 secs] 
173.558: Total time for which application threads were stopped: 0.0019900 seconds, Stopping threads took: 0.0000470 seconds
173.613: Application time: 0.0549560 seconds
173.614: [GC173.614: [ParNew: 246331K->1246K(275904K), 0.0016800 secs] 841846K->596808K(888836K), 0.0017240 secs] [Times: user=0.01 sys=0.00, real=0.00 secs] 
173.615: Total time for which application threads were stopped: 0.0021850 seconds, Stopping threads took: 0.0000480 seconds
173.670: Application time: 0.0547670 seconds
173.672: [GC173.672: [ParNew: 246494K->1301K(275904K), 0.0015050 secs] 842056K->596928K(888836K), 0.0015400 secs] [Times: user=0.01 sys=0.00, real=0.00 secs] 
173.673: Total time for which application threads were stopped: 0.0031690 seconds, Stopping threads took: 0.0012290 seconds
173.728: Application time: 0.0546290 seconds
173.728: [GC173.728: [ParNew: 246549K->1318K(275904K), 0.0015340 secs] 842176K->596985K(888836K), 0.0015720 secs] [Times: user=0.01 sys=0.00, real=0.00 secs] 
173.730: Total time for which application threads were stopped: 0.0020150 seconds, Stopping threads took: 0.0000400 seconds
173.785: Application time: 0.0547240 seconds
173.785: [GC173.785: [ParNew: 246566K->1469K(275904K), 0.0015270 secs] 842233K->597183K(888836K), 0.0015630 secs] [Times: user=0.01 sys=0.00, real=0.00 secs] 
173.787: Total time for which application threads were stopped: 0.0020150 seconds, Stopping threads took: 0.0000460 seconds
173.842: Application time: 0.0553750 seconds
173.844: [GC173.844: [ParNew: 246717K->1252K(275904K), 0.0014920 secs] 842431K->597133K(888836K), 0.0015280 secs] [Times: user=0.01 sys=0.00, real=0.00 secs] 
173.845: Total time for which application threads were stopped: 0.0032110 seconds, Stopping threads took: 0.0012830 seconds
173.900: Application time: 0.0552950 seconds
173.901: [GC173.901: [ParNew: 246500K->1111K(275904K), 0.0014510 secs] 842381K->597047K(888836K), 0.0014880 secs] [Times: user=0.01 sys=0.00, real=0.00 secs] 
173.902: Total time for which application threads were stopped: 0.0019330 seconds, Stopping threads took: 0.0000410 seconds
173.957: Application time: 0.0547280 seconds
173.958: [GC173.958: [ParNew: 246359K->1182K(275904K), 0.0014450 secs] 842295K->597214K(888836K), 0.0014810 secs] [Times: user=0.01 sys=0.00, real=0.00 secs] 
173.959: Total time for which application threads were stopped: 0.0019480 seconds, Stopping threads took: 0.0000520 seconds
174.014: Application time: 0.0551680 seconds
174.016: [GC174.016: [ParNew: 246430K->1308K(275904K), 0.0014810 secs] 842462K->597396K(888836K), 0.0015150 secs] [Times: user=0.01 sys=0.00, real=0.00 secs] 
174.017: Total time for which application threads were stopped: 0.0029350 seconds, Stopping threads took: 0.0009870 seconds
174.072: Application time: 0.0546650 seconds
174.072: [GC174.072: [ParNew: 246556K->1328K(275904K), 0.0015990 secs] 842644K->597457K(888836K), 0.0016320 secs] [Times: user=0.01 sys=0.00, real=0.00 secs] 
174.074: Total time for which application threads were stopped: 0.0020810 seconds, Stopping threads took: 0.0000430 seconds
174.129: Application time: 0.0554660 seconds
174.132: [GC174.132: [ParNew: 246576K->1517K(275904K), 0.0015660 secs] 842705K->597693K(888836K), 0.0015990 secs] [Times: user=0.01 sys=0.00, real=0.00 secs] 
174.133: Total time for which application threads were stopped: 0.0038370 seconds, Stopping threads took: 0.0018330 seconds
174.188: Application time: 0.0550810 seconds
174.192: [GC174.192: [ParNew: 246765K->1355K(275904K), 0.0015900 secs] 842941K->597588K(888836K), 0.0016300 secs] [Times: user=0.01 sys=0.00, real=0.00 secs] 
174.193: Total time for which application threads were stopped: 0.0049030 seconds, Stopping threads took: 0.0029050 seconds
174.248: Application time: 0.0551000 seconds
174.252: [GC174.252: [ParNew: 246603K->1411K(275904K), 0.0015600 secs] 842836K->597704K(888836K), 0.0015970 secs] [Times: user=0.01 sys=0.00, real=0.00 secs] 
174.253: Total time for which application threads were stopped: 0.0048940 seconds, Stopping threads took: 0.0028980 seconds
174.308: Application time: 0.0548970 seconds
174.312: [GC174.312: [ParNew: 246659K->1325K(275904K), 0.0016460 secs] 842952K->597681K(888836K), 0.0016830 secs] [Times: user=0.02 sys=0.00, real=0.00 secs] 
174.313: Total time for which application threads were stopped: 0.0052180 seconds, Stopping threads took: 0.0031230 seconds
174.369: Application time: 0.0553570 seconds
174.372: [GC174.372: [ParNew: 246573K->1322K(275904K), 0.0015900 secs] 842929K->597823K(888836K), 0.0016280 secs] [Times: user=0.01 sys=0.00, real=0.00 secs] 
174.373: Total time for which application threads were stopped: 0.0045520 seconds, Stopping threads took: 0.0025250 seconds
174.428: Application time: 0.0549850 seconds
174.429: [GC174.429: [ParNew: 246570K->1294K(275904K), 0.0016250 secs] 843071K->597959K(888836K), 0.0016610 secs] [Times: user=0.02 sys=0.00, real=0.00 secs] 
174.430: Total time for which application threads were stopped: 0.0021120 seconds, Stopping threads took: 0.0000480 seconds
174.486: Application time: 0.0557400 seconds
174.487: [GC174.487: [ParNew: 246542K->1324K(275904K), 0.0014930 secs] 843207K->598061K(888836K), 0.0015300 secs] [Times: user=0.01 sys=0.00, real=0.01 secs] 
174.488: Total time for which application threads were stopped: 0.0019820 seconds, Stopping threads took: 0.0000560 seconds
174.543: Application time: 0.0548260 seconds
174.543: [GC174.543: [ParNew: 246572K->1329K(275904K), 0.0014830 secs] 843309K->598122K(888836K), 0.0015180 secs] [Times: user=0.02 sys=0.00, real=0.00 secs] 
174.545: Total time for which application threads were stopped: 0.0020030 seconds, Stopping threads took: 0.0000540 seconds
174.600: Application time: 0.0546860 seconds
174.604: [GC174.604: [ParNew: 246577K->1501K(275904K), 0.0015010 secs] 843370K->598365K(888836K), 0.0015350 secs] [Times: user=0.01 sys=0.00, real=0.00 secs] 
174.605: Total time for which application threads were stopped: 0.0055530 seconds, Stopping threads took: 0.0036110 seconds
174.660: Application time: 0.0551530 seconds
174.661: [GC174.661: [ParNew: 246749K->1265K(275904K), 0.0015140 secs] 843613K->598194K(888836K), 0.0015510 secs] [Times: user=0.01 sys=0.00, real=0.00 secs] 
174.662: Total time for which application threads were stopped: 0.0020050 seconds, Stopping threads took: 0.0000550 seconds
174.718: Application time: 0.0552420 seconds
174.720: [GC174.720: [ParNew: 246513K->1373K(275904K), 0.0015240 secs] 843442K->598376K(888836K), 0.0015600 secs] [Times: user=0.01 sys=0.00, real=0.00 secs] 
174.721: Total time for which application threads were stopped: 0.0036210 seconds, Stopping threads took: 0.0016640 seconds
174.776: Application time: 0.0550170 seconds
174.780: [GC174.780: [ParNew: 246621K->1235K(275904K), 0.0014630 secs] 843624K->598366K(888836K), 0.0014980 secs] [Times: user=0.01 sys=0.00, real=0.00 secs] 
174.781: Total time for which application threads were stopped: 0.0048920 seconds, Stopping threads took: 0.0029980 seconds
174.837: Application time: 0.0553850 seconds
174.837: [GC174.837: [ParNew: 246483K->1302K(275904K), 0.0014760 secs] 843614K->598497K(888836K), 0.0015120 secs] [Times: user=0.01 sys=0.00, real=0.00 secs] 
174.839: Total time for which application threads were stopped: 0.0019510 seconds, Stopping threads took: 0.0000390 seconds
174.894: Application time: 0.0554550 seconds
174.896: [GC174.896: [ParNew: 246550K->1199K(275904K), 0.0014430 secs] 843745K->598466K(888836K), 0.0014780 secs] [Times: user=0.01 sys=0.00, real=0.00 secs] 
174.897: Total time for which application threads were stopped: 0.0031980 seconds, Stopping threads took: 0.0013120 seconds
174.952: Application time: 0.0548670 seconds
174.952: [GC174.952: [ParNew: 246447K->1196K(275904K), 0.0014150 secs] 843714K->598526K(888836K), 0.0014500 secs] [Times: user=0.01 sys=0.00, real=0.00 secs] 
174.954: Total time for which application threads were stopped: 0.0019100 seconds, Stopping threads took: 0.0000610 seconds
175.008: Application time: 0.0543460 seconds
175.009: [GC175.009: [ParNew: 246444K->1077K(275904K), 0.0016510 secs] 843774K->598464K(888836K), 0.0016870 secs] [Times: user=0.01 sys=0.00, real=0.00 secs] 
175.010: Total time for which application threads were stopped: 0.0021400 seconds, Stopping threads took: 0.0000480 seconds
175.065: Application time: 0.0546370 seconds
175.066: [GC175.066: [ParNew: 246325K->1235K(275904K), 0.0016010 secs] 843712K->598686K(888836K), 0.0016450 secs] [Times: user=0.01 sys=0.00, real=0.00 secs] 
175.067: Total time for which application threads were stopped: 0.0021180 seconds, Stopping threads took: 0.0000520 seconds
175.122: Application time: 0.0546530 seconds
175.122: [GC175.122: [ParNew: 246483K->1229K(275904K), 0.0014740 secs] 843934K->598744K(888836K), 0.0015120 secs] [Times: user=0.01 sys=0.00, real=0.00 secs] 
175.124: Total time for which application threads were stopped: 0.0019640 seconds, Stopping threads took: 0.0000490 seconds
175.179: Application time: 0.0548100 seconds
175.179: [GC175.179: [ParNew: 246477K->1509K(275904K), 0.0015410 secs] 843992K->599091K(888836K), 0.0015770 secs] [Times: user=0.01 sys=0.00, real=0.01 secs] 
175.181: Total time for which application threads were stopped: 0.0020510 seconds, Stopping threads took: 0.0000680 seconds
175.236: Application time: 0.0556070 seconds
175.237: [GC175.237: [ParNew: 246757K->1361K(275904K), 0.0015660 secs] 844339K->598992K(888836K), 0.0016030 secs] [Times: user=0.01 sys=0.00, real=0.00 secs] 
175.238: Total time for which application threads were stopped: 0.0020490 seconds, Stopping threads took: 0.0000460 seconds
175.294: Application time: 0.0551810 seconds
175.296: [GC175.296: [ParNew: 246609K->1441K(275904K), 0.0015800 secs] 844240K->599120K(888836K), 0.0016160 secs] [Times: user=0.01 sys=0.00, real=0.00 secs] 
175.297: Total time for which application threads were stopped: 0.0037590 seconds, Stopping threads took: 0.0017410 seconds
175.352: Application time: 0.0548810 seconds
175.353: [GC175.353: [ParNew: 246689K->1223K(275904K), 0.0015510 secs] 844368K->599097K(888836K), 0.0015890 secs] [Times: user=0.01 sys=0.00, real=0.00 secs] 
175.354: Total time for which application threads were stopped: 0.0020390 seconds, Stopping threads took: 0.0000480 seconds
175.410: Application time: 0.0557310 seconds
175.410: [GC175.410: [ParNew: 246471K->1370K(275904K), 0.0018710 secs] 844345K->599354K(888836K), 0.0019080 secs] [Times: user=0.01 sys=0.00, real=0.00 secs] 
175.412: Total time for which application threads were stopped: 0.0023580 seconds, Stopping threads took: 0.0000530 seconds
175.468: Application time: 0.0556050 seconds
175.472: [GC175.472: [ParNew: 246618K->1193K(275904K), 0.0016380 secs] 844602K->599241K(888836K), 0.0016770 secs] [Times: user=0.01 sys=0.00, real=0.00 secs] 
175.473: Total time for which application threads were stopped: 0.0054370 seconds, Stopping threads took: 0.0033600 seconds
175.528: Application time: 0.0548670 seconds
175.529: [GC175.529: [ParNew: 246441K->1324K(275904K), 0.0016260 secs] 844489K->599422K(888836K), 0.0016640 secs] [Times: user=0.01 sys=0.00, real=0.00 secs] 
175.530: Total time for which application threads were stopped: 0.0021230 seconds, Stopping threads took: 0.0000450 seconds
175.585: Application time: 0.0550560 seconds
175.588: [GC175.588: [ParNew: 246572K->1158K(275904K), 0.0017220 secs] 844670K->599348K(888836K), 0.0017620 secs] [Times: user=0.01 sys=0.00, real=0.00 secs] 
175.589: Total time for which application threads were stopped: 0.0040490 seconds, Stopping threads took: 0.0018590 seconds
175.647: Application time: 0.0575320 seconds
175.652: [GC175.652: [ParNew: 246406K->1422K(275904K), 0.0015780 secs] 844596K->599716K(888836K), 0.0016160 secs] [Times: user=0.01 sys=0.00, real=0.00 secs] 
175.653: Total time for which application threads were stopped: 0.0062760 seconds, Stopping threads took: 0.0042660 seconds
175.688: Application time: 0.0349280 seconds
175.689: Total time for which application threads were stopped: 0.0004280 seconds, Stopping threads took: 0.0000590 seconds
175.709: Application time: 0.0202440 seconds
175.709: [GC175.709: [ParNew: 246670K->1406K(275904K), 0.0014610 secs] 844964K->599772K(888836K), 0.0014980 secs] [Times: user=0.01 sys=0.00, real=0.00 secs] 
175.711: Total time for which application threads were stopped: 0.0019360 seconds, Stopping threads took: 0.0000450 seconds
175.766: Application time: 0.0550800 seconds
175.766: [GC175.766: [ParNew: 246654K->1346K(275904K), 0.0015230 secs] 845020K->599812K(888836K), 0.0015670 secs] [Times: user=0.01 sys=0.00, real=0.01 secs] 
175.768: Total time for which application threads were stopped: 0.0020260 seconds, Stopping threads took: 0.0000580 seconds
175.823: Application time: 0.0554790 seconds
175.824: [GC175.824: [ParNew: 246594K->1309K(275904K), 0.0015150 secs] 845060K->599839K(888836K), 0.0015520 secs] [Times: user=0.01 sys=0.00, real=0.00 secs] 
175.825: Total time for which application threads were stopped: 0.0020010 seconds, Stopping threads took: 0.0000480 seconds
175.880: Application time: 0.0550690 seconds
175.881: [GC175.881: [ParNew: 246557K->1246K(275904K), 0.0015300 secs] 845087K->599841K(888836K), 0.0015650 secs] [Times: user=0.01 sys=0.00, real=0.00 secs] 
175.883: Total time for which application threads were stopped: 0.0020250 seconds, Stopping threads took: 0.0000510 seconds
175.938: Application time: 0.0550820 seconds
175.938: [GC175.938: [ParNew: 246494K->1282K(275904K), 0.0016680 secs] 845089K->599924K(888836K), 0.0017060 secs] [Times: user=0.01 sys=0.00, real=0.01 secs] 
175.940: Total time for which application threads were stopped: 0.0021280 seconds, Stopping threads took: 0.0000560 seconds
175.995: Application time: 0.0549500 seconds
175.995: [GC175.995: [ParNew: 246530K->1567K(275904K), 0.0015590 secs] 845172K->600273K(888836K), 0.0015970 secs] [Times: user=0.01 sys=0.00, real=0.00 secs] 
175.997: Total time for which application threads were stopped: 0.0020480 seconds, Stopping threads took: 0.0000470 seconds
176.052: Application time: 0.0552090 seconds
176.052: [GC176.052: [ParNew: 246815K->1630K(275904K), 0.0015520 secs] 845521K->600400K(888836K), 0.0015900 secs] [Times: user=0.01 sys=0.00, real=0.00 secs] 
176.054: Total time for which application threads were stopped: 0.0020330 seconds, Stopping threads took: 0.0000410 seconds
176.109: Application time: 0.0552760 seconds
176.112: [GC176.112: [ParNew: 246878K->1473K(275904K), 0.0016280 secs] 845648K->600300K(888836K), 0.0016660 secs] [Times: user=0.01 sys=0.00, real=0.00 secs] 
176.113: Total time for which application threads were stopped: 0.0041030 seconds, Stopping threads took: 0.0020010 seconds
176.168: Application time: 0.0550110 seconds
176.172: [GC176.172: [ParNew: 246721K->1625K(275904K), 0.0016160 secs] 845548K->600511K(888836K), 0.0016530 secs] [Times: user=0.01 sys=0.00, real=0.00 secs] 
176.173: Total time for which application threads were stopped: 0.0049290 seconds, Stopping threads took: 0.0028800 seconds
176.229: Application time: 0.0558050 seconds
176.230: [GC176.230: [ParNew: 246873K->1580K(275904K), 0.0016070 secs] 845759K->600522K(888836K), 0.0016450 secs] [Times: user=0.01 sys=0.00, real=0.00 secs] 
176.231: Total time for which application threads were stopped: 0.0020890 seconds, Stopping threads took: 0.0000390 seconds
176.286: Application time: 0.0550270 seconds
176.287: [GC176.287: [ParNew: 246828K->1841K(275904K), 0.0016470 secs] 845770K->600887K(888836K), 0.0016840 secs] [Times: user=0.01 sys=0.00, real=0.01 secs] 
176.288: Total time for which application threads were stopped: 0.0021300 seconds, Stopping threads took: 0.0000480 seconds
176.344: Application time: 0.0560790 seconds
176.345: [GC176.345: [ParNew: 247089K->1181K(275904K), 0.0015990 secs] 846135K->600419K(888836K), 0.0016350 secs] [Times: user=0.01 sys=0.00, real=0.00 secs] 
176.347: Total time for which application threads were stopped: 0.0020940 seconds, Stopping threads took: 0.0000670 seconds
176.401: Application time: 0.0548480 seconds
176.402: [GC176.402: [ParNew: 246429K->1416K(275904K), 0.0016400 secs] 845667K->600712K(888836K), 0.0016770 secs] [Times: user=0.02 sys=0.00, real=0.00 secs] 
176.404: Total time for which application threads were stopped: 0.0021250 seconds, Stopping threads took: 0.0000490 seconds
176.459: Application time: 0.0553520 seconds
176.459: [GC176.459: [ParNew: 246664K->1460K(275904K), 0.0016380 secs] 845960K->600805K(888836K), 0.0016730 secs] [Times: user=0.01 sys=0.00, real=0.00 secs] 
176.461: Total time for which application threads were stopped: 0.0021420 seconds, Stopping threads took: 0.0000500 seconds
176.516: Application time: 0.0551030 seconds
176.517: [GC176.517: [ParNew: 246708K->1416K(275904K), 0.0016780 secs] 846053K->600956K(888836K), 0.0017160 secs] [Times: user=0.01 sys=0.00, real=0.00 secs] 
176.518: Total time for which application threads were stopped: 0.0021610 seconds, Stopping threads took: 0.0000390 seconds
176.574: Application time: 0.0556560 seconds
176.576: [GC176.576: [ParNew: 246664K->1332K(275904K), 0.0015960 secs] 846204K->601002K(888836K), 0.0016340 secs] [Times: user=0.01 sys=0.00, real=0.00 secs] 
176.577: Total time for which application threads were stopped: 0.0033150 seconds, Stopping threads took: 0.0013170 seconds
176.633: Application time: 0.0554090 seconds
176.633: [GC176.633: [ParNew: 246580K->1099K(275904K), 0.0014780 secs] 846250K->600817K(888836K), 0.0015130 secs] [Times: user=0.01 sys=0.00, real=0.00 secs] 
176.635: Total time for which application threads were stopped: 0.0020000 seconds, Stopping threads took: 0.0000540 seconds
176.690: Application time: 0.0553270 seconds
176.690: [GC176.690: [ParNew: 246347K->1137K(275904K), 0.0015850 secs] 846065K->600934K(888836K), 0.0016170 secs] [Times: user=0.01 sys=0.00, real=0.00 secs] 
176.692: Total time for which application threads were stopped: 0.0020630 seconds, Stopping threads took: 0.0000480 seconds
176.747: Application time: 0.0552790 seconds
176.752: [GC176.752: [ParNew: 246385K->1138K(275904K), 0.0014370 secs] 846182K->600999K(888836K), 0.0014740 secs] [Times: user=0.01 sys=0.00, real=0.00 secs] 
176.753: Total time for which application threads were stopped: 0.0057830 seconds, Stopping threads took: 0.0039090 seconds
176.808: Application time: 0.0550390 seconds
176.812: [GC176.812: [ParNew: 246386K->1146K(275904K), 0.0014690 secs] 846247K->601055K(888836K), 0.0015040 secs] [Times: user=0.01 sys=0.00, real=0.00 secs] 
176.813: Total time for which application threads were stopped: 0.0049830 seconds, Stopping threads took: 0.0030790 seconds
176.868: Application time: 0.0550820 seconds
176.869: [GC176.869: [ParNew: 246394K->1321K(275904K), 0.0014910 secs] 846303K->601278K(888836K), 0.0015280 secs] [Times: user=0.01 sys=0.00, real=0.00 secs] 
176.870: Total time for which application threads were stopped: 0.0019800 seconds, Stopping threads took: 0.0000520 seconds
176.925: Application time: 0.0549050 seconds
176.928: [GC176.928: [ParNew: 246569K->1216K(275904K), 0.0015490 secs] 846526K->601213K(888836K), 0.0015860 secs] [Times: user=0.01 sys=0.00, real=0.00 secs] 
176.929: Total time for which application threads were stopped: 0.0041210 seconds, Stopping threads took: 0.0021260 seconds
176.984: Application time: 0.0546190 seconds
176.984: [GC176.984: [ParNew: 246464K->1371K(275904K), 0.0014820 secs] 846461K->601409K(888836K), 0.0015190 secs] [Times: user=0.01 sys=0.00, real=0.00 secs] 
176.986: Total time for which application threads were stopped: 0.0019710 seconds, Stopping threads took: 0.0000530 seconds
177.042: Application time: 0.0557110 seconds
177.042: [GC177.042: [ParNew: 246619K->1375K(275904K), 0.0015220 secs] 846657K->601468K(888836K), 0.0015590 secs] [Times: user=0.01 sys=0.00, real=0.00 secs] 
177.044: Total time for which application threads were stopped: 0.0020000 seconds, Stopping threads took: 0.0000360 seconds
177.099: Application time: 0.0551330 seconds
177.099: [GC177.099: [ParNew: 246623K->1329K(275904K), 0.0015580 secs] 846716K->601481K(888836K), 0.0015960 secs] [Times: user=0.01 sys=0.00, real=0.01 secs] 
177.101: Total time for which application threads were stopped: 0.0020410 seconds, Stopping threads took: 0.0000410 seconds
177.155: Application time: 0.0547150 seconds
177.156: [GC177.156: [ParNew: 246577K->1230K(275904K), 0.0017120 secs] 846729K->601440K(888836K), 0.0017500 secs] [Times: user=0.01 sys=0.00, real=0.00 secs] 
177.158: Total time for which application threads were stopped: 0.0022230 seconds, Stopping threads took: 0.0000480 seconds
177.214: Application time: 0.0558850 seconds
177.214: [GC177.214: [ParNew: 246478K->1352K(275904K), 0.0015670 secs] 846688K->601666K(888836K), 0.0016140 secs] [Times: user=0.01 sys=0.01, real=0.00 secs] 
177.216: Total time for which application threads were stopped: 0.0020620 seconds, Stopping threads took: 0.0000470 seconds
177.271: Application time: 0.0553230 seconds
177.271: [GC177.271: [ParNew: 246600K->1360K(275904K), 0.0016410 secs] 846914K->601782K(888836K), 0.0016770 secs] [Times: user=0.01 sys=0.00, real=0.00 secs] 
177.273: Total time for which application threads were stopped: 0.0021420 seconds, Stopping threads took: 0.0000510 seconds
177.329: Application time: 0.0561810 seconds
177.330: [GC177.330: [ParNew: 246608K->1342K(275904K), 0.0016030 secs] 847030K->601934K(888836K), 0.0016390 secs] [Times: user=0.00 sys=0.01, real=0.00 secs] 
177.331: Total time for which application threads were stopped: 0.0020910 seconds, Stopping threads took: 0.0000480 seconds
177.387: Application time: 0.0559790 seconds
177.388: [GC177.388: [ParNew: 246590K->1445K(275904K), 0.0016050 secs] 847182K->602092K(888836K), 0.0016400 secs] [Times: user=0.01 sys=0.00, real=0.00 secs] 
177.389: Total time for which application threads were stopped: 0.0020830 seconds, Stopping threads took: 0.0000410 seconds
177.446: Application time: 0.0563080 seconds
177.446: [GC177.446: [ParNew: 246693K->1123K(275904K), 0.0015560 secs] 847340K->601899K(888836K), 0.0015920 secs] [Times: user=0.01 sys=0.00, real=0.01 secs] 
177.448: Total time for which application threads were stopped: 0.0020520 seconds, Stopping threads took: 0.0000550 seconds
177.504: Application time: 0.0559110 seconds
177.504: [GC177.504: [ParNew: 246371K->1184K(275904K), 0.0014570 secs] 847147K->602032K(888836K), 0.0014920 secs] [Times: user=0.01 sys=0.01, real=0.00 secs] 
177.506: Total time for which application threads were stopped: 0.0019340 seconds, Stopping threads took: 0.0000430 seconds
177.561: Application time: 0.0554930 seconds
177.564: [GC177.564: [ParNew: 246432K->1168K(275904K), 0.0014540 secs] 847280K->602080K(888836K), 0.0014890 secs] [Times: user=0.02 sys=0.00, real=0.00 secs] 
177.565: Total time for which application threads were stopped: 0.0039710 seconds, Stopping threads took: 0.0020890 seconds
177.621: Application time: 0.0555860 seconds
177.624: [GC177.624: [ParNew: 246416K->1029K(275904K), 0.0014810 secs] 847328K->602013K(888836K), 0.0015160 secs] [Times: user=0.01 sys=0.00, real=0.00 secs] 
177.625: Total time for which application threads were stopped: 0.0044380 seconds, Stopping threads took: 0.0025220 seconds
177.681: Application time: 0.0554660 seconds
177.681: [GC177.681: [ParNew: 246277K->1177K(275904K), 0.0015280 secs] 847261K->602217K(888836K), 0.0015630 secs] [Times: user=0.01 sys=0.00, real=0.00 secs] 
177.683: Total time for which application threads were stopped: 0.0020340 seconds, Stopping threads took: 0.0000440 seconds
177.738: Application time: 0.0554370 seconds
177.739: [GC177.739: [ParNew: 246425K->1136K(275904K), 0.0015470 secs] 847465K->602223K(888836K), 0.0015830 secs] [Times: user=0.02 sys=0.00, real=0.01 secs] 
177.740: Total time for which application threads were stopped: 0.0020350 seconds, Stopping threads took: 0.0000490 seconds
177.795: Application time: 0.0549360 seconds
177.796: [GC177.796: [ParNew: 246384K->1258K(275904K), 0.0015270 secs] 847471K->602402K(888836K), 0.0015630 secs] [Times: user=0.01 sys=0.00, real=0.00 secs] 
177.797: Total time for which application threads were stopped: 0.0020170 seconds, Stopping threads took: 0.0000460 seconds
177.852: Application time: 0.0552270 seconds
177.856: [GC177.856: [ParNew: 246506K->1292K(275904K), 0.0014840 secs] 847650K->602492K(888836K), 0.0015190 secs] [Times: user=0.01 sys=0.00, real=0.00 secs] 
177.857: Total time for which application threads were stopped: 0.0048310 seconds, Stopping threads took: 0.0029110 seconds
177.912: Application time: 0.0548290 seconds
177.912: [GC177.912: [ParNew: 246540K->1309K(275904K), 0.0015210 secs] 847740K->602565K(888836K), 0.0015570 secs] [Times: user=0.02 sys=0.00, real=0.00 secs] 
177.914: Total time for which application threads were stopped: 0.0020220 seconds, Stopping threads took: 0.0000590 seconds
177.969: Application time: 0.0550840 seconds
177.970: [GC177.970: [ParNew: 246557K->1497K(275904K), 0.0015740 secs] 847813K->602809K(888836K), 0.0016110 secs] [Times: user=0.01 sys=0.00, real=0.00 secs] 
177.971: Total time for which application threads were stopped: 0.0020440 seconds, Stopping threads took: 0.0000560 seconds
178.027: Application time: 0.0554020 seconds
178.027: [GC178.027: [ParNew: 246745K->1426K(275904K), 0.0015740 secs] 848057K->602802K(888836K), 0.0016120 secs] [Times: user=0.01 sys=0.00, real=0.01 secs] 
178.029: Total time for which application threads were stopped: 0.0020630 seconds, Stopping threads took: 0.0000460 seconds
178.084: Application time: 0.0551710 seconds
178.084: [GC178.084: [ParNew: 246674K->1432K(275904K), 0.0017080 secs] 848050K->602862K(888836K), 0.0017450 secs] [Times: user=0.01 sys=0.00, real=0.00 secs] 
178.086: Total time for which application threads were stopped: 0.0021910 seconds, Stopping threads took: 0.0000430 seconds
178.141: Application time: 0.0553750 seconds
178.142: [GC178.142: [ParNew: 246680K->1477K(275904K), 0.0016940 secs] 848110K->602963K(888836K), 0.0017310 secs] [Times: user=0.01 sys=0.00, real=0.00 secs] 
178.144: Total time for which application threads were stopped: 0.0021660 seconds, Stopping threads took: 0.0000410 seconds
178.200: Application time: 0.0559920 seconds
178.204: [GC178.204: [ParNew: 246725K->1393K(275904K), 0.0016240 secs] 848211K->602975K(888836K), 0.0016560 secs] [Times: user=0.01 sys=0.00, real=0.00 secs] 
178.205: Total time for which application threads were stopped: 0.0057660 seconds, Stopping threads took: 0.0036960 seconds
178.261: Application time: 0.0554800 seconds
178.264: [GC178.264: [ParNew: 246641K->1486K(275904K), 0.0015910 secs] 848223K->603208K(888836K), 0.0016260 secs] [Times: user=0.01 sys=0.00, real=0.00 secs] 
178.265: Total time for which application threads were stopped: 0.0044810 seconds, Stopping threads took: 0.0024570 seconds
178.321: Application time: 0.0559160 seconds
178.328: [GC178.328: [ParNew: 246734K->1232K(275904K), 0.0015320 secs] 848456K->603083K(888836K), 0.0015680 secs] [Times: user=0.01 sys=0.00, real=0.00 secs] 
178.329: Total time for which application threads were stopped: 0.0080260 seconds, Stopping threads took: 0.0060690 seconds
178.385: Application time: 0.0557540 seconds
178.388: [GC178.388: [ParNew: 246480K->1094K(275904K), 0.0015390 secs] 848331K->603065K(888836K), 0.0015750 secs] [Times: user=0.01 sys=0.00, real=0.00 secs] 
178.389: Total time for which application threads were stopped: 0.0042610 seconds, Stopping threads took: 0.0022840 seconds
178.444: Application time: 0.0549960 seconds
178.448: [GC178.448: [ParNew: 246342K->1054K(275904K), 0.0015200 secs] 848313K->603081K(888836K), 0.0015550 secs] [Times: user=0.02 sys=0.00, real=0.00 secs] 
178.449: Total time for which application threads were stopped: 0.0049560 seconds, Stopping threads took: 0.0029930 seconds
178.505: Application time: 0.0557790 seconds
178.510: [GC178.510: [ParNew: 246302K->1181K(275904K), 0.0015020 secs] 848329K->603272K(888836K), 0.0015370 secs] [Times: user=0.01 sys=0.00, real=0.00 secs] 
178.512: Total time for which application threads were stopped: 0.0069510 seconds, Stopping threads took: 0.0050120 seconds
178.567: Application time: 0.0555430 seconds
178.572: [GC178.572: [ParNew: 246429K->1037K(275904K), 0.0015680 secs] 848520K->603192K(888836K), 0.0016020 secs] [Times: user=0.02 sys=0.00, real=0.00 secs] 
178.573: Total time for which application threads were stopped: 0.0057830 seconds, Stopping threads took: 0.0037710 seconds
178.629: Application time: 0.0556070 seconds
178.632: [GC178.632: [ParNew: 246285K->1086K(275904K), 0.0016380 secs] 848440K->603281K(888836K), 0.0016760 secs] [Times: user=0.01 sys=0.00, real=0.00 secs] 
178.633: Total time for which application threads were stopped: 0.0044090 seconds, Stopping threads took: 0.0023670 seconds
178.688: Application time: 0.0551600 seconds
178.692: [GC178.692: [ParNew: 246334K->1271K(275904K), 0.0015660 secs] 848529K->603514K(888836K), 0.0016110 secs] [Times: user=0.01 sys=0.00, real=0.00 secs] 
178.693: Total time for which application threads were stopped: 0.0048030 seconds, Stopping threads took: 0.0027950 seconds
178.748: Application time: 0.0550830 seconds
178.749: [GC178.749: [ParNew: 246519K->1184K(275904K), 0.0015010 secs] 848762K->603475K(888836K), 0.0015390 secs] [Times: user=0.02 sys=0.00, real=0.00 secs] 
178.750: Total time for which application threads were stopped: 0.0020170 seconds, Stopping threads took: 0.0000500 seconds
178.805: Application time: 0.0548200 seconds
178.808: [GC178.808: [ParNew: 246432K->1281K(275904K), 0.0014790 secs] 848723K->603628K(888836K), 0.0015150 secs] [Times: user=0.02 sys=0.00, real=0.00 secs] 
178.809: Total time for which application threads were stopped: 0.0039930 seconds, Stopping threads took: 0.0020700 seconds
178.864: Application time: 0.0549220 seconds
178.865: [GC178.865: [ParNew: 246529K->1335K(275904K), 0.0016570 secs] 848876K->603730K(888836K), 0.0016920 secs] [Times: user=0.01 sys=0.00, real=0.00 secs] 
178.866: Total time for which application threads were stopped: 0.0021360 seconds, Stopping threads took: 0.0000420 seconds
178.921: Application time: 0.0546270 seconds
178.924: [GC178.924: [ParNew: 246583K->1378K(275904K), 0.0015040 secs] 848978K->603829K(888836K), 0.0015390 secs] [Times: user=0.01 sys=0.00, real=0.00 secs] 
178.925: Total time for which application threads were stopped: 0.0043230 seconds, Stopping threads took: 0.0023810 seconds
178.980: Application time: 0.0549310 seconds
178.984: [GC178.984: [ParNew: 246626K->1454K(275904K), 0.0015810 secs] 849077K->603953K(888836K), 0.0016160 secs] [Times: user=0.01 sys=0.00, real=0.00 secs] 
178.985: Total time for which application threads were stopped: 0.0051200 seconds, Stopping threads took: 0.0031180 seconds
179.040: Application time: 0.0548770 seconds
179.041: [GC179.041: [ParNew: 246702K->1440K(275904K), 0.0016100 secs] 849201K->603989K(888836K), 0.0016470 secs] [Times: user=0.01 sys=0.00, real=0.00 secs] 
179.042: Total time for which application threads were stopped: 0.0021000 seconds, Stopping threads took: 0.0000490 seconds
179.097: Application time: 0.0552440 seconds
179.100: [GC179.100: [ParNew: 246688K->1602K(275904K), 0.0016440 secs] 849237K->604211K(888836K), 0.0016800 secs] [Times: user=0.01 sys=0.00, real=0.00 secs] 
179.101: Total time for which application threads were stopped: 0.0038540 seconds, Stopping threads took: 0.0017740 seconds
179.156: Application time: 0.0550790 seconds
179.157: [GC179.157: [ParNew: 246850K->1519K(275904K), 0.0016020 secs] 849459K->604192K(888836K), 0.0016400 secs] [Times: user=0.01 sys=0.00, real=0.00 secs] 
179.159: Total time for which application threads were stopped: 0.0020920 seconds, Stopping threads took: 0.0000470 seconds
179.215: Application time: 0.0563140 seconds
179.215: [GC179.215: [ParNew: 246767K->1444K(275904K), 0.0016010 secs] 849440K->604302K(888836K), 0.0016380 secs] [Times: user=0.01 sys=0.00, real=0.00 secs] 
179.217: Total time for which application threads were stopped: 0.0020880 seconds, Stopping threads took: 0.0000380 seconds
179.274: Application time: 0.0568340 seconds
179.274: [GC179.274: [ParNew: 246692K->1196K(275904K), 0.0015870 secs] 849550K->604226K(888836K), 0.0016240 secs] [Times: user=0.01 sys=0.00, real=0.00 secs] 
179.276: Total time for which application threads were stopped: 0.0020980 seconds, Stopping threads took: 0.0000570 seconds
179.332: Application time: 0.0556830 seconds
179.332: [GC179.332: [ParNew: 246444K->1150K(275904K), 0.0015550 secs] 849474K->604252K(888836K), 0.0015910 secs] [Times: user=0.01 sys=0.00, real=0.00 secs] 
179.334: Total time for which application threads were stopped: 0.0020440 seconds, Stopping threads took: 0.0000500 seconds
179.390: Application time: 0.0559530 seconds
179.390: [GC179.390: [ParNew: 246398K->1107K(275904K), 0.0015620 secs] 849500K->604296K(888836K), 0.0015980 secs] [Times: user=0.01 sys=0.00, real=0.00 secs] 
179.392: Total time for which application threads were stopped: 0.0020600 seconds, Stopping threads took: 0.0000470 seconds
179.448: Application time: 0.0558900 seconds
179.448: [GC179.448: [ParNew: 246355K->1006K(275904K), 0.0015740 secs] 849544K->604259K(888836K), 0.0016120 secs] [Times: user=0.02 sys=0.01, real=0.00 secs] 
179.450: Total time for which application threads were stopped: 0.0020380 seconds, Stopping threads took: 0.0000500 seconds
179.505: Application time: 0.0554120 seconds
179.505: [GC179.505: [ParNew: 246254K->1076K(275904K), 0.0015300 secs] 849507K->604393K(888836K), 0.0015650 secs] [Times: user=0.01 sys=0.00, real=0.00 secs] 
179.507: Total time for which application threads were stopped: 0.0020180 seconds, Stopping threads took: 0.0000580 seconds
179.562: Application time: 0.0549530 seconds
179.564: [GC179.564: [ParNew: 246324K->1264K(275904K), 0.0015280 secs] 849641K->604646K(888836K), 0.0015640 secs] [Times: user=0.01 sys=0.00, real=0.00 secs] 
179.565: Total time for which application threads were stopped: 0.0032730 seconds, Stopping threads took: 0.0013140 seconds
179.621: Application time: 0.0558040 seconds
179.621: [GC179.621: [ParNew: 246512K->1118K(275904K), 0.0015340 secs] 849894K->604564K(888836K), 0.0015700 secs] [Times: user=0.01 sys=0.00, real=0.00 secs] 
179.623: Total time for which application threads were stopped: 0.0020090 seconds, Stopping threads took: 0.0000460 seconds
179.678: Application time: 0.0549070 seconds
179.678: [GC179.678: [ParNew: 246366K->1262K(275904K), 0.0015570 secs] 849812K->604771K(888836K), 0.0015950 secs] [Times: user=0.01 sys=0.00, real=0.01 secs] 
179.680: Total time for which application threads were stopped: 0.0020460 seconds, Stopping threads took: 0.0000470 seconds
179.735: Application time: 0.0548450 seconds
179.740: [GC179.740: [ParNew: 246510K->1339K(275904K), 0.0015440 secs] 850019K->604912K(888836K), 0.0015810 secs] [Times: user=0.01 sys=0.00, real=0.00 secs] 
179.741: Total time for which application threads were stopped: 0.0064020 seconds, Stopping threads took: 0.0044220 seconds
179.796: Application time: 0.0547100 seconds
179.796: [GC179.796: [ParNew: 246587K->1457K(275904K), 0.0015460 secs] 850160K->605094K(888836K), 0.0015820 secs] [Times: user=0.01 sys=0.00, real=0.00 secs] 
179.798: Total time for which application threads were stopped: 0.0020820 seconds, Stopping threads took: 0.0000770 seconds
179.853: Application time: 0.0548930 seconds
179.853: [GC179.853: [ParNew: 246705K->1433K(275904K), 0.0017560 secs] 850342K->605127K(888836K), 0.0017940 secs] [Times: user=0.01 sys=0.00, real=0.00 secs] 
179.855: Total time for which application threads were stopped: 0.0022450 seconds, Stopping threads took: 0.0000460 seconds
179.910: Application time: 0.0549820 seconds
179.911: [GC179.911: [ParNew: 246681K->1537K(275904K), 0.0015680 secs] 850375K->605294K(888836K), 0.0016060 secs] [Times: user=0.01 sys=0.00, real=0.00 secs] 
179.912: Total time for which application threads were stopped: 0.0020520 seconds, Stopping threads took: 0.0000400 seconds
179.967: Application time: 0.0551620 seconds
179.972: [GC179.972: [ParNew: 246785K->1481K(275904K), 0.0015770 secs] 850542K->605303K(888836K), 0.0016120 secs] [Times: user=0.02 sys=0.00, real=0.00 secs] 
179.973: Total time for which application threads were stopped: 0.0058660 seconds, Stopping threads took: 0.0038500 seconds
180.028: Application time: 0.0550700 seconds
180.029: [GC180.029: [ParNew: 246729K->1490K(275904K), 0.0016130 secs] 850551K->605375K(888836K), 0.0016500 secs] [Times: user=0.01 sys=0.00, real=0.00 secs] 
180.030: Total time for which application threads were stopped: 0.0021010 seconds, Stopping threads took: 0.0000440 seconds
180.086: Application time: 0.0552280 seconds
180.086: [GC180.086: [ParNew: 246738K->1661K(275904K), 0.0017950 secs] 850623K->605605K(888836K), 0.0018320 secs] [Times: user=0.01 sys=0.00, real=0.01 secs] 
180.088: Total time for which application threads were stopped: 0.0022830 seconds, Stopping threads took: 0.0000520 seconds
180.144: Application time: 0.0563290 seconds
180.148: [GC180.148: [ParNew: 246909K->1303K(275904K), 0.0016340 secs] 850853K->605399K(888836K), 0.0016790 secs] [Times: user=0.01 sys=0.00, real=0.00 secs] 
180.149: Total time for which application threads were stopped: 0.0050370 seconds, Stopping threads took: 0.0029580 seconds
180.206: Application time: 0.0562020 seconds
180.206: [GC180.206: [ParNew: 246551K->1214K(275904K), 0.0016420 secs] 850647K->605463K(888836K), 0.0016790 secs] [Times: user=0.01 sys=0.00, real=0.01 secs] 
180.208: Total time for which application threads were stopped: 0.0021380 seconds, Stopping threads took: 0.0000530 seconds
180.265: Application time: 0.0569990 seconds
180.265: [GC180.265: [ParNew: 246462K->1195K(275904K), 0.0015880 secs] 850711K->605594K(888836K), 0.0016230 secs] [Times: user=0.01 sys=0.00, real=0.00 secs] 
180.267: Total time for which application threads were stopped: 0.0020760 seconds, Stopping threads took: 0.0000560 seconds
180.322: Application time: 0.0554650 seconds
180.323: [GC180.323: [ParNew: 246443K->1264K(275904K), 0.0015120 secs] 850842K->605759K(888836K), 0.0015490 secs] [Times: user=0.01 sys=0.00, real=0.00 secs] 
180.324: Total time for which application threads were stopped: 0.0020410 seconds, Stopping threads took: 0.0000700 seconds
180.380: Application time: 0.0557550 seconds
180.380: [GC180.380: [ParNew: 246512K->1140K(275904K), 0.0015200 secs] 851007K->605683K(888836K), 0.0015550 secs] [Times: user=0.01 sys=0.00, real=0.00 secs] 
180.382: Total time for which application threads were stopped: 0.0020030 seconds, Stopping threads took: 0.0000470 seconds
180.438: Application time: 0.0557790 seconds
180.438: [GC180.438: [ParNew: 246388K->958K(275904K), 0.0018260 secs] 850931K->605540K(888836K), 0.0018610 secs] [Times: user=0.01 sys=0.00, real=0.01 secs] 
180.440: Total time for which application threads were stopped: 0.0023100 seconds, Stopping threads took: 0.0000550 seconds
180.496: Application time: 0.0558790 seconds
180.496: [GC180.496: [ParNew: 246206K->1326K(275904K), 0.0015170 secs] 850788K->605964K(888836K), 0.0015550 secs] [Times: user=0.01 sys=0.00, real=0.00 secs] 
180.498: Total time for which application threads were stopped: 0.0020050 seconds, Stopping threads took: 0.0000530 seconds
180.554: Application time: 0.0557990 seconds
180.556: [GC180.556: [ParNew: 246574K->1254K(275904K), 0.0015680 secs] 851212K->605949K(888836K), 0.0016050 secs] [Times: user=0.01 sys=0.00, real=0.00 secs] 
180.557: Total time for which application threads were stopped: 0.0034410 seconds, Stopping threads took: 0.0014420 seconds
180.613: Application time: 0.0554310 seconds
180.613: [GC180.613: [ParNew: 246502K->1378K(275904K), 0.0015140 secs] 851197K->606128K(888836K), 0.0015500 secs] [Times: user=0.01 sys=0.00, real=0.00 secs] 
180.615: Total time for which application threads were stopped: 0.0019930 seconds, Stopping threads took: 0.0000470 seconds
180.670: Application time: 0.0553470 seconds
180.672: [GC180.672: [ParNew: 246626K->1475K(275904K), 0.0015440 secs] 851376K->606274K(888836K), 0.0015840 secs] [Times: user=0.01 sys=0.00, real=0.00 secs] 
180.673: Total time for which application threads were stopped: 0.0031960 seconds, Stopping threads took: 0.0012150 seconds
180.729: Application time: 0.0554370 seconds
180.729: [GC180.729: [ParNew: 246723K->1296K(275904K), 0.0015510 secs] 851522K->606134K(888836K), 0.0015880 secs] [Times: user=0.01 sys=0.00, real=0.00 secs] 
180.731: Total time for which application threads were stopped: 0.0020390 seconds, Stopping threads took: 0.0000550 seconds
180.786: Application time: 0.0553770 seconds
180.787: [GC180.787: [ParNew: 246544K->1518K(275904K), 0.0015570 secs] 851382K->606421K(888836K), 0.0015930 secs] [Times: user=0.01 sys=0.00, real=0.01 secs] 
180.788: Total time for which application threads were stopped: 0.0020460 seconds, Stopping threads took: 0.0000490 seconds
180.843: Application time: 0.0552630 seconds
180.844: [GC180.844: [ParNew: 246766K->1554K(275904K), 0.0015820 secs] 851669K->606521K(888836K), 0.0016190 secs] [Times: user=0.01 sys=0.00, real=0.00 secs] 
180.846: Total time for which application threads were stopped: 0.0020990 seconds, Stopping threads took: 0.0000580 seconds
180.900: Application time: 0.0549520 seconds
180.901: [GC180.901: [ParNew: 246802K->1404K(275904K), 0.0017260 secs] 851769K->606434K(888836K), 0.0017640 secs] [Times: user=0.01 sys=0.00, real=0.00 secs] 
180.903: Total time for which application threads were stopped: 0.0022190 seconds, Stopping threads took: 0.0000630 seconds
180.958: Application time: 0.0550970 seconds
180.958: [GC180.958: [ParNew: 246652K->1529K(275904K), 0.0016250 secs] 851682K->606618K(888836K), 0.0016640 secs] [Times: user=0.01 sys=0.00, real=0.01 secs] 
180.960: Total time for which application threads were stopped: 0.0021140 seconds, Stopping threads took: 0.0000520 seconds
181.016: Application time: 0.0556310 seconds
181.016: [GC181.016: [ParNew: 246408K->1302K(275904K), 0.0015740 secs] 851497K->606495K(888836K), 0.0016100 secs] [Times: user=0.01 sys=0.00, real=0.00 secs] 
181.018: Total time for which application threads were stopped: 0.0020490 seconds, Stopping threads took: 0.0000480 seconds
181.074: Application time: 0.0562990 seconds
181.074: [GC181.074: [ParNew: 246550K->1401K(275904K), 0.0016030 secs] 851743K->606682K(888836K), 0.0016380 secs] [Times: user=0.02 sys=0.00, real=0.00 secs] 
181.076: Total time for which application threads were stopped: 0.0021140 seconds, Stopping threads took: 0.0000890 seconds
181.132: Application time: 0.0558750 seconds
181.132: [GC181.132: [ParNew: 246649K->1212K(275904K), 0.0017960 secs] 851930K->606602K(888836K), 0.0018320 secs] [Times: user=0.01 sys=0.00, real=0.00 secs] 
181.134: Total time for which application threads were stopped: 0.0022840 seconds, Stopping threads took: 0.0000530 seconds
181.193: Application time: 0.0585780 seconds
181.193: [GC181.193: [ParNew: 246460K->1478K(275904K), 0.0015460 secs] 851850K->606969K(888836K), 0.0015860 secs] [Times: user=0.01 sys=0.00, real=0.00 secs] 
181.195: Total time for which application threads were stopped: 0.0020350 seconds, Stopping threads took: 0.0000670 seconds
181.252: Application time: 0.0569920 seconds
181.252: [GC181.252: [ParNew: 246726K->1083K(275904K), 0.0017260 secs] 852217K->606739K(888836K), 0.0017620 secs] [Times: user=0.01 sys=0.00, real=0.00 secs] 
181.254: Total time for which application threads were stopped: 0.0022150 seconds, Stopping threads took: 0.0000600 seconds
181.305: Application time: 0.0510290 seconds
181.305: Total time for which application threads were stopped: 0.0004360 seconds, Stopping threads took: 0.0000570 seconds
181.310: Application time: 0.0048820 seconds
181.311: [GC181.311: [ParNew: 246331K->1166K(275904K), 0.0016830 secs] 851987K->606879K(888836K), 0.0017200 secs] [Times: user=0.01 sys=0.00, real=0.00 secs] 
181.313: Total time for which application threads were stopped: 0.0021230 seconds, Stopping threads took: 0.0000570 seconds
181.369: Application time: 0.0566670 seconds
181.370: [GC181.370: [ParNew: 246414K->1236K(275904K), 0.0016220 secs] 852127K->607005K(888836K), 0.0016570 secs] [Times: user=0.01 sys=0.00, real=0.00 secs] 
181.371: Total time for which application threads were stopped: 0.0021420 seconds, Stopping threads took: 0.0000690 seconds
181.427: Application time: 0.0558670 seconds
181.428: [GC181.428: [ParNew: 246484K->1249K(275904K), 0.0015740 secs] 852253K->607074K(888836K), 0.0016090 secs] [Times: user=0.01 sys=0.00, real=0.00 secs] 
181.429: Total time for which application threads were stopped: 0.0020870 seconds, Stopping threads took: 0.0000800 seconds
181.485: Application time: 0.0554300 seconds
181.488: [GC181.488: [ParNew: 246497K->1342K(275904K), 0.0015400 secs] 852322K->607214K(888836K), 0.0015760 secs] [Times: user=0.01 sys=0.00, real=0.00 secs] 
181.489: Total time for which application threads were stopped: 0.0045320 seconds, Stopping threads took: 0.0025560 seconds
181.545: Application time: 0.0552870 seconds
181.548: [GC181.548: [ParNew: 246590K->1262K(275904K), 0.0015120 secs] 852462K->607191K(888836K), 0.0015500 secs] [Times: user=0.01 sys=0.00, real=0.00 secs] 
181.549: Total time for which application threads were stopped: 0.0046900 seconds, Stopping threads took: 0.0027370 seconds
181.604: Application time: 0.0552070 seconds
181.605: [GC181.605: [ParNew: 246510K->1453K(275904K), 0.0015260 secs] 852439K->607414K(888836K), 0.0015640 secs] [Times: user=0.01 sys=0.00, real=0.00 secs] 
181.606: Total time for which application threads were stopped: 0.0020230 seconds, Stopping threads took: 0.0000630 seconds
181.661: Application time: 0.0550370 seconds
181.667: [GC181.667: [ParNew: 246701K->1474K(275904K), 0.0015330 secs] 852662K->607483K(888836K), 0.0015700 secs] [Times: user=0.01 sys=0.00, real=0.01 secs] 
181.668: Total time for which application threads were stopped: 0.0067720 seconds, Stopping threads took: 0.0048060 seconds
181.724: Application time: 0.0554360 seconds
181.724: [GC181.724: [ParNew: 246722K->1559K(275904K), 0.0015680 secs] 852731K->607608K(888836K), 0.0016070 secs] [Times: user=0.02 sys=0.00, real=0.00 secs] 
181.726: Total time for which application threads were stopped: 0.0020580 seconds, Stopping threads took: 0.0000520 seconds
181.781: Application time: 0.0552710 seconds
181.781: [GC181.781: [ParNew: 246807K->1456K(275904K), 0.0017950 secs] 852856K->607539K(888836K), 0.0018320 secs] [Times: user=0.02 sys=0.00, real=0.00 secs] 
181.783: Total time for which application threads were stopped: 0.0022770 seconds, Stopping threads took: 0.0000460 seconds
181.838: Application time: 0.0551360 seconds
181.839: [GC181.839: [ParNew: 246704K->1430K(275904K), 0.0017920 secs] 852787K->607545K(888836K), 0.0018320 secs] [Times: user=0.01 sys=0.00, real=0.01 secs] 
181.841: Total time for which application threads were stopped: 0.0022840 seconds, Stopping threads took: 0.0000550 seconds
181.896: Application time: 0.0551630 seconds
181.896: [GC181.896: [ParNew: 246678K->1651K(275904K), 0.0016070 secs] 852793K->607814K(888836K), 0.0016460 secs] [Times: user=0.02 sys=0.00, real=0.00 secs] 
181.898: Total time for which application threads were stopped: 0.0021110 seconds, Stopping threads took: 0.0000460 seconds
181.955: Application time: 0.0566010 seconds
181.956: [GC181.956: [ParNew: 246899K->1560K(275904K), 0.0017850 secs] 853062K->607811K(888836K), 0.0018230 secs] [Times: user=0.01 sys=0.00, real=0.00 secs] 
181.957: Total time for which application threads were stopped: 0.0028480 seconds, Stopping threads took: 0.0006310 seconds
182.013: Application time: 0.0557780 seconds
182.014: [GC182.014: [ParNew: 246808K->1500K(275904K), 0.0016780 secs] 853059K->607861K(888836K), 0.0017160 secs] [Times: user=0.01 sys=0.00, real=0.00 secs] 
182.015: Total time for which application threads were stopped: 0.0021590 seconds, Stopping threads took: 0.0000500 seconds
182.071: Application time: 0.0557540 seconds
182.072: [GC182.072: [ParNew: 246748K->1281K(275904K), 0.0016120 secs] 853109K->607830K(888836K), 0.0016510 secs] [Times: user=0.01 sys=0.00, real=0.00 secs] 
182.073: Total time for which application threads were stopped: 0.0021180 seconds, Stopping threads took: 0.0000690 seconds
182.130: Application time: 0.0563510 seconds
182.132: [GC182.132: [ParNew: 246529K->1246K(275904K), 0.0016770 secs] 853078K->607944K(888836K), 0.0017130 secs] [Times: user=0.01 sys=0.00, real=0.00 secs] 
182.133: Total time for which application threads were stopped: 0.0036900 seconds, Stopping threads took: 0.0016160 seconds
182.191: Application time: 0.0573770 seconds
182.191: [GC182.191: [ParNew: 246494K->1270K(275904K), 0.0017480 secs] 853192K->608069K(888836K), 0.0017860 secs] [Times: user=0.02 sys=0.00, real=0.00 secs] 
182.193: Total time for which application threads were stopped: 0.0022420 seconds, Stopping threads took: 0.0001000 seconds
182.250: Application time: 0.0568920 seconds
182.250: [GC182.250: [ParNew: 246518K->1201K(275904K), 0.0017070 secs] 853317K->608101K(888836K), 0.0017430 secs] [Times: user=0.01 sys=0.00, real=0.00 secs] 
182.252: Total time for which application threads were stopped: 0.0022040 seconds, Stopping threads took: 0.0000670 seconds
182.308: Application time: 0.0563380 seconds
182.309: [GC182.309: [ParNew: 246449K->1213K(275904K), 0.0017090 secs] 853349K->608168K(888836K), 0.0017520 secs] [Times: user=0.01 sys=0.00, real=0.00 secs] 
182.311: Total time for which application threads were stopped: 0.0022080 seconds, Stopping threads took: 0.0000470 seconds
182.366: Application time: 0.0556510 seconds
182.367: [GC182.367: [ParNew: 246461K->1266K(275904K), 0.0015880 secs] 853416K->608277K(888836K), 0.0016260 secs] [Times: user=0.01 sys=0.00, real=0.01 secs] 
182.368: Total time for which application threads were stopped: 0.0020980 seconds, Stopping threads took: 0.0000700 seconds
182.424: Application time: 0.0552850 seconds
182.424: [GC182.424: [ParNew: 246514K->1270K(275904K), 0.0017910 secs] 853525K->608329K(888836K), 0.0018260 secs] [Times: user=0.01 sys=0.00, real=0.00 secs] 
182.426: Total time for which application threads were stopped: 0.0023090 seconds, Stopping threads took: 0.0000460 seconds
182.482: Application time: 0.0555470 seconds
182.484: [GC182.484: [ParNew: 246518K->1318K(275904K), 0.0015690 secs] 853577K->608441K(888836K), 0.0016060 secs] [Times: user=0.01 sys=0.00, real=0.00 secs] 
182.485: Total time for which application threads were stopped: 0.0037480 seconds, Stopping threads took: 0.0017350 seconds
182.541: Application time: 0.0553560 seconds
182.541: [GC182.541: [ParNew: 246566K->1335K(275904K), 0.0015660 secs] 853689K->608523K(888836K), 0.0016050 secs] [Times: user=0.02 sys=0.00, real=0.00 secs] 
182.543: Total time for which application threads were stopped: 0.0020710 seconds, Stopping threads took: 0.0000750 seconds
182.598: Application time: 0.0552490 seconds
182.598: [GC182.598: [ParNew: 246583K->1337K(275904K), 0.0015500 secs] 853771K->608588K(888836K), 0.0015890 secs] [Times: user=0.01 sys=0.00, real=0.01 secs] 
182.600: Total time for which application threads were stopped: 0.0020370 seconds, Stopping threads took: 0.0000520 seconds
182.656: Application time: 0.0559350 seconds
182.656: [GC182.656: [ParNew: 246585K->1296K(275904K), 0.0015740 secs] 853836K->608611K(888836K), 0.0016130 secs] [Times: user=0.01 sys=0.00, real=0.00 secs] 
182.658: Total time for which application threads were stopped: 0.0020630 seconds, Stopping threads took: 0.0000500 seconds
182.713: Application time: 0.0550680 seconds
182.714: [GC182.714: [ParNew: 246544K->1607K(275904K), 0.0015830 secs] 853859K->608987K(888836K), 0.0016200 secs] [Times: user=0.01 sys=0.00, real=0.00 secs] 
182.715: Total time for which application threads were stopped: 0.0020650 seconds, Stopping threads took: 0.0000440 seconds
182.770: Application time: 0.0550480 seconds
182.771: [GC182.771: [ParNew: 246855K->1359K(275904K), 0.0018000 secs] 854235K->608796K(888836K), 0.0018390 secs] [Times: user=0.01 sys=0.00, real=0.00 secs] 
182.772: Total time for which application threads were stopped: 0.0022870 seconds, Stopping threads took: 0.0000450 seconds
182.828: Application time: 0.0553410 seconds
182.828: [GC182.828: [ParNew: 246607K->1417K(275904K), 0.0017540 secs] 854044K->608946K(888836K), 0.0017900 secs] [Times: user=0.01 sys=0.00, real=0.00 secs] 
182.830: Total time for which application threads were stopped: 0.0022420 seconds, Stopping threads took: 0.0000520 seconds
182.886: Application time: 0.0562130 seconds
182.887: [GC182.887: [ParNew: 246665K->1507K(275904K), 0.0016890 secs] 854194K->609144K(888836K), 0.0017280 secs] [Times: user=0.01 sys=0.00, real=0.01 secs] 
182.888: Total time for which application threads were stopped: 0.0021870 seconds, Stopping threads took: 0.0000680 seconds
182.944: Application time: 0.0560050 seconds
182.948: [GC182.948: [ParNew: 246755K->1223K(275904K), 0.0017240 secs] 854392K->608938K(888836K), 0.0017590 secs] [Times: user=0.01 sys=0.00, real=0.00 secs] 
182.949: Total time for which application threads were stopped: 0.0049560 seconds, Stopping threads took: 0.0027720 seconds
183.006: Application time: 0.0566710 seconds
183.008: [GC183.008: [ParNew: 246471K->1416K(275904K), 0.0017630 secs] 854186K->609189K(888836K), 0.0017990 secs] [Times: user=0.01 sys=0.00, real=0.00 secs] 
183.009: Total time for which application threads were stopped: 0.0033080 seconds, Stopping threads took: 0.0011390 seconds
183.065: Application time: 0.0556150 seconds
183.065: [GC183.065: [ParNew: 246664K->1200K(275904K), 0.0017730 secs] 854437K->609113K(888836K), 0.0018110 secs] [Times: user=0.01 sys=0.00, real=0.01 secs] 
183.067: Total time for which application threads were stopped: 0.0022240 seconds, Stopping threads took: 0.0000480 seconds
183.123: Application time: 0.0560310 seconds
183.124: [GC183.124: [ParNew: 246448K->1348K(275904K), 0.0016840 secs] 854361K->609357K(888836K), 0.0017220 secs] [Times: user=0.01 sys=0.00, real=0.00 secs] 
183.125: Total time for which application threads were stopped: 0.0021290 seconds, Stopping threads took: 0.0000440 seconds
183.182: Application time: 0.0562650 seconds
183.182: [GC183.182: [ParNew: 246596K->1008K(275904K), 0.0015560 secs] 854605K->609165K(888836K), 0.0015940 secs] [Times: user=0.01 sys=0.00, real=0.00 secs] 
183.184: Total time for which application threads were stopped: 0.0020480 seconds, Stopping threads took: 0.0000610 seconds
183.240: Application time: 0.0562020 seconds
183.240: [GC183.240: [ParNew: 246256K->1196K(275904K), 0.0015070 secs] 854413K->609402K(888836K), 0.0015380 secs] [Times: user=0.01 sys=0.00, real=0.00 secs] 
183.242: Total time for which application threads were stopped: 0.0019800 seconds, Stopping threads took: 0.0000460 seconds
183.298: Application time: 0.0555730 seconds
183.298: [GC183.298: [ParNew: 246444K->1225K(275904K), 0.0017080 secs] 854650K->609487K(888836K), 0.0017460 secs] [Times: user=0.01 sys=0.00, real=0.01 secs] 
183.300: Total time for which application threads were stopped: 0.0021940 seconds, Stopping threads took: 0.0000470 seconds
183.355: Application time: 0.0554970 seconds
183.356: [GC183.356: [ParNew: 246473K->1387K(275904K), 0.0015350 secs] 854735K->609705K(888836K), 0.0015720 secs] [Times: user=0.01 sys=0.00, real=0.00 secs] 
183.357: Total time for which application threads were stopped: 0.0020250 seconds, Stopping threads took: 0.0000530 seconds
183.412: Application time: 0.0551350 seconds
183.413: [GC183.413: [ParNew: 246635K->1250K(275904K), 0.0015100 secs] 854953K->609624K(888836K), 0.0015460 secs] [Times: user=0.02 sys=0.00, real=0.00 secs] 
183.414: Total time for which application threads were stopped: 0.0019930 seconds, Stopping threads took: 0.0000450 seconds
183.470: Application time: 0.0554270 seconds
183.470: [GC183.470: [ParNew: 246498K->1158K(275904K), 0.0015430 secs] 854872K->609595K(888836K), 0.0015810 secs] [Times: user=0.01 sys=0.00, real=0.00 secs] 
183.472: Total time for which application threads were stopped: 0.0020510 seconds, Stopping threads took: 0.0000440 seconds
183.527: Application time: 0.0551680 seconds
183.527: [GC183.528: [ParNew: 246406K->1506K(275904K), 0.0015170 secs] 854843K->609992K(888836K), 0.0015550 secs] [Times: user=0.01 sys=0.00, real=0.00 secs] 
183.529: Total time for which application threads were stopped: 0.0020200 seconds, Stopping threads took: 0.0000530 seconds
183.585: Application time: 0.0555310 seconds
183.585: [GC183.585: [ParNew: 246754K->1468K(275904K), 0.0015820 secs] 855240K->610002K(888836K), 0.0016200 secs] [Times: user=0.01 sys=0.00, real=0.00 secs] 
183.587: Total time for which application threads were stopped: 0.0020620 seconds, Stopping threads took: 0.0000420 seconds
183.642: Application time: 0.0555720 seconds
183.643: [GC183.643: [ParNew: 246716K->1420K(275904K), 0.0015920 secs] 855250K->610012K(888836K), 0.0016280 secs] [Times: user=0.01 sys=0.00, real=0.00 secs] 
183.644: Total time for which application threads were stopped: 0.0020740 seconds, Stopping threads took: 0.0000400 seconds
183.699: Application time: 0.0549860 seconds
183.700: [GC183.700: [ParNew: 246668K->1515K(275904K), 0.0015700 secs] 855260K->610171K(888836K), 0.0016070 secs] [Times: user=0.01 sys=0.00, real=0.00 secs] 
183.701: Total time for which application threads were stopped: 0.0020530 seconds, Stopping threads took: 0.0000420 seconds
183.758: Application time: 0.0562490 seconds
183.760: [GC183.760: [ParNew: 246763K->1278K(275904K), 0.0015390 secs] 855419K->610014K(888836K), 0.0015850 secs] [Times: user=0.01 sys=0.00, real=0.00 secs] 
183.761: Total time for which application threads were stopped: 0.0036420 seconds, Stopping threads took: 0.0016680 seconds
183.817: Application time: 0.0555360 seconds
183.817: [GC183.817: [ParNew: 246526K->1327K(275904K), 0.0015880 secs] 855262K->610175K(888836K), 0.0016240 secs] [Times: user=0.01 sys=0.00, real=0.00 secs] 
183.819: Total time for which application threads were stopped: 0.0020750 seconds, Stopping threads took: 0.0000500 seconds
183.874: Application time: 0.0555560 seconds
183.876: [GC183.876: [ParNew: 246575K->1349K(275904K), 0.0015840 secs] 855423K->610263K(888836K), 0.0016200 secs] [Times: user=0.01 sys=0.00, real=0.00 secs] 
183.877: Total time for which application threads were stopped: 0.0028210 seconds, Stopping threads took: 0.0008310 seconds
183.933: Application time: 0.0557650 seconds
183.933: [GC183.933: [ParNew: 246597K->1235K(275904K), 0.0016950 secs] 855511K->610215K(888836K), 0.0017310 secs] [Times: user=0.01 sys=0.00, real=0.00 secs] 
183.935: Total time for which application threads were stopped: 0.0021820 seconds, Stopping threads took: 0.0000500 seconds
183.991: Application time: 0.0561520 seconds
183.996: [GC183.996: [ParNew: 246483K->1386K(275904K), 0.0015490 secs] 855463K->610446K(888836K), 0.0015840 secs] [Times: user=0.01 sys=0.00, real=0.00 secs] 
183.997: Total time for which application threads were stopped: 0.0059060 seconds, Stopping threads took: 0.0039000 seconds
184.053: Application time: 0.0560230 seconds
184.054: [GC184.054: [ParNew: 246634K->1019K(275904K), 0.0017080 secs] 855694K->610235K(888836K), 0.0017450 secs] [Times: user=0.01 sys=0.00, real=0.00 secs] 
184.056: Total time for which application threads were stopped: 0.0022000 seconds, Stopping threads took: 0.0000980 seconds
184.113: Application time: 0.0574910 seconds
184.113: [GC184.113: [ParNew: 246267K->1273K(275904K), 0.0017090 secs] 855483K->610553K(888836K), 0.0017460 secs] [Times: user=0.01 sys=0.00, real=0.00 secs] 
184.115: Total time for which application threads were stopped: 0.0022240 seconds, Stopping threads took: 0.0000780 seconds
184.171: Application time: 0.0560690 seconds
184.172: [GC184.172: [ParNew: 246521K->1182K(275904K), 0.0015920 secs] 855801K->610606K(888836K), 0.0016290 secs] [Times: user=0.01 sys=0.00, real=0.00 secs] 
184.173: Total time for which application threads were stopped: 0.0020860 seconds, Stopping threads took: 0.0000490 seconds
184.230: Application time: 0.0564170 seconds
184.230: [GC184.230: [ParNew: 246430K->1006K(275904K), 0.0014960 secs] 855854K->610486K(888836K), 0.0015330 secs] [Times: user=0.01 sys=0.00, real=0.00 secs] 
184.232: Total time for which application threads were stopped: 0.0019740 seconds, Stopping threads took: 0.0000580 seconds
184.287: Application time: 0.0552400 seconds
184.288: [GC184.288: [ParNew: 246254K->1085K(275904K), 0.0016790 secs] 855734K->610613K(888836K), 0.0017170 secs] [Times: user=0.01 sys=0.00, real=0.00 secs] 
184.289: Total time for which application threads were stopped: 0.0022170 seconds, Stopping threads took: 0.0000870 seconds
184.344: Application time: 0.0552090 seconds
184.345: [GC184.345: [ParNew: 246333K->1324K(275904K), 0.0015820 secs] 855861K->610916K(888836K), 0.0016200 secs] [Times: user=0.01 sys=0.00, real=0.00 secs] 
184.347: Total time for which application threads were stopped: 0.0020870 seconds, Stopping threads took: 0.0000660 seconds
184.401: Application time: 0.0548490 seconds
184.402: [GC184.402: [ParNew: 246572K->1255K(275904K), 0.0017380 secs] 856164K->610887K(888836K), 0.0017750 secs] [Times: user=0.01 sys=0.00, real=0.00 secs] 
184.404: Total time for which application threads were stopped: 0.0022290 seconds, Stopping threads took: 0.0000540 seconds
184.459: Application time: 0.0553870 seconds
184.459: [GC184.459: [ParNew: 246503K->1227K(275904K), 0.0015630 secs] 856135K->610915K(888836K), 0.0016010 secs] [Times: user=0.01 sys=0.00, real=0.00 secs] 
184.461: Total time for which application threads were stopped: 0.0020730 seconds, Stopping threads took: 0.0000470 seconds
184.516: Application time: 0.0552740 seconds
184.517: [GC184.517: [ParNew: 246475K->1480K(275904K), 0.0015730 secs] 856163K->611223K(888836K), 0.0016130 secs] [Times: user=0.01 sys=0.00, real=0.00 secs] 
184.518: Total time for which application threads were stopped: 0.0020800 seconds, Stopping threads took: 0.0000460 seconds
184.573: Application time: 0.0549970 seconds
184.574: [GC184.574: [ParNew: 246728K->1579K(275904K), 0.0016000 secs] 856471K->611381K(888836K), 0.0016380 secs] [Times: user=0.01 sys=0.00, real=0.00 secs] 
184.576: Total time for which application threads were stopped: 0.0020840 seconds, Stopping threads took: 0.0000500 seconds
184.631: Application time: 0.0552750 seconds
184.636: [GC184.636: [ParNew: 246827K->1467K(275904K), 0.0015740 secs] 856629K->611365K(888836K), 0.0016120 secs] [Times: user=0.01 sys=0.00, real=0.00 secs] 
184.637: Total time for which application threads were stopped: 0.0064550 seconds, Stopping threads took: 0.0044470 seconds
184.693: Application time: 0.0559170 seconds
184.694: [GC184.694: [ParNew: 246715K->1324K(275904K), 0.0017720 secs] 856613K->611326K(888836K), 0.0018080 secs] [Times: user=0.01 sys=0.00, real=0.00 secs] 
184.695: Total time for which application threads were stopped: 0.0022900 seconds, Stopping threads took: 0.0000790 seconds
184.751: Application time: 0.0554500 seconds
184.756: [GC184.756: [ParNew: 246572K->1441K(275904K), 0.0015960 secs] 856574K->611515K(888836K), 0.0016340 secs] [Times: user=0.01 sys=0.00, real=0.00 secs] 
184.757: Total time for which application threads were stopped: 0.0063720 seconds, Stopping threads took: 0.0043380 seconds
184.812: Application time: 0.0551550 seconds
184.813: [GC184.813: [ParNew: 246689K->1250K(275904K), 0.0016020 secs] 856763K->611380K(888836K), 0.0016380 secs] [Times: user=0.01 sys=0.00, real=0.00 secs] 
184.815: Total time for which application threads were stopped: 0.0021040 seconds, Stopping threads took: 0.0000690 seconds
184.870: Application time: 0.0554840 seconds
184.870: [GC184.871: [ParNew: 246498K->1198K(275904K), 0.0016210 secs] 856628K->611432K(888836K), 0.0016580 secs] [Times: user=0.01 sys=0.00, real=0.00 secs] 
184.872: Total time for which application threads were stopped: 0.0021080 seconds, Stopping threads took: 0.0000470 seconds
184.928: Application time: 0.0558640 seconds
184.932: [GC184.932: [ParNew: 246446K->1343K(275904K), 0.0016060 secs] 856680K->611633K(888836K), 0.0016430 secs] [Times: user=0.01 sys=0.00, real=0.00 secs] 
184.933: Total time for which application threads were stopped: 0.0052600 seconds, Stopping threads took: 0.0032180 seconds
184.989: Application time: 0.0556940 seconds
184.992: [GC184.992: [ParNew: 246591K->1365K(275904K), 0.0016150 secs] 856881K->611759K(888836K), 0.0016510 secs] [Times: user=0.01 sys=0.00, real=0.00 secs] 
184.993: Total time for which application threads were stopped: 0.0043190 seconds, Stopping threads took: 0.0022650 seconds
185.049: Application time: 0.0558950 seconds
185.052: [GC185.052: [ParNew: 246613K->1299K(275904K), 0.0016150 secs] 857007K->611797K(888836K), 0.0016510 secs] [Times: user=0.01 sys=0.00, real=0.00 secs] 
185.053: Total time for which application threads were stopped: 0.0041230 seconds, Stopping threads took: 0.0020520 seconds
185.109: Application time: 0.0561330 seconds
185.110: [GC185.110: [ParNew: 246547K->1289K(275904K), 0.0016670 secs] 857045K->611935K(888836K), 0.0016970 secs] [Times: user=0.01 sys=0.00, real=0.00 secs] 
185.112: Total time for which application threads were stopped: 0.0021440 seconds, Stopping threads took: 0.0000550 seconds
185.168: Application time: 0.0564180 seconds
185.168: [GC185.169: [ParNew: 246537K->1236K(275904K), 0.0015470 secs] 857183K->611946K(888836K), 0.0015820 secs] [Times: user=0.02 sys=0.00, real=0.00 secs] 
185.170: Total time for which application threads were stopped: 0.0020390 seconds, Stopping threads took: 0.0000550 seconds
185.227: Application time: 0.0567140 seconds
185.227: [GC185.227: [ParNew: 246484K->1118K(275904K), 0.0017360 secs] 857194K->611876K(888836K), 0.0017810 secs] [Times: user=0.01 sys=0.00, real=0.00 secs] 
185.229: Total time for which application threads were stopped: 0.0022540 seconds, Stopping threads took: 0.0000590 seconds
185.284: Application time: 0.0553070 seconds
185.285: [GC185.285: [ParNew: 246366K->1213K(275904K), 0.0015800 secs] 857124K->612027K(888836K), 0.0016170 secs] [Times: user=0.01 sys=0.00, real=0.00 secs] 
185.286: Total time for which application threads were stopped: 0.0020630 seconds, Stopping threads took: 0.0000420 seconds
185.342: Application time: 0.0554280 seconds
185.342: [GC185.342: [ParNew: 246461K->1360K(275904K), 0.0015430 secs] 857275K->612222K(888836K), 0.0015800 secs] [Times: user=0.01 sys=0.00, real=0.00 secs] 
185.344: Total time for which application threads were stopped: 0.0020280 seconds, Stopping threads took: 0.0000430 seconds
185.399: Application time: 0.0554600 seconds
185.400: [GC185.400: [ParNew: 246608K->1391K(275904K), 0.0016020 secs] 857470K->612309K(888836K), 0.0016400 secs] [Times: user=0.01 sys=0.00, real=0.00 secs] 
185.401: Total time for which application threads were stopped: 0.0020860 seconds, Stopping threads took: 0.0000510 seconds
185.457: Application time: 0.0552090 seconds
185.457: [GC185.457: [ParNew: 246639K->1354K(275904K), 0.0015890 secs] 857557K->612338K(888836K), 0.0016280 secs] [Times: user=0.01 sys=0.00, real=0.00 secs] 
185.459: Total time for which application threads were stopped: 0.0020700 seconds, Stopping threads took: 0.0000500 seconds
185.514: Application time: 0.0555330 seconds
185.515: [GC185.515: [ParNew: 246602K->1336K(275904K), 0.0017040 secs] 857586K->612376K(888836K), 0.0017410 secs] [Times: user=0.01 sys=0.00, real=0.00 secs] 
185.516: Total time for which application threads were stopped: 0.0021980 seconds, Stopping threads took: 0.0000550 seconds
185.575: Application time: 0.0589010 seconds
185.576: [GC185.576: [ParNew: 246584K->1496K(275904K), 0.0015780 secs] 857624K->612609K(888836K), 0.0016170 secs] [Times: user=0.01 sys=0.00, real=0.00 secs] 
185.577: Total time for which application threads were stopped: 0.0020950 seconds, Stopping threads took: 0.0000520 seconds
185.633: Application time: 0.0556170 seconds
185.634: [GC185.634: [ParNew: 246744K->1236K(275904K), 0.0015910 secs] 857857K->612465K(888836K), 0.0016290 secs] [Times: user=0.01 sys=0.00, real=0.00 secs] 
185.635: Total time for which application threads were stopped: 0.0020690 seconds, Stopping threads took: 0.0000430 seconds
185.642: Application time: 0.0064310 seconds
185.642: Total time for which application threads were stopped: 0.0004290 seconds, Stopping threads took: 0.0000630 seconds
185.691: Application time: 0.0489680 seconds
185.691: [GC185.691: [ParNew: 246484K->1485K(275904K), 0.0017060 secs] 857713K->612770K(888836K), 0.0017420 secs] [Times: user=0.01 sys=0.00, real=0.00 secs] 
185.693: Total time for which application threads were stopped: 0.0022200 seconds, Stopping threads took: 0.0000700 seconds
185.749: Application time: 0.0553290 seconds
185.752: [GC185.752: [ParNew: 246733K->1589K(275904K), 0.0016570 secs] 858018K->612938K(888836K), 0.0016950 secs] [Times: user=0.01 sys=0.01, real=0.00 secs] 
185.753: Total time for which application threads were stopped: 0.0048010 seconds, Stopping threads took: 0.0027050 seconds
185.809: Application time: 0.0554350 seconds
185.809: [GC185.809: [ParNew: 246837K->1398K(275904K), 0.0015950 secs] 858186K->612866K(888836K), 0.0016320 secs] [Times: user=0.01 sys=0.00, real=0.00 secs] 
185.811: Total time for which application threads were stopped: 0.0020660 seconds, Stopping threads took: 0.0000380 seconds
185.867: Application time: 0.0561920 seconds
185.868: [GC185.868: [ParNew: 246646K->1481K(275904K), 0.0017420 secs] 858114K->613014K(888836K), 0.0017770 secs] [Times: user=0.01 sys=0.00, real=0.00 secs] 
185.869: Total time for which application threads were stopped: 0.0022640 seconds, Stopping threads took: 0.0000790 seconds
185.925: Application time: 0.0561050 seconds
185.926: [GC185.926: [ParNew: 246729K->1408K(275904K), 0.0017260 secs] 858262K->613005K(888836K), 0.0017730 secs] [Times: user=0.01 sys=0.00, real=0.01 secs] 
185.928: Total time for which application threads were stopped: 0.0021910 seconds, Stopping threads took: 0.0000560 seconds
185.983: Application time: 0.0557960 seconds
185.988: [GC185.988: [ParNew: 246656K->1493K(275904K), 0.0016310 secs] 858253K->613188K(888836K), 0.0016680 secs] [Times: user=0.01 sys=0.00, real=0.00 secs] 
185.989: Total time for which application threads were stopped: 0.0059000 seconds, Stopping threads took: 0.0038330 seconds
186.046: Application time: 0.0563520 seconds
186.046: [GC186.046: [ParNew: 246741K->1380K(275904K), 0.0016010 secs] 858436K->613183K(888836K), 0.0016410 secs] [Times: user=0.01 sys=0.00, real=0.01 secs] 
186.048: Total time for which application threads were stopped: 0.0021190 seconds, Stopping threads took: 0.0000840 seconds
186.104: Application time: 0.0557560 seconds
186.104: [GC186.104: [ParNew: 246628K->1368K(275904K), 0.0017280 secs] 858431K->613325K(888836K), 0.0017640 secs] [Times: user=0.01 sys=0.00, real=0.00 secs] 
186.106: Total time for which application threads were stopped: 0.0022320 seconds, Stopping threads took: 0.0000470 seconds
186.162: Application time: 0.0558560 seconds
186.162: [GC186.162: [ParNew: 246616K->1348K(275904K), 0.0016010 secs] 858573K->613370K(888836K), 0.0016400 secs] [Times: user=0.01 sys=0.00, real=0.00 secs] 
186.164: Total time for which application threads were stopped: 0.0020930 seconds, Stopping threads took: 0.0000510 seconds
186.220: Application time: 0.0561940 seconds
186.220: [GC186.220: [ParNew: 246596K->1438K(275904K), 0.0015610 secs] 858618K->613507K(888836K), 0.0015980 secs] [Times: user=0.01 sys=0.00, real=0.00 secs] 
186.222: Total time for which application threads were stopped: 0.0020390 seconds, Stopping threads took: 0.0000480 seconds
186.278: Application time: 0.0555320 seconds
186.278: [GC186.278: [ParNew: 246686K->1528K(275904K), 0.0016940 secs] 858755K->613645K(888836K), 0.0017330 secs] [Times: user=0.02 sys=0.00, real=0.01 secs] 
186.280: Total time for which application threads were stopped: 0.0021820 seconds, Stopping threads took: 0.0000510 seconds
186.335: Application time: 0.0554520 seconds
186.336: [GC186.336: [ParNew: 246776K->1338K(275904K), 0.0018390 secs] 858893K->613503K(888836K), 0.0018760 secs] [Times: user=0.01 sys=0.00, real=0.00 secs] 
186.338: Total time for which application threads were stopped: 0.0023310 seconds, Stopping threads took: 0.0000460 seconds
186.393: Application time: 0.0554110 seconds
186.393: [GC186.393: [ParNew: 246586K->1527K(275904K), 0.0016020 secs] 858751K->613750K(888836K), 0.0016390 secs] [Times: user=0.01 sys=0.00, real=0.00 secs] 
186.395: Total time for which application threads were stopped: 0.0020860 seconds, Stopping threads took: 0.0000490 seconds
186.451: Application time: 0.0556190 seconds
186.451: [GC186.451: [ParNew: 246775K->1456K(275904K), 0.0016230 secs] 858998K->613916K(888836K), 0.0016620 secs] [Times: user=0.01 sys=0.00, real=0.00 secs] 
186.453: Total time for which application threads were stopped: 0.0021100 seconds, Stopping threads took: 0.0000480 seconds
186.509: Application time: 0.0563830 seconds
186.510: [GC186.510: [ParNew: 246704K->1399K(275904K), 0.0015740 secs] 859164K->613962K(888836K), 0.0016110 secs] [Times: user=0.02 sys=0.00, real=0.00 secs] 
186.511: Total time for which application threads were stopped: 0.0020660 seconds, Stopping threads took: 0.0000590 seconds
186.568: Application time: 0.0563790 seconds
186.568: [GC186.568: [ParNew: 246647K->1422K(275904K), 0.0016070 secs] 859210K->614066K(888836K), 0.0016450 secs] [Times: user=0.01 sys=0.00, real=0.00 secs] 
186.570: Total time for which application threads were stopped: 0.0020900 seconds, Stopping threads took: 0.0000490 seconds
186.625: Application time: 0.0551850 seconds
186.625: [GC186.625: [ParNew: 246670K->1248K(275904K), 0.0017010 secs] 859314K->613948K(888836K), 0.0017440 secs] [Times: user=0.01 sys=0.00, real=0.00 secs] 
186.627: Total time for which application threads were stopped: 0.0022210 seconds, Stopping threads took: 0.0000490 seconds
186.682: Application time: 0.0554200 seconds
186.684: [GC186.684: [ParNew: 246496K->1384K(275904K), 0.0015630 secs] 859196K->614148K(888836K), 0.0016020 secs] [Times: user=0.01 sys=0.00, real=0.00 secs] 
186.685: Total time for which application threads were stopped: 0.0027640 seconds, Stopping threads took: 0.0007630 seconds
186.741: Application time: 0.0559080 seconds
186.742: [GC186.742: [ParNew: 246632K->1362K(275904K), 0.0016760 secs] 859396K->614222K(888836K), 0.0017140 secs] [Times: user=0.01 sys=0.00, real=0.00 secs] 
186.743: Total time for which application threads were stopped: 0.0021500 seconds, Stopping threads took: 0.0000380 seconds
186.799: Application time: 0.0556790 seconds
186.799: [GC186.799: [ParNew: 246610K->1532K(275904K), 0.0015820 secs]186.801: [Tenured: 612925K->453083K(612932K), 0.1960860 secs] 859470K->453083K(888836K), [Perm : 13701K->13701K(21248K)], 0.1978470 secs] [Times: user=0.21 sys=0.00, real=0.19 secs] 
186.997: Total time for which application threads were stopped: 0.1983160 seconds, Stopping threads took: 0.0000520 seconds
187.069: Application time: 0.0711790 seconds
187.069: [GC187.069: [ParNew: 302144K->918K(339904K), 0.0017400 secs] 755227K->454001K(1095044K), 0.0017760 secs] [Times: user=0.01 sys=0.00, real=0.00 secs] 
187.071: Total time for which application threads were stopped: 0.0022530 seconds, Stopping threads took: 0.0000840 seconds
187.140: Application time: 0.0688720 seconds
187.140: [GC187.140: [ParNew: 303062K->314K(339904K), 0.0013990 secs] 756145K->453398K(1095044K), 0.0014330 secs] [Times: user=0.01 sys=0.00, real=0.00 secs] 
187.142: Total time for which application threads were stopped: 0.0018960 seconds, Stopping threads took: 0.0000480 seconds
187.212: Application time: 0.0700760 seconds
187.216: [GC187.216: [ParNew: 302458K->420K(339904K), 0.0013610 secs] 755542K->453503K(1095044K), 0.0013960 secs] [Times: user=0.01 sys=0.00, real=0.00 secs] 
187.217: Total time for which application threads were stopped: 0.0054510 seconds, Stopping threads took: 0.0036580 seconds
187.286: Application time: 0.0689200 seconds
187.286: [GC187.286: [ParNew: 302564K->477K(339904K), 0.0013730 secs] 755647K->453560K(1095044K), 0.0014090 secs] [Times: user=0.01 sys=0.00, real=0.01 secs] 
187.288: Total time for which application threads were stopped: 0.0018660 seconds, Stopping threads took: 0.0000540 seconds
187.357: Application time: 0.0690250 seconds
187.357: [GC187.357: [ParNew: 302621K->680K(339904K), 0.0013280 secs] 755704K->453764K(1095044K), 0.0013590 secs] [Times: user=0.01 sys=0.00, real=0.00 secs] 
187.359: Total time for which application threads were stopped: 0.0018070 seconds, Stopping threads took: 0.0000540 seconds
187.427: Application time: 0.0683840 seconds
187.428: [GC187.428: [ParNew: 302824K->708K(339904K), 0.0013470 secs] 755908K->453791K(1095044K), 0.0013820 secs] [Times: user=0.01 sys=0.00, real=0.00 secs] 
187.429: Total time for which application threads were stopped: 0.0018480 seconds, Stopping threads took: 0.0000580 seconds
187.497: Application time: 0.0681050 seconds
187.497: [GC187.497: [ParNew: 302852K->868K(339904K), 0.0013630 secs] 755935K->453952K(1095044K), 0.0013980 secs] [Times: user=0.00 sys=0.00, real=0.00 secs] 
187.499: Total time for which application threads were stopped: 0.0018440 seconds, Stopping threads took: 0.0000510 seconds
187.567: Application time: 0.0684340 seconds
187.568: [GC187.568: [ParNew: 303012K->1028K(339904K), 0.0014040 secs] 756096K->454112K(1095044K), 0.0014330 secs] [Times: user=0.01 sys=0.00, real=0.00 secs] 
187.569: Total time for which application threads were stopped: 0.0018660 seconds, Stopping threads took: 0.0000350 seconds
187.639: Application time: 0.0701870 seconds
187.640: [GC187.640: [ParNew: 303172K->1023K(339904K), 0.0014060 secs] 756256K->454106K(1095044K), 0.0014390 secs] [Times: user=0.01 sys=0.00, real=0.00 secs] 
187.641: Total time for which application threads were stopped: 0.0018750 seconds, Stopping threads took: 0.0000340 seconds
187.710: Application time: 0.0685400 seconds
187.710: [GC187.710: [ParNew: 303167K->1165K(339904K), 0.0014360 secs] 756250K->454249K(1095044K), 0.0014730 secs] [Times: user=0.01 sys=0.00, real=0.00 secs] 
187.712: Total time for which application threads were stopped: 0.0019460 seconds, Stopping threads took: 0.0000510 seconds
187.780: Application time: 0.0684890 seconds
187.784: [GC187.784: [ParNew: 303309K->1188K(339904K), 0.0014620 secs] 756393K->454271K(1095044K), 0.0014970 secs] [Times: user=0.01 sys=0.00, real=0.00 secs] 
187.785: Total time for which application threads were stopped: 0.0049130 seconds, Stopping threads took: 0.0030160 seconds
187.854: Application time: 0.0691930 seconds
187.855: [GC187.855: [ParNew: 303332K->1258K(339904K), 0.0015220 secs] 756415K->454342K(1095044K), 0.0015560 secs] [Times: user=0.01 sys=0.00, real=0.00 secs] 
187.856: Total time for which application threads were stopped: 0.0020090 seconds, Stopping threads took: 0.0000510 seconds
187.925: Application time: 0.0685840 seconds
187.925: [GC187.925: [ParNew: 303402K->1298K(339904K), 0.0016190 secs] 756486K->454382K(1095044K), 0.0016540 secs] [Times: user=0.01 sys=0.00, real=0.00 secs] 
187.927: Total time for which application threads were stopped: 0.0020640 seconds, Stopping threads took: 0.0000510 seconds
187.996: Application time: 0.0692420 seconds
187.997: [GC187.997: [ParNew: 303442K->1626K(339904K), 0.0018270 secs] 756526K->454709K(1095044K), 0.0018610 secs] [Times: user=0.01 sys=0.00, real=0.00 secs] 
187.999: Total time for which application threads were stopped: 0.0022880 seconds, Stopping threads took: 0.0000530 seconds
188.067: Application time: 0.0687840 seconds
188.068: [GC188.068: [ParNew: 303770K->1560K(339904K), 0.0015250 secs] 756853K->454643K(1095044K), 0.0015610 secs] [Times: user=0.01 sys=0.00, real=0.00 secs] 
188.069: Total time for which application threads were stopped: 0.0020070 seconds, Stopping threads took: 0.0000490 seconds
188.139: Application time: 0.0695230 seconds
188.139: [GC188.139: [ParNew: 303704K->1493K(339904K), 0.0016510 secs] 756787K->454632K(1095044K), 0.0016860 secs] [Times: user=0.01 sys=0.00, real=0.00 secs] 
188.141: Total time for which application threads were stopped: 0.0021500 seconds, Stopping threads took: 0.0000550 seconds
188.141: Application time: 0.0001090 seconds
188.141: Total time for which application threads were stopped: 0.0002730 seconds, Stopping threads took: 0.0000530 seconds
188.211: Application time: 0.0697090 seconds
188.212: [GC188.212: [ParNew: 303637K->1277K(339904K), 0.0015070 secs] 756776K->454464K(1095044K), 0.0015440 secs] [Times: user=0.01 sys=0.00, real=0.00 secs] 
188.213: Total time for which application threads were stopped: 0.0020310 seconds, Stopping threads took: 0.0000500 seconds
188.213: Application time: 0.0001140 seconds
188.214: Total time for which application threads were stopped: 0.0002800 seconds, Stopping threads took: 0.0000410 seconds
188.282: Application time: 0.0686100 seconds
188.283: [GC188.283: [ParNew: 303421K->1263K(339904K), 0.0015260 secs] 756608K->454517K(1095044K), 0.0015630 secs] [Times: user=0.01 sys=0.00, real=0.00 secs] 
188.284: Total time for which application threads were stopped: 0.0020370 seconds, Stopping threads took: 0.0000760 seconds
188.284: Application time: 0.0001420 seconds
188.285: Total time for which application threads were stopped: 0.0003050 seconds, Stopping threads took: 0.0000670 seconds
188.353: Application time: 0.0684800 seconds
188.354: [GC188.354: [ParNew: 303407K->1195K(339904K), 0.0014810 secs] 756661K->454513K(1095044K), 0.0015170 secs] [Times: user=0.01 sys=0.00, real=0.00 secs] 
188.355: Total time for which application threads were stopped: 0.0019910 seconds, Stopping threads took: 0.0000630 seconds
188.355: Application time: 0.0001270 seconds
188.356: Total time for which application threads were stopped: 0.0002830 seconds, Stopping threads took: 0.0000540 seconds
188.424: Application time: 0.0681180 seconds
188.424: [GC188.424: [ParNew: 303339K->1280K(339904K), 0.0014600 secs] 756657K->454661K(1095044K), 0.0015050 secs] [Times: user=0.01 sys=0.00, real=0.00 secs] 
188.426: Total time for which application threads were stopped: 0.0019560 seconds, Stopping threads took: 0.0000520 seconds
188.495: Application time: 0.0692290 seconds
188.495: [GC188.495: [ParNew: 303424K->1346K(339904K), 0.0014560 secs] 756805K->454767K(1095044K), 0.0014920 secs] [Times: user=0.01 sys=0.00, real=0.00 secs] 
188.497: Total time for which application threads were stopped: 0.0019590 seconds, Stopping threads took: 0.0000570 seconds
188.497: Application time: 0.0001250 seconds
188.497: Total time for which application threads were stopped: 0.0002780 seconds, Stopping threads took: 0.0000520 seconds
188.566: Application time: 0.0687460 seconds
188.566: [GC188.566: [ParNew: 303490K->1226K(339904K), 0.0014480 secs] 756911K->454707K(1095044K), 0.0014830 secs] [Times: user=0.01 sys=0.00, real=0.01 secs] 
188.568: Total time for which application threads were stopped: 0.0019280 seconds, Stopping threads took: 0.0000500 seconds
188.568: Application time: 0.0001150 seconds
188.568: Total time for which application threads were stopped: 0.0002760 seconds, Stopping threads took: 0.0000520 seconds
188.637: Application time: 0.0688680 seconds
188.638: [GC188.638: [ParNew: 303370K->1108K(339904K), 0.0014190 secs] 756851K->454638K(1095044K), 0.0014550 secs] [Times: user=0.01 sys=0.00, real=0.00 secs] 
188.639: Total time for which application threads were stopped: 0.0019060 seconds, Stopping threads took: 0.0000540 seconds
188.639: Application time: 0.0001200 seconds
188.639: Total time for which application threads were stopped: 0.0002660 seconds, Stopping threads took: 0.0000470 seconds
188.708: Application time: 0.0685010 seconds
188.708: [GC188.708: [ParNew: 303252K->1259K(339904K), 0.0014520 secs] 756782K->454844K(1095044K), 0.0014880 secs] [Times: user=0.01 sys=0.00, real=0.00 secs] 
188.710: Total time for which application threads were stopped: 0.0019430 seconds, Stopping threads took: 0.0000550 seconds
188.779: Application time: 0.0686770 seconds
188.779: [GC188.779: [ParNew: 303403K->1143K(339904K), 0.0014540 secs] 756988K->454777K(1095044K), 0.0014900 secs] [Times: user=0.01 sys=0.00, real=0.01 secs] 
188.781: Total time for which application threads were stopped: 0.0019740 seconds, Stopping threads took: 0.0000590 seconds
188.781: Application time: 0.0001250 seconds
188.781: Total time for which application threads were stopped: 0.0002650 seconds, Stopping threads took: 0.0000500 seconds
188.850: Application time: 0.0691110 seconds
188.851: [GC188.851: [ParNew: 303287K->1175K(339904K), 0.0014720 secs] 756921K->454841K(1095044K), 0.0015060 secs] [Times: user=0.01 sys=0.00, real=0.00 secs] 
188.852: Total time for which application threads were stopped: 0.0019800 seconds, Stopping threads took: 0.0000740 seconds
188.921: Application time: 0.0688300 seconds
188.924: [GC188.924: [ParNew: 303319K->1220K(339904K), 0.0014060 secs] 756985K->454933K(1095044K), 0.0014400 secs] [Times: user=0.01 sys=0.00, real=0.00 secs] 
188.925: Total time for which application threads were stopped: 0.0042050 seconds, Stopping threads took: 0.0023700 seconds
188.994: Application time: 0.0689250 seconds
188.994: [GC188.994: [ParNew: 303364K->1148K(339904K), 0.0014580 secs] 757077K->454877K(1095044K), 0.0014950 secs] [Times: user=0.01 sys=0.00, real=0.00 secs] 
188.996: Total time for which application threads were stopped: 0.0019380 seconds, Stopping threads took: 0.0000490 seconds
189.065: Application time: 0.0688760 seconds
189.068: [GC189.068: [ParNew: 303292K->1288K(339904K), 0.0014760 secs] 757021K->455026K(1095044K), 0.0015100 secs] [Times: user=0.02 sys=0.00, real=0.00 secs] 
189.069: Total time for which application threads were stopped: 0.0043260 seconds, Stopping threads took: 0.0024210 seconds
189.139: Application time: 0.0700070 seconds
189.140: [GC189.140: [ParNew: 303432K->1358K(339904K), 0.0015310 secs] 757170K->455096K(1095044K), 0.0015730 secs] [Times: user=0.01 sys=0.00, real=0.00 secs] 
189.141: Total time for which application threads were stopped: 0.0020480 seconds, Stopping threads took: 0.0000770 seconds
189.141: Application time: 0.0001220 seconds
189.142: Total time for which application threads were stopped: 0.0003390 seconds, Stopping threads took: 0.0000520 seconds
189.212: Application time: 0.0699440 seconds
189.212: [GC189.212: [ParNew: 303502K->1256K(339904K), 0.0014450 secs] 757240K->455009K(1095044K), 0.0014830 secs] [Times: user=0.01 sys=0.00, real=0.00 secs] 
189.214: Total time for which application threads were stopped: 0.0019330 seconds, Stopping threads took: 0.0000560 seconds
189.214: Application time: 0.0001040 seconds
189.214: Total time for which application threads were stopped: 0.0002630 seconds, Stopping threads took: 0.0000400 seconds
189.283: Application time: 0.0694050 seconds
189.284: [GC189.284: [ParNew: 303400K->1227K(339904K), 0.0014380 secs] 757153K->454989K(1095044K), 0.0014730 secs] [Times: user=0.01 sys=0.00, real=0.00 secs] 
189.285: Total time for which application threads were stopped: 0.0019330 seconds, Stopping threads took: 0.0000460 seconds
189.285: Application time: 0.0001170 seconds
189.286: Total time for which application threads were stopped: 0.0002510 seconds, Stopping threads took: 0.0000390 seconds
189.286: Application time: 0.0000250 seconds
189.286: Total time for which application threads were stopped: 0.0001480 seconds, Stopping threads took: 0.0000610 seconds
189.355: Application time: 0.0691350 seconds
189.355: [GC189.355: [ParNew: 303371K->1302K(339904K), 0.0014170 secs] 757133K->455071K(1095044K), 0.0014530 secs] [Times: user=0.01 sys=0.00, real=0.00 secs] 
189.357: Total time for which application threads were stopped: 0.0019170 seconds, Stopping threads took: 0.0000550 seconds
189.426: Application time: 0.0694320 seconds
189.427: [GC189.427: [ParNew: 303446K->1076K(339904K), 0.0015950 secs] 757215K->454854K(1095044K), 0.0016290 secs] [Times: user=0.01 sys=0.00, real=0.01 secs] 
189.428: Total time for which application threads were stopped: 0.0020920 seconds, Stopping threads took: 0.0000640 seconds
189.429: Application time: 0.0001140 seconds
189.429: Total time for which application threads were stopped: 0.0002560 seconds, Stopping threads took: 0.0000440 seconds
189.429: Application time: 0.0000140 seconds
189.429: Total time for which application threads were stopped: 0.0000930 seconds, Stopping threads took: 0.0000330 seconds
189.499: Application time: 0.0696600 seconds
189.499: [GC189.499: [ParNew: 303220K->1099K(339904K), 0.0013620 secs] 756998K->454876K(1095044K), 0.0013980 secs] [Times: user=0.01 sys=0.00, real=0.01 secs] 
189.500: Total time for which application threads were stopped: 0.0018550 seconds, Stopping threads took: 0.0000510 seconds
189.570: Application time: 0.0692260 seconds
189.570: [GC189.570: [ParNew: 303243K->1021K(339904K), 0.0013980 secs] 757020K->454806K(1095044K), 0.0014330 secs] [Times: user=0.01 sys=0.00, real=0.00 secs] 
189.572: Total time for which application threads were stopped: 0.0018940 seconds, Stopping threads took: 0.0000550 seconds
189.572: Application time: 0.0001280 seconds
189.572: Total time for which application threads were stopped: 0.0002520 seconds, Stopping threads took: 0.0000390 seconds
189.641: Application time: 0.0691060 seconds
189.641: [GC189.642: [ParNew: 303165K->1151K(339904K), 0.0013810 secs] 756950K->454944K(1095044K), 0.0014140 secs] [Times: user=0.01 sys=0.00, real=0.00 secs] 
189.643: Total time for which application threads were stopped: 0.0018700 seconds, Stopping threads took: 0.0000510 seconds
189.712: Application time: 0.0689610 seconds
189.712: [GC189.712: [ParNew: 303295K->1180K(339904K), 0.0013990 secs] 757088K->454982K(1095044K), 0.0014340 secs] [Times: user=0.01 sys=0.00, real=0.00 secs] 
189.714: Total time for which application threads were stopped: 0.0018900 seconds, Stopping threads took: 0.0000510 seconds
189.714: Application time: 0.0001260 seconds
189.714: Total time for which application threads were stopped: 0.0002490 seconds, Stopping threads took: 0.0000340 seconds
189.783: Application time: 0.0687170 seconds
189.783: [GC189.783: [ParNew: 303324K->1241K(339904K), 0.0014930 secs] 757126K->455043K(1095044K), 0.0015360 secs] [Times: user=0.01 sys=0.00, real=0.00 secs] 
189.785: Total time for which application threads were stopped: 0.0020040 seconds, Stopping threads took: 0.0000580 seconds
189.854: Application time: 0.0690790 seconds
189.854: [GC189.854: [ParNew: 303385K->1359K(339904K), 0.0014440 secs] 757187K->455176K(1095044K), 0.0014780 secs] [Times: user=0.01 sys=0.00, real=0.00 secs] 
189.856: Total time for which application threads were stopped: 0.0019600 seconds, Stopping threads took: 0.0000570 seconds
189.925: Application time: 0.0689810 seconds
189.925: [GC189.925: [ParNew: 303503K->1320K(339904K), 0.0013990 secs] 757320K->455137K(1095044K), 0.0014320 secs] [Times: user=0.01 sys=0.00, real=0.00 secs] 
189.927: Total time for which application threads were stopped: 0.0018810 seconds, Stopping threads took: 0.0000450 seconds
189.996: Application time: 0.0689670 seconds
189.996: [GC189.996: [ParNew: 303464K->1156K(339904K), 0.0014400 secs] 757281K->454973K(1095044K), 0.0014760 secs] [Times: user=0.02 sys=0.00, real=0.00 secs] 
189.998: Total time for which application threads were stopped: 0.0019300 seconds, Stopping threads took: 0.0000490 seconds
190.067: Application time: 0.0691280 seconds
190.067: [GC190.067: [ParNew: 303300K->1300K(339904K), 0.0014380 secs] 757117K->455117K(1095044K), 0.0014740 secs] [Times: user=0.01 sys=0.00, real=0.00 secs] 
190.069: Total time for which application threads were stopped: 0.0019410 seconds, Stopping threads took: 0.0000580 seconds
190.069: Application time: 0.0001140 seconds
190.069: Total time for which application threads were stopped: 0.0002610 seconds, Stopping threads took: 0.0000400 seconds
190.138: Application time: 0.0692120 seconds
190.139: [GC190.139: [ParNew: 303444K->1367K(339904K), 0.0014720 secs] 757261K->455184K(1095044K), 0.0015090 secs] [Times: user=0.01 sys=0.00, real=0.01 secs] 
190.140: Total time for which application threads were stopped: 0.0019600 seconds, Stopping threads took: 0.0000500 seconds
190.140: Application time: 0.0001140 seconds
190.141: Total time for which application threads were stopped: 0.0002720 seconds, Stopping threads took: 0.0000460 seconds
190.211: Application time: 0.0705940 seconds
190.212: [GC190.212: [ParNew: 303511K->1415K(339904K), 0.0014480 secs] 757328K->455240K(1095044K), 0.0014830 secs] [Times: user=0.01 sys=0.00, real=0.00 secs] 
190.213: Total time for which application threads were stopped: 0.0019330 seconds, Stopping threads took: 0.0000540 seconds
190.283: Application time: 0.0694130 seconds
190.283: [GC190.283: [ParNew: 303559K->1046K(339904K), 0.0014570 secs] 757384K->454879K(1095044K), 0.0014940 secs] [Times: user=0.01 sys=0.00, real=0.00 secs] 
190.285: Total time for which application threads were stopped: 0.0019560 seconds, Stopping threads took: 0.0000600 seconds
190.285: Application time: 0.0001180 seconds
190.285: Total time for which application threads were stopped: 0.0002580 seconds, Stopping threads took: 0.0000390 seconds
190.285: Application time: 0.0000200 seconds
190.285: Total time for which application threads were stopped: 0.0001010 seconds, Stopping threads took: 0.0000410 seconds
190.285: Application time: 0.0000300 seconds
190.285: Total time for which application threads were stopped: 0.0001060 seconds, Stopping threads took: 0.0000340 seconds
190.354: Application time: 0.0690820 seconds
190.355: [GC190.355: [ParNew: 303190K->1130K(339904K), 0.0015120 secs] 757023K->454971K(1095044K), 0.0015490 secs] [Times: user=0.01 sys=0.00, real=0.00 secs] 
190.356: Total time for which application threads were stopped: 0.0019970 seconds, Stopping threads took: 0.0000470 seconds
190.356: Application time: 0.0001130 seconds
190.357: Total time for which application threads were stopped: 0.0002830 seconds, Stopping threads took: 0.0000420 seconds
190.426: Application time: 0.0688040 seconds
190.426: [GC190.426: [ParNew: 303274K->1002K(339904K), 0.0014470 secs] 757115K->454843K(1095044K), 0.0014890 secs] [Times: user=0.02 sys=0.00, real=0.01 secs] 
190.428: Total time for which application threads were stopped: 0.0019630 seconds, Stopping threads took: 0.0000650 seconds
190.428: Application time: 0.0001370 seconds
190.428: Total time for which application threads were stopped: 0.0002190 seconds, Stopping threads took: 0.0000400 seconds
190.498: Application time: 0.0700990 seconds
190.498: [GC190.498: [ParNew: 303146K->984K(339904K), 0.0014690 secs] 756987K->454833K(1095044K), 0.0015060 secs] [Times: user=0.01 sys=0.00, real=0.01 secs] 
190.500: Total time for which application threads were stopped: 0.0019250 seconds, Stopping threads took: 0.0000590 seconds
190.569: Application time: 0.0693130 seconds
190.570: [GC190.570: [ParNew: 303128K->1006K(339904K), 0.0014240 secs] 756977K->454855K(1095044K), 0.0014530 secs] [Times: user=0.01 sys=0.00, real=0.00 secs] 
190.571: Total time for which application threads were stopped: 0.0019040 seconds, Stopping threads took: 0.0000580 seconds
190.571: Application time: 0.0001510 seconds
190.572: Total time for which application threads were stopped: 0.0002280 seconds, Stopping threads took: 0.0000570 seconds
190.641: Application time: 0.0692200 seconds
190.641: [GC190.641: [ParNew: 303150K->1077K(339904K), 0.0014230 secs] 756999K->454934K(1095044K), 0.0014660 secs] [Times: user=0.01 sys=0.00, real=0.00 secs] 
190.643: Total time for which application threads were stopped: 0.0018940 seconds, Stopping threads took: 0.0000480 seconds
190.712: Application time: 0.0693260 seconds
190.712: [GC190.712: [ParNew: 303221K->1168K(339904K), 0.0014190 secs] 757078K->455025K(1095044K), 0.0014540 secs] [Times: user=0.01 sys=0.00, real=0.00 secs] 
190.714: Total time for which application threads were stopped: 0.0019020 seconds, Stopping threads took: 0.0000480 seconds
190.783: Application time: 0.0688500 seconds
190.783: [GC190.783: [ParNew: 303312K->1141K(339904K), 0.0015000 secs] 757169K->455006K(1095044K), 0.0015360 secs] [Times: user=0.01 sys=0.00, real=0.00 secs] 
190.785: Total time for which application threads were stopped: 0.0019940 seconds, Stopping threads took: 0.0000560 seconds
190.853: Application time: 0.0687590 seconds
190.854: [GC190.854: [ParNew: 303285K->1321K(339904K), 0.0015600 secs] 757150K->455187K(1095044K), 0.0015960 secs] [Times: user=0.01 sys=0.00, real=0.00 secs] 
190.856: Total time for which application threads were stopped: 0.0020420 seconds, Stopping threads took: 0.0000460 seconds
190.924: Application time: 0.0689570 seconds
190.925: [GC190.925: [ParNew: 303465K->1295K(339904K), 0.0014570 secs] 757331K->455169K(1095044K), 0.0014920 secs] [Times: user=0.01 sys=0.00, real=0.00 secs] 
190.926: Total time for which application threads were stopped: 0.0019710 seconds, Stopping threads took: 0.0000530 seconds
190.996: Application time: 0.0693820 seconds
190.996: [GC190.996: [ParNew: 303439K->1143K(339904K), 0.0016030 secs] 757313K->455017K(1095044K), 0.0016380 secs] [Times: user=0.01 sys=0.00, real=0.00 secs] 
190.998: Total time for which application threads were stopped: 0.0020880 seconds, Stopping threads took: 0.0000470 seconds
190.998: Application time: 0.0001090 seconds
190.998: Total time for which application threads were stopped: 0.0002570 seconds, Stopping threads took: 0.0000410 seconds
191.067: Application time: 0.0687530 seconds
191.067: [GC191.068: [ParNew: 303287K->1129K(339904K), 0.0014270 secs] 757161K->455002K(1095044K), 0.0014620 secs] [Times: user=0.01 sys=0.00, real=0.00 secs] 
191.069: Total time for which application threads were stopped: 0.0019230 seconds, Stopping threads took: 0.0000560 seconds
191.069: Application time: 0.0001170 seconds
191.069: Total time for which application threads were stopped: 0.0002680 seconds, Stopping threads took: 0.0000460 seconds
191.138: Application time: 0.0689670 seconds
191.139: [GC191.139: [ParNew: 303273K->1316K(339904K), 0.0014470 secs] 757146K->455198K(1095044K), 0.0014830 secs] [Times: user=0.01 sys=0.00, real=0.01 secs] 
191.140: Total time for which application threads were stopped: 0.0019530 seconds, Stopping threads took: 0.0000570 seconds
191.211: Application time: 0.0710150 seconds
191.212: [GC191.212: [ParNew: 303460K->1141K(339904K), 0.0014280 secs] 757342K->455030K(1095044K), 0.0014640 secs] [Times: user=0.01 sys=0.00, real=0.00 secs] 
191.213: Total time for which application threads were stopped: 0.0019100 seconds, Stopping threads took: 0.0000530 seconds
191.213: Application time: 0.0001400 seconds
191.214: Total time for which application threads were stopped: 0.0002560 seconds, Stopping threads took: 0.0000410 seconds
191.214: Application time: 0.0000170 seconds
191.214: Total time for which application threads were stopped: 0.0000870 seconds, Stopping threads took: 0.0000230 seconds
191.214: Application time: 0.0000120 seconds
191.214: Total time for which application threads were stopped: 0.0001240 seconds, Stopping threads took: 0.0000040 seconds
191.283: Application time: 0.0695340 seconds
191.284: [GC191.284: [ParNew: 303285K->982K(339904K), 0.0014920 secs] 757174K->454872K(1095044K), 0.0015280 secs] [Times: user=0.00 sys=0.00, real=0.00 secs] 
191.285: Total time for which application threads were stopped: 0.0019810 seconds, Stopping threads took: 0.0000510 seconds
191.355: Application time: 0.0697040 seconds
191.356: [GC191.356: [ParNew: 303126K->1128K(339904K), 0.0016180 secs] 757016K->455025K(1095044K), 0.0016530 secs] [Times: user=0.01 sys=0.00, real=0.00 secs] 
191.357: Total time for which application threads were stopped: 0.0021000 seconds, Stopping threads took: 0.0000550 seconds
191.427: Application time: 0.0693980 seconds
191.427: [GC191.427: [ParNew: 303272K->1036K(339904K), 0.0013590 secs] 757169K->454949K(1095044K), 0.0013960 secs] [Times: user=0.01 sys=0.00, real=0.01 secs] 
191.429: Total time for which application threads were stopped: 0.0019050 seconds, Stopping threads took: 0.0000860 seconds
191.498: Application time: 0.0696450 seconds
191.499: [GC191.499: [ParNew: 303180K->1033K(339904K), 0.0014070 secs] 757093K->454955K(1095044K), 0.0014420 secs] [Times: user=0.01 sys=0.00, real=0.01 secs] 
191.500: Total time for which application threads were stopped: 0.0018970 seconds, Stopping threads took: 0.0000480 seconds
191.569: Application time: 0.0692300 seconds
191.570: [GC191.570: [ParNew: 303177K->1001K(339904K), 0.0015250 secs] 757099K->454922K(1095044K), 0.0015600 secs] [Times: user=0.01 sys=0.00, real=0.00 secs] 
191.571: Total time for which application threads were stopped: 0.0020130 seconds, Stopping threads took: 0.0000440 seconds
191.641: Application time: 0.0693740 seconds
191.641: [GC191.641: [ParNew: 303145K->1107K(339904K), 0.0015350 secs] 757066K->455028K(1095044K), 0.0015700 secs] [Times: user=0.01 sys=0.00, real=0.00 secs] 
191.643: Total time for which application threads were stopped: 0.0020130 seconds, Stopping threads took: 0.0000410 seconds
191.712: Application time: 0.0692750 seconds
191.712: [GC191.712: [ParNew: 303251K->1144K(339904K), 0.0014910 secs] 757172K->455074K(1095044K), 0.0015260 secs] [Times: user=0.01 sys=0.00, real=0.00 secs] 
191.714: Total time for which application threads were stopped: 0.0019840 seconds, Stopping threads took: 0.0000500 seconds
191.783: Application time: 0.0691380 seconds
191.784: [GC191.784: [ParNew: 303288K->1174K(339904K), 0.0015300 secs] 757218K->455103K(1095044K), 0.0015650 secs] [Times: user=0.01 sys=0.00, real=0.00 secs] 
191.785: Total time for which application threads were stopped: 0.0020370 seconds, Stopping threads took: 0.0000520 seconds
191.855: Application time: 0.0693860 seconds
191.855: [GC191.855: [ParNew: 303318K->1534K(339904K), 0.0014900 secs] 757247K->455463K(1095044K), 0.0015260 secs] [Times: user=0.01 sys=0.00, real=0.00 secs] 
191.857: Total time for which application threads were stopped: 0.0019820 seconds, Stopping threads took: 0.0000480 seconds
191.925: Application time: 0.0687870 seconds
191.926: [GC191.926: [ParNew: 303678K->1452K(339904K), 0.0014750 secs] 757607K->455382K(1095044K), 0.0015280 secs] [Times: user=0.01 sys=0.01, real=0.01 secs] 
191.927: Total time for which application threads were stopped: 0.0019790 seconds, Stopping threads took: 0.0000470 seconds
191.998: Application time: 0.0705800 seconds
191.998: [GC191.998: [ParNew: 303596K->1710K(339904K), 0.0015390 secs] 757526K->455640K(1095044K), 0.0015780 secs] [Times: user=0.01 sys=0.00, real=0.01 secs] 
192.000: Total time for which application threads were stopped: 0.0020580 seconds, Stopping threads took: 0.0000640 seconds
192.069: Application time: 0.0693200 seconds
192.070: [GC192.070: [ParNew: 303854K->1398K(339904K), 0.0014810 secs] 757784K->455336K(1095044K), 0.0015120 secs] [Times: user=0.01 sys=0.00, real=0.00 secs] 
192.071: Total time for which application threads were stopped: 0.0019420 seconds, Stopping threads took: 0.0000390 seconds
192.140: Application time: 0.0692150 seconds
192.141: [GC192.141: [ParNew: 303542K->1180K(339904K), 0.0016170 secs] 757480K->455125K(1095044K), 0.0016510 secs] [Times: user=0.01 sys=0.00, real=0.00 secs] 
192.143: Total time for which application threads were stopped: 0.0021000 seconds, Stopping threads took: 0.0000460 seconds
192.177: Application time: 0.0346570 seconds
192.178: Total time for which application threads were stopped: 0.0004320 seconds, Stopping threads took: 0.0000710 seconds
192.213: Application time: 0.0354770 seconds
192.213: [GC192.214: [ParNew: 303324K->1155K(339904K), 0.0014030 secs] 757269K->455101K(1095044K), 0.0014390 secs] [Times: user=0.01 sys=0.00, real=0.00 secs] 
192.215: Total time for which application threads were stopped: 0.0018840 seconds, Stopping threads took: 0.0000560 seconds
192.284: Application time: 0.0691130 seconds
192.285: [GC192.285: [ParNew: 303299K->1301K(339904K), 0.0015870 secs] 757245K->455254K(1095044K), 0.0016210 secs] [Times: user=0.01 sys=0.00, real=0.00 secs] 
192.286: Total time for which application threads were stopped: 0.0020700 seconds, Stopping threads took: 0.0000550 seconds
192.355: Application time: 0.0692670 seconds
192.356: [GC192.356: [ParNew: 303445K->876K(339904K), 0.0013850 secs] 757398K->454837K(1095044K), 0.0014220 secs] [Times: user=0.01 sys=0.00, real=0.00 secs] 
192.357: Total time for which application threads were stopped: 0.0018640 seconds, Stopping threads took: 0.0000480 seconds
192.426: Application time: 0.0689760 seconds
192.427: [GC192.427: [ParNew: 303020K->914K(339904K), 0.0013790 secs] 756981K->454884K(1095044K), 0.0014150 secs] [Times: user=0.01 sys=0.00, real=0.01 secs] 
192.428: Total time for which application threads were stopped: 0.0018770 seconds, Stopping threads took: 0.0000490 seconds
192.497: Application time: 0.0688930 seconds
192.497: [GC192.498: [ParNew: 303058K->1086K(339904K), 0.0013740 secs] 757028K->455056K(1095044K), 0.0014120 secs] [Times: user=0.01 sys=0.00, real=0.00 secs] 
192.499: Total time for which application threads were stopped: 0.0018770 seconds, Stopping threads took: 0.0000540 seconds
192.568: Application time: 0.0694940 seconds
192.569: [GC192.569: [ParNew: 303230K->1159K(339904K), 0.0014110 secs] 757200K->455136K(1095044K), 0.0014470 secs] [Times: user=0.01 sys=0.00, real=0.00 secs] 
192.570: Total time for which application threads were stopped: 0.0019220 seconds, Stopping threads took: 0.0000400 seconds
192.639: Application time: 0.0686500 seconds
192.639: [GC192.639: [ParNew: 303303K->1178K(339904K), 0.0015000 secs] 757280K->455155K(1095044K), 0.0015350 secs] [Times: user=0.01 sys=0.00, real=0.00 secs] 
192.641: Total time for which application threads were stopped: 0.0020110 seconds, Stopping threads took: 0.0000560 seconds
192.710: Application time: 0.0690510 seconds
192.711: [GC192.711: [ParNew: 303322K->1222K(339904K), 0.0015470 secs] 757299K->455199K(1095044K), 0.0015830 secs] [Times: user=0.01 sys=0.00, real=0.00 secs] 
192.712: Total time for which application threads were stopped: 0.0020440 seconds, Stopping threads took: 0.0000490 seconds
192.781: Application time: 0.0690780 seconds
192.782: [GC192.782: [ParNew: 303366K->1407K(339904K), 0.0014210 secs] 757343K->455385K(1095044K), 0.0014620 secs] [Times: user=0.01 sys=0.00, real=0.00 secs] 
192.783: Total time for which application threads were stopped: 0.0019370 seconds, Stopping threads took: 0.0000490 seconds
192.852: Application time: 0.0691510 seconds
192.853: [GC192.853: [ParNew: 303551K->1654K(339904K), 0.0014680 secs] 757529K->455631K(1095044K), 0.0015040 secs] [Times: user=0.01 sys=0.00, real=0.00 secs] 
192.854: Total time for which application threads were stopped: 0.0019800 seconds, Stopping threads took: 0.0000650 seconds
192.923: Application time: 0.0688100 seconds
192.924: [GC192.924: [ParNew: 303798K->1597K(339904K), 0.0015490 secs] 757775K->455574K(1095044K), 0.0015850 secs] [Times: user=0.01 sys=0.00, real=0.00 secs] 
192.925: Total time for which application threads were stopped: 0.0020540 seconds, Stopping threads took: 0.0000540 seconds
192.996: Application time: 0.0708960 seconds
192.996: [GC192.996: [ParNew: 303741K->1304K(339904K), 0.0015690 secs] 757718K->455282K(1095044K), 0.0016050 secs] [Times: user=0.01 sys=0.00, real=0.00 secs] 
192.998: Total time for which application threads were stopped: 0.0020660 seconds, Stopping threads took: 0.0000560 seconds
193.068: Application time: 0.0695120 seconds
193.068: [GC193.068: [ParNew: 303448K->1202K(339904K), 0.0013930 secs] 757426K->455299K(1095044K), 0.0014290 secs] [Times: user=0.01 sys=0.00, real=0.00 secs] 
193.070: Total time for which application threads were stopped: 0.0018940 seconds, Stopping threads took: 0.0000540 seconds
193.139: Application time: 0.0691490 seconds
193.139: [GC193.139: [ParNew: 303346K->1159K(339904K), 0.0014760 secs] 757443K->455265K(1095044K), 0.0015080 secs] [Times: user=0.00 sys=0.01, real=0.01 secs] 
193.141: Total time for which application threads were stopped: 0.0020070 seconds, Stopping threads took: 0.0000650 seconds
193.212: Application time: 0.0712470 seconds
193.212: [GC193.212: [ParNew: 303303K->908K(339904K), 0.0014430 secs] 757409K->455021K(1095044K), 0.0014770 secs] [Times: user=0.01 sys=0.00, real=0.00 secs] 
193.214: Total time for which application threads were stopped: 0.0019280 seconds, Stopping threads took: 0.0000580 seconds
193.283: Application time: 0.0695090 seconds
193.284: [GC193.284: [ParNew: 303052K->1011K(339904K), 0.0014790 secs] 757165K->455141K(1095044K), 0.0015110 secs] [Times: user=0.01 sys=0.00, real=0.00 secs] 
193.285: Total time for which application threads were stopped: 0.0019760 seconds, Stopping threads took: 0.0000570 seconds
193.355: Application time: 0.0692070 seconds
193.355: [GC193.355: [ParNew: 303155K->1028K(339904K), 0.0013700 secs] 757285K->455174K(1095044K), 0.0014030 secs] [Times: user=0.01 sys=0.00, real=0.00 secs] 
193.356: Total time for which application threads were stopped: 0.0018500 seconds, Stopping threads took: 0.0000510 seconds
193.425: Application time: 0.0688840 seconds
193.426: [GC193.426: [ParNew: 303172K->1035K(339904K), 0.0015870 secs] 757318K->455197K(1095044K), 0.0016230 secs] [Times: user=0.00 sys=0.00, real=0.01 secs] 
193.427: Total time for which application threads were stopped: 0.0020770 seconds, Stopping threads took: 0.0000510 seconds
193.497: Application time: 0.0692550 seconds
193.497: [GC193.497: [ParNew: 303179K->1017K(339904K), 0.0013750 secs] 757341K->455178K(1095044K), 0.0014120 secs] [Times: user=0.00 sys=0.00, real=0.00 secs] 
193.499: Total time for which application threads were stopped: 0.0018800 seconds, Stopping threads took: 0.0000680 seconds
193.567: Application time: 0.0685120 seconds
193.567: [GC193.568: [ParNew: 303161K->1250K(339904K), 0.0014030 secs] 757322K->455412K(1095044K), 0.0014380 secs] [Times: user=0.01 sys=0.00, real=0.00 secs] 
193.569: Total time for which application threads were stopped: 0.0019240 seconds, Stopping threads took: 0.0000720 seconds
193.638: Application time: 0.0687540 seconds
193.638: [GC193.638: [ParNew: 303394K->1323K(339904K), 0.0014510 secs] 757556K->455484K(1095044K), 0.0014860 secs] [Times: user=0.01 sys=0.00, real=0.01 secs] 
193.640: Total time for which application threads were stopped: 0.0019380 seconds, Stopping threads took: 0.0000450 seconds
193.708: Application time: 0.0683360 seconds
193.708: [GC193.708: [ParNew: 303467K->1374K(339904K), 0.0014420 secs] 757628K->455536K(1095044K), 0.0014870 secs] [Times: user=0.01 sys=0.00, real=0.00 secs] 
193.710: Total time for which application threads were stopped: 0.0019680 seconds, Stopping threads took: 0.0000570 seconds
193.779: Application time: 0.0691240 seconds
193.780: [GC193.780: [ParNew: 303518K->1325K(339904K), 0.0015490 secs] 757680K->455487K(1095044K), 0.0015810 secs] [Times: user=0.01 sys=0.00, real=0.00 secs] 
193.781: Total time for which application threads were stopped: 0.0020570 seconds, Stopping threads took: 0.0000620 seconds
193.850: Application time: 0.0690590 seconds
193.851: [GC193.851: [ParNew: 303469K->1352K(339904K), 0.0015770 secs] 757631K->455514K(1095044K), 0.0016130 secs] [Times: user=0.01 sys=0.00, real=0.00 secs] 
193.852: Total time for which application threads were stopped: 0.0020630 seconds, Stopping threads took: 0.0000520 seconds
193.923: Application time: 0.0710950 seconds
193.924: [GC193.924: [ParNew: 303496K->1279K(339904K), 0.0014910 secs] 757658K->455441K(1095044K), 0.0015270 secs] [Times: user=0.01 sys=0.00, real=0.00 secs] 
193.925: Total time for which application threads were stopped: 0.0019840 seconds, Stopping threads took: 0.0000500 seconds
193.995: Application time: 0.0697010 seconds
193.996: [GC193.996: [ParNew: 303423K->1113K(339904K), 0.0014630 secs] 757585K->455275K(1095044K), 0.0014970 secs] [Times: user=0.01 sys=0.00, real=0.00 secs] 
193.997: Total time for which application threads were stopped: 0.0019660 seconds, Stopping threads took: 0.0000470 seconds
194.067: Application time: 0.0703450 seconds
194.068: [GC194.068: [ParNew: 303257K->1098K(339904K), 0.0014290 secs] 757419K->455268K(1095044K), 0.0014640 secs] [Times: user=0.01 sys=0.00, real=0.00 secs] 
194.069: Total time for which application threads were stopped: 0.0019330 seconds, Stopping threads took: 0.0000610 seconds
194.140: Application time: 0.0710110 seconds
194.141: [GC194.141: [ParNew: 303242K->1003K(339904K), 0.0014550 secs] 757412K->455181K(1095044K), 0.0014870 secs] [Times: user=0.01 sys=0.00, real=0.00 secs] 
194.142: Total time for which application threads were stopped: 0.0019590 seconds, Stopping threads took: 0.0000730 seconds
194.213: Application time: 0.0709510 seconds
194.214: [GC194.214: [ParNew: 303147K->907K(339904K), 0.0013900 secs] 757325K->455084K(1095044K), 0.0014250 secs] [Times: user=0.01 sys=0.00, real=0.00 secs] 
194.215: Total time for which application threads were stopped: 0.0019200 seconds, Stopping threads took: 0.0000670 seconds
194.284: Application time: 0.0688080 seconds
194.284: [GC194.284: [ParNew: 303051K->953K(339904K), 0.0013630 secs] 757228K->455147K(1095044K), 0.0013990 secs] [Times: user=0.01 sys=0.00, real=0.00 secs] 
194.286: Total time for which application threads were stopped: 0.0018570 seconds, Stopping threads took: 0.0000540 seconds
194.355: Application time: 0.0688470 seconds
194.355: [GC194.355: [ParNew: 303097K->1110K(339904K), 0.0014900 secs] 757291K->455311K(1095044K), 0.0015260 secs] [Times: user=0.01 sys=0.00, real=0.00 secs] 
194.357: Total time for which application threads were stopped: 0.0019840 seconds, Stopping threads took: 0.0000530 seconds
194.426: Application time: 0.0690740 seconds
194.426: [GC194.426: [ParNew: 303254K->1165K(339904K), 0.0014950 secs] 757455K->455367K(1095044K), 0.0015300 secs] [Times: user=0.01 sys=0.00, real=0.01 secs] 
194.428: Total time for which application threads were stopped: 0.0019840 seconds, Stopping threads took: 0.0000500 seconds
194.497: Application time: 0.0689630 seconds
194.497: [GC194.497: [ParNew: 303309K->1373K(339904K), 0.0015480 secs] 757511K->455574K(1095044K), 0.0015830 secs] [Times: user=0.01 sys=0.00, real=0.00 secs] 
194.499: Total time for which application threads were stopped: 0.0020500 seconds, Stopping threads took: 0.0000660 seconds
194.567: Application time: 0.0687230 seconds
194.568: [GC194.568: [ParNew: 303517K->1114K(339904K), 0.0015040 secs] 757718K->455315K(1095044K), 0.0015380 secs] [Times: user=0.01 sys=0.00, real=0.00 secs] 
194.569: Total time for which application threads were stopped: 0.0019830 seconds, Stopping threads took: 0.0000420 seconds
194.638: Application time: 0.0687530 seconds
194.639: [GC194.639: [ParNew: 303258K->1296K(339904K), 0.0014850 secs] 757459K->455498K(1095044K), 0.0015200 secs] [Times: user=0.01 sys=0.00, real=0.01 secs] 
194.640: Total time for which application threads were stopped: 0.0019660 seconds, Stopping threads took: 0.0000470 seconds
194.709: Application time: 0.0684600 seconds
194.709: [GC194.709: [ParNew: 303440K->1330K(339904K), 0.0015630 secs] 757642K->455532K(1095044K), 0.0016000 secs] [Times: user=0.01 sys=0.00, real=0.00 secs] 
194.711: Total time for which application threads were stopped: 0.0020170 seconds, Stopping threads took: 0.0000470 seconds
194.779: Application time: 0.0684460 seconds
194.780: [GC194.780: [ParNew: 303474K->1526K(339904K), 0.0015350 secs] 757676K->455727K(1095044K), 0.0015710 secs] [Times: user=0.01 sys=0.00, real=0.00 secs] 
194.781: Total time for which application threads were stopped: 0.0020730 seconds, Stopping threads took: 0.0000520 seconds
194.851: Application time: 0.0699010 seconds
194.852: [GC194.852: [ParNew: 303670K->1291K(339904K), 0.0014330 secs] 757871K->455492K(1095044K), 0.0014690 secs] [Times: user=0.01 sys=0.00, real=0.00 secs] 
194.853: Total time for which application threads were stopped: 0.0019250 seconds, Stopping threads took: 0.0000490 seconds
194.922: Application time: 0.0692010 seconds
194.923: [GC194.923: [ParNew: 303435K->1044K(339904K), 0.0014090 secs] 757636K->455246K(1095044K), 0.0014440 secs] [Times: user=0.01 sys=0.00, real=0.00 secs] 
194.924: Total time for which application threads were stopped: 0.0018900 seconds, Stopping threads took: 0.0000510 seconds
194.993: Application time: 0.0689160 seconds
194.993: [GC194.994: [ParNew: 303188K->1219K(339904K), 0.0013550 secs] 757390K->455429K(1095044K), 0.0013900 secs] [Times: user=0.01 sys=0.00, real=0.00 secs] 
194.995: Total time for which application threads were stopped: 0.0018470 seconds, Stopping threads took: 0.0000550 seconds
195.064: Application time: 0.0692700 seconds
195.065: [GC195.065: [ParNew: 303363K->1049K(339904K), 0.0014420 secs] 757573K->455266K(1095044K), 0.0014750 secs] [Times: user=0.01 sys=0.00, real=0.00 secs] 
195.066: Total time for which application threads were stopped: 0.0019420 seconds, Stopping threads took: 0.0000640 seconds
195.135: Application time: 0.0692830 seconds
195.136: [GC195.136: [ParNew: 303193K->982K(339904K), 0.0013800 secs] 757410K->455200K(1095044K), 0.0014130 secs] [Times: user=0.01 sys=0.00, real=0.00 secs] 
195.137: Total time for which application threads were stopped: 0.0018720 seconds, Stopping threads took: 0.0000560 seconds
195.206: Application time: 0.0690730 seconds
195.207: [GC195.207: [ParNew: 303126K->961K(339904K), 0.0013550 secs] 757344K->455186K(1095044K), 0.0013900 secs] [Times: user=0.01 sys=0.00, real=0.01 secs] 
195.208: Total time for which application threads were stopped: 0.0018410 seconds, Stopping threads took: 0.0000550 seconds
195.277: Application time: 0.0687390 seconds
195.277: [GC195.277: [ParNew: 303105K->1045K(339904K), 0.0015060 secs] 757330K->455287K(1095044K), 0.0015420 secs] [Times: user=0.01 sys=0.00, real=0.00 secs] 
195.279: Total time for which application threads were stopped: 0.0019960 seconds, Stopping threads took: 0.0000530 seconds
195.348: Application time: 0.0685870 seconds
195.348: [GC195.348: [ParNew: 303189K->1055K(339904K), 0.0013560 secs] 757431K->455297K(1095044K), 0.0013920 secs] [Times: user=0.01 sys=0.00, real=0.00 secs] 
195.349: Total time for which application threads were stopped: 0.0018640 seconds, Stopping threads took: 0.0000490 seconds
195.418: Application time: 0.0686420 seconds
195.418: [GC195.418: [ParNew: 303199K->1261K(339904K), 0.0015550 secs] 757441K->455503K(1095044K), 0.0015920 secs] [Times: user=0.01 sys=0.00, real=0.01 secs] 
195.420: Total time for which application threads were stopped: 0.0020560 seconds, Stopping threads took: 0.0000580 seconds
195.489: Application time: 0.0685720 seconds
195.489: [GC195.489: [ParNew: 303405K->1241K(339904K), 0.0014990 secs] 757647K->455482K(1095044K), 0.0015410 secs] [Times: user=0.01 sys=0.00, real=0.00 secs] 
195.491: Total time for which application threads were stopped: 0.0019920 seconds, Stopping threads took: 0.0000550 seconds
195.559: Application time: 0.0683800 seconds
195.559: [GC195.560: [ParNew: 303385K->1363K(339904K), 0.0014220 secs] 757626K->455605K(1095044K), 0.0014560 secs] [Times: user=0.01 sys=0.00, real=0.00 secs] 
195.561: Total time for which application threads were stopped: 0.0019150 seconds, Stopping threads took: 0.0000490 seconds
195.629: Application time: 0.0684730 seconds
195.630: [GC195.630: [ParNew: 303507K->1605K(339904K), 0.0014710 secs] 757749K->455854K(1095044K), 0.0015080 secs] [Times: user=0.00 sys=0.00, real=0.00 secs] 
195.631: Total time for which application threads were stopped: 0.0019560 seconds, Stopping threads took: 0.0000440 seconds
195.704: Application time: 0.0722080 seconds
195.704: [GC195.704: [ParNew: 303749K->1414K(339904K), 0.0015560 secs] 757998K->455664K(1095044K), 0.0015940 secs] [Times: user=0.01 sys=0.00, real=0.00 secs] 
195.706: Total time for which application threads were stopped: 0.0020490 seconds, Stopping threads took: 0.0000540 seconds
195.766: Application time: 0.0600450 seconds
195.766: Total time for which application threads were stopped: 0.0004200 seconds, Stopping threads took: 0.0000510 seconds
195.776: Application time: 0.0094600 seconds
195.776: [GC195.776: [ParNew: 303558K->1408K(339904K), 0.0015750 secs] 757808K->455658K(1095044K), 0.0016100 secs] [Times: user=0.01 sys=0.00, real=0.00 secs] 
195.778: Total time for which application threads were stopped: 0.0020470 seconds, Stopping threads took: 0.0000530 seconds
195.848: Application time: 0.0702350 seconds
195.848: [GC195.848: [ParNew: 303552K->1203K(339904K), 0.0014080 secs] 757802K->455452K(1095044K), 0.0014380 secs] [Times: user=0.01 sys=0.00, real=0.00 secs] 
195.850: Total time for which application threads were stopped: 0.0019090 seconds, Stopping threads took: 0.0000540 seconds
195.919: Application time: 0.0692040 seconds
195.919: [GC195.919: [ParNew: 303347K->1254K(339904K), 0.0014960 secs] 757596K->455511K(1095044K), 0.0015280 secs] [Times: user=0.01 sys=0.00, real=0.00 secs] 
195.921: Total time for which application threads were stopped: 0.0019960 seconds, Stopping threads took: 0.0000580 seconds
195.991: Application time: 0.0704670 seconds
195.992: [GC195.992: [ParNew: 303398K->1202K(339904K), 0.0016580 secs] 757655K->455467K(1095044K), 0.0016890 secs] [Times: user=0.01 sys=0.00, real=0.00 secs] 
195.994: Total time for which application threads were stopped: 0.0021490 seconds, Stopping threads took: 0.0000500 seconds
196.065: Application time: 0.0713510 seconds
196.065: [GC196.065: [ParNew: 303346K->1041K(339904K), 0.0015920 secs] 757611K->455307K(1095044K), 0.0016280 secs] [Times: user=0.01 sys=0.00, real=0.00 secs] 
196.067: Total time for which application threads were stopped: 0.0020700 seconds, Stopping threads took: 0.0000830 seconds
196.136: Application time: 0.0693090 seconds
196.137: [GC196.137: [ParNew: 303185K->1161K(339904K), 0.0014100 secs] 757451K->455435K(1095044K), 0.0014440 secs] [Times: user=0.01 sys=0.00, real=0.00 secs] 
196.138: Total time for which application threads were stopped: 0.0018790 seconds, Stopping threads took: 0.0000420 seconds
196.208: Application time: 0.0694510 seconds
196.208: [GC196.208: [ParNew: 303305K->1227K(339904K), 0.0014610 secs] 757579K->455516K(1095044K), 0.0014950 secs] [Times: user=0.01 sys=0.00, real=0.00 secs] 
196.210: Total time for which application threads were stopped: 0.0019490 seconds, Stopping threads took: 0.0000550 seconds
196.278: Application time: 0.0685710 seconds
196.279: [GC196.279: [ParNew: 303371K->1316K(339904K), 0.0014290 secs] 757660K->455605K(1095044K), 0.0014650 secs] [Times: user=0.01 sys=0.00, real=0.01 secs] 
196.280: Total time for which application threads were stopped: 0.0019460 seconds, Stopping threads took: 0.0000660 seconds
196.349: Application time: 0.0690620 seconds
196.350: [GC196.350: [ParNew: 303460K->1352K(339904K), 0.0014470 secs] 757749K->455641K(1095044K), 0.0014820 secs] [Times: user=0.01 sys=0.00, real=0.00 secs] 
196.351: Total time for which application threads were stopped: 0.0019470 seconds, Stopping threads took: 0.0000480 seconds
196.420: Application time: 0.0686330 seconds
196.420: [GC196.420: [ParNew: 303496K->1335K(339904K), 0.0014510 secs] 757785K->455625K(1095044K), 0.0014870 secs] [Times: user=0.01 sys=0.00, real=0.00 secs] 
196.422: Total time for which application threads were stopped: 0.0019280 seconds, Stopping threads took: 0.0000470 seconds
196.490: Application time: 0.0685010 seconds
196.491: [GC196.491: [ParNew: 303479K->1476K(339904K), 0.0014710 secs] 757769K->455766K(1095044K), 0.0015060 secs] [Times: user=0.01 sys=0.00, real=0.00 secs] 
196.492: Total time for which application threads were stopped: 0.0019610 seconds, Stopping threads took: 0.0000620 seconds
196.561: Application time: 0.0685770 seconds
196.561: [GC196.561: [ParNew: 303620K->1487K(339904K), 0.0015890 secs] 757910K->455776K(1095044K), 0.0016260 secs] [Times: user=0.01 sys=0.00, real=0.00 secs] 
196.563: Total time for which application threads were stopped: 0.0020680 seconds, Stopping threads took: 0.0000470 seconds
196.632: Application time: 0.0694240 seconds
196.633: [GC196.633: [ParNew: 303631K->1576K(339904K), 0.0015030 secs] 757920K->455866K(1095044K), 0.0015330 secs] [Times: user=0.01 sys=0.00, real=0.00 secs] 
196.634: Total time for which application threads were stopped: 0.0019590 seconds, Stopping threads took: 0.0000310 seconds
196.703: Application time: 0.0692020 seconds
196.704: [GC196.704: [ParNew: 303720K->1467K(339904K), 0.0015440 secs] 758010K->455757K(1095044K), 0.0015820 secs] [Times: user=0.01 sys=0.00, real=0.00 secs] 
196.706: Total time for which application threads were stopped: 0.0020400 seconds, Stopping threads took: 0.0000640 seconds
196.775: Application time: 0.0692160 seconds
196.775: [GC196.775: [ParNew: 303611K->1232K(339904K), 0.0014690 secs] 757901K->455641K(1095044K), 0.0015050 secs] [Times: user=0.01 sys=0.00, real=0.00 secs] 
196.777: Total time for which application threads were stopped: 0.0019500 seconds, Stopping threads took: 0.0000470 seconds
196.846: Application time: 0.0697650 seconds
196.847: [GC196.847: [ParNew: 303376K->1134K(339904K), 0.0015310 secs] 757785K->455551K(1095044K), 0.0015610 secs] [Times: user=0.01 sys=0.00, real=0.01 secs] 
196.848: Total time for which application threads were stopped: 0.0019960 seconds, Stopping threads took: 0.0000650 seconds
196.919: Application time: 0.0704260 seconds
196.919: [GC196.919: [ParNew: 303278K->1159K(339904K), 0.0014720 secs] 757695K->455585K(1095044K), 0.0015060 secs] [Times: user=0.01 sys=0.00, real=0.00 secs] 
196.921: Total time for which application threads were stopped: 0.0019870 seconds, Stopping threads took: 0.0000590 seconds
196.991: Application time: 0.0700000 seconds
196.991: [GC196.991: [ParNew: 303303K->1112K(339904K), 0.0017260 secs] 757729K->455545K(1095044K), 0.0017620 secs] [Times: user=0.01 sys=0.00, real=0.00 secs] 
196.993: Total time for which application threads were stopped: 0.0022180 seconds, Stopping threads took: 0.0000860 seconds
197.062: Application time: 0.0690610 seconds
197.063: [GC197.063: [ParNew: 303256K->1149K(339904K), 0.0014720 secs] 757689K->455590K(1095044K), 0.0015070 secs] [Times: user=0.01 sys=0.00, real=0.00 secs] 
197.064: Total time for which application threads were stopped: 0.0019710 seconds, Stopping threads took: 0.0000680 seconds
197.133: Application time: 0.0692880 seconds
197.134: [GC197.134: [ParNew: 303293K->983K(339904K), 0.0014400 secs] 757734K->455432K(1095044K), 0.0014750 secs] [Times: user=0.02 sys=0.00, real=0.00 secs] 
197.135: Total time for which application threads were stopped: 0.0019340 seconds, Stopping threads took: 0.0000620 seconds
197.205: Application time: 0.0694520 seconds
197.205: [GC197.205: [ParNew: 303127K->1185K(339904K), 0.0013850 secs] 757576K->455650K(1095044K), 0.0014290 secs] [Times: user=0.01 sys=0.00, real=0.00 secs] 
197.207: Total time for which application threads were stopped: 0.0018900 seconds, Stopping threads took: 0.0000650 seconds
197.275: Application time: 0.0684690 seconds
197.276: [GC197.276: [ParNew: 303329K->1154K(339904K), 0.0015370 secs] 757794K->455620K(1095044K), 0.0015720 secs] [Times: user=0.01 sys=0.00, real=0.00 secs] 
197.277: Total time for which application threads were stopped: 0.0020190 seconds, Stopping threads took: 0.0000540 seconds
197.345: Application time: 0.0681550 seconds
197.346: [GC197.346: [ParNew: 303298K->1344K(339904K), 0.0014270 secs] 757764K->455810K(1095044K), 0.0014720 secs] [Times: user=0.01 sys=0.00, real=0.01 secs] 
197.347: Total time for which application threads were stopped: 0.0019190 seconds, Stopping threads took: 0.0000510 seconds
197.416: Application time: 0.0687780 seconds
197.416: [GC197.417: [ParNew: 303488K->1256K(339904K), 0.0014910 secs] 757954K->455721K(1095044K), 0.0015230 secs] [Times: user=0.01 sys=0.00, real=0.00 secs] 
197.418: Total time for which application threads were stopped: 0.0019800 seconds, Stopping threads took: 0.0000570 seconds
197.487: Application time: 0.0687880 seconds
197.487: [GC197.487: [ParNew: 303400K->1511K(339904K), 0.0014640 secs] 757865K->455977K(1095044K), 0.0015010 secs] [Times: user=0.01 sys=0.00, real=0.00 secs] 
197.489: Total time for which application threads were stopped: 0.0019880 seconds, Stopping threads took: 0.0000530 seconds
197.558: Application time: 0.0696370 seconds
197.559: [GC197.559: [ParNew: 303655K->1219K(339904K), 0.0014890 secs] 758121K->455684K(1095044K), 0.0015240 secs] [Times: user=0.01 sys=0.00, real=0.01 secs] 
197.560: Total time for which application threads were stopped: 0.0019810 seconds, Stopping threads took: 0.0000590 seconds
197.629: Application time: 0.0684350 seconds
197.629: [GC197.629: [ParNew: 303363K->1256K(339904K), 0.0014590 secs] 757828K->455722K(1095044K), 0.0014940 secs] [Times: user=0.01 sys=0.00, real=0.00 secs] 
197.631: Total time for which application threads were stopped: 0.0019370 seconds, Stopping threads took: 0.0000500 seconds
197.700: Application time: 0.0690930 seconds
197.700: [GC197.700: [ParNew: 303400K->1165K(339904K), 0.0014720 secs] 757866K->455638K(1095044K), 0.0015060 secs] [Times: user=0.01 sys=0.00, real=0.00 secs] 
197.702: Total time for which application threads were stopped: 0.0019550 seconds, Stopping threads took: 0.0000520 seconds
197.771: Application time: 0.0689030 seconds
197.771: [GC197.771: [ParNew: 303309K->1049K(339904K), 0.0013970 secs] 757782K->455530K(1095044K), 0.0014320 secs] [Times: user=0.01 sys=0.00, real=0.00 secs] 
197.773: Total time for which application threads were stopped: 0.0018760 seconds, Stopping threads took: 0.0000550 seconds
197.841: Application time: 0.0685950 seconds
197.842: [GC197.842: [ParNew: 303193K->1012K(339904K), 0.0013660 secs] 757674K->455502K(1095044K), 0.0014010 secs] [Times: user=0.01 sys=0.00, real=0.00 secs] 
197.843: Total time for which application threads were stopped: 0.0018490 seconds, Stopping threads took: 0.0000500 seconds
197.912: Application time: 0.0688710 seconds
197.912: [GC197.912: [ParNew: 303156K->1265K(339904K), 0.0013500 secs] 757646K->455770K(1095044K), 0.0013850 secs] [Times: user=0.01 sys=0.00, real=0.00 secs] 
197.914: Total time for which application threads were stopped: 0.0018320 seconds, Stopping threads took: 0.0000490 seconds
197.983: Application time: 0.0688060 seconds
197.983: [GC197.983: [ParNew: 303409K->1086K(339904K), 0.0014250 secs] 757914K->455599K(1095044K), 0.0014610 secs] [Times: user=0.01 sys=0.00, real=0.00 secs] 
197.985: Total time for which application threads were stopped: 0.0019150 seconds, Stopping threads took: 0.0000490 seconds
198.053: Application time: 0.0689430 seconds
198.054: [GC198.054: [ParNew: 303230K->1075K(339904K), 0.0014380 secs] 757743K->455596K(1095044K), 0.0014740 secs] [Times: user=0.01 sys=0.00, real=0.00 secs] 
198.055: Total time for which application threads were stopped: 0.0019680 seconds, Stopping threads took: 0.0000600 seconds
198.124: Application time: 0.0682610 seconds
198.124: [GC198.124: [ParNew: 303219K->1134K(339904K), 0.0014990 secs] 757740K->455671K(1095044K), 0.0015330 secs] [Times: user=0.01 sys=0.00, real=0.00 secs] 
198.126: Total time for which application threads were stopped: 0.0019900 seconds, Stopping threads took: 0.0000540 seconds
198.194: Application time: 0.0685310 seconds
198.195: [GC198.195: [ParNew: 303278K->1321K(339904K), 0.0030580 secs] 757815K->455858K(1095044K), 0.0030970 secs] [Times: user=0.02 sys=0.00, real=0.00 secs] 
198.198: Total time for which application threads were stopped: 0.0035490 seconds, Stopping threads took: 0.0000520 seconds
198.266: Application time: 0.0686590 seconds
198.267: [GC198.267: [ParNew: 303465K->1321K(339904K), 0.0014510 secs] 758002K->455859K(1095044K), 0.0014850 secs] [Times: user=0.01 sys=0.00, real=0.01 secs] 
198.268: Total time for which application threads were stopped: 0.0019150 seconds, Stopping threads took: 0.0000570 seconds
198.337: Application time: 0.0684620 seconds
198.337: [GC198.337: [ParNew: 303465K->1242K(339904K), 0.0014490 secs] 758003K->455780K(1095044K), 0.0014850 secs] [Times: user=0.01 sys=0.00, real=0.00 secs] 
198.339: Total time for which application threads were stopped: 0.0019320 seconds, Stopping threads took: 0.0000480 seconds
198.409: Application time: 0.0699470 seconds
198.409: [GC198.409: [ParNew: 303386K->1278K(339904K), 0.0014380 secs] 757924K->455816K(1095044K), 0.0014730 secs] [Times: user=0.01 sys=0.00, real=0.00 secs] 
198.411: Total time for which application threads were stopped: 0.0019280 seconds, Stopping threads took: 0.0000630 seconds
198.480: Application time: 0.0690420 seconds
198.480: [GC198.480: [ParNew: 303422K->1140K(339904K), 0.0014870 secs] 757960K->455678K(1095044K), 0.0015230 secs] [Times: user=0.01 sys=0.00, real=0.00 secs] 
198.482: Total time for which application threads were stopped: 0.0019700 seconds, Stopping threads took: 0.0000530 seconds
198.550: Application time: 0.0684180 seconds
198.551: [GC198.551: [ParNew: 303284K->1189K(339904K), 0.0015070 secs] 757822K->455726K(1095044K), 0.0015420 secs] [Times: user=0.01 sys=0.00, real=0.00 secs] 
198.552: Total time for which application threads were stopped: 0.0019690 seconds, Stopping threads took: 0.0000550 seconds
198.621: Application time: 0.0688430 seconds
198.621: [GC198.621: [ParNew: 303333K->1327K(339904K), 0.0014430 secs] 757870K->455880K(1095044K), 0.0014770 secs] [Times: user=0.01 sys=0.00, real=0.00 secs] 
198.623: Total time for which application threads were stopped: 0.0019580 seconds, Stopping threads took: 0.0000570 seconds
198.693: Application time: 0.0702890 seconds
198.694: [GC198.694: [ParNew: 303471K->1216K(339904K), 0.0016470 secs] 758024K->455770K(1095044K), 0.0016800 secs] [Times: user=0.01 sys=0.00, real=0.00 secs] 
198.695: Total time for which application threads were stopped: 0.0021490 seconds, Stopping threads took: 0.0000700 seconds
198.766: Application time: 0.0704380 seconds
198.766: [GC198.766: [ParNew: 303360K->1207K(339904K), 0.0016060 secs] 757914K->455768K(1095044K), 0.0016410 secs] [Times: user=0.01 sys=0.00, real=0.01 secs] 
198.768: Total time for which application threads were stopped: 0.0020850 seconds, Stopping threads took: 0.0000860 seconds
198.836: Application time: 0.0685510 seconds
198.837: [GC198.837: [ParNew: 303351K->1047K(339904K), 0.0015940 secs] 757912K->455625K(1095044K), 0.0016280 secs] [Times: user=0.01 sys=0.00, real=0.00 secs] 
198.838: Total time for which application threads were stopped: 0.0020830 seconds, Stopping threads took: 0.0000550 seconds
198.908: Application time: 0.0692010 seconds
198.908: [GC198.908: [ParNew: 303191K->1095K(339904K), 0.0015680 secs] 757769K->455672K(1095044K), 0.0016030 secs] [Times: user=0.01 sys=0.00, real=0.00 secs] 
198.910: Total time for which application threads were stopped: 0.0020660 seconds, Stopping threads took: 0.0000590 seconds
198.979: Application time: 0.0691490 seconds
198.979: [GC198.979: [ParNew: 303239K->1165K(339904K), 0.0014130 secs] 757816K->455743K(1095044K), 0.0014570 secs] [Times: user=0.01 sys=0.00, real=0.00 secs] 
198.981: Total time for which application threads were stopped: 0.0019160 seconds, Stopping threads took: 0.0000550 seconds
199.049: Application time: 0.0683370 seconds
199.050: [GC199.050: [ParNew: 303309K->939K(339904K), 0.0014130 secs] 757887K->455525K(1095044K), 0.0014490 secs] [Times: user=0.01 sys=0.00, real=0.00 secs] 
199.051: Total time for which application threads were stopped: 0.0018950 seconds, Stopping threads took: 0.0000480 seconds
199.120: Application time: 0.0690610 seconds
199.121: [GC199.121: [ParNew: 303083K->1267K(339904K), 0.0014390 secs] 757669K->455869K(1095044K), 0.0014750 secs] [Times: user=0.01 sys=0.00, real=0.00 secs] 
199.122: Total time for which application threads were stopped: 0.0019170 seconds, Stopping threads took: 0.0000430 seconds
199.190: Application time: 0.0683720 seconds
199.191: [GC199.191: [ParNew: 303411K->1374K(339904K), 0.0014380 secs] 758013K->455975K(1095044K), 0.0014740 secs] [Times: user=0.02 sys=0.00, real=0.00 secs] 
199.192: Total time for which application threads were stopped: 0.0019410 seconds, Stopping threads took: 0.0000470 seconds
199.261: Application time: 0.0690180 seconds
199.262: [GC199.262: [ParNew: 303518K->1363K(339904K), 0.0014370 secs] 758119K->455965K(1095044K), 0.0014730 secs] [Times: user=0.01 sys=0.00, real=0.00 secs] 
199.263: Total time for which application threads were stopped: 0.0019210 seconds, Stopping threads took: 0.0000540 seconds
199.333: Application time: 0.0696100 seconds
199.333: [GC199.333: [ParNew: 303507K->1154K(339904K), 0.0014420 secs] 758109K->455756K(1095044K), 0.0014790 secs] [Times: user=0.01 sys=0.00, real=0.00 secs] 
199.335: Total time for which application threads were stopped: 0.0019320 seconds, Stopping threads took: 0.0000630 seconds
199.404: Application time: 0.0686740 seconds
199.404: [GC199.404: [ParNew: 303298K->1271K(339904K), 0.0015390 secs] 757900K->455873K(1095044K), 0.0015770 secs] [Times: user=0.01 sys=0.00, real=0.00 secs] 
199.406: Total time for which application threads were stopped: 0.0020220 seconds, Stopping threads took: 0.0000500 seconds
199.475: Application time: 0.0691580 seconds
199.475: [GC199.475: [ParNew: 303415K->1242K(339904K), 0.0015990 secs] 758017K->455851K(1095044K), 0.0016350 secs] [Times: user=0.01 sys=0.00, real=0.00 secs] 
199.477: Total time for which application threads were stopped: 0.0020630 seconds, Stopping threads took: 0.0000600 seconds
199.546: Application time: 0.0694700 seconds
199.547: [GC199.547: [ParNew: 303386K->1122K(339904K), 0.0016860 secs] 757995K->455748K(1095044K), 0.0017230 secs] [Times: user=0.01 sys=0.00, real=0.01 secs] 
199.548: Total time for which application threads were stopped: 0.0021390 seconds, Stopping threads took: 0.0000540 seconds
199.619: Application time: 0.0705830 seconds
199.619: [GC199.619: [ParNew: 303266K->1127K(339904K), 0.0014880 secs] 757892K->455753K(1095044K), 0.0015200 secs] [Times: user=0.01 sys=0.00, real=0.00 secs] 
199.621: Total time for which application threads were stopped: 0.0019840 seconds, Stopping threads took: 0.0000540 seconds
199.691: Application time: 0.0697150 seconds
199.691: [GC199.691: [ParNew: 303271K->1096K(339904K), 0.0014580 secs] 757897K->455721K(1095044K), 0.0014940 secs] [Times: user=0.01 sys=0.00, real=0.00 secs] 
199.693: Total time for which application threads were stopped: 0.0019550 seconds, Stopping threads took: 0.0000600 seconds
199.762: Application time: 0.0691260 seconds
199.764: [GC199.764: [ParNew: 303240K->1056K(339904K), 0.0014280 secs] 757865K->455689K(1095044K), 0.0014640 secs] [Times: user=0.01 sys=0.00, real=0.00 secs] 
199.765: Total time for which application threads were stopped: 0.0033540 seconds, Stopping threads took: 0.0014770 seconds
199.834: Application time: 0.0691490 seconds
199.835: [GC199.835: [ParNew: 303200K->1179K(339904K), 0.0014490 secs] 757833K->455821K(1095044K), 0.0014840 secs] [Times: user=0.01 sys=0.00, real=0.00 secs] 
199.836: Total time for which application threads were stopped: 0.0019580 seconds, Stopping threads took: 0.0000710 seconds
199.905: Application time: 0.0687710 seconds
199.905: [GC199.905: [ParNew: 303323K->1054K(339904K), 0.0014170 secs] 757965K->455696K(1095044K), 0.0014530 secs] [Times: user=0.01 sys=0.00, real=0.00 secs] 
199.907: Total time for which application threads were stopped: 0.0019050 seconds, Stopping threads took: 0.0000570 seconds
199.976: Application time: 0.0688730 seconds
199.976: [GC199.976: [ParNew: 303198K->1047K(339904K), 0.0014180 secs] 757840K->455697K(1095044K), 0.0014530 secs] [Times: user=0.01 sys=0.00, real=0.00 secs] 
199.978: Total time for which application threads were stopped: 0.0019040 seconds, Stopping threads took: 0.0000520 seconds
200.047: Application time: 0.0689340 seconds
200.048: [GC200.048: [ParNew: 303191K->1303K(339904K), 0.0014280 secs] 757841K->455961K(1095044K), 0.0014620 secs] [Times: user=0.01 sys=0.00, real=0.00 secs] 
200.049: Total time for which application threads were stopped: 0.0024640 seconds, Stopping threads took: 0.0006050 seconds
200.118: Application time: 0.0687140 seconds
200.118: [GC200.118: [ParNew: 303447K->1275K(339904K), 0.0015170 secs] 758105K->455933K(1095044K), 0.0015520 secs] [Times: user=0.01 sys=0.00, real=0.01 secs] 
200.120: Total time for which application threads were stopped: 0.0020030 seconds, Stopping threads took: 0.0000530 seconds
200.189: Application time: 0.0687610 seconds
200.189: [GC200.189: [ParNew: 303419K->1383K(339904K), 0.0014540 secs] 758077K->456040K(1095044K), 0.0014890 secs] [Times: user=0.01 sys=0.00, real=0.00 secs] 
200.191: Total time for which application threads were stopped: 0.0019430 seconds, Stopping threads took: 0.0000570 seconds
200.261: Application time: 0.0702650 seconds
200.261: [GC200.261: [ParNew: 303527K->1066K(339904K), 0.0014300 secs] 758184K->455724K(1095044K), 0.0014660 secs] [Times: user=0.01 sys=0.00, real=0.00 secs] 
200.263: Total time for which application threads were stopped: 0.0019220 seconds, Stopping threads took: 0.0000670 seconds
200.332: Application time: 0.0687930 seconds
200.332: [GC200.332: [ParNew: 303210K->1085K(339904K), 0.0013900 secs] 757868K->455743K(1095044K), 0.0014260 secs] [Times: user=0.01 sys=0.00, real=0.00 secs] 
200.333: Total time for which application threads were stopped: 0.0018630 seconds, Stopping threads took: 0.0000430 seconds
200.402: Application time: 0.0690730 seconds
200.403: [GC200.403: [ParNew: 303229K->1216K(339904K), 0.0014230 secs] 757887K->455882K(1095044K), 0.0014590 secs] [Times: user=0.01 sys=0.00, real=0.00 secs] 
200.404: Total time for which application threads were stopped: 0.0019110 seconds, Stopping threads took: 0.0000580 seconds
200.474: Application time: 0.0693370 seconds
200.476: [GC200.476: [ParNew: 303360K->1221K(339904K), 0.0015740 secs] 758026K->455895K(1095044K), 0.0016070 secs] [Times: user=0.01 sys=0.00, real=0.00 secs] 
200.477: Total time for which application threads were stopped: 0.0034960 seconds, Stopping threads took: 0.0015350 seconds
200.547: Application time: 0.0701390 seconds
200.551: [GC200.551: [ParNew: 303365K->1001K(339904K), 0.0014830 secs] 758039K->455675K(1095044K), 0.0015170 secs] [Times: user=0.02 sys=0.00, real=0.00 secs] 
200.552: Total time for which application threads were stopped: 0.0047740 seconds, Stopping threads took: 0.0028620 seconds
200.622: Application time: 0.0698830 seconds
200.622: [GC200.622: [ParNew: 303145K->1374K(339904K), 0.0015420 secs] 757819K->456047K(1095044K), 0.0015780 secs] [Times: user=0.01 sys=0.00, real=0.00 secs] 
200.624: Total time for which application threads were stopped: 0.0020140 seconds, Stopping threads took: 0.0000480 seconds
200.695: Application time: 0.0704880 seconds
200.695: [GC200.695: [ParNew: 303518K->1128K(339904K), 0.0014030 secs] 758191K->455810K(1095044K), 0.0014420 secs] [Times: user=0.01 sys=0.00, real=0.00 secs] 
200.696: Total time for which application threads were stopped: 0.0018880 seconds, Stopping threads took: 0.0000540 seconds
200.765: Application time: 0.0689710 seconds
200.766: [GC200.766: [ParNew: 303272K->1189K(339904K), 0.0014610 secs] 757954K->455886K(1095044K), 0.0015160 secs] [Times: user=0.00 sys=0.00, real=0.01 secs] 
200.767: Total time for which application threads were stopped: 0.0019840 seconds, Stopping threads took: 0.0000710 seconds
200.837: Application time: 0.0696550 seconds
200.838: [GC200.838: [ParNew: 303333K->969K(339904K), 0.0014750 secs] 758030K->455667K(1095044K), 0.0015110 secs] [Times: user=0.01 sys=0.00, real=0.00 secs] 
200.839: Total time for which application threads were stopped: 0.0020000 seconds, Stopping threads took: 0.0000700 seconds
200.908: Application time: 0.0692510 seconds
200.909: [GC200.909: [ParNew: 303113K->1035K(339904K), 0.0014560 secs] 757811K->455741K(1095044K), 0.0014920 secs] [Times: user=0.01 sys=0.00, real=0.00 secs] 
200.910: Total time for which application threads were stopped: 0.0019400 seconds, Stopping threads took: 0.0000530 seconds
200.979: Application time: 0.0686600 seconds
200.979: [GC200.979: [ParNew: 303179K->1092K(339904K), 0.0014360 secs] 757885K->455798K(1095044K), 0.0014730 secs] [Times: user=0.01 sys=0.00, real=0.00 secs] 
200.981: Total time for which application threads were stopped: 0.0019320 seconds, Stopping threads took: 0.0000490 seconds
201.050: Application time: 0.0689020 seconds
201.050: [GC201.050: [ParNew: 303236K->1297K(339904K), 0.0015130 secs] 757942K->456019K(1095044K), 0.0015490 secs] [Times: user=0.01 sys=0.00, real=0.00 secs] 
201.052: Total time for which application threads were stopped: 0.0020290 seconds, Stopping threads took: 0.0000730 seconds
201.121: Application time: 0.0694400 seconds
201.122: [GC201.122: [ParNew: 303441K->1162K(339904K), 0.0014480 secs] 758163K->455884K(1095044K), 0.0014840 secs] [Times: user=0.01 sys=0.00, real=0.00 secs] 
201.123: Total time for which application threads were stopped: 0.0019690 seconds, Stopping threads took: 0.0000870 seconds
201.192: Application time: 0.0691520 seconds
201.193: [GC201.193: [ParNew: 303306K->1091K(339904K), 0.0014790 secs] 758028K->455813K(1095044K), 0.0015150 secs] [Times: user=0.01 sys=0.00, real=0.00 secs] 
201.194: Total time for which application threads were stopped: 0.0019670 seconds, Stopping threads took: 0.0000590 seconds
201.264: Application time: 0.0699590 seconds
201.265: [GC201.265: [ParNew: 303235K->1222K(339904K), 0.0015150 secs] 757957K->455944K(1095044K), 0.0015480 secs] [Times: user=0.01 sys=0.00, real=0.00 secs] 
201.266: Total time for which application threads were stopped: 0.0020190 seconds, Stopping threads took: 0.0000670 seconds
201.335: Application time: 0.0686470 seconds
201.335: [GC201.335: [ParNew: 303366K->1335K(339904K), 0.0014280 secs] 758088K->456073K(1095044K), 0.0014620 secs] [Times: user=0.01 sys=0.00, real=0.00 secs] 
201.337: Total time for which application threads were stopped: 0.0019250 seconds, Stopping threads took: 0.0000560 seconds
201.406: Application time: 0.0691000 seconds
201.408: [GC201.408: [ParNew: 303479K->1160K(339904K), 0.0015440 secs] 758217K->455898K(1095044K), 0.0015760 secs] [Times: user=0.01 sys=0.00, real=0.00 secs] 
201.409: Total time for which application threads were stopped: 0.0032810 seconds, Stopping threads took: 0.0012850 seconds
201.478: Application time: 0.0691310 seconds
201.479: [GC201.479: [ParNew: 303304K->1231K(339904K), 0.0016390 secs] 758042K->455969K(1095044K), 0.0016730 secs] [Times: user=0.01 sys=0.00, real=0.01 secs] 
201.481: Total time for which application threads were stopped: 0.0021290 seconds, Stopping threads took: 0.0000590 seconds
201.550: Application time: 0.0691160 seconds
201.550: [GC201.550: [ParNew: 303375K->1147K(339904K), 0.0014380 secs] 758113K->455893K(1095044K), 0.0014740 secs] [Times: user=0.02 sys=0.00, real=0.00 secs] 
201.552: Total time for which application threads were stopped: 0.0019370 seconds, Stopping threads took: 0.0000680 seconds
201.621: Application time: 0.0694840 seconds
201.624: [GC201.624: [ParNew: 303291K->1042K(339904K), 0.0014370 secs] 758037K->455787K(1095044K), 0.0014790 secs] [Times: user=0.01 sys=0.00, real=0.00 secs] 
201.625: Total time for which application threads were stopped: 0.0040520 seconds, Stopping threads took: 0.0021770 seconds
201.694: Application time: 0.0690410 seconds
201.695: [GC201.695: [ParNew: 303186K->1189K(339904K), 0.0014020 secs] 757931K->455943K(1095044K), 0.0014380 secs] [Times: user=0.01 sys=0.00, real=0.00 secs] 
201.696: Total time for which application threads were stopped: 0.0018920 seconds, Stopping threads took: 0.0000610 seconds
201.765: Application time: 0.0692190 seconds
201.766: [GC201.766: [ParNew: 303333K->1262K(339904K), 0.0015290 secs] 758087K->456024K(1095044K), 0.0015640 secs] [Times: user=0.01 sys=0.00, real=0.01 secs] 
201.767: Total time for which application threads were stopped: 0.0020220 seconds, Stopping threads took: 0.0000600 seconds
201.836: Application time: 0.0687920 seconds
201.837: [GC201.837: [ParNew: 303406K->1334K(339904K), 0.0014150 secs] 758168K->456095K(1095044K), 0.0014510 secs] [Times: user=0.01 sys=0.00, real=0.00 secs] 
201.838: Total time for which application threads were stopped: 0.0018890 seconds, Stopping threads took: 0.0000460 seconds
201.907: Application time: 0.0688640 seconds
201.907: [GC201.907: [ParNew: 303478K->1304K(339904K), 0.0014800 secs] 758239K->456074K(1095044K), 0.0015150 secs] [Times: user=0.01 sys=0.00, real=0.00 secs] 
201.909: Total time for which application threads were stopped: 0.0019720 seconds, Stopping threads took: 0.0000490 seconds
201.977: Application time: 0.0685500 seconds
201.978: [GC201.978: [ParNew: 303448K->1139K(339904K), 0.0014410 secs] 758218K->455925K(1095044K), 0.0014770 secs] [Times: user=0.01 sys=0.00, real=0.01 secs] 
201.979: Total time for which application threads were stopped: 0.0019460 seconds, Stopping threads took: 0.0000510 seconds
202.049: Application time: 0.0693930 seconds
202.049: [GC202.049: [ParNew: 303283K->1120K(339904K), 0.0013970 secs] 758069K->455905K(1095044K), 0.0014310 secs] [Times: user=0.01 sys=0.00, real=0.00 secs] 
202.051: Total time for which application threads were stopped: 0.0018710 seconds, Stopping threads took: 0.0000580 seconds
202.119: Application time: 0.0687230 seconds
202.120: [GC202.120: [ParNew: 303264K->956K(339904K), 0.0013740 secs] 758049K->455742K(1095044K), 0.0014100 secs] [Times: user=0.01 sys=0.00, real=0.00 secs] 
202.121: Total time for which application threads were stopped: 0.0018490 seconds, Stopping threads took: 0.0000450 seconds
202.190: Application time: 0.0691340 seconds
202.191: [GC202.191: [ParNew: 303100K->1125K(339904K), 0.0013830 secs] 757886K->455918K(1095044K), 0.0014170 secs] [Times: user=0.01 sys=0.00, real=0.00 secs] 
202.192: Total time for which application threads were stopped: 0.0018530 seconds, Stopping threads took: 0.0000440 seconds
202.262: Application time: 0.0699320 seconds
202.263: [GC202.263: [ParNew: 303269K->1045K(339904K), 0.0015360 secs] 758062K->455855K(1095044K), 0.0015700 secs] [Times: user=0.01 sys=0.00, real=0.00 secs] 
202.264: Total time for which application threads were stopped: 0.0020210 seconds, Stopping threads took: 0.0000560 seconds
202.333: Application time: 0.0689700 seconds
202.334: [GC202.334: [ParNew: 303189K->1129K(339904K), 0.0016390 secs] 757999K->455939K(1095044K), 0.0016720 secs] [Times: user=0.00 sys=0.00, real=0.00 secs] 
202.335: Total time for which application threads were stopped: 0.0021380 seconds, Stopping threads took: 0.0000670 seconds
202.404: Application time: 0.0690110 seconds
202.405: [GC202.405: [ParNew: 303273K->1119K(339904K), 0.0015220 secs] 758083K->455928K(1095044K), 0.0015570 secs] [Times: user=0.01 sys=0.01, real=0.00 secs] 
202.406: Total time for which application threads were stopped: 0.0019890 seconds, Stopping threads took: 0.0000610 seconds
202.475: Application time: 0.0688560 seconds
202.480: [GC202.480: [ParNew: 303263K->1226K(339904K), 0.0014950 secs] 758072K->456051K(1095044K), 0.0015250 secs] [Times: user=0.01 sys=0.00, real=0.00 secs] 
202.481: Total time for which application threads were stopped: 0.0060740 seconds, Stopping threads took: 0.0041380 seconds
202.552: Application time: 0.0710010 seconds
202.553: [GC202.553: [ParNew: 303370K->1221K(339904K), 0.0014570 secs] 758195K->456047K(1095044K), 0.0015040 secs] [Times: user=0.01 sys=0.00, real=0.00 secs] 
202.554: Total time for which application threads were stopped: 0.0019470 seconds, Stopping threads took: 0.0000510 seconds
202.623: Application time: 0.0688010 seconds
202.623: [GC202.623: [ParNew: 303365K->1357K(339904K), 0.0014690 secs] 758191K->456190K(1095044K), 0.0015050 secs] [Times: user=0.01 sys=0.00, real=0.00 secs] 
202.625: Total time for which application threads were stopped: 0.0019700 seconds, Stopping threads took: 0.0000600 seconds
202.694: Application time: 0.0686330 seconds
202.694: [GC202.694: [ParNew: 303501K->1281K(339904K), 0.0014430 secs] 758334K->456123K(1095044K), 0.0014780 secs] [Times: user=0.01 sys=0.00, real=0.00 secs] 
202.696: Total time for which application threads were stopped: 0.0019420 seconds, Stopping threads took: 0.0000650 seconds
202.697: Application time: 0.0009950 seconds
202.697: Total time for which application threads were stopped: 0.0003580 seconds, Stopping threads took: 0.0000500 seconds
202.765: Application time: 0.0679560 seconds
202.765: [GC202.765: [ParNew: 303425K->1238K(339904K), 0.0015160 secs] 758267K->456080K(1095044K), 0.0015540 secs] [Times: user=0.01 sys=0.00, real=0.00 secs] 
202.767: Total time for which application threads were stopped: 0.0020060 seconds, Stopping threads took: 0.0000590 seconds
202.836: Application time: 0.0688100 seconds
202.836: [GC202.836: [ParNew: 303382K->1412K(339904K), 0.0014990 secs] 758224K->456261K(1095044K), 0.0015340 secs] [Times: user=0.01 sys=0.00, real=0.00 secs] 
202.838: Total time for which application threads were stopped: 0.0019970 seconds, Stopping threads took: 0.0000550 seconds
202.907: Application time: 0.0689900 seconds
202.907: [GC202.907: [ParNew: 303556K->1282K(339904K), 0.0014330 secs] 758405K->456132K(1095044K), 0.0014680 secs] [Times: user=0.01 sys=0.00, real=0.01 secs] 
202.909: Total time for which application threads were stopped: 0.0019210 seconds, Stopping threads took: 0.0000540 seconds
202.979: Application time: 0.0701700 seconds
202.979: [GC202.979: [ParNew: 303426K->1160K(339904K), 0.0014110 secs] 758276K->456017K(1095044K), 0.0014460 secs] [Times: user=0.00 sys=0.00, real=0.01 secs] 
202.981: Total time for which application threads were stopped: 0.0018920 seconds, Stopping threads took: 0.0000540 seconds
203.049: Application time: 0.0684490 seconds
203.050: [GC203.050: [ParNew: 303304K->1041K(339904K), 0.0013580 secs] 758161K->455899K(1095044K), 0.0013930 secs] [Times: user=0.01 sys=0.00, real=0.00 secs] 
203.051: Total time for which application threads were stopped: 0.0018710 seconds, Stopping threads took: 0.0000640 seconds
203.119: Application time: 0.0684040 seconds
203.120: [GC203.120: [ParNew: 303185K->1146K(339904K), 0.0014410 secs] 758043K->456020K(1095044K), 0.0014740 secs] [Times: user=0.01 sys=0.00, real=0.00 secs] 
203.121: Total time for which application threads were stopped: 0.0019170 seconds, Stopping threads took: 0.0000480 seconds
203.191: Application time: 0.0696740 seconds
203.191: [GC203.191: [ParNew: 303290K->1239K(339904K), 0.0014620 secs] 758164K->456112K(1095044K), 0.0014990 secs] [Times: user=0.01 sys=0.00, real=0.00 secs] 
203.193: Total time for which application threads were stopped: 0.0019740 seconds, Stopping threads took: 0.0000670 seconds
203.263: Application time: 0.0703930 seconds
203.264: [GC203.264: [ParNew: 303383K->1329K(339904K), 0.0016170 secs] 758256K->456203K(1095044K), 0.0016520 secs] [Times: user=0.01 sys=0.00, real=0.00 secs] 
203.265: Total time for which application threads were stopped: 0.0021060 seconds, Stopping threads took: 0.0000590 seconds
203.335: Application time: 0.0690860 seconds
203.335: [GC203.335: [ParNew: 303473K->1261K(339904K), 0.0015760 secs] 758347K->456135K(1095044K), 0.0016120 secs] [Times: user=0.01 sys=0.00, real=0.00 secs] 
203.337: Total time for which application threads were stopped: 0.0020680 seconds, Stopping threads took: 0.0000580 seconds
203.406: Application time: 0.0691290 seconds
203.406: [GC203.406: [ParNew: 303405K->1537K(339904K), 0.0016350 secs] 758279K->456426K(1095044K), 0.0016790 secs] [Times: user=0.01 sys=0.00, real=0.01 secs] 
203.408: Total time for which application threads were stopped: 0.0021000 seconds, Stopping threads took: 0.0000620 seconds
203.477: Application time: 0.0690100 seconds
203.477: [GC203.477: [ParNew: 303681K->1339K(339904K), 0.0025820 secs] 758570K->456229K(1095044K), 0.0026150 secs] [Times: user=0.02 sys=0.00, real=0.01 secs] 
203.480: Total time for which application threads were stopped: 0.0030880 seconds, Stopping threads took: 0.0000740 seconds
203.549: Application time: 0.0693070 seconds
203.550: [GC203.550: [ParNew: 303483K->1341K(339904K), 0.0015430 secs] 758373K->456231K(1095044K), 0.0015800 secs] [Times: user=0.01 sys=0.00, real=0.00 secs] 
203.551: Total time for which application threads were stopped: 0.0020150 seconds, Stopping threads took: 0.0000750 seconds
203.620: Application time: 0.0689980 seconds
203.621: [GC203.621: [ParNew: 303485K->1214K(339904K), 0.0015930 secs] 758375K->456232K(1095044K), 0.0016300 secs] [Times: user=0.01 sys=0.00, real=0.00 secs] 
203.622: Total time for which application threads were stopped: 0.0020680 seconds, Stopping threads took: 0.0000540 seconds
203.691: Application time: 0.0687450 seconds
203.692: [GC203.692: [ParNew: 303358K->1329K(339904K), 0.0015360 secs] 758376K->456354K(1095044K), 0.0015710 secs] [Times: user=0.01 sys=0.00, real=0.00 secs] 
203.693: Total time for which application threads were stopped: 0.0020310 seconds, Stopping threads took: 0.0000540 seconds
203.761: Application time: 0.0683660 seconds
203.762: [GC203.762: [ParNew: 303473K->1131K(339904K), 0.0015220 secs] 758498K->456157K(1095044K), 0.0015570 secs] [Times: user=0.01 sys=0.00, real=0.00 secs] 
203.764: Total time for which application threads were stopped: 0.0020140 seconds, Stopping threads took: 0.0000590 seconds
203.833: Application time: 0.0691570 seconds
203.833: [GC203.833: [ParNew: 303275K->1303K(339904K), 0.0014810 secs] 758301K->456337K(1095044K), 0.0015150 secs] [Times: user=0.01 sys=0.00, real=0.00 secs] 
203.835: Total time for which application threads were stopped: 0.0019470 seconds, Stopping threads took: 0.0000410 seconds
203.904: Application time: 0.0697060 seconds
203.905: [GC203.905: [ParNew: 303447K->1069K(339904K), 0.0015330 secs] 758481K->456110K(1095044K), 0.0015690 secs] [Times: user=0.01 sys=0.00, real=0.00 secs] 
203.906: Total time for which application threads were stopped: 0.0020150 seconds, Stopping threads took: 0.0000500 seconds
203.976: Application time: 0.0691750 seconds
203.976: [GC203.976: [ParNew: 303213K->977K(339904K), 0.0014840 secs] 758254K->456018K(1095044K), 0.0015160 secs] [Times: user=0.01 sys=0.00, real=0.00 secs] 
203.978: Total time for which application threads were stopped: 0.0019650 seconds, Stopping threads took: 0.0000430 seconds
204.047: Application time: 0.0691360 seconds
204.047: [GC204.047: [ParNew: 303121K->1234K(339904K), 0.0014540 secs] 758162K->456283K(1095044K), 0.0014880 secs] [Times: user=0.01 sys=0.00, real=0.01 secs] 
204.049: Total time for which application threads were stopped: 0.0019310 seconds, Stopping threads took: 0.0000470 seconds
204.117: Application time: 0.0689200 seconds
204.118: [GC204.118: [ParNew: 303378K->958K(339904K), 0.0014820 secs] 758427K->456007K(1095044K), 0.0015150 secs] [Times: user=0.01 sys=0.00, real=0.01 secs] 
204.119: Total time for which application threads were stopped: 0.0019640 seconds, Stopping threads took: 0.0000510 seconds
204.189: Application time: 0.0695430 seconds
204.189: [GC204.190: [ParNew: 303102K->1144K(339904K), 0.0014490 secs] 758151K->456193K(1095044K), 0.0014820 secs] [Times: user=0.01 sys=0.00, real=0.00 secs] 
204.191: Total time for which application threads were stopped: 0.0019730 seconds, Stopping threads took: 0.0000640 seconds
204.261: Application time: 0.0699150 seconds
204.261: [GC204.261: [ParNew: 303288K->1080K(339904K), 0.0017040 secs] 758337K->456130K(1095044K), 0.0017510 secs] [Times: user=0.00 sys=0.00, real=0.00 secs] 
204.263: Total time for which application threads were stopped: 0.0021640 seconds, Stopping threads took: 0.0000500 seconds
204.332: Application time: 0.0689470 seconds
204.332: [GC204.332: [ParNew: 303224K->1359K(339904K), 0.0014220 secs] 758274K->456425K(1095044K), 0.0014580 secs] [Times: user=0.01 sys=0.00, real=0.00 secs] 
204.334: Total time for which application threads were stopped: 0.0019030 seconds, Stopping threads took: 0.0000510 seconds
204.403: Application time: 0.0689530 seconds
204.403: [GC204.403: [ParNew: 303503K->1074K(339904K), 0.0014560 secs] 758569K->456139K(1095044K), 0.0014910 secs] [Times: user=0.01 sys=0.00, real=0.00 secs] 
204.405: Total time for which application threads were stopped: 0.0019470 seconds, Stopping threads took: 0.0000510 seconds
204.473: Application time: 0.0684620 seconds
204.474: [GC204.474: [ParNew: 303218K->1386K(339904K), 0.0016240 secs] 758283K->456451K(1095044K), 0.0016610 secs] [Times: user=0.01 sys=0.00, real=0.00 secs] 
204.475: Total time for which application threads were stopped: 0.0021220 seconds, Stopping threads took: 0.0000700 seconds
204.544: Application time: 0.0688990 seconds
204.545: [GC204.545: [ParNew: 303530K->1247K(339904K), 0.0016560 secs] 758595K->456321K(1095044K), 0.0016930 secs] [Times: user=0.01 sys=0.00, real=0.00 secs] 
204.546: Total time for which application threads were stopped: 0.0021360 seconds, Stopping threads took: 0.0000450 seconds
204.615: Application time: 0.0689690 seconds
204.616: [GC204.616: [ParNew: 303391K->1288K(339904K), 0.0015180 secs] 758465K->456370K(1095044K), 0.0015550 secs] [Times: user=0.01 sys=0.00, real=0.00 secs] 
204.617: Total time for which application threads were stopped: 0.0020090 seconds, Stopping threads took: 0.0000590 seconds
204.686: Application time: 0.0683890 seconds
204.686: [GC204.686: [ParNew: 303432K->1357K(339904K), 0.0014400 secs] 758514K->456438K(1095044K), 0.0014760 secs] [Times: user=0.01 sys=0.00, real=0.01 secs] 
204.688: Total time for which application threads were stopped: 0.0019310 seconds, Stopping threads took: 0.0000570 seconds
204.758: Application time: 0.0706860 seconds
204.759: [GC204.759: [ParNew: 303501K->1041K(339904K), 0.0014630 secs] 758582K->456130K(1095044K), 0.0014990 secs] [Times: user=0.01 sys=0.00, real=0.01 secs] 
204.760: Total time for which application threads were stopped: 0.0019740 seconds, Stopping threads took: 0.0000600 seconds
204.829: Application time: 0.0685750 seconds
204.832: [GC204.832: [ParNew: 303185K->1028K(339904K), 0.0013630 secs] 758274K->456117K(1095044K), 0.0013990 secs] [Times: user=0.01 sys=0.00, real=0.00 secs] 
204.833: Total time for which application threads were stopped: 0.0040510 seconds, Stopping threads took: 0.0022580 seconds
204.902: Application time: 0.0685600 seconds
204.902: [GC204.902: [ParNew: 303172K->1211K(339904K), 0.0015650 secs] 758261K->456309K(1095044K), 0.0015990 secs] [Times: user=0.01 sys=0.00, real=0.00 secs] 
204.904: Total time for which application threads were stopped: 0.0020520 seconds, Stopping threads took: 0.0000570 seconds
204.972: Application time: 0.0687140 seconds
204.973: [GC204.973: [ParNew: 303355K->1082K(339904K), 0.0015350 secs] 758453K->456188K(1095044K), 0.0015680 secs] [Times: user=0.01 sys=0.00, real=0.00 secs] 
204.974: Total time for which application threads were stopped: 0.0020290 seconds, Stopping threads took: 0.0000560 seconds
205.044: Application time: 0.0691350 seconds
205.044: [GC205.044: [ParNew: 303226K->1051K(339904K), 0.0014500 secs] 758332K->456156K(1095044K), 0.0014840 secs] [Times: user=0.01 sys=0.00, real=0.00 secs] 
205.046: Total time for which application threads were stopped: 0.0019370 seconds, Stopping threads took: 0.0000580 seconds
205.114: Application time: 0.0689500 seconds
205.115: [GC205.115: [ParNew: 303195K->1052K(339904K), 0.0014300 secs] 758300K->456157K(1095044K), 0.0014660 secs] [Times: user=0.01 sys=0.00, real=0.00 secs] 
205.116: Total time for which application threads were stopped: 0.0019590 seconds, Stopping threads took: 0.0000870 seconds
205.185: Application time: 0.0684820 seconds
205.185: [GC205.185: [ParNew: 303196K->1080K(339904K), 0.0014670 secs] 758301K->456194K(1095044K), 0.0015000 secs] [Times: user=0.01 sys=0.00, real=0.00 secs] 
205.187: Total time for which application threads were stopped: 0.0019470 seconds, Stopping threads took: 0.0000500 seconds
205.256: Application time: 0.0693590 seconds
205.260: [GC205.260: [ParNew: 303224K->1227K(339904K), 0.0014380 secs] 758338K->456340K(1095044K), 0.0014700 secs] [Times: user=0.01 sys=0.00, real=0.00 secs] 
205.261: Total time for which application threads were stopped: 0.0049170 seconds, Stopping threads took: 0.0030340 seconds
205.330: Application time: 0.0690400 seconds
205.331: [GC205.331: [ParNew: 303371K->1478K(339904K), 0.0016170 secs] 758484K->456592K(1095044K), 0.0016540 secs] [Times: user=0.01 sys=0.00, real=0.00 secs] 
205.332: Total time for which application threads were stopped: 0.0020910 seconds, Stopping threads took: 0.0000810 seconds
205.401: Application time: 0.0687960 seconds
205.402: [GC205.402: [ParNew: 303622K->1293K(339904K), 0.0014950 secs] 758736K->456407K(1095044K), 0.0015300 secs] [Times: user=0.01 sys=0.00, real=0.00 secs] 
205.403: Total time for which application threads were stopped: 0.0019900 seconds, Stopping threads took: 0.0000650 seconds
205.472: Application time: 0.0687370 seconds
205.472: [GC205.472: [ParNew: 303437K->1432K(339904K), 0.0014430 secs] 758551K->456554K(1095044K), 0.0014790 secs] [Times: user=0.01 sys=0.00, real=0.00 secs] 
205.474: Total time for which application threads were stopped: 0.0019250 seconds, Stopping threads took: 0.0000490 seconds
205.542: Application time: 0.0686160 seconds
205.543: [GC205.543: [ParNew: 303576K->1410K(339904K), 0.0014860 secs] 758698K->456532K(1095044K), 0.0015190 secs] [Times: user=0.01 sys=0.00, real=0.00 secs] 
205.544: Total time for which application threads were stopped: 0.0019910 seconds, Stopping threads took: 0.0000540 seconds
205.614: Application time: 0.0692160 seconds
205.616: [GC205.616: [ParNew: 303554K->1259K(339904K), 0.0015800 secs] 758676K->456388K(1095044K), 0.0016140 secs] [Times: user=0.01 sys=0.00, real=0.00 secs] 
205.617: Total time for which application threads were stopped: 0.0037260 seconds, Stopping threads took: 0.0017090 seconds
205.681: Application time: 0.0637820 seconds
205.684: Total time for which application threads were stopped: 0.0025810 seconds, Stopping threads took: 0.0022080 seconds
205.694: Application time: 0.0104040 seconds
205.696: [GC205.696: [ParNew: 303403K->1062K(339904K), 0.0015400 secs] 758532K->456199K(1095044K), 0.0015750 secs] [Times: user=0.01 sys=0.00, real=0.00 secs] 
205.697: Total time for which application threads were stopped: 0.0031620 seconds, Stopping threads took: 0.0011990 seconds
205.766: Application time: 0.0687070 seconds
205.768: [GC205.768: [ParNew: 303206K->1057K(339904K), 0.0015010 secs] 758343K->456194K(1095044K), 0.0015360 secs] [Times: user=0.02 sys=0.00, real=0.00 secs] 
205.769: Total time for which application threads were stopped: 0.0032340 seconds, Stopping threads took: 0.0013140 seconds
205.838: Application time: 0.0692770 seconds
205.839: [GC205.839: [ParNew: 303201K->1056K(339904K), 0.0014500 secs] 758338K->456201K(1095044K), 0.0014840 secs] [Times: user=0.01 sys=0.00, real=0.01 secs] 
205.840: Total time for which application threads were stopped: 0.0019560 seconds, Stopping threads took: 0.0000710 seconds
205.909: Application time: 0.0687940 seconds
205.912: [GC205.912: [ParNew: 303200K->1189K(339904K), 0.0014650 secs] 758345K->456343K(1095044K), 0.0014990 secs] [Times: user=0.01 sys=0.00, real=0.00 secs] 
205.913: Total time for which application threads were stopped: 0.0039410 seconds, Stopping threads took: 0.0020470 seconds
205.982: Application time: 0.0685890 seconds
205.982: [GC205.982: [ParNew: 303333K->1266K(339904K), 0.0014400 secs] 758487K->456419K(1095044K), 0.0014760 secs] [Times: user=0.01 sys=0.00, real=0.00 secs] 
205.984: Total time for which application threads were stopped: 0.0019470 seconds, Stopping threads took: 0.0000580 seconds
206.052: Application time: 0.0686810 seconds
206.053: [GC206.053: [ParNew: 303410K->1140K(339904K), 0.0014100 secs] 758563K->456294K(1095044K), 0.0014460 secs] [Times: user=0.01 sys=0.00, real=0.00 secs] 
206.054: Total time for which application threads were stopped: 0.0018910 seconds, Stopping threads took: 0.0000520 seconds
206.123: Application time: 0.0683680 seconds
206.123: [GC206.123: [ParNew: 303284K->1244K(339904K), 0.0014520 secs] 758438K->456414K(1095044K), 0.0014900 secs] [Times: user=0.01 sys=0.00, real=0.00 secs] 
206.125: Total time for which application threads were stopped: 0.0019450 seconds, Stopping threads took: 0.0000560 seconds
206.193: Application time: 0.0683890 seconds
206.196: [GC206.196: [ParNew: 303388K->1283K(339904K), 0.0020710 secs] 758558K->456453K(1095044K), 0.0021110 secs] [Times: user=0.01 sys=0.00, real=0.00 secs] 
206.198: Total time for which application threads were stopped: 0.0049080 seconds, Stopping threads took: 0.0022990 seconds
206.268: Application time: 0.0697370 seconds
206.268: [GC206.268: [ParNew: 303427K->1377K(339904K), 0.0016000 secs] 758597K->456546K(1095044K), 0.0016350 secs] [Times: user=0.01 sys=0.00, real=0.00 secs] 
206.270: Total time for which application threads were stopped: 0.0021090 seconds, Stopping threads took: 0.0000720 seconds
206.339: Application time: 0.0690670 seconds
206.339: [GC206.339: [ParNew: 303521K->1482K(339904K), 0.0014610 secs] 758690K->456651K(1095044K), 0.0014990 secs] [Times: user=0.01 sys=0.00, real=0.00 secs] 
206.341: Total time for which application threads were stopped: 0.0019960 seconds, Stopping threads took: 0.0000720 seconds
206.410: Application time: 0.0690870 seconds
206.410: [GC206.410: [ParNew: 303626K->1358K(339904K), 0.0014960 secs] 758795K->456528K(1095044K), 0.0015350 secs] [Times: user=0.02 sys=0.00, real=0.00 secs] 
206.412: Total time for which application threads were stopped: 0.0019920 seconds, Stopping threads took: 0.0000610 seconds
206.481: Application time: 0.0686020 seconds
206.481: [GC206.481: [ParNew: 303502K->1393K(339904K), 0.0014930 secs] 758672K->456571K(1095044K), 0.0015290 secs] [Times: user=0.01 sys=0.00, real=0.00 secs] 
206.483: Total time for which application threads were stopped: 0.0019800 seconds, Stopping threads took: 0.0000540 seconds
206.552: Application time: 0.0692290 seconds
206.552: [GC206.552: [ParNew: 303537K->1237K(339904K), 0.0017030 secs] 758715K->456423K(1095044K), 0.0017390 secs] [Times: user=0.01 sys=0.00, real=0.00 secs] 
206.554: Total time for which application threads were stopped: 0.0021650 seconds, Stopping threads took: 0.0000530 seconds
206.624: Application time: 0.0705300 seconds
206.625: [GC206.625: [ParNew: 303381K->1182K(339904K), 0.0014720 secs] 758567K->456368K(1095044K), 0.0015090 secs] [Times: user=0.01 sys=0.00, real=0.00 secs] 
206.626: Total time for which application threads were stopped: 0.0019610 seconds, Stopping threads took: 0.0000600 seconds
206.695: Application time: 0.0689380 seconds
206.700: [GC206.700: [ParNew: 303326K->1082K(339904K), 0.0014230 secs] 758512K->456275K(1095044K), 0.0014580 secs] [Times: user=0.01 sys=0.00, real=0.00 secs] 
206.701: Total time for which application threads were stopped: 0.0057590 seconds, Stopping threads took: 0.0039360 seconds
206.770: Application time: 0.0688980 seconds
206.770: [GC206.770: [ParNew: 303226K->1158K(339904K), 0.0015040 secs] 758419K->456520K(1095044K), 0.0015420 secs] [Times: user=0.01 sys=0.00, real=0.00 secs] 
206.772: Total time for which application threads were stopped: 0.0019990 seconds, Stopping threads took: 0.0000620 seconds
206.841: Application time: 0.0689890 seconds
206.841: [GC206.841: [ParNew: 303302K->1094K(339904K), 0.0013870 secs] 758664K->456456K(1095044K), 0.0014210 secs] [Times: user=0.01 sys=0.00, real=0.00 secs] 
206.843: Total time for which application threads were stopped: 0.0018960 seconds, Stopping threads took: 0.0000590 seconds
206.912: Application time: 0.0688730 seconds
206.912: [GC206.912: [ParNew: 303238K->1050K(339904K), 0.0013930 secs] 758600K->456412K(1095044K), 0.0014360 secs] [Times: user=0.01 sys=0.00, real=0.00 secs] 
206.914: Total time for which application threads were stopped: 0.0018830 seconds, Stopping threads took: 0.0000520 seconds
206.982: Application time: 0.0686900 seconds
206.983: [GC206.983: [ParNew: 303194K->1192K(339904K), 0.0015930 secs] 758556K->456553K(1095044K), 0.0016300 secs] [Times: user=0.01 sys=0.00, real=0.00 secs] 
206.984: Total time for which application threads were stopped: 0.0020740 seconds, Stopping threads took: 0.0000530 seconds
207.053: Application time: 0.0685710 seconds
207.053: [GC207.053: [ParNew: 303336K->1160K(339904K), 0.0014090 secs] 758697K->456529K(1095044K), 0.0014440 secs] [Times: user=0.01 sys=0.00, real=0.00 secs] 
207.055: Total time for which application threads were stopped: 0.0018920 seconds, Stopping threads took: 0.0000560 seconds
207.124: Application time: 0.0689630 seconds
207.124: [GC207.124: [ParNew: 303304K->1322K(339904K), 0.0014440 secs] 758673K->456692K(1095044K), 0.0014780 secs] [Times: user=0.01 sys=0.00, real=0.00 secs] 
207.126: Total time for which application threads were stopped: 0.0019250 seconds, Stopping threads took: 0.0000540 seconds
207.195: Application time: 0.0689220 seconds
207.196: [GC207.196: [ParNew: 303466K->1200K(339904K), 0.0018660 secs] 758836K->456569K(1095044K), 0.0019050 secs] [Times: user=0.01 sys=0.00, real=0.00 secs] 
207.198: Total time for which application threads were stopped: 0.0029700 seconds, Stopping threads took: 0.0005640 seconds
207.267: Application time: 0.0695950 seconds
207.268: [GC207.268: [ParNew: 303344K->1288K(339904K), 0.0014680 secs] 758713K->456658K(1095044K), 0.0015060 secs] [Times: user=0.01 sys=0.00, real=0.00 secs] 
207.269: Total time for which application threads were stopped: 0.0019680 seconds, Stopping threads took: 0.0000710 seconds
207.338: Application time: 0.0688720 seconds
207.339: [GC207.339: [ParNew: 303432K->1323K(339904K), 0.0014230 secs] 758802K->456693K(1095044K), 0.0014580 secs] [Times: user=0.01 sys=0.00, real=0.01 secs] 
207.340: Total time for which application threads were stopped: 0.0019090 seconds, Stopping threads took: 0.0000590 seconds
207.409: Application time: 0.0687270 seconds
207.409: [GC207.409: [ParNew: 303467K->1230K(339904K), 0.0015810 secs] 758837K->456607K(1095044K), 0.0016180 secs] [Times: user=0.01 sys=0.00, real=0.00 secs] 
207.411: Total time for which application threads were stopped: 0.0020930 seconds, Stopping threads took: 0.0000580 seconds
207.481: Application time: 0.0697860 seconds
207.481: [GC207.481: [ParNew: 303374K->1144K(339904K), 0.0014300 secs] 758751K->456529K(1095044K), 0.0014640 secs] [Times: user=0.01 sys=0.00, real=0.00 secs] 
207.483: Total time for which application threads were stopped: 0.0019160 seconds, Stopping threads took: 0.0000680 seconds
207.552: Application time: 0.0695750 seconds
207.553: [GC207.553: [ParNew: 303288K->857K(339904K), 0.0014270 secs] 758673K->456242K(1095044K), 0.0014620 secs] [Times: user=0.01 sys=0.00, real=0.00 secs] 
207.554: Total time for which application threads were stopped: 0.0019180 seconds, Stopping threads took: 0.0000680 seconds
207.623: Application time: 0.0690640 seconds
207.624: [GC207.624: [ParNew: 303001K->1077K(339904K), 0.0016690 secs] 758386K->456471K(1095044K), 0.0017060 secs] [Times: user=0.01 sys=0.00, real=0.00 secs] 
207.625: Total time for which application threads were stopped: 0.0021380 seconds, Stopping threads took: 0.0000550 seconds
207.694: Application time: 0.0690390 seconds
207.695: [GC207.695: [ParNew: 303221K->1120K(339904K), 0.0013980 secs] 758615K->456521K(1095044K), 0.0014330 secs] [Times: user=0.01 sys=0.00, real=0.00 secs] 
207.696: Total time for which application threads were stopped: 0.0018800 seconds, Stopping threads took: 0.0000560 seconds
207.765: Application time: 0.0691970 seconds
207.766: [GC207.766: [ParNew: 303264K->1059K(339904K), 0.0016230 secs] 758665K->456469K(1095044K), 0.0016550 secs] [Times: user=0.01 sys=0.00, real=0.01 secs] 
207.768: Total time for which application threads were stopped: 0.0021230 seconds, Stopping threads took: 0.0000630 seconds
207.837: Application time: 0.0690250 seconds
207.840: [GC207.840: [ParNew: 303203K->1119K(339904K), 0.0014350 secs] 758613K->456529K(1095044K), 0.0014680 secs] [Times: user=0.01 sys=0.00, real=0.00 secs] 
207.841: Total time for which application threads were stopped: 0.0045460 seconds, Stopping threads took: 0.0027010 seconds
207.910: Application time: 0.0685090 seconds
207.910: [GC207.910: [ParNew: 303263K->1140K(339904K), 0.0014160 secs] 758673K->456565K(1095044K), 0.0014540 secs] [Times: user=0.01 sys=0.00, real=0.00 secs] 
207.912: Total time for which application threads were stopped: 0.0019350 seconds, Stopping threads took: 0.0000520 seconds
207.980: Application time: 0.0685560 seconds
207.981: [GC207.981: [ParNew: 303284K->1288K(339904K), 0.0014210 secs] 758709K->456714K(1095044K), 0.0014560 secs] [Times: user=0.01 sys=0.00, real=0.00 secs] 
207.982: Total time for which application threads were stopped: 0.0019050 seconds, Stopping threads took: 0.0000500 seconds
208.051: Application time: 0.0686070 seconds
208.051: [GC208.051: [ParNew: 303432K->1386K(339904K), 0.0014420 secs] 758858K->456812K(1095044K), 0.0014790 secs] [Times: user=0.01 sys=0.00, real=0.00 secs] 
208.053: Total time for which application threads were stopped: 0.0019300 seconds, Stopping threads took: 0.0000580 seconds
208.121: Application time: 0.0686720 seconds
208.124: [GC208.124: [ParNew: 303530K->1368K(339904K), 0.0014710 secs] 758956K->456794K(1095044K), 0.0015060 secs] [Times: user=0.01 sys=0.00, real=0.00 secs] 
208.125: Total time for which application threads were stopped: 0.0039220 seconds, Stopping threads took: 0.0020220 seconds
208.194: Application time: 0.0689590 seconds
208.196: [GC208.196: [ParNew: 303512K->1305K(339904K), 0.0018370 secs] 758938K->456730K(1095044K), 0.0018800 secs] [Times: user=0.02 sys=0.00, real=0.00 secs] 
208.198: Total time for which application threads were stopped: 0.0035240 seconds, Stopping threads took: 0.0011560 seconds
208.267: Application time: 0.0692190 seconds
208.272: [GC208.272: [ParNew: 303449K->1339K(339904K), 0.0016410 secs] 758874K->456765K(1095044K), 0.0016750 secs] [Times: user=0.01 sys=0.00, real=0.00 secs] 
208.273: Total time for which application threads were stopped: 0.0064630 seconds, Stopping threads took: 0.0043940 seconds
208.342: Application time: 0.0689540 seconds
208.343: [GC208.343: [ParNew: 303483K->1383K(339904K), 0.0015330 secs] 758909K->456825K(1095044K), 0.0015710 secs] [Times: user=0.01 sys=0.00, real=0.00 secs] 
208.344: Total time for which application threads were stopped: 0.0020510 seconds, Stopping threads took: 0.0000840 seconds
208.414: Application time: 0.0693310 seconds
208.414: [GC208.414: [ParNew: 303527K->1284K(339904K), 0.0014830 secs] 758969K->456726K(1095044K), 0.0015170 secs] [Times: user=0.01 sys=0.00, real=0.00 secs] 
208.416: Total time for which application threads were stopped: 0.0020080 seconds, Stopping threads took: 0.0000710 seconds
208.485: Application time: 0.0693570 seconds
208.485: [GC208.486: [ParNew: 303428K->1095K(339904K), 0.0015420 secs] 758870K->456545K(1095044K), 0.0015780 secs] [Times: user=0.01 sys=0.00, real=0.00 secs] 
208.487: Total time for which application threads were stopped: 0.0020210 seconds, Stopping threads took: 0.0000820 seconds
208.556: Application time: 0.0692920 seconds
208.557: [GC208.557: [ParNew: 303239K->1108K(339904K), 0.0015170 secs] 758689K->456565K(1095044K), 0.0015540 secs] [Times: user=0.01 sys=0.00, real=0.00 secs] 
208.558: Total time for which application threads were stopped: 0.0020030 seconds, Stopping threads took: 0.0000870 seconds
208.628: Application time: 0.0694030 seconds
208.628: [GC208.628: [ParNew: 303252K->1136K(339904K), 0.0015190 secs] 758709K->456601K(1095044K), 0.0015550 secs] [Times: user=0.01 sys=0.00, real=0.00 secs] 
208.630: Total time for which application threads were stopped: 0.0019820 seconds, Stopping threads took: 0.0000680 seconds
208.699: Application time: 0.0688290 seconds
208.699: [GC208.699: [ParNew: 303280K->969K(339904K), 0.0014240 secs] 758745K->456443K(1095044K), 0.0014650 secs] [Times: user=0.01 sys=0.00, real=0.01 secs] 
208.701: Total time for which application threads were stopped: 0.0019150 seconds, Stopping threads took: 0.0000550 seconds
208.769: Application time: 0.0685260 seconds
208.770: [GC208.770: [ParNew: 303113K->901K(339904K), 0.0013890 secs] 758587K->456374K(1095044K), 0.0014220 secs] [Times: user=0.01 sys=0.00, real=0.00 secs] 
208.771: Total time for which application threads were stopped: 0.0018830 seconds, Stopping threads took: 0.0000610 seconds
208.839: Application time: 0.0684920 seconds
208.840: [GC208.840: [ParNew: 303045K->957K(339904K), 0.0013960 secs] 758518K->456439K(1095044K), 0.0014310 secs] [Times: user=0.01 sys=0.00, real=0.00 secs] 
208.841: Total time for which application threads were stopped: 0.0018760 seconds, Stopping threads took: 0.0000510 seconds
208.910: Application time: 0.0688490 seconds
208.911: [GC208.911: [ParNew: 303101K->1211K(339904K), 0.0014130 secs] 758583K->456693K(1095044K), 0.0014490 secs] [Times: user=0.01 sys=0.00, real=0.00 secs] 
208.912: Total time for which application threads were stopped: 0.0019040 seconds, Stopping threads took: 0.0000570 seconds
208.981: Application time: 0.0684990 seconds
208.981: [GC208.981: [ParNew: 303355K->1246K(339904K), 0.0014280 secs] 758837K->456728K(1095044K), 0.0014620 secs] [Times: user=0.01 sys=0.00, real=0.00 secs] 
208.983: Total time for which application threads were stopped: 0.0019290 seconds, Stopping threads took: 0.0000450 seconds
209.051: Application time: 0.0687580 seconds
209.052: [GC209.052: [ParNew: 303390K->1348K(339904K), 0.0014420 secs] 758872K->456829K(1095044K), 0.0014780 secs] [Times: user=0.01 sys=0.00, real=0.00 secs] 
209.053: Total time for which application threads were stopped: 0.0019330 seconds, Stopping threads took: 0.0000560 seconds
209.122: Application time: 0.0688390 seconds
209.124: [GC209.124: [ParNew: 303492K->1467K(339904K), 0.0015100 secs] 758973K->456949K(1095044K), 0.0015460 secs] [Times: user=0.01 sys=0.00, real=0.00 secs] 
209.125: Total time for which application threads were stopped: 0.0031610 seconds, Stopping threads took: 0.0012120 seconds
209.194: Application time: 0.0690970 seconds
209.196: [GC209.196: [ParNew: 303611K->1425K(339904K), 0.0018270 secs] 759093K->456907K(1095044K), 0.0018670 secs] [Times: user=0.02 sys=0.00, real=0.00 secs] 
209.198: Total time for which application threads were stopped: 0.0033190 seconds, Stopping threads took: 0.0009610 seconds
209.268: Application time: 0.0704380 seconds
209.269: [GC209.269: [ParNew: 303569K->1420K(339904K), 0.0014600 secs] 759051K->456901K(1095044K), 0.0014950 secs] [Times: user=0.01 sys=0.00, real=0.00 secs] 
209.270: Total time for which application threads were stopped: 0.0019410 seconds, Stopping threads took: 0.0000520 seconds
209.340: Application time: 0.0695310 seconds
209.340: [GC209.340: [ParNew: 303564K->1094K(339904K), 0.0014290 secs] 759045K->456583K(1095044K), 0.0014670 secs] [Times: user=0.01 sys=0.00, real=0.00 secs] 
209.341: Total time for which application threads were stopped: 0.0019270 seconds, Stopping threads took: 0.0000610 seconds
209.410: Application time: 0.0686980 seconds
209.411: [GC209.411: [ParNew: 303238K->1241K(339904K), 0.0013960 secs] 758727K->456739K(1095044K), 0.0014310 secs] [Times: user=0.01 sys=0.00, real=0.00 secs] 
209.412: Total time for which application threads were stopped: 0.0018860 seconds, Stopping threads took: 0.0000560 seconds
209.481: Application time: 0.0686480 seconds
209.481: [GC209.481: [ParNew: 303385K->998K(339904K), 0.0015620 secs] 758883K->456511K(1095044K), 0.0015960 secs] [Times: user=0.01 sys=0.00, real=0.00 secs] 
209.483: Total time for which application threads were stopped: 0.0020420 seconds, Stopping threads took: 0.0000480 seconds
209.552: Application time: 0.0691580 seconds
209.552: [GC209.552: [ParNew: 303142K->852K(339904K), 0.0014140 secs] 758655K->456374K(1095044K), 0.0014550 secs] [Times: user=0.01 sys=0.00, real=0.00 secs] 
209.554: Total time for which application threads were stopped: 0.0019210 seconds, Stopping threads took: 0.0000540 seconds
209.622: Application time: 0.0686220 seconds
209.623: [GC209.623: [ParNew: 302996K->928K(339904K), 0.0014110 secs] 758518K->456449K(1095044K), 0.0014460 secs] [Times: user=0.01 sys=0.00, real=0.00 secs] 
209.624: Total time for which application threads were stopped: 0.0019070 seconds, Stopping threads took: 0.0000600 seconds
209.693: Application time: 0.0689410 seconds
209.694: [GC209.694: [ParNew: 303072K->940K(339904K), 0.0013880 secs] 758593K->456470K(1095044K), 0.0014210 secs] [Times: user=0.01 sys=0.00, real=0.00 secs] 
209.695: Total time for which application threads were stopped: 0.0018870 seconds, Stopping threads took: 0.0000580 seconds
209.764: Application time: 0.0683490 seconds
209.764: [GC209.764: [ParNew: 303084K->1143K(339904K), 0.0013930 secs] 758614K->456688K(1095044K), 0.0014280 secs] [Times: user=0.01 sys=0.00, real=0.00 secs] 
209.765: Total time for which application threads were stopped: 0.0018770 seconds, Stopping threads took: 0.0000460 seconds
209.834: Application time: 0.0685120 seconds
209.834: [GC209.834: [ParNew: 303287K->1158K(339904K), 0.0014210 secs] 758832K->456704K(1095044K), 0.0014560 secs] [Times: user=0.01 sys=0.00, real=0.00 secs] 
209.836: Total time for which application threads were stopped: 0.0019070 seconds, Stopping threads took: 0.0000500 seconds
209.904: Application time: 0.0683350 seconds
209.905: [GC209.905: [ParNew: 303302K->1272K(339904K), 0.0014350 secs] 758848K->456818K(1095044K), 0.0014700 secs] [Times: user=0.01 sys=0.01, real=0.00 secs] 
209.906: Total time for which application threads were stopped: 0.0019100 seconds, Stopping threads took: 0.0000440 seconds
209.976: Application time: 0.0694800 seconds
209.976: [GC209.976: [ParNew: 303416K->1268K(339904K), 0.0015150 secs] 758962K->456814K(1095044K), 0.0015510 secs] [Times: user=0.01 sys=0.00, real=0.00 secs] 
209.978: Total time for which application threads were stopped: 0.0019920 seconds, Stopping threads took: 0.0000400 seconds
210.046: Application time: 0.0686890 seconds
210.047: [GC210.047: [ParNew: 303412K->1376K(339904K), 0.0016180 secs] 758958K->456921K(1095044K), 0.0016540 secs] [Times: user=0.02 sys=0.00, real=0.01 secs] 
210.048: Total time for which application threads were stopped: 0.0021090 seconds, Stopping threads took: 0.0000550 seconds
210.117: Application time: 0.0682620 seconds
210.120: [GC210.120: [ParNew: 303520K->1374K(339904K), 0.0014900 secs] 759065K->456919K(1095044K), 0.0015240 secs] [Times: user=0.01 sys=0.00, real=0.00 secs] 
210.121: Total time for which application threads were stopped: 0.0045390 seconds, Stopping threads took: 0.0025890 seconds
210.191: Application time: 0.0698060 seconds
210.191: [GC210.191: [ParNew: 303518K->1486K(339904K), 0.0015230 secs] 759063K->457031K(1095044K), 0.0015600 secs] [Times: user=0.01 sys=0.00, real=0.00 secs] 
210.193: Total time for which application threads were stopped: 0.0020120 seconds, Stopping threads took: 0.0000480 seconds
210.263: Application time: 0.0699700 seconds
210.268: [GC210.268: [ParNew: 303630K->1170K(339904K), 0.0015690 secs] 759175K->456723K(1095044K), 0.0016050 secs] [Times: user=0.01 sys=0.00, real=0.00 secs] 
210.269: Total time for which application threads were stopped: 0.0062150 seconds, Stopping threads took: 0.0042490 seconds
210.338: Application time: 0.0686050 seconds
210.338: [GC210.338: [ParNew: 303314K->936K(339904K), 0.0014600 secs] 758867K->456497K(1095044K), 0.0014970 secs] [Times: user=0.01 sys=0.00, real=0.01 secs] 
210.340: Total time for which application threads were stopped: 0.0019150 seconds, Stopping threads took: 0.0000560 seconds
210.409: Application time: 0.0690030 seconds
210.409: [GC210.409: [ParNew: 303080K->1095K(339904K), 0.0013710 secs] 758641K->456664K(1095044K), 0.0014040 secs] [Times: user=0.01 sys=0.00, real=0.00 secs] 
210.411: Total time for which application threads were stopped: 0.0018590 seconds, Stopping threads took: 0.0000580 seconds
210.480: Application time: 0.0690420 seconds
210.480: [GC210.480: [ParNew: 303239K->969K(339904K), 0.0013920 secs] 758808K->456547K(1095044K), 0.0014340 secs] [Times: user=0.01 sys=0.00, real=0.00 secs] 
210.482: Total time for which application threads were stopped: 0.0018920 seconds, Stopping threads took: 0.0000540 seconds
210.550: Application time: 0.0683180 seconds
210.550: [GC210.550: [ParNew: 303113K->1130K(339904K), 0.0013260 secs] 758691K->456707K(1095044K), 0.0013610 secs] [Times: user=0.00 sys=0.00, real=0.00 secs] 
210.552: Total time for which application threads were stopped: 0.0018110 seconds, Stopping threads took: 0.0000500 seconds
210.620: Application time: 0.0679610 seconds
210.620: [GC210.620: [ParNew: 303274K->870K(339904K), 0.0015450 secs] 758851K->456464K(1095044K), 0.0015790 secs] [Times: user=0.01 sys=0.00, real=0.00 secs] 
210.622: Total time for which application threads were stopped: 0.0020260 seconds, Stopping threads took: 0.0000440 seconds
210.690: Application time: 0.0682110 seconds
210.690: [GC210.690: [ParNew: 303014K->1033K(339904K), 0.0014900 secs] 758608K->456626K(1095044K), 0.0015350 secs] [Times: user=0.01 sys=0.00, real=0.00 secs] 
210.692: Total time for which application threads were stopped: 0.0020030 seconds, Stopping threads took: 0.0000500 seconds
210.760: Application time: 0.0678830 seconds
210.760: [GC210.760: [ParNew: 303177K->1121K(339904K), 0.0014910 secs] 758770K->456715K(1095044K), 0.0015270 secs] [Times: user=0.01 sys=0.00, real=0.00 secs] 
210.762: Total time for which application threads were stopped: 0.0019680 seconds, Stopping threads took: 0.0000470 seconds
210.830: Application time: 0.0677610 seconds
210.830: [GC210.830: [ParNew: 303265K->1188K(339904K), 0.0014530 secs] 758859K->456782K(1095044K), 0.0014890 secs] [Times: user=0.01 sys=0.00, real=0.00 secs] 
210.832: Total time for which application threads were stopped: 0.0019690 seconds, Stopping threads took: 0.0000740 seconds
210.899: Application time: 0.0679670 seconds
210.900: [GC210.900: [ParNew: 303332K->1493K(339904K), 0.0014120 secs] 758926K->457086K(1095044K), 0.0014480 secs] [Times: user=0.01 sys=0.00, real=0.00 secs] 
210.901: Total time for which application threads were stopped: 0.0019030 seconds, Stopping threads took: 0.0000480 seconds
210.969: Application time: 0.0681180 seconds
210.970: [GC210.970: [ParNew: 303637K->1555K(339904K), 0.0014820 secs] 759230K->457148K(1095044K), 0.0015180 secs] [Times: user=0.01 sys=0.00, real=0.00 secs] 
210.971: Total time for which application threads were stopped: 0.0019750 seconds, Stopping threads took: 0.0000570 seconds
211.040: Application time: 0.0685190 seconds
211.040: [GC211.040: [ParNew: 303699K->1384K(339904K), 0.0016180 secs] 759292K->456978K(1095044K), 0.0016520 secs] [Times: user=0.01 sys=0.00, real=0.00 secs] 
211.042: Total time for which application threads were stopped: 0.0020800 seconds, Stopping threads took: 0.0000480 seconds
211.111: Application time: 0.0693580 seconds
211.112: [GC211.112: [ParNew: 303528K->1264K(339904K), 0.0017020 secs] 759122K->456857K(1095044K), 0.0017380 secs] [Times: user=0.01 sys=0.00, real=0.00 secs] 
211.114: Total time for which application threads were stopped: 0.0021810 seconds, Stopping threads took: 0.0000510 seconds
211.183: Application time: 0.0694070 seconds
211.183: [GC211.184: [ParNew: 303408K->1178K(339904K), 0.0014620 secs] 759001K->456771K(1095044K), 0.0014970 secs] [Times: user=0.01 sys=0.00, real=0.00 secs] 
211.185: Total time for which application threads were stopped: 0.0019780 seconds, Stopping threads took: 0.0000730 seconds
211.254: Application time: 0.0691430 seconds
211.255: [GC211.255: [ParNew: 303322K->979K(339904K), 0.0014220 secs] 758915K->456581K(1095044K), 0.0014550 secs] [Times: user=0.01 sys=0.00, real=0.00 secs] 
211.256: Total time for which application threads were stopped: 0.0019330 seconds, Stopping threads took: 0.0000530 seconds
211.325: Application time: 0.0688250 seconds
211.325: [GC211.325: [ParNew: 303123K->1271K(339904K), 0.0013530 secs] 758725K->456881K(1095044K), 0.0013950 secs] [Times: user=0.01 sys=0.00, real=0.00 secs] 
211.327: Total time for which application threads were stopped: 0.0018420 seconds, Stopping threads took: 0.0000540 seconds
211.396: Application time: 0.0693960 seconds
211.397: [GC211.397: [ParNew: 303415K->836K(339904K), 0.0014630 secs] 759025K->456454K(1095044K), 0.0014980 secs] [Times: user=0.01 sys=0.00, real=0.00 secs] 
211.398: Total time for which application threads were stopped: 0.0019190 seconds, Stopping threads took: 0.0000560 seconds
211.468: Application time: 0.0696330 seconds
211.468: [GC211.468: [ParNew: 302980K->940K(339904K), 0.0014050 secs] 758598K->456558K(1095044K), 0.0014390 secs] [Times: user=0.01 sys=0.00, real=0.00 secs] 
211.470: Total time for which application threads were stopped: 0.0018900 seconds, Stopping threads took: 0.0000500 seconds
211.538: Application time: 0.0681150 seconds
211.538: [GC211.538: [ParNew: 303084K->1098K(339904K), 0.0013460 secs] 758702K->456732K(1095044K), 0.0013820 secs] [Times: user=0.01 sys=0.00, real=0.01 secs] 
211.540: Total time for which application threads were stopped: 0.0018180 seconds, Stopping threads took: 0.0000360 seconds
211.608: Application time: 0.0681060 seconds
211.608: [GC211.608: [ParNew: 303242K->978K(339904K), 0.0013910 secs] 758876K->456612K(1095044K), 0.0014270 secs] [Times: user=0.01 sys=0.00, real=0.00 secs] 
211.610: Total time for which application threads were stopped: 0.0018700 seconds, Stopping threads took: 0.0000430 seconds
211.677: Application time: 0.0675230 seconds
211.677: [GC211.677: [ParNew: 303122K->1199K(339904K), 0.0014580 secs] 758756K->456833K(1095044K), 0.0014950 secs] [Times: user=0.01 sys=0.00, real=0.00 secs] 
211.679: Total time for which application threads were stopped: 0.0019220 seconds, Stopping threads took: 0.0000590 seconds
211.747: Application time: 0.0677530 seconds
211.747: [GC211.747: [ParNew: 303343K->1297K(339904K), 0.0014220 secs] 758977K->456930K(1095044K), 0.0014570 secs] [Times: user=0.01 sys=0.00, real=0.01 secs] 
211.749: Total time for which application threads were stopped: 0.0019190 seconds, Stopping threads took: 0.0000570 seconds
211.816: Application time: 0.0675490 seconds
211.817: [GC211.817: [ParNew: 303441K->1386K(339904K), 0.0014190 secs] 759074K->457020K(1095044K), 0.0014550 secs] [Times: user=0.01 sys=0.00, real=0.00 secs] 
211.818: Total time for which application threads were stopped: 0.0019340 seconds, Stopping threads took: 0.0000530 seconds
211.886: Application time: 0.0679690 seconds
211.888: [GC211.888: [ParNew: 303530K->1450K(339904K), 0.0014730 secs] 759164K->457083K(1095044K), 0.0015090 secs] [Times: user=0.01 sys=0.00, real=0.00 secs] 
211.889: Total time for which application threads were stopped: 0.0030420 seconds, Stopping threads took: 0.0011410 seconds
211.958: Application time: 0.0684460 seconds
211.958: [GC211.958: [ParNew: 303594K->1467K(339904K), 0.0015340 secs] 759227K->457101K(1095044K), 0.0015710 secs] [Times: user=0.01 sys=0.00, real=0.01 secs] 
211.960: Total time for which application threads were stopped: 0.0020310 seconds, Stopping threads took: 0.0000580 seconds
212.029: Application time: 0.0698360 seconds
212.030: [GC212.030: [ParNew: 303611K->1268K(339904K), 0.0016080 secs] 759245K->456902K(1095044K), 0.0016450 secs] [Times: user=0.02 sys=0.00, real=0.00 secs] 
212.032: Total time for which application threads were stopped: 0.0020980 seconds, Stopping threads took: 0.0000530 seconds
212.101: Application time: 0.0694710 seconds
212.102: [GC212.102: [ParNew: 303412K->1117K(339904K), 0.0014380 secs] 759046K->456751K(1095044K), 0.0014730 secs] [Times: user=0.01 sys=0.00, real=0.00 secs] 
212.103: Total time for which application threads were stopped: 0.0019310 seconds, Stopping threads took: 0.0000530 seconds
212.172: Application time: 0.0689860 seconds
212.176: [GC212.176: [ParNew: 303261K->1136K(339904K), 0.0013700 secs] 758895K->456777K(1095044K), 0.0014030 secs] [Times: user=0.01 sys=0.00, real=0.00 secs] 
212.177: Total time for which application threads were stopped: 0.0050760 seconds, Stopping threads took: 0.0032720 seconds
212.248: Application time: 0.0708020 seconds
212.252: [GC212.252: [ParNew: 303280K->1253K(339904K), 0.0014030 secs] 758921K->456903K(1095044K), 0.0014430 secs] [Times: user=0.01 sys=0.00, real=0.00 secs] 
212.253: Total time for which application threads were stopped: 0.0052300 seconds, Stopping threads took: 0.0033850 seconds
212.322: Application time: 0.0687500 seconds
212.322: [GC212.322: [ParNew: 303397K->910K(339904K), 0.0015070 secs] 759047K->456567K(1095044K), 0.0015410 secs] [Times: user=0.00 sys=0.00, real=0.00 secs] 
212.324: Total time for which application threads were stopped: 0.0020580 seconds, Stopping threads took: 0.0000880 seconds
212.393: Application time: 0.0691110 seconds
212.393: [GC212.393: [ParNew: 303054K->953K(339904K), 0.0013470 secs] 758711K->456611K(1095044K), 0.0013810 secs] [Times: user=0.00 sys=0.00, real=0.00 secs] 
212.395: Total time for which application threads were stopped: 0.0018380 seconds, Stopping threads took: 0.0000540 seconds
212.464: Application time: 0.0688850 seconds
212.464: [GC212.464: [ParNew: 303097K->913K(339904K), 0.0013820 secs] 758755K->456578K(1095044K), 0.0014180 secs] [Times: user=0.01 sys=0.00, real=0.00 secs] 
212.466: Total time for which application threads were stopped: 0.0018690 seconds, Stopping threads took: 0.0000430 seconds
212.534: Application time: 0.0682080 seconds
212.534: [GC212.534: [ParNew: 303057K->1077K(339904K), 0.0013890 secs] 758722K->456758K(1095044K), 0.0014250 secs] [Times: user=0.01 sys=0.00, real=0.00 secs] 
212.536: Total time for which application threads were stopped: 0.0018770 seconds, Stopping threads took: 0.0000500 seconds
212.604: Application time: 0.0681460 seconds
212.608: [GC212.608: [ParNew: 303221K->1219K(339904K), 0.0013920 secs] 758902K->456900K(1095044K), 0.0014270 secs] [Times: user=0.01 sys=0.00, real=0.00 secs] 
212.609: Total time for which application threads were stopped: 0.0052210 seconds, Stopping threads took: 0.0034030 seconds
212.678: Application time: 0.0684670 seconds
212.678: [GC212.678: [ParNew: 303363K->1087K(339904K), 0.0013980 secs] 759044K->456769K(1095044K), 0.0014350 secs] [Times: user=0.01 sys=0.00, real=0.01 secs] 
212.679: Total time for which application threads were stopped: 0.0019060 seconds, Stopping threads took: 0.0000750 seconds
212.748: Application time: 0.0681520 seconds
212.748: [GC212.748: [ParNew: 303231K->1262K(339904K), 0.0015030 secs] 758913K->456943K(1095044K), 0.0015380 secs] [Times: user=0.01 sys=0.00, real=0.00 secs] 
212.750: Total time for which application threads were stopped: 0.0019890 seconds, Stopping threads took: 0.0000470 seconds
212.818: Application time: 0.0678840 seconds
212.818: [GC212.818: [ParNew: 303406K->1433K(339904K), 0.0015190 secs] 759087K->457115K(1095044K), 0.0015560 secs] [Times: user=0.01 sys=0.00, real=0.01 secs] 
212.820: Total time for which application threads were stopped: 0.0020120 seconds, Stopping threads took: 0.0000540 seconds
212.888: Application time: 0.0685900 seconds
212.889: [GC212.889: [ParNew: 303577K->1524K(339904K), 0.0014550 secs] 759259K->457205K(1095044K), 0.0014910 secs] [Times: user=0.01 sys=0.00, real=0.00 secs] 
212.890: Total time for which application threads were stopped: 0.0019610 seconds, Stopping threads took: 0.0000460 seconds
212.959: Application time: 0.0689070 seconds
212.959: [GC212.959: [ParNew: 303668K->1242K(339904K), 0.0015020 secs] 759349K->456923K(1095044K), 0.0015380 secs] [Times: user=0.01 sys=0.00, real=0.00 secs] 
212.961: Total time for which application threads were stopped: 0.0020060 seconds, Stopping threads took: 0.0000620 seconds
213.031: Application time: 0.0704680 seconds
213.032: [GC213.032: [ParNew: 303386K->1363K(339904K), 0.0014560 secs] 759067K->457044K(1095044K), 0.0014940 secs] [Times: user=0.01 sys=0.00, real=0.00 secs] 
213.033: Total time for which application threads were stopped: 0.0019590 seconds, Stopping threads took: 0.0000660 seconds
213.103: Application time: 0.0691550 seconds
213.103: [GC213.103: [ParNew: 303507K->1181K(339904K), 0.0014880 secs] 759188K->456871K(1095044K), 0.0015300 secs] [Times: user=0.01 sys=0.00, real=0.00 secs] 
213.105: Total time for which application threads were stopped: 0.0019950 seconds, Stopping threads took: 0.0000650 seconds
213.143: Application time: 0.0385570 seconds
213.144: Total time for which application threads were stopped: 0.0004220 seconds, Stopping threads took: 0.0000770 seconds
213.175: Application time: 0.0314380 seconds
213.175: [GC213.175: [ParNew: 303325K->1183K(339904K), 0.0015000 secs] 759015K->456889K(1095044K), 0.0015310 secs] [Times: user=0.01 sys=0.00, real=0.00 secs] 
213.177: Total time for which application threads were stopped: 0.0019940 seconds, Stopping threads took: 0.0000590 seconds
213.247: Application time: 0.0702530 seconds
213.252: [GC213.252: [ParNew: 303327K->1016K(339904K), 0.0014040 secs] 759033K->456738K(1095044K), 0.0014360 secs] [Times: user=0.01 sys=0.00, real=0.00 secs] 
213.253: Total time for which application threads were stopped: 0.0058270 seconds, Stopping threads took: 0.0039940 seconds
213.322: Application time: 0.0684570 seconds
213.322: [GC213.322: [ParNew: 303160K->1153K(339904K), 0.0014180 secs] 758882K->456883K(1095044K), 0.0014510 secs] [Times: user=0.01 sys=0.00, real=0.00 secs] 
213.323: Total time for which application threads were stopped: 0.0019250 seconds, Stopping threads took: 0.0000730 seconds
213.392: Application time: 0.0682740 seconds
213.392: [GC213.392: [ParNew: 303297K->1141K(339904K), 0.0013890 secs] 759027K->456886K(1095044K), 0.0014250 secs] [Times: user=0.01 sys=0.00, real=0.00 secs] 
213.394: Total time for which application threads were stopped: 0.0018920 seconds, Stopping threads took: 0.0000510 seconds
213.462: Application time: 0.0679640 seconds
213.462: [GC213.462: [ParNew: 303285K->1172K(339904K), 0.0014140 secs] 759030K->456934K(1095044K), 0.0014500 secs] [Times: user=0.01 sys=0.00, real=0.00 secs] 
213.464: Total time for which application threads were stopped: 0.0018990 seconds, Stopping threads took: 0.0000500 seconds
213.531: Application time: 0.0678110 seconds
213.532: [GC213.532: [ParNew: 303316K->1144K(339904K), 0.0014240 secs] 759078K->456906K(1095044K), 0.0014600 secs] [Times: user=0.01 sys=0.00, real=0.00 secs] 
213.533: Total time for which application threads were stopped: 0.0019080 seconds, Stopping threads took: 0.0000480 seconds
213.601: Application time: 0.0679060 seconds
213.602: [GC213.602: [ParNew: 303288K->1381K(339904K), 0.0014190 secs] 759050K->457143K(1095044K), 0.0014540 secs] [Times: user=0.01 sys=0.00, real=0.00 secs] 
213.603: Total time for which application threads were stopped: 0.0019050 seconds, Stopping threads took: 0.0000500 seconds
213.671: Application time: 0.0680780 seconds
213.672: [GC213.672: [ParNew: 303525K->1534K(339904K), 0.0014270 secs] 759287K->457295K(1095044K), 0.0014630 secs] [Times: user=0.01 sys=0.00, real=0.00 secs] 
213.673: Total time for which application threads were stopped: 0.0019340 seconds, Stopping threads took: 0.0000590 seconds
213.741: Application time: 0.0678340 seconds
213.741: [GC213.741: [ParNew: 303678K->1484K(339904K), 0.0014790 secs] 759439K->457245K(1095044K), 0.0015140 secs] [Times: user=0.01 sys=0.00, real=0.00 secs] 
213.743: Total time for which application threads were stopped: 0.0019650 seconds, Stopping threads took: 0.0000540 seconds
213.811: Application time: 0.0686170 seconds
213.812: [GC213.812: [ParNew: 303628K->1706K(339904K), 0.0015000 secs] 759389K->457467K(1095044K), 0.0015370 secs] [Times: user=0.01 sys=0.00, real=0.00 secs] 
213.813: Total time for which application threads were stopped: 0.0019830 seconds, Stopping threads took: 0.0000450 seconds
213.883: Application time: 0.0695680 seconds
213.884: [GC213.884: [ParNew: 303850K->1486K(339904K), 0.0017850 secs] 759611K->457247K(1095044K), 0.0018210 secs] [Times: user=0.02 sys=0.00, real=0.00 secs] 
213.885: Total time for which application threads were stopped: 0.0022890 seconds, Stopping threads took: 0.0000620 seconds
213.954: Application time: 0.0689110 seconds
213.955: [GC213.955: [ParNew: 303630K->1545K(339904K), 0.0015080 secs] 759391K->457307K(1095044K), 0.0015450 secs] [Times: user=0.01 sys=0.00, real=0.00 secs] 
213.956: Total time for which application threads were stopped: 0.0020350 seconds, Stopping threads took: 0.0000650 seconds
214.026: Application time: 0.0697310 seconds
214.026: [GC214.026: [ParNew: 303689K->1329K(339904K), 0.0014860 secs] 759451K->457099K(1095044K), 0.0015140 secs] [Times: user=0.01 sys=0.00, real=0.01 secs] 
214.028: Total time for which application threads were stopped: 0.0019630 seconds, Stopping threads took: 0.0000460 seconds
214.099: Application time: 0.0705000 seconds
214.100: [GC214.100: [ParNew: 303473K->1158K(339904K), 0.0015010 secs] 759243K->457111K(1095044K), 0.0015340 secs] [Times: user=0.01 sys=0.00, real=0.00 secs] 
214.101: Total time for which application threads were stopped: 0.0026650 seconds, Stopping threads took: 0.0007680 seconds
214.170: Application time: 0.0688270 seconds
214.170: [GC214.170: [ParNew: 303302K->915K(339904K), 0.0015390 secs] 759255K->456885K(1095044K), 0.0015720 secs] [Times: user=0.01 sys=0.00, real=0.00 secs] 
214.172: Total time for which application threads were stopped: 0.0020360 seconds, Stopping threads took: 0.0000560 seconds
214.242: Application time: 0.0697830 seconds
214.244: [GC214.244: [ParNew: 303059K->1106K(339904K), 0.0015060 secs] 759029K->457092K(1095044K), 0.0015380 secs] [Times: user=0.01 sys=0.00, real=0.00 secs] 
214.245: Total time for which application threads were stopped: 0.0033590 seconds, Stopping threads took: 0.0014200 seconds
214.314: Application time: 0.0689510 seconds
214.315: [GC214.315: [ParNew: 303250K->1056K(339904K), 0.0014560 secs] 759236K->457041K(1095044K), 0.0014900 secs] [Times: user=0.01 sys=0.00, real=0.00 secs] 
214.316: Total time for which application threads were stopped: 0.0019470 seconds, Stopping threads took: 0.0000500 seconds
214.385: Application time: 0.0685690 seconds
214.385: [GC214.385: [ParNew: 303200K->1060K(339904K), 0.0015220 secs] 759185K->457046K(1095044K), 0.0015550 secs] [Times: user=0.01 sys=0.00, real=0.00 secs] 
214.387: Total time for which application threads were stopped: 0.0020190 seconds, Stopping threads took: 0.0000550 seconds
214.455: Application time: 0.0686080 seconds
214.460: [GC214.460: [ParNew: 303204K->1122K(339904K), 0.0014370 secs] 759190K->457124K(1095044K), 0.0014700 secs] [Times: user=0.01 sys=0.00, real=0.00 secs] 
214.461: Total time for which application threads were stopped: 0.0058560 seconds, Stopping threads took: 0.0039550 seconds
214.529: Application time: 0.0680790 seconds
214.530: [GC214.530: [ParNew: 303266K->1199K(339904K), 0.0013900 secs] 759268K->457201K(1095044K), 0.0014250 secs] [Times: user=0.01 sys=0.00, real=0.00 secs] 
214.531: Total time for which application threads were stopped: 0.0018920 seconds, Stopping threads took: 0.0000570 seconds
214.599: Application time: 0.0680600 seconds
214.600: [GC214.600: [ParNew: 303343K->1162K(339904K), 0.0016720 secs] 759345K->457164K(1095044K), 0.0017070 secs] [Times: user=0.01 sys=0.00, real=0.00 secs] 
214.601: Total time for which application threads were stopped: 0.0021820 seconds, Stopping threads took: 0.0000640 seconds
214.669: Application time: 0.0679270 seconds
214.670: [GC214.670: [ParNew: 303306K->1355K(339904K), 0.0014830 secs] 759308K->457357K(1095044K), 0.0015180 secs] [Times: user=0.01 sys=0.00, real=0.00 secs] 
214.671: Total time for which application threads were stopped: 0.0019770 seconds, Stopping threads took: 0.0000500 seconds
214.740: Application time: 0.0689170 seconds
214.744: [GC214.744: [ParNew: 303499K->1446K(339904K), 0.0015670 secs] 759501K->457448K(1095044K), 0.0016020 secs] [Times: user=0.01 sys=0.00, real=0.00 secs] 
214.745: Total time for which application threads were stopped: 0.0050700 seconds, Stopping threads took: 0.0030640 seconds
214.815: Application time: 0.0699730 seconds
214.816: [GC214.816: [ParNew: 303590K->1275K(339904K), 0.0015120 secs] 759592K->457277K(1095044K), 0.0015470 secs] [Times: user=0.01 sys=0.00, real=0.00 secs] 
214.817: Total time for which application threads were stopped: 0.0020110 seconds, Stopping threads took: 0.0000540 seconds
214.886: Application time: 0.0688000 seconds
214.886: [GC214.886: [ParNew: 303419K->1182K(339904K), 0.0016200 secs] 759421K->457183K(1095044K), 0.0016560 secs] [Times: user=0.01 sys=0.00, real=0.01 secs] 
214.888: Total time for which application threads were stopped: 0.0020770 seconds, Stopping threads took: 0.0000510 seconds
214.957: Application time: 0.0689860 seconds
214.958: [GC214.958: [ParNew: 303326K->1338K(339904K), 0.0016250 secs] 759327K->457356K(1095044K), 0.0016590 secs] [Times: user=0.01 sys=0.00, real=0.01 secs] 
214.959: Total time for which application threads were stopped: 0.0021220 seconds, Stopping threads took: 0.0000520 seconds
215.029: Application time: 0.0694950 seconds
215.032: [GC215.032: [ParNew: 303482K->966K(339904K), 0.0014160 secs] 759500K->456984K(1095044K), 0.0014460 secs] [Times: user=0.01 sys=0.00, real=0.00 secs] 
215.033: Total time for which application threads were stopped: 0.0043600 seconds, Stopping threads took: 0.0024920 seconds
215.102: Application time: 0.0692380 seconds
215.104: [GC215.104: [ParNew: 303110K->985K(339904K), 0.0014210 secs] 759128K->457011K(1095044K), 0.0014540 secs] [Times: user=0.02 sys=0.00, real=0.00 secs] 
215.105: Total time for which application threads were stopped: 0.0027580 seconds, Stopping threads took: 0.0008980 seconds
215.173: Application time: 0.0681820 seconds
215.174: [GC215.174: [ParNew: 303129K->1136K(339904K), 0.0014020 secs] 759155K->457170K(1095044K), 0.0014350 secs] [Times: user=0.01 sys=0.00, real=0.00 secs] 
215.175: Total time for which application threads were stopped: 0.0018940 seconds, Stopping threads took: 0.0000570 seconds
215.244: Application time: 0.0689670 seconds
215.248: [GC215.248: [ParNew: 303280K->1172K(339904K), 0.0014340 secs] 759314K->457205K(1095044K), 0.0014680 secs] [Times: user=0.01 sys=0.00, real=0.00 secs] 
215.249: Total time for which application threads were stopped: 0.0049500 seconds, Stopping threads took: 0.0030850 seconds
215.317: Application time: 0.0680700 seconds
215.318: [GC215.318: [ParNew: 303316K->1191K(339904K), 0.0013590 secs] 759349K->457225K(1095044K), 0.0013930 secs] [Times: user=0.01 sys=0.00, real=0.00 secs] 
215.319: Total time for which application threads were stopped: 0.0018490 seconds, Stopping threads took: 0.0000570 seconds
215.387: Application time: 0.0679200 seconds
215.392: [GC215.392: [ParNew: 303335K->1228K(339904K), 0.0014190 secs] 759369K->457278K(1095044K), 0.0014520 secs] [Times: user=0.01 sys=0.00, real=0.00 secs] 
215.393: Total time for which application threads were stopped: 0.0061400 seconds, Stopping threads took: 0.0042850 seconds
215.461: Application time: 0.0680260 seconds
215.462: [GC215.462: [ParNew: 303372K->1133K(339904K), 0.0013930 secs] 759422K->457183K(1095044K), 0.0014290 secs] [Times: user=0.01 sys=0.00, real=0.00 secs] 
215.463: Total time for which application threads were stopped: 0.0018870 seconds, Stopping threads took: 0.0000560 seconds
215.531: Application time: 0.0679450 seconds
215.531: [GC215.531: [ParNew: 303277K->1172K(339904K), 0.0014410 secs] 759327K->457222K(1095044K), 0.0014780 secs] [Times: user=0.01 sys=0.00, real=0.00 secs] 
215.533: Total time for which application threads were stopped: 0.0019510 seconds, Stopping threads took: 0.0000540 seconds
215.601: Application time: 0.0680230 seconds
215.601: [GC215.601: [ParNew: 303316K->1392K(339904K), 0.0014600 secs] 759366K->457442K(1095044K), 0.0014950 secs] [Times: user=0.02 sys=0.00, real=0.00 secs] 
215.603: Total time for which application threads were stopped: 0.0019750 seconds, Stopping threads took: 0.0000550 seconds
215.673: Application time: 0.0696080 seconds
215.673: [GC215.673: [ParNew: 303536K->1533K(339904K), 0.0016650 secs] 759586K->457582K(1095044K), 0.0016960 secs] [Times: user=0.01 sys=0.00, real=0.00 secs] 
215.675: Total time for which application threads were stopped: 0.0021640 seconds, Stopping threads took: 0.0000350 seconds
215.680: Application time: 0.0047970 seconds
215.680: Total time for which application threads were stopped: 0.0004320 seconds, Stopping threads took: 0.0000760 seconds
215.744: Application time: 0.0645520 seconds
215.745: [GC215.745: [ParNew: 303677K->1234K(339904K), 0.0014620 secs] 759726K->457283K(1095044K), 0.0015060 secs] [Times: user=0.01 sys=0.00, real=0.00 secs] 
215.746: Total time for which application threads were stopped: 0.0019470 seconds, Stopping threads took: 0.0000500 seconds
215.816: Application time: 0.0692760 seconds
215.816: [GC215.816: [ParNew: 303378K->1340K(339904K), 0.0015970 secs] 759427K->457390K(1095044K), 0.0016300 secs] [Times: user=0.01 sys=0.00, real=0.00 secs] 
215.818: Total time for which application threads were stopped: 0.0020910 seconds, Stopping threads took: 0.0000520 seconds
215.887: Application time: 0.0694860 seconds
215.892: [GC215.892: [ParNew: 303484K->1330K(339904K), 0.0014900 secs] 759534K->457388K(1095044K), 0.0015250 secs] [Times: user=0.01 sys=0.00, real=0.00 secs] 
215.893: Total time for which application threads were stopped: 0.0058680 seconds, Stopping threads took: 0.0039400 seconds
215.964: Application time: 0.0705770 seconds
215.968: [GC215.968: [ParNew: 303474K->1248K(339904K), 0.0015060 secs] 759532K->457306K(1095044K), 0.0015400 secs] [Times: user=0.01 sys=0.00, real=0.00 secs] 
215.969: Total time for which application threads were stopped: 0.0054520 seconds, Stopping threads took: 0.0035030 seconds
216.039: Application time: 0.0694640 seconds
216.039: [GC216.039: [ParNew: 303392K->1203K(339904K), 0.0013870 secs] 759450K->457269K(1095044K), 0.0014220 secs] [Times: user=0.01 sys=0.00, real=0.01 secs] 
216.041: Total time for which application threads were stopped: 0.0018750 seconds, Stopping threads took: 0.0000600 seconds
216.110: Application time: 0.0692560 seconds
216.112: [GC216.112: [ParNew: 303347K->1161K(339904K), 0.0014240 secs] 759413K->457234K(1095044K), 0.0014550 secs] [Times: user=0.01 sys=0.00, real=0.00 secs] 
216.113: Total time for which application threads were stopped: 0.0033260 seconds, Stopping threads took: 0.0014400 seconds
216.182: Application time: 0.0688740 seconds
216.182: [GC216.182: [ParNew: 303305K->1263K(339904K), 0.0014180 secs] 759378K->457345K(1095044K), 0.0014530 secs] [Times: user=0.01 sys=0.00, real=0.00 secs] 
216.184: Total time for which application threads were stopped: 0.0019050 seconds, Stopping threads took: 0.0000530 seconds
216.253: Application time: 0.0690910 seconds
216.253: [GC216.253: [ParNew: 303407K->1311K(339904K), 0.0013870 secs] 759489K->457393K(1095044K), 0.0014210 secs] [Times: user=0.01 sys=0.00, real=0.00 secs] 
216.255: Total time for which application threads were stopped: 0.0018680 seconds, Stopping threads took: 0.0000460 seconds
216.323: Application time: 0.0684600 seconds
216.328: [GC216.328: [ParNew: 303455K->1246K(339904K), 0.0013850 secs] 759537K->457344K(1095044K), 0.0014200 secs] [Times: user=0.01 sys=0.00, real=0.00 secs] 
216.329: Total time for which application threads were stopped: 0.0057210 seconds, Stopping threads took: 0.0038980 seconds
216.397: Application time: 0.0681410 seconds
216.400: [GC216.400: [ParNew: 303390K->1429K(339904K), 0.0014210 secs] 759488K->457526K(1095044K), 0.0014570 secs] [Times: user=0.01 sys=0.00, real=0.00 secs] 
216.401: Total time for which application threads were stopped: 0.0038960 seconds, Stopping threads took: 0.0020320 seconds
216.469: Application time: 0.0677720 seconds
216.472: [GC216.472: [ParNew: 303573K->1261K(339904K), 0.0014080 secs] 759670K->457359K(1095044K), 0.0014440 secs] [Times: user=0.01 sys=0.00, real=0.00 secs] 
216.473: Total time for which application threads were stopped: 0.0041950 seconds, Stopping threads took: 0.0023590 seconds
216.541: Application time: 0.0678750 seconds
216.541: [GC216.541: [ParNew: 303405K->1363K(339904K), 0.0014740 secs] 759503K->457461K(1095044K), 0.0015110 secs] [Times: user=0.01 sys=0.00, real=0.00 secs] 
216.543: Total time for which application threads were stopped: 0.0019620 seconds, Stopping threads took: 0.0000510 seconds
216.612: Application time: 0.0691230 seconds
216.613: [GC216.613: [ParNew: 303507K->1253K(339904K), 0.0014470 secs] 759605K->457351K(1095044K), 0.0014910 secs] [Times: user=0.01 sys=0.00, real=0.00 secs] 
216.614: Total time for which application threads were stopped: 0.0019840 seconds, Stopping threads took: 0.0000660 seconds
216.682: Application time: 0.0679010 seconds
216.682: [GC216.682: [ParNew: 303397K->1269K(339904K), 0.0014990 secs] 759495K->457367K(1095044K), 0.0015350 secs] [Times: user=0.01 sys=0.00, real=0.00 secs] 
216.684: Total time for which application threads were stopped: 0.0019930 seconds, Stopping threads took: 0.0000550 seconds
216.752: Application time: 0.0685410 seconds
216.753: [GC216.753: [ParNew: 303413K->1238K(339904K), 0.0014790 secs] 759511K->457359K(1095044K), 0.0015130 secs] [Times: user=0.01 sys=0.00, real=0.00 secs] 
216.754: Total time for which application threads were stopped: 0.0019620 seconds, Stopping threads took: 0.0000430 seconds
216.824: Application time: 0.0691780 seconds
216.824: [GC216.824: [ParNew: 303382K->1315K(339904K), 0.0015450 secs] 759503K->457548K(1095044K), 0.0015780 secs] [Times: user=0.01 sys=0.00, real=0.00 secs] 
216.826: Total time for which application threads were stopped: 0.0020290 seconds, Stopping threads took: 0.0000520 seconds
216.895: Application time: 0.0694990 seconds
216.896: [GC216.896: [ParNew: 303459K->1243K(339904K), 0.0014210 secs] 759692K->457477K(1095044K), 0.0014550 secs] [Times: user=0.01 sys=0.00, real=0.00 secs] 
216.897: Total time for which application threads were stopped: 0.0018930 seconds, Stopping threads took: 0.0000610 seconds
216.966: Application time: 0.0688970 seconds
216.966: [GC216.966: [ParNew: 303387K->1109K(339904K), 0.0015020 secs] 759621K->457351K(1095044K), 0.0015370 secs] [Times: user=0.01 sys=0.00, real=0.01 secs] 
216.968: Total time for which application threads were stopped: 0.0019510 seconds, Stopping threads took: 0.0000540 seconds
217.037: Application time: 0.0690590 seconds
217.040: [GC217.040: [ParNew: 303253K->1061K(339904K), 0.0013780 secs] 759495K->457310K(1095044K), 0.0014110 secs] [Times: user=0.01 sys=0.00, real=0.00 secs] 
217.041: Total time for which application threads were stopped: 0.0040910 seconds, Stopping threads took: 0.0022810 seconds
217.110: Application time: 0.0684810 seconds
217.110: [GC217.110: [ParNew: 303205K->1152K(339904K), 0.0013810 secs] 759454K->457418K(1095044K), 0.0014170 secs] [Times: user=0.01 sys=0.00, real=0.00 secs] 
217.111: Total time for which application threads were stopped: 0.0018680 seconds, Stopping threads took: 0.0000470 seconds
217.180: Application time: 0.0684650 seconds
217.180: [GC217.180: [ParNew: 303296K->1102K(339904K), 0.0014010 secs] 759562K->457368K(1095044K), 0.0014350 secs] [Times: user=0.01 sys=0.00, real=0.00 secs] 
217.182: Total time for which application threads were stopped: 0.0019120 seconds, Stopping threads took: 0.0000560 seconds
217.251: Application time: 0.0689420 seconds
217.252: [GC217.252: [ParNew: 303246K->1261K(339904K), 0.0013910 secs] 759512K->457543K(1095044K), 0.0014270 secs] [Times: user=0.01 sys=0.00, real=0.00 secs] 
217.253: Total time for which application threads were stopped: 0.0023370 seconds, Stopping threads took: 0.0005090 seconds
217.321: Application time: 0.0682390 seconds
217.322: [GC217.322: [ParNew: 303405K->1287K(339904K), 0.0014070 secs] 759687K->457569K(1095044K), 0.0014530 secs] [Times: user=0.01 sys=0.00, real=0.00 secs] 
217.323: Total time for which application threads were stopped: 0.0019120 seconds, Stopping threads took: 0.0000530 seconds
217.391: Application time: 0.0680810 seconds
217.396: [GC217.396: [ParNew: 303431K->1249K(339904K), 0.0014210 secs] 759713K->457531K(1095044K), 0.0014560 secs] [Times: user=0.01 sys=0.00, real=0.00 secs] 
217.397: Total time for which application threads were stopped: 0.0057790 seconds, Stopping threads took: 0.0039190 seconds
217.465: Application time: 0.0681230 seconds
217.466: [GC217.466: [ParNew: 303393K->1384K(339904K), 0.0015100 secs] 759675K->457665K(1095044K), 0.0015540 secs] [Times: user=0.00 sys=0.01, real=0.01 secs] 
217.467: Total time for which application threads were stopped: 0.0020170 seconds, Stopping threads took: 0.0000540 seconds
217.536: Application time: 0.0689140 seconds
217.537: [GC217.537: [ParNew: 303528K->1123K(339904K), 0.0014540 secs] 759809K->457405K(1095044K), 0.0014900 secs] [Times: user=0.01 sys=0.00, real=0.00 secs] 
217.538: Total time for which application threads were stopped: 0.0019400 seconds, Stopping threads took: 0.0000480 seconds
217.606: Application time: 0.0680000 seconds
217.607: [GC217.607: [ParNew: 303267K->1053K(339904K), 0.0014720 secs] 759549K->457335K(1095044K), 0.0015080 secs] [Times: user=0.01 sys=0.00, real=0.01 secs] 
217.608: Total time for which application threads were stopped: 0.0019600 seconds, Stopping threads took: 0.0000530 seconds
217.677: Application time: 0.0684790 seconds
217.677: [GC217.677: [ParNew: 303197K->1113K(339904K), 0.0015970 secs] 759479K->457410K(1095044K), 0.0016320 secs] [Times: user=0.01 sys=0.00, real=0.00 secs] 
217.679: Total time for which application threads were stopped: 0.0020850 seconds, Stopping threads took: 0.0000540 seconds
217.747: Application time: 0.0682000 seconds
217.747: [GC217.747: [ParNew: 303257K->1182K(339904K), 0.0015550 secs] 759554K->457479K(1095044K), 0.0015860 secs] [Times: user=0.01 sys=0.00, real=0.00 secs] 
217.749: Total time for which application threads were stopped: 0.0020480 seconds, Stopping threads took: 0.0000670 seconds
217.818: Application time: 0.0694110 seconds
217.819: [GC217.819: [ParNew: 303326K->996K(339904K), 0.0014300 secs] 759623K->457294K(1095044K), 0.0014650 secs] [Times: user=0.01 sys=0.00, real=0.01 secs] 
217.820: Total time for which application threads were stopped: 0.0019130 seconds, Stopping threads took: 0.0000530 seconds
217.889: Application time: 0.0685830 seconds
217.889: [GC217.889: [ParNew: 303140K->979K(339904K), 0.0015100 secs] 759438K->457276K(1095044K), 0.0015460 secs] [Times: user=0.01 sys=0.00, real=0.00 secs] 
217.891: Total time for which application threads were stopped: 0.0020050 seconds, Stopping threads took: 0.0000580 seconds
217.959: Application time: 0.0683140 seconds
217.964: [GC217.964: [ParNew: 303123K->1029K(339904K), 0.0015500 secs] 759420K->457335K(1095044K), 0.0015830 secs] [Times: user=0.00 sys=0.00, real=0.00 secs] 
217.965: Total time for which application threads were stopped: 0.0060820 seconds, Stopping threads took: 0.0041040 seconds
218.033: Application time: 0.0682410 seconds
218.036: [GC218.036: [ParNew: 303173K->1027K(339904K), 0.0013820 secs] 759479K->457349K(1095044K), 0.0014170 secs] [Times: user=0.01 sys=0.00, real=0.00 secs] 
218.037: Total time for which application threads were stopped: 0.0036010 seconds, Stopping threads took: 0.0017850 seconds
218.106: Application time: 0.0685860 seconds
218.106: [GC218.106: [ParNew: 303171K->1153K(339904K), 0.0014280 secs] 759493K->457475K(1095044K), 0.0014640 secs] [Times: user=0.01 sys=0.00, real=0.01 secs] 
218.108: Total time for which application threads were stopped: 0.0019120 seconds, Stopping threads took: 0.0000470 seconds
218.176: Application time: 0.0680440 seconds
218.176: [GC218.176: [ParNew: 303297K->1138K(339904K), 0.0013610 secs] 759619K->457459K(1095044K), 0.0013970 secs] [Times: user=0.01 sys=0.00, real=0.00 secs] 
218.177: Total time for which application threads were stopped: 0.0018440 seconds, Stopping threads took: 0.0000510 seconds
218.246: Application time: 0.0689340 seconds
218.247: [GC218.247: [ParNew: 303282K->1283K(339904K), 0.0014340 secs] 759603K->457621K(1095044K), 0.0014690 secs] [Times: user=0.01 sys=0.00, real=0.01 secs] 
218.248: Total time for which application threads were stopped: 0.0019320 seconds, Stopping threads took: 0.0000630 seconds
218.317: Application time: 0.0689320 seconds
218.318: [GC218.318: [ParNew: 303427K->1236K(339904K), 0.0015270 secs] 759765K->457573K(1095044K), 0.0015620 secs] [Times: user=0.01 sys=0.00, real=0.01 secs] 
218.319: Total time for which application threads were stopped: 0.0020440 seconds, Stopping threads took: 0.0000520 seconds
218.388: Application time: 0.0689200 seconds
218.389: [GC218.389: [ParNew: 303380K->1139K(339904K), 0.0013930 secs] 759717K->457477K(1095044K), 0.0014360 secs] [Times: user=0.01 sys=0.00, real=0.00 secs] 
218.390: Total time for which application threads were stopped: 0.0018980 seconds, Stopping threads took: 0.0000570 seconds
218.459: Application time: 0.0690780 seconds
218.460: [GC218.460: [ParNew: 303283K->1229K(339904K), 0.0015240 secs] 759621K->457566K(1095044K), 0.0015580 secs] [Times: user=0.00 sys=0.00, real=0.00 secs] 
218.461: Total time for which application threads were stopped: 0.0020090 seconds, Stopping threads took: 0.0000470 seconds
218.529: Application time: 0.0681600 seconds
218.530: [GC218.530: [ParNew: 303373K->1257K(339904K), 0.0014150 secs] 759710K->457595K(1095044K), 0.0014490 secs] [Times: user=0.01 sys=0.00, real=0.00 secs] 
218.531: Total time for which application threads were stopped: 0.0019010 seconds, Stopping threads took: 0.0000460 seconds
218.600: Application time: 0.0688790 seconds
218.601: [GC218.601: [ParNew: 303401K->1186K(339904K), 0.0014610 secs] 759739K->457540K(1095044K), 0.0014950 secs] [Times: user=0.01 sys=0.00, real=0.00 secs] 
218.602: Total time for which application threads were stopped: 0.0019880 seconds, Stopping threads took: 0.0000560 seconds
218.671: Application time: 0.0687700 seconds
218.671: [GC218.671: [ParNew: 303330K->1175K(339904K), 0.0014970 secs] 759684K->457529K(1095044K), 0.0015310 secs] [Times: user=0.01 sys=0.01, real=0.00 secs] 
218.673: Total time for which application threads were stopped: 0.0020030 seconds, Stopping threads took: 0.0000540 seconds
218.742: Application time: 0.0686710 seconds
218.744: [GC218.744: [ParNew: 303319K->1167K(339904K), 0.0014920 secs] 759673K->457521K(1095044K), 0.0015260 secs] [Times: user=0.02 sys=0.00, real=0.00 secs] 
218.745: Total time for which application threads were stopped: 0.0035610 seconds, Stopping threads took: 0.0016310 seconds
218.813: Application time: 0.0682400 seconds
218.814: [GC218.814: [ParNew: 303311K->1168K(339904K), 0.0015140 secs] 759665K->457522K(1095044K), 0.0015490 secs] [Times: user=0.01 sys=0.00, real=0.00 secs] 
218.815: Total time for which application threads were stopped: 0.0020040 seconds, Stopping threads took: 0.0000520 seconds
218.884: Application time: 0.0683370 seconds
218.888: [GC218.888: [ParNew: 303312K->1169K(339904K), 0.0014310 secs] 759666K->457530K(1095044K), 0.0014660 secs] [Times: user=0.01 sys=0.00, real=0.00 secs] 
218.889: Total time for which application threads were stopped: 0.0053820 seconds, Stopping threads took: 0.0034940 seconds
218.957: Application time: 0.0678240 seconds
218.960: [GC218.960: [ParNew: 303313K->1131K(339904K), 0.0013610 secs] 759674K->457509K(1095044K), 0.0013960 secs] [Times: user=0.01 sys=0.00, real=0.00 secs] 
218.961: Total time for which application threads were stopped: 0.0040470 seconds, Stopping threads took: 0.0022550 seconds
219.029: Application time: 0.0682780 seconds
219.032: [GC219.032: [ParNew: 303275K->1126K(339904K), 0.0013720 secs] 759653K->457503K(1095044K), 0.0014060 secs] [Times: user=0.01 sys=0.00, real=0.00 secs] 
219.033: Total time for which application threads were stopped: 0.0037540 seconds, Stopping threads took: 0.0019380 seconds
219.101: Application time: 0.0681790 seconds
219.104: [GC219.104: [ParNew: 303270K->1261K(339904K), 0.0014480 secs] 759647K->457639K(1095044K), 0.0014810 secs] [Times: user=0.01 sys=0.00, real=0.00 secs] 
219.105: Total time for which application threads were stopped: 0.0039100 seconds, Stopping threads took: 0.0020140 seconds
219.175: Application time: 0.0694650 seconds
219.175: [GC219.175: [ParNew: 303405K->1282K(339904K), 0.0013880 secs] 759783K->457675K(1095044K), 0.0014260 secs] [Times: user=0.01 sys=0.00, real=0.00 secs] 
219.177: Total time for which application threads were stopped: 0.0018820 seconds, Stopping threads took: 0.0000520 seconds
219.246: Application time: 0.0690120 seconds
219.248: [GC219.248: [ParNew: 303426K->1323K(339904K), 0.0013710 secs] 759819K->457717K(1095044K), 0.0014140 secs] [Times: user=0.01 sys=0.00, real=0.00 secs] 
219.249: Total time for which application threads were stopped: 0.0035340 seconds, Stopping threads took: 0.0017160 seconds
219.318: Application time: 0.0689810 seconds
219.320: [GC219.320: [ParNew: 303467K->1129K(339904K), 0.0013830 secs] 759861K->457522K(1095044K), 0.0014170 secs] [Times: user=0.01 sys=0.00, real=0.00 secs] 
219.321: Total time for which application threads were stopped: 0.0030190 seconds, Stopping threads took: 0.0012010 seconds
219.389: Application time: 0.0681930 seconds
219.392: [GC219.392: [ParNew: 303273K->1156K(339904K), 0.0014040 secs] 759666K->457549K(1095044K), 0.0014350 secs] [Times: user=0.01 sys=0.00, real=0.00 secs] 
219.393: Total time for which application threads were stopped: 0.0038360 seconds, Stopping threads took: 0.0019790 seconds
219.462: Application time: 0.0684010 seconds
219.464: [GC219.464: [ParNew: 303300K->1132K(339904K), 0.0013510 secs] 759693K->457526K(1095044K), 0.0013840 secs] [Times: user=0.01 sys=0.00, real=0.00 secs] 
219.465: Total time for which application threads were stopped: 0.0035240 seconds, Stopping threads took: 0.0017380 seconds
219.533: Application time: 0.0682690 seconds
219.534: [GC219.534: [ParNew: 303276K->1312K(339904K), 0.0014840 secs] 759670K->457722K(1095044K), 0.0015180 secs] [Times: user=0.01 sys=0.00, real=0.00 secs] 
219.535: Total time for which application threads were stopped: 0.0019710 seconds, Stopping threads took: 0.0000530 seconds
219.604: Application time: 0.0685150 seconds
219.604: [GC219.604: [ParNew: 303456K->1376K(339904K), 0.0015280 secs] 759866K->457786K(1095044K), 0.0015640 secs] [Times: user=0.01 sys=0.00, real=0.00 secs] 
219.606: Total time for which application threads were stopped: 0.0020190 seconds, Stopping threads took: 0.0000500 seconds
219.674: Application time: 0.0682900 seconds
219.675: [GC219.675: [ParNew: 303520K->1271K(339904K), 0.0015210 secs] 759930K->457680K(1095044K), 0.0015550 secs] [Times: user=0.01 sys=0.00, real=0.00 secs] 
219.676: Total time for which application threads were stopped: 0.0020150 seconds, Stopping threads took: 0.0000560 seconds
219.746: Application time: 0.0700680 seconds
219.747: [GC219.747: [ParNew: 303415K->1082K(339904K), 0.0015050 secs] 759824K->457499K(1095044K), 0.0015400 secs] [Times: user=0.01 sys=0.00, real=0.01 secs] 
219.748: Total time for which application threads were stopped: 0.0019940 seconds, Stopping threads took: 0.0000540 seconds
219.816: Application time: 0.0679170 seconds
219.820: [GC219.820: [ParNew: 303226K->944K(339904K), 0.0013380 secs] 759643K->457362K(1095044K), 0.0013740 secs] [Times: user=0.01 sys=0.00, real=0.00 secs] 
219.821: Total time for which application threads were stopped: 0.0048930 seconds, Stopping threads took: 0.0031170 seconds
219.890: Application time: 0.0685010 seconds
219.890: [GC219.890: [ParNew: 303088K->1008K(339904K), 0.0013720 secs] 759506K->457433K(1095044K), 0.0014080 secs] [Times: user=0.01 sys=0.00, real=0.00 secs] 
219.891: Total time for which application threads were stopped: 0.0018670 seconds, Stopping threads took: 0.0000490 seconds
219.960: Application time: 0.0683180 seconds
219.960: [GC219.960: [ParNew: 303152K->1047K(339904K), 0.0014930 secs] 759577K->457489K(1095044K), 0.0015280 secs] [Times: user=0.01 sys=0.00, real=0.00 secs] 
219.962: Total time for which application threads were stopped: 0.0020100 seconds, Stopping threads took: 0.0000420 seconds
220.030: Application time: 0.0684790 seconds
220.032: [GC220.032: [ParNew: 303191K->1106K(339904K), 0.0014250 secs] 759633K->457548K(1095044K), 0.0014610 secs] [Times: user=0.01 sys=0.00, real=0.00 secs] 
220.033: Total time for which application threads were stopped: 0.0029050 seconds, Stopping threads took: 0.0010380 seconds
220.101: Application time: 0.0678970 seconds
220.104: [GC220.104: [ParNew: 303250K->1250K(339904K), 0.0013900 secs] 759692K->457691K(1095044K), 0.0014250 secs] [Times: user=0.01 sys=0.00, real=0.00 secs] 
220.105: Total time for which application threads were stopped: 0.0040650 seconds, Stopping threads took: 0.0022400 seconds
220.173: Application time: 0.0680890 seconds
220.174: [GC220.174: [ParNew: 303394K->1240K(339904K), 0.0014060 secs] 759835K->457698K(1095044K), 0.0014490 secs] [Times: user=0.01 sys=0.00, real=0.00 secs] 
220.175: Total time for which application threads were stopped: 0.0019110 seconds, Stopping threads took: 0.0000520 seconds
220.245: Application time: 0.0699570 seconds
220.248: [GC220.248: [ParNew: 303384K->1131K(339904K), 0.0013860 secs] 759842K->457589K(1095044K), 0.0014240 secs] [Times: user=0.01 sys=0.00, real=0.00 secs] 
220.249: Total time for which application threads were stopped: 0.0040420 seconds, Stopping threads took: 0.0022160 seconds
220.317: Application time: 0.0682900 seconds
220.318: [GC220.318: [ParNew: 303275K->1064K(339904K), 0.0013850 secs] 759733K->457522K(1095044K), 0.0014220 secs] [Times: user=0.01 sys=0.00, real=0.01 secs] 
220.319: Total time for which application threads were stopped: 0.0018860 seconds, Stopping threads took: 0.0000600 seconds
220.387: Application time: 0.0679460 seconds
220.388: [GC220.388: [ParNew: 303208K->1057K(339904K), 0.0014670 secs] 759666K->457530K(1095044K), 0.0015010 secs] [Times: user=0.01 sys=0.00, real=0.00 secs] 
220.389: Total time for which application threads were stopped: 0.0019480 seconds, Stopping threads took: 0.0000440 seconds
220.458: Application time: 0.0684690 seconds
220.458: [GC220.458: [ParNew: 303201K->1242K(339904K), 0.0015630 secs] 759674K->457716K(1095044K), 0.0015980 secs] [Times: user=0.01 sys=0.00, real=0.01 secs] 
220.460: Total time for which application threads were stopped: 0.0020610 seconds, Stopping threads took: 0.0000550 seconds
220.529: Application time: 0.0690450 seconds
220.529: [GC220.529: [ParNew: 303386K->1119K(339904K), 0.0015230 secs] 759860K->457592K(1095044K), 0.0015570 secs] [Times: user=0.02 sys=0.00, real=0.00 secs] 
220.531: Total time for which application threads were stopped: 0.0020350 seconds, Stopping threads took: 0.0000510 seconds
220.599: Application time: 0.0686350 seconds
220.604: [GC220.604: [ParNew: 303263K->1126K(339904K), 0.0014790 secs] 759736K->457600K(1095044K), 0.0015120 secs] [Times: user=0.01 sys=0.00, real=0.00 secs] 
220.605: Total time for which application threads were stopped: 0.0057270 seconds, Stopping threads took: 0.0038100 seconds
220.674: Application time: 0.0689730 seconds
220.675: [GC220.675: [ParNew: 303270K->1280K(339904K), 0.0016500 secs] 759744K->457770K(1095044K), 0.0016890 secs] [Times: user=0.01 sys=0.00, real=0.00 secs] 
220.676: Total time for which application threads were stopped: 0.0021300 seconds, Stopping threads took: 0.0000340 seconds
220.745: Application time: 0.0688920 seconds
220.748: [GC220.748: [ParNew: 303424K->1283K(339904K), 0.0014210 secs] 759914K->457772K(1095044K), 0.0014550 secs] [Times: user=0.01 sys=0.00, real=0.00 secs] 
220.749: Total time for which application threads were stopped: 0.0039440 seconds, Stopping threads took: 0.0020820 seconds
220.817: Application time: 0.0678580 seconds
220.820: [GC220.820: [ParNew: 303427K->1149K(339904K), 0.0014070 secs] 759916K->457646K(1095044K), 0.0014410 secs] [Times: user=0.01 sys=0.00, real=0.00 secs] 
220.821: Total time for which application threads were stopped: 0.0041000 seconds, Stopping threads took: 0.0022750 seconds
220.889: Application time: 0.0678610 seconds
220.889: [GC220.889: [ParNew: 303293K->1282K(339904K), 0.0013650 secs] 759790K->457796K(1095044K), 0.0014000 secs] [Times: user=0.01 sys=0.00, real=0.00 secs] 
220.891: Total time for which application threads were stopped: 0.0018530 seconds, Stopping threads took: 0.0000470 seconds
220.959: Application time: 0.0678580 seconds
220.959: [GC220.959: [ParNew: 303426K->1253K(339904K), 0.0013800 secs] 759940K->457767K(1095044K), 0.0014090 secs] [Times: user=0.01 sys=0.00, real=0.01 secs] 
220.961: Total time for which application threads were stopped: 0.0018550 seconds, Stopping threads took: 0.0000390 seconds
221.029: Application time: 0.0682620 seconds
221.032: [GC221.032: [ParNew: 303397K->1362K(339904K), 0.0013780 secs] 759911K->457875K(1095044K), 0.0014110 secs] [Times: user=0.01 sys=0.00, real=0.00 secs] 
221.033: Total time for which application threads were stopped: 0.0043090 seconds, Stopping threads took: 0.0024760 seconds
221.102: Application time: 0.0685320 seconds
221.102: [GC221.102: [ParNew: 303506K->1009K(339904K), 0.0015370 secs] 760019K->457530K(1095044K), 0.0015720 secs] [Times: user=0.01 sys=0.00, real=0.00 secs] 
221.104: Total time for which application threads were stopped: 0.0020170 seconds, Stopping threads took: 0.0000530 seconds
221.171: Application time: 0.0678100 seconds
221.172: [GC221.172: [ParNew: 303153K->1002K(339904K), 0.0013070 secs] 759674K->457523K(1095044K), 0.0013420 secs] [Times: user=0.00 sys=0.00, real=0.00 secs] 
221.173: Total time for which application threads were stopped: 0.0018100 seconds, Stopping threads took: 0.0000530 seconds
221.242: Application time: 0.0689530 seconds
221.243: [GC221.243: [ParNew: 303146K->1053K(339904K), 0.0013400 secs] 759667K->457575K(1095044K), 0.0013780 secs] [Times: user=0.01 sys=0.00, real=0.00 secs] 
221.244: Total time for which application threads were stopped: 0.0018220 seconds, Stopping threads took: 0.0000450 seconds
221.312: Application time: 0.0677560 seconds
221.312: [GC221.312: [ParNew: 303197K->1165K(339904K), 0.0014000 secs] 759719K->457703K(1095044K), 0.0014350 secs] [Times: user=0.01 sys=0.00, real=0.00 secs] 
221.314: Total time for which application threads were stopped: 0.0018940 seconds, Stopping threads took: 0.0000530 seconds
221.382: Application time: 0.0683870 seconds
221.384: [GC221.384: [ParNew: 303309K->1076K(339904K), 0.0014430 secs] 759847K->457614K(1095044K), 0.0014760 secs] [Times: user=0.01 sys=0.00, real=0.00 secs] 
221.385: Total time for which application threads were stopped: 0.0030480 seconds, Stopping threads took: 0.0011550 seconds
221.453: Application time: 0.0681380 seconds
221.454: [GC221.454: [ParNew: 303220K->1101K(339904K), 0.0014160 secs] 759758K->457639K(1095044K), 0.0014510 secs] [Times: user=0.01 sys=0.00, real=0.00 secs] 
221.455: Total time for which application threads were stopped: 0.0019020 seconds, Stopping threads took: 0.0000500 seconds
221.524: Application time: 0.0683390 seconds
221.524: [GC221.524: [ParNew: 303245K->1268K(339904K), 0.0013880 secs] 759783K->457806K(1095044K), 0.0014230 secs] [Times: user=0.01 sys=0.00, real=0.00 secs] 
221.525: Total time for which application threads were stopped: 0.0018930 seconds, Stopping threads took: 0.0000440 seconds
221.594: Application time: 0.0681870 seconds
221.594: [GC221.594: [ParNew: 303412K->1369K(339904K), 0.0014200 secs] 759950K->457922K(1095044K), 0.0014570 secs] [Times: user=0.01 sys=0.00, real=0.00 secs] 
221.596: Total time for which application threads were stopped: 0.0019270 seconds, Stopping threads took: 0.0000440 seconds
221.665: Application time: 0.0691980 seconds
221.665: [GC221.665: [ParNew: 303513K->1369K(339904K), 0.0015780 secs] 760066K->457923K(1095044K), 0.0016100 secs] [Times: user=0.01 sys=0.00, real=0.00 secs] 
221.667: Total time for which application threads were stopped: 0.0020920 seconds, Stopping threads took: 0.0000710 seconds
221.736: Application time: 0.0686850 seconds
221.740: [GC221.740: [ParNew: 303513K->1079K(339904K), 0.0013940 secs] 760067K->457632K(1095044K), 0.0014300 secs] [Times: user=0.01 sys=0.00, real=0.00 secs] 
221.741: Total time for which application threads were stopped: 0.0055590 seconds, Stopping threads took: 0.0037240 seconds
221.809: Application time: 0.0682290 seconds
221.810: [GC221.810: [ParNew: 303223K->1357K(339904K), 0.0016610 secs] 759776K->457919K(1095044K), 0.0016970 secs] [Times: user=0.01 sys=0.00, real=0.00 secs] 
221.812: Total time for which application threads were stopped: 0.0021610 seconds, Stopping threads took: 0.0000550 seconds
221.880: Application time: 0.0680890 seconds
221.884: [GC221.884: [ParNew: 303501K->1349K(339904K), 0.0014130 secs] 760063K->457927K(1095044K), 0.0014490 secs] [Times: user=0.01 sys=0.00, real=0.00 secs] 
221.885: Total time for which application threads were stopped: 0.0055180 seconds, Stopping threads took: 0.0036630 seconds
221.954: Application time: 0.0685450 seconds
221.954: [GC221.954: [ParNew: 303493K->1264K(339904K), 0.0014420 secs] 760071K->457841K(1095044K), 0.0014870 secs] [Times: user=0.01 sys=0.00, real=0.00 secs] 
221.956: Total time for which application threads were stopped: 0.0019560 seconds, Stopping threads took: 0.0000610 seconds
222.027: Application time: 0.0710630 seconds
222.028: [GC222.028: [ParNew: 303408K->1021K(339904K), 0.0016110 secs] 759985K->457599K(1095044K), 0.0016480 secs] [Times: user=0.02 sys=0.00, real=0.00 secs] 
222.029: Total time for which application threads were stopped: 0.0026670 seconds, Stopping threads took: 0.0005840 seconds
222.098: Application time: 0.0691320 seconds
222.099: [GC222.099: [ParNew: 303165K->988K(339904K), 0.0014680 secs] 759743K->457573K(1095044K), 0.0015020 secs] [Times: user=0.01 sys=0.00, real=0.01 secs] 
222.100: Total time for which application threads were stopped: 0.0019890 seconds, Stopping threads took: 0.0000540 seconds
222.169: Application time: 0.0684000 seconds
222.169: [GC222.169: [ParNew: 303132K->1039K(339904K), 0.0015540 secs] 759717K->457633K(1095044K), 0.0015880 secs] [Times: user=0.01 sys=0.00, real=0.00 secs] 
222.171: Total time for which application threads were stopped: 0.0020530 seconds, Stopping threads took: 0.0000510 seconds
222.240: Application time: 0.0686700 seconds
222.244: [GC222.244: [ParNew: 303183K->1261K(339904K), 0.0014610 secs] 759777K->457855K(1095044K), 0.0014970 secs] [Times: user=0.01 sys=0.00, real=0.00 secs] 
222.245: Total time for which application threads were stopped: 0.0055130 seconds, Stopping threads took: 0.0036440 seconds
222.313: Application time: 0.0683030 seconds
222.316: [GC222.316: [ParNew: 303405K->1094K(339904K), 0.0014340 secs] 759999K->457687K(1095044K), 0.0014680 secs] [Times: user=0.01 sys=0.00, real=0.00 secs] 
222.317: Total time for which application threads were stopped: 0.0036980 seconds, Stopping threads took: 0.0018220 seconds
222.385: Application time: 0.0683220 seconds
222.386: [GC222.386: [ParNew: 303238K->1144K(339904K), 0.0014360 secs] 759831K->457738K(1095044K), 0.0014700 secs] [Times: user=0.01 sys=0.00, real=0.01 secs] 
222.387: Total time for which application threads were stopped: 0.0019450 seconds, Stopping threads took: 0.0000730 seconds
222.456: Application time: 0.0685470 seconds
222.456: [GC222.456: [ParNew: 303288K->1283K(339904K), 0.0014070 secs] 759882K->457892K(1095044K), 0.0014420 secs] [Times: user=0.01 sys=0.00, real=0.00 secs] 
222.458: Total time for which application threads were stopped: 0.0018990 seconds, Stopping threads took: 0.0000490 seconds
222.526: Application time: 0.0684350 seconds
222.527: [GC222.527: [ParNew: 303427K->1406K(339904K), 0.0015720 secs] 760036K->458016K(1095044K), 0.0016040 secs] [Times: user=0.01 sys=0.00, real=0.01 secs] 
222.528: Total time for which application threads were stopped: 0.0020760 seconds, Stopping threads took: 0.0000550 seconds
222.597: Application time: 0.0685790 seconds
222.600: [GC222.600: [ParNew: 303550K->1342K(339904K), 0.0014380 secs] 760160K->457952K(1095044K), 0.0014640 secs] [Times: user=0.01 sys=0.00, real=0.00 secs] 
222.601: Total time for which application threads were stopped: 0.0041850 seconds, Stopping threads took: 0.0022990 seconds
222.670: Application time: 0.0687400 seconds
222.672: [GC222.672: [ParNew: 303486K->1206K(339904K), 0.0014160 secs] 760096K->457816K(1095044K), 0.0014510 secs] [Times: user=0.01 sys=0.00, real=0.00 secs] 
222.673: Total time for which application threads were stopped: 0.0032210 seconds, Stopping threads took: 0.0013700 seconds
222.741: Application time: 0.0681260 seconds
222.744: [GC222.744: [ParNew: 303350K->1189K(339904K), 0.0013570 secs] 759960K->457807K(1095044K), 0.0013900 secs] [Times: user=0.01 sys=0.00, real=0.00 secs] 
222.745: Total time for which application threads were stopped: 0.0038120 seconds, Stopping threads took: 0.0020180 seconds
222.813: Application time: 0.0682800 seconds
222.814: [GC222.814: [ParNew: 303333K->1164K(339904K), 0.0014240 secs] 759951K->457798K(1095044K), 0.0014660 secs] [Times: user=0.01 sys=0.00, real=0.00 secs] 
222.815: Total time for which application threads were stopped: 0.0019240 seconds, Stopping threads took: 0.0000500 seconds
222.884: Application time: 0.0688150 seconds
222.885: [GC222.885: [ParNew: 303308K->1291K(339904K), 0.0014400 secs] 759942K->457925K(1095044K), 0.0014740 secs] [Times: user=0.01 sys=0.00, real=0.00 secs] 
222.886: Total time for which application threads were stopped: 0.0019400 seconds, Stopping threads took: 0.0000530 seconds
222.955: Application time: 0.0691090 seconds
222.960: [GC222.960: [ParNew: 303435K->991K(339904K), 0.0013550 secs] 760069K->457624K(1095044K), 0.0013890 secs] [Times: user=0.01 sys=0.00, real=0.00 secs] 
222.961: Total time for which application threads were stopped: 0.0059060 seconds, Stopping threads took: 0.0041170 seconds
223.030: Application time: 0.0693660 seconds
223.032: [GC223.032: [ParNew: 303135K->1070K(339904K), 0.0013670 secs] 759768K->457712K(1095044K), 0.0014000 secs] [Times: user=0.01 sys=0.00, real=0.00 secs] 
223.033: Total time for which application threads were stopped: 0.0026640 seconds, Stopping threads took: 0.0008530 seconds
223.102: Application time: 0.0690250 seconds
223.104: [GC223.104: [ParNew: 303214K->1159K(339904K), 0.0013820 secs] 759856K->457857K(1095044K), 0.0014140 secs] [Times: user=0.01 sys=0.00, real=0.00 secs] 
223.105: Total time for which application threads were stopped: 0.0030220 seconds, Stopping threads took: 0.0011650 seconds
223.173: Application time: 0.0678840 seconds
223.173: [GC223.174: [ParNew: 303303K->1209K(339904K), 0.0013430 secs] 760001K->457907K(1095044K), 0.0013770 secs] [Times: user=0.01 sys=0.00, real=0.00 secs] 
223.175: Total time for which application threads were stopped: 0.0018550 seconds, Stopping threads took: 0.0000490 seconds
223.244: Application time: 0.0693440 seconds
223.248: [GC223.248: [ParNew: 303353K->1088K(339904K), 0.0014070 secs] 760051K->457786K(1095044K), 0.0014420 secs] [Times: user=0.01 sys=0.00, real=0.00 secs] 
223.249: Total time for which application threads were stopped: 0.0048810 seconds, Stopping threads took: 0.0030340 seconds
223.317: Application time: 0.0678790 seconds
223.317: [GC223.317: [ParNew: 303232K->1104K(339904K), 0.0014360 secs] 759930K->457802K(1095044K), 0.0014700 secs] [Times: user=0.01 sys=0.00, real=0.00 secs] 
223.319: Total time for which application threads were stopped: 0.0019230 seconds, Stopping threads took: 0.0000490 seconds
223.387: Application time: 0.0682100 seconds
223.392: [GC223.392: [ParNew: 303248K->1226K(339904K), 0.0013620 secs] 759946K->457940K(1095044K), 0.0013970 secs] [Times: user=0.01 sys=0.00, real=0.00 secs] 
223.393: Total time for which application threads were stopped: 0.0059270 seconds, Stopping threads took: 0.0041240 seconds
223.463: Application time: 0.0704320 seconds
223.468: [GC223.468: [ParNew: 303370K->1308K(339904K), 0.0014380 secs] 760084K->458022K(1095044K), 0.0014690 secs] [Times: user=0.01 sys=0.00, real=0.00 secs] 
223.469: Total time for which application threads were stopped: 0.0056380 seconds, Stopping threads took: 0.0037650 seconds
223.538: Application time: 0.0686630 seconds
223.538: [GC223.538: [ParNew: 303452K->1483K(339904K), 0.0014250 secs] 760166K->458197K(1095044K), 0.0014600 secs] [Times: user=0.01 sys=0.00, real=0.01 secs] 
223.540: Total time for which application threads were stopped: 0.0019400 seconds, Stopping threads took: 0.0000760 seconds
223.611: Application time: 0.0709110 seconds
223.612: [GC223.612: [ParNew: 303627K->1532K(339904K), 0.0015230 secs] 760341K->458246K(1095044K), 0.0015620 secs] [Times: user=0.01 sys=0.00, real=0.00 secs] 
223.613: Total time for which application threads were stopped: 0.0026000 seconds, Stopping threads took: 0.0006200 seconds
223.630: Application time: 0.0169780 seconds
223.631: Total time for which application threads were stopped: 0.0004440 seconds, Stopping threads took: 0.0000840 seconds
223.682: Application time: 0.0515560 seconds
223.684: [GC223.684: [ParNew: 303676K->1330K(339904K), 0.0014560 secs] 760390K->458043K(1095044K), 0.0015010 secs] [Times: user=0.01 sys=0.00, real=0.00 secs] 
223.685: Total time for which application threads were stopped: 0.0029190 seconds, Stopping threads took: 0.0010240 seconds
223.753: Application time: 0.0683000 seconds
223.756: [GC223.756: [ParNew: 303474K->1533K(339904K), 0.0014090 secs] 760187K->458263K(1095044K), 0.0014440 secs] [Times: user=0.01 sys=0.00, real=0.00 secs] 
223.757: Total time for which application threads were stopped: 0.0036390 seconds, Stopping threads took: 0.0017950 seconds
223.826: Application time: 0.0688360 seconds
223.826: [GC223.826: [ParNew: 303677K->1246K(339904K), 0.0015150 secs] 760407K->457976K(1095044K), 0.0015420 secs] [Times: user=0.01 sys=0.00, real=0.01 secs] 
223.828: Total time for which application threads were stopped: 0.0020000 seconds, Stopping threads took: 0.0000480 seconds
223.897: Application time: 0.0686600 seconds
223.900: [GC223.900: [ParNew: 303390K->1115K(339904K), 0.0014100 secs] 760120K->457845K(1095044K), 0.0014450 secs] [Times: user=0.01 sys=0.00, real=0.00 secs] 
223.901: Total time for which application threads were stopped: 0.0044950 seconds, Stopping threads took: 0.0026480 seconds
223.969: Application time: 0.0679420 seconds
223.969: [GC223.969: [ParNew: 303259K->1231K(339904K), 0.0014810 secs] 759989K->457977K(1095044K), 0.0015170 secs] [Times: user=0.01 sys=0.00, real=0.00 secs] 
223.971: Total time for which application threads were stopped: 0.0019370 seconds, Stopping threads took: 0.0000510 seconds
224.039: Application time: 0.0680490 seconds
224.044: [GC224.044: [ParNew: 303375K->1273K(339904K), 0.0013910 secs] 760121K->458027K(1095044K), 0.0014240 secs] [Times: user=0.01 sys=0.00, real=0.00 secs] 
224.045: Total time for which application threads were stopped: 0.0060340 seconds, Stopping threads took: 0.0042090 seconds
224.114: Application time: 0.0693380 seconds
224.115: [GC224.115: [ParNew: 303417K->1100K(339904K), 0.0013940 secs] 760171K->457854K(1095044K), 0.0014300 secs] [Times: user=0.01 sys=0.00, real=0.00 secs] 
224.116: Total time for which application threads were stopped: 0.0019230 seconds, Stopping threads took: 0.0000750 seconds
224.184: Application time: 0.0679790 seconds
224.185: [GC224.185: [ParNew: 303244K->1268K(339904K), 0.0014120 secs] 759998K->458022K(1095044K), 0.0014480 secs] [Times: user=0.01 sys=0.00, real=0.00 secs] 
224.186: Total time for which application threads were stopped: 0.0019030 seconds, Stopping threads took: 0.0000560 seconds
224.255: Application time: 0.0685410 seconds
224.260: [GC224.260: [ParNew: 303412K->1261K(339904K), 0.0013850 secs] 760166K->458015K(1095044K), 0.0014190 secs] [Times: user=0.01 sys=0.00, real=0.00 secs] 
224.261: Total time for which application threads were stopped: 0.0062880 seconds, Stopping threads took: 0.0044660 seconds
224.329: Application time: 0.0679450 seconds
224.332: [GC224.332: [ParNew: 303405K->1398K(339904K), 0.0013870 secs] 760159K->458168K(1095044K), 0.0014240 secs] [Times: user=0.01 sys=0.00, real=0.00 secs] 
224.333: Total time for which application threads were stopped: 0.0040640 seconds, Stopping threads took: 0.0022370 seconds
224.401: Application time: 0.0683980 seconds
224.402: [GC224.402: [ParNew: 303542K->1394K(339904K), 0.0014550 secs] 760312K->458164K(1095044K), 0.0014900 secs] [Times: user=0.01 sys=0.00, real=0.00 secs] 
224.403: Total time for which application threads were stopped: 0.0019070 seconds, Stopping threads took: 0.0000480 seconds
224.472: Application time: 0.0683090 seconds
224.476: [GC224.476: [ParNew: 303538K->1517K(339904K), 0.0014220 secs] 760308K->458287K(1095044K), 0.0014570 secs] [Times: user=0.01 sys=0.00, real=0.00 secs] 
224.477: Total time for which application threads were stopped: 0.0053980 seconds, Stopping threads took: 0.0035420 seconds
224.545: Application time: 0.0683390 seconds
224.546: [GC224.546: [ParNew: 303661K->1741K(339904K), 0.0015600 secs] 760431K->458511K(1095044K), 0.0015920 secs] [Times: user=0.01 sys=0.00, real=0.01 secs] 
224.548: Total time for which application threads were stopped: 0.0020490 seconds, Stopping threads took: 0.0000510 seconds
224.616: Application time: 0.0688420 seconds
224.620: [GC224.620: [ParNew: 303885K->1296K(339904K), 0.0014470 secs] 760655K->458065K(1095044K), 0.0014820 secs] [Times: user=0.01 sys=0.00, real=0.00 secs] 
224.621: Total time for which application threads were stopped: 0.0048090 seconds, Stopping threads took: 0.0029110 seconds
224.689: Application time: 0.0682080 seconds
224.690: [GC224.690: [ParNew: 303440K->1204K(339904K), 0.0014870 secs] 760209K->458102K(1095044K), 0.0015230 secs] [Times: user=0.01 sys=0.00, real=0.00 secs] 
224.691: Total time for which application threads were stopped: 0.0019870 seconds, Stopping threads took: 0.0000680 seconds
224.760: Application time: 0.0690570 seconds
224.761: [GC224.761: [ParNew: 303348K->1042K(339904K), 0.0013850 secs] 760246K->457948K(1095044K), 0.0014190 secs] [Times: user=0.01 sys=0.00, real=0.00 secs] 
224.762: Total time for which application threads were stopped: 0.0018860 seconds, Stopping threads took: 0.0000660 seconds
224.831: Application time: 0.0687760 seconds
224.832: [GC224.832: [ParNew: 303186K->955K(339904K), 0.0013380 secs] 760092K->457860K(1095044K), 0.0013700 secs] [Times: user=0.01 sys=0.00, real=0.00 secs] 
224.833: Total time for which application threads were stopped: 0.0018530 seconds, Stopping threads took: 0.0000720 seconds
224.902: Application time: 0.0686450 seconds
224.902: [GC224.902: [ParNew: 303099K->1138K(339904K), 0.0013520 secs] 760004K->458051K(1095044K), 0.0013880 secs] [Times: user=0.01 sys=0.00, real=0.00 secs] 
224.903: Total time for which application threads were stopped: 0.0018390 seconds, Stopping threads took: 0.0000480 seconds
224.972: Application time: 0.0690600 seconds
224.973: [GC224.973: [ParNew: 303282K->1132K(339904K), 0.0014490 secs] 760195K->458054K(1095044K), 0.0014830 secs] [Times: user=0.00 sys=0.00, real=0.00 secs] 
224.974: Total time for which application threads were stopped: 0.0019450 seconds, Stopping threads took: 0.0000570 seconds
225.043: Application time: 0.0687330 seconds
225.048: [GC225.048: [ParNew: 303276K->1075K(339904K), 0.0013570 secs] 760198K->457997K(1095044K), 0.0013930 secs] [Times: user=0.01 sys=0.00, real=0.00 secs] 
225.049: Total time for which application threads were stopped: 0.0058620 seconds, Stopping threads took: 0.0040730 seconds
225.117: Application time: 0.0680300 seconds
225.120: [GC225.120: [ParNew: 303219K->1082K(339904K), 0.0013620 secs] 760141K->458004K(1095044K), 0.0013960 secs] [Times: user=0.01 sys=0.00, real=0.00 secs] 
225.121: Total time for which application threads were stopped: 0.0039780 seconds, Stopping threads took: 0.0021770 seconds
225.189: Application time: 0.0684140 seconds
225.190: [GC225.190: [ParNew: 303226K->1137K(339904K), 0.0013470 secs] 760148K->458059K(1095044K), 0.0013810 secs] [Times: user=0.01 sys=0.01, real=0.00 secs] 
225.191: Total time for which application threads were stopped: 0.0018570 seconds, Stopping threads took: 0.0000510 seconds
225.260: Application time: 0.0689650 seconds
225.264: [GC225.264: [ParNew: 303281K->1214K(339904K), 0.0013860 secs] 760203K->458151K(1095044K), 0.0014200 secs] [Times: user=0.01 sys=0.00, real=0.00 secs] 
225.265: Total time for which application threads were stopped: 0.0047650 seconds, Stopping threads took: 0.0029440 seconds
225.333: Application time: 0.0681580 seconds
225.336: [GC225.336: [ParNew: 303358K->1273K(339904K), 0.0013900 secs] 760295K->458211K(1095044K), 0.0014260 secs] [Times: user=0.01 sys=0.00, real=0.00 secs] 
225.337: Total time for which application threads were stopped: 0.0038500 seconds, Stopping threads took: 0.0020250 seconds
225.406: Application time: 0.0686570 seconds
225.406: [GC225.406: [ParNew: 303417K->1403K(339904K), 0.0014330 secs] 760355K->458341K(1095044K), 0.0014680 secs] [Times: user=0.01 sys=0.00, real=0.01 secs] 
225.408: Total time for which application threads were stopped: 0.0019210 seconds, Stopping threads took: 0.0000490 seconds
225.476: Application time: 0.0684150 seconds
225.477: [GC225.477: [ParNew: 303547K->1381K(339904K), 0.0014880 secs] 760485K->458319K(1095044K), 0.0015340 secs] [Times: user=0.01 sys=0.00, real=0.00 secs] 
225.478: Total time for which application threads were stopped: 0.0019880 seconds, Stopping threads took: 0.0000530 seconds
225.548: Application time: 0.0694570 seconds
225.548: [GC225.548: [ParNew: 303525K->1329K(339904K), 0.0015790 secs] 760463K->458266K(1095044K), 0.0016140 secs] [Times: user=0.01 sys=0.00, real=0.00 secs] 
225.550: Total time for which application threads were stopped: 0.0020530 seconds, Stopping threads took: 0.0000440 seconds
225.620: Application time: 0.0705130 seconds
225.621: [GC225.621: [ParNew: 303473K->1314K(339904K), 0.0014740 secs] 760410K->458251K(1095044K), 0.0015140 secs] [Times: user=0.01 sys=0.00, real=0.00 secs] 
225.622: Total time for which application threads were stopped: 0.0019760 seconds, Stopping threads took: 0.0000670 seconds
225.656: Application time: 0.0342350 seconds
225.657: Total time for which application threads were stopped: 0.0004220 seconds, Stopping threads took: 0.0000560 seconds
225.691: Application time: 0.0341750 seconds
225.691: [GC225.691: [ParNew: 303458K->1056K(339904K), 0.0013630 secs] 760395K->458002K(1095044K), 0.0014000 secs] [Times: user=0.00 sys=0.01, real=0.00 secs] 
225.693: Total time for which application threads were stopped: 0.0018810 seconds, Stopping threads took: 0.0000580 seconds
225.761: Application time: 0.0685270 seconds
225.762: [GC225.762: [ParNew: 303200K->1250K(339904K), 0.0013680 secs] 760146K->458196K(1095044K), 0.0014020 secs] [Times: user=0.01 sys=0.00, real=0.00 secs] 
225.763: Total time for which application threads were stopped: 0.0018400 seconds, Stopping threads took: 0.0000400 seconds
225.832: Application time: 0.0688050 seconds
225.832: [GC225.832: [ParNew: 303394K->1170K(339904K), 0.0013830 secs] 760340K->458123K(1095044K), 0.0014180 secs] [Times: user=0.01 sys=0.00, real=0.00 secs] 
225.834: Total time for which application threads were stopped: 0.0018740 seconds, Stopping threads took: 0.0000500 seconds
225.903: Application time: 0.0692090 seconds
225.904: [GC225.904: [ParNew: 303314K->1196K(339904K), 0.0014580 secs] 760267K->458166K(1095044K), 0.0014900 secs] [Times: user=0.01 sys=0.00, real=0.00 secs] 
225.905: Total time for which application threads were stopped: 0.0019570 seconds, Stopping threads took: 0.0000520 seconds
225.973: Application time: 0.0683510 seconds
225.974: [GC225.974: [ParNew: 303340K->1169K(339904K), 0.0013980 secs] 760310K->458139K(1095044K), 0.0014340 secs] [Times: user=0.01 sys=0.00, real=0.00 secs] 
225.975: Total time for which application threads were stopped: 0.0018880 seconds, Stopping threads took: 0.0000510 seconds
226.044: Application time: 0.0683220 seconds
226.044: [GC226.044: [ParNew: 303313K->1223K(339904K), 0.0013940 secs] 760283K->458192K(1095044K), 0.0014300 secs] [Times: user=0.01 sys=0.00, real=0.00 secs] 
226.046: Total time for which application threads were stopped: 0.0018810 seconds, Stopping threads took: 0.0000430 seconds
226.113: Application time: 0.0679300 seconds
226.116: [GC226.116: [ParNew: 303367K->1101K(339904K), 0.0013940 secs] 760336K->458087K(1095044K), 0.0014270 secs] [Times: user=0.01 sys=0.00, real=0.00 secs] 
226.117: Total time for which application threads were stopped: 0.0036640 seconds, Stopping threads took: 0.0018360 seconds
226.185: Application time: 0.0680260 seconds
226.186: [GC226.186: [ParNew: 303245K->1187K(339904K), 0.0014150 secs] 760231K->458173K(1095044K), 0.0014500 secs] [Times: user=0.01 sys=0.00, real=0.00 secs] 
226.187: Total time for which application threads were stopped: 0.0019040 seconds, Stopping threads took: 0.0000550 seconds
226.256: Application time: 0.0691940 seconds
226.257: [GC226.257: [ParNew: 303331K->1288K(339904K), 0.0015640 secs] 760317K->458274K(1095044K), 0.0016000 secs] [Times: user=0.01 sys=0.00, real=0.00 secs] 
226.258: Total time for which application threads were stopped: 0.0020710 seconds, Stopping threads took: 0.0000510 seconds
226.327: Application time: 0.0686630 seconds
226.332: [GC226.332: [ParNew: 303432K->1479K(339904K), 0.0015250 secs] 760418K->458464K(1095044K), 0.0015700 secs] [Times: user=0.01 sys=0.00, real=0.00 secs] 
226.333: Total time for which application threads were stopped: 0.0062550 seconds, Stopping threads took: 0.0042840 seconds
226.402: Application time: 0.0686820 seconds
226.404: [GC226.404: [ParNew: 303623K->1443K(339904K), 0.0015140 secs] 760608K->458429K(1095044K), 0.0015500 secs] [Times: user=0.01 sys=0.00, real=0.00 secs] 
226.405: Total time for which application threads were stopped: 0.0032980 seconds, Stopping threads took: 0.0013480 seconds
226.475: Application time: 0.0698580 seconds
226.476: [GC226.476: [ParNew: 303587K->1619K(339904K), 0.0015590 secs] 760573K->458605K(1095044K), 0.0015920 secs] [Times: user=0.01 sys=0.00, real=0.00 secs] 
226.477: Total time for which application threads were stopped: 0.0020830 seconds, Stopping threads took: 0.0000830 seconds
226.546: Application time: 0.0690280 seconds
226.547: [GC226.547: [ParNew: 303763K->1280K(339904K), 0.0014240 secs] 760749K->458265K(1095044K), 0.0014590 secs] [Times: user=0.01 sys=0.00, real=0.01 secs] 
226.548: Total time for which application threads were stopped: 0.0019160 seconds, Stopping threads took: 0.0000600 seconds
226.617: Application time: 0.0685040 seconds
226.617: [GC226.617: [ParNew: 303424K->980K(339904K), 0.0013710 secs] 760409K->457974K(1095044K), 0.0014070 secs] [Times: user=0.01 sys=0.00, real=0.00 secs] 
226.618: Total time for which application threads were stopped: 0.0018550 seconds, Stopping threads took: 0.0000450 seconds
226.687: Application time: 0.0685950 seconds
226.692: [GC226.692: [ParNew: 303124K->999K(339904K), 0.0014510 secs] 760118K->458105K(1095044K), 0.0014870 secs] [Times: user=0.01 sys=0.00, real=0.00 secs] 
226.693: Total time for which application threads were stopped: 0.0060420 seconds, Stopping threads took: 0.0041890 seconds
226.762: Application time: 0.0684930 seconds
226.762: [GC226.762: [ParNew: 303143K->1010K(339904K), 0.0014620 secs] 760249K->458124K(1095044K), 0.0014990 secs] [Times: user=0.01 sys=0.00, real=0.00 secs] 
226.764: Total time for which application threads were stopped: 0.0019460 seconds, Stopping threads took: 0.0000590 seconds
226.832: Application time: 0.0683840 seconds
226.832: [GC226.832: [ParNew: 303154K->1035K(339904K), 0.0014200 secs] 760268K->458149K(1095044K), 0.0014580 secs] [Times: user=0.01 sys=0.00, real=0.00 secs] 
226.834: Total time for which application threads were stopped: 0.0018680 seconds, Stopping threads took: 0.0000450 seconds
226.902: Application time: 0.0679500 seconds
226.902: [GC226.902: [ParNew: 303179K->1073K(339904K), 0.0016690 secs] 760293K->458195K(1095044K), 0.0017060 secs] [Times: user=0.01 sys=0.00, real=0.00 secs] 
226.904: Total time for which application threads were stopped: 0.0021530 seconds, Stopping threads took: 0.0000480 seconds
226.972: Application time: 0.0680040 seconds
226.972: [GC226.972: [ParNew: 303217K->1043K(339904K), 0.0013440 secs] 760339K->458165K(1095044K), 0.0013790 secs] [Times: user=0.01 sys=0.00, real=0.00 secs] 
226.974: Total time for which application threads were stopped: 0.0018180 seconds, Stopping threads took: 0.0000430 seconds
227.042: Application time: 0.0681310 seconds
227.042: [GC227.042: [ParNew: 303187K->1150K(339904K), 0.0014750 secs] 760309K->458280K(1095044K), 0.0015120 secs] [Times: user=0.01 sys=0.00, real=0.00 secs] 
227.044: Total time for which application threads were stopped: 0.0019750 seconds, Stopping threads took: 0.0000550 seconds
227.112: Application time: 0.0682970 seconds
227.113: [GC227.113: [ParNew: 303294K->1178K(339904K), 0.0013980 secs] 760424K->458308K(1095044K), 0.0014310 secs] [Times: user=0.01 sys=0.00, real=0.00 secs] 
227.114: Total time for which application threads were stopped: 0.0018910 seconds, Stopping threads took: 0.0000530 seconds
227.182: Application time: 0.0680910 seconds
227.184: [GC227.184: [ParNew: 303322K->1485K(339904K), 0.0013970 secs] 760452K->458615K(1095044K), 0.0014410 secs] [Times: user=0.01 sys=0.00, real=0.00 secs] 
227.185: Total time for which application threads were stopped: 0.0029420 seconds, Stopping threads took: 0.0010950 seconds
227.254: Application time: 0.0687330 seconds
227.254: [GC227.254: [ParNew: 303629K->1122K(339904K), 0.0014570 secs] 760759K->458252K(1095044K), 0.0014940 secs] [Times: user=0.01 sys=0.00, real=0.00 secs] 
227.256: Total time for which application threads were stopped: 0.0019510 seconds, Stopping threads took: 0.0000520 seconds
227.324: Application time: 0.0681800 seconds
227.324: [GC227.324: [ParNew: 303266K->1507K(339904K), 0.0014500 secs] 760396K->458637K(1095044K), 0.0014860 secs] [Times: user=0.01 sys=0.00, real=0.00 secs] 
227.326: Total time for which application threads were stopped: 0.0019640 seconds, Stopping threads took: 0.0000530 seconds
227.395: Application time: 0.0687580 seconds
227.395: [GC227.395: [ParNew: 303651K->1407K(339904K), 0.0016280 secs] 760781K->458536K(1095044K), 0.0016610 secs] [Times: user=0.01 sys=0.00, real=0.00 secs] 
227.397: Total time for which application threads were stopped: 0.0021190 seconds, Stopping threads took: 0.0000480 seconds
227.467: Application time: 0.0705420 seconds
227.468: [GC227.468: [ParNew: 303551K->1221K(339904K), 0.0014880 secs] 760680K->458351K(1095044K), 0.0015240 secs] [Times: user=0.01 sys=0.00, real=0.00 secs] 
227.469: Total time for which application threads were stopped: 0.0019710 seconds, Stopping threads took: 0.0000540 seconds
227.538: Application time: 0.0683390 seconds
227.540: [GC227.540: [ParNew: 303365K->975K(339904K), 0.0013510 secs] 760495K->458113K(1095044K), 0.0013850 secs] [Times: user=0.01 sys=0.00, real=0.00 secs] 
227.541: Total time for which application threads were stopped: 0.0033770 seconds, Stopping threads took: 0.0015890 seconds
227.610: Application time: 0.0685080 seconds
227.612: [GC227.612: [ParNew: 303119K->1062K(339904K), 0.0014780 secs] 760257K->458216K(1095044K), 0.0015110 secs] [Times: user=0.01 sys=0.00, real=0.00 secs] 
227.613: Total time for which application threads were stopped: 0.0036060 seconds, Stopping threads took: 0.0016950 seconds
227.682: Application time: 0.0686160 seconds
227.682: [GC227.682: [ParNew: 303206K->1138K(339904K), 0.0013680 secs] 760360K->458299K(1095044K), 0.0014010 secs] [Times: user=0.01 sys=0.00, real=0.00 secs] 
227.684: Total time for which application threads were stopped: 0.0018630 seconds, Stopping threads took: 0.0000590 seconds
227.752: Application time: 0.0688310 seconds
227.756: [GC227.756: [ParNew: 303282K->1071K(339904K), 0.0013970 secs] 760443K->458233K(1095044K), 0.0014310 secs] [Times: user=0.01 sys=0.00, real=0.00 secs] 
227.757: Total time for which application threads were stopped: 0.0045960 seconds, Stopping threads took: 0.0027630 seconds
227.826: Application time: 0.0685400 seconds
227.826: [GC227.826: [ParNew: 303215K->1160K(339904K), 0.0015480 secs] 760377K->458330K(1095044K), 0.0015820 secs] [Times: user=0.01 sys=0.00, real=0.01 secs] 
227.828: Total time for which application threads were stopped: 0.0020630 seconds, Stopping threads took: 0.0000520 seconds
227.896: Application time: 0.0680720 seconds
227.900: [GC227.900: [ParNew: 303304K->961K(339904K), 0.0013570 secs] 760474K->458147K(1095044K), 0.0013910 secs] [Times: user=0.01 sys=0.00, real=0.00 secs] 
227.901: Total time for which application threads were stopped: 0.0052730 seconds, Stopping threads took: 0.0034810 seconds
227.970: Application time: 0.0685490 seconds
227.972: [GC227.972: [ParNew: 303105K->1184K(339904K), 0.0013640 secs] 760291K->458370K(1095044K), 0.0013980 secs] [Times: user=0.01 sys=0.00, real=0.00 secs] 
227.973: Total time for which application threads were stopped: 0.0034630 seconds, Stopping threads took: 0.0016620 seconds
228.041: Application time: 0.0682370 seconds
228.042: [GC228.042: [ParNew: 303328K->1360K(339904K), 0.0013940 secs] 760514K->458546K(1095044K), 0.0014300 secs] [Times: user=0.01 sys=0.00, real=0.00 secs] 
228.043: Total time for which application threads were stopped: 0.0018840 seconds, Stopping threads took: 0.0000480 seconds
228.111: Application time: 0.0680090 seconds
228.116: [GC228.116: [ParNew: 303504K->1307K(339904K), 0.0013940 secs] 760690K->458493K(1095044K), 0.0014360 secs] [Times: user=0.01 sys=0.00, real=0.00 secs] 
228.117: Total time for which application threads were stopped: 0.0058920 seconds, Stopping threads took: 0.0040530 seconds
228.185: Application time: 0.0679660 seconds
228.188: [GC228.188: [ParNew: 303451K->1340K(339904K), 0.0014630 secs] 760637K->458526K(1095044K), 0.0014990 secs] [Times: user=0.01 sys=0.00, real=0.00 secs] 
228.189: Total time for which application threads were stopped: 0.0040940 seconds, Stopping threads took: 0.0021940 seconds
228.259: Application time: 0.0694250 seconds
228.260: [GC228.260: [ParNew: 303484K->1436K(339904K), 0.0014430 secs] 760670K->458622K(1095044K), 0.0014780 secs] [Times: user=0.01 sys=0.00, real=0.00 secs] 
228.261: Total time for which application threads were stopped: 0.0025460 seconds, Stopping threads took: 0.0006690 seconds
228.330: Application time: 0.0687630 seconds
228.332: [GC228.332: [ParNew: 303580K->1342K(339904K), 0.0014710 secs] 760766K->458528K(1095044K), 0.0015010 secs] [Times: user=0.01 sys=0.00, real=0.00 secs] 
228.333: Total time for which application threads were stopped: 0.0032690 seconds, Stopping threads took: 0.0013550 seconds
228.403: Application time: 0.0702550 seconds
228.404: [GC228.404: [ParNew: 303486K->1059K(339904K), 0.0014560 secs] 760672K->458245K(1095044K), 0.0014920 secs] [Times: user=0.01 sys=0.00, real=0.00 secs] 
228.405: Total time for which application threads were stopped: 0.0019370 seconds, Stopping threads took: 0.0000450 seconds
228.474: Application time: 0.0685460 seconds
228.476: [GC228.476: [ParNew: 303203K->1191K(339904K), 0.0013610 secs] 760389K->458377K(1095044K), 0.0013940 secs] [Times: user=0.01 sys=0.00, real=0.00 secs] 
228.477: Total time for which application threads were stopped: 0.0031290 seconds, Stopping threads took: 0.0013380 seconds
228.546: Application time: 0.0685310 seconds
228.548: [GC228.548: [ParNew: 303335K->1182K(339904K), 0.0013280 secs] 760521K->458376K(1095044K), 0.0013600 secs] [Times: user=0.01 sys=0.00, real=0.00 secs] 
228.549: Total time for which application threads were stopped: 0.0034260 seconds, Stopping threads took: 0.0016700 seconds
228.618: Application time: 0.0688440 seconds
228.618: [GC228.618: [ParNew: 303326K->1064K(339904K), 0.0013740 secs] 760520K->458274K(1095044K), 0.0014100 secs] [Times: user=0.01 sys=0.00, real=0.01 secs] 
228.620: Total time for which application threads were stopped: 0.0018500 seconds, Stopping threads took: 0.0000440 seconds
228.689: Application time: 0.0690680 seconds
228.692: [GC228.692: [ParNew: 303208K->1060K(339904K), 0.0013680 secs] 760418K->458270K(1095044K), 0.0014020 secs] [Times: user=0.01 sys=0.00, real=0.00 secs] 
228.693: Total time for which application threads were stopped: 0.0042840 seconds, Stopping threads took: 0.0024780 seconds
228.762: Application time: 0.0687670 seconds
228.762: [GC228.762: [ParNew: 303204K->1123K(339904K), 0.0013650 secs] 760414K->458333K(1095044K), 0.0013990 secs] [Times: user=0.00 sys=0.00, real=0.00 secs] 
228.764: Total time for which application threads were stopped: 0.0018490 seconds, Stopping threads took: 0.0000440 seconds
228.832: Application time: 0.0681700 seconds
228.832: [GC228.832: [ParNew: 303267K->1270K(339904K), 0.0014610 secs] 760477K->458488K(1095044K), 0.0014960 secs] [Times: user=0.01 sys=0.00, real=0.00 secs] 
228.834: Total time for which application threads were stopped: 0.0019650 seconds, Stopping threads took: 0.0000440 seconds
228.902: Application time: 0.0679550 seconds
228.902: [GC228.902: [ParNew: 303414K->1059K(339904K), 0.0013490 secs] 760632K->458277K(1095044K), 0.0013850 secs] [Times: user=0.01 sys=0.00, real=0.00 secs] 
228.904: Total time for which application threads were stopped: 0.0018330 seconds, Stopping threads took: 0.0000470 seconds
228.971: Application time: 0.0678000 seconds
228.976: [GC228.976: [ParNew: 303203K->1202K(339904K), 0.0014010 secs] 760421K->458419K(1095044K), 0.0014420 secs] [Times: user=0.01 sys=0.00, real=0.00 secs] 
228.977: Total time for which application threads were stopped: 0.0056720 seconds, Stopping threads took: 0.0038270 seconds
229.045: Application time: 0.0680300 seconds
229.046: [GC229.046: [ParNew: 303346K->1337K(339904K), 0.0013760 secs] 760563K->458555K(1095044K), 0.0014100 secs] [Times: user=0.01 sys=0.00, real=0.00 secs] 
229.047: Total time for which application threads were stopped: 0.0018660 seconds, Stopping threads took: 0.0000520 seconds
229.115: Application time: 0.0680490 seconds
229.116: [GC229.116: [ParNew: 303481K->1501K(339904K), 0.0014180 secs] 760699K->458719K(1095044K), 0.0014540 secs] [Times: user=0.01 sys=0.00, real=0.00 secs] 
229.117: Total time for which application threads were stopped: 0.0019140 seconds, Stopping threads took: 0.0000450 seconds
229.185: Application time: 0.0680200 seconds
229.188: [GC229.188: [ParNew: 303645K->1529K(339904K), 0.0014230 secs] 760863K->458747K(1095044K), 0.0014570 secs] [Times: user=0.01 sys=0.00, real=0.00 secs] 
229.189: Total time for which application threads were stopped: 0.0041300 seconds, Stopping threads took: 0.0022650 seconds
229.259: Application time: 0.0696150 seconds
229.260: [GC229.260: [ParNew: 303673K->1265K(339904K), 0.0016050 secs] 760891K->458483K(1095044K), 0.0016410 secs] [Times: user=0.01 sys=0.00, real=0.00 secs] 
229.261: Total time for which application threads were stopped: 0.0025340 seconds, Stopping threads took: 0.0005330 seconds
229.330: Application time: 0.0685680 seconds
229.332: [GC229.332: [ParNew: 303409K->1178K(339904K), 0.0015040 secs] 760627K->458396K(1095044K), 0.0015380 secs] [Times: user=0.01 sys=0.00, real=0.00 secs] 
229.333: Total time for which application threads were stopped: 0.0033450 seconds, Stopping threads took: 0.0014070 seconds
229.403: Application time: 0.0695840 seconds
229.408: [GC229.408: [ParNew: 303322K->1090K(339904K), 0.0013900 secs] 760540K->458307K(1095044K), 0.0014240 secs] [Times: user=0.01 sys=0.00, real=0.00 secs] 
229.409: Total time for which application threads were stopped: 0.0063090 seconds, Stopping threads took: 0.0044640 seconds
229.478: Application time: 0.0684340 seconds
229.480: [GC229.480: [ParNew: 303234K->1105K(339904K), 0.0013690 secs] 760451K->458331K(1095044K), 0.0014020 secs] [Times: user=0.01 sys=0.00, real=0.00 secs] 
229.481: Total time for which application threads were stopped: 0.0035300 seconds, Stopping threads took: 0.0017270 seconds
229.551: Application time: 0.0694860 seconds
229.552: [GC229.552: [ParNew: 303249K->955K(339904K), 0.0013530 secs] 760475K->458189K(1095044K), 0.0013880 secs] [Times: user=0.01 sys=0.00, real=0.00 secs] 
229.553: Total time for which application threads were stopped: 0.0024970 seconds, Stopping threads took: 0.0007080 seconds
229.622: Application time: 0.0690820 seconds
229.623: [GC229.623: [ParNew: 303099K->1031K(339904K), 0.0013450 secs] 760333K->458264K(1095044K), 0.0013820 secs] [Times: user=0.01 sys=0.00, real=0.00 secs] 
229.624: Total time for which application threads were stopped: 0.0018560 seconds, Stopping threads took: 0.0000670 seconds
229.692: Application time: 0.0681300 seconds
229.693: [GC229.693: [ParNew: 303175K->1060K(339904K), 0.0014890 secs] 760408K->458294K(1095044K), 0.0015230 secs] [Times: user=0.00 sys=0.00, real=0.00 secs] 
229.694: Total time for which application threads were stopped: 0.0019720 seconds, Stopping threads took: 0.0000500 seconds
229.763: Application time: 0.0686200 seconds
229.763: [GC229.763: [ParNew: 303204K->1236K(339904K), 0.0014430 secs] 760438K->458478K(1095044K), 0.0014790 secs] [Times: user=0.01 sys=0.00, real=0.00 secs] 
229.765: Total time for which application threads were stopped: 0.0019270 seconds, Stopping threads took: 0.0000430 seconds
229.832: Application time: 0.0676500 seconds
229.836: [GC229.836: [ParNew: 303380K->1052K(339904K), 0.0013610 secs] 760622K->458294K(1095044K), 0.0013970 secs] [Times: user=0.01 sys=0.00, real=0.00 secs] 
229.837: Total time for which application threads were stopped: 0.0047410 seconds, Stopping threads took: 0.0029460 seconds
229.905: Application time: 0.0684360 seconds
229.906: [GC229.906: [ParNew: 303196K->1169K(339904K), 0.0014990 secs] 760438K->458410K(1095044K), 0.0015440 secs] [Times: user=0.01 sys=0.00, real=0.01 secs] 
229.908: Total time for which application threads were stopped: 0.0020000 seconds, Stopping threads took: 0.0000490 seconds
229.975: Application time: 0.0674040 seconds
229.975: [GC229.975: [ParNew: 303313K->1245K(339904K), 0.0014180 secs] 760554K->458486K(1095044K), 0.0014540 secs] [Times: user=0.01 sys=0.00, real=0.00 secs] 
229.977: Total time for which application threads were stopped: 0.0019470 seconds, Stopping threads took: 0.0000520 seconds
230.045: Application time: 0.0680410 seconds
230.048: [GC230.048: [ParNew: 303389K->1433K(339904K), 0.0014010 secs] 760630K->458675K(1095044K), 0.0014360 secs] [Times: user=0.01 sys=0.00, real=0.00 secs] 
230.049: Total time for which application threads were stopped: 0.0041940 seconds, Stopping threads took: 0.0023610 seconds
230.117: Application time: 0.0681280 seconds
230.120: [GC230.120: [ParNew: 303577K->1456K(339904K), 0.0013960 secs] 760819K->458697K(1095044K), 0.0014310 secs] [Times: user=0.01 sys=0.00, real=0.00 secs] 
230.121: Total time for which application threads were stopped: 0.0038700 seconds, Stopping threads took: 0.0020340 seconds
230.190: Application time: 0.0690950 seconds
230.191: [GC230.191: [ParNew: 303600K->1269K(339904K), 0.0014550 secs] 760841K->458511K(1095044K), 0.0014920 secs] [Times: user=0.01 sys=0.00, real=0.00 secs] 
230.192: Total time for which application threads were stopped: 0.0019440 seconds, Stopping threads took: 0.0000540 seconds
230.261: Application time: 0.0690870 seconds
230.264: [GC230.264: [ParNew: 303413K->1072K(339904K), 0.0015700 secs] 760655K->458314K(1095044K), 0.0016080 secs] [Times: user=0.01 sys=0.00, real=0.00 secs] 
230.265: Total time for which application threads were stopped: 0.0040160 seconds, Stopping threads took: 0.0020390 seconds
230.334: Application time: 0.0691360 seconds
230.335: [GC230.335: [ParNew: 303216K->1308K(339904K), 0.0014900 secs] 760458K->458558K(1095044K), 0.0015230 secs] [Times: user=0.01 sys=0.00, real=0.00 secs] 
230.336: Total time for which application threads were stopped: 0.0019950 seconds, Stopping threads took: 0.0000630 seconds
230.406: Application time: 0.0694910 seconds
230.406: [GC230.406: [ParNew: 303452K->1083K(339904K), 0.0015990 secs] 760702K->458333K(1095044K), 0.0016370 secs] [Times: user=0.01 sys=0.00, real=0.01 secs] 
230.408: Total time for which application threads were stopped: 0.0020570 seconds, Stopping threads took: 0.0000560 seconds
230.477: Application time: 0.0693640 seconds
230.478: [GC230.478: [ParNew: 303227K->933K(339904K), 0.0015510 secs] 760477K->458191K(1095044K), 0.0015870 secs] [Times: user=0.01 sys=0.00, real=0.01 secs] 
230.479: Total time for which application threads were stopped: 0.0020330 seconds, Stopping threads took: 0.0000570 seconds
230.548: Application time: 0.0690170 seconds
230.552: [GC230.552: [ParNew: 303077K->1081K(339904K), 0.0014810 secs] 760335K->458339K(1095044K), 0.0015170 secs] [Times: user=0.01 sys=0.00, real=0.00 secs] 
230.553: Total time for which application threads were stopped: 0.0047800 seconds, Stopping threads took: 0.0028980 seconds
230.622: Application time: 0.0688140 seconds
230.624: [GC230.624: [ParNew: 303225K->1122K(339904K), 0.0014150 secs] 760483K->458388K(1095044K), 0.0014540 secs] [Times: user=0.01 sys=0.00, real=0.00 secs] 
230.625: Total time for which application threads were stopped: 0.0031590 seconds, Stopping threads took: 0.0012990 seconds
230.695: Application time: 0.0695990 seconds
230.696: [GC230.696: [ParNew: 303266K->1070K(339904K), 0.0014430 secs] 760532K->458336K(1095044K), 0.0014780 secs] [Times: user=0.01 sys=0.00, real=0.00 secs] 
230.697: Total time for which application threads were stopped: 0.0024320 seconds, Stopping threads took: 0.0005550 seconds
230.766: Application time: 0.0683710 seconds
230.768: [GC230.768: [ParNew: 303214K->1142K(339904K), 0.0014040 secs] 760480K->458416K(1095044K), 0.0014480 secs] [Times: user=0.01 sys=0.00, real=0.00 secs] 
230.769: Total time for which application threads were stopped: 0.0035740 seconds, Stopping threads took: 0.0017250 seconds
230.837: Application time: 0.0681170 seconds
230.840: [GC230.840: [ParNew: 303286K->1187K(339904K), 0.0013610 secs] 760560K->458461K(1095044K), 0.0013960 secs] [Times: user=0.01 sys=0.00, real=0.00 secs] 
230.841: Total time for which application threads were stopped: 0.0038260 seconds, Stopping threads took: 0.0020270 seconds
230.910: Application time: 0.0690400 seconds
230.912: [GC230.912: [ParNew: 303331K->1249K(339904K), 0.0014060 secs] 760605K->458523K(1095044K), 0.0014410 secs] [Times: user=0.01 sys=0.00, real=0.00 secs] 
230.913: Total time for which application threads were stopped: 0.0030000 seconds, Stopping threads took: 0.0011580 seconds
230.981: Application time: 0.0680950 seconds
230.984: [GC230.984: [ParNew: 303393K->1451K(339904K), 0.0014950 secs] 760667K->458725K(1095044K), 0.0015310 secs] [Times: user=0.01 sys=0.00, real=0.00 secs] 
230.985: Total time for which application threads were stopped: 0.0039770 seconds, Stopping threads took: 0.0020610 seconds
231.054: Application time: 0.0687870 seconds
231.054: [GC231.054: [ParNew: 303595K->1235K(339904K), 0.0014880 secs] 760869K->458509K(1095044K), 0.0015240 secs] [Times: user=0.01 sys=0.00, real=0.00 secs] 
231.056: Total time for which application threads were stopped: 0.0019980 seconds, Stopping threads took: 0.0000710 seconds
231.125: Application time: 0.0688070 seconds
231.128: [GC231.128: [ParNew: 303379K->1199K(339904K), 0.0015150 secs] 760653K->458473K(1095044K), 0.0015460 secs] [Times: user=0.01 sys=0.00, real=0.00 secs] 
231.129: Total time for which application threads were stopped: 0.0044260 seconds, Stopping threads took: 0.0024810 seconds
231.199: Application time: 0.0697090 seconds
231.204: [GC231.204: [ParNew: 303343K->1266K(339904K), 0.0014800 secs] 760617K->458539K(1095044K), 0.0015140 secs] [Times: user=0.01 sys=0.00, real=0.00 secs] 
231.205: Total time for which application threads were stopped: 0.0062240 seconds, Stopping threads took: 0.0043170 seconds
231.275: Application time: 0.0694930 seconds
231.275: [GC231.275: [ParNew: 303410K->1246K(339904K), 0.0015650 secs] 760683K->458528K(1095044K), 0.0015990 secs] [Times: user=0.01 sys=0.00, real=0.00 secs] 
231.277: Total time for which application threads were stopped: 0.0020580 seconds, Stopping threads took: 0.0000630 seconds
231.346: Application time: 0.0693970 seconds
231.347: [GC231.347: [ParNew: 303390K->1184K(339904K), 0.0014130 secs] 760672K->458466K(1095044K), 0.0014480 secs] [Times: user=0.01 sys=0.00, real=0.01 secs] 
231.348: Total time for which application threads were stopped: 0.0019110 seconds, Stopping threads took: 0.0000670 seconds
231.417: Application time: 0.0685370 seconds
231.417: [GC231.417: [ParNew: 303328K->1016K(339904K), 0.0013690 secs] 760610K->458306K(1095044K), 0.0014040 secs] [Times: user=0.01 sys=0.00, real=0.00 secs] 
231.418: Total time for which application threads were stopped: 0.0018570 seconds, Stopping threads took: 0.0000520 seconds
231.487: Application time: 0.0683440 seconds
231.487: [GC231.487: [ParNew: 303160K->1058K(339904K), 0.0013450 secs] 760450K->458356K(1095044K), 0.0013800 secs] [Times: user=0.01 sys=0.00, real=0.00 secs] 
231.489: Total time for which application threads were stopped: 0.0018580 seconds, Stopping threads took: 0.0000500 seconds
231.557: Application time: 0.0685180 seconds
231.558: [GC231.558: [ParNew: 303202K->1204K(339904K), 0.0013780 secs] 760500K->458510K(1095044K), 0.0014140 secs] [Times: user=0.01 sys=0.00, real=0.00 secs] 
231.559: Total time for which application threads were stopped: 0.0018600 seconds, Stopping threads took: 0.0000450 seconds
231.628: Application time: 0.0684870 seconds
231.628: [GC231.628: [ParNew: 303348K->1370K(339904K), 0.0015580 secs] 760654K->458675K(1095044K), 0.0015920 secs] [Times: user=0.01 sys=0.00, real=0.00 secs] 
231.630: Total time for which application threads were stopped: 0.0020340 seconds, Stopping threads took: 0.0000420 seconds
231.698: Application time: 0.0684680 seconds
231.698: [GC231.698: [ParNew: 303514K->1008K(339904K), 0.0014420 secs] 760819K->458313K(1095044K), 0.0014790 secs] [Times: user=0.01 sys=0.00, real=0.01 secs] 
231.700: Total time for which application threads were stopped: 0.0019080 seconds, Stopping threads took: 0.0000420 seconds
231.768: Application time: 0.0678970 seconds
231.772: [GC231.772: [ParNew: 303152K->1157K(339904K), 0.0013840 secs] 760457K->458471K(1095044K), 0.0014200 secs] [Times: user=0.01 sys=0.00, real=0.00 secs] 
231.773: Total time for which application threads were stopped: 0.0052570 seconds, Stopping threads took: 0.0034370 seconds
231.841: Application time: 0.0680100 seconds
231.844: [GC231.844: [ParNew: 303301K->1276K(339904K), 0.0014530 secs] 760615K->458589K(1095044K), 0.0014880 secs] [Times: user=0.01 sys=0.00, real=0.00 secs] 
231.845: Total time for which application threads were stopped: 0.0040220 seconds, Stopping threads took: 0.0021640 seconds
231.913: Application time: 0.0680940 seconds
231.916: [GC231.916: [ParNew: 303420K->1369K(339904K), 0.0014400 secs] 760733K->458683K(1095044K), 0.0014750 secs] [Times: user=0.01 sys=0.00, real=0.00 secs] 
231.917: Total time for which application threads were stopped: 0.0039170 seconds, Stopping threads took: 0.0020460 seconds
231.986: Application time: 0.0690060 seconds
231.988: [GC231.988: [ParNew: 303513K->1176K(339904K), 0.0014830 secs] 760827K->458490K(1095044K), 0.0015150 secs] [Times: user=0.01 sys=0.00, real=0.00 secs] 
231.989: Total time for which application threads were stopped: 0.0030460 seconds, Stopping threads took: 0.0011180 seconds
232.058: Application time: 0.0684410 seconds
232.058: [GC232.058: [ParNew: 303320K->1210K(339904K), 0.0016840 secs] 760634K->458524K(1095044K), 0.0017210 secs] [Times: user=0.02 sys=0.00, real=0.01 secs] 
232.060: Total time for which application threads were stopped: 0.0021620 seconds, Stopping threads took: 0.0000450 seconds
232.128: Application time: 0.0685500 seconds
232.132: [GC232.132: [ParNew: 303354K->1186K(339904K), 0.0014570 secs] 760668K->458508K(1095044K), 0.0014920 secs] [Times: user=0.01 sys=0.00, real=0.00 secs] 
232.133: Total time for which application threads were stopped: 0.0048010 seconds, Stopping threads took: 0.0029040 seconds
232.203: Application time: 0.0698140 seconds
232.203: [GC232.203: [ParNew: 303330K->1285K(339904K), 0.0014780 secs] 760652K->458614K(1095044K), 0.0015140 secs] [Times: user=0.01 sys=0.00, real=0.00 secs] 
232.205: Total time for which application threads were stopped: 0.0019780 seconds, Stopping threads took: 0.0000570 seconds
232.274: Application time: 0.0686180 seconds
232.274: [GC232.274: [ParNew: 303429K->1043K(339904K), 0.0013600 secs] 760758K->458373K(1095044K), 0.0013890 secs] [Times: user=0.01 sys=0.00, real=0.00 secs] 
232.275: Total time for which application threads were stopped: 0.0018650 seconds, Stopping threads took: 0.0001040 seconds
232.345: Application time: 0.0694860 seconds
232.348: [GC232.348: [ParNew: 303187K->969K(339904K), 0.0014020 secs] 760517K->458307K(1095044K), 0.0014360 secs] [Times: user=0.01 sys=0.00, real=0.00 secs] 
232.349: Total time for which application threads were stopped: 0.0041670 seconds, Stopping threads took: 0.0023480 seconds
232.418: Application time: 0.0686580 seconds
232.418: [GC232.418: [ParNew: 303113K->1039K(339904K), 0.0013670 secs] 760451K->458385K(1095044K), 0.0014030 secs] [Times: user=0.01 sys=0.00, real=0.01 secs] 
232.420: Total time for which application threads were stopped: 0.0018570 seconds, Stopping threads took: 0.0000560 seconds
232.489: Application time: 0.0689400 seconds
232.489: [GC232.489: [ParNew: 303183K->1005K(339904K), 0.0015950 secs] 760529K->458359K(1095044K), 0.0016290 secs] [Times: user=0.01 sys=0.00, real=0.00 secs] 
232.491: Total time for which application threads were stopped: 0.0021050 seconds, Stopping threads took: 0.0000580 seconds
232.559: Application time: 0.0687270 seconds
232.560: [GC232.560: [ParNew: 303149K->1133K(339904K), 0.0014520 secs] 760503K->458487K(1095044K), 0.0014960 secs] [Times: user=0.01 sys=0.00, real=0.00 secs] 
232.561: Total time for which application threads were stopped: 0.0019220 seconds, Stopping threads took: 0.0000510 seconds
232.630: Application time: 0.0685970 seconds
232.630: [GC232.630: [ParNew: 303277K->1246K(339904K), 0.0016430 secs] 760631K->458600K(1095044K), 0.0016800 secs] [Times: user=0.01 sys=0.00, real=0.00 secs] 
232.632: Total time for which application threads were stopped: 0.0021310 seconds, Stopping threads took: 0.0000560 seconds
232.701: Application time: 0.0689020 seconds
232.702: [GC232.702: [ParNew: 303390K->1312K(339904K), 0.0013530 secs] 760744K->458690K(1095044K), 0.0013820 secs] [Times: user=0.01 sys=0.00, real=0.00 secs] 
232.704: Total time for which application threads were stopped: 0.0025250 seconds, Stopping threads took: 0.0007580 seconds
232.772: Application time: 0.0684360 seconds
232.772: [GC232.772: [ParNew: 303456K->1319K(339904K), 0.0014280 secs] 760834K->458697K(1095044K), 0.0014640 secs] [Times: user=0.01 sys=0.00, real=0.00 secs] 
232.774: Total time for which application threads were stopped: 0.0019160 seconds, Stopping threads took: 0.0000510 seconds
232.842: Application time: 0.0683070 seconds
232.844: [GC232.844: [ParNew: 303463K->1295K(339904K), 0.0014570 secs] 760841K->458673K(1095044K), 0.0014930 secs] [Times: user=0.01 sys=0.00, real=0.00 secs] 
232.845: Total time for which application threads were stopped: 0.0029970 seconds, Stopping threads took: 0.0011010 seconds
232.914: Application time: 0.0691630 seconds
232.915: [GC232.915: [ParNew: 303439K->1056K(339904K), 0.0014650 secs] 760817K->458434K(1095044K), 0.0015020 secs] [Times: user=0.01 sys=0.00, real=0.00 secs] 
232.916: Total time for which application threads were stopped: 0.0019590 seconds, Stopping threads took: 0.0000610 seconds
232.985: Application time: 0.0689080 seconds
232.988: [GC232.988: [ParNew: 303200K->1213K(339904K), 0.0014190 secs] 760578K->458591K(1095044K), 0.0014540 secs] [Times: user=0.01 sys=0.00, real=0.00 secs] 
232.989: Total time for which application threads were stopped: 0.0039130 seconds, Stopping threads took: 0.0020610 seconds
233.057: Application time: 0.0683570 seconds
233.058: [GC233.058: [ParNew: 303357K->1208K(339904K), 0.0014790 secs] 760735K->458610K(1095044K), 0.0015150 secs] [Times: user=0.01 sys=0.00, real=0.01 secs] 
233.059: Total time for which application threads were stopped: 0.0020100 seconds, Stopping threads took: 0.0000670 seconds
233.128: Application time: 0.0688030 seconds
233.129: [GC233.129: [ParNew: 303352K->1455K(339904K), 0.0015230 secs] 760754K->458857K(1095044K), 0.0015550 secs] [Times: user=0.01 sys=0.00, real=0.00 secs] 
233.130: Total time for which application threads were stopped: 0.0020080 seconds, Stopping threads took: 0.0000570 seconds
233.200: Application time: 0.0701630 seconds
233.201: [GC233.201: [ParNew: 303599K->1140K(339904K), 0.0014270 secs] 761001K->458542K(1095044K), 0.0014600 secs] [Times: user=0.01 sys=0.00, real=0.00 secs] 
233.202: Total time for which application threads were stopped: 0.0018870 seconds, Stopping threads took: 0.0000470 seconds
233.271: Application time: 0.0689430 seconds
233.276: [GC233.276: [ParNew: 303284K->1055K(339904K), 0.0014270 secs] 760686K->458465K(1095044K), 0.0014610 secs] [Times: user=0.01 sys=0.00, real=0.00 secs] 
233.277: Total time for which application threads were stopped: 0.0058160 seconds, Stopping threads took: 0.0039580 seconds
233.346: Application time: 0.0686310 seconds
233.346: [GC233.346: [ParNew: 303199K->1173K(339904K), 0.0015090 secs] 760609K->458591K(1095044K), 0.0015460 secs] [Times: user=0.01 sys=0.00, real=0.01 secs] 
233.348: Total time for which application threads were stopped: 0.0020060 seconds, Stopping threads took: 0.0000600 seconds
233.416: Application time: 0.0687220 seconds
233.417: [GC233.417: [ParNew: 303317K->1188K(339904K), 0.0014520 secs] 760735K->458622K(1095044K), 0.0014860 secs] [Times: user=0.01 sys=0.00, real=0.00 secs] 
233.418: Total time for which application threads were stopped: 0.0019560 seconds, Stopping threads took: 0.0000600 seconds
233.487: Application time: 0.0689700 seconds
233.488: [GC233.488: [ParNew: 303332K->1262K(339904K), 0.0014270 secs] 760766K->458696K(1095044K), 0.0014620 secs] [Times: user=0.01 sys=0.00, real=0.00 secs] 
233.489: Total time for which application threads were stopped: 0.0019280 seconds, Stopping threads took: 0.0000600 seconds
233.558: Application time: 0.0687770 seconds
233.559: [GC233.559: [ParNew: 303406K->1041K(339904K), 0.0016530 secs] 760840K->458474K(1095044K), 0.0016900 secs] [Times: user=0.01 sys=0.00, real=0.01 secs] 
233.560: Total time for which application threads were stopped: 0.0021740 seconds, Stopping threads took: 0.0000570 seconds
233.628: Application time: 0.0681870 seconds
233.629: [GC233.629: [ParNew: 303185K->1149K(339904K), 0.0014420 secs] 760618K->458583K(1095044K), 0.0014780 secs] [Times: user=0.01 sys=0.00, real=0.00 secs] 
233.630: Total time for which application threads were stopped: 0.0019320 seconds, Stopping threads took: 0.0000500 seconds
233.699: Application time: 0.0683700 seconds
233.699: [GC233.699: [ParNew: 303293K->1401K(339904K), 0.0014250 secs] 760727K->458843K(1095044K), 0.0014610 secs] [Times: user=0.01 sys=0.00, real=0.00 secs] 
233.701: Total time for which application threads were stopped: 0.0019200 seconds, Stopping threads took: 0.0000510 seconds
233.769: Application time: 0.0686010 seconds
233.770: [GC233.770: [ParNew: 303545K->1279K(339904K), 0.0015500 secs] 760987K->458721K(1095044K), 0.0015870 secs] [Times: user=0.01 sys=0.00, real=0.00 secs] 
233.771: Total time for which application threads were stopped: 0.0020370 seconds, Stopping threads took: 0.0000520 seconds
233.840: Application time: 0.0688190 seconds
233.844: [GC233.844: [ParNew: 303423K->1070K(339904K), 0.0014840 secs] 760865K->458512K(1095044K), 0.0015180 secs] [Times: user=0.01 sys=0.00, real=0.00 secs] 
233.845: Total time for which application threads were stopped: 0.0049810 seconds, Stopping threads took: 0.0030660 seconds
233.914: Application time: 0.0688300 seconds
233.916: [GC233.916: [ParNew: 303214K->1162K(339904K), 0.0014070 secs] 760656K->458604K(1095044K), 0.0014400 secs] [Times: user=0.01 sys=0.00, real=0.00 secs] 
233.917: Total time for which application threads were stopped: 0.0030910 seconds, Stopping threads took: 0.0012520 seconds
233.986: Application time: 0.0689810 seconds
233.988: [GC233.988: [ParNew: 303306K->1190K(339904K), 0.0014230 secs] 760748K->458640K(1095044K), 0.0014570 secs] [Times: user=0.01 sys=0.00, real=0.00 secs] 
233.989: Total time for which application threads were stopped: 0.0030390 seconds, Stopping threads took: 0.0011890 seconds
234.058: Application time: 0.0685520 seconds
234.058: [GC234.058: [ParNew: 303334K->1349K(339904K), 0.0014610 secs] 760784K->458799K(1095044K), 0.0014960 secs] [Times: user=0.01 sys=0.00, real=0.01 secs] 
234.060: Total time for which application threads were stopped: 0.0019440 seconds, Stopping threads took: 0.0000540 seconds
234.130: Application time: 0.0704270 seconds
234.131: [GC234.131: [ParNew: 303493K->1360K(339904K), 0.0015860 secs] 760943K->458810K(1095044K), 0.0016230 secs] [Times: user=0.01 sys=0.00, real=0.00 secs] 
234.132: Total time for which application threads were stopped: 0.0021030 seconds, Stopping threads took: 0.0000670 seconds
234.202: Application time: 0.0697580 seconds
234.202: [GC234.202: [ParNew: 303504K->1195K(339904K), 0.0014650 secs] 760954K->458645K(1095044K), 0.0015020 secs] [Times: user=0.01 sys=0.00, real=0.00 secs] 
234.204: Total time for which application threads were stopped: 0.0019510 seconds, Stopping threads took: 0.0000610 seconds
234.216: Application time: 0.0118890 seconds
234.216: Total time for which application threads were stopped: 0.0004180 seconds, Stopping threads took: 0.0000530 seconds
234.273: Application time: 0.0570100 seconds
234.274: [GC234.274: [ParNew: 303339K->1040K(339904K), 0.0014690 secs] 760789K->458497K(1095044K), 0.0015060 secs] [Times: user=0.01 sys=0.00, real=0.00 secs] 
234.275: Total time for which application threads were stopped: 0.0019550 seconds, Stopping threads took: 0.0000470 seconds
234.344: Application time: 0.0688850 seconds
234.344: [GC234.345: [ParNew: 303184K->1349K(339904K), 0.0014080 secs] 760641K->458815K(1095044K), 0.0014430 secs] [Times: user=0.01 sys=0.00, real=0.00 secs] 
234.346: Total time for which application threads were stopped: 0.0019050 seconds, Stopping threads took: 0.0000570 seconds
234.414: Application time: 0.0684780 seconds
234.415: [GC234.415: [ParNew: 303493K->1324K(339904K), 0.0014150 secs] 760959K->458790K(1095044K), 0.0014530 secs] [Times: user=0.01 sys=0.00, real=0.00 secs] 
234.416: Total time for which application threads were stopped: 0.0019030 seconds, Stopping threads took: 0.0000550 seconds
234.485: Application time: 0.0682420 seconds
234.485: [GC234.485: [ParNew: 303468K->1529K(339904K), 0.0014480 secs] 760934K->458995K(1095044K), 0.0014850 secs] [Times: user=0.01 sys=0.00, real=0.00 secs] 
234.487: Total time for which application threads were stopped: 0.0019340 seconds, Stopping threads took: 0.0000490 seconds
234.555: Application time: 0.0687980 seconds
234.556: [GC234.556: [ParNew: 303673K->1348K(339904K), 0.0014720 secs] 761139K->458814K(1095044K), 0.0015070 secs] [Times: user=0.01 sys=0.00, real=0.00 secs] 
234.557: Total time for which application threads were stopped: 0.0019570 seconds, Stopping threads took: 0.0000520 seconds
234.626: Application time: 0.0684490 seconds
234.626: [GC234.626: [ParNew: 303492K->1409K(339904K), 0.0014530 secs] 760958K->458890K(1095044K), 0.0014890 secs] [Times: user=0.01 sys=0.00, real=0.01 secs] 
234.628: Total time for which application threads were stopped: 0.0019280 seconds, Stopping threads took: 0.0000440 seconds
234.697: Application time: 0.0691140 seconds
234.700: [GC234.700: [ParNew: 303553K->1252K(339904K), 0.0014500 secs] 761034K->458734K(1095044K), 0.0014850 secs] [Times: user=0.01 sys=0.00, real=0.00 secs] 
234.701: Total time for which application threads were stopped: 0.0043830 seconds, Stopping threads took: 0.0024840 seconds
234.770: Application time: 0.0687210 seconds
234.770: [GC234.770: [ParNew: 303396K->1185K(339904K), 0.0014730 secs] 760878K->458667K(1095044K), 0.0015110 secs] [Times: user=0.01 sys=0.00, real=0.00 secs] 
234.772: Total time for which application threads were stopped: 0.0019760 seconds, Stopping threads took: 0.0000690 seconds
234.840: Application time: 0.0684850 seconds
234.841: [GC234.841: [ParNew: 303329K->1409K(339904K), 0.0016160 secs] 760811K->458899K(1095044K), 0.0016510 secs] [Times: user=0.01 sys=0.00, real=0.00 secs] 
234.842: Total time for which application threads were stopped: 0.0020700 seconds, Stopping threads took: 0.0000580 seconds
234.913: Application time: 0.0703320 seconds
234.913: [GC234.913: [ParNew: 303553K->1398K(339904K), 0.0016210 secs] 761043K->458904K(1095044K), 0.0016550 secs] [Times: user=0.01 sys=0.00, real=0.00 secs] 
234.915: Total time for which application threads were stopped: 0.0020750 seconds, Stopping threads took: 0.0000540 seconds
234.985: Application time: 0.0698960 seconds
234.985: [GC234.985: [ParNew: 303542K->1277K(339904K), 0.0014870 secs] 761048K->458782K(1095044K), 0.0015220 secs] [Times: user=0.01 sys=0.00, real=0.00 secs] 
234.987: Total time for which application threads were stopped: 0.0019760 seconds, Stopping threads took: 0.0000670 seconds
235.055: Application time: 0.0687150 seconds
235.056: [GC235.056: [ParNew: 303421K->1252K(339904K), 0.0014090 secs] 760926K->458758K(1095044K), 0.0014440 secs] [Times: user=0.01 sys=0.00, real=0.00 secs] 
235.057: Total time for which application threads were stopped: 0.0019150 seconds, Stopping threads took: 0.0000730 seconds
235.126: Application time: 0.0688630 seconds
235.127: [GC235.127: [ParNew: 303396K->1401K(339904K), 0.0014680 secs] 760902K->458906K(1095044K), 0.0015050 secs] [Times: user=0.01 sys=0.00, real=0.01 secs] 
235.128: Total time for which application threads were stopped: 0.0019700 seconds, Stopping threads took: 0.0000720 seconds
235.198: Application time: 0.0693190 seconds
235.200: [GC235.200: [ParNew: 303545K->993K(339904K), 0.0013960 secs] 761050K->458667K(1095044K), 0.0014380 secs] [Times: user=0.00 sys=0.00, real=0.00 secs] 
235.201: Total time for which application threads were stopped: 0.0035510 seconds, Stopping threads took: 0.0017380 seconds
235.270: Application time: 0.0686130 seconds
235.270: [GC235.270: [ParNew: 303137K->1119K(339904K), 0.0015380 secs] 760811K->458809K(1095044K), 0.0015740 secs] [Times: user=0.01 sys=0.00, real=0.00 secs] 
235.272: Total time for which application threads were stopped: 0.0020670 seconds, Stopping threads took: 0.0000800 seconds
235.340: Application time: 0.0684220 seconds
235.341: [GC235.341: [ParNew: 303263K->1260K(339904K), 0.0015780 secs] 760953K->458966K(1095044K), 0.0016140 secs] [Times: user=0.01 sys=0.00, real=0.00 secs] 
235.342: Total time for which application threads were stopped: 0.0020610 seconds, Stopping threads took: 0.0000500 seconds
235.411: Application time: 0.0683920 seconds
235.411: [GC235.411: [ParNew: 303404K->1281K(339904K), 0.0014410 secs] 761110K->458987K(1095044K), 0.0014780 secs] [Times: user=0.01 sys=0.00, real=0.00 secs] 
235.413: Total time for which application threads were stopped: 0.0019320 seconds, Stopping threads took: 0.0000550 seconds
235.481: Application time: 0.0686190 seconds
235.482: [GC235.482: [ParNew: 303425K->1384K(339904K), 0.0014720 secs] 761131K->459089K(1095044K), 0.0015070 secs] [Times: user=0.02 sys=0.00, real=0.00 secs] 
235.483: Total time for which application threads were stopped: 0.0019470 seconds, Stopping threads took: 0.0000490 seconds
235.553: Application time: 0.0695030 seconds
235.553: [GC235.553: [ParNew: 303528K->1173K(339904K), 0.0014920 secs] 761233K->458879K(1095044K), 0.0015220 secs] [Times: user=0.01 sys=0.00, real=0.00 secs] 
235.555: Total time for which application threads were stopped: 0.0019540 seconds, Stopping threads took: 0.0000380 seconds
235.606: Application time: 0.0512140 seconds
235.606: Total time for which application threads were stopped: 0.0004710 seconds, Stopping threads took: 0.0001040 seconds
235.626: Application time: 0.0196790 seconds
235.626: [GC235.626: [ParNew: 303317K->1270K(339904K), 0.0015030 secs] 761023K->458984K(1095044K), 0.0015390 secs] [Times: user=0.01 sys=0.00, real=0.01 secs] 
235.628: Total time for which application threads were stopped: 0.0020030 seconds, Stopping threads took: 0.0000770 seconds
235.696: Application time: 0.0683100 seconds
235.697: [GC235.697: [ParNew: 303414K->1112K(339904K), 0.0013960 secs] 761128K->458825K(1095044K), 0.0014300 secs] [Times: user=0.01 sys=0.00, real=0.00 secs] 
235.698: Total time for which application threads were stopped: 0.0018750 seconds, Stopping threads took: 0.0000450 seconds
235.767: Application time: 0.0685790 seconds
235.767: [GC235.767: [ParNew: 303256K->1244K(339904K), 0.0014000 secs] 760969K->458966K(1095044K), 0.0014440 secs] [Times: user=0.01 sys=0.00, real=0.01 secs] 
235.769: Total time for which application threads were stopped: 0.0019050 seconds, Stopping threads took: 0.0000590 seconds
235.838: Application time: 0.0692960 seconds
235.838: [GC235.838: [ParNew: 303388K->1360K(339904K), 0.0014410 secs] 761110K->459097K(1095044K), 0.0014760 secs] [Times: user=0.01 sys=0.00, real=0.01 secs] 
235.840: Total time for which application threads were stopped: 0.0019400 seconds, Stopping threads took: 0.0000460 seconds
235.910: Application time: 0.0696650 seconds
235.910: [GC235.910: [ParNew: 303504K->1340K(339904K), 0.0015480 secs] 761241K->459078K(1095044K), 0.0015850 secs] [Times: user=0.01 sys=0.00, real=0.00 secs] 
235.912: Total time for which application threads were stopped: 0.0020360 seconds, Stopping threads took: 0.0000530 seconds
235.981: Application time: 0.0691660 seconds
235.984: [GC235.984: [ParNew: 303484K->1328K(339904K), 0.0014780 secs] 761222K->459066K(1095044K), 0.0015120 secs] [Times: user=0.01 sys=0.00, real=0.00 secs] 
235.985: Total time for which application threads were stopped: 0.0043860 seconds, Stopping threads took: 0.0024750 seconds
236.054: Application time: 0.0692640 seconds
236.055: [GC236.055: [ParNew: 303472K->1335K(339904K), 0.0014760 secs] 761210K->459080K(1095044K), 0.0015210 secs] [Times: user=0.01 sys=0.00, real=0.00 secs] 
236.056: Total time for which application threads were stopped: 0.0019620 seconds, Stopping threads took: 0.0000440 seconds
236.126: Application time: 0.0691140 seconds
236.126: [GC236.126: [ParNew: 303479K->1231K(339904K), 0.0014390 secs] 761224K->458992K(1095044K), 0.0014740 secs] [Times: user=0.02 sys=0.00, real=0.01 secs] 
236.127: Total time for which application threads were stopped: 0.0019300 seconds, Stopping threads took: 0.0000570 seconds
236.197: Application time: 0.0691470 seconds
236.200: [GC236.200: [ParNew: 303375K->1181K(339904K), 0.0014030 secs] 761136K->458943K(1095044K), 0.0014370 secs] [Times: user=0.01 sys=0.00, real=0.00 secs] 
236.201: Total time for which application threads were stopped: 0.0044980 seconds, Stopping threads took: 0.0026790 seconds
236.270: Application time: 0.0693370 seconds
236.271: [GC236.271: [ParNew: 303325K->1195K(339904K), 0.0014790 secs] 761087K->458973K(1095044K), 0.0015150 secs] [Times: user=0.01 sys=0.00, real=0.00 secs] 
236.272: Total time for which application threads were stopped: 0.0019710 seconds, Stopping threads took: 0.0000520 seconds
236.341: Application time: 0.0684500 seconds
236.341: [GC236.341: [ParNew: 303339K->1233K(339904K), 0.0014480 secs] 761117K->459011K(1095044K), 0.0014850 secs] [Times: user=0.01 sys=0.00, real=0.00 secs] 
236.343: Total time for which application threads were stopped: 0.0019590 seconds, Stopping threads took: 0.0000500 seconds
236.411: Application time: 0.0686670 seconds
236.412: [GC236.412: [ParNew: 303377K->1398K(339904K), 0.0014330 secs] 761155K->459176K(1095044K), 0.0014700 secs] [Times: user=0.01 sys=0.00, real=0.00 secs] 
236.413: Total time for which application threads were stopped: 0.0019210 seconds, Stopping threads took: 0.0000510 seconds
236.483: Application time: 0.0696650 seconds
236.484: [GC236.484: [ParNew: 303542K->1181K(339904K), 0.0015180 secs] 761320K->458959K(1095044K), 0.0015560 secs] [Times: user=0.01 sys=0.00, real=0.00 secs] 
236.485: Total time for which application threads were stopped: 0.0019910 seconds, Stopping threads took: 0.0000640 seconds
236.554: Application time: 0.0686630 seconds
236.554: [GC236.554: [ParNew: 303325K->1101K(339904K), 0.0014150 secs] 761103K->458895K(1095044K), 0.0014500 secs] [Times: user=0.01 sys=0.00, real=0.00 secs] 
236.556: Total time for which application threads were stopped: 0.0019000 seconds, Stopping threads took: 0.0000490 seconds
236.624: Application time: 0.0684270 seconds
236.625: [GC236.625: [ParNew: 303245K->1165K(339904K), 0.0013890 secs] 761039K->458975K(1095044K), 0.0014230 secs] [Times: user=0.00 sys=0.00, real=0.00 secs] 
236.626: Total time for which application threads were stopped: 0.0018600 seconds, Stopping threads took: 0.0000490 seconds
236.694: Application time: 0.0684590 seconds
236.695: [GC236.695: [ParNew: 303309K->1065K(339904K), 0.0014650 secs] 761119K->458995K(1095044K), 0.0014980 secs] [Times: user=0.01 sys=0.00, real=0.00 secs] 
236.696: Total time for which application threads were stopped: 0.0019480 seconds, Stopping threads took: 0.0000440 seconds
236.765: Application time: 0.0686400 seconds
236.765: [GC236.765: [ParNew: 303209K->1220K(339904K), 0.0014730 secs] 761139K->459150K(1095044K), 0.0015070 secs] [Times: user=0.01 sys=0.00, real=0.00 secs] 
236.767: Total time for which application threads were stopped: 0.0019650 seconds, Stopping threads took: 0.0000570 seconds
236.836: Application time: 0.0690160 seconds
236.836: [GC236.836: [ParNew: 303364K->1240K(339904K), 0.0014830 secs] 761294K->459169K(1095044K), 0.0015190 secs] [Times: user=0.01 sys=0.00, real=0.00 secs] 
236.838: Total time for which application threads were stopped: 0.0019710 seconds, Stopping threads took: 0.0000540 seconds
236.907: Application time: 0.0685970 seconds
236.907: [GC236.907: [ParNew: 303384K->1219K(339904K), 0.0014860 secs] 761313K->459148K(1095044K), 0.0015290 secs] [Times: user=0.01 sys=0.00, real=0.01 secs] 
236.909: Total time for which application threads were stopped: 0.0020000 seconds, Stopping threads took: 0.0000510 seconds
236.978: Application time: 0.0690400 seconds
236.980: [GC236.980: [ParNew: 303363K->1179K(339904K), 0.0014490 secs] 761292K->459117K(1095044K), 0.0014850 secs] [Times: user=0.01 sys=0.00, real=0.00 secs] 
236.981: Total time for which application threads were stopped: 0.0035440 seconds, Stopping threads took: 0.0016610 seconds
237.050: Application time: 0.0687350 seconds
237.050: [GC237.050: [ParNew: 303323K->1463K(339904K), 0.0014480 secs] 761261K->459409K(1095044K), 0.0014830 secs] [Times: user=0.01 sys=0.00, real=0.00 secs] 
237.052: Total time for which application threads were stopped: 0.0019420 seconds, Stopping threads took: 0.0000670 seconds
237.121: Application time: 0.0687520 seconds
237.121: [GC237.121: [ParNew: 303607K->1052K(339904K), 0.0015610 secs] 761553K->459006K(1095044K), 0.0015950 secs] [Times: user=0.01 sys=0.00, real=0.00 secs] 
237.123: Total time for which application threads were stopped: 0.0020380 seconds, Stopping threads took: 0.0000490 seconds
237.192: Application time: 0.0689260 seconds
237.192: [GC237.192: [ParNew: 303196K->1249K(339904K), 0.0015720 secs] 761150K->459211K(1095044K), 0.0016070 secs] [Times: user=0.01 sys=0.00, real=0.00 secs] 
237.194: Total time for which application threads were stopped: 0.0020590 seconds, Stopping threads took: 0.0000500 seconds
237.263: Application time: 0.0691590 seconds
237.268: [GC237.268: [ParNew: 303393K->1295K(339904K), 0.0014590 secs] 761355K->459257K(1095044K), 0.0014940 secs] [Times: user=0.01 sys=0.00, real=0.00 secs] 
237.269: Total time for which application threads were stopped: 0.0063370 seconds, Stopping threads took: 0.0044700 seconds
237.338: Application time: 0.0686720 seconds
237.340: [GC237.340: [ParNew: 303439K->1347K(339904K), 0.0014530 secs] 761401K->459309K(1095044K), 0.0014870 secs] [Times: user=0.01 sys=0.00, real=0.00 secs] 
237.341: Total time for which application threads were stopped: 0.0033460 seconds, Stopping threads took: 0.0014660 seconds
237.410: Application time: 0.0693070 seconds
237.411: [GC237.411: [ParNew: 303491K->983K(339904K), 0.0014550 secs] 761453K->458945K(1095044K), 0.0014920 secs] [Times: user=0.01 sys=0.00, real=0.00 secs] 
237.412: Total time for which application threads were stopped: 0.0019620 seconds, Stopping threads took: 0.0000530 seconds
237.482: Application time: 0.0690880 seconds
237.482: [GC237.482: [ParNew: 303127K->1051K(339904K), 0.0014060 secs] 761089K->459013K(1095044K), 0.0014410 secs] [Times: user=0.00 sys=0.00, real=0.00 secs] 
237.483: Total time for which application threads were stopped: 0.0018880 seconds, Stopping threads took: 0.0000440 seconds
237.552: Application time: 0.0685210 seconds
237.552: [GC237.552: [ParNew: 303195K->1163K(339904K), 0.0013710 secs] 761157K->459133K(1095044K), 0.0014060 secs] [Times: user=0.01 sys=0.00, real=0.00 secs] 
237.554: Total time for which application threads were stopped: 0.0018630 seconds, Stopping threads took: 0.0000530 seconds
237.622: Application time: 0.0682800 seconds
237.623: [GC237.623: [ParNew: 303307K->1112K(339904K), 0.0015140 secs] 761277K->459098K(1095044K), 0.0015470 secs] [Times: user=0.01 sys=0.00, real=0.00 secs] 
237.624: Total time for which application threads were stopped: 0.0020060 seconds, Stopping threads took: 0.0000530 seconds
237.693: Application time: 0.0687460 seconds
237.693: [GC237.693: [ParNew: 303256K->1171K(339904K), 0.0014680 secs] 761242K->459157K(1095044K), 0.0015040 secs] [Times: user=0.01 sys=0.00, real=0.00 secs] 
237.695: Total time for which application threads were stopped: 0.0019830 seconds, Stopping threads took: 0.0000820 seconds
237.764: Application time: 0.0690660 seconds
237.764: [GC237.764: [ParNew: 303315K->1068K(339904K), 0.0014930 secs] 761301K->459054K(1095044K), 0.0015300 secs] [Times: user=0.01 sys=0.00, real=0.00 secs] 
237.766: Total time for which application threads were stopped: 0.0019790 seconds, Stopping threads took: 0.0000540 seconds
237.834: Application time: 0.0684270 seconds
237.835: [GC237.835: [ParNew: 303212K->1295K(339904K), 0.0014340 secs] 761198K->459281K(1095044K), 0.0014800 secs] [Times: user=0.01 sys=0.00, real=0.00 secs] 
237.836: Total time for which application threads were stopped: 0.0019430 seconds, Stopping threads took: 0.0000560 seconds
237.905: Application time: 0.0689820 seconds
237.906: [GC237.906: [ParNew: 303439K->1273K(339904K), 0.0015190 secs] 761425K->459275K(1095044K), 0.0015540 secs] [Times: user=0.01 sys=0.00, real=0.01 secs] 
237.907: Total time for which application threads were stopped: 0.0020120 seconds, Stopping threads took: 0.0000480 seconds
237.977: Application time: 0.0694630 seconds
237.977: [GC237.977: [ParNew: 303417K->1320K(339904K), 0.0015120 secs] 761419K->459322K(1095044K), 0.0015440 secs] [Times: user=0.01 sys=0.00, real=0.00 secs] 
237.979: Total time for which application threads were stopped: 0.0020330 seconds, Stopping threads took: 0.0000710 seconds
238.048: Application time: 0.0689090 seconds
238.048: [GC238.048: [ParNew: 303464K->1143K(339904K), 0.0014740 secs] 761466K->459153K(1095044K), 0.0015090 secs] [Times: user=0.01 sys=0.00, real=0.00 secs] 
238.050: Total time for which application threads were stopped: 0.0019540 seconds, Stopping threads took: 0.0000460 seconds
238.118: Application time: 0.0684840 seconds
238.119: [GC238.119: [ParNew: 303287K->1176K(339904K), 0.0015290 secs] 761297K->459186K(1095044K), 0.0015660 secs] [Times: user=0.01 sys=0.00, real=0.01 secs] 
238.120: Total time for which application threads were stopped: 0.0020180 seconds, Stopping threads took: 0.0000580 seconds
238.189: Application time: 0.0684850 seconds
238.189: [GC238.189: [ParNew: 303320K->1209K(339904K), 0.0014210 secs] 761330K->459235K(1095044K), 0.0014540 secs] [Times: user=0.01 sys=0.00, real=0.00 secs] 
238.191: Total time for which application threads were stopped: 0.0019140 seconds, Stopping threads took: 0.0000620 seconds
238.260: Application time: 0.0693830 seconds
238.260: [GC238.260: [ParNew: 303353K->1270K(339904K), 0.0015180 secs] 761379K->459296K(1095044K), 0.0015450 secs] [Times: user=0.01 sys=0.00, real=0.00 secs] 
238.262: Total time for which application threads were stopped: 0.0019910 seconds, Stopping threads took: 0.0000460 seconds
238.331: Application time: 0.0692760 seconds
238.332: [GC238.332: [ParNew: 303414K->1075K(339904K), 0.0014880 secs] 761440K->459101K(1095044K), 0.0015240 secs] [Times: user=0.01 sys=0.00, real=0.00 secs] 
238.333: Total time for which application threads were stopped: 0.0019940 seconds, Stopping threads took: 0.0000710 seconds
238.402: Application time: 0.0684640 seconds
238.402: [GC238.402: [ParNew: 303219K->993K(339904K), 0.0013540 secs] 761245K->459019K(1095044K), 0.0013910 secs] [Times: user=0.01 sys=0.00, real=0.00 secs] 
238.403: Total time for which application threads were stopped: 0.0018300 seconds, Stopping threads took: 0.0000380 seconds
238.471: Application time: 0.0679990 seconds
238.476: [GC238.476: [ParNew: 303137K->1057K(339904K), 0.0013890 secs] 761163K->459091K(1095044K), 0.0014250 secs] [Times: user=0.01 sys=0.00, real=0.00 secs] 
238.477: Total time for which application threads were stopped: 0.0056200 seconds, Stopping threads took: 0.0037920 seconds
238.545: Application time: 0.0682450 seconds
238.546: [GC238.546: [ParNew: 303201K->1168K(339904K), 0.0014210 secs] 761235K->459210K(1095044K), 0.0014570 secs] [Times: user=0.01 sys=0.00, real=0.01 secs] 
238.547: Total time for which application threads were stopped: 0.0019620 seconds, Stopping threads took: 0.0000820 seconds
238.616: Application time: 0.0682970 seconds
238.616: [GC238.616: [ParNew: 303312K->1361K(339904K), 0.0014170 secs] 761354K->459403K(1095044K), 0.0014520 secs] [Times: user=0.01 sys=0.00, real=0.00 secs] 
238.618: Total time for which application threads were stopped: 0.0019170 seconds, Stopping threads took: 0.0000540 seconds
238.686: Application time: 0.0689240 seconds
238.687: [GC238.687: [ParNew: 303505K->1321K(339904K), 0.0015320 secs] 761547K->459363K(1095044K), 0.0015660 secs] [Times: user=0.01 sys=0.00, real=0.01 secs] 
238.689: Total time for which application threads were stopped: 0.0020280 seconds, Stopping threads took: 0.0000610 seconds
238.757: Application time: 0.0686850 seconds
238.758: [GC238.758: [ParNew: 303465K->1210K(339904K), 0.0015010 secs] 761507K->459252K(1095044K), 0.0015340 secs] [Times: user=0.01 sys=0.00, real=0.00 secs] 
238.759: Total time for which application threads were stopped: 0.0019950 seconds, Stopping threads took: 0.0000600 seconds
238.828: Application time: 0.0687790 seconds
238.828: [GC238.828: [ParNew: 303354K->1274K(339904K), 0.0014250 secs] 761396K->459324K(1095044K), 0.0014600 secs] [Times: user=0.01 sys=0.00, real=0.00 secs] 
238.830: Total time for which application threads were stopped: 0.0019320 seconds, Stopping threads took: 0.0000680 seconds
238.899: Application time: 0.0689890 seconds
238.899: [GC238.899: [ParNew: 303418K->1231K(339904K), 0.0014290 secs] 761468K->459281K(1095044K), 0.0014660 secs] [Times: user=0.01 sys=0.00, real=0.00 secs] 
238.901: Total time for which application threads were stopped: 0.0019470 seconds, Stopping threads took: 0.0000660 seconds
238.969: Application time: 0.0686150 seconds
238.970: [GC238.970: [ParNew: 303375K->1296K(339904K), 0.0014320 secs] 761425K->459346K(1095044K), 0.0014670 secs] [Times: user=0.01 sys=0.00, real=0.00 secs] 
238.971: Total time for which application threads were stopped: 0.0019090 seconds, Stopping threads took: 0.0000520 seconds
239.040: Application time: 0.0687620 seconds
239.044: [GC239.044: [ParNew: 303440K->1286K(339904K), 0.0014630 secs] 761490K->459344K(1095044K), 0.0014970 secs] [Times: user=0.01 sys=0.00, real=0.00 secs] 
239.045: Total time for which application threads were stopped: 0.0050290 seconds, Stopping threads took: 0.0031300 seconds
239.114: Application time: 0.0692520 seconds
239.115: [GC239.115: [ParNew: 303430K->1338K(339904K), 0.0014190 secs] 761488K->459404K(1095044K), 0.0014560 secs] [Times: user=0.01 sys=0.00, real=0.00 secs] 
239.116: Total time for which application threads were stopped: 0.0019260 seconds, Stopping threads took: 0.0000540 seconds
239.186: Application time: 0.0693780 seconds
239.186: [GC239.186: [ParNew: 303482K->1245K(339904K), 0.0015660 secs] 761548K->459311K(1095044K), 0.0016030 secs] [Times: user=0.01 sys=0.00, real=0.01 secs] 
239.188: Total time for which application threads were stopped: 0.0020410 seconds, Stopping threads took: 0.0000480 seconds
239.258: Application time: 0.0699780 seconds
239.260: [GC239.260: [ParNew: 303389K->1369K(339904K), 0.0015470 secs] 761455K->459435K(1095044K), 0.0015820 secs] [Times: user=0.01 sys=0.00, real=0.00 secs] 
239.261: Total time for which application threads were stopped: 0.0034900 seconds, Stopping threads took: 0.0015160 seconds
239.330: Application time: 0.0682970 seconds
239.330: [GC239.330: [ParNew: 303513K->919K(339904K), 0.0013720 secs] 761579K->458985K(1095044K), 0.0014090 secs] [Times: user=0.01 sys=0.00, real=0.00 secs] 
239.331: Total time for which application threads were stopped: 0.0018650 seconds, Stopping threads took: 0.0000550 seconds
239.400: Application time: 0.0687850 seconds
239.401: [GC239.401: [ParNew: 303063K->1096K(339904K), 0.0014980 secs] 761129K->459170K(1095044K), 0.0015340 secs] [Times: user=0.01 sys=0.00, real=0.00 secs] 
239.402: Total time for which application threads were stopped: 0.0019480 seconds, Stopping threads took: 0.0000530 seconds
239.470: Application time: 0.0683230 seconds
239.471: [GC239.471: [ParNew: 303240K->1049K(339904K), 0.0013830 secs] 761314K->459123K(1095044K), 0.0014200 secs] [Times: user=0.01 sys=0.00, real=0.00 secs] 
239.472: Total time for which application threads were stopped: 0.0018780 seconds, Stopping threads took: 0.0000540 seconds
239.541: Application time: 0.0687760 seconds
239.542: [GC239.542: [ParNew: 303193K->1041K(339904K), 0.0014070 secs] 761267K->459115K(1095044K), 0.0014430 secs] [Times: user=0.01 sys=0.00, real=0.00 secs] 
239.543: Total time for which application threads were stopped: 0.0019050 seconds, Stopping threads took: 0.0000660 seconds
239.611: Application time: 0.0683810 seconds
239.612: [GC239.612: [ParNew: 303185K->1294K(339904K), 0.0014140 secs] 761259K->459368K(1095044K), 0.0014590 secs] [Times: user=0.01 sys=0.00, real=0.00 secs] 
239.613: Total time for which application threads were stopped: 0.0019160 seconds, Stopping threads took: 0.0000560 seconds
239.682: Application time: 0.0685860 seconds
239.682: [GC239.682: [ParNew: 303438K->1329K(339904K), 0.0014060 secs] 761512K->459403K(1095044K), 0.0014420 secs] [Times: user=0.01 sys=0.00, real=0.00 secs] 
239.684: Total time for which application threads were stopped: 0.0019380 seconds, Stopping threads took: 0.0000530 seconds
239.753: Application time: 0.0688100 seconds
239.753: [GC239.753: [ParNew: 303473K->1145K(339904K), 0.0015050 secs] 761547K->459227K(1095044K), 0.0015410 secs] [Times: user=0.01 sys=0.00, real=0.00 secs] 
239.755: Total time for which application threads were stopped: 0.0019880 seconds, Stopping threads took: 0.0000500 seconds
239.823: Application time: 0.0687560 seconds
239.824: [GC239.824: [ParNew: 303289K->1459K(339904K), 0.0014750 secs] 761371K->459541K(1095044K), 0.0015090 secs] [Times: user=0.01 sys=0.00, real=0.00 secs] 
239.825: Total time for which application threads were stopped: 0.0019800 seconds, Stopping threads took: 0.0000630 seconds
239.894: Application time: 0.0689020 seconds
239.895: [GC239.895: [ParNew: 303603K->1274K(339904K), 0.0014900 secs] 761685K->459356K(1095044K), 0.0015270 secs] [Times: user=0.01 sys=0.00, real=0.00 secs] 
239.896: Total time for which application threads were stopped: 0.0019860 seconds, Stopping threads took: 0.0000530 seconds
239.965: Application time: 0.0689440 seconds
239.968: [GC239.968: [ParNew: 303418K->1157K(339904K), 0.0014690 secs] 761500K->459255K(1095044K), 0.0015040 secs] [Times: user=0.01 sys=0.00, real=0.00 secs] 
239.969: Total time for which application threads were stopped: 0.0038960 seconds, Stopping threads took: 0.0019930 seconds
240.038: Application time: 0.0689680 seconds
240.039: [GC240.039: [ParNew: 303301K->1254K(339904K), 0.0014680 secs] 761399K->459360K(1095044K), 0.0015030 secs] [Times: user=0.01 sys=0.00, real=0.01 secs] 
240.040: Total time for which application threads were stopped: 0.0019490 seconds, Stopping threads took: 0.0000480 seconds
240.109: Application time: 0.0691350 seconds
240.112: [GC240.112: [ParNew: 303398K->1134K(339904K), 0.0014970 secs] 761504K->459256K(1095044K), 0.0015330 secs] [Times: user=0.01 sys=0.00, real=0.00 secs] 
240.113: Total time for which application threads were stopped: 0.0039740 seconds, Stopping threads took: 0.0020400 seconds
240.182: Application time: 0.0683270 seconds
240.184: [GC240.184: [ParNew: 303278K->1078K(339904K), 0.0014140 secs] 761400K->459200K(1095044K), 0.0014490 secs] [Times: user=0.01 sys=0.00, real=0.00 secs] 
240.185: Total time for which application threads were stopped: 0.0036340 seconds, Stopping threads took: 0.0017600 seconds
240.255: Application time: 0.0694350 seconds
240.255: [GC240.255: [ParNew: 303222K->1052K(339904K), 0.0013950 secs] 761344K->459182K(1095044K), 0.0014300 secs] [Times: user=0.01 sys=0.00, real=0.00 secs] 
240.257: Total time for which application threads were stopped: 0.0018960 seconds, Stopping threads took: 0.0000700 seconds
240.325: Application time: 0.0684100 seconds
240.325: [GC240.325: [ParNew: 303196K->1031K(339904K), 0.0013700 secs] 761326K->459169K(1095044K), 0.0014040 secs] [Times: user=0.01 sys=0.00, real=0.00 secs] 
240.327: Total time for which application threads were stopped: 0.0018530 seconds, Stopping threads took: 0.0000530 seconds
240.395: Application time: 0.0679360 seconds
240.396: [GC240.396: [ParNew: 303175K->1149K(339904K), 0.0013900 secs] 761313K->459303K(1095044K), 0.0014250 secs] [Times: user=0.00 sys=0.00, real=0.00 secs] 
240.397: Total time for which application threads were stopped: 0.0023810 seconds, Stopping threads took: 0.0005540 seconds
240.466: Application time: 0.0692980 seconds
240.467: [GC240.467: [ParNew: 303293K->1055K(339904K), 0.0014160 secs] 761447K->459209K(1095044K), 0.0014610 secs] [Times: user=0.01 sys=0.00, real=0.01 secs] 
240.468: Total time for which application threads were stopped: 0.0019520 seconds, Stopping threads took: 0.0000910 seconds
240.536: Application time: 0.0681610 seconds
240.537: [GC240.537: [ParNew: 303199K->972K(339904K), 0.0013840 secs] 761353K->459126K(1095044K), 0.0014210 secs] [Times: user=0.01 sys=0.00, real=0.00 secs] 
240.538: Total time for which application threads were stopped: 0.0018780 seconds, Stopping threads took: 0.0000570 seconds
240.607: Application time: 0.0689390 seconds
240.608: [GC240.608: [ParNew: 303116K->1261K(339904K), 0.0016780 secs] 761270K->459431K(1095044K), 0.0017180 secs] [Times: user=0.01 sys=0.00, real=0.00 secs] 
240.610: Total time for which application threads were stopped: 0.0021640 seconds, Stopping threads took: 0.0000490 seconds
240.678: Application time: 0.0683120 seconds
240.678: [GC240.678: [ParNew: 303405K->1340K(339904K), 0.0015230 secs] 761575K->459510K(1095044K), 0.0015590 secs] [Times: user=0.01 sys=0.00, real=0.01 secs] 
240.680: Total time for which application threads were stopped: 0.0020170 seconds, Stopping threads took: 0.0000580 seconds
240.749: Application time: 0.0687400 seconds
240.749: [GC240.749: [ParNew: 303484K->1341K(339904K), 0.0014690 secs] 761654K->459511K(1095044K), 0.0015060 secs] [Times: user=0.01 sys=0.00, real=0.00 secs] 
240.751: Total time for which application threads were stopped: 0.0019850 seconds, Stopping threads took: 0.0000570 seconds
240.820: Application time: 0.0690090 seconds
240.820: [GC240.820: [ParNew: 303485K->1142K(339904K), 0.0016190 secs] 761655K->459312K(1095044K), 0.0016550 secs] [Times: user=0.01 sys=0.00, real=0.00 secs] 
240.822: Total time for which application threads were stopped: 0.0021030 seconds, Stopping threads took: 0.0000520 seconds
240.891: Application time: 0.0689750 seconds
240.891: [GC240.891: [ParNew: 303286K->1277K(339904K), 0.0015400 secs] 761456K->459447K(1095044K), 0.0015770 secs] [Times: user=0.01 sys=0.00, real=0.00 secs] 
240.893: Total time for which application threads were stopped: 0.0020030 seconds, Stopping threads took: 0.0000540 seconds
240.962: Application time: 0.0693870 seconds
240.963: [GC240.963: [ParNew: 303421K->1148K(339904K), 0.0015020 secs] 761591K->459326K(1095044K), 0.0015370 secs] [Times: user=0.01 sys=0.00, real=0.00 secs] 
240.964: Total time for which application threads were stopped: 0.0019980 seconds, Stopping threads took: 0.0000650 seconds
241.033: Application time: 0.0691380 seconds
241.034: [GC241.034: [ParNew: 303292K->1030K(339904K), 0.0015210 secs] 761470K->459224K(1095044K), 0.0015570 secs] [Times: user=0.01 sys=0.00, real=0.00 secs] 
241.035: Total time for which application threads were stopped: 0.0019800 seconds, Stopping threads took: 0.0000630 seconds
241.104: Application time: 0.0688700 seconds
241.108: [GC241.108: [ParNew: 303174K->981K(339904K), 0.0014900 secs] 761368K->459175K(1095044K), 0.0015250 secs] [Times: user=0.01 sys=0.00, real=0.00 secs] 
241.109: Total time for which application threads were stopped: 0.0051290 seconds, Stopping threads took: 0.0032070 seconds
241.178: Application time: 0.0690750 seconds
241.180: [GC241.180: [ParNew: 303125K->1154K(339904K), 0.0013910 secs] 761319K->459364K(1095044K), 0.0014250 secs] [Times: user=0.01 sys=0.00, real=0.00 secs] 
241.181: Total time for which application threads were stopped: 0.0028120 seconds, Stopping threads took: 0.0009930 seconds
241.251: Application time: 0.0700770 seconds
241.252: [GC241.252: [ParNew: 303298K->1061K(339904K), 0.0014160 secs] 761508K->459279K(1095044K), 0.0014500 secs] [Times: user=0.01 sys=0.00, real=0.00 secs] 
241.253: Total time for which application threads were stopped: 0.0019660 seconds, Stopping threads took: 0.0001010 seconds
241.322: Application time: 0.0686410 seconds
241.324: [GC241.324: [ParNew: 303205K->1216K(339904K), 0.0013800 secs] 761423K->459450K(1095044K), 0.0014140 secs] [Times: user=0.01 sys=0.00, real=0.00 secs] 
241.325: Total time for which application threads were stopped: 0.0033120 seconds, Stopping threads took: 0.0014910 seconds
241.394: Application time: 0.0686790 seconds
241.394: [GC241.394: [ParNew: 303360K->1107K(339904K), 0.0014360 secs] 761594K->459341K(1095044K), 0.0014720 secs] [Times: user=0.01 sys=0.00, real=0.00 secs] 
241.396: Total time for which application threads were stopped: 0.0019440 seconds, Stopping threads took: 0.0000760 seconds
241.464: Application time: 0.0683540 seconds
241.465: [GC241.465: [ParNew: 303251K->1435K(339904K), 0.0014260 secs] 761485K->459668K(1095044K), 0.0014610 secs] [Times: user=0.01 sys=0.00, real=0.00 secs] 
241.466: Total time for which application threads were stopped: 0.0019200 seconds, Stopping threads took: 0.0000590 seconds
241.534: Application time: 0.0682170 seconds
241.535: [GC241.535: [ParNew: 303579K->1036K(339904K), 0.0014440 secs] 761812K->459286K(1095044K), 0.0014800 secs] [Times: user=0.01 sys=0.00, real=0.00 secs] 
241.536: Total time for which application threads were stopped: 0.0019510 seconds, Stopping threads took: 0.0000740 seconds
241.605: Application time: 0.0689180 seconds
241.606: [GC241.606: [ParNew: 303180K->1325K(339904K), 0.0014220 secs] 761430K->459575K(1095044K), 0.0014580 secs] [Times: user=0.01 sys=0.00, real=0.00 secs] 
241.607: Total time for which application threads were stopped: 0.0019160 seconds, Stopping threads took: 0.0000610 seconds
241.675: Application time: 0.0683880 seconds
241.676: [GC241.676: [ParNew: 303469K->1264K(339904K), 0.0014360 secs] 761719K->459514K(1095044K), 0.0014730 secs] [Times: user=0.01 sys=0.00, real=0.00 secs] 
241.677: Total time for which application threads were stopped: 0.0019220 seconds, Stopping threads took: 0.0000550 seconds
241.746: Application time: 0.0688050 seconds
241.747: [GC241.747: [ParNew: 303408K->1049K(339904K), 0.0014350 secs] 761658K->459299K(1095044K), 0.0014700 secs] [Times: user=0.01 sys=0.00, real=0.01 secs] 
241.748: Total time for which application threads were stopped: 0.0019170 seconds, Stopping threads took: 0.0000540 seconds
241.817: Application time: 0.0689940 seconds
241.818: [GC241.818: [ParNew: 303193K->1454K(339904K), 0.0014430 secs] 761443K->459704K(1095044K), 0.0014790 secs] [Times: user=0.01 sys=0.00, real=0.00 secs] 
241.819: Total time for which application threads were stopped: 0.0019580 seconds, Stopping threads took: 0.0000540 seconds
241.889: Application time: 0.0697390 seconds
241.889: [GC241.889: [ParNew: 303598K->1128K(339904K), 0.0014690 secs] 761848K->459386K(1095044K), 0.0015010 secs] [Times: user=0.01 sys=0.00, real=0.00 secs] 
241.891: Total time for which application threads were stopped: 0.0019570 seconds, Stopping threads took: 0.0000600 seconds
241.959: Application time: 0.0686680 seconds
241.960: [GC241.960: [ParNew: 303272K->1053K(339904K), 0.0013760 secs] 761530K->459319K(1095044K), 0.0014110 secs] [Times: user=0.01 sys=0.00, real=0.00 secs] 
241.961: Total time for which application threads were stopped: 0.0018650 seconds, Stopping threads took: 0.0000560 seconds
242.030: Application time: 0.0685980 seconds
242.030: [GC242.030: [ParNew: 303197K->980K(339904K), 0.0014070 secs] 761463K->459262K(1095044K), 0.0014420 secs] [Times: user=0.01 sys=0.00, real=0.00 secs] 
242.032: Total time for which application threads were stopped: 0.0019040 seconds, Stopping threads took: 0.0000570 seconds
242.101: Application time: 0.0689540 seconds
242.101: [GC242.101: [ParNew: 303124K->1242K(339904K), 0.0013850 secs] 761406K->459540K(1095044K), 0.0014210 secs] [Times: user=0.01 sys=0.00, real=0.00 secs] 
242.103: Total time for which application threads were stopped: 0.0018660 seconds, Stopping threads took: 0.0000480 seconds
242.171: Application time: 0.0685510 seconds
242.176: [GC242.176: [ParNew: 303386K->1105K(339904K), 0.0014400 secs] 761684K->459403K(1095044K), 0.0014750 secs] [Times: user=0.01 sys=0.00, real=0.00 secs] 
242.177: Total time for which application threads were stopped: 0.0059940 seconds, Stopping threads took: 0.0041260 seconds
242.246: Application time: 0.0693190 seconds
242.247: [GC242.247: [ParNew: 303249K->1151K(339904K), 0.0013990 secs] 761547K->459449K(1095044K), 0.0014360 secs] [Times: user=0.01 sys=0.00, real=0.01 secs] 
242.248: Total time for which application threads were stopped: 0.0018790 seconds, Stopping threads took: 0.0000480 seconds
242.318: Application time: 0.0691780 seconds
242.320: [GC242.320: [ParNew: 303295K->1030K(339904K), 0.0013900 secs] 761593K->459336K(1095044K), 0.0014240 secs] [Times: user=0.01 sys=0.00, real=0.00 secs] 
242.321: Total time for which application threads were stopped: 0.0036040 seconds, Stopping threads took: 0.0017550 seconds
242.389: Application time: 0.0680550 seconds
242.392: [GC242.392: [ParNew: 303174K->1070K(339904K), 0.0014540 secs] 761480K->459376K(1095044K), 0.0014870 secs] [Times: user=0.01 sys=0.00, real=0.00 secs] 
242.393: Total time for which application threads were stopped: 0.0039650 seconds, Stopping threads took: 0.0020800 seconds
242.461: Application time: 0.0680850 seconds
242.462: [GC242.462: [ParNew: 303214K->1326K(339904K), 0.0014190 secs] 761520K->459648K(1095044K), 0.0014550 secs] [Times: user=0.01 sys=0.00, real=0.00 secs] 
242.463: Total time for which application threads were stopped: 0.0019060 seconds, Stopping threads took: 0.0000520 seconds
242.532: Application time: 0.0683980 seconds
242.532: [GC242.532: [ParNew: 303470K->1265K(339904K), 0.0014060 secs] 761792K->459587K(1095044K), 0.0014420 secs] [Times: user=0.01 sys=0.01, real=0.00 secs] 
242.533: Total time for which application threads were stopped: 0.0019150 seconds, Stopping threads took: 0.0000770 seconds
242.602: Application time: 0.0685320 seconds
242.602: [GC242.602: [ParNew: 303409K->1466K(339904K), 0.0014510 secs] 761731K->459788K(1095044K), 0.0014890 secs] [Times: user=0.01 sys=0.00, real=0.00 secs] 
242.604: Total time for which application threads were stopped: 0.0019610 seconds, Stopping threads took: 0.0000760 seconds
242.672: Application time: 0.0684330 seconds
242.673: [GC242.673: [ParNew: 303610K->1556K(339904K), 0.0015140 secs] 761932K->459878K(1095044K), 0.0015510 secs] [Times: user=0.02 sys=0.00, real=0.00 secs] 
242.674: Total time for which application threads were stopped: 0.0020210 seconds, Stopping threads took: 0.0000650 seconds
242.743: Application time: 0.0689610 seconds
242.744: [GC242.744: [ParNew: 303700K->1350K(339904K), 0.0014710 secs] 762022K->459672K(1095044K), 0.0015070 secs] [Times: user=0.01 sys=0.00, real=0.00 secs] 
242.745: Total time for which application threads were stopped: 0.0019620 seconds, Stopping threads took: 0.0000520 seconds
242.815: Application time: 0.0697580 seconds
242.816: [GC242.816: [ParNew: 303494K->1161K(339904K), 0.0014570 secs] 761816K->459491K(1095044K), 0.0014910 secs] [Times: user=0.01 sys=0.01, real=0.00 secs] 
242.817: Total time for which application threads were stopped: 0.0019690 seconds, Stopping threads took: 0.0000730 seconds
242.886: Application time: 0.0686240 seconds
242.886: [GC242.886: [ParNew: 303305K->792K(339904K), 0.0015130 secs] 761635K->459122K(1095044K), 0.0015480 secs] [Times: user=0.01 sys=0.00, real=0.01 secs] 
242.888: Total time for which application threads were stopped: 0.0020280 seconds, Stopping threads took: 0.0000610 seconds
242.956: Application time: 0.0686640 seconds
242.957: [GC242.957: [ParNew: 302936K->909K(339904K), 0.0013540 secs] 761266K->459247K(1095044K), 0.0013880 secs] [Times: user=0.01 sys=0.00, real=0.00 secs] 
242.958: Total time for which application threads were stopped: 0.0018420 seconds, Stopping threads took: 0.0000540 seconds
243.027: Application time: 0.0685890 seconds
243.027: [GC243.027: [ParNew: 303053K->1151K(339904K), 0.0013980 secs] 761391K->459505K(1095044K), 0.0014320 secs] [Times: user=0.01 sys=0.00, real=0.00 secs] 
243.029: Total time for which application threads were stopped: 0.0019020 seconds, Stopping threads took: 0.0000680 seconds
243.097: Application time: 0.0687240 seconds
243.098: [GC243.098: [ParNew: 303295K->1117K(339904K), 0.0014020 secs] 761649K->459471K(1095044K), 0.0014370 secs] [Times: user=0.00 sys=0.00, real=0.01 secs] 
243.099: Total time for which application threads were stopped: 0.0018970 seconds, Stopping threads took: 0.0000540 seconds
243.169: Application time: 0.0693590 seconds
243.172: [GC243.172: [ParNew: 303261K->953K(339904K), 0.0013950 secs] 761615K->459307K(1095044K), 0.0014290 secs] [Times: user=0.01 sys=0.00, real=0.00 secs] 
243.173: Total time for which application threads were stopped: 0.0043590 seconds, Stopping threads took: 0.0025330 seconds
243.243: Application time: 0.0700020 seconds
243.248: [GC243.248: [ParNew: 303097K->1008K(339904K), 0.0014200 secs] 761451K->459370K(1095044K), 0.0014540 secs] [Times: user=0.01 sys=0.00, real=0.00 secs] 
243.249: Total time for which application threads were stopped: 0.0060320 seconds, Stopping threads took: 0.0041860 seconds
243.318: Application time: 0.0684370 seconds
243.320: [GC243.320: [ParNew: 303152K->1120K(339904K), 0.0014310 secs] 761514K->459482K(1095044K), 0.0014660 secs] [Times: user=0.01 sys=0.00, real=0.00 secs] 
243.321: Total time for which application threads were stopped: 0.0035770 seconds, Stopping threads took: 0.0017110 seconds
243.390: Application time: 0.0683940 seconds
243.390: [GC243.390: [ParNew: 303264K->1176K(339904K), 0.0014750 secs] 761626K->459554K(1095044K), 0.0015110 secs] [Times: user=0.01 sys=0.00, real=0.00 secs] 
243.392: Total time for which application threads were stopped: 0.0019910 seconds, Stopping threads took: 0.0000690 seconds
243.460: Application time: 0.0688110 seconds
243.461: [GC243.461: [ParNew: 303320K->1368K(339904K), 0.0014110 secs] 761698K->459746K(1095044K), 0.0014470 secs] [Times: user=0.01 sys=0.00, real=0.00 secs] 
243.462: Total time for which application threads were stopped: 0.0018900 seconds, Stopping threads took: 0.0000510 seconds
243.531: Application time: 0.0685420 seconds
243.531: [GC243.531: [ParNew: 303512K->1467K(339904K), 0.0014550 secs] 761890K->459845K(1095044K), 0.0014890 secs] [Times: user=0.01 sys=0.00, real=0.00 secs] 
243.533: Total time for which application threads were stopped: 0.0019580 seconds, Stopping threads took: 0.0000580 seconds
243.602: Application time: 0.0687820 seconds
243.602: [GC243.602: [ParNew: 303611K->1342K(339904K), 0.0015210 secs] 761989K->459720K(1095044K), 0.0015580 secs] [Times: user=0.01 sys=0.00, real=0.00 secs] 
243.604: Total time for which application threads were stopped: 0.0020110 seconds, Stopping threads took: 0.0000520 seconds
243.673: Application time: 0.0695080 seconds
243.673: [GC243.674: [ParNew: 303486K->1163K(339904K), 0.0015140 secs] 761864K->459541K(1095044K), 0.0015510 secs] [Times: user=0.01 sys=0.00, real=0.00 secs] 
243.675: Total time for which application threads were stopped: 0.0019960 seconds, Stopping threads took: 0.0000530 seconds
243.745: Application time: 0.0696780 seconds
243.745: [GC243.745: [ParNew: 303307K->1242K(339904K), 0.0014820 secs] 761685K->459620K(1095044K), 0.0015190 secs] [Times: user=0.01 sys=0.00, real=0.00 secs] 
243.747: Total time for which application threads were stopped: 0.0019970 seconds, Stopping threads took: 0.0000760 seconds
243.816: Application time: 0.0697040 seconds
243.817: [GC243.817: [ParNew: 303386K->946K(339904K), 0.0014370 secs] 761764K->459332K(1095044K), 0.0014720 secs] [Times: user=0.01 sys=0.00, real=0.00 secs] 
243.818: Total time for which application threads were stopped: 0.0019250 seconds, Stopping threads took: 0.0000520 seconds
243.887: Application time: 0.0688760 seconds
243.888: [GC243.888: [ParNew: 303090K->1039K(339904K), 0.0013860 secs] 761476K->459441K(1095044K), 0.0014190 secs] [Times: user=0.01 sys=0.00, real=0.00 secs] 
243.889: Total time for which application threads were stopped: 0.0018890 seconds, Stopping threads took: 0.0000770 seconds
243.958: Application time: 0.0686070 seconds
243.958: [GC243.958: [ParNew: 303183K->969K(339904K), 0.0014370 secs] 761585K->459371K(1095044K), 0.0014720 secs] [Times: user=0.01 sys=0.00, real=0.01 secs] 
243.960: Total time for which application threads were stopped: 0.0019530 seconds, Stopping threads took: 0.0000560 seconds
244.029: Application time: 0.0692100 seconds
244.029: [GC244.029: [ParNew: 303113K->1070K(339904K), 0.0013870 secs] 761515K->459472K(1095044K), 0.0014320 secs] [Times: user=0.01 sys=0.00, real=0.00 secs] 
244.031: Total time for which application threads were stopped: 0.0018910 seconds, Stopping threads took: 0.0000570 seconds
244.100: Application time: 0.0690440 seconds
244.104: [GC244.104: [ParNew: 303214K->1006K(339904K), 0.0014170 secs] 761616K->459408K(1095044K), 0.0014510 secs] [Times: user=0.01 sys=0.00, real=0.00 secs] 
244.105: Total time for which application threads were stopped: 0.0052350 seconds, Stopping threads took: 0.0033910 seconds
244.174: Application time: 0.0688250 seconds
244.174: [GC244.174: [ParNew: 303150K->1256K(339904K), 0.0014540 secs] 761552K->459658K(1095044K), 0.0014900 secs] [Times: user=0.01 sys=0.00, real=0.00 secs] 
244.176: Total time for which application threads were stopped: 0.0019890 seconds, Stopping threads took: 0.0001010 seconds
244.245: Application time: 0.0689560 seconds
244.245: [GC244.245: [ParNew: 303400K->1043K(339904K), 0.0016000 secs] 761802K->459461K(1095044K), 0.0016350 secs] [Times: user=0.01 sys=0.00, real=0.00 secs] 
244.247: Total time for which application threads were stopped: 0.0020940 seconds, Stopping threads took: 0.0000620 seconds
244.316: Application time: 0.0686710 seconds
244.320: [GC244.320: [ParNew: 303187K->1194K(339904K), 0.0014490 secs] 761605K->459612K(1095044K), 0.0014840 secs] [Times: user=0.01 sys=0.00, real=0.00 secs] 
244.321: Total time for which application threads were stopped: 0.0054870 seconds, Stopping threads took: 0.0036050 seconds
244.390: Application time: 0.0686590 seconds
244.390: [GC244.390: [ParNew: 303338K->1274K(339904K), 0.0015350 secs] 761756K->459692K(1095044K), 0.0015710 secs] [Times: user=0.01 sys=0.00, real=0.00 secs] 
244.392: Total time for which application threads were stopped: 0.0020220 seconds, Stopping threads took: 0.0000510 seconds
244.460: Application time: 0.0685180 seconds
244.461: [GC244.461: [ParNew: 303418K->1369K(339904K), 0.0014720 secs] 761836K->459787K(1095044K), 0.0015080 secs] [Times: user=0.01 sys=0.00, real=0.00 secs] 
244.462: Total time for which application threads were stopped: 0.0019880 seconds, Stopping threads took: 0.0000560 seconds
244.531: Application time: 0.0688580 seconds
244.532: [GC244.532: [ParNew: 303513K->1490K(339904K), 0.0014540 secs] 761931K->459908K(1095044K), 0.0014900 secs] [Times: user=0.01 sys=0.00, real=0.00 secs] 
244.533: Total time for which application threads were stopped: 0.0019690 seconds, Stopping threads took: 0.0000800 seconds
244.605: Application time: 0.0721780 seconds
244.606: [GC244.606: [ParNew: 303634K->1134K(339904K), 0.0015330 secs] 762052K->459552K(1095044K), 0.0015710 secs] [Times: user=0.01 sys=0.00, real=0.01 secs] 
244.607: Total time for which application threads were stopped: 0.0020530 seconds, Stopping threads took: 0.0000860 seconds
244.676: Application time: 0.0687750 seconds
244.677: [GC244.677: [ParNew: 303278K->1162K(339904K), 0.0014520 secs] 761696K->459580K(1095044K), 0.0014870 secs] [Times: user=0.01 sys=0.00, real=0.00 secs] 
244.678: Total time for which application threads were stopped: 0.0019440 seconds, Stopping threads took: 0.0000580 seconds
244.747: Application time: 0.0684730 seconds
244.747: [GC244.747: [ParNew: 303306K->1298K(339904K), 0.0016870 secs] 761724K->459724K(1095044K), 0.0017220 secs] [Times: user=0.01 sys=0.00, real=0.01 secs] 
244.749: Total time for which application threads were stopped: 0.0021880 seconds, Stopping threads took: 0.0000610 seconds
244.774: Application time: 0.0251190 seconds
244.774: Total time for which application threads were stopped: 0.0004070 seconds, Stopping threads took: 0.0000650 seconds
244.819: Application time: 0.0442520 seconds
244.819: [GC244.819: [ParNew: 303442K->1189K(339904K), 0.0016090 secs] 761868K->459623K(1095044K), 0.0016460 secs] [Times: user=0.01 sys=0.00, real=0.01 secs] 
244.821: Total time for which application threads were stopped: 0.0020910 seconds, Stopping threads took: 0.0000510 seconds
244.889: Application time: 0.0687320 seconds
244.890: [GC244.890: [ParNew: 303333K->1284K(339904K), 0.0014830 secs] 761767K->459734K(1095044K), 0.0015270 secs] [Times: user=0.01 sys=0.00, real=0.00 secs] 
244.891: Total time for which application threads were stopped: 0.0020010 seconds, Stopping threads took: 0.0000700 seconds
244.960: Application time: 0.0689360 seconds
244.961: [GC244.961: [ParNew: 303428K->1326K(339904K), 0.0015080 secs] 761878K->459776K(1095044K), 0.0015430 secs] [Times: user=0.01 sys=0.00, real=0.00 secs] 
244.962: Total time for which application threads were stopped: 0.0020070 seconds, Stopping threads took: 0.0000640 seconds
245.031: Application time: 0.0690210 seconds
245.032: [GC245.032: [ParNew: 303470K->1171K(339904K), 0.0014630 secs] 761920K->459621K(1095044K), 0.0014980 secs] [Times: user=0.01 sys=0.00, real=0.00 secs] 
245.033: Total time for which application threads were stopped: 0.0019690 seconds, Stopping threads took: 0.0000600 seconds
245.103: Application time: 0.0697650 seconds
245.104: [GC245.104: [ParNew: 303315K->1236K(339904K), 0.0015660 secs] 761765K->459686K(1095044K), 0.0016000 secs] [Times: user=0.01 sys=0.00, real=0.00 secs] 
245.105: Total time for which application threads were stopped: 0.0020660 seconds, Stopping threads took: 0.0000600 seconds
245.174: Application time: 0.0687860 seconds
245.174: [GC245.174: [ParNew: 303380K->1329K(339904K), 0.0014660 secs] 761830K->459787K(1095044K), 0.0015030 secs] [Times: user=0.01 sys=0.00, real=0.00 secs] 
245.176: Total time for which application threads were stopped: 0.0019680 seconds, Stopping threads took: 0.0000600 seconds
245.245: Application time: 0.0691460 seconds
245.246: [GC245.246: [ParNew: 303473K->1315K(339904K), 0.0014110 secs] 761931K->459789K(1095044K), 0.0014470 secs] [Times: user=0.01 sys=0.00, real=0.00 secs] 
245.247: Total time for which application threads were stopped: 0.0018970 seconds, Stopping threads took: 0.0000470 seconds
245.315: Application time: 0.0680350 seconds
245.320: [GC245.320: [ParNew: 303459K->1448K(339904K), 0.0014450 secs] 761933K->459922K(1095044K), 0.0014780 secs] [Times: user=0.01 sys=0.00, real=0.00 secs] 
245.321: Total time for which application threads were stopped: 0.0061000 seconds, Stopping threads took: 0.0042230 seconds
245.390: Application time: 0.0683940 seconds
245.390: [GC245.390: [ParNew: 303592K->1596K(339904K), 0.0015960 secs] 762066K->460070K(1095044K), 0.0016330 secs] [Times: user=0.01 sys=0.00, real=0.00 secs] 
245.392: Total time for which application threads were stopped: 0.0021150 seconds, Stopping threads took: 0.0000820 seconds
245.461: Application time: 0.0695140 seconds
245.462: [GC245.462: [ParNew: 303740K->1579K(339904K), 0.0016430 secs] 762214K->460053K(1095044K), 0.0016760 secs] [Times: user=0.01 sys=0.00, real=0.00 secs] 
245.463: Total time for which application threads were stopped: 0.0021310 seconds, Stopping threads took: 0.0000610 seconds
245.503: Application time: 0.0392200 seconds
245.503: Total time for which application threads were stopped: 0.0004510 seconds, Stopping threads took: 0.0000850 seconds
245.535: Application time: 0.0324350 seconds
245.536: [GC245.536: [ParNew: 303723K->1646K(339904K), 0.0017350 secs] 762197K->460120K(1095044K), 0.0017730 secs] [Times: user=0.01 sys=0.00, real=0.00 secs] 
245.538: Total time for which application threads were stopped: 0.0022470 seconds, Stopping threads took: 0.0000980 seconds
245.607: Application time: 0.0690620 seconds
245.607: [GC245.607: [ParNew: 303790K->1254K(339904K), 0.0015710 secs] 762264K->459728K(1095044K), 0.0016130 secs] [Times: user=0.01 sys=0.00, real=0.01 secs] 
245.609: Total time for which application threads were stopped: 0.0020840 seconds, Stopping threads took: 0.0000700 seconds
245.678: Application time: 0.0688320 seconds
245.678: [GC245.678: [ParNew: 303398K->1339K(339904K), 0.0018130 secs] 761872K->459941K(1095044K), 0.0018500 secs] [Times: user=0.01 sys=0.00, real=0.01 secs] 
245.680: Total time for which application threads were stopped: 0.0023060 seconds, Stopping threads took: 0.0000560 seconds
245.749: Application time: 0.0687550 seconds
245.749: [GC245.749: [ParNew: 303483K->1352K(339904K), 0.0016200 secs] 762085K->459954K(1095044K), 0.0016600 secs] [Times: user=0.01 sys=0.00, real=0.00 secs] 
245.751: Total time for which application threads were stopped: 0.0021320 seconds, Stopping threads took: 0.0000550 seconds
245.820: Application time: 0.0686660 seconds
245.820: [GC245.820: [ParNew: 303496K->1085K(339904K), 0.0015760 secs] 762098K->459687K(1095044K), 0.0016130 secs] [Times: user=0.01 sys=0.00, real=0.00 secs] 
245.822: Total time for which application threads were stopped: 0.0020510 seconds, Stopping threads took: 0.0000630 seconds
245.890: Application time: 0.0688360 seconds
245.891: [GC245.891: [ParNew: 303229K->1105K(339904K), 0.0014740 secs] 761831K->459723K(1095044K), 0.0015100 secs] [Times: user=0.01 sys=0.00, real=0.00 secs] 
245.892: Total time for which application threads were stopped: 0.0019590 seconds, Stopping threads took: 0.0000520 seconds
245.961: Application time: 0.0689890 seconds
245.962: [GC245.962: [ParNew: 303249K->1185K(339904K), 0.0016140 secs] 761867K->459803K(1095044K), 0.0016510 secs] [Times: user=0.01 sys=0.00, real=0.00 secs] 
245.963: Total time for which application threads were stopped: 0.0020940 seconds, Stopping threads took: 0.0000490 seconds
246.032: Application time: 0.0682690 seconds
246.032: [GC246.032: [ParNew: 303329K->1207K(339904K), 0.0015800 secs] 761947K->459825K(1095044K), 0.0016160 secs] [Times: user=0.01 sys=0.00, real=0.00 secs] 
246.034: Total time for which application threads were stopped: 0.0020550 seconds, Stopping threads took: 0.0000460 seconds
246.103: Application time: 0.0688220 seconds
246.103: [GC246.103: [ParNew: 303351K->1378K(339904K), 0.0014910 secs] 761969K->460004K(1095044K), 0.0015280 secs] [Times: user=0.01 sys=0.00, real=0.00 secs] 
246.105: Total time for which application threads were stopped: 0.0020120 seconds, Stopping threads took: 0.0000690 seconds
246.173: Application time: 0.0682320 seconds
246.173: [GC246.173: [ParNew: 303522K->1289K(339904K), 0.0014120 secs] 762148K->459931K(1095044K), 0.0014480 secs] [Times: user=0.01 sys=0.00, real=0.00 secs] 
246.175: Total time for which application threads were stopped: 0.0018720 seconds, Stopping threads took: 0.0000500 seconds
246.244: Application time: 0.0691180 seconds
246.244: [GC246.244: [ParNew: 303433K->1426K(339904K), 0.0014590 secs] 762075K->460068K(1095044K), 0.0014950 secs] [Times: user=0.01 sys=0.00, real=0.00 secs] 
246.246: Total time for which application threads were stopped: 0.0019480 seconds, Stopping threads took: 0.0000520 seconds
246.314: Application time: 0.0680510 seconds
246.314: [GC246.314: [ParNew: 303570K->1499K(339904K), 0.0014640 secs] 762212K->460141K(1095044K), 0.0015040 secs] [Times: user=0.01 sys=0.00, real=0.00 secs] 
246.316: Total time for which application threads were stopped: 0.0019570 seconds, Stopping threads took: 0.0000510 seconds
246.385: Application time: 0.0690380 seconds
246.388: [GC246.388: [ParNew: 303643K->1408K(339904K), 0.0014810 secs] 762285K->460050K(1095044K), 0.0015180 secs] [Times: user=0.01 sys=0.00, real=0.00 secs] 
246.389: Total time for which application threads were stopped: 0.0042960 seconds, Stopping threads took: 0.0023780 seconds
246.458: Application time: 0.0688000 seconds
246.458: [GC246.458: [ParNew: 303552K->1334K(339904K), 0.0015210 secs] 762194K->459976K(1095044K), 0.0015580 secs] [Times: user=0.02 sys=0.00, real=0.01 secs] 
246.460: Total time for which application threads were stopped: 0.0020060 seconds, Stopping threads took: 0.0000480 seconds
246.529: Application time: 0.0691460 seconds
246.530: [GC246.530: [ParNew: 303478K->1240K(339904K), 0.0014690 secs] 762120K->459882K(1095044K), 0.0015040 secs] [Times: user=0.01 sys=0.00, real=0.00 secs] 
246.531: Total time for which application threads were stopped: 0.0019640 seconds, Stopping threads took: 0.0000610 seconds
246.600: Application time: 0.0688580 seconds
246.600: [GC246.600: [ParNew: 303384K->1371K(339904K), 0.0014090 secs] 762026K->460197K(1095044K), 0.0014480 secs] [Times: user=0.01 sys=0.00, real=0.00 secs] 
246.602: Total time for which application threads were stopped: 0.0019290 seconds, Stopping threads took: 0.0000500 seconds
246.671: Application time: 0.0690660 seconds
246.671: [GC246.671: [ParNew: 303515K->1007K(339904K), 0.0015500 secs] 762341K->459849K(1095044K), 0.0015840 secs] [Times: user=0.01 sys=0.00, real=0.00 secs] 
246.673: Total time for which application threads were stopped: 0.0020710 seconds, Stopping threads took: 0.0000530 seconds
246.742: Application time: 0.0686580 seconds
246.742: [GC246.742: [ParNew: 303151K->1135K(339904K), 0.0014410 secs] 761993K->459977K(1095044K), 0.0014770 secs] [Times: user=0.01 sys=0.00, real=0.00 secs] 
246.744: Total time for which application threads were stopped: 0.0019310 seconds, Stopping threads took: 0.0000530 seconds
246.813: Application time: 0.0690570 seconds
246.813: [GC246.813: [ParNew: 303279K->1002K(339904K), 0.0014180 secs] 762121K->459852K(1095044K), 0.0014550 secs] [Times: user=0.01 sys=0.00, real=0.00 secs] 
246.815: Total time for which application threads were stopped: 0.0019040 seconds, Stopping threads took: 0.0000520 seconds
246.883: Application time: 0.0684170 seconds
246.883: [GC246.883: [ParNew: 303146K->1094K(339904K), 0.0013880 secs] 761996K->459944K(1095044K), 0.0014220 secs] [Times: user=0.01 sys=0.00, real=0.00 secs] 
246.885: Total time for which application threads were stopped: 0.0018810 seconds, Stopping threads took: 0.0000520 seconds
246.953: Application time: 0.0683450 seconds
246.954: [GC246.954: [ParNew: 303238K->1166K(339904K), 0.0013900 secs] 762088K->460016K(1095044K), 0.0014250 secs] [Times: user=0.01 sys=0.00, real=0.00 secs] 
246.955: Total time for which application threads were stopped: 0.0018750 seconds, Stopping threads took: 0.0000540 seconds
247.024: Application time: 0.0688370 seconds
247.024: [GC247.024: [ParNew: 303310K->1018K(339904K), 0.0014420 secs] 762160K->459876K(1095044K), 0.0014770 secs] [Times: user=0.01 sys=0.00, real=0.00 secs] 
247.026: Total time for which application threads were stopped: 0.0019290 seconds, Stopping threads took: 0.0000490 seconds
247.094: Application time: 0.0683280 seconds
247.096: [GC247.096: [ParNew: 303162K->1224K(339904K), 0.0014210 secs] 762020K->460082K(1095044K), 0.0014560 secs] [Times: user=0.01 sys=0.00, real=0.00 secs] 
247.097: Total time for which application threads were stopped: 0.0028760 seconds, Stopping threads took: 0.0010160 seconds
247.165: Application time: 0.0683720 seconds
247.166: [GC247.166: [ParNew: 303368K->1137K(339904K), 0.0014370 secs] 762226K->460011K(1095044K), 0.0014740 secs] [Times: user=0.02 sys=0.00, real=0.01 secs] 
247.167: Total time for which application threads were stopped: 0.0019220 seconds, Stopping threads took: 0.0000460 seconds
247.237: Application time: 0.0691830 seconds
247.237: [GC247.237: [ParNew: 303281K->1373K(339904K), 0.0014480 secs] 762155K->460247K(1095044K), 0.0014850 secs] [Times: user=0.01 sys=0.00, real=0.00 secs] 
247.239: Total time for which application threads were stopped: 0.0019680 seconds, Stopping threads took: 0.0000550 seconds
247.308: Application time: 0.0692270 seconds
247.312: [GC247.312: [ParNew: 303517K->1168K(339904K), 0.0015300 secs] 762391K->460042K(1095044K), 0.0015650 secs] [Times: user=0.02 sys=0.00, real=0.00 secs] 
247.313: Total time for which application threads were stopped: 0.0054290 seconds, Stopping threads took: 0.0034600 seconds
247.382: Application time: 0.0691810 seconds
247.384: [GC247.384: [ParNew: 303312K->1122K(339904K), 0.0014640 secs] 762186K->459996K(1095044K), 0.0014950 secs] [Times: user=0.01 sys=0.00, real=0.00 secs] 
247.385: Total time for which application threads were stopped: 0.0027660 seconds, Stopping threads took: 0.0008750 seconds
247.456: Application time: 0.0705060 seconds
247.456: [GC247.456: [ParNew: 303266K->1114K(339904K), 0.0016230 secs] 762140K->459996K(1095044K), 0.0016580 secs] [Times: user=0.01 sys=0.00, real=0.00 secs] 
247.458: Total time for which application threads were stopped: 0.0020880 seconds, Stopping threads took: 0.0000710 seconds
247.528: Application time: 0.0705730 seconds
247.529: [GC247.529: [ParNew: 303258K->1203K(339904K), 0.0015090 secs] 762140K->460093K(1095044K), 0.0015520 secs] [Times: user=0.02 sys=0.00, real=0.00 secs] 
247.530: Total time for which application threads were stopped: 0.0020170 seconds, Stopping threads took: 0.0000690 seconds
247.601: Application time: 0.0702280 seconds
247.601: [GC247.601: [ParNew: 303347K->1213K(339904K), 0.0014700 secs] 762237K->460111K(1095044K), 0.0015040 secs] [Times: user=0.01 sys=0.00, real=0.00 secs] 
247.603: Total time for which application threads were stopped: 0.0019890 seconds, Stopping threads took: 0.0000820 seconds
247.673: Application time: 0.0699420 seconds
247.673: [GC247.673: [ParNew: 303357K->1109K(339904K), 0.0014940 secs] 762255K->460007K(1095044K), 0.0015280 secs] [Times: user=0.01 sys=0.00, real=0.00 secs] 
247.675: Total time for which application threads were stopped: 0.0019780 seconds, Stopping threads took: 0.0000470 seconds
247.744: Application time: 0.0694150 seconds
247.744: [GC247.744: [ParNew: 303253K->996K(339904K), 0.0014240 secs] 762151K->459903K(1095044K), 0.0014590 secs] [Times: user=0.01 sys=0.00, real=0.00 secs] 
247.746: Total time for which application threads were stopped: 0.0019330 seconds, Stopping threads took: 0.0000470 seconds
247.815: Application time: 0.0689670 seconds
247.815: [GC247.815: [ParNew: 303140K->1104K(339904K), 0.0014150 secs] 762047K->460018K(1095044K), 0.0014510 secs] [Times: user=0.01 sys=0.00, real=0.00 secs] 
247.817: Total time for which application threads were stopped: 0.0019230 seconds, Stopping threads took: 0.0000600 seconds
247.886: Application time: 0.0687330 seconds
247.886: [GC247.886: [ParNew: 303248K->1032K(339904K), 0.0014240 secs] 762162K->459962K(1095044K), 0.0014620 secs] [Times: user=0.02 sys=0.00, real=0.01 secs] 
247.887: Total time for which application threads were stopped: 0.0019140 seconds, Stopping threads took: 0.0000570 seconds
247.956: Application time: 0.0686550 seconds
247.957: [GC247.957: [ParNew: 303176K->1197K(339904K), 0.0015500 secs] 762106K->460127K(1095044K), 0.0015850 secs] [Times: user=0.01 sys=0.00, real=0.00 secs] 
247.958: Total time for which application threads were stopped: 0.0020440 seconds, Stopping threads took: 0.0000570 seconds
248.027: Application time: 0.0685310 seconds
248.027: [GC248.027: [ParNew: 303341K->1094K(339904K), 0.0015260 secs] 762271K->460024K(1095044K), 0.0015630 secs] [Times: user=0.01 sys=0.00, real=0.01 secs] 
248.029: Total time for which application threads were stopped: 0.0020150 seconds, Stopping threads took: 0.0000540 seconds
248.098: Application time: 0.0689460 seconds
248.098: [GC248.098: [ParNew: 303238K->1229K(339904K), 0.0014820 secs] 762168K->460175K(1095044K), 0.0015190 secs] [Times: user=0.01 sys=0.00, real=0.01 secs] 
248.100: Total time for which application threads were stopped: 0.0019620 seconds, Stopping threads took: 0.0000480 seconds
248.169: Application time: 0.0689170 seconds
248.169: [GC248.169: [ParNew: 303373K->1236K(339904K), 0.0014980 secs] 762319K->460182K(1095044K), 0.0015330 secs] [Times: user=0.01 sys=0.00, real=0.00 secs] 
248.171: Total time for which application threads were stopped: 0.0020040 seconds, Stopping threads took: 0.0000710 seconds
248.240: Application time: 0.0697520 seconds
248.241: [GC248.241: [ParNew: 303380K->1173K(339904K), 0.0014720 secs] 762326K->460119K(1095044K), 0.0015070 secs] [Times: user=0.01 sys=0.00, real=0.00 secs] 
248.242: Total time for which application threads were stopped: 0.0019620 seconds, Stopping threads took: 0.0000590 seconds
248.311: Application time: 0.0687410 seconds
248.311: [GC248.311: [ParNew: 303317K->1154K(339904K), 0.0014460 secs] 762263K->460100K(1095044K), 0.0014830 secs] [Times: user=0.01 sys=0.00, real=0.00 secs] 
248.313: Total time for which application threads were stopped: 0.0019780 seconds, Stopping threads took: 0.0000640 seconds
248.382: Application time: 0.0688170 seconds
248.382: [GC248.382: [ParNew: 303298K->1101K(339904K), 0.0015700 secs] 762244K->460055K(1095044K), 0.0016140 secs] [Times: user=0.01 sys=0.00, real=0.00 secs] 
248.384: Total time for which application threads were stopped: 0.0020700 seconds, Stopping threads took: 0.0000570 seconds
248.453: Application time: 0.0690480 seconds
248.453: [GC248.453: [ParNew: 303245K->1181K(339904K), 0.0014410 secs] 762199K->460135K(1095044K), 0.0014790 secs] [Times: user=0.01 sys=0.00, real=0.00 secs] 
248.455: Total time for which application threads were stopped: 0.0019270 seconds, Stopping threads took: 0.0000490 seconds
248.524: Application time: 0.0690650 seconds
248.524: [GC248.524: [ParNew: 303325K->1247K(339904K), 0.0014620 secs] 762279K->460217K(1095044K), 0.0014970 secs] [Times: user=0.01 sys=0.00, real=0.00 secs] 
248.526: Total time for which application threads were stopped: 0.0019630 seconds, Stopping threads took: 0.0000790 seconds
248.595: Application time: 0.0695100 seconds
248.596: [GC248.596: [ParNew: 303391K->1079K(339904K), 0.0015120 secs] 762361K->460049K(1095044K), 0.0015490 secs] [Times: user=0.01 sys=0.00, real=0.00 secs] 
248.597: Total time for which application threads were stopped: 0.0020160 seconds, Stopping threads took: 0.0000750 seconds
248.666: Application time: 0.0690010 seconds
248.667: [GC248.667: [ParNew: 303223K->1000K(339904K), 0.0014740 secs] 762193K->459970K(1095044K), 0.0015110 secs] [Times: user=0.01 sys=0.00, real=0.01 secs] 
248.668: Total time for which application threads were stopped: 0.0019690 seconds, Stopping threads took: 0.0000620 seconds
248.737: Application time: 0.0687770 seconds
248.738: [GC248.738: [ParNew: 303144K->1083K(339904K), 0.0014480 secs] 762114K->460061K(1095044K), 0.0014840 secs] [Times: user=0.01 sys=0.00, real=0.00 secs] 
248.739: Total time for which application threads were stopped: 0.0019500 seconds, Stopping threads took: 0.0000700 seconds
248.808: Application time: 0.0687040 seconds
248.808: [GC248.808: [ParNew: 303227K->1226K(339904K), 0.0014280 secs] 762205K->460220K(1095044K), 0.0014620 secs] [Times: user=0.01 sys=0.00, real=0.00 secs] 
248.810: Total time for which application threads were stopped: 0.0019180 seconds, Stopping threads took: 0.0000540 seconds
248.879: Application time: 0.0688670 seconds
248.879: [GC248.879: [ParNew: 303370K->1276K(339904K), 0.0014740 secs] 762364K->460270K(1095044K), 0.0015110 secs] [Times: user=0.01 sys=0.00, real=0.01 secs] 
248.881: Total time for which application threads were stopped: 0.0019870 seconds, Stopping threads took: 0.0000520 seconds
248.950: Application time: 0.0691990 seconds
248.950: [GC248.950: [ParNew: 303420K->1225K(339904K), 0.0016260 secs] 762414K->460219K(1095044K), 0.0016620 secs] [Times: user=0.01 sys=0.00, real=0.00 secs] 
248.952: Total time for which application threads were stopped: 0.0021100 seconds, Stopping threads took: 0.0000520 seconds
249.021: Application time: 0.0686230 seconds
249.021: [GC249.021: [ParNew: 303369K->1196K(339904K), 0.0014880 secs] 762363K->460190K(1095044K), 0.0015240 secs] [Times: user=0.01 sys=0.00, real=0.00 secs] 
249.023: Total time for which application threads were stopped: 0.0019660 seconds, Stopping threads took: 0.0000430 seconds
249.092: Application time: 0.0692380 seconds
249.092: [GC249.092: [ParNew: 303340K->1317K(339904K), 0.0014910 secs] 762334K->460319K(1095044K), 0.0015270 secs] [Times: user=0.01 sys=0.00, real=0.00 secs] 
249.094: Total time for which application threads were stopped: 0.0019710 seconds, Stopping threads took: 0.0000440 seconds
249.163: Application time: 0.0688260 seconds
249.163: [GC249.163: [ParNew: 303461K->1122K(339904K), 0.0014640 secs] 762463K->460124K(1095044K), 0.0014990 secs] [Times: user=0.01 sys=0.00, real=0.00 secs] 
249.165: Total time for which application threads were stopped: 0.0019580 seconds, Stopping threads took: 0.0000600 seconds
249.234: Application time: 0.0699570 seconds
249.235: [GC249.235: [ParNew: 303266K->1142K(339904K), 0.0015170 secs] 762268K->460152K(1095044K), 0.0015510 secs] [Times: user=0.01 sys=0.00, real=0.00 secs] 
249.237: Total time for which application threads were stopped: 0.0020340 seconds, Stopping threads took: 0.0000660 seconds
249.306: Application time: 0.0691760 seconds
249.306: [GC249.306: [ParNew: 303286K->1360K(339904K), 0.0016300 secs] 762296K->460378K(1095044K), 0.0016620 secs] [Times: user=0.01 sys=0.00, real=0.01 secs] 
249.308: Total time for which application threads were stopped: 0.0021090 seconds, Stopping threads took: 0.0000480 seconds
249.377: Application time: 0.0690500 seconds
249.377: [GC249.377: [ParNew: 303504K->1149K(339904K), 0.0014880 secs] 762522K->460167K(1095044K), 0.0015250 secs] [Times: user=0.01 sys=0.00, real=0.00 secs] 
249.379: Total time for which application threads were stopped: 0.0019770 seconds, Stopping threads took: 0.0000540 seconds
249.448: Application time: 0.0689950 seconds
249.448: [GC249.448: [ParNew: 303293K->1133K(339904K), 0.0015020 secs] 762311K->460151K(1095044K), 0.0015390 secs] [Times: user=0.01 sys=0.00, real=0.00 secs] 
249.450: Total time for which application threads were stopped: 0.0020260 seconds, Stopping threads took: 0.0000590 seconds
249.519: Application time: 0.0692040 seconds
249.520: [GC249.520: [ParNew: 303277K->1043K(339904K), 0.0016400 secs] 762295K->460069K(1095044K), 0.0016740 secs] [Times: user=0.01 sys=0.00, real=0.00 secs] 
249.521: Total time for which application threads were stopped: 0.0021480 seconds, Stopping threads took: 0.0000770 seconds
249.590: Application time: 0.0691070 seconds
249.591: [GC249.591: [ParNew: 303187K->1190K(339904K), 0.0014610 secs] 762213K->460216K(1095044K), 0.0014970 secs] [Times: user=0.01 sys=0.00, real=0.00 secs] 
249.592: Total time for which application threads were stopped: 0.0019540 seconds, Stopping threads took: 0.0000620 seconds
249.661: Application time: 0.0687270 seconds
249.661: [GC249.661: [ParNew: 303334K->1195K(339904K), 0.0014100 secs] 762360K->460229K(1095044K), 0.0014450 secs] [Times: user=0.01 sys=0.00, real=0.00 secs] 
249.663: Total time for which application threads were stopped: 0.0019000 seconds, Stopping threads took: 0.0000560 seconds
249.732: Application time: 0.0687870 seconds
249.732: [GC249.732: [ParNew: 303339K->1245K(339904K), 0.0014210 secs] 762373K->460287K(1095044K), 0.0014580 secs] [Times: user=0.01 sys=0.00, real=0.00 secs] 
249.734: Total time for which application threads were stopped: 0.0018690 seconds, Stopping threads took: 0.0000470 seconds
249.802: Application time: 0.0686370 seconds
249.803: [GC249.803: [ParNew: 303389K->1268K(339904K), 0.0014930 secs] 762431K->460310K(1095044K), 0.0015290 secs] [Times: user=0.01 sys=0.00, real=0.00 secs] 
249.804: Total time for which application threads were stopped: 0.0020010 seconds, Stopping threads took: 0.0000680 seconds
249.873: Application time: 0.0689990 seconds
249.874: [GC249.874: [ParNew: 303412K->1368K(339904K), 0.0014890 secs] 762454K->460410K(1095044K), 0.0015250 secs] [Times: user=0.01 sys=0.00, real=0.00 secs] 
249.875: Total time for which application threads were stopped: 0.0019640 seconds, Stopping threads took: 0.0000370 seconds
249.945: Application time: 0.0694380 seconds
249.945: [GC249.945: [ParNew: 303512K->1441K(339904K), 0.0014730 secs] 762554K->460483K(1095044K), 0.0015100 secs] [Times: user=0.01 sys=0.00, real=0.00 secs] 
249.947: Total time for which application threads were stopped: 0.0019610 seconds, Stopping threads took: 0.0000480 seconds
250.016: Application time: 0.0694900 seconds
250.017: [GC250.017: [ParNew: 303585K->1215K(339904K), 0.0014720 secs] 762627K->460273K(1095044K), 0.0015090 secs] [Times: user=0.01 sys=0.00, real=0.00 secs] 
250.018: Total time for which application threads were stopped: 0.0020000 seconds, Stopping threads took: 0.0000650 seconds
250.087: Application time: 0.0689220 seconds
250.087: [GC250.087: [ParNew: 303359K->1128K(339904K), 0.0014160 secs] 762417K->460186K(1095044K), 0.0014520 secs] [Times: user=0.01 sys=0.00, real=0.00 secs] 
250.089: Total time for which application threads were stopped: 0.0019220 seconds, Stopping threads took: 0.0000570 seconds
250.158: Application time: 0.0689590 seconds
250.158: [GC250.158: [ParNew: 303272K->1013K(339904K), 0.0016690 secs] 762330K->460080K(1095044K), 0.0017120 secs] [Times: user=0.01 sys=0.00, real=0.01 secs] 
250.160: Total time for which application threads were stopped: 0.0021290 seconds, Stopping threads took: 0.0000540 seconds
250.231: Application time: 0.0704700 seconds
250.231: [GC250.231: [ParNew: 303157K->1292K(339904K), 0.0015520 secs] 762224K->460366K(1095044K), 0.0015870 secs] [Times: user=0.01 sys=0.00, real=0.00 secs] 
250.233: Total time for which application threads were stopped: 0.0020120 seconds, Stopping threads took: 0.0000700 seconds
250.302: Application time: 0.0690270 seconds
250.302: [GC250.302: [ParNew: 303436K->1210K(339904K), 0.0014980 secs] 762510K->460284K(1095044K), 0.0015350 secs] [Times: user=0.01 sys=0.00, real=0.00 secs] 
250.304: Total time for which application threads were stopped: 0.0019780 seconds, Stopping threads took: 0.0000500 seconds
250.373: Application time: 0.0690860 seconds
250.373: [GC250.373: [ParNew: 303354K->1200K(339904K), 0.0014610 secs] 762428K->460274K(1095044K), 0.0014950 secs] [Times: user=0.01 sys=0.00, real=0.00 secs] 
250.375: Total time for which application threads were stopped: 0.0019470 seconds, Stopping threads took: 0.0000550 seconds
250.444: Application time: 0.0691810 seconds
250.444: [GC250.444: [ParNew: 303344K->1172K(339904K), 0.0016510 secs] 762418K->460254K(1095044K), 0.0016880 secs] [Times: user=0.01 sys=0.00, real=0.00 secs] 
250.446: Total time for which application threads were stopped: 0.0021380 seconds, Stopping threads took: 0.0000550 seconds
250.516: Application time: 0.0696430 seconds
250.516: [GC250.516: [ParNew: 303316K->1005K(339904K), 0.0015590 secs] 762398K->460087K(1095044K), 0.0015950 secs] [Times: user=0.01 sys=0.00, real=0.00 secs] 
250.518: Total time for which application threads were stopped: 0.0020410 seconds, Stopping threads took: 0.0000500 seconds
250.586: Application time: 0.0689000 seconds
250.587: [GC250.587: [ParNew: 303149K->1022K(339904K), 0.0014500 secs] 762231K->460112K(1095044K), 0.0014860 secs] [Times: user=0.01 sys=0.00, real=0.01 secs] 
250.588: Total time for which application threads were stopped: 0.0019590 seconds, Stopping threads took: 0.0000560 seconds
250.657: Application time: 0.0689550 seconds
250.658: [GC250.658: [ParNew: 303166K->1290K(339904K), 0.0014470 secs] 762256K->460388K(1095044K), 0.0014830 secs] [Times: user=0.01 sys=0.00, real=0.01 secs] 
250.659: Total time for which application threads were stopped: 0.0019450 seconds, Stopping threads took: 0.0000590 seconds
250.728: Application time: 0.0686980 seconds
250.728: [GC250.729: [ParNew: 303434K->1120K(339904K), 0.0015840 secs] 762532K->460218K(1095044K), 0.0016180 secs] [Times: user=0.01 sys=0.00, real=0.00 secs] 
250.730: Total time for which application threads were stopped: 0.0020630 seconds, Stopping threads took: 0.0000450 seconds
250.799: Application time: 0.0689430 seconds
250.800: [GC250.800: [ParNew: 303264K->1252K(339904K), 0.0015910 secs] 762362K->460350K(1095044K), 0.0016280 secs] [Times: user=0.01 sys=0.00, real=0.00 secs] 
250.801: Total time for which application threads were stopped: 0.0020970 seconds, Stopping threads took: 0.0000580 seconds
250.871: Application time: 0.0698280 seconds
250.871: [GC250.871: [ParNew: 303396K->1240K(339904K), 0.0016370 secs] 762494K->460338K(1095044K), 0.0016730 secs] [Times: user=0.01 sys=0.00, real=0.00 secs] 
250.873: Total time for which application threads were stopped: 0.0021280 seconds, Stopping threads took: 0.0000430 seconds
250.942: Application time: 0.0689620 seconds
250.943: [GC250.943: [ParNew: 303384K->963K(339904K), 0.0015350 secs] 762482K->460061K(1095044K), 0.0015710 secs] [Times: user=0.01 sys=0.00, real=0.00 secs] 
250.944: Total time for which application threads were stopped: 0.0020210 seconds, Stopping threads took: 0.0000520 seconds
251.013: Application time: 0.0688840 seconds
251.013: [GC251.013: [ParNew: 303107K->1139K(339904K), 0.0014430 secs] 762205K->460245K(1095044K), 0.0014750 secs] [Times: user=0.01 sys=0.00, real=0.00 secs] 
251.015: Total time for which application threads were stopped: 0.0019420 seconds, Stopping threads took: 0.0000570 seconds
251.085: Application time: 0.0702050 seconds
251.086: [GC251.086: [ParNew: 303283K->1033K(339904K), 0.0016170 secs] 762389K->460147K(1095044K), 0.0016490 secs] [Times: user=0.01 sys=0.00, real=0.01 secs] 
251.087: Total time for which application threads were stopped: 0.0021060 seconds, Stopping threads took: 0.0000570 seconds
251.157: Application time: 0.0697300 seconds
251.157: [GC251.158: [ParNew: 303177K->1072K(339904K), 0.0015130 secs] 762291K->460195K(1095044K), 0.0015490 secs] [Times: user=0.01 sys=0.00, real=0.00 secs] 
251.159: Total time for which application threads were stopped: 0.0020590 seconds, Stopping threads took: 0.0000850 seconds
251.229: Application time: 0.0701260 seconds
251.230: [GC251.230: [ParNew: 303216K->1321K(339904K), 0.0016560 secs] 762339K->460443K(1095044K), 0.0016940 secs] [Times: user=0.01 sys=0.00, real=0.00 secs] 
251.231: Total time for which application threads were stopped: 0.0021390 seconds, Stopping threads took: 0.0000720 seconds
251.301: Application time: 0.0692660 seconds
251.301: [GC251.301: [ParNew: 303465K->1109K(339904K), 0.0015220 secs] 762587K->460231K(1095044K), 0.0015600 secs] [Times: user=0.01 sys=0.00, real=0.00 secs] 
251.303: Total time for which application threads were stopped: 0.0020130 seconds, Stopping threads took: 0.0000490 seconds
251.372: Application time: 0.0693960 seconds
251.372: [GC251.372: [ParNew: 303253K->1281K(339904K), 0.0014970 secs] 762375K->460403K(1095044K), 0.0015340 secs] [Times: user=0.01 sys=0.00, real=0.00 secs] 
251.374: Total time for which application threads were stopped: 0.0019870 seconds, Stopping threads took: 0.0000510 seconds
251.443: Application time: 0.0694110 seconds
251.444: [GC251.444: [ParNew: 303425K->1068K(339904K), 0.0014710 secs] 762547K->460198K(1095044K), 0.0015040 secs] [Times: user=0.01 sys=0.00, real=0.00 secs] 
251.445: Total time for which application threads were stopped: 0.0019580 seconds, Stopping threads took: 0.0000640 seconds
251.515: Application time: 0.0696060 seconds
251.520: [GC251.520: [ParNew: 303212K->990K(339904K), 0.0014920 secs] 762342K->460128K(1095044K), 0.0015270 secs] [Times: user=0.01 sys=0.00, real=0.00 secs] 
251.521: Total time for which application threads were stopped: 0.0062070 seconds, Stopping threads took: 0.0042800 seconds
251.591: Application time: 0.0698670 seconds
251.592: [GC251.592: [ParNew: 303134K->1052K(339904K), 0.0015360 secs] 762272K->460198K(1095044K), 0.0015720 secs] [Times: user=0.01 sys=0.00, real=0.00 secs] 
251.593: Total time for which application threads were stopped: 0.0020640 seconds, Stopping threads took: 0.0000770 seconds
251.662: Application time: 0.0684800 seconds
251.662: [GC251.662: [ParNew: 303196K->1109K(339904K), 0.0015860 secs] 762342K->460255K(1095044K), 0.0016220 secs] [Times: user=0.01 sys=0.00, real=0.00 secs] 
251.664: Total time for which application threads were stopped: 0.0021210 seconds, Stopping threads took: 0.0000750 seconds
251.733: Application time: 0.0690780 seconds
251.733: [GC251.733: [ParNew: 303253K->1245K(339904K), 0.0015160 secs] 762399K->460391K(1095044K), 0.0015530 secs] [Times: user=0.01 sys=0.00, real=0.00 secs] 
251.735: Total time for which application threads were stopped: 0.0020230 seconds, Stopping threads took: 0.0000680 seconds
251.803: Application time: 0.0686420 seconds
251.804: [GC251.804: [ParNew: 303389K->1204K(339904K), 0.0014740 secs] 762535K->460351K(1095044K), 0.0015110 secs] [Times: user=0.01 sys=0.01, real=0.00 secs] 
251.805: Total time for which application threads were stopped: 0.0019640 seconds, Stopping threads took: 0.0000530 seconds
251.875: Application time: 0.0692030 seconds
251.875: [GC251.875: [ParNew: 303348K->1117K(339904K), 0.0014870 secs] 762495K->460263K(1095044K), 0.0015230 secs] [Times: user=0.01 sys=0.00, real=0.00 secs] 
251.877: Total time for which application threads were stopped: 0.0019920 seconds, Stopping threads took: 0.0000610 seconds
251.946: Application time: 0.0691600 seconds
251.946: [GC251.946: [ParNew: 303261K->1033K(339904K), 0.0015190 secs] 762407K->460187K(1095044K), 0.0015610 secs] [Times: user=0.01 sys=0.00, real=0.01 secs] 
251.948: Total time for which application threads were stopped: 0.0020260 seconds, Stopping threads took: 0.0000590 seconds
252.017: Application time: 0.0691950 seconds
252.017: [GC252.018: [ParNew: 303177K->1091K(339904K), 0.0016120 secs] 762331K->460253K(1095044K), 0.0016480 secs] [Times: user=0.01 sys=0.00, real=0.00 secs] 
252.019: Total time for which application threads were stopped: 0.0021010 seconds, Stopping threads took: 0.0000510 seconds
252.088: Application time: 0.0691870 seconds
252.089: [GC252.089: [ParNew: 303235K->1138K(339904K), 0.0017020 secs] 762397K->460300K(1095044K), 0.0017370 secs] [Times: user=0.01 sys=0.00, real=0.00 secs] 
252.091: Total time for which application threads were stopped: 0.0022130 seconds, Stopping threads took: 0.0000700 seconds
252.160: Application time: 0.0692270 seconds
252.160: [GC252.160: [ParNew: 303282K->1156K(339904K), 0.0016160 secs] 762444K->460318K(1095044K), 0.0016510 secs] [Times: user=0.01 sys=0.00, real=0.00 secs] 
252.162: Total time for which application threads were stopped: 0.0021300 seconds, Stopping threads took: 0.0000730 seconds
252.233: Application time: 0.0709890 seconds
252.233: [GC252.233: [ParNew: 303300K->1262K(339904K), 0.0016790 secs] 762462K->460424K(1095044K), 0.0017140 secs] [Times: user=0.01 sys=0.00, real=0.00 secs] 
252.235: Total time for which application threads were stopped: 0.0022090 seconds, Stopping threads took: 0.0000800 seconds
252.304: Application time: 0.0692410 seconds
252.305: [GC252.305: [ParNew: 303406K->1203K(339904K), 0.0014510 secs] 762568K->460365K(1095044K), 0.0014860 secs] [Times: user=0.01 sys=0.00, real=0.00 secs] 
252.306: Total time for which application threads were stopped: 0.0019450 seconds, Stopping threads took: 0.0000560 seconds
252.375: Application time: 0.0687300 seconds
252.375: [GC252.376: [ParNew: 303347K->1290K(339904K), 0.0014990 secs] 762509K->460460K(1095044K), 0.0015360 secs] [Times: user=0.01 sys=0.00, real=0.00 secs] 
252.377: Total time for which application threads were stopped: 0.0019980 seconds, Stopping threads took: 0.0000530 seconds
252.446: Application time: 0.0691910 seconds
252.447: [GC252.447: [ParNew: 303434K->1213K(339904K), 0.0015310 secs] 762604K->460391K(1095044K), 0.0015660 secs] [Times: user=0.01 sys=0.00, real=0.01 secs] 
252.448: Total time for which application threads were stopped: 0.0020320 seconds, Stopping threads took: 0.0000640 seconds
252.517: Application time: 0.0689280 seconds
252.518: [GC252.518: [ParNew: 303357K->1245K(339904K), 0.0014510 secs] 762535K->460423K(1095044K), 0.0014870 secs] [Times: user=0.01 sys=0.00, real=0.00 secs] 
252.519: Total time for which application threads were stopped: 0.0019410 seconds, Stopping threads took: 0.0000450 seconds
252.589: Application time: 0.0695150 seconds
252.589: [GC252.589: [ParNew: 303389K->1098K(339904K), 0.0015730 secs] 762567K->460284K(1095044K), 0.0016080 secs] [Times: user=0.01 sys=0.00, real=0.00 secs] 
252.591: Total time for which application threads were stopped: 0.0020590 seconds, Stopping threads took: 0.0000550 seconds
252.660: Application time: 0.0693800 seconds
252.661: [GC252.661: [ParNew: 303242K->1184K(339904K), 0.0015100 secs] 762428K->460370K(1095044K), 0.0015460 secs] [Times: user=0.01 sys=0.00, real=0.00 secs] 
252.662: Total time for which application threads were stopped: 0.0020070 seconds, Stopping threads took: 0.0000530 seconds
252.732: Application time: 0.0694310 seconds
252.732: [GC252.732: [ParNew: 303328K->1123K(339904K), 0.0015190 secs] 762514K->460309K(1095044K), 0.0015560 secs] [Times: user=0.02 sys=0.00, real=0.00 secs] 
252.734: Total time for which application threads were stopped: 0.0020340 seconds, Stopping threads took: 0.0000700 seconds
252.804: Application time: 0.0701250 seconds
252.804: [GC252.804: [ParNew: 303267K->1121K(339904K), 0.0015370 secs] 762453K->460315K(1095044K), 0.0015720 secs] [Times: user=0.01 sys=0.00, real=0.00 secs] 
252.806: Total time for which application threads were stopped: 0.0020720 seconds, Stopping threads took: 0.0000630 seconds
252.875: Application time: 0.0689480 seconds
252.875: [GC252.875: [ParNew: 303265K->1118K(339904K), 0.0017090 secs] 762459K->460312K(1095044K), 0.0017530 secs] [Times: user=0.00 sys=0.01, real=0.00 secs] 
252.877: Total time for which application threads were stopped: 0.0022280 seconds, Stopping threads took: 0.0000640 seconds
252.946: Application time: 0.0692870 seconds
252.947: [GC252.947: [ParNew: 303262K->1190K(339904K), 0.0015860 secs] 762456K->460400K(1095044K), 0.0016210 secs] [Times: user=0.01 sys=0.00, real=0.01 secs] 
252.948: Total time for which application threads were stopped: 0.0020650 seconds, Stopping threads took: 0.0000440 seconds
253.018: Application time: 0.0697170 seconds
253.019: [GC253.019: [ParNew: 303334K->1163K(339904K), 0.0014950 secs] 762544K->460373K(1095044K), 0.0015310 secs] [Times: user=0.01 sys=0.00, real=0.01 secs] 
253.020: Total time for which application threads were stopped: 0.0019960 seconds, Stopping threads took: 0.0000650 seconds
253.090: Application time: 0.0697740 seconds
253.090: [GC253.090: [ParNew: 303307K->1340K(339904K), 0.0015090 secs] 762517K->460550K(1095044K), 0.0015450 secs] [Times: user=0.01 sys=0.00, real=0.00 secs] 
253.092: Total time for which application threads were stopped: 0.0020020 seconds, Stopping threads took: 0.0000530 seconds
253.161: Application time: 0.0692060 seconds
253.161: [GC253.162: [ParNew: 303484K->1288K(339904K), 0.0015040 secs] 762694K->460498K(1095044K), 0.0015390 secs] [Times: user=0.01 sys=0.00, real=0.00 secs] 
253.163: Total time for which application threads were stopped: 0.0019940 seconds, Stopping threads took: 0.0000540 seconds
253.233: Application time: 0.0699440 seconds
253.233: [GC253.233: [ParNew: 303432K->1214K(339904K), 0.0014850 secs] 762642K->460424K(1095044K), 0.0015220 secs] [Times: user=0.02 sys=0.00, real=0.00 secs] 
253.235: Total time for which application threads were stopped: 0.0019830 seconds, Stopping threads took: 0.0000580 seconds
253.304: Application time: 0.0694150 seconds
253.305: [GC253.305: [ParNew: 303358K->1202K(339904K), 0.0016300 secs] 762568K->460428K(1095044K), 0.0016650 secs] [Times: user=0.01 sys=0.00, real=0.00 secs] 
253.307: Total time for which application threads were stopped: 0.0021370 seconds, Stopping threads took: 0.0000500 seconds
253.376: Application time: 0.0699600 seconds
253.377: [GC253.377: [ParNew: 303346K->1304K(339904K), 0.0017020 secs] 762572K->460530K(1095044K), 0.0017350 secs] [Times: user=0.01 sys=0.00, real=0.00 secs] 
253.379: Total time for which application threads were stopped: 0.0021910 seconds, Stopping threads took: 0.0000540 seconds
253.448: Application time: 0.0695040 seconds
253.449: [GC253.449: [ParNew: 303448K->1273K(339904K), 0.0015130 secs] 762674K->460499K(1095044K), 0.0015510 secs] [Times: user=0.01 sys=0.00, real=0.00 secs] 
253.450: Total time for which application threads were stopped: 0.0020080 seconds, Stopping threads took: 0.0000520 seconds
253.520: Application time: 0.0693750 seconds
253.520: [GC253.520: [ParNew: 303417K->1236K(339904K), 0.0015680 secs] 762643K->460470K(1095044K), 0.0016020 secs] [Times: user=0.01 sys=0.00, real=0.00 secs] 
253.522: Total time for which application threads were stopped: 0.0020240 seconds, Stopping threads took: 0.0000470 seconds
253.592: Application time: 0.0699910 seconds
253.592: [GC253.592: [ParNew: 303380K->1235K(339904K), 0.0015340 secs] 762614K->460469K(1095044K), 0.0015700 secs] [Times: user=0.01 sys=0.00, real=0.00 secs] 
253.594: Total time for which application threads were stopped: 0.0020250 seconds, Stopping threads took: 0.0000550 seconds
253.663: Application time: 0.0692290 seconds
253.663: [GC253.663: [ParNew: 303379K->1134K(339904K), 0.0015370 secs] 762613K->460368K(1095044K), 0.0015730 secs] [Times: user=0.01 sys=0.00, real=0.00 secs] 
253.665: Total time for which application threads were stopped: 0.0020450 seconds, Stopping threads took: 0.0000550 seconds
253.735: Application time: 0.0698540 seconds
253.735: [GC253.735: [ParNew: 303278K->1019K(339904K), 0.0015310 secs] 762512K->460261K(1095044K), 0.0015750 secs] [Times: user=0.01 sys=0.00, real=0.00 secs] 
253.737: Total time for which application threads were stopped: 0.0020620 seconds, Stopping threads took: 0.0000780 seconds
253.806: Application time: 0.0687670 seconds
253.806: [GC253.806: [ParNew: 303163K->1014K(339904K), 0.0015150 secs] 762405K->460256K(1095044K), 0.0015490 secs] [Times: user=0.01 sys=0.00, real=0.01 secs] 
253.808: Total time for which application threads were stopped: 0.0020510 seconds, Stopping threads took: 0.0000750 seconds
253.877: Application time: 0.0688850 seconds
253.877: [GC253.877: [ParNew: 303158K->1062K(339904K), 0.0014990 secs] 762400K->460312K(1095044K), 0.0015340 secs] [Times: user=0.01 sys=0.00, real=0.00 secs] 
253.879: Total time for which application threads were stopped: 0.0019960 seconds, Stopping threads took: 0.0000580 seconds
253.947: Application time: 0.0688750 seconds
253.948: [GC253.948: [ParNew: 303206K->1170K(339904K), 0.0016150 secs] 762456K->460420K(1095044K), 0.0016470 secs] [Times: user=0.01 sys=0.00, real=0.00 secs] 
253.950: Total time for which application threads were stopped: 0.0021090 seconds, Stopping threads took: 0.0000590 seconds
254.019: Application time: 0.0695510 seconds
254.020: [GC254.020: [ParNew: 303314K->1234K(339904K), 0.0017620 secs] 762564K->460484K(1095044K), 0.0017990 secs] [Times: user=0.02 sys=0.00, real=0.00 secs] 
254.021: Total time for which application threads were stopped: 0.0022500 seconds, Stopping threads took: 0.0000410 seconds
254.090: Application time: 0.0691490 seconds
254.091: [GC254.091: [ParNew: 303378K->1351K(339904K), 0.0015470 secs] 762628K->460601K(1095044K), 0.0015830 secs] [Times: user=0.01 sys=0.00, real=0.00 secs] 
254.093: Total time for which application threads were stopped: 0.0020540 seconds, Stopping threads took: 0.0000710 seconds
254.162: Application time: 0.0692510 seconds
254.162: [GC254.162: [ParNew: 303495K->1118K(339904K), 0.0015210 secs] 762745K->460368K(1095044K), 0.0015570 secs] [Times: user=0.01 sys=0.00, real=0.00 secs] 
254.164: Total time for which application threads were stopped: 0.0020150 seconds, Stopping threads took: 0.0000560 seconds
254.234: Application time: 0.0701710 seconds
254.234: [GC254.234: [ParNew: 303262K->1286K(339904K), 0.0015080 secs] 762512K->460544K(1095044K), 0.0015460 secs] [Times: user=0.01 sys=0.00, real=0.00 secs] 
254.236: Total time for which application threads were stopped: 0.0020140 seconds, Stopping threads took: 0.0000600 seconds
254.305: Application time: 0.0688620 seconds
254.305: [GC254.305: [ParNew: 303430K->1314K(339904K), 0.0015250 secs] 762688K->460580K(1095044K), 0.0015590 secs] [Times: user=0.01 sys=0.00, real=0.00 secs] 
254.307: Total time for which application threads were stopped: 0.0020190 seconds, Stopping threads took: 0.0000610 seconds
254.377: Application time: 0.0697760 seconds
254.377: [GC254.377: [ParNew: 303458K->1031K(339904K), 0.0016660 secs] 762724K->460297K(1095044K), 0.0017020 secs] [Times: user=0.01 sys=0.00, real=0.00 secs] 
254.379: Total time for which application threads were stopped: 0.0021910 seconds, Stopping threads took: 0.0000600 seconds
254.448: Application time: 0.0693520 seconds
254.449: [GC254.449: [ParNew: 303175K->1148K(339904K), 0.0014910 secs] 762441K->460422K(1095044K), 0.0015280 secs] [Times: user=0.01 sys=0.00, real=0.00 secs] 
254.450: Total time for which application threads were stopped: 0.0019770 seconds, Stopping threads took: 0.0000520 seconds
254.519: Application time: 0.0692090 seconds
254.520: [GC254.520: [ParNew: 303292K->1180K(339904K), 0.0014930 secs] 762566K->460462K(1095044K), 0.0015280 secs] [Times: user=0.01 sys=0.00, real=0.00 secs] 
254.521: Total time for which application threads were stopped: 0.0019760 seconds, Stopping threads took: 0.0000470 seconds
254.591: Application time: 0.0694320 seconds
254.591: [GC254.591: [ParNew: 303324K->1409K(339904K), 0.0014820 secs] 762606K->460691K(1095044K), 0.0015280 secs] [Times: user=0.02 sys=0.00, real=0.00 secs] 
254.593: Total time for which application threads were stopped: 0.0019900 seconds, Stopping threads took: 0.0000520 seconds
254.663: Application time: 0.0702130 seconds
254.663: [GC254.664: [ParNew: 303553K->1218K(339904K), 0.0017160 secs] 762835K->460508K(1095044K), 0.0017510 secs] [Times: user=0.01 sys=0.00, real=0.00 secs] 
254.665: Total time for which application threads were stopped: 0.0022200 seconds, Stopping threads took: 0.0000600 seconds
254.735: Application time: 0.0696490 seconds
254.735: [GC254.735: [ParNew: 303362K->1014K(339904K), 0.0014290 secs] 762652K->460304K(1095044K), 0.0014660 secs] [Times: user=0.01 sys=0.00, real=0.00 secs] 
254.737: Total time for which application threads were stopped: 0.0019290 seconds, Stopping threads took: 0.0000530 seconds
254.806: Application time: 0.0692150 seconds
254.807: [GC254.807: [ParNew: 303158K->1077K(339904K), 0.0014820 secs] 762448K->460376K(1095044K), 0.0015190 secs] [Times: user=0.01 sys=0.00, real=0.01 secs] 
254.808: Total time for which application threads were stopped: 0.0019810 seconds, Stopping threads took: 0.0000580 seconds
254.877: Application time: 0.0692010 seconds
254.878: [GC254.878: [ParNew: 303221K->1106K(339904K), 0.0016110 secs] 762520K->460404K(1095044K), 0.0016470 secs] [Times: user=0.01 sys=0.00, real=0.01 secs] 
254.879: Total time for which application threads were stopped: 0.0021160 seconds, Stopping threads took: 0.0000480 seconds
254.949: Application time: 0.0698460 seconds
254.950: [GC254.950: [ParNew: 303250K->1140K(339904K), 0.0015150 secs] 762548K->460438K(1095044K), 0.0015510 secs] [Times: user=0.01 sys=0.00, real=0.00 secs] 
254.951: Total time for which application threads were stopped: 0.0020100 seconds, Stopping threads took: 0.0000490 seconds
255.021: Application time: 0.0701810 seconds
255.022: [GC255.022: [ParNew: 303284K->1177K(339904K), 0.0014870 secs] 762582K->460475K(1095044K), 0.0015220 secs] [Times: user=0.01 sys=0.00, real=0.00 secs] 
255.023: Total time for which application threads were stopped: 0.0019900 seconds, Stopping threads took: 0.0000620 seconds
255.094: Application time: 0.0703600 seconds
255.094: [GC255.094: [ParNew: 303321K->1252K(339904K), 0.0017030 secs] 762619K->460558K(1095044K), 0.0017370 secs] [Times: user=0.01 sys=0.00, real=0.00 secs] 
255.096: Total time for which application threads were stopped: 0.0022370 seconds, Stopping threads took: 0.0000430 seconds
255.165: Application time: 0.0692970 seconds
255.166: [GC255.166: [ParNew: 303396K->1329K(339904K), 0.0016020 secs] 762702K->460635K(1095044K), 0.0016420 secs] [Times: user=0.01 sys=0.00, real=0.01 secs] 
255.167: Total time for which application threads were stopped: 0.0021220 seconds, Stopping threads took: 0.0000810 seconds
255.238: Application time: 0.0701820 seconds
255.238: [GC255.238: [ParNew: 303473K->1291K(339904K), 0.0015670 secs] 762779K->460605K(1095044K), 0.0016040 secs] [Times: user=0.01 sys=0.00, real=0.01 secs] 
255.240: Total time for which application threads were stopped: 0.0020680 seconds, Stopping threads took: 0.0000560 seconds
255.302: Application time: 0.0618690 seconds
255.302: Total time for which application threads were stopped: 0.0004380 seconds, Stopping threads took: 0.0000550 seconds
255.311: Application time: 0.0085990 seconds
255.311: [GC255.311: [ParNew: 303435K->1182K(339904K), 0.0015780 secs] 762749K->460496K(1095044K), 0.0016120 secs] [Times: user=0.01 sys=0.00, real=0.00 secs] 
255.313: Total time for which application threads were stopped: 0.0020400 seconds, Stopping threads took: 0.0000440 seconds
255.383: Application time: 0.0708100 seconds
255.384: [GC255.384: [ParNew: 303326K->1388K(339904K), 0.0015560 secs] 762640K->460702K(1095044K), 0.0015950 secs] [Times: user=0.01 sys=0.00, real=0.00 secs] 
255.386: Total time for which application threads were stopped: 0.0020670 seconds, Stopping threads took: 0.0000520 seconds
255.454: Application time: 0.0687270 seconds
255.455: [GC255.455: [ParNew: 303532K->1375K(339904K), 0.0016560 secs] 762846K->460697K(1095044K), 0.0017010 secs] [Times: user=0.02 sys=0.00, real=0.00 secs] 
255.456: Total time for which application threads were stopped: 0.0021240 seconds, Stopping threads took: 0.0000550 seconds
255.526: Application time: 0.0694490 seconds
255.526: [GC255.526: [ParNew: 303519K->1470K(339904K), 0.0016710 secs] 762841K->460800K(1095044K), 0.0017100 secs] [Times: user=0.02 sys=0.00, real=0.01 secs] 
255.528: Total time for which application threads were stopped: 0.0021320 seconds, Stopping threads took: 0.0000580 seconds
255.546: Application time: 0.0184380 seconds
255.547: Total time for which application threads were stopped: 0.0004140 seconds, Stopping threads took: 0.0000580 seconds
255.598: Application time: 0.0508420 seconds
255.598: [GC255.598: [ParNew: 303614K->1386K(339904K), 0.0016100 secs] 762944K->460716K(1095044K), 0.0016480 secs] [Times: user=0.01 sys=0.00, real=0.01 secs] 
255.600: Total time for which application threads were stopped: 0.0021240 seconds, Stopping threads took: 0.0000760 seconds
255.669: Application time: 0.0693340 seconds
255.670: [GC255.670: [ParNew: 303530K->1315K(339904K), 0.0015310 secs] 762860K->460645K(1095044K), 0.0015680 secs] [Times: user=0.01 sys=0.00, real=0.00 secs] 
255.671: Total time for which application threads were stopped: 0.0020320 seconds, Stopping threads took: 0.0000570 seconds
255.741: Application time: 0.0694270 seconds
255.741: [GC255.741: [ParNew: 303459K->1291K(339904K), 0.0015350 secs] 762789K->460629K(1095044K), 0.0015710 secs] [Times: user=0.01 sys=0.00, real=0.00 secs] 
255.743: Total time for which application threads were stopped: 0.0020350 seconds, Stopping threads took: 0.0000590 seconds
255.812: Application time: 0.0696930 seconds
255.813: [GC255.813: [ParNew: 303435K->1314K(339904K), 0.0015450 secs] 762773K->460652K(1095044K), 0.0015820 secs] [Times: user=0.02 sys=0.00, real=0.00 secs] 
255.814: Total time for which application threads were stopped: 0.0020510 seconds, Stopping threads took: 0.0000660 seconds
255.884: Application time: 0.0694240 seconds
255.884: [GC255.884: [ParNew: 303458K->1184K(339904K), 0.0015420 secs] 762796K->460522K(1095044K), 0.0015790 secs] [Times: user=0.01 sys=0.00, real=0.00 secs] 
255.886: Total time for which application threads were stopped: 0.0020380 seconds, Stopping threads took: 0.0000500 seconds
255.955: Application time: 0.0694320 seconds
255.956: [GC255.956: [ParNew: 303328K->1301K(339904K), 0.0015550 secs] 762666K->460639K(1095044K), 0.0015930 secs] [Times: user=0.02 sys=0.00, real=0.00 secs] 
255.957: Total time for which application threads were stopped: 0.0020780 seconds, Stopping threads took: 0.0000600 seconds
256.027: Application time: 0.0693760 seconds
256.027: [GC256.027: [ParNew: 303445K->1514K(339904K), 0.0015860 secs] 762783K->460860K(1095044K), 0.0016310 secs] [Times: user=0.01 sys=0.01, real=0.01 secs] 
256.029: Total time for which application threads were stopped: 0.0021090 seconds, Stopping threads took: 0.0000730 seconds
256.098: Application time: 0.0693780 seconds
256.099: [GC256.099: [ParNew: 303658K->1508K(339904K), 0.0015920 secs] 763004K->460854K(1095044K), 0.0016300 secs] [Times: user=0.01 sys=0.00, real=0.01 secs] 
256.100: Total time for which application threads were stopped: 0.0020960 seconds, Stopping threads took: 0.0000540 seconds
256.170: Application time: 0.0695120 seconds
256.170: [GC256.170: [ParNew: 303652K->1621K(339904K), 0.0015650 secs] 762998K->460983K(1095044K), 0.0016020 secs] [Times: user=0.01 sys=0.00, real=0.00 secs] 
256.172: Total time for which application threads were stopped: 0.0020670 seconds, Stopping threads took: 0.0000670 seconds
256.243: Application time: 0.0708210 seconds
256.243: [GC256.243: [ParNew: 303765K->1179K(339904K), 0.0015720 secs] 763127K->460653K(1095044K), 0.0016100 secs] [Times: user=0.01 sys=0.01, real=0.00 secs] 
256.245: Total time for which application threads were stopped: 0.0020590 seconds, Stopping threads took: 0.0000530 seconds
256.315: Application time: 0.0699900 seconds
256.315: [GC256.315: [ParNew: 303323K->1267K(339904K), 0.0015480 secs] 762797K->460741K(1095044K), 0.0015940 secs] [Times: user=0.01 sys=0.00, real=0.00 secs] 
256.317: Total time for which application threads were stopped: 0.0020640 seconds, Stopping threads took: 0.0000560 seconds
256.386: Application time: 0.0695340 seconds
256.387: [GC256.387: [ParNew: 303411K->1343K(339904K), 0.0015420 secs] 762885K->460841K(1095044K), 0.0015780 secs] [Times: user=0.01 sys=0.00, real=0.01 secs] 
256.388: Total time for which application threads were stopped: 0.0020410 seconds, Stopping threads took: 0.0000560 seconds
256.458: Application time: 0.0696840 seconds
256.459: [GC256.459: [ParNew: 303487K->1457K(339904K), 0.0015290 secs] 762985K->461068K(1095044K), 0.0015670 secs] [Times: user=0.01 sys=0.00, real=0.01 secs] 
256.460: Total time for which application threads were stopped: 0.0020370 seconds, Stopping threads took: 0.0000490 seconds
256.530: Application time: 0.0697870 seconds
256.530: [GC256.530: [ParNew: 303601K->1049K(339904K), 0.0015610 secs] 763212K->460659K(1095044K), 0.0015980 secs] [Times: user=0.01 sys=0.00, real=0.00 secs] 
256.532: Total time for which application threads were stopped: 0.0020520 seconds, Stopping threads took: 0.0000470 seconds
256.601: Application time: 0.0693610 seconds
256.602: [GC256.602: [ParNew: 303193K->1041K(339904K), 0.0014940 secs] 762803K->460651K(1095044K), 0.0015300 secs] [Times: user=0.01 sys=0.01, real=0.00 secs] 
256.603: Total time for which application threads were stopped: 0.0019860 seconds, Stopping threads took: 0.0000570 seconds
256.672: Application time: 0.0689460 seconds
256.673: [GC256.673: [ParNew: 303185K->1126K(339904K), 0.0015900 secs] 762795K->460752K(1095044K), 0.0016270 secs] [Times: user=0.01 sys=0.00, real=0.00 secs] 
256.674: Total time for which application threads were stopped: 0.0020800 seconds, Stopping threads took: 0.0000540 seconds
256.744: Application time: 0.0694570 seconds
256.744: [GC256.744: [ParNew: 303270K->1279K(339904K), 0.0016920 secs] 762896K->460921K(1095044K), 0.0017260 secs] [Times: user=0.01 sys=0.00, real=0.00 secs] 
256.746: Total time for which application threads were stopped: 0.0022140 seconds, Stopping threads took: 0.0000820 seconds
256.815: Application time: 0.0686810 seconds
256.815: [GC256.815: [ParNew: 303423K->922K(339904K), 0.0014660 secs] 763065K->460564K(1095044K), 0.0015120 secs] [Times: user=0.01 sys=0.01, real=0.00 secs] 
256.817: Total time for which application threads were stopped: 0.0019730 seconds, Stopping threads took: 0.0000550 seconds
256.886: Application time: 0.0688810 seconds
256.886: [GC256.886: [ParNew: 303066K->1080K(339904K), 0.0016000 secs] 762708K->460722K(1095044K), 0.0016360 secs] [Times: user=0.01 sys=0.00, real=0.01 secs] 
256.888: Total time for which application threads were stopped: 0.0020880 seconds, Stopping threads took: 0.0000550 seconds
256.957: Application time: 0.0692430 seconds
256.957: [GC256.957: [ParNew: 303224K->1449K(339904K), 0.0015070 secs] 762866K->461107K(1095044K), 0.0015440 secs] [Times: user=0.01 sys=0.00, real=0.00 secs] 
256.959: Total time for which application threads were stopped: 0.0020050 seconds, Stopping threads took: 0.0000580 seconds
257.028: Application time: 0.0695320 seconds
257.029: [GC257.029: [ParNew: 303593K->964K(339904K), 0.0015370 secs] 763251K->460622K(1095044K), 0.0015740 secs] [Times: user=0.01 sys=0.00, real=0.00 secs] 
257.031: Total time for which application threads were stopped: 0.0020430 seconds, Stopping threads took: 0.0000540 seconds
257.100: Application time: 0.0693230 seconds
257.100: [GC257.100: [ParNew: 303108K->1278K(339904K), 0.0015000 secs] 762766K->460937K(1095044K), 0.0015360 secs] [Times: user=0.01 sys=0.00, real=0.00 secs] 
257.102: Total time for which application threads were stopped: 0.0019900 seconds, Stopping threads took: 0.0000500 seconds
257.172: Application time: 0.0697080 seconds
257.172: [GC257.172: [ParNew: 303422K->1298K(339904K), 0.0016820 secs] 763081K->460964K(1095044K), 0.0017190 secs] [Times: user=0.01 sys=0.00, real=0.00 secs] 
257.174: Total time for which application threads were stopped: 0.0021690 seconds, Stopping threads took: 0.0000470 seconds
257.244: Application time: 0.0700850 seconds
257.244: [GC257.244: [ParNew: 303442K->1118K(339904K), 0.0015130 secs] 763108K->460784K(1095044K), 0.0015590 secs] [Times: user=0.01 sys=0.00, real=0.00 secs] 
257.246: Total time for which application threads were stopped: 0.0020180 seconds, Stopping threads took: 0.0000530 seconds
257.315: Application time: 0.0692400 seconds
257.316: [GC257.316: [ParNew: 303262K->1165K(339904K), 0.0017680 secs] 762928K->460847K(1095044K), 0.0018040 secs] [Times: user=0.01 sys=0.00, real=0.00 secs] 
257.317: Total time for which application threads were stopped: 0.0022660 seconds, Stopping threads took: 0.0000540 seconds
257.386: Application time: 0.0688730 seconds
257.387: [GC257.387: [ParNew: 303309K->1142K(339904K), 0.0015040 secs] 762991K->460840K(1095044K), 0.0015400 secs] [Times: user=0.01 sys=0.00, real=0.01 secs] 
257.388: Total time for which application threads were stopped: 0.0020000 seconds, Stopping threads took: 0.0000590 seconds
257.458: Application time: 0.0694500 seconds
257.458: [GC257.458: [ParNew: 303286K->1161K(339904K), 0.0016780 secs] 762984K->460859K(1095044K), 0.0017160 secs] [Times: user=0.01 sys=0.00, real=0.01 secs] 
257.460: Total time for which application threads were stopped: 0.0021720 seconds, Stopping threads took: 0.0000550 seconds
257.529: Application time: 0.0694050 seconds
257.530: [GC257.530: [ParNew: 303305K->1253K(339904K), 0.0014910 secs] 763003K->460951K(1095044K), 0.0015270 secs] [Times: user=0.01 sys=0.00, real=0.00 secs] 
257.531: Total time for which application threads were stopped: 0.0020100 seconds, Stopping threads took: 0.0000620 seconds
257.601: Application time: 0.0696100 seconds
257.601: [GC257.601: [ParNew: 303397K->1208K(339904K), 0.0016120 secs] 763095K->460914K(1095044K), 0.0016480 secs] [Times: user=0.02 sys=0.00, real=0.00 secs] 
257.603: Total time for which application threads were stopped: 0.0020730 seconds, Stopping threads took: 0.0000630 seconds
257.673: Application time: 0.0695310 seconds
257.673: [GC257.673: [ParNew: 303352K->1076K(339904K), 0.0016040 secs] 763058K->460791K(1095044K), 0.0016410 secs] [Times: user=0.01 sys=0.00, real=0.00 secs] 
257.675: Total time for which application threads were stopped: 0.0020720 seconds, Stopping threads took: 0.0000560 seconds
257.744: Application time: 0.0694870 seconds
257.745: [GC257.745: [ParNew: 303220K->1091K(339904K), 0.0014780 secs] 762935K->460805K(1095044K), 0.0015150 secs] [Times: user=0.01 sys=0.00, real=0.00 secs] 
257.746: Total time for which application threads were stopped: 0.0019680 seconds, Stopping threads took: 0.0000500 seconds
257.815: Application time: 0.0692690 seconds
257.816: [GC257.816: [ParNew: 303235K->1228K(339904K), 0.0015160 secs] 762949K->460958K(1095044K), 0.0015520 secs] [Times: user=0.01 sys=0.00, real=0.00 secs] 
257.817: Total time for which application threads were stopped: 0.0019980 seconds, Stopping threads took: 0.0000470 seconds
257.887: Application time: 0.0695000 seconds
257.887: [GC257.887: [ParNew: 303372K->1220K(339904K), 0.0016410 secs] 763102K->460951K(1095044K), 0.0016780 secs] [Times: user=0.01 sys=0.00, real=0.00 secs] 
257.889: Total time for which application threads were stopped: 0.0021470 seconds, Stopping threads took: 0.0000560 seconds
257.959: Application time: 0.0700240 seconds
257.959: [GC257.959: [ParNew: 303364K->1187K(339904K), 0.0015170 secs] 763095K->460917K(1095044K), 0.0015540 secs] [Times: user=0.01 sys=0.00, real=0.00 secs] 
257.961: Total time for which application threads were stopped: 0.0020100 seconds, Stopping threads took: 0.0000500 seconds
258.030: Application time: 0.0693790 seconds
258.031: [GC258.031: [ParNew: 303331K->1310K(339904K), 0.0015240 secs] 763061K->461040K(1095044K), 0.0015630 secs] [Times: user=0.01 sys=0.00, real=0.00 secs] 
258.032: Total time for which application threads were stopped: 0.0020480 seconds, Stopping threads took: 0.0000580 seconds
258.102: Application time: 0.0695250 seconds
258.102: [GC258.102: [ParNew: 303454K->1350K(339904K), 0.0014790 secs] 763184K->461096K(1095044K), 0.0015240 secs] [Times: user=0.01 sys=0.00, real=0.00 secs] 
258.104: Total time for which application threads were stopped: 0.0019720 seconds, Stopping threads took: 0.0000520 seconds
258.174: Application time: 0.0698360 seconds
258.174: [GC258.174: [ParNew: 303494K->1026K(339904K), 0.0015350 secs] 763240K->460772K(1095044K), 0.0015720 secs] [Times: user=0.01 sys=0.00, real=0.00 secs] 
258.176: Total time for which application threads were stopped: 0.0020280 seconds, Stopping threads took: 0.0000570 seconds
258.246: Application time: 0.0701770 seconds
258.246: [GC258.246: [ParNew: 303170K->1106K(339904K), 0.0015200 secs] 762916K->460860K(1095044K), 0.0015570 secs] [Times: user=0.01 sys=0.00, real=0.01 secs] 
258.248: Total time for which application threads were stopped: 0.0020090 seconds, Stopping threads took: 0.0000490 seconds
258.317: Application time: 0.0694700 seconds
258.318: [GC258.318: [ParNew: 303250K->1168K(339904K), 0.0015640 secs] 763004K->460939K(1095044K), 0.0016010 secs] [Times: user=0.01 sys=0.00, real=0.01 secs] 
258.320: Total time for which application threads were stopped: 0.0020580 seconds, Stopping threads took: 0.0000590 seconds
258.390: Application time: 0.0700680 seconds
258.390: [GC258.390: [ParNew: 303312K->1215K(339904K), 0.0017520 secs] 763083K->460985K(1095044K), 0.0017890 secs] [Times: user=0.01 sys=0.00, real=0.00 secs] 
258.392: Total time for which application threads were stopped: 0.0022560 seconds, Stopping threads took: 0.0000700 seconds
258.461: Application time: 0.0695550 seconds
258.462: [GC258.462: [ParNew: 303359K->1072K(339904K), 0.0015070 secs] 763129K->460842K(1095044K), 0.0015430 secs] [Times: user=0.01 sys=0.00, real=0.00 secs] 
258.463: Total time for which application threads were stopped: 0.0019940 seconds, Stopping threads took: 0.0000520 seconds
258.533: Application time: 0.0700170 seconds
258.534: [GC258.534: [ParNew: 303216K->1161K(339904K), 0.0015590 secs] 762986K->460939K(1095044K), 0.0015920 secs] [Times: user=0.01 sys=0.00, real=0.00 secs] 
258.536: Total time for which application threads were stopped: 0.0020680 seconds, Stopping threads took: 0.0000550 seconds
258.605: Application time: 0.0696610 seconds
258.606: [GC258.606: [ParNew: 303305K->1041K(339904K), 0.0015590 secs] 763083K->460819K(1095044K), 0.0015940 secs] [Times: user=0.01 sys=0.00, real=0.00 secs] 
258.607: Total time for which application threads were stopped: 0.0020190 seconds, Stopping threads took: 0.0000570 seconds
258.676: Application time: 0.0691060 seconds
258.677: [GC258.677: [ParNew: 303185K->1161K(339904K), 0.0015090 secs] 762963K->460947K(1095044K), 0.0015450 secs] [Times: user=0.01 sys=0.00, real=0.00 secs] 
258.678: Total time for which application threads were stopped: 0.0020070 seconds, Stopping threads took: 0.0000560 seconds
258.748: Application time: 0.0693350 seconds
258.748: [GC258.748: [ParNew: 302879K->1260K(339904K), 0.0014990 secs] 762665K->461062K(1095044K), 0.0015360 secs] [Times: user=0.01 sys=0.01, real=0.00 secs] 
258.750: Total time for which application threads were stopped: 0.0019800 seconds, Stopping threads took: 0.0000460 seconds
258.819: Application time: 0.0694000 seconds
258.819: [GC258.820: [ParNew: 303404K->1141K(339904K), 0.0015340 secs] 763206K->460943K(1095044K), 0.0015710 secs] [Times: user=0.01 sys=0.00, real=0.00 secs] 
258.821: Total time for which application threads were stopped: 0.0020330 seconds, Stopping threads took: 0.0000500 seconds
258.891: Application time: 0.0697140 seconds
258.891: [GC258.891: [ParNew: 303285K->1163K(339904K), 0.0017120 secs] 763087K->460966K(1095044K), 0.0017500 secs] [Times: user=0.01 sys=0.00, real=0.00 secs] 
258.893: Total time for which application threads were stopped: 0.0022090 seconds, Stopping threads took: 0.0000570 seconds
258.963: Application time: 0.0698050 seconds
258.963: [GC258.963: [ParNew: 303307K->1079K(339904K), 0.0015720 secs] 763110K->460881K(1095044K), 0.0016040 secs] [Times: user=0.01 sys=0.00, real=0.00 secs] 
258.965: Total time for which application threads were stopped: 0.0020720 seconds, Stopping threads took: 0.0000530 seconds
259.035: Application time: 0.0699640 seconds
259.035: [GC259.035: [ParNew: 303223K->1452K(339904K), 0.0015510 secs] 763025K->461271K(1095044K), 0.0015860 secs] [Times: user=0.01 sys=0.00, real=0.00 secs] 
259.037: Total time for which application threads were stopped: 0.0020390 seconds, Stopping threads took: 0.0000510 seconds
259.107: Application time: 0.0704000 seconds
259.108: [GC259.108: [ParNew: 303596K->1178K(339904K), 0.0015610 secs] 763415K->461004K(1095044K), 0.0015890 secs] [Times: user=0.01 sys=0.00, real=0.00 secs] 
259.109: Total time for which application threads were stopped: 0.0020420 seconds, Stopping threads took: 0.0000570 seconds
259.179: Application time: 0.0691740 seconds
259.179: [GC259.179: [ParNew: 303322K->1096K(339904K), 0.0015010 secs] 763148K->460922K(1095044K), 0.0015380 secs] [Times: user=0.01 sys=0.00, real=0.01 secs] 
259.181: Total time for which application threads were stopped: 0.0019840 seconds, Stopping threads took: 0.0000480 seconds
259.250: Application time: 0.0697600 seconds
259.251: [GC259.251: [ParNew: 303240K->1273K(339904K), 0.0015150 secs] 763066K->461115K(1095044K), 0.0015520 secs] [Times: user=0.01 sys=0.00, real=0.00 secs] 
259.252: Total time for which application threads were stopped: 0.0020090 seconds, Stopping threads took: 0.0000570 seconds
259.322: Application time: 0.0695390 seconds
259.322: [GC259.322: [ParNew: 303417K->1115K(339904K), 0.0015000 secs] 763259K->460957K(1095044K), 0.0015370 secs] [Times: user=0.01 sys=0.00, real=0.00 secs] 
259.324: Total time for which application threads were stopped: 0.0019900 seconds, Stopping threads took: 0.0000570 seconds
259.393: Application time: 0.0692180 seconds
259.393: [GC259.393: [ParNew: 303259K->1142K(339904K), 0.0014460 secs] 763101K->460984K(1095044K), 0.0014820 secs] [Times: user=0.01 sys=0.00, real=0.00 secs] 
259.395: Total time for which application threads were stopped: 0.0019380 seconds, Stopping threads took: 0.0000630 seconds
259.465: Application time: 0.0701270 seconds
259.466: [GC259.466: [ParNew: 303286K->934K(339904K), 0.0014810 secs] 763128K->460784K(1095044K), 0.0015160 secs] [Times: user=0.01 sys=0.00, real=0.00 secs] 
259.467: Total time for which application threads were stopped: 0.0019800 seconds, Stopping threads took: 0.0000670 seconds
259.536: Application time: 0.0692700 seconds
259.537: [GC259.537: [ParNew: 303078K->961K(339904K), 0.0014760 secs] 762928K->460811K(1095044K), 0.0015090 secs] [Times: user=0.01 sys=0.00, real=0.00 secs] 
259.538: Total time for which application threads were stopped: 0.0020090 seconds, Stopping threads took: 0.0000800 seconds
259.608: Application time: 0.0691580 seconds
259.608: [GC259.608: [ParNew: 303105K->1064K(339904K), 0.0014660 secs] 762955K->460931K(1095044K), 0.0015020 secs] [Times: user=0.02 sys=0.00, real=0.00 secs] 
259.610: Total time for which application threads were stopped: 0.0019740 seconds, Stopping threads took: 0.0000720 seconds
259.679: Application time: 0.0690920 seconds
259.679: [GC259.679: [ParNew: 303208K->1233K(339904K), 0.0014790 secs] 763075K->461099K(1095044K), 0.0015160 secs] [Times: user=0.01 sys=0.00, real=0.01 secs] 
259.681: Total time for which application threads were stopped: 0.0019700 seconds, Stopping threads took: 0.0000540 seconds
259.750: Application time: 0.0690230 seconds
259.750: [GC259.750: [ParNew: 303377K->1306K(339904K), 0.0015180 secs] 763243K->461172K(1095044K), 0.0015540 secs] [Times: user=0.01 sys=0.00, real=0.00 secs] 
259.752: Total time for which application threads were stopped: 0.0020040 seconds, Stopping threads took: 0.0000510 seconds
259.821: Application time: 0.0695300 seconds
259.822: [GC259.822: [ParNew: 303450K->1272K(339904K), 0.0015070 secs] 763316K->461138K(1095044K), 0.0015440 secs] [Times: user=0.01 sys=0.00, real=0.00 secs] 
259.823: Total time for which application threads were stopped: 0.0020260 seconds, Stopping threads took: 0.0000850 seconds
259.892: Application time: 0.0692190 seconds
259.893: [GC259.893: [ParNew: 303416K->1281K(339904K), 0.0014980 secs] 763282K->461147K(1095044K), 0.0015430 secs] [Times: user=0.01 sys=0.00, real=0.00 secs] 
259.894: Total time for which application threads were stopped: 0.0020000 seconds, Stopping threads took: 0.0000610 seconds
259.963: Application time: 0.0690530 seconds
259.964: [GC259.964: [ParNew: 303425K->1153K(339904K), 0.0015150 secs] 763291K->461035K(1095044K), 0.0015500 secs] [Times: user=0.01 sys=0.00, real=0.00 secs] 
259.965: Total time for which application threads were stopped: 0.0020220 seconds, Stopping threads took: 0.0000760 seconds
260.034: Application time: 0.0690100 seconds
260.035: [GC260.035: [ParNew: 303297K->1378K(339904K), 0.0015020 secs] 763179K->461268K(1095044K), 0.0015380 secs] [Times: user=0.01 sys=0.00, real=0.00 secs] 
260.037: Total time for which application threads were stopped: 0.0020150 seconds, Stopping threads took: 0.0000780 seconds
260.106: Application time: 0.0696720 seconds
260.107: [GC260.107: [ParNew: 303522K->1347K(339904K), 0.0015120 secs] 763412K->461237K(1095044K), 0.0015490 secs] [Times: user=0.01 sys=0.00, real=0.01 secs] 
260.108: Total time for which application threads were stopped: 0.0020160 seconds, Stopping threads took: 0.0000530 seconds
260.177: Application time: 0.0692800 seconds
260.178: [GC260.178: [ParNew: 303491K->1058K(339904K), 0.0015020 secs] 763381K->460956K(1095044K), 0.0015400 secs] [Times: user=0.01 sys=0.00, real=0.01 secs] 
260.180: Total time for which application threads were stopped: 0.0020100 seconds, Stopping threads took: 0.0000740 seconds
260.250: Application time: 0.0702710 seconds
260.250: [GC260.250: [ParNew: 303202K->1080K(339904K), 0.0014860 secs] 763100K->460987K(1095044K), 0.0015250 secs] [Times: user=0.01 sys=0.00, real=0.00 secs] 
260.252: Total time for which application threads were stopped: 0.0019820 seconds, Stopping threads took: 0.0000570 seconds
260.321: Application time: 0.0694350 seconds
260.322: [GC260.322: [ParNew: 303224K->1099K(339904K), 0.0014540 secs] 763131K->461005K(1095044K), 0.0014900 secs] [Times: user=0.01 sys=0.00, real=0.00 secs] 
260.323: Total time for which application threads were stopped: 0.0019530 seconds, Stopping threads took: 0.0000600 seconds
260.393: Application time: 0.0698080 seconds
260.393: [GC260.393: [ParNew: 303243K->1101K(339904K), 0.0018420 secs] 763149K->461024K(1095044K), 0.0018820 secs] [Times: user=0.01 sys=0.00, real=0.00 secs] 
260.395: Total time for which application threads were stopped: 0.0022980 seconds, Stopping threads took: 0.0000520 seconds
260.465: Application time: 0.0696540 seconds
260.465: [GC260.465: [ParNew: 303245K->1150K(339904K), 0.0014580 secs] 763168K->461072K(1095044K), 0.0014930 secs] [Times: user=0.01 sys=0.00, real=0.00 secs] 
260.467: Total time for which application threads were stopped: 0.0019620 seconds, Stopping threads took: 0.0000690 seconds
260.536: Application time: 0.0694990 seconds
260.537: [GC260.537: [ParNew: 303294K->1079K(339904K), 0.0014860 secs] 763216K->461018K(1095044K), 0.0015230 secs] [Times: user=0.01 sys=0.00, real=0.00 secs] 
260.538: Total time for which application threads were stopped: 0.0019670 seconds, Stopping threads took: 0.0000460 seconds
260.607: Application time: 0.0690190 seconds
260.608: [GC260.608: [ParNew: 303223K->1173K(339904K), 0.0014440 secs] 763162K->461111K(1095044K), 0.0014810 secs] [Times: user=0.01 sys=0.00, real=0.00 secs] 
260.609: Total time for which application threads were stopped: 0.0019430 seconds, Stopping threads took: 0.0000470 seconds
260.678: Application time: 0.0689830 seconds
260.679: [GC260.679: [ParNew: 303317K->1321K(339904K), 0.0014840 secs] 763255K->461259K(1095044K), 0.0015210 secs] [Times: user=0.01 sys=0.00, real=0.01 secs] 
260.680: Total time for which application threads were stopped: 0.0019770 seconds, Stopping threads took: 0.0000630 seconds
260.750: Application time: 0.0692690 seconds
260.750: [GC260.750: [ParNew: 303465K->1200K(339904K), 0.0015860 secs] 763403K->461138K(1095044K), 0.0016240 secs] [Times: user=0.01 sys=0.00, real=0.00 secs] 
260.752: Total time for which application threads were stopped: 0.0020690 seconds, Stopping threads took: 0.0000640 seconds
260.821: Application time: 0.0692670 seconds
260.821: [GC260.821: [ParNew: 303344K->1385K(339904K), 0.0014900 secs] 763282K->461323K(1095044K), 0.0015270 secs] [Times: user=0.01 sys=0.00, real=0.00 secs] 
260.823: Total time for which application threads were stopped: 0.0019850 seconds, Stopping threads took: 0.0000590 seconds
260.892: Application time: 0.0688360 seconds
260.892: [GC260.892: [ParNew: 303529K->1216K(339904K), 0.0014970 secs] 763467K->461163K(1095044K), 0.0015320 secs] [Times: user=0.01 sys=0.00, real=0.00 secs] 
260.894: Total time for which application threads were stopped: 0.0019810 seconds, Stopping threads took: 0.0000510 seconds
260.963: Application time: 0.0690330 seconds
260.963: [GC260.963: [ParNew: 303360K->1389K(339904K), 0.0014740 secs] 763307K->461351K(1095044K), 0.0015110 secs] [Times: user=0.00 sys=0.00, real=0.00 secs] 
260.965: Total time for which application threads were stopped: 0.0019610 seconds, Stopping threads took: 0.0000500 seconds
261.034: Application time: 0.0693960 seconds
261.035: [GC261.035: [ParNew: 303533K->1103K(339904K), 0.0015340 secs] 763495K->461066K(1095044K), 0.0015720 secs] [Times: user=0.02 sys=0.00, real=0.00 secs] 
261.036: Total time for which application threads were stopped: 0.0020130 seconds, Stopping threads took: 0.0000520 seconds
261.106: Application time: 0.0694690 seconds
261.106: [GC261.106: [ParNew: 303247K->1159K(339904K), 0.0015040 secs] 763210K->461122K(1095044K), 0.0015390 secs] [Times: user=0.01 sys=0.00, real=0.01 secs] 
261.108: Total time for which application threads were stopped: 0.0020030 seconds, Stopping threads took: 0.0000620 seconds
261.177: Application time: 0.0696540 seconds
261.178: [GC261.178: [ParNew: 303303K->1362K(339904K), 0.0014970 secs] 763266K->461332K(1095044K), 0.0015320 secs] [Times: user=0.01 sys=0.00, real=0.01 secs] 
261.179: Total time for which application threads were stopped: 0.0020150 seconds, Stopping threads took: 0.0000590 seconds
261.249: Application time: 0.0701000 seconds
261.250: [GC261.250: [ParNew: 303506K->1025K(339904K), 0.0015610 secs] 763476K->460996K(1095044K), 0.0015990 secs] [Times: user=0.01 sys=0.00, real=0.00 secs] 
261.251: Total time for which application threads were stopped: 0.0020180 seconds, Stopping threads took: 0.0000550 seconds
261.321: Application time: 0.0693710 seconds
261.321: [GC261.321: [ParNew: 303169K->995K(339904K), 0.0014840 secs] 763140K->460973K(1095044K), 0.0015200 secs] [Times: user=0.01 sys=0.00, real=0.00 secs] 
261.323: Total time for which application threads were stopped: 0.0019810 seconds, Stopping threads took: 0.0000650 seconds
261.392: Application time: 0.0693450 seconds
261.393: [GC261.393: [ParNew: 303139K->1044K(339904K), 0.0014490 secs] 763117K->461031K(1095044K), 0.0014850 secs] [Times: user=0.01 sys=0.00, real=0.00 secs] 
261.394: Total time for which application threads were stopped: 0.0019470 seconds, Stopping threads took: 0.0000680 seconds
261.463: Application time: 0.0686960 seconds
261.463: [GC261.463: [ParNew: 303188K->1143K(339904K), 0.0014850 secs] 763175K->461129K(1095044K), 0.0015290 secs] [Times: user=0.00 sys=0.01, real=0.00 secs] 
261.465: Total time for which application threads were stopped: 0.0019930 seconds, Stopping threads took: 0.0000660 seconds
261.533: Application time: 0.0687450 seconds
261.534: [GC261.534: [ParNew: 303287K->1138K(339904K), 0.0014900 secs] 763273K->461140K(1095044K), 0.0015280 secs] [Times: user=0.01 sys=0.00, real=0.00 secs] 
261.535: Total time for which application threads were stopped: 0.0019730 seconds, Stopping threads took: 0.0000510 seconds
261.605: Application time: 0.0691710 seconds
261.605: [GC261.605: [ParNew: 303282K->1095K(339904K), 0.0016070 secs] 763284K->461098K(1095044K), 0.0016450 secs] [Times: user=0.01 sys=0.00, real=0.00 secs] 
261.607: Total time for which application threads were stopped: 0.0021100 seconds, Stopping threads took: 0.0000660 seconds
261.676: Application time: 0.0690200 seconds
261.676: [GC261.676: [ParNew: 303239K->1229K(339904K), 0.0015680 secs] 763242K->461231K(1095044K), 0.0016140 secs] [Times: user=0.01 sys=0.00, real=0.00 secs] 
261.678: Total time for which application threads were stopped: 0.0020560 seconds, Stopping threads took: 0.0000460 seconds
261.747: Application time: 0.0693950 seconds
261.748: [GC261.748: [ParNew: 303373K->1231K(339904K), 0.0017190 secs] 763375K->461233K(1095044K), 0.0017570 secs] [Times: user=0.01 sys=0.00, real=0.00 secs] 
261.749: Total time for which application threads were stopped: 0.0022340 seconds, Stopping threads took: 0.0000430 seconds
261.819: Application time: 0.0695580 seconds
261.819: [GC261.820: [ParNew: 303375K->1317K(339904K), 0.0015530 secs] 763377K->461327K(1095044K), 0.0015890 secs] [Times: user=0.01 sys=0.00, real=0.00 secs] 
261.821: Total time for which application threads were stopped: 0.0020480 seconds, Stopping threads took: 0.0000550 seconds
261.890: Application time: 0.0688480 seconds
261.890: [GC261.890: [ParNew: 303461K->1319K(339904K), 0.0014910 secs] 763471K->461345K(1095044K), 0.0015290 secs] [Times: user=0.01 sys=0.00, real=0.00 secs] 
261.892: Total time for which application threads were stopped: 0.0019840 seconds, Stopping threads took: 0.0000560 seconds
261.961: Application time: 0.0689360 seconds
261.961: [GC261.961: [ParNew: 303463K->1315K(339904K), 0.0015170 secs] 763489K->461342K(1095044K), 0.0015530 secs] [Times: user=0.01 sys=0.00, real=0.00 secs] 
261.963: Total time for which application threads were stopped: 0.0020060 seconds, Stopping threads took: 0.0000560 seconds
262.033: Application time: 0.0699860 seconds
262.033: [GC262.033: [ParNew: 303459K->1103K(339904K), 0.0016350 secs] 763486K->461129K(1095044K), 0.0016710 secs] [Times: user=0.01 sys=0.00, real=0.00 secs] 
262.035: Total time for which application threads were stopped: 0.0021340 seconds, Stopping threads took: 0.0000670 seconds
262.104: Application time: 0.0694480 seconds
262.105: [GC262.105: [ParNew: 303247K->957K(339904K), 0.0014250 secs] 763273K->460991K(1095044K), 0.0014610 secs] [Times: user=0.01 sys=0.00, real=0.00 secs] 
262.106: Total time for which application threads were stopped: 0.0019160 seconds, Stopping threads took: 0.0000620 seconds
262.175: Application time: 0.0690960 seconds
262.176: [GC262.176: [ParNew: 303101K->1082K(339904K), 0.0015320 secs] 763135K->461124K(1095044K), 0.0015650 secs] [Times: user=0.01 sys=0.00, real=0.00 secs] 
262.178: Total time for which application threads were stopped: 0.0020340 seconds, Stopping threads took: 0.0000620 seconds
262.248: Application time: 0.0702910 seconds
262.248: [GC262.248: [ParNew: 303226K->940K(339904K), 0.0014680 secs] 763268K->460998K(1095044K), 0.0015020 secs] [Times: user=0.01 sys=0.00, real=0.00 secs] 
262.250: Total time for which application threads were stopped: 0.0019550 seconds, Stopping threads took: 0.0000570 seconds
262.319: Application time: 0.0691450 seconds
262.319: [GC262.319: [ParNew: 303084K->1055K(339904K), 0.0015180 secs] 763142K->461122K(1095044K), 0.0015540 secs] [Times: user=0.01 sys=0.00, real=0.00 secs] 
262.321: Total time for which application threads were stopped: 0.0020340 seconds, Stopping threads took: 0.0000540 seconds
262.390: Application time: 0.0689200 seconds
262.390: [GC262.390: [ParNew: 303199K->1192K(339904K), 0.0014750 secs] 763266K->461258K(1095044K), 0.0015140 secs] [Times: user=0.01 sys=0.00, real=0.00 secs] 
262.392: Total time for which application threads were stopped: 0.0019690 seconds, Stopping threads took: 0.0000510 seconds
262.460: Application time: 0.0686600 seconds
262.461: [GC262.461: [ParNew: 303336K->1131K(339904K), 0.0014790 secs] 763402K->461205K(1095044K), 0.0015160 secs] [Times: user=0.01 sys=0.00, real=0.00 secs] 
262.462: Total time for which application threads were stopped: 0.0019660 seconds, Stopping threads took: 0.0000530 seconds
262.531: Application time: 0.0689260 seconds
262.532: [GC262.532: [ParNew: 303275K->1204K(339904K), 0.0014950 secs] 763349K->461278K(1095044K), 0.0015390 secs] [Times: user=0.01 sys=0.00, real=0.00 secs] 
262.533: Total time for which application threads were stopped: 0.0019990 seconds, Stopping threads took: 0.0000660 seconds
262.602: Application time: 0.0688140 seconds
262.603: [GC262.603: [ParNew: 303348K->1287K(339904K), 0.0014900 secs] 763422K->461361K(1095044K), 0.0015320 secs] [Times: user=0.01 sys=0.00, real=0.00 secs] 
262.604: Total time for which application threads were stopped: 0.0019910 seconds, Stopping threads took: 0.0000600 seconds
262.673: Application time: 0.0689870 seconds
262.674: [GC262.674: [ParNew: 303431K->1258K(339904K), 0.0015560 secs] 763505K->461348K(1095044K), 0.0015900 secs] [Times: user=0.01 sys=0.01, real=0.00 secs] 
262.675: Total time for which application threads were stopped: 0.0020350 seconds, Stopping threads took: 0.0000590 seconds
262.745: Application time: 0.0694080 seconds
262.745: [GC262.745: [ParNew: 303402K->1198K(339904K), 0.0014930 secs] 763492K->461288K(1095044K), 0.0015300 secs] [Times: user=0.01 sys=0.00, real=0.00 secs] 
262.747: Total time for which application threads were stopped: 0.0019580 seconds, Stopping threads took: 0.0000550 seconds
262.816: Application time: 0.0689300 seconds
262.816: [GC262.816: [ParNew: 303342K->1283K(339904K), 0.0015050 secs] 763432K->461373K(1095044K), 0.0015420 secs] [Times: user=0.01 sys=0.00, real=0.00 secs] 
262.818: Total time for which application threads were stopped: 0.0019910 seconds, Stopping threads took: 0.0000510 seconds
262.887: Application time: 0.0696440 seconds
262.888: [GC262.888: [ParNew: 303427K->1365K(339904K), 0.0014810 secs] 763517K->461472K(1095044K), 0.0015170 secs] [Times: user=0.01 sys=0.00, real=0.00 secs] 
262.889: Total time for which application threads were stopped: 0.0020110 seconds, Stopping threads took: 0.0000760 seconds
262.959: Application time: 0.0702620 seconds
262.960: [GC262.960: [ParNew: 303509K->1096K(339904K), 0.0015230 secs] 763616K->461202K(1095044K), 0.0015600 secs] [Times: user=0.01 sys=0.00, real=0.00 secs] 
262.961: Total time for which application threads were stopped: 0.0020180 seconds, Stopping threads took: 0.0000620 seconds
263.031: Application time: 0.0695240 seconds
263.031: [GC263.031: [ParNew: 303240K->970K(339904K), 0.0014730 secs] 763346K->461076K(1095044K), 0.0015090 secs] [Times: user=0.01 sys=0.00, real=0.00 secs] 
263.033: Total time for which application threads were stopped: 0.0019760 seconds, Stopping threads took: 0.0000600 seconds
263.103: Application time: 0.0700130 seconds
263.103: [GC263.103: [ParNew: 303114K->1029K(339904K), 0.0016040 secs] 763220K->461143K(1095044K), 0.0016390 secs] [Times: user=0.02 sys=0.01, real=0.00 secs] 
263.105: Total time for which application threads were stopped: 0.0020920 seconds, Stopping threads took: 0.0000730 seconds
263.176: Application time: 0.0704030 seconds
263.176: [GC263.176: [ParNew: 303173K->1347K(339904K), 0.0015690 secs] 763287K->461478K(1095044K), 0.0016010 secs] [Times: user=0.01 sys=0.00, real=0.00 secs] 
263.178: Total time for which application threads were stopped: 0.0020520 seconds, Stopping threads took: 0.0000570 seconds
263.247: Application time: 0.0698160 seconds
263.248: [GC263.248: [ParNew: 303491K->1051K(339904K), 0.0015860 secs] 763622K->461181K(1095044K), 0.0016200 secs] [Times: user=0.01 sys=0.00, real=0.00 secs] 
263.249: Total time for which application threads were stopped: 0.0020650 seconds, Stopping threads took: 0.0000450 seconds
263.319: Application time: 0.0692120 seconds
263.319: [GC263.319: [ParNew: 303195K->1141K(339904K), 0.0014680 secs] 763325K->461272K(1095044K), 0.0015060 secs] [Times: user=0.01 sys=0.00, real=0.01 secs] 
263.321: Total time for which application threads were stopped: 0.0019640 seconds, Stopping threads took: 0.0000560 seconds
263.390: Application time: 0.0692970 seconds
263.390: [GC263.390: [ParNew: 303285K->1109K(339904K), 0.0014850 secs] 763416K->461239K(1095044K), 0.0015220 secs] [Times: user=0.01 sys=0.00, real=0.00 secs] 
263.392: Total time for which application threads were stopped: 0.0020050 seconds, Stopping threads took: 0.0000630 seconds
263.461: Application time: 0.0694560 seconds
263.462: [GC263.462: [ParNew: 303253K->1103K(339904K), 0.0015120 secs] 763383K->461241K(1095044K), 0.0015580 secs] [Times: user=0.01 sys=0.00, real=0.00 secs] 
263.463: Total time for which application threads were stopped: 0.0020250 seconds, Stopping threads took: 0.0000650 seconds
263.532: Application time: 0.0687240 seconds
263.533: [GC263.533: [ParNew: 303247K->1362K(339904K), 0.0014640 secs] 763385K->461508K(1095044K), 0.0014990 secs] [Times: user=0.01 sys=0.00, real=0.00 secs] 
263.534: Total time for which application threads were stopped: 0.0019530 seconds, Stopping threads took: 0.0000560 seconds
263.603: Application time: 0.0691140 seconds
263.604: [GC263.604: [ParNew: 303506K->1373K(339904K), 0.0014910 secs] 763652K->461535K(1095044K), 0.0015260 secs] [Times: user=0.01 sys=0.00, real=0.00 secs] 
263.605: Total time for which application threads were stopped: 0.0019750 seconds, Stopping threads took: 0.0000470 seconds
263.675: Application time: 0.0694490 seconds
263.675: [GC263.675: [ParNew: 303517K->1315K(339904K), 0.0015030 secs] 763679K->461478K(1095044K), 0.0015400 secs] [Times: user=0.01 sys=0.00, real=0.00 secs] 
263.677: Total time for which application threads were stopped: 0.0019860 seconds, Stopping threads took: 0.0000650 seconds
263.746: Application time: 0.0688930 seconds
263.746: [GC263.746: [ParNew: 303459K->1363K(339904K), 0.0015520 secs] 763622K->461526K(1095044K), 0.0015890 secs] [Times: user=0.01 sys=0.00, real=0.01 secs] 
263.748: Total time for which application threads were stopped: 0.0020450 seconds, Stopping threads took: 0.0000550 seconds
263.816: Application time: 0.0688810 seconds
263.817: [GC263.817: [ParNew: 303507K->1311K(339904K), 0.0015050 secs] 763670K->461481K(1095044K), 0.0015420 secs] [Times: user=0.02 sys=0.00, real=0.00 secs] 
263.818: Total time for which application threads were stopped: 0.0019930 seconds, Stopping threads took: 0.0000490 seconds
263.888: Application time: 0.0695650 seconds
263.888: [GC263.888: [ParNew: 303455K->1213K(339904K), 0.0015030 secs] 763625K->461383K(1095044K), 0.0015390 secs] [Times: user=0.01 sys=0.00, real=0.00 secs] 
263.890: Total time for which application threads were stopped: 0.0019810 seconds, Stopping threads took: 0.0000450 seconds
263.959: Application time: 0.0692150 seconds
263.960: [GC263.960: [ParNew: 303357K->1037K(339904K), 0.0015330 secs] 763527K->461207K(1095044K), 0.0015710 secs] [Times: user=0.01 sys=0.00, real=0.00 secs] 
263.961: Total time for which application threads were stopped: 0.0020030 seconds, Stopping threads took: 0.0000500 seconds
264.030: Application time: 0.0689810 seconds
264.031: [GC264.031: [ParNew: 303181K->1085K(339904K), 0.0014100 secs] 763351K->461263K(1095044K), 0.0014450 secs] [Times: user=0.01 sys=0.00, real=0.00 secs] 
264.032: Total time for which application threads were stopped: 0.0019150 seconds, Stopping threads took: 0.0000780 seconds
264.101: Application time: 0.0690670 seconds
264.102: [GC264.102: [ParNew: 303229K->1196K(339904K), 0.0014520 secs] 763407K->461390K(1095044K), 0.0014860 secs] [Times: user=0.01 sys=0.00, real=0.00 secs] 
264.103: Total time for which application threads were stopped: 0.0019350 seconds, Stopping threads took: 0.0000540 seconds
264.172: Application time: 0.0692970 seconds
264.173: [GC264.173: [ParNew: 303340K->1074K(339904K), 0.0017090 secs] 763534K->461268K(1095044K), 0.0017440 secs] [Times: user=0.01 sys=0.00, real=0.00 secs] 
264.175: Total time for which application threads were stopped: 0.0021820 seconds, Stopping threads took: 0.0000460 seconds
264.245: Application time: 0.0698740 seconds
264.245: [GC264.245: [ParNew: 303218K->1291K(339904K), 0.0014840 secs] 763412K->461485K(1095044K), 0.0015200 secs] [Times: user=0.01 sys=0.00, real=0.00 secs] 
264.247: Total time for which application threads were stopped: 0.0020090 seconds, Stopping threads took: 0.0000960 seconds
264.316: Application time: 0.0693730 seconds
264.316: [GC264.316: [ParNew: 303435K->985K(339904K), 0.0014640 secs] 763629K->461179K(1095044K), 0.0015070 secs] [Times: user=0.01 sys=0.00, real=0.00 secs] 
264.318: Total time for which application threads were stopped: 0.0019560 seconds, Stopping threads took: 0.0000490 seconds
264.387: Application time: 0.0688320 seconds
264.387: [GC264.387: [ParNew: 303129K->1136K(339904K), 0.0014400 secs] 763323K->461346K(1095044K), 0.0014750 secs] [Times: user=0.01 sys=0.00, real=0.01 secs] 
264.389: Total time for which application threads were stopped: 0.0019360 seconds, Stopping threads took: 0.0000530 seconds
264.457: Application time: 0.0686690 seconds
264.458: [GC264.458: [ParNew: 303280K->1239K(339904K), 0.0014540 secs] 763490K->461449K(1095044K), 0.0014970 secs] [Times: user=0.01 sys=0.01, real=0.01 secs] 
264.459: Total time for which application threads were stopped: 0.0019460 seconds, Stopping threads took: 0.0000470 seconds
264.528: Application time: 0.0688930 seconds
264.529: [GC264.529: [ParNew: 303383K->1178K(339904K), 0.0014470 secs] 763593K->461404K(1095044K), 0.0014830 secs] [Times: user=0.01 sys=0.00, real=0.00 secs] 
264.530: Total time for which application threads were stopped: 0.0019610 seconds, Stopping threads took: 0.0000510 seconds
264.599: Application time: 0.0688720 seconds
264.599: [GC264.599: [ParNew: 303322K->1494K(339904K), 0.0015040 secs] 763548K->461721K(1095044K), 0.0015410 secs] [Times: user=0.01 sys=0.00, real=0.00 secs] 
264.601: Total time for which application threads were stopped: 0.0020100 seconds, Stopping threads took: 0.0000530 seconds
264.670: Application time: 0.0690880 seconds
264.671: [GC264.671: [ParNew: 303638K->1453K(339904K), 0.0014880 secs] 763865K->461679K(1095044K), 0.0015250 secs] [Times: user=0.01 sys=0.00, real=0.00 secs] 
264.672: Total time for which application threads were stopped: 0.0019810 seconds, Stopping threads took: 0.0000530 seconds
264.741: Application time: 0.0691100 seconds
264.742: [GC264.742: [ParNew: 303597K->1331K(339904K), 0.0015090 secs] 763823K->461565K(1095044K), 0.0015450 secs] [Times: user=0.01 sys=0.00, real=0.00 secs] 
264.743: Total time for which application threads were stopped: 0.0019950 seconds, Stopping threads took: 0.0000470 seconds
264.812: Application time: 0.0692220 seconds
264.813: [GC264.813: [ParNew: 303475K->1349K(339904K), 0.0015880 secs] 763709K->461583K(1095044K), 0.0016250 secs] [Times: user=0.02 sys=0.00, real=0.00 secs] 
264.814: Total time for which application threads were stopped: 0.0020450 seconds, Stopping threads took: 0.0000560 seconds
264.885: Application time: 0.0703740 seconds
264.885: [GC264.885: [ParNew: 303493K->864K(339904K), 0.0014500 secs] 763727K->461098K(1095044K), 0.0014840 secs] [Times: user=0.01 sys=0.00, real=0.00 secs] 
264.887: Total time for which application threads were stopped: 0.0019400 seconds, Stopping threads took: 0.0000550 seconds
264.956: Application time: 0.0690700 seconds
264.956: [GC264.956: [ParNew: 303008K->954K(339904K), 0.0014090 secs] 763242K->461204K(1095044K), 0.0014430 secs] [Times: user=0.01 sys=0.00, real=0.00 secs] 
264.958: Total time for which application threads were stopped: 0.0018740 seconds, Stopping threads took: 0.0000570 seconds
265.027: Application time: 0.0691610 seconds
265.027: [GC265.027: [ParNew: 303098K->1134K(339904K), 0.0014130 secs] 763348K->461392K(1095044K), 0.0014490 secs] [Times: user=0.01 sys=0.00, real=0.00 secs] 
265.029: Total time for which application threads were stopped: 0.0019020 seconds, Stopping threads took: 0.0000470 seconds
265.098: Application time: 0.0688030 seconds
265.098: [GC265.098: [ParNew: 303278K->1140K(339904K), 0.0016580 secs] 763536K->461398K(1095044K), 0.0016950 secs] [Times: user=0.01 sys=0.00, real=0.01 secs] 
265.100: Total time for which application threads were stopped: 0.0021730 seconds, Stopping threads took: 0.0000570 seconds
265.169: Application time: 0.0689280 seconds
265.169: [GC265.169: [ParNew: 303284K->1217K(339904K), 0.0014540 secs] 763542K->461475K(1095044K), 0.0014910 secs] [Times: user=0.01 sys=0.00, real=0.00 secs] 
265.171: Total time for which application threads were stopped: 0.0019370 seconds, Stopping threads took: 0.0000460 seconds
265.242: Application time: 0.0716940 seconds
265.243: [GC265.243: [ParNew: 303361K->1192K(339904K), 0.0015030 secs] 763619K->461450K(1095044K), 0.0015510 secs] [Times: user=0.01 sys=0.00, real=0.00 secs] 
265.244: Total time for which application threads were stopped: 0.0020110 seconds, Stopping threads took: 0.0000600 seconds
265.313: Application time: 0.0686520 seconds
265.313: [GC265.313: [ParNew: 303336K->1141K(339904K), 0.0014340 secs] 763594K->461399K(1095044K), 0.0014690 secs] [Times: user=0.01 sys=0.00, real=0.00 secs] 
265.315: Total time for which application threads were stopped: 0.0019330 seconds, Stopping threads took: 0.0000700 seconds
265.383: Application time: 0.0681690 seconds
265.384: [GC265.384: [ParNew: 303285K->1475K(339904K), 0.0014540 secs] 763543K->461749K(1095044K), 0.0014910 secs] [Times: user=0.01 sys=0.00, real=0.00 secs] 
265.385: Total time for which application threads were stopped: 0.0019640 seconds, Stopping threads took: 0.0000670 seconds
265.454: Application time: 0.0686830 seconds
265.454: [GC265.454: [ParNew: 303619K->1515K(339904K), 0.0015000 secs] 763893K->461789K(1095044K), 0.0015370 secs] [Times: user=0.01 sys=0.00, real=0.00 secs] 
265.456: Total time for which application threads were stopped: 0.0019880 seconds, Stopping threads took: 0.0000540 seconds
265.525: Application time: 0.0689230 seconds
265.525: [GC265.525: [ParNew: 303659K->1411K(339904K), 0.0014570 secs] 763933K->461686K(1095044K), 0.0014950 secs] [Times: user=0.01 sys=0.00, real=0.00 secs] 
265.527: Total time for which application threads were stopped: 0.0019440 seconds, Stopping threads took: 0.0000490 seconds
265.596: Application time: 0.0696540 seconds
265.597: [GC265.597: [ParNew: 303555K->1498K(339904K), 0.0015320 secs] 763830K->461772K(1095044K), 0.0015710 secs] [Times: user=0.01 sys=0.00, real=0.00 secs] 
265.598: Total time for which application threads were stopped: 0.0020260 seconds, Stopping threads took: 0.0000590 seconds
265.650: Application time: 0.0517250 seconds
265.651: Total time for which application threads were stopped: 0.0005410 seconds, Stopping threads took: 0.0000660 seconds
265.668: Application time: 0.0174190 seconds
265.668: [GC265.668: [ParNew: 303642K->1537K(339904K), 0.0014980 secs] 763916K->461811K(1095044K), 0.0015360 secs] [Times: user=0.02 sys=0.00, real=0.00 secs] 
265.670: Total time for which application threads were stopped: 0.0019850 seconds, Stopping threads took: 0.0000670 seconds
265.685: Application time: 0.0147800 seconds
265.685: Total time for which application threads were stopped: 0.0004520 seconds, Stopping threads took: 0.0000910 seconds
265.739: Application time: 0.0539320 seconds
265.740: [GC265.740: [ParNew: 303681K->1350K(339904K), 0.0016280 secs] 763955K->461640K(1095044K), 0.0016660 secs] [Times: user=0.01 sys=0.00, real=0.00 secs] 
265.741: Total time for which application threads were stopped: 0.0021390 seconds, Stopping threads took: 0.0000610 seconds
265.810: Application time: 0.0690820 seconds
265.811: [GC265.811: [ParNew: 303494K->1343K(339904K), 0.0015170 secs] 763784K->461649K(1095044K), 0.0015540 secs] [Times: user=0.01 sys=0.00, real=0.00 secs] 
265.812: Total time for which application threads were stopped: 0.0020200 seconds, Stopping threads took: 0.0000750 seconds
265.821: Application time: 0.0089080 seconds
265.822: Total time for which application threads were stopped: 0.0004410 seconds, Stopping threads took: 0.0000820 seconds
265.881: Application time: 0.0596130 seconds
265.882: [GC265.882: [ParNew: 303487K->1391K(339904K), 0.0014740 secs] 763793K->461706K(1095044K), 0.0015120 secs] [Times: user=0.01 sys=0.00, real=0.00 secs] 
265.883: Total time for which application threads were stopped: 0.0019710 seconds, Stopping threads took: 0.0000680 seconds
265.952: Application time: 0.0684730 seconds
265.952: [GC265.952: [ParNew: 303535K->1356K(339904K), 0.0017150 secs] 763850K->461686K(1095044K), 0.0017490 secs] [Times: user=0.01 sys=0.00, real=0.00 secs] 
265.954: Total time for which application threads were stopped: 0.0022230 seconds, Stopping threads took: 0.0000680 seconds
266.023: Application time: 0.0686690 seconds
266.023: [GC266.023: [ParNew: 303500K->1175K(339904K), 0.0014650 secs] 763830K->461505K(1095044K), 0.0015030 secs] [Times: user=0.01 sys=0.00, real=0.00 secs] 
266.025: Total time for which application threads were stopped: 0.0019550 seconds, Stopping threads took: 0.0000550 seconds
266.094: Application time: 0.0694710 seconds
266.095: [GC266.095: [ParNew: 303319K->1392K(339904K), 0.0014780 secs] 763649K->461730K(1095044K), 0.0015150 secs] [Times: user=0.01 sys=0.00, real=0.00 secs] 
266.096: Total time for which application threads were stopped: 0.0019780 seconds, Stopping threads took: 0.0000610 seconds
266.165: Application time: 0.0687490 seconds
266.165: [GC266.165: [ParNew: 303536K->1354K(339904K), 0.0016720 secs] 763874K->461693K(1095044K), 0.0017020 secs] [Times: user=0.01 sys=0.00, real=0.00 secs] 
266.167: Total time for which application threads were stopped: 0.0021670 seconds, Stopping threads took: 0.0000470 seconds
266.237: Application time: 0.0696090 seconds
266.237: [GC266.237: [ParNew: 303498K->1348K(339904K), 0.0014600 secs] 763837K->461686K(1095044K), 0.0014980 secs] [Times: user=0.01 sys=0.00, real=0.00 secs] 
266.239: Total time for which application threads were stopped: 0.0019450 seconds, Stopping threads took: 0.0000510 seconds
266.307: Application time: 0.0684070 seconds
266.308: [GC266.308: [ParNew: 303492K->1313K(339904K), 0.0014620 secs] 763830K->461779K(1095044K), 0.0014990 secs] [Times: user=0.01 sys=0.00, real=0.00 secs] 
266.309: Total time for which application threads were stopped: 0.0019720 seconds, Stopping threads took: 0.0000570 seconds
266.377: Application time: 0.0682750 seconds
266.378: [GC266.378: [ParNew: 303457K->1387K(339904K), 0.0014470 secs] 763923K->461853K(1095044K), 0.0014920 secs] [Times: user=0.01 sys=0.00, real=0.01 secs] 
266.379: Total time for which application threads were stopped: 0.0019510 seconds, Stopping threads took: 0.0000520 seconds
266.448: Application time: 0.0683770 seconds
266.448: [GC266.448: [ParNew: 303531K->1368K(339904K), 0.0016750 secs] 763997K->461834K(1095044K), 0.0017100 secs] [Times: user=0.01 sys=0.00, real=0.00 secs] 
266.450: Total time for which application threads were stopped: 0.0021720 seconds, Stopping threads took: 0.0000620 seconds
266.520: Application time: 0.0697530 seconds
266.520: [GC266.520: [ParNew: 303512K->1306K(339904K), 0.0014970 secs] 763978K->461772K(1095044K), 0.0015310 secs] [Times: user=0.01 sys=0.00, real=0.00 secs] 
266.522: Total time for which application threads were stopped: 0.0019790 seconds, Stopping threads took: 0.0000440 seconds
266.591: Application time: 0.0691570 seconds
266.591: [GC266.591: [ParNew: 303450K->1131K(339904K), 0.0014840 secs] 763916K->461597K(1095044K), 0.0015190 secs] [Times: user=0.01 sys=0.00, real=0.00 secs] 
266.593: Total time for which application threads were stopped: 0.0019880 seconds, Stopping threads took: 0.0000560 seconds
266.662: Application time: 0.0688540 seconds
266.662: [GC266.662: [ParNew: 303275K->1052K(339904K), 0.0014290 secs] 763741K->461694K(1095044K), 0.0014650 secs] [Times: user=0.01 sys=0.00, real=0.00 secs] 
266.663: Total time for which application threads were stopped: 0.0019240 seconds, Stopping threads took: 0.0000510 seconds
266.732: Application time: 0.0687370 seconds
266.733: [GC266.733: [ParNew: 303196K->1083K(339904K), 0.0014640 secs] 763838K->461733K(1095044K), 0.0014980 secs] [Times: user=0.01 sys=0.00, real=0.00 secs] 
266.734: Total time for which application threads were stopped: 0.0019820 seconds, Stopping threads took: 0.0000490 seconds
266.803: Application time: 0.0689000 seconds
266.804: [GC266.804: [ParNew: 303227K->1112K(339904K), 0.0015220 secs] 763877K->461778K(1095044K), 0.0015590 secs] [Times: user=0.01 sys=0.00, real=0.00 secs] 
266.805: Total time for which application threads were stopped: 0.0020090 seconds, Stopping threads took: 0.0000550 seconds
266.875: Application time: 0.0694740 seconds
266.875: [GC266.875: [ParNew: 303256K->1195K(339904K), 0.0016020 secs] 763922K->461885K(1095044K), 0.0016470 secs] [Times: user=0.01 sys=0.00, real=0.00 secs] 
266.877: Total time for which application threads were stopped: 0.0021210 seconds, Stopping threads took: 0.0000730 seconds
266.945: Application time: 0.0687780 seconds
266.946: [GC266.946: [ParNew: 303339K->1264K(339904K), 0.0014260 secs] 764029K->461970K(1095044K), 0.0014610 secs] [Times: user=0.01 sys=0.00, real=0.01 secs] 
266.947: Total time for which application threads were stopped: 0.0019210 seconds, Stopping threads took: 0.0000540 seconds
267.017: Application time: 0.0692190 seconds
267.017: [GC267.017: [ParNew: 303408K->1095K(339904K), 0.0014290 secs] 764114K->461809K(1095044K), 0.0014640 secs] [Times: user=0.01 sys=0.00, real=0.00 secs] 
267.019: Total time for which application threads were stopped: 0.0019210 seconds, Stopping threads took: 0.0000540 seconds
267.087: Application time: 0.0687740 seconds
267.088: [GC267.088: [ParNew: 303239K->1182K(339904K), 0.0015160 secs] 763953K->461896K(1095044K), 0.0015510 secs] [Times: user=0.01 sys=0.00, real=0.00 secs] 
267.089: Total time for which application threads were stopped: 0.0020120 seconds, Stopping threads took: 0.0000510 seconds
267.159: Application time: 0.0694380 seconds
267.159: [GC267.159: [ParNew: 303326K->1207K(339904K), 0.0014630 secs] 764040K->461929K(1095044K), 0.0014990 secs] [Times: user=0.01 sys=0.00, real=0.00 secs] 
267.161: Total time for which application threads were stopped: 0.0019570 seconds, Stopping threads took: 0.0000560 seconds
267.230: Application time: 0.0696380 seconds
267.231: [GC267.231: [ParNew: 303351K->1279K(339904K), 0.0014560 secs] 764073K->462018K(1095044K), 0.0014920 secs] [Times: user=0.01 sys=0.00, real=0.00 secs] 
267.232: Total time for which application threads were stopped: 0.0019540 seconds, Stopping threads took: 0.0000570 seconds
267.301: Application time: 0.0689000 seconds
267.304: [GC267.304: [ParNew: 303423K->1249K(339904K), 0.0014330 secs] 764162K->461995K(1095044K), 0.0014690 secs] [Times: user=0.01 sys=0.00, real=0.00 secs] 
267.305: Total time for which application threads were stopped: 0.0038990 seconds, Stopping threads took: 0.0020020 seconds
267.374: Application time: 0.0688790 seconds
267.375: [GC267.375: [ParNew: 303393K->1276K(339904K), 0.0015210 secs] 764139K->462022K(1095044K), 0.0015580 secs] [Times: user=0.01 sys=0.00, real=0.00 secs] 
267.376: Total time for which application threads were stopped: 0.0020360 seconds, Stopping threads took: 0.0000760 seconds
267.446: Application time: 0.0696400 seconds
267.446: [GC267.446: [ParNew: 303420K->1277K(339904K), 0.0015090 secs] 764166K->462024K(1095044K), 0.0015460 secs] [Times: user=0.01 sys=0.00, real=0.01 secs] 
267.448: Total time for which application threads were stopped: 0.0020130 seconds, Stopping threads took: 0.0000660 seconds
267.517: Application time: 0.0692020 seconds
267.517: [GC267.517: [ParNew: 303421K->1095K(339904K), 0.0014770 secs] 764168K->461849K(1095044K), 0.0015110 secs] [Times: user=0.01 sys=0.00, real=0.00 secs] 
267.519: Total time for which application threads were stopped: 0.0019800 seconds, Stopping threads took: 0.0000740 seconds
267.588: Application time: 0.0686590 seconds
267.592: [GC267.592: [ParNew: 303239K->1059K(339904K), 0.0014530 secs] 763993K->461829K(1095044K), 0.0014860 secs] [Times: user=0.01 sys=0.00, real=0.00 secs] 
267.593: Total time for which application threads were stopped: 0.0055480 seconds, Stopping threads took: 0.0036630 seconds
267.662: Application time: 0.0688500 seconds
267.662: [GC267.662: [ParNew: 303203K->1306K(339904K), 0.0014630 secs] 763973K->462084K(1095044K), 0.0015000 secs] [Times: user=0.01 sys=0.00, real=0.00 secs] 
267.664: Total time for which application threads were stopped: 0.0019650 seconds, Stopping threads took: 0.0000690 seconds
267.733: Application time: 0.0691280 seconds
267.734: [GC267.734: [ParNew: 303450K->1101K(339904K), 0.0014970 secs] 764228K->461887K(1095044K), 0.0015350 secs] [Times: user=0.01 sys=0.00, real=0.00 secs] 
267.735: Total time for which application threads were stopped: 0.0020170 seconds, Stopping threads took: 0.0000720 seconds
267.804: Application time: 0.0691950 seconds
267.805: [GC267.805: [ParNew: 303245K->1123K(339904K), 0.0015390 secs] 764031K->461917K(1095044K), 0.0015760 secs] [Times: user=0.01 sys=0.00, real=0.00 secs] 
267.806: Total time for which application threads were stopped: 0.0020570 seconds, Stopping threads took: 0.0000640 seconds
267.875: Application time: 0.0684790 seconds
267.875: [GC267.875: [ParNew: 303267K->1074K(339904K), 0.0016820 secs] 764061K->461868K(1095044K), 0.0017180 secs] [Times: user=0.00 sys=0.00, real=0.00 secs] 
267.877: Total time for which application threads were stopped: 0.0021980 seconds, Stopping threads took: 0.0000720 seconds
267.946: Application time: 0.0691380 seconds
267.947: [GC267.947: [ParNew: 303218K->1195K(339904K), 0.0015000 secs] 764012K->462005K(1095044K), 0.0015360 secs] [Times: user=0.01 sys=0.00, real=0.01 secs] 
267.948: Total time for which application threads were stopped: 0.0020150 seconds, Stopping threads took: 0.0000840 seconds
268.017: Application time: 0.0689760 seconds
268.018: [GC268.018: [ParNew: 303339K->1208K(339904K), 0.0015310 secs] 764149K->462018K(1095044K), 0.0015680 secs] [Times: user=0.01 sys=0.00, real=0.00 secs] 
268.019: Total time for which application threads were stopped: 0.0019800 seconds, Stopping threads took: 0.0000590 seconds
268.088: Application time: 0.0689570 seconds
268.089: [GC268.089: [ParNew: 303352K->1228K(339904K), 0.0014760 secs] 764162K->462046K(1095044K), 0.0015120 secs] [Times: user=0.01 sys=0.00, real=0.00 secs] 
268.090: Total time for which application threads were stopped: 0.0019600 seconds, Stopping threads took: 0.0000490 seconds
268.159: Application time: 0.0687580 seconds
268.159: [GC268.159: [ParNew: 303372K->1256K(339904K), 0.0014500 secs] 764190K->462074K(1095044K), 0.0014850 secs] [Times: user=0.01 sys=0.00, real=0.00 secs] 
268.161: Total time for which application threads were stopped: 0.0019670 seconds, Stopping threads took: 0.0000700 seconds
268.230: Application time: 0.0693900 seconds
268.231: [GC268.231: [ParNew: 303400K->1346K(339904K), 0.0015200 secs] 764218K->462181K(1095044K), 0.0015560 secs] [Times: user=0.01 sys=0.00, real=0.00 secs] 
268.232: Total time for which application threads were stopped: 0.0020130 seconds, Stopping threads took: 0.0000590 seconds
268.302: Application time: 0.0693160 seconds
268.304: [GC268.304: [ParNew: 303490K->1348K(339904K), 0.0014710 secs] 764325K->462182K(1095044K), 0.0015070 secs] [Times: user=0.01 sys=0.00, real=0.00 secs] 
268.305: Total time for which application threads were stopped: 0.0036270 seconds, Stopping threads took: 0.0017200 seconds
268.374: Application time: 0.0688670 seconds
268.376: [GC268.376: [ParNew: 303492K->1205K(339904K), 0.0014760 secs] 764326K->462039K(1095044K), 0.0015130 secs] [Times: user=0.01 sys=0.00, real=0.00 secs] 
268.377: Total time for which application threads were stopped: 0.0031460 seconds, Stopping threads took: 0.0012150 seconds
268.446: Application time: 0.0691610 seconds
268.447: [GC268.447: [ParNew: 303349K->1084K(339904K), 0.0015110 secs] 764183K->461918K(1095044K), 0.0015440 secs] [Times: user=0.01 sys=0.00, real=0.01 secs] 
268.448: Total time for which application threads were stopped: 0.0020160 seconds, Stopping threads took: 0.0000760 seconds
268.517: Application time: 0.0686810 seconds
268.518: [GC268.518: [ParNew: 303228K->1288K(339904K), 0.0014160 secs] 764062K->462131K(1095044K), 0.0014510 secs] [Times: user=0.01 sys=0.00, real=0.00 secs] 
268.519: Total time for which application threads were stopped: 0.0019260 seconds, Stopping threads took: 0.0000740 seconds
268.588: Application time: 0.0687130 seconds
268.588: [GC268.588: [ParNew: 303432K->1110K(339904K), 0.0014950 secs] 764275K->461960K(1095044K), 0.0015310 secs] [Times: user=0.01 sys=0.00, real=0.00 secs] 
268.590: Total time for which application threads were stopped: 0.0019920 seconds, Stopping threads took: 0.0000620 seconds
268.659: Application time: 0.0692970 seconds
268.659: [GC268.659: [ParNew: 303254K->1079K(339904K), 0.0014100 secs] 764104K->461929K(1095044K), 0.0014550 secs] [Times: user=0.01 sys=0.00, real=0.00 secs] 
268.661: Total time for which application threads were stopped: 0.0019160 seconds, Stopping threads took: 0.0000490 seconds
268.730: Application time: 0.0691140 seconds
268.730: [GC268.731: [ParNew: 303223K->1318K(339904K), 0.0015450 secs] 764073K->462168K(1095044K), 0.0015820 secs] [Times: user=0.01 sys=0.00, real=0.00 secs] 
268.732: Total time for which application threads were stopped: 0.0020400 seconds, Stopping threads took: 0.0000620 seconds
268.801: Application time: 0.0691910 seconds
268.802: [GC268.802: [ParNew: 303462K->1013K(339904K), 0.0014850 secs] 764312K->461863K(1095044K), 0.0015230 secs] [Times: user=0.01 sys=0.00, real=0.00 secs] 
268.803: Total time for which application threads were stopped: 0.0019930 seconds, Stopping threads took: 0.0000720 seconds
268.872: Application time: 0.0688800 seconds
268.873: [GC268.873: [ParNew: 303157K->1250K(339904K), 0.0014740 secs] 764007K->462109K(1095044K), 0.0015090 secs] [Times: user=0.01 sys=0.00, real=0.00 secs] 
268.874: Total time for which application threads were stopped: 0.0019640 seconds, Stopping threads took: 0.0000590 seconds
268.943: Application time: 0.0687820 seconds
268.943: [GC268.943: [ParNew: 303394K->1092K(339904K), 0.0014650 secs] 764253K->461951K(1095044K), 0.0015020 secs] [Times: user=0.01 sys=0.00, real=0.00 secs] 
268.945: Total time for which application threads were stopped: 0.0019880 seconds, Stopping threads took: 0.0000590 seconds
269.014: Application time: 0.0689320 seconds
269.014: [GC269.014: [ParNew: 303236K->1181K(339904K), 0.0014850 secs] 764095K->462055K(1095044K), 0.0015220 secs] [Times: user=0.01 sys=0.00, real=0.00 secs] 
269.016: Total time for which application threads were stopped: 0.0019940 seconds, Stopping threads took: 0.0000750 seconds
269.085: Application time: 0.0688090 seconds
269.085: [GC269.085: [ParNew: 303325K->1167K(339904K), 0.0014830 secs] 764199K->462042K(1095044K), 0.0015190 secs] [Times: user=0.01 sys=0.00, real=0.00 secs] 
269.087: Total time for which application threads were stopped: 0.0019590 seconds, Stopping threads took: 0.0000480 seconds
269.156: Application time: 0.0696930 seconds
269.157: [GC269.157: [ParNew: 303311K->1319K(339904K), 0.0014770 secs] 764186K->462209K(1095044K), 0.0015120 secs] [Times: user=0.02 sys=0.00, real=0.00 secs] 
269.158: Total time for which application threads were stopped: 0.0019470 seconds, Stopping threads took: 0.0000460 seconds
269.228: Application time: 0.0700410 seconds
269.229: [GC269.229: [ParNew: 303463K->1026K(339904K), 0.0014670 secs] 764353K->461916K(1095044K), 0.0015040 secs] [Times: user=0.01 sys=0.00, real=0.00 secs] 
269.230: Total time for which application threads were stopped: 0.0019560 seconds, Stopping threads took: 0.0000590 seconds
269.299: Application time: 0.0689680 seconds
269.300: [GC269.300: [ParNew: 303170K->1203K(339904K), 0.0014280 secs] 764060K->462093K(1095044K), 0.0014640 secs] [Times: user=0.01 sys=0.00, real=0.00 secs] 
269.301: Total time for which application threads were stopped: 0.0019220 seconds, Stopping threads took: 0.0000640 seconds
269.370: Application time: 0.0691760 seconds
269.371: [GC269.371: [ParNew: 303347K->1117K(339904K), 0.0015030 secs] 764237K->462015K(1095044K), 0.0015370 secs] [Times: user=0.01 sys=0.00, real=0.00 secs] 
269.372: Total time for which application threads were stopped: 0.0020200 seconds, Stopping threads took: 0.0000780 seconds
269.441: Application time: 0.0691260 seconds
269.442: [GC269.442: [ParNew: 303261K->1138K(339904K), 0.0015280 secs] 764159K->462045K(1095044K), 0.0015640 secs] [Times: user=0.01 sys=0.00, real=0.00 secs] 
269.444: Total time for which application threads were stopped: 0.0020370 seconds, Stopping threads took: 0.0000760 seconds
269.512: Application time: 0.0687360 seconds
269.516: [GC269.516: [ParNew: 303282K->1181K(339904K), 0.0014820 secs] 764189K->462103K(1095044K), 0.0015170 secs] [Times: user=0.01 sys=0.00, real=0.00 secs] 
269.517: Total time for which application threads were stopped: 0.0049480 seconds, Stopping threads took: 0.0030030 seconds
269.586: Application time: 0.0691410 seconds
269.587: [GC269.587: [ParNew: 303325K->1178K(339904K), 0.0014580 secs] 764247K->462101K(1095044K), 0.0014950 secs] [Times: user=0.01 sys=0.00, real=0.01 secs] 
269.588: Total time for which application threads were stopped: 0.0019630 seconds, Stopping threads took: 0.0000720 seconds
269.657: Application time: 0.0686490 seconds
269.657: [GC269.657: [ParNew: 303322K->1279K(339904K), 0.0014490 secs] 764245K->462201K(1095044K), 0.0014840 secs] [Times: user=0.01 sys=0.00, real=0.00 secs] 
269.659: Total time for which application threads were stopped: 0.0019570 seconds, Stopping threads took: 0.0000770 seconds
269.728: Application time: 0.0693310 seconds
269.729: [GC269.729: [ParNew: 303423K->1106K(339904K), 0.0014750 secs] 764345K->462029K(1095044K), 0.0015090 secs] [Times: user=0.01 sys=0.00, real=0.00 secs] 
269.730: Total time for which application threads were stopped: 0.0019520 seconds, Stopping threads took: 0.0000550 seconds
269.799: Application time: 0.0689070 seconds
269.800: [GC269.800: [ParNew: 303250K->1242K(339904K), 0.0014150 secs] 764173K->462164K(1095044K), 0.0014510 secs] [Times: user=0.01 sys=0.00, real=0.00 secs] 
269.801: Total time for which application threads were stopped: 0.0019180 seconds, Stopping threads took: 0.0000590 seconds
269.870: Application time: 0.0687720 seconds
269.870: [GC269.870: [ParNew: 303386K->1128K(339904K), 0.0014690 secs] 764308K->462066K(1095044K), 0.0015040 secs] [Times: user=0.01 sys=0.00, real=0.00 secs] 
269.872: Total time for which application threads were stopped: 0.0019720 seconds, Stopping threads took: 0.0000700 seconds
269.941: Application time: 0.0687260 seconds
269.941: [GC269.941: [ParNew: 303272K->1190K(339904K), 0.0014730 secs] 764210K->462136K(1095044K), 0.0015090 secs] [Times: user=0.01 sys=0.00, real=0.00 secs] 
269.943: Total time for which application threads were stopped: 0.0019630 seconds, Stopping threads took: 0.0000570 seconds
270.011: Application time: 0.0686690 seconds
270.012: [GC270.012: [ParNew: 303334K->1290K(339904K), 0.0014670 secs] 764280K->462236K(1095044K), 0.0015020 secs] [Times: user=0.01 sys=0.00, real=0.00 secs] 
270.013: Total time for which application threads were stopped: 0.0019710 seconds, Stopping threads took: 0.0000690 seconds
270.082: Application time: 0.0688900 seconds
270.083: [GC270.083: [ParNew: 303434K->1220K(339904K), 0.0014690 secs] 764380K->462166K(1095044K), 0.0015060 secs] [Times: user=0.01 sys=0.00, real=0.00 secs] 
270.084: Total time for which application threads were stopped: 0.0019830 seconds, Stopping threads took: 0.0000580 seconds
270.154: Application time: 0.0700040 seconds
270.154: [GC270.154: [ParNew: 303364K->1142K(339904K), 0.0014740 secs] 764310K->462096K(1095044K), 0.0015100 secs] [Times: user=0.01 sys=0.00, real=0.00 secs] 
270.156: Total time for which application threads were stopped: 0.0019670 seconds, Stopping threads took: 0.0000650 seconds
270.225: Application time: 0.0694550 seconds
270.226: [GC270.226: [ParNew: 303286K->1022K(339904K), 0.0014380 secs] 764240K->461976K(1095044K), 0.0014740 secs] [Times: user=0.01 sys=0.00, real=0.01 secs] 
270.227: Total time for which application threads were stopped: 0.0019160 seconds, Stopping threads took: 0.0000500 seconds
270.296: Application time: 0.0687830 seconds
270.297: [GC270.297: [ParNew: 303166K->1212K(339904K), 0.0015440 secs] 764120K->462174K(1095044K), 0.0015800 secs] [Times: user=0.01 sys=0.00, real=0.00 secs] 
270.298: Total time for which application threads were stopped: 0.0020350 seconds, Stopping threads took: 0.0000530 seconds
270.368: Application time: 0.0693840 seconds
270.368: [GC270.368: [ParNew: 303356K->1240K(339904K), 0.0016800 secs] 764318K->462211K(1095044K), 0.0017170 secs] [Times: user=0.01 sys=0.00, real=0.00 secs] 
270.370: Total time for which application threads were stopped: 0.0021660 seconds, Stopping threads took: 0.0000500 seconds
270.439: Application time: 0.0689490 seconds
270.439: [GC270.439: [ParNew: 303384K->1213K(339904K), 0.0014710 secs] 764355K->462183K(1095044K), 0.0015160 secs] [Times: user=0.00 sys=0.00, real=0.01 secs] 
270.441: Total time for which application threads were stopped: 0.0019660 seconds, Stopping threads took: 0.0000600 seconds
270.511: Application time: 0.0700530 seconds
270.511: [GC270.511: [ParNew: 303357K->1269K(339904K), 0.0014520 secs] 764327K->462256K(1095044K), 0.0014870 secs] [Times: user=0.01 sys=0.00, real=0.00 secs] 
270.513: Total time for which application threads were stopped: 0.0019410 seconds, Stopping threads took: 0.0000570 seconds
270.582: Application time: 0.0695120 seconds
270.583: [GC270.583: [ParNew: 303413K->1127K(339904K), 0.0017840 secs] 764400K->462114K(1095044K), 0.0018180 secs] [Times: user=0.01 sys=0.00, real=0.00 secs] 
270.584: Total time for which application threads were stopped: 0.0022550 seconds, Stopping threads took: 0.0000660 seconds
270.654: Application time: 0.0696100 seconds
270.655: [GC270.655: [ParNew: 303271K->1235K(339904K), 0.0015660 secs] 764258K->462222K(1095044K), 0.0016030 secs] [Times: user=0.01 sys=0.00, real=0.00 secs] 
270.656: Total time for which application threads were stopped: 0.0020780 seconds, Stopping threads took: 0.0000590 seconds
270.726: Application time: 0.0699930 seconds
270.727: [GC270.727: [ParNew: 303379K->1022K(339904K), 0.0015770 secs] 764366K->462008K(1095044K), 0.0016120 secs] [Times: user=0.01 sys=0.00, real=0.01 secs] 
270.728: Total time for which application threads were stopped: 0.0020730 seconds, Stopping threads took: 0.0000680 seconds
270.797: Application time: 0.0686170 seconds
270.797: [GC270.797: [ParNew: 303166K->1194K(339904K), 0.0014420 secs] 764152K->462188K(1095044K), 0.0014790 secs] [Times: user=0.01 sys=0.00, real=0.00 secs] 
270.799: Total time for which application threads were stopped: 0.0019410 seconds, Stopping threads took: 0.0000600 seconds
270.867: Application time: 0.0686620 seconds
270.868: [GC270.868: [ParNew: 303338K->1345K(339904K), 0.0014720 secs] 764332K->462339K(1095044K), 0.0015090 secs] [Times: user=0.01 sys=0.00, real=0.00 secs] 
270.869: Total time for which application threads were stopped: 0.0019640 seconds, Stopping threads took: 0.0000540 seconds
270.938: Application time: 0.0684900 seconds
270.938: [GC270.938: [ParNew: 303489K->1262K(339904K), 0.0014670 secs] 764483K->462256K(1095044K), 0.0015040 secs] [Times: user=0.01 sys=0.00, real=0.01 secs] 
270.940: Total time for which application threads were stopped: 0.0019610 seconds, Stopping threads took: 0.0000540 seconds
271.009: Application time: 0.0694710 seconds
271.010: [GC271.010: [ParNew: 303406K->1124K(339904K), 0.0014830 secs] 764400K->462118K(1095044K), 0.0015200 secs] [Times: user=0.01 sys=0.00, real=0.00 secs] 
271.011: Total time for which application threads were stopped: 0.0019700 seconds, Stopping threads took: 0.0000530 seconds
271.081: Application time: 0.0693930 seconds
271.081: [GC271.081: [ParNew: 303268K->1058K(339904K), 0.0014350 secs] 764262K->462061K(1095044K), 0.0014710 secs] [Times: user=0.01 sys=0.00, real=0.00 secs] 
271.083: Total time for which application threads were stopped: 0.0019250 seconds, Stopping threads took: 0.0000560 seconds
271.152: Application time: 0.0690280 seconds
271.152: [GC271.152: [ParNew: 303202K->1007K(339904K), 0.0015110 secs] 764205K->462010K(1095044K), 0.0015470 secs] [Times: user=0.01 sys=0.00, real=0.00 secs] 
271.154: Total time for which application threads were stopped: 0.0019870 seconds, Stopping threads took: 0.0000450 seconds
271.223: Application time: 0.0693160 seconds
271.223: [GC271.224: [ParNew: 303151K->1195K(339904K), 0.0016120 secs] 764154K->462213K(1095044K), 0.0016460 secs] [Times: user=0.01 sys=0.00, real=0.00 secs] 
271.225: Total time for which application threads were stopped: 0.0021650 seconds, Stopping threads took: 0.0000610 seconds
271.294: Application time: 0.0686130 seconds
271.294: [GC271.294: [ParNew: 303339K->1252K(339904K), 0.0015060 secs] 764357K->462270K(1095044K), 0.0015510 secs] [Times: user=0.02 sys=0.00, real=0.00 secs] 
271.296: Total time for which application threads were stopped: 0.0020220 seconds, Stopping threads took: 0.0000690 seconds
271.365: Application time: 0.0691700 seconds
271.365: [GC271.365: [ParNew: 303396K->1124K(339904K), 0.0014760 secs] 764414K->462143K(1095044K), 0.0015130 secs] [Times: user=0.01 sys=0.00, real=0.00 secs] 
271.367: Total time for which application threads were stopped: 0.0019860 seconds, Stopping threads took: 0.0000660 seconds
271.436: Application time: 0.0686290 seconds
271.436: [GC271.436: [ParNew: 303268K->1160K(339904K), 0.0014330 secs] 764287K->462194K(1095044K), 0.0014690 secs] [Times: user=0.01 sys=0.00, real=0.00 secs] 
271.438: Total time for which application threads were stopped: 0.0019510 seconds, Stopping threads took: 0.0000720 seconds
271.506: Application time: 0.0689120 seconds
271.507: [GC271.507: [ParNew: 303304K->1333K(339904K), 0.0014550 secs] 764338K->462368K(1095044K), 0.0014900 secs] [Times: user=0.01 sys=0.00, real=0.01 secs] 
271.508: Total time for which application threads were stopped: 0.0019530 seconds, Stopping threads took: 0.0000570 seconds
271.577: Application time: 0.0690440 seconds
271.578: [GC271.578: [ParNew: 303477K->1320K(339904K), 0.0014800 secs] 764512K->462354K(1095044K), 0.0015160 secs] [Times: user=0.01 sys=0.00, real=0.01 secs] 
271.579: Total time for which application threads were stopped: 0.0019810 seconds, Stopping threads took: 0.0000650 seconds
271.649: Application time: 0.0691940 seconds
271.649: [GC271.649: [ParNew: 303464K->1017K(339904K), 0.0016190 secs] 764498K->462051K(1095044K), 0.0016560 secs] [Times: user=0.01 sys=0.00, real=0.00 secs] 
271.651: Total time for which application threads were stopped: 0.0021260 seconds, Stopping threads took: 0.0000680 seconds
271.719: Application time: 0.0686920 seconds
271.720: [GC271.720: [ParNew: 303161K->1083K(339904K), 0.0014450 secs] 764195K->462125K(1095044K), 0.0014800 secs] [Times: user=0.01 sys=0.00, real=0.00 secs] 
271.721: Total time for which application threads were stopped: 0.0019400 seconds, Stopping threads took: 0.0000550 seconds
271.790: Application time: 0.0686040 seconds
271.790: [GC271.791: [ParNew: 303227K->1194K(339904K), 0.0014800 secs] 764269K->462252K(1095044K), 0.0015160 secs] [Times: user=0.01 sys=0.00, real=0.00 secs] 
271.792: Total time for which application threads were stopped: 0.0020050 seconds, Stopping threads took: 0.0000580 seconds
271.861: Application time: 0.0691380 seconds
271.862: [GC271.862: [ParNew: 303338K->1249K(339904K), 0.0014850 secs] 764396K->462307K(1095044K), 0.0015220 secs] [Times: user=0.02 sys=0.00, real=0.00 secs] 
271.863: Total time for which application threads were stopped: 0.0019810 seconds, Stopping threads took: 0.0000560 seconds
271.933: Application time: 0.0696810 seconds
271.933: [GC271.933: [ParNew: 303393K->1121K(339904K), 0.0014730 secs] 764451K->462180K(1095044K), 0.0015090 secs] [Times: user=0.01 sys=0.00, real=0.00 secs] 
271.935: Total time for which application threads were stopped: 0.0019640 seconds, Stopping threads took: 0.0000460 seconds
272.004: Application time: 0.0691540 seconds
272.004: [GC272.004: [ParNew: 303265K->1156K(339904K), 0.0015870 secs] 764324K->462214K(1095044K), 0.0016210 secs] [Times: user=0.01 sys=0.00, real=0.00 secs] 
272.006: Total time for which application threads were stopped: 0.0020800 seconds, Stopping threads took: 0.0000580 seconds
272.075: Application time: 0.0688560 seconds
272.075: [GC272.075: [ParNew: 303300K->1193K(339904K), 0.0016150 secs] 764358K->462260K(1095044K), 0.0016470 secs] [Times: user=0.01 sys=0.00, real=0.00 secs] 
272.077: Total time for which application threads were stopped: 0.0021210 seconds, Stopping threads took: 0.0000520 seconds
272.145: Application time: 0.0684240 seconds
272.146: [GC272.146: [ParNew: 303337K->1072K(339904K), 0.0015070 secs] 764404K->462146K(1095044K), 0.0015430 secs] [Times: user=0.01 sys=0.00, real=0.01 secs] 
272.147: Total time for which application threads were stopped: 0.0019880 seconds, Stopping threads took: 0.0000460 seconds
272.216: Application time: 0.0690260 seconds
272.217: [GC272.217: [ParNew: 303194K->1174K(339904K), 0.0014620 secs] 764268K->462248K(1095044K), 0.0015080 secs] [Times: user=0.01 sys=0.00, real=0.00 secs] 
272.218: Total time for which application threads were stopped: 0.0019620 seconds, Stopping threads took: 0.0000550 seconds
272.287: Application time: 0.0689630 seconds
272.288: [GC272.288: [ParNew: 303318K->1111K(339904K), 0.0015640 secs] 764392K->462185K(1095044K), 0.0015950 secs] [Times: user=0.01 sys=0.00, real=0.00 secs] 
272.289: Total time for which application threads were stopped: 0.0020430 seconds, Stopping threads took: 0.0000520 seconds
272.358: Application time: 0.0689930 seconds
272.359: [GC272.359: [ParNew: 303255K->1214K(339904K), 0.0015510 secs] 764329K->462288K(1095044K), 0.0015870 secs] [Times: user=0.01 sys=0.00, real=0.01 secs] 
272.361: Total time for which application threads were stopped: 0.0020780 seconds, Stopping threads took: 0.0000590 seconds
272.430: Application time: 0.0691150 seconds
272.430: [GC272.430: [ParNew: 303358K->1071K(339904K), 0.0015850 secs] 764432K->462153K(1095044K), 0.0016220 secs] [Times: user=0.01 sys=0.00, real=0.00 secs] 
272.432: Total time for which application threads were stopped: 0.0020740 seconds, Stopping threads took: 0.0000490 seconds
272.501: Application time: 0.0691490 seconds
272.501: [GC272.501: [ParNew: 303215K->1331K(339904K), 0.0014920 secs] 764297K->462413K(1095044K), 0.0015250 secs] [Times: user=0.01 sys=0.00, real=0.00 secs] 
272.503: Total time for which application threads were stopped: 0.0020000 seconds, Stopping threads took: 0.0000690 seconds
272.572: Application time: 0.0688910 seconds
272.572: [GC272.572: [ParNew: 303475K->1275K(339904K), 0.0015130 secs] 764557K->462357K(1095044K), 0.0015490 secs] [Times: user=0.01 sys=0.00, real=0.00 secs] 
272.574: Total time for which application threads were stopped: 0.0020110 seconds, Stopping threads took: 0.0000590 seconds
272.643: Application time: 0.0691240 seconds
272.643: [GC272.643: [ParNew: 303419K->1241K(339904K), 0.0016230 secs] 764501K->462332K(1095044K), 0.0016580 secs] [Times: user=0.01 sys=0.00, real=0.00 secs] 
272.645: Total time for which application threads were stopped: 0.0021230 seconds, Stopping threads took: 0.0000540 seconds
272.714: Application time: 0.0685820 seconds
272.714: [GC272.714: [ParNew: 303385K->1355K(339904K), 0.0015600 secs] 764476K->462453K(1095044K), 0.0015970 secs] [Times: user=0.01 sys=0.00, real=0.00 secs] 
272.716: Total time for which application threads were stopped: 0.0020550 seconds, Stopping threads took: 0.0000530 seconds
272.785: Application time: 0.0697230 seconds
272.786: [GC272.786: [ParNew: 303499K->1115K(339904K), 0.0014780 secs] 764597K->462213K(1095044K), 0.0015150 secs] [Times: user=0.02 sys=0.00, real=0.01 secs] 
272.787: Total time for which application threads were stopped: 0.0019630 seconds, Stopping threads took: 0.0000460 seconds
272.857: Application time: 0.0699610 seconds
272.858: [GC272.858: [ParNew: 303259K->976K(339904K), 0.0015820 secs] 764357K->462074K(1095044K), 0.0016160 secs] [Times: user=0.01 sys=0.00, real=0.01 secs] 
272.859: Total time for which application threads were stopped: 0.0020640 seconds, Stopping threads took: 0.0000640 seconds
272.928: Application time: 0.0685180 seconds
272.928: [GC272.928: [ParNew: 303120K->1064K(339904K), 0.0015770 secs] 764218K->462162K(1095044K), 0.0016110 secs] [Times: user=0.01 sys=0.00, real=0.00 secs] 
272.930: Total time for which application threads were stopped: 0.0020760 seconds, Stopping threads took: 0.0000510 seconds
272.999: Application time: 0.0691030 seconds
273.004: [GC273.004: [ParNew: 303208K->1012K(339904K), 0.0015310 secs] 764306K->462126K(1095044K), 0.0015650 secs] [Times: user=0.01 sys=0.00, real=0.00 secs] 
273.005: Total time for which application threads were stopped: 0.0061210 seconds, Stopping threads took: 0.0041860 seconds
273.074: Application time: 0.0692870 seconds
273.075: [GC273.075: [ParNew: 303156K->1062K(339904K), 0.0014850 secs] 764270K->462184K(1095044K), 0.0015210 secs] [Times: user=0.02 sys=0.00, real=0.00 secs] 
273.076: Total time for which application threads were stopped: 0.0019810 seconds, Stopping threads took: 0.0000580 seconds
273.145: Application time: 0.0686510 seconds
273.146: [GC273.146: [ParNew: 303206K->1084K(339904K), 0.0014680 secs] 764328K->462207K(1095044K), 0.0015040 secs] [Times: user=0.01 sys=0.00, real=0.00 secs] 
273.147: Total time for which application threads were stopped: 0.0019600 seconds, Stopping threads took: 0.0000510 seconds
273.217: Application time: 0.0696520 seconds
273.217: [GC273.217: [ParNew: 303228K->1222K(339904K), 0.0015810 secs] 764351K->462344K(1095044K), 0.0016160 secs] [Times: user=0.01 sys=0.00, real=0.00 secs] 
273.219: Total time for which application threads were stopped: 0.0020680 seconds, Stopping threads took: 0.0000560 seconds
273.288: Application time: 0.0690230 seconds
273.288: [GC273.288: [ParNew: 303366K->1180K(339904K), 0.0014710 secs] 764488K->462302K(1095044K), 0.0015080 secs] [Times: user=0.01 sys=0.00, real=0.00 secs] 
273.290: Total time for which application threads were stopped: 0.0019690 seconds, Stopping threads took: 0.0000510 seconds
273.359: Application time: 0.0691940 seconds
273.359: [GC273.359: [ParNew: 303324K->1198K(339904K), 0.0014580 secs] 764446K->462321K(1095044K), 0.0014920 secs] [Times: user=0.01 sys=0.00, real=0.00 secs] 
273.361: Total time for which application threads were stopped: 0.0019640 seconds, Stopping threads took: 0.0000620 seconds
273.430: Application time: 0.0692980 seconds
273.431: [GC273.431: [ParNew: 303342K->1253K(339904K), 0.0015450 secs] 764465K->462383K(1095044K), 0.0015790 secs] [Times: user=0.01 sys=0.00, real=0.00 secs] 
273.432: Total time for which application threads were stopped: 0.0020970 seconds, Stopping threads took: 0.0000580 seconds
273.502: Application time: 0.0696430 seconds
273.504: [GC273.504: [ParNew: 303397K->1471K(339904K), 0.0015010 secs] 764527K->462609K(1095044K), 0.0015360 secs] [Times: user=0.01 sys=0.00, real=0.00 secs] 
273.505: Total time for which application threads were stopped: 0.0031960 seconds, Stopping threads took: 0.0012510 seconds
273.575: Application time: 0.0693520 seconds
273.575: [GC273.575: [ParNew: 303615K->1235K(339904K), 0.0015100 secs] 764753K->462374K(1095044K), 0.0015460 secs] [Times: user=0.01 sys=0.00, real=0.00 secs] 
273.577: Total time for which application threads were stopped: 0.0020030 seconds, Stopping threads took: 0.0000510 seconds
273.646: Application time: 0.0692430 seconds
273.648: [GC273.648: [ParNew: 303379K->1329K(339904K), 0.0015660 secs] 764518K->462468K(1095044K), 0.0016000 secs] [Times: user=0.01 sys=0.00, real=0.00 secs] 
273.649: Total time for which application threads were stopped: 0.0034480 seconds, Stopping threads took: 0.0014390 seconds
273.719: Application time: 0.0693160 seconds
273.719: [GC273.719: [ParNew: 303473K->1260K(339904K), 0.0014750 secs] 764612K->462406K(1095044K), 0.0015120 secs] [Times: user=0.01 sys=0.00, real=0.01 secs] 
273.721: Total time for which application threads were stopped: 0.0019670 seconds, Stopping threads took: 0.0000540 seconds
273.790: Application time: 0.0693860 seconds
273.790: [GC273.790: [ParNew: 303404K->1187K(339904K), 0.0014970 secs] 764550K->462334K(1095044K), 0.0015330 secs] [Times: user=0.01 sys=0.00, real=0.00 secs] 
273.792: Total time for which application threads were stopped: 0.0020100 seconds, Stopping threads took: 0.0000740 seconds
273.861: Application time: 0.0694880 seconds
273.862: [GC273.862: [ParNew: 303331K->963K(339904K), 0.0014000 secs] 764478K->462117K(1095044K), 0.0014360 secs] [Times: user=0.01 sys=0.00, real=0.00 secs] 
273.863: Total time for which application threads were stopped: 0.0018990 seconds, Stopping threads took: 0.0000580 seconds
273.932: Application time: 0.0686480 seconds
273.932: [GC273.932: [ParNew: 303107K->1062K(339904K), 0.0013880 secs] 764261K->462232K(1095044K), 0.0014240 secs] [Times: user=0.01 sys=0.00, real=0.00 secs] 
273.934: Total time for which application threads were stopped: 0.0018750 seconds, Stopping threads took: 0.0000530 seconds
274.002: Application time: 0.0685990 seconds
274.003: [GC274.003: [ParNew: 303206K->1024K(339904K), 0.0014320 secs] 764376K->462195K(1095044K), 0.0014760 secs] [Times: user=0.01 sys=0.00, real=0.00 secs] 
274.004: Total time for which application threads were stopped: 0.0019310 seconds, Stopping threads took: 0.0000560 seconds
274.073: Application time: 0.0687890 seconds
274.074: [GC274.074: [ParNew: 303168K->1238K(339904K), 0.0014770 secs] 764339K->462408K(1095044K), 0.0015130 secs] [Times: user=0.01 sys=0.00, real=0.00 secs] 
274.075: Total time for which application threads were stopped: 0.0019720 seconds, Stopping threads took: 0.0000530 seconds
274.144: Application time: 0.0685460 seconds
274.144: [GC274.144: [ParNew: 303382K->1207K(339904K), 0.0015040 secs] 764552K->462377K(1095044K), 0.0015410 secs] [Times: user=0.01 sys=0.00, real=0.00 secs] 
274.146: Total time for which application threads were stopped: 0.0019990 seconds, Stopping threads took: 0.0000510 seconds
274.216: Application time: 0.0698720 seconds
274.220: [GC274.220: [ParNew: 303351K->1217K(339904K), 0.0014850 secs] 764521K->462388K(1095044K), 0.0015200 secs] [Times: user=0.01 sys=0.00, real=0.00 secs] 
274.221: Total time for which application threads were stopped: 0.0055570 seconds, Stopping threads took: 0.0036320 seconds
274.290: Application time: 0.0685690 seconds
274.290: [GC274.290: [ParNew: 303361K->1156K(339904K), 0.0014510 secs] 764532K->462326K(1095044K), 0.0014890 secs] [Times: user=0.01 sys=0.00, real=0.00 secs] 
274.292: Total time for which application threads were stopped: 0.0019410 seconds, Stopping threads took: 0.0000540 seconds
274.361: Application time: 0.0689360 seconds
274.361: [GC274.361: [ParNew: 303300K->1269K(339904K), 0.0015310 secs] 764470K->462447K(1095044K), 0.0015660 secs] [Times: user=0.01 sys=0.00, real=0.00 secs] 
274.363: Total time for which application threads were stopped: 0.0020240 seconds, Stopping threads took: 0.0000560 seconds
274.431: Application time: 0.0688240 seconds
274.432: [GC274.432: [ParNew: 303413K->1187K(339904K), 0.0014680 secs] 764591K->462373K(1095044K), 0.0015050 secs] [Times: user=0.01 sys=0.00, real=0.00 secs] 
274.433: Total time for which application threads were stopped: 0.0019360 seconds, Stopping threads took: 0.0000490 seconds
274.503: Application time: 0.0691860 seconds
274.503: [GC274.503: [ParNew: 303331K->1027K(339904K), 0.0014780 secs] 764517K->462214K(1095044K), 0.0015130 secs] [Times: user=0.01 sys=0.00, real=0.00 secs] 
274.505: Total time for which application threads were stopped: 0.0019830 seconds, Stopping threads took: 0.0000560 seconds
274.574: Application time: 0.0690040 seconds
274.574: [GC274.574: [ParNew: 303171K->1355K(339904K), 0.0015200 secs] 764358K->462541K(1095044K), 0.0015590 secs] [Times: user=0.01 sys=0.00, real=0.00 secs] 
274.576: Total time for which application threads were stopped: 0.0020180 seconds, Stopping threads took: 0.0000560 seconds
274.645: Application time: 0.0693660 seconds
274.648: [GC274.648: [ParNew: 303499K->1211K(339904K), 0.0015120 secs] 764685K->462405K(1095044K), 0.0015470 secs] [Times: user=0.01 sys=0.00, real=0.00 secs] 
274.649: Total time for which application threads were stopped: 0.0041940 seconds, Stopping threads took: 0.0022500 seconds
274.719: Application time: 0.0699090 seconds
274.720: [GC274.720: [ParNew: 303355K->1156K(339904K), 0.0014900 secs] 764549K->462351K(1095044K), 0.0015270 secs] [Times: user=0.01 sys=0.00, real=0.00 secs] 
274.721: Total time for which application threads were stopped: 0.0019850 seconds, Stopping threads took: 0.0000480 seconds
274.790: Application time: 0.0689490 seconds
274.792: [GC274.792: [ParNew: 303300K->940K(339904K), 0.0014490 secs] 764495K->462142K(1095044K), 0.0014860 secs] [Times: user=0.01 sys=0.00, real=0.00 secs] 
274.793: Total time for which application threads were stopped: 0.0031000 seconds, Stopping threads took: 0.0012170 seconds
274.862: Application time: 0.0690710 seconds
274.863: [GC274.863: [ParNew: 303084K->1059K(339904K), 0.0014020 secs] 764286K->462270K(1095044K), 0.0014480 secs] [Times: user=0.01 sys=0.00, real=0.00 secs] 
274.864: Total time for which application threads were stopped: 0.0019180 seconds, Stopping threads took: 0.0000700 seconds
274.933: Application time: 0.0687240 seconds
274.933: [GC274.933: [ParNew: 303203K->1145K(339904K), 0.0014410 secs] 764414K->462363K(1095044K), 0.0014760 secs] [Times: user=0.01 sys=0.00, real=0.00 secs] 
274.935: Total time for which application threads were stopped: 0.0019330 seconds, Stopping threads took: 0.0000480 seconds
275.004: Application time: 0.0687460 seconds
275.004: [GC275.004: [ParNew: 303289K->1291K(339904K), 0.0015740 secs] 764507K->462509K(1095044K), 0.0016110 secs] [Times: user=0.01 sys=0.00, real=0.00 secs] 
275.006: Total time for which application threads were stopped: 0.0020830 seconds, Stopping threads took: 0.0000490 seconds
275.074: Application time: 0.0687690 seconds
275.075: [GC275.075: [ParNew: 303435K->1201K(339904K), 0.0014650 secs] 764653K->462419K(1095044K), 0.0015040 secs] [Times: user=0.01 sys=0.00, real=0.00 secs] 
275.076: Total time for which application threads were stopped: 0.0019550 seconds, Stopping threads took: 0.0000530 seconds
275.145: Application time: 0.0690400 seconds
275.148: [GC275.148: [ParNew: 303345K->1490K(339904K), 0.0014890 secs] 764563K->462708K(1095044K), 0.0015240 secs] [Times: user=0.01 sys=0.00, real=0.00 secs] 
275.149: Total time for which application threads were stopped: 0.0037640 seconds, Stopping threads took: 0.0018430 seconds
275.222: Application time: 0.0731240 seconds
275.223: [GC275.223: [ParNew: 303634K->1188K(339904K), 0.0015240 secs] 764852K->462406K(1095044K), 0.0015630 secs] [Times: user=0.01 sys=0.00, real=0.00 secs] 
275.224: Total time for which application threads were stopped: 0.0020130 seconds, Stopping threads took: 0.0000560 seconds
275.293: Application time: 0.0687740 seconds
275.294: [GC275.294: [ParNew: 303332K->1327K(339904K), 0.0015110 secs] 764550K->462553K(1095044K), 0.0015470 secs] [Times: user=0.01 sys=0.00, real=0.00 secs] 
275.295: Total time for which application threads were stopped: 0.0020260 seconds, Stopping threads took: 0.0000740 seconds
275.364: Application time: 0.0688440 seconds
275.364: [GC275.364: [ParNew: 303471K->1446K(339904K), 0.0015220 secs] 764697K->462681K(1095044K), 0.0015580 secs] [Times: user=0.01 sys=0.00, real=0.00 secs] 
275.366: Total time for which application threads were stopped: 0.0020210 seconds, Stopping threads took: 0.0000620 seconds
275.435: Application time: 0.0688610 seconds
275.435: [GC275.435: [ParNew: 303590K->1505K(339904K), 0.0015930 secs] 764825K->462739K(1095044K), 0.0016290 secs] [Times: user=0.01 sys=0.00, real=0.00 secs] 
275.437: Total time for which application threads were stopped: 0.0020930 seconds, Stopping threads took: 0.0000570 seconds
275.506: Application time: 0.0692740 seconds
275.507: [GC275.507: [ParNew: 303649K->1302K(339904K), 0.0015340 secs] 764883K->462536K(1095044K), 0.0015720 secs] [Times: user=0.01 sys=0.00, real=0.01 secs] 
275.508: Total time for which application threads were stopped: 0.0020490 seconds, Stopping threads took: 0.0000580 seconds
275.562: Application time: 0.0533730 seconds
275.564: Total time for which application threads were stopped: 0.0019800 seconds, Stopping threads took: 0.0016050 seconds
275.579: Application time: 0.0158390 seconds
275.580: [GC275.580: [ParNew: 303446K->1151K(339904K), 0.0015050 secs] 764680K->462393K(1095044K), 0.0015400 secs] [Times: user=0.01 sys=0.00, real=0.00 secs] 
275.582: Total time for which application threads were stopped: 0.0020160 seconds, Stopping threads took: 0.0000930 seconds
275.650: Application time: 0.0689730 seconds
275.652: [GC275.652: [ParNew: 303295K->1156K(339904K), 0.0014250 secs] 764537K->462406K(1095044K), 0.0014620 secs] [Times: user=0.01 sys=0.00, real=0.00 secs] 
275.653: Total time for which application threads were stopped: 0.0026450 seconds, Stopping threads took: 0.0007860 seconds
275.722: Application time: 0.0688740 seconds
275.724: [GC275.724: [ParNew: 303300K->1221K(339904K), 0.0014230 secs] 764550K->462479K(1095044K), 0.0014690 secs] [Times: user=0.01 sys=0.00, real=0.00 secs] 
275.725: Total time for which application threads were stopped: 0.0031340 seconds, Stopping threads took: 0.0012660 seconds
275.795: Application time: 0.0694940 seconds
275.795: [GC275.795: [ParNew: 303365K->1363K(339904K), 0.0017000 secs] 764623K->462630K(1095044K), 0.0017360 secs] [Times: user=0.01 sys=0.00, real=0.00 secs] 
275.797: Total time for which application threads were stopped: 0.0021940 seconds, Stopping threads took: 0.0000540 seconds
275.866: Application time: 0.0688820 seconds
275.866: [GC275.866: [ParNew: 303507K->1068K(339904K), 0.0014780 secs] 764774K->462343K(1095044K), 0.0015130 secs] [Times: user=0.01 sys=0.00, real=0.01 secs] 
275.868: Total time for which application threads were stopped: 0.0019690 seconds, Stopping threads took: 0.0000560 seconds
275.936: Application time: 0.0687900 seconds
275.940: [GC275.940: [ParNew: 303212K->1159K(339904K), 0.0014340 secs] 764487K->462433K(1095044K), 0.0014710 secs] [Times: user=0.01 sys=0.00, real=0.00 secs] 
275.941: Total time for which application threads were stopped: 0.0046310 seconds, Stopping threads took: 0.0027640 seconds
276.010: Application time: 0.0687790 seconds
276.010: [GC276.010: [ParNew: 303303K->1337K(339904K), 0.0014910 secs] 764577K->462611K(1095044K), 0.0015290 secs] [Times: user=0.01 sys=0.00, real=0.00 secs] 
276.012: Total time for which application threads were stopped: 0.0019960 seconds, Stopping threads took: 0.0000490 seconds
276.081: Application time: 0.0688500 seconds
276.081: [GC276.081: [ParNew: 303481K->1499K(339904K), 0.0015290 secs] 764755K->462774K(1095044K), 0.0015650 secs] [Times: user=0.01 sys=0.00, real=0.00 secs] 
276.083: Total time for which application threads were stopped: 0.0020160 seconds, Stopping threads took: 0.0000500 seconds
276.154: Application time: 0.0708250 seconds
276.154: [GC276.154: [ParNew: 303643K->1553K(339904K), 0.0015440 secs] 764918K->462827K(1095044K), 0.0015840 secs] [Times: user=0.01 sys=0.00, real=0.00 secs] 
276.156: Total time for which application threads were stopped: 0.0020520 seconds, Stopping threads took: 0.0000780 seconds
276.225: Application time: 0.0692790 seconds
276.225: [GC276.225: [ParNew: 303697K->1381K(339904K), 0.0016940 secs] 764971K->462663K(1095044K), 0.0017310 secs] [Times: user=0.01 sys=0.00, real=0.00 secs] 
276.227: Total time for which application threads were stopped: 0.0021800 seconds, Stopping threads took: 0.0000500 seconds
276.296: Application time: 0.0686860 seconds
276.296: [GC276.296: [ParNew: 303525K->1239K(339904K), 0.0017540 secs] 764807K->462657K(1095044K), 0.0017910 secs] [Times: user=0.01 sys=0.00, real=0.00 secs] 
276.298: Total time for which application threads were stopped: 0.0022420 seconds, Stopping threads took: 0.0000520 seconds
276.367: Application time: 0.0692560 seconds
276.372: [GC276.372: [ParNew: 303383K->1487K(339904K), 0.0015460 secs] 764801K->462905K(1095044K), 0.0015820 secs] [Times: user=0.01 sys=0.00, real=0.00 secs] 
276.373: Total time for which application threads were stopped: 0.0059210 seconds, Stopping threads took: 0.0039410 seconds
276.443: Application time: 0.0696140 seconds
276.443: [GC276.443: [ParNew: 303631K->1283K(339904K), 0.0015500 secs] 765049K->462701K(1095044K), 0.0015860 secs] [Times: user=0.01 sys=0.00, real=0.00 secs] 
276.445: Total time for which application threads were stopped: 0.0020490 seconds, Stopping threads took: 0.0000610 seconds
276.446: Application time: 0.0013410 seconds
276.447: Total time for which application threads were stopped: 0.0003820 seconds, Stopping threads took: 0.0000530 seconds
276.515: Application time: 0.0682220 seconds
276.515: [GC276.515: [ParNew: 303427K->1276K(339904K), 0.0014860 secs] 764845K->462694K(1095044K), 0.0015230 secs] [Times: user=0.01 sys=0.00, real=0.00 secs] 
276.517: Total time for which application threads were stopped: 0.0020190 seconds, Stopping threads took: 0.0000720 seconds
276.586: Application time: 0.0691320 seconds
276.586: [GC276.586: [ParNew: 303420K->1225K(339904K), 0.0016500 secs] 764838K->462651K(1095044K), 0.0016930 secs] [Times: user=0.01 sys=0.00, real=0.01 secs] 
276.588: Total time for which application threads were stopped: 0.0021550 seconds, Stopping threads took: 0.0000650 seconds
276.658: Application time: 0.0698330 seconds
276.658: [GC276.658: [ParNew: 303369K->1214K(339904K), 0.0017090 secs] 764795K->462656K(1095044K), 0.0017450 secs] [Times: user=0.01 sys=0.00, real=0.01 secs] 
276.660: Total time for which application threads were stopped: 0.0021920 seconds, Stopping threads took: 0.0000810 seconds
276.730: Application time: 0.0698070 seconds
276.730: [GC276.730: [ParNew: 303358K->1052K(339904K), 0.0017820 secs] 764800K->462494K(1095044K), 0.0018200 secs] [Times: user=0.01 sys=0.00, real=0.00 secs] 
276.732: Total time for which application threads were stopped: 0.0022710 seconds, Stopping threads took: 0.0000850 seconds
276.801: Application time: 0.0691690 seconds
276.804: [GC276.804: [ParNew: 303196K->1265K(339904K), 0.0014780 secs] 764638K->462707K(1095044K), 0.0015140 secs] [Times: user=0.01 sys=0.00, real=0.00 secs] 
276.805: Total time for which application threads were stopped: 0.0037240 seconds, Stopping threads took: 0.0018080 seconds
276.874: Application time: 0.0688290 seconds
276.874: [GC276.874: [ParNew: 303409K->1247K(339904K), 0.0014600 secs] 764851K->462705K(1095044K), 0.0014980 secs] [Times: user=0.01 sys=0.00, real=0.00 secs] 
276.876: Total time for which application threads were stopped: 0.0019580 seconds, Stopping threads took: 0.0000680 seconds
276.944: Application time: 0.0685160 seconds
276.945: [GC276.945: [ParNew: 303391K->1406K(339904K), 0.0014810 secs] 764849K->462864K(1095044K), 0.0015150 secs] [Times: user=0.01 sys=0.00, real=0.00 secs] 
276.946: Total time for which application threads were stopped: 0.0019690 seconds, Stopping threads took: 0.0000540 seconds
277.015: Application time: 0.0688260 seconds
277.016: [GC277.016: [ParNew: 303550K->1373K(339904K), 0.0015000 secs] 765008K->462832K(1095044K), 0.0015350 secs] [Times: user=0.01 sys=0.00, real=0.00 secs] 
277.017: Total time for which application threads were stopped: 0.0019870 seconds, Stopping threads took: 0.0000560 seconds
277.086: Application time: 0.0689780 seconds
277.087: [GC277.087: [ParNew: 303517K->1333K(339904K), 0.0015380 secs] 764976K->462791K(1095044K), 0.0015750 secs] [Times: user=0.01 sys=0.00, real=0.01 secs] 
277.088: Total time for which application threads were stopped: 0.0020460 seconds, Stopping threads took: 0.0000510 seconds
277.157: Application time: 0.0687560 seconds
277.158: [GC277.158: [ParNew: 303477K->1217K(339904K), 0.0014820 secs] 764935K->462675K(1095044K), 0.0015190 secs] [Times: user=0.01 sys=0.00, real=0.00 secs] 
277.159: Total time for which application threads were stopped: 0.0019700 seconds, Stopping threads took: 0.0000520 seconds
277.228: Application time: 0.0694450 seconds
277.229: [GC277.229: [ParNew: 303361K->1212K(339904K), 0.0015250 secs] 764819K->462790K(1095044K), 0.0015620 secs] [Times: user=0.01 sys=0.00, real=0.00 secs] 
277.231: Total time for which application threads were stopped: 0.0020060 seconds, Stopping threads took: 0.0000490 seconds
277.300: Application time: 0.0694130 seconds
277.300: [GC277.300: [ParNew: 303356K->1349K(339904K), 0.0016760 secs] 764934K->462928K(1095044K), 0.0017130 secs] [Times: user=0.01 sys=0.00, real=0.00 secs] 
277.302: Total time for which application threads were stopped: 0.0021590 seconds, Stopping threads took: 0.0000480 seconds
277.371: Application time: 0.0690180 seconds
277.372: [GC277.372: [ParNew: 303493K->1343K(339904K), 0.0016180 secs] 765072K->462921K(1095044K), 0.0016550 secs] [Times: user=0.01 sys=0.00, real=0.00 secs] 
277.373: Total time for which application threads were stopped: 0.0021200 seconds, Stopping threads took: 0.0000580 seconds
277.443: Application time: 0.0696780 seconds
277.443: [GC277.443: [ParNew: 303487K->1080K(339904K), 0.0014860 secs] 765065K->462658K(1095044K), 0.0015230 secs] [Times: user=0.01 sys=0.00, real=0.00 secs] 
277.445: Total time for which application threads were stopped: 0.0019980 seconds, Stopping threads took: 0.0000620 seconds
277.514: Application time: 0.0689750 seconds
277.514: [GC277.514: [ParNew: 303224K->1020K(339904K), 0.0014440 secs] 764802K->462606K(1095044K), 0.0014760 secs] [Times: user=0.01 sys=0.00, real=0.00 secs] 
277.516: Total time for which application threads were stopped: 0.0019320 seconds, Stopping threads took: 0.0000580 seconds
277.585: Application time: 0.0695630 seconds
277.586: [GC277.586: [ParNew: 303164K->1073K(339904K), 0.0016180 secs] 764750K->462676K(1095044K), 0.0016510 secs] [Times: user=0.01 sys=0.00, real=0.01 secs] 
277.588: Total time for which application threads were stopped: 0.0021050 seconds, Stopping threads took: 0.0000540 seconds
277.657: Application time: 0.0693030 seconds
277.657: [GC277.657: [ParNew: 303217K->1199K(339904K), 0.0015190 secs] 764820K->462802K(1095044K), 0.0015540 secs] [Times: user=0.01 sys=0.00, real=0.00 secs] 
277.659: Total time for which application threads were stopped: 0.0020400 seconds, Stopping threads took: 0.0000620 seconds
277.728: Application time: 0.0687560 seconds
277.728: [GC277.728: [ParNew: 303343K->1157K(339904K), 0.0014400 secs] 764946K->462760K(1095044K), 0.0014770 secs] [Times: user=0.01 sys=0.00, real=0.00 secs] 
277.730: Total time for which application threads were stopped: 0.0019240 seconds, Stopping threads took: 0.0000480 seconds
277.798: Application time: 0.0684410 seconds
277.798: [GC277.798: [ParNew: 303301K->1280K(339904K), 0.0014980 secs] 764904K->462899K(1095044K), 0.0015350 secs] [Times: user=0.01 sys=0.00, real=0.01 secs] 
277.800: Total time for which application threads were stopped: 0.0019880 seconds, Stopping threads took: 0.0000560 seconds
277.869: Application time: 0.0691390 seconds
277.870: [GC277.870: [ParNew: 303424K->1446K(339904K), 0.0014730 secs] 765043K->463065K(1095044K), 0.0015090 secs] [Times: user=0.01 sys=0.00, real=0.00 secs] 
277.871: Total time for which application threads were stopped: 0.0019620 seconds, Stopping threads took: 0.0000600 seconds
277.940: Application time: 0.0691790 seconds
277.941: [GC277.941: [ParNew: 303590K->1122K(339904K), 0.0016170 secs] 765209K->462741K(1095044K), 0.0016540 secs] [Times: user=0.01 sys=0.00, real=0.00 secs] 
277.942: Total time for which application threads were stopped: 0.0021100 seconds, Stopping threads took: 0.0000620 seconds
278.012: Application time: 0.0692570 seconds
278.012: [GC278.012: [ParNew: 303266K->1259K(339904K), 0.0015970 secs] 764885K->462877K(1095044K), 0.0016310 secs] [Times: user=0.01 sys=0.00, real=0.00 secs] 
278.014: Total time for which application threads were stopped: 0.0020820 seconds, Stopping threads took: 0.0000580 seconds
278.083: Application time: 0.0691410 seconds
278.083: [GC278.083: [ParNew: 303403K->1323K(339904K), 0.0015370 secs] 765021K->462949K(1095044K), 0.0015750 secs] [Times: user=0.01 sys=0.00, real=0.00 secs] 
278.085: Total time for which application threads were stopped: 0.0020400 seconds, Stopping threads took: 0.0000620 seconds
278.154: Application time: 0.0690450 seconds
278.154: [GC278.154: [ParNew: 303467K->1256K(339904K), 0.0015130 secs] 765093K->462882K(1095044K), 0.0015500 secs] [Times: user=0.01 sys=0.00, real=0.00 secs] 
278.156: Total time for which application threads were stopped: 0.0020080 seconds, Stopping threads took: 0.0000650 seconds
278.226: Application time: 0.0699450 seconds
278.226: [GC278.226: [ParNew: 303400K->1330K(339904K), 0.0016030 secs] 765026K->462964K(1095044K), 0.0016370 secs] [Times: user=0.01 sys=0.00, real=0.01 secs] 
278.228: Total time for which application threads were stopped: 0.0021130 seconds, Stopping threads took: 0.0000610 seconds
278.298: Application time: 0.0697620 seconds
278.298: [GC278.298: [ParNew: 303474K->1332K(339904K), 0.0015670 secs] 765108K->462966K(1095044K), 0.0016030 secs] [Times: user=0.01 sys=0.00, real=0.01 secs] 
278.300: Total time for which application threads were stopped: 0.0020470 seconds, Stopping threads took: 0.0000430 seconds
278.370: Application time: 0.0697580 seconds
278.370: [GC278.370: [ParNew: 303476K->1097K(339904K), 0.0014910 secs] 765110K->462731K(1095044K), 0.0015350 secs] [Times: user=0.01 sys=0.00, real=0.00 secs] 
278.372: Total time for which application threads were stopped: 0.0019880 seconds, Stopping threads took: 0.0000570 seconds
278.441: Application time: 0.0695470 seconds
278.442: [GC278.442: [ParNew: 303241K->1063K(339904K), 0.0016820 secs] 764875K->462705K(1095044K), 0.0017150 secs] [Times: user=0.01 sys=0.00, real=0.00 secs] 
278.443: Total time for which application threads were stopped: 0.0022190 seconds, Stopping threads took: 0.0001020 seconds
278.514: Application time: 0.0702440 seconds
278.514: [GC278.514: [ParNew: 303207K->1133K(339904K), 0.0015140 secs] 764849K->462791K(1095044K), 0.0015480 secs] [Times: user=0.01 sys=0.00, real=0.00 secs] 
278.516: Total time for which application threads were stopped: 0.0020130 seconds, Stopping threads took: 0.0000750 seconds
278.585: Application time: 0.0698440 seconds
278.586: [GC278.586: [ParNew: 303277K->1134K(339904K), 0.0014720 secs] 764935K->462793K(1095044K), 0.0015070 secs] [Times: user=0.01 sys=0.00, real=0.01 secs] 
278.587: Total time for which application threads were stopped: 0.0019550 seconds, Stopping threads took: 0.0000510 seconds
278.657: Application time: 0.0691720 seconds
278.657: [GC278.657: [ParNew: 303278K->1135K(339904K), 0.0015070 secs] 764937K->462793K(1095044K), 0.0015460 secs] [Times: user=0.01 sys=0.00, real=0.00 secs] 
278.659: Total time for which application threads were stopped: 0.0020130 seconds, Stopping threads took: 0.0000650 seconds
278.728: Application time: 0.0689630 seconds
278.728: [GC278.728: [ParNew: 303279K->1155K(339904K), 0.0014870 secs] 764937K->462829K(1095044K), 0.0015240 secs] [Times: user=0.01 sys=0.00, real=0.00 secs] 
278.730: Total time for which application threads were stopped: 0.0020090 seconds, Stopping threads took: 0.0000620 seconds
278.798: Application time: 0.0687880 seconds
278.799: [GC278.799: [ParNew: 303299K->1434K(339904K), 0.0015270 secs] 764973K->463108K(1095044K), 0.0015650 secs] [Times: user=0.01 sys=0.00, real=0.01 secs] 
278.800: Total time for which application threads were stopped: 0.0020500 seconds, Stopping threads took: 0.0000820 seconds
278.870: Application time: 0.0695180 seconds
278.870: [GC278.870: [ParNew: 303578K->1094K(339904K), 0.0015330 secs] 765252K->462768K(1095044K), 0.0015710 secs] [Times: user=0.01 sys=0.00, real=0.00 secs] 
278.872: Total time for which application threads were stopped: 0.0020440 seconds, Stopping threads took: 0.0000670 seconds
278.941: Application time: 0.0693260 seconds
278.942: [GC278.942: [ParNew: 303238K->1173K(339904K), 0.0015060 secs] 764912K->462848K(1095044K), 0.0015440 secs] [Times: user=0.01 sys=0.00, real=0.00 secs] 
278.943: Total time for which application threads were stopped: 0.0019990 seconds, Stopping threads took: 0.0000510 seconds
279.013: Application time: 0.0694550 seconds
279.013: [GC279.013: [ParNew: 303317K->1367K(339904K), 0.0015180 secs] 764992K->463058K(1095044K), 0.0015540 secs] [Times: user=0.01 sys=0.00, real=0.00 secs] 
279.015: Total time for which application threads were stopped: 0.0020230 seconds, Stopping threads took: 0.0000630 seconds
279.084: Application time: 0.0692100 seconds
279.084: [GC279.084: [ParNew: 303511K->1163K(339904K), 0.0015430 secs] 765202K->462853K(1095044K), 0.0015780 secs] [Times: user=0.01 sys=0.00, real=0.00 secs] 
279.086: Total time for which application threads were stopped: 0.0020460 seconds, Stopping threads took: 0.0000610 seconds
279.155: Application time: 0.0692220 seconds
279.156: [GC279.156: [ParNew: 303307K->1348K(339904K), 0.0015290 secs] 764997K->463046K(1095044K), 0.0015660 secs] [Times: user=0.01 sys=0.00, real=0.00 secs] 
279.157: Total time for which application threads were stopped: 0.0020230 seconds, Stopping threads took: 0.0000530 seconds
279.227: Application time: 0.0701650 seconds
279.228: [GC279.228: [ParNew: 303492K->1330K(339904K), 0.0016610 secs] 765190K->463028K(1095044K), 0.0017060 secs] [Times: user=0.01 sys=0.00, real=0.00 secs] 
279.230: Total time for which application threads were stopped: 0.0021270 seconds, Stopping threads took: 0.0000520 seconds
279.299: Application time: 0.0698580 seconds
279.300: [GC279.300: [ParNew: 303474K->1058K(339904K), 0.0015040 secs] 765172K->462765K(1095044K), 0.0015420 secs] [Times: user=0.01 sys=0.00, real=0.00 secs] 
279.302: Total time for which application threads were stopped: 0.0020630 seconds, Stopping threads took: 0.0000920 seconds
279.371: Application time: 0.0695920 seconds
279.372: [GC279.372: [ParNew: 303202K->1037K(339904K), 0.0015980 secs] 764909K->462759K(1095044K), 0.0016360 secs] [Times: user=0.01 sys=0.00, real=0.00 secs] 
279.373: Total time for which application threads were stopped: 0.0021000 seconds, Stopping threads took: 0.0000550 seconds
279.443: Application time: 0.0693090 seconds
279.443: [GC279.443: [ParNew: 303181K->1042K(339904K), 0.0014260 secs] 764903K->462780K(1095044K), 0.0014630 secs] [Times: user=0.01 sys=0.00, real=0.00 secs] 
279.444: Total time for which application threads were stopped: 0.0019210 seconds, Stopping threads took: 0.0000560 seconds
279.514: Application time: 0.0694200 seconds
279.514: [GC279.514: [ParNew: 303186K->1150K(339904K), 0.0014530 secs] 764924K->462889K(1095044K), 0.0014910 secs] [Times: user=0.01 sys=0.00, real=0.00 secs] 
279.516: Total time for which application threads were stopped: 0.0019510 seconds, Stopping threads took: 0.0000570 seconds
279.586: Application time: 0.0697050 seconds
279.586: [GC279.586: [ParNew: 303294K->1123K(339904K), 0.0014940 secs] 765033K->462869K(1095044K), 0.0015330 secs] [Times: user=0.01 sys=0.00, real=0.01 secs] 
279.588: Total time for which application threads were stopped: 0.0019910 seconds, Stopping threads took: 0.0000670 seconds
279.657: Application time: 0.0691280 seconds
279.657: [GC279.657: [ParNew: 303267K->1113K(339904K), 0.0014700 secs] 765013K->462860K(1095044K), 0.0015080 secs] [Times: user=0.01 sys=0.00, real=0.00 secs] 
279.659: Total time for which application threads were stopped: 0.0019770 seconds, Stopping threads took: 0.0000770 seconds
279.728: Application time: 0.0690540 seconds
279.728: [GC279.728: [ParNew: 303257K->1091K(339904K), 0.0015110 secs] 765004K->462854K(1095044K), 0.0015440 secs] [Times: user=0.01 sys=0.00, real=0.00 secs] 
279.730: Total time for which application threads were stopped: 0.0019990 seconds, Stopping threads took: 0.0000610 seconds
279.799: Application time: 0.0691880 seconds
279.799: [GC279.799: [ParNew: 303235K->1330K(339904K), 0.0014830 secs] 764998K->463092K(1095044K), 0.0015190 secs] [Times: user=0.01 sys=0.00, real=0.00 secs] 
279.801: Total time for which application threads were stopped: 0.0019820 seconds, Stopping threads took: 0.0000600 seconds
279.870: Application time: 0.0686840 seconds
279.870: [GC279.870: [ParNew: 303474K->1248K(339904K), 0.0014730 secs] 765236K->463011K(1095044K), 0.0015090 secs] [Times: user=0.01 sys=0.00, real=0.00 secs] 
279.872: Total time for which application threads were stopped: 0.0019870 seconds, Stopping threads took: 0.0000570 seconds
279.941: Application time: 0.0690650 seconds
279.941: [GC279.941: [ParNew: 303392K->1249K(339904K), 0.0015290 secs] 765155K->463027K(1095044K), 0.0015660 secs] [Times: user=0.01 sys=0.00, real=0.00 secs] 
279.943: Total time for which application threads were stopped: 0.0020170 seconds, Stopping threads took: 0.0000550 seconds
280.012: Application time: 0.0698220 seconds
280.013: [GC280.013: [ParNew: 303393K->1142K(339904K), 0.0017770 secs] 765171K->462920K(1095044K), 0.0018120 secs] [Times: user=0.02 sys=0.00, real=0.00 secs] 
280.015: Total time for which application threads were stopped: 0.0022780 seconds, Stopping threads took: 0.0000710 seconds
280.084: Application time: 0.0693090 seconds
280.085: [GC280.085: [ParNew: 303286K->1265K(339904K), 0.0016530 secs] 765064K->463051K(1095044K), 0.0016880 secs] [Times: user=0.01 sys=0.00, real=0.00 secs] 
280.086: Total time for which application threads were stopped: 0.0021600 seconds, Stopping threads took: 0.0000750 seconds
280.156: Application time: 0.0695300 seconds
280.156: [GC280.156: [ParNew: 303409K->1227K(339904K), 0.0015420 secs] 765195K->463014K(1095044K), 0.0015870 secs] [Times: user=0.01 sys=0.00, real=0.00 secs] 
280.158: Total time for which application threads were stopped: 0.0020780 seconds, Stopping threads took: 0.0000980 seconds
280.228: Application time: 0.0701560 seconds
280.228: [GC280.228: [ParNew: 303371K->1085K(339904K), 0.0015450 secs] 765158K->462879K(1095044K), 0.0015840 secs] [Times: user=0.01 sys=0.00, real=0.00 secs] 
280.230: Total time for which application threads were stopped: 0.0019860 seconds, Stopping threads took: 0.0000460 seconds
280.299: Application time: 0.0694860 seconds
280.300: [GC280.300: [ParNew: 303229K->1008K(339904K), 0.0014660 secs] 765023K->462810K(1095044K), 0.0015020 secs] [Times: user=0.01 sys=0.00, real=0.00 secs] 
280.301: Total time for which application threads were stopped: 0.0019520 seconds, Stopping threads took: 0.0000520 seconds
280.371: Application time: 0.0691830 seconds
280.371: [GC280.371: [ParNew: 303152K->1110K(339904K), 0.0014520 secs] 764954K->462920K(1095044K), 0.0014900 secs] [Times: user=0.01 sys=0.00, real=0.00 secs] 
280.373: Total time for which application threads were stopped: 0.0019690 seconds, Stopping threads took: 0.0000650 seconds
280.441: Application time: 0.0688620 seconds
280.442: [GC280.442: [ParNew: 303254K->1105K(339904K), 0.0015000 secs] 765064K->462931K(1095044K), 0.0015380 secs] [Times: user=0.01 sys=0.00, real=0.00 secs] 
280.443: Total time for which application threads were stopped: 0.0020040 seconds, Stopping threads took: 0.0000720 seconds
280.513: Application time: 0.0698240 seconds
280.514: [GC280.514: [ParNew: 303249K->1130K(339904K), 0.0015290 secs] 765075K->462956K(1095044K), 0.0015650 secs] [Times: user=0.01 sys=0.00, real=0.00 secs] 
280.515: Total time for which application threads were stopped: 0.0020400 seconds, Stopping threads took: 0.0000870 seconds
280.585: Application time: 0.0693900 seconds
280.585: [GC280.585: [ParNew: 303274K->1237K(339904K), 0.0016240 secs] 765100K->463063K(1095044K), 0.0016600 secs] [Times: user=0.01 sys=0.00, real=0.00 secs] 
280.587: Total time for which application threads were stopped: 0.0021120 seconds, Stopping threads took: 0.0000620 seconds
280.656: Application time: 0.0696030 seconds
280.657: [GC280.657: [ParNew: 303381K->1037K(339904K), 0.0015360 secs] 765207K->462880K(1095044K), 0.0015740 secs] [Times: user=0.01 sys=0.00, real=0.00 secs] 
280.659: Total time for which application threads were stopped: 0.0020330 seconds, Stopping threads took: 0.0000670 seconds
280.727: Application time: 0.0689210 seconds
280.728: [GC280.728: [ParNew: 303181K->1255K(339904K), 0.0015020 secs] 765024K->463097K(1095044K), 0.0015370 secs] [Times: user=0.01 sys=0.00, real=0.00 secs] 
280.729: Total time for which application threads were stopped: 0.0019980 seconds, Stopping threads took: 0.0000690 seconds
280.799: Application time: 0.0691680 seconds
280.799: [GC280.799: [ParNew: 303399K->1122K(339904K), 0.0016420 secs] 765241K->462964K(1095044K), 0.0016790 secs] [Times: user=0.01 sys=0.00, real=0.01 secs] 
280.801: Total time for which application threads were stopped: 0.0021410 seconds, Stopping threads took: 0.0000670 seconds
280.870: Application time: 0.0690760 seconds
280.870: [GC280.870: [ParNew: 303266K->1415K(339904K), 0.0016150 secs] 765108K->463273K(1095044K), 0.0016530 secs] [Times: user=0.01 sys=0.00, real=0.00 secs] 
280.872: Total time for which application threads were stopped: 0.0021070 seconds, Stopping threads took: 0.0000630 seconds
280.941: Application time: 0.0695110 seconds
280.942: [GC280.942: [ParNew: 303559K->1135K(339904K), 0.0015930 secs] 765417K->462993K(1095044K), 0.0016260 secs] [Times: user=0.01 sys=0.00, real=0.00 secs] 
280.944: Total time for which application threads were stopped: 0.0021240 seconds, Stopping threads took: 0.0000760 seconds
281.014: Application time: 0.0700090 seconds
281.014: [GC281.014: [ParNew: 303279K->1231K(339904K), 0.0015220 secs] 765137K->463090K(1095044K), 0.0015660 secs] [Times: user=0.01 sys=0.00, real=0.00 secs] 
281.016: Total time for which application threads were stopped: 0.0020480 seconds, Stopping threads took: 0.0000880 seconds
281.085: Application time: 0.0692390 seconds
281.085: [GC281.085: [ParNew: 303375K->1097K(339904K), 0.0014960 secs] 765234K->462971K(1095044K), 0.0015300 secs] [Times: user=0.01 sys=0.00, real=0.00 secs] 
281.087: Total time for which application threads were stopped: 0.0020000 seconds, Stopping threads took: 0.0000750 seconds
281.157: Application time: 0.0700700 seconds
281.157: [GC281.157: [ParNew: 303241K->1156K(339904K), 0.0017290 secs] 765115K->463030K(1095044K), 0.0017640 secs] [Times: user=0.01 sys=0.00, real=0.00 secs] 
281.159: Total time for which application threads were stopped: 0.0022290 seconds, Stopping threads took: 0.0000590 seconds
281.231: Application time: 0.0713570 seconds
281.231: [GC281.231: [ParNew: 303300K->1216K(339904K), 0.0016610 secs] 765174K->463098K(1095044K), 0.0016980 secs] [Times: user=0.01 sys=0.00, real=0.00 secs] 
281.233: Total time for which application threads were stopped: 0.0021320 seconds, Stopping threads took: 0.0000700 seconds
281.303: Application time: 0.0707620 seconds
281.304: [GC281.304: [ParNew: 303360K->1117K(339904K), 0.0015520 secs] 765242K->463000K(1095044K), 0.0015900 secs] [Times: user=0.01 sys=0.00, real=0.00 secs] 
281.305: Total time for which application threads were stopped: 0.0020440 seconds, Stopping threads took: 0.0000630 seconds
281.375: Application time: 0.0693510 seconds
281.375: [GC281.375: [ParNew: 303261K->1247K(339904K), 0.0014740 secs] 765144K->463146K(1095044K), 0.0015100 secs] [Times: user=0.01 sys=0.00, real=0.00 secs] 
281.377: Total time for which application threads were stopped: 0.0019740 seconds, Stopping threads took: 0.0000560 seconds
281.446: Application time: 0.0691040 seconds
281.446: [GC281.446: [ParNew: 303391K->1191K(339904K), 0.0014760 secs] 765290K->463090K(1095044K), 0.0015120 secs] [Times: user=0.01 sys=0.00, real=0.01 secs] 
281.448: Total time for which application threads were stopped: 0.0019950 seconds, Stopping threads took: 0.0000680 seconds
281.517: Application time: 0.0690190 seconds
281.517: [GC281.517: [ParNew: 303335K->1209K(339904K), 0.0017760 secs] 765234K->463107K(1095044K), 0.0018130 secs] [Times: user=0.01 sys=0.00, real=0.00 secs] 
281.519: Total time for which application threads were stopped: 0.0022790 seconds, Stopping threads took: 0.0000640 seconds
281.589: Application time: 0.0694950 seconds
281.589: [GC281.589: [ParNew: 303353K->1128K(339904K), 0.0015070 secs] 765251K->463026K(1095044K), 0.0015450 secs] [Times: user=0.01 sys=0.00, real=0.00 secs] 
281.591: Total time for which application threads were stopped: 0.0019990 seconds, Stopping threads took: 0.0000600 seconds
281.660: Application time: 0.0692970 seconds
281.661: [GC281.661: [ParNew: 303272K->1085K(339904K), 0.0016290 secs] 765170K->462999K(1095044K), 0.0016640 secs] [Times: user=0.01 sys=0.00, real=0.00 secs] 
281.662: Total time for which application threads were stopped: 0.0022260 seconds, Stopping threads took: 0.0001700 seconds
281.732: Application time: 0.0693950 seconds
281.732: [GC281.732: [ParNew: 303229K->1316K(339904K), 0.0016420 secs] 765143K->463247K(1095044K), 0.0016790 secs] [Times: user=0.01 sys=0.00, real=0.00 secs] 
281.734: Total time for which application threads were stopped: 0.0021260 seconds, Stopping threads took: 0.0000540 seconds
281.803: Application time: 0.0694530 seconds
281.804: [GC281.804: [ParNew: 303460K->1297K(339904K), 0.0016230 secs] 765391K->463227K(1095044K), 0.0016600 secs] [Times: user=0.01 sys=0.00, real=0.00 secs] 
281.805: Total time for which application threads were stopped: 0.0021000 seconds, Stopping threads took: 0.0000480 seconds
281.876: Application time: 0.0703280 seconds
281.876: [GC281.876: [ParNew: 303441K->1370K(339904K), 0.0016220 secs] 765371K->463300K(1095044K), 0.0016580 secs] [Times: user=0.01 sys=0.00, real=0.00 secs] 
281.878: Total time for which application threads were stopped: 0.0021030 seconds, Stopping threads took: 0.0000580 seconds
281.948: Application time: 0.0701590 seconds
281.948: [GC281.948: [ParNew: 303514K->1073K(339904K), 0.0014690 secs] 765444K->463003K(1095044K), 0.0015120 secs] [Times: user=0.01 sys=0.00, real=0.00 secs] 
281.950: Total time for which application threads were stopped: 0.0019820 seconds, Stopping threads took: 0.0000520 seconds
282.019: Application time: 0.0691110 seconds
282.019: [GC282.020: [ParNew: 303217K->1175K(339904K), 0.0014490 secs] 765147K->463114K(1095044K), 0.0014850 secs] [Times: user=0.01 sys=0.00, real=0.00 secs] 
282.021: Total time for which application threads were stopped: 0.0019500 seconds, Stopping threads took: 0.0000640 seconds
282.091: Application time: 0.0699720 seconds
282.091: [GC282.091: [ParNew: 303319K->1199K(339904K), 0.0016200 secs] 765258K->463146K(1095044K), 0.0016560 secs] [Times: user=0.01 sys=0.00, real=0.00 secs] 
282.093: Total time for which application threads were stopped: 0.0020900 seconds, Stopping threads took: 0.0000640 seconds
282.167: Application time: 0.0739830 seconds
282.167: [GC282.168: [ParNew: 303343K->1204K(339904K), 0.0015500 secs] 765290K->463166K(1095044K), 0.0015850 secs] [Times: user=0.01 sys=0.00, real=0.00 secs] 
282.169: Total time for which application threads were stopped: 0.0020420 seconds, Stopping threads took: 0.0000690 seconds
282.240: Application time: 0.0704810 seconds
282.240: [GC282.240: [ParNew: 303348K->1100K(339904K), 0.0015780 secs] 765310K->463062K(1095044K), 0.0016160 secs] [Times: user=0.01 sys=0.00, real=0.00 secs] 
282.242: Total time for which application threads were stopped: 0.0020820 seconds, Stopping threads took: 0.0000720 seconds
282.311: Application time: 0.0691090 seconds
282.311: [GC282.311: [ParNew: 303244K->1211K(339904K), 0.0014610 secs] 765206K->463189K(1095044K), 0.0015040 secs] [Times: user=0.02 sys=0.00, real=0.00 secs] 
282.313: Total time for which application threads were stopped: 0.0019510 seconds, Stopping threads took: 0.0000520 seconds
282.382: Application time: 0.0690760 seconds
282.382: [GC282.382: [ParNew: 303355K->1192K(339904K), 0.0016260 secs] 765333K->463186K(1095044K), 0.0016620 secs] [Times: user=0.01 sys=0.00, real=0.00 secs] 
282.384: Total time for which application threads were stopped: 0.0021080 seconds, Stopping threads took: 0.0000550 seconds
282.453: Application time: 0.0693560 seconds
282.454: [GC282.454: [ParNew: 303336K->1239K(339904K), 0.0015110 secs] 765330K->463233K(1095044K), 0.0015470 secs] [Times: user=0.01 sys=0.00, real=0.00 secs] 
282.455: Total time for which application threads were stopped: 0.0020300 seconds, Stopping threads took: 0.0000710 seconds
282.525: Application time: 0.0695100 seconds
282.525: [GC282.525: [ParNew: 303383K->1002K(339904K), 0.0015120 secs] 765377K->462996K(1095044K), 0.0015480 secs] [Times: user=0.01 sys=0.00, real=0.00 secs] 
282.527: Total time for which application threads were stopped: 0.0019950 seconds, Stopping threads took: 0.0000560 seconds
282.596: Application time: 0.0688680 seconds
282.596: [GC282.596: [ParNew: 303146K->1202K(339904K), 0.0014930 secs] 765140K->463212K(1095044K), 0.0015310 secs] [Times: user=0.01 sys=0.00, real=0.00 secs] 
282.598: Total time for which application threads were stopped: 0.0019890 seconds, Stopping threads took: 0.0000640 seconds
282.667: Application time: 0.0690630 seconds
282.667: [GC282.667: [ParNew: 303346K->1263K(339904K), 0.0015430 secs] 765356K->463281K(1095044K), 0.0015810 secs] [Times: user=0.01 sys=0.00, real=0.01 secs] 
282.669: Total time for which application threads were stopped: 0.0020300 seconds, Stopping threads took: 0.0000540 seconds
282.738: Application time: 0.0692670 seconds
282.738: [GC282.739: [ParNew: 303407K->1368K(339904K), 0.0015210 secs] 765425K->463386K(1095044K), 0.0015580 secs] [Times: user=0.01 sys=0.00, real=0.01 secs] 
282.740: Total time for which application threads were stopped: 0.0020130 seconds, Stopping threads took: 0.0000570 seconds
282.809: Application time: 0.0692420 seconds
282.810: [GC282.810: [ParNew: 303512K->1074K(339904K), 0.0016100 secs] 765530K->463092K(1095044K), 0.0016520 secs] [Times: user=0.01 sys=0.00, real=0.00 secs] 
282.811: Total time for which application threads were stopped: 0.0021080 seconds, Stopping threads took: 0.0000600 seconds
282.881: Application time: 0.0699980 seconds
282.882: [GC282.882: [ParNew: 303218K->1079K(339904K), 0.0015510 secs] 765236K->463097K(1095044K), 0.0015880 secs] [Times: user=0.01 sys=0.00, real=0.00 secs] 
282.883: Total time for which application threads were stopped: 0.0020440 seconds, Stopping threads took: 0.0000660 seconds
282.953: Application time: 0.0690920 seconds
282.953: [GC282.953: [ParNew: 303223K->1093K(339904K), 0.0016670 secs] 765241K->463119K(1095044K), 0.0017040 secs] [Times: user=0.01 sys=0.00, real=0.00 secs] 
282.955: Total time for which application threads were stopped: 0.0021890 seconds, Stopping threads took: 0.0000930 seconds
283.024: Application time: 0.0696250 seconds
283.025: [GC283.025: [ParNew: 303237K->1213K(339904K), 0.0014630 secs] 765263K->463247K(1095044K), 0.0014990 secs] [Times: user=0.01 sys=0.00, real=0.00 secs] 
283.026: Total time for which application threads were stopped: 0.0019790 seconds, Stopping threads took: 0.0000550 seconds
283.096: Application time: 0.0692730 seconds
283.096: [GC283.096: [ParNew: 303357K->1199K(339904K), 0.0014810 secs] 765391K->463234K(1095044K), 0.0015180 secs] [Times: user=0.01 sys=0.00, real=0.00 secs] 
283.098: Total time for which application threads were stopped: 0.0019670 seconds, Stopping threads took: 0.0000540 seconds
283.167: Application time: 0.0694230 seconds
283.167: [GC283.168: [ParNew: 303343K->1162K(339904K), 0.0015170 secs] 765378K->463196K(1095044K), 0.0015530 secs] [Times: user=0.01 sys=0.00, real=0.00 secs] 
283.169: Total time for which application threads were stopped: 0.0020170 seconds, Stopping threads took: 0.0000570 seconds
283.239: Application time: 0.0696220 seconds
283.239: [GC283.239: [ParNew: 303306K->1143K(339904K), 0.0015110 secs] 765340K->463177K(1095044K), 0.0015500 secs] [Times: user=0.01 sys=0.00, real=0.01 secs] 
283.241: Total time for which application threads were stopped: 0.0020040 seconds, Stopping threads took: 0.0000530 seconds
283.309: Application time: 0.0687760 seconds
283.310: [GC283.310: [ParNew: 303287K->1357K(339904K), 0.0014900 secs] 765321K->463407K(1095044K), 0.0015260 secs] [Times: user=0.01 sys=0.00, real=0.00 secs] 
283.311: Total time for which application threads were stopped: 0.0019850 seconds, Stopping threads took: 0.0000660 seconds
283.381: Application time: 0.0695210 seconds
283.381: [GC283.381: [ParNew: 303501K->1049K(339904K), 0.0017550 secs] 765551K->463100K(1095044K), 0.0017930 secs] [Times: user=0.01 sys=0.00, real=0.00 secs] 
283.383: Total time for which application threads were stopped: 0.0022600 seconds, Stopping threads took: 0.0000620 seconds
283.452: Application time: 0.0686360 seconds
283.452: [GC283.452: [ParNew: 303193K->1133K(339904K), 0.0015000 secs] 765244K->463183K(1095044K), 0.0015360 secs] [Times: user=0.01 sys=0.00, real=0.00 secs] 
283.454: Total time for which application threads were stopped: 0.0019940 seconds, Stopping threads took: 0.0000590 seconds
283.523: Application time: 0.0692470 seconds
283.524: [GC283.524: [ParNew: 303277K->1140K(339904K), 0.0015030 secs] 765327K->463191K(1095044K), 0.0015390 secs] [Times: user=0.01 sys=0.00, real=0.00 secs] 
283.525: Total time for which application threads were stopped: 0.0020210 seconds, Stopping threads took: 0.0000710 seconds
283.594: Application time: 0.0689550 seconds
283.595: [GC283.595: [ParNew: 303284K->1183K(339904K), 0.0016120 secs] 765335K->463250K(1095044K), 0.0016490 secs] [Times: user=0.01 sys=0.00, real=0.00 secs] 
283.596: Total time for which application threads were stopped: 0.0021330 seconds, Stopping threads took: 0.0000640 seconds
283.666: Application time: 0.0698080 seconds
283.666: [GC283.667: [ParNew: 303327K->1098K(339904K), 0.0016010 secs] 765394K->463164K(1095044K), 0.0016360 secs] [Times: user=0.01 sys=0.00, real=0.01 secs] 
283.668: Total time for which application threads were stopped: 0.0020950 seconds, Stopping threads took: 0.0000570 seconds
283.737: Application time: 0.0693050 seconds
283.738: [GC283.738: [ParNew: 303242K->1180K(339904K), 0.0015550 secs] 765308K->463246K(1095044K), 0.0015910 secs] [Times: user=0.01 sys=0.00, real=0.01 secs] 
283.740: Total time for which application threads were stopped: 0.0020670 seconds, Stopping threads took: 0.0000790 seconds
283.809: Application time: 0.0694000 seconds
283.809: [GC283.809: [ParNew: 303324K->1115K(339904K), 0.0016050 secs] 765390K->463189K(1095044K), 0.0016370 secs] [Times: user=0.01 sys=0.00, real=0.00 secs] 
283.811: Total time for which application threads were stopped: 0.0021110 seconds, Stopping threads took: 0.0000700 seconds
283.881: Application time: 0.0703340 seconds
283.882: [GC283.882: [ParNew: 303259K->1153K(339904K), 0.0016940 secs] 765333K->463235K(1095044K), 0.0017280 secs] [Times: user=0.01 sys=0.00, real=0.00 secs] 
283.884: Total time for which application threads were stopped: 0.0021990 seconds, Stopping threads took: 0.0000830 seconds
283.953: Application time: 0.0698630 seconds
283.954: [GC283.954: [ParNew: 303297K->1118K(339904K), 0.0015190 secs] 765379K->463208K(1095044K), 0.0015540 secs] [Times: user=0.01 sys=0.00, real=0.00 secs] 
283.956: Total time for which application threads were stopped: 0.0020580 seconds, Stopping threads took: 0.0001140 seconds
284.025: Application time: 0.0699060 seconds
284.026: [GC284.026: [ParNew: 303262K->1200K(339904K), 0.0015080 secs] 765352K->463290K(1095044K), 0.0015430 secs] [Times: user=0.01 sys=0.00, real=0.01 secs] 
284.027: Total time for which application threads were stopped: 0.0020080 seconds, Stopping threads took: 0.0000780 seconds
284.097: Application time: 0.0696580 seconds
284.098: [GC284.098: [ParNew: 303344K->1177K(339904K), 0.0015580 secs] 765434K->463268K(1095044K), 0.0015930 secs] [Times: user=0.01 sys=0.00, real=0.00 secs] 
284.099: Total time for which application threads were stopped: 0.0021270 seconds, Stopping threads took: 0.0001170 seconds
284.169: Application time: 0.0692890 seconds
284.169: [GC284.169: [ParNew: 303321K->1042K(339904K), 0.0015380 secs] 765412K->463133K(1095044K), 0.0015740 secs] [Times: user=0.01 sys=0.00, real=0.00 secs] 
284.171: Total time for which application threads were stopped: 0.0020280 seconds, Stopping threads took: 0.0000620 seconds
284.241: Application time: 0.0700400 seconds
284.241: [GC284.241: [ParNew: 303186K->1292K(339904K), 0.0015050 secs] 765277K->463391K(1095044K), 0.0015420 secs] [Times: user=0.01 sys=0.00, real=0.00 secs] 
284.243: Total time for which application threads were stopped: 0.0019860 seconds, Stopping threads took: 0.0000540 seconds
284.312: Application time: 0.0694450 seconds
284.312: [GC284.312: [ParNew: 303436K->1033K(339904K), 0.0015850 secs] 765535K->463139K(1095044K), 0.0016200 secs] [Times: user=0.01 sys=0.00, real=0.00 secs] 
284.314: Total time for which application threads were stopped: 0.0020800 seconds, Stopping threads took: 0.0000710 seconds
284.383: Application time: 0.0690370 seconds
284.384: [GC284.384: [ParNew: 303177K->1277K(339904K), 0.0015010 secs] 765283K->463383K(1095044K), 0.0015370 secs] [Times: user=0.01 sys=0.00, real=0.00 secs] 
284.385: Total time for which application threads were stopped: 0.0020150 seconds, Stopping threads took: 0.0000870 seconds
284.455: Application time: 0.0694200 seconds
284.455: [GC284.455: [ParNew: 303421K->1279K(339904K), 0.0015220 secs] 765527K->463402K(1095044K), 0.0015590 secs] [Times: user=0.01 sys=0.00, real=0.00 secs] 
284.457: Total time for which application threads were stopped: 0.0020350 seconds, Stopping threads took: 0.0000840 seconds
284.526: Application time: 0.0694570 seconds
284.527: [GC284.527: [ParNew: 303423K->1054K(339904K), 0.0017730 secs] 765546K->463176K(1095044K), 0.0018090 secs] [Times: user=0.01 sys=0.00, real=0.01 secs] 
284.528: Total time for which application threads were stopped: 0.0023110 seconds, Stopping threads took: 0.0001100 seconds
284.598: Application time: 0.0695370 seconds
284.598: [GC284.598: [ParNew: 303198K->1280K(339904K), 0.0014980 secs] 765320K->463410K(1095044K), 0.0015420 secs] [Times: user=0.01 sys=0.00, real=0.01 secs] 
284.600: Total time for which application threads were stopped: 0.0020240 seconds, Stopping threads took: 0.0000690 seconds
284.669: Application time: 0.0690960 seconds
284.670: [GC284.670: [ParNew: 303424K->1167K(339904K), 0.0015100 secs] 765554K->463297K(1095044K), 0.0015460 secs] [Times: user=0.01 sys=0.00, real=0.00 secs] 
284.671: Total time for which application threads were stopped: 0.0020160 seconds, Stopping threads took: 0.0000600 seconds
284.740: Application time: 0.0691230 seconds
284.741: [GC284.741: [ParNew: 303311K->1117K(339904K), 0.0015440 secs] 765441K->463264K(1095044K), 0.0015810 secs] [Times: user=0.01 sys=0.00, real=0.00 secs] 
284.742: Total time for which application threads were stopped: 0.0020280 seconds, Stopping threads took: 0.0000560 seconds
284.812: Application time: 0.0695600 seconds
284.812: [GC284.812: [ParNew: 303261K->1158K(339904K), 0.0015550 secs] 765408K->463312K(1095044K), 0.0015890 secs] [Times: user=0.01 sys=0.00, real=0.00 secs] 
284.814: Total time for which application threads were stopped: 0.0020890 seconds, Stopping threads took: 0.0001000 seconds
284.883: Application time: 0.0691570 seconds
284.884: [GC284.884: [ParNew: 303302K->1079K(339904K), 0.0014920 secs] 765456K->463233K(1095044K), 0.0015290 secs] [Times: user=0.01 sys=0.00, real=0.00 secs] 
284.885: Total time for which application threads were stopped: 0.0019970 seconds, Stopping threads took: 0.0000670 seconds
284.954: Application time: 0.0692170 seconds
284.955: [GC284.955: [ParNew: 303223K->1256K(339904K), 0.0015290 secs] 765377K->463418K(1095044K), 0.0015670 secs] [Times: user=0.01 sys=0.00, real=0.00 secs] 
284.956: Total time for which application threads were stopped: 0.0020240 seconds, Stopping threads took: 0.0000610 seconds
285.026: Application time: 0.0693090 seconds
285.026: [GC285.026: [ParNew: 303400K->1332K(339904K), 0.0015130 secs] 765562K->463494K(1095044K), 0.0015500 secs] [Times: user=0.01 sys=0.00, real=0.01 secs] 
285.028: Total time for which application threads were stopped: 0.0020060 seconds, Stopping threads took: 0.0000620 seconds
285.097: Application time: 0.0693780 seconds
285.097: [GC285.097: [ParNew: 303476K->1215K(339904K), 0.0015150 secs] 765638K->463377K(1095044K), 0.0015510 secs] [Times: user=0.01 sys=0.00, real=0.00 secs] 
285.099: Total time for which application threads were stopped: 0.0020000 seconds, Stopping threads took: 0.0000570 seconds
285.168: Application time: 0.0694180 seconds
285.169: [GC285.169: [ParNew: 303359K->1322K(339904K), 0.0016280 secs] 765521K->463493K(1095044K), 0.0016650 secs] [Times: user=0.01 sys=0.00, real=0.00 secs] 
285.171: Total time for which application threads were stopped: 0.0021400 seconds, Stopping threads took: 0.0000620 seconds
285.242: Application time: 0.0713830 seconds
285.242: [GC285.242: [ParNew: 303466K->1381K(339904K), 0.0015690 secs] 765637K->463567K(1095044K), 0.0016090 secs] [Times: user=0.01 sys=0.00, real=0.00 secs] 
285.244: Total time for which application threads were stopped: 0.0020600 seconds, Stopping threads took: 0.0000580 seconds
285.313: Application time: 0.0692640 seconds
285.314: [GC285.314: [ParNew: 303525K->1467K(339904K), 0.0014980 secs] 765711K->463654K(1095044K), 0.0015380 secs] [Times: user=0.01 sys=0.00, real=0.00 secs] 
285.315: Total time for which application threads were stopped: 0.0020110 seconds, Stopping threads took: 0.0000840 seconds
285.385: Application time: 0.0693010 seconds
285.385: [GC285.385: [ParNew: 303611K->1306K(339904K), 0.0015500 secs] 765798K->463508K(1095044K), 0.0015870 secs] [Times: user=0.01 sys=0.00, real=0.00 secs] 
285.387: Total time for which application threads were stopped: 0.0020600 seconds, Stopping threads took: 0.0000770 seconds
285.456: Application time: 0.0698300 seconds
285.457: [GC285.457: [ParNew: 303450K->1386K(339904K), 0.0015360 secs] 765652K->463588K(1095044K), 0.0015730 secs] [Times: user=0.02 sys=0.00, real=0.00 secs] 
285.459: Total time for which application threads were stopped: 0.0020460 seconds, Stopping threads took: 0.0000710 seconds
285.495: Application time: 0.0362000 seconds
285.495: Total time for which application threads were stopped: 0.0004320 seconds, Stopping threads took: 0.0000670 seconds
285.528: Application time: 0.0331100 seconds
285.529: [GC285.529: [ParNew: 303530K->1238K(339904K), 0.0015230 secs] 765732K->463448K(1095044K), 0.0015590 secs] [Times: user=0.01 sys=0.00, real=0.00 secs] 
285.530: Total time for which application threads were stopped: 0.0020190 seconds, Stopping threads took: 0.0000680 seconds
285.599: Application time: 0.0691310 seconds
285.600: [GC285.600: [ParNew: 303382K->1202K(339904K), 0.0014720 secs] 765592K->463421K(1095044K), 0.0015080 secs] [Times: user=0.01 sys=0.00, real=0.00 secs] 
285.601: Total time for which application threads were stopped: 0.0019880 seconds, Stopping threads took: 0.0000820 seconds
285.671: Application time: 0.0698560 seconds
285.672: [GC285.672: [ParNew: 303346K->1182K(339904K), 0.0015320 secs] 765565K->463408K(1095044K), 0.0015690 secs] [Times: user=0.01 sys=0.00, real=0.00 secs] 
285.673: Total time for which application threads were stopped: 0.0020460 seconds, Stopping threads took: 0.0000580 seconds
285.743: Application time: 0.0700800 seconds
285.744: [GC285.744: [ParNew: 303326K->1295K(339904K), 0.0016830 secs] 765552K->463537K(1095044K), 0.0017200 secs] [Times: user=0.01 sys=0.00, real=0.00 secs] 
285.746: Total time for which application threads were stopped: 0.0021380 seconds, Stopping threads took: 0.0000580 seconds
285.816: Application time: 0.0701870 seconds
285.816: [GC285.816: [ParNew: 303439K->1412K(339904K), 0.0016590 secs] 765681K->463654K(1095044K), 0.0016940 secs] [Times: user=0.01 sys=0.00, real=0.00 secs] 
285.818: Total time for which application threads were stopped: 0.0021390 seconds, Stopping threads took: 0.0000500 seconds
285.888: Application time: 0.0696430 seconds
285.888: [GC285.888: [ParNew: 303556K->1440K(339904K), 0.0015990 secs] 765798K->463698K(1095044K), 0.0016360 secs] [Times: user=0.01 sys=0.00, real=0.00 secs] 
285.890: Total time for which application threads were stopped: 0.0020750 seconds, Stopping threads took: 0.0000480 seconds
285.959: Application time: 0.0694070 seconds
285.959: [GC285.960: [ParNew: 303584K->1342K(339904K), 0.0015690 secs] 765842K->463600K(1095044K), 0.0016050 secs] [Times: user=0.01 sys=0.00, real=0.00 secs] 
285.961: Total time for which application threads were stopped: 0.0020620 seconds, Stopping threads took: 0.0000530 seconds
286.030: Application time: 0.0692440 seconds
286.031: [GC286.031: [ParNew: 303486K->1263K(339904K), 0.0015670 secs] 765744K->463521K(1095044K), 0.0016050 secs] [Times: user=0.01 sys=0.00, real=0.00 secs] 
286.032: Total time for which application threads were stopped: 0.0020780 seconds, Stopping threads took: 0.0000810 seconds
286.102: Application time: 0.0697690 seconds
286.103: [GC286.103: [ParNew: 303407K->1179K(339904K), 0.0015530 secs] 765665K->463437K(1095044K), 0.0015820 secs] [Times: user=0.01 sys=0.00, real=0.00 secs] 
286.104: Total time for which application threads were stopped: 0.0020290 seconds, Stopping threads took: 0.0000580 seconds
286.173: Application time: 0.0691800 seconds
286.174: [GC286.174: [ParNew: 303323K->1190K(339904K), 0.0014990 secs] 765581K->463464K(1095044K), 0.0015360 secs] [Times: user=0.01 sys=0.00, real=0.00 secs] 
286.175: Total time for which application threads were stopped: 0.0020050 seconds, Stopping threads took: 0.0000490 seconds
286.245: Application time: 0.0698250 seconds
286.246: [GC286.246: [ParNew: 303334K->1206K(339904K), 0.0016430 secs] 765608K->463488K(1095044K), 0.0016830 secs] [Times: user=0.01 sys=0.01, real=0.01 secs] 
286.247: Total time for which application threads were stopped: 0.0021370 seconds, Stopping threads took: 0.0000530 seconds
286.316: Application time: 0.0690070 seconds
286.317: [GC286.317: [ParNew: 303350K->1376K(339904K), 0.0015780 secs] 765632K->463778K(1095044K), 0.0016150 secs] [Times: user=0.01 sys=0.00, real=0.00 secs] 
286.318: Total time for which application threads were stopped: 0.0020700 seconds, Stopping threads took: 0.0000540 seconds
286.388: Application time: 0.0696220 seconds
286.389: [GC286.389: [ParNew: 303520K->1245K(339904K), 0.0016310 secs] 765922K->463648K(1095044K), 0.0016670 secs] [Times: user=0.01 sys=0.00, real=0.00 secs] 
286.390: Total time for which application threads were stopped: 0.0020860 seconds, Stopping threads took: 0.0000560 seconds
286.460: Application time: 0.0694630 seconds
286.460: [GC286.460: [ParNew: 303389K->1006K(339904K), 0.0014540 secs] 765792K->463408K(1095044K), 0.0014890 secs] [Times: user=0.01 sys=0.00, real=0.00 secs] 
286.462: Total time for which application threads were stopped: 0.0019810 seconds, Stopping threads took: 0.0000960 seconds
286.531: Application time: 0.0692640 seconds
286.531: [GC286.531: [ParNew: 303150K->1012K(339904K), 0.0014620 secs] 765552K->463431K(1095044K), 0.0014980 secs] [Times: user=0.01 sys=0.00, real=0.00 secs] 
286.533: Total time for which application threads were stopped: 0.0019480 seconds, Stopping threads took: 0.0000400 seconds
286.602: Application time: 0.0693510 seconds
286.603: [GC286.603: [ParNew: 303156K->1012K(339904K), 0.0014850 secs] 765575K->463439K(1095044K), 0.0015220 secs] [Times: user=0.01 sys=0.00, real=0.00 secs] 
286.604: Total time for which application threads were stopped: 0.0019770 seconds, Stopping threads took: 0.0000570 seconds
286.674: Application time: 0.0695230 seconds
286.674: [GC286.674: [ParNew: 303156K->1151K(339904K), 0.0016070 secs] 765583K->463593K(1095044K), 0.0016410 secs] [Times: user=0.01 sys=0.00, real=0.00 secs] 
286.676: Total time for which application threads were stopped: 0.0021050 seconds, Stopping threads took: 0.0000680 seconds
286.748: Application time: 0.0726530 seconds
286.749: [GC286.749: [ParNew: 303295K->1240K(339904K), 0.0015490 secs] 765737K->463683K(1095044K), 0.0015870 secs] [Times: user=0.01 sys=0.00, real=0.00 secs] 
286.751: Total time for which application threads were stopped: 0.0021330 seconds, Stopping threads took: 0.0001360 seconds
286.820: Application time: 0.0690900 seconds
286.820: [GC286.820: [ParNew: 303384K->1379K(339904K), 0.0015460 secs] 765827K->463821K(1095044K), 0.0015820 secs] [Times: user=0.01 sys=0.00, real=0.00 secs] 
286.822: Total time for which application threads were stopped: 0.0020530 seconds, Stopping threads took: 0.0000780 seconds
286.891: Application time: 0.0693680 seconds
286.892: [GC286.892: [ParNew: 303523K->1352K(339904K), 0.0015540 secs] 765965K->463810K(1095044K), 0.0015920 secs] [Times: user=0.01 sys=0.00, real=0.00 secs] 
286.893: Total time for which application threads were stopped: 0.0020580 seconds, Stopping threads took: 0.0000660 seconds
286.963: Application time: 0.0696270 seconds
286.963: [GC286.963: [ParNew: 303496K->1475K(339904K), 0.0015750 secs] 765954K->463934K(1095044K), 0.0016110 secs] [Times: user=0.01 sys=0.00, real=0.00 secs] 
286.965: Total time for which application threads were stopped: 0.0020750 seconds, Stopping threads took: 0.0000640 seconds
287.035: Application time: 0.0696800 seconds
287.035: [GC287.035: [ParNew: 303619K->1286K(339904K), 0.0015590 secs] 766078K->463744K(1095044K), 0.0015970 secs] [Times: user=0.01 sys=0.00, real=0.00 secs] 
287.037: Total time for which application threads were stopped: 0.0020460 seconds, Stopping threads took: 0.0000570 seconds
287.039: Application time: 0.0020330 seconds
287.039: Total time for which application threads were stopped: 0.0004460 seconds, Stopping threads took: 0.0000870 seconds
287.106: Application time: 0.0672250 seconds
287.107: [GC287.107: [ParNew: 303430K->1201K(339904K), 0.0015170 secs] 765888K->463667K(1095044K), 0.0015550 secs] [Times: user=0.01 sys=0.00, real=0.01 secs] 
287.108: Total time for which application threads were stopped: 0.0020070 seconds, Stopping threads took: 0.0000600 seconds
287.178: Application time: 0.0692450 seconds
287.178: [GC287.178: [ParNew: 303345K->1298K(339904K), 0.0015030 secs] 765811K->463780K(1095044K), 0.0015390 secs] [Times: user=0.01 sys=0.00, real=0.01 secs] 
287.180: Total time for which application threads were stopped: 0.0020030 seconds, Stopping threads took: 0.0000600 seconds
287.250: Application time: 0.0706080 seconds
287.251: [GC287.251: [ParNew: 303442K->1314K(339904K), 0.0014800 secs] 765924K->463804K(1095044K), 0.0015190 secs] [Times: user=0.01 sys=0.00, real=0.00 secs] 
287.252: Total time for which application threads were stopped: 0.0019850 seconds, Stopping threads took: 0.0000640 seconds
287.322: Application time: 0.0698030 seconds
287.322: [GC287.322: [ParNew: 303458K->1036K(339904K), 0.0015310 secs] 765948K->463527K(1095044K), 0.0015690 secs] [Times: user=0.02 sys=0.00, real=0.00 secs] 
287.324: Total time for which application threads were stopped: 0.0020150 seconds, Stopping threads took: 0.0000600 seconds
287.393: Application time: 0.0694470 seconds
287.394: [GC287.394: [ParNew: 303180K->1125K(339904K), 0.0014950 secs] 765671K->463616K(1095044K), 0.0015320 secs] [Times: user=0.01 sys=0.00, real=0.00 secs] 
287.395: Total time for which application threads were stopped: 0.0019940 seconds, Stopping threads took: 0.0000670 seconds
287.465: Application time: 0.0693600 seconds
287.465: [GC287.465: [ParNew: 303269K->1101K(339904K), 0.0015130 secs] 765760K->463600K(1095044K), 0.0015500 secs] [Times: user=0.01 sys=0.00, real=0.00 secs] 
287.467: Total time for which application threads were stopped: 0.0020020 seconds, Stopping threads took: 0.0000580 seconds
287.537: Application time: 0.0697010 seconds
287.537: [GC287.537: [ParNew: 303245K->1206K(339904K), 0.0016280 secs] 765744K->463720K(1095044K), 0.0016610 secs] [Times: user=0.01 sys=0.00, real=0.00 secs] 
287.539: Total time for which application threads were stopped: 0.0021300 seconds, Stopping threads took: 0.0000640 seconds
287.608: Application time: 0.0694520 seconds
287.609: [GC287.609: [ParNew: 303350K->1333K(339904K), 0.0015340 secs] 765864K->463847K(1095044K), 0.0015690 secs] [Times: user=0.01 sys=0.00, real=0.00 secs] 
287.610: Total time for which application threads were stopped: 0.0020190 seconds, Stopping threads took: 0.0000570 seconds
287.680: Application time: 0.0695370 seconds
287.680: [GC287.680: [ParNew: 303477K->1289K(339904K), 0.0016050 secs] 765991K->463804K(1095044K), 0.0016420 secs] [Times: user=0.01 sys=0.00, real=0.00 secs] 
287.682: Total time for which application threads were stopped: 0.0020990 seconds, Stopping threads took: 0.0000640 seconds
287.751: Application time: 0.0691840 seconds
287.751: [GC287.751: [ParNew: 303433K->1408K(339904K), 0.0015270 secs] 765948K->463923K(1095044K), 0.0015620 secs] [Times: user=0.01 sys=0.00, real=0.00 secs] 
287.753: Total time for which application threads were stopped: 0.0020400 seconds, Stopping threads took: 0.0000550 seconds
287.822: Application time: 0.0689480 seconds
287.822: [GC287.822: [ParNew: 303552K->1295K(339904K), 0.0017510 secs] 766067K->463937K(1095044K), 0.0017890 secs] [Times: user=0.01 sys=0.00, real=0.00 secs] 
287.824: Total time for which application threads were stopped: 0.0022500 seconds, Stopping threads took: 0.0000650 seconds
287.894: Application time: 0.0696430 seconds
287.894: [GC287.894: [ParNew: 303439K->1279K(339904K), 0.0016370 secs] 766081K->463922K(1095044K), 0.0016720 secs] [Times: user=0.01 sys=0.00, real=0.00 secs] 
287.896: Total time for which application threads were stopped: 0.0021410 seconds, Stopping threads took: 0.0000750 seconds
287.966: Application time: 0.0698200 seconds
287.966: [GC287.966: [ParNew: 303423K->1190K(339904K), 0.0015490 secs] 766066K->463832K(1095044K), 0.0015860 secs] [Times: user=0.01 sys=0.00, real=0.01 secs] 
287.968: Total time for which application threads were stopped: 0.0020570 seconds, Stopping threads took: 0.0000810 seconds
288.037: Application time: 0.0693680 seconds
288.038: [GC288.038: [ParNew: 303334K->1185K(339904K), 0.0015260 secs] 765976K->463827K(1095044K), 0.0015630 secs] [Times: user=0.01 sys=0.00, real=0.01 secs] 
288.039: Total time for which application threads were stopped: 0.0020120 seconds, Stopping threads took: 0.0000550 seconds
288.108: Application time: 0.0692130 seconds
288.109: [GC288.109: [ParNew: 303329K->1198K(339904K), 0.0014630 secs] 765971K->463849K(1095044K), 0.0015080 secs] [Times: user=0.01 sys=0.00, real=0.00 secs] 
288.110: Total time for which application threads were stopped: 0.0019540 seconds, Stopping threads took: 0.0000530 seconds
288.180: Application time: 0.0692910 seconds
288.180: [GC288.180: [ParNew: 303342K->1297K(339904K), 0.0015590 secs] 765993K->463955K(1095044K), 0.0015940 secs] [Times: user=0.01 sys=0.00, real=0.00 secs] 
288.182: Total time for which application threads were stopped: 0.0020490 seconds, Stopping threads took: 0.0000620 seconds
288.252: Application time: 0.0698210 seconds
288.252: [GC288.252: [ParNew: 303441K->1133K(339904K), 0.0015060 secs] 766099K->463791K(1095044K), 0.0015410 secs] [Times: user=0.01 sys=0.00, real=0.00 secs] 
288.254: Total time for which application threads were stopped: 0.0019970 seconds, Stopping threads took: 0.0000620 seconds
288.323: Application time: 0.0694080 seconds
288.324: [GC288.324: [ParNew: 303277K->1106K(339904K), 0.0015280 secs] 765935K->463772K(1095044K), 0.0015660 secs] [Times: user=0.01 sys=0.00, real=0.00 secs] 
288.325: Total time for which application threads were stopped: 0.0020790 seconds, Stopping threads took: 0.0000900 seconds
288.394: Application time: 0.0692830 seconds
288.395: [GC288.395: [ParNew: 303250K->1221K(339904K), 0.0014960 secs] 765916K->463904K(1095044K), 0.0015320 secs] [Times: user=0.01 sys=0.00, real=0.00 secs] 
288.396: Total time for which application threads were stopped: 0.0019970 seconds, Stopping threads took: 0.0000650 seconds
288.466: Application time: 0.0691860 seconds
288.466: [GC288.466: [ParNew: 303365K->1024K(339904K), 0.0014660 secs] 766048K->463715K(1095044K), 0.0015030 secs] [Times: user=0.01 sys=0.00, real=0.01 secs] 
288.468: Total time for which application threads were stopped: 0.0019540 seconds, Stopping threads took: 0.0000590 seconds
288.536: Application time: 0.0688340 seconds
288.537: [GC288.537: [ParNew: 303168K->1135K(339904K), 0.0014640 secs] 765859K->463826K(1095044K), 0.0014990 secs] [Times: user=0.01 sys=0.00, real=0.00 secs] 
288.538: Total time for which application threads were stopped: 0.0019410 seconds, Stopping threads took: 0.0000490 seconds
288.607: Application time: 0.0690590 seconds
288.608: [GC288.608: [ParNew: 303279K->1273K(339904K), 0.0015240 secs] 765970K->463963K(1095044K), 0.0015600 secs] [Times: user=0.02 sys=0.00, real=0.00 secs] 
288.609: Total time for which application threads were stopped: 0.0020190 seconds, Stopping threads took: 0.0000520 seconds
288.679: Application time: 0.0695060 seconds
288.679: [GC288.679: [ParNew: 303417K->1370K(339904K), 0.0015410 secs] 766107K->464061K(1095044K), 0.0015790 secs] [Times: user=0.01 sys=0.00, real=0.00 secs] 
288.681: Total time for which application threads were stopped: 0.0020430 seconds, Stopping threads took: 0.0000560 seconds
288.750: Application time: 0.0688780 seconds
288.750: [GC288.750: [ParNew: 303514K->1246K(339904K), 0.0015130 secs] 766205K->463937K(1095044K), 0.0015500 secs] [Times: user=0.01 sys=0.00, real=0.00 secs] 
288.752: Total time for which application threads were stopped: 0.0020110 seconds, Stopping threads took: 0.0000700 seconds
288.821: Application time: 0.0695680 seconds
288.822: [GC288.822: [ParNew: 303390K->1301K(339904K), 0.0015460 secs] 766081K->463999K(1095044K), 0.0015820 secs] [Times: user=0.01 sys=0.00, real=0.00 secs] 
288.823: Total time for which application threads were stopped: 0.0020330 seconds, Stopping threads took: 0.0000620 seconds
288.893: Application time: 0.0690780 seconds
288.893: [GC288.893: [ParNew: 303445K->1253K(339904K), 0.0015820 secs] 766143K->463952K(1095044K), 0.0016180 secs] [Times: user=0.01 sys=0.00, real=0.00 secs] 
288.895: Total time for which application threads were stopped: 0.0021100 seconds, Stopping threads took: 0.0000730 seconds
288.965: Application time: 0.0698440 seconds
288.965: [GC288.965: [ParNew: 303397K->1137K(339904K), 0.0015040 secs] 766096K->463835K(1095044K), 0.0015480 secs] [Times: user=0.01 sys=0.01, real=0.00 secs] 
288.967: Total time for which application threads were stopped: 0.0020050 seconds, Stopping threads took: 0.0000680 seconds
289.036: Application time: 0.0695420 seconds
289.036: [GC289.037: [ParNew: 303281K->1239K(339904K), 0.0014670 secs] 765979K->463946K(1095044K), 0.0015040 secs] [Times: user=0.01 sys=0.00, real=0.00 secs] 
289.038: Total time for which application threads were stopped: 0.0019360 seconds, Stopping threads took: 0.0000420 seconds
289.108: Application time: 0.0698470 seconds
289.108: [GC289.108: [ParNew: 303383K->1131K(339904K), 0.0016160 secs] 766090K->463845K(1095044K), 0.0016530 secs] [Times: user=0.01 sys=0.00, real=0.00 secs] 
289.110: Total time for which application threads were stopped: 0.0021050 seconds, Stopping threads took: 0.0000590 seconds
289.180: Application time: 0.0695640 seconds
289.180: [GC289.180: [ParNew: 303275K->1068K(339904K), 0.0017290 secs] 765989K->463782K(1095044K), 0.0017660 secs] [Times: user=0.01 sys=0.00, real=0.00 secs] 
289.182: Total time for which application threads were stopped: 0.0022180 seconds, Stopping threads took: 0.0000570 seconds
289.252: Application time: 0.0698800 seconds
289.252: [GC289.252: [ParNew: 303212K->1087K(339904K), 0.0014260 secs] 765926K->463809K(1095044K), 0.0014590 secs] [Times: user=0.01 sys=0.00, real=0.00 secs] 
289.254: Total time for which application threads were stopped: 0.0018950 seconds, Stopping threads took: 0.0000440 seconds
289.323: Application time: 0.0694180 seconds
289.323: [GC289.323: [ParNew: 303231K->989K(339904K), 0.0014790 secs] 765953K->463720K(1095044K), 0.0015160 secs] [Times: user=0.01 sys=0.00, real=0.00 secs] 
289.325: Total time for which application threads were stopped: 0.0019850 seconds, Stopping threads took: 0.0000710 seconds
289.394: Application time: 0.0691360 seconds
289.395: [GC289.395: [ParNew: 303133K->1045K(339904K), 0.0014500 secs] 765864K->463791K(1095044K), 0.0014890 secs] [Times: user=0.01 sys=0.00, real=0.00 secs] 
289.396: Total time for which application threads were stopped: 0.0020110 seconds, Stopping threads took: 0.0001070 seconds
289.465: Application time: 0.0689520 seconds
289.466: [GC289.466: [ParNew: 303189K->1234K(339904K), 0.0015690 secs] 765935K->463981K(1095044K), 0.0016040 secs] [Times: user=0.01 sys=0.01, real=0.00 secs] 
289.467: Total time for which application threads were stopped: 0.0020990 seconds, Stopping threads took: 0.0001020 seconds
289.539: Application time: 0.0714190 seconds
289.539: [GC289.539: [ParNew: 303378K->1305K(339904K), 0.0016090 secs] 766125K->464051K(1095044K), 0.0016490 secs] [Times: user=0.01 sys=0.00, real=0.01 secs] 
289.541: Total time for which application threads were stopped: 0.0021260 seconds, Stopping threads took: 0.0000840 seconds
289.610: Application time: 0.0691140 seconds
289.610: [GC289.610: [ParNew: 303449K->1334K(339904K), 0.0015260 secs] 766195K->464081K(1095044K), 0.0015620 secs] [Times: user=0.01 sys=0.00, real=0.00 secs] 
289.612: Total time for which application threads were stopped: 0.0020500 seconds, Stopping threads took: 0.0000890 seconds
289.681: Application time: 0.0695210 seconds
289.682: [GC289.682: [ParNew: 303478K->1540K(339904K), 0.0015420 secs] 766225K->464287K(1095044K), 0.0015710 secs] [Times: user=0.01 sys=0.00, real=0.00 secs] 
289.684: Total time for which application threads were stopped: 0.0021880 seconds, Stopping threads took: 0.0002270 seconds
289.753: Application time: 0.0694880 seconds
289.754: [GC289.754: [ParNew: 303684K->1175K(339904K), 0.0015140 secs] 766431K->463929K(1095044K), 0.0015520 secs] [Times: user=0.01 sys=0.00, real=0.00 secs] 
289.755: Total time for which application threads were stopped: 0.0020140 seconds, Stopping threads took: 0.0000690 seconds
289.824: Application time: 0.0689120 seconds
289.824: [GC289.824: [ParNew: 303319K->1352K(339904K), 0.0015330 secs] 766073K->464106K(1095044K), 0.0015700 secs] [Times: user=0.01 sys=0.00, real=0.00 secs] 
289.826: Total time for which application threads were stopped: 0.0020130 seconds, Stopping threads took: 0.0000510 seconds
289.896: Application time: 0.0696210 seconds
289.896: [GC289.896: [ParNew: 303496K->1368K(339904K), 0.0014960 secs] 766250K->464130K(1095044K), 0.0015400 secs] [Times: user=0.01 sys=0.00, real=0.00 secs] 
289.898: Total time for which application threads were stopped: 0.0020150 seconds, Stopping threads took: 0.0000530 seconds
289.967: Application time: 0.0697430 seconds
289.968: [GC289.968: [ParNew: 303512K->1229K(339904K), 0.0015180 secs] 766274K->463991K(1095044K), 0.0015550 secs] [Times: user=0.01 sys=0.00, real=0.00 secs] 
289.969: Total time for which application threads were stopped: 0.0020000 seconds, Stopping threads took: 0.0000540 seconds
290.039: Application time: 0.0692320 seconds
290.039: [GC290.039: [ParNew: 303373K->1179K(339904K), 0.0014810 secs] 766135K->463949K(1095044K), 0.0015190 secs] [Times: user=0.01 sys=0.00, real=0.01 secs] 
290.041: Total time for which application threads were stopped: 0.0019700 seconds, Stopping threads took: 0.0000620 seconds
290.110: Application time: 0.0690680 seconds
290.110: [GC290.110: [ParNew: 303323K->960K(339904K), 0.0014700 secs] 766093K->463731K(1095044K), 0.0015070 secs] [Times: user=0.01 sys=0.00, real=0.00 secs] 
290.112: Total time for which application threads were stopped: 0.0019670 seconds, Stopping threads took: 0.0000700 seconds
290.181: Application time: 0.0691190 seconds
290.181: [GC290.181: [ParNew: 303104K->1096K(339904K), 0.0014350 secs] 765875K->463875K(1095044K), 0.0014720 secs] [Times: user=0.01 sys=0.00, real=0.00 secs] 
290.183: Total time for which application threads were stopped: 0.0019220 seconds, Stopping threads took: 0.0000590 seconds
290.253: Application time: 0.0698940 seconds
290.253: [GC290.253: [ParNew: 303240K->1028K(339904K), 0.0014580 secs] 766019K->463815K(1095044K), 0.0014940 secs] [Times: user=0.01 sys=0.00, real=0.00 secs] 
290.255: Total time for which application threads were stopped: 0.0019760 seconds, Stopping threads took: 0.0000870 seconds
290.323: Application time: 0.0685630 seconds
290.324: [GC290.324: [ParNew: 303172K->1179K(339904K), 0.0014670 secs] 765959K->463965K(1095044K), 0.0015020 secs] [Times: user=0.01 sys=0.00, real=0.00 secs] 
290.325: Total time for which application threads were stopped: 0.0019650 seconds, Stopping threads took: 0.0000670 seconds
290.394: Application time: 0.0686320 seconds
290.394: [GC290.394: [ParNew: 303323K->1227K(339904K), 0.0014700 secs] 766109K->464030K(1095044K), 0.0015080 secs] [Times: user=0.01 sys=0.00, real=0.00 secs] 
290.396: Total time for which application threads were stopped: 0.0019640 seconds, Stopping threads took: 0.0000590 seconds
290.465: Application time: 0.0692190 seconds
290.465: [GC290.465: [ParNew: 303371K->1450K(339904K), 0.0015130 secs] 766174K->464253K(1095044K), 0.0015480 secs] [Times: user=0.01 sys=0.00, real=0.00 secs] 
290.467: Total time for which application threads were stopped: 0.0020070 seconds, Stopping threads took: 0.0000510 seconds
290.536: Application time: 0.0690520 seconds
290.536: [GC290.536: [ParNew: 303594K->1127K(339904K), 0.0015330 secs] 766397K->463929K(1095044K), 0.0015690 secs] [Times: user=0.01 sys=0.00, real=0.00 secs] 
290.538: Total time for which application threads were stopped: 0.0020180 seconds, Stopping threads took: 0.0000510 seconds
290.608: Application time: 0.0696930 seconds
290.608: [GC290.608: [ParNew: 303271K->1146K(339904K), 0.0016140 secs] 766073K->463948K(1095044K), 0.0016510 secs] [Times: user=0.01 sys=0.00, real=0.00 secs] 
290.610: Total time for which application threads were stopped: 0.0020960 seconds, Stopping threads took: 0.0000580 seconds
290.680: Application time: 0.0696880 seconds
290.680: [GC290.680: [ParNew: 303290K->1177K(339904K), 0.0014740 secs] 766092K->463980K(1095044K), 0.0015100 secs] [Times: user=0.01 sys=0.00, real=0.00 secs] 
290.681: Total time for which application threads were stopped: 0.0019470 seconds, Stopping threads took: 0.0000490 seconds
290.751: Application time: 0.0691800 seconds
290.751: [GC290.751: [ParNew: 303321K->1264K(339904K), 0.0017010 secs] 766124K->464082K(1095044K), 0.0017450 secs] [Times: user=0.01 sys=0.00, real=0.00 secs] 
290.753: Total time for which application threads were stopped: 0.0021950 seconds, Stopping threads took: 0.0000550 seconds
290.822: Application time: 0.0692760 seconds
290.823: [GC290.823: [ParNew: 303408K->1542K(339904K), 0.0015200 secs] 766226K->464376K(1095044K), 0.0015560 secs] [Times: user=0.01 sys=0.00, real=0.00 secs] 
290.824: Total time for which application threads were stopped: 0.0020200 seconds, Stopping threads took: 0.0000690 seconds
290.894: Application time: 0.0702570 seconds
290.895: [GC290.895: [ParNew: 303686K->865K(339904K), 0.0015420 secs] 766520K->463700K(1095044K), 0.0015800 secs] [Times: user=0.01 sys=0.00, real=0.00 secs] 
290.896: Total time for which application threads were stopped: 0.0020320 seconds, Stopping threads took: 0.0000670 seconds
290.966: Application time: 0.0692230 seconds
290.966: [GC290.966: [ParNew: 303009K->889K(339904K), 0.0014730 secs] 765844K->463732K(1095044K), 0.0015100 secs] [Times: user=0.01 sys=0.00, real=0.01 secs] 
290.968: Total time for which application threads were stopped: 0.0019700 seconds, Stopping threads took: 0.0000720 seconds
291.037: Application time: 0.0689090 seconds
291.037: [GC291.037: [ParNew: 303033K->959K(339904K), 0.0014390 secs] 765876K->463810K(1095044K), 0.0014750 secs] [Times: user=0.01 sys=0.00, real=0.00 secs] 
291.039: Total time for which application threads were stopped: 0.0019670 seconds, Stopping threads took: 0.0000700 seconds
291.108: Application time: 0.0691120 seconds
291.108: [GC291.108: [ParNew: 303103K->1108K(339904K), 0.0016050 secs] 765954K->463966K(1095044K), 0.0016400 secs] [Times: user=0.01 sys=0.00, real=0.00 secs] 
291.110: Total time for which application threads were stopped: 0.0020910 seconds, Stopping threads took: 0.0000530 seconds
291.179: Application time: 0.0691840 seconds
291.179: [GC291.179: [ParNew: 303252K->876K(339904K), 0.0017080 secs] 766110K->463750K(1095044K), 0.0017430 secs] [Times: user=0.01 sys=0.00, real=0.00 secs] 
291.181: Total time for which application threads were stopped: 0.0022100 seconds, Stopping threads took: 0.0000600 seconds
291.251: Application time: 0.0696030 seconds
291.251: [GC291.251: [ParNew: 303020K->1004K(339904K), 0.0016180 secs] 765894K->463878K(1095044K), 0.0016560 secs] [Times: user=0.01 sys=0.00, real=0.00 secs] 
291.253: Total time for which application threads were stopped: 0.0021260 seconds, Stopping threads took: 0.0000750 seconds
291.322: Application time: 0.0689550 seconds
291.322: [GC291.322: [ParNew: 303148K->1149K(339904K), 0.0014440 secs] 766022K->464031K(1095044K), 0.0014810 secs] [Times: user=0.01 sys=0.00, real=0.00 secs] 
291.324: Total time for which application threads were stopped: 0.0019340 seconds, Stopping threads took: 0.0000560 seconds
291.393: Application time: 0.0691770 seconds
291.393: [GC291.393: [ParNew: 303293K->1361K(339904K), 0.0015320 secs] 766175K->464243K(1095044K), 0.0015680 secs] [Times: user=0.01 sys=0.00, real=0.00 secs] 
291.395: Total time for which application threads were stopped: 0.0020180 seconds, Stopping threads took: 0.0000560 seconds
291.464: Application time: 0.0687730 seconds
291.464: [GC291.464: [ParNew: 303505K->1385K(339904K), 0.0015400 secs] 766387K->464267K(1095044K), 0.0015760 secs] [Times: user=0.01 sys=0.00, real=0.00 secs] 
291.466: Total time for which application threads were stopped: 0.0020240 seconds, Stopping threads took: 0.0000520 seconds
291.535: Application time: 0.0696940 seconds
291.536: [GC291.536: [ParNew: 303529K->1317K(339904K), 0.0015170 secs] 766411K->464200K(1095044K), 0.0015560 secs] [Times: user=0.01 sys=0.00, real=0.00 secs] 
291.537: Total time for which application threads were stopped: 0.0020000 seconds, Stopping threads took: 0.0000540 seconds
291.607: Application time: 0.0695010 seconds
291.607: [GC291.607: [ParNew: 303461K->1118K(339904K), 0.0015110 secs] 766344K->464000K(1095044K), 0.0015480 secs] [Times: user=0.02 sys=0.00, real=0.00 secs] 
291.609: Total time for which application threads were stopped: 0.0020310 seconds, Stopping threads took: 0.0000560 seconds
291.678: Application time: 0.0689940 seconds
291.678: [GC291.678: [ParNew: 303262K->1131K(339904K), 0.0016720 secs] 766144K->464029K(1095044K), 0.0017180 secs] [Times: user=0.00 sys=0.00, real=0.01 secs] 
291.680: Total time for which application threads were stopped: 0.0021690 seconds, Stopping threads took: 0.0000570 seconds
291.749: Application time: 0.0693140 seconds
291.750: [GC291.750: [ParNew: 303275K->1291K(339904K), 0.0017300 secs] 766173K->464197K(1095044K), 0.0017690 secs] [Times: user=0.01 sys=0.00, real=0.00 secs] 
291.752: Total time for which application threads were stopped: 0.0022100 seconds, Stopping threads took: 0.0000490 seconds
291.822: Application time: 0.0701940 seconds
291.822: [GC291.822: [ParNew: 303435K->1089K(339904K), 0.0015040 secs] 766341K->463996K(1095044K), 0.0015430 secs] [Times: user=0.01 sys=0.00, real=0.00 secs] 
291.824: Total time for which application threads were stopped: 0.0019900 seconds, Stopping threads took: 0.0000540 seconds
291.893: Application time: 0.0694370 seconds
291.894: [GC291.894: [ParNew: 303233K->1077K(339904K), 0.0014640 secs] 766140K->463984K(1095044K), 0.0014990 secs] [Times: user=0.01 sys=0.00, real=0.00 secs] 
291.895: Total time for which application threads were stopped: 0.0019410 seconds, Stopping threads took: 0.0000490 seconds
291.965: Application time: 0.0693140 seconds
291.965: [GC291.965: [ParNew: 303221K->1069K(339904K), 0.0014570 secs] 766128K->463983K(1095044K), 0.0014900 secs] [Times: user=0.01 sys=0.00, real=0.00 secs] 
291.967: Total time for which application threads were stopped: 0.0019520 seconds, Stopping threads took: 0.0000580 seconds
292.036: Application time: 0.0695400 seconds
292.037: [GC292.037: [ParNew: 303213K->939K(339904K), 0.0014490 secs] 766127K->463869K(1095044K), 0.0014850 secs] [Times: user=0.01 sys=0.00, real=0.00 secs] 
292.038: Total time for which application threads were stopped: 0.0019350 seconds, Stopping threads took: 0.0000560 seconds
292.108: Application time: 0.0696970 seconds
292.108: [GC292.108: [ParNew: 303083K->1122K(339904K), 0.0014500 secs] 766013K->464053K(1095044K), 0.0014850 secs] [Times: user=0.01 sys=0.00, real=0.00 secs] 
292.110: Total time for which application threads were stopped: 0.0019350 seconds, Stopping threads took: 0.0000490 seconds
292.179: Application time: 0.0691990 seconds
292.179: [GC292.179: [ParNew: 303266K->1213K(339904K), 0.0015310 secs] 766197K->464144K(1095044K), 0.0015680 secs] [Times: user=0.01 sys=0.00, real=0.00 secs] 
292.181: Total time for which application threads were stopped: 0.0020470 seconds, Stopping threads took: 0.0000570 seconds
292.251: Application time: 0.0696230 seconds
292.251: [GC292.251: [ParNew: 303357K->1279K(339904K), 0.0014700 secs] 766288K->464209K(1095044K), 0.0015060 secs] [Times: user=0.01 sys=0.00, real=0.00 secs] 
292.253: Total time for which application threads were stopped: 0.0019680 seconds, Stopping threads took: 0.0000600 seconds
292.321: Application time: 0.0683020 seconds
292.321: [GC292.321: [ParNew: 303423K->1443K(339904K), 0.0014880 secs] 766353K->464389K(1095044K), 0.0015250 secs] [Times: user=0.01 sys=0.00, real=0.00 secs] 
292.323: Total time for which application threads were stopped: 0.0019760 seconds, Stopping threads took: 0.0000580 seconds
292.392: Application time: 0.0688580 seconds
292.392: [GC292.392: [ParNew: 303587K->1177K(339904K), 0.0014840 secs] 766533K->464124K(1095044K), 0.0015210 secs] [Times: user=0.01 sys=0.00, real=0.00 secs] 
292.394: Total time for which application threads were stopped: 0.0019700 seconds, Stopping threads took: 0.0000470 seconds
292.463: Application time: 0.0696350 seconds
292.464: [GC292.464: [ParNew: 303321K->1359K(339904K), 0.0016010 secs] 766268K->464306K(1095044K), 0.0016360 secs] [Times: user=0.01 sys=0.00, real=0.00 secs] 
292.465: Total time for which application threads were stopped: 0.0020880 seconds, Stopping threads took: 0.0000570 seconds
292.534: Application time: 0.0691430 seconds
292.535: [GC292.535: [ParNew: 303503K->1162K(339904K), 0.0015190 secs] 766450K->464109K(1095044K), 0.0015640 secs] [Times: user=0.01 sys=0.00, real=0.00 secs] 
292.537: Total time for which application threads were stopped: 0.0020230 seconds, Stopping threads took: 0.0000630 seconds
292.605: Application time: 0.0688650 seconds
292.606: [GC292.606: [ParNew: 303306K->1349K(339904K), 0.0014910 secs] 766253K->464304K(1095044K), 0.0015280 secs] [Times: user=0.01 sys=0.00, real=0.01 secs] 
292.607: Total time for which application threads were stopped: 0.0019820 seconds, Stopping threads took: 0.0000550 seconds
292.677: Application time: 0.0693610 seconds
292.677: [GC292.677: [ParNew: 303493K->1295K(339904K), 0.0015190 secs] 766448K->464257K(1095044K), 0.0015560 secs] [Times: user=0.01 sys=0.00, real=0.00 secs] 
292.679: Total time for which application threads were stopped: 0.0020060 seconds, Stopping threads took: 0.0000550 seconds
292.748: Application time: 0.0695300 seconds
292.749: [GC292.749: [ParNew: 303439K->1199K(339904K), 0.0015160 secs] 766401K->464161K(1095044K), 0.0015500 secs] [Times: user=0.01 sys=0.00, real=0.00 secs] 
292.750: Total time for which application threads were stopped: 0.0020080 seconds, Stopping threads took: 0.0000530 seconds
292.820: Application time: 0.0697450 seconds
292.820: [GC292.820: [ParNew: 303343K->1044K(339904K), 0.0014440 secs] 766305K->464007K(1095044K), 0.0014780 secs] [Times: user=0.01 sys=0.00, real=0.00 secs] 
292.822: Total time for which application threads were stopped: 0.0019360 seconds, Stopping threads took: 0.0000590 seconds
292.891: Application time: 0.0690890 seconds
292.892: [GC292.892: [ParNew: 303188K->959K(339904K), 0.0013840 secs] 766151K->463930K(1095044K), 0.0014200 secs] [Times: user=0.01 sys=0.00, real=0.00 secs] 
292.893: Total time for which application threads were stopped: 0.0018870 seconds, Stopping threads took: 0.0000610 seconds
292.962: Application time: 0.0687350 seconds
292.962: [GC292.962: [ParNew: 303103K->1257K(339904K), 0.0016000 secs] 766074K->464243K(1095044K), 0.0016350 secs] [Times: user=0.01 sys=0.00, real=0.00 secs] 
292.964: Total time for which application threads were stopped: 0.0020840 seconds, Stopping threads took: 0.0000570 seconds
293.033: Application time: 0.0690310 seconds
293.033: [GC293.033: [ParNew: 303401K->1064K(339904K), 0.0014810 secs] 766387K->464050K(1095044K), 0.0015160 secs] [Times: user=0.01 sys=0.00, real=0.00 secs] 
293.035: Total time for which application threads were stopped: 0.0019720 seconds, Stopping threads took: 0.0000610 seconds
293.104: Application time: 0.0687770 seconds
293.104: [GC293.104: [ParNew: 303208K->1071K(339904K), 0.0014920 secs] 766194K->464057K(1095044K), 0.0015260 secs] [Times: user=0.01 sys=0.00, real=0.00 secs] 
293.106: Total time for which application threads were stopped: 0.0019770 seconds, Stopping threads took: 0.0000510 seconds
293.175: Application time: 0.0693750 seconds
293.175: [GC293.175: [ParNew: 303215K->1153K(339904K), 0.0015410 secs] 766201K->464139K(1095044K), 0.0015740 secs] [Times: user=0.01 sys=0.00, real=0.00 secs] 
293.177: Total time for which application threads were stopped: 0.0020330 seconds, Stopping threads took: 0.0000490 seconds
293.247: Application time: 0.0698140 seconds
293.247: [GC293.247: [ParNew: 303297K->1356K(339904K), 0.0015090 secs] 766283K->464359K(1095044K), 0.0015480 secs] [Times: user=0.01 sys=0.00, real=0.00 secs] 
293.249: Total time for which application threads were stopped: 0.0020130 seconds, Stopping threads took: 0.0000600 seconds
293.317: Application time: 0.0686400 seconds
293.318: [GC293.318: [ParNew: 303500K->1149K(339904K), 0.0016650 secs] 766503K->464152K(1095044K), 0.0017010 secs] [Times: user=0.01 sys=0.00, real=0.01 secs] 
293.320: Total time for which application threads were stopped: 0.0021790 seconds, Stopping threads took: 0.0000560 seconds
293.389: Application time: 0.0689330 seconds
293.389: [GC293.389: [ParNew: 303293K->1242K(339904K), 0.0015720 secs] 766296K->464244K(1095044K), 0.0016080 secs] [Times: user=0.01 sys=0.00, real=0.00 secs] 
293.391: Total time for which application threads were stopped: 0.0020670 seconds, Stopping threads took: 0.0000580 seconds
293.460: Application time: 0.0692090 seconds
293.460: [GC293.460: [ParNew: 303386K->1285K(339904K), 0.0014900 secs] 766388K->464287K(1095044K), 0.0015260 secs] [Times: user=0.01 sys=0.00, real=0.00 secs] 
293.462: Total time for which application threads were stopped: 0.0019750 seconds, Stopping threads took: 0.0000520 seconds
293.531: Application time: 0.0690370 seconds
293.531: [GC293.531: [ParNew: 303429K->1237K(339904K), 0.0017130 secs] 766431K->464247K(1095044K), 0.0017510 secs] [Times: user=0.01 sys=0.00, real=0.00 secs] 
293.533: Total time for which application threads were stopped: 0.0022160 seconds, Stopping threads took: 0.0000590 seconds
293.603: Application time: 0.0696790 seconds
293.603: [GC293.603: [ParNew: 303381K->1285K(339904K), 0.0016830 secs] 766391K->464304K(1095044K), 0.0017200 secs] [Times: user=0.01 sys=0.00, real=0.00 secs] 
293.605: Total time for which application threads were stopped: 0.0021700 seconds, Stopping threads took: 0.0000590 seconds
293.674: Application time: 0.0693500 seconds
293.675: [GC293.675: [ParNew: 303429K->1203K(339904K), 0.0014820 secs] 766448K->464221K(1095044K), 0.0015180 secs] [Times: user=0.01 sys=0.00, real=0.00 secs] 
293.676: Total time for which application threads were stopped: 0.0019640 seconds, Stopping threads took: 0.0000560 seconds
293.745: Application time: 0.0691220 seconds
293.746: [GC293.746: [ParNew: 303347K->1095K(339904K), 0.0016810 secs] 766365K->464122K(1095044K), 0.0017170 secs] [Times: user=0.01 sys=0.00, real=0.01 secs] 
293.748: Total time for which application threads were stopped: 0.0021730 seconds, Stopping threads took: 0.0000630 seconds
293.817: Application time: 0.0692050 seconds
293.817: [GC293.817: [ParNew: 303239K->1027K(339904K), 0.0014560 secs] 766266K->464062K(1095044K), 0.0014910 secs] [Times: user=0.01 sys=0.00, real=0.00 secs] 
293.819: Total time for which application threads were stopped: 0.0019310 seconds, Stopping threads took: 0.0000490 seconds
293.887: Application time: 0.0687920 seconds
293.888: [GC293.888: [ParNew: 303171K->1087K(339904K), 0.0014450 secs] 766206K->464138K(1095044K), 0.0014800 secs] [Times: user=0.01 sys=0.00, real=0.00 secs] 
293.889: Total time for which application threads were stopped: 0.0019500 seconds, Stopping threads took: 0.0000490 seconds
293.958: Application time: 0.0688940 seconds
293.959: [GC293.959: [ParNew: 303231K->1289K(339904K), 0.0014460 secs] 766282K->464339K(1095044K), 0.0014830 secs] [Times: user=0.01 sys=0.00, real=0.01 secs] 
293.960: Total time for which application threads were stopped: 0.0019430 seconds, Stopping threads took: 0.0000640 seconds
294.029: Application time: 0.0690400 seconds
294.030: [GC294.030: [ParNew: 303433K->1382K(339904K), 0.0015910 secs] 766483K->464433K(1095044K), 0.0016260 secs] [Times: user=0.01 sys=0.00, real=0.00 secs] 
294.031: Total time for which application threads were stopped: 0.0020850 seconds, Stopping threads took: 0.0000620 seconds
294.101: Application time: 0.0693610 seconds
294.101: [GC294.101: [ParNew: 303526K->987K(339904K), 0.0014890 secs] 766577K->464038K(1095044K), 0.0015240 secs] [Times: user=0.01 sys=0.00, real=0.00 secs] 
294.103: Total time for which application threads were stopped: 0.0019630 seconds, Stopping threads took: 0.0000490 seconds
294.171: Application time: 0.0687570 seconds
294.172: [GC294.172: [ParNew: 303131K->1291K(339904K), 0.0015060 secs] 766182K->464342K(1095044K), 0.0015410 secs] [Times: user=0.01 sys=0.00, real=0.00 secs] 
294.174: Total time for which application threads were stopped: 0.0019860 seconds, Stopping threads took: 0.0000500 seconds
294.243: Application time: 0.0698520 seconds
294.244: [GC294.244: [ParNew: 303435K->1248K(339904K), 0.0015330 secs] 766486K->464307K(1095044K), 0.0015700 secs] [Times: user=0.01 sys=0.00, real=0.00 secs] 
294.245: Total time for which application threads were stopped: 0.0020160 seconds, Stopping threads took: 0.0000450 seconds
294.315: Application time: 0.0691630 seconds
294.315: [GC294.315: [ParNew: 303392K->1189K(339904K), 0.0015480 secs] 766451K->464248K(1095044K), 0.0015920 secs] [Times: user=0.01 sys=0.00, real=0.00 secs] 
294.317: Total time for which application threads were stopped: 0.0020380 seconds, Stopping threads took: 0.0000580 seconds
294.386: Application time: 0.0692250 seconds
294.386: [GC294.386: [ParNew: 303333K->1435K(339904K), 0.0015120 secs] 766392K->464493K(1095044K), 0.0015490 secs] [Times: user=0.01 sys=0.00, real=0.01 secs] 
294.388: Total time for which application threads were stopped: 0.0020030 seconds, Stopping threads took: 0.0000630 seconds
294.458: Application time: 0.0700430 seconds
294.458: [GC294.458: [ParNew: 303579K->1061K(339904K), 0.0015500 secs] 766637K->464127K(1095044K), 0.0015880 secs] [Times: user=0.01 sys=0.00, real=0.01 secs] 
294.460: Total time for which application threads were stopped: 0.0020480 seconds, Stopping threads took: 0.0000510 seconds
294.529: Application time: 0.0692790 seconds
294.530: [GC294.530: [ParNew: 303205K->1167K(339904K), 0.0014800 secs] 766271K->464234K(1095044K), 0.0015160 secs] [Times: user=0.01 sys=0.00, real=0.00 secs] 
294.531: Total time for which application threads were stopped: 0.0019560 seconds, Stopping threads took: 0.0000450 seconds
294.600: Application time: 0.0693530 seconds
294.601: [GC294.601: [ParNew: 303311K->1074K(339904K), 0.0015250 secs] 766378K->464149K(1095044K), 0.0015590 secs] [Times: user=0.01 sys=0.00, real=0.00 secs] 
294.603: Total time for which application threads were stopped: 0.0020090 seconds, Stopping threads took: 0.0000570 seconds
294.672: Application time: 0.0692230 seconds
294.672: [GC294.672: [ParNew: 303218K->1154K(339904K), 0.0015110 secs] 766293K->464237K(1095044K), 0.0015450 secs] [Times: user=0.01 sys=0.00, real=0.00 secs] 
294.674: Total time for which application threads were stopped: 0.0020100 seconds, Stopping threads took: 0.0000660 seconds
294.743: Application time: 0.0694660 seconds
294.744: [GC294.744: [ParNew: 303298K->1088K(339904K), 0.0014470 secs] 766381K->464178K(1095044K), 0.0014840 secs] [Times: user=0.01 sys=0.00, real=0.00 secs] 
294.745: Total time for which application threads were stopped: 0.0019270 seconds, Stopping threads took: 0.0000500 seconds
294.814: Application time: 0.0692340 seconds
294.815: [GC294.815: [ParNew: 303232K->942K(339904K), 0.0014440 secs] 766322K->464041K(1095044K), 0.0014810 secs] [Times: user=0.01 sys=0.00, real=0.00 secs] 
294.816: Total time for which application threads were stopped: 0.0019420 seconds, Stopping threads took: 0.0000710 seconds
294.885: Application time: 0.0687840 seconds
294.886: [GC294.886: [ParNew: 303086K->1180K(339904K), 0.0014310 secs] 766185K->464286K(1095044K), 0.0014670 secs] [Times: user=0.01 sys=0.00, real=0.00 secs] 
294.887: Total time for which application threads were stopped: 0.0019570 seconds, Stopping threads took: 0.0000950 seconds
294.956: Application time: 0.0691460 seconds
294.957: [GC294.957: [ParNew: 303324K->1341K(339904K), 0.0014440 secs] 766430K->464448K(1095044K), 0.0014820 secs] [Times: user=0.01 sys=0.00, real=0.00 secs] 
294.958: Total time for which application threads were stopped: 0.0019310 seconds, Stopping threads took: 0.0000510 seconds
295.027: Application time: 0.0686450 seconds
295.027: [GC295.027: [ParNew: 303485K->1128K(339904K), 0.0017300 secs] 766592K->464234K(1095044K), 0.0017650 secs] [Times: user=0.01 sys=0.00, real=0.00 secs] 
295.029: Total time for which application threads were stopped: 0.0022730 seconds, Stopping threads took: 0.0000800 seconds
295.099: Application time: 0.0694200 seconds
295.099: [GC295.099: [ParNew: 303272K->1305K(339904K), 0.0015300 secs] 766378K->464411K(1095044K), 0.0015670 secs] [Times: user=0.01 sys=0.00, real=0.01 secs] 
295.101: Total time for which application threads were stopped: 0.0020320 seconds, Stopping threads took: 0.0000680 seconds
295.172: Application time: 0.0714250 seconds
295.172: [GC295.172: [ParNew: 303449K->1236K(339904K), 0.0015310 secs] 766555K->464351K(1095044K), 0.0015710 secs] [Times: user=0.01 sys=0.00, real=0.00 secs] 
295.174: Total time for which application threads were stopped: 0.0020280 seconds, Stopping threads took: 0.0000590 seconds
295.243: Application time: 0.0691720 seconds
295.244: [GC295.244: [ParNew: 303380K->1441K(339904K), 0.0016590 secs] 766495K->464555K(1095044K), 0.0016940 secs] [Times: user=0.01 sys=0.00, real=0.00 secs] 
295.245: Total time for which application threads were stopped: 0.0021560 seconds, Stopping threads took: 0.0000670 seconds
295.314: Application time: 0.0690980 seconds
295.315: [GC295.315: [ParNew: 303585K->1383K(339904K), 0.0016070 secs] 766699K->464497K(1095044K), 0.0016450 secs] [Times: user=0.01 sys=0.00, real=0.00 secs] 
295.317: Total time for which application threads were stopped: 0.0020860 seconds, Stopping threads took: 0.0000490 seconds
295.387: Application time: 0.0700140 seconds
295.387: [GC295.387: [ParNew: 303527K->1281K(339904K), 0.0016370 secs] 766641K->464404K(1095044K), 0.0016700 secs] [Times: user=0.01 sys=0.00, real=0.01 secs] 
295.389: Total time for which application threads were stopped: 0.0021270 seconds, Stopping threads took: 0.0000600 seconds
295.393: Application time: 0.0041020 seconds
295.393: Total time for which application threads were stopped: 0.0004180 seconds, Stopping threads took: 0.0000590 seconds
295.458: Application time: 0.0650680 seconds
295.459: [GC295.459: [ParNew: 303425K->1159K(339904K), 0.0014480 secs] 766548K->464281K(1095044K), 0.0014850 secs] [Times: user=0.01 sys=0.00, real=0.01 secs] 
295.460: Total time for which application threads were stopped: 0.0019370 seconds, Stopping threads took: 0.0000590 seconds
295.529: Application time: 0.0690170 seconds
295.530: [GC295.530: [ParNew: 303303K->1092K(339904K), 0.0014750 secs] 766425K->464222K(1095044K), 0.0015090 secs] [Times: user=0.01 sys=0.00, real=0.00 secs] 
295.531: Total time for which application threads were stopped: 0.0019990 seconds, Stopping threads took: 0.0000620 seconds
295.601: Application time: 0.0697040 seconds
295.601: [GC295.601: [ParNew: 303236K->1319K(339904K), 0.0016330 secs] 766366K->464458K(1095044K), 0.0016660 secs] [Times: user=0.01 sys=0.00, real=0.00 secs] 
295.603: Total time for which application threads were stopped: 0.0021220 seconds, Stopping threads took: 0.0000590 seconds
295.673: Application time: 0.0700910 seconds
295.674: [GC295.674: [ParNew: 303463K->1128K(339904K), 0.0016110 secs] 766602K->464275K(1095044K), 0.0016480 secs] [Times: user=0.01 sys=0.00, real=0.00 secs] 
295.675: Total time for which application threads were stopped: 0.0020840 seconds, Stopping threads took: 0.0000610 seconds
295.745: Application time: 0.0693960 seconds
295.745: [GC295.745: [ParNew: 303272K->1126K(339904K), 0.0015150 secs] 766419K->464272K(1095044K), 0.0015510 secs] [Times: user=0.01 sys=0.00, real=0.00 secs] 
295.747: Total time for which application threads were stopped: 0.0019660 seconds, Stopping threads took: 0.0000520 seconds
295.815: Application time: 0.0688010 seconds
295.816: [GC295.816: [ParNew: 303270K->1169K(339904K), 0.0014740 secs] 766416K->464323K(1095044K), 0.0015090 secs] [Times: user=0.01 sys=0.00, real=0.00 secs] 
295.817: Total time for which application threads were stopped: 0.0019590 seconds, Stopping threads took: 0.0000530 seconds
295.887: Application time: 0.0691600 seconds
295.887: [GC295.887: [ParNew: 303313K->1183K(339904K), 0.0014790 secs] 766467K->464337K(1095044K), 0.0015160 secs] [Times: user=0.01 sys=0.00, real=0.01 secs] 
295.889: Total time for which application threads were stopped: 0.0019700 seconds, Stopping threads took: 0.0000550 seconds
295.957: Application time: 0.0686560 seconds
295.958: [GC295.958: [ParNew: 303327K->1332K(339904K), 0.0015130 secs] 766481K->464487K(1095044K), 0.0015490 secs] [Times: user=0.01 sys=0.00, real=0.00 secs] 
295.959: Total time for which application threads were stopped: 0.0020070 seconds, Stopping threads took: 0.0000580 seconds
296.028: Application time: 0.0692120 seconds
296.029: [GC296.029: [ParNew: 303476K->1319K(339904K), 0.0015470 secs] 766631K->464474K(1095044K), 0.0015840 secs] [Times: user=0.01 sys=0.00, real=0.00 secs] 
296.030: Total time for which application threads were stopped: 0.0020450 seconds, Stopping threads took: 0.0000530 seconds
296.100: Application time: 0.0700290 seconds
296.101: [GC296.101: [ParNew: 303463K->1212K(339904K), 0.0015230 secs] 766618K->464367K(1095044K), 0.0015580 secs] [Times: user=0.02 sys=0.00, real=0.00 secs] 
296.103: Total time for which application threads were stopped: 0.0020420 seconds, Stopping threads took: 0.0000660 seconds
296.171: Application time: 0.0687780 seconds
296.172: [GC296.172: [ParNew: 303356K->1279K(339904K), 0.0014580 secs] 766511K->464441K(1095044K), 0.0014940 secs] [Times: user=0.01 sys=0.00, real=0.00 secs] 
296.173: Total time for which application threads were stopped: 0.0019400 seconds, Stopping threads took: 0.0000470 seconds
296.243: Application time: 0.0693570 seconds
296.243: [GC296.243: [ParNew: 303423K->1230K(339904K), 0.0014930 secs] 766585K->464504K(1095044K), 0.0015310 secs] [Times: user=0.01 sys=0.00, real=0.00 secs] 
296.245: Total time for which application threads were stopped: 0.0019890 seconds, Stopping threads took: 0.0000560 seconds
296.314: Application time: 0.0696380 seconds
296.315: [GC296.315: [ParNew: 303374K->1391K(339904K), 0.0016070 secs] 766648K->464665K(1095044K), 0.0016430 secs] [Times: user=0.01 sys=0.00, real=0.00 secs] 
296.316: Total time for which application threads were stopped: 0.0020920 seconds, Stopping threads took: 0.0000560 seconds
296.388: Application time: 0.0712640 seconds
296.388: [GC296.388: [ParNew: 303535K->1010K(339904K), 0.0015860 secs] 766809K->464284K(1095044K), 0.0016210 secs] [Times: user=0.01 sys=0.00, real=0.00 secs] 
296.390: Total time for which application threads were stopped: 0.0020740 seconds, Stopping threads took: 0.0000710 seconds
296.459: Application time: 0.0691900 seconds
296.467: [GC296.467: [ParNew: 303154K->983K(339904K), 0.0014680 secs] 766428K->464266K(1095044K), 0.0015040 secs] [Times: user=0.01 sys=0.00, real=0.00 secs] 
296.469: Total time for which application threads were stopped: 0.0099070 seconds, Stopping threads took: 0.0079970 seconds
296.538: Application time: 0.0696560 seconds
296.539: [GC296.539: [ParNew: 303127K->1062K(339904K), 0.0015400 secs] 766410K->464361K(1095044K), 0.0015760 secs] [Times: user=0.01 sys=0.00, real=0.01 secs] 
296.541: Total time for which application threads were stopped: 0.0020750 seconds, Stopping threads took: 0.0001030 seconds
296.610: Application time: 0.0697650 seconds
296.611: [GC296.611: [ParNew: 303206K->1360K(339904K), 0.0015400 secs] 766505K->464659K(1095044K), 0.0015740 secs] [Times: user=0.01 sys=0.00, real=0.00 secs] 
296.612: Total time for which application threads were stopped: 0.0020630 seconds, Stopping threads took: 0.0000670 seconds
296.682: Application time: 0.0699510 seconds
296.683: [GC296.683: [ParNew: 303504K->1051K(339904K), 0.0015390 secs] 766803K->464349K(1095044K), 0.0015750 secs] [Times: user=0.01 sys=0.00, real=0.00 secs] 
296.684: Total time for which application threads were stopped: 0.0020620 seconds, Stopping threads took: 0.0000970 seconds
296.753: Application time: 0.0688080 seconds
296.754: [GC296.754: [ParNew: 303195K->1169K(339904K), 0.0014840 secs] 766493K->464483K(1095044K), 0.0015220 secs] [Times: user=0.01 sys=0.00, real=0.00 secs] 
296.755: Total time for which application threads were stopped: 0.0019840 seconds, Stopping threads took: 0.0000680 seconds
296.824: Application time: 0.0688960 seconds
296.825: [GC296.825: [ParNew: 303313K->1340K(339904K), 0.0014680 secs] 766627K->464655K(1095044K), 0.0015050 secs] [Times: user=0.01 sys=0.00, real=0.00 secs] 
296.826: Total time for which application threads were stopped: 0.0019650 seconds, Stopping threads took: 0.0000630 seconds
296.895: Application time: 0.0689470 seconds
296.895: [GC296.895: [ParNew: 303484K->1364K(339904K), 0.0016730 secs] 766799K->464679K(1095044K), 0.0017100 secs] [Times: user=0.01 sys=0.00, real=0.00 secs] 
296.897: Total time for which application threads were stopped: 0.0021760 seconds, Stopping threads took: 0.0000580 seconds
296.966: Application time: 0.0692720 seconds
296.967: [GC296.967: [ParNew: 303508K->1018K(339904K), 0.0015980 secs] 766823K->464332K(1095044K), 0.0016390 secs] [Times: user=0.01 sys=0.00, real=0.01 secs] 
296.969: Total time for which application threads were stopped: 0.0020770 seconds, Stopping threads took: 0.0000470 seconds
297.038: Application time: 0.0692430 seconds
297.038: [GC297.038: [ParNew: 303162K->1162K(339904K), 0.0014350 secs] 766476K->464477K(1095044K), 0.0014730 secs] [Times: user=0.01 sys=0.00, real=0.01 secs] 
297.040: Total time for which application threads were stopped: 0.0019120 seconds, Stopping threads took: 0.0000480 seconds
297.108: Application time: 0.0685470 seconds
297.109: [GC297.109: [ParNew: 303306K->1185K(339904K), 0.0015790 secs] 766621K->464507K(1095044K), 0.0016140 secs] [Times: user=0.01 sys=0.00, real=0.00 secs] 
297.110: Total time for which application threads were stopped: 0.0020620 seconds, Stopping threads took: 0.0000530 seconds
297.179: Application time: 0.0687840 seconds
297.180: [GC297.180: [ParNew: 303329K->1264K(339904K), 0.0014960 secs] 766651K->464602K(1095044K), 0.0015330 secs] [Times: user=0.01 sys=0.00, real=0.00 secs] 
297.181: Total time for which application threads were stopped: 0.0020200 seconds, Stopping threads took: 0.0000520 seconds
297.251: Application time: 0.0696920 seconds
297.251: [GC297.251: [ParNew: 303408K->1151K(339904K), 0.0016710 secs] 766746K->464490K(1095044K), 0.0017060 secs] [Times: user=0.01 sys=0.00, real=0.00 secs] 
297.253: Total time for which application threads were stopped: 0.0021540 seconds, Stopping threads took: 0.0000500 seconds
297.324: Application time: 0.0711410 seconds
297.325: [GC297.325: [ParNew: 303295K->1149K(339904K), 0.0014800 secs] 766634K->464488K(1095044K), 0.0015190 secs] [Times: user=0.01 sys=0.00, real=0.00 secs] 
297.326: Total time for which application threads were stopped: 0.0019480 seconds, Stopping threads took: 0.0000640 seconds
297.395: Application time: 0.0693090 seconds
297.396: [GC297.396: [ParNew: 303293K->1178K(339904K), 0.0014670 secs] 766632K->464524K(1095044K), 0.0015020 secs] [Times: user=0.01 sys=0.00, real=0.00 secs] 
297.397: Total time for which application threads were stopped: 0.0019620 seconds, Stopping threads took: 0.0000690 seconds
297.466: Application time: 0.0691730 seconds
297.467: [GC297.467: [ParNew: 303322K->1265K(339904K), 0.0014580 secs] 766668K->464620K(1095044K), 0.0014940 secs] [Times: user=0.01 sys=0.00, real=0.01 secs] 
297.468: Total time for which application threads were stopped: 0.0019460 seconds, Stopping threads took: 0.0000550 seconds
297.538: Application time: 0.0694800 seconds
297.538: [GC297.538: [ParNew: 303409K->1264K(339904K), 0.0017700 secs] 766764K->464618K(1095044K), 0.0018070 secs] [Times: user=0.01 sys=0.00, real=0.01 secs] 
297.540: Total time for which application threads were stopped: 0.0022230 seconds, Stopping threads took: 0.0000580 seconds
297.610: Application time: 0.0697350 seconds
297.610: [GC297.610: [ParNew: 303408K->1231K(339904K), 0.0015090 secs] 766762K->464585K(1095044K), 0.0015460 secs] [Times: user=0.01 sys=0.00, real=0.00 secs] 
297.612: Total time for which application threads were stopped: 0.0020120 seconds, Stopping threads took: 0.0000710 seconds
297.627: Application time: 0.0146350 seconds
297.627: Total time for which application threads were stopped: 0.0004110 seconds, Stopping threads took: 0.0000540 seconds
297.681: Application time: 0.0541580 seconds
297.682: [GC297.682: [ParNew: 303375K->1245K(339904K), 0.0015070 secs] 766729K->464599K(1095044K), 0.0015440 secs] [Times: user=0.01 sys=0.00, real=0.00 secs] 
297.683: Total time for which application threads were stopped: 0.0020010 seconds, Stopping threads took: 0.0000450 seconds
297.752: Application time: 0.0684830 seconds
297.752: [GC297.752: [ParNew: 303389K->1183K(339904K), 0.0014830 secs] 766743K->464545K(1095044K), 0.0015190 secs] [Times: user=0.01 sys=0.00, real=0.00 secs] 
297.754: Total time for which application threads were stopped: 0.0019670 seconds, Stopping threads took: 0.0000500 seconds
297.823: Application time: 0.0693840 seconds
297.823: [GC297.823: [ParNew: 303327K->1418K(339904K), 0.0016260 secs] 766689K->464781K(1095044K), 0.0016700 secs] [Times: user=0.01 sys=0.00, real=0.00 secs] 
297.825: Total time for which application threads were stopped: 0.0021280 seconds, Stopping threads took: 0.0000530 seconds
297.895: Application time: 0.0695800 seconds
297.895: [GC297.895: [ParNew: 303562K->1322K(339904K), 0.0015190 secs] 766925K->464684K(1095044K), 0.0015580 secs] [Times: user=0.01 sys=0.00, real=0.00 secs] 
297.897: Total time for which application threads were stopped: 0.0020240 seconds, Stopping threads took: 0.0000670 seconds
297.966: Application time: 0.0690660 seconds
297.966: [GC297.966: [ParNew: 303466K->1398K(339904K), 0.0016170 secs] 766828K->464761K(1095044K), 0.0016530 secs] [Times: user=0.01 sys=0.00, real=0.01 secs] 
297.968: Total time for which application threads were stopped: 0.0020970 seconds, Stopping threads took: 0.0000480 seconds
298.037: Application time: 0.0690390 seconds
298.037: [GC298.037: [ParNew: 303542K->1402K(339904K), 0.0014870 secs] 766905K->464781K(1095044K), 0.0015220 secs] [Times: user=0.01 sys=0.00, real=0.00 secs] 
298.039: Total time for which application threads were stopped: 0.0019750 seconds, Stopping threads took: 0.0000570 seconds
298.108: Application time: 0.0695060 seconds
298.109: [GC298.109: [ParNew: 303546K->1439K(339904K), 0.0015060 secs] 766925K->464818K(1095044K), 0.0015440 secs] [Times: user=0.01 sys=0.00, real=0.00 secs] 
298.110: Total time for which application threads were stopped: 0.0019870 seconds, Stopping threads took: 0.0000460 seconds
298.179: Application time: 0.0690070 seconds
298.180: [GC298.180: [ParNew: 303583K->1230K(339904K), 0.0014630 secs] 766962K->464609K(1095044K), 0.0014980 secs] [Times: user=0.02 sys=0.00, real=0.00 secs] 
298.181: Total time for which application threads were stopped: 0.0019470 seconds, Stopping threads took: 0.0000430 seconds
298.251: Application time: 0.0700390 seconds
298.252: [GC298.252: [ParNew: 303374K->1227K(339904K), 0.0015920 secs] 766753K->464606K(1095044K), 0.0016280 secs] [Times: user=0.01 sys=0.00, real=0.00 secs] 
298.254: Total time for which application threads were stopped: 0.0021140 seconds, Stopping threads took: 0.0000630 seconds
298.323: Application time: 0.0693120 seconds
298.323: [GC298.323: [ParNew: 303371K->1175K(339904K), 0.0014540 secs] 766750K->464561K(1095044K), 0.0014910 secs] [Times: user=0.01 sys=0.00, real=0.00 secs] 
298.325: Total time for which application threads were stopped: 0.0019490 seconds, Stopping threads took: 0.0000580 seconds
298.393: Application time: 0.0686720 seconds
298.394: [GC298.394: [ParNew: 303319K->1207K(339904K), 0.0017060 secs] 766705K->464706K(1095044K), 0.0017420 secs] [Times: user=0.01 sys=0.00, real=0.00 secs] 
298.396: Total time for which application threads were stopped: 0.0022040 seconds, Stopping threads took: 0.0000680 seconds
298.465: Application time: 0.0691520 seconds
298.465: [GC298.465: [ParNew: 303351K->1146K(339904K), 0.0015490 secs] 766850K->464645K(1095044K), 0.0015850 secs] [Times: user=0.01 sys=0.00, real=0.00 secs] 
298.467: Total time for which application threads were stopped: 0.0020330 seconds, Stopping threads took: 0.0000510 seconds
298.536: Application time: 0.0690720 seconds
298.536: [GC298.536: [ParNew: 303290K->1144K(339904K), 0.0015090 secs] 766789K->464642K(1095044K), 0.0015460 secs] [Times: user=0.01 sys=0.00, real=0.00 secs] 
298.538: Total time for which application threads were stopped: 0.0020010 seconds, Stopping threads took: 0.0000550 seconds
298.607: Application time: 0.0690970 seconds
298.607: [GC298.608: [ParNew: 303288K->1204K(339904K), 0.0014880 secs] 766786K->464702K(1095044K), 0.0015250 secs] [Times: user=0.01 sys=0.00, real=0.00 secs] 
298.609: Total time for which application threads were stopped: 0.0019870 seconds, Stopping threads took: 0.0000490 seconds
298.678: Application time: 0.0687130 seconds
298.678: [GC298.678: [ParNew: 303348K->1195K(339904K), 0.0014660 secs] 766846K->464702K(1095044K), 0.0015010 secs] [Times: user=0.01 sys=0.00, real=0.01 secs] 
298.680: Total time for which application threads were stopped: 0.0019570 seconds, Stopping threads took: 0.0000610 seconds
298.748: Application time: 0.0686970 seconds
298.749: [GC298.749: [ParNew: 303339K->1340K(339904K), 0.0014950 secs] 766846K->464854K(1095044K), 0.0015300 secs] [Times: user=0.02 sys=0.00, real=0.00 secs] 
298.750: Total time for which application threads were stopped: 0.0019780 seconds, Stopping threads took: 0.0000570 seconds
298.820: Application time: 0.0696880 seconds
298.821: [GC298.821: [ParNew: 303484K->1280K(339904K), 0.0015220 secs] 766998K->464795K(1095044K), 0.0015600 secs] [Times: user=0.01 sys=0.00, real=0.00 secs] 
298.822: Total time for which application threads were stopped: 0.0020460 seconds, Stopping threads took: 0.0000710 seconds
298.891: Application time: 0.0689590 seconds
298.892: [GC298.892: [ParNew: 303424K->1194K(339904K), 0.0014640 secs] 766939K->464708K(1095044K), 0.0014990 secs] [Times: user=0.01 sys=0.00, real=0.00 secs] 
298.893: Total time for which application threads were stopped: 0.0019590 seconds, Stopping threads took: 0.0000580 seconds
298.962: Application time: 0.0690840 seconds
298.963: [GC298.963: [ParNew: 303338K->1230K(339904K), 0.0015250 secs] 766852K->464753K(1095044K), 0.0015630 secs] [Times: user=0.02 sys=0.00, real=0.00 secs] 
298.964: Total time for which application threads were stopped: 0.0020190 seconds, Stopping threads took: 0.0000590 seconds
299.033: Application time: 0.0691680 seconds
299.034: [GC299.034: [ParNew: 303374K->1164K(339904K), 0.0014780 secs] 766897K->464703K(1095044K), 0.0015140 secs] [Times: user=0.01 sys=0.00, real=0.00 secs] 
299.035: Total time for which application threads were stopped: 0.0019700 seconds, Stopping threads took: 0.0000580 seconds
299.104: Application time: 0.0687910 seconds
299.105: [GC299.105: [ParNew: 303308K->1214K(339904K), 0.0014540 secs] 766847K->464752K(1095044K), 0.0014910 secs] [Times: user=0.01 sys=0.00, real=0.00 secs] 
299.106: Total time for which application threads were stopped: 0.0019410 seconds, Stopping threads took: 0.0000550 seconds
299.175: Application time: 0.0688800 seconds
299.175: [GC299.175: [ParNew: 303358K->1189K(339904K), 0.0014440 secs] 766896K->464743K(1095044K), 0.0014800 secs] [Times: user=0.01 sys=0.00, real=0.00 secs] 
299.177: Total time for which application threads were stopped: 0.0019380 seconds, Stopping threads took: 0.0000510 seconds
299.247: Application time: 0.0699850 seconds
299.247: [GC299.247: [ParNew: 303333K->1072K(339904K), 0.0014650 secs] 766887K->464635K(1095044K), 0.0015000 secs] [Times: user=0.01 sys=0.00, real=0.00 secs] 
299.249: Total time for which application threads were stopped: 0.0019620 seconds, Stopping threads took: 0.0000550 seconds
299.318: Application time: 0.0687760 seconds
299.318: [GC299.318: [ParNew: 303216K->1158K(339904K), 0.0014650 secs] 766779K->464721K(1095044K), 0.0015020 secs] [Times: user=0.01 sys=0.00, real=0.01 secs] 
299.320: Total time for which application threads were stopped: 0.0019510 seconds, Stopping threads took: 0.0000520 seconds
299.388: Application time: 0.0686580 seconds
299.389: [GC299.389: [ParNew: 303302K->1139K(339904K), 0.0015500 secs] 766865K->464710K(1095044K), 0.0015830 secs] [Times: user=0.01 sys=0.00, real=0.00 secs] 
299.390: Total time for which application threads were stopped: 0.0020450 seconds, Stopping threads took: 0.0000510 seconds
299.459: Application time: 0.0691060 seconds
299.460: [GC299.460: [ParNew: 303283K->1311K(339904K), 0.0014780 secs] 766854K->464882K(1095044K), 0.0015140 secs] [Times: user=0.01 sys=0.00, real=0.00 secs] 
299.461: Total time for which application threads were stopped: 0.0019520 seconds, Stopping threads took: 0.0000460 seconds
299.531: Application time: 0.0693670 seconds
299.531: [GC299.531: [ParNew: 303455K->1096K(339904K), 0.0014790 secs] 767026K->464667K(1095044K), 0.0015140 secs] [Times: user=0.01 sys=0.00, real=0.00 secs] 
299.533: Total time for which application threads were stopped: 0.0019630 seconds, Stopping threads took: 0.0000520 seconds
299.602: Application time: 0.0689830 seconds
299.602: [GC299.602: [ParNew: 303240K->1112K(339904K), 0.0014750 secs] 766811K->464683K(1095044K), 0.0015190 secs] [Times: user=0.01 sys=0.00, real=0.00 secs] 
299.604: Total time for which application threads were stopped: 0.0019610 seconds, Stopping threads took: 0.0000510 seconds
299.673: Application time: 0.0693730 seconds
299.673: [GC299.673: [ParNew: 303256K->1089K(339904K), 0.0014460 secs] 766827K->464675K(1095044K), 0.0014770 secs] [Times: user=0.01 sys=0.00, real=0.00 secs] 
299.675: Total time for which application threads were stopped: 0.0019250 seconds, Stopping threads took: 0.0000540 seconds
299.744: Application time: 0.0691640 seconds
299.748: [GC299.748: [ParNew: 303233K->1057K(339904K), 0.0015560 secs] 766819K->464644K(1095044K), 0.0015890 secs] [Times: user=0.01 sys=0.00, real=0.00 secs] 
299.749: Total time for which application threads were stopped: 0.0051590 seconds, Stopping threads took: 0.0031770 seconds
299.818: Application time: 0.0689470 seconds
299.819: [GC299.819: [ParNew: 303201K->1384K(339904K), 0.0015680 secs] 766788K->464970K(1095044K), 0.0016050 secs] [Times: user=0.01 sys=0.00, real=0.01 secs] 
299.820: Total time for which application threads were stopped: 0.0020350 seconds, Stopping threads took: 0.0000480 seconds
299.889: Application time: 0.0692590 seconds
299.890: [GC299.890: [ParNew: 303528K->1198K(339904K), 0.0015120 secs] 767114K->464793K(1095044K), 0.0015470 secs] [Times: user=0.01 sys=0.00, real=0.00 secs] 
299.892: Total time for which application threads were stopped: 0.0020120 seconds, Stopping threads took: 0.0000500 seconds
299.961: Application time: 0.0695410 seconds
299.961: [GC299.961: [ParNew: 303342K->1123K(339904K), 0.0014810 secs] 766937K->464725K(1095044K), 0.0015140 secs] [Times: user=0.01 sys=0.00, real=0.00 secs] 
299.963: Total time for which application threads were stopped: 0.0019400 seconds, Stopping threads took: 0.0000560 seconds
300.032: Application time: 0.0693660 seconds
300.033: [GC300.033: [ParNew: 303267K->957K(339904K), 0.0015060 secs] 766869K->464560K(1095044K), 0.0015430 secs] [Times: user=0.01 sys=0.00, real=0.00 secs] 
300.034: Total time for which application threads were stopped: 0.0019460 seconds, Stopping threads took: 0.0000440 seconds
300.103: Application time: 0.0691010 seconds
300.104: [GC300.104: [ParNew: 303101K->1117K(339904K), 0.0014830 secs] 766704K->464728K(1095044K), 0.0015170 secs] [Times: user=0.01 sys=0.00, real=0.00 secs] 
300.105: Total time for which application threads were stopped: 0.0019590 seconds, Stopping threads took: 0.0000410 seconds
300.175: Application time: 0.0694510 seconds
300.175: [GC300.175: [ParNew: 303261K->1126K(339904K), 0.0014360 secs] 766872K->464753K(1095044K), 0.0014710 secs] [Times: user=0.01 sys=0.00, real=0.00 secs] 
300.177: Total time for which application threads were stopped: 0.0019280 seconds, Stopping threads took: 0.0000540 seconds
300.247: Application time: 0.0700590 seconds
300.247: [GC300.247: [ParNew: 303270K->1024K(339904K), 0.0014990 secs] 766897K->464651K(1095044K), 0.0015360 secs] [Times: user=0.01 sys=0.00, real=0.00 secs] 
300.249: Total time for which application threads were stopped: 0.0020030 seconds, Stopping threads took: 0.0000580 seconds
300.318: Application time: 0.0687590 seconds
300.318: [GC300.318: [ParNew: 303168K->1202K(339904K), 0.0015150 secs] 766795K->464845K(1095044K), 0.0015520 secs] [Times: user=0.01 sys=0.00, real=0.01 secs] 
300.320: Total time for which application threads were stopped: 0.0020100 seconds, Stopping threads took: 0.0000590 seconds
300.389: Application time: 0.0689930 seconds
300.389: [GC300.389: [ParNew: 303346K->1404K(339904K), 0.0014960 secs] 766989K->465047K(1095044K), 0.0015340 secs] [Times: user=0.01 sys=0.00, real=0.00 secs] 
300.391: Total time for which application threads were stopped: 0.0019810 seconds, Stopping threads took: 0.0000520 seconds
300.460: Application time: 0.0692840 seconds
300.460: [GC300.460: [ParNew: 303548K->1214K(339904K), 0.0015310 secs] 767191K->464857K(1095044K), 0.0015760 secs] [Times: user=0.01 sys=0.00, real=0.00 secs] 
300.462: Total time for which application threads were stopped: 0.0020650 seconds, Stopping threads took: 0.0000680 seconds
300.531: Application time: 0.0691760 seconds
300.532: [GC300.532: [ParNew: 303358K->1289K(339904K), 0.0016580 secs] 767001K->464931K(1095044K), 0.0016940 secs] [Times: user=0.01 sys=0.00, real=0.00 secs] 
300.533: Total time for which application threads were stopped: 0.0021200 seconds, Stopping threads took: 0.0000530 seconds
300.603: Application time: 0.0695650 seconds
300.603: [GC300.603: [ParNew: 303433K->1154K(339904K), 0.0016120 secs] 767075K->464804K(1095044K), 0.0016480 secs] [Times: user=0.01 sys=0.00, real=0.00 secs] 
300.605: Total time for which application threads were stopped: 0.0021070 seconds, Stopping threads took: 0.0000540 seconds
300.674: Application time: 0.0688730 seconds
300.676: [GC300.676: [ParNew: 303298K->1361K(339904K), 0.0014860 secs] 766948K->465012K(1095044K), 0.0015210 secs] [Times: user=0.01 sys=0.00, real=0.00 secs] 
300.677: Total time for which application threads were stopped: 0.0033770 seconds, Stopping threads took: 0.0014630 seconds
300.746: Application time: 0.0689310 seconds
300.747: [GC300.747: [ParNew: 303505K->1365K(339904K), 0.0014790 secs] 767156K->465016K(1095044K), 0.0015140 secs] [Times: user=0.02 sys=0.00, real=0.01 secs] 
300.748: Total time for which application threads were stopped: 0.0019750 seconds, Stopping threads took: 0.0000630 seconds
300.818: Application time: 0.0696440 seconds
300.818: [GC300.818: [ParNew: 303509K->1292K(339904K), 0.0016670 secs] 767160K->464951K(1095044K), 0.0017040 secs] [Times: user=0.01 sys=0.00, real=0.01 secs] 
300.820: Total time for which application threads were stopped: 0.0021700 seconds, Stopping threads took: 0.0000730 seconds
300.889: Application time: 0.0695500 seconds
300.892: [GC300.892: [ParNew: 303436K->1147K(339904K), 0.0015100 secs] 767095K->464806K(1095044K), 0.0015460 secs] [Times: user=0.01 sys=0.00, real=0.00 secs] 
300.893: Total time for which application threads were stopped: 0.0037710 seconds, Stopping threads took: 0.0018320 seconds
300.962: Application time: 0.0687800 seconds
300.962: [GC300.962: [ParNew: 303291K->968K(339904K), 0.0014540 secs] 766950K->464634K(1095044K), 0.0014900 secs] [Times: user=0.01 sys=0.00, real=0.00 secs] 
300.964: Total time for which application threads were stopped: 0.0019700 seconds, Stopping threads took: 0.0000600 seconds
301.033: Application time: 0.0688930 seconds
301.033: [GC301.033: [ParNew: 303112K->1064K(339904K), 0.0014830 secs] 766778K->464747K(1095044K), 0.0015180 secs] [Times: user=0.01 sys=0.00, real=0.00 secs] 
301.035: Total time for which application threads were stopped: 0.0019670 seconds, Stopping threads took: 0.0000550 seconds
301.104: Application time: 0.0692090 seconds
301.104: [GC301.105: [ParNew: 303208K->1098K(339904K), 0.0015050 secs] 766891K->464780K(1095044K), 0.0015430 secs] [Times: user=0.02 sys=0.00, real=0.00 secs] 
301.106: Total time for which application threads were stopped: 0.0019970 seconds, Stopping threads took: 0.0000580 seconds
301.175: Application time: 0.0693280 seconds
301.176: [GC301.176: [ParNew: 303242K->1184K(339904K), 0.0016190 secs] 766924K->464867K(1095044K), 0.0016550 secs] [Times: user=0.01 sys=0.00, real=0.00 secs] 
301.178: Total time for which application threads were stopped: 0.0021100 seconds, Stopping threads took: 0.0000660 seconds
301.247: Application time: 0.0697200 seconds
301.248: [GC301.248: [ParNew: 303328K->1174K(339904K), 0.0017190 secs] 767011K->464857K(1095044K), 0.0017560 secs] [Times: user=0.00 sys=0.00, real=0.00 secs] 
301.249: Total time for which application threads were stopped: 0.0022060 seconds, Stopping threads took: 0.0000560 seconds
301.318: Application time: 0.0688990 seconds
301.319: [GC301.319: [ParNew: 303318K->1257K(339904K), 0.0015080 secs] 767001K->464955K(1095044K), 0.0015460 secs] [Times: user=0.01 sys=0.00, real=0.01 secs] 
301.320: Total time for which application threads were stopped: 0.0020210 seconds, Stopping threads took: 0.0000770 seconds
301.389: Application time: 0.0686520 seconds
301.389: [GC301.389: [ParNew: 303401K->1435K(339904K), 0.0014970 secs] 767099K->465134K(1095044K), 0.0015340 secs] [Times: user=0.01 sys=0.00, real=0.00 secs] 
301.391: Total time for which application threads were stopped: 0.0020060 seconds, Stopping threads took: 0.0000780 seconds
301.460: Application time: 0.0694750 seconds
301.461: [GC301.461: [ParNew: 303579K->1269K(339904K), 0.0015450 secs] 767278K->464967K(1095044K), 0.0015780 secs] [Times: user=0.01 sys=0.00, real=0.00 secs] 
301.463: Total time for which application threads were stopped: 0.0020280 seconds, Stopping threads took: 0.0000630 seconds
301.532: Application time: 0.0698110 seconds
301.533: [GC301.533: [ParNew: 303413K->1110K(339904K), 0.0015480 secs] 767111K->464825K(1095044K), 0.0015850 secs] [Times: user=0.01 sys=0.00, real=0.00 secs] 
301.534: Total time for which application threads were stopped: 0.0021000 seconds, Stopping threads took: 0.0001110 seconds
301.603: Application time: 0.0689870 seconds
301.608: [GC301.608: [ParNew: 303254K->1176K(339904K), 0.0015420 secs] 766969K->464898K(1095044K), 0.0015770 secs] [Times: user=0.01 sys=0.00, real=0.00 secs] 
301.609: Total time for which application threads were stopped: 0.0058110 seconds, Stopping threads took: 0.0038410 seconds
301.679: Application time: 0.0695400 seconds
301.679: [GC301.679: [ParNew: 303320K->1454K(339904K), 0.0016280 secs] 767042K->465193K(1095044K), 0.0016630 secs] [Times: user=0.01 sys=0.00, real=0.00 secs] 
301.681: Total time for which application threads were stopped: 0.0021320 seconds, Stopping threads took: 0.0000690 seconds
301.751: Application time: 0.0697510 seconds
301.751: [GC301.751: [ParNew: 303598K->1126K(339904K), 0.0016640 secs] 767337K->464865K(1095044K), 0.0017000 secs] [Times: user=0.01 sys=0.00, real=0.00 secs] 
301.753: Total time for which application threads were stopped: 0.0021510 seconds, Stopping threads took: 0.0000600 seconds
301.823: Application time: 0.0699730 seconds
301.823: [GC301.823: [ParNew: 303270K->1039K(339904K), 0.0014710 secs] 767009K->464777K(1095044K), 0.0015070 secs] [Times: user=0.01 sys=0.00, real=0.00 secs] 
301.825: Total time for which application threads were stopped: 0.0019700 seconds, Stopping threads took: 0.0000560 seconds
301.894: Application time: 0.0695540 seconds
301.895: [GC301.895: [ParNew: 303183K->1049K(339904K), 0.0017410 secs] 766921K->464795K(1095044K), 0.0017790 secs] [Times: user=0.01 sys=0.00, real=0.00 secs] 
301.897: Total time for which application threads were stopped: 0.0021990 seconds, Stopping threads took: 0.0000610 seconds
301.966: Application time: 0.0689940 seconds
301.966: [GC301.966: [ParNew: 303193K->1102K(339904K), 0.0016100 secs] 766939K->464864K(1095044K), 0.0016460 secs] [Times: user=0.01 sys=0.00, real=0.01 secs] 
301.968: Total time for which application threads were stopped: 0.0020890 seconds, Stopping threads took: 0.0000470 seconds
302.036: Application time: 0.0688600 seconds
302.037: [GC302.037: [ParNew: 303246K->1064K(339904K), 0.0015490 secs] 767008K->464826K(1095044K), 0.0015840 secs] [Times: user=0.01 sys=0.00, real=0.00 secs] 
302.039: Total time for which application threads were stopped: 0.0020500 seconds, Stopping threads took: 0.0000490 seconds
302.108: Application time: 0.0690760 seconds
302.108: [GC302.108: [ParNew: 303208K->1132K(339904K), 0.0014750 secs] 766970K->464895K(1095044K), 0.0015120 secs] [Times: user=0.01 sys=0.00, real=0.00 secs] 
302.110: Total time for which application threads were stopped: 0.0019550 seconds, Stopping threads took: 0.0000510 seconds
302.179: Application time: 0.0689690 seconds
302.179: [GC302.179: [ParNew: 303276K->1137K(339904K), 0.0015000 secs] 767039K->464900K(1095044K), 0.0015380 secs] [Times: user=0.01 sys=0.00, real=0.01 secs] 
302.181: Total time for which application threads were stopped: 0.0019810 seconds, Stopping threads took: 0.0000520 seconds
302.250: Application time: 0.0691330 seconds
302.250: [GC302.250: [ParNew: 303281K->1293K(339904K), 0.0015100 secs] 767044K->465071K(1095044K), 0.0015560 secs] [Times: user=0.01 sys=0.00, real=0.00 secs] 
302.252: Total time for which application threads were stopped: 0.0020090 seconds, Stopping threads took: 0.0000560 seconds
302.321: Application time: 0.0689230 seconds
302.321: [GC302.321: [ParNew: 303437K->1233K(339904K), 0.0016880 secs] 767215K->465011K(1095044K), 0.0017230 secs] [Times: user=0.00 sys=0.00, real=0.00 secs] 
302.323: Total time for which application threads were stopped: 0.0021900 seconds, Stopping threads took: 0.0000750 seconds
302.393: Application time: 0.0699520 seconds
302.393: [GC302.393: [ParNew: 303377K->1069K(339904K), 0.0016060 secs] 767155K->464848K(1095044K), 0.0016430 secs] [Times: user=0.01 sys=0.00, real=0.00 secs] 
302.395: Total time for which application threads were stopped: 0.0020860 seconds, Stopping threads took: 0.0000540 seconds
302.464: Application time: 0.0688790 seconds
302.464: [GC302.464: [ParNew: 303213K->1143K(339904K), 0.0014870 secs] 766992K->464921K(1095044K), 0.0015230 secs] [Times: user=0.01 sys=0.00, real=0.00 secs] 
302.466: Total time for which application threads were stopped: 0.0019860 seconds, Stopping threads took: 0.0000670 seconds
302.535: Application time: 0.0690010 seconds
302.535: [GC302.535: [ParNew: 303287K->1110K(339904K), 0.0014560 secs] 767065K->464897K(1095044K), 0.0014920 secs] [Times: user=0.00 sys=0.01, real=0.00 secs] 
302.537: Total time for which application threads were stopped: 0.0019440 seconds, Stopping threads took: 0.0000540 seconds
302.606: Application time: 0.0690240 seconds
302.606: [GC302.606: [ParNew: 303254K->1115K(339904K), 0.0016480 secs] 767041K->464918K(1095044K), 0.0016840 secs] [Times: user=0.01 sys=0.00, real=0.01 secs] 
302.608: Total time for which application threads were stopped: 0.0021490 seconds, Stopping threads took: 0.0000610 seconds
302.677: Application time: 0.0694140 seconds
302.678: [GC302.678: [ParNew: 303259K->1117K(339904K), 0.0014830 secs] 767062K->464920K(1095044K), 0.0015270 secs] [Times: user=0.00 sys=0.00, real=0.01 secs] 
302.679: Total time for which application threads were stopped: 0.0019830 seconds, Stopping threads took: 0.0000580 seconds
302.748: Application time: 0.0689370 seconds
302.752: [GC302.752: [ParNew: 303261K->968K(339904K), 0.0015600 secs] 767064K->464770K(1095044K), 0.0015930 secs] [Times: user=0.01 sys=0.00, real=0.00 secs] 
302.753: Total time for which application threads were stopped: 0.0050560 seconds, Stopping threads took: 0.0030690 seconds
302.822: Application time: 0.0689370 seconds
302.824: [GC302.824: [ParNew: 303112K->863K(339904K), 0.0014330 secs] 766914K->464674K(1095044K), 0.0014670 secs] [Times: user=0.01 sys=0.00, real=0.00 secs] 
302.825: Total time for which application threads were stopped: 0.0029340 seconds, Stopping threads took: 0.0010710 seconds
302.894: Application time: 0.0684070 seconds
302.894: [GC302.894: [ParNew: 303007K->1018K(339904K), 0.0014820 secs] 766818K->464844K(1095044K), 0.0015180 secs] [Times: user=0.01 sys=0.00, real=0.00 secs] 
302.896: Total time for which application threads were stopped: 0.0019730 seconds, Stopping threads took: 0.0000600 seconds
302.964: Application time: 0.0687010 seconds
302.965: [GC302.965: [ParNew: 303162K->1250K(339904K), 0.0014510 secs] 766988K->465076K(1095044K), 0.0014880 secs] [Times: user=0.01 sys=0.00, real=0.00 secs] 
302.966: Total time for which application threads were stopped: 0.0019410 seconds, Stopping threads took: 0.0000530 seconds
303.035: Application time: 0.0689170 seconds
303.036: [GC303.036: [ParNew: 303394K->1186K(339904K), 0.0015010 secs] 767220K->465013K(1095044K), 0.0015360 secs] [Times: user=0.01 sys=0.00, real=0.00 secs] 
303.037: Total time for which application threads were stopped: 0.0019840 seconds, Stopping threads took: 0.0000420 seconds
303.106: Application time: 0.0692390 seconds
303.107: [GC303.107: [ParNew: 303330K->1310K(339904K), 0.0016660 secs] 767157K->465136K(1095044K), 0.0017030 secs] [Times: user=0.01 sys=0.00, real=0.01 secs] 
303.109: Total time for which application threads were stopped: 0.0021970 seconds, Stopping threads took: 0.0000490 seconds
303.177: Application time: 0.0689780 seconds
303.178: [GC303.178: [ParNew: 303454K->1230K(339904K), 0.0016070 secs] 767280K->465057K(1095044K), 0.0016430 secs] [Times: user=0.01 sys=0.00, real=0.01 secs] 
303.180: Total time for which application threads were stopped: 0.0020910 seconds, Stopping threads took: 0.0000480 seconds
303.249: Application time: 0.0697120 seconds
303.250: [GC303.250: [ParNew: 303374K->1270K(339904K), 0.0016120 secs] 767201K->465113K(1095044K), 0.0016500 secs] [Times: user=0.00 sys=0.00, real=0.00 secs] 
303.251: Total time for which application threads were stopped: 0.0020960 seconds, Stopping threads took: 0.0000510 seconds
303.322: Application time: 0.0705870 seconds
303.323: [GC303.323: [ParNew: 303414K->1087K(339904K), 0.0015220 secs] 767257K->464929K(1095044K), 0.0015570 secs] [Times: user=0.01 sys=0.00, real=0.00 secs] 
303.325: Total time for which application threads were stopped: 0.0026400 seconds, Stopping threads took: 0.0006950 seconds
303.394: Application time: 0.0691200 seconds
303.394: [GC303.394: [ParNew: 303231K->1137K(339904K), 0.0014800 secs] 767073K->464979K(1095044K), 0.0015180 secs] [Times: user=0.01 sys=0.00, real=0.00 secs] 
303.396: Total time for which application threads were stopped: 0.0020190 seconds, Stopping threads took: 0.0001080 seconds
303.465: Application time: 0.0687800 seconds
303.465: [GC303.465: [ParNew: 303281K->1303K(339904K), 0.0014460 secs] 767123K->465154K(1095044K), 0.0014830 secs] [Times: user=0.01 sys=0.00, real=0.00 secs] 
303.467: Total time for which application threads were stopped: 0.0019450 seconds, Stopping threads took: 0.0000670 seconds
303.536: Application time: 0.0692810 seconds
303.536: [GC303.536: [ParNew: 303447K->1232K(339904K), 0.0014770 secs] 767298K->465090K(1095044K), 0.0015110 secs] [Times: user=0.01 sys=0.00, real=0.00 secs] 
303.538: Total time for which application threads were stopped: 0.0019700 seconds, Stopping threads took: 0.0000600 seconds
303.607: Application time: 0.0696990 seconds
303.608: [GC303.608: [ParNew: 303376K->1048K(339904K), 0.0015870 secs] 767234K->464907K(1095044K), 0.0016210 secs] [Times: user=0.01 sys=0.00, real=0.00 secs] 
303.610: Total time for which application threads were stopped: 0.0020860 seconds, Stopping threads took: 0.0000450 seconds
303.679: Application time: 0.0695020 seconds
303.680: [GC303.680: [ParNew: 303192K->1131K(339904K), 0.0015660 secs] 767051K->465005K(1095044K), 0.0015990 secs] [Times: user=0.01 sys=0.00, real=0.00 secs] 
303.681: Total time for which application threads were stopped: 0.0020650 seconds, Stopping threads took: 0.0000600 seconds
303.750: Application time: 0.0692170 seconds
303.751: [GC303.751: [ParNew: 303275K->1028K(339904K), 0.0014300 secs] 767149K->464910K(1095044K), 0.0014690 secs] [Times: user=0.01 sys=0.00, real=0.00 secs] 
303.752: Total time for which application threads were stopped: 0.0019240 seconds, Stopping threads took: 0.0000570 seconds
303.821: Application time: 0.0685480 seconds
303.821: [GC303.821: [ParNew: 303172K->980K(339904K), 0.0014520 secs] 767054K->464879K(1095044K), 0.0014880 secs] [Times: user=0.01 sys=0.00, real=0.00 secs] 
303.823: Total time for which application threads were stopped: 0.0019520 seconds, Stopping threads took: 0.0000640 seconds
303.891: Application time: 0.0684630 seconds
303.892: [GC303.892: [ParNew: 303124K->1302K(339904K), 0.0014870 secs] 767023K->465200K(1095044K), 0.0015230 secs] [Times: user=0.01 sys=0.00, real=0.00 secs] 
303.893: Total time for which application threads were stopped: 0.0019750 seconds, Stopping threads took: 0.0000550 seconds
303.962: Application time: 0.0685020 seconds
303.962: [GC303.962: [ParNew: 303446K->1269K(339904K), 0.0014770 secs] 767344K->465167K(1095044K), 0.0015140 secs] [Times: user=0.01 sys=0.00, real=0.00 secs] 
303.964: Total time for which application threads were stopped: 0.0019670 seconds, Stopping threads took: 0.0000570 seconds
304.033: Application time: 0.0690020 seconds
304.033: [GC304.033: [ParNew: 303413K->1172K(339904K), 0.0015830 secs] 767311K->465071K(1095044K), 0.0016260 secs] [Times: user=0.01 sys=0.00, real=0.00 secs] 
304.035: Total time for which application threads were stopped: 0.0020660 seconds, Stopping threads took: 0.0000470 seconds
304.104: Application time: 0.0693570 seconds
304.105: [GC304.105: [ParNew: 303316K->1161K(339904K), 0.0015420 secs] 767215K->465060K(1095044K), 0.0015770 secs] [Times: user=0.01 sys=0.00, real=0.00 secs] 
304.106: Total time for which application threads were stopped: 0.0020470 seconds, Stopping threads took: 0.0000710 seconds
304.175: Application time: 0.0687380 seconds
304.175: [GC304.175: [ParNew: 303305K->1289K(339904K), 0.0014970 secs] 767204K->465203K(1095044K), 0.0015340 secs] [Times: user=0.01 sys=0.00, real=0.00 secs] 
304.177: Total time for which application threads were stopped: 0.0020150 seconds, Stopping threads took: 0.0000540 seconds
304.247: Application time: 0.0702300 seconds
304.248: [GC304.248: [ParNew: 303433K->1145K(339904K), 0.0018100 secs] 767347K->465060K(1095044K), 0.0018480 secs] [Times: user=0.00 sys=0.00, real=0.00 secs] 
304.250: Total time for which application threads were stopped: 0.0023230 seconds, Stopping threads took: 0.0000750 seconds
304.319: Application time: 0.0692990 seconds
304.319: [GC304.319: [ParNew: 303289K->1203K(339904K), 0.0015340 secs] 767204K->465118K(1095044K), 0.0015720 secs] [Times: user=0.01 sys=0.01, real=0.00 secs] 
304.321: Total time for which application threads were stopped: 0.0020300 seconds, Stopping threads took: 0.0000580 seconds
304.390: Application time: 0.0695830 seconds
304.391: [GC304.391: [ParNew: 303347K->1221K(339904K), 0.0015190 secs] 767262K->465143K(1095044K), 0.0015580 secs] [Times: user=0.02 sys=0.00, real=0.00 secs] 
304.392: Total time for which application threads were stopped: 0.0020050 seconds, Stopping threads took: 0.0000570 seconds
304.462: Application time: 0.0696750 seconds
304.463: [GC304.463: [ParNew: 303365K->1109K(339904K), 0.0014530 secs] 767287K->465039K(1095044K), 0.0014900 secs] [Times: user=0.01 sys=0.00, real=0.00 secs] 
304.464: Total time for which application threads were stopped: 0.0019330 seconds, Stopping threads took: 0.0000590 seconds
304.533: Application time: 0.0691220 seconds
304.534: [GC304.534: [ParNew: 303253K->968K(339904K), 0.0014270 secs] 767183K->464898K(1095044K), 0.0014640 secs] [Times: user=0.01 sys=0.00, real=0.00 secs] 
304.535: Total time for which application threads were stopped: 0.0019210 seconds, Stopping threads took: 0.0000640 seconds
304.604: Application time: 0.0690280 seconds
304.605: [GC304.605: [ParNew: 303112K->1121K(339904K), 0.0016330 secs] 767042K->465067K(1095044K), 0.0016700 secs] [Times: user=0.01 sys=0.00, real=0.00 secs] 
304.606: Total time for which application threads were stopped: 0.0021150 seconds, Stopping threads took: 0.0000500 seconds
304.675: Application time: 0.0692540 seconds
304.676: [GC304.676: [ParNew: 303265K->946K(339904K), 0.0014610 secs] 767211K->464900K(1095044K), 0.0014960 secs] [Times: user=0.01 sys=0.00, real=0.00 secs] 
304.677: Total time for which application threads were stopped: 0.0019590 seconds, Stopping threads took: 0.0000670 seconds
304.746: Application time: 0.0689030 seconds
304.747: [GC304.747: [ParNew: 303090K->1015K(339904K), 0.0014430 secs] 767044K->464969K(1095044K), 0.0014790 secs] [Times: user=0.01 sys=0.00, real=0.01 secs] 
304.748: Total time for which application threads were stopped: 0.0019610 seconds, Stopping threads took: 0.0000620 seconds
304.817: Application time: 0.0688770 seconds
304.818: [GC304.818: [ParNew: 303159K->1223K(339904K), 0.0014680 secs] 767113K->465193K(1095044K), 0.0015040 secs] [Times: user=0.02 sys=0.00, real=0.00 secs] 
304.819: Total time for which application threads were stopped: 0.0019550 seconds, Stopping threads took: 0.0000540 seconds
304.888: Application time: 0.0685570 seconds
304.888: [GC304.888: [ParNew: 303367K->1189K(339904K), 0.0014600 secs] 767337K->465160K(1095044K), 0.0014960 secs] [Times: user=0.01 sys=0.00, real=0.00 secs] 
304.890: Total time for which application threads were stopped: 0.0019520 seconds, Stopping threads took: 0.0000520 seconds
304.959: Application time: 0.0689070 seconds
304.959: [GC304.959: [ParNew: 303333K->1218K(339904K), 0.0015300 secs] 767304K->465189K(1095044K), 0.0015700 secs] [Times: user=0.01 sys=0.00, real=0.01 secs] 
304.961: Total time for which application threads were stopped: 0.0020230 seconds, Stopping threads took: 0.0000530 seconds
305.030: Application time: 0.0689460 seconds
305.030: [GC305.030: [ParNew: 303362K->1163K(339904K), 0.0016400 secs] 767333K->465134K(1095044K), 0.0016760 secs] [Times: user=0.01 sys=0.00, real=0.00 secs] 
305.032: Total time for which application threads were stopped: 0.0021350 seconds, Stopping threads took: 0.0000620 seconds
305.104: Application time: 0.0719740 seconds
305.104: [GC305.104: [ParNew: 303307K->1276K(339904K), 0.0014740 secs] 767278K->465247K(1095044K), 0.0015120 secs] [Times: user=0.01 sys=0.00, real=0.00 secs] 
305.106: Total time for which application threads were stopped: 0.0019810 seconds, Stopping threads took: 0.0000800 seconds
305.175: Application time: 0.0691660 seconds
305.175: [GC305.175: [ParNew: 303420K->1410K(339904K), 0.0014950 secs] 767391K->465388K(1095044K), 0.0015330 secs] [Times: user=0.02 sys=0.00, real=0.00 secs] 
305.177: Total time for which application threads were stopped: 0.0019990 seconds, Stopping threads took: 0.0000640 seconds
305.247: Application time: 0.0700140 seconds
305.247: [GC305.247: [ParNew: 303554K->1380K(339904K), 0.0015200 secs] 767532K->465358K(1095044K), 0.0015580 secs] [Times: user=0.02 sys=0.00, real=0.00 secs] 
305.249: Total time for which application threads were stopped: 0.0020480 seconds, Stopping threads took: 0.0000580 seconds
305.318: Application time: 0.0694700 seconds
305.319: [GC305.319: [ParNew: 303524K->1281K(339904K), 0.0016700 secs] 767502K->465275K(1095044K), 0.0017030 secs] [Times: user=0.01 sys=0.00, real=0.01 secs] 
305.321: Total time for which application threads were stopped: 0.0021400 seconds, Stopping threads took: 0.0000520 seconds
305.366: Application time: 0.0453700 seconds
305.366: Total time for which application threads were stopped: 0.0004270 seconds, Stopping threads took: 0.0000630 seconds
305.390: Application time: 0.0240860 seconds
305.391: [GC305.391: [ParNew: 303425K->1207K(339904K), 0.0014720 secs] 767419K->465210K(1095044K), 0.0015100 secs] [Times: user=0.01 sys=0.00, real=0.00 secs] 
305.392: Total time for which application threads were stopped: 0.0019720 seconds, Stopping threads took: 0.0000810 seconds
305.462: Application time: 0.0692420 seconds
305.462: [GC305.462: [ParNew: 303351K->1064K(339904K), 0.0014440 secs] 767354K->465075K(1095044K), 0.0014810 secs] [Times: user=0.01 sys=0.00, real=0.00 secs] 
305.464: Total time for which application threads were stopped: 0.0019350 seconds, Stopping threads took: 0.0000660 seconds
305.533: Application time: 0.0690940 seconds
305.533: [GC305.533: [ParNew: 303208K->1225K(339904K), 0.0015280 secs] 767219K->465244K(1095044K), 0.0015630 secs] [Times: user=0.01 sys=0.00, real=0.00 secs] 
305.535: Total time for which application threads were stopped: 0.0020230 seconds, Stopping threads took: 0.0000690 seconds
305.604: Application time: 0.0691010 seconds
305.604: [GC305.604: [ParNew: 303369K->1204K(339904K), 0.0017750 secs] 767388K->465231K(1095044K), 0.0018100 secs] [Times: user=0.01 sys=0.00, real=0.00 secs] 
305.606: Total time for which application threads were stopped: 0.0022680 seconds, Stopping threads took: 0.0000650 seconds
305.675: Application time: 0.0688830 seconds
305.675: [GC305.675: [ParNew: 303348K->1166K(339904K), 0.0016020 secs] 767375K->465192K(1095044K), 0.0016380 secs] [Times: user=0.01 sys=0.00, real=0.00 secs] 
305.677: Total time for which application threads were stopped: 0.0021120 seconds, Stopping threads took: 0.0000720 seconds
305.746: Application time: 0.0689970 seconds
305.747: [GC305.747: [ParNew: 303310K->1280K(339904K), 0.0015080 secs] 767336K->465323K(1095044K), 0.0015520 secs] [Times: user=0.01 sys=0.00, real=0.01 secs] 
305.748: Total time for which application threads were stopped: 0.0020140 seconds, Stopping threads took: 0.0000710 seconds
305.817: Application time: 0.0685950 seconds
305.817: [GC305.817: [ParNew: 303424K->1242K(339904K), 0.0015140 secs] 767467K->465284K(1095044K), 0.0015510 secs] [Times: user=0.01 sys=0.00, real=0.00 secs] 
305.819: Total time for which application threads were stopped: 0.0020200 seconds, Stopping threads took: 0.0000500 seconds
305.888: Application time: 0.0690350 seconds
305.888: [GC305.888: [ParNew: 303386K->1360K(339904K), 0.0015450 secs] 767428K->465402K(1095044K), 0.0015810 secs] [Times: user=0.01 sys=0.00, real=0.00 secs] 
305.890: Total time for which application threads were stopped: 0.0020500 seconds, Stopping threads took: 0.0000800 seconds
305.959: Application time: 0.0688110 seconds
305.959: [GC305.959: [ParNew: 303504K->1368K(339904K), 0.0015880 secs] 767546K->465410K(1095044K), 0.0016260 secs] [Times: user=0.01 sys=0.00, real=0.01 secs] 
305.961: Total time for which application threads were stopped: 0.0020720 seconds, Stopping threads took: 0.0000520 seconds
306.030: Application time: 0.0696740 seconds
306.031: [GC306.031: [ParNew: 303512K->1218K(339904K), 0.0015310 secs] 767554K->465260K(1095044K), 0.0015670 secs] [Times: user=0.02 sys=0.00, real=0.00 secs] 
306.032: Total time for which application threads were stopped: 0.0020320 seconds, Stopping threads took: 0.0000680 seconds
306.101: Application time: 0.0689840 seconds
306.102: [GC306.102: [ParNew: 303362K->1278K(339904K), 0.0015660 secs] 767404K->465329K(1095044K), 0.0016030 secs] [Times: user=0.01 sys=0.00, real=0.00 secs] 
306.103: Total time for which application threads were stopped: 0.0020420 seconds, Stopping threads took: 0.0000490 seconds
306.173: Application time: 0.0695630 seconds
306.173: [GC306.173: [ParNew: 303422K->1355K(339904K), 0.0015320 secs] 767473K->465526K(1095044K), 0.0015680 secs] [Times: user=0.01 sys=0.00, real=0.00 secs] 
306.175: Total time for which application threads were stopped: 0.0020080 seconds, Stopping threads took: 0.0000510 seconds
306.246: Application time: 0.0705780 seconds
306.246: [GC306.246: [ParNew: 303499K->1238K(339904K), 0.0015560 secs] 767670K->465409K(1095044K), 0.0015920 secs] [Times: user=0.01 sys=0.00, real=0.01 secs] 
306.248: Total time for which application threads were stopped: 0.0020170 seconds, Stopping threads took: 0.0000490 seconds
306.317: Application time: 0.0696190 seconds
306.318: [GC306.318: [ParNew: 303382K->1044K(339904K), 0.0014550 secs] 767553K->465223K(1095044K), 0.0014900 secs] [Times: user=0.01 sys=0.00, real=0.00 secs] 
306.319: Total time for which application threads were stopped: 0.0019590 seconds, Stopping threads took: 0.0000530 seconds
306.388: Application time: 0.0687010 seconds
306.388: [GC306.388: [ParNew: 303188K->951K(339904K), 0.0013970 secs] 767367K->465137K(1095044K), 0.0014320 secs] [Times: user=0.01 sys=0.00, real=0.00 secs] 
306.390: Total time for which application threads were stopped: 0.0018790 seconds, Stopping threads took: 0.0000510 seconds
306.459: Application time: 0.0691540 seconds
306.459: [GC306.459: [ParNew: 303095K->1056K(339904K), 0.0016590 secs] 767281K->465251K(1095044K), 0.0016920 secs] [Times: user=0.01 sys=0.00, real=0.00 secs] 
306.461: Total time for which application threads were stopped: 0.0021360 seconds, Stopping threads took: 0.0000480 seconds
306.530: Application time: 0.0694230 seconds
306.531: [GC306.531: [ParNew: 303200K->1126K(339904K), 0.0016830 secs] 767395K->465321K(1095044K), 0.0017190 secs] [Times: user=0.01 sys=0.00, real=0.00 secs] 
306.533: Total time for which application threads were stopped: 0.0021510 seconds, Stopping threads took: 0.0000520 seconds
306.602: Application time: 0.0691050 seconds
306.602: [GC306.602: [ParNew: 303270K->1092K(339904K), 0.0015340 secs] 767465K->465286K(1095044K), 0.0015700 secs] [Times: user=0.01 sys=0.00, real=0.00 secs] 
306.604: Total time for which application threads were stopped: 0.0020100 seconds, Stopping threads took: 0.0000470 seconds
306.672: Application time: 0.0687200 seconds
306.673: [GC306.673: [ParNew: 303236K->1303K(339904K), 0.0014570 secs] 767430K->465498K(1095044K), 0.0015020 secs] [Times: user=0.01 sys=0.00, real=0.00 secs] 
306.674: Total time for which application threads were stopped: 0.0019570 seconds, Stopping threads took: 0.0000610 seconds
306.743: Application time: 0.0688220 seconds
306.744: [GC306.744: [ParNew: 303447K->1066K(339904K), 0.0017070 secs] 767642K->465269K(1095044K), 0.0017440 secs] [Times: user=0.02 sys=0.00, real=0.00 secs] 
306.745: Total time for which application threads were stopped: 0.0021870 seconds, Stopping threads took: 0.0000510 seconds
306.814: Application time: 0.0688840 seconds
306.815: [GC306.815: [ParNew: 303210K->1229K(339904K), 0.0015360 secs] 767413K->465432K(1095044K), 0.0015720 secs] [Times: user=0.01 sys=0.00, real=0.00 secs] 
306.816: Total time for which application threads were stopped: 0.0020220 seconds, Stopping threads took: 0.0000560 seconds
306.885: Application time: 0.0688000 seconds
306.886: [GC306.886: [ParNew: 303373K->1402K(339904K), 0.0015310 secs] 767576K->465604K(1095044K), 0.0015670 secs] [Times: user=0.01 sys=0.00, real=0.00 secs] 
306.887: Total time for which application threads were stopped: 0.0020370 seconds, Stopping threads took: 0.0000580 seconds
306.957: Application time: 0.0696590 seconds
306.957: [GC306.957: [ParNew: 303546K->1361K(339904K), 0.0015720 secs] 767748K->465564K(1095044K), 0.0016070 secs] [Times: user=0.01 sys=0.00, real=0.00 secs] 
306.959: Total time for which application threads were stopped: 0.0020770 seconds, Stopping threads took: 0.0000780 seconds
307.028: Application time: 0.0689030 seconds
307.032: [GC307.032: [ParNew: 303505K->1272K(339904K), 0.0015010 secs] 767708K->465474K(1095044K), 0.0015370 secs] [Times: user=0.01 sys=0.00, real=0.00 secs] 
307.033: Total time for which application threads were stopped: 0.0053830 seconds, Stopping threads took: 0.0034560 seconds
307.103: Application time: 0.0694190 seconds
307.103: [GC307.103: [ParNew: 303416K->1323K(339904K), 0.0016690 secs] 767618K->465534K(1095044K), 0.0017050 secs] [Times: user=0.01 sys=0.00, real=0.00 secs] 
307.105: Total time for which application threads were stopped: 0.0021800 seconds, Stopping threads took: 0.0000820 seconds
307.175: Application time: 0.0698150 seconds
307.175: [GC307.175: [ParNew: 303467K->1394K(339904K), 0.0016950 secs] 767678K->465604K(1095044K), 0.0017290 secs] [Times: user=0.01 sys=0.00, real=0.00 secs] 
307.177: Total time for which application threads were stopped: 0.0021780 seconds, Stopping threads took: 0.0000580 seconds
307.247: Application time: 0.0704320 seconds
307.248: [GC307.248: [ParNew: 303538K->875K(339904K), 0.0016220 secs] 767748K->465086K(1095044K), 0.0016570 secs] [Times: user=0.02 sys=0.00, real=0.00 secs] 
307.249: Total time for which application threads were stopped: 0.0021010 seconds, Stopping threads took: 0.0000540 seconds
307.318: Application time: 0.0688240 seconds
307.319: [GC307.319: [ParNew: 303019K->900K(339904K), 0.0014390 secs] 767230K->465127K(1095044K), 0.0014770 secs] [Times: user=0.01 sys=0.00, real=0.01 secs] 
307.320: Total time for which application threads were stopped: 0.0019600 seconds, Stopping threads took: 0.0000880 seconds
307.389: Application time: 0.0687120 seconds
307.389: [GC307.389: [ParNew: 303044K->984K(339904K), 0.0014330 secs] 767271K->465219K(1095044K), 0.0014700 secs] [Times: user=0.01 sys=0.00, real=0.00 secs] 
307.391: Total time for which application threads were stopped: 0.0019550 seconds, Stopping threads took: 0.0000590 seconds
307.460: Application time: 0.0689780 seconds
307.460: [GC307.460: [ParNew: 303128K->1084K(339904K), 0.0014830 secs] 767363K->465319K(1095044K), 0.0015200 secs] [Times: user=0.01 sys=0.00, real=0.00 secs] 
307.462: Total time for which application threads were stopped: 0.0019610 seconds, Stopping threads took: 0.0000470 seconds
307.531: Application time: 0.0687580 seconds
307.531: [GC307.531: [ParNew: 303228K->1279K(339904K), 0.0015070 secs] 767463K->465514K(1095044K), 0.0015520 secs] [Times: user=0.02 sys=0.00, real=0.00 secs] 
307.533: Total time for which application threads were stopped: 0.0020000 seconds, Stopping threads took: 0.0000520 seconds
307.601: Application time: 0.0687130 seconds
307.602: [GC307.602: [ParNew: 303423K->1395K(339904K), 0.0015230 secs] 767658K->465629K(1095044K), 0.0015600 secs] [Times: user=0.01 sys=0.00, real=0.00 secs] 
307.603: Total time for which application threads were stopped: 0.0020120 seconds, Stopping threads took: 0.0000610 seconds
307.672: Application time: 0.0684930 seconds
307.672: [GC307.672: [ParNew: 303539K->1019K(339904K), 0.0014700 secs] 767773K->465270K(1095044K), 0.0015070 secs] [Times: user=0.01 sys=0.00, real=0.00 secs] 
307.674: Total time for which application threads were stopped: 0.0019520 seconds, Stopping threads took: 0.0000500 seconds
307.742: Application time: 0.0684060 seconds
307.743: [GC307.743: [ParNew: 303163K->1150K(339904K), 0.0016020 secs] 767414K->465401K(1095044K), 0.0016390 secs] [Times: user=0.01 sys=0.00, real=0.00 secs] 
307.744: Total time for which application threads were stopped: 0.0020910 seconds, Stopping threads took: 0.0000550 seconds
307.814: Application time: 0.0698790 seconds
307.815: [GC307.815: [ParNew: 303294K->1096K(339904K), 0.0016430 secs] 767545K->465347K(1095044K), 0.0016790 secs] [Times: user=0.01 sys=0.00, real=0.00 secs] 
307.816: Total time for which application threads were stopped: 0.0021610 seconds, Stopping threads took: 0.0000960 seconds
307.886: Application time: 0.0699800 seconds
307.887: [GC307.887: [ParNew: 303240K->1196K(339904K), 0.0015000 secs] 767491K->465446K(1095044K), 0.0015400 secs] [Times: user=0.02 sys=0.00, real=0.01 secs] 
307.888: Total time for which application threads were stopped: 0.0020340 seconds, Stopping threads took: 0.0001010 seconds
307.960: Application time: 0.0716760 seconds
307.960: [GC307.960: [ParNew: 303340K->1486K(339904K), 0.0015500 secs] 767590K->465737K(1095044K), 0.0015900 secs] [Times: user=0.01 sys=0.00, real=0.00 secs] 
307.962: Total time for which application threads were stopped: 0.0020560 seconds, Stopping threads took: 0.0000490 seconds
308.031: Application time: 0.0691700 seconds
308.032: [GC308.032: [ParNew: 303630K->1293K(339904K), 0.0015470 secs] 767881K->465560K(1095044K), 0.0015850 secs] [Times: user=0.01 sys=0.00, real=0.00 secs] 
308.033: Total time for which application threads were stopped: 0.0020690 seconds, Stopping threads took: 0.0000900 seconds
308.103: Application time: 0.0698730 seconds
308.104: [GC308.104: [ParNew: 303437K->1214K(339904K), 0.0016210 secs] 767704K->465481K(1095044K), 0.0016560 secs] [Times: user=0.01 sys=0.00, real=0.00 secs] 
308.105: Total time for which application threads were stopped: 0.0021150 seconds, Stopping threads took: 0.0000640 seconds
308.157: Application time: 0.0521430 seconds
308.158: Total time for which application threads were stopped: 0.0004280 seconds, Stopping threads took: 0.0000600 seconds
308.175: Application time: 0.0174720 seconds
308.176: [GC308.176: [ParNew: 303358K->1200K(339904K), 0.0015430 secs] 767625K->465467K(1095044K), 0.0015810 secs] [Times: user=0.01 sys=0.00, real=0.00 secs] 
308.177: Total time for which application threads were stopped: 0.0019970 seconds, Stopping threads took: 0.0000700 seconds
308.247: Application time: 0.0697730 seconds
308.248: [GC308.248: [ParNew: 303344K->1109K(339904K), 0.0014790 secs] 767611K->465383K(1095044K), 0.0015150 secs] [Times: user=0.01 sys=0.00, real=0.00 secs] 
308.249: Total time for which application threads were stopped: 0.0019770 seconds, Stopping threads took: 0.0000580 seconds
308.318: Application time: 0.0693480 seconds
308.319: [GC308.319: [ParNew: 303253K->1102K(339904K), 0.0016960 secs] 767527K->465392K(1095044K), 0.0017330 secs] [Times: user=0.01 sys=0.00, real=0.01 secs] 
308.321: Total time for which application threads were stopped: 0.0021900 seconds, Stopping threads took: 0.0000590 seconds
308.391: Application time: 0.0699710 seconds
308.391: [GC308.391: [ParNew: 303246K->1291K(339904K), 0.0015500 secs] 767536K->465582K(1095044K), 0.0015970 secs] [Times: user=0.01 sys=0.00, real=0.00 secs] 
308.393: Total time for which application threads were stopped: 0.0020550 seconds, Stopping threads took: 0.0000620 seconds
308.461: Application time: 0.0687560 seconds
308.462: [GC308.462: [ParNew: 303435K->1272K(339904K), 0.0015370 secs] 767726K->465562K(1095044K), 0.0015750 secs] [Times: user=0.01 sys=0.00, real=0.00 secs] 
308.463: Total time for which application threads were stopped: 0.0020590 seconds, Stopping threads took: 0.0000690 seconds
308.532: Application time: 0.0689360 seconds
308.533: [GC308.533: [ParNew: 303416K->1185K(339904K), 0.0015610 secs] 767706K->465476K(1095044K), 0.0015980 secs] [Times: user=0.01 sys=0.00, real=0.00 secs] 
308.535: Total time for which application threads were stopped: 0.0020760 seconds, Stopping threads took: 0.0000880 seconds
308.603: Application time: 0.0686010 seconds
308.604: [GC308.604: [ParNew: 303329K->1283K(339904K), 0.0015440 secs] 767620K->465573K(1095044K), 0.0015800 secs] [Times: user=0.01 sys=0.00, real=0.00 secs] 
308.605: Total time for which application threads were stopped: 0.0020510 seconds, Stopping threads took: 0.0000660 seconds
308.674: Application time: 0.0688710 seconds
308.674: [GC308.674: [ParNew: 303427K->1418K(339904K), 0.0016040 secs] 767717K->465725K(1095044K), 0.0016420 secs] [Times: user=0.01 sys=0.00, real=0.00 secs] 
308.676: Total time for which application threads were stopped: 0.0020940 seconds, Stopping threads took: 0.0000580 seconds
308.746: Application time: 0.0696240 seconds
308.746: [GC308.746: [ParNew: 303562K->1289K(339904K), 0.0016020 secs] 767869K->465595K(1095044K), 0.0016390 secs] [Times: user=0.02 sys=0.00, real=0.01 secs] 
308.748: Total time for which application threads were stopped: 0.0020960 seconds, Stopping threads took: 0.0000640 seconds
308.817: Application time: 0.0690230 seconds
308.817: [GC308.817: [ParNew: 303433K->1403K(339904K), 0.0015980 secs] 767739K->465710K(1095044K), 0.0016350 secs] [Times: user=0.01 sys=0.00, real=0.00 secs] 
308.819: Total time for which application threads were stopped: 0.0021140 seconds, Stopping threads took: 0.0000820 seconds
308.889: Application time: 0.0696260 seconds
308.889: [GC308.889: [ParNew: 303547K->1391K(339904K), 0.0015680 secs] 767854K->465713K(1095044K), 0.0016050 secs] [Times: user=0.01 sys=0.00, real=0.00 secs] 
308.891: Total time for which application threads were stopped: 0.0020750 seconds, Stopping threads took: 0.0000750 seconds
308.960: Application time: 0.0692980 seconds
308.960: [GC308.960: [ParNew: 303535K->1310K(339904K), 0.0017310 secs] 767857K->465633K(1095044K), 0.0017680 secs] [Times: user=0.01 sys=0.00, real=0.00 secs] 
308.962: Total time for which application threads were stopped: 0.0022260 seconds, Stopping threads took: 0.0000620 seconds
309.032: Application time: 0.0696570 seconds
309.032: [GC309.032: [ParNew: 303454K->1173K(339904K), 0.0015540 secs] 767777K->465616K(1095044K), 0.0015890 secs] [Times: user=0.01 sys=0.00, real=0.00 secs] 
309.034: Total time for which application threads were stopped: 0.0020680 seconds, Stopping threads took: 0.0000600 seconds
309.103: Application time: 0.0694720 seconds
309.104: [GC309.104: [ParNew: 303317K->965K(339904K), 0.0016850 secs] 767760K->465416K(1095044K), 0.0017200 secs] [Times: user=0.01 sys=0.00, real=0.00 secs] 
309.106: Total time for which application threads were stopped: 0.0021740 seconds, Stopping threads took: 0.0000600 seconds
309.175: Application time: 0.0698160 seconds
309.176: [GC309.176: [ParNew: 303109K->903K(339904K), 0.0017300 secs] 767560K->465362K(1095044K), 0.0017650 secs] [Times: user=0.01 sys=0.00, real=0.00 secs] 
309.178: Total time for which application threads were stopped: 0.0022080 seconds, Stopping threads took: 0.0000490 seconds
309.248: Application time: 0.0702140 seconds
309.248: [GC309.248: [ParNew: 303047K->1111K(339904K), 0.0015780 secs] 767506K->465585K(1095044K), 0.0016150 secs] [Times: user=0.01 sys=0.00, real=0.00 secs] 
309.250: Total time for which application threads were stopped: 0.0020370 seconds, Stopping threads took: 0.0000620 seconds
309.319: Application time: 0.0692540 seconds
309.320: [GC309.320: [ParNew: 303255K->1196K(339904K), 0.0015030 secs] 767729K->465671K(1095044K), 0.0015480 secs] [Times: user=0.01 sys=0.00, real=0.00 secs] 
309.321: Total time for which application threads were stopped: 0.0020040 seconds, Stopping threads took: 0.0000610 seconds
309.390: Application time: 0.0690720 seconds
309.391: [GC309.391: [ParNew: 303340K->1155K(339904K), 0.0014960 secs] 767815K->465629K(1095044K), 0.0015350 secs] [Times: user=0.01 sys=0.00, real=0.00 secs] 
309.392: Total time for which application threads were stopped: 0.0019890 seconds, Stopping threads took: 0.0000600 seconds
309.461: Application time: 0.0690660 seconds
309.462: [GC309.462: [ParNew: 303299K->1330K(339904K), 0.0015260 secs] 767773K->465805K(1095044K), 0.0015630 secs] [Times: user=0.02 sys=0.00, real=0.00 secs] 
309.463: Total time for which application threads were stopped: 0.0020110 seconds, Stopping threads took: 0.0000530 seconds
309.532: Application time: 0.0690000 seconds
309.533: [GC309.533: [ParNew: 303474K->1178K(339904K), 0.0016280 secs] 767949K->465653K(1095044K), 0.0016660 secs] [Times: user=0.01 sys=0.00, real=0.00 secs] 
309.534: Total time for which application threads were stopped: 0.0021180 seconds, Stopping threads took: 0.0000580 seconds
309.603: Application time: 0.0690020 seconds
309.604: [GC309.604: [ParNew: 303322K->1162K(339904K), 0.0017660 secs] 767797K->465652K(1095044K), 0.0018010 secs] [Times: user=0.01 sys=0.00, real=0.00 secs] 
309.606: Total time for which application threads were stopped: 0.0022680 seconds, Stopping threads took: 0.0000510 seconds
309.675: Application time: 0.0689670 seconds
309.675: [GC309.675: [ParNew: 303306K->1306K(339904K), 0.0016510 secs] 767796K->465797K(1095044K), 0.0016890 secs] [Times: user=0.01 sys=0.00, real=0.00 secs] 
309.677: Total time for which application threads were stopped: 0.0021570 seconds, Stopping threads took: 0.0000720 seconds
309.746: Application time: 0.0688940 seconds
309.746: [GC309.746: [ParNew: 303450K->1308K(339904K), 0.0016060 secs] 767941K->465798K(1095044K), 0.0016420 secs] [Times: user=0.01 sys=0.00, real=0.01 secs] 
309.748: Total time for which application threads were stopped: 0.0020790 seconds, Stopping threads took: 0.0000440 seconds
309.817: Application time: 0.0696150 seconds
309.818: [GC309.818: [ParNew: 303452K->1372K(339904K), 0.0015520 secs] 767942K->465871K(1095044K), 0.0015890 secs] [Times: user=0.01 sys=0.00, real=0.01 secs] 
309.820: Total time for which application threads were stopped: 0.0020590 seconds, Stopping threads took: 0.0000890 seconds
309.889: Application time: 0.0698790 seconds
309.890: [GC309.890: [ParNew: 303516K->1205K(339904K), 0.0014950 secs] 768015K->465704K(1095044K), 0.0015320 secs] [Times: user=0.01 sys=0.00, real=0.00 secs] 
309.891: Total time for which application threads were stopped: 0.0019730 seconds, Stopping threads took: 0.0000520 seconds
309.961: Application time: 0.0691960 seconds
309.961: [GC309.961: [ParNew: 303349K->1220K(339904K), 0.0015980 secs] 767848K->465726K(1095044K), 0.0016330 secs] [Times: user=0.01 sys=0.00, real=0.00 secs] 
309.963: Total time for which application threads were stopped: 0.0020550 seconds, Stopping threads took: 0.0000630 seconds
310.033: Application time: 0.0702210 seconds
310.033: [GC310.033: [ParNew: 303364K->1064K(339904K), 0.0014740 secs] 767870K->465579K(1095044K), 0.0015090 secs] [Times: user=0.01 sys=0.00, real=0.00 secs] 
310.035: Total time for which application threads were stopped: 0.0019500 seconds, Stopping threads took: 0.0000530 seconds
310.104: Application time: 0.0694390 seconds
310.105: [GC310.105: [ParNew: 303208K->1070K(339904K), 0.0015010 secs] 767723K->465600K(1095044K), 0.0015370 secs] [Times: user=0.01 sys=0.00, real=0.00 secs] 
310.106: Total time for which application threads were stopped: 0.0020290 seconds, Stopping threads took: 0.0000760 seconds
310.175: Application time: 0.0689190 seconds
310.176: [GC310.176: [ParNew: 303214K->1066K(339904K), 0.0014460 secs] 767744K->465604K(1095044K), 0.0014910 secs] [Times: user=0.01 sys=0.01, real=0.00 secs] 
310.177: Total time for which application threads were stopped: 0.0019590 seconds, Stopping threads took: 0.0000760 seconds
310.247: Application time: 0.0696480 seconds
310.247: [GC310.247: [ParNew: 303210K->1182K(339904K), 0.0014700 secs] 767748K->465737K(1095044K), 0.0015090 secs] [Times: user=0.01 sys=0.00, real=0.00 secs] 
310.249: Total time for which application threads were stopped: 0.0019820 seconds, Stopping threads took: 0.0000650 seconds
310.318: Application time: 0.0695060 seconds
310.319: [GC310.319: [ParNew: 303326K->1240K(339904K), 0.0014890 secs] 767881K->465795K(1095044K), 0.0015250 secs] [Times: user=0.01 sys=0.00, real=0.01 secs] 
310.320: Total time for which application threads were stopped: 0.0019830 seconds, Stopping threads took: 0.0000620 seconds
310.389: Application time: 0.0689060 seconds
310.390: [GC310.390: [ParNew: 303384K->1214K(339904K), 0.0015810 secs] 767939K->465769K(1095044K), 0.0016160 secs] [Times: user=0.01 sys=0.00, real=0.00 secs] 
310.391: Total time for which application threads were stopped: 0.0020860 seconds, Stopping threads took: 0.0000770 seconds
310.460: Application time: 0.0686710 seconds
310.460: [GC310.460: [ParNew: 303358K->1293K(339904K), 0.0014980 secs] 767913K->465848K(1095044K), 0.0015340 secs] [Times: user=0.01 sys=0.00, real=0.00 secs] 
310.462: Total time for which application threads were stopped: 0.0019710 seconds, Stopping threads took: 0.0000460 seconds
310.531: Application time: 0.0689580 seconds
310.531: [GC310.531: [ParNew: 303437K->1233K(339904K), 0.0014930 secs] 767992K->465788K(1095044K), 0.0015310 secs] [Times: user=0.01 sys=0.00, real=0.00 secs] 
310.533: Total time for which application threads were stopped: 0.0020100 seconds, Stopping threads took: 0.0000760 seconds
310.602: Application time: 0.0691860 seconds
310.603: [GC310.603: [ParNew: 303377K->1233K(339904K), 0.0016130 secs] 767932K->465795K(1095044K), 0.0016490 secs] [Times: user=0.01 sys=0.00, real=0.00 secs] 
310.604: Total time for which application threads were stopped: 0.0021290 seconds, Stopping threads took: 0.0000850 seconds
310.673: Application time: 0.0691510 seconds
310.674: [GC310.674: [ParNew: 303377K->1426K(339904K), 0.0015300 secs] 767939K->465988K(1095044K), 0.0015670 secs] [Times: user=0.01 sys=0.00, real=0.00 secs] 
310.675: Total time for which application threads were stopped: 0.0020370 seconds, Stopping threads took: 0.0000510 seconds
310.746: Application time: 0.0703070 seconds
310.746: [GC310.746: [ParNew: 303570K->1330K(339904K), 0.0014860 secs] 768132K->465900K(1095044K), 0.0015240 secs] [Times: user=0.01 sys=0.00, real=0.01 secs] 
310.748: Total time for which application threads were stopped: 0.0019820 seconds, Stopping threads took: 0.0000650 seconds
310.818: Application time: 0.0705870 seconds
310.819: [GC310.819: [ParNew: 303474K->1113K(339904K), 0.0015150 secs] 768044K->465683K(1095044K), 0.0015500 secs] [Times: user=0.01 sys=0.00, real=0.01 secs] 
310.820: Total time for which application threads were stopped: 0.0020480 seconds, Stopping threads took: 0.0001120 seconds
310.890: Application time: 0.0695120 seconds
310.890: [GC310.890: [ParNew: 303257K->1206K(339904K), 0.0014370 secs] 767827K->465784K(1095044K), 0.0014720 secs] [Times: user=0.01 sys=0.00, real=0.00 secs] 
310.892: Total time for which application threads were stopped: 0.0019230 seconds, Stopping threads took: 0.0000590 seconds
310.962: Application time: 0.0699680 seconds
310.962: [GC310.962: [ParNew: 303350K->1159K(339904K), 0.0014930 secs] 767928K->465746K(1095044K), 0.0015290 secs] [Times: user=0.01 sys=0.00, real=0.00 secs] 
310.964: Total time for which application threads were stopped: 0.0019840 seconds, Stopping threads took: 0.0000540 seconds
311.033: Application time: 0.0696120 seconds
311.034: [GC311.034: [ParNew: 303303K->990K(339904K), 0.0014080 secs] 767890K->465585K(1095044K), 0.0014490 secs] [Times: user=0.01 sys=0.00, real=0.00 secs] 
311.035: Total time for which application threads were stopped: 0.0018910 seconds, Stopping threads took: 0.0000510 seconds
311.105: Application time: 0.0693740 seconds
311.105: [GC311.105: [ParNew: 303134K->1081K(339904K), 0.0014360 secs] 767729K->465684K(1095044K), 0.0014720 secs] [Times: user=0.01 sys=0.00, real=0.00 secs] 
311.107: Total time for which application threads were stopped: 0.0019200 seconds, Stopping threads took: 0.0000570 seconds
311.175: Application time: 0.0686810 seconds
311.176: [GC311.176: [ParNew: 303225K->1090K(339904K), 0.0015480 secs] 767828K->465709K(1095044K), 0.0015850 secs] [Times: user=0.01 sys=0.00, real=0.00 secs] 
311.177: Total time for which application threads were stopped: 0.0020510 seconds, Stopping threads took: 0.0000510 seconds
311.247: Application time: 0.0696480 seconds
311.247: [GC311.247: [ParNew: 303234K->1377K(339904K), 0.0014580 secs] 767853K->465996K(1095044K), 0.0014940 secs] [Times: user=0.01 sys=0.00, real=0.00 secs] 
311.249: Total time for which application threads were stopped: 0.0019550 seconds, Stopping threads took: 0.0000580 seconds
311.318: Application time: 0.0690470 seconds
311.318: [GC311.318: [ParNew: 303521K->1178K(339904K), 0.0015260 secs] 768140K->465797K(1095044K), 0.0015660 secs] [Times: user=0.01 sys=0.00, real=0.01 secs] 
311.320: Total time for which application threads were stopped: 0.0020070 seconds, Stopping threads took: 0.0000480 seconds
311.389: Application time: 0.0690550 seconds
311.389: [GC311.389: [ParNew: 303322K->1343K(339904K), 0.0014860 secs] 767941K->465962K(1095044K), 0.0015230 secs] [Times: user=0.01 sys=0.00, real=0.00 secs] 
311.391: Total time for which application threads were stopped: 0.0019760 seconds, Stopping threads took: 0.0000600 seconds
311.460: Application time: 0.0691630 seconds
311.461: [GC311.461: [ParNew: 303487K->1384K(339904K), 0.0017250 secs] 768106K->466003K(1095044K), 0.0017630 secs] [Times: user=0.01 sys=0.00, real=0.00 secs] 
311.462: Total time for which application threads were stopped: 0.0022480 seconds, Stopping threads took: 0.0000970 seconds
311.532: Application time: 0.0699920 seconds
311.533: [GC311.533: [ParNew: 303528K->1289K(339904K), 0.0014990 secs] 768147K->465908K(1095044K), 0.0015360 secs] [Times: user=0.02 sys=0.00, real=0.00 secs] 
311.534: Total time for which application threads were stopped: 0.0020250 seconds, Stopping threads took: 0.0000970 seconds
311.604: Application time: 0.0692850 seconds
311.604: [GC311.604: [ParNew: 303433K->1249K(339904K), 0.0016940 secs] 768052K->465875K(1095044K), 0.0017260 secs] [Times: user=0.01 sys=0.00, real=0.00 secs] 
311.606: Total time for which application threads were stopped: 0.0021640 seconds, Stopping threads took: 0.0000560 seconds
311.676: Application time: 0.0697010 seconds
311.676: [GC311.676: [ParNew: 303393K->1136K(339904K), 0.0018550 secs] 768019K->465778K(1095044K), 0.0018900 secs] [Times: user=0.01 sys=0.00, real=0.00 secs] 
311.678: Total time for which application threads were stopped: 0.0023690 seconds, Stopping threads took: 0.0000880 seconds
311.748: Application time: 0.0697870 seconds
311.748: [GC311.748: [ParNew: 303280K->1061K(339904K), 0.0014820 secs] 767922K->465704K(1095044K), 0.0015130 secs] [Times: user=0.01 sys=0.00, real=0.00 secs] 
311.750: Total time for which application threads were stopped: 0.0019900 seconds, Stopping threads took: 0.0000660 seconds
311.819: Application time: 0.0694080 seconds
311.820: [GC311.820: [ParNew: 303205K->1038K(339904K), 0.0015460 secs] 767848K->465688K(1095044K), 0.0015820 secs] [Times: user=0.01 sys=0.00, real=0.00 secs] 
311.821: Total time for which application threads were stopped: 0.0020840 seconds, Stopping threads took: 0.0001110 seconds
311.890: Application time: 0.0692430 seconds
311.891: [GC311.891: [ParNew: 303182K->1059K(339904K), 0.0014430 secs] 767832K->465726K(1095044K), 0.0014810 secs] [Times: user=0.01 sys=0.00, real=0.00 secs] 
311.892: Total time for which application threads were stopped: 0.0019270 seconds, Stopping threads took: 0.0000560 seconds
311.962: Application time: 0.0696990 seconds
311.963: [GC311.963: [ParNew: 303203K->1080K(339904K), 0.0015600 secs] 767870K->465746K(1095044K), 0.0016050 secs] [Times: user=0.01 sys=0.00, real=0.00 secs] 
311.964: Total time for which application threads were stopped: 0.0020760 seconds, Stopping threads took: 0.0000800 seconds
312.033: Application time: 0.0691070 seconds
312.034: [GC312.034: [ParNew: 303224K->1063K(339904K), 0.0014840 secs] 767890K->465729K(1095044K), 0.0015190 secs] [Times: user=0.01 sys=0.00, real=0.00 secs] 
312.035: Total time for which application threads were stopped: 0.0019760 seconds, Stopping threads took: 0.0000630 seconds
312.104: Application time: 0.0690970 seconds
312.105: [GC312.105: [ParNew: 303207K->1308K(339904K), 0.0014580 secs] 767873K->465983K(1095044K), 0.0014930 secs] [Times: user=0.01 sys=0.00, real=0.00 secs] 
312.106: Total time for which application threads were stopped: 0.0019390 seconds, Stopping threads took: 0.0000550 seconds
312.175: Application time: 0.0690930 seconds
312.176: [GC312.176: [ParNew: 303452K->1001K(339904K), 0.0014800 secs] 768127K->465691K(1095044K), 0.0015170 secs] [Times: user=0.01 sys=0.00, real=0.00 secs] 
312.177: Total time for which application threads were stopped: 0.0019540 seconds, Stopping threads took: 0.0000480 seconds
312.248: Application time: 0.0701420 seconds
312.248: [GC312.248: [ParNew: 303145K->1244K(339904K), 0.0015030 secs] 767835K->465934K(1095044K), 0.0015390 secs] [Times: user=0.01 sys=0.00, real=0.00 secs] 
312.250: Total time for which application threads were stopped: 0.0019780 seconds, Stopping threads took: 0.0000500 seconds
312.319: Application time: 0.0694140 seconds
312.319: [GC312.319: [ParNew: 303388K->1276K(339904K), 0.0014910 secs] 768078K->465966K(1095044K), 0.0015290 secs] [Times: user=0.01 sys=0.00, real=0.00 secs] 
312.321: Total time for which application threads were stopped: 0.0020260 seconds, Stopping threads took: 0.0000730 seconds
312.390: Application time: 0.0688980 seconds
312.390: [GC312.390: [ParNew: 303420K->1356K(339904K), 0.0016340 secs] 768110K->466047K(1095044K), 0.0016720 secs] [Times: user=0.01 sys=0.00, real=0.00 secs] 
312.392: Total time for which application threads were stopped: 0.0021080 seconds, Stopping threads took: 0.0000440 seconds
312.462: Application time: 0.0697940 seconds
312.462: [GC312.462: [ParNew: 303500K->1209K(339904K), 0.0015130 secs] 768191K->465899K(1095044K), 0.0015470 secs] [Times: user=0.01 sys=0.00, real=0.00 secs] 
312.464: Total time for which application threads were stopped: 0.0020410 seconds, Stopping threads took: 0.0001050 seconds
312.534: Application time: 0.0697100 seconds
312.534: [GC312.534: [ParNew: 303353K->1204K(339904K), 0.0015530 secs] 768043K->465903K(1095044K), 0.0015890 secs] [Times: user=0.01 sys=0.00, real=0.00 secs] 
312.536: Total time for which application threads were stopped: 0.0021180 seconds, Stopping threads took: 0.0001350 seconds
312.605: Application time: 0.0693020 seconds
312.605: [GC312.605: [ParNew: 303348K->1190K(339904K), 0.0014600 secs] 768047K->465896K(1095044K), 0.0014880 secs] [Times: user=0.01 sys=0.00, real=0.00 secs] 
312.607: Total time for which application threads were stopped: 0.0019470 seconds, Stopping threads took: 0.0000670 seconds
312.677: Application time: 0.0705650 seconds
312.678: [GC312.678: [ParNew: 303334K->1215K(339904K), 0.0015920 secs] 768040K->465930K(1095044K), 0.0016260 secs] [Times: user=0.02 sys=0.00, real=0.01 secs] 
312.680: Total time for which application threads were stopped: 0.0021230 seconds, Stopping threads took: 0.0001390 seconds
312.751: Application time: 0.0716870 seconds
312.752: [GC312.752: [ParNew: 303359K->1280K(339904K), 0.0017520 secs] 768074K->466002K(1095044K), 0.0017860 secs] [Times: user=0.01 sys=0.00, real=0.00 secs] 
312.754: Total time for which application threads were stopped: 0.0022160 seconds, Stopping threads took: 0.0000780 seconds
312.823: Application time: 0.0694360 seconds
312.823: [GC312.823: [ParNew: 303424K->959K(339904K), 0.0014470 secs] 768146K->465690K(1095044K), 0.0014830 secs] [Times: user=0.01 sys=0.00, real=0.00 secs] 
312.825: Total time for which application threads were stopped: 0.0020020 seconds, Stopping threads took: 0.0000850 seconds
312.894: Application time: 0.0694370 seconds
312.895: [GC312.895: [ParNew: 303103K->1139K(339904K), 0.0014400 secs] 767834K->465878K(1095044K), 0.0014780 secs] [Times: user=0.01 sys=0.00, real=0.00 secs] 
312.896: Total time for which application threads were stopped: 0.0019370 seconds, Stopping threads took: 0.0000690 seconds
312.966: Application time: 0.0692950 seconds
312.966: [GC312.966: [ParNew: 303283K->1117K(339904K), 0.0014730 secs] 768022K->465856K(1095044K), 0.0015080 secs] [Times: user=0.01 sys=0.00, real=0.01 secs] 
312.968: Total time for which application threads were stopped: 0.0019480 seconds, Stopping threads took: 0.0000520 seconds
313.037: Application time: 0.0692880 seconds
313.037: [GC313.037: [ParNew: 303261K->1039K(339904K), 0.0014760 secs] 768000K->465786K(1095044K), 0.0015130 secs] [Times: user=0.01 sys=0.00, real=0.00 secs] 
313.039: Total time for which application threads were stopped: 0.0019580 seconds, Stopping threads took: 0.0000510 seconds
313.108: Application time: 0.0694030 seconds
313.109: [GC313.109: [ParNew: 303183K->1169K(339904K), 0.0014200 secs] 767930K->465931K(1095044K), 0.0014570 secs] [Times: user=0.01 sys=0.00, real=0.00 secs] 
313.110: Total time for which application threads were stopped: 0.0018940 seconds, Stopping threads took: 0.0000440 seconds
313.179: Application time: 0.0692690 seconds
313.180: [GC313.180: [ParNew: 303313K->1437K(339904K), 0.0014420 secs] 768075K->466200K(1095044K), 0.0014780 secs] [Times: user=0.01 sys=0.00, real=0.00 secs] 
313.181: Total time for which application threads were stopped: 0.0019210 seconds, Stopping threads took: 0.0000520 seconds
313.251: Application time: 0.0700200 seconds
313.252: [GC313.252: [ParNew: 303581K->1177K(339904K), 0.0016850 secs] 768344K->465939K(1095044K), 0.0017210 secs] [Times: user=0.01 sys=0.00, real=0.00 secs] 
313.254: Total time for which application threads were stopped: 0.0021770 seconds, Stopping threads took: 0.0000600 seconds
313.323: Application time: 0.0695570 seconds
313.324: [GC313.324: [ParNew: 303321K->1240K(339904K), 0.0014650 secs] 768083K->466003K(1095044K), 0.0015020 secs] [Times: user=0.01 sys=0.00, real=0.00 secs] 
313.325: Total time for which application threads were stopped: 0.0019720 seconds, Stopping threads took: 0.0000710 seconds
313.394: Application time: 0.0692570 seconds
313.395: [GC313.395: [ParNew: 303384K->1331K(339904K), 0.0015100 secs] 768147K->466094K(1095044K), 0.0015470 secs] [Times: user=0.01 sys=0.00, real=0.00 secs] 
313.396: Total time for which application threads were stopped: 0.0020210 seconds, Stopping threads took: 0.0000710 seconds
313.466: Application time: 0.0698410 seconds
313.467: [GC313.467: [ParNew: 303475K->1096K(339904K), 0.0015460 secs] 768238K->465858K(1095044K), 0.0015830 secs] [Times: user=0.01 sys=0.00, real=0.01 secs] 
313.468: Total time for which application threads were stopped: 0.0020560 seconds, Stopping threads took: 0.0000830 seconds
313.538: Application time: 0.0694130 seconds
313.538: [GC313.538: [ParNew: 303240K->1085K(339904K), 0.0015640 secs] 768002K->465855K(1095044K), 0.0015980 secs] [Times: user=0.01 sys=0.00, real=0.01 secs] 
313.540: Total time for which application threads were stopped: 0.0020420 seconds, Stopping threads took: 0.0000860 seconds
313.611: Application time: 0.0710280 seconds
313.611: [GC313.611: [ParNew: 303229K->1036K(339904K), 0.0015620 secs] 767999K->465814K(1095044K), 0.0016010 secs] [Times: user=0.01 sys=0.01, real=0.00 secs] 
313.613: Total time for which application threads were stopped: 0.0020780 seconds, Stopping threads took: 0.0000770 seconds
313.683: Application time: 0.0703280 seconds
313.684: [GC313.684: [ParNew: 303180K->1229K(339904K), 0.0014730 secs] 767958K->466016K(1095044K), 0.0015070 secs] [Times: user=0.01 sys=0.01, real=0.00 secs] 
313.685: Total time for which application threads were stopped: 0.0019590 seconds, Stopping threads took: 0.0000500 seconds
313.754: Application time: 0.0692700 seconds
313.755: [GC313.755: [ParNew: 303373K->1287K(339904K), 0.0014850 secs] 768160K->466082K(1095044K), 0.0015290 secs] [Times: user=0.01 sys=0.00, real=0.00 secs] 
313.756: Total time for which application threads were stopped: 0.0019840 seconds, Stopping threads took: 0.0000650 seconds
313.826: Application time: 0.0699080 seconds
313.827: [GC313.827: [ParNew: 303431K->1086K(339904K), 0.0014690 secs] 768226K->465897K(1095044K), 0.0015050 secs] [Times: user=0.01 sys=0.00, real=0.01 secs] 
313.828: Total time for which application threads were stopped: 0.0019510 seconds, Stopping threads took: 0.0000570 seconds
313.898: Application time: 0.0693660 seconds
313.898: [GC313.898: [ParNew: 303230K->1063K(339904K), 0.0014580 secs] 768041K->465874K(1095044K), 0.0014930 secs] [Times: user=0.01 sys=0.00, real=0.01 secs] 
313.900: Total time for which application threads were stopped: 0.0019660 seconds, Stopping threads took: 0.0000620 seconds
313.969: Application time: 0.0692590 seconds
313.969: [GC313.969: [ParNew: 303207K->1033K(339904K), 0.0016410 secs] 768018K->465852K(1095044K), 0.0016780 secs] [Times: user=0.01 sys=0.00, real=0.00 secs] 
313.971: Total time for which application threads were stopped: 0.0021230 seconds, Stopping threads took: 0.0000570 seconds
314.040: Application time: 0.0689570 seconds
314.040: [GC314.040: [ParNew: 303177K->1093K(339904K), 0.0014200 secs] 767996K->465912K(1095044K), 0.0014580 secs] [Times: user=0.01 sys=0.00, real=0.00 secs] 
314.042: Total time for which application threads were stopped: 0.0019260 seconds, Stopping threads took: 0.0000750 seconds
314.111: Application time: 0.0688530 seconds
314.111: [GC314.111: [ParNew: 303237K->1126K(339904K), 0.0014720 secs] 768056K->465960K(1095044K), 0.0015090 secs] [Times: user=0.01 sys=0.00, real=0.00 secs] 
314.113: Total time for which application threads were stopped: 0.0019550 seconds, Stopping threads took: 0.0000540 seconds
314.181: Application time: 0.0687970 seconds
314.182: [GC314.182: [ParNew: 303270K->1318K(339904K), 0.0014800 secs] 768104K->466153K(1095044K), 0.0015170 secs] [Times: user=0.01 sys=0.00, real=0.00 secs] 
314.183: Total time for which application threads were stopped: 0.0019860 seconds, Stopping threads took: 0.0000780 seconds
314.254: Application time: 0.0706500 seconds
314.255: [GC314.255: [ParNew: 303462K->1331K(339904K), 0.0015130 secs] 768297K->466166K(1095044K), 0.0015520 secs] [Times: user=0.01 sys=0.00, real=0.00 secs] 
314.256: Total time for which application threads were stopped: 0.0020160 seconds, Stopping threads took: 0.0000720 seconds
314.325: Application time: 0.0693730 seconds
314.326: [GC314.326: [ParNew: 303475K->1188K(339904K), 0.0015530 secs] 768310K->466023K(1095044K), 0.0015880 secs] [Times: user=0.02 sys=0.00, real=0.01 secs] 
314.328: Total time for which application threads were stopped: 0.0021050 seconds, Stopping threads took: 0.0001260 seconds
314.397: Application time: 0.0698390 seconds
314.398: [GC314.398: [ParNew: 303332K->1050K(339904K), 0.0015210 secs] 768167K->465892K(1095044K), 0.0015560 secs] [Times: user=0.01 sys=0.00, real=0.01 secs] 
314.399: Total time for which application threads were stopped: 0.0020260 seconds, Stopping threads took: 0.0000790 seconds
314.468: Application time: 0.0689360 seconds
314.469: [GC314.469: [ParNew: 303194K->1059K(339904K), 0.0013780 secs] 768036K->465909K(1095044K), 0.0014120 secs] [Times: user=0.01 sys=0.00, real=0.00 secs] 
314.470: Total time for which application threads were stopped: 0.0019020 seconds, Stopping threads took: 0.0000740 seconds
314.540: Application time: 0.0701060 seconds
314.541: [GC314.541: [ParNew: 303203K->1082K(339904K), 0.0015860 secs] 768053K->465941K(1095044K), 0.0016210 secs] [Times: user=0.01 sys=0.00, real=0.00 secs] 
314.543: Total time for which application threads were stopped: 0.0020570 seconds, Stopping threads took: 0.0000780 seconds
314.613: Application time: 0.0701250 seconds
314.613: [GC314.613: [ParNew: 303226K->1067K(339904K), 0.0014590 secs] 768085K->465941K(1095044K), 0.0015010 secs] [Times: user=0.01 sys=0.00, real=0.00 secs] 
314.615: Total time for which application threads were stopped: 0.0019940 seconds, Stopping threads took: 0.0001030 seconds
314.684: Application time: 0.0696350 seconds
314.685: [GC314.685: [ParNew: 303211K->1219K(339904K), 0.0016730 secs] 768085K->466093K(1095044K), 0.0017100 secs] [Times: user=0.01 sys=0.00, real=0.00 secs] 
314.687: Total time for which application threads were stopped: 0.0022540 seconds, Stopping threads took: 0.0001450 seconds
314.755: Application time: 0.0688570 seconds
314.756: [GC314.756: [ParNew: 303363K->1182K(339904K), 0.0016500 secs] 768237K->466057K(1095044K), 0.0016860 secs] [Times: user=0.01 sys=0.00, real=0.00 secs] 
314.758: Total time for which application threads were stopped: 0.0021400 seconds, Stopping threads took: 0.0000620 seconds
314.827: Application time: 0.0695570 seconds
314.828: [GC314.828: [ParNew: 303054K->1045K(339904K), 0.0017040 secs] 767929K->465928K(1095044K), 0.0017380 secs] [Times: user=0.01 sys=0.00, real=0.00 secs] 
314.829: Total time for which application threads were stopped: 0.0021980 seconds, Stopping threads took: 0.0000580 seconds
314.899: Application time: 0.0693680 seconds
314.899: [GC314.899: [ParNew: 303189K->1010K(339904K), 0.0014560 secs] 768072K->465892K(1095044K), 0.0014940 secs] [Times: user=0.01 sys=0.00, real=0.01 secs] 
314.901: Total time for which application threads were stopped: 0.0019390 seconds, Stopping threads took: 0.0000560 seconds
314.970: Application time: 0.0689880 seconds
314.970: [GC314.970: [ParNew: 303154K->1173K(339904K), 0.0014370 secs] 768036K->466063K(1095044K), 0.0014740 secs] [Times: user=0.01 sys=0.00, real=0.00 secs] 
314.972: Total time for which application threads were stopped: 0.0019400 seconds, Stopping threads took: 0.0000470 seconds
315.041: Application time: 0.0691390 seconds
315.041: [GC315.041: [ParNew: 303317K->1243K(339904K), 0.0014560 secs] 768207K->466150K(1095044K), 0.0014920 secs] [Times: user=0.01 sys=0.00, real=0.00 secs] 
315.043: Total time for which application threads were stopped: 0.0019340 seconds, Stopping threads took: 0.0000540 seconds
315.112: Application time: 0.0690190 seconds
315.112: [GC315.112: [ParNew: 303387K->1354K(339904K), 0.0014700 secs] 768294K->466261K(1095044K), 0.0015060 secs] [Times: user=0.01 sys=0.00, real=0.00 secs] 
315.114: Total time for which application threads were stopped: 0.0019510 seconds, Stopping threads took: 0.0000510 seconds
315.186: Application time: 0.0725750 seconds
315.187: [GC315.187: [ParNew: 303498K->1360K(339904K), 0.0015060 secs] 768405K->466267K(1095044K), 0.0015440 secs] [Times: user=0.01 sys=0.00, real=0.01 secs] 
315.188: Total time for which application threads were stopped: 0.0020030 seconds, Stopping threads took: 0.0000690 seconds
315.258: Application time: 0.0700260 seconds
315.259: [GC315.259: [ParNew: 303504K->1377K(339904K), 0.0015390 secs] 768411K->466284K(1095044K), 0.0015770 secs] [Times: user=0.01 sys=0.00, real=0.01 secs] 
315.260: Total time for which application threads were stopped: 0.0020580 seconds, Stopping threads took: 0.0000940 seconds
315.262: Application time: 0.0014200 seconds
315.262: Total time for which application threads were stopped: 0.0004690 seconds, Stopping threads took: 0.0001280 seconds
315.330: Application time: 0.0678500 seconds
315.330: [GC315.330: [ParNew: 303521K->1181K(339904K), 0.0014400 secs] 768428K->466095K(1095044K), 0.0014780 secs] [Times: user=0.01 sys=0.00, real=0.00 secs] 
315.332: Total time for which application threads were stopped: 0.0019360 seconds, Stopping threads took: 0.0000660 seconds
315.401: Application time: 0.0691490 seconds
315.402: [GC315.402: [ParNew: 303325K->1119K(339904K), 0.0014400 secs] 768239K->466042K(1095044K), 0.0014740 secs] [Times: user=0.01 sys=0.00, real=0.00 secs] 
315.403: Total time for which application threads were stopped: 0.0019320 seconds, Stopping threads took: 0.0000610 seconds
315.473: Application time: 0.0696080 seconds
315.473: [GC315.473: [ParNew: 303263K->1291K(339904K), 0.0016900 secs] 768186K->466221K(1095044K), 0.0017300 secs] [Times: user=0.01 sys=0.00, real=0.00 secs] 
315.475: Total time for which application threads were stopped: 0.0021990 seconds, Stopping threads took: 0.0000520 seconds
315.545: Application time: 0.0700220 seconds
315.545: [GC315.545: [ParNew: 303435K->1210K(339904K), 0.0016380 secs] 768365K->466141K(1095044K), 0.0016720 secs] [Times: user=0.01 sys=0.00, real=0.00 secs] 
315.547: Total time for which application threads were stopped: 0.0021660 seconds, Stopping threads took: 0.0000860 seconds
315.617: Application time: 0.0695300 seconds
315.617: [GC315.617: [ParNew: 303354K->1304K(339904K), 0.0016030 secs] 768285K->466235K(1095044K), 0.0016380 secs] [Times: user=0.01 sys=0.00, real=0.00 secs] 
315.619: Total time for which application threads were stopped: 0.0020940 seconds, Stopping threads took: 0.0000660 seconds
315.688: Application time: 0.0695900 seconds
315.689: [GC315.689: [ParNew: 303448K->1287K(339904K), 0.0014910 secs] 768379K->466217K(1095044K), 0.0015280 secs] [Times: user=0.02 sys=0.00, real=0.00 secs] 
315.690: Total time for which application threads were stopped: 0.0019690 seconds, Stopping threads took: 0.0000510 seconds
315.759: Application time: 0.0691050 seconds
315.760: [GC315.760: [ParNew: 303431K->1220K(339904K), 0.0014690 secs] 768361K->466166K(1095044K), 0.0015070 secs] [Times: user=0.01 sys=0.00, real=0.00 secs] 
315.761: Total time for which application threads were stopped: 0.0019490 seconds, Stopping threads took: 0.0000510 seconds
315.831: Application time: 0.0698340 seconds
315.832: [GC315.832: [ParNew: 303364K->1321K(339904K), 0.0015200 secs] 768310K->466268K(1095044K), 0.0015570 secs] [Times: user=0.01 sys=0.00, real=0.00 secs] 
315.833: Total time for which application threads were stopped: 0.0020380 seconds, Stopping threads took: 0.0000790 seconds
315.903: Application time: 0.0693720 seconds
315.903: [GC315.903: [ParNew: 303465K->1169K(339904K), 0.0015110 secs] 768412K->466123K(1095044K), 0.0015480 secs] [Times: user=0.01 sys=0.00, real=0.00 secs] 
315.905: Total time for which application threads were stopped: 0.0019940 seconds, Stopping threads took: 0.0000550 seconds
315.973: Application time: 0.0688670 seconds
315.974: [GC315.974: [ParNew: 303313K->1390K(339904K), 0.0014860 secs] 768267K->466360K(1095044K), 0.0015230 secs] [Times: user=0.01 sys=0.00, real=0.00 secs] 
315.975: Total time for which application threads were stopped: 0.0019960 seconds, Stopping threads took: 0.0000580 seconds
316.045: Application time: 0.0694780 seconds
316.045: [GC316.045: [ParNew: 303534K->1329K(339904K), 0.0015220 secs] 768504K->466300K(1095044K), 0.0015570 secs] [Times: user=0.01 sys=0.00, real=0.00 secs] 
316.047: Total time for which application threads were stopped: 0.0020060 seconds, Stopping threads took: 0.0000600 seconds
316.116: Application time: 0.0692620 seconds
316.117: [GC316.117: [ParNew: 303473K->1250K(339904K), 0.0015440 secs] 768444K->466221K(1095044K), 0.0015790 secs] [Times: user=0.01 sys=0.00, real=0.00 secs] 
316.118: Total time for which application threads were stopped: 0.0020310 seconds, Stopping threads took: 0.0000620 seconds
316.188: Application time: 0.0700950 seconds
316.189: [GC316.189: [ParNew: 303394K->1258K(339904K), 0.0014810 secs] 768365K->466229K(1095044K), 0.0015160 secs] [Times: user=0.01 sys=0.00, real=0.00 secs] 
316.190: Total time for which application threads were stopped: 0.0019990 seconds, Stopping threads took: 0.0000940 seconds
316.261: Application time: 0.0703080 seconds
316.261: [GC316.261: [ParNew: 303402K->1136K(339904K), 0.0015040 secs] 768373K->466227K(1095044K), 0.0015380 secs] [Times: user=0.01 sys=0.00, real=0.00 secs] 
316.263: Total time for which application threads were stopped: 0.0020210 seconds, Stopping threads took: 0.0000860 seconds
316.333: Application time: 0.0706870 seconds
316.334: [GC316.334: [ParNew: 303280K->1217K(339904K), 0.0016710 secs] 768371K->466316K(1095044K), 0.0017030 secs] [Times: user=0.01 sys=0.00, real=0.00 secs] 
316.336: Total time for which application threads were stopped: 0.0022090 seconds, Stopping threads took: 0.0001130 seconds
316.405: Application time: 0.0694730 seconds
316.406: [GC316.406: [ParNew: 303361K->1096K(339904K), 0.0016490 secs] 768460K->466210K(1095044K), 0.0016910 secs] [Times: user=0.01 sys=0.00, real=0.01 secs] 
316.407: Total time for which application threads were stopped: 0.0023450 seconds, Stopping threads took: 0.0002510 seconds
316.477: Application time: 0.0694210 seconds
316.477: [GC316.477: [ParNew: 303240K->1093K(339904K), 0.0015410 secs] 768354K->466208K(1095044K), 0.0015780 secs] [Times: user=0.01 sys=0.00, real=0.00 secs] 
316.479: Total time for which application threads were stopped: 0.0022470 seconds, Stopping threads took: 0.0002400 seconds
316.548: Application time: 0.0693240 seconds
316.549: [GC316.549: [ParNew: 303237K->1260K(339904K), 0.0014400 secs] 768352K->466374K(1095044K), 0.0014780 secs] [Times: user=0.01 sys=0.00, real=0.00 secs] 
316.550: Total time for which application threads were stopped: 0.0019380 seconds, Stopping threads took: 0.0000690 seconds
316.620: Application time: 0.0692990 seconds
316.620: [GC316.620: [ParNew: 303404K->1223K(339904K), 0.0014420 secs] 768518K->466337K(1095044K), 0.0014800 secs] [Times: user=0.01 sys=0.00, real=0.00 secs] 
316.622: Total time for which application threads were stopped: 0.0019190 seconds, Stopping threads took: 0.0000530 seconds
316.691: Application time: 0.0691530 seconds
316.691: [GC316.691: [ParNew: 303367K->1229K(339904K), 0.0016100 secs] 768481K->466343K(1095044K), 0.0016470 secs] [Times: user=0.01 sys=0.00, real=0.00 secs] 
316.693: Total time for which application threads were stopped: 0.0021140 seconds, Stopping threads took: 0.0000760 seconds
316.762: Application time: 0.0691540 seconds
316.762: [GC316.762: [ParNew: 303373K->1417K(339904K), 0.0014930 secs] 768487K->466540K(1095044K), 0.0015290 secs] [Times: user=0.01 sys=0.00, real=0.00 secs] 
316.764: Total time for which application threads were stopped: 0.0019770 seconds, Stopping threads took: 0.0000560 seconds
316.833: Application time: 0.0691450 seconds
316.834: [GC316.834: [ParNew: 303561K->1142K(339904K), 0.0015100 secs] 768684K->466272K(1095044K), 0.0015460 secs] [Times: user=0.01 sys=0.00, real=0.00 secs] 
316.835: Total time for which application threads were stopped: 0.0019980 seconds, Stopping threads took: 0.0000590 seconds
316.904: Application time: 0.0692160 seconds
316.905: [GC316.905: [ParNew: 303286K->1261K(339904K), 0.0014770 secs] 768416K->466392K(1095044K), 0.0015120 secs] [Times: user=0.01 sys=0.00, real=0.00 secs] 
316.906: Total time for which application threads were stopped: 0.0019650 seconds, Stopping threads took: 0.0000620 seconds
316.976: Application time: 0.0696900 seconds
316.976: [GC316.976: [ParNew: 303405K->1173K(339904K), 0.0014990 secs] 768536K->466311K(1095044K), 0.0015350 secs] [Times: user=0.01 sys=0.01, real=0.00 secs] 
316.978: Total time for which application threads were stopped: 0.0019960 seconds, Stopping threads took: 0.0000710 seconds
317.048: Application time: 0.0695830 seconds
317.048: [GC317.048: [ParNew: 303317K->1155K(339904K), 0.0015860 secs] 768455K->466294K(1095044K), 0.0016210 secs] [Times: user=0.01 sys=0.00, real=0.00 secs] 
317.050: Total time for which application threads were stopped: 0.0020980 seconds, Stopping threads took: 0.0000670 seconds
317.119: Application time: 0.0695290 seconds
317.120: [GC317.120: [ParNew: 303299K->1111K(339904K), 0.0014680 secs] 768438K->466258K(1095044K), 0.0015020 secs] [Times: user=0.01 sys=0.00, real=0.00 secs] 
317.121: Total time for which application threads were stopped: 0.0019600 seconds, Stopping threads took: 0.0000670 seconds
317.190: Application time: 0.0692730 seconds
317.191: [GC317.191: [ParNew: 303255K->1201K(339904K), 0.0014530 secs] 768402K->466347K(1095044K), 0.0014870 secs] [Times: user=0.01 sys=0.00, real=0.00 secs] 
317.192: Total time for which application threads were stopped: 0.0019640 seconds, Stopping threads took: 0.0000840 seconds
317.263: Application time: 0.0706180 seconds
317.263: [GC317.263: [ParNew: 303345K->1129K(339904K), 0.0015270 secs] 768491K->466283K(1095044K), 0.0015700 secs] [Times: user=0.01 sys=0.00, real=0.00 secs] 
317.265: Total time for which application threads were stopped: 0.0020390 seconds, Stopping threads took: 0.0000710 seconds
317.334: Application time: 0.0690600 seconds
317.335: [GC317.335: [ParNew: 303273K->1175K(339904K), 0.0014620 secs] 768427K->466337K(1095044K), 0.0015000 secs] [Times: user=0.01 sys=0.00, real=0.00 secs] 
317.336: Total time for which application threads were stopped: 0.0019680 seconds, Stopping threads took: 0.0000750 seconds
317.405: Application time: 0.0687510 seconds
317.405: [GC317.405: [ParNew: 303319K->1132K(339904K), 0.0016250 secs] 768481K->466302K(1095044K), 0.0016630 secs] [Times: user=0.01 sys=0.00, real=0.00 secs] 
317.407: Total time for which application threads were stopped: 0.0020990 seconds, Stopping threads took: 0.0000800 seconds
317.476: Application time: 0.0692850 seconds
317.477: [GC317.477: [ParNew: 303276K->1218K(339904K), 0.0014720 secs] 768446K->466389K(1095044K), 0.0015080 secs] [Times: user=0.01 sys=0.00, real=0.00 secs] 
317.478: Total time for which application threads were stopped: 0.0019790 seconds, Stopping threads took: 0.0000830 seconds
317.547: Application time: 0.0693060 seconds
317.548: [GC317.548: [ParNew: 303362K->1136K(339904K), 0.0015840 secs] 768533K->466307K(1095044K), 0.0016210 secs] [Times: user=0.01 sys=0.00, real=0.00 secs] 
317.550: Total time for which application threads were stopped: 0.0020850 seconds, Stopping threads took: 0.0000720 seconds
317.619: Application time: 0.0693950 seconds
317.619: [GC317.619: [ParNew: 303280K->1315K(339904K), 0.0014560 secs] 768451K->466485K(1095044K), 0.0014930 secs] [Times: user=0.01 sys=0.00, real=0.00 secs] 
317.621: Total time for which application threads were stopped: 0.0019880 seconds, Stopping threads took: 0.0000690 seconds
317.690: Application time: 0.0692180 seconds
317.691: [GC317.691: [ParNew: 303459K->1107K(339904K), 0.0017710 secs] 768629K->466285K(1095044K), 0.0018050 secs] [Times: user=0.02 sys=0.00, real=0.00 secs] 
317.692: Total time for which application threads were stopped: 0.0022730 seconds, Stopping threads took: 0.0000760 seconds
317.762: Application time: 0.0691270 seconds
317.762: [GC317.762: [ParNew: 303251K->1092K(339904K), 0.0015630 secs] 768429K->466271K(1095044K), 0.0015990 secs] [Times: user=0.01 sys=0.00, real=0.00 secs] 
317.764: Total time for which application threads were stopped: 0.0020630 seconds, Stopping threads took: 0.0000770 seconds
317.833: Application time: 0.0691580 seconds
317.833: [GC317.833: [ParNew: 303236K->1093K(339904K), 0.0015940 secs] 768415K->466279K(1095044K), 0.0016300 secs] [Times: user=0.01 sys=0.00, real=0.00 secs] 
317.835: Total time for which application threads were stopped: 0.0020820 seconds, Stopping threads took: 0.0000640 seconds
317.905: Application time: 0.0700500 seconds
317.905: [GC317.905: [ParNew: 303237K->1174K(339904K), 0.0014820 secs] 768423K->466369K(1095044K), 0.0015180 secs] [Times: user=0.01 sys=0.00, real=0.00 secs] 
317.907: Total time for which application threads were stopped: 0.0019600 seconds, Stopping threads took: 0.0000560 seconds
317.977: Application time: 0.0698090 seconds
317.977: [GC317.977: [ParNew: 303318K->1063K(339904K), 0.0014320 secs] 768513K->466257K(1095044K), 0.0014660 secs] [Times: user=0.01 sys=0.00, real=0.00 secs] 
317.979: Total time for which application threads were stopped: 0.0019550 seconds, Stopping threads took: 0.0001000 seconds
318.049: Application time: 0.0700710 seconds
318.049: [GC318.049: [ParNew: 303207K->1109K(339904K), 0.0017170 secs] 768401K->466312K(1095044K), 0.0017490 secs] [Times: user=0.02 sys=0.00, real=0.00 secs] 
318.051: Total time for which application threads were stopped: 0.0022560 seconds, Stopping threads took: 0.0001100 seconds
318.122: Application time: 0.0704910 seconds
318.122: [GC318.122: [ParNew: 303253K->1126K(339904K), 0.0015770 secs] 768456K->466337K(1095044K), 0.0016120 secs] [Times: user=0.01 sys=0.00, real=0.00 secs] 
318.124: Total time for which application threads were stopped: 0.0020900 seconds, Stopping threads took: 0.0000950 seconds
318.195: Application time: 0.0713840 seconds
318.195: [GC318.195: [ParNew: 303270K->1187K(339904K), 0.0030390 secs] 768481K->466406K(1095044K), 0.0030750 secs] [Times: user=0.02 sys=0.00, real=0.00 secs] 
318.199: Total time for which application threads were stopped: 0.0035620 seconds, Stopping threads took: 0.0000730 seconds
318.269: Application time: 0.0707800 seconds
318.270: [GC318.270: [ParNew: 303331K->1086K(339904K), 0.0015340 secs] 768550K->466313K(1095044K), 0.0015670 secs] [Times: user=0.01 sys=0.01, real=0.00 secs] 
318.271: Total time for which application threads were stopped: 0.0020700 seconds, Stopping threads took: 0.0001060 seconds
318.341: Application time: 0.0693450 seconds
318.341: [GC318.341: [ParNew: 303230K->1143K(339904K), 0.0014190 secs] 768457K->466377K(1095044K), 0.0014550 secs] [Times: user=0.01 sys=0.00, real=0.00 secs] 
318.343: Total time for which application threads were stopped: 0.0018900 seconds, Stopping threads took: 0.0000440 seconds
318.412: Application time: 0.0690850 seconds
318.412: [GC318.412: [ParNew: 303287K->1379K(339904K), 0.0014510 secs] 768521K->466614K(1095044K), 0.0014870 secs] [Times: user=0.01 sys=0.00, real=0.00 secs] 
318.414: Total time for which application threads were stopped: 0.0019300 seconds, Stopping threads took: 0.0000490 seconds
318.483: Application time: 0.0690430 seconds
318.484: [GC318.484: [ParNew: 303523K->1362K(339904K), 0.0015090 secs] 768758K->466597K(1095044K), 0.0015440 secs] [Times: user=0.01 sys=0.00, real=0.00 secs] 
318.485: Total time for which application threads were stopped: 0.0024730 seconds, Stopping threads took: 0.0005390 seconds
318.556: Application time: 0.0708930 seconds
318.557: [GC318.557: [ParNew: 303506K->1413K(339904K), 0.0014800 secs] 768741K->466648K(1095044K), 0.0015180 secs] [Times: user=0.01 sys=0.00, real=0.00 secs] 
318.558: Total time for which application threads were stopped: 0.0019610 seconds, Stopping threads took: 0.0000510 seconds
318.627: Application time: 0.0692330 seconds
318.628: [GC318.628: [ParNew: 303557K->1471K(339904K), 0.0015290 secs] 768792K->466713K(1095044K), 0.0015670 secs] [Times: user=0.01 sys=0.00, real=0.00 secs] 
318.629: Total time for which application threads were stopped: 0.0020530 seconds, Stopping threads took: 0.0000760 seconds
318.699: Application time: 0.0693940 seconds
318.699: [GC318.699: [ParNew: 303615K->1474K(339904K), 0.0015070 secs] 768857K->466717K(1095044K), 0.0015430 secs] [Times: user=0.01 sys=0.00, real=0.01 secs] 
318.701: Total time for which application threads were stopped: 0.0020030 seconds, Stopping threads took: 0.0000670 seconds
318.728: Application time: 0.0274120 seconds
318.729: Total time for which application threads were stopped: 0.0004490 seconds, Stopping threads took: 0.0000870 seconds
318.771: Application time: 0.0423270 seconds
318.771: [GC318.771: [ParNew: 303618K->1315K(339904K), 0.0015500 secs] 768861K->466566K(1095044K), 0.0015850 secs] [Times: user=0.01 sys=0.00, real=0.00 secs] 
318.773: Total time for which application threads were stopped: 0.0020590 seconds, Stopping threads took: 0.0000810 seconds
318.842: Application time: 0.0690500 seconds
318.843: [GC318.843: [ParNew: 303459K->1463K(339904K), 0.0018260 secs] 768710K->466722K(1095044K), 0.0018640 secs] [Times: user=0.01 sys=0.00, real=0.00 secs] 
318.844: Total time for which application threads were stopped: 0.0023730 seconds, Stopping threads took: 0.0001170 seconds
318.914: Application time: 0.0698130 seconds
318.915: [GC318.915: [ParNew: 303607K->1128K(339904K), 0.0014780 secs] 768866K->466386K(1095044K), 0.0015150 secs] [Times: user=0.01 sys=0.00, real=0.00 secs] 
318.916: Total time for which application threads were stopped: 0.0019670 seconds, Stopping threads took: 0.0000620 seconds
318.986: Application time: 0.0696760 seconds
318.986: [GC318.986: [ParNew: 303272K->1119K(339904K), 0.0014930 secs] 768530K->466386K(1095044K), 0.0015260 secs] [Times: user=0.01 sys=0.00, real=0.01 secs] 
318.988: Total time for which application threads were stopped: 0.0020060 seconds, Stopping threads took: 0.0000750 seconds
319.058: Application time: 0.0696710 seconds
319.058: [GC319.058: [ParNew: 303263K->1219K(339904K), 0.0016160 secs] 768530K->466494K(1095044K), 0.0016510 secs] [Times: user=0.01 sys=0.00, real=0.01 secs] 
319.060: Total time for which application threads were stopped: 0.0021130 seconds, Stopping threads took: 0.0000690 seconds
319.129: Application time: 0.0692220 seconds
319.129: [GC319.129: [ParNew: 303363K->1221K(339904K), 0.0015350 secs] 768638K->466504K(1095044K), 0.0015720 secs] [Times: user=0.01 sys=0.00, real=0.00 secs] 
319.131: Total time for which application threads were stopped: 0.0020700 seconds, Stopping threads took: 0.0000870 seconds
319.201: Application time: 0.0699020 seconds
319.201: [GC319.201: [ParNew: 303365K->1183K(339904K), 0.0015970 secs] 768648K->466466K(1095044K), 0.0016320 secs] [Times: user=0.01 sys=0.00, real=0.00 secs] 
319.203: Total time for which application threads were stopped: 0.0020960 seconds, Stopping threads took: 0.0000830 seconds
319.272: Application time: 0.0693050 seconds
319.273: [GC319.273: [ParNew: 303327K->1253K(339904K), 0.0017140 secs] 768610K->466536K(1095044K), 0.0017500 secs] [Times: user=0.02 sys=0.00, real=0.00 secs] 
319.275: Total time for which application threads were stopped: 0.0021870 seconds, Stopping threads took: 0.0000480 seconds
319.343: Application time: 0.0686570 seconds
319.344: [GC319.344: [ParNew: 303397K->1193K(339904K), 0.0015580 secs] 768680K->466484K(1095044K), 0.0015940 secs] [Times: user=0.01 sys=0.00, real=0.00 secs] 
319.345: Total time for which application threads were stopped: 0.0020500 seconds, Stopping threads took: 0.0000650 seconds
319.414: Application time: 0.0689900 seconds
319.415: [GC319.415: [ParNew: 303337K->1468K(339904K), 0.0016270 secs] 768628K->466759K(1095044K), 0.0016640 secs] [Times: user=0.01 sys=0.00, real=0.00 secs] 
319.416: Total time for which application threads were stopped: 0.0021290 seconds, Stopping threads took: 0.0000730 seconds
319.486: Application time: 0.0692590 seconds
319.486: [GC319.486: [ParNew: 303612K->1403K(339904K), 0.0015710 secs] 768903K->466694K(1095044K), 0.0016080 secs] [Times: user=0.01 sys=0.00, real=0.01 secs] 
319.488: Total time for which application threads were stopped: 0.0021050 seconds, Stopping threads took: 0.0001060 seconds
319.557: Application time: 0.0690710 seconds
319.557: [GC319.557: [ParNew: 303547K->1400K(339904K), 0.0015980 secs] 768838K->466698K(1095044K), 0.0016350 secs] [Times: user=0.01 sys=0.00, real=0.00 secs] 
319.559: Total time for which application threads were stopped: 0.0021420 seconds, Stopping threads took: 0.0001170 seconds
319.628: Application time: 0.0694150 seconds
319.629: [GC319.629: [ParNew: 303544K->1202K(339904K), 0.0015450 secs] 768842K->466621K(1095044K), 0.0015800 secs] [Times: user=0.01 sys=0.00, real=0.00 secs] 
319.630: Total time for which application threads were stopped: 0.0020530 seconds, Stopping threads took: 0.0000810 seconds
319.700: Application time: 0.0698000 seconds
319.701: [GC319.701: [ParNew: 303346K->1159K(339904K), 0.0014760 secs] 768765K->466578K(1095044K), 0.0015110 secs] [Times: user=0.01 sys=0.00, real=0.00 secs] 
319.702: Total time for which application threads were stopped: 0.0020090 seconds, Stopping threads took: 0.0000860 seconds
319.772: Application time: 0.0693490 seconds
319.772: [GC319.772: [ParNew: 303303K->1151K(339904K), 0.0015120 secs] 768722K->466578K(1095044K), 0.0015470 secs] [Times: user=0.01 sys=0.00, real=0.00 secs] 
319.774: Total time for which application threads were stopped: 0.0021270 seconds, Stopping threads took: 0.0001830 seconds
319.843: Application time: 0.0696050 seconds
319.844: [GC319.844: [ParNew: 303295K->1240K(339904K), 0.0018090 secs] 768722K->466675K(1095044K), 0.0018440 secs] [Times: user=0.01 sys=0.00, real=0.00 secs] 
319.846: Total time for which application threads were stopped: 0.0022980 seconds, Stopping threads took: 0.0000990 seconds
319.916: Application time: 0.0701960 seconds
319.916: [GC319.916: [ParNew: 303384K->956K(339904K), 0.0017090 secs] 768819K->466391K(1095044K), 0.0017480 secs] [Times: user=0.02 sys=0.00, real=0.00 secs] 
319.918: Total time for which application threads were stopped: 0.0022060 seconds, Stopping threads took: 0.0000610 seconds
319.989: Application time: 0.0705750 seconds
319.989: [GC319.989: [ParNew: 303100K->1071K(339904K), 0.0016180 secs] 768535K->466514K(1095044K), 0.0016480 secs] [Times: user=0.01 sys=0.00, real=0.00 secs] 
319.991: Total time for which application threads were stopped: 0.0021410 seconds, Stopping threads took: 0.0001030 seconds
320.061: Application time: 0.0699870 seconds
320.061: [GC320.061: [ParNew: 303215K->1042K(339904K), 0.0016630 secs] 768658K->466493K(1095044K), 0.0016990 secs] [Times: user=0.01 sys=0.00, real=0.00 secs] 
320.063: Total time for which application threads were stopped: 0.0021860 seconds, Stopping threads took: 0.0000950 seconds
320.132: Application time: 0.0691480 seconds
320.132: [GC320.133: [ParNew: 303186K->1017K(339904K), 0.0015550 secs] 768637K->466468K(1095044K), 0.0015920 secs] [Times: user=0.01 sys=0.00, real=0.00 secs] 
320.134: Total time for which application threads were stopped: 0.0020340 seconds, Stopping threads took: 0.0000520 seconds
320.204: Application time: 0.0701520 seconds
320.205: [GC320.205: [ParNew: 303161K->1148K(339904K), 0.0014820 secs] 768612K->466599K(1095044K), 0.0015180 secs] [Times: user=0.01 sys=0.00, real=0.00 secs] 
320.206: Total time for which application threads were stopped: 0.0019780 seconds, Stopping threads took: 0.0000490 seconds
320.275: Application time: 0.0689400 seconds
320.276: [GC320.276: [ParNew: 303292K->1223K(339904K), 0.0014690 secs] 768743K->466674K(1095044K), 0.0015070 secs] [Times: user=0.01 sys=0.00, real=0.00 secs] 
320.277: Total time for which application threads were stopped: 0.0020030 seconds, Stopping threads took: 0.0001000 seconds
320.347: Application time: 0.0694350 seconds
320.347: [GC320.347: [ParNew: 303367K->1249K(339904K), 0.0016570 secs] 768818K->466708K(1095044K), 0.0016950 secs] [Times: user=0.01 sys=0.00, real=0.01 secs] 
320.349: Total time for which application threads were stopped: 0.0021330 seconds, Stopping threads took: 0.0000810 seconds
320.418: Application time: 0.0691100 seconds
320.418: [GC320.418: [ParNew: 303393K->1288K(339904K), 0.0015240 secs] 768852K->466747K(1095044K), 0.0015630 secs] [Times: user=0.01 sys=0.00, real=0.01 secs] 
320.420: Total time for which application threads were stopped: 0.0020040 seconds, Stopping threads took: 0.0000500 seconds
320.489: Application time: 0.0690510 seconds
320.489: [GC320.489: [ParNew: 303432K->1394K(339904K), 0.0015450 secs] 768891K->466853K(1095044K), 0.0015830 secs] [Times: user=0.01 sys=0.00, real=0.00 secs] 
320.491: Total time for which application threads were stopped: 0.0020460 seconds, Stopping threads took: 0.0000750 seconds
320.560: Application time: 0.0692870 seconds
320.561: [GC320.561: [ParNew: 303538K->1247K(339904K), 0.0015120 secs] 768997K->466714K(1095044K), 0.0015490 secs] [Times: user=0.01 sys=0.00, real=0.00 secs] 
320.562: Total time for which application threads were stopped: 0.0019830 seconds, Stopping threads took: 0.0000520 seconds
320.632: Application time: 0.0697870 seconds
320.633: [GC320.633: [ParNew: 303391K->1222K(339904K), 0.0015610 secs] 768858K->466689K(1095044K), 0.0015980 secs] [Times: user=0.01 sys=0.00, real=0.00 secs] 
320.634: Total time for which application threads were stopped: 0.0020740 seconds, Stopping threads took: 0.0000850 seconds
320.704: Application time: 0.0697250 seconds
320.704: [GC320.704: [ParNew: 303366K->1023K(339904K), 0.0017270 secs] 768833K->466498K(1095044K), 0.0017620 secs] [Times: user=0.01 sys=0.00, real=0.00 secs] 
320.706: Total time for which application threads were stopped: 0.0022140 seconds, Stopping threads took: 0.0000550 seconds
320.775: Application time: 0.0691990 seconds
320.776: [GC320.776: [ParNew: 303167K->902K(339904K), 0.0014350 secs] 768642K->466384K(1095044K), 0.0014680 secs] [Times: user=0.01 sys=0.00, real=0.00 secs] 
320.777: Total time for which application threads were stopped: 0.0019620 seconds, Stopping threads took: 0.0000690 seconds
320.847: Application time: 0.0698350 seconds
320.848: [GC320.848: [ParNew: 303046K->1075K(339904K), 0.0018580 secs] 768528K->466574K(1095044K), 0.0018940 secs] [Times: user=0.01 sys=0.00, real=0.00 secs] 
320.849: Total time for which application threads were stopped: 0.0023330 seconds, Stopping threads took: 0.0000730 seconds
320.919: Application time: 0.0700890 seconds
320.920: [GC320.920: [ParNew: 303219K->1085K(339904K), 0.0016290 secs] 768718K->466592K(1095044K), 0.0016660 secs] [Times: user=0.01 sys=0.00, real=0.00 secs] 
320.922: Total time for which application threads were stopped: 0.0021370 seconds, Stopping threads took: 0.0001200 seconds
320.991: Application time: 0.0693520 seconds
320.991: [GC320.992: [ParNew: 303229K->1170K(339904K), 0.0014230 secs] 768736K->466684K(1095044K), 0.0014590 secs] [Times: user=0.01 sys=0.00, real=0.00 secs] 
320.993: Total time for which application threads were stopped: 0.0019610 seconds, Stopping threads took: 0.0000980 seconds
321.062: Application time: 0.0689230 seconds
321.062: [GC321.062: [ParNew: 303314K->1185K(339904K), 0.0015240 secs] 768828K->466700K(1095044K), 0.0015620 secs] [Times: user=0.01 sys=0.00, real=0.00 secs] 
321.064: Total time for which application threads were stopped: 0.0020430 seconds, Stopping threads took: 0.0000910 seconds
321.133: Application time: 0.0691940 seconds
321.134: [GC321.134: [ParNew: 303329K->1293K(339904K), 0.0018040 secs] 768844K->466808K(1095044K), 0.0018400 secs] [Times: user=0.02 sys=0.00, real=0.00 secs] 
321.135: Total time for which application threads were stopped: 0.0022910 seconds, Stopping threads took: 0.0000600 seconds
321.205: Application time: 0.0696970 seconds
321.206: [GC321.206: [ParNew: 303437K->1289K(339904K), 0.0014200 secs] 768952K->466803K(1095044K), 0.0014580 secs] [Times: user=0.01 sys=0.00, real=0.00 secs] 
321.207: Total time for which application threads were stopped: 0.0019050 seconds, Stopping threads took: 0.0000550 seconds
321.276: Application time: 0.0686890 seconds
321.276: [GC321.276: [ParNew: 303433K->1246K(339904K), 0.0016730 secs] 768947K->466769K(1095044K), 0.0017080 secs] [Times: user=0.01 sys=0.00, real=0.00 secs] 
321.278: Total time for which application threads were stopped: 0.0021680 seconds, Stopping threads took: 0.0000650 seconds
321.347: Application time: 0.0694270 seconds
321.348: [GC321.348: [ParNew: 303390K->1411K(339904K), 0.0014950 secs] 768913K->466933K(1095044K), 0.0015330 secs] [Times: user=0.01 sys=0.00, real=0.00 secs] 
321.349: Total time for which application threads were stopped: 0.0020020 seconds, Stopping threads took: 0.0000500 seconds
321.419: Application time: 0.0693030 seconds
321.419: [GC321.419: [ParNew: 303555K->1401K(339904K), 0.0015230 secs] 769077K->466924K(1095044K), 0.0015590 secs] [Times: user=0.01 sys=0.00, real=0.01 secs] 
321.421: Total time for which application threads were stopped: 0.0020110 seconds, Stopping threads took: 0.0000570 seconds
321.491: Application time: 0.0700500 seconds
321.491: [GC321.491: [ParNew: 303545K->1353K(339904K), 0.0014700 secs] 769068K->466876K(1095044K), 0.0015080 secs] [Times: user=0.01 sys=0.00, real=0.00 secs] 
321.493: Total time for which application threads were stopped: 0.0019490 seconds, Stopping threads took: 0.0000510 seconds
321.562: Application time: 0.0690390 seconds
321.562: [GC321.562: [ParNew: 303497K->1261K(339904K), 0.0016470 secs] 769020K->466792K(1095044K), 0.0016820 secs] [Times: user=0.01 sys=0.00, real=0.00 secs] 
321.564: Total time for which application threads were stopped: 0.0021320 seconds, Stopping threads took: 0.0000570 seconds
321.633: Application time: 0.0694720 seconds
321.634: [GC321.634: [ParNew: 303405K->930K(339904K), 0.0014910 secs] 768936K->466469K(1095044K), 0.0015260 secs] [Times: user=0.01 sys=0.00, real=0.00 secs] 
321.635: Total time for which application threads were stopped: 0.0019810 seconds, Stopping threads took: 0.0000660 seconds
321.705: Application time: 0.0695840 seconds
321.705: [GC321.705: [ParNew: 303074K->1007K(339904K), 0.0014060 secs] 768613K->466554K(1095044K), 0.0014490 secs] [Times: user=0.01 sys=0.00, real=0.00 secs] 
321.707: Total time for which application threads were stopped: 0.0019230 seconds, Stopping threads took: 0.0000770 seconds
321.776: Application time: 0.0695270 seconds
321.777: [GC321.777: [ParNew: 303151K->968K(339904K), 0.0016040 secs] 768698K->466523K(1095044K), 0.0016360 secs] [Times: user=0.01 sys=0.00, real=0.00 secs] 
321.779: Total time for which application threads were stopped: 0.0021540 seconds, Stopping threads took: 0.0001190 seconds
321.848: Application time: 0.0699870 seconds
321.849: [GC321.849: [ParNew: 303112K->1129K(339904K), 0.0017140 secs] 768667K->466683K(1095044K), 0.0017460 secs] [Times: user=0.01 sys=0.00, real=0.00 secs] 
321.851: Total time for which application threads were stopped: 0.0022630 seconds, Stopping threads took: 0.0000990 seconds
321.920: Application time: 0.0689150 seconds
321.920: [GC321.920: [ParNew: 303273K->1053K(339904K), 0.0014490 secs] 768827K->466616K(1095044K), 0.0014850 secs] [Times: user=0.01 sys=0.00, real=0.00 secs] 
321.922: Total time for which application threads were stopped: 0.0019280 seconds, Stopping threads took: 0.0000520 seconds
321.990: Application time: 0.0689020 seconds
321.991: [GC321.991: [ParNew: 303197K->1206K(339904K), 0.0015620 secs] 768760K->466768K(1095044K), 0.0015990 secs] [Times: user=0.01 sys=0.00, real=0.00 secs] 
321.993: Total time for which application threads were stopped: 0.0020890 seconds, Stopping threads took: 0.0000950 seconds
322.061: Application time: 0.0688280 seconds
322.062: [GC322.062: [ParNew: 303350K->1282K(339904K), 0.0015110 secs] 768912K->466845K(1095044K), 0.0015470 secs] [Times: user=0.01 sys=0.00, real=0.00 secs] 
322.063: Total time for which application threads were stopped: 0.0020360 seconds, Stopping threads took: 0.0000940 seconds
322.132: Application time: 0.0688980 seconds
322.133: [GC322.133: [ParNew: 303426K->1224K(339904K), 0.0014930 secs] 768989K->466787K(1095044K), 0.0015310 secs] [Times: user=0.01 sys=0.00, real=0.00 secs] 
322.134: Total time for which application threads were stopped: 0.0020030 seconds, Stopping threads took: 0.0000770 seconds
322.204: Application time: 0.0694710 seconds
322.204: [GC322.204: [ParNew: 303368K->1167K(339904K), 0.0014470 secs] 768931K->466738K(1095044K), 0.0014830 secs] [Times: user=0.01 sys=0.00, real=0.00 secs] 
322.206: Total time for which application threads were stopped: 0.0019360 seconds, Stopping threads took: 0.0000570 seconds
322.275: Application time: 0.0693110 seconds
322.276: [GC322.276: [ParNew: 303311K->1374K(339904K), 0.0015870 secs] 768882K->466945K(1095044K), 0.0016210 secs] [Times: user=0.01 sys=0.00, real=0.00 secs] 
322.277: Total time for which application threads were stopped: 0.0020780 seconds, Stopping threads took: 0.0000540 seconds
322.347: Application time: 0.0697350 seconds
322.347: [GC322.347: [ParNew: 303518K->1430K(339904K), 0.0015500 secs] 769089K->467000K(1095044K), 0.0015870 secs] [Times: user=0.01 sys=0.00, real=0.00 secs] 
322.349: Total time for which application threads were stopped: 0.0020530 seconds, Stopping threads took: 0.0000660 seconds
322.420: Application time: 0.0712980 seconds
322.421: [GC322.421: [ParNew: 303574K->1209K(339904K), 0.0015780 secs] 769144K->466780K(1095044K), 0.0016160 secs] [Times: user=0.01 sys=0.00, real=0.00 secs] 
322.422: Total time for which application threads were stopped: 0.0021600 seconds, Stopping threads took: 0.0001250 seconds
322.493: Application time: 0.0703690 seconds
322.493: [GC322.493: [ParNew: 303353K->1027K(339904K), 0.0015070 secs] 768924K->466606K(1095044K), 0.0015430 secs] [Times: user=0.01 sys=0.00, real=0.00 secs] 
322.495: Total time for which application threads were stopped: 0.0020110 seconds, Stopping threads took: 0.0000760 seconds
322.564: Application time: 0.0695250 seconds
322.565: [GC322.565: [ParNew: 303171K->1168K(339904K), 0.0014340 secs] 768750K->466755K(1095044K), 0.0014720 secs] [Times: user=0.01 sys=0.00, real=0.00 secs] 
322.566: Total time for which application threads were stopped: 0.0019670 seconds, Stopping threads took: 0.0000950 seconds
322.636: Application time: 0.0698590 seconds
322.637: [GC322.637: [ParNew: 303312K->1035K(339904K), 0.0014230 secs] 768899K->466629K(1095044K), 0.0014580 secs] [Times: user=0.01 sys=0.00, real=0.00 secs] 
322.638: Total time for which application threads were stopped: 0.0019620 seconds, Stopping threads took: 0.0001110 seconds
322.708: Application time: 0.0696720 seconds
322.708: [GC322.708: [ParNew: 303179K->1021K(339904K), 0.0016820 secs] 768773K->466623K(1095044K), 0.0017200 secs] [Times: user=0.02 sys=0.00, real=0.00 secs] 
322.710: Total time for which application threads were stopped: 0.0021320 seconds, Stopping threads took: 0.0000540 seconds
322.779: Application time: 0.0695440 seconds
322.780: [GC322.780: [ParNew: 303165K->889K(339904K), 0.0014650 secs] 768767K->466500K(1095044K), 0.0015010 secs] [Times: user=0.01 sys=0.00, real=0.00 secs] 
322.781: Total time for which application threads were stopped: 0.0019570 seconds, Stopping threads took: 0.0000670 seconds
322.850: Application time: 0.0688730 seconds
322.851: [GC322.851: [ParNew: 303033K->969K(339904K), 0.0014130 secs] 768644K->466580K(1095044K), 0.0014510 secs] [Times: user=0.01 sys=0.00, real=0.00 secs] 
322.852: Total time for which application threads were stopped: 0.0019000 seconds, Stopping threads took: 0.0000580 seconds
322.921: Application time: 0.0688550 seconds
322.922: [GC322.922: [ParNew: 303113K->1149K(339904K), 0.0014840 secs] 768724K->466760K(1095044K), 0.0015210 secs] [Times: user=0.01 sys=0.00, real=0.00 secs] 
322.923: Total time for which application threads were stopped: 0.0019980 seconds, Stopping threads took: 0.0000650 seconds
322.992: Application time: 0.0689110 seconds
322.992: [GC322.992: [ParNew: 303293K->1352K(339904K), 0.0014250 secs] 768904K->466963K(1095044K), 0.0014600 secs] [Times: user=0.01 sys=0.00, real=0.00 secs] 
322.994: Total time for which application threads were stopped: 0.0019120 seconds, Stopping threads took: 0.0000610 seconds
323.063: Application time: 0.0690020 seconds
323.063: [GC323.063: [ParNew: 303496K->1367K(339904K), 0.0015160 secs] 769107K->466977K(1095044K), 0.0015520 secs] [Times: user=0.01 sys=0.00, real=0.00 secs] 
323.065: Total time for which application threads were stopped: 0.0020160 seconds, Stopping threads took: 0.0000670 seconds
323.134: Application time: 0.0687520 seconds
323.134: [GC323.134: [ParNew: 303511K->1402K(339904K), 0.0015080 secs] 769121K->467012K(1095044K), 0.0015450 secs] [Times: user=0.01 sys=0.00, real=0.00 secs] 
323.136: Total time for which application threads were stopped: 0.0020000 seconds, Stopping threads took: 0.0000620 seconds
323.205: Application time: 0.0695390 seconds
323.206: [GC323.206: [ParNew: 303546K->1489K(339904K), 0.0015630 secs] 769156K->467108K(1095044K), 0.0015990 secs] [Times: user=0.01 sys=0.00, real=0.01 secs] 
323.207: Total time for which application threads were stopped: 0.0020480 seconds, Stopping threads took: 0.0000590 seconds
323.276: Application time: 0.0689750 seconds
323.277: [GC323.277: [ParNew: 303633K->1537K(339904K), 0.0014840 secs] 769252K->467155K(1095044K), 0.0015230 secs] [Times: user=0.01 sys=0.00, real=0.00 secs] 
323.278: Total time for which application threads were stopped: 0.0019620 seconds, Stopping threads took: 0.0000510 seconds
323.349: Application time: 0.0702590 seconds
323.349: [GC323.349: [ParNew: 303681K->1375K(339904K), 0.0014730 secs] 769299K->466993K(1095044K), 0.0015070 secs] [Times: user=0.01 sys=0.00, real=0.00 secs] 
323.350: Total time for which application threads were stopped: 0.0019650 seconds, Stopping threads took: 0.0000660 seconds
323.420: Application time: 0.0695080 seconds
323.420: [GC323.420: [ParNew: 303519K->1266K(339904K), 0.0015210 secs] 769137K->466885K(1095044K), 0.0015570 secs] [Times: user=0.01 sys=0.00, real=0.00 secs] 
323.422: Total time for which application threads were stopped: 0.0020170 seconds, Stopping threads took: 0.0000680 seconds
323.491: Application time: 0.0694270 seconds
323.492: [GC323.492: [ParNew: 303410K->1123K(339904K), 0.0014380 secs] 769029K->466750K(1095044K), 0.0014820 secs] [Times: user=0.01 sys=0.00, real=0.00 secs] 
323.493: Total time for which application threads were stopped: 0.0019630 seconds, Stopping threads took: 0.0000690 seconds
323.563: Application time: 0.0694620 seconds
323.563: [GC323.563: [ParNew: 303267K->1078K(339904K), 0.0014820 secs] 768894K->466720K(1095044K), 0.0015250 secs] [Times: user=0.02 sys=0.00, real=0.00 secs] 
323.565: Total time for which application threads were stopped: 0.0019930 seconds, Stopping threads took: 0.0000670 seconds
323.634: Application time: 0.0690710 seconds
323.634: [GC323.634: [ParNew: 303222K->852K(339904K), 0.0013950 secs] 768864K->466495K(1095044K), 0.0014280 secs] [Times: user=0.01 sys=0.00, real=0.00 secs] 
323.636: Total time for which application threads were stopped: 0.0018820 seconds, Stopping threads took: 0.0000620 seconds
323.705: Application time: 0.0687970 seconds
323.705: [GC323.705: [ParNew: 302996K->946K(339904K), 0.0013940 secs] 768639K->466605K(1095044K), 0.0014280 secs] [Times: user=0.01 sys=0.00, real=0.00 secs] 
323.707: Total time for which application threads were stopped: 0.0018860 seconds, Stopping threads took: 0.0000690 seconds
323.776: Application time: 0.0690410 seconds
323.776: [GC323.776: [ParNew: 303090K->1104K(339904K), 0.0015660 secs] 768749K->466762K(1095044K), 0.0016000 secs] [Times: user=0.01 sys=0.00, real=0.00 secs] 
323.778: Total time for which application threads were stopped: 0.0020620 seconds, Stopping threads took: 0.0000720 seconds
323.846: Application time: 0.0688630 seconds
323.847: [GC323.847: [ParNew: 303248K->1239K(339904K), 0.0014540 secs] 768906K->466898K(1095044K), 0.0014910 secs] [Times: user=0.01 sys=0.00, real=0.01 secs] 
323.848: Total time for which application threads were stopped: 0.0019500 seconds, Stopping threads took: 0.0000690 seconds
323.917: Application time: 0.0688390 seconds
323.918: [GC323.918: [ParNew: 303383K->1261K(339904K), 0.0014980 secs] 769042K->466920K(1095044K), 0.0015340 secs] [Times: user=0.01 sys=0.00, real=0.01 secs] 
323.919: Total time for which application threads were stopped: 0.0019930 seconds, Stopping threads took: 0.0000680 seconds
323.988: Application time: 0.0688850 seconds
323.989: [GC323.989: [ParNew: 303405K->1282K(339904K), 0.0015720 secs] 769064K->466941K(1095044K), 0.0016080 secs] [Times: user=0.01 sys=0.00, real=0.00 secs] 
323.990: Total time for which application threads were stopped: 0.0020610 seconds, Stopping threads took: 0.0000640 seconds
324.059: Application time: 0.0691010 seconds
324.060: [GC324.060: [ParNew: 303426K->1318K(339904K), 0.0016110 secs] 769085K->466977K(1095044K), 0.0016460 secs] [Times: user=0.01 sys=0.00, real=0.00 secs] 
324.061: Total time for which application threads were stopped: 0.0021440 seconds, Stopping threads took: 0.0000870 seconds
324.130: Application time: 0.0686420 seconds
324.131: [GC324.131: [ParNew: 303462K->1369K(339904K), 0.0015200 secs] 769121K->467028K(1095044K), 0.0015570 secs] [Times: user=0.01 sys=0.00, real=0.00 secs] 
324.132: Total time for which application threads were stopped: 0.0020180 seconds, Stopping threads took: 0.0000680 seconds
324.202: Application time: 0.0698930 seconds
324.202: [GC324.203: [ParNew: 303513K->1453K(339904K), 0.0015120 secs] 769172K->467120K(1095044K), 0.0015510 secs] [Times: user=0.01 sys=0.00, real=0.00 secs] 
324.204: Total time for which application threads were stopped: 0.0020040 seconds, Stopping threads took: 0.0000630 seconds
324.274: Application time: 0.0704500 seconds
324.275: [GC324.275: [ParNew: 303597K->1222K(339904K), 0.0015660 secs] 769264K->466888K(1095044K), 0.0016040 secs] [Times: user=0.01 sys=0.00, real=0.00 secs] 
324.277: Total time for which application threads were stopped: 0.0020290 seconds, Stopping threads took: 0.0000750 seconds
324.345: Application time: 0.0685980 seconds
324.346: [GC324.346: [ParNew: 303366K->1182K(339904K), 0.0014260 secs] 769032K->466849K(1095044K), 0.0014680 secs] [Times: user=0.01 sys=0.00, real=0.00 secs] 
324.347: Total time for which application threads were stopped: 0.0019390 seconds, Stopping threads took: 0.0000830 seconds
324.417: Application time: 0.0696510 seconds
324.417: [GC324.417: [ParNew: 303326K->1045K(339904K), 0.0016460 secs] 768993K->466719K(1095044K), 0.0016820 secs] [Times: user=0.01 sys=0.00, real=0.00 secs] 
324.419: Total time for which application threads were stopped: 0.0021410 seconds, Stopping threads took: 0.0000640 seconds
324.489: Application time: 0.0701790 seconds
324.489: [GC324.490: [ParNew: 303189K->911K(339904K), 0.0015000 secs] 768863K->466594K(1095044K), 0.0015360 secs] [Times: user=0.01 sys=0.00, real=0.00 secs] 
324.491: Total time for which application threads were stopped: 0.0019690 seconds, Stopping threads took: 0.0000750 seconds
324.561: Application time: 0.0695210 seconds
324.561: [GC324.561: [ParNew: 303055K->907K(339904K), 0.0014000 secs] 768738K->466605K(1095044K), 0.0014340 secs] [Times: user=0.01 sys=0.00, real=0.00 secs] 
324.562: Total time for which application threads were stopped: 0.0019190 seconds, Stopping threads took: 0.0000710 seconds
324.631: Application time: 0.0688670 seconds
324.632: [GC324.632: [ParNew: 303051K->1151K(339904K), 0.0014480 secs] 768749K->466866K(1095044K), 0.0014840 secs] [Times: user=0.01 sys=0.00, real=0.00 secs] 
324.633: Total time for which application threads were stopped: 0.0019330 seconds, Stopping threads took: 0.0000560 seconds
324.702: Application time: 0.0686020 seconds
324.702: [GC324.702: [ParNew: 303295K->1121K(339904K), 0.0014510 secs] 769010K->466836K(1095044K), 0.0014880 secs] [Times: user=0.01 sys=0.00, real=0.00 secs] 
324.704: Total time for which application threads were stopped: 0.0019410 seconds, Stopping threads took: 0.0000580 seconds
324.772: Application time: 0.0685930 seconds
324.773: [GC324.773: [ParNew: 303265K->1277K(339904K), 0.0014520 secs] 768980K->466992K(1095044K), 0.0014870 secs] [Times: user=0.01 sys=0.00, real=0.00 secs] 
324.774: Total time for which application threads were stopped: 0.0019530 seconds, Stopping threads took: 0.0000690 seconds
324.843: Application time: 0.0683500 seconds
324.843: [GC324.843: [ParNew: 303421K->1283K(339904K), 0.0014740 secs] 769136K->466997K(1095044K), 0.0015120 secs] [Times: user=0.01 sys=0.00, real=0.00 secs] 
324.845: Total time for which application threads were stopped: 0.0019810 seconds, Stopping threads took: 0.0000710 seconds
324.913: Application time: 0.0682860 seconds
324.913: [GC324.913: [ParNew: 303427K->1228K(339904K), 0.0016020 secs] 769141K->466942K(1095044K), 0.0016380 secs] [Times: user=0.01 sys=0.00, real=0.00 secs] 
324.915: Total time for which application threads were stopped: 0.0020990 seconds, Stopping threads took: 0.0000680 seconds
324.983: Application time: 0.0682100 seconds
324.984: [GC324.984: [ParNew: 303372K->1254K(339904K), 0.0015310 secs] 769086K->466969K(1095044K), 0.0015680 secs] [Times: user=0.02 sys=0.00, real=0.00 secs] 
324.985: Total time for which application threads were stopped: 0.0020180 seconds, Stopping threads took: 0.0000560 seconds
325.054: Application time: 0.0688200 seconds
325.055: [GC325.055: [ParNew: 303398K->1305K(339904K), 0.0015070 secs] 769113K->467019K(1095044K), 0.0015440 secs] [Times: user=0.01 sys=0.00, real=0.00 secs] 
325.056: Total time for which application threads were stopped: 0.0020040 seconds, Stopping threads took: 0.0000640 seconds
325.128: Application time: 0.0714850 seconds
325.128: [GC325.128: [ParNew: 303449K->1398K(339904K), 0.0015220 secs] 769163K->467129K(1095044K), 0.0015580 secs] [Times: user=0.01 sys=0.00, real=0.00 secs] 
325.130: Total time for which application threads were stopped: 0.0020590 seconds, Stopping threads took: 0.0000720 seconds
325.171: Application time: 0.0412960 seconds
325.171: Total time for which application threads were stopped: 0.0004180 seconds, Stopping threads took: 0.0000620 seconds
325.200: Application time: 0.0283820 seconds
325.200: [GC325.200: [ParNew: 303542K->1367K(339904K), 0.0015710 secs] 769273K->467097K(1095044K), 0.0016050 secs] [Times: user=0.01 sys=0.00, real=0.00 secs] 
325.202: Total time for which application threads were stopped: 0.0021030 seconds, Stopping threads took: 0.0001610 seconds
325.271: Application time: 0.0694250 seconds
325.272: [GC325.272: [ParNew: 303511K->1210K(339904K), 0.0015060 secs] 769241K->466941K(1095044K), 0.0015410 secs] [Times: user=0.01 sys=0.00, real=0.00 secs] 
325.273: Total time for which application threads were stopped: 0.0020420 seconds, Stopping threads took: 0.0001010 seconds
325.344: Application time: 0.0701840 seconds
325.344: [GC325.344: [ParNew: 303354K->1103K(339904K), 0.0016320 secs] 769085K->466858K(1095044K), 0.0016670 secs] [Times: user=0.01 sys=0.00, real=0.00 secs] 
325.346: Total time for which application threads were stopped: 0.0021260 seconds, Stopping threads took: 0.0000620 seconds
325.415: Application time: 0.0697730 seconds
325.416: [GC325.416: [ParNew: 303247K->1075K(339904K), 0.0016840 secs] 769002K->466829K(1095044K), 0.0017170 secs] [Times: user=0.01 sys=0.00, real=0.00 secs] 
325.418: Total time for which application threads were stopped: 0.0021830 seconds, Stopping threads took: 0.0000640 seconds
325.487: Application time: 0.0696560 seconds
325.492: [GC325.492: [ParNew: 303219K->1160K(339904K), 0.0014090 secs] 768973K->466923K(1095044K), 0.0014440 secs] [Times: user=0.01 sys=0.00, real=0.00 secs] 
325.493: Total time for which application threads were stopped: 0.0057670 seconds, Stopping threads took: 0.0039280 seconds
325.562: Application time: 0.0690430 seconds
325.563: [GC325.563: [ParNew: 303304K->1107K(339904K), 0.0016290 secs] 769067K->466886K(1095044K), 0.0016660 secs] [Times: user=0.01 sys=0.00, real=0.00 secs] 
325.564: Total time for which application threads were stopped: 0.0021360 seconds, Stopping threads took: 0.0000710 seconds
325.633: Application time: 0.0686430 seconds
325.633: [GC325.633: [ParNew: 303251K->1221K(339904K), 0.0014160 secs] 769030K->467000K(1095044K), 0.0014530 secs] [Times: user=0.01 sys=0.00, real=0.00 secs] 
325.635: Total time for which application threads were stopped: 0.0019230 seconds, Stopping threads took: 0.0000510 seconds
325.704: Application time: 0.0693590 seconds
325.705: [GC325.705: [ParNew: 303365K->1350K(339904K), 0.0016230 secs] 769144K->467129K(1095044K), 0.0016600 secs] [Times: user=0.01 sys=0.00, real=0.00 secs] 
325.706: Total time for which application threads were stopped: 0.0021050 seconds, Stopping threads took: 0.0000500 seconds
325.775: Application time: 0.0690930 seconds
325.776: [GC325.776: [ParNew: 303494K->1230K(339904K), 0.0014820 secs] 769273K->467009K(1095044K), 0.0015180 secs] [Times: user=0.01 sys=0.00, real=0.00 secs] 
325.777: Total time for which application threads were stopped: 0.0019620 seconds, Stopping threads took: 0.0000490 seconds
325.846: Application time: 0.0690810 seconds
325.848: [GC325.848: [ParNew: 303374K->1544K(339904K), 0.0014780 secs] 769153K->467323K(1095044K), 0.0015140 secs] [Times: user=0.01 sys=0.00, real=0.00 secs] 
325.849: Total time for which application threads were stopped: 0.0026880 seconds, Stopping threads took: 0.0007970 seconds
325.919: Application time: 0.0696040 seconds
325.919: [GC325.919: [ParNew: 303688K->1625K(339904K), 0.0016340 secs] 769467K->467403K(1095044K), 0.0016670 secs] [Times: user=0.01 sys=0.00, real=0.00 secs] 
325.921: Total time for which application threads were stopped: 0.0021360 seconds, Stopping threads took: 0.0000600 seconds
325.990: Application time: 0.0693440 seconds
325.992: [GC325.992: [ParNew: 303769K->1629K(339904K), 0.0015150 secs] 769547K->467408K(1095044K), 0.0015500 secs] [Times: user=0.01 sys=0.00, real=0.00 secs] 
325.993: Total time for which application threads were stopped: 0.0029540 seconds, Stopping threads took: 0.0010040 seconds
326.064: Application time: 0.0704030 seconds
326.064: [GC326.064: [ParNew: 303773K->1604K(339904K), 0.0015810 secs] 769552K->467383K(1095044K), 0.0016180 secs] [Times: user=0.01 sys=0.00, real=0.00 secs] 
326.066: Total time for which application threads were stopped: 0.0020870 seconds, Stopping threads took: 0.0000790 seconds
326.135: Application time: 0.0696530 seconds
326.136: [GC326.136: [ParNew: 303748K->1253K(339904K), 0.0016260 secs] 769527K->467048K(1095044K), 0.0016700 secs] [Times: user=0.01 sys=0.00, real=0.00 secs] 
326.138: Total time for which application threads were stopped: 0.0021390 seconds, Stopping threads took: 0.0000890 seconds
326.208: Application time: 0.0707090 seconds
326.209: [GC326.209: [ParNew: 303397K->1163K(339904K), 0.0016750 secs] 769192K->467118K(1095044K), 0.0017090 secs] [Times: user=0.01 sys=0.00, real=0.00 secs] 
326.210: Total time for which application threads were stopped: 0.0021720 seconds, Stopping threads took: 0.0000690 seconds
326.280: Application time: 0.0700860 seconds
326.281: [GC326.281: [ParNew: 303307K->1028K(339904K), 0.0014470 secs] 769262K->466991K(1095044K), 0.0014790 secs] [Times: user=0.01 sys=0.00, real=0.00 secs] 
326.282: Total time for which application threads were stopped: 0.0019120 seconds, Stopping threads took: 0.0000550 seconds
326.352: Application time: 0.0695920 seconds
326.352: [GC326.352: [ParNew: 303172K->1058K(339904K), 0.0014020 secs] 769135K->467029K(1095044K), 0.0014350 secs] [Times: user=0.01 sys=0.00, real=0.00 secs] 
326.354: Total time for which application threads were stopped: 0.0018810 seconds, Stopping threads took: 0.0000580 seconds
326.423: Application time: 0.0692770 seconds
326.424: [GC326.424: [ParNew: 303202K->995K(339904K), 0.0014720 secs] 769173K->466974K(1095044K), 0.0015090 secs] [Times: user=0.01 sys=0.00, real=0.00 secs] 
326.425: Total time for which application threads were stopped: 0.0019800 seconds, Stopping threads took: 0.0000780 seconds
326.494: Application time: 0.0686790 seconds
326.496: [GC326.496: [ParNew: 303139K->1128K(339904K), 0.0014420 secs] 769118K->467107K(1095044K), 0.0014790 secs] [Times: user=0.01 sys=0.00, real=0.00 secs] 
326.497: Total time for which application threads were stopped: 0.0033430 seconds, Stopping threads took: 0.0014640 seconds
326.566: Application time: 0.0689490 seconds
326.567: [GC326.567: [ParNew: 303272K->1023K(339904K), 0.0014440 secs] 769251K->467018K(1095044K), 0.0014810 secs] [Times: user=0.01 sys=0.00, real=0.01 secs] 
326.568: Total time for which application threads were stopped: 0.0019400 seconds, Stopping threads took: 0.0000670 seconds
326.637: Application time: 0.0686140 seconds
326.637: [GC326.637: [ParNew: 303167K->1235K(339904K), 0.0014110 secs] 769162K->467230K(1095044K), 0.0014490 secs] [Times: user=0.01 sys=0.00, real=0.00 secs] 
326.639: Total time for which application threads were stopped: 0.0019200 seconds, Stopping threads took: 0.0000580 seconds
326.708: Application time: 0.0690170 seconds
326.708: [GC326.708: [ParNew: 303379K->1394K(339904K), 0.0014210 secs] 769374K->467389K(1095044K), 0.0014570 secs] [Times: user=0.01 sys=0.00, real=0.00 secs] 
326.710: Total time for which application threads were stopped: 0.0018920 seconds, Stopping threads took: 0.0000410 seconds
326.778: Application time: 0.0688250 seconds
326.779: [GC326.779: [ParNew: 303538K->1266K(339904K), 0.0015620 secs] 769533K->467260K(1095044K), 0.0015980 secs] [Times: user=0.01 sys=0.00, real=0.01 secs] 
326.780: Total time for which application threads were stopped: 0.0020560 seconds, Stopping threads took: 0.0000650 seconds
326.849: Application time: 0.0687850 seconds
326.850: [GC326.850: [ParNew: 303410K->1445K(339904K), 0.0016160 secs] 769404K->467439K(1095044K), 0.0016520 secs] [Times: user=0.01 sys=0.00, real=0.00 secs] 
326.851: Total time for which application threads were stopped: 0.0020970 seconds, Stopping threads took: 0.0000550 seconds
326.920: Application time: 0.0685480 seconds
326.920: [GC326.920: [ParNew: 303589K->1361K(339904K), 0.0015000 secs] 769583K->467356K(1095044K), 0.0015360 secs] [Times: user=0.01 sys=0.00, real=0.00 secs] 
326.922: Total time for which application threads were stopped: 0.0019850 seconds, Stopping threads took: 0.0000560 seconds
326.992: Application time: 0.0697700 seconds
326.996: [GC326.996: [ParNew: 303505K->1182K(339904K), 0.0014780 secs] 769500K->467177K(1095044K), 0.0015230 secs] [Times: user=0.01 sys=0.00, real=0.00 secs] 
326.997: Total time for which application threads were stopped: 0.0055810 seconds, Stopping threads took: 0.0036700 seconds
327.066: Application time: 0.0688750 seconds
327.067: [GC327.067: [ParNew: 303326K->1306K(339904K), 0.0015160 secs] 769321K->467300K(1095044K), 0.0015520 secs] [Times: user=0.01 sys=0.00, real=0.01 secs] 
327.068: Total time for which application threads were stopped: 0.0020130 seconds, Stopping threads took: 0.0000680 seconds
327.137: Application time: 0.0692040 seconds
327.138: [GC327.138: [ParNew: 303450K->1179K(339904K), 0.0015350 secs] 769444K->467190K(1095044K), 0.0015690 secs] [Times: user=0.01 sys=0.00, real=0.01 secs] 
327.139: Total time for which application threads were stopped: 0.0019910 seconds, Stopping threads took: 0.0000480 seconds
327.211: Application time: 0.0715850 seconds
327.211: [GC327.211: [ParNew: 303323K->1169K(339904K), 0.0016350 secs] 769334K->467188K(1095044K), 0.0016700 secs] [Times: user=0.01 sys=0.00, real=0.00 secs] 
327.213: Total time for which application threads were stopped: 0.0021130 seconds, Stopping threads took: 0.0000790 seconds
327.284: Application time: 0.0706800 seconds
327.284: [GC327.284: [ParNew: 303313K->1160K(339904K), 0.0017800 secs] 769332K->467187K(1095044K), 0.0018110 secs] [Times: user=0.01 sys=0.00, real=0.00 secs] 
327.286: Total time for which application threads were stopped: 0.0022730 seconds, Stopping threads took: 0.0000570 seconds
327.357: Application time: 0.0706140 seconds
327.357: [GC327.357: [ParNew: 303304K->915K(339904K), 0.0015370 secs] 769331K->466950K(1095044K), 0.0015710 secs] [Times: user=0.01 sys=0.00, real=0.00 secs] 
327.359: Total time for which application threads were stopped: 0.0019860 seconds, Stopping threads took: 0.0000630 seconds
327.427: Application time: 0.0687140 seconds
327.428: [GC327.428: [ParNew: 303059K->1107K(339904K), 0.0014100 secs] 769094K->467142K(1095044K), 0.0014460 secs] [Times: user=0.01 sys=0.00, real=0.00 secs] 
327.429: Total time for which application threads were stopped: 0.0019010 seconds, Stopping threads took: 0.0000620 seconds
327.498: Application time: 0.0690790 seconds
327.499: [GC327.499: [ParNew: 303251K->1096K(339904K), 0.0013980 secs] 769286K->467147K(1095044K), 0.0014350 secs] [Times: user=0.01 sys=0.00, real=0.01 secs] 
327.500: Total time for which application threads were stopped: 0.0018900 seconds, Stopping threads took: 0.0000600 seconds
327.569: Application time: 0.0689140 seconds
327.570: [GC327.570: [ParNew: 303240K->1246K(339904K), 0.0014560 secs] 769291K->467297K(1095044K), 0.0014910 secs] [Times: user=0.01 sys=0.00, real=0.00 secs] 
327.571: Total time for which application threads were stopped: 0.0019390 seconds, Stopping threads took: 0.0000550 seconds
327.640: Application time: 0.0690830 seconds
327.641: [GC327.641: [ParNew: 303390K->1369K(339904K), 0.0014610 secs] 769441K->467419K(1095044K), 0.0014960 secs] [Times: user=0.01 sys=0.00, real=0.00 secs] 
327.642: Total time for which application threads were stopped: 0.0019780 seconds, Stopping threads took: 0.0000560 seconds
327.711: Application time: 0.0686260 seconds
327.711: [GC327.711: [ParNew: 303513K->1274K(339904K), 0.0014520 secs] 769563K->467325K(1095044K), 0.0014880 secs] [Times: user=0.01 sys=0.00, real=0.00 secs] 
327.713: Total time for which application threads were stopped: 0.0019530 seconds, Stopping threads took: 0.0000560 seconds
327.782: Application time: 0.0691470 seconds
327.782: [GC327.782: [ParNew: 303418K->1406K(339904K), 0.0014910 secs] 769469K->467457K(1095044K), 0.0015280 secs] [Times: user=0.01 sys=0.00, real=0.00 secs] 
327.784: Total time for which application threads were stopped: 0.0019730 seconds, Stopping threads took: 0.0000500 seconds
327.853: Application time: 0.0691190 seconds
327.853: [GC327.853: [ParNew: 303550K->1370K(339904K), 0.0015840 secs] 769601K->467421K(1095044K), 0.0016200 secs] [Times: user=0.01 sys=0.00, real=0.00 secs] 
327.855: Total time for which application threads were stopped: 0.0020810 seconds, Stopping threads took: 0.0000580 seconds
327.924: Application time: 0.0693470 seconds
327.925: [GC327.925: [ParNew: 303514K->1253K(339904K), 0.0015580 secs] 769565K->467303K(1095044K), 0.0015950 secs] [Times: user=0.01 sys=0.00, real=0.00 secs] 
327.926: Total time for which application threads were stopped: 0.0020390 seconds, Stopping threads took: 0.0000520 seconds
327.996: Application time: 0.0696620 seconds
327.996: [GC327.997: [ParNew: 303397K->1190K(339904K), 0.0015210 secs] 769447K->467241K(1095044K), 0.0015560 secs] [Times: user=0.01 sys=0.00, real=0.00 secs] 
327.998: Total time for which application threads were stopped: 0.0020140 seconds, Stopping threads took: 0.0000620 seconds
328.068: Application time: 0.0702920 seconds
328.069: [GC328.069: [ParNew: 303334K->1136K(339904K), 0.0015990 secs] 769385K->467211K(1095044K), 0.0016320 secs] [Times: user=0.01 sys=0.00, real=0.00 secs] 
328.070: Total time for which application threads were stopped: 0.0020890 seconds, Stopping threads took: 0.0000560 seconds
328.142: Application time: 0.0715280 seconds
328.142: [GC328.143: [ParNew: 302616K->1107K(339904K), 0.0015990 secs] 768691K->467190K(1095044K), 0.0016320 secs] [Times: user=0.01 sys=0.00, real=0.00 secs] 
328.144: Total time for which application threads were stopped: 0.0021500 seconds, Stopping threads took: 0.0000970 seconds
328.215: Application time: 0.0705880 seconds
328.215: [GC328.215: [ParNew: 303251K->963K(339904K), 0.0015080 secs] 769334K->467046K(1095044K), 0.0015540 secs] [Times: user=0.00 sys=0.01, real=0.00 secs] 
328.217: Total time for which application threads were stopped: 0.0020470 seconds, Stopping threads took: 0.0001030 seconds
328.286: Application time: 0.0693360 seconds
328.287: [GC328.287: [ParNew: 303107K->992K(339904K), 0.0014390 secs] 769190K->467083K(1095044K), 0.0014740 secs] [Times: user=0.01 sys=0.00, real=0.01 secs] 
328.288: Total time for which application threads were stopped: 0.0019340 seconds, Stopping threads took: 0.0000670 seconds
328.357: Application time: 0.0693750 seconds
328.358: [GC328.358: [ParNew: 303136K->1027K(339904K), 0.0014640 secs] 769227K->467126K(1095044K), 0.0014970 secs] [Times: user=0.01 sys=0.00, real=0.01 secs] 
328.359: Total time for which application threads were stopped: 0.0019570 seconds, Stopping threads took: 0.0000630 seconds
328.428: Application time: 0.0686580 seconds
328.428: [GC328.429: [ParNew: 303171K->1026K(339904K), 0.0015250 secs] 769270K->467140K(1095044K), 0.0015590 secs] [Times: user=0.01 sys=0.00, real=0.00 secs] 
328.430: Total time for which application threads were stopped: 0.0020170 seconds, Stopping threads took: 0.0000590 seconds
328.499: Application time: 0.0688040 seconds
328.499: [GC328.499: [ParNew: 303170K->1250K(339904K), 0.0014610 secs] 769284K->467365K(1095044K), 0.0014970 secs] [Times: user=0.01 sys=0.00, real=0.00 secs] 
328.501: Total time for which application threads were stopped: 0.0019760 seconds, Stopping threads took: 0.0000720 seconds
328.570: Application time: 0.0688910 seconds
328.570: [GC328.570: [ParNew: 303394K->1288K(339904K), 0.0014530 secs] 769509K->467403K(1095044K), 0.0014890 secs] [Times: user=0.01 sys=0.00, real=0.00 secs] 
328.572: Total time for which application threads were stopped: 0.0019280 seconds, Stopping threads took: 0.0000530 seconds
328.641: Application time: 0.0688560 seconds
328.641: [GC328.641: [ParNew: 303432K->1251K(339904K), 0.0014540 secs] 769547K->467365K(1095044K), 0.0014900 secs] [Times: user=0.01 sys=0.00, real=0.00 secs] 
328.642: Total time for which application threads were stopped: 0.0019330 seconds, Stopping threads took: 0.0000490 seconds
328.711: Application time: 0.0685430 seconds
328.711: [GC328.712: [ParNew: 303395K->1282K(339904K), 0.0015600 secs] 769509K->467397K(1095044K), 0.0015960 secs] [Times: user=0.01 sys=0.00, real=0.00 secs] 
328.713: Total time for which application threads were stopped: 0.0020850 seconds, Stopping threads took: 0.0000550 seconds
328.783: Application time: 0.0696310 seconds
328.783: [GC328.783: [ParNew: 303426K->1096K(339904K), 0.0014920 secs] 769541K->467210K(1095044K), 0.0015360 secs] [Times: user=0.01 sys=0.00, real=0.00 secs] 
328.785: Total time for which application threads were stopped: 0.0019710 seconds, Stopping threads took: 0.0000530 seconds
328.853: Application time: 0.0687300 seconds
328.854: [GC328.854: [ParNew: 303240K->1202K(339904K), 0.0014820 secs] 769354K->467317K(1095044K), 0.0015180 secs] [Times: user=0.01 sys=0.00, real=0.00 secs] 
328.855: Total time for which application threads were stopped: 0.0019720 seconds, Stopping threads took: 0.0000590 seconds
328.925: Application time: 0.0694520 seconds
328.925: [GC328.925: [ParNew: 303346K->1157K(339904K), 0.0015270 secs] 769461K->467272K(1095044K), 0.0015610 secs] [Times: user=0.01 sys=0.00, real=0.00 secs] 
328.927: Total time for which application threads were stopped: 0.0020100 seconds, Stopping threads took: 0.0000590 seconds
328.998: Application time: 0.0708730 seconds
328.998: [GC328.998: [ParNew: 303301K->1230K(339904K), 0.0015280 secs] 769416K->467353K(1095044K), 0.0015600 secs] [Times: user=0.01 sys=0.00, real=0.01 secs] 
329.000: Total time for which application threads were stopped: 0.0020200 seconds, Stopping threads took: 0.0000600 seconds
329.071: Application time: 0.0710440 seconds
329.071: [GC329.071: [ParNew: 303374K->1139K(339904K), 0.0015610 secs] 769497K->467270K(1095044K), 0.0015930 secs] [Times: user=0.02 sys=0.00, real=0.00 secs] 
329.073: Total time for which application threads were stopped: 0.0020690 seconds, Stopping threads took: 0.0000710 seconds
329.146: Application time: 0.0731600 seconds
329.147: [GC329.147: [ParNew: 303283K->1239K(339904K), 0.0015190 secs] 769414K->467378K(1095044K), 0.0015540 secs] [Times: user=0.01 sys=0.00, real=0.01 secs] 
329.148: Total time for which application threads were stopped: 0.0020270 seconds, Stopping threads took: 0.0000780 seconds
329.218: Application time: 0.0699150 seconds
329.218: [GC329.218: [ParNew: 303383K->1277K(339904K), 0.0015760 secs] 769522K->467424K(1095044K), 0.0016110 secs] [Times: user=0.01 sys=0.00, real=0.01 secs] 
329.220: Total time for which application threads were stopped: 0.0020810 seconds, Stopping threads took: 0.0000570 seconds
329.268: Application time: 0.0483710 seconds
329.269: Total time for which application threads were stopped: 0.0004320 seconds, Stopping threads took: 0.0000560 seconds
329.290: Application time: 0.0208790 seconds
329.290: [GC329.290: [ParNew: 303421K->1142K(339904K), 0.0014440 secs] 769568K->467297K(1095044K), 0.0014800 secs] [Times: user=0.01 sys=0.00, real=0.00 secs] 
329.292: Total time for which application threads were stopped: 0.0019150 seconds, Stopping threads took: 0.0000480 seconds
329.360: Application time: 0.0685100 seconds
329.361: [GC329.361: [ParNew: 303286K->1116K(339904K), 0.0013940 secs] 769441K->467270K(1095044K), 0.0014300 secs] [Times: user=0.01 sys=0.00, real=0.00 secs] 
329.362: Total time for which application threads were stopped: 0.0018820 seconds, Stopping threads took: 0.0000570 seconds
329.430: Application time: 0.0682940 seconds
329.431: [GC329.431: [ParNew: 303260K->1276K(339904K), 0.0014830 secs] 769414K->467447K(1095044K), 0.0015210 secs] [Times: user=0.01 sys=0.00, real=0.00 secs] 
329.432: Total time for which application threads were stopped: 0.0019720 seconds, Stopping threads took: 0.0000520 seconds
329.501: Application time: 0.0683540 seconds
329.501: [GC329.501: [ParNew: 303420K->1285K(339904K), 0.0014620 secs] 769591K->467456K(1095044K), 0.0014970 secs] [Times: user=0.01 sys=0.00, real=0.00 secs] 
329.503: Total time for which application threads were stopped: 0.0019490 seconds, Stopping threads took: 0.0000570 seconds
329.571: Application time: 0.0687370 seconds
329.572: [GC329.572: [ParNew: 303429K->1358K(339904K), 0.0014660 secs] 769600K->467529K(1095044K), 0.0015030 secs] [Times: user=0.01 sys=0.00, real=0.00 secs] 
329.573: Total time for which application threads were stopped: 0.0019400 seconds, Stopping threads took: 0.0000420 seconds
329.642: Application time: 0.0688130 seconds
329.643: [GC329.643: [ParNew: 303502K->1393K(339904K), 0.0016350 secs] 769673K->467564K(1095044K), 0.0016800 secs] [Times: user=0.01 sys=0.00, real=0.00 secs] 
329.644: Total time for which application threads were stopped: 0.0021340 seconds, Stopping threads took: 0.0000570 seconds
329.714: Application time: 0.0698500 seconds
329.715: [GC329.715: [ParNew: 303537K->1261K(339904K), 0.0014920 secs] 769708K->467431K(1095044K), 0.0015280 secs] [Times: user=0.01 sys=0.00, real=0.00 secs] 
329.716: Total time for which application threads were stopped: 0.0019700 seconds, Stopping threads took: 0.0000470 seconds
329.785: Application time: 0.0689030 seconds
329.786: [GC329.786: [ParNew: 303405K->1240K(339904K), 0.0015750 secs] 769575K->467411K(1095044K), 0.0016080 secs] [Times: user=0.01 sys=0.00, real=0.00 secs] 
329.787: Total time for which application threads were stopped: 0.0020820 seconds, Stopping threads took: 0.0000570 seconds
329.856: Application time: 0.0688710 seconds
329.856: [GC329.856: [ParNew: 303384K->1230K(339904K), 0.0015390 secs] 769555K->467409K(1095044K), 0.0015670 secs] [Times: user=0.01 sys=0.00, real=0.00 secs] 
329.858: Total time for which application threads were stopped: 0.0020090 seconds, Stopping threads took: 0.0000510 seconds
329.927: Application time: 0.0694380 seconds
329.928: [GC329.928: [ParNew: 303374K->1159K(339904K), 0.0014480 secs] 769553K->467345K(1095044K), 0.0014850 secs] [Times: user=0.01 sys=0.00, real=0.00 secs] 
329.929: Total time for which application threads were stopped: 0.0019390 seconds, Stopping threads took: 0.0000620 seconds
329.999: Application time: 0.0696590 seconds
330.000: [GC330.000: [ParNew: 303303K->1206K(339904K), 0.0015620 secs] 769489K->467408K(1095044K), 0.0015950 secs] [Times: user=0.01 sys=0.00, real=0.00 secs] 
330.001: Total time for which application threads were stopped: 0.0020660 seconds, Stopping threads took: 0.0000600 seconds
330.071: Application time: 0.0697320 seconds
330.071: [GC330.071: [ParNew: 303350K->1283K(339904K), 0.0015320 secs] 769552K->467494K(1095044K), 0.0015700 secs] [Times: user=0.01 sys=0.00, real=0.00 secs] 
330.073: Total time for which application threads were stopped: 0.0019930 seconds, Stopping threads took: 0.0000600 seconds
330.142: Application time: 0.0690130 seconds
330.142: [GC330.142: [ParNew: 303427K->1187K(339904K), 0.0014640 secs] 769638K->467397K(1095044K), 0.0015000 secs] [Times: user=0.02 sys=0.00, real=0.00 secs] 
330.144: Total time for which application threads were stopped: 0.0019570 seconds, Stopping threads took: 0.0000610 seconds
330.213: Application time: 0.0695400 seconds
330.214: [GC330.214: [ParNew: 303331K->1161K(339904K), 0.0016210 secs] 769541K->467500K(1095044K), 0.0016570 secs] [Times: user=0.01 sys=0.00, real=0.00 secs] 
330.216: Total time for which application threads were stopped: 0.0021000 seconds, Stopping threads took: 0.0000490 seconds
330.284: Application time: 0.0687500 seconds
330.285: [GC330.285: [ParNew: 303305K->1150K(339904K), 0.0014580 secs] 769644K->467497K(1095044K), 0.0014960 secs] [Times: user=0.01 sys=0.00, real=0.00 secs] 
330.286: Total time for which application threads were stopped: 0.0019570 seconds, Stopping threads took: 0.0000660 seconds
330.355: Application time: 0.0686830 seconds
330.355: [GC330.355: [ParNew: 303294K->1274K(339904K), 0.0014120 secs] 769641K->467637K(1095044K), 0.0014480 secs] [Times: user=0.01 sys=0.00, real=0.00 secs] 
330.357: Total time for which application threads were stopped: 0.0018970 seconds, Stopping threads took: 0.0000510 seconds
330.425: Application time: 0.0683720 seconds
330.426: [GC330.426: [ParNew: 303418K->1480K(339904K), 0.0014340 secs] 769781K->467843K(1095044K), 0.0014690 secs] [Times: user=0.01 sys=0.00, real=0.00 secs] 
330.427: Total time for which application threads were stopped: 0.0019200 seconds, Stopping threads took: 0.0000520 seconds
330.496: Application time: 0.0684920 seconds
330.496: [GC330.496: [ParNew: 303624K->1139K(339904K), 0.0014400 secs] 769987K->467501K(1095044K), 0.0014750 secs] [Times: user=0.01 sys=0.00, real=0.00 secs] 
330.498: Total time for which application threads were stopped: 0.0019360 seconds, Stopping threads took: 0.0000550 seconds
330.566: Application time: 0.0685970 seconds
330.567: [GC330.567: [ParNew: 303283K->1346K(339904K), 0.0017180 secs] 769645K->467709K(1095044K), 0.0017520 secs] [Times: user=0.01 sys=0.00, real=0.01 secs] 
330.568: Total time for which application threads were stopped: 0.0022090 seconds, Stopping threads took: 0.0000620 seconds
330.639: Application time: 0.0704610 seconds
330.639: [GC330.639: [ParNew: 303490K->1264K(339904K), 0.0015740 secs] 769853K->467627K(1095044K), 0.0016080 secs] [Times: user=0.01 sys=0.01, real=0.00 secs] 
330.641: Total time for which application threads were stopped: 0.0020740 seconds, Stopping threads took: 0.0000570 seconds
330.710: Application time: 0.0688420 seconds
330.710: [GC330.710: [ParNew: 303408K->1102K(339904K), 0.0016950 secs] 769771K->467465K(1095044K), 0.0017330 secs] [Times: user=0.01 sys=0.00, real=0.00 secs] 
330.712: Total time for which application threads were stopped: 0.0021600 seconds, Stopping threads took: 0.0000610 seconds
330.782: Application time: 0.0698350 seconds
330.782: [GC330.782: [ParNew: 303246K->1149K(339904K), 0.0016720 secs] 769609K->467520K(1095044K), 0.0017080 secs] [Times: user=0.01 sys=0.00, real=0.00 secs] 
330.784: Total time for which application threads were stopped: 0.0021300 seconds, Stopping threads took: 0.0000570 seconds
330.855: Application time: 0.0711990 seconds
330.856: [GC330.856: [ParNew: 303293K->1169K(339904K), 0.0015620 secs] 769664K->467548K(1095044K), 0.0015930 secs] [Times: user=0.01 sys=0.00, real=0.00 secs] 
330.857: Total time for which application threads were stopped: 0.0020650 seconds, Stopping threads took: 0.0000600 seconds
330.927: Application time: 0.0697310 seconds
330.927: [GC330.927: [ParNew: 303313K->1085K(339904K), 0.0014230 secs] 769692K->467480K(1095044K), 0.0014600 secs] [Times: user=0.01 sys=0.00, real=0.00 secs] 
330.929: Total time for which application threads were stopped: 0.0019650 seconds, Stopping threads took: 0.0000770 seconds
330.998: Application time: 0.0689270 seconds
330.998: [GC330.998: [ParNew: 303229K->1267K(339904K), 0.0016170 secs] 769624K->467678K(1095044K), 0.0016520 secs] [Times: user=0.01 sys=0.00, real=0.01 secs] 
331.000: Total time for which application threads were stopped: 0.0021000 seconds, Stopping threads took: 0.0000540 seconds
331.069: Application time: 0.0692400 seconds
331.070: [GC331.070: [ParNew: 303411K->1161K(339904K), 0.0015350 secs] 769822K->467572K(1095044K), 0.0015710 secs] [Times: user=0.01 sys=0.00, real=0.00 secs] 
331.071: Total time for which application threads were stopped: 0.0020340 seconds, Stopping threads took: 0.0000680 seconds
331.140: Application time: 0.0689970 seconds
331.141: [GC331.141: [ParNew: 303305K->970K(339904K), 0.0017550 secs] 769716K->467389K(1095044K), 0.0017910 secs] [Times: user=0.01 sys=0.00, real=0.00 secs] 
331.142: Total time for which application threads were stopped: 0.0022020 seconds, Stopping threads took: 0.0000460 seconds
331.212: Application time: 0.0696890 seconds
331.212: [GC331.213: [ParNew: 303114K->1226K(339904K), 0.0016330 secs] 769533K->467653K(1095044K), 0.0016690 secs] [Times: user=0.01 sys=0.00, real=0.00 secs] 
331.214: Total time for which application threads were stopped: 0.0021370 seconds, Stopping threads took: 0.0000690 seconds
331.283: Application time: 0.0687730 seconds
331.283: [GC331.283: [ParNew: 303370K->1165K(339904K), 0.0014490 secs] 769797K->467592K(1095044K), 0.0014850 secs] [Times: user=0.01 sys=0.00, real=0.00 secs] 
331.285: Total time for which application threads were stopped: 0.0019470 seconds, Stopping threads took: 0.0000510 seconds
331.353: Application time: 0.0685040 seconds
331.354: [GC331.354: [ParNew: 303309K->1221K(339904K), 0.0014600 secs] 769736K->467664K(1095044K), 0.0014950 secs] [Times: user=0.02 sys=0.00, real=0.00 secs] 
331.355: Total time for which application threads were stopped: 0.0019450 seconds, Stopping threads took: 0.0000510 seconds
331.424: Application time: 0.0686110 seconds
331.424: [GC331.424: [ParNew: 303365K->1254K(339904K), 0.0014440 secs] 769808K->467697K(1095044K), 0.0014890 secs] [Times: user=0.01 sys=0.00, real=0.00 secs] 
331.426: Total time for which application threads were stopped: 0.0019340 seconds, Stopping threads took: 0.0000520 seconds
331.496: Application time: 0.0697360 seconds
331.496: [GC331.496: [ParNew: 303398K->1224K(339904K), 0.0016600 secs] 769841K->467667K(1095044K), 0.0016970 secs] [Times: user=0.01 sys=0.00, real=0.00 secs] 
331.498: Total time for which application threads were stopped: 0.0021690 seconds, Stopping threads took: 0.0000540 seconds
331.567: Application time: 0.0688120 seconds
331.567: [GC331.567: [ParNew: 303368K->1041K(339904K), 0.0015290 secs] 769811K->467484K(1095044K), 0.0015650 secs] [Times: user=0.01 sys=0.00, real=0.01 secs] 
331.569: Total time for which application threads were stopped: 0.0020350 seconds, Stopping threads took: 0.0000720 seconds
331.637: Application time: 0.0688180 seconds
331.638: [GC331.638: [ParNew: 303185K->1183K(339904K), 0.0015010 secs] 769628K->467626K(1095044K), 0.0015360 secs] [Times: user=0.01 sys=0.00, real=0.01 secs] 
331.639: Total time for which application threads were stopped: 0.0019630 seconds, Stopping threads took: 0.0000560 seconds
331.708: Application time: 0.0690340 seconds
331.709: [GC331.709: [ParNew: 303327K->1100K(339904K), 0.0015450 secs] 769770K->467567K(1095044K), 0.0015780 secs] [Times: user=0.01 sys=0.00, real=0.00 secs] 
331.711: Total time for which application threads were stopped: 0.0020530 seconds, Stopping threads took: 0.0000650 seconds
331.780: Application time: 0.0698280 seconds
331.781: [GC331.781: [ParNew: 303244K->1162K(339904K), 0.0016200 secs] 769711K->467629K(1095044K), 0.0016560 secs] [Times: user=0.01 sys=0.00, real=0.00 secs] 
331.782: Total time for which application threads were stopped: 0.0021030 seconds, Stopping threads took: 0.0000860 seconds
331.852: Application time: 0.0698350 seconds
331.853: [GC331.853: [ParNew: 303306K->1174K(339904K), 0.0014950 secs] 769773K->467649K(1095044K), 0.0015300 secs] [Times: user=0.01 sys=0.00, real=0.00 secs] 
331.854: Total time for which application threads were stopped: 0.0020210 seconds, Stopping threads took: 0.0001000 seconds
331.924: Application time: 0.0693890 seconds
331.924: [GC331.924: [ParNew: 303318K->1098K(339904K), 0.0013960 secs] 769793K->467596K(1095044K), 0.0014290 secs] [Times: user=0.01 sys=0.00, real=0.00 secs] 
331.926: Total time for which application threads were stopped: 0.0018720 seconds, Stopping threads took: 0.0000460 seconds
331.995: Application time: 0.0690970 seconds
331.995: [GC331.995: [ParNew: 303242K->1194K(339904K), 0.0014640 secs] 769740K->467692K(1095044K), 0.0015010 secs] [Times: user=0.00 sys=0.01, real=0.00 secs] 
331.997: Total time for which application threads were stopped: 0.0019690 seconds, Stopping threads took: 0.0000740 seconds
332.066: Application time: 0.0690930 seconds
332.066: [GC332.066: [ParNew: 303338K->1240K(339904K), 0.0015940 secs] 769836K->467739K(1095044K), 0.0016310 secs] [Times: user=0.01 sys=0.00, real=0.01 secs] 
332.068: Total time for which application threads were stopped: 0.0021050 seconds, Stopping threads took: 0.0000570 seconds
332.137: Application time: 0.0687660 seconds
332.137: [GC332.137: [ParNew: 303384K->1239K(339904K), 0.0014030 secs] 769883K->467745K(1095044K), 0.0014400 secs] [Times: user=0.01 sys=0.00, real=0.00 secs] 
332.139: Total time for which application threads were stopped: 0.0018940 seconds, Stopping threads took: 0.0000570 seconds
332.209: Application time: 0.0700050 seconds
332.209: [GC332.209: [ParNew: 303383K->1172K(339904K), 0.0014390 secs] 769889K->467687K(1095044K), 0.0014750 secs] [Times: user=0.01 sys=0.00, real=0.00 secs] 
332.210: Total time for which application threads were stopped: 0.0019140 seconds, Stopping threads took: 0.0000440 seconds
332.279: Application time: 0.0685720 seconds
332.280: [GC332.280: [ParNew: 303316K->1188K(339904K), 0.0015210 secs] 769831K->467719K(1095044K), 0.0015630 secs] [Times: user=0.01 sys=0.00, real=0.00 secs] 
332.281: Total time for which application threads were stopped: 0.0020300 seconds, Stopping threads took: 0.0000650 seconds
332.351: Application time: 0.0695840 seconds
332.351: [GC332.351: [ParNew: 303332K->1244K(339904K), 0.0014280 secs] 769863K->467775K(1095044K), 0.0014650 secs] [Times: user=0.01 sys=0.00, real=0.00 secs] 
332.353: Total time for which application threads were stopped: 0.0019260 seconds, Stopping threads took: 0.0000640 seconds
332.422: Application time: 0.0694700 seconds
332.423: [GC332.423: [ParNew: 303388K->1117K(339904K), 0.0014200 secs] 769919K->467648K(1095044K), 0.0014560 secs] [Times: user=0.01 sys=0.00, real=0.00 secs] 
332.424: Total time for which application threads were stopped: 0.0019030 seconds, Stopping threads took: 0.0000550 seconds
332.493: Application time: 0.0693600 seconds
332.494: [GC332.494: [ParNew: 303261K->1022K(339904K), 0.0014680 secs] 769792K->467553K(1095044K), 0.0015060 secs] [Times: user=0.01 sys=0.00, real=0.00 secs] 
332.495: Total time for which application threads were stopped: 0.0019580 seconds, Stopping threads took: 0.0000620 seconds
332.564: Application time: 0.0691610 seconds
332.565: [GC332.565: [ParNew: 303166K->1150K(339904K), 0.0015220 secs] 769697K->467689K(1095044K), 0.0015580 secs] [Times: user=0.01 sys=0.00, real=0.00 secs] 
332.566: Total time for which application threads were stopped: 0.0019940 seconds, Stopping threads took: 0.0000460 seconds
332.636: Application time: 0.0692940 seconds
332.636: [GC332.636: [ParNew: 303294K->1087K(339904K), 0.0015510 secs] 769833K->467634K(1095044K), 0.0015870 secs] [Times: user=0.01 sys=0.00, real=0.00 secs] 
332.638: Total time for which application threads were stopped: 0.0020170 seconds, Stopping threads took: 0.0000530 seconds
332.707: Application time: 0.0692090 seconds
332.707: [GC332.707: [ParNew: 303231K->965K(339904K), 0.0015400 secs] 769778K->467528K(1095044K), 0.0015770 secs] [Times: user=0.01 sys=0.00, real=0.00 secs] 
332.709: Total time for which application threads were stopped: 0.0020360 seconds, Stopping threads took: 0.0000560 seconds
332.778: Application time: 0.0689040 seconds
332.778: [GC332.778: [ParNew: 303109K->1125K(339904K), 0.0014520 secs] 769672K->467688K(1095044K), 0.0014870 secs] [Times: user=0.01 sys=0.00, real=0.01 secs] 
332.780: Total time for which application threads were stopped: 0.0019560 seconds, Stopping threads took: 0.0000690 seconds
332.849: Application time: 0.0691120 seconds
332.849: [GC332.849: [ParNew: 303269K->1175K(339904K), 0.0015220 secs] 769832K->467738K(1095044K), 0.0015590 secs] [Times: user=0.01 sys=0.00, real=0.00 secs] 
332.851: Total time for which application threads were stopped: 0.0020350 seconds, Stopping threads took: 0.0000790 seconds
332.920: Application time: 0.0691880 seconds
332.921: [GC332.921: [ParNew: 303319K->1238K(339904K), 0.0014540 secs] 769882K->467817K(1095044K), 0.0014890 secs] [Times: user=0.01 sys=0.00, real=0.00 secs] 
332.922: Total time for which application threads were stopped: 0.0019410 seconds, Stopping threads took: 0.0000540 seconds
332.991: Application time: 0.0691610 seconds
332.992: [GC332.992: [ParNew: 303382K->1215K(339904K), 0.0014490 secs] 769961K->467793K(1095044K), 0.0014850 secs] [Times: user=0.01 sys=0.00, real=0.00 secs] 
332.993: Total time for which application threads were stopped: 0.0019230 seconds, Stopping threads took: 0.0000490 seconds
333.062: Application time: 0.0690390 seconds
333.063: [GC333.063: [ParNew: 303359K->1203K(339904K), 0.0014450 secs] 769937K->467789K(1095044K), 0.0014800 secs] [Times: user=0.01 sys=0.00, real=0.00 secs] 
333.064: Total time for which application threads were stopped: 0.0019270 seconds, Stopping threads took: 0.0000540 seconds
333.133: Application time: 0.0690520 seconds
333.134: [GC333.134: [ParNew: 303347K->971K(339904K), 0.0014350 secs] 769933K->467566K(1095044K), 0.0014710 secs] [Times: user=0.01 sys=0.00, real=0.00 secs] 
333.135: Total time for which application threads were stopped: 0.0019290 seconds, Stopping threads took: 0.0000490 seconds
333.205: Application time: 0.0696500 seconds
333.205: [GC333.205: [ParNew: 303115K->1216K(339904K), 0.0014130 secs] 769710K->467810K(1095044K), 0.0014590 secs] [Times: user=0.01 sys=0.00, real=0.00 secs] 
333.207: Total time for which application threads were stopped: 0.0019310 seconds, Stopping threads took: 0.0000550 seconds
333.276: Application time: 0.0696150 seconds
333.277: [GC333.277: [ParNew: 303360K->1104K(339904K), 0.0014550 secs] 769954K->467707K(1095044K), 0.0014910 secs] [Times: user=0.01 sys=0.00, real=0.00 secs] 
333.278: Total time for which application threads were stopped: 0.0019360 seconds, Stopping threads took: 0.0000520 seconds
333.347: Application time: 0.0690590 seconds
333.348: [GC333.348: [ParNew: 303248K->1039K(339904K), 0.0014610 secs] 769851K->467642K(1095044K), 0.0014950 secs] [Times: user=0.01 sys=0.00, real=0.00 secs] 
333.349: Total time for which application threads were stopped: 0.0019580 seconds, Stopping threads took: 0.0000680 seconds
333.418: Application time: 0.0689920 seconds
333.419: [GC333.419: [ParNew: 303183K->1096K(339904K), 0.0014320 secs] 769786K->467699K(1095044K), 0.0014650 secs] [Times: user=0.01 sys=0.00, real=0.01 secs] 
333.420: Total time for which application threads were stopped: 0.0019500 seconds, Stopping threads took: 0.0000910 seconds
333.490: Application time: 0.0697230 seconds
333.491: [GC333.491: [ParNew: 303240K->1079K(339904K), 0.0015360 secs] 769843K->467689K(1095044K), 0.0015690 secs] [Times: user=0.01 sys=0.00, real=0.00 secs] 
333.492: Total time for which application threads were stopped: 0.0020350 seconds, Stopping threads took: 0.0000580 seconds
333.562: Application time: 0.0695410 seconds
333.562: [GC333.562: [ParNew: 303223K->1024K(339904K), 0.0015190 secs] 769833K->467643K(1095044K), 0.0015540 secs] [Times: user=0.01 sys=0.00, real=0.00 secs] 
333.564: Total time for which application threads were stopped: 0.0020120 seconds, Stopping threads took: 0.0000570 seconds
333.633: Application time: 0.0690020 seconds
333.633: [GC333.633: [ParNew: 303168K->1276K(339904K), 0.0014060 secs] 769787K->467911K(1095044K), 0.0014400 secs] [Times: user=0.01 sys=0.00, real=0.00 secs] 
333.635: Total time for which application threads were stopped: 0.0018880 seconds, Stopping threads took: 0.0000560 seconds
333.703: Application time: 0.0688470 seconds
333.704: [GC333.704: [ParNew: 303420K->1272K(339904K), 0.0014760 secs] 770055K->467907K(1095044K), 0.0015120 secs] [Times: user=0.01 sys=0.00, real=0.00 secs] 
333.705: Total time for which application threads were stopped: 0.0019620 seconds, Stopping threads took: 0.0000540 seconds
333.775: Application time: 0.0693380 seconds
333.775: [GC333.775: [ParNew: 303416K->1183K(339904K), 0.0014240 secs] 770051K->467818K(1095044K), 0.0014610 secs] [Times: user=0.01 sys=0.00, real=0.00 secs] 
333.777: Total time for which application threads were stopped: 0.0019350 seconds, Stopping threads took: 0.0000580 seconds
333.845: Application time: 0.0688370 seconds
333.846: [GC333.846: [ParNew: 303327K->1295K(339904K), 0.0014380 secs] 769962K->467945K(1095044K), 0.0014730 secs] [Times: user=0.01 sys=0.00, real=0.01 secs] 
333.847: Total time for which application threads were stopped: 0.0019200 seconds, Stopping threads took: 0.0000510 seconds
333.916: Application time: 0.0690270 seconds
333.917: [GC333.917: [ParNew: 303439K->1272K(339904K), 0.0014530 secs] 770089K->467923K(1095044K), 0.0014880 secs] [Times: user=0.01 sys=0.00, real=0.00 secs] 
333.918: Total time for which application threads were stopped: 0.0019460 seconds, Stopping threads took: 0.0000680 seconds
333.987: Application time: 0.0689250 seconds
333.988: [GC333.988: [ParNew: 303416K->1107K(339904K), 0.0014460 secs] 770067K->467758K(1095044K), 0.0014820 secs] [Times: user=0.01 sys=0.00, real=0.00 secs] 
333.989: Total time for which application threads were stopped: 0.0019510 seconds, Stopping threads took: 0.0000740 seconds
334.058: Application time: 0.0690500 seconds
334.059: [GC334.059: [ParNew: 303251K->1287K(339904K), 0.0016030 secs] 769902K->467945K(1095044K), 0.0016450 secs] [Times: user=0.01 sys=0.00, real=0.01 secs] 
334.060: Total time for which application threads were stopped: 0.0020960 seconds, Stopping threads took: 0.0000600 seconds
334.129: Application time: 0.0688790 seconds
334.130: [GC334.130: [ParNew: 303431K->1033K(339904K), 0.0016620 secs] 770089K->467700K(1095044K), 0.0017000 secs] [Times: user=0.01 sys=0.00, real=0.00 secs] 
334.131: Total time for which application threads were stopped: 0.0021440 seconds, Stopping threads took: 0.0000510 seconds
334.203: Application time: 0.0713830 seconds
334.203: [GC334.203: [ParNew: 303177K->966K(339904K), 0.0015290 secs] 769844K->467641K(1095044K), 0.0015640 secs] [Times: user=0.01 sys=0.00, real=0.00 secs] 
334.205: Total time for which application threads were stopped: 0.0020500 seconds, Stopping threads took: 0.0000880 seconds
334.274: Application time: 0.0691150 seconds
334.274: [GC334.274: [ParNew: 303110K->1082K(339904K), 0.0015630 secs] 769785K->467757K(1095044K), 0.0015980 secs] [Times: user=0.01 sys=0.00, real=0.00 secs] 
334.276: Total time for which application threads were stopped: 0.0020410 seconds, Stopping threads took: 0.0000540 seconds
334.345: Application time: 0.0685280 seconds
334.345: [GC334.345: [ParNew: 303226K->1152K(339904K), 0.0013760 secs] 769901K->467835K(1095044K), 0.0014100 secs] [Times: user=0.01 sys=0.00, real=0.00 secs] 
334.347: Total time for which application threads were stopped: 0.0018980 seconds, Stopping threads took: 0.0000550 seconds
334.416: Application time: 0.0690890 seconds
334.416: [GC334.416: [ParNew: 303296K->1134K(339904K), 0.0013980 secs] 769979K->467825K(1095044K), 0.0014330 secs] [Times: user=0.01 sys=0.00, real=0.00 secs] 
334.417: Total time for which application threads were stopped: 0.0018690 seconds, Stopping threads took: 0.0000400 seconds
334.487: Application time: 0.0692240 seconds
334.487: [GC334.487: [ParNew: 303278K->1287K(339904K), 0.0015560 secs] 769969K->467978K(1095044K), 0.0015920 secs] [Times: user=0.01 sys=0.00, real=0.01 secs] 
334.489: Total time for which application threads were stopped: 0.0020400 seconds, Stopping threads took: 0.0000590 seconds
334.558: Application time: 0.0691820 seconds
334.558: [GC334.558: [ParNew: 303431K->1081K(339904K), 0.0014480 secs] 770122K->467788K(1095044K), 0.0014840 secs] [Times: user=0.01 sys=0.00, real=0.01 secs] 
334.560: Total time for which application threads were stopped: 0.0019250 seconds, Stopping threads took: 0.0000490 seconds
334.629: Application time: 0.0688220 seconds
334.629: [GC334.629: [ParNew: 303225K->1112K(339904K), 0.0014230 secs] 769932K->467819K(1095044K), 0.0014590 secs] [Times: user=0.01 sys=0.00, real=0.00 secs] 
334.631: Total time for which application threads were stopped: 0.0019030 seconds, Stopping threads took: 0.0000510 seconds
334.699: Application time: 0.0686770 seconds
334.700: [GC334.700: [ParNew: 303256K->1268K(339904K), 0.0014280 secs] 769963K->467975K(1095044K), 0.0014640 secs] [Times: user=0.01 sys=0.00, real=0.00 secs] 
334.701: Total time for which application threads were stopped: 0.0019060 seconds, Stopping threads took: 0.0000500 seconds
334.770: Application time: 0.0688370 seconds
334.770: [GC334.770: [ParNew: 303412K->1218K(339904K), 0.0014280 secs] 770119K->467925K(1095044K), 0.0014650 secs] [Times: user=0.01 sys=0.00, real=0.00 secs] 
334.772: Total time for which application threads were stopped: 0.0019100 seconds, Stopping threads took: 0.0000570 seconds
334.841: Application time: 0.0693490 seconds
334.842: [GC334.842: [ParNew: 303362K->1263K(339904K), 0.0014870 secs] 770069K->467977K(1095044K), 0.0015220 secs] [Times: user=0.01 sys=0.00, real=0.00 secs] 
334.843: Total time for which application threads were stopped: 0.0019780 seconds, Stopping threads took: 0.0000530 seconds
334.912: Application time: 0.0686830 seconds
334.912: [GC334.912: [ParNew: 303407K->1266K(339904K), 0.0014550 secs] 770121K->467980K(1095044K), 0.0014910 secs] [Times: user=0.01 sys=0.00, real=0.00 secs] 
334.914: Total time for which application threads were stopped: 0.0019620 seconds, Stopping threads took: 0.0000510 seconds
334.983: Application time: 0.0686720 seconds
334.983: [GC334.983: [ParNew: 303410K->1144K(339904K), 0.0014940 secs] 770124K->467867K(1095044K), 0.0015380 secs] [Times: user=0.01 sys=0.00, real=0.00 secs] 
334.985: Total time for which application threads were stopped: 0.0019890 seconds, Stopping threads took: 0.0000540 seconds
335.054: Application time: 0.0695380 seconds
335.055: [GC335.055: [ParNew: 303288K->1266K(339904K), 0.0014500 secs] 770011K->467996K(1095044K), 0.0014880 secs] [Times: user=0.02 sys=0.00, real=0.00 secs] 
335.056: Total time for which application threads were stopped: 0.0019340 seconds, Stopping threads took: 0.0000560 seconds
335.129: Application time: 0.0730980 seconds
335.130: [GC335.130: [ParNew: 303410K->1395K(339904K), 0.0014990 secs] 770140K->468134K(1095044K), 0.0015370 secs] [Times: user=0.01 sys=0.00, real=0.00 secs] 
335.131: Total time for which application threads were stopped: 0.0020140 seconds, Stopping threads took: 0.0000870 seconds
335.150: Application time: 0.0189230 seconds
335.151: Total time for which application threads were stopped: 0.0004460 seconds, Stopping threads took: 0.0000860 seconds
335.201: Application time: 0.0506230 seconds
335.202: [GC335.202: [ParNew: 303539K->983K(339904K), 0.0014180 secs] 770278K->467721K(1095044K), 0.0014540 secs] [Times: user=0.01 sys=0.00, real=0.00 secs] 
335.203: Total time for which application threads were stopped: 0.0019040 seconds, Stopping threads took: 0.0000740 seconds
335.272: Application time: 0.0693960 seconds
335.273: [GC335.273: [ParNew: 303127K->1010K(339904K), 0.0015780 secs] 769865K->467757K(1095044K), 0.0016100 secs] [Times: user=0.01 sys=0.00, real=0.00 secs] 
335.274: Total time for which application threads were stopped: 0.0020140 seconds, Stopping threads took: 0.0000500 seconds
335.344: Application time: 0.0699180 seconds
335.345: [GC335.345: [ParNew: 303154K->1233K(339904K), 0.0016680 secs] 769901K->467988K(1095044K), 0.0017030 secs] [Times: user=0.01 sys=0.00, real=0.00 secs] 
335.347: Total time for which application threads were stopped: 0.0021150 seconds, Stopping threads took: 0.0000530 seconds
335.417: Application time: 0.0703280 seconds
335.417: [GC335.417: [ParNew: 303377K->1190K(339904K), 0.0014540 secs] 770132K->467945K(1095044K), 0.0014870 secs] [Times: user=0.01 sys=0.00, real=0.00 secs] 
335.419: Total time for which application threads were stopped: 0.0019860 seconds, Stopping threads took: 0.0000800 seconds
335.488: Application time: 0.0687910 seconds
335.488: [GC335.488: [ParNew: 303334K->1209K(339904K), 0.0014260 secs] 770089K->467980K(1095044K), 0.0014610 secs] [Times: user=0.01 sys=0.00, real=0.00 secs] 
335.490: Total time for which application threads were stopped: 0.0019260 seconds, Stopping threads took: 0.0000600 seconds
335.558: Application time: 0.0686540 seconds
335.559: [GC335.559: [ParNew: 303353K->1361K(339904K), 0.0014580 secs] 770124K->468131K(1095044K), 0.0014940 secs] [Times: user=0.01 sys=0.00, real=0.01 secs] 
335.560: Total time for which application threads were stopped: 0.0019620 seconds, Stopping threads took: 0.0000730 seconds
335.629: Application time: 0.0687850 seconds
335.629: [GC335.629: [ParNew: 303505K->1237K(339904K), 0.0015200 secs] 770275K->468007K(1095044K), 0.0015560 secs] [Times: user=0.01 sys=0.00, real=0.00 secs] 
335.631: Total time for which application threads were stopped: 0.0020120 seconds, Stopping threads took: 0.0000640 seconds
335.700: Application time: 0.0692180 seconds
335.701: [GC335.701: [ParNew: 303381K->1349K(339904K), 0.0016020 secs] 770151K->468128K(1095044K), 0.0016370 secs] [Times: user=0.01 sys=0.00, real=0.00 secs] 
335.702: Total time for which application threads were stopped: 0.0020860 seconds, Stopping threads took: 0.0000560 seconds
335.771: Application time: 0.0689540 seconds
335.772: [GC335.772: [ParNew: 303493K->1430K(339904K), 0.0014810 secs] 770272K->468225K(1095044K), 0.0015170 secs] [Times: user=0.01 sys=0.00, real=0.00 secs] 
335.773: Total time for which application threads were stopped: 0.0019700 seconds, Stopping threads took: 0.0000550 seconds
335.842: Application time: 0.0689840 seconds
335.843: [GC335.843: [ParNew: 303574K->1495K(339904K), 0.0015810 secs] 770369K->468290K(1095044K), 0.0016180 secs] [Times: user=0.01 sys=0.00, real=0.00 secs] 
335.844: Total time for which application threads were stopped: 0.0020640 seconds, Stopping threads took: 0.0000510 seconds
335.913: Application time: 0.0689700 seconds
335.914: [GC335.914: [ParNew: 303639K->1398K(339904K), 0.0014680 secs] 770434K->468201K(1095044K), 0.0015040 secs] [Times: user=0.01 sys=0.00, real=0.00 secs] 
335.915: Total time for which application threads were stopped: 0.0019620 seconds, Stopping threads took: 0.0000550 seconds
335.985: Application time: 0.0696510 seconds
335.985: [GC335.985: [ParNew: 303542K->1253K(339904K), 0.0014530 secs] 770345K->468056K(1095044K), 0.0014890 secs] [Times: user=0.01 sys=0.00, real=0.00 secs] 
335.987: Total time for which application threads were stopped: 0.0019530 seconds, Stopping threads took: 0.0000570 seconds
336.056: Application time: 0.0692540 seconds
336.057: [GC336.057: [ParNew: 303397K->1186K(339904K), 0.0014280 secs] 770200K->467997K(1095044K), 0.0014630 secs] [Times: user=0.01 sys=0.00, real=0.00 secs] 
336.058: Total time for which application threads were stopped: 0.0019160 seconds, Stopping threads took: 0.0000710 seconds
336.127: Application time: 0.0688430 seconds
336.127: [GC336.127: [ParNew: 303330K->1181K(339904K), 0.0014110 secs] 770141K->468000K(1095044K), 0.0014470 secs] [Times: user=0.01 sys=0.00, real=0.00 secs] 
336.129: Total time for which application threads were stopped: 0.0019100 seconds, Stopping threads took: 0.0000630 seconds
336.198: Application time: 0.0693860 seconds
336.199: [GC336.199: [ParNew: 303325K->1052K(339904K), 0.0013450 secs] 770144K->467991K(1095044K), 0.0013790 secs] [Times: user=0.01 sys=0.00, real=0.01 secs] 
336.201: Total time for which application threads were stopped: 0.0023450 seconds, Stopping threads took: 0.0005270 seconds
336.270: Application time: 0.0692000 seconds
336.270: [GC336.270: [ParNew: 303196K->994K(339904K), 0.0015740 secs] 770135K->467949K(1095044K), 0.0016100 secs] [Times: user=0.00 sys=0.00, real=0.00 secs] 
336.272: Total time for which application threads were stopped: 0.0020530 seconds, Stopping threads took: 0.0000550 seconds
336.340: Application time: 0.0687350 seconds
336.341: [GC336.341: [ParNew: 303138K->1179K(339904K), 0.0015570 secs] 770093K->468150K(1095044K), 0.0015920 secs] [Times: user=0.01 sys=0.00, real=0.00 secs] 
336.343: Total time for which application threads were stopped: 0.0020310 seconds, Stopping threads took: 0.0000480 seconds
336.411: Application time: 0.0689400 seconds
336.412: [GC336.412: [ParNew: 303323K->1144K(339904K), 0.0014640 secs] 770294K->468115K(1095044K), 0.0015010 secs] [Times: user=0.01 sys=0.00, real=0.00 secs] 
336.413: Total time for which application threads were stopped: 0.0019480 seconds, Stopping threads took: 0.0000580 seconds
336.482: Application time: 0.0685540 seconds
336.482: [GC336.482: [ParNew: 303288K->1218K(339904K), 0.0014610 secs] 770259K->468189K(1095044K), 0.0014980 secs] [Times: user=0.02 sys=0.00, real=0.00 secs] 
336.484: Total time for which application threads were stopped: 0.0019450 seconds, Stopping threads took: 0.0000550 seconds
336.553: Application time: 0.0689140 seconds
336.553: [GC336.553: [ParNew: 303362K->1167K(339904K), 0.0014980 secs] 770333K->468138K(1095044K), 0.0015340 secs] [Times: user=0.01 sys=0.00, real=0.00 secs] 
336.555: Total time for which application threads were stopped: 0.0020250 seconds, Stopping threads took: 0.0000660 seconds
336.625: Application time: 0.0700670 seconds
336.625: [GC336.625: [ParNew: 303311K->1359K(339904K), 0.0015070 secs] 770282K->468330K(1095044K), 0.0015430 secs] [Times: user=0.01 sys=0.00, real=0.00 secs] 
336.627: Total time for which application threads were stopped: 0.0019870 seconds, Stopping threads took: 0.0000530 seconds
336.696: Application time: 0.0688460 seconds
336.696: [GC336.696: [ParNew: 303503K->1480K(339904K), 0.0014200 secs] 770474K->468451K(1095044K), 0.0014640 secs] [Times: user=0.01 sys=0.00, real=0.00 secs] 
336.698: Total time for which application threads were stopped: 0.0019010 seconds, Stopping threads took: 0.0000440 seconds
336.766: Application time: 0.0685140 seconds
336.767: [GC336.767: [ParNew: 303624K->1368K(339904K), 0.0016180 secs] 770595K->468347K(1095044K), 0.0016530 secs] [Times: user=0.01 sys=0.00, real=0.01 secs] 
336.768: Total time for which application threads were stopped: 0.0021030 seconds, Stopping threads took: 0.0000560 seconds
336.837: Application time: 0.0690060 seconds
336.838: [GC336.838: [ParNew: 303512K->1253K(339904K), 0.0016210 secs] 770491K->468232K(1095044K), 0.0016570 secs] [Times: user=0.00 sys=0.00, real=0.01 secs] 
336.839: Total time for which application threads were stopped: 0.0021140 seconds, Stopping threads took: 0.0000610 seconds
336.909: Application time: 0.0699530 seconds
336.910: [GC336.910: [ParNew: 303397K->1047K(339904K), 0.0014370 secs] 770376K->468034K(1095044K), 0.0014690 secs] [Times: user=0.01 sys=0.00, real=0.00 secs] 
336.911: Total time for which application threads were stopped: 0.0019340 seconds, Stopping threads took: 0.0000820 seconds
336.981: Application time: 0.0696900 seconds
336.981: [GC336.981: [ParNew: 303191K->1078K(339904K), 0.0016250 secs] 770178K->468073K(1095044K), 0.0016560 secs] [Times: user=0.01 sys=0.00, real=0.00 secs] 
336.983: Total time for which application threads were stopped: 0.0021200 seconds, Stopping threads took: 0.0000700 seconds
337.053: Application time: 0.0699610 seconds
337.054: [GC337.054: [ParNew: 303222K->1038K(339904K), 0.0014650 secs] 770217K->468049K(1095044K), 0.0014970 secs] [Times: user=0.01 sys=0.00, real=0.00 secs] 
337.055: Total time for which application threads were stopped: 0.0020000 seconds, Stopping threads took: 0.0001060 seconds
337.125: Application time: 0.0700540 seconds
337.126: [GC337.126: [ParNew: 303182K->990K(339904K), 0.0013910 secs] 770193K->468009K(1095044K), 0.0014230 secs] [Times: user=0.01 sys=0.00, real=0.00 secs] 
337.127: Total time for which application threads were stopped: 0.0019200 seconds, Stopping threads took: 0.0000850 seconds
337.197: Application time: 0.0701760 seconds
337.198: [GC337.199: [ParNew: 303134K->1081K(339904K), 0.0014170 secs] 770153K->468100K(1095044K), 0.0014500 secs] [Times: user=0.01 sys=0.00, real=0.01 secs] 
337.200: Total time for which application threads were stopped: 0.0026990 seconds, Stopping threads took: 0.0008120 seconds
337.269: Application time: 0.0694210 seconds
337.270: [GC337.270: [ParNew: 303225K->1012K(339904K), 0.0013760 secs] 770244K->468039K(1095044K), 0.0014170 secs] [Times: user=0.01 sys=0.01, real=0.00 secs] 
337.271: Total time for which application threads were stopped: 0.0018650 seconds, Stopping threads took: 0.0000560 seconds
337.340: Application time: 0.0688310 seconds
337.341: [GC337.341: [ParNew: 303156K->1123K(339904K), 0.0015290 secs] 770183K->468150K(1095044K), 0.0015660 secs] [Times: user=0.01 sys=0.00, real=0.00 secs] 
337.342: Total time for which application threads were stopped: 0.0020430 seconds, Stopping threads took: 0.0000830 seconds
337.411: Application time: 0.0689230 seconds
337.412: [GC337.412: [ParNew: 303267K->1269K(339904K), 0.0014490 secs] 770294K->468296K(1095044K), 0.0014840 secs] [Times: user=0.01 sys=0.00, real=0.00 secs] 
337.413: Total time for which application threads were stopped: 0.0019710 seconds, Stopping threads took: 0.0000850 seconds
337.482: Application time: 0.0688070 seconds
337.482: [GC337.482: [ParNew: 303413K->1277K(339904K), 0.0014670 secs] 770440K->468304K(1095044K), 0.0015020 secs] [Times: user=0.01 sys=0.00, real=0.00 secs] 
337.484: Total time for which application threads were stopped: 0.0019500 seconds, Stopping threads took: 0.0000580 seconds
337.553: Application time: 0.0687770 seconds
337.553: [GC337.553: [ParNew: 303421K->1449K(339904K), 0.0015130 secs] 770448K->468476K(1095044K), 0.0015430 secs] [Times: user=0.01 sys=0.00, real=0.00 secs] 
337.555: Total time for which application threads were stopped: 0.0020030 seconds, Stopping threads took: 0.0000620 seconds
337.624: Application time: 0.0691630 seconds
337.624: [GC337.624: [ParNew: 303593K->1369K(339904K), 0.0014930 secs] 770620K->468396K(1095044K), 0.0015290 secs] [Times: user=0.01 sys=0.00, real=0.00 secs] 
337.626: Total time for which application threads were stopped: 0.0019730 seconds, Stopping threads took: 0.0000470 seconds
337.695: Application time: 0.0688750 seconds
337.695: [GC337.695: [ParNew: 303513K->1183K(339904K), 0.0014710 secs] 770540K->468218K(1095044K), 0.0015080 secs] [Times: user=0.01 sys=0.00, real=0.00 secs] 
337.697: Total time for which application threads were stopped: 0.0019890 seconds, Stopping threads took: 0.0000680 seconds
337.765: Application time: 0.0687210 seconds
337.766: [GC337.766: [ParNew: 303327K->1441K(339904K), 0.0014220 secs] 770362K->468476K(1095044K), 0.0014680 secs] [Times: user=0.00 sys=0.00, real=0.01 secs] 
337.767: Total time for which application threads were stopped: 0.0019370 seconds, Stopping threads took: 0.0000750 seconds
337.837: Application time: 0.0701090 seconds
337.838: [GC337.838: [ParNew: 303585K->1192K(339904K), 0.0015520 secs] 770620K->468234K(1095044K), 0.0015870 secs] [Times: user=0.01 sys=0.00, real=0.01 secs] 
337.839: Total time for which application threads were stopped: 0.0020420 seconds, Stopping threads took: 0.0000670 seconds
337.909: Application time: 0.0694500 seconds
337.909: [GC337.909: [ParNew: 303336K->1025K(339904K), 0.0013930 secs] 770378K->468076K(1095044K), 0.0014270 secs] [Times: user=0.01 sys=0.00, real=0.00 secs] 
337.911: Total time for which application threads were stopped: 0.0018910 seconds, Stopping threads took: 0.0000730 seconds
337.980: Application time: 0.0687890 seconds
337.980: [GC337.980: [ParNew: 303169K->982K(339904K), 0.0013530 secs] 770220K->468041K(1095044K), 0.0013870 secs] [Times: user=0.01 sys=0.00, real=0.00 secs] 
337.981: Total time for which application threads were stopped: 0.0018350 seconds, Stopping threads took: 0.0000540 seconds
338.050: Application time: 0.0684690 seconds
338.050: [GC338.050: [ParNew: 303126K->870K(339904K), 0.0015120 secs] 770185K->467937K(1095044K), 0.0015470 secs] [Times: user=0.01 sys=0.00, real=0.00 secs] 
338.052: Total time for which application threads were stopped: 0.0020070 seconds, Stopping threads took: 0.0000640 seconds
338.120: Application time: 0.0685800 seconds
338.121: [GC338.121: [ParNew: 303014K->936K(339904K), 0.0014080 secs] 770081K->468003K(1095044K), 0.0014410 secs] [Times: user=0.01 sys=0.00, real=0.00 secs] 
338.122: Total time for which application threads were stopped: 0.0019070 seconds, Stopping threads took: 0.0000760 seconds
338.191: Application time: 0.0685220 seconds
338.191: [GC338.191: [ParNew: 303080K->1101K(339904K), 0.0014060 secs] 770147K->468175K(1095044K), 0.0014420 secs] [Times: user=0.01 sys=0.00, real=0.00 secs] 
338.193: Total time for which application threads were stopped: 0.0019140 seconds, Stopping threads took: 0.0000720 seconds
338.262: Application time: 0.0692660 seconds
338.263: [GC338.263: [ParNew: 303245K->1237K(339904K), 0.0014150 secs] 770319K->468312K(1095044K), 0.0014520 secs] [Times: user=0.01 sys=0.00, real=0.00 secs] 
338.264: Total time for which application threads were stopped: 0.0019360 seconds, Stopping threads took: 0.0000670 seconds
338.333: Application time: 0.0685260 seconds
338.333: [GC338.333: [ParNew: 303381K->1153K(339904K), 0.0014460 secs] 770456K->468228K(1095044K), 0.0014820 secs] [Times: user=0.01 sys=0.00, real=0.00 secs] 
338.334: Total time for which application threads were stopped: 0.0019300 seconds, Stopping threads took: 0.0000570 seconds
338.403: Application time: 0.0682550 seconds
338.403: [GC338.403: [ParNew: 303297K->1276K(339904K), 0.0014400 secs] 770372K->468351K(1095044K), 0.0014750 secs] [Times: user=0.01 sys=0.00, real=0.00 secs] 
338.405: Total time for which application threads were stopped: 0.0019320 seconds, Stopping threads took: 0.0000600 seconds
338.473: Application time: 0.0685300 seconds
338.474: [GC338.474: [ParNew: 303420K->1267K(339904K), 0.0015900 secs] 770495K->468342K(1095044K), 0.0016340 secs] [Times: user=0.01 sys=0.00, real=0.00 secs] 
338.475: Total time for which application threads were stopped: 0.0020840 seconds, Stopping threads took: 0.0000580 seconds
338.544: Application time: 0.0689590 seconds
338.545: [GC338.545: [ParNew: 303411K->1439K(339904K), 0.0014690 secs] 770486K->468514K(1095044K), 0.0015030 secs] [Times: user=0.01 sys=0.00, real=0.00 secs] 
338.546: Total time for which application threads were stopped: 0.0019540 seconds, Stopping threads took: 0.0000560 seconds
338.615: Application time: 0.0687790 seconds
338.615: [GC338.615: [ParNew: 302885K->1334K(339904K), 0.0015500 secs] 769960K->468409K(1095044K), 0.0015850 secs] [Times: user=0.01 sys=0.00, real=0.00 secs] 
338.617: Total time for which application threads were stopped: 0.0020450 seconds, Stopping threads took: 0.0000570 seconds
338.686: Application time: 0.0689980 seconds
338.686: [GC338.686: [ParNew: 303478K->1403K(339904K), 0.0016240 secs] 770553K->468486K(1095044K), 0.0016600 secs] [Times: user=0.01 sys=0.00, real=0.01 secs] 
338.688: Total time for which application threads were stopped: 0.0021110 seconds, Stopping threads took: 0.0000590 seconds
338.758: Application time: 0.0701670 seconds
338.759: [GC338.759: [ParNew: 303547K->1124K(339904K), 0.0015240 secs] 770630K->468215K(1095044K), 0.0015600 secs] [Times: user=0.01 sys=0.00, real=0.01 secs] 
338.760: Total time for which application threads were stopped: 0.0020300 seconds, Stopping threads took: 0.0000790 seconds
338.830: Application time: 0.0692120 seconds
338.830: [GC338.830: [ParNew: 303268K->1016K(339904K), 0.0013910 secs] 770359K->468107K(1095044K), 0.0014270 secs] [Times: user=0.01 sys=0.00, real=0.00 secs] 
338.831: Total time for which application threads were stopped: 0.0018970 seconds, Stopping threads took: 0.0000570 seconds
338.901: Application time: 0.0691660 seconds
338.901: [GC338.901: [ParNew: 303160K->926K(339904K), 0.0013310 secs] 770251K->468025K(1095044K), 0.0013630 secs] [Times: user=0.01 sys=0.00, real=0.00 secs] 
338.902: Total time for which application threads were stopped: 0.0018180 seconds, Stopping threads took: 0.0000630 seconds
338.971: Application time: 0.0685120 seconds
338.971: [GC338.971: [ParNew: 303070K->1004K(339904K), 0.0015680 secs] 770169K->468111K(1095044K), 0.0016020 secs] [Times: user=0.01 sys=0.00, real=0.00 secs] 
338.973: Total time for which application threads were stopped: 0.0020640 seconds, Stopping threads took: 0.0000600 seconds
339.042: Application time: 0.0685070 seconds
339.042: [GC339.042: [ParNew: 303148K->1025K(339904K), 0.0013600 secs] 770255K->468148K(1095044K), 0.0013950 secs] [Times: user=0.00 sys=0.01, real=0.00 secs] 
339.043: Total time for which application threads were stopped: 0.0018400 seconds, Stopping threads took: 0.0000500 seconds
339.112: Application time: 0.0687940 seconds
339.113: [GC339.113: [ParNew: 303169K->1144K(339904K), 0.0013410 secs] 770292K->468267K(1095044K), 0.0013760 secs] [Times: user=0.01 sys=0.00, real=0.00 secs] 
339.114: Total time for which application threads were stopped: 0.0018350 seconds, Stopping threads took: 0.0000690 seconds
339.183: Application time: 0.0685170 seconds
339.183: [GC339.183: [ParNew: 303288K->993K(339904K), 0.0014030 secs] 770411K->468116K(1095044K), 0.0014400 secs] [Times: user=0.01 sys=0.00, real=0.00 secs] 
339.184: Total time for which application threads were stopped: 0.0018890 seconds, Stopping threads took: 0.0000530 seconds
339.253: Application time: 0.0690590 seconds
339.254: [GC339.254: [ParNew: 303137K->1371K(339904K), 0.0015260 secs] 770260K->468494K(1095044K), 0.0015620 secs] [Times: user=0.01 sys=0.00, real=0.00 secs] 
339.256: Total time for which application threads were stopped: 0.0020100 seconds, Stopping threads took: 0.0000550 seconds
339.324: Application time: 0.0684340 seconds
339.324: [GC339.324: [ParNew: 303515K->1291K(339904K), 0.0014470 secs] 770638K->468414K(1095044K), 0.0014820 secs] [Times: user=0.01 sys=0.00, real=0.00 secs] 
339.326: Total time for which application threads were stopped: 0.0019260 seconds, Stopping threads took: 0.0000450 seconds
339.394: Application time: 0.0685190 seconds
339.395: [GC339.395: [ParNew: 303435K->1397K(339904K), 0.0014310 secs] 770558K->468520K(1095044K), 0.0014670 secs] [Times: user=0.01 sys=0.00, real=0.00 secs] 
339.396: Total time for which application threads were stopped: 0.0019400 seconds, Stopping threads took: 0.0000620 seconds
339.466: Application time: 0.0692000 seconds
339.466: [GC339.466: [ParNew: 303541K->1629K(339904K), 0.0015930 secs] 770664K->468751K(1095044K), 0.0016260 secs] [Times: user=0.01 sys=0.00, real=0.01 secs] 
339.468: Total time for which application threads were stopped: 0.0021270 seconds, Stopping threads took: 0.0000550 seconds
339.536: Application time: 0.0688040 seconds
339.537: [GC339.537: [ParNew: 303773K->1481K(339904K), 0.0015650 secs] 770895K->468604K(1095044K), 0.0016010 secs] [Times: user=0.01 sys=0.00, real=0.00 secs] 
339.539: Total time for which application threads were stopped: 0.0020710 seconds, Stopping threads took: 0.0000790 seconds
339.608: Application time: 0.0698220 seconds
339.609: [GC339.609: [ParNew: 303625K->1270K(339904K), 0.0015250 secs] 770748K->468401K(1095044K), 0.0015600 secs] [Times: user=0.01 sys=0.00, real=0.00 secs] 
339.610: Total time for which application threads were stopped: 0.0020220 seconds, Stopping threads took: 0.0000740 seconds
339.679: Application time: 0.0685930 seconds
339.679: [GC339.680: [ParNew: 303414K->1341K(339904K), 0.0013900 secs] 770545K->468472K(1095044K), 0.0014270 secs] [Times: user=0.01 sys=0.00, real=0.00 secs] 
339.681: Total time for which application threads were stopped: 0.0019340 seconds, Stopping threads took: 0.0001070 seconds
339.699: Application time: 0.0180950 seconds
339.699: Total time for which application threads were stopped: 0.0004300 seconds, Stopping threads took: 0.0000580 seconds
339.750: Application time: 0.0505280 seconds
339.750: [GC339.750: [ParNew: 303485K->1189K(339904K), 0.0016170 secs] 770616K->468328K(1095044K), 0.0016530 secs] [Times: user=0.01 sys=0.00, real=0.00 secs] 
339.752: Total time for which application threads were stopped: 0.0021070 seconds, Stopping threads took: 0.0000620 seconds
339.822: Application time: 0.0694370 seconds
339.822: [GC339.822: [ParNew: 303333K->1369K(339904K), 0.0016360 secs] 770472K->468516K(1095044K), 0.0016680 secs] [Times: user=0.01 sys=0.00, real=0.00 secs] 
339.824: Total time for which application threads were stopped: 0.0021250 seconds, Stopping threads took: 0.0000580 seconds
339.893: Application time: 0.0691260 seconds
339.893: [GC339.893: [ParNew: 303513K->992K(339904K), 0.0013860 secs] 770660K->468147K(1095044K), 0.0014180 secs] [Times: user=0.01 sys=0.00, real=0.00 secs] 
339.895: Total time for which application threads were stopped: 0.0018690 seconds, Stopping threads took: 0.0000540 seconds
339.963: Application time: 0.0688230 seconds
339.964: [GC339.964: [ParNew: 303136K->1013K(339904K), 0.0015890 secs] 770291K->468184K(1095044K), 0.0016230 secs] [Times: user=0.01 sys=0.00, real=0.00 secs] 
339.966: Total time for which application threads were stopped: 0.0020940 seconds, Stopping threads took: 0.0000480 seconds
340.034: Application time: 0.0686350 seconds
340.035: [GC340.035: [ParNew: 303157K->1117K(339904K), 0.0013750 secs] 770328K->468287K(1095044K), 0.0014100 secs] [Times: user=0.01 sys=0.00, real=0.00 secs] 
340.036: Total time for which application threads were stopped: 0.0018530 seconds, Stopping threads took: 0.0000510 seconds
340.105: Application time: 0.0689780 seconds
340.106: [GC340.106: [ParNew: 303261K->1310K(339904K), 0.0013990 secs] 770431K->468481K(1095044K), 0.0014360 secs] [Times: user=0.01 sys=0.00, real=0.00 secs] 
340.107: Total time for which application threads were stopped: 0.0018860 seconds, Stopping threads took: 0.0000570 seconds
340.175: Application time: 0.0683150 seconds
340.176: [GC340.176: [ParNew: 303454K->1297K(339904K), 0.0014430 secs] 770625K->468468K(1095044K), 0.0014780 secs] [Times: user=0.01 sys=0.00, real=0.00 secs] 
340.177: Total time for which application threads were stopped: 0.0019350 seconds, Stopping threads took: 0.0000540 seconds
340.246: Application time: 0.0691380 seconds
340.248: [GC340.248: [ParNew: 303441K->1573K(339904K), 0.0015000 secs] 770612K->468744K(1095044K), 0.0015370 secs] [Times: user=0.01 sys=0.00, real=0.00 secs] 
340.249: Total time for which application threads were stopped: 0.0028420 seconds, Stopping threads took: 0.0009110 seconds
340.318: Application time: 0.0686100 seconds
340.318: [GC340.318: [ParNew: 303717K->1526K(339904K), 0.0014620 secs] 770888K->468697K(1095044K), 0.0014980 secs] [Times: user=0.01 sys=0.00, real=0.01 secs] 
340.320: Total time for which application threads were stopped: 0.0019560 seconds, Stopping threads took: 0.0000610 seconds
340.388: Application time: 0.0686180 seconds
340.389: [GC340.389: [ParNew: 303670K->1511K(339904K), 0.0016350 secs] 770841K->468682K(1095044K), 0.0016710 secs] [Times: user=0.01 sys=0.00, real=0.00 secs] 
340.391: Total time for which application threads were stopped: 0.0021260 seconds, Stopping threads took: 0.0000610 seconds
340.460: Application time: 0.0695390 seconds
340.460: [GC340.461: [ParNew: 303655K->1396K(339904K), 0.0015860 secs] 770826K->468566K(1095044K), 0.0016220 secs] [Times: user=0.01 sys=0.00, real=0.00 secs] 
340.462: Total time for which application threads were stopped: 0.0020700 seconds, Stopping threads took: 0.0000520 seconds
340.532: Application time: 0.0696710 seconds
340.532: [GC340.532: [ParNew: 303540K->1357K(339904K), 0.0015740 secs] 770710K->468552K(1095044K), 0.0016010 secs] [Times: user=0.01 sys=0.00, real=0.00 secs] 
340.534: Total time for which application threads were stopped: 0.0020590 seconds, Stopping threads took: 0.0000720 seconds
340.603: Application time: 0.0692100 seconds
340.604: [GC340.604: [ParNew: 303501K->1138K(339904K), 0.0014490 secs] 770696K->468445K(1095044K), 0.0014840 secs] [Times: user=0.01 sys=0.00, real=0.00 secs] 
340.605: Total time for which application threads were stopped: 0.0019360 seconds, Stopping threads took: 0.0000510 seconds
340.675: Application time: 0.0695860 seconds
340.675: [GC340.675: [ParNew: 303282K->1053K(339904K), 0.0015540 secs] 770589K->468368K(1095044K), 0.0015880 secs] [Times: user=0.01 sys=0.00, real=0.00 secs] 
340.677: Total time for which application threads were stopped: 0.0020460 seconds, Stopping threads took: 0.0000630 seconds
340.746: Application time: 0.0697480 seconds
340.747: [GC340.747: [ParNew: 303197K->1056K(339904K), 0.0013860 secs] 770512K->468378K(1095044K), 0.0014210 secs] [Times: user=0.01 sys=0.00, real=0.01 secs] 
340.748: Total time for which application threads were stopped: 0.0018860 seconds, Stopping threads took: 0.0000720 seconds
340.818: Application time: 0.0693730 seconds
340.818: [GC340.818: [ParNew: 303200K->1098K(339904K), 0.0015980 secs] 770522K->468428K(1095044K), 0.0016350 secs] [Times: user=0.01 sys=0.00, real=0.01 secs] 
340.820: Total time for which application threads were stopped: 0.0020880 seconds, Stopping threads took: 0.0000570 seconds
340.889: Application time: 0.0690390 seconds
340.889: [GC340.889: [ParNew: 303242K->910K(339904K), 0.0013620 secs] 770572K->468257K(1095044K), 0.0013950 secs] [Times: user=0.01 sys=0.00, real=0.00 secs] 
340.891: Total time for which application threads were stopped: 0.0018360 seconds, Stopping threads took: 0.0000520 seconds
340.959: Application time: 0.0686500 seconds
340.960: [GC340.960: [ParNew: 303054K->1060K(339904K), 0.0013810 secs] 770401K->468407K(1095044K), 0.0014160 secs] [Times: user=0.01 sys=0.00, real=0.00 secs] 
340.961: Total time for which application threads were stopped: 0.0018570 seconds, Stopping threads took: 0.0000460 seconds
341.030: Application time: 0.0684270 seconds
341.030: [GC341.030: [ParNew: 303204K->1121K(339904K), 0.0013940 secs] 770551K->468468K(1095044K), 0.0014300 secs] [Times: user=0.01 sys=0.00, real=0.00 secs] 
341.031: Total time for which application threads were stopped: 0.0018810 seconds, Stopping threads took: 0.0000530 seconds
341.099: Application time: 0.0679800 seconds
341.104: [GC341.104: [ParNew: 303265K->1190K(339904K), 0.0014360 secs] 770612K->468537K(1095044K), 0.0014820 secs] [Times: user=0.01 sys=0.00, real=0.00 secs] 
341.105: Total time for which application threads were stopped: 0.0057020 seconds, Stopping threads took: 0.0038000 seconds
341.173: Application time: 0.0682820 seconds
341.176: [GC341.176: [ParNew: 303334K->1284K(339904K), 0.0014380 secs] 770681K->468631K(1095044K), 0.0014730 secs] [Times: user=0.01 sys=0.00, real=0.00 secs] 
341.177: Total time for which application threads were stopped: 0.0036760 seconds, Stopping threads took: 0.0018120 seconds
341.246: Application time: 0.0690350 seconds
341.247: [GC341.247: [ParNew: 303428K->1298K(339904K), 0.0015030 secs] 770775K->468645K(1095044K), 0.0015380 secs] [Times: user=0.02 sys=0.00, real=0.01 secs] 
341.248: Total time for which application threads were stopped: 0.0019890 seconds, Stopping threads took: 0.0000540 seconds
341.317: Application time: 0.0686540 seconds
341.317: [GC341.317: [ParNew: 303442K->1358K(339904K), 0.0015260 secs] 770789K->468705K(1095044K), 0.0015640 secs] [Times: user=0.01 sys=0.00, real=0.00 secs] 
341.319: Total time for which application threads were stopped: 0.0020130 seconds, Stopping threads took: 0.0000510 seconds
341.388: Application time: 0.0691160 seconds
341.392: [GC341.392: [ParNew: 303502K->1458K(339904K), 0.0015050 secs] 770849K->468805K(1095044K), 0.0015400 secs] [Times: user=0.01 sys=0.00, real=0.00 secs] 
341.393: Total time for which application threads were stopped: 0.0052660 seconds, Stopping threads took: 0.0033370 seconds
341.463: Application time: 0.0700380 seconds
341.464: [GC341.464: [ParNew: 303602K->1235K(339904K), 0.0014800 secs] 770949K->468582K(1095044K), 0.0015190 secs] [Times: user=0.01 sys=0.00, real=0.00 secs] 
341.465: Total time for which application threads were stopped: 0.0019880 seconds, Stopping threads took: 0.0000770 seconds
341.534: Application time: 0.0688930 seconds
341.536: [GC341.536: [ParNew: 303379K->1077K(339904K), 0.0014050 secs] 770726K->468432K(1095044K), 0.0014400 secs] [Times: user=0.01 sys=0.00, real=0.00 secs] 
341.537: Total time for which application threads were stopped: 0.0029600 seconds, Stopping threads took: 0.0011250 seconds
341.607: Application time: 0.0695030 seconds
341.607: [GC341.607: [ParNew: 303221K->999K(339904K), 0.0013750 secs] 770576K->468362K(1095044K), 0.0014070 secs] [Times: user=0.01 sys=0.00, real=0.01 secs] 
341.608: Total time for which application threads were stopped: 0.0018780 seconds, Stopping threads took: 0.0000650 seconds
341.678: Application time: 0.0696880 seconds
341.679: [GC341.679: [ParNew: 303143K->886K(339904K), 0.0014080 secs] 770506K->468257K(1095044K), 0.0014420 secs] [Times: user=0.01 sys=0.00, real=0.01 secs] 
341.680: Total time for which application threads were stopped: 0.0019080 seconds, Stopping threads took: 0.0000670 seconds
341.750: Application time: 0.0696050 seconds
341.750: [GC341.750: [ParNew: 303030K->1141K(339904K), 0.0015450 secs] 770401K->468520K(1095044K), 0.0015770 secs] [Times: user=0.01 sys=0.00, real=0.00 secs] 
341.752: Total time for which application threads were stopped: 0.0020240 seconds, Stopping threads took: 0.0000530 seconds
341.821: Application time: 0.0689500 seconds
341.821: [GC341.821: [ParNew: 303285K->938K(339904K), 0.0016060 secs] 770664K->468333K(1095044K), 0.0016400 secs] [Times: user=0.01 sys=0.00, real=0.00 secs] 
341.823: Total time for which application threads were stopped: 0.0021010 seconds, Stopping threads took: 0.0000680 seconds
341.891: Application time: 0.0685630 seconds
341.892: [GC341.892: [ParNew: 303082K->1124K(339904K), 0.0014220 secs] 770477K->468518K(1095044K), 0.0014590 secs] [Times: user=0.01 sys=0.00, real=0.00 secs] 
341.893: Total time for which application threads were stopped: 0.0018970 seconds, Stopping threads took: 0.0000500 seconds
341.962: Application time: 0.0683400 seconds
341.962: [GC341.962: [ParNew: 303268K->1151K(339904K), 0.0014050 secs] 770662K->468546K(1095044K), 0.0014480 secs] [Times: user=0.01 sys=0.00, real=0.00 secs] 
341.964: Total time for which application threads were stopped: 0.0019010 seconds, Stopping threads took: 0.0000550 seconds
342.032: Application time: 0.0683300 seconds
342.032: [GC342.032: [ParNew: 303295K->1137K(339904K), 0.0015070 secs] 770690K->468532K(1095044K), 0.0015420 secs] [Times: user=0.01 sys=0.00, real=0.00 secs] 
342.034: Total time for which application threads were stopped: 0.0019860 seconds, Stopping threads took: 0.0000510 seconds
342.102: Application time: 0.0684780 seconds
342.104: [GC342.104: [ParNew: 303281K->1246K(339904K), 0.0014390 secs] 770676K->468641K(1095044K), 0.0014760 secs] [Times: user=0.01 sys=0.00, real=0.00 secs] 
342.105: Total time for which application threads were stopped: 0.0028400 seconds, Stopping threads took: 0.0009690 seconds
342.174: Application time: 0.0684450 seconds
342.176: [GC342.176: [ParNew: 303390K->1334K(339904K), 0.0015080 secs] 770785K->468729K(1095044K), 0.0015430 secs] [Times: user=0.01 sys=0.00, real=0.00 secs] 
342.177: Total time for which application threads were stopped: 0.0036290 seconds, Stopping threads took: 0.0016720 seconds
342.246: Application time: 0.0691410 seconds
342.248: [GC342.248: [ParNew: 303478K->1511K(339904K), 0.0014820 secs] 770873K->468906K(1095044K), 0.0015180 secs] [Times: user=0.01 sys=0.00, real=0.00 secs] 
342.249: Total time for which application threads were stopped: 0.0028360 seconds, Stopping threads took: 0.0009250 seconds
342.319: Application time: 0.0695650 seconds
342.319: [GC342.319: [ParNew: 303655K->1577K(339904K), 0.0015870 secs] 771050K->468972K(1095044K), 0.0016260 secs] [Times: user=0.01 sys=0.00, real=0.00 secs] 
342.321: Total time for which application threads were stopped: 0.0021260 seconds, Stopping threads took: 0.0001000 seconds
342.390: Application time: 0.0695090 seconds
342.391: [GC342.391: [ParNew: 303721K->1233K(339904K), 0.0015100 secs] 771116K->468628K(1095044K), 0.0015440 secs] [Times: user=0.01 sys=0.00, real=0.00 secs] 
342.392: Total time for which application threads were stopped: 0.0020120 seconds, Stopping threads took: 0.0000770 seconds
342.461: Application time: 0.0690720 seconds
342.464: [GC342.464: [ParNew: 303377K->1156K(339904K), 0.0013650 secs] 770772K->468559K(1095044K), 0.0013990 secs] [Times: user=0.01 sys=0.00, real=0.00 secs] 
342.465: Total time for which application threads were stopped: 0.0035700 seconds, Stopping threads took: 0.0017830 seconds
342.535: Application time: 0.0702870 seconds
342.536: [GC342.536: [ParNew: 303300K->1095K(339904K), 0.0016400 secs] 770703K->468506K(1095044K), 0.0016740 secs] [Times: user=0.01 sys=0.00, real=0.00 secs] 
342.537: Total time for which application threads were stopped: 0.0020940 seconds, Stopping threads took: 0.0000420 seconds
342.608: Application time: 0.0700620 seconds
342.608: [GC342.608: [ParNew: 303239K->1023K(339904K), 0.0017300 secs] 770650K->468442K(1095044K), 0.0017660 secs] [Times: user=0.01 sys=0.00, real=0.00 secs] 
342.610: Total time for which application threads were stopped: 0.0021770 seconds, Stopping threads took: 0.0000490 seconds
342.680: Application time: 0.0702810 seconds
342.680: [GC342.680: [ParNew: 303167K->1179K(339904K), 0.0014490 secs] 770586K->468606K(1095044K), 0.0014820 secs] [Times: user=0.01 sys=0.00, real=0.00 secs] 
342.682: Total time for which application threads were stopped: 0.0019690 seconds, Stopping threads took: 0.0000640 seconds
342.751: Application time: 0.0692710 seconds
342.752: [GC342.752: [ParNew: 303323K->955K(339904K), 0.0014270 secs] 770750K->468398K(1095044K), 0.0014620 secs] [Times: user=0.01 sys=0.00, real=0.00 secs] 
342.753: Total time for which application threads were stopped: 0.0019090 seconds, Stopping threads took: 0.0000550 seconds
342.822: Application time: 0.0686910 seconds
342.822: [GC342.822: [ParNew: 303099K->1015K(339904K), 0.0014200 secs] 770542K->468458K(1095044K), 0.0014550 secs] [Times: user=0.01 sys=0.00, real=0.00 secs] 
342.824: Total time for which application threads were stopped: 0.0019020 seconds, Stopping threads took: 0.0000490 seconds
342.892: Application time: 0.0685140 seconds
342.893: [GC342.893: [ParNew: 303159K->1206K(339904K), 0.0014090 secs] 770602K->468649K(1095044K), 0.0014530 secs] [Times: user=0.01 sys=0.00, real=0.00 secs] 
342.894: Total time for which application threads were stopped: 0.0019020 seconds, Stopping threads took: 0.0000510 seconds
342.963: Application time: 0.0684410 seconds
342.963: [GC342.963: [ParNew: 303350K->1092K(339904K), 0.0015190 secs] 770793K->468535K(1095044K), 0.0015530 secs] [Times: user=0.01 sys=0.00, real=0.00 secs] 
342.965: Total time for which application threads were stopped: 0.0020070 seconds, Stopping threads took: 0.0000570 seconds
343.033: Application time: 0.0687200 seconds
343.034: [GC343.034: [ParNew: 303236K->1283K(339904K), 0.0014540 secs] 770679K->468726K(1095044K), 0.0014890 secs] [Times: user=0.01 sys=0.00, real=0.00 secs] 
343.035: Total time for which application threads were stopped: 0.0019460 seconds, Stopping threads took: 0.0000630 seconds
343.104: Application time: 0.0683320 seconds
343.104: [GC343.104: [ParNew: 303427K->1395K(339904K), 0.0014650 secs] 770870K->468838K(1095044K), 0.0015000 secs] [Times: user=0.01 sys=0.00, real=0.00 secs] 
343.106: Total time for which application threads were stopped: 0.0019450 seconds, Stopping threads took: 0.0000500 seconds
343.174: Application time: 0.0688040 seconds
343.175: [GC343.175: [ParNew: 303539K->1444K(339904K), 0.0015250 secs] 770982K->468887K(1095044K), 0.0015620 secs] [Times: user=0.01 sys=0.00, real=0.00 secs] 
343.176: Total time for which application threads were stopped: 0.0020110 seconds, Stopping threads took: 0.0000530 seconds
343.247: Application time: 0.0703620 seconds
343.247: [GC343.247: [ParNew: 303588K->1286K(339904K), 0.0015410 secs] 771031K->468729K(1095044K), 0.0015750 secs] [Times: user=0.01 sys=0.00, real=0.00 secs] 
343.249: Total time for which application threads were stopped: 0.0020630 seconds, Stopping threads took: 0.0000700 seconds
343.318: Application time: 0.0691050 seconds
343.318: [GC343.318: [ParNew: 303430K->1265K(339904K), 0.0014530 secs] 770873K->468708K(1095044K), 0.0014910 secs] [Times: user=0.01 sys=0.00, real=0.01 secs] 
343.320: Total time for which application threads were stopped: 0.0019690 seconds, Stopping threads took: 0.0000890 seconds
343.389: Application time: 0.0687410 seconds
343.389: [GC343.389: [ParNew: 303409K->1264K(339904K), 0.0014290 secs] 770852K->468715K(1095044K), 0.0014640 secs] [Times: user=0.01 sys=0.00, real=0.00 secs] 
343.391: Total time for which application threads were stopped: 0.0019170 seconds, Stopping threads took: 0.0000600 seconds
343.460: Application time: 0.0696170 seconds
343.461: [GC343.461: [ParNew: 303408K->1156K(339904K), 0.0014200 secs] 770859K->468615K(1095044K), 0.0014550 secs] [Times: user=0.01 sys=0.00, real=0.00 secs] 
343.462: Total time for which application threads were stopped: 0.0019000 seconds, Stopping threads took: 0.0000520 seconds
343.532: Application time: 0.0699170 seconds
343.532: [GC343.532: [ParNew: 303300K->1070K(339904K), 0.0014180 secs] 770759K->468537K(1095044K), 0.0014520 secs] [Times: user=0.01 sys=0.00, real=0.00 secs] 
343.534: Total time for which application threads were stopped: 0.0019240 seconds, Stopping threads took: 0.0000760 seconds
343.603: Application time: 0.0689980 seconds
343.608: [GC343.608: [ParNew: 303214K->970K(339904K), 0.0014360 secs] 770681K->468445K(1095044K), 0.0014700 secs] [Times: user=0.01 sys=0.00, real=0.00 secs] 
343.609: Total time for which application threads were stopped: 0.0061830 seconds, Stopping threads took: 0.0043200 seconds
343.678: Application time: 0.0687920 seconds
343.678: [GC343.678: [ParNew: 303114K->1140K(339904K), 0.0013720 secs] 770589K->468623K(1095044K), 0.0014060 secs] [Times: user=0.01 sys=0.00, real=0.01 secs] 
343.680: Total time for which application threads were stopped: 0.0018690 seconds, Stopping threads took: 0.0000670 seconds
343.748: Application time: 0.0684680 seconds
343.749: [GC343.749: [ParNew: 303284K->1066K(339904K), 0.0013690 secs] 770767K->468557K(1095044K), 0.0014050 secs] [Times: user=0.01 sys=0.00, real=0.00 secs] 
343.750: Total time for which application threads were stopped: 0.0018740 seconds, Stopping threads took: 0.0000540 seconds
343.818: Application time: 0.0682510 seconds
343.819: [GC343.819: [ParNew: 303210K->1202K(339904K), 0.0014070 secs] 770701K->468693K(1095044K), 0.0014440 secs] [Times: user=0.01 sys=0.00, real=0.01 secs] 
343.820: Total time for which application threads were stopped: 0.0018900 seconds, Stopping threads took: 0.0000470 seconds
343.889: Application time: 0.0686550 seconds
343.889: [GC343.889: [ParNew: 303346K->1345K(339904K), 0.0014730 secs] 770837K->468836K(1095044K), 0.0015080 secs] [Times: user=0.01 sys=0.00, real=0.00 secs] 
343.891: Total time for which application threads were stopped: 0.0019550 seconds, Stopping threads took: 0.0000530 seconds
343.960: Application time: 0.0689000 seconds
343.960: [GC343.960: [ParNew: 303489K->1353K(339904K), 0.0014560 secs] 770980K->468844K(1095044K), 0.0014910 secs] [Times: user=0.01 sys=0.00, real=0.00 secs] 
343.962: Total time for which application threads were stopped: 0.0019600 seconds, Stopping threads took: 0.0000750 seconds
344.030: Application time: 0.0685210 seconds
344.031: [GC344.031: [ParNew: 303497K->1481K(339904K), 0.0014630 secs] 770988K->468972K(1095044K), 0.0014990 secs] [Times: user=0.01 sys=0.00, real=0.00 secs] 
344.032: Total time for which application threads were stopped: 0.0019450 seconds, Stopping threads took: 0.0000560 seconds
344.101: Application time: 0.0685210 seconds
344.104: [GC344.104: [ParNew: 303625K->1518K(339904K), 0.0014890 secs] 771116K->469008K(1095044K), 0.0015250 secs] [Times: user=0.01 sys=0.00, real=0.00 secs] 
344.105: Total time for which application threads were stopped: 0.0044120 seconds, Stopping threads took: 0.0024920 seconds
344.175: Application time: 0.0699220 seconds
344.176: [GC344.176: [ParNew: 303662K->1230K(339904K), 0.0014940 secs] 771152K->468721K(1095044K), 0.0015300 secs] [Times: user=0.01 sys=0.00, real=0.00 secs] 
344.177: Total time for which application threads were stopped: 0.0019980 seconds, Stopping threads took: 0.0000680 seconds
344.247: Application time: 0.0695700 seconds
344.247: [GC344.247: [ParNew: 303374K->1199K(339904K), 0.0014920 secs] 770865K->468690K(1095044K), 0.0015260 secs] [Times: user=0.01 sys=0.00, real=0.01 secs] 
344.249: Total time for which application threads were stopped: 0.0019820 seconds, Stopping threads took: 0.0000610 seconds
344.321: Application time: 0.0719740 seconds
344.321: [GC344.321: [ParNew: 303343K->1093K(339904K), 0.0014900 secs] 770834K->468600K(1095044K), 0.0015230 secs] [Times: user=0.01 sys=0.00, real=0.00 secs] 
344.323: Total time for which application threads were stopped: 0.0020190 seconds, Stopping threads took: 0.0000780 seconds
344.393: Application time: 0.0707240 seconds
344.396: [GC344.396: [ParNew: 303237K->1082K(339904K), 0.0014630 secs] 770744K->468597K(1095044K), 0.0014960 secs] [Times: user=0.01 sys=0.00, real=0.00 secs] 
344.397: Total time for which application threads were stopped: 0.0038230 seconds, Stopping threads took: 0.0019300 seconds
344.468: Application time: 0.0705220 seconds
344.469: [GC344.469: [ParNew: 303226K->1195K(339904K), 0.0014910 secs] 770741K->468710K(1095044K), 0.0015240 secs] [Times: user=0.01 sys=0.00, real=0.00 secs] 
344.470: Total time for which application threads were stopped: 0.0024520 seconds, Stopping threads took: 0.0005340 seconds
344.541: Application time: 0.0705930 seconds
344.541: [GC344.541: [ParNew: 303339K->1101K(339904K), 0.0015880 secs] 770854K->468624K(1095044K), 0.0016260 secs] [Times: user=0.02 sys=0.00, real=0.00 secs] 
344.543: Total time for which application threads were stopped: 0.0020640 seconds, Stopping threads took: 0.0000760 seconds
344.612: Application time: 0.0695680 seconds
344.613: [GC344.613: [ParNew: 303245K->1002K(339904K), 0.0014090 secs] 770768K->468533K(1095044K), 0.0014460 secs] [Times: user=0.01 sys=0.00, real=0.00 secs] 
344.614: Total time for which application threads were stopped: 0.0018750 seconds, Stopping threads took: 0.0000400 seconds
344.683: Application time: 0.0685780 seconds
344.683: [GC344.683: [ParNew: 303146K->1073K(339904K), 0.0014690 secs] 770677K->468612K(1095044K), 0.0015130 secs] [Times: user=0.01 sys=0.00, real=0.00 secs] 
344.685: Total time for which application threads were stopped: 0.0020150 seconds, Stopping threads took: 0.0000990 seconds
344.753: Application time: 0.0685500 seconds
344.754: [GC344.754: [ParNew: 303217K->1236K(339904K), 0.0014850 secs] 770756K->468775K(1095044K), 0.0015210 secs] [Times: user=0.01 sys=0.00, real=0.00 secs] 
344.755: Total time for which application threads were stopped: 0.0019860 seconds, Stopping threads took: 0.0000730 seconds
344.824: Application time: 0.0689900 seconds
344.825: [GC344.825: [ParNew: 303380K->1187K(339904K), 0.0015630 secs] 770919K->468726K(1095044K), 0.0015980 secs] [Times: user=0.01 sys=0.00, real=0.00 secs] 
344.827: Total time for which application threads were stopped: 0.0020860 seconds, Stopping threads took: 0.0000730 seconds
344.895: Application time: 0.0687390 seconds
344.896: [GC344.896: [ParNew: 303331K->1147K(339904K), 0.0016480 secs] 770870K->468686K(1095044K), 0.0016830 secs] [Times: user=0.00 sys=0.00, real=0.00 secs] 
344.897: Total time for which application threads were stopped: 0.0021360 seconds, Stopping threads took: 0.0000610 seconds
344.966: Application time: 0.0687250 seconds
344.967: [GC344.967: [ParNew: 303291K->1311K(339904K), 0.0015460 secs] 770830K->468850K(1095044K), 0.0015820 secs] [Times: user=0.02 sys=0.00, real=0.01 secs] 
344.968: Total time for which application threads were stopped: 0.0020440 seconds, Stopping threads took: 0.0000650 seconds
345.040: Application time: 0.0722220 seconds
345.041: [GC345.041: [ParNew: 303455K->1347K(339904K), 0.0014640 secs] 770994K->468886K(1095044K), 0.0015000 secs] [Times: user=0.01 sys=0.00, real=0.00 secs] 
345.042: Total time for which application threads were stopped: 0.0019730 seconds, Stopping threads took: 0.0000720 seconds
345.091: Application time: 0.0482130 seconds
345.091: Total time for which application threads were stopped: 0.0004210 seconds, Stopping threads took: 0.0000580 seconds
345.113: Application time: 0.0215540 seconds
345.116: [GC345.116: [ParNew: 303491K->1234K(339904K), 0.0017320 secs] 771030K->468773K(1095044K), 0.0017680 secs] [Times: user=0.01 sys=0.00, real=0.00 secs] 
345.118: Total time for which application threads were stopped: 0.0050900 seconds, Stopping threads took: 0.0028150 seconds
345.191: Application time: 0.0733440 seconds
345.191: [GC345.192: [ParNew: 303378K->1321K(339904K), 0.0015890 secs] 770917K->468860K(1095044K), 0.0016220 secs] [Times: user=0.02 sys=0.00, real=0.00 secs] 
345.193: Total time for which application threads were stopped: 0.0021110 seconds, Stopping threads took: 0.0000820 seconds
345.266: Application time: 0.0725720 seconds
345.268: [GC345.268: [ParNew: 303465K->1359K(339904K), 0.0016090 secs] 771004K->468906K(1095044K), 0.0016430 secs] [Times: user=0.01 sys=0.00, real=0.00 secs] 
345.269: Total time for which application threads were stopped: 0.0036130 seconds, Stopping threads took: 0.0015700 seconds
345.340: Application time: 0.0709620 seconds
345.341: [GC345.341: [ParNew: 303503K->1110K(339904K), 0.0015190 secs] 771050K->468657K(1095044K), 0.0015530 secs] [Times: user=0.01 sys=0.00, real=0.00 secs] 
345.342: Total time for which application threads were stopped: 0.0020530 seconds, Stopping threads took: 0.0000710 seconds
345.413: Application time: 0.0708640 seconds
345.414: [GC345.414: [ParNew: 303254K->1353K(339904K), 0.0015760 secs] 770801K->468908K(1095044K), 0.0016090 secs] [Times: user=0.01 sys=0.00, real=0.00 secs] 
345.415: Total time for which application threads were stopped: 0.0020780 seconds, Stopping threads took: 0.0000700 seconds
345.484: Application time: 0.0686980 seconds
345.484: [GC345.484: [ParNew: 303497K->1083K(339904K), 0.0014570 secs] 771052K->468646K(1095044K), 0.0014940 secs] [Times: user=0.01 sys=0.00, real=0.00 secs] 
345.486: Total time for which application threads were stopped: 0.0019610 seconds, Stopping threads took: 0.0000670 seconds
345.555: Application time: 0.0688490 seconds
345.555: [GC345.555: [ParNew: 303227K->1184K(339904K), 0.0014310 secs] 770790K->468747K(1095044K), 0.0014650 secs] [Times: user=0.01 sys=0.00, real=0.00 secs] 
345.557: Total time for which application threads were stopped: 0.0019330 seconds, Stopping threads took: 0.0000620 seconds
345.627: Application time: 0.0698460 seconds
345.627: [GC345.627: [ParNew: 303328K->1333K(339904K), 0.0015080 secs] 770891K->468904K(1095044K), 0.0015460 secs] [Times: user=0.01 sys=0.00, real=0.01 secs] 
345.629: Total time for which application threads were stopped: 0.0020120 seconds, Stopping threads took: 0.0000670 seconds
345.697: Application time: 0.0683800 seconds
345.697: [GC345.697: [ParNew: 303477K->1242K(339904K), 0.0015450 secs] 771048K->468821K(1095044K), 0.0015820 secs] [Times: user=0.01 sys=0.00, real=0.00 secs] 
345.699: Total time for which application threads were stopped: 0.0020180 seconds, Stopping threads took: 0.0000610 seconds
345.768: Application time: 0.0685900 seconds
345.768: [GC345.768: [ParNew: 303386K->1165K(339904K), 0.0015520 secs] 770965K->468744K(1095044K), 0.0015870 secs] [Times: user=0.01 sys=0.00, real=0.00 secs] 
345.770: Total time for which application threads were stopped: 0.0020390 seconds, Stopping threads took: 0.0000540 seconds
345.838: Application time: 0.0682560 seconds
345.838: [GC345.838: [ParNew: 303309K->1341K(339904K), 0.0015450 secs] 770888K->468920K(1095044K), 0.0015800 secs] [Times: user=0.02 sys=0.00, real=0.01 secs] 
345.840: Total time for which application threads were stopped: 0.0020270 seconds, Stopping threads took: 0.0000510 seconds
345.910: Application time: 0.0696450 seconds
345.910: [GC345.910: [ParNew: 303485K->1542K(339904K), 0.0015030 secs] 771064K->469121K(1095044K), 0.0015390 secs] [Times: user=0.01 sys=0.00, real=0.00 secs] 
345.912: Total time for which application threads were stopped: 0.0020150 seconds, Stopping threads took: 0.0000620 seconds
345.981: Application time: 0.0692420 seconds
345.981: [GC345.981: [ParNew: 303686K->1403K(339904K), 0.0014930 secs] 771265K->468982K(1095044K), 0.0015290 secs] [Times: user=0.01 sys=0.00, real=0.00 secs] 
345.983: Total time for which application threads were stopped: 0.0019810 seconds, Stopping threads took: 0.0000550 seconds
346.052: Application time: 0.0696260 seconds
346.053: [GC346.053: [ParNew: 303547K->1288K(339904K), 0.0015590 secs] 771126K->468867K(1095044K), 0.0015960 secs] [Times: user=0.01 sys=0.00, real=0.00 secs] 
346.055: Total time for which application threads were stopped: 0.0020510 seconds, Stopping threads took: 0.0000560 seconds
346.124: Application time: 0.0699720 seconds
346.125: [GC346.125: [ParNew: 303432K->1272K(339904K), 0.0016580 secs] 771011K->468979K(1095044K), 0.0016930 secs] [Times: user=0.01 sys=0.00, real=0.00 secs] 
346.127: Total time for which application threads were stopped: 0.0021200 seconds, Stopping threads took: 0.0000620 seconds
346.199: Application time: 0.0724240 seconds
346.200: [GC346.200: [ParNew: 303416K->1226K(339904K), 0.0016980 secs] 771123K->468941K(1095044K), 0.0017240 secs] [Times: user=0.01 sys=0.00, real=0.00 secs] 
346.201: Total time for which application threads were stopped: 0.0022550 seconds, Stopping threads took: 0.0000880 seconds
346.273: Application time: 0.0716530 seconds
346.273: [GC346.273: [ParNew: 303370K->1013K(339904K), 0.0015130 secs] 771085K->468728K(1095044K), 0.0015480 secs] [Times: user=0.01 sys=0.00, real=0.00 secs] 
346.275: Total time for which application threads were stopped: 0.0020500 seconds, Stopping threads took: 0.0001090 seconds
346.346: Application time: 0.0711550 seconds
346.348: [GC346.348: [ParNew: 303157K->1045K(339904K), 0.0015910 secs] 770872K->468768K(1095044K), 0.0016170 secs] [Times: user=0.01 sys=0.00, real=0.00 secs] 
346.349: Total time for which application threads were stopped: 0.0031360 seconds, Stopping threads took: 0.0011290 seconds
346.418: Application time: 0.0690590 seconds
346.419: [GC346.419: [ParNew: 303189K->1052K(339904K), 0.0014130 secs] 770912K->468783K(1095044K), 0.0014560 secs] [Times: user=0.01 sys=0.00, real=0.01 secs] 
346.420: Total time for which application threads were stopped: 0.0019540 seconds, Stopping threads took: 0.0000810 seconds
346.490: Application time: 0.0694560 seconds
346.490: [GC346.490: [ParNew: 303196K->1046K(339904K), 0.0014400 secs] 770927K->468793K(1095044K), 0.0014780 secs] [Times: user=0.01 sys=0.00, real=0.00 secs] 
346.492: Total time for which application threads were stopped: 0.0019480 seconds, Stopping threads took: 0.0000740 seconds
346.561: Application time: 0.0691310 seconds
346.561: [GC346.561: [ParNew: 303190K->1155K(339904K), 0.0014460 secs] 770937K->468902K(1095044K), 0.0014830 secs] [Times: user=0.01 sys=0.00, real=0.00 secs] 
346.563: Total time for which application threads were stopped: 0.0019510 seconds, Stopping threads took: 0.0000820 seconds
346.632: Application time: 0.0689450 seconds
346.632: [GC346.632: [ParNew: 303299K->1255K(339904K), 0.0014310 secs] 771046K->469002K(1095044K), 0.0014690 secs] [Times: user=0.01 sys=0.00, real=0.00 secs] 
346.634: Total time for which application threads were stopped: 0.0019110 seconds, Stopping threads took: 0.0000470 seconds
346.703: Application time: 0.0690630 seconds
346.703: [GC346.703: [ParNew: 303399K->1303K(339904K), 0.0014410 secs] 771146K->469066K(1095044K), 0.0014780 secs] [Times: user=0.01 sys=0.00, real=0.00 secs] 
346.705: Total time for which application threads were stopped: 0.0019350 seconds, Stopping threads took: 0.0000560 seconds
346.773: Application time: 0.0685660 seconds
346.774: [GC346.774: [ParNew: 303447K->1552K(339904K), 0.0014620 secs] 771210K->469315K(1095044K), 0.0014970 secs] [Times: user=0.01 sys=0.00, real=0.00 secs] 
346.775: Total time for which application threads were stopped: 0.0019740 seconds, Stopping threads took: 0.0000730 seconds
346.845: Application time: 0.0695540 seconds
346.845: [GC346.845: [ParNew: 303696K->1074K(339904K), 0.0015620 secs] 771459K->468837K(1095044K), 0.0015950 secs] [Times: user=0.01 sys=0.00, real=0.00 secs] 
346.847: Total time for which application threads were stopped: 0.0020500 seconds, Stopping threads took: 0.0000660 seconds
346.916: Application time: 0.0690400 seconds
346.916: [GC346.916: [ParNew: 303218K->1328K(339904K), 0.0015450 secs] 770981K->469091K(1095044K), 0.0015810 secs] [Times: user=0.01 sys=0.00, real=0.00 secs] 
346.918: Total time for which application threads were stopped: 0.0020390 seconds, Stopping threads took: 0.0000650 seconds
346.988: Application time: 0.0697120 seconds
346.988: [GC346.988: [ParNew: 303472K->1230K(339904K), 0.0014970 secs] 771235K->468993K(1095044K), 0.0015310 secs] [Times: user=0.01 sys=0.00, real=0.00 secs] 
346.990: Total time for which application threads were stopped: 0.0020080 seconds, Stopping threads took: 0.0000560 seconds
347.059: Application time: 0.0696350 seconds
347.060: [GC347.060: [ParNew: 303374K->1228K(339904K), 0.0014330 secs] 771137K->469007K(1095044K), 0.0014690 secs] [Times: user=0.01 sys=0.00, real=0.00 secs] 
347.061: Total time for which application threads were stopped: 0.0019090 seconds, Stopping threads took: 0.0000480 seconds
347.131: Application time: 0.0701230 seconds
347.132: [GC347.132: [ParNew: 303372K->1075K(339904K), 0.0015900 secs] 771151K->468862K(1095044K), 0.0016230 secs] [Times: user=0.01 sys=0.00, real=0.00 secs] 
347.133: Total time for which application threads were stopped: 0.0021080 seconds, Stopping threads took: 0.0000780 seconds
347.206: Application time: 0.0724800 seconds
347.206: [GC347.206: [ParNew: 303219K->1138K(339904K), 0.0015790 secs] 771006K->468925K(1095044K), 0.0016130 secs] [Times: user=0.01 sys=0.00, real=0.01 secs] 
347.208: Total time for which application threads were stopped: 0.0021130 seconds, Stopping threads took: 0.0001020 seconds
347.280: Application time: 0.0719290 seconds
347.280: [GC347.280: [ParNew: 303282K->1137K(339904K), 0.0016280 secs] 771069K->468940K(1095044K), 0.0016650 secs] [Times: user=0.01 sys=0.00, real=0.00 secs] 
347.282: Total time for which application threads were stopped: 0.0021060 seconds, Stopping threads took: 0.0000800 seconds
347.352: Application time: 0.0697430 seconds
347.352: [GC347.352: [ParNew: 303281K->996K(339904K), 0.0015770 secs] 771084K->468815K(1095044K), 0.0016120 secs] [Times: user=0.01 sys=0.00, real=0.00 secs] 
347.354: Total time for which application threads were stopped: 0.0020470 seconds, Stopping threads took: 0.0000430 seconds
347.423: Application time: 0.0694730 seconds
347.424: [GC347.424: [ParNew: 303140K->1208K(339904K), 0.0015600 secs] 770959K->469027K(1095044K), 0.0015950 secs] [Times: user=0.01 sys=0.00, real=0.00 secs] 
347.425: Total time for which application threads were stopped: 0.0020400 seconds, Stopping threads took: 0.0000530 seconds
347.495: Application time: 0.0692820 seconds
347.495: [GC347.495: [ParNew: 303352K->1391K(339904K), 0.0014240 secs] 771171K->469226K(1095044K), 0.0014600 secs] [Times: user=0.01 sys=0.00, real=0.00 secs] 
347.497: Total time for which application threads were stopped: 0.0019290 seconds, Stopping threads took: 0.0000500 seconds
347.566: Application time: 0.0692190 seconds
347.566: [GC347.566: [ParNew: 303535K->1073K(339904K), 0.0014480 secs] 771370K->468908K(1095044K), 0.0014830 secs] [Times: user=0.01 sys=0.00, real=0.01 secs] 
347.568: Total time for which application threads were stopped: 0.0019610 seconds, Stopping threads took: 0.0000840 seconds
347.637: Application time: 0.0691390 seconds
347.637: [GC347.637: [ParNew: 303217K->1291K(339904K), 0.0014630 secs] 771052K->469142K(1095044K), 0.0015010 secs] [Times: user=0.01 sys=0.00, real=0.00 secs] 
347.639: Total time for which application threads were stopped: 0.0019560 seconds, Stopping threads took: 0.0000560 seconds
347.708: Application time: 0.0692030 seconds
347.709: [GC347.709: [ParNew: 303435K->1373K(339904K), 0.0014620 secs] 771286K->469224K(1095044K), 0.0015010 secs] [Times: user=0.01 sys=0.00, real=0.00 secs] 
347.710: Total time for which application threads were stopped: 0.0019480 seconds, Stopping threads took: 0.0000460 seconds
347.780: Application time: 0.0696200 seconds
347.780: [GC347.780: [ParNew: 303517K->1221K(339904K), 0.0014580 secs] 771368K->469072K(1095044K), 0.0014940 secs] [Times: user=0.01 sys=0.00, real=0.00 secs] 
347.782: Total time for which application threads were stopped: 0.0019450 seconds, Stopping threads took: 0.0000580 seconds
347.851: Application time: 0.0693290 seconds
347.851: [GC347.851: [ParNew: 303365K->1388K(339904K), 0.0015700 secs] 771216K->469239K(1095044K), 0.0016010 secs] [Times: user=0.01 sys=0.00, real=0.00 secs] 
347.853: Total time for which application threads were stopped: 0.0020930 seconds, Stopping threads took: 0.0000740 seconds
347.924: Application time: 0.0710500 seconds
347.925: [GC347.925: [ParNew: 303532K->1253K(339904K), 0.0016370 secs] 771383K->469112K(1095044K), 0.0016680 secs] [Times: user=0.01 sys=0.00, real=0.00 secs] 
347.926: Total time for which application threads were stopped: 0.0021420 seconds, Stopping threads took: 0.0000740 seconds
347.997: Application time: 0.0703750 seconds
347.997: [GC347.997: [ParNew: 303397K->1269K(339904K), 0.0015890 secs] 771256K->469128K(1095044K), 0.0016230 secs] [Times: user=0.01 sys=0.00, real=0.00 secs] 
347.999: Total time for which application threads were stopped: 0.0021000 seconds, Stopping threads took: 0.0000520 seconds
348.069: Application time: 0.0698060 seconds
348.069: [GC348.069: [ParNew: 303413K->1206K(339904K), 0.0015520 secs] 771272K->469073K(1095044K), 0.0015850 secs] [Times: user=0.01 sys=0.00, real=0.00 secs] 
348.071: Total time for which application threads were stopped: 0.0020590 seconds, Stopping threads took: 0.0000710 seconds
348.141: Application time: 0.0702290 seconds
348.141: [GC348.141: [ParNew: 303350K->1035K(339904K), 0.0015270 secs] 771217K->468902K(1095044K), 0.0015590 secs] [Times: user=0.01 sys=0.00, real=0.00 secs] 
348.143: Total time for which application threads were stopped: 0.0020190 seconds, Stopping threads took: 0.0000680 seconds
348.214: Application time: 0.0707120 seconds
348.214: [GC348.214: [ParNew: 303179K->1092K(339904K), 0.0014920 secs] 771046K->468967K(1095044K), 0.0015360 secs] [Times: user=0.01 sys=0.00, real=0.00 secs] 
348.216: Total time for which application threads were stopped: 0.0020120 seconds, Stopping threads took: 0.0000780 seconds
348.285: Application time: 0.0698650 seconds
348.286: [GC348.286: [ParNew: 303236K->1148K(339904K), 0.0014690 secs] 771111K->469031K(1095044K), 0.0015050 secs] [Times: user=0.01 sys=0.00, real=0.01 secs] 
348.287: Total time for which application threads were stopped: 0.0019480 seconds, Stopping threads took: 0.0000470 seconds
348.356: Application time: 0.0689850 seconds
348.357: [GC348.357: [ParNew: 303292K->1315K(339904K), 0.0013940 secs] 771175K->469214K(1095044K), 0.0014290 secs] [Times: user=0.01 sys=0.00, real=0.00 secs] 
348.358: Total time for which application threads were stopped: 0.0018720 seconds, Stopping threads took: 0.0000450 seconds
348.429: Application time: 0.0707910 seconds
348.429: [GC348.429: [ParNew: 303459K->972K(339904K), 0.0014040 secs] 771358K->468887K(1095044K), 0.0014400 secs] [Times: user=0.01 sys=0.00, real=0.00 secs] 
348.431: Total time for which application threads were stopped: 0.0018860 seconds, Stopping threads took: 0.0000540 seconds
348.500: Application time: 0.0688910 seconds
348.500: [GC348.500: [ParNew: 303116K->1147K(339904K), 0.0014800 secs] 771031K->469062K(1095044K), 0.0015160 secs] [Times: user=0.01 sys=0.00, real=0.00 secs] 
348.502: Total time for which application threads were stopped: 0.0019960 seconds, Stopping threads took: 0.0000560 seconds
348.571: Application time: 0.0687370 seconds
348.571: [GC348.571: [ParNew: 303291K->1186K(339904K), 0.0014440 secs] 771206K->469101K(1095044K), 0.0014810 secs] [Times: user=0.01 sys=0.00, real=0.00 secs] 
348.573: Total time for which application threads were stopped: 0.0019310 seconds, Stopping threads took: 0.0000530 seconds
348.641: Application time: 0.0687890 seconds
348.642: [GC348.642: [ParNew: 303330K->1493K(339904K), 0.0014560 secs] 771245K->469416K(1095044K), 0.0014990 secs] [Times: user=0.01 sys=0.00, real=0.00 secs] 
348.643: Total time for which application threads were stopped: 0.0019530 seconds, Stopping threads took: 0.0000560 seconds
348.712: Application time: 0.0690570 seconds
348.713: [GC348.713: [ParNew: 303637K->1237K(339904K), 0.0014790 secs] 771560K->469160K(1095044K), 0.0015150 secs] [Times: user=0.01 sys=0.00, real=0.00 secs] 
348.714: Total time for which application threads were stopped: 0.0019710 seconds, Stopping threads took: 0.0000570 seconds
348.783: Application time: 0.0689230 seconds
348.784: [GC348.784: [ParNew: 303381K->1223K(339904K), 0.0014350 secs] 771304K->469146K(1095044K), 0.0014710 secs] [Times: user=0.01 sys=0.00, real=0.00 secs] 
348.785: Total time for which application threads were stopped: 0.0019250 seconds, Stopping threads took: 0.0000610 seconds
348.855: Application time: 0.0696660 seconds
348.855: [GC348.855: [ParNew: 303367K->1197K(339904K), 0.0017270 secs] 771290K->469136K(1095044K), 0.0017690 secs] [Times: user=0.01 sys=0.01, real=0.00 secs] 
348.857: Total time for which application threads were stopped: 0.0021900 seconds, Stopping threads took: 0.0000550 seconds
348.926: Application time: 0.0693100 seconds
348.927: [GC348.927: [ParNew: 303341K->1232K(339904K), 0.0014200 secs] 771280K->469171K(1095044K), 0.0014550 secs] [Times: user=0.01 sys=0.00, real=0.01 secs] 
348.928: Total time for which application threads were stopped: 0.0019140 seconds, Stopping threads took: 0.0000670 seconds
348.998: Application time: 0.0693670 seconds
348.998: [GC348.998: [ParNew: 303376K->1269K(339904K), 0.0016140 secs] 771315K->469224K(1095044K), 0.0016510 secs] [Times: user=0.01 sys=0.00, real=0.01 secs] 
349.000: Total time for which application threads were stopped: 0.0020750 seconds, Stopping threads took: 0.0000640 seconds
349.070: Application time: 0.0705570 seconds
349.071: [GC349.071: [ParNew: 303413K->1147K(339904K), 0.0014800 secs] 771368K->469110K(1095044K), 0.0015140 secs] [Times: user=0.01 sys=0.00, real=0.00 secs] 
349.072: Total time for which application threads were stopped: 0.0019930 seconds, Stopping threads took: 0.0000580 seconds
349.142: Application time: 0.0694900 seconds
349.142: [GC349.142: [ParNew: 303291K->1238K(339904K), 0.0015940 secs] 771254K->469201K(1095044K), 0.0016280 secs] [Times: user=0.01 sys=0.00, real=0.00 secs] 
349.144: Total time for which application threads were stopped: 0.0021030 seconds, Stopping threads took: 0.0000750 seconds
349.214: Application time: 0.0699660 seconds
349.214: [GC349.214: [ParNew: 303382K->1130K(339904K), 0.0014210 secs] 771345K->469101K(1095044K), 0.0014580 secs] [Times: user=0.01 sys=0.00, real=0.00 secs] 
349.216: Total time for which application threads were stopped: 0.0019140 seconds, Stopping threads took: 0.0000550 seconds
349.284: Application time: 0.0683470 seconds
349.284: [GC349.285: [ParNew: 303274K->1166K(339904K), 0.0013720 secs] 771245K->469145K(1095044K), 0.0014070 secs] [Times: user=0.01 sys=0.00, real=0.00 secs] 
349.286: Total time for which application threads were stopped: 0.0018550 seconds, Stopping threads took: 0.0000520 seconds
349.355: Application time: 0.0689260 seconds
349.355: [GC349.355: [ParNew: 303310K->1147K(339904K), 0.0014950 secs] 771289K->469142K(1095044K), 0.0015300 secs] [Times: user=0.01 sys=0.00, real=0.00 secs] 
349.357: Total time for which application threads were stopped: 0.0019950 seconds, Stopping threads took: 0.0000580 seconds
349.426: Application time: 0.0694960 seconds
349.427: [GC349.427: [ParNew: 303291K->1258K(339904K), 0.0014420 secs] 771286K->469253K(1095044K), 0.0014780 secs] [Times: user=0.01 sys=0.00, real=0.01 secs] 
349.428: Total time for which application threads were stopped: 0.0019240 seconds, Stopping threads took: 0.0000440 seconds
349.497: Application time: 0.0685720 seconds
349.497: [GC349.497: [ParNew: 303402K->1160K(339904K), 0.0014040 secs] 771397K->469155K(1095044K), 0.0014400 secs] [Times: user=0.01 sys=0.00, real=0.00 secs] 
349.499: Total time for which application threads were stopped: 0.0019150 seconds, Stopping threads took: 0.0000700 seconds
349.567: Application time: 0.0682960 seconds
349.568: [GC349.568: [ParNew: 303304K->1313K(339904K), 0.0014230 secs] 771299K->469324K(1095044K), 0.0014580 secs] [Times: user=0.01 sys=0.00, real=0.00 secs] 
349.569: Total time for which application threads were stopped: 0.0019320 seconds, Stopping threads took: 0.0000590 seconds
349.641: Application time: 0.0716090 seconds
349.641: [GC349.641: [ParNew: 303457K->1138K(339904K), 0.0014590 secs] 771468K->469149K(1095044K), 0.0014930 secs] [Times: user=0.01 sys=0.00, real=0.00 secs] 
349.643: Total time for which application threads were stopped: 0.0019780 seconds, Stopping threads took: 0.0000510 seconds
349.712: Application time: 0.0689250 seconds
349.712: [GC349.712: [ParNew: 303282K->1186K(339904K), 0.0014220 secs] 771293K->469197K(1095044K), 0.0014580 secs] [Times: user=0.01 sys=0.00, real=0.00 secs] 
349.713: Total time for which application threads were stopped: 0.0019060 seconds, Stopping threads took: 0.0000490 seconds
349.783: Application time: 0.0692990 seconds
349.783: [GC349.783: [ParNew: 303330K->1265K(339904K), 0.0014460 secs] 771341K->469292K(1095044K), 0.0014800 secs] [Times: user=0.01 sys=0.00, real=0.00 secs] 
349.785: Total time for which application threads were stopped: 0.0019380 seconds, Stopping threads took: 0.0000600 seconds
349.855: Application time: 0.0704180 seconds
349.856: [GC349.856: [ParNew: 303409K->916K(339904K), 0.0015490 secs] 771436K->468943K(1095044K), 0.0015840 secs] [Times: user=0.01 sys=0.00, real=0.00 secs] 
349.857: Total time for which application threads were stopped: 0.0020110 seconds, Stopping threads took: 0.0000630 seconds
349.927: Application time: 0.0703250 seconds
349.928: [GC349.928: [ParNew: 303060K->1114K(339904K), 0.0016060 secs] 771087K->469157K(1095044K), 0.0016400 secs] [Times: user=0.01 sys=0.00, real=0.00 secs] 
349.930: Total time for which application threads were stopped: 0.0020800 seconds, Stopping threads took: 0.0000830 seconds
350.001: Application time: 0.0717310 seconds
350.002: [GC350.002: [ParNew: 303258K->1212K(339904K), 0.0015600 secs] 771301K->469271K(1095044K), 0.0016040 secs] [Times: user=0.01 sys=0.00, real=0.00 secs] 
350.003: Total time for which application threads were stopped: 0.0020980 seconds, Stopping threads took: 0.0000980 seconds
350.072: Application time: 0.0689050 seconds
350.073: [GC350.073: [ParNew: 303356K->1231K(339904K), 0.0014260 secs] 771415K->469290K(1095044K), 0.0014620 secs] [Times: user=0.01 sys=0.00, real=0.00 secs] 
350.074: Total time for which application threads were stopped: 0.0019240 seconds, Stopping threads took: 0.0000660 seconds
350.143: Application time: 0.0692200 seconds
350.144: [GC350.144: [ParNew: 303375K->1123K(339904K), 0.0014120 secs] 771434K->469190K(1095044K), 0.0014470 secs] [Times: user=0.01 sys=0.00, real=0.00 secs] 
350.145: Total time for which application threads were stopped: 0.0019150 seconds, Stopping threads took: 0.0000490 seconds
350.151: Application time: 0.0060660 seconds
350.152: Total time for which application threads were stopped: 0.0004430 seconds, Stopping threads took: 0.0000860 seconds
350.215: Application time: 0.0636580 seconds
350.216: [GC350.216: [ParNew: 303267K->1448K(339904K), 0.0014570 secs] 771334K->469515K(1095044K), 0.0014950 secs] [Times: user=0.01 sys=0.00, real=0.00 secs] 
350.217: Total time for which application threads were stopped: 0.0019610 seconds, Stopping threads took: 0.0000680 seconds
350.286: Application time: 0.0684250 seconds
350.286: [GC350.286: [ParNew: 303592K->1313K(339904K), 0.0014530 secs] 771659K->469396K(1095044K), 0.0014920 secs] [Times: user=0.01 sys=0.00, real=0.01 secs] 
350.288: Total time for which application threads were stopped: 0.0019220 seconds, Stopping threads took: 0.0000600 seconds
350.357: Application time: 0.0689300 seconds
350.357: [GC350.357: [ParNew: 303457K->1180K(339904K), 0.0014290 secs] 771540K->469263K(1095044K), 0.0014670 secs] [Times: user=0.01 sys=0.00, real=0.00 secs] 
350.359: Total time for which application threads were stopped: 0.0019380 seconds, Stopping threads took: 0.0000710 seconds
350.427: Application time: 0.0687600 seconds
350.428: [GC350.428: [ParNew: 303324K->1258K(339904K), 0.0015680 secs] 771407K->469341K(1095044K), 0.0016030 secs] [Times: user=0.01 sys=0.00, real=0.00 secs] 
350.430: Total time for which application threads were stopped: 0.0020740 seconds, Stopping threads took: 0.0000550 seconds
350.498: Application time: 0.0684230 seconds
350.498: [GC350.498: [ParNew: 303402K->1386K(339904K), 0.0015190 secs] 771485K->469485K(1095044K), 0.0015570 secs] [Times: user=0.01 sys=0.00, real=0.01 secs] 
350.500: Total time for which application threads were stopped: 0.0020140 seconds, Stopping threads took: 0.0000550 seconds
350.569: Application time: 0.0692260 seconds
350.570: [GC350.570: [ParNew: 303530K->1279K(339904K), 0.0014860 secs] 771629K->469378K(1095044K), 0.0015210 secs] [Times: user=0.01 sys=0.00, real=0.00 secs] 
350.571: Total time for which application threads were stopped: 0.0019760 seconds, Stopping threads took: 0.0000570 seconds
350.641: Application time: 0.0694360 seconds
350.641: [GC350.641: [ParNew: 303423K->1374K(339904K), 0.0014110 secs] 771522K->469473K(1095044K), 0.0014450 secs] [Times: user=0.01 sys=0.00, real=0.00 secs] 
350.643: Total time for which application threads were stopped: 0.0019110 seconds, Stopping threads took: 0.0000690 seconds
350.711: Application time: 0.0688630 seconds
350.712: [GC350.712: [ParNew: 303518K->1216K(339904K), 0.0015330 secs] 771617K->469331K(1095044K), 0.0015670 secs] [Times: user=0.01 sys=0.00, real=0.00 secs] 
350.713: Total time for which application threads were stopped: 0.0020120 seconds, Stopping threads took: 0.0000600 seconds
350.783: Application time: 0.0696620 seconds
350.784: [GC350.784: [ParNew: 303360K->1194K(339904K), 0.0016200 secs] 771475K->469317K(1095044K), 0.0016560 secs] [Times: user=0.01 sys=0.00, real=0.00 secs] 
350.785: Total time for which application threads were stopped: 0.0021010 seconds, Stopping threads took: 0.0000710 seconds
350.855: Application time: 0.0698210 seconds
350.855: [GC350.855: [ParNew: 303338K->1358K(339904K), 0.0016270 secs] 771461K->469497K(1095044K), 0.0016730 secs] [Times: user=0.01 sys=0.00, real=0.00 secs] 
350.857: Total time for which application threads were stopped: 0.0021060 seconds, Stopping threads took: 0.0000610 seconds
350.926: Application time: 0.0690090 seconds
350.927: [GC350.927: [ParNew: 303502K->1276K(339904K), 0.0015630 secs] 771641K->469415K(1095044K), 0.0015990 secs] [Times: user=0.01 sys=0.00, real=0.01 secs] 
350.928: Total time for which application threads were stopped: 0.0020530 seconds, Stopping threads took: 0.0000540 seconds
350.997: Application time: 0.0690710 seconds
350.998: [GC350.998: [ParNew: 303420K->1315K(339904K), 0.0014900 secs] 771559K->469454K(1095044K), 0.0015350 secs] [Times: user=0.01 sys=0.00, real=0.01 secs] 
350.999: Total time for which application threads were stopped: 0.0019820 seconds, Stopping threads took: 0.0000460 seconds
351.068: Application time: 0.0689070 seconds
351.069: [GC351.069: [ParNew: 303459K->1189K(339904K), 0.0014390 secs] 771598K->469448K(1095044K), 0.0014750 secs] [Times: user=0.01 sys=0.00, real=0.00 secs] 
351.070: Total time for which application threads were stopped: 0.0019300 seconds, Stopping threads took: 0.0000530 seconds
351.139: Application time: 0.0692800 seconds
351.140: [GC351.140: [ParNew: 303333K->1044K(339904K), 0.0015250 secs] 771592K->469303K(1095044K), 0.0015600 secs] [Times: user=0.01 sys=0.00, real=0.00 secs] 
351.141: Total time for which application threads were stopped: 0.0020110 seconds, Stopping threads took: 0.0000500 seconds
351.211: Application time: 0.0697080 seconds
351.212: [GC351.212: [ParNew: 303188K->1290K(339904K), 0.0014250 secs] 771447K->469557K(1095044K), 0.0014620 secs] [Times: user=0.01 sys=0.00, real=0.00 secs] 
351.213: Total time for which application threads were stopped: 0.0019310 seconds, Stopping threads took: 0.0000600 seconds
351.282: Application time: 0.0688720 seconds
351.282: [GC351.282: [ParNew: 303434K->1198K(339904K), 0.0015920 secs] 771701K->469473K(1095044K), 0.0016260 secs] [Times: user=0.01 sys=0.00, real=0.00 secs] 
351.284: Total time for which application threads were stopped: 0.0021010 seconds, Stopping threads took: 0.0000520 seconds
351.353: Application time: 0.0689310 seconds
351.353: [GC351.353: [ParNew: 303342K->1200K(339904K), 0.0014490 secs] 771617K->469475K(1095044K), 0.0014860 secs] [Times: user=0.01 sys=0.00, real=0.00 secs] 
351.355: Total time for which application threads were stopped: 0.0019440 seconds, Stopping threads took: 0.0000520 seconds
351.424: Application time: 0.0690810 seconds
351.424: [GC351.424: [ParNew: 303344K->1169K(339904K), 0.0014470 secs] 771619K->469453K(1095044K), 0.0014840 secs] [Times: user=0.01 sys=0.00, real=0.00 secs] 
351.426: Total time for which application threads were stopped: 0.0019610 seconds, Stopping threads took: 0.0000820 seconds
351.495: Application time: 0.0689060 seconds
351.495: [GC351.495: [ParNew: 303313K->1150K(339904K), 0.0014640 secs] 771597K->469433K(1095044K), 0.0014990 secs] [Times: user=0.01 sys=0.00, real=0.00 secs] 
351.497: Total time for which application threads were stopped: 0.0019640 seconds, Stopping threads took: 0.0000520 seconds
351.566: Application time: 0.0694230 seconds
351.567: [GC351.567: [ParNew: 303294K->1172K(339904K), 0.0014880 secs] 771577K->469455K(1095044K), 0.0015230 secs] [Times: user=0.01 sys=0.00, real=0.01 secs] 
351.568: Total time for which application threads were stopped: 0.0019890 seconds, Stopping threads took: 0.0000690 seconds
351.638: Application time: 0.0700370 seconds
351.639: [GC351.639: [ParNew: 303316K->1131K(339904K), 0.0014650 secs] 771599K->469422K(1095044K), 0.0014960 secs] [Times: user=0.01 sys=0.00, real=0.01 secs] 
351.640: Total time for which application threads were stopped: 0.0019670 seconds, Stopping threads took: 0.0000710 seconds
351.710: Application time: 0.0696140 seconds
351.710: [GC351.710: [ParNew: 303275K->1182K(339904K), 0.0014580 secs] 771566K->469481K(1095044K), 0.0015000 secs] [Times: user=0.01 sys=0.00, real=0.00 secs] 
351.712: Total time for which application threads were stopped: 0.0019610 seconds, Stopping threads took: 0.0000620 seconds
351.781: Application time: 0.0687760 seconds
351.781: [GC351.781: [ParNew: 303326K->1155K(339904K), 0.0014070 secs] 771625K->469462K(1095044K), 0.0014410 secs] [Times: user=0.01 sys=0.00, real=0.00 secs] 
351.783: Total time for which application threads were stopped: 0.0019000 seconds, Stopping threads took: 0.0000590 seconds
351.851: Application time: 0.0685210 seconds
351.852: [GC351.852: [ParNew: 303299K->1272K(339904K), 0.0014350 secs] 771606K->469579K(1095044K), 0.0014700 secs] [Times: user=0.01 sys=0.00, real=0.00 secs] 
351.853: Total time for which application threads were stopped: 0.0019600 seconds, Stopping threads took: 0.0000540 seconds
351.922: Application time: 0.0691300 seconds
351.923: [GC351.923: [ParNew: 303416K->1271K(339904K), 0.0014350 secs] 771723K->469578K(1095044K), 0.0014710 secs] [Times: user=0.01 sys=0.00, real=0.00 secs] 
351.924: Total time for which application threads were stopped: 0.0019250 seconds, Stopping threads took: 0.0000540 seconds
351.993: Application time: 0.0688970 seconds
351.993: [GC351.993: [ParNew: 303415K->1327K(339904K), 0.0014060 secs] 771722K->469634K(1095044K), 0.0014420 secs] [Times: user=0.01 sys=0.00, real=0.00 secs] 
351.995: Total time for which application threads were stopped: 0.0019110 seconds, Stopping threads took: 0.0000560 seconds
352.064: Application time: 0.0687210 seconds
352.064: [GC352.064: [ParNew: 303471K->1398K(339904K), 0.0014590 secs] 771778K->469721K(1095044K), 0.0014940 secs] [Times: user=0.01 sys=0.00, real=0.00 secs] 
352.066: Total time for which application threads were stopped: 0.0019620 seconds, Stopping threads took: 0.0000550 seconds
352.135: Application time: 0.0690510 seconds
352.135: [GC352.135: [ParNew: 303542K->1279K(339904K), 0.0014520 secs] 771865K->469602K(1095044K), 0.0014910 secs] [Times: user=0.01 sys=0.00, real=0.00 secs] 
352.137: Total time for which application threads were stopped: 0.0019580 seconds, Stopping threads took: 0.0000660 seconds
352.206: Application time: 0.0691630 seconds
352.206: [GC352.206: [ParNew: 303423K->1295K(339904K), 0.0014350 secs] 771746K->469634K(1095044K), 0.0014730 secs] [Times: user=0.01 sys=0.00, real=0.01 secs] 
352.208: Total time for which application threads were stopped: 0.0019400 seconds, Stopping threads took: 0.0000680 seconds
352.277: Application time: 0.0698030 seconds
352.278: [GC352.278: [ParNew: 303439K->1166K(339904K), 0.0016030 secs] 771778K->469505K(1095044K), 0.0016400 secs] [Times: user=0.01 sys=0.00, real=0.01 secs] 
352.280: Total time for which application threads were stopped: 0.0021000 seconds, Stopping threads took: 0.0000610 seconds
352.349: Application time: 0.0694670 seconds
352.349: [GC352.350: [ParNew: 303310K->1069K(339904K), 0.0014620 secs] 771649K->469408K(1095044K), 0.0014960 secs] [Times: user=0.01 sys=0.00, real=0.00 secs] 
352.351: Total time for which application threads were stopped: 0.0019440 seconds, Stopping threads took: 0.0000460 seconds
352.420: Application time: 0.0694930 seconds
352.421: [GC352.421: [ParNew: 303213K->1075K(339904K), 0.0013970 secs] 771552K->469422K(1095044K), 0.0014350 secs] [Times: user=0.01 sys=0.00, real=0.00 secs] 
352.422: Total time for which application threads were stopped: 0.0019130 seconds, Stopping threads took: 0.0000580 seconds
352.492: Application time: 0.0691040 seconds
352.492: [GC352.492: [ParNew: 303219K->1034K(339904K), 0.0013820 secs] 771566K->469389K(1095044K), 0.0014160 secs] [Times: user=0.01 sys=0.00, real=0.00 secs] 
352.493: Total time for which application threads were stopped: 0.0018590 seconds, Stopping threads took: 0.0000480 seconds
352.563: Application time: 0.0694770 seconds
352.563: [GC352.563: [ParNew: 303178K->1058K(339904K), 0.0014870 secs] 771533K->469421K(1095044K), 0.0015220 secs] [Times: user=0.01 sys=0.00, real=0.00 secs] 
352.565: Total time for which application threads were stopped: 0.0019590 seconds, Stopping threads took: 0.0000640 seconds
352.635: Application time: 0.0698470 seconds
352.635: [GC352.635: [ParNew: 303202K->987K(339904K), 0.0013930 secs] 771565K->469366K(1095044K), 0.0014380 secs] [Times: user=0.01 sys=0.00, real=0.00 secs] 
352.637: Total time for which application threads were stopped: 0.0018920 seconds, Stopping threads took: 0.0000600 seconds
352.706: Application time: 0.0691430 seconds
352.706: [GC352.706: [ParNew: 303131K->1194K(339904K), 0.0014610 secs] 771510K->469589K(1095044K), 0.0014960 secs] [Times: user=0.01 sys=0.00, real=0.01 secs] 
352.708: Total time for which application threads were stopped: 0.0019550 seconds, Stopping threads took: 0.0000540 seconds
352.776: Application time: 0.0685340 seconds
352.777: [GC352.777: [ParNew: 303338K->1281K(339904K), 0.0014260 secs] 771733K->469676K(1095044K), 0.0014630 secs] [Times: user=0.01 sys=0.00, real=0.00 secs] 
352.778: Total time for which application threads were stopped: 0.0019220 seconds, Stopping threads took: 0.0000530 seconds
352.847: Application time: 0.0688800 seconds
352.847: [GC352.848: [ParNew: 303425K->1200K(339904K), 0.0014400 secs] 771820K->469595K(1095044K), 0.0014760 secs] [Times: user=0.01 sys=0.00, real=0.00 secs] 
352.849: Total time for which application threads were stopped: 0.0019470 seconds, Stopping threads took: 0.0000660 seconds
352.918: Application time: 0.0688070 seconds
352.918: [GC352.918: [ParNew: 303344K->1118K(339904K), 0.0015320 secs] 771739K->469513K(1095044K), 0.0015690 secs] [Times: user=0.01 sys=0.00, real=0.01 secs] 
352.920: Total time for which application threads were stopped: 0.0020150 seconds, Stopping threads took: 0.0000490 seconds
352.989: Application time: 0.0690090 seconds
352.989: [GC352.989: [ParNew: 303262K->1171K(339904K), 0.0015210 secs] 771657K->469582K(1095044K), 0.0015560 secs] [Times: user=0.01 sys=0.00, real=0.00 secs] 
352.991: Total time for which application threads were stopped: 0.0020260 seconds, Stopping threads took: 0.0000470 seconds
353.060: Application time: 0.0689490 seconds
353.060: [GC353.060: [ParNew: 303315K->1302K(339904K), 0.0016040 secs] 771726K->469713K(1095044K), 0.0016390 secs] [Times: user=0.01 sys=0.00, real=0.00 secs] 
353.062: Total time for which application threads were stopped: 0.0020870 seconds, Stopping threads took: 0.0000500 seconds
353.132: Application time: 0.0699370 seconds
353.132: [GC353.132: [ParNew: 303446K->1207K(339904K), 0.0014480 secs] 771857K->469618K(1095044K), 0.0014850 secs] [Times: user=0.01 sys=0.00, real=0.00 secs] 
353.134: Total time for which application threads were stopped: 0.0019580 seconds, Stopping threads took: 0.0000640 seconds
353.205: Application time: 0.0711550 seconds
353.205: [GC353.205: [ParNew: 303351K->1260K(339904K), 0.0014450 secs] 771762K->469679K(1095044K), 0.0014820 secs] [Times: user=0.01 sys=0.00, real=0.00 secs] 
353.207: Total time for which application threads were stopped: 0.0019570 seconds, Stopping threads took: 0.0000770 seconds
353.276: Application time: 0.0687260 seconds
353.276: [GC353.276: [ParNew: 303404K->1027K(339904K), 0.0014990 secs] 771823K->469446K(1095044K), 0.0015370 secs] [Times: user=0.01 sys=0.00, real=0.00 secs] 
353.278: Total time for which application threads were stopped: 0.0019620 seconds, Stopping threads took: 0.0000630 seconds
353.346: Application time: 0.0685360 seconds
353.347: [GC353.347: [ParNew: 303171K->937K(339904K), 0.0014240 secs] 771590K->469364K(1095044K), 0.0014610 secs] [Times: user=0.01 sys=0.00, real=0.01 secs] 
353.348: Total time for which application threads were stopped: 0.0019190 seconds, Stopping threads took: 0.0000580 seconds
353.417: Application time: 0.0687740 seconds
353.417: [GC353.417: [ParNew: 303081K->948K(339904K), 0.0013970 secs] 771508K->469391K(1095044K), 0.0014290 secs] [Times: user=0.01 sys=0.01, real=0.00 secs] 
353.419: Total time for which application threads were stopped: 0.0018740 seconds, Stopping threads took: 0.0000460 seconds
353.488: Application time: 0.0690640 seconds
353.488: [GC353.488: [ParNew: 303092K->909K(339904K), 0.0013820 secs] 771535K->469368K(1095044K), 0.0014230 secs] [Times: user=0.01 sys=0.00, real=0.00 secs] 
353.490: Total time for which application threads were stopped: 0.0018630 seconds, Stopping threads took: 0.0000540 seconds
353.559: Application time: 0.0692000 seconds
353.559: [GC353.559: [ParNew: 303053K->1233K(339904K), 0.0017260 secs] 771512K->469700K(1095044K), 0.0017620 secs] [Times: user=0.01 sys=0.00, real=0.00 secs] 
353.561: Total time for which application threads were stopped: 0.0022160 seconds, Stopping threads took: 0.0000490 seconds
353.630: Application time: 0.0686920 seconds
353.630: [GC353.630: [ParNew: 303377K->1061K(339904K), 0.0015240 secs] 771844K->469528K(1095044K), 0.0015600 secs] [Times: user=0.01 sys=0.00, real=0.00 secs] 
353.632: Total time for which application threads were stopped: 0.0020060 seconds, Stopping threads took: 0.0000500 seconds
353.700: Application time: 0.0684020 seconds
353.701: [GC353.701: [ParNew: 303205K->1275K(339904K), 0.0014250 secs] 771672K->469742K(1095044K), 0.0014620 secs] [Times: user=0.01 sys=0.00, real=0.00 secs] 
353.702: Total time for which application threads were stopped: 0.0019170 seconds, Stopping threads took: 0.0000510 seconds
353.771: Application time: 0.0685320 seconds
353.771: [GC353.771: [ParNew: 303419K->1189K(339904K), 0.0014380 secs] 771886K->469656K(1095044K), 0.0014740 secs] [Times: user=0.01 sys=0.00, real=0.00 secs] 
353.773: Total time for which application threads were stopped: 0.0019300 seconds, Stopping threads took: 0.0000520 seconds
353.841: Application time: 0.0689340 seconds
353.842: [GC353.842: [ParNew: 303333K->1234K(339904K), 0.0014150 secs] 771800K->469701K(1095044K), 0.0014510 secs] [Times: user=0.00 sys=0.00, real=0.00 secs] 
353.843: Total time for which application threads were stopped: 0.0019090 seconds, Stopping threads took: 0.0000550 seconds
353.912: Application time: 0.0686540 seconds
353.912: [GC353.913: [ParNew: 303378K->1503K(339904K), 0.0014390 secs] 771845K->469986K(1095044K), 0.0014760 secs] [Times: user=0.01 sys=0.00, real=0.00 secs] 
353.914: Total time for which application threads were stopped: 0.0019280 seconds, Stopping threads took: 0.0000540 seconds
353.983: Application time: 0.0686770 seconds
353.983: [GC353.983: [ParNew: 303647K->1551K(339904K), 0.0014550 secs] 772130K->470034K(1095044K), 0.0014920 secs] [Times: user=0.02 sys=0.00, real=0.00 secs] 
353.985: Total time for which application threads were stopped: 0.0019560 seconds, Stopping threads took: 0.0000610 seconds
354.054: Application time: 0.0693970 seconds
354.054: [GC354.054: [ParNew: 303695K->1290K(339904K), 0.0014690 secs] 772178K->469773K(1095044K), 0.0015040 secs] [Times: user=0.01 sys=0.00, real=0.00 secs] 
354.056: Total time for which application threads were stopped: 0.0019420 seconds, Stopping threads took: 0.0000490 seconds
354.125: Application time: 0.0695140 seconds
354.126: [GC354.126: [ParNew: 303434K->1223K(339904K), 0.0014190 secs] 771917K->469706K(1095044K), 0.0014560 secs] [Times: user=0.01 sys=0.00, real=0.01 secs] 
354.127: Total time for which application threads were stopped: 0.0019500 seconds, Stopping threads took: 0.0000730 seconds
354.197: Application time: 0.0697890 seconds
354.199: [GC354.199: [ParNew: 303367K->1110K(339904K), 0.0014470 secs] 771850K->469601K(1095044K), 0.0014840 secs] [Times: user=0.01 sys=0.00, real=0.01 secs] 
354.200: Total time for which application threads were stopped: 0.0028760 seconds, Stopping threads took: 0.0009740 seconds
354.269: Application time: 0.0690400 seconds
354.270: [GC354.270: [ParNew: 303254K->1007K(339904K), 0.0013240 secs] 771745K->469506K(1095044K), 0.0013580 secs] [Times: user=0.01 sys=0.00, real=0.00 secs] 
354.271: Total time for which application threads were stopped: 0.0017970 seconds, Stopping threads took: 0.0000490 seconds
354.340: Application time: 0.0687400 seconds
354.340: [GC354.340: [ParNew: 303151K->1028K(339904K), 0.0015290 secs] 771650K->469543K(1095044K), 0.0015610 secs] [Times: user=0.01 sys=0.00, real=0.00 secs] 
354.342: Total time for which application threads were stopped: 0.0020340 seconds, Stopping threads took: 0.0000620 seconds
354.411: Application time: 0.0693070 seconds
354.412: [GC354.412: [ParNew: 303172K->981K(339904K), 0.0013820 secs] 771687K->469505K(1095044K), 0.0014170 secs] [Times: user=0.01 sys=0.00, real=0.00 secs] 
354.413: Total time for which application threads were stopped: 0.0018970 seconds, Stopping threads took: 0.0000640 seconds
354.482: Application time: 0.0687000 seconds
354.482: [GC354.482: [ParNew: 303125K->1018K(339904K), 0.0014420 secs] 771649K->469557K(1095044K), 0.0014760 secs] [Times: user=0.01 sys=0.00, real=0.00 secs] 
354.484: Total time for which application threads were stopped: 0.0019300 seconds, Stopping threads took: 0.0000600 seconds
354.552: Application time: 0.0685160 seconds
354.553: [GC354.553: [ParNew: 303162K->1194K(339904K), 0.0013850 secs] 771701K->469733K(1095044K), 0.0014210 secs] [Times: user=0.01 sys=0.00, real=0.00 secs] 
354.554: Total time for which application threads were stopped: 0.0018900 seconds, Stopping threads took: 0.0000680 seconds
354.623: Application time: 0.0686300 seconds
354.623: [GC354.623: [ParNew: 303338K->1194K(339904K), 0.0014600 secs] 771877K->469733K(1095044K), 0.0014970 secs] [Times: user=0.01 sys=0.00, real=0.00 secs] 
354.625: Total time for which application threads were stopped: 0.0019550 seconds, Stopping threads took: 0.0000550 seconds
354.693: Application time: 0.0686370 seconds
354.694: [GC354.694: [ParNew: 303338K->1401K(339904K), 0.0014230 secs] 771877K->469940K(1095044K), 0.0014570 secs] [Times: user=0.01 sys=0.00, real=0.00 secs] 
354.695: Total time for which application threads were stopped: 0.0019350 seconds, Stopping threads took: 0.0000520 seconds
354.764: Application time: 0.0686040 seconds
354.764: [GC354.764: [ParNew: 303545K->1218K(339904K), 0.0014460 secs] 772084K->469757K(1095044K), 0.0014820 secs] [Times: user=0.01 sys=0.00, real=0.00 secs] 
354.766: Total time for which application threads were stopped: 0.0019340 seconds, Stopping threads took: 0.0000500 seconds
354.835: Application time: 0.0691570 seconds
354.835: [GC354.835: [ParNew: 303362K->1190K(339904K), 0.0013900 secs] 771901K->469729K(1095044K), 0.0014270 secs] [Times: user=0.01 sys=0.00, real=0.00 secs] 
354.837: Total time for which application threads were stopped: 0.0019060 seconds, Stopping threads took: 0.0000700 seconds
354.905: Application time: 0.0683350 seconds
354.906: [GC354.906: [ParNew: 303334K->1359K(339904K), 0.0014130 secs] 771873K->469914K(1095044K), 0.0014500 secs] [Times: user=0.01 sys=0.00, real=0.00 secs] 
354.907: Total time for which application threads were stopped: 0.0018910 seconds, Stopping threads took: 0.0000400 seconds
354.976: Application time: 0.0685570 seconds
354.976: [GC354.976: [ParNew: 303503K->1530K(339904K), 0.0014310 secs] 772058K->470085K(1095044K), 0.0014670 secs] [Times: user=0.01 sys=0.00, real=0.00 secs] 
354.977: Total time for which application threads were stopped: 0.0019200 seconds, Stopping threads took: 0.0000500 seconds
355.051: Application time: 0.0735670 seconds
355.052: [GC355.052: [ParNew: 303674K->1345K(339904K), 0.0015090 secs] 772229K->469900K(1095044K), 0.0015470 secs] [Times: user=0.01 sys=0.00, real=0.00 secs] 
355.053: Total time for which application threads were stopped: 0.0020090 seconds, Stopping threads took: 0.0000540 seconds
355.108: Application time: 0.0552280 seconds
355.109: Total time for which application threads were stopped: 0.0004380 seconds, Stopping threads took: 0.0000630 seconds
355.123: Application time: 0.0138310 seconds
355.123: [GC355.123: [ParNew: 303489K->1110K(339904K), 0.0014550 secs] 772044K->469681K(1095044K), 0.0014890 secs] [Times: user=0.01 sys=0.00, real=0.00 secs] 
355.125: Total time for which application threads were stopped: 0.0019350 seconds, Stopping threads took: 0.0000650 seconds
355.193: Application time: 0.0685450 seconds
355.193: [GC355.193: [ParNew: 303254K->992K(339904K), 0.0014190 secs] 771825K->469571K(1095044K), 0.0014550 secs] [Times: user=0.01 sys=0.00, real=0.00 secs] 
355.195: Total time for which application threads were stopped: 0.0018910 seconds, Stopping threads took: 0.0000530 seconds
355.265: Application time: 0.0697010 seconds
355.265: [GC355.265: [ParNew: 303136K->1005K(339904K), 0.0013900 secs] 771715K->469592K(1095044K), 0.0014260 secs] [Times: user=0.01 sys=0.00, real=0.00 secs] 
355.267: Total time for which application threads were stopped: 0.0018620 seconds, Stopping threads took: 0.0000480 seconds
355.335: Application time: 0.0686600 seconds
355.336: [GC355.336: [ParNew: 303149K->1054K(339904K), 0.0013860 secs] 771736K->469657K(1095044K), 0.0014230 secs] [Times: user=0.01 sys=0.00, real=0.00 secs] 
355.337: Total time for which application threads were stopped: 0.0018780 seconds, Stopping threads took: 0.0000830 seconds
355.406: Application time: 0.0686080 seconds
355.406: [GC355.406: [ParNew: 303198K->1073K(339904K), 0.0013610 secs] 771801K->469676K(1095044K), 0.0013970 secs] [Times: user=0.01 sys=0.00, real=0.01 secs] 
355.408: Total time for which application threads were stopped: 0.0018470 seconds, Stopping threads took: 0.0000520 seconds
355.476: Application time: 0.0684620 seconds
355.476: [GC355.476: [ParNew: 303217K->1326K(339904K), 0.0014010 secs] 771820K->469929K(1095044K), 0.0014370 secs] [Times: user=0.01 sys=0.01, real=0.00 secs] 
355.478: Total time for which application threads were stopped: 0.0018810 seconds, Stopping threads took: 0.0000450 seconds
355.546: Application time: 0.0683940 seconds
355.547: [GC355.547: [ParNew: 303470K->1431K(339904K), 0.0016060 secs] 772073K->470034K(1095044K), 0.0016420 secs] [Times: user=0.01 sys=0.00, real=0.01 secs] 
355.548: Total time for which application threads were stopped: 0.0020910 seconds, Stopping threads took: 0.0000500 seconds
355.616: Application time: 0.0678830 seconds
355.617: [GC355.617: [ParNew: 303575K->1540K(339904K), 0.0014320 secs] 772178K->470143K(1095044K), 0.0014680 secs] [Times: user=0.01 sys=0.00, real=0.00 secs] 
355.618: Total time for which application threads were stopped: 0.0019170 seconds, Stopping threads took: 0.0000520 seconds
355.687: Application time: 0.0684260 seconds
355.687: [GC355.687: [ParNew: 303684K->1396K(339904K), 0.0014980 secs] 772287K->469999K(1095044K), 0.0015350 secs] [Times: user=0.01 sys=0.00, real=0.01 secs] 
355.689: Total time for which application threads were stopped: 0.0019870 seconds, Stopping threads took: 0.0000540 seconds
355.757: Application time: 0.0684980 seconds
355.758: [GC355.758: [ParNew: 303540K->1343K(339904K), 0.0014400 secs] 772143K->469946K(1095044K), 0.0014750 secs] [Times: user=0.01 sys=0.00, real=0.00 secs] 
355.759: Total time for which application threads were stopped: 0.0019180 seconds, Stopping threads took: 0.0000470 seconds
355.828: Application time: 0.0687310 seconds
355.828: [GC355.828: [ParNew: 303487K->1672K(339904K), 0.0014310 secs] 772090K->470291K(1095044K), 0.0014680 secs] [Times: user=0.01 sys=0.00, real=0.00 secs] 
355.830: Total time for which application threads were stopped: 0.0019310 seconds, Stopping threads took: 0.0000440 seconds
355.900: Application time: 0.0698550 seconds
355.900: [GC355.900: [ParNew: 303816K->1328K(339904K), 0.0014950 secs] 772435K->469947K(1095044K), 0.0015310 secs] [Times: user=0.02 sys=0.00, real=0.00 secs] 
355.902: Total time for which application threads were stopped: 0.0019810 seconds, Stopping threads took: 0.0000540 seconds
355.971: Application time: 0.0695270 seconds
355.971: [GC355.972: [ParNew: 303472K->1164K(339904K), 0.0014490 secs] 772091K->469783K(1095044K), 0.0014830 secs] [Times: user=0.01 sys=0.00, real=0.00 secs] 
355.973: Total time for which application threads were stopped: 0.0019480 seconds, Stopping threads took: 0.0000690 seconds
356.042: Application time: 0.0691520 seconds
356.043: [GC356.043: [ParNew: 303308K->1069K(339904K), 0.0014140 secs] 771927K->469688K(1095044K), 0.0014510 secs] [Times: user=0.01 sys=0.00, real=0.00 secs] 
356.044: Total time for which application threads were stopped: 0.0019100 seconds, Stopping threads took: 0.0000620 seconds
356.113: Application time: 0.0687300 seconds
356.113: [GC356.113: [ParNew: 303213K->928K(339904K), 0.0014370 secs] 771832K->469675K(1095044K), 0.0014790 secs] [Times: user=0.01 sys=0.00, real=0.00 secs] 
356.115: Total time for which application threads were stopped: 0.0019110 seconds, Stopping threads took: 0.0000520 seconds
356.184: Application time: 0.0688890 seconds
356.184: [GC356.184: [ParNew: 303072K->913K(339904K), 0.0013290 secs] 771819K->469668K(1095044K), 0.0013620 secs] [Times: user=0.01 sys=0.00, real=0.00 secs] 
356.185: Total time for which application threads were stopped: 0.0018220 seconds, Stopping threads took: 0.0000560 seconds
356.255: Application time: 0.0692060 seconds
356.255: [GC356.255: [ParNew: 303057K->1136K(339904K), 0.0013600 secs] 771812K->469907K(1095044K), 0.0013940 secs] [Times: user=0.01 sys=0.00, real=0.00 secs] 
356.257: Total time for which application threads were stopped: 0.0018520 seconds, Stopping threads took: 0.0000560 seconds
356.325: Application time: 0.0685800 seconds
356.326: [GC356.326: [ParNew: 303280K->952K(339904K), 0.0013650 secs] 772051K->469723K(1095044K), 0.0014010 secs] [Times: user=0.01 sys=0.00, real=0.00 secs] 
356.327: Total time for which application threads were stopped: 0.0018500 seconds, Stopping threads took: 0.0000520 seconds
356.396: Application time: 0.0686190 seconds
356.396: [GC356.396: [ParNew: 303096K->1129K(339904K), 0.0014850 secs] 771867K->469900K(1095044K), 0.0015220 secs] [Times: user=0.01 sys=0.00, real=0.00 secs] 
356.398: Total time for which application threads were stopped: 0.0020000 seconds, Stopping threads took: 0.0000600 seconds
356.466: Application time: 0.0686770 seconds
356.467: [GC356.467: [ParNew: 303273K->1165K(339904K), 0.0015020 secs] 772044K->469936K(1095044K), 0.0015370 secs] [Times: user=0.01 sys=0.00, real=0.01 secs] 
356.468: Total time for which application threads were stopped: 0.0019850 seconds, Stopping threads took: 0.0000450 seconds
356.537: Application time: 0.0686730 seconds
356.537: [GC356.537: [ParNew: 303309K->1175K(339904K), 0.0014240 secs] 772080K->469946K(1095044K), 0.0014600 secs] [Times: user=0.01 sys=0.00, real=0.00 secs] 
356.539: Total time for which application threads were stopped: 0.0019060 seconds, Stopping threads took: 0.0000460 seconds
356.607: Application time: 0.0685760 seconds
356.608: [GC356.608: [ParNew: 303319K->1392K(339904K), 0.0014800 secs] 772090K->470163K(1095044K), 0.0015180 secs] [Times: user=0.02 sys=0.00, real=0.00 secs] 
356.609: Total time for which application threads were stopped: 0.0019660 seconds, Stopping threads took: 0.0000440 seconds
356.678: Application time: 0.0687760 seconds
356.679: [GC356.679: [ParNew: 303536K->1134K(339904K), 0.0014380 secs] 772307K->469905K(1095044K), 0.0014740 secs] [Times: user=0.01 sys=0.00, real=0.01 secs] 
356.680: Total time for which application threads were stopped: 0.0019300 seconds, Stopping threads took: 0.0000520 seconds
356.749: Application time: 0.0685850 seconds
356.749: [GC356.749: [ParNew: 303278K->1498K(339904K), 0.0014170 secs] 772049K->470269K(1095044K), 0.0014520 secs] [Times: user=0.01 sys=0.00, real=0.00 secs] 
356.751: Total time for which application threads were stopped: 0.0019110 seconds, Stopping threads took: 0.0000580 seconds
356.820: Application time: 0.0693140 seconds
356.820: [GC356.820: [ParNew: 303642K->1391K(339904K), 0.0014220 secs] 772413K->470170K(1095044K), 0.0014580 secs] [Times: user=0.01 sys=0.00, real=0.00 secs] 
356.822: Total time for which application threads were stopped: 0.0019080 seconds, Stopping threads took: 0.0000500 seconds
356.891: Application time: 0.0690800 seconds
356.891: [GC356.891: [ParNew: 303535K->1194K(339904K), 0.0014930 secs] 772314K->469973K(1095044K), 0.0015270 secs] [Times: user=0.01 sys=0.00, real=0.00 secs] 
356.893: Total time for which application threads were stopped: 0.0019910 seconds, Stopping threads took: 0.0000550 seconds
356.962: Application time: 0.0693130 seconds
356.963: [GC356.963: [ParNew: 303338K->1035K(339904K), 0.0013890 secs] 772117K->469822K(1095044K), 0.0014240 secs] [Times: user=0.01 sys=0.00, real=0.00 secs] 
356.964: Total time for which application threads were stopped: 0.0019120 seconds, Stopping threads took: 0.0000530 seconds
357.033: Application time: 0.0693350 seconds
357.034: [GC357.034: [ParNew: 303179K->972K(339904K), 0.0016210 secs] 771966K->469767K(1095044K), 0.0016540 secs] [Times: user=0.01 sys=0.00, real=0.00 secs] 
357.036: Total time for which application threads were stopped: 0.0020810 seconds, Stopping threads took: 0.0000630 seconds
357.104: Application time: 0.0688920 seconds
357.105: [GC357.105: [ParNew: 303116K->1030K(339904K), 0.0016140 secs] 771911K->469841K(1095044K), 0.0016490 secs] [Times: user=0.01 sys=0.00, real=0.00 secs] 
357.107: Total time for which application threads were stopped: 0.0020720 seconds, Stopping threads took: 0.0000580 seconds
357.175: Application time: 0.0687570 seconds
357.176: [GC357.176: [ParNew: 303174K->796K(339904K), 0.0013270 secs] 771985K->469615K(1095044K), 0.0013600 secs] [Times: user=0.01 sys=0.00, real=0.00 secs] 
357.177: Total time for which application threads were stopped: 0.0018170 seconds, Stopping threads took: 0.0000560 seconds
357.246: Application time: 0.0688130 seconds
357.246: [GC357.246: [ParNew: 302940K->1059K(339904K), 0.0013800 secs] 771759K->469878K(1095044K), 0.0014170 secs] [Times: user=0.01 sys=0.00, real=0.01 secs] 
357.248: Total time for which application threads were stopped: 0.0018440 seconds, Stopping threads took: 0.0000470 seconds
357.316: Application time: 0.0682800 seconds
357.316: [GC357.316: [ParNew: 303203K->1111K(339904K), 0.0013380 secs] 772022K->469930K(1095044K), 0.0013730 secs] [Times: user=0.01 sys=0.00, real=0.00 secs] 
357.318: Total time for which application threads were stopped: 0.0018250 seconds, Stopping threads took: 0.0000460 seconds
357.386: Application time: 0.0682280 seconds
357.387: [GC357.387: [ParNew: 303255K->1289K(339904K), 0.0014030 secs] 772074K->470108K(1095044K), 0.0014390 secs] [Times: user=0.01 sys=0.00, real=0.01 secs] 
357.388: Total time for which application threads were stopped: 0.0018910 seconds, Stopping threads took: 0.0000490 seconds
357.456: Application time: 0.0681850 seconds
357.457: [GC357.457: [ParNew: 303433K->1341K(339904K), 0.0013860 secs] 772252K->470161K(1095044K), 0.0014220 secs] [Times: user=0.01 sys=0.00, real=0.00 secs] 
357.458: Total time for which application threads were stopped: 0.0018730 seconds, Stopping threads took: 0.0000520 seconds
357.526: Application time: 0.0678560 seconds
357.526: [GC357.526: [ParNew: 303485K->1287K(339904K), 0.0014520 secs] 772305K->470106K(1095044K), 0.0014890 secs] [Times: user=0.01 sys=0.00, real=0.01 secs] 
357.528: Total time for which application threads were stopped: 0.0019670 seconds, Stopping threads took: 0.0000520 seconds
357.596: Application time: 0.0685780 seconds
357.597: [GC357.597: [ParNew: 303431K->1368K(339904K), 0.0015770 secs] 772250K->470187K(1095044K), 0.0016130 secs] [Times: user=0.01 sys=0.00, real=0.00 secs] 
357.599: Total time for which application threads were stopped: 0.0020710 seconds, Stopping threads took: 0.0000520 seconds
357.667: Application time: 0.0680820 seconds
357.667: [GC357.667: [ParNew: 303512K->1350K(339904K), 0.0014510 secs] 772331K->470169K(1095044K), 0.0014880 secs] [Times: user=0.01 sys=0.00, real=0.01 secs] 
357.669: Total time for which application threads were stopped: 0.0019500 seconds, Stopping threads took: 0.0000590 seconds
357.737: Application time: 0.0687450 seconds
357.738: [GC357.738: [ParNew: 303494K->1549K(339904K), 0.0014380 secs] 772313K->470376K(1095044K), 0.0014740 secs] [Times: user=0.01 sys=0.00, real=0.01 secs] 
357.739: Total time for which application threads were stopped: 0.0019340 seconds, Stopping threads took: 0.0000560 seconds
357.808: Application time: 0.0688010 seconds
357.808: [GC357.809: [ParNew: 303693K->1122K(339904K), 0.0015700 secs] 772520K->469949K(1095044K), 0.0016020 secs] [Times: user=0.01 sys=0.00, real=0.00 secs] 
357.810: Total time for which application threads were stopped: 0.0020580 seconds, Stopping threads took: 0.0000560 seconds
357.879: Application time: 0.0692330 seconds
357.880: [GC357.880: [ParNew: 303266K->945K(339904K), 0.0014960 secs] 772093K->469780K(1095044K), 0.0015400 secs] [Times: user=0.00 sys=0.00, real=0.00 secs] 
357.881: Total time for which application threads were stopped: 0.0019840 seconds, Stopping threads took: 0.0000480 seconds
357.950: Application time: 0.0686530 seconds
357.950: [GC357.950: [ParNew: 303089K->838K(339904K), 0.0015050 secs] 771924K->469681K(1095044K), 0.0015380 secs] [Times: user=0.01 sys=0.00, real=0.00 secs] 
357.952: Total time for which application threads were stopped: 0.0019990 seconds, Stopping threads took: 0.0000600 seconds
358.020: Application time: 0.0680100 seconds
358.020: [GC358.020: [ParNew: 302982K->856K(339904K), 0.0013090 secs] 771825K->469707K(1095044K), 0.0013430 secs] [Times: user=0.01 sys=0.00, real=0.00 secs] 
358.022: Total time for which application threads were stopped: 0.0017900 seconds, Stopping threads took: 0.0000460 seconds
358.090: Application time: 0.0684670 seconds
358.091: [GC358.091: [ParNew: 303000K->1047K(339904K), 0.0013170 secs] 771851K->469914K(1095044K), 0.0013510 secs] [Times: user=0.01 sys=0.00, real=0.00 secs] 
358.092: Total time for which application threads were stopped: 0.0018340 seconds, Stopping threads took: 0.0000580 seconds
358.160: Application time: 0.0681140 seconds
358.161: [GC358.161: [ParNew: 303191K->1043K(339904K), 0.0013480 secs] 772058K->469910K(1095044K), 0.0013840 secs] [Times: user=0.01 sys=0.00, real=0.00 secs] 
358.162: Total time for which application threads were stopped: 0.0018230 seconds, Stopping threads took: 0.0000370 seconds
358.231: Application time: 0.0689820 seconds
358.231: [GC358.231: [ParNew: 303187K->1216K(339904K), 0.0014540 secs] 772054K->470083K(1095044K), 0.0014910 secs] [Times: user=0.01 sys=0.00, real=0.00 secs] 
358.233: Total time for which application threads were stopped: 0.0019530 seconds, Stopping threads took: 0.0000500 seconds
358.301: Application time: 0.0684420 seconds
358.302: [GC358.302: [ParNew: 303360K->1176K(339904K), 0.0014740 secs] 772227K->470043K(1095044K), 0.0015090 secs] [Times: user=0.01 sys=0.00, real=0.00 secs] 
358.303: Total time for which application threads were stopped: 0.0019640 seconds, Stopping threads took: 0.0000450 seconds
358.372: Application time: 0.0684510 seconds
358.372: [GC358.372: [ParNew: 303320K->1250K(339904K), 0.0014150 secs] 772187K->470117K(1095044K), 0.0014510 secs] [Times: user=0.01 sys=0.00, real=0.00 secs] 
358.374: Total time for which application threads were stopped: 0.0018980 seconds, Stopping threads took: 0.0000420 seconds
358.442: Application time: 0.0685310 seconds
358.443: [GC358.443: [ParNew: 303394K->1280K(339904K), 0.0014500 secs] 772261K->470147K(1095044K), 0.0014860 secs] [Times: user=0.01 sys=0.00, real=0.00 secs] 
358.444: Total time for which application threads were stopped: 0.0019490 seconds, Stopping threads took: 0.0000530 seconds
358.513: Application time: 0.0685410 seconds
358.513: [GC358.513: [ParNew: 303424K->1326K(339904K), 0.0015200 secs] 772291K->470194K(1095044K), 0.0015540 secs] [Times: user=0.01 sys=0.00, real=0.00 secs] 
358.515: Total time for which application threads were stopped: 0.0020150 seconds, Stopping threads took: 0.0000550 seconds
358.584: Application time: 0.0690670 seconds
358.584: [GC358.584: [ParNew: 303470K->1393K(339904K), 0.0015460 secs] 772338K->470260K(1095044K), 0.0015810 secs] [Times: user=0.01 sys=0.00, real=0.00 secs] 
358.586: Total time for which application threads were stopped: 0.0020340 seconds, Stopping threads took: 0.0000490 seconds
358.655: Application time: 0.0687740 seconds
358.655: [GC358.655: [ParNew: 303537K->1117K(339904K), 0.0014360 secs] 772404K->469984K(1095044K), 0.0014710 secs] [Times: user=0.01 sys=0.00, real=0.00 secs] 
358.657: Total time for which application threads were stopped: 0.0019630 seconds, Stopping threads took: 0.0000750 seconds
358.726: Application time: 0.0693620 seconds
358.728: [GC358.728: [ParNew: 303261K->1211K(339904K), 0.0014480 secs] 772128K->470086K(1095044K), 0.0014790 secs] [Times: user=0.01 sys=0.00, real=0.00 secs] 
358.729: Total time for which application threads were stopped: 0.0031560 seconds, Stopping threads took: 0.0012640 seconds
358.799: Application time: 0.0700310 seconds
358.800: [GC358.800: [ParNew: 303355K->1167K(339904K), 0.0015320 secs] 772230K->470050K(1095044K), 0.0015660 secs] [Times: user=0.02 sys=0.00, real=0.00 secs] 
358.801: Total time for which application threads were stopped: 0.0020210 seconds, Stopping threads took: 0.0000900 seconds
358.872: Application time: 0.0704330 seconds
358.872: [GC358.872: [ParNew: 303311K->1105K(339904K), 0.0014760 secs] 772194K->469996K(1095044K), 0.0015120 secs] [Times: user=0.01 sys=0.00, real=0.00 secs] 
358.874: Total time for which application threads were stopped: 0.0019230 seconds, Stopping threads took: 0.0000470 seconds
358.942: Application time: 0.0681900 seconds
358.942: [GC358.942: [ParNew: 303249K->1010K(339904K), 0.0013580 secs] 772140K->469909K(1095044K), 0.0013930 secs] [Times: user=0.01 sys=0.00, real=0.00 secs] 
358.944: Total time for which application threads were stopped: 0.0018490 seconds, Stopping threads took: 0.0000560 seconds
359.012: Application time: 0.0682710 seconds
359.012: [GC359.012: [ParNew: 303154K->947K(339904K), 0.0013360 secs] 772053K->469863K(1095044K), 0.0013690 secs] [Times: user=0.01 sys=0.00, real=0.00 secs] 
359.014: Total time for which application threads were stopped: 0.0018200 seconds, Stopping threads took: 0.0000460 seconds
359.082: Application time: 0.0683620 seconds
359.083: [GC359.083: [ParNew: 303091K->1165K(339904K), 0.0013590 secs] 772007K->470080K(1095044K), 0.0013950 secs] [Times: user=0.01 sys=0.00, real=0.00 secs] 
359.084: Total time for which application threads were stopped: 0.0018470 seconds, Stopping threads took: 0.0000520 seconds
359.152: Application time: 0.0680180 seconds
359.152: [GC359.152: [ParNew: 303309K->1208K(339904K), 0.0013610 secs] 772224K->470123K(1095044K), 0.0013970 secs] [Times: user=0.01 sys=0.00, real=0.00 secs] 
359.154: Total time for which application threads were stopped: 0.0018430 seconds, Stopping threads took: 0.0000440 seconds
359.223: Application time: 0.0693930 seconds
359.224: [GC359.224: [ParNew: 303352K->1209K(339904K), 0.0013930 secs] 772267K->470124K(1095044K), 0.0014290 secs] [Times: user=0.01 sys=0.00, real=0.00 secs] 
359.225: Total time for which application threads were stopped: 0.0019210 seconds, Stopping threads took: 0.0000740 seconds
359.293: Application time: 0.0678260 seconds
359.293: [GC359.293: [ParNew: 303353K->1187K(339904K), 0.0015290 secs] 772268K->470102K(1095044K), 0.0015660 secs] [Times: user=0.01 sys=0.00, real=0.00 secs] 
359.295: Total time for which application threads were stopped: 0.0020180 seconds, Stopping threads took: 0.0000520 seconds
359.363: Application time: 0.0682950 seconds
359.364: [GC359.364: [ParNew: 303331K->1450K(339904K), 0.0014150 secs] 772246K->470365K(1095044K), 0.0014500 secs] [Times: user=0.01 sys=0.00, real=0.00 secs] 
359.365: Total time for which application threads were stopped: 0.0019010 seconds, Stopping threads took: 0.0000480 seconds
359.433: Application time: 0.0679450 seconds
359.434: [GC359.434: [ParNew: 303594K->1440K(339904K), 0.0014310 secs] 772509K->470355K(1095044K), 0.0014670 secs] [Times: user=0.01 sys=0.00, real=0.00 secs] 
359.435: Total time for which application threads were stopped: 0.0019360 seconds, Stopping threads took: 0.0000540 seconds
359.504: Application time: 0.0693860 seconds
359.505: [GC359.505: [ParNew: 303584K->1358K(339904K), 0.0014560 secs] 772499K->470273K(1095044K), 0.0014900 secs] [Times: user=0.01 sys=0.00, real=0.00 secs] 
359.506: Total time for which application threads were stopped: 0.0019490 seconds, Stopping threads took: 0.0000560 seconds
359.575: Application time: 0.0685530 seconds
359.575: [GC359.575: [ParNew: 303502K->1139K(339904K), 0.0014150 secs] 772417K->470054K(1095044K), 0.0014500 secs] [Times: user=0.01 sys=0.00, real=0.00 secs] 
359.577: Total time for which application threads were stopped: 0.0019130 seconds, Stopping threads took: 0.0000540 seconds
359.646: Application time: 0.0693110 seconds
359.647: [GC359.647: [ParNew: 303283K->1191K(339904K), 0.0015530 secs] 772198K->470114K(1095044K), 0.0015970 secs] [Times: user=0.01 sys=0.00, real=0.01 secs] 
359.648: Total time for which application threads were stopped: 0.0020390 seconds, Stopping threads took: 0.0000770 seconds
359.718: Application time: 0.0693890 seconds
359.718: [GC359.718: [ParNew: 303335K->1158K(339904K), 0.0015350 secs] 772258K->470089K(1095044K), 0.0015710 secs] [Times: user=0.02 sys=0.00, real=0.01 secs] 
359.720: Total time for which application threads were stopped: 0.0019880 seconds, Stopping threads took: 0.0000530 seconds
359.789: Application time: 0.0696940 seconds
359.790: [GC359.790: [ParNew: 303302K->1214K(339904K), 0.0014000 secs] 772233K->470153K(1095044K), 0.0014340 secs] [Times: user=0.01 sys=0.00, real=0.00 secs] 
359.791: Total time for which application threads were stopped: 0.0019210 seconds, Stopping threads took: 0.0000560 seconds
359.861: Application time: 0.0695050 seconds
359.861: [GC359.861: [ParNew: 303358K->1064K(339904K), 0.0014100 secs] 772297K->470003K(1095044K), 0.0014440 secs] [Times: user=0.01 sys=0.00, real=0.00 secs] 
359.863: Total time for which application threads were stopped: 0.0019220 seconds, Stopping threads took: 0.0000590 seconds
359.932: Application time: 0.0689610 seconds
359.932: [GC359.932: [ParNew: 303208K->1054K(339904K), 0.0014760 secs] 772147K->470009K(1095044K), 0.0015100 secs] [Times: user=0.01 sys=0.00, real=0.00 secs] 
359.934: Total time for which application threads were stopped: 0.0019620 seconds, Stopping threads took: 0.0000480 seconds
360.002: Application time: 0.0686260 seconds
360.003: [GC360.003: [ParNew: 303198K->1148K(339904K), 0.0013910 secs] 772153K->470111K(1095044K), 0.0014300 secs] [Times: user=0.01 sys=0.00, real=0.00 secs] 
360.004: Total time for which application threads were stopped: 0.0018760 seconds, Stopping threads took: 0.0000440 seconds
360.072: Application time: 0.0679210 seconds
360.072: [GC360.072: [ParNew: 303292K->1146K(339904K), 0.0014830 secs] 772255K->470109K(1095044K), 0.0015170 secs] [Times: user=0.01 sys=0.00, real=0.00 secs] 
360.074: Total time for which application threads were stopped: 0.0019680 seconds, Stopping threads took: 0.0000510 seconds
360.142: Application time: 0.0680720 seconds
360.144: [GC360.144: [ParNew: 303290K->1131K(339904K), 0.0014550 secs] 772253K->470094K(1095044K), 0.0014890 secs] [Times: user=0.01 sys=0.00, real=0.00 secs] 
360.145: Total time for which application threads were stopped: 0.0030790 seconds, Stopping threads took: 0.0011890 seconds
360.214: Application time: 0.0688730 seconds
360.214: [GC360.214: [ParNew: 303275K->1240K(339904K), 0.0014070 secs] 772238K->470203K(1095044K), 0.0014420 secs] [Times: user=0.01 sys=0.00, real=0.00 secs] 
360.216: Total time for which application threads were stopped: 0.0019020 seconds, Stopping threads took: 0.0000600 seconds
360.284: Application time: 0.0683150 seconds
360.285: [GC360.285: [ParNew: 303384K->1412K(339904K), 0.0013910 secs] 772347K->470375K(1095044K), 0.0014270 secs] [Times: user=0.01 sys=0.00, real=0.00 secs] 
360.286: Total time for which application threads were stopped: 0.0018940 seconds, Stopping threads took: 0.0000700 seconds
360.355: Application time: 0.0690810 seconds
360.356: [GC360.356: [ParNew: 303556K->1219K(339904K), 0.0014350 secs] 772519K->470182K(1095044K), 0.0014690 secs] [Times: user=0.01 sys=0.00, real=0.00 secs] 
360.357: Total time for which application threads were stopped: 0.0019430 seconds, Stopping threads took: 0.0000490 seconds
360.425: Application time: 0.0682780 seconds
360.426: [GC360.426: [ParNew: 303363K->1243K(339904K), 0.0014790 secs] 772326K->470206K(1095044K), 0.0015160 secs] [Times: user=0.00 sys=0.01, real=0.01 secs] 
360.427: Total time for which application threads were stopped: 0.0019670 seconds, Stopping threads took: 0.0000540 seconds
360.498: Application time: 0.0709910 seconds
360.499: [GC360.499: [ParNew: 303387K->1447K(339904K), 0.0014890 secs] 772350K->470410K(1095044K), 0.0015330 secs] [Times: user=0.01 sys=0.00, real=0.01 secs] 
360.500: Total time for which application threads were stopped: 0.0020010 seconds, Stopping threads took: 0.0000710 seconds
360.569: Application time: 0.0683530 seconds
360.572: [GC360.572: [ParNew: 303591K->1035K(339904K), 0.0014620 secs] 772554K->470006K(1095044K), 0.0014960 secs] [Times: user=0.01 sys=0.00, real=0.00 secs] 
360.573: Total time for which application threads were stopped: 0.0043900 seconds, Stopping threads took: 0.0024900 seconds
360.643: Application time: 0.0696860 seconds
360.644: [GC360.644: [ParNew: 303179K->1175K(339904K), 0.0016670 secs] 772150K->470154K(1095044K), 0.0017030 secs] [Times: user=0.01 sys=0.00, real=0.00 secs] 
360.646: Total time for which application threads were stopped: 0.0030600 seconds, Stopping threads took: 0.0010080 seconds
360.715: Application time: 0.0691100 seconds
360.716: [GC360.716: [ParNew: 303319K->1348K(339904K), 0.0014520 secs] 772298K->470335K(1095044K), 0.0014860 secs] [Times: user=0.01 sys=0.00, real=0.00 secs] 
360.717: Total time for which application threads were stopped: 0.0019650 seconds, Stopping threads took: 0.0000710 seconds
360.761: Application time: 0.0435710 seconds
360.764: Total time for which application threads were stopped: 0.0030590 seconds, Stopping threads took: 0.0026910 seconds
360.789: Application time: 0.0255270 seconds
360.790: [GC360.790: [ParNew: 303492K->1247K(339904K), 0.0015300 secs] 772479K->470234K(1095044K), 0.0015660 secs] [Times: user=0.02 sys=0.00, real=0.00 secs] 
360.791: Total time for which application threads were stopped: 0.0019760 seconds, Stopping threads took: 0.0000610 seconds
360.860: Application time: 0.0685330 seconds
360.860: [GC360.860: [ParNew: 303391K->1039K(339904K), 0.0013580 secs] 772378K->470034K(1095044K), 0.0013950 secs] [Times: user=0.01 sys=0.00, real=0.00 secs] 
360.862: Total time for which application threads were stopped: 0.0018950 seconds, Stopping threads took: 0.0000710 seconds
360.930: Application time: 0.0682500 seconds
360.930: [GC360.930: [ParNew: 303183K->1137K(339904K), 0.0014980 secs] 772178K->470149K(1095044K), 0.0015330 secs] [Times: user=0.01 sys=0.00, real=0.00 secs] 
360.932: Total time for which application threads were stopped: 0.0019990 seconds, Stopping threads took: 0.0000640 seconds
361.000: Application time: 0.0679530 seconds
361.000: [GC361.000: [ParNew: 303281K->1391K(339904K), 0.0013800 secs] 772293K->470402K(1095044K), 0.0014150 secs] [Times: user=0.01 sys=0.01, real=0.00 secs] 
361.002: Total time for which application threads were stopped: 0.0018660 seconds, Stopping threads took: 0.0000480 seconds
361.070: Application time: 0.0681460 seconds
361.070: [GC361.070: [ParNew: 303535K->1274K(339904K), 0.0014110 secs] 772546K->470285K(1095044K), 0.0014470 secs] [Times: user=0.01 sys=0.00, real=0.00 secs] 
361.072: Total time for which application threads were stopped: 0.0019140 seconds, Stopping threads took: 0.0000670 seconds
361.140: Application time: 0.0682810 seconds
361.140: [GC361.140: [ParNew: 303418K->1410K(339904K), 0.0014200 secs] 772429K->470421K(1095044K), 0.0014560 secs] [Times: user=0.01 sys=0.00, real=0.00 secs] 
361.142: Total time for which application threads were stopped: 0.0019060 seconds, Stopping threads took: 0.0000490 seconds
361.211: Application time: 0.0691020 seconds
361.216: [GC361.216: [ParNew: 303554K->1427K(339904K), 0.0014050 secs] 772565K->470438K(1095044K), 0.0014420 secs] [Times: user=0.01 sys=0.00, real=0.00 secs] 
361.217: Total time for which application threads were stopped: 0.0060680 seconds, Stopping threads took: 0.0042250 seconds
361.287: Application time: 0.0694620 seconds
361.287: [GC361.287: [ParNew: 303571K->1480K(339904K), 0.0015910 secs] 772582K->470491K(1095044K), 0.0016290 secs] [Times: user=0.01 sys=0.00, real=0.01 secs] 
361.289: Total time for which application threads were stopped: 0.0021080 seconds, Stopping threads took: 0.0000820 seconds
361.357: Application time: 0.0685600 seconds
361.358: [GC361.358: [ParNew: 303624K->1401K(339904K), 0.0015780 secs] 772635K->470412K(1095044K), 0.0016100 secs] [Times: user=0.01 sys=0.00, real=0.01 secs] 
361.359: Total time for which application threads were stopped: 0.0020740 seconds, Stopping threads took: 0.0000660 seconds
361.429: Application time: 0.0693230 seconds
361.429: [GC361.429: [ParNew: 303545K->1265K(339904K), 0.0015850 secs] 772556K->470284K(1095044K), 0.0016180 secs] [Times: user=0.01 sys=0.00, real=0.00 secs] 
361.431: Total time for which application threads were stopped: 0.0020660 seconds, Stopping threads took: 0.0000650 seconds
361.501: Application time: 0.0701220 seconds
361.501: [GC361.501: [ParNew: 303409K->1176K(339904K), 0.0015450 secs] 772428K->470203K(1095044K), 0.0015780 secs] [Times: user=0.01 sys=0.00, real=0.00 secs] 
361.503: Total time for which application threads were stopped: 0.0020280 seconds, Stopping threads took: 0.0000560 seconds
361.573: Application time: 0.0699590 seconds
361.573: [GC361.573: [ParNew: 303320K->1085K(339904K), 0.0016730 secs] 772347K->470240K(1095044K), 0.0017060 secs] [Times: user=0.01 sys=0.00, real=0.00 secs] 
361.575: Total time for which application threads were stopped: 0.0021790 seconds, Stopping threads took: 0.0000760 seconds
361.644: Application time: 0.0691620 seconds
361.645: [GC361.645: [ParNew: 303229K->1139K(339904K), 0.0016520 secs] 772384K->470295K(1095044K), 0.0016880 secs] [Times: user=0.01 sys=0.00, real=0.00 secs] 
361.646: Total time for which application threads were stopped: 0.0020980 seconds, Stopping threads took: 0.0000490 seconds
361.716: Application time: 0.0697170 seconds
361.716: [GC361.716: [ParNew: 303283K->1123K(339904K), 0.0015010 secs] 772439K->470278K(1095044K), 0.0015360 secs] [Times: user=0.01 sys=0.00, real=0.00 secs] 
361.718: Total time for which application threads were stopped: 0.0019820 seconds, Stopping threads took: 0.0000540 seconds
361.787: Application time: 0.0685960 seconds
361.787: [GC361.787: [ParNew: 303267K->1063K(339904K), 0.0015030 secs] 772422K->470218K(1095044K), 0.0015390 secs] [Times: user=0.01 sys=0.00, real=0.01 secs] 
361.789: Total time for which application threads were stopped: 0.0019900 seconds, Stopping threads took: 0.0000540 seconds
361.857: Application time: 0.0683450 seconds
361.857: [GC361.857: [ParNew: 303207K->1154K(339904K), 0.0014060 secs] 772362K->470317K(1095044K), 0.0014410 secs] [Times: user=0.01 sys=0.00, real=0.00 secs] 
361.859: Total time for which application threads were stopped: 0.0018840 seconds, Stopping threads took: 0.0000460 seconds
361.927: Application time: 0.0681210 seconds
361.927: [GC361.927: [ParNew: 303298K->1103K(339904K), 0.0014090 secs] 772461K->470274K(1095044K), 0.0014440 secs] [Times: user=0.01 sys=0.00, real=0.00 secs] 
361.929: Total time for which application threads were stopped: 0.0019180 seconds, Stopping threads took: 0.0000530 seconds
361.997: Application time: 0.0677550 seconds
361.997: [GC361.997: [ParNew: 303247K->1127K(339904K), 0.0016040 secs] 772418K->470298K(1095044K), 0.0016390 secs] [Times: user=0.01 sys=0.00, real=0.00 secs] 
361.999: Total time for which application threads were stopped: 0.0020940 seconds, Stopping threads took: 0.0000580 seconds
362.067: Application time: 0.0680450 seconds
362.067: [GC362.067: [ParNew: 303271K->1379K(339904K), 0.0013970 secs] 772442K->470550K(1095044K), 0.0014320 secs] [Times: user=0.01 sys=0.00, real=0.01 secs] 
362.069: Total time for which application threads were stopped: 0.0018900 seconds, Stopping threads took: 0.0000560 seconds
362.137: Application time: 0.0686020 seconds
362.138: [GC362.138: [ParNew: 303523K->1265K(339904K), 0.0014460 secs] 772694K->470436K(1095044K), 0.0014750 secs] [Times: user=0.01 sys=0.00, real=0.00 secs] 
362.139: Total time for which application threads were stopped: 0.0019010 seconds, Stopping threads took: 0.0000370 seconds
362.209: Application time: 0.0695280 seconds
362.209: [GC362.209: [ParNew: 303409K->962K(339904K), 0.0014380 secs] 772580K->470133K(1095044K), 0.0014750 secs] [Times: user=0.01 sys=0.00, real=0.00 secs] 
362.211: Total time for which application threads were stopped: 0.0019370 seconds, Stopping threads took: 0.0000580 seconds
362.279: Application time: 0.0688620 seconds
362.280: [GC362.280: [ParNew: 303106K->1094K(339904K), 0.0015500 secs] 772277K->470266K(1095044K), 0.0015930 secs] [Times: user=0.01 sys=0.00, real=0.00 secs] 
362.282: Total time for which application threads were stopped: 0.0020390 seconds, Stopping threads took: 0.0000430 seconds
362.350: Application time: 0.0688180 seconds
362.351: [GC362.351: [ParNew: 303238K->1165K(339904K), 0.0013950 secs] 772410K->470344K(1095044K), 0.0014290 secs] [Times: user=0.01 sys=0.00, real=0.00 secs] 
362.352: Total time for which application threads were stopped: 0.0018790 seconds, Stopping threads took: 0.0000530 seconds
362.422: Application time: 0.0693280 seconds
362.422: [GC362.422: [ParNew: 303309K->1079K(339904K), 0.0014380 secs] 772488K->470266K(1095044K), 0.0014720 secs] [Times: user=0.01 sys=0.00, real=0.00 secs] 
362.424: Total time for which application threads were stopped: 0.0019440 seconds, Stopping threads took: 0.0000730 seconds
362.493: Application time: 0.0690730 seconds
362.493: [GC362.493: [ParNew: 303223K->1124K(339904K), 0.0013470 secs] 772410K->470319K(1095044K), 0.0013830 secs] [Times: user=0.01 sys=0.00, real=0.00 secs] 
362.494: Total time for which application threads were stopped: 0.0018280 seconds, Stopping threads took: 0.0000510 seconds
362.563: Application time: 0.0685180 seconds
362.563: [GC362.563: [ParNew: 303268K->1255K(339904K), 0.0013840 secs] 772463K->470466K(1095044K), 0.0014190 secs] [Times: user=0.01 sys=0.00, real=0.00 secs] 
362.565: Total time for which application threads were stopped: 0.0019040 seconds, Stopping threads took: 0.0000580 seconds
362.633: Application time: 0.0685410 seconds
362.634: [GC362.634: [ParNew: 303399K->1126K(339904K), 0.0014320 secs] 772610K->470337K(1095044K), 0.0014670 secs] [Times: user=0.01 sys=0.00, real=0.00 secs] 
362.635: Total time for which application threads were stopped: 0.0019200 seconds, Stopping threads took: 0.0000590 seconds
362.704: Application time: 0.0691480 seconds
362.705: [GC362.705: [ParNew: 303270K->1129K(339904K), 0.0015690 secs] 772481K->470340K(1095044K), 0.0016040 secs] [Times: user=0.01 sys=0.00, real=0.00 secs] 
362.707: Total time for which application threads were stopped: 0.0020480 seconds, Stopping threads took: 0.0000490 seconds
362.775: Application time: 0.0685720 seconds
362.776: [GC362.776: [ParNew: 303273K->1081K(339904K), 0.0016070 secs] 772484K->470300K(1095044K), 0.0016410 secs] [Times: user=0.01 sys=0.00, real=0.00 secs] 
362.777: Total time for which application threads were stopped: 0.0021010 seconds, Stopping threads took: 0.0000510 seconds
362.846: Application time: 0.0685760 seconds
362.846: [GC362.846: [ParNew: 303225K->1091K(339904K), 0.0014320 secs] 772444K->470318K(1095044K), 0.0014670 secs] [Times: user=0.01 sys=0.00, real=0.01 secs] 
362.848: Total time for which application threads were stopped: 0.0019290 seconds, Stopping threads took: 0.0000670 seconds
362.916: Application time: 0.0680950 seconds
362.916: [GC362.916: [ParNew: 303235K->1231K(339904K), 0.0013840 secs] 772462K->470466K(1095044K), 0.0014190 secs] [Times: user=0.01 sys=0.00, real=0.00 secs] 
362.918: Total time for which application threads were stopped: 0.0018710 seconds, Stopping threads took: 0.0000500 seconds
362.987: Application time: 0.0691350 seconds
362.987: [GC362.987: [ParNew: 303375K->1239K(339904K), 0.0014290 secs] 772610K->470474K(1095044K), 0.0014650 secs] [Times: user=0.01 sys=0.00, real=0.00 secs] 
362.989: Total time for which application threads were stopped: 0.0019210 seconds, Stopping threads took: 0.0000490 seconds
363.058: Application time: 0.0692880 seconds
363.060: [GC363.060: [ParNew: 303383K->1273K(339904K), 0.0014140 secs] 772618K->470508K(1095044K), 0.0014490 secs] [Times: user=0.01 sys=0.00, real=0.00 secs] 
363.061: Total time for which application threads were stopped: 0.0030920 seconds, Stopping threads took: 0.0012440 seconds
363.130: Application time: 0.0689650 seconds
363.131: [GC363.131: [ParNew: 303417K->1223K(339904K), 0.0017360 secs] 772652K->470458K(1095044K), 0.0017810 secs] [Times: user=0.01 sys=0.00, real=0.00 secs] 
363.132: Total time for which application threads were stopped: 0.0022410 seconds, Stopping threads took: 0.0000830 seconds
363.202: Application time: 0.0696990 seconds
363.202: [GC363.202: [ParNew: 303367K->1051K(339904K), 0.0014340 secs] 772602K->470286K(1095044K), 0.0014700 secs] [Times: user=0.01 sys=0.00, real=0.00 secs] 
363.204: Total time for which application threads were stopped: 0.0019250 seconds, Stopping threads took: 0.0000630 seconds
363.272: Application time: 0.0684020 seconds
363.273: [GC363.273: [ParNew: 303195K->1141K(339904K), 0.0013600 secs] 772430K->470384K(1095044K), 0.0013970 secs] [Times: user=0.01 sys=0.00, real=0.00 secs] 
363.274: Total time for which application threads were stopped: 0.0018570 seconds, Stopping threads took: 0.0000580 seconds
363.343: Application time: 0.0685760 seconds
363.343: [GC363.343: [ParNew: 303285K->1149K(339904K), 0.0014430 secs] 772528K->470400K(1095044K), 0.0014790 secs] [Times: user=0.01 sys=0.00, real=0.00 secs] 
363.345: Total time for which application threads were stopped: 0.0019420 seconds, Stopping threads took: 0.0000520 seconds
363.414: Application time: 0.0691660 seconds
363.414: [GC363.414: [ParNew: 303293K->1122K(339904K), 0.0014570 secs] 772544K->470381K(1095044K), 0.0014920 secs] [Times: user=0.01 sys=0.00, real=0.00 secs] 
363.416: Total time for which application threads were stopped: 0.0019490 seconds, Stopping threads took: 0.0000540 seconds
363.485: Application time: 0.0690400 seconds
363.485: [GC363.485: [ParNew: 303266K->1105K(339904K), 0.0014230 secs] 772525K->470372K(1095044K), 0.0014580 secs] [Times: user=0.01 sys=0.00, real=0.00 secs] 
363.487: Total time for which application threads were stopped: 0.0018990 seconds, Stopping threads took: 0.0000470 seconds
363.556: Application time: 0.0688090 seconds
363.556: [GC363.556: [ParNew: 303249K->1095K(339904K), 0.0014950 secs] 772516K->470362K(1095044K), 0.0015300 secs] [Times: user=0.01 sys=0.00, real=0.00 secs] 
363.558: Total time for which application threads were stopped: 0.0019760 seconds, Stopping threads took: 0.0000490 seconds
363.627: Application time: 0.0691610 seconds
363.627: [GC363.627: [ParNew: 303239K->1299K(339904K), 0.0014610 secs] 772506K->470566K(1095044K), 0.0014970 secs] [Times: user=0.01 sys=0.00, real=0.01 secs] 
363.629: Total time for which application threads were stopped: 0.0019400 seconds, Stopping threads took: 0.0000490 seconds
363.697: Application time: 0.0687140 seconds
363.698: [GC363.698: [ParNew: 303443K->1203K(339904K), 0.0014650 secs] 772710K->470470K(1095044K), 0.0015030 secs] [Times: user=0.01 sys=0.00, real=0.01 secs] 
363.699: Total time for which application threads were stopped: 0.0019730 seconds, Stopping threads took: 0.0000490 seconds
363.768: Application time: 0.0686140 seconds
363.768: [GC363.768: [ParNew: 303347K->1077K(339904K), 0.0014200 secs] 772614K->470352K(1095044K), 0.0014550 secs] [Times: user=0.01 sys=0.00, real=0.00 secs] 
363.770: Total time for which application threads were stopped: 0.0019070 seconds, Stopping threads took: 0.0000530 seconds
363.838: Application time: 0.0681780 seconds
363.839: [GC363.839: [ParNew: 303221K->1287K(339904K), 0.0014350 secs] 772496K->470570K(1095044K), 0.0014710 secs] [Times: user=0.01 sys=0.00, real=0.01 secs] 
363.840: Total time for which application threads were stopped: 0.0019290 seconds, Stopping threads took: 0.0000580 seconds
363.909: Application time: 0.0685590 seconds
363.909: [GC363.909: [ParNew: 303431K->1226K(339904K), 0.0014190 secs] 772714K->470509K(1095044K), 0.0014550 secs] [Times: user=0.01 sys=0.00, real=0.00 secs] 
363.911: Total time for which application threads were stopped: 0.0019010 seconds, Stopping threads took: 0.0000500 seconds
363.980: Application time: 0.0699320 seconds
363.981: [GC363.981: [ParNew: 303370K->998K(339904K), 0.0014540 secs] 772653K->470281K(1095044K), 0.0014890 secs] [Times: user=0.01 sys=0.00, real=0.00 secs] 
363.982: Total time for which application threads were stopped: 0.0019610 seconds, Stopping threads took: 0.0000710 seconds
364.051: Application time: 0.0687140 seconds
364.052: [GC364.052: [ParNew: 303142K->1114K(339904K), 0.0014190 secs] 772425K->470397K(1095044K), 0.0014550 secs] [Times: user=0.01 sys=0.00, real=0.00 secs] 
364.053: Total time for which application threads were stopped: 0.0019300 seconds, Stopping threads took: 0.0000760 seconds
364.122: Application time: 0.0684830 seconds
364.122: [GC364.122: [ParNew: 303258K->1146K(339904K), 0.0013690 secs] 772541K->470437K(1095044K), 0.0014060 secs] [Times: user=0.00 sys=0.01, real=0.00 secs] 
364.123: Total time for which application threads were stopped: 0.0018520 seconds, Stopping threads took: 0.0000450 seconds
364.193: Application time: 0.0696990 seconds
364.194: [GC364.194: [ParNew: 303290K->1022K(339904K), 0.0015880 secs] 772581K->470321K(1095044K), 0.0016250 secs] [Times: user=0.01 sys=0.00, real=0.00 secs] 
364.195: Total time for which application threads were stopped: 0.0020480 seconds, Stopping threads took: 0.0000640 seconds
364.264: Application time: 0.0689870 seconds
364.265: [GC364.265: [ParNew: 303166K->1046K(339904K), 0.0014450 secs] 772465K->470353K(1095044K), 0.0014810 secs] [Times: user=0.01 sys=0.00, real=0.00 secs] 
364.266: Total time for which application threads were stopped: 0.0019420 seconds, Stopping threads took: 0.0000450 seconds
364.335: Application time: 0.0690370 seconds
364.336: [GC364.336: [ParNew: 303190K->1170K(339904K), 0.0013720 secs] 772497K->470477K(1095044K), 0.0014080 secs] [Times: user=0.01 sys=0.00, real=0.00 secs] 
364.337: Total time for which application threads were stopped: 0.0018680 seconds, Stopping threads took: 0.0000550 seconds
364.406: Application time: 0.0687190 seconds
364.406: [GC364.406: [ParNew: 303314K->1190K(339904K), 0.0015280 secs] 772621K->470497K(1095044K), 0.0015650 secs] [Times: user=0.01 sys=0.00, real=0.01 secs] 
364.408: Total time for which application threads were stopped: 0.0020100 seconds, Stopping threads took: 0.0000500 seconds
364.476: Application time: 0.0686520 seconds
364.477: [GC364.477: [ParNew: 303334K->1240K(339904K), 0.0015310 secs] 772641K->470563K(1095044K), 0.0015650 secs] [Times: user=0.01 sys=0.00, real=0.00 secs] 
364.478: Total time for which application threads were stopped: 0.0020060 seconds, Stopping threads took: 0.0000440 seconds
364.547: Application time: 0.0688070 seconds
364.548: [GC364.548: [ParNew: 303384K->1182K(339904K), 0.0017000 secs] 772707K->470506K(1095044K), 0.0017360 secs] [Times: user=0.01 sys=0.00, real=0.00 secs] 
364.549: Total time for which application threads were stopped: 0.0021940 seconds, Stopping threads took: 0.0000630 seconds
364.618: Application time: 0.0688290 seconds
364.619: [GC364.619: [ParNew: 303326K->1264K(339904K), 0.0014500 secs] 772650K->470587K(1095044K), 0.0014870 secs] [Times: user=0.01 sys=0.00, real=0.01 secs] 
364.620: Total time for which application threads were stopped: 0.0019470 seconds, Stopping threads took: 0.0000570 seconds
364.689: Application time: 0.0686850 seconds
364.689: [GC364.689: [ParNew: 303408K->1049K(339904K), 0.0014090 secs] 772731K->470380K(1095044K), 0.0014450 secs] [Times: user=0.01 sys=0.00, real=0.00 secs] 
364.691: Total time for which application threads were stopped: 0.0019030 seconds, Stopping threads took: 0.0000580 seconds
364.759: Application time: 0.0684170 seconds
364.760: [GC364.760: [ParNew: 303193K->1193K(339904K), 0.0014210 secs] 772524K->470532K(1095044K), 0.0014580 secs] [Times: user=0.01 sys=0.00, real=0.00 secs] 
364.761: Total time for which application threads were stopped: 0.0019320 seconds, Stopping threads took: 0.0000770 seconds
364.832: Application time: 0.0713140 seconds
364.833: [GC364.833: [ParNew: 303337K->1197K(339904K), 0.0014310 secs] 772676K->470544K(1095044K), 0.0014700 secs] [Times: user=0.01 sys=0.00, real=0.00 secs] 
364.834: Total time for which application threads were stopped: 0.0019380 seconds, Stopping threads took: 0.0000540 seconds
364.903: Application time: 0.0685660 seconds
364.903: [GC364.903: [ParNew: 303341K->1251K(339904K), 0.0014150 secs] 772688K->470598K(1095044K), 0.0014580 secs] [Times: user=0.01 sys=0.00, real=0.00 secs] 
364.905: Total time for which application threads were stopped: 0.0019240 seconds, Stopping threads took: 0.0000560 seconds
364.949: Application time: 0.0444590 seconds
364.950: Total time for which application threads were stopped: 0.0004400 seconds, Stopping threads took: 0.0000690 seconds
364.974: Application time: 0.0242300 seconds
364.974: [GC364.974: [ParNew: 303395K->1229K(339904K), 0.0014040 secs] 772742K->470576K(1095044K), 0.0014400 secs] [Times: user=0.01 sys=0.00, real=0.00 secs] 
364.976: Total time for which application threads were stopped: 0.0018800 seconds, Stopping threads took: 0.0000570 seconds
365.045: Application time: 0.0692630 seconds
365.048: [GC365.048: [ParNew: 303373K->1212K(339904K), 0.0016420 secs] 772720K->470567K(1095044K), 0.0016780 secs] [Times: user=0.02 sys=0.00, real=0.00 secs] 
365.049: Total time for which application threads were stopped: 0.0041480 seconds, Stopping threads took: 0.0021110 seconds
365.119: Application time: 0.0701240 seconds
365.120: [GC365.120: [ParNew: 303356K->1165K(339904K), 0.0014440 secs] 772711K->470528K(1095044K), 0.0014760 secs] [Times: user=0.01 sys=0.00, real=0.00 secs] 
365.121: Total time for which application threads were stopped: 0.0019570 seconds, Stopping threads took: 0.0000810 seconds
365.191: Application time: 0.0691120 seconds
365.191: [GC365.191: [ParNew: 303309K->1150K(339904K), 0.0014650 secs] 772672K->470521K(1095044K), 0.0014990 secs] [Times: user=0.01 sys=0.00, real=0.00 secs] 
365.192: Total time for which application threads were stopped: 0.0019610 seconds, Stopping threads took: 0.0000650 seconds
365.262: Application time: 0.0699990 seconds
365.263: [GC365.263: [ParNew: 303294K->1191K(339904K), 0.0016290 secs] 772665K->470562K(1095044K), 0.0016640 secs] [Times: user=0.01 sys=0.00, real=0.00 secs] 
365.265: Total time for which application threads were stopped: 0.0021510 seconds, Stopping threads took: 0.0000770 seconds
365.334: Application time: 0.0689620 seconds
365.334: [GC365.334: [ParNew: 303335K->1348K(339904K), 0.0014280 secs] 772706K->470719K(1095044K), 0.0014650 secs] [Times: user=0.01 sys=0.00, real=0.00 secs] 
365.336: Total time for which application threads were stopped: 0.0019270 seconds, Stopping threads took: 0.0000510 seconds
365.404: Application time: 0.0684770 seconds
365.404: [GC365.404: [ParNew: 303492K->1370K(339904K), 0.0014520 secs] 772863K->470749K(1095044K), 0.0014900 secs] [Times: user=0.01 sys=0.00, real=0.00 secs] 
365.406: Total time for which application threads were stopped: 0.0019460 seconds, Stopping threads took: 0.0000540 seconds
365.474: Application time: 0.0685000 seconds
365.475: [GC365.475: [ParNew: 303514K->1423K(339904K), 0.0014900 secs] 772893K->470803K(1095044K), 0.0015270 secs] [Times: user=0.01 sys=0.00, real=0.00 secs] 
365.476: Total time for which application threads were stopped: 0.0019930 seconds, Stopping threads took: 0.0000590 seconds
365.545: Application time: 0.0688570 seconds
365.546: [GC365.546: [ParNew: 303567K->1399K(339904K), 0.0015010 secs] 772947K->470779K(1095044K), 0.0015380 secs] [Times: user=0.01 sys=0.00, real=0.01 secs] 
365.547: Total time for which application threads were stopped: 0.0019950 seconds, Stopping threads took: 0.0000560 seconds
365.616: Application time: 0.0685830 seconds
365.616: [GC365.616: [ParNew: 303543K->1425K(339904K), 0.0015600 secs] 772923K->470804K(1095044K), 0.0015950 secs] [Times: user=0.01 sys=0.00, real=0.00 secs] 
365.618: Total time for which application threads were stopped: 0.0020500 seconds, Stopping threads took: 0.0000550 seconds
365.687: Application time: 0.0685690 seconds
365.687: [GC365.687: [ParNew: 303569K->1220K(339904K), 0.0014430 secs] 772948K->470607K(1095044K), 0.0014810 secs] [Times: user=0.01 sys=0.00, real=0.01 secs] 
365.688: Total time for which application threads were stopped: 0.0019310 seconds, Stopping threads took: 0.0000540 seconds
365.757: Application time: 0.0689700 seconds
365.758: [GC365.758: [ParNew: 303364K->1231K(339904K), 0.0016110 secs] 772751K->470626K(1095044K), 0.0016560 secs] [Times: user=0.01 sys=0.00, real=0.01 secs] 
365.760: Total time for which application threads were stopped: 0.0021020 seconds, Stopping threads took: 0.0000510 seconds
365.828: Application time: 0.0684290 seconds
365.828: [GC365.828: [ParNew: 303375K->1233K(339904K), 0.0014210 secs] 772770K->470628K(1095044K), 0.0014570 secs] [Times: user=0.01 sys=0.00, real=0.00 secs] 
365.830: Total time for which application threads were stopped: 0.0019220 seconds, Stopping threads took: 0.0000700 seconds
365.899: Application time: 0.0690130 seconds
365.899: [GC365.899: [ParNew: 303377K->961K(339904K), 0.0013910 secs] 772772K->470524K(1095044K), 0.0014260 secs] [Times: user=0.01 sys=0.00, real=0.00 secs] 
365.901: Total time for which application threads were stopped: 0.0019150 seconds, Stopping threads took: 0.0000580 seconds
365.970: Application time: 0.0692740 seconds
365.971: [GC365.971: [ParNew: 303105K->1109K(339904K), 0.0014610 secs] 772668K->470680K(1095044K), 0.0014930 secs] [Times: user=0.01 sys=0.00, real=0.00 secs] 
365.972: Total time for which application threads were stopped: 0.0019540 seconds, Stopping threads took: 0.0000600 seconds
366.042: Application time: 0.0695050 seconds
366.042: [GC366.042: [ParNew: 303253K->1175K(339904K), 0.0014350 secs] 772824K->470762K(1095044K), 0.0014710 secs] [Times: user=0.00 sys=0.00, real=0.00 secs] 
366.044: Total time for which application threads were stopped: 0.0019220 seconds, Stopping threads took: 0.0000550 seconds
366.113: Application time: 0.0695080 seconds
366.113: [GC366.113: [ParNew: 303319K->1161K(339904K), 0.0014990 secs] 772906K->470764K(1095044K), 0.0015340 secs] [Times: user=0.01 sys=0.00, real=0.00 secs] 
366.115: Total time for which application threads were stopped: 0.0019470 seconds, Stopping threads took: 0.0000540 seconds
366.184: Application time: 0.0693620 seconds
366.185: [GC366.185: [ParNew: 303305K->1154K(339904K), 0.0014850 secs] 772908K->470757K(1095044K), 0.0015200 secs] [Times: user=0.01 sys=0.00, real=0.00 secs] 
366.186: Total time for which application threads were stopped: 0.0019990 seconds, Stopping threads took: 0.0000790 seconds
366.256: Application time: 0.0693270 seconds
366.256: [GC366.256: [ParNew: 303298K->1272K(339904K), 0.0014700 secs] 772901K->470875K(1095044K), 0.0015080 secs] [Times: user=0.01 sys=0.00, real=0.00 secs] 
366.258: Total time for which application threads were stopped: 0.0019580 seconds, Stopping threads took: 0.0000630 seconds
366.326: Application time: 0.0685790 seconds
366.327: [GC366.327: [ParNew: 303416K->1408K(339904K), 0.0014070 secs] 773019K->471012K(1095044K), 0.0014440 secs] [Times: user=0.01 sys=0.00, real=0.01 secs] 
366.328: Total time for which application threads were stopped: 0.0018880 seconds, Stopping threads took: 0.0000490 seconds
366.397: Application time: 0.0684930 seconds
366.397: [GC366.397: [ParNew: 303552K->1191K(339904K), 0.0014600 secs] 773156K->470802K(1095044K), 0.0014960 secs] [Times: user=0.01 sys=0.00, real=0.00 secs] 
366.399: Total time for which application threads were stopped: 0.0019330 seconds, Stopping threads took: 0.0000430 seconds
366.467: Application time: 0.0689630 seconds
366.468: [GC366.468: [ParNew: 303335K->1320K(339904K), 0.0014460 secs] 772946K->470932K(1095044K), 0.0014810 secs] [Times: user=0.01 sys=0.00, real=0.00 secs] 
366.469: Total time for which application threads were stopped: 0.0019470 seconds, Stopping threads took: 0.0000460 seconds
366.538: Application time: 0.0684680 seconds
366.538: [GC366.538: [ParNew: 303464K->1137K(339904K), 0.0014390 secs] 773076K->470748K(1095044K), 0.0014740 secs] [Times: user=0.01 sys=0.00, real=0.01 secs] 
366.540: Total time for which application threads were stopped: 0.0019220 seconds, Stopping threads took: 0.0000490 seconds
366.609: Application time: 0.0688620 seconds
366.609: [GC366.609: [ParNew: 303281K->1235K(339904K), 0.0014500 secs] 772892K->470854K(1095044K), 0.0014840 secs] [Times: user=0.01 sys=0.00, real=0.00 secs] 
366.611: Total time for which application threads were stopped: 0.0019250 seconds, Stopping threads took: 0.0000400 seconds
366.679: Application time: 0.0687850 seconds
366.680: [GC366.680: [ParNew: 303379K->1232K(339904K), 0.0014060 secs] 772998K->470859K(1095044K), 0.0014400 secs] [Times: user=0.01 sys=0.00, real=0.00 secs] 
366.681: Total time for which application threads were stopped: 0.0018930 seconds, Stopping threads took: 0.0000460 seconds
366.750: Application time: 0.0688320 seconds
366.751: [GC366.751: [ParNew: 303376K->1220K(339904K), 0.0014100 secs] 773003K->470855K(1095044K), 0.0014460 secs] [Times: user=0.01 sys=0.00, real=0.00 secs] 
366.752: Total time for which application threads were stopped: 0.0018910 seconds, Stopping threads took: 0.0000500 seconds
366.821: Application time: 0.0688870 seconds
366.821: [GC366.821: [ParNew: 303364K->1125K(339904K), 0.0013460 secs] 772999K->470768K(1095044K), 0.0013800 secs] [Times: user=0.01 sys=0.00, real=0.00 secs] 
366.823: Total time for which application threads were stopped: 0.0018460 seconds, Stopping threads took: 0.0000580 seconds
366.891: Application time: 0.0686130 seconds
366.892: [GC366.892: [ParNew: 303269K->1101K(339904K), 0.0013730 secs] 772912K->470752K(1095044K), 0.0014060 secs] [Times: user=0.01 sys=0.00, real=0.00 secs] 
366.893: Total time for which application threads were stopped: 0.0018750 seconds, Stopping threads took: 0.0000570 seconds
366.962: Application time: 0.0690260 seconds
366.963: [GC366.963: [ParNew: 303245K->1015K(339904K), 0.0013610 secs] 772896K->470683K(1095044K), 0.0013970 secs] [Times: user=0.01 sys=0.00, real=0.00 secs] 
366.964: Total time for which application threads were stopped: 0.0018390 seconds, Stopping threads took: 0.0000450 seconds
367.032: Application time: 0.0682840 seconds
367.033: [GC367.033: [ParNew: 303159K->1091K(339904K), 0.0014340 secs] 772827K->470758K(1095044K), 0.0014700 secs] [Times: user=0.01 sys=0.00, real=0.00 secs] 
367.034: Total time for which application threads were stopped: 0.0019560 seconds, Stopping threads took: 0.0000530 seconds
367.102: Application time: 0.0680540 seconds
367.103: [GC367.103: [ParNew: 303235K->1198K(339904K), 0.0014110 secs] 772902K->470865K(1095044K), 0.0014470 secs] [Times: user=0.01 sys=0.00, real=0.00 secs] 
367.104: Total time for which application threads were stopped: 0.0018980 seconds, Stopping threads took: 0.0000560 seconds
367.173: Application time: 0.0687880 seconds
367.174: [GC367.174: [ParNew: 303342K->1170K(339904K), 0.0015240 secs] 773009K->470837K(1095044K), 0.0015520 secs] [Times: user=0.01 sys=0.00, real=0.00 secs] 
367.175: Total time for which application threads were stopped: 0.0019780 seconds, Stopping threads took: 0.0000460 seconds
367.244: Application time: 0.0693250 seconds
367.245: [GC367.245: [ParNew: 303314K->1223K(339904K), 0.0013920 secs] 772981K->470890K(1095044K), 0.0014270 secs] [Times: user=0.01 sys=0.00, real=0.00 secs] 
367.246: Total time for which application threads were stopped: 0.0018830 seconds, Stopping threads took: 0.0000610 seconds
367.314: Application time: 0.0680470 seconds
367.315: [GC367.315: [ParNew: 303367K->1372K(339904K), 0.0014670 secs] 773034K->471047K(1095044K), 0.0015020 secs] [Times: user=0.01 sys=0.00, real=0.00 secs] 
367.316: Total time for which application threads were stopped: 0.0019750 seconds, Stopping threads took: 0.0000760 seconds
367.385: Application time: 0.0684100 seconds
367.385: [GC367.385: [ParNew: 303516K->1437K(339904K), 0.0014240 secs] 773191K->471112K(1095044K), 0.0014590 secs] [Times: user=0.01 sys=0.00, real=0.00 secs] 
367.387: Total time for which application threads were stopped: 0.0019160 seconds, Stopping threads took: 0.0000580 seconds
367.455: Application time: 0.0686590 seconds
367.456: [GC367.456: [ParNew: 303581K->1316K(339904K), 0.0014240 secs] 773256K->470991K(1095044K), 0.0014590 secs] [Times: user=0.01 sys=0.00, real=0.00 secs] 
367.457: Total time for which application threads were stopped: 0.0019050 seconds, Stopping threads took: 0.0000470 seconds
367.527: Application time: 0.0694280 seconds
367.527: [GC367.527: [ParNew: 303460K->1215K(339904K), 0.0014250 secs] 773135K->470898K(1095044K), 0.0014670 secs] [Times: user=0.01 sys=0.00, real=0.01 secs] 
367.529: Total time for which application threads were stopped: 0.0019190 seconds, Stopping threads took: 0.0000550 seconds
367.598: Application time: 0.0691820 seconds
367.598: [GC367.598: [ParNew: 303359K->1161K(339904K), 0.0014710 secs] 773042K->470852K(1095044K), 0.0015050 secs] [Times: user=0.01 sys=0.00, real=0.01 secs] 
367.600: Total time for which application threads were stopped: 0.0019790 seconds, Stopping threads took: 0.0000650 seconds
367.669: Application time: 0.0687980 seconds
367.669: [GC367.669: [ParNew: 303305K->1055K(339904K), 0.0013160 secs] 772996K->470754K(1095044K), 0.0013510 secs] [Times: user=0.00 sys=0.00, real=0.00 secs] 
367.670: Total time for which application threads were stopped: 0.0017960 seconds, Stopping threads took: 0.0000470 seconds
367.739: Application time: 0.0686990 seconds
367.740: [GC367.740: [ParNew: 303199K->1021K(339904K), 0.0013600 secs] 772898K->470728K(1095044K), 0.0013930 secs] [Times: user=0.01 sys=0.00, real=0.00 secs] 
367.741: Total time for which application threads were stopped: 0.0018550 seconds, Stopping threads took: 0.0000490 seconds
367.811: Application time: 0.0696340 seconds
367.811: [GC367.811: [ParNew: 303165K->969K(339904K), 0.0015170 secs] 772872K->470685K(1095044K), 0.0015490 secs] [Times: user=0.01 sys=0.00, real=0.00 secs] 
367.813: Total time for which application threads were stopped: 0.0020120 seconds, Stopping threads took: 0.0000650 seconds
367.882: Application time: 0.0698230 seconds
367.883: [GC367.883: [ParNew: 303113K->983K(339904K), 0.0016900 secs] 772829K->470706K(1095044K), 0.0017240 secs] [Times: user=0.01 sys=0.00, real=0.00 secs] 
367.885: Total time for which application threads were stopped: 0.0021690 seconds, Stopping threads took: 0.0000910 seconds
367.954: Application time: 0.0691420 seconds
367.954: [GC367.954: [ParNew: 303127K->1011K(339904K), 0.0014960 secs] 772850K->470734K(1095044K), 0.0015330 secs] [Times: user=0.01 sys=0.00, real=0.00 secs] 
367.956: Total time for which application threads were stopped: 0.0019750 seconds, Stopping threads took: 0.0000450 seconds
368.024: Application time: 0.0682870 seconds
368.024: [GC368.024: [ParNew: 303155K->1363K(339904K), 0.0013700 secs] 772878K->471086K(1095044K), 0.0014050 secs] [Times: user=0.01 sys=0.00, real=0.00 secs] 
368.026: Total time for which application threads were stopped: 0.0018540 seconds, Stopping threads took: 0.0000480 seconds
368.094: Application time: 0.0682510 seconds
368.095: [GC368.095: [ParNew: 303507K->1246K(339904K), 0.0014690 secs] 773230K->470969K(1095044K), 0.0015050 secs] [Times: user=0.01 sys=0.00, real=0.00 secs] 
368.096: Total time for which application threads were stopped: 0.0019550 seconds, Stopping threads took: 0.0000490 seconds
368.164: Application time: 0.0682720 seconds
368.165: [GC368.165: [ParNew: 303390K->1236K(339904K), 0.0014260 secs] 773113K->470959K(1095044K), 0.0014610 secs] [Times: user=0.01 sys=0.00, real=0.00 secs] 
368.166: Total time for which application threads were stopped: 0.0019380 seconds, Stopping threads took: 0.0000520 seconds
368.236: Application time: 0.0693440 seconds
368.236: [GC368.236: [ParNew: 303380K->1277K(339904K), 0.0015390 secs] 773103K->471000K(1095044K), 0.0015740 secs] [Times: user=0.01 sys=0.01, real=0.00 secs] 
368.238: Total time for which application threads were stopped: 0.0020160 seconds, Stopping threads took: 0.0000420 seconds
368.306: Application time: 0.0683360 seconds
368.306: [GC368.306: [ParNew: 303421K->1290K(339904K), 0.0014630 secs] 773144K->471021K(1095044K), 0.0015020 secs] [Times: user=0.01 sys=0.00, real=0.01 secs] 
368.308: Total time for which application threads were stopped: 0.0019520 seconds, Stopping threads took: 0.0000490 seconds
368.377: Application time: 0.0691210 seconds
368.378: [GC368.378: [ParNew: 303434K->1572K(339904K), 0.0014300 secs] 773165K->471303K(1095044K), 0.0014720 secs] [Times: user=0.01 sys=0.00, real=0.00 secs] 
368.379: Total time for which application threads were stopped: 0.0019360 seconds, Stopping threads took: 0.0000590 seconds
368.449: Application time: 0.0700160 seconds
368.449: [GC368.449: [ParNew: 303716K->1101K(339904K), 0.0015020 secs] 773447K->470832K(1095044K), 0.0015390 secs] [Times: user=0.01 sys=0.00, real=0.00 secs] 
368.451: Total time for which application threads were stopped: 0.0020000 seconds, Stopping threads took: 0.0000590 seconds
368.520: Application time: 0.0686490 seconds
368.520: [GC368.520: [ParNew: 303245K->959K(339904K), 0.0013930 secs] 772976K->470699K(1095044K), 0.0014300 secs] [Times: user=0.01 sys=0.00, real=0.00 secs] 
368.522: Total time for which application threads were stopped: 0.0018750 seconds, Stopping threads took: 0.0000510 seconds
368.590: Application time: 0.0686700 seconds
368.591: [GC368.591: [ParNew: 303103K->980K(339904K), 0.0013500 secs] 772843K->470727K(1095044K), 0.0013860 secs] [Times: user=0.01 sys=0.00, real=0.00 secs] 
368.592: Total time for which application threads were stopped: 0.0018340 seconds, Stopping threads took: 0.0000470 seconds
368.661: Application time: 0.0685810 seconds
368.661: [GC368.661: [ParNew: 303124K->1114K(339904K), 0.0015370 secs] 772871K->470869K(1095044K), 0.0015700 secs] [Times: user=0.01 sys=0.00, real=0.00 secs] 
368.663: Total time for which application threads were stopped: 0.0020280 seconds, Stopping threads took: 0.0000560 seconds
368.732: Application time: 0.0689190 seconds
368.732: [GC368.732: [ParNew: 303258K->965K(339904K), 0.0013710 secs] 773013K->470729K(1095044K), 0.0014040 secs] [Times: user=0.01 sys=0.00, real=0.00 secs] 
368.733: Total time for which application threads were stopped: 0.0018830 seconds, Stopping threads took: 0.0000520 seconds
368.802: Application time: 0.0680550 seconds
368.802: [GC368.802: [ParNew: 303109K->952K(339904K), 0.0013480 secs] 772873K->470715K(1095044K), 0.0013840 secs] [Times: user=0.00 sys=0.01, real=0.00 secs] 
368.803: Total time for which application threads were stopped: 0.0018290 seconds, Stopping threads took: 0.0000480 seconds
368.871: Application time: 0.0679860 seconds
368.872: [GC368.872: [ParNew: 303096K->1043K(339904K), 0.0014660 secs] 772859K->470806K(1095044K), 0.0015010 secs] [Times: user=0.01 sys=0.00, real=0.00 secs] 
368.873: Total time for which application threads were stopped: 0.0019590 seconds, Stopping threads took: 0.0000510 seconds
368.942: Application time: 0.0683120 seconds
368.942: [GC368.942: [ParNew: 303187K->1295K(339904K), 0.0014260 secs] 772950K->471058K(1095044K), 0.0014630 secs] [Times: user=0.01 sys=0.00, real=0.00 secs] 
368.944: Total time for which application threads were stopped: 0.0019140 seconds, Stopping threads took: 0.0000480 seconds
369.012: Application time: 0.0682200 seconds
369.012: [GC369.012: [ParNew: 303439K->1106K(339904K), 0.0014740 secs] 773202K->470869K(1095044K), 0.0015100 secs] [Times: user=0.01 sys=0.00, real=0.00 secs] 
369.014: Total time for which application threads were stopped: 0.0019680 seconds, Stopping threads took: 0.0000530 seconds
369.082: Application time: 0.0683260 seconds
369.083: [GC369.083: [ParNew: 303250K->1315K(339904K), 0.0014830 secs] 773013K->471079K(1095044K), 0.0015200 secs] [Times: user=0.01 sys=0.00, real=0.00 secs] 
369.084: Total time for which application threads were stopped: 0.0019720 seconds, Stopping threads took: 0.0000480 seconds
369.153: Application time: 0.0689930 seconds
369.153: [GC369.153: [ParNew: 303459K->1185K(339904K), 0.0014250 secs] 773223K->470948K(1095044K), 0.0014600 secs] [Times: user=0.01 sys=0.00, real=0.00 secs] 
369.155: Total time for which application threads were stopped: 0.0019030 seconds, Stopping threads took: 0.0000460 seconds
369.224: Application time: 0.0690440 seconds
369.224: [GC369.224: [ParNew: 303329K->1405K(339904K), 0.0014330 secs] 773092K->471176K(1095044K), 0.0014700 secs] [Times: user=0.01 sys=0.00, real=0.00 secs] 
369.226: Total time for which application threads were stopped: 0.0019170 seconds, Stopping threads took: 0.0000450 seconds
369.296: Application time: 0.0699830 seconds
369.296: [GC369.296: [ParNew: 303549K->1637K(339904K), 0.0014170 secs] 773320K->471408K(1095044K), 0.0014620 secs] [Times: user=0.01 sys=0.00, real=0.00 secs] 
369.298: Total time for which application threads were stopped: 0.0019390 seconds, Stopping threads took: 0.0000560 seconds
369.367: Application time: 0.0693910 seconds
369.368: [GC369.368: [ParNew: 303781K->1281K(339904K), 0.0014290 secs] 773552K->471052K(1095044K), 0.0014650 secs] [Times: user=0.01 sys=0.00, real=0.00 secs] 
369.369: Total time for which application threads were stopped: 0.0019020 seconds, Stopping threads took: 0.0000440 seconds
369.438: Application time: 0.0688800 seconds
369.438: [GC369.438: [ParNew: 303425K->961K(339904K), 0.0013500 secs] 773196K->470740K(1095044K), 0.0013870 secs] [Times: user=0.01 sys=0.00, real=0.01 secs] 
369.440: Total time for which application threads were stopped: 0.0018410 seconds, Stopping threads took: 0.0000600 seconds
369.509: Application time: 0.0686660 seconds
369.509: [GC369.509: [ParNew: 303105K->976K(339904K), 0.0013360 secs] 772884K->470763K(1095044K), 0.0013720 secs] [Times: user=0.01 sys=0.00, real=0.00 secs] 
369.510: Total time for which application threads were stopped: 0.0018110 seconds, Stopping threads took: 0.0000460 seconds
369.578: Application time: 0.0678800 seconds
369.579: [GC369.579: [ParNew: 303120K->958K(339904K), 0.0013430 secs] 772907K->470754K(1095044K), 0.0013780 secs] [Times: user=0.01 sys=0.00, real=0.01 secs] 
369.580: Total time for which application threads were stopped: 0.0018380 seconds, Stopping threads took: 0.0000590 seconds
369.648: Application time: 0.0678460 seconds
369.652: [GC369.652: [ParNew: 303102K->976K(339904K), 0.0014870 secs] 772898K->470787K(1095044K), 0.0015200 secs] [Times: user=0.01 sys=0.00, real=0.00 secs] 
369.653: Total time for which application threads were stopped: 0.0052530 seconds, Stopping threads took: 0.0033360 seconds
369.721: Application time: 0.0681500 seconds
369.722: [GC369.722: [ParNew: 303120K->1016K(339904K), 0.0014570 secs] 772931K->470827K(1095044K), 0.0015020 secs] [Times: user=0.01 sys=0.00, real=0.00 secs] 
369.723: Total time for which application threads were stopped: 0.0019240 seconds, Stopping threads took: 0.0000580 seconds
369.791: Application time: 0.0681990 seconds
369.792: [GC369.792: [ParNew: 303160K->1216K(339904K), 0.0013690 secs] 772971K->471027K(1095044K), 0.0014040 secs] [Times: user=0.01 sys=0.00, real=0.00 secs] 
369.793: Total time for which application threads were stopped: 0.0018530 seconds, Stopping threads took: 0.0000490 seconds
369.861: Application time: 0.0678120 seconds
369.862: [GC369.862: [ParNew: 303360K->1316K(339904K), 0.0013780 secs] 773171K->471127K(1095044K), 0.0014160 secs] [Times: user=0.01 sys=0.00, real=0.00 secs] 
369.863: Total time for which application threads were stopped: 0.0018850 seconds, Stopping threads took: 0.0000540 seconds
369.931: Application time: 0.0680610 seconds
369.932: [GC369.932: [ParNew: 303460K->1203K(339904K), 0.0014460 secs] 773271K->471014K(1095044K), 0.0014800 secs] [Times: user=0.01 sys=0.00, real=0.00 secs] 
369.933: Total time for which application threads were stopped: 0.0019520 seconds, Stopping threads took: 0.0000570 seconds
370.001: Application time: 0.0684600 seconds
370.002: [GC370.002: [ParNew: 303347K->1309K(339904K), 0.0015040 secs] 773158K->471120K(1095044K), 0.0015380 secs] [Times: user=0.01 sys=0.00, real=0.00 secs] 
370.004: Total time for which application threads were stopped: 0.0020020 seconds, Stopping threads took: 0.0000590 seconds
370.072: Application time: 0.0688250 seconds
370.073: [GC370.073: [ParNew: 303453K->1237K(339904K), 0.0014290 secs] 773264K->471048K(1095044K), 0.0014630 secs] [Times: user=0.01 sys=0.00, real=0.00 secs] 
370.074: Total time for which application threads were stopped: 0.0019090 seconds, Stopping threads took: 0.0000510 seconds
370.143: Application time: 0.0686090 seconds
370.143: [GC370.143: [ParNew: 303381K->1377K(339904K), 0.0014460 secs] 773192K->471188K(1095044K), 0.0014810 secs] [Times: user=0.01 sys=0.00, real=0.00 secs] 
370.145: Total time for which application threads were stopped: 0.0019540 seconds, Stopping threads took: 0.0000680 seconds
370.214: Application time: 0.0693380 seconds
370.215: [GC370.215: [ParNew: 303521K->1487K(339904K), 0.0014210 secs] 773332K->471306K(1095044K), 0.0014560 secs] [Times: user=0.01 sys=0.00, real=0.00 secs] 
370.216: Total time for which application threads were stopped: 0.0019170 seconds, Stopping threads took: 0.0000640 seconds
370.285: Application time: 0.0686830 seconds
370.285: [GC370.285: [ParNew: 303631K->1280K(339904K), 0.0014930 secs] 773450K->471099K(1095044K), 0.0015260 secs] [Times: user=0.01 sys=0.00, real=0.00 secs] 
370.287: Total time for which application threads were stopped: 0.0019850 seconds, Stopping threads took: 0.0000650 seconds
370.356: Application time: 0.0689400 seconds
370.360: [GC370.360: [ParNew: 303424K->1042K(339904K), 0.0014110 secs] 773243K->470861K(1095044K), 0.0014430 secs] [Times: user=0.01 sys=0.00, real=0.00 secs] 
370.361: Total time for which application threads were stopped: 0.0053830 seconds, Stopping threads took: 0.0035720 seconds
370.430: Application time: 0.0689930 seconds
370.431: [GC370.431: [ParNew: 303186K->924K(339904K), 0.0014190 secs] 773005K->470759K(1095044K), 0.0014550 secs] [Times: user=0.01 sys=0.00, real=0.00 secs] 
370.432: Total time for which application threads were stopped: 0.0019080 seconds, Stopping threads took: 0.0000740 seconds
370.501: Application time: 0.0688890 seconds
370.501: [GC370.501: [ParNew: 303068K->864K(339904K), 0.0014920 secs] 772903K->470715K(1095044K), 0.0015290 secs] [Times: user=0.01 sys=0.00, real=0.00 secs] 
370.503: Total time for which application threads were stopped: 0.0019410 seconds, Stopping threads took: 0.0000500 seconds
370.571: Application time: 0.0682770 seconds
370.572: [GC370.572: [ParNew: 303008K->934K(339904K), 0.0013170 secs] 772859K->470801K(1095044K), 0.0013510 secs] [Times: user=0.00 sys=0.00, real=0.00 secs] 
370.573: Total time for which application threads were stopped: 0.0018350 seconds, Stopping threads took: 0.0000760 seconds
370.641: Application time: 0.0680670 seconds
370.641: [GC370.641: [ParNew: 303078K->1027K(339904K), 0.0013630 secs] 772945K->470894K(1095044K), 0.0013980 secs] [Times: user=0.01 sys=0.00, real=0.00 secs] 
370.643: Total time for which application threads were stopped: 0.0018500 seconds, Stopping threads took: 0.0000580 seconds
370.711: Application time: 0.0682560 seconds
370.712: [GC370.712: [ParNew: 303171K->1204K(339904K), 0.0014690 secs] 773038K->471071K(1095044K), 0.0015020 secs] [Times: user=0.01 sys=0.00, real=0.00 secs] 
370.713: Total time for which application threads were stopped: 0.0019540 seconds, Stopping threads took: 0.0000500 seconds
370.781: Application time: 0.0682120 seconds
370.782: [GC370.782: [ParNew: 303348K->1174K(339904K), 0.0013860 secs] 773215K->471041K(1095044K), 0.0014230 secs] [Times: user=0.01 sys=0.00, real=0.00 secs] 
370.783: Total time for which application threads were stopped: 0.0018670 seconds, Stopping threads took: 0.0000480 seconds
370.851: Application time: 0.0680270 seconds
370.852: [GC370.852: [ParNew: 303318K->1250K(339904K), 0.0013980 secs] 773185K->471117K(1095044K), 0.0014340 secs] [Times: user=0.01 sys=0.00, real=0.00 secs] 
370.853: Total time for which application threads were stopped: 0.0019100 seconds, Stopping threads took: 0.0000730 seconds
370.921: Application time: 0.0676770 seconds
370.921: [GC370.921: [ParNew: 303394K->1379K(339904K), 0.0015200 secs] 773261K->471246K(1095044K), 0.0015550 secs] [Times: user=0.01 sys=0.00, real=0.00 secs] 
370.923: Total time for which application threads were stopped: 0.0019980 seconds, Stopping threads took: 0.0000440 seconds
370.991: Application time: 0.0682920 seconds
370.992: [GC370.992: [ParNew: 303523K->1127K(339904K), 0.0015800 secs] 773390K->470994K(1095044K), 0.0016150 secs] [Times: user=0.01 sys=0.00, real=0.00 secs] 
370.993: Total time for which application threads were stopped: 0.0021000 seconds, Stopping threads took: 0.0000550 seconds
371.065: Application time: 0.0721270 seconds
371.066: [GC371.066: [ParNew: 303271K->1407K(339904K), 0.0015000 secs] 773138K->471274K(1095044K), 0.0015480 secs] [Times: user=0.01 sys=0.00, real=0.01 secs] 
371.067: Total time for which application threads were stopped: 0.0020060 seconds, Stopping threads took: 0.0000660 seconds
371.137: Application time: 0.0693700 seconds
371.137: [GC371.137: [ParNew: 303551K->1468K(339904K), 0.0014540 secs] 773418K->471343K(1095044K), 0.0014890 secs] [Times: user=0.01 sys=0.00, real=0.00 secs] 
371.139: Total time for which application threads were stopped: 0.0019410 seconds, Stopping threads took: 0.0000510 seconds
371.209: Application time: 0.0701860 seconds
371.209: [GC371.209: [ParNew: 303612K->1475K(339904K), 0.0014760 secs] 773487K->471350K(1095044K), 0.0015100 secs] [Times: user=0.01 sys=0.00, real=0.00 secs] 
371.211: Total time for which application threads were stopped: 0.0019590 seconds, Stopping threads took: 0.0000590 seconds
371.274: Application time: 0.0632930 seconds
371.275: Total time for which application threads were stopped: 0.0004390 seconds, Stopping threads took: 0.0000580 seconds
371.281: Application time: 0.0062950 seconds
371.281: [GC371.281: [ParNew: 303619K->1157K(339904K), 0.0014610 secs] 773494K->471041K(1095044K), 0.0014940 secs] [Times: user=0.01 sys=0.00, real=0.00 secs] 
371.283: Total time for which application threads were stopped: 0.0019300 seconds, Stopping threads took: 0.0000510 seconds
371.352: Application time: 0.0696490 seconds
371.353: [GC371.353: [ParNew: 303301K->1091K(339904K), 0.0014460 secs] 773185K->470982K(1095044K), 0.0014800 secs] [Times: user=0.01 sys=0.00, real=0.00 secs] 
371.354: Total time for which application threads were stopped: 0.0019010 seconds, Stopping threads took: 0.0000560 seconds
371.424: Application time: 0.0694880 seconds
371.428: [GC371.428: [ParNew: 303235K->1007K(339904K), 0.0014340 secs] 773126K->470906K(1095044K), 0.0014690 secs] [Times: user=0.01 sys=0.00, real=0.00 secs] 
371.429: Total time for which application threads were stopped: 0.0052950 seconds, Stopping threads took: 0.0034630 seconds
371.498: Application time: 0.0690650 seconds
371.500: [GC371.500: [ParNew: 303151K->1073K(339904K), 0.0013720 secs] 773050K->470988K(1095044K), 0.0014070 secs] [Times: user=0.01 sys=0.00, real=0.00 secs] 
371.501: Total time for which application threads were stopped: 0.0029270 seconds, Stopping threads took: 0.0010970 seconds
371.569: Application time: 0.0682760 seconds
371.570: [GC371.570: [ParNew: 303217K->1108K(339904K), 0.0014510 secs] 773132K->471023K(1095044K), 0.0014880 secs] [Times: user=0.01 sys=0.00, real=0.00 secs] 
371.571: Total time for which application threads were stopped: 0.0019430 seconds, Stopping threads took: 0.0000520 seconds
371.639: Application time: 0.0678080 seconds
371.644: [GC371.644: [ParNew: 303252K->1198K(339904K), 0.0013710 secs] 773167K->471113K(1095044K), 0.0014070 secs] [Times: user=0.01 sys=0.00, real=0.00 secs] 
371.645: Total time for which application threads were stopped: 0.0059410 seconds, Stopping threads took: 0.0041350 seconds
371.713: Application time: 0.0680340 seconds
371.716: [GC371.716: [ParNew: 303342K->1437K(339904K), 0.0013670 secs] 773257K->471352K(1095044K), 0.0014030 secs] [Times: user=0.01 sys=0.00, real=0.00 secs] 
371.717: Total time for which application threads were stopped: 0.0039660 seconds, Stopping threads took: 0.0021580 seconds
371.786: Application time: 0.0685510 seconds
371.788: [GC371.788: [ParNew: 303581K->1432K(339904K), 0.0013830 secs] 773496K->471347K(1095044K), 0.0014170 secs] [Times: user=0.01 sys=0.00, real=0.00 secs] 
371.789: Total time for which application threads were stopped: 0.0034520 seconds, Stopping threads took: 0.0016350 seconds
371.857: Application time: 0.0679580 seconds
371.858: [GC371.858: [ParNew: 303576K->1476K(339904K), 0.0014480 secs] 773491K->471391K(1095044K), 0.0014820 secs] [Times: user=0.01 sys=0.01, real=0.00 secs] 
371.859: Total time for which application threads were stopped: 0.0019620 seconds, Stopping threads took: 0.0000550 seconds
371.927: Application time: 0.0676210 seconds
371.927: [GC371.927: [ParNew: 303620K->1580K(339904K), 0.0014350 secs] 773535K->471495K(1095044K), 0.0014710 secs] [Times: user=0.01 sys=0.00, real=0.01 secs] 
371.929: Total time for which application threads were stopped: 0.0019200 seconds, Stopping threads took: 0.0000480 seconds
371.997: Application time: 0.0684860 seconds
371.997: [GC371.997: [ParNew: 303724K->1514K(339904K), 0.0015080 secs] 773639K->471429K(1095044K), 0.0015440 secs] [Times: user=0.01 sys=0.00, real=0.00 secs] 
371.999: Total time for which application threads were stopped: 0.0019900 seconds, Stopping threads took: 0.0000460 seconds
372.069: Application time: 0.0700870 seconds
372.070: [GC372.070: [ParNew: 303658K->1329K(339904K), 0.0015780 secs] 773573K->471244K(1095044K), 0.0016180 secs] [Times: user=0.01 sys=0.00, real=0.00 secs] 
372.071: Total time for which application threads were stopped: 0.0021240 seconds, Stopping threads took: 0.0000880 seconds
372.140: Application time: 0.0692290 seconds
372.141: [GC372.141: [ParNew: 303473K->1048K(339904K), 0.0015040 secs] 773388K->471084K(1095044K), 0.0015370 secs] [Times: user=0.01 sys=0.00, real=0.00 secs] 
372.142: Total time for which application threads were stopped: 0.0019850 seconds, Stopping threads took: 0.0000480 seconds
372.212: Application time: 0.0694760 seconds
372.212: [GC372.212: [ParNew: 303192K->1013K(339904K), 0.0014310 secs] 773228K->471056K(1095044K), 0.0014670 secs] [Times: user=0.01 sys=0.01, real=0.00 secs] 
372.214: Total time for which application threads were stopped: 0.0019230 seconds, Stopping threads took: 0.0000560 seconds
372.283: Application time: 0.0695400 seconds
372.284: [GC372.284: [ParNew: 303157K->962K(339904K), 0.0015490 secs] 773200K->471013K(1095044K), 0.0015830 secs] [Times: user=0.00 sys=0.00, real=0.00 secs] 
372.285: Total time for which application threads were stopped: 0.0020450 seconds, Stopping threads took: 0.0000600 seconds
372.354: Application time: 0.0687640 seconds
372.356: [GC372.356: [ParNew: 303106K->941K(339904K), 0.0014840 secs] 773157K->471001K(1095044K), 0.0015210 secs] [Times: user=0.01 sys=0.00, real=0.00 secs] 
372.357: Total time for which application threads were stopped: 0.0029030 seconds, Stopping threads took: 0.0010260 seconds
372.426: Application time: 0.0685800 seconds
372.428: [GC372.428: [ParNew: 303085K->899K(339904K), 0.0013990 secs] 773145K->470974K(1095044K), 0.0014320 secs] [Times: user=0.01 sys=0.00, real=0.00 secs] 
372.429: Total time for which application threads were stopped: 0.0033770 seconds, Stopping threads took: 0.0015510 seconds
372.497: Application time: 0.0679490 seconds
372.497: [GC372.497: [ParNew: 303043K->935K(339904K), 0.0013360 secs] 773118K->471010K(1095044K), 0.0013710 secs] [Times: user=0.01 sys=0.00, real=0.00 secs] 
372.499: Total time for which application threads were stopped: 0.0018150 seconds, Stopping threads took: 0.0000460 seconds
372.567: Application time: 0.0678990 seconds
372.567: [GC372.567: [ParNew: 303079K->1210K(339904K), 0.0014490 secs] 773154K->471285K(1095044K), 0.0014920 secs] [Times: user=0.01 sys=0.00, real=0.01 secs] 
372.569: Total time for which application threads were stopped: 0.0019390 seconds, Stopping threads took: 0.0000510 seconds
372.637: Application time: 0.0678480 seconds
372.637: [GC372.637: [ParNew: 303354K->1318K(339904K), 0.0013960 secs] 773429K->471394K(1095044K), 0.0014320 secs] [Times: user=0.01 sys=0.00, real=0.00 secs] 
372.638: Total time for which application threads were stopped: 0.0019100 seconds, Stopping threads took: 0.0000580 seconds
372.706: Application time: 0.0678790 seconds
372.707: [GC372.707: [ParNew: 303462K->1339K(339904K), 0.0013970 secs] 773538K->471414K(1095044K), 0.0014320 secs] [Times: user=0.01 sys=0.00, real=0.01 secs] 
372.708: Total time for which application threads were stopped: 0.0018810 seconds, Stopping threads took: 0.0000500 seconds
372.776: Application time: 0.0680480 seconds
372.777: [GC372.777: [ParNew: 303483K->1463K(339904K), 0.0013920 secs] 773558K->471538K(1095044K), 0.0014340 secs] [Times: user=0.01 sys=0.00, real=0.00 secs] 
372.778: Total time for which application threads were stopped: 0.0018850 seconds, Stopping threads took: 0.0000510 seconds
372.846: Application time: 0.0678340 seconds
372.846: [GC372.846: [ParNew: 303607K->1469K(339904K), 0.0015000 secs] 773682K->471544K(1095044K), 0.0015360 secs] [Times: user=0.01 sys=0.00, real=0.01 secs] 
372.848: Total time for which application threads were stopped: 0.0019870 seconds, Stopping threads took: 0.0000540 seconds
372.917: Application time: 0.0688980 seconds
372.917: [GC372.917: [ParNew: 303613K->1481K(339904K), 0.0014350 secs] 773688K->471556K(1095044K), 0.0014710 secs] [Times: user=0.01 sys=0.00, real=0.00 secs] 
372.919: Total time for which application threads were stopped: 0.0019400 seconds, Stopping threads took: 0.0000760 seconds
372.988: Application time: 0.0690240 seconds
372.988: [GC372.988: [ParNew: 303625K->1193K(339904K), 0.0014970 secs] 773700K->471268K(1095044K), 0.0015320 secs] [Times: user=0.02 sys=0.00, real=0.00 secs] 
372.990: Total time for which application threads were stopped: 0.0019830 seconds, Stopping threads took: 0.0000550 seconds
373.059: Application time: 0.0689250 seconds
373.059: [GC373.059: [ParNew: 303337K->1064K(339904K), 0.0016140 secs] 773412K->471139K(1095044K), 0.0016500 secs] [Times: user=0.01 sys=0.00, real=0.01 secs] 
373.061: Total time for which application threads were stopped: 0.0020720 seconds, Stopping threads took: 0.0000610 seconds
373.130: Application time: 0.0689390 seconds
373.130: [GC373.130: [ParNew: 303208K->1027K(339904K), 0.0014260 secs] 773283K->471118K(1095044K), 0.0014600 secs] [Times: user=0.01 sys=0.00, real=0.00 secs] 
373.132: Total time for which application threads were stopped: 0.0019290 seconds, Stopping threads took: 0.0000660 seconds
373.202: Application time: 0.0706770 seconds
373.203: [GC373.203: [ParNew: 303171K->1016K(339904K), 0.0013510 secs] 773262K->471115K(1095044K), 0.0013830 secs] [Times: user=0.01 sys=0.00, real=0.00 secs] 
373.204: Total time for which application threads were stopped: 0.0018410 seconds, Stopping threads took: 0.0000540 seconds
373.273: Application time: 0.0689840 seconds
373.274: [GC373.274: [ParNew: 303160K->882K(339904K), 0.0014330 secs] 773259K->470989K(1095044K), 0.0014690 secs] [Times: user=0.01 sys=0.00, real=0.00 secs] 
373.275: Total time for which application threads were stopped: 0.0018850 seconds, Stopping threads took: 0.0000560 seconds
373.343: Application time: 0.0681130 seconds
373.344: [GC373.344: [ParNew: 303026K->1015K(339904K), 0.0014800 secs] 773133K->471138K(1095044K), 0.0015140 secs] [Times: user=0.01 sys=0.00, real=0.00 secs] 
373.345: Total time for which application threads were stopped: 0.0019620 seconds, Stopping threads took: 0.0000500 seconds
373.413: Application time: 0.0681670 seconds
373.414: [GC373.414: [ParNew: 303159K->1042K(339904K), 0.0013810 secs] 773282K->471166K(1095044K), 0.0014270 secs] [Times: user=0.01 sys=0.00, real=0.00 secs] 
373.415: Total time for which application threads were stopped: 0.0018740 seconds, Stopping threads took: 0.0000460 seconds
373.483: Application time: 0.0682370 seconds
373.488: [GC373.488: [ParNew: 303186K->1244K(339904K), 0.0013540 secs] 773310K->471368K(1095044K), 0.0013890 secs] [Times: user=0.01 sys=0.00, real=0.00 secs] 
373.489: Total time for which application threads were stopped: 0.0055410 seconds, Stopping threads took: 0.0037560 seconds
373.557: Application time: 0.0682200 seconds
373.560: [GC373.560: [ParNew: 303388K->1295K(339904K), 0.0013620 secs] 773512K->471418K(1095044K), 0.0013970 secs] [Times: user=0.01 sys=0.00, real=0.00 secs] 
373.561: Total time for which application threads were stopped: 0.0037860 seconds, Stopping threads took: 0.0019900 seconds
373.629: Application time: 0.0681790 seconds
373.630: [GC373.630: [ParNew: 303439K->1318K(339904K), 0.0013940 secs] 773562K->471442K(1095044K), 0.0014290 secs] [Times: user=0.01 sys=0.00, real=0.00 secs] 
373.631: Total time for which application threads were stopped: 0.0018880 seconds, Stopping threads took: 0.0000510 seconds
373.699: Application time: 0.0681680 seconds
373.704: [GC373.704: [ParNew: 303462K->1294K(339904K), 0.0014720 secs] 773586K->471417K(1095044K), 0.0015070 secs] [Times: user=0.02 sys=0.00, real=0.00 secs] 
373.705: Total time for which application threads were stopped: 0.0058890 seconds, Stopping threads took: 0.0039580 seconds
373.774: Application time: 0.0683530 seconds
373.774: [GC373.774: [ParNew: 303438K->1579K(339904K), 0.0014220 secs] 773561K->471702K(1095044K), 0.0014590 secs] [Times: user=0.01 sys=0.00, real=0.00 secs] 
373.775: Total time for which application threads were stopped: 0.0019040 seconds, Stopping threads took: 0.0000520 seconds
373.845: Application time: 0.0692800 seconds
373.845: [GC373.845: [ParNew: 303723K->1343K(339904K), 0.0014140 secs] 773846K->471466K(1095044K), 0.0014460 secs] [Times: user=0.01 sys=0.00, real=0.00 secs] 
373.847: Total time for which application threads were stopped: 0.0018940 seconds, Stopping threads took: 0.0000590 seconds
373.916: Application time: 0.0691810 seconds
373.916: [GC373.916: [ParNew: 303487K->1028K(339904K), 0.0014810 secs] 773610K->471151K(1095044K), 0.0015170 secs] [Times: user=0.01 sys=0.00, real=0.00 secs] 
373.918: Total time for which application threads were stopped: 0.0019620 seconds, Stopping threads took: 0.0000540 seconds
373.986: Application time: 0.0686920 seconds
373.987: [GC373.987: [ParNew: 303172K->1107K(339904K), 0.0015720 secs] 773295K->471246K(1095044K), 0.0016060 secs] [Times: user=0.01 sys=0.00, real=0.01 secs] 
373.989: Total time for which application threads were stopped: 0.0020270 seconds, Stopping threads took: 0.0000540 seconds
374.058: Application time: 0.0697020 seconds
374.059: [GC374.059: [ParNew: 303251K->1076K(339904K), 0.0014220 secs] 773390K->471231K(1095044K), 0.0014540 secs] [Times: user=0.01 sys=0.00, real=0.01 secs] 
374.060: Total time for which application threads were stopped: 0.0019310 seconds, Stopping threads took: 0.0000680 seconds
374.132: Application time: 0.0713680 seconds
374.132: [GC374.132: [ParNew: 303220K->1165K(339904K), 0.0015030 secs] 773375K->471328K(1095044K), 0.0015380 secs] [Times: user=0.01 sys=0.00, real=0.00 secs] 
374.133: Total time for which application threads were stopped: 0.0019610 seconds, Stopping threads took: 0.0000630 seconds
374.204: Application time: 0.0700490 seconds
374.204: [GC374.204: [ParNew: 303309K->992K(339904K), 0.0016640 secs] 773472K->471155K(1095044K), 0.0017020 secs] [Times: user=0.01 sys=0.00, real=0.00 secs] 
374.206: Total time for which application threads were stopped: 0.0022470 seconds, Stopping threads took: 0.0000600 seconds
374.274: Application time: 0.0680100 seconds
374.274: [GC374.274: [ParNew: 303136K->1016K(339904K), 0.0014950 secs] 773299K->471187K(1095044K), 0.0015300 secs] [Times: user=0.01 sys=0.00, real=0.00 secs] 
374.276: Total time for which application threads were stopped: 0.0020270 seconds, Stopping threads took: 0.0000720 seconds
374.345: Application time: 0.0690070 seconds
374.345: [GC374.345: [ParNew: 303160K->1191K(339904K), 0.0013260 secs] 773331K->471379K(1095044K), 0.0013620 secs] [Times: user=0.01 sys=0.00, real=0.00 secs] 
374.347: Total time for which application threads were stopped: 0.0018170 seconds, Stopping threads took: 0.0000540 seconds
374.415: Application time: 0.0678940 seconds
374.415: [GC374.415: [ParNew: 303335K->1206K(339904K), 0.0013730 secs] 773523K->471394K(1095044K), 0.0014090 secs] [Times: user=0.01 sys=0.00, real=0.00 secs] 
374.416: Total time for which application threads were stopped: 0.0018690 seconds, Stopping threads took: 0.0000550 seconds
374.484: Application time: 0.0680340 seconds
374.485: [GC374.485: [ParNew: 303350K->1170K(339904K), 0.0014730 secs] 773538K->471357K(1095044K), 0.0015080 secs] [Times: user=0.01 sys=0.00, real=0.00 secs] 
374.486: Total time for which application threads were stopped: 0.0019650 seconds, Stopping threads took: 0.0000500 seconds
374.555: Application time: 0.0685920 seconds
374.560: [GC374.560: [ParNew: 303314K->1230K(339904K), 0.0014020 secs] 773501K->471417K(1095044K), 0.0014450 secs] [Times: user=0.01 sys=0.00, real=0.00 secs] 
374.561: Total time for which application threads were stopped: 0.0060810 seconds, Stopping threads took: 0.0042300 seconds
374.629: Application time: 0.0681390 seconds
374.630: [GC374.630: [ParNew: 303374K->1326K(339904K), 0.0014000 secs] 773561K->471514K(1095044K), 0.0014360 secs] [Times: user=0.01 sys=0.00, real=0.00 secs] 
374.631: Total time for which application threads were stopped: 0.0018820 seconds, Stopping threads took: 0.0000460 seconds
374.702: Application time: 0.0707600 seconds
374.702: [GC374.702: [ParNew: 303470K->1444K(339904K), 0.0015300 secs] 773658K->471631K(1095044K), 0.0015640 secs] [Times: user=0.01 sys=0.00, real=0.00 secs] 
374.704: Total time for which application threads were stopped: 0.0020490 seconds, Stopping threads took: 0.0000530 seconds
374.774: Application time: 0.0697330 seconds
374.774: [GC374.774: [ParNew: 303588K->1424K(339904K), 0.0014490 secs] 773775K->471611K(1095044K), 0.0014840 secs] [Times: user=0.01 sys=0.00, real=0.00 secs] 
374.776: Total time for which application threads were stopped: 0.0019450 seconds, Stopping threads took: 0.0000610 seconds
374.809: Application time: 0.0338550 seconds
374.810: Total time for which application threads were stopped: 0.0004570 seconds, Stopping threads took: 0.0000590 seconds
374.846: Application time: 0.0357180 seconds
374.846: [GC374.846: [ParNew: 303568K->1346K(339904K), 0.0017220 secs] 773755K->471533K(1095044K), 0.0017580 secs] [Times: user=0.01 sys=0.00, real=0.01 secs] 
374.848: Total time for which application threads were stopped: 0.0021750 seconds, Stopping threads took: 0.0000660 seconds
374.918: Application time: 0.0705690 seconds
374.919: [GC374.919: [ParNew: 303490K->1112K(339904K), 0.0016580 secs] 773677K->471307K(1095044K), 0.0016920 secs] [Times: user=0.01 sys=0.00, real=0.01 secs] 
374.921: Total time for which application threads were stopped: 0.0021340 seconds, Stopping threads took: 0.0000850 seconds
374.990: Application time: 0.0699470 seconds
374.991: [GC374.991: [ParNew: 303256K->1173K(339904K), 0.0014740 secs] 773451K->471384K(1095044K), 0.0015090 secs] [Times: user=0.01 sys=0.00, real=0.00 secs] 
374.993: Total time for which application threads were stopped: 0.0019850 seconds, Stopping threads took: 0.0000780 seconds
375.062: Application time: 0.0693850 seconds
375.062: [GC375.062: [ParNew: 303317K->1555K(339904K), 0.0015580 secs] 773528K->471774K(1095044K), 0.0015920 secs] [Times: user=0.01 sys=0.00, real=0.00 secs] 
375.064: Total time for which application threads were stopped: 0.0020590 seconds, Stopping threads took: 0.0000680 seconds
375.133: Application time: 0.0691030 seconds
375.134: [GC375.134: [ParNew: 303699K->1028K(339904K), 0.0014110 secs] 773918K->471247K(1095044K), 0.0014480 secs] [Times: user=0.01 sys=0.00, real=0.00 secs] 
375.135: Total time for which application threads were stopped: 0.0019210 seconds, Stopping threads took: 0.0000750 seconds
375.204: Application time: 0.0694550 seconds
375.205: [GC375.205: [ParNew: 303172K->1163K(339904K), 0.0013850 secs] 773391K->471390K(1095044K), 0.0014180 secs] [Times: user=0.00 sys=0.00, real=0.00 secs] 
375.206: Total time for which application threads were stopped: 0.0018650 seconds, Stopping threads took: 0.0000540 seconds
375.274: Application time: 0.0681700 seconds
375.275: [GC375.275: [ParNew: 303307K->1217K(339904K), 0.0013840 secs] 773534K->471452K(1095044K), 0.0014220 secs] [Times: user=0.01 sys=0.00, real=0.00 secs] 
375.276: Total time for which application threads were stopped: 0.0018730 seconds, Stopping threads took: 0.0000510 seconds
375.344: Application time: 0.0677540 seconds
375.345: [GC375.345: [ParNew: 303361K->1171K(339904K), 0.0014790 secs] 773596K->471422K(1095044K), 0.0015140 secs] [Times: user=0.01 sys=0.00, real=0.00 secs] 
375.346: Total time for which application threads were stopped: 0.0019840 seconds, Stopping threads took: 0.0000500 seconds
375.414: Application time: 0.0678980 seconds
375.414: [GC375.414: [ParNew: 303315K->1245K(339904K), 0.0013910 secs] 773566K->471496K(1095044K), 0.0014370 secs] [Times: user=0.01 sys=0.00, real=0.00 secs] 
375.416: Total time for which application threads were stopped: 0.0019000 seconds, Stopping threads took: 0.0000590 seconds
375.484: Application time: 0.0682180 seconds
375.488: [GC375.488: [ParNew: 303389K->1315K(339904K), 0.0014280 secs] 773640K->471566K(1095044K), 0.0014620 secs] [Times: user=0.01 sys=0.00, real=0.00 secs] 
375.489: Total time for which application threads were stopped: 0.0050010 seconds, Stopping threads took: 0.0031370 seconds
375.557: Application time: 0.0681660 seconds
375.558: [GC375.558: [ParNew: 303459K->1425K(339904K), 0.0015810 secs] 773710K->471676K(1095044K), 0.0016160 secs] [Times: user=0.01 sys=0.00, real=0.01 secs] 
375.559: Total time for which application threads were stopped: 0.0020710 seconds, Stopping threads took: 0.0000540 seconds
375.628: Application time: 0.0689770 seconds
375.629: [GC375.629: [ParNew: 303569K->1450K(339904K), 0.0014580 secs] 773820K->471701K(1095044K), 0.0014960 secs] [Times: user=0.01 sys=0.00, real=0.00 secs] 
375.630: Total time for which application threads were stopped: 0.0019470 seconds, Stopping threads took: 0.0000510 seconds
375.699: Application time: 0.0684980 seconds
375.699: [GC375.699: [ParNew: 303594K->1465K(339904K), 0.0015560 secs] 773845K->471716K(1095044K), 0.0015900 secs] [Times: user=0.01 sys=0.00, real=0.00 secs] 
375.701: Total time for which application threads were stopped: 0.0020610 seconds, Stopping threads took: 0.0000610 seconds
375.771: Application time: 0.0702360 seconds
375.772: [GC375.772: [ParNew: 303609K->1291K(339904K), 0.0016310 secs] 773860K->471566K(1095044K), 0.0016660 secs] [Times: user=0.01 sys=0.00, real=0.00 secs] 
375.773: Total time for which application threads were stopped: 0.0021050 seconds, Stopping threads took: 0.0000650 seconds
375.843: Application time: 0.0699400 seconds
375.844: [GC375.844: [ParNew: 303435K->1099K(339904K), 0.0016500 secs] 773710K->471487K(1095044K), 0.0016890 secs] [Times: user=0.01 sys=0.00, real=0.00 secs] 
375.845: Total time for which application threads were stopped: 0.0021180 seconds, Stopping threads took: 0.0000710 seconds
375.915: Application time: 0.0700890 seconds
375.916: [GC375.916: [ParNew: 303243K->1128K(339904K), 0.0013950 secs] 773631K->471524K(1095044K), 0.0014300 secs] [Times: user=0.01 sys=0.00, real=0.00 secs] 
375.917: Total time for which application threads were stopped: 0.0019030 seconds, Stopping threads took: 0.0000550 seconds
375.986: Application time: 0.0683350 seconds
375.986: [GC375.986: [ParNew: 303272K->1009K(339904K), 0.0014240 secs] 773668K->471420K(1095044K), 0.0014600 secs] [Times: user=0.01 sys=0.00, real=0.01 secs] 
375.988: Total time for which application threads were stopped: 0.0019090 seconds, Stopping threads took: 0.0000500 seconds
376.056: Application time: 0.0686390 seconds
376.057: [GC376.057: [ParNew: 303153K->1032K(339904K), 0.0014900 secs] 773564K->471443K(1095044K), 0.0015230 secs] [Times: user=0.01 sys=0.00, real=0.00 secs] 
376.058: Total time for which application threads were stopped: 0.0019660 seconds, Stopping threads took: 0.0000520 seconds
376.127: Application time: 0.0685960 seconds
376.127: [GC376.127: [ParNew: 303176K->1023K(339904K), 0.0014780 secs] 773587K->471434K(1095044K), 0.0015130 secs] [Times: user=0.01 sys=0.00, real=0.01 secs] 
376.129: Total time for which application threads were stopped: 0.0019670 seconds, Stopping threads took: 0.0000500 seconds
376.198: Application time: 0.0689610 seconds
376.199: [GC376.199: [ParNew: 303167K->1147K(339904K), 0.0014640 secs] 773578K->471567K(1095044K), 0.0014970 secs] [Times: user=0.01 sys=0.00, real=0.01 secs] 
376.200: Total time for which application threads were stopped: 0.0027020 seconds, Stopping threads took: 0.0007460 seconds
376.269: Application time: 0.0686320 seconds
376.269: [GC376.269: [ParNew: 303291K->1244K(339904K), 0.0013700 secs] 773711K->471679K(1095044K), 0.0014060 secs] [Times: user=0.01 sys=0.00, real=0.00 secs] 
376.271: Total time for which application threads were stopped: 0.0018560 seconds, Stopping threads took: 0.0000460 seconds
376.339: Application time: 0.0679390 seconds
376.339: [GC376.339: [ParNew: 303388K->1246K(339904K), 0.0013830 secs] 773823K->471681K(1095044K), 0.0014190 secs] [Times: user=0.01 sys=0.00, real=0.00 secs] 
376.341: Total time for which application threads were stopped: 0.0018830 seconds, Stopping threads took: 0.0000530 seconds
376.409: Application time: 0.0681500 seconds
376.409: [GC376.409: [ParNew: 303390K->1256K(339904K), 0.0013770 secs] 773825K->471691K(1095044K), 0.0014130 secs] [Times: user=0.01 sys=0.00, real=0.00 secs] 
376.411: Total time for which application threads were stopped: 0.0018680 seconds, Stopping threads took: 0.0000550 seconds
376.480: Application time: 0.0697190 seconds
376.481: [GC376.481: [ParNew: 303400K->1267K(339904K), 0.0014320 secs] 773835K->471702K(1095044K), 0.0014690 secs] [Times: user=0.01 sys=0.00, real=0.00 secs] 
376.482: Total time for which application threads were stopped: 0.0019610 seconds, Stopping threads took: 0.0000720 seconds
376.551: Application time: 0.0682810 seconds
376.552: [GC376.552: [ParNew: 303411K->1097K(339904K), 0.0014810 secs] 773846K->471532K(1095044K), 0.0015140 secs] [Times: user=0.01 sys=0.00, real=0.00 secs] 
376.553: Total time for which application threads were stopped: 0.0024880 seconds, Stopping threads took: 0.0005800 seconds
376.622: Application time: 0.0687560 seconds
376.622: [GC376.622: [ParNew: 303241K->1148K(339904K), 0.0015050 secs] 773676K->471584K(1095044K), 0.0015390 secs] [Times: user=0.01 sys=0.00, real=0.00 secs] 
376.624: Total time for which application threads were stopped: 0.0020070 seconds, Stopping threads took: 0.0000730 seconds
376.692: Application time: 0.0685130 seconds
376.693: [GC376.693: [ParNew: 303292K->1011K(339904K), 0.0015000 secs] 773728K->471463K(1095044K), 0.0015330 secs] [Times: user=0.02 sys=0.00, real=0.00 secs] 
376.694: Total time for which application threads were stopped: 0.0019880 seconds, Stopping threads took: 0.0000510 seconds
376.764: Application time: 0.0690970 seconds
376.764: [GC376.764: [ParNew: 303155K->1065K(339904K), 0.0015120 secs] 773607K->471525K(1095044K), 0.0015440 secs] [Times: user=0.01 sys=0.00, real=0.00 secs] 
376.766: Total time for which application threads were stopped: 0.0020240 seconds, Stopping threads took: 0.0000690 seconds
376.835: Application time: 0.0691720 seconds
376.835: [GC376.835: [ParNew: 303209K->1038K(339904K), 0.0014110 secs] 773669K->471514K(1095044K), 0.0014470 secs] [Times: user=0.01 sys=0.01, real=0.00 secs] 
376.837: Total time for which application threads were stopped: 0.0019090 seconds, Stopping threads took: 0.0000560 seconds
376.905: Application time: 0.0681970 seconds
376.905: [GC376.905: [ParNew: 303182K->1251K(339904K), 0.0014030 secs] 773658K->471726K(1095044K), 0.0014380 secs] [Times: user=0.01 sys=0.00, real=0.00 secs] 
376.907: Total time for which application threads were stopped: 0.0018880 seconds, Stopping threads took: 0.0000490 seconds
376.975: Application time: 0.0680850 seconds
376.975: [GC376.975: [ParNew: 303395K->1040K(339904K), 0.0015770 secs] 773870K->471531K(1095044K), 0.0016120 secs] [Times: user=0.01 sys=0.00, real=0.00 secs] 
376.977: Total time for which application threads were stopped: 0.0020840 seconds, Stopping threads took: 0.0000540 seconds
377.046: Application time: 0.0687860 seconds
377.046: [GC377.046: [ParNew: 303184K->992K(339904K), 0.0014440 secs] 773675K->471483K(1095044K), 0.0014810 secs] [Times: user=0.01 sys=0.00, real=0.01 secs] 
377.048: Total time for which application threads were stopped: 0.0019660 seconds, Stopping threads took: 0.0000560 seconds
377.116: Application time: 0.0687860 seconds
377.117: [GC377.117: [ParNew: 303136K->1211K(339904K), 0.0013710 secs] 773627K->471703K(1095044K), 0.0014060 secs] [Times: user=0.01 sys=0.00, real=0.00 secs] 
377.118: Total time for which application threads were stopped: 0.0018590 seconds, Stopping threads took: 0.0000550 seconds
377.187: Application time: 0.0684340 seconds
377.187: [GC377.187: [ParNew: 303355K->1187K(339904K), 0.0013750 secs] 773847K->471687K(1095044K), 0.0014270 secs] [Times: user=0.00 sys=0.00, real=0.01 secs] 
377.189: Total time for which application threads were stopped: 0.0018770 seconds, Stopping threads took: 0.0000530 seconds
377.258: Application time: 0.0688720 seconds
377.258: [GC377.258: [ParNew: 303331K->1131K(339904K), 0.0013570 secs] 773831K->471647K(1095044K), 0.0013920 secs] [Times: user=0.01 sys=0.00, real=0.01 secs] 
377.259: Total time for which application threads were stopped: 0.0018730 seconds, Stopping threads took: 0.0000770 seconds
377.327: Application time: 0.0679660 seconds
377.328: [GC377.328: [ParNew: 303275K->1341K(339904K), 0.0014030 secs] 773791K->471856K(1095044K), 0.0014380 secs] [Times: user=0.01 sys=0.00, real=0.00 secs] 
377.329: Total time for which application threads were stopped: 0.0018890 seconds, Stopping threads took: 0.0000450 seconds
377.401: Application time: 0.0714160 seconds
377.404: [GC377.404: [ParNew: 303485K->1323K(339904K), 0.0016540 secs] 774000K->471839K(1095044K), 0.0016930 secs] [Times: user=0.01 sys=0.00, real=0.00 secs] 
377.405: Total time for which application threads were stopped: 0.0046810 seconds, Stopping threads took: 0.0025830 seconds
377.478: Application time: 0.0725900 seconds
377.478: [GC377.478: [ParNew: 303467K->1103K(339904K), 0.0014150 secs] 773983K->471618K(1095044K), 0.0014530 secs] [Times: user=0.01 sys=0.00, real=0.01 secs] 
377.480: Total time for which application threads were stopped: 0.0019160 seconds, Stopping threads took: 0.0000660 seconds
377.549: Application time: 0.0692350 seconds
377.550: [GC377.550: [ParNew: 303247K->1078K(339904K), 0.0014830 secs] 773762K->471610K(1095044K), 0.0015190 secs] [Times: user=0.01 sys=0.00, real=0.00 secs] 
377.551: Total time for which application threads were stopped: 0.0019710 seconds, Stopping threads took: 0.0000600 seconds
377.621: Application time: 0.0696050 seconds
377.621: [GC377.621: [ParNew: 303222K->1060K(339904K), 0.0016200 secs] 773754K->471608K(1095044K), 0.0016500 secs] [Times: user=0.01 sys=0.00, real=0.00 secs] 
377.623: Total time for which application threads were stopped: 0.0021290 seconds, Stopping threads took: 0.0000810 seconds
377.691: Application time: 0.0685650 seconds
377.692: [GC377.692: [ParNew: 303204K->1237K(339904K), 0.0015350 secs] 773752K->471801K(1095044K), 0.0015700 secs] [Times: user=0.01 sys=0.00, real=0.00 secs] 
377.693: Total time for which application threads were stopped: 0.0019840 seconds, Stopping threads took: 0.0000530 seconds
377.764: Application time: 0.0705200 seconds
377.764: [GC377.764: [ParNew: 303381K->1100K(339904K), 0.0015510 secs] 773945K->471664K(1095044K), 0.0015840 secs] [Times: user=0.01 sys=0.00, real=0.00 secs] 
377.766: Total time for which application threads were stopped: 0.0020420 seconds, Stopping threads took: 0.0000590 seconds
377.836: Application time: 0.0697720 seconds
377.836: [GC377.836: [ParNew: 303244K->1086K(339904K), 0.0014240 secs] 773808K->471649K(1095044K), 0.0014590 secs] [Times: user=0.01 sys=0.00, real=0.00 secs] 
377.838: Total time for which application threads were stopped: 0.0019090 seconds, Stopping threads took: 0.0000480 seconds
377.907: Application time: 0.0690620 seconds
377.907: [GC377.907: [ParNew: 303230K->1366K(339904K), 0.0014860 secs] 773793K->471945K(1095044K), 0.0015200 secs] [Times: user=0.01 sys=0.00, real=0.01 secs] 
377.909: Total time for which application threads were stopped: 0.0019760 seconds, Stopping threads took: 0.0000600 seconds
377.979: Application time: 0.0699760 seconds
377.979: [GC377.979: [ParNew: 303510K->1063K(339904K), 0.0014110 secs] 774089K->471643K(1095044K), 0.0014440 secs] [Times: user=0.01 sys=0.00, real=0.01 secs] 
377.981: Total time for which application threads were stopped: 0.0018990 seconds, Stopping threads took: 0.0000540 seconds
378.050: Application time: 0.0692970 seconds
378.050: [GC378.050: [ParNew: 303207K->1057K(339904K), 0.0014440 secs] 773787K->471636K(1095044K), 0.0014860 secs] [Times: user=0.01 sys=0.00, real=0.00 secs] 
378.052: Total time for which application threads were stopped: 0.0019580 seconds, Stopping threads took: 0.0000530 seconds
378.120: Application time: 0.0685610 seconds
378.121: [GC378.121: [ParNew: 303201K->1073K(339904K), 0.0014320 secs] 773780K->471661K(1095044K), 0.0014680 secs] [Times: user=0.01 sys=0.00, real=0.00 secs] 
378.122: Total time for which application threads were stopped: 0.0019240 seconds, Stopping threads took: 0.0000540 seconds
378.191: Application time: 0.0685070 seconds
378.191: [GC378.191: [ParNew: 303217K->1218K(339904K), 0.0014260 secs] 773805K->471805K(1095044K), 0.0014620 secs] [Times: user=0.01 sys=0.00, real=0.00 secs] 
378.193: Total time for which application threads were stopped: 0.0019280 seconds, Stopping threads took: 0.0000510 seconds
378.262: Application time: 0.0692880 seconds
378.262: [GC378.263: [ParNew: 303362K->1275K(339904K), 0.0014290 secs] 773949K->471871K(1095044K), 0.0014650 secs] [Times: user=0.01 sys=0.00, real=0.00 secs] 
378.264: Total time for which application threads were stopped: 0.0019300 seconds, Stopping threads took: 0.0000610 seconds
378.332: Application time: 0.0679560 seconds
378.332: [GC378.332: [ParNew: 303419K->1305K(339904K), 0.0013870 secs] 774015K->471900K(1095044K), 0.0014210 secs] [Times: user=0.01 sys=0.00, real=0.00 secs] 
378.334: Total time for which application threads were stopped: 0.0018780 seconds, Stopping threads took: 0.0000530 seconds
378.403: Application time: 0.0692730 seconds
378.404: [GC378.404: [ParNew: 303449K->1162K(339904K), 0.0014710 secs] 774044K->471758K(1095044K), 0.0015050 secs] [Times: user=0.01 sys=0.00, real=0.00 secs] 
378.405: Total time for which application threads were stopped: 0.0019830 seconds, Stopping threads took: 0.0000580 seconds
378.474: Application time: 0.0692070 seconds
378.475: [GC378.475: [ParNew: 303306K->1087K(339904K), 0.0015050 secs] 773902K->471698K(1095044K), 0.0015370 secs] [Times: user=0.02 sys=0.00, real=0.00 secs] 
378.476: Total time for which application threads were stopped: 0.0020070 seconds, Stopping threads took: 0.0000610 seconds
378.546: Application time: 0.0694130 seconds
378.546: [GC378.546: [ParNew: 303231K->1144K(339904K), 0.0014930 secs] 773842K->471763K(1095044K), 0.0015280 secs] [Times: user=0.01 sys=0.00, real=0.01 secs] 
378.548: Total time for which application threads were stopped: 0.0019490 seconds, Stopping threads took: 0.0000530 seconds
378.616: Application time: 0.0687230 seconds
378.617: [GC378.617: [ParNew: 303288K->1158K(339904K), 0.0014970 secs] 773907K->471793K(1095044K), 0.0015320 secs] [Times: user=0.01 sys=0.00, real=0.00 secs] 
378.618: Total time for which application threads were stopped: 0.0020090 seconds, Stopping threads took: 0.0000620 seconds
378.687: Application time: 0.0685100 seconds
378.687: [GC378.687: [ParNew: 303302K->1266K(339904K), 0.0014230 secs] 773937K->471901K(1095044K), 0.0014590 secs] [Times: user=0.01 sys=0.00, real=0.00 secs] 
378.689: Total time for which application threads were stopped: 0.0019200 seconds, Stopping threads took: 0.0000550 seconds
378.760: Application time: 0.0708780 seconds
378.760: [GC378.760: [ParNew: 303410K->1164K(339904K), 0.0013850 secs] 774045K->471799K(1095044K), 0.0014200 secs] [Times: user=0.01 sys=0.00, real=0.00 secs] 
378.762: Total time for which application threads were stopped: 0.0018460 seconds, Stopping threads took: 0.0000460 seconds
378.831: Application time: 0.0689640 seconds
378.831: [GC378.831: [ParNew: 303308K->1433K(339904K), 0.0014240 secs] 773943K->472068K(1095044K), 0.0014590 secs] [Times: user=0.01 sys=0.00, real=0.00 secs] 
378.832: Total time for which application threads were stopped: 0.0019090 seconds, Stopping threads took: 0.0000510 seconds
378.901: Application time: 0.0688810 seconds
378.902: [GC378.902: [ParNew: 303577K->1297K(339904K), 0.0014780 secs] 774212K->471948K(1095044K), 0.0015140 secs] [Times: user=0.01 sys=0.00, real=0.00 secs] 
378.903: Total time for which application threads were stopped: 0.0019760 seconds, Stopping threads took: 0.0000540 seconds
378.972: Application time: 0.0689030 seconds
378.973: [GC378.973: [ParNew: 303441K->1158K(339904K), 0.0014550 secs] 774092K->471810K(1095044K), 0.0014990 secs] [Times: user=0.01 sys=0.00, real=0.00 secs] 
378.974: Total time for which application threads were stopped: 0.0019530 seconds, Stopping threads took: 0.0000560 seconds
379.043: Application time: 0.0687270 seconds
379.043: [GC379.043: [ParNew: 303302K->1159K(339904K), 0.0014340 secs] 773954K->471810K(1095044K), 0.0014700 secs] [Times: user=0.01 sys=0.00, real=0.00 secs] 
379.045: Total time for which application threads were stopped: 0.0019350 seconds, Stopping threads took: 0.0000550 seconds
379.114: Application time: 0.0687380 seconds
379.114: [GC379.114: [ParNew: 303303K->1260K(339904K), 0.0014640 secs] 773954K->471919K(1095044K), 0.0014990 secs] [Times: user=0.01 sys=0.00, real=0.00 secs] 
379.116: Total time for which application threads were stopped: 0.0019690 seconds, Stopping threads took: 0.0000560 seconds
379.184: Application time: 0.0687680 seconds
379.185: [GC379.185: [ParNew: 303404K->1138K(339904K), 0.0014100 secs] 774063K->471805K(1095044K), 0.0014440 secs] [Times: user=0.01 sys=0.00, real=0.00 secs] 
379.186: Total time for which application threads were stopped: 0.0019190 seconds, Stopping threads took: 0.0000520 seconds
379.255: Application time: 0.0689200 seconds
379.256: [GC379.256: [ParNew: 303282K->1188K(339904K), 0.0013860 secs] 773949K->471855K(1095044K), 0.0014210 secs] [Times: user=0.01 sys=0.00, real=0.00 secs] 
379.257: Total time for which application threads were stopped: 0.0018810 seconds, Stopping threads took: 0.0000580 seconds
379.326: Application time: 0.0690470 seconds
379.327: [GC379.327: [ParNew: 303332K->1198K(339904K), 0.0013910 secs] 773999K->471873K(1095044K), 0.0014250 secs] [Times: user=0.01 sys=0.00, real=0.01 secs] 
379.328: Total time for which application threads were stopped: 0.0018800 seconds, Stopping threads took: 0.0000530 seconds
379.397: Application time: 0.0686830 seconds
379.397: [GC379.397: [ParNew: 303342K->1128K(339904K), 0.0016280 secs] 774017K->471804K(1095044K), 0.0016610 secs] [Times: user=0.01 sys=0.00, real=0.00 secs] 
379.399: Total time for which application threads were stopped: 0.0021440 seconds, Stopping threads took: 0.0000730 seconds
379.468: Application time: 0.0690620 seconds
379.468: [GC379.468: [ParNew: 303272K->1140K(339904K), 0.0014180 secs] 773948K->471823K(1095044K), 0.0014530 secs] [Times: user=0.01 sys=0.00, real=0.00 secs] 
379.470: Total time for which application threads were stopped: 0.0019090 seconds, Stopping threads took: 0.0000490 seconds
379.539: Application time: 0.0693500 seconds
379.540: [GC379.540: [ParNew: 303284K->1112K(339904K), 0.0014670 secs] 773967K->471811K(1095044K), 0.0014980 secs] [Times: user=0.01 sys=0.00, real=0.00 secs] 
379.541: Total time for which application threads were stopped: 0.0019840 seconds, Stopping threads took: 0.0000740 seconds
379.609: Application time: 0.0681070 seconds
379.610: [GC379.610: [ParNew: 303256K->1238K(339904K), 0.0015290 secs] 773955K->471938K(1095044K), 0.0015640 secs] [Times: user=0.01 sys=0.00, real=0.00 secs] 
379.611: Total time for which application threads were stopped: 0.0019960 seconds, Stopping threads took: 0.0000470 seconds
379.680: Application time: 0.0687630 seconds
379.680: [GC379.680: [ParNew: 303382K->1156K(339904K), 0.0015010 secs] 774082K->471855K(1095044K), 0.0015360 secs] [Times: user=0.01 sys=0.00, real=0.00 secs] 
379.682: Total time for which application threads were stopped: 0.0019900 seconds, Stopping threads took: 0.0000530 seconds
379.751: Application time: 0.0691280 seconds
379.756: [GC379.756: [ParNew: 303300K->1241K(339904K), 0.0016170 secs] 773999K->471940K(1095044K), 0.0016550 secs] [Times: user=0.01 sys=0.00, real=0.00 secs] 
379.757: Total time for which application threads were stopped: 0.0062100 seconds, Stopping threads took: 0.0041310 seconds
379.826: Application time: 0.0691450 seconds
379.827: [GC379.827: [ParNew: 303385K->1398K(339904K), 0.0014850 secs] 774084K->472113K(1095044K), 0.0015280 secs] [Times: user=0.01 sys=0.00, real=0.01 secs] 
379.829: Total time for which application threads were stopped: 0.0020010 seconds, Stopping threads took: 0.0000750 seconds
379.898: Application time: 0.0697050 seconds
379.899: [GC379.899: [ParNew: 303542K->1426K(339904K), 0.0015520 secs] 774257K->472141K(1095044K), 0.0015890 secs] [Times: user=0.01 sys=0.00, real=0.01 secs] 
379.900: Total time for which application threads were stopped: 0.0020410 seconds, Stopping threads took: 0.0000870 seconds
379.970: Application time: 0.0694580 seconds
379.970: [GC379.970: [ParNew: 303570K->1303K(339904K), 0.0015240 secs] 774285K->472018K(1095044K), 0.0015610 secs] [Times: user=0.01 sys=0.00, real=0.00 secs] 
379.972: Total time for which application threads were stopped: 0.0020270 seconds, Stopping threads took: 0.0000660 seconds
380.041: Application time: 0.0693920 seconds
380.042: [GC380.042: [ParNew: 303447K->1164K(339904K), 0.0014200 secs] 774162K->471887K(1095044K), 0.0014550 secs] [Times: user=0.01 sys=0.00, real=0.00 secs] 
380.043: Total time for which application threads were stopped: 0.0019340 seconds, Stopping threads took: 0.0000820 seconds
380.112: Application time: 0.0690310 seconds
380.113: [GC380.113: [ParNew: 303308K->1164K(339904K), 0.0015140 secs] 774031K->471895K(1095044K), 0.0015460 secs] [Times: user=0.01 sys=0.00, real=0.00 secs] 
380.114: Total time for which application threads were stopped: 0.0020290 seconds, Stopping threads took: 0.0000770 seconds
380.183: Application time: 0.0689880 seconds
380.184: [GC380.184: [ParNew: 303308K->1205K(339904K), 0.0014090 secs] 774039K->471936K(1095044K), 0.0014430 secs] [Times: user=0.01 sys=0.00, real=0.00 secs] 
380.185: Total time for which application threads were stopped: 0.0019070 seconds, Stopping threads took: 0.0000640 seconds
380.255: Application time: 0.0702730 seconds
380.256: [GC380.256: [ParNew: 303349K->1105K(339904K), 0.0016680 secs] 774080K->471853K(1095044K), 0.0017030 secs] [Times: user=0.01 sys=0.00, real=0.00 secs] 
380.257: Total time for which application threads were stopped: 0.0021170 seconds, Stopping threads took: 0.0000580 seconds
380.326: Application time: 0.0685020 seconds
380.326: [GC380.326: [ParNew: 303249K->965K(339904K), 0.0014060 secs] 773997K->471712K(1095044K), 0.0014400 secs] [Times: user=0.01 sys=0.00, real=0.01 secs] 
380.328: Total time for which application threads were stopped: 0.0019200 seconds, Stopping threads took: 0.0000570 seconds
380.396: Application time: 0.0685990 seconds
380.397: [GC380.397: [ParNew: 303109K->1069K(339904K), 0.0013800 secs] 773856K->471825K(1095044K), 0.0014170 secs] [Times: user=0.01 sys=0.00, real=0.00 secs] 
380.398: Total time for which application threads were stopped: 0.0018550 seconds, Stopping threads took: 0.0000460 seconds
380.467: Application time: 0.0683070 seconds
380.467: [GC380.467: [ParNew: 303213K->1122K(339904K), 0.0014200 secs] 773969K->471893K(1095044K), 0.0014560 secs] [Times: user=0.01 sys=0.00, real=0.01 secs] 
380.469: Total time for which application threads were stopped: 0.0019140 seconds, Stopping threads took: 0.0000580 seconds
380.537: Application time: 0.0681330 seconds
380.537: [GC380.537: [ParNew: 303266K->1090K(339904K), 0.0015250 secs] 774037K->471861K(1095044K), 0.0015610 secs] [Times: user=0.01 sys=0.00, real=0.00 secs] 
380.539: Total time for which application threads were stopped: 0.0019980 seconds, Stopping threads took: 0.0000460 seconds
380.607: Application time: 0.0682670 seconds
380.607: [GC380.607: [ParNew: 303234K->1165K(339904K), 0.0014380 secs] 774005K->471936K(1095044K), 0.0014740 secs] [Times: user=0.01 sys=0.00, real=0.00 secs] 
380.609: Total time for which application threads were stopped: 0.0019360 seconds, Stopping threads took: 0.0000540 seconds
380.678: Application time: 0.0692230 seconds
380.679: [GC380.679: [ParNew: 303309K->1165K(339904K), 0.0014530 secs] 774080K->471936K(1095044K), 0.0014900 secs] [Times: user=0.01 sys=0.00, real=0.01 secs] 
380.680: Total time for which application threads were stopped: 0.0019540 seconds, Stopping threads took: 0.0000550 seconds
380.749: Application time: 0.0686510 seconds
380.749: [GC380.749: [ParNew: 303309K->1332K(339904K), 0.0014340 secs] 774080K->472104K(1095044K), 0.0014700 secs] [Times: user=0.01 sys=0.00, real=0.00 secs] 
380.751: Total time for which application threads were stopped: 0.0019240 seconds, Stopping threads took: 0.0000580 seconds
380.819: Application time: 0.0687440 seconds
380.824: [GC380.824: [ParNew: 303476K->1427K(339904K), 0.0014810 secs] 774248K->472222K(1095044K), 0.0015140 secs] [Times: user=0.01 sys=0.00, real=0.00 secs] 
380.825: Total time for which application threads were stopped: 0.0057880 seconds, Stopping threads took: 0.0038610 seconds
380.894: Application time: 0.0689170 seconds
380.895: [GC380.895: [ParNew: 303571K->1203K(339904K), 0.0015020 secs] 774366K->471998K(1095044K), 0.0015390 secs] [Times: user=0.01 sys=0.00, real=0.00 secs] 
380.896: Total time for which application threads were stopped: 0.0020080 seconds, Stopping threads took: 0.0000450 seconds
380.965: Application time: 0.0692510 seconds
380.966: [GC380.966: [ParNew: 303347K->935K(339904K), 0.0014570 secs] 774142K->471730K(1095044K), 0.0014940 secs] [Times: user=0.01 sys=0.00, real=0.01 secs] 
380.967: Total time for which application threads were stopped: 0.0019460 seconds, Stopping threads took: 0.0000500 seconds
381.036: Application time: 0.0684970 seconds
381.036: [GC381.036: [ParNew: 303079K->1310K(339904K), 0.0015390 secs] 773874K->472113K(1095044K), 0.0015750 secs] [Times: user=0.01 sys=0.00, real=0.00 secs] 
381.038: Total time for which application threads were stopped: 0.0020300 seconds, Stopping threads took: 0.0000550 seconds
381.107: Application time: 0.0690080 seconds
381.112: [GC381.112: [ParNew: 303454K->1259K(339904K), 0.0014290 secs] 774257K->472078K(1095044K), 0.0014640 secs] [Times: user=0.00 sys=0.00, real=0.00 secs] 
381.113: Total time for which application threads were stopped: 0.0062740 seconds, Stopping threads took: 0.0044170 seconds
381.182: Application time: 0.0689830 seconds
381.183: [GC381.183: [ParNew: 303403K->983K(339904K), 0.0015430 secs] 774222K->471803K(1095044K), 0.0015780 secs] [Times: user=0.01 sys=0.00, real=0.00 secs] 
381.184: Total time for which application threads were stopped: 0.0020200 seconds, Stopping threads took: 0.0000440 seconds
381.254: Application time: 0.0699800 seconds
381.255: [GC381.255: [ParNew: 303127K->930K(339904K), 0.0014710 secs] 773947K->471757K(1095044K), 0.0015080 secs] [Times: user=0.01 sys=0.00, real=0.00 secs] 
381.256: Total time for which application threads were stopped: 0.0019120 seconds, Stopping threads took: 0.0000420 seconds
381.325: Application time: 0.0689420 seconds
381.325: [GC381.325: [ParNew: 303074K->1076K(339904K), 0.0014020 secs] 773901K->471920K(1095044K), 0.0014360 secs] [Times: user=0.01 sys=0.00, real=0.00 secs] 
381.327: Total time for which application threads were stopped: 0.0018960 seconds, Stopping threads took: 0.0000540 seconds
381.395: Application time: 0.0685230 seconds
381.396: [GC381.396: [ParNew: 303220K->1182K(339904K), 0.0015680 secs] 774064K->472026K(1095044K), 0.0016030 secs] [Times: user=0.01 sys=0.00, real=0.00 secs] 
381.397: Total time for which application threads were stopped: 0.0020750 seconds, Stopping threads took: 0.0000550 seconds
381.465: Application time: 0.0679580 seconds
381.468: [GC381.468: [ParNew: 303326K->1186K(339904K), 0.0014100 secs] 774170K->472029K(1095044K), 0.0014440 secs] [Times: user=0.01 sys=0.00, real=0.00 secs] 
381.469: Total time for which application threads were stopped: 0.0036560 seconds, Stopping threads took: 0.0018140 seconds
381.537: Application time: 0.0681110 seconds
381.538: [GC381.538: [ParNew: 303330K->1241K(339904K), 0.0014240 secs] 774173K->472084K(1095044K), 0.0014600 secs] [Times: user=0.01 sys=0.00, real=0.00 secs] 
381.539: Total time for which application threads were stopped: 0.0019370 seconds, Stopping threads took: 0.0000810 seconds
381.608: Application time: 0.0685480 seconds
381.612: [GC381.612: [ParNew: 303385K->1489K(339904K), 0.0014360 secs] 774228K->472332K(1095044K), 0.0014810 secs] [Times: user=0.01 sys=0.00, real=0.00 secs] 
381.613: Total time for which application threads were stopped: 0.0054200 seconds, Stopping threads took: 0.0035450 seconds
381.684: Application time: 0.0710200 seconds
381.685: [GC381.685: [ParNew: 303633K->1429K(339904K), 0.0014600 secs] 774476K->472272K(1095044K), 0.0014980 secs] [Times: user=0.01 sys=0.00, real=0.00 secs] 
381.686: Total time for which application threads were stopped: 0.0019410 seconds, Stopping threads took: 0.0000460 seconds
381.754: Application time: 0.0683630 seconds
381.756: [GC381.756: [ParNew: 303573K->1574K(339904K), 0.0014490 secs] 774416K->472433K(1095044K), 0.0014840 secs] [Times: user=0.01 sys=0.00, real=0.00 secs] 
381.757: Total time for which application threads were stopped: 0.0026750 seconds, Stopping threads took: 0.0007930 seconds
381.826: Application time: 0.0686660 seconds
381.828: [GC381.828: [ParNew: 303718K->1299K(339904K), 0.0015020 secs] 774577K->472159K(1095044K), 0.0015380 secs] [Times: user=0.01 sys=0.00, real=0.00 secs] 
381.829: Total time for which application threads were stopped: 0.0033870 seconds, Stopping threads took: 0.0014480 seconds
381.851: Application time: 0.0214360 seconds
381.852: Total time for which application threads were stopped: 0.0010920 seconds, Stopping threads took: 0.0007350 seconds
381.899: Application time: 0.0474970 seconds
381.904: [GC381.904: [ParNew: 303443K->1168K(339904K), 0.0015720 secs] 774303K->472028K(1095044K), 0.0016060 secs] [Times: user=0.01 sys=0.00, real=0.00 secs] 
381.905: Total time for which application threads were stopped: 0.0060390 seconds, Stopping threads took: 0.0040170 seconds
381.974: Application time: 0.0685540 seconds
381.974: [GC381.974: [ParNew: 303312K->1174K(339904K), 0.0014380 secs] 774172K->472042K(1095044K), 0.0014740 secs] [Times: user=0.01 sys=0.00, real=0.00 secs] 
381.976: Total time for which application threads were stopped: 0.0019450 seconds, Stopping threads took: 0.0000800 seconds
382.045: Application time: 0.0693900 seconds
382.046: [GC382.046: [ParNew: 303318K->1101K(339904K), 0.0014640 secs] 774186K->471977K(1095044K), 0.0015000 secs] [Times: user=0.01 sys=0.00, real=0.00 secs] 
382.047: Total time for which application threads were stopped: 0.0019400 seconds, Stopping threads took: 0.0000790 seconds
382.116: Application time: 0.0685320 seconds
382.116: [GC382.116: [ParNew: 303245K->1048K(339904K), 0.0013570 secs] 774121K->471923K(1095044K), 0.0013930 secs] [Times: user=0.01 sys=0.00, real=0.00 secs] 
382.118: Total time for which application threads were stopped: 0.0018440 seconds, Stopping threads took: 0.0000480 seconds
382.186: Application time: 0.0685880 seconds
382.188: [GC382.188: [ParNew: 303192K->1176K(339904K), 0.0016570 secs] 774067K->472067K(1095044K), 0.0016910 secs] [Times: user=0.01 sys=0.00, real=0.00 secs] 
382.189: Total time for which application threads were stopped: 0.0032570 seconds, Stopping threads took: 0.0011640 seconds
382.258: Application time: 0.0688920 seconds
382.259: [GC382.259: [ParNew: 303320K->1206K(339904K), 0.0013980 secs] 774211K->472105K(1095044K), 0.0014330 secs] [Times: user=0.01 sys=0.00, real=0.01 secs] 
382.260: Total time for which application threads were stopped: 0.0018880 seconds, Stopping threads took: 0.0000540 seconds
382.329: Application time: 0.0685130 seconds
382.329: [GC382.329: [ParNew: 303350K->1129K(339904K), 0.0014050 secs] 774249K->472028K(1095044K), 0.0014430 secs] [Times: user=0.01 sys=0.00, real=0.00 secs] 
382.331: Total time for which application threads were stopped: 0.0018900 seconds, Stopping threads took: 0.0000470 seconds
382.399: Application time: 0.0685130 seconds
382.400: [GC382.400: [ParNew: 303273K->1410K(339904K), 0.0014130 secs] 774172K->472309K(1095044K), 0.0014490 secs] [Times: user=0.01 sys=0.00, real=0.00 secs] 
382.401: Total time for which application threads were stopped: 0.0019050 seconds, Stopping threads took: 0.0000490 seconds
382.469: Application time: 0.0681190 seconds
382.470: [GC382.470: [ParNew: 303554K->1240K(339904K), 0.0016050 secs] 774453K->472139K(1095044K), 0.0016480 secs] [Times: user=0.01 sys=0.00, real=0.00 secs] 
382.471: Total time for which application threads were stopped: 0.0021250 seconds, Stopping threads took: 0.0000500 seconds
382.540: Application time: 0.0685940 seconds
382.540: [GC382.540: [ParNew: 303384K->1217K(339904K), 0.0014410 secs] 774283K->472116K(1095044K), 0.0014760 secs] [Times: user=0.01 sys=0.00, real=0.00 secs] 
382.542: Total time for which application threads were stopped: 0.0019250 seconds, Stopping threads took: 0.0000530 seconds
382.611: Application time: 0.0692510 seconds
382.611: [GC382.611: [ParNew: 303361K->1321K(339904K), 0.0015650 secs] 774260K->472221K(1095044K), 0.0016010 secs] [Times: user=0.01 sys=0.00, real=0.00 secs] 
382.613: Total time for which application threads were stopped: 0.0020600 seconds, Stopping threads took: 0.0000520 seconds
382.682: Application time: 0.0686920 seconds
382.682: [GC382.682: [ParNew: 303465K->1454K(339904K), 0.0016010 secs] 774365K->472353K(1095044K), 0.0016360 secs] [Times: user=0.01 sys=0.00, real=0.00 secs] 
382.684: Total time for which application threads were stopped: 0.0020850 seconds, Stopping threads took: 0.0000490 seconds
382.752: Application time: 0.0686460 seconds
382.753: [GC382.753: [ParNew: 303598K->1236K(339904K), 0.0015290 secs] 774497K->472247K(1095044K), 0.0015640 secs] [Times: user=0.01 sys=0.00, real=0.00 secs] 
382.755: Total time for which application threads were stopped: 0.0020170 seconds, Stopping threads took: 0.0000550 seconds
382.823: Application time: 0.0689600 seconds
382.824: [GC382.824: [ParNew: 303380K->1218K(339904K), 0.0014480 secs] 774391K->472229K(1095044K), 0.0014830 secs] [Times: user=0.01 sys=0.00, real=0.00 secs] 
382.825: Total time for which application threads were stopped: 0.0019300 seconds, Stopping threads took: 0.0000510 seconds
382.894: Application time: 0.0683500 seconds
382.896: [GC382.896: [ParNew: 303362K->1083K(339904K), 0.0014420 secs] 774373K->472103K(1095044K), 0.0014760 secs] [Times: user=0.01 sys=0.00, real=0.00 secs] 
382.897: Total time for which application threads were stopped: 0.0033790 seconds, Stopping threads took: 0.0015050 seconds
382.966: Application time: 0.0691290 seconds
382.967: [GC382.967: [ParNew: 303227K->944K(339904K), 0.0014850 secs] 774247K->471972K(1095044K), 0.0015210 secs] [Times: user=0.01 sys=0.00, real=0.01 secs] 
382.968: Total time for which application threads were stopped: 0.0019540 seconds, Stopping threads took: 0.0000610 seconds
383.037: Application time: 0.0687930 seconds
383.037: [GC383.038: [ParNew: 303088K->910K(339904K), 0.0013270 secs] 774116K->471937K(1095044K), 0.0013600 secs] [Times: user=0.01 sys=0.00, real=0.00 secs] 
383.039: Total time for which application threads were stopped: 0.0018360 seconds, Stopping threads took: 0.0000530 seconds
383.107: Application time: 0.0683530 seconds
383.108: [GC383.108: [ParNew: 303054K->1037K(339904K), 0.0013490 secs] 774081K->472081K(1095044K), 0.0013830 secs] [Times: user=0.01 sys=0.00, real=0.00 secs] 
383.109: Total time for which application threads were stopped: 0.0018240 seconds, Stopping threads took: 0.0000430 seconds
383.178: Application time: 0.0685350 seconds
383.178: [GC383.178: [ParNew: 303181K->1059K(339904K), 0.0014310 secs] 774225K->472102K(1095044K), 0.0014650 secs] [Times: user=0.01 sys=0.00, real=0.01 secs] 
383.180: Total time for which application threads were stopped: 0.0019270 seconds, Stopping threads took: 0.0000610 seconds
383.248: Application time: 0.0689770 seconds
383.252: [GC383.252: [ParNew: 303203K->1131K(339904K), 0.0014020 secs] 774246K->472174K(1095044K), 0.0014370 secs] [Times: user=0.01 sys=0.00, real=0.00 secs] 
383.253: Total time for which application threads were stopped: 0.0045910 seconds, Stopping threads took: 0.0027540 seconds
383.322: Application time: 0.0684970 seconds
383.322: [GC383.322: [ParNew: 303275K->1272K(339904K), 0.0014080 secs] 774318K->472315K(1095044K), 0.0014450 secs] [Times: user=0.01 sys=0.00, real=0.00 secs] 
383.324: Total time for which application threads were stopped: 0.0019170 seconds, Stopping threads took: 0.0000580 seconds
383.391: Application time: 0.0677350 seconds
383.392: [GC383.392: [ParNew: 303416K->1257K(339904K), 0.0014310 secs] 774459K->472300K(1095044K), 0.0014660 secs] [Times: user=0.01 sys=0.00, real=0.00 secs] 
383.393: Total time for which application threads were stopped: 0.0019140 seconds, Stopping threads took: 0.0000470 seconds
383.461: Application time: 0.0682920 seconds
383.462: [GC383.462: [ParNew: 303401K->1420K(339904K), 0.0014880 secs] 774444K->472464K(1095044K), 0.0015250 secs] [Times: user=0.01 sys=0.00, real=0.00 secs] 
383.463: Total time for which application threads were stopped: 0.0019870 seconds, Stopping threads took: 0.0000540 seconds
383.532: Application time: 0.0687640 seconds
383.536: [GC383.536: [ParNew: 303564K->1466K(339904K), 0.0015100 secs] 774608K->472509K(1095044K), 0.0015460 secs] [Times: user=0.01 sys=0.00, real=0.00 secs] 
383.537: Total time for which application threads were stopped: 0.0049940 seconds, Stopping threads took: 0.0030410 seconds
383.606: Application time: 0.0692380 seconds
383.607: [GC383.607: [ParNew: 303610K->1387K(339904K), 0.0014590 secs] 774653K->472430K(1095044K), 0.0014910 secs] [Times: user=0.01 sys=0.00, real=0.01 secs] 
383.608: Total time for which application threads were stopped: 0.0019510 seconds, Stopping threads took: 0.0000430 seconds
383.677: Application time: 0.0689560 seconds
383.678: [GC383.678: [ParNew: 303531K->1291K(339904K), 0.0015110 secs] 774574K->472343K(1095044K), 0.0015470 secs] [Times: user=0.01 sys=0.00, real=0.01 secs] 
383.679: Total time for which application threads were stopped: 0.0020010 seconds, Stopping threads took: 0.0000550 seconds
383.748: Application time: 0.0687160 seconds
383.749: [GC383.749: [ParNew: 303435K->1290K(339904K), 0.0014530 secs] 774487K->472341K(1095044K), 0.0014870 secs] [Times: user=0.01 sys=0.00, real=0.00 secs] 
383.750: Total time for which application threads were stopped: 0.0019520 seconds, Stopping threads took: 0.0000650 seconds
383.819: Application time: 0.0691890 seconds
383.820: [GC383.820: [ParNew: 303434K->1182K(339904K), 0.0015530 secs] 774485K->472241K(1095044K), 0.0015860 secs] [Times: user=0.01 sys=0.00, real=0.00 secs] 
383.821: Total time for which application threads were stopped: 0.0020330 seconds, Stopping threads took: 0.0000470 seconds
383.891: Application time: 0.0693610 seconds
383.891: [GC383.891: [ParNew: 303326K->1003K(339904K), 0.0014730 secs] 774385K->472071K(1095044K), 0.0015060 secs] [Times: user=0.01 sys=0.00, real=0.00 secs] 
383.893: Total time for which application threads were stopped: 0.0019420 seconds, Stopping threads took: 0.0000680 seconds
383.961: Application time: 0.0687610 seconds
383.964: [GC383.964: [ParNew: 303147K->911K(339904K), 0.0013420 secs] 774215K->471986K(1095044K), 0.0013740 secs] [Times: user=0.01 sys=0.00, real=0.00 secs] 
383.965: Total time for which application threads were stopped: 0.0036940 seconds, Stopping threads took: 0.0019120 seconds
384.033: Application time: 0.0676710 seconds
384.033: [GC384.033: [ParNew: 303055K->939K(339904K), 0.0013720 secs] 774130K->472030K(1095044K), 0.0014080 secs] [Times: user=0.01 sys=0.01, real=0.00 secs] 
384.035: Total time for which application threads were stopped: 0.0018650 seconds, Stopping threads took: 0.0000510 seconds
384.102: Application time: 0.0675140 seconds
384.104: [GC384.104: [ParNew: 303083K->982K(339904K), 0.0017490 secs] 774174K->472073K(1095044K), 0.0017810 secs] [Times: user=0.01 sys=0.00, real=0.00 secs] 
384.106: Total time for which application threads were stopped: 0.0035700 seconds, Stopping threads took: 0.0011900 seconds
384.174: Application time: 0.0681390 seconds
384.174: [GC384.174: [ParNew: 303126K->1009K(339904K), 0.0013780 secs] 774217K->472100K(1095044K), 0.0014140 secs] [Times: user=0.01 sys=0.00, real=0.00 secs] 
384.176: Total time for which application threads were stopped: 0.0019010 seconds, Stopping threads took: 0.0000530 seconds
384.245: Application time: 0.0689330 seconds
384.245: [GC384.245: [ParNew: 303153K->1195K(339904K), 0.0013950 secs] 774244K->472286K(1095044K), 0.0014420 secs] [Times: user=0.01 sys=0.00, real=0.00 secs] 
384.247: Total time for which application threads were stopped: 0.0019020 seconds, Stopping threads took: 0.0000450 seconds
384.315: Application time: 0.0680430 seconds
384.316: [GC384.316: [ParNew: 303339K->1293K(339904K), 0.0014530 secs] 774430K->472384K(1095044K), 0.0014880 secs] [Times: user=0.01 sys=0.00, real=0.00 secs] 
384.317: Total time for which application threads were stopped: 0.0025590 seconds, Stopping threads took: 0.0006510 seconds
384.386: Application time: 0.0686780 seconds
384.386: [GC384.386: [ParNew: 303437K->1340K(339904K), 0.0014270 secs] 774528K->472431K(1095044K), 0.0014640 secs] [Times: user=0.01 sys=0.00, real=0.01 secs] 
384.388: Total time for which application threads were stopped: 0.0019190 seconds, Stopping threads took: 0.0000480 seconds
384.457: Application time: 0.0689810 seconds
384.457: [GC384.457: [ParNew: 303484K->1295K(339904K), 0.0015490 secs] 774575K->472386K(1095044K), 0.0015830 secs] [Times: user=0.02 sys=0.00, real=0.00 secs] 
384.459: Total time for which application threads were stopped: 0.0020600 seconds, Stopping threads took: 0.0000580 seconds
384.532: Application time: 0.0731470 seconds
384.532: [GC384.532: [ParNew: 303439K->1300K(339904K), 0.0014700 secs] 774530K->472391K(1095044K), 0.0015080 secs] [Times: user=0.01 sys=0.00, real=0.00 secs] 
384.534: Total time for which application threads were stopped: 0.0019760 seconds, Stopping threads took: 0.0000540 seconds
384.602: Application time: 0.0684990 seconds
384.603: [GC384.603: [ParNew: 303444K->1516K(339904K), 0.0014870 secs] 774535K->472607K(1095044K), 0.0015220 secs] [Times: user=0.01 sys=0.00, real=0.00 secs] 
384.604: Total time for which application threads were stopped: 0.0020000 seconds, Stopping threads took: 0.0000680 seconds
384.674: Application time: 0.0691920 seconds
384.674: [GC384.674: [ParNew: 303660K->1378K(339904K), 0.0014820 secs] 774751K->472478K(1095044K), 0.0015160 secs] [Times: user=0.01 sys=0.00, real=0.00 secs] 
384.676: Total time for which application threads were stopped: 0.0019740 seconds, Stopping threads took: 0.0000490 seconds
384.745: Application time: 0.0694900 seconds
384.746: [GC384.746: [ParNew: 303522K->1282K(339904K), 0.0014650 secs] 774622K->472389K(1095044K), 0.0015000 secs] [Times: user=0.01 sys=0.00, real=0.00 secs] 
384.747: Total time for which application threads were stopped: 0.0019910 seconds, Stopping threads took: 0.0000630 seconds
384.752: Application time: 0.0052080 seconds
384.753: Total time for which application threads were stopped: 0.0004370 seconds, Stopping threads took: 0.0000760 seconds
384.816: Application time: 0.0631960 seconds
384.820: [GC384.820: [ParNew: 303426K->1073K(339904K), 0.0013710 secs] 774533K->472188K(1095044K), 0.0014070 secs] [Times: user=0.01 sys=0.00, real=0.00 secs] 
384.821: Total time for which application threads were stopped: 0.0051060 seconds, Stopping threads took: 0.0032960 seconds
384.891: Application time: 0.0695850 seconds
384.891: [GC384.891: [ParNew: 303217K->1052K(339904K), 0.0014200 secs] 774332K->472176K(1095044K), 0.0014520 secs] [Times: user=0.01 sys=0.00, real=0.00 secs] 
384.893: Total time for which application threads were stopped: 0.0019330 seconds, Stopping threads took: 0.0000680 seconds
384.962: Application time: 0.0690120 seconds
384.964: [GC384.964: [ParNew: 303196K->970K(339904K), 0.0014450 secs] 774320K->472109K(1095044K), 0.0014820 secs] [Times: user=0.01 sys=0.00, real=0.00 secs] 
384.965: Total time for which application threads were stopped: 0.0035250 seconds, Stopping threads took: 0.0016730 seconds
385.033: Application time: 0.0678320 seconds
385.033: [GC385.033: [ParNew: 303114K->1231K(339904K), 0.0013830 secs] 774253K->472371K(1095044K), 0.0014170 secs] [Times: user=0.01 sys=0.00, real=0.00 secs] 
385.035: Total time for which application threads were stopped: 0.0018720 seconds, Stopping threads took: 0.0000530 seconds
385.103: Application time: 0.0683430 seconds
385.104: [GC385.104: [ParNew: 303375K->1493K(339904K), 0.0014090 secs] 774515K->472632K(1095044K), 0.0014520 secs] [Times: user=0.01 sys=0.00, real=0.00 secs] 
385.105: Total time for which application threads were stopped: 0.0019110 seconds, Stopping threads took: 0.0000510 seconds
385.173: Application time: 0.0676330 seconds
385.173: [GC385.173: [ParNew: 303637K->1092K(339904K), 0.0014350 secs] 774776K->472231K(1095044K), 0.0014700 secs] [Times: user=0.01 sys=0.00, real=0.00 secs] 
385.175: Total time for which application threads were stopped: 0.0019310 seconds, Stopping threads took: 0.0000510 seconds
385.243: Application time: 0.0685930 seconds
385.244: [GC385.244: [ParNew: 303236K->1343K(339904K), 0.0017580 secs] 774375K->472482K(1095044K), 0.0017940 secs] [Times: user=0.01 sys=0.00, real=0.00 secs] 
385.246: Total time for which application threads were stopped: 0.0022550 seconds, Stopping threads took: 0.0000510 seconds
385.313: Application time: 0.0678190 seconds
385.314: [GC385.314: [ParNew: 303487K->1509K(339904K), 0.0014560 secs] 774626K->472648K(1095044K), 0.0014940 secs] [Times: user=0.01 sys=0.00, real=0.00 secs] 
385.315: Total time for which application threads were stopped: 0.0019770 seconds, Stopping threads took: 0.0000540 seconds
385.384: Application time: 0.0687050 seconds
385.388: [GC385.388: [ParNew: 303653K->1526K(339904K), 0.0014480 secs] 774792K->472665K(1095044K), 0.0014830 secs] [Times: user=0.01 sys=0.00, real=0.00 secs] 
385.389: Total time for which application threads were stopped: 0.0051190 seconds, Stopping threads took: 0.0032330 seconds
385.460: Application time: 0.0707850 seconds
385.460: [GC385.460: [ParNew: 303670K->1307K(339904K), 0.0014710 secs] 774809K->472446K(1095044K), 0.0015050 secs] [Times: user=0.01 sys=0.00, real=0.00 secs] 
385.462: Total time for which application threads were stopped: 0.0019580 seconds, Stopping threads took: 0.0000520 seconds
385.531: Application time: 0.0688700 seconds
385.531: [GC385.531: [ParNew: 303451K->1597K(339904K), 0.0015780 secs] 774590K->472736K(1095044K), 0.0016100 secs] [Times: user=0.01 sys=0.00, real=0.00 secs] 
385.533: Total time for which application threads were stopped: 0.0020940 seconds, Stopping threads took: 0.0000670 seconds
385.602: Application time: 0.0691540 seconds
385.602: [GC385.602: [ParNew: 303741K->1340K(339904K), 0.0015200 secs] 774880K->472599K(1095044K), 0.0015580 secs] [Times: user=0.01 sys=0.00, real=0.00 secs] 
385.604: Total time for which application threads were stopped: 0.0019920 seconds, Stopping threads took: 0.0000680 seconds
385.673: Application time: 0.0690240 seconds
385.676: [GC385.676: [ParNew: 303484K->1299K(339904K), 0.0014340 secs] 774743K->472559K(1095044K), 0.0014680 secs] [Times: user=0.01 sys=0.00, real=0.00 secs] 
385.677: Total time for which application threads were stopped: 0.0040870 seconds, Stopping threads took: 0.0022150 seconds
385.746: Application time: 0.0687660 seconds
385.748: [GC385.748: [ParNew: 303443K->823K(339904K), 0.0013350 secs] 774703K->472091K(1095044K), 0.0013690 secs] [Times: user=0.01 sys=0.00, real=0.00 secs] 
385.749: Total time for which application threads were stopped: 0.0031330 seconds, Stopping threads took: 0.0013660 seconds
385.817: Application time: 0.0680300 seconds
385.818: [GC385.818: [ParNew: 302967K->845K(339904K), 0.0013250 secs] 774235K->472128K(1095044K), 0.0013590 secs] [Times: user=0.01 sys=0.00, real=0.00 secs] 
385.819: Total time for which application threads were stopped: 0.0018540 seconds, Stopping threads took: 0.0000640 seconds
385.887: Application time: 0.0680220 seconds
385.887: [GC385.887: [ParNew: 302989K->1003K(339904K), 0.0013370 secs] 774272K->472294K(1095044K), 0.0013730 secs] [Times: user=0.01 sys=0.00, real=0.00 secs] 
385.889: Total time for which application threads were stopped: 0.0018420 seconds, Stopping threads took: 0.0000530 seconds
385.957: Application time: 0.0681440 seconds
385.957: [GC385.957: [ParNew: 303147K->1077K(339904K), 0.0013770 secs] 774438K->472368K(1095044K), 0.0014210 secs] [Times: user=0.01 sys=0.00, real=0.00 secs] 
385.959: Total time for which application threads were stopped: 0.0018780 seconds, Stopping threads took: 0.0000460 seconds
386.027: Application time: 0.0685030 seconds
386.028: [GC386.028: [ParNew: 303221K->1081K(339904K), 0.0013550 secs] 774512K->472372K(1095044K), 0.0013910 secs] [Times: user=0.01 sys=0.00, real=0.00 secs] 
386.029: Total time for which application threads were stopped: 0.0018340 seconds, Stopping threads took: 0.0000450 seconds
386.098: Application time: 0.0684260 seconds
386.098: [GC386.098: [ParNew: 303225K->1323K(339904K), 0.0014100 secs] 774516K->472614K(1095044K), 0.0014470 secs] [Times: user=0.01 sys=0.00, real=0.01 secs] 
386.100: Total time for which application threads were stopped: 0.0018990 seconds, Stopping threads took: 0.0000460 seconds
386.168: Application time: 0.0682670 seconds
386.168: [GC386.168: [ParNew: 303467K->1227K(339904K), 0.0014140 secs] 774758K->472519K(1095044K), 0.0014490 secs] [Times: user=0.01 sys=0.00, real=0.00 secs] 
386.170: Total time for which application threads were stopped: 0.0018960 seconds, Stopping threads took: 0.0000420 seconds
386.239: Application time: 0.0689630 seconds
386.240: [GC386.240: [ParNew: 303371K->1226K(339904K), 0.0015210 secs] 774663K->472518K(1095044K), 0.0015560 secs] [Times: user=0.01 sys=0.00, real=0.00 secs] 
386.241: Total time for which application threads were stopped: 0.0025870 seconds, Stopping threads took: 0.0006330 seconds
386.310: Application time: 0.0683530 seconds
386.312: [GC386.312: [ParNew: 303370K->1465K(339904K), 0.0014940 secs] 774662K->472756K(1095044K), 0.0015290 secs] [Times: user=0.01 sys=0.00, real=0.00 secs] 
386.313: Total time for which application threads were stopped: 0.0036260 seconds, Stopping threads took: 0.0016950 seconds
386.383: Application time: 0.0695760 seconds
386.383: [GC386.383: [ParNew: 303609K->1349K(339904K), 0.0014620 secs] 774900K->472640K(1095044K), 0.0014970 secs] [Times: user=0.01 sys=0.00, real=0.00 secs] 
386.385: Total time for which application threads were stopped: 0.0019860 seconds, Stopping threads took: 0.0000620 seconds
386.453: Application time: 0.0685080 seconds
386.454: [GC386.454: [ParNew: 303493K->1201K(339904K), 0.0015330 secs] 774784K->472492K(1095044K), 0.0015690 secs] [Times: user=0.01 sys=0.00, real=0.00 secs] 
386.455: Total time for which application threads were stopped: 0.0020240 seconds, Stopping threads took: 0.0000490 seconds
386.524: Application time: 0.0685490 seconds
386.528: [GC386.528: [ParNew: 303345K->1340K(339904K), 0.0015750 secs] 774636K->472640K(1095044K), 0.0016100 secs] [Times: user=0.01 sys=0.00, real=0.00 secs] 
386.529: Total time for which application threads were stopped: 0.0054060 seconds, Stopping threads took: 0.0034290 seconds
386.598: Application time: 0.0690900 seconds
386.599: [GC386.599: [ParNew: 303484K->1268K(339904K), 0.0014640 secs] 774784K->472567K(1095044K), 0.0015000 secs] [Times: user=0.01 sys=0.00, real=0.01 secs] 
386.600: Total time for which application threads were stopped: 0.0019540 seconds, Stopping threads took: 0.0000560 seconds
386.669: Application time: 0.0690510 seconds
386.672: [GC386.672: [ParNew: 303412K->1182K(339904K), 0.0013690 secs] 774711K->472489K(1095044K), 0.0014020 secs] [Times: user=0.01 sys=0.00, real=0.00 secs] 
386.673: Total time for which application threads were stopped: 0.0037070 seconds, Stopping threads took: 0.0018990 seconds
386.741: Application time: 0.0677630 seconds
386.741: [GC386.741: [ParNew: 303326K->871K(339904K), 0.0013080 secs] 774633K->472186K(1095044K), 0.0013430 secs] [Times: user=0.01 sys=0.00, real=0.00 secs] 
386.743: Total time for which application threads were stopped: 0.0017990 seconds, Stopping threads took: 0.0000470 seconds
386.810: Application time: 0.0673640 seconds
386.810: [GC386.810: [ParNew: 303015K->921K(339904K), 0.0013140 secs] 774330K->472244K(1095044K), 0.0013480 secs] [Times: user=0.01 sys=0.00, real=0.00 secs] 
386.812: Total time for which application threads were stopped: 0.0018170 seconds, Stopping threads took: 0.0000590 seconds
386.880: Application time: 0.0677010 seconds
386.884: [GC386.884: [ParNew: 303065K->1067K(339904K), 0.0013710 secs] 774388K->472390K(1095044K), 0.0014150 secs] [Times: user=0.01 sys=0.01, real=0.00 secs] 
386.885: Total time for which application threads were stopped: 0.0055720 seconds, Stopping threads took: 0.0037230 seconds
386.953: Application time: 0.0676530 seconds
386.953: [GC386.953: [ParNew: 303211K->1192K(339904K), 0.0013750 secs] 774534K->472515K(1095044K), 0.0014100 secs] [Times: user=0.01 sys=0.00, real=0.00 secs] 
386.955: Total time for which application threads were stopped: 0.0018750 seconds, Stopping threads took: 0.0000470 seconds
387.022: Application time: 0.0677090 seconds
387.023: [GC387.023: [ParNew: 303336K->1275K(339904K), 0.0013780 secs] 774659K->472598K(1095044K), 0.0014140 secs] [Times: user=0.01 sys=0.00, real=0.00 secs] 
387.024: Total time for which application threads were stopped: 0.0018820 seconds, Stopping threads took: 0.0000560 seconds
387.092: Application time: 0.0674770 seconds
387.096: [GC387.096: [ParNew: 303419K->1305K(339904K), 0.0014750 secs] 774742K->472628K(1095044K), 0.0015090 secs] [Times: user=0.00 sys=0.00, real=0.00 secs] 
387.097: Total time for which application threads were stopped: 0.0054480 seconds, Stopping threads took: 0.0035400 seconds
387.165: Application time: 0.0675390 seconds
387.165: [GC387.165: [ParNew: 303449K->1406K(339904K), 0.0014210 secs] 774772K->472729K(1095044K), 0.0014570 secs] [Times: user=0.01 sys=0.00, real=0.00 secs] 
387.167: Total time for which application threads were stopped: 0.0019160 seconds, Stopping threads took: 0.0000470 seconds
387.236: Application time: 0.0691780 seconds
387.236: [GC387.236: [ParNew: 303550K->1231K(339904K), 0.0015050 secs] 774873K->472554K(1095044K), 0.0015410 secs] [Times: user=0.01 sys=0.00, real=0.00 secs] 
387.238: Total time for which application threads were stopped: 0.0020020 seconds, Stopping threads took: 0.0000530 seconds
387.306: Application time: 0.0677630 seconds
387.306: [GC387.306: [ParNew: 303375K->1371K(339904K), 0.0014390 secs] 774698K->472694K(1095044K), 0.0014740 secs] [Times: user=0.01 sys=0.00, real=0.01 secs] 
387.308: Total time for which application threads were stopped: 0.0019530 seconds, Stopping threads took: 0.0000730 seconds
387.376: Application time: 0.0684330 seconds
387.376: [GC387.376: [ParNew: 303515K->1202K(339904K), 0.0014240 secs] 774838K->472525K(1095044K), 0.0014590 secs] [Times: user=0.01 sys=0.00, real=0.00 secs] 
387.378: Total time for which application threads were stopped: 0.0019120 seconds, Stopping threads took: 0.0000450 seconds
387.446: Application time: 0.0686030 seconds
387.447: [GC387.447: [ParNew: 303346K->1195K(339904K), 0.0014680 secs] 774669K->472526K(1095044K), 0.0015040 secs] [Times: user=0.01 sys=0.00, real=0.01 secs] 
387.449: Total time for which application threads were stopped: 0.0019970 seconds, Stopping threads took: 0.0000610 seconds
387.517: Application time: 0.0685140 seconds
387.517: [GC387.517: [ParNew: 303339K->1162K(339904K), 0.0013850 secs] 774670K->472493K(1095044K), 0.0014170 secs] [Times: user=0.01 sys=0.00, real=0.00 secs] 
387.519: Total time for which application threads were stopped: 0.0018810 seconds, Stopping threads took: 0.0000570 seconds
387.588: Application time: 0.0694610 seconds
387.592: [GC387.592: [ParNew: 303306K->997K(339904K), 0.0014010 secs] 774637K->472336K(1095044K), 0.0014290 secs] [Times: user=0.01 sys=0.00, real=0.00 secs] 
387.593: Total time for which application threads were stopped: 0.0047310 seconds, Stopping threads took: 0.0029060 seconds
387.662: Application time: 0.0687050 seconds
387.662: [GC387.662: [ParNew: 303141K->993K(339904K), 0.0013400 secs] 774480K->472341K(1095044K), 0.0013750 secs] [Times: user=0.01 sys=0.00, real=0.00 secs] 
387.664: Total time for which application threads were stopped: 0.0018290 seconds, Stopping threads took: 0.0000460 seconds
387.732: Application time: 0.0681030 seconds
387.732: [GC387.732: [ParNew: 303137K->882K(339904K), 0.0013170 secs] 774485K->472246K(1095044K), 0.0013600 secs] [Times: user=0.01 sys=0.00, real=0.00 secs] 
387.734: Total time for which application threads were stopped: 0.0018410 seconds, Stopping threads took: 0.0000640 seconds
387.802: Application time: 0.0681480 seconds
387.802: [GC387.802: [ParNew: 303026K->1217K(339904K), 0.0014480 secs] 774390K->472580K(1095044K), 0.0014820 secs] [Times: user=0.01 sys=0.00, real=0.00 secs] 
387.804: Total time for which application threads were stopped: 0.0019270 seconds, Stopping threads took: 0.0000350 seconds
387.871: Application time: 0.0677580 seconds
387.872: [GC387.872: [ParNew: 303361K->947K(339904K), 0.0014580 secs] 774724K->472310K(1095044K), 0.0014920 secs] [Times: user=0.01 sys=0.00, real=0.00 secs] 
387.873: Total time for which application threads were stopped: 0.0019500 seconds, Stopping threads took: 0.0000440 seconds
387.941: Application time: 0.0678470 seconds
387.942: [GC387.942: [ParNew: 303091K->1094K(339904K), 0.0014610 secs] 774454K->472458K(1095044K), 0.0014990 secs] [Times: user=0.01 sys=0.00, real=0.00 secs] 
387.943: Total time for which application threads were stopped: 0.0019300 seconds, Stopping threads took: 0.0000530 seconds
388.011: Application time: 0.0678340 seconds
388.011: [GC388.011: [ParNew: 303238K->1360K(339904K), 0.0014120 secs] 774602K->472724K(1095044K), 0.0014480 secs] [Times: user=0.01 sys=0.00, real=0.00 secs] 
388.013: Total time for which application threads were stopped: 0.0019370 seconds, Stopping threads took: 0.0000500 seconds
388.081: Application time: 0.0680930 seconds
388.081: [GC388.081: [ParNew: 303504K->1479K(339904K), 0.0014200 secs] 774868K->472842K(1095044K), 0.0014560 secs] [Times: user=0.01 sys=0.00, real=0.00 secs] 
388.083: Total time for which application threads were stopped: 0.0019200 seconds, Stopping threads took: 0.0000540 seconds
388.151: Application time: 0.0680010 seconds
388.156: [GC388.156: [ParNew: 303623K->1223K(339904K), 0.0014360 secs] 774986K->472586K(1095044K), 0.0014700 secs] [Times: user=0.01 sys=0.00, real=0.00 secs] 
388.157: Total time for which application threads were stopped: 0.0061990 seconds, Stopping threads took: 0.0043190 seconds
388.226: Application time: 0.0687020 seconds
388.228: [GC388.228: [ParNew: 303367K->1367K(339904K), 0.0013890 secs] 774730K->472731K(1095044K), 0.0014230 secs] [Times: user=0.01 sys=0.00, real=0.00 secs] 
388.229: Total time for which application threads were stopped: 0.0032270 seconds, Stopping threads took: 0.0014050 seconds
388.298: Application time: 0.0691000 seconds
388.300: [GC388.300: [ParNew: 303511K->1275K(339904K), 0.0014650 secs] 774875K->472646K(1095044K), 0.0014990 secs] [Times: user=0.01 sys=0.00, real=0.00 secs] 
388.301: Total time for which application threads were stopped: 0.0029820 seconds, Stopping threads took: 0.0010820 seconds
388.370: Application time: 0.0691760 seconds
388.372: [GC388.372: [ParNew: 303419K->1156K(339904K), 0.0015220 secs] 774790K->472527K(1095044K), 0.0015580 secs] [Times: user=0.01 sys=0.00, real=0.00 secs] 
388.373: Total time for which application threads were stopped: 0.0028380 seconds, Stopping threads took: 0.0009110 seconds
388.443: Application time: 0.0696790 seconds
388.443: [GC388.443: [ParNew: 303300K->1118K(339904K), 0.0014870 secs] 774671K->472498K(1095044K), 0.0015180 secs] [Times: user=0.01 sys=0.00, real=0.00 secs] 
388.445: Total time for which application threads were stopped: 0.0019980 seconds, Stopping threads took: 0.0000650 seconds
388.515: Application time: 0.0700470 seconds
388.515: [GC388.515: [ParNew: 303262K->1254K(339904K), 0.0015330 secs] 774642K->472641K(1095044K), 0.0015680 secs] [Times: user=0.01 sys=0.00, real=0.00 secs] 
388.517: Total time for which application threads were stopped: 0.0020160 seconds, Stopping threads took: 0.0000600 seconds
388.587: Application time: 0.0702580 seconds
388.592: [GC388.592: [ParNew: 303398K->1169K(339904K), 0.0015070 secs] 774785K->472557K(1095044K), 0.0015440 secs] [Times: user=0.01 sys=0.00, real=0.00 secs] 
388.593: Total time for which application threads were stopped: 0.0059670 seconds, Stopping threads took: 0.0040590 seconds
388.661: Application time: 0.0680220 seconds
388.662: [GC388.662: [ParNew: 303313K->920K(339904K), 0.0012990 secs] 774701K->472316K(1095044K), 0.0013420 secs] [Times: user=0.01 sys=0.00, real=0.00 secs] 
388.663: Total time for which application threads were stopped: 0.0018220 seconds, Stopping threads took: 0.0000710 seconds
388.731: Application time: 0.0678310 seconds
388.731: [GC388.731: [ParNew: 303064K->1123K(339904K), 0.0013210 secs] 774460K->472526K(1095044K), 0.0013560 secs] [Times: user=0.00 sys=0.00, real=0.00 secs] 
388.733: Total time for which application threads were stopped: 0.0018190 seconds, Stopping threads took: 0.0000450 seconds
388.801: Application time: 0.0680050 seconds
388.804: [GC388.804: [ParNew: 303267K->1126K(339904K), 0.0013540 secs] 774670K->472529K(1095044K), 0.0013890 secs] [Times: user=0.01 sys=0.00, real=0.00 secs] 
388.805: Total time for which application threads were stopped: 0.0043630 seconds, Stopping threads took: 0.0025700 seconds
388.873: Application time: 0.0678790 seconds
388.876: [GC388.876: [ParNew: 303270K->1357K(339904K), 0.0013580 secs] 774673K->472761K(1095044K), 0.0013920 secs] [Times: user=0.01 sys=0.00, real=0.00 secs] 
388.877: Total time for which application threads were stopped: 0.0041330 seconds, Stopping threads took: 0.0023310 seconds
388.945: Application time: 0.0680990 seconds
388.946: [GC388.946: [ParNew: 303501K->1390K(339904K), 0.0013860 secs] 774905K->472793K(1095044K), 0.0014230 secs] [Times: user=0.01 sys=0.00, real=0.00 secs] 
388.947: Total time for which application threads were stopped: 0.0018870 seconds, Stopping threads took: 0.0000550 seconds
389.015: Application time: 0.0684000 seconds
389.016: [GC389.016: [ParNew: 303534K->1276K(339904K), 0.0014230 secs] 774937K->472679K(1095044K), 0.0014600 secs] [Times: user=0.01 sys=0.00, real=0.00 secs] 
389.017: Total time for which application threads were stopped: 0.0019180 seconds, Stopping threads took: 0.0000520 seconds
389.086: Application time: 0.0686140 seconds
389.088: [GC389.088: [ParNew: 303420K->1462K(339904K), 0.0014570 secs] 774823K->472865K(1095044K), 0.0014930 secs] [Times: user=0.01 sys=0.00, real=0.00 secs] 
389.089: Total time for which application threads were stopped: 0.0031750 seconds, Stopping threads took: 0.0012560 seconds
389.157: Application time: 0.0681560 seconds
389.160: [GC389.160: [ParNew: 303606K->1433K(339904K), 0.0013960 secs] 775009K->472836K(1095044K), 0.0014300 secs] [Times: user=0.01 sys=0.00, real=0.00 secs] 
389.161: Total time for which application threads were stopped: 0.0037560 seconds, Stopping threads took: 0.0019210 seconds
389.231: Application time: 0.0703570 seconds
389.232: [GC389.232: [ParNew: 303577K->1174K(339904K), 0.0014430 secs] 774980K->472585K(1095044K), 0.0014790 secs] [Times: user=0.01 sys=0.00, real=0.00 secs] 
389.233: Total time for which application threads were stopped: 0.0019400 seconds, Stopping threads took: 0.0000570 seconds
389.303: Application time: 0.0693020 seconds
389.303: [GC389.303: [ParNew: 303318K->1240K(339904K), 0.0015550 secs] 774729K->472651K(1095044K), 0.0015910 secs] [Times: user=0.01 sys=0.00, real=0.00 secs] 
389.305: Total time for which application threads were stopped: 0.0020410 seconds, Stopping threads took: 0.0000530 seconds
389.373: Application time: 0.0685470 seconds
389.374: [GC389.374: [ParNew: 303384K->1037K(339904K), 0.0015110 secs] 774795K->472464K(1095044K), 0.0015460 secs] [Times: user=0.01 sys=0.00, real=0.00 secs] 
389.375: Total time for which application threads were stopped: 0.0020200 seconds, Stopping threads took: 0.0000650 seconds
389.444: Application time: 0.0686670 seconds
389.448: [GC389.448: [ParNew: 303181K->1145K(339904K), 0.0014390 secs] 774608K->472580K(1095044K), 0.0014720 secs] [Times: user=0.01 sys=0.00, real=0.00 secs] 
389.449: Total time for which application threads were stopped: 0.0051460 seconds, Stopping threads took: 0.0032710 seconds
389.518: Application time: 0.0691500 seconds
389.520: [GC389.520: [ParNew: 303289K->1103K(339904K), 0.0013920 secs] 774724K->472538K(1095044K), 0.0014310 secs] [Times: user=0.01 sys=0.00, real=0.00 secs] 
389.521: Total time for which application threads were stopped: 0.0028110 seconds, Stopping threads took: 0.0009880 seconds
389.590: Application time: 0.0688010 seconds
389.592: [GC389.592: [ParNew: 303247K->1046K(339904K), 0.0013360 secs] 774682K->472481K(1095044K), 0.0013710 secs] [Times: user=0.01 sys=0.00, real=0.00 secs] 
389.593: Total time for which application threads were stopped: 0.0031520 seconds, Stopping threads took: 0.0013550 seconds
389.661: Application time: 0.0677580 seconds
389.664: [GC389.664: [ParNew: 303190K->993K(339904K), 0.0013220 secs] 774625K->472444K(1095044K), 0.0013550 secs] [Times: user=0.01 sys=0.00, real=0.00 secs] 
389.665: Total time for which application threads were stopped: 0.0041900 seconds, Stopping threads took: 0.0024360 seconds
389.733: Application time: 0.0678670 seconds
389.736: [GC389.736: [ParNew: 303137K->1208K(339904K), 0.0013640 secs] 774588K->472659K(1095044K), 0.0013980 secs] [Times: user=0.01 sys=0.00, real=0.00 secs] 
389.737: Total time for which application threads were stopped: 0.0041720 seconds, Stopping threads took: 0.0023770 seconds
389.805: Application time: 0.0682830 seconds
389.806: [GC389.806: [ParNew: 303352K->1349K(339904K), 0.0014080 secs] 774803K->472800K(1095044K), 0.0014490 secs] [Times: user=0.01 sys=0.00, real=0.01 secs] 
389.807: Total time for which application threads were stopped: 0.0018980 seconds, Stopping threads took: 0.0000500 seconds
389.875: Application time: 0.0678490 seconds
389.880: [GC389.880: [ParNew: 303493K->1270K(339904K), 0.0013780 secs] 774944K->472721K(1095044K), 0.0014110 secs] [Times: user=0.01 sys=0.00, real=0.00 secs] 
389.881: Total time for which application threads were stopped: 0.0058870 seconds, Stopping threads took: 0.0040780 seconds
389.950: Application time: 0.0688280 seconds
389.952: [GC389.952: [ParNew: 303414K->1163K(339904K), 0.0014280 secs] 774865K->472615K(1095044K), 0.0014630 secs] [Times: user=0.01 sys=0.00, real=0.00 secs] 
389.953: Total time for which application threads were stopped: 0.0033170 seconds, Stopping threads took: 0.0014530 seconds
390.021: Application time: 0.0681750 seconds
390.022: [GC390.022: [ParNew: 303307K->1154K(339904K), 0.0015140 secs] 774759K->472605K(1095044K), 0.0015510 secs] [Times: user=0.01 sys=0.00, real=0.00 secs] 
390.023: Total time for which application threads were stopped: 0.0020000 seconds, Stopping threads took: 0.0000450 seconds
390.092: Application time: 0.0682300 seconds
390.092: [GC390.092: [ParNew: 303298K->1304K(339904K), 0.0015440 secs] 774749K->472755K(1095044K), 0.0015790 secs] [Times: user=0.01 sys=0.00, real=0.00 secs] 
390.094: Total time for which application threads were stopped: 0.0020360 seconds, Stopping threads took: 0.0000530 seconds
390.163: Application time: 0.0689590 seconds
390.164: [GC390.164: [ParNew: 303448K->1306K(339904K), 0.0014860 secs] 774899K->472765K(1095044K), 0.0015170 secs] [Times: user=0.01 sys=0.00, real=0.00 secs] 
390.165: Total time for which application threads were stopped: 0.0026620 seconds, Stopping threads took: 0.0007190 seconds
390.235: Application time: 0.0694300 seconds
390.235: [GC390.235: [ParNew: 303450K->1117K(339904K), 0.0014720 secs] 774909K->472576K(1095044K), 0.0015060 secs] [Times: user=0.01 sys=0.00, real=0.00 secs] 
390.237: Total time for which application threads were stopped: 0.0019660 seconds, Stopping threads took: 0.0000570 seconds
390.305: Application time: 0.0687740 seconds
390.308: [GC390.308: [ParNew: 303261K->1188K(339904K), 0.0014270 secs] 774720K->472655K(1095044K), 0.0014600 secs] [Times: user=0.01 sys=0.01, real=0.00 secs] 
390.309: Total time for which application threads were stopped: 0.0037370 seconds, Stopping threads took: 0.0018790 seconds
390.378: Application time: 0.0690150 seconds
390.379: [GC390.379: [ParNew: 303332K->1331K(339904K), 0.0015190 secs] 774799K->472807K(1095044K), 0.0015550 secs] [Times: user=0.02 sys=0.00, real=0.01 secs] 
390.380: Total time for which application threads were stopped: 0.0019830 seconds, Stopping threads took: 0.0000570 seconds
390.449: Application time: 0.0685280 seconds
390.452: [GC390.452: [ParNew: 303475K->1018K(339904K), 0.0015250 secs] 774951K->472493K(1095044K), 0.0015590 secs] [Times: user=0.02 sys=0.00, real=0.00 secs] 
390.453: Total time for which application threads were stopped: 0.0045510 seconds, Stopping threads took: 0.0025910 seconds
390.522: Application time: 0.0687470 seconds
390.524: [GC390.524: [ParNew: 303162K->1104K(339904K), 0.0014320 secs] 774637K->472579K(1095044K), 0.0014640 secs] [Times: user=0.01 sys=0.00, real=0.00 secs] 
390.525: Total time for which application threads were stopped: 0.0031620 seconds, Stopping threads took: 0.0012930 seconds
390.593: Application time: 0.0682660 seconds
390.596: [GC390.596: [ParNew: 303248K->1010K(339904K), 0.0014020 secs] 774723K->472494K(1095044K), 0.0014370 secs] [Times: user=0.01 sys=0.00, real=0.00 secs] 
390.597: Total time for which application threads were stopped: 0.0037000 seconds, Stopping threads took: 0.0018570 seconds
390.666: Application time: 0.0688800 seconds
390.666: [GC390.666: [ParNew: 303154K->1126K(339904K), 0.0014180 secs] 774638K->472618K(1095044K), 0.0014520 secs] [Times: user=0.01 sys=0.00, real=0.01 secs] 
390.668: Total time for which application threads were stopped: 0.0019370 seconds, Stopping threads took: 0.0000500 seconds
390.736: Application time: 0.0679810 seconds
390.740: [GC390.740: [ParNew: 303270K->1253K(339904K), 0.0014110 secs] 774762K->472745K(1095044K), 0.0014460 secs] [Times: user=0.01 sys=0.00, real=0.00 secs] 
390.741: Total time for which application threads were stopped: 0.0052140 seconds, Stopping threads took: 0.0033480 seconds
390.809: Application time: 0.0683460 seconds
390.810: [GC390.810: [ParNew: 303397K->1203K(339904K), 0.0014470 secs] 774889K->472695K(1095044K), 0.0014840 secs] [Times: user=0.01 sys=0.00, real=0.00 secs] 
390.811: Total time for which application threads were stopped: 0.0019480 seconds, Stopping threads took: 0.0000560 seconds
390.880: Application time: 0.0685210 seconds
390.880: [GC390.880: [ParNew: 303347K->1191K(339904K), 0.0014020 secs] 774839K->472683K(1095044K), 0.0014370 secs] [Times: user=0.01 sys=0.00, real=0.00 secs] 
390.882: Total time for which application threads were stopped: 0.0018910 seconds, Stopping threads took: 0.0000470 seconds
390.950: Application time: 0.0681680 seconds
390.950: [GC390.950: [ParNew: 303335K->1288K(339904K), 0.0014010 secs] 774827K->472779K(1095044K), 0.0014380 secs] [Times: user=0.01 sys=0.00, real=0.00 secs] 
390.952: Total time for which application threads were stopped: 0.0018910 seconds, Stopping threads took: 0.0000510 seconds
391.020: Application time: 0.0683450 seconds
391.021: [GC391.021: [ParNew: 303432K->1421K(339904K), 0.0014140 secs] 774923K->472921K(1095044K), 0.0014480 secs] [Times: user=0.01 sys=0.00, real=0.00 secs] 
391.022: Total time for which application threads were stopped: 0.0019020 seconds, Stopping threads took: 0.0000490 seconds
391.090: Application time: 0.0682800 seconds
391.091: [GC391.091: [ParNew: 303565K->1360K(339904K), 0.0015620 secs] 775065K->472860K(1095044K), 0.0015980 secs] [Times: user=0.01 sys=0.00, real=0.00 secs] 
391.092: Total time for which application threads were stopped: 0.0020200 seconds, Stopping threads took: 0.0000510 seconds
391.162: Application time: 0.0690660 seconds
391.162: [GC391.162: [ParNew: 303504K->983K(339904K), 0.0014190 secs] 775004K->472483K(1095044K), 0.0014510 secs] [Times: user=0.01 sys=0.00, real=0.00 secs] 
391.163: Total time for which application threads were stopped: 0.0019110 seconds, Stopping threads took: 0.0000550 seconds
391.233: Application time: 0.0695340 seconds
391.236: [GC391.236: [ParNew: 303127K->974K(339904K), 0.0013630 secs] 774627K->472481K(1095044K), 0.0013960 secs] [Times: user=0.01 sys=0.00, real=0.00 secs] 
391.237: Total time for which application threads were stopped: 0.0040910 seconds, Stopping threads took: 0.0022790 seconds
391.306: Application time: 0.0692980 seconds
391.308: [GC391.308: [ParNew: 303118K->1116K(339904K), 0.0014150 secs] 774625K->472640K(1095044K), 0.0014560 secs] [Times: user=0.01 sys=0.00, real=0.00 secs] 
391.309: Total time for which application threads were stopped: 0.0027400 seconds, Stopping threads took: 0.0008790 seconds
391.378: Application time: 0.0686200 seconds
391.378: [GC391.378: [ParNew: 303260K->1186K(339904K), 0.0014440 secs] 774784K->472710K(1095044K), 0.0014790 secs] [Times: user=0.01 sys=0.00, real=0.01 secs] 
391.380: Total time for which application threads were stopped: 0.0019350 seconds, Stopping threads took: 0.0000510 seconds
391.448: Application time: 0.0687890 seconds
391.452: [GC391.452: [ParNew: 303330K->1146K(339904K), 0.0013890 secs] 774854K->472669K(1095044K), 0.0014220 secs] [Times: user=0.01 sys=0.00, real=0.00 secs] 
391.453: Total time for which application threads were stopped: 0.0046140 seconds, Stopping threads took: 0.0027890 seconds
391.521: Application time: 0.0683090 seconds
391.522: [GC391.522: [ParNew: 303290K->1072K(339904K), 0.0014020 secs] 774813K->472595K(1095044K), 0.0014400 secs] [Times: user=0.01 sys=0.01, real=0.00 secs] 
391.523: Total time for which application threads were stopped: 0.0018950 seconds, Stopping threads took: 0.0000500 seconds
391.591: Application time: 0.0674340 seconds
391.591: [GC391.591: [ParNew: 303216K->1163K(339904K), 0.0014030 secs] 774739K->472695K(1095044K), 0.0014390 secs] [Times: user=0.01 sys=0.00, real=0.00 secs] 
391.593: Total time for which application threads were stopped: 0.0018950 seconds, Stopping threads took: 0.0000460 seconds
391.661: Application time: 0.0681200 seconds
391.661: [GC391.661: [ParNew: 303307K->1204K(339904K), 0.0013590 secs] 774839K->472743K(1095044K), 0.0013950 secs] [Times: user=0.01 sys=0.00, real=0.00 secs] 
391.663: Total time for which application threads were stopped: 0.0018540 seconds, Stopping threads took: 0.0000540 seconds
391.731: Application time: 0.0680410 seconds
391.732: [GC391.732: [ParNew: 303348K->1261K(339904K), 0.0013710 secs] 774887K->472800K(1095044K), 0.0014050 secs] [Times: user=0.01 sys=0.00, real=0.00 secs] 
391.733: Total time for which application threads were stopped: 0.0024210 seconds, Stopping threads took: 0.0006120 seconds
391.801: Application time: 0.0683850 seconds
391.802: [GC391.802: [ParNew: 303405K->1186K(339904K), 0.0014280 secs] 774944K->472725K(1095044K), 0.0014650 secs] [Times: user=0.01 sys=0.00, real=0.00 secs] 
391.803: Total time for which application threads were stopped: 0.0019360 seconds, Stopping threads took: 0.0000470 seconds
391.871: Application time: 0.0679210 seconds
391.876: [GC391.876: [ParNew: 303330K->1382K(339904K), 0.0013820 secs] 774869K->472921K(1095044K), 0.0014150 secs] [Times: user=0.01 sys=0.00, real=0.00 secs] 
391.877: Total time for which application threads were stopped: 0.0057390 seconds, Stopping threads took: 0.0039240 seconds
391.945: Application time: 0.0682500 seconds
391.946: [GC391.946: [ParNew: 303526K->1167K(339904K), 0.0013820 secs] 775065K->472715K(1095044K), 0.0014170 secs] [Times: user=0.01 sys=0.00, real=0.00 secs] 
391.947: Total time for which application threads were stopped: 0.0018830 seconds, Stopping threads took: 0.0000650 seconds
392.015: Application time: 0.0678560 seconds
392.016: [GC392.016: [ParNew: 303311K->1191K(339904K), 0.0013470 secs] 774859K->472739K(1095044K), 0.0013810 secs] [Times: user=0.01 sys=0.00, real=0.00 secs] 
392.017: Total time for which application threads were stopped: 0.0018410 seconds, Stopping threads took: 0.0000500 seconds
392.087: Application time: 0.0696700 seconds
392.087: [GC392.087: [ParNew: 303335K->1133K(339904K), 0.0014380 secs] 774883K->472688K(1095044K), 0.0014700 secs] [Times: user=0.01 sys=0.00, real=0.01 secs] 
392.089: Total time for which application threads were stopped: 0.0019330 seconds, Stopping threads took: 0.0000580 seconds
392.159: Application time: 0.0706550 seconds
392.164: [GC392.164: [ParNew: 303277K->1174K(339904K), 0.0014190 secs] 774832K->472738K(1095044K), 0.0014550 secs] [Times: user=0.01 sys=0.00, real=0.00 secs] 
392.165: Total time for which application threads were stopped: 0.0059340 seconds, Stopping threads took: 0.0040770 seconds
392.234: Application time: 0.0690280 seconds
392.235: [GC392.235: [ParNew: 303318K->1295K(339904K), 0.0014360 secs] 774882K->472866K(1095044K), 0.0014710 secs] [Times: user=0.01 sys=0.00, real=0.00 secs] 
392.236: Total time for which application threads were stopped: 0.0019280 seconds, Stopping threads took: 0.0000550 seconds
392.304: Application time: 0.0681600 seconds
392.308: [GC392.308: [ParNew: 303439K->1308K(339904K), 0.0013990 secs] 775010K->472879K(1095044K), 0.0014340 secs] [Times: user=0.01 sys=0.00, real=0.00 secs] 
392.309: Total time for which application threads were stopped: 0.0048770 seconds, Stopping threads took: 0.0030110 seconds
392.377: Application time: 0.0683250 seconds
392.380: [GC392.380: [ParNew: 303452K->1470K(339904K), 0.0013930 secs] 775023K->473041K(1095044K), 0.0014270 secs] [Times: user=0.01 sys=0.00, real=0.00 secs] 
392.381: Total time for which application threads were stopped: 0.0036340 seconds, Stopping threads took: 0.0018070 seconds
392.410: Application time: 0.0292580 seconds
392.411: Total time for which application threads were stopped: 0.0005250 seconds, Stopping threads took: 0.0000730 seconds
392.440: Application time: 0.0293360 seconds
392.444: Total time for which application threads were stopped: 0.0034060 seconds, Stopping threads took: 0.0030400 seconds
392.454: Application time: 0.0100600 seconds
392.454: [GC392.454: [ParNew: 303614K->1384K(339904K), 0.0014670 secs] 775185K->472955K(1095044K), 0.0015040 secs] [Times: user=0.01 sys=0.00, real=0.00 secs] 
392.456: Total time for which application threads were stopped: 0.0019710 seconds, Stopping threads took: 0.0000830 seconds
392.523: Application time: 0.0677930 seconds
392.528: [GC392.528: [ParNew: 303528K->1390K(339904K), 0.0013710 secs] 775099K->472969K(1095044K), 0.0014070 secs] [Times: user=0.01 sys=0.00, real=0.00 secs] 
392.529: Total time for which application threads were stopped: 0.0055930 seconds, Stopping threads took: 0.0037830 seconds
392.597: Application time: 0.0679920 seconds
392.597: [GC392.598: [ParNew: 303534K->1250K(339904K), 0.0014750 secs] 775113K->472838K(1095044K), 0.0015090 secs] [Times: user=0.01 sys=0.00, real=0.00 secs] 
392.599: Total time for which application threads were stopped: 0.0019630 seconds, Stopping threads took: 0.0000490 seconds
392.667: Application time: 0.0684770 seconds
392.672: [GC392.672: [ParNew: 303394K->1338K(339904K), 0.0014330 secs] 774982K->472926K(1095044K), 0.0014690 secs] [Times: user=0.01 sys=0.00, real=0.00 secs] 
392.673: Total time for which application threads were stopped: 0.0056340 seconds, Stopping threads took: 0.0037600 seconds
392.742: Application time: 0.0688610 seconds
392.744: [GC392.744: [ParNew: 303482K->1232K(339904K), 0.0014320 secs] 775070K->472819K(1095044K), 0.0014670 secs] [Times: user=0.01 sys=0.00, real=0.00 secs] 
392.745: Total time for which application threads were stopped: 0.0031350 seconds, Stopping threads took: 0.0012680 seconds
392.814: Application time: 0.0684710 seconds
392.816: [GC392.816: [ParNew: 303376K->1315K(339904K), 0.0014140 secs] 774963K->472902K(1095044K), 0.0014490 secs] [Times: user=0.01 sys=0.00, real=0.00 secs] 
392.817: Total time for which application threads were stopped: 0.0035460 seconds, Stopping threads took: 0.0016750 seconds
392.886: Application time: 0.0684030 seconds
392.886: [GC392.886: [ParNew: 303459K->1083K(339904K), 0.0013780 secs] 775046K->472678K(1095044K), 0.0014160 secs] [Times: user=0.00 sys=0.01, real=0.01 secs] 
392.887: Total time for which application threads were stopped: 0.0018680 seconds, Stopping threads took: 0.0000530 seconds
392.956: Application time: 0.0685300 seconds
392.956: [GC392.956: [ParNew: 303227K->1164K(339904K), 0.0014520 secs] 774822K->472760K(1095044K), 0.0014830 secs] [Times: user=0.01 sys=0.00, real=0.00 secs] 
392.958: Total time for which application threads were stopped: 0.0019470 seconds, Stopping threads took: 0.0000580 seconds
393.027: Application time: 0.0686100 seconds
393.027: [GC393.027: [ParNew: 303308K->1235K(339904K), 0.0013960 secs] 774904K->472838K(1095044K), 0.0014370 secs] [Times: user=0.01 sys=0.00, real=0.01 secs] 
393.028: Total time for which application threads were stopped: 0.0018940 seconds, Stopping threads took: 0.0000570 seconds
393.098: Application time: 0.0695370 seconds
393.098: [GC393.098: [ParNew: 303379K->1399K(339904K), 0.0014690 secs] 774982K->473019K(1095044K), 0.0015000 secs] [Times: user=0.01 sys=0.00, real=0.01 secs] 
393.100: Total time for which application threads were stopped: 0.0019470 seconds, Stopping threads took: 0.0000540 seconds
393.168: Application time: 0.0684710 seconds
393.169: [GC393.169: [ParNew: 303543K->1325K(339904K), 0.0013750 secs] 775163K->472945K(1095044K), 0.0014090 secs] [Times: user=0.01 sys=0.00, real=0.00 secs] 
393.170: Total time for which application threads were stopped: 0.0018610 seconds, Stopping threads took: 0.0000490 seconds
393.239: Application time: 0.0692090 seconds
393.244: [GC393.244: [ParNew: 303469K->1211K(339904K), 0.0014010 secs] 775089K->472950K(1095044K), 0.0014340 secs] [Times: user=0.01 sys=0.00, real=0.00 secs] 
393.245: Total time for which application threads were stopped: 0.0056250 seconds, Stopping threads took: 0.0037940 seconds
393.314: Application time: 0.0684840 seconds
393.316: [GC393.316: [ParNew: 303355K->1406K(339904K), 0.0014000 secs] 775094K->473145K(1095044K), 0.0014350 secs] [Times: user=0.01 sys=0.00, real=0.00 secs] 
393.317: Total time for which application threads were stopped: 0.0035200 seconds, Stopping threads took: 0.0016840 seconds
393.385: Application time: 0.0682950 seconds
393.386: [GC393.386: [ParNew: 303550K->1084K(339904K), 0.0013690 secs] 775289K->472823K(1095044K), 0.0014040 secs] [Times: user=0.01 sys=0.00, real=0.01 secs] 
393.387: Total time for which application threads were stopped: 0.0018790 seconds, Stopping threads took: 0.0000630 seconds
393.456: Application time: 0.0683720 seconds
393.456: [GC393.456: [ParNew: 303228K->1164K(339904K), 0.0013770 secs] 774967K->472903K(1095044K), 0.0014140 secs] [Times: user=0.01 sys=0.00, real=0.00 secs] 
393.458: Total time for which application threads were stopped: 0.0018570 seconds, Stopping threads took: 0.0000480 seconds
393.525: Application time: 0.0679530 seconds
393.526: [GC393.526: [ParNew: 303308K->1172K(339904K), 0.0013590 secs] 775047K->472928K(1095044K), 0.0013940 secs] [Times: user=0.01 sys=0.00, real=0.01 secs] 
393.527: Total time for which application threads were stopped: 0.0018360 seconds, Stopping threads took: 0.0000470 seconds
393.596: Application time: 0.0683560 seconds
393.596: [GC393.596: [ParNew: 303316K->987K(339904K), 0.0015360 secs] 775072K->472742K(1095044K), 0.0015640 secs] [Times: user=0.01 sys=0.00, real=0.00 secs] 
393.598: Total time for which application threads were stopped: 0.0020010 seconds, Stopping threads took: 0.0000370 seconds
393.667: Application time: 0.0689520 seconds
393.668: [GC393.668: [ParNew: 303131K->1273K(339904K), 0.0013820 secs] 774886K->473029K(1095044K), 0.0014170 secs] [Times: user=0.01 sys=0.00, real=0.00 secs] 
393.669: Total time for which application threads were stopped: 0.0024680 seconds, Stopping threads took: 0.0006520 seconds
393.738: Application time: 0.0688740 seconds
393.740: [GC393.740: [ParNew: 303417K->1005K(339904K), 0.0013490 secs] 775173K->472761K(1095044K), 0.0013830 secs] [Times: user=0.01 sys=0.00, real=0.00 secs] 
393.741: Total time for which application threads were stopped: 0.0030900 seconds, Stopping threads took: 0.0013070 seconds
393.810: Application time: 0.0689350 seconds
393.812: [GC393.812: [ParNew: 303149K->1104K(339904K), 0.0012710 secs] 774905K->472867K(1095044K), 0.0013040 secs] [Times: user=0.01 sys=0.00, real=0.00 secs] 
393.813: Total time for which application threads were stopped: 0.0029710 seconds, Stopping threads took: 0.0012630 seconds
393.881: Application time: 0.0679450 seconds
393.881: [GC393.881: [ParNew: 303248K->1147K(339904K), 0.0013380 secs] 775011K->472919K(1095044K), 0.0013720 secs] [Times: user=0.01 sys=0.00, real=0.00 secs] 
393.883: Total time for which application threads were stopped: 0.0018260 seconds, Stopping threads took: 0.0000470 seconds
393.951: Application time: 0.0682500 seconds
393.951: [GC393.952: [ParNew: 303291K->1047K(339904K), 0.0015720 secs] 775063K->472826K(1095044K), 0.0016060 secs] [Times: user=0.01 sys=0.00, real=0.00 secs] 
393.953: Total time for which application threads were stopped: 0.0021080 seconds, Stopping threads took: 0.0000750 seconds
394.021: Application time: 0.0680290 seconds
394.022: [GC394.022: [ParNew: 303191K->1199K(339904K), 0.0013770 secs] 774970K->472978K(1095044K), 0.0014120 secs] [Times: user=0.01 sys=0.00, real=0.00 secs] 
394.023: Total time for which application threads were stopped: 0.0018680 seconds, Stopping threads took: 0.0000500 seconds
394.092: Application time: 0.0688990 seconds
394.096: [GC394.096: [ParNew: 303343K->1157K(339904K), 0.0013940 secs] 775122K->472937K(1095044K), 0.0014310 secs] [Times: user=0.01 sys=0.00, real=0.00 secs] 
394.097: Total time for which application threads were stopped: 0.0051790 seconds, Stopping threads took: 0.0033460 seconds
394.165: Application time: 0.0679610 seconds
394.165: [GC394.166: [ParNew: 303301K->1298K(339904K), 0.0013880 secs] 775081K->473077K(1095044K), 0.0014250 secs] [Times: user=0.01 sys=0.00, real=0.00 secs] 
394.167: Total time for which application threads were stopped: 0.0018770 seconds, Stopping threads took: 0.0000540 seconds
394.236: Application time: 0.0688960 seconds
394.236: [GC394.236: [ParNew: 303442K->1379K(339904K), 0.0013860 secs] 775221K->473167K(1095044K), 0.0014210 secs] [Times: user=0.01 sys=0.00, real=0.00 secs] 
394.238: Total time for which application threads were stopped: 0.0018740 seconds, Stopping threads took: 0.0000490 seconds
394.306: Application time: 0.0682010 seconds
394.308: [GC394.308: [ParNew: 303523K->1309K(339904K), 0.0014550 secs] 775311K->473096K(1095044K), 0.0014900 secs] [Times: user=0.01 sys=0.00, real=0.00 secs] 
394.309: Total time for which application threads were stopped: 0.0032320 seconds, Stopping threads took: 0.0013390 seconds
394.378: Application time: 0.0689250 seconds
394.380: [GC394.380: [ParNew: 303453K->992K(339904K), 0.0013890 secs] 775240K->472779K(1095044K), 0.0014250 secs] [Times: user=0.01 sys=0.00, real=0.00 secs] 
394.381: Total time for which application threads were stopped: 0.0030040 seconds, Stopping threads took: 0.0011800 seconds
394.449: Application time: 0.0678650 seconds
394.449: [GC394.449: [ParNew: 303136K->1252K(339904K), 0.0013470 secs] 774923K->473047K(1095044K), 0.0013810 secs] [Times: user=0.01 sys=0.00, real=0.00 secs] 
394.451: Total time for which application threads were stopped: 0.0018360 seconds, Stopping threads took: 0.0000550 seconds
394.521: Application time: 0.0699410 seconds
394.524: [GC394.524: [ParNew: 303396K->1283K(339904K), 0.0014030 secs] 775191K->473087K(1095044K), 0.0014380 secs] [Times: user=0.01 sys=0.00, real=0.00 secs] 
394.525: Total time for which application threads were stopped: 0.0044040 seconds, Stopping threads took: 0.0025490 seconds
394.594: Application time: 0.0685040 seconds
394.594: [GC394.594: [ParNew: 303427K->1376K(339904K), 0.0014020 secs] 775231K->473180K(1095044K), 0.0014380 secs] [Times: user=0.01 sys=0.00, real=0.00 secs] 
394.596: Total time for which application threads were stopped: 0.0018890 seconds, Stopping threads took: 0.0000470 seconds
394.637: Application time: 0.0418080 seconds
394.640: Total time for which application threads were stopped: 0.0022730 seconds, Stopping threads took: 0.0019050 seconds
394.667: Application time: 0.0269000 seconds
394.668: [GC394.668: [ParNew: 303520K->1169K(339904K), 0.0015460 secs] 775324K->472972K(1095044K), 0.0015810 secs] [Times: user=0.01 sys=0.00, real=0.00 secs] 
394.669: Total time for which application threads were stopped: 0.0026800 seconds, Stopping threads took: 0.0007480 seconds
394.738: Application time: 0.0684950 seconds
394.740: [GC394.740: [ParNew: 303313K->1078K(339904K), 0.0014730 secs] 775116K->472890K(1095044K), 0.0015160 secs] [Times: user=0.01 sys=0.00, real=0.00 secs] 
394.741: Total time for which application threads were stopped: 0.0034360 seconds, Stopping threads took: 0.0015480 seconds
394.809: Application time: 0.0682150 seconds
394.810: [GC394.810: [ParNew: 303222K->1088K(339904K), 0.0013860 secs] 775034K->472915K(1095044K), 0.0014290 secs] [Times: user=0.01 sys=0.00, real=0.00 secs] 
394.811: Total time for which application threads were stopped: 0.0018830 seconds, Stopping threads took: 0.0000530 seconds
394.879: Application time: 0.0676080 seconds
394.879: [GC394.879: [ParNew: 303232K->1147K(339904K), 0.0013980 secs] 775059K->472974K(1095044K), 0.0014330 secs] [Times: user=0.01 sys=0.00, real=0.00 secs] 
394.881: Total time for which application threads were stopped: 0.0018880 seconds, Stopping threads took: 0.0000520 seconds
394.949: Application time: 0.0679790 seconds
394.949: [GC394.949: [ParNew: 303291K->1173K(339904K), 0.0014140 secs] 775118K->473000K(1095044K), 0.0014490 secs] [Times: user=0.01 sys=0.00, real=0.00 secs] 
394.951: Total time for which application threads were stopped: 0.0019000 seconds, Stopping threads took: 0.0000520 seconds
395.018: Application time: 0.0678070 seconds
395.020: [GC395.020: [ParNew: 303317K->1363K(339904K), 0.0013790 secs] 775144K->473191K(1095044K), 0.0014150 secs] [Times: user=0.01 sys=0.00, real=0.00 secs] 
395.021: Total time for which application threads were stopped: 0.0026280 seconds, Stopping threads took: 0.0008110 seconds
395.092: Application time: 0.0706860 seconds
395.092: [GC395.092: [ParNew: 303507K->1234K(339904K), 0.0015920 secs] 775335K->473062K(1095044K), 0.0016270 secs] [Times: user=0.01 sys=0.00, real=0.00 secs] 
395.094: Total time for which application threads were stopped: 0.0020910 seconds, Stopping threads took: 0.0000360 seconds
395.162: Application time: 0.0684610 seconds
395.163: [GC395.163: [ParNew: 303378K->1375K(339904K), 0.0014180 secs] 775206K->473218K(1095044K), 0.0014550 secs] [Times: user=0.01 sys=0.00, real=0.00 secs] 
395.164: Total time for which application threads were stopped: 0.0019060 seconds, Stopping threads took: 0.0000490 seconds
395.233: Application time: 0.0689320 seconds
395.236: [GC395.236: [ParNew: 303519K->1451K(339904K), 0.0015000 secs] 775362K->473295K(1095044K), 0.0015340 secs] [Times: user=0.01 sys=0.00, real=0.00 secs] 
395.237: Total time for which application threads were stopped: 0.0040310 seconds, Stopping threads took: 0.0020870 seconds
395.306: Application time: 0.0689380 seconds
395.307: [GC395.307: [ParNew: 303595K->1343K(339904K), 0.0014320 secs] 775439K->473187K(1095044K), 0.0014670 secs] [Times: user=0.01 sys=0.00, real=0.01 secs] 
395.308: Total time for which application threads were stopped: 0.0019300 seconds, Stopping threads took: 0.0000700 seconds
395.377: Application time: 0.0690000 seconds
395.380: [GC395.380: [ParNew: 303487K->1421K(339904K), 0.0014310 secs] 775331K->473265K(1095044K), 0.0014670 secs] [Times: user=0.01 sys=0.00, real=0.00 secs] 
395.381: Total time for which application threads were stopped: 0.0040680 seconds, Stopping threads took: 0.0022030 seconds
395.450: Application time: 0.0688540 seconds
395.452: [GC395.452: [ParNew: 303565K->1198K(339904K), 0.0014250 secs] 775409K->473049K(1095044K), 0.0014600 secs] [Times: user=0.01 sys=0.00, real=0.00 secs] 
395.453: Total time for which application threads were stopped: 0.0031250 seconds, Stopping threads took: 0.0012670 seconds
395.522: Application time: 0.0685510 seconds
395.524: [GC395.524: [ParNew: 303342K->1151K(339904K), 0.0014080 secs] 775193K->473002K(1095044K), 0.0014440 secs] [Times: user=0.01 sys=0.00, real=0.00 secs] 
395.525: Total time for which application threads were stopped: 0.0034340 seconds, Stopping threads took: 0.0015870 seconds
395.594: Application time: 0.0692240 seconds
395.596: [GC395.596: [ParNew: 303295K->1015K(339904K), 0.0014030 secs] 775146K->473034K(1095044K), 0.0014350 secs] [Times: user=0.01 sys=0.00, real=0.00 secs] 
395.597: Total time for which application threads were stopped: 0.0028040 seconds, Stopping threads took: 0.0009490 seconds
395.668: Application time: 0.0704020 seconds
395.668: [GC395.668: [ParNew: 303159K->921K(339904K), 0.0014280 secs] 775178K->472941K(1095044K), 0.0014690 secs] [Times: user=0.01 sys=0.00, real=0.00 secs] 
395.669: Total time for which application threads were stopped: 0.0019260 seconds, Stopping threads took: 0.0000560 seconds
395.739: Application time: 0.0694320 seconds
395.739: [GC395.739: [ParNew: 303065K->892K(339904K), 0.0014840 secs] 775085K->472928K(1095044K), 0.0015180 secs] [Times: user=0.01 sys=0.00, real=0.00 secs] 
395.741: Total time for which application threads were stopped: 0.0019510 seconds, Stopping threads took: 0.0000660 seconds
395.810: Application time: 0.0689080 seconds
395.810: [GC395.810: [ParNew: 303036K->1014K(339904K), 0.0013910 secs] 775072K->473057K(1095044K), 0.0014260 secs] [Times: user=0.01 sys=0.00, real=0.00 secs] 
395.812: Total time for which application threads were stopped: 0.0018450 seconds, Stopping threads took: 0.0000510 seconds
395.880: Application time: 0.0687540 seconds
395.881: [GC395.881: [ParNew: 303158K->1127K(339904K), 0.0013490 secs] 775201K->473178K(1095044K), 0.0013830 secs] [Times: user=0.01 sys=0.00, real=0.00 secs] 
395.882: Total time for which application threads were stopped: 0.0018300 seconds, Stopping threads took: 0.0000470 seconds
395.951: Application time: 0.0692570 seconds
395.952: [GC395.952: [ParNew: 303271K->1233K(339904K), 0.0013880 secs] 775322K->473293K(1095044K), 0.0014220 secs] [Times: user=0.01 sys=0.00, real=0.00 secs] 
395.953: Total time for which application threads were stopped: 0.0018760 seconds, Stopping threads took: 0.0000490 seconds
396.024: Application time: 0.0704860 seconds
396.024: [GC396.024: [ParNew: 303377K->1248K(339904K), 0.0013830 secs] 775437K->473316K(1095044K), 0.0014170 secs] [Times: user=0.01 sys=0.00, real=0.00 secs] 
396.026: Total time for which application threads were stopped: 0.0018770 seconds, Stopping threads took: 0.0000590 seconds
396.102: Application time: 0.0764900 seconds
396.103: [GC396.103: [ParNew: 303392K->899K(339904K), 0.0013190 secs] 775460K->472975K(1095044K), 0.0013560 secs] [Times: user=0.01 sys=0.00, real=0.00 secs] 
396.104: Total time for which application threads were stopped: 0.0018080 seconds, Stopping threads took: 0.0000300 seconds
396.190: Application time: 0.0855450 seconds
396.190: [GC396.190: [ParNew: 303043K->724K(339904K), 0.0013150 secs] 775119K->472824K(1095044K), 0.0013470 secs] [Times: user=0.01 sys=0.00, real=0.00 secs] 
396.191: Total time for which application threads were stopped: 0.0018040 seconds, Stopping threads took: 0.0000540 seconds
396.266: Application time: 0.0750980 seconds
396.267: Total time for which application threads were stopped: 0.0003840 seconds, Stopping threads took: 0.0000250 seconds
396.272: Application time: 0.0052420 seconds
396.272: Total time for which application threads were stopped: 0.0002210 seconds, Stopping threads took: 0.0000110 seconds
396.279: Application time: 0.0066950 seconds
396.279: Total time for which application threads were stopped: 0.0002210 seconds, Stopping threads took: 0.0000200 seconds
396.284: Application time: 0.0051920 seconds
396.285: Total time for which application threads were stopped: 0.0001420 seconds, Stopping threads took: 0.0000060 seconds
396.349: Application time: 0.0640850 seconds
396.349: Total time for which application threads were stopped: 0.0004500 seconds, Stopping threads took: 0.0000080 seconds
396.357: Application time: 0.0073950 seconds
396.357: Total time for which application threads were stopped: 0.0002100 seconds, Stopping threads took: 0.0000050 seconds
396.467: Application time: 0.1106860 seconds
396.468: Total time for which application threads were stopped: 0.0003770 seconds, Stopping threads took: 0.0000140 seconds
396.996: Application time: 0.5282600 seconds
396.996: Total time for which application threads were stopped: 0.0003840 seconds, Stopping threads took: 0.0000120 seconds
396.998: Application time: 0.0019300 seconds
396.999: Total time for which application threads were stopped: 0.0001500 seconds, Stopping threads took: 0.0000080 seconds
Heap
 par new generation   total 339904K, used 128136K [0x0000000080c00000, 0x0000000097cd0000, 0x00000000a9750000)
  eden space 302144K,  42% used [0x0000000080c00000, 0x000000008886d0c8, 0x0000000093310000)
  from space 37760K,   1% used [0x00000000957f0000, 0x00000000958a5260, 0x0000000097cd0000)
  to   space 37760K,   0% used [0x0000000093310000, 0x0000000093310000, 0x00000000957f0000)
 tenured generation   total 755140K, used 472099K [0x00000000a9750000, 0x00000000d78c1000, 0x00000000fae00000)
   the space 755140K,  62% used [0x00000000a9750000, 0x00000000c6458de8, 0x00000000c6458e00, 0x00000000d78c1000)
 compacting perm gen  total 21248K, used 21104K [0x00000000fae00000, 0x00000000fc2c0000, 0x0000000100000000)
   the space 21248K,  99% used [0x00000000fae00000, 0x00000000fc29c178, 0x00000000fc29c200, 0x00000000fc2c0000)
No shared spaces configured.
396.999: Application time: 0.0001770 seconds
